Java HotSpot(TM) 64-Bit Server VM (24.80-b11) for linux-amd64 JRE (1.7.0_80-b15), built on Apr 10 2015 19:53:14 by "java_re" with gcc 4.3.0 20080428 (Red Hat 4.3.0-8)
Memory: 4k page, physical 8000092k(5231892k free), swap 8218620k(8218620k free)
CommandLine flags: -XX:InitialHeapSize=25048064 -XX:MaxHeapSize=25048064 -XX:+PrintGC -XX:+PrintGCApplicationConcurrentTime -XX:+PrintGCApplicationStoppedTime -XX:+PrintGCDetails -XX:+PrintGCTimeStamps -XX:-UseAdaptiveSizePolicy -XX:+UseCompressedOops -XX:+UseParNewGC 
1.007: Application time: 0.9850490 seconds
1.007: Total time for which application threads were stopped: 0.0000430 seconds, Stopping threads took: 0.0000110 seconds
4.027: Application time: 3.0203680 seconds
4.027: Total time for which application threads were stopped: 0.0000690 seconds, Stopping threads took: 0.0000120 seconds
14.676: Application time: 10.6491840 seconds
14.676: Total time for which application threads were stopped: 0.0000240 seconds, Stopping threads took: 0.0000080 seconds
14.676: Application time: 0.0000130 seconds
14.676: Total time for which application threads were stopped: 0.0000080 seconds, Stopping threads took: 0.0000030 seconds
14.678: Application time: 0.0013790 seconds
14.678: Total time for which application threads were stopped: 0.0000110 seconds, Stopping threads took: 0.0000040 seconds
14.680: Application time: 0.0022050 seconds
14.680: [GC14.680: [ParNew: 6588K->768K(7360K), 0.0016290 secs] 6588K->2444K(23744K), 0.0016610 secs] [Times: user=0.01 sys=0.00, real=0.00 secs] 
14.682: Total time for which application threads were stopped: 0.0017090 seconds, Stopping threads took: 0.0000040 seconds
14.682: Application time: 0.0001080 seconds
14.682: Total time for which application threads were stopped: 0.0000620 seconds, Stopping threads took: 0.0000500 seconds
14.682: Application time: 0.0000590 seconds
14.682: Total time for which application threads were stopped: 0.0000170 seconds, Stopping threads took: 0.0000100 seconds
14.682: Application time: 0.0000660 seconds
14.682: Total time for which application threads were stopped: 0.0000260 seconds, Stopping threads took: 0.0000190 seconds
14.682: Application time: 0.0000380 seconds
14.682: Total time for which application threads were stopped: 0.0000180 seconds, Stopping threads took: 0.0000130 seconds
14.682: Application time: 0.0000140 seconds
14.682: Total time for which application threads were stopped: 0.0000180 seconds, Stopping threads took: 0.0000140 seconds
14.682: Application time: 0.0000130 seconds
14.682: Total time for which application threads were stopped: 0.0000210 seconds, Stopping threads took: 0.0000170 seconds
14.682: Application time: 0.0000520 seconds
14.682: Total time for which application threads were stopped: 0.0000160 seconds, Stopping threads took: 0.0000100 seconds
14.682: Application time: 0.0000090 seconds
14.682: Total time for which application threads were stopped: 0.0000130 seconds, Stopping threads took: 0.0000090 seconds
14.682: Application time: 0.0000100 seconds
14.682: Total time for which application threads were stopped: 0.0000130 seconds, Stopping threads took: 0.0000090 seconds
14.682: Application time: 0.0000090 seconds
14.682: Total time for which application threads were stopped: 0.0000080 seconds, Stopping threads took: 0.0000050 seconds
14.682: Application time: 0.0000090 seconds
14.682: Total time for which application threads were stopped: 0.0000080 seconds, Stopping threads took: 0.0000050 seconds
14.682: Application time: 0.0000090 seconds
14.682: Total time for which application threads were stopped: 0.0000070 seconds, Stopping threads took: 0.0000030 seconds
14.682: Application time: 0.0000100 seconds
14.682: Total time for which application threads were stopped: 0.0000070 seconds, Stopping threads took: 0.0000040 seconds
14.682: Application time: 0.0000090 seconds
14.682: Total time for which application threads were stopped: 0.0000170 seconds, Stopping threads took: 0.0000130 seconds
14.682: Application time: 0.0000090 seconds
14.682: Total time for which application threads were stopped: 0.0000130 seconds, Stopping threads took: 0.0000090 seconds
14.682: Application time: 0.0000100 seconds
14.682: Total time for which application threads were stopped: 0.0000080 seconds, Stopping threads took: 0.0000050 seconds
14.682: Application time: 0.0000090 seconds
14.682: Total time for which application threads were stopped: 0.0000130 seconds, Stopping threads took: 0.0000090 seconds
14.682: Application time: 0.0000100 seconds
14.682: Total time for which application threads were stopped: 0.0000070 seconds, Stopping threads took: 0.0000040 seconds
14.682: Application time: 0.0000090 seconds
14.682: Total time for which application threads were stopped: 0.0000100 seconds, Stopping threads took: 0.0000050 seconds
14.682: Application time: 0.0000100 seconds
14.682: Total time for which application threads were stopped: 0.0000100 seconds, Stopping threads took: 0.0000060 seconds
14.682: Application time: 0.0000100 seconds
14.682: Total time for which application threads were stopped: 0.0000250 seconds, Stopping threads took: 0.0000060 seconds
14.699: Application time: 0.0165650 seconds
14.699: Total time for which application threads were stopped: 0.0000370 seconds, Stopping threads took: 0.0000090 seconds
14.713: Application time: 0.0138630 seconds
14.713: [Full GC14.713: [Tenured: 1676K->3167K(16384K), 0.0063780 secs] 5189K->3167K(23744K), [Perm : 5076K->5076K(21248K)], 0.0064320 secs] [Times: user=0.00 sys=0.00, real=0.01 secs] 
14.719: Total time for which application threads were stopped: 0.0064840 seconds, Stopping threads took: 0.0000050 seconds
14.720: Application time: 0.0000600 seconds
14.720: [Full GC14.720: [Tenured: 3167K->3167K(16384K), 0.0053690 secs] 3167K->3167K(23808K), [Perm : 5076K->5076K(21248K)], 0.0053970 secs] [Times: user=0.01 sys=0.00, real=0.01 secs] 
14.725: Total time for which application threads were stopped: 0.0054480 seconds, Stopping threads took: 0.0000060 seconds
14.725: Application time: 0.0000800 seconds
14.725: Total time for which application threads were stopped: 0.0000580 seconds, Stopping threads took: 0.0000470 seconds
14.725: Application time: 0.0000440 seconds
14.725: Total time for which application threads were stopped: 0.0000550 seconds, Stopping threads took: 0.0000470 seconds
14.725: Application time: 0.0000450 seconds
14.725: Total time for which application threads were stopped: 0.0000200 seconds, Stopping threads took: 0.0000130 seconds
14.725: Application time: 0.0000110 seconds
14.725: Total time for which application threads were stopped: 0.0000060 seconds, Stopping threads took: 0.0000030 seconds
14.725: Application time: 0.0000090 seconds
14.725: Total time for which application threads were stopped: 0.0000150 seconds, Stopping threads took: 0.0000110 seconds
14.725: Application time: 0.0000100 seconds
14.725: Total time for which application threads were stopped: 0.0000070 seconds, Stopping threads took: 0.0000040 seconds
14.725: Application time: 0.0000090 seconds
14.725: Total time for which application threads were stopped: 0.0000110 seconds, Stopping threads took: 0.0000080 seconds
14.725: Application time: 0.0000080 seconds
14.725: Total time for which application threads were stopped: 0.0000130 seconds, Stopping threads took: 0.0000090 seconds
14.725: Application time: 0.0000090 seconds
14.725: Total time for which application threads were stopped: 0.0000070 seconds, Stopping threads took: 0.0000040 seconds
14.725: Application time: 0.0000090 seconds
14.725: Total time for which application threads were stopped: 0.0000080 seconds, Stopping threads took: 0.0000040 seconds
14.725: Application time: 0.0000080 seconds
14.725: Total time for which application threads were stopped: 0.0000130 seconds, Stopping threads took: 0.0000090 seconds
14.725: Application time: 0.0000090 seconds
14.725: Total time for which application threads were stopped: 0.0000130 seconds, Stopping threads took: 0.0000090 seconds
14.725: Application time: 0.0000090 seconds
14.725: Total time for which application threads were stopped: 0.0000130 seconds, Stopping threads took: 0.0000100 seconds
14.725: Application time: 0.0000080 seconds
14.725: Total time for which application threads were stopped: 0.0000140 seconds, Stopping threads took: 0.0000110 seconds
14.726: Application time: 0.0000080 seconds
14.726: Total time for which application threads were stopped: 0.0000150 seconds, Stopping threads took: 0.0000110 seconds
14.726: Application time: 0.0000090 seconds
14.726: Total time for which application threads were stopped: 0.0000140 seconds, Stopping threads took: 0.0000110 seconds
14.726: Application time: 0.0000080 seconds
14.726: Total time for which application threads were stopped: 0.0000060 seconds, Stopping threads took: 0.0000030 seconds
14.726: Application time: 0.0000080 seconds
14.726: Total time for which application threads were stopped: 0.0000120 seconds, Stopping threads took: 0.0000090 seconds
14.726: Application time: 0.0000080 seconds
14.726: Total time for which application threads were stopped: 0.0000320 seconds, Stopping threads took: 0.0000210 seconds
14.797: Application time: 0.0713700 seconds
14.797: Total time for which application threads were stopped: 0.0000720 seconds, Stopping threads took: 0.0000370 seconds
14.797: Application time: 0.0001920 seconds
14.797: Total time for which application threads were stopped: 0.0000680 seconds, Stopping threads took: 0.0000540 seconds
14.798: Application time: 0.0007100 seconds
14.798: Total time for which application threads were stopped: 0.0000320 seconds, Stopping threads took: 0.0000220 seconds
14.804: Application time: 0.0055750 seconds
14.804: Total time for which application threads were stopped: 0.0000470 seconds, Stopping threads took: 0.0000260 seconds
14.805: Application time: 0.0009120 seconds
14.805: Total time for which application threads were stopped: 0.0000290 seconds, Stopping threads took: 0.0000150 seconds
14.810: Application time: 0.0050520 seconds
14.810: Total time for which application threads were stopped: 0.0000380 seconds, Stopping threads took: 0.0000190 seconds
14.814: Application time: 0.0039930 seconds
14.814: Total time for which application threads were stopped: 0.0000220 seconds, Stopping threads took: 0.0000120 seconds
14.820: Application time: 0.0058440 seconds
14.820: Total time for which application threads were stopped: 0.0000280 seconds, Stopping threads took: 0.0000120 seconds
14.820: Application time: 0.0000520 seconds
14.820: Total time for which application threads were stopped: 0.0000170 seconds, Stopping threads took: 0.0000070 seconds
14.820: Application time: 0.0000580 seconds
14.820: Total time for which application threads were stopped: 0.0000170 seconds, Stopping threads took: 0.0000070 seconds
14.825: Application time: 0.0055570 seconds
14.825: Total time for which application threads were stopped: 0.0000590 seconds, Stopping threads took: 0.0000090 seconds
14.829: Application time: 0.0036540 seconds
14.829: Total time for which application threads were stopped: 0.0000280 seconds, Stopping threads took: 0.0000180 seconds
14.834: Application time: 0.0049480 seconds
14.834: [GC14.834: [ParNew: 6650K->768K(7424K), 0.0007110 secs] 9817K->4141K(23808K), 0.0007350 secs] [Times: user=0.00 sys=0.01, real=0.00 secs] 
14.835: Total time for which application threads were stopped: 0.0007780 seconds, Stopping threads took: 0.0000060 seconds
14.835: Application time: 0.0000790 seconds
14.835: Total time for which application threads were stopped: 0.0000600 seconds, Stopping threads took: 0.0000460 seconds
14.835: Application time: 0.0000620 seconds
14.835: Total time for which application threads were stopped: 0.0000120 seconds, Stopping threads took: 0.0000050 seconds
14.835: Application time: 0.0000430 seconds
14.835: Total time for which application threads were stopped: 0.0000120 seconds, Stopping threads took: 0.0000060 seconds
14.835: Application time: 0.0000180 seconds
14.835: Total time for which application threads were stopped: 0.0000090 seconds, Stopping threads took: 0.0000040 seconds
14.835: Application time: 0.0000340 seconds
14.835: Total time for which application threads were stopped: 0.0000120 seconds, Stopping threads took: 0.0000050 seconds
14.848: Application time: 0.0128050 seconds
14.848: Total time for which application threads were stopped: 0.0000320 seconds, Stopping threads took: 0.0000080 seconds
14.848: Application time: 0.0000630 seconds
14.848: Total time for which application threads were stopped: 0.0000600 seconds, Stopping threads took: 0.0000490 seconds
14.848: Application time: 0.0000620 seconds
14.848: Total time for which application threads were stopped: 0.0000180 seconds, Stopping threads took: 0.0000060 seconds
14.848: Application time: 0.0000410 seconds
14.848: Total time for which application threads were stopped: 0.0000500 seconds, Stopping threads took: 0.0000400 seconds
14.848: Application time: 0.0000160 seconds
14.848: Total time for which application threads were stopped: 0.0000180 seconds, Stopping threads took: 0.0000120 seconds
14.848: Application time: 0.0000150 seconds
14.848: Total time for which application threads were stopped: 0.0000100 seconds, Stopping threads took: 0.0000050 seconds
14.849: Application time: 0.0001820 seconds
14.849: Total time for which application threads were stopped: 0.0000090 seconds, Stopping threads took: 0.0000030 seconds
14.850: Application time: 0.0011450 seconds
14.850: Total time for which application threads were stopped: 0.0000230 seconds, Stopping threads took: 0.0000140 seconds
14.850: Application time: 0.0000230 seconds
14.850: Total time for which application threads were stopped: 0.0000210 seconds, Stopping threads took: 0.0000110 seconds
14.872: Application time: 0.0223950 seconds
14.872: Total time for which application threads were stopped: 0.0000370 seconds, Stopping threads took: 0.0000190 seconds
14.872: Application time: 0.0000670 seconds
14.872: Total time for which application threads were stopped: 0.0000510 seconds, Stopping threads took: 0.0000390 seconds
14.872: Application time: 0.0000410 seconds
14.872: Total time for which application threads were stopped: 0.0000490 seconds, Stopping threads took: 0.0000170 seconds
14.872: Application time: 0.0000220 seconds
14.872: Total time for which application threads were stopped: 0.0000300 seconds, Stopping threads took: 0.0000230 seconds
14.873: Application time: 0.0000920 seconds
14.873: Total time for which application threads were stopped: 0.0000150 seconds, Stopping threads took: 0.0000040 seconds
14.873: Application time: 0.0003440 seconds
14.873: Total time for which application threads were stopped: 0.0000480 seconds, Stopping threads took: 0.0000380 seconds
14.873: Application time: 0.0000470 seconds
14.873: Total time for which application threads were stopped: 0.0000340 seconds, Stopping threads took: 0.0000260 seconds
14.873: Application time: 0.0000790 seconds
14.873: Total time for which application threads were stopped: 0.0000120 seconds, Stopping threads took: 0.0000060 seconds
14.879: Application time: 0.0061360 seconds
14.879: Total time for which application threads were stopped: 0.0000580 seconds, Stopping threads took: 0.0000440 seconds
14.888: Application time: 0.0082150 seconds
14.888: [GC14.888: [ParNew: 7424K->768K(7424K), 0.0013630 secs] 10797K->5869K(23808K), 0.0014020 secs] [Times: user=0.00 sys=0.00, real=0.00 secs] 
14.889: Total time for which application threads were stopped: 0.0014880 seconds, Stopping threads took: 0.0000390 seconds
14.890: Application time: 0.0007280 seconds
14.890: Total time for which application threads were stopped: 0.0000820 seconds, Stopping threads took: 0.0000460 seconds
14.890: Application time: 0.0000410 seconds
14.890: Total time for which application threads were stopped: 0.0000460 seconds, Stopping threads took: 0.0000320 seconds
14.941: Application time: 0.0511080 seconds
14.941: [GC14.941: [ParNew: 7424K->320K(7424K), 0.0004550 secs] 12525K->5422K(23808K), 0.0004800 secs] [Times: user=0.01 sys=0.00, real=0.00 secs] 
14.942: Total time for which application threads were stopped: 0.0006670 seconds, Stopping threads took: 0.0001230 seconds
14.990: Application time: 0.0480630 seconds
14.990: [GC14.990: [ParNew: 6976K->271K(7424K), 0.0003870 secs] 12078K->5373K(23808K), 0.0004200 secs] [Times: user=0.00 sys=0.00, real=0.00 secs] 
14.990: Total time for which application threads were stopped: 0.0005400 seconds, Stopping threads took: 0.0000530 seconds
15.031: Application time: 0.0406410 seconds
15.031: [GC15.031: [ParNew: 6927K->219K(7424K), 0.0003610 secs] 12029K->5321K(23808K), 0.0003840 secs] [Times: user=0.00 sys=0.00, real=0.00 secs] 
15.032: Total time for which application threads were stopped: 0.0005370 seconds, Stopping threads took: 0.0001120 seconds
15.073: Application time: 0.0419140 seconds
15.074: [GC15.074: [ParNew: 6875K->240K(7424K), 0.0004250 secs] 11977K->5341K(23808K), 0.0004510 secs] [Times: user=0.00 sys=0.01, real=0.01 secs] 
15.074: Total time for which application threads were stopped: 0.0005970 seconds, Stopping threads took: 0.0000720 seconds
15.119: Application time: 0.0450620 seconds
15.119: [GC15.119: [ParNew: 6896K->245K(7424K), 0.0003720 secs] 11997K->5347K(23808K), 0.0003960 secs] [Times: user=0.00 sys=0.00, real=0.00 secs] 
15.120: Total time for which application threads were stopped: 0.0004800 seconds, Stopping threads took: 0.0000380 seconds
15.161: Application time: 0.0418970 seconds
15.162: [GC15.162: [ParNew: 6901K->256K(7424K), 0.0004400 secs] 12003K->5358K(23808K), 0.0004660 secs] [Times: user=0.01 sys=0.00, real=0.01 secs] 
15.162: Total time for which application threads were stopped: 0.0005730 seconds, Stopping threads took: 0.0000590 seconds
15.210: Application time: 0.0479850 seconds
15.210: [GC15.210: [ParNew: 6912K->234K(7424K), 0.0004430 secs] 12014K->5336K(23808K), 0.0004710 secs] [Times: user=0.00 sys=0.00, real=0.00 secs] 
15.211: Total time for which application threads were stopped: 0.0005410 seconds, Stopping threads took: 0.0000160 seconds
15.256: Application time: 0.0457970 seconds
15.256: [GC15.257: [ParNew: 6890K->246K(7424K), 0.0003900 secs] 11992K->5348K(23808K), 0.0004140 secs] [Times: user=0.00 sys=0.01, real=0.00 secs] 
15.257: Total time for which application threads were stopped: 0.0005280 seconds, Stopping threads took: 0.0000670 seconds
15.295: Application time: 0.0385540 seconds
15.296: [GC15.296: [ParNew: 6902K->260K(7424K), 0.0003030 secs] 12004K->5361K(23808K), 0.0003240 secs] [Times: user=0.00 sys=0.00, real=0.00 secs] 
15.296: Total time for which application threads were stopped: 0.0004090 seconds, Stopping threads took: 0.0000460 seconds
15.335: Application time: 0.0387980 seconds
15.335: [GC15.335: [ParNew: 6916K->250K(7424K), 0.0003530 secs] 12017K->5352K(23808K), 0.0003780 secs] [Times: user=0.00 sys=0.00, real=0.00 secs] 
15.335: Total time for which application threads were stopped: 0.0004680 seconds, Stopping threads took: 0.0000450 seconds
15.375: Application time: 0.0399090 seconds
15.375: [GC15.375: [ParNew: 6906K->270K(7424K), 0.0004230 secs] 12008K->5372K(23808K), 0.0004470 secs] [Times: user=0.00 sys=0.00, real=0.00 secs] 
15.376: Total time for which application threads were stopped: 0.0005380 seconds, Stopping threads took: 0.0000490 seconds
15.415: Application time: 0.0390310 seconds
15.415: [GC15.415: [ParNew: 6926K->250K(7424K), 0.0003390 secs] 12028K->5352K(23808K), 0.0003620 secs] [Times: user=0.00 sys=0.00, real=0.00 secs] 
15.415: Total time for which application threads were stopped: 0.0004560 seconds, Stopping threads took: 0.0000530 seconds
15.454: Application time: 0.0388120 seconds
15.454: [GC15.454: [ParNew: 6906K->235K(7424K), 0.0003620 secs] 12008K->5337K(23808K), 0.0003840 secs] [Times: user=0.00 sys=0.00, real=0.01 secs] 
15.454: Total time for which application threads were stopped: 0.0004750 seconds, Stopping threads took: 0.0000520 seconds
15.493: Application time: 0.0383830 seconds
15.493: [GC15.493: [ParNew: 6891K->238K(7424K), 0.0004170 secs] 11993K->5340K(23808K), 0.0004390 secs] [Times: user=0.00 sys=0.00, real=0.00 secs] 
15.493: Total time for which application threads were stopped: 0.0005400 seconds, Stopping threads took: 0.0000620 seconds
15.531: Application time: 0.0381580 seconds
15.532: [GC15.532: [ParNew: 6894K->217K(7424K), 0.0003820 secs] 11996K->5383K(23808K), 0.0004100 secs] [Times: user=0.00 sys=0.00, real=0.00 secs] 
15.532: Total time for which application threads were stopped: 0.0005020 seconds, Stopping threads took: 0.0000520 seconds
15.572: Application time: 0.0395750 seconds
15.572: [GC15.572: [ParNew: 6873K->198K(7424K), 0.0003700 secs] 12039K->5427K(23808K), 0.0003920 secs] [Times: user=0.01 sys=0.00, real=0.00 secs] 
15.572: Total time for which application threads were stopped: 0.0004870 seconds, Stopping threads took: 0.0000510 seconds
15.610: Application time: 0.0378540 seconds
15.610: [GC15.610: [ParNew: 6854K->189K(7424K), 0.0002590 secs] 12083K->5475K(23808K), 0.0002780 secs] [Times: user=0.00 sys=0.00, real=0.00 secs] 
15.610: Total time for which application threads were stopped: 0.0003650 seconds, Stopping threads took: 0.0000480 seconds
15.648: Application time: 0.0379460 seconds
15.648: [GC15.648: [ParNew: 6845K->204K(7424K), 0.0002710 secs] 12131K->5505K(23808K), 0.0002920 secs] [Times: user=0.00 sys=0.00, real=0.00 secs] 
15.649: Total time for which application threads were stopped: 0.0003830 seconds, Stopping threads took: 0.0000520 seconds
15.687: Application time: 0.0383370 seconds
15.687: [GC15.687: [ParNew: 6860K->190K(7424K), 0.0002680 secs] 12161K->5556K(23808K), 0.0002900 secs] [Times: user=0.00 sys=0.00, real=0.00 secs] 
15.687: Total time for which application threads were stopped: 0.0003770 seconds, Stopping threads took: 0.0000460 seconds
15.725: Application time: 0.0380040 seconds
15.725: [GC15.725: [ParNew: 6846K->191K(7424K), 0.0002640 secs] 12212K->5556K(23808K), 0.0002850 secs] [Times: user=0.00 sys=0.00, real=0.00 secs] 
15.726: Total time for which application threads were stopped: 0.0003760 seconds, Stopping threads took: 0.0000450 seconds
15.751: Application time: 0.0249990 seconds
15.751: Total time for which application threads were stopped: 0.0000590 seconds, Stopping threads took: 0.0000430 seconds
15.763: Application time: 0.0124070 seconds
15.763: [GC15.763: [ParNew: 6847K->187K(7424K), 0.0002670 secs] 12212K->5569K(23808K), 0.0002860 secs] [Times: user=0.00 sys=0.00, real=0.00 secs] 
15.764: Total time for which application threads were stopped: 0.0003850 seconds, Stopping threads took: 0.0000440 seconds
15.800: Application time: 0.0367040 seconds
15.802: [GC15.802: [ParNew: 6843K->342K(7424K), 0.0003910 secs] 12225K->5780K(23808K), 0.0004210 secs] [Times: user=0.00 sys=0.01, real=0.00 secs] 
15.803: Total time for which application threads were stopped: 0.0022970 seconds, Stopping threads took: 0.0018210 seconds
15.840: Application time: 0.0376900 seconds
15.840: [GC15.840: [ParNew: 6998K->360K(7424K), 0.0003020 secs] 12436K->5798K(23808K), 0.0003240 secs] [Times: user=0.00 sys=0.00, real=0.00 secs] 
15.841: Total time for which application threads were stopped: 0.0004150 seconds, Stopping threads took: 0.0000480 seconds
15.878: Application time: 0.0370760 seconds
15.878: [GC15.878: [ParNew: 7016K->406K(7424K), 0.0002880 secs] 12454K->5844K(23808K), 0.0003060 secs] [Times: user=0.00 sys=0.01, real=0.00 secs] 
15.878: Total time for which application threads were stopped: 0.0003850 seconds, Stopping threads took: 0.0000410 seconds
15.919: Application time: 0.0403910 seconds
15.919: [GC15.919: [ParNew: 7062K->362K(7424K), 0.0003680 secs] 12500K->5903K(23808K), 0.0003930 secs] [Times: user=0.00 sys=0.00, real=0.00 secs] 
15.920: Total time for which application threads were stopped: 0.0010050 seconds, Stopping threads took: 0.0005680 seconds
15.958: Application time: 0.0389210 seconds
15.958: [GC15.959: [ParNew: 7018K->362K(7424K), 0.0003820 secs] 12559K->5904K(23808K), 0.0004060 secs] [Times: user=0.00 sys=0.00, real=0.00 secs] 
15.959: Total time for which application threads were stopped: 0.0004900 seconds, Stopping threads took: 0.0000380 seconds
16.001: Application time: 0.0422550 seconds
16.001: [GC16.001: [ParNew: 7018K->359K(7424K), 0.0004460 secs] 12560K->5901K(23808K), 0.0004740 secs] [Times: user=0.00 sys=0.00, real=0.00 secs] 
16.002: Total time for which application threads were stopped: 0.0005880 seconds, Stopping threads took: 0.0000650 seconds
16.052: Application time: 0.0504710 seconds
16.052: [GC16.052: [ParNew: 7015K->362K(7424K), 0.0004060 secs] 12557K->5904K(23808K), 0.0004390 secs] [Times: user=0.01 sys=0.01, real=0.00 secs] 
16.053: Total time for which application threads were stopped: 0.0005610 seconds, Stopping threads took: 0.0000730 seconds
16.098: Application time: 0.0454000 seconds
16.098: [GC16.098: [ParNew: 7018K->359K(7424K), 0.0004360 secs] 12560K->5900K(23808K), 0.0004670 secs] [Times: user=0.00 sys=0.00, real=0.00 secs] 
16.099: Total time for which application threads were stopped: 0.0006190 seconds, Stopping threads took: 0.0000940 seconds
16.151: Application time: 0.0524370 seconds
16.151: [GC16.151: [ParNew: 7015K->359K(7424K), 0.0004560 secs] 12556K->5901K(23808K), 0.0004820 secs] [Times: user=0.00 sys=0.00, real=0.00 secs] 
16.152: Total time for which application threads were stopped: 0.0006350 seconds, Stopping threads took: 0.0001060 seconds
16.195: Application time: 0.0429200 seconds
16.195: [GC16.195: [ParNew: 7015K->360K(7424K), 0.0004390 secs] 12557K->5902K(23808K), 0.0004640 secs] [Times: user=0.00 sys=0.00, real=0.00 secs] 
16.195: Total time for which application threads were stopped: 0.0005850 seconds, Stopping threads took: 0.0000730 seconds
16.233: Application time: 0.0372930 seconds
16.233: [GC16.233: [ParNew: 7016K->376K(7424K), 0.0003440 secs] 12558K->5918K(23808K), 0.0003690 secs] [Times: user=0.00 sys=0.01, real=0.00 secs] 
16.233: Total time for which application threads were stopped: 0.0004840 seconds, Stopping threads took: 0.0000560 seconds
16.270: Application time: 0.0366380 seconds
16.270: [GC16.270: [ParNew: 7032K->380K(7424K), 0.0003040 secs] 12574K->5921K(23808K), 0.0003220 secs] [Times: user=0.00 sys=0.00, real=0.00 secs] 
16.270: Total time for which application threads were stopped: 0.0004020 seconds, Stopping threads took: 0.0000420 seconds
16.307: Application time: 0.0372470 seconds
16.308: [GC16.308: [ParNew: 7036K->383K(7424K), 0.0002750 secs] 12577K->5925K(23808K), 0.0002920 secs] [Times: user=0.01 sys=0.00, real=0.00 secs] 
16.308: Total time for which application threads were stopped: 0.0003680 seconds, Stopping threads took: 0.0000390 seconds
16.345: Application time: 0.0372650 seconds
16.345: [GC16.345: [ParNew: 7039K->387K(7424K), 0.0003160 secs] 12581K->5929K(23808K), 0.0003370 secs] [Times: user=0.00 sys=0.00, real=0.00 secs] 
16.346: Total time for which application threads were stopped: 0.0004220 seconds, Stopping threads took: 0.0000430 seconds
16.382: Application time: 0.0368360 seconds
16.382: [GC16.382: [ParNew: 7043K->385K(7424K), 0.0002920 secs] 12585K->5927K(23808K), 0.0003090 secs] [Times: user=0.00 sys=0.00, real=0.00 secs] 
16.383: Total time for which application threads were stopped: 0.0003850 seconds, Stopping threads took: 0.0000410 seconds
16.420: Application time: 0.0372350 seconds
16.420: [GC16.420: [ParNew: 7041K->239K(7424K), 0.0002830 secs] 12583K->5969K(23808K), 0.0003010 secs] [Times: user=0.00 sys=0.00, real=0.00 secs] 
16.420: Total time for which application threads were stopped: 0.0003810 seconds, Stopping threads took: 0.0000440 seconds
16.458: Application time: 0.0371540 seconds
16.458: [GC16.458: [ParNew: 6895K->215K(7424K), 0.0002560 secs] 12625K->6001K(23808K), 0.0002730 secs] [Times: user=0.00 sys=0.00, real=0.00 secs] 
16.458: Total time for which application threads were stopped: 0.0003540 seconds, Stopping threads took: 0.0000440 seconds
16.495: Application time: 0.0372320 seconds
16.495: [GC16.495: [ParNew: 6871K->178K(7424K), 0.0002260 secs] 12657K->6036K(23808K), 0.0002440 secs] [Times: user=0.00 sys=0.00, real=0.00 secs] 
16.495: Total time for which application threads were stopped: 0.0003240 seconds, Stopping threads took: 0.0000440 seconds
16.532: Application time: 0.0367310 seconds
16.532: [GC16.532: [ParNew: 6834K->172K(7424K), 0.0002390 secs] 12692K->6094K(23808K), 0.0002570 secs] [Times: user=0.00 sys=0.00, real=0.00 secs] 
16.533: Total time for which application threads were stopped: 0.0003380 seconds, Stopping threads took: 0.0000440 seconds
16.570: Application time: 0.0370570 seconds
16.570: [GC16.570: [ParNew: 6828K->170K(7424K), 0.0002360 secs] 12750K->6092K(23808K), 0.0002610 secs] [Times: user=0.00 sys=0.00, real=0.00 secs] 
16.570: Total time for which application threads were stopped: 0.0003400 seconds, Stopping threads took: 0.0000410 seconds
16.606: Application time: 0.0364020 seconds
16.606: [GC16.606: [ParNew: 6826K->168K(7424K), 0.0002540 secs] 12748K->6154K(23808K), 0.0002720 secs] [Times: user=0.00 sys=0.00, real=0.00 secs] 
16.607: Total time for which application threads were stopped: 0.0003470 seconds, Stopping threads took: 0.0000390 seconds
16.642: Application time: 0.0352170 seconds
16.642: [GC16.642: [ParNew: 6824K->286K(7424K), 0.0002570 secs] 12810K->6272K(23808K), 0.0002750 secs] [Times: user=0.00 sys=0.00, real=0.01 secs] 
16.642: Total time for which application threads were stopped: 0.0003500 seconds, Stopping threads took: 0.0000380 seconds
16.678: Application time: 0.0357180 seconds
16.678: [GC16.678: [ParNew: 6942K->404K(7424K), 0.0002990 secs] 12928K->6390K(23808K), 0.0003210 secs] [Times: user=0.00 sys=0.00, real=0.00 secs] 
16.678: Total time for which application threads were stopped: 0.0004150 seconds, Stopping threads took: 0.0000500 seconds
16.715: Application time: 0.0368250 seconds
16.715: [GC16.715: [ParNew: 7060K->361K(7424K), 0.0003210 secs] 13046K->6435K(23808K), 0.0003400 secs] [Times: user=0.00 sys=0.00, real=0.00 secs] 
16.716: Total time for which application threads were stopped: 0.0004150 seconds, Stopping threads took: 0.0000390 seconds
16.752: Application time: 0.0367890 seconds
16.752: [GC16.752: [ParNew: 7017K->349K(7424K), 0.0002650 secs] 13091K->6423K(23808K), 0.0002820 secs] [Times: user=0.00 sys=0.00, real=0.00 secs] 
16.753: Total time for which application threads were stopped: 0.0003650 seconds, Stopping threads took: 0.0000400 seconds
16.790: Application time: 0.0372630 seconds
16.790: [GC16.790: [ParNew: 7005K->348K(7424K), 0.0002610 secs] 13079K->6422K(23808K), 0.0002790 secs] [Times: user=0.00 sys=0.00, real=0.00 secs] 
16.790: Total time for which application threads were stopped: 0.0003560 seconds, Stopping threads took: 0.0000410 seconds
16.827: Application time: 0.0368850 seconds
16.827: [GC16.827: [ParNew: 7004K->347K(7424K), 0.0002680 secs] 13078K->6421K(23808K), 0.0002860 secs] [Times: user=0.00 sys=0.00, real=0.00 secs] 
16.828: Total time for which application threads were stopped: 0.0003760 seconds, Stopping threads took: 0.0000550 seconds
16.865: Application time: 0.0370020 seconds
16.865: [GC16.865: [ParNew: 7003K->360K(7424K), 0.0003100 secs] 13077K->6434K(23808K), 0.0003280 secs] [Times: user=0.01 sys=0.00, real=0.00 secs] 
16.865: Total time for which application threads were stopped: 0.0004160 seconds, Stopping threads took: 0.0000490 seconds
16.902: Application time: 0.0372750 seconds
16.902: [GC16.902: [ParNew: 7016K->359K(7424K), 0.0002620 secs] 13090K->6433K(23808K), 0.0002790 secs] [Times: user=0.00 sys=0.00, real=0.00 secs] 
16.903: Total time for which application threads were stopped: 0.0003570 seconds, Stopping threads took: 0.0000410 seconds
16.941: Application time: 0.0381370 seconds
16.941: [GC16.941: [ParNew: 7015K->353K(7424K), 0.0003310 secs] 13089K->6428K(23808K), 0.0003520 secs] [Times: user=0.01 sys=0.00, real=0.00 secs] 
16.941: Total time for which application threads were stopped: 0.0004500 seconds, Stopping threads took: 0.0000560 seconds
16.978: Application time: 0.0371610 seconds
16.979: [GC16.979: [ParNew: 7009K->350K(7424K), 0.0003790 secs] 13083K->6424K(23808K), 0.0004020 secs] [Times: user=0.00 sys=0.00, real=0.00 secs] 
16.979: Total time for which application threads were stopped: 0.0004910 seconds, Stopping threads took: 0.0000470 seconds
17.020: Application time: 0.0409590 seconds
17.020: [GC17.020: [ParNew: 7006K->370K(7424K), 0.0004550 secs] 13080K->6444K(23808K), 0.0004830 secs] [Times: user=0.00 sys=0.00, real=0.00 secs] 
17.021: Total time for which application threads were stopped: 0.0005780 seconds, Stopping threads took: 0.0000460 seconds
17.057: Application time: 0.0366880 seconds
17.057: [GC17.057: [ParNew: 7026K->356K(7424K), 0.0003220 secs] 13100K->6430K(23808K), 0.0003550 secs] [Times: user=0.00 sys=0.00, real=0.00 secs] 
17.058: Total time for which application threads were stopped: 0.0004480 seconds, Stopping threads took: 0.0000450 seconds
17.094: Application time: 0.0366940 seconds
17.094: [GC17.094: [ParNew: 7012K->361K(7424K), 0.0003310 secs] 13086K->6435K(23808K), 0.0003470 secs] [Times: user=0.00 sys=0.00, real=0.00 secs] 
17.095: Total time for which application threads were stopped: 0.0004160 seconds, Stopping threads took: 0.0000330 seconds
17.132: Application time: 0.0373500 seconds
17.132: [GC17.132: [ParNew: 7017K->368K(7424K), 0.0002730 secs] 13091K->6442K(23808K), 0.0002900 secs] [Times: user=0.00 sys=0.00, real=0.00 secs] 
17.132: Total time for which application threads were stopped: 0.0003610 seconds, Stopping threads took: 0.0000360 seconds
17.169: Application time: 0.0368110 seconds
17.169: [GC17.169: [ParNew: 7024K->376K(7424K), 0.0002690 secs] 13098K->6450K(23808K), 0.0002860 secs] [Times: user=0.00 sys=0.00, real=0.00 secs] 
17.170: Total time for which application threads were stopped: 0.0003610 seconds, Stopping threads took: 0.0000400 seconds
17.206: Application time: 0.0366800 seconds
17.206: [GC17.206: [ParNew: 7032K->287K(7424K), 0.0002780 secs] 13106K->6493K(23808K), 0.0002940 secs] [Times: user=0.00 sys=0.00, real=0.00 secs] 
17.207: Total time for which application threads were stopped: 0.0003710 seconds, Stopping threads took: 0.0000410 seconds
17.244: Application time: 0.0373330 seconds
17.244: [GC17.244: [ParNew: 6943K->171K(7424K), 0.0002590 secs] 13149K->6533K(23808K), 0.0002760 secs] [Times: user=0.00 sys=0.00, real=0.00 secs] 
17.244: Total time for which application threads were stopped: 0.0003490 seconds, Stopping threads took: 0.0000380 seconds
17.281: Application time: 0.0369820 seconds
17.281: [GC17.281: [ParNew: 6827K->169K(7424K), 0.0002380 secs] 13189K->6531K(23808K), 0.0002550 secs] [Times: user=0.00 sys=0.00, real=0.00 secs] 
17.282: Total time for which application threads were stopped: 0.0003470 seconds, Stopping threads took: 0.0000430 seconds
17.319: Application time: 0.0372850 seconds
17.319: [GC17.319: [ParNew: 6825K->174K(7424K), 0.0003000 secs] 13187K->6536K(23808K), 0.0003240 secs] [Times: user=0.01 sys=0.00, real=0.00 secs] 
17.319: Total time for which application threads were stopped: 0.0004190 seconds, Stopping threads took: 0.0000490 seconds
17.356: Application time: 0.0368380 seconds
17.356: [GC17.356: [ParNew: 6830K->177K(7424K), 0.0002370 secs] 13192K->6539K(23808K), 0.0002540 secs] [Times: user=0.00 sys=0.00, real=0.00 secs] 
17.357: Total time for which application threads were stopped: 0.0003290 seconds, Stopping threads took: 0.0000380 seconds
17.393: Application time: 0.0368530 seconds
17.394: [GC17.394: [ParNew: 6833K->148K(7424K), 0.0002960 secs] 13195K->6510K(23808K), 0.0003130 secs] [Times: user=0.00 sys=0.00, real=0.00 secs] 
17.394: Total time for which application threads were stopped: 0.0003910 seconds, Stopping threads took: 0.0000420 seconds
17.429: Application time: 0.0348700 seconds
17.429: [GC17.429: [ParNew: 6804K->280K(7424K), 0.0002810 secs] 13166K->6691K(23808K), 0.0003000 secs] [Times: user=0.00 sys=0.00, real=0.00 secs] 
17.429: Total time for which application threads were stopped: 0.0003890 seconds, Stopping threads took: 0.0000520 seconds
17.464: Application time: 0.0351370 seconds
17.464: [GC17.464: [ParNew: 6936K->368K(7424K), 0.0002680 secs] 13347K->6778K(23808K), 0.0002870 secs] [Times: user=0.00 sys=0.00, real=0.00 secs] 
17.465: Total time for which application threads were stopped: 0.0003680 seconds, Stopping threads took: 0.0000430 seconds
17.501: Application time: 0.0365440 seconds
17.501: [GC17.501: [ParNew: 7024K->397K(7424K), 0.0002960 secs] 13434K->6807K(23808K), 0.0003140 secs] [Times: user=0.00 sys=0.00, real=0.00 secs] 
17.502: Total time for which application threads were stopped: 0.0003830 seconds, Stopping threads took: 0.0000310 seconds
17.539: Application time: 0.0374480 seconds
17.539: [GC17.539: [ParNew: 7053K->394K(7424K), 0.0002850 secs] 13463K->6820K(23808K), 0.0003120 secs] [Times: user=0.01 sys=0.00, real=0.00 secs] 
17.539: Total time for which application threads were stopped: 0.0003940 seconds, Stopping threads took: 0.0000440 seconds
17.576: Application time: 0.0366940 seconds
17.576: [GC17.576: [ParNew: 7050K->397K(7424K), 0.0002640 secs] 13476K->6864K(23808K), 0.0002820 secs] [Times: user=0.00 sys=0.00, real=0.00 secs] 
17.576: Total time for which application threads were stopped: 0.0003560 seconds, Stopping threads took: 0.0000370 seconds
17.613: Application time: 0.0369000 seconds
17.613: [GC17.613: [ParNew: 7053K->223K(7424K), 0.0002900 secs] 13520K->6910K(23808K), 0.0003070 secs] [Times: user=0.00 sys=0.00, real=0.00 secs] 
17.614: Total time for which application threads were stopped: 0.0003830 seconds, Stopping threads took: 0.0000400 seconds
17.651: Application time: 0.0372630 seconds
17.651: [GC17.651: [ParNew: 6879K->215K(7424K), 0.0002260 secs] 13566K->6901K(23808K), 0.0002430 secs] [Times: user=0.00 sys=0.00, real=0.00 secs] 
17.651: Total time for which application threads were stopped: 0.0003210 seconds, Stopping threads took: 0.0000430 seconds
17.688: Application time: 0.0366610 seconds
17.688: [GC17.688: [ParNew: 6871K->215K(7424K), 0.0003140 secs] 13557K->6902K(23808K), 0.0003310 secs] [Times: user=0.01 sys=0.00, real=0.00 secs] 
17.688: Total time for which application threads were stopped: 0.0004180 seconds, Stopping threads took: 0.0000480 seconds
17.726: Application time: 0.0372310 seconds
17.726: [GC17.726: [ParNew: 6871K->213K(7424K), 0.0003280 secs] 13558K->6900K(23808K), 0.0003440 secs] [Times: user=0.00 sys=0.00, real=0.00 secs] 
17.726: Total time for which application threads were stopped: 0.0004260 seconds, Stopping threads took: 0.0000450 seconds
17.763: Application time: 0.0370280 seconds
17.763: [GC17.763: [ParNew: 6869K->218K(7424K), 0.0002990 secs] 13556K->6904K(23808K), 0.0003150 secs] [Times: user=0.00 sys=0.00, real=0.00 secs] 
17.763: Total time for which application threads were stopped: 0.0004000 seconds, Stopping threads took: 0.0000490 seconds
17.800: Application time: 0.0366510 seconds
17.800: [GC17.800: [ParNew: 6874K->239K(7424K), 0.0003370 secs] 13560K->6926K(23808K), 0.0003570 secs] [Times: user=0.00 sys=0.00, real=0.00 secs] 
17.801: Total time for which application threads were stopped: 0.0004480 seconds, Stopping threads took: 0.0000430 seconds
17.837: Application time: 0.0367390 seconds
17.837: [GC17.837: [ParNew: 6895K->281K(7424K), 0.0002480 secs] 13582K->6968K(23808K), 0.0002660 secs] [Times: user=0.00 sys=0.00, real=0.00 secs] 
17.838: Total time for which application threads were stopped: 0.0003450 seconds, Stopping threads took: 0.0000420 seconds
17.875: Application time: 0.0370820 seconds
17.875: [GC17.875: [ParNew: 6937K->281K(7424K), 0.0002500 secs] 13624K->6967K(23808K), 0.0002680 secs] [Times: user=0.00 sys=0.00, real=0.00 secs] 
17.875: Total time for which application threads were stopped: 0.0003440 seconds, Stopping threads took: 0.0000380 seconds
17.912: Application time: 0.0366480 seconds
17.914: [GC17.914: [ParNew: 6937K->285K(7424K), 0.0003160 secs] 13623K->6972K(23808K), 0.0003340 secs] [Times: user=0.00 sys=0.00, real=0.00 secs] 
17.914: Total time for which application threads were stopped: 0.0027150 seconds, Stopping threads took: 0.0023450 seconds
17.951: Application time: 0.0368680 seconds
17.951: [GC17.951: [ParNew: 6941K->278K(7424K), 0.0002480 secs] 13628K->6965K(23808K), 0.0002640 secs] [Times: user=0.00 sys=0.00, real=0.00 secs] 
17.952: Total time for which application threads were stopped: 0.0003380 seconds, Stopping threads took: 0.0000390 seconds
17.988: Application time: 0.0365850 seconds
17.988: [GC17.988: [ParNew: 6934K->279K(7424K), 0.0002510 secs] 13621K->6965K(23808K), 0.0002680 secs] [Times: user=0.00 sys=0.00, real=0.00 secs] 
17.989: Total time for which application threads were stopped: 0.0003510 seconds, Stopping threads took: 0.0000460 seconds
18.026: Application time: 0.0371740 seconds
18.026: [GC18.026: [ParNew: 6935K->201K(7424K), 0.0002730 secs] 13621K->7024K(23808K), 0.0003000 secs] [Times: user=0.00 sys=0.00, real=0.00 secs] 
18.026: Total time for which application threads were stopped: 0.0003750 seconds, Stopping threads took: 0.0000380 seconds
18.063: Application time: 0.0367060 seconds
18.063: [GC18.063: [ParNew: 6857K->163K(7424K), 0.0002480 secs] 13680K->7058K(23808K), 0.0002650 secs] [Times: user=0.00 sys=0.00, real=0.00 secs] 
18.063: Total time for which application threads were stopped: 0.0003370 seconds, Stopping threads took: 0.0000380 seconds
18.100: Application time: 0.0368860 seconds
18.100: [GC18.100: [ParNew: 6819K->167K(7424K), 0.0002250 secs] 13714K->7061K(23808K), 0.0002400 secs] [Times: user=0.00 sys=0.00, real=0.00 secs] 
18.100: Total time for which application threads were stopped: 0.0003120 seconds, Stopping threads took: 0.0000360 seconds
18.138: Application time: 0.0373010 seconds
18.138: [GC18.138: [ParNew: 6823K->166K(7424K), 0.0002240 secs] 13717K->7061K(23808K), 0.0002420 secs] [Times: user=0.00 sys=0.00, real=0.00 secs] 
18.138: Total time for which application threads were stopped: 0.0003130 seconds, Stopping threads took: 0.0000360 seconds
18.175: Application time: 0.0367740 seconds
18.175: [GC18.175: [ParNew: 6822K->166K(7424K), 0.0002270 secs] 13717K->7060K(23808K), 0.0002440 secs] [Times: user=0.00 sys=0.00, real=0.00 secs] 
18.175: Total time for which application threads were stopped: 0.0003190 seconds, Stopping threads took: 0.0000390 seconds
18.210: Application time: 0.0349640 seconds
18.210: [GC18.210: [ParNew: 6822K->267K(7424K), 0.0002240 secs] 13716K->7161K(23808K), 0.0002420 secs] [Times: user=0.01 sys=0.00, real=0.00 secs] 
18.210: Total time for which application threads were stopped: 0.0003160 seconds, Stopping threads took: 0.0000370 seconds
18.247: Application time: 0.0362380 seconds
18.247: [GC18.247: [ParNew: 6923K->325K(7424K), 0.0002670 secs] 13817K->7220K(23808K), 0.0002840 secs] [Times: user=0.00 sys=0.00, real=0.00 secs] 
18.247: Total time for which application threads were stopped: 0.0003620 seconds, Stopping threads took: 0.0000410 seconds
18.282: Application time: 0.0354350 seconds
18.282: [GC18.283: [ParNew: 6981K->397K(7424K), 0.0002760 secs] 13876K->7292K(23808K), 0.0002940 secs] [Times: user=0.00 sys=0.00, real=0.00 secs] 
18.283: Total time for which application threads were stopped: 0.0003740 seconds, Stopping threads took: 0.0000430 seconds
18.321: Application time: 0.0377170 seconds
18.321: [GC18.321: [ParNew: 7053K->396K(7424K), 0.0003530 secs] 13948K->7290K(23808K), 0.0003740 secs] [Times: user=0.00 sys=0.00, real=0.00 secs] 
18.321: Total time for which application threads were stopped: 0.0004830 seconds, Stopping threads took: 0.0000520 seconds
18.358: Application time: 0.0373640 seconds
18.358: [GC18.358: [ParNew: 7052K->397K(7424K), 0.0002740 secs] 13946K->7292K(23808K), 0.0002910 secs] [Times: user=0.00 sys=0.00, real=0.00 secs] 
18.359: Total time for which application threads were stopped: 0.0003710 seconds, Stopping threads took: 0.0000400 seconds
18.396: Application time: 0.0368610 seconds
18.398: [GC18.398: [ParNew: 7053K->397K(7424K), 0.0002590 secs] 13948K->7292K(23808K), 0.0002760 secs] [Times: user=0.00 sys=0.00, real=0.00 secs] 
18.398: Total time for which application threads were stopped: 0.0027630 seconds, Stopping threads took: 0.0024510 seconds
18.436: Application time: 0.0380290 seconds
18.436: [GC18.436: [ParNew: 7053K->399K(7424K), 0.0003340 secs] 13948K->7294K(23808K), 0.0003580 secs] [Times: user=0.00 sys=0.00, real=0.00 secs] 
18.437: Total time for which application threads were stopped: 0.0004520 seconds, Stopping threads took: 0.0000490 seconds
18.474: Application time: 0.0372500 seconds
18.474: [GC18.474: [ParNew: 7055K->393K(7424K), 0.0003080 secs] 13950K->7288K(23808K), 0.0003250 secs] [Times: user=0.00 sys=0.00, real=0.00 secs] 
18.475: Total time for which application threads were stopped: 0.0004070 seconds, Stopping threads took: 0.0000460 seconds
18.511: Application time: 0.0367700 seconds
18.511: [GC18.511: [ParNew: 7049K->389K(7424K), 0.0003370 secs] 13944K->7284K(23808K), 0.0003620 secs] [Times: user=0.00 sys=0.00, real=0.00 secs] 
18.512: Total time for which application threads were stopped: 0.0004420 seconds, Stopping threads took: 0.0000410 seconds
18.549: Application time: 0.0369160 seconds
18.549: [GC18.549: [ParNew: 7045K->387K(7424K), 0.0003880 secs] 13940K->7281K(23808K), 0.0004050 secs] [Times: user=0.01 sys=0.00, real=0.00 secs] 
18.549: Total time for which application threads were stopped: 0.0004860 seconds, Stopping threads took: 0.0000430 seconds
18.586: Application time: 0.0372990 seconds
18.587: [GC18.587: [ParNew: 7043K->397K(7424K), 0.0002840 secs] 13937K->7292K(23808K), 0.0003020 secs] [Times: user=0.01 sys=0.00, real=0.00 secs] 
18.587: Total time for which application threads were stopped: 0.0003840 seconds, Stopping threads took: 0.0000440 seconds
18.624: Application time: 0.0367750 seconds
18.624: [GC18.624: [ParNew: 7053K->393K(7424K), 0.0003020 secs] 13948K->7287K(23808K), 0.0003180 secs] [Times: user=0.00 sys=0.00, real=0.00 secs] 
18.624: Total time for which application threads were stopped: 0.0003960 seconds, Stopping threads took: 0.0000410 seconds
18.661: Application time: 0.0367430 seconds
18.661: [GC18.661: [ParNew: 7049K->396K(7424K), 0.0002690 secs] 13943K->7291K(23808K), 0.0002870 secs] [Times: user=0.01 sys=0.00, real=0.00 secs] 
18.661: Total time for which application threads were stopped: 0.0003740 seconds, Stopping threads took: 0.0000500 seconds
18.698: Application time: 0.0366680 seconds
18.698: [GC18.698: [ParNew: 7052K->399K(7424K), 0.0002800 secs] 13947K->7293K(23808K), 0.0002970 secs] [Times: user=0.00 sys=0.00, real=0.00 secs] 
18.698: Total time for which application threads were stopped: 0.0003690 seconds, Stopping threads took: 0.0000370 seconds
18.735: Application time: 0.0371480 seconds
18.735: [GC18.735: [ParNew: 7055K->398K(7424K), 0.0002840 secs] 13949K->7292K(23808K), 0.0003000 secs] [Times: user=0.00 sys=0.00, real=0.00 secs] 
18.736: Total time for which application threads were stopped: 0.0003730 seconds, Stopping threads took: 0.0000360 seconds
18.773: Application time: 0.0369090 seconds
18.773: [GC18.773: [ParNew: 7054K->286K(7424K), 0.0002840 secs] 13948K->7341K(23808K), 0.0003010 secs] [Times: user=0.00 sys=0.00, real=0.00 secs] 
18.773: Total time for which application threads were stopped: 0.0003790 seconds, Stopping threads took: 0.0000410 seconds
18.810: Application time: 0.0368090 seconds
18.810: [GC18.810: [ParNew: 6942K->219K(7424K), 0.0002640 secs] 13997K->7370K(23808K), 0.0002820 secs] [Times: user=0.00 sys=0.00, real=0.00 secs] 
18.810: Total time for which application threads were stopped: 0.0003560 seconds, Stopping threads took: 0.0000390 seconds
18.847: Application time: 0.0369990 seconds
18.847: [GC18.847: [ParNew: 6875K->171K(7424K), 0.0002160 secs] 14026K->7434K(23808K), 0.0002330 secs] [Times: user=0.00 sys=0.00, real=0.00 secs] 
18.847: Total time for which application threads were stopped: 0.0003150 seconds, Stopping threads took: 0.0000370 seconds
18.885: Application time: 0.0372360 seconds
18.885: [GC18.885: [ParNew: 6827K->164K(7424K), 0.0002690 secs] 14090K->7427K(23808K), 0.0002890 secs] [Times: user=0.00 sys=0.00, real=0.00 secs] 
18.885: Total time for which application threads were stopped: 0.0003640 seconds, Stopping threads took: 0.0000390 seconds
18.922: Application time: 0.0367910 seconds
18.922: [GC18.922: [ParNew: 6820K->165K(7424K), 0.0002270 secs] 14083K->7428K(23808K), 0.0002430 secs] [Times: user=0.00 sys=0.00, real=0.01 secs] 
18.922: Total time for which application threads were stopped: 0.0003130 seconds, Stopping threads took: 0.0000360 seconds
18.959: Application time: 0.0368270 seconds
18.959: [GC18.959: [ParNew: 6821K->172K(7424K), 0.0002220 secs] 14084K->7435K(23808K), 0.0002390 secs] [Times: user=0.01 sys=0.00, real=0.00 secs] 
18.959: Total time for which application threads were stopped: 0.0003170 seconds, Stopping threads took: 0.0000430 seconds
18.995: Application time: 0.0354390 seconds
18.995: [GC18.995: [ParNew: 6828K->252K(7424K), 0.0002440 secs] 14091K->7515K(23808K), 0.0002700 secs] [Times: user=0.00 sys=0.00, real=0.00 secs] 
18.995: Total time for which application threads were stopped: 0.0003530 seconds, Stopping threads took: 0.0000480 seconds
19.030: Application time: 0.0351670 seconds
19.030: [GC19.030: [ParNew: 6908K->329K(7424K), 0.0002480 secs] 14171K->7592K(23808K), 0.0002670 secs] [Times: user=0.00 sys=0.00, real=0.00 secs] 
19.031: Total time for which application threads were stopped: 0.0003440 seconds, Stopping threads took: 0.0000410 seconds
19.067: Application time: 0.0359140 seconds
19.070: [GC19.070: [ParNew: 6985K->395K(7424K), 0.0002720 secs] 14248K->7658K(23808K), 0.0002900 secs] [Times: user=0.00 sys=0.00, real=0.00 secs] 
19.070: Total time for which application threads were stopped: 0.0038610 seconds, Stopping threads took: 0.0035340 seconds
19.107: Application time: 0.0370260 seconds
19.107: [GC19.107: [ParNew: 7051K->395K(7424K), 0.0003030 secs] 14314K->7658K(23808K), 0.0003200 secs] [Times: user=0.00 sys=0.00, real=0.00 secs] 
19.108: Total time for which application threads were stopped: 0.0003970 seconds, Stopping threads took: 0.0000400 seconds
19.145: Application time: 0.0370210 seconds
19.145: [GC19.145: [ParNew: 7051K->405K(7424K), 0.0002770 secs] 14314K->7667K(23808K), 0.0002950 secs] [Times: user=0.00 sys=0.00, real=0.00 secs] 
19.145: Total time for which application threads were stopped: 0.0003690 seconds, Stopping threads took: 0.0000380 seconds
19.182: Application time: 0.0370310 seconds
19.182: [GC19.182: [ParNew: 7061K->264K(7424K), 0.0003100 secs] 14323K->7711K(23808K), 0.0003260 secs] [Times: user=0.00 sys=0.00, real=0.00 secs] 
19.183: Total time for which application threads were stopped: 0.0003990 seconds, Stopping threads took: 0.0000380 seconds
19.220: Application time: 0.0368730 seconds
19.220: [GC19.220: [ParNew: 6920K->258K(7424K), 0.0002450 secs] 14367K->7705K(23808K), 0.0002620 secs] [Times: user=0.00 sys=0.00, real=0.00 secs] 
19.220: Total time for which application threads were stopped: 0.0003450 seconds, Stopping threads took: 0.0000470 seconds
19.257: Application time: 0.0367910 seconds
19.257: [GC19.257: [ParNew: 6914K->262K(7424K), 0.0002550 secs] 14361K->7709K(23808K), 0.0002720 secs] [Times: user=0.00 sys=0.00, real=0.00 secs] 
19.257: Total time for which application threads were stopped: 0.0003500 seconds, Stopping threads took: 0.0000440 seconds
19.294: Application time: 0.0371620 seconds
19.294: [GC19.294: [ParNew: 6918K->258K(7424K), 0.0002610 secs] 14365K->7705K(23808K), 0.0002780 secs] [Times: user=0.00 sys=0.00, real=0.00 secs] 
19.295: Total time for which application threads were stopped: 0.0003450 seconds, Stopping threads took: 0.0000320 seconds
19.332: Application time: 0.0372410 seconds
19.332: [GC19.332: [ParNew: 6914K->264K(7424K), 0.0002780 secs] 14361K->7711K(23808K), 0.0002970 secs] [Times: user=0.01 sys=0.00, real=0.00 secs] 
19.332: Total time for which application threads were stopped: 0.0003930 seconds, Stopping threads took: 0.0000540 seconds
19.369: Application time: 0.0370640 seconds
19.369: [GC19.369: [ParNew: 6920K->263K(7424K), 0.0003040 secs] 14367K->7710K(23808K), 0.0003210 secs] [Times: user=0.00 sys=0.00, real=0.00 secs] 
19.370: Total time for which application threads were stopped: 0.0004120 seconds, Stopping threads took: 0.0000470 seconds
19.406: Application time: 0.0368640 seconds
19.407: [GC19.407: [ParNew: 6919K->313K(7424K), 0.0003430 secs] 14366K->7760K(23808K), 0.0003630 secs] [Times: user=0.00 sys=0.00, real=0.00 secs] 
19.407: Total time for which application threads were stopped: 0.0004410 seconds, Stopping threads took: 0.0000400 seconds
19.444: Application time: 0.0367250 seconds
19.444: [GC19.444: [ParNew: 6969K->318K(7424K), 0.0003500 secs] 14416K->7765K(23808K), 0.0003690 secs] [Times: user=0.00 sys=0.00, real=0.00 secs] 
19.444: Total time for which application threads were stopped: 0.0004670 seconds, Stopping threads took: 0.0000580 seconds
19.481: Application time: 0.0366690 seconds
19.481: [GC19.481: [ParNew: 6974K->307K(7424K), 0.0002480 secs] 14421K->7754K(23808K), 0.0002730 secs] [Times: user=0.00 sys=0.00, real=0.00 secs] 
19.481: Total time for which application threads were stopped: 0.0003500 seconds, Stopping threads took: 0.0000420 seconds
19.518: Application time: 0.0369440 seconds
19.518: [GC19.518: [ParNew: 6963K->308K(7424K), 0.0002690 secs] 14410K->7755K(23808K), 0.0002850 secs] [Times: user=0.00 sys=0.00, real=0.00 secs] 
19.518: Total time for which application threads were stopped: 0.0003590 seconds, Stopping threads took: 0.0000380 seconds
19.555: Application time: 0.0369480 seconds
19.555: [GC19.555: [ParNew: 6964K->312K(7424K), 0.0002560 secs] 14411K->7759K(23808K), 0.0002720 secs] [Times: user=0.01 sys=0.00, real=0.00 secs] 
19.556: Total time for which application threads were stopped: 0.0003540 seconds, Stopping threads took: 0.0000460 seconds
19.593: Application time: 0.0370350 seconds
19.593: [GC19.593: [ParNew: 6968K->227K(7424K), 0.0003140 secs] 14415K->7794K(23808K), 0.0003300 secs] [Times: user=0.00 sys=0.00, real=0.00 secs] 
19.593: Total time for which application threads were stopped: 0.0004080 seconds, Stopping threads took: 0.0000420 seconds
19.630: Application time: 0.0367550 seconds
19.630: [GC19.630: [ParNew: 6883K->163K(7424K), 0.0002330 secs] 14450K->7835K(23808K), 0.0002500 secs] [Times: user=0.00 sys=0.01, real=0.00 secs] 
19.630: Total time for which application threads were stopped: 0.0003330 seconds, Stopping threads took: 0.0000440 seconds
19.668: Application time: 0.0374430 seconds
19.668: [GC19.668: [ParNew: 6819K->165K(7424K), 0.0002420 secs] 14491K->7836K(23808K), 0.0002620 secs] [Times: user=0.00 sys=0.00, real=0.00 secs] 
19.668: Total time for which application threads were stopped: 0.0003340 seconds, Stopping threads took: 0.0000360 seconds
19.705: Application time: 0.0366770 seconds
19.705: [GC19.705: [ParNew: 6821K->156K(7424K), 0.0002310 secs] 14492K->7827K(23808K), 0.0002490 secs] [Times: user=0.00 sys=0.00, real=0.00 secs] 
19.705: Total time for which application threads were stopped: 0.0003370 seconds, Stopping threads took: 0.0000490 seconds
19.742: Application time: 0.0368830 seconds
19.742: [GC19.742: [ParNew: 6812K->161K(7424K), 0.0002260 secs] 14483K->7833K(23808K), 0.0002440 secs] [Times: user=0.00 sys=0.00, real=0.00 secs] 
19.742: Total time for which application threads were stopped: 0.0003220 seconds, Stopping threads took: 0.0000410 seconds
19.778: Application time: 0.0358660 seconds
19.778: [GC19.778: [ParNew: 6817K->250K(7424K), 0.0002300 secs] 14489K->7922K(23808K), 0.0002470 secs] [Times: user=0.00 sys=0.00, real=0.00 secs] 
19.779: Total time for which application threads were stopped: 0.0003420 seconds, Stopping threads took: 0.0000570 seconds
19.814: Application time: 0.0352340 seconds
19.814: [GC19.814: [ParNew: 6906K->335K(7424K), 0.0003530 secs] 14578K->8006K(23808K), 0.0003700 secs] [Times: user=0.00 sys=0.00, real=0.01 secs] 
19.814: Total time for which application threads were stopped: 0.0004480 seconds, Stopping threads took: 0.0000420 seconds
19.851: Application time: 0.0364330 seconds
19.851: [GC19.851: [ParNew: 6991K->368K(7424K), 0.0003450 secs] 14662K->8039K(23808K), 0.0003610 secs] [Times: user=0.00 sys=0.00, real=0.00 secs] 
19.851: Total time for which application threads were stopped: 0.0004510 seconds, Stopping threads took: 0.0000580 seconds
19.888: Application time: 0.0365050 seconds
19.888: [GC19.888: [ParNew: 7024K->389K(7424K), 0.0003510 secs] 14695K->8060K(23808K), 0.0003690 secs] [Times: user=0.00 sys=0.00, real=0.00 secs] 
19.888: Total time for which application threads were stopped: 0.0004520 seconds, Stopping threads took: 0.0000390 seconds
19.926: Application time: 0.0377180 seconds
19.926: [GC19.926: [ParNew: 7045K->398K(7424K), 0.0004070 secs] 14716K->8069K(23808K), 0.0004250 secs] [Times: user=0.00 sys=0.00, real=0.00 secs] 
19.926: Total time for which application threads were stopped: 0.0005340 seconds, Stopping threads took: 0.0000690 seconds
19.964: Application time: 0.0379330 seconds
19.964: [GC19.964: [ParNew: 7054K->401K(7424K), 0.0003140 secs] 14725K->8072K(23808K), 0.0003410 secs] [Times: user=0.00 sys=0.00, real=0.00 secs] 
19.965: Total time for which application threads were stopped: 0.0004230 seconds, Stopping threads took: 0.0000440 seconds
20.001: Application time: 0.0367850 seconds
20.002: [GC20.002: [ParNew: 7057K->398K(7424K), 0.0002910 secs] 14728K->8069K(23808K), 0.0003090 secs] [Times: user=0.00 sys=0.00, real=0.00 secs] 
20.002: Total time for which application threads were stopped: 0.0003870 seconds, Stopping threads took: 0.0000410 seconds
20.039: Application time: 0.0367270 seconds
20.039: [GC20.039: [ParNew: 7054K->400K(7424K), 0.0002560 secs] 14725K->8071K(23808K), 0.0002730 secs] [Times: user=0.00 sys=0.00, real=0.00 secs] 
20.039: Total time for which application threads were stopped: 0.0003520 seconds, Stopping threads took: 0.0000420 seconds
20.076: Application time: 0.0371130 seconds
20.076: [GC20.076: [ParNew: 7056K->401K(7424K), 0.0002880 secs] 14727K->8072K(23808K), 0.0003050 secs] [Times: user=0.00 sys=0.00, real=0.00 secs] 
20.076: Total time for which application threads were stopped: 0.0003920 seconds, Stopping threads took: 0.0000490 seconds
20.113: Application time: 0.0369700 seconds
20.113: [GC20.113: [ParNew: 7057K->402K(7424K), 0.0002770 secs] 14728K->8073K(23808K), 0.0002940 secs] [Times: user=0.00 sys=0.00, real=0.00 secs] 
20.114: Total time for which application threads were stopped: 0.0003710 seconds, Stopping threads took: 0.0000420 seconds
20.151: Application time: 0.0367490 seconds
20.151: [GC20.151: [ParNew: 7058K->269K(7424K), 0.0002700 secs] 14729K->8124K(23808K), 0.0002870 secs] [Times: user=0.00 sys=0.00, real=0.00 secs] 
20.151: Total time for which application threads were stopped: 0.0003980 seconds, Stopping threads took: 0.0000750 seconds
20.188: Application time: 0.0370930 seconds
20.188: [GC20.188: [ParNew: 6925K->318K(7424K), 0.0002660 secs] 14780K->8173K(23808K), 0.0002840 secs] [Times: user=0.00 sys=0.00, real=0.00 secs] 
20.188: Total time for which application threads were stopped: 0.0003660 seconds, Stopping threads took: 0.0000450 seconds
20.225: Application time: 0.0370200 seconds
20.225: [GC20.225: [ParNew: 6974K->297K(7424K), 0.0002660 secs] 14829K->8152K(23808K), 0.0002830 secs] [Times: user=0.00 sys=0.00, real=0.00 secs] 
20.226: Total time for which application threads were stopped: 0.0003530 seconds, Stopping threads took: 0.0000320 seconds
20.263: Application time: 0.0367570 seconds
20.263: [GC20.263: [ParNew: 6953K->305K(7424K), 0.0002520 secs] 14808K->8160K(23808K), 0.0002680 secs] [Times: user=0.00 sys=0.00, real=0.00 secs] 
20.263: Total time for which application threads were stopped: 0.0003560 seconds, Stopping threads took: 0.0000530 seconds
20.300: Application time: 0.0366830 seconds
20.300: [GC20.300: [ParNew: 6961K->314K(7424K), 0.0002730 secs] 14816K->8169K(23808K), 0.0002900 secs] [Times: user=0.00 sys=0.00, real=0.00 secs] 
20.300: Total time for which application threads were stopped: 0.0003670 seconds, Stopping threads took: 0.0000410 seconds
20.337: Application time: 0.0374480 seconds
20.337: [GC20.337: [ParNew: 6970K->312K(7424K), 0.0003000 secs] 14825K->8167K(23808K), 0.0003200 secs] [Times: user=0.00 sys=0.00, real=0.00 secs] 
20.338: Total time for which application threads were stopped: 0.0004150 seconds, Stopping threads took: 0.0000540 seconds
20.375: Application time: 0.0367610 seconds
20.375: [GC20.375: [ParNew: 6968K->224K(7424K), 0.0003100 secs] 14823K->8208K(23808K), 0.0003260 secs] [Times: user=0.01 sys=0.00, real=0.00 secs] 
20.375: Total time for which application threads were stopped: 0.0004260 seconds, Stopping threads took: 0.0000640 seconds
20.412: Application time: 0.0369870 seconds
20.412: [GC20.412: [ParNew: 6880K->204K(7424K), 0.0002440 secs] 14864K->8259K(23808K), 0.0002600 secs] [Times: user=0.00 sys=0.00, real=0.00 secs] 
20.412: Total time for which application threads were stopped: 0.0003420 seconds, Stopping threads took: 0.0000390 seconds
20.449: Application time: 0.0371380 seconds
20.449: [GC20.450: [ParNew: 6860K->172K(7424K), 0.0002420 secs] 14915K->8299K(23808K), 0.0002660 secs] [Times: user=0.00 sys=0.00, real=0.00 secs] 
20.450: Total time for which application threads were stopped: 0.0003370 seconds, Stopping threads took: 0.0000360 seconds
20.486: Application time: 0.0366590 seconds
20.490: [GC20.490: [ParNew: 6828K->160K(7424K), 0.0002700 secs] 14955K->8288K(23808K), 0.0002870 secs] [Times: user=0.00 sys=0.00, real=0.00 secs] 
20.490: Total time for which application threads were stopped: 0.0039550 seconds, Stopping threads took: 0.0036310 seconds
20.527: Application time: 0.0366340 seconds
20.527: [GC20.527: [ParNew: 6816K->166K(7424K), 0.0002250 secs] 14944K->8293K(23808K), 0.0002420 secs] [Times: user=0.01 sys=0.00, real=0.00 secs] 
20.527: Total time for which application threads were stopped: 0.0003180 seconds, Stopping threads took: 0.0000400 seconds
20.564: Application time: 0.0363520 seconds
20.564: [GC20.564: [ParNew: 6822K->209K(7424K), 0.0002160 secs] 14949K->8336K(23808K), 0.0002330 secs] [Times: user=0.00 sys=0.00, real=0.00 secs] 
20.564: Total time for which application threads were stopped: 0.0003100 seconds, Stopping threads took: 0.0000420 seconds
20.599: Application time: 0.0350880 seconds
20.599: [GC20.599: [ParNew: 6865K->293K(7424K), 0.0002600 secs] 14992K->8421K(23808K), 0.0002760 secs] [Times: user=0.00 sys=0.00, real=0.00 secs] 
20.599: Total time for which application threads were stopped: 0.0003500 seconds, Stopping threads took: 0.0000380 seconds
20.636: Application time: 0.0361090 seconds
20.636: [GC20.636: [ParNew: 6949K->368K(7424K), 0.0002680 secs] 15077K->8495K(23808K), 0.0002860 secs] [Times: user=0.00 sys=0.00, real=0.00 secs] 
20.636: Total time for which application threads were stopped: 0.0003570 seconds, Stopping threads took: 0.0000350 seconds
20.673: Application time: 0.0369030 seconds
20.674: [GC20.674: [ParNew: 7024K->398K(7424K), 0.0003030 secs] 15151K->8526K(23808K), 0.0003210 secs] [Times: user=0.01 sys=0.00, real=0.00 secs] 
20.674: Total time for which application threads were stopped: 0.0015900 seconds, Stopping threads took: 0.0012310 seconds
20.711: Application time: 0.0368880 seconds
20.711: [GC20.711: [ParNew: 7054K->397K(7424K), 0.0003780 secs] 15182K->8524K(23808K), 0.0003970 secs] [Times: user=0.00 sys=0.00, real=0.00 secs] 
20.712: Total time for which application threads were stopped: 0.0004720 seconds, Stopping threads took: 0.0000370 seconds
20.749: Application time: 0.0368250 seconds
20.749: [GC20.749: [ParNew: 7053K->395K(7424K), 0.0002620 secs] 15180K->8522K(23808K), 0.0002790 secs] [Times: user=0.00 sys=0.00, real=0.00 secs] 
20.749: Total time for which application threads were stopped: 0.0003840 seconds, Stopping threads took: 0.0000670 seconds
20.786: Application time: 0.0372070 seconds
20.786: [GC20.786: [ParNew: 7051K->391K(7424K), 0.0002840 secs] 15178K->8519K(23808K), 0.0003010 secs] [Times: user=0.00 sys=0.00, real=0.00 secs] 
20.787: Total time for which application threads were stopped: 0.0003850 seconds, Stopping threads took: 0.0000480 seconds
20.823: Application time: 0.0366510 seconds
20.823: [GC20.823: [ParNew: 7047K->397K(7424K), 0.0003040 secs] 15175K->8525K(23808K), 0.0003210 secs] [Times: user=0.00 sys=0.00, real=0.00 secs] 
20.824: Total time for which application threads were stopped: 0.0004210 seconds, Stopping threads took: 0.0000630 seconds
20.861: Application time: 0.0371700 seconds
20.862: [GC20.862: [ParNew: 7053K->391K(7424K), 0.0003070 secs] 15181K->8518K(23808K), 0.0003230 secs] [Times: user=0.00 sys=0.00, real=0.00 secs] 
20.862: Total time for which application threads were stopped: 0.0015820 seconds, Stopping threads took: 0.0012230 seconds
20.899: Application time: 0.0368780 seconds
20.899: [GC20.899: [ParNew: 7047K->390K(7424K), 0.0002910 secs] 15174K->8518K(23808K), 0.0003070 secs] [Times: user=0.00 sys=0.00, real=0.00 secs] 
20.900: Total time for which application threads were stopped: 0.0003850 seconds, Stopping threads took: 0.0000440 seconds
20.937: Application time: 0.0369070 seconds
20.937: [GC20.937: [ParNew: 7046K->399K(7424K), 0.0003040 secs] 15174K->8527K(23808K), 0.0003290 secs] [Times: user=0.00 sys=0.00, real=0.00 secs] 
20.937: Total time for which application threads were stopped: 0.0004140 seconds, Stopping threads took: 0.0000410 seconds
20.974: Application time: 0.0365880 seconds
20.974: [GC20.974: [ParNew: 7055K->343K(7424K), 0.0002770 secs] 15183K->8574K(23808K), 0.0002950 secs] [Times: user=0.00 sys=0.00, real=0.00 secs] 
20.974: Total time for which application threads were stopped: 0.0003750 seconds, Stopping threads took: 0.0000450 seconds
21.011: Application time: 0.0368690 seconds
21.011: [GC21.011: [ParNew: 6999K->345K(7424K), 0.0002660 secs] 15230K->8577K(23808K), 0.0002840 secs] [Times: user=0.00 sys=0.00, real=0.00 secs] 
21.011: Total time for which application threads were stopped: 0.0003580 seconds, Stopping threads took: 0.0000370 seconds
21.048: Application time: 0.0367150 seconds
21.048: [GC21.048: [ParNew: 7001K->338K(7424K), 0.0002780 secs] 15233K->8570K(23808K), 0.0002950 secs] [Times: user=0.01 sys=0.00, real=0.00 secs] 
21.048: Total time for which application threads were stopped: 0.0003830 seconds, Stopping threads took: 0.0000520 seconds
21.085: Application time: 0.0366560 seconds
21.085: [GC21.085: [ParNew: 6994K->341K(7424K), 0.0002710 secs] 15226K->8573K(23808K), 0.0002890 secs] [Times: user=0.00 sys=0.00, real=0.00 secs] 
21.085: Total time for which application threads were stopped: 0.0003710 seconds, Stopping threads took: 0.0000440 seconds
21.122: Application time: 0.0369660 seconds
21.122: [GC21.122: [ParNew: 6997K->340K(7424K), 0.0003170 secs] 15229K->8572K(23808K), 0.0003330 secs] [Times: user=0.00 sys=0.00, real=0.00 secs] 
21.123: Total time for which application threads were stopped: 0.0004090 seconds, Stopping threads took: 0.0000400 seconds
21.160: Application time: 0.0371710 seconds
21.160: [GC21.160: [ParNew: 6996K->249K(7424K), 0.0003450 secs] 15228K->8601K(23808K), 0.0003630 secs] [Times: user=0.00 sys=0.00, real=0.00 secs] 
21.160: Total time for which application threads were stopped: 0.0004330 seconds, Stopping threads took: 0.0000300 seconds
21.197: Application time: 0.0367980 seconds
21.197: [GC21.197: [ParNew: 6905K->193K(7424K), 0.0003330 secs] 15257K->8633K(23808K), 0.0003510 secs] [Times: user=0.00 sys=0.00, real=0.00 secs] 
21.198: Total time for which application threads were stopped: 0.0004350 seconds, Stopping threads took: 0.0000460 seconds
21.234: Application time: 0.0367760 seconds
21.234: [GC21.234: [ParNew: 6849K->168K(7424K), 0.0002910 secs] 15289K->8664K(23808K), 0.0003070 secs] [Times: user=0.01 sys=0.00, real=0.00 secs] 
21.235: Total time for which application threads were stopped: 0.0003800 seconds, Stopping threads took: 0.0000370 seconds
21.272: Application time: 0.0373070 seconds
21.272: [GC21.272: [ParNew: 6824K->164K(7424K), 0.0002930 secs] 15320K->8660K(23808K), 0.0003100 secs] [Times: user=0.00 sys=0.00, real=0.00 secs] 
21.272: Total time for which application threads were stopped: 0.0003870 seconds, Stopping threads took: 0.0000390 seconds
21.309: Application time: 0.0369380 seconds
21.309: [GC21.309: [ParNew: 6820K->164K(7424K), 0.0002260 secs] 15316K->8660K(23808K), 0.0002430 secs] [Times: user=0.00 sys=0.00, real=0.00 secs] 
21.310: Total time for which application threads were stopped: 0.0003250 seconds, Stopping threads took: 0.0000460 seconds
21.347: Application time: 0.0374570 seconds
21.347: [GC21.347: [ParNew: 6820K->151K(7424K), 0.0002840 secs] 15316K->8646K(23808K), 0.0003060 secs] [Times: user=0.00 sys=0.00, real=0.00 secs] 
21.348: Total time for which application threads were stopped: 0.0003990 seconds, Stopping threads took: 0.0000510 seconds
21.382: Application time: 0.0344630 seconds
21.382: [GC21.382: [ParNew: 6807K->281K(7424K), 0.0002710 secs] 15302K->8777K(23808K), 0.0002910 secs] [Times: user=0.00 sys=0.00, real=0.00 secs] 
21.382: Total time for which application threads were stopped: 0.0003750 seconds, Stopping threads took: 0.0000460 seconds
21.418: Application time: 0.0354870 seconds
21.418: [GC21.418: [ParNew: 6937K->353K(7424K), 0.0002640 secs] 15433K->8849K(23808K), 0.0002940 secs] [Times: user=0.00 sys=0.00, real=0.00 secs] 
21.418: Total time for which application threads were stopped: 0.0003850 seconds, Stopping threads took: 0.0000520 seconds
21.456: Application time: 0.0382500 seconds
21.457: [GC21.457: [ParNew: 7009K->371K(7424K), 0.0003900 secs] 15505K->8867K(23808K), 0.0004120 secs] [Times: user=0.00 sys=0.00, real=0.00 secs] 
21.457: Total time for which application threads were stopped: 0.0005100 seconds, Stopping threads took: 0.0000470 seconds
21.493: Application time: 0.0363000 seconds
21.493: [GC21.493: [ParNew: 7027K->401K(7424K), 0.0003000 secs] 15523K->8897K(23808K), 0.0003170 secs] [Times: user=0.01 sys=0.00, real=0.00 secs] 
21.494: Total time for which application threads were stopped: 0.0003930 seconds, Stopping threads took: 0.0000380 seconds
21.530: Application time: 0.0366870 seconds
21.530: [GC21.530: [ParNew: 7057K->393K(7424K), 0.0002880 secs] 15553K->8889K(23808K), 0.0003050 secs] [Times: user=0.00 sys=0.00, real=0.00 secs] 
21.531: Total time for which application threads were stopped: 0.0003820 seconds, Stopping threads took: 0.0000400 seconds
21.568: Application time: 0.0369380 seconds
21.568: [GC21.568: [ParNew: 7049K->219K(7424K), 0.0002860 secs] 15545K->8943K(23808K), 0.0003010 secs] [Times: user=0.00 sys=0.00, real=0.00 secs] 
21.568: Total time for which application threads were stopped: 0.0003770 seconds, Stopping threads took: 0.0000410 seconds
21.605: Application time: 0.0369850 seconds
21.605: [GC21.605: [ParNew: 6875K->220K(7424K), 0.0002230 secs] 15599K->8944K(23808K), 0.0002390 secs] [Times: user=0.01 sys=0.00, real=0.00 secs] 
21.605: Total time for which application threads were stopped: 0.0003140 seconds, Stopping threads took: 0.0000380 seconds
21.642: Application time: 0.0366960 seconds
21.642: [GC21.642: [ParNew: 6876K->226K(7424K), 0.0002180 secs] 15600K->8950K(23808K), 0.0002330 secs] [Times: user=0.00 sys=0.00, real=0.00 secs] 
21.642: Total time for which application threads were stopped: 0.0003070 seconds, Stopping threads took: 0.0000390 seconds
21.679: Application time: 0.0369450 seconds
21.679: [GC21.679: [ParNew: 6882K->221K(7424K), 0.0002340 secs] 15606K->8945K(23808K), 0.0002500 secs] [Times: user=0.00 sys=0.00, real=0.00 secs] 
21.680: Total time for which application threads were stopped: 0.0003270 seconds, Stopping threads took: 0.0000420 seconds
21.717: Application time: 0.0369600 seconds
21.717: [GC21.717: [ParNew: 6877K->214K(7424K), 0.0002770 secs] 15601K->8938K(23808K), 0.0002950 secs] [Times: user=0.00 sys=0.00, real=0.00 secs] 
21.717: Total time for which application threads were stopped: 0.0003810 seconds, Stopping threads took: 0.0000480 seconds
21.754: Application time: 0.0368040 seconds
21.754: [GC21.754: [ParNew: 6870K->253K(7424K), 0.0002330 secs] 15594K->8977K(23808K), 0.0002520 secs] [Times: user=0.01 sys=0.00, real=0.01 secs] 
21.754: Total time for which application threads were stopped: 0.0003350 seconds, Stopping threads took: 0.0000470 seconds
21.791: Application time: 0.0365170 seconds
21.791: [GC21.791: [ParNew: 6909K->279K(7424K), 0.0002570 secs] 15633K->9003K(23808K), 0.0002740 secs] [Times: user=0.00 sys=0.00, real=0.00 secs] 
21.791: Total time for which application threads were stopped: 0.0003410 seconds, Stopping threads took: 0.0000340 seconds
21.828: Application time: 0.0370340 seconds
21.828: [GC21.828: [ParNew: 6935K->276K(7424K), 0.0002460 secs] 15659K->9000K(23808K), 0.0002630 secs] [Times: user=0.00 sys=0.00, real=0.00 secs] 
21.828: Total time for which application threads were stopped: 0.0003460 seconds, Stopping threads took: 0.0000480 seconds
21.865: Application time: 0.0366450 seconds
21.865: [GC21.865: [ParNew: 6932K->283K(7424K), 0.0002270 secs] 15656K->9007K(23808K), 0.0002450 secs] [Times: user=0.00 sys=0.00, real=0.00 secs] 
21.865: Total time for which application threads were stopped: 0.0003220 seconds, Stopping threads took: 0.0000410 seconds
21.902: Application time: 0.0369380 seconds
21.906: [GC21.906: [ParNew: 6939K->277K(7424K), 0.0002960 secs] 15663K->9001K(23808K), 0.0003200 secs] [Times: user=0.00 sys=0.00, real=0.00 secs] 
21.906: Total time for which application threads were stopped: 0.0041150 seconds, Stopping threads took: 0.0037610 seconds
21.943: Application time: 0.0367410 seconds
21.943: [GC21.943: [ParNew: 6933K->284K(7424K), 0.0002590 secs] 15657K->9008K(23808K), 0.0002760 secs] [Times: user=0.00 sys=0.00, real=0.00 secs] 
21.944: Total time for which application threads were stopped: 0.0003610 seconds, Stopping threads took: 0.0000490 seconds
21.981: Application time: 0.0371860 seconds
21.981: [GC21.981: [ParNew: 6940K->205K(7424K), 0.0002760 secs] 15664K->9057K(23808K), 0.0002930 secs] [Times: user=0.00 sys=0.00, real=0.00 secs] 
21.981: Total time for which application threads were stopped: 0.0003840 seconds, Stopping threads took: 0.0000410 seconds
22.018: Application time: 0.0368770 seconds
22.018: [GC22.018: [ParNew: 6861K->193K(7424K), 0.0002140 secs] 15713K->9045K(23808K), 0.0002330 secs] [Times: user=0.01 sys=0.00, real=0.00 secs] 
22.018: Total time for which application threads were stopped: 0.0003150 seconds, Stopping threads took: 0.0000440 seconds
22.055: Application time: 0.0367750 seconds
22.055: [GC22.055: [ParNew: 6849K->174K(7424K), 0.0002430 secs] 15701K->9098K(23808K), 0.0002610 secs] [Times: user=0.00 sys=0.00, real=0.00 secs] 
22.055: Total time for which application threads were stopped: 0.0003500 seconds, Stopping threads took: 0.0000530 seconds
22.093: Application time: 0.0373480 seconds
22.093: [GC22.093: [ParNew: 6830K->169K(7424K), 0.0002260 secs] 15754K->9093K(23808K), 0.0002440 secs] [Times: user=0.00 sys=0.00, real=0.00 secs] 
22.093: Total time for which application threads were stopped: 0.0003200 seconds, Stopping threads took: 0.0000390 seconds
22.130: Application time: 0.0368160 seconds
22.130: [GC22.130: [ParNew: 6825K->162K(7424K), 0.0002930 secs] 15749K->9086K(23808K), 0.0003100 secs] [Times: user=0.00 sys=0.01, real=0.00 secs] 
22.130: Total time for which application threads were stopped: 0.0003890 seconds, Stopping threads took: 0.0000440 seconds
22.165: Application time: 0.0347730 seconds
22.166: [GC22.166: [ParNew: 6818K->281K(7424K), 0.0002770 secs] 15742K->9205K(23808K), 0.0002960 secs] [Times: user=0.00 sys=0.00, real=0.00 secs] 
22.166: Total time for which application threads were stopped: 0.0013350 seconds, Stopping threads took: 0.0010000 seconds
22.202: Application time: 0.0358320 seconds
22.202: [GC22.202: [ParNew: 6937K->340K(7424K), 0.0003380 secs] 15861K->9264K(23808K), 0.0003550 secs] [Times: user=0.00 sys=0.00, real=0.00 secs] 
22.203: Total time for which application threads were stopped: 0.0004260 seconds, Stopping threads took: 0.0000360 seconds
22.239: Application time: 0.0362590 seconds
22.239: [GC22.239: [ParNew: 6996K->377K(7424K), 0.0002730 secs] 15920K->9301K(23808K), 0.0002910 secs] [Times: user=0.00 sys=0.00, real=0.00 secs] 
22.239: Total time for which application threads were stopped: 0.0003660 seconds, Stopping threads took: 0.0000400 seconds
22.276: Application time: 0.0363120 seconds
22.276: [GC22.276: [ParNew: 7033K->394K(7424K), 0.0002940 secs] 15957K->9318K(23808K), 0.0003110 secs] [Times: user=0.00 sys=0.00, real=0.00 secs] 
22.276: Total time for which application threads were stopped: 0.0003910 seconds, Stopping threads took: 0.0000440 seconds
22.313: Application time: 0.0373180 seconds
22.313: [GC22.313: [ParNew: 7050K->398K(7424K), 0.0004170 secs] 15974K->9322K(23808K), 0.0004380 secs] [Times: user=0.00 sys=0.00, real=0.00 secs] 
22.314: Total time for which application threads were stopped: 0.0005380 seconds, Stopping threads took: 0.0000580 seconds
22.351: Application time: 0.0367390 seconds
22.351: [GC22.351: [ParNew: 7054K->398K(7424K), 0.0003500 secs] 15978K->9322K(23808K), 0.0003680 secs] [Times: user=0.00 sys=0.00, real=0.00 secs] 
22.351: Total time for which application threads were stopped: 0.0004470 seconds, Stopping threads took: 0.0000420 seconds
22.391: Application time: 0.0402430 seconds
22.391: [GC22.391: [ParNew: 7054K->391K(7424K), 0.0003800 secs] 15978K->9315K(23808K), 0.0004060 secs] [Times: user=0.00 sys=0.00, real=0.00 secs] 
22.392: Total time for which application threads were stopped: 0.0004990 seconds, Stopping threads took: 0.0000550 seconds
22.428: Application time: 0.0366180 seconds
22.428: [GC22.428: [ParNew: 7047K->401K(7424K), 0.0003260 secs] 15971K->9325K(23808K), 0.0003430 secs] [Times: user=0.00 sys=0.00, real=0.00 secs] 
22.429: Total time for which application threads were stopped: 0.0004230 seconds, Stopping threads took: 0.0000440 seconds
22.466: Application time: 0.0371680 seconds
22.466: [GC22.466: [ParNew: 7057K->394K(7424K), 0.0003660 secs] 15981K->9318K(23808K), 0.0003830 secs] [Times: user=0.01 sys=0.01, real=0.00 secs] 
22.466: Total time for which application threads were stopped: 0.0004640 seconds, Stopping threads took: 0.0000450 seconds
22.504: Application time: 0.0371320 seconds
22.504: [GC22.504: [ParNew: 7050K->403K(7424K), 0.0002880 secs] 15974K->9327K(23808K), 0.0003050 secs] [Times: user=0.01 sys=0.00, real=0.00 secs] 
22.504: Total time for which application threads were stopped: 0.0003880 seconds, Stopping threads took: 0.0000380 seconds
22.541: Application time: 0.0371050 seconds
22.541: [GC22.541: [ParNew: 7059K->382K(7424K), 0.0002600 secs] 15983K->9306K(23808K), 0.0002770 secs] [Times: user=0.00 sys=0.00, real=0.00 secs] 
22.541: Total time for which application threads were stopped: 0.0003550 seconds, Stopping threads took: 0.0000410 seconds
22.578: Application time: 0.0361020 seconds
22.578: [GC22.578: [ParNew: 7038K->406K(7424K), 0.0002860 secs] 15962K->9330K(23808K), 0.0003020 secs] [Times: user=0.00 sys=0.00, real=0.00 secs] 
22.578: Total time for which application threads were stopped: 0.0003830 seconds, Stopping threads took: 0.0000450 seconds
22.615: Application time: 0.0371880 seconds
22.615: [GC22.615: [ParNew: 7062K->285K(7424K), 0.0003620 secs] 15986K->9365K(23808K), 0.0003780 secs] [Times: user=0.00 sys=0.00, real=0.00 secs] 
22.616: Total time for which application threads were stopped: 0.0004580 seconds, Stopping threads took: 0.0000450 seconds
22.652: Application time: 0.0367410 seconds
22.652: [GC22.652: [ParNew: 6941K->276K(7424K), 0.0002410 secs] 16021K->9356K(23808K), 0.0002610 secs] [Times: user=0.01 sys=0.00, real=0.00 secs] 
22.653: Total time for which application threads were stopped: 0.0003390 seconds, Stopping threads took: 0.0000410 seconds
22.690: Application time: 0.0369840 seconds
22.690: [GC22.690: [ParNew: 6932K->280K(7424K), 0.0003250 secs] 16012K->9360K(23808K), 0.0003420 secs] [Times: user=0.00 sys=0.00, real=0.00 secs] 
22.690: Total time for which application threads were stopped: 0.0004180 seconds, Stopping threads took: 0.0000380 seconds
22.727: Application time: 0.0372250 seconds
22.730: [GC22.730: [ParNew: 6936K->281K(7424K), 0.0002760 secs] 16016K->9362K(23808K), 0.0002940 secs] [Times: user=0.01 sys=0.00, real=0.00 secs] 
22.730: Total time for which application threads were stopped: 0.0030900 seconds, Stopping threads took: 0.0027570 seconds
22.767: Application time: 0.0368960 seconds
22.767: [GC22.767: [ParNew: 6937K->223K(7424K), 0.0002490 secs] 16018K->9399K(23808K), 0.0002670 secs] [Times: user=0.00 sys=0.00, real=0.00 secs] 
22.768: Total time for which application threads were stopped: 0.0003450 seconds, Stopping threads took: 0.0000390 seconds
22.805: Application time: 0.0371490 seconds
22.805: [GC22.805: [ParNew: 6879K->196K(7424K), 0.0002410 secs] 16055K->9445K(23808K), 0.0002570 secs] [Times: user=0.00 sys=0.00, real=0.00 secs] 
22.805: Total time for which application threads were stopped: 0.0003320 seconds, Stopping threads took: 0.0000390 seconds
22.842: Application time: 0.0369830 seconds
22.842: [GC22.842: [ParNew: 6852K->163K(7424K), 0.0002210 secs] 16101K->9475K(23808K), 0.0002380 secs] [Times: user=0.00 sys=0.00, real=0.00 secs] 
22.842: Total time for which application threads were stopped: 0.0003180 seconds, Stopping threads took: 0.0000450 seconds
22.879: Application time: 0.0370440 seconds
22.880: [GC22.880: [ParNew: 6819K->165K(7424K), 0.0002260 secs] 16131K->9477K(23808K), 0.0002490 secs] [Times: user=0.00 sys=0.00, real=0.00 secs] 
22.880: Total time for which application threads were stopped: 0.0003260 seconds, Stopping threads took: 0.0000430 seconds
22.917: Application time: 0.0369160 seconds
22.917: [GC22.917: [ParNew: 6821K->171K(7424K), 0.0002390 secs] 16133K->9483K(23808K), 0.0002550 secs] [Times: user=0.00 sys=0.00, real=0.00 secs] 
22.917: Total time for which application threads were stopped: 0.0003310 seconds, Stopping threads took: 0.0000410 seconds
22.954: Application time: 0.0367850 seconds
22.954: [GC22.954: [ParNew: 6827K->280K(7424K), 0.0003580 secs] 16139K->9592K(23808K), 0.0003800 secs] [Times: user=0.00 sys=0.00, real=0.01 secs] 
22.954: Total time for which application threads were stopped: 0.0004660 seconds, Stopping threads took: 0.0000460 seconds
22.990: Application time: 0.0359070 seconds
22.990: [GC22.990: [ParNew: 6936K->320K(7424K), 0.0002650 secs] 16248K->9633K(23808K), 0.0002840 secs] [Times: user=0.00 sys=0.00, real=0.00 secs] 
22.991: Total time for which application threads were stopped: 0.0004370 seconds, Stopping threads took: 0.0001150 seconds
23.027: Application time: 0.0364170 seconds
23.027: [GC23.027: [ParNew: 6976K->369K(7424K), 0.0003410 secs] 16289K->9682K(23808K), 0.0003590 secs] [Times: user=0.01 sys=0.00, real=0.00 secs] 
23.028: Total time for which application threads were stopped: 0.0004540 seconds, Stopping threads took: 0.0000460 seconds
23.064: Application time: 0.0369080 seconds
23.064: [GC23.064: [ParNew: 7025K->396K(7424K), 0.0002920 secs] 16338K->9709K(23808K), 0.0003090 secs] [Times: user=0.00 sys=0.00, real=0.00 secs] 
23.065: Total time for which application threads were stopped: 0.0003840 seconds, Stopping threads took: 0.0000410 seconds
23.102: Application time: 0.0367740 seconds
23.102: [GC23.102: [ParNew: 7052K->398K(7424K), 0.0002930 secs] 16365K->9710K(23808K), 0.0003100 secs] [Times: user=0.00 sys=0.00, real=0.00 secs] 
23.102: Total time for which application threads were stopped: 0.0003870 seconds, Stopping threads took: 0.0000420 seconds
23.139: Application time: 0.0369960 seconds
23.139: [GC23.139: [ParNew: 7054K->402K(7424K), 0.0002820 secs] 16366K->9715K(23808K), 0.0003000 secs] [Times: user=0.01 sys=0.00, real=0.00 secs] 
23.139: Total time for which application threads were stopped: 0.0003830 seconds, Stopping threads took: 0.0000450 seconds
23.176: Application time: 0.0369780 seconds
23.176: [GC23.176: [ParNew: 7058K->403K(7424K), 0.0002800 secs] 16371K->9715K(23808K), 0.0002970 secs] [Times: user=0.00 sys=0.00, real=0.00 secs] 
23.177: Total time for which application threads were stopped: 0.0003760 seconds, Stopping threads took: 0.0000430 seconds
23.214: Application time: 0.0370400 seconds
23.214: [GC23.214: [ParNew: 7059K->406K(7424K), 0.0002890 secs] 16371K->9718K(23808K), 0.0003080 secs] [Times: user=0.00 sys=0.00, real=0.01 secs] 
23.214: Total time for which application threads were stopped: 0.0003840 seconds, Stopping threads took: 0.0000400 seconds
23.255: Application time: 0.0409600 seconds
23.255: [GC23.255: [ParNew: 7062K->389K(7424K), 0.0004210 secs] 16374K->9701K(23808K), 0.0004400 secs] [Times: user=0.01 sys=0.00, real=0.00 secs] 
23.256: Total time for which application threads were stopped: 0.0005610 seconds, Stopping threads took: 0.0000670 seconds
23.294: Application time: 0.0381970 seconds
23.294: [GC23.294: [ParNew: 7045K->396K(7424K), 0.0003980 secs] 16357K->9708K(23808K), 0.0004210 secs] [Times: user=0.01 sys=0.00, real=0.01 secs] 
23.294: Total time for which application threads were stopped: 0.0005170 seconds, Stopping threads took: 0.0000490 seconds
23.332: Application time: 0.0373330 seconds
23.332: [GC23.332: [ParNew: 7052K->241K(7424K), 0.0003200 secs] 16364K->9761K(23808K), 0.0003430 secs] [Times: user=0.00 sys=0.00, real=0.00 secs] 
23.332: Total time for which application threads were stopped: 0.0004410 seconds, Stopping threads took: 0.0000500 seconds
23.369: Application time: 0.0367100 seconds
23.369: [GC23.369: [ParNew: 6897K->240K(7424K), 0.0003490 secs] 16417K->9760K(23808K), 0.0003750 secs] [Times: user=0.00 sys=0.00, real=0.00 secs] 
23.369: Total time for which application threads were stopped: 0.0004710 seconds, Stopping threads took: 0.0000570 seconds
23.406: Application time: 0.0365830 seconds
23.406: [GC23.406: [ParNew: 6896K->280K(7424K), 0.0003210 secs] 16416K->9800K(23808K), 0.0003400 secs] [Times: user=0.00 sys=0.00, real=0.00 secs] 
23.406: Total time for which application threads were stopped: 0.0004160 seconds, Stopping threads took: 0.0000380 seconds
23.443: Application time: 0.0367630 seconds
23.443: [GC23.443: [ParNew: 6936K->278K(7424K), 0.0002580 secs] 16456K->9798K(23808K), 0.0002750 secs] [Times: user=0.00 sys=0.00, real=0.00 secs] 
23.443: Total time for which application threads were stopped: 0.0003580 seconds, Stopping threads took: 0.0000460 seconds
23.480: Application time: 0.0367090 seconds
23.480: [GC23.480: [ParNew: 6934K->283K(7424K), 0.0002300 secs] 16454K->9803K(23808K), 0.0002480 secs] [Times: user=0.00 sys=0.00, real=0.00 secs] 
23.481: Total time for which application threads were stopped: 0.0003230 seconds, Stopping threads took: 0.0000400 seconds
23.518: Application time: 0.0373210 seconds
23.518: [GC23.518: [ParNew: 6939K->286K(7424K), 0.0002390 secs] 16459K->9806K(23808K), 0.0002560 secs] [Times: user=0.00 sys=0.00, real=0.00 secs] 
23.518: Total time for which application threads were stopped: 0.0003310 seconds, Stopping threads took: 0.0000410 seconds
23.555: Application time: 0.0369630 seconds
23.555: [GC23.555: [ParNew: 6942K->214K(7424K), 0.0003130 secs] 16462K->9838K(23808K), 0.0003310 secs] [Times: user=0.01 sys=0.00, real=0.00 secs] 
23.556: Total time for which application threads were stopped: 0.0004240 seconds, Stopping threads took: 0.0000440 seconds
23.592: Application time: 0.0366270 seconds
23.592: [GC23.592: [ParNew: 6870K->196K(7424K), 0.0002980 secs] 16494K->9884K(23808K), 0.0003150 secs] [Times: user=0.00 sys=0.00, real=0.00 secs] 
23.593: Total time for which application threads were stopped: 0.0003910 seconds, Stopping threads took: 0.0000420 seconds
23.630: Application time: 0.0371770 seconds
23.630: [GC23.630: [ParNew: 6852K->166K(7424K), 0.0002630 secs] 16540K->9911K(23808K), 0.0002820 secs] [Times: user=0.01 sys=0.00, real=0.00 secs] 
23.630: Total time for which application threads were stopped: 0.0003690 seconds, Stopping threads took: 0.0000480 seconds
23.667: Application time: 0.0367860 seconds
23.667: [GC23.667: [ParNew: 6822K->178K(7424K), 0.0002350 secs] 16567K->9923K(23808K), 0.0002520 secs] [Times: user=0.00 sys=0.00, real=0.00 secs] 
23.667: Total time for which application threads were stopped: 0.0003250 seconds, Stopping threads took: 0.0000370 seconds
23.704: Application time: 0.0370810 seconds
23.704: [GC23.704: [ParNew: 6834K->166K(7424K), 0.0002320 secs] 16579K->9911K(23808K), 0.0002470 secs] [Times: user=0.00 sys=0.00, real=0.00 secs] 
23.705: Total time for which application threads were stopped: 0.0003220 seconds, Stopping threads took: 0.0000430 seconds
23.741: Application time: 0.0362220 seconds
23.741: [GC23.741: [ParNew: 6822K->208K(7424K), 0.0002890 secs] 16567K->9953K(23808K), 0.0003080 secs] [Times: user=0.00 sys=0.00, real=0.00 secs] 
23.741: Total time for which application threads were stopped: 0.0003960 seconds, Stopping threads took: 0.0000500 seconds
23.777: Application time: 0.0358170 seconds
23.777: [GC23.777: [ParNew: 6864K->308K(7424K), 0.0002960 secs] 16609K->10053K(23808K), 0.0003160 secs] [Times: user=0.00 sys=0.00, real=0.00 secs] 
23.777: Total time for which application threads were stopped: 0.0003920 seconds, Stopping threads took: 0.0000370 seconds
23.814: Application time: 0.0365630 seconds
23.814: [GC23.814: [ParNew: 6964K->327K(7424K), 0.0002650 secs] 16709K->10071K(23808K), 0.0002820 secs] [Times: user=0.00 sys=0.00, real=0.00 secs] 
23.814: Total time for which application threads were stopped: 0.0003560 seconds, Stopping threads took: 0.0000370 seconds
23.850: Application time: 0.0359230 seconds
23.850: [GC23.850: [ParNew: 6983K->397K(7424K), 0.0002930 secs] 16727K->10141K(23808K), 0.0003200 secs] [Times: user=0.00 sys=0.00, real=0.00 secs] 
23.851: Total time for which application threads were stopped: 0.0004030 seconds, Stopping threads took: 0.0000450 seconds
23.888: Application time: 0.0371310 seconds
23.888: [GC23.888: [ParNew: 7053K->309K(7424K), 0.0003000 secs] 16797K->10198K(23808K), 0.0003190 secs] [Times: user=0.00 sys=0.00, real=0.00 secs] 
23.888: Total time for which application threads were stopped: 0.0004050 seconds, Stopping threads took: 0.0000470 seconds
23.925: Application time: 0.0367840 seconds
23.925: [GC23.925: [ParNew: 6965K->306K(7424K), 0.0002650 secs] 16854K->10195K(23808K), 0.0002830 secs] [Times: user=0.00 sys=0.00, real=0.00 secs] 
23.925: Total time for which application threads were stopped: 0.0003610 seconds, Stopping threads took: 0.0000410 seconds
23.962: Application time: 0.0370980 seconds
23.963: [GC23.963: [ParNew: 6962K->308K(7424K), 0.0002380 secs] 16851K->10196K(23808K), 0.0002560 secs] [Times: user=0.00 sys=0.00, real=0.00 secs] 
23.963: Total time for which application threads were stopped: 0.0003560 seconds, Stopping threads took: 0.0000630 seconds
24.000: Application time: 0.0368160 seconds
24.000: [GC24.000: [ParNew: 6964K->311K(7424K), 0.0002470 secs] 16852K->10200K(23808K), 0.0002630 secs] [Times: user=0.00 sys=0.00, real=0.00 secs] 
24.000: Total time for which application threads were stopped: 0.0003340 seconds, Stopping threads took: 0.0000360 seconds
24.037: Application time: 0.0369080 seconds
24.037: [GC24.037: [ParNew: 6967K->311K(7424K), 0.0002350 secs] 16856K->10199K(23808K), 0.0002520 secs] [Times: user=0.00 sys=0.00, real=0.00 secs] 
24.037: Total time for which application threads were stopped: 0.0003380 seconds, Stopping threads took: 0.0000490 seconds
24.074: Application time: 0.0370220 seconds
24.074: [GC24.074: [ParNew: 6967K->300K(7424K), 0.0002680 secs] 16855K->10189K(23808K), 0.0002850 secs] [Times: user=0.00 sys=0.00, real=0.00 secs] 
24.075: Total time for which application threads were stopped: 0.0003680 seconds, Stopping threads took: 0.0000380 seconds
24.111: Application time: 0.0366100 seconds
24.111: [GC24.111: [ParNew: 6956K->303K(7424K), 0.0002530 secs] 16845K->10191K(23808K), 0.0002700 secs] [Times: user=0.00 sys=0.00, real=0.00 secs] 
24.112: Total time for which application threads were stopped: 0.0003510 seconds, Stopping threads took: 0.0000450 seconds
24.148: Application time: 0.0365580 seconds
24.148: [GC24.148: [ParNew: 6959K->326K(7424K), 0.0003010 secs] 16847K->10214K(23808K), 0.0003190 secs] [Times: user=0.00 sys=0.00, real=0.00 secs] 
24.149: Total time for which application threads were stopped: 0.0003940 seconds, Stopping threads took: 0.0000370 seconds
24.186: Application time: 0.0371300 seconds
24.186: [GC24.186: [ParNew: 6982K->340K(7424K), 0.0002700 secs] 16870K->10229K(23808K), 0.0002860 secs] [Times: user=0.01 sys=0.00, real=0.00 secs] 
24.186: Total time for which application threads were stopped: 0.0003620 seconds, Stopping threads took: 0.0000410 seconds
24.223: Application time: 0.0365610 seconds
24.223: [GC24.223: [ParNew: 6996K->337K(7424K), 0.0003100 secs] 16885K->10225K(23808K), 0.0003270 secs] [Times: user=0.00 sys=0.00, real=0.00 secs] 
24.223: Total time for which application threads were stopped: 0.0004240 seconds, Stopping threads took: 0.0000610 seconds
24.260: Application time: 0.0368960 seconds
24.260: [GC24.260: [ParNew: 6993K->332K(7424K), 0.0002560 secs] 16881K->10221K(23808K), 0.0002740 secs] [Times: user=0.00 sys=0.00, real=0.00 secs] 
24.260: Total time for which application threads were stopped: 0.0003540 seconds, Stopping threads took: 0.0000430 seconds
24.297: Application time: 0.0370130 seconds
24.297: [GC24.297: [ParNew: 6988K->343K(7424K), 0.0003300 secs] 16877K->10231K(23808K), 0.0003480 secs] [Times: user=0.01 sys=0.00, real=0.00 secs] 
24.298: Total time for which application threads were stopped: 0.0004300 seconds, Stopping threads took: 0.0000440 seconds
24.335: Application time: 0.0369180 seconds
24.335: [GC24.335: [ParNew: 6999K->251K(7424K), 0.0003190 secs] 16887K->10268K(23808K), 0.0003490 secs] [Times: user=0.00 sys=0.00, real=0.00 secs] 
24.335: Total time for which application threads were stopped: 0.0004330 seconds, Stopping threads took: 0.0000410 seconds
24.372: Application time: 0.0370630 seconds
24.372: [GC24.372: [ParNew: 6907K->216K(7424K), 0.0002420 secs] 16924K->10289K(23808K), 0.0002590 secs] [Times: user=0.00 sys=0.00, real=0.00 secs] 
24.372: Total time for which application threads were stopped: 0.0003350 seconds, Stopping threads took: 0.0000410 seconds
24.410: Application time: 0.0370340 seconds
24.410: [GC24.410: [ParNew: 6872K->158K(7424K), 0.0003210 secs] 16945K->10319K(23808K), 0.0003380 secs] [Times: user=0.00 sys=0.00, real=0.00 secs] 
24.410: Total time for which application threads were stopped: 0.0004120 seconds, Stopping threads took: 0.0000380 seconds
24.447: Application time: 0.0368230 seconds
24.447: [GC24.447: [ParNew: 6814K->163K(7424K), 0.0003000 secs] 16975K->10324K(23808K), 0.0003170 secs] [Times: user=0.00 sys=0.00, real=0.00 secs] 
24.447: Total time for which application threads were stopped: 0.0003900 seconds, Stopping threads took: 0.0000380 seconds
24.485: Application time: 0.0380030 seconds
24.485: [GC24.485: [ParNew: 6819K->163K(7424K), 0.0002760 secs] 16980K->10324K(23808K), 0.0002990 secs] [Times: user=0.00 sys=0.00, real=0.00 secs] 
24.486: Total time for which application threads were stopped: 0.0003880 seconds, Stopping threads took: 0.0000450 seconds
24.522: Application time: 0.0364500 seconds
24.522: [GC24.522: [ParNew: 6819K->188K(7424K), 0.0003450 secs] 16980K->10349K(23808K), 0.0003620 secs] [Times: user=0.00 sys=0.00, real=0.00 secs] 
24.522: Total time for which application threads were stopped: 0.0004420 seconds, Stopping threads took: 0.0000420 seconds
24.557: Application time: 0.0349090 seconds
24.557: [GC24.557: [ParNew: 6844K->307K(7424K), 0.0003350 secs] 17005K->10468K(23808K), 0.0003530 secs] [Times: user=0.01 sys=0.00, real=0.00 secs] 
24.558: Total time for which application threads were stopped: 0.0004310 seconds, Stopping threads took: 0.0000420 seconds
24.594: Application time: 0.0363540 seconds
24.594: [GC24.594: [ParNew: 6963K->332K(7424K), 0.0003400 secs] 17124K->10493K(23808K), 0.0003560 secs] [Times: user=0.00 sys=0.00, real=0.00 secs] 
24.595: Total time for which application threads were stopped: 0.0004470 seconds, Stopping threads took: 0.0000460 seconds
24.631: Application time: 0.0365150 seconds
24.631: [GC24.631: [ParNew: 6988K->367K(7424K), 0.0002980 secs] 17149K->10528K(23808K), 0.0003150 secs] [Times: user=0.00 sys=0.00, real=0.00 secs] 
24.632: Total time for which application threads were stopped: 0.0003840 seconds, Stopping threads took: 0.0000340 seconds
24.668: Application time: 0.0363850 seconds
24.668: [GC24.668: [ParNew: 7023K->396K(7424K), 0.0002850 secs] 17184K->10557K(23808K), 0.0003040 secs] [Times: user=0.01 sys=0.00, real=0.00 secs] 
24.668: Total time for which application threads were stopped: 0.0003900 seconds, Stopping threads took: 0.0000490 seconds
24.705: Application time: 0.0370220 seconds
24.705: [GC24.705: [ParNew: 7052K->399K(7424K), 0.0003130 secs] 17213K->10560K(23808K), 0.0003310 secs] [Times: user=0.00 sys=0.00, real=0.00 secs] 
24.706: Total time for which application threads were stopped: 0.0004080 seconds, Stopping threads took: 0.0000410 seconds
24.743: Application time: 0.0370690 seconds
24.743: [GC24.743: [ParNew: 7055K->401K(7424K), 0.0002870 secs] 17216K->10562K(23808K), 0.0003030 secs] [Times: user=0.00 sys=0.00, real=0.00 secs] 
24.743: Total time for which application threads were stopped: 0.0003770 seconds, Stopping threads took: 0.0000370 seconds
24.780: Application time: 0.0367440 seconds
24.780: [GC24.780: [ParNew: 7057K->398K(7424K), 0.0002810 secs] 17218K->10559K(23808K), 0.0002980 secs] [Times: user=0.00 sys=0.00, real=0.00 secs] 
24.780: Total time for which application threads were stopped: 0.0003780 seconds, Stopping threads took: 0.0000370 seconds
24.817: Application time: 0.0370190 seconds
24.817: [GC24.817: [ParNew: 7054K->402K(7424K), 0.0002720 secs] 17215K->10563K(23808K), 0.0002890 secs] [Times: user=0.00 sys=0.00, real=0.00 secs] 
24.818: Total time for which application threads were stopped: 0.0003720 seconds, Stopping threads took: 0.0000470 seconds
24.855: Application time: 0.0368490 seconds
24.855: [GC24.855: [ParNew: 7058K->398K(7424K), 0.0002550 secs] 17219K->10559K(23808K), 0.0002730 secs] [Times: user=0.00 sys=0.00, real=0.00 secs] 
24.855: Total time for which application threads were stopped: 0.0003640 seconds, Stopping threads took: 0.0000570 seconds
24.892: Application time: 0.0369520 seconds
24.892: [GC24.892: [ParNew: 7054K->403K(7424K), 0.0002670 secs] 17215K->10564K(23808K), 0.0002840 secs] [Times: user=0.00 sys=0.00, real=0.00 secs] 
24.892: Total time for which application threads were stopped: 0.0003610 seconds, Stopping threads took: 0.0000410 seconds
24.929: Application time: 0.0366510 seconds
24.929: [GC24.929: [ParNew: 7059K->396K(7424K), 0.0002940 secs] 17220K->10557K(23808K), 0.0003100 secs] [Times: user=0.00 sys=0.00, real=0.00 secs] 
24.929: Total time for which application threads were stopped: 0.0003810 seconds, Stopping threads took: 0.0000370 seconds
24.966: Application time: 0.0370060 seconds
24.966: [GC24.966: [ParNew: 7052K->367K(7424K), 0.0002920 secs] 17213K->10584K(23808K), 0.0003070 secs] [Times: user=0.00 sys=0.00, real=0.00 secs] 
24.967: Total time for which application threads were stopped: 0.0003790 seconds, Stopping threads took: 0.0000380 seconds
25.004: Application time: 0.0368980 seconds
25.004: [GC25.004: [ParNew: 7023K->370K(7424K), 0.0003710 secs] 17240K->10587K(23808K), 0.0003880 secs] [Times: user=0.00 sys=0.00, real=0.00 secs] 
25.004: Total time for which application threads were stopped: 0.0004660 seconds, Stopping threads took: 0.0000430 seconds
25.041: Application time: 0.0367550 seconds
25.041: [GC25.041: [ParNew: 7026K->370K(7424K), 0.0003400 secs] 17243K->10587K(23808K), 0.0003570 secs] [Times: user=0.00 sys=0.00, real=0.00 secs] 
25.041: Total time for which application threads were stopped: 0.0004320 seconds, Stopping threads took: 0.0000370 seconds
25.078: Application time: 0.0369330 seconds
25.078: [GC25.078: [ParNew: 7026K->367K(7424K), 0.0002800 secs] 17243K->10584K(23808K), 0.0002970 secs] [Times: user=0.00 sys=0.00, real=0.00 secs] 
25.078: Total time for which application threads were stopped: 0.0003700 seconds, Stopping threads took: 0.0000380 seconds
25.115: Application time: 0.0369460 seconds
25.116: [GC25.116: [ParNew: 7023K->261K(7424K), 0.0003400 secs] 17240K->10622K(23808K), 0.0003560 secs] [Times: user=0.01 sys=0.00, real=0.00 secs] 
25.116: Total time for which application threads were stopped: 0.0004450 seconds, Stopping threads took: 0.0000460 seconds
25.153: Application time: 0.0370810 seconds
25.153: [GC25.153: [ParNew: 6917K->212K(7424K), 0.0002410 secs] 17278K->10645K(23808K), 0.0002580 secs] [Times: user=0.00 sys=0.00, real=0.00 secs] 
25.153: Total time for which application threads were stopped: 0.0003360 seconds, Stopping threads took: 0.0000400 seconds
25.191: Application time: 0.0372210 seconds
25.191: [GC25.191: [ParNew: 6868K->193K(7424K), 0.0002360 secs] 17301K->10690K(23808K), 0.0002530 secs] [Times: user=0.00 sys=0.00, real=0.00 secs] 
25.191: Total time for which application threads were stopped: 0.0003290 seconds, Stopping threads took: 0.0000420 seconds
25.228: Application time: 0.0366710 seconds
25.230: [GC25.230: [ParNew: 6849K->160K(7424K), 0.0002310 secs] 17346K->10721K(23808K), 0.0002490 secs] [Times: user=0.00 sys=0.00, real=0.00 secs] 
25.230: Total time for which application threads were stopped: 0.0028180 seconds, Stopping threads took: 0.0025320 seconds
25.267: Application time: 0.0369250 seconds
25.270: [GC25.270: [ParNew: 6816K->164K(7424K), 0.0002750 secs] 17377K->10726K(23808K), 0.0002940 secs] [Times: user=0.00 sys=0.00, real=0.00 secs] 
25.270: Total time for which application threads were stopped: 0.0031660 seconds, Stopping threads took: 0.0028270 seconds
25.307: Application time: 0.0364910 seconds
25.307: [GC25.307: [ParNew: 6820K->198K(7424K), 0.0002390 secs] 17382K->10759K(23808K), 0.0002580 secs] [Times: user=0.00 sys=0.00, real=0.00 secs] 
25.307: Total time for which application threads were stopped: 0.0003350 seconds, Stopping threads took: 0.0000380 seconds
25.342: Application time: 0.0351670 seconds
25.343: [GC25.343: [ParNew: 6854K->296K(7424K), 0.0003030 secs] 17415K->10857K(23808K), 0.0003240 secs] [Times: user=0.00 sys=0.00, real=0.00 secs] 
25.343: Total time for which application threads were stopped: 0.0004050 seconds, Stopping threads took: 0.0000410 seconds
25.379: Application time: 0.0366030 seconds
25.380: [GC25.380: [ParNew: 6952K->308K(7424K), 0.0002680 secs] 17513K->10869K(23808K), 0.0002870 secs] [Times: user=0.00 sys=0.00, real=0.00 secs] 
25.380: Total time for which application threads were stopped: 0.0003650 seconds, Stopping threads took: 0.0000410 seconds
25.416: Application time: 0.0359520 seconds
25.416: [GC25.416: [ParNew: 6964K->371K(7424K), 0.0002770 secs] 17525K->10933K(23808K), 0.0002940 secs] [Times: user=0.00 sys=0.00, real=0.00 secs] 
25.416: Total time for which application threads were stopped: 0.0003830 seconds, Stopping threads took: 0.0000520 seconds
25.453: Application time: 0.0363660 seconds
25.453: [GC25.453: [ParNew: 7027K->398K(7424K), 0.0002870 secs] 17589K->10959K(23808K), 0.0003060 secs] [Times: user=0.01 sys=0.00, real=0.00 secs] 
25.453: Total time for which application threads were stopped: 0.0003870 seconds, Stopping threads took: 0.0000440 seconds
25.490: Application time: 0.0368070 seconds
25.490: [GC25.490: [ParNew: 7054K->397K(7424K), 0.0002810 secs] 17615K->10959K(23808K), 0.0003010 secs] [Times: user=0.00 sys=0.00, real=0.00 secs] 
25.490: Total time for which application threads were stopped: 0.0003890 seconds, Stopping threads took: 0.0000510 seconds
25.527: Application time: 0.0370080 seconds
25.527: [GC25.527: [ParNew: 7053K->400K(7424K), 0.0002980 secs] 17615K->10961K(23808K), 0.0003160 secs] [Times: user=0.00 sys=0.00, real=0.00 secs] 
25.528: Total time for which application threads were stopped: 0.0004030 seconds, Stopping threads took: 0.0000500 seconds
25.564: Application time: 0.0369470 seconds
25.565: [GC25.565: [ParNew: 7056K->401K(7424K), 0.0002740 secs] 17617K->10979K(23808K), 0.0002920 secs] [Times: user=0.01 sys=0.00, real=0.00 secs] 
25.565: Total time for which application threads were stopped: 0.0003650 seconds, Stopping threads took: 0.0000380 seconds
25.602: Application time: 0.0374760 seconds
25.602: [GC25.602: [ParNew: 7057K->402K(7424K), 0.0003480 secs] 17635K->10979K(23808K), 0.0003650 secs] [Times: user=0.00 sys=0.00, real=0.00 secs] 
25.603: Total time for which application threads were stopped: 0.0004450 seconds, Stopping threads took: 0.0000440 seconds
25.639: Application time: 0.0367110 seconds
25.640: [GC25.640: [ParNew: 7058K->344K(7424K), 0.0003770 secs] 17635K->10985K(23808K), 0.0003930 secs] [Times: user=0.00 sys=0.00, real=0.00 secs] 
25.640: Total time for which application threads were stopped: 0.0004840 seconds, Stopping threads took: 0.0000440 seconds
25.677: Application time: 0.0365820 seconds
25.677: [GC25.677: [ParNew: 7000K->347K(7424K), 0.0002730 secs] 17641K->10988K(23808K), 0.0002910 secs] [Times: user=0.00 sys=0.00, real=0.00 secs] 
25.677: Total time for which application threads were stopped: 0.0003710 seconds, Stopping threads took: 0.0000440 seconds
25.714: Application time: 0.0366820 seconds
25.714: [GC25.714: [ParNew: 7003K->369K(7424K), 0.0002700 secs] 17644K->11010K(23808K), 0.0002870 secs] [Times: user=0.00 sys=0.00, real=0.00 secs] 
25.714: Total time for which application threads were stopped: 0.0003640 seconds, Stopping threads took: 0.0000390 seconds
25.751: Application time: 0.0368290 seconds
25.751: [GC25.751: [ParNew: 7025K->372K(7424K), 0.0003440 secs] 17666K->11013K(23808K), 0.0003620 secs] [Times: user=0.00 sys=0.00, real=0.00 secs] 
25.751: Total time for which application threads were stopped: 0.0004420 seconds, Stopping threads took: 0.0000380 seconds
25.788: Application time: 0.0371070 seconds
25.788: [GC25.788: [ParNew: 7028K->366K(7424K), 0.0002670 secs] 17669K->11007K(23808K), 0.0002850 secs] [Times: user=0.00 sys=0.00, real=0.00 secs] 
25.789: Total time for which application threads were stopped: 0.0003660 seconds, Stopping threads took: 0.0000440 seconds
25.825: Application time: 0.0366250 seconds
25.825: [GC25.825: [ParNew: 7022K->350K(7424K), 0.0003280 secs] 17663K->10991K(23808K), 0.0003450 secs] [Times: user=0.00 sys=0.00, real=0.00 secs] 
25.826: Total time for which application threads were stopped: 0.0004190 seconds, Stopping threads took: 0.0000370 seconds
25.863: Application time: 0.0368440 seconds
25.863: [GC25.863: [ParNew: 7006K->366K(7424K), 0.0003360 secs] 17647K->11008K(23808K), 0.0003520 secs] [Times: user=0.00 sys=0.00, real=0.00 secs] 
25.863: Total time for which application threads were stopped: 0.0004380 seconds, Stopping threads took: 0.0000500 seconds
25.900: Application time: 0.0367300 seconds
25.900: [GC25.900: [ParNew: 7022K->255K(7424K), 0.0002700 secs] 17664K->11060K(23808K), 0.0002870 secs] [Times: user=0.01 sys=0.00, real=0.00 secs] 
25.900: Total time for which application threads were stopped: 0.0003640 seconds, Stopping threads took: 0.0000390 seconds
25.937: Application time: 0.0368290 seconds
25.938: [GC25.938: [ParNew: 6911K->256K(7424K), 0.0002460 secs] 17716K->11061K(23808K), 0.0002650 secs] [Times: user=0.00 sys=0.00, real=0.00 secs] 
25.938: Total time for which application threads were stopped: 0.0014080 seconds, Stopping threads took: 0.0011060 seconds
25.976: Application time: 0.0379890 seconds
25.976: [GC25.976: [ParNew: 6912K->203K(7424K), 0.0003500 secs] 17717K->11112K(23808K), 0.0003710 secs] [Times: user=0.00 sys=0.00, real=0.00 secs] 
25.977: Total time for which application threads were stopped: 0.0004640 seconds, Stopping threads took: 0.0000520 seconds
26.014: Application time: 0.0370640 seconds
26.014: [GC26.014: [ParNew: 6859K->162K(7424K), 0.0002780 secs] 17768K->11128K(23808K), 0.0002960 secs] [Times: user=0.00 sys=0.00, real=0.01 secs] 
26.014: Total time for which application threads were stopped: 0.0003760 seconds, Stopping threads took: 0.0000420 seconds
26.051: Application time: 0.0367920 seconds
26.051: [GC26.051: [ParNew: 6818K->164K(7424K), 0.0002460 secs] 17784K->11130K(23808K), 0.0002620 secs] [Times: user=0.00 sys=0.00, real=0.00 secs] 
26.051: Total time for which application threads were stopped: 0.0003320 seconds, Stopping threads took: 0.0000360 seconds
26.088: Application time: 0.0365360 seconds
26.088: [GC26.088: [ParNew: 6820K->176K(7424K), 0.0002430 secs] 17786K->11141K(23808K), 0.0002630 secs] [Times: user=0.00 sys=0.00, real=0.00 secs] 
26.088: Total time for which application threads were stopped: 0.0003410 seconds, Stopping threads took: 0.0000400 seconds
26.124: Application time: 0.0360630 seconds
26.124: [GC26.124: [ParNew: 6832K->255K(7424K), 0.0002570 secs] 17797K->11221K(23808K), 0.0002760 secs] [Times: user=0.00 sys=0.00, real=0.00 secs] 
26.125: Total time for which application threads were stopped: 0.0003630 seconds, Stopping threads took: 0.0000480 seconds
26.161: Application time: 0.0361310 seconds
26.161: [GC26.161: [ParNew: 6911K->313K(7424K), 0.0002770 secs] 17877K->11279K(23808K), 0.0002950 secs] [Times: user=0.00 sys=0.00, real=0.00 secs] 
26.161: Total time for which application threads were stopped: 0.0003840 seconds, Stopping threads took: 0.0000410 seconds
26.197: Application time: 0.0358430 seconds
26.197: [GC26.197: [ParNew: 6969K->360K(7424K), 0.0003520 secs] 17935K->11325K(23808K), 0.0003690 secs] [Times: user=0.00 sys=0.00, real=0.00 secs] 
26.198: Total time for which application threads were stopped: 0.0004500 seconds, Stopping threads took: 0.0000430 seconds
26.234: Application time: 0.0361810 seconds
26.234: [GC26.234: [ParNew: 7016K->397K(7424K), 0.0003350 secs] 17981K->11362K(23808K), 0.0003530 secs] [Times: user=0.00 sys=0.00, real=0.01 secs] 
26.234: Total time for which application threads were stopped: 0.0004330 seconds, Stopping threads took: 0.0000370 seconds
26.271: Application time: 0.0370060 seconds
26.271: [GC26.271: [ParNew: 7053K->398K(7424K), 0.0002890 secs] 18018K->11363K(23808K), 0.0003060 secs] [Times: user=0.00 sys=0.00, real=0.00 secs] 
26.272: Total time for which application threads were stopped: 0.0003950 seconds, Stopping threads took: 0.0000540 seconds
26.309: Application time: 0.0372190 seconds
26.309: [GC26.309: [ParNew: 7054K->389K(7424K), 0.0002810 secs] 18019K->11355K(23808K), 0.0002980 secs] [Times: user=0.00 sys=0.00, real=0.00 secs] 
26.309: Total time for which application threads were stopped: 0.0003710 seconds, Stopping threads took: 0.0000350 seconds
26.346: Application time: 0.0372250 seconds
26.350: [GC26.350: [ParNew: 7045K->389K(7424K), 0.0003930 secs] 18011K->11354K(23808K), 0.0004140 secs] [Times: user=0.00 sys=0.00, real=0.00 secs] 
26.351: Total time for which application threads were stopped: 0.0041780 seconds, Stopping threads took: 0.0037190 seconds
26.387: Application time: 0.0369280 seconds
26.388: [GC26.388: [ParNew: 7045K->396K(7424K), 0.0002810 secs] 18010K->11361K(23808K), 0.0002970 secs] [Times: user=0.00 sys=0.00, real=0.00 secs] 
26.388: Total time for which application threads were stopped: 0.0003770 seconds, Stopping threads took: 0.0000450 seconds
26.425: Application time: 0.0370540 seconds
26.425: [GC26.425: [ParNew: 7052K->399K(7424K), 0.0003350 secs] 18017K->11365K(23808K), 0.0003540 secs] [Times: user=0.01 sys=0.00, real=0.00 secs] 
26.425: Total time for which application threads were stopped: 0.0004550 seconds, Stopping threads took: 0.0000620 seconds
26.462: Application time: 0.0369150 seconds
26.462: [GC26.462: [ParNew: 7055K->397K(7424K), 0.0002620 secs] 18021K->11362K(23808K), 0.0002790 secs] [Times: user=0.00 sys=0.00, real=0.00 secs] 
26.463: Total time for which application threads were stopped: 0.0003570 seconds, Stopping threads took: 0.0000420 seconds
26.499: Application time: 0.0367000 seconds
26.499: [GC26.499: [ParNew: 7053K->393K(7424K), 0.0002620 secs] 18018K->11358K(23808K), 0.0002790 secs] [Times: user=0.00 sys=0.00, real=0.00 secs] 
26.500: Total time for which application threads were stopped: 0.0003530 seconds, Stopping threads took: 0.0000370 seconds
26.536: Application time: 0.0367410 seconds
26.536: [GC26.537: [ParNew: 7049K->393K(7424K), 0.0002860 secs] 18014K->11359K(23808K), 0.0003020 secs] [Times: user=0.00 sys=0.00, real=0.00 secs] 
26.537: Total time for which application threads were stopped: 0.0003830 seconds, Stopping threads took: 0.0000440 seconds
26.574: Application time: 0.0367680 seconds
26.574: [GC26.574: [ParNew: 7049K->400K(7424K), 0.0002730 secs] 18015K->11366K(23808K), 0.0002920 secs] [Times: user=0.00 sys=0.00, real=0.00 secs] 
26.574: Total time for which application threads were stopped: 0.0003660 seconds, Stopping threads took: 0.0000370 seconds
26.611: Application time: 0.0369320 seconds
26.611: [GC26.611: [ParNew: 7056K->397K(7424K), 0.0002670 secs] 18022K->11363K(23808K), 0.0002830 secs] [Times: user=0.01 sys=0.00, real=0.00 secs] 
26.611: Total time for which application threads were stopped: 0.0003610 seconds, Stopping threads took: 0.0000430 seconds
26.648: Application time: 0.0367120 seconds
26.648: [GC26.648: [ParNew: 7053K->367K(7424K), 0.0002770 secs] 18019K->11389K(23808K), 0.0002950 secs] [Times: user=0.00 sys=0.00, real=0.00 secs] 
26.648: Total time for which application threads were stopped: 0.0003710 seconds, Stopping threads took: 0.0000390 seconds
26.685: Application time: 0.0368560 seconds
26.685: [GC26.685: [ParNew: 7023K->313K(7424K), 0.0002670 secs] 18045K->11431K(23808K), 0.0002830 secs] [Times: user=0.00 sys=0.00, real=0.00 secs] 
26.686: Total time for which application threads were stopped: 0.0003740 seconds, Stopping threads took: 0.0000460 seconds
26.723: Application time: 0.0372200 seconds
26.723: [GC26.723: [ParNew: 6969K->249K(7424K), 0.0003290 secs] 18087K->11446K(23808K), 0.0003450 secs] [Times: user=0.01 sys=0.00, real=0.00 secs] 
26.723: Total time for which application threads were stopped: 0.0004330 seconds, Stopping threads took: 0.0000450 seconds
26.760: Application time: 0.0369870 seconds
26.760: [GC26.760: [ParNew: 6905K->198K(7424K), 0.0002610 secs] 18102K->11500K(23808K), 0.0002790 secs] [Times: user=0.00 sys=0.00, real=0.00 secs] 
26.761: Total time for which application threads were stopped: 0.0003610 seconds, Stopping threads took: 0.0000450 seconds
26.797: Application time: 0.0368020 seconds
26.797: [GC26.797: [ParNew: 6854K->169K(7424K), 0.0002150 secs] 18156K->11535K(23808K), 0.0002320 secs] [Times: user=0.00 sys=0.00, real=0.00 secs] 
26.798: Total time for which application threads were stopped: 0.0003090 seconds, Stopping threads took: 0.0000420 seconds
26.835: Application time: 0.0369820 seconds
26.835: [GC26.835: [ParNew: 6825K->171K(7424K), 0.0002210 secs] 18191K->11536K(23808K), 0.0002380 secs] [Times: user=0.00 sys=0.00, real=0.00 secs] 
26.835: Total time for which application threads were stopped: 0.0003160 seconds, Stopping threads took: 0.0000420 seconds
26.872: Application time: 0.0369720 seconds
26.872: [GC26.872: [ParNew: 6827K->172K(7424K), 0.0002250 secs] 18192K->11538K(23808K), 0.0002430 secs] [Times: user=0.01 sys=0.00, real=0.00 secs] 
26.872: Total time for which application threads were stopped: 0.0003230 seconds, Stopping threads took: 0.0000460 seconds
26.908: Application time: 0.0354390 seconds
26.908: [GC26.908: [ParNew: 6817K->221K(7424K), 0.0002260 secs] 18182K->11586K(23808K), 0.0002440 secs] [Times: user=0.00 sys=0.00, real=0.00 secs] 
26.908: Total time for which application threads were stopped: 0.0003140 seconds, Stopping threads took: 0.0000350 seconds
26.944: Application time: 0.0355180 seconds
26.944: [GC26.944: [ParNew: 6877K->309K(7424K), 0.0003510 secs] 18242K->11674K(23808K), 0.0003700 secs] [Times: user=0.00 sys=0.00, real=0.00 secs] 
26.944: Total time for which application threads were stopped: 0.0004460 seconds, Stopping threads took: 0.0000400 seconds
26.980: Application time: 0.0359250 seconds
26.980: [GC26.980: [ParNew: 6965K->367K(7424K), 0.0003810 secs] 18330K->11732K(23808K), 0.0003990 secs] [Times: user=0.00 sys=0.00, real=0.00 secs] 
26.980: Total time for which application threads were stopped: 0.0004750 seconds, Stopping threads took: 0.0000370 seconds
27.017: Application time: 0.0365650 seconds
27.018: [GC27.018: [ParNew: 7023K->400K(7424K), 0.0003150 secs] 18388K->11766K(23808K), 0.0003360 secs] [Times: user=0.00 sys=0.00, real=0.00 secs] 
27.018: Total time for which application threads were stopped: 0.0014720 seconds, Stopping threads took: 0.0010950 seconds
27.055: Application time: 0.0369050 seconds
27.055: [GC27.055: [ParNew: 7056K->392K(7424K), 0.0002900 secs] 18422K->11757K(23808K), 0.0003060 secs] [Times: user=0.00 sys=0.00, real=0.00 secs] 
27.056: Total time for which application threads were stopped: 0.0003790 seconds, Stopping threads took: 0.0000380 seconds
27.093: Application time: 0.0368130 seconds
27.093: [GC27.093: [ParNew: 7048K->393K(7424K), 0.0002690 secs] 18413K->11759K(23808K), 0.0002850 secs] [Times: user=0.00 sys=0.00, real=0.00 secs] 
27.093: Total time for which application threads were stopped: 0.0003670 seconds, Stopping threads took: 0.0000450 seconds
27.130: Application time: 0.0372650 seconds
27.130: [GC27.130: [ParNew: 7049K->398K(7424K), 0.0002850 secs] 18415K->11764K(23808K), 0.0003020 secs] [Times: user=0.00 sys=0.00, real=0.00 secs] 
27.131: Total time for which application threads were stopped: 0.0003800 seconds, Stopping threads took: 0.0000420 seconds
27.167: Application time: 0.0368310 seconds
27.167: [GC27.167: [ParNew: 7054K->402K(7424K), 0.0002670 secs] 18420K->11767K(23808K), 0.0002850 secs] [Times: user=0.00 sys=0.00, real=0.00 secs] 
27.168: Total time for which application threads were stopped: 0.0003640 seconds, Stopping threads took: 0.0000430 seconds
27.205: Application time: 0.0370480 seconds
27.205: [GC27.205: [ParNew: 7058K->402K(7424K), 0.0002560 secs] 18423K->11767K(23808K), 0.0002720 secs] [Times: user=0.01 sys=0.00, real=0.00 secs] 
27.205: Total time for which application threads were stopped: 0.0003670 seconds, Stopping threads took: 0.0000380 seconds
27.242: Application time: 0.0367540 seconds
27.242: [GC27.242: [ParNew: 7058K->395K(7424K), 0.0002650 secs] 18423K->11761K(23808K), 0.0002830 secs] [Times: user=0.00 sys=0.00, real=0.01 secs] 
27.242: Total time for which application threads were stopped: 0.0003670 seconds, Stopping threads took: 0.0000450 seconds
27.279: Application time: 0.0368820 seconds
27.279: [GC27.279: [ParNew: 7051K->398K(7424K), 0.0002910 secs] 18417K->11763K(23808K), 0.0003080 secs] [Times: user=0.01 sys=0.00, real=0.00 secs] 
27.280: Total time for which application threads were stopped: 0.0003870 seconds, Stopping threads took: 0.0000440 seconds
27.317: Application time: 0.0370790 seconds
27.317: [GC27.317: [ParNew: 7054K->393K(7424K), 0.0003330 secs] 18419K->11759K(23808K), 0.0003560 secs] [Times: user=0.00 sys=0.00, real=0.00 secs] 
27.317: Total time for which application threads were stopped: 0.0004500 seconds, Stopping threads took: 0.0000510 seconds
27.354: Application time: 0.0366160 seconds
27.354: [GC27.354: [ParNew: 7049K->396K(7424K), 0.0003730 secs] 18415K->11762K(23808K), 0.0003910 secs] [Times: user=0.01 sys=0.00, real=0.01 secs] 
27.354: Total time for which application threads were stopped: 0.0004760 seconds, Stopping threads took: 0.0000470 seconds
27.391: Application time: 0.0367670 seconds
27.391: [GC27.391: [ParNew: 7052K->396K(7424K), 0.0003550 secs] 18418K->11762K(23808K), 0.0003700 secs] [Times: user=0.00 sys=0.00, real=0.00 secs] 
27.391: Total time for which application threads were stopped: 0.0004480 seconds, Stopping threads took: 0.0000430 seconds
27.428: Application time: 0.0368170 seconds
27.428: [GC27.428: [ParNew: 7052K->398K(7424K), 0.0003590 secs] 18418K->11764K(23808K), 0.0003760 secs] [Times: user=0.00 sys=0.00, real=0.00 secs] 
27.429: Total time for which application threads were stopped: 0.0004700 seconds, Stopping threads took: 0.0000560 seconds
27.466: Application time: 0.0369120 seconds
27.466: [GC27.466: [ParNew: 7054K->331K(7424K), 0.0003600 secs] 18420K->11805K(23808K), 0.0003790 secs] [Times: user=0.00 sys=0.00, real=0.00 secs] 
27.466: Total time for which application threads were stopped: 0.0004590 seconds, Stopping threads took: 0.0000420 seconds
27.504: Application time: 0.0381700 seconds
27.504: [GC27.504: [ParNew: 6987K->262K(7424K), 0.0003170 secs] 18461K->11840K(23808K), 0.0003380 secs] [Times: user=0.00 sys=0.00, real=0.00 secs] 
27.505: Total time for which application threads were stopped: 0.0004240 seconds, Stopping threads took: 0.0000440 seconds
27.541: Application time: 0.0368060 seconds
27.542: [GC27.542: [ParNew: 6918K->188K(7424K), 0.0002520 secs] 18496K->11870K(23808K), 0.0002700 secs] [Times: user=0.00 sys=0.00, real=0.00 secs] 
27.542: Total time for which application threads were stopped: 0.0003460 seconds, Stopping threads took: 0.0000370 seconds
27.579: Application time: 0.0371710 seconds
27.579: [GC27.579: [ParNew: 6844K->170K(7424K), 0.0002250 secs] 18526K->11916K(23808K), 0.0002450 secs] [Times: user=0.00 sys=0.00, real=0.00 secs] 
27.579: Total time for which application threads were stopped: 0.0003280 seconds, Stopping threads took: 0.0000440 seconds
27.616: Application time: 0.0368220 seconds
27.616: [GC27.616: [ParNew: 6826K->172K(7424K), 0.0002230 secs] 18572K->11917K(23808K), 0.0002410 secs] [Times: user=0.00 sys=0.00, real=0.00 secs] 
27.616: Total time for which application threads were stopped: 0.0003200 seconds, Stopping threads took: 0.0000410 seconds
27.653: Application time: 0.0369810 seconds
27.654: [GC27.654: [ParNew: 6828K->172K(7424K), 0.0002240 secs] 18573K->11918K(23808K), 0.0002420 secs] [Times: user=0.00 sys=0.00, real=0.00 secs] 
27.654: Total time for which application threads were stopped: 0.0003210 seconds, Stopping threads took: 0.0000410 seconds
27.690: Application time: 0.0361210 seconds
27.690: [GC27.690: [ParNew: 6828K->181K(7424K), 0.0003210 secs] 18574K->11927K(23808K), 0.0003400 secs] [Times: user=0.00 sys=0.00, real=0.00 secs] 
27.690: Total time for which application threads were stopped: 0.0004310 seconds, Stopping threads took: 0.0000440 seconds
27.725: Application time: 0.0350620 seconds
27.725: [GC27.725: [ParNew: 6837K->309K(7424K), 0.0003440 secs] 18583K->12055K(23808K), 0.0003620 secs] [Times: user=0.01 sys=0.00, real=0.00 secs] 
27.726: Total time for which application threads were stopped: 0.0004520 seconds, Stopping threads took: 0.0000450 seconds
27.762: Application time: 0.0365420 seconds
27.762: [GC27.762: [ParNew: 6965K->330K(7424K), 0.0002650 secs] 18711K->12076K(23808K), 0.0002850 secs] [Times: user=0.00 sys=0.00, real=0.00 secs] 
27.763: Total time for which application threads were stopped: 0.0003580 seconds, Stopping threads took: 0.0000360 seconds
27.799: Application time: 0.0359240 seconds
27.799: [GC27.799: [ParNew: 6986K->394K(7424K), 0.0003020 secs] 18732K->12140K(23808K), 0.0003180 secs] [Times: user=0.00 sys=0.00, real=0.00 secs] 
27.799: Total time for which application threads were stopped: 0.0003980 seconds, Stopping threads took: 0.0000410 seconds
27.836: Application time: 0.0367070 seconds
27.836: [GC27.836: [ParNew: 7050K->403K(7424K), 0.0002920 secs] 18796K->12149K(23808K), 0.0003080 secs] [Times: user=0.00 sys=0.00, real=0.00 secs] 
27.836: Total time for which application threads were stopped: 0.0003820 seconds, Stopping threads took: 0.0000380 seconds
27.873: Application time: 0.0369340 seconds
27.873: [GC27.873: [ParNew: 7059K->398K(7424K), 0.0003480 secs] 18805K->12144K(23808K), 0.0003640 secs] [Times: user=0.00 sys=0.00, real=0.00 secs] 
27.874: Total time for which application threads were stopped: 0.0004430 seconds, Stopping threads took: 0.0000420 seconds
27.911: Application time: 0.0370560 seconds
27.911: [GC27.911: [ParNew: 7054K->395K(7424K), 0.0003370 secs] 18800K->12141K(23808K), 0.0003530 secs] [Times: user=0.00 sys=0.00, real=0.00 secs] 
27.911: Total time for which application threads were stopped: 0.0004340 seconds, Stopping threads took: 0.0000440 seconds
27.948: Application time: 0.0369920 seconds
27.948: [GC27.948: [ParNew: 7051K->396K(7424K), 0.0003720 secs] 18797K->12142K(23808K), 0.0003900 secs] [Times: user=0.00 sys=0.00, real=0.00 secs] 
27.948: Total time for which application threads were stopped: 0.0004670 seconds, Stopping threads took: 0.0000400 seconds
27.985: Application time: 0.0367970 seconds
27.985: [GC27.985: [ParNew: 7052K->408K(7424K), 0.0002760 secs] 18798K->12154K(23808K), 0.0002940 secs] [Times: user=0.00 sys=0.00, real=0.00 secs] 
27.986: Total time for which application threads were stopped: 0.0003710 seconds, Stopping threads took: 0.0000370 seconds
28.023: Application time: 0.0370760 seconds
28.023: [GC28.023: [ParNew: 7064K->340K(7424K), 0.0002910 secs] 18810K->12150K(23808K), 0.0003090 secs] [Times: user=0.00 sys=0.00, real=0.00 secs] 
28.023: Total time for which application threads were stopped: 0.0003810 seconds, Stopping threads took: 0.0000340 seconds
28.060: Application time: 0.0371750 seconds
28.060: [GC28.060: [ParNew: 6996K->346K(7424K), 0.0002540 secs] 18806K->12156K(23808K), 0.0002700 secs] [Times: user=0.00 sys=0.00, real=0.00 secs] 
28.061: Total time for which application threads were stopped: 0.0003480 seconds, Stopping threads took: 0.0000420 seconds
28.097: Application time: 0.0365750 seconds
28.097: [GC28.097: [ParNew: 7002K->350K(7424K), 0.0002650 secs] 18812K->12160K(23808K), 0.0002830 secs] [Times: user=0.00 sys=0.00, real=0.00 secs] 
28.098: Total time for which application threads were stopped: 0.0003620 seconds, Stopping threads took: 0.0000420 seconds
28.134: Application time: 0.0366210 seconds
28.134: [GC28.134: [ParNew: 7006K->369K(7424K), 0.0003060 secs] 18816K->12179K(23808K), 0.0003260 secs] [Times: user=0.00 sys=0.00, real=0.00 secs] 
28.135: Total time for which application threads were stopped: 0.0004150 seconds, Stopping threads took: 0.0000470 seconds
28.171: Application time: 0.0368180 seconds
28.172: [GC28.172: [ParNew: 7025K->366K(7424K), 0.0002590 secs] 18835K->12176K(23808K), 0.0002850 secs] [Times: user=0.00 sys=0.00, real=0.00 secs] 
28.172: Total time for which application threads were stopped: 0.0003600 seconds, Stopping threads took: 0.0000370 seconds
28.209: Application time: 0.0366970 seconds
28.209: [GC28.209: [ParNew: 7022K->367K(7424K), 0.0003330 secs] 18832K->12177K(23808K), 0.0003490 secs] [Times: user=0.00 sys=0.00, real=0.00 secs] 
28.209: Total time for which application threads were stopped: 0.0004280 seconds, Stopping threads took: 0.0000420 seconds
28.246: Application time: 0.0371530 seconds
28.246: [GC28.246: [ParNew: 7023K->365K(7424K), 0.0004150 secs] 18833K->12175K(23808K), 0.0004330 secs] [Times: user=0.00 sys=0.00, real=0.00 secs] 
28.247: Total time for which application threads were stopped: 0.0005170 seconds, Stopping threads took: 0.0000390 seconds
28.283: Application time: 0.0368380 seconds
28.286: [GC28.286: [ParNew: 7021K->258K(7424K), 0.0003360 secs] 18831K->12224K(23808K), 0.0003540 secs] [Times: user=0.00 sys=0.00, real=0.00 secs] 
28.286: Total time for which application threads were stopped: 0.0030010 seconds, Stopping threads took: 0.0026080 seconds
28.324: Application time: 0.0372400 seconds
28.324: [GC28.324: [ParNew: 6914K->225K(7424K), 0.0003500 secs] 18880K->12255K(23808K), 0.0003700 secs] [Times: user=0.00 sys=0.00, real=0.00 secs] 
28.324: Total time for which application threads were stopped: 0.0004680 seconds, Stopping threads took: 0.0000540 seconds
28.361: Application time: 0.0371260 seconds
28.361: [GC28.361: [ParNew: 6881K->171K(7424K), 0.0002510 secs] 18911K->12314K(23808K), 0.0002660 secs] [Times: user=0.00 sys=0.00, real=0.00 secs] 
28.362: Total time for which application threads were stopped: 0.0003420 seconds, Stopping threads took: 0.0000410 seconds
28.399: Application time: 0.0369920 seconds
28.399: [GC28.399: [ParNew: 6827K->166K(7424K), 0.0002510 secs] 18970K->12308K(23808K), 0.0002670 secs] [Times: user=0.00 sys=0.00, real=0.00 secs] 
28.399: Total time for which application threads were stopped: 0.0003410 seconds, Stopping threads took: 0.0000370 seconds
28.436: Application time: 0.0370350 seconds
28.436: [GC28.436: [ParNew: 6822K->174K(7424K), 0.0002260 secs] 18964K->12316K(23808K), 0.0002420 secs] [Times: user=0.01 sys=0.00, real=0.00 secs] 
28.436: Total time for which application threads were stopped: 0.0003220 seconds, Stopping threads took: 0.0000450 seconds
28.473: Application time: 0.0365470 seconds
28.473: [GC28.473: [ParNew: 6830K->202K(7424K), 0.0002110 secs] 18972K->12344K(23808K), 0.0002270 secs] [Times: user=0.00 sys=0.00, real=0.00 secs] 
28.473: Total time for which application threads were stopped: 0.0002990 seconds, Stopping threads took: 0.0000360 seconds
28.509: Application time: 0.0354970 seconds
28.509: [GC28.509: [ParNew: 6852K->275K(7424K), 0.0002590 secs] 18994K->12418K(23808K), 0.0002760 secs] [Times: user=0.01 sys=0.00, real=0.00 secs] 
28.509: Total time for which application threads were stopped: 0.0003550 seconds, Stopping threads took: 0.0000410 seconds
28.544: Application time: 0.0352570 seconds
28.544: [GC28.544: [ParNew: 6931K->343K(7424K), 0.0003060 secs] 19074K->12485K(23808K), 0.0003250 secs] [Times: user=0.00 sys=0.00, real=0.00 secs] 
28.545: Total time for which application threads were stopped: 0.0004030 seconds, Stopping threads took: 0.0000370 seconds
28.581: Application time: 0.0364740 seconds
28.581: [GC28.581: [ParNew: 6999K->361K(7424K), 0.0003500 secs] 19141K->12504K(23808K), 0.0003690 secs] [Times: user=0.00 sys=0.00, real=0.00 secs] 
28.582: Total time for which application threads were stopped: 0.0004530 seconds, Stopping threads took: 0.0000430 seconds
28.618: Application time: 0.0365280 seconds
28.618: [GC28.618: [ParNew: 7017K->390K(7424K), 0.0003710 secs] 19160K->12532K(23808K), 0.0003900 secs] [Times: user=0.00 sys=0.00, real=0.00 secs] 
28.619: Total time for which application threads were stopped: 0.0004770 seconds, Stopping threads took: 0.0000480 seconds
28.656: Application time: 0.0369690 seconds
28.656: [GC28.656: [ParNew: 7046K->397K(7424K), 0.0002890 secs] 19188K->12540K(23808K), 0.0003140 secs] [Times: user=0.00 sys=0.00, real=0.00 secs] 
28.656: Total time for which application threads were stopped: 0.0003900 seconds, Stopping threads took: 0.0000390 seconds
28.693: Application time: 0.0369550 seconds
28.693: [GC28.693: [ParNew: 7053K->351K(7424K), 0.0002740 secs] 19196K->12565K(23808K), 0.0002910 secs] [Times: user=0.00 sys=0.00, real=0.00 secs] 
28.693: Total time for which application threads were stopped: 0.0003700 seconds, Stopping threads took: 0.0000420 seconds
28.730: Application time: 0.0369840 seconds
28.730: [GC28.730: [ParNew: 7007K->350K(7424K), 0.0003530 secs] 19221K->12564K(23808K), 0.0003710 secs] [Times: user=0.00 sys=0.00, real=0.00 secs] 
28.731: Total time for which application threads were stopped: 0.0004480 seconds, Stopping threads took: 0.0000410 seconds
28.768: Application time: 0.0367570 seconds
28.768: [GC28.768: [ParNew: 7006K->355K(7424K), 0.0002690 secs] 19220K->12569K(23808K), 0.0002860 secs] [Times: user=0.00 sys=0.00, real=0.00 secs] 
28.768: Total time for which application threads were stopped: 0.0003660 seconds, Stopping threads took: 0.0000360 seconds
28.805: Application time: 0.0370250 seconds
28.805: [GC28.805: [ParNew: 7011K->347K(7424K), 0.0002780 secs] 19225K->12561K(23808K), 0.0002940 secs] [Times: user=0.00 sys=0.00, real=0.00 secs] 
28.805: Total time for which application threads were stopped: 0.0003730 seconds, Stopping threads took: 0.0000440 seconds
28.842: Application time: 0.0369920 seconds
28.842: [GC28.842: [ParNew: 7003K->350K(7424K), 0.0002630 secs] 19217K->12564K(23808K), 0.0002790 secs] [Times: user=0.01 sys=0.00, real=0.00 secs] 
28.843: Total time for which application threads were stopped: 0.0003580 seconds, Stopping threads took: 0.0000440 seconds
28.879: Application time: 0.0368240 seconds
28.880: [GC28.880: [ParNew: 7006K->368K(7424K), 0.0002770 secs] 19220K->12582K(23808K), 0.0002920 secs] [Times: user=0.00 sys=0.00, real=0.00 secs] 
28.880: Total time for which application threads were stopped: 0.0003700 seconds, Stopping threads took: 0.0000410 seconds
28.916: Application time: 0.0365410 seconds
28.916: [GC28.916: [ParNew: 7024K->373K(7424K), 0.0003010 secs] 19238K->12588K(23808K), 0.0003180 secs] [Times: user=0.00 sys=0.00, real=0.00 secs] 
28.917: Total time for which application threads were stopped: 0.0004150 seconds, Stopping threads took: 0.0000600 seconds
28.953: Application time: 0.0366080 seconds
28.953: [GC28.953: [ParNew: 7029K->374K(7424K), 0.0002610 secs] 19244K->12588K(23808K), 0.0002770 secs] [Times: user=0.00 sys=0.00, real=0.00 secs] 
28.954: Total time for which application threads were stopped: 0.0003560 seconds, Stopping threads took: 0.0000390 seconds
28.992: Application time: 0.0379590 seconds
28.994: [GC28.994: [ParNew: 7030K->373K(7424K), 0.0003470 secs] 19244K->12587K(23808K), 0.0003720 secs] [Times: user=0.00 sys=0.01, real=0.01 secs] 
28.994: Total time for which application threads were stopped: 0.0023290 seconds, Stopping threads took: 0.0019010 seconds
29.032: Application time: 0.0377460 seconds
29.032: [GC29.032: [ParNew: 7029K->365K(7424K), 0.0002920 secs] 19243K->12580K(23808K), 0.0003100 secs] [Times: user=0.00 sys=0.00, real=0.00 secs] 
29.032: Total time for which application threads were stopped: 0.0004150 seconds, Stopping threads took: 0.0000650 seconds
29.069: Application time: 0.0366930 seconds
29.069: [GC29.069: [ParNew: 7021K->313K(7424K), 0.0003140 secs] 19236K->12631K(23808K), 0.0003320 secs] [Times: user=0.00 sys=0.00, real=0.00 secs] 
29.069: Total time for which application threads were stopped: 0.0004310 seconds, Stopping threads took: 0.0000610 seconds
29.107: Application time: 0.0375500 seconds
29.107: [GC29.107: [ParNew: 6969K->219K(7424K), 0.0002700 secs] 19287K->12665K(23808K), 0.0002890 secs] [Times: user=0.01 sys=0.00, real=0.00 secs] 
29.107: Total time for which application threads were stopped: 0.0003790 seconds, Stopping threads took: 0.0000510 seconds
29.144: Application time: 0.0368780 seconds
29.144: [GC29.144: [ParNew: 6875K->190K(7424K), 0.0002490 secs] 19321K->12709K(23808K), 0.0002710 secs] [Times: user=0.00 sys=0.00, real=0.00 secs] 
29.144: Total time for which application threads were stopped: 0.0003430 seconds, Stopping threads took: 0.0000380 seconds
29.181: Application time: 0.0366140 seconds
29.181: [GC29.181: [ParNew: 6846K->167K(7424K), 0.0002180 secs] 19365K->12749K(23808K), 0.0002360 secs] [Times: user=0.00 sys=0.00, real=0.00 secs] 
29.181: Total time for which application threads were stopped: 0.0003100 seconds, Stopping threads took: 0.0000360 seconds
29.219: Application time: 0.0372380 seconds
29.219: [GC29.219: [ParNew: 6823K->167K(7424K), 0.0002340 secs] 19405K->12750K(23808K), 0.0002510 secs] [Times: user=0.00 sys=0.00, real=0.00 secs] 
29.219: Total time for which application threads were stopped: 0.0003270 seconds, Stopping threads took: 0.0000400 seconds
29.256: Application time: 0.0368130 seconds
29.256: [GC29.256: [ParNew: 6823K->180K(7424K), 0.0002360 secs] 19406K->12763K(23808K), 0.0002510 secs] [Times: user=0.00 sys=0.00, real=0.00 secs] 
29.256: Total time for which application threads were stopped: 0.0003240 seconds, Stopping threads took: 0.0000370 seconds
29.292: Application time: 0.0356130 seconds
29.292: [GC29.292: [ParNew: 6836K->252K(7424K), 0.0002620 secs] 19419K->12834K(23808K), 0.0002780 secs] [Times: user=0.01 sys=0.00, real=0.00 secs] 
29.292: Total time for which application threads were stopped: 0.0003590 seconds, Stopping threads took: 0.0000370 seconds
29.328: Application time: 0.0356860 seconds
29.328: [GC29.328: [ParNew: 6908K->342K(7424K), 0.0003120 secs] 19490K->12924K(23808K), 0.0003340 secs] [Times: user=0.00 sys=0.00, real=0.00 secs] 
29.328: Total time for which application threads were stopped: 0.0004260 seconds, Stopping threads took: 0.0000450 seconds
29.364: Application time: 0.0362630 seconds
29.365: [GC29.365: [ParNew: 6998K->372K(7424K), 0.0003020 secs] 19580K->12954K(23808K), 0.0003190 secs] [Times: user=0.00 sys=0.00, real=0.00 secs] 
29.365: Total time for which application threads were stopped: 0.0003970 seconds, Stopping threads took: 0.0000400 seconds
29.401: Application time: 0.0359990 seconds
29.401: [GC29.401: [ParNew: 7028K->401K(7424K), 0.0002800 secs] 19610K->12984K(23808K), 0.0002980 secs] [Times: user=0.00 sys=0.00, real=0.00 secs] 
29.401: Total time for which application threads were stopped: 0.0003740 seconds, Stopping threads took: 0.0000360 seconds
29.438: Application time: 0.0370110 seconds
29.438: [GC29.438: [ParNew: 7057K->399K(7424K), 0.0002700 secs] 19640K->12981K(23808K), 0.0002870 secs] [Times: user=0.00 sys=0.00, real=0.00 secs] 
29.439: Total time for which application threads were stopped: 0.0003690 seconds, Stopping threads took: 0.0000410 seconds
29.476: Application time: 0.0370040 seconds
29.476: [GC29.476: [ParNew: 7055K->369K(7424K), 0.0003640 secs] 19637K->13007K(23808K), 0.0003820 secs] [Times: user=0.00 sys=0.00, real=0.00 secs] 
29.476: Total time for which application threads were stopped: 0.0004630 seconds, Stopping threads took: 0.0000420 seconds
29.513: Application time: 0.0366640 seconds
29.513: [GC29.513: [ParNew: 7025K->363K(7424K), 0.0002780 secs] 19663K->13002K(23808K), 0.0002970 secs] [Times: user=0.01 sys=0.00, real=0.00 secs] 
29.513: Total time for which application threads were stopped: 0.0003850 seconds, Stopping threads took: 0.0000470 seconds
29.551: Application time: 0.0373730 seconds
29.551: [GC29.551: [ParNew: 7019K->365K(7424K), 0.0002880 secs] 19658K->13003K(23808K), 0.0003060 secs] [Times: user=0.01 sys=0.00, real=0.00 secs] 
29.551: Total time for which application threads were stopped: 0.0003810 seconds, Stopping threads took: 0.0000360 seconds
29.588: Application time: 0.0368570 seconds
29.588: [GC29.588: [ParNew: 7021K->362K(7424K), 0.0002800 secs] 19659K->13000K(23808K), 0.0002990 secs] [Times: user=0.00 sys=0.00, real=0.00 secs] 
29.588: Total time for which application threads were stopped: 0.0003980 seconds, Stopping threads took: 0.0000590 seconds
29.625: Application time: 0.0366710 seconds
29.625: [GC29.625: [ParNew: 7018K->362K(7424K), 0.0003500 secs] 19656K->13001K(23808K), 0.0003670 secs] [Times: user=0.00 sys=0.00, real=0.00 secs] 
29.625: Total time for which application threads were stopped: 0.0004480 seconds, Stopping threads took: 0.0000440 seconds
29.662: Application time: 0.0370650 seconds
29.662: [GC29.662: [ParNew: 7018K->371K(7424K), 0.0002840 secs] 19657K->13009K(23808K), 0.0003020 secs] [Times: user=0.00 sys=0.00, real=0.00 secs] 
29.663: Total time for which application threads were stopped: 0.0003770 seconds, Stopping threads took: 0.0000360 seconds
29.699: Application time: 0.0365780 seconds
29.700: [GC29.700: [ParNew: 7027K->370K(7424K), 0.0002650 secs] 19665K->13009K(23808K), 0.0002800 secs] [Times: user=0.00 sys=0.00, real=0.00 secs] 
29.700: Total time for which application threads were stopped: 0.0005750 seconds, Stopping threads took: 0.0002560 seconds
29.737: Application time: 0.0367050 seconds
29.737: [GC29.737: [ParNew: 7026K->366K(7424K), 0.0002610 secs] 19665K->13004K(23808K), 0.0002790 secs] [Times: user=0.00 sys=0.00, real=0.00 secs] 
29.737: Total time for which application threads were stopped: 0.0003560 seconds, Stopping threads took: 0.0000390 seconds
29.774: Application time: 0.0367830 seconds
29.774: [GC29.774: [ParNew: 7022K->366K(7424K), 0.0002780 secs] 19660K->13005K(23808K), 0.0002970 secs] [Times: user=0.00 sys=0.00, real=0.01 secs] 
29.774: Total time for which application threads were stopped: 0.0003770 seconds, Stopping threads took: 0.0000430 seconds
29.811: Application time: 0.0367300 seconds
29.811: [GC29.811: [ParNew: 7022K->366K(7424K), 0.0002830 secs] 19661K->13005K(23808K), 0.0003010 secs] [Times: user=0.01 sys=0.00, real=0.00 secs] 
29.811: Total time for which application threads were stopped: 0.0003880 seconds, Stopping threads took: 0.0000410 seconds
29.848: Application time: 0.0370190 seconds
29.848: [GC29.848: [ParNew: 7022K->303K(7424K), 0.0002700 secs] 19661K->13053K(23808K), 0.0002870 secs] [Times: user=0.00 sys=0.00, real=0.00 secs] 
29.849: Total time for which application threads were stopped: 0.0003600 seconds, Stopping threads took: 0.0000340 seconds
29.885: Application time: 0.0366370 seconds
29.885: [GC29.885: [ParNew: 6959K->224K(7424K), 0.0002670 secs] 19709K->13111K(23808K), 0.0002840 secs] [Times: user=0.00 sys=0.00, real=0.00 secs] 
29.886: Total time for which application threads were stopped: 0.0003590 seconds, Stopping threads took: 0.0000380 seconds
29.923: Application time: 0.0373260 seconds
29.923: [GC29.923: [ParNew: 6880K->189K(7424K), 0.0002280 secs] 19767K->13139K(23808K), 0.0002460 secs] [Times: user=0.00 sys=0.00, real=0.00 secs] 
29.923: Total time for which application threads were stopped: 0.0003260 seconds, Stopping threads took: 0.0000430 seconds
29.960: Application time: 0.0369340 seconds
29.960: [GC29.960: [ParNew: 6845K->168K(7424K), 0.0002340 secs] 19795K->13183K(23808K), 0.0002500 secs] [Times: user=0.00 sys=0.00, real=0.00 secs] 
29.961: Total time for which application threads were stopped: 0.0003300 seconds, Stopping threads took: 0.0000430 seconds
29.997: Application time: 0.0367350 seconds
29.998: [GC29.998: [ParNew: 6824K->166K(7424K), 0.0002500 secs] 19839K->13181K(23808K), 0.0002680 secs] [Times: user=0.00 sys=0.00, real=0.00 secs] 
29.998: Total time for which application threads were stopped: 0.0010980 seconds, Stopping threads took: 0.0007890 seconds
30.035: Application time: 0.0371000 seconds
30.036: [GC30.036: [ParNew: 6822K->170K(7424K), 0.0002580 secs] 19837K->13185K(23808K), 0.0002740 secs] [Times: user=0.01 sys=0.00, real=0.00 secs] 
30.036: Total time for which application threads were stopped: 0.0003500 seconds, Stopping threads took: 0.0000390 seconds
30.072: Application time: 0.0357900 seconds
30.072: [GC30.072: [ParNew: 6826K->204K(7424K), 0.0002380 secs] 19841K->13219K(23808K), 0.0002570 secs] [Times: user=0.00 sys=0.00, real=0.00 secs] 
30.072: Total time for which application threads were stopped: 0.0003450 seconds, Stopping threads took: 0.0000490 seconds
30.107: Application time: 0.0349930 seconds
30.107: [GC30.107: [ParNew: 6860K->334K(7424K), 0.0002620 secs] 19875K->13349K(23808K), 0.0002860 secs] [Times: user=0.00 sys=0.00, real=0.00 secs] 
30.107: Total time for which application threads were stopped: 0.0003670 seconds, Stopping threads took: 0.0000410 seconds
30.144: Application time: 0.0365030 seconds
30.144: [GC30.144: [ParNew: 6990K->353K(7424K), 0.0002870 secs] 20005K->13368K(23808K), 0.0003030 secs] [Times: user=0.00 sys=0.00, real=0.00 secs] 
30.144: Total time for which application threads were stopped: 0.0003840 seconds, Stopping threads took: 0.0000450 seconds
30.181: Application time: 0.0365490 seconds
30.181: [GC30.181: [ParNew: 7009K->394K(7424K), 0.0002950 secs] 20024K->13408K(23808K), 0.0003120 secs] [Times: user=0.00 sys=0.00, real=0.00 secs] 
30.181: Total time for which application threads were stopped: 0.0003840 seconds, Stopping threads took: 0.0000370 seconds
30.218: Application time: 0.0371760 seconds
30.218: [GC30.218: [ParNew: 7050K->390K(7424K), 0.0002720 secs] 20064K->13405K(23808K), 0.0002900 secs] [Times: user=0.00 sys=0.00, real=0.00 secs] 
30.219: Total time for which application threads were stopped: 0.0003710 seconds, Stopping threads took: 0.0000450 seconds
30.255: Application time: 0.0366340 seconds
30.255: [GC30.255: [ParNew: 7046K->383K(7424K), 0.0002680 secs] 20061K->13398K(23808K), 0.0002840 secs] [Times: user=0.01 sys=0.00, real=0.00 secs] 
30.256: Total time for which application threads were stopped: 0.0003750 seconds, Stopping threads took: 0.0000550 seconds
30.293: Application time: 0.0372560 seconds
30.293: [GC30.293: [ParNew: 7039K->389K(7424K), 0.0002880 secs] 20054K->13404K(23808K), 0.0003060 secs] [Times: user=0.00 sys=0.00, real=0.00 secs] 
30.293: Total time for which application threads were stopped: 0.0003870 seconds, Stopping threads took: 0.0000410 seconds
30.330: Application time: 0.0370380 seconds
30.330: [GC30.331: [ParNew: 7045K->398K(7424K), 0.0003490 secs] 20060K->13413K(23808K), 0.0003730 secs] [Times: user=0.00 sys=0.00, real=0.00 secs] 
30.331: Total time for which application threads were stopped: 0.0004870 seconds, Stopping threads took: 0.0000540 seconds
30.368: Application time: 0.0367970 seconds
30.368: [GC30.368: [ParNew: 7054K->395K(7424K), 0.0002910 secs] 20069K->13410K(23808K), 0.0003090 secs] [Times: user=0.00 sys=0.00, real=0.00 secs] 
30.368: Total time for which application threads were stopped: 0.0003900 seconds, Stopping threads took: 0.0000400 seconds
30.405: Application time: 0.0373550 seconds
30.406: [GC30.406: [ParNew: 7051K->394K(7424K), 0.0002650 secs] 20066K->13409K(23808K), 0.0002830 secs] [Times: user=0.00 sys=0.00, real=0.00 secs] 
30.406: Total time for which application threads were stopped: 0.0003780 seconds, Stopping threads took: 0.0000550 seconds
30.443: Application time: 0.0368190 seconds
30.443: [GC30.443: [ParNew: 7050K->394K(7424K), 0.0002610 secs] 20065K->13409K(23808K), 0.0002790 secs] [Times: user=0.01 sys=0.00, real=0.00 secs] 
30.443: Total time for which application threads were stopped: 0.0003640 seconds, Stopping threads took: 0.0000450 seconds
30.480: Application time: 0.0366480 seconds
30.480: [GC30.480: [ParNew: 7050K->394K(7424K), 0.0002700 secs] 20065K->13409K(23808K), 0.0002870 secs] [Times: user=0.00 sys=0.00, real=0.00 secs] 
30.480: Total time for which application threads were stopped: 0.0003650 seconds, Stopping threads took: 0.0000400 seconds
30.518: Application time: 0.0377770 seconds
30.518: [GC30.518: [ParNew: 7050K->394K(7424K), 0.0003450 secs] 20065K->13409K(23808K), 0.0003650 secs] [Times: user=0.01 sys=0.00, real=0.00 secs] 
30.518: Total time for which application threads were stopped: 0.0004560 seconds, Stopping threads took: 0.0000480 seconds
30.555: Application time: 0.0370430 seconds
30.555: [GC30.555: [ParNew: 7050K->396K(7424K), 0.0002970 secs] 20065K->13411K(23808K), 0.0003160 secs] [Times: user=0.01 sys=0.00, real=0.00 secs] 
30.556: Total time for which application threads were stopped: 0.0004040 seconds, Stopping threads took: 0.0000480 seconds
30.592: Application time: 0.0366220 seconds
30.592: [GC30.592: [ParNew: 7052K->394K(7424K), 0.0002950 secs] 20067K->13408K(23808K), 0.0003210 secs] [Times: user=0.00 sys=0.00, real=0.00 secs] 
30.593: Total time for which application threads were stopped: 0.0003990 seconds, Stopping threads took: 0.0000390 seconds
30.630: Application time: 0.0372300 seconds
30.630: [GC30.630: [ParNew: 7050K->340K(7424K), 0.0002950 secs] 20064K->13451K(23808K), 0.0003130 secs] [Times: user=0.00 sys=0.00, real=0.00 secs] 
30.630: Total time for which application threads were stopped: 0.0004130 seconds, Stopping threads took: 0.0000580 seconds
30.667: Application time: 0.0367130 seconds
30.667: [GC30.667: [ParNew: 6996K->221K(7424K), 0.0002870 secs] 20107K->13492K(23808K), 0.0003020 secs] [Times: user=0.00 sys=0.00, real=0.00 secs] 
30.667: Total time for which application threads were stopped: 0.0003840 seconds, Stopping threads took: 0.0000460 seconds
30.705: Application time: 0.0370930 seconds
30.705: [GC30.705: [ParNew: 6877K->197K(7424K), 0.0002410 secs] 20148K->13524K(23808K), 0.0002580 secs] [Times: user=0.00 sys=0.00, real=0.00 secs] 
30.705: Total time for which application threads were stopped: 0.0003320 seconds, Stopping threads took: 0.0000380 seconds
30.742: Application time: 0.0366680 seconds
30.742: [GC30.742: [ParNew: 6853K->174K(7424K), 0.0002460 secs] 20180K->13565K(23808K), 0.0002630 secs] [Times: user=0.00 sys=0.00, real=0.00 secs] 
30.742: Total time for which application threads were stopped: 0.0003450 seconds, Stopping threads took: 0.0000440 seconds
30.779: Application time: 0.0372150 seconds
30.779: [GC30.779: [ParNew: 6830K->169K(7424K), 0.0002240 secs] 20221K->13560K(23808K), 0.0002410 secs] [Times: user=0.00 sys=0.00, real=0.00 secs] 
30.779: Total time for which application threads were stopped: 0.0003190 seconds, Stopping threads took: 0.0000390 seconds
30.816: Application time: 0.0367780 seconds
30.816: [GC30.816: [ParNew: 6825K->171K(7424K), 0.0002230 secs] 20216K->13562K(23808K), 0.0002410 secs] [Times: user=0.00 sys=0.00, real=0.00 secs] 
30.817: Total time for which application threads were stopped: 0.0003240 seconds, Stopping threads took: 0.0000440 seconds
30.853: Application time: 0.0361930 seconds
30.853: [GC30.853: [ParNew: 6827K->200K(7424K), 0.0002580 secs] 20218K->13591K(23808K), 0.0002750 secs] [Times: user=0.00 sys=0.00, real=0.00 secs] 
30.853: Total time for which application threads were stopped: 0.0003600 seconds, Stopping threads took: 0.0000400 seconds
30.889: Application time: 0.0354930 seconds
30.889: [GC30.889: [ParNew: 6856K->284K(7424K), 0.0002710 secs] 20247K->13675K(23808K), 0.0002900 secs] [Times: user=0.00 sys=0.00, real=0.00 secs] 
30.889: Total time for which application threads were stopped: 0.0003790 seconds, Stopping threads took: 0.0000490 seconds
30.925: Application time: 0.0355900 seconds
30.925: [GC30.925: [ParNew: 6940K->338K(7424K), 0.0002740 secs] 20331K->13729K(23808K), 0.0002910 secs] [Times: user=0.01 sys=0.00, real=0.00 secs] 
30.925: Total time for which application threads were stopped: 0.0003660 seconds, Stopping threads took: 0.0000380 seconds
30.961: Application time: 0.0360240 seconds
30.961: [GC30.961: [ParNew: 6994K->393K(7424K), 0.0002840 secs] 20385K->13784K(23808K), 0.0003030 secs] [Times: user=0.01 sys=0.00, real=0.00 secs] 
30.961: Total time for which application threads were stopped: 0.0003860 seconds, Stopping threads took: 0.0000410 seconds
30.998: Application time: 0.0366430 seconds
31.002: [GC31.002: [ParNew: 7049K->388K(7424K), 0.0002980 secs] 20440K->13779K(23808K), 0.0003150 secs] [Times: user=0.01 sys=0.00, real=0.00 secs] 
31.002: Total time for which application threads were stopped: 0.0044170 seconds, Stopping threads took: 0.0040640 seconds
31.040: Application time: 0.0371840 seconds
31.040: [GC31.040: [ParNew: 7044K->396K(7424K), 0.0002660 secs] 20435K->13787K(23808K), 0.0002840 secs] [Times: user=0.00 sys=0.00, real=0.00 secs] 
31.040: Total time for which application threads were stopped: 0.0003690 seconds, Stopping threads took: 0.0000460 seconds
31.077: Application time: 0.0370990 seconds
31.077: [GC31.077: [ParNew: 7052K->392K(7424K), 0.0002890 secs] 20443K->13783K(23808K), 0.0003140 secs] [Times: user=0.00 sys=0.00, real=0.00 secs] 
31.077: Total time for which application threads were stopped: 0.0003850 seconds, Stopping threads took: 0.0000350 seconds
31.114: Application time: 0.0366680 seconds
31.114: [GC31.114: [ParNew: 7048K->396K(7424K), 0.0002820 secs] 20439K->13787K(23808K), 0.0002990 secs] [Times: user=0.00 sys=0.00, real=0.00 secs] 
31.114: Total time for which application threads were stopped: 0.0003710 seconds, Stopping threads took: 0.0000370 seconds
31.151: Application time: 0.0369290 seconds
31.151: [GC31.151: [ParNew: 7052K->401K(7424K), 0.0002780 secs] 20443K->13792K(23808K), 0.0002950 secs] [Times: user=0.01 sys=0.00, real=0.00 secs] 
31.152: Total time for which application threads were stopped: 0.0003760 seconds, Stopping threads took: 0.0000450 seconds
31.189: Application time: 0.0369870 seconds
31.189: [GC31.189: [ParNew: 7057K->364K(7424K), 0.0002890 secs] 20448K->13835K(23808K), 0.0003050 secs] [Times: user=0.00 sys=0.00, real=0.00 secs] 
31.189: Total time for which application threads were stopped: 0.0003760 seconds, Stopping threads took: 0.0000370 seconds
31.226: Application time: 0.0371200 seconds
31.226: [GC31.226: [ParNew: 7020K->341K(7424K), 0.0002660 secs] 20491K->13812K(23808K), 0.0002820 secs] [Times: user=0.01 sys=0.00, real=0.00 secs] 
31.227: Total time for which application threads were stopped: 0.0003550 seconds, Stopping threads took: 0.0000350 seconds
31.263: Application time: 0.0365590 seconds
31.263: [GC31.263: [ParNew: 6997K->360K(7424K), 0.0003430 secs] 20468K->13831K(23808K), 0.0003600 secs] [Times: user=0.00 sys=0.00, real=0.00 secs] 
31.264: Total time for which application threads were stopped: 0.0004410 seconds, Stopping threads took: 0.0000430 seconds
31.300: Application time: 0.0367390 seconds
31.300: [GC31.300: [ParNew: 7016K->351K(7424K), 0.0003400 secs] 20487K->13822K(23808K), 0.0003620 secs] [Times: user=0.00 sys=0.00, real=0.00 secs] 
31.301: Total time for which application threads were stopped: 0.0004440 seconds, Stopping threads took: 0.0000420 seconds
31.338: Application time: 0.0367560 seconds
31.338: [GC31.338: [ParNew: 7007K->369K(7424K), 0.0004310 secs] 20478K->13840K(23808K), 0.0004560 secs] [Times: user=0.00 sys=0.00, real=0.00 secs] 
31.338: Total time for which application threads were stopped: 0.0005650 seconds, Stopping threads took: 0.0000600 seconds
31.375: Application time: 0.0371730 seconds
31.375: [GC31.375: [ParNew: 7025K->358K(7424K), 0.0003340 secs] 20496K->13829K(23808K), 0.0003530 secs] [Times: user=0.00 sys=0.00, real=0.00 secs] 
31.376: Total time for which application threads were stopped: 0.0004530 seconds, Stopping threads took: 0.0000500 seconds
31.412: Application time: 0.0366010 seconds
31.412: [GC31.412: [ParNew: 7014K->369K(7424K), 0.0002820 secs] 20485K->13840K(23808K), 0.0002970 secs] [Times: user=0.01 sys=0.00, real=0.00 secs] 
31.413: Total time for which application threads were stopped: 0.0003730 seconds, Stopping threads took: 0.0000400 seconds
31.450: Application time: 0.0369050 seconds
31.450: [GC31.450: [ParNew: 7025K->288K(7424K), 0.0002660 secs] 20496K->13887K(23808K), 0.0002840 secs] [Times: user=0.00 sys=0.00, real=0.00 secs] 
31.450: Total time for which application threads were stopped: 0.0003770 seconds, Stopping threads took: 0.0000490 seconds
31.487: Application time: 0.0372420 seconds
31.487: [GC31.487: [ParNew: 6944K->222K(7424K), 0.0003180 secs] 20543K->13910K(23808K), 0.0003350 secs] [Times: user=0.00 sys=0.00, real=0.00 secs] 
31.488: Total time for which application threads were stopped: 0.0004130 seconds, Stopping threads took: 0.0000400 seconds
31.524: Application time: 0.0367650 seconds
31.525: [GC31.525: [ParNew: 6878K->166K(7424K), 0.0002480 secs] 20566K->13950K(23808K), 0.0002640 secs] [Times: user=0.00 sys=0.00, real=0.00 secs] 
31.525: Total time for which application threads were stopped: 0.0003430 seconds, Stopping threads took: 0.0000420 seconds
31.562: Application time: 0.0373380 seconds
31.562: [GC31.562: [ParNew: 6822K->162K(7424K), 0.0002160 secs] 20606K->13945K(23808K), 0.0002390 secs] [Times: user=0.00 sys=0.00, real=0.00 secs] 
31.562: Total time for which application threads were stopped: 0.0003210 seconds, Stopping threads took: 0.0000470 seconds
31.599: Application time: 0.0367090 seconds
31.599: [GC31.599: [ParNew: 6818K->167K(7424K), 0.0002980 secs] 20601K->13950K(23808K), 0.0003150 secs] [Times: user=0.00 sys=0.00, real=0.00 secs] 
31.600: Total time for which application threads were stopped: 0.0003900 seconds, Stopping threads took: 0.0000380 seconds
31.636: Application time: 0.0365690 seconds
31.636: [GC31.636: [ParNew: 6823K->205K(7424K), 0.0003050 secs] 20606K->13988K(23808K), 0.0003230 secs] [Times: user=0.00 sys=0.00, real=0.00 secs] 
31.637: Total time for which application threads were stopped: 0.0004090 seconds, Stopping threads took: 0.0000480 seconds
31.672: Application time: 0.0354210 seconds
31.672: [GC31.672: [ParNew: 6861K->272K(7424K), 0.0002710 secs] 20644K->14056K(23808K), 0.0002900 secs] [Times: user=0.00 sys=0.00, real=0.00 secs] 
31.672: Total time for which application threads were stopped: 0.0003670 seconds, Stopping threads took: 0.0000370 seconds
31.708: Application time: 0.0358120 seconds
31.708: [GC31.708: [ParNew: 6928K->335K(7424K), 0.0002590 secs] 20712K->14119K(23808K), 0.0002770 secs] [Times: user=0.00 sys=0.00, real=0.00 secs] 
31.709: Total time for which application threads were stopped: 0.0003670 seconds, Stopping threads took: 0.0000520 seconds
31.745: Application time: 0.0364780 seconds
31.745: [GC31.745: [ParNew: 6991K->364K(7424K), 0.0002760 secs] 20775K->14147K(23808K), 0.0002930 secs] [Times: user=0.00 sys=0.00, real=0.00 secs] 
31.745: Total time for which application threads were stopped: 0.0003670 seconds, Stopping threads took: 0.0000350 seconds
31.782: Application time: 0.0363890 seconds
31.782: [GC31.782: [ParNew: 7020K->387K(7424K), 0.0002990 secs] 20803K->14170K(23808K), 0.0003170 secs] [Times: user=0.00 sys=0.00, real=0.01 secs] 
31.782: Total time for which application threads were stopped: 0.0003920 seconds, Stopping threads took: 0.0000350 seconds
31.820: Application time: 0.0376760 seconds
31.820: [GC31.820: [ParNew: 7043K->384K(7424K), 0.0003510 secs] 20826K->14167K(23808K), 0.0003660 secs] [Times: user=0.00 sys=0.00, real=0.00 secs] 
31.820: Total time for which application threads were stopped: 0.0004430 seconds, Stopping threads took: 0.0000430 seconds
31.857: Application time: 0.0366080 seconds
31.857: [GC31.857: [ParNew: 7040K->394K(7424K), 0.0003080 secs] 20823K->14178K(23808K), 0.0003240 secs] [Times: user=0.01 sys=0.00, real=0.00 secs] 
31.857: Total time for which application threads were stopped: 0.0004160 seconds, Stopping threads took: 0.0000550 seconds
31.895: Application time: 0.0376740 seconds
31.895: [GC31.895: [ParNew: 7050K->352K(7424K), 0.0003440 secs] 20834K->14223K(23808K), 0.0003610 secs] [Times: user=0.00 sys=0.00, real=0.00 secs] 
31.895: Total time for which application threads were stopped: 0.0004470 seconds, Stopping threads took: 0.0000380 seconds
31.932: Application time: 0.0366650 seconds
31.932: [GC31.932: [ParNew: 7008K->351K(7424K), 0.0002780 secs] 20879K->14223K(23808K), 0.0002930 secs] [Times: user=0.00 sys=0.00, real=0.00 secs] 
31.932: Total time for which application threads were stopped: 0.0003670 seconds, Stopping threads took: 0.0000380 seconds
31.970: Application time: 0.0371590 seconds
31.970: [GC31.970: [ParNew: 7007K->349K(7424K), 0.0002740 secs] 20879K->14221K(23808K), 0.0002910 secs] [Times: user=0.00 sys=0.00, real=0.00 secs] 
31.970: Total time for which application threads were stopped: 0.0003760 seconds, Stopping threads took: 0.0000460 seconds
32.007: Application time: 0.0373090 seconds
32.010: [GC32.010: [ParNew: 7005K->345K(7424K), 0.0004090 secs] 20877K->14217K(23808K), 0.0004290 secs] [Times: user=0.00 sys=0.00, real=0.00 secs] 
32.011: Total time for which application threads were stopped: 0.0032380 seconds, Stopping threads took: 0.0027640 seconds
32.048: Application time: 0.0371650 seconds
32.048: [GC32.048: [ParNew: 7001K->350K(7424K), 0.0002990 secs] 20873K->14222K(23808K), 0.0003240 secs] [Times: user=0.00 sys=0.00, real=0.00 secs] 
32.048: Total time for which application threads were stopped: 0.0004140 seconds, Stopping threads took: 0.0000520 seconds
32.085: Application time: 0.0365540 seconds
32.085: [GC32.085: [ParNew: 7006K->367K(7424K), 0.0002600 secs] 20878K->14239K(23808K), 0.0002770 secs] [Times: user=0.00 sys=0.00, real=0.00 secs] 
32.085: Total time for which application threads were stopped: 0.0003530 seconds, Stopping threads took: 0.0000390 seconds
32.122: Application time: 0.0371110 seconds
32.122: [GC32.122: [ParNew: 7023K->355K(7424K), 0.0002770 secs] 20895K->14226K(23808K), 0.0002960 secs] [Times: user=0.00 sys=0.00, real=0.00 secs] 
32.123: Total time for which application threads were stopped: 0.0003760 seconds, Stopping threads took: 0.0000390 seconds
32.159: Application time: 0.0366720 seconds
32.159: [GC32.159: [ParNew: 7011K->370K(7424K), 0.0002820 secs] 20882K->14241K(23808K), 0.0002990 secs] [Times: user=0.00 sys=0.00, real=0.00 secs] 
32.160: Total time for which application threads were stopped: 0.0003760 seconds, Stopping threads took: 0.0000380 seconds
32.197: Application time: 0.0370730 seconds
32.197: [GC32.197: [ParNew: 7026K->366K(7424K), 0.0002750 secs] 20897K->14237K(23808K), 0.0002930 secs] [Times: user=0.00 sys=0.00, real=0.00 secs] 
32.197: Total time for which application threads were stopped: 0.0003890 seconds, Stopping threads took: 0.0000580 seconds
32.234: Application time: 0.0368590 seconds
32.234: [GC32.234: [ParNew: 7022K->282K(7424K), 0.0002870 secs] 20893K->14274K(23808K), 0.0003040 secs] [Times: user=0.00 sys=0.00, real=0.01 secs] 
32.234: Total time for which application threads were stopped: 0.0003810 seconds, Stopping threads took: 0.0000420 seconds
32.271: Application time: 0.0369230 seconds
32.271: [GC32.271: [ParNew: 6938K->230K(7424K), 0.0002600 secs] 20930K->14318K(23808K), 0.0002750 secs] [Times: user=0.00 sys=0.00, real=0.00 secs] 
32.272: Total time for which application threads were stopped: 0.0003560 seconds, Stopping threads took: 0.0000440 seconds
32.309: Application time: 0.0371860 seconds
32.309: [GC32.309: [ParNew: 6886K->188K(7424K), 0.0002570 secs] 20974K->14339K(23808K), 0.0002720 secs] [Times: user=0.00 sys=0.00, real=0.00 secs] 
32.309: Total time for which application threads were stopped: 0.0003560 seconds, Stopping threads took: 0.0000460 seconds
32.346: Application time: 0.0371480 seconds
32.346: [GC32.346: [ParNew: 6844K->164K(7424K), 0.0002730 secs] 20995K->14388K(23808K), 0.0002960 secs] [Times: user=0.01 sys=0.00, real=0.00 secs] 
32.347: Total time for which application threads were stopped: 0.0003940 seconds, Stopping threads took: 0.0000490 seconds
32.384: Application time: 0.0371530 seconds
32.384: [GC32.384: [ParNew: 6820K->167K(7424K), 0.0003140 secs] 21044K->14390K(23808K), 0.0003290 secs] [Times: user=0.01 sys=0.00, real=0.00 secs] 
32.384: Total time for which application threads were stopped: 0.0004140 seconds, Stopping threads took: 0.0000490 seconds
32.421: Application time: 0.0366170 seconds
32.421: [GC32.421: [ParNew: 6823K->162K(7424K), 0.0002340 secs] 21046K->14385K(23808K), 0.0002510 secs] [Times: user=0.00 sys=0.00, real=0.00 secs] 
32.421: Total time for which application threads were stopped: 0.0003450 seconds, Stopping threads took: 0.0000480 seconds
32.456: Application time: 0.0349890 seconds
32.456: [GC32.456: [ParNew: 6818K->260K(7424K), 0.0002580 secs] 21041K->14484K(23808K), 0.0002770 secs] [Times: user=0.00 sys=0.00, real=0.00 secs] 
32.457: Total time for which application threads were stopped: 0.0003620 seconds, Stopping threads took: 0.0000450 seconds
32.492: Application time: 0.0358830 seconds
32.492: [GC32.492: [ParNew: 6916K->343K(7424K), 0.0002960 secs] 21140K->14566K(23808K), 0.0003150 secs] [Times: user=0.00 sys=0.00, real=0.00 secs] 
32.493: Total time for which application threads were stopped: 0.0003950 seconds, Stopping threads took: 0.0000400 seconds
32.529: Application time: 0.0363480 seconds
32.529: [GC32.529: [ParNew: 6999K->371K(7424K), 0.0002960 secs] 21222K->14594K(23808K), 0.0003240 secs] [Times: user=0.00 sys=0.00, real=0.00 secs] 
32.530: Total time for which application threads were stopped: 0.0004020 seconds, Stopping threads took: 0.0000380 seconds
32.566: Application time: 0.0363840 seconds
32.566: [GC32.566: [ParNew: 7027K->401K(7424K), 0.0002770 secs] 21250K->14624K(23808K), 0.0002980 secs] [Times: user=0.01 sys=0.00, real=0.00 secs] 
32.566: Total time for which application threads were stopped: 0.0003780 seconds, Stopping threads took: 0.0000400 seconds
32.603: Application time: 0.0369760 seconds
32.603: [GC32.603: [ParNew: 7057K->401K(7424K), 0.0003280 secs] 21280K->14624K(23808K), 0.0003450 secs] [Times: user=0.00 sys=0.00, real=0.00 secs] 
32.604: Total time for which application threads were stopped: 0.0004250 seconds, Stopping threads took: 0.0000420 seconds
32.640: Application time: 0.0367250 seconds
32.641: [GC32.641: [ParNew: 7057K->232K(7424K), 0.0003730 secs] 21280K->14656K(23808K), 0.0003910 secs] [Times: user=0.00 sys=0.00, real=0.00 secs] 
32.641: Total time for which application threads were stopped: 0.0004640 seconds, Stopping threads took: 0.0000360 seconds
32.678: Application time: 0.0365980 seconds
32.678: [GC32.678: [ParNew: 6888K->232K(7424K), 0.0003060 secs] 21312K->14656K(23808K), 0.0003240 secs] [Times: user=0.00 sys=0.00, real=0.00 secs] 
32.678: Total time for which application threads were stopped: 0.0004000 seconds, Stopping threads took: 0.0000380 seconds
32.715: Application time: 0.0372860 seconds
32.718: [GC32.718: [ParNew: 6888K->233K(7424K), 0.0002750 secs] 21312K->14657K(23808K), 0.0002930 secs] [Times: user=0.00 sys=0.00, real=0.00 secs] 
32.718: Total time for which application threads were stopped: 0.0031720 seconds, Stopping threads took: 0.0028410 seconds
32.755: Application time: 0.0368430 seconds
32.755: [GC32.755: [ParNew: 6889K->234K(7424K), 0.0002730 secs] 21313K->14658K(23808K), 0.0002890 secs] [Times: user=0.00 sys=0.00, real=0.00 secs] 
32.756: Total time for which application threads were stopped: 0.0003820 seconds, Stopping threads took: 0.0000570 seconds
32.792: Application time: 0.0367070 seconds
32.792: [GC32.792: [ParNew: 6890K->227K(7424K), 0.0002410 secs] 21314K->14650K(23808K), 0.0002580 secs] [Times: user=0.00 sys=0.00, real=0.00 secs] 
32.793: Total time for which application threads were stopped: 0.0003400 seconds, Stopping threads took: 0.0000440 seconds
32.830: Application time: 0.0371330 seconds
32.830: [GC32.830: [ParNew: 6883K->248K(7424K), 0.0002410 secs] 21306K->14672K(23808K), 0.0002580 secs] [Times: user=0.00 sys=0.00, real=0.00 secs] 
32.830: Total time for which application threads were stopped: 0.0003370 seconds, Stopping threads took: 0.0000400 seconds
32.867: Application time: 0.0364970 seconds
32.867: [GC32.867: [ParNew: 6904K->282K(7424K), 0.0002640 secs] 21328K->14706K(23808K), 0.0002820 secs] [Times: user=0.00 sys=0.00, real=0.00 secs] 
32.867: Total time for which application threads were stopped: 0.0003640 seconds, Stopping threads took: 0.0000440 seconds
32.904: Application time: 0.0366030 seconds
32.904: [GC32.904: [ParNew: 6938K->282K(7424K), 0.0002540 secs] 21362K->14706K(23808K), 0.0002700 secs] [Times: user=0.00 sys=0.00, real=0.00 secs] 
32.904: Total time for which application threads were stopped: 0.0003530 seconds, Stopping threads took: 0.0000440 seconds
32.941: Application time: 0.0367570 seconds
32.941: [GC32.941: [ParNew: 6938K->285K(7424K), 0.0002540 secs] 21362K->14709K(23808K), 0.0002710 secs] [Times: user=0.01 sys=0.00, real=0.00 secs] 
32.941: Total time for which application threads were stopped: 0.0003630 seconds, Stopping threads took: 0.0000450 seconds
32.978: Application time: 0.0367330 seconds
32.978: [GC32.978: [ParNew: 6941K->288K(7424K), 0.0002640 secs] 21365K->14712K(23808K), 0.0002820 secs] [Times: user=0.00 sys=0.00, real=0.00 secs] 
32.978: Total time for which application threads were stopped: 0.0003610 seconds, Stopping threads took: 0.0000410 seconds
33.016: Application time: 0.0373290 seconds
33.016: [GC33.016: [ParNew: 6944K->286K(7424K), 0.0002620 secs] 21368K->14710K(23808K), 0.0002880 secs] [Times: user=0.01 sys=0.00, real=0.00 secs] 
33.016: Total time for which application threads were stopped: 0.0003670 seconds, Stopping threads took: 0.0000400 seconds
33.053: Application time: 0.0368140 seconds
33.053: [GC33.053: [ParNew: 6942K->219K(7424K), 0.0002780 secs] 21366K->14739K(23808K), 0.0002950 secs] [Times: user=0.00 sys=0.00, real=0.00 secs] 
33.053: Total time for which application threads were stopped: 0.0003780 seconds, Stopping threads took: 0.0000460 seconds
33.090: Application time: 0.0371180 seconds
33.090: [GC33.090: [ParNew: 6875K->201K(7424K), 0.0002480 secs] 21395K->14785K(23808K), 0.0002640 secs] [Times: user=0.00 sys=0.00, real=0.00 secs] 
33.091: Total time for which application threads were stopped: 0.0003440 seconds, Stopping threads took: 0.0000430 seconds
33.128: Application time: 0.0371080 seconds
33.128: [GC33.128: [ParNew: 6857K->168K(7424K), 0.0002990 secs] 21441K->14816K(23808K), 0.0003180 secs] [Times: user=0.00 sys=0.00, real=0.00 secs] 
33.128: Total time for which application threads were stopped: 0.0004040 seconds, Stopping threads took: 0.0000480 seconds
33.165: Application time: 0.0369350 seconds
33.165: [GC33.165: [ParNew: 6824K->160K(7424K), 0.0002340 secs] 21472K->14808K(23808K), 0.0002510 secs] [Times: user=0.00 sys=0.00, real=0.00 secs] 
33.165: Total time for which application threads were stopped: 0.0003270 seconds, Stopping threads took: 0.0000370 seconds
33.202: Application time: 0.0364080 seconds
33.202: [GC33.202: [ParNew: 6816K->176K(7424K), 0.0002970 secs] 21464K->14824K(23808K), 0.0003140 secs] [Times: user=0.01 sys=0.00, real=0.01 secs] 
33.202: Total time for which application threads were stopped: 0.0003920 seconds, Stopping threads took: 0.0000400 seconds
33.238: Application time: 0.0360770 seconds
33.238: [GC33.238: [ParNew: 6832K->238K(7424K), 0.0003140 secs] 21480K->14886K(23808K), 0.0003320 secs] [Times: user=0.00 sys=0.00, real=0.00 secs] 
33.239: Total time for which application threads were stopped: 0.0004160 seconds, Stopping threads took: 0.0000440 seconds
33.275: Application time: 0.0366120 seconds
33.275: [GC33.275: [ParNew: 6894K->306K(7424K), 0.0004310 secs] 21542K->14953K(23808K), 0.0004490 secs] [Times: user=0.00 sys=0.00, real=0.00 secs] 
33.276: Total time for which application threads were stopped: 0.0005240 seconds, Stopping threads took: 0.0000380 seconds
33.312: Application time: 0.0364150 seconds
33.312: [GC33.312: [ParNew: 6962K->343K(7424K), 0.0004420 secs] 21609K->14991K(23808K), 0.0004690 secs] [Times: user=0.00 sys=0.00, real=0.00 secs] 
33.313: Total time for which application threads were stopped: 0.0006180 seconds, Stopping threads took: 0.0000950 seconds
33.349: Application time: 0.0362120 seconds
33.349: [GC33.349: [ParNew: 6999K->397K(7424K), 0.0003030 secs] 21647K->15044K(23808K), 0.0003210 secs] [Times: user=0.01 sys=0.00, real=0.00 secs] 
33.349: Total time for which application threads were stopped: 0.0004080 seconds, Stopping threads took: 0.0000460 seconds
33.386: Application time: 0.0368590 seconds
33.386: [GC33.386: [ParNew: 7053K->400K(7424K), 0.0003010 secs] 21700K->15048K(23808K), 0.0003170 secs] [Times: user=0.00 sys=0.00, real=0.00 secs] 
33.387: Total time for which application threads were stopped: 0.0004010 seconds, Stopping threads took: 0.0000470 seconds
33.424: Application time: 0.0378010 seconds
33.425: [GC33.425: [ParNew: 7056K->391K(7424K), 0.0002670 secs] 21704K->15039K(23808K), 0.0002850 secs] [Times: user=0.00 sys=0.00, real=0.00 secs] 
33.425: Total time for which application threads were stopped: 0.0003830 seconds, Stopping threads took: 0.0000590 seconds
33.462: Application time: 0.0371300 seconds
33.462: [GC33.462: [ParNew: 7047K->398K(7424K), 0.0002650 secs] 21695K->15046K(23808K), 0.0002840 secs] [Times: user=0.00 sys=0.00, real=0.00 secs] 
33.462: Total time for which application threads were stopped: 0.0003740 seconds, Stopping threads took: 0.0000430 seconds
33.500: Application time: 0.0377630 seconds
33.500: [GC33.500: [ParNew: 7054K->365K(7424K), 0.0003770 secs] 21702K->15077K(23808K), 0.0004020 secs] [Times: user=0.00 sys=0.00, real=0.00 secs] 
33.501: Total time for which application threads were stopped: 0.0004820 seconds, Stopping threads took: 0.0000430 seconds
33.539: Application time: 0.0380060 seconds
33.539: [GC33.539: [ParNew: 7021K->374K(7424K), 0.0003330 secs] 21733K->15085K(23808K), 0.0003540 secs] [Times: user=0.00 sys=0.00, real=0.00 secs] 
33.539: Total time for which application threads were stopped: 0.0004590 seconds, Stopping threads took: 0.0000580 seconds
33.576: Application time: 0.0368150 seconds
33.576: [GC33.576: [ParNew: 7030K->374K(7424K), 0.0003090 secs] 21741K->15086K(23808K), 0.0003250 secs] [Times: user=0.00 sys=0.00, real=0.00 secs] 
33.576: Total time for which application threads were stopped: 0.0004040 seconds, Stopping threads took: 0.0000430 seconds
33.613: Application time: 0.0370090 seconds
33.613: [GC33.613: [ParNew: 7030K->369K(7424K), 0.0002680 secs] 21742K->15081K(23808K), 0.0002860 secs] [Times: user=0.00 sys=0.00, real=0.00 secs] 
33.614: Total time for which application threads were stopped: 0.0003660 seconds, Stopping threads took: 0.0000410 seconds
33.650: Application time: 0.0367180 seconds
33.650: [GC33.650: [ParNew: 7025K->366K(7424K), 0.0002910 secs] 21737K->15078K(23808K), 0.0003080 secs] [Times: user=0.01 sys=0.00, real=0.00 secs] 
33.651: Total time for which application threads were stopped: 0.0003890 seconds, Stopping threads took: 0.0000420 seconds
33.688: Application time: 0.0367520 seconds
33.688: [GC33.688: [ParNew: 7022K->350K(7424K), 0.0002810 secs] 21734K->15061K(23808K), 0.0002990 secs] [Times: user=0.00 sys=0.00, real=0.00 secs] 
33.688: Total time for which application threads were stopped: 0.0003820 seconds, Stopping threads took: 0.0000450 seconds
33.725: Application time: 0.0366510 seconds
33.725: [GC33.725: [ParNew: 7006K->366K(7424K), 0.0002740 secs] 21717K->15078K(23808K), 0.0002910 secs] [Times: user=0.00 sys=0.00, real=0.00 secs] 
33.725: Total time for which application threads were stopped: 0.0003750 seconds, Stopping threads took: 0.0000440 seconds
33.762: Application time: 0.0369730 seconds
33.762: [GC33.762: [ParNew: 7022K->370K(7424K), 0.0002640 secs] 21734K->15082K(23808K), 0.0002830 secs] [Times: user=0.00 sys=0.00, real=0.01 secs] 
33.762: Total time for which application threads were stopped: 0.0003620 seconds, Stopping threads took: 0.0000400 seconds
33.799: Application time: 0.0366960 seconds
33.799: [GC33.799: [ParNew: 7026K->309K(7424K), 0.0002740 secs] 21738K->15132K(23808K), 0.0002900 secs] [Times: user=0.00 sys=0.00, real=0.00 secs] 
33.799: Total time for which application threads were stopped: 0.0003760 seconds, Stopping threads took: 0.0000500 seconds
33.836: Application time: 0.0368960 seconds
33.836: [GC33.836: [ParNew: 6965K->258K(7424K), 0.0003260 secs] 21788K->15186K(23808K), 0.0003420 secs] [Times: user=0.00 sys=0.00, real=0.00 secs] 
33.837: Total time for which application threads were stopped: 0.0004300 seconds, Stopping threads took: 0.0000510 seconds
33.874: Application time: 0.0373850 seconds
33.874: [GC33.874: [ParNew: 6914K->193K(7424K), 0.0003150 secs] 21842K->15225K(23808K), 0.0003330 secs] [Times: user=0.00 sys=0.00, real=0.00 secs] 
33.874: Total time for which application threads were stopped: 0.0004080 seconds, Stopping threads took: 0.0000390 seconds
33.911: Application time: 0.0366290 seconds
33.911: [GC33.911: [ParNew: 6849K->164K(7424K), 0.0002220 secs] 21881K->15261K(23808K), 0.0002400 secs] [Times: user=0.00 sys=0.00, real=0.00 secs] 
33.911: Total time for which application threads were stopped: 0.0003210 seconds, Stopping threads took: 0.0000430 seconds
33.948: Application time: 0.0369870 seconds
33.948: [GC33.949: [ParNew: 6820K->164K(7424K), 0.0002290 secs] 21917K->15260K(23808K), 0.0002450 secs] [Times: user=0.00 sys=0.00, real=0.00 secs] 
33.949: Total time for which application threads were stopped: 0.0003230 seconds, Stopping threads took: 0.0000420 seconds
33.986: Application time: 0.0373130 seconds
33.986: [GC33.986: [ParNew: 6820K->167K(7424K), 0.0002500 secs] 21916K->15263K(23808K), 0.0002750 secs] [Times: user=0.00 sys=0.00, real=0.00 secs] 
33.986: Total time for which application threads were stopped: 0.0003710 seconds, Stopping threads took: 0.0000450 seconds
34.023: Application time: 0.0363780 seconds
34.023: [GC34.023: [ParNew: 6823K->192K(7424K), 0.0003040 secs] 21919K->15288K(23808K), 0.0003210 secs] [Times: user=0.00 sys=0.00, real=0.00 secs] 
34.023: Total time for which application threads were stopped: 0.0003960 seconds, Stopping threads took: 0.0000380 seconds
34.058: Application time: 0.0346460 seconds
34.058: [GC34.058: [ParNew: 6848K->312K(7424K), 0.0002590 secs] 21944K->15408K(23808K), 0.0002790 secs] [Times: user=0.01 sys=0.00, real=0.00 secs] 
34.058: Total time for which application threads were stopped: 0.0003590 seconds, Stopping threads took: 0.0000400 seconds
34.095: Application time: 0.0367810 seconds
34.095: [GC34.095: [ParNew: 6968K->344K(7424K), 0.0002870 secs] 22064K->15440K(23808K), 0.0003050 secs] [Times: user=0.00 sys=0.00, real=0.00 secs] 
34.095: Total time for which application threads were stopped: 0.0003780 seconds, Stopping threads took: 0.0000350 seconds
34.131: Application time: 0.0355990 seconds
34.131: [GC34.131: [ParNew: 7000K->389K(7424K), 0.0002920 secs] 22096K->15485K(23808K), 0.0003090 secs] [Times: user=0.00 sys=0.00, real=0.00 secs] 
34.131: Total time for which application threads were stopped: 0.0003860 seconds, Stopping threads took: 0.0000370 seconds
34.168: Application time: 0.0369270 seconds
34.168: [GC34.168: [ParNew: 7045K->393K(7424K), 0.0002970 secs] 22141K->15489K(23808K), 0.0003150 secs] [Times: user=0.01 sys=0.00, real=0.00 secs] 
34.169: Total time for which application threads were stopped: 0.0003980 seconds, Stopping threads took: 0.0000440 seconds
34.206: Application time: 0.0370150 seconds
34.206: [GC34.206: [ParNew: 7049K->392K(7424K), 0.0002740 secs] 22145K->15488K(23808K), 0.0002910 secs] [Times: user=0.00 sys=0.00, real=0.00 secs] 
34.206: Total time for which application threads were stopped: 0.0003690 seconds, Stopping threads took: 0.0000380 seconds
34.243: Application time: 0.0367970 seconds
34.243: [GC34.243: [ParNew: 7048K->396K(7424K), 0.0003400 secs] 22144K->15492K(23808K), 0.0003560 secs] [Times: user=0.00 sys=0.00, real=0.00 secs] 
34.243: Total time for which application threads were stopped: 0.0004350 seconds, Stopping threads took: 0.0000410 seconds
34.280: Application time: 0.0368990 seconds
34.280: [GC34.280: [ParNew: 7052K->397K(7424K), 0.0003540 secs] 22148K->15493K(23808K), 0.0003710 secs] [Times: user=0.00 sys=0.00, real=0.00 secs] 
34.281: Total time for which application threads were stopped: 0.0004480 seconds, Stopping threads took: 0.0000390 seconds
34.318: Application time: 0.0371710 seconds
34.318: [GC34.318: [ParNew: 7053K->388K(7424K), 0.0003480 secs] 22149K->15484K(23808K), 0.0003690 secs] [Times: user=0.00 sys=0.00, real=0.00 secs] 
34.318: Total time for which application threads were stopped: 0.0004640 seconds, Stopping threads took: 0.0000490 seconds
34.355: Application time: 0.0371730 seconds
34.356: [GC34.356: [ParNew: 7044K->388K(7424K), 0.0003450 secs] 22140K->15484K(23808K), 0.0003630 secs] [Times: user=0.00 sys=0.00, real=0.00 secs] 
34.356: Total time for which application threads were stopped: 0.0004510 seconds, Stopping threads took: 0.0000470 seconds
34.393: Application time: 0.0366620 seconds
34.393: [GC34.393: [ParNew: 7044K->390K(7424K), 0.0003500 secs] 22140K->15486K(23808K), 0.0003680 secs] [Times: user=0.01 sys=0.00, real=0.00 secs] 
34.393: Total time for which application threads were stopped: 0.0004500 seconds, Stopping threads took: 0.0000420 seconds
34.430: Application time: 0.0368410 seconds
34.430: [GC34.430: [ParNew: 7046K->397K(7424K), 0.0002880 secs] 22142K->15493K(23808K), 0.0003040 secs] [Times: user=0.00 sys=0.00, real=0.00 secs] 
34.430: Total time for which application threads were stopped: 0.0003860 seconds, Stopping threads took: 0.0000460 seconds
34.467: Application time: 0.0369140 seconds
34.467: [GC34.467: [ParNew: 7053K->397K(7424K), 0.0003390 secs] 22149K->15493K(23808K), 0.0003670 secs] [Times: user=0.00 sys=0.00, real=0.00 secs] 
34.468: Total time for which application threads were stopped: 0.0004490 seconds, Stopping threads took: 0.0000430 seconds
34.504: Application time: 0.0367770 seconds
34.505: [GC34.505: [ParNew: 7053K->402K(7424K), 0.0002890 secs] 22149K->15498K(23808K), 0.0003060 secs] [Times: user=0.00 sys=0.00, real=0.00 secs] 
34.505: Total time for which application threads were stopped: 0.0004020 seconds, Stopping threads took: 0.0000470 seconds
34.542: Application time: 0.0368890 seconds
34.542: [GC34.542: [ParNew: 7058K->398K(7424K), 0.0002760 secs] 22154K->15494K(23808K), 0.0002930 secs] [Times: user=0.00 sys=0.00, real=0.01 secs] 
34.542: Total time for which application threads were stopped: 0.0003770 seconds, Stopping threads took: 0.0000480 seconds
34.579: Application time: 0.0370000 seconds
34.579: [GC34.579: [ParNew: 7054K->364K(7424K), 0.0003830 secs] 22150K->15516K(23808K), 0.0004000 secs] [Times: user=0.00 sys=0.00, real=0.00 secs] 
34.580: Total time for which application threads were stopped: 0.0004830 seconds, Stopping threads took: 0.0000440 seconds
34.617: Application time: 0.0369600 seconds
34.617: [GC34.617: [ParNew: 7020K->256K(7424K), 0.0002740 secs] 22172K->15560K(23808K), 0.0002910 secs] [Times: user=0.00 sys=0.00, real=0.00 secs] 
34.617: Total time for which application threads were stopped: 0.0003710 seconds, Stopping threads took: 0.0000430 seconds
34.654: Application time: 0.0367780 seconds
34.654: [GC34.654: [ParNew: 6912K->225K(7424K), 0.0002390 secs] 22216K->15593K(23808K), 0.0002560 secs] [Times: user=0.00 sys=0.00, real=0.00 secs] 
34.654: Total time for which application threads were stopped: 0.0003390 seconds, Stopping threads took: 0.0000380 seconds
34.691: Application time: 0.0369170 seconds
34.691: [GC34.691: [ParNew: 6881K->169K(7424K), 0.0002470 secs] 22249K->15641K(23808K), 0.0002630 secs] [Times: user=0.00 sys=0.00, real=0.00 secs] 
34.691: Total time for which application threads were stopped: 0.0003440 seconds, Stopping threads took: 0.0000440 seconds
34.728: Application time: 0.0371340 seconds
34.728: [GC34.728: [ParNew: 6825K->171K(7424K), 0.0002040 secs] 22297K->15644K(23808K), 0.0002220 secs] [Times: user=0.01 sys=0.00, real=0.00 secs] 
34.729: Total time for which application threads were stopped: 0.0002940 seconds, Stopping threads took: 0.0000370 seconds
34.766: Application time: 0.0369220 seconds
34.766: [GC34.766: [ParNew: 6827K->173K(7424K), 0.0002210 secs] 22300K->15645K(23808K), 0.0002380 secs] [Times: user=0.00 sys=0.00, real=0.00 secs] 
34.766: Total time for which application threads were stopped: 0.0003230 seconds, Stopping threads took: 0.0000480 seconds
34.802: Application time: 0.0364530 seconds
34.802: [GC34.802: [ParNew: 6829K->204K(7424K), 0.0002410 secs] 22301K->15676K(23808K), 0.0002590 secs] [Times: user=0.00 sys=0.00, real=0.00 secs] 
34.803: Total time for which application threads were stopped: 0.0003360 seconds, Stopping threads took: 0.0000380 seconds
34.837: Application time: 0.0347000 seconds
34.838: [GC34.838: [ParNew: 6860K->304K(7424K), 0.0002630 secs] 22332K->15777K(23808K), 0.0002810 secs] [Times: user=0.00 sys=0.00, real=0.00 secs] 
34.838: Total time for which application threads were stopped: 0.0003600 seconds, Stopping threads took: 0.0000390 seconds
34.875: Application time: 0.0373680 seconds
34.875: [GC34.875: [ParNew: 6960K->292K(7424K), 0.0002650 secs] 22433K->15765K(23808K), 0.0002820 secs] [Times: user=0.00 sys=0.00, real=0.00 secs] 
34.876: Total time for which application threads were stopped: 0.0003600 seconds, Stopping threads took: 0.0000410 seconds
34.911: Application time: 0.0354380 seconds
34.911: [GC34.911: [ParNew: 6948K->382K(7424K), 0.0002850 secs] 22421K->15854K(23808K), 0.0003020 secs] [Times: user=0.00 sys=0.00, real=0.00 secs] 
34.911: Total time for which application threads were stopped: 0.0003790 seconds, Stopping threads took: 0.0000370 seconds
34.948: Application time: 0.0367600 seconds
34.948: [GC34.948: [ParNew: 7038K->393K(7424K), 0.0002940 secs] 22510K->15865K(23808K), 0.0003190 secs] [Times: user=0.01 sys=0.00, real=0.00 secs] 
34.949: Total time for which application threads were stopped: 0.0003980 seconds, Stopping threads took: 0.0000420 seconds
34.985: Application time: 0.0369460 seconds
34.986: [GC34.986: [ParNew: 7049K->399K(7424K), 0.0003060 secs] 22521K->15872K(23808K), 0.0003220 secs] [Times: user=0.00 sys=0.00, real=0.00 secs] 
34.986: Total time for which application threads were stopped: 0.0003990 seconds, Stopping threads took: 0.0000390 seconds
35.023: Application time: 0.0369620 seconds
35.023: [GC35.023: [ParNew: 7055K->406K(7424K), 0.0002900 secs] 22528K->15878K(23808K), 0.0003080 secs] [Times: user=0.00 sys=0.00, real=0.00 secs] 
35.023: Total time for which application threads were stopped: 0.0003980 seconds, Stopping threads took: 0.0000440 seconds
35.061: Application time: 0.0381000 seconds
35.061: [GC35.061: [ParNew: 7062K->356K(7424K), 0.0003420 secs] 22534K->15909K(23808K), 0.0003640 secs] [Times: user=0.00 sys=0.00, real=0.00 secs] 
35.062: Total time for which application threads were stopped: 0.0004690 seconds, Stopping threads took: 0.0000580 seconds
35.099: Application time: 0.0367740 seconds
35.099: [GC35.099: [ParNew: 7012K->347K(7424K), 0.0003110 secs] 22565K->15899K(23808K), 0.0003280 secs] [Times: user=0.01 sys=0.00, real=0.00 secs] 
35.099: Total time for which application threads were stopped: 0.0004050 seconds, Stopping threads took: 0.0000400 seconds
35.136: Application time: 0.0366800 seconds
35.136: [GC35.136: [ParNew: 7003K->349K(7424K), 0.0002780 secs] 22555K->15902K(23808K), 0.0002980 secs] [Times: user=0.00 sys=0.00, real=0.00 secs] 
35.136: Total time for which application threads were stopped: 0.0003790 seconds, Stopping threads took: 0.0000420 seconds
35.173: Application time: 0.0369910 seconds
35.173: [GC35.173: [ParNew: 7005K->356K(7424K), 0.0002520 secs] 22558K->15908K(23808K), 0.0002710 secs] [Times: user=0.00 sys=0.00, real=0.00 secs] 
35.173: Total time for which application threads were stopped: 0.0003540 seconds, Stopping threads took: 0.0000440 seconds
35.210: Application time: 0.0368870 seconds
35.210: [GC35.210: [ParNew: 7012K->366K(7424K), 0.0003000 secs] 22564K->15918K(23808K), 0.0003180 secs] [Times: user=0.00 sys=0.00, real=0.00 secs] 
35.211: Total time for which application threads were stopped: 0.0003940 seconds, Stopping threads took: 0.0000370 seconds
35.247: Application time: 0.0365660 seconds
35.247: [GC35.247: [ParNew: 7022K->362K(7424K), 0.0002740 secs] 22574K->15914K(23808K), 0.0002910 secs] [Times: user=0.00 sys=0.00, real=0.00 secs] 
35.248: Total time for which application threads were stopped: 0.0003670 seconds, Stopping threads took: 0.0000390 seconds
35.284: Application time: 0.0365720 seconds
35.284: [GC35.284: [ParNew: 7018K->371K(7424K), 0.0002800 secs] 22570K->15923K(23808K), 0.0002960 secs] [Times: user=0.00 sys=0.00, real=0.00 secs] 
35.285: Total time for which application threads were stopped: 0.0003820 seconds, Stopping threads took: 0.0000480 seconds
35.322: Application time: 0.0370470 seconds
35.322: [GC35.322: [ParNew: 7027K->377K(7424K), 0.0003460 secs] 22579K->15929K(23808K), 0.0003680 secs] [Times: user=0.00 sys=0.00, real=0.01 secs] 
35.322: Total time for which application threads were stopped: 0.0004680 seconds, Stopping threads took: 0.0000530 seconds
35.359: Application time: 0.0371550 seconds
35.362: [GC35.362: [ParNew: 7033K->360K(7424K), 0.0003450 secs] 22585K->15912K(23808K), 0.0003620 secs] [Times: user=0.00 sys=0.00, real=0.00 secs] 
35.362: Total time for which application threads were stopped: 0.0032260 seconds, Stopping threads took: 0.0028240 seconds
35.399: Application time: 0.0368750 seconds
35.399: [GC35.399: [ParNew: 7016K->254K(7424K), 0.0002830 secs] 22568K->15966K(23808K), 0.0003020 secs] [Times: user=0.00 sys=0.00, real=0.00 secs] 
35.400: Total time for which application threads were stopped: 0.0003990 seconds, Stopping threads took: 0.0000600 seconds
35.437: Application time: 0.0371830 seconds
35.437: [GC35.437: [ParNew: 6910K->256K(7424K), 0.0002630 secs] 22622K->15969K(23808K), 0.0002850 secs] [Times: user=0.00 sys=0.00, real=0.00 secs] 
35.437: Total time for which application threads were stopped: 0.0003630 seconds, Stopping threads took: 0.0000440 seconds
35.474: Application time: 0.0371040 seconds
35.474: [GC35.474: [ParNew: 6912K->169K(7424K), 0.0002590 secs] 22625K->16014K(23808K), 0.0002760 secs] [Times: user=0.00 sys=0.00, real=0.00 secs] 
35.475: Total time for which application threads were stopped: 0.0003540 seconds, Stopping threads took: 0.0000440 seconds
35.511: Application time: 0.0366870 seconds
35.512: [GC35.512: [ParNew: 6825K->172K(7424K), 0.0002250 secs] 22670K->16017K(23808K), 0.0002420 secs] [Times: user=0.01 sys=0.00, real=0.00 secs] 
35.512: Total time for which application threads were stopped: 0.0003230 seconds, Stopping threads took: 0.0000450 seconds
35.549: Application time: 0.0372110 seconds
35.549: [GC35.549: [ParNew: 6828K->174K(7424K), 0.0002380 secs] 22673K->16019K(23808K), 0.0002570 secs] [Times: user=0.00 sys=0.00, real=0.00 secs] 
35.549: Total time for which application threads were stopped: 0.0003400 seconds, Stopping threads took: 0.0000360 seconds
35.586: Application time: 0.0367700 seconds
35.586: [GC35.586: [ParNew: 6830K->194K(7424K), 0.0002390 secs] 22675K->16039K(23808K), 0.0002570 secs] [Times: user=0.00 sys=0.00, real=0.00 secs] 
35.586: Total time for which application threads were stopped: 0.0003350 seconds, Stopping threads took: 0.0000400 seconds
35.622: Application time: 0.0356100 seconds
35.622: [GC35.622: [ParNew: 6850K->251K(7424K), 0.0002510 secs] 22695K->16095K(23808K), 0.0002690 secs] [Times: user=0.00 sys=0.00, real=0.00 secs] 
35.622: Total time for which application threads were stopped: 0.0003440 seconds, Stopping threads took: 0.0000350 seconds
35.658: Application time: 0.0359490 seconds
35.658: [GC35.658: [ParNew: 6907K->309K(7424K), 0.0003250 secs] 22751K->16154K(23808K), 0.0003430 secs] [Times: user=0.00 sys=0.00, real=0.00 secs] 
35.659: Total time for which application threads were stopped: 0.0004190 seconds, Stopping threads took: 0.0000380 seconds
35.695: Application time: 0.0361930 seconds
35.695: [GC35.695: [ParNew: 6965K->374K(7424K), 0.0003260 secs] 22810K->16219K(23808K), 0.0003460 secs] [Times: user=0.00 sys=0.00, real=0.00 secs] 
35.695: Total time for which application threads were stopped: 0.0004300 seconds, Stopping threads took: 0.0000420 seconds
35.732: Application time: 0.0366110 seconds
35.732: [GC35.732: [ParNew: 7030K->405K(7424K), 0.0003060 secs] 22875K->16249K(23808K), 0.0003250 secs] [Times: user=0.00 sys=0.00, real=0.00 secs] 
35.732: Total time for which application threads were stopped: 0.0004070 seconds, Stopping threads took: 0.0000430 seconds
35.769: Application time: 0.0367280 seconds
35.769: [GC35.769: [ParNew: 7061K->390K(7424K), 0.0002880 secs] 22905K->16235K(23808K), 0.0003060 secs] [Times: user=0.01 sys=0.00, real=0.00 secs] 
35.770: Total time for which application threads were stopped: 0.0003880 seconds, Stopping threads took: 0.0000430 seconds
35.806: Application time: 0.0368430 seconds
35.806: [GC35.806: [ParNew: 7046K->403K(7424K), 0.0002930 secs] 22891K->16247K(23808K), 0.0003110 secs] [Times: user=0.00 sys=0.00, real=0.00 secs] 
35.807: Total time for which application threads were stopped: 0.0003970 seconds, Stopping threads took: 0.0000450 seconds
35.844: Application time: 0.0367400 seconds
35.844: [GC35.844: [ParNew: 7059K->401K(7424K), 0.0002880 secs] 22903K->16246K(23808K), 0.0003050 secs] [Times: user=0.00 sys=0.00, real=0.00 secs] 
35.844: Total time for which application threads were stopped: 0.0003860 seconds, Stopping threads took: 0.0000430 seconds
35.881: Application time: 0.0369020 seconds
35.881: [GC35.881: [ParNew: 7057K->398K(7424K), 0.0003410 secs] 22902K->16243K(23808K), 0.0003590 secs] [Times: user=0.01 sys=0.00, real=0.00 secs] 
35.881: Total time for which application threads were stopped: 0.0004380 seconds, Stopping threads took: 0.0000420 seconds
35.918: Application time: 0.0370260 seconds
35.918: [GC35.918: [ParNew: 7054K->360K(7424K), 0.0002970 secs] 22899K->16277K(23808K), 0.0003230 secs] [Times: user=0.00 sys=0.00, real=0.00 secs] 
35.919: Total time for which application threads were stopped: 0.0004070 seconds, Stopping threads took: 0.0000460 seconds
35.956: Application time: 0.0369990 seconds
35.956: [GC35.956: [ParNew: 7016K->347K(7424K), 0.0002860 secs] 22933K->16264K(23808K), 0.0003050 secs] [Times: user=0.00 sys=0.00, real=0.00 secs] 
35.956: Total time for which application threads were stopped: 0.0003890 seconds, Stopping threads took: 0.0000460 seconds
35.993: Application time: 0.0368370 seconds
35.993: [GC35.993: [ParNew: 7003K->368K(7424K), 0.0002790 secs] 22920K->16284K(23808K), 0.0002960 secs] [Times: user=0.00 sys=0.00, real=0.00 secs] 
35.993: Total time for which application threads were stopped: 0.0003750 seconds, Stopping threads took: 0.0000410 seconds
36.030: Application time: 0.0364840 seconds
36.030: [GC36.030: [ParNew: 7024K->370K(7424K), 0.0003010 secs] 22940K->16286K(23808K), 0.0003170 secs] [Times: user=0.00 sys=0.00, real=0.00 secs] 
36.030: Total time for which application threads were stopped: 0.0003990 seconds, Stopping threads took: 0.0000440 seconds
36.067: Application time: 0.0368140 seconds
36.067: [GC36.067: [ParNew: 7026K->369K(7424K), 0.0003000 secs] 22942K->16286K(23808K), 0.0003190 secs] [Times: user=0.00 sys=0.00, real=0.00 secs] 
36.067: Total time for which application threads were stopped: 0.0004100 seconds, Stopping threads took: 0.0000400 seconds
36.105: Application time: 0.0371870 seconds
36.105: [GC36.105: [ParNew: 7025K->372K(7424K), 0.0002750 secs] 22942K->16288K(23808K), 0.0002940 secs] [Times: user=0.00 sys=0.00, real=0.00 secs] 
36.105: Total time for which application threads were stopped: 0.0003800 seconds, Stopping threads took: 0.0000450 seconds
36.142: Application time: 0.0366800 seconds
36.142: [GC36.142: [ParNew: 7028K->356K(7424K), 0.0003430 secs] 22944K->16273K(23808K), 0.0003600 secs] [Times: user=0.00 sys=0.00, real=0.01 secs] 
36.142: Total time for which application threads were stopped: 0.0004340 seconds, Stopping threads took: 0.0000370 seconds
36.179: Application time: 0.0369860 seconds
36.179: [GC36.179: [ParNew: 7012K->306K(7424K), 0.0003460 secs] 22929K->16319K(23808K), 0.0003620 secs] [Times: user=0.00 sys=0.00, real=0.00 secs] 
36.180: Total time for which application threads were stopped: 0.0004380 seconds, Stopping threads took: 0.0000380 seconds
36.217: Application time: 0.0372150 seconds
36.217: [GC36.217: [ParNew: 6962K->250K(7424K), 0.0002680 secs] 22975K->16367K(23808K), 0.0002850 secs] [Times: user=0.00 sys=0.00, real=0.00 secs] 
36.217: Total time for which application threads were stopped: 0.0003720 seconds, Stopping threads took: 0.0000490 seconds
36.254: Application time: 0.0367220 seconds
36.254: [GC36.254: [ParNew: 6906K->193K(7424K), 0.0002630 secs] 23023K->16422K(23808K), 0.0002820 secs] [Times: user=0.00 sys=0.00, real=0.01 secs] 
36.254: Total time for which application threads were stopped: 0.0003740 seconds, Stopping threads took: 0.0000520 seconds
36.291: Application time: 0.0369690 seconds
36.291: [GC36.291: [ParNew: 6849K->6849K(7424K), 0.0000060 secs]36.291: [Tenured: 16228K->1903K(16384K), 0.0080000 secs] 23078K->1903K(23808K), [Perm : 6055K->6055K(21248K)], 0.0080410 secs] [Times: user=0.01 sys=0.00, real=0.01 secs] 
36.299: Total time for which application threads were stopped: 0.0081310 seconds, Stopping threads took: 0.0000420 seconds
36.336: Application time: 0.0370120 seconds
36.336: [GC36.336: [ParNew: 6656K->38K(7424K), 0.0003060 secs] 8559K->1941K(23808K), 0.0003290 secs] [Times: user=0.00 sys=0.00, real=0.00 secs] 
36.337: Total time for which application threads were stopped: 0.0004600 seconds, Stopping threads took: 0.0000820 seconds
36.373: Application time: 0.0365390 seconds
36.373: [GC36.373: [ParNew: 6694K->79K(7424K), 0.0002060 secs] 8597K->1982K(23808K), 0.0002240 secs] [Times: user=0.00 sys=0.00, real=0.00 secs] 
36.374: Total time for which application threads were stopped: 0.0003200 seconds, Stopping threads took: 0.0000510 seconds
36.409: Application time: 0.0358090 seconds
36.410: [GC36.410: [ParNew: 6735K->174K(7424K), 0.0002170 secs] 8638K->2077K(23808K), 0.0002330 secs] [Times: user=0.00 sys=0.00, real=0.00 secs] 
36.410: Total time for which application threads were stopped: 0.0003070 seconds, Stopping threads took: 0.0000400 seconds
36.446: Application time: 0.0359840 seconds
36.446: [GC36.446: [ParNew: 6830K->258K(7424K), 0.0002340 secs] 8733K->2162K(23808K), 0.0002540 secs] [Times: user=0.00 sys=0.00, real=0.00 secs] 
36.446: Total time for which application threads were stopped: 0.0003370 seconds, Stopping threads took: 0.0000430 seconds
36.482: Application time: 0.0362490 seconds
36.482: [GC36.482: [ParNew: 6914K->348K(7424K), 0.0002750 secs] 8818K->2252K(23808K), 0.0002930 secs] [Times: user=0.00 sys=0.00, real=0.00 secs] 
36.483: Total time for which application threads were stopped: 0.0003670 seconds, Stopping threads took: 0.0000370 seconds
36.519: Application time: 0.0364090 seconds
36.519: [GC36.519: [ParNew: 7004K->399K(7424K), 0.0002850 secs] 8908K->2302K(23808K), 0.0003010 secs] [Times: user=0.01 sys=0.00, real=0.00 secs] 
36.519: Total time for which application threads were stopped: 0.0003830 seconds, Stopping threads took: 0.0000440 seconds
36.558: Application time: 0.0380600 seconds
36.558: [GC36.558: [ParNew: 7055K->396K(7424K), 0.0003130 secs] 8958K->2300K(23808K), 0.0003360 secs] [Times: user=0.00 sys=0.00, real=0.00 secs] 
36.558: Total time for which application threads were stopped: 0.0004430 seconds, Stopping threads took: 0.0000600 seconds
36.595: Application time: 0.0368370 seconds
36.595: [GC36.595: [ParNew: 7052K->402K(7424K), 0.0002940 secs] 8956K->2305K(23808K), 0.0003130 secs] [Times: user=0.00 sys=0.00, real=0.00 secs] 
36.595: Total time for which application threads were stopped: 0.0004090 seconds, Stopping threads took: 0.0000460 seconds
36.632: Application time: 0.0370320 seconds
36.632: [GC36.632: [ParNew: 7058K->394K(7424K), 0.0002820 secs] 8961K->2298K(23808K), 0.0003010 secs] [Times: user=0.00 sys=0.00, real=0.00 secs] 
36.633: Total time for which application threads were stopped: 0.0003880 seconds, Stopping threads took: 0.0000460 seconds
36.670: Application time: 0.0371910 seconds
36.670: [GC36.670: [ParNew: 7050K->398K(7424K), 0.0002890 secs] 8954K->2301K(23808K), 0.0003060 secs] [Times: user=0.01 sys=0.00, real=0.00 secs] 
36.670: Total time for which application threads were stopped: 0.0003880 seconds, Stopping threads took: 0.0000440 seconds
36.708: Application time: 0.0380570 seconds
36.708: [GC36.708: [ParNew: 7054K->400K(7424K), 0.0002740 secs] 8957K->2303K(23808K), 0.0002900 secs] [Times: user=0.00 sys=0.00, real=0.00 secs] 
36.709: Total time for which application threads were stopped: 0.0003730 seconds, Stopping threads took: 0.0000450 seconds
36.746: Application time: 0.0369370 seconds
36.746: [GC36.746: [ParNew: 7056K->402K(7424K), 0.0002740 secs] 8959K->2305K(23808K), 0.0002900 secs] [Times: user=0.00 sys=0.00, real=0.00 secs] 
36.746: Total time for which application threads were stopped: 0.0003690 seconds, Stopping threads took: 0.0000410 seconds
36.783: Application time: 0.0366620 seconds
36.783: [GC36.783: [ParNew: 7058K->398K(7424K), 0.0002670 secs] 8961K->2301K(23808K), 0.0002860 secs] [Times: user=0.00 sys=0.00, real=0.00 secs] 
36.783: Total time for which application threads were stopped: 0.0003670 seconds, Stopping threads took: 0.0000410 seconds
36.820: Application time: 0.0365980 seconds
36.820: [GC36.820: [ParNew: 7054K->387K(7424K), 0.0003610 secs] 8957K->2291K(23808K), 0.0003780 secs] [Times: user=0.01 sys=0.00, real=0.00 secs] 
36.820: Total time for which application threads were stopped: 0.0004570 seconds, Stopping threads took: 0.0000390 seconds
36.857: Application time: 0.0370890 seconds
36.857: [GC36.857: [ParNew: 7043K->398K(7424K), 0.0002810 secs] 8947K->2302K(23808K), 0.0002980 secs] [Times: user=0.00 sys=0.00, real=0.00 secs] 
36.858: Total time for which application threads were stopped: 0.0003840 seconds, Stopping threads took: 0.0000410 seconds
36.895: Application time: 0.0369800 seconds
36.898: [GC36.898: [ParNew: 7054K->370K(7424K), 0.0003190 secs] 8958K->2337K(23808K), 0.0003370 secs] [Times: user=0.01 sys=0.00, real=0.00 secs] 
36.898: Total time for which application threads were stopped: 0.0038930 seconds, Stopping threads took: 0.0035170 seconds
36.935: Application time: 0.0366780 seconds
36.935: [GC36.935: [ParNew: 7026K->367K(7424K), 0.0002490 secs] 8993K->2334K(23808K), 0.0002680 secs] [Times: user=0.00 sys=0.00, real=0.00 secs] 
36.935: Total time for which application threads were stopped: 0.0003550 seconds, Stopping threads took: 0.0000460 seconds
36.972: Application time: 0.0370270 seconds
36.973: [GC36.973: [ParNew: 7023K->314K(7424K), 0.0002560 secs] 8990K->2377K(23808K), 0.0002750 secs] [Times: user=0.00 sys=0.00, real=0.00 secs] 
36.973: Total time for which application threads were stopped: 0.0003640 seconds, Stopping threads took: 0.0000490 seconds
37.010: Application time: 0.0371930 seconds
37.010: [GC37.010: [ParNew: 6970K->258K(7424K), 0.0002560 secs] 9033K->2422K(23808K), 0.0002730 secs] [Times: user=0.00 sys=0.00, real=0.00 secs] 
37.010: Total time for which application threads were stopped: 0.0003560 seconds, Stopping threads took: 0.0000450 seconds
37.047: Application time: 0.0366770 seconds
37.047: [GC37.047: [ParNew: 6914K->195K(7424K), 0.0003130 secs] 9078K->2446K(23808K), 0.0003300 secs] [Times: user=0.00 sys=0.00, real=0.00 secs] 
37.048: Total time for which application threads were stopped: 0.0004120 seconds, Stopping threads took: 0.0000440 seconds
37.085: Application time: 0.0371480 seconds
37.085: [GC37.085: [ParNew: 6851K->173K(7424K), 0.0002080 secs] 9102K->2481K(23808K), 0.0002270 secs] [Times: user=0.00 sys=0.00, real=0.00 secs] 
37.085: Total time for which application threads were stopped: 0.0003240 seconds, Stopping threads took: 0.0000620 seconds
37.122: Application time: 0.0369170 seconds
37.122: [GC37.122: [ParNew: 6829K->156K(7424K), 0.0002350 secs] 9137K->2464K(23808K), 0.0002520 secs] [Times: user=0.00 sys=0.00, real=0.01 secs] 
37.122: Total time for which application threads were stopped: 0.0003400 seconds, Stopping threads took: 0.0000440 seconds
37.159: Application time: 0.0368820 seconds
37.159: [GC37.159: [ParNew: 6812K->164K(7424K), 0.0002420 secs] 9120K->2472K(23808K), 0.0002590 secs] [Times: user=0.00 sys=0.00, real=0.00 secs] 
37.159: Total time for which application threads were stopped: 0.0003420 seconds, Stopping threads took: 0.0000460 seconds
37.195: Application time: 0.0359790 seconds
37.196: [GC37.196: [ParNew: 6820K->206K(7424K), 0.0002170 secs] 9128K->2513K(23808K), 0.0002360 secs] [Times: user=0.00 sys=0.00, real=0.00 secs] 
37.196: Total time for which application threads were stopped: 0.0003200 seconds, Stopping threads took: 0.0000450 seconds
37.231: Application time: 0.0350870 seconds
37.231: [GC37.231: [ParNew: 6862K->310K(7424K), 0.0002590 secs] 9169K->2618K(23808K), 0.0002760 secs] [Times: user=0.00 sys=0.00, real=0.00 secs] 
37.231: Total time for which application threads were stopped: 0.0003530 seconds, Stopping threads took: 0.0000370 seconds
37.267: Application time: 0.0357630 seconds
37.267: [GC37.267: [ParNew: 6966K->368K(7424K), 0.0002540 secs] 9274K->2676K(23808K), 0.0002720 secs] [Times: user=0.00 sys=0.00, real=0.00 secs] 
37.267: Total time for which application threads were stopped: 0.0003560 seconds, Stopping threads took: 0.0000450 seconds
37.304: Application time: 0.0371420 seconds
37.305: [GC37.305: [ParNew: 7024K->373K(7424K), 0.0002930 secs] 9332K->2680K(23808K), 0.0003110 secs] [Times: user=0.00 sys=0.00, real=0.00 secs] 
37.305: Total time for which application threads were stopped: 0.0003880 seconds, Stopping threads took: 0.0000380 seconds
37.342: Application time: 0.0367700 seconds
37.342: [GC37.342: [ParNew: 7029K->391K(7424K), 0.0003420 secs] 9336K->2699K(23808K), 0.0003650 secs] [Times: user=0.00 sys=0.00, real=0.01 secs] 
37.342: Total time for which application threads were stopped: 0.0004720 seconds, Stopping threads took: 0.0000520 seconds
37.379: Application time: 0.0367400 seconds
37.379: [GC37.379: [ParNew: 7047K->384K(7424K), 0.0002670 secs] 9355K->2692K(23808K), 0.0002850 secs] [Times: user=0.00 sys=0.00, real=0.00 secs] 
37.379: Total time for which application threads were stopped: 0.0003590 seconds, Stopping threads took: 0.0000370 seconds
37.416: Application time: 0.0369460 seconds
37.416: [GC37.416: [ParNew: 7040K->395K(7424K), 0.0002770 secs] 9348K->2703K(23808K), 0.0002940 secs] [Times: user=0.00 sys=0.00, real=0.00 secs] 
37.417: Total time for which application threads were stopped: 0.0003850 seconds, Stopping threads took: 0.0000530 seconds
37.454: Application time: 0.0373630 seconds
37.454: [GC37.454: [ParNew: 7051K->395K(7424K), 0.0002610 secs] 9359K->2703K(23808K), 0.0002800 secs] [Times: user=0.00 sys=0.00, real=0.01 secs] 
37.454: Total time for which application threads were stopped: 0.0003590 seconds, Stopping threads took: 0.0000410 seconds
37.491: Application time: 0.0367690 seconds
37.491: [GC37.491: [ParNew: 7051K->394K(7424K), 0.0002820 secs] 9359K->2702K(23808K), 0.0003000 secs] [Times: user=0.00 sys=0.00, real=0.00 secs] 
37.491: Total time for which application threads were stopped: 0.0003710 seconds, Stopping threads took: 0.0000330 seconds
37.529: Application time: 0.0371880 seconds
37.529: [GC37.529: [ParNew: 7050K->391K(7424K), 0.0002580 secs] 9358K->2699K(23808K), 0.0002730 secs] [Times: user=0.00 sys=0.00, real=0.00 secs] 
37.529: Total time for which application threads were stopped: 0.0003470 seconds, Stopping threads took: 0.0000370 seconds
37.566: Application time: 0.0371380 seconds
37.566: [GC37.566: [ParNew: 7047K->388K(7424K), 0.0003440 secs] 9355K->2695K(23808K), 0.0003600 secs] [Times: user=0.00 sys=0.00, real=0.00 secs] 
37.567: Total time for which application threads were stopped: 0.0004360 seconds, Stopping threads took: 0.0000410 seconds
37.603: Application time: 0.0367620 seconds
37.603: [GC37.603: [ParNew: 7044K->385K(7424K), 0.0003370 secs] 9351K->2693K(23808K), 0.0003540 secs] [Times: user=0.00 sys=0.00, real=0.00 secs] 
37.604: Total time for which application threads were stopped: 0.0004360 seconds, Stopping threads took: 0.0000440 seconds
37.641: Application time: 0.0376540 seconds
37.641: [GC37.641: [ParNew: 7041K->394K(7424K), 0.0003380 secs] 9349K->2701K(23808K), 0.0003540 secs] [Times: user=0.01 sys=0.00, real=0.00 secs] 
37.642: Total time for which application threads were stopped: 0.0004490 seconds, Stopping threads took: 0.0000490 seconds
37.679: Application time: 0.0366910 seconds
37.679: [GC37.679: [ParNew: 7050K->385K(7424K), 0.0003650 secs] 9357K->2692K(23808K), 0.0003810 secs] [Times: user=0.00 sys=0.00, real=0.00 secs] 
37.679: Total time for which application threads were stopped: 0.0004620 seconds, Stopping threads took: 0.0000440 seconds
37.716: Application time: 0.0366950 seconds
37.716: [GC37.716: [ParNew: 7041K->392K(7424K), 0.0003550 secs] 9348K->2700K(23808K), 0.0003740 secs] [Times: user=0.01 sys=0.00, real=0.00 secs] 
37.716: Total time for which application threads were stopped: 0.0004510 seconds, Stopping threads took: 0.0000370 seconds
37.753: Application time: 0.0370630 seconds
37.753: [GC37.753: [ParNew: 7048K->344K(7424K), 0.0002670 secs] 9356K->2748K(23808K), 0.0002850 secs] [Times: user=0.00 sys=0.00, real=0.00 secs] 
37.754: Total time for which application threads were stopped: 0.0003660 seconds, Stopping threads took: 0.0000420 seconds
37.791: Application time: 0.0369990 seconds
37.791: [GC37.791: [ParNew: 7000K->259K(7424K), 0.0002530 secs] 9404K->2791K(23808K), 0.0002700 secs] [Times: user=0.00 sys=0.00, real=0.00 secs] 
37.791: Total time for which application threads were stopped: 0.0003490 seconds, Stopping threads took: 0.0000410 seconds
37.828: Application time: 0.0367720 seconds
37.828: [GC37.828: [ParNew: 6915K->199K(7424K), 0.0002480 secs] 9447K->2847K(23808K), 0.0002650 secs] [Times: user=0.00 sys=0.00, real=0.00 secs] 
37.828: Total time for which application threads were stopped: 0.0003500 seconds, Stopping threads took: 0.0000390 seconds
37.865: Application time: 0.0369000 seconds
37.865: [GC37.865: [ParNew: 6855K->201K(7424K), 0.0002170 secs] 9503K->2848K(23808K), 0.0002340 secs] [Times: user=0.00 sys=0.00, real=0.00 secs] 
37.865: Total time for which application threads were stopped: 0.0003070 seconds, Stopping threads took: 0.0000360 seconds
37.902: Application time: 0.0370390 seconds
37.902: [GC37.902: [ParNew: 6857K->173K(7424K), 0.0002130 secs] 9504K->2877K(23808K), 0.0002290 secs] [Times: user=0.01 sys=0.00, real=0.00 secs] 
37.903: Total time for which application threads were stopped: 0.0002990 seconds, Stopping threads took: 0.0000340 seconds
37.940: Application time: 0.0370120 seconds
37.940: [GC37.940: [ParNew: 6829K->175K(7424K), 0.0002300 secs] 9533K->2879K(23808K), 0.0002470 secs] [Times: user=0.00 sys=0.00, real=0.00 secs] 
37.940: Total time for which application threads were stopped: 0.0003300 seconds, Stopping threads took: 0.0000430 seconds
37.976: Application time: 0.0364860 seconds
37.976: [GC37.977: [ParNew: 6831K->188K(7424K), 0.0002370 secs] 9535K->2891K(23808K), 0.0002550 secs] [Times: user=0.00 sys=0.00, real=0.00 secs] 
37.977: Total time for which application threads were stopped: 0.0003450 seconds, Stopping threads took: 0.0000500 seconds
38.011: Application time: 0.0346890 seconds
38.012: [GC38.012: [ParNew: 6844K->314K(7424K), 0.0002390 secs] 9547K->3018K(23808K), 0.0002570 secs] [Times: user=0.00 sys=0.00, real=0.00 secs] 
38.012: Total time for which application threads were stopped: 0.0003380 seconds, Stopping threads took: 0.0000420 seconds
38.048: Application time: 0.0363770 seconds
38.050: [GC38.050: [ParNew: 6970K->350K(7424K), 0.0004120 secs] 9674K->3054K(23808K), 0.0004380 secs] [Times: user=0.00 sys=0.00, real=0.00 secs] 
38.051: Total time for which application threads were stopped: 0.0023780 seconds, Stopping threads took: 0.0018850 seconds
38.088: Application time: 0.0371280 seconds
38.088: [GC38.088: [ParNew: 6995K->366K(7424K), 0.0003020 secs] 9699K->3069K(23808K), 0.0003200 secs] [Times: user=0.00 sys=0.00, real=0.00 secs] 
38.088: Total time for which application threads were stopped: 0.0004140 seconds, Stopping threads took: 0.0000520 seconds
38.125: Application time: 0.0364130 seconds
38.125: [GC38.125: [ParNew: 7022K->387K(7424K), 0.0002820 secs] 9725K->3091K(23808K), 0.0003020 secs] [Times: user=0.00 sys=0.00, real=0.00 secs] 
38.125: Total time for which application threads were stopped: 0.0003790 seconds, Stopping threads took: 0.0000370 seconds
38.162: Application time: 0.0368880 seconds
38.162: [GC38.162: [ParNew: 7043K->397K(7424K), 0.0002910 secs] 9747K->3100K(23808K), 0.0003080 secs] [Times: user=0.00 sys=0.00, real=0.01 secs] 
38.162: Total time for which application threads were stopped: 0.0003940 seconds, Stopping threads took: 0.0000390 seconds
38.199: Application time: 0.0369110 seconds
38.199: [GC38.199: [ParNew: 7053K->401K(7424K), 0.0002790 secs] 9756K->3105K(23808K), 0.0002960 secs] [Times: user=0.00 sys=0.00, real=0.00 secs] 
38.199: Total time for which application threads were stopped: 0.0003750 seconds, Stopping threads took: 0.0000400 seconds
38.236: Application time: 0.0370060 seconds
38.237: [GC38.237: [ParNew: 7057K->401K(7424K), 0.0002580 secs] 9761K->3105K(23808K), 0.0002740 secs] [Times: user=0.01 sys=0.00, real=0.00 secs] 
38.237: Total time for which application threads were stopped: 0.0003540 seconds, Stopping threads took: 0.0000420 seconds
38.274: Application time: 0.0367070 seconds
38.274: [GC38.274: [ParNew: 7057K->394K(7424K), 0.0003440 secs] 9761K->3098K(23808K), 0.0003590 secs] [Times: user=0.00 sys=0.00, real=0.00 secs] 
38.274: Total time for which application threads were stopped: 0.0004340 seconds, Stopping threads took: 0.0000410 seconds
38.311: Application time: 0.0368460 seconds
38.312: [GC38.312: [ParNew: 7050K->400K(7424K), 0.0004370 secs] 9754K->3104K(23808K), 0.0004740 secs] [Times: user=0.00 sys=0.00, real=0.00 secs] 
38.312: Total time for which application threads were stopped: 0.0013550 seconds, Stopping threads took: 0.0008170 seconds
38.349: Application time: 0.0372720 seconds
38.350: [GC38.350: [ParNew: 7056K->398K(7424K), 0.0002870 secs] 9760K->3102K(23808K), 0.0003060 secs] [Times: user=0.00 sys=0.00, real=0.00 secs] 
38.350: Total time for which application threads were stopped: 0.0003880 seconds, Stopping threads took: 0.0000400 seconds
38.387: Application time: 0.0368310 seconds
38.387: [GC38.387: [ParNew: 7054K->390K(7424K), 0.0003540 secs] 9758K->3094K(23808K), 0.0003710 secs] [Times: user=0.00 sys=0.00, real=0.00 secs] 
38.387: Total time for which application threads were stopped: 0.0004480 seconds, Stopping threads took: 0.0000380 seconds
38.424: Application time: 0.0365980 seconds
38.424: [GC38.424: [ParNew: 7046K->376K(7424K), 0.0003640 secs] 9750K->3080K(23808K), 0.0003830 secs] [Times: user=0.00 sys=0.00, real=0.00 secs] 
38.424: Total time for which application threads were stopped: 0.0004670 seconds, Stopping threads took: 0.0000450 seconds
38.461: Application time: 0.0366120 seconds
38.461: [GC38.461: [ParNew: 7032K->385K(7424K), 0.0002760 secs] 9736K->3089K(23808K), 0.0002950 secs] [Times: user=0.00 sys=0.00, real=0.00 secs] 
38.461: Total time for which application threads were stopped: 0.0003750 seconds, Stopping threads took: 0.0000410 seconds
38.498: Application time: 0.0368170 seconds
38.498: [GC38.498: [ParNew: 7041K->398K(7424K), 0.0002620 secs] 9745K->3102K(23808K), 0.0002800 secs] [Times: user=0.00 sys=0.00, real=0.00 secs] 
38.498: Total time for which application threads were stopped: 0.0003990 seconds, Stopping threads took: 0.0000780 seconds
38.536: Application time: 0.0372770 seconds
38.536: [GC38.536: [ParNew: 7054K->375K(7424K), 0.0002750 secs] 9758K->3143K(23808K), 0.0002930 secs] [Times: user=0.00 sys=0.00, real=0.00 secs] 
38.536: Total time for which application threads were stopped: 0.0003750 seconds, Stopping threads took: 0.0000430 seconds
38.573: Application time: 0.0367910 seconds
38.573: [GC38.573: [ParNew: 7031K->240K(7424K), 0.0002850 secs] 9799K->3163K(23808K), 0.0003020 secs] [Times: user=0.00 sys=0.00, real=0.00 secs] 
38.573: Total time for which application threads were stopped: 0.0003950 seconds, Stopping threads took: 0.0000560 seconds
38.610: Application time: 0.0366830 seconds
38.610: [GC38.610: [ParNew: 6896K->194K(7424K), 0.0003350 secs] 9819K->3214K(23808K), 0.0003520 secs] [Times: user=0.00 sys=0.00, real=0.00 secs] 
38.610: Total time for which application threads were stopped: 0.0004200 seconds, Stopping threads took: 0.0000340 seconds
38.648: Application time: 0.0372230 seconds
38.648: [GC38.648: [ParNew: 6850K->192K(7424K), 0.0002470 secs] 9870K->3212K(23808K), 0.0002640 secs] [Times: user=0.00 sys=0.00, real=0.00 secs] 
38.648: Total time for which application threads were stopped: 0.0003410 seconds, Stopping threads took: 0.0000400 seconds
38.685: Application time: 0.0371750 seconds
38.685: [GC38.685: [ParNew: 6848K->167K(7424K), 0.0002500 secs] 9868K->3251K(23808K), 0.0002680 secs] [Times: user=0.01 sys=0.00, real=0.00 secs] 
38.685: Total time for which application threads were stopped: 0.0003580 seconds, Stopping threads took: 0.0000450 seconds
38.722: Application time: 0.0368590 seconds
38.722: [GC38.722: [ParNew: 6823K->169K(7424K), 0.0002370 secs] 9907K->3253K(23808K), 0.0002520 secs] [Times: user=0.00 sys=0.00, real=0.00 secs] 
38.723: Total time for which application threads were stopped: 0.0003310 seconds, Stopping threads took: 0.0000410 seconds
38.759: Application time: 0.0363750 seconds
38.759: [GC38.759: [ParNew: 6825K->188K(7424K), 0.0002260 secs] 9909K->3272K(23808K), 0.0002430 secs] [Times: user=0.00 sys=0.00, real=0.00 secs] 
38.759: Total time for which application threads were stopped: 0.0003240 seconds, Stopping threads took: 0.0000440 seconds
38.795: Application time: 0.0357420 seconds
38.795: [GC38.795: [ParNew: 6844K->253K(7424K), 0.0003160 secs] 9928K->3337K(23808K), 0.0003330 secs] [Times: user=0.00 sys=0.00, real=0.00 secs] 
38.795: Total time for which application threads were stopped: 0.0004160 seconds, Stopping threads took: 0.0000440 seconds
38.831: Application time: 0.0356970 seconds
38.831: [GC38.831: [ParNew: 6909K->323K(7424K), 0.0002530 secs] 9993K->3407K(23808K), 0.0002770 secs] [Times: user=0.01 sys=0.00, real=0.00 secs] 
38.832: Total time for which application threads were stopped: 0.0003650 seconds, Stopping threads took: 0.0000480 seconds
38.868: Application time: 0.0360370 seconds
38.868: [GC38.868: [ParNew: 6979K->362K(7424K), 0.0003410 secs] 10063K->3446K(23808K), 0.0003600 secs] [Times: user=0.00 sys=0.00, real=0.00 secs] 
38.868: Total time for which application threads were stopped: 0.0004420 seconds, Stopping threads took: 0.0000400 seconds
38.905: Application time: 0.0365210 seconds
38.905: [GC38.905: [ParNew: 7018K->394K(7424K), 0.0002770 secs] 10102K->3478K(23808K), 0.0002960 secs] [Times: user=0.00 sys=0.00, real=0.00 secs] 
38.905: Total time for which application threads were stopped: 0.0003780 seconds, Stopping threads took: 0.0000420 seconds
38.942: Application time: 0.0369820 seconds
38.942: [GC38.942: [ParNew: 7050K->396K(7424K), 0.0002850 secs] 10134K->3480K(23808K), 0.0003020 secs] [Times: user=0.00 sys=0.00, real=0.01 secs] 
38.942: Total time for which application threads were stopped: 0.0003820 seconds, Stopping threads took: 0.0000420 seconds
38.980: Application time: 0.0372550 seconds
38.980: [GC38.980: [ParNew: 7052K->354K(7424K), 0.0003500 secs] 10136K->3502K(23808K), 0.0003670 secs] [Times: user=0.00 sys=0.00, real=0.00 secs] 
38.980: Total time for which application threads were stopped: 0.0004470 seconds, Stopping threads took: 0.0000440 seconds
39.017: Application time: 0.0369480 seconds
39.018: [GC39.018: [ParNew: 7010K->338K(7424K), 0.0002760 secs] 10158K->3486K(23808K), 0.0002970 secs] [Times: user=0.01 sys=0.00, real=0.00 secs] 
39.018: Total time for which application threads were stopped: 0.0014370 seconds, Stopping threads took: 0.0011000 seconds
39.055: Application time: 0.0367330 seconds
39.055: [GC39.055: [ParNew: 6994K->351K(7424K), 0.0002670 secs] 10142K->3499K(23808K), 0.0002840 secs] [Times: user=0.00 sys=0.00, real=0.00 secs] 
39.056: Total time for which application threads were stopped: 0.0003590 seconds, Stopping threads took: 0.0000380 seconds
39.093: Application time: 0.0376050 seconds
39.093: [GC39.093: [ParNew: 7007K->354K(7424K), 0.0002430 secs] 10155K->3502K(23808K), 0.0002600 secs] [Times: user=0.00 sys=0.00, real=0.00 secs] 
39.093: Total time for which application threads were stopped: 0.0003440 seconds, Stopping threads took: 0.0000450 seconds
39.130: Application time: 0.0365930 seconds
39.130: [GC39.130: [ParNew: 7010K->349K(7424K), 0.0002500 secs] 10158K->3497K(23808K), 0.0002660 secs] [Times: user=0.01 sys=0.00, real=0.00 secs] 
39.130: Total time for which application threads were stopped: 0.0003380 seconds, Stopping threads took: 0.0000370 seconds
39.167: Application time: 0.0369200 seconds
39.170: [GC39.170: [ParNew: 7005K->368K(7424K), 0.0002690 secs] 10153K->3516K(23808K), 0.0002880 secs] [Times: user=0.00 sys=0.00, real=0.00 secs] 
39.170: Total time for which application threads were stopped: 0.0031050 seconds, Stopping threads took: 0.0027780 seconds
39.207: Application time: 0.0365810 seconds
39.210: [GC39.210: [ParNew: 7024K->369K(7424K), 0.0002810 secs] 10172K->3517K(23808K), 0.0002990 secs] [Times: user=0.01 sys=0.00, real=0.00 secs] 
39.210: Total time for which application threads were stopped: 0.0034120 seconds, Stopping threads took: 0.0030650 seconds
39.247: Application time: 0.0367530 seconds
39.247: [GC39.247: [ParNew: 7025K->369K(7424K), 0.0002910 secs] 10173K->3517K(23808K), 0.0003080 secs] [Times: user=0.00 sys=0.00, real=0.00 secs] 
39.248: Total time for which application threads were stopped: 0.0003920 seconds, Stopping threads took: 0.0000460 seconds
39.285: Application time: 0.0370960 seconds
39.285: [GC39.285: [ParNew: 7025K->369K(7424K), 0.0002720 secs] 10173K->3517K(23808K), 0.0002900 secs] [Times: user=0.01 sys=0.00, real=0.00 secs] 
39.285: Total time for which application threads were stopped: 0.0003740 seconds, Stopping threads took: 0.0000440 seconds
39.322: Application time: 0.0368810 seconds
39.322: [GC39.322: [ParNew: 7025K->377K(7424K), 0.0003530 secs] 10173K->3525K(23808K), 0.0003820 secs] [Times: user=0.01 sys=0.00, real=0.01 secs] 
39.322: Total time for which application threads were stopped: 0.0004840 seconds, Stopping threads took: 0.0000540 seconds
39.360: Application time: 0.0371500 seconds
39.360: [GC39.360: [ParNew: 7033K->316K(7424K), 0.0002680 secs] 10181K->3568K(23808K), 0.0002840 secs] [Times: user=0.00 sys=0.00, real=0.00 secs] 
39.360: Total time for which application threads were stopped: 0.0003840 seconds, Stopping threads took: 0.0000620 seconds
39.397: Application time: 0.0370660 seconds
39.397: [GC39.397: [ParNew: 6972K->228K(7424K), 0.0002780 secs] 10224K->3612K(23808K), 0.0002960 secs] [Times: user=0.00 sys=0.00, real=0.00 secs] 
39.397: Total time for which application threads were stopped: 0.0003710 seconds, Stopping threads took: 0.0000360 seconds
39.434: Application time: 0.0367210 seconds
39.434: [GC39.434: [ParNew: 6884K->191K(7424K), 0.0002430 secs] 10268K->3631K(23808K), 0.0002610 secs] [Times: user=0.00 sys=0.00, real=0.00 secs] 
39.434: Total time for which application threads were stopped: 0.0003390 seconds, Stopping threads took: 0.0000400 seconds
39.472: Application time: 0.0373530 seconds
39.472: [GC39.472: [ParNew: 6847K->169K(7424K), 0.0002130 secs] 10287K->3665K(23808K), 0.0002300 secs] [Times: user=0.01 sys=0.00, real=0.00 secs] 
39.472: Total time for which application threads were stopped: 0.0003070 seconds, Stopping threads took: 0.0000390 seconds
39.509: Application time: 0.0367500 seconds
39.509: [GC39.509: [ParNew: 6825K->171K(7424K), 0.0002310 secs] 10321K->3667K(23808K), 0.0002480 secs] [Times: user=0.00 sys=0.00, real=0.00 secs] 
39.509: Total time for which application threads were stopped: 0.0003300 seconds, Stopping threads took: 0.0000440 seconds
39.546: Application time: 0.0366170 seconds
39.546: [GC39.546: [ParNew: 6827K->174K(7424K), 0.0002360 secs] 10323K->3670K(23808K), 0.0002550 secs] [Times: user=0.00 sys=0.00, real=0.00 secs] 
39.546: Total time for which application threads were stopped: 0.0003420 seconds, Stopping threads took: 0.0000480 seconds
39.583: Application time: 0.0367310 seconds
39.583: [GC39.583: [ParNew: 6830K->249K(7424K), 0.0002740 secs] 10326K->3746K(23808K), 0.0002970 secs] [Times: user=0.00 sys=0.00, real=0.00 secs] 
39.583: Total time for which application threads were stopped: 0.0004000 seconds, Stopping threads took: 0.0000580 seconds
39.619: Application time: 0.0361140 seconds
39.619: [GC39.620: [ParNew: 6905K->306K(7424K), 0.0002770 secs] 10402K->3803K(23808K), 0.0002930 secs] [Times: user=0.00 sys=0.00, real=0.00 secs] 
39.620: Total time for which application threads were stopped: 0.0004110 seconds, Stopping threads took: 0.0000780 seconds
39.656: Application time: 0.0358880 seconds
39.656: [GC39.656: [ParNew: 6962K->365K(7424K), 0.0002640 secs] 10459K->3861K(23808K), 0.0002800 secs] [Times: user=0.00 sys=0.00, real=0.00 secs] 
39.656: Total time for which application threads were stopped: 0.0003540 seconds, Stopping threads took: 0.0000370 seconds
39.693: Application time: 0.0364920 seconds
39.694: [GC39.694: [ParNew: 7021K->397K(7424K), 0.0003100 secs] 10517K->3893K(23808K), 0.0003280 secs] [Times: user=0.00 sys=0.00, real=0.00 secs] 
39.694: Total time for which application threads were stopped: 0.0018890 seconds, Stopping threads took: 0.0015230 seconds
39.732: Application time: 0.0370810 seconds
39.732: [GC39.732: [ParNew: 7053K->395K(7424K), 0.0002770 secs] 10549K->3891K(23808K), 0.0002950 secs] [Times: user=0.00 sys=0.00, real=0.00 secs] 
39.732: Total time for which application threads were stopped: 0.0003860 seconds, Stopping threads took: 0.0000410 seconds
39.769: Application time: 0.0367980 seconds
39.769: [GC39.769: [ParNew: 7051K->398K(7424K), 0.0002860 secs] 10547K->3895K(23808K), 0.0003020 secs] [Times: user=0.00 sys=0.00, real=0.00 secs] 
39.769: Total time for which application threads were stopped: 0.0003870 seconds, Stopping threads took: 0.0000470 seconds
39.806: Application time: 0.0367730 seconds
39.806: [GC39.806: [ParNew: 7054K->367K(7424K), 0.0003680 secs] 10551K->3920K(23808K), 0.0003940 secs] [Times: user=0.00 sys=0.00, real=0.00 secs] 
39.806: Total time for which application threads were stopped: 0.0004690 seconds, Stopping threads took: 0.0000380 seconds
39.844: Application time: 0.0372410 seconds
39.844: [GC39.844: [ParNew: 7023K->369K(7424K), 0.0003250 secs] 10576K->3921K(23808K), 0.0003420 secs] [Times: user=0.00 sys=0.00, real=0.00 secs] 
39.844: Total time for which application threads were stopped: 0.0004310 seconds, Stopping threads took: 0.0000520 seconds
39.881: Application time: 0.0369100 seconds
39.881: [GC39.881: [ParNew: 7025K->370K(7424K), 0.0002450 secs] 10577K->3923K(23808K), 0.0002640 secs] [Times: user=0.01 sys=0.00, real=0.00 secs] 
39.881: Total time for which application threads were stopped: 0.0003610 seconds, Stopping threads took: 0.0000590 seconds
39.918: Application time: 0.0369030 seconds
39.918: [GC39.918: [ParNew: 7026K->374K(7424K), 0.0002950 secs] 10579K->3926K(23808K), 0.0003120 secs] [Times: user=0.00 sys=0.00, real=0.00 secs] 
39.919: Total time for which application threads were stopped: 0.0003890 seconds, Stopping threads took: 0.0000390 seconds
39.955: Application time: 0.0368930 seconds
39.956: [GC39.956: [ParNew: 7030K->361K(7424K), 0.0002670 secs] 10582K->3913K(23808K), 0.0002850 secs] [Times: user=0.00 sys=0.00, real=0.00 secs] 
39.956: Total time for which application threads were stopped: 0.0003650 seconds, Stopping threads took: 0.0000400 seconds
39.992: Application time: 0.0365330 seconds
39.992: [GC39.992: [ParNew: 7017K->368K(7424K), 0.0002560 secs] 10569K->3921K(23808K), 0.0002740 secs] [Times: user=0.00 sys=0.00, real=0.00 secs] 
39.993: Total time for which application threads were stopped: 0.0003570 seconds, Stopping threads took: 0.0000460 seconds
40.030: Application time: 0.0369460 seconds
40.030: [GC40.030: [ParNew: 7024K->356K(7424K), 0.0002710 secs] 10577K->3908K(23808K), 0.0002870 secs] [Times: user=0.00 sys=0.00, real=0.00 secs] 
40.030: Total time for which application threads were stopped: 0.0003690 seconds, Stopping threads took: 0.0000390 seconds
40.067: Application time: 0.0368200 seconds
40.067: [GC40.067: [ParNew: 7012K->373K(7424K), 0.0002750 secs] 10564K->3925K(23808K), 0.0002900 secs] [Times: user=0.00 sys=0.00, real=0.00 secs] 
40.067: Total time for which application threads were stopped: 0.0003690 seconds, Stopping threads took: 0.0000430 seconds
40.104: Application time: 0.0367960 seconds
40.104: [GC40.104: [ParNew: 7029K->370K(7424K), 0.0002780 secs] 10581K->3922K(23808K), 0.0002940 secs] [Times: user=0.00 sys=0.00, real=0.00 secs] 
40.104: Total time for which application threads were stopped: 0.0003740 seconds, Stopping threads took: 0.0000430 seconds
40.141: Application time: 0.0370630 seconds
40.142: [GC40.142: [ParNew: 7026K->310K(7424K), 0.0002500 secs] 10578K->3951K(23808K), 0.0002680 secs] [Times: user=0.00 sys=0.00, real=0.00 secs] 
40.142: Total time for which application threads were stopped: 0.0003430 seconds, Stopping threads took: 0.0000370 seconds
40.179: Application time: 0.0368170 seconds
40.179: [GC40.179: [ParNew: 6966K->252K(7424K), 0.0002510 secs] 10607K->3989K(23808K), 0.0002670 secs] [Times: user=0.00 sys=0.00, real=0.00 secs] 
40.179: Total time for which application threads were stopped: 0.0003430 seconds, Stopping threads took: 0.0000410 seconds
40.216: Application time: 0.0369450 seconds
40.216: [GC40.216: [ParNew: 6908K->202K(7424K), 0.0002460 secs] 10645K->4042K(23808K), 0.0002630 secs] [Times: user=0.00 sys=0.00, real=0.00 secs] 
40.216: Total time for which application threads were stopped: 0.0003430 seconds, Stopping threads took: 0.0000430 seconds
40.254: Application time: 0.0375100 seconds
40.254: [GC40.254: [ParNew: 6858K->172K(7424K), 0.0002400 secs] 10698K->4060K(23808K), 0.0002570 secs] [Times: user=0.00 sys=0.00, real=0.01 secs] 
40.254: Total time for which application threads were stopped: 0.0003520 seconds, Stopping threads took: 0.0000440 seconds
40.291: Application time: 0.0369120 seconds
40.291: [GC40.291: [ParNew: 6828K->172K(7424K), 0.0002270 secs] 10716K->4061K(23808K), 0.0002520 secs] [Times: user=0.00 sys=0.00, real=0.00 secs] 
40.291: Total time for which application threads were stopped: 0.0003240 seconds, Stopping threads took: 0.0000370 seconds
40.329: Application time: 0.0372610 seconds
40.329: [GC40.329: [ParNew: 6828K->160K(7424K), 0.0002820 secs] 10717K->4049K(23808K), 0.0003060 secs] [Times: user=0.00 sys=0.00, real=0.00 secs] 
40.329: Total time for which application threads were stopped: 0.0003980 seconds, Stopping threads took: 0.0000420 seconds
40.364: Application time: 0.0352740 seconds
40.364: [GC40.364: [ParNew: 6816K->249K(7424K), 0.0002540 secs] 10705K->4138K(23808K), 0.0002730 secs] [Times: user=0.00 sys=0.00, real=0.00 secs] 
40.365: Total time for which application threads were stopped: 0.0003550 seconds, Stopping threads took: 0.0000400 seconds
40.400: Application time: 0.0356680 seconds
40.400: [GC40.400: [ParNew: 6905K->314K(7424K), 0.0002670 secs] 10794K->4203K(23808K), 0.0002860 secs] [Times: user=0.00 sys=0.00, real=0.00 secs] 
40.401: Total time for which application threads were stopped: 0.0003790 seconds, Stopping threads took: 0.0000510 seconds
40.437: Application time: 0.0359820 seconds
40.437: [GC40.437: [ParNew: 6970K->364K(7424K), 0.0003160 secs] 10859K->4252K(23808K), 0.0003360 secs] [Times: user=0.00 sys=0.00, real=0.00 secs] 
40.437: Total time for which application threads were stopped: 0.0004240 seconds, Stopping threads took: 0.0000470 seconds
40.473: Application time: 0.0363580 seconds
40.474: [GC40.474: [ParNew: 7020K->398K(7424K), 0.0003260 secs] 10908K->4287K(23808K), 0.0003440 secs] [Times: user=0.00 sys=0.00, real=0.00 secs] 
40.474: Total time for which application threads were stopped: 0.0004230 seconds, Stopping threads took: 0.0000420 seconds
40.511: Application time: 0.0368380 seconds
40.511: [GC40.511: [ParNew: 7054K->394K(7424K), 0.0003440 secs] 10943K->4282K(23808K), 0.0003610 secs] [Times: user=0.00 sys=0.00, real=0.00 secs] 
40.511: Total time for which application threads were stopped: 0.0004390 seconds, Stopping threads took: 0.0000410 seconds
40.549: Application time: 0.0378840 seconds
40.549: [GC40.549: [ParNew: 7050K->398K(7424K), 0.0002610 secs] 10938K->4287K(23808K), 0.0002780 secs] [Times: user=0.00 sys=0.00, real=0.00 secs] 
40.549: Total time for which application threads were stopped: 0.0003530 seconds, Stopping threads took: 0.0000400 seconds
40.586: Application time: 0.0367950 seconds
40.586: [GC40.586: [ParNew: 7054K->396K(7424K), 0.0002750 secs] 10943K->4284K(23808K), 0.0002940 secs] [Times: user=0.00 sys=0.00, real=0.00 secs] 
40.587: Total time for which application threads were stopped: 0.0003790 seconds, Stopping threads took: 0.0000470 seconds
40.623: Application time: 0.0368570 seconds
40.624: [GC40.624: [ParNew: 7052K->402K(7424K), 0.0002740 secs] 10940K->4290K(23808K), 0.0002910 secs] [Times: user=0.00 sys=0.00, real=0.00 secs] 
40.624: Total time for which application threads were stopped: 0.0003690 seconds, Stopping threads took: 0.0000410 seconds
40.661: Application time: 0.0368540 seconds
40.661: [GC40.661: [ParNew: 7058K->399K(7424K), 0.0002580 secs] 10946K->4287K(23808K), 0.0002750 secs] [Times: user=0.00 sys=0.00, real=0.00 secs] 
40.661: Total time for which application threads were stopped: 0.0003510 seconds, Stopping threads took: 0.0000400 seconds
40.698: Application time: 0.0370830 seconds
40.698: [GC40.698: [ParNew: 7055K->391K(7424K), 0.0002760 secs] 10943K->4279K(23808K), 0.0002930 secs] [Times: user=0.01 sys=0.00, real=0.00 secs] 
40.698: Total time for which application threads were stopped: 0.0003730 seconds, Stopping threads took: 0.0000430 seconds
40.735: Application time: 0.0367560 seconds
40.735: [GC40.735: [ParNew: 7047K->400K(7424K), 0.0002840 secs] 10935K->4289K(23808K), 0.0003020 secs] [Times: user=0.01 sys=0.00, real=0.00 secs] 
40.736: Total time for which application threads were stopped: 0.0003880 seconds, Stopping threads took: 0.0000450 seconds
40.772: Application time: 0.0365510 seconds
40.772: [GC40.772: [ParNew: 7056K->401K(7424K), 0.0002590 secs] 10945K->4290K(23808K), 0.0002870 secs] [Times: user=0.00 sys=0.00, real=0.00 secs] 
40.773: Total time for which application threads were stopped: 0.0003780 seconds, Stopping threads took: 0.0000440 seconds
40.809: Application time: 0.0367930 seconds
40.809: [GC40.809: [ParNew: 7057K->402K(7424K), 0.0002900 secs] 10946K->4290K(23808K), 0.0003060 secs] [Times: user=0.01 sys=0.00, real=0.00 secs] 
40.810: Total time for which application threads were stopped: 0.0003860 seconds, Stopping threads took: 0.0000400 seconds
40.846: Application time: 0.0366640 seconds
40.846: [GC40.846: [ParNew: 7058K->402K(7424K), 0.0002860 secs] 10946K->4291K(23808K), 0.0003050 secs] [Times: user=0.00 sys=0.00, real=0.00 secs] 
40.847: Total time for which application threads were stopped: 0.0003830 seconds, Stopping threads took: 0.0000380 seconds
40.884: Application time: 0.0370260 seconds
40.884: [GC40.884: [ParNew: 7058K->387K(7424K), 0.0002950 secs] 10947K->4275K(23808K), 0.0003110 secs] [Times: user=0.01 sys=0.00, real=0.00 secs] 
40.884: Total time for which application threads were stopped: 0.0003880 seconds, Stopping threads took: 0.0000410 seconds
40.921: Application time: 0.0366710 seconds
40.921: [GC40.921: [ParNew: 7043K->309K(7424K), 0.0002860 secs] 10931K->4326K(23808K), 0.0003020 secs] [Times: user=0.00 sys=0.00, real=0.00 secs] 
40.921: Total time for which application threads were stopped: 0.0003800 seconds, Stopping threads took: 0.0000400 seconds
40.959: Application time: 0.0372930 seconds
40.959: [GC40.959: [ParNew: 6965K->253K(7424K), 0.0002420 secs] 10982K->4374K(23808K), 0.0002590 secs] [Times: user=0.00 sys=0.00, real=0.00 secs] 
40.959: Total time for which application threads were stopped: 0.0003330 seconds, Stopping threads took: 0.0000360 seconds
40.996: Application time: 0.0369390 seconds
40.996: [GC40.996: [ParNew: 6909K->198K(7424K), 0.0002410 secs] 11030K->4423K(23808K), 0.0002570 secs] [Times: user=0.01 sys=0.00, real=0.00 secs] 
40.996: Total time for which application threads were stopped: 0.0003380 seconds, Stopping threads took: 0.0000440 seconds
41.033: Application time: 0.0367140 seconds
41.033: [GC41.033: [ParNew: 6854K->168K(7424K), 0.0002060 secs] 11079K->4457K(23808K), 0.0002230 secs] [Times: user=0.00 sys=0.00, real=0.00 secs] 
41.033: Total time for which application threads were stopped: 0.0003070 seconds, Stopping threads took: 0.0000450 seconds
41.071: Application time: 0.0378230 seconds
41.073: [GC41.073: [ParNew: 6824K->164K(7424K), 0.0003150 secs] 11113K->4453K(23808K), 0.0003370 secs] [Times: user=0.00 sys=0.00, real=0.00 secs] 
41.073: Total time for which application threads were stopped: 0.0023600 seconds, Stopping threads took: 0.0019750 seconds
41.110: Application time: 0.0366050 seconds
41.110: [GC41.110: [ParNew: 6820K->166K(7424K), 0.0002330 secs] 11109K->4454K(23808K), 0.0002500 secs] [Times: user=0.01 sys=0.00, real=0.00 secs] 
41.110: Total time for which application threads were stopped: 0.0003370 seconds, Stopping threads took: 0.0000480 seconds
41.146: Application time: 0.0357840 seconds
41.146: [GC41.146: [ParNew: 6822K->235K(7424K), 0.0002200 secs] 11110K->4524K(23808K), 0.0002390 secs] [Times: user=0.00 sys=0.00, real=0.00 secs] 
41.146: Total time for which application threads were stopped: 0.0003240 seconds, Stopping threads took: 0.0000460 seconds
41.182: Application time: 0.0359050 seconds
41.182: [GC41.182: [ParNew: 6891K->275K(7424K), 0.0002580 secs] 11180K->4564K(23808K), 0.0002750 secs] [Times: user=0.01 sys=0.00, real=0.00 secs] 
41.183: Total time for which application threads were stopped: 0.0003530 seconds, Stopping threads took: 0.0000400 seconds
41.219: Application time: 0.0362940 seconds
41.219: [GC41.219: [ParNew: 6931K->338K(7424K), 0.0002820 secs] 11220K->4627K(23808K), 0.0002990 secs] [Times: user=0.00 sys=0.00, real=0.00 secs] 
41.219: Total time for which application threads were stopped: 0.0003840 seconds, Stopping threads took: 0.0000460 seconds
41.256: Application time: 0.0364530 seconds
41.256: [GC41.256: [ParNew: 6994K->361K(7424K), 0.0003010 secs] 11283K->4650K(23808K), 0.0003260 secs] [Times: user=0.00 sys=0.00, real=0.00 secs] 
41.256: Total time for which application threads were stopped: 0.0003990 seconds, Stopping threads took: 0.0000340 seconds
41.293: Application time: 0.0363250 seconds
41.293: [GC41.293: [ParNew: 7017K->390K(7424K), 0.0002670 secs] 11306K->4678K(23808K), 0.0002870 secs] [Times: user=0.00 sys=0.00, real=0.00 secs] 
41.293: Total time for which application threads were stopped: 0.0003760 seconds, Stopping threads took: 0.0000400 seconds
41.330: Application time: 0.0373910 seconds
41.330: [GC41.330: [ParNew: 7046K->392K(7424K), 0.0003370 secs] 11334K->4681K(23808K), 0.0003580 secs] [Times: user=0.00 sys=0.00, real=0.00 secs] 
41.331: Total time for which application threads were stopped: 0.0004560 seconds, Stopping threads took: 0.0000490 seconds
41.368: Application time: 0.0368920 seconds
41.368: [GC41.368: [ParNew: 7048K->394K(7424K), 0.0002820 secs] 11337K->4683K(23808K), 0.0002980 secs] [Times: user=0.00 sys=0.00, real=0.00 secs] 
41.368: Total time for which application threads were stopped: 0.0003990 seconds, Stopping threads took: 0.0000630 seconds
41.405: Application time: 0.0368390 seconds
41.405: [GC41.405: [ParNew: 7050K->402K(7424K), 0.0002990 secs] 11339K->4691K(23808K), 0.0003150 secs] [Times: user=0.00 sys=0.00, real=0.00 secs] 
41.405: Total time for which application threads were stopped: 0.0003940 seconds, Stopping threads took: 0.0000400 seconds
41.443: Application time: 0.0372260 seconds
41.446: [GC41.446: [ParNew: 7058K->280K(7424K), 0.0003060 secs] 11347K->4729K(23808K), 0.0003230 secs] [Times: user=0.00 sys=0.00, real=0.00 secs] 
41.446: Total time for which application threads were stopped: 0.0038730 seconds, Stopping threads took: 0.0035100 seconds
41.483: Application time: 0.0367470 seconds
41.483: [GC41.483: [ParNew: 6936K->274K(7424K), 0.0002520 secs] 11385K->4723K(23808K), 0.0002680 secs] [Times: user=0.01 sys=0.00, real=0.00 secs] 
41.484: Total time for which application threads were stopped: 0.0003470 seconds, Stopping threads took: 0.0000420 seconds
41.520: Application time: 0.0367390 seconds
41.520: [GC41.520: [ParNew: 6930K->295K(7424K), 0.0002300 secs] 11379K->4744K(23808K), 0.0002480 secs] [Times: user=0.00 sys=0.00, real=0.00 secs] 
41.521: Total time for which application threads were stopped: 0.0003300 seconds, Stopping threads took: 0.0000420 seconds
41.557: Application time: 0.0368710 seconds
41.558: [GC41.558: [ParNew: 6951K->311K(7424K), 0.0002570 secs] 11400K->4759K(23808K), 0.0002750 secs] [Times: user=0.00 sys=0.00, real=0.00 secs] 
41.558: Total time for which application threads were stopped: 0.0003600 seconds, Stopping threads took: 0.0000440 seconds
41.595: Application time: 0.0366820 seconds
41.595: [GC41.595: [ParNew: 6967K->315K(7424K), 0.0002580 secs] 11415K->4764K(23808K), 0.0002760 secs] [Times: user=0.00 sys=0.00, real=0.00 secs] 
41.595: Total time for which application threads were stopped: 0.0003570 seconds, Stopping threads took: 0.0000400 seconds
41.632: Application time: 0.0368540 seconds
41.632: [GC41.632: [ParNew: 6971K->303K(7424K), 0.0002440 secs] 11420K->4752K(23808K), 0.0002590 secs] [Times: user=0.01 sys=0.00, real=0.00 secs] 
41.632: Total time for which application threads were stopped: 0.0003450 seconds, Stopping threads took: 0.0000470 seconds
41.669: Application time: 0.0365790 seconds
41.669: [GC41.669: [ParNew: 6959K->292K(7424K), 0.0002340 secs] 11408K->4741K(23808K), 0.0002520 secs] [Times: user=0.00 sys=0.00, real=0.00 secs] 
41.669: Total time for which application threads were stopped: 0.0003420 seconds, Stopping threads took: 0.0000480 seconds
41.706: Application time: 0.0366450 seconds
41.706: [GC41.706: [ParNew: 6948K->313K(7424K), 0.0002730 secs] 11397K->4762K(23808K), 0.0002890 secs] [Times: user=0.00 sys=0.00, real=0.00 secs] 
41.706: Total time for which application threads were stopped: 0.0003660 seconds, Stopping threads took: 0.0000370 seconds
41.743: Application time: 0.0369890 seconds
41.743: [GC41.743: [ParNew: 6969K->278K(7424K), 0.0002460 secs] 11418K->4795K(23808K), 0.0002720 secs] [Times: user=0.00 sys=0.00, real=0.00 secs] 
41.743: Total time for which application threads were stopped: 0.0003510 seconds, Stopping threads took: 0.0000390 seconds
41.780: Application time: 0.0370720 seconds
41.780: [GC41.780: [ParNew: 6934K->230K(7424K), 0.0002270 secs] 11451K->4843K(23808K), 0.0002430 secs] [Times: user=0.00 sys=0.00, real=0.00 secs] 
41.781: Total time for which application threads were stopped: 0.0003220 seconds, Stopping threads took: 0.0000410 seconds
41.818: Application time: 0.0368920 seconds
41.818: [GC41.818: [ParNew: 6886K->194K(7424K), 0.0002620 secs] 11499K->4863K(23808K), 0.0002800 secs] [Times: user=0.00 sys=0.00, real=0.00 secs] 
41.818: Total time for which application threads were stopped: 0.0003680 seconds, Stopping threads took: 0.0000410 seconds
41.855: Application time: 0.0369030 seconds
41.855: [GC41.855: [ParNew: 6850K->164K(7424K), 0.0002810 secs] 11519K->4889K(23808K), 0.0002970 secs] [Times: user=0.01 sys=0.00, real=0.00 secs] 
41.855: Total time for which application threads were stopped: 0.0003740 seconds, Stopping threads took: 0.0000410 seconds
41.892: Application time: 0.0367960 seconds
41.892: [GC41.892: [ParNew: 6820K->170K(7424K), 0.0002010 secs] 11545K->4895K(23808K), 0.0002180 secs] [Times: user=0.00 sys=0.00, real=0.00 secs] 
41.892: Total time for which application threads were stopped: 0.0003020 seconds, Stopping threads took: 0.0000440 seconds
41.928: Application time: 0.0359330 seconds
41.928: [GC41.928: [ParNew: 6826K->212K(7424K), 0.0002150 secs] 11551K->4937K(23808K), 0.0002330 secs] [Times: user=0.00 sys=0.00, real=0.00 secs] 
41.929: Total time for which application threads were stopped: 0.0003180 seconds, Stopping threads took: 0.0000450 seconds
41.965: Application time: 0.0363090 seconds
41.965: [GC41.965: [ParNew: 6868K->235K(7424K), 0.0002980 secs] 11593K->4960K(23808K), 0.0003150 secs] [Times: user=0.00 sys=0.00, real=0.00 secs] 
41.965: Total time for which application threads were stopped: 0.0004030 seconds, Stopping threads took: 0.0000480 seconds
42.001: Application time: 0.0355060 seconds
42.001: [GC42.001: [ParNew: 6891K->335K(7424K), 0.0003520 secs] 11616K->5061K(23808K), 0.0003690 secs] [Times: user=0.01 sys=0.00, real=0.00 secs] 
42.001: Total time for which application threads were stopped: 0.0004490 seconds, Stopping threads took: 0.0000380 seconds
42.038: Application time: 0.0364240 seconds
42.038: [GC42.038: [ParNew: 6991K->363K(7424K), 0.0002900 secs] 11717K->5088K(23808K), 0.0003070 secs] [Times: user=0.00 sys=0.00, real=0.00 secs] 
42.038: Total time for which application threads were stopped: 0.0003940 seconds, Stopping threads took: 0.0000460 seconds
42.075: Application time: 0.0365200 seconds
42.075: [GC42.075: [ParNew: 7019K->397K(7424K), 0.0003440 secs] 11744K->5122K(23808K), 0.0003610 secs] [Times: user=0.00 sys=0.00, real=0.00 secs] 
42.075: Total time for which application threads were stopped: 0.0004400 seconds, Stopping threads took: 0.0000400 seconds
42.112: Application time: 0.0369240 seconds
42.112: [GC42.112: [ParNew: 7053K->398K(7424K), 0.0002640 secs] 11778K->5123K(23808K), 0.0002810 secs] [Times: user=0.00 sys=0.00, real=0.00 secs] 
42.112: Total time for which application threads were stopped: 0.0003630 seconds, Stopping threads took: 0.0000430 seconds
42.149: Application time: 0.0368930 seconds
42.149: [GC42.149: [ParNew: 7054K->395K(7424K), 0.0003440 secs] 11779K->5120K(23808K), 0.0003610 secs] [Times: user=0.00 sys=0.00, real=0.00 secs] 
42.150: Total time for which application threads were stopped: 0.0004350 seconds, Stopping threads took: 0.0000350 seconds
42.187: Application time: 0.0370620 seconds
42.187: [GC42.187: [ParNew: 7051K->392K(7424K), 0.0003560 secs] 11776K->5118K(23808K), 0.0003730 secs] [Times: user=0.00 sys=0.00, real=0.00 secs] 
42.187: Total time for which application threads were stopped: 0.0004680 seconds, Stopping threads took: 0.0000560 seconds
42.224: Application time: 0.0367950 seconds
42.224: [GC42.224: [ParNew: 7048K->397K(7424K), 0.0002770 secs] 11774K->5122K(23808K), 0.0003010 secs] [Times: user=0.00 sys=0.00, real=0.00 secs] 
42.224: Total time for which application threads were stopped: 0.0003790 seconds, Stopping threads took: 0.0000410 seconds
42.261: Application time: 0.0369660 seconds
42.261: [GC42.261: [ParNew: 7053K->331K(7424K), 0.0002590 secs] 11778K->5176K(23808K), 0.0002770 secs] [Times: user=0.00 sys=0.00, real=0.00 secs] 
42.262: Total time for which application threads were stopped: 0.0003550 seconds, Stopping threads took: 0.0000380 seconds
42.299: Application time: 0.0370880 seconds
42.299: [GC42.299: [ParNew: 6987K->314K(7424K), 0.0002380 secs] 11832K->5159K(23808K), 0.0002540 secs] [Times: user=0.00 sys=0.00, real=0.00 secs] 
42.299: Total time for which application threads were stopped: 0.0003290 seconds, Stopping threads took: 0.0000360 seconds
42.336: Application time: 0.0370090 seconds
42.336: [GC42.336: [ParNew: 6970K->332K(7424K), 0.0004090 secs] 11815K->5177K(23808K), 0.0004340 secs] [Times: user=0.01 sys=0.00, real=0.00 secs] 
42.337: Total time for which application threads were stopped: 0.0005400 seconds, Stopping threads took: 0.0000440 seconds
42.373: Application time: 0.0366720 seconds
42.374: [GC42.374: [ParNew: 6988K->316K(7424K), 0.0002550 secs] 11833K->5161K(23808K), 0.0002760 secs] [Times: user=0.00 sys=0.00, real=0.00 secs] 
42.374: Total time for which application threads were stopped: 0.0010110 seconds, Stopping threads took: 0.0006910 seconds
42.411: Application time: 0.0366460 seconds
42.411: [GC42.411: [ParNew: 6972K->342K(7424K), 0.0002810 secs] 11817K->5188K(23808K), 0.0002990 secs] [Times: user=0.00 sys=0.00, real=0.00 secs] 
42.411: Total time for which application threads were stopped: 0.0003750 seconds, Stopping threads took: 0.0000380 seconds
42.448: Application time: 0.0368500 seconds
42.448: [GC42.448: [ParNew: 6998K->340K(7424K), 0.0002700 secs] 11844K->5185K(23808K), 0.0002860 secs] [Times: user=0.01 sys=0.00, real=0.00 secs] 
42.449: Total time for which application threads were stopped: 0.0003680 seconds, Stopping threads took: 0.0000420 seconds
42.486: Application time: 0.0370770 seconds
42.486: [GC42.486: [ParNew: 6996K->338K(7424K), 0.0002920 secs] 11841K->5183K(23808K), 0.0003110 secs] [Times: user=0.00 sys=0.00, real=0.00 secs] 
42.486: Total time for which application threads were stopped: 0.0003980 seconds, Stopping threads took: 0.0000430 seconds
42.523: Application time: 0.0367990 seconds
42.523: [GC42.523: [ParNew: 6994K->309K(7424K), 0.0002870 secs] 11839K->5218K(23808K), 0.0003050 secs] [Times: user=0.00 sys=0.00, real=0.00 secs] 
42.523: Total time for which application threads were stopped: 0.0003850 seconds, Stopping threads took: 0.0000420 seconds
42.560: Application time: 0.0369240 seconds
42.560: [GC42.560: [ParNew: 6965K->227K(7424K), 0.0002550 secs] 11874K->5265K(23808K), 0.0002730 secs] [Times: user=0.01 sys=0.00, real=0.00 secs] 
42.561: Total time for which application threads were stopped: 0.0003550 seconds, Stopping threads took: 0.0000400 seconds
42.599: Application time: 0.0381180 seconds
42.599: [GC42.599: [ParNew: 6883K->201K(7424K), 0.0002760 secs] 11921K->5303K(23808K), 0.0002990 secs] [Times: user=0.00 sys=0.00, real=0.00 secs] 
42.599: Total time for which application threads were stopped: 0.0004080 seconds, Stopping threads took: 0.0000580 seconds
42.636: Application time: 0.0371060 seconds
42.636: [GC42.636: [ParNew: 6857K->173K(7424K), 0.0002590 secs] 11959K->5339K(23808K), 0.0002770 secs] [Times: user=0.00 sys=0.00, real=0.00 secs] 
42.637: Total time for which application threads were stopped: 0.0003710 seconds, Stopping threads took: 0.0000500 seconds
42.673: Application time: 0.0368620 seconds
42.674: [GC42.674: [ParNew: 6829K->166K(7424K), 0.0002430 secs] 11995K->5331K(23808K), 0.0002610 secs] [Times: user=0.00 sys=0.00, real=0.00 secs] 
42.674: Total time for which application threads were stopped: 0.0003380 seconds, Stopping threads took: 0.0000390 seconds
42.710: Application time: 0.0363270 seconds
42.710: [GC42.710: [ParNew: 6822K->189K(7424K), 0.0002060 secs] 11987K->5354K(23808K), 0.0002340 secs] [Times: user=0.00 sys=0.00, real=0.00 secs] 
42.710: Total time for which application threads were stopped: 0.0003250 seconds, Stopping threads took: 0.0000500 seconds
42.746: Application time: 0.0358140 seconds
42.746: [GC42.746: [ParNew: 6845K->246K(7424K), 0.0003120 secs] 12010K->5411K(23808K), 0.0003300 secs] [Times: user=0.00 sys=0.00, real=0.00 secs] 
42.747: Total time for which application threads were stopped: 0.0004120 seconds, Stopping threads took: 0.0000420 seconds
42.783: Application time: 0.0364560 seconds
42.783: [GC42.783: [ParNew: 6902K->292K(7424K), 0.0003400 secs] 12067K->5457K(23808K), 0.0003610 secs] [Times: user=0.01 sys=0.00, real=0.00 secs] 
42.784: Total time for which application threads were stopped: 0.0004540 seconds, Stopping threads took: 0.0000470 seconds
42.819: Application time: 0.0356620 seconds
42.819: [GC42.819: [ParNew: 6948K->365K(7424K), 0.0003720 secs] 12113K->5531K(23808K), 0.0003910 secs] [Times: user=0.00 sys=0.00, real=0.00 secs] 
42.820: Total time for which application threads were stopped: 0.0004720 seconds, Stopping threads took: 0.0000420 seconds
42.857: Application time: 0.0371200 seconds
42.857: [GC42.857: [ParNew: 7021K->352K(7424K), 0.0002850 secs] 12187K->5517K(23808K), 0.0003030 secs] [Times: user=0.00 sys=0.00, real=0.00 secs] 
42.857: Total time for which application threads were stopped: 0.0003920 seconds, Stopping threads took: 0.0000430 seconds
42.894: Application time: 0.0363490 seconds
42.894: [GC42.894: [ParNew: 7008K->396K(7424K), 0.0002990 secs] 12173K->5561K(23808K), 0.0003180 secs] [Times: user=0.00 sys=0.00, real=0.00 secs] 
42.894: Total time for which application threads were stopped: 0.0004020 seconds, Stopping threads took: 0.0000440 seconds
42.931: Application time: 0.0368620 seconds
42.931: [GC42.931: [ParNew: 7052K->397K(7424K), 0.0002660 secs] 12217K->5563K(23808K), 0.0002850 secs] [Times: user=0.00 sys=0.00, real=0.00 secs] 
42.931: Total time for which application threads were stopped: 0.0003850 seconds, Stopping threads took: 0.0000620 seconds
42.968: Application time: 0.0369650 seconds
42.968: [GC42.968: [ParNew: 7053K->399K(7424K), 0.0002980 secs] 12219K->5564K(23808K), 0.0003150 secs] [Times: user=0.00 sys=0.00, real=0.00 secs] 
42.969: Total time for which application threads were stopped: 0.0003960 seconds, Stopping threads took: 0.0000400 seconds
43.006: Application time: 0.0370770 seconds
43.006: [GC43.006: [ParNew: 7055K->395K(7424K), 0.0002940 secs] 12220K->5561K(23808K), 0.0003110 secs] [Times: user=0.00 sys=0.00, real=0.00 secs] 
43.006: Total time for which application threads were stopped: 0.0003910 seconds, Stopping threads took: 0.0000400 seconds
43.043: Application time: 0.0368090 seconds
43.043: [GC43.043: [ParNew: 7051K->399K(7424K), 0.0002800 secs] 12217K->5564K(23808K), 0.0002990 secs] [Times: user=0.00 sys=0.00, real=0.00 secs] 
43.043: Total time for which application threads were stopped: 0.0003850 seconds, Stopping threads took: 0.0000450 seconds
43.080: Application time: 0.0369360 seconds
43.080: [GC43.080: [ParNew: 7055K->399K(7424K), 0.0003000 secs] 12220K->5564K(23808K), 0.0003190 secs] [Times: user=0.01 sys=0.00, real=0.00 secs] 
43.081: Total time for which application threads were stopped: 0.0004030 seconds, Stopping threads took: 0.0000410 seconds
43.117: Application time: 0.0367120 seconds
43.117: [GC43.117: [ParNew: 7055K->402K(7424K), 0.0003040 secs] 12220K->5567K(23808K), 0.0003220 secs] [Times: user=0.00 sys=0.00, real=0.00 secs] 
43.118: Total time for which application threads were stopped: 0.0004130 seconds, Stopping threads took: 0.0000480 seconds
43.155: Application time: 0.0371110 seconds
43.155: [GC43.155: [ParNew: 7058K->394K(7424K), 0.0002930 secs] 12223K->5560K(23808K), 0.0003100 secs] [Times: user=0.00 sys=0.00, real=0.00 secs] 
43.155: Total time for which application threads were stopped: 0.0003980 seconds, Stopping threads took: 0.0000460 seconds
43.192: Application time: 0.0366020 seconds
43.192: [GC43.192: [ParNew: 7050K->389K(7424K), 0.0003680 secs] 12216K->5554K(23808K), 0.0003930 secs] [Times: user=0.00 sys=0.00, real=0.00 secs] 
43.192: Total time for which application threads were stopped: 0.0004710 seconds, Stopping threads took: 0.0000400 seconds
43.229: Application time: 0.0366410 seconds
43.229: [GC43.229: [ParNew: 7045K->397K(7424K), 0.0003310 secs] 12210K->5562K(23808K), 0.0003470 secs] [Times: user=0.00 sys=0.00, real=0.00 secs] 
43.229: Total time for which application threads were stopped: 0.0004250 seconds, Stopping threads took: 0.0000380 seconds
43.266: Application time: 0.0370330 seconds
43.267: [GC43.267: [ParNew: 7053K->368K(7424K), 0.0002900 secs] 12218K->5597K(23808K), 0.0003090 secs] [Times: user=0.00 sys=0.00, real=0.00 secs] 
43.267: Total time for which application threads were stopped: 0.0003920 seconds, Stopping threads took: 0.0000410 seconds
43.304: Application time: 0.0370790 seconds
43.304: [GC43.304: [ParNew: 7024K->316K(7424K), 0.0002760 secs] 12253K->5645K(23808K), 0.0002930 secs] [Times: user=0.00 sys=0.00, real=0.00 secs] 
43.304: Total time for which application threads were stopped: 0.0003740 seconds, Stopping threads took: 0.0000420 seconds
43.342: Application time: 0.0373170 seconds
43.342: [GC43.342: [ParNew: 6972K->260K(7424K), 0.0003380 secs] 12301K->5701K(23808K), 0.0003640 secs] [Times: user=0.01 sys=0.00, real=0.01 secs] 
43.342: Total time for which application threads were stopped: 0.0004640 seconds, Stopping threads took: 0.0000480 seconds
43.379: Application time: 0.0366880 seconds
43.379: [GC43.379: [ParNew: 6916K->203K(7424K), 0.0003070 secs] 12357K->5741K(23808K), 0.0003240 secs] [Times: user=0.00 sys=0.00, real=0.00 secs] 
43.379: Total time for which application threads were stopped: 0.0004150 seconds, Stopping threads took: 0.0000450 seconds
43.416: Application time: 0.0370030 seconds
43.416: [GC43.416: [ParNew: 6859K->191K(7424K), 0.0002350 secs] 12397K->5729K(23808K), 0.0002520 secs] [Times: user=0.00 sys=0.00, real=0.00 secs] 
43.417: Total time for which application threads were stopped: 0.0003280 seconds, Stopping threads took: 0.0000370 seconds
43.454: Application time: 0.0371490 seconds
43.454: [GC43.454: [ParNew: 6847K->164K(7424K), 0.0003140 secs] 12385K->5766K(23808K), 0.0003290 secs] [Times: user=0.01 sys=0.00, real=0.01 secs] 
43.454: Total time for which application threads were stopped: 0.0004020 seconds, Stopping threads took: 0.0000380 seconds
43.491: Application time: 0.0365330 seconds
43.491: [GC43.491: [ParNew: 6820K->193K(7424K), 0.0002860 secs] 12422K->5795K(23808K), 0.0003020 secs] [Times: user=0.00 sys=0.00, real=0.00 secs] 
43.491: Total time for which application threads were stopped: 0.0003770 seconds, Stopping threads took: 0.0000380 seconds
43.527: Application time: 0.0356470 seconds
43.527: [GC43.527: [ParNew: 6849K->252K(7424K), 0.0003060 secs] 12451K->5854K(23808K), 0.0003240 secs] [Times: user=0.01 sys=0.00, real=0.00 secs] 
43.527: Total time for which application threads were stopped: 0.0004040 seconds, Stopping threads took: 0.0000400 seconds
43.563: Application time: 0.0358690 seconds
43.563: [GC43.563: [ParNew: 6908K->313K(7424K), 0.0003180 secs] 12510K->5915K(23808K), 0.0003360 secs] [Times: user=0.01 sys=0.00, real=0.00 secs] 
43.563: Total time for which application threads were stopped: 0.0004210 seconds, Stopping threads took: 0.0000440 seconds
43.600: Application time: 0.0365110 seconds
43.600: [GC43.600: [ParNew: 6969K->346K(7424K), 0.0002750 secs] 12571K->5948K(23808K), 0.0002930 secs] [Times: user=0.00 sys=0.00, real=0.00 secs] 
43.600: Total time for which application threads were stopped: 0.0003930 seconds, Stopping threads took: 0.0000600 seconds
43.637: Application time: 0.0363630 seconds
43.637: [GC43.637: [ParNew: 7002K->363K(7424K), 0.0002570 secs] 12604K->5964K(23808K), 0.0002740 secs] [Times: user=0.00 sys=0.00, real=0.00 secs] 
43.637: Total time for which application threads were stopped: 0.0003500 seconds, Stopping threads took: 0.0000370 seconds
43.673: Application time: 0.0364780 seconds
43.673: [GC43.674: [ParNew: 7019K->399K(7424K), 0.0002610 secs] 12620K->6000K(23808K), 0.0002860 secs] [Times: user=0.01 sys=0.00, real=0.00 secs] 
43.674: Total time for which application threads were stopped: 0.0003690 seconds, Stopping threads took: 0.0000420 seconds
43.711: Application time: 0.0367670 seconds
43.711: [GC43.711: [ParNew: 7055K->392K(7424K), 0.0002760 secs] 12656K->5994K(23808K), 0.0002940 secs] [Times: user=0.00 sys=0.00, real=0.00 secs] 
43.711: Total time for which application threads were stopped: 0.0003730 seconds, Stopping threads took: 0.0000370 seconds
43.748: Application time: 0.0369710 seconds
43.748: [GC43.748: [ParNew: 7048K->351K(7424K), 0.0003670 secs] 12650K->6033K(23808K), 0.0003850 secs] [Times: user=0.00 sys=0.00, real=0.00 secs] 
43.748: Total time for which application threads were stopped: 0.0004680 seconds, Stopping threads took: 0.0000420 seconds
43.786: Application time: 0.0372800 seconds
43.786: [GC43.786: [ParNew: 7007K->353K(7424K), 0.0003910 secs] 12689K->6035K(23808K), 0.0004090 secs] [Times: user=0.00 sys=0.00, real=0.00 secs] 
43.786: Total time for which application threads were stopped: 0.0004880 seconds, Stopping threads took: 0.0000390 seconds
43.823: Application time: 0.0366380 seconds
43.823: [GC43.823: [ParNew: 7009K->354K(7424K), 0.0002450 secs] 12691K->6036K(23808K), 0.0002620 secs] [Times: user=0.00 sys=0.00, real=0.00 secs] 
43.823: Total time for which application threads were stopped: 0.0003430 seconds, Stopping threads took: 0.0000420 seconds
43.860: Application time: 0.0370130 seconds
43.860: [GC43.860: [ParNew: 7010K->348K(7424K), 0.0002680 secs] 12692K->6030K(23808K), 0.0002850 secs] [Times: user=0.01 sys=0.00, real=0.00 secs] 
43.861: Total time for which application threads were stopped: 0.0003590 seconds, Stopping threads took: 0.0000340 seconds
43.898: Application time: 0.0371460 seconds
43.898: [GC43.898: [ParNew: 7004K->369K(7424K), 0.0002500 secs] 12686K->6051K(23808K), 0.0002660 secs] [Times: user=0.01 sys=0.00, real=0.00 secs] 
43.898: Total time for which application threads were stopped: 0.0003480 seconds, Stopping threads took: 0.0000370 seconds
43.935: Application time: 0.0367060 seconds
43.935: [GC43.935: [ParNew: 7025K->363K(7424K), 0.0003300 secs] 12707K->6045K(23808K), 0.0003480 secs] [Times: user=0.00 sys=0.00, real=0.00 secs] 
43.935: Total time for which application threads were stopped: 0.0004290 seconds, Stopping threads took: 0.0000420 seconds
43.972: Application time: 0.0365740 seconds
43.972: [GC43.972: [ParNew: 7019K->364K(7424K), 0.0003210 secs] 12701K->6046K(23808K), 0.0003400 secs] [Times: user=0.00 sys=0.00, real=0.00 secs] 
43.972: Total time for which application threads were stopped: 0.0004230 seconds, Stopping threads took: 0.0000410 seconds
44.009: Application time: 0.0365520 seconds
44.009: [GC44.009: [ParNew: 7020K->368K(7424K), 0.0002910 secs] 12702K->6050K(23808K), 0.0003100 secs] [Times: user=0.00 sys=0.00, real=0.00 secs] 
44.009: Total time for which application threads were stopped: 0.0003890 seconds, Stopping threads took: 0.0000390 seconds
44.046: Application time: 0.0368680 seconds
44.046: [GC44.046: [ParNew: 7024K->371K(7424K), 0.0002890 secs] 12706K->6053K(23808K), 0.0003070 secs] [Times: user=0.00 sys=0.00, real=0.00 secs] 
44.046: Total time for which application threads were stopped: 0.0003900 seconds, Stopping threads took: 0.0000410 seconds
44.084: Application time: 0.0371700 seconds
44.084: [GC44.084: [ParNew: 7027K->313K(7424K), 0.0002790 secs] 12709K->6099K(23808K), 0.0002970 secs] [Times: user=0.01 sys=0.00, real=0.00 secs] 
44.084: Total time for which application threads were stopped: 0.0003800 seconds, Stopping threads took: 0.0000420 seconds
44.122: Application time: 0.0379460 seconds
44.122: [GC44.122: [ParNew: 6969K->257K(7424K), 0.0002830 secs] 12755K->6147K(23808K), 0.0003040 secs] [Times: user=0.00 sys=0.00, real=0.01 secs] 
44.122: Total time for which application threads were stopped: 0.0003930 seconds, Stopping threads took: 0.0000420 seconds
44.159: Application time: 0.0371680 seconds
44.159: [GC44.159: [ParNew: 6913K->217K(7424K), 0.0002540 secs] 12803K->6171K(23808K), 0.0002780 secs] [Times: user=0.00 sys=0.00, real=0.00 secs] 
44.160: Total time for which application threads were stopped: 0.0003490 seconds, Stopping threads took: 0.0000350 seconds
44.196: Application time: 0.0367240 seconds
44.197: [GC44.197: [ParNew: 6873K->194K(7424K), 0.0002550 secs] 12827K->6212K(23808K), 0.0002730 secs] [Times: user=0.01 sys=0.00, real=0.00 secs] 
44.197: Total time for which application threads were stopped: 0.0003550 seconds, Stopping threads took: 0.0000420 seconds
44.234: Application time: 0.0370630 seconds
44.234: [GC44.234: [ParNew: 6850K->170K(7424K), 0.0002810 secs] 12868K->6252K(23808K), 0.0002980 secs] [Times: user=0.00 sys=0.00, real=0.01 secs] 
44.234: Total time for which application threads were stopped: 0.0004020 seconds, Stopping threads took: 0.0000630 seconds
44.271: Application time: 0.0365830 seconds
44.271: [GC44.271: [ParNew: 6826K->201K(7424K), 0.0002460 secs] 12908K->6283K(23808K), 0.0002650 secs] [Times: user=0.00 sys=0.00, real=0.00 secs] 
44.271: Total time for which application threads were stopped: 0.0003550 seconds, Stopping threads took: 0.0000480 seconds
44.308: Application time: 0.0362650 seconds
44.308: [GC44.308: [ParNew: 6857K->228K(7424K), 0.0002440 secs] 12939K->6310K(23808K), 0.0002620 secs] [Times: user=0.00 sys=0.00, real=0.00 secs] 
44.308: Total time for which application threads were stopped: 0.0003470 seconds, Stopping threads took: 0.0000430 seconds
44.344: Application time: 0.0356660 seconds
44.344: [GC44.344: [ParNew: 6884K->308K(7424K), 0.0003070 secs] 12966K->6389K(23808K), 0.0003310 secs] [Times: user=0.01 sys=0.00, real=0.00 secs] 
44.344: Total time for which application threads were stopped: 0.0004410 seconds, Stopping threads took: 0.0000590 seconds
44.380: Application time: 0.0364610 seconds
44.380: [GC44.381: [ParNew: 6964K->344K(7424K), 0.0002920 secs] 13045K->6426K(23808K), 0.0003110 secs] [Times: user=0.00 sys=0.00, real=0.00 secs] 
44.381: Total time for which application threads were stopped: 0.0003890 seconds, Stopping threads took: 0.0000360 seconds
44.417: Application time: 0.0363980 seconds
44.417: [GC44.417: [ParNew: 7000K->361K(7424K), 0.0002620 secs] 13082K->6443K(23808K), 0.0002810 secs] [Times: user=0.00 sys=0.00, real=0.00 secs] 
44.418: Total time for which application threads were stopped: 0.0003660 seconds, Stopping threads took: 0.0000350 seconds
44.454: Application time: 0.0364870 seconds
44.454: [GC44.454: [ParNew: 7017K->392K(7424K), 0.0002890 secs] 13099K->6474K(23808K), 0.0003060 secs] [Times: user=0.00 sys=0.00, real=0.00 secs] 
44.454: Total time for which application threads were stopped: 0.0004080 seconds, Stopping threads took: 0.0000620 seconds
44.491: Application time: 0.0367360 seconds
44.491: [GC44.491: [ParNew: 7048K->395K(7424K), 0.0002860 secs] 13130K->6477K(23808K), 0.0003020 secs] [Times: user=0.01 sys=0.00, real=0.00 secs] 
44.492: Total time for which application threads were stopped: 0.0003900 seconds, Stopping threads took: 0.0000490 seconds
44.529: Application time: 0.0370650 seconds
44.529: [GC44.529: [ParNew: 7051K->401K(7424K), 0.0002940 secs] 13133K->6483K(23808K), 0.0003100 secs] [Times: user=0.00 sys=0.00, real=0.00 secs] 
44.529: Total time for which application threads were stopped: 0.0003950 seconds, Stopping threads took: 0.0000470 seconds
44.566: Application time: 0.0369720 seconds
44.566: [GC44.566: [ParNew: 7057K->397K(7424K), 0.0003620 secs] 13139K->6479K(23808K), 0.0003790 secs] [Times: user=0.00 sys=0.00, real=0.00 secs] 
44.567: Total time for which application threads were stopped: 0.0004560 seconds, Stopping threads took: 0.0000410 seconds
44.604: Application time: 0.0370250 seconds
44.604: [GC44.604: [ParNew: 7053K->402K(7424K), 0.0002590 secs] 13135K->6483K(23808K), 0.0002750 secs] [Times: user=0.00 sys=0.00, real=0.00 secs] 
44.604: Total time for which application threads were stopped: 0.0003500 seconds, Stopping threads took: 0.0000370 seconds
44.641: Application time: 0.0366820 seconds
44.641: [GC44.641: [ParNew: 7058K->385K(7424K), 0.0002760 secs] 13139K->6467K(23808K), 0.0003030 secs] [Times: user=0.00 sys=0.00, real=0.00 secs] 
44.641: Total time for which application threads were stopped: 0.0003860 seconds, Stopping threads took: 0.0000420 seconds
44.678: Application time: 0.0371560 seconds
44.678: [GC44.678: [ParNew: 7041K->393K(7424K), 0.0003220 secs] 13123K->6474K(23808K), 0.0003400 secs] [Times: user=0.00 sys=0.00, real=0.00 secs] 
44.679: Total time for which application threads were stopped: 0.0004190 seconds, Stopping threads took: 0.0000390 seconds
44.715: Application time: 0.0368170 seconds
44.715: [GC44.715: [ParNew: 7049K->381K(7424K), 0.0002750 secs] 13130K->6463K(23808K), 0.0002930 secs] [Times: user=0.01 sys=0.00, real=0.00 secs] 
44.716: Total time for which application threads were stopped: 0.0003830 seconds, Stopping threads took: 0.0000490 seconds
44.752: Application time: 0.0365890 seconds
44.752: [GC44.752: [ParNew: 7037K->392K(7424K), 0.0002660 secs] 13119K->6474K(23808K), 0.0002850 secs] [Times: user=0.00 sys=0.00, real=0.00 secs] 
44.753: Total time for which application threads were stopped: 0.0003750 seconds, Stopping threads took: 0.0000480 seconds
44.789: Application time: 0.0366030 seconds
44.789: [GC44.789: [ParNew: 7048K->390K(7424K), 0.0002830 secs] 13130K->6472K(23808K), 0.0003020 secs] [Times: user=0.00 sys=0.00, real=0.00 secs] 
44.790: Total time for which application threads were stopped: 0.0003800 seconds, Stopping threads took: 0.0000380 seconds
44.826: Application time: 0.0366150 seconds
44.826: [GC44.826: [ParNew: 7046K->369K(7424K), 0.0002860 secs] 13128K->6507K(23808K), 0.0003010 secs] [Times: user=0.01 sys=0.00, real=0.00 secs] 
44.827: Total time for which application threads were stopped: 0.0003810 seconds, Stopping threads took: 0.0000390 seconds
44.864: Application time: 0.0372580 seconds
44.864: [GC44.864: [ParNew: 7025K->346K(7424K), 0.0002640 secs] 13163K->6540K(23808K), 0.0002820 secs] [Times: user=0.00 sys=0.00, real=0.00 secs] 
44.864: Total time for which application threads were stopped: 0.0003570 seconds, Stopping threads took: 0.0000370 seconds
44.901: Application time: 0.0367450 seconds
44.901: [GC44.901: [ParNew: 7002K->256K(7424K), 0.0002520 secs] 13196K->6586K(23808K), 0.0002680 secs] [Times: user=0.00 sys=0.00, real=0.00 secs] 
44.901: Total time for which application threads were stopped: 0.0003470 seconds, Stopping threads took: 0.0000400 seconds
44.938: Application time: 0.0369310 seconds
44.938: [GC44.938: [ParNew: 6912K->220K(7424K), 0.0003270 secs] 13242K->6598K(23808K), 0.0003460 secs] [Times: user=0.00 sys=0.00, real=0.00 secs] 
44.939: Total time for which application threads were stopped: 0.0004320 seconds, Stopping threads took: 0.0000390 seconds
44.976: Application time: 0.0367390 seconds
44.976: [GC44.976: [ParNew: 6876K->196K(7424K), 0.0002480 secs] 13254K->6639K(23808K), 0.0002630 secs] [Times: user=0.00 sys=0.00, real=0.00 secs] 
44.976: Total time for which application threads were stopped: 0.0003490 seconds, Stopping threads took: 0.0000480 seconds
45.013: Application time: 0.0370020 seconds
45.013: [GC45.013: [ParNew: 6852K->172K(7424K), 0.0002650 secs] 13295K->6670K(23808K), 0.0002800 secs] [Times: user=0.00 sys=0.00, real=0.00 secs] 
45.013: Total time for which application threads were stopped: 0.0003540 seconds, Stopping threads took: 0.0000360 seconds
45.050: Application time: 0.0363560 seconds
45.050: [GC45.050: [ParNew: 6828K->194K(7424K), 0.0002330 secs] 13326K->6692K(23808K), 0.0002510 secs] [Times: user=0.00 sys=0.00, real=0.00 secs] 
45.050: Total time for which application threads were stopped: 0.0003300 seconds, Stopping threads took: 0.0000390 seconds
45.087: Application time: 0.0368680 seconds
45.087: [GC45.087: [ParNew: 6850K->177K(7424K), 0.0002030 secs] 13348K->6675K(23808K), 0.0002210 secs] [Times: user=0.00 sys=0.00, real=0.00 secs] 
45.087: Total time for which application threads were stopped: 0.0003000 seconds, Stopping threads took: 0.0000410 seconds
45.122: Application time: 0.0353860 seconds
45.123: [GC45.123: [ParNew: 6833K->267K(7424K), 0.0002390 secs] 13331K->6765K(23808K), 0.0002640 secs] [Times: user=0.00 sys=0.00, real=0.00 secs] 
45.123: Total time for which application threads were stopped: 0.0003410 seconds, Stopping threads took: 0.0000350 seconds
45.159: Application time: 0.0364640 seconds
45.159: [GC45.159: [ParNew: 6923K->312K(7424K), 0.0002830 secs] 13421K->6810K(23808K), 0.0002980 secs] [Times: user=0.00 sys=0.00, real=0.00 secs] 
45.160: Total time for which application threads were stopped: 0.0003720 seconds, Stopping threads took: 0.0000360 seconds
45.195: Application time: 0.0358200 seconds
45.196: [GC45.196: [ParNew: 6968K->368K(7424K), 0.0003310 secs] 13466K->6866K(23808K), 0.0003480 secs] [Times: user=0.00 sys=0.00, real=0.00 secs] 
45.196: Total time for which application threads were stopped: 0.0004320 seconds, Stopping threads took: 0.0000470 seconds
45.232: Application time: 0.0364170 seconds
45.232: [GC45.232: [ParNew: 7024K->387K(7424K), 0.0002630 secs] 13522K->6885K(23808K), 0.0002800 secs] [Times: user=0.00 sys=0.00, real=0.00 secs] 
45.233: Total time for which application threads were stopped: 0.0003600 seconds, Stopping threads took: 0.0000400 seconds
45.269: Application time: 0.0367550 seconds
45.269: [GC45.270: [ParNew: 7043K->397K(7424K), 0.0002640 secs] 13541K->6895K(23808K), 0.0002800 secs] [Times: user=0.00 sys=0.00, real=0.00 secs] 
45.270: Total time for which application threads were stopped: 0.0003570 seconds, Stopping threads took: 0.0000380 seconds
45.307: Application time: 0.0369110 seconds
45.310: [GC45.310: [ParNew: 7053K->395K(7424K), 0.0002680 secs] 13551K->6893K(23808K), 0.0002860 secs] [Times: user=0.01 sys=0.00, real=0.00 secs] 
45.310: Total time for which application threads were stopped: 0.0036750 seconds, Stopping threads took: 0.0033510 seconds
45.348: Application time: 0.0371470 seconds
45.348: [GC45.348: [ParNew: 7051K->393K(7424K), 0.0003750 secs] 13549K->6891K(23808K), 0.0003980 secs] [Times: user=0.00 sys=0.00, real=0.00 secs] 
45.348: Total time for which application threads were stopped: 0.0005000 seconds, Stopping threads took: 0.0000520 seconds
45.385: Application time: 0.0369780 seconds
45.385: [GC45.385: [ParNew: 7049K->355K(7424K), 0.0003090 secs] 13547K->6933K(23808K), 0.0003270 secs] [Times: user=0.00 sys=0.00, real=0.00 secs] 
45.385: Total time for which application threads were stopped: 0.0004170 seconds, Stopping threads took: 0.0000490 seconds
45.422: Application time: 0.0368800 seconds
45.422: [GC45.422: [ParNew: 7011K->357K(7424K), 0.0002820 secs] 13589K->6935K(23808K), 0.0003000 secs] [Times: user=0.00 sys=0.00, real=0.00 secs] 
45.423: Total time for which application threads were stopped: 0.0003860 seconds, Stopping threads took: 0.0000450 seconds
45.460: Application time: 0.0371030 seconds
45.460: [GC45.460: [ParNew: 7013K->377K(7424K), 0.0002570 secs] 13591K->6955K(23808K), 0.0002730 secs] [Times: user=0.00 sys=0.00, real=0.00 secs] 
45.460: Total time for which application threads were stopped: 0.0003700 seconds, Stopping threads took: 0.0000490 seconds
45.497: Application time: 0.0368050 seconds
45.497: [GC45.497: [ParNew: 7033K->375K(7424K), 0.0002560 secs] 13611K->6953K(23808K), 0.0002730 secs] [Times: user=0.01 sys=0.00, real=0.00 secs] 
45.497: Total time for which application threads were stopped: 0.0003500 seconds, Stopping threads took: 0.0000400 seconds
45.534: Application time: 0.0365520 seconds
45.534: [GC45.534: [ParNew: 7031K->364K(7424K), 0.0002750 secs] 13609K->6942K(23808K), 0.0002950 secs] [Times: user=0.00 sys=0.00, real=0.01 secs] 
45.534: Total time for which application threads were stopped: 0.0003760 seconds, Stopping threads took: 0.0000420 seconds
45.571: Application time: 0.0371160 seconds
45.571: [GC45.571: [ParNew: 7020K->368K(7424K), 0.0002530 secs] 13598K->6946K(23808K), 0.0002720 secs] [Times: user=0.00 sys=0.00, real=0.00 secs] 
45.572: Total time for which application threads were stopped: 0.0003600 seconds, Stopping threads took: 0.0000460 seconds
45.610: Application time: 0.0379220 seconds
45.610: [GC45.610: [ParNew: 7024K->361K(7424K), 0.0003370 secs] 13602K->6939K(23808K), 0.0003710 secs] [Times: user=0.01 sys=0.00, real=0.00 secs] 
45.610: Total time for which application threads were stopped: 0.0004690 seconds, Stopping threads took: 0.0000520 seconds
45.647: Application time: 0.0368590 seconds
45.647: [GC45.647: [ParNew: 7017K->367K(7424K), 0.0002580 secs] 13595K->6945K(23808K), 0.0002770 secs] [Times: user=0.00 sys=0.00, real=0.00 secs] 
45.647: Total time for which application threads were stopped: 0.0003580 seconds, Stopping threads took: 0.0000390 seconds
45.684: Application time: 0.0367660 seconds
45.684: [GC45.684: [ParNew: 7023K->283K(7424K), 0.0002730 secs] 13601K->7001K(23808K), 0.0002890 secs] [Times: user=0.00 sys=0.00, real=0.00 secs] 
45.684: Total time for which application threads were stopped: 0.0003750 seconds, Stopping threads took: 0.0000480 seconds
45.722: Application time: 0.0371750 seconds
45.722: [GC45.722: [ParNew: 6939K->256K(7424K), 0.0003200 secs] 13657K->7031K(23808K), 0.0003390 secs] [Times: user=0.00 sys=0.00, real=0.01 secs] 
45.722: Total time for which application threads were stopped: 0.0004100 seconds, Stopping threads took: 0.0000320 seconds
45.759: Application time: 0.0367640 seconds
45.759: [GC45.759: [ParNew: 6912K->199K(7424K), 0.0003060 secs] 13687K->7053K(23808K), 0.0003240 secs] [Times: user=0.00 sys=0.00, real=0.00 secs] 
45.759: Total time for which application threads were stopped: 0.0003990 seconds, Stopping threads took: 0.0000360 seconds
45.796: Application time: 0.0368950 seconds
45.796: [GC45.796: [ParNew: 6855K->170K(7424K), 0.0003070 secs] 13709K->7080K(23808K), 0.0003220 secs] [Times: user=0.00 sys=0.00, real=0.00 secs] 
45.797: Total time for which application threads were stopped: 0.0003970 seconds, Stopping threads took: 0.0000370 seconds
45.833: Application time: 0.0362270 seconds
45.833: [GC45.833: [ParNew: 6826K->197K(7424K), 0.0002960 secs] 13736K->7107K(23808K), 0.0003140 secs] [Times: user=0.00 sys=0.00, real=0.00 secs] 
45.833: Total time for which application threads were stopped: 0.0003940 seconds, Stopping threads took: 0.0000420 seconds
45.870: Application time: 0.0371090 seconds
45.870: [GC45.870: [ParNew: 6853K->197K(7424K), 0.0002890 secs] 13763K->7108K(23808K), 0.0003070 secs] [Times: user=0.00 sys=0.00, real=0.00 secs] 
45.871: Total time for which application threads were stopped: 0.0003910 seconds, Stopping threads took: 0.0000450 seconds
45.906: Application time: 0.0358320 seconds
45.907: [GC45.907: [ParNew: 6853K->237K(7424K), 0.0003390 secs] 13764K->7147K(23808K), 0.0003570 secs] [Times: user=0.00 sys=0.00, real=0.00 secs] 
45.907: Total time for which application threads were stopped: 0.0004420 seconds, Stopping threads took: 0.0000440 seconds
45.943: Application time: 0.0360360 seconds
45.943: [GC45.943: [ParNew: 6893K->314K(7424K), 0.0002640 secs] 13803K->7224K(23808K), 0.0002830 secs] [Times: user=0.01 sys=0.00, real=0.00 secs] 
45.943: Total time for which application threads were stopped: 0.0003720 seconds, Stopping threads took: 0.0000480 seconds
45.979: Application time: 0.0355180 seconds
45.979: [GC45.979: [ParNew: 6970K->365K(7424K), 0.0002930 secs] 13880K->7275K(23808K), 0.0003110 secs] [Times: user=0.00 sys=0.00, real=0.00 secs] 
45.979: Total time for which application threads were stopped: 0.0003920 seconds, Stopping threads took: 0.0000370 seconds
46.016: Application time: 0.0370710 seconds
46.016: [GC46.016: [ParNew: 7021K->367K(7424K), 0.0002560 secs] 13931K->7278K(23808K), 0.0002740 secs] [Times: user=0.00 sys=0.00, real=0.00 secs] 
46.017: Total time for which application threads were stopped: 0.0003600 seconds, Stopping threads took: 0.0000450 seconds
46.053: Application time: 0.0360250 seconds
46.053: [GC46.053: [ParNew: 7023K->397K(7424K), 0.0003500 secs] 13934K->7307K(23808K), 0.0003670 secs] [Times: user=0.00 sys=0.00, real=0.00 secs] 
46.053: Total time for which application threads were stopped: 0.0004410 seconds, Stopping threads took: 0.0000360 seconds
46.091: Application time: 0.0373340 seconds
46.091: [GC46.091: [ParNew: 7053K->402K(7424K), 0.0003540 secs] 13963K->7312K(23808K), 0.0003770 secs] [Times: user=0.00 sys=0.00, real=0.00 secs] 
46.091: Total time for which application threads were stopped: 0.0004740 seconds, Stopping threads took: 0.0000580 seconds
46.128: Application time: 0.0366450 seconds
46.128: [GC46.128: [ParNew: 7058K->398K(7424K), 0.0003110 secs] 13968K->7309K(23808K), 0.0003300 secs] [Times: user=0.00 sys=0.00, real=0.00 secs] 
46.128: Total time for which application threads were stopped: 0.0004080 seconds, Stopping threads took: 0.0000380 seconds
46.165: Application time: 0.0367990 seconds
46.165: [GC46.165: [ParNew: 7054K->399K(7424K), 0.0002570 secs] 13965K->7309K(23808K), 0.0002760 secs] [Times: user=0.00 sys=0.00, real=0.00 secs] 
46.165: Total time for which application threads were stopped: 0.0003570 seconds, Stopping threads took: 0.0000410 seconds
46.202: Application time: 0.0369210 seconds
46.202: [GC46.202: [ParNew: 7055K->405K(7424K), 0.0002850 secs] 13965K->7316K(23808K), 0.0003030 secs] [Times: user=0.00 sys=0.00, real=0.00 secs] 
46.202: Total time for which application threads were stopped: 0.0003820 seconds, Stopping threads took: 0.0000390 seconds
46.239: Application time: 0.0368620 seconds
46.239: [GC46.239: [ParNew: 7061K->372K(7424K), 0.0003400 secs] 13972K->7362K(23808K), 0.0003580 secs] [Times: user=0.00 sys=0.00, real=0.00 secs] 
46.240: Total time for which application threads were stopped: 0.0004400 seconds, Stopping threads took: 0.0000420 seconds
46.277: Application time: 0.0368190 seconds
46.277: [GC46.277: [ParNew: 7028K->366K(7424K), 0.0003310 secs] 14018K->7357K(23808K), 0.0003480 secs] [Times: user=0.00 sys=0.00, real=0.00 secs] 
46.277: Total time for which application threads were stopped: 0.0004410 seconds, Stopping threads took: 0.0000530 seconds
46.314: Application time: 0.0369960 seconds
46.314: [GC46.314: [ParNew: 7022K->371K(7424K), 0.0004090 secs] 14013K->7361K(23808K), 0.0004330 secs] [Times: user=0.00 sys=0.00, real=0.00 secs] 
46.315: Total time for which application threads were stopped: 0.0005360 seconds, Stopping threads took: 0.0000510 seconds
46.351: Application time: 0.0366560 seconds
46.351: [GC46.351: [ParNew: 7027K->375K(7424K), 0.0002880 secs] 14017K->7365K(23808K), 0.0003050 secs] [Times: user=0.00 sys=0.00, real=0.00 secs] 
46.352: Total time for which application threads were stopped: 0.0003950 seconds, Stopping threads took: 0.0000470 seconds
46.389: Application time: 0.0368630 seconds
46.389: [GC46.389: [ParNew: 7031K->371K(7424K), 0.0002550 secs] 14021K->7361K(23808K), 0.0002710 secs] [Times: user=0.01 sys=0.00, real=0.00 secs] 
46.389: Total time for which application threads were stopped: 0.0003570 seconds, Stopping threads took: 0.0000480 seconds
46.426: Application time: 0.0368070 seconds
46.426: [GC46.426: [ParNew: 7027K->366K(7424K), 0.0003940 secs] 14017K->7356K(23808K), 0.0004130 secs] [Times: user=0.00 sys=0.00, real=0.00 secs] 
46.426: Total time for which application threads were stopped: 0.0004870 seconds, Stopping threads took: 0.0000340 seconds
46.463: Application time: 0.0369990 seconds
46.463: [GC46.463: [ParNew: 7022K->313K(7424K), 0.0003120 secs] 14012K->7407K(23808K), 0.0003280 secs] [Times: user=0.00 sys=0.00, real=0.00 secs] 
46.464: Total time for which application threads were stopped: 0.0004090 seconds, Stopping threads took: 0.0000420 seconds
46.500: Application time: 0.0368130 seconds
46.500: [GC46.500: [ParNew: 6969K->254K(7424K), 0.0002650 secs] 14063K->7452K(23808K), 0.0002840 secs] [Times: user=0.01 sys=0.00, real=0.00 secs] 
46.501: Total time for which application threads were stopped: 0.0003810 seconds, Stopping threads took: 0.0000450 seconds
46.538: Application time: 0.0372550 seconds
46.538: [GC46.538: [ParNew: 6910K->199K(7424K), 0.0002490 secs] 14108K->7494K(23808K), 0.0002670 secs] [Times: user=0.00 sys=0.00, real=0.00 secs] 
46.538: Total time for which application threads were stopped: 0.0003510 seconds, Stopping threads took: 0.0000430 seconds
46.575: Application time: 0.0367070 seconds
46.575: [GC46.575: [ParNew: 6855K->200K(7424K), 0.0002090 secs] 14150K->7495K(23808K), 0.0002330 secs] [Times: user=0.00 sys=0.00, real=0.00 secs] 
46.575: Total time for which application threads were stopped: 0.0003150 seconds, Stopping threads took: 0.0000450 seconds
46.612: Application time: 0.0365740 seconds
46.612: [GC46.612: [ParNew: 6850K->186K(7424K), 0.0002220 secs] 14145K->7545K(23808K), 0.0002400 secs] [Times: user=0.00 sys=0.00, real=0.00 secs] 
46.612: Total time for which application threads were stopped: 0.0003170 seconds, Stopping threads took: 0.0000380 seconds
46.649: Application time: 0.0365800 seconds
46.649: [GC46.649: [ParNew: 6842K->192K(7424K), 0.0002400 secs] 14201K->7551K(23808K), 0.0002570 secs] [Times: user=0.00 sys=0.00, real=0.00 secs] 
46.649: Total time for which application threads were stopped: 0.0003330 seconds, Stopping threads took: 0.0000390 seconds
46.686: Application time: 0.0365310 seconds
46.686: [GC46.686: [ParNew: 6848K->220K(7424K), 0.0002520 secs] 14207K->7579K(23808K), 0.0002680 secs] [Times: user=0.00 sys=0.00, real=0.00 secs] 
46.686: Total time for which application threads were stopped: 0.0003400 seconds, Stopping threads took: 0.0000350 seconds
46.721: Application time: 0.0352000 seconds
46.721: [GC46.721: [ParNew: 6876K->312K(7424K), 0.0002790 secs] 14235K->7670K(23808K), 0.0002960 secs] [Times: user=0.00 sys=0.00, real=0.00 secs] 
46.722: Total time for which application threads were stopped: 0.0003700 seconds, Stopping threads took: 0.0000340 seconds
46.758: Application time: 0.0366430 seconds
46.762: [GC46.762: [ParNew: 6968K->342K(7424K), 0.0003070 secs] 14326K->7700K(23808K), 0.0003240 secs] [Times: user=0.00 sys=0.00, real=0.00 secs] 
46.762: Total time for which application threads were stopped: 0.0041110 seconds, Stopping threads took: 0.0037470 seconds
46.799: Application time: 0.0364270 seconds
46.799: [GC46.799: [ParNew: 6998K->368K(7424K), 0.0002960 secs] 14356K->7726K(23808K), 0.0003140 secs] [Times: user=0.00 sys=0.00, real=0.00 secs] 
46.799: Total time for which application threads were stopped: 0.0003960 seconds, Stopping threads took: 0.0000430 seconds
46.836: Application time: 0.0364820 seconds
46.836: [GC46.836: [ParNew: 7024K->399K(7424K), 0.0003110 secs] 14382K->7757K(23808K), 0.0003300 secs] [Times: user=0.00 sys=0.00, real=0.00 secs] 
46.836: Total time for which application threads were stopped: 0.0004080 seconds, Stopping threads took: 0.0000360 seconds
46.873: Application time: 0.0373190 seconds
46.874: [GC46.874: [ParNew: 7055K->391K(7424K), 0.0002740 secs] 14413K->7750K(23808K), 0.0002930 secs] [Times: user=0.01 sys=0.00, real=0.00 secs] 
46.874: Total time for which application threads were stopped: 0.0003750 seconds, Stopping threads took: 0.0000410 seconds
46.911: Application time: 0.0368160 seconds
46.911: [GC46.911: [ParNew: 7047K->396K(7424K), 0.0003040 secs] 14406K->7755K(23808K), 0.0003240 secs] [Times: user=0.00 sys=0.00, real=0.00 secs] 
46.911: Total time for which application threads were stopped: 0.0004130 seconds, Stopping threads took: 0.0000460 seconds
46.948: Application time: 0.0367620 seconds
46.948: [GC46.948: [ParNew: 7052K->400K(7424K), 0.0002890 secs] 14411K->7759K(23808K), 0.0003060 secs] [Times: user=0.00 sys=0.00, real=0.00 secs] 
46.948: Total time for which application threads were stopped: 0.0003900 seconds, Stopping threads took: 0.0000450 seconds
46.985: Application time: 0.0371350 seconds
46.985: [GC46.985: [ParNew: 7056K->398K(7424K), 0.0002990 secs] 14415K->7757K(23808K), 0.0003150 secs] [Times: user=0.00 sys=0.00, real=0.00 secs] 
46.986: Total time for which application threads were stopped: 0.0003910 seconds, Stopping threads took: 0.0000380 seconds
47.023: Application time: 0.0368690 seconds
47.023: [GC47.023: [ParNew: 7054K->397K(7424K), 0.0003140 secs] 14413K->7756K(23808K), 0.0003310 secs] [Times: user=0.00 sys=0.00, real=0.00 secs] 
47.023: Total time for which application threads were stopped: 0.0004260 seconds, Stopping threads took: 0.0000440 seconds
47.060: Application time: 0.0368980 seconds
47.060: [GC47.060: [ParNew: 7053K->399K(7424K), 0.0002900 secs] 14412K->7757K(23808K), 0.0003170 secs] [Times: user=0.01 sys=0.00, real=0.00 secs] 
47.060: Total time for which application threads were stopped: 0.0003890 seconds, Stopping threads took: 0.0000330 seconds
47.097: Application time: 0.0367250 seconds
47.097: [GC47.097: [ParNew: 7055K->390K(7424K), 0.0003690 secs] 14413K->7749K(23808K), 0.0003880 secs] [Times: user=0.00 sys=0.00, real=0.00 secs] 
47.098: Total time for which application threads were stopped: 0.0004700 seconds, Stopping threads took: 0.0000410 seconds
47.136: Application time: 0.0380630 seconds
47.136: [GC47.136: [ParNew: 7046K->387K(7424K), 0.0003730 secs] 14405K->7745K(23808K), 0.0003920 secs] [Times: user=0.00 sys=0.00, real=0.00 secs] 
47.136: Total time for which application threads were stopped: 0.0004770 seconds, Stopping threads took: 0.0000430 seconds
47.173: Application time: 0.0366070 seconds
47.173: [GC47.173: [ParNew: 7043K->362K(7424K), 0.0003670 secs] 14401K->7785K(23808K), 0.0003850 secs] [Times: user=0.00 sys=0.00, real=0.00 secs] 
47.173: Total time for which application threads were stopped: 0.0004630 seconds, Stopping threads took: 0.0000390 seconds
47.210: Application time: 0.0367580 seconds
47.210: [GC47.210: [ParNew: 7018K->367K(7424K), 0.0003320 secs] 14441K->7790K(23808K), 0.0003520 secs] [Times: user=0.00 sys=0.00, real=0.00 secs] 
47.210: Total time for which application threads were stopped: 0.0004390 seconds, Stopping threads took: 0.0000470 seconds
47.248: Application time: 0.0376360 seconds
47.248: [GC47.248: [ParNew: 7023K->339K(7424K), 0.0003580 secs] 14446K->7834K(23808K), 0.0003780 secs] [Times: user=0.00 sys=0.00, real=0.00 secs] 
47.248: Total time for which application threads were stopped: 0.0004660 seconds, Stopping threads took: 0.0000460 seconds
47.285: Application time: 0.0367360 seconds
47.285: [GC47.285: [ParNew: 6995K->253K(7424K), 0.0002770 secs] 14490K->7884K(23808K), 0.0002950 secs] [Times: user=0.00 sys=0.00, real=0.00 secs] 
47.286: Total time for which application threads were stopped: 0.0003690 seconds, Stopping threads took: 0.0000360 seconds
47.323: Application time: 0.0373180 seconds
47.323: [GC47.323: [ParNew: 6909K->218K(7424K), 0.0003630 secs] 14540K->7905K(23808K), 0.0003850 secs] [Times: user=0.00 sys=0.00, real=0.00 secs] 
47.323: Total time for which application threads were stopped: 0.0004910 seconds, Stopping threads took: 0.0000540 seconds
47.360: Application time: 0.0371230 seconds
47.361: [GC47.361: [ParNew: 6874K->191K(7424K), 0.0002300 secs] 14561K->7926K(23808K), 0.0002460 secs] [Times: user=0.00 sys=0.00, real=0.00 secs] 
47.361: Total time for which application threads were stopped: 0.0003300 seconds, Stopping threads took: 0.0000440 seconds
47.397: Application time: 0.0365350 seconds
47.397: [GC47.397: [ParNew: 6847K->168K(7424K), 0.0002490 secs] 14582K->7959K(23808K), 0.0002660 secs] [Times: user=0.00 sys=0.00, real=0.00 secs] 
47.398: Total time for which application threads were stopped: 0.0003470 seconds, Stopping threads took: 0.0000420 seconds
47.434: Application time: 0.0366210 seconds
47.434: [GC47.434: [ParNew: 6824K->196K(7424K), 0.0002460 secs] 14615K->7987K(23808K), 0.0002630 secs] [Times: user=0.00 sys=0.00, real=0.00 secs] 
47.435: Total time for which application threads were stopped: 0.0003410 seconds, Stopping threads took: 0.0000390 seconds
47.472: Application time: 0.0369630 seconds
47.472: [GC47.472: [ParNew: 6852K->183K(7424K), 0.0002110 secs] 14643K->7974K(23808K), 0.0002280 secs] [Times: user=0.00 sys=0.00, real=0.00 secs] 
47.472: Total time for which application threads were stopped: 0.0003140 seconds, Stopping threads took: 0.0000470 seconds
47.507: Application time: 0.0348560 seconds
47.507: [GC47.507: [ParNew: 6839K->310K(7424K), 0.0003330 secs] 14630K->8101K(23808K), 0.0003530 secs] [Times: user=0.00 sys=0.00, real=0.00 secs] 
47.507: Total time for which application threads were stopped: 0.0004390 seconds, Stopping threads took: 0.0000440 seconds
47.544: Application time: 0.0363140 seconds
47.544: [GC47.544: [ParNew: 6966K->344K(7424K), 0.0003470 secs] 14757K->8135K(23808K), 0.0003720 secs] [Times: user=0.00 sys=0.00, real=0.00 secs] 
47.544: Total time for which application threads were stopped: 0.0004610 seconds, Stopping threads took: 0.0000370 seconds
47.580: Application time: 0.0363800 seconds
47.580: [GC47.580: [ParNew: 7000K->374K(7424K), 0.0002760 secs] 14791K->8165K(23808K), 0.0002940 secs] [Times: user=0.00 sys=0.00, real=0.00 secs] 
47.581: Total time for which application threads were stopped: 0.0003700 seconds, Stopping threads took: 0.0000360 seconds
47.617: Application time: 0.0363570 seconds
47.617: [GC47.617: [ParNew: 7030K->406K(7424K), 0.0002890 secs] 14821K->8197K(23808K), 0.0003050 secs] [Times: user=0.00 sys=0.00, real=0.00 secs] 
47.618: Total time for which application threads were stopped: 0.0003910 seconds, Stopping threads took: 0.0000490 seconds
47.655: Application time: 0.0372660 seconds
47.655: [GC47.655: [ParNew: 7062K->391K(7424K), 0.0002880 secs] 14853K->8181K(23808K), 0.0003060 secs] [Times: user=0.00 sys=0.00, real=0.00 secs] 
47.655: Total time for which application threads were stopped: 0.0003810 seconds, Stopping threads took: 0.0000370 seconds
47.692: Application time: 0.0367900 seconds
47.692: [GC47.692: [ParNew: 7047K->396K(7424K), 0.0002880 secs] 14837K->8187K(23808K), 0.0003050 secs] [Times: user=0.00 sys=0.00, real=0.00 secs] 
47.692: Total time for which application threads were stopped: 0.0003870 seconds, Stopping threads took: 0.0000430 seconds
47.729: Application time: 0.0368520 seconds
47.729: [GC47.729: [ParNew: 7052K->396K(7424K), 0.0002840 secs] 14843K->8187K(23808K), 0.0003020 secs] [Times: user=0.01 sys=0.00, real=0.00 secs] 
47.730: Total time for which application threads were stopped: 0.0003870 seconds, Stopping threads took: 0.0000460 seconds
47.766: Application time: 0.0367590 seconds
47.770: [GC47.770: [ParNew: 7052K->398K(7424K), 0.0003200 secs] 14843K->8189K(23808K), 0.0003400 secs] [Times: user=0.00 sys=0.00, real=0.00 secs] 
47.770: Total time for which application threads were stopped: 0.0041240 seconds, Stopping threads took: 0.0037440 seconds
47.808: Application time: 0.0371690 seconds
47.808: [GC47.808: [ParNew: 7054K->393K(7424K), 0.0002680 secs] 14845K->8184K(23808K), 0.0002840 secs] [Times: user=0.00 sys=0.00, real=0.00 secs] 
47.808: Total time for which application threads were stopped: 0.0003620 seconds, Stopping threads took: 0.0000380 seconds
47.845: Application time: 0.0365950 seconds
47.845: [GC47.845: [ParNew: 7049K->388K(7424K), 0.0002640 secs] 14840K->8179K(23808K), 0.0002810 secs] [Times: user=0.01 sys=0.00, real=0.00 secs] 
47.845: Total time for which application threads were stopped: 0.0003630 seconds, Stopping threads took: 0.0000420 seconds
47.882: Application time: 0.0368590 seconds
47.882: [GC47.882: [ParNew: 7044K->393K(7424K), 0.0002690 secs] 14835K->8184K(23808K), 0.0002870 secs] [Times: user=0.00 sys=0.00, real=0.01 secs] 
47.882: Total time for which application threads were stopped: 0.0003710 seconds, Stopping threads took: 0.0000430 seconds
47.919: Application time: 0.0365420 seconds
47.919: [GC47.919: [ParNew: 7049K->401K(7424K), 0.0002800 secs] 14840K->8192K(23808K), 0.0002990 secs] [Times: user=0.01 sys=0.00, real=0.00 secs] 
47.919: Total time for which application threads were stopped: 0.0003800 seconds, Stopping threads took: 0.0000400 seconds
47.956: Application time: 0.0366190 seconds
47.956: [GC47.956: [ParNew: 7057K->400K(7424K), 0.0002930 secs] 14848K->8191K(23808K), 0.0003120 secs] [Times: user=0.00 sys=0.00, real=0.00 secs] 
47.956: Total time for which application threads were stopped: 0.0003930 seconds, Stopping threads took: 0.0000410 seconds
47.993: Application time: 0.0370160 seconds
47.993: [GC47.993: [ParNew: 7056K->371K(7424K), 0.0003080 secs] 14847K->8218K(23808K), 0.0003250 secs] [Times: user=0.00 sys=0.00, real=0.00 secs] 
47.994: Total time for which application threads were stopped: 0.0004100 seconds, Stopping threads took: 0.0000460 seconds
48.030: Application time: 0.0365830 seconds
48.030: [GC48.030: [ParNew: 7027K->365K(7424K), 0.0002680 secs] 14874K->8212K(23808K), 0.0002940 secs] [Times: user=0.00 sys=0.00, real=0.00 secs] 
48.031: Total time for which application threads were stopped: 0.0003640 seconds, Stopping threads took: 0.0000300 seconds
48.068: Application time: 0.0370370 seconds
48.068: [GC48.068: [ParNew: 7021K->253K(7424K), 0.0003570 secs] 14868K->8248K(23808K), 0.0003740 secs] [Times: user=0.00 sys=0.00, real=0.00 secs] 
48.068: Total time for which application threads were stopped: 0.0004610 seconds, Stopping threads took: 0.0000390 seconds
48.105: Application time: 0.0367530 seconds
48.105: [GC48.105: [ParNew: 6909K->230K(7424K), 0.0002470 secs] 14904K->8297K(23808K), 0.0002630 secs] [Times: user=0.00 sys=0.00, real=0.00 secs] 
48.105: Total time for which application threads were stopped: 0.0003350 seconds, Stopping threads took: 0.0000350 seconds
48.142: Application time: 0.0370180 seconds
48.142: [GC48.142: [ParNew: 6886K->204K(7424K), 0.0002290 secs] 14953K->8319K(23808K), 0.0002440 secs] [Times: user=0.00 sys=0.00, real=0.00 secs] 
48.142: Total time for which application threads were stopped: 0.0003240 seconds, Stopping threads took: 0.0000440 seconds
48.180: Application time: 0.0373620 seconds
48.182: [GC48.182: [ParNew: 6860K->162K(7424K), 0.0002220 secs] 14975K->8342K(23808K), 0.0002410 secs] [Times: user=0.00 sys=0.00, real=0.00 secs] 
48.182: Total time for which application threads were stopped: 0.0025060 seconds, Stopping threads took: 0.0022230 seconds
48.218: Application time: 0.0361280 seconds
48.219: [GC48.219: [ParNew: 6818K->195K(7424K), 0.0002560 secs] 14998K->8374K(23808K), 0.0002750 secs] [Times: user=0.01 sys=0.00, real=0.00 secs] 
48.219: Total time for which application threads were stopped: 0.0003600 seconds, Stopping threads took: 0.0000450 seconds
48.256: Application time: 0.0369000 seconds
48.256: [GC48.256: [ParNew: 6851K->198K(7424K), 0.0002310 secs] 15030K->8377K(23808K), 0.0002480 secs] [Times: user=0.00 sys=0.00, real=0.00 secs] 
48.256: Total time for which application threads were stopped: 0.0003280 seconds, Stopping threads took: 0.0000420 seconds
48.291: Application time: 0.0347320 seconds
48.291: [GC48.291: [ParNew: 6854K->312K(7424K), 0.0002600 secs] 15033K->8491K(23808K), 0.0002780 secs] [Times: user=0.00 sys=0.00, real=0.00 secs] 
48.291: Total time for which application threads were stopped: 0.0003670 seconds, Stopping threads took: 0.0000480 seconds
48.328: Application time: 0.0373100 seconds
48.329: [GC48.329: [ParNew: 6968K->297K(7424K), 0.0002930 secs] 15147K->8476K(23808K), 0.0003140 secs] [Times: user=0.01 sys=0.00, real=0.00 secs] 
48.329: Total time for which application threads were stopped: 0.0004100 seconds, Stopping threads took: 0.0000470 seconds
48.365: Application time: 0.0360810 seconds
48.365: [GC48.365: [ParNew: 6953K->368K(7424K), 0.0003510 secs] 15132K->8547K(23808K), 0.0003740 secs] [Times: user=0.01 sys=0.00, real=0.00 secs] 
48.365: Total time for which application threads were stopped: 0.0004770 seconds, Stopping threads took: 0.0000600 seconds
48.402: Application time: 0.0368090 seconds
48.402: [GC48.402: [ParNew: 7024K->368K(7424K), 0.0002740 secs] 15203K->8548K(23808K), 0.0002910 secs] [Times: user=0.00 sys=0.00, real=0.00 secs] 
48.403: Total time for which application threads were stopped: 0.0003830 seconds, Stopping threads took: 0.0000500 seconds
48.439: Application time: 0.0365280 seconds
48.439: [GC48.439: [ParNew: 7024K->387K(7424K), 0.0003680 secs] 15204K->8566K(23808K), 0.0003850 secs] [Times: user=0.00 sys=0.00, real=0.00 secs] 
48.440: Total time for which application threads were stopped: 0.0004700 seconds, Stopping threads took: 0.0000440 seconds
48.477: Application time: 0.0370880 seconds
48.477: [GC48.477: [ParNew: 7043K->392K(7424K), 0.0002970 secs] 15222K->8572K(23808K), 0.0003140 secs] [Times: user=0.00 sys=0.00, real=0.00 secs] 
48.477: Total time for which application threads were stopped: 0.0004000 seconds, Stopping threads took: 0.0000460 seconds
48.514: Application time: 0.0370690 seconds
48.514: [GC48.514: [ParNew: 7048K->393K(7424K), 0.0002670 secs] 15228K->8572K(23808K), 0.0002910 secs] [Times: user=0.00 sys=0.00, real=0.00 secs] 
48.515: Total time for which application threads were stopped: 0.0003680 seconds, Stopping threads took: 0.0000380 seconds
48.551: Application time: 0.0369030 seconds
48.552: [GC48.552: [ParNew: 7049K->398K(7424K), 0.0002850 secs] 15228K->8577K(23808K), 0.0003030 secs] [Times: user=0.00 sys=0.00, real=0.00 secs] 
48.552: Total time for which application threads were stopped: 0.0003860 seconds, Stopping threads took: 0.0000450 seconds
48.589: Application time: 0.0370470 seconds
48.589: [GC48.589: [ParNew: 7054K->395K(7424K), 0.0002810 secs] 15233K->8574K(23808K), 0.0002980 secs] [Times: user=0.00 sys=0.00, real=0.00 secs] 
48.589: Total time for which application threads were stopped: 0.0003840 seconds, Stopping threads took: 0.0000390 seconds
48.627: Application time: 0.0377330 seconds
48.627: [GC48.627: [ParNew: 7051K->398K(7424K), 0.0003480 secs] 15230K->8577K(23808K), 0.0003680 secs] [Times: user=0.00 sys=0.00, real=0.00 secs] 
48.627: Total time for which application threads were stopped: 0.0004600 seconds, Stopping threads took: 0.0000460 seconds
48.665: Application time: 0.0371320 seconds
48.665: [GC48.665: [ParNew: 7054K->392K(7424K), 0.0002960 secs] 15233K->8571K(23808K), 0.0003130 secs] [Times: user=0.00 sys=0.00, real=0.00 secs] 
48.665: Total time for which application threads were stopped: 0.0003980 seconds, Stopping threads took: 0.0000430 seconds
48.702: Application time: 0.0366660 seconds
48.702: [GC48.702: [ParNew: 7048K->388K(7424K), 0.0003090 secs] 15227K->8568K(23808K), 0.0003270 secs] [Times: user=0.00 sys=0.01, real=0.01 secs] 
48.702: Total time for which application threads were stopped: 0.0004160 seconds, Stopping threads took: 0.0000490 seconds
48.740: Application time: 0.0376680 seconds
48.740: [GC48.740: [ParNew: 7044K->394K(7424K), 0.0003040 secs] 15224K->8573K(23808K), 0.0003210 secs] [Times: user=0.00 sys=0.00, real=0.00 secs] 
48.740: Total time for which application threads were stopped: 0.0003990 seconds, Stopping threads took: 0.0000400 seconds
48.777: Application time: 0.0366610 seconds
48.777: [GC48.777: [ParNew: 7050K->372K(7424K), 0.0003070 secs] 15229K->8631K(23808K), 0.0003240 secs] [Times: user=0.00 sys=0.00, real=0.00 secs] 
48.777: Total time for which application threads were stopped: 0.0004030 seconds, Stopping threads took: 0.0000420 seconds
48.814: Application time: 0.0367120 seconds
48.814: [GC48.814: [ParNew: 7028K->362K(7424K), 0.0002680 secs] 15287K->8621K(23808K), 0.0002850 secs] [Times: user=0.00 sys=0.00, real=0.01 secs] 
48.814: Total time for which application threads were stopped: 0.0003590 seconds, Stopping threads took: 0.0000350 seconds
48.851: Application time: 0.0368680 seconds
48.851: [GC48.851: [ParNew: 7018K->256K(7424K), 0.0002840 secs] 15277K->8675K(23808K), 0.0003030 secs] [Times: user=0.01 sys=0.00, real=0.00 secs] 
48.852: Total time for which application threads were stopped: 0.0003860 seconds, Stopping threads took: 0.0000410 seconds
48.889: Application time: 0.0371120 seconds
48.889: [GC48.889: [ParNew: 6912K->250K(7424K), 0.0002910 secs] 15331K->8670K(23808K), 0.0003060 secs] [Times: user=0.00 sys=0.00, real=0.00 secs] 
48.889: Total time for which application threads were stopped: 0.0003870 seconds, Stopping threads took: 0.0000440 seconds
48.926: Application time: 0.0368260 seconds
48.930: [GC48.930: [ParNew: 6906K->189K(7424K), 0.0002790 secs] 15326K->8704K(23808K), 0.0002980 secs] [Times: user=0.00 sys=0.00, real=0.00 secs] 
48.930: Total time for which application threads were stopped: 0.0044960 seconds, Stopping threads took: 0.0041600 seconds
48.967: Application time: 0.0366340 seconds
48.970: [GC48.970: [ParNew: 6845K->194K(7424K), 0.0003030 secs] 15360K->8709K(23808K), 0.0003230 secs] [Times: user=0.00 sys=0.00, real=0.00 secs] 
48.970: Total time for which application threads were stopped: 0.0034350 seconds, Stopping threads took: 0.0030700 seconds
49.007: Application time: 0.0364780 seconds
49.007: [GC49.007: [ParNew: 6850K->198K(7424K), 0.0002410 secs] 15365K->8770K(23808K), 0.0002690 secs] [Times: user=0.00 sys=0.00, real=0.00 secs] 
49.007: Total time for which application threads were stopped: 0.0003530 seconds, Stopping threads took: 0.0000420 seconds
49.045: Application time: 0.0375200 seconds
49.045: [GC49.045: [ParNew: 6854K->193K(7424K), 0.0002410 secs] 15426K->8765K(23808K), 0.0002590 secs] [Times: user=0.00 sys=0.00, real=0.00 secs] 
49.045: Total time for which application threads were stopped: 0.0003470 seconds, Stopping threads took: 0.0000460 seconds
49.081: Application time: 0.0353340 seconds
49.081: [GC49.081: [ParNew: 6833K->245K(7424K), 0.0002510 secs] 15405K->8816K(23808K), 0.0002700 secs] [Times: user=0.00 sys=0.00, real=0.00 secs] 
49.081: Total time for which application threads were stopped: 0.0003540 seconds, Stopping threads took: 0.0000430 seconds
49.117: Application time: 0.0362840 seconds
49.117: [GC49.117: [ParNew: 6901K->310K(7424K), 0.0002870 secs] 15472K->8882K(23808K), 0.0003050 secs] [Times: user=0.00 sys=0.00, real=0.00 secs] 
49.118: Total time for which application threads were stopped: 0.0003990 seconds, Stopping threads took: 0.0000430 seconds
49.154: Application time: 0.0365170 seconds
49.154: [GC49.154: [ParNew: 6966K->341K(7424K), 0.0002620 secs] 15538K->8912K(23808K), 0.0002810 secs] [Times: user=0.00 sys=0.00, real=0.00 secs] 
49.154: Total time for which application threads were stopped: 0.0003650 seconds, Stopping threads took: 0.0000440 seconds
49.191: Application time: 0.0363740 seconds
49.191: [GC49.191: [ParNew: 6997K->365K(7424K), 0.0003400 secs] 15568K->8937K(23808K), 0.0003580 secs] [Times: user=0.00 sys=0.00, real=0.00 secs] 
49.191: Total time for which application threads were stopped: 0.0004340 seconds, Stopping threads took: 0.0000370 seconds
49.228: Application time: 0.0365130 seconds
49.228: [GC49.228: [ParNew: 7021K->401K(7424K), 0.0003010 secs] 15593K->8973K(23808K), 0.0003180 secs] [Times: user=0.00 sys=0.00, real=0.00 secs] 
49.228: Total time for which application threads were stopped: 0.0003940 seconds, Stopping threads took: 0.0000360 seconds
49.265: Application time: 0.0366970 seconds
49.265: [GC49.265: [ParNew: 7057K->402K(7424K), 0.0002800 secs] 15629K->8973K(23808K), 0.0002960 secs] [Times: user=0.00 sys=0.00, real=0.00 secs] 
49.265: Total time for which application threads were stopped: 0.0003760 seconds, Stopping threads took: 0.0000420 seconds
49.303: Application time: 0.0374690 seconds
49.303: [GC49.303: [ParNew: 7058K->395K(7424K), 0.0002870 secs] 15629K->8966K(23808K), 0.0003040 secs] [Times: user=0.01 sys=0.00, real=0.00 secs] 
49.303: Total time for which application threads were stopped: 0.0003830 seconds, Stopping threads took: 0.0000410 seconds
49.340: Application time: 0.0369920 seconds
49.340: [GC49.340: [ParNew: 7051K->390K(7424K), 0.0003420 secs] 15622K->8961K(23808K), 0.0003640 secs] [Times: user=0.00 sys=0.00, real=0.00 secs] 
49.341: Total time for which application threads were stopped: 0.0004590 seconds, Stopping threads took: 0.0000470 seconds
49.378: Application time: 0.0372770 seconds
49.378: [GC49.378: [ParNew: 7046K->395K(7424K), 0.0003290 secs] 15617K->8966K(23808K), 0.0003470 secs] [Times: user=0.01 sys=0.00, real=0.00 secs] 
49.378: Total time for which application threads were stopped: 0.0004300 seconds, Stopping threads took: 0.0000440 seconds
49.415: Application time: 0.0367470 seconds
49.415: [GC49.415: [ParNew: 7051K->366K(7424K), 0.0003050 secs] 15622K->8993K(23808K), 0.0003230 secs] [Times: user=0.00 sys=0.00, real=0.00 secs] 
49.415: Total time for which application threads were stopped: 0.0004010 seconds, Stopping threads took: 0.0000370 seconds
49.452: Application time: 0.0366630 seconds
49.452: [GC49.452: [ParNew: 7022K->374K(7424K), 0.0002740 secs] 15649K->9002K(23808K), 0.0002910 secs] [Times: user=0.00 sys=0.00, real=0.00 secs] 
49.452: Total time for which application threads were stopped: 0.0003740 seconds, Stopping threads took: 0.0000420 seconds
49.489: Application time: 0.0365190 seconds
49.489: [GC49.489: [ParNew: 7030K->365K(7424K), 0.0003010 secs] 15658K->8992K(23808K), 0.0003250 secs] [Times: user=0.00 sys=0.00, real=0.00 secs] 
49.489: Total time for which application threads were stopped: 0.0004020 seconds, Stopping threads took: 0.0000380 seconds
49.526: Application time: 0.0366820 seconds
49.526: [GC49.526: [ParNew: 7021K->366K(7424K), 0.0002890 secs] 15648K->8994K(23808K), 0.0003080 secs] [Times: user=0.00 sys=0.00, real=0.00 secs] 
49.526: Total time for which application threads were stopped: 0.0003890 seconds, Stopping threads took: 0.0000400 seconds
49.563: Application time: 0.0370290 seconds
49.564: [GC49.564: [ParNew: 7022K->372K(7424K), 0.0002550 secs] 15650K->9000K(23808K), 0.0002720 secs] [Times: user=0.01 sys=0.00, real=0.00 secs] 
49.564: Total time for which application threads were stopped: 0.0003610 seconds, Stopping threads took: 0.0000510 seconds
49.601: Application time: 0.0369430 seconds
49.601: [GC49.601: [ParNew: 7028K->374K(7424K), 0.0002750 secs] 15656K->9002K(23808K), 0.0002930 secs] [Times: user=0.01 sys=0.00, real=0.00 secs] 
49.601: Total time for which application threads were stopped: 0.0003740 seconds, Stopping threads took: 0.0000410 seconds
49.638: Application time: 0.0368110 seconds
49.638: [GC49.638: [ParNew: 7030K->312K(7424K), 0.0002680 secs] 15658K->9044K(23808K), 0.0002870 secs] [Times: user=0.00 sys=0.00, real=0.00 secs] 
49.638: Total time for which application threads were stopped: 0.0003850 seconds, Stopping threads took: 0.0000450 seconds
49.675: Application time: 0.0371300 seconds
49.676: [GC49.676: [ParNew: 6968K->252K(7424K), 0.0003240 secs] 15700K->9071K(23808K), 0.0003390 secs] [Times: user=0.00 sys=0.00, real=0.00 secs] 
49.676: Total time for which application threads were stopped: 0.0004220 seconds, Stopping threads took: 0.0000460 seconds
49.713: Application time: 0.0371540 seconds
49.713: [GC49.713: [ParNew: 6908K->226K(7424K), 0.0002470 secs] 15727K->9118K(23808K), 0.0002640 secs] [Times: user=0.00 sys=0.00, real=0.00 secs] 
49.713: Total time for which application threads were stopped: 0.0003400 seconds, Stopping threads took: 0.0000380 seconds
49.750: Application time: 0.0370650 seconds
49.751: [GC49.751: [ParNew: 6882K->196K(7424K), 0.0002200 secs] 15774K->9136K(23808K), 0.0002370 secs] [Times: user=0.01 sys=0.00, real=0.00 secs] 
49.751: Total time for which application threads were stopped: 0.0003130 seconds, Stopping threads took: 0.0000380 seconds
49.787: Application time: 0.0361980 seconds
49.787: [GC49.787: [ParNew: 6852K->195K(7424K), 0.0002440 secs] 15792K->9215K(23808K), 0.0002620 secs] [Times: user=0.00 sys=0.00, real=0.00 secs] 
49.787: Total time for which application threads were stopped: 0.0003420 seconds, Stopping threads took: 0.0000410 seconds
49.824: Application time: 0.0371180 seconds
49.825: [GC49.825: [ParNew: 6851K->198K(7424K), 0.0002140 secs] 15871K->9218K(23808K), 0.0002300 secs] [Times: user=0.00 sys=0.00, real=0.00 secs] 
49.825: Total time for which application threads were stopped: 0.0003140 seconds, Stopping threads took: 0.0000430 seconds
49.860: Application time: 0.0355750 seconds
49.860: [GC49.860: [ParNew: 6854K->240K(7424K), 0.0002530 secs] 15874K->9260K(23808K), 0.0002710 secs] [Times: user=0.00 sys=0.00, real=0.00 secs] 
49.861: Total time for which application threads were stopped: 0.0003500 seconds, Stopping threads took: 0.0000400 seconds
49.897: Application time: 0.0360050 seconds
49.897: [GC49.897: [ParNew: 6896K->307K(7424K), 0.0002850 secs] 15916K->9327K(23808K), 0.0003030 secs] [Times: user=0.00 sys=0.00, real=0.00 secs] 
49.897: Total time for which application threads were stopped: 0.0003870 seconds, Stopping threads took: 0.0000460 seconds
49.933: Application time: 0.0362660 seconds
49.933: [GC49.933: [ParNew: 6963K->333K(7424K), 0.0002850 secs] 15983K->9353K(23808K), 0.0003030 secs] [Times: user=0.00 sys=0.00, real=0.00 secs] 
49.934: Total time for which application threads were stopped: 0.0003870 seconds, Stopping threads took: 0.0000460 seconds
49.970: Application time: 0.0364090 seconds
49.970: [GC49.970: [ParNew: 6989K->367K(7424K), 0.0002720 secs] 16009K->9387K(23808K), 0.0002980 secs] [Times: user=0.00 sys=0.00, real=0.00 secs] 
49.971: Total time for which application threads were stopped: 0.0003810 seconds, Stopping threads took: 0.0000460 seconds
50.007: Application time: 0.0363860 seconds
50.007: [GC50.007: [ParNew: 7023K->395K(7424K), 0.0002840 secs] 16043K->9415K(23808K), 0.0003010 secs] [Times: user=0.00 sys=0.00, real=0.00 secs] 
50.007: Total time for which application threads were stopped: 0.0003860 seconds, Stopping threads took: 0.0000460 seconds
50.044: Application time: 0.0371120 seconds
50.046: [GC50.046: [ParNew: 7051K->390K(7424K), 0.0004350 secs] 16071K->9410K(23808K), 0.0004520 secs] [Times: user=0.00 sys=0.00, real=0.00 secs] 
50.047: Total time for which application threads were stopped: 0.0021370 seconds, Stopping threads took: 0.0016460 seconds
50.083: Application time: 0.0367970 seconds
50.083: [GC50.083: [ParNew: 7046K->398K(7424K), 0.0002730 secs] 16066K->9418K(23808K), 0.0002900 secs] [Times: user=0.01 sys=0.00, real=0.00 secs] 
50.084: Total time for which application threads were stopped: 0.0003740 seconds, Stopping threads took: 0.0000450 seconds
50.121: Application time: 0.0369720 seconds
50.121: [GC50.121: [ParNew: 7054K->355K(7424K), 0.0002910 secs] 16074K->9447K(23808K), 0.0003080 secs] [Times: user=0.00 sys=0.00, real=0.00 secs] 
50.121: Total time for which application threads were stopped: 0.0003920 seconds, Stopping threads took: 0.0000440 seconds
50.159: Application time: 0.0381670 seconds
50.159: [GC50.159: [ParNew: 7011K->347K(7424K), 0.0003730 secs] 16103K->9439K(23808K), 0.0003930 secs] [Times: user=0.00 sys=0.00, real=0.00 secs] 
50.160: Total time for which application threads were stopped: 0.0004960 seconds, Stopping threads took: 0.0000510 seconds
50.197: Application time: 0.0372820 seconds
50.197: [GC50.197: [ParNew: 7003K->367K(7424K), 0.0002940 secs] 16095K->9459K(23808K), 0.0003100 secs] [Times: user=0.00 sys=0.00, real=0.00 secs] 
50.197: Total time for which application threads were stopped: 0.0003970 seconds, Stopping threads took: 0.0000460 seconds
50.234: Application time: 0.0368380 seconds
50.234: [GC50.234: [ParNew: 7023K->357K(7424K), 0.0002970 secs] 16115K->9449K(23808K), 0.0003150 secs] [Times: user=0.01 sys=0.00, real=0.00 secs] 
50.235: Total time for which application threads were stopped: 0.0004230 seconds, Stopping threads took: 0.0000670 seconds
50.271: Application time: 0.0366490 seconds
50.271: [GC50.271: [ParNew: 7013K->364K(7424K), 0.0002540 secs] 16105K->9456K(23808K), 0.0002720 secs] [Times: user=0.00 sys=0.00, real=0.00 secs] 
50.272: Total time for which application threads were stopped: 0.0003790 seconds, Stopping threads took: 0.0000680 seconds
50.309: Application time: 0.0368140 seconds
50.309: [GC50.309: [ParNew: 7020K->373K(7424K), 0.0002560 secs] 16112K->9465K(23808K), 0.0002720 secs] [Times: user=0.00 sys=0.00, real=0.00 secs] 
50.309: Total time for which application threads were stopped: 0.0003490 seconds, Stopping threads took: 0.0000410 seconds
50.347: Application time: 0.0377920 seconds
50.347: [GC50.347: [ParNew: 7029K->371K(7424K), 0.0003300 secs] 16121K->9463K(23808K), 0.0003540 secs] [Times: user=0.01 sys=0.00, real=0.00 secs] 
50.347: Total time for which application threads were stopped: 0.0004520 seconds, Stopping threads took: 0.0000480 seconds
50.384: Application time: 0.0373300 seconds
50.385: [GC50.385: [ParNew: 7027K->340K(7424K), 0.0002590 secs] 16119K->9431K(23808K), 0.0002770 secs] [Times: user=0.00 sys=0.00, real=0.00 secs] 
50.385: Total time for which application threads were stopped: 0.0003610 seconds, Stopping threads took: 0.0000450 seconds
50.421: Application time: 0.0366300 seconds
50.422: [GC50.422: [ParNew: 6996K->300K(7424K), 0.0002820 secs] 16087K->9496K(23808K), 0.0003010 secs] [Times: user=0.00 sys=0.00, real=0.00 secs] 
50.422: Total time for which application threads were stopped: 0.0003810 seconds, Stopping threads took: 0.0000390 seconds
50.459: Application time: 0.0371610 seconds
50.459: [GC50.459: [ParNew: 6956K->254K(7424K), 0.0002680 secs] 16152K->9546K(23808K), 0.0002940 secs] [Times: user=0.00 sys=0.00, real=0.00 secs] 
50.459: Total time for which application threads were stopped: 0.0003770 seconds, Stopping threads took: 0.0000420 seconds
50.496: Application time: 0.0369820 seconds
50.496: [GC50.496: [ParNew: 6910K->218K(7424K), 0.0003750 secs] 16202K->9566K(23808K), 0.0003920 secs] [Times: user=0.00 sys=0.00, real=0.00 secs] 
50.497: Total time for which application threads were stopped: 0.0004770 seconds, Stopping threads took: 0.0000450 seconds
50.534: Application time: 0.0366910 seconds
50.534: [GC50.534: [ParNew: 6874K->194K(7424K), 0.0003080 secs] 16222K->9606K(23808K), 0.0003250 secs] [Times: user=0.00 sys=0.00, real=0.00 secs] 
50.534: Total time for which application threads were stopped: 0.0004120 seconds, Stopping threads took: 0.0000450 seconds
50.571: Application time: 0.0370880 seconds
50.571: [GC50.571: [ParNew: 6850K->166K(7424K), 0.0003260 secs] 16262K->9634K(23808K), 0.0003430 secs] [Times: user=0.00 sys=0.00, real=0.00 secs] 
50.571: Total time for which application threads were stopped: 0.0004190 seconds, Stopping threads took: 0.0000370 seconds
50.608: Application time: 0.0364670 seconds
50.608: [GC50.608: [ParNew: 6822K->178K(7424K), 0.0002640 secs] 16290K->9646K(23808K), 0.0002820 secs] [Times: user=0.01 sys=0.00, real=0.00 secs] 
50.608: Total time for which application threads were stopped: 0.0003670 seconds, Stopping threads took: 0.0000460 seconds
50.645: Application time: 0.0363460 seconds
50.645: [GC50.645: [ParNew: 6834K->230K(7424K), 0.0002160 secs] 16302K->9698K(23808K), 0.0002350 secs] [Times: user=0.01 sys=0.00, real=0.00 secs] 
50.645: Total time for which application threads were stopped: 0.0003160 seconds, Stopping threads took: 0.0000400 seconds
50.681: Application time: 0.0356060 seconds
50.681: [GC50.681: [ParNew: 6886K->311K(7424K), 0.0003370 secs] 16354K->9779K(23808K), 0.0003540 secs] [Times: user=0.00 sys=0.00, real=0.00 secs] 
50.681: Total time for which application threads were stopped: 0.0004450 seconds, Stopping threads took: 0.0000430 seconds
50.718: Application time: 0.0368730 seconds
50.718: [GC50.718: [ParNew: 6967K->312K(7424K), 0.0003400 secs] 16435K->9780K(23808K), 0.0003580 secs] [Times: user=0.00 sys=0.00, real=0.00 secs] 
50.718: Total time for which application threads were stopped: 0.0004460 seconds, Stopping threads took: 0.0000470 seconds
50.755: Application time: 0.0362230 seconds
50.755: [GC50.755: [ParNew: 6968K->368K(7424K), 0.0003310 secs] 16436K->9836K(23808K), 0.0003500 secs] [Times: user=0.00 sys=0.00, real=0.00 secs] 
50.755: Total time for which application threads were stopped: 0.0004290 seconds, Stopping threads took: 0.0000380 seconds
50.791: Application time: 0.0363300 seconds
50.791: [GC50.791: [ParNew: 7024K->401K(7424K), 0.0002700 secs] 16492K->9869K(23808K), 0.0002870 secs] [Times: user=0.01 sys=0.00, real=0.00 secs] 
50.792: Total time for which application threads were stopped: 0.0003760 seconds, Stopping threads took: 0.0000480 seconds
50.829: Application time: 0.0369110 seconds
50.829: [GC50.829: [ParNew: 7057K->397K(7424K), 0.0002640 secs] 16525K->9865K(23808K), 0.0002810 secs] [Times: user=0.01 sys=0.00, real=0.00 secs] 
50.829: Total time for which application threads were stopped: 0.0003540 seconds, Stopping threads took: 0.0000360 seconds
50.866: Application time: 0.0369440 seconds
50.866: [GC50.866: [ParNew: 7053K->398K(7424K), 0.0002890 secs] 16521K->9866K(23808K), 0.0003060 secs] [Times: user=0.00 sys=0.01, real=0.00 secs] 
50.866: Total time for which application threads were stopped: 0.0003890 seconds, Stopping threads took: 0.0000450 seconds
50.903: Application time: 0.0368090 seconds
50.903: [GC50.903: [ParNew: 7054K->398K(7424K), 0.0002780 secs] 16522K->9866K(23808K), 0.0002950 secs] [Times: user=0.00 sys=0.00, real=0.00 secs] 
50.903: Total time for which application threads were stopped: 0.0003730 seconds, Stopping threads took: 0.0000400 seconds
50.941: Application time: 0.0371430 seconds
50.941: [GC50.941: [ParNew: 7054K->394K(7424K), 0.0002840 secs] 16522K->9862K(23808K), 0.0003090 secs] [Times: user=0.00 sys=0.00, real=0.00 secs] 
50.941: Total time for which application threads were stopped: 0.0003870 seconds, Stopping threads took: 0.0000390 seconds
50.978: Application time: 0.0370160 seconds
50.978: [GC50.978: [ParNew: 7050K->402K(7424K), 0.0003180 secs] 16518K->9870K(23808K), 0.0003350 secs] [Times: user=0.01 sys=0.00, real=0.00 secs] 
50.978: Total time for which application threads were stopped: 0.0004110 seconds, Stopping threads took: 0.0000360 seconds
51.015: Application time: 0.0365940 seconds
51.015: [GC51.015: [ParNew: 7058K->388K(7424K), 0.0003490 secs] 16526K->9856K(23808K), 0.0003670 secs] [Times: user=0.00 sys=0.00, real=0.00 secs] 
51.016: Total time for which application threads were stopped: 0.0004630 seconds, Stopping threads took: 0.0000550 seconds
51.052: Application time: 0.0367300 seconds
51.052: [GC51.052: [ParNew: 7044K->394K(7424K), 0.0002850 secs] 16512K->9862K(23808K), 0.0003010 secs] [Times: user=0.01 sys=0.00, real=0.00 secs] 
51.053: Total time for which application threads were stopped: 0.0003790 seconds, Stopping threads took: 0.0000380 seconds
51.090: Application time: 0.0368960 seconds
51.090: [GC51.090: [ParNew: 7050K->401K(7424K), 0.0002630 secs] 16518K->9869K(23808K), 0.0002800 secs] [Times: user=0.00 sys=0.00, real=0.00 secs] 
51.090: Total time for which application threads were stopped: 0.0003590 seconds, Stopping threads took: 0.0000410 seconds
51.127: Application time: 0.0370070 seconds
51.127: [GC51.127: [ParNew: 7057K->374K(7424K), 0.0002990 secs] 16525K->9906K(23808K), 0.0003170 secs] [Times: user=0.00 sys=0.00, real=0.00 secs] 
51.127: Total time for which application threads were stopped: 0.0003920 seconds, Stopping threads took: 0.0000360 seconds
51.164: Application time: 0.0367620 seconds
51.166: [GC51.166: [ParNew: 7030K->369K(7424K), 0.0002930 secs] 16562K->9901K(23808K), 0.0003100 secs] [Times: user=0.00 sys=0.00, real=0.00 secs] 
51.166: Total time for which application threads were stopped: 0.0023660 seconds, Stopping threads took: 0.0020160 seconds
51.203: Application time: 0.0366450 seconds
51.203: [GC51.203: [ParNew: 7025K->330K(7424K), 0.0003110 secs] 16557K->9918K(23808K), 0.0003290 secs] [Times: user=0.00 sys=0.00, real=0.00 secs] 
51.203: Total time for which application threads were stopped: 0.0004140 seconds, Stopping threads took: 0.0000360 seconds
51.241: Application time: 0.0371890 seconds
51.241: [GC51.241: [ParNew: 6986K->253K(7424K), 0.0002710 secs] 16574K->9982K(23808K), 0.0002890 secs] [Times: user=0.00 sys=0.00, real=0.00 secs] 
51.241: Total time for which application threads were stopped: 0.0003730 seconds, Stopping threads took: 0.0000450 seconds
51.278: Application time: 0.0367390 seconds
51.278: [GC51.278: [ParNew: 6909K->251K(7424K), 0.0003080 secs] 16638K->9979K(23808K), 0.0003250 secs] [Times: user=0.00 sys=0.00, real=0.00 secs] 
51.278: Total time for which application threads were stopped: 0.0004060 seconds, Stopping threads took: 0.0000440 seconds
51.315: Application time: 0.0371360 seconds
51.315: [GC51.315: [ParNew: 6907K->196K(7424K), 0.0003000 secs] 16635K->10028K(23808K), 0.0003230 secs] [Times: user=0.00 sys=0.00, real=0.00 secs] 
51.316: Total time for which application threads were stopped: 0.0004400 seconds, Stopping threads took: 0.0000600 seconds
51.353: Application time: 0.0371800 seconds
51.353: [GC51.353: [ParNew: 6852K->166K(7424K), 0.0002290 secs] 16684K->10070K(23808K), 0.0002460 secs] [Times: user=0.00 sys=0.00, real=0.00 secs] 
51.353: Total time for which application threads were stopped: 0.0003290 seconds, Stopping threads took: 0.0000430 seconds
51.390: Application time: 0.0364020 seconds
51.390: [GC51.390: [ParNew: 6822K->192K(7424K), 0.0003240 secs] 16726K->10096K(23808K), 0.0003430 secs] [Times: user=0.00 sys=0.00, real=0.00 secs] 
51.390: Total time for which application threads were stopped: 0.0004290 seconds, Stopping threads took: 0.0000440 seconds
51.427: Application time: 0.0364560 seconds
51.427: [GC51.427: [ParNew: 6848K->223K(7424K), 0.0002320 secs] 16752K->10127K(23808K), 0.0002580 secs] [Times: user=0.00 sys=0.00, real=0.00 secs] 
51.427: Total time for which application threads were stopped: 0.0003400 seconds, Stopping threads took: 0.0000400 seconds
51.462: Application time: 0.0351610 seconds
51.462: [GC51.462: [ParNew: 6879K->310K(7424K), 0.0003120 secs] 16783K->10214K(23808K), 0.0003310 secs] [Times: user=0.01 sys=0.00, real=0.00 secs] 
51.463: Total time for which application threads were stopped: 0.0004880 seconds, Stopping threads took: 0.0001150 seconds
51.500: Application time: 0.0370090 seconds
51.500: [GC51.500: [ParNew: 6966K->311K(7424K), 0.0002690 secs] 16870K->10216K(23808K), 0.0002870 secs] [Times: user=0.00 sys=0.00, real=0.00 secs] 
51.500: Total time for which application threads were stopped: 0.0003840 seconds, Stopping threads took: 0.0000580 seconds
51.536: Application time: 0.0363050 seconds
51.536: [GC51.536: [ParNew: 6967K->342K(7424K), 0.0002720 secs] 16872K->10247K(23808K), 0.0002900 secs] [Times: user=0.00 sys=0.00, real=0.00 secs] 
51.537: Total time for which application threads were stopped: 0.0003640 seconds, Stopping threads took: 0.0000350 seconds
51.573: Application time: 0.0359150 seconds
51.573: [GC51.573: [ParNew: 6998K->398K(7424K), 0.0002910 secs] 16903K->10303K(23808K), 0.0003100 secs] [Times: user=0.00 sys=0.00, real=0.00 secs] 
51.573: Total time for which application threads were stopped: 0.0003970 seconds, Stopping threads took: 0.0000460 seconds
51.610: Application time: 0.0369740 seconds
51.610: [GC51.610: [ParNew: 7054K->398K(7424K), 0.0002900 secs] 16959K->10303K(23808K), 0.0003090 secs] [Times: user=0.01 sys=0.00, real=0.00 secs] 
51.610: Total time for which application threads were stopped: 0.0003840 seconds, Stopping threads took: 0.0000330 seconds
51.648: Application time: 0.0379820 seconds
51.648: [GC51.648: [ParNew: 7054K->395K(7424K), 0.0003270 secs] 16959K->10300K(23808K), 0.0003470 secs] [Times: user=0.00 sys=0.00, real=0.00 secs] 
51.649: Total time for which application threads were stopped: 0.0004600 seconds, Stopping threads took: 0.0000700 seconds
51.686: Application time: 0.0371040 seconds
51.686: [GC51.686: [ParNew: 7051K->398K(7424K), 0.0002770 secs] 16956K->10302K(23808K), 0.0002950 secs] [Times: user=0.00 sys=0.00, real=0.00 secs] 
51.686: Total time for which application threads were stopped: 0.0003820 seconds, Stopping threads took: 0.0000460 seconds
51.723: Application time: 0.0369460 seconds
51.723: [GC51.723: [ParNew: 7054K->394K(7424K), 0.0003000 secs] 16958K->10298K(23808K), 0.0003180 secs] [Times: user=0.00 sys=0.00, real=0.00 secs] 
51.724: Total time for which application threads were stopped: 0.0004110 seconds, Stopping threads took: 0.0000430 seconds
51.760: Application time: 0.0367470 seconds
51.762: [GC51.762: [ParNew: 7050K->395K(7424K), 0.0003020 secs] 16954K->10299K(23808K), 0.0003190 secs] [Times: user=0.00 sys=0.00, real=0.00 secs] 
51.762: Total time for which application threads were stopped: 0.0020810 seconds, Stopping threads took: 0.0017210 seconds
51.800: Application time: 0.0370800 seconds
51.800: [GC51.800: [ParNew: 7051K->396K(7424K), 0.0002910 secs] 16955K->10300K(23808K), 0.0003090 secs] [Times: user=0.00 sys=0.00, real=0.00 secs] 
51.800: Total time for which application threads were stopped: 0.0003880 seconds, Stopping threads took: 0.0000380 seconds
51.837: Application time: 0.0367460 seconds
51.837: [GC51.837: [ParNew: 7052K->372K(7424K), 0.0002890 secs] 16956K->10340K(23808K), 0.0003060 secs] [Times: user=0.00 sys=0.00, real=0.00 secs] 
51.837: Total time for which application threads were stopped: 0.0003850 seconds, Stopping threads took: 0.0000400 seconds
51.874: Application time: 0.0367210 seconds
51.874: [GC51.874: [ParNew: 7028K->365K(7424K), 0.0002590 secs] 16996K->10334K(23808K), 0.0002780 secs] [Times: user=0.00 sys=0.00, real=0.01 secs] 
51.874: Total time for which application threads were stopped: 0.0003570 seconds, Stopping threads took: 0.0000410 seconds
51.911: Application time: 0.0368590 seconds
51.911: [GC51.911: [ParNew: 7021K->370K(7424K), 0.0002710 secs] 16990K->10339K(23808K), 0.0002950 secs] [Times: user=0.00 sys=0.00, real=0.00 secs] 
51.911: Total time for which application threads were stopped: 0.0003820 seconds, Stopping threads took: 0.0000490 seconds
51.948: Application time: 0.0370710 seconds
51.948: [GC51.949: [ParNew: 7026K->365K(7424K), 0.0002830 secs] 16995K->10333K(23808K), 0.0003020 secs] [Times: user=0.00 sys=0.00, real=0.00 secs] 
51.949: Total time for which application threads were stopped: 0.0003860 seconds, Stopping threads took: 0.0000450 seconds
51.985: Application time: 0.0365510 seconds
51.985: [GC51.985: [ParNew: 7021K->339K(7424K), 0.0003000 secs] 16989K->10379K(23808K), 0.0003190 secs] [Times: user=0.00 sys=0.00, real=0.00 secs] 
51.986: Total time for which application threads were stopped: 0.0004010 seconds, Stopping threads took: 0.0000420 seconds
52.023: Application time: 0.0370340 seconds
52.023: [GC52.023: [ParNew: 6995K->257K(7424K), 0.0002660 secs] 17035K->10437K(23808K), 0.0002820 secs] [Times: user=0.00 sys=0.00, real=0.00 secs] 
52.023: Total time for which application threads were stopped: 0.0003620 seconds, Stopping threads took: 0.0000410 seconds
52.060: Application time: 0.0368120 seconds
52.060: [GC52.060: [ParNew: 6913K->256K(7424K), 0.0002540 secs] 17093K->10437K(23808K), 0.0002720 secs] [Times: user=0.00 sys=0.00, real=0.00 secs] 
52.060: Total time for which application threads were stopped: 0.0003570 seconds, Stopping threads took: 0.0000430 seconds
52.097: Application time: 0.0370290 seconds
52.097: [GC52.097: [ParNew: 6912K->218K(7424K), 0.0002350 secs] 17093K->10462K(23808K), 0.0002520 secs] [Times: user=0.00 sys=0.00, real=0.00 secs] 
52.098: Total time for which application threads were stopped: 0.0003320 seconds, Stopping threads took: 0.0000410 seconds
52.135: Application time: 0.0369200 seconds
52.135: [GC52.135: [ParNew: 6874K->168K(7424K), 0.0003000 secs] 17118K->10496K(23808K), 0.0003170 secs] [Times: user=0.01 sys=0.00, real=0.00 secs] 
52.135: Total time for which application threads were stopped: 0.0003980 seconds, Stopping threads took: 0.0000410 seconds
52.172: Application time: 0.0367120 seconds
52.172: [GC52.172: [ParNew: 6824K->183K(7424K), 0.0002430 secs] 17152K->10511K(23808K), 0.0002610 secs] [Times: user=0.00 sys=0.00, real=0.00 secs] 
52.172: Total time for which application threads were stopped: 0.0003440 seconds, Stopping threads took: 0.0000440 seconds
52.209: Application time: 0.0364190 seconds
52.209: [GC52.209: [ParNew: 6839K->225K(7424K), 0.0002240 secs] 17167K->10554K(23808K), 0.0002420 secs] [Times: user=0.01 sys=0.00, real=0.00 secs] 
52.209: Total time for which application threads were stopped: 0.0003340 seconds, Stopping threads took: 0.0000530 seconds
52.244: Application time: 0.0351410 seconds
52.244: [GC52.244: [ParNew: 6881K->314K(7424K), 0.0002650 secs] 17210K->10642K(23808K), 0.0002830 secs] [Times: user=0.01 sys=0.00, real=0.00 secs] 
52.244: Total time for which application threads were stopped: 0.0003710 seconds, Stopping threads took: 0.0000410 seconds
52.281: Application time: 0.0371430 seconds
52.282: [GC52.282: [ParNew: 6970K->305K(7424K), 0.0003110 secs] 17298K->10634K(23808K), 0.0003280 secs] [Times: user=0.00 sys=0.00, real=0.00 secs] 
52.282: Total time for which application threads were stopped: 0.0004030 seconds, Stopping threads took: 0.0000380 seconds
52.319: Application time: 0.0366240 seconds
52.319: [GC52.319: [ParNew: 6961K->314K(7424K), 0.0003780 secs] 17290K->10643K(23808K), 0.0003990 secs] [Times: user=0.01 sys=0.00, real=0.00 secs] 
52.319: Total time for which application threads were stopped: 0.0005020 seconds, Stopping threads took: 0.0000540 seconds
52.355: Application time: 0.0360730 seconds
52.355: [GC52.355: [ParNew: 6970K->400K(7424K), 0.0002960 secs] 17299K->10729K(23808K), 0.0003120 secs] [Times: user=0.00 sys=0.00, real=0.00 secs] 
52.356: Total time for which application threads were stopped: 0.0003940 seconds, Stopping threads took: 0.0000430 seconds
52.392: Application time: 0.0368010 seconds
52.392: [GC52.392: [ParNew: 7056K->379K(7424K), 0.0002760 secs] 17385K->10763K(23808K), 0.0003010 secs] [Times: user=0.00 sys=0.00, real=0.00 secs] 
52.393: Total time for which application threads were stopped: 0.0003770 seconds, Stopping threads took: 0.0000390 seconds
52.430: Application time: 0.0369570 seconds
52.434: [GC52.434: [ParNew: 7035K->354K(7424K), 0.0002600 secs] 17419K->10738K(23808K), 0.0002770 secs] [Times: user=0.01 sys=0.00, real=0.00 secs] 
52.434: Total time for which application threads were stopped: 0.0047260 seconds, Stopping threads took: 0.0044120 seconds
52.471: Application time: 0.0366010 seconds
52.471: [GC52.471: [ParNew: 7010K->365K(7424K), 0.0002520 secs] 17394K->10749K(23808K), 0.0002690 secs] [Times: user=0.00 sys=0.00, real=0.00 secs] 
52.471: Total time for which application threads were stopped: 0.0003460 seconds, Stopping threads took: 0.0000400 seconds
52.509: Application time: 0.0373130 seconds
52.509: [GC52.509: [ParNew: 7021K->365K(7424K), 0.0002730 secs] 17405K->10750K(23808K), 0.0002910 secs] [Times: user=0.00 sys=0.00, real=0.00 secs] 
52.509: Total time for which application threads were stopped: 0.0003880 seconds, Stopping threads took: 0.0000590 seconds
52.546: Application time: 0.0368120 seconds
52.546: [GC52.546: [ParNew: 7021K->368K(7424K), 0.0002590 secs] 17406K->10753K(23808K), 0.0002770 secs] [Times: user=0.00 sys=0.00, real=0.00 secs] 
52.546: Total time for which application threads were stopped: 0.0003630 seconds, Stopping threads took: 0.0000460 seconds
52.583: Application time: 0.0366410 seconds
52.583: [GC52.583: [ParNew: 7024K->372K(7424K), 0.0002670 secs] 17409K->10757K(23808K), 0.0002860 secs] [Times: user=0.00 sys=0.00, real=0.00 secs] 
52.583: Total time for which application threads were stopped: 0.0003790 seconds, Stopping threads took: 0.0000520 seconds
52.620: Application time: 0.0369990 seconds
52.620: [GC52.620: [ParNew: 7028K->360K(7424K), 0.0002720 secs] 17413K->10745K(23808K), 0.0002900 secs] [Times: user=0.00 sys=0.00, real=0.00 secs] 
52.621: Total time for which application threads were stopped: 0.0003730 seconds, Stopping threads took: 0.0000440 seconds
52.657: Application time: 0.0368640 seconds
52.658: [GC52.658: [ParNew: 7016K->369K(7424K), 0.0002650 secs] 17401K->10753K(23808K), 0.0002810 secs] [Times: user=0.00 sys=0.00, real=0.00 secs] 
52.658: Total time for which application threads were stopped: 0.0003610 seconds, Stopping threads took: 0.0000420 seconds
52.695: Application time: 0.0370350 seconds
52.695: [GC52.695: [ParNew: 7025K->364K(7424K), 0.0002610 secs] 17409K->10748K(23808K), 0.0002800 secs] [Times: user=0.00 sys=0.00, real=0.00 secs] 
52.695: Total time for which application threads were stopped: 0.0003660 seconds, Stopping threads took: 0.0000460 seconds
52.732: Application time: 0.0366590 seconds
52.732: [GC52.732: [ParNew: 7020K->348K(7424K), 0.0002770 secs] 17404K->10733K(23808K), 0.0002950 secs] [Times: user=0.01 sys=0.00, real=0.00 secs] 
52.732: Total time for which application threads were stopped: 0.0003770 seconds, Stopping threads took: 0.0000400 seconds
52.769: Application time: 0.0369700 seconds
52.769: [GC52.769: [ParNew: 7004K->334K(7424K), 0.0003680 secs] 17389K->10775K(23808K), 0.0003820 secs] [Times: user=0.00 sys=0.00, real=0.00 secs] 
52.770: Total time for which application threads were stopped: 0.0004760 seconds, Stopping threads took: 0.0000430 seconds
52.807: Application time: 0.0371310 seconds
52.807: [GC52.807: [ParNew: 6990K->248K(7424K), 0.0003510 secs] 17431K->10813K(23808K), 0.0003680 secs] [Times: user=0.00 sys=0.00, real=0.00 secs] 
52.807: Total time for which application threads were stopped: 0.0004500 seconds, Stopping threads took: 0.0000420 seconds
52.844: Application time: 0.0366540 seconds
52.844: [GC52.844: [ParNew: 6904K->250K(7424K), 0.0002260 secs] 17469K->10815K(23808K), 0.0002440 secs] [Times: user=0.00 sys=0.00, real=0.00 secs] 
52.844: Total time for which application threads were stopped: 0.0003280 seconds, Stopping threads took: 0.0000390 seconds
52.881: Application time: 0.0370840 seconds
52.881: [GC52.881: [ParNew: 6906K->227K(7424K), 0.0002240 secs] 17471K->10856K(23808K), 0.0002420 secs] [Times: user=0.00 sys=0.00, real=0.00 secs] 
52.882: Total time for which application threads were stopped: 0.0003230 seconds, Stopping threads took: 0.0000420 seconds
52.918: Application time: 0.0367980 seconds
52.919: [GC52.919: [ParNew: 6883K->171K(7424K), 0.0002190 secs] 17512K->10888K(23808K), 0.0002350 secs] [Times: user=0.00 sys=0.00, real=0.00 secs] 
52.919: Total time for which application threads were stopped: 0.0003200 seconds, Stopping threads took: 0.0000490 seconds
52.956: Application time: 0.0370180 seconds
52.956: [GC52.956: [ParNew: 6827K->175K(7424K), 0.0002300 secs] 17544K->10892K(23808K), 0.0002490 secs] [Times: user=0.00 sys=0.00, real=0.00 secs] 
52.956: Total time for which application threads were stopped: 0.0003290 seconds, Stopping threads took: 0.0000400 seconds
52.992: Application time: 0.0357870 seconds
52.992: [GC52.992: [ParNew: 6831K->218K(7424K), 0.0002400 secs] 17548K->10935K(23808K), 0.0002590 secs] [Times: user=0.00 sys=0.00, real=0.00 secs] 
52.992: Total time for which application threads were stopped: 0.0003370 seconds, Stopping threads took: 0.0000370 seconds
53.028: Application time: 0.0360040 seconds
53.028: [GC53.028: [ParNew: 6874K->279K(7424K), 0.0002550 secs] 17591K->10996K(23808K), 0.0002710 secs] [Times: user=0.00 sys=0.00, real=0.00 secs] 
53.029: Total time for which application threads were stopped: 0.0003450 seconds, Stopping threads took: 0.0000340 seconds
53.065: Application time: 0.0363940 seconds
53.065: [GC53.065: [ParNew: 6935K->309K(7424K), 0.0002590 secs] 17652K->11026K(23808K), 0.0002770 secs] [Times: user=0.01 sys=0.00, real=0.00 secs] 
53.065: Total time for which application threads were stopped: 0.0003540 seconds, Stopping threads took: 0.0000370 seconds
53.102: Application time: 0.0370780 seconds
53.103: [GC53.103: [ParNew: 6965K->311K(7424K), 0.0002570 secs] 17682K->11027K(23808K), 0.0002740 secs] [Times: user=0.00 sys=0.00, real=0.00 secs] 
53.103: Total time for which application threads were stopped: 0.0003570 seconds, Stopping threads took: 0.0000470 seconds
53.139: Application time: 0.0359050 seconds
53.139: [GC53.139: [ParNew: 6967K->372K(7424K), 0.0002770 secs] 17683K->11089K(23808K), 0.0002940 secs] [Times: user=0.01 sys=0.00, real=0.00 secs] 
53.139: Total time for which application threads were stopped: 0.0003790 seconds, Stopping threads took: 0.0000450 seconds
53.176: Application time: 0.0372770 seconds
53.178: [GC53.178: [ParNew: 7028K->394K(7424K), 0.0003390 secs] 17745K->11111K(23808K), 0.0003600 secs] [Times: user=0.01 sys=0.00, real=0.00 secs] 
53.178: Total time for which application threads were stopped: 0.0020750 seconds, Stopping threads took: 0.0016710 seconds
53.215: Application time: 0.0368870 seconds
53.215: [GC53.215: [ParNew: 7050K->400K(7424K), 0.0002790 secs] 17767K->11117K(23808K), 0.0002970 secs] [Times: user=0.00 sys=0.00, real=0.00 secs] 
53.216: Total time for which application threads were stopped: 0.0004010 seconds, Stopping threads took: 0.0000610 seconds
53.253: Application time: 0.0372270 seconds
53.253: [GC53.253: [ParNew: 7056K->397K(7424K), 0.0002650 secs] 17773K->11114K(23808K), 0.0002810 secs] [Times: user=0.00 sys=0.00, real=0.00 secs] 
53.253: Total time for which application threads were stopped: 0.0003590 seconds, Stopping threads took: 0.0000380 seconds
53.290: Application time: 0.0367230 seconds
53.290: [GC53.290: [ParNew: 7053K->312K(7424K), 0.0002910 secs] 17770K->11165K(23808K), 0.0003090 secs] [Times: user=0.00 sys=0.00, real=0.00 secs] 
53.290: Total time for which application threads were stopped: 0.0004030 seconds, Stopping threads took: 0.0000420 seconds
53.328: Application time: 0.0374980 seconds
53.328: [GC53.328: [ParNew: 6968K->306K(7424K), 0.0003690 secs] 17821K->11159K(23808K), 0.0003900 secs] [Times: user=0.00 sys=0.00, real=0.00 secs] 
53.328: Total time for which application threads were stopped: 0.0004910 seconds, Stopping threads took: 0.0000470 seconds
53.365: Application time: 0.0369200 seconds
53.365: [GC53.365: [ParNew: 6962K->305K(7424K), 0.0002820 secs] 17815K->11158K(23808K), 0.0003030 secs] [Times: user=0.00 sys=0.00, real=0.00 secs] 
53.366: Total time for which application threads were stopped: 0.0003870 seconds, Stopping threads took: 0.0000430 seconds
53.402: Application time: 0.0365470 seconds
53.402: [GC53.402: [ParNew: 6961K->341K(7424K), 0.0003010 secs] 17814K->11194K(23808K), 0.0003190 secs] [Times: user=0.00 sys=0.00, real=0.00 secs] 
53.403: Total time for which application threads were stopped: 0.0003980 seconds, Stopping threads took: 0.0000380 seconds
53.439: Application time: 0.0366240 seconds
53.439: [GC53.439: [ParNew: 6997K->343K(7424K), 0.0002570 secs] 17850K->11196K(23808K), 0.0002740 secs] [Times: user=0.01 sys=0.00, real=0.00 secs] 
53.440: Total time for which application threads were stopped: 0.0003540 seconds, Stopping threads took: 0.0000390 seconds
53.477: Application time: 0.0371730 seconds
53.477: [GC53.477: [ParNew: 6999K->341K(7424K), 0.0002530 secs] 17852K->11194K(23808K), 0.0002690 secs] [Times: user=0.01 sys=0.00, real=0.00 secs] 
53.477: Total time for which application threads were stopped: 0.0003450 seconds, Stopping threads took: 0.0000380 seconds
53.514: Application time: 0.0371070 seconds
53.514: [GC53.514: [ParNew: 6997K->341K(7424K), 0.0002800 secs] 17850K->11194K(23808K), 0.0002980 secs] [Times: user=0.00 sys=0.00, real=0.00 secs] 
53.515: Total time for which application threads were stopped: 0.0003850 seconds, Stopping threads took: 0.0000460 seconds
53.551: Application time: 0.0366490 seconds
53.551: [GC53.551: [ParNew: 6997K->329K(7424K), 0.0002510 secs] 17850K->11182K(23808K), 0.0002680 secs] [Times: user=0.00 sys=0.00, real=0.00 secs] 
53.552: Total time for which application threads were stopped: 0.0003510 seconds, Stopping threads took: 0.0000440 seconds
53.589: Application time: 0.0368590 seconds
53.589: [GC53.589: [ParNew: 6985K->280K(7424K), 0.0002700 secs] 17838K->11213K(23808K), 0.0002890 secs] [Times: user=0.01 sys=0.00, real=0.00 secs] 
53.589: Total time for which application threads were stopped: 0.0003730 seconds, Stopping threads took: 0.0000440 seconds
53.626: Application time: 0.0372930 seconds
53.626: [GC53.626: [ParNew: 6936K->255K(7424K), 0.0002500 secs] 17869K->11260K(23808K), 0.0002650 secs] [Times: user=0.01 sys=0.00, real=0.00 secs] 
53.627: Total time for which application threads were stopped: 0.0003410 seconds, Stopping threads took: 0.0000380 seconds
53.663: Application time: 0.0366820 seconds
53.663: [GC53.663: [ParNew: 6911K->262K(7424K), 0.0002260 secs] 17916K->11267K(23808K), 0.0002420 secs] [Times: user=0.00 sys=0.00, real=0.00 secs] 
53.664: Total time for which application threads were stopped: 0.0003250 seconds, Stopping threads took: 0.0000440 seconds
53.700: Application time: 0.0367200 seconds
53.700: [GC53.700: [ParNew: 6918K->192K(7424K), 0.0002570 secs] 17923K->11293K(23808K), 0.0002730 secs] [Times: user=0.00 sys=0.00, real=0.00 secs] 
53.701: Total time for which application threads were stopped: 0.0003500 seconds, Stopping threads took: 0.0000400 seconds
53.738: Application time: 0.0374240 seconds
53.738: [GC53.738: [ParNew: 6848K->165K(7424K), 0.0002460 secs] 17949K->11338K(23808K), 0.0002640 secs] [Times: user=0.00 sys=0.00, real=0.00 secs] 
53.738: Total time for which application threads were stopped: 0.0003350 seconds, Stopping threads took: 0.0000340 seconds
53.774: Application time: 0.0360300 seconds
53.775: [GC53.775: [ParNew: 6821K->219K(7424K), 0.0002340 secs] 17994K->11392K(23808K), 0.0002540 secs] [Times: user=0.00 sys=0.00, real=0.00 secs] 
53.775: Total time for which application threads were stopped: 0.0003310 seconds, Stopping threads took: 0.0000370 seconds
53.811: Application time: 0.0362610 seconds
53.811: [GC53.811: [ParNew: 6875K->256K(7424K), 0.0002310 secs] 18048K->11429K(23808K), 0.0002490 secs] [Times: user=0.00 sys=0.00, real=0.00 secs] 
53.811: Total time for which application threads were stopped: 0.0003500 seconds, Stopping threads took: 0.0000420 seconds
53.847: Application time: 0.0357220 seconds
53.847: [GC53.847: [ParNew: 6912K->315K(7424K), 0.0002600 secs] 18085K->11488K(23808K), 0.0002750 secs] [Times: user=0.00 sys=0.00, real=0.00 secs] 
53.847: Total time for which application threads were stopped: 0.0003560 seconds, Stopping threads took: 0.0000430 seconds
53.884: Application time: 0.0369780 seconds
53.885: [GC53.885: [ParNew: 6971K->319K(7424K), 0.0002380 secs] 18144K->11492K(23808K), 0.0002560 secs] [Times: user=0.00 sys=0.00, real=0.00 secs] 
53.885: Total time for which application threads were stopped: 0.0003400 seconds, Stopping threads took: 0.0000440 seconds
53.921: Application time: 0.0359730 seconds
53.921: [GC53.921: [ParNew: 6975K->356K(7424K), 0.0002960 secs] 18148K->11529K(23808K), 0.0003130 secs] [Times: user=0.00 sys=0.00, real=0.00 secs] 
53.921: Total time for which application threads were stopped: 0.0003860 seconds, Stopping threads took: 0.0000330 seconds
53.958: Application time: 0.0365170 seconds
53.958: [GC53.958: [ParNew: 7012K->389K(7424K), 0.0003410 secs] 18185K->11562K(23808K), 0.0003580 secs] [Times: user=0.00 sys=0.00, real=0.00 secs] 
53.958: Total time for which application threads were stopped: 0.0004270 seconds, Stopping threads took: 0.0000320 seconds
53.995: Application time: 0.0369280 seconds
53.995: [GC53.995: [ParNew: 7045K->394K(7424K), 0.0003130 secs] 18218K->11568K(23808K), 0.0003300 secs] [Times: user=0.00 sys=0.00, real=0.00 secs] 
53.995: Total time for which application threads were stopped: 0.0004120 seconds, Stopping threads took: 0.0000430 seconds
54.033: Application time: 0.0370800 seconds
54.033: [GC54.033: [ParNew: 7050K->399K(7424K), 0.0003350 secs] 18224K->11572K(23808K), 0.0003530 secs] [Times: user=0.00 sys=0.00, real=0.00 secs] 
54.033: Total time for which application threads were stopped: 0.0004360 seconds, Stopping threads took: 0.0000440 seconds
54.070: Application time: 0.0369050 seconds
54.070: [GC54.070: [ParNew: 7055K->393K(7424K), 0.0002910 secs] 18228K->11566K(23808K), 0.0003090 secs] [Times: user=0.00 sys=0.00, real=0.00 secs] 
54.070: Total time for which application threads were stopped: 0.0003880 seconds, Stopping threads took: 0.0000410 seconds
54.107: Application time: 0.0366440 seconds
54.107: [GC54.107: [ParNew: 7049K->397K(7424K), 0.0003570 secs] 18222K->11570K(23808K), 0.0003730 secs] [Times: user=0.01 sys=0.00, real=0.00 secs] 
54.107: Total time for which application threads were stopped: 0.0004570 seconds, Stopping threads took: 0.0000460 seconds
54.144: Application time: 0.0370230 seconds
54.144: [GC54.144: [ParNew: 7053K->315K(7424K), 0.0002880 secs] 18226K->11624K(23808K), 0.0003060 secs] [Times: user=0.00 sys=0.00, real=0.00 secs] 
54.145: Total time for which application threads were stopped: 0.0003900 seconds, Stopping threads took: 0.0000460 seconds
54.182: Application time: 0.0370080 seconds
54.182: [GC54.182: [ParNew: 6971K->334K(7424K), 0.0002820 secs] 18280K->11643K(23808K), 0.0003000 secs] [Times: user=0.00 sys=0.00, real=0.01 secs] 
54.182: Total time for which application threads were stopped: 0.0003850 seconds, Stopping threads took: 0.0000450 seconds
54.219: Application time: 0.0364890 seconds
54.219: [GC54.219: [ParNew: 6990K->331K(7424K), 0.0002740 secs] 18299K->11640K(23808K), 0.0002910 secs] [Times: user=0.00 sys=0.00, real=0.00 secs] 
54.219: Total time for which application threads were stopped: 0.0003680 seconds, Stopping threads took: 0.0000390 seconds
54.256: Application time: 0.0365830 seconds
54.258: [GC54.258: [ParNew: 6987K->339K(7424K), 0.0002500 secs] 18296K->11648K(23808K), 0.0002680 secs] [Times: user=0.00 sys=0.00, real=0.00 secs] 
54.258: Total time for which application threads were stopped: 0.0027580 seconds, Stopping threads took: 0.0024520 seconds
54.295: Application time: 0.0368820 seconds
54.295: [GC54.295: [ParNew: 6995K->345K(7424K), 0.0002840 secs] 18304K->11654K(23808K), 0.0003010 secs] [Times: user=0.01 sys=0.00, real=0.00 secs] 
54.296: Total time for which application threads were stopped: 0.0003860 seconds, Stopping threads took: 0.0000360 seconds
54.333: Application time: 0.0371860 seconds
54.333: [GC54.333: [ParNew: 7001K->341K(7424K), 0.0003360 secs] 18310K->11650K(23808K), 0.0003590 secs] [Times: user=0.00 sys=0.00, real=0.00 secs] 
54.333: Total time for which application threads were stopped: 0.0004670 seconds, Stopping threads took: 0.0000470 seconds
54.370: Application time: 0.0365980 seconds
54.370: [GC54.370: [ParNew: 6997K->305K(7424K), 0.0002670 secs] 18306K->11678K(23808K), 0.0002850 secs] [Times: user=0.00 sys=0.00, real=0.00 secs] 
54.370: Total time for which application threads were stopped: 0.0003700 seconds, Stopping threads took: 0.0000420 seconds
54.407: Application time: 0.0371230 seconds
54.410: [GC54.410: [ParNew: 6961K->255K(7424K), 0.0002750 secs] 18334K->11732K(23808K), 0.0002940 secs] [Times: user=0.00 sys=0.00, real=0.00 secs] 
54.410: Total time for which application threads were stopped: 0.0029970 seconds, Stopping threads took: 0.0026650 seconds
54.448: Application time: 0.0371940 seconds
54.450: [GC54.450: [ParNew: 6911K->250K(7424K), 0.0003240 secs] 18388K->11727K(23808K), 0.0003440 secs] [Times: user=0.01 sys=0.00, real=0.00 secs] 
54.450: Total time for which application threads were stopped: 0.0028860 seconds, Stopping threads took: 0.0025000 seconds
54.487: Application time: 0.0366600 seconds
54.490: [GC54.490: [ParNew: 6906K->194K(7424K), 0.0002490 secs] 18383K->11768K(23808K), 0.0002690 secs] [Times: user=0.00 sys=0.00, real=0.00 secs] 
54.490: Total time for which application threads were stopped: 0.0032500 seconds, Stopping threads took: 0.0029370 seconds
54.527: Application time: 0.0370870 seconds
54.528: [GC54.528: [ParNew: 6850K->163K(7424K), 0.0002480 secs] 18424K->11800K(23808K), 0.0002660 secs] [Times: user=0.00 sys=0.00, real=0.00 secs] 
54.528: Total time for which application threads were stopped: 0.0003510 seconds, Stopping threads took: 0.0000470 seconds
54.564: Application time: 0.0357710 seconds
54.564: [GC54.564: [ParNew: 6819K->219K(7424K), 0.0002260 secs] 18456K->11856K(23808K), 0.0002430 secs] [Times: user=0.00 sys=0.00, real=0.00 secs] 
54.564: Total time for which application threads were stopped: 0.0003300 seconds, Stopping threads took: 0.0000460 seconds
54.601: Application time: 0.0372780 seconds
54.601: [GC54.601: [ParNew: 6875K->221K(7424K), 0.0002430 secs] 18512K->11859K(23808K), 0.0002620 secs] [Times: user=0.00 sys=0.00, real=0.00 secs] 
54.602: Total time for which application threads were stopped: 0.0003420 seconds, Stopping threads took: 0.0000390 seconds
54.637: Application time: 0.0354430 seconds
54.637: [GC54.637: [ParNew: 6877K->308K(7424K), 0.0002510 secs] 18515K->11945K(23808K), 0.0002710 secs] [Times: user=0.00 sys=0.00, real=0.00 secs] 
54.637: Total time for which application threads were stopped: 0.0003520 seconds, Stopping threads took: 0.0000390 seconds
54.675: Application time: 0.0380220 seconds
54.675: [GC54.675: [ParNew: 6964K->311K(7424K), 0.0003090 secs] 18601K->11948K(23808K), 0.0003280 secs] [Times: user=0.00 sys=0.00, real=0.00 secs] 
54.676: Total time for which application threads were stopped: 0.0004050 seconds, Stopping threads took: 0.0000340 seconds
54.712: Application time: 0.0364200 seconds
54.712: [GC54.712: [ParNew: 6967K->320K(7424K), 0.0003240 secs] 18604K->11957K(23808K), 0.0003410 secs] [Times: user=0.00 sys=0.00, real=0.00 secs] 
54.713: Total time for which application threads were stopped: 0.0004140 seconds, Stopping threads took: 0.0000340 seconds
54.748: Application time: 0.0356920 seconds
54.748: [GC54.748: [ParNew: 6976K->397K(7424K), 0.0003630 secs] 18613K->12034K(23808K), 0.0003810 secs] [Times: user=0.01 sys=0.00, real=0.00 secs] 
54.749: Total time for which application threads were stopped: 0.0004640 seconds, Stopping threads took: 0.0000440 seconds
54.786: Application time: 0.0372670 seconds
54.786: [GC54.786: [ParNew: 7053K->391K(7424K), 0.0003440 secs] 18690K->12029K(23808K), 0.0003630 secs] [Times: user=0.01 sys=0.00, real=0.00 secs] 
54.787: Total time for which application threads were stopped: 0.0004520 seconds, Stopping threads took: 0.0000410 seconds
54.823: Application time: 0.0369290 seconds
54.823: [GC54.824: [ParNew: 7047K->391K(7424K), 0.0002630 secs] 18685K->12029K(23808K), 0.0002790 secs] [Times: user=0.00 sys=0.00, real=0.00 secs] 
54.824: Total time for which application threads were stopped: 0.0003560 seconds, Stopping threads took: 0.0000390 seconds
54.861: Application time: 0.0368030 seconds
54.861: [GC54.861: [ParNew: 7047K->388K(7424K), 0.0002660 secs] 18685K->12026K(23808K), 0.0002830 secs] [Times: user=0.00 sys=0.00, real=0.00 secs] 
54.861: Total time for which application threads were stopped: 0.0003760 seconds, Stopping threads took: 0.0000440 seconds
54.898: Application time: 0.0372740 seconds
54.898: [GC54.898: [ParNew: 7044K->388K(7424K), 0.0003490 secs] 18682K->12026K(23808K), 0.0003660 secs] [Times: user=0.00 sys=0.00, real=0.00 secs] 
54.899: Total time for which application threads were stopped: 0.0004560 seconds, Stopping threads took: 0.0000500 seconds
54.936: Application time: 0.0369350 seconds
54.936: [GC54.936: [ParNew: 7044K->390K(7424K), 0.0003470 secs] 18682K->12027K(23808K), 0.0003650 secs] [Times: user=0.00 sys=0.00, real=0.00 secs] 
54.936: Total time for which application threads were stopped: 0.0004400 seconds, Stopping threads took: 0.0000370 seconds
54.973: Application time: 0.0367680 seconds
54.973: [GC54.973: [ParNew: 7046K->397K(7424K), 0.0002850 secs] 18683K->12034K(23808K), 0.0003030 secs] [Times: user=0.00 sys=0.00, real=0.00 secs] 
54.973: Total time for which application threads were stopped: 0.0003830 seconds, Stopping threads took: 0.0000400 seconds
55.010: Application time: 0.0368110 seconds
55.010: [GC55.010: [ParNew: 7053K->382K(7424K), 0.0002680 secs] 18690K->12020K(23808K), 0.0002850 secs] [Times: user=0.00 sys=0.00, real=0.00 secs] 
55.010: Total time for which application threads were stopped: 0.0003660 seconds, Stopping threads took: 0.0000390 seconds
55.047: Application time: 0.0368460 seconds
55.047: [GC55.047: [ParNew: 7038K->398K(7424K), 0.0002860 secs] 18676K->12036K(23808K), 0.0003040 secs] [Times: user=0.00 sys=0.00, real=0.00 secs] 
55.048: Total time for which application threads were stopped: 0.0003870 seconds, Stopping threads took: 0.0000440 seconds
55.085: Application time: 0.0370750 seconds
55.085: [GC55.085: [ParNew: 7054K->396K(7424K), 0.0002880 secs] 18692K->12033K(23808K), 0.0003050 secs] [Times: user=0.01 sys=0.00, real=0.00 secs] 
55.085: Total time for which application threads were stopped: 0.0003860 seconds, Stopping threads took: 0.0000420 seconds
55.122: Application time: 0.0366210 seconds
55.122: [GC55.122: [ParNew: 7052K->342K(7424K), 0.0002790 secs] 18689K->12075K(23808K), 0.0002980 secs] [Times: user=0.00 sys=0.00, real=0.01 secs] 
55.122: Total time for which application threads were stopped: 0.0003820 seconds, Stopping threads took: 0.0000440 seconds
55.159: Application time: 0.0368970 seconds
55.159: [GC55.159: [ParNew: 6998K->339K(7424K), 0.0002570 secs] 18731K->12073K(23808K), 0.0002730 secs] [Times: user=0.00 sys=0.00, real=0.00 secs] 
55.159: Total time for which application threads were stopped: 0.0003510 seconds, Stopping threads took: 0.0000380 seconds
55.196: Application time: 0.0368840 seconds
55.196: [GC55.196: [ParNew: 6995K->253K(7424K), 0.0002560 secs] 18729K->12126K(23808K), 0.0002740 secs] [Times: user=0.00 sys=0.00, real=0.00 secs] 
55.197: Total time for which application threads were stopped: 0.0003690 seconds, Stopping threads took: 0.0000530 seconds
55.234: Application time: 0.0369160 seconds
55.234: [GC55.234: [ParNew: 6909K->253K(7424K), 0.0002410 secs] 18782K->12127K(23808K), 0.0002570 secs] [Times: user=0.00 sys=0.00, real=0.00 secs] 
55.234: Total time for which application threads were stopped: 0.0003440 seconds, Stopping threads took: 0.0000490 seconds
55.271: Application time: 0.0370710 seconds
55.271: [GC55.271: [ParNew: 6909K->233K(7424K), 0.0002290 secs] 18783K->12178K(23808K), 0.0002450 secs] [Times: user=0.00 sys=0.00, real=0.00 secs] 
55.271: Total time for which application threads were stopped: 0.0003310 seconds, Stopping threads took: 0.0000400 seconds
55.308: Application time: 0.0369340 seconds
55.308: [GC55.308: [ParNew: 6889K->165K(7424K), 0.0002430 secs] 18834K->12206K(23808K), 0.0002590 secs] [Times: user=0.00 sys=0.00, real=0.00 secs] 
55.309: Total time for which application threads were stopped: 0.0003350 seconds, Stopping threads took: 0.0000380 seconds
55.346: Application time: 0.0369920 seconds
55.346: [GC55.346: [ParNew: 6821K->148K(7424K), 0.0002730 secs] 18862K->12190K(23808K), 0.0002950 secs] [Times: user=0.00 sys=0.00, real=0.00 secs] 
55.346: Total time for which application threads were stopped: 0.0003890 seconds, Stopping threads took: 0.0000450 seconds
55.382: Application time: 0.0359690 seconds
55.382: [GC55.382: [ParNew: 6804K->217K(7424K), 0.0002470 secs] 18846K->12259K(23808K), 0.0002670 secs] [Times: user=0.00 sys=0.00, real=0.01 secs] 
55.382: Total time for which application threads were stopped: 0.0003640 seconds, Stopping threads took: 0.0000470 seconds
55.417: Application time: 0.0350780 seconds
55.417: [GC55.417: [ParNew: 6873K->309K(7424K), 0.0002700 secs] 18915K->12351K(23808K), 0.0002900 secs] [Times: user=0.01 sys=0.00, real=0.00 secs] 
55.418: Total time for which application threads were stopped: 0.0003820 seconds, Stopping threads took: 0.0000500 seconds
55.454: Application time: 0.0366790 seconds
55.454: [GC55.455: [ParNew: 6965K->309K(7424K), 0.0002420 secs] 19007K->12351K(23808K), 0.0002600 secs] [Times: user=0.00 sys=0.00, real=0.00 secs] 
55.455: Total time for which application threads were stopped: 0.0003390 seconds, Stopping threads took: 0.0000410 seconds
55.491: Application time: 0.0365300 seconds
55.491: [GC55.491: [ParNew: 6965K->344K(7424K), 0.0003010 secs] 19007K->12386K(23808K), 0.0003200 secs] [Times: user=0.00 sys=0.00, real=0.00 secs] 
55.492: Total time for which application threads were stopped: 0.0004020 seconds, Stopping threads took: 0.0000400 seconds
55.528: Application time: 0.0361940 seconds
55.528: [GC55.528: [ParNew: 7000K->396K(7424K), 0.0002950 secs] 19042K->12438K(23808K), 0.0003140 secs] [Times: user=0.01 sys=0.00, real=0.00 secs] 
55.528: Total time for which application threads were stopped: 0.0003910 seconds, Stopping threads took: 0.0000340 seconds
55.565: Application time: 0.0365880 seconds
55.565: [GC55.565: [ParNew: 7052K->391K(7424K), 0.0002660 secs] 19094K->12433K(23808K), 0.0002850 secs] [Times: user=0.00 sys=0.00, real=0.00 secs] 
55.565: Total time for which application threads were stopped: 0.0003640 seconds, Stopping threads took: 0.0000390 seconds
55.602: Application time: 0.0370550 seconds
55.602: [GC55.602: [ParNew: 7047K->398K(7424K), 0.0002980 secs] 19089K->12440K(23808K), 0.0003150 secs] [Times: user=0.00 sys=0.00, real=0.00 secs] 
55.603: Total time for which application threads were stopped: 0.0003930 seconds, Stopping threads took: 0.0000400 seconds
55.640: Application time: 0.0371600 seconds
55.640: [GC55.640: [ParNew: 7054K->394K(7424K), 0.0002840 secs] 19096K->12435K(23808K), 0.0003010 secs] [Times: user=0.00 sys=0.00, real=0.00 secs] 
55.640: Total time for which application threads were stopped: 0.0003760 seconds, Stopping threads took: 0.0000350 seconds
55.677: Application time: 0.0366670 seconds
55.677: [GC55.677: [ParNew: 7050K->387K(7424K), 0.0003520 secs] 19091K->12429K(23808K), 0.0003670 secs] [Times: user=0.01 sys=0.00, real=0.00 secs] 
55.677: Total time for which application threads were stopped: 0.0004450 seconds, Stopping threads took: 0.0000410 seconds
55.714: Application time: 0.0366500 seconds
55.714: [GC55.714: [ParNew: 7043K->389K(7424K), 0.0003530 secs] 19085K->12431K(23808K), 0.0003690 secs] [Times: user=0.00 sys=0.00, real=0.00 secs] 
55.714: Total time for which application threads were stopped: 0.0004490 seconds, Stopping threads took: 0.0000420 seconds
55.751: Application time: 0.0369800 seconds
55.751: [GC55.752: [ParNew: 7045K->398K(7424K), 0.0003410 secs] 19087K->12439K(23808K), 0.0003570 secs] [Times: user=0.00 sys=0.00, real=0.00 secs] 
55.752: Total time for which application threads were stopped: 0.0004450 seconds, Stopping threads took: 0.0000410 seconds
55.789: Application time: 0.0370570 seconds
55.789: [GC55.789: [ParNew: 7054K->344K(7424K), 0.0003540 secs] 19095K->12490K(23808K), 0.0003700 secs] [Times: user=0.00 sys=0.00, real=0.00 secs] 
55.789: Total time for which application threads were stopped: 0.0004510 seconds, Stopping threads took: 0.0000410 seconds
55.826: Application time: 0.0366880 seconds
55.826: [GC55.826: [ParNew: 7000K->342K(7424K), 0.0002820 secs] 19146K->12487K(23808K), 0.0002980 secs] [Times: user=0.01 sys=0.00, real=0.00 secs] 
55.826: Total time for which application threads were stopped: 0.0003750 seconds, Stopping threads took: 0.0000390 seconds
55.863: Application time: 0.0366990 seconds
55.863: [GC55.863: [ParNew: 6998K->340K(7424K), 0.0002740 secs] 19143K->12486K(23808K), 0.0002920 secs] [Times: user=0.00 sys=0.00, real=0.00 secs] 
55.864: Total time for which application threads were stopped: 0.0003730 seconds, Stopping threads took: 0.0000410 seconds
55.901: Application time: 0.0369880 seconds
55.901: [GC55.901: [ParNew: 6996K->343K(7424K), 0.0002570 secs] 19142K->12489K(23808K), 0.0002730 secs] [Times: user=0.00 sys=0.00, real=0.00 secs] 
55.901: Total time for which application threads were stopped: 0.0003600 seconds, Stopping threads took: 0.0000360 seconds
55.937: Application time: 0.0365970 seconds
55.938: [GC55.938: [ParNew: 6999K->336K(7424K), 0.0003350 secs] 19145K->12482K(23808K), 0.0003530 secs] [Times: user=0.00 sys=0.00, real=0.00 secs] 
55.938: Total time for which application threads were stopped: 0.0004400 seconds, Stopping threads took: 0.0000500 seconds
55.975: Application time: 0.0367860 seconds
55.975: [GC55.975: [ParNew: 6992K->253K(7424K), 0.0003520 secs] 19138K->12523K(23808K), 0.0003700 secs] [Times: user=0.00 sys=0.00, real=0.00 secs] 
55.975: Total time for which application threads were stopped: 0.0004450 seconds, Stopping threads took: 0.0000370 seconds
56.012: Application time: 0.0366460 seconds
56.012: [GC56.012: [ParNew: 6909K->249K(7424K), 0.0003330 secs] 19179K->12519K(23808K), 0.0003510 secs] [Times: user=0.00 sys=0.00, real=0.00 secs] 
56.012: Total time for which application threads were stopped: 0.0004320 seconds, Stopping threads took: 0.0000420 seconds
56.049: Application time: 0.0372250 seconds
56.050: [GC56.050: [ParNew: 6905K->226K(7424K), 0.0003080 secs] 19175K->12560K(23808K), 0.0003250 secs] [Times: user=0.00 sys=0.00, real=0.00 secs] 
56.050: Total time for which application threads were stopped: 0.0004070 seconds, Stopping threads took: 0.0000410 seconds
56.087: Application time: 0.0368220 seconds
56.087: [GC56.087: [ParNew: 6882K->172K(7424K), 0.0002170 secs] 19216K->12614K(23808K), 0.0002340 secs] [Times: user=0.00 sys=0.00, real=0.00 secs] 
56.087: Total time for which application threads were stopped: 0.0003130 seconds, Stopping threads took: 0.0000400 seconds
56.124: Application time: 0.0367840 seconds
56.124: [GC56.124: [ParNew: 6828K->154K(7424K), 0.0002390 secs] 19270K->12596K(23808K), 0.0002570 secs] [Times: user=0.00 sys=0.00, real=0.00 secs] 
56.124: Total time for which application threads were stopped: 0.0003380 seconds, Stopping threads took: 0.0000450 seconds
56.160: Application time: 0.0360120 seconds
56.160: [GC56.160: [ParNew: 6810K->219K(7424K), 0.0002270 secs] 19252K->12661K(23808K), 0.0002440 secs] [Times: user=0.00 sys=0.00, real=0.00 secs] 
56.160: Total time for which application threads were stopped: 0.0003170 seconds, Stopping threads took: 0.0000350 seconds
56.197: Application time: 0.0362650 seconds
56.197: [GC56.197: [ParNew: 6875K->314K(7424K), 0.0002990 secs] 19317K->12755K(23808K), 0.0003190 secs] [Times: user=0.00 sys=0.00, real=0.00 secs] 
56.197: Total time for which application threads were stopped: 0.0004010 seconds, Stopping threads took: 0.0000380 seconds
56.234: Application time: 0.0370960 seconds
56.234: [GC56.234: [ParNew: 6970K->310K(7424K), 0.0002550 secs] 19411K->12751K(23808K), 0.0002730 secs] [Times: user=0.00 sys=0.00, real=0.00 secs] 
56.235: Total time for which application threads were stopped: 0.0003650 seconds, Stopping threads took: 0.0000440 seconds
56.271: Application time: 0.0367440 seconds
56.271: [GC56.271: [ParNew: 6966K->306K(7424K), 0.0003460 secs] 19407K->12748K(23808K), 0.0003650 secs] [Times: user=0.00 sys=0.00, real=0.00 secs] 
56.272: Total time for which application threads were stopped: 0.0004510 seconds, Stopping threads took: 0.0000420 seconds
56.308: Application time: 0.0361820 seconds
56.308: [GC56.308: [ParNew: 6962K->370K(7424K), 0.0003380 secs] 19404K->12812K(23808K), 0.0003550 secs] [Times: user=0.01 sys=0.00, real=0.00 secs] 
56.308: Total time for which application threads were stopped: 0.0004330 seconds, Stopping threads took: 0.0000380 seconds
56.345: Application time: 0.0367390 seconds
56.345: [GC56.345: [ParNew: 7026K->392K(7424K), 0.0003470 secs] 19468K->12834K(23808K), 0.0003700 secs] [Times: user=0.00 sys=0.00, real=0.00 secs] 
56.346: Total time for which application threads were stopped: 0.0004730 seconds, Stopping threads took: 0.0000500 seconds
56.383: Application time: 0.0369120 seconds
56.383: [GC56.383: [ParNew: 7048K->394K(7424K), 0.0002970 secs] 19490K->12836K(23808K), 0.0003160 secs] [Times: user=0.00 sys=0.00, real=0.00 secs] 
56.383: Total time for which application threads were stopped: 0.0004010 seconds, Stopping threads took: 0.0000400 seconds
56.420: Application time: 0.0368310 seconds
56.420: [GC56.420: [ParNew: 7050K->400K(7424K), 0.0002930 secs] 19492K->12842K(23808K), 0.0003100 secs] [Times: user=0.00 sys=0.00, real=0.00 secs] 
56.420: Total time for which application threads were stopped: 0.0004040 seconds, Stopping threads took: 0.0000440 seconds
56.457: Application time: 0.0368310 seconds
56.457: [GC56.457: [ParNew: 7056K->401K(7424K), 0.0002610 secs] 19498K->12843K(23808K), 0.0002770 secs] [Times: user=0.01 sys=0.00, real=0.00 secs] 
56.457: Total time for which application threads were stopped: 0.0003570 seconds, Stopping threads took: 0.0000410 seconds
56.495: Application time: 0.0371700 seconds
56.495: [GC56.495: [ParNew: 7057K->395K(7424K), 0.0003730 secs] 19499K->12837K(23808K), 0.0003910 secs] [Times: user=0.01 sys=0.00, real=0.00 secs] 
56.495: Total time for which application threads were stopped: 0.0004670 seconds, Stopping threads took: 0.0000390 seconds
56.532: Application time: 0.0369320 seconds
56.532: [GC56.532: [ParNew: 7051K->391K(7424K), 0.0002900 secs] 19493K->12833K(23808K), 0.0003060 secs] [Times: user=0.00 sys=0.00, real=0.00 secs] 
56.532: Total time for which application threads were stopped: 0.0003830 seconds, Stopping threads took: 0.0000380 seconds
56.569: Application time: 0.0366430 seconds
56.570: [GC56.570: [ParNew: 7047K->384K(7424K), 0.0003040 secs] 19489K->12826K(23808K), 0.0003210 secs] [Times: user=0.00 sys=0.00, real=0.00 secs] 
56.570: Total time for which application threads were stopped: 0.0014550 seconds, Stopping threads took: 0.0010950 seconds
56.607: Application time: 0.0366350 seconds
56.607: [GC56.607: [ParNew: 7040K->396K(7424K), 0.0003840 secs] 19482K->12838K(23808K), 0.0004030 secs] [Times: user=0.01 sys=0.00, real=0.00 secs] 
56.608: Total time for which application threads were stopped: 0.0004840 seconds, Stopping threads took: 0.0000420 seconds
56.645: Application time: 0.0372420 seconds
56.645: [GC56.645: [ParNew: 7052K->396K(7424K), 0.0002900 secs] 19494K->12838K(23808K), 0.0003070 secs] [Times: user=0.00 sys=0.00, real=0.00 secs] 
56.645: Total time for which application threads were stopped: 0.0003880 seconds, Stopping threads took: 0.0000410 seconds
56.682: Application time: 0.0368970 seconds
56.682: [GC56.682: [ParNew: 7052K->399K(7424K), 0.0002820 secs] 19494K->12841K(23808K), 0.0003000 secs] [Times: user=0.00 sys=0.00, real=0.00 secs] 
56.682: Total time for which application threads were stopped: 0.0003780 seconds, Stopping threads took: 0.0000390 seconds
56.719: Application time: 0.0367340 seconds
56.719: [GC56.719: [ParNew: 7055K->337K(7424K), 0.0003380 secs] 19497K->12883K(23808K), 0.0003650 secs] [Times: user=0.01 sys=0.00, real=0.00 secs] 
56.720: Total time for which application threads were stopped: 0.0004490 seconds, Stopping threads took: 0.0000390 seconds
56.757: Application time: 0.0371800 seconds
56.758: [GC56.758: [ParNew: 6993K->255K(7424K), 0.0003160 secs] 19539K->12929K(23808K), 0.0003340 secs] [Times: user=0.00 sys=0.00, real=0.00 secs] 
56.758: Total time for which application threads were stopped: 0.0016540 seconds, Stopping threads took: 0.0012830 seconds
56.796: Application time: 0.0370370 seconds
56.796: [GC56.796: [ParNew: 6911K->256K(7424K), 0.0002730 secs] 19585K->12930K(23808K), 0.0002910 secs] [Times: user=0.00 sys=0.00, real=0.00 secs] 
56.796: Total time for which application threads were stopped: 0.0003710 seconds, Stopping threads took: 0.0000410 seconds
56.833: Application time: 0.0366820 seconds
56.833: [GC56.833: [ParNew: 6912K->235K(7424K), 0.0002530 secs] 19586K->12957K(23808K), 0.0002710 secs] [Times: user=0.00 sys=0.00, real=0.00 secs] 
56.833: Total time for which application threads were stopped: 0.0003560 seconds, Stopping threads took: 0.0000450 seconds
56.870: Application time: 0.0370640 seconds
56.874: [GC56.874: [ParNew: 6891K->196K(7424K), 0.0002900 secs] 19613K->13006K(23808K), 0.0003090 secs] [Times: user=0.00 sys=0.00, real=0.00 secs] 
56.874: Total time for which application threads were stopped: 0.0044480 seconds, Stopping threads took: 0.0040990 seconds
56.911: Application time: 0.0368320 seconds
56.911: [GC56.911: [ParNew: 6852K->168K(7424K), 0.0002470 secs] 19662K->13026K(23808K), 0.0002640 secs] [Times: user=0.01 sys=0.00, real=0.00 secs] 
56.912: Total time for which application threads were stopped: 0.0003420 seconds, Stopping threads took: 0.0000390 seconds
56.947: Application time: 0.0357670 seconds
56.947: [GC56.947: [ParNew: 6824K->228K(7424K), 0.0002520 secs] 19682K->13087K(23808K), 0.0002690 secs] [Times: user=0.00 sys=0.00, real=0.00 secs] 
56.948: Total time for which application threads were stopped: 0.0003570 seconds, Stopping threads took: 0.0000390 seconds
56.984: Application time: 0.0363760 seconds
56.986: [GC56.986: [ParNew: 6884K->261K(7424K), 0.0003210 secs] 19743K->13120K(23808K), 0.0003390 secs] [Times: user=0.00 sys=0.00, real=0.00 secs] 
56.986: Total time for which application threads were stopped: 0.0023230 seconds, Stopping threads took: 0.0019440 seconds
57.022: Application time: 0.0359600 seconds
57.022: [GC57.022: [ParNew: 6917K->308K(7424K), 0.0002910 secs] 19776K->13166K(23808K), 0.0003070 secs] [Times: user=0.00 sys=0.00, real=0.00 secs] 
57.023: Total time for which application threads were stopped: 0.0003830 seconds, Stopping threads took: 0.0000350 seconds
57.060: Application time: 0.0368190 seconds
57.060: [GC57.060: [ParNew: 6964K->314K(7424K), 0.0002770 secs] 19822K->13172K(23808K), 0.0002950 secs] [Times: user=0.00 sys=0.00, real=0.00 secs] 
57.060: Total time for which application threads were stopped: 0.0003730 seconds, Stopping threads took: 0.0000380 seconds
57.096: Application time: 0.0358550 seconds
57.096: [GC57.096: [ParNew: 6970K->364K(7424K), 0.0002980 secs] 19828K->13223K(23808K), 0.0003150 secs] [Times: user=0.00 sys=0.00, real=0.00 secs] 
57.096: Total time for which application threads were stopped: 0.0003920 seconds, Stopping threads took: 0.0000370 seconds
57.132: Application time: 0.0360920 seconds
57.132: [GC57.132: [ParNew: 7020K->400K(7424K), 0.0003030 secs] 19879K->13258K(23808K), 0.0003200 secs] [Times: user=0.00 sys=0.00, real=0.00 secs] 
57.133: Total time for which application threads were stopped: 0.0004200 seconds, Stopping threads took: 0.0000600 seconds
57.170: Application time: 0.0371450 seconds
57.170: [GC57.170: [ParNew: 7056K->397K(7424K), 0.0002990 secs] 19914K->13255K(23808K), 0.0003160 secs] [Times: user=0.00 sys=0.00, real=0.00 secs] 
57.170: Total time for which application threads were stopped: 0.0003970 seconds, Stopping threads took: 0.0000430 seconds
57.208: Application time: 0.0379550 seconds
57.208: [GC57.208: [ParNew: 7053K->387K(7424K), 0.0002920 secs] 19911K->13245K(23808K), 0.0003140 secs] [Times: user=0.01 sys=0.00, real=0.00 secs] 
57.209: Total time for which application threads were stopped: 0.0003880 seconds, Stopping threads took: 0.0000380 seconds
57.245: Application time: 0.0367410 seconds
57.245: [GC57.245: [ParNew: 7043K->395K(7424K), 0.0002920 secs] 19901K->13253K(23808K), 0.0003090 secs] [Times: user=0.00 sys=0.00, real=0.00 secs] 
57.246: Total time for which application threads were stopped: 0.0003920 seconds, Stopping threads took: 0.0000450 seconds
57.283: Application time: 0.0369510 seconds
57.283: [GC57.283: [ParNew: 7051K->403K(7424K), 0.0002910 secs] 19909K->13277K(23808K), 0.0003080 secs] [Times: user=0.00 sys=0.00, real=0.00 secs] 
57.283: Total time for which application threads were stopped: 0.0003920 seconds, Stopping threads took: 0.0000460 seconds
57.320: Application time: 0.0371910 seconds
57.320: [GC57.320: [ParNew: 7059K->402K(7424K), 0.0003570 secs] 19933K->13276K(23808K), 0.0003790 secs] [Times: user=0.00 sys=0.00, real=0.00 secs] 
57.321: Total time for which application threads were stopped: 0.0004850 seconds, Stopping threads took: 0.0000540 seconds
57.357: Application time: 0.0366580 seconds
57.358: [GC57.358: [ParNew: 7058K->393K(7424K), 0.0003100 secs] 19932K->13268K(23808K), 0.0003260 secs] [Times: user=0.00 sys=0.00, real=0.00 secs] 
57.358: Total time for which application threads were stopped: 0.0004140 seconds, Stopping threads took: 0.0000460 seconds
57.395: Application time: 0.0368120 seconds
57.395: [GC57.395: [ParNew: 7049K->391K(7424K), 0.0003420 secs] 19924K->13265K(23808K), 0.0003570 secs] [Times: user=0.00 sys=0.00, real=0.00 secs] 
57.395: Total time for which application threads were stopped: 0.0004350 seconds, Stopping threads took: 0.0000410 seconds
57.432: Application time: 0.0366510 seconds
57.432: [GC57.432: [ParNew: 7047K->393K(7424K), 0.0002670 secs] 19921K->13267K(23808K), 0.0002840 secs] [Times: user=0.01 sys=0.00, real=0.00 secs] 
57.432: Total time for which application threads were stopped: 0.0003600 seconds, Stopping threads took: 0.0000380 seconds
57.469: Application time: 0.0372570 seconds
57.469: [GC57.469: [ParNew: 7049K->398K(7424K), 0.0003610 secs] 19923K->13272K(23808K), 0.0003780 secs] [Times: user=0.01 sys=0.00, real=0.00 secs] 
57.470: Total time for which application threads were stopped: 0.0004720 seconds, Stopping threads took: 0.0000460 seconds
57.507: Application time: 0.0366520 seconds
57.507: [GC57.507: [ParNew: 7054K->339K(7424K), 0.0003610 secs] 19928K->13318K(23808K), 0.0003790 secs] [Times: user=0.00 sys=0.00, real=0.00 secs] 
57.507: Total time for which application threads were stopped: 0.0004570 seconds, Stopping threads took: 0.0000400 seconds
57.544: Application time: 0.0370650 seconds
57.544: [GC57.544: [ParNew: 6995K->303K(7424K), 0.0003640 secs] 19974K->13338K(23808K), 0.0003820 secs] [Times: user=0.01 sys=0.00, real=0.00 secs] 
57.545: Total time for which application threads were stopped: 0.0004640 seconds, Stopping threads took: 0.0000430 seconds
57.581: Application time: 0.0366680 seconds
57.581: [GC57.581: [ParNew: 6959K->248K(7424K), 0.0002580 secs] 19994K->13386K(23808K), 0.0002760 secs] [Times: user=0.00 sys=0.00, real=0.00 secs] 
57.582: Total time for which application threads were stopped: 0.0003870 seconds, Stopping threads took: 0.0000710 seconds
57.619: Application time: 0.0375470 seconds
57.619: [GC57.619: [ParNew: 6904K->251K(7424K), 0.0003040 secs] 20042K->13389K(23808K), 0.0003220 secs] [Times: user=0.00 sys=0.00, real=0.00 secs] 
57.620: Total time for which application threads were stopped: 0.0004000 seconds, Stopping threads took: 0.0000410 seconds
57.656: Application time: 0.0366860 seconds
57.656: [GC57.656: [ParNew: 6907K->192K(7424K), 0.0002920 secs] 20045K->13426K(23808K), 0.0003110 secs] [Times: user=0.00 sys=0.00, real=0.00 secs] 
57.657: Total time for which application threads were stopped: 0.0003950 seconds, Stopping threads took: 0.0000450 seconds
57.695: Application time: 0.0380540 seconds
57.695: [GC57.695: [ParNew: 6848K->163K(7424K), 0.0003310 secs] 20082K->13445K(23808K), 0.0003580 secs] [Times: user=0.00 sys=0.00, real=0.00 secs] 
57.695: Total time for which application threads were stopped: 0.0004520 seconds, Stopping threads took: 0.0000490 seconds
57.731: Application time: 0.0361440 seconds
57.731: [GC57.731: [ParNew: 6819K->224K(7424K), 0.0002470 secs] 20101K->13506K(23808K), 0.0002630 secs] [Times: user=0.00 sys=0.00, real=0.00 secs] 
57.732: Total time for which application threads were stopped: 0.0003430 seconds, Stopping threads took: 0.0000390 seconds
57.768: Application time: 0.0364350 seconds
57.768: [GC57.768: [ParNew: 6880K->254K(7424K), 0.0002370 secs] 20162K->13536K(23808K), 0.0002550 secs] [Times: user=0.00 sys=0.00, real=0.00 secs] 
57.768: Total time for which application threads were stopped: 0.0003440 seconds, Stopping threads took: 0.0000490 seconds
57.804: Application time: 0.0359090 seconds
57.804: [GC57.804: [ParNew: 6910K->314K(7424K), 0.0002620 secs] 20192K->13596K(23808K), 0.0002800 secs] [Times: user=0.00 sys=0.00, real=0.00 secs] 
57.805: Total time for which application threads were stopped: 0.0003620 seconds, Stopping threads took: 0.0000410 seconds
57.842: Application time: 0.0370390 seconds
57.842: [GC57.842: [ParNew: 6970K->312K(7424K), 0.0002420 secs] 20252K->13594K(23808K), 0.0002590 secs] [Times: user=0.00 sys=0.00, real=0.00 secs] 
57.842: Total time for which application threads were stopped: 0.0003400 seconds, Stopping threads took: 0.0000370 seconds
57.879: Application time: 0.0366880 seconds
57.879: [GC57.879: [ParNew: 6968K->320K(7424K), 0.0003560 secs] 20250K->13602K(23808K), 0.0003750 secs] [Times: user=0.00 sys=0.00, real=0.00 secs] 
57.879: Total time for which application threads were stopped: 0.0004590 seconds, Stopping threads took: 0.0000430 seconds
57.915: Application time: 0.0355410 seconds
57.915: [GC57.915: [ParNew: 6976K->390K(7424K), 0.0004350 secs] 20258K->13673K(23808K), 0.0004520 secs] [Times: user=0.00 sys=0.00, real=0.00 secs] 
57.915: Total time for which application threads were stopped: 0.0005410 seconds, Stopping threads took: 0.0000510 seconds
57.952: Application time: 0.0369430 seconds
57.952: [GC57.952: [ParNew: 7046K->391K(7424K), 0.0004200 secs] 20329K->13674K(23808K), 0.0004380 secs] [Times: user=0.01 sys=0.00, real=0.00 secs] 
57.953: Total time for which application threads were stopped: 0.0005290 seconds, Stopping threads took: 0.0000510 seconds
57.990: Application time: 0.0370840 seconds
57.990: [GC57.990: [ParNew: 7047K->398K(7424K), 0.0002930 secs] 20330K->13680K(23808K), 0.0003110 secs] [Times: user=0.00 sys=0.00, real=0.00 secs] 
57.990: Total time for which application threads were stopped: 0.0004050 seconds, Stopping threads took: 0.0000440 seconds
58.027: Application time: 0.0366690 seconds
58.027: [GC58.027: [ParNew: 7054K->394K(7424K), 0.0003510 secs] 20336K->13676K(23808K), 0.0003670 secs] [Times: user=0.00 sys=0.00, real=0.00 secs] 
58.027: Total time for which application threads were stopped: 0.0004500 seconds, Stopping threads took: 0.0000430 seconds
58.064: Application time: 0.0368750 seconds
58.064: [GC58.064: [ParNew: 7050K->399K(7424K), 0.0002890 secs] 20332K->13681K(23808K), 0.0003060 secs] [Times: user=0.00 sys=0.00, real=0.00 secs] 
58.065: Total time for which application threads were stopped: 0.0003860 seconds, Stopping threads took: 0.0000410 seconds
58.102: Application time: 0.0371130 seconds
58.102: [GC58.102: [ParNew: 7055K->399K(7424K), 0.0002930 secs] 20337K->13681K(23808K), 0.0003100 secs] [Times: user=0.00 sys=0.00, real=0.01 secs] 
58.102: Total time for which application threads were stopped: 0.0003950 seconds, Stopping threads took: 0.0000450 seconds
58.139: Application time: 0.0366980 seconds
58.139: [GC58.139: [ParNew: 7055K->402K(7424K), 0.0003080 secs] 20337K->13685K(23808K), 0.0003250 secs] [Times: user=0.00 sys=0.00, real=0.00 secs] 
58.139: Total time for which application threads were stopped: 0.0004030 seconds, Stopping threads took: 0.0000380 seconds
58.176: Application time: 0.0367710 seconds
58.176: [GC58.176: [ParNew: 7058K->399K(7424K), 0.0003030 secs] 20341K->13681K(23808K), 0.0003220 secs] [Times: user=0.00 sys=0.00, real=0.00 secs] 
58.176: Total time for which application threads were stopped: 0.0004010 seconds, Stopping threads took: 0.0000370 seconds
58.213: Application time: 0.0368190 seconds
58.213: [GC58.213: [ParNew: 7055K->399K(7424K), 0.0002710 secs] 20337K->13681K(23808K), 0.0002870 secs] [Times: user=0.01 sys=0.00, real=0.00 secs] 
58.214: Total time for which application threads were stopped: 0.0003700 seconds, Stopping threads took: 0.0000430 seconds
58.251: Application time: 0.0372890 seconds
58.251: [GC58.251: [ParNew: 7055K->394K(7424K), 0.0002900 secs] 20337K->13676K(23808K), 0.0003070 secs] [Times: user=0.01 sys=0.00, real=0.00 secs] 
58.251: Total time for which application threads were stopped: 0.0003900 seconds, Stopping threads took: 0.0000450 seconds
58.288: Application time: 0.0366230 seconds
58.288: [GC58.288: [ParNew: 7050K->343K(7424K), 0.0002980 secs] 20332K->13722K(23808K), 0.0003150 secs] [Times: user=0.00 sys=0.00, real=0.00 secs] 
58.288: Total time for which application threads were stopped: 0.0003920 seconds, Stopping threads took: 0.0000390 seconds
58.325: Application time: 0.0368700 seconds
58.325: [GC58.325: [ParNew: 6999K->315K(7424K), 0.0003390 secs] 20378K->13749K(23808K), 0.0003610 secs] [Times: user=0.01 sys=0.00, real=0.00 secs] 
58.326: Total time for which application threads were stopped: 0.0004600 seconds, Stopping threads took: 0.0000480 seconds
58.363: Application time: 0.0375160 seconds
58.363: [GC58.363: [ParNew: 6971K->256K(7424K), 0.0003010 secs] 20405K->13786K(23808K), 0.0003210 secs] [Times: user=0.00 sys=0.00, real=0.00 secs] 
58.364: Total time for which application threads were stopped: 0.0003900 seconds, Stopping threads took: 0.0000310 seconds
58.400: Application time: 0.0367060 seconds
58.400: [GC58.400: [ParNew: 6912K->245K(7424K), 0.0002490 secs] 20442K->13775K(23808K), 0.0002650 secs] [Times: user=0.00 sys=0.00, real=0.00 secs] 
58.401: Total time for which application threads were stopped: 0.0003430 seconds, Stopping threads took: 0.0000420 seconds
58.437: Application time: 0.0366870 seconds
58.437: [GC58.437: [ParNew: 6901K->227K(7424K), 0.0002520 secs] 20431K->13821K(23808K), 0.0002690 secs] [Times: user=0.00 sys=0.00, real=0.00 secs] 
58.438: Total time for which application threads were stopped: 0.0003450 seconds, Stopping threads took: 0.0000390 seconds
58.475: Application time: 0.0374820 seconds
58.475: [GC58.475: [ParNew: 6883K->170K(7424K), 0.0003070 secs] 20477K->13868K(23808K), 0.0003220 secs] [Times: user=0.00 sys=0.00, real=0.00 secs] 
58.475: Total time for which application threads were stopped: 0.0003930 seconds, Stopping threads took: 0.0000340 seconds
58.512: Application time: 0.0364600 seconds
58.512: [GC58.512: [ParNew: 6826K->192K(7424K), 0.0002510 secs] 20524K->13891K(23808K), 0.0002690 secs] [Times: user=0.00 sys=0.00, real=0.00 secs] 
58.512: Total time for which application threads were stopped: 0.0003690 seconds, Stopping threads took: 0.0000490 seconds
58.548: Application time: 0.0357870 seconds
58.548: [GC58.548: [ParNew: 6848K->251K(7424K), 0.0003160 secs] 20547K->13950K(23808K), 0.0003360 secs] [Times: user=0.00 sys=0.00, real=0.00 secs] 
58.549: Total time for which application threads were stopped: 0.0004210 seconds, Stopping threads took: 0.0000430 seconds
58.585: Application time: 0.0360710 seconds
58.585: [GC58.585: [ParNew: 6907K->311K(7424K), 0.0002730 secs] 20606K->14010K(23808K), 0.0002880 secs] [Times: user=0.00 sys=0.00, real=0.00 secs] 
58.585: Total time for which application threads were stopped: 0.0003690 seconds, Stopping threads took: 0.0000410 seconds
58.622: Application time: 0.0367170 seconds
58.622: [GC58.622: [ParNew: 6967K->303K(7424K), 0.0002840 secs] 20666K->14001K(23808K), 0.0003040 secs] [Times: user=0.00 sys=0.00, real=0.01 secs] 
58.622: Total time for which application threads were stopped: 0.0003900 seconds, Stopping threads took: 0.0000440 seconds
58.659: Application time: 0.0370540 seconds
58.659: [GC58.659: [ParNew: 6959K->323K(7424K), 0.0002800 secs] 20657K->14022K(23808K), 0.0003060 secs] [Times: user=0.00 sys=0.00, real=0.00 secs] 
58.660: Total time for which application threads were stopped: 0.0003900 seconds, Stopping threads took: 0.0000440 seconds
58.696: Application time: 0.0359710 seconds
58.696: [GC58.696: [ParNew: 6979K->373K(7424K), 0.0002720 secs] 20678K->14071K(23808K), 0.0002900 secs] [Times: user=0.00 sys=0.00, real=0.00 secs] 
58.696: Total time for which application threads were stopped: 0.0003770 seconds, Stopping threads took: 0.0000450 seconds
58.733: Application time: 0.0374010 seconds
58.733: [GC58.733: [ParNew: 7029K->402K(7424K), 0.0002880 secs] 20727K->14100K(23808K), 0.0003060 secs] [Times: user=0.00 sys=0.00, real=0.00 secs] 
58.734: Total time for which application threads were stopped: 0.0003970 seconds, Stopping threads took: 0.0000490 seconds
58.770: Application time: 0.0366640 seconds
58.770: [GC58.770: [ParNew: 7058K->397K(7424K), 0.0002880 secs] 20756K->14096K(23808K), 0.0003050 secs] [Times: user=0.00 sys=0.00, real=0.00 secs] 
58.771: Total time for which application threads were stopped: 0.0003800 seconds, Stopping threads took: 0.0000350 seconds
58.808: Application time: 0.0368500 seconds
58.808: [GC58.808: [ParNew: 7053K->401K(7424K), 0.0002660 secs] 20752K->14100K(23808K), 0.0002840 secs] [Times: user=0.00 sys=0.00, real=0.00 secs] 
58.808: Total time for which application threads were stopped: 0.0003630 seconds, Stopping threads took: 0.0000410 seconds
58.845: Application time: 0.0368820 seconds
58.845: [GC58.845: [ParNew: 7057K->399K(7424K), 0.0002590 secs] 20756K->14097K(23808K), 0.0002760 secs] [Times: user=0.00 sys=0.00, real=0.00 secs] 
58.845: Total time for which application threads were stopped: 0.0003590 seconds, Stopping threads took: 0.0000430 seconds
58.882: Application time: 0.0372030 seconds
58.882: [GC58.882: [ParNew: 7055K->399K(7424K), 0.0002870 secs] 20753K->14098K(23808K), 0.0003040 secs] [Times: user=0.00 sys=0.00, real=0.00 secs] 
58.883: Total time for which application threads were stopped: 0.0003820 seconds, Stopping threads took: 0.0000400 seconds
58.919: Application time: 0.0366830 seconds
58.920: [GC58.920: [ParNew: 7055K->399K(7424K), 0.0003130 secs] 20754K->14097K(23808K), 0.0003300 secs] [Times: user=0.01 sys=0.00, real=0.00 secs] 
58.920: Total time for which application threads were stopped: 0.0004220 seconds, Stopping threads took: 0.0000520 seconds
58.957: Application time: 0.0366760 seconds
58.957: [GC58.957: [ParNew: 7055K->395K(7424K), 0.0002710 secs] 20753K->14094K(23808K), 0.0002880 secs] [Times: user=0.00 sys=0.00, real=0.00 secs] 
58.957: Total time for which application threads were stopped: 0.0003620 seconds, Stopping threads took: 0.0000360 seconds
58.994: Application time: 0.0366890 seconds
58.994: [GC58.994: [ParNew: 7051K->394K(7424K), 0.0002910 secs] 20750K->14093K(23808K), 0.0003070 secs] [Times: user=0.01 sys=0.00, real=0.00 secs] 
58.994: Total time for which application threads were stopped: 0.0003870 seconds, Stopping threads took: 0.0000400 seconds
59.031: Application time: 0.0369780 seconds
59.031: [GC59.031: [ParNew: 7050K->401K(7424K), 0.0002700 secs] 20749K->14100K(23808K), 0.0002880 secs] [Times: user=0.00 sys=0.00, real=0.00 secs] 
59.031: Total time for which application threads were stopped: 0.0003720 seconds, Stopping threads took: 0.0000370 seconds
59.068: Application time: 0.0368670 seconds
59.068: [GC59.068: [ParNew: 7057K->358K(7424K), 0.0002930 secs] 20756K->14128K(23808K), 0.0003110 secs] [Times: user=0.00 sys=0.00, real=0.00 secs] 
59.069: Total time for which application threads were stopped: 0.0003870 seconds, Stopping threads took: 0.0000360 seconds
59.105: Application time: 0.0367810 seconds
59.105: [GC59.105: [ParNew: 7014K->306K(7424K), 0.0002900 secs] 20784K->14181K(23808K), 0.0003080 secs] [Times: user=0.00 sys=0.00, real=0.00 secs] 
59.106: Total time for which application threads were stopped: 0.0003960 seconds, Stopping threads took: 0.0000500 seconds
59.142: Application time: 0.0367020 seconds
59.143: [GC59.143: [ParNew: 6962K->243K(7424K), 0.0002630 secs] 20837K->14213K(23808K), 0.0002880 secs] [Times: user=0.01 sys=0.00, real=0.00 secs] 
59.143: Total time for which application threads were stopped: 0.0003650 seconds, Stopping threads took: 0.0000390 seconds
59.180: Application time: 0.0371230 seconds
59.180: [GC59.180: [ParNew: 6899K->251K(7424K), 0.0003290 secs] 20869K->14221K(23808K), 0.0003460 secs] [Times: user=0.00 sys=0.00, real=0.00 secs] 
59.180: Total time for which application threads were stopped: 0.0004250 seconds, Stopping threads took: 0.0000390 seconds
59.218: Application time: 0.0380200 seconds
59.219: [GC59.219: [ParNew: 6907K->224K(7424K), 0.0003600 secs] 20877K->14259K(23808K), 0.0003780 secs] [Times: user=0.00 sys=0.00, real=0.00 secs] 
59.219: Total time for which application threads were stopped: 0.0004630 seconds, Stopping threads took: 0.0000420 seconds
59.256: Application time: 0.0372250 seconds
59.256: [GC59.256: [ParNew: 6880K->199K(7424K), 0.0003050 secs] 20915K->14298K(23808K), 0.0003210 secs] [Times: user=0.00 sys=0.00, real=0.00 secs] 
59.257: Total time for which application threads were stopped: 0.0003920 seconds, Stopping threads took: 0.0000350 seconds
59.293: Application time: 0.0364410 seconds
59.293: [GC59.293: [ParNew: 6855K->185K(7424K), 0.0003710 secs] 20954K->14340K(23808K), 0.0003860 secs] [Times: user=0.00 sys=0.00, real=0.00 secs] 
59.293: Total time for which application threads were stopped: 0.0004720 seconds, Stopping threads took: 0.0000490 seconds
59.330: Application time: 0.0365860 seconds
59.330: [GC59.330: [ParNew: 6841K->226K(7424K), 0.0002990 secs] 20996K->14381K(23808K), 0.0003210 secs] [Times: user=0.01 sys=0.00, real=0.00 secs] 
59.330: Total time for which application threads were stopped: 0.0004250 seconds, Stopping threads took: 0.0000540 seconds
59.366: Application time: 0.0354930 seconds
59.366: [GC59.366: [ParNew: 6882K->306K(7424K), 0.0003620 secs] 21037K->14461K(23808K), 0.0003830 secs] [Times: user=0.00 sys=0.00, real=0.00 secs] 
59.366: Total time for which application threads were stopped: 0.0004740 seconds, Stopping threads took: 0.0000490 seconds
59.403: Application time: 0.0367670 seconds
59.403: [GC59.403: [ParNew: 6962K->311K(7424K), 0.0002670 secs] 21117K->14466K(23808K), 0.0002850 secs] [Times: user=0.00 sys=0.00, real=0.00 secs] 
59.404: Total time for which application threads were stopped: 0.0003770 seconds, Stopping threads took: 0.0000500 seconds
59.441: Application time: 0.0370990 seconds
59.441: [GC59.441: [ParNew: 6967K->309K(7424K), 0.0002800 secs] 21122K->14464K(23808K), 0.0002980 secs] [Times: user=0.00 sys=0.00, real=0.00 secs] 
59.441: Total time for which application threads were stopped: 0.0003750 seconds, Stopping threads took: 0.0000380 seconds
59.477: Application time: 0.0360000 seconds
59.478: [GC59.478: [ParNew: 6965K->363K(7424K), 0.0002720 secs] 21120K->14518K(23808K), 0.0002930 secs] [Times: user=0.01 sys=0.00, real=0.00 secs] 
59.478: Total time for which application threads were stopped: 0.0013760 seconds, Stopping threads took: 0.0010380 seconds
59.515: Application time: 0.0363590 seconds
59.515: [GC59.515: [ParNew: 7019K->398K(7424K), 0.0002700 secs] 21174K->14553K(23808K), 0.0002880 secs] [Times: user=0.00 sys=0.00, real=0.00 secs] 
59.515: Total time for which application threads were stopped: 0.0003680 seconds, Stopping threads took: 0.0000410 seconds
59.552: Application time: 0.0369680 seconds
59.552: [GC59.552: [ParNew: 7054K->393K(7424K), 0.0002910 secs] 21209K->14548K(23808K), 0.0003080 secs] [Times: user=0.01 sys=0.00, real=0.00 secs] 
59.553: Total time for which application threads were stopped: 0.0004040 seconds, Stopping threads took: 0.0000470 seconds
59.589: Application time: 0.0366390 seconds
59.589: [GC59.589: [ParNew: 7049K->396K(7424K), 0.0002950 secs] 21204K->14551K(23808K), 0.0003120 secs] [Times: user=0.00 sys=0.00, real=0.00 secs] 
59.590: Total time for which application threads were stopped: 0.0003870 seconds, Stopping threads took: 0.0000340 seconds
59.626: Application time: 0.0368760 seconds
59.626: [GC59.627: [ParNew: 7052K->398K(7424K), 0.0002850 secs] 21207K->14553K(23808K), 0.0003100 secs] [Times: user=0.00 sys=0.00, real=0.00 secs] 
59.627: Total time for which application threads were stopped: 0.0003960 seconds, Stopping threads took: 0.0000470 seconds
59.664: Application time: 0.0372520 seconds
59.664: [GC59.664: [ParNew: 7054K->352K(7424K), 0.0003000 secs] 21209K->14587K(23808K), 0.0003180 secs] [Times: user=0.00 sys=0.00, real=0.00 secs] 
59.664: Total time for which application threads were stopped: 0.0003990 seconds, Stopping threads took: 0.0000410 seconds
59.701: Application time: 0.0366620 seconds
59.701: [GC59.701: [ParNew: 7008K->367K(7424K), 0.0002970 secs] 21243K->14602K(23808K), 0.0003130 secs] [Times: user=0.00 sys=0.00, real=0.00 secs] 
59.702: Total time for which application threads were stopped: 0.0003960 seconds, Stopping threads took: 0.0000420 seconds
59.738: Application time: 0.0367770 seconds
59.738: [GC59.738: [ParNew: 7023K->370K(7424K), 0.0002590 secs] 21258K->14605K(23808K), 0.0002770 secs] [Times: user=0.00 sys=0.00, real=0.00 secs] 
59.739: Total time for which application threads were stopped: 0.0003540 seconds, Stopping threads took: 0.0000370 seconds
59.775: Application time: 0.0366400 seconds
59.775: [GC59.775: [ParNew: 7026K->372K(7424K), 0.0002570 secs] 21261K->14607K(23808K), 0.0002740 secs] [Times: user=0.00 sys=0.00, real=0.00 secs] 
59.776: Total time for which application threads were stopped: 0.0003600 seconds, Stopping threads took: 0.0000440 seconds
59.813: Application time: 0.0370050 seconds
59.813: [GC59.813: [ParNew: 7028K->366K(7424K), 0.0002560 secs] 21263K->14601K(23808K), 0.0002720 secs] [Times: user=0.00 sys=0.00, real=0.00 secs] 
59.813: Total time for which application threads were stopped: 0.0003610 seconds, Stopping threads took: 0.0000500 seconds
59.850: Application time: 0.0372230 seconds
59.850: [GC59.850: [ParNew: 7022K->361K(7424K), 0.0003540 secs] 21257K->14596K(23808K), 0.0003710 secs] [Times: user=0.01 sys=0.00, real=0.00 secs] 
59.851: Total time for which application threads were stopped: 0.0004460 seconds, Stopping threads took: 0.0000350 seconds
59.887: Application time: 0.0366180 seconds
59.887: [GC59.887: [ParNew: 7017K->343K(7424K), 0.0002820 secs] 21252K->14642K(23808K), 0.0003000 secs] [Times: user=0.00 sys=0.00, real=0.00 secs] 
59.888: Total time for which application threads were stopped: 0.0003800 seconds, Stopping threads took: 0.0000400 seconds
59.925: Application time: 0.0368330 seconds
59.925: [GC59.925: [ParNew: 6999K->253K(7424K), 0.0002740 secs] 21298K->14681K(23808K), 0.0002920 secs] [Times: user=0.00 sys=0.00, real=0.00 secs] 
59.925: Total time for which application threads were stopped: 0.0003700 seconds, Stopping threads took: 0.0000390 seconds
59.962: Application time: 0.0371090 seconds
59.962: [GC59.962: [ParNew: 6909K->252K(7424K), 0.0002580 secs] 21337K->14679K(23808K), 0.0002740 secs] [Times: user=0.01 sys=0.00, real=0.00 secs] 
59.962: Total time for which application threads were stopped: 0.0003550 seconds, Stopping threads took: 0.0000430 seconds
59.999: Application time: 0.0369010 seconds
59.999: [GC59.999: [ParNew: 6908K->262K(7424K), 0.0002310 secs] 21335K->14689K(23808K), 0.0002480 secs] [Times: user=0.00 sys=0.00, real=0.00 secs] 
60.000: Total time for which application threads were stopped: 0.0003260 seconds, Stopping threads took: 0.0000380 seconds
60.036: Application time: 0.0368160 seconds
60.036: [GC60.036: [ParNew: 6918K->189K(7424K), 0.0002530 secs] 21345K->14712K(23808K), 0.0002690 secs] [Times: user=0.00 sys=0.00, real=0.00 secs] 
60.037: Total time for which application threads were stopped: 0.0003480 seconds, Stopping threads took: 0.0000400 seconds
60.073: Application time: 0.0366630 seconds
60.074: [GC60.074: [ParNew: 6845K->167K(7424K), 0.0002920 secs] 21368K->14738K(23808K), 0.0003090 secs] [Times: user=0.00 sys=0.00, real=0.00 secs] 
60.074: Total time for which application threads were stopped: 0.0003970 seconds, Stopping threads took: 0.0000400 seconds
60.110: Application time: 0.0361570 seconds
60.110: [GC60.110: [ParNew: 6823K->221K(7424K), 0.0002530 secs] 21394K->14792K(23808K), 0.0002810 secs] [Times: user=0.00 sys=0.00, real=0.00 secs] 
60.110: Total time for which application threads were stopped: 0.0003680 seconds, Stopping threads took: 0.0000400 seconds
60.146: Application time: 0.0351920 seconds
60.146: [GC60.146: [ParNew: 6877K->290K(7424K), 0.0003220 secs] 21448K->14861K(23808K), 0.0003420 secs] [Times: user=0.00 sys=0.00, real=0.00 secs] 
60.146: Total time for which application threads were stopped: 0.0004220 seconds, Stopping threads took: 0.0000360 seconds
60.183: Application time: 0.0373650 seconds
60.183: [GC60.183: [ParNew: 6946K->304K(7424K), 0.0004090 secs] 21517K->14875K(23808K), 0.0004260 secs] [Times: user=0.00 sys=0.00, real=0.00 secs] 
60.184: Total time for which application threads were stopped: 0.0005030 seconds, Stopping threads took: 0.0000360 seconds
60.221: Application time: 0.0366650 seconds
60.221: [GC60.221: [ParNew: 6960K->303K(7424K), 0.0003310 secs] 21531K->14874K(23808K), 0.0003470 secs] [Times: user=0.00 sys=0.00, real=0.00 secs] 
60.221: Total time for which application threads were stopped: 0.0004300 seconds, Stopping threads took: 0.0000430 seconds
60.257: Application time: 0.0364580 seconds
60.257: [GC60.257: [ParNew: 6959K->335K(7424K), 0.0003510 secs] 21530K->14906K(23808K), 0.0003660 secs] [Times: user=0.00 sys=0.00, real=0.00 secs] 
60.258: Total time for which application threads were stopped: 0.0004430 seconds, Stopping threads took: 0.0000390 seconds
60.294: Application time: 0.0357490 seconds
60.294: [GC60.294: [ParNew: 6991K->398K(7424K), 0.0003580 secs] 21562K->14970K(23808K), 0.0003740 secs] [Times: user=0.01 sys=0.00, real=0.01 secs] 
60.294: Total time for which application threads were stopped: 0.0004480 seconds, Stopping threads took: 0.0000360 seconds
60.331: Application time: 0.0373580 seconds
60.331: [GC60.332: [ParNew: 7054K->308K(7424K), 0.0003350 secs] 21626K->14999K(23808K), 0.0003590 secs] [Times: user=0.01 sys=0.00, real=0.00 secs] 
60.332: Total time for which application threads were stopped: 0.0004530 seconds, Stopping threads took: 0.0000430 seconds
60.368: Application time: 0.0366120 seconds
60.369: [GC60.369: [ParNew: 6964K->298K(7424K), 0.0002750 secs] 21655K->14990K(23808K), 0.0002940 secs] [Times: user=0.00 sys=0.00, real=0.00 secs] 
60.369: Total time for which application threads were stopped: 0.0003700 seconds, Stopping threads took: 0.0000350 seconds
60.406: Application time: 0.0371020 seconds
60.406: [GC60.406: [ParNew: 6954K->307K(7424K), 0.0002520 secs] 21646K->14998K(23808K), 0.0002690 secs] [Times: user=0.00 sys=0.00, real=0.00 secs] 
60.406: Total time for which application threads were stopped: 0.0003610 seconds, Stopping threads took: 0.0000480 seconds
60.443: Application time: 0.0370670 seconds
60.443: [GC60.443: [ParNew: 6963K->300K(7424K), 0.0002680 secs] 21654K->14991K(23808K), 0.0002870 secs] [Times: user=0.00 sys=0.00, real=0.00 secs] 
60.444: Total time for which application threads were stopped: 0.0003770 seconds, Stopping threads took: 0.0000520 seconds
60.480: Application time: 0.0367330 seconds
60.481: [GC60.481: [ParNew: 6956K->321K(7424K), 0.0002730 secs] 21647K->15012K(23808K), 0.0002900 secs] [Times: user=0.01 sys=0.00, real=0.00 secs] 
60.481: Total time for which application threads were stopped: 0.0003700 seconds, Stopping threads took: 0.0000420 seconds
60.517: Application time: 0.0365970 seconds
60.518: [GC60.518: [ParNew: 6977K->343K(7424K), 0.0003010 secs] 21668K->15034K(23808K), 0.0003190 secs] [Times: user=0.00 sys=0.00, real=0.00 secs] 
60.518: Total time for which application threads were stopped: 0.0004060 seconds, Stopping threads took: 0.0000450 seconds
60.555: Application time: 0.0368900 seconds
60.555: [GC60.555: [ParNew: 6999K->343K(7424K), 0.0002550 secs] 21690K->15034K(23808K), 0.0002720 secs] [Times: user=0.00 sys=0.00, real=0.00 secs] 
60.555: Total time for which application threads were stopped: 0.0003620 seconds, Stopping threads took: 0.0000480 seconds
60.592: Application time: 0.0369750 seconds
60.594: [GC60.594: [ParNew: 6999K->338K(7424K), 0.0003610 secs] 21690K->15029K(23808K), 0.0003850 secs] [Times: user=0.00 sys=0.00, real=0.00 secs] 
60.594: Total time for which application threads were stopped: 0.0023840 seconds, Stopping threads took: 0.0019490 seconds
60.632: Application time: 0.0371470 seconds
60.632: [GC60.632: [ParNew: 6994K->341K(7424K), 0.0002480 secs] 21685K->15032K(23808K), 0.0002660 secs] [Times: user=0.00 sys=0.00, real=0.00 secs] 
60.632: Total time for which application threads were stopped: 0.0003510 seconds, Stopping threads took: 0.0000460 seconds
60.669: Application time: 0.0367720 seconds
60.669: [GC60.669: [ParNew: 6997K->333K(7424K), 0.0002820 secs] 21688K->15024K(23808K), 0.0003030 secs] [Times: user=0.00 sys=0.00, real=0.00 secs] 
60.669: Total time for which application threads were stopped: 0.0003930 seconds, Stopping threads took: 0.0000460 seconds
60.710: Application time: 0.0410040 seconds
60.710: [GC60.710: [ParNew: 6989K->244K(7424K), 0.0003570 secs] 21680K->15071K(23808K), 0.0003750 secs] [Times: user=0.01 sys=0.00, real=0.00 secs] 
60.711: Total time for which application threads were stopped: 0.0004630 seconds, Stopping threads took: 0.0000450 seconds
60.747: Application time: 0.0366960 seconds
60.747: [GC60.747: [ParNew: 6900K->254K(7424K), 0.0003150 secs] 21727K->15082K(23808K), 0.0003340 secs] [Times: user=0.00 sys=0.00, real=0.00 secs] 
60.748: Total time for which application threads were stopped: 0.0004450 seconds, Stopping threads took: 0.0000680 seconds
60.785: Application time: 0.0372250 seconds
60.785: [GC60.785: [ParNew: 6910K->251K(7424K), 0.0002320 secs] 21738K->15078K(23808K), 0.0002510 secs] [Times: user=0.00 sys=0.00, real=0.00 secs] 
60.785: Total time for which application threads were stopped: 0.0003220 seconds, Stopping threads took: 0.0000310 seconds
60.822: Application time: 0.0370040 seconds
60.822: [GC60.822: [ParNew: 6907K->228K(7424K), 0.0002560 secs] 21734K->15120K(23808K), 0.0002750 secs] [Times: user=0.01 sys=0.00, real=0.00 secs] 
60.823: Total time for which application threads were stopped: 0.0003560 seconds, Stopping threads took: 0.0000420 seconds
60.859: Application time: 0.0367270 seconds
60.859: [GC60.859: [ParNew: 6884K->172K(7424K), 0.0002510 secs] 21776K->15160K(23808K), 0.0002680 secs] [Times: user=0.00 sys=0.00, real=0.00 secs] 
60.860: Total time for which application threads were stopped: 0.0003540 seconds, Stopping threads took: 0.0000460 seconds
60.896: Application time: 0.0358080 seconds
60.896: [GC60.896: [ParNew: 6828K->224K(7424K), 0.0002300 secs] 21816K->15211K(23808K), 0.0002470 secs] [Times: user=0.00 sys=0.00, real=0.00 secs] 
60.896: Total time for which application threads were stopped: 0.0003260 seconds, Stopping threads took: 0.0000390 seconds
60.932: Application time: 0.0362050 seconds
60.932: [GC60.932: [ParNew: 6880K->256K(7424K), 0.0002570 secs] 21867K->15244K(23808K), 0.0002730 secs] [Times: user=0.00 sys=0.00, real=0.00 secs] 
60.932: Total time for which application threads were stopped: 0.0003550 seconds, Stopping threads took: 0.0000450 seconds
60.969: Application time: 0.0361370 seconds
60.969: [GC60.969: [ParNew: 6912K->309K(7424K), 0.0002480 secs] 21899K->15297K(23808K), 0.0002650 secs] [Times: user=0.01 sys=0.00, real=0.00 secs] 
60.969: Total time for which application threads were stopped: 0.0003490 seconds, Stopping threads took: 0.0000430 seconds
61.006: Application time: 0.0366460 seconds
61.006: [GC61.006: [ParNew: 6965K->300K(7424K), 0.0003580 secs] 21953K->15288K(23808K), 0.0003740 secs] [Times: user=0.00 sys=0.00, real=0.00 secs] 
61.006: Total time for which application threads were stopped: 0.0004490 seconds, Stopping threads took: 0.0000390 seconds
61.042: Application time: 0.0364030 seconds
61.046: [GC61.046: [ParNew: 6956K->333K(7424K), 0.0002950 secs] 21944K->15320K(23808K), 0.0003120 secs] [Times: user=0.00 sys=0.00, real=0.00 secs] 
61.046: Total time for which application threads were stopped: 0.0039490 seconds, Stopping threads took: 0.0035960 seconds
61.083: Application time: 0.0362180 seconds
61.083: [GC61.083: [ParNew: 6989K->387K(7424K), 0.0003130 secs] 21976K->15374K(23808K), 0.0003380 secs] [Times: user=0.01 sys=0.00, real=0.00 secs] 
61.083: Total time for which application threads were stopped: 0.0004180 seconds, Stopping threads took: 0.0000400 seconds
61.120: Application time: 0.0373740 seconds
61.120: [GC61.121: [ParNew: 7043K->392K(7424K), 0.0003030 secs] 22030K->15379K(23808K), 0.0003230 secs] [Times: user=0.01 sys=0.00, real=0.00 secs] 
61.121: Total time for which application threads were stopped: 0.0004170 seconds, Stopping threads took: 0.0000450 seconds
61.158: Application time: 0.0370000 seconds
61.158: [GC61.158: [ParNew: 7048K->396K(7424K), 0.0002970 secs] 22035K->15383K(23808K), 0.0003170 secs] [Times: user=0.00 sys=0.00, real=0.00 secs] 
61.158: Total time for which application threads were stopped: 0.0003990 seconds, Stopping threads took: 0.0000420 seconds
61.195: Application time: 0.0366420 seconds
61.198: [GC61.198: [ParNew: 7052K->391K(7424K), 0.0002950 secs] 22039K->15378K(23808K), 0.0003140 secs] [Times: user=0.00 sys=0.00, real=0.00 secs] 
61.198: Total time for which application threads were stopped: 0.0035410 seconds, Stopping threads took: 0.0031860 seconds
61.235: Application time: 0.0369920 seconds
61.236: [GC61.236: [ParNew: 7047K->392K(7424K), 0.0002630 secs] 22034K->15380K(23808K), 0.0002810 secs] [Times: user=0.00 sys=0.00, real=0.00 secs] 
61.236: Total time for which application threads were stopped: 0.0003820 seconds, Stopping threads took: 0.0000590 seconds
61.273: Application time: 0.0367540 seconds
61.273: [GC61.273: [ParNew: 7048K->327K(7424K), 0.0002970 secs] 22036K->15434K(23808K), 0.0003150 secs] [Times: user=0.00 sys=0.00, real=0.00 secs] 
61.273: Total time for which application threads were stopped: 0.0003980 seconds, Stopping threads took: 0.0000420 seconds
61.310: Application time: 0.0370210 seconds
61.310: [GC61.310: [ParNew: 6983K->340K(7424K), 0.0003750 secs] 22090K->15448K(23808K), 0.0003920 secs] [Times: user=0.00 sys=0.00, real=0.00 secs] 
61.310: Total time for which application threads were stopped: 0.0004790 seconds, Stopping threads took: 0.0000440 seconds
61.348: Application time: 0.0372270 seconds
61.348: [GC61.348: [ParNew: 6996K->336K(7424K), 0.0003520 secs] 22104K->15444K(23808K), 0.0003760 secs] [Times: user=0.00 sys=0.00, real=0.00 secs] 
61.348: Total time for which application threads were stopped: 0.0004780 seconds, Stopping threads took: 0.0000520 seconds
61.385: Application time: 0.0366840 seconds
61.385: [GC61.385: [ParNew: 6992K->338K(7424K), 0.0002520 secs] 22100K->15446K(23808K), 0.0002720 secs] [Times: user=0.00 sys=0.00, real=0.00 secs] 
61.385: Total time for which application threads were stopped: 0.0003580 seconds, Stopping threads took: 0.0000450 seconds
61.422: Application time: 0.0369260 seconds
61.422: [GC61.422: [ParNew: 6994K->339K(7424K), 0.0002700 secs] 22102K->15447K(23808K), 0.0002880 secs] [Times: user=0.00 sys=0.00, real=0.00 secs] 
61.423: Total time for which application threads were stopped: 0.0003660 seconds, Stopping threads took: 0.0000380 seconds
61.459: Application time: 0.0367510 seconds
61.459: [GC61.459: [ParNew: 6995K->326K(7424K), 0.0002820 secs] 22103K->15434K(23808K), 0.0003000 secs] [Times: user=0.00 sys=0.00, real=0.00 secs] 
61.460: Total time for which application threads were stopped: 0.0003880 seconds, Stopping threads took: 0.0000480 seconds
61.497: Application time: 0.0368910 seconds
61.497: [GC61.497: [ParNew: 6982K->313K(7424K), 0.0002790 secs] 22090K->15493K(23808K), 0.0002980 secs] [Times: user=0.00 sys=0.00, real=0.00 secs] 
61.497: Total time for which application threads were stopped: 0.0003770 seconds, Stopping threads took: 0.0000390 seconds
61.534: Application time: 0.0368700 seconds
61.534: [GC61.534: [ParNew: 6969K->262K(7424K), 0.0002750 secs] 22149K->15537K(23808K), 0.0002910 secs] [Times: user=0.00 sys=0.00, real=0.01 secs] 
61.534: Total time for which application threads were stopped: 0.0003690 seconds, Stopping threads took: 0.0000380 seconds
61.571: Application time: 0.0370890 seconds
61.571: [GC61.571: [ParNew: 6918K->256K(7424K), 0.0002380 secs] 22193K->15532K(23808K), 0.0002620 secs] [Times: user=0.00 sys=0.00, real=0.00 secs] 
61.572: Total time for which application threads were stopped: 0.0003360 seconds, Stopping threads took: 0.0000370 seconds
61.608: Application time: 0.0366900 seconds
61.608: [GC61.608: [ParNew: 6912K->215K(7424K), 0.0002280 secs] 22188K->15554K(23808K), 0.0002460 secs] [Times: user=0.00 sys=0.00, real=0.00 secs] 
61.609: Total time for which application threads were stopped: 0.0003320 seconds, Stopping threads took: 0.0000480 seconds
61.646: Application time: 0.0370240 seconds
61.646: [GC61.646: [ParNew: 6871K->164K(7424K), 0.0002530 secs] 22210K->15608K(23808K), 0.0002700 secs] [Times: user=0.00 sys=0.00, real=0.00 secs] 
61.646: Total time for which application threads were stopped: 0.0003550 seconds, Stopping threads took: 0.0000370 seconds
61.682: Application time: 0.0362060 seconds
61.682: [GC61.682: [ParNew: 6820K->194K(7424K), 0.0002180 secs] 22264K->15638K(23808K), 0.0002350 secs] [Times: user=0.01 sys=0.00, real=0.00 secs] 
61.683: Total time for which application threads were stopped: 0.0003140 seconds, Stopping threads took: 0.0000400 seconds
61.718: Application time: 0.0358700 seconds
61.718: [GC61.718: [ParNew: 6850K->259K(7424K), 0.0002540 secs] 22294K->15703K(23808K), 0.0002720 secs] [Times: user=0.00 sys=0.00, real=0.00 secs] 
61.719: Total time for which application threads were stopped: 0.0003520 seconds, Stopping threads took: 0.0000400 seconds
61.755: Application time: 0.0361250 seconds
61.755: [GC61.755: [ParNew: 6915K->310K(7424K), 0.0003420 secs] 22359K->15754K(23808K), 0.0003600 secs] [Times: user=0.00 sys=0.00, real=0.00 secs] 
61.755: Total time for which application threads were stopped: 0.0004430 seconds, Stopping threads took: 0.0000420 seconds
61.792: Application time: 0.0368680 seconds
61.792: [GC61.792: [ParNew: 6966K->309K(7424K), 0.0002490 secs] 22410K->15753K(23808K), 0.0002660 secs] [Times: user=0.00 sys=0.00, real=0.00 secs] 
61.793: Total time for which application threads were stopped: 0.0003510 seconds, Stopping threads took: 0.0000440 seconds
61.829: Application time: 0.0364830 seconds
61.829: [GC61.829: [ParNew: 6965K->327K(7424K), 0.0002640 secs] 22409K->15771K(23808K), 0.0002810 secs] [Times: user=0.00 sys=0.00, real=0.00 secs] 
61.829: Total time for which application threads were stopped: 0.0003600 seconds, Stopping threads took: 0.0000410 seconds
61.866: Application time: 0.0364570 seconds
61.870: [GC61.870: [ParNew: 6983K->361K(7424K), 0.0003550 secs] 22427K->15805K(23808K), 0.0003750 secs] [Times: user=0.00 sys=0.00, real=0.00 secs] 
61.870: Total time for which application threads were stopped: 0.0046580 seconds, Stopping threads took: 0.0042390 seconds
61.907: Application time: 0.0365000 seconds
61.907: [GC61.907: [ParNew: 7017K->394K(7424K), 0.0002860 secs] 22461K->15837K(23808K), 0.0003050 secs] [Times: user=0.00 sys=0.00, real=0.00 secs] 
61.907: Total time for which application threads were stopped: 0.0004170 seconds, Stopping threads took: 0.0000730 seconds
61.944: Application time: 0.0370430 seconds
61.945: [GC61.945: [ParNew: 7050K->398K(7424K), 0.0003050 secs] 22493K->15842K(23808K), 0.0003250 secs] [Times: user=0.00 sys=0.00, real=0.00 secs] 
61.945: Total time for which application threads were stopped: 0.0004120 seconds, Stopping threads took: 0.0000470 seconds
61.982: Application time: 0.0369470 seconds
61.982: [GC61.982: [ParNew: 7054K->396K(7424K), 0.0002930 secs] 22498K->15840K(23808K), 0.0003110 secs] [Times: user=0.01 sys=0.00, real=0.01 secs] 
61.982: Total time for which application threads were stopped: 0.0003940 seconds, Stopping threads took: 0.0000420 seconds
62.019: Application time: 0.0367900 seconds
62.019: [GC62.019: [ParNew: 7052K->399K(7424K), 0.0002630 secs] 22496K->15843K(23808K), 0.0002800 secs] [Times: user=0.00 sys=0.00, real=0.00 secs] 
62.019: Total time for which application threads were stopped: 0.0003670 seconds, Stopping threads took: 0.0000480 seconds
62.056: Application time: 0.0367960 seconds
62.056: [GC62.056: [ParNew: 7040K->386K(7424K), 0.0002920 secs] 22484K->15829K(23808K), 0.0003180 secs] [Times: user=0.00 sys=0.00, real=0.00 secs] 
62.057: Total time for which application threads were stopped: 0.0004090 seconds, Stopping threads took: 0.0000500 seconds
62.093: Application time: 0.0365190 seconds
62.093: [GC62.093: [ParNew: 7042K->394K(7424K), 0.0003610 secs] 22485K->15837K(23808K), 0.0003800 secs] [Times: user=0.00 sys=0.00, real=0.00 secs] 
62.094: Total time for which application threads were stopped: 0.0004600 seconds, Stopping threads took: 0.0000410 seconds
62.131: Application time: 0.0371590 seconds
62.131: [GC62.131: [ParNew: 7050K->393K(7424K), 0.0003450 secs] 22493K->15837K(23808K), 0.0003600 secs] [Times: user=0.00 sys=0.00, real=0.00 secs] 
62.131: Total time for which application threads were stopped: 0.0004470 seconds, Stopping threads took: 0.0000480 seconds
62.168: Application time: 0.0368480 seconds
62.168: [GC62.168: [ParNew: 7049K->388K(7424K), 0.0002990 secs] 22493K->15832K(23808K), 0.0003160 secs] [Times: user=0.00 sys=0.00, real=0.00 secs] 
62.168: Total time for which application threads were stopped: 0.0004130 seconds, Stopping threads took: 0.0000470 seconds
62.205: Application time: 0.0370000 seconds
62.206: [GC62.206: [ParNew: 7044K->395K(7424K), 0.0003710 secs] 22488K->15838K(23808K), 0.0003910 secs] [Times: user=0.00 sys=0.00, real=0.00 secs] 
62.207: Total time for which application threads were stopped: 0.0010590 seconds, Stopping threads took: 0.0006250 seconds
62.244: Application time: 0.0375820 seconds
62.244: [GC62.244: [ParNew: 7051K->372K(7424K), 0.0003060 secs] 22494K->15880K(23808K), 0.0003250 secs] [Times: user=0.00 sys=0.00, real=0.00 secs] 
62.244: Total time for which application threads were stopped: 0.0004140 seconds, Stopping threads took: 0.0000480 seconds
62.281: Application time: 0.0365920 seconds
62.281: [GC62.281: [ParNew: 7028K->304K(7424K), 0.0002970 secs] 22536K->15915K(23808K), 0.0003150 secs] [Times: user=0.00 sys=0.00, real=0.00 secs] 
62.281: Total time for which application threads were stopped: 0.0004030 seconds, Stopping threads took: 0.0000460 seconds
62.319: Application time: 0.0374690 seconds
62.319: [GC62.319: [ParNew: 6960K->255K(7424K), 0.0003300 secs] 22571K->15971K(23808K), 0.0003500 secs] [Times: user=0.00 sys=0.00, real=0.00 secs] 
62.319: Total time for which application threads were stopped: 0.0004510 seconds, Stopping threads took: 0.0000520 seconds
62.356: Application time: 0.0369140 seconds
62.356: [GC62.356: [ParNew: 6911K->258K(7424K), 0.0002400 secs] 22627K->15974K(23808K), 0.0002570 secs] [Times: user=0.00 sys=0.00, real=0.00 secs] 
62.357: Total time for which application threads were stopped: 0.0003440 seconds, Stopping threads took: 0.0000460 seconds
62.394: Application time: 0.0371900 seconds
62.394: [GC62.394: [ParNew: 6914K->230K(7424K), 0.0002550 secs] 22630K->16010K(23808K), 0.0002730 secs] [Times: user=0.00 sys=0.00, real=0.01 secs] 
62.394: Total time for which application threads were stopped: 0.0003590 seconds, Stopping threads took: 0.0000460 seconds
62.431: Application time: 0.0370150 seconds
62.431: [GC62.431: [ParNew: 6886K->193K(7424K), 0.0002610 secs] 22666K->16021K(23808K), 0.0002780 secs] [Times: user=0.01 sys=0.00, real=0.00 secs] 
62.432: Total time for which application threads were stopped: 0.0003740 seconds, Stopping threads took: 0.0000560 seconds
62.468: Application time: 0.0364990 seconds
62.468: [GC62.468: [ParNew: 6849K->191K(7424K), 0.0002440 secs] 22677K->16091K(23808K), 0.0002630 secs] [Times: user=0.00 sys=0.00, real=0.00 secs] 
62.468: Total time for which application threads were stopped: 0.0003410 seconds, Stopping threads took: 0.0000370 seconds
62.504: Application time: 0.0354340 seconds
62.504: [GC62.504: [ParNew: 6847K->259K(7424K), 0.0002560 secs] 22747K->16159K(23808K), 0.0002750 secs] [Times: user=0.00 sys=0.00, real=0.00 secs] 
62.504: Total time for which application threads were stopped: 0.0003600 seconds, Stopping threads took: 0.0000440 seconds
62.541: Application time: 0.0365160 seconds
62.541: [GC62.541: [ParNew: 6915K->283K(7424K), 0.0003330 secs] 22815K->16183K(23808K), 0.0003570 secs] [Times: user=0.01 sys=0.00, real=0.00 secs] 
62.541: Total time for which application threads were stopped: 0.0004430 seconds, Stopping threads took: 0.0000480 seconds
62.578: Application time: 0.0363830 seconds
62.578: [GC62.578: [ParNew: 6939K->306K(7424K), 0.0002540 secs] 22839K->16206K(23808K), 0.0002720 secs] [Times: user=0.00 sys=0.00, real=0.00 secs] 
62.578: Total time for which application threads were stopped: 0.0003580 seconds, Stopping threads took: 0.0000480 seconds
62.615: Application time: 0.0366560 seconds
62.615: [GC62.615: [ParNew: 6962K->313K(7424K), 0.0002670 secs] 22862K->16213K(23808K), 0.0002840 secs] [Times: user=0.00 sys=0.00, real=0.00 secs] 
62.615: Total time for which application threads were stopped: 0.0003630 seconds, Stopping threads took: 0.0000400 seconds
62.651: Application time: 0.0363010 seconds
62.651: [GC62.651: [ParNew: 6969K->346K(7424K), 0.0002840 secs] 22869K->16246K(23808K), 0.0003010 secs] [Times: user=0.00 sys=0.00, real=0.00 secs] 
62.652: Total time for which application threads were stopped: 0.0003830 seconds, Stopping threads took: 0.0000440 seconds
62.688: Application time: 0.0360600 seconds
62.688: [GC62.688: [ParNew: 7002K->399K(7424K), 0.0002950 secs] 22902K->16298K(23808K), 0.0003150 secs] [Times: user=0.00 sys=0.00, real=0.00 secs] 
62.688: Total time for which application threads were stopped: 0.0004170 seconds, Stopping threads took: 0.0000500 seconds
62.725: Application time: 0.0367470 seconds
62.725: [GC62.725: [ParNew: 7055K->399K(7424K), 0.0003170 secs] 22954K->16298K(23808K), 0.0003360 secs] [Times: user=0.00 sys=0.00, real=0.00 secs] 
62.725: Total time for which application threads were stopped: 0.0004210 seconds, Stopping threads took: 0.0000440 seconds
62.762: Application time: 0.0368540 seconds
62.762: [GC62.762: [ParNew: 7055K->395K(7424K), 0.0002930 secs] 22954K->16295K(23808K), 0.0003100 secs] [Times: user=0.00 sys=0.00, real=0.00 secs] 
62.763: Total time for which application threads were stopped: 0.0003960 seconds, Stopping threads took: 0.0000460 seconds
62.800: Application time: 0.0370460 seconds
62.800: [GC62.800: [ParNew: 7051K->403K(7424K), 0.0002940 secs] 22951K->16303K(23808K), 0.0003120 secs] [Times: user=0.00 sys=0.00, real=0.00 secs] 
62.800: Total time for which application threads were stopped: 0.0004130 seconds, Stopping threads took: 0.0000610 seconds
62.837: Application time: 0.0370360 seconds
62.837: [GC62.837: [ParNew: 7059K->356K(7424K), 0.0002740 secs] 22959K->16344K(23808K), 0.0002920 secs] [Times: user=0.00 sys=0.00, real=0.00 secs] 
62.837: Total time for which application threads were stopped: 0.0003740 seconds, Stopping threads took: 0.0000420 seconds
62.874: Application time: 0.0369740 seconds
62.875: [GC62.875: [ParNew: 7012K->366K(7424K), 0.0003950 secs] 23000K->16354K(23808K), 0.0004130 secs] [Times: user=0.00 sys=0.00, real=0.00 secs] 
62.875: Total time for which application threads were stopped: 0.0005020 seconds, Stopping threads took: 0.0000490 seconds
62.912: Application time: 0.0366760 seconds
62.912: [GC62.912: [ParNew: 7022K->367K(7424K), 0.0003390 secs] 23010K->16355K(23808K), 0.0003550 secs] [Times: user=0.00 sys=0.00, real=0.00 secs] 
62.912: Total time for which application threads were stopped: 0.0004360 seconds, Stopping threads took: 0.0000440 seconds
62.949: Application time: 0.0371270 seconds
62.949: [GC62.949: [ParNew: 7023K->369K(7424K), 0.0002840 secs] 23011K->16357K(23808K), 0.0003030 secs] [Times: user=0.00 sys=0.00, real=0.00 secs] 
62.950: Total time for which application threads were stopped: 0.0003810 seconds, Stopping threads took: 0.0000390 seconds
62.987: Application time: 0.0371620 seconds
62.987: [GC62.987: [ParNew: 7025K->357K(7424K), 0.0003240 secs] 23013K->16345K(23808K), 0.0003400 secs] [Times: user=0.01 sys=0.00, real=0.00 secs] 
62.987: Total time for which application threads were stopped: 0.0004210 seconds, Stopping threads took: 0.0000430 seconds
63.024: Application time: 0.0366000 seconds
63.024: [GC63.024: [ParNew: 7013K->358K(7424K), 0.0003530 secs] 23001K->16346K(23808K), 0.0003800 secs] [Times: user=0.01 sys=0.00, real=0.00 secs] 
63.024: Total time for which application threads were stopped: 0.0004550 seconds, Stopping threads took: 0.0000380 seconds
63.061: Application time: 0.0369330 seconds
63.061: [GC63.061: [ParNew: 7014K->312K(7424K), 0.0003530 secs] 23002K->16397K(23808K), 0.0003700 secs] [Times: user=0.00 sys=0.00, real=0.00 secs] 
63.062: Total time for which application threads were stopped: 0.0004530 seconds, Stopping threads took: 0.0000440 seconds
63.099: Application time: 0.0372050 seconds
63.099: [GC63.099: [ParNew: 6968K->285K(7424K), 0.0002780 secs] 23053K->16433K(23808K), 0.0002960 secs] [Times: user=0.00 sys=0.00, real=0.00 secs] 
63.099: Total time for which application threads were stopped: 0.0003790 seconds, Stopping threads took: 0.0000450 seconds
63.136: Application time: 0.0368740 seconds
63.136: [GC63.136: [ParNew: 6941K->245K(7424K), 0.0002870 secs] 23089K->16465K(23808K), 0.0003050 secs] [Times: user=0.00 sys=0.00, real=0.00 secs] 
63.136: Total time for which application threads were stopped: 0.0003810 seconds, Stopping threads took: 0.0000360 seconds
63.173: Application time: 0.0367780 seconds
63.173: [GC63.173: [ParNew: 6901K->6901K(7424K), 0.0000070 secs]63.173: [Tenured: 16220K->1724K(16384K), 0.0080400 secs] 23121K->1724K(23808K), [Perm : 6058K->6044K(21248K)], 0.0080850 secs] [Times: user=0.01 sys=0.00, real=0.01 secs] 
63.181: Total time for which application threads were stopped: 0.0081830 seconds, Stopping threads took: 0.0000420 seconds
63.218: Application time: 0.0369440 seconds
63.218: [GC63.218: [ParNew: 6656K->41K(7424K), 0.0003110 secs] 8380K->1765K(23808K), 0.0003320 secs] [Times: user=0.00 sys=0.00, real=0.00 secs] 
63.219: Total time for which application threads were stopped: 0.0004600 seconds, Stopping threads took: 0.0000680 seconds
63.255: Application time: 0.0365040 seconds
63.258: [GC63.258: [ParNew: 6697K->85K(7424K), 0.0002970 secs] 8421K->1810K(23808K), 0.0003170 secs] [Times: user=0.00 sys=0.00, real=0.00 secs] 
63.258: Total time for which application threads were stopped: 0.0031580 seconds, Stopping threads took: 0.0027990 seconds
63.294: Application time: 0.0358820 seconds
63.294: [GC63.294: [ParNew: 6741K->178K(7424K), 0.0002660 secs] 8466K->1903K(23808K), 0.0002850 secs] [Times: user=0.00 sys=0.00, real=0.00 secs] 
63.295: Total time for which application threads were stopped: 0.0003790 seconds, Stopping threads took: 0.0000530 seconds
63.332: Application time: 0.0371350 seconds
63.332: [GC63.332: [ParNew: 6834K->175K(7424K), 0.0002630 secs] 8559K->1900K(23808K), 0.0002850 secs] [Times: user=0.00 sys=0.00, real=0.00 secs] 
63.332: Total time for which application threads were stopped: 0.0003770 seconds, Stopping threads took: 0.0000440 seconds
63.368: Application time: 0.0358490 seconds
63.368: [GC63.368: [ParNew: 6831K->258K(7424K), 0.0003250 secs] 8556K->1983K(23808K), 0.0003450 secs] [Times: user=0.01 sys=0.00, real=0.00 secs] 
63.369: Total time for which application threads were stopped: 0.0004280 seconds, Stopping threads took: 0.0000440 seconds
63.405: Application time: 0.0369580 seconds
63.406: [GC63.406: [ParNew: 6914K->265K(7424K), 0.0002520 secs] 8639K->1989K(23808K), 0.0002700 secs] [Times: user=0.00 sys=0.00, real=0.00 secs] 
63.406: Total time for which application threads were stopped: 0.0003510 seconds, Stopping threads took: 0.0000420 seconds
63.442: Application time: 0.0365210 seconds
63.442: [GC63.442: [ParNew: 6921K->293K(7424K), 0.0003090 secs] 8645K->2018K(23808K), 0.0003280 secs] [Times: user=0.00 sys=0.00, real=0.00 secs] 
63.443: Total time for which application threads were stopped: 0.0004150 seconds, Stopping threads took: 0.0000440 seconds
63.478: Application time: 0.0355920 seconds
63.478: [GC63.478: [ParNew: 6949K->396K(7424K), 0.0003460 secs] 8674K->2121K(23808K), 0.0003650 secs] [Times: user=0.00 sys=0.00, real=0.00 secs] 
63.479: Total time for which application threads were stopped: 0.0004580 seconds, Stopping threads took: 0.0000440 seconds
63.516: Application time: 0.0372300 seconds
63.516: [GC63.516: [ParNew: 7052K->346K(7424K), 0.0003000 secs] 8777K->2134K(23808K), 0.0003180 secs] [Times: user=0.00 sys=0.00, real=0.00 secs] 
63.516: Total time for which application threads were stopped: 0.0004020 seconds, Stopping threads took: 0.0000440 seconds
63.554: Application time: 0.0371020 seconds
63.554: [GC63.554: [ParNew: 7002K->350K(7424K), 0.0002780 secs] 8790K->2139K(23808K), 0.0002970 secs] [Times: user=0.00 sys=0.00, real=0.00 secs] 
63.554: Total time for which application threads were stopped: 0.0003820 seconds, Stopping threads took: 0.0000440 seconds
63.591: Application time: 0.0369310 seconds
63.591: [GC63.591: [ParNew: 7006K->353K(7424K), 0.0002660 secs] 8795K->2142K(23808K), 0.0002830 secs] [Times: user=0.00 sys=0.00, real=0.00 secs] 
63.591: Total time for which application threads were stopped: 0.0003620 seconds, Stopping threads took: 0.0000420 seconds
63.628: Application time: 0.0371430 seconds
63.628: [GC63.628: [ParNew: 7009K->359K(7424K), 0.0002430 secs] 8798K->2148K(23808K), 0.0002610 secs] [Times: user=0.01 sys=0.00, real=0.00 secs] 
63.629: Total time for which application threads were stopped: 0.0003460 seconds, Stopping threads took: 0.0000480 seconds
63.665: Application time: 0.0367060 seconds
63.666: [GC63.666: [ParNew: 7015K->369K(7424K), 0.0003350 secs] 8804K->2158K(23808K), 0.0003540 secs] [Times: user=0.00 sys=0.00, real=0.00 secs] 
63.666: Total time for which application threads were stopped: 0.0004350 seconds, Stopping threads took: 0.0000410 seconds
63.703: Application time: 0.0366640 seconds
63.703: [GC63.703: [ParNew: 7025K->366K(7424K), 0.0002710 secs] 8814K->2155K(23808K), 0.0002890 secs] [Times: user=0.01 sys=0.00, real=0.00 secs] 
63.703: Total time for which application threads were stopped: 0.0003650 seconds, Stopping threads took: 0.0000350 seconds
63.741: Application time: 0.0380360 seconds
63.741: [GC63.741: [ParNew: 7022K->366K(7424K), 0.0003270 secs] 8811K->2155K(23808K), 0.0003470 secs] [Times: user=0.00 sys=0.00, real=0.00 secs] 
63.741: Total time for which application threads were stopped: 0.0004500 seconds, Stopping threads took: 0.0000520 seconds
63.778: Application time: 0.0367970 seconds
63.778: [GC63.778: [ParNew: 7022K->371K(7424K), 0.0002930 secs] 8811K->2160K(23808K), 0.0003100 secs] [Times: user=0.01 sys=0.00, real=0.00 secs] 
63.779: Total time for which application threads were stopped: 0.0004090 seconds, Stopping threads took: 0.0000610 seconds
63.816: Application time: 0.0369850 seconds
63.818: [GC63.818: [ParNew: 7027K->373K(7424K), 0.0003040 secs] 8816K->2161K(23808K), 0.0003220 secs] [Times: user=0.00 sys=0.00, real=0.00 secs] 
63.818: Total time for which application threads were stopped: 0.0028490 seconds, Stopping threads took: 0.0024880 seconds
63.855: Application time: 0.0368650 seconds
63.855: [GC63.855: [ParNew: 7029K->306K(7424K), 0.0002700 secs] 8817K->2191K(23808K), 0.0002870 secs] [Times: user=0.00 sys=0.00, real=0.00 secs] 
63.856: Total time for which application threads were stopped: 0.0003680 seconds, Stopping threads took: 0.0000420 seconds
63.892: Application time: 0.0367080 seconds
63.892: [GC63.892: [ParNew: 6962K->308K(7424K), 0.0003390 secs] 8847K->2192K(23808K), 0.0003550 secs] [Times: user=0.00 sys=0.00, real=0.00 secs] 
63.893: Total time for which application threads were stopped: 0.0004360 seconds, Stopping threads took: 0.0000450 seconds
63.930: Application time: 0.0371900 seconds
63.930: [GC63.930: [ParNew: 6964K->250K(7424K), 0.0002590 secs] 8848K->2239K(23808K), 0.0002750 secs] [Times: user=0.00 sys=0.00, real=0.00 secs] 
63.930: Total time for which application threads were stopped: 0.0003600 seconds, Stopping threads took: 0.0000460 seconds
63.967: Application time: 0.0368630 seconds
63.967: [GC63.967: [ParNew: 6906K->251K(7424K), 0.0002540 secs] 8895K->2240K(23808K), 0.0002710 secs] [Times: user=0.00 sys=0.00, real=0.00 secs] 
63.968: Total time for which application threads were stopped: 0.0003530 seconds, Stopping threads took: 0.0000370 seconds
64.004: Application time: 0.0368990 seconds
64.005: [GC64.005: [ParNew: 6907K->219K(7424K), 0.0003090 secs] 8896K->2263K(23808K), 0.0003280 secs] [Times: user=0.00 sys=0.00, real=0.00 secs] 
64.005: Total time for which application threads were stopped: 0.0004020 seconds, Stopping threads took: 0.0000360 seconds
64.042: Application time: 0.0366690 seconds
64.042: [GC64.042: [ParNew: 6875K->147K(7424K), 0.0003120 secs] 8919K->2288K(23808K), 0.0003290 secs] [Times: user=0.00 sys=0.00, real=0.00 secs] 
64.042: Total time for which application threads were stopped: 0.0004130 seconds, Stopping threads took: 0.0000450 seconds
64.078: Application time: 0.0363030 seconds
64.078: [GC64.078: [ParNew: 6803K->225K(7424K), 0.0002370 secs] 8944K->2366K(23808K), 0.0002560 secs] [Times: user=0.00 sys=0.00, real=0.00 secs] 
64.079: Total time for which application threads were stopped: 0.0003480 seconds, Stopping threads took: 0.0000490 seconds
64.115: Application time: 0.0364360 seconds
64.115: [GC64.115: [ParNew: 6881K->246K(7424K), 0.0002650 secs] 9022K->2387K(23808K), 0.0002840 secs] [Times: user=0.01 sys=0.00, real=0.00 secs] 
64.115: Total time for which application threads were stopped: 0.0003600 seconds, Stopping threads took: 0.0000330 seconds
64.151: Application time: 0.0358340 seconds
64.151: [GC64.151: [ParNew: 6902K->310K(7424K), 0.0002440 secs] 9043K->2450K(23808K), 0.0002620 secs] [Times: user=0.00 sys=0.00, real=0.00 secs] 
64.152: Total time for which application threads were stopped: 0.0003470 seconds, Stopping threads took: 0.0000450 seconds
64.189: Application time: 0.0370290 seconds
64.189: [GC64.189: [ParNew: 6966K->313K(7424K), 0.0002340 secs] 9106K->2454K(23808K), 0.0002520 secs] [Times: user=0.00 sys=0.00, real=0.00 secs] 
64.189: Total time for which application threads were stopped: 0.0003330 seconds, Stopping threads took: 0.0000420 seconds
64.225: Application time: 0.0364780 seconds
64.226: [GC64.226: [ParNew: 6969K->336K(7424K), 0.0002640 secs] 9110K->2477K(23808K), 0.0002810 secs] [Times: user=0.01 sys=0.00, real=0.00 secs] 
64.226: Total time for which application threads were stopped: 0.0003710 seconds, Stopping threads took: 0.0000500 seconds
64.262: Application time: 0.0364720 seconds
64.262: [GC64.262: [ParNew: 6992K->363K(7424K), 0.0002720 secs] 9133K->2504K(23808K), 0.0002900 secs] [Times: user=0.00 sys=0.00, real=0.00 secs] 
64.263: Total time for which application threads were stopped: 0.0003960 seconds, Stopping threads took: 0.0000490 seconds
64.299: Application time: 0.0364940 seconds
64.299: [GC64.299: [ParNew: 7019K->393K(7424K), 0.0002790 secs] 9160K->2534K(23808K), 0.0002970 secs] [Times: user=0.00 sys=0.00, real=0.00 secs] 
64.300: Total time for which application threads were stopped: 0.0003770 seconds, Stopping threads took: 0.0000420 seconds
64.337: Application time: 0.0373340 seconds
64.337: [GC64.337: [ParNew: 7049K->394K(7424K), 0.0003220 secs] 9190K->2535K(23808K), 0.0003460 secs] [Times: user=0.00 sys=0.00, real=0.00 secs] 
64.337: Total time for which application threads were stopped: 0.0004500 seconds, Stopping threads took: 0.0000500 seconds
64.374: Application time: 0.0370920 seconds
64.375: [GC64.375: [ParNew: 7050K->397K(7424K), 0.0002950 secs] 9191K->2538K(23808K), 0.0003140 secs] [Times: user=0.00 sys=0.00, real=0.00 secs] 
64.375: Total time for which application threads were stopped: 0.0003950 seconds, Stopping threads took: 0.0000380 seconds
64.412: Application time: 0.0372680 seconds
64.412: [GC64.412: [ParNew: 7053K->397K(7424K), 0.0002770 secs] 9194K->2538K(23808K), 0.0002950 secs] [Times: user=0.00 sys=0.00, real=0.00 secs] 
64.412: Total time for which application threads were stopped: 0.0003730 seconds, Stopping threads took: 0.0000340 seconds
64.449: Application time: 0.0366170 seconds
64.449: [GC64.449: [ParNew: 7053K->394K(7424K), 0.0002850 secs] 9194K->2535K(23808K), 0.0003000 secs] [Times: user=0.01 sys=0.00, real=0.00 secs] 
64.449: Total time for which application threads were stopped: 0.0003770 seconds, Stopping threads took: 0.0000400 seconds
64.487: Application time: 0.0370100 seconds
64.487: [GC64.487: [ParNew: 7050K->398K(7424K), 0.0002880 secs] 9191K->2539K(23808K), 0.0003150 secs] [Times: user=0.00 sys=0.00, real=0.00 secs] 
64.487: Total time for which application threads were stopped: 0.0003990 seconds, Stopping threads took: 0.0000430 seconds
64.524: Application time: 0.0368200 seconds
64.524: [GC64.524: [ParNew: 7054K->397K(7424K), 0.0003390 secs] 9195K->2538K(23808K), 0.0003550 secs] [Times: user=0.00 sys=0.00, real=0.00 secs] 
64.524: Total time for which application threads were stopped: 0.0004450 seconds, Stopping threads took: 0.0000510 seconds
64.561: Application time: 0.0371460 seconds
64.561: [GC64.561: [ParNew: 7053K->394K(7424K), 0.0002630 secs] 9194K->2535K(23808K), 0.0002800 secs] [Times: user=0.00 sys=0.00, real=0.00 secs] 
64.562: Total time for which application threads were stopped: 0.0003520 seconds, Stopping threads took: 0.0000320 seconds
64.598: Application time: 0.0366630 seconds
64.598: [GC64.598: [ParNew: 7050K->390K(7424K), 0.0002520 secs] 9191K->2547K(23808K), 0.0002700 secs] [Times: user=0.00 sys=0.00, real=0.00 secs] 
64.599: Total time for which application threads were stopped: 0.0003490 seconds, Stopping threads took: 0.0000400 seconds
64.636: Application time: 0.0369180 seconds
64.636: [GC64.636: [ParNew: 7046K->340K(7424K), 0.0002930 secs] 9203K->2601K(23808K), 0.0003110 secs] [Times: user=0.00 sys=0.00, real=0.00 secs] 
64.636: Total time for which application threads were stopped: 0.0003920 seconds, Stopping threads took: 0.0000390 seconds
64.673: Application time: 0.0367530 seconds
64.673: [GC64.673: [ParNew: 6996K->315K(7424K), 0.0002670 secs] 9257K->2640K(23808K), 0.0002850 secs] [Times: user=0.00 sys=0.00, real=0.00 secs] 
64.673: Total time for which application threads were stopped: 0.0003640 seconds, Stopping threads took: 0.0000410 seconds
64.710: Application time: 0.0370370 seconds
64.710: [GC64.710: [ParNew: 6971K->249K(7424K), 0.0002380 secs] 9296K->2678K(23808K), 0.0002550 secs] [Times: user=0.00 sys=0.00, real=0.00 secs] 
64.710: Total time for which application threads were stopped: 0.0003320 seconds, Stopping threads took: 0.0000390 seconds
64.747: Application time: 0.0369620 seconds
64.748: [GC64.748: [ParNew: 6905K->256K(7424K), 0.0002430 secs] 9334K->2685K(23808K), 0.0002590 secs] [Times: user=0.00 sys=0.00, real=0.00 secs] 
64.748: Total time for which application threads were stopped: 0.0003340 seconds, Stopping threads took: 0.0000390 seconds
64.785: Application time: 0.0367670 seconds
64.785: [GC64.785: [ParNew: 6912K->226K(7424K), 0.0002350 secs] 9341K->2719K(23808K), 0.0002530 secs] [Times: user=0.01 sys=0.00, real=0.00 secs] 
64.785: Total time for which application threads were stopped: 0.0003410 seconds, Stopping threads took: 0.0000400 seconds
64.822: Application time: 0.0369210 seconds
64.822: [GC64.822: [ParNew: 6882K->200K(7424K), 0.0002220 secs] 9375K->2749K(23808K), 0.0002400 secs] [Times: user=0.00 sys=0.00, real=0.01 secs] 
64.822: Total time for which application threads were stopped: 0.0003190 seconds, Stopping threads took: 0.0000410 seconds
64.858: Application time: 0.0359470 seconds
64.858: [GC64.858: [ParNew: 6856K->228K(7424K), 0.0002580 secs] 9405K->2841K(23808K), 0.0002750 secs] [Times: user=0.00 sys=0.00, real=0.00 secs] 
64.858: Total time for which application threads were stopped: 0.0003620 seconds, Stopping threads took: 0.0000470 seconds
64.895: Application time: 0.0363290 seconds
64.895: [GC64.895: [ParNew: 6884K->250K(7424K), 0.0002410 secs] 9497K->2863K(23808K), 0.0002570 secs] [Times: user=0.00 sys=0.00, real=0.00 secs] 
64.895: Total time for which application threads were stopped: 0.0003380 seconds, Stopping threads took: 0.0000450 seconds
64.931: Application time: 0.0360700 seconds
64.931: [GC64.931: [ParNew: 6906K->311K(7424K), 0.0002700 secs] 9519K->2924K(23808K), 0.0002890 secs] [Times: user=0.00 sys=0.00, real=0.00 secs] 
64.932: Total time for which application threads were stopped: 0.0003720 seconds, Stopping threads took: 0.0000420 seconds
64.968: Application time: 0.0368320 seconds
64.968: [GC64.968: [ParNew: 6967K->314K(7424K), 0.0002590 secs] 9580K->2927K(23808K), 0.0002850 secs] [Times: user=0.00 sys=0.00, real=0.00 secs] 
64.969: Total time for which application threads were stopped: 0.0003610 seconds, Stopping threads took: 0.0000370 seconds
65.005: Application time: 0.0364950 seconds
65.005: [GC65.005: [ParNew: 6970K->331K(7424K), 0.0002570 secs] 9583K->2944K(23808K), 0.0002740 secs] [Times: user=0.00 sys=0.00, real=0.00 secs] 
65.006: Total time for which application threads were stopped: 0.0003930 seconds, Stopping threads took: 0.0000790 seconds
65.042: Application time: 0.0364820 seconds
65.042: [GC65.042: [ParNew: 6987K->352K(7424K), 0.0003340 secs] 9600K->2965K(23808K), 0.0003530 secs] [Times: user=0.01 sys=0.00, real=0.00 secs] 
65.043: Total time for which application threads were stopped: 0.0004310 seconds, Stopping threads took: 0.0000380 seconds
65.079: Application time: 0.0365060 seconds
65.079: [GC65.079: [ParNew: 7008K->390K(7424K), 0.0003600 secs] 9621K->3003K(23808K), 0.0003780 secs] [Times: user=0.00 sys=0.00, real=0.00 secs] 
65.080: Total time for which application threads were stopped: 0.0004570 seconds, Stopping threads took: 0.0000400 seconds
65.117: Application time: 0.0371530 seconds
65.118: [GC65.118: [ParNew: 7046K->394K(7424K), 0.0002670 secs] 9659K->3007K(23808K), 0.0002840 secs] [Times: user=0.00 sys=0.00, real=0.00 secs] 
65.118: Total time for which application threads were stopped: 0.0017000 seconds, Stopping threads took: 0.0013770 seconds
65.155: Application time: 0.0366470 seconds
65.155: [GC65.155: [ParNew: 7050K->393K(7424K), 0.0002620 secs] 9663K->3006K(23808K), 0.0002780 secs] [Times: user=0.00 sys=0.00, real=0.00 secs] 
65.155: Total time for which application threads were stopped: 0.0003570 seconds, Stopping threads took: 0.0000450 seconds
65.193: Application time: 0.0372670 seconds
65.193: [GC65.193: [ParNew: 7049K->404K(7424K), 0.0002780 secs] 9662K->3017K(23808K), 0.0002940 secs] [Times: user=0.00 sys=0.00, real=0.00 secs] 
65.193: Total time for which application threads were stopped: 0.0003720 seconds, Stopping threads took: 0.0000400 seconds
65.231: Application time: 0.0377830 seconds
65.231: [GC65.231: [ParNew: 7060K->335K(7424K), 0.0003510 secs] 9673K->3060K(23808K), 0.0003720 secs] [Times: user=0.00 sys=0.00, real=0.00 secs] 
65.232: Total time for which application threads were stopped: 0.0007130 seconds, Stopping threads took: 0.0002910 seconds
65.268: Application time: 0.0367470 seconds
65.268: [GC65.268: [ParNew: 6991K->336K(7424K), 0.0002520 secs] 9716K->3061K(23808K), 0.0002730 secs] [Times: user=0.00 sys=0.00, real=0.00 secs] 
65.269: Total time for which application threads were stopped: 0.0003880 seconds, Stopping threads took: 0.0000720 seconds
65.306: Application time: 0.0370970 seconds
65.306: [GC65.306: [ParNew: 6992K->334K(7424K), 0.0002780 secs] 9717K->3059K(23808K), 0.0002980 secs] [Times: user=0.00 sys=0.00, real=0.00 secs] 
65.306: Total time for which application threads were stopped: 0.0003880 seconds, Stopping threads took: 0.0000410 seconds
65.343: Application time: 0.0372440 seconds
65.343: [GC65.343: [ParNew: 6990K->339K(7424K), 0.0002940 secs] 9715K->3064K(23808K), 0.0003180 secs] [Times: user=0.01 sys=0.00, real=0.00 secs] 
65.344: Total time for which application threads were stopped: 0.0004210 seconds, Stopping threads took: 0.0000530 seconds
65.381: Application time: 0.0367530 seconds
65.381: [GC65.381: [ParNew: 6995K->341K(7424K), 0.0002590 secs] 9720K->3066K(23808K), 0.0002770 secs] [Times: user=0.00 sys=0.00, real=0.00 secs] 
65.381: Total time for which application threads were stopped: 0.0003540 seconds, Stopping threads took: 0.0000350 seconds
65.418: Application time: 0.0370210 seconds
65.418: [GC65.418: [ParNew: 6997K->334K(7424K), 0.0002550 secs] 9722K->3059K(23808K), 0.0002780 secs] [Times: user=0.00 sys=0.00, real=0.00 secs] 
65.418: Total time for which application threads were stopped: 0.0003590 seconds, Stopping threads took: 0.0000410 seconds
65.455: Application time: 0.0367570 seconds
65.455: [GC65.455: [ParNew: 6990K->311K(7424K), 0.0003360 secs] 9715K->3085K(23808K), 0.0003610 secs] [Times: user=0.00 sys=0.00, real=0.00 secs] 
65.456: Total time for which application threads were stopped: 0.0004460 seconds, Stopping threads took: 0.0000440 seconds
65.493: Application time: 0.0372650 seconds
65.493: [GC65.493: [ParNew: 6967K->251K(7424K), 0.0003170 secs] 9741K->3113K(23808K), 0.0003350 secs] [Times: user=0.00 sys=0.00, real=0.00 secs] 
65.493: Total time for which application threads were stopped: 0.0004230 seconds, Stopping threads took: 0.0000480 seconds
65.530: Application time: 0.0367320 seconds
65.530: [GC65.530: [ParNew: 6907K->251K(7424K), 0.0002710 secs] 9769K->3112K(23808K), 0.0002900 secs] [Times: user=0.00 sys=0.00, real=0.00 secs] 
65.530: Total time for which application threads were stopped: 0.0003730 seconds, Stopping threads took: 0.0000420 seconds
65.567: Application time: 0.0370310 seconds
65.567: [GC65.567: [ParNew: 6907K->221K(7424K), 0.0002430 secs] 9768K->3147K(23808K), 0.0002600 secs] [Times: user=0.00 sys=0.00, real=0.00 secs] 
65.568: Total time for which application threads were stopped: 0.0003440 seconds, Stopping threads took: 0.0000440 seconds
65.605: Application time: 0.0371240 seconds
65.605: [GC65.605: [ParNew: 6877K->175K(7424K), 0.0002220 secs] 9803K->3164K(23808K), 0.0002380 secs] [Times: user=0.00 sys=0.00, real=0.00 secs] 
65.605: Total time for which application threads were stopped: 0.0003280 seconds, Stopping threads took: 0.0000490 seconds
65.641: Application time: 0.0357020 seconds
65.641: [GC65.641: [ParNew: 6831K->225K(7424K), 0.0002470 secs] 9820K->3270K(23808K), 0.0002650 secs] [Times: user=0.01 sys=0.00, real=0.00 secs] 
65.641: Total time for which application threads were stopped: 0.0003500 seconds, Stopping threads took: 0.0000430 seconds
65.678: Application time: 0.0364600 seconds
65.678: [GC65.678: [ParNew: 6881K->249K(7424K), 0.0002450 secs] 9926K->3294K(23808K), 0.0002620 secs] [Times: user=0.00 sys=0.00, real=0.00 secs] 
65.678: Total time for which application threads were stopped: 0.0003360 seconds, Stopping threads took: 0.0000350 seconds
65.715: Application time: 0.0365790 seconds
65.715: [GC65.715: [ParNew: 6905K->273K(7424K), 0.0002330 secs] 9950K->3319K(23808K), 0.0002510 secs] [Times: user=0.00 sys=0.00, real=0.00 secs] 
65.715: Total time for which application threads were stopped: 0.0003320 seconds, Stopping threads took: 0.0000420 seconds
65.751: Application time: 0.0364610 seconds
65.751: [GC65.751: [ParNew: 6929K->306K(7424K), 0.0003000 secs] 9975K->3352K(23808K), 0.0003180 secs] [Times: user=0.00 sys=0.00, real=0.00 secs] 
65.752: Total time for which application threads were stopped: 0.0004060 seconds, Stopping threads took: 0.0000490 seconds
65.788: Application time: 0.0364340 seconds
65.788: [GC65.788: [ParNew: 6962K->319K(7424K), 0.0002590 secs] 10008K->3365K(23808K), 0.0002780 secs] [Times: user=0.01 sys=0.00, real=0.00 secs] 
65.789: Total time for which application threads were stopped: 0.0003790 seconds, Stopping threads took: 0.0000610 seconds
65.825: Application time: 0.0367750 seconds
65.825: [GC65.825: [ParNew: 6975K->342K(7424K), 0.0002610 secs] 10021K->3387K(23808K), 0.0002780 secs] [Times: user=0.00 sys=0.00, real=0.00 secs] 
65.826: Total time for which application threads were stopped: 0.0003630 seconds, Stopping threads took: 0.0000380 seconds
65.862: Application time: 0.0361610 seconds
65.862: [GC65.862: [ParNew: 6998K->397K(7424K), 0.0002810 secs] 10043K->3442K(23808K), 0.0002990 secs] [Times: user=0.00 sys=0.00, real=0.01 secs] 
65.862: Total time for which application threads were stopped: 0.0003770 seconds, Stopping threads took: 0.0000390 seconds
65.900: Application time: 0.0372360 seconds
65.900: [GC65.900: [ParNew: 7053K->396K(7424K), 0.0003530 secs] 10098K->3441K(23808K), 0.0003710 secs] [Times: user=0.00 sys=0.00, real=0.00 secs] 
65.900: Total time for which application threads were stopped: 0.0004490 seconds, Stopping threads took: 0.0000390 seconds
65.937: Application time: 0.0372380 seconds
65.937: [GC65.937: [ParNew: 7052K->386K(7424K), 0.0002800 secs] 10097K->3432K(23808K), 0.0003050 secs] [Times: user=0.00 sys=0.00, real=0.00 secs] 
65.938: Total time for which application threads were stopped: 0.0003910 seconds, Stopping threads took: 0.0000450 seconds
65.974: Application time: 0.0366170 seconds
65.974: [GC65.974: [ParNew: 7042K->388K(7424K), 0.0002560 secs] 10088K->3434K(23808K), 0.0002730 secs] [Times: user=0.00 sys=0.00, real=0.00 secs] 
65.975: Total time for which application threads were stopped: 0.0003510 seconds, Stopping threads took: 0.0000370 seconds
66.012: Application time: 0.0370950 seconds
66.012: [GC66.012: [ParNew: 7044K->401K(7424K), 0.0002670 secs] 10090K->3446K(23808K), 0.0002850 secs] [Times: user=0.00 sys=0.00, real=0.00 secs] 
66.012: Total time for which application threads were stopped: 0.0003650 seconds, Stopping threads took: 0.0000430 seconds
66.049: Application time: 0.0370160 seconds
66.049: [GC66.049: [ParNew: 7057K->341K(7424K), 0.0002580 secs] 10102K->3491K(23808K), 0.0002750 secs] [Times: user=0.00 sys=0.00, real=0.00 secs] 
66.049: Total time for which application threads were stopped: 0.0003510 seconds, Stopping threads took: 0.0000370 seconds
66.086: Application time: 0.0367610 seconds
66.086: [GC66.086: [ParNew: 6997K->337K(7424K), 0.0002450 secs] 10147K->3487K(23808K), 0.0002630 secs] [Times: user=0.00 sys=0.00, real=0.00 secs] 
66.087: Total time for which application threads were stopped: 0.0003350 seconds, Stopping threads took: 0.0000350 seconds
66.123: Application time: 0.0367170 seconds
66.123: [GC66.123: [ParNew: 6993K->337K(7424K), 0.0003260 secs] 10143K->3486K(23808K), 0.0003430 secs] [Times: user=0.00 sys=0.00, real=0.00 secs] 
66.124: Total time for which application threads were stopped: 0.0004180 seconds, Stopping threads took: 0.0000350 seconds
66.160: Application time: 0.0367930 seconds
66.160: [GC66.161: [ParNew: 6993K->340K(7424K), 0.0003220 secs] 10142K->3490K(23808K), 0.0003380 secs] [Times: user=0.01 sys=0.00, real=0.00 secs] 
66.161: Total time for which application threads were stopped: 0.0004140 seconds, Stopping threads took: 0.0000400 seconds
66.198: Application time: 0.0371910 seconds
66.198: [GC66.198: [ParNew: 6996K->346K(7424K), 0.0002800 secs] 10146K->3496K(23808K), 0.0002980 secs] [Times: user=0.00 sys=0.00, real=0.00 secs] 
66.198: Total time for which application threads were stopped: 0.0003760 seconds, Stopping threads took: 0.0000370 seconds
66.235: Application time: 0.0368470 seconds
66.235: [GC66.235: [ParNew: 7002K->282K(7424K), 0.0002910 secs] 10152K->3496K(23808K), 0.0003090 secs] [Times: user=0.00 sys=0.00, real=0.00 secs] 
66.236: Total time for which application threads were stopped: 0.0003970 seconds, Stopping threads took: 0.0000460 seconds
66.273: Application time: 0.0370170 seconds
66.273: [GC66.273: [ParNew: 6938K->281K(7424K), 0.0003260 secs] 10152K->3559K(23808K), 0.0003430 secs] [Times: user=0.00 sys=0.00, real=0.00 secs] 
66.273: Total time for which application threads were stopped: 0.0004270 seconds, Stopping threads took: 0.0000450 seconds
66.310: Application time: 0.0369180 seconds
66.310: [GC66.310: [ParNew: 6937K->248K(7424K), 0.0004000 secs] 10215K->3574K(23808K), 0.0004210 secs] [Times: user=0.00 sys=0.00, real=0.00 secs] 
66.311: Total time for which application threads were stopped: 0.0006160 seconds, Stopping threads took: 0.0001510 seconds
66.348: Application time: 0.0371270 seconds
66.348: [GC66.348: [ParNew: 6904K->228K(7424K), 0.0002860 secs] 10230K->3617K(23808K), 0.0003090 secs] [Times: user=0.00 sys=0.00, real=0.00 secs] 
66.348: Total time for which application threads were stopped: 0.0004130 seconds, Stopping threads took: 0.0000430 seconds
66.385: Application time: 0.0369970 seconds
66.385: [GC66.385: [ParNew: 6884K->229K(7424K), 0.0002390 secs] 10273K->3619K(23808K), 0.0002560 secs] [Times: user=0.00 sys=0.00, real=0.00 secs] 
66.386: Total time for which application threads were stopped: 0.0003410 seconds, Stopping threads took: 0.0000450 seconds
66.422: Application time: 0.0360050 seconds
66.422: [GC66.422: [ParNew: 6885K->225K(7424K), 0.0002320 secs] 10275K->3711K(23808K), 0.0002580 secs] [Times: user=0.00 sys=0.00, real=0.00 secs] 
66.422: Total time for which application threads were stopped: 0.0003440 seconds, Stopping threads took: 0.0000460 seconds
66.458: Application time: 0.0361810 seconds
66.458: [GC66.458: [ParNew: 6881K->258K(7424K), 0.0002510 secs] 10367K->3744K(23808K), 0.0002680 secs] [Times: user=0.01 sys=0.00, real=0.00 secs] 
66.458: Total time for which application threads were stopped: 0.0003490 seconds, Stopping threads took: 0.0000440 seconds
66.495: Application time: 0.0364720 seconds
66.495: [GC66.495: [ParNew: 6914K->287K(7424K), 0.0002260 secs] 10400K->3773K(23808K), 0.0002430 secs] [Times: user=0.00 sys=0.00, real=0.00 secs] 
66.495: Total time for which application threads were stopped: 0.0003220 seconds, Stopping threads took: 0.0000410 seconds
66.532: Application time: 0.0367640 seconds
66.532: [GC66.532: [ParNew: 6943K->316K(7424K), 0.0002490 secs] 10429K->3802K(23808K), 0.0002660 secs] [Times: user=0.00 sys=0.00, real=0.00 secs] 
66.532: Total time for which application threads were stopped: 0.0003480 seconds, Stopping threads took: 0.0000460 seconds
66.569: Application time: 0.0366120 seconds
66.569: [GC66.569: [ParNew: 6972K->340K(7424K), 0.0002440 secs] 10458K->3826K(23808K), 0.0002620 secs] [Times: user=0.00 sys=0.00, real=0.00 secs] 
66.569: Total time for which application threads were stopped: 0.0003440 seconds, Stopping threads took: 0.0000430 seconds
66.606: Application time: 0.0370070 seconds
66.606: [GC66.606: [ParNew: 6996K->341K(7424K), 0.0002760 secs] 10482K->3827K(23808K), 0.0002930 secs] [Times: user=0.01 sys=0.00, real=0.00 secs] 
66.607: Total time for which application threads were stopped: 0.0003750 seconds, Stopping threads took: 0.0000450 seconds
66.642: Application time: 0.0354960 seconds
66.642: [GC66.642: [ParNew: 6997K->391K(7424K), 0.0002880 secs] 10483K->3877K(23808K), 0.0003070 secs] [Times: user=0.00 sys=0.00, real=0.00 secs] 
66.643: Total time for which application threads were stopped: 0.0003880 seconds, Stopping threads took: 0.0000410 seconds
66.680: Application time: 0.0372710 seconds
66.680: [GC66.680: [ParNew: 7047K->397K(7424K), 0.0003210 secs] 10533K->3883K(23808K), 0.0003400 secs] [Times: user=0.00 sys=0.00, real=0.00 secs] 
66.680: Total time for which application threads were stopped: 0.0004230 seconds, Stopping threads took: 0.0000430 seconds
66.717: Application time: 0.0369370 seconds
66.717: [GC66.717: [ParNew: 7053K->393K(7424K), 0.0002890 secs] 10539K->3878K(23808K), 0.0003050 secs] [Times: user=0.00 sys=0.00, real=0.00 secs] 
66.718: Total time for which application threads were stopped: 0.0003860 seconds, Stopping threads took: 0.0000430 seconds
66.756: Application time: 0.0381140 seconds
66.756: [GC66.756: [ParNew: 7049K->389K(7424K), 0.0003240 secs] 10534K->3875K(23808K), 0.0003430 secs] [Times: user=0.00 sys=0.00, real=0.00 secs] 
66.756: Total time for which application threads were stopped: 0.0004340 seconds, Stopping threads took: 0.0000470 seconds
66.793: Application time: 0.0371590 seconds
66.793: [GC66.793: [ParNew: 7045K->389K(7424K), 0.0002640 secs] 10531K->3875K(23808K), 0.0002830 secs] [Times: user=0.01 sys=0.00, real=0.00 secs] 
66.794: Total time for which application threads were stopped: 0.0003710 seconds, Stopping threads took: 0.0000440 seconds
66.831: Application time: 0.0369040 seconds
66.831: [GC66.831: [ParNew: 7045K->395K(7424K), 0.0003350 secs] 10531K->3881K(23808K), 0.0003540 secs] [Times: user=0.00 sys=0.00, real=0.00 secs] 
66.831: Total time for which application threads were stopped: 0.0004430 seconds, Stopping threads took: 0.0000480 seconds
66.868: Application time: 0.0366740 seconds
66.868: [GC66.868: [ParNew: 7051K->400K(7424K), 0.0002560 secs] 10537K->3885K(23808K), 0.0002750 secs] [Times: user=0.00 sys=0.00, real=0.00 secs] 
66.868: Total time for which application threads were stopped: 0.0003720 seconds, Stopping threads took: 0.0000460 seconds
66.905: Application time: 0.0371450 seconds
66.906: [GC66.906: [ParNew: 7056K->399K(7424K), 0.0002940 secs] 10541K->3885K(23808K), 0.0003200 secs] [Times: user=0.00 sys=0.00, real=0.00 secs] 
66.906: Total time for which application threads were stopped: 0.0012210 seconds, Stopping threads took: 0.0008600 seconds
66.943: Application time: 0.0366780 seconds
66.943: [GC66.943: [ParNew: 7055K->339K(7424K), 0.0002910 secs] 10541K->3921K(23808K), 0.0003110 secs] [Times: user=0.00 sys=0.00, real=0.00 secs] 
66.943: Total time for which application threads were stopped: 0.0003920 seconds, Stopping threads took: 0.0000380 seconds
66.980: Application time: 0.0369340 seconds
66.980: [GC66.981: [ParNew: 6995K->334K(7424K), 0.0002390 secs] 10577K->3915K(23808K), 0.0002560 secs] [Times: user=0.00 sys=0.00, real=0.00 secs] 
66.981: Total time for which application threads were stopped: 0.0003370 seconds, Stopping threads took: 0.0000440 seconds
67.018: Application time: 0.0372090 seconds
67.018: [GC67.018: [ParNew: 6990K->311K(7424K), 0.0003190 secs] 10571K->3957K(23808K), 0.0003360 secs] [Times: user=0.00 sys=0.00, real=0.00 secs] 
67.018: Total time for which application threads were stopped: 0.0004160 seconds, Stopping threads took: 0.0000380 seconds
67.055: Application time: 0.0366320 seconds
67.055: [GC67.055: [ParNew: 6967K->284K(7424K), 0.0002410 secs] 10613K->3986K(23808K), 0.0002590 secs] [Times: user=0.00 sys=0.00, real=0.00 secs] 
67.055: Total time for which application threads were stopped: 0.0003510 seconds, Stopping threads took: 0.0000510 seconds
67.092: Application time: 0.0366910 seconds
67.092: [GC67.092: [ParNew: 6940K->253K(7424K), 0.0002460 secs] 10642K->4027K(23808K), 0.0002620 secs] [Times: user=0.00 sys=0.00, real=0.00 secs] 
67.092: Total time for which application threads were stopped: 0.0003420 seconds, Stopping threads took: 0.0000430 seconds
67.130: Application time: 0.0372630 seconds
67.130: [GC67.130: [ParNew: 6909K->223K(7424K), 0.0002460 secs] 10683K->4061K(23808K), 0.0002620 secs] [Times: user=0.01 sys=0.00, real=0.00 secs] 
67.130: Total time for which application threads were stopped: 0.0003470 seconds, Stopping threads took: 0.0000440 seconds
67.167: Application time: 0.0368960 seconds
67.167: [GC67.167: [ParNew: 6879K->226K(7424K), 0.0002350 secs] 10717K->4064K(23808K), 0.0002520 secs] [Times: user=0.00 sys=0.00, real=0.00 secs] 
67.167: Total time for which application threads were stopped: 0.0003400 seconds, Stopping threads took: 0.0000490 seconds
67.204: Application time: 0.0363310 seconds
67.204: [GC67.204: [ParNew: 6882K->204K(7424K), 0.0002440 secs] 10720K->4146K(23808K), 0.0002610 secs] [Times: user=0.00 sys=0.00, real=0.00 secs] 
67.204: Total time for which application threads were stopped: 0.0003450 seconds, Stopping threads took: 0.0000440 seconds
67.240: Application time: 0.0363020 seconds
67.240: [GC67.240: [ParNew: 6860K->223K(7424K), 0.0002090 secs] 10802K->4164K(23808K), 0.0002250 secs] [Times: user=0.00 sys=0.00, real=0.00 secs] 
67.241: Total time for which application threads were stopped: 0.0003050 seconds, Stopping threads took: 0.0000410 seconds
67.277: Application time: 0.0360750 seconds
67.277: [GC67.277: [ParNew: 6879K->280K(7424K), 0.0002340 secs] 10820K->4222K(23808K), 0.0002530 secs] [Times: user=0.00 sys=0.00, real=0.00 secs] 
67.277: Total time for which application threads were stopped: 0.0003390 seconds, Stopping threads took: 0.0000460 seconds
67.314: Application time: 0.0370730 seconds
67.314: [GC67.314: [ParNew: 6936K->280K(7424K), 0.0003070 secs] 10878K->4222K(23808K), 0.0003310 secs] [Times: user=0.00 sys=0.00, real=0.00 secs] 
67.314: Total time for which application threads were stopped: 0.0004360 seconds, Stopping threads took: 0.0000520 seconds
67.352: Application time: 0.0374040 seconds
67.352: [GC67.352: [ParNew: 6936K->309K(7424K), 0.0002970 secs] 10878K->4251K(23808K), 0.0003150 secs] [Times: user=0.00 sys=0.00, real=0.00 secs] 
67.352: Total time for which application threads were stopped: 0.0003930 seconds, Stopping threads took: 0.0000340 seconds
67.389: Application time: 0.0364400 seconds
67.389: [GC67.389: [ParNew: 6965K->328K(7424K), 0.0002830 secs] 10907K->4270K(23808K), 0.0003120 secs] [Times: user=0.01 sys=0.00, real=0.00 secs] 
67.389: Total time for which application threads were stopped: 0.0004070 seconds, Stopping threads took: 0.0000420 seconds
67.425: Application time: 0.0360860 seconds
67.426: [GC67.426: [ParNew: 6984K->394K(7424K), 0.0004030 secs] 10926K->4336K(23808K), 0.0004190 secs] [Times: user=0.00 sys=0.00, real=0.00 secs] 
67.427: Total time for which application threads were stopped: 0.0012950 seconds, Stopping threads took: 0.0008370 seconds
67.464: Application time: 0.0369940 seconds
67.464: [GC67.464: [ParNew: 7050K->403K(7424K), 0.0003040 secs] 10992K->4344K(23808K), 0.0003210 secs] [Times: user=0.01 sys=0.00, real=0.00 secs] 
67.464: Total time for which application threads were stopped: 0.0004030 seconds, Stopping threads took: 0.0000430 seconds
67.501: Application time: 0.0372810 seconds
67.501: [GC67.501: [ParNew: 7059K->347K(7424K), 0.0002760 secs] 11000K->4369K(23808K), 0.0002930 secs] [Times: user=0.01 sys=0.00, real=0.00 secs] 
67.502: Total time for which application threads were stopped: 0.0003820 seconds, Stopping threads took: 0.0000490 seconds
67.538: Application time: 0.0366990 seconds
67.538: [GC67.538: [ParNew: 7003K->350K(7424K), 0.0003020 secs] 11025K->4372K(23808K), 0.0003200 secs] [Times: user=0.00 sys=0.00, real=0.00 secs] 
67.539: Total time for which application threads were stopped: 0.0004200 seconds, Stopping threads took: 0.0000600 seconds
67.576: Application time: 0.0368770 seconds
67.576: [GC67.576: [ParNew: 7006K->353K(7424K), 0.0002810 secs] 11028K->4375K(23808K), 0.0002970 secs] [Times: user=0.00 sys=0.00, real=0.00 secs] 
67.576: Total time for which application threads were stopped: 0.0003700 seconds, Stopping threads took: 0.0000350 seconds
67.613: Application time: 0.0368900 seconds
67.613: [GC67.613: [ParNew: 7009K->371K(7424K), 0.0002790 secs] 11031K->4393K(23808K), 0.0002960 secs] [Times: user=0.01 sys=0.00, real=0.00 secs] 
67.613: Total time for which application threads were stopped: 0.0003760 seconds, Stopping threads took: 0.0000410 seconds
67.650: Application time: 0.0367710 seconds
67.650: [GC67.650: [ParNew: 7027K->372K(7424K), 0.0002840 secs] 11049K->4394K(23808K), 0.0003010 secs] [Times: user=0.00 sys=0.00, real=0.00 secs] 
67.650: Total time for which application threads were stopped: 0.0003860 seconds, Stopping threads took: 0.0000470 seconds
67.687: Application time: 0.0366990 seconds
67.687: [GC67.687: [ParNew: 7028K->369K(7424K), 0.0002730 secs] 11050K->4391K(23808K), 0.0002910 secs] [Times: user=0.00 sys=0.00, real=0.00 secs] 
67.687: Total time for which application threads were stopped: 0.0003790 seconds, Stopping threads took: 0.0000480 seconds
67.724: Application time: 0.0369950 seconds
67.725: [GC67.725: [ParNew: 7025K->371K(7424K), 0.0002480 secs] 11047K->4393K(23808K), 0.0002670 secs] [Times: user=0.01 sys=0.00, real=0.00 secs] 
67.725: Total time for which application threads were stopped: 0.0003430 seconds, Stopping threads took: 0.0000380 seconds
67.761: Application time: 0.0366180 seconds
67.761: [GC67.761: [ParNew: 7027K->372K(7424K), 0.0002840 secs] 11049K->4394K(23808K), 0.0003010 secs] [Times: user=0.00 sys=0.00, real=0.00 secs] 
67.762: Total time for which application threads were stopped: 0.0003790 seconds, Stopping threads took: 0.0000400 seconds
67.799: Application time: 0.0370300 seconds
67.799: [GC67.799: [ParNew: 7028K->341K(7424K), 0.0002840 secs] 11050K->4427K(23808K), 0.0003020 secs] [Times: user=0.00 sys=0.00, real=0.00 secs] 
67.799: Total time for which application threads were stopped: 0.0003740 seconds, Stopping threads took: 0.0000320 seconds
67.836: Application time: 0.0366860 seconds
67.836: [GC67.836: [ParNew: 6997K->283K(7424K), 0.0003110 secs] 11083K->4449K(23808K), 0.0003260 secs] [Times: user=0.00 sys=0.00, real=0.00 secs] 
67.836: Total time for which application threads were stopped: 0.0004080 seconds, Stopping threads took: 0.0000440 seconds
67.873: Application time: 0.0371850 seconds
67.874: [GC67.874: [ParNew: 6939K->276K(7424K), 0.0003110 secs] 11105K->4442K(23808K), 0.0003340 secs] [Times: user=0.00 sys=0.00, real=0.00 secs] 
67.874: Total time for which application threads were stopped: 0.0004190 seconds, Stopping threads took: 0.0000500 seconds
67.910: Application time: 0.0365900 seconds
67.911: [GC67.911: [ParNew: 6932K->244K(7424K), 0.0003210 secs] 11098K->4474K(23808K), 0.0003380 secs] [Times: user=0.01 sys=0.00, real=0.00 secs] 
67.911: Total time for which application threads were stopped: 0.0004330 seconds, Stopping threads took: 0.0000440 seconds
67.948: Application time: 0.0370450 seconds
67.948: [GC67.948: [ParNew: 6900K->227K(7424K), 0.0002980 secs] 11130K->4513K(23808K), 0.0003170 secs] [Times: user=0.00 sys=0.00, real=0.00 secs] 
67.948: Total time for which application threads were stopped: 0.0004100 seconds, Stopping threads took: 0.0000530 seconds
67.985: Application time: 0.0363570 seconds
67.985: [GC67.985: [ParNew: 6883K->191K(7424K), 0.0003310 secs] 11169K->4569K(23808K), 0.0003490 secs] [Times: user=0.00 sys=0.00, real=0.00 secs] 
67.985: Total time for which application threads were stopped: 0.0004370 seconds, Stopping threads took: 0.0000490 seconds
68.022: Application time: 0.0363870 seconds
68.022: [GC68.022: [ParNew: 6847K->227K(7424K), 0.0002420 secs] 11225K->4606K(23808K), 0.0002600 secs] [Times: user=0.00 sys=0.00, real=0.00 secs] 
68.022: Total time for which application threads were stopped: 0.0003420 seconds, Stopping threads took: 0.0000420 seconds
68.058: Application time: 0.0364810 seconds
68.062: [GC68.062: [ParNew: 6883K->253K(7424K), 0.0002680 secs] 11262K->4631K(23808K), 0.0002860 secs] [Times: user=0.01 sys=0.00, real=0.00 secs] 
68.062: Total time for which application threads were stopped: 0.0039980 seconds, Stopping threads took: 0.0036720 seconds
68.099: Application time: 0.0363660 seconds
68.099: [GC68.099: [ParNew: 6909K->279K(7424K), 0.0002860 secs] 11287K->4657K(23808K), 0.0003030 secs] [Times: user=0.00 sys=0.00, real=0.00 secs] 
68.099: Total time for which application threads were stopped: 0.0003800 seconds, Stopping threads took: 0.0000390 seconds
68.136: Application time: 0.0363980 seconds
68.136: [GC68.136: [ParNew: 6935K->304K(7424K), 0.0002610 secs] 11313K->4682K(23808K), 0.0002780 secs] [Times: user=0.00 sys=0.00, real=0.00 secs] 
68.136: Total time for which application threads were stopped: 0.0003650 seconds, Stopping threads took: 0.0000490 seconds
68.172: Application time: 0.0363010 seconds
68.172: [GC68.172: [ParNew: 6960K->342K(7424K), 0.0002560 secs] 11338K->4720K(23808K), 0.0002740 secs] [Times: user=0.00 sys=0.00, real=0.00 secs] 
68.173: Total time for which application threads were stopped: 0.0003550 seconds, Stopping threads took: 0.0000410 seconds
68.209: Application time: 0.0368320 seconds
68.209: [GC68.209: [ParNew: 6998K->342K(7424K), 0.0003280 secs] 11376K->4720K(23808K), 0.0003470 secs] [Times: user=0.00 sys=0.00, real=0.00 secs] 
68.210: Total time for which application threads were stopped: 0.0004290 seconds, Stopping threads took: 0.0000410 seconds
68.246: Application time: 0.0364890 seconds
68.250: [GC68.250: [ParNew: 6998K->397K(7424K), 0.0003630 secs] 11376K->4775K(23808K), 0.0003860 secs] [Times: user=0.01 sys=0.00, real=0.00 secs] 
68.250: Total time for which application threads were stopped: 0.0038240 seconds, Stopping threads took: 0.0033850 seconds
68.287: Application time: 0.0370110 seconds
68.287: [GC68.287: [ParNew: 7053K->402K(7424K), 0.0002980 secs] 11431K->4781K(23808K), 0.0003170 secs] [Times: user=0.00 sys=0.00, real=0.00 secs] 
68.288: Total time for which application threads were stopped: 0.0004000 seconds, Stopping threads took: 0.0000420 seconds
68.325: Application time: 0.0374080 seconds
68.325: [GC68.325: [ParNew: 7058K->347K(7424K), 0.0003350 secs] 11437K->4805K(23808K), 0.0003590 secs] [Times: user=0.00 sys=0.00, real=0.00 secs] 
68.325: Total time for which application threads were stopped: 0.0004660 seconds, Stopping threads took: 0.0000540 seconds
68.363: Application time: 0.0372360 seconds
68.363: [GC68.363: [ParNew: 7003K->344K(7424K), 0.0002530 secs] 11461K->4803K(23808K), 0.0002800 secs] [Times: user=0.00 sys=0.00, real=0.00 secs] 
68.363: Total time for which application threads were stopped: 0.0003630 seconds, Stopping threads took: 0.0000400 seconds
68.400: Application time: 0.0366980 seconds
68.400: [GC68.400: [ParNew: 7000K->359K(7424K), 0.0003470 secs] 11459K->4817K(23808K), 0.0015530 secs] [Times: user=0.00 sys=0.00, real=0.00 secs] 
68.401: Total time for which application threads were stopped: 0.0016450 seconds, Stopping threads took: 0.0000490 seconds
68.438: Application time: 0.0369090 seconds
68.438: [GC68.438: [ParNew: 7015K->358K(7424K), 0.0002820 secs] 11473K->4817K(23808K), 0.0002990 secs] [Times: user=0.00 sys=0.00, real=0.00 secs] 
68.439: Total time for which application threads were stopped: 0.0003910 seconds, Stopping threads took: 0.0000430 seconds
68.476: Application time: 0.0371300 seconds
68.476: [GC68.476: [ParNew: 7014K->364K(7424K), 0.0002480 secs] 11473K->4822K(23808K), 0.0002650 secs] [Times: user=0.00 sys=0.00, real=0.00 secs] 
68.476: Total time for which application threads were stopped: 0.0003520 seconds, Stopping threads took: 0.0000480 seconds
68.513: Application time: 0.0368630 seconds
68.513: [GC68.513: [ParNew: 7020K->366K(7424K), 0.0002850 secs] 11478K->4824K(23808K), 0.0003020 secs] [Times: user=0.00 sys=0.00, real=0.00 secs] 
68.513: Total time for which application threads were stopped: 0.0003800 seconds, Stopping threads took: 0.0000380 seconds
68.550: Application time: 0.0366800 seconds
68.550: [GC68.550: [ParNew: 7022K->361K(7424K), 0.0002550 secs] 11480K->4819K(23808K), 0.0002750 secs] [Times: user=0.00 sys=0.00, real=0.00 secs] 
68.550: Total time for which application threads were stopped: 0.0003510 seconds, Stopping threads took: 0.0000360 seconds
68.588: Application time: 0.0371820 seconds
68.588: [GC68.588: [ParNew: 7017K->337K(7424K), 0.0002840 secs] 11475K->4851K(23808K), 0.0003000 secs] [Times: user=0.00 sys=0.00, real=0.00 secs] 
68.588: Total time for which application threads were stopped: 0.0003860 seconds, Stopping threads took: 0.0000480 seconds
68.625: Application time: 0.0367780 seconds
68.625: [GC68.625: [ParNew: 6993K->308K(7424K), 0.0002500 secs] 11507K->4879K(23808K), 0.0002680 secs] [Times: user=0.01 sys=0.00, real=0.00 secs] 
68.625: Total time for which application threads were stopped: 0.0003560 seconds, Stopping threads took: 0.0000490 seconds
68.662: Application time: 0.0368350 seconds
68.662: [GC68.662: [ParNew: 6964K->278K(7424K), 0.0002660 secs] 11535K->4912K(23808K), 0.0002830 secs] [Times: user=0.00 sys=0.00, real=0.00 secs] 
68.662: Total time for which application threads were stopped: 0.0003590 seconds, Stopping threads took: 0.0000400 seconds
68.699: Application time: 0.0367880 seconds
68.699: [GC68.699: [ParNew: 6934K->260K(7424K), 0.0002490 secs] 11568K->4942K(23808K), 0.0002660 secs] [Times: user=0.00 sys=0.00, real=0.00 secs] 
68.699: Total time for which application threads were stopped: 0.0003500 seconds, Stopping threads took: 0.0000440 seconds
68.737: Application time: 0.0373450 seconds
68.737: [GC68.737: [ParNew: 6916K->232K(7424K), 0.0002340 secs] 11598K->4986K(23808K), 0.0002530 secs] [Times: user=0.00 sys=0.00, real=0.00 secs] 
68.737: Total time for which application threads were stopped: 0.0003350 seconds, Stopping threads took: 0.0000390 seconds
68.774: Application time: 0.0366260 seconds
68.774: [GC68.774: [ParNew: 6888K->236K(7424K), 0.0002490 secs] 11642K->4990K(23808K), 0.0002670 secs] [Times: user=0.00 sys=0.00, real=0.01 secs] 
68.774: Total time for which application threads were stopped: 0.0003460 seconds, Stopping threads took: 0.0000360 seconds
68.810: Application time: 0.0362500 seconds
68.810: [GC68.810: [ParNew: 6892K->222K(7424K), 0.0002840 secs] 11646K->5077K(23808K), 0.0003010 secs] [Times: user=0.00 sys=0.00, real=0.00 secs] 
68.811: Total time for which application threads were stopped: 0.0003860 seconds, Stopping threads took: 0.0000410 seconds
68.848: Application time: 0.0372580 seconds
68.848: [GC68.848: [ParNew: 6878K->261K(7424K), 0.0002680 secs] 11733K->5115K(23808K), 0.0002960 secs] [Times: user=0.00 sys=0.00, real=0.00 secs] 
68.848: Total time for which application threads were stopped: 0.0003840 seconds, Stopping threads took: 0.0000440 seconds
68.885: Application time: 0.0362040 seconds
68.885: [GC68.885: [ParNew: 6917K->287K(7424K), 0.0002680 secs] 11771K->5141K(23808K), 0.0002860 secs] [Times: user=0.00 sys=0.00, real=0.00 secs] 
68.885: Total time for which application threads were stopped: 0.0003710 seconds, Stopping threads took: 0.0000410 seconds
68.922: Application time: 0.0366980 seconds
68.922: [GC68.922: [ParNew: 6943K->312K(7424K), 0.0003050 secs] 11797K->5166K(23808K), 0.0003220 secs] [Times: user=0.00 sys=0.01, real=0.01 secs] 
68.922: Total time for which application threads were stopped: 0.0004060 seconds, Stopping threads took: 0.0000420 seconds
68.958: Application time: 0.0363410 seconds
68.959: [GC68.959: [ParNew: 6968K->340K(7424K), 0.0003140 secs] 11822K->5195K(23808K), 0.0003310 secs] [Times: user=0.00 sys=0.00, real=0.00 secs] 
68.959: Total time for which application threads were stopped: 0.0004170 seconds, Stopping threads took: 0.0000360 seconds
68.996: Application time: 0.0370450 seconds
68.996: [GC68.996: [ParNew: 6996K->337K(7424K), 0.0003230 secs] 11851K->5191K(23808K), 0.0003400 secs] [Times: user=0.01 sys=0.00, real=0.00 secs] 
68.996: Total time for which application threads were stopped: 0.0004380 seconds, Stopping threads took: 0.0000560 seconds
69.032: Application time: 0.0357510 seconds
69.032: [GC69.032: [ParNew: 6993K->394K(7424K), 0.0002760 secs] 11847K->5248K(23808K), 0.0002940 secs] [Times: user=0.00 sys=0.00, real=0.00 secs] 
69.032: Total time for which application threads were stopped: 0.0003730 seconds, Stopping threads took: 0.0000360 seconds
69.070: Application time: 0.0372000 seconds
69.070: [GC69.070: [ParNew: 7050K->397K(7424K), 0.0003000 secs] 11904K->5252K(23808K), 0.0003200 secs] [Times: user=0.00 sys=0.00, real=0.00 secs] 
69.070: Total time for which application threads were stopped: 0.0004020 seconds, Stopping threads took: 0.0000370 seconds
69.107: Application time: 0.0367740 seconds
69.107: [GC69.107: [ParNew: 7053K->401K(7424K), 0.0002900 secs] 11908K->5256K(23808K), 0.0003070 secs] [Times: user=0.00 sys=0.00, real=0.00 secs] 
69.107: Total time for which application threads were stopped: 0.0004000 seconds, Stopping threads took: 0.0000500 seconds
69.144: Application time: 0.0371610 seconds
69.145: [GC69.145: [ParNew: 7057K->378K(7424K), 0.0002700 secs] 11912K->5297K(23808K), 0.0002880 secs] [Times: user=0.00 sys=0.00, real=0.00 secs] 
69.145: Total time for which application threads were stopped: 0.0003780 seconds, Stopping threads took: 0.0000500 seconds
69.182: Application time: 0.0370980 seconds
69.182: [GC69.182: [ParNew: 7034K->367K(7424K), 0.0002530 secs] 11953K->5286K(23808K), 0.0002720 secs] [Times: user=0.00 sys=0.00, real=0.01 secs] 
69.182: Total time for which application threads were stopped: 0.0003640 seconds, Stopping threads took: 0.0000480 seconds
69.219: Application time: 0.0369800 seconds
69.219: [GC69.219: [ParNew: 7023K->354K(7424K), 0.0003260 secs] 11942K->5272K(23808K), 0.0003450 secs] [Times: user=0.00 sys=0.00, real=0.00 secs] 
69.220: Total time for which application threads were stopped: 0.0004250 seconds, Stopping threads took: 0.0000360 seconds
69.256: Application time: 0.0366270 seconds
69.256: [GC69.256: [ParNew: 7010K->372K(7424K), 0.0002700 secs] 11928K->5291K(23808K), 0.0002890 secs] [Times: user=0.00 sys=0.00, real=0.00 secs] 
69.257: Total time for which application threads were stopped: 0.0003770 seconds, Stopping threads took: 0.0000440 seconds
69.293: Application time: 0.0366490 seconds
69.293: [GC69.293: [ParNew: 7028K->373K(7424K), 0.0002530 secs] 11947K->5292K(23808K), 0.0002710 secs] [Times: user=0.00 sys=0.00, real=0.00 secs] 
69.294: Total time for which application threads were stopped: 0.0003600 seconds, Stopping threads took: 0.0000470 seconds
69.331: Application time: 0.0373090 seconds
69.331: [GC69.331: [ParNew: 7029K->378K(7424K), 0.0003220 secs] 11948K->5297K(23808K), 0.0003530 secs] [Times: user=0.00 sys=0.00, real=0.00 secs] 
69.331: Total time for which application threads were stopped: 0.0004630 seconds, Stopping threads took: 0.0000550 seconds
69.369: Application time: 0.0370550 seconds
69.369: [GC69.369: [ParNew: 7034K->338K(7424K), 0.0003080 secs] 11953K->5321K(23808K), 0.0003270 secs] [Times: user=0.00 sys=0.00, real=0.00 secs] 
69.369: Total time for which application threads were stopped: 0.0004160 seconds, Stopping threads took: 0.0000440 seconds
69.406: Application time: 0.0369190 seconds
69.406: [GC69.406: [ParNew: 6994K->293K(7424K), 0.0003030 secs] 11977K->5332K(23808K), 0.0003230 secs] [Times: user=0.00 sys=0.00, real=0.00 secs] 
69.406: Total time for which application threads were stopped: 0.0004080 seconds, Stopping threads took: 0.0000410 seconds
69.443: Application time: 0.0369890 seconds
69.443: [GC69.443: [ParNew: 6949K->280K(7424K), 0.0002430 secs] 11988K->5390K(23808K), 0.0002600 secs] [Times: user=0.00 sys=0.00, real=0.00 secs] 
69.444: Total time for which application threads were stopped: 0.0003490 seconds, Stopping threads took: 0.0000470 seconds
69.481: Application time: 0.0369730 seconds
69.481: [GC69.481: [ParNew: 6936K->255K(7424K), 0.0002380 secs] 12046K->5413K(23808K), 0.0002550 secs] [Times: user=0.01 sys=0.00, real=0.00 secs] 
69.481: Total time for which application threads were stopped: 0.0003630 seconds, Stopping threads took: 0.0000570 seconds
69.518: Application time: 0.0366930 seconds
69.518: [GC69.518: [ParNew: 6911K->226K(7424K), 0.0002610 secs] 12069K->5457K(23808K), 0.0002780 secs] [Times: user=0.00 sys=0.00, real=0.00 secs] 
69.518: Total time for which application threads were stopped: 0.0003760 seconds, Stopping threads took: 0.0000500 seconds
69.555: Application time: 0.0369920 seconds
69.555: [GC69.555: [ParNew: 6882K->227K(7424K), 0.0002630 secs] 12113K->5458K(23808K), 0.0002850 secs] [Times: user=0.00 sys=0.00, real=0.00 secs] 
69.555: Total time for which application threads were stopped: 0.0003920 seconds, Stopping threads took: 0.0000640 seconds
69.591: Application time: 0.0359800 seconds
69.591: [GC69.591: [ParNew: 6883K->227K(7424K), 0.0002370 secs] 12114K->5562K(23808K), 0.0002560 secs] [Times: user=0.01 sys=0.00, real=0.00 secs] 
69.592: Total time for which application threads were stopped: 0.0003400 seconds, Stopping threads took: 0.0000400 seconds
69.628: Application time: 0.0362790 seconds
69.628: [GC69.628: [ParNew: 6883K->264K(7424K), 0.0002520 secs] 12218K->5599K(23808K), 0.0002690 secs] [Times: user=0.00 sys=0.00, real=0.00 secs] 
69.628: Total time for which application threads were stopped: 0.0003530 seconds, Stopping threads took: 0.0000410 seconds
69.665: Application time: 0.0363770 seconds
69.665: [GC69.665: [ParNew: 6920K->275K(7424K), 0.0002300 secs] 12255K->5610K(23808K), 0.0002480 secs] [Times: user=0.00 sys=0.00, real=0.00 secs] 
69.665: Total time for which application threads were stopped: 0.0003260 seconds, Stopping threads took: 0.0000370 seconds
69.702: Application time: 0.0364380 seconds
69.702: [GC69.702: [ParNew: 6931K->292K(7424K), 0.0002350 secs] 12266K->5627K(23808K), 0.0002540 secs] [Times: user=0.00 sys=0.00, real=0.00 secs] 
69.702: Total time for which application threads were stopped: 0.0003380 seconds, Stopping threads took: 0.0000410 seconds
69.739: Application time: 0.0367670 seconds
69.739: [GC69.739: [ParNew: 6948K->311K(7424K), 0.0002740 secs] 12283K->5645K(23808K), 0.0002920 secs] [Times: user=0.00 sys=0.00, real=0.00 secs] 
69.739: Total time for which application threads were stopped: 0.0003750 seconds, Stopping threads took: 0.0000390 seconds
69.777: Application time: 0.0375340 seconds
69.777: [GC69.777: [ParNew: 6967K->339K(7424K), 0.0003170 secs] 12301K->5674K(23808K), 0.0003370 secs] [Times: user=0.01 sys=0.00, real=0.00 secs] 
69.777: Total time for which application threads were stopped: 0.0004250 seconds, Stopping threads took: 0.0000410 seconds
69.813: Application time: 0.0357750 seconds
69.813: [GC69.813: [ParNew: 6995K->403K(7424K), 0.0003180 secs] 12330K->5737K(23808K), 0.0003470 secs] [Times: user=0.00 sys=0.00, real=0.00 secs] 
69.813: Total time for which application threads were stopped: 0.0004490 seconds, Stopping threads took: 0.0000550 seconds
69.850: Application time: 0.0372090 seconds
69.854: [GC69.854: [ParNew: 7059K->397K(7424K), 0.0003510 secs] 12393K->5732K(23808K), 0.0003690 secs] [Times: user=0.00 sys=0.00, real=0.00 secs] 
69.854: Total time for which application threads were stopped: 0.0040800 seconds, Stopping threads took: 0.0036670 seconds
69.891: Application time: 0.0368820 seconds
69.891: [GC69.891: [ParNew: 7053K->405K(7424K), 0.0003040 secs] 12388K->5740K(23808K), 0.0003210 secs] [Times: user=0.00 sys=0.00, real=0.00 secs] 
69.892: Total time for which application threads were stopped: 0.0003980 seconds, Stopping threads took: 0.0000370 seconds
69.929: Application time: 0.0372110 seconds
69.929: [GC69.929: [ParNew: 7061K->384K(7424K), 0.0002840 secs] 12396K->5719K(23808K), 0.0003040 secs] [Times: user=0.00 sys=0.00, real=0.00 secs] 
69.929: Total time for which application threads were stopped: 0.0003870 seconds, Stopping threads took: 0.0000400 seconds
69.966: Application time: 0.0366440 seconds
69.966: [GC69.966: [ParNew: 7040K->396K(7424K), 0.0002930 secs] 12375K->5731K(23808K), 0.0003120 secs] [Times: user=0.00 sys=0.00, real=0.00 secs] 
69.966: Total time for which application threads were stopped: 0.0003990 seconds, Stopping threads took: 0.0000420 seconds
70.003: Application time: 0.0366910 seconds
70.003: [GC70.003: [ParNew: 7052K->342K(7424K), 0.0003040 secs] 12387K->5781K(23808K), 0.0003230 secs] [Times: user=0.00 sys=0.00, real=0.00 secs] 
70.004: Total time for which application threads were stopped: 0.0004220 seconds, Stopping threads took: 0.0000450 seconds
70.040: Application time: 0.0369660 seconds
70.041: [GC70.041: [ParNew: 6998K->345K(7424K), 0.0002720 secs] 12437K->5784K(23808K), 0.0002910 secs] [Times: user=0.00 sys=0.00, real=0.00 secs] 
70.041: Total time for which application threads were stopped: 0.0003720 seconds, Stopping threads took: 0.0000390 seconds
70.078: Application time: 0.0370480 seconds
70.078: [GC70.078: [ParNew: 7001K->348K(7424K), 0.0002410 secs] 12440K->5787K(23808K), 0.0002590 secs] [Times: user=0.00 sys=0.00, real=0.00 secs] 
70.078: Total time for which application threads were stopped: 0.0003410 seconds, Stopping threads took: 0.0000410 seconds
70.115: Application time: 0.0367720 seconds
70.115: [GC70.115: [ParNew: 7004K->332K(7424K), 0.0003180 secs] 12443K->5771K(23808K), 0.0003360 secs] [Times: user=0.00 sys=0.00, real=0.00 secs] 
70.115: Total time for which application threads were stopped: 0.0004200 seconds, Stopping threads took: 0.0000430 seconds
70.152: Application time: 0.0368640 seconds
70.152: [GC70.152: [ParNew: 6988K->335K(7424K), 0.0003340 secs] 12427K->5774K(23808K), 0.0003500 secs] [Times: user=0.00 sys=0.00, real=0.00 secs] 
70.153: Total time for which application threads were stopped: 0.0004320 seconds, Stopping threads took: 0.0000410 seconds
70.190: Application time: 0.0368180 seconds
70.190: [GC70.190: [ParNew: 6991K->309K(7424K), 0.0003260 secs] 12430K->5812K(23808K), 0.0003420 secs] [Times: user=0.00 sys=0.00, real=0.00 secs] 
70.190: Total time for which application threads were stopped: 0.0004240 seconds, Stopping threads took: 0.0000410 seconds
70.227: Application time: 0.0365710 seconds
70.227: [GC70.227: [ParNew: 6965K->283K(7424K), 0.0002600 secs] 12468K->5850K(23808K), 0.0002780 secs] [Times: user=0.01 sys=0.00, real=0.00 secs] 
70.227: Total time for which application threads were stopped: 0.0003590 seconds, Stopping threads took: 0.0000370 seconds
70.264: Application time: 0.0371760 seconds
70.264: [GC70.264: [ParNew: 6939K->254K(7424K), 0.0002650 secs] 12506K->5877K(23808K), 0.0002840 secs] [Times: user=0.00 sys=0.00, real=0.00 secs] 
70.264: Total time for which application threads were stopped: 0.0003700 seconds, Stopping threads took: 0.0000420 seconds
70.301: Application time: 0.0366560 seconds
70.301: [GC70.301: [ParNew: 6910K->246K(7424K), 0.0002190 secs] 12533K->5869K(23808K), 0.0002450 secs] [Times: user=0.01 sys=0.00, real=0.00 secs] 
70.301: Total time for which application threads were stopped: 0.0003260 seconds, Stopping threads took: 0.0000380 seconds
70.339: Application time: 0.0375500 seconds
70.339: [GC70.339: [ParNew: 6902K->224K(7424K), 0.0003070 secs] 12525K->5911K(23808K), 0.0003280 secs] [Times: user=0.01 sys=0.00, real=0.00 secs] 
70.339: Total time for which application threads were stopped: 0.0004290 seconds, Stopping threads took: 0.0000490 seconds
70.375: Application time: 0.0358470 seconds
70.375: [GC70.375: [ParNew: 6880K->223K(7424K), 0.0002610 secs] 12567K->5998K(23808K), 0.0002790 secs] [Times: user=0.00 sys=0.00, real=0.00 secs] 
70.376: Total time for which application threads were stopped: 0.0003710 seconds, Stopping threads took: 0.0000470 seconds
70.412: Application time: 0.0364700 seconds
70.412: [GC70.412: [ParNew: 6879K->251K(7424K), 0.0002520 secs] 12654K->6026K(23808K), 0.0002710 secs] [Times: user=0.00 sys=0.00, real=0.00 secs] 
70.412: Total time for which application threads were stopped: 0.0003500 seconds, Stopping threads took: 0.0000350 seconds
70.449: Application time: 0.0363850 seconds
70.449: [GC70.449: [ParNew: 6907K->280K(7424K), 0.0003290 secs] 12682K->6055K(23808K), 0.0003440 secs] [Times: user=0.00 sys=0.00, real=0.00 secs] 
70.449: Total time for which application threads were stopped: 0.0004290 seconds, Stopping threads took: 0.0000450 seconds
70.486: Application time: 0.0367180 seconds
70.486: [GC70.486: [ParNew: 6936K->281K(7424K), 0.0002630 secs] 12711K->6056K(23808K), 0.0002810 secs] [Times: user=0.00 sys=0.00, real=0.00 secs] 
70.486: Total time for which application threads were stopped: 0.0003670 seconds, Stopping threads took: 0.0000440 seconds
70.523: Application time: 0.0365270 seconds
70.523: [GC70.523: [ParNew: 6937K->309K(7424K), 0.0002570 secs] 12712K->6084K(23808K), 0.0002760 secs] [Times: user=0.00 sys=0.00, real=0.00 secs] 
70.523: Total time for which application threads were stopped: 0.0003750 seconds, Stopping threads took: 0.0000430 seconds
70.560: Application time: 0.0364410 seconds
70.560: [GC70.560: [ParNew: 6965K->343K(7424K), 0.0002720 secs] 12740K->6118K(23808K), 0.0002900 secs] [Times: user=0.00 sys=0.00, real=0.00 secs] 
70.560: Total time for which application threads were stopped: 0.0003710 seconds, Stopping threads took: 0.0000380 seconds
70.597: Application time: 0.0365210 seconds
70.597: [GC70.597: [ParNew: 6999K->373K(7424K), 0.0002910 secs] 12774K->6148K(23808K), 0.0003080 secs] [Times: user=0.00 sys=0.00, real=0.00 secs] 
70.597: Total time for which application threads were stopped: 0.0003890 seconds, Stopping threads took: 0.0000370 seconds
70.633: Application time: 0.0363590 seconds
70.633: [GC70.633: [ParNew: 7029K->401K(7424K), 0.0002890 secs] 12804K->6176K(23808K), 0.0003050 secs] [Times: user=0.00 sys=0.00, real=0.00 secs] 
70.634: Total time for which application threads were stopped: 0.0003930 seconds, Stopping threads took: 0.0000480 seconds
70.671: Application time: 0.0370260 seconds
70.671: [GC70.671: [ParNew: 7057K->402K(7424K), 0.0002800 secs] 12832K->6177K(23808K), 0.0002980 secs] [Times: user=0.00 sys=0.00, real=0.00 secs] 
70.671: Total time for which application threads were stopped: 0.0003810 seconds, Stopping threads took: 0.0000410 seconds
70.708: Application time: 0.0367200 seconds
70.708: [GC70.708: [ParNew: 7058K->312K(7424K), 0.0003400 secs] 12833K->6215K(23808K), 0.0003590 secs] [Times: user=0.01 sys=0.00, real=0.00 secs] 
70.708: Total time for which application threads were stopped: 0.0004440 seconds, Stopping threads took: 0.0000410 seconds
70.745: Application time: 0.0370190 seconds
70.745: [GC70.745: [ParNew: 6968K->301K(7424K), 0.0002670 secs] 12871K->6204K(23808K), 0.0002850 secs] [Times: user=0.00 sys=0.00, real=0.00 secs] 
70.746: Total time for which application threads were stopped: 0.0003760 seconds, Stopping threads took: 0.0000460 seconds
70.782: Application time: 0.0366430 seconds
70.782: [GC70.782: [ParNew: 6957K->333K(7424K), 0.0002600 secs] 12860K->6236K(23808K), 0.0002840 secs] [Times: user=0.00 sys=0.00, real=0.00 secs] 
70.783: Total time for which application threads were stopped: 0.0003640 seconds, Stopping threads took: 0.0000400 seconds
70.820: Application time: 0.0370470 seconds
70.820: [GC70.820: [ParNew: 6989K->335K(7424K), 0.0002630 secs] 12892K->6238K(23808K), 0.0002790 secs] [Times: user=0.00 sys=0.00, real=0.00 secs] 
70.820: Total time for which application threads were stopped: 0.0003620 seconds, Stopping threads took: 0.0000430 seconds
70.857: Application time: 0.0365790 seconds
70.857: [GC70.857: [ParNew: 6991K->335K(7424K), 0.0002790 secs] 12894K->6238K(23808K), 0.0002970 secs] [Times: user=0.00 sys=0.00, real=0.00 secs] 
70.857: Total time for which application threads were stopped: 0.0003760 seconds, Stopping threads took: 0.0000360 seconds
70.894: Application time: 0.0367580 seconds
70.894: [GC70.894: [ParNew: 6991K->340K(7424K), 0.0002520 secs] 12894K->6243K(23808K), 0.0002680 secs] [Times: user=0.00 sys=0.00, real=0.01 secs] 
70.894: Total time for which application threads were stopped: 0.0003550 seconds, Stopping threads took: 0.0000470 seconds
70.931: Application time: 0.0366290 seconds
70.931: [GC70.931: [ParNew: 6996K->340K(7424K), 0.0003350 secs] 12899K->6243K(23808K), 0.0003500 secs] [Times: user=0.00 sys=0.00, real=0.00 secs] 
70.931: Total time for which application threads were stopped: 0.0004370 seconds, Stopping threads took: 0.0000470 seconds
70.969: Application time: 0.0372800 seconds
70.969: [GC70.969: [ParNew: 6996K->305K(7424K), 0.0003500 secs] 12899K->6256K(23808K), 0.0003670 secs] [Times: user=0.00 sys=0.00, real=0.00 secs] 
70.969: Total time for which application threads were stopped: 0.0004480 seconds, Stopping threads took: 0.0000410 seconds
71.006: Application time: 0.0367370 seconds
71.006: [GC71.006: [ParNew: 6961K->288K(7424K), 0.0002490 secs] 12912K->6311K(23808K), 0.0002680 secs] [Times: user=0.00 sys=0.00, real=0.00 secs] 
71.006: Total time for which application threads were stopped: 0.0003480 seconds, Stopping threads took: 0.0000410 seconds
71.043: Application time: 0.0368240 seconds
71.043: [GC71.043: [ParNew: 6944K->279K(7424K), 0.0002270 secs] 12967K->6303K(23808K), 0.0002450 secs] [Times: user=0.00 sys=0.00, real=0.00 secs] 
71.043: Total time for which application threads were stopped: 0.0003320 seconds, Stopping threads took: 0.0000380 seconds
71.081: Application time: 0.0372780 seconds
71.081: [GC71.081: [ParNew: 6935K->256K(7424K), 0.0002350 secs] 12959K->6335K(23808K), 0.0002520 secs] [Times: user=0.00 sys=0.00, real=0.00 secs] 
71.081: Total time for which application threads were stopped: 0.0003310 seconds, Stopping threads took: 0.0000370 seconds
71.118: Application time: 0.0369360 seconds
71.118: [GC71.118: [ParNew: 6912K->223K(7424K), 0.0002560 secs] 12991K->6366K(23808K), 0.0002750 secs] [Times: user=0.00 sys=0.00, real=0.00 secs] 
71.118: Total time for which application threads were stopped: 0.0003620 seconds, Stopping threads took: 0.0000450 seconds
71.154: Application time: 0.0360310 seconds
71.154: [GC71.154: [ParNew: 6879K->240K(7424K), 0.0002290 secs] 13022K->6439K(23808K), 0.0002460 secs] [Times: user=0.00 sys=0.00, real=0.00 secs] 
71.155: Total time for which application threads were stopped: 0.0003310 seconds, Stopping threads took: 0.0000420 seconds
71.191: Application time: 0.0368980 seconds
71.192: [GC71.192: [ParNew: 6896K->204K(7424K), 0.0002450 secs] 13095K->6468K(23808K), 0.0002610 secs] [Times: user=0.00 sys=0.00, real=0.00 secs] 
71.192: Total time for which application threads were stopped: 0.0003440 seconds, Stopping threads took: 0.0000420 seconds
71.228: Application time: 0.0363640 seconds
71.228: [GC71.228: [ParNew: 6860K->245K(7424K), 0.0002300 secs] 13124K->6508K(23808K), 0.0002470 secs] [Times: user=0.00 sys=0.00, real=0.00 secs] 
71.228: Total time for which application threads were stopped: 0.0003320 seconds, Stopping threads took: 0.0000420 seconds
71.265: Application time: 0.0368930 seconds
71.266: [GC71.266: [ParNew: 6901K->283K(7424K), 0.0003530 secs] 13164K->6546K(23808K), 0.0003830 secs] [Times: user=0.00 sys=0.00, real=0.00 secs] 
71.266: Total time for which application threads were stopped: 0.0011040 seconds, Stopping threads took: 0.0006700 seconds
71.303: Application time: 0.0367100 seconds
71.303: [GC71.303: [ParNew: 6939K->309K(7424K), 0.0002580 secs] 13202K->6573K(23808K), 0.0002760 secs] [Times: user=0.00 sys=0.00, real=0.00 secs] 
71.304: Total time for which application threads were stopped: 0.0003600 seconds, Stopping threads took: 0.0000390 seconds
71.341: Application time: 0.0369340 seconds
71.341: [GC71.341: [ParNew: 6965K->337K(7424K), 0.0002930 secs] 13229K->6600K(23808K), 0.0003150 secs] [Times: user=0.00 sys=0.00, real=0.00 secs] 
71.341: Total time for which application threads were stopped: 0.0004200 seconds, Stopping threads took: 0.0000530 seconds
71.377: Application time: 0.0365220 seconds
71.378: [GC71.378: [ParNew: 6993K->365K(7424K), 0.0002830 secs] 13256K->6628K(23808K), 0.0003020 secs] [Times: user=0.00 sys=0.00, real=0.00 secs] 
71.378: Total time for which application threads were stopped: 0.0003950 seconds, Stopping threads took: 0.0000470 seconds
71.414: Application time: 0.0365340 seconds
71.414: [GC71.414: [ParNew: 7021K->393K(7424K), 0.0002980 secs] 13284K->6656K(23808K), 0.0003180 secs] [Times: user=0.01 sys=0.00, real=0.00 secs] 
71.415: Total time for which application threads were stopped: 0.0004120 seconds, Stopping threads took: 0.0000500 seconds
71.452: Application time: 0.0367720 seconds
71.452: [GC71.452: [ParNew: 7049K->394K(7424K), 0.0002820 secs] 13312K->6657K(23808K), 0.0002990 secs] [Times: user=0.00 sys=0.00, real=0.00 secs] 
71.452: Total time for which application threads were stopped: 0.0003790 seconds, Stopping threads took: 0.0000370 seconds
71.489: Application time: 0.0369560 seconds
71.489: [GC71.489: [ParNew: 7050K->399K(7424K), 0.0002900 secs] 13313K->6663K(23808K), 0.0003060 secs] [Times: user=0.00 sys=0.00, real=0.00 secs] 
71.489: Total time for which application threads were stopped: 0.0003930 seconds, Stopping threads took: 0.0000450 seconds
71.526: Application time: 0.0370180 seconds
71.526: [GC71.526: [ParNew: 7055K->397K(7424K), 0.0002670 secs] 13319K->6660K(23808K), 0.0002830 secs] [Times: user=0.01 sys=0.00, real=0.00 secs] 
71.527: Total time for which application threads were stopped: 0.0003720 seconds, Stopping threads took: 0.0000490 seconds
71.563: Application time: 0.0367380 seconds
71.564: [GC71.564: [ParNew: 7053K->391K(7424K), 0.0003600 secs] 13316K->6654K(23808K), 0.0003780 secs] [Times: user=0.00 sys=0.00, real=0.00 secs] 
71.564: Total time for which application threads were stopped: 0.0004750 seconds, Stopping threads took: 0.0000470 seconds
71.601: Application time: 0.0369510 seconds
71.601: [GC71.601: [ParNew: 7047K->394K(7424K), 0.0003260 secs] 13310K->6657K(23808K), 0.0003450 secs] [Times: user=0.00 sys=0.00, real=0.00 secs] 
71.601: Total time for which application threads were stopped: 0.0004280 seconds, Stopping threads took: 0.0000400 seconds
71.638: Application time: 0.0366920 seconds
71.638: [GC71.638: [ParNew: 7050K->401K(7424K), 0.0002910 secs] 13313K->6664K(23808K), 0.0003100 secs] [Times: user=0.01 sys=0.00, real=0.00 secs] 
71.638: Total time for which application threads were stopped: 0.0003970 seconds, Stopping threads took: 0.0000440 seconds
71.675: Application time: 0.0369090 seconds
71.675: [GC71.675: [ParNew: 7057K->340K(7424K), 0.0002920 secs] 13320K->6707K(23808K), 0.0003100 secs] [Times: user=0.00 sys=0.00, real=0.00 secs] 
71.676: Total time for which application threads were stopped: 0.0003970 seconds, Stopping threads took: 0.0000430 seconds
71.713: Application time: 0.0369860 seconds
71.713: [GC71.713: [ParNew: 6996K->343K(7424K), 0.0002410 secs] 13363K->6710K(23808K), 0.0002600 secs] [Times: user=0.00 sys=0.00, real=0.00 secs] 
71.713: Total time for which application threads were stopped: 0.0003450 seconds, Stopping threads took: 0.0000410 seconds
71.750: Application time: 0.0368440 seconds
71.750: [GC71.750: [ParNew: 6999K->343K(7424K), 0.0002740 secs] 13366K->6710K(23808K), 0.0003000 secs] [Times: user=0.00 sys=0.00, real=0.00 secs] 
71.750: Total time for which application threads were stopped: 0.0003850 seconds, Stopping threads took: 0.0000410 seconds
71.787: Application time: 0.0368980 seconds
71.787: [GC71.787: [ParNew: 6999K->314K(7424K), 0.0002760 secs] 13366K->6745K(23808K), 0.0002930 secs] [Times: user=0.01 sys=0.00, real=0.00 secs] 
71.788: Total time for which application threads were stopped: 0.0003740 seconds, Stopping threads took: 0.0000390 seconds
71.824: Application time: 0.0366490 seconds
71.824: [GC71.824: [ParNew: 6970K->286K(7424K), 0.0003080 secs] 13401K->6781K(23808K), 0.0003250 secs] [Times: user=0.00 sys=0.00, real=0.00 secs] 
71.825: Total time for which application threads were stopped: 0.0004090 seconds, Stopping threads took: 0.0000410 seconds
71.862: Application time: 0.0370210 seconds
71.862: [GC71.862: [ParNew: 6942K->260K(7424K), 0.0002520 secs] 13437K->6811K(23808K), 0.0002700 secs] [Times: user=0.00 sys=0.00, real=0.00 secs] 
71.862: Total time for which application threads were stopped: 0.0003620 seconds, Stopping threads took: 0.0000490 seconds
71.899: Application time: 0.0370380 seconds
71.899: [GC71.899: [ParNew: 6916K->222K(7424K), 0.0002260 secs] 13467K->6829K(23808K), 0.0002430 secs] [Times: user=0.00 sys=0.00, real=0.00 secs] 
71.899: Total time for which application threads were stopped: 0.0003220 seconds, Stopping threads took: 0.0000360 seconds
71.936: Application time: 0.0364100 seconds
71.936: [GC71.936: [ParNew: 6878K->229K(7424K), 0.0002520 secs] 13485K->6909K(23808K), 0.0002700 secs] [Times: user=0.00 sys=0.00, real=0.00 secs] 
71.936: Total time for which application threads were stopped: 0.0003550 seconds, Stopping threads took: 0.0000410 seconds
71.972: Application time: 0.0361940 seconds
71.972: [GC71.972: [ParNew: 6885K->222K(7424K), 0.0003170 secs] 13565K->6957K(23808K), 0.0003340 secs] [Times: user=0.00 sys=0.00, real=0.00 secs] 
71.973: Total time for which application threads were stopped: 0.0004230 seconds, Stopping threads took: 0.0000450 seconds
72.009: Application time: 0.0364990 seconds
72.009: [GC72.009: [ParNew: 6878K->252K(7424K), 0.0002320 secs] 13613K->6987K(23808K), 0.0002490 secs] [Times: user=0.00 sys=0.00, real=0.00 secs] 
72.010: Total time for which application threads were stopped: 0.0003290 seconds, Stopping threads took: 0.0000380 seconds
72.046: Application time: 0.0363910 seconds
72.046: [GC72.046: [ParNew: 6908K->283K(7424K), 0.0002340 secs] 13643K->7018K(23808K), 0.0002560 secs] [Times: user=0.00 sys=0.00, real=0.00 secs] 
72.046: Total time for which application threads were stopped: 0.0003450 seconds, Stopping threads took: 0.0000460 seconds
72.083: Application time: 0.0364320 seconds
72.083: [GC72.083: [ParNew: 6939K->311K(7424K), 0.0002430 secs] 13674K->7047K(23808K), 0.0002620 secs] [Times: user=0.00 sys=0.00, real=0.00 secs] 
72.083: Total time for which application threads were stopped: 0.0003500 seconds, Stopping threads took: 0.0000370 seconds
72.120: Application time: 0.0365780 seconds
72.120: [GC72.120: [ParNew: 6967K->314K(7424K), 0.0002570 secs] 13703K->7049K(23808K), 0.0002730 secs] [Times: user=0.01 sys=0.00, real=0.00 secs] 
72.120: Total time for which application threads were stopped: 0.0003580 seconds, Stopping threads took: 0.0000420 seconds
72.156: Application time: 0.0363330 seconds
72.156: [GC72.156: [ParNew: 6970K->348K(7424K), 0.0003190 secs] 13705K->7083K(23808K), 0.0003370 secs] [Times: user=0.00 sys=0.00, real=0.00 secs] 
72.157: Total time for which application threads were stopped: 0.0004190 seconds, Stopping threads took: 0.0000400 seconds
72.193: Application time: 0.0364720 seconds
72.193: [GC72.193: [ParNew: 7004K->397K(7424K), 0.0003580 secs] 13739K->7133K(23808K), 0.0003770 secs] [Times: user=0.00 sys=0.00, real=0.00 secs] 
72.194: Total time for which application threads were stopped: 0.0004590 seconds, Stopping threads took: 0.0000390 seconds
72.230: Application time: 0.0366210 seconds
72.230: [GC72.230: [ParNew: 7053K->394K(7424K), 0.0002650 secs] 13789K->7130K(23808K), 0.0002890 secs] [Times: user=0.00 sys=0.00, real=0.00 secs] 
72.231: Total time for which application threads were stopped: 0.0003760 seconds, Stopping threads took: 0.0000460 seconds
72.268: Application time: 0.0371620 seconds
72.268: [GC72.268: [ParNew: 7050K->400K(7424K), 0.0002590 secs] 13786K->7135K(23808K), 0.0002760 secs] [Times: user=0.01 sys=0.00, real=0.00 secs] 
72.268: Total time for which application threads were stopped: 0.0003570 seconds, Stopping threads took: 0.0000370 seconds
72.305: Application time: 0.0371400 seconds
72.305: [GC72.305: [ParNew: 7056K->397K(7424K), 0.0002900 secs] 13791K->7133K(23808K), 0.0003080 secs] [Times: user=0.01 sys=0.00, real=0.00 secs] 
72.306: Total time for which application threads were stopped: 0.0003980 seconds, Stopping threads took: 0.0000490 seconds
72.342: Application time: 0.0366610 seconds
72.343: [GC72.343: [ParNew: 7053K->391K(7424K), 0.0003330 secs] 13789K->7127K(23808K), 0.0003560 secs] [Times: user=0.00 sys=0.00, real=0.00 secs] 
72.343: Total time for which application threads were stopped: 0.0004630 seconds, Stopping threads took: 0.0000530 seconds
72.380: Application time: 0.0370380 seconds
72.380: [GC72.380: [ParNew: 7047K->384K(7424K), 0.0002710 secs] 13783K->7119K(23808K), 0.0002890 secs] [Times: user=0.00 sys=0.00, real=0.00 secs] 
72.380: Total time for which application threads were stopped: 0.0003730 seconds, Stopping threads took: 0.0000360 seconds
72.417: Application time: 0.0367990 seconds
72.418: [GC72.418: [ParNew: 7040K->393K(7424K), 0.0002600 secs] 13775K->7128K(23808K), 0.0002780 secs] [Times: user=0.00 sys=0.00, real=0.00 secs] 
72.418: Total time for which application threads were stopped: 0.0012840 seconds, Stopping threads took: 0.0009620 seconds
72.455: Application time: 0.0365680 seconds
72.455: [GC72.455: [ParNew: 7049K->394K(7424K), 0.0002540 secs] 13784K->7130K(23808K), 0.0002720 secs] [Times: user=0.01 sys=0.00, real=0.00 secs] 
72.455: Total time for which application threads were stopped: 0.0003590 seconds, Stopping threads took: 0.0000460 seconds
72.492: Application time: 0.0369720 seconds
72.492: [GC72.492: [ParNew: 7050K->370K(7424K), 0.0002910 secs] 13786K->7154K(23808K), 0.0003100 secs] [Times: user=0.00 sys=0.00, real=0.00 secs] 
72.493: Total time for which application threads were stopped: 0.0003950 seconds, Stopping threads took: 0.0000420 seconds
72.530: Application time: 0.0372670 seconds
72.530: [GC72.530: [ParNew: 7026K->345K(7424K), 0.0002590 secs] 13810K->7185K(23808K), 0.0002770 secs] [Times: user=0.00 sys=0.00, real=0.00 secs] 
72.530: Total time for which application threads were stopped: 0.0003720 seconds, Stopping threads took: 0.0000490 seconds
72.567: Application time: 0.0367360 seconds
72.567: [GC72.567: [ParNew: 7001K->305K(7424K), 0.0003450 secs] 13841K->7209K(23808K), 0.0003630 secs] [Times: user=0.00 sys=0.00, real=0.00 secs] 
72.568: Total time for which application threads were stopped: 0.0004480 seconds, Stopping threads took: 0.0000430 seconds
72.604: Application time: 0.0369770 seconds
72.605: [GC72.605: [ParNew: 6961K->283K(7424K), 0.0002660 secs] 13865K->7259K(23808K), 0.0002850 secs] [Times: user=0.00 sys=0.00, real=0.00 secs] 
72.605: Total time for which application threads were stopped: 0.0003820 seconds, Stopping threads took: 0.0000450 seconds
72.642: Application time: 0.0368700 seconds
72.642: [GC72.642: [ParNew: 6939K->254K(7424K), 0.0002520 secs] 13915K->7294K(23808K), 0.0002690 secs] [Times: user=0.01 sys=0.00, real=0.01 secs] 
72.642: Total time for which application threads were stopped: 0.0003550 seconds, Stopping threads took: 0.0000440 seconds
72.679: Application time: 0.0369580 seconds
72.679: [GC72.679: [ParNew: 6910K->223K(7424K), 0.0002390 secs] 13950K->7327K(23808K), 0.0002570 secs] [Times: user=0.00 sys=0.00, real=0.00 secs] 
72.679: Total time for which application threads were stopped: 0.0003430 seconds, Stopping threads took: 0.0000450 seconds
72.716: Application time: 0.0369290 seconds
72.716: [GC72.716: [ParNew: 6879K->198K(7424K), 0.0002320 secs] 13983K->7358K(23808K), 0.0002570 secs] [Times: user=0.00 sys=0.00, real=0.00 secs] 
72.717: Total time for which application threads were stopped: 0.0003420 seconds, Stopping threads took: 0.0000440 seconds
72.752: Application time: 0.0357840 seconds
72.753: [GC72.753: [ParNew: 6854K->217K(7424K), 0.0003100 secs] 14014K->7441K(23808K), 0.0003280 secs] [Times: user=0.01 sys=0.00, real=0.00 secs] 
72.753: Total time for which application threads were stopped: 0.0004090 seconds, Stopping threads took: 0.0000400 seconds
72.790: Application time: 0.0375520 seconds
72.791: [GC72.791: [ParNew: 6873K->251K(7424K), 0.0002550 secs] 14097K->7475K(23808K), 0.0002750 secs] [Times: user=0.00 sys=0.00, real=0.00 secs] 
72.791: Total time for which application threads were stopped: 0.0003760 seconds, Stopping threads took: 0.0000540 seconds
72.827: Application time: 0.0364200 seconds
72.827: [GC72.827: [ParNew: 6907K->279K(7424K), 0.0002510 secs] 14131K->7502K(23808K), 0.0002700 secs] [Times: user=0.00 sys=0.00, real=0.00 secs] 
72.828: Total time for which application threads were stopped: 0.0003470 seconds, Stopping threads took: 0.0000370 seconds
72.864: Application time: 0.0363500 seconds
72.864: [GC72.864: [ParNew: 6935K->312K(7424K), 0.0002710 secs] 14158K->7535K(23808K), 0.0002890 secs] [Times: user=0.00 sys=0.00, real=0.00 secs] 
72.864: Total time for which application threads were stopped: 0.0003740 seconds, Stopping threads took: 0.0000430 seconds
72.901: Application time: 0.0369810 seconds
72.901: [GC72.901: [ParNew: 6968K->296K(7424K), 0.0003120 secs] 14191K->7520K(23808K), 0.0003270 secs] [Times: user=0.00 sys=0.00, real=0.00 secs] 
72.902: Total time for which application threads were stopped: 0.0004090 seconds, Stopping threads took: 0.0000440 seconds
72.938: Application time: 0.0364270 seconds
72.938: [GC72.938: [ParNew: 6952K->344K(7424K), 0.0002430 secs] 14176K->7568K(23808K), 0.0002590 secs] [Times: user=0.00 sys=0.00, real=0.00 secs] 
72.938: Total time for which application threads were stopped: 0.0003340 seconds, Stopping threads took: 0.0000360 seconds
72.974: Application time: 0.0358690 seconds
72.974: [GC72.974: [ParNew: 7000K->396K(7424K), 0.0003330 secs] 14224K->7620K(23808K), 0.0003500 secs] [Times: user=0.00 sys=0.00, real=0.00 secs] 
72.975: Total time for which application threads were stopped: 0.0004390 seconds, Stopping threads took: 0.0000450 seconds
73.014: Application time: 0.0387390 seconds
73.014: [GC73.014: [ParNew: 7052K->308K(7424K), 0.0002890 secs] 14276K->7660K(23808K), 0.0003060 secs] [Times: user=0.00 sys=0.00, real=0.00 secs] 
73.014: Total time for which application threads were stopped: 0.0003850 seconds, Stopping threads took: 0.0000360 seconds
73.051: Application time: 0.0370540 seconds
73.051: [GC73.051: [ParNew: 6964K->305K(7424K), 0.0002530 secs] 14316K->7657K(23808K), 0.0002710 secs] [Times: user=0.00 sys=0.00, real=0.00 secs] 
73.051: Total time for which application threads were stopped: 0.0003880 seconds, Stopping threads took: 0.0000730 seconds
73.088: Application time: 0.0368700 seconds
73.088: [GC73.088: [ParNew: 6961K->306K(7424K), 0.0002540 secs] 14313K->7658K(23808K), 0.0002720 secs] [Times: user=0.00 sys=0.00, real=0.00 secs] 
73.089: Total time for which application threads were stopped: 0.0003640 seconds, Stopping threads took: 0.0000500 seconds
73.125: Application time: 0.0367300 seconds
73.125: [GC73.125: [ParNew: 6962K->326K(7424K), 0.0002480 secs] 14314K->7678K(23808K), 0.0002650 secs] [Times: user=0.00 sys=0.00, real=0.00 secs] 
73.126: Total time for which application threads were stopped: 0.0003610 seconds, Stopping threads took: 0.0000430 seconds
73.163: Application time: 0.0369740 seconds
73.163: [GC73.163: [ParNew: 6982K->350K(7424K), 0.0002720 secs] 14334K->7702K(23808K), 0.0002900 secs] [Times: user=0.00 sys=0.00, real=0.00 secs] 
73.163: Total time for which application threads were stopped: 0.0003790 seconds, Stopping threads took: 0.0000450 seconds
73.200: Application time: 0.0367470 seconds
73.200: [GC73.200: [ParNew: 7006K->332K(7424K), 0.0003360 secs] 14358K->7683K(23808K), 0.0003640 secs] [Times: user=0.00 sys=0.00, real=0.00 secs] 
73.200: Total time for which application threads were stopped: 0.0004540 seconds, Stopping threads took: 0.0000470 seconds
73.237: Application time: 0.0368540 seconds
73.237: [GC73.237: [ParNew: 6988K->341K(7424K), 0.0002690 secs] 14339K->7693K(23808K), 0.0002870 secs] [Times: user=0.00 sys=0.00, real=0.00 secs] 
73.237: Total time for which application threads were stopped: 0.0003700 seconds, Stopping threads took: 0.0000420 seconds
73.274: Application time: 0.0367460 seconds
73.274: [GC73.274: [ParNew: 6997K->340K(7424K), 0.0002500 secs] 14349K->7691K(23808K), 0.0002680 secs] [Times: user=0.01 sys=0.00, real=0.00 secs] 
73.275: Total time for which application threads were stopped: 0.0003490 seconds, Stopping threads took: 0.0000400 seconds
73.312: Application time: 0.0370180 seconds
73.312: [GC73.312: [ParNew: 6996K->341K(7424K), 0.0004190 secs] 14347K->7693K(23808K), 0.0004450 secs] [Times: user=0.00 sys=0.00, real=0.00 secs] 
73.312: Total time for which application threads were stopped: 0.0006060 seconds, Stopping threads took: 0.0000750 seconds
73.349: Application time: 0.0371940 seconds
73.349: [GC73.349: [ParNew: 6997K->313K(7424K), 0.0002910 secs] 14349K->7721K(23808K), 0.0003100 secs] [Times: user=0.01 sys=0.00, real=0.00 secs] 
73.350: Total time for which application threads were stopped: 0.0004080 seconds, Stopping threads took: 0.0000520 seconds
73.387: Application time: 0.0368330 seconds
73.387: [GC73.387: [ParNew: 6969K->280K(7424K), 0.0002540 secs] 14377K->7752K(23808K), 0.0002710 secs] [Times: user=0.00 sys=0.00, real=0.00 secs] 
73.387: Total time for which application threads were stopped: 0.0003530 seconds, Stopping threads took: 0.0000410 seconds
73.424: Application time: 0.0366970 seconds
73.424: [GC73.424: [ParNew: 6936K->251K(7424K), 0.0002680 secs] 14408K->7794K(23808K), 0.0002880 secs] [Times: user=0.00 sys=0.00, real=0.00 secs] 
73.424: Total time for which application threads were stopped: 0.0003650 seconds, Stopping threads took: 0.0000380 seconds
73.461: Application time: 0.0372880 seconds
73.461: [GC73.461: [ParNew: 6907K->256K(7424K), 0.0002260 secs] 14450K->7800K(23808K), 0.0002430 secs] [Times: user=0.00 sys=0.00, real=0.00 secs] 
73.462: Total time for which application threads were stopped: 0.0003250 seconds, Stopping threads took: 0.0000400 seconds
73.499: Application time: 0.0369570 seconds
73.499: [GC73.499: [ParNew: 6912K->219K(7424K), 0.0002620 secs] 14456K->7827K(23808K), 0.0002800 secs] [Times: user=0.00 sys=0.00, real=0.00 secs] 
73.499: Total time for which application threads were stopped: 0.0003680 seconds, Stopping threads took: 0.0000450 seconds
73.535: Application time: 0.0357170 seconds
73.535: [GC73.535: [ParNew: 6875K->222K(7424K), 0.0003100 secs] 14483K->7926K(23808K), 0.0003270 secs] [Times: user=0.00 sys=0.00, real=0.00 secs] 
73.535: Total time for which application threads were stopped: 0.0004150 seconds, Stopping threads took: 0.0000470 seconds
73.571: Application time: 0.0361130 seconds
73.571: [GC73.571: [ParNew: 6878K->245K(7424K), 0.0002790 secs] 14582K->7949K(23808K), 0.0002970 secs] [Times: user=0.00 sys=0.00, real=0.00 secs] 
73.572: Total time for which application threads were stopped: 0.0003840 seconds, Stopping threads took: 0.0000460 seconds
73.609: Application time: 0.0370730 seconds
73.609: [GC73.609: [ParNew: 6901K->253K(7424K), 0.0002370 secs] 14605K->7957K(23808K), 0.0002520 secs] [Times: user=0.00 sys=0.00, real=0.00 secs] 
73.609: Total time for which application threads were stopped: 0.0003440 seconds, Stopping threads took: 0.0000510 seconds
73.645: Application time: 0.0358490 seconds
73.645: [GC73.645: [ParNew: 6909K->311K(7424K), 0.0002630 secs] 14613K->8015K(23808K), 0.0002800 secs] [Times: user=0.01 sys=0.00, real=0.00 secs] 
73.645: Total time for which application threads were stopped: 0.0003710 seconds, Stopping threads took: 0.0000400 seconds
73.682: Application time: 0.0369210 seconds
73.682: [GC73.682: [ParNew: 6967K->311K(7424K), 0.0003400 secs] 14671K->8015K(23808K), 0.0003620 secs] [Times: user=0.00 sys=0.00, real=0.00 secs] 
73.683: Total time for which application threads were stopped: 0.0004410 seconds, Stopping threads took: 0.0000400 seconds
73.719: Application time: 0.0362340 seconds
73.719: [GC73.719: [ParNew: 6967K->339K(7424K), 0.0002690 secs] 14671K->8043K(23808K), 0.0002870 secs] [Times: user=0.00 sys=0.00, real=0.00 secs] 
73.719: Total time for which application threads were stopped: 0.0003680 seconds, Stopping threads took: 0.0000390 seconds
73.756: Application time: 0.0364260 seconds
73.756: [GC73.756: [ParNew: 6995K->376K(7424K), 0.0002770 secs] 14699K->8080K(23808K), 0.0002930 secs] [Times: user=0.00 sys=0.00, real=0.00 secs] 
73.756: Total time for which application threads were stopped: 0.0003730 seconds, Stopping threads took: 0.0000400 seconds
73.793: Application time: 0.0366030 seconds
73.793: [GC73.793: [ParNew: 7032K->407K(7424K), 0.0002840 secs] 14736K->8111K(23808K), 0.0003020 secs] [Times: user=0.00 sys=0.00, real=0.00 secs] 
73.793: Total time for which application threads were stopped: 0.0003900 seconds, Stopping threads took: 0.0000470 seconds
73.830: Application time: 0.0365850 seconds
73.830: [GC73.830: [ParNew: 7063K->395K(7424K), 0.0002650 secs] 14767K->8100K(23808K), 0.0002830 secs] [Times: user=0.00 sys=0.00, real=0.00 secs] 
73.830: Total time for which application threads were stopped: 0.0003650 seconds, Stopping threads took: 0.0000400 seconds
73.867: Application time: 0.0372960 seconds
73.867: [GC73.867: [ParNew: 7051K->391K(7424K), 0.0003430 secs] 14756K->8095K(23808K), 0.0003590 secs] [Times: user=0.00 sys=0.00, real=0.00 secs] 
73.868: Total time for which application threads were stopped: 0.0004410 seconds, Stopping threads took: 0.0000400 seconds
73.905: Application time: 0.0370580 seconds
73.905: [GC73.905: [ParNew: 7047K->386K(7424K), 0.0002830 secs] 14751K->8090K(23808K), 0.0002990 secs] [Times: user=0.00 sys=0.00, real=0.00 secs] 
73.905: Total time for which application threads were stopped: 0.0003970 seconds, Stopping threads took: 0.0000550 seconds
73.942: Application time: 0.0366160 seconds
73.942: [GC73.942: [ParNew: 7042K->394K(7424K), 0.0002870 secs] 14746K->8099K(23808K), 0.0003040 secs] [Times: user=0.00 sys=0.00, real=0.01 secs] 
73.942: Total time for which application threads were stopped: 0.0003870 seconds, Stopping threads took: 0.0000430 seconds
73.979: Application time: 0.0369160 seconds
73.979: [GC73.979: [ParNew: 7050K->399K(7424K), 0.0002610 secs] 14755K->8103K(23808K), 0.0002780 secs] [Times: user=0.00 sys=0.00, real=0.00 secs] 
73.979: Total time for which application threads were stopped: 0.0003670 seconds, Stopping threads took: 0.0000460 seconds
74.016: Application time: 0.0367810 seconds
74.016: [GC74.016: [ParNew: 7055K->397K(7424K), 0.0002820 secs] 14759K->8102K(23808K), 0.0002990 secs] [Times: user=0.00 sys=0.00, real=0.00 secs] 
74.017: Total time for which application threads were stopped: 0.0003880 seconds, Stopping threads took: 0.0000490 seconds
74.054: Application time: 0.0370320 seconds
74.054: [GC74.054: [ParNew: 7053K->392K(7424K), 0.0002630 secs] 14758K->8096K(23808K), 0.0002810 secs] [Times: user=0.01 sys=0.00, real=0.00 secs] 
74.054: Total time for which application threads were stopped: 0.0003560 seconds, Stopping threads took: 0.0000340 seconds
74.091: Application time: 0.0367430 seconds
74.091: [GC74.091: [ParNew: 7048K->330K(7424K), 0.0003570 secs] 14752K->8122K(23808K), 0.0003720 secs] [Times: user=0.00 sys=0.00, real=0.00 secs] 
74.091: Total time for which application threads were stopped: 0.0004580 seconds, Stopping threads took: 0.0000460 seconds
74.128: Application time: 0.0367950 seconds
74.128: [GC74.128: [ParNew: 6986K->311K(7424K), 0.0002650 secs] 14778K->8159K(23808K), 0.0002820 secs] [Times: user=0.01 sys=0.00, real=0.00 secs] 
74.128: Total time for which application threads were stopped: 0.0003620 seconds, Stopping threads took: 0.0000410 seconds
74.165: Application time: 0.0368330 seconds
74.165: [GC74.165: [ParNew: 6967K->316K(7424K), 0.0002650 secs] 14815K->8164K(23808K), 0.0002890 secs] [Times: user=0.00 sys=0.00, real=0.00 secs] 
74.166: Total time for which application threads were stopped: 0.0003820 seconds, Stopping threads took: 0.0000440 seconds
74.203: Application time: 0.0369540 seconds
74.203: [GC74.203: [ParNew: 6972K->254K(7424K), 0.0003210 secs] 14820K->8198K(23808K), 0.0003370 secs] [Times: user=0.00 sys=0.00, real=0.00 secs] 
74.203: Total time for which application threads were stopped: 0.0004180 seconds, Stopping threads took: 0.0000390 seconds
74.240: Application time: 0.0370590 seconds
74.240: [GC74.240: [ParNew: 6910K->259K(7424K), 0.0002200 secs] 14854K->8204K(23808K), 0.0002380 secs] [Times: user=0.00 sys=0.00, real=0.00 secs] 
74.240: Total time for which application threads were stopped: 0.0003200 seconds, Stopping threads took: 0.0000400 seconds
74.277: Application time: 0.0369010 seconds
74.277: [GC74.277: [ParNew: 6915K->237K(7424K), 0.0003080 secs] 14860K->8238K(23808K), 0.0003250 secs] [Times: user=0.00 sys=0.00, real=0.00 secs] 
74.278: Total time for which application threads were stopped: 0.0004100 seconds, Stopping threads took: 0.0000460 seconds
74.315: Application time: 0.0373070 seconds
74.315: [GC74.315: [ParNew: 6893K->244K(7424K), 0.0003750 secs] 14894K->8309K(23808K), 0.0003980 secs] [Times: user=0.00 sys=0.00, real=0.00 secs] 
74.315: Total time for which application threads were stopped: 0.0005080 seconds, Stopping threads took: 0.0000550 seconds
74.352: Application time: 0.0369000 seconds
74.352: [GC74.352: [ParNew: 6900K->217K(7424K), 0.0003210 secs] 14965K->8338K(23808K), 0.0003400 secs] [Times: user=0.00 sys=0.00, real=0.00 secs] 
74.353: Total time for which application threads were stopped: 0.0004350 seconds, Stopping threads took: 0.0000480 seconds
74.389: Application time: 0.0364060 seconds
74.389: [GC74.389: [ParNew: 6873K->253K(7424K), 0.0002760 secs] 14994K->8374K(23808K), 0.0002920 secs] [Times: user=0.00 sys=0.00, real=0.00 secs] 
74.390: Total time for which application threads were stopped: 0.0003690 seconds, Stopping threads took: 0.0000370 seconds
74.426: Application time: 0.0364420 seconds
74.426: [GC74.426: [ParNew: 6909K->281K(7424K), 0.0002300 secs] 15030K->8402K(23808K), 0.0002480 secs] [Times: user=0.00 sys=0.00, real=0.00 secs] 
74.426: Total time for which application threads were stopped: 0.0003330 seconds, Stopping threads took: 0.0000430 seconds
74.463: Application time: 0.0364920 seconds
74.463: [GC74.463: [ParNew: 6937K->311K(7424K), 0.0002640 secs] 15058K->8432K(23808K), 0.0002800 secs] [Times: user=0.00 sys=0.00, real=0.00 secs] 
74.463: Total time for which application threads were stopped: 0.0003620 seconds, Stopping threads took: 0.0000410 seconds
74.500: Application time: 0.0364990 seconds
74.500: [GC74.500: [ParNew: 6967K->333K(7424K), 0.0002520 secs] 15088K->8453K(23808K), 0.0002680 secs] [Times: user=0.00 sys=0.00, real=0.00 secs] 
74.500: Total time for which application threads were stopped: 0.0003520 seconds, Stopping threads took: 0.0000430 seconds
74.537: Application time: 0.0364830 seconds
74.537: [GC74.537: [ParNew: 6989K->360K(7424K), 0.0003310 secs] 15109K->8480K(23808K), 0.0003480 secs] [Times: user=0.01 sys=0.00, real=0.00 secs] 
74.537: Total time for which application threads were stopped: 0.0004320 seconds, Stopping threads took: 0.0000420 seconds
74.574: Application time: 0.0365750 seconds
74.574: [GC74.574: [ParNew: 7016K->393K(7424K), 0.0003760 secs] 15136K->8514K(23808K), 0.0003920 secs] [Times: user=0.00 sys=0.00, real=0.01 secs] 
74.574: Total time for which application threads were stopped: 0.0004720 seconds, Stopping threads took: 0.0000400 seconds
74.611: Application time: 0.0367080 seconds
74.611: [GC74.611: [ParNew: 7049K->397K(7424K), 0.0003430 secs] 15170K->8518K(23808K), 0.0003620 secs] [Times: user=0.00 sys=0.00, real=0.00 secs] 
74.611: Total time for which application threads were stopped: 0.0004500 seconds, Stopping threads took: 0.0000450 seconds
74.648: Application time: 0.0372490 seconds
74.649: [GC74.649: [ParNew: 7053K->394K(7424K), 0.0003630 secs] 15174K->8514K(23808K), 0.0003880 secs] [Times: user=0.00 sys=0.00, real=0.00 secs] 
74.649: Total time for which application threads were stopped: 0.0004700 seconds, Stopping threads took: 0.0000410 seconds
74.686: Application time: 0.0369490 seconds
74.686: [GC74.686: [ParNew: 7050K->398K(7424K), 0.0002900 secs] 15170K->8519K(23808K), 0.0003070 secs] [Times: user=0.00 sys=0.00, real=0.00 secs] 
74.686: Total time for which application threads were stopped: 0.0003910 seconds, Stopping threads took: 0.0000350 seconds
74.723: Application time: 0.0367240 seconds
74.723: [GC74.723: [ParNew: 7054K->398K(7424K), 0.0002960 secs] 15175K->8518K(23808K), 0.0003140 secs] [Times: user=0.01 sys=0.00, real=0.00 secs] 
74.723: Total time for which application threads were stopped: 0.0004050 seconds, Stopping threads took: 0.0000470 seconds
74.760: Application time: 0.0370130 seconds
74.760: [GC74.761: [ParNew: 7054K->402K(7424K), 0.0002610 secs] 15174K->8522K(23808K), 0.0002790 secs] [Times: user=0.00 sys=0.00, real=0.00 secs] 
74.761: Total time for which application threads were stopped: 0.0003590 seconds, Stopping threads took: 0.0000400 seconds
74.798: Application time: 0.0371370 seconds
74.798: [GC74.798: [ParNew: 7058K->332K(7424K), 0.0002930 secs] 15178K->8549K(23808K), 0.0003120 secs] [Times: user=0.00 sys=0.00, real=0.00 secs] 
74.798: Total time for which application threads were stopped: 0.0003970 seconds, Stopping threads took: 0.0000450 seconds
74.835: Application time: 0.0367700 seconds
74.835: [GC74.835: [ParNew: 6988K->332K(7424K), 0.0002710 secs] 15205K->8549K(23808K), 0.0002880 secs] [Times: user=0.00 sys=0.00, real=0.00 secs] 
74.835: Total time for which application threads were stopped: 0.0003680 seconds, Stopping threads took: 0.0000380 seconds
74.872: Application time: 0.0368130 seconds
74.872: [GC74.872: [ParNew: 6988K->333K(7424K), 0.0002560 secs] 15205K->8549K(23808K), 0.0002720 secs] [Times: user=0.00 sys=0.00, real=0.00 secs] 
74.873: Total time for which application threads were stopped: 0.0003560 seconds, Stopping threads took: 0.0000430 seconds
74.909: Application time: 0.0368230 seconds
74.910: [GC74.910: [ParNew: 6989K->337K(7424K), 0.0003310 secs] 15205K->8553K(23808K), 0.0003490 secs] [Times: user=0.00 sys=0.00, real=0.00 secs] 
74.910: Total time for which application threads were stopped: 0.0004350 seconds, Stopping threads took: 0.0000440 seconds
74.947: Application time: 0.0367680 seconds
74.947: [GC74.947: [ParNew: 6993K->315K(7424K), 0.0002910 secs] 15209K->8595K(23808K), 0.0003080 secs] [Times: user=0.00 sys=0.00, real=0.00 secs] 
74.947: Total time for which application threads were stopped: 0.0003860 seconds, Stopping threads took: 0.0000370 seconds
74.984: Application time: 0.0370400 seconds
74.984: [GC74.984: [ParNew: 6971K->288K(7424K), 0.0002460 secs] 15251K->8640K(23808K), 0.0002620 secs] [Times: user=0.01 sys=0.00, real=0.00 secs] 
74.984: Total time for which application threads were stopped: 0.0003440 seconds, Stopping threads took: 0.0000430 seconds
75.022: Application time: 0.0370870 seconds
75.022: [GC75.022: [ParNew: 6944K->255K(7424K), 0.0003120 secs] 15296K->8664K(23808K), 0.0003280 secs] [Times: user=0.00 sys=0.00, real=0.00 secs] 
75.022: Total time for which application threads were stopped: 0.0004150 seconds, Stopping threads took: 0.0000450 seconds
75.059: Application time: 0.0369900 seconds
75.059: [GC75.059: [ParNew: 6911K->226K(7424K), 0.0002440 secs] 15320K->8699K(23808K), 0.0002610 secs] [Times: user=0.00 sys=0.00, real=0.00 secs] 
75.059: Total time for which application threads were stopped: 0.0003420 seconds, Stopping threads took: 0.0000410 seconds
75.096: Application time: 0.0365540 seconds
75.096: [GC75.096: [ParNew: 6882K->230K(7424K), 0.0002590 secs] 15355K->8774K(23808K), 0.0002780 secs] [Times: user=0.01 sys=0.00, real=0.00 secs] 
75.096: Total time for which application threads were stopped: 0.0003660 seconds, Stopping threads took: 0.0000440 seconds
75.132: Application time: 0.0361110 seconds
75.132: [GC75.132: [ParNew: 6886K->230K(7424K), 0.0003140 secs] 15430K->8830K(23808K), 0.0003400 secs] [Times: user=0.01 sys=0.00, real=0.00 secs] 
75.133: Total time for which application threads were stopped: 0.0004540 seconds, Stopping threads took: 0.0000690 seconds
75.169: Application time: 0.0364060 seconds
75.169: [GC75.169: [ParNew: 6886K->256K(7424K), 0.0002650 secs] 15486K->8857K(23808K), 0.0002840 secs] [Times: user=0.00 sys=0.00, real=0.00 secs] 
75.170: Total time for which application threads were stopped: 0.0003740 seconds, Stopping threads took: 0.0000450 seconds
75.206: Application time: 0.0362780 seconds
75.206: [GC75.206: [ParNew: 6912K->286K(7424K), 0.0002390 secs] 15513K->8887K(23808K), 0.0002570 secs] [Times: user=0.00 sys=0.00, real=0.00 secs] 
75.206: Total time for which application threads were stopped: 0.0003490 seconds, Stopping threads took: 0.0000410 seconds
75.243: Application time: 0.0365630 seconds
75.243: [GC75.243: [ParNew: 6942K->318K(7424K), 0.0002800 secs] 15543K->8919K(23808K), 0.0002970 secs] [Times: user=0.00 sys=0.00, real=0.00 secs] 
75.243: Total time for which application threads were stopped: 0.0003760 seconds, Stopping threads took: 0.0000380 seconds
75.280: Application time: 0.0369600 seconds
75.280: [GC75.280: [ParNew: 6974K->291K(7424K), 0.0002570 secs] 15575K->8892K(23808K), 0.0002740 secs] [Times: user=0.00 sys=0.00, real=0.00 secs] 
75.280: Total time for which application threads were stopped: 0.0003580 seconds, Stopping threads took: 0.0000430 seconds
75.316: Application time: 0.0359900 seconds
75.317: [GC75.317: [ParNew: 6947K->364K(7424K), 0.0003630 secs] 15548K->8965K(23808K), 0.0003840 secs] [Times: user=0.00 sys=0.00, real=0.00 secs] 
75.317: Total time for which application threads were stopped: 0.0004830 seconds, Stopping threads took: 0.0000480 seconds
75.353: Application time: 0.0364220 seconds
75.353: [GC75.353: [ParNew: 7020K->396K(7424K), 0.0003210 secs] 15621K->8997K(23808K), 0.0003390 secs] [Times: user=0.00 sys=0.00, real=0.00 secs] 
75.354: Total time for which application threads were stopped: 0.0004220 seconds, Stopping threads took: 0.0000380 seconds
75.391: Application time: 0.0368090 seconds
75.391: [GC75.391: [ParNew: 7052K->401K(7424K), 0.0002900 secs] 15653K->9001K(23808K), 0.0003090 secs] [Times: user=0.00 sys=0.00, real=0.00 secs] 
75.391: Total time for which application threads were stopped: 0.0004140 seconds, Stopping threads took: 0.0000630 seconds
75.428: Application time: 0.0372160 seconds
75.428: [GC75.428: [ParNew: 7057K->399K(7424K), 0.0003080 secs] 15657K->9000K(23808K), 0.0003260 secs] [Times: user=0.00 sys=0.00, real=0.00 secs] 
75.429: Total time for which application threads were stopped: 0.0004070 seconds, Stopping threads took: 0.0000390 seconds
75.465: Application time: 0.0368340 seconds
75.466: [GC75.466: [ParNew: 7055K->394K(7424K), 0.0002600 secs] 15656K->8995K(23808K), 0.0002760 secs] [Times: user=0.01 sys=0.00, real=0.00 secs] 
75.466: Total time for which application threads were stopped: 0.0003540 seconds, Stopping threads took: 0.0000360 seconds
75.503: Application time: 0.0369210 seconds
75.503: [GC75.503: [ParNew: 7050K->399K(7424K), 0.0003010 secs] 15651K->8999K(23808K), 0.0003160 secs] [Times: user=0.00 sys=0.00, real=0.00 secs] 
75.503: Total time for which application threads were stopped: 0.0003960 seconds, Stopping threads took: 0.0000380 seconds
75.540: Application time: 0.0370710 seconds
75.540: [GC75.540: [ParNew: 7055K->397K(7424K), 0.0002810 secs] 15655K->8998K(23808K), 0.0002970 secs] [Times: user=0.00 sys=0.00, real=0.00 secs] 
75.541: Total time for which application threads were stopped: 0.0003800 seconds, Stopping threads took: 0.0000430 seconds
75.577: Application time: 0.0367460 seconds
75.577: [GC75.577: [ParNew: 7053K->401K(7424K), 0.0002600 secs] 15654K->9001K(23808K), 0.0002760 secs] [Times: user=0.00 sys=0.00, real=0.00 secs] 
75.578: Total time for which application threads were stopped: 0.0003620 seconds, Stopping threads took: 0.0000460 seconds
75.615: Application time: 0.0370140 seconds
75.615: [GC75.615: [ParNew: 7057K->393K(7424K), 0.0002910 secs] 15657K->8994K(23808K), 0.0003160 secs] [Times: user=0.01 sys=0.00, real=0.00 secs] 
75.615: Total time for which application threads were stopped: 0.0004050 seconds, Stopping threads took: 0.0000460 seconds
75.652: Application time: 0.0371310 seconds
75.652: [GC75.652: [ParNew: 7049K->367K(7424K), 0.0002990 secs] 15650K->9031K(23808K), 0.0003160 secs] [Times: user=0.00 sys=0.00, real=0.00 secs] 
75.653: Total time for which application threads were stopped: 0.0003970 seconds, Stopping threads took: 0.0000390 seconds
75.689: Application time: 0.0367050 seconds
75.689: [GC75.689: [ParNew: 7023K->344K(7424K), 0.0003000 secs] 15687K->9065K(23808K), 0.0003170 secs] [Times: user=0.00 sys=0.00, real=0.00 secs] 
75.690: Total time for which application threads were stopped: 0.0004030 seconds, Stopping threads took: 0.0000460 seconds
75.727: Application time: 0.0370960 seconds
75.727: [GC75.727: [ParNew: 7000K->308K(7424K), 0.0002450 secs] 15721K->9093K(23808K), 0.0002610 secs] [Times: user=0.00 sys=0.00, real=0.00 secs] 
75.727: Total time for which application threads were stopped: 0.0003470 seconds, Stopping threads took: 0.0000380 seconds
75.764: Application time: 0.0365770 seconds
75.764: [GC75.764: [ParNew: 6964K->281K(7424K), 0.0002570 secs] 15749K->9130K(23808K), 0.0002740 secs] [Times: user=0.01 sys=0.00, real=0.00 secs] 
75.764: Total time for which application threads were stopped: 0.0003550 seconds, Stopping threads took: 0.0000400 seconds
75.805: Application time: 0.0406700 seconds
75.805: [GC75.805: [ParNew: 6937K->248K(7424K), 0.0003100 secs] 15786K->9153K(23808K), 0.0003290 secs] [Times: user=0.00 sys=0.00, real=0.00 secs] 
75.805: Total time for which application threads were stopped: 0.0004180 seconds, Stopping threads took: 0.0000420 seconds
75.842: Application time: 0.0372550 seconds
75.843: [GC75.843: [ParNew: 6904K->248K(7424K), 0.0003100 secs] 15809K->9153K(23808K), 0.0003250 secs] [Times: user=0.00 sys=0.00, real=0.00 secs] 
75.843: Total time for which application threads were stopped: 0.0004020 seconds, Stopping threads took: 0.0000390 seconds
75.879: Application time: 0.0361330 seconds
75.879: [GC75.879: [ParNew: 6904K->225K(7424K), 0.0002560 secs] 15809K->9225K(23808K), 0.0002740 secs] [Times: user=0.00 sys=0.00, real=0.00 secs] 
75.879: Total time for which application threads were stopped: 0.0003640 seconds, Stopping threads took: 0.0000490 seconds
75.916: Application time: 0.0363630 seconds
75.916: [GC75.916: [ParNew: 6881K->225K(7424K), 0.0002430 secs] 15881K->9298K(23808K), 0.0002620 secs] [Times: user=0.00 sys=0.00, real=0.00 secs] 
75.916: Total time for which application threads were stopped: 0.0003480 seconds, Stopping threads took: 0.0000420 seconds
75.953: Application time: 0.0370960 seconds
75.953: [GC75.953: [ParNew: 6881K->254K(7424K), 0.0002460 secs] 15954K->9326K(23808K), 0.0002650 secs] [Times: user=0.00 sys=0.00, real=0.00 secs] 
75.954: Total time for which application threads were stopped: 0.0003480 seconds, Stopping threads took: 0.0000390 seconds
75.990: Application time: 0.0360980 seconds
75.990: [GC75.990: [ParNew: 6910K->285K(7424K), 0.0003380 secs] 15982K->9358K(23808K), 0.0003540 secs] [Times: user=0.00 sys=0.00, real=0.00 secs] 
75.990: Total time for which application threads were stopped: 0.0004320 seconds, Stopping threads took: 0.0000380 seconds
76.028: Application time: 0.0374370 seconds
76.028: [GC76.028: [ParNew: 6941K->279K(7424K), 0.0002460 secs] 16014K->9352K(23808K), 0.0002620 secs] [Times: user=0.00 sys=0.00, real=0.00 secs] 
76.028: Total time for which application threads were stopped: 0.0003400 seconds, Stopping threads took: 0.0000370 seconds
76.064: Application time: 0.0360500 seconds
76.064: [GC76.064: [ParNew: 6935K->311K(7424K), 0.0002630 secs] 16008K->9384K(23808K), 0.0002810 secs] [Times: user=0.00 sys=0.00, real=0.00 secs] 
76.064: Total time for which application threads were stopped: 0.0003580 seconds, Stopping threads took: 0.0000360 seconds
76.100: Application time: 0.0358710 seconds
76.100: [GC76.100: [ParNew: 6967K->364K(7424K), 0.0002990 secs] 16040K->9437K(23808K), 0.0003240 secs] [Times: user=0.00 sys=0.00, real=0.00 secs] 
76.101: Total time for which application threads were stopped: 0.0004020 seconds, Stopping threads took: 0.0000350 seconds
76.138: Application time: 0.0375800 seconds
76.142: [GC76.142: [ParNew: 7020K->335K(7424K), 0.0002840 secs] 16093K->9408K(23808K), 0.0003050 secs] [Times: user=0.00 sys=0.00, real=0.00 secs] 
76.142: Total time for which application threads were stopped: 0.0043060 seconds, Stopping threads took: 0.0039550 seconds
76.179: Application time: 0.0364910 seconds
76.179: [GC76.179: [ParNew: 6991K->382K(7424K), 0.0002910 secs] 16064K->9455K(23808K), 0.0003100 secs] [Times: user=0.00 sys=0.00, real=0.00 secs] 
76.179: Total time for which application threads were stopped: 0.0004340 seconds, Stopping threads took: 0.0000800 seconds
76.216: Application time: 0.0365810 seconds
76.216: [GC76.216: [ParNew: 7038K->386K(7424K), 0.0002590 secs] 16111K->9459K(23808K), 0.0002780 secs] [Times: user=0.00 sys=0.00, real=0.00 secs] 
76.216: Total time for which application threads were stopped: 0.0003700 seconds, Stopping threads took: 0.0000450 seconds
76.254: Application time: 0.0376230 seconds
76.254: [GC76.254: [ParNew: 7042K->395K(7424K), 0.0003000 secs] 16115K->9468K(23808K), 0.0003180 secs] [Times: user=0.00 sys=0.00, real=0.01 secs] 
76.254: Total time for which application threads were stopped: 0.0004090 seconds, Stopping threads took: 0.0000410 seconds
76.291: Application time: 0.0365960 seconds
76.291: [GC76.291: [ParNew: 7051K->377K(7424K), 0.0002670 secs] 16124K->9450K(23808K), 0.0002840 secs] [Times: user=0.00 sys=0.00, real=0.00 secs] 
76.291: Total time for which application threads were stopped: 0.0003890 seconds, Stopping threads took: 0.0000600 seconds
76.328: Application time: 0.0368980 seconds
76.328: [GC76.328: [ParNew: 7033K->402K(7424K), 0.0003380 secs] 16106K->9474K(23808K), 0.0003590 secs] [Times: user=0.00 sys=0.00, real=0.00 secs] 
76.329: Total time for which application threads were stopped: 0.0004680 seconds, Stopping threads took: 0.0000550 seconds
76.366: Application time: 0.0369370 seconds
76.366: [GC76.366: [ParNew: 7058K->372K(7424K), 0.0002890 secs] 16130K->9517K(23808K), 0.0003080 secs] [Times: user=0.00 sys=0.01, real=0.00 secs] 
76.366: Total time for which application threads were stopped: 0.0004130 seconds, Stopping threads took: 0.0000470 seconds
76.403: Application time: 0.0367250 seconds
76.403: [GC76.403: [ParNew: 7028K->370K(7424K), 0.0002840 secs] 16173K->9514K(23808K), 0.0003020 secs] [Times: user=0.00 sys=0.00, real=0.00 secs] 
76.403: Total time for which application threads were stopped: 0.0003880 seconds, Stopping threads took: 0.0000430 seconds
76.440: Application time: 0.0369580 seconds
76.440: [GC76.440: [ParNew: 7026K->366K(7424K), 0.0003480 secs] 16170K->9511K(23808K), 0.0003650 secs] [Times: user=0.00 sys=0.00, real=0.00 secs] 
76.441: Total time for which application threads were stopped: 0.0004500 seconds, Stopping threads took: 0.0000440 seconds
76.477: Application time: 0.0367010 seconds
76.477: [GC76.477: [ParNew: 7022K->337K(7424K), 0.0003200 secs] 16167K->9530K(23808K), 0.0003370 secs] [Times: user=0.00 sys=0.00, real=0.00 secs] 
76.478: Total time for which application threads were stopped: 0.0004330 seconds, Stopping threads took: 0.0000530 seconds
76.514: Application time: 0.0366940 seconds
76.514: [GC76.514: [ParNew: 6993K->313K(7424K), 0.0002490 secs] 16186K->9562K(23808K), 0.0002670 secs] [Times: user=0.00 sys=0.00, real=0.00 secs] 
76.515: Total time for which application threads were stopped: 0.0003420 seconds, Stopping threads took: 0.0000340 seconds
76.552: Application time: 0.0370140 seconds
76.552: [GC76.552: [ParNew: 6969K->280K(7424K), 0.0003170 secs] 16218K->9593K(23808K), 0.0003350 secs] [Times: user=0.00 sys=0.00, real=0.00 secs] 
76.552: Total time for which application threads were stopped: 0.0004230 seconds, Stopping threads took: 0.0000460 seconds
76.589: Application time: 0.0369770 seconds
76.589: [GC76.589: [ParNew: 6936K->287K(7424K), 0.0002560 secs] 16249K->9600K(23808K), 0.0002800 secs] [Times: user=0.00 sys=0.00, real=0.00 secs] 
76.590: Total time for which application threads were stopped: 0.0003660 seconds, Stopping threads took: 0.0000430 seconds
76.626: Application time: 0.0366890 seconds
76.626: [GC76.626: [ParNew: 6943K->257K(7424K), 0.0002300 secs] 16256K->9626K(23808K), 0.0002470 secs] [Times: user=0.00 sys=0.00, real=0.00 secs] 
76.627: Total time for which application threads were stopped: 0.0003260 seconds, Stopping threads took: 0.0000380 seconds
76.663: Application time: 0.0364020 seconds
76.663: [GC76.663: [ParNew: 6913K->220K(7424K), 0.0002380 secs] 16282K->9689K(23808K), 0.0002540 secs] [Times: user=0.00 sys=0.00, real=0.00 secs] 
76.663: Total time for which application threads were stopped: 0.0003360 seconds, Stopping threads took: 0.0000400 seconds
76.700: Application time: 0.0363780 seconds
76.700: [GC76.700: [ParNew: 6876K->253K(7424K), 0.0002480 secs] 16345K->9722K(23808K), 0.0002660 secs] [Times: user=0.00 sys=0.00, real=0.00 secs] 
76.700: Total time for which application threads were stopped: 0.0003430 seconds, Stopping threads took: 0.0000360 seconds
76.736: Application time: 0.0362820 seconds
76.736: [GC76.736: [ParNew: 6909K->247K(7424K), 0.0002330 secs] 16378K->9772K(23808K), 0.0002500 secs] [Times: user=0.00 sys=0.00, real=0.00 secs] 
76.737: Total time for which application threads were stopped: 0.0003350 seconds, Stopping threads took: 0.0000420 seconds
76.773: Application time: 0.0361590 seconds
76.773: [GC76.773: [ParNew: 6903K->278K(7424K), 0.0002300 secs] 16428K->9803K(23808K), 0.0002460 secs] [Times: user=0.00 sys=0.00, real=0.00 secs] 
76.773: Total time for which application threads were stopped: 0.0003440 seconds, Stopping threads took: 0.0000450 seconds
76.810: Application time: 0.0368490 seconds
76.810: [GC76.810: [ParNew: 6934K->282K(7424K), 0.0002300 secs] 16459K->9808K(23808K), 0.0002480 secs] [Times: user=0.00 sys=0.00, real=0.00 secs] 
76.810: Total time for which application threads were stopped: 0.0003390 seconds, Stopping threads took: 0.0000490 seconds
76.847: Application time: 0.0365520 seconds
76.847: [GC76.847: [ParNew: 6938K->310K(7424K), 0.0002600 secs] 16464K->9835K(23808K), 0.0002790 secs] [Times: user=0.00 sys=0.00, real=0.00 secs] 
76.847: Total time for which application threads were stopped: 0.0003700 seconds, Stopping threads took: 0.0000480 seconds
76.883: Application time: 0.0357910 seconds
76.883: [GC76.883: [ParNew: 6966K->360K(7424K), 0.0002790 secs] 16491K->9885K(23808K), 0.0002970 secs] [Times: user=0.00 sys=0.00, real=0.00 secs] 
76.883: Total time for which application threads were stopped: 0.0003870 seconds, Stopping threads took: 0.0000480 seconds
76.921: Application time: 0.0371720 seconds
76.922: [GC76.922: [ParNew: 7016K->362K(7424K), 0.0003150 secs] 16541K->9888K(23808K), 0.0003330 secs] [Times: user=0.01 sys=0.00, real=0.00 secs] 
76.922: Total time for which application threads were stopped: 0.0018450 seconds, Stopping threads took: 0.0014710 seconds
76.959: Application time: 0.0363280 seconds
76.959: [GC76.959: [ParNew: 7018K->402K(7424K), 0.0002700 secs] 16544K->9927K(23808K), 0.0002890 secs] [Times: user=0.01 sys=0.00, real=0.00 secs] 
76.959: Total time for which application threads were stopped: 0.0003720 seconds, Stopping threads took: 0.0000410 seconds
76.996: Application time: 0.0372600 seconds
76.996: [GC76.997: [ParNew: 7058K->393K(7424K), 0.0002850 secs] 16583K->9918K(23808K), 0.0003020 secs] [Times: user=0.00 sys=0.00, real=0.00 secs] 
76.997: Total time for which application threads were stopped: 0.0003890 seconds, Stopping threads took: 0.0000460 seconds
77.033: Application time: 0.0366050 seconds
77.033: [GC77.033: [ParNew: 7049K->389K(7424K), 0.0003650 secs] 16574K->9914K(23808K), 0.0003830 secs] [Times: user=0.00 sys=0.00, real=0.00 secs] 
77.034: Total time for which application threads were stopped: 0.0004720 seconds, Stopping threads took: 0.0000430 seconds
77.071: Application time: 0.0368960 seconds
77.071: [GC77.071: [ParNew: 7045K->401K(7424K), 0.0002600 secs] 16570K->9926K(23808K), 0.0002860 secs] [Times: user=0.01 sys=0.00, real=0.00 secs] 
77.071: Total time for which application threads were stopped: 0.0003770 seconds, Stopping threads took: 0.0000470 seconds
77.108: Application time: 0.0366890 seconds
77.108: [GC77.108: [ParNew: 7057K->402K(7424K), 0.0002640 secs] 16582K->9927K(23808K), 0.0002820 secs] [Times: user=0.00 sys=0.00, real=0.00 secs] 
77.108: Total time for which application threads were stopped: 0.0003660 seconds, Stopping threads took: 0.0000410 seconds
77.145: Application time: 0.0370720 seconds
77.145: [GC77.145: [ParNew: 7058K->402K(7424K), 0.0002900 secs] 16583K->9927K(23808K), 0.0003070 secs] [Times: user=0.00 sys=0.00, real=0.00 secs] 
77.146: Total time for which application threads were stopped: 0.0003980 seconds, Stopping threads took: 0.0000480 seconds
77.182: Application time: 0.0366280 seconds
77.182: [GC77.182: [ParNew: 7058K->398K(7424K), 0.0002730 secs] 16583K->9923K(23808K), 0.0002910 secs] [Times: user=0.01 sys=0.00, real=0.00 secs] 
77.183: Total time for which application threads were stopped: 0.0003790 seconds, Stopping threads took: 0.0000440 seconds
77.219: Application time: 0.0366410 seconds
77.219: [GC77.219: [ParNew: 7054K->362K(7424K), 0.0003840 secs] 16579K->9935K(23808K), 0.0004010 secs] [Times: user=0.00 sys=0.00, real=0.00 secs] 
77.220: Total time for which application threads were stopped: 0.0005000 seconds, Stopping threads took: 0.0000560 seconds
77.257: Application time: 0.0370410 seconds
77.257: [GC77.257: [ParNew: 7018K->341K(7424K), 0.0002830 secs] 16591K->9986K(23808K), 0.0003020 secs] [Times: user=0.00 sys=0.00, real=0.00 secs] 
77.257: Total time for which application threads were stopped: 0.0003910 seconds, Stopping threads took: 0.0000430 seconds
77.294: Application time: 0.0368890 seconds
77.294: [GC77.294: [ParNew: 6997K->315K(7424K), 0.0002850 secs] 16642K->10032K(23808K), 0.0003030 secs] [Times: user=0.01 sys=0.00, real=0.00 secs] 
77.295: Total time for which application threads were stopped: 0.0004040 seconds, Stopping threads took: 0.0000460 seconds
77.333: Application time: 0.0382640 seconds
77.333: [GC77.333: [ParNew: 6971K->274K(7424K), 0.0003230 secs] 16688K->10064K(23808K), 0.0003460 secs] [Times: user=0.00 sys=0.00, real=0.00 secs] 
77.333: Total time for which application threads were stopped: 0.0004480 seconds, Stopping threads took: 0.0000480 seconds
77.370: Application time: 0.0371130 seconds
77.370: [GC77.370: [ParNew: 6930K->277K(7424K), 0.0002680 secs] 16720K->10067K(23808K), 0.0002860 secs] [Times: user=0.00 sys=0.00, real=0.00 secs] 
77.371: Total time for which application threads were stopped: 0.0003650 seconds, Stopping threads took: 0.0000380 seconds
77.408: Application time: 0.0367450 seconds
77.408: [GC77.408: [ParNew: 6933K->252K(7424K), 0.0003190 secs] 16723K->10106K(23808K), 0.0003350 secs] [Times: user=0.01 sys=0.00, real=0.00 secs] 
77.408: Total time for which application threads were stopped: 0.0004190 seconds, Stopping threads took: 0.0000440 seconds
77.445: Application time: 0.0369980 seconds
77.445: [GC77.445: [ParNew: 6908K->210K(7424K), 0.0002660 secs] 16762K->10167K(23808K), 0.0002840 secs] [Times: user=0.00 sys=0.00, real=0.00 secs] 
77.445: Total time for which application threads were stopped: 0.0003670 seconds, Stopping threads took: 0.0000400 seconds
77.482: Application time: 0.0367100 seconds
77.482: [GC77.482: [ParNew: 6866K->220K(7424K), 0.0002480 secs] 16823K->10177K(23808K), 0.0002640 secs] [Times: user=0.00 sys=0.00, real=0.00 secs] 
77.482: Total time for which application threads were stopped: 0.0003550 seconds, Stopping threads took: 0.0000490 seconds
77.519: Application time: 0.0363480 seconds
77.519: [GC77.519: [ParNew: 6876K->225K(7424K), 0.0002390 secs] 16833K->10247K(23808K), 0.0002570 secs] [Times: user=0.00 sys=0.00, real=0.00 secs] 
77.519: Total time for which application threads were stopped: 0.0003340 seconds, Stopping threads took: 0.0000360 seconds
77.555: Application time: 0.0355640 seconds
77.555: [GC77.555: [ParNew: 6881K->283K(7424K), 0.0002350 secs] 16903K->10304K(23808K), 0.0002610 secs] [Times: user=0.00 sys=0.00, real=0.00 secs] 
77.555: Total time for which application threads were stopped: 0.0003490 seconds, Stopping threads took: 0.0000450 seconds
77.592: Application time: 0.0373870 seconds
77.592: [GC77.592: [ParNew: 6939K->284K(7424K), 0.0002440 secs] 16960K->10305K(23808K), 0.0002640 secs] [Times: user=0.00 sys=0.00, real=0.00 secs] 
77.593: Total time for which application threads were stopped: 0.0003520 seconds, Stopping threads took: 0.0000450 seconds
77.629: Application time: 0.0364080 seconds
77.629: [GC77.629: [ParNew: 6940K->308K(7424K), 0.0002730 secs] 16961K->10329K(23808K), 0.0002900 secs] [Times: user=0.00 sys=0.00, real=0.00 secs] 
77.629: Total time for which application threads were stopped: 0.0003690 seconds, Stopping threads took: 0.0000370 seconds
77.666: Application time: 0.0364820 seconds
77.666: [GC77.666: [ParNew: 6964K->333K(7424K), 0.0002820 secs] 16985K->10355K(23808K), 0.0003000 secs] [Times: user=0.00 sys=0.00, real=0.00 secs] 
77.666: Total time for which application threads were stopped: 0.0003900 seconds, Stopping threads took: 0.0000430 seconds
77.703: Application time: 0.0363990 seconds
77.703: [GC77.703: [ParNew: 6989K->370K(7424K), 0.0002740 secs] 17011K->10392K(23808K), 0.0002910 secs] [Times: user=0.00 sys=0.00, real=0.00 secs] 
77.703: Total time for which application threads were stopped: 0.0003720 seconds, Stopping threads took: 0.0000400 seconds
77.740: Application time: 0.0363840 seconds
77.740: [GC77.740: [ParNew: 7026K->405K(7424K), 0.0002910 secs] 17048K->10426K(23808K), 0.0003090 secs] [Times: user=0.00 sys=0.00, real=0.00 secs] 
77.740: Total time for which application threads were stopped: 0.0003930 seconds, Stopping threads took: 0.0000420 seconds
77.777: Application time: 0.0367760 seconds
77.777: [GC77.777: [ParNew: 7061K->386K(7424K), 0.0002810 secs] 17082K->10407K(23808K), 0.0002980 secs] [Times: user=0.01 sys=0.00, real=0.00 secs] 
77.777: Total time for which application threads were stopped: 0.0003800 seconds, Stopping threads took: 0.0000390 seconds
77.814: Application time: 0.0373940 seconds
77.815: [GC77.815: [ParNew: 7042K->384K(7424K), 0.0002750 secs] 17063K->10406K(23808K), 0.0002930 secs] [Times: user=0.00 sys=0.00, real=0.00 secs] 
77.815: Total time for which application threads were stopped: 0.0003980 seconds, Stopping threads took: 0.0000510 seconds
77.852: Application time: 0.0366930 seconds
77.852: [GC77.852: [ParNew: 7040K->384K(7424K), 0.0002800 secs] 17062K->10405K(23808K), 0.0002970 secs] [Times: user=0.00 sys=0.00, real=0.00 secs] 
77.852: Total time for which application threads were stopped: 0.0003860 seconds, Stopping threads took: 0.0000470 seconds
77.889: Application time: 0.0366150 seconds
77.889: [GC77.889: [ParNew: 7040K->390K(7424K), 0.0002790 secs] 17061K->10411K(23808K), 0.0002960 secs] [Times: user=0.01 sys=0.00, real=0.00 secs] 
77.889: Total time for which application threads were stopped: 0.0003740 seconds, Stopping threads took: 0.0000370 seconds
77.926: Application time: 0.0370180 seconds
77.926: [GC77.926: [ParNew: 7046K->399K(7424K), 0.0002700 secs] 17067K->10421K(23808K), 0.0002880 secs] [Times: user=0.00 sys=0.00, real=0.00 secs] 
77.926: Total time for which application threads were stopped: 0.0003760 seconds, Stopping threads took: 0.0000410 seconds
77.963: Application time: 0.0369130 seconds
77.963: [GC77.963: [ParNew: 7055K->375K(7424K), 0.0002720 secs] 17077K->10452K(23808K), 0.0002910 secs] [Times: user=0.00 sys=0.00, real=0.00 secs] 
77.964: Total time for which application threads were stopped: 0.0003780 seconds, Stopping threads took: 0.0000450 seconds
78.001: Application time: 0.0369150 seconds
78.001: [GC78.001: [ParNew: 7031K->362K(7424K), 0.0002590 secs] 17108K->10439K(23808K), 0.0002760 secs] [Times: user=0.00 sys=0.00, real=0.00 secs] 
78.001: Total time for which application threads were stopped: 0.0003580 seconds, Stopping threads took: 0.0000420 seconds
78.038: Application time: 0.0365950 seconds
78.038: [GC78.038: [ParNew: 7018K->363K(7424K), 0.0003170 secs] 17095K->10440K(23808K), 0.0003410 secs] [Times: user=0.00 sys=0.00, real=0.00 secs] 
78.038: Total time for which application threads were stopped: 0.0004230 seconds, Stopping threads took: 0.0000380 seconds
78.075: Application time: 0.0371340 seconds
78.075: [GC78.075: [ParNew: 7019K->336K(7424K), 0.0003360 secs] 17096K->10478K(23808K), 0.0003510 secs] [Times: user=0.00 sys=0.00, real=0.00 secs] 
78.075: Total time for which application threads were stopped: 0.0004290 seconds, Stopping threads took: 0.0000390 seconds
78.112: Application time: 0.0366570 seconds
78.112: [GC78.112: [ParNew: 6992K->286K(7424K), 0.0002710 secs] 17134K->10524K(23808K), 0.0002880 secs] [Times: user=0.00 sys=0.00, real=0.00 secs] 
78.113: Total time for which application threads were stopped: 0.0003690 seconds, Stopping threads took: 0.0000400 seconds
78.150: Application time: 0.0370590 seconds
78.150: [GC78.150: [ParNew: 6942K->280K(7424K), 0.0002450 secs] 17180K->10517K(23808K), 0.0002620 secs] [Times: user=0.00 sys=0.00, real=0.00 secs] 
78.150: Total time for which application threads were stopped: 0.0003420 seconds, Stopping threads took: 0.0000370 seconds
78.187: Application time: 0.0370850 seconds
78.187: [GC78.187: [ParNew: 6936K->254K(7424K), 0.0002350 secs] 17173K->10555K(23808K), 0.0002530 secs] [Times: user=0.00 sys=0.00, real=0.00 secs] 
78.187: Total time for which application threads were stopped: 0.0003380 seconds, Stopping threads took: 0.0000420 seconds
78.224: Application time: 0.0369790 seconds
78.224: [GC78.224: [ParNew: 6910K->227K(7424K), 0.0002320 secs] 17211K->10584K(23808K), 0.0002480 secs] [Times: user=0.00 sys=0.00, real=0.00 secs] 
78.225: Total time for which application threads were stopped: 0.0003310 seconds, Stopping threads took: 0.0000410 seconds
78.261: Application time: 0.0361080 seconds
78.261: [GC78.261: [ParNew: 6883K->219K(7424K), 0.0002520 secs] 17240K->10632K(23808K), 0.0002700 secs] [Times: user=0.00 sys=0.00, real=0.00 secs] 
78.261: Total time for which application threads were stopped: 0.0003530 seconds, Stopping threads took: 0.0000410 seconds
78.297: Application time: 0.0363440 seconds
78.298: [GC78.298: [ParNew: 6875K->224K(7424K), 0.0002630 secs] 17288K->10702K(23808K), 0.0002810 secs] [Times: user=0.00 sys=0.00, real=0.00 secs] 
78.298: Total time for which application threads were stopped: 0.0003660 seconds, Stopping threads took: 0.0000430 seconds
78.334: Application time: 0.0360740 seconds
78.334: [GC78.334: [ParNew: 6880K->281K(7424K), 0.0002850 secs] 17358K->10759K(23808K), 0.0003120 secs] [Times: user=0.01 sys=0.00, real=0.01 secs] 
78.334: Total time for which application threads were stopped: 0.0004260 seconds, Stopping threads took: 0.0000500 seconds
78.371: Application time: 0.0366660 seconds
78.371: [GC78.371: [ParNew: 6937K->283K(7424K), 0.0002700 secs] 17415K->10761K(23808K), 0.0002880 secs] [Times: user=0.00 sys=0.00, real=0.00 secs] 
78.371: Total time for which application threads were stopped: 0.0003800 seconds, Stopping threads took: 0.0000460 seconds
78.408: Application time: 0.0364850 seconds
78.408: [GC78.408: [ParNew: 6939K->308K(7424K), 0.0002740 secs] 17417K->10786K(23808K), 0.0002900 secs] [Times: user=0.00 sys=0.00, real=0.00 secs] 
78.408: Total time for which application threads were stopped: 0.0003670 seconds, Stopping threads took: 0.0000370 seconds
78.445: Application time: 0.0369190 seconds
78.445: [GC78.445: [ParNew: 6964K->318K(7424K), 0.0002600 secs] 17442K->10795K(23808K), 0.0002790 secs] [Times: user=0.00 sys=0.00, real=0.00 secs] 
78.446: Total time for which application threads were stopped: 0.0003680 seconds, Stopping threads took: 0.0000480 seconds
78.481: Application time: 0.0358310 seconds
78.481: [GC78.481: [ParNew: 6974K->364K(7424K), 0.0003450 secs] 17451K->10842K(23808K), 0.0003620 secs] [Times: user=0.00 sys=0.00, real=0.00 secs] 
78.482: Total time for which application threads were stopped: 0.0004440 seconds, Stopping threads took: 0.0000410 seconds
78.518: Application time: 0.0364310 seconds
78.518: [GC78.518: [ParNew: 7020K->391K(7424K), 0.0003610 secs] 17498K->10868K(23808K), 0.0003880 secs] [Times: user=0.00 sys=0.00, real=0.00 secs] 
78.519: Total time for which application threads were stopped: 0.0004640 seconds, Stopping threads took: 0.0000320 seconds
78.556: Application time: 0.0372800 seconds
78.556: [GC78.556: [ParNew: 7047K->395K(7424K), 0.0003460 secs] 17524K->10872K(23808K), 0.0003640 secs] [Times: user=0.00 sys=0.00, real=0.00 secs] 
78.556: Total time for which application threads were stopped: 0.0004520 seconds, Stopping threads took: 0.0000440 seconds
78.593: Application time: 0.0369260 seconds
78.593: [GC78.593: [ParNew: 7051K->392K(7424K), 0.0002870 secs] 17528K->10870K(23808K), 0.0003050 secs] [Times: user=0.00 sys=0.00, real=0.00 secs] 
78.594: Total time for which application threads were stopped: 0.0003860 seconds, Stopping threads took: 0.0000380 seconds
78.631: Application time: 0.0367680 seconds
78.631: [GC78.631: [ParNew: 7048K->396K(7424K), 0.0002640 secs] 17526K->10873K(23808K), 0.0002810 secs] [Times: user=0.00 sys=0.00, real=0.00 secs] 
78.631: Total time for which application threads were stopped: 0.0003670 seconds, Stopping threads took: 0.0000440 seconds
78.669: Application time: 0.0377490 seconds
78.669: [GC78.669: [ParNew: 7052K->394K(7424K), 0.0003010 secs] 17529K->10872K(23808K), 0.0003190 secs] [Times: user=0.00 sys=0.00, real=0.00 secs] 
78.669: Total time for which application threads were stopped: 0.0004080 seconds, Stopping threads took: 0.0000460 seconds
78.706: Application time: 0.0371050 seconds
78.706: [GC78.706: [ParNew: 7050K->399K(7424K), 0.0002900 secs] 17528K->10877K(23808K), 0.0003090 secs] [Times: user=0.01 sys=0.00, real=0.00 secs] 
78.707: Total time for which application threads were stopped: 0.0003960 seconds, Stopping threads took: 0.0000440 seconds
78.744: Application time: 0.0375780 seconds
78.744: [GC78.744: [ParNew: 7055K->400K(7424K), 0.0002870 secs] 17533K->10878K(23808K), 0.0003040 secs] [Times: user=0.00 sys=0.00, real=0.00 secs] 
78.745: Total time for which application threads were stopped: 0.0003870 seconds, Stopping threads took: 0.0000390 seconds
78.781: Application time: 0.0369500 seconds
78.782: [GC78.782: [ParNew: 7056K->398K(7424K), 0.0003500 secs] 17534K->10876K(23808K), 0.0003660 secs] [Times: user=0.01 sys=0.00, real=0.00 secs] 
78.782: Total time for which application threads were stopped: 0.0004470 seconds, Stopping threads took: 0.0000400 seconds
78.820: Application time: 0.0380480 seconds
78.820: [GC78.820: [ParNew: 7054K->367K(7424K), 0.0004220 secs] 17532K->10908K(23808K), 0.0004460 secs] [Times: user=0.00 sys=0.00, real=0.00 secs] 
78.821: Total time for which application threads were stopped: 0.0005630 seconds, Stopping threads took: 0.0000640 seconds
78.857: Application time: 0.0367300 seconds
78.857: [GC78.857: [ParNew: 7023K->334K(7424K), 0.0003080 secs] 17564K->10931K(23808K), 0.0003270 secs] [Times: user=0.00 sys=0.00, real=0.00 secs] 
78.858: Total time for which application threads were stopped: 0.0004200 seconds, Stopping threads took: 0.0000400 seconds
78.895: Application time: 0.0368170 seconds
78.895: [GC78.895: [ParNew: 6990K->284K(7424K), 0.0002740 secs] 17587K->10986K(23808K), 0.0002900 secs] [Times: user=0.01 sys=0.00, real=0.00 secs] 
78.895: Total time for which application threads were stopped: 0.0003820 seconds, Stopping threads took: 0.0000490 seconds
78.932: Application time: 0.0369420 seconds
78.932: [GC78.932: [ParNew: 6940K->284K(7424K), 0.0002730 secs] 17642K->10986K(23808K), 0.0002910 secs] [Times: user=0.00 sys=0.00, real=0.00 secs] 
78.932: Total time for which application threads were stopped: 0.0003810 seconds, Stopping threads took: 0.0000490 seconds
78.969: Application time: 0.0370840 seconds
78.969: [GC78.969: [ParNew: 6929K->255K(7424K), 0.0002760 secs] 17631K->11013K(23808K), 0.0002920 secs] [Times: user=0.00 sys=0.00, real=0.00 secs] 
78.970: Total time for which application threads were stopped: 0.0003680 seconds, Stopping threads took: 0.0000370 seconds
79.006: Application time: 0.0368250 seconds
79.007: [GC79.007: [ParNew: 6911K->250K(7424K), 0.0002440 secs] 17669K->11008K(23808K), 0.0002700 secs] [Times: user=0.01 sys=0.00, real=0.00 secs] 
79.007: Total time for which application threads were stopped: 0.0003580 seconds, Stopping threads took: 0.0000470 seconds
79.043: Application time: 0.0363670 seconds
79.043: [GC79.043: [ParNew: 6906K->228K(7424K), 0.0002550 secs] 17664K->11090K(23808K), 0.0002720 secs] [Times: user=0.00 sys=0.00, real=0.00 secs] 
79.044: Total time for which application threads were stopped: 0.0003590 seconds, Stopping threads took: 0.0000470 seconds
79.080: Application time: 0.0366300 seconds
79.080: [GC79.080: [ParNew: 6884K->220K(7424K), 0.0002450 secs] 17746K->11146K(23808K), 0.0002640 secs] [Times: user=0.00 sys=0.00, real=0.00 secs] 
79.081: Total time for which application threads were stopped: 0.0003690 seconds, Stopping threads took: 0.0000640 seconds
79.117: Application time: 0.0363250 seconds
79.117: [GC79.117: [ParNew: 6876K->255K(7424K), 0.0002520 secs] 17802K->11181K(23808K), 0.0002720 secs] [Times: user=0.00 sys=0.00, real=0.00 secs] 
79.117: Total time for which application threads were stopped: 0.0003570 seconds, Stopping threads took: 0.0000410 seconds
79.153: Application time: 0.0361330 seconds
79.153: [GC79.153: [ParNew: 6911K->286K(7424K), 0.0002660 secs] 17837K->11212K(23808K), 0.0002840 secs] [Times: user=0.00 sys=0.00, real=0.00 secs] 
79.154: Total time for which application threads were stopped: 0.0003670 seconds, Stopping threads took: 0.0000380 seconds
79.190: Application time: 0.0365480 seconds
79.190: [GC79.190: [ParNew: 6942K->319K(7424K), 0.0002510 secs] 17868K->11244K(23808K), 0.0002690 secs] [Times: user=0.00 sys=0.00, real=0.00 secs] 
79.191: Total time for which application threads were stopped: 0.0003570 seconds, Stopping threads took: 0.0000430 seconds
79.228: Application time: 0.0368530 seconds
79.228: [GC79.228: [ParNew: 6975K->303K(7424K), 0.0002410 secs] 17900K->11229K(23808K), 0.0002580 secs] [Times: user=0.00 sys=0.00, real=0.00 secs] 
79.228: Total time for which application threads were stopped: 0.0003390 seconds, Stopping threads took: 0.0000370 seconds
79.264: Application time: 0.0363260 seconds
79.264: [GC79.264: [ParNew: 6959K->332K(7424K), 0.0002670 secs] 17885K->11258K(23808K), 0.0002840 secs] [Times: user=0.00 sys=0.00, real=0.00 secs] 
79.265: Total time for which application threads were stopped: 0.0003640 seconds, Stopping threads took: 0.0000380 seconds
79.300: Application time: 0.0359290 seconds
79.301: [GC79.301: [ParNew: 6988K->400K(7424K), 0.0002870 secs] 17914K->11326K(23808K), 0.0003050 secs] [Times: user=0.01 sys=0.00, real=0.00 secs] 
79.301: Total time for which application threads were stopped: 0.0003900 seconds, Stopping threads took: 0.0000430 seconds
79.338: Application time: 0.0370910 seconds
79.342: [GC79.342: [ParNew: 7056K->393K(7424K), 0.0003930 secs] 17982K->11318K(23808K), 0.0004180 secs] [Times: user=0.00 sys=0.00, real=0.00 secs] 
79.343: Total time for which application threads were stopped: 0.0045870 seconds, Stopping threads took: 0.0041140 seconds
79.379: Application time: 0.0368410 seconds
79.379: [GC79.379: [ParNew: 7049K->398K(7424K), 0.0003320 secs] 17974K->11324K(23808K), 0.0003520 secs] [Times: user=0.00 sys=0.00, real=0.00 secs] 
79.380: Total time for which application threads were stopped: 0.0004470 seconds, Stopping threads took: 0.0000420 seconds
79.417: Application time: 0.0371570 seconds
79.417: [GC79.417: [ParNew: 7054K->401K(7424K), 0.0002770 secs] 17980K->11327K(23808K), 0.0002960 secs] [Times: user=0.00 sys=0.00, real=0.00 secs] 
79.417: Total time for which application threads were stopped: 0.0003880 seconds, Stopping threads took: 0.0000470 seconds
79.454: Application time: 0.0367080 seconds
79.454: [GC79.454: [ParNew: 7057K->390K(7424K), 0.0002710 secs] 17983K->11316K(23808K), 0.0002880 secs] [Times: user=0.00 sys=0.00, real=0.00 secs] 
79.454: Total time for which application threads were stopped: 0.0003680 seconds, Stopping threads took: 0.0000370 seconds
79.491: Application time: 0.0368330 seconds
79.491: [GC79.491: [ParNew: 7046K->403K(7424K), 0.0002930 secs] 17972K->11329K(23808K), 0.0003200 secs] [Times: user=0.00 sys=0.00, real=0.00 secs] 
79.492: Total time for which application threads were stopped: 0.0004010 seconds, Stopping threads took: 0.0000380 seconds
79.529: Application time: 0.0370460 seconds
79.529: [GC79.529: [ParNew: 7059K->368K(7424K), 0.0002680 secs] 17985K->11350K(23808K), 0.0002850 secs] [Times: user=0.01 sys=0.00, real=0.00 secs] 
79.529: Total time for which application threads were stopped: 0.0003650 seconds, Stopping threads took: 0.0000380 seconds
79.566: Application time: 0.0367220 seconds
79.566: [GC79.566: [ParNew: 7024K->369K(7424K), 0.0002930 secs] 18006K->11351K(23808K), 0.0003100 secs] [Times: user=0.00 sys=0.00, real=0.00 secs] 
79.566: Total time for which application threads were stopped: 0.0003920 seconds, Stopping threads took: 0.0000410 seconds
79.603: Application time: 0.0367110 seconds
79.603: [GC79.603: [ParNew: 7025K->367K(7424K), 0.0002540 secs] 18007K->11349K(23808K), 0.0002720 secs] [Times: user=0.00 sys=0.00, real=0.00 secs] 
79.603: Total time for which application threads were stopped: 0.0003520 seconds, Stopping threads took: 0.0000380 seconds
79.641: Application time: 0.0373420 seconds
79.641: [GC79.641: [ParNew: 7023K->339K(7424K), 0.0002800 secs] 18005K->11385K(23808K), 0.0002970 secs] [Times: user=0.00 sys=0.00, real=0.00 secs] 
79.641: Total time for which application threads were stopped: 0.0003810 seconds, Stopping threads took: 0.0000420 seconds
79.678: Application time: 0.0366500 seconds
79.678: [GC79.678: [ParNew: 6995K->301K(7424K), 0.0003010 secs] 18041K->11403K(23808K), 0.0003200 secs] [Times: user=0.00 sys=0.00, real=0.00 secs] 
79.678: Total time for which application threads were stopped: 0.0004100 seconds, Stopping threads took: 0.0000470 seconds
79.715: Application time: 0.0367330 seconds
79.715: [GC79.715: [ParNew: 6957K->283K(7424K), 0.0002700 secs] 18059K->11449K(23808K), 0.0002870 secs] [Times: user=0.00 sys=0.00, real=0.00 secs] 
79.715: Total time for which application threads were stopped: 0.0003740 seconds, Stopping threads took: 0.0000430 seconds
79.753: Application time: 0.0374260 seconds
79.753: [GC79.753: [ParNew: 6939K->260K(7424K), 0.0002810 secs] 18105K->11490K(23808K), 0.0002980 secs] [Times: user=0.00 sys=0.00, real=0.00 secs] 
79.753: Total time for which application threads were stopped: 0.0004080 seconds, Stopping threads took: 0.0000690 seconds
79.790: Application time: 0.0367630 seconds
79.790: [GC79.790: [ParNew: 6916K->253K(7424K), 0.0002600 secs] 18146K->11483K(23808K), 0.0002790 secs] [Times: user=0.01 sys=0.00, real=0.00 secs] 
79.790: Total time for which application threads were stopped: 0.0003640 seconds, Stopping threads took: 0.0000430 seconds
79.827: Application time: 0.0365320 seconds
79.827: [GC79.827: [ParNew: 6909K->246K(7424K), 0.0002600 secs] 18139K->11540K(23808K), 0.0002770 secs] [Times: user=0.00 sys=0.00, real=0.00 secs] 
79.827: Total time for which application threads were stopped: 0.0003570 seconds, Stopping threads took: 0.0000390 seconds
79.863: Application time: 0.0363740 seconds
79.864: [GC79.864: [ParNew: 6902K->218K(7424K), 0.0002970 secs] 18196K->11616K(23808K), 0.0003170 secs] [Times: user=0.00 sys=0.00, real=0.00 secs] 
79.864: Total time for which application threads were stopped: 0.0004270 seconds, Stopping threads took: 0.0000650 seconds
79.900: Application time: 0.0363840 seconds
79.900: [GC79.900: [ParNew: 6874K->255K(7424K), 0.0002480 secs] 18272K->11653K(23808K), 0.0002660 secs] [Times: user=0.00 sys=0.00, real=0.00 secs] 
79.901: Total time for which application threads were stopped: 0.0003680 seconds, Stopping threads took: 0.0000480 seconds
79.937: Application time: 0.0363430 seconds
79.937: [GC79.937: [ParNew: 6911K->284K(7424K), 0.0002840 secs] 18309K->11682K(23808K), 0.0003010 secs] [Times: user=0.00 sys=0.00, real=0.00 secs] 
79.937: Total time for which application threads were stopped: 0.0003850 seconds, Stopping threads took: 0.0000440 seconds
79.974: Application time: 0.0367960 seconds
79.974: [GC79.974: [ParNew: 6940K->279K(7424K), 0.0002850 secs] 18338K->11677K(23808K), 0.0003100 secs] [Times: user=0.00 sys=0.00, real=0.00 secs] 
79.975: Total time for which application threads were stopped: 0.0003980 seconds, Stopping threads took: 0.0000460 seconds
80.011: Application time: 0.0364220 seconds
80.011: [GC80.011: [ParNew: 6935K->306K(7424K), 0.0002660 secs] 18333K->11704K(23808K), 0.0002840 secs] [Times: user=0.00 sys=0.00, real=0.00 secs] 
80.011: Total time for which application threads were stopped: 0.0003680 seconds, Stopping threads took: 0.0000420 seconds
80.048: Application time: 0.0364890 seconds
80.048: [GC80.048: [ParNew: 6962K->336K(7424K), 0.0002570 secs] 18360K->11734K(23808K), 0.0002740 secs] [Times: user=0.01 sys=0.00, real=0.00 secs] 
80.048: Total time for which application threads were stopped: 0.0003550 seconds, Stopping threads took: 0.0000390 seconds
80.084: Application time: 0.0359320 seconds
80.084: [GC80.084: [ParNew: 6992K->396K(7424K), 0.0002900 secs] 18390K->11794K(23808K), 0.0003080 secs] [Times: user=0.01 sys=0.00, real=0.00 secs] 
80.085: Total time for which application threads were stopped: 0.0003910 seconds, Stopping threads took: 0.0000410 seconds
80.121: Application time: 0.0367250 seconds
80.121: [GC80.121: [ParNew: 7052K->401K(7424K), 0.0002680 secs] 18450K->11799K(23808K), 0.0002850 secs] [Times: user=0.00 sys=0.00, real=0.00 secs] 
80.122: Total time for which application threads were stopped: 0.0003670 seconds, Stopping threads took: 0.0000420 seconds
80.159: Application time: 0.0370520 seconds
80.159: [GC80.159: [ParNew: 7057K->402K(7424K), 0.0002810 secs] 18455K->11800K(23808K), 0.0002980 secs] [Times: user=0.00 sys=0.00, real=0.00 secs] 
80.159: Total time for which application threads were stopped: 0.0003800 seconds, Stopping threads took: 0.0000380 seconds
80.196: Application time: 0.0372440 seconds
80.196: [GC80.196: [ParNew: 7058K->395K(7424K), 0.0002670 secs] 18456K->11793K(23808K), 0.0002830 secs] [Times: user=0.01 sys=0.00, real=0.00 secs] 
80.197: Total time for which application threads were stopped: 0.0003670 seconds, Stopping threads took: 0.0000390 seconds
80.233: Application time: 0.0366360 seconds
80.233: [GC80.233: [ParNew: 7051K->388K(7424K), 0.0003560 secs] 18449K->11786K(23808K), 0.0003740 secs] [Times: user=0.00 sys=0.00, real=0.00 secs] 
80.234: Total time for which application threads were stopped: 0.0004580 seconds, Stopping threads took: 0.0000410 seconds
80.271: Application time: 0.0368160 seconds
80.271: [GC80.271: [ParNew: 7044K->389K(7424K), 0.0003650 secs] 18442K->11787K(23808K), 0.0003830 secs] [Times: user=0.00 sys=0.00, real=0.00 secs] 
80.271: Total time for which application threads were stopped: 0.0004650 seconds, Stopping threads took: 0.0000360 seconds
80.308: Application time: 0.0373040 seconds
80.308: [GC80.308: [ParNew: 7045K->391K(7424K), 0.0003540 secs] 18443K->11789K(23808K), 0.0003710 secs] [Times: user=0.00 sys=0.00, real=0.00 secs] 
80.309: Total time for which application threads were stopped: 0.0004490 seconds, Stopping threads took: 0.0000340 seconds
80.347: Application time: 0.0381110 seconds
80.347: [GC80.347: [ParNew: 7047K->392K(7424K), 0.0003350 secs] 18445K->11790K(23808K), 0.0003590 secs] [Times: user=0.00 sys=0.00, real=0.00 secs] 
80.347: Total time for which application threads were stopped: 0.0004550 seconds, Stopping threads took: 0.0000440 seconds
80.384: Application time: 0.0366590 seconds
80.384: [GC80.384: [ParNew: 7048K->359K(7424K), 0.0002830 secs] 18446K->11821K(23808K), 0.0003020 secs] [Times: user=0.00 sys=0.00, real=0.00 secs] 
80.384: Total time for which application threads were stopped: 0.0003870 seconds, Stopping threads took: 0.0000380 seconds
80.422: Application time: 0.0371790 seconds
80.422: [GC80.422: [ParNew: 7015K->332K(7424K), 0.0002780 secs] 18477K->11842K(23808K), 0.0002970 secs] [Times: user=0.00 sys=0.00, real=0.00 secs] 
80.422: Total time for which application threads were stopped: 0.0004010 seconds, Stopping threads took: 0.0000460 seconds
80.459: Application time: 0.0370300 seconds
80.459: [GC80.459: [ParNew: 6988K->307K(7424K), 0.0002690 secs] 18498K->11873K(23808K), 0.0002880 secs] [Times: user=0.00 sys=0.00, real=0.00 secs] 
80.459: Total time for which application threads were stopped: 0.0003720 seconds, Stopping threads took: 0.0000400 seconds
80.496: Application time: 0.0366360 seconds
80.496: [GC80.496: [ParNew: 6963K->287K(7424K), 0.0002670 secs] 18529K->11917K(23808K), 0.0002860 secs] [Times: user=0.00 sys=0.00, real=0.00 secs] 
80.496: Total time for which application threads were stopped: 0.0003670 seconds, Stopping threads took: 0.0000370 seconds
80.533: Application time: 0.0367500 seconds
80.533: [GC80.533: [ParNew: 6943K->287K(7424K), 0.0002390 secs] 18573K->11918K(23808K), 0.0002570 secs] [Times: user=0.00 sys=0.00, real=0.00 secs] 
80.533: Total time for which application threads were stopped: 0.0003360 seconds, Stopping threads took: 0.0000370 seconds
80.570: Application time: 0.0368820 seconds
80.570: [GC80.570: [ParNew: 6943K->256K(7424K), 0.0003050 secs] 18574K->11934K(23808K), 0.0003230 secs] [Times: user=0.00 sys=0.00, real=0.00 secs] 
80.571: Total time for which application threads were stopped: 0.0004070 seconds, Stopping threads took: 0.0000410 seconds
80.608: Application time: 0.0370750 seconds
80.608: [GC80.608: [ParNew: 6912K->225K(7424K), 0.0003170 secs] 18590K->11959K(23808K), 0.0003340 secs] [Times: user=0.00 sys=0.00, real=0.00 secs] 
80.608: Total time for which application threads were stopped: 0.0004230 seconds, Stopping threads took: 0.0000500 seconds
80.644: Application time: 0.0358830 seconds
80.644: [GC80.644: [ParNew: 6881K->219K(7424K), 0.0003280 secs] 18615K->12050K(23808K), 0.0003480 secs] [Times: user=0.00 sys=0.00, real=0.00 secs] 
80.645: Total time for which application threads were stopped: 0.0004530 seconds, Stopping threads took: 0.0000600 seconds
80.681: Application time: 0.0364780 seconds
80.681: [GC80.681: [ParNew: 6875K->250K(7424K), 0.0003130 secs] 18706K->12081K(23808K), 0.0003320 secs] [Times: user=0.00 sys=0.00, real=0.00 secs] 
80.682: Total time for which application threads were stopped: 0.0004240 seconds, Stopping threads took: 0.0000470 seconds
80.718: Application time: 0.0369530 seconds
80.719: [GC80.719: [ParNew: 6906K->250K(7424K), 0.0003110 secs] 18737K->12080K(23808K), 0.0003280 secs] [Times: user=0.00 sys=0.00, real=0.00 secs] 
80.719: Total time for which application threads were stopped: 0.0004160 seconds, Stopping threads took: 0.0000450 seconds
80.755: Application time: 0.0363710 seconds
80.755: [GC80.755: [ParNew: 6906K->276K(7424K), 0.0002790 secs] 18736K->12107K(23808K), 0.0002950 secs] [Times: user=0.00 sys=0.00, real=0.00 secs] 
80.756: Total time for which application threads were stopped: 0.0003780 seconds, Stopping threads took: 0.0000410 seconds
80.792: Application time: 0.0361940 seconds
80.792: [GC80.792: [ParNew: 6932K->311K(7424K), 0.0002560 secs] 18763K->12142K(23808K), 0.0002750 secs] [Times: user=0.00 sys=0.00, real=0.00 secs] 
80.792: Total time for which application threads were stopped: 0.0003540 seconds, Stopping threads took: 0.0000370 seconds
80.828: Application time: 0.0362880 seconds
80.829: [GC80.829: [ParNew: 6967K->335K(7424K), 0.0003770 secs] 18798K->12165K(23808K), 0.0003940 secs] [Times: user=0.01 sys=0.00, real=0.00 secs] 
80.829: Total time for which application threads were stopped: 0.0004860 seconds, Stopping threads took: 0.0000490 seconds
80.865: Application time: 0.0359480 seconds
80.865: [GC80.865: [ParNew: 6991K->404K(7424K), 0.0003060 secs] 18821K->12234K(23808K), 0.0003240 secs] [Times: user=0.00 sys=0.00, real=0.00 secs] 
80.865: Total time for which application threads were stopped: 0.0004130 seconds, Stopping threads took: 0.0000470 seconds
80.902: Application time: 0.0369400 seconds
80.902: [GC80.902: [ParNew: 7060K->390K(7424K), 0.0002800 secs] 18890K->12220K(23808K), 0.0002970 secs] [Times: user=0.00 sys=0.00, real=0.00 secs] 
80.903: Total time for which application threads were stopped: 0.0003880 seconds, Stopping threads took: 0.0000390 seconds
80.940: Application time: 0.0368680 seconds
80.940: [GC80.940: [ParNew: 7046K->397K(7424K), 0.0002840 secs] 18876K->12227K(23808K), 0.0003010 secs] [Times: user=0.00 sys=0.00, real=0.00 secs] 
80.940: Total time for which application threads were stopped: 0.0004130 seconds, Stopping threads took: 0.0000630 seconds
80.977: Application time: 0.0370990 seconds
80.977: [GC80.977: [ParNew: 7053K->311K(7424K), 0.0002980 secs] 18883K->12262K(23808K), 0.0003160 secs] [Times: user=0.00 sys=0.00, real=0.00 secs] 
80.977: Total time for which application threads were stopped: 0.0003940 seconds, Stopping threads took: 0.0000360 seconds
81.014: Application time: 0.0367480 seconds
81.014: [GC81.014: [ParNew: 6967K->326K(7424K), 0.0002740 secs] 18918K->12276K(23808K), 0.0002920 secs] [Times: user=0.00 sys=0.00, real=0.00 secs] 
81.015: Total time for which application threads were stopped: 0.0003720 seconds, Stopping threads took: 0.0000360 seconds
81.051: Application time: 0.0366810 seconds
81.051: [GC81.051: [ParNew: 6982K->337K(7424K), 0.0002700 secs] 18932K->12288K(23808K), 0.0002880 secs] [Times: user=0.00 sys=0.00, real=0.00 secs] 
81.052: Total time for which application threads were stopped: 0.0003740 seconds, Stopping threads took: 0.0000420 seconds
81.088: Application time: 0.0366380 seconds
81.088: [GC81.088: [ParNew: 6993K->335K(7424K), 0.0002520 secs] 18944K->12286K(23808K), 0.0002690 secs] [Times: user=0.00 sys=0.00, real=0.00 secs] 
81.089: Total time for which application threads were stopped: 0.0003510 seconds, Stopping threads took: 0.0000400 seconds
81.126: Application time: 0.0370880 seconds
81.126: [GC81.126: [ParNew: 6991K->330K(7424K), 0.0003010 secs] 18942K->12280K(23808K), 0.0003180 secs] [Times: user=0.00 sys=0.00, real=0.00 secs] 
81.126: Total time for which application threads were stopped: 0.0004000 seconds, Stopping threads took: 0.0000430 seconds
81.164: Application time: 0.0374790 seconds
81.164: [GC81.164: [ParNew: 6986K->347K(7424K), 0.0002730 secs] 18936K->12298K(23808K), 0.0002890 secs] [Times: user=0.00 sys=0.00, real=0.00 secs] 
81.164: Total time for which application threads were stopped: 0.0003810 seconds, Stopping threads took: 0.0000500 seconds
81.201: Application time: 0.0372860 seconds
81.201: [GC81.201: [ParNew: 7003K->339K(7424K), 0.0002630 secs] 18954K->12290K(23808K), 0.0002790 secs] [Times: user=0.01 sys=0.00, real=0.00 secs] 
81.202: Total time for which application threads were stopped: 0.0003570 seconds, Stopping threads took: 0.0000390 seconds
81.238: Application time: 0.0367340 seconds
81.238: [GC81.238: [ParNew: 6995K->316K(7424K), 0.0002560 secs] 18946K->12331K(23808K), 0.0002730 secs] [Times: user=0.00 sys=0.00, real=0.00 secs] 
81.239: Total time for which application threads were stopped: 0.0003530 seconds, Stopping threads took: 0.0000370 seconds
81.275: Application time: 0.0366680 seconds
81.278: [GC81.278: [ParNew: 6972K->314K(7424K), 0.0002630 secs] 18987K->12329K(23808K), 0.0002810 secs] [Times: user=0.01 sys=0.00, real=0.00 secs] 
81.278: Total time for which application threads were stopped: 0.0030240 seconds, Stopping threads took: 0.0027000 seconds
81.316: Application time: 0.0375120 seconds
81.316: [GC81.316: [ParNew: 6970K->271K(7424K), 0.0003440 secs] 18985K->12341K(23808K), 0.0003680 secs] [Times: user=0.01 sys=0.00, real=0.00 secs] 
81.316: Total time for which application threads were stopped: 0.0004690 seconds, Stopping threads took: 0.0000440 seconds
81.353: Application time: 0.0368700 seconds
81.353: [GC81.353: [ParNew: 6927K->248K(7424K), 0.0002510 secs] 18997K->12366K(23808K), 0.0002680 secs] [Times: user=0.00 sys=0.00, real=0.00 secs] 
81.354: Total time for which application threads were stopped: 0.0003500 seconds, Stopping threads took: 0.0000360 seconds
81.390: Application time: 0.0368580 seconds
81.391: [GC81.391: [ParNew: 6904K->227K(7424K), 0.0002930 secs] 19022K->12409K(23808K), 0.0003130 secs] [Times: user=0.00 sys=0.00, real=0.00 secs] 
81.391: Total time for which application threads were stopped: 0.0004130 seconds, Stopping threads took: 0.0000470 seconds
81.427: Application time: 0.0358620 seconds
81.427: [GC81.427: [ParNew: 6883K->232K(7424K), 0.0002370 secs] 19065K->12503K(23808K), 0.0002560 secs] [Times: user=0.00 sys=0.01, real=0.00 secs] 
81.427: Total time for which application threads were stopped: 0.0003430 seconds, Stopping threads took: 0.0000430 seconds
81.464: Application time: 0.0366720 seconds
81.464: [GC81.464: [ParNew: 6888K->219K(7424K), 0.0002250 secs] 19159K->12490K(23808K), 0.0002420 secs] [Times: user=0.00 sys=0.00, real=0.00 secs] 
81.464: Total time for which application threads were stopped: 0.0003340 seconds, Stopping threads took: 0.0000390 seconds
81.501: Application time: 0.0365100 seconds
81.501: [GC81.501: [ParNew: 6875K->251K(7424K), 0.0002810 secs] 19146K->12522K(23808K), 0.0002980 secs] [Times: user=0.00 sys=0.00, real=0.00 secs] 
81.501: Total time for which application threads were stopped: 0.0003860 seconds, Stopping threads took: 0.0000480 seconds
81.537: Application time: 0.0362610 seconds
81.537: [GC81.537: [ParNew: 6907K->285K(7424K), 0.0002360 secs] 19178K->12555K(23808K), 0.0002540 secs] [Times: user=0.00 sys=0.00, real=0.00 secs] 
81.538: Total time for which application threads were stopped: 0.0003440 seconds, Stopping threads took: 0.0000480 seconds
81.574: Application time: 0.0366230 seconds
81.574: [GC81.574: [ParNew: 6941K->310K(7424K), 0.0002400 secs] 19211K->12581K(23808K), 0.0002580 secs] [Times: user=0.00 sys=0.00, real=0.00 secs] 
81.575: Total time for which application threads were stopped: 0.0003380 seconds, Stopping threads took: 0.0000380 seconds
81.611: Application time: 0.0368740 seconds
81.612: [GC81.612: [ParNew: 6966K->302K(7424K), 0.0002630 secs] 19237K->12572K(23808K), 0.0002820 secs] [Times: user=0.01 sys=0.00, real=0.00 secs] 
81.612: Total time for which application threads were stopped: 0.0003820 seconds, Stopping threads took: 0.0000580 seconds
81.648: Application time: 0.0359820 seconds
81.648: [GC81.648: [ParNew: 6958K->364K(7424K), 0.0002630 secs] 19228K->12635K(23808K), 0.0002800 secs] [Times: user=0.01 sys=0.00, real=0.00 secs] 
81.648: Total time for which application threads were stopped: 0.0003710 seconds, Stopping threads took: 0.0000490 seconds
81.684: Application time: 0.0362550 seconds
81.685: [GC81.685: [ParNew: 7020K->396K(7424K), 0.0002690 secs] 19291K->12667K(23808K), 0.0002860 secs] [Times: user=0.00 sys=0.00, real=0.00 secs] 
81.685: Total time for which application threads were stopped: 0.0003820 seconds, Stopping threads took: 0.0000540 seconds
81.722: Application time: 0.0370500 seconds
81.722: [GC81.722: [ParNew: 7052K->398K(7424K), 0.0002680 secs] 19323K->12668K(23808K), 0.0002860 secs] [Times: user=0.00 sys=0.00, real=0.01 secs] 
81.722: Total time for which application threads were stopped: 0.0003760 seconds, Stopping threads took: 0.0000480 seconds
81.759: Application time: 0.0369340 seconds
81.759: [GC81.759: [ParNew: 7054K->398K(7424K), 0.0003310 secs] 19324K->12668K(23808K), 0.0003490 secs] [Times: user=0.00 sys=0.00, real=0.00 secs] 
81.760: Total time for which application threads were stopped: 0.0004360 seconds, Stopping threads took: 0.0000450 seconds
81.797: Application time: 0.0370430 seconds
81.797: [GC81.797: [ParNew: 7054K->403K(7424K), 0.0002960 secs] 19324K->12674K(23808K), 0.0003140 secs] [Times: user=0.01 sys=0.00, real=0.00 secs] 
81.797: Total time for which application threads were stopped: 0.0003910 seconds, Stopping threads took: 0.0000350 seconds
81.835: Application time: 0.0374850 seconds
81.837: [GC81.837: [ParNew: 7059K->401K(7424K), 0.0004080 secs] 19330K->12672K(23808K), 0.0004310 secs] [Times: user=0.00 sys=0.00, real=0.00 secs] 
81.837: Total time for which application threads were stopped: 0.0026620 seconds, Stopping threads took: 0.0021790 seconds
81.874: Application time: 0.0366680 seconds
81.874: [GC81.874: [ParNew: 7057K->399K(7424K), 0.0002900 secs] 19328K->12669K(23808K), 0.0003090 secs] [Times: user=0.00 sys=0.00, real=0.01 secs] 
81.874: Total time for which application threads were stopped: 0.0004070 seconds, Stopping threads took: 0.0000480 seconds
81.911: Application time: 0.0370350 seconds
81.911: [GC81.911: [ParNew: 7055K->395K(7424K), 0.0002770 secs] 19325K->12666K(23808K), 0.0002940 secs] [Times: user=0.00 sys=0.00, real=0.00 secs] 
81.912: Total time for which application threads were stopped: 0.0003780 seconds, Stopping threads took: 0.0000410 seconds
81.948: Application time: 0.0367840 seconds
81.949: [GC81.949: [ParNew: 7051K->398K(7424K), 0.0002660 secs] 19322K->12668K(23808K), 0.0002840 secs] [Times: user=0.01 sys=0.00, real=0.00 secs] 
81.949: Total time for which application threads were stopped: 0.0003750 seconds, Stopping threads took: 0.0000480 seconds
81.986: Application time: 0.0370750 seconds
81.986: [GC81.986: [ParNew: 7054K->332K(7424K), 0.0003720 secs] 19324K->12691K(23808K), 0.0003900 secs] [Times: user=0.00 sys=0.00, real=0.00 secs] 
81.986: Total time for which application threads were stopped: 0.0004890 seconds, Stopping threads took: 0.0000440 seconds
82.023: Application time: 0.0365960 seconds
82.023: [GC82.023: [ParNew: 6983K->337K(7424K), 0.0003500 secs] 19341K->12696K(23808K), 0.0003680 secs] [Times: user=0.01 sys=0.00, real=0.00 secs] 
82.023: Total time for which application threads were stopped: 0.0004560 seconds, Stopping threads took: 0.0000440 seconds
82.060: Application time: 0.0366100 seconds
82.060: [GC82.060: [ParNew: 6993K->308K(7424K), 0.0003410 secs] 19352K->12714K(23808K), 0.0003590 secs] [Times: user=0.00 sys=0.00, real=0.00 secs] 
82.061: Total time for which application threads were stopped: 0.0004410 seconds, Stopping threads took: 0.0000400 seconds
82.097: Application time: 0.0368920 seconds
82.098: [GC82.098: [ParNew: 6964K->280K(7424K), 0.0002440 secs] 19370K->12759K(23808K), 0.0002620 secs] [Times: user=0.00 sys=0.00, real=0.00 secs] 
82.098: Total time for which application threads were stopped: 0.0003480 seconds, Stopping threads took: 0.0000410 seconds
82.135: Application time: 0.0367510 seconds
82.135: [GC82.135: [ParNew: 6936K->250K(7424K), 0.0002550 secs] 19415K->12793K(23808K), 0.0002740 secs] [Times: user=0.00 sys=0.00, real=0.00 secs] 
82.135: Total time for which application threads were stopped: 0.0003630 seconds, Stopping threads took: 0.0000460 seconds
82.172: Application time: 0.0373270 seconds
82.172: [GC82.172: [ParNew: 6906K->254K(7424K), 0.0002310 secs] 19449K->12796K(23808K), 0.0002480 secs] [Times: user=0.01 sys=0.00, real=0.00 secs] 
82.173: Total time for which application threads were stopped: 0.0003460 seconds, Stopping threads took: 0.0000550 seconds
82.209: Application time: 0.0366090 seconds
82.209: [GC82.209: [ParNew: 6910K->209K(7424K), 0.0002390 secs] 19452K->12847K(23808K), 0.0002570 secs] [Times: user=0.01 sys=0.00, real=0.00 secs] 
82.210: Total time for which application threads were stopped: 0.0003500 seconds, Stopping threads took: 0.0000500 seconds
82.246: Application time: 0.0360720 seconds
82.246: [GC82.246: [ParNew: 6865K->225K(7424K), 0.0003110 secs] 19503K->12912K(23808K), 0.0003270 secs] [Times: user=0.01 sys=0.00, real=0.00 secs] 
82.246: Total time for which application threads were stopped: 0.0004130 seconds, Stopping threads took: 0.0000430 seconds
82.283: Application time: 0.0365030 seconds
82.283: [GC82.283: [ParNew: 6881K->259K(7424K), 0.0002340 secs] 19568K->12945K(23808K), 0.0002530 secs] [Times: user=0.00 sys=0.00, real=0.00 secs] 
82.283: Total time for which application threads were stopped: 0.0003430 seconds, Stopping threads took: 0.0000480 seconds
82.319: Application time: 0.0365640 seconds
82.320: [GC82.320: [ParNew: 6915K->287K(7424K), 0.0002860 secs] 19601K->12973K(23808K), 0.0003090 secs] [Times: user=0.00 sys=0.00, real=0.00 secs] 
82.320: Total time for which application threads were stopped: 0.0004120 seconds, Stopping threads took: 0.0000500 seconds
82.356: Application time: 0.0362030 seconds
82.356: [GC82.356: [ParNew: 6943K->309K(7424K), 0.0002750 secs] 19629K->12996K(23808K), 0.0002930 secs] [Times: user=0.00 sys=0.00, real=0.00 secs] 
82.356: Total time for which application threads were stopped: 0.0003820 seconds, Stopping threads took: 0.0000380 seconds
82.394: Application time: 0.0371170 seconds
82.394: [GC82.394: [ParNew: 6965K->318K(7424K), 0.0002470 secs] 19652K->13004K(23808K), 0.0002640 secs] [Times: user=0.00 sys=0.00, real=0.00 secs] 
82.394: Total time for which application threads were stopped: 0.0003500 seconds, Stopping threads took: 0.0000450 seconds
82.430: Application time: 0.0363220 seconds
82.430: [GC82.430: [ParNew: 6974K->349K(7424K), 0.0003350 secs] 19660K->13036K(23808K), 0.0003560 secs] [Times: user=0.01 sys=0.00, real=0.00 secs] 
82.431: Total time for which application threads were stopped: 0.0004600 seconds, Stopping threads took: 0.0000610 seconds
82.467: Application time: 0.0362180 seconds
82.467: [GC82.467: [ParNew: 7005K->396K(7424K), 0.0002770 secs] 19692K->13083K(23808K), 0.0002950 secs] [Times: user=0.00 sys=0.00, real=0.00 secs] 
82.467: Total time for which application threads were stopped: 0.0003810 seconds, Stopping threads took: 0.0000430 seconds
82.504: Application time: 0.0370050 seconds
82.504: [GC82.504: [ParNew: 7052K->394K(7424K), 0.0002650 secs] 19739K->13081K(23808K), 0.0002830 secs] [Times: user=0.00 sys=0.00, real=0.00 secs] 
82.505: Total time for which application threads were stopped: 0.0003750 seconds, Stopping threads took: 0.0000410 seconds
82.542: Application time: 0.0369370 seconds
82.542: [GC82.542: [ParNew: 7050K->398K(7424K), 0.0002960 secs] 19737K->13085K(23808K), 0.0003130 secs] [Times: user=0.00 sys=0.00, real=0.00 secs] 
82.542: Total time for which application threads were stopped: 0.0003940 seconds, Stopping threads took: 0.0000390 seconds
82.579: Application time: 0.0372190 seconds
82.579: [GC82.579: [ParNew: 7054K->378K(7424K), 0.0002930 secs] 19741K->13065K(23808K), 0.0003100 secs] [Times: user=0.00 sys=0.00, real=0.00 secs] 
82.580: Total time for which application threads were stopped: 0.0003950 seconds, Stopping threads took: 0.0000410 seconds
82.616: Application time: 0.0367090 seconds
82.616: [GC82.616: [ParNew: 7034K->378K(7424K), 0.0002830 secs] 19721K->13065K(23808K), 0.0003010 secs] [Times: user=0.00 sys=0.00, real=0.00 secs] 
82.617: Total time for which application threads were stopped: 0.0003920 seconds, Stopping threads took: 0.0000460 seconds
82.654: Application time: 0.0369240 seconds
82.654: [GC82.654: [ParNew: 7034K->393K(7424K), 0.0002590 secs] 19721K->13080K(23808K), 0.0002780 secs] [Times: user=0.00 sys=0.00, real=0.00 secs] 
82.654: Total time for which application threads were stopped: 0.0003610 seconds, Stopping threads took: 0.0000410 seconds
82.691: Application time: 0.0367100 seconds
82.691: [GC82.691: [ParNew: 7049K->400K(7424K), 0.0002670 secs] 19736K->13087K(23808K), 0.0002830 secs] [Times: user=0.00 sys=0.00, real=0.00 secs] 
82.691: Total time for which application threads were stopped: 0.0003690 seconds, Stopping threads took: 0.0000430 seconds
82.728: Application time: 0.0371450 seconds
82.728: [GC82.728: [ParNew: 7056K->364K(7424K), 0.0002790 secs] 19743K->13115K(23808K), 0.0002980 secs] [Times: user=0.00 sys=0.00, real=0.00 secs] 
82.729: Total time for which application threads were stopped: 0.0003790 seconds, Stopping threads took: 0.0000370 seconds
82.765: Application time: 0.0366150 seconds
82.765: [GC82.765: [ParNew: 7020K->362K(7424K), 0.0002800 secs] 19771K->13113K(23808K), 0.0002990 secs] [Times: user=0.01 sys=0.00, real=0.00 secs] 
82.766: Total time for which application threads were stopped: 0.0003880 seconds, Stopping threads took: 0.0000460 seconds
82.803: Application time: 0.0370940 seconds
82.803: [GC82.803: [ParNew: 7018K->339K(7424K), 0.0002640 secs] 19769K->13154K(23808K), 0.0002810 secs] [Times: user=0.00 sys=0.00, real=0.00 secs] 
82.803: Total time for which application threads were stopped: 0.0003680 seconds, Stopping threads took: 0.0000430 seconds
82.840: Application time: 0.0371200 seconds
82.840: [GC82.840: [ParNew: 6995K->311K(7424K), 0.0002890 secs] 19810K->13182K(23808K), 0.0003070 secs] [Times: user=0.00 sys=0.00, real=0.00 secs] 
82.841: Total time for which application threads were stopped: 0.0003970 seconds, Stopping threads took: 0.0000380 seconds
82.877: Application time: 0.0366870 seconds
82.877: [GC82.877: [ParNew: 6967K->274K(7424K), 0.0002530 secs] 19838K->13209K(23808K), 0.0002720 secs] [Times: user=0.01 sys=0.00, real=0.00 secs] 
82.878: Total time for which application threads were stopped: 0.0003530 seconds, Stopping threads took: 0.0000380 seconds
82.915: Application time: 0.0368650 seconds
82.915: [GC82.915: [ParNew: 6930K->258K(7424K), 0.0002370 secs] 19865K->13249K(23808K), 0.0002550 secs] [Times: user=0.00 sys=0.00, real=0.00 secs] 
82.915: Total time for which application threads were stopped: 0.0003420 seconds, Stopping threads took: 0.0000450 seconds
82.952: Application time: 0.0368990 seconds
82.952: [GC82.952: [ParNew: 6914K->256K(7424K), 0.0003040 secs] 19905K->13247K(23808K), 0.0003210 secs] [Times: user=0.00 sys=0.00, real=0.00 secs] 
82.952: Total time for which application threads were stopped: 0.0004120 seconds, Stopping threads took: 0.0000480 seconds
82.989: Application time: 0.0364930 seconds
82.989: [GC82.989: [ParNew: 6912K->225K(7424K), 0.0003390 secs] 19903K->13312K(23808K), 0.0003560 secs] [Times: user=0.00 sys=0.00, real=0.00 secs] 
82.989: Total time for which application threads were stopped: 0.0004490 seconds, Stopping threads took: 0.0000500 seconds
83.025: Application time: 0.0361470 seconds
83.025: [GC83.025: [ParNew: 6881K->224K(7424K), 0.0003350 secs] 19968K->13367K(23808K), 0.0003520 secs] [Times: user=0.00 sys=0.00, real=0.00 secs] 
83.026: Total time for which application threads were stopped: 0.0004490 seconds, Stopping threads took: 0.0000420 seconds
83.063: Application time: 0.0370650 seconds
83.063: [GC83.063: [ParNew: 6880K->217K(7424K), 0.0002980 secs] 20023K->13360K(23808K), 0.0003140 secs] [Times: user=0.00 sys=0.00, real=0.00 secs] 
83.063: Total time for which application threads were stopped: 0.0004030 seconds, Stopping threads took: 0.0000460 seconds
83.099: Application time: 0.0359040 seconds
83.099: [GC83.099: [ParNew: 6873K->277K(7424K), 0.0004080 secs] 20016K->13420K(23808K), 0.0004250 secs] [Times: user=0.00 sys=0.00, real=0.00 secs] 
83.100: Total time for which application threads were stopped: 0.0005100 seconds, Stopping threads took: 0.0000410 seconds
83.136: Application time: 0.0360920 seconds
83.136: [GC83.136: [ParNew: 6933K->311K(7424K), 0.0002470 secs] 20076K->13454K(23808K), 0.0002680 secs] [Times: user=0.00 sys=0.00, real=0.00 secs] 
83.136: Total time for which application threads were stopped: 0.0003520 seconds, Stopping threads took: 0.0000400 seconds
83.173: Application time: 0.0370990 seconds
83.173: [GC83.173: [ParNew: 6967K->313K(7424K), 0.0002700 secs] 20110K->13456K(23808K), 0.0002870 secs] [Times: user=0.00 sys=0.00, real=0.00 secs] 
83.174: Total time for which application threads were stopped: 0.0003710 seconds, Stopping threads took: 0.0000420 seconds
83.210: Application time: 0.0362310 seconds
83.210: [GC83.210: [ParNew: 6969K->340K(7424K), 0.0002980 secs] 20112K->13483K(23808K), 0.0003160 secs] [Times: user=0.00 sys=0.00, real=0.00 secs] 
83.210: Total time for which application threads were stopped: 0.0004020 seconds, Stopping threads took: 0.0000430 seconds
83.246: Application time: 0.0360480 seconds
83.246: [GC83.246: [ParNew: 6996K->398K(7424K), 0.0002880 secs] 20139K->13541K(23808K), 0.0003070 secs] [Times: user=0.00 sys=0.00, real=0.00 secs] 
83.247: Total time for which application threads were stopped: 0.0003870 seconds, Stopping threads took: 0.0000360 seconds
83.283: Application time: 0.0367220 seconds
83.283: [GC83.283: [ParNew: 7054K->398K(7424K), 0.0002640 secs] 20197K->13542K(23808K), 0.0002810 secs] [Times: user=0.00 sys=0.00, real=0.00 secs] 
83.284: Total time for which application threads were stopped: 0.0003610 seconds, Stopping threads took: 0.0000390 seconds
83.321: Application time: 0.0375720 seconds
83.321: [GC83.321: [ParNew: 7054K->398K(7424K), 0.0003330 secs] 20198K->13542K(23808K), 0.0003540 secs] [Times: user=0.00 sys=0.00, real=0.00 secs] 
83.322: Total time for which application threads were stopped: 0.0004660 seconds, Stopping threads took: 0.0000520 seconds
83.360: Application time: 0.0378800 seconds
83.360: [GC83.360: [ParNew: 7054K->397K(7424K), 0.0004020 secs] 20198K->13541K(23808K), 0.0004260 secs] [Times: user=0.00 sys=0.00, real=0.00 secs] 
83.360: Total time for which application threads were stopped: 0.0005400 seconds, Stopping threads took: 0.0000580 seconds
83.397: Application time: 0.0366630 seconds
83.397: [GC83.397: [ParNew: 7053K->398K(7424K), 0.0003000 secs] 20197K->13541K(23808K), 0.0003200 secs] [Times: user=0.00 sys=0.00, real=0.00 secs] 
83.397: Total time for which application threads were stopped: 0.0004090 seconds, Stopping threads took: 0.0000380 seconds
83.434: Application time: 0.0367610 seconds
83.434: [GC83.434: [ParNew: 7054K->399K(7424K), 0.0002920 secs] 20197K->13542K(23808K), 0.0003110 secs] [Times: user=0.00 sys=0.00, real=0.00 secs] 
83.434: Total time for which application threads were stopped: 0.0004070 seconds, Stopping threads took: 0.0000500 seconds
83.471: Application time: 0.0367590 seconds
83.471: [GC83.471: [ParNew: 7055K->395K(7424K), 0.0003570 secs] 20198K->13538K(23808K), 0.0003750 secs] [Times: user=0.01 sys=0.00, real=0.00 secs] 
83.472: Total time for which application threads were stopped: 0.0004700 seconds, Stopping threads took: 0.0000500 seconds
83.509: Application time: 0.0371250 seconds
83.509: [GC83.509: [ParNew: 7051K->400K(7424K), 0.0002970 secs] 20194K->13543K(23808K), 0.0003130 secs] [Times: user=0.00 sys=0.00, real=0.00 secs] 
83.509: Total time for which application threads were stopped: 0.0003930 seconds, Stopping threads took: 0.0000340 seconds
83.546: Application time: 0.0370850 seconds
83.546: [GC83.546: [ParNew: 7056K->362K(7424K), 0.0003190 secs] 20199K->13577K(23808K), 0.0003380 secs] [Times: user=0.00 sys=0.00, real=0.00 secs] 
83.547: Total time for which application threads were stopped: 0.0004390 seconds, Stopping threads took: 0.0000440 seconds
83.584: Application time: 0.0370640 seconds
83.584: [GC83.584: [ParNew: 7018K->337K(7424K), 0.0002990 secs] 20233K->13625K(23808K), 0.0003170 secs] [Times: user=0.00 sys=0.00, real=0.00 secs] 
83.584: Total time for which application threads were stopped: 0.0004010 seconds, Stopping threads took: 0.0000380 seconds
83.621: Application time: 0.0366320 seconds
83.621: [GC83.621: [ParNew: 6993K->333K(7424K), 0.0002440 secs] 20281K->13628K(23808K), 0.0002620 secs] [Times: user=0.01 sys=0.00, real=0.00 secs] 
83.621: Total time for which application threads were stopped: 0.0003470 seconds, Stopping threads took: 0.0000410 seconds
83.658: Application time: 0.0372070 seconds
83.658: [GC83.658: [ParNew: 6989K->269K(7424K), 0.0003140 secs] 20284K->13661K(23808K), 0.0003310 secs] [Times: user=0.01 sys=0.00, real=0.00 secs] 
83.659: Total time for which application threads were stopped: 0.0004140 seconds, Stopping threads took: 0.0000410 seconds
83.695: Application time: 0.0366830 seconds
83.695: [GC83.696: [ParNew: 6925K->253K(7424K), 0.0003310 secs] 20317K->13684K(23808K), 0.0003480 secs] [Times: user=0.00 sys=0.00, real=0.00 secs] 
83.696: Total time for which application threads were stopped: 0.0004290 seconds, Stopping threads took: 0.0000380 seconds
83.733: Application time: 0.0369490 seconds
83.733: [GC83.733: [ParNew: 6909K->243K(7424K), 0.0002540 secs] 20340K->13674K(23808K), 0.0002720 secs] [Times: user=0.00 sys=0.00, real=0.00 secs] 
83.733: Total time for which application threads were stopped: 0.0003580 seconds, Stopping threads took: 0.0000430 seconds
83.770: Application time: 0.0364730 seconds
83.770: [GC83.770: [ParNew: 6899K->245K(7424K), 0.0002600 secs] 20330K->13732K(23808K), 0.0002790 secs] [Times: user=0.00 sys=0.00, real=0.00 secs] 
83.770: Total time for which application threads were stopped: 0.0003650 seconds, Stopping threads took: 0.0000390 seconds
83.806: Application time: 0.0364840 seconds
83.807: [GC83.807: [ParNew: 6901K->217K(7424K), 0.0002560 secs] 20388K->13801K(23808K), 0.0002830 secs] [Times: user=0.01 sys=0.00, real=0.00 secs] 
83.807: Total time for which application threads were stopped: 0.0003860 seconds, Stopping threads took: 0.0000570 seconds
83.843: Application time: 0.0362830 seconds
83.843: [GC83.843: [ParNew: 6873K->256K(7424K), 0.0002790 secs] 20457K->13839K(23808K), 0.0002970 secs] [Times: user=0.00 sys=0.00, real=0.00 secs] 
83.844: Total time for which application threads were stopped: 0.0004050 seconds, Stopping threads took: 0.0000630 seconds
83.881: Application time: 0.0370460 seconds
83.881: [GC83.881: [ParNew: 6912K->277K(7424K), 0.0002450 secs] 20495K->13860K(23808K), 0.0002640 secs] [Times: user=0.00 sys=0.00, real=0.00 secs] 
83.881: Total time for which application threads were stopped: 0.0003490 seconds, Stopping threads took: 0.0000370 seconds
83.918: Application time: 0.0367280 seconds
83.918: [GC83.918: [ParNew: 6933K->265K(7424K), 0.0002740 secs] 20516K->13849K(23808K), 0.0002930 secs] [Times: user=0.00 sys=0.00, real=0.00 secs] 
83.918: Total time for which application threads were stopped: 0.0003780 seconds, Stopping threads took: 0.0000410 seconds
83.955: Application time: 0.0365240 seconds
83.955: [GC83.955: [ParNew: 6921K->310K(7424K), 0.0002740 secs] 20505K->13894K(23808K), 0.0002910 secs] [Times: user=0.01 sys=0.00, real=0.00 secs] 
83.955: Total time for which application threads were stopped: 0.0003760 seconds, Stopping threads took: 0.0000400 seconds
83.991: Application time: 0.0364280 seconds
83.991: [GC83.991: [ParNew: 6966K->336K(7424K), 0.0002580 secs] 20550K->13920K(23808K), 0.0002760 secs] [Times: user=0.00 sys=0.00, real=0.00 secs] 
83.992: Total time for which application threads were stopped: 0.0003600 seconds, Stopping threads took: 0.0000370 seconds
84.028: Application time: 0.0365240 seconds
84.028: [GC84.028: [ParNew: 6992K->353K(7424K), 0.0003540 secs] 20576K->13936K(23808K), 0.0003700 secs] [Times: user=0.00 sys=0.00, real=0.00 secs] 
84.029: Total time for which application threads were stopped: 0.0004500 seconds, Stopping threads took: 0.0000350 seconds
84.065: Application time: 0.0363700 seconds
84.065: [GC84.065: [ParNew: 7009K->394K(7424K), 0.0003610 secs] 20592K->13978K(23808K), 0.0003770 secs] [Times: user=0.00 sys=0.00, real=0.00 secs] 
84.066: Total time for which application threads were stopped: 0.0004670 seconds, Stopping threads took: 0.0000350 seconds
84.102: Application time: 0.0366950 seconds
84.102: [GC84.102: [ParNew: 7050K->402K(7424K), 0.0003060 secs] 20634K->13985K(23808K), 0.0003240 secs] [Times: user=0.01 sys=0.00, real=0.00 secs] 
84.103: Total time for which application threads were stopped: 0.0004150 seconds, Stopping threads took: 0.0000500 seconds
84.140: Application time: 0.0370100 seconds
84.140: [GC84.140: [ParNew: 7058K->401K(7424K), 0.0002650 secs] 20641K->13985K(23808K), 0.0002830 secs] [Times: user=0.00 sys=0.00, real=0.00 secs] 
84.140: Total time for which application threads were stopped: 0.0003650 seconds, Stopping threads took: 0.0000380 seconds
84.177: Application time: 0.0369110 seconds
84.177: [GC84.177: [ParNew: 7057K->390K(7424K), 0.0003560 secs] 20641K->13974K(23808K), 0.0003730 secs] [Times: user=0.01 sys=0.00, real=0.00 secs] 
84.177: Total time for which application threads were stopped: 0.0004540 seconds, Stopping threads took: 0.0000370 seconds
84.214: Application time: 0.0368620 seconds
84.214: [GC84.214: [ParNew: 7046K->392K(7424K), 0.0002940 secs] 20630K->13975K(23808K), 0.0003130 secs] [Times: user=0.00 sys=0.00, real=0.00 secs] 
84.215: Total time for which application threads were stopped: 0.0004020 seconds, Stopping threads took: 0.0000430 seconds
84.252: Application time: 0.0368600 seconds
84.252: [GC84.252: [ParNew: 7048K->399K(7424K), 0.0002770 secs] 20631K->13983K(23808K), 0.0002930 secs] [Times: user=0.00 sys=0.00, real=0.00 secs] 
84.252: Total time for which application threads were stopped: 0.0003730 seconds, Stopping threads took: 0.0000360 seconds
84.289: Application time: 0.0369170 seconds
84.289: [GC84.289: [ParNew: 7055K->394K(7424K), 0.0003040 secs] 20639K->13977K(23808K), 0.0003270 secs] [Times: user=0.00 sys=0.00, real=0.00 secs] 
84.289: Total time for which application threads were stopped: 0.0004110 seconds, Stopping threads took: 0.0000400 seconds
84.326: Application time: 0.0371140 seconds
84.326: [GC84.326: [ParNew: 7050K->377K(7424K), 0.0003450 secs] 20633K->14016K(23808K), 0.0003710 secs] [Times: user=0.00 sys=0.00, real=0.00 secs] 
84.327: Total time for which application threads were stopped: 0.0004830 seconds, Stopping threads took: 0.0000530 seconds
84.364: Application time: 0.0369480 seconds
84.364: [GC84.364: [ParNew: 7033K->336K(7424K), 0.0002920 secs] 20672K->14032K(23808K), 0.0003080 secs] [Times: user=0.00 sys=0.00, real=0.00 secs] 
84.364: Total time for which application threads were stopped: 0.0004010 seconds, Stopping threads took: 0.0000450 seconds
84.401: Application time: 0.0372790 seconds
84.402: [GC84.402: [ParNew: 6992K->308K(7424K), 0.0003420 secs] 20688K->14067K(23808K), 0.0003660 secs] [Times: user=0.00 sys=0.00, real=0.00 secs] 
84.402: Total time for which application threads were stopped: 0.0004670 seconds, Stopping threads took: 0.0000490 seconds
84.439: Application time: 0.0367180 seconds
84.439: [GC84.439: [ParNew: 6964K->270K(7424K), 0.0002740 secs] 20723K->14109K(23808K), 0.0002890 secs] [Times: user=0.00 sys=0.00, real=0.00 secs] 
84.439: Total time for which application threads were stopped: 0.0003840 seconds, Stopping threads took: 0.0000500 seconds
84.476: Application time: 0.0372500 seconds
84.476: [GC84.476: [ParNew: 6926K->282K(7424K), 0.0002870 secs] 20765K->14121K(23808K), 0.0003050 secs] [Times: user=0.00 sys=0.00, real=0.00 secs] 
84.477: Total time for which application threads were stopped: 0.0003930 seconds, Stopping threads took: 0.0000430 seconds
84.514: Application time: 0.0370710 seconds
84.518: [GC84.518: [ParNew: 6938K->245K(7424K), 0.0002670 secs] 20777K->14133K(23808K), 0.0002860 secs] [Times: user=0.00 sys=0.00, real=0.00 secs] 
84.518: Total time for which application threads were stopped: 0.0045960 seconds, Stopping threads took: 0.0042650 seconds
84.555: Application time: 0.0366780 seconds
84.555: [GC84.555: [ParNew: 6901K->220K(7424K), 0.0002620 secs] 20789K->14172K(23808K), 0.0002790 secs] [Times: user=0.00 sys=0.00, real=0.00 secs] 
84.555: Total time for which application threads were stopped: 0.0003680 seconds, Stopping threads took: 0.0000480 seconds
84.592: Application time: 0.0363390 seconds
84.592: [GC84.592: [ParNew: 6876K->229K(7424K), 0.0002750 secs] 20828K->14237K(23808K), 0.0002930 secs] [Times: user=0.00 sys=0.00, real=0.00 secs] 
84.592: Total time for which application threads were stopped: 0.0003900 seconds, Stopping threads took: 0.0000420 seconds
84.629: Application time: 0.0366490 seconds
84.629: [GC84.629: [ParNew: 6885K->218K(7424K), 0.0002620 secs] 20893K->14290K(23808K), 0.0002790 secs] [Times: user=0.00 sys=0.00, real=0.00 secs] 
84.629: Total time for which application threads were stopped: 0.0003580 seconds, Stopping threads took: 0.0000370 seconds
84.666: Application time: 0.0364470 seconds
84.666: [GC84.666: [ParNew: 6874K->228K(7424K), 0.0002620 secs] 20946K->14300K(23808K), 0.0002790 secs] [Times: user=0.00 sys=0.00, real=0.00 secs] 
84.666: Total time for which application threads were stopped: 0.0003570 seconds, Stopping threads took: 0.0000330 seconds
84.702: Application time: 0.0363670 seconds
84.702: [GC84.702: [ParNew: 6884K->276K(7424K), 0.0002680 secs] 20956K->14348K(23808K), 0.0002880 secs] [Times: user=0.00 sys=0.00, real=0.00 secs] 
84.703: Total time for which application threads were stopped: 0.0003790 seconds, Stopping threads took: 0.0000460 seconds
84.739: Application time: 0.0363190 seconds
84.739: [GC84.739: [ParNew: 6932K->311K(7424K), 0.0002740 secs] 21004K->14383K(23808K), 0.0002920 secs] [Times: user=0.00 sys=0.00, real=0.00 secs] 
84.739: Total time for which application threads were stopped: 0.0003830 seconds, Stopping threads took: 0.0000410 seconds
84.776: Application time: 0.0365940 seconds
84.776: [GC84.776: [ParNew: 6967K->336K(7424K), 0.0002830 secs] 21039K->14407K(23808K), 0.0003090 secs] [Times: user=0.00 sys=0.00, real=0.00 secs] 
84.776: Total time for which application threads were stopped: 0.0004020 seconds, Stopping threads took: 0.0000450 seconds
84.813: Application time: 0.0363570 seconds
84.813: [GC84.813: [ParNew: 6992K->362K(7424K), 0.0002820 secs] 21063K->14434K(23808K), 0.0002990 secs] [Times: user=0.00 sys=0.00, real=0.00 secs] 
84.813: Total time for which application threads were stopped: 0.0003880 seconds, Stopping threads took: 0.0000430 seconds
84.850: Application time: 0.0364570 seconds
84.850: [GC84.850: [ParNew: 7018K->399K(7424K), 0.0004060 secs] 21090K->14470K(23808K), 0.0004270 secs] [Times: user=0.00 sys=0.00, real=0.00 secs] 
84.851: Total time for which application threads were stopped: 0.0009070 seconds, Stopping threads took: 0.0004240 seconds
84.888: Application time: 0.0376480 seconds
84.888: [GC84.888: [ParNew: 7055K->393K(7424K), 0.0004030 secs] 21126K->14464K(23808K), 0.0004240 secs] [Times: user=0.00 sys=0.00, real=0.00 secs] 
84.889: Total time for which application threads were stopped: 0.0005230 seconds, Stopping threads took: 0.0000470 seconds
84.926: Application time: 0.0371620 seconds
84.926: [GC84.926: [ParNew: 7049K->395K(7424K), 0.0003540 secs] 21120K->14467K(23808K), 0.0003720 secs] [Times: user=0.00 sys=0.00, real=0.00 secs] 
84.926: Total time for which application threads were stopped: 0.0004640 seconds, Stopping threads took: 0.0000450 seconds
84.963: Application time: 0.0366340 seconds
84.963: [GC84.963: [ParNew: 7051K->390K(7424K), 0.0002960 secs] 21123K->14462K(23808K), 0.0003140 secs] [Times: user=0.00 sys=0.00, real=0.00 secs] 
84.963: Total time for which application threads were stopped: 0.0004050 seconds, Stopping threads took: 0.0000440 seconds
85.000: Application time: 0.0370460 seconds
85.001: [GC85.001: [ParNew: 7046K->398K(7424K), 0.0003010 secs] 21118K->14470K(23808K), 0.0003190 secs] [Times: user=0.00 sys=0.00, real=0.00 secs] 
85.001: Total time for which application threads were stopped: 0.0004020 seconds, Stopping threads took: 0.0000380 seconds
85.038: Application time: 0.0371110 seconds
85.042: [GC85.042: [ParNew: 7054K->397K(7424K), 0.0002760 secs] 21126K->14468K(23808K), 0.0002940 secs] [Times: user=0.00 sys=0.00, real=0.00 secs] 
85.042: Total time for which application threads were stopped: 0.0044330 seconds, Stopping threads took: 0.0040930 seconds
85.079: Application time: 0.0366460 seconds
85.079: [GC85.079: [ParNew: 7053K->393K(7424K), 0.0003190 secs] 21124K->14465K(23808K), 0.0003360 secs] [Times: user=0.00 sys=0.00, real=0.00 secs] 
85.079: Total time for which application threads were stopped: 0.0004230 seconds, Stopping threads took: 0.0000430 seconds
85.116: Application time: 0.0368500 seconds
85.116: [GC85.116: [ParNew: 7049K->399K(7424K), 0.0002910 secs] 21121K->14471K(23808K), 0.0003060 secs] [Times: user=0.00 sys=0.00, real=0.00 secs] 
85.117: Total time for which application threads were stopped: 0.0003960 seconds, Stopping threads took: 0.0000380 seconds
85.154: Application time: 0.0372920 seconds
85.154: [GC85.154: [ParNew: 7055K->341K(7424K), 0.0002790 secs] 21127K->14509K(23808K), 0.0002960 secs] [Times: user=0.01 sys=0.00, real=0.00 secs] 
85.154: Total time for which application threads were stopped: 0.0003800 seconds, Stopping threads took: 0.0000370 seconds
85.191: Application time: 0.0365590 seconds
85.191: [GC85.191: [ParNew: 6997K->338K(7424K), 0.0002940 secs] 21165K->14506K(23808K), 0.0003100 secs] [Times: user=0.00 sys=0.00, real=0.00 secs] 
85.191: Total time for which application threads were stopped: 0.0004020 seconds, Stopping threads took: 0.0000460 seconds
85.228: Application time: 0.0368060 seconds
85.228: [GC85.228: [ParNew: 6994K->306K(7424K), 0.0002960 secs] 21162K->14537K(23808K), 0.0003140 secs] [Times: user=0.01 sys=0.00, real=0.00 secs] 
85.229: Total time for which application threads were stopped: 0.0004060 seconds, Stopping threads took: 0.0000490 seconds
85.265: Application time: 0.0366770 seconds
85.265: [GC85.265: [ParNew: 6962K->276K(7424K), 0.0003050 secs] 21193K->14564K(23808K), 0.0003220 secs] [Times: user=0.00 sys=0.00, real=0.00 secs] 
85.266: Total time for which application threads were stopped: 0.0004010 seconds, Stopping threads took: 0.0000340 seconds
85.303: Application time: 0.0374440 seconds
85.303: [GC85.303: [ParNew: 6932K->250K(7424K), 0.0002570 secs] 21220K->14594K(23808K), 0.0002750 secs] [Times: user=0.00 sys=0.00, real=0.00 secs] 
85.303: Total time for which application threads were stopped: 0.0003580 seconds, Stopping threads took: 0.0000400 seconds
85.340: Application time: 0.0370510 seconds
85.341: [GC85.341: [ParNew: 6906K->223K(7424K), 0.0003060 secs] 21250K->14622K(23808K), 0.0003300 secs] [Times: user=0.01 sys=0.00, real=0.00 secs] 
85.341: Total time for which application threads were stopped: 0.0004430 seconds, Stopping threads took: 0.0000530 seconds
85.379: Application time: 0.0376320 seconds
85.382: [GC85.382: [ParNew: 6878K->222K(7424K), 0.0003860 secs] 21278K->14678K(23808K), 0.0004100 secs] [Times: user=0.00 sys=0.00, real=0.01 secs] 
85.382: Total time for which application threads were stopped: 0.0037130 seconds, Stopping threads took: 0.0032490 seconds
85.420: Application time: 0.0374190 seconds
85.420: [GC85.420: [ParNew: 6878K->230K(7424K), 0.0002840 secs] 21334K->14757K(23808K), 0.0003040 secs] [Times: user=0.01 sys=0.00, real=0.00 secs] 
85.420: Total time for which application threads were stopped: 0.0003940 seconds, Stopping threads took: 0.0000410 seconds
85.457: Application time: 0.0364240 seconds
85.457: [GC85.457: [ParNew: 6886K->251K(7424K), 0.0002640 secs] 21413K->14779K(23808K), 0.0002800 secs] [Times: user=0.00 sys=0.00, real=0.00 secs] 
85.457: Total time for which application threads were stopped: 0.0003700 seconds, Stopping threads took: 0.0000440 seconds
85.493: Application time: 0.0364030 seconds
85.493: [GC85.493: [ParNew: 6907K->278K(7424K), 0.0002550 secs] 21435K->14806K(23808K), 0.0002750 secs] [Times: user=0.00 sys=0.00, real=0.00 secs] 
85.494: Total time for which application threads were stopped: 0.0003560 seconds, Stopping threads took: 0.0000350 seconds
85.530: Application time: 0.0367620 seconds
85.531: [GC85.531: [ParNew: 6934K->311K(7424K), 0.0002930 secs] 21462K->14838K(23808K), 0.0003130 secs] [Times: user=0.01 sys=0.00, real=0.00 secs] 
85.531: Total time for which application threads were stopped: 0.0004100 seconds, Stopping threads took: 0.0000480 seconds
85.568: Application time: 0.0369740 seconds
85.568: [GC85.568: [ParNew: 6959K->327K(7424K), 0.0002590 secs] 21487K->14855K(23808K), 0.0002780 secs] [Times: user=0.00 sys=0.00, real=0.00 secs] 
85.568: Total time for which application threads were stopped: 0.0003600 seconds, Stopping threads took: 0.0000370 seconds
85.604: Application time: 0.0361930 seconds
85.604: [GC85.604: [ParNew: 6983K->371K(7424K), 0.0002980 secs] 21511K->14899K(23808K), 0.0003160 secs] [Times: user=0.00 sys=0.00, real=0.00 secs] 
85.605: Total time for which application threads were stopped: 0.0004010 seconds, Stopping threads took: 0.0000400 seconds
85.642: Application time: 0.0371540 seconds
85.642: [GC85.642: [ParNew: 7027K->366K(7424K), 0.0003710 secs] 21555K->14894K(23808K), 0.0003870 secs] [Times: user=0.00 sys=0.00, real=0.01 secs] 
85.642: Total time for which application threads were stopped: 0.0004860 seconds, Stopping threads took: 0.0000480 seconds
85.679: Application time: 0.0364860 seconds
85.679: [GC85.679: [ParNew: 7022K->402K(7424K), 0.0003080 secs] 21550K->14930K(23808K), 0.0003260 secs] [Times: user=0.00 sys=0.00, real=0.00 secs] 
85.679: Total time for which application threads were stopped: 0.0004210 seconds, Stopping threads took: 0.0000490 seconds
85.716: Application time: 0.0369470 seconds
85.716: [GC85.716: [ParNew: 7058K->359K(7424K), 0.0002990 secs] 21586K->14959K(23808K), 0.0003170 secs] [Times: user=0.01 sys=0.00, real=0.00 secs] 
85.717: Total time for which application threads were stopped: 0.0004050 seconds, Stopping threads took: 0.0000440 seconds
85.754: Application time: 0.0371860 seconds
85.754: [GC85.754: [ParNew: 7015K->348K(7424K), 0.0002700 secs] 21615K->14948K(23808K), 0.0002960 secs] [Times: user=0.00 sys=0.00, real=0.01 secs] 
85.754: Total time for which application threads were stopped: 0.0003800 seconds, Stopping threads took: 0.0000380 seconds
85.791: Application time: 0.0366670 seconds
85.791: [GC85.791: [ParNew: 7004K->365K(7424K), 0.0003540 secs] 21604K->14965K(23808K), 0.0003730 secs] [Times: user=0.00 sys=0.00, real=0.00 secs] 
85.791: Total time for which application threads were stopped: 0.0004660 seconds, Stopping threads took: 0.0000450 seconds
85.828: Application time: 0.0370700 seconds
85.829: [GC85.829: [ParNew: 7021K->368K(7424K), 0.0003120 secs] 21621K->14968K(23808K), 0.0003330 secs] [Times: user=0.00 sys=0.00, real=0.00 secs] 
85.829: Total time for which application threads were stopped: 0.0004230 seconds, Stopping threads took: 0.0000410 seconds
85.866: Application time: 0.0368270 seconds
85.866: [GC85.866: [ParNew: 7024K->369K(7424K), 0.0003580 secs] 21624K->14969K(23808K), 0.0003730 secs] [Times: user=0.00 sys=0.00, real=0.00 secs] 
85.866: Total time for which application threads were stopped: 0.0004630 seconds, Stopping threads took: 0.0000450 seconds
85.903: Application time: 0.0370660 seconds
85.903: [GC85.903: [ParNew: 7025K->366K(7424K), 0.0002770 secs] 21625K->14965K(23808K), 0.0002950 secs] [Times: user=0.00 sys=0.00, real=0.00 secs] 
85.904: Total time for which application threads were stopped: 0.0003790 seconds, Stopping threads took: 0.0000390 seconds
85.940: Application time: 0.0367860 seconds
85.940: [GC85.940: [ParNew: 7022K->373K(7424K), 0.0002810 secs] 21621K->14973K(23808K), 0.0002990 secs] [Times: user=0.00 sys=0.00, real=0.00 secs] 
85.941: Total time for which application threads were stopped: 0.0003850 seconds, Stopping threads took: 0.0000410 seconds
85.978: Application time: 0.0369670 seconds
85.978: [GC85.978: [ParNew: 7029K->328K(7424K), 0.0003140 secs] 21629K->14984K(23808K), 0.0003330 secs] [Times: user=0.00 sys=0.00, real=0.00 secs] 
85.978: Total time for which application threads were stopped: 0.0004290 seconds, Stopping threads took: 0.0000480 seconds
86.015: Application time: 0.0369030 seconds
86.015: [GC86.015: [ParNew: 6984K->322K(7424K), 0.0003040 secs] 21640K->15026K(23808K), 0.0003220 secs] [Times: user=0.00 sys=0.00, real=0.00 secs] 
86.016: Total time for which application threads were stopped: 0.0004110 seconds, Stopping threads took: 0.0000440 seconds
86.053: Application time: 0.0370990 seconds
86.053: [GC86.053: [ParNew: 6978K->277K(7424K), 0.0002620 secs] 21682K->15037K(23808K), 0.0002790 secs] [Times: user=0.00 sys=0.00, real=0.00 secs] 
86.053: Total time for which application threads were stopped: 0.0003600 seconds, Stopping threads took: 0.0000350 seconds
86.090: Application time: 0.0370890 seconds
86.091: [GC86.091: [ParNew: 6933K->249K(7424K), 0.0003010 secs] 21693K->15081K(23808K), 0.0003170 secs] [Times: user=0.00 sys=0.00, real=0.00 secs] 
86.091: Total time for which application threads were stopped: 0.0012690 seconds, Stopping threads took: 0.0009050 seconds
86.128: Application time: 0.0367020 seconds
86.128: [GC86.128: [ParNew: 6905K->254K(7424K), 0.0002520 secs] 21737K->15094K(23808K), 0.0002680 secs] [Times: user=0.00 sys=0.00, real=0.00 secs] 
86.128: Total time for which application threads were stopped: 0.0003550 seconds, Stopping threads took: 0.0000430 seconds
86.165: Application time: 0.0364670 seconds
86.166: [GC86.166: [ParNew: 6910K->225K(7424K), 0.0002800 secs] 21750K->15169K(23808K), 0.0002990 secs] [Times: user=0.00 sys=0.00, real=0.00 secs] 
86.166: Total time for which application threads were stopped: 0.0016120 seconds, Stopping threads took: 0.0012510 seconds
86.203: Application time: 0.0365960 seconds
86.203: [GC86.203: [ParNew: 6881K->236K(7424K), 0.0002460 secs] 21825K->15181K(23808K), 0.0002650 secs] [Times: user=0.00 sys=0.00, real=0.00 secs] 
86.203: Total time for which application threads were stopped: 0.0003530 seconds, Stopping threads took: 0.0000380 seconds
86.243: Application time: 0.0393090 seconds
86.246: [GC86.246: [ParNew: 6892K->246K(7424K), 0.0004970 secs] 21837K->15246K(23808K), 0.0005280 secs] [Times: user=0.00 sys=0.00, real=0.00 secs] 
86.247: Total time for which application threads were stopped: 0.0039640 seconds, Stopping threads took: 0.0033580 seconds
86.286: Application time: 0.0395010 seconds
86.286: [GC86.286: [ParNew: 6902K->286K(7424K), 0.0003250 secs] 21902K->15286K(23808K), 0.0003440 secs] [Times: user=0.00 sys=0.00, real=0.00 secs] 
86.287: Total time for which application threads were stopped: 0.0004510 seconds, Stopping threads took: 0.0000480 seconds
86.323: Application time: 0.0366250 seconds
86.323: [GC86.323: [ParNew: 6942K->314K(7424K), 0.0003910 secs] 21942K->15314K(23808K), 0.0004140 secs] [Times: user=0.00 sys=0.00, real=0.00 secs] 
86.324: Total time for which application threads were stopped: 0.0005240 seconds, Stopping threads took: 0.0000480 seconds
86.361: Application time: 0.0372080 seconds
86.361: [GC86.361: [ParNew: 6970K->310K(7424K), 0.0004100 secs] 21970K->15310K(23808K), 0.0004360 secs] [Times: user=0.00 sys=0.00, real=0.00 secs] 
86.362: Total time for which application threads were stopped: 0.0005890 seconds, Stopping threads took: 0.0000880 seconds
86.398: Application time: 0.0368260 seconds
86.399: [GC86.399: [ParNew: 6966K->356K(7424K), 0.0003120 secs] 21966K->15356K(23808K), 0.0003350 secs] [Times: user=0.00 sys=0.00, real=0.00 secs] 
86.399: Total time for which application threads were stopped: 0.0004420 seconds, Stopping threads took: 0.0000480 seconds
86.435: Application time: 0.0359860 seconds
86.435: [GC86.435: [ParNew: 7012K->390K(7424K), 0.0003830 secs] 22012K->15390K(23808K), 0.0004020 secs] [Times: user=0.00 sys=0.00, real=0.00 secs] 
86.435: Total time for which application threads were stopped: 0.0005150 seconds, Stopping threads took: 0.0000630 seconds
86.473: Application time: 0.0372120 seconds
86.473: [GC86.473: [ParNew: 7046K->397K(7424K), 0.0002930 secs] 22046K->15398K(23808K), 0.0003100 secs] [Times: user=0.00 sys=0.00, real=0.00 secs] 
86.473: Total time for which application threads were stopped: 0.0004030 seconds, Stopping threads took: 0.0000450 seconds
86.510: Application time: 0.0368360 seconds
86.510: [GC86.510: [ParNew: 7053K->399K(7424K), 0.0003330 secs] 22054K->15399K(23808K), 0.0003500 secs] [Times: user=0.00 sys=0.00, real=0.00 secs] 
86.510: Total time for which application threads were stopped: 0.0004390 seconds, Stopping threads took: 0.0000460 seconds
86.547: Application time: 0.0369900 seconds
86.547: [GC86.547: [ParNew: 7055K->398K(7424K), 0.0003510 secs] 22055K->15398K(23808K), 0.0003700 secs] [Times: user=0.00 sys=0.00, real=0.00 secs] 
86.548: Total time for which application threads were stopped: 0.0004680 seconds, Stopping threads took: 0.0000500 seconds
86.585: Application time: 0.0369450 seconds
86.585: [GC86.585: [ParNew: 7054K->402K(7424K), 0.0002950 secs] 22054K->15402K(23808K), 0.0003110 secs] [Times: user=0.00 sys=0.00, real=0.00 secs] 
86.585: Total time for which application threads were stopped: 0.0004040 seconds, Stopping threads took: 0.0000460 seconds
86.622: Application time: 0.0367780 seconds
86.622: [GC86.622: [ParNew: 7058K->375K(7424K), 0.0003270 secs] 22058K->15448K(23808K), 0.0003450 secs] [Times: user=0.00 sys=0.00, real=0.01 secs] 
86.622: Total time for which application threads were stopped: 0.0004430 seconds, Stopping threads took: 0.0000490 seconds
86.659: Application time: 0.0366490 seconds
86.659: [GC86.659: [ParNew: 7031K->367K(7424K), 0.0002580 secs] 22104K->15439K(23808K), 0.0002750 secs] [Times: user=0.00 sys=0.00, real=0.00 secs] 
86.659: Total time for which application threads were stopped: 0.0003650 seconds, Stopping threads took: 0.0000440 seconds
86.696: Application time: 0.0371240 seconds
86.697: [GC86.697: [ParNew: 7023K->360K(7424K), 0.0002850 secs] 22095K->15432K(23808K), 0.0003020 secs] [Times: user=0.00 sys=0.00, real=0.00 secs] 
86.697: Total time for which application threads were stopped: 0.0003930 seconds, Stopping threads took: 0.0000360 seconds
86.734: Application time: 0.0367250 seconds
86.734: [GC86.734: [ParNew: 7016K->364K(7424K), 0.0003370 secs] 22088K->15436K(23808K), 0.0003630 secs] [Times: user=0.00 sys=0.00, real=0.00 secs] 
86.734: Total time for which application threads were stopped: 0.0004580 seconds, Stopping threads took: 0.0000420 seconds
86.771: Application time: 0.0370500 seconds
86.771: [GC86.771: [ParNew: 7020K->340K(7424K), 0.0003270 secs] 22092K->15468K(23808K), 0.0003460 secs] [Times: user=0.00 sys=0.00, real=0.00 secs] 
86.772: Total time for which application threads were stopped: 0.0004360 seconds, Stopping threads took: 0.0000410 seconds
86.809: Application time: 0.0371300 seconds
86.809: [GC86.809: [ParNew: 6996K->310K(7424K), 0.0002790 secs] 22124K->15502K(23808K), 0.0002960 secs] [Times: user=0.01 sys=0.00, real=0.00 secs] 
86.809: Total time for which application threads were stopped: 0.0003940 seconds, Stopping threads took: 0.0000490 seconds
86.846: Application time: 0.0368630 seconds
86.846: [GC86.846: [ParNew: 6966K->280K(7424K), 0.0002810 secs] 22158K->15536K(23808K), 0.0002990 secs] [Times: user=0.00 sys=0.00, real=0.00 secs] 
86.846: Total time for which application threads were stopped: 0.0003880 seconds, Stopping threads took: 0.0000440 seconds
86.884: Application time: 0.0372370 seconds
86.884: [GC86.884: [ParNew: 6936K->252K(7424K), 0.0003570 secs] 22192K->15564K(23808K), 0.0003760 secs] [Times: user=0.00 sys=0.00, real=0.00 secs] 
86.884: Total time for which application threads were stopped: 0.0004640 seconds, Stopping threads took: 0.0000400 seconds
86.921: Application time: 0.0367280 seconds
86.921: [GC86.921: [ParNew: 6908K->259K(7424K), 0.0002770 secs] 22220K->15572K(23808K), 0.0002960 secs] [Times: user=0.00 sys=0.00, real=0.00 secs] 
86.921: Total time for which application threads were stopped: 0.0003890 seconds, Stopping threads took: 0.0000470 seconds
86.958: Application time: 0.0370690 seconds
86.958: [GC86.958: [ParNew: 6915K->200K(7424K), 0.0002450 secs] 22228K->15601K(23808K), 0.0002630 secs] [Times: user=0.00 sys=0.00, real=0.00 secs] 
86.959: Total time for which application threads were stopped: 0.0003470 seconds, Stopping threads took: 0.0000370 seconds
86.995: Application time: 0.0361880 seconds
86.995: [GC86.995: [ParNew: 6856K->206K(7424K), 0.0002400 secs] 22257K->15662K(23808K), 0.0002590 secs] [Times: user=0.00 sys=0.00, real=0.00 secs] 
86.995: Total time for which application threads were stopped: 0.0003480 seconds, Stopping threads took: 0.0000400 seconds
87.032: Application time: 0.0364390 seconds
87.032: [GC87.032: [ParNew: 6862K->248K(7424K), 0.0003250 secs] 22318K->15705K(23808K), 0.0003430 secs] [Times: user=0.00 sys=0.00, real=0.00 secs] 
87.032: Total time for which application threads were stopped: 0.0004290 seconds, Stopping threads took: 0.0000370 seconds
87.068: Application time: 0.0363300 seconds
87.068: [GC87.068: [ParNew: 6904K->285K(7424K), 0.0002470 secs] 22361K->15741K(23808K), 0.0002660 secs] [Times: user=0.00 sys=0.00, real=0.00 secs] 
87.069: Total time for which application threads were stopped: 0.0003560 seconds, Stopping threads took: 0.0000410 seconds
87.106: Application time: 0.0368710 seconds
87.106: [GC87.106: [ParNew: 6941K->279K(7424K), 0.0002410 secs] 22397K->15736K(23808K), 0.0002590 secs] [Times: user=0.00 sys=0.00, real=0.00 secs] 
87.106: Total time for which application threads were stopped: 0.0003480 seconds, Stopping threads took: 0.0000420 seconds
87.142: Application time: 0.0363950 seconds
87.142: [GC87.142: [ParNew: 6935K->312K(7424K), 0.0002930 secs] 22392K->15768K(23808K), 0.0003100 secs] [Times: user=0.00 sys=0.00, real=0.00 secs] 
87.143: Total time for which application threads were stopped: 0.0004030 seconds, Stopping threads took: 0.0000470 seconds
87.179: Application time: 0.0364760 seconds
87.179: [GC87.179: [ParNew: 6968K->340K(7424K), 0.0002900 secs] 22424K->15796K(23808K), 0.0003070 secs] [Times: user=0.00 sys=0.00, real=0.00 secs] 
87.180: Total time for which application threads were stopped: 0.0003880 seconds, Stopping threads took: 0.0000340 seconds
87.216: Application time: 0.0364260 seconds
87.216: [GC87.216: [ParNew: 6996K->362K(7424K), 0.0002880 secs] 22452K->15818K(23808K), 0.0003100 secs] [Times: user=0.00 sys=0.00, real=0.00 secs] 
87.216: Total time for which application threads were stopped: 0.0003990 seconds, Stopping threads took: 0.0000360 seconds
87.253: Application time: 0.0363810 seconds
87.253: [GC87.253: [ParNew: 7018K->393K(7424K), 0.0003100 secs] 22474K->15849K(23808K), 0.0003290 secs] [Times: user=0.00 sys=0.00, real=0.00 secs] 
87.253: Total time for which application threads were stopped: 0.0004110 seconds, Stopping threads took: 0.0000350 seconds
87.290: Application time: 0.0366720 seconds
87.290: [GC87.290: [ParNew: 7049K->397K(7424K), 0.0003170 secs] 22505K->15854K(23808K), 0.0003350 secs] [Times: user=0.00 sys=0.00, real=0.00 secs] 
87.290: Total time for which application threads were stopped: 0.0004270 seconds, Stopping threads took: 0.0000450 seconds
87.328: Application time: 0.0373420 seconds
87.328: [GC87.328: [ParNew: 7053K->404K(7424K), 0.0003510 secs] 22510K->15860K(23808K), 0.0003740 secs] [Times: user=0.01 sys=0.00, real=0.00 secs] 
87.328: Total time for which application threads were stopped: 0.0004810 seconds, Stopping threads took: 0.0000470 seconds
87.365: Application time: 0.0371090 seconds
87.365: [GC87.365: [ParNew: 7060K->324K(7424K), 0.0002890 secs] 22516K->15893K(23808K), 0.0003080 secs] [Times: user=0.00 sys=0.00, real=0.00 secs] 
87.366: Total time for which application threads were stopped: 0.0004020 seconds, Stopping threads took: 0.0000460 seconds
87.402: Application time: 0.0366370 seconds
87.402: [GC87.402: [ParNew: 6980K->342K(7424K), 0.0003480 secs] 22549K->15910K(23808K), 0.0003650 secs] [Times: user=0.00 sys=0.00, real=0.00 secs] 
87.403: Total time for which application threads were stopped: 0.0004490 seconds, Stopping threads took: 0.0000360 seconds
87.440: Application time: 0.0368400 seconds
87.440: [GC87.440: [ParNew: 6998K->341K(7424K), 0.0002750 secs] 22566K->15910K(23808K), 0.0002940 secs] [Times: user=0.00 sys=0.00, real=0.00 secs] 
87.440: Total time for which application threads were stopped: 0.0003900 seconds, Stopping threads took: 0.0000480 seconds
87.477: Application time: 0.0369150 seconds
87.477: [GC87.477: [ParNew: 6997K->335K(7424K), 0.0002940 secs] 22566K->15904K(23808K), 0.0003120 secs] [Times: user=0.01 sys=0.00, real=0.00 secs] 
87.477: Total time for which application threads were stopped: 0.0004020 seconds, Stopping threads took: 0.0000410 seconds
87.514: Application time: 0.0367400 seconds
87.514: [GC87.514: [ParNew: 6991K->331K(7424K), 0.0002850 secs] 22560K->15899K(23808K), 0.0003040 secs] [Times: user=0.00 sys=0.00, real=0.00 secs] 
87.514: Total time for which application threads were stopped: 0.0004100 seconds, Stopping threads took: 0.0000540 seconds
87.551: Application time: 0.0370790 seconds
87.552: [GC87.552: [ParNew: 6987K->334K(7424K), 0.0002930 secs] 22555K->15902K(23808K), 0.0003100 secs] [Times: user=0.00 sys=0.00, real=0.00 secs] 
87.552: Total time for which application threads were stopped: 0.0003940 seconds, Stopping threads took: 0.0000370 seconds
87.588: Application time: 0.0366140 seconds
87.589: [GC87.589: [ParNew: 6990K->305K(7424K), 0.0002810 secs] 22558K->15930K(23808K), 0.0002980 secs] [Times: user=0.00 sys=0.00, real=0.00 secs] 
87.589: Total time for which application threads were stopped: 0.0003790 seconds, Stopping threads took: 0.0000360 seconds
87.626: Application time: 0.0370060 seconds
87.626: [GC87.626: [ParNew: 6961K->281K(7424K), 0.0002760 secs] 22586K->15961K(23808K), 0.0002940 secs] [Times: user=0.00 sys=0.00, real=0.00 secs] 
87.626: Total time for which application threads were stopped: 0.0003770 seconds, Stopping threads took: 0.0000380 seconds
87.663: Application time: 0.0367470 seconds
87.663: [GC87.663: [ParNew: 6937K->279K(7424K), 0.0003260 secs] 22617K->15960K(23808K), 0.0003450 secs] [Times: user=0.00 sys=0.00, real=0.00 secs] 
87.663: Total time for which application threads were stopped: 0.0004340 seconds, Stopping threads took: 0.0000420 seconds
87.700: Application time: 0.0369530 seconds
87.700: [GC87.700: [ParNew: 6935K->258K(7424K), 0.0002650 secs] 22616K->16003K(23808K), 0.0002900 secs] [Times: user=0.01 sys=0.00, real=0.00 secs] 
87.701: Total time for which application threads were stopped: 0.0003740 seconds, Stopping threads took: 0.0000370 seconds
87.737: Application time: 0.0366680 seconds
87.737: [GC87.738: [ParNew: 6914K->224K(7424K), 0.0002610 secs] 22659K->16024K(23808K), 0.0002780 secs] [Times: user=0.00 sys=0.00, real=0.00 secs] 
87.738: Total time for which application threads were stopped: 0.0003750 seconds, Stopping threads took: 0.0000400 seconds
87.775: Application time: 0.0374220 seconds
87.775: [GC87.775: [ParNew: 6880K->194K(7424K), 0.0002590 secs] 22680K->16059K(23808K), 0.0002790 secs] [Times: user=0.01 sys=0.00, real=0.00 secs] 
87.776: Total time for which application threads were stopped: 0.0003930 seconds, Stopping threads took: 0.0000660 seconds
87.811: Application time: 0.0351430 seconds
87.811: [GC87.811: [ParNew: 6850K->250K(7424K), 0.0002610 secs] 22715K->16179K(23808K), 0.0002810 secs] [Times: user=0.00 sys=0.00, real=0.00 secs] 
87.811: Total time for which application threads were stopped: 0.0003730 seconds, Stopping threads took: 0.0000420 seconds
87.848: Application time: 0.0365530 seconds
87.848: [GC87.848: [ParNew: 6906K->278K(7424K), 0.0002970 secs] 22835K->16206K(23808K), 0.0003140 secs] [Times: user=0.00 sys=0.00, real=0.00 secs] 
87.848: Total time for which application threads were stopped: 0.0004050 seconds, Stopping threads took: 0.0000420 seconds
87.886: Application time: 0.0380660 seconds
87.886: [GC87.886: [ParNew: 6934K->278K(7424K), 0.0003010 secs] 22862K->16206K(23808K), 0.0003230 secs] [Times: user=0.00 sys=0.00, real=0.00 secs] 
87.887: Total time for which application threads were stopped: 0.0004290 seconds, Stopping threads took: 0.0000500 seconds
87.923: Application time: 0.0364330 seconds
87.923: [GC87.923: [ParNew: 6934K->306K(7424K), 0.0003250 secs] 22862K->16235K(23808K), 0.0003450 secs] [Times: user=0.00 sys=0.00, real=0.00 secs] 
87.923: Total time for which application threads were stopped: 0.0004580 seconds, Stopping threads took: 0.0000620 seconds
87.960: Application time: 0.0364270 seconds
87.960: [GC87.960: [ParNew: 6962K->332K(7424K), 0.0002810 secs] 22891K->16261K(23808K), 0.0003000 secs] [Times: user=0.00 sys=0.00, real=0.00 secs] 
87.960: Total time for which application threads were stopped: 0.0003870 seconds, Stopping threads took: 0.0000370 seconds
87.997: Application time: 0.0365410 seconds
87.997: [GC87.997: [ParNew: 6988K->362K(7424K), 0.0003130 secs] 22917K->16291K(23808K), 0.0003320 secs] [Times: user=0.00 sys=0.00, real=0.00 secs] 
87.997: Total time for which application threads were stopped: 0.0004300 seconds, Stopping threads took: 0.0000470 seconds
88.033: Application time: 0.0361010 seconds
88.033: [GC88.033: [ParNew: 7018K->399K(7424K), 0.0002990 secs] 22947K->16328K(23808K), 0.0003180 secs] [Times: user=0.00 sys=0.00, real=0.00 secs] 
88.034: Total time for which application threads were stopped: 0.0004090 seconds, Stopping threads took: 0.0000420 seconds
88.071: Application time: 0.0370760 seconds
88.071: [GC88.071: [ParNew: 7055K->259K(7424K), 0.0002800 secs] 22984K->16368K(23808K), 0.0002990 secs] [Times: user=0.00 sys=0.00, real=0.00 secs] 
88.071: Total time for which application threads were stopped: 0.0003870 seconds, Stopping threads took: 0.0000390 seconds
88.108: Application time: 0.0368100 seconds
88.108: [GC88.108: [ParNew: 6915K->258K(7424K), 0.0002740 secs] 23024K->16367K(23808K), 0.0002910 secs] [Times: user=0.01 sys=0.00, real=0.00 secs] 
88.108: Total time for which application threads were stopped: 0.0003820 seconds, Stopping threads took: 0.0000410 seconds
88.146: Application time: 0.0371100 seconds
88.146: [GC88.146: [ParNew: 6914K->259K(7424K), 0.0002290 secs] 23023K->16368K(23808K), 0.0002460 secs] [Times: user=0.00 sys=0.00, real=0.00 secs] 
88.146: Total time for which application threads were stopped: 0.0003290 seconds, Stopping threads took: 0.0000370 seconds
88.183: Application time: 0.0368490 seconds
88.183: [GC88.183: [ParNew: 6915K->315K(7424K), 0.0002530 secs] 23024K->16424K(23808K), 0.0002770 secs] [Times: user=0.00 sys=0.00, real=0.00 secs] 
88.183: Total time for which application threads were stopped: 0.0003650 seconds, Stopping threads took: 0.0000430 seconds
88.220: Application time: 0.0366980 seconds
88.220: [GC88.220: [ParNew: 6971K->305K(7424K), 0.0003460 secs] 23080K->16413K(23808K), 0.0003640 secs] [Times: user=0.00 sys=0.00, real=0.00 secs] 
88.220: Total time for which application threads were stopped: 0.0004530 seconds, Stopping threads took: 0.0000420 seconds
88.257: Application time: 0.0366530 seconds
88.257: [GC88.257: [ParNew: 6961K->306K(7424K), 0.0003150 secs] 23069K->16415K(23808K), 0.0003330 secs] [Times: user=0.00 sys=0.00, real=0.00 secs] 
88.257: Total time for which application threads were stopped: 0.0004350 seconds, Stopping threads took: 0.0000470 seconds
88.294: Application time: 0.0366700 seconds
88.294: [GC88.294: [ParNew: 6962K->310K(7424K), 0.0003400 secs] 23071K->16419K(23808K), 0.0003580 secs] [Times: user=0.00 sys=0.00, real=0.00 secs] 
88.294: Total time for which application threads were stopped: 0.0004470 seconds, Stopping threads took: 0.0000440 seconds
88.332: Application time: 0.0374920 seconds
88.332: [GC88.332: [ParNew: 6966K->319K(7424K), 0.0003190 secs] 23075K->16428K(23808K), 0.0003430 secs] [Times: user=0.01 sys=0.00, real=0.00 secs] 
88.332: Total time for which application threads were stopped: 0.0004570 seconds, Stopping threads took: 0.0000530 seconds
88.369: Application time: 0.0366400 seconds
88.369: [GC88.369: [ParNew: 6975K->307K(7424K), 0.0002750 secs] 23084K->16415K(23808K), 0.0002930 secs] [Times: user=0.00 sys=0.00, real=0.00 secs] 
88.369: Total time for which application threads were stopped: 0.0003950 seconds, Stopping threads took: 0.0000460 seconds
88.407: Application time: 0.0370700 seconds
88.407: [GC88.407: [ParNew: 6963K->282K(7424K), 0.0002750 secs] 23071K->16463K(23808K), 0.0002940 secs] [Times: user=0.01 sys=0.00, real=0.00 secs] 
88.407: Total time for which application threads were stopped: 0.0004100 seconds, Stopping threads took: 0.0000700 seconds
88.444: Application time: 0.0366280 seconds
88.444: [GC88.444: [ParNew: 6938K->282K(7424K), 0.0002640 secs] 23119K->16463K(23808K), 0.0002810 secs] [Times: user=0.00 sys=0.00, real=0.00 secs] 
88.444: Total time for which application threads were stopped: 0.0003740 seconds, Stopping threads took: 0.0000470 seconds
88.485: Application time: 0.0408710 seconds
88.486: [GC88.486: [ParNew: 6938K->249K(7424K), 0.0003940 secs] 23119K->16486K(23808K), 0.0015390 secs] [Times: user=0.00 sys=0.00, real=0.00 secs] 
88.488: Total time for which application threads were stopped: 0.0028590 seconds, Stopping threads took: 0.0012580 seconds
88.529: Application time: 0.0416920 seconds
88.530: [GC88.530: [ParNew: 6905K->6905K(7424K), 0.0000080 secs]88.530: [Tenured: 16236K->2564K(16384K), 0.0075030 secs] 23142K->2564K(23808K), [Perm : 6046K->6046K(21248K)], 0.0075490 secs] [Times: user=0.01 sys=0.00, real=0.01 secs] 
88.538: Total time for which application threads were stopped: 0.0083670 seconds, Stopping threads took: 0.0007510 seconds
88.578: Application time: 0.0405440 seconds
88.578: [GC88.578: [ParNew: 6656K->67K(7424K), 0.0003520 secs] 9220K->2632K(23808K), 0.0003750 secs] [Times: user=0.00 sys=0.00, real=0.00 secs] 
88.579: Total time for which application threads were stopped: 0.0004930 seconds, Stopping threads took: 0.0000560 seconds
88.615: Application time: 0.0363240 seconds
88.615: [GC88.615: [ParNew: 6723K->127K(7424K), 0.0002240 secs] 9288K->2692K(23808K), 0.0002420 secs] [Times: user=0.00 sys=0.00, real=0.00 secs] 
88.615: Total time for which application threads were stopped: 0.0003320 seconds, Stopping threads took: 0.0000390 seconds
88.651: Application time: 0.0358280 seconds
88.651: [GC88.651: [ParNew: 6783K->216K(7424K), 0.0002460 secs] 9348K->2781K(23808K), 0.0002640 secs] [Times: user=0.00 sys=0.00, real=0.00 secs] 
88.652: Total time for which application threads were stopped: 0.0003580 seconds, Stopping threads took: 0.0000460 seconds
88.688: Application time: 0.0368670 seconds
88.689: [GC88.689: [ParNew: 6872K->216K(7424K), 0.0002530 secs] 9437K->2780K(23808K), 0.0002770 secs] [Times: user=0.00 sys=0.00, real=0.00 secs] 
88.689: Total time for which application threads were stopped: 0.0003730 seconds, Stopping threads took: 0.0000500 seconds
88.726: Application time: 0.0367830 seconds
88.726: [GC88.726: [ParNew: 6872K->225K(7424K), 0.0002250 secs] 9436K->2790K(23808K), 0.0002450 secs] [Times: user=0.00 sys=0.00, real=0.00 secs] 
88.726: Total time for which application threads were stopped: 0.0003370 seconds, Stopping threads took: 0.0000430 seconds
88.762: Application time: 0.0360740 seconds
88.762: [GC88.762: [ParNew: 6881K->297K(7424K), 0.0002680 secs] 9446K->2862K(23808K), 0.0002850 secs] [Times: user=0.00 sys=0.00, real=0.00 secs] 
88.762: Total time for which application threads were stopped: 0.0003820 seconds, Stopping threads took: 0.0000410 seconds
88.799: Application time: 0.0364690 seconds
88.799: [GC88.799: [ParNew: 6953K->342K(7424K), 0.0002690 secs] 9518K->2907K(23808K), 0.0002880 secs] [Times: user=0.00 sys=0.00, real=0.00 secs] 
88.799: Total time for which application threads were stopped: 0.0003760 seconds, Stopping threads took: 0.0000390 seconds
88.836: Application time: 0.0362250 seconds
88.836: [GC88.836: [ParNew: 6998K->399K(7424K), 0.0003080 secs] 9563K->2964K(23808K), 0.0003260 secs] [Times: user=0.00 sys=0.00, real=0.00 secs] 
88.836: Total time for which application threads were stopped: 0.0004210 seconds, Stopping threads took: 0.0000460 seconds
88.873: Application time: 0.0367240 seconds
88.873: [GC88.873: [ParNew: 7055K->397K(7424K), 0.0002640 secs] 9620K->2962K(23808K), 0.0002800 secs] [Times: user=0.01 sys=0.00, real=0.00 secs] 
88.873: Total time for which application threads were stopped: 0.0003670 seconds, Stopping threads took: 0.0000390 seconds
88.910: Application time: 0.0367180 seconds
88.910: [GC88.910: [ParNew: 7053K->399K(7424K), 0.0002820 secs] 9618K->2964K(23808K), 0.0002990 secs] [Times: user=0.00 sys=0.00, real=0.00 secs] 
88.910: Total time for which application threads were stopped: 0.0003910 seconds, Stopping threads took: 0.0000460 seconds
88.947: Application time: 0.0372700 seconds
88.947: [GC88.947: [ParNew: 7055K->393K(7424K), 0.0002930 secs] 9620K->2957K(23808K), 0.0003110 secs] [Times: user=0.00 sys=0.00, real=0.00 secs] 
88.948: Total time for which application threads were stopped: 0.0003960 seconds, Stopping threads took: 0.0000370 seconds
88.984: Application time: 0.0366900 seconds
88.985: [GC88.985: [ParNew: 7049K->368K(7424K), 0.0003020 secs] 9613K->2989K(23808K), 0.0003200 secs] [Times: user=0.00 sys=0.00, real=0.00 secs] 
88.985: Total time for which application threads were stopped: 0.0004070 seconds, Stopping threads took: 0.0000390 seconds
89.022: Application time: 0.0368520 seconds
89.026: [GC89.026: [ParNew: 7024K->365K(7424K), 0.0003200 secs] 9645K->2986K(23808K), 0.0003370 secs] [Times: user=0.00 sys=0.00, real=0.00 secs] 
89.026: Total time for which application threads were stopped: 0.0047030 seconds, Stopping threads took: 0.0043180 seconds
89.063: Application time: 0.0367040 seconds
89.063: [GC89.063: [ParNew: 7021K->364K(7424K), 0.0002660 secs] 9642K->2984K(23808K), 0.0002840 secs] [Times: user=0.01 sys=0.00, real=0.00 secs] 
89.064: Total time for which application threads were stopped: 0.0003790 seconds, Stopping threads took: 0.0000460 seconds
89.100: Application time: 0.0369100 seconds
89.101: [GC89.101: [ParNew: 7020K->368K(7424K), 0.0002810 secs] 9640K->2989K(23808K), 0.0002990 secs] [Times: user=0.00 sys=0.00, real=0.00 secs] 
89.101: Total time for which application threads were stopped: 0.0003910 seconds, Stopping threads took: 0.0000450 seconds
89.138: Application time: 0.0373000 seconds
89.142: [GC89.142: [ParNew: 7024K->370K(7424K), 0.0002750 secs] 9645K->2991K(23808K), 0.0002920 secs] [Times: user=0.00 sys=0.00, real=0.00 secs] 
89.142: Total time for which application threads were stopped: 0.0042570 seconds, Stopping threads took: 0.0039160 seconds
89.179: Application time: 0.0366030 seconds
89.179: [GC89.179: [ParNew: 7026K->342K(7424K), 0.0002720 secs] 9647K->3035K(23808K), 0.0003010 secs] [Times: user=0.00 sys=0.00, real=0.00 secs] 
89.179: Total time for which application threads were stopped: 0.0004040 seconds, Stopping threads took: 0.0000530 seconds
89.217: Application time: 0.0372210 seconds
89.217: [GC89.217: [ParNew: 6998K->287K(7424K), 0.0002860 secs] 9691K->3076K(23808K), 0.0003010 secs] [Times: user=0.00 sys=0.00, real=0.00 secs] 
89.217: Total time for which application threads were stopped: 0.0003900 seconds, Stopping threads took: 0.0000440 seconds
89.254: Application time: 0.0366070 seconds
89.254: [GC89.254: [ParNew: 6943K->285K(7424K), 0.0002240 secs] 9732K->3074K(23808K), 0.0002420 secs] [Times: user=0.01 sys=0.00, real=0.00 secs] 
89.254: Total time for which application threads were stopped: 0.0003260 seconds, Stopping threads took: 0.0000380 seconds
89.291: Application time: 0.0370230 seconds
89.291: [GC89.291: [ParNew: 6941K->287K(7424K), 0.0002570 secs] 9730K->3076K(23808K), 0.0002730 secs] [Times: user=0.00 sys=0.00, real=0.00 secs] 
89.291: Total time for which application threads were stopped: 0.0003670 seconds, Stopping threads took: 0.0000400 seconds
89.328: Application time: 0.0371310 seconds
89.329: [GC89.329: [ParNew: 6943K->232K(7424K), 0.0003300 secs] 9732K->3125K(23808K), 0.0003560 secs] [Times: user=0.00 sys=0.00, real=0.00 secs] 
89.329: Total time for which application threads were stopped: 0.0004940 seconds, Stopping threads took: 0.0000740 seconds
89.366: Application time: 0.0370090 seconds
89.366: [GC89.366: [ParNew: 6888K->189K(7424K), 0.0002630 secs] 9781K->3146K(23808K), 0.0002810 secs] [Times: user=0.00 sys=0.00, real=0.00 secs] 
89.366: Total time for which application threads were stopped: 0.0003950 seconds, Stopping threads took: 0.0000630 seconds
89.403: Application time: 0.0369810 seconds
89.403: [GC89.403: [ParNew: 6845K->222K(7424K), 0.0002920 secs] 9802K->3243K(23808K), 0.0003140 secs] [Times: user=0.00 sys=0.00, real=0.00 secs] 
89.404: Total time for which application threads were stopped: 0.0004220 seconds, Stopping threads took: 0.0000510 seconds
89.440: Application time: 0.0358740 seconds
89.440: [GC89.440: [ParNew: 6878K->281K(7424K), 0.0002670 secs] 9899K->3302K(23808K), 0.0002870 secs] [Times: user=0.00 sys=0.00, real=0.00 secs] 
89.440: Total time for which application threads were stopped: 0.0003820 seconds, Stopping threads took: 0.0000420 seconds
89.477: Application time: 0.0371200 seconds
89.477: [GC89.477: [ParNew: 6937K->277K(7424K), 0.0002350 secs] 9958K->3298K(23808K), 0.0002540 secs] [Times: user=0.00 sys=0.00, real=0.00 secs] 
89.478: Total time for which application threads were stopped: 0.0003500 seconds, Stopping threads took: 0.0000470 seconds
89.514: Application time: 0.0369260 seconds
89.515: [GC89.515: [ParNew: 6933K->280K(7424K), 0.0002520 secs] 9954K->3301K(23808K), 0.0002690 secs] [Times: user=0.01 sys=0.00, real=0.00 secs] 
89.515: Total time for which application threads were stopped: 0.0003540 seconds, Stopping threads took: 0.0000380 seconds
89.551: Application time: 0.0362020 seconds
89.551: [GC89.551: [ParNew: 6936K->341K(7424K), 0.0002660 secs] 9957K->3362K(23808K), 0.0002830 secs] [Times: user=0.00 sys=0.00, real=0.00 secs] 
89.551: Total time for which application threads were stopped: 0.0003730 seconds, Stopping threads took: 0.0000430 seconds
89.588: Application time: 0.0362170 seconds
89.588: [GC89.588: [ParNew: 6997K->367K(7424K), 0.0002740 secs] 10018K->3388K(23808K), 0.0002940 secs] [Times: user=0.00 sys=0.00, real=0.00 secs] 
89.588: Total time for which application threads were stopped: 0.0003860 seconds, Stopping threads took: 0.0000440 seconds
89.625: Application time: 0.0370460 seconds
89.625: [GC89.625: [ParNew: 7023K->347K(7424K), 0.0002610 secs] 10044K->3368K(23808K), 0.0002780 secs] [Times: user=0.00 sys=0.00, real=0.00 secs] 
89.625: Total time for which application threads were stopped: 0.0003720 seconds, Stopping threads took: 0.0000470 seconds
89.662: Application time: 0.0361980 seconds
89.662: [GC89.662: [ParNew: 7003K->397K(7424K), 0.0002800 secs] 10024K->3418K(23808K), 0.0003040 secs] [Times: user=0.00 sys=0.00, real=0.00 secs] 
89.662: Total time for which application threads were stopped: 0.0003910 seconds, Stopping threads took: 0.0000410 seconds
89.699: Application time: 0.0370010 seconds
89.699: [GC89.699: [ParNew: 7053K->391K(7424K), 0.0003550 secs] 10074K->3412K(23808K), 0.0003720 secs] [Times: user=0.00 sys=0.00, real=0.00 secs] 
89.699: Total time for which application threads were stopped: 0.0004580 seconds, Stopping threads took: 0.0000390 seconds
89.737: Application time: 0.0372010 seconds
89.737: [GC89.737: [ParNew: 7047K->388K(7424K), 0.0003400 secs] 10068K->3410K(23808K), 0.0003550 secs] [Times: user=0.00 sys=0.00, real=0.00 secs] 
89.737: Total time for which application threads were stopped: 0.0004440 seconds, Stopping threads took: 0.0000440 seconds
89.774: Application time: 0.0366530 seconds
89.774: [GC89.774: [ParNew: 7044K->389K(7424K), 0.0003150 secs] 10066K->3410K(23808K), 0.0003330 secs] [Times: user=0.01 sys=0.00, real=0.01 secs] 
89.774: Total time for which application threads were stopped: 0.0004250 seconds, Stopping threads took: 0.0000420 seconds
89.811: Application time: 0.0368060 seconds
89.811: [GC89.811: [ParNew: 7045K->398K(7424K), 0.0002910 secs] 10066K->3419K(23808K), 0.0003090 secs] [Times: user=0.00 sys=0.00, real=0.00 secs] 
89.811: Total time for which application threads were stopped: 0.0004090 seconds, Stopping threads took: 0.0000450 seconds
89.848: Application time: 0.0367620 seconds
89.848: [GC89.848: [ParNew: 7054K->401K(7424K), 0.0002850 secs] 10075K->3422K(23808K), 0.0003020 secs] [Times: user=0.00 sys=0.00, real=0.00 secs] 
89.849: Total time for which application threads were stopped: 0.0003910 seconds, Stopping threads took: 0.0000420 seconds
89.886: Application time: 0.0371850 seconds
89.886: [GC89.886: [ParNew: 7057K->345K(7424K), 0.0002700 secs] 10078K->3462K(23808K), 0.0002870 secs] [Times: user=0.00 sys=0.00, real=0.00 secs] 
89.886: Total time for which application threads were stopped: 0.0003770 seconds, Stopping threads took: 0.0000440 seconds
89.923: Application time: 0.0370380 seconds
89.923: [GC89.923: [ParNew: 7001K->333K(7424K), 0.0002460 secs] 10118K->3450K(23808K), 0.0002630 secs] [Times: user=0.00 sys=0.00, real=0.00 secs] 
89.924: Total time for which application threads were stopped: 0.0003510 seconds, Stopping threads took: 0.0000420 seconds
89.960: Application time: 0.0366530 seconds
89.960: [GC89.960: [ParNew: 6989K->333K(7424K), 0.0002530 secs] 10106K->3450K(23808K), 0.0002700 secs] [Times: user=0.00 sys=0.00, real=0.00 secs] 
89.961: Total time for which application threads were stopped: 0.0003550 seconds, Stopping threads took: 0.0000380 seconds
89.997: Application time: 0.0365910 seconds
89.997: [GC89.997: [ParNew: 6989K->283K(7424K), 0.0002610 secs] 10106K->3488K(23808K), 0.0002810 secs] [Times: user=0.00 sys=0.00, real=0.00 secs] 
89.998: Total time for which application threads were stopped: 0.0003770 seconds, Stopping threads took: 0.0000470 seconds
90.035: Application time: 0.0370890 seconds
90.035: [GC90.035: [ParNew: 6939K->280K(7424K), 0.0002260 secs] 10144K->3485K(23808K), 0.0002450 secs] [Times: user=0.00 sys=0.00, real=0.00 secs] 
90.035: Total time for which application threads were stopped: 0.0003370 seconds, Stopping threads took: 0.0000430 seconds
90.072: Application time: 0.0367250 seconds
90.072: [GC90.072: [ParNew: 6936K->284K(7424K), 0.0002290 secs] 10141K->3489K(23808K), 0.0002460 secs] [Times: user=0.00 sys=0.00, real=0.00 secs] 
90.072: Total time for which application threads were stopped: 0.0003310 seconds, Stopping threads took: 0.0000380 seconds
90.109: Application time: 0.0371970 seconds
90.109: [GC90.109: [ParNew: 6940K->258K(7424K), 0.0002330 secs] 10145K->3527K(23808K), 0.0002520 secs] [Times: user=0.00 sys=0.00, real=0.00 secs] 
90.110: Total time for which application threads were stopped: 0.0003360 seconds, Stopping threads took: 0.0000370 seconds
90.147: Application time: 0.0370600 seconds
90.147: [GC90.147: [ParNew: 6914K->197K(7424K), 0.0002510 secs] 10183K->3566K(23808K), 0.0002770 secs] [Times: user=0.00 sys=0.00, real=0.00 secs] 
90.147: Total time for which application threads were stopped: 0.0003640 seconds, Stopping threads took: 0.0000400 seconds
90.183: Application time: 0.0359260 seconds
90.183: [GC90.183: [ParNew: 6853K->247K(7424K), 0.0002570 secs] 10222K->3616K(23808K), 0.0002760 secs] [Times: user=0.00 sys=0.00, real=0.00 secs] 
90.183: Total time for which application threads were stopped: 0.0003660 seconds, Stopping threads took: 0.0000450 seconds
90.220: Application time: 0.0368840 seconds
90.220: [GC90.220: [ParNew: 6903K->225K(7424K), 0.0002930 secs] 10272K->3651K(23808K), 0.0003110 secs] [Times: user=0.00 sys=0.00, real=0.00 secs] 
90.221: Total time for which application threads were stopped: 0.0003920 seconds, Stopping threads took: 0.0000350 seconds
90.256: Application time: 0.0356190 seconds
90.256: [GC90.256: [ParNew: 6881K->285K(7424K), 0.0002520 secs] 10307K->3710K(23808K), 0.0002700 secs] [Times: user=0.00 sys=0.00, real=0.00 secs] 
90.257: Total time for which application threads were stopped: 0.0003550 seconds, Stopping threads took: 0.0000380 seconds
90.294: Application time: 0.0371500 seconds
90.294: [GC90.294: [ParNew: 6941K->285K(7424K), 0.0002430 secs] 10366K->3711K(23808K), 0.0002600 secs] [Times: user=0.00 sys=0.00, real=0.00 secs] 
90.294: Total time for which application threads were stopped: 0.0003540 seconds, Stopping threads took: 0.0000460 seconds
90.331: Application time: 0.0373170 seconds
90.331: [GC90.331: [ParNew: 6941K->283K(7424K), 0.0003110 secs] 10367K->3709K(23808K), 0.0003310 secs] [Times: user=0.00 sys=0.00, real=0.00 secs] 
90.332: Total time for which application threads were stopped: 0.0004520 seconds, Stopping threads took: 0.0000530 seconds
90.367: Application time: 0.0350440 seconds
90.367: [GC90.367: [ParNew: 6939K->371K(7424K), 0.0002700 secs] 10365K->3797K(23808K), 0.0002870 secs] [Times: user=0.00 sys=0.00, real=0.00 secs] 
90.367: Total time for which application threads were stopped: 0.0003950 seconds, Stopping threads took: 0.0000610 seconds
90.405: Application time: 0.0373500 seconds
90.405: [GC90.405: [ParNew: 7027K->358K(7424K), 0.0002690 secs] 10453K->3784K(23808K), 0.0002880 secs] [Times: user=0.00 sys=0.00, real=0.00 secs] 
90.405: Total time for which application threads were stopped: 0.0003780 seconds, Stopping threads took: 0.0000420 seconds
90.442: Application time: 0.0365560 seconds
90.442: [GC90.442: [ParNew: 7014K->384K(7424K), 0.0002930 secs] 10440K->3810K(23808K), 0.0003100 secs] [Times: user=0.00 sys=0.00, real=0.00 secs] 
90.442: Total time for which application threads were stopped: 0.0004180 seconds, Stopping threads took: 0.0000600 seconds
90.479: Application time: 0.0367040 seconds
90.479: [GC90.479: [ParNew: 7040K->394K(7424K), 0.0002680 secs] 10466K->3819K(23808K), 0.0002870 secs] [Times: user=0.00 sys=0.00, real=0.00 secs] 
90.479: Total time for which application threads were stopped: 0.0003770 seconds, Stopping threads took: 0.0000410 seconds
90.516: Application time: 0.0373390 seconds
90.516: [GC90.516: [ParNew: 7050K->394K(7424K), 0.0003440 secs] 10475K->3820K(23808K), 0.0003610 secs] [Times: user=0.00 sys=0.00, real=0.00 secs] 
90.517: Total time for which application threads were stopped: 0.0004510 seconds, Stopping threads took: 0.0000430 seconds
90.554: Application time: 0.0370190 seconds
90.554: [GC90.554: [ParNew: 7050K->389K(7424K), 0.0002660 secs] 10476K->3815K(23808K), 0.0002840 secs] [Times: user=0.00 sys=0.00, real=0.01 secs] 
90.554: Total time for which application threads were stopped: 0.0003750 seconds, Stopping threads took: 0.0000420 seconds
90.591: Application time: 0.0365680 seconds
90.591: [GC90.591: [ParNew: 7045K->388K(7424K), 0.0002630 secs] 10471K->3814K(23808K), 0.0002820 secs] [Times: user=0.00 sys=0.00, real=0.00 secs] 
90.591: Total time for which application threads were stopped: 0.0003790 seconds, Stopping threads took: 0.0000470 seconds
90.628: Application time: 0.0365800 seconds
90.628: [GC90.628: [ParNew: 7044K->400K(7424K), 0.0003690 secs] 10470K->3825K(23808K), 0.0003960 secs] [Times: user=0.01 sys=0.00, real=0.00 secs] 
90.628: Total time for which application threads were stopped: 0.0004920 seconds, Stopping threads took: 0.0000460 seconds
90.665: Application time: 0.0372210 seconds
90.666: [GC90.666: [ParNew: 7056K->396K(7424K), 0.0003230 secs] 10481K->3822K(23808K), 0.0003400 secs] [Times: user=0.01 sys=0.00, real=0.00 secs] 
90.666: Total time for which application threads were stopped: 0.0004270 seconds, Stopping threads took: 0.0000400 seconds
90.703: Application time: 0.0371240 seconds
90.703: [GC90.703: [ParNew: 7052K->392K(7424K), 0.0002720 secs] 10478K->3817K(23808K), 0.0002880 secs] [Times: user=0.01 sys=0.00, real=0.00 secs] 
90.703: Total time for which application threads were stopped: 0.0003770 seconds, Stopping threads took: 0.0000460 seconds
90.740: Application time: 0.0366060 seconds
90.740: [GC90.740: [ParNew: 7048K->332K(7424K), 0.0002950 secs] 10473K->3846K(23808K), 0.0003130 secs] [Times: user=0.00 sys=0.00, real=0.00 secs] 
90.740: Total time for which application threads were stopped: 0.0003940 seconds, Stopping threads took: 0.0000330 seconds
90.777: Application time: 0.0370460 seconds
90.777: [GC90.778: [ParNew: 6988K->328K(7424K), 0.0002660 secs] 10502K->3841K(23808K), 0.0002840 secs] [Times: user=0.00 sys=0.00, real=0.00 secs] 
90.778: Total time for which application threads were stopped: 0.0003630 seconds, Stopping threads took: 0.0000320 seconds
90.815: Application time: 0.0370020 seconds
90.815: [GC90.815: [ParNew: 6984K->287K(7424K), 0.0002950 secs] 10497K->3896K(23808K), 0.0003140 secs] [Times: user=0.00 sys=0.00, real=0.00 secs] 
90.815: Total time for which application threads were stopped: 0.0004010 seconds, Stopping threads took: 0.0000390 seconds
90.852: Application time: 0.0370450 seconds
90.852: [GC90.852: [ParNew: 6943K->284K(7424K), 0.0002460 secs] 10552K->3894K(23808K), 0.0002630 secs] [Times: user=0.01 sys=0.00, real=0.00 secs] 
90.853: Total time for which application threads were stopped: 0.0003750 seconds, Stopping threads took: 0.0000550 seconds
90.890: Application time: 0.0371030 seconds
90.890: [GC90.890: [ParNew: 6940K->279K(7424K), 0.0003590 secs] 10550K->3889K(23808K), 0.0003760 secs] [Times: user=0.00 sys=0.00, real=0.00 secs] 
90.890: Total time for which application threads were stopped: 0.0007670 seconds, Stopping threads took: 0.0003370 seconds
90.928: Application time: 0.0377730 seconds
90.928: [GC90.928: [ParNew: 6935K->196K(7424K), 0.0003840 secs] 10545K->3910K(23808K), 0.0004050 secs] [Times: user=0.01 sys=0.00, real=0.00 secs] 
90.929: Total time for which application threads were stopped: 0.0005010 seconds, Stopping threads took: 0.0000440 seconds
90.965: Application time: 0.0361180 seconds
90.965: [GC90.965: [ParNew: 6852K->231K(7424K), 0.0002630 secs] 10566K->3945K(23808K), 0.0002810 secs] [Times: user=0.01 sys=0.00, real=0.00 secs] 
90.965: Total time for which application threads were stopped: 0.0003740 seconds, Stopping threads took: 0.0000450 seconds
91.002: Application time: 0.0364740 seconds
91.002: [GC91.002: [ParNew: 6887K->217K(7424K), 0.0002490 secs] 10601K->3987K(23808K), 0.0002670 secs] [Times: user=0.00 sys=0.00, real=0.01 secs] 
91.002: Total time for which application threads were stopped: 0.0003540 seconds, Stopping threads took: 0.0000410 seconds
91.038: Application time: 0.0362230 seconds
91.038: [GC91.038: [ParNew: 6873K->275K(7424K), 0.0002330 secs] 10643K->4044K(23808K), 0.0002520 secs] [Times: user=0.00 sys=0.00, real=0.00 secs] 
91.039: Total time for which application threads were stopped: 0.0003470 seconds, Stopping threads took: 0.0000460 seconds
91.075: Application time: 0.0366840 seconds
91.075: [GC91.075: [ParNew: 6931K->288K(7424K), 0.0002490 secs] 10700K->4058K(23808K), 0.0002670 secs] [Times: user=0.00 sys=0.00, real=0.00 secs] 
91.076: Total time for which application threads were stopped: 0.0003540 seconds, Stopping threads took: 0.0000420 seconds
91.113: Application time: 0.0370940 seconds
91.113: [GC91.113: [ParNew: 6944K->285K(7424K), 0.0002600 secs] 10714K->4055K(23808K), 0.0002830 secs] [Times: user=0.00 sys=0.00, real=0.00 secs] 
91.113: Total time for which application threads were stopped: 0.0003700 seconds, Stopping threads took: 0.0000440 seconds
91.148: Application time: 0.0352610 seconds
91.149: [GC91.149: [ParNew: 6941K->359K(7424K), 0.0003400 secs] 10711K->4129K(23808K), 0.0003580 secs] [Times: user=0.01 sys=0.00, real=0.00 secs] 
91.149: Total time for which application threads were stopped: 0.0004450 seconds, Stopping threads took: 0.0000410 seconds
91.186: Application time: 0.0367550 seconds
91.186: [GC91.186: [ParNew: 7015K->368K(7424K), 0.0002780 secs] 10785K->4137K(23808K), 0.0002960 secs] [Times: user=0.00 sys=0.00, real=0.00 secs] 
91.186: Total time for which application threads were stopped: 0.0003790 seconds, Stopping threads took: 0.0000370 seconds
91.222: Application time: 0.0363670 seconds
91.222: [GC91.222: [ParNew: 7024K->401K(7424K), 0.0002880 secs] 10793K->4171K(23808K), 0.0003050 secs] [Times: user=0.00 sys=0.00, real=0.00 secs] 
91.223: Total time for which application threads were stopped: 0.0004040 seconds, Stopping threads took: 0.0000500 seconds
91.260: Application time: 0.0370540 seconds
91.260: [GC91.260: [ParNew: 7057K->395K(7424K), 0.0002610 secs] 10827K->4165K(23808K), 0.0002780 secs] [Times: user=0.00 sys=0.00, real=0.00 secs] 
91.260: Total time for which application threads were stopped: 0.0003680 seconds, Stopping threads took: 0.0000450 seconds
91.297: Application time: 0.0372570 seconds
91.298: [GC91.298: [ParNew: 7051K->397K(7424K), 0.0002950 secs] 10821K->4167K(23808K), 0.0003140 secs] [Times: user=0.00 sys=0.00, real=0.00 secs] 
91.298: Total time for which application threads were stopped: 0.0004100 seconds, Stopping threads took: 0.0000470 seconds
91.335: Application time: 0.0374600 seconds
91.335: [GC91.335: [ParNew: 7053K->394K(7424K), 0.0003750 secs] 10823K->4164K(23808K), 0.0003970 secs] [Times: user=0.00 sys=0.00, real=0.00 secs] 
91.336: Total time for which application threads were stopped: 0.0005000 seconds, Stopping threads took: 0.0000450 seconds
91.373: Application time: 0.0367100 seconds
91.373: [GC91.373: [ParNew: 7050K->393K(7424K), 0.0003040 secs] 10820K->4163K(23808K), 0.0003220 secs] [Times: user=0.00 sys=0.00, real=0.00 secs] 
91.373: Total time for which application threads were stopped: 0.0004130 seconds, Stopping threads took: 0.0000360 seconds
91.411: Application time: 0.0380830 seconds
91.412: [GC91.412: [ParNew: 7049K->373K(7424K), 0.0003250 secs] 10819K->4142K(23808K), 0.0003500 secs] [Times: user=0.01 sys=0.00, real=0.00 secs] 
91.413: Total time for which application threads were stopped: 0.0016010 seconds, Stopping threads took: 0.0011910 seconds
91.451: Application time: 0.0381870 seconds
91.451: [GC91.451: [ParNew: 7029K->385K(7424K), 0.0003480 secs] 10798K->4154K(23808K), 0.0003700 secs] [Times: user=0.00 sys=0.00, real=0.00 secs] 
91.451: Total time for which application threads were stopped: 0.0004980 seconds, Stopping threads took: 0.0000650 seconds
91.488: Application time: 0.0367310 seconds
91.488: [GC91.488: [ParNew: 7041K->392K(7424K), 0.0003530 secs] 10810K->4162K(23808K), 0.0003720 secs] [Times: user=0.00 sys=0.00, real=0.00 secs] 
91.489: Total time for which application threads were stopped: 0.0004670 seconds, Stopping threads took: 0.0000420 seconds
91.526: Application time: 0.0372290 seconds
91.526: [GC91.526: [ParNew: 7048K->370K(7424K), 0.0003250 secs] 10818K->4196K(23808K), 0.0003450 secs] [Times: user=0.00 sys=0.00, real=0.00 secs] 
91.526: Total time for which application threads were stopped: 0.0004390 seconds, Stopping threads took: 0.0000440 seconds
91.563: Application time: 0.0371840 seconds
91.563: [GC91.563: [ParNew: 7026K->336K(7424K), 0.0002680 secs] 10852K->4226K(23808K), 0.0002870 secs] [Times: user=0.01 sys=0.00, real=0.00 secs] 
91.564: Total time for which application threads were stopped: 0.0003730 seconds, Stopping threads took: 0.0000370 seconds
91.600: Application time: 0.0365880 seconds
91.600: [GC91.600: [ParNew: 6992K->273K(7424K), 0.0002570 secs] 10882K->4258K(23808K), 0.0002790 secs] [Times: user=0.00 sys=0.00, real=0.00 secs] 
91.601: Total time for which application threads were stopped: 0.0003810 seconds, Stopping threads took: 0.0000560 seconds
91.637: Application time: 0.0366500 seconds
91.637: [GC91.637: [ParNew: 6929K->283K(7424K), 0.0002550 secs] 10914K->4269K(23808K), 0.0002720 secs] [Times: user=0.00 sys=0.00, real=0.00 secs] 
91.638: Total time for which application threads were stopped: 0.0003540 seconds, Stopping threads took: 0.0000370 seconds
91.675: Application time: 0.0374980 seconds
91.675: [GC91.675: [ParNew: 6939K->279K(7424K), 0.0002530 secs] 10925K->4265K(23808K), 0.0002690 secs] [Times: user=0.01 sys=0.00, real=0.00 secs] 
91.676: Total time for which application threads were stopped: 0.0003520 seconds, Stopping threads took: 0.0000380 seconds
91.712: Application time: 0.0368550 seconds
91.713: [GC91.713: [ParNew: 6935K->195K(7424K), 0.0002380 secs] 10921K->4313K(23808K), 0.0002550 secs] [Times: user=0.00 sys=0.00, real=0.00 secs] 
91.713: Total time for which application threads were stopped: 0.0003440 seconds, Stopping threads took: 0.0000440 seconds
91.749: Application time: 0.0365720 seconds
91.749: [GC91.749: [ParNew: 6851K->214K(7424K), 0.0002370 secs] 10969K->4332K(23808K), 0.0002550 secs] [Times: user=0.00 sys=0.00, real=0.00 secs] 
91.750: Total time for which application threads were stopped: 0.0003500 seconds, Stopping threads took: 0.0000460 seconds
91.786: Application time: 0.0364940 seconds
91.786: [GC91.786: [ParNew: 6870K->212K(7424K), 0.0003230 secs] 10988K->4394K(23808K), 0.0003380 secs] [Times: user=0.00 sys=0.00, real=0.00 secs] 
91.787: Total time for which application threads were stopped: 0.0004420 seconds, Stopping threads took: 0.0000590 seconds
91.823: Application time: 0.0359980 seconds
91.823: [GC91.823: [ParNew: 6868K->276K(7424K), 0.0003340 secs] 11050K->4458K(23808K), 0.0003510 secs] [Times: user=0.00 sys=0.00, real=0.00 secs] 
91.823: Total time for which application threads were stopped: 0.0004530 seconds, Stopping threads took: 0.0000530 seconds
91.860: Application time: 0.0370120 seconds
91.860: [GC91.860: [ParNew: 6932K->285K(7424K), 0.0002470 secs] 11114K->4467K(23808K), 0.0002650 secs] [Times: user=0.00 sys=0.00, real=0.00 secs] 
91.860: Total time for which application threads were stopped: 0.0003520 seconds, Stopping threads took: 0.0000390 seconds
91.898: Application time: 0.0370400 seconds
91.898: [GC91.898: [ParNew: 6941K->293K(7424K), 0.0002520 secs] 11123K->4475K(23808K), 0.0002680 secs] [Times: user=0.00 sys=0.00, real=0.00 secs] 
91.898: Total time for which application threads were stopped: 0.0003680 seconds, Stopping threads took: 0.0000450 seconds
91.933: Application time: 0.0353910 seconds
91.933: [GC91.933: [ParNew: 6949K->362K(7424K), 0.0002820 secs] 11131K->4544K(23808K), 0.0002990 secs] [Times: user=0.00 sys=0.00, real=0.00 secs] 
91.934: Total time for which application threads were stopped: 0.0004090 seconds, Stopping threads took: 0.0000630 seconds
91.970: Application time: 0.0366770 seconds
91.970: [GC91.970: [ParNew: 7018K->366K(7424K), 0.0002610 secs] 11200K->4548K(23808K), 0.0002780 secs] [Times: user=0.00 sys=0.00, real=0.00 secs] 
91.971: Total time for which application threads were stopped: 0.0003640 seconds, Stopping threads took: 0.0000400 seconds
92.008: Application time: 0.0371630 seconds
92.008: [GC92.008: [ParNew: 7022K->372K(7424K), 0.0002800 secs] 11204K->4554K(23808K), 0.0002980 secs] [Times: user=0.01 sys=0.00, real=0.00 secs] 
92.008: Total time for which application threads were stopped: 0.0003830 seconds, Stopping threads took: 0.0000370 seconds
92.045: Application time: 0.0364230 seconds
92.045: [GC92.045: [ParNew: 7028K->400K(7424K), 0.0002820 secs] 11210K->4582K(23808K), 0.0003020 secs] [Times: user=0.00 sys=0.00, real=0.00 secs] 
92.045: Total time for which application threads were stopped: 0.0004000 seconds, Stopping threads took: 0.0000510 seconds
92.082: Application time: 0.0367100 seconds
92.082: [GC92.082: [ParNew: 7056K->405K(7424K), 0.0002640 secs] 11238K->4587K(23808K), 0.0002890 secs] [Times: user=0.01 sys=0.00, real=0.01 secs] 
92.082: Total time for which application threads were stopped: 0.0003770 seconds, Stopping threads took: 0.0000420 seconds
92.119: Application time: 0.0370580 seconds
92.119: [GC92.119: [ParNew: 7061K->352K(7424K), 0.0002760 secs] 11243K->4606K(23808K), 0.0002940 secs] [Times: user=0.00 sys=0.00, real=0.00 secs] 
92.120: Total time for which application threads were stopped: 0.0003830 seconds, Stopping threads took: 0.0000390 seconds
92.156: Application time: 0.0366610 seconds
92.156: [GC92.156: [ParNew: 7008K->366K(7424K), 0.0002510 secs] 11262K->4620K(23808K), 0.0002690 secs] [Times: user=0.00 sys=0.00, real=0.00 secs] 
92.157: Total time for which application threads were stopped: 0.0003570 seconds, Stopping threads took: 0.0000370 seconds
92.194: Application time: 0.0368930 seconds
92.194: [GC92.194: [ParNew: 7022K->367K(7424K), 0.0003200 secs] 11276K->4621K(23808K), 0.0003370 secs] [Times: user=0.00 sys=0.00, real=0.00 secs] 
92.194: Total time for which application threads were stopped: 0.0004230 seconds, Stopping threads took: 0.0000410 seconds
92.231: Application time: 0.0365630 seconds
92.231: [GC92.231: [ParNew: 7023K->369K(7424K), 0.0002580 secs] 11277K->4623K(23808K), 0.0002760 secs] [Times: user=0.00 sys=0.00, real=0.00 secs] 
92.231: Total time for which application threads were stopped: 0.0003580 seconds, Stopping threads took: 0.0000360 seconds
92.268: Application time: 0.0372010 seconds
92.268: [GC92.268: [ParNew: 7025K->371K(7424K), 0.0002700 secs] 11279K->4625K(23808K), 0.0002880 secs] [Times: user=0.00 sys=0.00, real=0.00 secs] 
92.269: Total time for which application threads were stopped: 0.0003770 seconds, Stopping threads took: 0.0000410 seconds
92.306: Application time: 0.0371280 seconds
92.306: [GC92.306: [ParNew: 7027K->373K(7424K), 0.0002620 secs] 11281K->4627K(23808K), 0.0002810 secs] [Times: user=0.00 sys=0.00, real=0.00 secs] 
92.306: Total time for which application threads were stopped: 0.0003770 seconds, Stopping threads took: 0.0000470 seconds
92.343: Application time: 0.0371220 seconds
92.343: [GC92.343: [ParNew: 7029K->344K(7424K), 0.0003270 secs] 11283K->4662K(23808K), 0.0003500 secs] [Times: user=0.00 sys=0.00, real=0.00 secs] 
92.344: Total time for which application threads were stopped: 0.0004620 seconds, Stopping threads took: 0.0000520 seconds
92.380: Application time: 0.0367920 seconds
92.380: [GC92.380: [ParNew: 7000K->286K(7424K), 0.0003390 secs] 11318K->4692K(23808K), 0.0003570 secs] [Times: user=0.00 sys=0.00, real=0.00 secs] 
92.381: Total time for which application threads were stopped: 0.0004500 seconds, Stopping threads took: 0.0000420 seconds
92.419: Application time: 0.0380360 seconds
92.419: [GC92.419: [ParNew: 6942K->285K(7424K), 0.0002720 secs] 11348K->4691K(23808K), 0.0002920 secs] [Times: user=0.00 sys=0.00, real=0.00 secs] 
92.419: Total time for which application threads were stopped: 0.0004000 seconds, Stopping threads took: 0.0000430 seconds
92.456: Application time: 0.0368480 seconds
92.456: [GC92.456: [ParNew: 6941K->277K(7424K), 0.0003250 secs] 11347K->4683K(23808K), 0.0003440 secs] [Times: user=0.00 sys=0.00, real=0.00 secs] 
92.457: Total time for which application threads were stopped: 0.0004300 seconds, Stopping threads took: 0.0000380 seconds
92.493: Application time: 0.0368290 seconds
92.493: [GC92.493: [ParNew: 6933K->195K(7424K), 0.0003860 secs] 11339K->4721K(23808K), 0.0004030 secs] [Times: user=0.00 sys=0.00, real=0.00 secs] 
92.494: Total time for which application threads were stopped: 0.0004890 seconds, Stopping threads took: 0.0000410 seconds
92.531: Application time: 0.0370550 seconds
92.531: [GC92.531: [ParNew: 6851K->177K(7424K), 0.0003030 secs] 11377K->4703K(23808K), 0.0003200 secs] [Times: user=0.01 sys=0.00, real=0.00 secs] 
92.531: Total time for which application threads were stopped: 0.0003960 seconds, Stopping threads took: 0.0000320 seconds
92.567: Application time: 0.0353130 seconds
92.567: [GC92.567: [ParNew: 6833K->279K(7424K), 0.0002380 secs] 11359K->4805K(23808K), 0.0002640 secs] [Times: user=0.00 sys=0.00, real=0.00 secs] 
92.567: Total time for which application threads were stopped: 0.0003590 seconds, Stopping threads took: 0.0000450 seconds
92.604: Application time: 0.0365330 seconds
92.604: [GC92.604: [ParNew: 6935K->272K(7424K), 0.0003490 secs] 11461K->4855K(23808K), 0.0003670 secs] [Times: user=0.00 sys=0.00, real=0.00 secs] 
92.604: Total time for which application threads were stopped: 0.0004540 seconds, Stopping threads took: 0.0000390 seconds
92.641: Application time: 0.0366500 seconds
92.641: [GC92.641: [ParNew: 6928K->280K(7424K), 0.0002280 secs] 11511K->4862K(23808K), 0.0002450 secs] [Times: user=0.00 sys=0.00, real=0.00 secs] 
92.641: Total time for which application threads were stopped: 0.0003330 seconds, Stopping threads took: 0.0000400 seconds
92.678: Application time: 0.0372230 seconds
92.678: [GC92.678: [ParNew: 6936K->276K(7424K), 0.0003160 secs] 11518K->4858K(23808K), 0.0003330 secs] [Times: user=0.00 sys=0.00, real=0.00 secs] 
92.679: Total time for which application threads were stopped: 0.0004200 seconds, Stopping threads took: 0.0000420 seconds
92.714: Application time: 0.0355930 seconds
92.714: [GC92.714: [ParNew: 6932K->364K(7424K), 0.0003340 secs] 11514K->4946K(23808K), 0.0003550 secs] [Times: user=0.01 sys=0.00, real=0.00 secs] 
92.715: Total time for which application threads were stopped: 0.0004410 seconds, Stopping threads took: 0.0000360 seconds
92.751: Application time: 0.0367710 seconds
92.752: [GC92.752: [ParNew: 7020K->367K(7424K), 0.0002650 secs] 11602K->4949K(23808K), 0.0002840 secs] [Times: user=0.00 sys=0.00, real=0.00 secs] 
92.752: Total time for which application threads were stopped: 0.0003760 seconds, Stopping threads took: 0.0000420 seconds
92.789: Application time: 0.0369730 seconds
92.789: [GC92.789: [ParNew: 7023K->364K(7424K), 0.0003560 secs] 11605K->4947K(23808K), 0.0003740 secs] [Times: user=0.00 sys=0.00, real=0.00 secs] 
92.789: Total time for which application threads were stopped: 0.0004660 seconds, Stopping threads took: 0.0000450 seconds
92.826: Application time: 0.0365650 seconds
92.826: [GC92.826: [ParNew: 7020K->391K(7424K), 0.0002720 secs] 11603K->4973K(23808K), 0.0002890 secs] [Times: user=0.00 sys=0.00, real=0.00 secs] 
92.826: Total time for which application threads were stopped: 0.0003920 seconds, Stopping threads took: 0.0000550 seconds
92.863: Application time: 0.0371550 seconds
92.863: [GC92.863: [ParNew: 7047K->395K(7424K), 0.0003380 secs] 11629K->4978K(23808K), 0.0003550 secs] [Times: user=0.01 sys=0.00, real=0.00 secs] 
92.864: Total time for which application threads were stopped: 0.0004450 seconds, Stopping threads took: 0.0000440 seconds
92.901: Application time: 0.0366980 seconds
92.901: [GC92.901: [ParNew: 7051K->393K(7424K), 0.0003010 secs] 11634K->4976K(23808K), 0.0003200 secs] [Times: user=0.00 sys=0.00, real=0.00 secs] 
92.901: Total time for which application threads were stopped: 0.0004100 seconds, Stopping threads took: 0.0000410 seconds
92.938: Application time: 0.0369400 seconds
92.938: [GC92.938: [ParNew: 7049K->398K(7424K), 0.0003110 secs] 11632K->4980K(23808K), 0.0003290 secs] [Times: user=0.00 sys=0.00, real=0.00 secs] 
92.938: Total time for which application threads were stopped: 0.0004220 seconds, Stopping threads took: 0.0000360 seconds
92.975: Application time: 0.0367170 seconds
92.975: [GC92.975: [ParNew: 7054K->393K(7424K), 0.0002900 secs] 11636K->4975K(23808K), 0.0003070 secs] [Times: user=0.01 sys=0.00, real=0.00 secs] 
92.975: Total time for which application threads were stopped: 0.0003980 seconds, Stopping threads took: 0.0000450 seconds
93.013: Application time: 0.0371420 seconds
93.013: [GC93.013: [ParNew: 7049K->401K(7424K), 0.0002810 secs] 11631K->4983K(23808K), 0.0002980 secs] [Times: user=0.00 sys=0.00, real=0.00 secs] 
93.013: Total time for which application threads were stopped: 0.0003850 seconds, Stopping threads took: 0.0000410 seconds
93.050: Application time: 0.0367280 seconds
93.050: [GC93.050: [ParNew: 7057K->394K(7424K), 0.0002920 secs] 11639K->4977K(23808K), 0.0003180 secs] [Times: user=0.00 sys=0.00, real=0.00 secs] 
93.050: Total time for which application threads were stopped: 0.0004010 seconds, Stopping threads took: 0.0000370 seconds
93.087: Application time: 0.0371880 seconds
93.087: [GC93.087: [ParNew: 7050K->396K(7424K), 0.0002710 secs] 11633K->4979K(23808K), 0.0002900 secs] [Times: user=0.01 sys=0.00, real=0.00 secs] 
93.088: Total time for which application threads were stopped: 0.0003850 seconds, Stopping threads took: 0.0000460 seconds
93.124: Application time: 0.0365430 seconds
93.124: [GC93.124: [ParNew: 7052K->311K(7424K), 0.0002910 secs] 11635K->5022K(23808K), 0.0003070 secs] [Times: user=0.01 sys=0.00, real=0.00 secs] 
93.125: Total time for which application threads were stopped: 0.0004020 seconds, Stopping threads took: 0.0000460 seconds
93.162: Application time: 0.0372150 seconds
93.162: [GC93.162: [ParNew: 6967K->287K(7424K), 0.0002540 secs] 11678K->5062K(23808K), 0.0002740 secs] [Times: user=0.00 sys=0.00, real=0.01 secs] 
93.162: Total time for which application threads were stopped: 0.0003690 seconds, Stopping threads took: 0.0000460 seconds
93.199: Application time: 0.0370770 seconds
93.199: [GC93.199: [ParNew: 6943K->284K(7424K), 0.0003090 secs] 11718K->5058K(23808K), 0.0003250 secs] [Times: user=0.00 sys=0.00, real=0.00 secs] 
93.200: Total time for which application threads were stopped: 0.0004080 seconds, Stopping threads took: 0.0000390 seconds
93.236: Application time: 0.0368260 seconds
93.237: [GC93.237: [ParNew: 6940K->284K(7424K), 0.0002560 secs] 11714K->5058K(23808K), 0.0002730 secs] [Times: user=0.01 sys=0.00, real=0.00 secs] 
93.237: Total time for which application threads were stopped: 0.0003590 seconds, Stopping threads took: 0.0000390 seconds
93.274: Application time: 0.0369710 seconds
93.274: [GC93.274: [ParNew: 6940K->200K(7424K), 0.0002660 secs] 11714K->5102K(23808K), 0.0002820 secs] [Times: user=0.00 sys=0.00, real=0.01 secs] 
93.274: Total time for which application threads were stopped: 0.0003650 seconds, Stopping threads took: 0.0000380 seconds
93.311: Application time: 0.0372340 seconds
93.312: [GC93.312: [ParNew: 6856K->190K(7424K), 0.0003640 secs] 11758K->5093K(23808K), 0.0003910 secs] [Times: user=0.00 sys=0.00, real=0.00 secs] 
93.313: Total time for which application threads were stopped: 0.0011670 seconds, Stopping threads took: 0.0007100 seconds
93.348: Application time: 0.0352910 seconds
93.348: [GC93.348: [ParNew: 6846K->278K(7424K), 0.0002420 secs] 11749K->5181K(23808K), 0.0002630 secs] [Times: user=0.00 sys=0.00, real=0.00 secs] 
93.348: Total time for which application threads were stopped: 0.0003540 seconds, Stopping threads took: 0.0000390 seconds
93.385: Application time: 0.0366660 seconds
93.385: [GC93.385: [ParNew: 6934K->252K(7424K), 0.0002580 secs] 11837K->5210K(23808K), 0.0002770 secs] [Times: user=0.00 sys=0.00, real=0.00 secs] 
93.385: Total time for which application threads were stopped: 0.0003730 seconds, Stopping threads took: 0.0000490 seconds
93.422: Application time: 0.0364400 seconds
93.422: [GC93.422: [ParNew: 6908K->289K(7424K), 0.0002750 secs] 11866K->5247K(23808K), 0.0002920 secs] [Times: user=0.00 sys=0.00, real=0.01 secs] 
93.422: Total time for which application threads were stopped: 0.0003800 seconds, Stopping threads took: 0.0000420 seconds
93.459: Application time: 0.0371410 seconds
93.459: [GC93.459: [ParNew: 6944K->279K(7424K), 0.0002530 secs] 11903K->5238K(23808K), 0.0002710 secs] [Times: user=0.00 sys=0.00, real=0.00 secs] 
93.460: Total time for which application threads were stopped: 0.0003650 seconds, Stopping threads took: 0.0000380 seconds
93.496: Application time: 0.0362710 seconds
93.496: [GC93.496: [ParNew: 6935K->311K(7424K), 0.0002880 secs] 11894K->5269K(23808K), 0.0003090 secs] [Times: user=0.00 sys=0.00, real=0.00 secs] 
93.496: Total time for which application threads were stopped: 0.0004050 seconds, Stopping threads took: 0.0000490 seconds
93.532: Application time: 0.0360600 seconds
93.532: [GC93.532: [ParNew: 6967K->366K(7424K), 0.0002930 secs] 11925K->5324K(23808K), 0.0003190 secs] [Times: user=0.00 sys=0.00, real=0.00 secs] 
93.533: Total time for which application threads were stopped: 0.0004240 seconds, Stopping threads took: 0.0000590 seconds
93.570: Application time: 0.0368160 seconds
93.570: [GC93.570: [ParNew: 7022K->373K(7424K), 0.0002850 secs] 11980K->5331K(23808K), 0.0003030 secs] [Times: user=0.00 sys=0.00, real=0.00 secs] 
93.570: Total time for which application threads were stopped: 0.0003890 seconds, Stopping threads took: 0.0000400 seconds
93.607: Application time: 0.0365770 seconds
93.607: [GC93.607: [ParNew: 7029K->404K(7424K), 0.0002890 secs] 11987K->5362K(23808K), 0.0003060 secs] [Times: user=0.00 sys=0.00, real=0.00 secs] 
93.607: Total time for which application threads were stopped: 0.0003930 seconds, Stopping threads took: 0.0000380 seconds
93.644: Application time: 0.0370150 seconds
93.644: [GC93.644: [ParNew: 7060K->402K(7424K), 0.0003530 secs] 12018K->5360K(23808K), 0.0003700 secs] [Times: user=0.00 sys=0.00, real=0.00 secs] 
93.644: Total time for which application threads were stopped: 0.0004570 seconds, Stopping threads took: 0.0000410 seconds
93.682: Application time: 0.0371380 seconds
93.682: [GC93.682: [ParNew: 7058K->389K(7424K), 0.0003480 secs] 12016K->5347K(23808K), 0.0003660 secs] [Times: user=0.01 sys=0.00, real=0.00 secs] 
93.682: Total time for which application threads were stopped: 0.0004600 seconds, Stopping threads took: 0.0000410 seconds
93.719: Application time: 0.0369620 seconds
93.719: [GC93.719: [ParNew: 7045K->392K(7424K), 0.0002810 secs] 12003K->5351K(23808K), 0.0002990 secs] [Times: user=0.00 sys=0.00, real=0.00 secs] 
93.719: Total time for which application threads were stopped: 0.0003890 seconds, Stopping threads took: 0.0000410 seconds
93.756: Application time: 0.0368750 seconds
93.756: [GC93.756: [ParNew: 7048K->392K(7424K), 0.0002900 secs] 12007K->5351K(23808K), 0.0003080 secs] [Times: user=0.00 sys=0.00, real=0.00 secs] 
93.757: Total time for which application threads were stopped: 0.0004040 seconds, Stopping threads took: 0.0000470 seconds
93.793: Application time: 0.0367410 seconds
93.793: [GC93.793: [ParNew: 7048K->397K(7424K), 0.0003360 secs] 12007K->5355K(23808K), 0.0003530 secs] [Times: user=0.00 sys=0.00, real=0.00 secs] 
93.794: Total time for which application threads were stopped: 0.0004400 seconds, Stopping threads took: 0.0000410 seconds
93.831: Application time: 0.0368030 seconds
93.831: [GC93.831: [ParNew: 7053K->399K(7424K), 0.0002590 secs] 12011K->5357K(23808K), 0.0002770 secs] [Times: user=0.00 sys=0.00, real=0.00 secs] 
93.831: Total time for which application threads were stopped: 0.0003700 seconds, Stopping threads took: 0.0000440 seconds
93.868: Application time: 0.0369380 seconds
93.868: [GC93.868: [ParNew: 7055K->399K(7424K), 0.0002850 secs] 12013K->5357K(23808K), 0.0003020 secs] [Times: user=0.00 sys=0.00, real=0.00 secs] 
93.868: Total time for which application threads were stopped: 0.0003860 seconds, Stopping threads took: 0.0000380 seconds
93.905: Application time: 0.0367010 seconds
93.905: [GC93.905: [ParNew: 7055K->317K(7424K), 0.0002820 secs] 12013K->5408K(23808K), 0.0002980 secs] [Times: user=0.01 sys=0.00, real=0.00 secs] 
93.905: Total time for which application threads were stopped: 0.0003840 seconds, Stopping threads took: 0.0000400 seconds
93.943: Application time: 0.0378040 seconds
93.943: [GC93.943: [ParNew: 6973K->314K(7424K), 0.0003020 secs] 12064K->5405K(23808K), 0.0003230 secs] [Times: user=0.00 sys=0.00, real=0.00 secs] 
93.944: Total time for which application threads were stopped: 0.0004390 seconds, Stopping threads took: 0.0000580 seconds
93.981: Application time: 0.0370040 seconds
93.981: [GC93.981: [ParNew: 6970K->280K(7424K), 0.0002710 secs] 12061K->5451K(23808K), 0.0002890 secs] [Times: user=0.00 sys=0.00, real=0.00 secs] 
93.981: Total time for which application threads were stopped: 0.0003810 seconds, Stopping threads took: 0.0000380 seconds
94.018: Application time: 0.0368450 seconds
94.018: [GC94.018: [ParNew: 6936K->281K(7424K), 0.0002310 secs] 12107K->5451K(23808K), 0.0002580 secs] [Times: user=0.00 sys=0.01, real=0.00 secs] 
94.018: Total time for which application threads were stopped: 0.0003490 seconds, Stopping threads took: 0.0000440 seconds
94.055: Application time: 0.0372230 seconds
94.056: [GC94.056: [ParNew: 6937K->257K(7424K), 0.0002380 secs] 12107K->5484K(23808K), 0.0002550 secs] [Times: user=0.00 sys=0.00, real=0.00 secs] 
94.056: Total time for which application threads were stopped: 0.0003450 seconds, Stopping threads took: 0.0000430 seconds
94.093: Application time: 0.0367580 seconds
94.093: [GC94.093: [ParNew: 6913K->192K(7424K), 0.0003140 secs] 12140K->5515K(23808K), 0.0003320 secs] [Times: user=0.01 sys=0.00, real=0.00 secs] 
94.093: Total time for which application threads were stopped: 0.0004170 seconds, Stopping threads took: 0.0000380 seconds
94.129: Application time: 0.0364090 seconds
94.130: [GC94.130: [ParNew: 6848K->208K(7424K), 0.0002310 secs] 12171K->5531K(23808K), 0.0002460 secs] [Times: user=0.00 sys=0.00, real=0.00 secs] 
94.130: Total time for which application threads were stopped: 0.0003350 seconds, Stopping threads took: 0.0000440 seconds
94.166: Application time: 0.0357740 seconds
94.166: [GC94.166: [ParNew: 6864K->253K(7424K), 0.0002380 secs] 12187K->5632K(23808K), 0.0002550 secs] [Times: user=0.00 sys=0.00, real=0.00 secs] 
94.166: Total time for which application threads were stopped: 0.0003450 seconds, Stopping threads took: 0.0000430 seconds
94.202: Application time: 0.0364160 seconds
94.202: [GC94.202: [ParNew: 6909K->282K(7424K), 0.0002350 secs] 12288K->5661K(23808K), 0.0002530 secs] [Times: user=0.00 sys=0.00, real=0.00 secs] 
94.203: Total time for which application threads were stopped: 0.0003420 seconds, Stopping threads took: 0.0000400 seconds
94.239: Application time: 0.0368170 seconds
94.240: [GC94.240: [ParNew: 6938K->278K(7424K), 0.0002420 secs] 12317K->5656K(23808K), 0.0002600 secs] [Times: user=0.00 sys=0.00, real=0.00 secs] 
94.240: Total time for which application threads were stopped: 0.0003470 seconds, Stopping threads took: 0.0000390 seconds
94.277: Application time: 0.0372120 seconds
94.277: [GC94.277: [ParNew: 6934K->286K(7424K), 0.0002700 secs] 12312K->5665K(23808K), 0.0002870 secs] [Times: user=0.00 sys=0.00, real=0.00 secs] 
94.277: Total time for which application threads were stopped: 0.0003730 seconds, Stopping threads took: 0.0000390 seconds
94.313: Application time: 0.0354780 seconds
94.313: [GC94.313: [ParNew: 6942K->365K(7424K), 0.0003450 secs] 12321K->5744K(23808K), 0.0003690 secs] [Times: user=0.00 sys=0.00, real=0.00 secs] 
94.313: Total time for which application threads were stopped: 0.0004850 seconds, Stopping threads took: 0.0000540 seconds
94.350: Application time: 0.0368450 seconds
94.350: [GC94.350: [ParNew: 7021K->367K(7424K), 0.0002790 secs] 12400K->5745K(23808K), 0.0003020 secs] [Times: user=0.00 sys=0.00, real=0.00 secs] 
94.351: Total time for which application threads were stopped: 0.0004070 seconds, Stopping threads took: 0.0000500 seconds
94.388: Application time: 0.0371940 seconds
94.388: [GC94.388: [ParNew: 7023K->361K(7424K), 0.0002670 secs] 12401K->5740K(23808K), 0.0002870 secs] [Times: user=0.00 sys=0.00, real=0.00 secs] 
94.388: Total time for which application threads were stopped: 0.0004010 seconds, Stopping threads took: 0.0000620 seconds
94.425: Application time: 0.0364370 seconds
94.425: [GC94.425: [ParNew: 7017K->394K(7424K), 0.0002830 secs] 12396K->5773K(23808K), 0.0002990 secs] [Times: user=0.00 sys=0.00, real=0.00 secs] 
94.425: Total time for which application threads were stopped: 0.0003870 seconds, Stopping threads took: 0.0000430 seconds
94.462: Application time: 0.0367150 seconds
94.462: [GC94.462: [ParNew: 7050K->359K(7424K), 0.0002860 secs] 12429K->5818K(23808K), 0.0003050 secs] [Times: user=0.00 sys=0.00, real=0.01 secs] 
94.462: Total time for which application threads were stopped: 0.0003880 seconds, Stopping threads took: 0.0000370 seconds
94.499: Application time: 0.0372990 seconds
94.500: [GC94.500: [ParNew: 7015K->358K(7424K), 0.0002850 secs] 12474K->5817K(23808K), 0.0003100 secs] [Times: user=0.00 sys=0.00, real=0.00 secs] 
94.500: Total time for which application threads were stopped: 0.0004100 seconds, Stopping threads took: 0.0000400 seconds
94.536: Application time: 0.0365670 seconds
94.537: [GC94.537: [ParNew: 7014K->369K(7424K), 0.0003560 secs] 12473K->5828K(23808K), 0.0003720 secs] [Times: user=0.00 sys=0.00, real=0.00 secs] 
94.537: Total time for which application threads were stopped: 0.0004670 seconds, Stopping threads took: 0.0000480 seconds
94.574: Application time: 0.0372660 seconds
94.574: [GC94.574: [ParNew: 7025K->365K(7424K), 0.0002850 secs] 12484K->5824K(23808K), 0.0003030 secs] [Times: user=0.00 sys=0.00, real=0.00 secs] 
94.575: Total time for which application threads were stopped: 0.0004090 seconds, Stopping threads took: 0.0000580 seconds
94.611: Application time: 0.0366040 seconds
94.611: [GC94.611: [ParNew: 7021K->370K(7424K), 0.0002460 secs] 12480K->5828K(23808K), 0.0002630 secs] [Times: user=0.00 sys=0.00, real=0.00 secs] 
94.612: Total time for which application threads were stopped: 0.0003540 seconds, Stopping threads took: 0.0000460 seconds
94.649: Application time: 0.0370410 seconds
94.649: [GC94.649: [ParNew: 7026K->360K(7424K), 0.0003620 secs] 12484K->5818K(23808K), 0.0003810 secs] [Times: user=0.00 sys=0.00, real=0.00 secs] 
94.649: Total time for which application threads were stopped: 0.0004700 seconds, Stopping threads took: 0.0000430 seconds
94.686: Application time: 0.0368070 seconds
94.686: [GC94.686: [ParNew: 7016K->374K(7424K), 0.0003160 secs] 12474K->5833K(23808K), 0.0003350 secs] [Times: user=0.00 sys=0.00, real=0.00 secs] 
94.686: Total time for which application threads were stopped: 0.0004420 seconds, Stopping threads took: 0.0000580 seconds
94.723: Application time: 0.0368890 seconds
94.723: [GC94.723: [ParNew: 7030K->313K(7424K), 0.0002680 secs] 12489K->5876K(23808K), 0.0002850 secs] [Times: user=0.00 sys=0.00, real=0.00 secs] 
94.724: Total time for which application threads were stopped: 0.0003770 seconds, Stopping threads took: 0.0000440 seconds
94.760: Application time: 0.0368530 seconds
94.760: [GC94.761: [ParNew: 6969K->280K(7424K), 0.0003120 secs] 12532K->5907K(23808K), 0.0003290 secs] [Times: user=0.00 sys=0.00, real=0.00 secs] 
94.761: Total time for which application threads were stopped: 0.0004200 seconds, Stopping threads took: 0.0000430 seconds
94.798: Application time: 0.0367590 seconds
94.798: [GC94.798: [ParNew: 6936K->277K(7424K), 0.0003340 secs] 12563K->5904K(23808K), 0.0003560 secs] [Times: user=0.00 sys=0.00, real=0.00 secs] 
94.798: Total time for which application threads were stopped: 0.0004410 seconds, Stopping threads took: 0.0000390 seconds
94.835: Application time: 0.0370160 seconds
94.835: [GC94.835: [ParNew: 6933K->284K(7424K), 0.0002700 secs] 12560K->5910K(23808K), 0.0002870 secs] [Times: user=0.00 sys=0.00, real=0.00 secs] 
94.835: Total time for which application threads were stopped: 0.0003730 seconds, Stopping threads took: 0.0000400 seconds
94.873: Application time: 0.0371300 seconds
94.873: [GC94.873: [ParNew: 6940K->199K(7424K), 0.0002480 secs] 12566K->5962K(23808K), 0.0002680 secs] [Times: user=0.00 sys=0.00, real=0.00 secs] 
94.873: Total time for which application threads were stopped: 0.0003570 seconds, Stopping threads took: 0.0000430 seconds
94.909: Application time: 0.0363910 seconds
94.909: [GC94.909: [ParNew: 6855K->220K(7424K), 0.0003060 secs] 12618K->5983K(23808K), 0.0003210 secs] [Times: user=0.00 sys=0.00, real=0.00 secs] 
94.910: Total time for which application threads were stopped: 0.0004050 seconds, Stopping threads took: 0.0000370 seconds
94.946: Application time: 0.0360220 seconds
94.946: [GC94.946: [ParNew: 6876K->277K(7424K), 0.0002900 secs] 12639K->6040K(23808K), 0.0003100 secs] [Times: user=0.00 sys=0.00, real=0.00 secs] 
94.946: Total time for which application threads were stopped: 0.0004300 seconds, Stopping threads took: 0.0000710 seconds
94.983: Application time: 0.0363420 seconds
94.983: [GC94.983: [ParNew: 6933K->282K(7424K), 0.0003390 secs] 12696K->6101K(23808K), 0.0003640 secs] [Times: user=0.00 sys=0.00, real=0.00 secs] 
94.983: Total time for which application threads were stopped: 0.0004510 seconds, Stopping threads took: 0.0000410 seconds
95.021: Application time: 0.0376180 seconds
95.021: [GC95.021: [ParNew: 6938K->286K(7424K), 0.0003310 secs] 12757K->6105K(23808K), 0.0003480 secs] [Times: user=0.00 sys=0.00, real=0.00 secs] 
95.021: Total time for which application threads were stopped: 0.0004430 seconds, Stopping threads took: 0.0000380 seconds
95.058: Application time: 0.0370750 seconds
95.058: [GC95.058: [ParNew: 6942K->280K(7424K), 0.0002530 secs] 12761K->6099K(23808K), 0.0002710 secs] [Times: user=0.00 sys=0.00, real=0.00 secs] 
95.058: Total time for which application threads were stopped: 0.0003610 seconds, Stopping threads took: 0.0000440 seconds
95.094: Application time: 0.0354990 seconds
95.094: [GC95.094: [ParNew: 6936K->368K(7424K), 0.0003250 secs] 12755K->6187K(23808K), 0.0003430 secs] [Times: user=0.00 sys=0.00, real=0.00 secs] 
95.094: Total time for which application threads were stopped: 0.0004430 seconds, Stopping threads took: 0.0000480 seconds
95.131: Application time: 0.0367700 seconds
95.131: [GC95.131: [ParNew: 7024K->369K(7424K), 0.0002930 secs] 12843K->6188K(23808K), 0.0003110 secs] [Times: user=0.00 sys=0.00, real=0.00 secs] 
95.132: Total time for which application threads were stopped: 0.0003970 seconds, Stopping threads took: 0.0000420 seconds
95.169: Application time: 0.0372050 seconds
95.169: [GC95.169: [ParNew: 7025K->374K(7424K), 0.0002510 secs] 12844K->6193K(23808K), 0.0002690 secs] [Times: user=0.00 sys=0.00, real=0.00 secs] 
95.169: Total time for which application threads were stopped: 0.0003540 seconds, Stopping threads took: 0.0000390 seconds
95.206: Application time: 0.0366070 seconds
95.206: [GC95.206: [ParNew: 7030K->403K(7424K), 0.0002980 secs] 12849K->6222K(23808K), 0.0003170 secs] [Times: user=0.00 sys=0.00, real=0.00 secs] 
95.206: Total time for which application threads were stopped: 0.0004060 seconds, Stopping threads took: 0.0000400 seconds
95.243: Application time: 0.0367450 seconds
95.243: [GC95.243: [ParNew: 7059K->402K(7424K), 0.0002640 secs] 12878K->6221K(23808K), 0.0002800 secs] [Times: user=0.00 sys=0.00, real=0.00 secs] 
95.243: Total time for which application threads were stopped: 0.0003710 seconds, Stopping threads took: 0.0000440 seconds
95.280: Application time: 0.0370310 seconds
95.280: [GC95.280: [ParNew: 7058K->363K(7424K), 0.0003020 secs] 12877K->6262K(23808K), 0.0003210 secs] [Times: user=0.00 sys=0.00, real=0.00 secs] 
95.281: Total time for which application threads were stopped: 0.0004170 seconds, Stopping threads took: 0.0000490 seconds
95.318: Application time: 0.0371120 seconds
95.318: [GC95.318: [ParNew: 7019K->361K(7424K), 0.0003400 secs] 12918K->6260K(23808K), 0.0003630 secs] [Times: user=0.00 sys=0.00, real=0.00 secs] 
95.318: Total time for which application threads were stopped: 0.0004670 seconds, Stopping threads took: 0.0000430 seconds
95.355: Application time: 0.0366350 seconds
95.355: [GC95.355: [ParNew: 7017K->372K(7424K), 0.0002790 secs] 12916K->6271K(23808K), 0.0003000 secs] [Times: user=0.00 sys=0.00, real=0.00 secs] 
95.355: Total time for which application threads were stopped: 0.0003960 seconds, Stopping threads took: 0.0000450 seconds
95.393: Application time: 0.0378600 seconds
95.393: [GC95.393: [ParNew: 7028K->367K(7424K), 0.0003080 secs] 12927K->6266K(23808K), 0.0003260 secs] [Times: user=0.00 sys=0.00, real=0.00 secs] 
95.394: Total time for which application threads were stopped: 0.0004420 seconds, Stopping threads took: 0.0000660 seconds
95.432: Application time: 0.0380490 seconds
95.432: [GC95.432: [ParNew: 7023K->353K(7424K), 0.0003490 secs] 12922K->6252K(23808K), 0.0003710 secs] [Times: user=0.01 sys=0.00, real=0.00 secs] 
95.432: Total time for which application threads were stopped: 0.0004890 seconds, Stopping threads took: 0.0000590 seconds
95.469: Application time: 0.0369030 seconds
95.469: [GC95.469: [ParNew: 7009K->364K(7424K), 0.0002700 secs] 12908K->6263K(23808K), 0.0002950 secs] [Times: user=0.00 sys=0.00, real=0.00 secs] 
95.469: Total time for which application threads were stopped: 0.0003900 seconds, Stopping threads took: 0.0000480 seconds
95.506: Application time: 0.0365540 seconds
95.506: [GC95.506: [ParNew: 7020K->313K(7424K), 0.0002950 secs] 12919K->6308K(23808K), 0.0003130 secs] [Times: user=0.01 sys=0.00, real=0.00 secs] 
95.507: Total time for which application threads were stopped: 0.0005000 seconds, Stopping threads took: 0.0001420 seconds
95.544: Application time: 0.0371590 seconds
95.544: [GC95.544: [ParNew: 6969K->279K(7424K), 0.0003410 secs] 12964K->6338K(23808K), 0.0003610 secs] [Times: user=0.01 sys=0.00, real=0.00 secs] 
95.544: Total time for which application threads were stopped: 0.0004760 seconds, Stopping threads took: 0.0000580 seconds
95.581: Application time: 0.0369060 seconds
95.581: [GC95.581: [ParNew: 6935K->284K(7424K), 0.0002350 secs] 12994K->6343K(23808K), 0.0002530 secs] [Times: user=0.00 sys=0.00, real=0.00 secs] 
95.581: Total time for which application threads were stopped: 0.0003410 seconds, Stopping threads took: 0.0000400 seconds
95.618: Application time: 0.0367600 seconds
95.618: [GC95.618: [ParNew: 6940K->283K(7424K), 0.0002290 secs] 12999K->6342K(23808K), 0.0002450 secs] [Times: user=0.00 sys=0.00, real=0.00 secs] 
95.619: Total time for which application threads were stopped: 0.0003320 seconds, Stopping threads took: 0.0000400 seconds
95.656: Application time: 0.0371750 seconds
95.656: [GC95.656: [ParNew: 6939K->200K(7424K), 0.0003280 secs] 12998K->6379K(23808K), 0.0003440 secs] [Times: user=0.00 sys=0.00, real=0.00 secs] 
95.656: Total time for which application threads were stopped: 0.0004270 seconds, Stopping threads took: 0.0000370 seconds
95.693: Application time: 0.0364210 seconds
95.693: [GC95.693: [ParNew: 6856K->222K(7424K), 0.0003130 secs] 13035K->6402K(23808K), 0.0003280 secs] [Times: user=0.00 sys=0.00, real=0.00 secs] 
95.693: Total time for which application threads were stopped: 0.0004100 seconds, Stopping threads took: 0.0000370 seconds
95.729: Application time: 0.0356730 seconds
95.729: [GC95.729: [ParNew: 6878K->279K(7424K), 0.0003160 secs] 13058K->6458K(23808K), 0.0003330 secs] [Times: user=0.00 sys=0.00, real=0.00 secs] 
95.729: Total time for which application threads were stopped: 0.0004330 seconds, Stopping threads took: 0.0000550 seconds
95.766: Application time: 0.0366740 seconds
95.766: [GC95.766: [ParNew: 6935K->278K(7424K), 0.0002680 secs] 13114K->6529K(23808K), 0.0002860 secs] [Times: user=0.01 sys=0.00, real=0.00 secs] 
95.766: Total time for which application threads were stopped: 0.0003690 seconds, Stopping threads took: 0.0000360 seconds
95.803: Application time: 0.0369690 seconds
95.803: [GC95.803: [ParNew: 6934K->280K(7424K), 0.0002370 secs] 13185K->6531K(23808K), 0.0002550 secs] [Times: user=0.00 sys=0.00, real=0.00 secs] 
95.803: Total time for which application threads were stopped: 0.0003350 seconds, Stopping threads took: 0.0000330 seconds
95.840: Application time: 0.0368320 seconds
95.840: [GC95.840: [ParNew: 6936K->286K(7424K), 0.0002480 secs] 13187K->6537K(23808K), 0.0002680 secs] [Times: user=0.00 sys=0.00, real=0.00 secs] 
95.841: Total time for which application threads were stopped: 0.0003610 seconds, Stopping threads took: 0.0000440 seconds
95.876: Application time: 0.0351880 seconds
95.876: [GC95.876: [ParNew: 6942K->371K(7424K), 0.0002820 secs] 13193K->6622K(23808K), 0.0002970 secs] [Times: user=0.00 sys=0.00, real=0.00 secs] 
95.876: Total time for which application threads were stopped: 0.0003850 seconds, Stopping threads took: 0.0000400 seconds
95.913: Application time: 0.0371510 seconds
95.913: [GC95.913: [ParNew: 7027K->365K(7424K), 0.0002730 secs] 13278K->6617K(23808K), 0.0002920 secs] [Times: user=0.00 sys=0.00, real=0.00 secs] 
95.914: Total time for which application threads were stopped: 0.0003830 seconds, Stopping threads took: 0.0000440 seconds
95.951: Application time: 0.0368340 seconds
95.951: [GC95.951: [ParNew: 7021K->366K(7424K), 0.0002880 secs] 13273K->6617K(23808K), 0.0003130 secs] [Times: user=0.00 sys=0.00, real=0.00 secs] 
95.951: Total time for which application threads were stopped: 0.0004010 seconds, Stopping threads took: 0.0000400 seconds
95.987: Application time: 0.0364480 seconds
95.988: [GC95.988: [ParNew: 7022K->401K(7424K), 0.0002610 secs] 13273K->6653K(23808K), 0.0002800 secs] [Times: user=0.00 sys=0.00, real=0.00 secs] 
95.988: Total time for which application threads were stopped: 0.0003890 seconds, Stopping threads took: 0.0000590 seconds
96.025: Application time: 0.0369490 seconds
96.025: [GC96.025: [ParNew: 7057K->395K(7424K), 0.0002990 secs] 13309K->6647K(23808K), 0.0003160 secs] [Times: user=0.00 sys=0.00, real=0.00 secs] 
96.025: Total time for which application threads were stopped: 0.0004010 seconds, Stopping threads took: 0.0000380 seconds
96.062: Application time: 0.0367270 seconds
96.062: [GC96.062: [ParNew: 7051K->397K(7424K), 0.0002870 secs] 13303K->6648K(23808K), 0.0003050 secs] [Times: user=0.00 sys=0.00, real=0.01 secs] 
96.062: Total time for which application threads were stopped: 0.0004050 seconds, Stopping threads took: 0.0000450 seconds
96.099: Application time: 0.0366290 seconds
96.099: [GC96.099: [ParNew: 7053K->398K(7424K), 0.0002910 secs] 13304K->6649K(23808K), 0.0003080 secs] [Times: user=0.00 sys=0.00, real=0.00 secs] 
96.099: Total time for which application threads were stopped: 0.0003990 seconds, Stopping threads took: 0.0000440 seconds
96.136: Application time: 0.0370200 seconds
96.136: [GC96.136: [ParNew: 7054K->399K(7424K), 0.0002840 secs] 13305K->6650K(23808K), 0.0003010 secs] [Times: user=0.00 sys=0.00, real=0.00 secs] 
96.137: Total time for which application threads were stopped: 0.0003880 seconds, Stopping threads took: 0.0000410 seconds
96.174: Application time: 0.0369220 seconds
96.174: [GC96.174: [ParNew: 7055K->398K(7424K), 0.0002640 secs] 13306K->6649K(23808K), 0.0002810 secs] [Times: user=0.00 sys=0.00, real=0.00 secs] 
96.174: Total time for which application threads were stopped: 0.0003700 seconds, Stopping threads took: 0.0000400 seconds
96.211: Application time: 0.0368170 seconds
96.211: [GC96.211: [ParNew: 7054K->371K(7424K), 0.0003280 secs] 13305K->6679K(23808K), 0.0003450 secs] [Times: user=0.00 sys=0.00, real=0.00 secs] 
96.211: Total time for which application threads were stopped: 0.0004320 seconds, Stopping threads took: 0.0000430 seconds
96.248: Application time: 0.0370620 seconds
96.248: [GC96.248: [ParNew: 7027K->362K(7424K), 0.0003570 secs] 13335K->6670K(23808K), 0.0003760 secs] [Times: user=0.00 sys=0.00, real=0.00 secs] 
96.249: Total time for which application threads were stopped: 0.0004660 seconds, Stopping threads took: 0.0000410 seconds
96.285: Application time: 0.0365180 seconds
96.285: [GC96.285: [ParNew: 7018K->312K(7424K), 0.0002850 secs] 13326K->6708K(23808K), 0.0003030 secs] [Times: user=0.00 sys=0.00, real=0.00 secs] 
96.286: Total time for which application threads were stopped: 0.0003850 seconds, Stopping threads took: 0.0000350 seconds
96.323: Application time: 0.0372510 seconds
96.323: [GC96.323: [ParNew: 6968K->284K(7424K), 0.0003230 secs] 13364K->6736K(23808K), 0.0003450 secs] [Times: user=0.00 sys=0.00, real=0.00 secs] 
96.323: Total time for which application threads were stopped: 0.0004570 seconds, Stopping threads took: 0.0000500 seconds
96.361: Application time: 0.0371080 seconds
96.361: [GC96.361: [ParNew: 6940K->276K(7424K), 0.0002550 secs] 13392K->6727K(23808K), 0.0002730 secs] [Times: user=0.01 sys=0.00, real=0.00 secs] 
96.361: Total time for which application threads were stopped: 0.0003630 seconds, Stopping threads took: 0.0000380 seconds
96.398: Application time: 0.0370030 seconds
96.398: [GC96.398: [ParNew: 6932K->279K(7424K), 0.0002900 secs] 13383K->6731K(23808K), 0.0003090 secs] [Times: user=0.00 sys=0.00, real=0.00 secs] 
96.398: Total time for which application threads were stopped: 0.0003990 seconds, Stopping threads took: 0.0000420 seconds
96.435: Application time: 0.0368070 seconds
96.435: [GC96.435: [ParNew: 6935K->192K(7424K), 0.0002510 secs] 13387K->6772K(23808K), 0.0002760 secs] [Times: user=0.00 sys=0.00, real=0.00 secs] 
96.435: Total time for which application threads were stopped: 0.0003680 seconds, Stopping threads took: 0.0000470 seconds
96.472: Application time: 0.0369860 seconds
96.473: [GC96.473: [ParNew: 6848K->188K(7424K), 0.0002460 secs] 13428K->6768K(23808K), 0.0002630 secs] [Times: user=0.00 sys=0.00, real=0.00 secs] 
96.473: Total time for which application threads were stopped: 0.0003490 seconds, Stopping threads took: 0.0000410 seconds
96.508: Application time: 0.0352890 seconds
96.508: [GC96.508: [ParNew: 6844K->281K(7424K), 0.0002570 secs] 13424K->6861K(23808K), 0.0002750 secs] [Times: user=0.00 sys=0.00, real=0.00 secs] 
96.508: Total time for which application threads were stopped: 0.0003740 seconds, Stopping threads took: 0.0000510 seconds
96.546: Application time: 0.0372110 seconds
96.546: [GC96.546: [ParNew: 6937K->253K(7424K), 0.0002560 secs] 13517K->6896K(23808K), 0.0002720 secs] [Times: user=0.00 sys=0.00, real=0.00 secs] 
96.546: Total time for which application threads were stopped: 0.0003610 seconds, Stopping threads took: 0.0000450 seconds
96.583: Application time: 0.0365180 seconds
96.583: [GC96.583: [ParNew: 6909K->283K(7424K), 0.0002640 secs] 13552K->6927K(23808K), 0.0002820 secs] [Times: user=0.00 sys=0.00, real=0.00 secs] 
96.583: Total time for which application threads were stopped: 0.0003800 seconds, Stopping threads took: 0.0000420 seconds
96.620: Application time: 0.0367220 seconds
96.620: [GC96.620: [ParNew: 6939K->275K(7424K), 0.0003140 secs] 13583K->6919K(23808K), 0.0003310 secs] [Times: user=0.00 sys=0.00, real=0.00 secs] 
96.620: Total time for which application threads were stopped: 0.0004170 seconds, Stopping threads took: 0.0000400 seconds
96.657: Application time: 0.0365110 seconds
96.657: [GC96.657: [ParNew: 6931K->287K(7424K), 0.0002730 secs] 13575K->6930K(23808K), 0.0002900 secs] [Times: user=0.00 sys=0.00, real=0.00 secs] 
96.657: Total time for which application threads were stopped: 0.0003770 seconds, Stopping threads took: 0.0000400 seconds
96.693: Application time: 0.0362710 seconds
96.693: [GC96.693: [ParNew: 6943K->362K(7424K), 0.0002550 secs] 13586K->7006K(23808K), 0.0002730 secs] [Times: user=0.00 sys=0.00, real=0.00 secs] 
96.694: Total time for which application threads were stopped: 0.0003620 seconds, Stopping threads took: 0.0000420 seconds
96.730: Application time: 0.0367180 seconds
96.730: [GC96.730: [ParNew: 7018K->361K(7424K), 0.0003390 secs] 13662K->7004K(23808K), 0.0003570 secs] [Times: user=0.00 sys=0.00, real=0.00 secs] 
96.731: Total time for which application threads were stopped: 0.0004430 seconds, Stopping threads took: 0.0000380 seconds
96.767: Application time: 0.0364720 seconds
96.767: [GC96.767: [ParNew: 7017K->399K(7424K), 0.0002630 secs] 13660K->7042K(23808K), 0.0002780 secs] [Times: user=0.00 sys=0.00, real=0.00 secs] 
96.768: Total time for which application threads were stopped: 0.0003710 seconds, Stopping threads took: 0.0000450 seconds
96.804: Application time: 0.0367630 seconds
96.804: [GC96.804: [ParNew: 7055K->400K(7424K), 0.0003350 secs] 13698K->7043K(23808K), 0.0003530 secs] [Times: user=0.00 sys=0.00, real=0.00 secs] 
96.805: Total time for which application threads were stopped: 0.0004430 seconds, Stopping threads took: 0.0000410 seconds
96.842: Application time: 0.0369720 seconds
96.842: [GC96.842: [ParNew: 7056K->397K(7424K), 0.0002910 secs] 13699K->7041K(23808K), 0.0003100 secs] [Times: user=0.01 sys=0.00, real=0.01 secs] 
96.842: Total time for which application threads were stopped: 0.0003970 seconds, Stopping threads took: 0.0000390 seconds
96.879: Application time: 0.0370710 seconds
96.879: [GC96.879: [ParNew: 7053K->384K(7424K), 0.0002840 secs] 13697K->7027K(23808K), 0.0003010 secs] [Times: user=0.01 sys=0.00, real=0.00 secs] 
96.880: Total time for which application threads were stopped: 0.0003960 seconds, Stopping threads took: 0.0000480 seconds
96.916: Application time: 0.0365540 seconds
96.916: [GC96.916: [ParNew: 7040K->401K(7424K), 0.0002780 secs] 13683K->7045K(23808K), 0.0003040 secs] [Times: user=0.00 sys=0.00, real=0.00 secs] 
96.917: Total time for which application threads were stopped: 0.0003900 seconds, Stopping threads took: 0.0000410 seconds
96.955: Application time: 0.0380170 seconds
96.955: [GC96.955: [ParNew: 7057K->388K(7424K), 0.0003370 secs] 13701K->7032K(23808K), 0.0003590 secs] [Times: user=0.00 sys=0.00, real=0.00 secs] 
96.955: Total time for which application threads were stopped: 0.0004590 seconds, Stopping threads took: 0.0000420 seconds
96.992: Application time: 0.0372170 seconds
96.992: [GC96.992: [ParNew: 7044K->392K(7424K), 0.0003080 secs] 13688K->7036K(23808K), 0.0003270 secs] [Times: user=0.00 sys=0.00, real=0.00 secs] 
96.993: Total time for which application threads were stopped: 0.0004170 seconds, Stopping threads took: 0.0000430 seconds
97.030: Application time: 0.0369380 seconds
97.030: [GC97.030: [ParNew: 7048K->398K(7424K), 0.0002840 secs] 13692K->7042K(23808K), 0.0003010 secs] [Times: user=0.00 sys=0.00, real=0.00 secs] 
97.030: Total time for which application threads were stopped: 0.0003860 seconds, Stopping threads took: 0.0000390 seconds
97.067: Application time: 0.0365950 seconds
97.070: [GC97.070: [ParNew: 7054K->312K(7424K), 0.0004030 secs] 13698K->7088K(23808K), 0.0004190 secs] [Times: user=0.00 sys=0.00, real=0.00 secs] 
97.071: Total time for which application threads were stopped: 0.0038880 seconds, Stopping threads took: 0.0034140 seconds
97.108: Application time: 0.0372420 seconds
97.108: [GC97.108: [ParNew: 6968K->313K(7424K), 0.0002810 secs] 13744K->7089K(23808K), 0.0002990 secs] [Times: user=0.00 sys=0.00, real=0.00 secs] 
97.108: Total time for which application threads were stopped: 0.0003950 seconds, Stopping threads took: 0.0000400 seconds
97.146: Application time: 0.0373630 seconds
97.146: [GC97.146: [ParNew: 6969K->283K(7424K), 0.0002690 secs] 13745K->7114K(23808K), 0.0002880 secs] [Times: user=0.00 sys=0.00, real=0.00 secs] 
97.146: Total time for which application threads were stopped: 0.0003880 seconds, Stopping threads took: 0.0000520 seconds
97.183: Application time: 0.0366650 seconds
97.183: [GC97.183: [ParNew: 6939K->283K(7424K), 0.0002320 secs] 13770K->7115K(23808K), 0.0002510 secs] [Times: user=0.00 sys=0.00, real=0.00 secs] 
97.183: Total time for which application threads were stopped: 0.0003340 seconds, Stopping threads took: 0.0000380 seconds
97.220: Application time: 0.0371170 seconds
97.222: [GC97.222: [ParNew: 6939K->253K(7424K), 0.0002350 secs] 13771K->7156K(23808K), 0.0002550 secs] [Times: user=0.00 sys=0.00, real=0.00 secs] 
97.222: Total time for which application threads were stopped: 0.0022820 seconds, Stopping threads took: 0.0019820 seconds
97.259: Application time: 0.0368760 seconds
97.259: [GC97.259: [ParNew: 6909K->198K(7424K), 0.0002270 secs] 13812K->7198K(23808K), 0.0002460 secs] [Times: user=0.00 sys=0.00, real=0.00 secs] 
97.260: Total time for which application threads were stopped: 0.0003570 seconds, Stopping threads took: 0.0000640 seconds
97.295: Application time: 0.0355880 seconds
97.295: [GC97.295: [ParNew: 6854K->278K(7424K), 0.0002420 secs] 13854K->7277K(23808K), 0.0002630 secs] [Times: user=0.00 sys=0.00, real=0.00 secs] 
97.296: Total time for which application threads were stopped: 0.0003520 seconds, Stopping threads took: 0.0000400 seconds
97.333: Application time: 0.0373380 seconds
97.333: [GC97.333: [ParNew: 6934K->262K(7424K), 0.0003120 secs] 13933K->7326K(23808K), 0.0003350 secs] [Times: user=0.01 sys=0.00, real=0.00 secs] 
97.333: Total time for which application threads were stopped: 0.0004480 seconds, Stopping threads took: 0.0000540 seconds
97.370: Application time: 0.0363850 seconds
97.370: [GC97.370: [ParNew: 6918K->280K(7424K), 0.0002430 secs] 13982K->7344K(23808K), 0.0002620 secs] [Times: user=0.00 sys=0.00, real=0.00 secs] 
97.370: Total time for which application threads were stopped: 0.0003500 seconds, Stopping threads took: 0.0000360 seconds
97.407: Application time: 0.0371120 seconds
97.407: [GC97.407: [ParNew: 6936K->277K(7424K), 0.0002390 secs] 14000K->7340K(23808K), 0.0002650 secs] [Times: user=0.00 sys=0.00, real=0.00 secs] 
97.408: Total time for which application threads were stopped: 0.0003590 seconds, Stopping threads took: 0.0000460 seconds
97.444: Application time: 0.0366530 seconds
97.444: [GC97.444: [ParNew: 6933K->279K(7424K), 0.0002530 secs] 13996K->7343K(23808K), 0.0002690 secs] [Times: user=0.00 sys=0.00, real=0.00 secs] 
97.445: Total time for which application threads were stopped: 0.0003550 seconds, Stopping threads took: 0.0000400 seconds
97.480: Application time: 0.0356140 seconds
97.480: [GC97.480: [ParNew: 6935K->367K(7424K), 0.0002800 secs] 13999K->7431K(23808K), 0.0002980 secs] [Times: user=0.01 sys=0.00, real=0.00 secs] 
97.481: Total time for which application threads were stopped: 0.0003860 seconds, Stopping threads took: 0.0000400 seconds
97.518: Application time: 0.0371630 seconds
97.518: [GC97.518: [ParNew: 7023K->364K(7424K), 0.0002700 secs] 14087K->7428K(23808K), 0.0002880 secs] [Times: user=0.00 sys=0.00, real=0.00 secs] 
97.518: Total time for which application threads were stopped: 0.0003690 seconds, Stopping threads took: 0.0000350 seconds
97.554: Application time: 0.0363770 seconds
97.555: [GC97.555: [ParNew: 7020K->394K(7424K), 0.0002750 secs] 14084K->7458K(23808K), 0.0002920 secs] [Times: user=0.00 sys=0.00, real=0.00 secs] 
97.555: Total time for which application threads were stopped: 0.0003770 seconds, Stopping threads took: 0.0000390 seconds
97.592: Application time: 0.0368580 seconds
97.592: [GC97.592: [ParNew: 7050K->387K(7424K), 0.0002610 secs] 14114K->7451K(23808K), 0.0002790 secs] [Times: user=0.00 sys=0.00, real=0.00 secs] 
97.592: Total time for which application threads were stopped: 0.0003650 seconds, Stopping threads took: 0.0000400 seconds
97.629: Application time: 0.0369830 seconds
97.629: [GC97.629: [ParNew: 7043K->395K(7424K), 0.0003320 secs] 14107K->7459K(23808K), 0.0003500 secs] [Times: user=0.00 sys=0.00, real=0.00 secs] 
97.629: Total time for which application threads were stopped: 0.0004500 seconds, Stopping threads took: 0.0000430 seconds
97.666: Application time: 0.0367120 seconds
97.666: [GC97.666: [ParNew: 7051K->396K(7424K), 0.0003560 secs] 14115K->7460K(23808K), 0.0003730 secs] [Times: user=0.00 sys=0.00, real=0.00 secs] 
97.667: Total time for which application threads were stopped: 0.0004660 seconds, Stopping threads took: 0.0000500 seconds
97.704: Application time: 0.0368210 seconds
97.704: [GC97.704: [ParNew: 7052K->304K(7424K), 0.0002860 secs] 14116K->7487K(23808K), 0.0003040 secs] [Times: user=0.00 sys=0.00, real=0.00 secs] 
97.704: Total time for which application threads were stopped: 0.0003930 seconds, Stopping threads took: 0.0000420 seconds
97.741: Application time: 0.0368180 seconds
97.741: [GC97.741: [ParNew: 6960K->306K(7424K), 0.0003440 secs] 14143K->7490K(23808K), 0.0003590 secs] [Times: user=0.00 sys=0.00, real=0.00 secs] 
97.741: Total time for which application threads were stopped: 0.0004480 seconds, Stopping threads took: 0.0000430 seconds
97.778: Application time: 0.0369740 seconds
97.778: [GC97.778: [ParNew: 6962K->307K(7424K), 0.0002710 secs] 14146K->7491K(23808K), 0.0002880 secs] [Times: user=0.00 sys=0.00, real=0.00 secs] 
97.779: Total time for which application threads were stopped: 0.0003730 seconds, Stopping threads took: 0.0000390 seconds
97.815: Application time: 0.0367120 seconds
97.815: [GC97.815: [ParNew: 6963K->312K(7424K), 0.0002350 secs] 14147K->7496K(23808K), 0.0002510 secs] [Times: user=0.00 sys=0.00, real=0.00 secs] 
97.816: Total time for which application threads were stopped: 0.0003410 seconds, Stopping threads took: 0.0000420 seconds
97.852: Application time: 0.0369160 seconds
97.853: [GC97.853: [ParNew: 6968K->295K(7424K), 0.0002310 secs] 14152K->7479K(23808K), 0.0002480 secs] [Times: user=0.01 sys=0.00, real=0.00 secs] 
97.853: Total time for which application threads were stopped: 0.0003320 seconds, Stopping threads took: 0.0000390 seconds
97.890: Application time: 0.0368170 seconds
97.890: [GC97.890: [ParNew: 6951K->313K(7424K), 0.0002650 secs] 14135K->7497K(23808K), 0.0002910 secs] [Times: user=0.00 sys=0.00, real=0.00 secs] 
97.890: Total time for which application threads were stopped: 0.0003740 seconds, Stopping threads took: 0.0000360 seconds
97.927: Application time: 0.0369130 seconds
97.927: [GC97.927: [ParNew: 6969K->282K(7424K), 0.0002360 secs] 14153K->7530K(23808K), 0.0002530 secs] [Times: user=0.00 sys=0.00, real=0.00 secs] 
97.927: Total time for which application threads were stopped: 0.0003470 seconds, Stopping threads took: 0.0000480 seconds
97.964: Application time: 0.0366270 seconds
97.964: [GC97.964: [ParNew: 6938K->283K(7424K), 0.0003130 secs] 14186K->7531K(23808K), 0.0003310 secs] [Times: user=0.00 sys=0.00, real=0.00 secs] 
97.964: Total time for which application threads were stopped: 0.0004220 seconds, Stopping threads took: 0.0000450 seconds
98.002: Application time: 0.0372040 seconds
98.002: [GC98.002: [ParNew: 6939K->285K(7424K), 0.0003090 secs] 14187K->7533K(23808K), 0.0003280 secs] [Times: user=0.00 sys=0.00, real=0.00 secs] 
98.002: Total time for which application threads were stopped: 0.0004150 seconds, Stopping threads took: 0.0000410 seconds
98.039: Application time: 0.0368230 seconds
98.039: [GC98.039: [ParNew: 6941K->202K(7424K), 0.0002690 secs] 14189K->7586K(23808K), 0.0002870 secs] [Times: user=0.00 sys=0.00, real=0.00 secs] 
98.039: Total time for which application threads were stopped: 0.0003750 seconds, Stopping threads took: 0.0000400 seconds
98.075: Application time: 0.0358040 seconds
98.075: [GC98.075: [ParNew: 6858K->264K(7424K), 0.0002430 secs] 14242K->7648K(23808K), 0.0002600 secs] [Times: user=0.00 sys=0.00, real=0.00 secs] 
98.075: Total time for which application threads were stopped: 0.0003510 seconds, Stopping threads took: 0.0000450 seconds
98.112: Application time: 0.0362470 seconds
98.112: [GC98.112: [ParNew: 6920K->252K(7424K), 0.0002380 secs] 14304K->7700K(23808K), 0.0002560 secs] [Times: user=0.00 sys=0.00, real=0.00 secs] 
98.112: Total time for which application threads were stopped: 0.0003430 seconds, Stopping threads took: 0.0000400 seconds
98.148: Application time: 0.0364400 seconds
98.148: [GC98.148: [ParNew: 6908K->279K(7424K), 0.0002590 secs] 14356K->7727K(23808K), 0.0002750 secs] [Times: user=0.00 sys=0.00, real=0.00 secs] 
98.149: Total time for which application threads were stopped: 0.0003750 seconds, Stopping threads took: 0.0000420 seconds
98.186: Application time: 0.0372050 seconds
98.186: [GC98.186: [ParNew: 6935K->280K(7424K), 0.0002750 secs] 14383K->7728K(23808K), 0.0002930 secs] [Times: user=0.00 sys=0.00, real=0.00 secs] 
98.186: Total time for which application threads were stopped: 0.0003800 seconds, Stopping threads took: 0.0000410 seconds
98.223: Application time: 0.0369140 seconds
98.223: [GC98.223: [ParNew: 6936K->280K(7424K), 0.0002500 secs] 14384K->7728K(23808K), 0.0002670 secs] [Times: user=0.00 sys=0.00, real=0.00 secs] 
98.224: Total time for which application threads were stopped: 0.0003520 seconds, Stopping threads took: 0.0000400 seconds
98.259: Application time: 0.0354350 seconds
98.259: [GC98.259: [ParNew: 6936K->368K(7424K), 0.0002890 secs] 14384K->7816K(23808K), 0.0003080 secs] [Times: user=0.00 sys=0.00, real=0.00 secs] 
98.259: Total time for which application threads were stopped: 0.0004000 seconds, Stopping threads took: 0.0000440 seconds
98.296: Application time: 0.0368760 seconds
98.296: [GC98.296: [ParNew: 7024K->375K(7424K), 0.0002730 secs] 14472K->7823K(23808K), 0.0002890 secs] [Times: user=0.00 sys=0.00, real=0.00 secs] 
98.297: Total time for which application threads were stopped: 0.0003820 seconds, Stopping threads took: 0.0000450 seconds
98.334: Application time: 0.0369150 seconds
98.334: [GC98.334: [ParNew: 7031K->367K(7424K), 0.0003330 secs] 14479K->7815K(23808K), 0.0003570 secs] [Times: user=0.00 sys=0.00, real=0.01 secs] 
98.334: Total time for which application threads were stopped: 0.0004800 seconds, Stopping threads took: 0.0000610 seconds
98.371: Application time: 0.0368900 seconds
98.371: [GC98.371: [ParNew: 7023K->403K(7424K), 0.0002820 secs] 14471K->7851K(23808K), 0.0003090 secs] [Times: user=0.00 sys=0.00, real=0.00 secs] 
98.371: Total time for which application threads were stopped: 0.0004130 seconds, Stopping threads took: 0.0000510 seconds
98.408: Application time: 0.0368600 seconds
98.408: [GC98.408: [ParNew: 7059K->315K(7424K), 0.0003130 secs] 14507K->7891K(23808K), 0.0003300 secs] [Times: user=0.00 sys=0.00, real=0.00 secs] 
98.409: Total time for which application threads were stopped: 0.0004400 seconds, Stopping threads took: 0.0000630 seconds
98.447: Application time: 0.0379310 seconds
98.447: [GC98.447: [ParNew: 6971K->304K(7424K), 0.0003220 secs] 14547K->7881K(23808K), 0.0003430 secs] [Times: user=0.00 sys=0.00, real=0.00 secs] 
98.447: Total time for which application threads were stopped: 0.0007760 seconds, Stopping threads took: 0.0003680 seconds
98.484: Application time: 0.0366940 seconds
98.484: [GC98.484: [ParNew: 6960K->338K(7424K), 0.0002820 secs] 14537K->7915K(23808K), 0.0003000 secs] [Times: user=0.01 sys=0.00, real=0.00 secs] 
98.484: Total time for which application threads were stopped: 0.0003860 seconds, Stopping threads took: 0.0000370 seconds
98.521: Application time: 0.0368840 seconds
98.521: [GC98.521: [ParNew: 6994K->337K(7424K), 0.0002650 secs] 14571K->7913K(23808K), 0.0002850 secs] [Times: user=0.00 sys=0.00, real=0.00 secs] 
98.522: Total time for which application threads were stopped: 0.0003750 seconds, Stopping threads took: 0.0000430 seconds
98.559: Application time: 0.0367830 seconds
98.559: [GC98.559: [ParNew: 6993K->336K(7424K), 0.0002680 secs] 14569K->7912K(23808K), 0.0002850 secs] [Times: user=0.00 sys=0.00, real=0.00 secs] 
98.559: Total time for which application threads were stopped: 0.0003700 seconds, Stopping threads took: 0.0000380 seconds
98.596: Application time: 0.0372330 seconds
98.596: [GC98.596: [ParNew: 6992K->340K(7424K), 0.0002680 secs] 14568K->7916K(23808K), 0.0002860 secs] [Times: user=0.00 sys=0.00, real=0.00 secs] 
98.597: Total time for which application threads were stopped: 0.0003970 seconds, Stopping threads took: 0.0000650 seconds
98.634: Application time: 0.0370310 seconds
98.634: [GC98.634: [ParNew: 6996K->335K(7424K), 0.0002910 secs] 14572K->7911K(23808K), 0.0003090 secs] [Times: user=0.00 sys=0.00, real=0.00 secs] 
98.634: Total time for which application threads were stopped: 0.0003980 seconds, Stopping threads took: 0.0000420 seconds
98.671: Application time: 0.0366180 seconds
98.671: [GC98.671: [ParNew: 6991K->307K(7424K), 0.0002640 secs] 14567K->7947K(23808K), 0.0002820 secs] [Times: user=0.00 sys=0.00, real=0.00 secs] 
98.671: Total time for which application threads were stopped: 0.0003730 seconds, Stopping threads took: 0.0000350 seconds
98.708: Application time: 0.0367240 seconds
98.708: [GC98.708: [ParNew: 6963K->278K(7424K), 0.0002600 secs] 14603K->7990K(23808K), 0.0002770 secs] [Times: user=0.01 sys=0.00, real=0.00 secs] 
98.708: Total time for which application threads were stopped: 0.0003700 seconds, Stopping threads took: 0.0000470 seconds
98.745: Application time: 0.0373170 seconds
98.745: [GC98.745: [ParNew: 6934K->278K(7424K), 0.0003570 secs] 14646K->7990K(23808K), 0.0003740 secs] [Times: user=0.00 sys=0.00, real=0.00 secs] 
98.746: Total time for which application threads were stopped: 0.0004680 seconds, Stopping threads took: 0.0000450 seconds
98.782: Application time: 0.0365810 seconds
98.782: [GC98.782: [ParNew: 6934K->279K(7424K), 0.0002520 secs] 14646K->7991K(23808K), 0.0002700 secs] [Times: user=0.00 sys=0.00, real=0.00 secs] 
98.783: Total time for which application threads were stopped: 0.0003580 seconds, Stopping threads took: 0.0000430 seconds
98.820: Application time: 0.0367470 seconds
98.820: [GC98.820: [ParNew: 6935K->195K(7424K), 0.0002560 secs] 14647K->8035K(23808K), 0.0002740 secs] [Times: user=0.00 sys=0.00, real=0.00 secs] 
98.820: Total time for which application threads were stopped: 0.0003600 seconds, Stopping threads took: 0.0000400 seconds
98.856: Application time: 0.0364810 seconds
98.856: [GC98.856: [ParNew: 6851K->208K(7424K), 0.0002190 secs] 14691K->8049K(23808K), 0.0002440 secs] [Times: user=0.00 sys=0.00, real=0.00 secs] 
98.857: Total time for which application threads were stopped: 0.0003370 seconds, Stopping threads took: 0.0000440 seconds
98.893: Application time: 0.0363010 seconds
98.893: [GC98.893: [ParNew: 6864K->272K(7424K), 0.0002400 secs] 14705K->8112K(23808K), 0.0002590 secs] [Times: user=0.00 sys=0.00, real=0.00 secs] 
98.893: Total time for which application threads were stopped: 0.0003520 seconds, Stopping threads took: 0.0000440 seconds
98.930: Application time: 0.0365060 seconds
98.934: [GC98.934: [ParNew: 6928K->276K(7424K), 0.0002550 secs] 14768K->8181K(23808K), 0.0002710 secs] [Times: user=0.00 sys=0.00, real=0.00 secs] 
98.934: Total time for which application threads were stopped: 0.0045460 seconds, Stopping threads took: 0.0042280 seconds
98.971: Application time: 0.0366260 seconds
98.971: [GC98.971: [ParNew: 6932K->278K(7424K), 0.0003170 secs] 14837K->8182K(23808K), 0.0003350 secs] [Times: user=0.00 sys=0.00, real=0.00 secs] 
98.971: Total time for which application threads were stopped: 0.0004400 seconds, Stopping threads took: 0.0000590 seconds
99.009: Application time: 0.0375520 seconds
99.009: [GC99.009: [ParNew: 6934K->275K(7424K), 0.0003180 secs] 14838K->8180K(23808K), 0.0003340 secs] [Times: user=0.01 sys=0.00, real=0.00 secs] 
99.009: Total time for which application threads were stopped: 0.0004210 seconds, Stopping threads took: 0.0000420 seconds
99.045: Application time: 0.0353430 seconds
99.045: [GC99.045: [ParNew: 6931K->338K(7424K), 0.0002560 secs] 14836K->8242K(23808K), 0.0002740 secs] [Times: user=0.00 sys=0.00, real=0.00 secs] 
99.045: Total time for which application threads were stopped: 0.0003540 seconds, Stopping threads took: 0.0000330 seconds
99.082: Application time: 0.0364710 seconds
99.082: [GC99.082: [ParNew: 6994K->359K(7424K), 0.0002640 secs] 14898K->8263K(23808K), 0.0002830 secs] [Times: user=0.00 sys=0.00, real=0.00 secs] 
99.082: Total time for which application threads were stopped: 0.0003850 seconds, Stopping threads took: 0.0000510 seconds
99.119: Application time: 0.0374950 seconds
99.120: [GC99.120: [ParNew: 7015K->365K(7424K), 0.0003380 secs] 14919K->8269K(23808K), 0.0003530 secs] [Times: user=0.00 sys=0.00, real=0.00 secs] 
99.120: Total time for which application threads were stopped: 0.0004370 seconds, Stopping threads took: 0.0000380 seconds
99.156: Application time: 0.0359690 seconds
99.156: [GC99.156: [ParNew: 7021K->398K(7424K), 0.0003530 secs] 14925K->8302K(23808K), 0.0003710 secs] [Times: user=0.01 sys=0.00, real=0.00 secs] 
99.156: Total time for which application threads were stopped: 0.0004620 seconds, Stopping threads took: 0.0000440 seconds
99.193: Application time: 0.0365880 seconds
99.193: [GC99.193: [ParNew: 7054K->401K(7424K), 0.0002610 secs] 14958K->8306K(23808K), 0.0002790 secs] [Times: user=0.00 sys=0.00, real=0.00 secs] 
99.193: Total time for which application threads were stopped: 0.0003790 seconds, Stopping threads took: 0.0000460 seconds
99.231: Application time: 0.0373120 seconds
99.231: [GC99.231: [ParNew: 7057K->393K(7424K), 0.0002840 secs] 14962K->8298K(23808K), 0.0003010 secs] [Times: user=0.00 sys=0.00, real=0.00 secs] 
99.231: Total time for which application threads were stopped: 0.0003860 seconds, Stopping threads took: 0.0000400 seconds
99.268: Application time: 0.0368320 seconds
99.268: [GC99.268: [ParNew: 7049K->393K(7424K), 0.0002870 secs] 14954K->8298K(23808K), 0.0003060 secs] [Times: user=0.00 sys=0.00, real=0.00 secs] 
99.268: Total time for which application threads were stopped: 0.0003980 seconds, Stopping threads took: 0.0000430 seconds
99.305: Application time: 0.0366280 seconds
99.306: [GC99.306: [ParNew: 7049K->390K(7424K), 0.0003420 secs] 14954K->8294K(23808K), 0.0003610 secs] [Times: user=0.00 sys=0.00, real=0.00 secs] 
99.306: Total time for which application threads were stopped: 0.0015930 seconds, Stopping threads took: 0.0011820 seconds
99.344: Application time: 0.0372710 seconds
99.344: [GC99.344: [ParNew: 7046K->397K(7424K), 0.0003270 secs] 14950K->8301K(23808K), 0.0003550 secs] [Times: user=0.00 sys=0.00, real=0.00 secs] 
99.344: Total time for which application threads were stopped: 0.0004570 seconds, Stopping threads took: 0.0000450 seconds
99.381: Application time: 0.0366200 seconds
99.381: [GC99.381: [ParNew: 7053K->371K(7424K), 0.0002770 secs] 14957K->8339K(23808K), 0.0002940 secs] [Times: user=0.00 sys=0.00, real=0.00 secs] 
99.381: Total time for which application threads were stopped: 0.0003750 seconds, Stopping threads took: 0.0000330 seconds
99.418: Application time: 0.0367300 seconds
99.418: [GC99.418: [ParNew: 7027K->371K(7424K), 0.0002780 secs] 14995K->8339K(23808K), 0.0002950 secs] [Times: user=0.00 sys=0.00, real=0.00 secs] 
99.418: Total time for which application threads were stopped: 0.0003900 seconds, Stopping threads took: 0.0000460 seconds
99.455: Application time: 0.0367790 seconds
99.455: [GC99.455: [ParNew: 7027K->317K(7424K), 0.0002620 secs] 14995K->8381K(23808K), 0.0002790 secs] [Times: user=0.01 sys=0.00, real=0.00 secs] 
99.455: Total time for which application threads were stopped: 0.0003680 seconds, Stopping threads took: 0.0000420 seconds
99.493: Application time: 0.0370950 seconds
99.493: [GC99.493: [ParNew: 6973K->275K(7424K), 0.0002610 secs] 15037K->8396K(23808K), 0.0002780 secs] [Times: user=0.00 sys=0.00, real=0.00 secs] 
99.493: Total time for which application threads were stopped: 0.0003620 seconds, Stopping threads took: 0.0000380 seconds
99.530: Application time: 0.0367700 seconds
99.530: [GC99.530: [ParNew: 6931K->277K(7424K), 0.0002680 secs] 15052K->8397K(23808K), 0.0002840 secs] [Times: user=0.01 sys=0.00, real=0.00 secs] 
99.530: Total time for which application threads were stopped: 0.0003780 seconds, Stopping threads took: 0.0000480 seconds
99.567: Application time: 0.0368720 seconds
99.567: [GC99.567: [ParNew: 6933K->287K(7424K), 0.0002340 secs] 15053K->8407K(23808K), 0.0002510 secs] [Times: user=0.00 sys=0.00, real=0.00 secs] 
99.567: Total time for which application threads were stopped: 0.0003370 seconds, Stopping threads took: 0.0000400 seconds
99.604: Application time: 0.0367240 seconds
99.604: [GC99.604: [ParNew: 6943K->234K(7424K), 0.0002640 secs] 15063K->8451K(23808K), 0.0002820 secs] [Times: user=0.00 sys=0.00, real=0.00 secs] 
99.604: Total time for which application threads were stopped: 0.0003680 seconds, Stopping threads took: 0.0000400 seconds
99.642: Application time: 0.0371060 seconds
99.642: [GC99.642: [ParNew: 6890K->187K(7424K), 0.0002220 secs] 15107K->8460K(23808K), 0.0002400 secs] [Times: user=0.01 sys=0.00, real=0.00 secs] 
99.642: Total time for which application threads were stopped: 0.0003310 seconds, Stopping threads took: 0.0000420 seconds
99.677: Application time: 0.0353380 seconds
99.677: [GC99.677: [ParNew: 6843K->274K(7424K), 0.0002480 secs] 15116K->8547K(23808K), 0.0002640 secs] [Times: user=0.00 sys=0.00, real=0.00 secs] 
99.678: Total time for which application threads were stopped: 0.0003550 seconds, Stopping threads took: 0.0000440 seconds
99.714: Application time: 0.0364500 seconds
99.714: [GC99.714: [ParNew: 6930K->277K(7424K), 0.0002660 secs] 15203K->8598K(23808K), 0.0002840 secs] [Times: user=0.00 sys=0.00, real=0.00 secs] 
99.714: Total time for which application threads were stopped: 0.0003800 seconds, Stopping threads took: 0.0000440 seconds
99.751: Application time: 0.0369970 seconds
99.754: [GC99.754: [ParNew: 6933K->278K(7424K), 0.0003210 secs] 15254K->8599K(23808K), 0.0003400 secs] [Times: user=0.00 sys=0.00, real=0.00 secs] 
99.754: Total time for which application threads were stopped: 0.0030720 seconds, Stopping threads took: 0.0026830 seconds
99.791: Application time: 0.0368330 seconds
99.791: [GC99.791: [ParNew: 6934K->283K(7424K), 0.0002750 secs] 15255K->8603K(23808K), 0.0002950 secs] [Times: user=0.00 sys=0.00, real=0.00 secs] 
99.792: Total time for which application threads were stopped: 0.0003790 seconds, Stopping threads took: 0.0000370 seconds
99.828: Application time: 0.0362020 seconds
99.828: [GC99.828: [ParNew: 6933K->329K(7424K), 0.0002570 secs] 15253K->8649K(23808K), 0.0002810 secs] [Times: user=0.00 sys=0.00, real=0.00 secs] 
99.828: Total time for which application threads were stopped: 0.0003670 seconds, Stopping threads took: 0.0000380 seconds
99.864: Application time: 0.0360160 seconds
99.864: [GC99.864: [ParNew: 6985K->361K(7424K), 0.0003250 secs] 15305K->8682K(23808K), 0.0003430 secs] [Times: user=0.00 sys=0.00, real=0.00 secs] 
99.865: Total time for which application threads were stopped: 0.0004320 seconds, Stopping threads took: 0.0000420 seconds
99.902: Application time: 0.0368900 seconds
99.902: [GC99.902: [ParNew: 7017K->361K(7424K), 0.0003470 secs] 15338K->8682K(23808K), 0.0003620 secs] [Times: user=0.01 sys=0.00, real=0.00 secs] 
99.902: Total time for which application threads were stopped: 0.0004560 seconds, Stopping threads took: 0.0000440 seconds
99.938: Application time: 0.0363220 seconds
99.938: [GC99.938: [ParNew: 7017K->397K(7424K), 0.0003420 secs] 15338K->8718K(23808K), 0.0003600 secs] [Times: user=0.00 sys=0.00, real=0.00 secs] 
99.939: Total time for which application threads were stopped: 0.0004450 seconds, Stopping threads took: 0.0000370 seconds
99.977: Application time: 0.0380390 seconds
99.977: [GC99.977: [ParNew: 7053K->401K(7424K), 0.0003610 secs] 15374K->8721K(23808K), 0.0003860 secs] [Times: user=0.01 sys=0.00, real=0.00 secs] 
99.977: Total time for which application threads were stopped: 0.0005010 seconds, Stopping threads took: 0.0000600 seconds
100.014: Application time: 0.0371040 seconds
100.015: [GC100.015: [ParNew: 7057K->393K(7424K), 0.0002990 secs] 15377K->8713K(23808K), 0.0003160 secs] [Times: user=0.00 sys=0.00, real=0.00 secs] 
100.015: Total time for which application threads were stopped: 0.0004070 seconds, Stopping threads took: 0.0000420 seconds
100.052: Application time: 0.0366880 seconds
100.052: [GC100.052: [ParNew: 7049K->381K(7424K), 0.0002820 secs] 15369K->8701K(23808K), 0.0002990 secs] [Times: user=0.00 sys=0.00, real=0.00 secs] 
100.052: Total time for which application threads were stopped: 0.0003900 seconds, Stopping threads took: 0.0000450 seconds
100.089: Application time: 0.0370750 seconds
100.089: [GC100.089: [ParNew: 7037K->400K(7424K), 0.0002640 secs] 15357K->8721K(23808K), 0.0002830 secs] [Times: user=0.01 sys=0.00, real=0.00 secs] 
100.089: Total time for which application threads were stopped: 0.0003650 seconds, Stopping threads took: 0.0000360 seconds
100.126: Application time: 0.0368760 seconds
100.126: [GC100.126: [ParNew: 7056K->400K(7424K), 0.0002720 secs] 15377K->8721K(23808K), 0.0002890 secs] [Times: user=0.00 sys=0.00, real=0.00 secs] 
100.127: Total time for which application threads were stopped: 0.0003800 seconds, Stopping threads took: 0.0000450 seconds
100.164: Application time: 0.0369210 seconds
100.166: [GC100.166: [ParNew: 7056K->399K(7424K), 0.0002580 secs] 15377K->8720K(23808K), 0.0002770 secs] [Times: user=0.00 sys=0.00, real=0.00 secs] 
100.166: Total time for which application threads were stopped: 0.0028270 seconds, Stopping threads took: 0.0025030 seconds
100.203: Application time: 0.0366940 seconds
100.203: [GC100.203: [ParNew: 7055K->401K(7424K), 0.0003170 secs] 15376K->8722K(23808K), 0.0003350 secs] [Times: user=0.00 sys=0.00, real=0.00 secs] 
100.204: Total time for which application threads were stopped: 0.0004240 seconds, Stopping threads took: 0.0000410 seconds
100.240: Application time: 0.0368370 seconds
100.240: [GC100.240: [ParNew: 7057K->318K(7424K), 0.0002840 secs] 15378K->8775K(23808K), 0.0003000 secs] [Times: user=0.00 sys=0.00, real=0.00 secs] 
100.241: Total time for which application threads were stopped: 0.0003990 seconds, Stopping threads took: 0.0000420 seconds
100.278: Application time: 0.0369090 seconds
100.278: [GC100.278: [ParNew: 6974K->283K(7424K), 0.0002760 secs] 15431K->8804K(23808K), 0.0002960 secs] [Times: user=0.00 sys=0.00, real=0.00 secs] 
100.278: Total time for which application threads were stopped: 0.0003880 seconds, Stopping threads took: 0.0000460 seconds
100.315: Application time: 0.0373080 seconds
100.315: [GC100.315: [ParNew: 6939K->285K(7424K), 0.0003070 secs] 15460K->8805K(23808K), 0.0003350 secs] [Times: user=0.00 sys=0.00, real=0.00 secs] 
100.316: Total time for which application threads were stopped: 0.0004400 seconds, Stopping threads took: 0.0000440 seconds
100.353: Application time: 0.0368010 seconds
100.353: [GC100.353: [ParNew: 6941K->285K(7424K), 0.0002680 secs] 15461K->8805K(23808K), 0.0002870 secs] [Times: user=0.01 sys=0.00, real=0.00 secs] 
100.353: Total time for which application threads were stopped: 0.0003720 seconds, Stopping threads took: 0.0000370 seconds
100.390: Application time: 0.0370890 seconds
100.390: [GC100.390: [ParNew: 6941K->254K(7424K), 0.0002510 secs] 15461K->8831K(23808K), 0.0002680 secs] [Times: user=0.00 sys=0.00, real=0.00 secs] 
100.390: Total time for which application threads were stopped: 0.0003440 seconds, Stopping threads took: 0.0000300 seconds
100.428: Application time: 0.0371300 seconds
100.428: [GC100.428: [ParNew: 6910K->188K(7424K), 0.0002950 secs] 15487K->8853K(23808K), 0.0003120 secs] [Times: user=0.00 sys=0.00, real=0.00 secs] 
100.428: Total time for which application threads were stopped: 0.0004070 seconds, Stopping threads took: 0.0000480 seconds
100.463: Application time: 0.0351690 seconds
100.463: [GC100.463: [ParNew: 6844K->257K(7424K), 0.0003230 secs] 15509K->8922K(23808K), 0.0003420 secs] [Times: user=0.01 sys=0.00, real=0.00 secs] 
100.464: Total time for which application threads were stopped: 0.0004420 seconds, Stopping threads took: 0.0000510 seconds
100.501: Application time: 0.0370570 seconds
100.502: [GC100.502: [ParNew: 6913K->250K(7424K), 0.0002550 secs] 15578K->8971K(23808K), 0.0002730 secs] [Times: user=0.01 sys=0.00, real=0.00 secs] 
100.502: Total time for which application threads were stopped: 0.0017750 seconds, Stopping threads took: 0.0014540 seconds
100.539: Application time: 0.0365090 seconds
100.539: [GC100.539: [ParNew: 6906K->277K(7424K), 0.0002660 secs] 15627K->8998K(23808K), 0.0002820 secs] [Times: user=0.00 sys=0.00, real=0.00 secs] 
100.539: Total time for which application threads were stopped: 0.0003700 seconds, Stopping threads took: 0.0000420 seconds
100.576: Application time: 0.0370160 seconds
100.576: [GC100.576: [ParNew: 6933K->280K(7424K), 0.0002600 secs] 15654K->9001K(23808K), 0.0002780 secs] [Times: user=0.00 sys=0.00, real=0.00 secs] 
100.577: Total time for which application threads were stopped: 0.0003630 seconds, Stopping threads took: 0.0000380 seconds
100.613: Application time: 0.0362420 seconds
100.613: [GC100.613: [ParNew: 6936K->317K(7424K), 0.0002710 secs] 15657K->9038K(23808K), 0.0002900 secs] [Times: user=0.00 sys=0.00, real=0.00 secs] 
100.613: Total time for which application threads were stopped: 0.0003820 seconds, Stopping threads took: 0.0000420 seconds
100.649: Application time: 0.0358380 seconds
100.649: [GC100.649: [ParNew: 6973K->370K(7424K), 0.0002890 secs] 15694K->9091K(23808K), 0.0003060 secs] [Times: user=0.00 sys=0.00, real=0.00 secs] 
100.650: Total time for which application threads were stopped: 0.0003920 seconds, Stopping threads took: 0.0000380 seconds
100.686: Application time: 0.0366030 seconds
100.686: [GC100.686: [ParNew: 7026K->366K(7424K), 0.0002860 secs] 15747K->9087K(23808K), 0.0003030 secs] [Times: user=0.00 sys=0.00, real=0.00 secs] 
100.687: Total time for which application threads were stopped: 0.0003940 seconds, Stopping threads took: 0.0000460 seconds
100.723: Application time: 0.0365820 seconds
100.723: [GC100.723: [ParNew: 7022K->388K(7424K), 0.0002800 secs] 15743K->9108K(23808K), 0.0003000 secs] [Times: user=0.01 sys=0.00, real=0.00 secs] 
100.723: Total time for which application threads were stopped: 0.0003900 seconds, Stopping threads took: 0.0000400 seconds
100.760: Application time: 0.0366300 seconds
100.760: [GC100.760: [ParNew: 7044K->394K(7424K), 0.0003540 secs] 15764K->9114K(23808K), 0.0003710 secs] [Times: user=0.00 sys=0.00, real=0.00 secs] 
100.761: Total time for which application threads were stopped: 0.0004820 seconds, Stopping threads took: 0.0000420 seconds
100.798: Application time: 0.0372720 seconds
100.798: [GC100.798: [ParNew: 7050K->270K(7424K), 0.0003000 secs] 15770K->9151K(23808K), 0.0003180 secs] [Times: user=0.00 sys=0.00, real=0.00 secs] 
100.798: Total time for which application threads were stopped: 0.0004070 seconds, Stopping threads took: 0.0000430 seconds
100.835: Application time: 0.0370580 seconds
100.835: [GC100.835: [ParNew: 6926K->270K(7424K), 0.0002780 secs] 15807K->9151K(23808K), 0.0002950 secs] [Times: user=0.01 sys=0.00, real=0.00 secs] 
100.836: Total time for which application threads were stopped: 0.0003790 seconds, Stopping threads took: 0.0000350 seconds
100.872: Application time: 0.0365820 seconds
100.872: [GC100.872: [ParNew: 6926K->311K(7424K), 0.0002450 secs] 15807K->9192K(23808K), 0.0002630 secs] [Times: user=0.00 sys=0.00, real=0.00 secs] 
100.873: Total time for which application threads were stopped: 0.0003470 seconds, Stopping threads took: 0.0000340 seconds
100.910: Application time: 0.0371820 seconds
100.910: [GC100.910: [ParNew: 6967K->314K(7424K), 0.0002760 secs] 15848K->9195K(23808K), 0.0002930 secs] [Times: user=0.00 sys=0.00, real=0.00 secs] 
100.910: Total time for which application threads were stopped: 0.0003850 seconds, Stopping threads took: 0.0000450 seconds
100.947: Application time: 0.0368910 seconds
100.947: [GC100.947: [ParNew: 6970K->307K(7424K), 0.0002380 secs] 15851K->9188K(23808K), 0.0002560 secs] [Times: user=0.00 sys=0.00, real=0.00 secs] 
100.947: Total time for which application threads were stopped: 0.0003370 seconds, Stopping threads took: 0.0000350 seconds
100.984: Application time: 0.0368870 seconds
100.984: [GC100.984: [ParNew: 6963K->312K(7424K), 0.0002490 secs] 15844K->9193K(23808K), 0.0002660 secs] [Times: user=0.01 sys=0.00, real=0.00 secs] 
100.985: Total time for which application threads were stopped: 0.0003490 seconds, Stopping threads took: 0.0000370 seconds
101.022: Application time: 0.0371100 seconds
101.022: [GC101.022: [ParNew: 6968K->312K(7424K), 0.0002820 secs] 15849K->9193K(23808K), 0.0002990 secs] [Times: user=0.00 sys=0.00, real=0.01 secs] 
101.022: Total time for which application threads were stopped: 0.0003860 seconds, Stopping threads took: 0.0000400 seconds
101.059: Application time: 0.0366510 seconds
101.059: [GC101.059: [ParNew: 6968K->311K(7424K), 0.0002450 secs] 15849K->9192K(23808K), 0.0002630 secs] [Times: user=0.00 sys=0.00, real=0.00 secs] 
101.059: Total time for which application threads were stopped: 0.0003470 seconds, Stopping threads took: 0.0000380 seconds
101.096: Application time: 0.0368540 seconds
101.096: [GC101.096: [ParNew: 6967K->281K(7424K), 0.0002420 secs] 15848K->9218K(23808K), 0.0002590 secs] [Times: user=0.01 sys=0.00, real=0.00 secs] 
101.096: Total time for which application threads were stopped: 0.0003490 seconds, Stopping threads took: 0.0000440 seconds
101.133: Application time: 0.0367860 seconds
101.133: [GC101.133: [ParNew: 6937K->277K(7424K), 0.0003220 secs] 15874K->9214K(23808K), 0.0003400 secs] [Times: user=0.00 sys=0.00, real=0.00 secs] 
101.134: Total time for which application threads were stopped: 0.0004250 seconds, Stopping threads took: 0.0000390 seconds
101.171: Application time: 0.0372020 seconds
101.171: [GC101.171: [ParNew: 6933K->251K(7424K), 0.0002580 secs] 15870K->9244K(23808K), 0.0002750 secs] [Times: user=0.00 sys=0.00, real=0.00 secs] 
101.171: Total time for which application threads were stopped: 0.0003610 seconds, Stopping threads took: 0.0000390 seconds
101.208: Application time: 0.0365960 seconds
101.208: [GC101.208: [ParNew: 6907K->192K(7424K), 0.0002540 secs] 15900K->9297K(23808K), 0.0002710 secs] [Times: user=0.01 sys=0.00, real=0.00 secs] 
101.208: Total time for which application threads were stopped: 0.0003550 seconds, Stopping threads took: 0.0000400 seconds
101.245: Application time: 0.0364590 seconds
101.245: [GC101.245: [ParNew: 6848K->199K(7424K), 0.0003220 secs] 15953K->9304K(23808K), 0.0003390 secs] [Times: user=0.00 sys=0.00, real=0.00 secs] 
101.245: Total time for which application threads were stopped: 0.0004360 seconds, Stopping threads took: 0.0000430 seconds
101.281: Application time: 0.0356800 seconds
101.281: [GC101.281: [ParNew: 6855K->254K(7424K), 0.0003300 secs] 15960K->9415K(23808K), 0.0003480 secs] [Times: user=0.01 sys=0.00, real=0.00 secs] 
101.281: Total time for which application threads were stopped: 0.0004410 seconds, Stopping threads took: 0.0000390 seconds
101.318: Application time: 0.0370810 seconds
101.318: [GC101.318: [ParNew: 6910K->278K(7424K), 0.0003310 secs] 16071K->9440K(23808K), 0.0003560 secs] [Times: user=0.00 sys=0.00, real=0.00 secs] 
101.319: Total time for which application threads were stopped: 0.0004740 seconds, Stopping threads took: 0.0000550 seconds
101.355: Application time: 0.0366570 seconds
101.355: [GC101.355: [ParNew: 6934K->278K(7424K), 0.0003390 secs] 16096K->9439K(23808K), 0.0003550 secs] [Times: user=0.00 sys=0.00, real=0.00 secs] 
101.356: Total time for which application threads were stopped: 0.0004490 seconds, Stopping threads took: 0.0000450 seconds
101.392: Application time: 0.0366110 seconds
101.392: [GC101.393: [ParNew: 6934K->297K(7424K), 0.0003140 secs] 16095K->9458K(23808K), 0.0003310 secs] [Times: user=0.00 sys=0.00, real=0.00 secs] 
101.393: Total time for which application threads were stopped: 0.0004190 seconds, Stopping threads took: 0.0000420 seconds
101.429: Application time: 0.0361060 seconds
101.429: [GC101.429: [ParNew: 6953K->369K(7424K), 0.0003450 secs] 16114K->9530K(23808K), 0.0003630 secs] [Times: user=0.00 sys=0.00, real=0.00 secs] 
101.429: Total time for which application threads were stopped: 0.0004580 seconds, Stopping threads took: 0.0000460 seconds
101.468: Application time: 0.0381210 seconds
101.468: [GC101.468: [ParNew: 7025K->366K(7424K), 0.0004150 secs] 16186K->9528K(23808K), 0.0004350 secs] [Times: user=0.00 sys=0.00, real=0.00 secs] 
101.468: Total time for which application threads were stopped: 0.0005410 seconds, Stopping threads took: 0.0000510 seconds
101.505: Application time: 0.0364660 seconds
101.505: [GC101.505: [ParNew: 7022K->388K(7424K), 0.0003540 secs] 16184K->9549K(23808K), 0.0003720 secs] [Times: user=0.01 sys=0.00, real=0.00 secs] 
101.505: Total time for which application threads were stopped: 0.0004610 seconds, Stopping threads took: 0.0000430 seconds
101.542: Application time: 0.0367520 seconds
101.542: [GC101.542: [ParNew: 7044K->389K(7424K), 0.0002970 secs] 16205K->9550K(23808K), 0.0003180 secs] [Times: user=0.00 sys=0.00, real=0.01 secs] 
101.542: Total time for which application threads were stopped: 0.0004060 seconds, Stopping threads took: 0.0000410 seconds
101.579: Application time: 0.0368460 seconds
101.579: [GC101.579: [ParNew: 7045K->397K(7424K), 0.0002620 secs] 16206K->9558K(23808K), 0.0002800 secs] [Times: user=0.00 sys=0.00, real=0.00 secs] 
101.579: Total time for which application threads were stopped: 0.0003730 seconds, Stopping threads took: 0.0000460 seconds
101.617: Application time: 0.0373780 seconds
101.617: [GC101.617: [ParNew: 7053K->394K(7424K), 0.0003570 secs] 16214K->9555K(23808K), 0.0003730 secs] [Times: user=0.01 sys=0.00, real=0.00 secs] 
101.617: Total time for which application threads were stopped: 0.0004750 seconds, Stopping threads took: 0.0000560 seconds
101.654: Application time: 0.0365860 seconds
101.654: [GC101.654: [ParNew: 7050K->392K(7424K), 0.0002740 secs] 16211K->9553K(23808K), 0.0002930 secs] [Times: user=0.00 sys=0.00, real=0.01 secs] 
101.654: Total time for which application threads were stopped: 0.0003830 seconds, Stopping threads took: 0.0000420 seconds
101.691: Application time: 0.0371950 seconds
101.691: [GC101.691: [ParNew: 7048K->393K(7424K), 0.0002980 secs] 16209K->9554K(23808K), 0.0003170 secs] [Times: user=0.00 sys=0.00, real=0.00 secs] 
101.692: Total time for which application threads were stopped: 0.0004100 seconds, Stopping threads took: 0.0000440 seconds
101.729: Application time: 0.0367300 seconds
101.729: [GC101.729: [ParNew: 7049K->394K(7424K), 0.0002740 secs] 16210K->9555K(23808K), 0.0002980 secs] [Times: user=0.00 sys=0.00, real=0.00 secs] 
101.729: Total time for which application threads were stopped: 0.0003880 seconds, Stopping threads took: 0.0000410 seconds
101.766: Application time: 0.0368160 seconds
101.766: [GC101.766: [ParNew: 7050K->397K(7424K), 0.0003210 secs] 16211K->9558K(23808K), 0.0003380 secs] [Times: user=0.00 sys=0.00, real=0.00 secs] 
101.766: Total time for which application threads were stopped: 0.0004260 seconds, Stopping threads took: 0.0000390 seconds
101.803: Application time: 0.0372700 seconds
101.804: [GC101.804: [ParNew: 7053K->374K(7424K), 0.0002950 secs] 16214K->9591K(23808K), 0.0003140 secs] [Times: user=0.00 sys=0.00, real=0.00 secs] 
101.804: Total time for which application threads were stopped: 0.0004190 seconds, Stopping threads took: 0.0000470 seconds
101.841: Application time: 0.0367610 seconds
101.841: [GC101.841: [ParNew: 7030K->312K(7424K), 0.0002800 secs] 16247K->9618K(23808K), 0.0002980 secs] [Times: user=0.00 sys=0.00, real=0.00 secs] 
101.841: Total time for which application threads were stopped: 0.0003870 seconds, Stopping threads took: 0.0000410 seconds
101.878: Application time: 0.0367240 seconds
101.878: [GC101.878: [ParNew: 6968K->278K(7424K), 0.0002740 secs] 16274K->9656K(23808K), 0.0002930 secs] [Times: user=0.01 sys=0.00, real=0.00 secs] 
101.878: Total time for which application threads were stopped: 0.0003800 seconds, Stopping threads took: 0.0000410 seconds
101.915: Application time: 0.0371900 seconds
101.915: [GC101.915: [ParNew: 6934K->283K(7424K), 0.0002870 secs] 16312K->9660K(23808K), 0.0003050 secs] [Times: user=0.01 sys=0.00, real=0.00 secs] 
101.916: Total time for which application threads were stopped: 0.0003990 seconds, Stopping threads took: 0.0000470 seconds
101.953: Application time: 0.0375080 seconds
101.953: [GC101.953: [ParNew: 6939K->247K(7424K), 0.0002600 secs] 16316K->9673K(23808K), 0.0002780 secs] [Times: user=0.00 sys=0.00, real=0.00 secs] 
101.954: Total time for which application threads were stopped: 0.0003600 seconds, Stopping threads took: 0.0000370 seconds
101.990: Application time: 0.0369010 seconds
101.991: [GC101.991: [ParNew: 6903K->201K(7424K), 0.0002260 secs] 16329K->9722K(23808K), 0.0002430 secs] [Times: user=0.00 sys=0.00, real=0.00 secs] 
101.991: Total time for which application threads were stopped: 0.0003330 seconds, Stopping threads took: 0.0000440 seconds
102.027: Application time: 0.0362980 seconds
102.027: [GC102.027: [ParNew: 6857K->224K(7424K), 0.0003060 secs] 16378K->9746K(23808K), 0.0003240 secs] [Times: user=0.00 sys=0.00, real=0.00 secs] 
102.028: Total time for which application threads were stopped: 0.0004190 seconds, Stopping threads took: 0.0000480 seconds
102.063: Application time: 0.0359110 seconds
102.064: [GC102.064: [ParNew: 6880K->250K(7424K), 0.0002350 secs] 16402K->9844K(23808K), 0.0002540 secs] [Times: user=0.01 sys=0.00, real=0.00 secs] 
102.064: Total time for which application threads were stopped: 0.0003400 seconds, Stopping threads took: 0.0000370 seconds
102.100: Application time: 0.0365400 seconds
102.100: [GC102.100: [ParNew: 6906K->279K(7424K), 0.0003180 secs] 16500K->9872K(23808K), 0.0003350 secs] [Times: user=0.00 sys=0.00, real=0.00 secs] 
102.101: Total time for which application threads were stopped: 0.0004270 seconds, Stopping threads took: 0.0000460 seconds
102.138: Application time: 0.0369720 seconds
102.138: [GC102.138: [ParNew: 6935K->287K(7424K), 0.0002780 secs] 16528K->9880K(23808K), 0.0002970 secs] [Times: user=0.00 sys=0.00, real=0.00 secs] 
102.138: Total time for which application threads were stopped: 0.0003900 seconds, Stopping threads took: 0.0000470 seconds
102.175: Application time: 0.0371350 seconds
102.175: [GC102.175: [ParNew: 6943K->280K(7424K), 0.0002500 secs] 16536K->9873K(23808K), 0.0002660 secs] [Times: user=0.00 sys=0.00, real=0.00 secs] 
102.176: Total time for which application threads were stopped: 0.0003480 seconds, Stopping threads took: 0.0000400 seconds
102.211: Application time: 0.0352350 seconds
102.211: [GC102.211: [ParNew: 6936K->349K(7424K), 0.0002670 secs] 16529K->9942K(23808K), 0.0002930 secs] [Times: user=0.00 sys=0.00, real=0.00 secs] 
102.211: Total time for which application threads were stopped: 0.0003860 seconds, Stopping threads took: 0.0000450 seconds
102.248: Application time: 0.0367050 seconds
102.248: [GC102.248: [ParNew: 7005K->371K(7424K), 0.0002990 secs] 16598K->9964K(23808K), 0.0003170 secs] [Times: user=0.00 sys=0.00, real=0.00 secs] 
102.248: Total time for which application threads were stopped: 0.0004060 seconds, Stopping threads took: 0.0000420 seconds
102.285: Application time: 0.0364640 seconds
102.285: [GC102.285: [ParNew: 7027K->399K(7424K), 0.0003060 secs] 16620K->9992K(23808K), 0.0003240 secs] [Times: user=0.01 sys=0.00, real=0.00 secs] 
102.285: Total time for which application threads were stopped: 0.0004080 seconds, Stopping threads took: 0.0000360 seconds
102.323: Application time: 0.0374520 seconds
102.323: [GC102.323: [ParNew: 7055K->399K(7424K), 0.0003580 secs] 16648K->9992K(23808K), 0.0003820 secs] [Times: user=0.01 sys=0.00, real=0.00 secs] 
102.323: Total time for which application threads were stopped: 0.0005070 seconds, Stopping threads took: 0.0000550 seconds
102.361: Application time: 0.0375850 seconds
102.361: [GC102.361: [ParNew: 7055K->395K(7424K), 0.0003230 secs] 16648K->9988K(23808K), 0.0003410 secs] [Times: user=0.00 sys=0.00, real=0.00 secs] 
102.361: Total time for which application threads were stopped: 0.0004300 seconds, Stopping threads took: 0.0000390 seconds
102.398: Application time: 0.0370510 seconds
102.398: [GC102.398: [ParNew: 7051K->386K(7424K), 0.0002960 secs] 16644K->9979K(23808K), 0.0003150 secs] [Times: user=0.00 sys=0.00, real=0.00 secs] 
102.399: Total time for which application threads were stopped: 0.0004040 seconds, Stopping threads took: 0.0000430 seconds
102.435: Application time: 0.0366290 seconds
102.435: [GC102.435: [ParNew: 7042K->375K(7424K), 0.0002630 secs] 16635K->9968K(23808K), 0.0002790 secs] [Times: user=0.00 sys=0.00, real=0.00 secs] 
102.436: Total time for which application threads were stopped: 0.0003840 seconds, Stopping threads took: 0.0000600 seconds
102.473: Application time: 0.0372790 seconds
102.473: [GC102.473: [ParNew: 7031K->393K(7424K), 0.0003700 secs] 16624K->9986K(23808K), 0.0003890 secs] [Times: user=0.00 sys=0.00, real=0.00 secs] 
102.473: Total time for which application threads were stopped: 0.0004920 seconds, Stopping threads took: 0.0000500 seconds
102.510: Application time: 0.0369060 seconds
102.510: [GC102.510: [ParNew: 7049K->390K(7424K), 0.0003540 secs] 16642K->9983K(23808K), 0.0003740 secs] [Times: user=0.00 sys=0.00, real=0.00 secs] 
102.511: Total time for which application threads were stopped: 0.0004680 seconds, Stopping threads took: 0.0000430 seconds
102.548: Application time: 0.0371440 seconds
102.548: [GC102.548: [ParNew: 7046K->390K(7424K), 0.0004590 secs] 16639K->9984K(23808K), 0.0004830 secs] [Times: user=0.00 sys=0.00, real=0.00 secs] 
102.549: Total time for which application threads were stopped: 0.0005900 seconds, Stopping threads took: 0.0000480 seconds
102.585: Application time: 0.0367120 seconds
102.585: [GC102.585: [ParNew: 7046K->372K(7424K), 0.0003430 secs] 16640K->10014K(23808K), 0.0003600 secs] [Times: user=0.00 sys=0.00, real=0.00 secs] 
102.586: Total time for which application threads were stopped: 0.0004510 seconds, Stopping threads took: 0.0000430 seconds
102.623: Application time: 0.0368510 seconds
102.623: [GC102.623: [ParNew: 7028K->312K(7424K), 0.0003390 secs] 16670K->10041K(23808K), 0.0003570 secs] [Times: user=0.01 sys=0.00, real=0.00 secs] 
102.623: Total time for which application threads were stopped: 0.0004500 seconds, Stopping threads took: 0.0000460 seconds
102.660: Application time: 0.0369000 seconds
102.660: [GC102.660: [ParNew: 6968K->282K(7424K), 0.0002750 secs] 16697K->10075K(23808K), 0.0002930 secs] [Times: user=0.00 sys=0.00, real=0.00 secs] 
102.660: Total time for which application threads were stopped: 0.0003850 seconds, Stopping threads took: 0.0000450 seconds
102.697: Application time: 0.0368270 seconds
102.697: [GC102.697: [ParNew: 6938K->284K(7424K), 0.0003130 secs] 16731K->10077K(23808K), 0.0003380 secs] [Times: user=0.00 sys=0.00, real=0.00 secs] 
102.698: Total time for which application threads were stopped: 0.0004180 seconds, Stopping threads took: 0.0000350 seconds
102.735: Application time: 0.0370300 seconds
102.735: [GC102.735: [ParNew: 6940K->284K(7424K), 0.0003160 secs] 16733K->10077K(23808K), 0.0003340 secs] [Times: user=0.00 sys=0.00, real=0.00 secs] 
102.735: Total time for which application threads were stopped: 0.0004240 seconds, Stopping threads took: 0.0000440 seconds
102.772: Application time: 0.0370200 seconds
102.772: [GC102.772: [ParNew: 6940K->184K(7424K), 0.0003560 secs] 16733K->10094K(23808K), 0.0003750 secs] [Times: user=0.00 sys=0.00, real=0.00 secs] 
102.773: Total time for which application threads were stopped: 0.0004570 seconds, Stopping threads took: 0.0000350 seconds
102.809: Application time: 0.0367830 seconds
102.809: [GC102.809: [ParNew: 6840K->192K(7424K), 0.0002490 secs] 16750K->10102K(23808K), 0.0002660 secs] [Times: user=0.00 sys=0.00, real=0.00 secs] 
102.810: Total time for which application threads were stopped: 0.0003490 seconds, Stopping threads took: 0.0000370 seconds
102.846: Application time: 0.0360450 seconds
102.846: [GC102.846: [ParNew: 6848K->227K(7424K), 0.0002300 secs] 16758K->10201K(23808K), 0.0002520 secs] [Times: user=0.00 sys=0.00, real=0.00 secs] 
102.846: Total time for which application threads were stopped: 0.0003520 seconds, Stopping threads took: 0.0000430 seconds
102.881: Application time: 0.0354430 seconds
102.882: [GC102.882: [ParNew: 6869K->287K(7424K), 0.0002440 secs] 16842K->10261K(23808K), 0.0002610 secs] [Times: user=0.00 sys=0.00, real=0.00 secs] 
102.882: Total time for which application threads were stopped: 0.0003490 seconds, Stopping threads took: 0.0000430 seconds
102.919: Application time: 0.0371080 seconds
102.919: [GC102.919: [ParNew: 6943K->283K(7424K), 0.0002630 secs] 16917K->10257K(23808K), 0.0002820 secs] [Times: user=0.01 sys=0.00, real=0.00 secs] 
102.919: Total time for which application threads were stopped: 0.0003660 seconds, Stopping threads took: 0.0000370 seconds
102.956: Application time: 0.0368610 seconds
102.956: [GC102.956: [ParNew: 6939K->282K(7424K), 0.0002600 secs] 16913K->10256K(23808K), 0.0002770 secs] [Times: user=0.00 sys=0.00, real=0.00 secs] 
102.957: Total time for which application threads were stopped: 0.0003660 seconds, Stopping threads took: 0.0000450 seconds
102.994: Application time: 0.0371660 seconds
102.994: [GC102.994: [ParNew: 6938K->308K(7424K), 0.0002900 secs] 16912K->10282K(23808K), 0.0003120 secs] [Times: user=0.00 sys=0.00, real=0.01 secs] 
102.994: Total time for which application threads were stopped: 0.0004250 seconds, Stopping threads took: 0.0000550 seconds
103.030: Application time: 0.0361210 seconds
103.030: [GC103.030: [ParNew: 6964K->369K(7424K), 0.0002970 secs] 16938K->10343K(23808K), 0.0003150 secs] [Times: user=0.00 sys=0.00, real=0.00 secs] 
103.031: Total time for which application threads were stopped: 0.0004060 seconds, Stopping threads took: 0.0000410 seconds
103.067: Application time: 0.0366780 seconds
103.070: [GC103.070: [ParNew: 7025K->361K(7424K), 0.0003770 secs] 16999K->10335K(23808K), 0.0003930 secs] [Times: user=0.00 sys=0.00, real=0.00 secs] 
103.071: Total time for which application threads were stopped: 0.0031930 seconds, Stopping threads took: 0.0027530 seconds
103.107: Application time: 0.0364890 seconds
103.107: [GC103.107: [ParNew: 7017K->395K(7424K), 0.0002780 secs] 16991K->10368K(23808K), 0.0002950 secs] [Times: user=0.01 sys=0.00, real=0.00 secs] 
103.107: Total time for which application threads were stopped: 0.0003840 seconds, Stopping threads took: 0.0000420 seconds
103.145: Application time: 0.0371240 seconds
103.145: [GC103.145: [ParNew: 7051K->398K(7424K), 0.0002880 secs] 17024K->10372K(23808K), 0.0003050 secs] [Times: user=0.00 sys=0.00, real=0.00 secs] 
103.145: Total time for which application threads were stopped: 0.0003960 seconds, Stopping threads took: 0.0000450 seconds
103.182: Application time: 0.0367700 seconds
103.182: [GC103.182: [ParNew: 7054K->303K(7424K), 0.0003030 secs] 17028K->10405K(23808K), 0.0003320 secs] [Times: user=0.00 sys=0.00, real=0.01 secs] 
103.182: Total time for which application threads were stopped: 0.0004210 seconds, Stopping threads took: 0.0000390 seconds
103.219: Application time: 0.0367650 seconds
103.219: [GC103.219: [ParNew: 6959K->320K(7424K), 0.0002540 secs] 17061K->10422K(23808K), 0.0002710 secs] [Times: user=0.01 sys=0.00, real=0.00 secs] 
103.219: Total time for which application threads were stopped: 0.0003580 seconds, Stopping threads took: 0.0000410 seconds
103.256: Application time: 0.0365780 seconds
103.256: [GC103.256: [ParNew: 6976K->333K(7424K), 0.0003360 secs] 17078K->10434K(23808K), 0.0003530 secs] [Times: user=0.00 sys=0.00, real=0.00 secs] 
103.256: Total time for which application threads were stopped: 0.0004360 seconds, Stopping threads took: 0.0000380 seconds
103.294: Application time: 0.0373310 seconds
103.294: [GC103.294: [ParNew: 6989K->339K(7424K), 0.0003490 secs] 17090K->10441K(23808K), 0.0003690 secs] [Times: user=0.00 sys=0.00, real=0.01 secs] 
103.294: Total time for which application threads were stopped: 0.0004620 seconds, Stopping threads took: 0.0000430 seconds
103.331: Application time: 0.0370840 seconds
103.331: [GC103.331: [ParNew: 6995K->333K(7424K), 0.0003900 secs] 17097K->10435K(23808K), 0.0004140 secs] [Times: user=0.00 sys=0.00, real=0.00 secs] 
103.332: Total time for which application threads were stopped: 0.0005330 seconds, Stopping threads took: 0.0000600 seconds
103.369: Application time: 0.0369880 seconds
103.369: [GC103.369: [ParNew: 6989K->342K(7424K), 0.0003140 secs] 17091K->10444K(23808K), 0.0003360 secs] [Times: user=0.01 sys=0.00, real=0.00 secs] 
103.369: Total time for which application threads were stopped: 0.0004370 seconds, Stopping threads took: 0.0000390 seconds
103.406: Application time: 0.0366060 seconds
103.406: [GC103.406: [ParNew: 6998K->344K(7424K), 0.0002710 secs] 17100K->10446K(23808K), 0.0002920 secs] [Times: user=0.00 sys=0.00, real=0.00 secs] 
103.406: Total time for which application threads were stopped: 0.0003850 seconds, Stopping threads took: 0.0000420 seconds
103.443: Application time: 0.0369430 seconds
103.443: [GC103.443: [ParNew: 7000K->283K(7424K), 0.0002530 secs] 17102K->10473K(23808K), 0.0002730 secs] [Times: user=0.00 sys=0.00, real=0.00 secs] 
103.443: Total time for which application threads were stopped: 0.0003660 seconds, Stopping threads took: 0.0000430 seconds
103.481: Application time: 0.0372840 seconds
103.481: [GC103.481: [ParNew: 6939K->278K(7424K), 0.0002630 secs] 17129K->10468K(23808K), 0.0002820 secs] [Times: user=0.00 sys=0.00, real=0.00 secs] 
103.481: Total time for which application threads were stopped: 0.0003760 seconds, Stopping threads took: 0.0000440 seconds
103.518: Application time: 0.0371650 seconds
103.518: [GC103.518: [ParNew: 6934K->276K(7424K), 0.0003730 secs] 17124K->10466K(23808K), 0.0015720 secs] [Times: user=0.01 sys=0.00, real=0.00 secs] 
103.520: Total time for which application threads were stopped: 0.0016650 seconds, Stopping threads took: 0.0000420 seconds
103.557: Application time: 0.0368540 seconds
103.557: [GC103.557: [ParNew: 6932K->256K(7424K), 0.0002340 secs] 17122K->10510K(23808K), 0.0002520 secs] [Times: user=0.00 sys=0.00, real=0.00 secs] 
103.557: Total time for which application threads were stopped: 0.0003460 seconds, Stopping threads took: 0.0000460 seconds
103.594: Application time: 0.0370450 seconds
103.594: [GC103.594: [ParNew: 6912K->200K(7424K), 0.0002700 secs] 17166K->10557K(23808K), 0.0002880 secs] [Times: user=0.01 sys=0.00, real=0.00 secs] 
103.595: Total time for which application threads were stopped: 0.0003810 seconds, Stopping threads took: 0.0000460 seconds
103.630: Application time: 0.0357830 seconds
103.630: [GC103.630: [ParNew: 6856K->252K(7424K), 0.0002480 secs] 17213K->10610K(23808K), 0.0002660 secs] [Times: user=0.00 sys=0.00, real=0.00 secs] 
103.631: Total time for which application threads were stopped: 0.0003610 seconds, Stopping threads took: 0.0000400 seconds
103.667: Application time: 0.0360200 seconds
103.667: [GC103.667: [ParNew: 6908K->282K(7424K), 0.0002670 secs] 17266K->10704K(23808K), 0.0002860 secs] [Times: user=0.00 sys=0.00, real=0.00 secs] 
103.667: Total time for which application threads were stopped: 0.0003740 seconds, Stopping threads took: 0.0000400 seconds
103.704: Application time: 0.0370070 seconds
103.704: [GC103.704: [ParNew: 6938K->286K(7424K), 0.0002890 secs] 17360K->10708K(23808K), 0.0003070 secs] [Times: user=0.00 sys=0.00, real=0.00 secs] 
103.704: Total time for which application threads were stopped: 0.0003950 seconds, Stopping threads took: 0.0000380 seconds
103.741: Application time: 0.0369040 seconds
103.741: [GC103.741: [ParNew: 6942K->287K(7424K), 0.0002340 secs] 17364K->10709K(23808K), 0.0002520 secs] [Times: user=0.00 sys=0.00, real=0.00 secs] 
103.742: Total time for which application threads were stopped: 0.0003480 seconds, Stopping threads took: 0.0000460 seconds
103.778: Application time: 0.0362950 seconds
103.778: [GC103.778: [ParNew: 6943K->315K(7424K), 0.0002520 secs] 17365K->10737K(23808K), 0.0002700 secs] [Times: user=0.00 sys=0.00, real=0.00 secs] 
103.778: Total time for which application threads were stopped: 0.0003590 seconds, Stopping threads took: 0.0000410 seconds
103.814: Application time: 0.0356870 seconds
103.814: [GC103.814: [ParNew: 6971K->372K(7424K), 0.0002880 secs] 17393K->10793K(23808K), 0.0003040 secs] [Times: user=0.00 sys=0.00, real=0.00 secs] 
103.814: Total time for which application threads were stopped: 0.0003880 seconds, Stopping threads took: 0.0000370 seconds
103.852: Application time: 0.0370480 seconds
103.852: [GC103.852: [ParNew: 7028K->364K(7424K), 0.0003400 secs] 17449K->10786K(23808K), 0.0003560 secs] [Times: user=0.00 sys=0.00, real=0.00 secs] 
103.852: Total time for which application threads were stopped: 0.0004360 seconds, Stopping threads took: 0.0000370 seconds
103.888: Application time: 0.0362690 seconds
103.888: [GC103.888: [ParNew: 7020K->393K(7424K), 0.0003470 secs] 17442K->10815K(23808K), 0.0003660 secs] [Times: user=0.01 sys=0.00, real=0.00 secs] 
103.889: Total time for which application threads were stopped: 0.0004590 seconds, Stopping threads took: 0.0000380 seconds
103.926: Application time: 0.0373190 seconds
103.926: [GC103.926: [ParNew: 7049K->401K(7424K), 0.0002930 secs] 17471K->10823K(23808K), 0.0003120 secs] [Times: user=0.00 sys=0.00, real=0.00 secs] 
103.926: Total time for which application threads were stopped: 0.0004030 seconds, Stopping threads took: 0.0000450 seconds
103.963: Application time: 0.0367430 seconds
103.963: [GC103.963: [ParNew: 7057K->394K(7424K), 0.0002920 secs] 17479K->10816K(23808K), 0.0003100 secs] [Times: user=0.00 sys=0.00, real=0.00 secs] 
103.964: Total time for which application threads were stopped: 0.0003900 seconds, Stopping threads took: 0.0000370 seconds
104.000: Application time: 0.0367210 seconds
104.000: [GC104.000: [ParNew: 7050K->395K(7424K), 0.0003110 secs] 17472K->10817K(23808K), 0.0003300 secs] [Times: user=0.00 sys=0.00, real=0.00 secs] 
104.001: Total time for which application threads were stopped: 0.0004170 seconds, Stopping threads took: 0.0000380 seconds
104.037: Application time: 0.0366090 seconds
104.037: [GC104.037: [ParNew: 7051K->339K(7424K), 0.0002830 secs] 17473K->10865K(23808K), 0.0003000 secs] [Times: user=0.00 sys=0.00, real=0.00 secs] 
104.038: Total time for which application threads were stopped: 0.0003850 seconds, Stopping threads took: 0.0000380 seconds
104.075: Application time: 0.0369570 seconds
104.075: [GC104.075: [ParNew: 6995K->344K(7424K), 0.0002710 secs] 17521K->10870K(23808K), 0.0002890 secs] [Times: user=0.01 sys=0.00, real=0.00 secs] 
104.075: Total time for which application threads were stopped: 0.0003810 seconds, Stopping threads took: 0.0000420 seconds
104.112: Application time: 0.0371250 seconds
104.112: [GC104.112: [ParNew: 7000K->334K(7424K), 0.0002580 secs] 17526K->10860K(23808K), 0.0002860 secs] [Times: user=0.00 sys=0.00, real=0.00 secs] 
104.113: Total time for which application threads were stopped: 0.0003910 seconds, Stopping threads took: 0.0000580 seconds
104.149: Application time: 0.0367150 seconds
104.149: [GC104.149: [ParNew: 6990K->341K(7424K), 0.0002750 secs] 17516K->10867K(23808K), 0.0002920 secs] [Times: user=0.00 sys=0.00, real=0.00 secs] 
104.150: Total time for which application threads were stopped: 0.0003810 seconds, Stopping threads took: 0.0000420 seconds
104.187: Application time: 0.0373760 seconds
104.187: [GC104.187: [ParNew: 6997K->340K(7424K), 0.0003400 secs] 17523K->10866K(23808K), 0.0003570 secs] [Times: user=0.00 sys=0.00, real=0.00 secs] 
104.187: Total time for which application threads were stopped: 0.0004450 seconds, Stopping threads took: 0.0000410 seconds
104.224: Application time: 0.0368560 seconds
104.224: [GC104.224: [ParNew: 6996K->284K(7424K), 0.0002660 secs] 17522K->10906K(23808K), 0.0002830 secs] [Times: user=0.00 sys=0.00, real=0.00 secs] 
104.225: Total time for which application threads were stopped: 0.0003730 seconds, Stopping threads took: 0.0000440 seconds
104.262: Application time: 0.0368900 seconds
104.262: [GC104.262: [ParNew: 6940K->284K(7424K), 0.0002700 secs] 17562K->10906K(23808K), 0.0002880 secs] [Times: user=0.00 sys=0.00, real=0.00 secs] 
104.262: Total time for which application threads were stopped: 0.0003760 seconds, Stopping threads took: 0.0000380 seconds
104.299: Application time: 0.0367470 seconds
104.299: [GC104.299: [ParNew: 6940K->290K(7424K), 0.0002590 secs] 17562K->10912K(23808K), 0.0002760 secs] [Times: user=0.00 sys=0.00, real=0.00 secs] 
104.299: Total time for which application threads were stopped: 0.0003790 seconds, Stopping threads took: 0.0000560 seconds
104.337: Application time: 0.0375420 seconds
104.337: [GC104.337: [ParNew: 6946K->250K(7424K), 0.0003160 secs] 17568K->10928K(23808K), 0.0003380 secs] [Times: user=0.00 sys=0.00, real=0.00 secs] 
104.337: Total time for which application threads were stopped: 0.0004410 seconds, Stopping threads took: 0.0000430 seconds
104.374: Application time: 0.0367650 seconds
104.374: [GC104.374: [ParNew: 6906K->191K(7424K), 0.0002760 secs] 17584K->10958K(23808K), 0.0002950 secs] [Times: user=0.00 sys=0.00, real=0.01 secs] 
104.374: Total time for which application threads were stopped: 0.0003910 seconds, Stopping threads took: 0.0000450 seconds
104.411: Application time: 0.0364920 seconds
104.411: [GC104.411: [ParNew: 6847K->222K(7424K), 0.0002520 secs] 17614K->10988K(23808K), 0.0002700 secs] [Times: user=0.00 sys=0.00, real=0.00 secs] 
104.411: Total time for which application threads were stopped: 0.0003640 seconds, Stopping threads took: 0.0000400 seconds
104.446: Application time: 0.0351720 seconds
104.446: [GC104.446: [ParNew: 6878K->264K(7424K), 0.0002610 secs] 17644K->11087K(23808K), 0.0002780 secs] [Times: user=0.00 sys=0.00, real=0.00 secs] 
104.447: Total time for which application threads were stopped: 0.0003690 seconds, Stopping threads took: 0.0000450 seconds
104.484: Application time: 0.0376920 seconds
104.486: [GC104.486: [ParNew: 6920K->282K(7424K), 0.0004340 secs] 17743K->11104K(23808K), 0.0004610 secs] [Times: user=0.00 sys=0.00, real=0.00 secs] 
104.487: Total time for which application threads were stopped: 0.0022660 seconds, Stopping threads took: 0.0017400 seconds
104.523: Application time: 0.0367080 seconds
104.523: [GC104.523: [ParNew: 6938K->286K(7424K), 0.0002930 secs] 17760K->11108K(23808K), 0.0003110 secs] [Times: user=0.00 sys=0.00, real=0.00 secs] 
104.524: Total time for which application threads were stopped: 0.0004290 seconds, Stopping threads took: 0.0000660 seconds
104.560: Application time: 0.0363910 seconds
104.560: [GC104.560: [ParNew: 6942K->315K(7424K), 0.0002800 secs] 17764K->11137K(23808K), 0.0002970 secs] [Times: user=0.00 sys=0.00, real=0.00 secs] 
104.561: Total time for which application threads were stopped: 0.0003890 seconds, Stopping threads took: 0.0000440 seconds
104.597: Application time: 0.0362480 seconds
104.597: [GC104.597: [ParNew: 6971K->372K(7424K), 0.0003040 secs] 17793K->11194K(23808K), 0.0003300 secs] [Times: user=0.01 sys=0.00, real=0.00 secs] 
104.597: Total time for which application threads were stopped: 0.0004370 seconds, Stopping threads took: 0.0000570 seconds
104.634: Application time: 0.0370150 seconds
104.634: [GC104.634: [ParNew: 7028K->377K(7424K), 0.0002860 secs] 17850K->11199K(23808K), 0.0003030 secs] [Times: user=0.00 sys=0.00, real=0.00 secs] 
104.635: Total time for which application threads were stopped: 0.0003850 seconds, Stopping threads took: 0.0000380 seconds
104.671: Application time: 0.0363570 seconds
104.671: [GC104.671: [ParNew: 7033K->390K(7424K), 0.0003010 secs] 17855K->11212K(23808K), 0.0003180 secs] [Times: user=0.00 sys=0.00, real=0.00 secs] 
104.671: Total time for which application threads were stopped: 0.0004100 seconds, Stopping threads took: 0.0000440 seconds
104.709: Application time: 0.0371240 seconds
104.709: [GC104.709: [ParNew: 7046K->399K(7424K), 0.0002660 secs] 17868K->11221K(23808K), 0.0002850 secs] [Times: user=0.00 sys=0.00, real=0.00 secs] 
104.709: Total time for which application threads were stopped: 0.0003710 seconds, Stopping threads took: 0.0000380 seconds
104.746: Application time: 0.0367140 seconds
104.746: [GC104.746: [ParNew: 7055K->399K(7424K), 0.0002840 secs] 17877K->11221K(23808K), 0.0003010 secs] [Times: user=0.00 sys=0.00, real=0.00 secs] 
104.746: Total time for which application threads were stopped: 0.0003890 seconds, Stopping threads took: 0.0000410 seconds
104.783: Application time: 0.0370060 seconds
104.786: [GC104.786: [ParNew: 7055K->348K(7424K), 0.0002830 secs] 17877K->11242K(23808K), 0.0003000 secs] [Times: user=0.00 sys=0.00, real=0.00 secs] 
104.786: Total time for which application threads were stopped: 0.0034170 seconds, Stopping threads took: 0.0030690 seconds
104.823: Application time: 0.0367240 seconds
104.823: [GC104.823: [ParNew: 7004K->370K(7424K), 0.0003700 secs] 17898K->11264K(23808K), 0.0003880 secs] [Times: user=0.00 sys=0.00, real=0.00 secs] 
104.824: Total time for which application threads were stopped: 0.0004960 seconds, Stopping threads took: 0.0000590 seconds
104.861: Application time: 0.0369640 seconds
104.861: [GC104.861: [ParNew: 7026K->362K(7424K), 0.0002720 secs] 17920K->11256K(23808K), 0.0002890 secs] [Times: user=0.00 sys=0.00, real=0.00 secs] 
104.861: Total time for which application threads were stopped: 0.0003800 seconds, Stopping threads took: 0.0000450 seconds
104.898: Application time: 0.0365940 seconds
104.898: [GC104.898: [ParNew: 7018K->369K(7424K), 0.0002880 secs] 17912K->11263K(23808K), 0.0003050 secs] [Times: user=0.00 sys=0.00, real=0.00 secs] 
104.898: Total time for which application threads were stopped: 0.0003910 seconds, Stopping threads took: 0.0000410 seconds
104.935: Application time: 0.0372300 seconds
104.935: [GC104.935: [ParNew: 7025K->367K(7424K), 0.0002780 secs] 17919K->11261K(23808K), 0.0002970 secs] [Times: user=0.00 sys=0.00, real=0.00 secs] 
104.936: Total time for which application threads were stopped: 0.0004000 seconds, Stopping threads took: 0.0000460 seconds
104.972: Application time: 0.0367420 seconds
104.972: [GC104.972: [ParNew: 7023K->351K(7424K), 0.0002560 secs] 17917K->11246K(23808K), 0.0002740 secs] [Times: user=0.00 sys=0.00, real=0.00 secs] 
104.973: Total time for which application threads were stopped: 0.0003640 seconds, Stopping threads took: 0.0000420 seconds
105.009: Application time: 0.0366370 seconds
105.009: [GC105.009: [ParNew: 7007K->283K(7424K), 0.0003530 secs] 17902K->11305K(23808K), 0.0003710 secs] [Times: user=0.00 sys=0.00, real=0.00 secs] 
105.010: Total time for which application threads were stopped: 0.0004510 seconds, Stopping threads took: 0.0000350 seconds
105.047: Application time: 0.0372710 seconds
105.047: [GC105.047: [ParNew: 6939K->285K(7424K), 0.0003340 secs] 17961K->11308K(23808K), 0.0003520 secs] [Times: user=0.00 sys=0.00, real=0.00 secs] 
105.048: Total time for which application threads were stopped: 0.0004460 seconds, Stopping threads took: 0.0000450 seconds
105.084: Application time: 0.0368560 seconds
105.084: [GC105.084: [ParNew: 6941K->278K(7424K), 0.0003230 secs] 17964K->11301K(23808K), 0.0003490 secs] [Times: user=0.00 sys=0.00, real=0.00 secs] 
105.085: Total time for which application threads were stopped: 0.0004320 seconds, Stopping threads took: 0.0000340 seconds
105.122: Application time: 0.0367060 seconds
105.122: [GC105.122: [ParNew: 6934K->251K(7424K), 0.0002530 secs] 17957K->11337K(23808K), 0.0002700 secs] [Times: user=0.01 sys=0.00, real=0.00 secs] 
105.122: Total time for which application threads were stopped: 0.0003610 seconds, Stopping threads took: 0.0000450 seconds
105.159: Application time: 0.0370230 seconds
105.159: [GC105.159: [ParNew: 6907K->190K(7424K), 0.0003410 secs] 17993K->11364K(23808K), 0.0003590 secs] [Times: user=0.00 sys=0.00, real=0.00 secs] 
105.159: Total time for which application threads were stopped: 0.0004560 seconds, Stopping threads took: 0.0000510 seconds
105.196: Application time: 0.0370840 seconds
105.197: [GC105.197: [ParNew: 6846K->195K(7424K), 0.0002950 secs] 18020K->11369K(23808K), 0.0003120 secs] [Times: user=0.00 sys=0.00, real=0.00 secs] 
105.197: Total time for which application threads were stopped: 0.0004090 seconds, Stopping threads took: 0.0000510 seconds
105.232: Application time: 0.0353190 seconds
105.232: [GC105.232: [ParNew: 6851K->252K(7424K), 0.0002380 secs] 18025K->11490K(23808K), 0.0002560 secs] [Times: user=0.01 sys=0.00, real=0.00 secs] 
105.233: Total time for which application threads were stopped: 0.0003440 seconds, Stopping threads took: 0.0000410 seconds
105.269: Application time: 0.0364240 seconds
105.269: [GC105.269: [ParNew: 6908K->275K(7424K), 0.0003360 secs] 18146K->11513K(23808K), 0.0003550 secs] [Times: user=0.00 sys=0.00, real=0.00 secs] 
105.269: Total time for which application threads were stopped: 0.0004490 seconds, Stopping threads took: 0.0000460 seconds
105.306: Application time: 0.0368170 seconds
105.306: [GC105.306: [ParNew: 6931K->282K(7424K), 0.0003030 secs] 18169K->11520K(23808K), 0.0003210 secs] [Times: user=0.00 sys=0.00, real=0.00 secs] 
105.307: Total time for which application threads were stopped: 0.0004120 seconds, Stopping threads took: 0.0000420 seconds
105.343: Application time: 0.0365450 seconds
105.343: [GC105.343: [ParNew: 6938K->309K(7424K), 0.0003540 secs] 18176K->11548K(23808K), 0.0003760 secs] [Times: user=0.01 sys=0.00, real=0.00 secs] 
105.344: Total time for which application threads were stopped: 0.0004860 seconds, Stopping threads took: 0.0000520 seconds
105.380: Application time: 0.0364730 seconds
105.380: [GC105.380: [ParNew: 6965K->325K(7424K), 0.0002810 secs] 18204K->11563K(23808K), 0.0002980 secs] [Times: user=0.00 sys=0.00, real=0.00 secs] 
105.381: Total time for which application threads were stopped: 0.0003860 seconds, Stopping threads took: 0.0000400 seconds
105.417: Application time: 0.0360790 seconds
105.417: [GC105.417: [ParNew: 6981K->376K(7424K), 0.0002930 secs] 18219K->11614K(23808K), 0.0003100 secs] [Times: user=0.00 sys=0.00, real=0.00 secs] 
105.417: Total time for which application threads were stopped: 0.0004010 seconds, Stopping threads took: 0.0000430 seconds
105.454: Application time: 0.0371100 seconds
105.454: [GC105.454: [ParNew: 7032K->375K(7424K), 0.0003030 secs] 18270K->11613K(23808K), 0.0003210 secs] [Times: user=0.00 sys=0.00, real=0.00 secs] 
105.455: Total time for which application threads were stopped: 0.0004230 seconds, Stopping threads took: 0.0000460 seconds
105.491: Application time: 0.0364930 seconds
105.491: [GC105.491: [ParNew: 7031K->390K(7424K), 0.0002900 secs] 18269K->11628K(23808K), 0.0003090 secs] [Times: user=0.00 sys=0.00, real=0.00 secs] 
105.491: Total time for which application threads were stopped: 0.0004020 seconds, Stopping threads took: 0.0000450 seconds
105.529: Application time: 0.0370880 seconds
105.529: [GC105.529: [ParNew: 7046K->391K(7424K), 0.0003030 secs] 18284K->11629K(23808K), 0.0003200 secs] [Times: user=0.00 sys=0.00, real=0.00 secs] 
105.529: Total time for which application threads were stopped: 0.0004070 seconds, Stopping threads took: 0.0000400 seconds
105.566: Application time: 0.0368820 seconds
105.566: [GC105.566: [ParNew: 7047K->392K(7424K), 0.0003090 secs] 18285K->11631K(23808K), 0.0003340 secs] [Times: user=0.01 sys=0.00, real=0.00 secs] 
105.566: Total time for which application threads were stopped: 0.0004290 seconds, Stopping threads took: 0.0000490 seconds
105.603: Application time: 0.0367940 seconds
105.603: [GC105.603: [ParNew: 7048K->385K(7424K), 0.0002620 secs] 18287K->11623K(23808K), 0.0002800 secs] [Times: user=0.00 sys=0.00, real=0.00 secs] 
105.603: Total time for which application threads were stopped: 0.0003670 seconds, Stopping threads took: 0.0000380 seconds
105.640: Application time: 0.0367610 seconds
105.640: [GC105.640: [ParNew: 7041K->399K(7424K), 0.0002840 secs] 18279K->11637K(23808K), 0.0003020 secs] [Times: user=0.00 sys=0.00, real=0.00 secs] 
105.641: Total time for which application threads were stopped: 0.0003900 seconds, Stopping threads took: 0.0000390 seconds
105.678: Application time: 0.0371270 seconds
105.678: [GC105.678: [ParNew: 7055K->394K(7424K), 0.0003020 secs] 18293K->11632K(23808K), 0.0003210 secs] [Times: user=0.00 sys=0.01, real=0.00 secs] 
105.678: Total time for which application threads were stopped: 0.0004080 seconds, Stopping threads took: 0.0000390 seconds
105.715: Application time: 0.0371680 seconds
105.715: [GC105.715: [ParNew: 7050K->394K(7424K), 0.0003010 secs] 18288K->11632K(23808K), 0.0003190 secs] [Times: user=0.00 sys=0.00, real=0.00 secs] 
105.716: Total time for which application threads were stopped: 0.0004050 seconds, Stopping threads took: 0.0000380 seconds
105.752: Application time: 0.0367360 seconds
105.752: [GC105.752: [ParNew: 7050K->401K(7424K), 0.0003020 secs] 18288K->11639K(23808K), 0.0003180 secs] [Times: user=0.00 sys=0.00, real=0.00 secs] 
105.753: Total time for which application threads were stopped: 0.0003980 seconds, Stopping threads took: 0.0000350 seconds
105.789: Application time: 0.0366710 seconds
105.790: [GC105.790: [ParNew: 7057K->316K(7424K), 0.0003020 secs] 18295K->11683K(23808K), 0.0003190 secs] [Times: user=0.00 sys=0.00, real=0.00 secs] 
105.790: Total time for which application threads were stopped: 0.0004130 seconds, Stopping threads took: 0.0000460 seconds
105.827: Application time: 0.0371650 seconds
105.827: [GC105.827: [ParNew: 6972K->281K(7424K), 0.0002430 secs] 18339K->11711K(23808K), 0.0002600 secs] [Times: user=0.00 sys=0.00, real=0.00 secs] 
105.827: Total time for which application threads were stopped: 0.0003500 seconds, Stopping threads took: 0.0000420 seconds
105.864: Application time: 0.0366140 seconds
105.864: [GC105.864: [ParNew: 6937K->279K(7424K), 0.0003330 secs] 18367K->11709K(23808K), 0.0003500 secs] [Times: user=0.00 sys=0.00, real=0.00 secs] 
105.864: Total time for which application threads were stopped: 0.0004410 seconds, Stopping threads took: 0.0000450 seconds
105.901: Application time: 0.0370070 seconds
105.902: [GC105.902: [ParNew: 6935K->256K(7424K), 0.0002560 secs] 18365K->11743K(23808K), 0.0002740 secs] [Times: user=0.01 sys=0.00, real=0.00 secs] 
105.902: Total time for which application threads were stopped: 0.0003630 seconds, Stopping threads took: 0.0000410 seconds
105.939: Application time: 0.0369100 seconds
105.939: [GC105.939: [ParNew: 6912K->230K(7424K), 0.0002260 secs] 18399K->11781K(23808K), 0.0002440 secs] [Times: user=0.01 sys=0.00, real=0.00 secs] 
105.939: Total time for which application threads were stopped: 0.0003380 seconds, Stopping threads took: 0.0000450 seconds
105.976: Application time: 0.0370270 seconds
105.976: [GC105.976: [ParNew: 6886K->197K(7424K), 0.0003110 secs] 18437K->11812K(23808K), 0.0003290 secs] [Times: user=0.01 sys=0.00, real=0.00 secs] 
105.977: Total time for which application threads were stopped: 0.0004260 seconds, Stopping threads took: 0.0000390 seconds
106.013: Application time: 0.0364780 seconds
106.013: [GC106.013: [ParNew: 6853K->279K(7424K), 0.0004190 secs] 18468K->11894K(23808K), 0.0004440 secs] [Times: user=0.00 sys=0.00, real=0.00 secs] 
106.014: Total time for which application threads were stopped: 0.0005650 seconds, Stopping threads took: 0.0000550 seconds
106.050: Application time: 0.0363090 seconds
106.050: [GC106.050: [ParNew: 6935K->275K(7424K), 0.0004510 secs] 18550K->11946K(23808K), 0.0004690 secs] [Times: user=0.00 sys=0.00, real=0.00 secs] 
106.050: Total time for which application threads were stopped: 0.0005590 seconds, Stopping threads took: 0.0000480 seconds
106.087: Application time: 0.0369910 seconds
106.088: [GC106.088: [ParNew: 6931K->287K(7424K), 0.0002580 secs] 18602K->11957K(23808K), 0.0002770 secs] [Times: user=0.00 sys=0.00, real=0.00 secs] 
106.088: Total time for which application threads were stopped: 0.0003680 seconds, Stopping threads took: 0.0000430 seconds
106.125: Application time: 0.0372690 seconds
106.125: [GC106.125: [ParNew: 6943K->283K(7424K), 0.0002560 secs] 18613K->11954K(23808K), 0.0002730 secs] [Times: user=0.00 sys=0.00, real=0.00 secs] 
106.125: Total time for which application threads were stopped: 0.0003670 seconds, Stopping threads took: 0.0000470 seconds
106.161: Application time: 0.0357010 seconds
106.161: [GC106.161: [ParNew: 6939K->338K(7424K), 0.0003400 secs] 18610K->12008K(23808K), 0.0003590 secs] [Times: user=0.01 sys=0.00, real=0.00 secs] 
106.162: Total time for which application threads were stopped: 0.0004500 seconds, Stopping threads took: 0.0000420 seconds
106.198: Application time: 0.0363800 seconds
106.198: [GC106.198: [ParNew: 6994K->371K(7424K), 0.0002650 secs] 18664K->12042K(23808K), 0.0002820 secs] [Times: user=0.01 sys=0.00, real=0.00 secs] 
106.198: Total time for which application threads were stopped: 0.0003790 seconds, Stopping threads took: 0.0000490 seconds
106.235: Application time: 0.0367640 seconds
106.235: [GC106.235: [ParNew: 7027K->366K(7424K), 0.0002530 secs] 18698K->12037K(23808K), 0.0002710 secs] [Times: user=0.00 sys=0.00, real=0.00 secs] 
106.236: Total time for which application threads were stopped: 0.0003570 seconds, Stopping threads took: 0.0000400 seconds
106.272: Application time: 0.0366000 seconds
106.272: [GC106.272: [ParNew: 7022K->397K(7424K), 0.0002770 secs] 18693K->12067K(23808K), 0.0002970 secs] [Times: user=0.00 sys=0.00, real=0.00 secs] 
106.273: Total time for which application threads were stopped: 0.0003890 seconds, Stopping threads took: 0.0000440 seconds
106.309: Application time: 0.0369790 seconds
106.310: [GC106.310: [ParNew: 7053K->405K(7424K), 0.0002720 secs] 18723K->12075K(23808K), 0.0002880 secs] [Times: user=0.00 sys=0.00, real=0.00 secs] 
106.310: Total time for which application threads were stopped: 0.0003960 seconds, Stopping threads took: 0.0000610 seconds
106.347: Application time: 0.0373530 seconds
106.347: [GC106.347: [ParNew: 7061K->395K(7424K), 0.0003180 secs] 18731K->12065K(23808K), 0.0003400 secs] [Times: user=0.01 sys=0.00, real=0.00 secs] 
106.348: Total time for which application threads were stopped: 0.0004430 seconds, Stopping threads took: 0.0000480 seconds
106.385: Application time: 0.0370110 seconds
106.385: [GC106.385: [ParNew: 7051K->261K(7424K), 0.0003570 secs] 18721K->12108K(23808K), 0.0003750 secs] [Times: user=0.01 sys=0.00, real=0.00 secs] 
106.385: Total time for which application threads were stopped: 0.0004620 seconds, Stopping threads took: 0.0000370 seconds
106.422: Application time: 0.0365710 seconds
106.426: [GC106.426: [ParNew: 6917K->299K(7424K), 0.0002970 secs] 18764K->12145K(23808K), 0.0003170 secs] [Times: user=0.01 sys=0.00, real=0.00 secs] 
106.426: Total time for which application threads were stopped: 0.0047000 seconds, Stopping threads took: 0.0043350 seconds
106.463: Application time: 0.0370120 seconds
106.464: [GC106.464: [ParNew: 6955K->305K(7424K), 0.0002480 secs] 18801K->12152K(23808K), 0.0002660 secs] [Times: user=0.00 sys=0.00, real=0.00 secs] 
106.464: Total time for which application threads were stopped: 0.0003660 seconds, Stopping threads took: 0.0000500 seconds
106.501: Application time: 0.0370620 seconds
106.501: [GC106.501: [ParNew: 6961K->309K(7424K), 0.0002580 secs] 18808K->12155K(23808K), 0.0002810 secs] [Times: user=0.00 sys=0.00, real=0.00 secs] 
106.501: Total time for which application threads were stopped: 0.0003750 seconds, Stopping threads took: 0.0000400 seconds
106.538: Application time: 0.0368540 seconds
106.538: [GC106.538: [ParNew: 6965K->309K(7424K), 0.0002390 secs] 18811K->12155K(23808K), 0.0002580 secs] [Times: user=0.00 sys=0.00, real=0.00 secs] 
106.538: Total time for which application threads were stopped: 0.0003480 seconds, Stopping threads took: 0.0000440 seconds
106.575: Application time: 0.0365920 seconds
106.575: [GC106.575: [ParNew: 6965K->311K(7424K), 0.0002680 secs] 18811K->12158K(23808K), 0.0002860 secs] [Times: user=0.00 sys=0.00, real=0.00 secs] 
106.575: Total time for which application threads were stopped: 0.0003720 seconds, Stopping threads took: 0.0000390 seconds
106.613: Application time: 0.0372320 seconds
106.613: [GC106.613: [ParNew: 6967K->288K(7424K), 0.0002470 secs] 18814K->12199K(23808K), 0.0002660 secs] [Times: user=0.00 sys=0.00, real=0.00 secs] 
106.613: Total time for which application threads were stopped: 0.0003540 seconds, Stopping threads took: 0.0000390 seconds
106.650: Application time: 0.0367240 seconds
106.650: [GC106.650: [ParNew: 6944K->287K(7424K), 0.0002710 secs] 18855K->12198K(23808K), 0.0002910 secs] [Times: user=0.00 sys=0.00, real=0.00 secs] 
106.650: Total time for which application threads were stopped: 0.0003810 seconds, Stopping threads took: 0.0000410 seconds
106.687: Application time: 0.0367620 seconds
106.687: [GC106.687: [ParNew: 6943K->279K(7424K), 0.0002440 secs] 18854K->12190K(23808K), 0.0002610 secs] [Times: user=0.00 sys=0.00, real=0.00 secs] 
106.687: Total time for which application threads were stopped: 0.0003540 seconds, Stopping threads took: 0.0000450 seconds
106.724: Application time: 0.0368990 seconds
106.724: [GC106.724: [ParNew: 6935K->228K(7424K), 0.0002530 secs] 18846K->12243K(23808K), 0.0002690 secs] [Times: user=0.00 sys=0.00, real=0.00 secs] 
106.724: Total time for which application threads were stopped: 0.0003590 seconds, Stopping threads took: 0.0000450 seconds
106.762: Application time: 0.0372030 seconds
106.762: [GC106.762: [ParNew: 6884K->204K(7424K), 0.0002480 secs] 18899K->12275K(23808K), 0.0002710 secs] [Times: user=0.00 sys=0.00, real=0.01 secs] 
106.762: Total time for which application threads were stopped: 0.0003480 seconds, Stopping threads took: 0.0000300 seconds
106.797: Application time: 0.0354030 seconds
106.798: [GC106.798: [ParNew: 6860K->275K(7424K), 0.0003320 secs] 18931K->12346K(23808K), 0.0003490 secs] [Times: user=0.00 sys=0.00, real=0.00 secs] 
106.798: Total time for which application threads were stopped: 0.0004350 seconds, Stopping threads took: 0.0000400 seconds
106.834: Application time: 0.0364610 seconds
106.834: [GC106.834: [ParNew: 6931K->278K(7424K), 0.0003210 secs] 19002K->12405K(23808K), 0.0003400 secs] [Times: user=0.00 sys=0.00, real=0.00 secs] 
106.835: Total time for which application threads were stopped: 0.0004370 seconds, Stopping threads took: 0.0000480 seconds
106.871: Application time: 0.0367090 seconds
106.872: [GC106.872: [ParNew: 6934K->283K(7424K), 0.0002590 secs] 19061K->12410K(23808K), 0.0002770 secs] [Times: user=0.00 sys=0.00, real=0.00 secs] 
106.872: Total time for which application threads were stopped: 0.0003660 seconds, Stopping threads took: 0.0000430 seconds
106.909: Application time: 0.0369960 seconds
106.909: [GC106.909: [ParNew: 6939K->290K(7424K), 0.0002720 secs] 19066K->12417K(23808K), 0.0002900 secs] [Times: user=0.00 sys=0.00, real=0.00 secs] 
106.909: Total time for which application threads were stopped: 0.0003790 seconds, Stopping threads took: 0.0000430 seconds
106.945: Application time: 0.0356950 seconds
106.945: [GC106.945: [ParNew: 6946K->332K(7424K), 0.0002840 secs] 19073K->12459K(23808K), 0.0003020 secs] [Times: user=0.00 sys=0.00, real=0.00 secs] 
106.945: Total time for which application threads were stopped: 0.0003900 seconds, Stopping threads took: 0.0000400 seconds
106.982: Application time: 0.0363840 seconds
106.986: [GC106.986: [ParNew: 6988K->368K(7424K), 0.0003020 secs] 19115K->12495K(23808K), 0.0003290 secs] [Times: user=0.00 sys=0.00, real=0.00 secs] 
106.986: Total time for which application threads were stopped: 0.0047170 seconds, Stopping threads took: 0.0043380 seconds
107.024: Application time: 0.0374520 seconds
107.024: [GC107.024: [ParNew: 7024K->367K(7424K), 0.0003430 secs] 19151K->12494K(23808K), 0.0003600 secs] [Times: user=0.01 sys=0.00, real=0.00 secs] 
107.024: Total time for which application threads were stopped: 0.0004680 seconds, Stopping threads took: 0.0000480 seconds
107.061: Application time: 0.0362800 seconds
107.061: [GC107.061: [ParNew: 7023K->400K(7424K), 0.0003050 secs] 19150K->12527K(23808K), 0.0003230 secs] [Times: user=0.00 sys=0.00, real=0.00 secs] 
107.061: Total time for which application threads were stopped: 0.0004180 seconds, Stopping threads took: 0.0000440 seconds
107.098: Application time: 0.0368930 seconds
107.098: [GC107.098: [ParNew: 7056K->263K(7424K), 0.0002800 secs] 19183K->12566K(23808K), 0.0003020 secs] [Times: user=0.01 sys=0.00, real=0.00 secs] 
107.098: Total time for which application threads were stopped: 0.0003850 seconds, Stopping threads took: 0.0000340 seconds
107.135: Application time: 0.0370290 seconds
107.135: [GC107.135: [ParNew: 6919K->269K(7424K), 0.0002520 secs] 19222K->12572K(23808K), 0.0002670 secs] [Times: user=0.00 sys=0.00, real=0.00 secs] 
107.136: Total time for which application threads were stopped: 0.0003480 seconds, Stopping threads took: 0.0000380 seconds
107.173: Application time: 0.0369480 seconds
107.173: [GC107.173: [ParNew: 6925K->268K(7424K), 0.0002520 secs] 19228K->12571K(23808K), 0.0002670 secs] [Times: user=0.00 sys=0.00, real=0.00 secs] 
107.173: Total time for which application threads were stopped: 0.0003570 seconds, Stopping threads took: 0.0000460 seconds
107.210: Application time: 0.0366350 seconds
107.210: [GC107.210: [ParNew: 6924K->315K(7424K), 0.0003440 secs] 19227K->12619K(23808K), 0.0003590 secs] [Times: user=0.01 sys=0.00, real=0.00 secs] 
107.210: Total time for which application threads were stopped: 0.0004490 seconds, Stopping threads took: 0.0000450 seconds
107.247: Application time: 0.0369970 seconds
107.247: [GC107.247: [ParNew: 6971K->309K(7424K), 0.0003300 secs] 19275K->12612K(23808K), 0.0003500 secs] [Times: user=0.00 sys=0.00, real=0.00 secs] 
107.248: Total time for which application threads were stopped: 0.0004420 seconds, Stopping threads took: 0.0000440 seconds
107.285: Application time: 0.0375970 seconds
107.285: [GC107.285: [ParNew: 6965K->312K(7424K), 0.0002470 secs] 19268K->12615K(23808K), 0.0002620 secs] [Times: user=0.00 sys=0.00, real=0.00 secs] 
107.286: Total time for which application threads were stopped: 0.0003490 seconds, Stopping threads took: 0.0000410 seconds
107.322: Application time: 0.0369660 seconds
107.323: [GC107.323: [ParNew: 6968K->291K(7424K), 0.0003250 secs] 19271K->12595K(23808K), 0.0003490 secs] [Times: user=0.00 sys=0.00, real=0.00 secs] 
107.323: Total time for which application threads were stopped: 0.0004650 seconds, Stopping threads took: 0.0000550 seconds
107.360: Application time: 0.0365670 seconds
107.360: [GC107.360: [ParNew: 6947K->312K(7424K), 0.0002750 secs] 19251K->12615K(23808K), 0.0002920 secs] [Times: user=0.00 sys=0.00, real=0.00 secs] 
107.360: Total time for which application threads were stopped: 0.0003910 seconds, Stopping threads took: 0.0000490 seconds
107.397: Application time: 0.0372280 seconds
107.397: [GC107.397: [ParNew: 6968K->281K(7424K), 0.0002700 secs] 19271K->12648K(23808K), 0.0002890 secs] [Times: user=0.00 sys=0.00, real=0.00 secs] 
107.398: Total time for which application threads were stopped: 0.0003820 seconds, Stopping threads took: 0.0000440 seconds
107.434: Application time: 0.0368480 seconds
107.434: [GC107.434: [ParNew: 6937K->282K(7424K), 0.0002600 secs] 19304K->12649K(23808K), 0.0002790 secs] [Times: user=0.00 sys=0.00, real=0.00 secs] 
107.435: Total time for which application threads were stopped: 0.0003670 seconds, Stopping threads took: 0.0000420 seconds
107.471: Application time: 0.0367450 seconds
107.472: [GC107.472: [ParNew: 6938K->283K(7424K), 0.0002740 secs] 19305K->12650K(23808K), 0.0003000 secs] [Times: user=0.01 sys=0.00, real=0.00 secs] 
107.472: Total time for which application threads were stopped: 0.0003940 seconds, Stopping threads took: 0.0000470 seconds
107.510: Application time: 0.0381170 seconds
107.510: [GC107.510: [ParNew: 6939K->222K(7424K), 0.0004930 secs] 19306K->12689K(23808K), 0.0005160 secs] [Times: user=0.00 sys=0.00, real=0.00 secs] 
107.511: Total time for which application threads were stopped: 0.0007860 seconds, Stopping threads took: 0.0001920 seconds
107.548: Application time: 0.0371170 seconds
107.548: [GC107.548: [ParNew: 6878K->197K(7424K), 0.0002770 secs] 19345K->12728K(23808K), 0.0002950 secs] [Times: user=0.00 sys=0.00, real=0.00 secs] 
107.548: Total time for which application threads were stopped: 0.0004200 seconds, Stopping threads took: 0.0000650 seconds
107.585: Application time: 0.0366060 seconds
107.585: [GC107.585: [ParNew: 6853K->230K(7424K), 0.0002460 secs] 19384K->12762K(23808K), 0.0002660 secs] [Times: user=0.00 sys=0.00, real=0.00 secs] 
107.585: Total time for which application threads were stopped: 0.0003680 seconds, Stopping threads took: 0.0000510 seconds
107.621: Application time: 0.0355950 seconds
107.621: [GC107.621: [ParNew: 6886K->258K(7424K), 0.0002630 secs] 19418K->12845K(23808K), 0.0002800 secs] [Times: user=0.00 sys=0.00, real=0.00 secs] 
107.621: Total time for which application threads were stopped: 0.0003670 seconds, Stopping threads took: 0.0000400 seconds
107.658: Application time: 0.0363080 seconds
107.658: [GC107.658: [ParNew: 6914K->283K(7424K), 0.0002680 secs] 19501K->12871K(23808K), 0.0002860 secs] [Times: user=0.00 sys=0.00, real=0.00 secs] 
107.658: Total time for which application threads were stopped: 0.0003700 seconds, Stopping threads took: 0.0000380 seconds
107.695: Application time: 0.0372290 seconds
107.695: [GC107.695: [ParNew: 6939K->279K(7424K), 0.0002400 secs] 19527K->12866K(23808K), 0.0002570 secs] [Times: user=0.00 sys=0.00, real=0.00 secs] 
107.696: Total time for which application threads were stopped: 0.0003500 seconds, Stopping threads took: 0.0000470 seconds
107.731: Application time: 0.0358120 seconds
107.731: [GC107.731: [ParNew: 6935K->338K(7424K), 0.0002820 secs] 19522K->12925K(23808K), 0.0003000 secs] [Times: user=0.00 sys=0.00, real=0.00 secs] 
107.732: Total time for which application threads were stopped: 0.0003890 seconds, Stopping threads took: 0.0000390 seconds
107.769: Application time: 0.0373140 seconds
107.769: [GC107.769: [ParNew: 6994K->332K(7424K), 0.0003070 secs] 19581K->12920K(23808K), 0.0003250 secs] [Times: user=0.00 sys=0.00, real=0.00 secs] 
107.769: Total time for which application threads were stopped: 0.0004150 seconds, Stopping threads took: 0.0000400 seconds
107.806: Application time: 0.0364340 seconds
107.806: [GC107.806: [ParNew: 6988K->368K(7424K), 0.0003080 secs] 19576K->12955K(23808K), 0.0003280 secs] [Times: user=0.01 sys=0.00, real=0.00 secs] 
107.806: Total time for which application threads were stopped: 0.0004210 seconds, Stopping threads took: 0.0000440 seconds
107.842: Application time: 0.0361650 seconds
107.843: [GC107.843: [ParNew: 7024K->393K(7424K), 0.0003570 secs] 19611K->12980K(23808K), 0.0003740 secs] [Times: user=0.00 sys=0.00, real=0.00 secs] 
107.843: Total time for which application threads were stopped: 0.0004620 seconds, Stopping threads took: 0.0000410 seconds
107.880: Application time: 0.0371280 seconds
107.880: [GC107.880: [ParNew: 7049K->390K(7424K), 0.0003160 secs] 19636K->12977K(23808K), 0.0003330 secs] [Times: user=0.00 sys=0.00, real=0.00 secs] 
107.880: Total time for which application threads were stopped: 0.0004180 seconds, Stopping threads took: 0.0000370 seconds
107.917: Application time: 0.0366160 seconds
107.917: [GC107.917: [ParNew: 7046K->388K(7424K), 0.0002950 secs] 19633K->12976K(23808K), 0.0003120 secs] [Times: user=0.00 sys=0.00, real=0.00 secs] 
107.918: Total time for which application threads were stopped: 0.0004170 seconds, Stopping threads took: 0.0000590 seconds
107.955: Application time: 0.0372390 seconds
107.955: [GC107.955: [ParNew: 7044K->396K(7424K), 0.0002670 secs] 19632K->12983K(23808K), 0.0002910 secs] [Times: user=0.00 sys=0.00, real=0.00 secs] 
107.955: Total time for which application threads were stopped: 0.0003960 seconds, Stopping threads took: 0.0000590 seconds
107.992: Application time: 0.0366790 seconds
107.992: [GC107.992: [ParNew: 7052K->393K(7424K), 0.0003520 secs] 19639K->12980K(23808K), 0.0003700 secs] [Times: user=0.00 sys=0.00, real=0.00 secs] 
107.992: Total time for which application threads were stopped: 0.0004550 seconds, Stopping threads took: 0.0000380 seconds
108.029: Application time: 0.0369550 seconds
108.029: [GC108.029: [ParNew: 7049K->387K(7424K), 0.0003500 secs] 19636K->12974K(23808K), 0.0003690 secs] [Times: user=0.00 sys=0.00, real=0.00 secs] 
108.030: Total time for which application threads were stopped: 0.0004600 seconds, Stopping threads took: 0.0000430 seconds
108.066: Application time: 0.0366770 seconds
108.066: [GC108.066: [ParNew: 7043K->397K(7424K), 0.0002660 secs] 19630K->12984K(23808K), 0.0002850 secs] [Times: user=0.00 sys=0.00, real=0.00 secs] 
108.067: Total time for which application threads were stopped: 0.0003860 seconds, Stopping threads took: 0.0000420 seconds
108.104: Application time: 0.0372730 seconds
108.104: [GC108.104: [ParNew: 7053K->389K(7424K), 0.0002690 secs] 19640K->12977K(23808K), 0.0002850 secs] [Times: user=0.00 sys=0.00, real=0.00 secs] 
108.104: Total time for which application threads were stopped: 0.0003880 seconds, Stopping threads took: 0.0000570 seconds
108.141: Application time: 0.0366650 seconds
108.141: [GC108.141: [ParNew: 7045K->368K(7424K), 0.0002980 secs] 19633K->13011K(23808K), 0.0003160 secs] [Times: user=0.01 sys=0.00, real=0.00 secs] 
108.142: Total time for which application threads were stopped: 0.0004110 seconds, Stopping threads took: 0.0000460 seconds
108.178: Application time: 0.0368390 seconds
108.178: [GC108.178: [ParNew: 7024K->304K(7424K), 0.0003420 secs] 19667K->13035K(23808K), 0.0003600 secs] [Times: user=0.00 sys=0.00, real=0.00 secs] 
108.179: Total time for which application threads were stopped: 0.0004550 seconds, Stopping threads took: 0.0000440 seconds
108.215: Application time: 0.0366850 seconds
108.216: [GC108.216: [ParNew: 6960K->278K(7424K), 0.0003180 secs] 19691K->13066K(23808K), 0.0003370 secs] [Times: user=0.01 sys=0.00, real=0.00 secs] 
108.216: Total time for which application threads were stopped: 0.0004240 seconds, Stopping threads took: 0.0000370 seconds
108.253: Application time: 0.0371460 seconds
108.253: [GC108.253: [ParNew: 6934K->280K(7424K), 0.0003190 secs] 19722K->13068K(23808K), 0.0003360 secs] [Times: user=0.00 sys=0.00, real=0.00 secs] 
108.253: Total time for which application threads were stopped: 0.0004250 seconds, Stopping threads took: 0.0000410 seconds
108.290: Application time: 0.0369840 seconds
108.291: [GC108.291: [ParNew: 6936K->223K(7424K), 0.0002420 secs] 19724K->13114K(23808K), 0.0002590 secs] [Times: user=0.00 sys=0.00, real=0.00 secs] 
108.291: Total time for which application threads were stopped: 0.0003630 seconds, Stopping threads took: 0.0000580 seconds
108.328: Application time: 0.0371700 seconds
108.328: [GC108.328: [ParNew: 6879K->222K(7424K), 0.0002930 secs] 19770K->13113K(23808K), 0.0003180 secs] [Times: user=0.00 sys=0.00, real=0.00 secs] 
108.328: Total time for which application threads were stopped: 0.0004220 seconds, Stopping threads took: 0.0000430 seconds
108.365: Application time: 0.0369180 seconds
108.365: [GC108.365: [ParNew: 6878K->195K(7424K), 0.0002470 secs] 19769K->13159K(23808K), 0.0002640 secs] [Times: user=0.00 sys=0.00, real=0.00 secs] 
108.366: Total time for which application threads were stopped: 0.0003530 seconds, Stopping threads took: 0.0000430 seconds
108.401: Application time: 0.0352520 seconds
108.401: [GC108.401: [ParNew: 6851K->249K(7424K), 0.0002570 secs] 19815K->13277K(23808K), 0.0002760 secs] [Times: user=0.00 sys=0.00, real=0.00 secs] 
108.401: Total time for which application threads were stopped: 0.0003800 seconds, Stopping threads took: 0.0000470 seconds
108.438: Application time: 0.0366090 seconds
108.438: [GC108.438: [ParNew: 6905K->279K(7424K), 0.0003790 secs] 19933K->13306K(23808K), 0.0003960 secs] [Times: user=0.00 sys=0.00, real=0.00 secs] 
108.438: Total time for which application threads were stopped: 0.0004870 seconds, Stopping threads took: 0.0000400 seconds
108.475: Application time: 0.0368700 seconds
108.475: [GC108.475: [ParNew: 6935K->279K(7424K), 0.0003160 secs] 19962K->13306K(23808K), 0.0003340 secs] [Times: user=0.00 sys=0.00, real=0.00 secs] 
108.476: Total time for which application threads were stopped: 0.0004230 seconds, Stopping threads took: 0.0000420 seconds
108.512: Application time: 0.0364880 seconds
108.512: [GC108.512: [ParNew: 6935K->287K(7424K), 0.0003510 secs] 19962K->13314K(23808K), 0.0003680 secs] [Times: user=0.00 sys=0.00, real=0.00 secs] 
108.513: Total time for which application threads were stopped: 0.0004760 seconds, Stopping threads took: 0.0000590 seconds
108.549: Application time: 0.0365510 seconds
108.549: [GC108.549: [ParNew: 6943K->332K(7424K), 0.0003640 secs] 19970K->13360K(23808K), 0.0003840 secs] [Times: user=0.00 sys=0.00, real=0.00 secs] 
108.550: Total time for which application threads were stopped: 0.0004880 seconds, Stopping threads took: 0.0000580 seconds
108.586: Application time: 0.0361800 seconds
108.586: [GC108.586: [ParNew: 6988K->368K(7424K), 0.0002770 secs] 20016K->13396K(23808K), 0.0002980 secs] [Times: user=0.00 sys=0.00, real=0.00 secs] 
108.586: Total time for which application threads were stopped: 0.0003970 seconds, Stopping threads took: 0.0000390 seconds
108.623: Application time: 0.0371320 seconds
108.624: [GC108.624: [ParNew: 7024K->349K(7424K), 0.0003440 secs] 20052K->13376K(23808K), 0.0003610 secs] [Times: user=0.00 sys=0.00, real=0.00 secs] 
108.624: Total time for which application threads were stopped: 0.0004460 seconds, Stopping threads took: 0.0000370 seconds
108.660: Application time: 0.0364060 seconds
108.660: [GC108.660: [ParNew: 7005K->392K(7424K), 0.0002710 secs] 20032K->13419K(23808K), 0.0002890 secs] [Times: user=0.00 sys=0.00, real=0.00 secs] 
108.661: Total time for which application threads were stopped: 0.0003780 seconds, Stopping threads took: 0.0000420 seconds
108.697: Application time: 0.0365600 seconds
108.697: [GC108.697: [ParNew: 7048K->393K(7424K), 0.0002950 secs] 20075K->13421K(23808K), 0.0003110 secs] [Times: user=0.01 sys=0.00, real=0.00 secs] 
108.698: Total time for which application threads were stopped: 0.0004000 seconds, Stopping threads took: 0.0000420 seconds
108.735: Application time: 0.0371410 seconds
108.735: [GC108.735: [ParNew: 7049K->395K(7424K), 0.0002960 secs] 20077K->13422K(23808K), 0.0003140 secs] [Times: user=0.01 sys=0.00, real=0.00 secs] 
108.735: Total time for which application threads were stopped: 0.0004010 seconds, Stopping threads took: 0.0000390 seconds
108.772: Application time: 0.0367600 seconds
108.772: [GC108.772: [ParNew: 7051K->396K(7424K), 0.0003470 secs] 20078K->13424K(23808K), 0.0003630 secs] [Times: user=0.00 sys=0.00, real=0.00 secs] 
108.772: Total time for which application threads were stopped: 0.0004770 seconds, Stopping threads took: 0.0000680 seconds
108.809: Application time: 0.0369010 seconds
108.809: [GC108.809: [ParNew: 7052K->393K(7424K), 0.0003470 secs] 20080K->13420K(23808K), 0.0003640 secs] [Times: user=0.01 sys=0.00, real=0.00 secs] 
108.810: Total time for which application threads were stopped: 0.0004570 seconds, Stopping threads took: 0.0000500 seconds
108.847: Application time: 0.0367360 seconds
108.847: [GC108.847: [ParNew: 7049K->394K(7424K), 0.0002830 secs] 20076K->13421K(23808K), 0.0003000 secs] [Times: user=0.00 sys=0.00, real=0.00 secs] 
108.847: Total time for which application threads were stopped: 0.0003820 seconds, Stopping threads took: 0.0000380 seconds
108.884: Application time: 0.0370080 seconds
108.884: [GC108.884: [ParNew: 7050K->389K(7424K), 0.0002900 secs] 20077K->13417K(23808K), 0.0003140 secs] [Times: user=0.01 sys=0.00, real=0.00 secs] 
108.884: Total time for which application threads were stopped: 0.0003910 seconds, Stopping threads took: 0.0000310 seconds
108.921: Application time: 0.0365760 seconds
108.921: [GC108.921: [ParNew: 7045K->393K(7424K), 0.0002620 secs] 20073K->13420K(23808K), 0.0002800 secs] [Times: user=0.00 sys=0.00, real=0.00 secs] 
108.921: Total time for which application threads were stopped: 0.0003710 seconds, Stopping threads took: 0.0000440 seconds
108.958: Application time: 0.0371430 seconds
108.958: [GC108.958: [ParNew: 7049K->300K(7424K), 0.0003740 secs] 20076K->13440K(23808K), 0.0003920 secs] [Times: user=0.00 sys=0.00, real=0.00 secs] 
108.959: Total time for which application threads were stopped: 0.0004770 seconds, Stopping threads took: 0.0000390 seconds
108.996: Application time: 0.0367310 seconds
108.996: [GC108.996: [ParNew: 6956K->281K(7424K), 0.0003450 secs] 20096K->13476K(23808K), 0.0003640 secs] [Times: user=0.00 sys=0.00, real=0.00 secs] 
108.996: Total time for which application threads were stopped: 0.0004510 seconds, Stopping threads took: 0.0000370 seconds
109.034: Application time: 0.0379010 seconds
109.034: [GC109.034: [ParNew: 6937K->283K(7424K), 0.0003750 secs] 20132K->13479K(23808K), 0.0003990 secs] [Times: user=0.00 sys=0.00, real=0.00 secs] 
109.034: Total time for which application threads were stopped: 0.0005130 seconds, Stopping threads took: 0.0000560 seconds
109.071: Application time: 0.0369840 seconds
109.072: [GC109.072: [ParNew: 6939K->248K(7424K), 0.0003390 secs] 20135K->13492K(23808K), 0.0003560 secs] [Times: user=0.00 sys=0.00, real=0.00 secs] 
109.072: Total time for which application threads were stopped: 0.0004490 seconds, Stopping threads took: 0.0000420 seconds
109.109: Application time: 0.0374700 seconds
109.109: [GC109.110: [ParNew: 6904K->224K(7424K), 0.0002820 secs] 20148K->13524K(23808K), 0.0003010 secs] [Times: user=0.00 sys=0.00, real=0.00 secs] 
109.110: Total time for which application threads were stopped: 0.0004110 seconds, Stopping threads took: 0.0000500 seconds
109.147: Application time: 0.0370260 seconds
109.147: [GC109.147: [ParNew: 6880K->197K(7424K), 0.0002470 secs] 20180K->13553K(23808K), 0.0002650 secs] [Times: user=0.00 sys=0.00, real=0.00 secs] 
109.147: Total time for which application threads were stopped: 0.0003520 seconds, Stopping threads took: 0.0000390 seconds
109.182: Application time: 0.0352300 seconds
109.182: [GC109.183: [ParNew: 6853K->282K(7424K), 0.0002670 secs] 20209K->13638K(23808K), 0.0002860 secs] [Times: user=0.01 sys=0.00, real=0.00 secs] 
109.183: Total time for which application threads were stopped: 0.0003760 seconds, Stopping threads took: 0.0000420 seconds
109.219: Application time: 0.0364780 seconds
109.219: [GC109.219: [ParNew: 6938K->282K(7424K), 0.0002760 secs] 20294K->13694K(23808K), 0.0002950 secs] [Times: user=0.00 sys=0.00, real=0.00 secs] 
109.220: Total time for which application threads were stopped: 0.0003880 seconds, Stopping threads took: 0.0000450 seconds
109.257: Application time: 0.0370960 seconds
109.257: [GC109.257: [ParNew: 6938K->278K(7424K), 0.0002430 secs] 20350K->13690K(23808K), 0.0002610 secs] [Times: user=0.00 sys=0.00, real=0.00 secs] 
109.257: Total time for which application threads were stopped: 0.0003450 seconds, Stopping threads took: 0.0000390 seconds
109.294: Application time: 0.0365380 seconds
109.294: [GC109.294: [ParNew: 6934K->293K(7424K), 0.0003280 secs] 20346K->13705K(23808K), 0.0003470 secs] [Times: user=0.00 sys=0.00, real=0.01 secs] 
109.294: Total time for which application threads were stopped: 0.0004430 seconds, Stopping threads took: 0.0000470 seconds
109.331: Application time: 0.0365460 seconds
109.331: [GC109.331: [ParNew: 6949K->334K(7424K), 0.0003230 secs] 20361K->13745K(23808K), 0.0003430 secs] [Times: user=0.00 sys=0.00, real=0.00 secs] 
109.331: Total time for which application threads were stopped: 0.0004510 seconds, Stopping threads took: 0.0000500 seconds
109.368: Application time: 0.0364130 seconds
109.368: [GC109.368: [ParNew: 6990K->371K(7424K), 0.0003460 secs] 20401K->13783K(23808K), 0.0003710 secs] [Times: user=0.00 sys=0.00, real=0.00 secs] 
109.368: Total time for which application threads were stopped: 0.0004650 seconds, Stopping threads took: 0.0000460 seconds
109.405: Application time: 0.0370610 seconds
109.405: [GC109.405: [ParNew: 7027K->368K(7424K), 0.0002590 secs] 20439K->13780K(23808K), 0.0002780 secs] [Times: user=0.00 sys=0.00, real=0.00 secs] 
109.405: Total time for which application threads were stopped: 0.0003730 seconds, Stopping threads took: 0.0000480 seconds
109.442: Application time: 0.0364730 seconds
109.442: [GC109.442: [ParNew: 7024K->394K(7424K), 0.0002700 secs] 20436K->13806K(23808K), 0.0002890 secs] [Times: user=0.00 sys=0.00, real=0.01 secs] 
109.442: Total time for which application threads were stopped: 0.0003800 seconds, Stopping threads took: 0.0000440 seconds
109.479: Application time: 0.0366860 seconds
109.479: [GC109.479: [ParNew: 7050K->393K(7424K), 0.0002740 secs] 20462K->13805K(23808K), 0.0002930 secs] [Times: user=0.00 sys=0.00, real=0.00 secs] 
109.479: Total time for which application threads were stopped: 0.0003870 seconds, Stopping threads took: 0.0000440 seconds
109.516: Application time: 0.0368760 seconds
109.516: [GC109.516: [ParNew: 7049K->397K(7424K), 0.0003070 secs] 20461K->13808K(23808K), 0.0003240 secs] [Times: user=0.00 sys=0.00, real=0.00 secs] 
109.517: Total time for which application threads were stopped: 0.0004160 seconds, Stopping threads took: 0.0000440 seconds
109.554: Application time: 0.0371680 seconds
109.554: [GC109.554: [ParNew: 7053K->398K(7424K), 0.0003040 secs] 20464K->13809K(23808K), 0.0003220 secs] [Times: user=0.00 sys=0.00, real=0.01 secs] 
109.554: Total time for which application threads were stopped: 0.0004100 seconds, Stopping threads took: 0.0000410 seconds
109.591: Application time: 0.0366840 seconds
109.591: [GC109.591: [ParNew: 7054K->398K(7424K), 0.0002900 secs] 20465K->13809K(23808K), 0.0003070 secs] [Times: user=0.01 sys=0.00, real=0.00 secs] 
109.591: Total time for which application threads were stopped: 0.0004120 seconds, Stopping threads took: 0.0000580 seconds
109.628: Application time: 0.0368910 seconds
109.628: [GC109.628: [ParNew: 7054K->397K(7424K), 0.0002860 secs] 20465K->13808K(23808K), 0.0003030 secs] [Times: user=0.00 sys=0.00, real=0.00 secs] 
109.629: Total time for which application threads were stopped: 0.0004020 seconds, Stopping threads took: 0.0000440 seconds
109.665: Application time: 0.0368480 seconds
109.666: [GC109.666: [ParNew: 7053K->397K(7424K), 0.0003150 secs] 20464K->13808K(23808K), 0.0003320 secs] [Times: user=0.00 sys=0.00, real=0.00 secs] 
109.666: Total time for which application threads were stopped: 0.0004210 seconds, Stopping threads took: 0.0000450 seconds
109.703: Application time: 0.0369310 seconds
109.703: [GC109.703: [ParNew: 7053K->319K(7424K), 0.0002910 secs] 20464K->13851K(23808K), 0.0003100 secs] [Times: user=0.00 sys=0.00, real=0.00 secs] 
109.703: Total time for which application threads were stopped: 0.0004170 seconds, Stopping threads took: 0.0000600 seconds
109.740: Application time: 0.0368340 seconds
109.740: [GC109.740: [ParNew: 6975K->304K(7424K), 0.0002750 secs] 20507K->13836K(23808K), 0.0002920 secs] [Times: user=0.00 sys=0.00, real=0.00 secs] 
109.740: Total time for which application threads were stopped: 0.0003840 seconds, Stopping threads took: 0.0000440 seconds
109.777: Application time: 0.0366090 seconds
109.777: [GC109.777: [ParNew: 6960K->281K(7424K), 0.0002480 secs] 20492K->13877K(23808K), 0.0002640 secs] [Times: user=0.01 sys=0.00, real=0.00 secs] 
109.777: Total time for which application threads were stopped: 0.0003490 seconds, Stopping threads took: 0.0000400 seconds
109.815: Application time: 0.0371660 seconds
109.815: [GC109.815: [ParNew: 6937K->285K(7424K), 0.0002520 secs] 20533K->13881K(23808K), 0.0002680 secs] [Times: user=0.00 sys=0.00, real=0.00 secs] 
109.815: Total time for which application threads were stopped: 0.0003510 seconds, Stopping threads took: 0.0000390 seconds
109.852: Application time: 0.0369990 seconds
109.852: [GC109.852: [ParNew: 6941K->257K(7424K), 0.0002770 secs] 20537K->13917K(23808K), 0.0003010 secs] [Times: user=0.00 sys=0.00, real=0.00 secs] 
109.852: Total time for which application threads were stopped: 0.0003830 seconds, Stopping threads took: 0.0000380 seconds
109.889: Application time: 0.0368830 seconds
109.889: [GC109.889: [ParNew: 6913K->229K(7424K), 0.0002570 secs] 20573K->13969K(23808K), 0.0002750 secs] [Times: user=0.00 sys=0.00, real=0.00 secs] 
109.890: Total time for which application threads were stopped: 0.0003600 seconds, Stopping threads took: 0.0000380 seconds
109.927: Application time: 0.0370600 seconds
109.927: [GC109.927: [ParNew: 6885K->198K(7424K), 0.0002470 secs] 20625K->14010K(23808K), 0.0002640 secs] [Times: user=0.00 sys=0.00, real=0.00 secs] 
109.927: Total time for which application threads were stopped: 0.0003550 seconds, Stopping threads took: 0.0000460 seconds
109.963: Application time: 0.0357820 seconds
109.963: [GC109.963: [ParNew: 6854K->247K(7424K), 0.0002540 secs] 20666K->14059K(23808K), 0.0002700 secs] [Times: user=0.00 sys=0.00, real=0.00 secs] 
109.963: Total time for which application threads were stopped: 0.0003590 seconds, Stopping threads took: 0.0000420 seconds
109.999: Application time: 0.0360010 seconds
109.999: [GC109.999: [ParNew: 6903K->285K(7424K), 0.0002680 secs] 20715K->14161K(23808K), 0.0002870 secs] [Times: user=0.00 sys=0.00, real=0.00 secs] 
110.000: Total time for which application threads were stopped: 0.0003940 seconds, Stopping threads took: 0.0000590 seconds
110.036: Application time: 0.0368780 seconds
110.036: [GC110.036: [ParNew: 6941K->278K(7424K), 0.0002620 secs] 20817K->14154K(23808K), 0.0002780 secs] [Times: user=0.00 sys=0.00, real=0.00 secs] 
110.037: Total time for which application threads were stopped: 0.0003640 seconds, Stopping threads took: 0.0000390 seconds
110.074: Application time: 0.0369380 seconds
110.074: [GC110.074: [ParNew: 6934K->276K(7424K), 0.0002860 secs] 20810K->14152K(23808K), 0.0003040 secs] [Times: user=0.00 sys=0.00, real=0.01 secs] 
110.074: Total time for which application threads were stopped: 0.0003900 seconds, Stopping threads took: 0.0000390 seconds
110.110: Application time: 0.0361120 seconds
110.110: [GC110.110: [ParNew: 6932K->337K(7424K), 0.0002660 secs] 20808K->14213K(23808K), 0.0002830 secs] [Times: user=0.00 sys=0.00, real=0.00 secs] 
110.111: Total time for which application threads were stopped: 0.0003690 seconds, Stopping threads took: 0.0000370 seconds
110.147: Application time: 0.0368480 seconds
110.148: [GC110.148: [ParNew: 6993K->326K(7424K), 0.0002580 secs] 20869K->14202K(23808K), 0.0002760 secs] [Times: user=0.01 sys=0.00, real=0.00 secs] 
110.148: Total time for which application threads were stopped: 0.0003760 seconds, Stopping threads took: 0.0000410 seconds
110.184: Application time: 0.0364390 seconds
110.184: [GC110.184: [ParNew: 6982K->373K(7424K), 0.0003240 secs] 20858K->14249K(23808K), 0.0003430 secs] [Times: user=0.00 sys=0.00, real=0.00 secs] 
110.185: Total time for which application threads were stopped: 0.0004340 seconds, Stopping threads took: 0.0000410 seconds
110.221: Application time: 0.0365030 seconds
110.221: [GC110.221: [ParNew: 7029K->401K(7424K), 0.0002880 secs] 20905K->14277K(23808K), 0.0003060 secs] [Times: user=0.00 sys=0.00, real=0.00 secs] 
110.222: Total time for which application threads were stopped: 0.0003960 seconds, Stopping threads took: 0.0000430 seconds
110.259: Application time: 0.0371810 seconds
110.259: [GC110.259: [ParNew: 7057K->398K(7424K), 0.0002740 secs] 20933K->14274K(23808K), 0.0002910 secs] [Times: user=0.00 sys=0.00, real=0.00 secs] 
110.259: Total time for which application threads were stopped: 0.0003730 seconds, Stopping threads took: 0.0000360 seconds
110.296: Application time: 0.0367740 seconds
110.298: [GC110.298: [ParNew: 7054K->391K(7424K), 0.0003040 secs] 20930K->14267K(23808K), 0.0003210 secs] [Times: user=0.00 sys=0.00, real=0.00 secs] 
110.298: Total time for which application threads were stopped: 0.0025150 seconds, Stopping threads took: 0.0021460 seconds
110.335: Application time: 0.0369240 seconds
110.335: [GC110.335: [ParNew: 7047K->393K(7424K), 0.0003380 secs] 20923K->14269K(23808K), 0.0003680 secs] [Times: user=0.00 sys=0.00, real=0.00 secs] 
110.336: Total time for which application threads were stopped: 0.0004780 seconds, Stopping threads took: 0.0000510 seconds
110.373: Application time: 0.0366920 seconds
110.373: [GC110.373: [ParNew: 7049K->396K(7424K), 0.0002970 secs] 20925K->14272K(23808K), 0.0003140 secs] [Times: user=0.00 sys=0.00, real=0.00 secs] 
110.373: Total time for which application threads were stopped: 0.0004040 seconds, Stopping threads took: 0.0000390 seconds
110.410: Application time: 0.0369930 seconds
110.410: [GC110.410: [ParNew: 7052K->340K(7424K), 0.0002900 secs] 20928K->14312K(23808K), 0.0003130 secs] [Times: user=0.00 sys=0.01, real=0.00 secs] 
110.410: Total time for which application threads were stopped: 0.0004200 seconds, Stopping threads took: 0.0000610 seconds
110.447: Application time: 0.0368020 seconds
110.447: [GC110.447: [ParNew: 6996K->341K(7424K), 0.0003420 secs] 20968K->14313K(23808K), 0.0003610 secs] [Times: user=0.01 sys=0.00, real=0.00 secs] 
110.448: Total time for which application threads were stopped: 0.0004490 seconds, Stopping threads took: 0.0000400 seconds
110.484: Application time: 0.0368610 seconds
110.485: [GC110.485: [ParNew: 6997K->337K(7424K), 0.0002880 secs] 20969K->14309K(23808K), 0.0003030 secs] [Times: user=0.00 sys=0.00, real=0.00 secs] 
110.485: Total time for which application threads were stopped: 0.0004100 seconds, Stopping threads took: 0.0000620 seconds
110.522: Application time: 0.0374230 seconds
110.526: [GC110.526: [ParNew: 6993K->340K(7424K), 0.0003710 secs] 20965K->14312K(23808K), 0.0003960 secs] [Times: user=0.00 sys=0.00, real=0.00 secs] 
110.526: Total time for which application threads were stopped: 0.0037940 seconds, Stopping threads took: 0.0033330 seconds
110.563: Application time: 0.0369970 seconds
110.563: [GC110.563: [ParNew: 6996K->284K(7424K), 0.0003030 secs] 20968K->14336K(23808K), 0.0003200 secs] [Times: user=0.00 sys=0.00, real=0.00 secs] 
110.564: Total time for which application threads were stopped: 0.0004180 seconds, Stopping threads took: 0.0000480 seconds
110.600: Application time: 0.0369820 seconds
110.601: [GC110.601: [ParNew: 6940K->283K(7424K), 0.0002600 secs] 20992K->14335K(23808K), 0.0002780 secs] [Times: user=0.01 sys=0.00, real=0.00 secs] 
110.601: Total time for which application threads were stopped: 0.0003690 seconds, Stopping threads took: 0.0000430 seconds
110.638: Application time: 0.0366640 seconds
110.638: [GC110.638: [ParNew: 6939K->278K(7424K), 0.0002550 secs] 20991K->14330K(23808K), 0.0002730 secs] [Times: user=0.00 sys=0.00, real=0.00 secs] 
110.638: Total time for which application threads were stopped: 0.0003690 seconds, Stopping threads took: 0.0000500 seconds
110.675: Application time: 0.0369750 seconds
110.675: [GC110.675: [ParNew: 6934K->226K(7424K), 0.0002530 secs] 20986K->14386K(23808K), 0.0002700 secs] [Times: user=0.00 sys=0.00, real=0.00 secs] 
110.675: Total time for which application threads were stopped: 0.0003630 seconds, Stopping threads took: 0.0000370 seconds
110.712: Application time: 0.0371570 seconds
110.712: [GC110.712: [ParNew: 6882K->216K(7424K), 0.0003010 secs] 21042K->14376K(23808K), 0.0003190 secs] [Times: user=0.00 sys=0.00, real=0.00 secs] 
110.713: Total time for which application threads were stopped: 0.0004100 seconds, Stopping threads took: 0.0000430 seconds
110.748: Application time: 0.0355290 seconds
110.748: [GC110.748: [ParNew: 6872K->252K(7424K), 0.0003090 secs] 21032K->14468K(23808K), 0.0003280 secs] [Times: user=0.00 sys=0.00, real=0.00 secs] 
110.749: Total time for which application threads were stopped: 0.0004180 seconds, Stopping threads took: 0.0000410 seconds
110.785: Application time: 0.0365180 seconds
110.785: [GC110.785: [ParNew: 6908K->253K(7424K), 0.0003360 secs] 21124K->14525K(23808K), 0.0003530 secs] [Times: user=0.01 sys=0.00, real=0.00 secs] 
110.786: Total time for which application threads were stopped: 0.0004460 seconds, Stopping threads took: 0.0000370 seconds
110.825: Application time: 0.0388630 seconds
110.825: [GC110.825: [ParNew: 6909K->281K(7424K), 0.0004290 secs] 21181K->14554K(23808K), 0.0004560 secs] [Times: user=0.00 sys=0.00, real=0.00 secs] 
110.825: Total time for which application threads were stopped: 0.0005740 seconds, Stopping threads took: 0.0000560 seconds
110.862: Application time: 0.0369510 seconds
110.862: [GC110.862: [ParNew: 6937K->285K(7424K), 0.0003510 secs] 21210K->14557K(23808K), 0.0003700 secs] [Times: user=0.00 sys=0.00, real=0.00 secs] 
110.863: Total time for which application threads were stopped: 0.0004770 seconds, Stopping threads took: 0.0000580 seconds
110.898: Application time: 0.0358950 seconds
110.899: [GC110.899: [ParNew: 6941K->343K(7424K), 0.0002650 secs] 21213K->14615K(23808K), 0.0002830 secs] [Times: user=0.00 sys=0.00, real=0.00 secs] 
110.899: Total time for which application threads were stopped: 0.0003740 seconds, Stopping threads took: 0.0000410 seconds
110.936: Application time: 0.0369570 seconds
110.936: [GC110.936: [ParNew: 6999K->335K(7424K), 0.0003500 secs] 21271K->14607K(23808K), 0.0003670 secs] [Times: user=0.00 sys=0.00, real=0.00 secs] 
110.936: Total time for which application threads were stopped: 0.0004560 seconds, Stopping threads took: 0.0000420 seconds
110.973: Application time: 0.0362990 seconds
110.973: [GC110.973: [ParNew: 6991K->379K(7424K), 0.0002600 secs] 21263K->14651K(23808K), 0.0002780 secs] [Times: user=0.00 sys=0.00, real=0.00 secs] 
110.973: Total time for which application threads were stopped: 0.0003630 seconds, Stopping threads took: 0.0000380 seconds
111.009: Application time: 0.0363090 seconds
111.009: [GC111.009: [ParNew: 7035K->395K(7424K), 0.0002800 secs] 21307K->14667K(23808K), 0.0002980 secs] [Times: user=0.00 sys=0.00, real=0.00 secs] 
111.010: Total time for which application threads were stopped: 0.0003870 seconds, Stopping threads took: 0.0000420 seconds
111.047: Application time: 0.0369470 seconds
111.047: [GC111.047: [ParNew: 7051K->393K(7424K), 0.0003620 secs] 21323K->14665K(23808K), 0.0003790 secs] [Times: user=0.00 sys=0.00, real=0.00 secs] 
111.047: Total time for which application threads were stopped: 0.0004680 seconds, Stopping threads took: 0.0000410 seconds
111.084: Application time: 0.0368330 seconds
111.084: [GC111.084: [ParNew: 7049K->394K(7424K), 0.0003560 secs] 21321K->14666K(23808K), 0.0003730 secs] [Times: user=0.00 sys=0.00, real=0.00 secs] 
111.084: Total time for which application threads were stopped: 0.0004540 seconds, Stopping threads took: 0.0000350 seconds
111.121: Application time: 0.0369630 seconds
111.121: [GC111.121: [ParNew: 7050K->404K(7424K), 0.0002900 secs] 21322K->14676K(23808K), 0.0003070 secs] [Times: user=0.01 sys=0.00, real=0.00 secs] 
111.122: Total time for which application threads were stopped: 0.0004010 seconds, Stopping threads took: 0.0000480 seconds
111.159: Application time: 0.0368000 seconds
111.159: [GC111.159: [ParNew: 7060K->344K(7424K), 0.0003050 secs] 21332K->14704K(23808K), 0.0003240 secs] [Times: user=0.00 sys=0.00, real=0.00 secs] 
111.159: Total time for which application threads were stopped: 0.0004090 seconds, Stopping threads took: 0.0000370 seconds
111.196: Application time: 0.0369040 seconds
111.196: [GC111.196: [ParNew: 7000K->336K(7424K), 0.0003010 secs] 21360K->14696K(23808K), 0.0003190 secs] [Times: user=0.00 sys=0.00, real=0.00 secs] 
111.196: Total time for which application threads were stopped: 0.0004190 seconds, Stopping threads took: 0.0000440 seconds
111.234: Application time: 0.0372890 seconds
111.234: [GC111.234: [ParNew: 6992K->335K(7424K), 0.0002490 secs] 21352K->14696K(23808K), 0.0002670 secs] [Times: user=0.01 sys=0.00, real=0.00 secs] 
111.234: Total time for which application threads were stopped: 0.0003580 seconds, Stopping threads took: 0.0000430 seconds
111.271: Application time: 0.0366840 seconds
111.271: [GC111.271: [ParNew: 6991K->316K(7424K), 0.0002830 secs] 21352K->14677K(23808K), 0.0003060 secs] [Times: user=0.00 sys=0.00, real=0.00 secs] 
111.271: Total time for which application threads were stopped: 0.0003950 seconds, Stopping threads took: 0.0000450 seconds
111.308: Application time: 0.0369970 seconds
111.308: [GC111.308: [ParNew: 6972K->345K(7424K), 0.0002700 secs] 21333K->14705K(23808K), 0.0002870 secs] [Times: user=0.00 sys=0.00, real=0.00 secs] 
111.308: Total time for which application threads were stopped: 0.0003800 seconds, Stopping threads took: 0.0000480 seconds
111.346: Application time: 0.0372090 seconds
111.346: [GC111.346: [ParNew: 7001K->311K(7424K), 0.0003490 secs] 21361K->14727K(23808K), 0.0003740 secs] [Times: user=0.00 sys=0.00, real=0.00 secs] 
111.346: Total time for which application threads were stopped: 0.0004950 seconds, Stopping threads took: 0.0000600 seconds
111.383: Application time: 0.0369260 seconds
111.383: [GC111.383: [ParNew: 6967K->273K(7424K), 0.0002510 secs] 21383K->14769K(23808K), 0.0002690 secs] [Times: user=0.00 sys=0.00, real=0.00 secs] 
111.383: Total time for which application threads were stopped: 0.0003720 seconds, Stopping threads took: 0.0000520 seconds
111.421: Application time: 0.0372920 seconds
111.421: [GC111.421: [ParNew: 6929K->286K(7424K), 0.0002850 secs] 21425K->14783K(23808K), 0.0003030 secs] [Times: user=0.00 sys=0.00, real=0.00 secs] 
111.421: Total time for which application threads were stopped: 0.0003900 seconds, Stopping threads took: 0.0000380 seconds
111.458: Application time: 0.0367560 seconds
111.458: [GC111.458: [ParNew: 6942K->225K(7424K), 0.0002740 secs] 21439K->14825K(23808K), 0.0002910 secs] [Times: user=0.01 sys=0.00, real=0.00 secs] 
111.458: Total time for which application threads were stopped: 0.0003820 seconds, Stopping threads took: 0.0000440 seconds
111.495: Application time: 0.0369150 seconds
111.495: [GC111.495: [ParNew: 6881K->222K(7424K), 0.0002490 secs] 21481K->14823K(23808K), 0.0002670 secs] [Times: user=0.00 sys=0.00, real=0.00 secs] 
111.495: Total time for which application threads were stopped: 0.0003610 seconds, Stopping threads took: 0.0000480 seconds
111.532: Application time: 0.0364470 seconds
111.532: [GC111.532: [ParNew: 6878K->219K(7424K), 0.0003310 secs] 21479K->14867K(23808K), 0.0003490 secs] [Times: user=0.00 sys=0.00, real=0.00 secs] 
111.532: Total time for which application threads were stopped: 0.0004550 seconds, Stopping threads took: 0.0000580 seconds
111.568: Application time: 0.0357940 seconds
111.568: [GC111.568: [ParNew: 6875K->256K(7424K), 0.0003320 secs] 21523K->14961K(23808K), 0.0003510 secs] [Times: user=0.00 sys=0.00, real=0.00 secs] 
111.569: Total time for which application threads were stopped: 0.0004600 seconds, Stopping threads took: 0.0000600 seconds
111.605: Application time: 0.0368690 seconds
111.606: [GC111.606: [ParNew: 6912K->292K(7424K), 0.0002580 secs] 21617K->14996K(23808K), 0.0002760 secs] [Times: user=0.01 sys=0.00, real=0.00 secs] 
111.606: Total time for which application threads were stopped: 0.0003620 seconds, Stopping threads took: 0.0000390 seconds
111.643: Application time: 0.0366710 seconds
111.643: [GC111.643: [ParNew: 6948K->289K(7424K), 0.0002410 secs] 21652K->14994K(23808K), 0.0002600 secs] [Times: user=0.00 sys=0.00, real=0.00 secs] 
111.643: Total time for which application threads were stopped: 0.0003480 seconds, Stopping threads took: 0.0000420 seconds
111.679: Application time: 0.0361850 seconds
111.679: [GC111.679: [ParNew: 6945K->335K(7424K), 0.0002860 secs] 21650K->15040K(23808K), 0.0003040 secs] [Times: user=0.00 sys=0.00, real=0.00 secs] 
111.679: Total time for which application threads were stopped: 0.0003960 seconds, Stopping threads took: 0.0000430 seconds
111.717: Application time: 0.0373620 seconds
111.717: [GC111.717: [ParNew: 6991K->340K(7424K), 0.0002570 secs] 21696K->15044K(23808K), 0.0002760 secs] [Times: user=0.00 sys=0.00, real=0.00 secs] 
111.717: Total time for which application threads were stopped: 0.0003750 seconds, Stopping threads took: 0.0000420 seconds
111.754: Application time: 0.0363660 seconds
111.754: [GC111.754: [ParNew: 6996K->371K(7424K), 0.0002890 secs] 21700K->15075K(23808K), 0.0003140 secs] [Times: user=0.00 sys=0.00, real=0.00 secs] 
111.754: Total time for which application threads were stopped: 0.0004040 seconds, Stopping threads took: 0.0000420 seconds
111.790: Application time: 0.0363620 seconds
111.790: [GC111.790: [ParNew: 7027K->401K(7424K), 0.0003010 secs] 21731K->15105K(23808K), 0.0003220 secs] [Times: user=0.01 sys=0.00, real=0.00 secs] 
111.791: Total time for which application threads were stopped: 0.0004280 seconds, Stopping threads took: 0.0000520 seconds
111.828: Application time: 0.0368480 seconds
111.828: [GC111.828: [ParNew: 7057K->394K(7424K), 0.0002990 secs] 21761K->15099K(23808K), 0.0003150 secs] [Times: user=0.01 sys=0.00, real=0.00 secs] 
111.828: Total time for which application threads were stopped: 0.0004120 seconds, Stopping threads took: 0.0000480 seconds
111.865: Application time: 0.0370220 seconds
111.865: [GC111.865: [ParNew: 7050K->401K(7424K), 0.0002760 secs] 21755K->15105K(23808K), 0.0002930 secs] [Times: user=0.00 sys=0.00, real=0.00 secs] 
111.865: Total time for which application threads were stopped: 0.0003840 seconds, Stopping threads took: 0.0000480 seconds
111.903: Application time: 0.0371420 seconds
111.906: [GC111.906: [ParNew: 7057K->401K(7424K), 0.0002690 secs] 21761K->15106K(23808K), 0.0002880 secs] [Times: user=0.00 sys=0.00, real=0.00 secs] 
111.906: Total time for which application threads were stopped: 0.0038150 seconds, Stopping threads took: 0.0034790 seconds
111.943: Application time: 0.0366560 seconds
111.943: [GC111.943: [ParNew: 7057K->392K(7424K), 0.0002790 secs] 21762K->15096K(23808K), 0.0002950 secs] [Times: user=0.00 sys=0.00, real=0.00 secs] 
111.943: Total time for which application threads were stopped: 0.0003910 seconds, Stopping threads took: 0.0000480 seconds
111.980: Application time: 0.0365930 seconds
111.980: [GC111.980: [ParNew: 7048K->392K(7424K), 0.0002840 secs] 21752K->15097K(23808K), 0.0003020 secs] [Times: user=0.00 sys=0.00, real=0.00 secs] 
111.980: Total time for which application threads were stopped: 0.0003850 seconds, Stopping threads took: 0.0000370 seconds
112.017: Application time: 0.0369580 seconds
112.017: [GC112.017: [ParNew: 7048K->397K(7424K), 0.0002650 secs] 21753K->15101K(23808K), 0.0002810 secs] [Times: user=0.00 sys=0.00, real=0.00 secs] 
112.018: Total time for which application threads were stopped: 0.0003680 seconds, Stopping threads took: 0.0000420 seconds
112.056: Application time: 0.0382490 seconds
112.056: [GC112.056: [ParNew: 7053K->370K(7424K), 0.0003470 secs] 21757K->15131K(23808K), 0.0003690 secs] [Times: user=0.00 sys=0.00, real=0.00 secs] 
112.056: Total time for which application threads were stopped: 0.0004760 seconds, Stopping threads took: 0.0000510 seconds
112.093: Application time: 0.0366220 seconds
112.093: [GC112.093: [ParNew: 7026K->366K(7424K), 0.0002820 secs] 21787K->15126K(23808K), 0.0002980 secs] [Times: user=0.00 sys=0.00, real=0.00 secs] 
112.094: Total time for which application threads were stopped: 0.0003970 seconds, Stopping threads took: 0.0000510 seconds
112.130: Application time: 0.0366090 seconds
112.134: [GC112.134: [ParNew: 7022K->312K(7424K), 0.0003270 secs] 21782K->15168K(23808K), 0.0003480 secs] [Times: user=0.00 sys=0.00, real=0.00 secs] 
112.135: Total time for which application threads were stopped: 0.0043790 seconds, Stopping threads took: 0.0039810 seconds
112.172: Application time: 0.0372370 seconds
112.172: [GC112.172: [ParNew: 6968K->284K(7424K), 0.0002410 secs] 21824K->15204K(23808K), 0.0002590 secs] [Times: user=0.00 sys=0.00, real=0.00 secs] 
112.172: Total time for which application threads were stopped: 0.0003490 seconds, Stopping threads took: 0.0000430 seconds
112.209: Application time: 0.0370600 seconds
112.209: [GC112.209: [ParNew: 6940K->281K(7424K), 0.0002530 secs] 21860K->15202K(23808K), 0.0002710 secs] [Times: user=0.01 sys=0.00, real=0.00 secs] 
112.210: Total time for which application threads were stopped: 0.0003580 seconds, Stopping threads took: 0.0000410 seconds
112.246: Application time: 0.0366700 seconds
112.246: [GC112.246: [ParNew: 6937K->219K(7424K), 0.0002610 secs] 21858K->15243K(23808K), 0.0002890 secs] [Times: user=0.00 sys=0.00, real=0.00 secs] 
112.247: Total time for which application threads were stopped: 0.0003810 seconds, Stopping threads took: 0.0000380 seconds
112.284: Application time: 0.0372770 seconds
112.284: [GC112.284: [ParNew: 6875K->222K(7424K), 0.0002560 secs] 21899K->15247K(23808K), 0.0002740 secs] [Times: user=0.00 sys=0.00, real=0.00 secs] 
112.284: Total time for which application threads were stopped: 0.0003680 seconds, Stopping threads took: 0.0000470 seconds
112.321: Application time: 0.0371480 seconds
112.321: [GC112.321: [ParNew: 6878K->179K(7424K), 0.0003050 secs] 21903K->15268K(23808K), 0.0003290 secs] [Times: user=0.00 sys=0.00, real=0.00 secs] 
112.322: Total time for which application threads were stopped: 0.0004490 seconds, Stopping threads took: 0.0000580 seconds
112.357: Application time: 0.0353490 seconds
112.357: [GC112.357: [ParNew: 6835K->246K(7424K), 0.0002890 secs] 21924K->15407K(23808K), 0.0003070 secs] [Times: user=0.00 sys=0.00, real=0.00 secs] 
112.358: Total time for which application threads were stopped: 0.0003910 seconds, Stopping threads took: 0.0000370 seconds
112.395: Application time: 0.0371210 seconds
112.395: [GC112.395: [ParNew: 6902K->236K(7424K), 0.0002400 secs] 22063K->15396K(23808K), 0.0002590 secs] [Times: user=0.00 sys=0.00, real=0.00 secs] 
112.395: Total time for which application threads were stopped: 0.0003520 seconds, Stopping threads took: 0.0000450 seconds
112.431: Application time: 0.0363240 seconds
112.431: [GC112.431: [ParNew: 6892K->281K(7424K), 0.0003330 secs] 22052K->15442K(23808K), 0.0003520 secs] [Times: user=0.00 sys=0.00, real=0.00 secs] 
112.432: Total time for which application threads were stopped: 0.0004390 seconds, Stopping threads took: 0.0000410 seconds
112.468: Application time: 0.0363500 seconds
112.468: [GC112.468: [ParNew: 6937K->310K(7424K), 0.0002730 secs] 22098K->15471K(23808K), 0.0002920 secs] [Times: user=0.01 sys=0.00, real=0.00 secs] 
112.469: Total time for which application threads were stopped: 0.0003790 seconds, Stopping threads took: 0.0000400 seconds
112.505: Application time: 0.0360360 seconds
112.505: [GC112.505: [ParNew: 6966K->344K(7424K), 0.0003090 secs] 22127K->15505K(23808K), 0.0003260 secs] [Times: user=0.01 sys=0.00, real=0.00 secs] 
112.505: Total time for which application threads were stopped: 0.0004170 seconds, Stopping threads took: 0.0000450 seconds
112.541: Application time: 0.0364970 seconds
112.542: [GC112.542: [ParNew: 7000K->371K(7424K), 0.0002700 secs] 22161K->15532K(23808K), 0.0002890 secs] [Times: user=0.00 sys=0.00, real=0.00 secs] 
112.542: Total time for which application threads were stopped: 0.0003720 seconds, Stopping threads took: 0.0000340 seconds
112.579: Application time: 0.0366530 seconds
112.579: [GC112.579: [ParNew: 7027K->401K(7424K), 0.0002870 secs] 22188K->15562K(23808K), 0.0003050 secs] [Times: user=0.01 sys=0.00, real=0.00 secs] 
112.579: Total time for which application threads were stopped: 0.0003920 seconds, Stopping threads took: 0.0000380 seconds
112.616: Application time: 0.0371360 seconds
112.616: [GC112.616: [ParNew: 7057K->398K(7424K), 0.0002900 secs] 22218K->15559K(23808K), 0.0003060 secs] [Times: user=0.00 sys=0.00, real=0.00 secs] 
112.616: Total time for which application threads were stopped: 0.0003980 seconds, Stopping threads took: 0.0000450 seconds
112.653: Application time: 0.0367350 seconds
112.653: [GC112.653: [ParNew: 7054K->388K(7424K), 0.0003390 secs] 22215K->15549K(23808K), 0.0003590 secs] [Times: user=0.00 sys=0.00, real=0.00 secs] 
112.654: Total time for which application threads were stopped: 0.0004530 seconds, Stopping threads took: 0.0000430 seconds
112.691: Application time: 0.0372180 seconds
112.691: [GC112.691: [ParNew: 7044K->394K(7424K), 0.0002890 secs] 22205K->15555K(23808K), 0.0003070 secs] [Times: user=0.00 sys=0.00, real=0.00 secs] 
112.691: Total time for which application threads were stopped: 0.0003900 seconds, Stopping threads took: 0.0000370 seconds
112.728: Application time: 0.0367370 seconds
112.728: [GC112.728: [ParNew: 7050K->393K(7424K), 0.0003610 secs] 22211K->15554K(23808K), 0.0003850 secs] [Times: user=0.00 sys=0.00, real=0.00 secs] 
112.728: Total time for which application threads were stopped: 0.0004730 seconds, Stopping threads took: 0.0000420 seconds
112.765: Application time: 0.0366420 seconds
112.765: [GC112.765: [ParNew: 7049K->393K(7424K), 0.0003390 secs] 22210K->15553K(23808K), 0.0003580 secs] [Times: user=0.00 sys=0.00, real=0.00 secs] 
112.766: Total time for which application threads were stopped: 0.0004580 seconds, Stopping threads took: 0.0000440 seconds
112.802: Application time: 0.0366750 seconds
112.802: [GC112.802: [ParNew: 7049K->402K(7424K), 0.0003040 secs] 22209K->15563K(23808K), 0.0003200 secs] [Times: user=0.00 sys=0.00, real=0.00 secs] 
112.803: Total time for which application threads were stopped: 0.0004050 seconds, Stopping threads took: 0.0000400 seconds
112.840: Application time: 0.0373480 seconds
112.840: [GC112.840: [ParNew: 7058K->316K(7424K), 0.0002940 secs] 22219K->15613K(23808K), 0.0003120 secs] [Times: user=0.00 sys=0.00, real=0.00 secs] 
112.840: Total time for which application threads were stopped: 0.0004100 seconds, Stopping threads took: 0.0000500 seconds
112.877: Application time: 0.0365500 seconds
112.877: [GC112.877: [ParNew: 6972K->302K(7424K), 0.0002450 secs] 22269K->15599K(23808K), 0.0002640 secs] [Times: user=0.00 sys=0.00, real=0.00 secs] 
112.877: Total time for which application threads were stopped: 0.0003500 seconds, Stopping threads took: 0.0000390 seconds
112.914: Application time: 0.0368790 seconds
112.914: [GC112.914: [ParNew: 6958K->307K(7424K), 0.0002700 secs] 22255K->15604K(23808K), 0.0002880 secs] [Times: user=0.00 sys=0.00, real=0.00 secs] 
112.915: Total time for which application threads were stopped: 0.0004000 seconds, Stopping threads took: 0.0000630 seconds
112.951: Application time: 0.0367070 seconds
112.951: [GC112.951: [ParNew: 6963K->317K(7424K), 0.0002440 secs] 22260K->15613K(23808K), 0.0002610 secs] [Times: user=0.01 sys=0.00, real=0.00 secs] 
112.952: Total time for which application threads were stopped: 0.0003490 seconds, Stopping threads took: 0.0000420 seconds
112.989: Application time: 0.0370920 seconds
112.989: [GC112.989: [ParNew: 6973K->285K(7424K), 0.0002830 secs] 22269K->15646K(23808K), 0.0003000 secs] [Times: user=0.00 sys=0.00, real=0.00 secs] 
112.989: Total time for which application threads were stopped: 0.0003870 seconds, Stopping threads took: 0.0000400 seconds
113.026: Application time: 0.0369210 seconds
113.026: [GC113.026: [ParNew: 6941K->252K(7424K), 0.0003370 secs] 22302K->15669K(23808K), 0.0003530 secs] [Times: user=0.00 sys=0.00, real=0.00 secs] 
113.026: Total time for which application threads were stopped: 0.0004400 seconds, Stopping threads took: 0.0000400 seconds
113.064: Application time: 0.0371540 seconds
113.064: [GC113.064: [ParNew: 6908K->234K(7424K), 0.0002390 secs] 22325K->15723K(23808K), 0.0002560 secs] [Times: user=0.00 sys=0.00, real=0.00 secs] 
113.064: Total time for which application threads were stopped: 0.0003530 seconds, Stopping threads took: 0.0000490 seconds
113.101: Application time: 0.0368830 seconds
113.101: [GC113.101: [ParNew: 6890K->187K(7424K), 0.0003070 secs] 22379K->15740K(23808K), 0.0003250 secs] [Times: user=0.00 sys=0.00, real=0.00 secs] 
113.101: Total time for which application threads were stopped: 0.0004180 seconds, Stopping threads took: 0.0000460 seconds
113.137: Application time: 0.0352150 seconds
113.137: [GC113.137: [ParNew: 6843K->249K(7424K), 0.0003310 secs] 22396K->15850K(23808K), 0.0003480 secs] [Times: user=0.00 sys=0.00, real=0.00 secs] 
113.137: Total time for which application threads were stopped: 0.0004360 seconds, Stopping threads took: 0.0000440 seconds
113.174: Application time: 0.0369590 seconds
113.174: [GC113.174: [ParNew: 6905K->258K(7424K), 0.0002470 secs] 22506K->15860K(23808K), 0.0002650 secs] [Times: user=0.00 sys=0.00, real=0.01 secs] 
113.174: Total time for which application threads were stopped: 0.0003540 seconds, Stopping threads took: 0.0000360 seconds
113.211: Application time: 0.0363900 seconds
113.211: [GC113.211: [ParNew: 6914K->283K(7424K), 0.0003110 secs] 22516K->15884K(23808K), 0.0003290 secs] [Times: user=0.01 sys=0.00, real=0.00 secs] 
113.211: Total time for which application threads were stopped: 0.0004220 seconds, Stopping threads took: 0.0000440 seconds
113.248: Application time: 0.0364720 seconds
113.248: [GC113.248: [ParNew: 6939K->296K(7424K), 0.0002720 secs] 22540K->15897K(23808K), 0.0002900 secs] [Times: user=0.00 sys=0.00, real=0.00 secs] 
113.248: Total time for which application threads were stopped: 0.0003820 seconds, Stopping threads took: 0.0000430 seconds
113.284: Application time: 0.0365210 seconds
113.285: [GC113.285: [ParNew: 6952K->338K(7424K), 0.0002790 secs] 22553K->15939K(23808K), 0.0002960 secs] [Times: user=0.00 sys=0.00, real=0.00 secs] 
113.285: Total time for which application threads were stopped: 0.0003970 seconds, Stopping threads took: 0.0000430 seconds
113.322: Application time: 0.0370780 seconds
113.326: [GC113.326: [ParNew: 6994K->334K(7424K), 0.0003380 secs] 22595K->15935K(23808K), 0.0003610 secs] [Times: user=0.00 sys=0.00, real=0.00 secs] 
113.326: Total time for which application threads were stopped: 0.0045530 seconds, Stopping threads took: 0.0041290 seconds
113.363: Application time: 0.0364510 seconds
113.363: [GC113.363: [ParNew: 6990K->369K(7424K), 0.0003590 secs] 22591K->15970K(23808K), 0.0003760 secs] [Times: user=0.00 sys=0.00, real=0.00 secs] 
113.363: Total time for which application threads were stopped: 0.0004670 seconds, Stopping threads took: 0.0000440 seconds
113.400: Application time: 0.0364000 seconds
113.400: [GC113.400: [ParNew: 7025K->397K(7424K), 0.0002880 secs] 22626K->15998K(23808K), 0.0003050 secs] [Times: user=0.00 sys=0.00, real=0.00 secs] 
113.400: Total time for which application threads were stopped: 0.0003960 seconds, Stopping threads took: 0.0000450 seconds
113.437: Application time: 0.0366730 seconds
113.437: [GC113.437: [ParNew: 7053K->398K(7424K), 0.0002990 secs] 22654K->15999K(23808K), 0.0003160 secs] [Times: user=0.00 sys=0.00, real=0.00 secs] 
113.437: Total time for which application threads were stopped: 0.0004090 seconds, Stopping threads took: 0.0000460 seconds
113.474: Application time: 0.0371480 seconds
113.475: [GC113.475: [ParNew: 7054K->399K(7424K), 0.0003120 secs] 22655K->16000K(23808K), 0.0003280 secs] [Times: user=0.00 sys=0.00, real=0.00 secs] 
113.475: Total time for which application threads were stopped: 0.0004110 seconds, Stopping threads took: 0.0000360 seconds
113.512: Application time: 0.0367190 seconds
113.512: [GC113.512: [ParNew: 7055K->399K(7424K), 0.0002760 secs] 22656K->16000K(23808K), 0.0002930 secs] [Times: user=0.00 sys=0.00, real=0.00 secs] 
113.512: Total time for which application threads were stopped: 0.0003720 seconds, Stopping threads took: 0.0000330 seconds
113.550: Application time: 0.0379750 seconds
113.550: [GC113.550: [ParNew: 7055K->386K(7424K), 0.0004080 secs] 22656K->15987K(23808K), 0.0004440 secs] [Times: user=0.00 sys=0.00, real=0.00 secs] 
113.550: Total time for which application threads were stopped: 0.0005500 seconds, Stopping threads took: 0.0000500 seconds
113.587: Application time: 0.0366550 seconds
113.587: [GC113.587: [ParNew: 7036K->376K(7424K), 0.0002690 secs] 22637K->15977K(23808K), 0.0002870 secs] [Times: user=0.01 sys=0.00, real=0.00 secs] 
113.588: Total time for which application threads were stopped: 0.0003770 seconds, Stopping threads took: 0.0000440 seconds
113.625: Application time: 0.0372070 seconds
113.625: [GC113.625: [ParNew: 7032K->398K(7424K), 0.0004350 secs] 22633K->15999K(23808K), 0.0004540 secs] [Times: user=0.00 sys=0.00, real=0.00 secs] 
113.625: Total time for which application threads were stopped: 0.0005390 seconds, Stopping threads took: 0.0000380 seconds
113.662: Application time: 0.0368300 seconds
113.662: [GC113.662: [ParNew: 7054K->395K(7424K), 0.0002780 secs] 22655K->15996K(23808K), 0.0003020 secs] [Times: user=0.00 sys=0.00, real=0.00 secs] 
113.662: Total time for which application threads were stopped: 0.0003910 seconds, Stopping threads took: 0.0000410 seconds
113.699: Application time: 0.0367330 seconds
113.699: [GC113.699: [ParNew: 7051K->317K(7424K), 0.0002980 secs] 22652K->16034K(23808K), 0.0003140 secs] [Times: user=0.00 sys=0.00, real=0.00 secs] 
113.700: Total time for which application threads were stopped: 0.0004000 seconds, Stopping threads took: 0.0000390 seconds
113.737: Application time: 0.0370450 seconds
113.737: [GC113.737: [ParNew: 6973K->304K(7424K), 0.0002800 secs] 22690K->16022K(23808K), 0.0003000 secs] [Times: user=0.00 sys=0.00, real=0.00 secs] 
113.737: Total time for which application threads were stopped: 0.0003880 seconds, Stopping threads took: 0.0000370 seconds
113.774: Application time: 0.0366930 seconds
113.774: [GC113.774: [ParNew: 6960K->279K(7424K), 0.0003060 secs] 22678K->16069K(23808K), 0.0003240 secs] [Times: user=0.00 sys=0.00, real=0.01 secs] 
113.774: Total time for which application threads were stopped: 0.0004190 seconds, Stopping threads took: 0.0000520 seconds
113.811: Application time: 0.0366640 seconds
113.811: [GC113.811: [ParNew: 6935K->254K(7424K), 0.0002440 secs] 22725K->16099K(23808K), 0.0002610 secs] [Times: user=0.00 sys=0.00, real=0.00 secs] 
113.811: Total time for which application threads were stopped: 0.0003690 seconds, Stopping threads took: 0.0000510 seconds
113.849: Application time: 0.0376800 seconds
113.849: [GC113.849: [ParNew: 6910K->229K(7424K), 0.0003270 secs] 22755K->16138K(23808K), 0.0003440 secs] [Times: user=0.00 sys=0.00, real=0.00 secs] 
113.849: Total time for which application threads were stopped: 0.0004300 seconds, Stopping threads took: 0.0000410 seconds
113.886: Application time: 0.0366780 seconds
113.886: [GC113.886: [ParNew: 6885K->211K(7424K), 0.0002390 secs] 22794K->16120K(23808K), 0.0002560 secs] [Times: user=0.00 sys=0.00, real=0.00 secs] 
113.886: Total time for which application threads were stopped: 0.0003600 seconds, Stopping threads took: 0.0000580 seconds
113.922: Application time: 0.0358260 seconds
113.922: [GC113.922: [ParNew: 6867K->249K(7424K), 0.0002560 secs] 22776K->16222K(23808K), 0.0002750 secs] [Times: user=0.00 sys=0.00, real=0.00 secs] 
113.923: Total time for which application threads were stopped: 0.0003610 seconds, Stopping threads took: 0.0000360 seconds
113.959: Application time: 0.0366320 seconds
113.959: [GC113.959: [ParNew: 6905K->244K(7424K), 0.0002410 secs] 22878K->16265K(23808K), 0.0002600 secs] [Times: user=0.00 sys=0.00, real=0.00 secs] 
113.960: Total time for which application threads were stopped: 0.0003490 seconds, Stopping threads took: 0.0000400 seconds
113.996: Application time: 0.0364960 seconds
113.996: [GC113.996: [ParNew: 6900K->277K(7424K), 0.0002650 secs] 22921K->16298K(23808K), 0.0002820 secs] [Times: user=0.00 sys=0.00, real=0.00 secs] 
113.996: Total time for which application threads were stopped: 0.0003740 seconds, Stopping threads took: 0.0000450 seconds
114.034: Application time: 0.0376470 seconds
114.034: [GC114.034: [ParNew: 6933K->272K(7424K), 0.0002770 secs] 22954K->16293K(23808K), 0.0002950 secs] [Times: user=0.00 sys=0.00, real=0.00 secs] 
114.034: Total time for which application threads were stopped: 0.0003850 seconds, Stopping threads took: 0.0000450 seconds
114.070: Application time: 0.0357740 seconds
114.070: [GC114.070: [ParNew: 6928K->335K(7424K), 0.0002940 secs] 22949K->16356K(23808K), 0.0003120 secs] [Times: user=0.00 sys=0.00, real=0.00 secs] 
114.071: Total time for which application threads were stopped: 0.0004210 seconds, Stopping threads took: 0.0000590 seconds
114.108: Application time: 0.0373070 seconds
114.108: [GC114.108: [ParNew: 6991K->333K(7424K), 0.0002680 secs] 23012K->16354K(23808K), 0.0002870 secs] [Times: user=0.00 sys=0.00, real=0.00 secs] 
114.108: Total time for which application threads were stopped: 0.0003800 seconds, Stopping threads took: 0.0000440 seconds
114.145: Application time: 0.0363940 seconds
114.145: [GC114.145: [ParNew: 6989K->367K(7424K), 0.0002960 secs] 23010K->16389K(23808K), 0.0003220 secs] [Times: user=0.00 sys=0.00, real=0.00 secs] 
114.145: Total time for which application threads were stopped: 0.0004090 seconds, Stopping threads took: 0.0000390 seconds
114.182: Application time: 0.0364430 seconds
114.182: [GC114.182: [ParNew: 7023K->401K(7424K), 0.0003540 secs] 23045K->16422K(23808K), 0.0003720 secs] [Times: user=0.00 sys=0.00, real=0.00 secs] 
114.182: Total time for which application threads were stopped: 0.0004680 seconds, Stopping threads took: 0.0000450 seconds
114.219: Application time: 0.0369490 seconds
114.219: [GC114.219: [ParNew: 7057K->402K(7424K), 0.0002920 secs] 23078K->16423K(23808K), 0.0003100 secs] [Times: user=0.00 sys=0.00, real=0.00 secs] 
114.219: Total time for which application threads were stopped: 0.0003940 seconds, Stopping threads took: 0.0000370 seconds
114.256: Application time: 0.0370610 seconds
114.257: [GC114.257: [ParNew: 7058K->398K(7424K), 0.0003150 secs] 23079K->16419K(23808K), 0.0003320 secs] [Times: user=0.00 sys=0.00, real=0.00 secs] 
114.257: Total time for which application threads were stopped: 0.0004100 seconds, Stopping threads took: 0.0000330 seconds
114.294: Application time: 0.0368780 seconds
114.294: [GC114.294: [ParNew: 7054K->393K(7424K), 0.0003240 secs] 23075K->16414K(23808K), 0.0003440 secs] [Times: user=0.00 sys=0.00, real=0.01 secs] 
114.294: Total time for which application threads were stopped: 0.0004290 seconds, Stopping threads took: 0.0000380 seconds
114.331: Application time: 0.0369050 seconds
114.331: [GC114.331: [ParNew: 7049K->396K(7424K), 0.0003690 secs] 23070K->16418K(23808K), 0.0003920 secs] [Times: user=0.01 sys=0.00, real=0.00 secs] 
114.332: Total time for which application threads were stopped: 0.0005210 seconds, Stopping threads took: 0.0000580 seconds
114.369: Application time: 0.0370600 seconds
114.369: [GC114.369: [ParNew: 7052K->397K(7424K), 0.0003230 secs] 23074K->16418K(23808K), 0.0003380 secs] [Times: user=0.01 sys=0.00, real=0.00 secs] 
114.369: Total time for which application threads were stopped: 0.0004230 seconds, Stopping threads took: 0.0000380 seconds
114.406: Application time: 0.0366610 seconds
114.406: [GC114.406: [ParNew: 7053K->399K(7424K), 0.0002780 secs] 23074K->16420K(23808K), 0.0002980 secs] [Times: user=0.00 sys=0.00, real=0.00 secs] 
114.406: Total time for which application threads were stopped: 0.0003850 seconds, Stopping threads took: 0.0000420 seconds
114.443: Application time: 0.0369600 seconds
114.443: [GC114.443: [ParNew: 7055K->315K(7424K), 0.0002780 secs] 23076K->16457K(23808K), 0.0002950 secs] [Times: user=0.00 sys=0.00, real=0.00 secs] 
114.443: Total time for which application threads were stopped: 0.0003810 seconds, Stopping threads took: 0.0000400 seconds
114.480: Application time: 0.0365960 seconds
114.482: [GC114.482: [ParNew: 6971K->309K(7424K), 0.0002490 secs] 23113K->16451K(23808K), 0.0002660 secs] [Times: user=0.00 sys=0.00, real=0.00 secs] 
114.482: Total time for which application threads were stopped: 0.0023050 seconds, Stopping threads took: 0.0019920 seconds
114.519: Application time: 0.0370090 seconds
114.519: [GC114.519: [ParNew: 6965K->309K(7424K), 0.0002590 secs] 23107K->16450K(23808K), 0.0002760 secs] [Times: user=0.00 sys=0.00, real=0.00 secs] 
114.520: Total time for which application threads were stopped: 0.0003700 seconds, Stopping threads took: 0.0000490 seconds
114.556: Application time: 0.0367410 seconds
114.557: [GC114.557: [ParNew: 6965K->284K(7424K), 0.0002640 secs] 23106K->16490K(23808K), 0.0002810 secs] [Times: user=0.00 sys=0.00, real=0.00 secs] 
114.557: Total time for which application threads were stopped: 0.0003750 seconds, Stopping threads took: 0.0000470 seconds
114.594: Application time: 0.0369580 seconds
114.594: [GC114.594: [ParNew: 6940K->287K(7424K), 0.0002410 secs] 23146K->16493K(23808K), 0.0002600 secs] [Times: user=0.00 sys=0.00, real=0.01 secs] 
114.594: Total time for which application threads were stopped: 0.0003490 seconds, Stopping threads took: 0.0000420 seconds
114.631: Application time: 0.0369020 seconds
114.631: [GC114.631: [ParNew: 6943K->230K(7424K), 0.0002380 secs] 23149K->16532K(23808K), 0.0002630 secs] [Times: user=0.00 sys=0.00, real=0.00 secs] 
114.631: Total time for which application threads were stopped: 0.0003560 seconds, Stopping threads took: 0.0000430 seconds
114.668: Application time: 0.0369880 seconds
114.669: [GC114.669: [ParNew: 6886K->6886K(7424K), 0.0000060 secs]114.669: [Tenured: 16301K->2582K(16384K), 0.0077510 secs] 23188K->2582K(23808K), [Perm : 6048K->6048K(21248K)], 0.0077930 secs] [Times: user=0.00 sys=0.00, real=0.01 secs] 
114.676: Total time for which application threads were stopped: 0.0078960 seconds, Stopping threads took: 0.0000410 seconds
114.712: Application time: 0.0359510 seconds
114.712: [GC114.712: [ParNew: 6656K->116K(7424K), 0.0002680 secs] 9238K->2699K(23808K), 0.0002850 secs] [Times: user=0.00 sys=0.00, real=0.00 secs] 
114.713: Total time for which application threads were stopped: 0.0003950 seconds, Stopping threads took: 0.0000520 seconds
114.749: Application time: 0.0364300 seconds
114.749: [GC114.749: [ParNew: 6772K->165K(7424K), 0.0002670 secs] 9355K->2747K(23808K), 0.0002870 secs] [Times: user=0.00 sys=0.00, real=0.00 secs] 
114.749: Total time for which application threads were stopped: 0.0003720 seconds, Stopping threads took: 0.0000380 seconds
114.786: Application time: 0.0364480 seconds
114.786: [GC114.786: [ParNew: 6821K->216K(7424K), 0.0002350 secs] 9403K->2798K(23808K), 0.0002550 secs] [Times: user=0.00 sys=0.00, real=0.00 secs] 
114.786: Total time for which application threads were stopped: 0.0003460 seconds, Stopping threads took: 0.0000420 seconds
114.823: Application time: 0.0366990 seconds
114.823: [GC114.823: [ParNew: 6872K->220K(7424K), 0.0002310 secs] 9454K->2802K(23808K), 0.0002480 secs] [Times: user=0.00 sys=0.00, real=0.00 secs] 
114.823: Total time for which application threads were stopped: 0.0003330 seconds, Stopping threads took: 0.0000390 seconds
114.860: Application time: 0.0364750 seconds
114.860: [GC114.860: [ParNew: 6876K->261K(7424K), 0.0002900 secs] 9458K->2843K(23808K), 0.0003090 secs] [Times: user=0.00 sys=0.00, real=0.00 secs] 
114.860: Total time for which application threads were stopped: 0.0004380 seconds, Stopping threads took: 0.0000720 seconds
114.897: Application time: 0.0364840 seconds
114.897: [GC114.897: [ParNew: 6917K->295K(7424K), 0.0003350 secs] 9499K->2877K(23808K), 0.0003540 secs] [Times: user=0.01 sys=0.00, real=0.00 secs] 
114.897: Total time for which application threads were stopped: 0.0004610 seconds, Stopping threads took: 0.0000600 seconds
114.934: Application time: 0.0365020 seconds
114.934: [GC114.934: [ParNew: 6951K->341K(7424K), 0.0003290 secs] 9533K->2923K(23808K), 0.0003490 secs] [Times: user=0.00 sys=0.00, real=0.01 secs] 
114.934: Total time for which application threads were stopped: 0.0004320 seconds, Stopping threads took: 0.0000360 seconds
114.970: Application time: 0.0363280 seconds
114.971: [GC114.971: [ParNew: 6997K->394K(7424K), 0.0002980 secs] 9579K->2977K(23808K), 0.0003160 secs] [Times: user=0.00 sys=0.00, real=0.00 secs] 
114.971: Total time for which application threads were stopped: 0.0004010 seconds, Stopping threads took: 0.0000360 seconds
115.008: Application time: 0.0367430 seconds
115.008: [GC115.008: [ParNew: 7050K->388K(7424K), 0.0002810 secs] 9633K->2971K(23808K), 0.0003000 secs] [Times: user=0.00 sys=0.00, real=0.00 secs] 
115.008: Total time for which application threads were stopped: 0.0003980 seconds, Stopping threads took: 0.0000480 seconds
115.045: Application time: 0.0366620 seconds
115.045: [GC115.045: [ParNew: 7044K->394K(7424K), 0.0002900 secs] 9627K->2976K(23808K), 0.0003080 secs] [Times: user=0.00 sys=0.00, real=0.00 secs] 
115.045: Total time for which application threads were stopped: 0.0004010 seconds, Stopping threads took: 0.0000460 seconds
115.083: Application time: 0.0379210 seconds
115.083: [GC115.083: [ParNew: 7050K->398K(7424K), 0.0003560 secs] 9632K->2980K(23808K), 0.0003800 secs] [Times: user=0.01 sys=0.00, real=0.00 secs] 
115.083: Total time for which application threads were stopped: 0.0004960 seconds, Stopping threads took: 0.0000480 seconds
115.120: Application time: 0.0367710 seconds
115.120: [GC115.120: [ParNew: 7054K->378K(7424K), 0.0003040 secs] 9636K->2961K(23808K), 0.0003210 secs] [Times: user=0.00 sys=0.00, real=0.00 secs] 
115.121: Total time for which application threads were stopped: 0.0004120 seconds, Stopping threads took: 0.0000430 seconds
115.158: Application time: 0.0372170 seconds
115.158: [GC115.158: [ParNew: 7034K->395K(7424K), 0.0002660 secs] 9617K->2978K(23808K), 0.0002830 secs] [Times: user=0.00 sys=0.00, real=0.00 secs] 
115.158: Total time for which application threads were stopped: 0.0003780 seconds, Stopping threads took: 0.0000490 seconds
115.195: Application time: 0.0366470 seconds
115.195: [GC115.195: [ParNew: 7051K->394K(7424K), 0.0002620 secs] 9634K->2977K(23808K), 0.0002800 secs] [Times: user=0.01 sys=0.00, real=0.00 secs] 
115.195: Total time for which application threads were stopped: 0.0003710 seconds, Stopping threads took: 0.0000440 seconds
115.232: Application time: 0.0369030 seconds
115.232: [GC115.232: [ParNew: 7050K->391K(7424K), 0.0003650 secs] 9633K->2974K(23808K), 0.0003840 secs] [Times: user=0.00 sys=0.00, real=0.00 secs] 
115.233: Total time for which application threads were stopped: 0.0004770 seconds, Stopping threads took: 0.0000460 seconds
115.269: Application time: 0.0367820 seconds
115.270: [GC115.270: [ParNew: 7047K->338K(7424K), 0.0002710 secs] 9630K->3017K(23808K), 0.0002900 secs] [Times: user=0.00 sys=0.00, real=0.00 secs] 
115.270: Total time for which application threads were stopped: 0.0003800 seconds, Stopping threads took: 0.0000400 seconds
115.307: Application time: 0.0370860 seconds
115.307: [GC115.307: [ParNew: 6994K->311K(7424K), 0.0002730 secs] 9673K->3062K(23808K), 0.0002890 secs] [Times: user=0.01 sys=0.00, real=0.00 secs] 
115.307: Total time for which application threads were stopped: 0.0003740 seconds, Stopping threads took: 0.0000360 seconds
115.344: Application time: 0.0368380 seconds
115.344: [GC115.344: [ParNew: 6967K->280K(7424K), 0.0003150 secs] 9718K->3094K(23808K), 0.0003400 secs] [Times: user=0.00 sys=0.00, real=0.00 secs] 
115.345: Total time for which application threads were stopped: 0.0004650 seconds, Stopping threads took: 0.0000620 seconds
115.381: Application time: 0.0369140 seconds
115.382: [GC115.382: [ParNew: 6936K->283K(7424K), 0.0002620 secs] 9750K->3097K(23808K), 0.0002810 secs] [Times: user=0.00 sys=0.00, real=0.00 secs] 
115.382: Total time for which application threads were stopped: 0.0003820 seconds, Stopping threads took: 0.0000420 seconds
115.419: Application time: 0.0368850 seconds
115.419: [GC115.419: [ParNew: 6939K->254K(7424K), 0.0002840 secs] 9753K->3125K(23808K), 0.0003000 secs] [Times: user=0.00 sys=0.00, real=0.00 secs] 
115.419: Total time for which application threads were stopped: 0.0003860 seconds, Stopping threads took: 0.0000420 seconds
115.456: Application time: 0.0370650 seconds
115.458: [GC115.458: [ParNew: 6910K->222K(7424K), 0.0002980 secs] 9781K->3157K(23808K), 0.0003180 secs] [Times: user=0.00 sys=0.00, real=0.00 secs] 
115.458: Total time for which application threads were stopped: 0.0022050 seconds, Stopping threads took: 0.0018380 seconds
115.494: Application time: 0.0356950 seconds
115.494: [GC115.494: [ParNew: 6878K->249K(7424K), 0.0002950 secs] 9813K->3256K(23808K), 0.0003140 secs] [Times: user=0.00 sys=0.00, real=0.00 secs] 
115.495: Total time for which application threads were stopped: 0.0003980 seconds, Stopping threads took: 0.0000360 seconds
115.531: Application time: 0.0365200 seconds
115.531: [GC115.531: [ParNew: 6905K->254K(7424K), 0.0002570 secs] 9912K->3316K(23808K), 0.0002750 secs] [Times: user=0.00 sys=0.00, real=0.00 secs] 
115.531: Total time for which application threads were stopped: 0.0003610 seconds, Stopping threads took: 0.0000360 seconds
115.568: Application time: 0.0364720 seconds
115.568: [GC115.568: [ParNew: 6910K->287K(7424K), 0.0002350 secs] 9972K->3350K(23808K), 0.0002540 secs] [Times: user=0.00 sys=0.00, real=0.00 secs] 
115.568: Total time for which application threads were stopped: 0.0003580 seconds, Stopping threads took: 0.0000460 seconds
115.606: Application time: 0.0374810 seconds
115.606: [GC115.606: [ParNew: 6943K->282K(7424K), 0.0002840 secs] 10006K->3345K(23808K), 0.0003030 secs] [Times: user=0.00 sys=0.00, real=0.00 secs] 
115.606: Total time for which application threads were stopped: 0.0003880 seconds, Stopping threads took: 0.0000390 seconds
115.669: Application time: 0.0624060 seconds
115.669: [GC115.669: [ParNew: 6938K->287K(7424K), 0.0003190 secs] 10001K->3349K(23808K), 0.0003450 secs] [Times: user=0.00 sys=0.00, real=0.00 secs] 
115.669: Total time for which application threads were stopped: 0.0004820 seconds, Stopping threads took: 0.0000540 seconds
115.703: Application time: 0.0342340 seconds
115.703: [GC115.703: [ParNew: 6943K->335K(7424K), 0.0003670 secs] 10005K->3397K(23808K), 0.0003840 secs] [Times: user=0.01 sys=0.00, real=0.00 secs] 
115.704: Total time for which application threads were stopped: 0.0004760 seconds, Stopping threads took: 0.0000420 seconds
115.738: Application time: 0.0346070 seconds
115.738: [GC115.738: [ParNew: 6991K->372K(7424K), 0.0003500 secs] 10053K->3435K(23808K), 0.0003680 secs] [Times: user=0.00 sys=0.00, real=0.00 secs] 
115.739: Total time for which application threads were stopped: 0.0004620 seconds, Stopping threads took: 0.0000440 seconds
115.774: Application time: 0.0352520 seconds
115.774: [GC115.774: [ParNew: 7028K->354K(7424K), 0.0002480 secs] 10091K->3416K(23808K), 0.0002640 secs] [Times: user=0.00 sys=0.00, real=0.00 secs] 
115.774: Total time for which application threads were stopped: 0.0003540 seconds, Stopping threads took: 0.0000430 seconds
115.809: Application time: 0.0348440 seconds
115.809: [GC115.809: [ParNew: 7010K->394K(7424K), 0.0002830 secs] 10072K->3457K(23808K), 0.0003000 secs] [Times: user=0.00 sys=0.00, real=0.00 secs] 
115.810: Total time for which application threads were stopped: 0.0003940 seconds, Stopping threads took: 0.0000460 seconds
115.845: Application time: 0.0353110 seconds
115.845: [GC115.845: [ParNew: 7050K->395K(7424K), 0.0003080 secs] 10113K->3457K(23808K), 0.0003260 secs] [Times: user=0.00 sys=0.00, real=0.00 secs] 
115.845: Total time for which application threads were stopped: 0.0004120 seconds, Stopping threads took: 0.0000380 seconds
115.880: Application time: 0.0349980 seconds
115.880: [GC115.880: [ParNew: 7051K->398K(7424K), 0.0003370 secs] 10113K->3461K(23808K), 0.0003540 secs] [Times: user=0.01 sys=0.00, real=0.00 secs] 
115.881: Total time for which application threads were stopped: 0.0004450 seconds, Stopping threads took: 0.0000400 seconds
115.916: Application time: 0.0351170 seconds
115.916: [GC115.916: [ParNew: 7054K->401K(7424K), 0.0002980 secs] 10117K->3463K(23808K), 0.0003150 secs] [Times: user=0.00 sys=0.00, real=0.00 secs] 
115.916: Total time for which application threads were stopped: 0.0004120 seconds, Stopping threads took: 0.0000400 seconds
115.952: Application time: 0.0353870 seconds
115.952: [GC115.952: [ParNew: 7057K->344K(7424K), 0.0003040 secs] 10119K->3511K(23808K), 0.0003220 secs] [Times: user=0.00 sys=0.00, real=0.00 secs] 
115.952: Total time for which application threads were stopped: 0.0004370 seconds, Stopping threads took: 0.0000660 seconds
115.988: Application time: 0.0353750 seconds
115.988: [GC115.988: [ParNew: 7000K->335K(7424K), 0.0002920 secs] 10167K->3502K(23808K), 0.0003110 secs] [Times: user=0.01 sys=0.00, real=0.00 secs] 
115.988: Total time for which application threads were stopped: 0.0003960 seconds, Stopping threads took: 0.0000380 seconds
116.023: Application time: 0.0351360 seconds
116.023: [GC116.023: [ParNew: 6991K->337K(7424K), 0.0002520 secs] 10158K->3504K(23808K), 0.0002700 secs] [Times: user=0.00 sys=0.00, real=0.00 secs] 
116.023: Total time for which application threads were stopped: 0.0003630 seconds, Stopping threads took: 0.0000420 seconds
116.059: Application time: 0.0360070 seconds
116.060: [GC116.060: [ParNew: 6993K->341K(7424K), 0.0002810 secs] 10160K->3508K(23808K), 0.0003050 secs] [Times: user=0.00 sys=0.00, real=0.00 secs] 
116.060: Total time for which application threads were stopped: 0.0003920 seconds, Stopping threads took: 0.0000380 seconds
116.095: Application time: 0.0349960 seconds
116.095: [GC116.095: [ParNew: 6997K->313K(7424K), 0.0002440 secs] 10164K->3552K(23808K), 0.0002610 secs] [Times: user=0.00 sys=0.00, real=0.00 secs] 
116.095: Total time for which application threads were stopped: 0.0003550 seconds, Stopping threads took: 0.0000460 seconds
116.131: Application time: 0.0354590 seconds
116.131: [GC116.131: [ParNew: 6969K->282K(7424K), 0.0002710 secs] 10208K->3585K(23808K), 0.0002900 secs] [Times: user=0.01 sys=0.00, real=0.00 secs] 
116.131: Total time for which application threads were stopped: 0.0003840 seconds, Stopping threads took: 0.0000470 seconds
116.166: Application time: 0.0351700 seconds
116.166: [GC116.166: [ParNew: 6938K->286K(7424K), 0.0002710 secs] 10241K->3589K(23808K), 0.0002880 secs] [Times: user=0.01 sys=0.00, real=0.00 secs] 
116.167: Total time for which application threads were stopped: 0.0003840 seconds, Stopping threads took: 0.0000480 seconds
116.202: Application time: 0.0352370 seconds
116.202: [GC116.202: [ParNew: 6942K->290K(7424K), 0.0002480 secs] 10245K->3593K(23808K), 0.0002660 secs] [Times: user=0.01 sys=0.00, real=0.01 secs] 
116.202: Total time for which application threads were stopped: 0.0003490 seconds, Stopping threads took: 0.0000370 seconds
116.238: Application time: 0.0354630 seconds
116.238: [GC116.238: [ParNew: 6946K->220K(7424K), 0.0002320 secs] 10249K->3619K(23808K), 0.0002500 secs] [Times: user=0.00 sys=0.00, real=0.00 secs] 
116.238: Total time for which application threads were stopped: 0.0003350 seconds, Stopping threads took: 0.0000400 seconds
116.273: Application time: 0.0345350 seconds
116.273: [GC116.273: [ParNew: 6876K->228K(7424K), 0.0002380 secs] 10275K->3691K(23808K), 0.0002570 secs] [Times: user=0.00 sys=0.00, real=0.00 secs] 
116.273: Total time for which application threads were stopped: 0.0003490 seconds, Stopping threads took: 0.0000440 seconds
116.307: Application time: 0.0344100 seconds
116.307: [GC116.307: [ParNew: 6884K->282K(7424K), 0.0002330 secs] 10347K->3745K(23808K), 0.0002510 secs] [Times: user=0.01 sys=0.00, real=0.00 secs] 
116.308: Total time for which application threads were stopped: 0.0003350 seconds, Stopping threads took: 0.0000370 seconds
116.343: Application time: 0.0358380 seconds
116.344: [GC116.344: [ParNew: 6938K->246K(7424K), 0.0003070 secs] 10401K->3773K(23808K), 0.0003310 secs] [Times: user=0.00 sys=0.00, real=0.00 secs] 
116.344: Total time for which application threads were stopped: 0.0004400 seconds, Stopping threads took: 0.0000500 seconds
116.378: Application time: 0.0344440 seconds
116.378: [GC116.378: [ParNew: 6902K->286K(7424K), 0.0002650 secs] 10429K->3813K(23808K), 0.0002850 secs] [Times: user=0.00 sys=0.00, real=0.00 secs] 
116.379: Total time for which application threads were stopped: 0.0003950 seconds, Stopping threads took: 0.0000640 seconds
116.414: Application time: 0.0354010 seconds
116.414: [GC116.414: [ParNew: 6942K->280K(7424K), 0.0002320 secs] 10469K->3807K(23808K), 0.0002500 secs] [Times: user=0.00 sys=0.00, real=0.00 secs] 
116.415: Total time for which application threads were stopped: 0.0003580 seconds, Stopping threads took: 0.0000620 seconds
116.449: Application time: 0.0341590 seconds
116.449: [GC116.449: [ParNew: 6936K->334K(7424K), 0.0002700 secs] 10463K->3861K(23808K), 0.0002890 secs] [Times: user=0.01 sys=0.00, real=0.00 secs] 
116.449: Total time for which application threads were stopped: 0.0003940 seconds, Stopping threads took: 0.0000440 seconds
116.484: Application time: 0.0349640 seconds
116.484: [GC116.484: [ParNew: 6990K->364K(7424K), 0.0002640 secs] 10517K->3891K(23808K), 0.0002840 secs] [Times: user=0.00 sys=0.00, real=0.00 secs] 
116.484: Total time for which application threads were stopped: 0.0003750 seconds, Stopping threads took: 0.0000420 seconds
116.520: Application time: 0.0353860 seconds
116.520: [GC116.520: [ParNew: 7020K->368K(7424K), 0.0002540 secs] 10547K->3895K(23808K), 0.0002790 secs] [Times: user=0.00 sys=0.00, real=0.00 secs] 
116.520: Total time for which application threads were stopped: 0.0003690 seconds, Stopping threads took: 0.0000440 seconds
116.555: Application time: 0.0347920 seconds
116.555: [GC116.555: [ParNew: 7024K->385K(7424K), 0.0002910 secs] 10551K->3912K(23808K), 0.0003070 secs] [Times: user=0.00 sys=0.00, real=0.00 secs] 
116.555: Total time for which application threads were stopped: 0.0003910 seconds, Stopping threads took: 0.0000390 seconds
116.592: Application time: 0.0363090 seconds
116.592: [GC116.592: [ParNew: 7041K->389K(7424K), 0.0003360 secs] 10568K->3916K(23808K), 0.0003580 secs] [Times: user=0.00 sys=0.00, real=0.00 secs] 
116.592: Total time for which application threads were stopped: 0.0004720 seconds, Stopping threads took: 0.0000550 seconds
116.627: Application time: 0.0353100 seconds
116.628: [GC116.628: [ParNew: 7045K->396K(7424K), 0.0002950 secs] 10572K->3923K(23808K), 0.0003130 secs] [Times: user=0.01 sys=0.00, real=0.00 secs] 
116.628: Total time for which application threads were stopped: 0.0004100 seconds, Stopping threads took: 0.0000450 seconds
116.663: Application time: 0.0350780 seconds
116.663: [GC116.663: [ParNew: 7052K->392K(7424K), 0.0002580 secs] 10579K->3919K(23808K), 0.0002760 secs] [Times: user=0.00 sys=0.00, real=0.00 secs] 
116.663: Total time for which application threads were stopped: 0.0003970 seconds, Stopping threads took: 0.0000740 seconds
116.699: Application time: 0.0354820 seconds
116.699: [GC116.699: [ParNew: 7048K->398K(7424K), 0.0002850 secs] 10575K->3925K(23808K), 0.0003020 secs] [Times: user=0.00 sys=0.00, real=0.00 secs] 
116.699: Total time for which application threads were stopped: 0.0003910 seconds, Stopping threads took: 0.0000430 seconds
116.734: Application time: 0.0349910 seconds
116.734: [GC116.734: [ParNew: 7054K->388K(7424K), 0.0002940 secs] 10581K->3915K(23808K), 0.0003120 secs] [Times: user=0.01 sys=0.00, real=0.00 secs] 
116.735: Total time for which application threads were stopped: 0.0004120 seconds, Stopping threads took: 0.0000510 seconds
116.770: Application time: 0.0354330 seconds
116.770: [GC116.770: [ParNew: 7044K->390K(7424K), 0.0002750 secs] 10571K->3917K(23808K), 0.0002920 secs] [Times: user=0.00 sys=0.00, real=0.00 secs] 
116.770: Total time for which application threads were stopped: 0.0003790 seconds, Stopping threads took: 0.0000380 seconds
116.806: Application time: 0.0354970 seconds
116.806: [GC116.806: [ParNew: 7046K->371K(7424K), 0.0002850 secs] 10573K->3954K(23808K), 0.0003010 secs] [Times: user=0.00 sys=0.00, real=0.00 secs] 
116.806: Total time for which application threads were stopped: 0.0003960 seconds, Stopping threads took: 0.0000450 seconds
116.841: Application time: 0.0350420 seconds
116.841: [GC116.841: [ParNew: 7027K->308K(7424K), 0.0002760 secs] 10610K->3979K(23808K), 0.0002920 secs] [Times: user=0.00 sys=0.00, real=0.00 secs] 
116.842: Total time for which application threads were stopped: 0.0003690 seconds, Stopping threads took: 0.0000300 seconds
116.877: Application time: 0.0351480 seconds
116.877: [GC116.877: [ParNew: 6964K->312K(7424K), 0.0002920 secs] 10635K->3984K(23808K), 0.0003100 secs] [Times: user=0.00 sys=0.00, real=0.00 secs] 
116.877: Total time for which application threads were stopped: 0.0003980 seconds, Stopping threads took: 0.0000410 seconds
116.913: Application time: 0.0352610 seconds
116.913: [GC116.913: [ParNew: 6968K->283K(7424K), 0.0002620 secs] 10640K->4010K(23808K), 0.0002790 secs] [Times: user=0.00 sys=0.00, real=0.00 secs] 
116.913: Total time for which application threads were stopped: 0.0003740 seconds, Stopping threads took: 0.0000500 seconds
116.948: Application time: 0.0352260 seconds
116.948: [GC116.948: [ParNew: 6939K->282K(7424K), 0.0002540 secs] 10666K->4009K(23808K), 0.0002720 secs] [Times: user=0.00 sys=0.00, real=0.00 secs] 
116.949: Total time for which application threads were stopped: 0.0003600 seconds, Stopping threads took: 0.0000410 seconds
116.984: Application time: 0.0351690 seconds
116.984: [GC116.984: [ParNew: 6938K->228K(7424K), 0.0002730 secs] 10665K->4051K(23808K), 0.0002970 secs] [Times: user=0.00 sys=0.00, real=0.00 secs] 
116.984: Total time for which application threads were stopped: 0.0003930 seconds, Stopping threads took: 0.0000410 seconds
117.019: Application time: 0.0348450 seconds
117.019: [GC117.019: [ParNew: 6884K->226K(7424K), 0.0002290 secs] 10707K->4121K(23808K), 0.0002460 secs] [Times: user=0.00 sys=0.00, real=0.00 secs] 
117.019: Total time for which application threads were stopped: 0.0003400 seconds, Stopping threads took: 0.0000510 seconds
117.054: Application time: 0.0350770 seconds
117.054: [GC117.054: [ParNew: 6882K->251K(7424K), 0.0002940 secs] 10777K->4147K(23808K), 0.0003110 secs] [Times: user=0.00 sys=0.00, real=0.00 secs] 
117.055: Total time for which application threads were stopped: 0.0003950 seconds, Stopping threads took: 0.0000370 seconds
117.089: Application time: 0.0347290 seconds
117.090: [GC117.090: [ParNew: 6907K->254K(7424K), 0.0002360 secs] 10803K->4213K(23808K), 0.0002530 secs] [Times: user=0.00 sys=0.00, real=0.00 secs] 
117.090: Total time for which application threads were stopped: 0.0003400 seconds, Stopping threads took: 0.0000440 seconds
117.124: Application time: 0.0345350 seconds
117.124: [GC117.124: [ParNew: 6910K->289K(7424K), 0.0002580 secs] 10869K->4248K(23808K), 0.0002760 secs] [Times: user=0.01 sys=0.00, real=0.00 secs] 
117.125: Total time for which application threads were stopped: 0.0003690 seconds, Stopping threads took: 0.0000440 seconds
117.160: Application time: 0.0357040 seconds
117.160: [GC117.160: [ParNew: 6945K->280K(7424K), 0.0002570 secs] 10904K->4239K(23808K), 0.0002740 secs] [Times: user=0.00 sys=0.00, real=0.00 secs] 
117.161: Total time for which application threads were stopped: 0.0003690 seconds, Stopping threads took: 0.0000490 seconds
117.195: Application time: 0.0339120 seconds
117.195: [GC117.195: [ParNew: 6936K->334K(7424K), 0.0002630 secs] 10895K->4293K(23808K), 0.0002800 secs] [Times: user=0.00 sys=0.00, real=0.00 secs] 
117.195: Total time for which application threads were stopped: 0.0003780 seconds, Stopping threads took: 0.0000490 seconds
117.230: Application time: 0.0348590 seconds
117.230: [GC117.230: [ParNew: 6990K->368K(7424K), 0.0002560 secs] 10949K->4327K(23808K), 0.0002730 secs] [Times: user=0.00 sys=0.00, real=0.00 secs] 
117.230: Total time for which application threads were stopped: 0.0003610 seconds, Stopping threads took: 0.0000400 seconds
117.266: Application time: 0.0356050 seconds
117.266: [GC117.266: [ParNew: 7024K->369K(7424K), 0.0003580 secs] 10983K->4328K(23808K), 0.0003760 secs] [Times: user=0.00 sys=0.00, real=0.00 secs] 
117.266: Total time for which application threads were stopped: 0.0004680 seconds, Stopping threads took: 0.0000430 seconds
117.301: Application time: 0.0348660 seconds
117.301: [GC117.301: [ParNew: 7025K->398K(7424K), 0.0002760 secs] 10984K->4358K(23808K), 0.0002950 secs] [Times: user=0.00 sys=0.00, real=0.00 secs] 
117.302: Total time for which application threads were stopped: 0.0003920 seconds, Stopping threads took: 0.0000480 seconds
117.337: Application time: 0.0355910 seconds
117.337: [GC117.337: [ParNew: 7054K->404K(7424K), 0.0003380 secs] 11014K->4363K(23808K), 0.0003600 secs] [Times: user=0.01 sys=0.00, real=0.00 secs] 
117.338: Total time for which application threads were stopped: 0.0004630 seconds, Stopping threads took: 0.0000430 seconds
117.373: Application time: 0.0354780 seconds
117.373: [GC117.373: [ParNew: 7060K->382K(7424K), 0.0002900 secs] 11019K->4342K(23808K), 0.0003080 secs] [Times: user=0.00 sys=0.00, real=0.00 secs] 
117.374: Total time for which application threads were stopped: 0.0004000 seconds, Stopping threads took: 0.0000440 seconds
117.409: Application time: 0.0350400 seconds
117.409: [GC117.409: [ParNew: 7038K->390K(7424K), 0.0002570 secs] 10998K->4350K(23808K), 0.0002750 secs] [Times: user=0.00 sys=0.00, real=0.00 secs] 
117.409: Total time for which application threads were stopped: 0.0003640 seconds, Stopping threads took: 0.0000420 seconds
117.444: Application time: 0.0352730 seconds
117.444: [GC117.444: [ParNew: 7046K->380K(7424K), 0.0002590 secs] 11006K->4339K(23808K), 0.0002860 secs] [Times: user=0.01 sys=0.00, real=0.00 secs] 
117.445: Total time for which application threads were stopped: 0.0003790 seconds, Stopping threads took: 0.0000440 seconds
117.480: Application time: 0.0350870 seconds
117.480: [GC117.480: [ParNew: 7036K->400K(7424K), 0.0002820 secs] 10995K->4360K(23808K), 0.0002990 secs] [Times: user=0.00 sys=0.00, real=0.00 secs] 
117.480: Total time for which application threads were stopped: 0.0003920 seconds, Stopping threads took: 0.0000440 seconds
117.516: Application time: 0.0354510 seconds
117.516: [GC117.516: [ParNew: 7056K->376K(7424K), 0.0002620 secs] 11016K->4391K(23808K), 0.0002810 secs] [Times: user=0.00 sys=0.00, real=0.00 secs] 
117.516: Total time for which application threads were stopped: 0.0003770 seconds, Stopping threads took: 0.0000410 seconds
117.551: Application time: 0.0351030 seconds
117.551: [GC117.551: [ParNew: 7032K->369K(7424K), 0.0003630 secs] 11047K->4384K(23808K), 0.0003800 secs] [Times: user=0.00 sys=0.00, real=0.00 secs] 
117.552: Total time for which application threads were stopped: 0.0004690 seconds, Stopping threads took: 0.0000420 seconds
117.587: Application time: 0.0352820 seconds
117.587: [GC117.587: [ParNew: 7025K->333K(7424K), 0.0003380 secs] 11040K->4404K(23808K), 0.0003560 secs] [Times: user=0.00 sys=0.00, real=0.00 secs] 
117.587: Total time for which application threads were stopped: 0.0004470 seconds, Stopping threads took: 0.0000450 seconds
117.622: Application time: 0.0352260 seconds
117.623: [GC117.623: [ParNew: 6989K->308K(7424K), 0.0002410 secs] 11060K->4443K(23808K), 0.0002580 secs] [Times: user=0.00 sys=0.00, real=0.00 secs] 
117.623: Total time for which application threads were stopped: 0.0003480 seconds, Stopping threads took: 0.0000440 seconds
117.658: Application time: 0.0353960 seconds
117.658: [GC117.658: [ParNew: 6964K->283K(7424K), 0.0002310 secs] 11099K->4482K(23808K), 0.0002470 secs] [Times: user=0.00 sys=0.00, real=0.00 secs] 
117.659: Total time for which application threads were stopped: 0.0003340 seconds, Stopping threads took: 0.0000440 seconds
117.694: Application time: 0.0349730 seconds
117.694: [GC117.694: [ParNew: 6939K->283K(7424K), 0.0003110 secs] 11138K->4483K(23808K), 0.0003280 secs] [Times: user=0.01 sys=0.00, real=0.00 secs] 
117.694: Total time for which application threads were stopped: 0.0004140 seconds, Stopping threads took: 0.0000400 seconds
117.730: Application time: 0.0358360 seconds
117.730: [GC117.730: [ParNew: 6939K->228K(7424K), 0.0002620 secs] 11139K->4532K(23808K), 0.0002800 secs] [Times: user=0.01 sys=0.00, real=0.00 secs] 
117.730: Total time for which application threads were stopped: 0.0003650 seconds, Stopping threads took: 0.0000370 seconds
117.765: Application time: 0.0351390 seconds
117.765: [GC117.765: [ParNew: 6884K->178K(7424K), 0.0002270 secs] 11188K->4546K(23808K), 0.0002450 secs] [Times: user=0.00 sys=0.00, real=0.00 secs] 
117.766: Total time for which application threads were stopped: 0.0003270 seconds, Stopping threads took: 0.0000360 seconds
117.800: Application time: 0.0341820 seconds
117.800: [GC117.800: [ParNew: 6834K->254K(7424K), 0.0002290 secs] 11202K->4622K(23808K), 0.0002480 secs] [Times: user=0.00 sys=0.00, real=0.00 secs] 
117.800: Total time for which application threads were stopped: 0.0003430 seconds, Stopping threads took: 0.0000480 seconds
117.835: Application time: 0.0348910 seconds
117.835: [GC117.835: [ParNew: 6910K->257K(7424K), 0.0002440 secs] 11278K->4697K(23808K), 0.0002600 secs] [Times: user=0.00 sys=0.00, real=0.00 secs] 
117.835: Total time for which application threads were stopped: 0.0003640 seconds, Stopping threads took: 0.0000580 seconds
117.870: Application time: 0.0347130 seconds
117.870: [GC117.870: [ParNew: 6913K->287K(7424K), 0.0003280 secs] 11353K->4726K(23808K), 0.0003430 secs] [Times: user=0.00 sys=0.00, real=0.00 secs] 
117.871: Total time for which application threads were stopped: 0.0004390 seconds, Stopping threads took: 0.0000410 seconds
117.906: Application time: 0.0352550 seconds
117.906: [GC117.906: [ParNew: 6943K->286K(7424K), 0.0002570 secs] 11382K->4726K(23808K), 0.0002740 secs] [Times: user=0.01 sys=0.00, real=0.00 secs] 
117.906: Total time for which application threads were stopped: 0.0003560 seconds, Stopping threads took: 0.0000380 seconds
117.942: Application time: 0.0353430 seconds
117.942: [GC117.942: [ParNew: 6942K->280K(7424K), 0.0002450 secs] 11382K->4719K(23808K), 0.0002620 secs] [Times: user=0.00 sys=0.00, real=0.00 secs] 
117.942: Total time for which application threads were stopped: 0.0003480 seconds, Stopping threads took: 0.0000400 seconds
117.976: Application time: 0.0343780 seconds
117.976: [GC117.976: [ParNew: 6936K->331K(7424K), 0.0002830 secs] 11375K->4770K(23808K), 0.0003010 secs] [Times: user=0.00 sys=0.00, real=0.00 secs] 
117.977: Total time for which application threads were stopped: 0.0004000 seconds, Stopping threads took: 0.0000520 seconds
118.011: Application time: 0.0347740 seconds
118.012: [GC118.012: [ParNew: 6987K->360K(7424K), 0.0003340 secs] 11426K->4799K(23808K), 0.0003520 secs] [Times: user=0.00 sys=0.00, real=0.00 secs] 
118.012: Total time for which application threads were stopped: 0.0004600 seconds, Stopping threads took: 0.0000610 seconds
118.047: Application time: 0.0354360 seconds
118.047: [GC118.047: [ParNew: 7016K->393K(7424K), 0.0003570 secs] 11455K->4832K(23808K), 0.0003740 secs] [Times: user=0.00 sys=0.00, real=0.00 secs] 
118.048: Total time for which application threads were stopped: 0.0004750 seconds, Stopping threads took: 0.0000430 seconds
118.084: Application time: 0.0364950 seconds
118.084: [GC118.084: [ParNew: 7049K->403K(7424K), 0.0003330 secs] 11488K->4842K(23808K), 0.0003570 secs] [Times: user=0.00 sys=0.00, real=0.00 secs] 
118.085: Total time for which application threads were stopped: 0.0004800 seconds, Stopping threads took: 0.0000640 seconds
118.120: Application time: 0.0353440 seconds
118.120: [GC118.120: [ParNew: 7059K->310K(7424K), 0.0003240 secs] 11498K->4878K(23808K), 0.0003430 secs] [Times: user=0.00 sys=0.00, real=0.00 secs] 
118.121: Total time for which application threads were stopped: 0.0004410 seconds, Stopping threads took: 0.0000500 seconds
118.156: Application time: 0.0351090 seconds
118.156: [GC118.156: [ParNew: 6966K->329K(7424K), 0.0002770 secs] 11534K->4897K(23808K), 0.0002970 secs] [Times: user=0.01 sys=0.00, real=0.00 secs] 
118.156: Total time for which application threads were stopped: 0.0003880 seconds, Stopping threads took: 0.0000430 seconds
118.191: Application time: 0.0353700 seconds
118.191: [GC118.192: [ParNew: 6985K->332K(7424K), 0.0003310 secs] 11553K->4900K(23808K), 0.0003490 secs] [Times: user=0.00 sys=0.00, real=0.00 secs] 
118.192: Total time for which application threads were stopped: 0.0004320 seconds, Stopping threads took: 0.0000360 seconds
118.227: Application time: 0.0349970 seconds
118.227: [GC118.227: [ParNew: 6978K->337K(7424K), 0.0002560 secs] 11546K->4904K(23808K), 0.0002730 secs] [Times: user=0.01 sys=0.00, real=0.00 secs] 
118.227: Total time for which application threads were stopped: 0.0003680 seconds, Stopping threads took: 0.0000500 seconds
118.263: Application time: 0.0353800 seconds
118.263: [GC118.263: [ParNew: 6993K->339K(7424K), 0.0002780 secs] 11560K->4906K(23808K), 0.0002950 secs] [Times: user=0.00 sys=0.00, real=0.00 secs] 
118.263: Total time for which application threads were stopped: 0.0003860 seconds, Stopping threads took: 0.0000440 seconds
118.298: Application time: 0.0354710 seconds
118.299: [GC118.299: [ParNew: 6995K->336K(7424K), 0.0002720 secs] 11562K->4903K(23808K), 0.0002900 secs] [Times: user=0.01 sys=0.00, real=0.00 secs] 
118.299: Total time for which application threads were stopped: 0.0003820 seconds, Stopping threads took: 0.0000450 seconds
118.334: Application time: 0.0351970 seconds
118.334: [GC118.334: [ParNew: 6992K->335K(7424K), 0.0003700 secs] 11559K->4903K(23808K), 0.0003950 secs] [Times: user=0.00 sys=0.00, real=0.00 secs] 
118.335: Total time for which application threads were stopped: 0.0005200 seconds, Stopping threads took: 0.0000540 seconds
118.370: Application time: 0.0353740 seconds
118.370: [GC118.370: [ParNew: 6991K->304K(7424K), 0.0003140 secs] 11559K->4935K(23808K), 0.0003360 secs] [Times: user=0.00 sys=0.00, real=0.00 secs] 
118.370: Total time for which application threads were stopped: 0.0004380 seconds, Stopping threads took: 0.0000460 seconds
118.406: Application time: 0.0352960 seconds
118.406: [GC118.406: [ParNew: 6960K->288K(7424K), 0.0002480 secs] 11591K->4984K(23808K), 0.0002680 secs] [Times: user=0.00 sys=0.00, real=0.00 secs] 
118.406: Total time for which application threads were stopped: 0.0003810 seconds, Stopping threads took: 0.0000650 seconds
118.441: Application time: 0.0352090 seconds
118.441: [GC118.441: [ParNew: 6944K->282K(7424K), 0.0002680 secs] 11640K->4978K(23808K), 0.0002860 secs] [Times: user=0.00 sys=0.00, real=0.00 secs] 
118.442: Total time for which application threads were stopped: 0.0003780 seconds, Stopping threads took: 0.0000440 seconds
118.477: Application time: 0.0354900 seconds
118.477: [GC118.477: [ParNew: 6938K->274K(7424K), 0.0002240 secs] 11634K->4970K(23808K), 0.0002420 secs] [Times: user=0.00 sys=0.00, real=0.00 secs] 
118.477: Total time for which application threads were stopped: 0.0003310 seconds, Stopping threads took: 0.0000450 seconds
118.513: Application time: 0.0351140 seconds
118.513: [GC118.513: [ParNew: 6930K->206K(7424K), 0.0003170 secs] 11626K->4998K(23808K), 0.0003340 secs] [Times: user=0.00 sys=0.00, real=0.00 secs] 
118.513: Total time for which application threads were stopped: 0.0004260 seconds, Stopping threads took: 0.0000460 seconds
118.547: Application time: 0.0340010 seconds
118.547: [GC118.547: [ParNew: 6862K->252K(7424K), 0.0002600 secs] 11654K->5100K(23808K), 0.0002770 secs] [Times: user=0.00 sys=0.00, real=0.00 secs] 
118.547: Total time for which application threads were stopped: 0.0003660 seconds, Stopping threads took: 0.0000410 seconds
118.583: Application time: 0.0356350 seconds
118.583: [GC118.583: [ParNew: 6908K->222K(7424K), 0.0003250 secs] 11756K->5133K(23808K), 0.0003430 secs] [Times: user=0.00 sys=0.00, real=0.00 secs] 
118.583: Total time for which application threads were stopped: 0.0004410 seconds, Stopping threads took: 0.0000420 seconds
118.618: Application time: 0.0340980 seconds
118.618: [GC118.618: [ParNew: 6878K->282K(7424K), 0.0002640 secs] 11789K->5194K(23808K), 0.0002820 secs] [Times: user=0.01 sys=0.00, real=0.00 secs] 
118.618: Total time for which application threads were stopped: 0.0003730 seconds, Stopping threads took: 0.0000430 seconds
118.654: Application time: 0.0355610 seconds
118.654: [GC118.654: [ParNew: 6938K->280K(7424K), 0.0002480 secs] 11850K->5192K(23808K), 0.0002660 secs] [Times: user=0.00 sys=0.00, real=0.00 secs] 
118.654: Total time for which application threads were stopped: 0.0003570 seconds, Stopping threads took: 0.0000460 seconds
118.689: Application time: 0.0353420 seconds
118.690: [GC118.690: [ParNew: 6936K->270K(7424K), 0.0002680 secs] 11848K->5182K(23808K), 0.0002860 secs] [Times: user=0.00 sys=0.00, real=0.00 secs] 
118.690: Total time for which application threads were stopped: 0.0011990 seconds, Stopping threads took: 0.0008650 seconds
118.725: Application time: 0.0342870 seconds
118.725: [GC118.725: [ParNew: 6926K->334K(7424K), 0.0002690 secs] 11838K->5246K(23808K), 0.0002870 secs] [Times: user=0.00 sys=0.00, real=0.00 secs] 
118.725: Total time for which application threads were stopped: 0.0003720 seconds, Stopping threads took: 0.0000370 seconds
118.760: Application time: 0.0348530 seconds
118.760: [GC118.760: [ParNew: 6990K->365K(7424K), 0.0002630 secs] 11902K->5277K(23808K), 0.0002800 secs] [Times: user=0.00 sys=0.00, real=0.00 secs] 
118.760: Total time for which application threads were stopped: 0.0003860 seconds, Stopping threads took: 0.0000590 seconds
118.796: Application time: 0.0352120 seconds
118.796: [GC118.796: [ParNew: 7021K->365K(7424K), 0.0002710 secs] 11933K->5276K(23808K), 0.0002960 secs] [Times: user=0.00 sys=0.00, real=0.00 secs] 
118.796: Total time for which application threads were stopped: 0.0003830 seconds, Stopping threads took: 0.0000420 seconds
118.830: Application time: 0.0345360 seconds
118.831: [GC118.831: [ParNew: 7021K->403K(7424K), 0.0002680 secs] 11932K->5315K(23808K), 0.0002850 secs] [Times: user=0.00 sys=0.00, real=0.00 secs] 
118.831: Total time for which application threads were stopped: 0.0003750 seconds, Stopping threads took: 0.0000430 seconds
118.866: Application time: 0.0354180 seconds
118.866: [GC118.866: [ParNew: 7059K->307K(7424K), 0.0002870 secs] 11971K->5347K(23808K), 0.0003030 secs] [Times: user=0.00 sys=0.00, real=0.00 secs] 
118.867: Total time for which application threads were stopped: 0.0003970 seconds, Stopping threads took: 0.0000480 seconds
118.902: Application time: 0.0352550 seconds
118.902: [GC118.902: [ParNew: 6963K->319K(7424K), 0.0002690 secs] 12003K->5358K(23808K), 0.0002870 secs] [Times: user=0.00 sys=0.00, real=0.01 secs] 
118.902: Total time for which application threads were stopped: 0.0003780 seconds, Stopping threads took: 0.0000430 seconds
118.937: Application time: 0.0351480 seconds
118.937: [GC118.938: [ParNew: 6975K->338K(7424K), 0.0003310 secs] 12014K->5378K(23808K), 0.0003510 secs] [Times: user=0.00 sys=0.00, real=0.00 secs] 
118.938: Total time for which application threads were stopped: 0.0004390 seconds, Stopping threads took: 0.0000390 seconds
118.973: Application time: 0.0354710 seconds
118.973: [GC118.973: [ParNew: 6994K->331K(7424K), 0.0002720 secs] 12034K->5370K(23808K), 0.0002910 secs] [Times: user=0.00 sys=0.00, real=0.00 secs] 
118.974: Total time for which application threads were stopped: 0.0003800 seconds, Stopping threads took: 0.0000400 seconds
119.009: Application time: 0.0353660 seconds
119.009: [GC119.009: [ParNew: 6987K->335K(7424K), 0.0002450 secs] 12026K->5375K(23808K), 0.0002640 secs] [Times: user=0.00 sys=0.00, real=0.00 secs] 
119.009: Total time for which application threads were stopped: 0.0003560 seconds, Stopping threads took: 0.0000430 seconds
119.044: Application time: 0.0349950 seconds
119.045: [GC119.045: [ParNew: 6991K->335K(7424K), 0.0002750 secs] 12031K->5375K(23808K), 0.0002940 secs] [Times: user=0.00 sys=0.00, real=0.00 secs] 
119.045: Total time for which application threads were stopped: 0.0003930 seconds, Stopping threads took: 0.0000480 seconds
119.080: Application time: 0.0353140 seconds
119.080: [GC119.080: [ParNew: 6991K->344K(7424K), 0.0002660 secs] 12031K->5384K(23808K), 0.0002840 secs] [Times: user=0.00 sys=0.00, real=0.00 secs] 
119.081: Total time for which application threads were stopped: 0.0003770 seconds, Stopping threads took: 0.0000460 seconds
119.116: Application time: 0.0350290 seconds
119.116: [GC119.116: [ParNew: 7000K->340K(7424K), 0.0002500 secs] 12040K->5380K(23808K), 0.0002690 secs] [Times: user=0.00 sys=0.00, real=0.00 secs] 
119.116: Total time for which application threads were stopped: 0.0003690 seconds, Stopping threads took: 0.0000420 seconds
119.152: Application time: 0.0355860 seconds
119.152: [GC119.152: [ParNew: 6996K->282K(7424K), 0.0002610 secs] 12036K->5418K(23808K), 0.0002770 secs] [Times: user=0.01 sys=0.00, real=0.00 secs] 
119.152: Total time for which application threads were stopped: 0.0003690 seconds, Stopping threads took: 0.0000450 seconds
119.187: Application time: 0.0350960 seconds
119.187: [GC119.187: [ParNew: 6938K->274K(7424K), 0.0002350 secs] 12074K->5410K(23808K), 0.0002520 secs] [Times: user=0.01 sys=0.00, real=0.00 secs] 
119.187: Total time for which application threads were stopped: 0.0003420 seconds, Stopping threads took: 0.0000420 seconds
119.223: Application time: 0.0353490 seconds
119.223: [GC119.223: [ParNew: 6930K->281K(7424K), 0.0002470 secs] 12066K->5417K(23808K), 0.0002640 secs] [Times: user=0.00 sys=0.00, real=0.00 secs] 
119.223: Total time for which application threads were stopped: 0.0003590 seconds, Stopping threads took: 0.0000490 seconds
119.259: Application time: 0.0355530 seconds
119.259: [GC119.259: [ParNew: 6937K->232K(7424K), 0.0002670 secs] 12073K->5464K(23808K), 0.0002900 secs] [Times: user=0.01 sys=0.00, real=0.00 secs] 
119.259: Total time for which application threads were stopped: 0.0003750 seconds, Stopping threads took: 0.0000390 seconds
119.293: Application time: 0.0343170 seconds
119.293: [GC119.293: [ParNew: 6888K->249K(7424K), 0.0002530 secs] 12120K->5553K(23808K), 0.0002710 secs] [Times: user=0.00 sys=0.00, real=0.00 secs] 
119.294: Total time for which application threads were stopped: 0.0003600 seconds, Stopping threads took: 0.0000400 seconds
119.329: Application time: 0.0354490 seconds
119.329: [GC119.329: [ParNew: 6905K->259K(7424K), 0.0002930 secs] 12209K->5563K(23808K), 0.0003180 secs] [Times: user=0.00 sys=0.00, real=0.00 secs] 
119.330: Total time for which application threads were stopped: 0.0004370 seconds, Stopping threads took: 0.0000560 seconds
119.364: Application time: 0.0346920 seconds
119.364: [GC119.364: [ParNew: 6915K->260K(7424K), 0.0002640 secs] 12219K->5612K(23808K), 0.0002810 secs] [Times: user=0.00 sys=0.00, real=0.00 secs] 
119.365: Total time for which application threads were stopped: 0.0003760 seconds, Stopping threads took: 0.0000450 seconds
119.399: Application time: 0.0345150 seconds
119.399: [GC119.399: [ParNew: 6916K->292K(7424K), 0.0002570 secs] 12268K->5644K(23808K), 0.0002760 secs] [Times: user=0.00 sys=0.00, real=0.00 secs] 
119.399: Total time for which application threads were stopped: 0.0003670 seconds, Stopping threads took: 0.0000410 seconds
119.435: Application time: 0.0353880 seconds
119.435: [GC119.435: [ParNew: 6948K->279K(7424K), 0.0002760 secs] 12300K->5631K(23808K), 0.0002950 secs] [Times: user=0.00 sys=0.00, real=0.00 secs] 
119.435: Total time for which application threads were stopped: 0.0004060 seconds, Stopping threads took: 0.0000610 seconds
119.469: Application time: 0.0340830 seconds
119.469: [GC119.469: [ParNew: 6935K->338K(7424K), 0.0002860 secs] 12287K->5690K(23808K), 0.0003020 secs] [Times: user=0.01 sys=0.00, real=0.00 secs] 
119.470: Total time for which application threads were stopped: 0.0004130 seconds, Stopping threads took: 0.0000640 seconds
119.505: Application time: 0.0348620 seconds
119.505: [GC119.505: [ParNew: 6994K->361K(7424K), 0.0002610 secs] 12346K->5713K(23808K), 0.0002780 secs] [Times: user=0.00 sys=0.00, real=0.00 secs] 
119.505: Total time for which application threads were stopped: 0.0003820 seconds, Stopping threads took: 0.0000580 seconds
119.540: Application time: 0.0351730 seconds
119.540: [GC119.540: [ParNew: 7017K->366K(7424K), 0.0002800 secs] 12369K->5718K(23808K), 0.0002990 secs] [Times: user=0.00 sys=0.00, real=0.00 secs] 
119.541: Total time for which application threads were stopped: 0.0003990 seconds, Stopping threads took: 0.0000520 seconds
119.575: Application time: 0.0348200 seconds
119.576: [GC119.576: [ParNew: 7022K->393K(7424K), 0.0002960 secs] 12374K->5745K(23808K), 0.0003140 secs] [Times: user=0.00 sys=0.00, real=0.00 secs] 
119.576: Total time for which application threads were stopped: 0.0004120 seconds, Stopping threads took: 0.0000510 seconds
119.612: Application time: 0.0363520 seconds
119.612: [GC119.612: [ParNew: 7049K->394K(7424K), 0.0003510 secs] 12401K->5746K(23808K), 0.0003730 secs] [Times: user=0.00 sys=0.00, real=0.00 secs] 
119.613: Total time for which application threads were stopped: 0.0004820 seconds, Stopping threads took: 0.0000520 seconds
119.648: Application time: 0.0355260 seconds
119.648: [GC119.648: [ParNew: 7050K->397K(7424K), 0.0003200 secs] 12402K->5749K(23808K), 0.0003400 secs] [Times: user=0.00 sys=0.00, real=0.00 secs] 
119.649: Total time for which application threads were stopped: 0.0004560 seconds, Stopping threads took: 0.0000590 seconds
119.684: Application time: 0.0353910 seconds
119.684: [GC119.684: [ParNew: 7053K->399K(7424K), 0.0002930 secs] 12405K->5752K(23808K), 0.0003110 secs] [Times: user=0.00 sys=0.00, real=0.00 secs] 
119.684: Total time for which application threads were stopped: 0.0004030 seconds, Stopping threads took: 0.0000450 seconds
119.720: Application time: 0.0351440 seconds
119.720: [GC119.720: [ParNew: 7055K->374K(7424K), 0.0003470 secs] 12408K->5726K(23808K), 0.0003720 secs] [Times: user=0.01 sys=0.00, real=0.00 secs] 
119.720: Total time for which application threads were stopped: 0.0004610 seconds, Stopping threads took: 0.0000410 seconds
119.755: Application time: 0.0353610 seconds
119.755: [GC119.755: [ParNew: 7030K->396K(7424K), 0.0002900 secs] 12382K->5748K(23808K), 0.0003070 secs] [Times: user=0.00 sys=0.00, real=0.00 secs] 
119.756: Total time for which application threads were stopped: 0.0003910 seconds, Stopping threads took: 0.0000380 seconds
119.791: Application time: 0.0355840 seconds
119.791: [GC119.791: [ParNew: 7052K->392K(7424K), 0.0003470 secs] 12404K->5744K(23808K), 0.0003630 secs] [Times: user=0.00 sys=0.00, real=0.00 secs] 
119.792: Total time for which application threads were stopped: 0.0004530 seconds, Stopping threads took: 0.0000430 seconds
119.827: Application time: 0.0350770 seconds
119.827: [GC119.827: [ParNew: 7048K->341K(7424K), 0.0003570 secs] 12400K->5782K(23808K), 0.0003750 secs] [Times: user=0.00 sys=0.00, real=0.00 secs] 
119.827: Total time for which application threads were stopped: 0.0004660 seconds, Stopping threads took: 0.0000430 seconds
119.863: Application time: 0.0352320 seconds
119.863: [GC119.863: [ParNew: 6997K->340K(7424K), 0.0002460 secs] 12438K->5781K(23808K), 0.0002630 secs] [Times: user=0.00 sys=0.00, real=0.00 secs] 
119.863: Total time for which application threads were stopped: 0.0003550 seconds, Stopping threads took: 0.0000440 seconds
119.898: Application time: 0.0350980 seconds
119.898: [GC119.898: [ParNew: 6996K->304K(7424K), 0.0003330 secs] 12437K->5800K(23808K), 0.0003500 secs] [Times: user=0.00 sys=0.00, real=0.00 secs] 
119.899: Total time for which application threads were stopped: 0.0004380 seconds, Stopping threads took: 0.0000410 seconds
119.934: Application time: 0.0353250 seconds
119.934: [GC119.934: [ParNew: 6960K->284K(7424K), 0.0002370 secs] 12456K->5844K(23808K), 0.0002530 secs] [Times: user=0.00 sys=0.00, real=0.01 secs] 
119.934: Total time for which application threads were stopped: 0.0003420 seconds, Stopping threads took: 0.0000430 seconds
119.970: Application time: 0.0353900 seconds
119.970: [GC119.970: [ParNew: 6940K->288K(7424K), 0.0002410 secs] 12500K->5848K(23808K), 0.0002570 secs] [Times: user=0.01 sys=0.00, real=0.00 secs] 
119.970: Total time for which application threads were stopped: 0.0003530 seconds, Stopping threads took: 0.0000490 seconds
120.006: Application time: 0.0355720 seconds
120.006: [GC120.006: [ParNew: 6944K->219K(7424K), 0.0003160 secs] 12504K->5883K(23808K), 0.0003330 secs] [Times: user=0.00 sys=0.00, real=0.00 secs] 
120.006: Total time for which application threads were stopped: 0.0004250 seconds, Stopping threads took: 0.0000480 seconds
120.041: Application time: 0.0349290 seconds
120.041: [GC120.041: [ParNew: 6875K->224K(7424K), 0.0002590 secs] 12539K->5960K(23808K), 0.0002770 secs] [Times: user=0.01 sys=0.00, real=0.00 secs] 
120.041: Total time for which application threads were stopped: 0.0003720 seconds, Stopping threads took: 0.0000450 seconds
120.076: Application time: 0.0346190 seconds
120.076: [GC120.076: [ParNew: 6880K->255K(7424K), 0.0002280 secs] 12616K->5991K(23808K), 0.0002460 secs] [Times: user=0.00 sys=0.00, real=0.00 secs] 
120.076: Total time for which application threads were stopped: 0.0003310 seconds, Stopping threads took: 0.0000400 seconds
120.111: Application time: 0.0345520 seconds
120.111: [GC120.111: [ParNew: 6911K->257K(7424K), 0.0002290 secs] 12647K->6050K(23808K), 0.0002460 secs] [Times: user=0.00 sys=0.00, real=0.00 secs] 
120.111: Total time for which application threads were stopped: 0.0003500 seconds, Stopping threads took: 0.0000570 seconds
120.146: Application time: 0.0346980 seconds
120.146: [GC120.146: [ParNew: 6913K->291K(7424K), 0.0002800 secs] 12706K->6083K(23808K), 0.0002970 secs] [Times: user=0.00 sys=0.00, real=0.00 secs] 
120.146: Total time for which application threads were stopped: 0.0003900 seconds, Stopping threads took: 0.0000470 seconds
120.182: Application time: 0.0353460 seconds
120.182: [GC120.182: [ParNew: 6947K->282K(7424K), 0.0002520 secs] 12739K->6075K(23808K), 0.0002750 secs] [Times: user=0.00 sys=0.00, real=0.00 secs] 
120.182: Total time for which application threads were stopped: 0.0003730 seconds, Stopping threads took: 0.0000460 seconds
120.217: Application time: 0.0354010 seconds
120.217: [GC120.217: [ParNew: 6938K->282K(7424K), 0.0002510 secs] 12731K->6074K(23808K), 0.0002680 secs] [Times: user=0.00 sys=0.00, real=0.00 secs] 
120.218: Total time for which application threads were stopped: 0.0003510 seconds, Stopping threads took: 0.0000370 seconds
120.251: Application time: 0.0336380 seconds
120.251: [GC120.251: [ParNew: 6938K->371K(7424K), 0.0002780 secs] 12730K->6163K(23808K), 0.0002950 secs] [Times: user=0.00 sys=0.00, real=0.00 secs] 
120.252: Total time for which application threads were stopped: 0.0003900 seconds, Stopping threads took: 0.0000470 seconds
120.286: Application time: 0.0347970 seconds
120.287: [GC120.287: [ParNew: 7027K->399K(7424K), 0.0002690 secs] 12819K->6192K(23808K), 0.0002850 secs] [Times: user=0.00 sys=0.00, real=0.00 secs] 
120.287: Total time for which application threads were stopped: 0.0003900 seconds, Stopping threads took: 0.0000580 seconds
120.322: Application time: 0.0354720 seconds
120.322: [GC120.322: [ParNew: 7055K->395K(7424K), 0.0003250 secs] 12848K->6187K(23808K), 0.0003470 secs] [Times: user=0.00 sys=0.00, real=0.00 secs] 
120.323: Total time for which application threads were stopped: 0.0004650 seconds, Stopping threads took: 0.0000570 seconds
120.358: Application time: 0.0354400 seconds
120.358: [GC120.358: [ParNew: 7051K->398K(7424K), 0.0003620 secs] 12843K->6190K(23808K), 0.0003800 secs] [Times: user=0.01 sys=0.00, real=0.00 secs] 
120.359: Total time for which application threads were stopped: 0.0004650 seconds, Stopping threads took: 0.0000370 seconds
120.394: Application time: 0.0351580 seconds
120.394: [GC120.394: [ParNew: 7054K->399K(7424K), 0.0002550 secs] 12846K->6191K(23808K), 0.0002730 secs] [Times: user=0.00 sys=0.00, real=0.01 secs] 
120.394: Total time for which application threads were stopped: 0.0003610 seconds, Stopping threads took: 0.0000390 seconds
120.430: Application time: 0.0353000 seconds
120.430: [GC120.430: [ParNew: 7055K->398K(7424K), 0.0003070 secs] 12847K->6190K(23808K), 0.0003250 secs] [Times: user=0.00 sys=0.00, real=0.00 secs] 
120.430: Total time for which application threads were stopped: 0.0004160 seconds, Stopping threads took: 0.0000440 seconds
120.466: Application time: 0.0355400 seconds
120.466: [GC120.466: [ParNew: 7054K->393K(7424K), 0.0002850 secs] 12846K->6185K(23808K), 0.0003040 secs] [Times: user=0.00 sys=0.00, real=0.00 secs] 
120.466: Total time for which application threads were stopped: 0.0003940 seconds, Stopping threads took: 0.0000430 seconds
120.501: Application time: 0.0349540 seconds
120.501: [GC120.501: [ParNew: 7049K->395K(7424K), 0.0003090 secs] 12841K->6187K(23808K), 0.0003280 secs] [Times: user=0.00 sys=0.00, real=0.00 secs] 
120.501: Total time for which application threads were stopped: 0.0004230 seconds, Stopping threads took: 0.0000470 seconds
120.537: Application time: 0.0352280 seconds
120.537: [GC120.537: [ParNew: 7051K->401K(7424K), 0.0003050 secs] 12843K->6193K(23808K), 0.0003260 secs] [Times: user=0.01 sys=0.00, real=0.00 secs] 
120.537: Total time for which application threads were stopped: 0.0004170 seconds, Stopping threads took: 0.0000420 seconds
120.573: Application time: 0.0356400 seconds
120.573: [GC120.573: [ParNew: 7057K->364K(7424K), 0.0003680 secs] 12849K->6212K(23808K), 0.0003860 secs] [Times: user=0.00 sys=0.00, real=0.00 secs] 
120.573: Total time for which application threads were stopped: 0.0004910 seconds, Stopping threads took: 0.0000560 seconds
120.608: Application time: 0.0353480 seconds
120.608: [GC120.608: [ParNew: 7020K->343K(7424K), 0.0002900 secs] 12868K->6247K(23808K), 0.0003080 secs] [Times: user=0.01 sys=0.00, real=0.00 secs] 
120.609: Total time for which application threads were stopped: 0.0003970 seconds, Stopping threads took: 0.0000390 seconds
120.644: Application time: 0.0349820 seconds
120.644: [GC120.644: [ParNew: 6999K->306K(7424K), 0.0002830 secs] 12903K->6275K(23808K), 0.0003090 secs] [Times: user=0.00 sys=0.00, real=0.00 secs] 
120.644: Total time for which application threads were stopped: 0.0004120 seconds, Stopping threads took: 0.0000560 seconds
120.679: Application time: 0.0352240 seconds
120.680: [GC120.680: [ParNew: 6962K->279K(7424K), 0.0002630 secs] 12931K->6304K(23808K), 0.0002790 secs] [Times: user=0.00 sys=0.00, real=0.00 secs] 
120.680: Total time for which application threads were stopped: 0.0003640 seconds, Stopping threads took: 0.0000390 seconds
120.715: Application time: 0.0355570 seconds
120.715: [GC120.715: [ParNew: 6935K->282K(7424K), 0.0002540 secs] 12960K->6306K(23808K), 0.0002730 secs] [Times: user=0.00 sys=0.00, real=0.00 secs] 
120.716: Total time for which application threads were stopped: 0.0003770 seconds, Stopping threads took: 0.0000470 seconds
120.751: Application time: 0.0352160 seconds
120.751: [GC120.751: [ParNew: 6938K->283K(7424K), 0.0002530 secs] 12962K->6308K(23808K), 0.0002710 secs] [Times: user=0.00 sys=0.00, real=0.00 secs] 
120.751: Total time for which application threads were stopped: 0.0003600 seconds, Stopping threads took: 0.0000400 seconds
120.786: Application time: 0.0346870 seconds
120.786: [GC120.786: [ParNew: 6939K->231K(7424K), 0.0002910 secs] 12964K->6384K(23808K), 0.0003080 secs] [Times: user=0.00 sys=0.00, real=0.00 secs] 
120.786: Total time for which application threads were stopped: 0.0004100 seconds, Stopping threads took: 0.0000540 seconds
120.821: Application time: 0.0348450 seconds
120.821: [GC120.821: [ParNew: 6887K->221K(7424K), 0.0002470 secs] 13040K->6438K(23808K), 0.0002640 secs] [Times: user=0.00 sys=0.00, real=0.00 secs] 
120.822: Total time for which application threads were stopped: 0.0003480 seconds, Stopping threads took: 0.0000380 seconds
120.856: Application time: 0.0347190 seconds
120.856: [GC120.856: [ParNew: 6877K->254K(7424K), 0.0002290 secs] 13094K->6470K(23808K), 0.0002470 secs] [Times: user=0.00 sys=0.00, real=0.00 secs] 
120.857: Total time for which application threads were stopped: 0.0003360 seconds, Stopping threads took: 0.0000430 seconds
120.892: Application time: 0.0348390 seconds
120.894: [GC120.894: [ParNew: 6910K->282K(7424K), 0.0002900 secs] 13126K->6498K(23808K), 0.0003090 secs] [Times: user=0.00 sys=0.00, real=0.00 secs] 
120.894: Total time for which application threads were stopped: 0.0029040 seconds, Stopping threads took: 0.0025480 seconds
120.929: Application time: 0.0350840 seconds
120.930: [GC120.930: [ParNew: 6938K->277K(7424K), 0.0002550 secs] 13154K->6493K(23808K), 0.0002710 secs] [Times: user=0.00 sys=0.00, real=0.00 secs] 
120.930: Total time for which application threads were stopped: 0.0003530 seconds, Stopping threads took: 0.0000360 seconds
120.965: Application time: 0.0351210 seconds
120.965: [GC120.965: [ParNew: 6933K->267K(7424K), 0.0002320 secs] 13149K->6484K(23808K), 0.0002480 secs] [Times: user=0.00 sys=0.00, real=0.00 secs] 
120.965: Total time for which application threads were stopped: 0.0003420 seconds, Stopping threads took: 0.0000490 seconds
120.999: Application time: 0.0338320 seconds
120.999: [GC120.999: [ParNew: 6923K->374K(7424K), 0.0002670 secs] 13140K->6590K(23808K), 0.0002830 secs] [Times: user=0.00 sys=0.00, real=0.00 secs] 
121.000: Total time for which application threads were stopped: 0.0003730 seconds, Stopping threads took: 0.0000420 seconds
121.035: Application time: 0.0353640 seconds
121.035: [GC121.035: [ParNew: 7030K->393K(7424K), 0.0002660 secs] 13246K->6609K(23808K), 0.0002840 secs] [Times: user=0.00 sys=0.00, real=0.00 secs] 
121.035: Total time for which application threads were stopped: 0.0003750 seconds, Stopping threads took: 0.0000420 seconds
121.070: Application time: 0.0352160 seconds
121.071: [GC121.071: [ParNew: 7049K->398K(7424K), 0.0002810 secs] 13265K->6614K(23808K), 0.0002980 secs] [Times: user=0.00 sys=0.00, real=0.00 secs] 
121.071: Total time for which application threads were stopped: 0.0003860 seconds, Stopping threads took: 0.0000360 seconds
121.107: Application time: 0.0362670 seconds
121.107: [GC121.107: [ParNew: 7054K->401K(7424K), 0.0003610 secs] 13270K->6617K(23808K), 0.0003830 secs] [Times: user=0.01 sys=0.00, real=0.00 secs] 
121.108: Total time for which application threads were stopped: 0.0005030 seconds, Stopping threads took: 0.0000630 seconds
121.143: Application time: 0.0356590 seconds
121.143: [GC121.143: [ParNew: 7057K->394K(7424K), 0.0002860 secs] 13273K->6611K(23808K), 0.0003050 secs] [Times: user=0.00 sys=0.00, real=0.00 secs] 
121.144: Total time for which application threads were stopped: 0.0004020 seconds, Stopping threads took: 0.0000480 seconds
121.179: Application time: 0.0350790 seconds
121.179: [GC121.179: [ParNew: 7050K->391K(7424K), 0.0002820 secs] 13267K->6608K(23808K), 0.0003000 secs] [Times: user=0.00 sys=0.00, real=0.00 secs] 
121.179: Total time for which application threads were stopped: 0.0003880 seconds, Stopping threads took: 0.0000380 seconds
121.214: Application time: 0.0350560 seconds
121.214: [GC121.214: [ParNew: 7047K->393K(7424K), 0.0002600 secs] 13264K->6609K(23808K), 0.0002760 secs] [Times: user=0.00 sys=0.00, real=0.00 secs] 
121.215: Total time for which application threads were stopped: 0.0003620 seconds, Stopping threads took: 0.0000410 seconds
121.250: Application time: 0.0351360 seconds
121.250: [GC121.250: [ParNew: 7049K->398K(7424K), 0.0002610 secs] 13265K->6614K(23808K), 0.0002780 secs] [Times: user=0.01 sys=0.00, real=0.00 secs] 
121.250: Total time for which application threads were stopped: 0.0003680 seconds, Stopping threads took: 0.0000380 seconds
121.286: Application time: 0.0356540 seconds
121.286: [GC121.286: [ParNew: 7054K->360K(7424K), 0.0002910 secs] 13270K->6624K(23808K), 0.0003090 secs] [Times: user=0.00 sys=0.00, real=0.00 secs] 
121.286: Total time for which application threads were stopped: 0.0003910 seconds, Stopping threads took: 0.0000370 seconds
121.321: Application time: 0.0351950 seconds
121.321: [GC121.321: [ParNew: 7016K->364K(7424K), 0.0004080 secs] 13280K->6629K(23808K), 0.0004320 secs] [Times: user=0.00 sys=0.00, real=0.00 secs] 
121.322: Total time for which application threads were stopped: 0.0005580 seconds, Stopping threads took: 0.0000620 seconds
121.357: Application time: 0.0353440 seconds
121.357: [GC121.357: [ParNew: 7020K->340K(7424K), 0.0003500 secs] 13285K->6661K(23808K), 0.0003680 secs] [Times: user=0.01 sys=0.00, real=0.00 secs] 
121.358: Total time for which application threads were stopped: 0.0004620 seconds, Stopping threads took: 0.0000410 seconds
121.393: Application time: 0.0353130 seconds
121.393: [GC121.393: [ParNew: 6996K->314K(7424K), 0.0002680 secs] 13317K->6690K(23808K), 0.0002860 secs] [Times: user=0.00 sys=0.00, real=0.00 secs] 
121.393: Total time for which application threads were stopped: 0.0003820 seconds, Stopping threads took: 0.0000490 seconds
121.428: Application time: 0.0349490 seconds
121.428: [GC121.428: [ParNew: 6970K->286K(7424K), 0.0002680 secs] 13346K->6719K(23808K), 0.0002850 secs] [Times: user=0.01 sys=0.00, real=0.00 secs] 
121.429: Total time for which application threads were stopped: 0.0003970 seconds, Stopping threads took: 0.0000660 seconds
121.464: Application time: 0.0354950 seconds
121.464: [GC121.464: [ParNew: 6942K->287K(7424K), 0.0002620 secs] 13375K->6720K(23808K), 0.0002820 secs] [Times: user=0.00 sys=0.00, real=0.00 secs] 
121.465: Total time for which application threads were stopped: 0.0003690 seconds, Stopping threads took: 0.0000400 seconds
121.500: Application time: 0.0354660 seconds
121.500: [GC121.500: [ParNew: 6943K->285K(7424K), 0.0002680 secs] 13376K->6717K(23808K), 0.0002860 secs] [Times: user=0.00 sys=0.00, real=0.00 secs] 
121.500: Total time for which application threads were stopped: 0.0003770 seconds, Stopping threads took: 0.0000450 seconds
121.535: Application time: 0.0348960 seconds
121.535: [GC121.535: [ParNew: 6941K->202K(7424K), 0.0002610 secs] 13373K->6763K(23808K), 0.0002880 secs] [Times: user=0.01 sys=0.00, real=0.00 secs] 
121.536: Total time for which application threads were stopped: 0.0003790 seconds, Stopping threads took: 0.0000410 seconds
121.571: Application time: 0.0348290 seconds
121.571: [GC121.571: [ParNew: 6858K->216K(7424K), 0.0002550 secs] 13419K->6833K(23808K), 0.0002720 secs] [Times: user=0.01 sys=0.00, real=0.00 secs] 
121.571: Total time for which application threads were stopped: 0.0003610 seconds, Stopping threads took: 0.0000420 seconds
121.606: Application time: 0.0348090 seconds
121.606: [GC121.606: [ParNew: 6872K->243K(7424K), 0.0002790 secs] 13489K->6860K(23808K), 0.0002970 secs] [Times: user=0.00 sys=0.00, real=0.00 secs] 
121.606: Total time for which application threads were stopped: 0.0003810 seconds, Stopping threads took: 0.0000380 seconds
121.641: Application time: 0.0348820 seconds
121.641: [GC121.641: [ParNew: 6899K->273K(7424K), 0.0002730 secs] 13516K->6890K(23808K), 0.0002920 secs] [Times: user=0.00 sys=0.00, real=0.00 secs] 
121.641: Total time for which application threads were stopped: 0.0003910 seconds, Stopping threads took: 0.0000490 seconds
121.676: Application time: 0.0350110 seconds
121.676: [GC121.676: [ParNew: 6929K->280K(7424K), 0.0002650 secs] 13546K->6897K(23808K), 0.0002820 secs] [Times: user=0.00 sys=0.00, real=0.00 secs] 
121.677: Total time for which application threads were stopped: 0.0003660 seconds, Stopping threads took: 0.0000380 seconds
121.712: Application time: 0.0354960 seconds
121.712: [GC121.712: [ParNew: 6936K->285K(7424K), 0.0002560 secs] 13553K->6901K(23808K), 0.0002720 secs] [Times: user=0.00 sys=0.00, real=0.00 secs] 
121.713: Total time for which application threads were stopped: 0.0003660 seconds, Stopping threads took: 0.0000490 seconds
121.747: Application time: 0.0339730 seconds
121.747: [GC121.747: [ParNew: 6941K->374K(7424K), 0.0002890 secs] 13557K->6991K(23808K), 0.0003070 secs] [Times: user=0.00 sys=0.00, real=0.00 secs] 
121.747: Total time for which application threads were stopped: 0.0004300 seconds, Stopping threads took: 0.0000760 seconds
121.782: Application time: 0.0351280 seconds
121.782: [GC121.782: [ParNew: 7030K->368K(7424K), 0.0003090 secs] 13647K->6985K(23808K), 0.0003270 secs] [Times: user=0.00 sys=0.00, real=0.00 secs] 
121.783: Total time for which application threads were stopped: 0.0004430 seconds, Stopping threads took: 0.0000630 seconds
121.817: Application time: 0.0348260 seconds
121.818: [GC121.818: [ParNew: 7024K->395K(7424K), 0.0002580 secs] 13641K->7011K(23808K), 0.0002750 secs] [Times: user=0.00 sys=0.00, real=0.00 secs] 
121.818: Total time for which application threads were stopped: 0.0003640 seconds, Stopping threads took: 0.0000420 seconds
121.853: Application time: 0.0353370 seconds
121.853: [GC121.853: [ParNew: 7051K->403K(7424K), 0.0002790 secs] 13667K->7020K(23808K), 0.0002980 secs] [Times: user=0.00 sys=0.00, real=0.00 secs] 
121.854: Total time for which application threads were stopped: 0.0003840 seconds, Stopping threads took: 0.0000370 seconds
121.889: Application time: 0.0355190 seconds
121.889: [GC121.889: [ParNew: 7059K->402K(7424K), 0.0002670 secs] 13676K->7018K(23808K), 0.0002850 secs] [Times: user=0.00 sys=0.00, real=0.00 secs] 
121.889: Total time for which application threads were stopped: 0.0003700 seconds, Stopping threads took: 0.0000380 seconds
121.924: Application time: 0.0350340 seconds
121.925: [GC121.925: [ParNew: 7058K->394K(7424K), 0.0002610 secs] 13674K->7011K(23808K), 0.0002800 secs] [Times: user=0.01 sys=0.00, real=0.00 secs] 
121.925: Total time for which application threads were stopped: 0.0003680 seconds, Stopping threads took: 0.0000370 seconds
121.960: Application time: 0.0353590 seconds
121.960: [GC121.960: [ParNew: 7050K->394K(7424K), 0.0002830 secs] 13667K->7010K(23808K), 0.0003000 secs] [Times: user=0.01 sys=0.00, real=0.00 secs] 
121.961: Total time for which application threads were stopped: 0.0003830 seconds, Stopping threads took: 0.0000340 seconds
121.996: Application time: 0.0352440 seconds
121.996: [GC121.996: [ParNew: 7050K->403K(7424K), 0.0002810 secs] 13666K->7020K(23808K), 0.0003070 secs] [Times: user=0.00 sys=0.00, real=0.00 secs] 
121.996: Total time for which application threads were stopped: 0.0004010 seconds, Stopping threads took: 0.0000440 seconds
122.031: Application time: 0.0351670 seconds
122.031: [GC122.031: [ParNew: 7059K->375K(7424K), 0.0002950 secs] 13676K->7056K(23808K), 0.0003130 secs] [Times: user=0.00 sys=0.00, real=0.00 secs] 
122.032: Total time for which application threads were stopped: 0.0004100 seconds, Stopping threads took: 0.0000470 seconds
122.067: Application time: 0.0353120 seconds
122.067: [GC122.067: [ParNew: 7031K->363K(7424K), 0.0002600 secs] 13712K->7044K(23808K), 0.0002790 secs] [Times: user=0.00 sys=0.00, real=0.00 secs] 
122.068: Total time for which application threads were stopped: 0.0003920 seconds, Stopping threads took: 0.0000630 seconds
122.103: Application time: 0.0350790 seconds
122.103: [GC122.103: [ParNew: 7019K->337K(7424K), 0.0002730 secs] 13700K->7082K(23808K), 0.0002890 secs] [Times: user=0.01 sys=0.00, real=0.00 secs] 
122.103: Total time for which application threads were stopped: 0.0003720 seconds, Stopping threads took: 0.0000360 seconds
122.138: Application time: 0.0349550 seconds
122.138: [GC122.138: [ParNew: 6993K->314K(7424K), 0.0002660 secs] 13738K->7123K(23808K), 0.0002830 secs] [Times: user=0.00 sys=0.00, real=0.00 secs] 
122.138: Total time for which application threads were stopped: 0.0003790 seconds, Stopping threads took: 0.0000510 seconds
122.174: Application time: 0.0354070 seconds
122.174: [GC122.174: [ParNew: 6970K->284K(7424K), 0.0002710 secs] 13779K->7149K(23808K), 0.0002880 secs] [Times: user=0.00 sys=0.00, real=0.01 secs] 
122.174: Total time for which application threads were stopped: 0.0003900 seconds, Stopping threads took: 0.0000510 seconds
122.209: Application time: 0.0353220 seconds
122.210: [GC122.210: [ParNew: 6940K->278K(7424K), 0.0003090 secs] 13805K->7143K(23808K), 0.0003250 secs] [Times: user=0.00 sys=0.00, real=0.00 secs] 
122.210: Total time for which application threads were stopped: 0.0004300 seconds, Stopping threads took: 0.0000590 seconds
122.245: Application time: 0.0351230 seconds
122.245: [GC122.245: [ParNew: 6934K->280K(7424K), 0.0003080 secs] 13799K->7145K(23808K), 0.0003250 secs] [Times: user=0.01 sys=0.00, real=0.00 secs] 
122.245: Total time for which application threads were stopped: 0.0004090 seconds, Stopping threads took: 0.0000390 seconds
122.281: Application time: 0.0354790 seconds
122.281: [GC122.281: [ParNew: 6936K->194K(7424K), 0.0002460 secs] 13801K->7187K(23808K), 0.0002650 secs] [Times: user=0.00 sys=0.00, real=0.00 secs] 
122.281: Total time for which application threads were stopped: 0.0003680 seconds, Stopping threads took: 0.0000540 seconds
122.316: Application time: 0.0350580 seconds
122.316: [GC122.316: [ParNew: 6850K->222K(7424K), 0.0003080 secs] 13843K->7215K(23808K), 0.0003310 secs] [Times: user=0.00 sys=0.00, real=0.00 secs] 
122.317: Total time for which application threads were stopped: 0.0004660 seconds, Stopping threads took: 0.0000630 seconds
122.351: Application time: 0.0344080 seconds
122.351: [GC122.351: [ParNew: 6878K->259K(7424K), 0.0002800 secs] 13871K->7316K(23808K), 0.0003000 secs] [Times: user=0.01 sys=0.00, real=0.00 secs] 
122.352: Total time for which application threads were stopped: 0.0003940 seconds, Stopping threads took: 0.0000420 seconds
122.387: Application time: 0.0352560 seconds
122.387: [GC122.387: [ParNew: 6915K->253K(7424K), 0.0002310 secs] 13972K->7310K(23808K), 0.0002490 secs] [Times: user=0.00 sys=0.00, real=0.00 secs] 
122.387: Total time for which application threads were stopped: 0.0003310 seconds, Stopping threads took: 0.0000350 seconds
122.422: Application time: 0.0348860 seconds
122.422: [GC122.422: [ParNew: 6909K->269K(7424K), 0.0002320 secs] 13966K->7326K(23808K), 0.0002520 secs] [Times: user=0.00 sys=0.00, real=0.00 secs] 
122.422: Total time for which application threads were stopped: 0.0003400 seconds, Stopping threads took: 0.0000410 seconds
122.457: Application time: 0.0350290 seconds
122.457: [GC122.458: [ParNew: 6925K->276K(7424K), 0.0002460 secs] 13982K->7333K(23808K), 0.0002690 secs] [Times: user=0.00 sys=0.00, real=0.00 secs] 
122.458: Total time for which application threads were stopped: 0.0003570 seconds, Stopping threads took: 0.0000430 seconds
122.493: Application time: 0.0348840 seconds
122.493: [GC122.493: [ParNew: 6932K->290K(7424K), 0.0003090 secs] 13989K->7347K(23808K), 0.0003260 secs] [Times: user=0.00 sys=0.00, real=0.00 secs] 
122.493: Total time for which application threads were stopped: 0.0004110 seconds, Stopping threads took: 0.0000370 seconds
122.527: Application time: 0.0342560 seconds
122.527: [GC122.527: [ParNew: 6946K->364K(7424K), 0.0002760 secs] 14003K->7421K(23808K), 0.0002950 secs] [Times: user=0.00 sys=0.00, real=0.00 secs] 
122.528: Total time for which application threads were stopped: 0.0003840 seconds, Stopping threads took: 0.0000410 seconds
122.562: Application time: 0.0346990 seconds
122.562: [GC122.563: [ParNew: 7020K->401K(7424K), 0.0003050 secs] 14077K->7458K(23808K), 0.0003230 secs] [Times: user=0.00 sys=0.00, real=0.00 secs] 
122.563: Total time for which application threads were stopped: 0.0004190 seconds, Stopping threads took: 0.0000460 seconds
122.598: Application time: 0.0356100 seconds
122.602: [GC122.602: [ParNew: 7057K->352K(7424K), 0.0004550 secs] 14114K->7481K(23808K), 0.0004760 secs] [Times: user=0.00 sys=0.00, real=0.00 secs] 
122.603: Total time for which application threads were stopped: 0.0041530 seconds, Stopping threads took: 0.0036160 seconds
122.638: Application time: 0.0353910 seconds
122.638: [GC122.638: [ParNew: 7008K->355K(7424K), 0.0002750 secs] 14137K->7484K(23808K), 0.0002920 secs] [Times: user=0.01 sys=0.00, real=0.00 secs] 
122.638: Total time for which application threads were stopped: 0.0003990 seconds, Stopping threads took: 0.0000550 seconds
122.674: Application time: 0.0352350 seconds
122.678: [GC122.678: [ParNew: 7011K->368K(7424K), 0.0002750 secs] 14140K->7497K(23808K), 0.0002920 secs] [Times: user=0.01 sys=0.00, real=0.00 secs] 
122.678: Total time for which application threads were stopped: 0.0047610 seconds, Stopping threads took: 0.0044240 seconds
122.714: Application time: 0.0352540 seconds
122.714: [GC122.714: [ParNew: 7024K->373K(7424K), 0.0002530 secs] 14153K->7502K(23808K), 0.0002710 secs] [Times: user=0.00 sys=0.00, real=0.00 secs] 
122.714: Total time for which application threads were stopped: 0.0003660 seconds, Stopping threads took: 0.0000480 seconds
122.749: Application time: 0.0352930 seconds
122.749: [GC122.749: [ParNew: 7029K->369K(7424K), 0.0002810 secs] 14158K->7498K(23808K), 0.0002990 secs] [Times: user=0.00 sys=0.00, real=0.00 secs] 
122.750: Total time for which application threads were stopped: 0.0003870 seconds, Stopping threads took: 0.0000420 seconds
122.785: Application time: 0.0350670 seconds
122.785: [GC122.785: [ParNew: 7025K->367K(7424K), 0.0002550 secs] 14154K->7496K(23808K), 0.0002740 secs] [Times: user=0.00 sys=0.00, real=0.00 secs] 
122.785: Total time for which application threads were stopped: 0.0003680 seconds, Stopping threads took: 0.0000470 seconds
122.820: Application time: 0.0351860 seconds
122.820: [GC122.820: [ParNew: 7023K->366K(7424K), 0.0002780 secs] 14152K->7495K(23808K), 0.0002940 secs] [Times: user=0.00 sys=0.00, real=0.00 secs] 
122.821: Total time for which application threads were stopped: 0.0003880 seconds, Stopping threads took: 0.0000400 seconds
122.856: Application time: 0.0354350 seconds
122.856: [GC122.856: [ParNew: 7022K->370K(7424K), 0.0002450 secs] 14151K->7499K(23808K), 0.0002640 secs] [Times: user=0.00 sys=0.00, real=0.00 secs] 
122.857: Total time for which application threads were stopped: 0.0003560 seconds, Stopping threads took: 0.0000460 seconds
122.891: Application time: 0.0349620 seconds
122.892: [GC122.892: [ParNew: 7026K->311K(7424K), 0.0003330 secs] 14155K->7537K(23808K), 0.0003500 secs] [Times: user=0.00 sys=0.00, real=0.00 secs] 
122.892: Total time for which application threads were stopped: 0.0004370 seconds, Stopping threads took: 0.0000410 seconds
122.927: Application time: 0.0353850 seconds
122.927: [GC122.927: [ParNew: 6967K->309K(7424K), 0.0003190 secs] 14193K->7534K(23808K), 0.0003430 secs] [Times: user=0.00 sys=0.00, real=0.00 secs] 
122.928: Total time for which application threads were stopped: 0.0004350 seconds, Stopping threads took: 0.0000470 seconds
122.963: Application time: 0.0351680 seconds
122.963: [GC122.963: [ParNew: 6965K->284K(7424K), 0.0003610 secs] 14190K->7581K(23808K), 0.0003790 secs] [Times: user=0.00 sys=0.00, real=0.00 secs] 
122.963: Total time for which application threads were stopped: 0.0004630 seconds, Stopping threads took: 0.0000380 seconds
122.999: Application time: 0.0354170 seconds
122.999: [GC122.999: [ParNew: 6940K->281K(7424K), 0.0003170 secs] 14237K->7579K(23808K), 0.0003350 secs] [Times: user=0.00 sys=0.00, real=0.00 secs] 
122.999: Total time for which application threads were stopped: 0.0004270 seconds, Stopping threads took: 0.0000480 seconds
123.034: Application time: 0.0350280 seconds
123.034: [GC123.034: [ParNew: 6937K->247K(7424K), 0.0002330 secs] 14235K->7608K(23808K), 0.0002510 secs] [Times: user=0.00 sys=0.00, real=0.00 secs] 
123.035: Total time for which application threads were stopped: 0.0003430 seconds, Stopping threads took: 0.0000460 seconds
123.069: Application time: 0.0348550 seconds
123.070: [GC123.070: [ParNew: 6903K->219K(7424K), 0.0003210 secs] 14264K->7676K(23808K), 0.0003380 secs] [Times: user=0.00 sys=0.00, real=0.00 secs] 
123.070: Total time for which application threads were stopped: 0.0004320 seconds, Stopping threads took: 0.0000450 seconds
123.105: Application time: 0.0348570 seconds
123.105: [GC123.105: [ParNew: 6875K->207K(7424K), 0.0003250 secs] 14332K->7720K(23808K), 0.0003420 secs] [Times: user=0.00 sys=0.00, real=0.00 secs] 
123.105: Total time for which application threads were stopped: 0.0004500 seconds, Stopping threads took: 0.0000590 seconds
123.140: Application time: 0.0348660 seconds
123.140: [GC123.140: [ParNew: 6863K->245K(7424K), 0.0003110 secs] 14376K->7758K(23808K), 0.0003310 secs] [Times: user=0.00 sys=0.00, real=0.00 secs] 
123.140: Total time for which application threads were stopped: 0.0004480 seconds, Stopping threads took: 0.0000680 seconds
123.175: Application time: 0.0348300 seconds
123.175: [GC123.175: [ParNew: 6901K->281K(7424K), 0.0002380 secs] 14414K->7794K(23808K), 0.0002560 secs] [Times: user=0.01 sys=0.00, real=0.00 secs] 
123.176: Total time for which application threads were stopped: 0.0003490 seconds, Stopping threads took: 0.0000420 seconds
123.211: Application time: 0.0351920 seconds
123.211: [GC123.211: [ParNew: 6937K->282K(7424K), 0.0002330 secs] 14450K->7795K(23808K), 0.0002510 secs] [Times: user=0.01 sys=0.00, real=0.00 secs] 
123.211: Total time for which application threads were stopped: 0.0003480 seconds, Stopping threads took: 0.0000480 seconds
123.246: Application time: 0.0347230 seconds
123.246: [GC123.246: [ParNew: 6938K->311K(7424K), 0.0003330 secs] 14451K->7824K(23808K), 0.0003520 secs] [Times: user=0.00 sys=0.00, real=0.00 secs] 
123.246: Total time for which application threads were stopped: 0.0004540 seconds, Stopping threads took: 0.0000490 seconds
123.281: Application time: 0.0343380 seconds
123.281: [GC123.281: [ParNew: 6967K->368K(7424K), 0.0002790 secs] 14480K->7881K(23808K), 0.0002970 secs] [Times: user=0.00 sys=0.00, real=0.00 secs] 
123.281: Total time for which application threads were stopped: 0.0003900 seconds, Stopping threads took: 0.0000460 seconds
123.316: Application time: 0.0348300 seconds
123.316: [GC123.316: [ParNew: 7024K->405K(7424K), 0.0003550 secs] 14537K->7918K(23808K), 0.0003780 secs] [Times: user=0.00 sys=0.00, real=0.00 secs] 
123.316: Total time for which application threads were stopped: 0.0004900 seconds, Stopping threads took: 0.0000510 seconds
123.352: Application time: 0.0355470 seconds
123.352: [GC123.352: [ParNew: 7061K->403K(7424K), 0.0003090 secs] 14574K->7916K(23808K), 0.0003270 secs] [Times: user=0.00 sys=0.00, real=0.00 secs] 
123.352: Total time for which application threads were stopped: 0.0004290 seconds, Stopping threads took: 0.0000420 seconds
123.388: Application time: 0.0351750 seconds
123.388: [GC123.388: [ParNew: 7059K->395K(7424K), 0.0002930 secs] 14572K->7908K(23808K), 0.0003170 secs] [Times: user=0.00 sys=0.00, real=0.00 secs] 
123.388: Total time for which application threads were stopped: 0.0004100 seconds, Stopping threads took: 0.0000480 seconds
123.423: Application time: 0.0351820 seconds
123.423: [GC123.423: [ParNew: 7051K->396K(7424K), 0.0002770 secs] 14564K->7909K(23808K), 0.0002950 secs] [Times: user=0.00 sys=0.00, real=0.00 secs] 
123.424: Total time for which application threads were stopped: 0.0003800 seconds, Stopping threads took: 0.0000410 seconds
123.459: Application time: 0.0355450 seconds
123.459: [GC123.459: [ParNew: 7052K->397K(7424K), 0.0002980 secs] 14565K->7910K(23808K), 0.0003160 secs] [Times: user=0.00 sys=0.00, real=0.00 secs] 
123.460: Total time for which application threads were stopped: 0.0003990 seconds, Stopping threads took: 0.0000370 seconds
123.494: Application time: 0.0349210 seconds
123.495: [GC123.495: [ParNew: 7053K->401K(7424K), 0.0002780 secs] 14566K->7914K(23808K), 0.0002960 secs] [Times: user=0.00 sys=0.00, real=0.00 secs] 
123.495: Total time for which application threads were stopped: 0.0003850 seconds, Stopping threads took: 0.0000430 seconds
123.530: Application time: 0.0353620 seconds
123.530: [GC123.530: [ParNew: 7057K->390K(7424K), 0.0003450 secs] 14570K->7904K(23808K), 0.0003630 secs] [Times: user=0.00 sys=0.00, real=0.00 secs] 
123.531: Total time for which application threads were stopped: 0.0004520 seconds, Stopping threads took: 0.0000420 seconds
123.566: Application time: 0.0349560 seconds
123.566: [GC123.566: [ParNew: 7046K->390K(7424K), 0.0003450 secs] 14560K->7903K(23808K), 0.0003640 secs] [Times: user=0.01 sys=0.00, real=0.00 secs] 
123.566: Total time for which application threads were stopped: 0.0004620 seconds, Stopping threads took: 0.0000490 seconds
123.602: Application time: 0.0354680 seconds
123.602: [GC123.602: [ParNew: 7046K->367K(7424K), 0.0002950 secs] 14559K->7944K(23808K), 0.0003130 secs] [Times: user=0.00 sys=0.00, real=0.00 secs] 
123.602: Total time for which application threads were stopped: 0.0004060 seconds, Stopping threads took: 0.0000460 seconds
123.637: Application time: 0.0349990 seconds
123.637: [GC123.637: [ParNew: 7023K->342K(7424K), 0.0002850 secs] 14600K->7976K(23808K), 0.0003020 secs] [Times: user=0.00 sys=0.00, real=0.00 secs] 
123.637: Total time for which application threads were stopped: 0.0003980 seconds, Stopping threads took: 0.0000500 seconds
123.673: Application time: 0.0353050 seconds
123.673: [GC123.673: [ParNew: 6998K->313K(7424K), 0.0003370 secs] 14632K->8010K(23808K), 0.0003550 secs] [Times: user=0.00 sys=0.00, real=0.00 secs] 
123.673: Total time for which application threads were stopped: 0.0004590 seconds, Stopping threads took: 0.0000570 seconds
123.708: Application time: 0.0350040 seconds
123.708: [GC123.708: [ParNew: 6969K->275K(7424K), 0.0002400 secs] 14666K->8045K(23808K), 0.0002570 secs] [Times: user=0.01 sys=0.00, real=0.00 secs] 
123.708: Total time for which application threads were stopped: 0.0003480 seconds, Stopping threads took: 0.0000430 seconds
123.743: Application time: 0.0349970 seconds
123.744: [GC123.744: [ParNew: 6931K->279K(7424K), 0.0003320 secs] 14701K->8049K(23808K), 0.0003510 secs] [Times: user=0.00 sys=0.00, real=0.00 secs] 
123.744: Total time for which application threads were stopped: 0.0004590 seconds, Stopping threads took: 0.0000600 seconds
123.780: Application time: 0.0359310 seconds
123.780: [GC123.780: [ParNew: 6935K->257K(7424K), 0.0002630 secs] 14705K->8091K(23808K), 0.0002780 secs] [Times: user=0.00 sys=0.00, real=0.00 secs] 
123.780: Total time for which application threads were stopped: 0.0003640 seconds, Stopping threads took: 0.0000400 seconds
123.815: Application time: 0.0348180 seconds
123.815: [GC123.815: [ParNew: 6913K->229K(7424K), 0.0002390 secs] 14747K->8159K(23808K), 0.0002570 secs] [Times: user=0.00 sys=0.00, real=0.00 secs] 
123.815: Total time for which application threads were stopped: 0.0003630 seconds, Stopping threads took: 0.0000510 seconds
123.850: Application time: 0.0342620 seconds
123.850: [GC123.850: [ParNew: 6885K->249K(7424K), 0.0002340 secs] 14815K->8243K(23808K), 0.0002490 secs] [Times: user=0.00 sys=0.00, real=0.00 secs] 
123.850: Total time for which application threads were stopped: 0.0003350 seconds, Stopping threads took: 0.0000400 seconds
123.885: Application time: 0.0353900 seconds
123.885: [GC123.885: [ParNew: 6905K->251K(7424K), 0.0002460 secs] 14899K->8244K(23808K), 0.0002640 secs] [Times: user=0.00 sys=0.00, real=0.00 secs] 
123.886: Total time for which application threads were stopped: 0.0003630 seconds, Stopping threads took: 0.0000440 seconds
123.921: Application time: 0.0348190 seconds
123.921: [GC123.921: [ParNew: 6907K->285K(7424K), 0.0002580 secs] 14900K->8279K(23808K), 0.0002760 secs] [Times: user=0.00 sys=0.00, real=0.00 secs] 
123.921: Total time for which application threads were stopped: 0.0003710 seconds, Stopping threads took: 0.0000450 seconds
123.956: Application time: 0.0350510 seconds
123.956: [GC123.956: [ParNew: 6941K->275K(7424K), 0.0002680 secs] 14935K->8269K(23808K), 0.0002870 secs] [Times: user=0.00 sys=0.00, real=0.00 secs] 
123.956: Total time for which application threads were stopped: 0.0003870 seconds, Stopping threads took: 0.0000530 seconds
123.992: Application time: 0.0352480 seconds
123.992: [GC123.992: [ParNew: 6931K->281K(7424K), 0.0002310 secs] 14925K->8275K(23808K), 0.0002480 secs] [Times: user=0.00 sys=0.00, real=0.00 secs] 
123.992: Total time for which application threads were stopped: 0.0003350 seconds, Stopping threads took: 0.0000400 seconds
124.026: Application time: 0.0336220 seconds
124.026: [GC124.026: [ParNew: 6937K->370K(7424K), 0.0002740 secs] 14931K->8364K(23808K), 0.0002900 secs] [Times: user=0.00 sys=0.00, real=0.00 secs] 
124.026: Total time for which application threads were stopped: 0.0003750 seconds, Stopping threads took: 0.0000380 seconds
124.061: Application time: 0.0353170 seconds
124.061: [GC124.061: [ParNew: 7026K->364K(7424K), 0.0002980 secs] 15020K->8358K(23808K), 0.0003140 secs] [Times: user=0.00 sys=0.00, real=0.00 secs] 
124.062: Total time for which application threads were stopped: 0.0004150 seconds, Stopping threads took: 0.0000570 seconds
124.097: Application time: 0.0348190 seconds
124.097: [GC124.097: [ParNew: 7020K->401K(7424K), 0.0002690 secs] 15014K->8394K(23808K), 0.0002860 secs] [Times: user=0.00 sys=0.00, real=0.00 secs] 
124.097: Total time for which application threads were stopped: 0.0003730 seconds, Stopping threads took: 0.0000430 seconds
124.133: Application time: 0.0363320 seconds
124.133: [GC124.133: [ParNew: 7057K->390K(7424K), 0.0003500 secs] 15050K->8383K(23808K), 0.0003750 secs] [Times: user=0.01 sys=0.00, real=0.00 secs] 
124.134: Total time for which application threads were stopped: 0.0004920 seconds, Stopping threads took: 0.0000590 seconds
124.169: Application time: 0.0352750 seconds
124.169: [GC124.169: [ParNew: 7046K->393K(7424K), 0.0002720 secs] 15039K->8387K(23808K), 0.0002900 secs] [Times: user=0.00 sys=0.00, real=0.00 secs] 
124.169: Total time for which application threads were stopped: 0.0003860 seconds, Stopping threads took: 0.0000450 seconds
124.205: Application time: 0.0354940 seconds
124.205: [GC124.205: [ParNew: 7049K->394K(7424K), 0.0003050 secs] 15043K->8387K(23808K), 0.0003210 secs] [Times: user=0.01 sys=0.00, real=0.00 secs] 
124.205: Total time for which application threads were stopped: 0.0004110 seconds, Stopping threads took: 0.0000450 seconds
124.240: Application time: 0.0351150 seconds
124.240: [GC124.241: [ParNew: 7050K->397K(7424K), 0.0002550 secs] 15043K->8390K(23808K), 0.0002730 secs] [Times: user=0.00 sys=0.00, real=0.00 secs] 
124.241: Total time for which application threads were stopped: 0.0003570 seconds, Stopping threads took: 0.0000400 seconds
124.276: Application time: 0.0352280 seconds
124.276: [GC124.276: [ParNew: 7053K->401K(7424K), 0.0002840 secs] 15046K->8395K(23808K), 0.0003000 secs] [Times: user=0.00 sys=0.00, real=0.00 secs] 
124.276: Total time for which application threads were stopped: 0.0004050 seconds, Stopping threads took: 0.0000500 seconds
124.312: Application time: 0.0356880 seconds
124.312: [GC124.312: [ParNew: 7057K->389K(7424K), 0.0003580 secs] 15051K->8382K(23808K), 0.0003800 secs] [Times: user=0.00 sys=0.00, real=0.00 secs] 
124.313: Total time for which application threads were stopped: 0.0005070 seconds, Stopping threads took: 0.0000630 seconds
124.348: Application time: 0.0352270 seconds
124.348: [GC124.348: [ParNew: 7045K->366K(7424K), 0.0003130 secs] 15038K->8424K(23808K), 0.0003320 secs] [Times: user=0.00 sys=0.00, real=0.00 secs] 
124.348: Total time for which application threads were stopped: 0.0004280 seconds, Stopping threads took: 0.0000460 seconds
124.384: Application time: 0.0353230 seconds
124.384: [GC124.384: [ParNew: 7022K->292K(7424K), 0.0002840 secs] 15080K->8442K(23808K), 0.0003000 secs] [Times: user=0.00 sys=0.00, real=0.00 secs] 
124.384: Total time for which application threads were stopped: 0.0003920 seconds, Stopping threads took: 0.0000470 seconds
124.419: Application time: 0.0349240 seconds
124.419: [GC124.419: [ParNew: 6948K->306K(7424K), 0.0002420 secs] 15098K->8456K(23808K), 0.0002600 secs] [Times: user=0.00 sys=0.00, real=0.00 secs] 
124.419: Total time for which application threads were stopped: 0.0003610 seconds, Stopping threads took: 0.0000460 seconds
124.455: Application time: 0.0353660 seconds
124.455: [GC124.455: [ParNew: 6962K->284K(7424K), 0.0002640 secs] 15112K->8498K(23808K), 0.0002800 secs] [Times: user=0.00 sys=0.00, real=0.00 secs] 
124.455: Total time for which application threads were stopped: 0.0003700 seconds, Stopping threads took: 0.0000420 seconds
124.490: Application time: 0.0350910 seconds
124.490: [GC124.490: [ParNew: 6940K->279K(7424K), 0.0003130 secs] 15154K->8492K(23808K), 0.0003280 secs] [Times: user=0.00 sys=0.00, real=0.00 secs] 
124.491: Total time for which application threads were stopped: 0.0004180 seconds, Stopping threads took: 0.0000470 seconds
124.526: Application time: 0.0354770 seconds
124.526: [GC124.526: [ParNew: 6935K->281K(7424K), 0.0002620 secs] 15148K->8494K(23808K), 0.0002790 secs] [Times: user=0.00 sys=0.00, real=0.00 secs] 
124.526: Total time for which application threads were stopped: 0.0003750 seconds, Stopping threads took: 0.0000490 seconds
124.561: Application time: 0.0348000 seconds
124.561: [GC124.561: [ParNew: 6937K->226K(7424K), 0.0002480 secs] 15150K->8560K(23808K), 0.0002650 secs] [Times: user=0.00 sys=0.00, real=0.00 secs] 
124.562: Total time for which application threads were stopped: 0.0003500 seconds, Stopping threads took: 0.0000390 seconds
124.596: Application time: 0.0347610 seconds
124.598: [GC124.598: [ParNew: 6882K->239K(7424K), 0.0002570 secs] 15216K->8573K(23808K), 0.0002760 secs] [Times: user=0.00 sys=0.00, real=0.00 secs] 
124.598: Total time for which application threads were stopped: 0.0020900 seconds, Stopping threads took: 0.0017670 seconds
124.633: Application time: 0.0344930 seconds
124.633: [GC124.633: [ParNew: 6895K->254K(7424K), 0.0002350 secs] 15229K->8659K(23808K), 0.0002530 secs] [Times: user=0.00 sys=0.00, real=0.00 secs] 
124.633: Total time for which application threads were stopped: 0.0003460 seconds, Stopping threads took: 0.0000460 seconds
124.669: Application time: 0.0353840 seconds
124.669: [GC124.669: [ParNew: 6910K->233K(7424K), 0.0002250 secs] 15315K->8639K(23808K), 0.0002420 secs] [Times: user=0.00 sys=0.00, real=0.00 secs] 
124.669: Total time for which application threads were stopped: 0.0003240 seconds, Stopping threads took: 0.0000340 seconds
124.704: Application time: 0.0346310 seconds
124.704: [GC124.704: [ParNew: 6889K->286K(7424K), 0.0002490 secs] 15295K->8692K(23808K), 0.0002680 secs] [Times: user=0.00 sys=0.00, real=0.00 secs] 
124.704: Total time for which application threads were stopped: 0.0003560 seconds, Stopping threads took: 0.0000400 seconds
124.739: Application time: 0.0351710 seconds
124.739: [GC124.739: [ParNew: 6942K->290K(7424K), 0.0002400 secs] 15348K->8695K(23808K), 0.0002590 secs] [Times: user=0.00 sys=0.00, real=0.00 secs] 
124.739: Total time for which application threads were stopped: 0.0003610 seconds, Stopping threads took: 0.0000500 seconds
124.773: Application time: 0.0338970 seconds
124.773: [GC124.773: [ParNew: 6946K->354K(7424K), 0.0003440 secs] 15351K->8760K(23808K), 0.0003620 secs] [Times: user=0.00 sys=0.00, real=0.00 secs] 
124.774: Total time for which application threads were stopped: 0.0004540 seconds, Stopping threads took: 0.0000440 seconds
124.809: Application time: 0.0353040 seconds
124.809: [GC124.809: [ParNew: 7010K->366K(7424K), 0.0003360 secs] 15416K->8772K(23808K), 0.0003540 secs] [Times: user=0.00 sys=0.00, real=0.00 secs] 
124.810: Total time for which application threads were stopped: 0.0004340 seconds, Stopping threads took: 0.0000350 seconds
124.844: Application time: 0.0348790 seconds
124.845: [GC124.845: [ParNew: 7022K->398K(7424K), 0.0002670 secs] 15428K->8803K(23808K), 0.0002840 secs] [Times: user=0.00 sys=0.00, real=0.00 secs] 
124.845: Total time for which application threads were stopped: 0.0003770 seconds, Stopping threads took: 0.0000470 seconds
124.880: Application time: 0.0352220 seconds
124.880: [GC124.880: [ParNew: 7054K->401K(7424K), 0.0002850 secs] 15459K->8807K(23808K), 0.0003020 secs] [Times: user=0.00 sys=0.00, real=0.00 secs] 
124.880: Total time for which application threads were stopped: 0.0003890 seconds, Stopping threads took: 0.0000420 seconds
124.916: Application time: 0.0352430 seconds
124.916: [GC124.916: [ParNew: 7057K->401K(7424K), 0.0003020 secs] 15463K->8807K(23808K), 0.0003190 secs] [Times: user=0.00 sys=0.00, real=0.00 secs] 
124.916: Total time for which application threads were stopped: 0.0004110 seconds, Stopping threads took: 0.0000470 seconds
124.951: Application time: 0.0352760 seconds
124.951: [GC124.951: [ParNew: 7057K->391K(7424K), 0.0002700 secs] 15463K->8797K(23808K), 0.0002870 secs] [Times: user=0.01 sys=0.00, real=0.00 secs] 
124.952: Total time for which application threads were stopped: 0.0003960 seconds, Stopping threads took: 0.0000460 seconds
124.987: Application time: 0.0349800 seconds
124.987: [GC124.987: [ParNew: 7047K->394K(7424K), 0.0002790 secs] 15453K->8800K(23808K), 0.0002970 secs] [Times: user=0.01 sys=0.00, real=0.00 secs] 
124.987: Total time for which application threads were stopped: 0.0003910 seconds, Stopping threads took: 0.0000460 seconds
125.023: Application time: 0.0354840 seconds
125.023: [GC125.023: [ParNew: 7050K->401K(7424K), 0.0002850 secs] 15456K->8807K(23808K), 0.0003030 secs] [Times: user=0.00 sys=0.00, real=0.00 secs] 
125.023: Total time for which application threads were stopped: 0.0003910 seconds, Stopping threads took: 0.0000420 seconds
125.058: Application time: 0.0353360 seconds
125.058: [GC125.058: [ParNew: 7057K->397K(7424K), 0.0002900 secs] 15463K->8803K(23808K), 0.0003070 secs] [Times: user=0.01 sys=0.00, real=0.00 secs] 
125.059: Total time for which application threads were stopped: 0.0004020 seconds, Stopping threads took: 0.0000470 seconds
125.094: Application time: 0.0350600 seconds
125.094: [GC125.094: [ParNew: 7053K->368K(7424K), 0.0002660 secs] 15459K->8830K(23808K), 0.0002830 secs] [Times: user=0.00 sys=0.00, real=0.01 secs] 
125.094: Total time for which application threads were stopped: 0.0003680 seconds, Stopping threads took: 0.0000380 seconds
125.130: Application time: 0.0355250 seconds
125.130: [GC125.130: [ParNew: 7024K->333K(7424K), 0.0003200 secs] 15486K->8843K(23808K), 0.0003370 secs] [Times: user=0.00 sys=0.00, real=0.00 secs] 
125.130: Total time for which application threads were stopped: 0.0004280 seconds, Stopping threads took: 0.0000440 seconds
125.166: Application time: 0.0359310 seconds
125.166: [GC125.166: [ParNew: 6989K->314K(7424K), 0.0002760 secs] 15499K->8880K(23808K), 0.0002930 secs] [Times: user=0.01 sys=0.00, real=0.00 secs] 
125.166: Total time for which application threads were stopped: 0.0003790 seconds, Stopping threads took: 0.0000400 seconds
125.202: Application time: 0.0353190 seconds
125.202: [GC125.202: [ParNew: 6970K->314K(7424K), 0.0002750 secs] 15536K->8880K(23808K), 0.0003030 secs] [Times: user=0.00 sys=0.00, real=0.01 secs] 
125.202: Total time for which application threads were stopped: 0.0003860 seconds, Stopping threads took: 0.0000380 seconds
125.237: Application time: 0.0352200 seconds
125.237: [GC125.237: [ParNew: 6970K->280K(7424K), 0.0002540 secs] 15536K->8902K(23808K), 0.0002700 secs] [Times: user=0.00 sys=0.00, real=0.00 secs] 
125.238: Total time for which application threads were stopped: 0.0003670 seconds, Stopping threads took: 0.0000530 seconds
125.273: Application time: 0.0353790 seconds
125.273: [GC125.273: [ParNew: 6936K->282K(7424K), 0.0002570 secs] 15558K->8904K(23808K), 0.0002740 secs] [Times: user=0.00 sys=0.00, real=0.00 secs] 
125.273: Total time for which application threads were stopped: 0.0003610 seconds, Stopping threads took: 0.0000400 seconds
125.308: Application time: 0.0349120 seconds
125.308: [GC125.308: [ParNew: 6938K->201K(7424K), 0.0002690 secs] 15560K->8951K(23808K), 0.0002860 secs] [Times: user=0.00 sys=0.00, real=0.00 secs] 
125.309: Total time for which application threads were stopped: 0.0003750 seconds, Stopping threads took: 0.0000420 seconds
125.344: Application time: 0.0351720 seconds
125.344: [GC125.344: [ParNew: 6857K->203K(7424K), 0.0002870 secs] 15607K->8953K(23808K), 0.0003110 secs] [Times: user=0.01 sys=0.00, real=0.00 secs] 
125.344: Total time for which application threads were stopped: 0.0004240 seconds, Stopping threads took: 0.0000530 seconds
125.379: Application time: 0.0346890 seconds
125.379: [GC125.379: [ParNew: 6859K->244K(7424K), 0.0002790 secs] 15609K->9058K(23808K), 0.0003000 secs] [Times: user=0.00 sys=0.00, real=0.00 secs] 
125.379: Total time for which application threads were stopped: 0.0004040 seconds, Stopping threads took: 0.0000500 seconds
125.415: Application time: 0.0351520 seconds
125.415: [GC125.415: [ParNew: 6900K->257K(7424K), 0.0002900 secs] 15714K->9071K(23808K), 0.0003080 secs] [Times: user=0.00 sys=0.00, real=0.00 secs] 
125.415: Total time for which application threads were stopped: 0.0004060 seconds, Stopping threads took: 0.0000480 seconds
125.450: Application time: 0.0348580 seconds
125.450: [GC125.450: [ParNew: 6913K->287K(7424K), 0.0002630 secs] 15727K->9101K(23808K), 0.0002830 secs] [Times: user=0.00 sys=0.00, real=0.00 secs] 
125.450: Total time for which application threads were stopped: 0.0003710 seconds, Stopping threads took: 0.0000380 seconds
125.485: Application time: 0.0350430 seconds
125.485: [GC125.485: [ParNew: 6943K->274K(7424K), 0.0003310 secs] 15757K->9088K(23808K), 0.0003500 secs] [Times: user=0.00 sys=0.00, real=0.00 secs] 
125.486: Total time for which application threads were stopped: 0.0004450 seconds, Stopping threads took: 0.0000350 seconds
125.520: Application time: 0.0342810 seconds
125.520: [GC125.520: [ParNew: 6930K->337K(7424K), 0.0003600 secs] 15744K->9151K(23808K), 0.0003770 secs] [Times: user=0.00 sys=0.00, real=0.00 secs] 
125.521: Total time for which application threads were stopped: 0.0004730 seconds, Stopping threads took: 0.0000480 seconds
125.555: Application time: 0.0348180 seconds
125.555: [GC125.555: [ParNew: 6993K->367K(7424K), 0.0003720 secs] 15807K->9181K(23808K), 0.0003880 secs] [Times: user=0.00 sys=0.00, real=0.00 secs] 
125.556: Total time for which application threads were stopped: 0.0004770 seconds, Stopping threads took: 0.0000450 seconds
125.591: Application time: 0.0350380 seconds
125.593: [GC125.593: [ParNew: 7023K->391K(7424K), 0.0003470 secs] 15837K->9205K(23808K), 0.0003650 secs] [Times: user=0.00 sys=0.00, real=0.00 secs] 
125.593: Total time for which application threads were stopped: 0.0023270 seconds, Stopping threads took: 0.0019150 seconds
125.630: Application time: 0.0364160 seconds
125.630: [GC125.630: [ParNew: 7047K->393K(7424K), 0.0003500 secs] 15861K->9207K(23808K), 0.0003720 secs] [Times: user=0.01 sys=0.00, real=0.00 secs] 
125.630: Total time for which application threads were stopped: 0.0004770 seconds, Stopping threads took: 0.0000470 seconds
125.665: Application time: 0.0353780 seconds
125.666: [GC125.666: [ParNew: 7049K->398K(7424K), 0.0002850 secs] 15863K->9212K(23808K), 0.0003120 secs] [Times: user=0.00 sys=0.00, real=0.00 secs] 
125.666: Total time for which application threads were stopped: 0.0003960 seconds, Stopping threads took: 0.0000370 seconds
125.701: Application time: 0.0353210 seconds
125.701: [GC125.701: [ParNew: 7054K->401K(7424K), 0.0002870 secs] 15868K->9215K(23808K), 0.0003060 secs] [Times: user=0.00 sys=0.00, real=0.00 secs] 
125.702: Total time for which application threads were stopped: 0.0003920 seconds, Stopping threads took: 0.0000400 seconds
125.737: Application time: 0.0350760 seconds
125.737: [GC125.737: [ParNew: 7057K->381K(7424K), 0.0002830 secs] 15871K->9195K(23808K), 0.0003020 secs] [Times: user=0.00 sys=0.00, real=0.00 secs] 
125.737: Total time for which application threads were stopped: 0.0004060 seconds, Stopping threads took: 0.0000570 seconds
125.772: Application time: 0.0351110 seconds
125.772: [GC125.772: [ParNew: 7037K->388K(7424K), 0.0003630 secs] 15851K->9202K(23808K), 0.0003820 secs] [Times: user=0.01 sys=0.00, real=0.00 secs] 
125.773: Total time for which application threads were stopped: 0.0004770 seconds, Stopping threads took: 0.0000460 seconds
125.808: Application time: 0.0357130 seconds
125.808: [GC125.808: [ParNew: 7044K->401K(7424K), 0.0002720 secs] 15858K->9215K(23808K), 0.0002930 secs] [Times: user=0.00 sys=0.00, real=0.00 secs] 
125.809: Total time for which application threads were stopped: 0.0003870 seconds, Stopping threads took: 0.0000430 seconds
125.844: Application time: 0.0353150 seconds
125.844: [GC125.844: [ParNew: 7057K->368K(7424K), 0.0003610 secs] 15871K->9255K(23808K), 0.0003770 secs] [Times: user=0.00 sys=0.00, real=0.00 secs] 
125.845: Total time for which application threads were stopped: 0.0004660 seconds, Stopping threads took: 0.0000430 seconds
125.880: Application time: 0.0353360 seconds
125.880: [GC125.880: [ParNew: 7024K->367K(7424K), 0.0003230 secs] 15911K->9253K(23808K), 0.0003410 secs] [Times: user=0.01 sys=0.00, real=0.00 secs] 
125.880: Total time for which application threads were stopped: 0.0004380 seconds, Stopping threads took: 0.0000490 seconds
125.915: Application time: 0.0350320 seconds
125.915: [GC125.915: [ParNew: 7023K->307K(7424K), 0.0003600 secs] 15909K->9289K(23808K), 0.0003780 secs] [Times: user=0.01 sys=0.00, real=0.00 secs] 
125.916: Total time for which application threads were stopped: 0.0004700 seconds, Stopping threads took: 0.0000430 seconds
125.951: Application time: 0.0351200 seconds
125.951: [GC125.951: [ParNew: 6963K->315K(7424K), 0.0002940 secs] 15945K->9297K(23808K), 0.0003110 secs] [Times: user=0.00 sys=0.00, real=0.00 secs] 
125.951: Total time for which application threads were stopped: 0.0004050 seconds, Stopping threads took: 0.0000470 seconds
125.987: Application time: 0.0353830 seconds
125.987: [GC125.987: [ParNew: 6971K->282K(7424K), 0.0002650 secs] 15953K->9320K(23808K), 0.0002820 secs] [Times: user=0.00 sys=0.00, real=0.00 secs] 
125.987: Total time for which application threads were stopped: 0.0003980 seconds, Stopping threads took: 0.0000600 seconds
126.023: Application time: 0.0355740 seconds
126.023: [GC126.023: [ParNew: 6938K->273K(7424K), 0.0002460 secs] 15976K->9311K(23808K), 0.0002630 secs] [Times: user=0.00 sys=0.00, real=0.00 secs] 
126.023: Total time for which application threads were stopped: 0.0003510 seconds, Stopping threads took: 0.0000420 seconds
126.058: Application time: 0.0349970 seconds
126.058: [GC126.058: [ParNew: 6929K->220K(7424K), 0.0002350 secs] 15967K->9370K(23808K), 0.0002530 secs] [Times: user=0.01 sys=0.00, real=0.00 secs] 
126.058: Total time for which application threads were stopped: 0.0003380 seconds, Stopping threads took: 0.0000390 seconds
126.094: Application time: 0.0356620 seconds
126.094: [GC126.094: [ParNew: 6876K->208K(7424K), 0.0002450 secs] 16026K->9423K(23808K), 0.0002630 secs] [Times: user=0.00 sys=0.00, real=0.00 secs] 
126.094: Total time for which application threads were stopped: 0.0003500 seconds, Stopping threads took: 0.0000380 seconds
126.128: Application time: 0.0340920 seconds
126.129: [GC126.129: [ParNew: 6864K->251K(7424K), 0.0002360 secs] 16079K->9529K(23808K), 0.0002630 secs] [Times: user=0.00 sys=0.00, real=0.00 secs] 
126.129: Total time for which application threads were stopped: 0.0003520 seconds, Stopping threads took: 0.0000400 seconds
126.164: Application time: 0.0355450 seconds
126.164: [GC126.164: [ParNew: 6907K->252K(7424K), 0.0002300 secs] 16185K->9530K(23808K), 0.0002470 secs] [Times: user=0.00 sys=0.00, real=0.00 secs] 
126.165: Total time for which application threads were stopped: 0.0003310 seconds, Stopping threads took: 0.0000380 seconds
126.200: Application time: 0.0348000 seconds
126.200: [GC126.200: [ParNew: 6908K->282K(7424K), 0.0002590 secs] 16186K->9560K(23808K), 0.0002790 secs] [Times: user=0.00 sys=0.00, real=0.00 secs] 
126.200: Total time for which application threads were stopped: 0.0003670 seconds, Stopping threads took: 0.0000400 seconds
126.236: Application time: 0.0356390 seconds
126.236: [GC126.236: [ParNew: 6938K->274K(7424K), 0.0002620 secs] 16216K->9552K(23808K), 0.0002800 secs] [Times: user=0.00 sys=0.00, real=0.00 secs] 
126.236: Total time for which application threads were stopped: 0.0003650 seconds, Stopping threads took: 0.0000350 seconds
126.271: Application time: 0.0349710 seconds
126.271: [GC126.271: [ParNew: 6930K->253K(7424K), 0.0002340 secs] 16208K->9531K(23808K), 0.0002520 secs] [Times: user=0.01 sys=0.00, real=0.00 secs] 
126.271: Total time for which application threads were stopped: 0.0003390 seconds, Stopping threads took: 0.0000380 seconds
126.305: Application time: 0.0336010 seconds
126.305: [GC126.305: [ParNew: 6909K->367K(7424K), 0.0003460 secs] 16187K->9645K(23808K), 0.0003640 secs] [Times: user=0.01 sys=0.00, real=0.00 secs] 
126.305: Total time for which application threads were stopped: 0.0004530 seconds, Stopping threads took: 0.0000420 seconds
126.341: Application time: 0.0355040 seconds
126.341: [GC126.341: [ParNew: 7023K->395K(7424K), 0.0003360 secs] 16301K->9673K(23808K), 0.0003590 secs] [Times: user=0.00 sys=0.00, real=0.00 secs] 
126.341: Total time for which application threads were stopped: 0.0004790 seconds, Stopping threads took: 0.0000600 seconds
126.376: Application time: 0.0352130 seconds
126.377: [GC126.377: [ParNew: 7051K->395K(7424K), 0.0002690 secs] 16329K->9674K(23808K), 0.0002860 secs] [Times: user=0.00 sys=0.00, real=0.00 secs] 
126.377: Total time for which application threads were stopped: 0.0003790 seconds, Stopping threads took: 0.0000480 seconds
126.412: Application time: 0.0352060 seconds
126.412: [GC126.412: [ParNew: 7051K->397K(7424K), 0.0002810 secs] 16330K->9675K(23808K), 0.0002980 secs] [Times: user=0.00 sys=0.00, real=0.00 secs] 
126.412: Total time for which application threads were stopped: 0.0003890 seconds, Stopping threads took: 0.0000460 seconds
126.448: Application time: 0.0354510 seconds
126.448: [GC126.448: [ParNew: 7053K->397K(7424K), 0.0002910 secs] 16331K->9676K(23808K), 0.0003090 secs] [Times: user=0.00 sys=0.00, real=0.00 secs] 
126.448: Total time for which application threads were stopped: 0.0004070 seconds, Stopping threads took: 0.0000510 seconds
126.483: Application time: 0.0350360 seconds
126.483: [GC126.483: [ParNew: 7053K->397K(7424K), 0.0002790 secs] 16332K->9675K(23808K), 0.0002960 secs] [Times: user=0.00 sys=0.00, real=0.00 secs] 
126.484: Total time for which application threads were stopped: 0.0003860 seconds, Stopping threads took: 0.0000430 seconds
126.519: Application time: 0.0351630 seconds
126.519: [GC126.519: [ParNew: 7053K->398K(7424K), 0.0002650 secs] 16331K->9676K(23808K), 0.0002840 secs] [Times: user=0.00 sys=0.00, real=0.00 secs] 
126.519: Total time for which application threads were stopped: 0.0003810 seconds, Stopping threads took: 0.0000430 seconds
126.554: Application time: 0.0352130 seconds
126.555: [GC126.555: [ParNew: 7054K->401K(7424K), 0.0002630 secs] 16332K->9680K(23808K), 0.0002800 secs] [Times: user=0.01 sys=0.00, real=0.00 secs] 
126.555: Total time for which application threads were stopped: 0.0003730 seconds, Stopping threads took: 0.0000360 seconds
126.590: Application time: 0.0354940 seconds
126.590: [GC126.590: [ParNew: 7057K->402K(7424K), 0.0002890 secs] 16336K->9681K(23808K), 0.0003060 secs] [Times: user=0.00 sys=0.00, real=0.00 secs] 
126.591: Total time for which application threads were stopped: 0.0004230 seconds, Stopping threads took: 0.0000690 seconds
126.626: Application time: 0.0355010 seconds
126.626: [GC126.626: [ParNew: 7058K->370K(7424K), 0.0003010 secs] 16337K->9713K(23808K), 0.0003170 secs] [Times: user=0.00 sys=0.00, real=0.00 secs] 
126.627: Total time for which application threads were stopped: 0.0003990 seconds, Stopping threads took: 0.0000380 seconds
126.662: Application time: 0.0350280 seconds
126.662: [GC126.662: [ParNew: 7026K->316K(7424K), 0.0002900 secs] 16369K->9754K(23808K), 0.0003080 secs] [Times: user=0.00 sys=0.00, real=0.01 secs] 
126.662: Total time for which application threads were stopped: 0.0003990 seconds, Stopping threads took: 0.0000430 seconds
126.697: Application time: 0.0351810 seconds
126.697: [GC126.697: [ParNew: 6972K->308K(7424K), 0.0002420 secs] 16410K->9747K(23808K), 0.0002600 secs] [Times: user=0.00 sys=0.00, real=0.00 secs] 
126.698: Total time for which application threads were stopped: 0.0003410 seconds, Stopping threads took: 0.0000340 seconds
126.733: Application time: 0.0350020 seconds
126.733: [GC126.733: [ParNew: 6964K->279K(7424K), 0.0002660 secs] 16403K->9773K(23808K), 0.0002840 secs] [Times: user=0.01 sys=0.00, real=0.00 secs] 
126.733: Total time for which application threads were stopped: 0.0003730 seconds, Stopping threads took: 0.0000440 seconds
126.769: Application time: 0.0356800 seconds
126.770: [GC126.770: [ParNew: 6935K->282K(7424K), 0.0002910 secs] 16429K->9776K(23808K), 0.0003090 secs] [Times: user=0.00 sys=0.00, real=0.00 secs] 
126.770: Total time for which application threads were stopped: 0.0017560 seconds, Stopping threads took: 0.0013990 seconds
126.806: Application time: 0.0351950 seconds
126.806: [GC126.806: [ParNew: 6938K->276K(7424K), 0.0002850 secs] 16432K->9778K(23808K), 0.0003020 secs] [Times: user=0.00 sys=0.00, real=0.00 secs] 
126.806: Total time for which application threads were stopped: 0.0003890 seconds, Stopping threads took: 0.0000380 seconds
126.841: Application time: 0.0349210 seconds
126.841: [GC126.841: [ParNew: 6932K->227K(7424K), 0.0003410 secs] 16434K->9858K(23808K), 0.0003590 secs] [Times: user=0.00 sys=0.00, real=0.00 secs] 
126.841: Total time for which application threads were stopped: 0.0004480 seconds, Stopping threads took: 0.0000430 seconds
126.876: Application time: 0.0341030 seconds
126.876: [GC126.876: [ParNew: 6883K->257K(7424K), 0.0002330 secs] 16514K->9943K(23808K), 0.0002490 secs] [Times: user=0.00 sys=0.00, real=0.00 secs] 
126.876: Total time for which application threads were stopped: 0.0003390 seconds, Stopping threads took: 0.0000430 seconds
126.911: Application time: 0.0355480 seconds
126.911: [GC126.911: [ParNew: 6913K->255K(7424K), 0.0003360 secs] 16599K->9941K(23808K), 0.0003540 secs] [Times: user=0.00 sys=0.00, real=0.00 secs] 
126.912: Total time for which application threads were stopped: 0.0004410 seconds, Stopping threads took: 0.0000400 seconds
126.946: Application time: 0.0345830 seconds
126.947: [GC126.947: [ParNew: 6911K->283K(7424K), 0.0002710 secs] 16597K->9969K(23808K), 0.0002890 secs] [Times: user=0.01 sys=0.00, real=0.00 secs] 
126.947: Total time for which application threads were stopped: 0.0003830 seconds, Stopping threads took: 0.0000440 seconds
126.982: Application time: 0.0354920 seconds
126.982: [GC126.982: [ParNew: 6939K->281K(7424K), 0.0002690 secs] 16625K->9968K(23808K), 0.0002860 secs] [Times: user=0.00 sys=0.00, real=0.00 secs] 
126.983: Total time for which application threads were stopped: 0.0003770 seconds, Stopping threads took: 0.0000440 seconds
127.018: Application time: 0.0350060 seconds
127.018: [GC127.018: [ParNew: 6937K->268K(7424K), 0.0002690 secs] 16624K->9954K(23808K), 0.0002880 secs] [Times: user=0.00 sys=0.00, real=0.00 secs] 
127.018: Total time for which application threads were stopped: 0.0003930 seconds, Stopping threads took: 0.0000490 seconds
127.053: Application time: 0.0346440 seconds
127.053: [GC127.053: [ParNew: 6924K->329K(7424K), 0.0002770 secs] 16610K->10016K(23808K), 0.0002940 secs] [Times: user=0.00 sys=0.00, real=0.00 secs] 
127.053: Total time for which application threads were stopped: 0.0003950 seconds, Stopping threads took: 0.0000450 seconds
127.088: Application time: 0.0348850 seconds
127.088: [GC127.088: [ParNew: 6985K->357K(7424K), 0.0003470 secs] 16672K->10044K(23808K), 0.0003650 secs] [Times: user=0.00 sys=0.00, real=0.00 secs] 
127.088: Total time for which application threads were stopped: 0.0004590 seconds, Stopping threads took: 0.0000460 seconds
127.123: Application time: 0.0348690 seconds
127.123: [GC127.123: [ParNew: 7013K->394K(7424K), 0.0003390 secs] 16700K->10080K(23808K), 0.0003580 secs] [Times: user=0.00 sys=0.00, real=0.00 secs] 
127.124: Total time for which application threads were stopped: 0.0004460 seconds, Stopping threads took: 0.0000410 seconds
127.160: Application time: 0.0363880 seconds
127.160: [GC127.160: [ParNew: 7050K->387K(7424K), 0.0003470 secs] 16736K->10073K(23808K), 0.0003710 secs] [Times: user=0.00 sys=0.00, real=0.00 secs] 
127.161: Total time for which application threads were stopped: 0.0004740 seconds, Stopping threads took: 0.0000460 seconds
127.196: Application time: 0.0352940 seconds
127.196: [GC127.196: [ParNew: 7043K->389K(7424K), 0.0002760 secs] 16729K->10076K(23808K), 0.0002930 secs] [Times: user=0.00 sys=0.00, real=0.00 secs] 
127.196: Total time for which application threads were stopped: 0.0003870 seconds, Stopping threads took: 0.0000440 seconds
127.231: Application time: 0.0351620 seconds
127.232: [GC127.232: [ParNew: 7045K->399K(7424K), 0.0002570 secs] 16732K->10086K(23808K), 0.0002740 secs] [Times: user=0.00 sys=0.00, real=0.00 secs] 
127.232: Total time for which application threads were stopped: 0.0003700 seconds, Stopping threads took: 0.0000490 seconds
127.267: Application time: 0.0353670 seconds
127.267: [GC127.267: [ParNew: 7055K->399K(7424K), 0.0003670 secs] 16742K->10086K(23808K), 0.0003840 secs] [Times: user=0.00 sys=0.00, real=0.00 secs] 
127.268: Total time for which application threads were stopped: 0.0004670 seconds, Stopping threads took: 0.0000360 seconds
127.303: Application time: 0.0351500 seconds
127.303: [GC127.303: [ParNew: 7055K->397K(7424K), 0.0002850 secs] 16742K->10084K(23808K), 0.0003020 secs] [Times: user=0.00 sys=0.00, real=0.00 secs] 
127.303: Total time for which application threads were stopped: 0.0004040 seconds, Stopping threads took: 0.0000570 seconds
127.339: Application time: 0.0353560 seconds
127.339: [GC127.339: [ParNew: 7053K->395K(7424K), 0.0003260 secs] 16740K->10081K(23808K), 0.0003510 secs] [Times: user=0.01 sys=0.00, real=0.00 secs] 
127.339: Total time for which application threads were stopped: 0.0004670 seconds, Stopping threads took: 0.0000530 seconds
127.375: Application time: 0.0356350 seconds
127.375: [GC127.375: [ParNew: 7051K->365K(7424K), 0.0002780 secs] 16737K->10116K(23808K), 0.0002990 secs] [Times: user=0.00 sys=0.00, real=0.00 secs] 
127.375: Total time for which application threads were stopped: 0.0003890 seconds, Stopping threads took: 0.0000390 seconds
127.410: Application time: 0.0352290 seconds
127.410: [GC127.410: [ParNew: 7021K->311K(7424K), 0.0002760 secs] 16772K->10158K(23808K), 0.0002940 secs] [Times: user=0.01 sys=0.00, real=0.00 secs] 
127.411: Total time for which application threads were stopped: 0.0003960 seconds, Stopping threads took: 0.0000500 seconds
127.446: Application time: 0.0350010 seconds
127.446: [GC127.446: [ParNew: 6967K->311K(7424K), 0.0002740 secs] 16814K->10158K(23808K), 0.0002930 secs] [Times: user=0.00 sys=0.00, real=0.00 secs] 
127.446: Total time for which application threads were stopped: 0.0003820 seconds, Stopping threads took: 0.0000400 seconds
127.481: Application time: 0.0352010 seconds
127.481: [GC127.481: [ParNew: 6967K->277K(7424K), 0.0002740 secs] 16814K->10188K(23808K), 0.0002920 secs] [Times: user=0.00 sys=0.00, real=0.00 secs] 
127.482: Total time for which application threads were stopped: 0.0003790 seconds, Stopping threads took: 0.0000380 seconds
127.517: Application time: 0.0352960 seconds
127.517: [GC127.517: [ParNew: 6933K->280K(7424K), 0.0003150 secs] 16844K->10190K(23808K), 0.0003320 secs] [Times: user=0.00 sys=0.00, real=0.00 secs] 
127.517: Total time for which application threads were stopped: 0.0004150 seconds, Stopping threads took: 0.0000370 seconds
127.553: Application time: 0.0352980 seconds
127.553: [GC127.553: [ParNew: 6936K->278K(7424K), 0.0003220 secs] 16846K->10189K(23808K), 0.0003380 secs] [Times: user=0.01 sys=0.00, real=0.00 secs] 
127.553: Total time for which application threads were stopped: 0.0004210 seconds, Stopping threads took: 0.0000350 seconds
127.588: Application time: 0.0349490 seconds
127.588: [GC127.588: [ParNew: 6934K->249K(7424K), 0.0003450 secs] 16845K->10248K(23808K), 0.0003610 secs] [Times: user=0.00 sys=0.00, real=0.00 secs] 
127.589: Total time for which application threads were stopped: 0.0004570 seconds, Stopping threads took: 0.0000380 seconds
127.623: Application time: 0.0341960 seconds
127.623: [GC127.623: [ParNew: 6905K->282K(7424K), 0.0002630 secs] 16904K->10337K(23808K), 0.0002820 secs] [Times: user=0.00 sys=0.00, real=0.00 secs] 
127.623: Total time for which application threads were stopped: 0.0003670 seconds, Stopping threads took: 0.0000380 seconds
127.659: Application time: 0.0354620 seconds
127.659: [GC127.659: [ParNew: 6938K->246K(7424K), 0.0002560 secs] 16993K->10357K(23808K), 0.0002730 secs] [Times: user=0.00 sys=0.00, real=0.00 secs] 
127.659: Total time for which application threads were stopped: 0.0003520 seconds, Stopping threads took: 0.0000360 seconds
127.694: Application time: 0.0348210 seconds
127.694: [GC127.694: [ParNew: 6902K->283K(7424K), 0.0002660 secs] 17013K->10393K(23808K), 0.0002840 secs] [Times: user=0.00 sys=0.00, real=0.01 secs] 
127.694: Total time for which application threads were stopped: 0.0003730 seconds, Stopping threads took: 0.0000430 seconds
127.729: Application time: 0.0351420 seconds
127.729: [GC127.729: [ParNew: 6939K->285K(7424K), 0.0002460 secs] 17049K->10395K(23808K), 0.0002650 secs] [Times: user=0.00 sys=0.00, real=0.00 secs] 
127.730: Total time for which application threads were stopped: 0.0003550 seconds, Stopping threads took: 0.0000420 seconds
127.765: Application time: 0.0351860 seconds
127.765: [GC127.765: [ParNew: 6941K->281K(7424K), 0.0002320 secs] 17051K->10392K(23808K), 0.0002490 secs] [Times: user=0.00 sys=0.00, real=0.00 secs] 
127.765: Total time for which application threads were stopped: 0.0003420 seconds, Stopping threads took: 0.0000450 seconds
127.800: Application time: 0.0348300 seconds
127.800: [GC127.800: [ParNew: 6937K->308K(7424K), 0.0003520 secs] 17048K->10419K(23808K), 0.0003710 secs] [Times: user=0.00 sys=0.00, real=0.00 secs] 
127.800: Total time for which application threads were stopped: 0.0004670 seconds, Stopping threads took: 0.0000460 seconds
127.835: Application time: 0.0344670 seconds
127.835: [GC127.835: [ParNew: 6964K->364K(7424K), 0.0003210 secs] 17075K->10475K(23808K), 0.0003400 secs] [Times: user=0.00 sys=0.00, real=0.00 secs] 
127.835: Total time for which application threads were stopped: 0.0004300 seconds, Stopping threads took: 0.0000400 seconds
127.870: Application time: 0.0347040 seconds
127.870: [GC127.870: [ParNew: 7020K->389K(7424K), 0.0003550 secs] 17131K->10500K(23808K), 0.0003710 secs] [Times: user=0.00 sys=0.00, real=0.00 secs] 
127.871: Total time for which application threads were stopped: 0.0004530 seconds, Stopping threads took: 0.0000360 seconds
127.906: Application time: 0.0352680 seconds
127.906: [GC127.906: [ParNew: 7045K->400K(7424K), 0.0003170 secs] 17156K->10511K(23808K), 0.0003350 secs] [Times: user=0.00 sys=0.00, real=0.00 secs] 
127.906: Total time for which application threads were stopped: 0.0004250 seconds, Stopping threads took: 0.0000440 seconds
127.941: Application time: 0.0350540 seconds
127.941: [GC127.941: [ParNew: 7056K->398K(7424K), 0.0002650 secs] 17167K->10509K(23808K), 0.0002910 secs] [Times: user=0.00 sys=0.00, real=0.00 secs] 
127.942: Total time for which application threads were stopped: 0.0003790 seconds, Stopping threads took: 0.0000410 seconds
127.977: Application time: 0.0352660 seconds
127.977: [GC127.977: [ParNew: 7054K->381K(7424K), 0.0002830 secs] 17165K->10556K(23808K), 0.0002980 secs] [Times: user=0.00 sys=0.00, real=0.00 secs] 
127.977: Total time for which application threads were stopped: 0.0003860 seconds, Stopping threads took: 0.0000440 seconds
128.012: Application time: 0.0350910 seconds
128.012: [GC128.012: [ParNew: 7037K->368K(7424K), 0.0003310 secs] 17212K->10543K(23808K), 0.0003470 secs] [Times: user=0.01 sys=0.00, real=0.00 secs] 
128.013: Total time for which application threads were stopped: 0.0004360 seconds, Stopping threads took: 0.0000410 seconds
128.048: Application time: 0.0351190 seconds
128.048: [GC128.048: [ParNew: 7024K->361K(7424K), 0.0003600 secs] 17199K->10536K(23808K), 0.0003780 secs] [Times: user=0.00 sys=0.00, real=0.00 secs] 
128.048: Total time for which application threads were stopped: 0.0004650 seconds, Stopping threads took: 0.0000410 seconds
128.084: Application time: 0.0351500 seconds
128.084: [GC128.084: [ParNew: 7017K->359K(7424K), 0.0003410 secs] 17192K->10534K(23808K), 0.0003580 secs] [Times: user=0.01 sys=0.00, real=0.00 secs] 
128.084: Total time for which application threads were stopped: 0.0004600 seconds, Stopping threads took: 0.0000530 seconds
128.119: Application time: 0.0353700 seconds
128.119: [GC128.119: [ParNew: 7015K->366K(7424K), 0.0002550 secs] 17190K->10541K(23808K), 0.0002720 secs] [Times: user=0.00 sys=0.00, real=0.00 secs] 
128.120: Total time for which application threads were stopped: 0.0003640 seconds, Stopping threads took: 0.0000360 seconds
128.155: Application time: 0.0351060 seconds
128.155: [GC128.155: [ParNew: 7022K->312K(7424K), 0.0003570 secs] 17197K->10591K(23808K), 0.0003740 secs] [Times: user=0.00 sys=0.00, real=0.00 secs] 
128.155: Total time for which application threads were stopped: 0.0004580 seconds, Stopping threads took: 0.0000380 seconds
128.190: Application time: 0.0350060 seconds
128.190: [GC128.190: [ParNew: 6968K->312K(7424K), 0.0002650 secs] 17247K->10591K(23808K), 0.0002810 secs] [Times: user=0.01 sys=0.00, real=0.00 secs] 
128.191: Total time for which application threads were stopped: 0.0003730 seconds, Stopping threads took: 0.0000460 seconds
128.226: Application time: 0.0354300 seconds
128.226: [GC128.226: [ParNew: 6968K->277K(7424K), 0.0003370 secs] 17247K->10604K(23808K), 0.0003550 secs] [Times: user=0.00 sys=0.00, real=0.00 secs] 
128.227: Total time for which application threads were stopped: 0.0004420 seconds, Stopping threads took: 0.0000390 seconds
128.262: Application time: 0.0351100 seconds
128.262: [GC128.262: [ParNew: 6933K->283K(7424K), 0.0002560 secs] 17260K->10610K(23808K), 0.0002730 secs] [Times: user=0.00 sys=0.00, real=0.01 secs] 
128.262: Total time for which application threads were stopped: 0.0003620 seconds, Stopping threads took: 0.0000420 seconds
128.297: Application time: 0.0351850 seconds
128.297: [GC128.297: [ParNew: 6939K->280K(7424K), 0.0002300 secs] 17266K->10607K(23808K), 0.0002460 secs] [Times: user=0.00 sys=0.00, real=0.00 secs] 
128.298: Total time for which application threads were stopped: 0.0003300 seconds, Stopping threads took: 0.0000400 seconds
128.333: Application time: 0.0352860 seconds
128.333: [GC128.333: [ParNew: 6936K->254K(7424K), 0.0003110 secs] 17263K->10637K(23808K), 0.0003330 secs] [Times: user=0.00 sys=0.00, real=0.00 secs] 
128.333: Total time for which application threads were stopped: 0.0004310 seconds, Stopping threads took: 0.0000390 seconds
128.368: Application time: 0.0347770 seconds
128.370: [GC128.370: [ParNew: 6910K->256K(7424K), 0.0002720 secs] 17293K->10731K(23808K), 0.0002900 secs] [Times: user=0.00 sys=0.00, real=0.00 secs] 
128.370: Total time for which application threads were stopped: 0.0023470 seconds, Stopping threads took: 0.0020080 seconds
128.405: Application time: 0.0347720 seconds
128.405: [GC128.405: [ParNew: 6912K->255K(7424K), 0.0002420 secs] 17387K->10802K(23808K), 0.0002700 secs] [Times: user=0.00 sys=0.00, real=0.00 secs] 
128.406: Total time for which application threads were stopped: 0.0003630 seconds, Stopping threads took: 0.0000450 seconds
128.440: Application time: 0.0347340 seconds
128.440: [GC128.440: [ParNew: 6911K->289K(7424K), 0.0002540 secs] 17458K->10836K(23808K), 0.0002730 secs] [Times: user=0.00 sys=0.00, real=0.00 secs] 
128.441: Total time for which application threads were stopped: 0.0003700 seconds, Stopping threads took: 0.0000470 seconds
128.476: Application time: 0.0353500 seconds
128.476: [GC128.476: [ParNew: 6945K->283K(7424K), 0.0003070 secs] 17492K->10830K(23808K), 0.0003240 secs] [Times: user=0.01 sys=0.00, real=0.00 secs] 
128.476: Total time for which application threads were stopped: 0.0004110 seconds, Stopping threads took: 0.0000390 seconds
128.512: Application time: 0.0353610 seconds
128.512: [GC128.512: [ParNew: 6939K->284K(7424K), 0.0003230 secs] 17486K->10831K(23808K), 0.0003400 secs] [Times: user=0.00 sys=0.00, real=0.00 secs] 
128.512: Total time for which application threads were stopped: 0.0004250 seconds, Stopping threads took: 0.0000400 seconds
128.547: Application time: 0.0348570 seconds
128.547: [GC128.547: [ParNew: 6940K->304K(7424K), 0.0003290 secs] 17487K->10851K(23808K), 0.0003470 secs] [Times: user=0.00 sys=0.00, real=0.00 secs] 
128.548: Total time for which application threads were stopped: 0.0004400 seconds, Stopping threads took: 0.0000450 seconds
128.582: Application time: 0.0343310 seconds
128.582: [GC128.582: [ParNew: 6960K->366K(7424K), 0.0002800 secs] 17507K->10913K(23808K), 0.0002980 secs] [Times: user=0.00 sys=0.00, real=0.01 secs] 
128.582: Total time for which application threads were stopped: 0.0003910 seconds, Stopping threads took: 0.0000450 seconds
128.617: Application time: 0.0347020 seconds
128.617: [GC128.617: [ParNew: 7022K->402K(7424K), 0.0003020 secs] 17569K->10949K(23808K), 0.0003230 secs] [Times: user=0.00 sys=0.00, real=0.00 secs] 
128.617: Total time for which application threads were stopped: 0.0004150 seconds, Stopping threads took: 0.0000430 seconds
128.654: Application time: 0.0365470 seconds
128.654: [GC128.654: [ParNew: 7058K->398K(7424K), 0.0004320 secs] 17605K->10945K(23808K), 0.0004570 secs] [Times: user=0.00 sys=0.00, real=0.01 secs] 
128.654: Total time for which application threads were stopped: 0.0005730 seconds, Stopping threads took: 0.0000470 seconds
128.690: Application time: 0.0352230 seconds
128.690: [GC128.690: [ParNew: 7054K->395K(7424K), 0.0003760 secs] 17601K->10942K(23808K), 0.0003940 secs] [Times: user=0.00 sys=0.00, real=0.00 secs] 
128.690: Total time for which application threads were stopped: 0.0004970 seconds, Stopping threads took: 0.0000500 seconds
128.727: Application time: 0.0365900 seconds
128.727: [GC128.727: [ParNew: 7051K->401K(7424K), 0.0002650 secs] 17598K->10948K(23808K), 0.0002840 secs] [Times: user=0.00 sys=0.00, real=0.00 secs] 
128.727: Total time for which application threads were stopped: 0.0003820 seconds, Stopping threads took: 0.0000490 seconds
128.762: Application time: 0.0352720 seconds
128.763: [GC128.763: [ParNew: 7057K->386K(7424K), 0.0002770 secs] 17604K->10933K(23808K), 0.0002940 secs] [Times: user=0.01 sys=0.00, real=0.00 secs] 
128.763: Total time for which application threads were stopped: 0.0003820 seconds, Stopping threads took: 0.0000420 seconds
128.798: Application time: 0.0353560 seconds
128.798: [GC128.798: [ParNew: 7042K->400K(7424K), 0.0002820 secs] 17589K->10947K(23808K), 0.0002980 secs] [Times: user=0.00 sys=0.00, real=0.00 secs] 
128.799: Total time for which application threads were stopped: 0.0003910 seconds, Stopping threads took: 0.0000470 seconds
128.834: Application time: 0.0350030 seconds
128.834: [GC128.834: [ParNew: 7056K->396K(7424K), 0.0003400 secs] 17603K->10943K(23808K), 0.0003560 secs] [Times: user=0.00 sys=0.00, real=0.01 secs] 
128.834: Total time for which application threads were stopped: 0.0004610 seconds, Stopping threads took: 0.0000520 seconds
128.870: Application time: 0.0359440 seconds
128.870: [GC128.870: [ParNew: 7052K->372K(7424K), 0.0002950 secs] 17599K->10983K(23808K), 0.0003130 secs] [Times: user=0.00 sys=0.00, real=0.00 secs] 
128.870: Total time for which application threads were stopped: 0.0004050 seconds, Stopping threads took: 0.0000450 seconds
128.905: Application time: 0.0350830 seconds
128.906: [GC128.906: [ParNew: 7028K->329K(7424K), 0.0002880 secs] 17639K->10988K(23808K), 0.0003050 secs] [Times: user=0.00 sys=0.00, real=0.00 secs] 
128.906: Total time for which application threads were stopped: 0.0003960 seconds, Stopping threads took: 0.0000460 seconds
128.941: Application time: 0.0349360 seconds
128.941: [GC128.941: [ParNew: 6985K->305K(7424K), 0.0002590 secs] 17644K->11020K(23808K), 0.0002750 secs] [Times: user=0.00 sys=0.00, real=0.00 secs] 
128.941: Total time for which application threads were stopped: 0.0003670 seconds, Stopping threads took: 0.0000470 seconds
128.977: Application time: 0.0353370 seconds
128.977: [GC128.977: [ParNew: 6961K->285K(7424K), 0.0002390 secs] 17676K->11072K(23808K), 0.0002560 secs] [Times: user=0.00 sys=0.00, real=0.00 secs] 
128.977: Total time for which application threads were stopped: 0.0003430 seconds, Stopping threads took: 0.0000420 seconds
129.012: Application time: 0.0353730 seconds
129.012: [GC129.012: [ParNew: 6941K->286K(7424K), 0.0002560 secs] 17728K->11073K(23808K), 0.0002750 secs] [Times: user=0.00 sys=0.00, real=0.00 secs] 
129.013: Total time for which application threads were stopped: 0.0003710 seconds, Stopping threads took: 0.0000480 seconds
129.048: Application time: 0.0352580 seconds
129.048: [GC129.048: [ParNew: 6942K->270K(7424K), 0.0002300 secs] 17729K->11057K(23808K), 0.0002470 secs] [Times: user=0.01 sys=0.00, real=0.00 secs] 
129.048: Total time for which application threads were stopped: 0.0003320 seconds, Stopping threads took: 0.0000370 seconds
129.084: Application time: 0.0352830 seconds
129.084: [GC129.084: [ParNew: 6926K->253K(7424K), 0.0002370 secs] 17713K->11104K(23808K), 0.0002550 secs] [Times: user=0.00 sys=0.00, real=0.00 secs] 
129.084: Total time for which application threads were stopped: 0.0003390 seconds, Stopping threads took: 0.0000370 seconds
129.118: Application time: 0.0346360 seconds
129.119: [GC129.119: [ParNew: 6909K->230K(7424K), 0.0002420 secs] 17760K->11194K(23808K), 0.0002580 secs] [Times: user=0.00 sys=0.00, real=0.00 secs] 
129.119: Total time for which application threads were stopped: 0.0003480 seconds, Stopping threads took: 0.0000450 seconds
129.153: Application time: 0.0345010 seconds
129.153: [GC129.153: [ParNew: 6886K->253K(7424K), 0.0002690 secs] 17850K->11280K(23808K), 0.0002880 secs] [Times: user=0.00 sys=0.00, real=0.00 secs] 
129.154: Total time for which application threads were stopped: 0.0003840 seconds, Stopping threads took: 0.0000470 seconds
129.189: Application time: 0.0348190 seconds
129.189: [GC129.189: [ParNew: 6909K->269K(7424K), 0.0002640 secs] 17936K->11296K(23808K), 0.0002820 secs] [Times: user=0.00 sys=0.00, real=0.00 secs] 
129.189: Total time for which application threads were stopped: 0.0003830 seconds, Stopping threads took: 0.0000430 seconds
129.224: Application time: 0.0351940 seconds
129.224: [GC129.224: [ParNew: 6925K->285K(7424K), 0.0002600 secs] 17952K->11312K(23808K), 0.0002770 secs] [Times: user=0.00 sys=0.00, real=0.00 secs] 
129.224: Total time for which application threads were stopped: 0.0003710 seconds, Stopping threads took: 0.0000470 seconds
129.260: Application time: 0.0352890 seconds
129.260: [GC129.260: [ParNew: 6941K->280K(7424K), 0.0002310 secs] 17968K->11307K(23808K), 0.0002480 secs] [Times: user=0.00 sys=0.00, real=0.00 secs] 
129.260: Total time for which application threads were stopped: 0.0003370 seconds, Stopping threads took: 0.0000460 seconds
129.295: Application time: 0.0350270 seconds
129.295: [GC129.295: [ParNew: 6936K->308K(7424K), 0.0002640 secs] 17963K->11336K(23808K), 0.0002810 secs] [Times: user=0.00 sys=0.00, real=0.00 secs] 
129.296: Total time for which application threads were stopped: 0.0003830 seconds, Stopping threads took: 0.0000460 seconds
129.330: Application time: 0.0347550 seconds
129.330: [GC129.330: [ParNew: 6964K->368K(7424K), 0.0003090 secs] 17992K->11395K(23808K), 0.0003320 secs] [Times: user=0.00 sys=0.00, real=0.00 secs] 
129.331: Total time for which application threads were stopped: 0.0004490 seconds, Stopping threads took: 0.0000540 seconds
129.366: Application time: 0.0355010 seconds
129.366: [GC129.366: [ParNew: 7024K->370K(7424K), 0.0002920 secs] 18051K->11397K(23808K), 0.0003100 secs] [Times: user=0.00 sys=0.00, real=0.00 secs] 
129.367: Total time for which application threads were stopped: 0.0004050 seconds, Stopping threads took: 0.0000440 seconds
129.401: Application time: 0.0348380 seconds
129.402: [GC129.402: [ParNew: 7026K->405K(7424K), 0.0002830 secs] 18053K->11433K(23808K), 0.0003010 secs] [Times: user=0.00 sys=0.00, real=0.00 secs] 
129.402: Total time for which application threads were stopped: 0.0003890 seconds, Stopping threads took: 0.0000410 seconds
129.437: Application time: 0.0354720 seconds
129.437: [GC129.437: [ParNew: 7061K->388K(7424K), 0.0003120 secs] 18089K->11416K(23808K), 0.0003280 secs] [Times: user=0.00 sys=0.00, real=0.00 secs] 
129.438: Total time for which application threads were stopped: 0.0004220 seconds, Stopping threads took: 0.0000490 seconds
129.473: Application time: 0.0350380 seconds
129.473: [GC129.473: [ParNew: 7044K->390K(7424K), 0.0002610 secs] 18072K->11417K(23808K), 0.0002790 secs] [Times: user=0.00 sys=0.00, real=0.00 secs] 
129.473: Total time for which application threads were stopped: 0.0003640 seconds, Stopping threads took: 0.0000360 seconds
129.508: Application time: 0.0348770 seconds
129.508: [GC129.508: [ParNew: 7046K->396K(7424K), 0.0002790 secs] 18073K->11423K(23808K), 0.0002980 secs] [Times: user=0.00 sys=0.00, real=0.00 secs] 
129.508: Total time for which application threads were stopped: 0.0004080 seconds, Stopping threads took: 0.0000610 seconds
129.544: Application time: 0.0354560 seconds
129.544: [GC129.544: [ParNew: 7052K->401K(7424K), 0.0002650 secs] 18079K->11428K(23808K), 0.0002840 secs] [Times: user=0.01 sys=0.00, real=0.00 secs] 
129.544: Total time for which application threads were stopped: 0.0003800 seconds, Stopping threads took: 0.0000460 seconds
129.580: Application time: 0.0352710 seconds
129.582: [GC129.582: [ParNew: 7057K->368K(7424K), 0.0003310 secs] 18084K->11452K(23808K), 0.0003500 secs] [Times: user=0.01 sys=0.00, real=0.00 secs] 
129.582: Total time for which application threads were stopped: 0.0029010 seconds, Stopping threads took: 0.0025030 seconds
129.618: Application time: 0.0351560 seconds
129.618: [GC129.618: [ParNew: 7024K->371K(7424K), 0.0003110 secs] 18108K->11455K(23808K), 0.0003290 secs] [Times: user=0.00 sys=0.00, real=0.00 secs] 
129.618: Total time for which application threads were stopped: 0.0004260 seconds, Stopping threads took: 0.0000480 seconds
129.653: Application time: 0.0353720 seconds
129.654: [GC129.654: [ParNew: 7027K->364K(7424K), 0.0002540 secs] 18111K->11447K(23808K), 0.0002720 secs] [Times: user=0.00 sys=0.00, real=0.00 secs] 
129.654: Total time for which application threads were stopped: 0.0003730 seconds, Stopping threads took: 0.0000520 seconds
129.689: Application time: 0.0352960 seconds
129.689: [GC129.689: [ParNew: 7020K->297K(7424K), 0.0002770 secs] 18103K->11485K(23808K), 0.0002940 secs] [Times: user=0.00 sys=0.00, real=0.00 secs] 
129.689: Total time for which application threads were stopped: 0.0003940 seconds, Stopping threads took: 0.0000470 seconds
129.725: Application time: 0.0351880 seconds
129.725: [GC129.725: [ParNew: 6953K->270K(7424K), 0.0002700 secs] 18141K->11505K(23808K), 0.0002870 secs] [Times: user=0.00 sys=0.00, real=0.00 secs] 
129.725: Total time for which application threads were stopped: 0.0003750 seconds, Stopping threads took: 0.0000400 seconds
129.760: Application time: 0.0350530 seconds
129.760: [GC129.760: [ParNew: 6926K->280K(7424K), 0.0002380 secs] 18161K->11516K(23808K), 0.0002540 secs] [Times: user=0.00 sys=0.00, real=0.00 secs] 
129.760: Total time for which application threads were stopped: 0.0003640 seconds, Stopping threads took: 0.0000630 seconds
129.796: Application time: 0.0357530 seconds
129.798: [GC129.798: [ParNew: 6936K->281K(7424K), 0.0002570 secs] 18172K->11517K(23808K), 0.0002750 secs] [Times: user=0.00 sys=0.00, real=0.00 secs] 
129.798: Total time for which application threads were stopped: 0.0021580 seconds, Stopping threads took: 0.0018350 seconds
129.833: Application time: 0.0350680 seconds
129.834: [GC129.834: [ParNew: 6937K->250K(7424K), 0.0002550 secs] 18173K->11542K(23808K), 0.0002730 secs] [Times: user=0.01 sys=0.00, real=0.00 secs] 
129.834: Total time for which application threads were stopped: 0.0003740 seconds, Stopping threads took: 0.0000520 seconds
129.869: Application time: 0.0349030 seconds
129.869: [GC129.869: [ParNew: 6906K->216K(7424K), 0.0002590 secs] 18198K->11611K(23808K), 0.0002760 secs] [Times: user=0.00 sys=0.00, real=0.00 secs] 
129.869: Total time for which application threads were stopped: 0.0003690 seconds, Stopping threads took: 0.0000450 seconds
129.904: Application time: 0.0346910 seconds
129.904: [GC129.904: [ParNew: 6872K->278K(7424K), 0.0002350 secs] 18267K->11674K(23808K), 0.0002510 secs] [Times: user=0.00 sys=0.00, real=0.00 secs] 
129.904: Total time for which application threads were stopped: 0.0003440 seconds, Stopping threads took: 0.0000440 seconds
129.939: Application time: 0.0350520 seconds
129.939: [GC129.939: [ParNew: 6934K->245K(7424K), 0.0002660 secs] 18330K->11697K(23808K), 0.0002850 secs] [Times: user=0.00 sys=0.00, real=0.00 secs] 
129.940: Total time for which application threads were stopped: 0.0003820 seconds, Stopping threads took: 0.0000470 seconds
129.974: Application time: 0.0348530 seconds
129.975: [GC129.975: [ParNew: 6901K->273K(7424K), 0.0002440 secs] 18353K->11725K(23808K), 0.0002620 secs] [Times: user=0.00 sys=0.00, real=0.00 secs] 
129.975: Total time for which application threads were stopped: 0.0003580 seconds, Stopping threads took: 0.0000470 seconds
130.010: Application time: 0.0350910 seconds
130.010: [GC130.010: [ParNew: 6929K->279K(7424K), 0.0002690 secs] 18381K->11731K(23808K), 0.0002870 secs] [Times: user=0.00 sys=0.00, real=0.00 secs] 
130.010: Total time for which application threads were stopped: 0.0003840 seconds, Stopping threads took: 0.0000490 seconds
130.045: Application time: 0.0347830 seconds
130.045: [GC130.045: [ParNew: 6935K->308K(7424K), 0.0002440 secs] 18387K->11760K(23808K), 0.0002600 secs] [Times: user=0.01 sys=0.00, real=0.00 secs] 
130.045: Total time for which application threads were stopped: 0.0003450 seconds, Stopping threads took: 0.0000400 seconds
130.080: Application time: 0.0347070 seconds
130.080: [GC130.080: [ParNew: 6964K->357K(7424K), 0.0003720 secs] 18416K->11809K(23808K), 0.0003910 secs] [Times: user=0.01 sys=0.00, real=0.00 secs] 
130.081: Total time for which application threads were stopped: 0.0004910 seconds, Stopping threads took: 0.0000510 seconds
130.116: Application time: 0.0349630 seconds
130.116: [GC130.116: [ParNew: 7013K->366K(7424K), 0.0002600 secs] 18465K->11817K(23808K), 0.0002780 secs] [Times: user=0.00 sys=0.00, real=0.00 secs] 
130.116: Total time for which application threads were stopped: 0.0003620 seconds, Stopping threads took: 0.0000360 seconds
130.152: Application time: 0.0360010 seconds
130.154: [GC130.154: [ParNew: 7022K->393K(7424K), 0.0003310 secs] 18473K->11844K(23808K), 0.0003610 secs] [Times: user=0.00 sys=0.00, real=0.00 secs] 
130.155: Total time for which application threads were stopped: 0.0025840 seconds, Stopping threads took: 0.0021570 seconds
130.190: Application time: 0.0351320 seconds
130.190: [GC130.190: [ParNew: 7049K->390K(7424K), 0.0003030 secs] 18500K->11842K(23808K), 0.0003240 secs] [Times: user=0.00 sys=0.00, real=0.00 secs] 
130.190: Total time for which application threads were stopped: 0.0004240 seconds, Stopping threads took: 0.0000490 seconds
130.225: Application time: 0.0352940 seconds
130.225: [GC130.225: [ParNew: 7046K->394K(7424K), 0.0002960 secs] 18498K->11845K(23808K), 0.0003230 secs] [Times: user=0.00 sys=0.00, real=0.00 secs] 
130.226: Total time for which application threads were stopped: 0.0004340 seconds, Stopping threads took: 0.0000530 seconds
130.261: Application time: 0.0355090 seconds
130.261: [GC130.261: [ParNew: 7050K->391K(7424K), 0.0002950 secs] 18501K->11843K(23808K), 0.0003150 secs] [Times: user=0.00 sys=0.00, real=0.00 secs] 
130.262: Total time for which application threads were stopped: 0.0004140 seconds, Stopping threads took: 0.0000470 seconds
130.297: Application time: 0.0350830 seconds
130.297: [GC130.297: [ParNew: 7047K->395K(7424K), 0.0002980 secs] 18499K->11846K(23808K), 0.0003170 secs] [Times: user=0.00 sys=0.00, real=0.00 secs] 
130.297: Total time for which application threads were stopped: 0.0004090 seconds, Stopping threads took: 0.0000430 seconds
130.333: Application time: 0.0353630 seconds
130.333: [GC130.333: [ParNew: 7051K->401K(7424K), 0.0003520 secs] 18502K->11853K(23808K), 0.0003720 secs] [Times: user=0.00 sys=0.00, real=0.00 secs] 
130.333: Total time for which application threads were stopped: 0.0004870 seconds, Stopping threads took: 0.0000560 seconds
130.369: Application time: 0.0355460 seconds
130.369: [GC130.369: [ParNew: 7057K->404K(7424K), 0.0003160 secs] 18509K->11856K(23808K), 0.0003360 secs] [Times: user=0.01 sys=0.00, real=0.00 secs] 
130.369: Total time for which application threads were stopped: 0.0004260 seconds, Stopping threads took: 0.0000400 seconds
130.404: Application time: 0.0350170 seconds
130.404: [GC130.404: [ParNew: 7060K->364K(7424K), 0.0003190 secs] 18512K->11872K(23808K), 0.0003390 secs] [Times: user=0.00 sys=0.00, real=0.00 secs] 
130.405: Total time for which application threads were stopped: 0.0004360 seconds, Stopping threads took: 0.0000470 seconds
130.440: Application time: 0.0354780 seconds
130.440: [GC130.440: [ParNew: 7020K->301K(7424K), 0.0003460 secs] 18528K->11901K(23808K), 0.0003630 secs] [Times: user=0.00 sys=0.00, real=0.00 secs] 
130.440: Total time for which application threads were stopped: 0.0004540 seconds, Stopping threads took: 0.0000430 seconds
130.475: Application time: 0.0349380 seconds
130.475: [GC130.475: [ParNew: 6957K->304K(7424K), 0.0003110 secs] 18557K->11904K(23808K), 0.0003290 secs] [Times: user=0.00 sys=0.00, real=0.00 secs] 
130.476: Total time for which application threads were stopped: 0.0004430 seconds, Stopping threads took: 0.0000650 seconds
130.511: Application time: 0.0356170 seconds
130.512: [GC130.512: [ParNew: 6960K->279K(7424K), 0.0002590 secs] 18560K->11943K(23808K), 0.0002760 secs] [Times: user=0.00 sys=0.00, real=0.00 secs] 
130.512: Total time for which application threads were stopped: 0.0003670 seconds, Stopping threads took: 0.0000450 seconds
130.547: Application time: 0.0352700 seconds
130.547: [GC130.547: [ParNew: 6935K->282K(7424K), 0.0002520 secs] 18599K->11945K(23808K), 0.0002690 secs] [Times: user=0.00 sys=0.00, real=0.00 secs] 
130.547: Total time for which application threads were stopped: 0.0003640 seconds, Stopping threads took: 0.0000500 seconds
130.583: Application time: 0.0351130 seconds
130.583: [GC130.583: [ParNew: 6938K->253K(7424K), 0.0002440 secs] 18601K->11973K(23808K), 0.0002620 secs] [Times: user=0.00 sys=0.00, real=0.00 secs] 
130.583: Total time for which application threads were stopped: 0.0003690 seconds, Stopping threads took: 0.0000590 seconds
130.618: Application time: 0.0351060 seconds
130.618: [GC130.618: [ParNew: 6909K->230K(7424K), 0.0002410 secs] 18629K->12045K(23808K), 0.0002590 secs] [Times: user=0.00 sys=0.00, real=0.00 secs] 
130.618: Total time for which application threads were stopped: 0.0003570 seconds, Stopping threads took: 0.0000500 seconds
130.653: Application time: 0.0348340 seconds
130.653: [GC130.653: [ParNew: 6886K->255K(7424K), 0.0002300 secs] 18701K->12071K(23808K), 0.0002470 secs] [Times: user=0.00 sys=0.00, real=0.00 secs] 
130.654: Total time for which application threads were stopped: 0.0003340 seconds, Stopping threads took: 0.0000400 seconds
130.688: Application time: 0.0344680 seconds
130.688: [GC130.688: [ParNew: 6911K->254K(7424K), 0.0003310 secs] 18727K->12118K(23808K), 0.0003580 secs] [Times: user=0.01 sys=0.00, real=0.00 secs] 
130.688: Total time for which application threads were stopped: 0.0004480 seconds, Stopping threads took: 0.0000410 seconds
130.724: Application time: 0.0350080 seconds
130.724: [GC130.724: [ParNew: 6910K->281K(7424K), 0.0003380 secs] 18774K->12145K(23808K), 0.0003560 secs] [Times: user=0.00 sys=0.00, real=0.00 secs] 
130.724: Total time for which application threads were stopped: 0.0004450 seconds, Stopping threads took: 0.0000400 seconds
130.759: Application time: 0.0352080 seconds
130.759: [GC130.759: [ParNew: 6937K->280K(7424K), 0.0002550 secs] 18801K->12144K(23808K), 0.0002730 secs] [Times: user=0.00 sys=0.00, real=0.00 secs] 
130.760: Total time for which application threads were stopped: 0.0003830 seconds, Stopping threads took: 0.0000530 seconds
130.794: Application time: 0.0347140 seconds
130.794: [GC130.794: [ParNew: 6936K->318K(7424K), 0.0002700 secs] 18800K->12182K(23808K), 0.0002870 secs] [Times: user=0.00 sys=0.00, real=0.00 secs] 
130.795: Total time for which application threads were stopped: 0.0003770 seconds, Stopping threads took: 0.0000430 seconds
130.829: Application time: 0.0344120 seconds
130.829: [GC130.829: [ParNew: 6974K->365K(7424K), 0.0002900 secs] 18838K->12229K(23808K), 0.0003070 secs] [Times: user=0.00 sys=0.00, real=0.00 secs] 
130.829: Total time for which application threads were stopped: 0.0004000 seconds, Stopping threads took: 0.0000430 seconds
130.865: Application time: 0.0354260 seconds
130.865: [GC130.865: [ParNew: 7021K->360K(7424K), 0.0003030 secs] 18885K->12224K(23808K), 0.0003200 secs] [Times: user=0.01 sys=0.00, real=0.00 secs] 
130.865: Total time for which application threads were stopped: 0.0004130 seconds, Stopping threads took: 0.0000460 seconds
130.900: Application time: 0.0348020 seconds
130.900: [GC130.900: [ParNew: 7016K->391K(7424K), 0.0002870 secs] 18880K->12255K(23808K), 0.0003060 secs] [Times: user=0.00 sys=0.00, real=0.00 secs] 
130.900: Total time for which application threads were stopped: 0.0003990 seconds, Stopping threads took: 0.0000450 seconds
130.936: Application time: 0.0350430 seconds
130.936: [GC130.936: [ParNew: 7047K->393K(7424K), 0.0003040 secs] 18911K->12257K(23808K), 0.0003210 secs] [Times: user=0.00 sys=0.00, real=0.00 secs] 
130.936: Total time for which application threads were stopped: 0.0004100 seconds, Stopping threads took: 0.0000440 seconds
130.971: Application time: 0.0354850 seconds
130.972: [GC130.972: [ParNew: 7049K->396K(7424K), 0.0003530 secs] 18913K->12259K(23808K), 0.0003700 secs] [Times: user=0.00 sys=0.00, real=0.00 secs] 
130.972: Total time for which application threads were stopped: 0.0004600 seconds, Stopping threads took: 0.0000430 seconds
131.007: Application time: 0.0353360 seconds
131.007: [GC131.007: [ParNew: 7052K->396K(7424K), 0.0003720 secs] 18915K->12259K(23808K), 0.0003890 secs] [Times: user=0.01 sys=0.00, real=0.00 secs] 
131.008: Total time for which application threads were stopped: 0.0004860 seconds, Stopping threads took: 0.0000500 seconds
131.043: Application time: 0.0350620 seconds
131.043: [GC131.043: [ParNew: 7052K->393K(7424K), 0.0002670 secs] 18915K->12257K(23808K), 0.0002840 secs] [Times: user=0.00 sys=0.00, real=0.00 secs] 
131.043: Total time for which application threads were stopped: 0.0003740 seconds, Stopping threads took: 0.0000430 seconds
131.078: Application time: 0.0351850 seconds
131.078: [GC131.078: [ParNew: 7049K->397K(7424K), 0.0002650 secs] 18913K->12261K(23808K), 0.0002810 secs] [Times: user=0.00 sys=0.00, real=0.00 secs] 
131.079: Total time for which application threads were stopped: 0.0003730 seconds, Stopping threads took: 0.0000460 seconds
131.114: Application time: 0.0355030 seconds
131.114: [GC131.114: [ParNew: 7053K->397K(7424K), 0.0003670 secs] 18917K->12261K(23808K), 0.0003830 secs] [Times: user=0.00 sys=0.00, real=0.00 secs] 
131.115: Total time for which application threads were stopped: 0.0004860 seconds, Stopping threads took: 0.0000500 seconds
131.150: Application time: 0.0353380 seconds
131.150: [GC131.150: [ParNew: 7053K->350K(7424K), 0.0002870 secs] 18917K->12278K(23808K), 0.0003060 secs] [Times: user=0.00 sys=0.00, real=0.00 secs] 
131.150: Total time for which application threads were stopped: 0.0004010 seconds, Stopping threads took: 0.0000480 seconds
131.185: Application time: 0.0349560 seconds
131.185: [GC131.185: [ParNew: 7006K->337K(7424K), 0.0002780 secs] 18934K->12321K(23808K), 0.0002960 secs] [Times: user=0.00 sys=0.00, real=0.00 secs] 
131.186: Total time for which application threads were stopped: 0.0003850 seconds, Stopping threads took: 0.0000420 seconds
131.221: Application time: 0.0354300 seconds
131.221: [GC131.221: [ParNew: 6993K->310K(7424K), 0.0002800 secs] 18977K->12366K(23808K), 0.0002960 secs] [Times: user=0.00 sys=0.00, real=0.00 secs] 
131.222: Total time for which application threads were stopped: 0.0003860 seconds, Stopping threads took: 0.0000430 seconds
131.257: Application time: 0.0352140 seconds
131.257: [GC131.257: [ParNew: 6966K->287K(7424K), 0.0002630 secs] 19022K->12415K(23808K), 0.0002790 secs] [Times: user=0.00 sys=0.00, real=0.00 secs] 
131.257: Total time for which application threads were stopped: 0.0003690 seconds, Stopping threads took: 0.0000440 seconds
131.292: Application time: 0.0351750 seconds
131.294: [GC131.294: [ParNew: 6943K->283K(7424K), 0.0002520 secs] 19071K->12411K(23808K), 0.0002690 secs] [Times: user=0.00 sys=0.00, real=0.00 secs] 
131.294: Total time for which application threads were stopped: 0.0020360 seconds, Stopping threads took: 0.0017090 seconds
131.330: Application time: 0.0355150 seconds
131.334: [GC131.334: [ParNew: 6939K->253K(7424K), 0.0003310 secs] 19067K->12437K(23808K), 0.0003540 secs] [Times: user=0.00 sys=0.00, real=0.00 secs] 
131.335: Total time for which application threads were stopped: 0.0045790 seconds, Stopping threads took: 0.0041670 seconds
131.369: Application time: 0.0349870 seconds
131.370: [GC131.370: [ParNew: 6909K->200K(7424K), 0.0002960 secs] 19093K->12488K(23808K), 0.0003150 secs] [Times: user=0.00 sys=0.00, real=0.00 secs] 
131.370: Total time for which application threads were stopped: 0.0004140 seconds, Stopping threads took: 0.0000500 seconds
131.405: Application time: 0.0350300 seconds
131.405: [GC131.405: [ParNew: 6856K->225K(7424K), 0.0002290 secs] 19144K->12513K(23808K), 0.0002460 secs] [Times: user=0.01 sys=0.00, real=0.00 secs] 
131.405: Total time for which application threads were stopped: 0.0003350 seconds, Stopping threads took: 0.0000440 seconds
131.440: Application time: 0.0345950 seconds
131.440: [GC131.440: [ParNew: 6881K->252K(7424K), 0.0002840 secs] 19169K->12596K(23808K), 0.0003030 secs] [Times: user=0.00 sys=0.00, real=0.00 secs] 
131.440: Total time for which application threads were stopped: 0.0003840 seconds, Stopping threads took: 0.0000340 seconds
131.475: Application time: 0.0348450 seconds
131.475: [GC131.475: [ParNew: 6908K->270K(7424K), 0.0002660 secs] 19252K->12614K(23808K), 0.0002830 secs] [Times: user=0.00 sys=0.00, real=0.00 secs] 
131.475: Total time for which application threads were stopped: 0.0003730 seconds, Stopping threads took: 0.0000430 seconds
131.511: Application time: 0.0350670 seconds
131.511: [GC131.511: [ParNew: 6926K->282K(7424K), 0.0002680 secs] 19270K->12626K(23808K), 0.0002850 secs] [Times: user=0.01 sys=0.00, real=0.00 secs] 
131.511: Total time for which application threads were stopped: 0.0003730 seconds, Stopping threads took: 0.0000440 seconds
131.546: Application time: 0.0348060 seconds
131.546: [GC131.546: [ParNew: 6938K->308K(7424K), 0.0002950 secs] 19282K->12652K(23808K), 0.0003150 secs] [Times: user=0.01 sys=0.00, real=0.00 secs] 
131.546: Total time for which application threads were stopped: 0.0004210 seconds, Stopping threads took: 0.0000570 seconds
131.582: Application time: 0.0356090 seconds
131.582: [GC131.582: [ParNew: 6964K->310K(7424K), 0.0002480 secs] 19308K->12654K(23808K), 0.0002650 secs] [Times: user=0.00 sys=0.00, real=0.01 secs] 
131.582: Total time for which application threads were stopped: 0.0003680 seconds, Stopping threads took: 0.0000450 seconds
131.616: Application time: 0.0341600 seconds
131.616: [GC131.616: [ParNew: 6966K->371K(7424K), 0.0003360 secs] 19310K->12716K(23808K), 0.0003550 secs] [Times: user=0.00 sys=0.00, real=0.00 secs] 
131.617: Total time for which application threads were stopped: 0.0004420 seconds, Stopping threads took: 0.0000410 seconds
131.652: Application time: 0.0355180 seconds
131.652: [GC131.652: [ParNew: 7027K->353K(7424K), 0.0002820 secs] 19372K->12697K(23808K), 0.0003000 secs] [Times: user=0.00 sys=0.00, real=0.00 secs] 
131.653: Total time for which application threads were stopped: 0.0003870 seconds, Stopping threads took: 0.0000370 seconds
131.688: Application time: 0.0355910 seconds
131.688: [GC131.688: [ParNew: 7009K->391K(7424K), 0.0003220 secs] 19353K->12735K(23808K), 0.0003460 secs] [Times: user=0.00 sys=0.00, real=0.00 secs] 
131.689: Total time for which application threads were stopped: 0.0004580 seconds, Stopping threads took: 0.0000530 seconds
131.724: Application time: 0.0354600 seconds
131.724: [GC131.724: [ParNew: 7047K->392K(7424K), 0.0003150 secs] 19391K->12736K(23808K), 0.0003330 secs] [Times: user=0.00 sys=0.00, real=0.00 secs] 
131.725: Total time for which application threads were stopped: 0.0004260 seconds, Stopping threads took: 0.0000430 seconds
131.760: Application time: 0.0350010 seconds
131.760: [GC131.760: [ParNew: 7048K->401K(7424K), 0.0003050 secs] 19392K->12745K(23808K), 0.0003220 secs] [Times: user=0.01 sys=0.00, real=0.00 secs] 
131.760: Total time for which application threads were stopped: 0.0004130 seconds, Stopping threads took: 0.0000430 seconds
131.795: Application time: 0.0354530 seconds
131.796: [GC131.796: [ParNew: 7057K->364K(7424K), 0.0002870 secs] 19401K->12764K(23808K), 0.0003060 secs] [Times: user=0.00 sys=0.00, real=0.00 secs] 
131.796: Total time for which application threads were stopped: 0.0004040 seconds, Stopping threads took: 0.0000420 seconds
131.831: Application time: 0.0350780 seconds
131.831: [GC131.831: [ParNew: 7020K->367K(7424K), 0.0002790 secs] 19420K->12767K(23808K), 0.0002980 secs] [Times: user=0.00 sys=0.00, real=0.00 secs] 
131.831: Total time for which application threads were stopped: 0.0003890 seconds, Stopping threads took: 0.0000430 seconds
131.867: Application time: 0.0353120 seconds
131.867: [GC131.867: [ParNew: 7023K->365K(7424K), 0.0002900 secs] 19423K->12765K(23808K), 0.0003060 secs] [Times: user=0.00 sys=0.00, real=0.00 secs] 
131.867: Total time for which application threads were stopped: 0.0004020 seconds, Stopping threads took: 0.0000480 seconds
131.902: Application time: 0.0354220 seconds
131.903: [GC131.903: [ParNew: 7021K->370K(7424K), 0.0002920 secs] 19421K->12770K(23808K), 0.0003100 secs] [Times: user=0.00 sys=0.00, real=0.00 secs] 
131.903: Total time for which application threads were stopped: 0.0004020 seconds, Stopping threads took: 0.0000440 seconds
131.938: Application time: 0.0350550 seconds
131.938: [GC131.938: [ParNew: 7026K->365K(7424K), 0.0003380 secs] 19426K->12765K(23808K), 0.0003560 secs] [Times: user=0.00 sys=0.01, real=0.00 secs] 
131.938: Total time for which application threads were stopped: 0.0004440 seconds, Stopping threads took: 0.0000400 seconds
131.974: Application time: 0.0354270 seconds
131.974: [GC131.974: [ParNew: 7021K->317K(7424K), 0.0002890 secs] 19421K->12817K(23808K), 0.0003080 secs] [Times: user=0.00 sys=0.00, real=0.01 secs] 
131.974: Total time for which application threads were stopped: 0.0003970 seconds, Stopping threads took: 0.0000410 seconds
132.010: Application time: 0.0354870 seconds
132.010: [GC132.010: [ParNew: 6973K->287K(7424K), 0.0002710 secs] 19473K->12851K(23808K), 0.0002880 secs] [Times: user=0.01 sys=0.00, real=0.00 secs] 
132.010: Total time for which application threads were stopped: 0.0003840 seconds, Stopping threads took: 0.0000490 seconds
132.046: Application time: 0.0357820 seconds
132.046: [GC132.046: [ParNew: 6943K->291K(7424K), 0.0002840 secs] 19507K->12856K(23808K), 0.0003000 secs] [Times: user=0.01 sys=0.00, real=0.00 secs] 
132.046: Total time for which application threads were stopped: 0.0004090 seconds, Stopping threads took: 0.0000620 seconds
132.082: Application time: 0.0354680 seconds
132.082: [GC132.082: [ParNew: 6947K->250K(7424K), 0.0003390 secs] 19512K->12886K(23808K), 0.0003560 secs] [Times: user=0.00 sys=0.00, real=0.01 secs] 
132.082: Total time for which application threads were stopped: 0.0004460 seconds, Stopping threads took: 0.0000430 seconds
132.117: Application time: 0.0349400 seconds
132.117: [GC132.117: [ParNew: 6906K->281K(7424K), 0.0002720 secs] 19542K->12918K(23808K), 0.0002900 secs] [Times: user=0.00 sys=0.00, real=0.00 secs] 
132.117: Total time for which application threads were stopped: 0.0003750 seconds, Stopping threads took: 0.0000350 seconds
132.153: Application time: 0.0352620 seconds
132.153: [GC132.153: [ParNew: 6937K->219K(7424K), 0.0003280 secs] 19574K->12951K(23808K), 0.0003450 secs] [Times: user=0.00 sys=0.00, real=0.00 secs] 
132.153: Total time for which application threads were stopped: 0.0004420 seconds, Stopping threads took: 0.0000500 seconds
132.188: Application time: 0.0344350 seconds
132.188: [GC132.188: [ParNew: 6875K->278K(7424K), 0.0002370 secs] 19607K->13010K(23808K), 0.0002540 secs] [Times: user=0.00 sys=0.00, real=0.00 secs] 
132.188: Total time for which application threads were stopped: 0.0003470 seconds, Stopping threads took: 0.0000470 seconds
132.223: Application time: 0.0346680 seconds
132.223: [GC132.223: [ParNew: 6934K->280K(7424K), 0.0002730 secs] 19666K->13077K(23808K), 0.0002920 secs] [Times: user=0.00 sys=0.00, real=0.00 secs] 
132.223: Total time for which application threads were stopped: 0.0003820 seconds, Stopping threads took: 0.0000430 seconds
132.258: Application time: 0.0353130 seconds
132.258: [GC132.258: [ParNew: 6936K->282K(7424K), 0.0002600 secs] 19733K->13079K(23808K), 0.0002760 secs] [Times: user=0.00 sys=0.00, real=0.00 secs] 
132.259: Total time for which application threads were stopped: 0.0003680 seconds, Stopping threads took: 0.0000440 seconds
132.293: Application time: 0.0347000 seconds
132.294: [GC132.294: [ParNew: 6938K->315K(7424K), 0.0002660 secs] 19735K->13111K(23808K), 0.0002830 secs] [Times: user=0.00 sys=0.00, real=0.00 secs] 
132.294: Total time for which application threads were stopped: 0.0003830 seconds, Stopping threads took: 0.0000510 seconds
132.329: Application time: 0.0353350 seconds
132.329: [GC132.329: [ParNew: 6971K->318K(7424K), 0.0002960 secs] 19767K->13115K(23808K), 0.0003180 secs] [Times: user=0.00 sys=0.00, real=0.00 secs] 
132.330: Total time for which application threads were stopped: 0.0004450 seconds, Stopping threads took: 0.0000550 seconds
132.364: Application time: 0.0344150 seconds
132.364: [GC132.364: [ParNew: 6974K->367K(7424K), 0.0002920 secs] 19771K->13163K(23808K), 0.0003120 secs] [Times: user=0.00 sys=0.00, real=0.00 secs] 
132.364: Total time for which application threads were stopped: 0.0004100 seconds, Stopping threads took: 0.0000460 seconds
132.401: Application time: 0.0361680 seconds
132.401: [GC132.401: [ParNew: 7023K->368K(7424K), 0.0002810 secs] 19819K->13164K(23808K), 0.0002990 secs] [Times: user=0.01 sys=0.00, real=0.00 secs] 
132.401: Total time for which application threads were stopped: 0.0003950 seconds, Stopping threads took: 0.0000480 seconds
132.436: Application time: 0.0348490 seconds
132.436: [GC132.436: [ParNew: 7024K->385K(7424K), 0.0002790 secs] 19820K->13181K(23808K), 0.0002960 secs] [Times: user=0.00 sys=0.00, real=0.00 secs] 
132.436: Total time for which application threads were stopped: 0.0003990 seconds, Stopping threads took: 0.0000560 seconds
132.471: Application time: 0.0350050 seconds
132.474: [GC132.474: [ParNew: 7041K->382K(7424K), 0.0003260 secs] 19837K->13179K(23808K), 0.0003450 secs] [Times: user=0.00 sys=0.00, real=0.00 secs] 
132.474: Total time for which application threads were stopped: 0.0032160 seconds, Stopping threads took: 0.0028210 seconds
132.509: Application time: 0.0350080 seconds
132.510: [GC132.510: [ParNew: 7038K->390K(7424K), 0.0002900 secs] 19835K->13186K(23808K), 0.0003150 secs] [Times: user=0.00 sys=0.00, real=0.00 secs] 
132.510: Total time for which application threads were stopped: 0.0009950 seconds, Stopping threads took: 0.0006310 seconds
132.546: Application time: 0.0356630 seconds
132.546: [GC132.546: [ParNew: 7046K->395K(7424K), 0.0003120 secs] 19842K->13192K(23808K), 0.0003310 secs] [Times: user=0.00 sys=0.00, real=0.00 secs] 
132.547: Total time for which application threads were stopped: 0.0004370 seconds, Stopping threads took: 0.0000580 seconds
132.582: Application time: 0.0350100 seconds
132.582: [GC132.582: [ParNew: 7051K->400K(7424K), 0.0002950 secs] 19848K->13196K(23808K), 0.0003120 secs] [Times: user=0.01 sys=0.00, real=0.00 secs] 
132.582: Total time for which application threads were stopped: 0.0004010 seconds, Stopping threads took: 0.0000420 seconds
132.617: Application time: 0.0351840 seconds
132.617: [GC132.617: [ParNew: 7056K->393K(7424K), 0.0002700 secs] 19852K->13190K(23808K), 0.0002870 secs] [Times: user=0.00 sys=0.00, real=0.00 secs] 
132.618: Total time for which application threads were stopped: 0.0003910 seconds, Stopping threads took: 0.0000570 seconds
132.653: Application time: 0.0351160 seconds
132.653: [GC132.653: [ParNew: 7049K->367K(7424K), 0.0002990 secs] 19846K->13220K(23808K), 0.0003180 secs] [Times: user=0.00 sys=0.00, real=0.00 secs] 
132.653: Total time for which application threads were stopped: 0.0004000 seconds, Stopping threads took: 0.0000320 seconds
132.688: Application time: 0.0353520 seconds
132.688: [GC132.689: [ParNew: 7023K->368K(7424K), 0.0002640 secs] 19876K->13220K(23808K), 0.0002810 secs] [Times: user=0.00 sys=0.00, real=0.00 secs] 
132.689: Total time for which application threads were stopped: 0.0003670 seconds, Stopping threads took: 0.0000400 seconds
132.724: Application time: 0.0352210 seconds
132.724: [GC132.724: [ParNew: 7024K->293K(7424K), 0.0002600 secs] 19876K->13250K(23808K), 0.0002780 secs] [Times: user=0.00 sys=0.00, real=0.00 secs] 
132.724: Total time for which application threads were stopped: 0.0003680 seconds, Stopping threads took: 0.0000440 seconds
132.760: Application time: 0.0352100 seconds
132.760: [GC132.760: [ParNew: 6949K->287K(7424K), 0.0002750 secs] 19906K->13299K(23808K), 0.0002920 secs] [Times: user=0.00 sys=0.00, real=0.00 secs] 
132.760: Total time for which application threads were stopped: 0.0003820 seconds, Stopping threads took: 0.0000440 seconds
132.795: Application time: 0.0352170 seconds
132.795: [GC132.795: [ParNew: 6943K->274K(7424K), 0.0003510 secs] 19955K->13287K(23808K), 0.0003660 secs] [Times: user=0.01 sys=0.00, real=0.00 secs] 
132.796: Total time for which application threads were stopped: 0.0004690 seconds, Stopping threads took: 0.0000560 seconds
132.831: Application time: 0.0349540 seconds
132.831: [GC132.831: [ParNew: 6930K->253K(7424K), 0.0003130 secs] 19943K->13322K(23808K), 0.0003300 secs] [Times: user=0.00 sys=0.00, real=0.00 secs] 
132.831: Total time for which application threads were stopped: 0.0004340 seconds, Stopping threads took: 0.0000500 seconds
132.867: Application time: 0.0355360 seconds
132.867: [GC132.867: [ParNew: 6909K->248K(7424K), 0.0002980 secs] 19978K->13317K(23808K), 0.0003160 secs] [Times: user=0.00 sys=0.00, real=0.00 secs] 
132.867: Total time for which application threads were stopped: 0.0004070 seconds, Stopping threads took: 0.0000450 seconds
132.902: Application time: 0.0352190 seconds
132.902: [GC132.902: [ParNew: 6904K->222K(7424K), 0.0003920 secs] 19973K->13387K(23808K), 0.0004100 secs] [Times: user=0.01 sys=0.00, real=0.00 secs] 
132.903: Total time for which application threads were stopped: 0.0005040 seconds, Stopping threads took: 0.0000450 seconds
132.937: Application time: 0.0339310 seconds
132.937: [GC132.937: [ParNew: 6878K->269K(7424K), 0.0003520 secs] 20043K->13433K(23808K), 0.0003700 secs] [Times: user=0.01 sys=0.00, real=0.00 secs] 
132.937: Total time for which application threads were stopped: 0.0004610 seconds, Stopping threads took: 0.0000410 seconds
132.972: Application time: 0.0348390 seconds
132.972: [GC132.972: [ParNew: 6925K->283K(7424K), 0.0003220 secs] 20089K->13512K(23808K), 0.0003500 secs] [Times: user=0.00 sys=0.00, real=0.00 secs] 
132.972: Total time for which application threads were stopped: 0.0004630 seconds, Stopping threads took: 0.0000620 seconds
133.008: Application time: 0.0359430 seconds
133.008: [GC133.008: [ParNew: 6939K->284K(7424K), 0.0002560 secs] 20168K->13513K(23808K), 0.0002760 secs] [Times: user=0.00 sys=0.00, real=0.00 secs] 
133.009: Total time for which application threads were stopped: 0.0003790 seconds, Stopping threads took: 0.0000530 seconds
133.044: Application time: 0.0347650 seconds
133.044: [GC133.044: [ParNew: 6940K->306K(7424K), 0.0002690 secs] 20169K->13534K(23808K), 0.0002850 secs] [Times: user=0.00 sys=0.00, real=0.00 secs] 
133.044: Total time for which application threads were stopped: 0.0003780 seconds, Stopping threads took: 0.0000450 seconds
133.079: Application time: 0.0351430 seconds
133.079: [GC133.079: [ParNew: 6962K->303K(7424K), 0.0003060 secs] 20190K->13531K(23808K), 0.0003230 secs] [Times: user=0.01 sys=0.00, real=0.00 secs] 
133.079: Total time for which application threads were stopped: 0.0004170 seconds, Stopping threads took: 0.0000490 seconds
133.114: Application time: 0.0343620 seconds
133.114: [GC133.114: [ParNew: 6959K->367K(7424K), 0.0002910 secs] 20187K->13596K(23808K), 0.0003080 secs] [Times: user=0.00 sys=0.00, real=0.01 secs] 
133.114: Total time for which application threads were stopped: 0.0004010 seconds, Stopping threads took: 0.0000430 seconds
133.150: Application time: 0.0353760 seconds
133.150: [GC133.150: [ParNew: 7023K->364K(7424K), 0.0002830 secs] 20252K->13592K(23808K), 0.0002990 secs] [Times: user=0.00 sys=0.00, real=0.00 secs] 
133.150: Total time for which application threads were stopped: 0.0003890 seconds, Stopping threads took: 0.0000430 seconds
133.186: Application time: 0.0359470 seconds
133.186: [GC133.186: [ParNew: 7020K->391K(7424K), 0.0003340 secs] 20248K->13619K(23808K), 0.0003590 secs] [Times: user=0.00 sys=0.00, real=0.00 secs] 
133.186: Total time for which application threads were stopped: 0.0004750 seconds, Stopping threads took: 0.0000530 seconds
133.222: Application time: 0.0352000 seconds
133.222: [GC133.222: [ParNew: 7047K->392K(7424K), 0.0003120 secs] 20275K->13621K(23808K), 0.0003290 secs] [Times: user=0.00 sys=0.00, real=0.00 secs] 
133.222: Total time for which application threads were stopped: 0.0004180 seconds, Stopping threads took: 0.0000340 seconds
133.257: Application time: 0.0354070 seconds
133.258: [GC133.258: [ParNew: 7048K->398K(7424K), 0.0003020 secs] 20277K->13626K(23808K), 0.0003210 secs] [Times: user=0.00 sys=0.00, real=0.00 secs] 
133.258: Total time for which application threads were stopped: 0.0004110 seconds, Stopping threads took: 0.0000410 seconds
133.293: Application time: 0.0352500 seconds
133.293: [GC133.293: [ParNew: 7054K->401K(7424K), 0.0003250 secs] 20282K->13629K(23808K), 0.0003430 secs] [Times: user=0.00 sys=0.00, real=0.00 secs] 
133.294: Total time for which application threads were stopped: 0.0004330 seconds, Stopping threads took: 0.0000400 seconds
133.329: Application time: 0.0354340 seconds
133.329: [GC133.329: [ParNew: 7057K->375K(7424K), 0.0003190 secs] 20285K->13667K(23808K), 0.0003440 secs] [Times: user=0.00 sys=0.00, real=0.00 secs] 
133.329: Total time for which application threads were stopped: 0.0004630 seconds, Stopping threads took: 0.0000560 seconds
133.365: Application time: 0.0352920 seconds
133.365: [GC133.365: [ParNew: 7031K->368K(7424K), 0.0002860 secs] 20323K->13660K(23808K), 0.0003050 secs] [Times: user=0.00 sys=0.00, real=0.00 secs] 
133.365: Total time for which application threads were stopped: 0.0004210 seconds, Stopping threads took: 0.0000540 seconds
133.400: Application time: 0.0351670 seconds
133.400: [GC133.400: [ParNew: 7024K->369K(7424K), 0.0002790 secs] 20316K->13661K(23808K), 0.0002990 secs] [Times: user=0.00 sys=0.00, real=0.00 secs] 
133.401: Total time for which application threads were stopped: 0.0004090 seconds, Stopping threads took: 0.0000510 seconds
133.436: Application time: 0.0354000 seconds
133.436: [GC133.436: [ParNew: 7025K->368K(7424K), 0.0002650 secs] 20317K->13661K(23808K), 0.0002830 secs] [Times: user=0.01 sys=0.00, real=0.00 secs] 
133.437: Total time for which application threads were stopped: 0.0003750 seconds, Stopping threads took: 0.0000440 seconds
133.472: Application time: 0.0350800 seconds
133.472: [GC133.472: [ParNew: 7024K->310K(7424K), 0.0002640 secs] 20317K->13690K(23808K), 0.0002810 secs] [Times: user=0.00 sys=0.00, real=0.00 secs] 
133.472: Total time for which application threads were stopped: 0.0003840 seconds, Stopping threads took: 0.0000590 seconds
133.507: Application time: 0.0353630 seconds
133.507: [GC133.507: [ParNew: 6966K->277K(7424K), 0.0003040 secs] 20346K->13722K(23808K), 0.0003190 secs] [Times: user=0.00 sys=0.00, real=0.00 secs] 
133.508: Total time for which application threads were stopped: 0.0004060 seconds, Stopping threads took: 0.0000400 seconds
133.543: Application time: 0.0355010 seconds
133.543: [GC133.543: [ParNew: 6933K->274K(7424K), 0.0003100 secs] 20378K->13719K(23808K), 0.0003290 secs] [Times: user=0.00 sys=0.00, real=0.00 secs] 
133.544: Total time for which application threads were stopped: 0.0004150 seconds, Stopping threads took: 0.0000380 seconds
133.579: Application time: 0.0349910 seconds
133.579: [GC133.579: [ParNew: 6930K->245K(7424K), 0.0003200 secs] 20375K->13745K(23808K), 0.0003370 secs] [Times: user=0.00 sys=0.00, real=0.00 secs] 
133.579: Total time for which application threads were stopped: 0.0004210 seconds, Stopping threads took: 0.0000360 seconds
133.615: Application time: 0.0354290 seconds
133.615: [GC133.615: [ParNew: 6901K->249K(7424K), 0.0002690 secs] 20401K->13750K(23808K), 0.0002890 secs] [Times: user=0.01 sys=0.00, real=0.00 secs] 
133.615: Total time for which application threads were stopped: 0.0003740 seconds, Stopping threads took: 0.0000360 seconds
133.650: Application time: 0.0348780 seconds
133.650: [GC133.650: [ParNew: 6905K->219K(7424K), 0.0002720 secs] 20406K->13812K(23808K), 0.0002910 secs] [Times: user=0.01 sys=0.00, real=0.00 secs] 
133.650: Total time for which application threads were stopped: 0.0003810 seconds, Stopping threads took: 0.0000420 seconds
133.685: Application time: 0.0343510 seconds
133.685: [GC133.685: [ParNew: 6875K->257K(7424K), 0.0002430 secs] 20468K->13850K(23808K), 0.0002610 secs] [Times: user=0.00 sys=0.00, real=0.00 secs] 
133.685: Total time for which application threads were stopped: 0.0003570 seconds, Stopping threads took: 0.0000460 seconds
133.719: Application time: 0.0346030 seconds
133.720: [GC133.720: [ParNew: 6913K->245K(7424K), 0.0002710 secs] 20506K->13910K(23808K), 0.0002880 secs] [Times: user=0.00 sys=0.00, real=0.00 secs] 
133.720: Total time for which application threads were stopped: 0.0003730 seconds, Stopping threads took: 0.0000360 seconds
133.755: Application time: 0.0350550 seconds
133.755: [GC133.755: [ParNew: 6901K->281K(7424K), 0.0002310 secs] 20566K->13946K(23808K), 0.0002480 secs] [Times: user=0.00 sys=0.00, real=0.00 secs] 
133.755: Total time for which application threads were stopped: 0.0003440 seconds, Stopping threads took: 0.0000490 seconds
133.791: Application time: 0.0356190 seconds
133.794: [GC133.794: [ParNew: 6937K->284K(7424K), 0.0002800 secs] 20602K->13949K(23808K), 0.0002980 secs] [Times: user=0.00 sys=0.00, real=0.00 secs] 
133.794: Total time for which application threads were stopped: 0.0035390 seconds, Stopping threads took: 0.0031930 seconds
133.829: Application time: 0.0345880 seconds
133.829: [GC133.829: [ParNew: 6940K->313K(7424K), 0.0003120 secs] 20605K->13978K(23808K), 0.0003300 secs] [Times: user=0.01 sys=0.00, real=0.00 secs] 
133.829: Total time for which application threads were stopped: 0.0004160 seconds, Stopping threads took: 0.0000380 seconds
133.864: Application time: 0.0346430 seconds
133.864: [GC133.864: [ParNew: 6969K->348K(7424K), 0.0002610 secs] 20634K->14012K(23808K), 0.0002780 secs] [Times: user=0.01 sys=0.00, real=0.00 secs] 
133.864: Total time for which application threads were stopped: 0.0003810 seconds, Stopping threads took: 0.0000470 seconds
133.899: Application time: 0.0347560 seconds
133.899: [GC133.899: [ParNew: 7004K->369K(7424K), 0.0002770 secs] 20668K->14034K(23808K), 0.0002950 secs] [Times: user=0.00 sys=0.00, real=0.00 secs] 
133.900: Total time for which application threads were stopped: 0.0003890 seconds, Stopping threads took: 0.0000410 seconds
133.934: Application time: 0.0348040 seconds
133.934: [GC133.934: [ParNew: 7025K->395K(7424K), 0.0003170 secs] 20690K->14060K(23808K), 0.0003340 secs] [Times: user=0.00 sys=0.00, real=0.00 secs] 
133.935: Total time for which application threads were stopped: 0.0004180 seconds, Stopping threads took: 0.0000350 seconds
133.970: Application time: 0.0353950 seconds
133.970: [GC133.970: [ParNew: 7051K->397K(7424K), 0.0002930 secs] 20716K->14062K(23808K), 0.0003120 secs] [Times: user=0.00 sys=0.00, real=0.00 secs] 
133.971: Total time for which application threads were stopped: 0.0004020 seconds, Stopping threads took: 0.0000440 seconds
134.006: Application time: 0.0354980 seconds
134.006: [GC134.006: [ParNew: 7053K->397K(7424K), 0.0002970 secs] 20718K->14062K(23808K), 0.0003140 secs] [Times: user=0.01 sys=0.00, real=0.00 secs] 
134.007: Total time for which application threads were stopped: 0.0004040 seconds, Stopping threads took: 0.0000420 seconds
134.042: Application time: 0.0350820 seconds
134.042: [GC134.042: [ParNew: 7053K->399K(7424K), 0.0002920 secs] 20718K->14064K(23808K), 0.0003090 secs] [Times: user=0.00 sys=0.00, real=0.00 secs] 
134.042: Total time for which application threads were stopped: 0.0003950 seconds, Stopping threads took: 0.0000380 seconds
134.077: Application time: 0.0350030 seconds
134.077: [GC134.077: [ParNew: 7055K->398K(7424K), 0.0002640 secs] 20720K->14063K(23808K), 0.0002800 secs] [Times: user=0.01 sys=0.00, real=0.00 secs] 
134.077: Total time for which application threads were stopped: 0.0003990 seconds, Stopping threads took: 0.0000690 seconds
134.113: Application time: 0.0353590 seconds
134.113: [GC134.113: [ParNew: 7054K->402K(7424K), 0.0002860 secs] 20719K->14067K(23808K), 0.0003030 secs] [Times: user=0.00 sys=0.00, real=0.00 secs] 
134.113: Total time for which application threads were stopped: 0.0003950 seconds, Stopping threads took: 0.0000440 seconds
134.148: Application time: 0.0351980 seconds
134.148: [GC134.148: [ParNew: 7058K->364K(7424K), 0.0002960 secs] 20723K->14093K(23808K), 0.0003130 secs] [Times: user=0.00 sys=0.00, real=0.00 secs] 
134.149: Total time for which application threads were stopped: 0.0003940 seconds, Stopping threads took: 0.0000350 seconds
134.184: Application time: 0.0349610 seconds
134.184: [GC134.184: [ParNew: 7020K->363K(7424K), 0.0002910 secs] 20749K->14092K(23808K), 0.0003090 secs] [Times: user=0.01 sys=0.00, real=0.00 secs] 
134.184: Total time for which application threads were stopped: 0.0003950 seconds, Stopping threads took: 0.0000390 seconds
134.220: Application time: 0.0355010 seconds
134.220: [GC134.220: [ParNew: 7019K->339K(7424K), 0.0002760 secs] 20748K->14132K(23808K), 0.0002930 secs] [Times: user=0.00 sys=0.00, real=0.00 secs] 
134.220: Total time for which application threads were stopped: 0.0003960 seconds, Stopping threads took: 0.0000560 seconds
134.255: Application time: 0.0352920 seconds
134.255: [GC134.255: [ParNew: 6995K->308K(7424K), 0.0002890 secs] 20788K->14173K(23808K), 0.0003060 secs] [Times: user=0.00 sys=0.00, real=0.00 secs] 
134.256: Total time for which application threads were stopped: 0.0003990 seconds, Stopping threads took: 0.0000480 seconds
134.291: Application time: 0.0351740 seconds
134.291: [GC134.291: [ParNew: 6964K->275K(7424K), 0.0002870 secs] 20829K->14172K(23808K), 0.0003050 secs] [Times: user=0.00 sys=0.00, real=0.00 secs] 
134.291: Total time for which application threads were stopped: 0.0003930 seconds, Stopping threads took: 0.0000410 seconds
134.327: Application time: 0.0356020 seconds
134.327: [GC134.327: [ParNew: 6931K->285K(7424K), 0.0003180 secs] 20828K->14182K(23808K), 0.0003440 secs] [Times: user=0.00 sys=0.00, real=0.00 secs] 
134.327: Total time for which application threads were stopped: 0.0004610 seconds, Stopping threads took: 0.0000560 seconds
134.363: Application time: 0.0351990 seconds
134.363: [GC134.363: [ParNew: 6941K->254K(7424K), 0.0002800 secs] 20838K->14223K(23808K), 0.0002980 secs] [Times: user=0.00 sys=0.00, real=0.00 secs] 
134.363: Total time for which application threads were stopped: 0.0004260 seconds, Stopping threads took: 0.0000770 seconds
134.398: Application time: 0.0351770 seconds
134.398: [GC134.398: [ParNew: 6910K->226K(7424K), 0.0002350 secs] 20879K->14251K(23808K), 0.0002530 secs] [Times: user=0.00 sys=0.00, real=0.00 secs] 
134.398: Total time for which application threads were stopped: 0.0003590 seconds, Stopping threads took: 0.0000580 seconds
134.433: Application time: 0.0344180 seconds
134.433: [GC134.433: [ParNew: 6882K->248K(7424K), 0.0003210 secs] 20907K->14329K(23808K), 0.0003380 secs] [Times: user=0.01 sys=0.00, real=0.00 secs] 
134.433: Total time for which application threads were stopped: 0.0004320 seconds, Stopping threads took: 0.0000400 seconds
134.468: Application time: 0.0348580 seconds
134.468: [GC134.468: [ParNew: 6904K->248K(7424K), 0.0003350 secs] 20985K->14385K(23808K), 0.0003530 secs] [Times: user=0.00 sys=0.00, real=0.00 secs] 
134.469: Total time for which application threads were stopped: 0.0004500 seconds, Stopping threads took: 0.0000500 seconds
134.504: Application time: 0.0348850 seconds
134.504: [GC134.504: [ParNew: 6904K->270K(7424K), 0.0003460 secs] 21041K->14407K(23808K), 0.0003640 secs] [Times: user=0.00 sys=0.00, real=0.00 secs] 
134.504: Total time for which application threads were stopped: 0.0004570 seconds, Stopping threads took: 0.0000440 seconds
134.539: Application time: 0.0350020 seconds
134.539: [GC134.539: [ParNew: 6926K->278K(7424K), 0.0002340 secs] 21063K->14415K(23808K), 0.0002510 secs] [Times: user=0.00 sys=0.00, real=0.00 secs] 
134.539: Total time for which application threads were stopped: 0.0003530 seconds, Stopping threads took: 0.0000530 seconds
134.574: Application time: 0.0349230 seconds
134.574: [GC134.574: [ParNew: 6934K->314K(7424K), 0.0002730 secs] 21071K->14451K(23808K), 0.0002910 secs] [Times: user=0.00 sys=0.00, real=0.00 secs] 
134.575: Total time for which application threads were stopped: 0.0003820 seconds, Stopping threads took: 0.0000420 seconds
134.609: Application time: 0.0348020 seconds
134.610: [GC134.610: [ParNew: 6970K->337K(7424K), 0.0002980 secs] 21107K->14475K(23808K), 0.0003140 secs] [Times: user=0.00 sys=0.00, real=0.00 secs] 
134.610: Total time for which application threads were stopped: 0.0004100 seconds, Stopping threads took: 0.0000470 seconds
134.645: Application time: 0.0348100 seconds
134.645: [GC134.645: [ParNew: 6993K->366K(7424K), 0.0002810 secs] 21131K->14503K(23808K), 0.0002970 secs] [Times: user=0.00 sys=0.00, real=0.00 secs] 
134.645: Total time for which application threads were stopped: 0.0003920 seconds, Stopping threads took: 0.0000470 seconds
134.681: Application time: 0.0359090 seconds
134.682: [GC134.682: [ParNew: 7022K->367K(7424K), 0.0004010 secs] 21159K->14504K(23808K), 0.0004220 secs] [Times: user=0.00 sys=0.00, real=0.00 secs] 
134.683: Total time for which application threads were stopped: 0.0015590 seconds, Stopping threads took: 0.0010780 seconds
134.718: Application time: 0.0351240 seconds
134.718: [GC134.718: [ParNew: 7023K->390K(7424K), 0.0003480 secs] 21160K->14527K(23808K), 0.0003680 secs] [Times: user=0.00 sys=0.00, real=0.00 secs] 
134.718: Total time for which application threads were stopped: 0.0004630 seconds, Stopping threads took: 0.0000440 seconds
134.753: Application time: 0.0351310 seconds
134.753: [GC134.753: [ParNew: 7046K->402K(7424K), 0.0003000 secs] 21183K->14539K(23808K), 0.0003180 secs] [Times: user=0.00 sys=0.00, real=0.00 secs] 
134.754: Total time for which application threads were stopped: 0.0004070 seconds, Stopping threads took: 0.0000410 seconds
134.789: Application time: 0.0352650 seconds
134.789: [GC134.789: [ParNew: 7058K->335K(7424K), 0.0002940 secs] 21195K->14593K(23808K), 0.0003220 secs] [Times: user=0.00 sys=0.00, real=0.00 secs] 
134.789: Total time for which application threads were stopped: 0.0004150 seconds, Stopping threads took: 0.0000440 seconds
134.825: Application time: 0.0354600 seconds
134.825: [GC134.825: [ParNew: 6991K->332K(7424K), 0.0002880 secs] 21249K->14589K(23808K), 0.0003050 secs] [Times: user=0.00 sys=0.00, real=0.00 secs] 
134.825: Total time for which application threads were stopped: 0.0003900 seconds, Stopping threads took: 0.0000380 seconds
134.860: Application time: 0.0349140 seconds
134.860: [GC134.860: [ParNew: 6988K->334K(7424K), 0.0002650 secs] 21245K->14591K(23808K), 0.0002840 secs] [Times: user=0.00 sys=0.00, real=0.00 secs] 
134.861: Total time for which application threads were stopped: 0.0003750 seconds, Stopping threads took: 0.0000430 seconds
134.896: Application time: 0.0350340 seconds
134.896: [GC134.896: [ParNew: 6990K->343K(7424K), 0.0002760 secs] 21247K->14601K(23808K), 0.0002930 secs] [Times: user=0.00 sys=0.00, real=0.00 secs] 
134.896: Total time for which application threads were stopped: 0.0003840 seconds, Stopping threads took: 0.0000450 seconds
134.931: Application time: 0.0353040 seconds
134.931: [GC134.931: [ParNew: 6999K->343K(7424K), 0.0002810 secs] 21257K->14601K(23808K), 0.0002980 secs] [Times: user=0.00 sys=0.00, real=0.00 secs] 
134.932: Total time for which application threads were stopped: 0.0003850 seconds, Stopping threads took: 0.0000400 seconds
134.967: Application time: 0.0357850 seconds
134.968: [GC134.968: [ParNew: 6999K->340K(7424K), 0.0002860 secs] 21257K->14597K(23808K), 0.0003030 secs] [Times: user=0.00 sys=0.00, real=0.00 secs] 
134.968: Total time for which application threads were stopped: 0.0004080 seconds, Stopping threads took: 0.0000490 seconds
135.003: Application time: 0.0352950 seconds
135.003: [GC135.003: [ParNew: 6996K->306K(7424K), 0.0002730 secs] 21253K->14627K(23808K), 0.0002930 secs] [Times: user=0.01 sys=0.00, real=0.00 secs] 
135.004: Total time for which application threads were stopped: 0.0004050 seconds, Stopping threads took: 0.0000640 seconds
135.039: Application time: 0.0351270 seconds
135.039: [GC135.039: [ParNew: 6962K->288K(7424K), 0.0002710 secs] 21283K->14666K(23808K), 0.0002870 secs] [Times: user=0.00 sys=0.00, real=0.00 secs] 
135.039: Total time for which application threads were stopped: 0.0003780 seconds, Stopping threads took: 0.0000450 seconds
135.074: Application time: 0.0354110 seconds
135.075: [GC135.075: [ParNew: 6944K->282K(7424K), 0.0003170 secs] 21322K->14659K(23808K), 0.0003330 secs] [Times: user=0.00 sys=0.00, real=0.00 secs] 
135.075: Total time for which application threads were stopped: 0.0004180 seconds, Stopping threads took: 0.0000380 seconds
135.110: Application time: 0.0350100 seconds
135.110: [GC135.110: [ParNew: 6938K->256K(7424K), 0.0002470 secs] 21315K->14697K(23808K), 0.0002660 secs] [Times: user=0.00 sys=0.00, real=0.00 secs] 
135.110: Total time for which application threads were stopped: 0.0003600 seconds, Stopping threads took: 0.0000440 seconds
135.146: Application time: 0.0353690 seconds
135.146: [GC135.146: [ParNew: 6912K->223K(7424K), 0.0002510 secs] 21353K->14728K(23808K), 0.0002690 secs] [Times: user=0.00 sys=0.00, real=0.00 secs] 
135.146: Total time for which application threads were stopped: 0.0003680 seconds, Stopping threads took: 0.0000510 seconds
135.180: Application time: 0.0343870 seconds
135.180: [GC135.180: [ParNew: 6879K->250K(7424K), 0.0002780 secs] 21384K->14803K(23808K), 0.0002970 secs] [Times: user=0.00 sys=0.00, real=0.00 secs] 
135.181: Total time for which application threads were stopped: 0.0003840 seconds, Stopping threads took: 0.0000360 seconds
135.216: Application time: 0.0349540 seconds
135.216: [GC135.216: [ParNew: 6906K->274K(7424K), 0.0002770 secs] 21459K->14827K(23808K), 0.0002930 secs] [Times: user=0.01 sys=0.00, real=0.00 secs] 
135.216: Total time for which application threads were stopped: 0.0003890 seconds, Stopping threads took: 0.0000490 seconds
135.251: Application time: 0.0345230 seconds
135.251: [GC135.251: [ParNew: 6930K->280K(7424K), 0.0002550 secs] 21483K->14890K(23808K), 0.0002810 secs] [Times: user=0.00 sys=0.00, real=0.00 secs] 
135.251: Total time for which application threads were stopped: 0.0003750 seconds, Stopping threads took: 0.0000470 seconds
135.286: Application time: 0.0352970 seconds
135.286: [GC135.286: [ParNew: 6936K->286K(7424K), 0.0002670 secs] 21546K->14896K(23808K), 0.0002830 secs] [Times: user=0.01 sys=0.00, real=0.00 secs] 
135.287: Total time for which application threads were stopped: 0.0003640 seconds, Stopping threads took: 0.0000380 seconds
135.322: Application time: 0.0351810 seconds
135.322: [GC135.322: [ParNew: 6942K->313K(7424K), 0.0003470 secs] 21552K->14922K(23808K), 0.0003730 secs] [Times: user=0.00 sys=0.00, real=0.01 secs] 
135.322: Total time for which application threads were stopped: 0.0004930 seconds, Stopping threads took: 0.0000570 seconds
135.357: Application time: 0.0351240 seconds
135.358: [GC135.358: [ParNew: 6969K->297K(7424K), 0.0003340 secs] 21578K->14906K(23808K), 0.0003510 secs] [Times: user=0.00 sys=0.00, real=0.00 secs] 
135.358: Total time for which application threads were stopped: 0.0004460 seconds, Stopping threads took: 0.0000460 seconds
135.392: Application time: 0.0343360 seconds
135.392: [GC135.392: [ParNew: 6953K->370K(7424K), 0.0002910 secs] 21562K->14979K(23808K), 0.0003100 secs] [Times: user=0.00 sys=0.00, real=0.00 secs] 
135.393: Total time for which application threads were stopped: 0.0004070 seconds, Stopping threads took: 0.0000480 seconds
135.428: Application time: 0.0352500 seconds
135.428: [GC135.428: [ParNew: 7026K->365K(7424K), 0.0002780 secs] 21635K->14974K(23808K), 0.0002940 secs] [Times: user=0.01 sys=0.00, real=0.00 secs] 
135.428: Total time for which application threads were stopped: 0.0003870 seconds, Stopping threads took: 0.0000470 seconds
135.464: Application time: 0.0357840 seconds
135.464: [GC135.464: [ParNew: 7021K->349K(7424K), 0.0002590 secs] 21630K->14959K(23808K), 0.0002780 secs] [Times: user=0.00 sys=0.00, real=0.00 secs] 
135.464: Total time for which application threads were stopped: 0.0003550 seconds, Stopping threads took: 0.0000310 seconds
135.500: Application time: 0.0358950 seconds
135.500: [GC135.500: [ParNew: 7005K->349K(7424K), 0.0002660 secs] 21615K->14958K(23808K), 0.0002870 secs] [Times: user=0.00 sys=0.00, real=0.00 secs] 
135.501: Total time for which application threads were stopped: 0.0004150 seconds, Stopping threads took: 0.0000700 seconds
135.537: Application time: 0.0357980 seconds
135.537: [GC135.537: [ParNew: 7005K->349K(7424K), 0.0002790 secs] 21614K->14959K(23808K), 0.0002980 secs] [Times: user=0.00 sys=0.00, real=0.00 secs] 
135.537: Total time for which application threads were stopped: 0.0003930 seconds, Stopping threads took: 0.0000450 seconds
135.573: Application time: 0.0355880 seconds
135.573: [GC135.573: [ParNew: 7005K->351K(7424K), 0.0002950 secs] 21615K->14960K(23808K), 0.0003160 secs] [Times: user=0.00 sys=0.00, real=0.00 secs] 
135.573: Total time for which application threads were stopped: 0.0004210 seconds, Stopping threads took: 0.0000550 seconds
135.609: Application time: 0.0360280 seconds
135.609: [GC135.609: [ParNew: 7007K->344K(7424K), 0.0002570 secs] 21616K->14953K(23808K), 0.0002780 secs] [Times: user=0.00 sys=0.00, real=0.00 secs] 
135.609: Total time for which application threads were stopped: 0.0003850 seconds, Stopping threads took: 0.0000570 seconds
135.645: Application time: 0.0357560 seconds
135.645: [GC135.645: [ParNew: 7000K->343K(7424K), 0.0002920 secs] 21609K->14952K(23808K), 0.0003110 secs] [Times: user=0.01 sys=0.00, real=0.00 secs] 
135.646: Total time for which application threads were stopped: 0.0003920 seconds, Stopping threads took: 0.0000320 seconds
135.681: Application time: 0.0356750 seconds
135.681: [GC135.681: [ParNew: 6999K->349K(7424K), 0.0003180 secs] 21608K->14958K(23808K), 0.0003380 secs] [Times: user=0.00 sys=0.00, real=0.00 secs] 
135.682: Total time for which application threads were stopped: 0.0004320 seconds, Stopping threads took: 0.0000370 seconds
135.717: Application time: 0.0358230 seconds
135.718: [GC135.718: [ParNew: 7005K->293K(7424K), 0.0003260 secs] 21614K->14998K(23808K), 0.0003430 secs] [Times: user=0.00 sys=0.00, real=0.00 secs] 
135.718: Total time for which application threads were stopped: 0.0004320 seconds, Stopping threads took: 0.0000400 seconds
135.756: Application time: 0.0384280 seconds
135.756: [GC135.756: [ParNew: 6949K->245K(7424K), 0.0003050 secs] 21654K->15015K(23808K), 0.0003250 secs] [Times: user=0.01 sys=0.00, real=0.00 secs] 
135.757: Total time for which application threads were stopped: 0.0004110 seconds, Stopping threads took: 0.0000370 seconds
135.799: Application time: 0.0422400 seconds
135.799: [GC135.799: [ParNew: 6901K->210K(7424K), 0.0002530 secs] 21671K->15052K(23808K), 0.0002730 secs] [Times: user=0.00 sys=0.00, real=0.00 secs] 
135.799: Total time for which application threads were stopped: 0.0003820 seconds, Stopping threads took: 0.0000600 seconds
135.836: Application time: 0.0366530 seconds
135.836: [GC135.836: [ParNew: 6866K->210K(7424K), 0.0003560 secs] 21708K->15052K(23808K), 0.0003730 secs] [Times: user=0.00 sys=0.00, real=0.00 secs] 
135.836: Total time for which application threads were stopped: 0.0004750 seconds, Stopping threads took: 0.0000540 seconds
135.878: Application time: 0.0415690 seconds
135.878: [GC135.878: [ParNew: 6866K->163K(7424K), 0.0004630 secs] 21708K->15069K(23808K), 0.0004850 secs] [Times: user=0.00 sys=0.00, real=0.00 secs] 
135.879: Total time for which application threads were stopped: 0.0005910 seconds, Stopping threads took: 0.0000550 seconds
135.916: Application time: 0.0372190 seconds
135.916: [GC135.916: [ParNew: 6819K->165K(7424K), 0.0002590 secs] 21725K->15071K(23808K), 0.0002740 secs] [Times: user=0.00 sys=0.00, real=0.00 secs] 
135.916: Total time for which application threads were stopped: 0.0003530 seconds, Stopping threads took: 0.0000340 seconds
135.965: Application time: 0.0487630 seconds
135.965: [GC135.965: [ParNew: 6821K->52K(7424K), 0.0002470 secs] 21727K->15029K(23808K), 0.0002640 secs] [Times: user=0.00 sys=0.00, real=0.00 secs] 
135.965: Total time for which application threads were stopped: 0.0003270 seconds, Stopping threads took: 0.0000200 seconds
136.046: Application time: 0.0806630 seconds
136.046: Total time for which application threads were stopped: 0.0000720 seconds, Stopping threads took: 0.0000250 seconds
136.049: Application time: 0.0032530 seconds
136.049: [GC136.049: [ParNew: 6708K->419K(7424K), 0.0003630 secs] 21685K->15396K(23808K), 0.0003830 secs] [Times: user=0.00 sys=0.00, real=0.00 secs] 
136.050: Total time for which application threads were stopped: 0.0004920 seconds, Stopping threads took: 0.0000680 seconds
136.085: Application time: 0.0351390 seconds
136.085: [GC136.085: [ParNew: 7075K->45K(7424K), 0.0003500 secs] 22052K->15471K(23808K), 0.0003690 secs] [Times: user=0.01 sys=0.00, real=0.00 secs] 
136.085: Total time for which application threads were stopped: 0.0004720 seconds, Stopping threads took: 0.0000580 seconds
136.121: Application time: 0.0358620 seconds
136.121: [GC136.121: [ParNew: 6701K->37K(7424K), 0.0002130 secs] 22127K->15463K(23808K), 0.0002320 secs] [Times: user=0.00 sys=0.00, real=0.00 secs] 
136.122: Total time for which application threads were stopped: 0.0003220 seconds, Stopping threads took: 0.0000470 seconds
136.157: Application time: 0.0354870 seconds
136.157: [GC136.157: [ParNew: 6693K->36K(7424K), 0.0002190 secs] 22119K->15462K(23808K), 0.0002370 secs] [Times: user=0.00 sys=0.00, real=0.00 secs] 
136.157: Total time for which application threads were stopped: 0.0003180 seconds, Stopping threads took: 0.0000340 seconds
136.193: Application time: 0.0360360 seconds
136.194: [GC136.194: [ParNew: 6692K->34K(7424K), 0.0003140 secs] 22118K->15460K(23808K), 0.0003430 secs] [Times: user=0.00 sys=0.00, real=0.00 secs] 
136.194: Total time for which application threads were stopped: 0.0010520 seconds, Stopping threads took: 0.0006370 seconds
136.230: Application time: 0.0355730 seconds
136.230: [GC136.230: [ParNew: 6690K->28K(7424K), 0.0002780 secs] 22116K->15454K(23808K), 0.0003070 secs] [Times: user=0.00 sys=0.00, real=0.00 secs] 
136.230: Total time for which application threads were stopped: 0.0003990 seconds, Stopping threads took: 0.0000400 seconds
136.266: Application time: 0.0351880 seconds
136.266: [GC136.266: [ParNew: 6684K->34K(7424K), 0.0002410 secs] 22110K->15460K(23808K), 0.0002600 secs] [Times: user=0.00 sys=0.00, real=0.00 secs] 
136.266: Total time for which application threads were stopped: 0.0003500 seconds, Stopping threads took: 0.0000420 seconds
136.302: Application time: 0.0358890 seconds
136.302: [GC136.302: [ParNew: 6690K->43K(7424K), 0.0002090 secs] 22116K->15469K(23808K), 0.0002300 secs] [Times: user=0.00 sys=0.00, real=0.01 secs] 
136.302: Total time for which application threads were stopped: 0.0003290 seconds, Stopping threads took: 0.0000460 seconds
136.338: Application time: 0.0353300 seconds
136.338: [GC136.338: [ParNew: 6699K->36K(7424K), 0.0002400 secs] 22125K->15462K(23808K), 0.0002650 secs] [Times: user=0.00 sys=0.00, real=0.00 secs] 
136.338: Total time for which application threads were stopped: 0.0003690 seconds, Stopping threads took: 0.0000440 seconds
136.374: Application time: 0.0356960 seconds
136.374: [GC136.374: [ParNew: 6692K->40K(7424K), 0.0002010 secs] 22118K->15466K(23808K), 0.0002190 secs] [Times: user=0.00 sys=0.00, real=0.00 secs] 
136.374: Total time for which application threads were stopped: 0.0003050 seconds, Stopping threads took: 0.0000380 seconds
136.409: Application time: 0.0352090 seconds
136.409: [GC136.409: [ParNew: 6696K->39K(7424K), 0.0002260 secs] 22122K->15465K(23808K), 0.0002440 secs] [Times: user=0.01 sys=0.00, real=0.00 secs] 
136.409: Total time for which application threads were stopped: 0.0003390 seconds, Stopping threads took: 0.0000470 seconds
136.444: Application time: 0.0347400 seconds
136.444: [GC136.444: [ParNew: 6695K->168K(7424K), 0.0002150 secs] 22121K->15594K(23808K), 0.0002330 secs] [Times: user=0.00 sys=0.00, real=0.00 secs] 
136.445: Total time for which application threads were stopped: 0.0003200 seconds, Stopping threads took: 0.0000430 seconds
136.480: Application time: 0.0352810 seconds
136.480: [GC136.480: [ParNew: 6824K->169K(7424K), 0.0002130 secs] 22250K->15595K(23808K), 0.0002320 secs] [Times: user=0.00 sys=0.00, real=0.00 secs] 
136.480: Total time for which application threads were stopped: 0.0003180 seconds, Stopping threads took: 0.0000410 seconds
136.515: Application time: 0.0353010 seconds
136.516: [GC136.516: [ParNew: 6825K->178K(7424K), 0.0002350 secs] 22251K->15604K(23808K), 0.0002530 secs] [Times: user=0.00 sys=0.00, real=0.00 secs] 
136.516: Total time for which application threads were stopped: 0.0003370 seconds, Stopping threads took: 0.0000400 seconds
136.551: Application time: 0.0355570 seconds
136.551: [GC136.551: [ParNew: 6834K->151K(7424K), 0.0002990 secs] 22260K->15577K(23808K), 0.0003160 secs] [Times: user=0.00 sys=0.00, real=0.00 secs] 
136.552: Total time for which application threads were stopped: 0.0004180 seconds, Stopping threads took: 0.0000490 seconds
136.587: Application time: 0.0351630 seconds
136.587: [GC136.587: [ParNew: 6807K->166K(7424K), 0.0002370 secs] 22233K->15592K(23808K), 0.0002540 secs] [Times: user=0.00 sys=0.00, real=0.00 secs] 
136.587: Total time for which application threads were stopped: 0.0003510 seconds, Stopping threads took: 0.0000520 seconds
136.623: Application time: 0.0354690 seconds
136.623: [GC136.623: [ParNew: 6822K->166K(7424K), 0.0003020 secs] 22248K->15592K(23808K), 0.0003200 secs] [Times: user=0.00 sys=0.00, real=0.00 secs] 
136.623: Total time for which application threads were stopped: 0.0004110 seconds, Stopping threads took: 0.0000470 seconds
136.659: Application time: 0.0355160 seconds
136.659: [GC136.659: [ParNew: 6822K->163K(7424K), 0.0002180 secs] 22248K->15589K(23808K), 0.0002360 secs] [Times: user=0.01 sys=0.00, real=0.00 secs] 
136.659: Total time for which application threads were stopped: 0.0003290 seconds, Stopping threads took: 0.0000440 seconds
136.694: Application time: 0.0350760 seconds
136.694: [GC136.694: [ParNew: 6819K->164K(7424K), 0.0002200 secs] 22245K->15590K(23808K), 0.0002470 secs] [Times: user=0.00 sys=0.00, real=0.00 secs] 
136.694: Total time for which application threads were stopped: 0.0003400 seconds, Stopping threads took: 0.0000460 seconds
136.730: Application time: 0.0359170 seconds
136.730: [GC136.730: [ParNew: 6820K->167K(7424K), 0.0002320 secs] 22246K->15593K(23808K), 0.0002490 secs] [Times: user=0.00 sys=0.00, real=0.00 secs] 
136.731: Total time for which application threads were stopped: 0.0003450 seconds, Stopping threads took: 0.0000480 seconds
136.766: Application time: 0.0350780 seconds
136.766: [GC136.766: [ParNew: 6823K->174K(7424K), 0.0002650 secs] 22249K->15600K(23808K), 0.0002840 secs] [Times: user=0.00 sys=0.00, real=0.00 secs] 
136.766: Total time for which application threads were stopped: 0.0003750 seconds, Stopping threads took: 0.0000450 seconds
136.800: Application time: 0.0335250 seconds
136.800: [GC136.800: [ParNew: 6830K->257K(7424K), 0.0002410 secs] 22256K->15683K(23808K), 0.0002580 secs] [Times: user=0.00 sys=0.00, real=0.00 secs] 
136.800: Total time for which application threads were stopped: 0.0003510 seconds, Stopping threads took: 0.0000440 seconds
136.833: Application time: 0.0329100 seconds
136.833: [GC136.833: [ParNew: 6913K->389K(7424K), 0.0003680 secs] 22339K->15815K(23808K), 0.0003850 secs] [Times: user=0.00 sys=0.00, real=0.00 secs] 
136.833: Total time for which application threads were stopped: 0.0004810 seconds, Stopping threads took: 0.0000490 seconds
136.869: Application time: 0.0353120 seconds
136.869: [GC136.869: [ParNew: 7045K->236K(7424K), 0.0003080 secs] 22471K->15871K(23808K), 0.0003270 secs] [Times: user=0.00 sys=0.00, real=0.00 secs] 
136.869: Total time for which application threads were stopped: 0.0004190 seconds, Stopping threads took: 0.0000430 seconds
136.905: Application time: 0.0355420 seconds
136.905: [GC136.905: [ParNew: 6892K->236K(7424K), 0.0002340 secs] 22527K->15871K(23808K), 0.0002510 secs] [Times: user=0.01 sys=0.00, real=0.00 secs] 
136.905: Total time for which application threads were stopped: 0.0003420 seconds, Stopping threads took: 0.0000450 seconds
136.940: Application time: 0.0353980 seconds
136.941: [GC136.941: [ParNew: 6892K->230K(7424K), 0.0002350 secs] 22527K->15864K(23808K), 0.0002510 secs] [Times: user=0.00 sys=0.00, real=0.00 secs] 
136.941: Total time for which application threads were stopped: 0.0003560 seconds, Stopping threads took: 0.0000580 seconds
136.977: Application time: 0.0363210 seconds
136.977: [GC136.977: [ParNew: 6886K->230K(7424K), 0.0003040 secs] 22520K->15864K(23808K), 0.0003270 secs] [Times: user=0.00 sys=0.00, real=0.00 secs] 
136.978: Total time for which application threads were stopped: 0.0004370 seconds, Stopping threads took: 0.0000530 seconds
137.013: Application time: 0.0355200 seconds
137.013: [GC137.013: [ParNew: 6886K->235K(7424K), 0.0003410 secs] 22520K->15869K(23808K), 0.0003590 secs] [Times: user=0.00 sys=0.00, real=0.00 secs] 
137.014: Total time for which application threads were stopped: 0.0004520 seconds, Stopping threads took: 0.0000450 seconds
137.049: Application time: 0.0352460 seconds
137.049: [GC137.049: [ParNew: 6891K->230K(7424K), 0.0002250 secs] 22525K->15864K(23808K), 0.0002420 secs] [Times: user=0.00 sys=0.00, real=0.00 secs] 
137.049: Total time for which application threads were stopped: 0.0003260 seconds, Stopping threads took: 0.0000390 seconds
137.084: Application time: 0.0352000 seconds
137.084: [GC137.084: [ParNew: 6886K->226K(7424K), 0.0002230 secs] 22520K->15860K(23808K), 0.0002410 secs] [Times: user=0.01 sys=0.00, real=0.00 secs] 
137.085: Total time for which application threads were stopped: 0.0003330 seconds, Stopping threads took: 0.0000400 seconds
137.120: Application time: 0.0353880 seconds
137.120: [GC137.120: [ParNew: 6882K->235K(7424K), 0.0003160 secs] 22516K->15869K(23808K), 0.0003320 secs] [Times: user=0.00 sys=0.00, real=0.00 secs] 
137.120: Total time for which application threads were stopped: 0.0004250 seconds, Stopping threads took: 0.0000400 seconds
137.156: Application time: 0.0354300 seconds
137.156: [GC137.156: [ParNew: 6891K->231K(7424K), 0.0003220 secs] 22525K->15866K(23808K), 0.0003390 secs] [Times: user=0.00 sys=0.00, real=0.00 secs] 
137.156: Total time for which application threads were stopped: 0.0004240 seconds, Stopping threads took: 0.0000390 seconds
137.191: Application time: 0.0348200 seconds
137.191: [GC137.191: [ParNew: 6881K->259K(7424K), 0.0002650 secs] 22515K->15893K(23808K), 0.0002830 secs] [Times: user=0.00 sys=0.00, real=0.00 secs] 
137.192: Total time for which application threads were stopped: 0.0003950 seconds, Stopping threads took: 0.0000650 seconds
137.227: Application time: 0.0350060 seconds
137.227: [GC137.227: [ParNew: 6915K->277K(7424K), 0.0003460 secs] 22549K->15911K(23808K), 0.0003640 secs] [Times: user=0.00 sys=0.00, real=0.00 secs] 
137.227: Total time for which application threads were stopped: 0.0004550 seconds, Stopping threads took: 0.0000430 seconds
137.262: Application time: 0.0350740 seconds
137.262: [GC137.262: [ParNew: 6933K->283K(7424K), 0.0002630 secs] 22567K->15917K(23808K), 0.0002800 secs] [Times: user=0.00 sys=0.00, real=0.00 secs] 
137.262: Total time for which application threads were stopped: 0.0003670 seconds, Stopping threads took: 0.0000410 seconds
137.298: Application time: 0.0352080 seconds
137.298: [GC137.298: [ParNew: 6939K->282K(7424K), 0.0003270 secs] 22573K->15917K(23808K), 0.0003460 secs] [Times: user=0.01 sys=0.00, real=0.00 secs] 
137.298: Total time for which application threads were stopped: 0.0004340 seconds, Stopping threads took: 0.0000420 seconds
137.334: Application time: 0.0357940 seconds
137.334: [GC137.334: [ParNew: 6938K->284K(7424K), 0.0003300 secs] 22573K->15918K(23808K), 0.0003520 secs] [Times: user=0.00 sys=0.00, real=0.01 secs] 
137.334: Total time for which application threads were stopped: 0.0004630 seconds, Stopping threads took: 0.0000540 seconds
137.370: Application time: 0.0352230 seconds
137.370: [GC137.370: [ParNew: 6940K->166K(7424K), 0.0002630 secs] 22574K->15961K(23808K), 0.0002800 secs] [Times: user=0.00 sys=0.00, real=0.00 secs] 
137.370: Total time for which application threads were stopped: 0.0003700 seconds, Stopping threads took: 0.0000420 seconds
137.405: Application time: 0.0355410 seconds
137.406: [GC137.406: [ParNew: 6822K->167K(7424K), 0.0002410 secs] 22617K->15961K(23808K), 0.0002600 secs] [Times: user=0.00 sys=0.00, real=0.00 secs] 
137.406: Total time for which application threads were stopped: 0.0003680 seconds, Stopping threads took: 0.0000620 seconds
137.441: Application time: 0.0352030 seconds
137.441: [GC137.441: [ParNew: 6823K->158K(7424K), 0.0002390 secs] 22617K->15952K(23808K), 0.0002560 secs] [Times: user=0.00 sys=0.00, real=0.00 secs] 
137.441: Total time for which application threads were stopped: 0.0003460 seconds, Stopping threads took: 0.0000450 seconds
137.477: Application time: 0.0352300 seconds
137.478: [GC137.478: [ParNew: 6814K->165K(7424K), 0.0002770 secs] 22608K->15959K(23808K), 0.0002940 secs] [Times: user=0.00 sys=0.00, real=0.00 secs] 
137.478: Total time for which application threads were stopped: 0.0017960 seconds, Stopping threads took: 0.0014540 seconds
137.514: Application time: 0.0357130 seconds
137.514: [GC137.514: [ParNew: 6821K->170K(7424K), 0.0002310 secs] 22615K->15965K(23808K), 0.0002490 secs] [Times: user=0.00 sys=0.00, real=0.00 secs] 
137.514: Total time for which application threads were stopped: 0.0003400 seconds, Stopping threads took: 0.0000450 seconds
137.549: Application time: 0.0349770 seconds
137.550: [GC137.550: [ParNew: 6826K->196K(7424K), 0.0002390 secs] 22621K->15990K(23808K), 0.0002570 secs] [Times: user=0.00 sys=0.00, real=0.00 secs] 
137.550: Total time for which application threads were stopped: 0.0003540 seconds, Stopping threads took: 0.0000480 seconds
137.581: Application time: 0.0314690 seconds
137.581: [GC137.581: [ParNew: 6852K->396K(7424K), 0.0002860 secs] 22646K->16191K(23808K), 0.0003120 secs] [Times: user=0.00 sys=0.00, real=0.00 secs] 
137.582: Total time for which application threads were stopped: 0.0004040 seconds, Stopping threads took: 0.0000450 seconds
137.617: Application time: 0.0354050 seconds
137.617: [GC137.617: [ParNew: 7052K->400K(7424K), 0.0003390 secs] 22847K->16195K(23808K), 0.0003570 secs] [Times: user=0.01 sys=0.00, real=0.00 secs] 
137.618: Total time for which application threads were stopped: 0.0004610 seconds, Stopping threads took: 0.0000440 seconds
137.653: Application time: 0.0352590 seconds
137.653: [GC137.653: [ParNew: 7056K->394K(7424K), 0.0003070 secs] 22851K->16188K(23808K), 0.0003240 secs] [Times: user=0.00 sys=0.00, real=0.00 secs] 
137.653: Total time for which application threads were stopped: 0.0004140 seconds, Stopping threads took: 0.0000430 seconds
137.688: Application time: 0.0349830 seconds
137.688: [GC137.688: [ParNew: 7050K->390K(7424K), 0.0002760 secs] 22844K->16185K(23808K), 0.0002940 secs] [Times: user=0.00 sys=0.00, real=0.00 secs] 
137.689: Total time for which application threads were stopped: 0.0003840 seconds, Stopping threads took: 0.0000450 seconds
137.725: Application time: 0.0366470 seconds
137.725: [GC137.725: [ParNew: 7046K->393K(7424K), 0.0003310 secs] 22841K->16188K(23808K), 0.0003530 secs] [Times: user=0.00 sys=0.00, real=0.00 secs] 
137.726: Total time for which application threads were stopped: 0.0004560 seconds, Stopping threads took: 0.0000460 seconds
137.761: Application time: 0.0352400 seconds
137.761: [GC137.761: [ParNew: 7049K->400K(7424K), 0.0003070 secs] 22844K->16195K(23808K), 0.0003240 secs] [Times: user=0.00 sys=0.00, real=0.00 secs] 
137.761: Total time for which application threads were stopped: 0.0004140 seconds, Stopping threads took: 0.0000460 seconds
137.797: Application time: 0.0354410 seconds
137.797: [GC137.797: [ParNew: 7056K->400K(7424K), 0.0003610 secs] 22851K->16195K(23808K), 0.0003780 secs] [Times: user=0.00 sys=0.00, real=0.00 secs] 
137.797: Total time for which application threads were stopped: 0.0004690 seconds, Stopping threads took: 0.0000460 seconds
137.833: Application time: 0.0353530 seconds
137.833: [GC137.833: [ParNew: 7056K->392K(7424K), 0.0002770 secs] 22851K->16186K(23808K), 0.0002940 secs] [Times: user=0.00 sys=0.00, real=0.00 secs] 
137.833: Total time for which application threads were stopped: 0.0003830 seconds, Stopping threads took: 0.0000420 seconds
137.868: Application time: 0.0351490 seconds
137.868: [GC137.868: [ParNew: 7048K->398K(7424K), 0.0002930 secs] 22842K->16193K(23808K), 0.0003080 secs] [Times: user=0.00 sys=0.00, real=0.00 secs] 
137.869: Total time for which application threads were stopped: 0.0003900 seconds, Stopping threads took: 0.0000360 seconds
137.904: Application time: 0.0355060 seconds
137.904: [GC137.904: [ParNew: 7054K->355K(7424K), 0.0002840 secs] 22849K->16221K(23808K), 0.0003010 secs] [Times: user=0.00 sys=0.00, real=0.00 secs] 
137.904: Total time for which application threads were stopped: 0.0003860 seconds, Stopping threads took: 0.0000380 seconds
137.939: Application time: 0.0349740 seconds
137.940: [GC137.940: [ParNew: 7011K->332K(7424K), 0.0002710 secs] 22877K->16199K(23808K), 0.0002890 secs] [Times: user=0.00 sys=0.00, real=0.00 secs] 
137.940: Total time for which application threads were stopped: 0.0003880 seconds, Stopping threads took: 0.0000480 seconds
137.975: Application time: 0.0347510 seconds
137.975: [GC137.975: [ParNew: 6988K->370K(7424K), 0.0002920 secs] 22855K->16236K(23808K), 0.0003090 secs] [Times: user=0.01 sys=0.00, real=0.00 secs] 
137.975: Total time for which application threads were stopped: 0.0004110 seconds, Stopping threads took: 0.0000520 seconds
138.010: Application time: 0.0350550 seconds
138.010: [GC138.010: [ParNew: 7026K->370K(7424K), 0.0002930 secs] 22892K->16236K(23808K), 0.0003090 secs] [Times: user=0.00 sys=0.00, real=0.00 secs] 
138.010: Total time for which application threads were stopped: 0.0004170 seconds, Stopping threads took: 0.0000590 seconds
138.046: Application time: 0.0357270 seconds
138.046: [GC138.046: [ParNew: 7026K->376K(7424K), 0.0002690 secs] 22892K->16242K(23808K), 0.0002960 secs] [Times: user=0.01 sys=0.00, real=0.00 secs] 
138.047: Total time for which application threads were stopped: 0.0004030 seconds, Stopping threads took: 0.0000580 seconds
138.082: Application time: 0.0352620 seconds
138.082: [GC138.082: [ParNew: 7032K->371K(7424K), 0.0002840 secs] 22898K->16238K(23808K), 0.0003020 secs] [Times: user=0.00 sys=0.00, real=0.01 secs] 
138.082: Total time for which application threads were stopped: 0.0004000 seconds, Stopping threads took: 0.0000510 seconds
138.117: Application time: 0.0351810 seconds
138.118: [GC138.118: [ParNew: 7027K->166K(7424K), 0.0002940 secs] 22894K->16277K(23808K), 0.0003130 secs] [Times: user=0.01 sys=0.00, real=0.00 secs] 
138.118: Total time for which application threads were stopped: 0.0003990 seconds, Stopping threads took: 0.0000410 seconds
138.153: Application time: 0.0356430 seconds
138.154: [GC138.154: [ParNew: 6822K->6822K(7424K), 0.0000070 secs]138.154: [Tenured: 16110K->2633K(16384K), 0.0075530 secs] 22933K->2633K(23808K), [Perm : 6076K->6076K(21248K)], 0.0075950 secs] [Times: user=0.01 sys=0.00, real=0.01 secs] 
138.161: Total time for which application threads were stopped: 0.0077110 seconds, Stopping threads took: 0.0000450 seconds
138.196: Application time: 0.0350500 seconds
138.196: [GC138.196: [ParNew: 6656K->44K(7424K), 0.0002980 secs] 9289K->2677K(23808K), 0.0003160 secs] [Times: user=0.00 sys=0.00, real=0.00 secs] 
138.197: Total time for which application threads were stopped: 0.0004470 seconds, Stopping threads took: 0.0000740 seconds
138.232: Application time: 0.0350760 seconds
138.232: [GC138.232: [ParNew: 6700K->38K(7424K), 0.0002430 secs] 9333K->2671K(23808K), 0.0002600 secs] [Times: user=0.00 sys=0.00, real=0.00 secs] 
138.232: Total time for which application threads were stopped: 0.0003510 seconds, Stopping threads took: 0.0000470 seconds
138.268: Application time: 0.0358530 seconds
138.268: [GC138.268: [ParNew: 6694K->45K(7424K), 0.0002030 secs] 9327K->2678K(23808K), 0.0002220 secs] [Times: user=0.00 sys=0.00, real=0.00 secs] 
138.268: Total time for which application threads were stopped: 0.0003160 seconds, Stopping threads took: 0.0000480 seconds
138.303: Application time: 0.0351200 seconds
138.303: [GC138.303: [ParNew: 6701K->46K(7424K), 0.0002150 secs] 9334K->2680K(23808K), 0.0002320 secs] [Times: user=0.00 sys=0.00, real=0.00 secs] 
138.304: Total time for which application threads were stopped: 0.0003200 seconds, Stopping threads took: 0.0000450 seconds
138.336: Application time: 0.0320050 seconds
138.336: [GC138.336: [ParNew: 6702K->358K(7424K), 0.0003230 secs] 9336K->2991K(23808K), 0.0003480 secs] [Times: user=0.00 sys=0.00, real=0.00 secs] 
138.336: Total time for which application threads were stopped: 0.0004630 seconds, Stopping threads took: 0.0000510 seconds
138.371: Application time: 0.0346910 seconds
138.371: [GC138.371: [ParNew: 7014K->403K(7424K), 0.0003240 secs] 9647K->3036K(23808K), 0.0003420 secs] [Times: user=0.01 sys=0.00, real=0.00 secs] 
138.371: Total time for which application threads were stopped: 0.0004320 seconds, Stopping threads took: 0.0000400 seconds
138.407: Application time: 0.0354230 seconds
138.407: [GC138.407: [ParNew: 7059K->393K(7424K), 0.0003790 secs] 9692K->3035K(23808K), 0.0003960 secs] [Times: user=0.00 sys=0.00, real=0.00 secs] 
138.407: Total time for which application threads were stopped: 0.0005020 seconds, Stopping threads took: 0.0000570 seconds
138.442: Application time: 0.0350400 seconds
138.442: [GC138.442: [ParNew: 7049K->394K(7424K), 0.0002780 secs] 9691K->3036K(23808K), 0.0002950 secs] [Times: user=0.00 sys=0.00, real=0.00 secs] 
138.443: Total time for which application threads were stopped: 0.0003800 seconds, Stopping threads took: 0.0000390 seconds
138.478: Application time: 0.0354540 seconds
138.478: [GC138.478: [ParNew: 7050K->397K(7424K), 0.0002800 secs] 9692K->3038K(23808K), 0.0002980 secs] [Times: user=0.01 sys=0.00, real=0.00 secs] 
138.479: Total time for which application threads were stopped: 0.0003790 seconds, Stopping threads took: 0.0000350 seconds
138.514: Application time: 0.0353340 seconds
138.514: [GC138.514: [ParNew: 7053K->397K(7424K), 0.0002820 secs] 9694K->3039K(23808K), 0.0003100 secs] [Times: user=0.00 sys=0.00, real=0.01 secs] 
138.514: Total time for which application threads were stopped: 0.0003990 seconds, Stopping threads took: 0.0000420 seconds
138.549: Application time: 0.0350950 seconds
138.549: [GC138.549: [ParNew: 7053K->398K(7424K), 0.0002800 secs] 9695K->3039K(23808K), 0.0002970 secs] [Times: user=0.00 sys=0.00, real=0.00 secs] 
138.550: Total time for which application threads were stopped: 0.0003930 seconds, Stopping threads took: 0.0000500 seconds
138.585: Application time: 0.0356190 seconds
138.585: [GC138.585: [ParNew: 7054K->395K(7424K), 0.0002720 secs] 9695K->3037K(23808K), 0.0002900 secs] [Times: user=0.00 sys=0.00, real=0.00 secs] 
138.586: Total time for which application threads were stopped: 0.0003820 seconds, Stopping threads took: 0.0000440 seconds
138.621: Application time: 0.0352130 seconds
138.621: [GC138.621: [ParNew: 7051K->388K(7424K), 0.0003890 secs] 9693K->3029K(23808K), 0.0004090 secs] [Times: user=0.00 sys=0.00, real=0.00 secs] 
138.621: Total time for which application threads were stopped: 0.0005010 seconds, Stopping threads took: 0.0000430 seconds
138.657: Application time: 0.0353070 seconds
138.657: [GC138.657: [ParNew: 7044K->390K(7424K), 0.0004280 secs] 9685K->3032K(23808K), 0.0004440 secs] [Times: user=0.00 sys=0.00, real=0.00 secs] 
138.657: Total time for which application threads were stopped: 0.0005470 seconds, Stopping threads took: 0.0000450 seconds
138.693: Application time: 0.0351970 seconds
138.693: [GC138.693: [ParNew: 7046K->397K(7424K), 0.0003420 secs] 9688K->3038K(23808K), 0.0003590 secs] [Times: user=0.00 sys=0.00, real=0.00 secs] 
138.693: Total time for which application threads were stopped: 0.0004520 seconds, Stopping threads took: 0.0000440 seconds
138.728: Application time: 0.0346470 seconds
138.728: [GC138.728: [ParNew: 7053K->398K(7424K), 0.0002910 secs] 9694K->3039K(23808K), 0.0003090 secs] [Times: user=0.00 sys=0.00, real=0.00 secs] 
138.728: Total time for which application threads were stopped: 0.0003980 seconds, Stopping threads took: 0.0000410 seconds
138.763: Application time: 0.0351250 seconds
138.763: [GC138.763: [ParNew: 7054K->406K(7424K), 0.0003270 secs] 9695K->3047K(23808K), 0.0003430 secs] [Times: user=0.00 sys=0.00, real=0.00 secs] 
138.764: Total time for which application threads were stopped: 0.0004280 seconds, Stopping threads took: 0.0000390 seconds
138.799: Application time: 0.0352600 seconds
138.799: [GC138.799: [ParNew: 7062K->200K(7424K), 0.0003380 secs] 9703K->3070K(23808K), 0.0003570 secs] [Times: user=0.00 sys=0.00, real=0.00 secs] 
138.799: Total time for which application threads were stopped: 0.0004490 seconds, Stopping threads took: 0.0000440 seconds
138.835: Application time: 0.0353640 seconds
138.835: [GC138.835: [ParNew: 6856K->203K(7424K), 0.0002900 secs] 9726K->3073K(23808K), 0.0003060 secs] [Times: user=0.00 sys=0.00, real=0.00 secs] 
138.835: Total time for which application threads were stopped: 0.0003870 seconds, Stopping threads took: 0.0000360 seconds
138.870: Application time: 0.0354120 seconds
138.871: [GC138.871: [ParNew: 6859K->203K(7424K), 0.0002840 secs] 9729K->3073K(23808K), 0.0003010 secs] [Times: user=0.00 sys=0.00, real=0.00 secs] 
138.871: Total time for which application threads were stopped: 0.0003840 seconds, Stopping threads took: 0.0000370 seconds
138.906: Application time: 0.0352750 seconds
138.906: [GC138.906: [ParNew: 6859K->160K(7424K), 0.0002790 secs] 9729K->3094K(23808K), 0.0002970 secs] [Times: user=0.00 sys=0.00, real=0.00 secs] 
138.906: Total time for which application threads were stopped: 0.0003880 seconds, Stopping threads took: 0.0000460 seconds
138.942: Application time: 0.0355920 seconds
138.942: [GC138.942: [ParNew: 6816K->164K(7424K), 0.0002800 secs] 9750K->3097K(23808K), 0.0002970 secs] [Times: user=0.00 sys=0.00, real=0.00 secs] 
138.942: Total time for which application threads were stopped: 0.0003890 seconds, Stopping threads took: 0.0000400 seconds
138.978: Application time: 0.0352600 seconds
138.978: [GC138.978: [ParNew: 6820K->171K(7424K), 0.0002390 secs] 9753K->3104K(23808K), 0.0002550 secs] [Times: user=0.00 sys=0.00, real=0.00 secs] 
138.978: Total time for which application threads were stopped: 0.0003470 seconds, Stopping threads took: 0.0000490 seconds
139.013: Application time: 0.0350280 seconds
139.013: [GC139.013: [ParNew: 6827K->172K(7424K), 0.0002740 secs] 9760K->3105K(23808K), 0.0002920 secs] [Times: user=0.00 sys=0.00, real=0.00 secs] 
139.014: Total time for which application threads were stopped: 0.0003800 seconds, Stopping threads took: 0.0000430 seconds
139.049: Application time: 0.0355500 seconds
139.049: [GC139.049: [ParNew: 6828K->172K(7424K), 0.0002380 secs] 9761K->3106K(23808K), 0.0002550 secs] [Times: user=0.00 sys=0.00, real=0.00 secs] 
139.049: Total time for which application threads were stopped: 0.0003380 seconds, Stopping threads took: 0.0000370 seconds
139.082: Application time: 0.0323770 seconds
139.082: [GC139.082: [ParNew: 6828K->323K(7424K), 0.0002570 secs] 9762K->3257K(23808K), 0.0002760 secs] [Times: user=0.00 sys=0.00, real=0.01 secs] 
139.082: Total time for which application threads were stopped: 0.0003680 seconds, Stopping threads took: 0.0000430 seconds
139.116: Application time: 0.0339850 seconds
139.116: [GC139.116: [ParNew: 6979K->394K(7424K), 0.0003120 secs] 9913K->3328K(23808K), 0.0003290 secs] [Times: user=0.00 sys=0.00, real=0.00 secs] 
139.117: Total time for which application threads were stopped: 0.0004240 seconds, Stopping threads took: 0.0000460 seconds
139.152: Application time: 0.0353790 seconds
139.152: [GC139.152: [ParNew: 7050K->398K(7424K), 0.0002640 secs] 9984K->3332K(23808K), 0.0002820 secs] [Times: user=0.00 sys=0.00, real=0.00 secs] 
139.152: Total time for which application threads were stopped: 0.0003780 seconds, Stopping threads took: 0.0000510 seconds
139.188: Application time: 0.0354430 seconds
139.188: [GC139.188: [ParNew: 7054K->397K(7424K), 0.0002810 secs] 9988K->3331K(23808K), 0.0002980 secs] [Times: user=0.00 sys=0.00, real=0.00 secs] 
139.188: Total time for which application threads were stopped: 0.0003930 seconds, Stopping threads took: 0.0000360 seconds
139.224: Application time: 0.0361810 seconds
139.224: [GC139.224: [ParNew: 7053K->395K(7424K), 0.0003980 secs] 9987K->3329K(23808K), 0.0004210 secs] [Times: user=0.01 sys=0.00, real=0.00 secs] 
139.225: Total time for which application threads were stopped: 0.0005520 seconds, Stopping threads took: 0.0000720 seconds
139.260: Application time: 0.0354310 seconds
139.260: [GC139.260: [ParNew: 7051K->394K(7424K), 0.0002740 secs] 9985K->3328K(23808K), 0.0002930 secs] [Times: user=0.00 sys=0.00, real=0.00 secs] 
139.261: Total time for which application threads were stopped: 0.0003830 seconds, Stopping threads took: 0.0000420 seconds
139.296: Application time: 0.0355310 seconds
139.296: [GC139.296: [ParNew: 7050K->394K(7424K), 0.0003730 secs] 9984K->3327K(23808K), 0.0003920 secs] [Times: user=0.01 sys=0.00, real=0.00 secs] 
139.297: Total time for which application threads were stopped: 0.0004870 seconds, Stopping threads took: 0.0000440 seconds
139.332: Application time: 0.0354140 seconds
139.332: [GC139.332: [ParNew: 7050K->395K(7424K), 0.0003960 secs] 9983K->3329K(23808K), 0.0004220 secs] [Times: user=0.00 sys=0.00, real=0.00 secs] 
139.333: Total time for which application threads were stopped: 0.0005540 seconds, Stopping threads took: 0.0000680 seconds
139.368: Application time: 0.0354970 seconds
139.368: [GC139.368: [ParNew: 7051K->394K(7424K), 0.0003520 secs] 9985K->3328K(23808K), 0.0003690 secs] [Times: user=0.01 sys=0.00, real=0.00 secs] 
139.369: Total time for which application threads were stopped: 0.0004630 seconds, Stopping threads took: 0.0000450 seconds
139.404: Application time: 0.0351780 seconds
139.406: [GC139.406: [ParNew: 7050K->395K(7424K), 0.0003110 secs] 9984K->3328K(23808K), 0.0003290 secs] [Times: user=0.00 sys=0.00, real=0.00 secs] 
139.406: Total time for which application threads were stopped: 0.0026190 seconds, Stopping threads took: 0.0022360 seconds
139.442: Application time: 0.0352550 seconds
139.442: [GC139.442: [ParNew: 7051K->380K(7424K), 0.0002960 secs] 9984K->3314K(23808K), 0.0003150 secs] [Times: user=0.00 sys=0.00, real=0.01 secs] 
139.442: Total time for which application threads were stopped: 0.0004050 seconds, Stopping threads took: 0.0000440 seconds
139.477: Application time: 0.0345070 seconds
139.477: [GC139.477: [ParNew: 7036K->403K(7424K), 0.0002700 secs] 9970K->3337K(23808K), 0.0002910 secs] [Times: user=0.00 sys=0.00, real=0.00 secs] 
139.477: Total time for which application threads were stopped: 0.0003950 seconds, Stopping threads took: 0.0000550 seconds
139.512: Application time: 0.0352850 seconds
139.512: [GC139.512: [ParNew: 7059K->228K(7424K), 0.0002950 secs] 9993K->3374K(23808K), 0.0003130 secs] [Times: user=0.00 sys=0.00, real=0.00 secs] 
139.513: Total time for which application threads were stopped: 0.0004070 seconds, Stopping threads took: 0.0000480 seconds
139.548: Application time: 0.0354220 seconds
139.548: [GC139.548: [ParNew: 6884K->234K(7424K), 0.0002600 secs] 10030K->3380K(23808K), 0.0002780 secs] [Times: user=0.00 sys=0.00, real=0.00 secs] 
139.549: Total time for which application threads were stopped: 0.0003630 seconds, Stopping threads took: 0.0000390 seconds
139.584: Application time: 0.0351000 seconds
139.584: [GC139.584: [ParNew: 6890K->215K(7424K), 0.0002120 secs] 10036K->3361K(23808K), 0.0002290 secs] [Times: user=0.00 sys=0.00, real=0.00 secs] 
139.584: Total time for which application threads were stopped: 0.0003230 seconds, Stopping threads took: 0.0000480 seconds
139.619: Application time: 0.0353120 seconds
139.619: [GC139.619: [ParNew: 6871K->221K(7424K), 0.0002970 secs] 10017K->3366K(23808K), 0.0003140 secs] [Times: user=0.00 sys=0.00, real=0.00 secs] 
139.620: Total time for which application threads were stopped: 0.0003990 seconds, Stopping threads took: 0.0000390 seconds
139.655: Application time: 0.0350690 seconds
139.655: [GC139.655: [ParNew: 6877K->170K(7424K), 0.0003010 secs] 10022K->3412K(23808K), 0.0003170 secs] [Times: user=0.00 sys=0.00, real=0.00 secs] 
139.655: Total time for which application threads were stopped: 0.0004050 seconds, Stopping threads took: 0.0000430 seconds
139.691: Application time: 0.0354940 seconds
139.691: [GC139.691: [ParNew: 6826K->167K(7424K), 0.0003490 secs] 10068K->3409K(23808K), 0.0003680 secs] [Times: user=0.01 sys=0.00, real=0.00 secs] 
139.691: Total time for which application threads were stopped: 0.0004620 seconds, Stopping threads took: 0.0000380 seconds
139.726: Application time: 0.0352260 seconds
139.726: [GC139.726: [ParNew: 6823K->166K(7424K), 0.0003480 secs] 10065K->3408K(23808K), 0.0003670 secs] [Times: user=0.00 sys=0.00, real=0.00 secs] 
139.727: Total time for which application threads were stopped: 0.0004580 seconds, Stopping threads took: 0.0000440 seconds
139.762: Application time: 0.0352440 seconds
139.762: [GC139.762: [ParNew: 6822K->170K(7424K), 0.0003040 secs] 10064K->3412K(23808K), 0.0003220 secs] [Times: user=0.00 sys=0.00, real=0.00 secs] 
139.762: Total time for which application threads were stopped: 0.0004140 seconds, Stopping threads took: 0.0000460 seconds
139.798: Application time: 0.0352720 seconds
139.798: [GC139.798: [ParNew: 6826K->166K(7424K), 0.0002290 secs] 10068K->3408K(23808K), 0.0002460 secs] [Times: user=0.00 sys=0.00, real=0.00 secs] 
139.798: Total time for which application threads were stopped: 0.0003420 seconds, Stopping threads took: 0.0000460 seconds
139.831: Application time: 0.0334450 seconds
139.832: [GC139.832: [ParNew: 6822K->260K(7424K), 0.0002970 secs] 10064K->3502K(23808K), 0.0003150 secs] [Times: user=0.00 sys=0.00, real=0.00 secs] 
139.832: Total time for which application threads were stopped: 0.0004000 seconds, Stopping threads took: 0.0000370 seconds
139.865: Application time: 0.0331670 seconds
139.865: [GC139.865: [ParNew: 6916K->400K(7424K), 0.0002830 secs] 10158K->3642K(23808K), 0.0003090 secs] [Times: user=0.00 sys=0.00, real=0.00 secs] 
139.865: Total time for which application threads were stopped: 0.0004020 seconds, Stopping threads took: 0.0000460 seconds
139.901: Application time: 0.0354760 seconds
139.901: [GC139.901: [ParNew: 7056K->219K(7424K), 0.0003030 secs] 10298K->3689K(23808K), 0.0003200 secs] [Times: user=0.00 sys=0.00, real=0.00 secs] 
139.901: Total time for which application threads were stopped: 0.0004020 seconds, Stopping threads took: 0.0000360 seconds
139.937: Application time: 0.0352610 seconds
139.937: [GC139.937: [ParNew: 6875K->214K(7424K), 0.0002790 secs] 10345K->3684K(23808K), 0.0002970 secs] [Times: user=0.00 sys=0.00, real=0.00 secs] 
139.937: Total time for which application threads were stopped: 0.0004050 seconds, Stopping threads took: 0.0000620 seconds
139.972: Application time: 0.0351550 seconds
139.972: [GC139.972: [ParNew: 6870K->218K(7424K), 0.0002140 secs] 10340K->3688K(23808K), 0.0002310 secs] [Times: user=0.01 sys=0.00, real=0.00 secs] 
139.972: Total time for which application threads were stopped: 0.0003150 seconds, Stopping threads took: 0.0000420 seconds
140.008: Application time: 0.0354880 seconds
140.008: [GC140.008: [ParNew: 6874K->216K(7424K), 0.0002180 secs] 10344K->3687K(23808K), 0.0002360 secs] [Times: user=0.00 sys=0.00, real=0.00 secs] 
140.008: Total time for which application threads were stopped: 0.0003190 seconds, Stopping threads took: 0.0000360 seconds
140.043: Application time: 0.0351270 seconds
140.043: [GC140.043: [ParNew: 6872K->217K(7424K), 0.0002110 secs] 10343K->3687K(23808K), 0.0002280 secs] [Times: user=0.00 sys=0.00, real=0.00 secs] 
140.044: Total time for which application threads were stopped: 0.0003200 seconds, Stopping threads took: 0.0000430 seconds
140.079: Application time: 0.0351080 seconds
140.079: [GC140.079: [ParNew: 6873K->218K(7424K), 0.0003030 secs] 10343K->3688K(23808K), 0.0003190 secs] [Times: user=0.01 sys=0.00, real=0.00 secs] 
140.079: Total time for which application threads were stopped: 0.0004110 seconds, Stopping threads took: 0.0000460 seconds
140.115: Application time: 0.0355610 seconds
140.115: [GC140.115: [ParNew: 6874K->221K(7424K), 0.0002390 secs] 10344K->3691K(23808K), 0.0002560 secs] [Times: user=0.00 sys=0.00, real=0.00 secs] 
140.115: Total time for which application threads were stopped: 0.0003570 seconds, Stopping threads took: 0.0000550 seconds
140.150: Application time: 0.0353060 seconds
140.151: [GC140.151: [ParNew: 6877K->214K(7424K), 0.0002200 secs] 10347K->3684K(23808K), 0.0002360 secs] [Times: user=0.00 sys=0.00, real=0.00 secs] 
140.151: Total time for which application threads were stopped: 0.0003240 seconds, Stopping threads took: 0.0000410 seconds
140.186: Application time: 0.0353050 seconds
140.186: [GC140.186: [ParNew: 6870K->217K(7424K), 0.0002280 secs] 10340K->3687K(23808K), 0.0002440 secs] [Times: user=0.00 sys=0.00, real=0.00 secs] 
140.186: Total time for which application threads were stopped: 0.0003280 seconds, Stopping threads took: 0.0000390 seconds
140.221: Application time: 0.0348490 seconds
140.221: [GC140.221: [ParNew: 6873K->269K(7424K), 0.0002240 secs] 10343K->3739K(23808K), 0.0002430 secs] [Times: user=0.01 sys=0.00, real=0.00 secs] 
140.222: Total time for which application threads were stopped: 0.0003430 seconds, Stopping threads took: 0.0000430 seconds
140.257: Application time: 0.0352670 seconds
140.257: [GC140.257: [ParNew: 6925K->287K(7424K), 0.0002940 secs] 10395K->3757K(23808K), 0.0003120 secs] [Times: user=0.00 sys=0.00, real=0.00 secs] 
140.257: Total time for which application threads were stopped: 0.0004030 seconds, Stopping threads took: 0.0000440 seconds
140.293: Application time: 0.0353900 seconds
140.293: [GC140.293: [ParNew: 6943K->283K(7424K), 0.0003150 secs] 10413K->3753K(23808K), 0.0003330 secs] [Times: user=0.00 sys=0.00, real=0.00 secs] 
140.293: Total time for which application threads were stopped: 0.0004200 seconds, Stopping threads took: 0.0000410 seconds
140.329: Application time: 0.0353810 seconds
140.329: [GC140.329: [ParNew: 6939K->284K(7424K), 0.0003590 secs] 10409K->3755K(23808K), 0.0003920 secs] [Times: user=0.00 sys=0.00, real=0.00 secs] 
140.329: Total time for which application threads were stopped: 0.0005130 seconds, Stopping threads took: 0.0000600 seconds
140.364: Application time: 0.0352300 seconds
140.364: [GC140.364: [ParNew: 6940K->290K(7424K), 0.0002470 secs] 10411K->3760K(23808K), 0.0002650 secs] [Times: user=0.00 sys=0.00, real=0.00 secs] 
140.365: Total time for which application threads were stopped: 0.0003600 seconds, Stopping threads took: 0.0000460 seconds
140.400: Application time: 0.0353510 seconds
140.400: [GC140.400: [ParNew: 6946K->172K(7424K), 0.0002400 secs] 10416K->3790K(23808K), 0.0002610 secs] [Times: user=0.00 sys=0.00, real=0.00 secs] 
140.400: Total time for which application threads were stopped: 0.0003730 seconds, Stopping threads took: 0.0000630 seconds
140.435: Application time: 0.0351020 seconds
140.436: [GC140.436: [ParNew: 6828K->176K(7424K), 0.0002260 secs] 10446K->3794K(23808K), 0.0002440 secs] [Times: user=0.00 sys=0.00, real=0.00 secs] 
140.436: Total time for which application threads were stopped: 0.0003330 seconds, Stopping threads took: 0.0000410 seconds
140.471: Application time: 0.0354690 seconds
140.471: [GC140.471: [ParNew: 6832K->175K(7424K), 0.0002450 secs] 10450K->3793K(23808K), 0.0002630 secs] [Times: user=0.00 sys=0.00, real=0.00 secs] 
140.472: Total time for which application threads were stopped: 0.0003460 seconds, Stopping threads took: 0.0000370 seconds
140.507: Application time: 0.0353440 seconds
140.507: [GC140.507: [ParNew: 6831K->163K(7424K), 0.0002260 secs] 10449K->3782K(23808K), 0.0002440 secs] [Times: user=0.00 sys=0.00, real=0.00 secs] 
140.507: Total time for which application threads were stopped: 0.0003320 seconds, Stopping threads took: 0.0000430 seconds
140.543: Application time: 0.0354460 seconds
140.543: [GC140.543: [ParNew: 6819K->168K(7424K), 0.0002520 secs] 10438K->3786K(23808K), 0.0002720 secs] [Times: user=0.01 sys=0.00, real=0.00 secs] 
140.543: Total time for which application threads were stopped: 0.0003790 seconds, Stopping threads took: 0.0000600 seconds
140.577: Application time: 0.0342040 seconds
140.577: [GC140.577: [ParNew: 6824K->208K(7424K), 0.0002140 secs] 10442K->3826K(23808K), 0.0002310 secs] [Times: user=0.00 sys=0.00, real=0.00 secs] 
140.578: Total time for which application threads were stopped: 0.0003370 seconds, Stopping threads took: 0.0000590 seconds
140.610: Application time: 0.0322320 seconds
140.610: [GC140.610: [ParNew: 6864K->393K(7424K), 0.0002900 secs] 10482K->4012K(23808K), 0.0003090 secs] [Times: user=0.00 sys=0.01, real=0.00 secs] 
140.610: Total time for which application threads were stopped: 0.0004060 seconds, Stopping threads took: 0.0000460 seconds
140.646: Application time: 0.0354400 seconds
140.646: [GC140.646: [ParNew: 7049K->399K(7424K), 0.0002680 secs] 10668K->4017K(23808K), 0.0002850 secs] [Times: user=0.01 sys=0.00, real=0.00 secs] 
140.646: Total time for which application threads were stopped: 0.0003780 seconds, Stopping threads took: 0.0000450 seconds
140.681: Application time: 0.0352320 seconds
140.681: [GC140.681: [ParNew: 7055K->398K(7424K), 0.0002620 secs] 10673K->4016K(23808K), 0.0002790 secs] [Times: user=0.00 sys=0.00, real=0.00 secs] 
140.682: Total time for which application threads were stopped: 0.0003670 seconds, Stopping threads took: 0.0000410 seconds
140.717: Application time: 0.0353580 seconds
140.718: [GC140.718: [ParNew: 7054K->390K(7424K), 0.0004630 secs] 10672K->4009K(23808K), 0.0004830 secs] [Times: user=0.01 sys=0.00, real=0.00 secs] 
140.719: Total time for which application threads were stopped: 0.0015400 seconds, Stopping threads took: 0.0010020 seconds
140.755: Application time: 0.0365600 seconds
140.755: [GC140.755: [ParNew: 7046K->392K(7424K), 0.0002990 secs] 10665K->4010K(23808K), 0.0003210 secs] [Times: user=0.00 sys=0.00, real=0.00 secs] 
140.756: Total time for which application threads were stopped: 0.0004360 seconds, Stopping threads took: 0.0000500 seconds
140.791: Application time: 0.0354570 seconds
140.791: [GC140.791: [ParNew: 7048K->397K(7424K), 0.0002700 secs] 10666K->4015K(23808K), 0.0002960 secs] [Times: user=0.01 sys=0.00, real=0.00 secs] 
140.791: Total time for which application threads were stopped: 0.0003810 seconds, Stopping threads took: 0.0000390 seconds
140.826: Application time: 0.0349760 seconds
140.826: [GC140.827: [ParNew: 7053K->387K(7424K), 0.0002810 secs] 10671K->4005K(23808K), 0.0002990 secs] [Times: user=0.00 sys=0.00, real=0.00 secs] 
140.827: Total time for which application threads were stopped: 0.0003910 seconds, Stopping threads took: 0.0000450 seconds
140.862: Application time: 0.0354890 seconds
140.862: [GC140.862: [ParNew: 7043K->385K(7424K), 0.0002770 secs] 10661K->4004K(23808K), 0.0002960 secs] [Times: user=0.00 sys=0.00, real=0.00 secs] 
140.863: Total time for which application threads were stopped: 0.0003920 seconds, Stopping threads took: 0.0000490 seconds
140.898: Application time: 0.0353770 seconds
140.898: [GC140.898: [ParNew: 7041K->390K(7424K), 0.0003300 secs] 10660K->4008K(23808K), 0.0003480 secs] [Times: user=0.00 sys=0.00, real=0.00 secs] 
140.899: Total time for which application threads were stopped: 0.0004430 seconds, Stopping threads took: 0.0000490 seconds
140.934: Application time: 0.0350120 seconds
140.934: [GC140.934: [ParNew: 7046K->396K(7424K), 0.0002790 secs] 10664K->4014K(23808K), 0.0002960 secs] [Times: user=0.01 sys=0.00, real=0.00 secs] 
140.934: Total time for which application threads were stopped: 0.0003850 seconds, Stopping threads took: 0.0000440 seconds
140.969: Application time: 0.0348840 seconds
140.969: [GC140.969: [ParNew: 7052K->389K(7424K), 0.0003160 secs] 10670K->4007K(23808K), 0.0003330 secs] [Times: user=0.00 sys=0.00, real=0.00 secs] 
140.969: Total time for which application threads were stopped: 0.0004220 seconds, Stopping threads took: 0.0000430 seconds
141.004: Application time: 0.0349570 seconds
141.004: [GC141.004: [ParNew: 7045K->393K(7424K), 0.0003600 secs] 10663K->4012K(23808K), 0.0003780 secs] [Times: user=0.00 sys=0.00, real=0.00 secs] 
141.005: Total time for which application threads were stopped: 0.0004740 seconds, Stopping threads took: 0.0000470 seconds
141.040: Application time: 0.0355700 seconds
141.040: [GC141.040: [ParNew: 7049K->394K(7424K), 0.0002890 secs] 10668K->4012K(23808K), 0.0003080 secs] [Times: user=0.00 sys=0.00, real=0.00 secs] 
141.041: Total time for which application threads were stopped: 0.0004050 seconds, Stopping threads took: 0.0000490 seconds
141.076: Application time: 0.0353110 seconds
141.076: [GC141.076: [ParNew: 7050K->391K(7424K), 0.0003670 secs] 10668K->4009K(23808K), 0.0003850 secs] [Times: user=0.00 sys=0.00, real=0.00 secs] 
141.076: Total time for which application threads were stopped: 0.0004910 seconds, Stopping threads took: 0.0000590 seconds
141.112: Application time: 0.0353050 seconds
141.112: [GC141.112: [ParNew: 7047K->340K(7424K), 0.0002590 secs] 10665K->4055K(23808K), 0.0002760 secs] [Times: user=0.00 sys=0.00, real=0.00 secs] 
141.112: Total time for which application threads were stopped: 0.0003650 seconds, Stopping threads took: 0.0000410 seconds
141.147: Application time: 0.0351740 seconds
141.147: [GC141.147: [ParNew: 6996K->169K(7424K), 0.0003550 secs] 10711K->4088K(23808K), 0.0003730 secs] [Times: user=0.01 sys=0.00, real=0.00 secs] 
141.148: Total time for which application threads were stopped: 0.0004670 seconds, Stopping threads took: 0.0000450 seconds
141.183: Application time: 0.0354760 seconds
141.183: [GC141.183: [ParNew: 6825K->168K(7424K), 0.0003130 secs] 10744K->4086K(23808K), 0.0003300 secs] [Times: user=0.00 sys=0.00, real=0.00 secs] 
141.184: Total time for which application threads were stopped: 0.0004300 seconds, Stopping threads took: 0.0000520 seconds
141.220: Application time: 0.0360960 seconds
141.220: [GC141.220: [ParNew: 6824K->168K(7424K), 0.0002410 secs] 10742K->4086K(23808K), 0.0002570 secs] [Times: user=0.00 sys=0.00, real=0.00 secs] 
141.220: Total time for which application threads were stopped: 0.0003490 seconds, Stopping threads took: 0.0000450 seconds
141.255: Application time: 0.0351790 seconds
141.255: [GC141.255: [ParNew: 6824K->163K(7424K), 0.0003010 secs] 10742K->4082K(23808K), 0.0003260 secs] [Times: user=0.01 sys=0.00, real=0.00 secs] 
141.256: Total time for which application threads were stopped: 0.0004170 seconds, Stopping threads took: 0.0000420 seconds
141.291: Application time: 0.0350140 seconds
141.291: [GC141.291: [ParNew: 6819K->166K(7424K), 0.0002970 secs] 10738K->4084K(23808K), 0.0003150 secs] [Times: user=0.00 sys=0.00, real=0.00 secs] 
141.291: Total time for which application threads were stopped: 0.0004170 seconds, Stopping threads took: 0.0000450 seconds
141.327: Application time: 0.0354270 seconds
141.327: [GC141.327: [ParNew: 6822K->195K(7424K), 0.0003350 secs] 10740K->4114K(23808K), 0.0003580 secs] [Times: user=0.00 sys=0.00, real=0.00 secs] 
141.327: Total time for which application threads were stopped: 0.0004700 seconds, Stopping threads took: 0.0000510 seconds
141.359: Application time: 0.0321140 seconds
141.359: [GC141.359: [ParNew: 6851K->365K(7424K), 0.0003530 secs] 10770K->4283K(23808K), 0.0003720 secs] [Times: user=0.00 sys=0.00, real=0.00 secs] 
141.360: Total time for which application threads were stopped: 0.0004620 seconds, Stopping threads took: 0.0000420 seconds
141.395: Application time: 0.0353490 seconds
141.395: [GC141.395: [ParNew: 7021K->399K(7424K), 0.0002780 secs] 10939K->4318K(23808K), 0.0002970 secs] [Times: user=0.00 sys=0.00, real=0.00 secs] 
141.395: Total time for which application threads were stopped: 0.0003850 seconds, Stopping threads took: 0.0000410 seconds
141.431: Application time: 0.0354980 seconds
141.431: [GC141.431: [ParNew: 7055K->390K(7424K), 0.0002730 secs] 10974K->4308K(23808K), 0.0002920 secs] [Times: user=0.01 sys=0.00, real=0.00 secs] 
141.431: Total time for which application threads were stopped: 0.0003820 seconds, Stopping threads took: 0.0000430 seconds
141.466: Application time: 0.0349940 seconds
141.466: [GC141.466: [ParNew: 7046K->390K(7424K), 0.0002640 secs] 10964K->4309K(23808K), 0.0002810 secs] [Times: user=0.00 sys=0.00, real=0.00 secs] 
141.467: Total time for which application threads were stopped: 0.0003670 seconds, Stopping threads took: 0.0000380 seconds
141.502: Application time: 0.0357630 seconds
141.502: [GC141.502: [ParNew: 7046K->395K(7424K), 0.0002750 secs] 10965K->4313K(23808K), 0.0002920 secs] [Times: user=0.01 sys=0.00, real=0.00 secs] 
141.503: Total time for which application threads were stopped: 0.0003760 seconds, Stopping threads took: 0.0000360 seconds
141.538: Application time: 0.0352860 seconds
141.538: [GC141.538: [ParNew: 7051K->400K(7424K), 0.0002850 secs] 10969K->4319K(23808K), 0.0003040 secs] [Times: user=0.00 sys=0.00, real=0.00 secs] 
141.538: Total time for which application threads were stopped: 0.0003970 seconds, Stopping threads took: 0.0000460 seconds
141.573: Application time: 0.0350210 seconds
141.574: [GC141.574: [ParNew: 7056K->386K(7424K), 0.0003090 secs] 10975K->4304K(23808K), 0.0003270 secs] [Times: user=0.00 sys=0.00, real=0.00 secs] 
141.574: Total time for which application threads were stopped: 0.0010040 seconds, Stopping threads took: 0.0006290 seconds
141.610: Application time: 0.0355690 seconds
141.610: [GC141.610: [ParNew: 7042K->390K(7424K), 0.0002790 secs] 10960K->4308K(23808K), 0.0002970 secs] [Times: user=0.00 sys=0.00, real=0.00 secs] 
141.610: Total time for which application threads were stopped: 0.0003890 seconds, Stopping threads took: 0.0000420 seconds
141.645: Application time: 0.0350380 seconds
141.646: [GC141.646: [ParNew: 7046K->393K(7424K), 0.0002550 secs] 10964K->4312K(23808K), 0.0002720 secs] [Times: user=0.00 sys=0.00, real=0.00 secs] 
141.646: Total time for which application threads were stopped: 0.0003580 seconds, Stopping threads took: 0.0000380 seconds
141.681: Application time: 0.0353200 seconds
141.681: [GC141.681: [ParNew: 7049K->401K(7424K), 0.0002630 secs] 10968K->4319K(23808K), 0.0002820 secs] [Times: user=0.01 sys=0.00, real=0.00 secs] 
141.682: Total time for which application threads were stopped: 0.0003750 seconds, Stopping threads took: 0.0000460 seconds
141.716: Application time: 0.0349460 seconds
141.717: [GC141.717: [ParNew: 7057K->368K(7424K), 0.0002920 secs] 10975K->4359K(23808K), 0.0003180 secs] [Times: user=0.00 sys=0.00, real=0.00 secs] 
141.717: Total time for which application threads were stopped: 0.0004060 seconds, Stopping threads took: 0.0000410 seconds
141.752: Application time: 0.0348610 seconds
141.752: [GC141.752: [ParNew: 7024K->371K(7424K), 0.0002700 secs] 11015K->4361K(23808K), 0.0002870 secs] [Times: user=0.00 sys=0.00, real=0.00 secs] 
141.752: Total time for which application threads were stopped: 0.0003810 seconds, Stopping threads took: 0.0000460 seconds
141.787: Application time: 0.0349860 seconds
141.787: [GC141.787: [ParNew: 7027K->369K(7424K), 0.0003350 secs] 11017K->4360K(23808K), 0.0003520 secs] [Times: user=0.00 sys=0.00, real=0.00 secs] 
141.788: Total time for which application threads were stopped: 0.0004420 seconds, Stopping threads took: 0.0000430 seconds
141.823: Application time: 0.0354680 seconds
141.823: [GC141.823: [ParNew: 7025K->360K(7424K), 0.0003290 secs] 11016K->4350K(23808K), 0.0003490 secs] [Times: user=0.00 sys=0.00, real=0.00 secs] 
141.823: Total time for which application threads were stopped: 0.0004390 seconds, Stopping threads took: 0.0000380 seconds
141.859: Application time: 0.0352750 seconds
141.859: [GC141.859: [ParNew: 7016K->366K(7424K), 0.0002760 secs] 11006K->4357K(23808K), 0.0002930 secs] [Times: user=0.01 sys=0.00, real=0.00 secs] 
141.859: Total time for which application threads were stopped: 0.0003840 seconds, Stopping threads took: 0.0000450 seconds
141.894: Application time: 0.0351130 seconds
141.894: [GC141.894: [ParNew: 7022K->198K(7424K), 0.0002890 secs] 11013K->4400K(23808K), 0.0003060 secs] [Times: user=0.01 sys=0.00, real=0.00 secs] 
141.895: Total time for which application threads were stopped: 0.0003960 seconds, Stopping threads took: 0.0000440 seconds
141.930: Application time: 0.0356680 seconds
141.930: [GC141.930: [ParNew: 6854K->165K(7424K), 0.0002390 secs] 11056K->4423K(23808K), 0.0002570 secs] [Times: user=0.00 sys=0.00, real=0.00 secs] 
141.931: Total time for which application threads were stopped: 0.0003460 seconds, Stopping threads took: 0.0000410 seconds
141.966: Application time: 0.0352010 seconds
141.966: [GC141.966: [ParNew: 6821K->156K(7424K), 0.0002400 secs] 11079K->4415K(23808K), 0.0002570 secs] [Times: user=0.01 sys=0.00, real=0.00 secs] 
141.966: Total time for which application threads were stopped: 0.0003360 seconds, Stopping threads took: 0.0000340 seconds
142.001: Application time: 0.0352480 seconds
142.002: [GC142.002: [ParNew: 6812K->164K(7424K), 0.0002240 secs] 11071K->4423K(23808K), 0.0002420 secs] [Times: user=0.00 sys=0.00, real=0.00 secs] 
142.002: Total time for which application threads were stopped: 0.0003400 seconds, Stopping threads took: 0.0000500 seconds
142.037: Application time: 0.0353440 seconds
142.037: [GC142.037: [ParNew: 6820K->168K(7424K), 0.0002200 secs] 11079K->4427K(23808K), 0.0002370 secs] [Times: user=0.00 sys=0.00, real=0.00 secs] 
142.037: Total time for which application threads were stopped: 0.0003330 seconds, Stopping threads took: 0.0000490 seconds
142.073: Application time: 0.0351820 seconds
142.074: [GC142.074: [ParNew: 6824K->148K(7424K), 0.0002610 secs] 11083K->4406K(23808K), 0.0002790 secs] [Times: user=0.01 sys=0.00, real=0.00 secs] 
142.074: Total time for which application threads were stopped: 0.0017530 seconds, Stopping threads took: 0.0014270 seconds
142.107: Application time: 0.0321200 seconds
142.107: [GC142.107: [ParNew: 6804K->295K(7424K), 0.0002570 secs] 11062K->4553K(23808K), 0.0002740 secs] [Times: user=0.00 sys=0.00, real=0.00 secs] 
142.107: Total time for which application threads were stopped: 0.0003620 seconds, Stopping threads took: 0.0000430 seconds
142.141: Application time: 0.0346000 seconds
142.142: [GC142.142: [ParNew: 6951K->394K(7424K), 0.0002930 secs] 11209K->4653K(23808K), 0.0003110 secs] [Times: user=0.00 sys=0.00, real=0.00 secs] 
142.142: Total time for which application threads were stopped: 0.0004080 seconds, Stopping threads took: 0.0000430 seconds
142.177: Application time: 0.0350980 seconds
142.177: [GC142.177: [ParNew: 7050K->391K(7424K), 0.0002790 secs] 11309K->4650K(23808K), 0.0002960 secs] [Times: user=0.00 sys=0.00, real=0.00 secs] 
142.177: Total time for which application threads were stopped: 0.0003860 seconds, Stopping threads took: 0.0000440 seconds
142.213: Application time: 0.0355270 seconds
142.213: [GC142.213: [ParNew: 7047K->394K(7424K), 0.0002630 secs] 11306K->4653K(23808K), 0.0002800 secs] [Times: user=0.00 sys=0.00, real=0.00 secs] 
142.213: Total time for which application threads were stopped: 0.0003860 seconds, Stopping threads took: 0.0000600 seconds
142.250: Application time: 0.0363840 seconds
142.250: [GC142.250: [ParNew: 7050K->404K(7424K), 0.0004240 secs] 11309K->4662K(23808K), 0.0004460 secs] [Times: user=0.00 sys=0.00, real=0.00 secs] 
142.250: Total time for which application threads were stopped: 0.0005570 seconds, Stopping threads took: 0.0000540 seconds
142.286: Application time: 0.0354720 seconds
142.286: [GC142.286: [ParNew: 7060K->394K(7424K), 0.0003400 secs] 11318K->4652K(23808K), 0.0003590 secs] [Times: user=0.00 sys=0.00, real=0.00 secs] 
142.286: Total time for which application threads were stopped: 0.0004650 seconds, Stopping threads took: 0.0000590 seconds
142.321: Application time: 0.0351010 seconds
142.321: [GC142.321: [ParNew: 7050K->404K(7424K), 0.0003530 secs] 11308K->4663K(23808K), 0.0003740 secs] [Times: user=0.01 sys=0.00, real=0.00 secs] 
142.322: Total time for which application threads were stopped: 0.0004890 seconds, Stopping threads took: 0.0000530 seconds
142.357: Application time: 0.0355530 seconds
142.357: [GC142.357: [ParNew: 7060K->146K(7424K), 0.0002920 secs] 11319K->4701K(23808K), 0.0003100 secs] [Times: user=0.00 sys=0.00, real=0.00 secs] 
142.358: Total time for which application threads were stopped: 0.0004280 seconds, Stopping threads took: 0.0000600 seconds
142.393: Application time: 0.0353110 seconds
142.393: [GC142.393: [ParNew: 6802K->134K(7424K), 0.0002500 secs] 11357K->4689K(23808K), 0.0002690 secs] [Times: user=0.00 sys=0.00, real=0.00 secs] 
142.393: Total time for which application threads were stopped: 0.0003510 seconds, Stopping threads took: 0.0000360 seconds
142.429: Application time: 0.0352040 seconds
142.429: [GC142.429: [ParNew: 6790K->143K(7424K), 0.0002330 secs] 11345K->4698K(23808K), 0.0002500 secs] [Times: user=0.00 sys=0.00, real=0.00 secs] 
142.429: Total time for which application threads were stopped: 0.0003460 seconds, Stopping threads took: 0.0000510 seconds
142.464: Application time: 0.0353520 seconds
142.464: [GC142.464: [ParNew: 6799K->159K(7424K), 0.0002300 secs] 11354K->4714K(23808K), 0.0002490 secs] [Times: user=0.00 sys=0.00, real=0.00 secs] 
142.465: Total time for which application threads were stopped: 0.0003410 seconds, Stopping threads took: 0.0000460 seconds
142.500: Application time: 0.0348570 seconds
142.500: [GC142.500: [ParNew: 6815K->226K(7424K), 0.0002390 secs] 11370K->4781K(23808K), 0.0002590 secs] [Times: user=0.00 sys=0.00, real=0.00 secs] 
142.500: Total time for which application threads were stopped: 0.0003450 seconds, Stopping threads took: 0.0000370 seconds
142.535: Application time: 0.0353140 seconds
142.535: [GC142.535: [ParNew: 6882K->212K(7424K), 0.0002340 secs] 11437K->4767K(23808K), 0.0002530 secs] [Times: user=0.01 sys=0.00, real=0.00 secs] 
142.536: Total time for which application threads were stopped: 0.0003410 seconds, Stopping threads took: 0.0000410 seconds
142.571: Application time: 0.0352130 seconds
142.571: [GC142.571: [ParNew: 6868K->222K(7424K), 0.0002460 secs] 11423K->4777K(23808K), 0.0002630 secs] [Times: user=0.01 sys=0.00, real=0.00 secs] 
142.571: Total time for which application threads were stopped: 0.0003520 seconds, Stopping threads took: 0.0000430 seconds
142.607: Application time: 0.0355060 seconds
142.610: [GC142.610: [ParNew: 6878K->229K(7424K), 0.0002370 secs] 11433K->4784K(23808K), 0.0002550 secs] [Times: user=0.00 sys=0.00, real=0.00 secs] 
142.610: Total time for which application threads were stopped: 0.0038100 seconds, Stopping threads took: 0.0035010 seconds
142.646: Application time: 0.0353200 seconds
142.646: [GC142.646: [ParNew: 6885K->232K(7424K), 0.0002380 secs] 11440K->4787K(23808K), 0.0002560 secs] [Times: user=0.01 sys=0.00, real=0.00 secs] 
142.646: Total time for which application threads were stopped: 0.0003410 seconds, Stopping threads took: 0.0000370 seconds
142.681: Application time: 0.0350810 seconds
142.681: [GC142.681: [ParNew: 6888K->164K(7424K), 0.0002270 secs] 11443K->4823K(23808K), 0.0002430 secs] [Times: user=0.00 sys=0.00, real=0.00 secs] 
142.681: Total time for which application threads were stopped: 0.0003340 seconds, Stopping threads took: 0.0000440 seconds
142.717: Application time: 0.0356110 seconds
142.717: [GC142.717: [ParNew: 6820K->167K(7424K), 0.0002290 secs] 11479K->4827K(23808K), 0.0002470 secs] [Times: user=0.00 sys=0.00, real=0.00 secs] 
142.717: Total time for which application threads were stopped: 0.0003380 seconds, Stopping threads took: 0.0000450 seconds
142.753: Application time: 0.0352400 seconds
142.753: [GC142.753: [ParNew: 6823K->167K(7424K), 0.0002920 secs] 11483K->4827K(23808K), 0.0003090 secs] [Times: user=0.00 sys=0.00, real=0.00 secs] 
142.753: Total time for which application threads were stopped: 0.0004010 seconds, Stopping threads took: 0.0000480 seconds
142.788: Application time: 0.0352170 seconds
142.788: [GC142.788: [ParNew: 6823K->171K(7424K), 0.0002230 secs] 11483K->4830K(23808K), 0.0002410 secs] [Times: user=0.00 sys=0.00, real=0.00 secs] 
142.789: Total time for which application threads were stopped: 0.0003280 seconds, Stopping threads took: 0.0000420 seconds
142.824: Application time: 0.0355850 seconds
142.824: [GC142.824: [ParNew: 6827K->166K(7424K), 0.0002280 secs] 11486K->4825K(23808K), 0.0002450 secs] [Times: user=0.01 sys=0.00, real=0.00 secs] 
142.825: Total time for which application threads were stopped: 0.0003380 seconds, Stopping threads took: 0.0000470 seconds
142.858: Application time: 0.0330790 seconds
142.858: [GC142.858: [ParNew: 6822K->250K(7424K), 0.0002230 secs] 11481K->4909K(23808K), 0.0002420 secs] [Times: user=0.00 sys=0.00, real=0.00 secs] 
142.858: Total time for which application threads were stopped: 0.0003340 seconds, Stopping threads took: 0.0000440 seconds
142.891: Application time: 0.0327060 seconds
142.891: [GC142.891: [ParNew: 6906K->402K(7424K), 0.0002930 secs] 11565K->5061K(23808K), 0.0003120 secs] [Times: user=0.01 sys=0.00, real=0.00 secs] 
142.891: Total time for which application threads were stopped: 0.0004150 seconds, Stopping threads took: 0.0000470 seconds
142.927: Application time: 0.0360240 seconds
142.927: [GC142.927: [ParNew: 7058K->239K(7424K), 0.0003050 secs] 11717K->5110K(23808K), 0.0003220 secs] [Times: user=0.00 sys=0.00, real=0.00 secs] 
142.928: Total time for which application threads were stopped: 0.0004140 seconds, Stopping threads took: 0.0000450 seconds
142.962: Application time: 0.0349460 seconds
142.963: [GC142.963: [ParNew: 6895K->224K(7424K), 0.0002630 secs] 11766K->5095K(23808K), 0.0002810 secs] [Times: user=0.00 sys=0.00, real=0.00 secs] 
142.963: Total time for which application threads were stopped: 0.0003660 seconds, Stopping threads took: 0.0000410 seconds
142.998: Application time: 0.0349600 seconds
142.998: [GC142.998: [ParNew: 6880K->231K(7424K), 0.0002540 secs] 11751K->5103K(23808K), 0.0002720 secs] [Times: user=0.00 sys=0.00, real=0.00 secs] 
142.998: Total time for which application threads were stopped: 0.0003650 seconds, Stopping threads took: 0.0000450 seconds
143.034: Application time: 0.0357350 seconds
143.034: [GC143.034: [ParNew: 6887K->234K(7424K), 0.0002190 secs] 11759K->5105K(23808K), 0.0002380 secs] [Times: user=0.00 sys=0.00, real=0.01 secs] 
143.034: Total time for which application threads were stopped: 0.0003340 seconds, Stopping threads took: 0.0000480 seconds
143.069: Application time: 0.0352060 seconds
143.070: [GC143.070: [ParNew: 6890K->221K(7424K), 0.0003370 secs] 11761K->5092K(23808K), 0.0003530 secs] [Times: user=0.00 sys=0.00, real=0.00 secs] 
143.070: Total time for which application threads were stopped: 0.0004430 seconds, Stopping threads took: 0.0000450 seconds
143.105: Application time: 0.0351660 seconds
143.105: [GC143.105: [ParNew: 6877K->231K(7424K), 0.0002400 secs] 11748K->5103K(23808K), 0.0002580 secs] [Times: user=0.00 sys=0.00, real=0.00 secs] 
143.105: Total time for which application threads were stopped: 0.0003350 seconds, Stopping threads took: 0.0000320 seconds
143.141: Application time: 0.0354370 seconds
143.141: [GC143.141: [ParNew: 6887K->234K(7424K), 0.0002890 secs] 11759K->5106K(23808K), 0.0003060 secs] [Times: user=0.01 sys=0.00, real=0.00 secs] 
143.141: Total time for which application threads were stopped: 0.0003880 seconds, Stopping threads took: 0.0000370 seconds
143.177: Application time: 0.0354560 seconds
143.177: [GC143.177: [ParNew: 6890K->234K(7424K), 0.0002240 secs] 11762K->5105K(23808K), 0.0002410 secs] [Times: user=0.00 sys=0.00, real=0.00 secs] 
143.177: Total time for which application threads were stopped: 0.0003310 seconds, Stopping threads took: 0.0000440 seconds
143.212: Application time: 0.0349970 seconds
143.212: [GC143.212: [ParNew: 6890K->242K(7424K), 0.0002240 secs] 11761K->5113K(23808K), 0.0002420 secs] [Times: user=0.00 sys=0.00, real=0.00 secs] 
143.212: Total time for which application threads were stopped: 0.0003250 seconds, Stopping threads took: 0.0000360 seconds
143.247: Application time: 0.0349320 seconds
143.247: [GC143.247: [ParNew: 6898K->277K(7424K), 0.0002800 secs] 11769K->5148K(23808K), 0.0002990 secs] [Times: user=0.00 sys=0.00, real=0.00 secs] 
143.248: Total time for which application threads were stopped: 0.0003910 seconds, Stopping threads took: 0.0000420 seconds
143.283: Application time: 0.0349220 seconds
143.283: [GC143.283: [ParNew: 6933K->285K(7424K), 0.0002490 secs] 11804K->5156K(23808K), 0.0002660 secs] [Times: user=0.00 sys=0.00, real=0.00 secs] 
143.283: Total time for which application threads were stopped: 0.0003630 seconds, Stopping threads took: 0.0000500 seconds
143.319: Application time: 0.0358750 seconds
143.319: [GC143.319: [ParNew: 6941K->286K(7424K), 0.0003110 secs] 11812K->5158K(23808K), 0.0003350 secs] [Times: user=0.00 sys=0.00, real=0.00 secs] 
143.319: Total time for which application threads were stopped: 0.0004460 seconds, Stopping threads took: 0.0000500 seconds
143.355: Application time: 0.0352840 seconds
143.355: [GC143.355: [ParNew: 6942K->289K(7424K), 0.0002650 secs] 11814K->5160K(23808K), 0.0002850 secs] [Times: user=0.00 sys=0.00, real=0.00 secs] 
143.355: Total time for which application threads were stopped: 0.0003910 seconds, Stopping threads took: 0.0000530 seconds
143.390: Application time: 0.0352190 seconds
143.390: [GC143.390: [ParNew: 6945K->276K(7424K), 0.0002560 secs] 11816K->5148K(23808K), 0.0002740 secs] [Times: user=0.00 sys=0.00, real=0.00 secs] 
143.391: Total time for which application threads were stopped: 0.0003620 seconds, Stopping threads took: 0.0000390 seconds
143.426: Application time: 0.0357170 seconds
143.426: [GC143.426: [ParNew: 6932K->168K(7424K), 0.0002690 secs] 11804K->5200K(23808K), 0.0002870 secs] [Times: user=0.01 sys=0.00, real=0.00 secs] 
143.427: Total time for which application threads were stopped: 0.0003870 seconds, Stopping threads took: 0.0000420 seconds
143.462: Application time: 0.0352500 seconds
143.462: [GC143.462: [ParNew: 6824K->161K(7424K), 0.0002400 secs] 11856K->5193K(23808K), 0.0002570 secs] [Times: user=0.00 sys=0.00, real=0.01 secs] 
143.462: Total time for which application threads were stopped: 0.0003620 seconds, Stopping threads took: 0.0000590 seconds
143.497: Application time: 0.0349950 seconds
143.497: [GC143.497: [ParNew: 6817K->159K(7424K), 0.0002230 secs] 11849K->5191K(23808K), 0.0002400 secs] [Times: user=0.00 sys=0.00, real=0.00 secs] 
143.498: Total time for which application threads were stopped: 0.0003300 seconds, Stopping threads took: 0.0000440 seconds
143.533: Application time: 0.0355100 seconds
143.533: [GC143.533: [ParNew: 6815K->167K(7424K), 0.0002330 secs] 11846K->5199K(23808K), 0.0002570 secs] [Times: user=0.00 sys=0.00, real=0.00 secs] 
143.533: Total time for which application threads were stopped: 0.0003460 seconds, Stopping threads took: 0.0000440 seconds
143.569: Application time: 0.0353920 seconds
143.569: [GC143.569: [ParNew: 6823K->169K(7424K), 0.0002420 secs] 11855K->5201K(23808K), 0.0002590 secs] [Times: user=0.00 sys=0.00, real=0.00 secs] 
143.569: Total time for which application threads were stopped: 0.0003560 seconds, Stopping threads took: 0.0000520 seconds
143.603: Application time: 0.0337010 seconds
143.603: [GC143.603: [ParNew: 6825K->253K(7424K), 0.0003160 secs] 11857K->5284K(23808K), 0.0003330 secs] [Times: user=0.00 sys=0.00, real=0.00 secs] 
143.603: Total time for which application threads were stopped: 0.0004330 seconds, Stopping threads took: 0.0000500 seconds
143.636: Application time: 0.0327830 seconds
143.636: [GC143.636: [ParNew: 6900K->384K(7424K), 0.0003760 secs] 11932K->5416K(23808K), 0.0003960 secs] [Times: user=0.00 sys=0.00, real=0.00 secs] 
143.637: Total time for which application threads were stopped: 0.0004970 seconds, Stopping threads took: 0.0000540 seconds
143.672: Application time: 0.0353100 seconds
143.672: [GC143.672: [ParNew: 7040K->397K(7424K), 0.0002930 secs] 12072K->5428K(23808K), 0.0003090 secs] [Times: user=0.01 sys=0.00, real=0.00 secs] 
143.672: Total time for which application threads were stopped: 0.0003970 seconds, Stopping threads took: 0.0000430 seconds
143.708: Application time: 0.0353120 seconds
143.708: [GC143.708: [ParNew: 7053K->398K(7424K), 0.0002600 secs] 12084K->5430K(23808K), 0.0002770 secs] [Times: user=0.00 sys=0.00, real=0.00 secs] 
143.708: Total time for which application threads were stopped: 0.0003700 seconds, Stopping threads took: 0.0000480 seconds
143.744: Application time: 0.0363960 seconds
143.745: [GC143.745: [ParNew: 7054K->399K(7424K), 0.0003290 secs] 12086K->5431K(23808K), 0.0003510 secs] [Times: user=0.01 sys=0.00, real=0.00 secs] 
143.746: Total time for which application threads were stopped: 0.0013060 seconds, Stopping threads took: 0.0008890 seconds
143.781: Application time: 0.0351530 seconds
143.781: [GC143.781: [ParNew: 7055K->393K(7424K), 0.0003410 secs] 12087K->5425K(23808K), 0.0003560 secs] [Times: user=0.00 sys=0.00, real=0.00 secs] 
143.781: Total time for which application threads were stopped: 0.0004400 seconds, Stopping threads took: 0.0000410 seconds
143.817: Application time: 0.0352160 seconds
143.817: [GC143.817: [ParNew: 7049K->395K(7424K), 0.0003340 secs] 12081K->5427K(23808K), 0.0003520 secs] [Times: user=0.00 sys=0.00, real=0.00 secs] 
143.817: Total time for which application threads were stopped: 0.0004380 seconds, Stopping threads took: 0.0000390 seconds
143.852: Application time: 0.0354310 seconds
143.852: [GC143.852: [ParNew: 7051K->262K(7424K), 0.0003670 secs] 12083K->5454K(23808K), 0.0003840 secs] [Times: user=0.00 sys=0.00, real=0.00 secs] 
143.853: Total time for which application threads were stopped: 0.0004710 seconds, Stopping threads took: 0.0000420 seconds
143.888: Application time: 0.0351930 seconds
143.888: [GC143.888: [ParNew: 6918K->259K(7424K), 0.0003340 secs] 12110K->5451K(23808K), 0.0003510 secs] [Times: user=0.00 sys=0.00, real=0.00 secs] 
143.889: Total time for which application threads were stopped: 0.0004520 seconds, Stopping threads took: 0.0000530 seconds
143.924: Application time: 0.0354850 seconds
143.924: [GC143.924: [ParNew: 6915K->262K(7424K), 0.0002250 secs] 12107K->5454K(23808K), 0.0002410 secs] [Times: user=0.00 sys=0.00, real=0.00 secs] 
143.924: Total time for which application threads were stopped: 0.0003480 seconds, Stopping threads took: 0.0000600 seconds
143.960: Application time: 0.0353730 seconds
143.960: [GC143.960: [ParNew: 6918K->257K(7424K), 0.0002380 secs] 12110K->5448K(23808K), 0.0002550 secs] [Times: user=0.01 sys=0.00, real=0.00 secs] 
143.960: Total time for which application threads were stopped: 0.0003550 seconds, Stopping threads took: 0.0000430 seconds
143.995: Application time: 0.0348580 seconds
143.995: [GC143.995: [ParNew: 6913K->312K(7424K), 0.0002650 secs] 12104K->5503K(23808K), 0.0002910 secs] [Times: user=0.01 sys=0.00, real=0.00 secs] 
143.995: Total time for which application threads were stopped: 0.0003900 seconds, Stopping threads took: 0.0000500 seconds
144.030: Application time: 0.0349930 seconds
144.030: [GC144.030: [ParNew: 6968K->311K(7424K), 0.0003240 secs] 12159K->5503K(23808K), 0.0003410 secs] [Times: user=0.00 sys=0.00, real=0.00 secs] 
144.031: Total time for which application threads were stopped: 0.0004240 seconds, Stopping threads took: 0.0000350 seconds
144.066: Application time: 0.0351570 seconds
144.066: [GC144.066: [ParNew: 6967K->311K(7424K), 0.0002390 secs] 12159K->5502K(23808K), 0.0002560 secs] [Times: user=0.00 sys=0.01, real=0.00 secs] 
144.066: Total time for which application threads were stopped: 0.0003460 seconds, Stopping threads took: 0.0000440 seconds
144.101: Application time: 0.0352160 seconds
144.102: [GC144.102: [ParNew: 6967K->308K(7424K), 0.0003080 secs] 12158K->5499K(23808K), 0.0003230 secs] [Times: user=0.00 sys=0.00, real=0.00 secs] 
144.102: Total time for which application threads were stopped: 0.0004130 seconds, Stopping threads took: 0.0000470 seconds
144.137: Application time: 0.0355210 seconds
144.137: [GC144.137: [ParNew: 6964K->306K(7424K), 0.0003050 secs] 12155K->5497K(23808K), 0.0003230 secs] [Times: user=0.00 sys=0.00, real=0.00 secs] 
144.138: Total time for which application threads were stopped: 0.0004300 seconds, Stopping threads took: 0.0000610 seconds
144.173: Application time: 0.0352240 seconds
144.173: [GC144.173: [ParNew: 6962K->162K(7424K), 0.0002650 secs] 12153K->5542K(23808K), 0.0002830 secs] [Times: user=0.01 sys=0.00, real=0.00 secs] 
144.173: Total time for which application threads were stopped: 0.0003690 seconds, Stopping threads took: 0.0000410 seconds
144.208: Application time: 0.0350400 seconds
144.209: [GC144.209: [ParNew: 6818K->166K(7424K), 0.0002300 secs] 12198K->5546K(23808K), 0.0002460 secs] [Times: user=0.00 sys=0.00, real=0.00 secs] 
144.209: Total time for which application threads were stopped: 0.0003500 seconds, Stopping threads took: 0.0000590 seconds
144.245: Application time: 0.0357550 seconds
144.245: [GC144.245: [ParNew: 6822K->164K(7424K), 0.0002440 secs] 12202K->5544K(23808K), 0.0002600 secs] [Times: user=0.00 sys=0.00, real=0.00 secs] 
144.245: Total time for which application threads were stopped: 0.0003430 seconds, Stopping threads took: 0.0000380 seconds
144.280: Application time: 0.0349990 seconds
144.280: [GC144.280: [ParNew: 6820K->157K(7424K), 0.0002320 secs] 12200K->5537K(23808K), 0.0002470 secs] [Times: user=0.00 sys=0.00, real=0.00 secs] 
144.280: Total time for which application threads were stopped: 0.0003350 seconds, Stopping threads took: 0.0000440 seconds
144.316: Application time: 0.0354610 seconds
144.316: [GC144.316: [ParNew: 6813K->161K(7424K), 0.0002810 secs] 12193K->5541K(23808K), 0.0003030 secs] [Times: user=0.01 sys=0.00, real=0.00 secs] 
144.316: Total time for which application threads were stopped: 0.0004200 seconds, Stopping threads took: 0.0000560 seconds
144.351: Application time: 0.0343720 seconds
144.351: [GC144.351: [ParNew: 6817K->220K(7424K), 0.0002210 secs] 12197K->5600K(23808K), 0.0002370 secs] [Times: user=0.00 sys=0.00, real=0.00 secs] 
144.351: Total time for which application threads were stopped: 0.0003260 seconds, Stopping threads took: 0.0000420 seconds
144.383: Application time: 0.0326310 seconds
144.384: [GC144.384: [ParNew: 6876K->368K(7424K), 0.0002800 secs] 12256K->5747K(23808K), 0.0002980 secs] [Times: user=0.00 sys=0.00, real=0.00 secs] 
144.384: Total time for which application threads were stopped: 0.0003980 seconds, Stopping threads took: 0.0000510 seconds
144.419: Application time: 0.0347900 seconds
144.419: [GC144.419: [ParNew: 7024K->406K(7424K), 0.0002840 secs] 12403K->5786K(23808K), 0.0003020 secs] [Times: user=0.00 sys=0.00, real=0.00 secs] 
144.419: Total time for which application threads were stopped: 0.0003870 seconds, Stopping threads took: 0.0000380 seconds
144.454: Application time: 0.0354310 seconds
144.455: [GC144.455: [ParNew: 7062K->388K(7424K), 0.0002620 secs] 12442K->5768K(23808K), 0.0002880 secs] [Times: user=0.01 sys=0.00, real=0.00 secs] 
144.455: Total time for which application threads were stopped: 0.0003880 seconds, Stopping threads took: 0.0000510 seconds
144.490: Application time: 0.0351790 seconds
144.490: [GC144.490: [ParNew: 7044K->397K(7424K), 0.0002720 secs] 12424K->5777K(23808K), 0.0002900 secs] [Times: user=0.00 sys=0.00, real=0.00 secs] 
144.490: Total time for which application threads were stopped: 0.0003930 seconds, Stopping threads took: 0.0000430 seconds
144.526: Application time: 0.0352650 seconds
144.526: [GC144.526: [ParNew: 7053K->311K(7424K), 0.0002690 secs] 12433K->5811K(23808K), 0.0002870 secs] [Times: user=0.00 sys=0.00, real=0.00 secs] 
144.526: Total time for which application threads were stopped: 0.0003750 seconds, Stopping threads took: 0.0000410 seconds
144.562: Application time: 0.0354390 seconds
144.562: [GC144.562: [ParNew: 6967K->313K(7424K), 0.0002390 secs] 12467K->5813K(23808K), 0.0002550 secs] [Times: user=0.01 sys=0.00, real=0.00 secs] 
144.562: Total time for which application threads were stopped: 0.0003450 seconds, Stopping threads took: 0.0000440 seconds
144.597: Application time: 0.0353640 seconds
144.597: [GC144.597: [ParNew: 6969K->313K(7424K), 0.0002570 secs] 12469K->5813K(23808K), 0.0002760 secs] [Times: user=0.00 sys=0.00, real=0.00 secs] 
144.598: Total time for which application threads were stopped: 0.0003610 seconds, Stopping threads took: 0.0000370 seconds
144.633: Application time: 0.0351540 seconds
144.633: [GC144.633: [ParNew: 6969K->309K(7424K), 0.0002670 secs] 12469K->5809K(23808K), 0.0002850 secs] [Times: user=0.00 sys=0.00, real=0.00 secs] 
144.633: Total time for which application threads were stopped: 0.0003740 seconds, Stopping threads took: 0.0000430 seconds
144.669: Application time: 0.0354120 seconds
144.669: [GC144.669: [ParNew: 6965K->306K(7424K), 0.0002590 secs] 12465K->5806K(23808K), 0.0002760 secs] [Times: user=0.00 sys=0.00, real=0.00 secs] 
144.669: Total time for which application threads were stopped: 0.0003580 seconds, Stopping threads took: 0.0000370 seconds
144.705: Application time: 0.0356350 seconds
144.705: [GC144.705: [ParNew: 6962K->294K(7424K), 0.0002630 secs] 12462K->5794K(23808K), 0.0002820 secs] [Times: user=0.00 sys=0.00, real=0.00 secs] 
144.705: Total time for which application threads were stopped: 0.0003880 seconds, Stopping threads took: 0.0000570 seconds
144.740: Application time: 0.0349770 seconds
144.742: [GC144.742: [ParNew: 6950K->320K(7424K), 0.0002860 secs] 12450K->5820K(23808K), 0.0003040 secs] [Times: user=0.00 sys=0.00, real=0.00 secs] 
144.742: Total time for which application threads were stopped: 0.0025290 seconds, Stopping threads took: 0.0021730 seconds
144.777: Application time: 0.0348180 seconds
144.777: [GC144.777: [ParNew: 6976K->340K(7424K), 0.0002780 secs] 12476K->5840K(23808K), 0.0002970 secs] [Times: user=0.00 sys=0.00, real=0.00 secs] 
144.778: Total time for which application threads were stopped: 0.0003880 seconds, Stopping threads took: 0.0000410 seconds
144.813: Application time: 0.0353420 seconds
144.813: [GC144.813: [ParNew: 6996K->330K(7424K), 0.0002740 secs] 12496K->5830K(23808K), 0.0002920 secs] [Times: user=0.00 sys=0.00, real=0.00 secs] 
144.813: Total time for which application threads were stopped: 0.0003940 seconds, Stopping threads took: 0.0000550 seconds
144.849: Application time: 0.0354550 seconds
144.849: [GC144.849: [ParNew: 6986K->340K(7424K), 0.0002340 secs] 12486K->5840K(23808K), 0.0002510 secs] [Times: user=0.00 sys=0.00, real=0.00 secs] 
144.849: Total time for which application threads were stopped: 0.0003450 seconds, Stopping threads took: 0.0000500 seconds
144.884: Application time: 0.0350810 seconds
144.884: [GC144.884: [ParNew: 6996K->339K(7424K), 0.0002720 secs] 12496K->5839K(23808K), 0.0002900 secs] [Times: user=0.01 sys=0.00, real=0.00 secs] 
144.885: Total time for which application threads were stopped: 0.0003850 seconds, Stopping threads took: 0.0000400 seconds
144.920: Application time: 0.0350360 seconds
144.920: [GC144.920: [ParNew: 6995K->204K(7424K), 0.0002740 secs] 12495K->5888K(23808K), 0.0002930 secs] [Times: user=0.00 sys=0.00, real=0.00 secs] 
144.920: Total time for which application threads were stopped: 0.0003930 seconds, Stopping threads took: 0.0000530 seconds
144.955: Application time: 0.0353210 seconds
144.955: [GC144.955: [ParNew: 6860K->160K(7424K), 0.0003040 secs] 12544K->5885K(23808K), 0.0003210 secs] [Times: user=0.00 sys=0.00, real=0.00 secs] 
144.956: Total time for which application threads were stopped: 0.0004150 seconds, Stopping threads took: 0.0000500 seconds
144.991: Application time: 0.0356250 seconds
144.992: [GC144.992: [ParNew: 6816K->162K(7424K), 0.0002370 secs] 12541K->5886K(23808K), 0.0002530 secs] [Times: user=0.00 sys=0.00, real=0.00 secs] 
144.992: Total time for which application threads were stopped: 0.0003420 seconds, Stopping threads took: 0.0000370 seconds
145.028: Application time: 0.0357200 seconds
145.028: [GC145.028: [ParNew: 6818K->160K(7424K), 0.0002520 secs] 12542K->5884K(23808K), 0.0002690 secs] [Times: user=0.00 sys=0.00, real=0.00 secs] 
145.028: Total time for which application threads were stopped: 0.0003600 seconds, Stopping threads took: 0.0000460 seconds
145.063: Application time: 0.0350180 seconds
145.063: [GC145.063: [ParNew: 6816K->158K(7424K), 0.0002270 secs] 12540K->5882K(23808K), 0.0002440 secs] [Times: user=0.00 sys=0.00, real=0.00 secs] 
145.063: Total time for which application threads were stopped: 0.0003310 seconds, Stopping threads took: 0.0000420 seconds
145.099: Application time: 0.0358680 seconds
145.099: [GC145.099: [ParNew: 6814K->162K(7424K), 0.0002350 secs] 12538K->5886K(23808K), 0.0002530 secs] [Times: user=0.00 sys=0.00, real=0.00 secs] 
145.099: Total time for which application threads were stopped: 0.0003500 seconds, Stopping threads took: 0.0000500 seconds
145.131: Application time: 0.0319930 seconds
145.132: [GC145.132: [ParNew: 6818K->324K(7424K), 0.0003250 secs] 12542K->6048K(23808K), 0.0003450 secs] [Times: user=0.00 sys=0.00, real=0.00 secs] 
145.132: Total time for which application threads were stopped: 0.0004400 seconds, Stopping threads took: 0.0000460 seconds
145.166: Application time: 0.0339340 seconds
145.166: [GC145.166: [ParNew: 6980K->393K(7424K), 0.0002950 secs] 12704K->6117K(23808K), 0.0003130 secs] [Times: user=0.00 sys=0.00, real=0.00 secs] 
145.166: Total time for which application threads were stopped: 0.0004100 seconds, Stopping threads took: 0.0000470 seconds
145.202: Application time: 0.0356460 seconds
145.202: [GC145.202: [ParNew: 7049K->403K(7424K), 0.0002840 secs] 12773K->6127K(23808K), 0.0003020 secs] [Times: user=0.00 sys=0.00, real=0.01 secs] 
145.202: Total time for which application threads were stopped: 0.0003910 seconds, Stopping threads took: 0.0000420 seconds
145.238: Application time: 0.0354240 seconds
145.238: [GC145.238: [ParNew: 7059K->127K(7424K), 0.0003900 secs] 12783K->6163K(23808K), 0.0004080 secs] [Times: user=0.00 sys=0.00, real=0.00 secs] 
145.238: Total time for which application threads were stopped: 0.0005070 seconds, Stopping threads took: 0.0000500 seconds
145.275: Application time: 0.0364420 seconds
145.275: [GC145.275: [ParNew: 6783K->118K(7424K), 0.0002570 secs] 12819K->6154K(23808K), 0.0002770 secs] [Times: user=0.01 sys=0.00, real=0.00 secs] 
145.275: Total time for which application threads were stopped: 0.0003800 seconds, Stopping threads took: 0.0000480 seconds
145.311: Application time: 0.0356390 seconds
145.312: [GC145.312: [ParNew: 6774K->129K(7424K), 0.0002680 secs] 12810K->6165K(23808K), 0.0003010 secs] [Times: user=0.00 sys=0.00, real=0.00 secs] 
145.312: Total time for which application threads were stopped: 0.0012890 seconds, Stopping threads took: 0.0009180 seconds
145.347: Application time: 0.0353910 seconds
145.347: [GC145.347: [ParNew: 6785K->123K(7424K), 0.0002640 secs] 12821K->6159K(23808K), 0.0002820 secs] [Times: user=0.00 sys=0.00, real=0.00 secs] 
145.348: Total time for which application threads were stopped: 0.0003840 seconds, Stopping threads took: 0.0000440 seconds
145.383: Application time: 0.0351620 seconds
145.383: [GC145.383: [ParNew: 6779K->129K(7424K), 0.0002150 secs] 12815K->6165K(23808K), 0.0002310 secs] [Times: user=0.00 sys=0.00, real=0.00 secs] 
145.383: Total time for which application threads were stopped: 0.0003130 seconds, Stopping threads took: 0.0000400 seconds
145.418: Application time: 0.0352280 seconds
145.419: [GC145.419: [ParNew: 6785K->124K(7424K), 0.0002260 secs] 12821K->6160K(23808K), 0.0002440 secs] [Times: user=0.00 sys=0.00, real=0.00 secs] 
145.419: Total time for which application threads were stopped: 0.0003420 seconds, Stopping threads took: 0.0000520 seconds
145.454: Application time: 0.0352640 seconds
145.454: [GC145.454: [ParNew: 6780K->128K(7424K), 0.0001860 secs] 12816K->6164K(23808K), 0.0002040 secs] [Times: user=0.00 sys=0.00, real=0.00 secs] 
145.454: Total time for which application threads were stopped: 0.0002860 seconds, Stopping threads took: 0.0000380 seconds
145.490: Application time: 0.0353330 seconds
145.490: [GC145.490: [ParNew: 6784K->159K(7424K), 0.0002150 secs] 12820K->6196K(23808K), 0.0002330 secs] [Times: user=0.00 sys=0.00, real=0.00 secs] 
145.490: Total time for which application threads were stopped: 0.0003320 seconds, Stopping threads took: 0.0000500 seconds
145.524: Application time: 0.0343170 seconds
145.524: [GC145.524: [ParNew: 6815K->225K(7424K), 0.0002660 secs] 12852K->6262K(23808K), 0.0002840 secs] [Times: user=0.00 sys=0.00, real=0.00 secs] 
145.525: Total time for which application threads were stopped: 0.0003900 seconds, Stopping threads took: 0.0000460 seconds
145.560: Application time: 0.0354520 seconds
145.560: [GC145.560: [ParNew: 6881K->226K(7424K), 0.0002980 secs] 12918K->6262K(23808K), 0.0003150 secs] [Times: user=0.00 sys=0.00, real=0.00 secs] 
145.561: Total time for which application threads were stopped: 0.0004060 seconds, Stopping threads took: 0.0000460 seconds
145.596: Application time: 0.0354110 seconds
145.596: [GC145.596: [ParNew: 6882K->215K(7424K), 0.0003850 secs] 12918K->6251K(23808K), 0.0004020 secs] [Times: user=0.01 sys=0.00, real=0.00 secs] 
145.596: Total time for which application threads were stopped: 0.0004870 seconds, Stopping threads took: 0.0000420 seconds
145.632: Application time: 0.0352620 seconds
145.632: [GC145.632: [ParNew: 6871K->219K(7424K), 0.0003110 secs] 12907K->6255K(23808K), 0.0003290 secs] [Times: user=0.00 sys=0.00, real=0.00 secs] 
145.632: Total time for which application threads were stopped: 0.0004170 seconds, Stopping threads took: 0.0000420 seconds
145.668: Application time: 0.0353620 seconds
145.668: [GC145.668: [ParNew: 6875K->228K(7424K), 0.0002460 secs] 12911K->6264K(23808K), 0.0002650 secs] [Times: user=0.00 sys=0.00, real=0.00 secs] 
145.668: Total time for which application threads were stopped: 0.0003670 seconds, Stopping threads took: 0.0000530 seconds
145.703: Application time: 0.0351970 seconds
145.703: [GC145.703: [ParNew: 6884K->157K(7424K), 0.0002650 secs] 12920K->6285K(23808K), 0.0002820 secs] [Times: user=0.00 sys=0.00, real=0.00 secs] 
145.703: Total time for which application threads were stopped: 0.0003700 seconds, Stopping threads took: 0.0000420 seconds
145.739: Application time: 0.0353400 seconds
145.739: [GC145.739: [ParNew: 6813K->161K(7424K), 0.0003020 secs] 12941K->6289K(23808K), 0.0003200 secs] [Times: user=0.00 sys=0.00, real=0.00 secs] 
145.739: Total time for which application threads were stopped: 0.0004160 seconds, Stopping threads took: 0.0000490 seconds
145.774: Application time: 0.0352470 seconds
145.775: [GC145.775: [ParNew: 6817K->164K(7424K), 0.0003490 secs] 12945K->6292K(23808K), 0.0003660 secs] [Times: user=0.00 sys=0.00, real=0.00 secs] 
145.775: Total time for which application threads were stopped: 0.0004590 seconds, Stopping threads took: 0.0000460 seconds
145.810: Application time: 0.0353820 seconds
145.810: [GC145.810: [ParNew: 6820K->167K(7424K), 0.0002340 secs] 12948K->6296K(23808K), 0.0002600 secs] [Times: user=0.00 sys=0.00, real=0.00 secs] 
145.811: Total time for which application threads were stopped: 0.0003480 seconds, Stopping threads took: 0.0000410 seconds
145.846: Application time: 0.0354120 seconds
145.846: [GC145.846: [ParNew: 6823K->162K(7424K), 0.0002300 secs] 12952K->6290K(23808K), 0.0002470 secs] [Times: user=0.00 sys=0.00, real=0.00 secs] 
145.846: Total time for which application threads were stopped: 0.0003270 seconds, Stopping threads took: 0.0000350 seconds
145.879: Application time: 0.0321450 seconds
145.879: [GC145.879: [ParNew: 6818K->334K(7424K), 0.0002630 secs] 12946K->6463K(23808K), 0.0002810 secs] [Times: user=0.01 sys=0.00, real=0.00 secs] 
145.879: Total time for which application threads were stopped: 0.0003790 seconds, Stopping threads took: 0.0000470 seconds
145.913: Application time: 0.0342020 seconds
145.913: [GC145.913: [ParNew: 6990K->391K(7424K), 0.0003440 secs] 13119K->6519K(23808K), 0.0003630 secs] [Times: user=0.01 sys=0.00, real=0.00 secs] 
145.914: Total time for which application threads were stopped: 0.0004480 seconds, Stopping threads took: 0.0000360 seconds
145.949: Application time: 0.0354230 seconds
145.949: [GC145.949: [ParNew: 7047K->390K(7424K), 0.0003870 secs] 13175K->6519K(23808K), 0.0004040 secs] [Times: user=0.00 sys=0.00, real=0.00 secs] 
145.949: Total time for which application threads were stopped: 0.0005000 seconds, Stopping threads took: 0.0000500 seconds
145.985: Application time: 0.0352770 seconds
145.985: [GC145.985: [ParNew: 7046K->387K(7424K), 0.0003480 secs] 13175K->6515K(23808K), 0.0003640 secs] [Times: user=0.01 sys=0.00, real=0.00 secs] 
145.985: Total time for which application threads were stopped: 0.0004560 seconds, Stopping threads took: 0.0000440 seconds
146.020: Application time: 0.0351390 seconds
146.020: [GC146.020: [ParNew: 7043K->390K(7424K), 0.0002840 secs] 13171K->6518K(23808K), 0.0003000 secs] [Times: user=0.01 sys=0.00, real=0.00 secs] 
146.021: Total time for which application threads were stopped: 0.0003920 seconds, Stopping threads took: 0.0000440 seconds
146.056: Application time: 0.0352070 seconds
146.056: [GC146.056: [ParNew: 7046K->404K(7424K), 0.0003000 secs] 13174K->6532K(23808K), 0.0003170 secs] [Times: user=0.00 sys=0.00, real=0.00 secs] 
146.056: Total time for which application threads were stopped: 0.0004190 seconds, Stopping threads took: 0.0000430 seconds
146.092: Application time: 0.0352770 seconds
146.092: [GC146.092: [ParNew: 7060K->392K(7424K), 0.0003240 secs] 13188K->6520K(23808K), 0.0003420 secs] [Times: user=0.00 sys=0.00, real=0.00 secs] 
146.092: Total time for which application threads were stopped: 0.0004310 seconds, Stopping threads took: 0.0000410 seconds
146.127: Application time: 0.0351000 seconds
146.127: [GC146.127: [ParNew: 7048K->397K(7424K), 0.0002910 secs] 13176K->6525K(23808K), 0.0003090 secs] [Times: user=0.00 sys=0.00, real=0.00 secs] 
146.128: Total time for which application threads were stopped: 0.0004170 seconds, Stopping threads took: 0.0000620 seconds
146.163: Application time: 0.0353690 seconds
146.163: [GC146.163: [ParNew: 7053K->393K(7424K), 0.0002860 secs] 13181K->6521K(23808K), 0.0003040 secs] [Times: user=0.00 sys=0.00, real=0.00 secs] 
146.163: Total time for which application threads were stopped: 0.0004110 seconds, Stopping threads took: 0.0000570 seconds
146.199: Application time: 0.0355520 seconds
146.199: [GC146.199: [ParNew: 7049K->390K(7424K), 0.0003740 secs] 13177K->6519K(23808K), 0.0003910 secs] [Times: user=0.00 sys=0.00, real=0.00 secs] 
146.199: Total time for which application threads were stopped: 0.0004790 seconds, Stopping threads took: 0.0000410 seconds
146.235: Application time: 0.0356630 seconds
146.235: [GC146.235: [ParNew: 7046K->386K(7424K), 0.0003100 secs] 13175K->6514K(23808K), 0.0003270 secs] [Times: user=0.00 sys=0.00, real=0.00 secs] 
146.236: Total time for which application threads were stopped: 0.0004320 seconds, Stopping threads took: 0.0000560 seconds
146.270: Application time: 0.0348680 seconds
146.270: [GC146.270: [ParNew: 7042K->389K(7424K), 0.0002720 secs] 13170K->6517K(23808K), 0.0002980 secs] [Times: user=0.00 sys=0.00, real=0.00 secs] 
146.271: Total time for which application threads were stopped: 0.0003890 seconds, Stopping threads took: 0.0000440 seconds
146.306: Application time: 0.0349650 seconds
146.306: [GC146.306: [ParNew: 7045K->385K(7424K), 0.0003490 secs] 13173K->6513K(23808K), 0.0003670 secs] [Times: user=0.00 sys=0.00, real=0.00 secs] 
146.306: Total time for which application threads were stopped: 0.0004580 seconds, Stopping threads took: 0.0000440 seconds
146.342: Application time: 0.0359090 seconds
146.342: [GC146.342: [ParNew: 7041K->395K(7424K), 0.0004760 secs] 13169K->6523K(23808K), 0.0005020 secs] [Times: user=0.00 sys=0.00, real=0.00 secs] 
146.343: Total time for which application threads were stopped: 0.0006170 seconds, Stopping threads took: 0.0000510 seconds
146.378: Application time: 0.0352020 seconds
146.378: [GC146.378: [ParNew: 7051K->388K(7424K), 0.0003470 secs] 13179K->6517K(23808K), 0.0003630 secs] [Times: user=0.00 sys=0.00, real=0.00 secs] 
146.378: Total time for which application threads were stopped: 0.0004550 seconds, Stopping threads took: 0.0000430 seconds
146.414: Application time: 0.0356580 seconds
146.414: [GC146.414: [ParNew: 7044K->214K(7424K), 0.0002670 secs] 13173K->6551K(23808K), 0.0002840 secs] [Times: user=0.00 sys=0.00, real=0.00 secs] 
146.414: Total time for which application threads were stopped: 0.0003770 seconds, Stopping threads took: 0.0000470 seconds
146.450: Application time: 0.0353700 seconds
146.450: [GC146.450: [ParNew: 6870K->164K(7424K), 0.0002580 secs] 13207K->6597K(23808K), 0.0002780 secs] [Times: user=0.00 sys=0.00, real=0.00 secs] 
146.450: Total time for which application threads were stopped: 0.0003870 seconds, Stopping threads took: 0.0000620 seconds
146.486: Application time: 0.0354780 seconds
146.486: [GC146.486: [ParNew: 6820K->169K(7424K), 0.0002380 secs] 13253K->6602K(23808K), 0.0002550 secs] [Times: user=0.01 sys=0.00, real=0.00 secs] 
146.486: Total time for which application threads were stopped: 0.0003540 seconds, Stopping threads took: 0.0000440 seconds
146.521: Application time: 0.0351620 seconds
146.521: [GC146.521: [ParNew: 6825K->171K(7424K), 0.0002600 secs] 13258K->6603K(23808K), 0.0002780 secs] [Times: user=0.00 sys=0.00, real=0.00 secs] 
146.522: Total time for which application threads were stopped: 0.0003630 seconds, Stopping threads took: 0.0000390 seconds
146.557: Application time: 0.0353960 seconds
146.557: [GC146.557: [ParNew: 6827K->168K(7424K), 0.0002470 secs] 13259K->6601K(23808K), 0.0002660 secs] [Times: user=0.00 sys=0.00, real=0.00 secs] 
146.557: Total time for which application threads were stopped: 0.0003640 seconds, Stopping threads took: 0.0000420 seconds
146.592: Application time: 0.0351730 seconds
146.593: [GC146.593: [ParNew: 6824K->174K(7424K), 0.0002280 secs] 13257K->6606K(23808K), 0.0002460 secs] [Times: user=0.00 sys=0.00, real=0.00 secs] 
146.593: Total time for which application threads were stopped: 0.0003390 seconds, Stopping threads took: 0.0000460 seconds
146.626: Application time: 0.0333330 seconds
146.626: [GC146.626: [ParNew: 6830K->243K(7424K), 0.0003000 secs] 13262K->6676K(23808K), 0.0003190 secs] [Times: user=0.01 sys=0.00, real=0.00 secs] 
146.627: Total time for which application threads were stopped: 0.0004160 seconds, Stopping threads took: 0.0000480 seconds
146.660: Application time: 0.0331480 seconds
146.660: [GC146.660: [ParNew: 6899K->394K(7424K), 0.0003050 secs] 13332K->6827K(23808K), 0.0003240 secs] [Times: user=0.00 sys=0.00, real=0.00 secs] 
146.660: Total time for which application threads were stopped: 0.0004170 seconds, Stopping threads took: 0.0000440 seconds
146.695: Application time: 0.0351950 seconds
146.695: [GC146.695: [ParNew: 7050K->402K(7424K), 0.0002860 secs] 13483K->6835K(23808K), 0.0003050 secs] [Times: user=0.00 sys=0.00, real=0.00 secs] 
146.696: Total time for which application threads were stopped: 0.0004000 seconds, Stopping threads took: 0.0000480 seconds
146.731: Application time: 0.0355120 seconds
146.731: [GC146.731: [ParNew: 7058K->240K(7424K), 0.0002770 secs] 13491K->6876K(23808K), 0.0003010 secs] [Times: user=0.00 sys=0.00, real=0.00 secs] 
146.732: Total time for which application threads were stopped: 0.0003990 seconds, Stopping threads took: 0.0000500 seconds
146.768: Application time: 0.0365590 seconds
146.768: [GC146.768: [ParNew: 6896K->227K(7424K), 0.0002710 secs] 13532K->6864K(23808K), 0.0002930 secs] [Times: user=0.01 sys=0.00, real=0.00 secs] 
146.769: Total time for which application threads were stopped: 0.0004070 seconds, Stopping threads took: 0.0000540 seconds
146.804: Application time: 0.0351710 seconds
146.804: [GC146.804: [ParNew: 6883K->227K(7424K), 0.0002410 secs] 13520K->6864K(23808K), 0.0002570 secs] [Times: user=0.00 sys=0.00, real=0.00 secs] 
146.804: Total time for which application threads were stopped: 0.0003490 seconds, Stopping threads took: 0.0000500 seconds
146.839: Application time: 0.0352390 seconds
146.839: [GC146.839: [ParNew: 6883K->233K(7424K), 0.0002380 secs] 13520K->6870K(23808K), 0.0002560 secs] [Times: user=0.00 sys=0.00, real=0.00 secs] 
146.840: Total time for which application threads were stopped: 0.0003500 seconds, Stopping threads took: 0.0000470 seconds
146.875: Application time: 0.0353980 seconds
146.875: [GC146.875: [ParNew: 6889K->232K(7424K), 0.0002400 secs] 13526K->6869K(23808K), 0.0002570 secs] [Times: user=0.00 sys=0.00, real=0.00 secs] 
146.875: Total time for which application threads were stopped: 0.0003410 seconds, Stopping threads took: 0.0000390 seconds
146.911: Application time: 0.0351460 seconds
146.911: [GC146.911: [ParNew: 6888K->237K(7424K), 0.0002220 secs] 13525K->6873K(23808K), 0.0002390 secs] [Times: user=0.00 sys=0.00, real=0.00 secs] 
146.911: Total time for which application threads were stopped: 0.0003260 seconds, Stopping threads took: 0.0000410 seconds
146.946: Application time: 0.0354240 seconds
146.946: [GC146.946: [ParNew: 6893K->235K(7424K), 0.0002090 secs] 13529K->6872K(23808K), 0.0002250 secs] [Times: user=0.00 sys=0.00, real=0.00 secs] 
146.947: Total time for which application threads were stopped: 0.0003140 seconds, Stopping threads took: 0.0000440 seconds
146.982: Application time: 0.0354010 seconds
146.982: [GC146.982: [ParNew: 6891K->239K(7424K), 0.0002400 secs] 13528K->6876K(23808K), 0.0002570 secs] [Times: user=0.00 sys=0.00, real=0.00 secs] 
146.982: Total time for which application threads were stopped: 0.0003430 seconds, Stopping threads took: 0.0000390 seconds
147.017: Application time: 0.0349240 seconds
147.017: [GC147.017: [ParNew: 6895K->279K(7424K), 0.0002560 secs] 13532K->6916K(23808K), 0.0002750 secs] [Times: user=0.00 sys=0.00, real=0.00 secs] 
147.018: Total time for which application threads were stopped: 0.0003650 seconds, Stopping threads took: 0.0000430 seconds
147.053: Application time: 0.0347690 seconds
147.053: [GC147.053: [ParNew: 6935K->287K(7424K), 0.0002610 secs] 13572K->6924K(23808K), 0.0002770 secs] [Times: user=0.00 sys=0.00, real=0.00 secs] 
147.053: Total time for which application threads were stopped: 0.0003670 seconds, Stopping threads took: 0.0000440 seconds
147.088: Application time: 0.0353820 seconds
147.088: [GC147.088: [ParNew: 6943K->287K(7424K), 0.0002600 secs] 13580K->6924K(23808K), 0.0002780 secs] [Times: user=0.00 sys=0.00, real=0.00 secs] 
147.089: Total time for which application threads were stopped: 0.0003850 seconds, Stopping threads took: 0.0000490 seconds
147.124: Application time: 0.0352860 seconds
147.124: [GC147.124: [ParNew: 6943K->292K(7424K), 0.0002520 secs] 13580K->6928K(23808K), 0.0002700 secs] [Times: user=0.01 sys=0.00, real=0.00 secs] 
147.124: Total time for which application threads were stopped: 0.0003540 seconds, Stopping threads took: 0.0000380 seconds
147.160: Application time: 0.0352890 seconds
147.160: [GC147.160: [ParNew: 6948K->279K(7424K), 0.0002360 secs] 13584K->6915K(23808K), 0.0002520 secs] [Times: user=0.01 sys=0.00, real=0.00 secs] 
147.160: Total time for which application threads were stopped: 0.0003430 seconds, Stopping threads took: 0.0000450 seconds
147.195: Application time: 0.0351340 seconds
147.195: [GC147.195: [ParNew: 6935K->171K(7424K), 0.0002580 secs] 13571K->6960K(23808K), 0.0002820 secs] [Times: user=0.00 sys=0.00, real=0.00 secs] 
147.195: Total time for which application threads were stopped: 0.0003650 seconds, Stopping threads took: 0.0000370 seconds
147.231: Application time: 0.0355260 seconds
147.231: [GC147.231: [ParNew: 6827K->166K(7424K), 0.0003080 secs] 13616K->6955K(23808K), 0.0003270 secs] [Times: user=0.00 sys=0.00, real=0.00 secs] 
147.231: Total time for which application threads were stopped: 0.0004280 seconds, Stopping threads took: 0.0000510 seconds
147.267: Application time: 0.0356720 seconds
147.267: [GC147.267: [ParNew: 6822K->172K(7424K), 0.0002420 secs] 13611K->6961K(23808K), 0.0002610 secs] [Times: user=0.00 sys=0.00, real=0.00 secs] 
147.267: Total time for which application threads were stopped: 0.0003540 seconds, Stopping threads took: 0.0000450 seconds
147.302: Application time: 0.0349290 seconds
147.302: [GC147.302: [ParNew: 6828K->162K(7424K), 0.0002320 secs] 13617K->6951K(23808K), 0.0002490 secs] [Times: user=0.00 sys=0.00, real=0.00 secs] 
147.303: Total time for which application threads were stopped: 0.0003390 seconds, Stopping threads took: 0.0000430 seconds
147.338: Application time: 0.0357350 seconds
147.339: [GC147.339: [ParNew: 6818K->164K(7424K), 0.0002750 secs] 13607K->6953K(23808K), 0.0002980 secs] [Times: user=0.00 sys=0.00, real=0.00 secs] 
147.339: Total time for which application threads were stopped: 0.0004120 seconds, Stopping threads took: 0.0000570 seconds
147.373: Application time: 0.0345650 seconds
147.373: [GC147.373: [ParNew: 6820K->170K(7424K), 0.0002380 secs] 13609K->6959K(23808K), 0.0002550 secs] [Times: user=0.00 sys=0.00, real=0.00 secs] 
147.374: Total time for which application threads were stopped: 0.0003490 seconds, Stopping threads took: 0.0000470 seconds
147.406: Application time: 0.0320310 seconds
147.406: [GC147.406: [ParNew: 6826K->360K(7424K), 0.0002830 secs] 13615K->7149K(23808K), 0.0003010 secs] [Times: user=0.01 sys=0.00, real=0.00 secs] 
147.406: Total time for which application threads were stopped: 0.0003890 seconds, Stopping threads took: 0.0000410 seconds
147.442: Application time: 0.0353430 seconds
147.442: [GC147.442: [ParNew: 7016K->398K(7424K), 0.0002750 secs] 13805K->7187K(23808K), 0.0002930 secs] [Times: user=0.00 sys=0.00, real=0.00 secs] 
147.442: Total time for which application threads were stopped: 0.0003920 seconds, Stopping threads took: 0.0000530 seconds
147.477: Application time: 0.0354390 seconds
147.477: [GC147.477: [ParNew: 7054K->404K(7424K), 0.0002790 secs] 13843K->7193K(23808K), 0.0002970 secs] [Times: user=0.01 sys=0.00, real=0.00 secs] 
147.478: Total time for which application threads were stopped: 0.0003830 seconds, Stopping threads took: 0.0000380 seconds
147.513: Application time: 0.0350650 seconds
147.513: [GC147.513: [ParNew: 7060K->398K(7424K), 0.0003390 secs] 13849K->7187K(23808K), 0.0003580 secs] [Times: user=0.00 sys=0.00, real=0.00 secs] 
147.513: Total time for which application threads were stopped: 0.0004560 seconds, Stopping threads took: 0.0000490 seconds
147.549: Application time: 0.0352620 seconds
147.549: [GC147.549: [ParNew: 7054K->399K(7424K), 0.0003460 secs] 13843K->7188K(23808K), 0.0003640 secs] [Times: user=0.00 sys=0.00, real=0.00 secs] 
147.549: Total time for which application threads were stopped: 0.0004540 seconds, Stopping threads took: 0.0000440 seconds
147.584: Application time: 0.0352430 seconds
147.584: [GC147.584: [ParNew: 7055K->406K(7424K), 0.0002770 secs] 13844K->7195K(23808K), 0.0002950 secs] [Times: user=0.00 sys=0.00, real=0.00 secs] 
147.585: Total time for which application threads were stopped: 0.0003860 seconds, Stopping threads took: 0.0000420 seconds
147.620: Application time: 0.0354200 seconds
147.620: [GC147.620: [ParNew: 7062K->388K(7424K), 0.0002690 secs] 13851K->7177K(23808K), 0.0002870 secs] [Times: user=0.00 sys=0.00, real=0.00 secs] 
147.620: Total time for which application threads were stopped: 0.0003970 seconds, Stopping threads took: 0.0000470 seconds
147.656: Application time: 0.0351420 seconds
147.656: [GC147.656: [ParNew: 7044K->399K(7424K), 0.0002740 secs] 13833K->7188K(23808K), 0.0002910 secs] [Times: user=0.00 sys=0.00, real=0.00 secs] 
147.656: Total time for which application threads were stopped: 0.0003790 seconds, Stopping threads took: 0.0000430 seconds
147.691: Application time: 0.0353390 seconds
147.691: [GC147.691: [ParNew: 7055K->400K(7424K), 0.0002880 secs] 13844K->7189K(23808K), 0.0003060 secs] [Times: user=0.00 sys=0.00, real=0.00 secs] 
147.692: Total time for which application threads were stopped: 0.0004090 seconds, Stopping threads took: 0.0000550 seconds
147.727: Application time: 0.0354260 seconds
147.727: [GC147.727: [ParNew: 7056K->395K(7424K), 0.0003000 secs] 13845K->7184K(23808K), 0.0003180 secs] [Times: user=0.01 sys=0.00, real=0.00 secs] 
147.728: Total time for which application threads were stopped: 0.0004140 seconds, Stopping threads took: 0.0000450 seconds
147.762: Application time: 0.0348680 seconds
147.762: [GC147.762: [ParNew: 7051K->395K(7424K), 0.0002850 secs] 13840K->7184K(23808K), 0.0003020 secs] [Times: user=0.00 sys=0.00, real=0.00 secs] 
147.763: Total time for which application threads were stopped: 0.0003960 seconds, Stopping threads took: 0.0000440 seconds
147.798: Application time: 0.0349050 seconds
147.798: [GC147.798: [ParNew: 7051K->398K(7424K), 0.0003000 secs] 13840K->7187K(23808K), 0.0003170 secs] [Times: user=0.00 sys=0.00, real=0.00 secs] 
147.798: Total time for which application threads were stopped: 0.0004230 seconds, Stopping threads took: 0.0000550 seconds
147.834: Application time: 0.0354130 seconds
147.834: [GC147.834: [ParNew: 7054K->402K(7424K), 0.0003260 secs] 13843K->7191K(23808K), 0.0003430 secs] [Times: user=0.00 sys=0.00, real=0.00 secs] 
147.834: Total time for which application threads were stopped: 0.0004310 seconds, Stopping threads took: 0.0000410 seconds
147.869: Application time: 0.0353580 seconds
147.869: [GC147.869: [ParNew: 7058K->397K(7424K), 0.0002910 secs] 13847K->7186K(23808K), 0.0003080 secs] [Times: user=0.00 sys=0.00, real=0.00 secs] 
147.870: Total time for which application threads were stopped: 0.0004100 seconds, Stopping threads took: 0.0000530 seconds
147.905: Application time: 0.0352670 seconds
147.905: [GC147.905: [ParNew: 7053K->370K(7424K), 0.0003220 secs] 13842K->7231K(23808K), 0.0003400 secs] [Times: user=0.00 sys=0.00, real=0.00 secs] 
147.905: Total time for which application threads were stopped: 0.0004260 seconds, Stopping threads took: 0.0000410 seconds
147.941: Application time: 0.0353330 seconds
147.941: [GC147.941: [ParNew: 7026K->165K(7424K), 0.0003080 secs] 13887K->7263K(23808K), 0.0003260 secs] [Times: user=0.00 sys=0.00, real=0.00 secs] 
147.941: Total time for which application threads were stopped: 0.0004120 seconds, Stopping threads took: 0.0000410 seconds
147.976: Application time: 0.0350300 seconds
147.976: [GC147.976: [ParNew: 6821K->170K(7424K), 0.0002290 secs] 13919K->7267K(23808K), 0.0002470 secs] [Times: user=0.00 sys=0.00, real=0.00 secs] 
147.977: Total time for which application threads were stopped: 0.0003310 seconds, Stopping threads took: 0.0000400 seconds
148.012: Application time: 0.0355180 seconds
148.012: [GC148.012: [ParNew: 6826K->171K(7424K), 0.0002330 secs] 13923K->7268K(23808K), 0.0002510 secs] [Times: user=0.00 sys=0.00, real=0.00 secs] 
148.012: Total time for which application threads were stopped: 0.0003380 seconds, Stopping threads took: 0.0000400 seconds
148.048: Application time: 0.0353560 seconds
148.050: [GC148.050: [ParNew: 6827K->171K(7424K), 0.0002950 secs] 13924K->7269K(23808K), 0.0003140 secs] [Times: user=0.00 sys=0.00, real=0.00 secs] 
148.050: Total time for which application threads were stopped: 0.0026420 seconds, Stopping threads took: 0.0022800 seconds
148.086: Application time: 0.0352070 seconds
148.086: [GC148.086: [ParNew: 6827K->160K(7424K), 0.0002350 secs] 13925K->7258K(23808K), 0.0002540 secs] [Times: user=0.00 sys=0.00, real=0.00 secs] 
148.086: Total time for which application threads were stopped: 0.0003500 seconds, Stopping threads took: 0.0000400 seconds
148.122: Application time: 0.0357890 seconds
148.122: [GC148.122: [ParNew: 6816K->144K(7424K), 0.0002350 secs] 13914K->7241K(23808K), 0.0002530 secs] [Times: user=0.00 sys=0.00, real=0.01 secs] 
148.122: Total time for which application threads were stopped: 0.0003490 seconds, Stopping threads took: 0.0000410 seconds
148.154: Application time: 0.0319740 seconds
148.154: [GC148.154: [ParNew: 6792K->352K(7424K), 0.0002650 secs] 13889K->7450K(23808K), 0.0002820 secs] [Times: user=0.00 sys=0.00, real=0.00 secs] 
148.154: Total time for which application threads were stopped: 0.0003870 seconds, Stopping threads took: 0.0000580 seconds
148.188: Application time: 0.0339390 seconds
148.189: [GC148.189: [ParNew: 7008K->396K(7424K), 0.0003230 secs] 14106K->7494K(23808K), 0.0003410 secs] [Times: user=0.00 sys=0.00, real=0.00 secs] 
148.189: Total time for which application threads were stopped: 0.0004320 seconds, Stopping threads took: 0.0000470 seconds
148.224: Application time: 0.0355810 seconds
148.225: [GC148.225: [ParNew: 7052K->398K(7424K), 0.0003340 secs] 14150K->7495K(23808K), 0.0003520 secs] [Times: user=0.00 sys=0.00, real=0.00 secs] 
148.225: Total time for which application threads were stopped: 0.0004580 seconds, Stopping threads took: 0.0000560 seconds
148.260: Application time: 0.0353520 seconds
148.260: [GC148.260: [ParNew: 7054K->392K(7424K), 0.0003330 secs] 14151K->7489K(23808K), 0.0003510 secs] [Times: user=0.00 sys=0.00, real=0.00 secs] 
148.261: Total time for which application threads were stopped: 0.0004550 seconds, Stopping threads took: 0.0000570 seconds
148.297: Application time: 0.0364980 seconds
148.297: [GC148.297: [ParNew: 7048K->393K(7424K), 0.0004000 secs] 14145K->7490K(23808K), 0.0004210 secs] [Times: user=0.00 sys=0.00, real=0.00 secs] 
148.298: Total time for which application threads were stopped: 0.0005360 seconds, Stopping threads took: 0.0000560 seconds
148.333: Application time: 0.0354030 seconds
148.333: [GC148.333: [ParNew: 7049K->393K(7424K), 0.0003170 secs] 14146K->7490K(23808K), 0.0003410 secs] [Times: user=0.00 sys=0.00, real=0.00 secs] 
148.334: Total time for which application threads were stopped: 0.0004530 seconds, Stopping threads took: 0.0000520 seconds
148.369: Application time: 0.0355940 seconds
148.370: [GC148.370: [ParNew: 7049K->396K(7424K), 0.0003950 secs] 14146K->7494K(23808K), 0.0004140 secs] [Times: user=0.01 sys=0.00, real=0.00 secs] 
148.371: Total time for which application threads were stopped: 0.0013740 seconds, Stopping threads took: 0.0009000 seconds
148.408: Application time: 0.0373350 seconds
148.408: [GC148.408: [ParNew: 7052K->398K(7424K), 0.0003440 secs] 14150K->7495K(23808K), 0.0003630 secs] [Times: user=0.01 sys=0.00, real=0.00 secs] 
148.408: Total time for which application threads were stopped: 0.0004640 seconds, Stopping threads took: 0.0000510 seconds
148.444: Application time: 0.0354240 seconds
148.444: [GC148.444: [ParNew: 7054K->136K(7424K), 0.0002860 secs] 14151K->7541K(23808K), 0.0003030 secs] [Times: user=0.01 sys=0.00, real=0.00 secs] 
148.444: Total time for which application threads were stopped: 0.0003930 seconds, Stopping threads took: 0.0000430 seconds
148.480: Application time: 0.0353630 seconds
148.480: [GC148.480: [ParNew: 6792K->125K(7424K), 0.0002750 secs] 14197K->7530K(23808K), 0.0002930 secs] [Times: user=0.00 sys=0.00, real=0.00 secs] 
148.480: Total time for which application threads were stopped: 0.0003860 seconds, Stopping threads took: 0.0000450 seconds
148.516: Application time: 0.0360950 seconds
148.516: [GC148.516: [ParNew: 6781K->177K(7424K), 0.0003430 secs] 14186K->7583K(23808K), 0.0003660 secs] [Times: user=0.00 sys=0.00, real=0.00 secs] 
148.517: Total time for which application threads were stopped: 0.0004720 seconds, Stopping threads took: 0.0000510 seconds
148.551: Application time: 0.0349230 seconds
148.552: [GC148.552: [ParNew: 6833K->214K(7424K), 0.0002970 secs] 14239K->7620K(23808K), 0.0003230 secs] [Times: user=0.00 sys=0.00, real=0.00 secs] 
148.552: Total time for which application threads were stopped: 0.0004220 seconds, Stopping threads took: 0.0000520 seconds
148.587: Application time: 0.0353480 seconds
148.587: [GC148.587: [ParNew: 6870K->219K(7424K), 0.0003030 secs] 14276K->7625K(23808K), 0.0003220 secs] [Times: user=0.00 sys=0.00, real=0.00 secs] 
148.588: Total time for which application threads were stopped: 0.0004230 seconds, Stopping threads took: 0.0000510 seconds
148.623: Application time: 0.0355130 seconds
148.623: [GC148.623: [ParNew: 6875K->221K(7424K), 0.0002160 secs] 14281K->7627K(23808K), 0.0002340 secs] [Times: user=0.01 sys=0.00, real=0.00 secs] 
148.624: Total time for which application threads were stopped: 0.0003470 seconds, Stopping threads took: 0.0000550 seconds
148.659: Application time: 0.0355230 seconds
148.659: [GC148.659: [ParNew: 6877K->224K(7424K), 0.0003650 secs] 14283K->7630K(23808K), 0.0003840 secs] [Times: user=0.00 sys=0.00, real=0.00 secs] 
148.659: Total time for which application threads were stopped: 0.0004680 seconds, Stopping threads took: 0.0000380 seconds
148.695: Application time: 0.0351060 seconds
148.695: [GC148.695: [ParNew: 6880K->225K(7424K), 0.0002950 secs] 14286K->7630K(23808K), 0.0003130 secs] [Times: user=0.00 sys=0.00, real=0.00 secs] 
148.695: Total time for which application threads were stopped: 0.0004050 seconds, Stopping threads took: 0.0000420 seconds
148.730: Application time: 0.0352770 seconds
148.730: [GC148.730: [ParNew: 6881K->169K(7424K), 0.0003020 secs] 14286K->7663K(23808K), 0.0003210 secs] [Times: user=0.01 sys=0.00, real=0.00 secs] 
148.731: Total time for which application threads were stopped: 0.0004120 seconds, Stopping threads took: 0.0000440 seconds
148.766: Application time: 0.0355160 seconds
148.767: [GC148.767: [ParNew: 6825K->172K(7424K), 0.0002480 secs] 14319K->7665K(23808K), 0.0002660 secs] [Times: user=0.00 sys=0.00, real=0.00 secs] 
148.767: Total time for which application threads were stopped: 0.0010720 seconds, Stopping threads took: 0.0007580 seconds
148.803: Application time: 0.0352250 seconds
148.803: [GC148.803: [ParNew: 6828K->171K(7424K), 0.0002470 secs] 14321K->7665K(23808K), 0.0002640 secs] [Times: user=0.00 sys=0.00, real=0.00 secs] 
148.803: Total time for which application threads were stopped: 0.0003520 seconds, Stopping threads took: 0.0000430 seconds
148.838: Application time: 0.0354450 seconds
148.838: [GC148.838: [ParNew: 6827K->166K(7424K), 0.0002310 secs] 14321K->7660K(23808K), 0.0002490 secs] [Times: user=0.01 sys=0.00, real=0.00 secs] 
148.839: Total time for which application threads were stopped: 0.0003410 seconds, Stopping threads took: 0.0000470 seconds
148.874: Application time: 0.0354150 seconds
148.874: [GC148.874: [ParNew: 6813K->156K(7424K), 0.0002330 secs] 14306K->7650K(23808K), 0.0002500 secs] [Times: user=0.00 sys=0.00, real=0.00 secs] 
148.874: Total time for which application threads were stopped: 0.0003350 seconds, Stopping threads took: 0.0000380 seconds
148.908: Application time: 0.0331140 seconds
148.908: [GC148.908: [ParNew: 6805K->287K(7424K), 0.0002540 secs] 14299K->7780K(23808K), 0.0002720 secs] [Times: user=0.00 sys=0.00, real=0.00 secs] 
148.908: Total time for which application threads were stopped: 0.0003580 seconds, Stopping threads took: 0.0000380 seconds
148.941: Application time: 0.0333750 seconds
148.941: [GC148.941: [ParNew: 6943K->394K(7424K), 0.0003680 secs] 14436K->7888K(23808K), 0.0003860 secs] [Times: user=0.00 sys=0.00, real=0.00 secs] 
148.942: Total time for which application threads were stopped: 0.0004780 seconds, Stopping threads took: 0.0000440 seconds
148.977: Application time: 0.0352650 seconds
148.977: [GC148.977: [ParNew: 7050K->399K(7424K), 0.0002700 secs] 14544K->7893K(23808K), 0.0002880 secs] [Times: user=0.00 sys=0.00, real=0.00 secs] 
148.977: Total time for which application threads were stopped: 0.0003790 seconds, Stopping threads took: 0.0000440 seconds
149.013: Application time: 0.0353410 seconds
149.013: [GC149.013: [ParNew: 7055K->397K(7424K), 0.0003630 secs] 14549K->7891K(23808K), 0.0003890 secs] [Times: user=0.01 sys=0.00, real=0.00 secs] 
149.013: Total time for which application threads were stopped: 0.0004810 seconds, Stopping threads took: 0.0000450 seconds
149.049: Application time: 0.0354620 seconds
149.049: [GC149.049: [ParNew: 7053K->406K(7424K), 0.0002690 secs] 14547K->7900K(23808K), 0.0002880 secs] [Times: user=0.00 sys=0.00, real=0.00 secs] 
149.049: Total time for which application threads were stopped: 0.0003880 seconds, Stopping threads took: 0.0000530 seconds
149.085: Application time: 0.0355010 seconds
149.085: [GC149.085: [ParNew: 7062K->391K(7424K), 0.0003680 secs] 14556K->7885K(23808K), 0.0003870 secs] [Times: user=0.01 sys=0.00, real=0.00 secs] 
149.085: Total time for which application threads were stopped: 0.0004770 seconds, Stopping threads took: 0.0000420 seconds
149.120: Application time: 0.0351960 seconds
149.120: [GC149.120: [ParNew: 7047K->394K(7424K), 0.0002640 secs] 14541K->7887K(23808K), 0.0002820 secs] [Times: user=0.01 sys=0.00, real=0.00 secs] 
149.121: Total time for which application threads were stopped: 0.0003780 seconds, Stopping threads took: 0.0000450 seconds
149.156: Application time: 0.0356260 seconds
149.156: [GC149.156: [ParNew: 7050K->398K(7424K), 0.0003040 secs] 14543K->7892K(23808K), 0.0003230 secs] [Times: user=0.00 sys=0.00, real=0.00 secs] 
149.157: Total time for which application threads were stopped: 0.0004310 seconds, Stopping threads took: 0.0000490 seconds
149.192: Application time: 0.0353310 seconds
149.192: [GC149.192: [ParNew: 7054K->219K(7424K), 0.0002980 secs] 14548K->7921K(23808K), 0.0003160 secs] [Times: user=0.01 sys=0.00, real=0.00 secs] 
149.192: Total time for which application threads were stopped: 0.0004100 seconds, Stopping threads took: 0.0000450 seconds
149.230: Application time: 0.0370830 seconds
149.230: [GC149.230: [ParNew: 6875K->209K(7424K), 0.0004580 secs] 14577K->7911K(23808K), 0.0004890 secs] [Times: user=0.00 sys=0.00, real=0.00 secs] 
149.230: Total time for which application threads were stopped: 0.0008970 seconds, Stopping threads took: 0.0003330 seconds
149.272: Application time: 0.0413970 seconds
149.272: [GC149.272: [ParNew: 6865K->234K(7424K), 0.0003790 secs] 14567K->7935K(23808K), 0.0004020 secs] [Times: user=0.01 sys=0.00, real=0.00 secs] 
149.272: Total time for which application threads were stopped: 0.0005300 seconds, Stopping threads took: 0.0000640 seconds
149.307: Application time: 0.0348000 seconds
149.307: [GC149.307: [ParNew: 6890K->287K(7424K), 0.0002570 secs] 14591K->7988K(23808K), 0.0002730 secs] [Times: user=0.01 sys=0.00, real=0.00 secs] 
149.308: Total time for which application threads were stopped: 0.0003750 seconds, Stopping threads took: 0.0000540 seconds
149.343: Application time: 0.0355840 seconds
149.343: [GC149.343: [ParNew: 6943K->277K(7424K), 0.0003140 secs] 14644K->7978K(23808K), 0.0003380 secs] [Times: user=0.00 sys=0.00, real=0.00 secs] 
149.344: Total time for which application threads were stopped: 0.0004550 seconds, Stopping threads took: 0.0000570 seconds
149.379: Application time: 0.0350730 seconds
149.379: [GC149.379: [ParNew: 6933K->284K(7424K), 0.0002530 secs] 14634K->7986K(23808K), 0.0002690 secs] [Times: user=0.00 sys=0.00, real=0.00 secs] 
149.379: Total time for which application threads were stopped: 0.0003570 seconds, Stopping threads took: 0.0000430 seconds
149.414: Application time: 0.0353560 seconds
149.414: [GC149.414: [ParNew: 6940K->281K(7424K), 0.0002610 secs] 14642K->7983K(23808K), 0.0002790 secs] [Times: user=0.00 sys=0.00, real=0.00 secs] 
149.415: Total time for which application threads were stopped: 0.0003680 seconds, Stopping threads took: 0.0000420 seconds
149.450: Application time: 0.0355670 seconds
149.450: [GC149.450: [ParNew: 6937K->278K(7424K), 0.0002860 secs] 14639K->7979K(23808K), 0.0003030 secs] [Times: user=0.00 sys=0.00, real=0.00 secs] 
149.451: Total time for which application threads were stopped: 0.0004030 seconds, Stopping threads took: 0.0000550 seconds
149.486: Application time: 0.0351670 seconds
149.486: [GC149.486: [ParNew: 6934K->162K(7424K), 0.0002730 secs] 14635K->8020K(23808K), 0.0002980 secs] [Times: user=0.00 sys=0.00, real=0.00 secs] 
149.486: Total time for which application threads were stopped: 0.0003870 seconds, Stopping threads took: 0.0000440 seconds
149.522: Application time: 0.0355770 seconds
149.522: [GC149.522: [ParNew: 6818K->169K(7424K), 0.0002560 secs] 14676K->8027K(23808K), 0.0002740 secs] [Times: user=0.00 sys=0.00, real=0.01 secs] 
149.522: Total time for which application threads were stopped: 0.0003670 seconds, Stopping threads took: 0.0000480 seconds
149.557: Application time: 0.0352220 seconds
149.557: [GC149.557: [ParNew: 6825K->172K(7424K), 0.0002350 secs] 14683K->8030K(23808K), 0.0002520 secs] [Times: user=0.00 sys=0.00, real=0.00 secs] 
149.558: Total time for which application threads were stopped: 0.0003420 seconds, Stopping threads took: 0.0000440 seconds
149.593: Application time: 0.0353910 seconds
149.593: [GC149.593: [ParNew: 6828K->166K(7424K), 0.0002480 secs] 14686K->8024K(23808K), 0.0002660 secs] [Times: user=0.00 sys=0.00, real=0.00 secs] 
149.594: Total time for which application threads were stopped: 0.0003580 seconds, Stopping threads took: 0.0000460 seconds
149.629: Application time: 0.0352830 seconds
149.629: [GC149.629: [ParNew: 6822K->168K(7424K), 0.0002550 secs] 14680K->8026K(23808K), 0.0002720 secs] [Times: user=0.00 sys=0.00, real=0.00 secs] 
149.629: Total time for which application threads were stopped: 0.0003570 seconds, Stopping threads took: 0.0000380 seconds
149.663: Application time: 0.0337150 seconds
149.666: [GC149.666: [ParNew: 6824K->253K(7424K), 0.0003060 secs] 14682K->8111K(23808K), 0.0003240 secs] [Times: user=0.00 sys=0.00, real=0.00 secs] 
149.666: Total time for which application threads were stopped: 0.0035770 seconds, Stopping threads took: 0.0031940 seconds
149.699: Application time: 0.0326830 seconds
149.699: [GC149.699: [ParNew: 6909K->401K(7424K), 0.0002900 secs] 14767K->8259K(23808K), 0.0003080 secs] [Times: user=0.01 sys=0.00, real=0.00 secs] 
149.700: Total time for which application threads were stopped: 0.0004240 seconds, Stopping threads took: 0.0000670 seconds
149.735: Application time: 0.0352740 seconds
149.738: [GC149.738: [ParNew: 7057K->397K(7424K), 0.0003140 secs] 14915K->8255K(23808K), 0.0003340 secs] [Times: user=0.01 sys=0.00, real=0.00 secs] 
149.738: Total time for which application threads were stopped: 0.0036300 seconds, Stopping threads took: 0.0032450 seconds
149.774: Application time: 0.0353980 seconds
149.774: [GC149.774: [ParNew: 7053K->395K(7424K), 0.0002700 secs] 14911K->8253K(23808K), 0.0002890 secs] [Times: user=0.00 sys=0.00, real=0.01 secs] 
149.774: Total time for which application threads were stopped: 0.0003850 seconds, Stopping threads took: 0.0000440 seconds
149.811: Application time: 0.0363270 seconds
149.811: [GC149.811: [ParNew: 7051K->398K(7424K), 0.0003530 secs] 14909K->8256K(23808K), 0.0003780 secs] [Times: user=0.01 sys=0.00, real=0.00 secs] 
149.811: Total time for which application threads were stopped: 0.0004990 seconds, Stopping threads took: 0.0000570 seconds
149.847: Application time: 0.0355230 seconds
149.847: [GC149.847: [ParNew: 7054K->397K(7424K), 0.0003540 secs] 14912K->8255K(23808K), 0.0003720 secs] [Times: user=0.00 sys=0.00, real=0.00 secs] 
149.847: Total time for which application threads were stopped: 0.0004600 seconds, Stopping threads took: 0.0000370 seconds
149.882: Application time: 0.0354250 seconds
149.883: [GC149.883: [ParNew: 7053K->394K(7424K), 0.0003190 secs] 14911K->8252K(23808K), 0.0003370 secs] [Times: user=0.00 sys=0.00, real=0.00 secs] 
149.883: Total time for which application threads were stopped: 0.0004490 seconds, Stopping threads took: 0.0000640 seconds
149.918: Application time: 0.0351430 seconds
149.918: [GC149.918: [ParNew: 7050K->398K(7424K), 0.0002700 secs] 14908K->8256K(23808K), 0.0002880 secs] [Times: user=0.00 sys=0.00, real=0.00 secs] 
149.918: Total time for which application threads were stopped: 0.0003740 seconds, Stopping threads took: 0.0000410 seconds
149.954: Application time: 0.0355950 seconds
149.954: [GC149.954: [ParNew: 7054K->397K(7424K), 0.0002950 secs] 14912K->8255K(23808K), 0.0003200 secs] [Times: user=0.00 sys=0.00, real=0.00 secs] 
149.954: Total time for which application threads were stopped: 0.0004150 seconds, Stopping threads took: 0.0000490 seconds
149.990: Application time: 0.0353440 seconds
149.990: [GC149.990: [ParNew: 7053K->395K(7424K), 0.0002830 secs] 14911K->8253K(23808K), 0.0003010 secs] [Times: user=0.00 sys=0.00, real=0.00 secs] 
149.990: Total time for which application threads were stopped: 0.0003930 seconds, Stopping threads took: 0.0000450 seconds
150.025: Application time: 0.0350160 seconds
150.026: [GC150.026: [ParNew: 7051K->403K(7424K), 0.0002980 secs] 14909K->8261K(23808K), 0.0003150 secs] [Times: user=0.00 sys=0.00, real=0.00 secs] 
150.026: Total time for which application threads were stopped: 0.0011970 seconds, Stopping threads took: 0.0008350 seconds
150.061: Application time: 0.0348970 seconds
150.061: [GC150.061: [ParNew: 7059K->283K(7424K), 0.0003050 secs] 14917K->8281K(23808K), 0.0003230 secs] [Times: user=0.00 sys=0.00, real=0.00 secs] 
150.062: Total time for which application threads were stopped: 0.0004260 seconds, Stopping threads took: 0.0000550 seconds
150.097: Application time: 0.0355010 seconds
150.097: [GC150.097: [ParNew: 6939K->311K(7424K), 0.0002600 secs] 14937K->8309K(23808K), 0.0002770 secs] [Times: user=0.00 sys=0.00, real=0.00 secs] 
150.098: Total time for which application threads were stopped: 0.0003810 seconds, Stopping threads took: 0.0000560 seconds
150.133: Application time: 0.0352500 seconds
150.133: [GC150.133: [ParNew: 6967K->316K(7424K), 0.0002600 secs] 14965K->8314K(23808K), 0.0002770 secs] [Times: user=0.00 sys=0.00, real=0.00 secs] 
150.133: Total time for which application threads were stopped: 0.0003720 seconds, Stopping threads took: 0.0000500 seconds
150.168: Application time: 0.0350940 seconds
150.168: [GC150.168: [ParNew: 6972K->311K(7424K), 0.0002430 secs] 14970K->8309K(23808K), 0.0002610 secs] [Times: user=0.00 sys=0.00, real=0.00 secs] 
150.169: Total time for which application threads were stopped: 0.0003620 seconds, Stopping threads took: 0.0000460 seconds
150.204: Application time: 0.0355480 seconds
150.204: [GC150.204: [ParNew: 6967K->315K(7424K), 0.0002600 secs] 14965K->8313K(23808K), 0.0002770 secs] [Times: user=0.00 sys=0.00, real=0.00 secs] 
150.205: Total time for which application threads were stopped: 0.0003660 seconds, Stopping threads took: 0.0000400 seconds
150.240: Application time: 0.0353650 seconds
150.240: [GC150.240: [ParNew: 6971K->168K(7424K), 0.0003850 secs] 14969K->8347K(23808K), 0.0004050 secs] [Times: user=0.00 sys=0.00, real=0.00 secs] 
150.241: Total time for which application threads were stopped: 0.0005180 seconds, Stopping threads took: 0.0000640 seconds
150.276: Application time: 0.0350030 seconds
150.276: [GC150.276: [ParNew: 6824K->164K(7424K), 0.0002670 secs] 15003K->8342K(23808K), 0.0002850 secs] [Times: user=0.00 sys=0.00, real=0.00 secs] 
150.276: Total time for which application threads were stopped: 0.0003720 seconds, Stopping threads took: 0.0000410 seconds
150.311: Application time: 0.0355330 seconds
150.312: [GC150.312: [ParNew: 6820K->169K(7424K), 0.0003350 secs] 14998K->8348K(23808K), 0.0003700 secs] [Times: user=0.00 sys=0.00, real=0.00 secs] 
150.312: Total time for which application threads were stopped: 0.0010270 seconds, Stopping threads took: 0.0005820 seconds
150.348: Application time: 0.0355100 seconds
150.348: [GC150.348: [ParNew: 6825K->170K(7424K), 0.0002740 secs] 15004K->8348K(23808K), 0.0002980 secs] [Times: user=0.00 sys=0.00, real=0.00 secs] 
150.348: Total time for which application threads were stopped: 0.0004170 seconds, Stopping threads took: 0.0000640 seconds
150.384: Application time: 0.0353590 seconds
150.384: [GC150.384: [ParNew: 6826K->158K(7424K), 0.0003060 secs] 15004K->8336K(23808K), 0.0003230 secs] [Times: user=0.00 sys=0.00, real=0.00 secs] 
150.384: Total time for which application threads were stopped: 0.0004150 seconds, Stopping threads took: 0.0000440 seconds
150.418: Application time: 0.0338320 seconds
150.418: [GC150.418: [ParNew: 6808K->219K(7424K), 0.0002430 secs] 14987K->8398K(23808K), 0.0002720 secs] [Times: user=0.00 sys=0.00, real=0.00 secs] 
150.418: Total time for which application threads were stopped: 0.0003830 seconds, Stopping threads took: 0.0000600 seconds
150.451: Application time: 0.0324930 seconds
150.451: [GC150.451: [ParNew: 6875K->391K(7424K), 0.0003000 secs] 15054K->8570K(23808K), 0.0003180 secs] [Times: user=0.00 sys=0.00, real=0.00 secs] 
150.451: Total time for which application threads were stopped: 0.0004090 seconds, Stopping threads took: 0.0000430 seconds
150.487: Application time: 0.0354460 seconds
150.487: [GC150.487: [ParNew: 7047K->394K(7424K), 0.0002880 secs] 15226K->8572K(23808K), 0.0003040 secs] [Times: user=0.01 sys=0.00, real=0.00 secs] 
150.487: Total time for which application threads were stopped: 0.0003890 seconds, Stopping threads took: 0.0000410 seconds
150.522: Application time: 0.0353250 seconds
150.523: [GC150.523: [ParNew: 7050K->395K(7424K), 0.0002920 secs] 15228K->8574K(23808K), 0.0003100 secs] [Times: user=0.00 sys=0.00, real=0.00 secs] 
150.523: Total time for which application threads were stopped: 0.0004140 seconds, Stopping threads took: 0.0000570 seconds
150.558: Application time: 0.0351910 seconds
150.558: [GC150.558: [ParNew: 7051K->395K(7424K), 0.0002830 secs] 15230K->8573K(23808K), 0.0003010 secs] [Times: user=0.00 sys=0.00, real=0.00 secs] 
150.558: Total time for which application threads were stopped: 0.0004100 seconds, Stopping threads took: 0.0000610 seconds
150.594: Application time: 0.0355480 seconds
150.594: [GC150.594: [ParNew: 7051K->398K(7424K), 0.0002910 secs] 15229K->8576K(23808K), 0.0003060 secs] [Times: user=0.00 sys=0.00, real=0.00 secs] 
150.594: Total time for which application threads were stopped: 0.0004060 seconds, Stopping threads took: 0.0000530 seconds
150.630: Application time: 0.0352450 seconds
150.630: [GC150.630: [ParNew: 7054K->397K(7424K), 0.0002920 secs] 15232K->8576K(23808K), 0.0003100 secs] [Times: user=0.00 sys=0.00, real=0.00 secs] 
150.630: Total time for which application threads were stopped: 0.0004080 seconds, Stopping threads took: 0.0000510 seconds
150.665: Application time: 0.0353400 seconds
150.665: [GC150.666: [ParNew: 7053K->397K(7424K), 0.0002950 secs] 15232K->8575K(23808K), 0.0003110 secs] [Times: user=0.00 sys=0.00, real=0.00 secs] 
150.666: Total time for which application threads were stopped: 0.0004010 seconds, Stopping threads took: 0.0000420 seconds
150.701: Application time: 0.0354110 seconds
150.701: [GC150.701: [ParNew: 7053K->398K(7424K), 0.0002610 secs] 15231K->8576K(23808K), 0.0002800 secs] [Times: user=0.00 sys=0.00, real=0.00 secs] 
150.702: Total time for which application threads were stopped: 0.0003730 seconds, Stopping threads took: 0.0000400 seconds
150.737: Application time: 0.0351330 seconds
150.737: [GC150.737: [ParNew: 7054K->398K(7424K), 0.0002650 secs] 15232K->8576K(23808K), 0.0002820 secs] [Times: user=0.00 sys=0.00, real=0.00 secs] 
150.737: Total time for which application threads were stopped: 0.0003760 seconds, Stopping threads took: 0.0000460 seconds
150.772: Application time: 0.0350230 seconds
150.772: [GC150.772: [ParNew: 7054K->378K(7424K), 0.0003370 secs] 15232K->8556K(23808K), 0.0003550 secs] [Times: user=0.01 sys=0.00, real=0.00 secs] 
150.773: Total time for which application threads were stopped: 0.0004400 seconds, Stopping threads took: 0.0000380 seconds
150.808: Application time: 0.0351960 seconds
150.808: [GC150.808: [ParNew: 7034K->396K(7424K), 0.0002550 secs] 15212K->8574K(23808K), 0.0002730 secs] [Times: user=0.00 sys=0.00, real=0.00 secs] 
150.808: Total time for which application threads were stopped: 0.0003650 seconds, Stopping threads took: 0.0000450 seconds
150.843: Application time: 0.0351590 seconds
150.843: [GC150.843: [ParNew: 7052K->333K(7424K), 0.0003110 secs] 15230K->8619K(23808K), 0.0003290 secs] [Times: user=0.00 sys=0.00, real=0.00 secs] 
150.844: Total time for which application threads were stopped: 0.0004240 seconds, Stopping threads took: 0.0000440 seconds
150.879: Application time: 0.0352660 seconds
150.879: [GC150.879: [ParNew: 6989K->333K(7424K), 0.0002680 secs] 15275K->8619K(23808K), 0.0002850 secs] [Times: user=0.00 sys=0.00, real=0.00 secs] 
150.879: Total time for which application threads were stopped: 0.0003740 seconds, Stopping threads took: 0.0000410 seconds
150.914: Application time: 0.0350380 seconds
150.914: [GC150.914: [ParNew: 6985K->325K(7424K), 0.0002380 secs] 15271K->8611K(23808K), 0.0002570 secs] [Times: user=0.01 sys=0.00, real=0.00 secs] 
150.915: Total time for which application threads were stopped: 0.0003430 seconds, Stopping threads took: 0.0000370 seconds
150.950: Application time: 0.0350370 seconds
150.950: [GC150.950: [ParNew: 6981K->330K(7424K), 0.0002440 secs] 15267K->8616K(23808K), 0.0002600 secs] [Times: user=0.00 sys=0.00, real=0.00 secs] 
150.950: Total time for which application threads were stopped: 0.0003570 seconds, Stopping threads took: 0.0000490 seconds
150.986: Application time: 0.0353880 seconds
150.986: [GC150.986: [ParNew: 6986K->170K(7424K), 0.0003300 secs] 15272K->8645K(23808K), 0.0003490 secs] [Times: user=0.00 sys=0.00, real=0.00 secs] 
150.986: Total time for which application threads were stopped: 0.0004450 seconds, Stopping threads took: 0.0000490 seconds
151.021: Application time: 0.0354010 seconds
151.021: [GC151.021: [ParNew: 6826K->169K(7424K), 0.0002390 secs] 15301K->8644K(23808K), 0.0002560 secs] [Times: user=0.00 sys=0.00, real=0.00 secs] 
151.022: Total time for which application threads were stopped: 0.0003570 seconds, Stopping threads took: 0.0000520 seconds
151.057: Application time: 0.0351550 seconds
151.057: [GC151.057: [ParNew: 6825K->160K(7424K), 0.0002600 secs] 15300K->8634K(23808K), 0.0002790 secs] [Times: user=0.00 sys=0.00, real=0.00 secs] 
151.057: Total time for which application threads were stopped: 0.0003700 seconds, Stopping threads took: 0.0000430 seconds
151.093: Application time: 0.0352990 seconds
151.093: [GC151.093: [ParNew: 6816K->170K(7424K), 0.0002290 secs] 15290K->8645K(23808K), 0.0002470 secs] [Times: user=0.00 sys=0.00, real=0.00 secs] 
151.093: Total time for which application threads were stopped: 0.0003420 seconds, Stopping threads took: 0.0000470 seconds
151.128: Application time: 0.0354780 seconds
151.128: [GC151.128: [ParNew: 6826K->165K(7424K), 0.0002350 secs] 15301K->8640K(23808K), 0.0002510 secs] [Times: user=0.00 sys=0.00, real=0.00 secs] 
151.129: Total time for which application threads were stopped: 0.0003420 seconds, Stopping threads took: 0.0000450 seconds
151.163: Application time: 0.0344320 seconds
151.163: [GC151.163: [ParNew: 6821K->208K(7424K), 0.0002350 secs] 15296K->8683K(23808K), 0.0002520 secs] [Times: user=0.01 sys=0.00, real=0.00 secs] 
151.164: Total time for which application threads were stopped: 0.0003420 seconds, Stopping threads took: 0.0000410 seconds
151.196: Application time: 0.0325260 seconds
151.196: [GC151.196: [ParNew: 6864K->370K(7424K), 0.0002990 secs] 15339K->8844K(23808K), 0.0003160 secs] [Times: user=0.00 sys=0.00, real=0.00 secs] 
151.196: Total time for which application threads were stopped: 0.0004100 seconds, Stopping threads took: 0.0000460 seconds
151.231: Application time: 0.0347780 seconds
151.231: [GC151.231: [ParNew: 7026K->398K(7424K), 0.0002770 secs] 15500K->8873K(23808K), 0.0002950 secs] [Times: user=0.00 sys=0.00, real=0.00 secs] 
151.232: Total time for which application threads were stopped: 0.0003890 seconds, Stopping threads took: 0.0000390 seconds
151.267: Application time: 0.0353310 seconds
151.267: [GC151.267: [ParNew: 7054K->398K(7424K), 0.0002870 secs] 15529K->8872K(23808K), 0.0003050 secs] [Times: user=0.00 sys=0.00, real=0.00 secs] 
151.267: Total time for which application threads were stopped: 0.0004060 seconds, Stopping threads took: 0.0000540 seconds
151.304: Application time: 0.0366000 seconds
151.304: [GC151.304: [ParNew: 7054K->402K(7424K), 0.0003280 secs] 15528K->8877K(23808K), 0.0003620 secs] [Times: user=0.01 sys=0.00, real=0.00 secs] 
151.304: Total time for which application threads were stopped: 0.0004840 seconds, Stopping threads took: 0.0000600 seconds
151.340: Application time: 0.0353320 seconds
151.340: [GC151.340: [ParNew: 7058K->390K(7424K), 0.0003560 secs] 15533K->8865K(23808K), 0.0003760 secs] [Times: user=0.00 sys=0.00, real=0.00 secs] 
151.340: Total time for which application threads were stopped: 0.0004850 seconds, Stopping threads took: 0.0000510 seconds
151.376: Application time: 0.0355000 seconds
151.376: [GC151.376: [ParNew: 7046K->322K(7424K), 0.0002840 secs] 15521K->8901K(23808K), 0.0003010 secs] [Times: user=0.00 sys=0.00, real=0.00 secs] 
151.376: Total time for which application threads were stopped: 0.0003950 seconds, Stopping threads took: 0.0000480 seconds
151.411: Application time: 0.0352310 seconds
151.411: [GC151.411: [ParNew: 6978K->321K(7424K), 0.0002360 secs] 15557K->8900K(23808K), 0.0002540 secs] [Times: user=0.00 sys=0.00, real=0.00 secs] 
151.412: Total time for which application threads were stopped: 0.0003490 seconds, Stopping threads took: 0.0000500 seconds
151.447: Application time: 0.0351470 seconds
151.447: [GC151.447: [ParNew: 6977K->317K(7424K), 0.0002560 secs] 15556K->8895K(23808K), 0.0002730 secs] [Times: user=0.00 sys=0.00, real=0.00 secs] 
151.447: Total time for which application threads were stopped: 0.0003620 seconds, Stopping threads took: 0.0000420 seconds
151.483: Application time: 0.0355500 seconds
151.483: [GC151.483: [ParNew: 6973K->318K(7424K), 0.0002650 secs] 15551K->8897K(23808K), 0.0002820 secs] [Times: user=0.00 sys=0.00, real=0.00 secs] 
151.483: Total time for which application threads were stopped: 0.0003690 seconds, Stopping threads took: 0.0000440 seconds
151.518: Application time: 0.0352420 seconds
151.518: [GC151.519: [ParNew: 6974K->313K(7424K), 0.0002500 secs] 15553K->8892K(23808K), 0.0002670 secs] [Times: user=0.00 sys=0.00, real=0.00 secs] 
151.519: Total time for which application threads were stopped: 0.0003580 seconds, Stopping threads took: 0.0000460 seconds
151.554: Application time: 0.0349650 seconds
151.554: [GC151.554: [ParNew: 6969K->332K(7424K), 0.0002580 secs] 15548K->8911K(23808K), 0.0002760 secs] [Times: user=0.00 sys=0.00, real=0.01 secs] 
151.554: Total time for which application threads were stopped: 0.0003610 seconds, Stopping threads took: 0.0000420 seconds
151.589: Application time: 0.0348900 seconds
151.589: [GC151.589: [ParNew: 6988K->333K(7424K), 0.0002670 secs] 15567K->8911K(23808K), 0.0002860 secs] [Times: user=0.01 sys=0.00, real=0.00 secs] 
151.589: Total time for which application threads were stopped: 0.0003800 seconds, Stopping threads took: 0.0000450 seconds
151.625: Application time: 0.0354060 seconds
151.625: [GC151.625: [ParNew: 6989K->340K(7424K), 0.0002810 secs] 15567K->8918K(23808K), 0.0002980 secs] [Times: user=0.00 sys=0.00, real=0.00 secs] 
151.625: Total time for which application threads were stopped: 0.0003860 seconds, Stopping threads took: 0.0000420 seconds
151.661: Application time: 0.0354860 seconds
151.661: [GC151.661: [ParNew: 6996K->339K(7424K), 0.0002680 secs] 15574K->8918K(23808K), 0.0002850 secs] [Times: user=0.01 sys=0.00, real=0.00 secs] 
151.661: Total time for which application threads were stopped: 0.0003780 seconds, Stopping threads took: 0.0000460 seconds
151.696: Application time: 0.0351520 seconds
151.696: [GC151.696: [ParNew: 6995K->340K(7424K), 0.0002720 secs] 15574K->8919K(23808K), 0.0002890 secs] [Times: user=0.00 sys=0.00, real=0.00 secs] 
151.697: Total time for which application threads were stopped: 0.0003730 seconds, Stopping threads took: 0.0000370 seconds
151.732: Application time: 0.0352590 seconds
151.732: [GC151.732: [ParNew: 6996K->204K(7424K), 0.0002760 secs] 15575K->8966K(23808K), 0.0002930 secs] [Times: user=0.00 sys=0.00, real=0.00 secs] 
151.732: Total time for which application threads were stopped: 0.0003850 seconds, Stopping threads took: 0.0000440 seconds
151.768: Application time: 0.0352950 seconds
151.768: [GC151.768: [ParNew: 6860K->161K(7424K), 0.0002460 secs] 15622K->8972K(23808K), 0.0002710 secs] [Times: user=0.01 sys=0.00, real=0.00 secs] 
151.768: Total time for which application threads were stopped: 0.0003710 seconds, Stopping threads took: 0.0000450 seconds
151.803: Application time: 0.0352780 seconds
151.803: [GC151.803: [ParNew: 6817K->164K(7424K), 0.0002910 secs] 15628K->8975K(23808K), 0.0003080 secs] [Times: user=0.00 sys=0.00, real=0.00 secs] 
151.804: Total time for which application threads were stopped: 0.0003960 seconds, Stopping threads took: 0.0000420 seconds
151.839: Application time: 0.0353950 seconds
151.839: [GC151.839: [ParNew: 6820K->169K(7424K), 0.0002360 secs] 15631K->8979K(23808K), 0.0002540 secs] [Times: user=0.00 sys=0.00, real=0.00 secs] 
151.839: Total time for which application threads were stopped: 0.0003450 seconds, Stopping threads took: 0.0000470 seconds
151.875: Application time: 0.0352460 seconds
151.875: [GC151.875: [ParNew: 6825K->169K(7424K), 0.0002310 secs] 15635K->8980K(23808K), 0.0002490 secs] [Times: user=0.00 sys=0.00, real=0.00 secs] 
151.875: Total time for which application threads were stopped: 0.0003430 seconds, Stopping threads took: 0.0000480 seconds
151.910: Application time: 0.0347650 seconds
151.910: [GC151.910: [ParNew: 6825K->190K(7424K), 0.0002620 secs] 15636K->9001K(23808K), 0.0002790 secs] [Times: user=0.00 sys=0.00, real=0.00 secs] 
151.910: Total time for which application threads were stopped: 0.0003720 seconds, Stopping threads took: 0.0000430 seconds
151.943: Application time: 0.0330250 seconds
151.943: [GC151.943: [ParNew: 6846K->320K(7424K), 0.0002570 secs] 15657K->9131K(23808K), 0.0002750 secs] [Times: user=0.00 sys=0.00, real=0.00 secs] 
151.943: Total time for which application threads were stopped: 0.0003690 seconds, Stopping threads took: 0.0000460 seconds
151.977: Application time: 0.0339370 seconds
151.977: [GC151.977: [ParNew: 6976K->395K(7424K), 0.0003610 secs] 15787K->9206K(23808K), 0.0003780 secs] [Times: user=0.00 sys=0.00, real=0.00 secs] 
151.978: Total time for which application threads were stopped: 0.0004700 seconds, Stopping threads took: 0.0000450 seconds
152.013: Application time: 0.0352220 seconds
152.013: [GC152.013: [ParNew: 7051K->408K(7424K), 0.0002920 secs] 15862K->9219K(23808K), 0.0003100 secs] [Times: user=0.01 sys=0.00, real=0.00 secs] 
152.013: Total time for which application threads were stopped: 0.0004090 seconds, Stopping threads took: 0.0000510 seconds
152.049: Application time: 0.0355850 seconds
152.049: [GC152.049: [ParNew: 7064K->381K(7424K), 0.0002610 secs] 15875K->9192K(23808K), 0.0002790 secs] [Times: user=0.00 sys=0.00, real=0.00 secs] 
152.049: Total time for which application threads were stopped: 0.0003660 seconds, Stopping threads took: 0.0000400 seconds
152.084: Application time: 0.0350250 seconds
152.085: [GC152.085: [ParNew: 7037K->399K(7424K), 0.0002770 secs] 15848K->9210K(23808K), 0.0002950 secs] [Times: user=0.00 sys=0.00, real=0.00 secs] 
152.085: Total time for which application threads were stopped: 0.0003930 seconds, Stopping threads took: 0.0000520 seconds
152.120: Application time: 0.0353020 seconds
152.120: [GC152.120: [ParNew: 7055K->352K(7424K), 0.0003180 secs] 15866K->9235K(23808K), 0.0003350 secs] [Times: user=0.00 sys=0.00, real=0.00 secs] 
152.121: Total time for which application threads were stopped: 0.0004230 seconds, Stopping threads took: 0.0000430 seconds
152.156: Application time: 0.0356500 seconds
152.156: [GC152.156: [ParNew: 7008K->353K(7424K), 0.0002830 secs] 15891K->9236K(23808K), 0.0003000 secs] [Times: user=0.00 sys=0.00, real=0.00 secs] 
152.157: Total time for which application threads were stopped: 0.0003900 seconds, Stopping threads took: 0.0000450 seconds
152.192: Application time: 0.0353830 seconds
152.192: [GC152.192: [ParNew: 7009K->355K(7424K), 0.0002760 secs] 15892K->9238K(23808K), 0.0002940 secs] [Times: user=0.00 sys=0.00, real=0.00 secs] 
152.192: Total time for which application threads were stopped: 0.0003850 seconds, Stopping threads took: 0.0000450 seconds
152.227: Application time: 0.0350260 seconds
152.227: [GC152.228: [ParNew: 7011K->361K(7424K), 0.0002510 secs] 15894K->9244K(23808K), 0.0002760 secs] [Times: user=0.00 sys=0.00, real=0.00 secs] 
152.228: Total time for which application threads were stopped: 0.0003710 seconds, Stopping threads took: 0.0000500 seconds
152.263: Application time: 0.0354960 seconds
152.263: [GC152.263: [ParNew: 7017K->346K(7424K), 0.0002710 secs] 15900K->9229K(23808K), 0.0002880 secs] [Times: user=0.00 sys=0.00, real=0.00 secs] 
152.264: Total time for which application threads were stopped: 0.0003720 seconds, Stopping threads took: 0.0000370 seconds
152.299: Application time: 0.0350790 seconds
152.299: [GC152.299: [ParNew: 7002K->371K(7424K), 0.0002640 secs] 15885K->9254K(23808K), 0.0002810 secs] [Times: user=0.00 sys=0.00, real=0.00 secs] 
152.299: Total time for which application threads were stopped: 0.0003980 seconds, Stopping threads took: 0.0000600 seconds
152.335: Application time: 0.0356050 seconds
152.335: [GC152.335: [ParNew: 7027K->368K(7424K), 0.0003310 secs] 15910K->9251K(23808K), 0.0003540 secs] [Times: user=0.01 sys=0.00, real=0.00 secs] 
152.335: Total time for which application threads were stopped: 0.0004700 seconds, Stopping threads took: 0.0000560 seconds
152.370: Application time: 0.0350080 seconds
152.370: [GC152.370: [ParNew: 7024K->365K(7424K), 0.0003090 secs] 15907K->9248K(23808K), 0.0003290 secs] [Times: user=0.01 sys=0.00, real=0.00 secs] 
152.371: Total time for which application threads were stopped: 0.0004230 seconds, Stopping threads took: 0.0000420 seconds
152.406: Application time: 0.0350630 seconds
152.410: [GC152.410: [ParNew: 7021K->364K(7424K), 0.0002780 secs] 15904K->9247K(23808K), 0.0002980 secs] [Times: user=0.00 sys=0.00, real=0.00 secs] 
152.410: Total time for which application threads were stopped: 0.0047210 seconds, Stopping threads took: 0.0043750 seconds
152.445: Application time: 0.0350300 seconds
152.446: [GC152.446: [ParNew: 7020K->364K(7424K), 0.0003260 secs] 15903K->9247K(23808K), 0.0003440 secs] [Times: user=0.00 sys=0.00, real=0.00 secs] 
152.446: Total time for which application threads were stopped: 0.0004400 seconds, Stopping threads took: 0.0000460 seconds
152.481: Application time: 0.0354440 seconds
152.481: [GC152.481: [ParNew: 7020K->231K(7424K), 0.0002970 secs] 15903K->9290K(23808K), 0.0003160 secs] [Times: user=0.00 sys=0.00, real=0.00 secs] 
152.482: Total time for which application threads were stopped: 0.0004070 seconds, Stopping threads took: 0.0000440 seconds
152.517: Application time: 0.0355230 seconds
152.517: [GC152.517: [ParNew: 6887K->167K(7424K), 0.0002260 secs] 15946K->9314K(23808K), 0.0002440 secs] [Times: user=0.00 sys=0.00, real=0.00 secs] 
152.518: Total time for which application threads were stopped: 0.0003250 seconds, Stopping threads took: 0.0000340 seconds
152.553: Application time: 0.0350300 seconds
152.553: [GC152.553: [ParNew: 6823K->161K(7424K), 0.0002300 secs] 15970K->9308K(23808K), 0.0002470 secs] [Times: user=0.00 sys=0.00, real=0.00 secs] 
152.553: Total time for which application threads were stopped: 0.0003330 seconds, Stopping threads took: 0.0000400 seconds
152.604: Application time: 0.0514570 seconds
152.605: [GC152.605: [ParNew: 6817K->157K(7424K), 0.0002820 secs] 15964K->9304K(23808K), 0.0003030 secs] [Times: user=0.01 sys=0.00, real=0.00 secs] 
152.605: Total time for which application threads were stopped: 0.0004220 seconds, Stopping threads took: 0.0000410 seconds
152.639: Application time: 0.0345740 seconds
152.640: [GC152.640: [ParNew: 6813K->160K(7424K), 0.0003140 secs] 15960K->9307K(23808K), 0.0003300 secs] [Times: user=0.00 sys=0.00, real=0.00 secs] 
152.640: Total time for which application threads were stopped: 0.0004230 seconds, Stopping threads took: 0.0000480 seconds
152.674: Application time: 0.0339130 seconds
152.674: [GC152.674: [ParNew: 6816K->199K(7424K), 0.0002450 secs] 15963K->9346K(23808K), 0.0002600 secs] [Times: user=0.00 sys=0.00, real=0.01 secs] 
152.674: Total time for which application threads were stopped: 0.0003520 seconds, Stopping threads took: 0.0000460 seconds
152.707: Application time: 0.0331280 seconds
152.707: [GC152.707: [ParNew: 6855K->257K(7424K), 0.0002550 secs] 16002K->9404K(23808K), 0.0002800 secs] [Times: user=0.00 sys=0.00, real=0.00 secs] 
152.708: Total time for which application threads were stopped: 0.0003690 seconds, Stopping threads took: 0.0000440 seconds
152.740: Application time: 0.0321040 seconds
152.740: [GC152.740: [ParNew: 6913K->373K(7424K), 0.0002950 secs] 16060K->9520K(23808K), 0.0003140 secs] [Times: user=0.00 sys=0.00, real=0.00 secs] 
152.740: Total time for which application threads were stopped: 0.0004060 seconds, Stopping threads took: 0.0000480 seconds
152.774: Application time: 0.0340760 seconds
152.774: [GC152.774: [ParNew: 7029K->395K(7424K), 0.0002850 secs] 16176K->9542K(23808K), 0.0003040 secs] [Times: user=0.00 sys=0.00, real=0.00 secs] 
152.775: Total time for which application threads were stopped: 0.0003910 seconds, Stopping threads took: 0.0000410 seconds
152.810: Application time: 0.0357160 seconds
152.810: [GC152.810: [ParNew: 7051K->400K(7424K), 0.0003830 secs] 16198K->9547K(23808K), 0.0004040 secs] [Times: user=0.00 sys=0.00, real=0.00 secs] 
152.811: Total time for which application threads were stopped: 0.0005260 seconds, Stopping threads took: 0.0000570 seconds
152.846: Application time: 0.0346860 seconds
152.846: [GC152.846: [ParNew: 7056K->398K(7424K), 0.0002790 secs] 16203K->9545K(23808K), 0.0002960 secs] [Times: user=0.00 sys=0.00, real=0.00 secs] 
152.846: Total time for which application threads were stopped: 0.0003970 seconds, Stopping threads took: 0.0000530 seconds
152.880: Application time: 0.0343800 seconds
152.880: [GC152.880: [ParNew: 7054K->387K(7424K), 0.0003580 secs] 16201K->9534K(23808K), 0.0003770 secs] [Times: user=0.00 sys=0.00, real=0.00 secs] 
152.881: Total time for which application threads were stopped: 0.0004740 seconds, Stopping threads took: 0.0000500 seconds
152.915: Application time: 0.0345490 seconds
152.915: [GC152.915: [ParNew: 7043K->394K(7424K), 0.0003200 secs] 16190K->9541K(23808K), 0.0003370 secs] [Times: user=0.00 sys=0.00, real=0.00 secs] 
152.916: Total time for which application threads were stopped: 0.0004330 seconds, Stopping threads took: 0.0000410 seconds
152.950: Application time: 0.0344040 seconds
152.950: [GC152.950: [ParNew: 7050K->400K(7424K), 0.0002910 secs] 16197K->9547K(23808K), 0.0003070 secs] [Times: user=0.00 sys=0.00, real=0.00 secs] 
152.951: Total time for which application threads were stopped: 0.0004130 seconds, Stopping threads took: 0.0000600 seconds
152.985: Application time: 0.0340600 seconds
152.985: [GC152.985: [ParNew: 7056K->389K(7424K), 0.0002770 secs] 16203K->9536K(23808K), 0.0002930 secs] [Times: user=0.01 sys=0.00, real=0.00 secs] 
152.985: Total time for which application threads were stopped: 0.0003760 seconds, Stopping threads took: 0.0000400 seconds
153.020: Application time: 0.0346410 seconds
153.020: [GC153.020: [ParNew: 7045K->395K(7424K), 0.0002830 secs] 16192K->9542K(23808K), 0.0003010 secs] [Times: user=0.00 sys=0.00, real=0.00 secs] 
153.020: Total time for which application threads were stopped: 0.0003950 seconds, Stopping threads took: 0.0000470 seconds
153.054: Application time: 0.0343290 seconds
153.054: [GC153.054: [ParNew: 7051K->362K(7424K), 0.0003630 secs] 16198K->9565K(23808K), 0.0003810 secs] [Times: user=0.00 sys=0.00, real=0.00 secs] 
153.055: Total time for which application threads were stopped: 0.0004740 seconds, Stopping threads took: 0.0000450 seconds
153.089: Application time: 0.0338340 seconds
153.089: [GC153.089: [ParNew: 7018K->367K(7424K), 0.0002840 secs] 16221K->9570K(23808K), 0.0003020 secs] [Times: user=0.00 sys=0.00, real=0.00 secs] 
153.089: Total time for which application threads were stopped: 0.0004060 seconds, Stopping threads took: 0.0000580 seconds
153.123: Application time: 0.0340980 seconds
153.123: [GC153.123: [ParNew: 7023K->373K(7424K), 0.0002660 secs] 16226K->9576K(23808K), 0.0002830 secs] [Times: user=0.00 sys=0.00, real=0.00 secs] 
153.124: Total time for which application threads were stopped: 0.0003740 seconds, Stopping threads took: 0.0000440 seconds
153.158: Application time: 0.0345640 seconds
153.158: [GC153.158: [ParNew: 7029K->375K(7424K), 0.0002980 secs] 16232K->9578K(23808K), 0.0003220 secs] [Times: user=0.00 sys=0.00, real=0.00 secs] 
153.159: Total time for which application threads were stopped: 0.0004050 seconds, Stopping threads took: 0.0000370 seconds
153.193: Application time: 0.0342700 seconds
153.193: [GC153.193: [ParNew: 7031K->361K(7424K), 0.0002720 secs] 16234K->9565K(23808K), 0.0002900 secs] [Times: user=0.00 sys=0.00, real=0.00 secs] 
153.193: Total time for which application threads were stopped: 0.0003770 seconds, Stopping threads took: 0.0000400 seconds
153.227: Application time: 0.0341670 seconds
153.227: [GC153.227: [ParNew: 7017K->312K(7424K), 0.0003290 secs] 16221K->9603K(23808K), 0.0003470 secs] [Times: user=0.00 sys=0.00, real=0.00 secs] 
153.228: Total time for which application threads were stopped: 0.0004290 seconds, Stopping threads took: 0.0000380 seconds
153.262: Application time: 0.0345550 seconds
153.262: [GC153.262: [ParNew: 6968K->174K(7424K), 0.0003450 secs] 16259K->9641K(23808K), 0.0003610 secs] [Times: user=0.00 sys=0.00, real=0.00 secs] 
153.263: Total time for which application threads were stopped: 0.0004560 seconds, Stopping threads took: 0.0000500 seconds
153.297: Application time: 0.0344440 seconds
153.297: [GC153.297: [ParNew: 6830K->166K(7424K), 0.0002400 secs] 16297K->9633K(23808K), 0.0002580 secs] [Times: user=0.00 sys=0.00, real=0.00 secs] 
153.298: Total time for which application threads were stopped: 0.0003520 seconds, Stopping threads took: 0.0000500 seconds
153.332: Application time: 0.0343030 seconds
153.332: [GC153.332: [ParNew: 6822K->160K(7424K), 0.0003230 secs] 16289K->9627K(23808K), 0.0003440 secs] [Times: user=0.01 sys=0.00, real=0.00 secs] 
153.332: Total time for which application threads were stopped: 0.0004540 seconds, Stopping threads took: 0.0000460 seconds
153.367: Application time: 0.0345160 seconds
153.367: [GC153.367: [ParNew: 6816K->167K(7424K), 0.0003100 secs] 16283K->9634K(23808K), 0.0003280 secs] [Times: user=0.00 sys=0.00, real=0.00 secs] 
153.367: Total time for which application threads were stopped: 0.0004180 seconds, Stopping threads took: 0.0000440 seconds
153.402: Application time: 0.0344200 seconds
153.402: [GC153.402: [ParNew: 6823K->167K(7424K), 0.0002610 secs] 16290K->9635K(23808K), 0.0002790 secs] [Times: user=0.00 sys=0.00, real=0.01 secs] 
153.402: Total time for which application threads were stopped: 0.0003610 seconds, Stopping threads took: 0.0000390 seconds
153.435: Application time: 0.0333180 seconds
153.435: [GC153.436: [ParNew: 6823K->222K(7424K), 0.0002200 secs] 16291K->9689K(23808K), 0.0002400 secs] [Times: user=0.01 sys=0.00, real=0.00 secs] 
153.436: Total time for which application threads were stopped: 0.0003360 seconds, Stopping threads took: 0.0000470 seconds
153.468: Application time: 0.0319230 seconds
153.468: [GC153.468: [ParNew: 6878K->349K(7424K), 0.0003300 secs] 16345K->9816K(23808K), 0.0003480 secs] [Times: user=0.00 sys=0.00, real=0.00 secs] 
153.468: Total time for which application threads were stopped: 0.0004400 seconds, Stopping threads took: 0.0000450 seconds
153.502: Application time: 0.0339410 seconds
153.502: [GC153.502: [ParNew: 7005K->397K(7424K), 0.0003040 secs] 16472K->9865K(23808K), 0.0003230 secs] [Times: user=0.00 sys=0.00, real=0.00 secs] 
153.502: Total time for which application threads were stopped: 0.0004050 seconds, Stopping threads took: 0.0000360 seconds
153.537: Application time: 0.0346530 seconds
153.537: [GC153.537: [ParNew: 7053K->392K(7424K), 0.0002640 secs] 16521K->9860K(23808K), 0.0002840 secs] [Times: user=0.00 sys=0.00, real=0.00 secs] 
153.538: Total time for which application threads were stopped: 0.0003790 seconds, Stopping threads took: 0.0000480 seconds
153.572: Application time: 0.0342440 seconds
153.572: [GC153.572: [ParNew: 7048K->394K(7424K), 0.0002700 secs] 16516K->9862K(23808K), 0.0002880 secs] [Times: user=0.00 sys=0.00, real=0.00 secs] 
153.572: Total time for which application threads were stopped: 0.0003860 seconds, Stopping threads took: 0.0000440 seconds
153.607: Application time: 0.0347080 seconds
153.607: [GC153.607: [ParNew: 7050K->385K(7424K), 0.0003420 secs] 16518K->9852K(23808K), 0.0003600 secs] [Times: user=0.00 sys=0.00, real=0.00 secs] 
153.607: Total time for which application threads were stopped: 0.0004580 seconds, Stopping threads took: 0.0000520 seconds
153.642: Application time: 0.0344350 seconds
153.642: [GC153.642: [ParNew: 7041K->394K(7424K), 0.0002780 secs] 16508K->9861K(23808K), 0.0002970 secs] [Times: user=0.00 sys=0.00, real=0.01 secs] 
153.642: Total time for which application threads were stopped: 0.0003790 seconds, Stopping threads took: 0.0000350 seconds
153.677: Application time: 0.0345740 seconds
153.677: [GC153.677: [ParNew: 7050K->396K(7424K), 0.0002950 secs] 16517K->9863K(23808K), 0.0003140 secs] [Times: user=0.00 sys=0.00, real=0.00 secs] 
153.677: Total time for which application threads were stopped: 0.0004010 seconds, Stopping threads took: 0.0000400 seconds
153.711: Application time: 0.0341340 seconds
153.711: [GC153.711: [ParNew: 7052K->399K(7424K), 0.0002810 secs] 16519K->9867K(23808K), 0.0002980 secs] [Times: user=0.00 sys=0.00, real=0.00 secs] 
153.712: Total time for which application threads were stopped: 0.0003880 seconds, Stopping threads took: 0.0000420 seconds
153.746: Application time: 0.0346300 seconds
153.746: [GC153.746: [ParNew: 7055K->398K(7424K), 0.0002670 secs] 16523K->9866K(23808K), 0.0002860 secs] [Times: user=0.00 sys=0.00, real=0.00 secs] 
153.747: Total time for which application threads were stopped: 0.0003940 seconds, Stopping threads took: 0.0000590 seconds
153.781: Application time: 0.0344200 seconds
153.781: [GC153.781: [ParNew: 7054K->382K(7424K), 0.0002620 secs] 16522K->9849K(23808K), 0.0002780 secs] [Times: user=0.00 sys=0.00, real=0.00 secs] 
153.781: Total time for which application threads were stopped: 0.0003870 seconds, Stopping threads took: 0.0000620 seconds
153.815: Application time: 0.0340140 seconds
153.816: [GC153.816: [ParNew: 7038K->385K(7424K), 0.0003450 secs] 16505K->9852K(23808K), 0.0003600 secs] [Times: user=0.00 sys=0.00, real=0.00 secs] 
153.816: Total time for which application threads were stopped: 0.0004430 seconds, Stopping threads took: 0.0000370 seconds
153.850: Application time: 0.0339960 seconds
153.854: [GC153.854: [ParNew: 7041K->392K(7424K), 0.0003150 secs] 16508K->9860K(23808K), 0.0003350 secs] [Times: user=0.00 sys=0.00, real=0.00 secs] 
153.854: Total time for which application threads were stopped: 0.0045560 seconds, Stopping threads took: 0.0041640 seconds
153.889: Application time: 0.0349820 seconds
153.890: [GC153.890: [ParNew: 7048K->399K(7424K), 0.0003120 secs] 16516K->9867K(23808K), 0.0003300 secs] [Times: user=0.00 sys=0.00, real=0.00 secs] 
153.890: Total time for which application threads were stopped: 0.0004450 seconds, Stopping threads took: 0.0000680 seconds
153.924: Application time: 0.0342390 seconds
153.924: [GC153.924: [ParNew: 7055K->396K(7424K), 0.0002680 secs] 16523K->9863K(23808K), 0.0002860 secs] [Times: user=0.01 sys=0.00, real=0.00 secs] 
153.925: Total time for which application threads were stopped: 0.0003680 seconds, Stopping threads took: 0.0000370 seconds
153.959: Application time: 0.0341360 seconds
153.959: [GC153.959: [ParNew: 7052K->336K(7424K), 0.0002590 secs] 16519K->9900K(23808K), 0.0002750 secs] [Times: user=0.00 sys=0.00, real=0.00 secs] 
153.959: Total time for which application threads were stopped: 0.0003600 seconds, Stopping threads took: 0.0000410 seconds
153.994: Application time: 0.0345970 seconds
153.994: [GC153.994: [ParNew: 6992K->199K(7424K), 0.0002650 secs] 16556K->9939K(23808K), 0.0002840 secs] [Times: user=0.00 sys=0.00, real=0.00 secs] 
153.994: Total time for which application threads were stopped: 0.0003720 seconds, Stopping threads took: 0.0000430 seconds
154.028: Application time: 0.0342900 seconds
154.028: [GC154.028: [ParNew: 6855K->165K(7424K), 0.0002400 secs] 16595K->9952K(23808K), 0.0002580 secs] [Times: user=0.01 sys=0.00, real=0.00 secs] 
154.029: Total time for which application threads were stopped: 0.0003600 seconds, Stopping threads took: 0.0000480 seconds
154.063: Application time: 0.0343090 seconds
154.063: [GC154.063: [ParNew: 6821K->162K(7424K), 0.0002300 secs] 16608K->9949K(23808K), 0.0002470 secs] [Times: user=0.00 sys=0.00, real=0.00 secs] 
154.063: Total time for which application threads were stopped: 0.0003330 seconds, Stopping threads took: 0.0000400 seconds
154.098: Application time: 0.0346050 seconds
154.098: [GC154.098: [ParNew: 6818K->161K(7424K), 0.0002650 secs] 16605K->9949K(23808K), 0.0002820 secs] [Times: user=0.00 sys=0.00, real=0.00 secs] 
154.098: Total time for which application threads were stopped: 0.0003630 seconds, Stopping threads took: 0.0000370 seconds
154.133: Application time: 0.0343070 seconds
154.133: [GC154.133: [ParNew: 6817K->165K(7424K), 0.0003130 secs] 16605K->9953K(23808K), 0.0003310 secs] [Times: user=0.00 sys=0.00, real=0.00 secs] 
154.133: Total time for which application threads were stopped: 0.0004140 seconds, Stopping threads took: 0.0000370 seconds
154.166: Application time: 0.0335130 seconds
154.167: [GC154.167: [ParNew: 6821K->224K(7424K), 0.0002160 secs] 16609K->10012K(23808K), 0.0002330 secs] [Times: user=0.00 sys=0.00, real=0.00 secs] 
154.167: Total time for which application threads were stopped: 0.0003260 seconds, Stopping threads took: 0.0000460 seconds
154.199: Application time: 0.0319810 seconds
154.202: [GC154.202: [ParNew: 6880K->360K(7424K), 0.0002730 secs] 16668K->10147K(23808K), 0.0002920 secs] [Times: user=0.01 sys=0.00, real=0.00 secs] 
154.202: Total time for which application threads were stopped: 0.0036090 seconds, Stopping threads took: 0.0032670 seconds
154.236: Application time: 0.0338910 seconds
154.236: [GC154.236: [ParNew: 7016K->390K(7424K), 0.0002800 secs] 16803K->10178K(23808K), 0.0002990 secs] [Times: user=0.00 sys=0.00, real=0.00 secs] 
154.237: Total time for which application threads were stopped: 0.0003970 seconds, Stopping threads took: 0.0000520 seconds
154.271: Application time: 0.0341730 seconds
154.271: [GC154.271: [ParNew: 7046K->396K(7424K), 0.0002770 secs] 16834K->10184K(23808K), 0.0002950 secs] [Times: user=0.00 sys=0.00, real=0.00 secs] 
154.271: Total time for which application threads were stopped: 0.0003830 seconds, Stopping threads took: 0.0000400 seconds
154.306: Application time: 0.0343880 seconds
154.306: [GC154.306: [ParNew: 7052K->396K(7424K), 0.0002960 secs] 16840K->10184K(23808K), 0.0003140 secs] [Times: user=0.00 sys=0.00, real=0.00 secs] 
154.306: Total time for which application threads were stopped: 0.0004160 seconds, Stopping threads took: 0.0000540 seconds
154.342: Application time: 0.0360540 seconds
154.342: [GC154.342: [ParNew: 7052K->391K(7424K), 0.0003260 secs] 16840K->10179K(23808K), 0.0003530 secs] [Times: user=0.00 sys=0.00, real=0.00 secs] 
154.343: Total time for which application threads were stopped: 0.0004740 seconds, Stopping threads took: 0.0000590 seconds
154.377: Application time: 0.0341980 seconds
154.377: [GC154.377: [ParNew: 7047K->391K(7424K), 0.0003570 secs] 16835K->10178K(23808K), 0.0003750 secs] [Times: user=0.01 sys=0.00, real=0.00 secs] 
154.377: Total time for which application threads were stopped: 0.0004750 seconds, Stopping threads took: 0.0000430 seconds
154.411: Application time: 0.0341420 seconds
154.411: [GC154.411: [ParNew: 7047K->392K(7424K), 0.0003330 secs] 16834K->10180K(23808K), 0.0003530 secs] [Times: user=0.00 sys=0.00, real=0.00 secs] 
154.412: Total time for which application threads were stopped: 0.0004480 seconds, Stopping threads took: 0.0000410 seconds
154.446: Application time: 0.0345840 seconds
154.447: [GC154.447: [ParNew: 7048K->391K(7424K), 0.0004480 secs] 16836K->10179K(23808K), 0.0004650 secs] [Times: user=0.01 sys=0.00, real=0.00 secs] 
154.447: Total time for which application threads were stopped: 0.0005670 seconds, Stopping threads took: 0.0000580 seconds
154.481: Application time: 0.0344180 seconds
154.481: [GC154.482: [ParNew: 7047K->394K(7424K), 0.0002610 secs] 16835K->10181K(23808K), 0.0002870 secs] [Times: user=0.00 sys=0.00, real=0.00 secs] 
154.482: Total time for which application threads were stopped: 0.0003720 seconds, Stopping threads took: 0.0000370 seconds
154.516: Application time: 0.0346310 seconds
154.517: [GC154.517: [ParNew: 7050K->397K(7424K), 0.0002910 secs] 16837K->10185K(23808K), 0.0003070 secs] [Times: user=0.00 sys=0.00, real=0.00 secs] 
154.517: Total time for which application threads were stopped: 0.0003950 seconds, Stopping threads took: 0.0000410 seconds
154.551: Application time: 0.0341160 seconds
154.551: [GC154.551: [ParNew: 7053K->400K(7424K), 0.0002950 secs] 16841K->10188K(23808K), 0.0003130 secs] [Times: user=0.00 sys=0.00, real=0.00 secs] 
154.551: Total time for which application threads were stopped: 0.0004040 seconds, Stopping threads took: 0.0000440 seconds
154.585: Application time: 0.0339640 seconds
154.585: [GC154.585: [ParNew: 7056K->402K(7424K), 0.0002890 secs] 16844K->10189K(23808K), 0.0003070 secs] [Times: user=0.00 sys=0.00, real=0.00 secs] 
154.586: Total time for which application threads were stopped: 0.0004100 seconds, Stopping threads took: 0.0000570 seconds
154.620: Application time: 0.0345090 seconds
154.620: [GC154.620: [ParNew: 7058K->392K(7424K), 0.0002900 secs] 16845K->10179K(23808K), 0.0003070 secs] [Times: user=0.00 sys=0.00, real=0.00 secs] 
154.621: Total time for which application threads were stopped: 0.0003990 seconds, Stopping threads took: 0.0000440 seconds
154.655: Application time: 0.0342870 seconds
154.655: [GC154.655: [ParNew: 7048K->397K(7424K), 0.0002930 secs] 16835K->10185K(23808K), 0.0003120 secs] [Times: user=0.00 sys=0.00, real=0.00 secs] 
154.655: Total time for which application threads were stopped: 0.0004070 seconds, Stopping threads took: 0.0000470 seconds
154.690: Application time: 0.0344240 seconds
154.690: [GC154.690: [ParNew: 7053K->345K(7424K), 0.0003010 secs] 16841K->10220K(23808K), 0.0003200 secs] [Times: user=0.01 sys=0.00, real=0.00 secs] 
154.690: Total time for which application threads were stopped: 0.0004140 seconds, Stopping threads took: 0.0000470 seconds
154.725: Application time: 0.0347160 seconds
154.725: [GC154.725: [ParNew: 7001K->201K(7424K), 0.0002740 secs] 16876K->10257K(23808K), 0.0002920 secs] [Times: user=0.00 sys=0.00, real=0.00 secs] 
154.725: Total time for which application threads were stopped: 0.0003850 seconds, Stopping threads took: 0.0000470 seconds
154.760: Application time: 0.0342230 seconds
154.760: [GC154.760: [ParNew: 6857K->164K(7424K), 0.0002460 secs] 16913K->10267K(23808K), 0.0002640 secs] [Times: user=0.01 sys=0.00, real=0.00 secs] 
154.760: Total time for which application threads were stopped: 0.0003750 seconds, Stopping threads took: 0.0000650 seconds
154.794: Application time: 0.0344340 seconds
154.794: [GC154.794: [ParNew: 6820K->166K(7424K), 0.0002480 secs] 16923K->10270K(23808K), 0.0002640 secs] [Times: user=0.00 sys=0.00, real=0.00 secs] 
154.795: Total time for which application threads were stopped: 0.0003840 seconds, Stopping threads took: 0.0000760 seconds
154.829: Application time: 0.0342640 seconds
154.829: [GC154.829: [ParNew: 6822K->170K(7424K), 0.0002340 secs] 16926K->10274K(23808K), 0.0002520 secs] [Times: user=0.00 sys=0.00, real=0.00 secs] 
154.829: Total time for which application threads were stopped: 0.0003430 seconds, Stopping threads took: 0.0000440 seconds
154.864: Application time: 0.0343350 seconds
154.864: [GC154.864: [ParNew: 6826K->164K(7424K), 0.0002380 secs] 16930K->10268K(23808K), 0.0002560 secs] [Times: user=0.00 sys=0.00, real=0.00 secs] 
154.864: Total time for which application threads were stopped: 0.0003390 seconds, Stopping threads took: 0.0000360 seconds
154.897: Application time: 0.0332700 seconds
154.897: [GC154.897: [ParNew: 6820K->224K(7424K), 0.0002170 secs] 16924K->10328K(23808K), 0.0002360 secs] [Times: user=0.01 sys=0.00, real=0.00 secs] 
154.898: Total time for which application threads were stopped: 0.0003280 seconds, Stopping threads took: 0.0000390 seconds
154.930: Application time: 0.0324460 seconds
154.930: [GC154.930: [ParNew: 6880K->340K(7424K), 0.0003280 secs] 16984K->10444K(23808K), 0.0003530 secs] [Times: user=0.00 sys=0.00, real=0.00 secs] 
154.930: Total time for which application threads were stopped: 0.0004480 seconds, Stopping threads took: 0.0000460 seconds
154.964: Application time: 0.0334180 seconds
154.964: [GC154.964: [ParNew: 6996K->397K(7424K), 0.0002790 secs] 17100K->10501K(23808K), 0.0002960 secs] [Times: user=0.01 sys=0.00, real=0.00 secs] 
154.964: Total time for which application threads were stopped: 0.0003870 seconds, Stopping threads took: 0.0000420 seconds
154.999: Application time: 0.0346060 seconds
154.999: [GC154.999: [ParNew: 7053K->401K(7424K), 0.0003010 secs] 17157K->10505K(23808K), 0.0003180 secs] [Times: user=0.00 sys=0.00, real=0.00 secs] 
154.999: Total time for which application threads were stopped: 0.0004030 seconds, Stopping threads took: 0.0000380 seconds
155.033: Application time: 0.0341320 seconds
155.034: [GC155.034: [ParNew: 7057K->394K(7424K), 0.0003040 secs] 17161K->10498K(23808K), 0.0003200 secs] [Times: user=0.00 sys=0.00, real=0.00 secs] 
155.034: Total time for which application threads were stopped: 0.0004210 seconds, Stopping threads took: 0.0000550 seconds
155.068: Application time: 0.0345570 seconds
155.068: [GC155.068: [ParNew: 7050K->399K(7424K), 0.0002980 secs] 17154K->10503K(23808K), 0.0003150 secs] [Times: user=0.01 sys=0.00, real=0.00 secs] 
155.069: Total time for which application threads were stopped: 0.0004070 seconds, Stopping threads took: 0.0000440 seconds
155.103: Application time: 0.0346480 seconds
155.104: [GC155.104: [ParNew: 7055K->399K(7424K), 0.0002960 secs] 17159K->10502K(23808K), 0.0003120 secs] [Times: user=0.00 sys=0.00, real=0.00 secs] 
155.104: Total time for which application threads were stopped: 0.0003930 seconds, Stopping threads took: 0.0000350 seconds
155.138: Application time: 0.0345580 seconds
155.138: [GC155.139: [ParNew: 7055K->397K(7424K), 0.0002610 secs] 17158K->10501K(23808K), 0.0002790 secs] [Times: user=0.00 sys=0.00, real=0.00 secs] 
155.139: Total time for which application threads were stopped: 0.0003670 seconds, Stopping threads took: 0.0000420 seconds
155.173: Application time: 0.0346350 seconds
155.174: [GC155.174: [ParNew: 7053K->392K(7424K), 0.0002830 secs] 17157K->10496K(23808K), 0.0003000 secs] [Times: user=0.01 sys=0.00, real=0.00 secs] 
155.174: Total time for which application threads were stopped: 0.0004030 seconds, Stopping threads took: 0.0000570 seconds
155.208: Application time: 0.0342800 seconds
155.208: [GC155.208: [ParNew: 7048K->387K(7424K), 0.0003550 secs] 17152K->10491K(23808K), 0.0003720 secs] [Times: user=0.00 sys=0.00, real=0.00 secs] 
155.209: Total time for which application threads were stopped: 0.0004570 seconds, Stopping threads took: 0.0000370 seconds
155.243: Application time: 0.0344670 seconds
155.243: [GC155.243: [ParNew: 7043K->394K(7424K), 0.0002770 secs] 17147K->10498K(23808K), 0.0002930 secs] [Times: user=0.00 sys=0.00, real=0.00 secs] 
155.243: Total time for which application threads were stopped: 0.0003840 seconds, Stopping threads took: 0.0000450 seconds
155.278: Application time: 0.0341480 seconds
155.278: [GC155.278: [ParNew: 7050K->345K(7424K), 0.0002990 secs] 17154K->10537K(23808K), 0.0003170 secs] [Times: user=0.00 sys=0.00, real=0.00 secs] 
155.278: Total time for which application threads were stopped: 0.0004110 seconds, Stopping threads took: 0.0000450 seconds
155.312: Application time: 0.0342380 seconds
155.312: [GC155.312: [ParNew: 7001K->335K(7424K), 0.0003650 secs] 17193K->10527K(23808K), 0.0003890 secs] [Times: user=0.00 sys=0.00, real=0.00 secs] 
155.313: Total time for which application threads were stopped: 0.0006250 seconds, Stopping threads took: 0.0001750 seconds
155.347: Application time: 0.0340840 seconds
155.347: [GC155.347: [ParNew: 6991K->336K(7424K), 0.0002790 secs] 17183K->10528K(23808K), 0.0002980 secs] [Times: user=0.00 sys=0.00, real=0.00 secs] 
155.347: Total time for which application threads were stopped: 0.0003980 seconds, Stopping threads took: 0.0000480 seconds
155.382: Application time: 0.0345880 seconds
155.382: [GC155.382: [ParNew: 6992K->346K(7424K), 0.0002510 secs] 17184K->10538K(23808K), 0.0002770 secs] [Times: user=0.00 sys=0.00, real=0.01 secs] 
155.382: Total time for which application threads were stopped: 0.0003660 seconds, Stopping threads took: 0.0000450 seconds
155.417: Application time: 0.0344550 seconds
155.417: [GC155.417: [ParNew: 7002K->342K(7424K), 0.0002700 secs] 17194K->10533K(23808K), 0.0002870 secs] [Times: user=0.00 sys=0.00, real=0.00 secs] 
155.417: Total time for which application threads were stopped: 0.0003890 seconds, Stopping threads took: 0.0000410 seconds
155.451: Application time: 0.0341760 seconds
155.451: [GC155.451: [ParNew: 6998K->226K(7424K), 0.0002660 secs] 17189K->10570K(23808K), 0.0002830 secs] [Times: user=0.00 sys=0.00, real=0.00 secs] 
155.452: Total time for which application threads were stopped: 0.0003750 seconds, Stopping threads took: 0.0000470 seconds
155.486: Application time: 0.0347370 seconds
155.487: [GC155.487: [ParNew: 6882K->162K(7424K), 0.0003160 secs] 17226K->10606K(23808K), 0.0003350 secs] [Times: user=0.00 sys=0.00, real=0.00 secs] 
155.487: Total time for which application threads were stopped: 0.0004390 seconds, Stopping threads took: 0.0000590 seconds
155.521: Application time: 0.0342990 seconds
155.521: [GC155.521: [ParNew: 6818K->168K(7424K), 0.0002420 secs] 17262K->10612K(23808K), 0.0002600 secs] [Times: user=0.00 sys=0.00, real=0.00 secs] 
155.522: Total time for which application threads were stopped: 0.0003530 seconds, Stopping threads took: 0.0000470 seconds
155.556: Application time: 0.0343540 seconds
155.556: [GC155.556: [ParNew: 6824K->156K(7424K), 0.0002270 secs] 17268K->10600K(23808K), 0.0002440 secs] [Times: user=0.01 sys=0.00, real=0.00 secs] 
155.556: Total time for which application threads were stopped: 0.0003290 seconds, Stopping threads took: 0.0000390 seconds
155.591: Application time: 0.0343620 seconds
155.591: [GC155.591: [ParNew: 6812K->161K(7424K), 0.0002520 secs] 17256K->10605K(23808K), 0.0002730 secs] [Times: user=0.00 sys=0.00, real=0.00 secs] 
155.591: Total time for which application threads were stopped: 0.0003680 seconds, Stopping threads took: 0.0000470 seconds
155.624: Application time: 0.0333980 seconds
155.624: [GC155.624: [ParNew: 6817K->225K(7424K), 0.0002430 secs] 17261K->10669K(23808K), 0.0002610 secs] [Times: user=0.00 sys=0.00, real=0.00 secs] 
155.625: Total time for which application threads were stopped: 0.0003440 seconds, Stopping threads took: 0.0000330 seconds
155.657: Application time: 0.0327160 seconds
155.657: [GC155.657: [ParNew: 6881K->309K(7424K), 0.0002640 secs] 17325K->10754K(23808K), 0.0002810 secs] [Times: user=0.00 sys=0.00, real=0.00 secs] 
155.658: Total time for which application threads were stopped: 0.0003740 seconds, Stopping threads took: 0.0000450 seconds
155.691: Application time: 0.0336540 seconds
155.692: [GC155.692: [ParNew: 6965K->344K(7424K), 0.0003490 secs] 17410K->10788K(23808K), 0.0003670 secs] [Times: user=0.00 sys=0.00, real=0.00 secs] 
155.692: Total time for which application threads were stopped: 0.0004530 seconds, Stopping threads took: 0.0000400 seconds
155.726: Application time: 0.0337520 seconds
155.726: [GC155.726: [ParNew: 7000K->393K(7424K), 0.0002930 secs] 17444K->10838K(23808K), 0.0003170 secs] [Times: user=0.00 sys=0.00, real=0.00 secs] 
155.726: Total time for which application threads were stopped: 0.0004080 seconds, Stopping threads took: 0.0000440 seconds
155.760: Application time: 0.0342610 seconds
155.760: [GC155.760: [ParNew: 7049K->400K(7424K), 0.0002690 secs] 17494K->10845K(23808K), 0.0002870 secs] [Times: user=0.00 sys=0.00, real=0.00 secs] 
155.761: Total time for which application threads were stopped: 0.0003730 seconds, Stopping threads took: 0.0000400 seconds
155.795: Application time: 0.0343290 seconds
155.795: [GC155.795: [ParNew: 7056K->401K(7424K), 0.0002850 secs] 17501K->10845K(23808K), 0.0003020 secs] [Times: user=0.00 sys=0.00, real=0.00 secs] 
155.795: Total time for which application threads were stopped: 0.0003970 seconds, Stopping threads took: 0.0000410 seconds
155.831: Application time: 0.0355910 seconds
155.831: [GC155.831: [ParNew: 7057K->308K(7424K), 0.0003390 secs] 17501K->10872K(23808K), 0.0003600 secs] [Times: user=0.00 sys=0.00, real=0.00 secs] 
155.831: Total time for which application threads were stopped: 0.0004730 seconds, Stopping threads took: 0.0000540 seconds
155.866: Application time: 0.0343310 seconds
155.866: [GC155.866: [ParNew: 6964K->302K(7424K), 0.0002960 secs] 17528K->10866K(23808K), 0.0003150 secs] [Times: user=0.00 sys=0.00, real=0.00 secs] 
155.866: Total time for which application threads were stopped: 0.0004080 seconds, Stopping threads took: 0.0000440 seconds
155.900: Application time: 0.0342230 seconds
155.901: [GC155.901: [ParNew: 6958K->305K(7424K), 0.0002700 secs] 17522K->10869K(23808K), 0.0002870 secs] [Times: user=0.00 sys=0.00, real=0.00 secs] 
155.901: Total time for which application threads were stopped: 0.0003860 seconds, Stopping threads took: 0.0000520 seconds
155.935: Application time: 0.0344690 seconds
155.935: [GC155.935: [ParNew: 6961K->306K(7424K), 0.0002430 secs] 17525K->10871K(23808K), 0.0002610 secs] [Times: user=0.00 sys=0.00, real=0.00 secs] 
155.936: Total time for which application threads were stopped: 0.0003820 seconds, Stopping threads took: 0.0000640 seconds
155.970: Application time: 0.0342720 seconds
155.970: [GC155.970: [ParNew: 6962K->308K(7424K), 0.0002650 secs] 17527K->10873K(23808K), 0.0002810 secs] [Times: user=0.00 sys=0.00, real=0.00 secs] 
155.970: Total time for which application threads were stopped: 0.0003790 seconds, Stopping threads took: 0.0000470 seconds
156.004: Application time: 0.0339920 seconds
156.004: [GC156.004: [ParNew: 6964K->337K(7424K), 0.0002710 secs] 17529K->10901K(23808K), 0.0002900 secs] [Times: user=0.00 sys=0.00, real=0.00 secs] 
156.005: Total time for which application threads were stopped: 0.0003780 seconds, Stopping threads took: 0.0000400 seconds
156.039: Application time: 0.0339610 seconds
156.039: [GC156.039: [ParNew: 6993K->344K(7424K), 0.0002510 secs] 17557K->10908K(23808K), 0.0002690 secs] [Times: user=0.00 sys=0.00, real=0.00 secs] 
156.039: Total time for which application threads were stopped: 0.0003600 seconds, Stopping threads took: 0.0000430 seconds
156.073: Application time: 0.0343550 seconds
156.073: [GC156.073: [ParNew: 7000K->336K(7424K), 0.0002720 secs] 17564K->10900K(23808K), 0.0002900 secs] [Times: user=0.00 sys=0.00, real=0.00 secs] 
156.074: Total time for which application threads were stopped: 0.0003780 seconds, Stopping threads took: 0.0000410 seconds
156.108: Application time: 0.0345250 seconds
156.108: [GC156.108: [ParNew: 6992K->337K(7424K), 0.0003350 secs] 17556K->10901K(23808K), 0.0003520 secs] [Times: user=0.00 sys=0.00, real=0.00 secs] 
156.109: Total time for which application threads were stopped: 0.0004430 seconds, Stopping threads took: 0.0000430 seconds
156.143: Application time: 0.0343280 seconds
156.143: [GC156.143: [ParNew: 6993K->336K(7424K), 0.0002540 secs] 17557K->10900K(23808K), 0.0002720 secs] [Times: user=0.00 sys=0.00, real=0.00 secs] 
156.143: Total time for which application threads were stopped: 0.0003560 seconds, Stopping threads took: 0.0000380 seconds
156.178: Application time: 0.0349810 seconds
156.178: [GC156.179: [ParNew: 6992K->245K(7424K), 0.0002520 secs] 17556K->10941K(23808K), 0.0002710 secs] [Times: user=0.01 sys=0.00, real=0.00 secs] 
156.179: Total time for which application threads were stopped: 0.0003720 seconds, Stopping threads took: 0.0000540 seconds
156.213: Application time: 0.0340450 seconds
156.213: [GC156.213: [ParNew: 6901K->188K(7424K), 0.0002430 secs] 17597K->10996K(23808K), 0.0002600 secs] [Times: user=0.01 sys=0.00, real=0.00 secs] 
156.213: Total time for which application threads were stopped: 0.0003520 seconds, Stopping threads took: 0.0000440 seconds
156.248: Application time: 0.0345580 seconds
156.248: [GC156.248: [ParNew: 6844K->165K(7424K), 0.0002390 secs] 17652K->11029K(23808K), 0.0002560 secs] [Times: user=0.00 sys=0.00, real=0.00 secs] 
156.248: Total time for which application threads were stopped: 0.0003490 seconds, Stopping threads took: 0.0000410 seconds
156.283: Application time: 0.0345600 seconds
156.283: [GC156.283: [ParNew: 6821K->165K(7424K), 0.0002340 secs] 17685K->11029K(23808K), 0.0002510 secs] [Times: user=0.00 sys=0.00, real=0.00 secs] 
156.283: Total time for which application threads were stopped: 0.0003350 seconds, Stopping threads took: 0.0000370 seconds
156.317: Application time: 0.0343840 seconds
156.317: [GC156.317: [ParNew: 6821K->162K(7424K), 0.0002830 secs] 17685K->11026K(23808K), 0.0003040 secs] [Times: user=0.00 sys=0.00, real=0.00 secs] 
156.318: Total time for which application threads were stopped: 0.0004210 seconds, Stopping threads took: 0.0000570 seconds
156.352: Application time: 0.0340100 seconds
156.352: [GC156.352: [ParNew: 6818K->200K(7424K), 0.0002440 secs] 17682K->11064K(23808K), 0.0002610 secs] [Times: user=0.00 sys=0.00, real=0.00 secs] 
156.352: Total time for which application threads were stopped: 0.0003580 seconds, Stopping threads took: 0.0000510 seconds
156.386: Application time: 0.0335470 seconds
156.386: [GC156.386: [ParNew: 6856K->243K(7424K), 0.0002560 secs] 17720K->11107K(23808K), 0.0002740 secs] [Times: user=0.00 sys=0.00, real=0.00 secs] 
156.386: Total time for which application threads were stopped: 0.0003670 seconds, Stopping threads took: 0.0000460 seconds
156.419: Application time: 0.0326570 seconds
156.419: [GC156.419: [ParNew: 6899K->328K(7424K), 0.0003630 secs] 17763K->11193K(23808K), 0.0003810 secs] [Times: user=0.00 sys=0.00, real=0.00 secs] 
156.419: Total time for which application threads were stopped: 0.0004730 seconds, Stopping threads took: 0.0000430 seconds
156.453: Application time: 0.0337300 seconds
156.453: [GC156.453: [ParNew: 6984K->389K(7424K), 0.0002970 secs] 17849K->11254K(23808K), 0.0003150 secs] [Times: user=0.00 sys=0.00, real=0.00 secs] 
156.453: Total time for which application threads were stopped: 0.0004270 seconds, Stopping threads took: 0.0000530 seconds
156.488: Application time: 0.0341540 seconds
156.488: [GC156.488: [ParNew: 7045K->399K(7424K), 0.0002680 secs] 17910K->11263K(23808K), 0.0002870 secs] [Times: user=0.00 sys=0.00, real=0.00 secs] 
156.488: Total time for which application threads were stopped: 0.0003810 seconds, Stopping threads took: 0.0000480 seconds
156.522: Application time: 0.0343980 seconds
156.522: [GC156.522: [ParNew: 7055K->357K(7424K), 0.0002920 secs] 17919K->11293K(23808K), 0.0003100 secs] [Times: user=0.00 sys=0.00, real=0.00 secs] 
156.523: Total time for which application threads were stopped: 0.0004070 seconds, Stopping threads took: 0.0000500 seconds
156.557: Application time: 0.0346340 seconds
156.557: [GC156.557: [ParNew: 7013K->354K(7424K), 0.0002550 secs] 17949K->11290K(23808K), 0.0002740 secs] [Times: user=0.00 sys=0.00, real=0.00 secs] 
156.558: Total time for which application threads were stopped: 0.0003680 seconds, Stopping threads took: 0.0000470 seconds
156.592: Application time: 0.0343810 seconds
156.592: [GC156.592: [ParNew: 7010K->344K(7424K), 0.0003410 secs] 17946K->11281K(23808K), 0.0003590 secs] [Times: user=0.01 sys=0.00, real=0.00 secs] 
156.593: Total time for which application threads were stopped: 0.0004400 seconds, Stopping threads took: 0.0000350 seconds
156.627: Application time: 0.0342550 seconds
156.627: [GC156.627: [ParNew: 7000K->351K(7424K), 0.0003210 secs] 17937K->11288K(23808K), 0.0003380 secs] [Times: user=0.00 sys=0.00, real=0.00 secs] 
156.627: Total time for which application threads were stopped: 0.0004210 seconds, Stopping threads took: 0.0000370 seconds
156.662: Application time: 0.0345480 seconds
156.662: [GC156.662: [ParNew: 7007K->345K(7424K), 0.0002640 secs] 17944K->11282K(23808K), 0.0002820 secs] [Times: user=0.00 sys=0.00, real=0.01 secs] 
156.662: Total time for which application threads were stopped: 0.0003660 seconds, Stopping threads took: 0.0000400 seconds
156.696: Application time: 0.0341320 seconds
156.696: [GC156.696: [ParNew: 7001K->352K(7424K), 0.0002880 secs] 17938K->11289K(23808K), 0.0003120 secs] [Times: user=0.00 sys=0.00, real=0.00 secs] 
156.697: Total time for which application threads were stopped: 0.0004020 seconds, Stopping threads took: 0.0000440 seconds
156.731: Application time: 0.0343330 seconds
156.734: [GC156.734: [ParNew: 7008K->364K(7424K), 0.0002770 secs] 17945K->11301K(23808K), 0.0002960 secs] [Times: user=0.00 sys=0.00, real=0.00 secs] 
156.734: Total time for which application threads were stopped: 0.0034180 seconds, Stopping threads took: 0.0030710 seconds
156.768: Application time: 0.0339560 seconds
156.768: [GC156.768: [ParNew: 7020K->363K(7424K), 0.0002620 secs] 17957K->11300K(23808K), 0.0002800 secs] [Times: user=0.01 sys=0.00, real=0.00 secs] 
156.769: Total time for which application threads were stopped: 0.0003700 seconds, Stopping threads took: 0.0000430 seconds
156.803: Application time: 0.0340290 seconds
156.803: [GC156.803: [ParNew: 7019K->365K(7424K), 0.0002790 secs] 17956K->11302K(23808K), 0.0002960 secs] [Times: user=0.00 sys=0.00, real=0.00 secs] 
156.803: Total time for which application threads were stopped: 0.0003900 seconds, Stopping threads took: 0.0000470 seconds
156.838: Application time: 0.0344700 seconds
156.838: [GC156.838: [ParNew: 7021K->368K(7424K), 0.0002840 secs] 17958K->11305K(23808K), 0.0003050 secs] [Times: user=0.00 sys=0.00, real=0.00 secs] 
156.838: Total time for which application threads were stopped: 0.0004000 seconds, Stopping threads took: 0.0000490 seconds
156.872: Application time: 0.0341880 seconds
156.872: [GC156.872: [ParNew: 7024K->364K(7424K), 0.0003360 secs] 17961K->11300K(23808K), 0.0003540 secs] [Times: user=0.00 sys=0.00, real=0.00 secs] 
156.873: Total time for which application threads were stopped: 0.0004510 seconds, Stopping threads took: 0.0000500 seconds
156.907: Application time: 0.0345390 seconds
156.907: [GC156.907: [ParNew: 7020K->315K(7424K), 0.0002940 secs] 17956K->11332K(23808K), 0.0003110 secs] [Times: user=0.00 sys=0.00, real=0.00 secs] 
156.908: Total time for which application threads were stopped: 0.0004050 seconds, Stopping threads took: 0.0000490 seconds
156.942: Application time: 0.0344880 seconds
156.942: [GC156.942: [ParNew: 6971K->225K(7424K), 0.0002760 secs] 17988K->11362K(23808K), 0.0002950 secs] [Times: user=0.00 sys=0.00, real=0.00 secs] 
156.943: Total time for which application threads were stopped: 0.0003790 seconds, Stopping threads took: 0.0000350 seconds
156.977: Application time: 0.0345150 seconds
156.977: [GC156.977: [ParNew: 6881K->164K(7424K), 0.0002480 secs] 18018K->11405K(23808K), 0.0002650 secs] [Times: user=0.00 sys=0.00, real=0.00 secs] 
156.977: Total time for which application threads were stopped: 0.0003690 seconds, Stopping threads took: 0.0000480 seconds
157.012: Application time: 0.0343440 seconds
157.012: [GC157.012: [ParNew: 6820K->168K(7424K), 0.0002330 secs] 18061K->11408K(23808K), 0.0002500 secs] [Times: user=0.00 sys=0.00, real=0.00 secs] 
157.012: Total time for which application threads were stopped: 0.0003530 seconds, Stopping threads took: 0.0000570 seconds
157.047: Application time: 0.0344600 seconds
157.047: [GC157.047: [ParNew: 6824K->171K(7424K), 0.0002250 secs] 18064K->11412K(23808K), 0.0002420 secs] [Times: user=0.00 sys=0.00, real=0.00 secs] 
157.047: Total time for which application threads were stopped: 0.0003330 seconds, Stopping threads took: 0.0000460 seconds
157.081: Application time: 0.0339050 seconds
157.081: [GC157.081: [ParNew: 6827K->190K(7424K), 0.0002590 secs] 18068K->11431K(23808K), 0.0002770 secs] [Times: user=0.00 sys=0.00, real=0.00 secs] 
157.081: Total time for which application threads were stopped: 0.0003640 seconds, Stopping threads took: 0.0000410 seconds
157.115: Application time: 0.0339490 seconds
157.115: [GC157.115: [ParNew: 6846K->220K(7424K), 0.0002490 secs] 18087K->11460K(23808K), 0.0002660 secs] [Times: user=0.01 sys=0.00, real=0.00 secs] 
157.115: Total time for which application threads were stopped: 0.0003730 seconds, Stopping threads took: 0.0000610 seconds
157.148: Application time: 0.0322540 seconds
157.148: [GC157.148: [ParNew: 6876K->335K(7424K), 0.0002690 secs] 18116K->11576K(23808K), 0.0002950 secs] [Times: user=0.00 sys=0.00, real=0.00 secs] 
157.148: Total time for which application threads were stopped: 0.0003850 seconds, Stopping threads took: 0.0000430 seconds
157.182: Application time: 0.0336820 seconds
157.182: [GC157.182: [ParNew: 6991K->387K(7424K), 0.0002850 secs] 18232K->11628K(23808K), 0.0003030 secs] [Times: user=0.00 sys=0.00, real=0.01 secs] 
157.182: Total time for which application threads were stopped: 0.0003930 seconds, Stopping threads took: 0.0000410 seconds
157.216: Application time: 0.0341850 seconds
157.216: [GC157.216: [ParNew: 7043K->395K(7424K), 0.0002730 secs] 18284K->11636K(23808K), 0.0002900 secs] [Times: user=0.00 sys=0.00, real=0.00 secs] 
157.217: Total time for which application threads were stopped: 0.0003850 seconds, Stopping threads took: 0.0000480 seconds
157.251: Application time: 0.0346510 seconds
157.251: [GC157.252: [ParNew: 7051K->393K(7424K), 0.0003500 secs] 18292K->11633K(23808K), 0.0003650 secs] [Times: user=0.00 sys=0.00, real=0.00 secs] 
157.252: Total time for which application threads were stopped: 0.0004500 seconds, Stopping threads took: 0.0000410 seconds
157.286: Application time: 0.0344150 seconds
157.286: [GC157.286: [ParNew: 7049K->391K(7424K), 0.0003360 secs] 18289K->11631K(23808K), 0.0003530 secs] [Times: user=0.01 sys=0.00, real=0.00 secs] 
157.287: Total time for which application threads were stopped: 0.0004460 seconds, Stopping threads took: 0.0000480 seconds
157.321: Application time: 0.0343860 seconds
157.321: [GC157.321: [ParNew: 7047K->394K(7424K), 0.0004120 secs] 18287K->11634K(23808K), 0.0004360 secs] [Times: user=0.00 sys=0.00, real=0.00 secs] 
157.322: Total time for which application threads were stopped: 0.0005530 seconds, Stopping threads took: 0.0000540 seconds
157.357: Application time: 0.0355080 seconds
157.357: [GC157.357: [ParNew: 7050K->401K(7424K), 0.0004150 secs] 18290K->11642K(23808K), 0.0004380 secs] [Times: user=0.01 sys=0.00, real=0.00 secs] 
157.358: Total time for which application threads were stopped: 0.0005560 seconds, Stopping threads took: 0.0000600 seconds
157.392: Application time: 0.0346280 seconds
157.392: [GC157.392: [ParNew: 7057K->359K(7424K), 0.0002800 secs] 18298K->11680K(23808K), 0.0003010 secs] [Times: user=0.00 sys=0.00, real=0.00 secs] 
157.393: Total time for which application threads were stopped: 0.0004000 seconds, Stopping threads took: 0.0000450 seconds
157.427: Application time: 0.0343670 seconds
157.427: [GC157.427: [ParNew: 7015K->350K(7424K), 0.0002570 secs] 18336K->11671K(23808K), 0.0002770 secs] [Times: user=0.00 sys=0.00, real=0.00 secs] 
157.428: Total time for which application threads were stopped: 0.0003710 seconds, Stopping threads took: 0.0000450 seconds
157.462: Application time: 0.0340510 seconds
157.462: [GC157.462: [ParNew: 7006K->371K(7424K), 0.0002810 secs] 18327K->11692K(23808K), 0.0002990 secs] [Times: user=0.00 sys=0.00, real=0.00 secs] 
157.462: Total time for which application threads were stopped: 0.0003900 seconds, Stopping threads took: 0.0000420 seconds
157.496: Application time: 0.0342070 seconds
157.496: [GC157.496: [ParNew: 7027K->375K(7424K), 0.0002900 secs] 18348K->11696K(23808K), 0.0003080 secs] [Times: user=0.00 sys=0.00, real=0.00 secs] 
157.497: Total time for which application threads were stopped: 0.0004050 seconds, Stopping threads took: 0.0000410 seconds
157.531: Application time: 0.0343700 seconds
157.531: [GC157.531: [ParNew: 7031K->363K(7424K), 0.0002880 secs] 18352K->11683K(23808K), 0.0003060 secs] [Times: user=0.00 sys=0.00, real=0.00 secs] 
157.531: Total time for which application threads were stopped: 0.0004050 seconds, Stopping threads took: 0.0000510 seconds
157.566: Application time: 0.0343330 seconds
157.566: [GC157.566: [ParNew: 7019K->366K(7424K), 0.0003250 secs] 18339K->11687K(23808K), 0.0003430 secs] [Times: user=0.00 sys=0.00, real=0.00 secs] 
157.566: Total time for which application threads were stopped: 0.0004340 seconds, Stopping threads took: 0.0000450 seconds
157.600: Application time: 0.0342480 seconds
157.600: [GC157.600: [ParNew: 7022K->369K(7424K), 0.0002740 secs] 18343K->11689K(23808K), 0.0002990 secs] [Times: user=0.00 sys=0.00, real=0.00 secs] 
157.601: Total time for which application threads were stopped: 0.0003870 seconds, Stopping threads took: 0.0000430 seconds
157.635: Application time: 0.0344090 seconds
157.635: [GC157.635: [ParNew: 7025K->342K(7424K), 0.0002930 secs] 18345K->11719K(23808K), 0.0003110 secs] [Times: user=0.00 sys=0.00, real=0.00 secs] 
157.636: Total time for which application threads were stopped: 0.0004070 seconds, Stopping threads took: 0.0000470 seconds
157.670: Application time: 0.0342440 seconds
157.670: [GC157.670: [ParNew: 6998K->233K(7424K), 0.0002940 secs] 18375K->11766K(23808K), 0.0003130 secs] [Times: user=0.00 sys=0.00, real=0.00 secs] 
157.670: Total time for which application threads were stopped: 0.0004040 seconds, Stopping threads took: 0.0000450 seconds
157.705: Application time: 0.0344620 seconds
157.705: [GC157.705: [ParNew: 6889K->171K(7424K), 0.0002290 secs] 18422K->11800K(23808K), 0.0002480 secs] [Times: user=0.00 sys=0.00, real=0.00 secs] 
157.705: Total time for which application threads were stopped: 0.0003310 seconds, Stopping threads took: 0.0000400 seconds
157.740: Application time: 0.0345980 seconds
157.740: [GC157.740: [ParNew: 6827K->170K(7424K), 0.0002430 secs] 18456K->11799K(23808K), 0.0002600 secs] [Times: user=0.00 sys=0.00, real=0.00 secs] 
157.740: Total time for which application threads were stopped: 0.0003540 seconds, Stopping threads took: 0.0000480 seconds
157.774: Application time: 0.0340900 seconds
157.774: [GC157.774: [ParNew: 6826K->162K(7424K), 0.0002330 secs] 18455K->11791K(23808K), 0.0002510 secs] [Times: user=0.00 sys=0.00, real=0.00 secs] 
157.774: Total time for which application threads were stopped: 0.0003420 seconds, Stopping threads took: 0.0000440 seconds
157.809: Application time: 0.0347210 seconds
157.809: [GC157.809: [ParNew: 6817K->153K(7424K), 0.0002520 secs] 18446K->11782K(23808K), 0.0002710 secs] [Times: user=0.00 sys=0.00, real=0.00 secs] 
157.810: Total time for which application threads were stopped: 0.0003620 seconds, Stopping threads took: 0.0000430 seconds
157.842: Application time: 0.0329060 seconds
157.842: [GC157.842: [ParNew: 6809K->225K(7424K), 0.0002370 secs] 18438K->11854K(23808K), 0.0002530 secs] [Times: user=0.00 sys=0.00, real=0.00 secs] 
157.843: Total time for which application threads were stopped: 0.0003420 seconds, Stopping threads took: 0.0000410 seconds
157.876: Application time: 0.0330280 seconds
157.876: [GC157.876: [ParNew: 6881K->292K(7424K), 0.0003230 secs] 18510K->11921K(23808K), 0.0003400 secs] [Times: user=0.00 sys=0.00, real=0.00 secs] 
157.876: Total time for which application threads were stopped: 0.0004300 seconds, Stopping threads took: 0.0000440 seconds
157.910: Application time: 0.0333280 seconds
157.910: [GC157.910: [ParNew: 6948K->395K(7424K), 0.0003390 secs] 18577K->12024K(23808K), 0.0003560 secs] [Times: user=0.00 sys=0.00, real=0.00 secs] 
157.910: Total time for which application threads were stopped: 0.0004450 seconds, Stopping threads took: 0.0000420 seconds
157.944: Application time: 0.0341400 seconds
157.944: [GC157.944: [ParNew: 7051K->394K(7424K), 0.0004030 secs] 18680K->12023K(23808K), 0.0004200 secs] [Times: user=0.00 sys=0.00, real=0.00 secs] 
157.945: Total time for which application threads were stopped: 0.0005100 seconds, Stopping threads took: 0.0000420 seconds
157.979: Application time: 0.0341100 seconds
157.979: [GC157.979: [ParNew: 7050K->394K(7424K), 0.0003440 secs] 18679K->12023K(23808K), 0.0003620 secs] [Times: user=0.01 sys=0.00, real=0.00 secs] 
157.979: Total time for which application threads were stopped: 0.0004720 seconds, Stopping threads took: 0.0000620 seconds
158.014: Application time: 0.0348090 seconds
158.014: [GC158.014: [ParNew: 7050K->393K(7424K), 0.0002730 secs] 18679K->12022K(23808K), 0.0002900 secs] [Times: user=0.00 sys=0.00, real=0.00 secs] 
158.014: Total time for which application threads were stopped: 0.0003950 seconds, Stopping threads took: 0.0000390 seconds
158.049: Application time: 0.0342100 seconds
158.049: [GC158.049: [ParNew: 7049K->398K(7424K), 0.0002930 secs] 18678K->12027K(23808K), 0.0003120 secs] [Times: user=0.00 sys=0.00, real=0.00 secs] 
158.049: Total time for which application threads were stopped: 0.0004070 seconds, Stopping threads took: 0.0000470 seconds
158.083: Application time: 0.0343070 seconds
158.083: [GC158.083: [ParNew: 7054K->394K(7424K), 0.0003030 secs] 18683K->12022K(23808K), 0.0003200 secs] [Times: user=0.01 sys=0.00, real=0.00 secs] 
158.084: Total time for which application threads were stopped: 0.0004120 seconds, Stopping threads took: 0.0000440 seconds
158.118: Application time: 0.0345180 seconds
158.118: [GC158.118: [ParNew: 7050K->271K(7424K), 0.0003040 secs] 18678K->12069K(23808K), 0.0003200 secs] [Times: user=0.00 sys=0.00, real=0.00 secs] 
158.119: Total time for which application threads were stopped: 0.0004270 seconds, Stopping threads took: 0.0000610 seconds
158.153: Application time: 0.0340440 seconds
158.153: [GC158.153: [ParNew: 6927K->275K(7424K), 0.0002640 secs] 18725K->12072K(23808K), 0.0002810 secs] [Times: user=0.00 sys=0.00, real=0.00 secs] 
158.153: Total time for which application threads were stopped: 0.0003770 seconds, Stopping threads took: 0.0000490 seconds
158.188: Application time: 0.0344710 seconds
158.188: [GC158.188: [ParNew: 6931K->294K(7424K), 0.0003170 secs] 18728K->12091K(23808K), 0.0003340 secs] [Times: user=0.00 sys=0.00, real=0.00 secs] 
158.188: Total time for which application threads were stopped: 0.0004220 seconds, Stopping threads took: 0.0000430 seconds
158.223: Application time: 0.0344790 seconds
158.223: [GC158.223: [ParNew: 6950K->309K(7424K), 0.0002450 secs] 18747K->12106K(23808K), 0.0002630 secs] [Times: user=0.00 sys=0.00, real=0.00 secs] 
158.223: Total time for which application threads were stopped: 0.0003450 seconds, Stopping threads took: 0.0000360 seconds
158.257: Application time: 0.0341340 seconds
158.257: [GC158.257: [ParNew: 6965K->307K(7424K), 0.0002730 secs] 18762K->12104K(23808K), 0.0002900 secs] [Times: user=0.00 sys=0.00, real=0.00 secs] 
158.257: Total time for which application threads were stopped: 0.0003790 seconds, Stopping threads took: 0.0000420 seconds
158.291: Application time: 0.0340280 seconds
158.291: [GC158.291: [ParNew: 6963K->308K(7424K), 0.0002700 secs] 18760K->12106K(23808K), 0.0002880 secs] [Times: user=0.00 sys=0.00, real=0.00 secs] 
158.292: Total time for which application threads were stopped: 0.0003730 seconds, Stopping threads took: 0.0000380 seconds
158.327: Application time: 0.0351290 seconds
158.327: [GC158.327: [ParNew: 6964K->309K(7424K), 0.0002970 secs] 18762K->12106K(23808K), 0.0003190 secs] [Times: user=0.01 sys=0.00, real=0.00 secs] 
158.327: Total time for which application threads were stopped: 0.0004310 seconds, Stopping threads took: 0.0000520 seconds
158.361: Application time: 0.0340800 seconds
158.361: [GC158.362: [ParNew: 6965K->308K(7424K), 0.0002540 secs] 18762K->12105K(23808K), 0.0002720 secs] [Times: user=0.00 sys=0.00, real=0.00 secs] 
158.362: Total time for which application threads were stopped: 0.0003640 seconds, Stopping threads took: 0.0000440 seconds
158.396: Application time: 0.0345040 seconds
158.396: [GC158.396: [ParNew: 6964K->256K(7424K), 0.0002410 secs] 18761K->12149K(23808K), 0.0002600 secs] [Times: user=0.00 sys=0.00, real=0.00 secs] 
158.397: Total time for which application threads were stopped: 0.0003540 seconds, Stopping threads took: 0.0000480 seconds
158.431: Application time: 0.0343660 seconds
158.431: [GC158.431: [ParNew: 6912K->172K(7424K), 0.0002480 secs] 18805K->12185K(23808K), 0.0002660 secs] [Times: user=0.00 sys=0.00, real=0.00 secs] 
158.431: Total time for which application threads were stopped: 0.0003490 seconds, Stopping threads took: 0.0000360 seconds
158.465: Application time: 0.0341300 seconds
158.466: [GC158.466: [ParNew: 6828K->166K(7424K), 0.0003030 secs] 18841K->12179K(23808K), 0.0003190 secs] [Times: user=0.00 sys=0.00, real=0.00 secs] 
158.466: Total time for which application threads were stopped: 0.0004120 seconds, Stopping threads took: 0.0000400 seconds
158.501: Application time: 0.0346590 seconds
158.501: [GC158.501: [ParNew: 6822K->169K(7424K), 0.0002260 secs] 18835K->12182K(23808K), 0.0002440 secs] [Times: user=0.01 sys=0.00, real=0.00 secs] 
158.501: Total time for which application threads were stopped: 0.0003440 seconds, Stopping threads took: 0.0000540 seconds
158.535: Application time: 0.0343140 seconds
158.535: [GC158.535: [ParNew: 6825K->169K(7424K), 0.0001990 secs] 18838K->12182K(23808K), 0.0002160 secs] [Times: user=0.00 sys=0.00, real=0.00 secs] 
158.536: Total time for which application threads were stopped: 0.0003160 seconds, Stopping threads took: 0.0000440 seconds
158.570: Application time: 0.0343690 seconds
158.570: [GC158.570: [ParNew: 6825K->205K(7424K), 0.0002430 secs] 18838K->12218K(23808K), 0.0002630 secs] [Times: user=0.00 sys=0.00, real=0.00 secs] 
158.570: Total time for which application threads were stopped: 0.0003680 seconds, Stopping threads took: 0.0000560 seconds
158.603: Application time: 0.0324470 seconds
158.603: [GC158.603: [ParNew: 6861K->307K(7424K), 0.0002740 secs] 18874K->12320K(23808K), 0.0002910 secs] [Times: user=0.00 sys=0.00, real=0.00 secs] 
158.603: Total time for which application threads were stopped: 0.0003770 seconds, Stopping threads took: 0.0000380 seconds
158.636: Application time: 0.0328860 seconds
158.636: [GC158.636: [ParNew: 6963K->391K(7424K), 0.0003000 secs] 18976K->12404K(23808K), 0.0003180 secs] [Times: user=0.00 sys=0.00, real=0.00 secs] 
158.636: Total time for which application threads were stopped: 0.0004070 seconds, Stopping threads took: 0.0000390 seconds
158.671: Application time: 0.0345940 seconds
158.671: [GC158.671: [ParNew: 7047K->396K(7424K), 0.0002720 secs] 19060K->12409K(23808K), 0.0002890 secs] [Times: user=0.00 sys=0.00, real=0.00 secs] 
158.671: Total time for which application threads were stopped: 0.0003870 seconds, Stopping threads took: 0.0000500 seconds
158.706: Application time: 0.0342520 seconds
158.706: [GC158.706: [ParNew: 7052K->392K(7424K), 0.0002860 secs] 19065K->12406K(23808K), 0.0003080 secs] [Times: user=0.00 sys=0.00, real=0.00 secs] 
158.706: Total time for which application threads were stopped: 0.0004020 seconds, Stopping threads took: 0.0000470 seconds
158.740: Application time: 0.0344360 seconds
158.741: [GC158.741: [ParNew: 7048K->394K(7424K), 0.0003000 secs] 19062K->12408K(23808K), 0.0003170 secs] [Times: user=0.01 sys=0.00, real=0.00 secs] 
158.741: Total time for which application threads were stopped: 0.0004230 seconds, Stopping threads took: 0.0000590 seconds
158.776: Application time: 0.0346340 seconds
158.776: [GC158.776: [ParNew: 7050K->397K(7424K), 0.0003070 secs] 19064K->12410K(23808K), 0.0003250 secs] [Times: user=0.01 sys=0.00, real=0.00 secs] 
158.776: Total time for which application threads were stopped: 0.0004330 seconds, Stopping threads took: 0.0000590 seconds
158.810: Application time: 0.0342560 seconds
158.810: [GC158.810: [ParNew: 7053K->397K(7424K), 0.0003060 secs] 19066K->12410K(23808K), 0.0003240 secs] [Times: user=0.00 sys=0.00, real=0.00 secs] 
158.811: Total time for which application threads were stopped: 0.0004130 seconds, Stopping threads took: 0.0000410 seconds
158.846: Application time: 0.0353410 seconds
158.846: [GC158.846: [ParNew: 7053K->385K(7424K), 0.0004720 secs] 19066K->12398K(23808K), 0.0004920 secs] [Times: user=0.00 sys=0.00, real=0.00 secs] 
158.847: Total time for which application threads were stopped: 0.0006510 seconds, Stopping threads took: 0.0000980 seconds
158.882: Application time: 0.0349290 seconds
158.882: [GC158.882: [ParNew: 7041K->387K(7424K), 0.0002950 secs] 19054K->12400K(23808K), 0.0003120 secs] [Times: user=0.00 sys=0.00, real=0.00 secs] 
158.882: Total time for which application threads were stopped: 0.0004160 seconds, Stopping threads took: 0.0000580 seconds
158.916: Application time: 0.0342530 seconds
158.916: [GC158.916: [ParNew: 7043K->397K(7424K), 0.0002790 secs] 19056K->12411K(23808K), 0.0003070 secs] [Times: user=0.00 sys=0.00, real=0.00 secs] 
158.917: Total time for which application threads were stopped: 0.0004060 seconds, Stopping threads took: 0.0000520 seconds
158.951: Application time: 0.0340950 seconds
158.951: [GC158.951: [ParNew: 7053K->387K(7424K), 0.0002770 secs] 19067K->12400K(23808K), 0.0002950 secs] [Times: user=0.00 sys=0.00, real=0.00 secs] 
158.951: Total time for which application threads were stopped: 0.0003830 seconds, Stopping threads took: 0.0000420 seconds
158.985: Application time: 0.0341920 seconds
158.985: [GC158.985: [ParNew: 7043K->394K(7424K), 0.0003230 secs] 19056K->12407K(23808K), 0.0003400 secs] [Times: user=0.00 sys=0.00, real=0.00 secs] 
158.986: Total time for which application threads were stopped: 0.0004380 seconds, Stopping threads took: 0.0000490 seconds
159.020: Application time: 0.0343750 seconds
159.020: [GC159.020: [ParNew: 7050K->410K(7424K), 0.0003070 secs] 19063K->12423K(23808K), 0.0003260 secs] [Times: user=0.00 sys=0.00, real=0.00 secs] 
159.021: Total time for which application threads were stopped: 0.0004190 seconds, Stopping threads took: 0.0000460 seconds
159.055: Application time: 0.0342310 seconds
159.055: [GC159.055: [ParNew: 7066K->357K(7424K), 0.0003470 secs] 19079K->12426K(23808K), 0.0003670 secs] [Times: user=0.00 sys=0.00, real=0.00 secs] 
159.055: Total time for which application threads were stopped: 0.0004660 seconds, Stopping threads took: 0.0000420 seconds
159.089: Application time: 0.0341760 seconds
159.090: [GC159.090: [ParNew: 7013K->366K(7424K), 0.0002660 secs] 19082K->12435K(23808K), 0.0002840 secs] [Times: user=0.00 sys=0.00, real=0.00 secs] 
159.090: Total time for which application threads were stopped: 0.0003990 seconds, Stopping threads took: 0.0000680 seconds
159.124: Application time: 0.0346240 seconds
159.125: [GC159.125: [ParNew: 7022K->259K(7424K), 0.0002690 secs] 19091K->12492K(23808K), 0.0002870 secs] [Times: user=0.01 sys=0.00, real=0.00 secs] 
159.125: Total time for which application threads were stopped: 0.0003790 seconds, Stopping threads took: 0.0000450 seconds
159.159: Application time: 0.0342810 seconds
159.159: [GC159.159: [ParNew: 6915K->170K(7424K), 0.0002630 secs] 19148K->12527K(23808K), 0.0002790 secs] [Times: user=0.00 sys=0.00, real=0.00 secs] 
159.159: Total time for which application threads were stopped: 0.0003730 seconds, Stopping threads took: 0.0000480 seconds
159.194: Application time: 0.0343910 seconds
159.198: [GC159.198: [ParNew: 6826K->162K(7424K), 0.0002680 secs] 19183K->12520K(23808K), 0.0002860 secs] [Times: user=0.00 sys=0.00, real=0.00 secs] 
159.198: Total time for which application threads were stopped: 0.0045270 seconds, Stopping threads took: 0.0041940 seconds
159.233: Application time: 0.0345750 seconds
159.233: [GC159.233: [ParNew: 6818K->168K(7424K), 0.0002430 secs] 19176K->12526K(23808K), 0.0002590 secs] [Times: user=0.00 sys=0.00, real=0.00 secs] 
159.233: Total time for which application threads were stopped: 0.0003480 seconds, Stopping threads took: 0.0000450 seconds
159.268: Application time: 0.0342740 seconds
159.268: [GC159.268: [ParNew: 6824K->173K(7424K), 0.0002220 secs] 19182K->12531K(23808K), 0.0002410 secs] [Times: user=0.00 sys=0.00, real=0.00 secs] 
159.268: Total time for which application threads were stopped: 0.0003330 seconds, Stopping threads took: 0.0000440 seconds
159.302: Application time: 0.0337870 seconds
159.302: [GC159.302: [ParNew: 6829K->203K(7424K), 0.0002230 secs] 19187K->12561K(23808K), 0.0002410 secs] [Times: user=0.00 sys=0.00, real=0.01 secs] 
159.302: Total time for which application threads were stopped: 0.0003500 seconds, Stopping threads took: 0.0000620 seconds
159.335: Application time: 0.0326400 seconds
159.335: [GC159.335: [ParNew: 6859K->309K(7424K), 0.0003080 secs] 19217K->12666K(23808K), 0.0003310 secs] [Times: user=0.00 sys=0.00, real=0.00 secs] 
159.335: Total time for which application threads were stopped: 0.0004390 seconds, Stopping threads took: 0.0000500 seconds
159.370: Application time: 0.0345430 seconds
159.370: [GC159.370: [ParNew: 6965K->346K(7424K), 0.0003080 secs] 19322K->12703K(23808K), 0.0003340 secs] [Times: user=0.00 sys=0.00, real=0.00 secs] 
159.370: Total time for which application threads were stopped: 0.0004200 seconds, Stopping threads took: 0.0000400 seconds
159.404: Application time: 0.0334030 seconds
159.404: [GC159.404: [ParNew: 7002K->399K(7424K), 0.0003010 secs] 19359K->12757K(23808K), 0.0003180 secs] [Times: user=0.00 sys=0.00, real=0.00 secs] 
159.404: Total time for which application threads were stopped: 0.0004170 seconds, Stopping threads took: 0.0000510 seconds
159.438: Application time: 0.0343750 seconds
159.438: [GC159.438: [ParNew: 7055K->402K(7424K), 0.0002650 secs] 19413K->12759K(23808K), 0.0002830 secs] [Times: user=0.00 sys=0.00, real=0.00 secs] 
159.439: Total time for which application threads were stopped: 0.0003940 seconds, Stopping threads took: 0.0000630 seconds
159.473: Application time: 0.0345630 seconds
159.473: [GC159.473: [ParNew: 7058K->391K(7424K), 0.0003450 secs] 19415K->12748K(23808K), 0.0003620 secs] [Times: user=0.01 sys=0.00, real=0.00 secs] 
159.474: Total time for which application threads were stopped: 0.0004480 seconds, Stopping threads took: 0.0000400 seconds
159.508: Application time: 0.0342330 seconds
159.508: [GC159.508: [ParNew: 7047K->397K(7424K), 0.0002790 secs] 19404K->12755K(23808K), 0.0002970 secs] [Times: user=0.00 sys=0.00, real=0.00 secs] 
159.508: Total time for which application threads were stopped: 0.0003860 seconds, Stopping threads took: 0.0000420 seconds
159.543: Application time: 0.0343130 seconds
159.543: [GC159.543: [ParNew: 7053K->397K(7424K), 0.0002980 secs] 19411K->12755K(23808K), 0.0003170 secs] [Times: user=0.01 sys=0.00, real=0.00 secs] 
159.543: Total time for which application threads were stopped: 0.0004090 seconds, Stopping threads took: 0.0000430 seconds
159.578: Application time: 0.0345680 seconds
159.582: [GC159.582: [ParNew: 7053K->394K(7424K), 0.0003210 secs] 19411K->12751K(23808K), 0.0003400 secs] [Times: user=0.00 sys=0.00, real=0.00 secs] 
159.582: Total time for which application threads were stopped: 0.0047990 seconds, Stopping threads took: 0.0043980 seconds
159.617: Application time: 0.0342800 seconds
159.617: [GC159.617: [ParNew: 7050K->399K(7424K), 0.0002850 secs] 19407K->12756K(23808K), 0.0003050 secs] [Times: user=0.00 sys=0.00, real=0.00 secs] 
159.617: Total time for which application threads were stopped: 0.0004010 seconds, Stopping threads took: 0.0000470 seconds
159.652: Application time: 0.0344300 seconds
159.652: [GC159.652: [ParNew: 7055K->397K(7424K), 0.0002660 secs] 19412K->12754K(23808K), 0.0002850 secs] [Times: user=0.00 sys=0.00, real=0.00 secs] 
159.652: Total time for which application threads were stopped: 0.0003630 seconds, Stopping threads took: 0.0000290 seconds
159.686: Application time: 0.0341480 seconds
159.686: [GC159.686: [ParNew: 7053K->394K(7424K), 0.0002970 secs] 19410K->12752K(23808K), 0.0003150 secs] [Times: user=0.00 sys=0.00, real=0.00 secs] 
159.686: Total time for which application threads were stopped: 0.0004090 seconds, Stopping threads took: 0.0000440 seconds
159.720: Application time: 0.0338920 seconds
159.720: [GC159.720: [ParNew: 7050K->374K(7424K), 0.0002800 secs] 19408K->12795K(23808K), 0.0002990 secs] [Times: user=0.01 sys=0.00, real=0.00 secs] 
159.721: Total time for which application threads were stopped: 0.0003970 seconds, Stopping threads took: 0.0000490 seconds
159.755: Application time: 0.0339840 seconds
159.755: [GC159.755: [ParNew: 7030K->376K(7424K), 0.0002920 secs] 19451K->12797K(23808K), 0.0003080 secs] [Times: user=0.00 sys=0.00, real=0.00 secs] 
159.755: Total time for which application threads were stopped: 0.0003930 seconds, Stopping threads took: 0.0000370 seconds
159.790: Application time: 0.0344530 seconds
159.790: [GC159.790: [ParNew: 7032K->363K(7424K), 0.0002770 secs] 19453K->12785K(23808K), 0.0002940 secs] [Times: user=0.00 sys=0.00, real=0.00 secs] 
159.790: Total time for which application threads were stopped: 0.0003820 seconds, Stopping threads took: 0.0000420 seconds
159.824: Application time: 0.0344270 seconds
159.825: [GC159.825: [ParNew: 7019K->369K(7424K), 0.0002830 secs] 19441K->12790K(23808K), 0.0003080 secs] [Times: user=0.00 sys=0.00, real=0.00 secs] 
159.825: Total time for which application threads were stopped: 0.0003960 seconds, Stopping threads took: 0.0000410 seconds
159.859: Application time: 0.0343030 seconds
159.859: [GC159.859: [ParNew: 7025K->256K(7424K), 0.0002550 secs] 19446K->12842K(23808K), 0.0002710 secs] [Times: user=0.01 sys=0.00, real=0.00 secs] 
159.860: Total time for which application threads were stopped: 0.0004000 seconds, Stopping threads took: 0.0000820 seconds
159.894: Application time: 0.0344780 seconds
159.894: [GC159.894: [ParNew: 6912K->228K(7424K), 0.0002580 secs] 19498K->12870K(23808K), 0.0002760 secs] [Times: user=0.00 sys=0.00, real=0.00 secs] 
159.894: Total time for which application threads were stopped: 0.0003680 seconds, Stopping threads took: 0.0000460 seconds
159.929: Application time: 0.0344360 seconds
159.929: [GC159.929: [ParNew: 6884K->170K(7424K), 0.0003400 secs] 19526K->12907K(23808K), 0.0003570 secs] [Times: user=0.00 sys=0.00, real=0.00 secs] 
159.929: Total time for which application threads were stopped: 0.0004490 seconds, Stopping threads took: 0.0000450 seconds
159.964: Application time: 0.0345090 seconds
159.964: [GC159.964: [ParNew: 6826K->173K(7424K), 0.0002660 secs] 19563K->12910K(23808K), 0.0002830 secs] [Times: user=0.00 sys=0.00, real=0.00 secs] 
159.964: Total time for which application threads were stopped: 0.0003700 seconds, Stopping threads took: 0.0000430 seconds
159.999: Application time: 0.0343950 seconds
159.999: [GC159.999: [ParNew: 6829K->162K(7424K), 0.0002270 secs] 19566K->12900K(23808K), 0.0002420 secs] [Times: user=0.00 sys=0.00, real=0.00 secs] 
159.999: Total time for which application threads were stopped: 0.0003230 seconds, Stopping threads took: 0.0000360 seconds
160.033: Application time: 0.0338140 seconds
160.033: [GC160.033: [ParNew: 6806K->179K(7424K), 0.0002320 secs] 19544K->12916K(23808K), 0.0002510 secs] [Times: user=0.01 sys=0.00, real=0.00 secs] 
160.033: Total time for which application threads were stopped: 0.0003390 seconds, Stopping threads took: 0.0000400 seconds
160.066: Application time: 0.0331040 seconds
160.066: [GC160.066: [ParNew: 6835K->253K(7424K), 0.0002320 secs] 19572K->12991K(23808K), 0.0002510 secs] [Times: user=0.00 sys=0.00, real=0.00 secs] 
160.066: Total time for which application threads were stopped: 0.0003460 seconds, Stopping threads took: 0.0000460 seconds
160.099: Application time: 0.0328500 seconds
160.099: [GC160.099: [ParNew: 6909K->344K(7424K), 0.0002610 secs] 19647K->13082K(23808K), 0.0002780 secs] [Times: user=0.00 sys=0.00, real=0.00 secs] 
160.100: Total time for which application threads were stopped: 0.0003740 seconds, Stopping threads took: 0.0000430 seconds
160.133: Application time: 0.0333990 seconds
160.133: [GC160.133: [ParNew: 7000K->396K(7424K), 0.0003740 secs] 19738K->13134K(23808K), 0.0003910 secs] [Times: user=0.00 sys=0.00, real=0.00 secs] 
160.134: Total time for which application threads were stopped: 0.0004740 seconds, Stopping threads took: 0.0000380 seconds
160.168: Application time: 0.0344900 seconds
160.168: [GC160.168: [ParNew: 7052K->404K(7424K), 0.0002800 secs] 19790K->13142K(23808K), 0.0002980 secs] [Times: user=0.00 sys=0.00, real=0.00 secs] 
160.168: Total time for which application threads were stopped: 0.0003940 seconds, Stopping threads took: 0.0000500 seconds
160.203: Application time: 0.0343300 seconds
160.203: [GC160.203: [ParNew: 7060K->398K(7424K), 0.0002920 secs] 19798K->13136K(23808K), 0.0003100 secs] [Times: user=0.01 sys=0.00, real=0.00 secs] 
160.203: Total time for which application threads were stopped: 0.0003910 seconds, Stopping threads took: 0.0000360 seconds
160.237: Application time: 0.0342620 seconds
160.238: [GC160.238: [ParNew: 7054K->399K(7424K), 0.0002650 secs] 19792K->13137K(23808K), 0.0002820 secs] [Times: user=0.00 sys=0.00, real=0.00 secs] 
160.238: Total time for which application threads were stopped: 0.0003760 seconds, Stopping threads took: 0.0000410 seconds
160.272: Application time: 0.0344880 seconds
160.272: [GC160.272: [ParNew: 7055K->370K(7424K), 0.0002860 secs] 19793K->13172K(23808K), 0.0003040 secs] [Times: user=0.00 sys=0.00, real=0.00 secs] 
160.273: Total time for which application threads were stopped: 0.0004000 seconds, Stopping threads took: 0.0000480 seconds
160.307: Application time: 0.0344090 seconds
160.307: [GC160.307: [ParNew: 7026K->370K(7424K), 0.0002880 secs] 19828K->13171K(23808K), 0.0003050 secs] [Times: user=0.00 sys=0.00, real=0.00 secs] 
160.308: Total time for which application threads were stopped: 0.0004000 seconds, Stopping threads took: 0.0000480 seconds
160.342: Application time: 0.0347350 seconds
160.342: [GC160.342: [ParNew: 7026K->369K(7424K), 0.0003380 secs] 19827K->13171K(23808K), 0.0003620 secs] [Times: user=0.01 sys=0.00, real=0.00 secs] 
160.343: Total time for which application threads were stopped: 0.0004820 seconds, Stopping threads took: 0.0000590 seconds
160.378: Application time: 0.0354100 seconds
160.382: [GC160.382: [ParNew: 7025K->363K(7424K), 0.0003250 secs] 19827K->13165K(23808K), 0.0003490 secs] [Times: user=0.00 sys=0.00, real=0.00 secs] 
160.382: Total time for which application threads were stopped: 0.0043150 seconds, Stopping threads took: 0.0039050 seconds
160.417: Application time: 0.0343740 seconds
160.417: [GC160.417: [ParNew: 7019K->367K(7424K), 0.0003170 secs] 19821K->13168K(23808K), 0.0003370 secs] [Times: user=0.00 sys=0.00, real=0.00 secs] 
160.417: Total time for which application threads were stopped: 0.0004260 seconds, Stopping threads took: 0.0000390 seconds
160.451: Application time: 0.0339550 seconds
160.451: [GC160.451: [ParNew: 7023K->378K(7424K), 0.0002720 secs] 19824K->13180K(23808K), 0.0002890 secs] [Times: user=0.00 sys=0.00, real=0.00 secs] 
160.452: Total time for which application threads were stopped: 0.0003850 seconds, Stopping threads took: 0.0000480 seconds
160.486: Application time: 0.0342670 seconds
160.486: [GC160.486: [ParNew: 7034K->368K(7424K), 0.0003590 secs] 19836K->13170K(23808K), 0.0003770 secs] [Times: user=0.00 sys=0.00, real=0.00 secs] 
160.486: Total time for which application threads were stopped: 0.0004710 seconds, Stopping threads took: 0.0000460 seconds
160.521: Application time: 0.0342920 seconds
160.521: [GC160.521: [ParNew: 7024K->364K(7424K), 0.0002790 secs] 19826K->13166K(23808K), 0.0002960 secs] [Times: user=0.01 sys=0.00, real=0.00 secs] 
160.521: Total time for which application threads were stopped: 0.0003950 seconds, Stopping threads took: 0.0000510 seconds
160.555: Application time: 0.0343280 seconds
160.555: [GC160.555: [ParNew: 7020K->365K(7424K), 0.0003100 secs] 19822K->13166K(23808K), 0.0003290 secs] [Times: user=0.00 sys=0.00, real=0.00 secs] 
160.556: Total time for which application threads were stopped: 0.0004240 seconds, Stopping threads took: 0.0000470 seconds
160.590: Application time: 0.0344190 seconds
160.590: [GC160.590: [ParNew: 7021K->313K(7424K), 0.0002990 secs] 19822K->13219K(23808K), 0.0003160 secs] [Times: user=0.00 sys=0.00, real=0.00 secs] 
160.591: Total time for which application threads were stopped: 0.0004000 seconds, Stopping threads took: 0.0000360 seconds
160.625: Application time: 0.0343050 seconds
160.625: [GC160.625: [ParNew: 6969K->228K(7424K), 0.0002480 secs] 19875K->13262K(23808K), 0.0002640 secs] [Times: user=0.00 sys=0.00, real=0.00 secs] 
160.625: Total time for which application threads were stopped: 0.0003530 seconds, Stopping threads took: 0.0000370 seconds
160.660: Application time: 0.0345550 seconds
160.660: [GC160.660: [ParNew: 6884K->163K(7424K), 0.0002780 secs] 19918K->13301K(23808K), 0.0002960 secs] [Times: user=0.00 sys=0.00, real=0.00 secs] 
160.660: Total time for which application threads were stopped: 0.0003800 seconds, Stopping threads took: 0.0000370 seconds
160.695: Application time: 0.0343310 seconds
160.695: [GC160.695: [ParNew: 6819K->166K(7424K), 0.0002250 secs] 19957K->13304K(23808K), 0.0002420 secs] [Times: user=0.00 sys=0.00, real=0.00 secs] 
160.695: Total time for which application threads were stopped: 0.0003420 seconds, Stopping threads took: 0.0000440 seconds
160.729: Application time: 0.0345690 seconds
160.730: [GC160.730: [ParNew: 6822K->166K(7424K), 0.0002320 secs] 19960K->13304K(23808K), 0.0002480 secs] [Times: user=0.00 sys=0.00, real=0.00 secs] 
160.730: Total time for which application threads were stopped: 0.0003360 seconds, Stopping threads took: 0.0000430 seconds
160.764: Application time: 0.0342290 seconds
160.764: [GC160.764: [ParNew: 6822K->165K(7424K), 0.0002210 secs] 19960K->13303K(23808K), 0.0002380 secs] [Times: user=0.00 sys=0.00, real=0.00 secs] 
160.764: Total time for which application threads were stopped: 0.0003230 seconds, Stopping threads took: 0.0000390 seconds
160.797: Application time: 0.0326370 seconds
160.797: [GC160.797: [ParNew: 6821K->233K(7424K), 0.0002470 secs] 19959K->13371K(23808K), 0.0002650 secs] [Times: user=0.01 sys=0.00, real=0.00 secs] 
160.797: Total time for which application threads were stopped: 0.0003510 seconds, Stopping threads took: 0.0000380 seconds
160.831: Application time: 0.0335830 seconds
160.831: [GC160.831: [ParNew: 6889K->297K(7424K), 0.0002600 secs] 20027K->13435K(23808K), 0.0002770 secs] [Times: user=0.01 sys=0.00, real=0.00 secs] 
160.831: Total time for which application threads were stopped: 0.0003660 seconds, Stopping threads took: 0.0000440 seconds
160.865: Application time: 0.0334850 seconds
160.865: [GC160.865: [ParNew: 6953K->363K(7424K), 0.0003650 secs] 20091K->13501K(23808K), 0.0003820 secs] [Times: user=0.01 sys=0.00, real=0.00 secs] 
160.865: Total time for which application threads were stopped: 0.0004690 seconds, Stopping threads took: 0.0000390 seconds
160.899: Application time: 0.0337960 seconds
160.899: [GC160.899: [ParNew: 7019K->404K(7424K), 0.0002890 secs] 20157K->13542K(23808K), 0.0003080 secs] [Times: user=0.00 sys=0.00, real=0.00 secs] 
160.899: Total time for which application threads were stopped: 0.0003970 seconds, Stopping threads took: 0.0000400 seconds
160.934: Application time: 0.0344460 seconds
160.934: [GC160.934: [ParNew: 7060K->281K(7424K), 0.0003000 secs] 20198K->13579K(23808K), 0.0003170 secs] [Times: user=0.00 sys=0.00, real=0.01 secs] 
160.934: Total time for which application threads were stopped: 0.0004040 seconds, Stopping threads took: 0.0000400 seconds
160.968: Application time: 0.0341750 seconds
160.969: [GC160.969: [ParNew: 6937K->278K(7424K), 0.0002600 secs] 20235K->13576K(23808K), 0.0002770 secs] [Times: user=0.01 sys=0.00, real=0.00 secs] 
160.969: Total time for which application threads were stopped: 0.0003620 seconds, Stopping threads took: 0.0000380 seconds
161.003: Application time: 0.0345210 seconds
161.003: [GC161.003: [ParNew: 6934K->280K(7424K), 0.0003280 secs] 20232K->13578K(23808K), 0.0003450 secs] [Times: user=0.00 sys=0.00, real=0.00 secs] 
161.004: Total time for which application threads were stopped: 0.0004320 seconds, Stopping threads took: 0.0000400 seconds
161.038: Application time: 0.0344890 seconds
161.038: [GC161.038: [ParNew: 6936K->283K(7424K), 0.0002400 secs] 20234K->13581K(23808K), 0.0002590 secs] [Times: user=0.00 sys=0.00, real=0.00 secs] 
161.039: Total time for which application threads were stopped: 0.0003530 seconds, Stopping threads took: 0.0000450 seconds
161.073: Application time: 0.0340910 seconds
161.073: [GC161.073: [ParNew: 6939K->269K(7424K), 0.0003250 secs] 20237K->13567K(23808K), 0.0003420 secs] [Times: user=0.00 sys=0.00, real=0.00 secs] 
161.073: Total time for which application threads were stopped: 0.0004330 seconds, Stopping threads took: 0.0000430 seconds
161.108: Application time: 0.0346670 seconds
161.108: [GC161.108: [ParNew: 6925K->277K(7424K), 0.0002400 secs] 20223K->13575K(23808K), 0.0002570 secs] [Times: user=0.00 sys=0.00, real=0.00 secs] 
161.108: Total time for which application threads were stopped: 0.0003440 seconds, Stopping threads took: 0.0000400 seconds
161.143: Application time: 0.0345060 seconds
161.143: [GC161.143: [ParNew: 6933K->289K(7424K), 0.0002550 secs] 20231K->13587K(23808K), 0.0002790 secs] [Times: user=0.01 sys=0.00, real=0.00 secs] 
161.143: Total time for which application threads were stopped: 0.0003750 seconds, Stopping threads took: 0.0000420 seconds
161.177: Application time: 0.0340930 seconds
161.177: [GC161.177: [ParNew: 6945K->312K(7424K), 0.0002400 secs] 20243K->13610K(23808K), 0.0002570 secs] [Times: user=0.00 sys=0.00, real=0.00 secs] 
161.178: Total time for which application threads were stopped: 0.0003470 seconds, Stopping threads took: 0.0000460 seconds
161.212: Application time: 0.0340810 seconds
161.212: [GC161.212: [ParNew: 6968K->307K(7424K), 0.0002750 secs] 20266K->13605K(23808K), 0.0002920 secs] [Times: user=0.00 sys=0.00, real=0.00 secs] 
161.212: Total time for which application threads were stopped: 0.0003940 seconds, Stopping threads took: 0.0000520 seconds
161.246: Application time: 0.0341970 seconds
161.246: [GC161.246: [ParNew: 6963K->308K(7424K), 0.0002430 secs] 20261K->13606K(23808K), 0.0002600 secs] [Times: user=0.00 sys=0.00, real=0.00 secs] 
161.247: Total time for which application threads were stopped: 0.0003470 seconds, Stopping threads took: 0.0000400 seconds
161.281: Application time: 0.0343400 seconds
161.281: [GC161.281: [ParNew: 6964K->310K(7424K), 0.0002450 secs] 20262K->13608K(23808K), 0.0002630 secs] [Times: user=0.00 sys=0.00, real=0.00 secs] 
161.281: Total time for which application threads were stopped: 0.0003500 seconds, Stopping threads took: 0.0000420 seconds
161.316: Application time: 0.0344950 seconds
161.316: [GC161.316: [ParNew: 6966K->312K(7424K), 0.0003830 secs] 20264K->13610K(23808K), 0.0004050 secs] [Times: user=0.00 sys=0.00, real=0.00 secs] 
161.316: Total time for which application threads were stopped: 0.0005170 seconds, Stopping threads took: 0.0000520 seconds
161.351: Application time: 0.0345010 seconds
161.354: [GC161.354: [ParNew: 6968K->252K(7424K), 0.0003180 secs] 20266K->13654K(23808K), 0.0003370 secs] [Times: user=0.01 sys=0.00, real=0.00 secs] 
161.354: Total time for which application threads were stopped: 0.0037010 seconds, Stopping threads took: 0.0033150 seconds
161.389: Application time: 0.0345280 seconds
161.389: [GC161.389: [ParNew: 6908K->193K(7424K), 0.0002360 secs] 20310K->13683K(23808K), 0.0002550 secs] [Times: user=0.00 sys=0.00, real=0.00 secs] 
161.389: Total time for which application threads were stopped: 0.0003550 seconds, Stopping threads took: 0.0000520 seconds
161.424: Application time: 0.0342620 seconds
161.424: [GC161.424: [ParNew: 6849K->169K(7424K), 0.0002400 secs] 20339K->13707K(23808K), 0.0002580 secs] [Times: user=0.00 sys=0.00, real=0.00 secs] 
161.424: Total time for which application threads were stopped: 0.0003510 seconds, Stopping threads took: 0.0000480 seconds
161.459: Application time: 0.0345790 seconds
161.459: [GC161.459: [ParNew: 6825K->163K(7424K), 0.0002550 secs] 20363K->13702K(23808K), 0.0002730 secs] [Times: user=0.00 sys=0.00, real=0.00 secs] 
161.459: Total time for which application threads were stopped: 0.0003650 seconds, Stopping threads took: 0.0000480 seconds
161.493: Application time: 0.0342790 seconds
161.493: [GC161.493: [ParNew: 6819K->164K(7424K), 0.0002460 secs] 20358K->13703K(23808K), 0.0002630 secs] [Times: user=0.00 sys=0.00, real=0.00 secs] 
161.494: Total time for which application threads were stopped: 0.0003480 seconds, Stopping threads took: 0.0000400 seconds
161.527: Application time: 0.0334170 seconds
161.527: [GC161.527: [ParNew: 6820K->222K(7424K), 0.0002720 secs] 20359K->13761K(23808K), 0.0002890 secs] [Times: user=0.01 sys=0.00, real=0.00 secs] 
161.527: Total time for which application threads were stopped: 0.0003800 seconds, Stopping threads took: 0.0000430 seconds
161.560: Application time: 0.0326810 seconds
161.560: [GC161.560: [ParNew: 6878K->307K(7424K), 0.0002510 secs] 20417K->13845K(23808K), 0.0002690 secs] [Times: user=0.01 sys=0.00, real=0.00 secs] 
161.560: Total time for which application threads were stopped: 0.0003660 seconds, Stopping threads took: 0.0000500 seconds
161.594: Application time: 0.0333150 seconds
161.594: [GC161.594: [ParNew: 6963K->372K(7424K), 0.0002780 secs] 20501K->13910K(23808K), 0.0003040 secs] [Times: user=0.00 sys=0.00, real=0.01 secs] 
161.594: Total time for which application threads were stopped: 0.0004000 seconds, Stopping threads took: 0.0000500 seconds
161.628: Application time: 0.0335780 seconds
161.628: [GC161.628: [ParNew: 7028K->403K(7424K), 0.0002760 secs] 20566K->13941K(23808K), 0.0002940 secs] [Times: user=0.00 sys=0.00, real=0.00 secs] 
161.628: Total time for which application threads were stopped: 0.0003920 seconds, Stopping threads took: 0.0000500 seconds
161.663: Application time: 0.0348740 seconds
161.663: [GC161.663: [ParNew: 7059K->391K(7424K), 0.0002750 secs] 20597K->13929K(23808K), 0.0002920 secs] [Times: user=0.00 sys=0.00, real=0.00 secs] 
161.663: Total time for which application threads were stopped: 0.0003890 seconds, Stopping threads took: 0.0000410 seconds
161.697: Application time: 0.0340330 seconds
161.697: [GC161.697: [ParNew: 7047K->389K(7424K), 0.0002860 secs] 20585K->13927K(23808K), 0.0003040 secs] [Times: user=0.00 sys=0.00, real=0.00 secs] 
161.698: Total time for which application threads were stopped: 0.0003920 seconds, Stopping threads took: 0.0000440 seconds
161.732: Application time: 0.0345430 seconds
161.732: [GC161.732: [ParNew: 7045K->391K(7424K), 0.0003030 secs] 20583K->13929K(23808K), 0.0003200 secs] [Times: user=0.00 sys=0.00, real=0.00 secs] 
161.733: Total time for which application threads were stopped: 0.0004010 seconds, Stopping threads took: 0.0000350 seconds
161.767: Application time: 0.0346450 seconds
161.767: [GC161.767: [ParNew: 7047K->393K(7424K), 0.0002860 secs] 20585K->13931K(23808K), 0.0003040 secs] [Times: user=0.00 sys=0.00, real=0.00 secs] 
161.768: Total time for which application threads were stopped: 0.0004030 seconds, Stopping threads took: 0.0000500 seconds
161.802: Application time: 0.0342390 seconds
161.802: [GC161.802: [ParNew: 7049K->389K(7424K), 0.0002640 secs] 20587K->13927K(23808K), 0.0002820 secs] [Times: user=0.00 sys=0.00, real=0.00 secs] 
161.802: Total time for which application threads were stopped: 0.0004040 seconds, Stopping threads took: 0.0000740 seconds
161.837: Application time: 0.0342120 seconds
161.837: [GC161.837: [ParNew: 7045K->392K(7424K), 0.0002610 secs] 20583K->13930K(23808K), 0.0002770 secs] [Times: user=0.00 sys=0.00, real=0.00 secs] 
161.837: Total time for which application threads were stopped: 0.0003610 seconds, Stopping threads took: 0.0000370 seconds
161.873: Application time: 0.0358450 seconds
161.873: [GC161.873: [ParNew: 7048K->396K(7424K), 0.0003200 secs] 20586K->13934K(23808K), 0.0003430 secs] [Times: user=0.01 sys=0.00, real=0.00 secs] 
161.873: Total time for which application threads were stopped: 0.0004450 seconds, Stopping threads took: 0.0000460 seconds
161.907: Application time: 0.0341290 seconds
161.910: [GC161.910: [ParNew: 7052K->384K(7424K), 0.0003340 secs] 20590K->13922K(23808K), 0.0003550 secs] [Times: user=0.00 sys=0.00, real=0.00 secs] 
161.910: Total time for which application threads were stopped: 0.0030640 seconds, Stopping threads took: 0.0026560 seconds
161.945: Application time: 0.0343690 seconds
161.945: [GC161.945: [ParNew: 7040K->389K(7424K), 0.0003020 secs] 20578K->13927K(23808K), 0.0003190 secs] [Times: user=0.00 sys=0.00, real=0.00 secs] 
161.945: Total time for which application threads were stopped: 0.0004110 seconds, Stopping threads took: 0.0000440 seconds
161.979: Application time: 0.0340260 seconds
161.979: [GC161.979: [ParNew: 7045K->395K(7424K), 0.0003570 secs] 20583K->13933K(23808K), 0.0003760 secs] [Times: user=0.01 sys=0.00, real=0.00 secs] 
161.980: Total time for which application threads were stopped: 0.0004840 seconds, Stopping threads took: 0.0000610 seconds
162.014: Application time: 0.0346430 seconds
162.014: [GC162.014: [ParNew: 7051K->394K(7424K), 0.0003610 secs] 20589K->13933K(23808K), 0.0003800 secs] [Times: user=0.01 sys=0.00, real=0.00 secs] 
162.015: Total time for which application threads were stopped: 0.0004720 seconds, Stopping threads took: 0.0000430 seconds
162.049: Application time: 0.0342090 seconds
162.049: [GC162.049: [ParNew: 7050K->334K(7424K), 0.0003460 secs] 20589K->13960K(23808K), 0.0003700 secs] [Times: user=0.00 sys=0.00, real=0.00 secs] 
162.050: Total time for which application threads were stopped: 0.0004590 seconds, Stopping threads took: 0.0000450 seconds
162.084: Application time: 0.0344030 seconds
162.084: [GC162.084: [ParNew: 6982K->256K(7424K), 0.0002690 secs] 20609K->14002K(23808K), 0.0002860 secs] [Times: user=0.00 sys=0.00, real=0.00 secs] 
162.084: Total time for which application threads were stopped: 0.0003810 seconds, Stopping threads took: 0.0000480 seconds
162.119: Application time: 0.0343270 seconds
162.119: [GC162.119: [ParNew: 6912K->193K(7424K), 0.0002320 secs] 20658K->14035K(23808K), 0.0002500 secs] [Times: user=0.00 sys=0.00, real=0.00 secs] 
162.119: Total time for which application threads were stopped: 0.0003410 seconds, Stopping threads took: 0.0000450 seconds
162.153: Application time: 0.0344200 seconds
162.154: [GC162.154: [ParNew: 6849K->164K(7424K), 0.0002150 secs] 20691K->14063K(23808K), 0.0002330 secs] [Times: user=0.01 sys=0.00, real=0.00 secs] 
162.154: Total time for which application threads were stopped: 0.0003260 seconds, Stopping threads took: 0.0000450 seconds
162.188: Application time: 0.0341520 seconds
162.188: [GC162.188: [ParNew: 6820K->170K(7424K), 0.0002240 secs] 20719K->14069K(23808K), 0.0002410 secs] [Times: user=0.00 sys=0.00, real=0.00 secs] 
162.188: Total time for which application threads were stopped: 0.0003380 seconds, Stopping threads took: 0.0000390 seconds
162.223: Application time: 0.0344820 seconds
162.223: [GC162.223: [ParNew: 6826K->167K(7424K), 0.0002210 secs] 20725K->14065K(23808K), 0.0002380 secs] [Times: user=0.00 sys=0.00, real=0.00 secs] 
162.223: Total time for which application threads were stopped: 0.0003310 seconds, Stopping threads took: 0.0000470 seconds
162.256: Application time: 0.0333070 seconds
162.256: [GC162.256: [ParNew: 6823K->223K(7424K), 0.0002470 secs] 20721K->14121K(23808K), 0.0002640 secs] [Times: user=0.00 sys=0.00, real=0.00 secs] 
162.257: Total time for which application threads were stopped: 0.0003460 seconds, Stopping threads took: 0.0000370 seconds
162.290: Application time: 0.0328950 seconds
162.290: [GC162.290: [ParNew: 6879K->310K(7424K), 0.0002720 secs] 20777K->14208K(23808K), 0.0002900 secs] [Times: user=0.00 sys=0.00, real=0.00 secs] 
162.290: Total time for which application threads were stopped: 0.0003750 seconds, Stopping threads took: 0.0000380 seconds
162.324: Application time: 0.0337940 seconds
162.324: [GC162.324: [ParNew: 6966K->372K(7424K), 0.0003360 secs] 20864K->14270K(23808K), 0.0003570 secs] [Times: user=0.00 sys=0.00, real=0.00 secs] 
162.324: Total time for which application threads were stopped: 0.0004650 seconds, Stopping threads took: 0.0000500 seconds
162.358: Application time: 0.0339010 seconds
162.358: [GC162.358: [ParNew: 7028K->396K(7424K), 0.0003030 secs] 20926K->14295K(23808K), 0.0003200 secs] [Times: user=0.00 sys=0.00, real=0.00 secs] 
162.359: Total time for which application threads were stopped: 0.0004070 seconds, Stopping threads took: 0.0000390 seconds
162.393: Application time: 0.0342200 seconds
162.393: [GC162.393: [ParNew: 7052K->390K(7424K), 0.0002810 secs] 20951K->14289K(23808K), 0.0002990 secs] [Times: user=0.00 sys=0.00, real=0.00 secs] 
162.393: Total time for which application threads were stopped: 0.0003930 seconds, Stopping threads took: 0.0000460 seconds
162.427: Application time: 0.0342740 seconds
162.428: [GC162.428: [ParNew: 7046K->397K(7424K), 0.0002990 secs] 20945K->14296K(23808K), 0.0003160 secs] [Times: user=0.01 sys=0.00, real=0.00 secs] 
162.428: Total time for which application threads were stopped: 0.0004090 seconds, Stopping threads took: 0.0000460 seconds
162.462: Application time: 0.0340090 seconds
162.462: [GC162.462: [ParNew: 7053K->400K(7424K), 0.0011870 secs] 20952K->14298K(23808K), 0.0012060 secs] [Times: user=0.01 sys=0.00, real=0.01 secs] 
162.463: Total time for which application threads were stopped: 0.0013200 seconds, Stopping threads took: 0.0000580 seconds
162.498: Application time: 0.0347980 seconds
162.498: [GC162.498: [ParNew: 7056K->398K(7424K), 0.0003120 secs] 20954K->14296K(23808K), 0.0003290 secs] [Times: user=0.00 sys=0.00, real=0.00 secs] 
162.498: Total time for which application threads were stopped: 0.0004220 seconds, Stopping threads took: 0.0000450 seconds
162.533: Application time: 0.0340960 seconds
162.533: [GC162.533: [ParNew: 7054K->399K(7424K), 0.0003050 secs] 20952K->14297K(23808K), 0.0003230 secs] [Times: user=0.00 sys=0.00, real=0.00 secs] 
162.533: Total time for which application threads were stopped: 0.0004180 seconds, Stopping threads took: 0.0000460 seconds
162.567: Application time: 0.0344380 seconds
162.567: [GC162.567: [ParNew: 7055K->393K(7424K), 0.0003280 secs] 20953K->14292K(23808K), 0.0003480 secs] [Times: user=0.00 sys=0.00, real=0.00 secs] 
162.568: Total time for which application threads were stopped: 0.0004510 seconds, Stopping threads took: 0.0000510 seconds
162.603: Application time: 0.0346830 seconds
162.603: [GC162.603: [ParNew: 7049K->306K(7424K), 0.0003060 secs] 20948K->14333K(23808K), 0.0003220 secs] [Times: user=0.00 sys=0.00, real=0.00 secs] 
162.603: Total time for which application threads were stopped: 0.0003990 seconds, Stopping threads took: 0.0000310 seconds
162.637: Application time: 0.0340880 seconds
162.637: [GC162.637: [ParNew: 6962K->332K(7424K), 0.0002870 secs] 20989K->14359K(23808K), 0.0003050 secs] [Times: user=0.00 sys=0.00, real=0.00 secs] 
162.637: Total time for which application threads were stopped: 0.0004020 seconds, Stopping threads took: 0.0000490 seconds
162.671: Application time: 0.0339740 seconds
162.671: [GC162.671: [ParNew: 6988K->338K(7424K), 0.0003410 secs] 21015K->14364K(23808K), 0.0003600 secs] [Times: user=0.00 sys=0.00, real=0.00 secs] 
162.672: Total time for which application threads were stopped: 0.0004460 seconds, Stopping threads took: 0.0000380 seconds
162.706: Application time: 0.0341010 seconds
162.706: [GC162.706: [ParNew: 6994K->342K(7424K), 0.0003580 secs] 21020K->14369K(23808K), 0.0003770 secs] [Times: user=0.00 sys=0.00, real=0.00 secs] 
162.706: Total time for which application threads were stopped: 0.0004690 seconds, Stopping threads took: 0.0000360 seconds
162.741: Application time: 0.0344370 seconds
162.741: [GC162.741: [ParNew: 6998K->331K(7424K), 0.0003490 secs] 21025K->14357K(23808K), 0.0003660 secs] [Times: user=0.00 sys=0.00, real=0.00 secs] 
162.741: Total time for which application threads were stopped: 0.0004560 seconds, Stopping threads took: 0.0000410 seconds
162.776: Application time: 0.0342340 seconds
162.776: [GC162.776: [ParNew: 6987K->334K(7424K), 0.0003390 secs] 21013K->14361K(23808K), 0.0003560 secs] [Times: user=0.00 sys=0.00, real=0.00 secs] 
162.776: Total time for which application threads were stopped: 0.0004380 seconds, Stopping threads took: 0.0000370 seconds
162.810: Application time: 0.0345020 seconds
162.811: [GC162.811: [ParNew: 6990K->252K(7424K), 0.0002770 secs] 21017K->14402K(23808K), 0.0002940 secs] [Times: user=0.00 sys=0.00, real=0.00 secs] 
162.811: Total time for which application threads were stopped: 0.0003830 seconds, Stopping threads took: 0.0000420 seconds
162.845: Application time: 0.0343480 seconds
162.845: [GC162.845: [ParNew: 6908K->198K(7424K), 0.0002290 secs] 21058K->14437K(23808K), 0.0002470 secs] [Times: user=0.00 sys=0.00, real=0.00 secs] 
162.846: Total time for which application threads were stopped: 0.0003380 seconds, Stopping threads took: 0.0000450 seconds
162.880: Application time: 0.0342520 seconds
162.880: [GC162.880: [ParNew: 6854K->165K(7424K), 0.0002170 secs] 21093K->14452K(23808K), 0.0002350 secs] [Times: user=0.00 sys=0.00, real=0.00 secs] 
162.880: Total time for which application threads were stopped: 0.0003290 seconds, Stopping threads took: 0.0000440 seconds
162.915: Application time: 0.0345060 seconds
162.915: [GC162.915: [ParNew: 6821K->165K(7424K), 0.0002100 secs] 21108K->14452K(23808K), 0.0002280 secs] [Times: user=0.00 sys=0.00, real=0.00 secs] 
162.915: Total time for which application threads were stopped: 0.0003270 seconds, Stopping threads took: 0.0000440 seconds
162.949: Application time: 0.0345040 seconds
162.950: [GC162.950: [ParNew: 6821K->166K(7424K), 0.0002070 secs] 21108K->14453K(23808K), 0.0002250 secs] [Times: user=0.00 sys=0.00, real=0.00 secs] 
162.950: Total time for which application threads were stopped: 0.0003230 seconds, Stopping threads took: 0.0000510 seconds
162.984: Application time: 0.0340910 seconds
162.984: [GC162.984: [ParNew: 6822K->198K(7424K), 0.0002160 secs] 21109K->14485K(23808K), 0.0002340 secs] [Times: user=0.00 sys=0.00, real=0.00 secs] 
162.984: Total time for which application threads were stopped: 0.0003220 seconds, Stopping threads took: 0.0000400 seconds
163.017: Application time: 0.0326850 seconds
163.017: [GC163.017: [ParNew: 6854K->283K(7424K), 0.0002640 secs] 21141K->14570K(23808K), 0.0002810 secs] [Times: user=0.00 sys=0.00, real=0.00 secs] 
163.017: Total time for which application threads were stopped: 0.0003850 seconds, Stopping threads took: 0.0000570 seconds
163.051: Application time: 0.0339550 seconds
163.054: [GC163.054: [ParNew: 6938K->300K(7424K), 0.0002910 secs] 21225K->14587K(23808K), 0.0003090 secs] [Times: user=0.00 sys=0.00, real=0.00 secs] 
163.054: Total time for which application threads were stopped: 0.0032120 seconds, Stopping threads took: 0.0028550 seconds
163.087: Application time: 0.0327410 seconds
163.087: [GC163.087: [ParNew: 6956K->391K(7424K), 0.0002770 secs] 21243K->14678K(23808K), 0.0002930 secs] [Times: user=0.01 sys=0.00, real=0.00 secs] 
163.088: Total time for which application threads were stopped: 0.0003840 seconds, Stopping threads took: 0.0000410 seconds
163.122: Application time: 0.0343660 seconds
163.122: [GC163.122: [ParNew: 7047K->392K(7424K), 0.0003070 secs] 21334K->14679K(23808K), 0.0003250 secs] [Times: user=0.00 sys=0.00, real=0.01 secs] 
163.122: Total time for which application threads were stopped: 0.0004190 seconds, Stopping threads took: 0.0000460 seconds
163.157: Application time: 0.0345890 seconds
163.157: [GC163.157: [ParNew: 7048K->390K(7424K), 0.0003540 secs] 21335K->14677K(23808K), 0.0003690 secs] [Times: user=0.00 sys=0.00, real=0.00 secs] 
163.157: Total time for which application threads were stopped: 0.0004570 seconds, Stopping threads took: 0.0000410 seconds
163.192: Application time: 0.0342250 seconds
163.192: [GC163.192: [ParNew: 7046K->400K(7424K), 0.0002610 secs] 21333K->14687K(23808K), 0.0002810 secs] [Times: user=0.00 sys=0.00, real=0.00 secs] 
163.192: Total time for which application threads were stopped: 0.0003920 seconds, Stopping threads took: 0.0000580 seconds
163.226: Application time: 0.0343820 seconds
163.226: [GC163.227: [ParNew: 7056K->395K(7424K), 0.0003000 secs] 21343K->14682K(23808K), 0.0003170 secs] [Times: user=0.00 sys=0.00, real=0.00 secs] 
163.227: Total time for which application threads were stopped: 0.0004200 seconds, Stopping threads took: 0.0000460 seconds
163.262: Application time: 0.0347630 seconds
163.262: [GC163.262: [ParNew: 7051K->390K(7424K), 0.0002950 secs] 21338K->14677K(23808K), 0.0003130 secs] [Times: user=0.00 sys=0.00, real=0.00 secs] 
163.262: Total time for which application threads were stopped: 0.0004070 seconds, Stopping threads took: 0.0000460 seconds
163.296: Application time: 0.0341820 seconds
163.296: [GC163.296: [ParNew: 7046K->407K(7424K), 0.0002860 secs] 21333K->14694K(23808K), 0.0003030 secs] [Times: user=0.00 sys=0.00, real=0.00 secs] 
163.297: Total time for which application threads were stopped: 0.0003940 seconds, Stopping threads took: 0.0000420 seconds
163.331: Application time: 0.0347100 seconds
163.331: [GC163.331: [ParNew: 7063K->355K(7424K), 0.0003350 secs] 21350K->14714K(23808K), 0.0003560 secs] [Times: user=0.00 sys=0.00, real=0.00 secs] 
163.332: Total time for which application threads were stopped: 0.0004730 seconds, Stopping threads took: 0.0000560 seconds
163.366: Application time: 0.0345060 seconds
163.366: [GC163.366: [ParNew: 7011K->362K(7424K), 0.0003080 secs] 21370K->14721K(23808K), 0.0003390 secs] [Times: user=0.00 sys=0.00, real=0.00 secs] 
163.367: Total time for which application threads were stopped: 0.0004400 seconds, Stopping threads took: 0.0000480 seconds
163.402: Application time: 0.0353290 seconds
163.402: [GC163.402: [ParNew: 7018K->364K(7424K), 0.0003530 secs] 21377K->14723K(23808K), 0.0003740 secs] [Times: user=0.00 sys=0.00, real=0.00 secs] 
163.403: Total time for which application threads were stopped: 0.0004830 seconds, Stopping threads took: 0.0000530 seconds
163.437: Application time: 0.0341540 seconds
163.437: [GC163.437: [ParNew: 7020K->356K(7424K), 0.0003060 secs] 21379K->14715K(23808K), 0.0003240 secs] [Times: user=0.00 sys=0.00, real=0.00 secs] 
163.437: Total time for which application threads were stopped: 0.0004100 seconds, Stopping threads took: 0.0000400 seconds
163.472: Application time: 0.0346100 seconds
163.472: [GC163.472: [ParNew: 7012K->365K(7424K), 0.0002790 secs] 21371K->14724K(23808K), 0.0002960 secs] [Times: user=0.00 sys=0.00, real=0.00 secs] 
163.472: Total time for which application threads were stopped: 0.0003830 seconds, Stopping threads took: 0.0000410 seconds
163.506: Application time: 0.0341280 seconds
163.506: [GC163.506: [ParNew: 7021K->369K(7424K), 0.0002530 secs] 21380K->14728K(23808K), 0.0002710 secs] [Times: user=0.00 sys=0.00, real=0.00 secs] 
163.507: Total time for which application threads were stopped: 0.0003500 seconds, Stopping threads took: 0.0000340 seconds
163.541: Application time: 0.0346990 seconds
163.541: [GC163.541: [ParNew: 7025K->282K(7424K), 0.0002840 secs] 21384K->14753K(23808K), 0.0003020 secs] [Times: user=0.00 sys=0.00, real=0.00 secs] 
163.542: Total time for which application threads were stopped: 0.0003890 seconds, Stopping threads took: 0.0000390 seconds
163.576: Application time: 0.0343840 seconds
163.576: [GC163.576: [ParNew: 6938K->255K(7424K), 0.0002630 secs] 21409K->14774K(23808K), 0.0002810 secs] [Times: user=0.00 sys=0.00, real=0.00 secs] 
163.576: Total time for which application threads were stopped: 0.0003820 seconds, Stopping threads took: 0.0000530 seconds
163.611: Application time: 0.0342080 seconds
163.611: [GC163.611: [ParNew: 6911K->163K(7424K), 0.0002450 secs] 21430K->14810K(23808K), 0.0002630 secs] [Times: user=0.00 sys=0.00, real=0.00 secs] 
163.611: Total time for which application threads were stopped: 0.0003490 seconds, Stopping threads took: 0.0000400 seconds
163.646: Application time: 0.0346260 seconds
163.646: [GC163.646: [ParNew: 6819K->167K(7424K), 0.0003090 secs] 21466K->14814K(23808K), 0.0003270 secs] [Times: user=0.00 sys=0.00, real=0.00 secs] 
163.646: Total time for which application threads were stopped: 0.0004160 seconds, Stopping threads took: 0.0000370 seconds
163.680: Application time: 0.0342330 seconds
163.680: [GC163.680: [ParNew: 6823K->168K(7424K), 0.0003090 secs] 21470K->14815K(23808K), 0.0003270 secs] [Times: user=0.00 sys=0.00, real=0.00 secs] 
163.681: Total time for which application threads were stopped: 0.0004180 seconds, Stopping threads took: 0.0000430 seconds
163.715: Application time: 0.0338700 seconds
163.715: [GC163.715: [ParNew: 6824K->200K(7424K), 0.0002380 secs] 21471K->14847K(23808K), 0.0002590 secs] [Times: user=0.00 sys=0.00, real=0.00 secs] 
163.715: Total time for which application threads were stopped: 0.0003440 seconds, Stopping threads took: 0.0000360 seconds
163.748: Application time: 0.0330740 seconds
163.748: [GC163.748: [ParNew: 6856K->250K(7424K), 0.0002600 secs] 21503K->14897K(23808K), 0.0002790 secs] [Times: user=0.00 sys=0.00, real=0.00 secs] 
163.748: Total time for which application threads were stopped: 0.0003820 seconds, Stopping threads took: 0.0000450 seconds
163.782: Application time: 0.0339440 seconds
163.782: [GC163.782: [ParNew: 6906K->307K(7424K), 0.0002770 secs] 21553K->14954K(23808K), 0.0002950 secs] [Times: user=0.00 sys=0.00, real=0.00 secs] 
163.783: Total time for which application threads were stopped: 0.0004250 seconds, Stopping threads took: 0.0000780 seconds
163.816: Application time: 0.0327910 seconds
163.816: [GC163.816: [ParNew: 6963K->393K(7424K), 0.0002830 secs] 21610K->15040K(23808K), 0.0003090 secs] [Times: user=0.00 sys=0.00, real=0.00 secs] 
163.816: Total time for which application threads were stopped: 0.0003990 seconds, Stopping threads took: 0.0000390 seconds
163.850: Application time: 0.0344850 seconds
163.850: [GC163.851: [ParNew: 7049K->392K(7424K), 0.0002840 secs] 21696K->15040K(23808K), 0.0003000 secs] [Times: user=0.00 sys=0.00, real=0.00 secs] 
163.851: Total time for which application threads were stopped: 0.0004050 seconds, Stopping threads took: 0.0000580 seconds
163.885: Application time: 0.0342670 seconds
163.885: [GC163.885: [ParNew: 7048K->398K(7424K), 0.0003640 secs] 21696K->15045K(23808K), 0.0003810 secs] [Times: user=0.01 sys=0.00, real=0.00 secs] 
163.886: Total time for which application threads were stopped: 0.0004660 seconds, Stopping threads took: 0.0000390 seconds
163.920: Application time: 0.0345260 seconds
163.920: [GC163.920: [ParNew: 7054K->393K(7424K), 0.0002960 secs] 21701K->15040K(23808K), 0.0003140 secs] [Times: user=0.00 sys=0.00, real=0.00 secs] 
163.920: Total time for which application threads were stopped: 0.0004050 seconds, Stopping threads took: 0.0000440 seconds
163.955: Application time: 0.0340580 seconds
163.955: [GC163.955: [ParNew: 7049K->393K(7424K), 0.0002870 secs] 21696K->15040K(23808K), 0.0003040 secs] [Times: user=0.00 sys=0.00, real=0.00 secs] 
163.955: Total time for which application threads were stopped: 0.0004000 seconds, Stopping threads took: 0.0000490 seconds
163.990: Application time: 0.0346240 seconds
163.990: [GC163.990: [ParNew: 7049K->395K(7424K), 0.0002790 secs] 21696K->15043K(23808K), 0.0002970 secs] [Times: user=0.00 sys=0.00, real=0.00 secs] 
163.990: Total time for which application threads were stopped: 0.0003850 seconds, Stopping threads took: 0.0000410 seconds
164.024: Application time: 0.0344330 seconds
164.024: [GC164.024: [ParNew: 7051K->394K(7424K), 0.0003070 secs] 21699K->15041K(23808K), 0.0003240 secs] [Times: user=0.00 sys=0.00, real=0.00 secs] 
164.025: Total time for which application threads were stopped: 0.0004090 seconds, Stopping threads took: 0.0000390 seconds
164.059: Application time: 0.0341290 seconds
164.059: [GC164.059: [ParNew: 7050K->394K(7424K), 0.0003060 secs] 21697K->15041K(23808K), 0.0003240 secs] [Times: user=0.01 sys=0.00, real=0.00 secs] 
164.059: Total time for which application threads were stopped: 0.0004080 seconds, Stopping threads took: 0.0000350 seconds
164.094: Application time: 0.0345240 seconds
164.094: [GC164.094: [ParNew: 7050K->398K(7424K), 0.0002930 secs] 21697K->15045K(23808K), 0.0003100 secs] [Times: user=0.00 sys=0.00, real=0.01 secs] 
164.094: Total time for which application threads were stopped: 0.0004050 seconds, Stopping threads took: 0.0000470 seconds
164.129: Application time: 0.0342980 seconds
164.129: [GC164.129: [ParNew: 7054K->355K(7424K), 0.0002900 secs] 21701K->15058K(23808K), 0.0003070 secs] [Times: user=0.00 sys=0.00, real=0.00 secs] 
164.129: Total time for which application threads were stopped: 0.0004030 seconds, Stopping threads took: 0.0000470 seconds
164.163: Application time: 0.0338780 seconds
164.163: [GC164.163: [ParNew: 6996K->358K(7424K), 0.0002780 secs] 21699K->15061K(23808K), 0.0002950 secs] [Times: user=0.01 sys=0.00, real=0.00 secs] 
164.163: Total time for which application threads were stopped: 0.0003820 seconds, Stopping threads took: 0.0000390 seconds
164.198: Application time: 0.0343480 seconds
164.198: [GC164.198: [ParNew: 7014K->359K(7424K), 0.0002620 secs] 21717K->15062K(23808K), 0.0002790 secs] [Times: user=0.00 sys=0.00, real=0.00 secs] 
164.198: Total time for which application threads were stopped: 0.0003750 seconds, Stopping threads took: 0.0000500 seconds
164.232: Application time: 0.0343320 seconds
164.234: [GC164.234: [ParNew: 7015K->362K(7424K), 0.0003250 secs] 21718K->15066K(23808K), 0.0003430 secs] [Times: user=0.00 sys=0.00, real=0.00 secs] 
164.234: Total time for which application threads were stopped: 0.0021640 seconds, Stopping threads took: 0.0017730 seconds
164.269: Application time: 0.0341380 seconds
164.269: [GC164.269: [ParNew: 7018K->318K(7424K), 0.0002830 secs] 21722K->15117K(23808K), 0.0003080 secs] [Times: user=0.00 sys=0.00, real=0.00 secs] 
164.269: Total time for which application threads were stopped: 0.0004370 seconds, Stopping threads took: 0.0000740 seconds
164.304: Application time: 0.0345700 seconds
164.304: [GC164.304: [ParNew: 6974K->262K(7424K), 0.0002830 secs] 21773K->15157K(23808K), 0.0003020 secs] [Times: user=0.01 sys=0.00, real=0.00 secs] 
164.304: Total time for which application threads were stopped: 0.0003900 seconds, Stopping threads took: 0.0000420 seconds
164.339: Application time: 0.0349000 seconds
164.339: [GC164.339: [ParNew: 6918K->165K(7424K), 0.0002920 secs] 21813K->15196K(23808K), 0.0003170 secs] [Times: user=0.00 sys=0.00, real=0.00 secs] 
164.339: Total time for which application threads were stopped: 0.0004370 seconds, Stopping threads took: 0.0000580 seconds
164.374: Application time: 0.0343040 seconds
164.374: [GC164.374: [ParNew: 6821K->162K(7424K), 0.0003300 secs] 21852K->15194K(23808K), 0.0003490 secs] [Times: user=0.00 sys=0.00, real=0.01 secs] 
164.374: Total time for which application threads were stopped: 0.0004420 seconds, Stopping threads took: 0.0000430 seconds
164.409: Application time: 0.0345390 seconds
164.409: [GC164.409: [ParNew: 6818K->168K(7424K), 0.0002170 secs] 21850K->15200K(23808K), 0.0002360 secs] [Times: user=0.00 sys=0.00, real=0.00 secs] 
164.409: Total time for which application threads were stopped: 0.0003230 seconds, Stopping threads took: 0.0000420 seconds
164.443: Application time: 0.0339790 seconds
164.443: [GC164.443: [ParNew: 6824K->199K(7424K), 0.0002110 secs] 21856K->15231K(23808K), 0.0002290 secs] [Times: user=0.00 sys=0.00, real=0.00 secs] 
164.443: Total time for which application threads were stopped: 0.0003200 seconds, Stopping threads took: 0.0000430 seconds
164.477: Application time: 0.0333130 seconds
164.477: [GC164.477: [ParNew: 6855K->256K(7424K), 0.0002580 secs] 21887K->15287K(23808K), 0.0002770 secs] [Times: user=0.00 sys=0.00, real=0.00 secs] 
164.477: Total time for which application threads were stopped: 0.0003790 seconds, Stopping threads took: 0.0000510 seconds
164.510: Application time: 0.0331160 seconds
164.510: [GC164.510: [ParNew: 6912K->314K(7424K), 0.0002670 secs] 21943K->15345K(23808K), 0.0002850 secs] [Times: user=0.01 sys=0.00, real=0.00 secs] 
164.510: Total time for which application threads were stopped: 0.0003790 seconds, Stopping threads took: 0.0000470 seconds
164.543: Application time: 0.0330510 seconds
164.544: [GC164.544: [ParNew: 6970K->389K(7424K), 0.0002970 secs] 22001K->15420K(23808K), 0.0003160 secs] [Times: user=0.00 sys=0.00, real=0.00 secs] 
164.544: Total time for which application threads were stopped: 0.0004140 seconds, Stopping threads took: 0.0000480 seconds
164.578: Application time: 0.0344900 seconds
164.578: [GC164.578: [ParNew: 7045K->389K(7424K), 0.0003090 secs] 22076K->15420K(23808K), 0.0003280 secs] [Times: user=0.00 sys=0.00, real=0.00 secs] 
164.579: Total time for which application threads were stopped: 0.0004250 seconds, Stopping threads took: 0.0000490 seconds
164.613: Application time: 0.0342710 seconds
164.613: [GC164.613: [ParNew: 7045K->396K(7424K), 0.0002750 secs] 22076K->15427K(23808K), 0.0002930 secs] [Times: user=0.01 sys=0.00, real=0.00 secs] 
164.614: Total time for which application threads were stopped: 0.0003990 seconds, Stopping threads took: 0.0000600 seconds
164.648: Application time: 0.0342260 seconds
164.648: [GC164.648: [ParNew: 7052K->399K(7424K), 0.0002750 secs] 22083K->15431K(23808K), 0.0002910 secs] [Times: user=0.00 sys=0.00, real=0.00 secs] 
164.648: Total time for which application threads were stopped: 0.0003840 seconds, Stopping threads took: 0.0000450 seconds
164.682: Application time: 0.0340580 seconds
164.682: [GC164.682: [ParNew: 7055K->401K(7424K), 0.0002660 secs] 22087K->15432K(23808K), 0.0002840 secs] [Times: user=0.00 sys=0.00, real=0.00 secs] 
164.683: Total time for which application threads were stopped: 0.0003840 seconds, Stopping threads took: 0.0000450 seconds
164.717: Application time: 0.0347640 seconds
164.717: [GC164.717: [ParNew: 7057K->355K(7424K), 0.0002680 secs] 22088K->15467K(23808K), 0.0002860 secs] [Times: user=0.00 sys=0.00, real=0.00 secs] 
164.718: Total time for which application threads were stopped: 0.0003790 seconds, Stopping threads took: 0.0000440 seconds
164.752: Application time: 0.0341280 seconds
164.754: [GC164.754: [ParNew: 7011K->338K(7424K), 0.0002610 secs] 22123K->15449K(23808K), 0.0002780 secs] [Times: user=0.00 sys=0.00, real=0.00 secs] 
164.754: Total time for which application threads were stopped: 0.0025550 seconds, Stopping threads took: 0.0022280 seconds
164.789: Application time: 0.0345240 seconds
164.789: [GC164.789: [ParNew: 6994K->348K(7424K), 0.0002740 secs] 22105K->15460K(23808K), 0.0002930 secs] [Times: user=0.00 sys=0.00, real=0.00 secs] 
164.789: Total time for which application threads were stopped: 0.0003900 seconds, Stopping threads took: 0.0000420 seconds
164.824: Application time: 0.0342070 seconds
164.824: [GC164.824: [ParNew: 7004K->371K(7424K), 0.0002880 secs] 22116K->15482K(23808K), 0.0003060 secs] [Times: user=0.00 sys=0.00, real=0.00 secs] 
164.824: Total time for which application threads were stopped: 0.0003950 seconds, Stopping threads took: 0.0000440 seconds
164.858: Application time: 0.0342590 seconds
164.858: [GC164.858: [ParNew: 7027K->366K(7424K), 0.0002920 secs] 22138K->15478K(23808K), 0.0003100 secs] [Times: user=0.01 sys=0.00, real=0.00 secs] 
164.859: Total time for which application threads were stopped: 0.0003920 seconds, Stopping threads took: 0.0000350 seconds
164.894: Application time: 0.0352650 seconds
164.894: [GC164.894: [ParNew: 7022K->368K(7424K), 0.0003680 secs] 22134K->15480K(23808K), 0.0003900 secs] [Times: user=0.01 sys=0.00, real=0.01 secs] 
164.894: Total time for which application threads were stopped: 0.0005040 seconds, Stopping threads took: 0.0000550 seconds
164.929: Application time: 0.0343990 seconds
164.929: [GC164.929: [ParNew: 7024K->373K(7424K), 0.0003400 secs] 22136K->15484K(23808K), 0.0003590 secs] [Times: user=0.00 sys=0.00, real=0.00 secs] 
164.929: Total time for which application threads were stopped: 0.0004670 seconds, Stopping threads took: 0.0000590 seconds
164.963: Application time: 0.0341040 seconds
164.963: [GC164.963: [ParNew: 7029K->364K(7424K), 0.0002790 secs] 22140K->15476K(23808K), 0.0002950 secs] [Times: user=0.00 sys=0.00, real=0.00 secs] 
164.964: Total time for which application threads were stopped: 0.0003810 seconds, Stopping threads took: 0.0000400 seconds
164.998: Application time: 0.0341540 seconds
164.998: [GC164.998: [ParNew: 7020K->311K(7424K), 0.0002630 secs] 22132K->15518K(23808K), 0.0002810 secs] [Times: user=0.00 sys=0.00, real=0.00 secs] 
164.998: Total time for which application threads were stopped: 0.0003690 seconds, Stopping threads took: 0.0000410 seconds
165.033: Application time: 0.0346310 seconds
165.033: [GC165.033: [ParNew: 6967K->261K(7424K), 0.0002790 secs] 22174K->15557K(23808K), 0.0002960 secs] [Times: user=0.00 sys=0.00, real=0.00 secs] 
165.033: Total time for which application threads were stopped: 0.0003830 seconds, Stopping threads took: 0.0000400 seconds
165.068: Application time: 0.0343180 seconds
165.068: [GC165.068: [ParNew: 6917K->166K(7424K), 0.0002600 secs] 22213K->15598K(23808K), 0.0002770 secs] [Times: user=0.00 sys=0.00, real=0.00 secs] 
165.068: Total time for which application threads were stopped: 0.0003730 seconds, Stopping threads took: 0.0000500 seconds
165.102: Application time: 0.0343490 seconds
165.102: [GC165.102: [ParNew: 6822K->164K(7424K), 0.0002220 secs] 22254K->15596K(23808K), 0.0002380 secs] [Times: user=0.00 sys=0.00, real=0.00 secs] 
165.103: Total time for which application threads were stopped: 0.0003240 seconds, Stopping threads took: 0.0000400 seconds
165.137: Application time: 0.0341260 seconds
165.138: [GC165.138: [ParNew: 6820K->164K(7424K), 0.0002770 secs] 22252K->15595K(23808K), 0.0002950 secs] [Times: user=0.00 sys=0.00, real=0.00 secs] 
165.138: Total time for which application threads were stopped: 0.0017440 seconds, Stopping threads took: 0.0013950 seconds
165.173: Application time: 0.0346150 seconds
165.173: [GC165.173: [ParNew: 6820K->146K(7424K), 0.0002070 secs] 22251K->15577K(23808K), 0.0002250 secs] [Times: user=0.00 sys=0.00, real=0.00 secs] 
165.173: Total time for which application threads were stopped: 0.0003160 seconds, Stopping threads took: 0.0000450 seconds
165.207: Application time: 0.0331220 seconds
165.207: [GC165.207: [ParNew: 6802K->202K(7424K), 0.0002470 secs] 22233K->15633K(23808K), 0.0002660 secs] [Times: user=0.00 sys=0.00, real=0.00 secs] 
165.207: Total time for which application threads were stopped: 0.0003610 seconds, Stopping threads took: 0.0000480 seconds
165.240: Application time: 0.0334510 seconds
165.240: [GC165.240: [ParNew: 6858K->277K(7424K), 0.0002690 secs] 22289K->15709K(23808K), 0.0002870 secs] [Times: user=0.00 sys=0.00, real=0.00 secs] 
165.241: Total time for which application threads were stopped: 0.0003790 seconds, Stopping threads took: 0.0000440 seconds
165.274: Application time: 0.0328780 seconds
165.274: [GC165.274: [ParNew: 6933K->368K(7424K), 0.0003100 secs] 22365K->15799K(23808K), 0.0003280 secs] [Times: user=0.00 sys=0.00, real=0.00 secs] 
165.274: Total time for which application threads were stopped: 0.0004160 seconds, Stopping threads took: 0.0000410 seconds
165.308: Application time: 0.0339930 seconds
165.308: [GC165.308: [ParNew: 7024K->394K(7424K), 0.0003580 secs] 22455K->15826K(23808K), 0.0003750 secs] [Times: user=0.00 sys=0.00, real=0.00 secs] 
165.308: Total time for which application threads were stopped: 0.0004680 seconds, Stopping threads took: 0.0000380 seconds
165.343: Application time: 0.0343890 seconds
165.343: [GC165.343: [ParNew: 7050K->403K(7424K), 0.0003220 secs] 22482K->15835K(23808K), 0.0003460 secs] [Times: user=0.00 sys=0.00, real=0.00 secs] 
165.343: Total time for which application threads were stopped: 0.0004620 seconds, Stopping threads took: 0.0000570 seconds
165.378: Application time: 0.0345530 seconds
165.378: [GC165.378: [ParNew: 7059K->397K(7424K), 0.0003470 secs] 22491K->15828K(23808K), 0.0003670 secs] [Times: user=0.00 sys=0.00, real=0.00 secs] 
165.378: Total time for which application threads were stopped: 0.0004670 seconds, Stopping threads took: 0.0000530 seconds
165.413: Application time: 0.0342270 seconds
165.413: [GC165.413: [ParNew: 7053K->395K(7424K), 0.0003580 secs] 22484K->15826K(23808K), 0.0003740 secs] [Times: user=0.00 sys=0.00, real=0.00 secs] 
165.413: Total time for which application threads were stopped: 0.0004700 seconds, Stopping threads took: 0.0000510 seconds
165.447: Application time: 0.0341970 seconds
165.447: [GC165.447: [ParNew: 7051K->399K(7424K), 0.0003020 secs] 22482K->15830K(23808K), 0.0003190 secs] [Times: user=0.01 sys=0.00, real=0.00 secs] 
165.448: Total time for which application threads were stopped: 0.0004100 seconds, Stopping threads took: 0.0000440 seconds
165.482: Application time: 0.0343970 seconds
165.482: [GC165.482: [ParNew: 7055K->397K(7424K), 0.0003160 secs] 22486K->15829K(23808K), 0.0003350 secs] [Times: user=0.00 sys=0.00, real=0.00 secs] 
165.482: Total time for which application threads were stopped: 0.0004240 seconds, Stopping threads took: 0.0000400 seconds
165.517: Application time: 0.0344030 seconds
165.517: [GC165.517: [ParNew: 7053K->397K(7424K), 0.0002650 secs] 22485K->15828K(23808K), 0.0002840 secs] [Times: user=0.00 sys=0.00, real=0.00 secs] 
165.517: Total time for which application threads were stopped: 0.0003820 seconds, Stopping threads took: 0.0000520 seconds
165.551: Application time: 0.0342170 seconds
165.552: [GC165.552: [ParNew: 7053K->398K(7424K), 0.0002830 secs] 22484K->15830K(23808K), 0.0003010 secs] [Times: user=0.00 sys=0.00, real=0.00 secs] 
165.552: Total time for which application threads were stopped: 0.0003930 seconds, Stopping threads took: 0.0000450 seconds
165.586: Application time: 0.0342460 seconds
165.586: [GC165.586: [ParNew: 7054K->395K(7424K), 0.0002740 secs] 22486K->15826K(23808K), 0.0003000 secs] [Times: user=0.00 sys=0.00, real=0.00 secs] 
165.587: Total time for which application threads were stopped: 0.0003940 seconds, Stopping threads took: 0.0000460 seconds
165.621: Application time: 0.0344640 seconds
165.621: [GC165.621: [ParNew: 7051K->401K(7424K), 0.0002880 secs] 22482K->15832K(23808K), 0.0003050 secs] [Times: user=0.00 sys=0.00, real=0.00 secs] 
165.621: Total time for which application threads were stopped: 0.0003950 seconds, Stopping threads took: 0.0000450 seconds
165.655: Application time: 0.0340900 seconds
165.656: [GC165.656: [ParNew: 7057K->375K(7424K), 0.0002870 secs] 22488K->15807K(23808K), 0.0003050 secs] [Times: user=0.00 sys=0.00, real=0.00 secs] 
165.656: Total time for which application threads were stopped: 0.0003910 seconds, Stopping threads took: 0.0000390 seconds
165.690: Application time: 0.0342670 seconds
165.690: [GC165.690: [ParNew: 7031K->392K(7424K), 0.0003140 secs] 22463K->15824K(23808K), 0.0003320 secs] [Times: user=0.00 sys=0.00, real=0.00 secs] 
165.691: Total time for which application threads were stopped: 0.0004250 seconds, Stopping threads took: 0.0000460 seconds
165.725: Application time: 0.0345870 seconds
165.725: [GC165.725: [ParNew: 7048K->341K(7424K), 0.0003150 secs] 22480K->15868K(23808K), 0.0003320 secs] [Times: user=0.00 sys=0.00, real=0.00 secs] 
165.726: Total time for which application threads were stopped: 0.0004300 seconds, Stopping threads took: 0.0000530 seconds
165.760: Application time: 0.0343560 seconds
165.760: [GC165.760: [ParNew: 6997K->282K(7424K), 0.0002710 secs] 22524K->15913K(23808K), 0.0002900 secs] [Times: user=0.00 sys=0.00, real=0.00 secs] 
165.760: Total time for which application threads were stopped: 0.0003790 seconds, Stopping threads took: 0.0000400 seconds
165.794: Application time: 0.0341280 seconds
165.795: [GC165.795: [ParNew: 6938K->194K(7424K), 0.0002450 secs] 22569K->15962K(23808K), 0.0002630 secs] [Times: user=0.00 sys=0.00, real=0.00 secs] 
165.795: Total time for which application threads were stopped: 0.0003540 seconds, Stopping threads took: 0.0000420 seconds
165.829: Application time: 0.0343450 seconds
165.829: [GC165.829: [ParNew: 6850K->168K(7424K), 0.0002330 secs] 22618K->15976K(23808K), 0.0002490 secs] [Times: user=0.01 sys=0.00, real=0.00 secs] 
165.829: Total time for which application threads were stopped: 0.0003360 seconds, Stopping threads took: 0.0000350 seconds
165.864: Application time: 0.0346130 seconds
165.864: [GC165.864: [ParNew: 6824K->173K(7424K), 0.0002110 secs] 22632K->15981K(23808K), 0.0002290 secs] [Times: user=0.00 sys=0.00, real=0.00 secs] 
165.864: Total time for which application threads were stopped: 0.0003060 seconds, Stopping threads took: 0.0000330 seconds
165.899: Application time: 0.0341350 seconds
165.899: [GC165.899: [ParNew: 6829K->158K(7424K), 0.0003030 secs] 22637K->15966K(23808K), 0.0003220 secs] [Times: user=0.00 sys=0.00, real=0.00 secs] 
165.899: Total time for which application threads were stopped: 0.0004150 seconds, Stopping threads took: 0.0000460 seconds
165.933: Application time: 0.0339120 seconds
165.933: [GC165.933: [ParNew: 6814K->173K(7424K), 0.0003180 secs] 22622K->15981K(23808K), 0.0003360 secs] [Times: user=0.00 sys=0.00, real=0.00 secs] 
165.933: Total time for which application threads were stopped: 0.0004180 seconds, Stopping threads took: 0.0000360 seconds
165.967: Application time: 0.0335840 seconds
165.967: [GC165.967: [ParNew: 6829K->229K(7424K), 0.0003310 secs] 22637K->16037K(23808K), 0.0003490 secs] [Times: user=0.00 sys=0.00, real=0.00 secs] 
165.967: Total time for which application threads were stopped: 0.0004360 seconds, Stopping threads took: 0.0000390 seconds
166.000: Application time: 0.0327470 seconds
166.000: [GC166.000: [ParNew: 6885K->335K(7424K), 0.0003160 secs] 22693K->16143K(23808K), 0.0003340 secs] [Times: user=0.01 sys=0.00, real=0.00 secs] 
166.000: Total time for which application threads were stopped: 0.0004270 seconds, Stopping threads took: 0.0000440 seconds
166.034: Application time: 0.0332670 seconds
166.034: [GC166.034: [ParNew: 6991K->394K(7424K), 0.0002830 secs] 22799K->16202K(23808K), 0.0003100 secs] [Times: user=0.00 sys=0.00, real=0.01 secs] 
166.034: Total time for which application threads were stopped: 0.0004200 seconds, Stopping threads took: 0.0000650 seconds
166.069: Application time: 0.0347130 seconds
166.069: [GC166.069: [ParNew: 7050K->396K(7424K), 0.0002890 secs] 22858K->16204K(23808K), 0.0003060 secs] [Times: user=0.00 sys=0.00, real=0.00 secs] 
166.069: Total time for which application threads were stopped: 0.0003890 seconds, Stopping threads took: 0.0000370 seconds
166.104: Application time: 0.0343560 seconds
166.104: [GC166.104: [ParNew: 7052K->403K(7424K), 0.0002690 secs] 22860K->16211K(23808K), 0.0002880 secs] [Times: user=0.00 sys=0.00, real=0.00 secs] 
166.104: Total time for which application threads were stopped: 0.0003830 seconds, Stopping threads took: 0.0000470 seconds
166.139: Application time: 0.0345910 seconds
166.139: [GC166.139: [ParNew: 7059K->402K(7424K), 0.0002940 secs] 22867K->16210K(23808K), 0.0003120 secs] [Times: user=0.00 sys=0.00, real=0.00 secs] 
166.139: Total time for which application threads were stopped: 0.0004010 seconds, Stopping threads took: 0.0000420 seconds
166.173: Application time: 0.0341510 seconds
166.173: [GC166.173: [ParNew: 7058K->387K(7424K), 0.0002920 secs] 22866K->16195K(23808K), 0.0003110 secs] [Times: user=0.00 sys=0.00, real=0.00 secs] 
166.174: Total time for which application threads were stopped: 0.0004190 seconds, Stopping threads took: 0.0000600 seconds
166.208: Application time: 0.0341630 seconds
166.208: [GC166.208: [ParNew: 7043K->390K(7424K), 0.0003470 secs] 22851K->16198K(23808K), 0.0003630 secs] [Times: user=0.00 sys=0.00, real=0.00 secs] 
166.208: Total time for which application threads were stopped: 0.0004560 seconds, Stopping threads took: 0.0000490 seconds
166.243: Application time: 0.0343320 seconds
166.243: [GC166.243: [ParNew: 7046K->399K(7424K), 0.0002750 secs] 22854K->16207K(23808K), 0.0002940 secs] [Times: user=0.00 sys=0.00, real=0.00 secs] 
166.243: Total time for which application threads were stopped: 0.0003920 seconds, Stopping threads took: 0.0000500 seconds
166.278: Application time: 0.0346120 seconds
166.278: [GC166.278: [ParNew: 7055K->394K(7424K), 0.0003060 secs] 22863K->16201K(23808K), 0.0003240 secs] [Times: user=0.00 sys=0.00, real=0.00 secs] 
166.278: Total time for which application threads were stopped: 0.0004170 seconds, Stopping threads took: 0.0000440 seconds
166.312: Application time: 0.0341960 seconds
166.312: [GC166.312: [ParNew: 7050K->387K(7424K), 0.0004290 secs] 22857K->16195K(23808K), 0.0004530 secs] [Times: user=0.00 sys=0.00, real=0.00 secs] 
166.313: Total time for which application threads were stopped: 0.0007690 seconds, Stopping threads took: 0.0002490 seconds
166.347: Application time: 0.0342440 seconds
166.347: [GC166.347: [ParNew: 7043K->408K(7424K), 0.0003010 secs] 22851K->16216K(23808K), 0.0003190 secs] [Times: user=0.00 sys=0.00, real=0.00 secs] 
166.348: Total time for which application threads were stopped: 0.0004300 seconds, Stopping threads took: 0.0000500 seconds
166.382: Application time: 0.0341560 seconds
166.382: [GC166.382: [ParNew: 7064K->398K(7424K), 0.0002710 secs] 22872K->16205K(23808K), 0.0002890 secs] [Times: user=0.00 sys=0.00, real=0.01 secs] 
166.382: Total time for which application threads were stopped: 0.0004070 seconds, Stopping threads took: 0.0000690 seconds
166.417: Application time: 0.0352060 seconds
166.417: [GC166.417: [ParNew: 7054K->400K(7424K), 0.0003650 secs] 22861K->16208K(23808K), 0.0003900 secs] [Times: user=0.00 sys=0.00, real=0.00 secs] 
166.418: Total time for which application threads were stopped: 0.0005000 seconds, Stopping threads took: 0.0000530 seconds
166.453: Application time: 0.0346890 seconds
166.453: [GC166.453: [ParNew: 7056K->365K(7424K), 0.0002870 secs] 22864K->16237K(23808K), 0.0003100 secs] [Times: user=0.00 sys=0.00, real=0.00 secs] 
166.453: Total time for which application threads were stopped: 0.0004320 seconds, Stopping threads took: 0.0000690 seconds
166.487: Application time: 0.0341420 seconds
166.487: [GC166.487: [ParNew: 7021K->307K(7424K), 0.0002870 secs] 22893K->16275K(23808K), 0.0003130 secs] [Times: user=0.00 sys=0.00, real=0.00 secs] 
166.488: Total time for which application threads were stopped: 0.0004070 seconds, Stopping threads took: 0.0000450 seconds
166.522: Application time: 0.0344890 seconds
166.522: [GC166.522: [ParNew: 6963K->227K(7424K), 0.0002550 secs] 22931K->16323K(23808K), 0.0002720 secs] [Times: user=0.01 sys=0.00, real=0.00 secs] 
166.522: Total time for which application threads were stopped: 0.0003640 seconds, Stopping threads took: 0.0000440 seconds
166.557: Application time: 0.0344180 seconds
166.557: [GC166.557: [ParNew: 6883K->166K(7424K), 0.0002460 secs] 22979K->16358K(23808K), 0.0002650 secs] [Times: user=0.00 sys=0.00, real=0.00 secs] 
166.557: Total time for which application threads were stopped: 0.0003490 seconds, Stopping threads took: 0.0000360 seconds
166.591: Application time: 0.0342460 seconds
166.592: [GC166.592: [ParNew: 6822K->6822K(7424K), 0.0000060 secs]166.592: [Tenured: 16192K->1804K(16384K), 0.0077880 secs] 23014K->1804K(23808K), [Perm : 6076K->6076K(21248K)], 0.0078310 secs] [Times: user=0.01 sys=0.00, real=0.01 secs] 
166.599: Total time for which application threads were stopped: 0.0079390 seconds, Stopping threads took: 0.0000490 seconds
166.634: Application time: 0.0345900 seconds
166.634: [GC166.634: [ParNew: 6656K->32K(7424K), 0.0002980 secs] 8460K->1837K(23808K), 0.0003170 secs] [Times: user=0.00 sys=0.00, real=0.00 secs] 
166.634: Total time for which application threads were stopped: 0.0004240 seconds, Stopping threads took: 0.0000460 seconds
166.668: Application time: 0.0340030 seconds
166.668: [GC166.669: [ParNew: 6688K->82K(7424K), 0.0002280 secs] 8493K->1886K(23808K), 0.0002470 secs] [Times: user=0.00 sys=0.00, real=0.00 secs] 
166.669: Total time for which application threads were stopped: 0.0003570 seconds, Stopping threads took: 0.0000620 seconds
166.702: Application time: 0.0333180 seconds
166.705: [GC166.705: [ParNew: 6738K->178K(7424K), 0.0002420 secs] 8542K->1982K(23808K), 0.0002600 secs] [Times: user=0.00 sys=0.00, real=0.00 secs] 
166.706: Total time for which application threads were stopped: 0.0034950 seconds, Stopping threads took: 0.0031900 seconds
166.740: Application time: 0.0340400 seconds
166.740: [GC166.740: [ParNew: 6834K->262K(7424K), 0.0002350 secs] 8638K->2067K(23808K), 0.0002540 secs] [Times: user=0.00 sys=0.00, real=0.00 secs] 
166.740: Total time for which application threads were stopped: 0.0003540 seconds, Stopping threads took: 0.0000510 seconds
166.773: Application time: 0.0327650 seconds
166.773: [GC166.773: [ParNew: 6918K->383K(7424K), 0.0002960 secs] 8723K->2188K(23808K), 0.0003150 secs] [Times: user=0.00 sys=0.00, real=0.00 secs] 
166.773: Total time for which application threads were stopped: 0.0004050 seconds, Stopping threads took: 0.0000420 seconds
166.808: Application time: 0.0344070 seconds
166.808: [GC166.808: [ParNew: 7039K->402K(7424K), 0.0002790 secs] 8844K->2207K(23808K), 0.0002970 secs] [Times: user=0.01 sys=0.00, real=0.00 secs] 
166.808: Total time for which application threads were stopped: 0.0003980 seconds, Stopping threads took: 0.0000500 seconds
166.842: Application time: 0.0343180 seconds
166.842: [GC166.842: [ParNew: 7058K->404K(7424K), 0.0003210 secs] 8863K->2224K(23808K), 0.0003380 secs] [Times: user=0.00 sys=0.00, real=0.00 secs] 
166.843: Total time for which application threads were stopped: 0.0004260 seconds, Stopping threads took: 0.0000410 seconds
166.877: Application time: 0.0342730 seconds
166.877: [GC166.877: [ParNew: 7060K->403K(7424K), 0.0003010 secs] 8880K->2224K(23808K), 0.0003180 secs] [Times: user=0.00 sys=0.00, real=0.00 secs] 
166.877: Total time for which application threads were stopped: 0.0004330 seconds, Stopping threads took: 0.0000580 seconds
166.912: Application time: 0.0342030 seconds
166.912: [GC166.912: [ParNew: 7059K->394K(7424K), 0.0002740 secs] 8880K->2215K(23808K), 0.0002920 secs] [Times: user=0.00 sys=0.00, real=0.00 secs] 
166.912: Total time for which application threads were stopped: 0.0004040 seconds, Stopping threads took: 0.0000580 seconds
166.946: Application time: 0.0341990 seconds
166.946: [GC166.946: [ParNew: 7050K->393K(7424K), 0.0002700 secs] 8871K->2214K(23808K), 0.0002880 secs] [Times: user=0.01 sys=0.00, real=0.00 secs] 
166.947: Total time for which application threads were stopped: 0.0004170 seconds, Stopping threads took: 0.0000820 seconds
166.981: Application time: 0.0346000 seconds
166.981: [GC166.981: [ParNew: 7049K->404K(7424K), 0.0002690 secs] 8870K->2225K(23808K), 0.0002860 secs] [Times: user=0.00 sys=0.00, real=0.00 secs] 
166.982: Total time for which application threads were stopped: 0.0003780 seconds, Stopping threads took: 0.0000480 seconds
167.016: Application time: 0.0342470 seconds
167.016: [GC167.016: [ParNew: 7060K->386K(7424K), 0.0002820 secs] 8881K->2207K(23808K), 0.0003000 secs] [Times: user=0.00 sys=0.00, real=0.00 secs] 
167.016: Total time for which application threads were stopped: 0.0003990 seconds, Stopping threads took: 0.0000520 seconds
167.051: Application time: 0.0342590 seconds
167.051: [GC167.051: [ParNew: 7042K->394K(7424K), 0.0003340 secs] 8863K->2214K(23808K), 0.0003520 secs] [Times: user=0.01 sys=0.00, real=0.00 secs] 
167.051: Total time for which application threads were stopped: 0.0004500 seconds, Stopping threads took: 0.0000500 seconds
167.085: Application time: 0.0339950 seconds
167.085: [GC167.085: [ParNew: 7050K->393K(7424K), 0.0003600 secs] 8870K->2213K(23808K), 0.0003780 secs] [Times: user=0.00 sys=0.00, real=0.00 secs] 
167.085: Total time for which application threads were stopped: 0.0004750 seconds, Stopping threads took: 0.0000490 seconds
167.120: Application time: 0.0340720 seconds
167.120: [GC167.120: [ParNew: 7049K->399K(7424K), 0.0003350 secs] 8869K->2219K(23808K), 0.0003520 secs] [Times: user=0.01 sys=0.00, real=0.00 secs] 
167.120: Total time for which application threads were stopped: 0.0004410 seconds, Stopping threads took: 0.0000410 seconds
167.154: Application time: 0.0342740 seconds
167.154: [GC167.154: [ParNew: 7055K->397K(7424K), 0.0003610 secs] 8875K->2218K(23808K), 0.0003790 secs] [Times: user=0.00 sys=0.00, real=0.00 secs] 
167.155: Total time for which application threads were stopped: 0.0004650 seconds, Stopping threads took: 0.0000380 seconds
167.189: Application time: 0.0341340 seconds
167.189: [GC167.189: [ParNew: 7053K->372K(7424K), 0.0003460 secs] 8874K->2248K(23808K), 0.0003640 secs] [Times: user=0.01 sys=0.00, real=0.00 secs] 
167.189: Total time for which application threads were stopped: 0.0004760 seconds, Stopping threads took: 0.0000650 seconds
167.224: Application time: 0.0345140 seconds
167.224: [GC167.224: [ParNew: 7028K->313K(7424K), 0.0003470 secs] 8904K->2270K(23808K), 0.0003640 secs] [Times: user=0.00 sys=0.00, real=0.00 secs] 
167.224: Total time for which application threads were stopped: 0.0004630 seconds, Stopping threads took: 0.0000520 seconds
167.259: Application time: 0.0344150 seconds
167.259: [GC167.259: [ParNew: 6969K->259K(7424K), 0.0003310 secs] 8926K->2312K(23808K), 0.0003490 secs] [Times: user=0.00 sys=0.00, real=0.00 secs] 
167.259: Total time for which application threads were stopped: 0.0004430 seconds, Stopping threads took: 0.0000470 seconds
167.293: Application time: 0.0341100 seconds
167.293: [GC167.293: [ParNew: 6915K->175K(7424K), 0.0002230 secs] 8968K->2348K(23808K), 0.0002400 secs] [Times: user=0.01 sys=0.00, real=0.00 secs] 
167.294: Total time for which application threads were stopped: 0.0003280 seconds, Stopping threads took: 0.0000410 seconds
167.328: Application time: 0.0348350 seconds
167.329: [GC167.329: [ParNew: 6831K->160K(7424K), 0.0002730 secs] 9004K->2333K(23808K), 0.0002960 secs] [Times: user=0.00 sys=0.00, real=0.00 secs] 
167.329: Total time for which application threads were stopped: 0.0004050 seconds, Stopping threads took: 0.0000490 seconds
167.363: Application time: 0.0342150 seconds
167.363: [GC167.363: [ParNew: 6816K->159K(7424K), 0.0002340 secs] 8989K->2332K(23808K), 0.0002620 secs] [Times: user=0.00 sys=0.00, real=0.00 secs] 
167.363: Total time for which application threads were stopped: 0.0003550 seconds, Stopping threads took: 0.0000450 seconds
167.397: Application time: 0.0338740 seconds
167.397: [GC167.397: [ParNew: 6815K->193K(7424K), 0.0002700 secs] 8988K->2366K(23808K), 0.0002890 secs] [Times: user=0.00 sys=0.00, real=0.00 secs] 
167.398: Total time for which application threads were stopped: 0.0003820 seconds, Stopping threads took: 0.0000360 seconds
167.431: Application time: 0.0334790 seconds
167.431: [GC167.431: [ParNew: 6849K->249K(7424K), 0.0002400 secs] 9022K->2422K(23808K), 0.0002580 secs] [Times: user=0.00 sys=0.00, real=0.00 secs] 
167.432: Total time for which application threads were stopped: 0.0003550 seconds, Stopping threads took: 0.0000500 seconds
167.465: Application time: 0.0338670 seconds
167.465: [GC167.465: [ParNew: 6905K->277K(7424K), 0.0002600 secs] 9078K->2450K(23808K), 0.0002790 secs] [Times: user=0.00 sys=0.00, real=0.00 secs] 
167.466: Total time for which application threads were stopped: 0.0003700 seconds, Stopping threads took: 0.0000430 seconds
167.499: Application time: 0.0328290 seconds
167.499: [GC167.499: [ParNew: 6933K->372K(7424K), 0.0002660 secs] 9106K->2545K(23808K), 0.0002840 secs] [Times: user=0.00 sys=0.00, real=0.00 secs] 
167.499: Total time for which application threads were stopped: 0.0004100 seconds, Stopping threads took: 0.0000780 seconds
167.533: Application time: 0.0338710 seconds
167.533: [GC167.533: [ParNew: 7028K->392K(7424K), 0.0002660 secs] 9201K->2564K(23808K), 0.0002840 secs] [Times: user=0.00 sys=0.00, real=0.00 secs] 
167.533: Total time for which application threads were stopped: 0.0003730 seconds, Stopping threads took: 0.0000440 seconds
167.568: Application time: 0.0343820 seconds
167.568: [GC167.568: [ParNew: 7048K->393K(7424K), 0.0002900 secs] 9220K->2566K(23808K), 0.0003090 secs] [Times: user=0.00 sys=0.00, real=0.00 secs] 
167.568: Total time for which application threads were stopped: 0.0003950 seconds, Stopping threads took: 0.0000410 seconds
167.602: Application time: 0.0342600 seconds
167.602: [GC167.602: [ParNew: 7049K->394K(7424K), 0.0002860 secs] 9222K->2567K(23808K), 0.0003040 secs] [Times: user=0.00 sys=0.00, real=0.00 secs] 
167.603: Total time for which application threads were stopped: 0.0003950 seconds, Stopping threads took: 0.0000420 seconds
167.637: Application time: 0.0342530 seconds
167.637: [GC167.637: [ParNew: 7050K->355K(7424K), 0.0002840 secs] 9223K->2608K(23808K), 0.0003010 secs] [Times: user=0.00 sys=0.00, real=0.00 secs] 
167.637: Total time for which application threads were stopped: 0.0003970 seconds, Stopping threads took: 0.0000460 seconds
167.672: Application time: 0.0344700 seconds
167.672: [GC167.672: [ParNew: 7011K->361K(7424K), 0.0002520 secs] 9264K->2614K(23808K), 0.0002690 secs] [Times: user=0.00 sys=0.00, real=0.00 secs] 
167.672: Total time for which application threads were stopped: 0.0003640 seconds, Stopping threads took: 0.0000490 seconds
167.707: Application time: 0.0344350 seconds
167.707: [GC167.707: [ParNew: 7017K->348K(7424K), 0.0003280 secs] 9270K->2601K(23808K), 0.0003430 secs] [Times: user=0.00 sys=0.00, real=0.00 secs] 
167.707: Total time for which application threads were stopped: 0.0004310 seconds, Stopping threads took: 0.0000460 seconds
167.742: Application time: 0.0346400 seconds
167.742: [GC167.742: [ParNew: 7004K->346K(7424K), 0.0002690 secs] 9257K->2599K(23808K), 0.0002850 secs] [Times: user=0.00 sys=0.00, real=0.00 secs] 
167.742: Total time for which application threads were stopped: 0.0003760 seconds, Stopping threads took: 0.0000410 seconds
167.776: Application time: 0.0341130 seconds
167.776: [GC167.776: [ParNew: 7002K->370K(7424K), 0.0002470 secs] 9255K->2623K(23808K), 0.0002640 secs] [Times: user=0.00 sys=0.00, real=0.00 secs] 
167.777: Total time for which application threads were stopped: 0.0003480 seconds, Stopping threads took: 0.0000410 seconds
167.811: Application time: 0.0343640 seconds
167.811: [GC167.811: [ParNew: 7026K->364K(7424K), 0.0002690 secs] 9279K->2617K(23808K), 0.0002930 secs] [Times: user=0.00 sys=0.00, real=0.00 secs] 
167.811: Total time for which application threads were stopped: 0.0003890 seconds, Stopping threads took: 0.0000500 seconds
167.845: Application time: 0.0341010 seconds
167.845: [GC167.845: [ParNew: 7020K->368K(7424K), 0.0002740 secs] 9273K->2621K(23808K), 0.0002920 secs] [Times: user=0.00 sys=0.00, real=0.00 secs] 
167.846: Total time for which application threads were stopped: 0.0003830 seconds, Stopping threads took: 0.0000430 seconds
167.880: Application time: 0.0343540 seconds
167.880: [GC167.880: [ParNew: 7024K->368K(7424K), 0.0002910 secs] 9277K->2622K(23808K), 0.0003090 secs] [Times: user=0.00 sys=0.00, real=0.00 secs] 
167.881: Total time for which application threads were stopped: 0.0004050 seconds, Stopping threads took: 0.0000470 seconds
167.916: Application time: 0.0355360 seconds
167.916: [GC167.916: [ParNew: 7024K->358K(7424K), 0.0003110 secs] 9278K->2611K(23808K), 0.0003340 secs] [Times: user=0.01 sys=0.00, real=0.00 secs] 
167.917: Total time for which application threads were stopped: 0.0004640 seconds, Stopping threads took: 0.0000610 seconds
167.951: Application time: 0.0346130 seconds
167.951: [GC167.951: [ParNew: 7014K->298K(7424K), 0.0003650 secs] 9267K->2631K(23808K), 0.0003850 secs] [Times: user=0.00 sys=0.00, real=0.00 secs] 
167.952: Total time for which application threads were stopped: 0.0004800 seconds, Stopping threads took: 0.0000460 seconds
167.986: Application time: 0.0342550 seconds
167.986: [GC167.986: [ParNew: 6954K->280K(7424K), 0.0003130 secs] 9287K->2669K(23808K), 0.0003300 secs] [Times: user=0.00 sys=0.00, real=0.00 secs] 
167.986: Total time for which application threads were stopped: 0.0004200 seconds, Stopping threads took: 0.0000440 seconds
168.021: Application time: 0.0342690 seconds
168.021: [GC168.021: [ParNew: 6936K->191K(7424K), 0.0002320 secs] 9325K->2708K(23808K), 0.0002500 secs] [Times: user=0.00 sys=0.00, real=0.00 secs] 
168.021: Total time for which application threads were stopped: 0.0003450 seconds, Stopping threads took: 0.0000450 seconds
168.056: Application time: 0.0349010 seconds
168.056: [GC168.056: [ParNew: 6847K->159K(7424K), 0.0002840 secs] 9364K->2732K(23808K), 0.0003020 secs] [Times: user=0.00 sys=0.00, real=0.00 secs] 
168.056: Total time for which application threads were stopped: 0.0003950 seconds, Stopping threads took: 0.0000460 seconds
168.090: Application time: 0.0341160 seconds
168.090: [GC168.090: [ParNew: 6815K->164K(7424K), 0.0002360 secs] 9388K->2737K(23808K), 0.0002540 secs] [Times: user=0.01 sys=0.00, real=0.00 secs] 
168.091: Total time for which application threads were stopped: 0.0003570 seconds, Stopping threads took: 0.0000560 seconds
168.125: Application time: 0.0340600 seconds
168.125: [GC168.125: [ParNew: 6820K->193K(7424K), 0.0002460 secs] 9393K->2767K(23808K), 0.0002640 secs] [Times: user=0.00 sys=0.00, real=0.00 secs] 
168.125: Total time for which application threads were stopped: 0.0003620 seconds, Stopping threads took: 0.0000490 seconds
168.159: Application time: 0.0338270 seconds
168.159: [GC168.159: [ParNew: 6849K->233K(7424K), 0.0002440 secs] 9423K->2806K(23808K), 0.0002620 secs] [Times: user=0.00 sys=0.00, real=0.00 secs] 
168.159: Total time for which application threads were stopped: 0.0003500 seconds, Stopping threads took: 0.0000390 seconds
168.193: Application time: 0.0336550 seconds
168.193: [GC168.193: [ParNew: 6889K->280K(7424K), 0.0002350 secs] 9462K->2853K(23808K), 0.0002530 secs] [Times: user=0.01 sys=0.00, real=0.00 secs] 
168.193: Total time for which application threads were stopped: 0.0003480 seconds, Stopping threads took: 0.0000460 seconds
168.226: Application time: 0.0328940 seconds
168.226: [GC168.226: [ParNew: 6936K->363K(7424K), 0.0003440 secs] 9509K->2936K(23808K), 0.0003620 secs] [Times: user=0.00 sys=0.00, real=0.00 secs] 
168.227: Total time for which application threads were stopped: 0.0004740 seconds, Stopping threads took: 0.0000650 seconds
168.261: Application time: 0.0340170 seconds
168.261: [GC168.261: [ParNew: 7019K->391K(7424K), 0.0002940 secs] 9592K->2964K(23808K), 0.0003180 secs] [Times: user=0.00 sys=0.00, real=0.00 secs] 
168.261: Total time for which application threads were stopped: 0.0004080 seconds, Stopping threads took: 0.0000410 seconds
168.295: Application time: 0.0342640 seconds
168.295: [GC168.295: [ParNew: 7047K->395K(7424K), 0.0002770 secs] 9620K->2968K(23808K), 0.0002940 secs] [Times: user=0.00 sys=0.00, real=0.00 secs] 
168.296: Total time for which application threads were stopped: 0.0003860 seconds, Stopping threads took: 0.0000440 seconds
168.330: Application time: 0.0347360 seconds
168.331: [GC168.331: [ParNew: 7051K->392K(7424K), 0.0003370 secs] 9624K->2966K(23808K), 0.0003630 secs] [Times: user=0.01 sys=0.00, real=0.00 secs] 
168.331: Total time for which application threads were stopped: 0.0004850 seconds, Stopping threads took: 0.0000580 seconds
168.365: Application time: 0.0343140 seconds
168.365: [GC168.365: [ParNew: 7048K->396K(7424K), 0.0002820 secs] 9622K->2969K(23808K), 0.0003000 secs] [Times: user=0.00 sys=0.00, real=0.00 secs] 
168.366: Total time for which application threads were stopped: 0.0003980 seconds, Stopping threads took: 0.0000500 seconds
168.400: Application time: 0.0345070 seconds
168.400: [GC168.400: [ParNew: 7052K->399K(7424K), 0.0003030 secs] 9625K->2973K(23808K), 0.0003210 secs] [Times: user=0.00 sys=0.00, real=0.00 secs] 
168.401: Total time for which application threads were stopped: 0.0004160 seconds, Stopping threads took: 0.0000480 seconds
168.435: Application time: 0.0343240 seconds
168.435: [GC168.435: [ParNew: 7055K->356K(7424K), 0.0002660 secs] 9629K->3001K(23808K), 0.0002840 secs] [Times: user=0.00 sys=0.00, real=0.00 secs] 
168.435: Total time for which application threads were stopped: 0.0003900 seconds, Stopping threads took: 0.0000480 seconds
168.469: Application time: 0.0341500 seconds
168.470: [GC168.470: [ParNew: 7012K->352K(7424K), 0.0003260 secs] 9657K->2997K(23808K), 0.0003440 secs] [Times: user=0.00 sys=0.00, real=0.00 secs] 
168.470: Total time for which application threads were stopped: 0.0004270 seconds, Stopping threads took: 0.0000370 seconds
168.504: Application time: 0.0340430 seconds
168.504: [GC168.504: [ParNew: 7008K->365K(7424K), 0.0003490 secs] 9653K->3011K(23808K), 0.0003670 secs] [Times: user=0.00 sys=0.00, real=0.00 secs] 
168.504: Total time for which application threads were stopped: 0.0004560 seconds, Stopping threads took: 0.0000420 seconds
168.538: Application time: 0.0340940 seconds
168.539: [GC168.539: [ParNew: 7021K->369K(7424K), 0.0003030 secs] 9667K->3014K(23808K), 0.0003200 secs] [Times: user=0.00 sys=0.00, real=0.00 secs] 
168.539: Total time for which application threads were stopped: 0.0004280 seconds, Stopping threads took: 0.0000620 seconds
168.574: Application time: 0.0346600 seconds
168.574: [GC168.574: [ParNew: 7025K->357K(7424K), 0.0002930 secs] 9670K->3002K(23808K), 0.0003100 secs] [Times: user=0.00 sys=0.00, real=0.00 secs] 
168.574: Total time for which application threads were stopped: 0.0003940 seconds, Stopping threads took: 0.0000400 seconds
168.608: Application time: 0.0340750 seconds
168.608: [GC168.608: [ParNew: 7013K->370K(7424K), 0.0002880 secs] 9658K->3015K(23808K), 0.0003060 secs] [Times: user=0.00 sys=0.00, real=0.00 secs] 
168.608: Total time for which application threads were stopped: 0.0003900 seconds, Stopping threads took: 0.0000380 seconds
168.643: Application time: 0.0341820 seconds
168.643: [GC168.643: [ParNew: 7026K->374K(7424K), 0.0002630 secs] 9671K->3020K(23808K), 0.0002800 secs] [Times: user=0.00 sys=0.00, real=0.00 secs] 
168.643: Total time for which application threads were stopped: 0.0003600 seconds, Stopping threads took: 0.0000370 seconds
168.677: Application time: 0.0345040 seconds
168.678: [GC168.678: [ParNew: 7030K->343K(7424K), 0.0002730 secs] 9676K->3053K(23808K), 0.0002890 secs] [Times: user=0.00 sys=0.00, real=0.00 secs] 
168.678: Total time for which application threads were stopped: 0.0003800 seconds, Stopping threads took: 0.0000460 seconds
168.712: Application time: 0.0343300 seconds
168.712: [GC168.712: [ParNew: 6999K->289K(7424K), 0.0003340 secs] 9709K->3103K(23808K), 0.0003610 secs] [Times: user=0.00 sys=0.00, real=0.00 secs] 
168.713: Total time for which application threads were stopped: 0.0004500 seconds, Stopping threads took: 0.0000440 seconds
168.747: Application time: 0.0342020 seconds
168.747: [GC168.747: [ParNew: 6945K->188K(7424K), 0.0002870 secs] 9759K->3134K(23808K), 0.0003070 secs] [Times: user=0.00 sys=0.00, real=0.00 secs] 
168.747: Total time for which application threads were stopped: 0.0003990 seconds, Stopping threads took: 0.0000480 seconds
168.782: Application time: 0.0344840 seconds
168.782: [GC168.782: [ParNew: 6844K->163K(7424K), 0.0002440 secs] 9790K->3164K(23808K), 0.0002620 secs] [Times: user=0.00 sys=0.00, real=0.01 secs] 
168.782: Total time for which application threads were stopped: 0.0003430 seconds, Stopping threads took: 0.0000350 seconds
168.816: Application time: 0.0340860 seconds
168.816: [GC168.816: [ParNew: 6819K->170K(7424K), 0.0002250 secs] 9820K->3172K(23808K), 0.0002420 secs] [Times: user=0.00 sys=0.00, real=0.00 secs] 
168.817: Total time for which application threads were stopped: 0.0003320 seconds, Stopping threads took: 0.0000460 seconds
168.851: Application time: 0.0343280 seconds
168.851: [GC168.851: [ParNew: 6826K->176K(7424K), 0.0002470 secs] 9828K->3177K(23808K), 0.0002640 secs] [Times: user=0.00 sys=0.00, real=0.00 secs] 
168.851: Total time for which application threads were stopped: 0.0003610 seconds, Stopping threads took: 0.0000500 seconds
168.885: Application time: 0.0340110 seconds
168.885: [GC168.885: [ParNew: 6832K->186K(7424K), 0.0002360 secs] 9833K->3188K(23808K), 0.0002520 secs] [Times: user=0.01 sys=0.00, real=0.00 secs] 
168.886: Total time for which application threads were stopped: 0.0003560 seconds, Stopping threads took: 0.0000590 seconds
168.919: Application time: 0.0330570 seconds
168.919: [GC168.919: [ParNew: 6842K->274K(7424K), 0.0002450 secs] 9844K->3276K(23808K), 0.0002620 secs] [Times: user=0.00 sys=0.00, real=0.00 secs] 
168.919: Total time for which application threads were stopped: 0.0003460 seconds, Stopping threads took: 0.0000370 seconds
168.952: Application time: 0.0327200 seconds
168.952: [GC168.952: [ParNew: 6930K->366K(7424K), 0.0002750 secs] 9932K->3367K(23808K), 0.0002920 secs] [Times: user=0.00 sys=0.00, real=0.00 secs] 
168.952: Total time for which application threads were stopped: 0.0003890 seconds, Stopping threads took: 0.0000420 seconds
168.986: Application time: 0.0341080 seconds
168.986: [GC168.986: [ParNew: 7022K->394K(7424K), 0.0003520 secs] 10023K->3396K(23808K), 0.0003700 secs] [Times: user=0.00 sys=0.00, real=0.00 secs] 
168.987: Total time for which application threads were stopped: 0.0004600 seconds, Stopping threads took: 0.0000410 seconds
169.021: Application time: 0.0343370 seconds
169.021: [GC169.021: [ParNew: 7050K->372K(7424K), 0.0004040 secs] 10052K->3438K(23808K), 0.0004210 secs] [Times: user=0.01 sys=0.00, real=0.00 secs] 
169.022: Total time for which application threads were stopped: 0.0005110 seconds, Stopping threads took: 0.0000410 seconds
169.056: Application time: 0.0341630 seconds
169.056: [GC169.056: [ParNew: 7028K->374K(7424K), 0.0002460 secs] 10094K->3440K(23808K), 0.0002640 secs] [Times: user=0.00 sys=0.00, real=0.00 secs] 
169.056: Total time for which application threads were stopped: 0.0003540 seconds, Stopping threads took: 0.0000420 seconds
169.091: Application time: 0.0344990 seconds
169.091: [GC169.091: [ParNew: 7030K->376K(7424K), 0.0003260 secs] 10096K->3442K(23808K), 0.0003440 secs] [Times: user=0.00 sys=0.00, real=0.00 secs] 
169.091: Total time for which application threads were stopped: 0.0004380 seconds, Stopping threads took: 0.0000460 seconds
169.125: Application time: 0.0344170 seconds
169.125: [GC169.125: [ParNew: 7032K->368K(7424K), 0.0002810 secs] 10098K->3433K(23808K), 0.0002990 secs] [Times: user=0.00 sys=0.00, real=0.00 secs] 
169.126: Total time for which application threads were stopped: 0.0003920 seconds, Stopping threads took: 0.0000430 seconds
169.160: Application time: 0.0344370 seconds
169.160: [GC169.160: [ParNew: 7024K->366K(7424K), 0.0002800 secs] 10089K->3431K(23808K), 0.0003060 secs] [Times: user=0.00 sys=0.00, real=0.00 secs] 
169.161: Total time for which application threads were stopped: 0.0003940 seconds, Stopping threads took: 0.0000420 seconds
169.195: Application time: 0.0343500 seconds
169.195: [GC169.195: [ParNew: 7022K->368K(7424K), 0.0002470 secs] 10087K->3434K(23808K), 0.0002660 secs] [Times: user=0.00 sys=0.00, real=0.00 secs] 
169.195: Total time for which application threads were stopped: 0.0003620 seconds, Stopping threads took: 0.0000490 seconds
169.230: Application time: 0.0342820 seconds
169.234: [GC169.234: [ParNew: 7024K->369K(7424K), 0.0002620 secs] 10090K->3435K(23808K), 0.0002800 secs] [Times: user=0.00 sys=0.00, real=0.00 secs] 
169.234: Total time for which application threads were stopped: 0.0047930 seconds, Stopping threads took: 0.0044650 seconds
169.269: Application time: 0.0343760 seconds
169.269: [GC169.269: [ParNew: 7025K->363K(7424K), 0.0002770 secs] 10091K->3429K(23808K), 0.0002970 secs] [Times: user=0.00 sys=0.00, real=0.00 secs] 
169.269: Total time for which application threads were stopped: 0.0003910 seconds, Stopping threads took: 0.0000440 seconds
169.303: Application time: 0.0342150 seconds
169.303: [GC169.303: [ParNew: 7019K->364K(7424K), 0.0002670 secs] 10085K->3430K(23808K), 0.0002850 secs] [Times: user=0.00 sys=0.00, real=0.00 secs] 
169.304: Total time for which application threads were stopped: 0.0003780 seconds, Stopping threads took: 0.0000480 seconds
169.338: Application time: 0.0342130 seconds
169.338: [GC169.338: [ParNew: 7020K->371K(7424K), 0.0003370 secs] 10086K->3436K(23808K), 0.0003610 secs] [Times: user=0.00 sys=0.00, real=0.00 secs] 
169.338: Total time for which application threads were stopped: 0.0005020 seconds, Stopping threads took: 0.0000810 seconds
169.373: Application time: 0.0344190 seconds
169.373: [GC169.373: [ParNew: 7027K->375K(7424K), 0.0002570 secs] 10092K->3440K(23808K), 0.0002770 secs] [Times: user=0.00 sys=0.00, real=0.00 secs] 
169.373: Total time for which application threads were stopped: 0.0003770 seconds, Stopping threads took: 0.0000540 seconds
169.408: Application time: 0.0346400 seconds
169.408: [GC169.408: [ParNew: 7031K->360K(7424K), 0.0002730 secs] 10096K->3426K(23808K), 0.0002920 secs] [Times: user=0.01 sys=0.00, real=0.00 secs] 
169.408: Total time for which application threads were stopped: 0.0003860 seconds, Stopping threads took: 0.0000460 seconds
169.444: Application time: 0.0358390 seconds
169.444: [GC169.444: [ParNew: 7016K->283K(7424K), 0.0003330 secs] 10082K->3476K(23808K), 0.0003540 secs] [Times: user=0.00 sys=0.00, real=0.00 secs] 
169.445: Total time for which application threads were stopped: 0.0004560 seconds, Stopping threads took: 0.0000490 seconds
169.479: Application time: 0.0340500 seconds
169.479: [GC169.479: [ParNew: 6939K->192K(7424K), 0.0002470 secs] 10132K->3505K(23808K), 0.0002640 secs] [Times: user=0.00 sys=0.00, real=0.00 secs] 
169.479: Total time for which application threads were stopped: 0.0003640 seconds, Stopping threads took: 0.0000430 seconds
169.514: Application time: 0.0346000 seconds
169.514: [GC169.514: [ParNew: 6848K->165K(7424K), 0.0002350 secs] 10161K->3535K(23808K), 0.0002540 secs] [Times: user=0.01 sys=0.00, real=0.00 secs] 
169.514: Total time for which application threads were stopped: 0.0003520 seconds, Stopping threads took: 0.0000510 seconds
169.548: Application time: 0.0343620 seconds
169.548: [GC169.548: [ParNew: 6821K->170K(7424K), 0.0002230 secs] 10191K->3540K(23808K), 0.0002410 secs] [Times: user=0.00 sys=0.00, real=0.00 secs] 
169.549: Total time for which application threads were stopped: 0.0003240 seconds, Stopping threads took: 0.0000400 seconds
169.583: Application time: 0.0341980 seconds
169.583: [GC169.583: [ParNew: 6826K->167K(7424K), 0.0002380 secs] 10196K->3537K(23808K), 0.0002550 secs] [Times: user=0.00 sys=0.00, real=0.00 secs] 
169.583: Total time for which application threads were stopped: 0.0003420 seconds, Stopping threads took: 0.0000350 seconds
169.617: Application time: 0.0339410 seconds
169.617: [GC169.617: [ParNew: 6823K->194K(7424K), 0.0002420 secs] 10193K->3564K(23808K), 0.0002620 secs] [Times: user=0.00 sys=0.00, real=0.00 secs] 
169.618: Total time for which application threads were stopped: 0.0003640 seconds, Stopping threads took: 0.0000550 seconds
169.651: Application time: 0.0335840 seconds
169.651: [GC169.651: [ParNew: 6850K->234K(7424K), 0.0002220 secs] 10220K->3604K(23808K), 0.0002410 secs] [Times: user=0.01 sys=0.00, real=0.00 secs] 
169.651: Total time for which application threads were stopped: 0.0003270 seconds, Stopping threads took: 0.0000380 seconds
169.684: Application time: 0.0326200 seconds
169.684: [GC169.684: [ParNew: 6890K->331K(7424K), 0.0002510 secs] 10260K->3700K(23808K), 0.0002680 secs] [Times: user=0.00 sys=0.00, real=0.00 secs] 
169.684: Total time for which application threads were stopped: 0.0003610 seconds, Stopping threads took: 0.0000430 seconds
169.718: Application time: 0.0334430 seconds
169.718: [GC169.718: [ParNew: 6987K->390K(7424K), 0.0003450 secs] 10356K->3759K(23808K), 0.0003620 secs] [Times: user=0.00 sys=0.00, real=0.00 secs] 
169.718: Total time for which application threads were stopped: 0.0004540 seconds, Stopping threads took: 0.0000460 seconds
169.753: Application time: 0.0344620 seconds
169.753: [GC169.753: [ParNew: 7046K->388K(7424K), 0.0002770 secs] 10415K->3758K(23808K), 0.0002940 secs] [Times: user=0.00 sys=0.00, real=0.00 secs] 
169.753: Total time for which application threads were stopped: 0.0003830 seconds, Stopping threads took: 0.0000460 seconds
169.787: Application time: 0.0341840 seconds
169.787: [GC169.787: [ParNew: 7044K->396K(7424K), 0.0002890 secs] 10414K->3765K(23808K), 0.0003070 secs] [Times: user=0.00 sys=0.00, real=0.00 secs] 
169.788: Total time for which application threads were stopped: 0.0004020 seconds, Stopping threads took: 0.0000470 seconds
169.822: Application time: 0.0344630 seconds
169.822: [GC169.822: [ParNew: 7052K->393K(7424K), 0.0002800 secs] 10421K->3762K(23808K), 0.0002970 secs] [Times: user=0.00 sys=0.00, real=0.00 secs] 
169.823: Total time for which application threads were stopped: 0.0003900 seconds, Stopping threads took: 0.0000480 seconds
169.857: Application time: 0.0340820 seconds
169.857: [GC169.857: [ParNew: 7049K->398K(7424K), 0.0003130 secs] 10418K->3768K(23808K), 0.0003300 secs] [Times: user=0.01 sys=0.00, real=0.00 secs] 
169.857: Total time for which application threads were stopped: 0.0004410 seconds, Stopping threads took: 0.0000620 seconds
169.892: Application time: 0.0344120 seconds
169.892: [GC169.892: [ParNew: 7054K->359K(7424K), 0.0002970 secs] 10424K->3809K(23808K), 0.0003150 secs] [Times: user=0.00 sys=0.00, real=0.00 secs] 
169.892: Total time for which application threads were stopped: 0.0003990 seconds, Stopping threads took: 0.0000370 seconds
169.926: Application time: 0.0345200 seconds
169.927: [GC169.927: [ParNew: 7015K->350K(7424K), 0.0002500 secs] 10465K->3800K(23808K), 0.0002670 secs] [Times: user=0.00 sys=0.00, real=0.00 secs] 
169.927: Total time for which application threads were stopped: 0.0003500 seconds, Stopping threads took: 0.0000360 seconds
169.961: Application time: 0.0343130 seconds
169.961: [GC169.961: [ParNew: 7006K->366K(7424K), 0.0002640 secs] 10456K->3816K(23808K), 0.0002820 secs] [Times: user=0.00 sys=0.00, real=0.00 secs] 
169.962: Total time for which application threads were stopped: 0.0003720 seconds, Stopping threads took: 0.0000420 seconds
169.996: Application time: 0.0342450 seconds
169.996: [GC169.996: [ParNew: 7022K->366K(7424K), 0.0003470 secs] 10472K->3816K(23808K), 0.0003680 secs] [Times: user=0.01 sys=0.00, real=0.00 secs] 
169.996: Total time for which application threads were stopped: 0.0005000 seconds, Stopping threads took: 0.0000740 seconds
170.031: Application time: 0.0344350 seconds
170.031: [GC170.031: [ParNew: 7022K->361K(7424K), 0.0003280 secs] 10472K->3810K(23808K), 0.0003450 secs] [Times: user=0.00 sys=0.00, real=0.00 secs] 
170.031: Total time for which application threads were stopped: 0.0004430 seconds, Stopping threads took: 0.0000420 seconds
170.065: Application time: 0.0339620 seconds
170.065: [GC170.065: [ParNew: 7017K->362K(7424K), 0.0003270 secs] 10466K->3812K(23808K), 0.0003450 secs] [Times: user=0.00 sys=0.00, real=0.00 secs] 
170.066: Total time for which application threads were stopped: 0.0004400 seconds, Stopping threads took: 0.0000490 seconds
170.100: Application time: 0.0341590 seconds
170.100: [GC170.100: [ParNew: 7018K->369K(7424K), 0.0002700 secs] 10468K->3819K(23808K), 0.0002870 secs] [Times: user=0.01 sys=0.00, real=0.00 secs] 
170.100: Total time for which application threads were stopped: 0.0003820 seconds, Stopping threads took: 0.0000490 seconds
170.134: Application time: 0.0342800 seconds
170.134: [GC170.134: [ParNew: 7025K->368K(7424K), 0.0003220 secs] 10475K->3818K(23808K), 0.0003380 secs] [Times: user=0.00 sys=0.00, real=0.00 secs] 
170.135: Total time for which application threads were stopped: 0.0004230 seconds, Stopping threads took: 0.0000390 seconds
170.169: Application time: 0.0344250 seconds
170.169: [GC170.169: [ParNew: 7024K->314K(7424K), 0.0002520 secs] 10474K->3868K(23808K), 0.0002700 secs] [Times: user=0.00 sys=0.00, real=0.00 secs] 
170.170: Total time for which application threads were stopped: 0.0003760 seconds, Stopping threads took: 0.0000580 seconds
170.204: Application time: 0.0343550 seconds
170.204: [GC170.204: [ParNew: 6970K->233K(7424K), 0.0002680 secs] 10524K->3927K(23808K), 0.0002860 secs] [Times: user=0.00 sys=0.00, real=0.00 secs] 
170.204: Total time for which application threads were stopped: 0.0003810 seconds, Stopping threads took: 0.0000470 seconds
170.238: Application time: 0.0341660 seconds
170.239: [GC170.239: [ParNew: 6889K->164K(7424K), 0.0002290 secs] 10583K->3954K(23808K), 0.0002460 secs] [Times: user=0.00 sys=0.00, real=0.00 secs] 
170.239: Total time for which application threads were stopped: 0.0003430 seconds, Stopping threads took: 0.0000500 seconds
170.273: Application time: 0.0346240 seconds
170.274: [GC170.274: [ParNew: 6820K->170K(7424K), 0.0002290 secs] 10610K->3961K(23808K), 0.0002460 secs] [Times: user=0.00 sys=0.00, real=0.00 secs] 
170.274: Total time for which application threads were stopped: 0.0003340 seconds, Stopping threads took: 0.0000430 seconds
170.308: Application time: 0.0345740 seconds
170.308: [GC170.308: [ParNew: 6826K->164K(7424K), 0.0002330 secs] 10617K->3955K(23808K), 0.0002500 secs] [Times: user=0.00 sys=0.00, real=0.00 secs] 
170.309: Total time for which application threads were stopped: 0.0003380 seconds, Stopping threads took: 0.0000430 seconds
170.343: Application time: 0.0339620 seconds
170.343: [GC170.343: [ParNew: 6820K->197K(7424K), 0.0002800 secs] 10611K->3987K(23808K), 0.0003070 secs] [Times: user=0.00 sys=0.00, real=0.00 secs] 
170.343: Total time for which application threads were stopped: 0.0004350 seconds, Stopping threads took: 0.0000640 seconds
170.377: Application time: 0.0342110 seconds
170.377: [GC170.377: [ParNew: 6853K->198K(7424K), 0.0002150 secs] 10643K->3988K(23808K), 0.0002320 secs] [Times: user=0.00 sys=0.00, real=0.00 secs] 
170.378: Total time for which application threads were stopped: 0.0003280 seconds, Stopping threads took: 0.0000490 seconds
170.410: Application time: 0.0322950 seconds
170.410: [GC170.410: [ParNew: 6854K->308K(7424K), 0.0003210 secs] 10644K->4098K(23808K), 0.0003400 secs] [Times: user=0.00 sys=0.01, real=0.00 secs] 
170.410: Total time for which application threads were stopped: 0.0004330 seconds, Stopping threads took: 0.0000410 seconds
170.443: Application time: 0.0329260 seconds
170.443: [GC170.443: [ParNew: 6964K->394K(7424K), 0.0002800 secs] 10754K->4184K(23808K), 0.0002990 secs] [Times: user=0.00 sys=0.00, real=0.00 secs] 
170.444: Total time for which application threads were stopped: 0.0003960 seconds, Stopping threads took: 0.0000500 seconds
170.478: Application time: 0.0345290 seconds
170.478: [GC170.478: [ParNew: 7050K->399K(7424K), 0.0002680 secs] 10840K->4189K(23808K), 0.0002940 secs] [Times: user=0.00 sys=0.00, real=0.00 secs] 
170.479: Total time for which application threads were stopped: 0.0003880 seconds, Stopping threads took: 0.0000470 seconds
170.513: Application time: 0.0342750 seconds
170.513: [GC170.513: [ParNew: 7055K->398K(7424K), 0.0002650 secs] 10845K->4188K(23808K), 0.0002830 secs] [Times: user=0.00 sys=0.00, real=0.00 secs] 
170.513: Total time for which application threads were stopped: 0.0003830 seconds, Stopping threads took: 0.0000430 seconds
170.548: Application time: 0.0344570 seconds
170.548: [GC170.548: [ParNew: 7054K->395K(7424K), 0.0003440 secs] 10844K->4185K(23808K), 0.0003620 secs] [Times: user=0.00 sys=0.00, real=0.00 secs] 
170.548: Total time for which application threads were stopped: 0.0004530 seconds, Stopping threads took: 0.0000430 seconds
170.582: Application time: 0.0341980 seconds
170.582: [GC170.582: [ParNew: 7051K->393K(7424K), 0.0003430 secs] 10841K->4183K(23808K), 0.0003600 secs] [Times: user=0.00 sys=0.00, real=0.00 secs] 
170.583: Total time for which application threads were stopped: 0.0004580 seconds, Stopping threads took: 0.0000520 seconds
170.617: Application time: 0.0344130 seconds
170.617: [GC170.617: [ParNew: 7049K->394K(7424K), 0.0004160 secs] 10839K->4184K(23808K), 0.0004330 secs] [Times: user=0.01 sys=0.00, real=0.00 secs] 
170.618: Total time for which application threads were stopped: 0.0005200 seconds, Stopping threads took: 0.0000430 seconds
170.653: Application time: 0.0349840 seconds
170.653: [GC170.653: [ParNew: 7050K->381K(7424K), 0.0002930 secs] 10840K->4171K(23808K), 0.0003110 secs] [Times: user=0.00 sys=0.00, real=0.00 secs] 
170.653: Total time for which application threads were stopped: 0.0004130 seconds, Stopping threads took: 0.0000550 seconds
170.687: Application time: 0.0340700 seconds
170.687: [GC170.687: [ParNew: 7037K->385K(7424K), 0.0002870 secs] 10827K->4175K(23808K), 0.0003030 secs] [Times: user=0.00 sys=0.00, real=0.00 secs] 
170.688: Total time for which application threads were stopped: 0.0003880 seconds, Stopping threads took: 0.0000390 seconds
170.722: Application time: 0.0340920 seconds
170.722: [GC170.722: [ParNew: 7041K->397K(7424K), 0.0002890 secs] 10831K->4187K(23808K), 0.0003070 secs] [Times: user=0.00 sys=0.00, real=0.01 secs] 
170.722: Total time for which application threads were stopped: 0.0004060 seconds, Stopping threads took: 0.0000510 seconds
170.757: Application time: 0.0347710 seconds
170.757: [GC170.757: [ParNew: 7053K->358K(7424K), 0.0002800 secs] 10843K->4204K(23808K), 0.0002970 secs] [Times: user=0.00 sys=0.00, real=0.00 secs] 
170.757: Total time for which application threads were stopped: 0.0003850 seconds, Stopping threads took: 0.0000420 seconds
170.791: Application time: 0.0341160 seconds
170.792: [GC170.792: [ParNew: 7014K->366K(7424K), 0.0003660 secs] 10860K->4212K(23808K), 0.0003820 secs] [Times: user=0.00 sys=0.00, real=0.00 secs] 
170.792: Total time for which application threads were stopped: 0.0004710 seconds, Stopping threads took: 0.0000440 seconds
170.826: Application time: 0.0340460 seconds
170.826: [GC170.826: [ParNew: 7022K->366K(7424K), 0.0002890 secs] 10868K->4212K(23808K), 0.0003070 secs] [Times: user=0.00 sys=0.00, real=0.00 secs] 
170.826: Total time for which application threads were stopped: 0.0004040 seconds, Stopping threads took: 0.0000470 seconds
170.861: Application time: 0.0342340 seconds
170.861: [GC170.861: [ParNew: 7022K->360K(7424K), 0.0002810 secs] 10868K->4206K(23808K), 0.0002990 secs] [Times: user=0.00 sys=0.00, real=0.00 secs] 
170.861: Total time for which application threads were stopped: 0.0003940 seconds, Stopping threads took: 0.0000480 seconds
170.895: Application time: 0.0345150 seconds
170.896: [GC170.896: [ParNew: 7016K->367K(7424K), 0.0002460 secs] 10862K->4213K(23808K), 0.0002640 secs] [Times: user=0.00 sys=0.00, real=0.00 secs] 
170.896: Total time for which application threads were stopped: 0.0003520 seconds, Stopping threads took: 0.0000430 seconds
170.931: Application time: 0.0355060 seconds
170.931: [GC170.931: [ParNew: 7023K->232K(7424K), 0.0003550 secs] 10869K->4255K(23808K), 0.0003880 secs] [Times: user=0.00 sys=0.00, real=0.00 secs] 
170.932: Total time for which application threads were stopped: 0.0004970 seconds, Stopping threads took: 0.0000480 seconds
170.966: Application time: 0.0344720 seconds
170.970: [GC170.970: [ParNew: 6888K->157K(7424K), 0.0002360 secs] 10911K->4283K(23808K), 0.0002560 secs] [Times: user=0.00 sys=0.00, real=0.00 secs] 
170.970: Total time for which application threads were stopped: 0.0040360 seconds, Stopping threads took: 0.0037300 seconds
171.005: Application time: 0.0343600 seconds
171.005: [GC171.005: [ParNew: 6813K->159K(7424K), 0.0002010 secs] 10939K->4285K(23808K), 0.0002180 secs] [Times: user=0.01 sys=0.00, real=0.00 secs] 
171.005: Total time for which application threads were stopped: 0.0003130 seconds, Stopping threads took: 0.0000470 seconds
171.040: Application time: 0.0349040 seconds
171.040: [GC171.040: [ParNew: 6815K->159K(7424K), 0.0002400 secs] 10941K->4286K(23808K), 0.0002570 secs] [Times: user=0.00 sys=0.00, real=0.00 secs] 
171.040: Total time for which application threads were stopped: 0.0003600 seconds, Stopping threads took: 0.0000490 seconds
171.074: Application time: 0.0339890 seconds
171.074: [GC171.074: [ParNew: 6815K->181K(7424K), 0.0002400 secs] 10942K->4307K(23808K), 0.0002570 secs] [Times: user=0.00 sys=0.00, real=0.00 secs] 
171.075: Total time for which application threads were stopped: 0.0003340 seconds, Stopping threads took: 0.0000310 seconds
171.109: Application time: 0.0341600 seconds
171.109: [GC171.109: [ParNew: 6837K->192K(7424K), 0.0002910 secs] 10963K->4318K(23808K), 0.0003100 secs] [Times: user=0.00 sys=0.00, real=0.00 secs] 
171.109: Total time for which application threads were stopped: 0.0004030 seconds, Stopping threads took: 0.0000480 seconds
171.142: Application time: 0.0332470 seconds
171.143: [GC171.143: [ParNew: 6848K->261K(7424K), 0.0002290 secs] 10974K->4387K(23808K), 0.0002470 secs] [Times: user=0.00 sys=0.00, real=0.00 secs] 
171.143: Total time for which application threads were stopped: 0.0003320 seconds, Stopping threads took: 0.0000370 seconds
171.175: Application time: 0.0323790 seconds
171.175: [GC171.175: [ParNew: 6917K->399K(7424K), 0.0002960 secs] 11043K->4525K(23808K), 0.0003140 secs] [Times: user=0.00 sys=0.00, real=0.00 secs] 
171.176: Total time for which application threads were stopped: 0.0004040 seconds, Stopping threads took: 0.0000440 seconds
171.210: Application time: 0.0347260 seconds
171.210: [GC171.210: [ParNew: 7055K->400K(7424K), 0.0003120 secs] 11181K->4526K(23808K), 0.0003290 secs] [Times: user=0.00 sys=0.00, real=0.00 secs] 
171.211: Total time for which application threads were stopped: 0.0004170 seconds, Stopping threads took: 0.0000420 seconds
171.245: Application time: 0.0345210 seconds
171.246: [GC171.246: [ParNew: 7056K->394K(7424K), 0.0002700 secs] 11182K->4521K(23808K), 0.0002890 secs] [Times: user=0.00 sys=0.00, real=0.00 secs] 
171.246: Total time for which application threads were stopped: 0.0011710 seconds, Stopping threads took: 0.0008340 seconds
171.281: Application time: 0.0343490 seconds
171.281: [GC171.281: [ParNew: 7050K->394K(7424K), 0.0003640 secs] 11177K->4520K(23808K), 0.0003820 secs] [Times: user=0.00 sys=0.00, real=0.00 secs] 
171.281: Total time for which application threads were stopped: 0.0004890 seconds, Stopping threads took: 0.0000590 seconds
171.316: Application time: 0.0346820 seconds
171.316: [GC171.316: [ParNew: 7050K->398K(7424K), 0.0003400 secs] 11176K->4524K(23808K), 0.0003650 secs] [Times: user=0.00 sys=0.00, real=0.00 secs] 
171.316: Total time for which application threads were stopped: 0.0004850 seconds, Stopping threads took: 0.0000560 seconds
171.351: Application time: 0.0343180 seconds
171.351: [GC171.351: [ParNew: 7054K->397K(7424K), 0.0003170 secs] 11180K->4523K(23808K), 0.0003370 secs] [Times: user=0.01 sys=0.00, real=0.00 secs] 
171.351: Total time for which application threads were stopped: 0.0004470 seconds, Stopping threads took: 0.0000580 seconds
171.386: Application time: 0.0343920 seconds
171.386: [GC171.386: [ParNew: 7053K->402K(7424K), 0.0002560 secs] 11179K->4528K(23808K), 0.0002810 secs] [Times: user=0.00 sys=0.00, real=0.00 secs] 
171.386: Total time for which application threads were stopped: 0.0003820 seconds, Stopping threads took: 0.0000550 seconds
171.420: Application time: 0.0344460 seconds
171.420: [GC171.420: [ParNew: 7058K->402K(7424K), 0.0002780 secs] 11184K->4529K(23808K), 0.0002960 secs] [Times: user=0.00 sys=0.00, real=0.00 secs] 
171.421: Total time for which application threads were stopped: 0.0003880 seconds, Stopping threads took: 0.0000440 seconds
171.455: Application time: 0.0341440 seconds
171.455: [GC171.455: [ParNew: 7058K->389K(7424K), 0.0002930 secs] 11185K->4515K(23808K), 0.0003080 secs] [Times: user=0.01 sys=0.00, real=0.00 secs] 
171.455: Total time for which application threads were stopped: 0.0004010 seconds, Stopping threads took: 0.0000440 seconds
171.490: Application time: 0.0345040 seconds
171.490: [GC171.490: [ParNew: 7045K->377K(7424K), 0.0002550 secs] 11171K->4503K(23808K), 0.0002740 secs] [Times: user=0.00 sys=0.00, real=0.00 secs] 
171.490: Total time for which application threads were stopped: 0.0003650 seconds, Stopping threads took: 0.0000450 seconds
171.524: Application time: 0.0335420 seconds
171.524: [GC171.524: [ParNew: 7033K->404K(7424K), 0.0002680 secs] 11159K->4530K(23808K), 0.0002850 secs] [Times: user=0.00 sys=0.00, real=0.00 secs] 
171.524: Total time for which application threads were stopped: 0.0003720 seconds, Stopping threads took: 0.0000390 seconds
171.559: Application time: 0.0344550 seconds
171.559: [GC171.559: [ParNew: 7060K->391K(7424K), 0.0002670 secs] 11186K->4517K(23808K), 0.0002830 secs] [Times: user=0.00 sys=0.00, real=0.00 secs] 
171.559: Total time for which application threads were stopped: 0.0003850 seconds, Stopping threads took: 0.0000450 seconds
171.593: Application time: 0.0344460 seconds
171.594: [GC171.594: [ParNew: 7047K->371K(7424K), 0.0002650 secs] 11173K->4553K(23808K), 0.0002810 secs] [Times: user=0.00 sys=0.00, real=0.00 secs] 
171.594: Total time for which application threads were stopped: 0.0003730 seconds, Stopping threads took: 0.0000460 seconds
171.628: Application time: 0.0342970 seconds
171.628: [GC171.628: [ParNew: 7027K->368K(7424K), 0.0002690 secs] 11209K->4551K(23808K), 0.0002850 secs] [Times: user=0.00 sys=0.00, real=0.00 secs] 
171.628: Total time for which application threads were stopped: 0.0003710 seconds, Stopping threads took: 0.0000390 seconds
171.663: Application time: 0.0346210 seconds
171.663: [GC171.663: [ParNew: 7024K->281K(7424K), 0.0002820 secs] 11207K->4591K(23808K), 0.0002990 secs] [Times: user=0.00 sys=0.00, real=0.00 secs] 
171.663: Total time for which application threads were stopped: 0.0003870 seconds, Stopping threads took: 0.0000420 seconds
171.698: Application time: 0.0344920 seconds
171.698: [GC171.698: [ParNew: 6937K->168K(7424K), 0.0002770 secs] 11247K->4627K(23808K), 0.0002950 secs] [Times: user=0.00 sys=0.00, real=0.00 secs] 
171.698: Total time for which application threads were stopped: 0.0003860 seconds, Stopping threads took: 0.0000420 seconds
171.733: Application time: 0.0343320 seconds
171.733: [GC171.733: [ParNew: 6824K->168K(7424K), 0.0002320 secs] 11283K->4627K(23808K), 0.0002490 secs] [Times: user=0.01 sys=0.00, real=0.00 secs] 
171.733: Total time for which application threads were stopped: 0.0003420 seconds, Stopping threads took: 0.0000460 seconds
171.767: Application time: 0.0344110 seconds
171.768: [GC171.768: [ParNew: 6824K->164K(7424K), 0.0002350 secs] 11283K->4623K(23808K), 0.0002540 secs] [Times: user=0.00 sys=0.00, real=0.00 secs] 
171.768: Total time for which application threads were stopped: 0.0003410 seconds, Stopping threads took: 0.0000420 seconds
171.802: Application time: 0.0345150 seconds
171.802: [GC171.802: [ParNew: 6820K->196K(7424K), 0.0002400 secs] 11279K->4654K(23808K), 0.0002560 secs] [Times: user=0.00 sys=0.00, real=0.00 secs] 
171.803: Total time for which application threads were stopped: 0.0003380 seconds, Stopping threads took: 0.0000360 seconds
171.837: Application time: 0.0341760 seconds
171.837: [GC171.837: [ParNew: 6852K->193K(7424K), 0.0002550 secs] 11310K->4651K(23808K), 0.0002820 secs] [Times: user=0.01 sys=0.00, real=0.00 secs] 
171.837: Total time for which application threads were stopped: 0.0003750 seconds, Stopping threads took: 0.0000460 seconds
171.870: Application time: 0.0328500 seconds
171.870: [GC171.870: [ParNew: 6849K->276K(7424K), 0.0003020 secs] 11307K->4735K(23808K), 0.0003200 secs] [Times: user=0.01 sys=0.00, real=0.00 secs] 
171.870: Total time for which application threads were stopped: 0.0004310 seconds, Stopping threads took: 0.0000640 seconds
171.904: Application time: 0.0330650 seconds
171.904: [GC171.904: [ParNew: 6932K->369K(7424K), 0.0002810 secs] 11391K->4828K(23808K), 0.0003000 secs] [Times: user=0.01 sys=0.00, real=0.00 secs] 
171.904: Total time for which application threads were stopped: 0.0003940 seconds, Stopping threads took: 0.0000460 seconds
171.938: Application time: 0.0339020 seconds
171.938: [GC171.938: [ParNew: 7025K->393K(7424K), 0.0002710 secs] 11484K->4852K(23808K), 0.0002890 secs] [Times: user=0.00 sys=0.00, real=0.00 secs] 
171.938: Total time for which application threads were stopped: 0.0003860 seconds, Stopping threads took: 0.0000510 seconds
171.972: Application time: 0.0340530 seconds
171.972: [GC171.972: [ParNew: 7049K->395K(7424K), 0.0002920 secs] 11508K->4854K(23808K), 0.0003090 secs] [Times: user=0.00 sys=0.00, real=0.00 secs] 
171.973: Total time for which application threads were stopped: 0.0004110 seconds, Stopping threads took: 0.0000570 seconds
172.008: Application time: 0.0348970 seconds
172.008: [GC172.008: [ParNew: 7051K->397K(7424K), 0.0002860 secs] 11510K->4856K(23808K), 0.0003020 secs] [Times: user=0.00 sys=0.00, real=0.00 secs] 
172.008: Total time for which application threads were stopped: 0.0004040 seconds, Stopping threads took: 0.0000560 seconds
172.042: Application time: 0.0341170 seconds
172.042: [GC172.042: [ParNew: 7053K->392K(7424K), 0.0002940 secs] 11512K->4850K(23808K), 0.0003110 secs] [Times: user=0.00 sys=0.00, real=0.00 secs] 
172.043: Total time for which application threads were stopped: 0.0004030 seconds, Stopping threads took: 0.0000450 seconds
172.077: Application time: 0.0346920 seconds
172.077: [GC172.077: [ParNew: 7048K->391K(7424K), 0.0003300 secs] 11506K->4849K(23808K), 0.0003470 secs] [Times: user=0.00 sys=0.00, real=0.00 secs] 
172.078: Total time for which application threads were stopped: 0.0004430 seconds, Stopping threads took: 0.0000420 seconds
172.112: Application time: 0.0343890 seconds
172.114: [GC172.114: [ParNew: 7047K->381K(7424K), 0.0003610 secs] 11505K->4840K(23808K), 0.0003790 secs] [Times: user=0.00 sys=0.00, real=0.00 secs] 
172.114: Total time for which application threads were stopped: 0.0024280 seconds, Stopping threads took: 0.0020050 seconds
172.149: Application time: 0.0340860 seconds
172.149: [GC172.149: [ParNew: 7037K->388K(7424K), 0.0002630 secs] 11496K->4847K(23808K), 0.0002810 secs] [Times: user=0.00 sys=0.00, real=0.00 secs] 
172.149: Total time for which application threads were stopped: 0.0003630 seconds, Stopping threads took: 0.0000360 seconds
172.183: Application time: 0.0344950 seconds
172.183: [GC172.183: [ParNew: 7044K->391K(7424K), 0.0002810 secs] 11503K->4850K(23808K), 0.0002980 secs] [Times: user=0.01 sys=0.00, real=0.00 secs] 
172.184: Total time for which application threads were stopped: 0.0003730 seconds, Stopping threads took: 0.0000310 seconds
172.218: Application time: 0.0345950 seconds
172.218: [GC172.218: [ParNew: 7047K->392K(7424K), 0.0002680 secs] 11506K->4851K(23808K), 0.0002840 secs] [Times: user=0.00 sys=0.00, real=0.00 secs] 
172.219: Total time for which application threads were stopped: 0.0003760 seconds, Stopping threads took: 0.0000470 seconds
172.253: Application time: 0.0339070 seconds
172.253: [GC172.253: [ParNew: 7048K->358K(7424K), 0.0002490 secs] 11507K->4817K(23808K), 0.0002640 secs] [Times: user=0.00 sys=0.00, real=0.00 secs] 
172.253: Total time for which application threads were stopped: 0.0003470 seconds, Stopping threads took: 0.0000380 seconds
172.287: Application time: 0.0338630 seconds
172.287: [GC172.287: [ParNew: 7014K->392K(7424K), 0.0003370 secs] 11473K->4851K(23808K), 0.0003600 secs] [Times: user=0.00 sys=0.00, real=0.00 secs] 
172.287: Total time for which application threads were stopped: 0.0004500 seconds, Stopping threads took: 0.0000470 seconds
172.322: Application time: 0.0347590 seconds
172.322: [GC172.322: [ParNew: 7048K->372K(7424K), 0.0003270 secs] 11507K->4895K(23808K), 0.0003520 secs] [Times: user=0.01 sys=0.00, real=0.00 secs] 
172.323: Total time for which application threads were stopped: 0.0004730 seconds, Stopping threads took: 0.0000570 seconds
172.357: Application time: 0.0344200 seconds
172.358: [GC172.358: [ParNew: 7028K->354K(7424K), 0.0005210 secs] 11551K->4877K(23808K), 0.0005390 secs] [Times: user=0.00 sys=0.00, real=0.00 secs] 
172.359: Total time for which application threads were stopped: 0.0017810 seconds, Stopping threads took: 0.0011820 seconds
172.393: Application time: 0.0342400 seconds
172.393: [GC172.393: [ParNew: 7010K->274K(7424K), 0.0002570 secs] 11533K->4925K(23808K), 0.0002750 secs] [Times: user=0.00 sys=0.00, real=0.00 secs] 
172.393: Total time for which application threads were stopped: 0.0003650 seconds, Stopping threads took: 0.0000430 seconds
172.428: Application time: 0.0346850 seconds
172.428: [GC172.428: [ParNew: 6930K->194K(7424K), 0.0002780 secs] 11581K->4981K(23808K), 0.0002960 secs] [Times: user=0.00 sys=0.00, real=0.00 secs] 
172.428: Total time for which application threads were stopped: 0.0003940 seconds, Stopping threads took: 0.0000540 seconds
172.464: Application time: 0.0357530 seconds
172.466: [GC172.466: [ParNew: 6850K->169K(7424K), 0.0003130 secs] 11637K->5020K(23808K), 0.0003360 secs] [Times: user=0.00 sys=0.00, real=0.00 secs] 
172.466: Total time for which application threads were stopped: 0.0022240 seconds, Stopping threads took: 0.0018280 seconds
172.501: Application time: 0.0340540 seconds
172.501: [GC172.501: [ParNew: 6825K->168K(7424K), 0.0002430 secs] 11676K->5019K(23808K), 0.0002620 secs] [Times: user=0.00 sys=0.00, real=0.00 secs] 
172.501: Total time for which application threads were stopped: 0.0003510 seconds, Stopping threads took: 0.0000420 seconds
172.535: Application time: 0.0339130 seconds
172.535: [GC172.535: [ParNew: 6824K->189K(7424K), 0.0002460 secs] 11675K->5040K(23808K), 0.0002630 secs] [Times: user=0.01 sys=0.00, real=0.00 secs] 
172.535: Total time for which application threads were stopped: 0.0003580 seconds, Stopping threads took: 0.0000480 seconds
172.569: Application time: 0.0341210 seconds
172.569: [GC172.569: [ParNew: 6845K->190K(7424K), 0.0003030 secs] 11696K->5041K(23808K), 0.0003200 secs] [Times: user=0.00 sys=0.00, real=0.00 secs] 
172.570: Total time for which application threads were stopped: 0.0004100 seconds, Stopping threads took: 0.0000450 seconds
172.604: Application time: 0.0339290 seconds
172.604: [GC172.604: [ParNew: 6846K->219K(7424K), 0.0002590 secs] 11697K->5070K(23808K), 0.0002780 secs] [Times: user=0.00 sys=0.00, real=0.00 secs] 
172.604: Total time for which application threads were stopped: 0.0003810 seconds, Stopping threads took: 0.0000450 seconds
172.636: Application time: 0.0323110 seconds
172.636: [GC172.636: [ParNew: 6875K->352K(7424K), 0.0002780 secs] 11726K->5202K(23808K), 0.0002960 secs] [Times: user=0.00 sys=0.00, real=0.00 secs] 
172.637: Total time for which application threads were stopped: 0.0003910 seconds, Stopping threads took: 0.0000470 seconds
172.670: Application time: 0.0337940 seconds
172.671: [GC172.671: [ParNew: 7008K->403K(7424K), 0.0002650 secs] 11858K->5254K(23808K), 0.0002810 secs] [Times: user=0.00 sys=0.00, real=0.00 secs] 
172.671: Total time for which application threads were stopped: 0.0003690 seconds, Stopping threads took: 0.0000440 seconds
172.705: Application time: 0.0342420 seconds
172.705: [GC172.705: [ParNew: 7059K->355K(7424K), 0.0002570 secs] 11910K->5286K(23808K), 0.0002750 secs] [Times: user=0.00 sys=0.00, real=0.00 secs] 
172.705: Total time for which application threads were stopped: 0.0003800 seconds, Stopping threads took: 0.0000480 seconds
172.740: Application time: 0.0342690 seconds
172.740: [GC172.740: [ParNew: 7011K->357K(7424K), 0.0002870 secs] 11942K->5288K(23808K), 0.0003050 secs] [Times: user=0.00 sys=0.00, real=0.00 secs] 
172.740: Total time for which application threads were stopped: 0.0003940 seconds, Stopping threads took: 0.0000420 seconds
172.775: Application time: 0.0344170 seconds
172.775: [GC172.775: [ParNew: 7013K->349K(7424K), 0.0003400 secs] 11944K->5280K(23808K), 0.0003560 secs] [Times: user=0.01 sys=0.00, real=0.00 secs] 
172.775: Total time for which application threads were stopped: 0.0004410 seconds, Stopping threads took: 0.0000400 seconds
172.809: Application time: 0.0343900 seconds
172.809: [GC172.809: [ParNew: 7005K->355K(7424K), 0.0002710 secs] 11936K->5286K(23808K), 0.0002890 secs] [Times: user=0.00 sys=0.00, real=0.00 secs] 
172.810: Total time for which application threads were stopped: 0.0003760 seconds, Stopping threads took: 0.0000400 seconds
172.844: Application time: 0.0343460 seconds
172.844: [GC172.844: [ParNew: 7011K->356K(7424K), 0.0002730 secs] 11942K->5287K(23808K), 0.0002910 secs] [Times: user=0.00 sys=0.00, real=0.00 secs] 
172.844: Total time for which application threads were stopped: 0.0003850 seconds, Stopping threads took: 0.0000470 seconds
172.879: Application time: 0.0340590 seconds
172.879: [GC172.879: [ParNew: 7012K->349K(7424K), 0.0002760 secs] 11943K->5280K(23808K), 0.0002930 secs] [Times: user=0.00 sys=0.00, real=0.00 secs] 
172.879: Total time for which application threads were stopped: 0.0003800 seconds, Stopping threads took: 0.0000450 seconds
172.913: Application time: 0.0343760 seconds
172.913: [GC172.913: [ParNew: 7005K->365K(7424K), 0.0003460 secs] 11936K->5296K(23808K), 0.0003640 secs] [Times: user=0.00 sys=0.00, real=0.00 secs] 
172.914: Total time for which application threads were stopped: 0.0004580 seconds, Stopping threads took: 0.0000500 seconds
172.948: Application time: 0.0344340 seconds
172.948: [GC172.948: [ParNew: 7021K->376K(7424K), 0.0002660 secs] 11952K->5306K(23808K), 0.0002820 secs] [Times: user=0.00 sys=0.00, real=0.00 secs] 
172.949: Total time for which application threads were stopped: 0.0003760 seconds, Stopping threads took: 0.0000480 seconds
172.983: Application time: 0.0342490 seconds
172.983: [GC172.983: [ParNew: 7032K->360K(7424K), 0.0002700 secs] 11962K->5291K(23808K), 0.0002870 secs] [Times: user=0.00 sys=0.00, real=0.00 secs] 
172.983: Total time for which application threads were stopped: 0.0003820 seconds, Stopping threads took: 0.0000480 seconds
173.017: Application time: 0.0339000 seconds
173.017: [GC173.017: [ParNew: 7016K->363K(7424K), 0.0002720 secs] 11947K->5294K(23808K), 0.0002900 secs] [Times: user=0.00 sys=0.00, real=0.00 secs] 
173.018: Total time for which application threads were stopped: 0.0003780 seconds, Stopping threads took: 0.0000410 seconds
173.052: Application time: 0.0341350 seconds
173.052: [GC173.052: [ParNew: 7019K->362K(7424K), 0.0002550 secs] 11950K->5293K(23808K), 0.0002710 secs] [Times: user=0.00 sys=0.00, real=0.00 secs] 
173.052: Total time for which application threads were stopped: 0.0003550 seconds, Stopping threads took: 0.0000390 seconds
173.087: Application time: 0.0348090 seconds
173.087: [GC173.087: [ParNew: 7018K->370K(7424K), 0.0003450 secs] 11949K->5301K(23808K), 0.0003630 secs] [Times: user=0.01 sys=0.00, real=0.00 secs] 
173.087: Total time for which application threads were stopped: 0.0004440 seconds, Stopping threads took: 0.0000360 seconds
173.122: Application time: 0.0342840 seconds
173.126: [GC173.126: [ParNew: 7026K->336K(7424K), 0.0002820 secs] 11957K->5323K(23808K), 0.0003000 secs] [Times: user=0.00 sys=0.00, real=0.00 secs] 
173.126: Total time for which application threads were stopped: 0.0048960 seconds, Stopping threads took: 0.0045400 seconds
173.161: Application time: 0.0343760 seconds
173.161: [GC173.161: [ParNew: 6992K->202K(7424K), 0.0002550 secs] 11979K->5381K(23808K), 0.0002800 secs] [Times: user=0.00 sys=0.00, real=0.00 secs] 
173.161: Total time for which application threads were stopped: 0.0003660 seconds, Stopping threads took: 0.0000410 seconds
173.196: Application time: 0.0345630 seconds
173.196: [GC173.196: [ParNew: 6858K->162K(7424K), 0.0003090 secs] 12037K->5397K(23808K), 0.0003280 secs] [Times: user=0.00 sys=0.00, real=0.00 secs] 
173.196: Total time for which application threads were stopped: 0.0004190 seconds, Stopping threads took: 0.0000450 seconds
173.230: Application time: 0.0342080 seconds
173.230: [GC173.230: [ParNew: 6818K->168K(7424K), 0.0002320 secs] 12053K->5403K(23808K), 0.0002480 secs] [Times: user=0.00 sys=0.00, real=0.00 secs] 
173.231: Total time for which application threads were stopped: 0.0003300 seconds, Stopping threads took: 0.0000370 seconds
173.265: Application time: 0.0338830 seconds
173.265: [GC173.265: [ParNew: 6824K->194K(7424K), 0.0002070 secs] 12059K->5429K(23808K), 0.0002250 secs] [Times: user=0.01 sys=0.00, real=0.00 secs] 
173.265: Total time for which application threads were stopped: 0.0003110 seconds, Stopping threads took: 0.0000390 seconds
173.299: Application time: 0.0345350 seconds
173.300: [GC173.300: [ParNew: 6850K->195K(7424K), 0.0002040 secs] 12085K->5431K(23808K), 0.0002210 secs] [Times: user=0.00 sys=0.00, real=0.00 secs] 
173.300: Total time for which application threads were stopped: 0.0003100 seconds, Stopping threads took: 0.0000460 seconds
173.334: Application time: 0.0342310 seconds
173.334: [GC173.334: [ParNew: 6851K->210K(7424K), 0.0002880 secs] 12087K->5445K(23808K), 0.0003110 secs] [Times: user=0.00 sys=0.00, real=0.00 secs] 
173.334: Total time for which application threads were stopped: 0.0004310 seconds, Stopping threads took: 0.0000620 seconds
173.367: Application time: 0.0328480 seconds
173.367: [GC173.367: [ParNew: 6866K->300K(7424K), 0.0002900 secs] 12101K->5535K(23808K), 0.0003080 secs] [Times: user=0.00 sys=0.00, real=0.00 secs] 
173.368: Total time for which application threads were stopped: 0.0004020 seconds, Stopping threads took: 0.0000440 seconds
173.400: Application time: 0.0326470 seconds
173.400: [GC173.400: [ParNew: 6956K->392K(7424K), 0.0002730 secs] 12191K->5627K(23808K), 0.0002900 secs] [Times: user=0.01 sys=0.00, real=0.00 secs] 
173.401: Total time for which application threads were stopped: 0.0003810 seconds, Stopping threads took: 0.0000430 seconds
173.436: Application time: 0.0348210 seconds
173.436: [GC173.436: [ParNew: 7048K->391K(7424K), 0.0003280 secs] 12283K->5626K(23808K), 0.0003440 secs] [Times: user=0.00 sys=0.00, real=0.00 secs] 
173.436: Total time for which application threads were stopped: 0.0004290 seconds, Stopping threads took: 0.0000390 seconds
173.470: Application time: 0.0342990 seconds
173.470: [GC173.470: [ParNew: 7047K->390K(7424K), 0.0002830 secs] 12282K->5625K(23808K), 0.0003000 secs] [Times: user=0.00 sys=0.00, real=0.00 secs] 
173.471: Total time for which application threads were stopped: 0.0003880 seconds, Stopping threads took: 0.0000420 seconds
173.505: Application time: 0.0341390 seconds
173.505: [GC173.505: [ParNew: 7046K->401K(7424K), 0.0003100 secs] 12281K->5636K(23808K), 0.0003280 secs] [Times: user=0.00 sys=0.00, real=0.00 secs] 
173.505: Total time for which application threads were stopped: 0.0004150 seconds, Stopping threads took: 0.0000400 seconds
173.540: Application time: 0.0350340 seconds
173.540: [GC173.540: [ParNew: 7057K->352K(7424K), 0.0002620 secs] 12292K->5667K(23808K), 0.0002820 secs] [Times: user=0.00 sys=0.00, real=0.00 secs] 
173.541: Total time for which application threads were stopped: 0.0003920 seconds, Stopping threads took: 0.0000620 seconds
173.575: Application time: 0.0340800 seconds
173.575: [GC173.575: [ParNew: 7008K->355K(7424K), 0.0003580 secs] 12323K->5670K(23808K), 0.0003760 secs] [Times: user=0.01 sys=0.00, real=0.00 secs] 
173.575: Total time for which application threads were stopped: 0.0004680 seconds, Stopping threads took: 0.0000430 seconds
173.610: Application time: 0.0343860 seconds
173.610: [GC173.610: [ParNew: 7011K->347K(7424K), 0.0002790 secs] 12326K->5663K(23808K), 0.0003040 secs] [Times: user=0.00 sys=0.00, real=0.00 secs] 
173.610: Total time for which application threads were stopped: 0.0003920 seconds, Stopping threads took: 0.0000420 seconds
173.645: Application time: 0.0346610 seconds
173.645: [GC173.645: [ParNew: 7003K->365K(7424K), 0.0002840 secs] 12319K->5681K(23808K), 0.0003000 secs] [Times: user=0.00 sys=0.00, real=0.00 secs] 
173.645: Total time for which application threads were stopped: 0.0003940 seconds, Stopping threads took: 0.0000410 seconds
173.679: Application time: 0.0341940 seconds
173.679: [GC173.679: [ParNew: 7021K->368K(7424K), 0.0002640 secs] 12337K->5683K(23808K), 0.0002820 secs] [Times: user=0.00 sys=0.00, real=0.00 secs] 
173.680: Total time for which application threads were stopped: 0.0003730 seconds, Stopping threads took: 0.0000430 seconds
173.714: Application time: 0.0341410 seconds
173.714: [GC173.714: [ParNew: 7024K->359K(7424K), 0.0003100 secs] 12339K->5674K(23808K), 0.0003280 secs] [Times: user=0.00 sys=0.00, real=0.01 secs] 
173.714: Total time for which application threads were stopped: 0.0004260 seconds, Stopping threads took: 0.0000500 seconds
173.748: Application time: 0.0340520 seconds
173.750: [GC173.750: [ParNew: 7015K->368K(7424K), 0.0003000 secs] 12330K->5683K(23808K), 0.0003190 secs] [Times: user=0.00 sys=0.00, real=0.00 secs] 
173.750: Total time for which application threads were stopped: 0.0022310 seconds, Stopping threads took: 0.0018640 seconds
173.785: Application time: 0.0345410 seconds
173.785: [GC173.785: [ParNew: 7024K->367K(7424K), 0.0003010 secs] 12339K->5682K(23808K), 0.0003180 secs] [Times: user=0.00 sys=0.00, real=0.00 secs] 
173.785: Total time for which application threads were stopped: 0.0004120 seconds, Stopping threads took: 0.0000460 seconds
173.820: Application time: 0.0343550 seconds
173.820: [GC173.820: [ParNew: 7023K->371K(7424K), 0.0002670 secs] 12338K->5687K(23808K), 0.0002840 secs] [Times: user=0.01 sys=0.00, real=0.00 secs] 
173.820: Total time for which application threads were stopped: 0.0003760 seconds, Stopping threads took: 0.0000460 seconds
173.855: Application time: 0.0346900 seconds
173.855: [GC173.855: [ParNew: 7027K->338K(7424K), 0.0002560 secs] 12343K->5725K(23808K), 0.0002710 secs] [Times: user=0.00 sys=0.00, real=0.00 secs] 
173.855: Total time for which application threads were stopped: 0.0003490 seconds, Stopping threads took: 0.0000320 seconds
173.889: Application time: 0.0341160 seconds
173.889: [GC173.889: [ParNew: 6994K->257K(7424K), 0.0002480 secs] 12381K->5756K(23808K), 0.0002670 secs] [Times: user=0.00 sys=0.00, real=0.00 secs] 
173.890: Total time for which application threads were stopped: 0.0003630 seconds, Stopping threads took: 0.0000480 seconds
173.924: Application time: 0.0343740 seconds
173.924: [GC173.924: [ParNew: 6913K->170K(7424K), 0.0003050 secs] 12412K->5793K(23808K), 0.0003200 secs] [Times: user=0.00 sys=0.00, real=0.00 secs] 
173.924: Total time for which application threads were stopped: 0.0004100 seconds, Stopping threads took: 0.0000440 seconds
173.960: Application time: 0.0353710 seconds
173.960: [GC173.960: [ParNew: 6826K->174K(7424K), 0.0002710 secs] 12449K->5798K(23808K), 0.0002930 secs] [Times: user=0.01 sys=0.00, real=0.00 secs] 
173.960: Total time for which application threads were stopped: 0.0004060 seconds, Stopping threads took: 0.0000570 seconds
173.994: Application time: 0.0341270 seconds
173.994: [GC173.994: [ParNew: 6830K->162K(7424K), 0.0002320 secs] 12454K->5785K(23808K), 0.0002480 secs] [Times: user=0.00 sys=0.00, real=0.00 secs] 
173.995: Total time for which application threads were stopped: 0.0003380 seconds, Stopping threads took: 0.0000460 seconds
174.029: Application time: 0.0339130 seconds
174.029: [GC174.029: [ParNew: 6818K->193K(7424K), 0.0002690 secs] 12441K->5817K(23808K), 0.0002880 secs] [Times: user=0.00 sys=0.00, real=0.00 secs] 
174.029: Total time for which application threads were stopped: 0.0003800 seconds, Stopping threads took: 0.0000440 seconds
174.063: Application time: 0.0340140 seconds
174.066: [GC174.066: [ParNew: 6849K->221K(7424K), 0.0002280 secs] 12473K->5844K(23808K), 0.0002560 secs] [Times: user=0.00 sys=0.00, real=0.00 secs] 
174.066: Total time for which application threads were stopped: 0.0033930 seconds, Stopping threads took: 0.0030890 seconds
174.100: Application time: 0.0334070 seconds
174.100: [GC174.100: [ParNew: 6877K->266K(7424K), 0.0003050 secs] 12500K->5889K(23808K), 0.0003230 secs] [Times: user=0.00 sys=0.00, real=0.00 secs] 
174.100: Total time for which application threads were stopped: 0.0004280 seconds, Stopping threads took: 0.0000580 seconds
174.133: Application time: 0.0323290 seconds
174.134: [GC174.134: [ParNew: 6922K->392K(7424K), 0.0003350 secs] 12545K->6015K(23808K), 0.0003530 secs] [Times: user=0.00 sys=0.00, real=0.00 secs] 
174.134: Total time for which application threads were stopped: 0.0019440 seconds, Stopping threads took: 0.0015430 seconds
174.169: Application time: 0.0343710 seconds
174.169: [GC174.169: [ParNew: 7048K->398K(7424K), 0.0002920 secs] 12671K->6022K(23808K), 0.0003100 secs] [Times: user=0.00 sys=0.00, real=0.00 secs] 
174.169: Total time for which application threads were stopped: 0.0004190 seconds, Stopping threads took: 0.0000520 seconds
174.203: Application time: 0.0341470 seconds
174.203: [GC174.204: [ParNew: 7054K->395K(7424K), 0.0002930 secs] 12678K->6018K(23808K), 0.0003090 secs] [Times: user=0.00 sys=0.00, real=0.00 secs] 
174.204: Total time for which application threads were stopped: 0.0003940 seconds, Stopping threads took: 0.0000380 seconds
174.238: Application time: 0.0345610 seconds
174.238: [GC174.238: [ParNew: 7051K->391K(7424K), 0.0003110 secs] 12674K->6015K(23808K), 0.0003280 secs] [Times: user=0.01 sys=0.00, real=0.00 secs] 
174.239: Total time for which application threads were stopped: 0.0004190 seconds, Stopping threads took: 0.0000450 seconds
174.273: Application time: 0.0345480 seconds
174.273: [GC174.273: [ParNew: 7047K->398K(7424K), 0.0002820 secs] 12671K->6021K(23808K), 0.0002980 secs] [Times: user=0.00 sys=0.00, real=0.00 secs] 
174.274: Total time for which application threads were stopped: 0.0003860 seconds, Stopping threads took: 0.0000420 seconds
174.308: Application time: 0.0341480 seconds
174.308: [GC174.308: [ParNew: 7054K->397K(7424K), 0.0002560 secs] 12677K->6020K(23808K), 0.0002740 secs] [Times: user=0.00 sys=0.00, real=0.00 secs] 
174.308: Total time for which application threads were stopped: 0.0003560 seconds, Stopping threads took: 0.0000370 seconds
174.343: Application time: 0.0346350 seconds
174.343: [GC174.343: [ParNew: 7053K->398K(7424K), 0.0003440 secs] 12676K->6022K(23808K), 0.0003670 secs] [Times: user=0.00 sys=0.00, real=0.00 secs] 
174.343: Total time for which application threads were stopped: 0.0004750 seconds, Stopping threads took: 0.0000490 seconds
174.378: Application time: 0.0346050 seconds
174.378: [GC174.378: [ParNew: 7054K->396K(7424K), 0.0002650 secs] 12678K->6019K(23808K), 0.0002850 secs] [Times: user=0.00 sys=0.00, real=0.00 secs] 
174.378: Total time for which application threads were stopped: 0.0003980 seconds, Stopping threads took: 0.0000650 seconds
174.413: Application time: 0.0342280 seconds
174.413: [GC174.413: [ParNew: 7052K->398K(7424K), 0.0002780 secs] 12675K->6021K(23808K), 0.0002960 secs] [Times: user=0.01 sys=0.00, real=0.00 secs] 
174.413: Total time for which application threads were stopped: 0.0003910 seconds, Stopping threads took: 0.0000460 seconds
174.447: Application time: 0.0343860 seconds
174.447: [GC174.447: [ParNew: 7054K->403K(7424K), 0.0002660 secs] 12677K->6026K(23808K), 0.0002860 secs] [Times: user=0.00 sys=0.00, real=0.00 secs] 
174.448: Total time for which application threads were stopped: 0.0003850 seconds, Stopping threads took: 0.0000490 seconds
174.482: Application time: 0.0341220 seconds
174.482: [GC174.482: [ParNew: 7059K->367K(7424K), 0.0002630 secs] 12682K->6046K(23808K), 0.0002820 secs] [Times: user=0.00 sys=0.00, real=0.01 secs] 
174.482: Total time for which application threads were stopped: 0.0003700 seconds, Stopping threads took: 0.0000440 seconds
174.516: Application time: 0.0340550 seconds
174.516: [GC174.516: [ParNew: 7023K->361K(7424K), 0.0002510 secs] 12702K->6040K(23808K), 0.0002770 secs] [Times: user=0.00 sys=0.00, real=0.00 secs] 
174.517: Total time for which application threads were stopped: 0.0003700 seconds, Stopping threads took: 0.0000470 seconds
174.551: Application time: 0.0344700 seconds
174.551: [GC174.551: [ParNew: 7017K->371K(7424K), 0.0002510 secs] 12696K->6051K(23808K), 0.0002680 secs] [Times: user=0.00 sys=0.00, real=0.00 secs] 
174.552: Total time for which application threads were stopped: 0.0003640 seconds, Stopping threads took: 0.0000460 seconds
174.586: Application time: 0.0346760 seconds
174.586: [GC174.586: [ParNew: 7027K->333K(7424K), 0.0002450 secs] 12707K->6068K(23808K), 0.0002630 secs] [Times: user=0.00 sys=0.00, real=0.00 secs] 
174.587: Total time for which application threads were stopped: 0.0003560 seconds, Stopping threads took: 0.0000450 seconds
174.621: Application time: 0.0342510 seconds
174.621: [GC174.621: [ParNew: 6989K->286K(7424K), 0.0002450 secs] 12724K->6110K(23808K), 0.0002630 secs] [Times: user=0.00 sys=0.00, real=0.00 secs] 
174.621: Total time for which application threads were stopped: 0.0003500 seconds, Stopping threads took: 0.0000400 seconds
174.656: Application time: 0.0348850 seconds
174.656: [GC174.656: [ParNew: 6942K->172K(7424K), 0.0002380 secs] 12766K->6155K(23808K), 0.0002550 secs] [Times: user=0.00 sys=0.00, real=0.00 secs] 
174.656: Total time for which application threads were stopped: 0.0003420 seconds, Stopping threads took: 0.0000400 seconds
174.691: Application time: 0.0341710 seconds
174.691: [GC174.691: [ParNew: 6828K->158K(7424K), 0.0002270 secs] 12811K->6142K(23808K), 0.0002430 secs] [Times: user=0.01 sys=0.00, real=0.00 secs] 
174.691: Total time for which application threads were stopped: 0.0003370 seconds, Stopping threads took: 0.0000410 seconds
174.725: Application time: 0.0342490 seconds
174.726: [GC174.726: [ParNew: 6814K->161K(7424K), 0.0002670 secs] 12798K->6145K(23808K), 0.0002850 secs] [Times: user=0.00 sys=0.00, real=0.00 secs] 
174.726: Total time for which application threads were stopped: 0.0012550 seconds, Stopping threads took: 0.0009220 seconds
174.760: Application time: 0.0337590 seconds
174.760: [GC174.760: [ParNew: 6817K->195K(7424K), 0.0002450 secs] 12801K->6179K(23808K), 0.0002630 secs] [Times: user=0.00 sys=0.00, real=0.00 secs] 
174.761: Total time for which application threads were stopped: 0.0003530 seconds, Stopping threads took: 0.0000440 seconds
174.794: Application time: 0.0339270 seconds
174.795: [GC174.795: [ParNew: 6851K->225K(7424K), 0.0003170 secs] 12835K->6209K(23808K), 0.0003330 secs] [Times: user=0.00 sys=0.00, real=0.00 secs] 
174.795: Total time for which application threads were stopped: 0.0004290 seconds, Stopping threads took: 0.0000500 seconds
174.829: Application time: 0.0343740 seconds
174.829: [GC174.829: [ParNew: 6881K->252K(7424K), 0.0002530 secs] 12865K->6236K(23808K), 0.0002710 secs] [Times: user=0.00 sys=0.00, real=0.00 secs] 
174.830: Total time for which application threads were stopped: 0.0003730 seconds, Stopping threads took: 0.0000570 seconds
174.862: Application time: 0.0320630 seconds
174.862: [GC174.862: [ParNew: 6908K->394K(7424K), 0.0002920 secs] 12892K->6378K(23808K), 0.0003120 secs] [Times: user=0.00 sys=0.00, real=0.01 secs] 
174.862: Total time for which application threads were stopped: 0.0004080 seconds, Stopping threads took: 0.0000460 seconds
174.896: Application time: 0.0340530 seconds
174.896: [GC174.896: [ParNew: 7050K->398K(7424K), 0.0002950 secs] 13034K->6382K(23808K), 0.0003140 secs] [Times: user=0.00 sys=0.00, real=0.00 secs] 
174.897: Total time for which application threads were stopped: 0.0004050 seconds, Stopping threads took: 0.0000430 seconds
174.931: Application time: 0.0347260 seconds
174.934: [GC174.934: [ParNew: 7054K->398K(7424K), 0.0003380 secs] 13038K->6382K(23808K), 0.0003580 secs] [Times: user=0.00 sys=0.00, real=0.00 secs] 
174.934: Total time for which application threads were stopped: 0.0031970 seconds, Stopping threads took: 0.0027890 seconds
174.969: Application time: 0.0342410 seconds
174.969: [GC174.969: [ParNew: 7054K->393K(7424K), 0.0003330 secs] 13038K->6377K(23808K), 0.0003590 secs] [Times: user=0.00 sys=0.00, real=0.00 secs] 
174.969: Total time for which application threads were stopped: 0.0004510 seconds, Stopping threads took: 0.0000450 seconds
175.003: Application time: 0.0341940 seconds
175.003: [GC175.003: [ParNew: 7049K->398K(7424K), 0.0002630 secs] 13033K->6382K(23808K), 0.0002800 secs] [Times: user=0.01 sys=0.00, real=0.00 secs] 
175.004: Total time for which application threads were stopped: 0.0003670 seconds, Stopping threads took: 0.0000390 seconds
175.038: Application time: 0.0342740 seconds
175.038: [GC175.038: [ParNew: 7054K->401K(7424K), 0.0002760 secs] 13038K->6385K(23808K), 0.0002930 secs] [Times: user=0.00 sys=0.00, real=0.00 secs] 
175.038: Total time for which application threads were stopped: 0.0003830 seconds, Stopping threads took: 0.0000420 seconds
175.073: Application time: 0.0345790 seconds
175.073: [GC175.073: [ParNew: 7057K->352K(7424K), 0.0003550 secs] 13041K->6408K(23808K), 0.0003740 secs] [Times: user=0.01 sys=0.00, real=0.00 secs] 
175.073: Total time for which application threads were stopped: 0.0004730 seconds, Stopping threads took: 0.0000520 seconds
175.108: Application time: 0.0342120 seconds
175.108: [GC175.108: [ParNew: 7008K->363K(7424K), 0.0002820 secs] 13064K->6419K(23808K), 0.0003010 secs] [Times: user=0.00 sys=0.00, real=0.00 secs] 
175.108: Total time for which application threads were stopped: 0.0004130 seconds, Stopping threads took: 0.0000630 seconds
175.142: Application time: 0.0343740 seconds
175.143: [GC175.143: [ParNew: 7019K->368K(7424K), 0.0002610 secs] 13075K->6424K(23808K), 0.0002800 secs] [Times: user=0.00 sys=0.00, real=0.00 secs] 
175.143: Total time for which application threads were stopped: 0.0003700 seconds, Stopping threads took: 0.0000410 seconds
175.177: Application time: 0.0344270 seconds
175.177: [GC175.177: [ParNew: 7024K->368K(7424K), 0.0003570 secs] 13080K->6424K(23808K), 0.0003750 secs] [Times: user=0.00 sys=0.00, real=0.00 secs] 
175.178: Total time for which application threads were stopped: 0.0004830 seconds, Stopping threads took: 0.0000600 seconds
175.212: Application time: 0.0340570 seconds
175.212: [GC175.212: [ParNew: 7024K->362K(7424K), 0.0003370 secs] 13080K->6417K(23808K), 0.0003520 secs] [Times: user=0.00 sys=0.00, real=0.00 secs] 
175.212: Total time for which application threads were stopped: 0.0004530 seconds, Stopping threads took: 0.0000460 seconds
175.246: Application time: 0.0339020 seconds
175.246: [GC175.246: [ParNew: 7018K->365K(7424K), 0.0003070 secs] 13073K->6421K(23808K), 0.0003220 secs] [Times: user=0.00 sys=0.00, real=0.00 secs] 
175.247: Total time for which application threads were stopped: 0.0004100 seconds, Stopping threads took: 0.0000440 seconds
175.281: Application time: 0.0348300 seconds
175.281: [GC175.281: [ParNew: 7021K->362K(7424K), 0.0003540 secs] 13077K->6418K(23808K), 0.0003710 secs] [Times: user=0.01 sys=0.00, real=0.00 secs] 
175.282: Total time for which application threads were stopped: 0.0004580 seconds, Stopping threads took: 0.0000440 seconds
175.316: Application time: 0.0342700 seconds
175.316: [GC175.316: [ParNew: 7018K->337K(7424K), 0.0004190 secs] 13074K->6456K(23808K), 0.0004450 secs] [Times: user=0.00 sys=0.00, real=0.00 secs] 
175.317: Total time for which application threads were stopped: 0.0005610 seconds, Stopping threads took: 0.0000510 seconds
175.351: Application time: 0.0343320 seconds
175.354: [GC175.354: [ParNew: 6993K->309K(7424K), 0.0003100 secs] 13112K->6485K(23808K), 0.0003270 secs] [Times: user=0.00 sys=0.00, real=0.00 secs] 
175.354: Total time for which application threads were stopped: 0.0034190 seconds, Stopping threads took: 0.0030430 seconds
175.389: Application time: 0.0343850 seconds
175.389: [GC175.389: [ParNew: 6965K->162K(7424K), 0.0002650 secs] 13141K->6526K(23808K), 0.0002810 secs] [Times: user=0.00 sys=0.00, real=0.00 secs] 
175.389: Total time for which application threads were stopped: 0.0003840 seconds, Stopping threads took: 0.0000480 seconds
175.424: Application time: 0.0343140 seconds
175.424: [GC175.424: [ParNew: 6818K->171K(7424K), 0.0002380 secs] 13182K->6534K(23808K), 0.0002560 secs] [Times: user=0.00 sys=0.00, real=0.00 secs] 
175.424: Total time for which application threads were stopped: 0.0003490 seconds, Stopping threads took: 0.0000460 seconds
175.460: Application time: 0.0357610 seconds
175.460: [GC175.460: [ParNew: 6827K->171K(7424K), 0.0002750 secs] 13190K->6535K(23808K), 0.0002970 secs] [Times: user=0.00 sys=0.00, real=0.00 secs] 
175.460: Total time for which application threads were stopped: 0.0004020 seconds, Stopping threads took: 0.0000490 seconds
175.494: Application time: 0.0335700 seconds
175.494: [GC175.494: [ParNew: 6827K->198K(7424K), 0.0002600 secs] 13191K->6562K(23808K), 0.0002780 secs] [Times: user=0.00 sys=0.00, real=0.00 secs] 
175.494: Total time for which application threads were stopped: 0.0003730 seconds, Stopping threads took: 0.0000480 seconds
175.529: Application time: 0.0347310 seconds
175.529: [GC175.529: [ParNew: 6854K->197K(7424K), 0.0002360 secs] 13218K->6561K(23808K), 0.0002530 secs] [Times: user=0.00 sys=0.00, real=0.00 secs] 
175.529: Total time for which application threads were stopped: 0.0003390 seconds, Stopping threads took: 0.0000410 seconds
175.562: Application time: 0.0331400 seconds
175.562: [GC175.562: [ParNew: 6853K->258K(7424K), 0.0002280 secs] 13217K->6622K(23808K), 0.0002470 secs] [Times: user=0.00 sys=0.00, real=0.00 secs] 
175.563: Total time for which application threads were stopped: 0.0003410 seconds, Stopping threads took: 0.0000470 seconds
175.596: Application time: 0.0330090 seconds
175.596: [GC175.596: [ParNew: 6914K->345K(7424K), 0.0002650 secs] 13278K->6709K(23808K), 0.0002830 secs] [Times: user=0.00 sys=0.00, real=0.00 secs] 
175.596: Total time for which application threads were stopped: 0.0003820 seconds, Stopping threads took: 0.0000510 seconds
175.629: Application time: 0.0332880 seconds
175.629: [GC175.629: [ParNew: 7001K->391K(7424K), 0.0002850 secs] 13365K->6755K(23808K), 0.0003020 secs] [Times: user=0.00 sys=0.00, real=0.00 secs] 
175.630: Total time for which application threads were stopped: 0.0003810 seconds, Stopping threads took: 0.0000370 seconds
175.665: Application time: 0.0350060 seconds
175.665: [GC175.665: [ParNew: 7047K->392K(7424K), 0.0002850 secs] 13411K->6756K(23808K), 0.0003020 secs] [Times: user=0.00 sys=0.00, real=0.00 secs] 
175.665: Total time for which application threads were stopped: 0.0003970 seconds, Stopping threads took: 0.0000500 seconds
175.699: Application time: 0.0341830 seconds
175.699: [GC175.699: [ParNew: 7048K->396K(7424K), 0.0003020 secs] 13412K->6760K(23808K), 0.0003190 secs] [Times: user=0.00 sys=0.00, real=0.00 secs] 
175.700: Total time for which application threads were stopped: 0.0004090 seconds, Stopping threads took: 0.0000440 seconds
175.734: Application time: 0.0348800 seconds
175.735: [GC175.735: [ParNew: 7052K->399K(7424K), 0.0002810 secs] 13416K->6763K(23808K), 0.0002970 secs] [Times: user=0.00 sys=0.00, real=0.00 secs] 
175.735: Total time for which application threads were stopped: 0.0003880 seconds, Stopping threads took: 0.0000370 seconds
175.769: Application time: 0.0342050 seconds
175.769: [GC175.769: [ParNew: 7055K->391K(7424K), 0.0002700 secs] 13419K->6755K(23808K), 0.0002880 secs] [Times: user=0.01 sys=0.00, real=0.00 secs] 
175.769: Total time for which application threads were stopped: 0.0003920 seconds, Stopping threads took: 0.0000580 seconds
175.804: Application time: 0.0342690 seconds
175.804: [GC175.804: [ParNew: 7047K->395K(7424K), 0.0002610 secs] 13411K->6759K(23808K), 0.0002770 secs] [Times: user=0.00 sys=0.00, real=0.00 secs] 
175.804: Total time for which application threads were stopped: 0.0003600 seconds, Stopping threads took: 0.0000370 seconds
175.839: Application time: 0.0345540 seconds
175.839: [GC175.839: [ParNew: 7051K->395K(7424K), 0.0003500 secs] 13415K->6759K(23808K), 0.0003670 secs] [Times: user=0.00 sys=0.00, real=0.00 secs] 
175.839: Total time for which application threads were stopped: 0.0004670 seconds, Stopping threads took: 0.0000460 seconds
175.873: Application time: 0.0342080 seconds
175.873: [GC175.873: [ParNew: 7051K->397K(7424K), 0.0003290 secs] 13415K->6761K(23808K), 0.0003460 secs] [Times: user=0.00 sys=0.00, real=0.00 secs] 
175.874: Total time for which application threads were stopped: 0.0004380 seconds, Stopping threads took: 0.0000470 seconds
175.908: Application time: 0.0340690 seconds
175.908: [GC175.908: [ParNew: 7053K->397K(7424K), 0.0003110 secs] 13417K->6761K(23808K), 0.0003290 secs] [Times: user=0.00 sys=0.00, real=0.00 secs] 
175.908: Total time for which application threads were stopped: 0.0004180 seconds, Stopping threads took: 0.0000400 seconds
175.943: Application time: 0.0344320 seconds
175.943: [GC175.943: [ParNew: 7053K->393K(7424K), 0.0003370 secs] 13417K->6757K(23808K), 0.0003540 secs] [Times: user=0.01 sys=0.00, real=0.00 secs] 
175.943: Total time for which application threads were stopped: 0.0004470 seconds, Stopping threads took: 0.0000470 seconds
175.977: Application time: 0.0339240 seconds
175.977: [GC175.977: [ParNew: 7049K->394K(7424K), 0.0003080 secs] 13413K->6758K(23808K), 0.0003260 secs] [Times: user=0.00 sys=0.00, real=0.00 secs] 
175.978: Total time for which application threads were stopped: 0.0004240 seconds, Stopping threads took: 0.0000500 seconds
176.012: Application time: 0.0341620 seconds
176.012: [GC176.012: [ParNew: 7050K->373K(7424K), 0.0003000 secs] 13414K->6801K(23808K), 0.0003160 secs] [Times: user=0.00 sys=0.00, real=0.00 secs] 
176.012: Total time for which application threads were stopped: 0.0004060 seconds, Stopping threads took: 0.0000470 seconds
176.046: Application time: 0.0343890 seconds
176.047: [GC176.047: [ParNew: 7029K->362K(7424K), 0.0003370 secs] 13457K->6790K(23808K), 0.0003520 secs] [Times: user=0.00 sys=0.00, real=0.00 secs] 
176.047: Total time for which application threads were stopped: 0.0004370 seconds, Stopping threads took: 0.0000420 seconds
176.081: Application time: 0.0344520 seconds
176.081: [GC176.081: [ParNew: 7018K->311K(7424K), 0.0003260 secs] 13446K->6835K(23808K), 0.0003440 secs] [Times: user=0.01 sys=0.00, real=0.00 secs] 
176.082: Total time for which application threads were stopped: 0.0004300 seconds, Stopping threads took: 0.0000400 seconds
176.116: Application time: 0.0341700 seconds
176.116: [GC176.116: [ParNew: 6967K->225K(7424K), 0.0002450 secs] 13491K->6869K(23808K), 0.0002610 secs] [Times: user=0.00 sys=0.00, real=0.00 secs] 
176.116: Total time for which application threads were stopped: 0.0003540 seconds, Stopping threads took: 0.0000490 seconds
176.151: Application time: 0.0344210 seconds
176.151: [GC176.151: [ParNew: 6881K->170K(7424K), 0.0002340 secs] 13525K->6911K(23808K), 0.0002510 secs] [Times: user=0.00 sys=0.00, real=0.00 secs] 
176.151: Total time for which application threads were stopped: 0.0003350 seconds, Stopping threads took: 0.0000400 seconds
176.185: Application time: 0.0342030 seconds
176.185: [GC176.185: [ParNew: 6826K->164K(7424K), 0.0002290 secs] 13567K->6904K(23808K), 0.0002460 secs] [Times: user=0.00 sys=0.00, real=0.00 secs] 
176.186: Total time for which application threads were stopped: 0.0003240 seconds, Stopping threads took: 0.0000350 seconds
176.220: Application time: 0.0339810 seconds
176.220: [GC176.220: [ParNew: 6820K->198K(7424K), 0.0002900 secs] 13560K->6938K(23808K), 0.0003070 secs] [Times: user=0.01 sys=0.00, real=0.00 secs] 
176.220: Total time for which application threads were stopped: 0.0003880 seconds, Stopping threads took: 0.0000350 seconds
176.255: Application time: 0.0348050 seconds
176.255: [GC176.255: [ParNew: 6854K->188K(7424K), 0.0003050 secs] 13594K->6928K(23808K), 0.0003240 secs] [Times: user=0.00 sys=0.00, real=0.00 secs] 
176.255: Total time for which application threads were stopped: 0.0004260 seconds, Stopping threads took: 0.0000430 seconds
176.288: Application time: 0.0328870 seconds
176.288: [GC176.288: [ParNew: 6844K->250K(7424K), 0.0003320 secs] 13584K->6990K(23808K), 0.0003490 secs] [Times: user=0.00 sys=0.00, real=0.00 secs] 
176.289: Total time for which application threads were stopped: 0.0004470 seconds, Stopping threads took: 0.0000510 seconds
176.322: Application time: 0.0338620 seconds
176.322: [GC176.323: [ParNew: 6906K->306K(7424K), 0.0002970 secs] 13646K->7046K(23808K), 0.0003210 secs] [Times: user=0.00 sys=0.00, real=0.00 secs] 
176.323: Total time for which application threads were stopped: 0.0004290 seconds, Stopping threads took: 0.0000450 seconds
176.355: Application time: 0.0326440 seconds
176.356: [GC176.356: [ParNew: 6962K->390K(7424K), 0.0002930 secs] 13702K->7130K(23808K), 0.0003120 secs] [Times: user=0.01 sys=0.00, real=0.00 secs] 
176.356: Total time for which application threads were stopped: 0.0004140 seconds, Stopping threads took: 0.0000470 seconds
176.391: Application time: 0.0348560 seconds
176.391: [GC176.391: [ParNew: 7046K->397K(7424K), 0.0003190 secs] 13786K->7137K(23808K), 0.0003360 secs] [Times: user=0.00 sys=0.00, real=0.00 secs] 
176.391: Total time for which application threads were stopped: 0.0004240 seconds, Stopping threads took: 0.0000420 seconds
176.425: Application time: 0.0343170 seconds
176.426: [GC176.426: [ParNew: 7053K->383K(7424K), 0.0003460 secs] 13793K->7123K(23808K), 0.0003620 secs] [Times: user=0.00 sys=0.00, real=0.00 secs] 
176.426: Total time for which application threads were stopped: 0.0004470 seconds, Stopping threads took: 0.0000400 seconds
176.460: Application time: 0.0341350 seconds
176.460: [GC176.460: [ParNew: 7039K->392K(7424K), 0.0002790 secs] 13779K->7133K(23808K), 0.0002960 secs] [Times: user=0.00 sys=0.00, real=0.00 secs] 
176.460: Total time for which application threads were stopped: 0.0003770 seconds, Stopping threads took: 0.0000370 seconds
176.495: Application time: 0.0346910 seconds
176.495: [GC176.495: [ParNew: 7048K->397K(7424K), 0.0002880 secs] 13789K->7137K(23808K), 0.0003060 secs] [Times: user=0.00 sys=0.00, real=0.00 secs] 
176.496: Total time for which application threads were stopped: 0.0004060 seconds, Stopping threads took: 0.0000530 seconds
176.530: Application time: 0.0345360 seconds
176.530: [GC176.530: [ParNew: 7052K->390K(7424K), 0.0002840 secs] 13793K->7130K(23808K), 0.0003000 secs] [Times: user=0.00 sys=0.00, real=0.00 secs] 
176.530: Total time for which application threads were stopped: 0.0003870 seconds, Stopping threads took: 0.0000390 seconds
176.565: Application time: 0.0345450 seconds
176.565: [GC176.565: [ParNew: 7046K->392K(7424K), 0.0002860 secs] 13786K->7132K(23808K), 0.0003040 secs] [Times: user=0.01 sys=0.00, real=0.00 secs] 
176.565: Total time for which application threads were stopped: 0.0003990 seconds, Stopping threads took: 0.0000490 seconds
176.600: Application time: 0.0341960 seconds
176.600: [GC176.600: [ParNew: 7048K->396K(7424K), 0.0003540 secs] 13788K->7136K(23808K), 0.0003720 secs] [Times: user=0.00 sys=0.00, real=0.00 secs] 
176.600: Total time for which application threads were stopped: 0.0004630 seconds, Stopping threads took: 0.0000420 seconds
176.634: Application time: 0.0343620 seconds
176.635: [GC176.635: [ParNew: 7052K->401K(7424K), 0.0002780 secs] 13792K->7141K(23808K), 0.0002960 secs] [Times: user=0.00 sys=0.00, real=0.00 secs] 
176.635: Total time for which application threads were stopped: 0.0003870 seconds, Stopping threads took: 0.0000440 seconds
176.669: Application time: 0.0343140 seconds
176.669: [GC176.669: [ParNew: 7057K->406K(7424K), 0.0002590 secs] 13797K->7147K(23808K), 0.0002770 secs] [Times: user=0.00 sys=0.00, real=0.00 secs] 
176.670: Total time for which application threads were stopped: 0.0003810 seconds, Stopping threads took: 0.0000580 seconds
176.703: Application time: 0.0338780 seconds
176.703: [GC176.703: [ParNew: 7062K->372K(7424K), 0.0003060 secs] 13803K->7176K(23808K), 0.0003250 secs] [Times: user=0.00 sys=0.00, real=0.00 secs] 
176.704: Total time for which application threads were stopped: 0.0004140 seconds, Stopping threads took: 0.0000430 seconds
176.738: Application time: 0.0342570 seconds
176.738: [GC176.738: [ParNew: 7028K->377K(7424K), 0.0002920 secs] 13832K->7181K(23808K), 0.0003180 secs] [Times: user=0.00 sys=0.00, real=0.00 secs] 
176.738: Total time for which application threads were stopped: 0.0004090 seconds, Stopping threads took: 0.0000440 seconds
176.773: Application time: 0.0342900 seconds
176.773: [GC176.773: [ParNew: 7033K->364K(7424K), 0.0003380 secs] 13837K->7169K(23808K), 0.0003550 secs] [Times: user=0.00 sys=0.00, real=0.00 secs] 
176.773: Total time for which application threads were stopped: 0.0004500 seconds, Stopping threads took: 0.0000400 seconds
176.808: Application time: 0.0346900 seconds
176.810: [GC176.810: [ParNew: 7020K->309K(7424K), 0.0002750 secs] 13825K->7210K(23808K), 0.0002950 secs] [Times: user=0.00 sys=0.00, real=0.00 secs] 
176.810: Total time for which application threads were stopped: 0.0024700 seconds, Stopping threads took: 0.0021260 seconds
176.845: Application time: 0.0345350 seconds
176.845: [GC176.845: [ParNew: 6965K->239K(7424K), 0.0002880 secs] 13866K->7219K(23808K), 0.0003070 secs] [Times: user=0.00 sys=0.00, real=0.00 secs] 
176.845: Total time for which application threads were stopped: 0.0004050 seconds, Stopping threads took: 0.0000500 seconds
176.879: Application time: 0.0340700 seconds
176.879: [GC176.880: [ParNew: 6895K->162K(7424K), 0.0002620 secs] 13875K->7278K(23808K), 0.0002790 secs] [Times: user=0.00 sys=0.00, real=0.00 secs] 
176.880: Total time for which application threads were stopped: 0.0003700 seconds, Stopping threads took: 0.0000430 seconds
176.914: Application time: 0.0344590 seconds
176.914: [GC176.914: [ParNew: 6818K->164K(7424K), 0.0002310 secs] 13934K->7281K(23808K), 0.0002490 secs] [Times: user=0.00 sys=0.00, real=0.00 secs] 
176.915: Total time for which application threads were stopped: 0.0003350 seconds, Stopping threads took: 0.0000390 seconds
176.949: Application time: 0.0339980 seconds
176.949: [GC176.949: [ParNew: 6820K->194K(7424K), 0.0002530 secs] 13937K->7310K(23808K), 0.0002710 secs] [Times: user=0.00 sys=0.00, real=0.00 secs] 
176.949: Total time for which application threads were stopped: 0.0003630 seconds, Stopping threads took: 0.0000440 seconds
176.984: Application time: 0.0351130 seconds
176.984: [GC176.984: [ParNew: 6850K->196K(7424K), 0.0002830 secs] 13966K->7312K(23808K), 0.0003050 secs] [Times: user=0.00 sys=0.00, real=0.00 secs] 
176.984: Total time for which application threads were stopped: 0.0004150 seconds, Stopping threads took: 0.0000560 seconds
177.018: Application time: 0.0336040 seconds
177.018: [GC177.018: [ParNew: 6852K->256K(7424K), 0.0002330 secs] 13968K->7372K(23808K), 0.0002520 secs] [Times: user=0.00 sys=0.00, real=0.00 secs] 
177.018: Total time for which application threads were stopped: 0.0003380 seconds, Stopping threads took: 0.0000390 seconds
177.052: Application time: 0.0334940 seconds
177.052: [GC177.052: [ParNew: 6912K->287K(7424K), 0.0002770 secs] 14028K->7403K(23808K), 0.0002950 secs] [Times: user=0.00 sys=0.00, real=0.00 secs] 
177.052: Total time for which application threads were stopped: 0.0003910 seconds, Stopping threads took: 0.0000480 seconds
177.085: Application time: 0.0327240 seconds
177.085: [GC177.085: [ParNew: 6943K->397K(7424K), 0.0002920 secs] 14059K->7513K(23808K), 0.0003110 secs] [Times: user=0.00 sys=0.00, real=0.00 secs] 
177.085: Total time for which application threads were stopped: 0.0004010 seconds, Stopping threads took: 0.0000400 seconds
177.120: Application time: 0.0342470 seconds
177.120: [GC177.120: [ParNew: 7053K->402K(7424K), 0.0002960 secs] 14169K->7518K(23808K), 0.0003110 secs] [Times: user=0.00 sys=0.00, real=0.00 secs] 
177.120: Total time for which application threads were stopped: 0.0003990 seconds, Stopping threads took: 0.0000440 seconds
177.154: Application time: 0.0342770 seconds
177.154: [GC177.154: [ParNew: 7058K->391K(7424K), 0.0002770 secs] 14174K->7508K(23808K), 0.0002950 secs] [Times: user=0.00 sys=0.00, real=0.00 secs] 
177.155: Total time for which application threads were stopped: 0.0003790 seconds, Stopping threads took: 0.0000390 seconds
177.189: Application time: 0.0344190 seconds
177.189: [GC177.189: [ParNew: 7047K->396K(7424K), 0.0002860 secs] 14164K->7513K(23808K), 0.0003100 secs] [Times: user=0.00 sys=0.00, real=0.00 secs] 
177.190: Total time for which application threads were stopped: 0.0004010 seconds, Stopping threads took: 0.0000450 seconds
177.224: Application time: 0.0343090 seconds
177.224: [GC177.224: [ParNew: 7052K->399K(7424K), 0.0002550 secs] 14169K->7516K(23808K), 0.0002730 secs] [Times: user=0.00 sys=0.00, real=0.00 secs] 
177.224: Total time for which application threads were stopped: 0.0003670 seconds, Stopping threads took: 0.0000450 seconds
177.259: Application time: 0.0343430 seconds
177.259: [GC177.259: [ParNew: 7055K->386K(7424K), 0.0002680 secs] 14172K->7503K(23808K), 0.0002860 secs] [Times: user=0.00 sys=0.00, real=0.00 secs] 
177.259: Total time for which application threads were stopped: 0.0003850 seconds, Stopping threads took: 0.0000510 seconds
177.293: Application time: 0.0345050 seconds
177.294: [GC177.294: [ParNew: 7042K->393K(7424K), 0.0002790 secs] 14159K->7509K(23808K), 0.0002960 secs] [Times: user=0.01 sys=0.00, real=0.00 secs] 
177.294: Total time for which application threads were stopped: 0.0004050 seconds, Stopping threads took: 0.0000530 seconds
177.328: Application time: 0.0344350 seconds
177.328: [GC177.328: [ParNew: 7049K->396K(7424K), 0.0003460 secs] 14165K->7512K(23808K), 0.0003720 secs] [Times: user=0.01 sys=0.00, real=0.00 secs] 
177.329: Total time for which application threads were stopped: 0.0004930 seconds, Stopping threads took: 0.0000580 seconds
177.363: Application time: 0.0342970 seconds
177.363: [GC177.363: [ParNew: 7052K->398K(7424K), 0.0003250 secs] 14168K->7514K(23808K), 0.0003430 secs] [Times: user=0.00 sys=0.00, real=0.00 secs] 
177.364: Total time for which application threads were stopped: 0.0004420 seconds, Stopping threads took: 0.0000470 seconds
177.398: Application time: 0.0345600 seconds
177.398: [GC177.398: [ParNew: 7054K->402K(7424K), 0.0002570 secs] 14170K->7518K(23808K), 0.0002750 secs] [Times: user=0.00 sys=0.00, real=0.00 secs] 
177.398: Total time for which application threads were stopped: 0.0003640 seconds, Stopping threads took: 0.0000440 seconds
177.433: Application time: 0.0340640 seconds
177.433: [GC177.433: [ParNew: 7058K->388K(7424K), 0.0002520 secs] 14174K->7505K(23808K), 0.0002710 secs] [Times: user=0.00 sys=0.00, real=0.00 secs] 
177.433: Total time for which application threads were stopped: 0.0003600 seconds, Stopping threads took: 0.0000420 seconds
177.467: Application time: 0.0342710 seconds
177.467: [GC177.467: [ParNew: 7044K->367K(7424K), 0.0002850 secs] 14161K->7539K(23808K), 0.0003020 secs] [Times: user=0.00 sys=0.00, real=0.00 secs] 
177.468: Total time for which application threads were stopped: 0.0003890 seconds, Stopping threads took: 0.0000370 seconds
177.502: Application time: 0.0344770 seconds
177.502: [GC177.502: [ParNew: 7023K->369K(7424K), 0.0002530 secs] 14195K->7541K(23808K), 0.0002700 secs] [Times: user=0.00 sys=0.00, real=0.00 secs] 
177.502: Total time for which application threads were stopped: 0.0003610 seconds, Stopping threads took: 0.0000440 seconds
177.537: Application time: 0.0341730 seconds
177.537: [GC177.537: [ParNew: 7025K->316K(7424K), 0.0002790 secs] 14197K->7593K(23808K), 0.0002980 secs] [Times: user=0.00 sys=0.00, real=0.00 secs] 
177.537: Total time for which application threads were stopped: 0.0003970 seconds, Stopping threads took: 0.0000500 seconds
177.571: Application time: 0.0343640 seconds
177.571: [GC177.571: [ParNew: 6972K->274K(7424K), 0.0002410 secs] 14249K->7615K(23808K), 0.0002590 secs] [Times: user=0.00 sys=0.00, real=0.00 secs] 
177.572: Total time for which application threads were stopped: 0.0003430 seconds, Stopping threads took: 0.0000360 seconds
177.606: Application time: 0.0340460 seconds
177.606: [GC177.606: [ParNew: 6930K->170K(7424K), 0.0002460 secs] 14271K->7663K(23808K), 0.0002650 secs] [Times: user=0.00 sys=0.00, real=0.00 secs] 
177.606: Total time for which application threads were stopped: 0.0003770 seconds, Stopping threads took: 0.0000640 seconds
177.641: Application time: 0.0347330 seconds
177.641: [GC177.641: [ParNew: 6826K->171K(7424K), 0.0002420 secs] 14319K->7664K(23808K), 0.0002660 secs] [Times: user=0.00 sys=0.00, real=0.00 secs] 
177.641: Total time for which application threads were stopped: 0.0003490 seconds, Stopping threads took: 0.0000350 seconds
177.675: Application time: 0.0342010 seconds
177.675: [GC177.675: [ParNew: 6827K->162K(7424K), 0.0002350 secs] 14320K->7655K(23808K), 0.0002530 secs] [Times: user=0.01 sys=0.00, real=0.00 secs] 
177.676: Total time for which application threads were stopped: 0.0003490 seconds, Stopping threads took: 0.0000500 seconds
177.710: Application time: 0.0342050 seconds
177.710: [GC177.710: [ParNew: 6818K->195K(7424K), 0.0002340 secs] 14311K->7687K(23808K), 0.0002520 secs] [Times: user=0.00 sys=0.00, real=0.00 secs] 
177.710: Total time for which application threads were stopped: 0.0003490 seconds, Stopping threads took: 0.0000460 seconds
177.744: Application time: 0.0337880 seconds
177.744: [GC177.744: [ParNew: 6851K->237K(7424K), 0.0002690 secs] 14343K->7729K(23808K), 0.0002890 secs] [Times: user=0.00 sys=0.00, real=0.00 secs] 
177.744: Total time for which application threads were stopped: 0.0003780 seconds, Stopping threads took: 0.0000400 seconds
177.778: Application time: 0.0337230 seconds
177.778: [GC177.778: [ParNew: 6893K->284K(7424K), 0.0002580 secs] 14385K->7777K(23808K), 0.0002750 secs] [Times: user=0.00 sys=0.00, real=0.00 secs] 
177.779: Total time for which application threads were stopped: 0.0003710 seconds, Stopping threads took: 0.0000480 seconds
177.811: Application time: 0.0328520 seconds
177.812: [GC177.812: [ParNew: 6940K->370K(7424K), 0.0002770 secs] 14433K->7862K(23808K), 0.0002930 secs] [Times: user=0.01 sys=0.00, real=0.00 secs] 
177.812: Total time for which application threads were stopped: 0.0003940 seconds, Stopping threads took: 0.0000420 seconds
177.846: Application time: 0.0339730 seconds
177.846: [GC177.846: [ParNew: 7026K->394K(7424K), 0.0002860 secs] 14518K->7887K(23808K), 0.0003050 secs] [Times: user=0.00 sys=0.00, real=0.00 secs] 
177.846: Total time for which application threads were stopped: 0.0003980 seconds, Stopping threads took: 0.0000440 seconds
177.880: Application time: 0.0342930 seconds
177.881: [GC177.881: [ParNew: 7050K->401K(7424K), 0.0002940 secs] 14543K->7893K(23808K), 0.0003110 secs] [Times: user=0.00 sys=0.00, real=0.00 secs] 
177.881: Total time for which application threads were stopped: 0.0004180 seconds, Stopping threads took: 0.0000600 seconds
177.915: Application time: 0.0344660 seconds
177.918: [GC177.918: [ParNew: 7057K->397K(7424K), 0.0003090 secs] 14549K->7890K(23808K), 0.0003280 secs] [Times: user=0.00 sys=0.00, real=0.00 secs] 
177.918: Total time for which application threads were stopped: 0.0030640 seconds, Stopping threads took: 0.0026870 seconds
177.953: Application time: 0.0344140 seconds
177.953: [GC177.953: [ParNew: 7053K->395K(7424K), 0.0003760 secs] 14546K->7887K(23808K), 0.0003960 secs] [Times: user=0.01 sys=0.00, real=0.00 secs] 
177.953: Total time for which application threads were stopped: 0.0005130 seconds, Stopping threads took: 0.0000660 seconds
177.987: Application time: 0.0341240 seconds
177.988: [GC177.988: [ParNew: 7051K->397K(7424K), 0.0002770 secs] 14543K->7890K(23808K), 0.0002940 secs] [Times: user=0.00 sys=0.00, real=0.00 secs] 
177.988: Total time for which application threads were stopped: 0.0003870 seconds, Stopping threads took: 0.0000440 seconds
178.022: Application time: 0.0344240 seconds
178.022: [GC178.022: [ParNew: 7053K->351K(7424K), 0.0003570 secs] 14546K->7916K(23808K), 0.0003730 secs] [Times: user=0.00 sys=0.00, real=0.00 secs] 
178.023: Total time for which application threads were stopped: 0.0004690 seconds, Stopping threads took: 0.0000510 seconds
178.057: Application time: 0.0342970 seconds
178.057: [GC178.057: [ParNew: 7007K->368K(7424K), 0.0002500 secs] 14572K->7932K(23808K), 0.0002690 secs] [Times: user=0.00 sys=0.00, real=0.00 secs] 
178.057: Total time for which application threads were stopped: 0.0003630 seconds, Stopping threads took: 0.0000380 seconds
178.092: Application time: 0.0343810 seconds
178.092: [GC178.092: [ParNew: 7024K->371K(7424K), 0.0002900 secs] 14588K->7936K(23808K), 0.0003070 secs] [Times: user=0.00 sys=0.00, real=0.00 secs] 
178.092: Total time for which application threads were stopped: 0.0004000 seconds, Stopping threads took: 0.0000470 seconds
178.126: Application time: 0.0340700 seconds
178.126: [GC178.126: [ParNew: 7027K->365K(7424K), 0.0003320 secs] 14592K->7930K(23808K), 0.0003500 secs] [Times: user=0.00 sys=0.00, real=0.00 secs] 
178.127: Total time for which application threads were stopped: 0.0004570 seconds, Stopping threads took: 0.0000610 seconds
178.161: Application time: 0.0341640 seconds
178.161: [GC178.161: [ParNew: 7021K->365K(7424K), 0.0003320 secs] 14586K->7930K(23808K), 0.0003490 secs] [Times: user=0.00 sys=0.00, real=0.00 secs] 
178.161: Total time for which application threads were stopped: 0.0004400 seconds, Stopping threads took: 0.0000460 seconds
178.195: Application time: 0.0339650 seconds
178.195: [GC178.195: [ParNew: 7021K->369K(7424K), 0.0003500 secs] 14586K->7934K(23808K), 0.0003650 secs] [Times: user=0.00 sys=0.00, real=0.00 secs] 
178.196: Total time for which application threads were stopped: 0.0004570 seconds, Stopping threads took: 0.0000480 seconds
178.230: Application time: 0.0341410 seconds
178.230: [GC178.230: [ParNew: 7025K->373K(7424K), 0.0002740 secs] 14590K->7938K(23808K), 0.0002900 secs] [Times: user=0.00 sys=0.00, real=0.00 secs] 
178.230: Total time for which application threads were stopped: 0.0003850 seconds, Stopping threads took: 0.0000510 seconds
178.265: Application time: 0.0346080 seconds
178.265: [GC178.265: [ParNew: 7029K->319K(7424K), 0.0002770 secs] 14594K->7988K(23808K), 0.0002940 secs] [Times: user=0.01 sys=0.00, real=0.00 secs] 
178.265: Total time for which application threads were stopped: 0.0003840 seconds, Stopping threads took: 0.0000430 seconds
178.300: Application time: 0.0344910 seconds
178.300: [GC178.300: [ParNew: 6975K->288K(7424K), 0.0002970 secs] 14644K->8013K(23808K), 0.0003150 secs] [Times: user=0.00 sys=0.00, real=0.00 secs] 
178.300: Total time for which application threads were stopped: 0.0004100 seconds, Stopping threads took: 0.0000490 seconds
178.334: Application time: 0.0342670 seconds
178.335: [GC178.335: [ParNew: 6944K->191K(7424K), 0.0002850 secs] 14669K->8048K(23808K), 0.0003100 secs] [Times: user=0.00 sys=0.00, real=0.00 secs] 
178.335: Total time for which application threads were stopped: 0.0004390 seconds, Stopping threads took: 0.0000570 seconds
178.369: Application time: 0.0345440 seconds
178.370: [GC178.370: [ParNew: 6847K->162K(7424K), 0.0002470 secs] 14704K->8067K(23808K), 0.0002660 secs] [Times: user=0.00 sys=0.00, real=0.00 secs] 
178.370: Total time for which application threads were stopped: 0.0009120 seconds, Stopping threads took: 0.0005940 seconds
178.405: Application time: 0.0343040 seconds
178.405: [GC178.405: [ParNew: 6818K->168K(7424K), 0.0002490 secs] 14723K->8073K(23808K), 0.0002650 secs] [Times: user=0.00 sys=0.00, real=0.00 secs] 
178.405: Total time for which application threads were stopped: 0.0003520 seconds, Stopping threads took: 0.0000400 seconds
178.439: Application time: 0.0337450 seconds
178.439: [GC178.439: [ParNew: 6824K->196K(7424K), 0.0002290 secs] 14729K->8101K(23808K), 0.0002460 secs] [Times: user=0.00 sys=0.00, real=0.00 secs] 
178.439: Total time for which application threads were stopped: 0.0003290 seconds, Stopping threads took: 0.0000390 seconds
178.474: Application time: 0.0349750 seconds
178.477: [GC178.477: [ParNew: 6852K->199K(7424K), 0.0003040 secs] 14757K->8104K(23808K), 0.0003300 secs] [Times: user=0.00 sys=0.00, real=0.00 secs] 
178.477: Total time for which application threads were stopped: 0.0028950 seconds, Stopping threads took: 0.0025050 seconds
178.510: Application time: 0.0330960 seconds
178.510: [GC178.510: [ParNew: 6855K->240K(7424K), 0.0002310 secs] 14760K->8145K(23808K), 0.0002500 secs] [Times: user=0.00 sys=0.00, real=0.00 secs] 
178.510: Total time for which application threads were stopped: 0.0003610 seconds, Stopping threads took: 0.0000520 seconds
178.544: Application time: 0.0331560 seconds
178.544: [GC178.544: [ParNew: 6896K->320K(7424K), 0.0003060 secs] 14801K->8225K(23808K), 0.0003250 secs] [Times: user=0.00 sys=0.00, real=0.00 secs] 
178.544: Total time for which application threads were stopped: 0.0004230 seconds, Stopping threads took: 0.0000490 seconds
178.577: Application time: 0.0333600 seconds
178.577: [GC178.577: [ParNew: 6976K->406K(7424K), 0.0003010 secs] 14881K->8311K(23808K), 0.0003200 secs] [Times: user=0.00 sys=0.00, real=0.00 secs] 
178.578: Total time for which application threads were stopped: 0.0004100 seconds, Stopping threads took: 0.0000450 seconds
178.612: Application time: 0.0342380 seconds
178.612: [GC178.612: [ParNew: 7062K->388K(7424K), 0.0002850 secs] 14967K->8293K(23808K), 0.0003040 secs] [Times: user=0.00 sys=0.00, real=0.00 secs] 
178.612: Total time for which application threads were stopped: 0.0004020 seconds, Stopping threads took: 0.0000510 seconds
178.647: Application time: 0.0343840 seconds
178.647: [GC178.647: [ParNew: 7044K->395K(7424K), 0.0003570 secs] 14949K->8300K(23808K), 0.0003730 secs] [Times: user=0.01 sys=0.00, real=0.00 secs] 
178.647: Total time for which application threads were stopped: 0.0004630 seconds, Stopping threads took: 0.0000440 seconds
178.682: Application time: 0.0342770 seconds
178.682: [GC178.682: [ParNew: 7051K->389K(7424K), 0.0004280 secs] 14956K->8294K(23808K), 0.0004470 secs] [Times: user=0.00 sys=0.00, real=0.01 secs] 
178.682: Total time for which application threads were stopped: 0.0005350 seconds, Stopping threads took: 0.0000430 seconds
178.717: Application time: 0.0346370 seconds
178.717: [GC178.717: [ParNew: 7045K->396K(7424K), 0.0003070 secs] 14950K->8301K(23808K), 0.0003230 secs] [Times: user=0.00 sys=0.00, real=0.00 secs] 
178.717: Total time for which application threads were stopped: 0.0004170 seconds, Stopping threads took: 0.0000460 seconds
178.752: Application time: 0.0344050 seconds
178.752: [GC178.752: [ParNew: 7052K->398K(7424K), 0.0003820 secs] 14957K->8303K(23808K), 0.0004020 secs] [Times: user=0.00 sys=0.00, real=0.00 secs] 
178.752: Total time for which application threads were stopped: 0.0004920 seconds, Stopping threads took: 0.0000420 seconds
178.786: Application time: 0.0340660 seconds
178.786: [GC178.786: [ParNew: 7054K->391K(7424K), 0.0002640 secs] 14959K->8296K(23808K), 0.0002850 secs] [Times: user=0.00 sys=0.00, real=0.00 secs] 
178.787: Total time for which application threads were stopped: 0.0003700 seconds, Stopping threads took: 0.0000380 seconds
178.821: Application time: 0.0344040 seconds
178.821: [GC178.821: [ParNew: 7047K->399K(7424K), 0.0002840 secs] 14952K->8304K(23808K), 0.0003000 secs] [Times: user=0.00 sys=0.00, real=0.00 secs] 
178.821: Total time for which application threads were stopped: 0.0003950 seconds, Stopping threads took: 0.0000460 seconds
178.856: Application time: 0.0343940 seconds
178.856: [GC178.856: [ParNew: 7055K->401K(7424K), 0.0003360 secs] 14960K->8306K(23808K), 0.0003540 secs] [Times: user=0.00 sys=0.00, real=0.00 secs] 
178.856: Total time for which application threads were stopped: 0.0004500 seconds, Stopping threads took: 0.0000420 seconds
178.890: Application time: 0.0341670 seconds
178.890: [GC178.890: [ParNew: 7057K->394K(7424K), 0.0003050 secs] 14962K->8299K(23808K), 0.0003220 secs] [Times: user=0.01 sys=0.00, real=0.00 secs] 
178.891: Total time for which application threads were stopped: 0.0004220 seconds, Stopping threads took: 0.0000500 seconds
178.925: Application time: 0.0339650 seconds
178.925: [GC178.925: [ParNew: 7050K->386K(7424K), 0.0002890 secs] 14955K->8291K(23808K), 0.0003060 secs] [Times: user=0.00 sys=0.00, real=0.00 secs] 
178.925: Total time for which application threads were stopped: 0.0003950 seconds, Stopping threads took: 0.0000410 seconds
178.960: Application time: 0.0344400 seconds
178.960: [GC178.960: [ParNew: 7042K->370K(7424K), 0.0002600 secs] 14947K->8323K(23808K), 0.0002890 secs] [Times: user=0.00 sys=0.00, real=0.00 secs] 
178.960: Total time for which application threads were stopped: 0.0003790 seconds, Stopping threads took: 0.0000440 seconds
178.995: Application time: 0.0350050 seconds
178.995: [GC178.995: [ParNew: 7026K->370K(7424K), 0.0002610 secs] 14979K->8323K(23808K), 0.0002790 secs] [Times: user=0.00 sys=0.00, real=0.00 secs] 
178.995: Total time for which application threads were stopped: 0.0003670 seconds, Stopping threads took: 0.0000410 seconds
179.030: Application time: 0.0344210 seconds
179.030: [GC179.030: [ParNew: 7026K->313K(7424K), 0.0002930 secs] 14979K->8370K(23808K), 0.0003130 secs] [Times: user=0.00 sys=0.00, real=0.00 secs] 
179.030: Total time for which application threads were stopped: 0.0004080 seconds, Stopping threads took: 0.0000460 seconds
179.065: Application time: 0.0344500 seconds
179.065: [GC179.065: [ParNew: 6969K->230K(7424K), 0.0003250 secs] 15026K->8415K(23808K), 0.0003430 secs] [Times: user=0.00 sys=0.00, real=0.00 secs] 
179.065: Total time for which application threads were stopped: 0.0004360 seconds, Stopping threads took: 0.0000460 seconds
179.099: Application time: 0.0344750 seconds
179.100: [GC179.100: [ParNew: 6886K->156K(7424K), 0.0002730 secs] 15071K->8453K(23808K), 0.0002920 secs] [Times: user=0.00 sys=0.00, real=0.00 secs] 
179.100: Total time for which application threads were stopped: 0.0004000 seconds, Stopping threads took: 0.0000610 seconds
179.134: Application time: 0.0340900 seconds
179.138: [GC179.138: [ParNew: 6812K->162K(7424K), 0.0002930 secs] 15109K->8459K(23808K), 0.0003090 secs] [Times: user=0.00 sys=0.00, real=0.00 secs] 
179.138: Total time for which application threads were stopped: 0.0044430 seconds, Stopping threads took: 0.0040880 seconds
179.172: Application time: 0.0339020 seconds
179.172: [GC179.172: [ParNew: 6818K->196K(7424K), 0.0002530 secs] 15115K->8494K(23808K), 0.0002730 secs] [Times: user=0.00 sys=0.00, real=0.00 secs] 
179.173: Total time for which application threads were stopped: 0.0003610 seconds, Stopping threads took: 0.0000400 seconds
179.207: Application time: 0.0344930 seconds
179.207: [GC179.207: [ParNew: 6852K->198K(7424K), 0.0002720 secs] 15150K->8496K(23808K), 0.0002880 secs] [Times: user=0.00 sys=0.00, real=0.00 secs] 
179.208: Total time for which application threads were stopped: 0.0003690 seconds, Stopping threads took: 0.0000360 seconds
179.241: Application time: 0.0332530 seconds
179.242: [GC179.242: [ParNew: 6854K->250K(7424K), 0.0002650 secs] 15152K->8547K(23808K), 0.0002840 secs] [Times: user=0.00 sys=0.00, real=0.00 secs] 
179.242: Total time for which application threads were stopped: 0.0015780 seconds, Stopping threads took: 0.0012470 seconds
179.276: Application time: 0.0339600 seconds
179.276: [GC179.276: [ParNew: 6906K->303K(7424K), 0.0003020 secs] 15203K->8600K(23808K), 0.0003200 secs] [Times: user=0.00 sys=0.00, real=0.00 secs] 
179.277: Total time for which application threads were stopped: 0.0004120 seconds, Stopping threads took: 0.0000400 seconds
179.309: Application time: 0.0326730 seconds
179.310: [GC179.310: [ParNew: 6959K->394K(7424K), 0.0002910 secs] 15256K->8691K(23808K), 0.0003100 secs] [Times: user=0.00 sys=0.00, real=0.00 secs] 
179.310: Total time for which application threads were stopped: 0.0004230 seconds, Stopping threads took: 0.0000620 seconds
179.345: Application time: 0.0346900 seconds
179.345: [GC179.345: [ParNew: 7050K->400K(7424K), 0.0003300 secs] 15347K->8697K(23808K), 0.0003580 secs] [Times: user=0.01 sys=0.00, real=0.00 secs] 
179.345: Total time for which application threads were stopped: 0.0004950 seconds, Stopping threads took: 0.0000730 seconds
179.380: Application time: 0.0344590 seconds
179.380: [GC179.380: [ParNew: 7056K->351K(7424K), 0.0003500 secs] 15353K->8720K(23808K), 0.0003710 secs] [Times: user=0.00 sys=0.00, real=0.00 secs] 
179.380: Total time for which application threads were stopped: 0.0004680 seconds, Stopping threads took: 0.0000330 seconds
179.414: Application time: 0.0341730 seconds
179.414: [GC179.414: [ParNew: 7007K->351K(7424K), 0.0002690 secs] 15376K->8720K(23808K), 0.0002950 secs] [Times: user=0.00 sys=0.00, real=0.00 secs] 
179.415: Total time for which application threads were stopped: 0.0003880 seconds, Stopping threads took: 0.0000430 seconds
179.449: Application time: 0.0346360 seconds
179.449: [GC179.449: [ParNew: 7007K->350K(7424K), 0.0002680 secs] 15376K->8720K(23808K), 0.0002840 secs] [Times: user=0.00 sys=0.00, real=0.00 secs] 
179.450: Total time for which application threads were stopped: 0.0003760 seconds, Stopping threads took: 0.0000480 seconds
179.484: Application time: 0.0344870 seconds
179.484: [GC179.484: [ParNew: 7006K->345K(7424K), 0.0002460 secs] 15376K->8714K(23808K), 0.0002630 secs] [Times: user=0.00 sys=0.00, real=0.00 secs] 
179.484: Total time for which application threads were stopped: 0.0003530 seconds, Stopping threads took: 0.0000470 seconds
179.519: Application time: 0.0341880 seconds
179.519: [GC179.519: [ParNew: 7001K->353K(7424K), 0.0002450 secs] 15370K->8722K(23808K), 0.0002620 secs] [Times: user=0.00 sys=0.00, real=0.00 secs] 
179.519: Total time for which application threads were stopped: 0.0003470 seconds, Stopping threads took: 0.0000390 seconds
179.554: Application time: 0.0347780 seconds
179.554: [GC179.554: [ParNew: 7009K->368K(7424K), 0.0002780 secs] 15378K->8737K(23808K), 0.0002950 secs] [Times: user=0.01 sys=0.00, real=0.01 secs] 
179.554: Total time for which application threads were stopped: 0.0003830 seconds, Stopping threads took: 0.0000420 seconds
179.588: Application time: 0.0342500 seconds
179.588: [GC179.588: [ParNew: 7024K->369K(7424K), 0.0002790 secs] 15393K->8738K(23808K), 0.0002960 secs] [Times: user=0.00 sys=0.00, real=0.00 secs] 
179.589: Total time for which application threads were stopped: 0.0003930 seconds, Stopping threads took: 0.0000520 seconds
179.623: Application time: 0.0340800 seconds
179.623: [GC179.623: [ParNew: 7025K->369K(7424K), 0.0002830 secs] 15394K->8738K(23808K), 0.0003030 secs] [Times: user=0.01 sys=0.00, real=0.00 secs] 
179.623: Total time for which application threads were stopped: 0.0004000 seconds, Stopping threads took: 0.0000470 seconds
179.657: Application time: 0.0339370 seconds
179.657: [GC179.657: [ParNew: 7025K->359K(7424K), 0.0002820 secs] 15394K->8728K(23808K), 0.0002980 secs] [Times: user=0.00 sys=0.00, real=0.00 secs] 
179.658: Total time for which application threads were stopped: 0.0003870 seconds, Stopping threads took: 0.0000430 seconds
179.692: Application time: 0.0345520 seconds
179.692: [GC179.692: [ParNew: 7015K->366K(7424K), 0.0002910 secs] 15384K->8735K(23808K), 0.0003080 secs] [Times: user=0.00 sys=0.00, real=0.00 secs] 
179.693: Total time for which application threads were stopped: 0.0004000 seconds, Stopping threads took: 0.0000480 seconds
179.727: Application time: 0.0345480 seconds
179.727: [GC179.727: [ParNew: 7022K->362K(7424K), 0.0003040 secs] 15391K->8731K(23808K), 0.0003230 secs] [Times: user=0.00 sys=0.00, real=0.00 secs] 
179.727: Total time for which application threads were stopped: 0.0004110 seconds, Stopping threads took: 0.0000400 seconds
179.762: Application time: 0.0342840 seconds
179.762: [GC179.762: [ParNew: 7018K->304K(7424K), 0.0002930 secs] 15387K->8761K(23808K), 0.0003100 secs] [Times: user=0.00 sys=0.00, real=0.01 secs] 
179.762: Total time for which application threads were stopped: 0.0003990 seconds, Stopping threads took: 0.0000420 seconds
179.797: Application time: 0.0346750 seconds
179.797: [GC179.797: [ParNew: 6960K->251K(7424K), 0.0003300 secs] 15417K->8797K(23808K), 0.0003470 secs] [Times: user=0.00 sys=0.00, real=0.00 secs] 
179.797: Total time for which application threads were stopped: 0.0004360 seconds, Stopping threads took: 0.0000420 seconds
179.832: Application time: 0.0342330 seconds
179.832: [GC179.832: [ParNew: 6907K->166K(7424K), 0.0002290 secs] 15453K->8839K(23808K), 0.0002470 secs] [Times: user=0.00 sys=0.00, real=0.00 secs] 
179.832: Total time for which application threads were stopped: 0.0003420 seconds, Stopping threads took: 0.0000500 seconds
179.866: Application time: 0.0340730 seconds
179.870: [GC179.870: [ParNew: 6822K->160K(7424K), 0.0002840 secs] 15495K->8833K(23808K), 0.0003100 secs] [Times: user=0.01 sys=0.00, real=0.00 secs] 
179.870: Total time for which application threads were stopped: 0.0044890 seconds, Stopping threads took: 0.0041320 seconds
179.904: Application time: 0.0339770 seconds
179.904: [GC179.905: [ParNew: 6816K->194K(7424K), 0.0002440 secs] 15489K->8867K(23808K), 0.0002630 secs] [Times: user=0.00 sys=0.00, real=0.00 secs] 
179.905: Total time for which application threads were stopped: 0.0003800 seconds, Stopping threads took: 0.0000610 seconds
179.939: Application time: 0.0344140 seconds
179.939: [GC179.939: [ParNew: 6850K->195K(7424K), 0.0002100 secs] 15523K->8868K(23808K), 0.0002270 secs] [Times: user=0.01 sys=0.00, real=0.00 secs] 
179.940: Total time for which application threads were stopped: 0.0003150 seconds, Stopping threads took: 0.0000410 seconds
179.973: Application time: 0.0337080 seconds
179.973: [GC179.973: [ParNew: 6851K->222K(7424K), 0.0002310 secs] 15524K->8895K(23808K), 0.0002480 secs] [Times: user=0.00 sys=0.00, real=0.00 secs] 
179.974: Total time for which application threads were stopped: 0.0003400 seconds, Stopping threads took: 0.0000430 seconds
180.007: Application time: 0.0339110 seconds
180.008: [GC180.008: [ParNew: 6878K->314K(7424K), 0.0003160 secs] 15551K->8988K(23808K), 0.0003370 secs] [Times: user=0.00 sys=0.00, real=0.00 secs] 
180.008: Total time for which application threads were stopped: 0.0004380 seconds, Stopping threads took: 0.0000440 seconds
180.041: Application time: 0.0329350 seconds
180.041: [GC180.041: [ParNew: 6970K->397K(7424K), 0.0002860 secs] 15644K->9070K(23808K), 0.0003040 secs] [Times: user=0.00 sys=0.00, real=0.00 secs] 
180.041: Total time for which application threads were stopped: 0.0003940 seconds, Stopping threads took: 0.0000410 seconds
180.075: Application time: 0.0341910 seconds
180.076: [GC180.076: [ParNew: 7053K->394K(7424K), 0.0003150 secs] 15726K->9068K(23808K), 0.0003320 secs] [Times: user=0.00 sys=0.00, real=0.00 secs] 
180.076: Total time for which application threads were stopped: 0.0004360 seconds, Stopping threads took: 0.0000580 seconds
180.110: Application time: 0.0343470 seconds
180.110: [GC180.110: [ParNew: 7050K->397K(7424K), 0.0002820 secs] 15724K->9070K(23808K), 0.0003000 secs] [Times: user=0.01 sys=0.00, real=0.00 secs] 
180.111: Total time for which application threads were stopped: 0.0003860 seconds, Stopping threads took: 0.0000380 seconds
180.145: Application time: 0.0346190 seconds
180.145: [GC180.145: [ParNew: 7053K->395K(7424K), 0.0002800 secs] 15726K->9069K(23808K), 0.0002980 secs] [Times: user=0.00 sys=0.00, real=0.00 secs] 
180.146: Total time for which application threads were stopped: 0.0003970 seconds, Stopping threads took: 0.0000510 seconds
180.180: Application time: 0.0342900 seconds
180.180: [GC180.180: [ParNew: 7051K->395K(7424K), 0.0002830 secs] 15725K->9069K(23808K), 0.0003010 secs] [Times: user=0.00 sys=0.00, real=0.00 secs] 
180.180: Total time for which application threads were stopped: 0.0003950 seconds, Stopping threads took: 0.0000500 seconds
180.215: Application time: 0.0343220 seconds
180.215: [GC180.215: [ParNew: 7051K->397K(7424K), 0.0002570 secs] 15725K->9070K(23808K), 0.0002740 secs] [Times: user=0.00 sys=0.00, real=0.00 secs] 
180.215: Total time for which application threads were stopped: 0.0003590 seconds, Stopping threads took: 0.0000400 seconds
180.249: Application time: 0.0345070 seconds
180.250: [GC180.250: [ParNew: 7053K->398K(7424K), 0.0002930 secs] 15726K->9072K(23808K), 0.0003100 secs] [Times: user=0.00 sys=0.00, real=0.00 secs] 
180.250: Total time for which application threads were stopped: 0.0003990 seconds, Stopping threads took: 0.0000420 seconds
180.284: Application time: 0.0341730 seconds
180.284: [GC180.284: [ParNew: 7054K->393K(7424K), 0.0002610 secs] 15728K->9067K(23808K), 0.0002790 secs] [Times: user=0.00 sys=0.00, real=0.00 secs] 
180.284: Total time for which application threads were stopped: 0.0003740 seconds, Stopping threads took: 0.0000480 seconds
180.319: Application time: 0.0345720 seconds
180.319: [GC180.319: [ParNew: 7049K->385K(7424K), 0.0003390 secs] 15723K->9059K(23808K), 0.0003680 secs] [Times: user=0.00 sys=0.00, real=0.00 secs] 
180.320: Total time for which application threads were stopped: 0.0004750 seconds, Stopping threads took: 0.0000440 seconds
180.353: Application time: 0.0339840 seconds
180.354: [GC180.354: [ParNew: 7041K->392K(7424K), 0.0002960 secs] 15715K->9065K(23808K), 0.0003140 secs] [Times: user=0.01 sys=0.00, real=0.00 secs] 
180.354: Total time for which application threads were stopped: 0.0004020 seconds, Stopping threads took: 0.0000370 seconds
180.388: Application time: 0.0345290 seconds
180.388: [GC180.389: [ParNew: 7048K->390K(7424K), 0.0003100 secs] 15721K->9063K(23808K), 0.0003280 secs] [Times: user=0.00 sys=0.00, real=0.00 secs] 
180.389: Total time for which application threads were stopped: 0.0004210 seconds, Stopping threads took: 0.0000440 seconds
180.423: Application time: 0.0340240 seconds
180.423: [GC180.423: [ParNew: 7046K->366K(7424K), 0.0002680 secs] 15719K->9095K(23808K), 0.0002850 secs] [Times: user=0.00 sys=0.00, real=0.00 secs] 
180.423: Total time for which application threads were stopped: 0.0003730 seconds, Stopping threads took: 0.0000320 seconds
180.458: Application time: 0.0345090 seconds
180.458: [GC180.458: [ParNew: 7022K->365K(7424K), 0.0002590 secs] 15751K->9095K(23808K), 0.0002750 secs] [Times: user=0.01 sys=0.00, real=0.00 secs] 
180.458: Total time for which application threads were stopped: 0.0003680 seconds, Stopping threads took: 0.0000490 seconds
180.493: Application time: 0.0344500 seconds
180.493: [GC180.493: [ParNew: 7021K->335K(7424K), 0.0003520 secs] 15751K->9113K(23808K), 0.0003700 secs] [Times: user=0.00 sys=0.00, real=0.00 secs] 
180.493: Total time for which application threads were stopped: 0.0004580 seconds, Stopping threads took: 0.0000430 seconds
180.527: Application time: 0.0344040 seconds
180.528: [GC180.528: [ParNew: 6991K->252K(7424K), 0.0003340 secs] 15769K->9150K(23808K), 0.0003530 secs] [Times: user=0.00 sys=0.00, real=0.00 secs] 
180.528: Total time for which application threads were stopped: 0.0004420 seconds, Stopping threads took: 0.0000440 seconds
180.562: Application time: 0.0342260 seconds
180.562: [GC180.562: [ParNew: 6908K->168K(7424K), 0.0003330 secs] 15806K->9186K(23808K), 0.0003520 secs] [Times: user=0.00 sys=0.00, real=0.00 secs] 
180.563: Total time for which application threads were stopped: 0.0004490 seconds, Stopping threads took: 0.0000480 seconds
180.597: Application time: 0.0346670 seconds
180.597: [GC180.597: [ParNew: 6824K->171K(7424K), 0.0002390 secs] 15842K->9189K(23808K), 0.0002560 secs] [Times: user=0.00 sys=0.00, real=0.00 secs] 
180.598: Total time for which application threads were stopped: 0.0003480 seconds, Stopping threads took: 0.0000470 seconds
180.632: Application time: 0.0341960 seconds
180.632: [GC180.632: [ParNew: 6827K->156K(7424K), 0.0002350 secs] 15845K->9174K(23808K), 0.0002510 secs] [Times: user=0.00 sys=0.00, real=0.00 secs] 
180.632: Total time for which application threads were stopped: 0.0003560 seconds, Stopping threads took: 0.0000590 seconds
180.666: Application time: 0.0338920 seconds
180.666: [GC180.666: [ParNew: 6812K->189K(7424K), 0.0002410 secs] 15830K->9207K(23808K), 0.0002580 secs] [Times: user=0.00 sys=0.00, real=0.00 secs] 
180.666: Total time for which application threads were stopped: 0.0003470 seconds, Stopping threads took: 0.0000420 seconds
180.700: Application time: 0.0338620 seconds
180.700: [GC180.700: [ParNew: 6845K->220K(7424K), 0.0002160 secs] 15863K->9238K(23808K), 0.0002330 secs] [Times: user=0.01 sys=0.00, real=0.00 secs] 
180.701: Total time for which application threads were stopped: 0.0003200 seconds, Stopping threads took: 0.0000400 seconds
180.734: Application time: 0.0334700 seconds
180.734: [GC180.734: [ParNew: 6876K->259K(7424K), 0.0002730 secs] 15894K->9276K(23808K), 0.0002910 secs] [Times: user=0.00 sys=0.00, real=0.00 secs] 
180.734: Total time for which application threads were stopped: 0.0003940 seconds, Stopping threads took: 0.0000470 seconds
180.767: Application time: 0.0326360 seconds
180.767: [GC180.767: [ParNew: 6915K->366K(7424K), 0.0003400 secs] 15932K->9384K(23808K), 0.0003590 secs] [Times: user=0.00 sys=0.00, real=0.00 secs] 
180.768: Total time for which application threads were stopped: 0.0004520 seconds, Stopping threads took: 0.0000450 seconds
180.802: Application time: 0.0340600 seconds
180.802: [GC180.802: [ParNew: 7022K->388K(7424K), 0.0002840 secs] 16040K->9406K(23808K), 0.0003030 secs] [Times: user=0.00 sys=0.00, real=0.00 secs] 
180.802: Total time for which application threads were stopped: 0.0003970 seconds, Stopping threads took: 0.0000460 seconds
180.837: Application time: 0.0346730 seconds
180.837: [GC180.837: [ParNew: 7044K->394K(7424K), 0.0003460 secs] 16062K->9412K(23808K), 0.0003610 secs] [Times: user=0.00 sys=0.00, real=0.00 secs] 
180.837: Total time for which application threads were stopped: 0.0004430 seconds, Stopping threads took: 0.0000380 seconds
180.871: Application time: 0.0342510 seconds
180.871: [GC180.871: [ParNew: 7050K->354K(7424K), 0.0002960 secs] 16068K->9452K(23808K), 0.0003130 secs] [Times: user=0.00 sys=0.00, real=0.00 secs] 
180.872: Total time for which application threads were stopped: 0.0004060 seconds, Stopping threads took: 0.0000460 seconds
180.906: Application time: 0.0342050 seconds
180.906: [GC180.906: [ParNew: 7010K->345K(7424K), 0.0002700 secs] 16108K->9443K(23808K), 0.0002880 secs] [Times: user=0.00 sys=0.00, real=0.00 secs] 
180.906: Total time for which application threads were stopped: 0.0003840 seconds, Stopping threads took: 0.0000470 seconds
180.941: Application time: 0.0344990 seconds
180.941: [GC180.941: [ParNew: 7001K->355K(7424K), 0.0002410 secs] 16099K->9453K(23808K), 0.0002590 secs] [Times: user=0.00 sys=0.00, real=0.00 secs] 
180.941: Total time for which application threads were stopped: 0.0003650 seconds, Stopping threads took: 0.0000490 seconds
180.975: Application time: 0.0342640 seconds
180.976: [GC180.976: [ParNew: 7011K->345K(7424K), 0.0002790 secs] 16109K->9442K(23808K), 0.0002960 secs] [Times: user=0.00 sys=0.00, real=0.00 secs] 
180.976: Total time for which application threads were stopped: 0.0003740 seconds, Stopping threads took: 0.0000340 seconds
181.010: Application time: 0.0344160 seconds
181.010: [GC181.010: [ParNew: 7001K->346K(7424K), 0.0002750 secs] 16098K->9443K(23808K), 0.0002930 secs] [Times: user=0.00 sys=0.00, real=0.00 secs] 
181.011: Total time for which application threads were stopped: 0.0003750 seconds, Stopping threads took: 0.0000350 seconds
181.045: Application time: 0.0341040 seconds
181.045: [GC181.045: [ParNew: 7002K->362K(7424K), 0.0002900 secs] 16099K->9460K(23808K), 0.0003070 secs] [Times: user=0.00 sys=0.00, real=0.00 secs] 
181.045: Total time for which application threads were stopped: 0.0003950 seconds, Stopping threads took: 0.0000410 seconds
181.080: Application time: 0.0345110 seconds
181.080: [GC181.080: [ParNew: 7018K->365K(7424K), 0.0002860 secs] 16116K->9463K(23808K), 0.0003030 secs] [Times: user=0.01 sys=0.00, real=0.00 secs] 
181.080: Total time for which application threads were stopped: 0.0003930 seconds, Stopping threads took: 0.0000420 seconds
181.114: Application time: 0.0341590 seconds
181.114: [GC181.114: [ParNew: 7021K->375K(7424K), 0.0002710 secs] 16119K->9473K(23808K), 0.0002900 secs] [Times: user=0.01 sys=0.00, real=0.00 secs] 
181.115: Total time for which application threads were stopped: 0.0003850 seconds, Stopping threads took: 0.0000460 seconds
181.149: Application time: 0.0342890 seconds
181.149: [GC181.149: [ParNew: 7031K->372K(7424K), 0.0003420 secs] 16129K->9470K(23808K), 0.0003600 secs] [Times: user=0.00 sys=0.00, real=0.00 secs] 
181.149: Total time for which application threads were stopped: 0.0004680 seconds, Stopping threads took: 0.0000590 seconds
181.183: Application time: 0.0341340 seconds
181.184: [GC181.184: [ParNew: 7028K->365K(7424K), 0.0002810 secs] 16126K->9463K(23808K), 0.0002970 secs] [Times: user=0.00 sys=0.00, real=0.00 secs] 
181.184: Total time for which application threads were stopped: 0.0003910 seconds, Stopping threads took: 0.0000400 seconds
181.218: Application time: 0.0343980 seconds
181.218: [GC181.218: [ParNew: 7021K->344K(7424K), 0.0002780 secs] 16119K->9498K(23808K), 0.0002970 secs] [Times: user=0.00 sys=0.00, real=0.00 secs] 
181.219: Total time for which application threads were stopped: 0.0003950 seconds, Stopping threads took: 0.0000510 seconds
181.253: Application time: 0.0343830 seconds
181.253: [GC181.253: [ParNew: 7000K->278K(7424K), 0.0002680 secs] 16154K->9528K(23808K), 0.0002850 secs] [Times: user=0.00 sys=0.00, real=0.00 secs] 
181.253: Total time for which application threads were stopped: 0.0003770 seconds, Stopping threads took: 0.0000450 seconds
181.288: Application time: 0.0341850 seconds
181.288: [GC181.288: [ParNew: 6934K->171K(7424K), 0.0002970 secs] 16184K->9581K(23808K), 0.0003140 secs] [Times: user=0.00 sys=0.00, real=0.00 secs] 
181.288: Total time for which application threads were stopped: 0.0004080 seconds, Stopping threads took: 0.0000460 seconds
181.323: Application time: 0.0348330 seconds
181.323: [GC181.323: [ParNew: 6827K->176K(7424K), 0.0003250 secs] 16237K->9586K(23808K), 0.0003480 secs] [Times: user=0.00 sys=0.00, real=0.00 secs] 
181.323: Total time for which application threads were stopped: 0.0004570 seconds, Stopping threads took: 0.0000490 seconds
181.358: Application time: 0.0342300 seconds
181.358: [GC181.358: [ParNew: 6832K->158K(7424K), 0.0002610 secs] 16242K->9568K(23808K), 0.0002800 secs] [Times: user=0.00 sys=0.00, real=0.00 secs] 
181.358: Total time for which application threads were stopped: 0.0003800 seconds, Stopping threads took: 0.0000520 seconds
181.392: Application time: 0.0339960 seconds
181.392: [GC181.392: [ParNew: 6814K->189K(7424K), 0.0002450 secs] 16224K->9599K(23808K), 0.0002650 secs] [Times: user=0.00 sys=0.00, real=0.00 secs] 
181.392: Total time for which application threads were stopped: 0.0003630 seconds, Stopping threads took: 0.0000480 seconds
181.427: Application time: 0.0343200 seconds
181.427: [GC181.427: [ParNew: 6845K->176K(7424K), 0.0002340 secs] 16255K->9586K(23808K), 0.0002520 secs] [Times: user=0.01 sys=0.00, real=0.00 secs] 
181.427: Total time for which application threads were stopped: 0.0003500 seconds, Stopping threads took: 0.0000510 seconds
181.460: Application time: 0.0326530 seconds
181.460: [GC181.460: [ParNew: 6832K->283K(7424K), 0.0002590 secs] 16242K->9693K(23808K), 0.0002770 secs] [Times: user=0.00 sys=0.00, real=0.00 secs] 
181.460: Total time for which application threads were stopped: 0.0003780 seconds, Stopping threads took: 0.0000470 seconds
181.494: Application time: 0.0342550 seconds
181.494: [GC181.494: [ParNew: 6939K->338K(7424K), 0.0003880 secs] 16349K->9748K(23808K), 0.0004120 secs] [Times: user=0.00 sys=0.00, real=0.00 secs] 
181.495: Total time for which application threads were stopped: 0.0005470 seconds, Stopping threads took: 0.0000700 seconds
181.528: Application time: 0.0334940 seconds
181.528: [GC181.528: [ParNew: 6994K->400K(7424K), 0.0003310 secs] 16404K->9810K(23808K), 0.0003520 secs] [Times: user=0.00 sys=0.00, real=0.00 secs] 
181.529: Total time for which application threads were stopped: 0.0004540 seconds, Stopping threads took: 0.0000500 seconds
181.564: Application time: 0.0348120 seconds
181.564: [GC181.564: [ParNew: 7056K->406K(7424K), 0.0002700 secs] 16466K->9816K(23808K), 0.0002880 secs] [Times: user=0.00 sys=0.00, real=0.00 secs] 
181.564: Total time for which application threads were stopped: 0.0003680 seconds, Stopping threads took: 0.0000370 seconds
181.598: Application time: 0.0343190 seconds
181.598: [GC181.598: [ParNew: 7062K->348K(7424K), 0.0003210 secs] 16472K->9838K(23808K), 0.0003400 secs] [Times: user=0.00 sys=0.00, real=0.00 secs] 
181.599: Total time for which application threads were stopped: 0.0004540 seconds, Stopping threads took: 0.0000670 seconds
181.633: Application time: 0.0341110 seconds
181.633: [GC181.633: [ParNew: 7003K->348K(7424K), 0.0002660 secs] 16493K->9838K(23808K), 0.0002920 secs] [Times: user=0.00 sys=0.00, real=0.00 secs] 
181.633: Total time for which application threads were stopped: 0.0003860 seconds, Stopping threads took: 0.0000470 seconds
181.668: Application time: 0.0346490 seconds
181.668: [GC181.668: [ParNew: 7004K->346K(7424K), 0.0003310 secs] 16494K->9836K(23808K), 0.0003480 secs] [Times: user=0.00 sys=0.00, real=0.00 secs] 
181.668: Total time for which application threads were stopped: 0.0004440 seconds, Stopping threads took: 0.0000500 seconds
181.702: Application time: 0.0340970 seconds
181.702: [GC181.703: [ParNew: 7002K->349K(7424K), 0.0003320 secs] 16492K->9839K(23808K), 0.0003510 secs] [Times: user=0.01 sys=0.00, real=0.00 secs] 
181.703: Total time for which application threads were stopped: 0.0004610 seconds, Stopping threads took: 0.0000640 seconds
181.737: Application time: 0.0345010 seconds
181.737: [GC181.737: [ParNew: 7005K->352K(7424K), 0.0002720 secs] 16495K->9842K(23808K), 0.0002900 secs] [Times: user=0.00 sys=0.00, real=0.00 secs] 
181.738: Total time for which application threads were stopped: 0.0003880 seconds, Stopping threads took: 0.0000530 seconds
181.772: Application time: 0.0343650 seconds
181.772: [GC181.772: [ParNew: 7008K->371K(7424K), 0.0002540 secs] 16498K->9861K(23808K), 0.0002730 secs] [Times: user=0.00 sys=0.00, real=0.00 secs] 
181.772: Total time for which application threads were stopped: 0.0003640 seconds, Stopping threads took: 0.0000440 seconds
181.807: Application time: 0.0340950 seconds
181.807: [GC181.807: [ParNew: 7027K->362K(7424K), 0.0002710 secs] 16517K->9852K(23808K), 0.0002880 secs] [Times: user=0.00 sys=0.00, real=0.00 secs] 
181.807: Total time for which application threads were stopped: 0.0003870 seconds, Stopping threads took: 0.0000510 seconds
181.841: Application time: 0.0343520 seconds
181.841: [GC181.841: [ParNew: 7018K->368K(7424K), 0.0002960 secs] 16508K->9858K(23808K), 0.0003140 secs] [Times: user=0.01 sys=0.00, real=0.00 secs] 
181.842: Total time for which application threads were stopped: 0.0003970 seconds, Stopping threads took: 0.0000360 seconds
181.876: Application time: 0.0340140 seconds
181.876: [GC181.876: [ParNew: 7024K->363K(7424K), 0.0002770 secs] 16514K->9853K(23808K), 0.0002940 secs] [Times: user=0.00 sys=0.00, real=0.00 secs] 
181.876: Total time for which application threads were stopped: 0.0003830 seconds, Stopping threads took: 0.0000410 seconds
181.911: Application time: 0.0345820 seconds
181.911: [GC181.911: [ParNew: 7019K->361K(7424K), 0.0003400 secs] 16509K->9851K(23808K), 0.0003570 secs] [Times: user=0.00 sys=0.00, real=0.00 secs] 
181.911: Total time for which application threads were stopped: 0.0004500 seconds, Stopping threads took: 0.0000460 seconds
181.945: Application time: 0.0343200 seconds
181.946: [GC181.946: [ParNew: 7017K->364K(7424K), 0.0002580 secs] 16507K->9854K(23808K), 0.0002750 secs] [Times: user=0.00 sys=0.00, real=0.00 secs] 
181.946: Total time for which application threads were stopped: 0.0003680 seconds, Stopping threads took: 0.0000470 seconds
181.980: Application time: 0.0343480 seconds
181.980: [GC181.980: [ParNew: 7020K->290K(7424K), 0.0002740 secs] 16510K->9916K(23808K), 0.0002900 secs] [Times: user=0.00 sys=0.00, real=0.00 secs] 
181.981: Total time for which application threads were stopped: 0.0003870 seconds, Stopping threads took: 0.0000410 seconds
182.015: Application time: 0.0346960 seconds
182.015: [GC182.015: [ParNew: 6946K->218K(7424K), 0.0002730 secs] 16572K->9940K(23808K), 0.0002910 secs] [Times: user=0.00 sys=0.00, real=0.00 secs] 
182.016: Total time for which application threads were stopped: 0.0004070 seconds, Stopping threads took: 0.0000690 seconds
182.050: Application time: 0.0342510 seconds
182.050: [GC182.050: [ParNew: 6874K->168K(7424K), 0.0002370 secs] 16596K->9994K(23808K), 0.0002540 secs] [Times: user=0.00 sys=0.00, real=0.00 secs] 
182.050: Total time for which application threads were stopped: 0.0003420 seconds, Stopping threads took: 0.0000440 seconds
182.085: Application time: 0.0345000 seconds
182.085: [GC182.085: [ParNew: 6824K->173K(7424K), 0.0002300 secs] 16650K->9999K(23808K), 0.0002570 secs] [Times: user=0.00 sys=0.00, real=0.00 secs] 
182.085: Total time for which application threads were stopped: 0.0003450 seconds, Stopping threads took: 0.0000430 seconds
182.119: Application time: 0.0338930 seconds
182.122: [GC182.122: [ParNew: 6829K->177K(7424K), 0.0002550 secs] 16655K->10003K(23808K), 0.0002730 secs] [Times: user=0.00 sys=0.00, real=0.00 secs] 
182.122: Total time for which application threads were stopped: 0.0033650 seconds, Stopping threads took: 0.0030450 seconds
182.157: Application time: 0.0344190 seconds
182.157: [GC182.157: [ParNew: 6833K->194K(7424K), 0.0002620 secs] 16659K->10021K(23808K), 0.0002790 secs] [Times: user=0.01 sys=0.00, real=0.00 secs] 
182.157: Total time for which application threads were stopped: 0.0003680 seconds, Stopping threads took: 0.0000440 seconds
182.191: Application time: 0.0334100 seconds
182.191: [GC182.191: [ParNew: 6850K->231K(7424K), 0.0002360 secs] 16677K->10057K(23808K), 0.0002510 secs] [Times: user=0.00 sys=0.00, real=0.00 secs] 
182.191: Total time for which application threads were stopped: 0.0003400 seconds, Stopping threads took: 0.0000440 seconds
182.224: Application time: 0.0326310 seconds
182.224: [GC182.224: [ParNew: 6887K->338K(7424K), 0.0002820 secs] 16713K->10164K(23808K), 0.0002990 secs] [Times: user=0.00 sys=0.00, real=0.00 secs] 
182.224: Total time for which application threads were stopped: 0.0003820 seconds, Stopping threads took: 0.0000360 seconds
182.257: Application time: 0.0333440 seconds
182.257: [GC182.257: [ParNew: 6994K->390K(7424K), 0.0003050 secs] 16820K->10217K(23808K), 0.0003240 secs] [Times: user=0.00 sys=0.00, real=0.00 secs] 
182.258: Total time for which application threads were stopped: 0.0004180 seconds, Stopping threads took: 0.0000450 seconds
182.292: Application time: 0.0346790 seconds
182.292: [GC182.292: [ParNew: 7046K->393K(7424K), 0.0003170 secs] 16873K->10219K(23808K), 0.0003340 secs] [Times: user=0.00 sys=0.00, real=0.00 secs] 
182.293: Total time for which application threads were stopped: 0.0004200 seconds, Stopping threads took: 0.0000370 seconds
182.327: Application time: 0.0345790 seconds
182.327: [GC182.327: [ParNew: 7049K->390K(7424K), 0.0004270 secs] 16875K->10217K(23808K), 0.0004480 secs] [Times: user=0.00 sys=0.00, real=0.00 secs] 
182.328: Total time for which application threads were stopped: 0.0005540 seconds, Stopping threads took: 0.0000480 seconds
182.362: Application time: 0.0344980 seconds
182.363: [GC182.363: [ParNew: 7046K->393K(7424K), 0.0003590 secs] 16873K->10219K(23808K), 0.0003770 secs] [Times: user=0.00 sys=0.00, real=0.00 secs] 
182.363: Total time for which application threads were stopped: 0.0004690 seconds, Stopping threads took: 0.0000440 seconds
182.397: Application time: 0.0341500 seconds
182.397: [GC182.397: [ParNew: 7049K->387K(7424K), 0.0003920 secs] 16875K->10213K(23808K), 0.0004090 secs] [Times: user=0.00 sys=0.00, real=0.00 secs] 
182.398: Total time for which application threads were stopped: 0.0005110 seconds, Stopping threads took: 0.0000550 seconds
182.432: Application time: 0.0341950 seconds
182.432: [GC182.432: [ParNew: 7043K->391K(7424K), 0.0003420 secs] 16869K->10218K(23808K), 0.0003600 secs] [Times: user=0.00 sys=0.00, real=0.00 secs] 
182.432: Total time for which application threads were stopped: 0.0004540 seconds, Stopping threads took: 0.0000490 seconds
182.467: Application time: 0.0343890 seconds
182.467: [GC182.467: [ParNew: 7038K->400K(7424K), 0.0003080 secs] 16864K->10226K(23808K), 0.0003270 secs] [Times: user=0.01 sys=0.00, real=0.00 secs] 
182.467: Total time for which application threads were stopped: 0.0004190 seconds, Stopping threads took: 0.0000450 seconds
182.502: Application time: 0.0345100 seconds
182.502: [GC182.502: [ParNew: 7056K->390K(7424K), 0.0002680 secs] 16882K->10217K(23808K), 0.0002860 secs] [Times: user=0.00 sys=0.00, real=0.00 secs] 
182.502: Total time for which application threads were stopped: 0.0003800 seconds, Stopping threads took: 0.0000390 seconds
182.537: Application time: 0.0346570 seconds
182.537: [GC182.537: [ParNew: 7046K->388K(7424K), 0.0003450 secs] 16873K->10215K(23808K), 0.0003700 secs] [Times: user=0.00 sys=0.00, real=0.00 secs] 
182.537: Total time for which application threads were stopped: 0.0004570 seconds, Stopping threads took: 0.0000410 seconds
182.571: Application time: 0.0340310 seconds
182.571: [GC182.571: [ParNew: 7044K->396K(7424K), 0.0002870 secs] 16871K->10222K(23808K), 0.0003040 secs] [Times: user=0.00 sys=0.00, real=0.00 secs] 
182.571: Total time for which application threads were stopped: 0.0003900 seconds, Stopping threads took: 0.0000400 seconds
182.606: Application time: 0.0340740 seconds
182.606: [GC182.606: [ParNew: 7052K->376K(7424K), 0.0002810 secs] 16878K->10203K(23808K), 0.0002990 secs] [Times: user=0.00 sys=0.00, real=0.00 secs] 
182.606: Total time for which application threads were stopped: 0.0003800 seconds, Stopping threads took: 0.0000320 seconds
182.640: Application time: 0.0340420 seconds
182.640: [GC182.640: [ParNew: 7032K->360K(7424K), 0.0003810 secs] 16859K->10243K(23808K), 0.0003990 secs] [Times: user=0.00 sys=0.00, real=0.00 secs] 
182.640: Total time for which application threads were stopped: 0.0004860 seconds, Stopping threads took: 0.0000390 seconds
182.675: Application time: 0.0345720 seconds
182.675: [GC182.675: [ParNew: 7016K->368K(7424K), 0.0003420 secs] 16899K->10250K(23808K), 0.0003600 secs] [Times: user=0.00 sys=0.00, real=0.00 secs] 
182.675: Total time for which application threads were stopped: 0.0004550 seconds, Stopping threads took: 0.0000460 seconds
182.710: Application time: 0.0345450 seconds
182.710: [GC182.710: [ParNew: 7024K->342K(7424K), 0.0002570 secs] 16906K->10272K(23808K), 0.0002750 secs] [Times: user=0.01 sys=0.00, real=0.00 secs] 
182.710: Total time for which application threads were stopped: 0.0003680 seconds, Stopping threads took: 0.0000410 seconds
182.745: Application time: 0.0342050 seconds
182.745: [GC182.745: [ParNew: 6998K->230K(7424K), 0.0003350 secs] 16928K->10304K(23808K), 0.0003540 secs] [Times: user=0.00 sys=0.00, real=0.00 secs] 
182.745: Total time for which application threads were stopped: 0.0004470 seconds, Stopping threads took: 0.0000500 seconds
182.780: Application time: 0.0345600 seconds
182.780: [GC182.780: [ParNew: 6886K->170K(7424K), 0.0002440 secs] 16960K->10337K(23808K), 0.0002620 secs] [Times: user=0.00 sys=0.00, real=0.00 secs] 
182.780: Total time for which application threads were stopped: 0.0003710 seconds, Stopping threads took: 0.0000630 seconds
182.814: Application time: 0.0344930 seconds
182.815: [GC182.815: [ParNew: 6826K->162K(7424K), 0.0002430 secs] 16993K->10329K(23808K), 0.0002620 secs] [Times: user=0.00 sys=0.00, real=0.00 secs] 
182.815: Total time for which application threads were stopped: 0.0003530 seconds, Stopping threads took: 0.0000450 seconds
182.849: Application time: 0.0343780 seconds
182.849: [GC182.849: [ParNew: 6818K->162K(7424K), 0.0002300 secs] 16985K->10328K(23808K), 0.0002480 secs] [Times: user=0.00 sys=0.00, real=0.00 secs] 
182.850: Total time for which application threads were stopped: 0.0003590 seconds, Stopping threads took: 0.0000640 seconds
182.883: Application time: 0.0339050 seconds
182.884: [GC182.884: [ParNew: 6818K->192K(7424K), 0.0002420 secs] 16984K->10358K(23808K), 0.0002600 secs] [Times: user=0.00 sys=0.00, real=0.00 secs] 
182.884: Total time for which application threads were stopped: 0.0003520 seconds, Stopping threads took: 0.0000430 seconds
182.917: Application time: 0.0332890 seconds
182.917: [GC182.917: [ParNew: 6848K->233K(7424K), 0.0002420 secs] 17014K->10399K(23808K), 0.0002590 secs] [Times: user=0.01 sys=0.00, real=0.00 secs] 
182.917: Total time for which application threads were stopped: 0.0003450 seconds, Stopping threads took: 0.0000400 seconds
182.950: Application time: 0.0328200 seconds
182.950: [GC182.950: [ParNew: 6889K->340K(7424K), 0.0002750 secs] 17055K->10507K(23808K), 0.0002930 secs] [Times: user=0.00 sys=0.00, real=0.00 secs] 
182.951: Total time for which application threads were stopped: 0.0003850 seconds, Stopping threads took: 0.0000460 seconds
182.984: Application time: 0.0332410 seconds
182.984: [GC182.984: [ParNew: 6996K->403K(7424K), 0.0002690 secs] 17163K->10570K(23808K), 0.0002950 secs] [Times: user=0.00 sys=0.00, real=0.00 secs] 
182.984: Total time for which application threads were stopped: 0.0003870 seconds, Stopping threads took: 0.0000450 seconds
183.020: Application time: 0.0354930 seconds
183.020: [GC183.020: [ParNew: 7059K->356K(7424K), 0.0004350 secs] 17226K->10595K(23808K), 0.0004610 secs] [Times: user=0.00 sys=0.00, real=0.00 secs] 
183.020: Total time for which application threads were stopped: 0.0006100 seconds, Stopping threads took: 0.0000810 seconds
183.055: Application time: 0.0345390 seconds
183.055: [GC183.055: [ParNew: 7012K->361K(7424K), 0.0002770 secs] 17251K->10600K(23808K), 0.0002950 secs] [Times: user=0.00 sys=0.00, real=0.00 secs] 
183.055: Total time for which application threads were stopped: 0.0004040 seconds, Stopping threads took: 0.0000590 seconds
183.090: Application time: 0.0341960 seconds
183.090: [GC183.090: [ParNew: 7017K->341K(7424K), 0.0002720 secs] 17256K->10579K(23808K), 0.0002870 secs] [Times: user=0.00 sys=0.00, real=0.00 secs] 
183.090: Total time for which application threads were stopped: 0.0003730 seconds, Stopping threads took: 0.0000390 seconds
183.124: Application time: 0.0340920 seconds
183.124: [GC183.124: [ParNew: 6997K->347K(7424K), 0.0002500 secs] 17235K->10586K(23808K), 0.0002670 secs] [Times: user=0.00 sys=0.00, real=0.00 secs] 
183.124: Total time for which application threads were stopped: 0.0003580 seconds, Stopping threads took: 0.0000440 seconds
183.159: Application time: 0.0346820 seconds
183.159: [GC183.159: [ParNew: 7003K->354K(7424K), 0.0002760 secs] 17242K->10593K(23808K), 0.0002920 secs] [Times: user=0.00 sys=0.00, real=0.00 secs] 
183.159: Total time for which application threads were stopped: 0.0003770 seconds, Stopping threads took: 0.0000420 seconds
183.194: Application time: 0.0345770 seconds
183.194: [GC183.194: [ParNew: 7010K->346K(7424K), 0.0002790 secs] 17249K->10585K(23808K), 0.0002950 secs] [Times: user=0.00 sys=0.00, real=0.00 secs] 
183.194: Total time for which application threads were stopped: 0.0003880 seconds, Stopping threads took: 0.0000480 seconds
183.229: Application time: 0.0341980 seconds
183.229: [GC183.229: [ParNew: 7002K->352K(7424K), 0.0002470 secs] 17241K->10590K(23808K), 0.0002630 secs] [Times: user=0.00 sys=0.00, real=0.00 secs] 
183.229: Total time for which application threads were stopped: 0.0003470 seconds, Stopping threads took: 0.0000390 seconds
183.264: Application time: 0.0346700 seconds
183.264: [GC183.264: [ParNew: 7008K->373K(7424K), 0.0002530 secs] 17246K->10612K(23808K), 0.0002710 secs] [Times: user=0.00 sys=0.00, real=0.00 secs] 
183.264: Total time for which application threads were stopped: 0.0003620 seconds, Stopping threads took: 0.0000430 seconds
183.298: Application time: 0.0341200 seconds
183.298: [GC183.298: [ParNew: 7029K->369K(7424K), 0.0002590 secs] 17268K->10608K(23808K), 0.0002780 secs] [Times: user=0.00 sys=0.00, real=0.00 secs] 
183.298: Total time for which application threads were stopped: 0.0003690 seconds, Stopping threads took: 0.0000410 seconds
183.333: Application time: 0.0343020 seconds
183.333: [GC183.333: [ParNew: 7025K->365K(7424K), 0.0003380 secs] 17264K->10603K(23808K), 0.0003590 secs] [Times: user=0.00 sys=0.00, real=0.00 secs] 
183.333: Total time for which application threads were stopped: 0.0004690 seconds, Stopping threads took: 0.0000500 seconds
183.368: Application time: 0.0342800 seconds
183.368: [GC183.368: [ParNew: 7021K->364K(7424K), 0.0003040 secs] 17259K->10603K(23808K), 0.0003230 secs] [Times: user=0.00 sys=0.00, real=0.00 secs] 
183.368: Total time for which application threads were stopped: 0.0004090 seconds, Stopping threads took: 0.0000370 seconds
183.402: Application time: 0.0344720 seconds
183.403: [GC183.403: [ParNew: 7020K->372K(7424K), 0.0002570 secs] 17259K->10611K(23808K), 0.0002760 secs] [Times: user=0.01 sys=0.00, real=0.00 secs] 
183.403: Total time for which application threads were stopped: 0.0003910 seconds, Stopping threads took: 0.0000600 seconds
183.437: Application time: 0.0344880 seconds
183.437: [GC183.437: [ParNew: 7028K->312K(7424K), 0.0002800 secs] 17267K->10654K(23808K), 0.0002990 secs] [Times: user=0.00 sys=0.00, real=0.00 secs] 
183.438: Total time for which application threads were stopped: 0.0003830 seconds, Stopping threads took: 0.0000380 seconds
183.472: Application time: 0.0342230 seconds
183.472: [GC183.472: [ParNew: 6968K->225K(7424K), 0.0002470 secs] 17310K->10704K(23808K), 0.0002630 secs] [Times: user=0.00 sys=0.00, real=0.00 secs] 
183.472: Total time for which application threads were stopped: 0.0003500 seconds, Stopping threads took: 0.0000420 seconds
183.507: Application time: 0.0347740 seconds
183.507: [GC183.507: [ParNew: 6881K->169K(7424K), 0.0002260 secs] 17360K->10743K(23808K), 0.0002430 secs] [Times: user=0.00 sys=0.00, real=0.00 secs] 
183.507: Total time for which application threads were stopped: 0.0003340 seconds, Stopping threads took: 0.0000450 seconds
183.542: Application time: 0.0341930 seconds
183.542: [GC183.542: [ParNew: 6825K->175K(7424K), 0.0002360 secs] 17399K->10750K(23808K), 0.0002520 secs] [Times: user=0.00 sys=0.00, real=0.00 secs] 
183.542: Total time for which application threads were stopped: 0.0003410 seconds, Stopping threads took: 0.0000360 seconds
183.576: Application time: 0.0341820 seconds
183.576: [GC183.576: [ParNew: 6831K->164K(7424K), 0.0002230 secs] 17406K->10739K(23808K), 0.0002410 secs] [Times: user=0.00 sys=0.00, real=0.00 secs] 
183.576: Total time for which application threads were stopped: 0.0003300 seconds, Stopping threads took: 0.0000430 seconds
183.610: Application time: 0.0340500 seconds
183.611: [GC183.611: [ParNew: 6820K->195K(7424K), 0.0002540 secs] 17395K->10770K(23808K), 0.0002700 secs] [Times: user=0.00 sys=0.00, real=0.00 secs] 
183.611: Total time for which application threads were stopped: 0.0003710 seconds, Stopping threads took: 0.0000520 seconds
183.645: Application time: 0.0339110 seconds
183.645: [GC183.645: [ParNew: 6851K->218K(7424K), 0.0002160 secs] 17426K->10792K(23808K), 0.0002330 secs] [Times: user=0.00 sys=0.00, real=0.00 secs] 
183.645: Total time for which application threads were stopped: 0.0003200 seconds, Stopping threads took: 0.0000410 seconds
183.679: Application time: 0.0335430 seconds
183.679: [GC183.679: [ParNew: 6874K->319K(7424K), 0.0002830 secs] 17448K->10894K(23808K), 0.0003000 secs] [Times: user=0.00 sys=0.00, real=0.00 secs] 
183.679: Total time for which application threads were stopped: 0.0003790 seconds, Stopping threads took: 0.0000330 seconds
183.712: Application time: 0.0327100 seconds
183.712: [GC183.712: [ParNew: 6975K->353K(7424K), 0.0002720 secs] 17550K->10928K(23808K), 0.0002910 secs] [Times: user=0.00 sys=0.00, real=0.00 secs] 
183.712: Total time for which application threads were stopped: 0.0003740 seconds, Stopping threads took: 0.0000360 seconds
183.746: Application time: 0.0340630 seconds
183.746: [GC183.746: [ParNew: 7009K->390K(7424K), 0.0002990 secs] 17584K->10965K(23808K), 0.0003160 secs] [Times: user=0.00 sys=0.00, real=0.00 secs] 
183.747: Total time for which application threads were stopped: 0.0004120 seconds, Stopping threads took: 0.0000490 seconds
183.782: Application time: 0.0351540 seconds
183.782: [GC183.782: [ParNew: 7046K->385K(7424K), 0.0002880 secs] 17621K->10959K(23808K), 0.0003080 secs] [Times: user=0.00 sys=0.00, real=0.01 secs] 
183.782: Total time for which application threads were stopped: 0.0003920 seconds, Stopping threads took: 0.0000370 seconds
183.816: Application time: 0.0340480 seconds
183.818: [GC183.818: [ParNew: 7041K->389K(7424K), 0.0003690 secs] 17615K->10963K(23808K), 0.0003860 secs] [Times: user=0.00 sys=0.00, real=0.00 secs] 
183.819: Total time for which application threads were stopped: 0.0023430 seconds, Stopping threads took: 0.0019080 seconds
183.853: Application time: 0.0347530 seconds
183.853: [GC183.853: [ParNew: 7045K->394K(7424K), 0.0002960 secs] 17619K->10969K(23808K), 0.0003200 secs] [Times: user=0.00 sys=0.00, real=0.00 secs] 
183.854: Total time for which application threads were stopped: 0.0004110 seconds, Stopping threads took: 0.0000440 seconds
183.888: Application time: 0.0343380 seconds
183.888: [GC183.888: [ParNew: 7050K->396K(7424K), 0.0002690 secs] 17625K->10971K(23808K), 0.0002870 secs] [Times: user=0.01 sys=0.00, real=0.00 secs] 
183.888: Total time for which application threads were stopped: 0.0003770 seconds, Stopping threads took: 0.0000430 seconds
183.923: Application time: 0.0341360 seconds
183.923: [GC183.923: [ParNew: 7052K->390K(7424K), 0.0002870 secs] 17627K->10965K(23808K), 0.0003050 secs] [Times: user=0.00 sys=0.00, real=0.00 secs] 
183.923: Total time for which application threads were stopped: 0.0003910 seconds, Stopping threads took: 0.0000380 seconds
183.957: Application time: 0.0344810 seconds
183.957: [GC183.957: [ParNew: 7046K->400K(7424K), 0.0002860 secs] 17621K->10974K(23808K), 0.0003020 secs] [Times: user=0.00 sys=0.00, real=0.00 secs] 
183.958: Total time for which application threads were stopped: 0.0003910 seconds, Stopping threads took: 0.0000410 seconds
183.992: Application time: 0.0345910 seconds
183.992: [GC183.992: [ParNew: 7056K->375K(7424K), 0.0003070 secs] 17630K->11014K(23808K), 0.0003240 secs] [Times: user=0.00 sys=0.00, real=0.00 secs] 
183.993: Total time for which application threads were stopped: 0.0004160 seconds, Stopping threads took: 0.0000450 seconds
184.027: Application time: 0.0340570 seconds
184.027: [GC184.027: [ParNew: 7031K->360K(7424K), 0.0003340 secs] 17670K->10999K(23808K), 0.0003510 secs] [Times: user=0.00 sys=0.00, real=0.00 secs] 
184.027: Total time for which application threads were stopped: 0.0004450 seconds, Stopping threads took: 0.0000470 seconds
184.061: Application time: 0.0339620 seconds
184.061: [GC184.061: [ParNew: 7016K->371K(7424K), 0.0002840 secs] 17655K->11010K(23808K), 0.0003010 secs] [Times: user=0.00 sys=0.00, real=0.00 secs] 
184.062: Total time for which application threads were stopped: 0.0004020 seconds, Stopping threads took: 0.0000440 seconds
184.096: Application time: 0.0340970 seconds
184.096: [GC184.096: [ParNew: 7027K->368K(7424K), 0.0002670 secs] 17666K->11007K(23808K), 0.0002860 secs] [Times: user=0.00 sys=0.00, real=0.00 secs] 
184.096: Total time for which application threads were stopped: 0.0003800 seconds, Stopping threads took: 0.0000460 seconds
184.130: Application time: 0.0341240 seconds
184.130: [GC184.130: [ParNew: 7024K->369K(7424K), 0.0003330 secs] 17663K->11008K(23808K), 0.0003490 secs] [Times: user=0.00 sys=0.00, real=0.00 secs] 
184.131: Total time for which application threads were stopped: 0.0004400 seconds, Stopping threads took: 0.0000440 seconds
184.165: Application time: 0.0345600 seconds
184.165: [GC184.165: [ParNew: 7025K->340K(7424K), 0.0003460 secs] 17664K->11035K(23808K), 0.0003620 secs] [Times: user=0.00 sys=0.00, real=0.00 secs] 
184.166: Total time for which application threads were stopped: 0.0004510 seconds, Stopping threads took: 0.0000440 seconds
184.200: Application time: 0.0344680 seconds
184.200: [GC184.200: [ParNew: 6996K->292K(7424K), 0.0002680 secs] 17691K->11083K(23808K), 0.0002850 secs] [Times: user=0.00 sys=0.00, real=0.00 secs] 
184.201: Total time for which application threads were stopped: 0.0003720 seconds, Stopping threads took: 0.0000420 seconds
184.235: Application time: 0.0344680 seconds
184.235: [GC184.235: [ParNew: 6948K->166K(7424K), 0.0002630 secs] 17739K->11105K(23808K), 0.0002800 secs] [Times: user=0.00 sys=0.00, real=0.00 secs] 
184.235: Total time for which application threads were stopped: 0.0003710 seconds, Stopping threads took: 0.0000440 seconds
184.270: Application time: 0.0347470 seconds
184.270: [GC184.270: [ParNew: 6822K->172K(7424K), 0.0002230 secs] 17761K->11111K(23808K), 0.0002380 secs] [Times: user=0.01 sys=0.00, real=0.00 secs] 
184.270: Total time for which application threads were stopped: 0.0003220 seconds, Stopping threads took: 0.0000390 seconds
184.305: Application time: 0.0341590 seconds
184.305: [GC184.305: [ParNew: 6828K->177K(7424K), 0.0002330 secs] 17767K->11116K(23808K), 0.0002610 secs] [Times: user=0.00 sys=0.00, real=0.00 secs] 
184.305: Total time for which application threads were stopped: 0.0003520 seconds, Stopping threads took: 0.0000460 seconds
184.339: Application time: 0.0340710 seconds
184.339: [GC184.339: [ParNew: 6833K->194K(7424K), 0.0002660 secs] 17772K->11133K(23808K), 0.0002880 secs] [Times: user=0.00 sys=0.00, real=0.00 secs] 
184.339: Total time for which application threads were stopped: 0.0003960 seconds, Stopping threads took: 0.0000510 seconds
184.374: Application time: 0.0344650 seconds
184.374: [GC184.374: [ParNew: 6850K->193K(7424K), 0.0002490 secs] 17789K->11132K(23808K), 0.0002680 secs] [Times: user=0.01 sys=0.00, real=0.01 secs] 
184.374: Total time for which application threads were stopped: 0.0003530 seconds, Stopping threads took: 0.0000380 seconds
184.407: Application time: 0.0327710 seconds
184.407: [GC184.407: [ParNew: 6849K->281K(7424K), 0.0002580 secs] 17788K->11220K(23808K), 0.0002760 secs] [Times: user=0.01 sys=0.00, real=0.00 secs] 
184.407: Total time for which application threads were stopped: 0.0003720 seconds, Stopping threads took: 0.0000490 seconds
184.441: Application time: 0.0332460 seconds
184.441: [GC184.441: [ParNew: 6937K->340K(7424K), 0.0002970 secs] 17876K->11279K(23808K), 0.0003160 secs] [Times: user=0.00 sys=0.00, real=0.00 secs] 
184.441: Total time for which application threads were stopped: 0.0004120 seconds, Stopping threads took: 0.0000470 seconds
184.475: Application time: 0.0336520 seconds
184.475: [GC184.475: [ParNew: 6996K->397K(7424K), 0.0002830 secs] 17935K->11336K(23808K), 0.0003010 secs] [Times: user=0.00 sys=0.00, real=0.00 secs] 
184.475: Total time for which application threads were stopped: 0.0003900 seconds, Stopping threads took: 0.0000420 seconds
184.510: Application time: 0.0344390 seconds
184.510: [GC184.510: [ParNew: 7053K->391K(7424K), 0.0003830 secs] 17992K->11330K(23808K), 0.0004060 secs] [Times: user=0.01 sys=0.00, real=0.00 secs] 
184.511: Total time for which application threads were stopped: 0.0009430 seconds, Stopping threads took: 0.0004740 seconds
184.546: Application time: 0.0350920 seconds
184.546: [GC184.546: [ParNew: 7047K->390K(7424K), 0.0003460 secs] 17986K->11329K(23808K), 0.0003690 secs] [Times: user=0.00 sys=0.00, real=0.00 secs] 
184.546: Total time for which application threads were stopped: 0.0004850 seconds, Stopping threads took: 0.0000600 seconds
184.581: Application time: 0.0350930 seconds
184.581: [GC184.581: [ParNew: 7046K->387K(7424K), 0.0003150 secs] 17985K->11326K(23808K), 0.0003340 secs] [Times: user=0.00 sys=0.00, real=0.00 secs] 
184.582: Total time for which application threads were stopped: 0.0004300 seconds, Stopping threads took: 0.0000360 seconds
184.616: Application time: 0.0341410 seconds
184.616: [GC184.616: [ParNew: 7043K->387K(7424K), 0.0003700 secs] 17982K->11327K(23808K), 0.0003860 secs] [Times: user=0.01 sys=0.00, real=0.00 secs] 
184.616: Total time for which application threads were stopped: 0.0004770 seconds, Stopping threads took: 0.0000440 seconds
184.651: Application time: 0.0343240 seconds
184.651: [GC184.651: [ParNew: 7043K->394K(7424K), 0.0003680 secs] 17983K->11333K(23808K), 0.0003840 secs] [Times: user=0.00 sys=0.00, real=0.00 secs] 
184.651: Total time for which application threads were stopped: 0.0004720 seconds, Stopping threads took: 0.0000440 seconds
184.686: Application time: 0.0347700 seconds
184.686: [GC184.686: [ParNew: 7050K->353K(7424K), 0.0002900 secs] 17989K->11372K(23808K), 0.0003070 secs] [Times: user=0.00 sys=0.00, real=0.00 secs] 
184.686: Total time for which application threads were stopped: 0.0003870 seconds, Stopping threads took: 0.0000340 seconds
184.720: Application time: 0.0341800 seconds
184.720: [GC184.720: [ParNew: 7009K->367K(7424K), 0.0003390 secs] 18028K->11386K(23808K), 0.0003570 secs] [Times: user=0.00 sys=0.00, real=0.00 secs] 
184.721: Total time for which application threads were stopped: 0.0004610 seconds, Stopping threads took: 0.0000550 seconds
184.755: Application time: 0.0344640 seconds
184.755: [GC184.755: [ParNew: 7023K->368K(7424K), 0.0002890 secs] 18042K->11387K(23808K), 0.0003120 secs] [Times: user=0.01 sys=0.00, real=0.00 secs] 
184.756: Total time for which application threads were stopped: 0.0003970 seconds, Stopping threads took: 0.0000390 seconds
184.790: Application time: 0.0339640 seconds
184.790: [GC184.790: [ParNew: 7024K->368K(7424K), 0.0003210 secs] 18043K->11388K(23808K), 0.0003410 secs] [Times: user=0.00 sys=0.00, real=0.00 secs] 
184.790: Total time for which application threads were stopped: 0.0004340 seconds, Stopping threads took: 0.0000470 seconds
184.824: Application time: 0.0340420 seconds
184.824: [GC184.824: [ParNew: 7024K->370K(7424K), 0.0003530 secs] 18044K->11389K(23808K), 0.0003700 secs] [Times: user=0.00 sys=0.00, real=0.00 secs] 
184.825: Total time for which application threads were stopped: 0.0004530 seconds, Stopping threads took: 0.0000360 seconds
184.859: Application time: 0.0348160 seconds
184.860: [GC184.860: [ParNew: 7026K->370K(7424K), 0.0003120 secs] 18045K->11389K(23808K), 0.0003310 secs] [Times: user=0.00 sys=0.00, real=0.00 secs] 
184.860: Total time for which application threads were stopped: 0.0004480 seconds, Stopping threads took: 0.0000690 seconds
184.894: Application time: 0.0341630 seconds
184.894: [GC184.894: [ParNew: 7026K->370K(7424K), 0.0002650 secs] 18045K->11389K(23808K), 0.0002800 secs] [Times: user=0.00 sys=0.00, real=0.00 secs] 
184.894: Total time for which application threads were stopped: 0.0003740 seconds, Stopping threads took: 0.0000490 seconds
184.929: Application time: 0.0343650 seconds
184.929: [GC184.929: [ParNew: 7026K->281K(7424K), 0.0002670 secs] 18045K->11436K(23808K), 0.0002850 secs] [Times: user=0.00 sys=0.00, real=0.00 secs] 
184.929: Total time for which application threads were stopped: 0.0003760 seconds, Stopping threads took: 0.0000450 seconds
184.964: Application time: 0.0347780 seconds
184.964: [GC184.964: [ParNew: 6937K->208K(7424K), 0.0003140 secs] 18092K->11444K(23808K), 0.0003300 secs] [Times: user=0.01 sys=0.00, real=0.00 secs] 
184.964: Total time for which application threads were stopped: 0.0004130 seconds, Stopping threads took: 0.0000380 seconds
184.998: Application time: 0.0340260 seconds
184.998: [GC184.998: [ParNew: 6864K->163K(7424K), 0.0003220 secs] 18100K->11495K(23808K), 0.0003370 secs] [Times: user=0.00 sys=0.00, real=0.00 secs] 
184.999: Total time for which application threads were stopped: 0.0004210 seconds, Stopping threads took: 0.0000400 seconds
185.034: Application time: 0.0356280 seconds
185.035: [GC185.035: [ParNew: 6819K->157K(7424K), 0.0003330 secs] 18151K->11488K(23808K), 0.0003510 secs] [Times: user=0.00 sys=0.00, real=0.00 secs] 
185.035: Total time for which application threads were stopped: 0.0004560 seconds, Stopping threads took: 0.0000600 seconds
185.069: Application time: 0.0338940 seconds
185.069: [GC185.069: [ParNew: 6813K->189K(7424K), 0.0002500 secs] 18144K->11520K(23808K), 0.0002680 secs] [Times: user=0.00 sys=0.00, real=0.00 secs] 
185.069: Total time for which application threads were stopped: 0.0003520 seconds, Stopping threads took: 0.0000360 seconds
185.103: Application time: 0.0343410 seconds
185.104: [GC185.104: [ParNew: 6845K->193K(7424K), 0.0002390 secs] 18176K->11525K(23808K), 0.0002570 secs] [Times: user=0.00 sys=0.00, real=0.00 secs] 
185.104: Total time for which application threads were stopped: 0.0003640 seconds, Stopping threads took: 0.0000520 seconds
185.137: Application time: 0.0332050 seconds
185.137: [GC185.137: [ParNew: 6849K->280K(7424K), 0.0003280 secs] 18181K->11612K(23808K), 0.0003450 secs] [Times: user=0.00 sys=0.00, real=0.00 secs] 
185.137: Total time for which application threads were stopped: 0.0004350 seconds, Stopping threads took: 0.0000440 seconds
185.171: Application time: 0.0330450 seconds
185.171: [GC185.171: [ParNew: 6936K->325K(7424K), 0.0003030 secs] 18268K->11657K(23808K), 0.0003220 secs] [Times: user=0.00 sys=0.00, real=0.00 secs] 
185.171: Total time for which application threads were stopped: 0.0004130 seconds, Stopping threads took: 0.0000420 seconds
185.205: Application time: 0.0336310 seconds
185.205: [GC185.205: [ParNew: 6981K->399K(7424K), 0.0003460 secs] 18313K->11731K(23808K), 0.0003740 secs] [Times: user=0.00 sys=0.00, real=0.00 secs] 
185.205: Total time for which application threads were stopped: 0.0004670 seconds, Stopping threads took: 0.0000450 seconds
185.239: Application time: 0.0342910 seconds
185.239: [GC185.239: [ParNew: 7055K->392K(7424K), 0.0002720 secs] 18387K->11723K(23808K), 0.0002900 secs] [Times: user=0.00 sys=0.00, real=0.00 secs] 
185.240: Total time for which application threads were stopped: 0.0003760 seconds, Stopping threads took: 0.0000380 seconds
185.274: Application time: 0.0345200 seconds
185.274: [GC185.274: [ParNew: 7048K->392K(7424K), 0.0002600 secs] 18379K->11724K(23808K), 0.0002760 secs] [Times: user=0.01 sys=0.00, real=0.00 secs] 
185.275: Total time for which application threads were stopped: 0.0003700 seconds, Stopping threads took: 0.0000480 seconds
185.309: Application time: 0.0342940 seconds
185.309: [GC185.309: [ParNew: 7048K->399K(7424K), 0.0002850 secs] 18380K->11730K(23808K), 0.0003020 secs] [Times: user=0.01 sys=0.00, real=0.00 secs] 
185.309: Total time for which application threads were stopped: 0.0003910 seconds, Stopping threads took: 0.0000410 seconds
185.344: Application time: 0.0345870 seconds
185.344: [GC185.344: [ParNew: 7055K->351K(7424K), 0.0003460 secs] 18386K->11747K(23808K), 0.0003700 secs] [Times: user=0.00 sys=0.00, real=0.00 secs] 
185.344: Total time for which application threads were stopped: 0.0004870 seconds, Stopping threads took: 0.0000550 seconds
185.379: Application time: 0.0343850 seconds
185.379: [GC185.379: [ParNew: 7007K->348K(7424K), 0.0002590 secs] 18403K->11744K(23808K), 0.0002790 secs] [Times: user=0.01 sys=0.00, real=0.00 secs] 
185.379: Total time for which application threads were stopped: 0.0003720 seconds, Stopping threads took: 0.0000400 seconds
185.414: Application time: 0.0346640 seconds
185.414: [GC185.414: [ParNew: 7004K->352K(7424K), 0.0002740 secs] 18400K->11747K(23808K), 0.0002950 secs] [Times: user=0.00 sys=0.00, real=0.01 secs] 
185.414: Total time for which application threads were stopped: 0.0003900 seconds, Stopping threads took: 0.0000450 seconds
185.448: Application time: 0.0340730 seconds
185.448: [GC185.448: [ParNew: 7008K->355K(7424K), 0.0003060 secs] 18403K->11750K(23808K), 0.0003230 secs] [Times: user=0.00 sys=0.00, real=0.00 secs] 
185.449: Total time for which application threads were stopped: 0.0004160 seconds, Stopping threads took: 0.0000480 seconds
185.483: Application time: 0.0340450 seconds
185.483: [GC185.483: [ParNew: 7011K->363K(7424K), 0.0003230 secs] 18406K->11758K(23808K), 0.0003430 secs] [Times: user=0.00 sys=0.00, real=0.00 secs] 
185.483: Total time for which application threads were stopped: 0.0004360 seconds, Stopping threads took: 0.0000460 seconds
185.518: Application time: 0.0345950 seconds
185.518: [GC185.518: [ParNew: 7019K->374K(7424K), 0.0002630 secs] 18414K->11769K(23808K), 0.0002800 secs] [Times: user=0.01 sys=0.00, real=0.00 secs] 
185.518: Total time for which application threads were stopped: 0.0003630 seconds, Stopping threads took: 0.0000360 seconds
185.552: Application time: 0.0340150 seconds
185.552: [GC185.552: [ParNew: 7030K->365K(7424K), 0.0003420 secs] 18425K->11761K(23808K), 0.0003600 secs] [Times: user=0.01 sys=0.00, real=0.00 secs] 
185.553: Total time for which application threads were stopped: 0.0004580 seconds, Stopping threads took: 0.0000510 seconds
185.587: Application time: 0.0341850 seconds
185.587: [GC185.587: [ParNew: 7021K->363K(7424K), 0.0003360 secs] 18417K->11758K(23808K), 0.0003540 secs] [Times: user=0.00 sys=0.00, real=0.00 secs] 
185.587: Total time for which application threads were stopped: 0.0004440 seconds, Stopping threads took: 0.0000410 seconds
185.621: Application time: 0.0342610 seconds
185.622: [GC185.622: [ParNew: 7019K->365K(7424K), 0.0003610 secs] 18414K->11761K(23808K), 0.0003790 secs] [Times: user=0.00 sys=0.00, real=0.00 secs] 
185.622: Total time for which application threads were stopped: 0.0004990 seconds, Stopping threads took: 0.0000530 seconds
185.657: Application time: 0.0346330 seconds
185.657: [GC185.657: [ParNew: 7021K->283K(7424K), 0.0002970 secs] 18417K->11806K(23808K), 0.0003140 secs] [Times: user=0.00 sys=0.00, real=0.00 secs] 
185.657: Total time for which application threads were stopped: 0.0004050 seconds, Stopping threads took: 0.0000430 seconds
185.691: Application time: 0.0342410 seconds
185.691: [GC185.691: [ParNew: 6939K->223K(7424K), 0.0002660 secs] 18462K->11843K(23808K), 0.0002840 secs] [Times: user=0.00 sys=0.00, real=0.00 secs] 
185.692: Total time for which application threads were stopped: 0.0003810 seconds, Stopping threads took: 0.0000480 seconds
185.726: Application time: 0.0342570 seconds
185.726: [GC185.726: [ParNew: 6879K->165K(7424K), 0.0003360 secs] 18499K->11864K(23808K), 0.0003550 secs] [Times: user=0.00 sys=0.00, real=0.00 secs] 
185.726: Total time for which application threads were stopped: 0.0004400 seconds, Stopping threads took: 0.0000380 seconds
185.761: Application time: 0.0343160 seconds
185.761: [GC185.761: [ParNew: 6821K->171K(7424K), 0.0002360 secs] 18520K->11871K(23808K), 0.0002530 secs] [Times: user=0.00 sys=0.00, real=0.00 secs] 
185.761: Total time for which application threads were stopped: 0.0003460 seconds, Stopping threads took: 0.0000470 seconds
185.795: Application time: 0.0340030 seconds
185.795: [GC185.795: [ParNew: 6827K->195K(7424K), 0.0002960 secs] 18527K->11894K(23808K), 0.0003150 secs] [Times: user=0.00 sys=0.00, real=0.00 secs] 
185.795: Total time for which application threads were stopped: 0.0004030 seconds, Stopping threads took: 0.0000380 seconds
185.830: Application time: 0.0343030 seconds
185.830: [GC185.830: [ParNew: 6851K->201K(7424K), 0.0002490 secs] 18550K->11901K(23808K), 0.0002660 secs] [Times: user=0.00 sys=0.00, real=0.00 secs] 
185.830: Total time for which application threads were stopped: 0.0003490 seconds, Stopping threads took: 0.0000380 seconds
185.863: Application time: 0.0329240 seconds
185.866: [GC185.866: [ParNew: 6857K->233K(7424K), 0.0002720 secs] 18557K->11933K(23808K), 0.0002910 secs] [Times: user=0.00 sys=0.00, real=0.00 secs] 
185.866: Total time for which application threads were stopped: 0.0033880 seconds, Stopping threads took: 0.0030460 seconds
185.900: Application time: 0.0336020 seconds
185.900: [GC185.900: [ParNew: 6889K->308K(7424K), 0.0003060 secs] 18589K->12007K(23808K), 0.0003240 secs] [Times: user=0.00 sys=0.00, real=0.00 secs] 
185.900: Total time for which application threads were stopped: 0.0004130 seconds, Stopping threads took: 0.0000430 seconds
185.933: Application time: 0.0327330 seconds
185.933: [GC185.933: [ParNew: 6964K->399K(7424K), 0.0003050 secs] 18663K->12098K(23808K), 0.0003230 secs] [Times: user=0.00 sys=0.00, real=0.00 secs] 
185.934: Total time for which application threads were stopped: 0.0004110 seconds, Stopping threads took: 0.0000420 seconds
185.968: Application time: 0.0343750 seconds
185.968: [GC185.968: [ParNew: 7055K->393K(7424K), 0.0002730 secs] 18754K->12093K(23808K), 0.0002900 secs] [Times: user=0.00 sys=0.00, real=0.00 secs] 
185.968: Total time for which application threads were stopped: 0.0003750 seconds, Stopping threads took: 0.0000370 seconds
186.003: Application time: 0.0346780 seconds
186.003: [GC186.003: [ParNew: 7049K->355K(7424K), 0.0002940 secs] 18749K->12135K(23808K), 0.0003110 secs] [Times: user=0.00 sys=0.00, real=0.00 secs] 
186.003: Total time for which application threads were stopped: 0.0004070 seconds, Stopping threads took: 0.0000510 seconds
186.039: Application time: 0.0355020 seconds
186.039: [GC186.039: [ParNew: 7011K->340K(7424K), 0.0004070 secs] 18791K->12120K(23808K), 0.0004310 secs] [Times: user=0.01 sys=0.00, real=0.00 secs] 
186.039: Total time for which application threads were stopped: 0.0005510 seconds, Stopping threads took: 0.0000600 seconds
186.074: Application time: 0.0341380 seconds
186.074: [GC186.074: [ParNew: 6996K->344K(7424K), 0.0002770 secs] 18776K->12124K(23808K), 0.0003040 secs] [Times: user=0.00 sys=0.00, real=0.00 secs] 
186.074: Total time for which application threads were stopped: 0.0004030 seconds, Stopping threads took: 0.0000510 seconds
186.109: Application time: 0.0345680 seconds
186.109: [GC186.109: [ParNew: 7000K->344K(7424K), 0.0003520 secs] 18780K->12124K(23808K), 0.0003710 secs] [Times: user=0.00 sys=0.00, real=0.00 secs] 
186.109: Total time for which application threads were stopped: 0.0004740 seconds, Stopping threads took: 0.0000530 seconds
186.144: Application time: 0.0345370 seconds
186.144: [GC186.144: [ParNew: 7000K->354K(7424K), 0.0002580 secs] 18780K->12134K(23808K), 0.0002760 secs] [Times: user=0.00 sys=0.00, real=0.00 secs] 
186.144: Total time for which application threads were stopped: 0.0003770 seconds, Stopping threads took: 0.0000420 seconds
186.178: Application time: 0.0340990 seconds
186.178: [GC186.178: [ParNew: 7010K->364K(7424K), 0.0002760 secs] 18790K->12144K(23808K), 0.0002940 secs] [Times: user=0.00 sys=0.00, real=0.00 secs] 
186.178: Total time for which application threads were stopped: 0.0003880 seconds, Stopping threads took: 0.0000470 seconds
186.213: Application time: 0.0345300 seconds
186.213: [GC186.213: [ParNew: 7020K->364K(7424K), 0.0002750 secs] 18800K->12143K(23808K), 0.0002920 secs] [Times: user=0.01 sys=0.00, real=0.00 secs] 
186.213: Total time for which application threads were stopped: 0.0003960 seconds, Stopping threads took: 0.0000580 seconds
186.248: Application time: 0.0341950 seconds
186.248: [GC186.248: [ParNew: 7020K->369K(7424K), 0.0002750 secs] 18799K->12148K(23808K), 0.0002920 secs] [Times: user=0.00 sys=0.00, real=0.00 secs] 
186.248: Total time for which application threads were stopped: 0.0003880 seconds, Stopping threads took: 0.0000490 seconds
186.282: Application time: 0.0338110 seconds
186.282: [GC186.282: [ParNew: 7025K->376K(7424K), 0.0002540 secs] 18804K->12156K(23808K), 0.0002730 secs] [Times: user=0.00 sys=0.00, real=0.01 secs] 
186.282: Total time for which application threads were stopped: 0.0003690 seconds, Stopping threads took: 0.0000470 seconds
186.317: Application time: 0.0345690 seconds
186.317: [GC186.317: [ParNew: 7032K->368K(7424K), 0.0003520 secs] 18812K->12148K(23808K), 0.0003720 secs] [Times: user=0.01 sys=0.00, real=0.00 secs] 
186.317: Total time for which application threads were stopped: 0.0004900 seconds, Stopping threads took: 0.0000550 seconds
186.352: Application time: 0.0343470 seconds
186.352: [GC186.352: [ParNew: 7024K->363K(7424K), 0.0002900 secs] 18804K->12143K(23808K), 0.0003070 secs] [Times: user=0.00 sys=0.00, real=0.00 secs] 
186.352: Total time for which application threads were stopped: 0.0004000 seconds, Stopping threads took: 0.0000440 seconds
186.386: Application time: 0.0342240 seconds
186.386: [GC186.386: [ParNew: 7019K->312K(7424K), 0.0003080 secs] 18799K->12188K(23808K), 0.0003260 secs] [Times: user=0.00 sys=0.00, real=0.00 secs] 
186.387: Total time for which application threads were stopped: 0.0004120 seconds, Stopping threads took: 0.0000370 seconds
186.421: Application time: 0.0344370 seconds
186.421: [GC186.421: [ParNew: 6968K->249K(7424K), 0.0003400 secs] 18844K->12221K(23808K), 0.0003560 secs] [Times: user=0.00 sys=0.00, real=0.00 secs] 
186.421: Total time for which application threads were stopped: 0.0004520 seconds, Stopping threads took: 0.0000510 seconds
186.456: Application time: 0.0340830 seconds
186.456: [GC186.456: [ParNew: 6905K->173K(7424K), 0.0003160 secs] 18877K->12265K(23808K), 0.0003350 secs] [Times: user=0.01 sys=0.00, real=0.00 secs] 
186.456: Total time for which application threads were stopped: 0.0004280 seconds, Stopping threads took: 0.0000480 seconds
186.491: Application time: 0.0346820 seconds
186.491: [GC186.491: [ParNew: 6829K->163K(7424K), 0.0003070 secs] 18921K->12255K(23808K), 0.0003250 secs] [Times: user=0.00 sys=0.00, real=0.00 secs] 
186.491: Total time for which application threads were stopped: 0.0004180 seconds, Stopping threads took: 0.0000450 seconds
186.525: Application time: 0.0342790 seconds
186.525: [GC186.525: [ParNew: 6819K->166K(7424K), 0.0002230 secs] 18911K->12258K(23808K), 0.0002460 secs] [Times: user=0.00 sys=0.00, real=0.00 secs] 
186.526: Total time for which application threads were stopped: 0.0003350 seconds, Stopping threads took: 0.0000450 seconds
186.560: Application time: 0.0341710 seconds
186.560: [GC186.560: [ParNew: 6822K->202K(7424K), 0.0002420 secs] 18914K->12294K(23808K), 0.0002600 secs] [Times: user=0.00 sys=0.00, real=0.00 secs] 
186.560: Total time for which application threads were stopped: 0.0003450 seconds, Stopping threads took: 0.0000380 seconds
186.594: Application time: 0.0335130 seconds
186.594: [GC186.594: [ParNew: 6858K->223K(7424K), 0.0002430 secs] 18950K->12315K(23808K), 0.0002610 secs] [Times: user=0.00 sys=0.00, real=0.01 secs] 
186.594: Total time for which application threads were stopped: 0.0003490 seconds, Stopping threads took: 0.0000430 seconds
186.627: Application time: 0.0331300 seconds
186.627: [GC186.627: [ParNew: 6879K->295K(7424K), 0.0002420 secs] 18971K->12387K(23808K), 0.0002610 secs] [Times: user=0.01 sys=0.00, real=0.00 secs] 
186.628: Total time for which application threads were stopped: 0.0003430 seconds, Stopping threads took: 0.0000360 seconds
186.661: Application time: 0.0334080 seconds
186.661: [GC186.661: [ParNew: 6951K->350K(7424K), 0.0002650 secs] 19043K->12442K(23808K), 0.0002840 secs] [Times: user=0.00 sys=0.00, real=0.00 secs] 
186.661: Total time for which application threads were stopped: 0.0003740 seconds, Stopping threads took: 0.0000310 seconds
186.695: Application time: 0.0340650 seconds
186.696: [GC186.696: [ParNew: 7006K->384K(7424K), 0.0002850 secs] 19098K->12476K(23808K), 0.0003020 secs] [Times: user=0.00 sys=0.00, real=0.00 secs] 
186.696: Total time for which application threads were stopped: 0.0003910 seconds, Stopping threads took: 0.0000420 seconds
186.730: Application time: 0.0343850 seconds
186.730: [GC186.730: [ParNew: 7040K->391K(7424K), 0.0002760 secs] 19132K->12483K(23808K), 0.0002920 secs] [Times: user=0.01 sys=0.00, real=0.00 secs] 
186.731: Total time for which application threads were stopped: 0.0004020 seconds, Stopping threads took: 0.0000610 seconds
186.765: Application time: 0.0345220 seconds
186.765: [GC186.765: [ParNew: 7047K->403K(7424K), 0.0002940 secs] 19139K->12495K(23808K), 0.0003120 secs] [Times: user=0.00 sys=0.00, real=0.00 secs] 
186.766: Total time for which application threads were stopped: 0.0004060 seconds, Stopping threads took: 0.0000480 seconds
186.800: Application time: 0.0345170 seconds
186.800: [GC186.800: [ParNew: 7059K->394K(7424K), 0.0003010 secs] 19151K->12486K(23808K), 0.0003170 secs] [Times: user=0.00 sys=0.00, real=0.00 secs] 
186.800: Total time for which application threads were stopped: 0.0004120 seconds, Stopping threads took: 0.0000490 seconds
186.835: Application time: 0.0341860 seconds
186.835: [GC186.835: [ParNew: 7050K->395K(7424K), 0.0003100 secs] 19142K->12487K(23808K), 0.0003270 secs] [Times: user=0.00 sys=0.00, real=0.00 secs] 
186.835: Total time for which application threads were stopped: 0.0004230 seconds, Stopping threads took: 0.0000500 seconds
186.870: Application time: 0.0345340 seconds
186.870: [GC186.870: [ParNew: 7051K->351K(7424K), 0.0002700 secs] 19143K->12531K(23808K), 0.0002870 secs] [Times: user=0.00 sys=0.00, real=0.00 secs] 
186.870: Total time for which application threads were stopped: 0.0003790 seconds, Stopping threads took: 0.0000450 seconds
186.905: Application time: 0.0345010 seconds
186.905: [GC186.905: [ParNew: 7007K->372K(7424K), 0.0002640 secs] 19187K->12552K(23808K), 0.0002800 secs] [Times: user=0.00 sys=0.00, real=0.00 secs] 
186.905: Total time for which application threads were stopped: 0.0003720 seconds, Stopping threads took: 0.0000460 seconds
186.939: Application time: 0.0341220 seconds
186.939: [GC186.939: [ParNew: 7028K->360K(7424K), 0.0002570 secs] 19208K->12540K(23808K), 0.0002750 secs] [Times: user=0.01 sys=0.00, real=0.00 secs] 
186.939: Total time for which application threads were stopped: 0.0003650 seconds, Stopping threads took: 0.0000440 seconds
186.974: Application time: 0.0342590 seconds
186.974: [GC186.974: [ParNew: 7016K->369K(7424K), 0.0002720 secs] 19196K->12548K(23808K), 0.0002980 secs] [Times: user=0.00 sys=0.00, real=0.00 secs] 
186.974: Total time for which application threads were stopped: 0.0003870 seconds, Stopping threads took: 0.0000410 seconds
187.008: Application time: 0.0341140 seconds
187.008: [GC187.008: [ParNew: 7025K->365K(7424K), 0.0002960 secs] 19204K->12545K(23808K), 0.0003120 secs] [Times: user=0.00 sys=0.00, real=0.00 secs] 
187.009: Total time for which application threads were stopped: 0.0003960 seconds, Stopping threads took: 0.0000390 seconds
187.043: Application time: 0.0345540 seconds
187.043: [GC187.043: [ParNew: 7021K->366K(7424K), 0.0002770 secs] 19201K->12546K(23808K), 0.0002940 secs] [Times: user=0.01 sys=0.00, real=0.00 secs] 
187.043: Total time for which application threads were stopped: 0.0003820 seconds, Stopping threads took: 0.0000430 seconds
187.078: Application time: 0.0342320 seconds
187.078: [GC187.078: [ParNew: 7022K->366K(7424K), 0.0002790 secs] 19202K->12546K(23808K), 0.0002970 secs] [Times: user=0.00 sys=0.00, real=0.00 secs] 
187.078: Total time for which application threads were stopped: 0.0003830 seconds, Stopping threads took: 0.0000390 seconds
187.112: Application time: 0.0343880 seconds
187.113: [GC187.113: [ParNew: 7022K->340K(7424K), 0.0002580 secs] 19202K->12592K(23808K), 0.0002750 secs] [Times: user=0.00 sys=0.00, real=0.00 secs] 
187.113: Total time for which application threads were stopped: 0.0003630 seconds, Stopping threads took: 0.0000410 seconds
187.147: Application time: 0.0344990 seconds
187.147: [GC187.147: [ParNew: 6996K->254K(7424K), 0.0002590 secs] 19248K->12634K(23808K), 0.0002780 secs] [Times: user=0.00 sys=0.00, real=0.00 secs] 
187.148: Total time for which application threads were stopped: 0.0003820 seconds, Stopping threads took: 0.0000540 seconds
187.182: Application time: 0.0342520 seconds
187.182: [GC187.182: [ParNew: 6910K->190K(7424K), 0.0003130 secs] 19290K->12666K(23808K), 0.0003310 secs] [Times: user=0.00 sys=0.00, real=0.00 secs] 
187.182: Total time for which application threads were stopped: 0.0004400 seconds, Stopping threads took: 0.0000540 seconds
187.217: Application time: 0.0344890 seconds
187.217: [GC187.217: [ParNew: 6846K->161K(7424K), 0.0003000 secs] 19322K->12677K(23808K), 0.0003170 secs] [Times: user=0.01 sys=0.00, real=0.00 secs] 
187.217: Total time for which application threads were stopped: 0.0004010 seconds, Stopping threads took: 0.0000370 seconds
187.252: Application time: 0.0343210 seconds
187.252: [GC187.252: [ParNew: 6817K->158K(7424K), 0.0003560 secs] 19333K->12675K(23808K), 0.0003720 secs] [Times: user=0.00 sys=0.00, real=0.00 secs] 
187.252: Total time for which application threads were stopped: 0.0004620 seconds, Stopping threads took: 0.0000460 seconds
187.286: Application time: 0.0338610 seconds
187.286: [GC187.286: [ParNew: 6814K->194K(7424K), 0.0002990 secs] 19331K->12711K(23808K), 0.0003150 secs] [Times: user=0.00 sys=0.00, real=0.00 secs] 
187.286: Total time for which application threads were stopped: 0.0004030 seconds, Stopping threads took: 0.0000400 seconds
187.322: Application time: 0.0354330 seconds
187.322: [GC187.322: [ParNew: 6850K->195K(7424K), 0.0003250 secs] 19367K->12711K(23808K), 0.0003470 secs] [Times: user=0.00 sys=0.00, real=0.01 secs] 
187.322: Total time for which application threads were stopped: 0.0004600 seconds, Stopping threads took: 0.0000520 seconds
187.355: Application time: 0.0327990 seconds
187.355: [GC187.355: [ParNew: 6840K->275K(7424K), 0.0002610 secs] 19356K->12791K(23808K), 0.0002780 secs] [Times: user=0.00 sys=0.00, real=0.00 secs] 
187.355: Total time for which application threads were stopped: 0.0003730 seconds, Stopping threads took: 0.0000450 seconds
187.388: Application time: 0.0327590 seconds
187.390: [GC187.390: [ParNew: 6931K->366K(7424K), 0.0003040 secs] 19447K->12882K(23808K), 0.0003220 secs] [Times: user=0.01 sys=0.00, real=0.00 secs] 
187.390: Total time for which application threads were stopped: 0.0022560 seconds, Stopping threads took: 0.0018870 seconds
187.424: Application time: 0.0339740 seconds
187.424: [GC187.425: [ParNew: 7022K->394K(7424K), 0.0002790 secs] 19538K->12910K(23808K), 0.0003060 secs] [Times: user=0.01 sys=0.00, real=0.00 secs] 
187.425: Total time for which application threads were stopped: 0.0003990 seconds, Stopping threads took: 0.0000460 seconds
187.459: Application time: 0.0344650 seconds
187.459: [GC187.459: [ParNew: 7050K->387K(7424K), 0.0002900 secs] 19566K->12903K(23808K), 0.0003090 secs] [Times: user=0.00 sys=0.00, real=0.00 secs] 
187.460: Total time for which application threads were stopped: 0.0004080 seconds, Stopping threads took: 0.0000510 seconds
187.494: Application time: 0.0341970 seconds
187.494: [GC187.494: [ParNew: 7043K->396K(7424K), 0.0002930 secs] 19559K->12912K(23808K), 0.0003110 secs] [Times: user=0.00 sys=0.00, real=0.01 secs] 
187.494: Total time for which application threads were stopped: 0.0004010 seconds, Stopping threads took: 0.0000430 seconds
187.529: Application time: 0.0344380 seconds
187.530: [GC187.530: [ParNew: 7052K->389K(7424K), 0.0004220 secs] 19568K->12905K(23808K), 0.0004450 secs] [Times: user=0.00 sys=0.00, real=0.00 secs] 
187.531: Total time for which application threads were stopped: 0.0018460 seconds, Stopping threads took: 0.0013420 seconds
187.566: Application time: 0.0353210 seconds
187.566: [GC187.566: [ParNew: 7045K->402K(7424K), 0.0003190 secs] 19561K->12918K(23808K), 0.0003390 secs] [Times: user=0.00 sys=0.00, real=0.00 secs] 
187.566: Total time for which application threads were stopped: 0.0004520 seconds, Stopping threads took: 0.0000580 seconds
187.601: Application time: 0.0342190 seconds
187.601: [GC187.601: [ParNew: 7058K->405K(7424K), 0.0002950 secs] 19574K->12921K(23808K), 0.0003130 secs] [Times: user=0.00 sys=0.00, real=0.00 secs] 
187.601: Total time for which application threads were stopped: 0.0004130 seconds, Stopping threads took: 0.0000520 seconds
187.635: Application time: 0.0342370 seconds
187.635: [GC187.635: [ParNew: 7061K->390K(7424K), 0.0002910 secs] 19577K->12907K(23808K), 0.0003100 secs] [Times: user=0.00 sys=0.00, real=0.00 secs] 
187.636: Total time for which application threads were stopped: 0.0004020 seconds, Stopping threads took: 0.0000460 seconds
187.670: Application time: 0.0345720 seconds
187.670: [GC187.670: [ParNew: 7046K->397K(7424K), 0.0003440 secs] 19563K->12913K(23808K), 0.0003600 secs] [Times: user=0.00 sys=0.00, real=0.00 secs] 
187.671: Total time for which application threads were stopped: 0.0004530 seconds, Stopping threads took: 0.0000460 seconds
187.705: Application time: 0.0341330 seconds
187.705: [GC187.705: [ParNew: 7053K->394K(7424K), 0.0002590 secs] 19569K->12910K(23808K), 0.0002760 secs] [Times: user=0.00 sys=0.00, real=0.00 secs] 
187.705: Total time for which application threads were stopped: 0.0003670 seconds, Stopping threads took: 0.0000360 seconds
187.739: Application time: 0.0340010 seconds
187.739: [GC187.739: [ParNew: 7050K->389K(7424K), 0.0003400 secs] 19566K->12905K(23808K), 0.0003540 secs] [Times: user=0.00 sys=0.00, real=0.00 secs] 
187.740: Total time for which application threads were stopped: 0.0004410 seconds, Stopping threads took: 0.0000440 seconds
187.774: Application time: 0.0342630 seconds
187.774: [GC187.774: [ParNew: 7045K->380K(7424K), 0.0002860 secs] 19561K->12897K(23808K), 0.0003040 secs] [Times: user=0.00 sys=0.00, real=0.01 secs] 
187.774: Total time for which application threads were stopped: 0.0003950 seconds, Stopping threads took: 0.0000430 seconds
187.809: Application time: 0.0342440 seconds
187.809: [GC187.809: [ParNew: 7036K->366K(7424K), 0.0002660 secs] 19553K->12930K(23808K), 0.0002840 secs] [Times: user=0.00 sys=0.00, real=0.00 secs] 
187.809: Total time for which application threads were stopped: 0.0003730 seconds, Stopping threads took: 0.0000440 seconds
187.843: Application time: 0.0345890 seconds
187.844: [GC187.844: [ParNew: 7022K->366K(7424K), 0.0003060 secs] 19586K->12931K(23808K), 0.0003240 secs] [Times: user=0.00 sys=0.00, real=0.00 secs] 
187.844: Total time for which application threads were stopped: 0.0004220 seconds, Stopping threads took: 0.0000420 seconds
187.878: Application time: 0.0342020 seconds
187.878: [GC187.878: [ParNew: 7022K->283K(7424K), 0.0003140 secs] 19587K->12967K(23808K), 0.0003310 secs] [Times: user=0.00 sys=0.00, real=0.00 secs] 
187.879: Total time for which application threads were stopped: 0.0004370 seconds, Stopping threads took: 0.0000590 seconds
187.913: Application time: 0.0343060 seconds
187.913: [GC187.913: [ParNew: 6939K->200K(7424K), 0.0002420 secs] 19623K->13016K(23808K), 0.0002590 secs] [Times: user=0.00 sys=0.00, real=0.00 secs] 
187.913: Total time for which application threads were stopped: 0.0003540 seconds, Stopping threads took: 0.0000480 seconds
187.948: Application time: 0.0345860 seconds
187.948: [GC187.948: [ParNew: 6856K->165K(7424K), 0.0003130 secs] 19672K->13029K(23808K), 0.0003320 secs] [Times: user=0.00 sys=0.00, real=0.00 secs] 
187.948: Total time for which application threads were stopped: 0.0004380 seconds, Stopping threads took: 0.0000590 seconds
187.982: Application time: 0.0342620 seconds
187.983: [GC187.983: [ParNew: 6821K->165K(7424K), 0.0003000 secs] 19685K->13029K(23808K), 0.0003170 secs] [Times: user=0.00 sys=0.00, real=0.00 secs] 
187.983: Total time for which application threads were stopped: 0.0004020 seconds, Stopping threads took: 0.0000380 seconds
188.017: Application time: 0.0338010 seconds
188.017: [GC188.017: [ParNew: 6821K->201K(7424K), 0.0002130 secs] 19685K->13065K(23808K), 0.0002290 secs] [Times: user=0.01 sys=0.00, real=0.00 secs] 
188.017: Total time for which application threads were stopped: 0.0003180 seconds, Stopping threads took: 0.0000410 seconds
188.051: Application time: 0.0343900 seconds
188.051: [GC188.051: [ParNew: 6857K->197K(7424K), 0.0002130 secs] 19721K->13061K(23808K), 0.0002310 secs] [Times: user=0.00 sys=0.00, real=0.00 secs] 
188.052: Total time for which application threads were stopped: 0.0003270 seconds, Stopping threads took: 0.0000480 seconds
188.085: Application time: 0.0329640 seconds
188.085: [GC188.085: [ParNew: 6853K->253K(7424K), 0.0002840 secs] 19717K->13117K(23808K), 0.0003010 secs] [Times: user=0.00 sys=0.00, real=0.00 secs] 
188.085: Total time for which application threads were stopped: 0.0003890 seconds, Stopping threads took: 0.0000410 seconds
188.118: Application time: 0.0329010 seconds
188.118: [GC188.118: [ParNew: 6909K->374K(7424K), 0.0002590 secs] 19773K->13238K(23808K), 0.0002770 secs] [Times: user=0.00 sys=0.00, real=0.00 secs] 
188.118: Total time for which application threads were stopped: 0.0003730 seconds, Stopping threads took: 0.0000460 seconds
188.152: Application time: 0.0337660 seconds
188.152: [GC188.152: [ParNew: 7030K->401K(7424K), 0.0003530 secs] 19894K->13265K(23808K), 0.0003720 secs] [Times: user=0.00 sys=0.00, real=0.00 secs] 
188.153: Total time for which application threads were stopped: 0.0004620 seconds, Stopping threads took: 0.0000420 seconds
188.187: Application time: 0.0343300 seconds
188.187: [GC188.187: [ParNew: 7057K->398K(7424K), 0.0003440 secs] 19921K->13263K(23808K), 0.0003620 secs] [Times: user=0.00 sys=0.00, real=0.00 secs] 
188.187: Total time for which application threads were stopped: 0.0004590 seconds, Stopping threads took: 0.0000500 seconds
188.222: Application time: 0.0347770 seconds
188.222: [GC188.222: [ParNew: 7054K->391K(7424K), 0.0003610 secs] 19919K->13256K(23808K), 0.0003790 secs] [Times: user=0.01 sys=0.00, real=0.00 secs] 
188.223: Total time for which application threads were stopped: 0.0004730 seconds, Stopping threads took: 0.0000370 seconds
188.257: Application time: 0.0342010 seconds
188.257: [GC188.257: [ParNew: 7047K->397K(7424K), 0.0002910 secs] 19912K->13262K(23808K), 0.0003090 secs] [Times: user=0.00 sys=0.00, real=0.00 secs] 
188.257: Total time for which application threads were stopped: 0.0004060 seconds, Stopping threads took: 0.0000480 seconds
188.291: Application time: 0.0341180 seconds
188.291: [GC188.291: [ParNew: 7053K->397K(7424K), 0.0002800 secs] 19918K->13261K(23808K), 0.0003080 secs] [Times: user=0.00 sys=0.00, real=0.00 secs] 
188.292: Total time for which application threads were stopped: 0.0003950 seconds, Stopping threads took: 0.0000390 seconds
188.327: Application time: 0.0348570 seconds
188.327: [GC188.327: [ParNew: 7053K->394K(7424K), 0.0003540 secs] 19917K->13259K(23808K), 0.0003790 secs] [Times: user=0.00 sys=0.00, real=0.00 secs] 
188.327: Total time for which application threads were stopped: 0.0004960 seconds, Stopping threads took: 0.0000550 seconds
188.362: Application time: 0.0347770 seconds
188.362: [GC188.362: [ParNew: 7050K->387K(7424K), 0.0003530 secs] 19915K->13251K(23808K), 0.0003720 secs] [Times: user=0.00 sys=0.00, real=0.01 secs] 
188.362: Total time for which application threads were stopped: 0.0004630 seconds, Stopping threads took: 0.0000400 seconds
188.396: Application time: 0.0341130 seconds
188.397: [GC188.397: [ParNew: 7043K->391K(7424K), 0.0002850 secs] 19907K->13255K(23808K), 0.0003030 secs] [Times: user=0.00 sys=0.00, real=0.00 secs] 
188.397: Total time for which application threads were stopped: 0.0004030 seconds, Stopping threads took: 0.0000490 seconds
188.431: Application time: 0.0344840 seconds
188.431: [GC188.431: [ParNew: 7047K->398K(7424K), 0.0002860 secs] 19911K->13263K(23808K), 0.0003020 secs] [Times: user=0.01 sys=0.00, real=0.00 secs] 
188.432: Total time for which application threads were stopped: 0.0003920 seconds, Stopping threads took: 0.0000420 seconds
188.466: Application time: 0.0339490 seconds
188.466: [GC188.466: [ParNew: 7054K->380K(7424K), 0.0002880 secs] 19919K->13244K(23808K), 0.0003050 secs] [Times: user=0.00 sys=0.00, real=0.00 secs] 
188.466: Total time for which application threads were stopped: 0.0004000 seconds, Stopping threads took: 0.0000480 seconds
188.500: Application time: 0.0341360 seconds
188.500: [GC188.500: [ParNew: 7036K->398K(7424K), 0.0002800 secs] 19900K->13263K(23808K), 0.0002980 secs] [Times: user=0.00 sys=0.00, real=0.00 secs] 
188.501: Total time for which application threads were stopped: 0.0003870 seconds, Stopping threads took: 0.0000440 seconds
188.535: Application time: 0.0340630 seconds
188.535: [GC188.535: [ParNew: 7054K->374K(7424K), 0.0002960 secs] 19919K->13294K(23808K), 0.0003150 secs] [Times: user=0.00 sys=0.00, real=0.00 secs] 
188.535: Total time for which application threads were stopped: 0.0004030 seconds, Stopping threads took: 0.0000430 seconds
188.570: Application time: 0.0344350 seconds
188.570: [GC188.570: [ParNew: 7030K->369K(7424K), 0.0002670 secs] 19950K->13289K(23808K), 0.0002830 secs] [Times: user=0.01 sys=0.00, real=0.00 secs] 
188.570: Total time for which application threads were stopped: 0.0003700 seconds, Stopping threads took: 0.0000400 seconds
188.604: Application time: 0.0341020 seconds
188.604: [GC188.604: [ParNew: 7025K->280K(7424K), 0.0002960 secs] 19945K->13336K(23808K), 0.0003130 secs] [Times: user=0.00 sys=0.00, real=0.00 secs] 
188.604: Total time for which application threads were stopped: 0.0004010 seconds, Stopping threads took: 0.0000450 seconds
188.639: Application time: 0.0345370 seconds
188.639: [GC188.639: [ParNew: 6936K->195K(7424K), 0.0003340 secs] 19992K->13380K(23808K), 0.0003520 secs] [Times: user=0.00 sys=0.00, real=0.00 secs] 
188.639: Total time for which application threads were stopped: 0.0004400 seconds, Stopping threads took: 0.0000410 seconds
188.674: Application time: 0.0346170 seconds
188.674: [GC188.674: [ParNew: 6851K->160K(7424K), 0.0002940 secs] 20036K->13400K(23808K), 0.0003120 secs] [Times: user=0.00 sys=0.00, real=0.00 secs] 
188.674: Total time for which application threads were stopped: 0.0004020 seconds, Stopping threads took: 0.0000420 seconds
188.709: Application time: 0.0341320 seconds
188.709: [GC188.709: [ParNew: 6816K->162K(7424K), 0.0003080 secs] 20056K->13403K(23808K), 0.0003230 secs] [Times: user=0.00 sys=0.00, real=0.00 secs] 
188.709: Total time for which application threads were stopped: 0.0004100 seconds, Stopping threads took: 0.0000440 seconds
188.743: Application time: 0.0345330 seconds
188.744: [GC188.744: [ParNew: 6818K->166K(7424K), 0.0003100 secs] 20059K->13407K(23808K), 0.0003350 secs] [Times: user=0.00 sys=0.00, real=0.00 secs] 
188.744: Total time for which application threads were stopped: 0.0004480 seconds, Stopping threads took: 0.0000550 seconds
188.778: Application time: 0.0340030 seconds
188.778: [GC188.778: [ParNew: 6822K->199K(7424K), 0.0002630 secs] 20063K->13440K(23808K), 0.0002830 secs] [Times: user=0.01 sys=0.00, real=0.00 secs] 
188.778: Total time for which application threads were stopped: 0.0003730 seconds, Stopping threads took: 0.0000460 seconds
188.812: Application time: 0.0333400 seconds
188.812: [GC188.812: [ParNew: 6855K->249K(7424K), 0.0002360 secs] 20096K->13489K(23808K), 0.0002540 secs] [Times: user=0.00 sys=0.00, real=0.00 secs] 
188.812: Total time for which application threads were stopped: 0.0003380 seconds, Stopping threads took: 0.0000380 seconds
188.845: Application time: 0.0328020 seconds
188.845: [GC188.845: [ParNew: 6905K->334K(7424K), 0.0004140 secs] 20145K->13575K(23808K), 0.0004300 secs] [Times: user=0.00 sys=0.00, real=0.00 secs] 
188.845: Total time for which application threads were stopped: 0.0005200 seconds, Stopping threads took: 0.0000430 seconds
188.879: Application time: 0.0336130 seconds
188.879: [GC188.879: [ParNew: 6990K->375K(7424K), 0.0003570 secs] 20231K->13616K(23808K), 0.0003760 secs] [Times: user=0.00 sys=0.00, real=0.00 secs] 
188.879: Total time for which application threads were stopped: 0.0004750 seconds, Stopping threads took: 0.0000490 seconds
188.915: Application time: 0.0351550 seconds
188.915: [GC188.915: [ParNew: 7031K->398K(7424K), 0.0002990 secs] 20272K->13638K(23808K), 0.0003170 secs] [Times: user=0.00 sys=0.00, real=0.00 secs] 
188.915: Total time for which application threads were stopped: 0.0004090 seconds, Stopping threads took: 0.0000440 seconds
188.949: Application time: 0.0340160 seconds
188.949: [GC188.949: [ParNew: 7054K->398K(7424K), 0.0002840 secs] 20294K->13639K(23808K), 0.0003010 secs] [Times: user=0.00 sys=0.00, real=0.00 secs] 
188.949: Total time for which application threads were stopped: 0.0003910 seconds, Stopping threads took: 0.0000450 seconds
188.984: Application time: 0.0343190 seconds
188.984: [GC188.984: [ParNew: 7054K->400K(7424K), 0.0002650 secs] 20295K->13641K(23808K), 0.0002820 secs] [Times: user=0.00 sys=0.00, real=0.00 secs] 
188.984: Total time for which application threads were stopped: 0.0003660 seconds, Stopping threads took: 0.0000370 seconds
189.019: Application time: 0.0346530 seconds
189.019: [GC189.019: [ParNew: 7056K->351K(7424K), 0.0002950 secs] 20297K->13672K(23808K), 0.0003110 secs] [Times: user=0.00 sys=0.00, real=0.00 secs] 
189.019: Total time for which application threads were stopped: 0.0004000 seconds, Stopping threads took: 0.0000430 seconds
189.055: Application time: 0.0354750 seconds
189.055: [GC189.055: [ParNew: 7007K->358K(7424K), 0.0003310 secs] 20328K->13679K(23808K), 0.0003550 secs] [Times: user=0.00 sys=0.00, real=0.00 secs] 
189.055: Total time for which application threads were stopped: 0.0004730 seconds, Stopping threads took: 0.0000610 seconds
189.089: Application time: 0.0341460 seconds
189.089: [GC189.089: [ParNew: 7014K->353K(7424K), 0.0003010 secs] 20335K->13674K(23808K), 0.0003190 secs] [Times: user=0.00 sys=0.00, real=0.00 secs] 
189.090: Total time for which application threads were stopped: 0.0004120 seconds, Stopping threads took: 0.0000440 seconds
189.124: Application time: 0.0344230 seconds
189.124: [GC189.124: [ParNew: 7009K->367K(7424K), 0.0003070 secs] 20330K->13688K(23808K), 0.0003250 secs] [Times: user=0.00 sys=0.00, real=0.00 secs] 
189.124: Total time for which application threads were stopped: 0.0004150 seconds, Stopping threads took: 0.0000450 seconds
189.159: Application time: 0.0342760 seconds
189.159: [GC189.159: [ParNew: 7023K->369K(7424K), 0.0002800 secs] 20344K->13690K(23808K), 0.0002980 secs] [Times: user=0.00 sys=0.00, real=0.00 secs] 
189.159: Total time for which application threads were stopped: 0.0003880 seconds, Stopping threads took: 0.0000410 seconds
189.193: Application time: 0.0342140 seconds
189.193: [GC189.193: [ParNew: 7025K->368K(7424K), 0.0002930 secs] 20346K->13688K(23808K), 0.0003180 secs] [Times: user=0.01 sys=0.00, real=0.00 secs] 
189.194: Total time for which application threads were stopped: 0.0004060 seconds, Stopping threads took: 0.0000420 seconds
189.228: Application time: 0.0340780 seconds
189.228: [GC189.228: [ParNew: 7024K->374K(7424K), 0.0002980 secs] 20344K->13695K(23808K), 0.0003150 secs] [Times: user=0.01 sys=0.00, real=0.00 secs] 
189.228: Total time for which application threads were stopped: 0.0004060 seconds, Stopping threads took: 0.0000440 seconds
189.262: Application time: 0.0342170 seconds
189.263: [GC189.263: [ParNew: 7030K->373K(7424K), 0.0002810 secs] 20351K->13694K(23808K), 0.0002990 secs] [Times: user=0.00 sys=0.00, real=0.00 secs] 
189.263: Total time for which application threads were stopped: 0.0003990 seconds, Stopping threads took: 0.0000420 seconds
189.297: Application time: 0.0345860 seconds
189.298: [GC189.298: [ParNew: 7029K->378K(7424K), 0.0002820 secs] 20350K->13698K(23808K), 0.0002990 secs] [Times: user=0.00 sys=0.00, real=0.00 secs] 
189.298: Total time for which application threads were stopped: 0.0004010 seconds, Stopping threads took: 0.0000540 seconds
189.333: Application time: 0.0346700 seconds
189.333: [GC189.333: [ParNew: 7034K->302K(7424K), 0.0003990 secs] 20354K->13719K(23808K), 0.0004190 secs] [Times: user=0.00 sys=0.00, real=0.00 secs] 
189.333: Total time for which application threads were stopped: 0.0005230 seconds, Stopping threads took: 0.0000470 seconds
189.368: Application time: 0.0344380 seconds
189.368: [GC189.368: [ParNew: 6958K->223K(7424K), 0.0002750 secs] 20375K->13752K(23808K), 0.0002910 secs] [Times: user=0.00 sys=0.00, real=0.00 secs] 
189.368: Total time for which application threads were stopped: 0.0003690 seconds, Stopping threads took: 0.0000340 seconds
189.402: Application time: 0.0343550 seconds
189.402: [GC189.402: [ParNew: 6879K->159K(7424K), 0.0002630 secs] 20408K->13776K(23808K), 0.0002830 secs] [Times: user=0.00 sys=0.00, real=0.00 secs] 
189.403: Total time for which application threads were stopped: 0.0003720 seconds, Stopping threads took: 0.0000430 seconds
189.437: Application time: 0.0343720 seconds
189.437: [GC189.437: [ParNew: 6815K->168K(7424K), 0.0002200 secs] 20432K->13785K(23808K), 0.0002370 secs] [Times: user=0.01 sys=0.00, real=0.00 secs] 
189.437: Total time for which application threads were stopped: 0.0003170 seconds, Stopping threads took: 0.0000370 seconds
189.472: Application time: 0.0344800 seconds
189.472: [GC189.472: [ParNew: 6824K->168K(7424K), 0.0002050 secs] 20441K->13785K(23808K), 0.0002240 secs] [Times: user=0.00 sys=0.00, real=0.00 secs] 
189.472: Total time for which application threads were stopped: 0.0003170 seconds, Stopping threads took: 0.0000470 seconds
189.506: Application time: 0.0339120 seconds
189.506: [GC189.506: [ParNew: 6824K->193K(7424K), 0.0002540 secs] 20441K->13810K(23808K), 0.0002720 secs] [Times: user=0.00 sys=0.00, real=0.00 secs] 
189.506: Total time for which application threads were stopped: 0.0003630 seconds, Stopping threads took: 0.0000440 seconds
189.540: Application time: 0.0336910 seconds
189.540: [GC189.540: [ParNew: 6849K->224K(7424K), 0.0002220 secs] 20466K->13841K(23808K), 0.0002400 secs] [Times: user=0.00 sys=0.00, real=0.00 secs] 
189.540: Total time for which application threads were stopped: 0.0003450 seconds, Stopping threads took: 0.0000600 seconds
189.573: Application time: 0.0323050 seconds
189.573: [GC189.573: [ParNew: 6880K->337K(7424K), 0.0003250 secs] 20497K->13954K(23808K), 0.0003440 secs] [Times: user=0.00 sys=0.00, real=0.00 secs] 
189.573: Total time for which application threads were stopped: 0.0004710 seconds, Stopping threads took: 0.0000780 seconds
189.606: Application time: 0.0331600 seconds
189.606: [GC189.606: [ParNew: 6981K->398K(7424K), 0.0003580 secs] 20598K->14015K(23808K), 0.0003770 secs] [Times: user=0.00 sys=0.00, real=0.00 secs] 
189.607: Total time for which application threads were stopped: 0.0004740 seconds, Stopping threads took: 0.0000500 seconds
189.641: Application time: 0.0345300 seconds
189.641: [GC189.641: [ParNew: 7054K->393K(7424K), 0.0003680 secs] 20671K->14010K(23808K), 0.0003940 secs] [Times: user=0.00 sys=0.00, real=0.00 secs] 
189.642: Total time for which application threads were stopped: 0.0004800 seconds, Stopping threads took: 0.0000400 seconds
189.676: Application time: 0.0343590 seconds
189.676: [GC189.676: [ParNew: 7049K->395K(7424K), 0.0003690 secs] 20666K->14012K(23808K), 0.0003880 secs] [Times: user=0.00 sys=0.00, real=0.00 secs] 
189.677: Total time for which application threads were stopped: 0.0004990 seconds, Stopping threads took: 0.0000640 seconds
189.711: Application time: 0.0342480 seconds
189.711: [GC189.711: [ParNew: 7051K->394K(7424K), 0.0002850 secs] 20668K->14011K(23808K), 0.0003030 secs] [Times: user=0.00 sys=0.00, real=0.00 secs] 
189.711: Total time for which application threads were stopped: 0.0003910 seconds, Stopping threads took: 0.0000420 seconds
189.746: Application time: 0.0343000 seconds
189.746: [GC189.746: [ParNew: 7050K->398K(7424K), 0.0002580 secs] 20667K->14015K(23808K), 0.0002760 secs] [Times: user=0.00 sys=0.00, real=0.00 secs] 
189.746: Total time for which application threads were stopped: 0.0003610 seconds, Stopping threads took: 0.0000390 seconds
189.781: Application time: 0.0345240 seconds
189.781: [GC189.781: [ParNew: 7054K->397K(7424K), 0.0002850 secs] 20671K->14014K(23808K), 0.0003020 secs] [Times: user=0.00 sys=0.00, real=0.00 secs] 
189.781: Total time for which application threads were stopped: 0.0003940 seconds, Stopping threads took: 0.0000370 seconds
189.815: Application time: 0.0341750 seconds
189.815: [GC189.815: [ParNew: 7053K->401K(7424K), 0.0002730 secs] 20670K->14018K(23808K), 0.0002880 secs] [Times: user=0.00 sys=0.00, real=0.00 secs] 
189.815: Total time for which application threads were stopped: 0.0003770 seconds, Stopping threads took: 0.0000450 seconds
189.850: Application time: 0.0345270 seconds
189.850: [GC189.850: [ParNew: 7057K->402K(7424K), 0.0002830 secs] 20674K->14019K(23808K), 0.0003020 secs] [Times: user=0.00 sys=0.00, real=0.00 secs] 
189.850: Total time for which application threads were stopped: 0.0004190 seconds, Stopping threads took: 0.0000700 seconds
189.885: Application time: 0.0344480 seconds
189.885: [GC189.885: [ParNew: 7058K->378K(7424K), 0.0003520 secs] 20675K->13995K(23808K), 0.0003670 secs] [Times: user=0.01 sys=0.00, real=0.00 secs] 
189.885: Total time for which application threads were stopped: 0.0004480 seconds, Stopping threads took: 0.0000350 seconds
189.919: Application time: 0.0341390 seconds
189.920: [GC189.920: [ParNew: 7034K->391K(7424K), 0.0002840 secs] 20651K->14007K(23808K), 0.0003010 secs] [Times: user=0.00 sys=0.00, real=0.00 secs] 
189.920: Total time for which application threads were stopped: 0.0003990 seconds, Stopping threads took: 0.0000510 seconds
189.954: Application time: 0.0340840 seconds
189.954: [GC189.954: [ParNew: 7047K->398K(7424K), 0.0002870 secs] 20663K->14015K(23808K), 0.0003040 secs] [Times: user=0.00 sys=0.00, real=0.00 secs] 
189.954: Total time for which application threads were stopped: 0.0004060 seconds, Stopping threads took: 0.0000510 seconds
189.989: Application time: 0.0344920 seconds
189.989: [GC189.989: [ParNew: 7054K->400K(7424K), 0.0002880 secs] 20671K->14017K(23808K), 0.0003050 secs] [Times: user=0.00 sys=0.00, real=0.00 secs] 
189.989: Total time for which application threads were stopped: 0.0003930 seconds, Stopping threads took: 0.0000410 seconds
190.024: Application time: 0.0343370 seconds
190.024: [GC190.024: [ParNew: 7056K->374K(7424K), 0.0003150 secs] 20673K->14063K(23808K), 0.0003330 secs] [Times: user=0.00 sys=0.00, real=0.00 secs] 
190.024: Total time for which application threads were stopped: 0.0004340 seconds, Stopping threads took: 0.0000510 seconds
190.058: Application time: 0.0343580 seconds
190.058: [GC190.058: [ParNew: 7030K->332K(7424K), 0.0002910 secs] 20719K->14069K(23808K), 0.0003080 secs] [Times: user=0.01 sys=0.00, real=0.00 secs] 
190.059: Total time for which application threads were stopped: 0.0004160 seconds, Stopping threads took: 0.0000530 seconds
190.093: Application time: 0.0344980 seconds
190.093: [GC190.093: [ParNew: 6988K->219K(7424K), 0.0003390 secs] 20725K->14112K(23808K), 0.0003570 secs] [Times: user=0.00 sys=0.00, real=0.00 secs] 
190.094: Total time for which application threads were stopped: 0.0004450 seconds, Stopping threads took: 0.0000410 seconds
190.128: Application time: 0.0344450 seconds
190.128: [GC190.128: [ParNew: 6875K->163K(7424K), 0.0002960 secs] 20768K->14144K(23808K), 0.0003130 secs] [Times: user=0.00 sys=0.00, real=0.00 secs] 
190.129: Total time for which application threads were stopped: 0.0004080 seconds, Stopping threads took: 0.0000480 seconds
190.163: Application time: 0.0347360 seconds
190.163: [GC190.163: [ParNew: 6819K->162K(7424K), 0.0003120 secs] 20800K->14143K(23808K), 0.0003320 secs] [Times: user=0.00 sys=0.00, real=0.00 secs] 
190.164: Total time for which application threads were stopped: 0.0004230 seconds, Stopping threads took: 0.0000420 seconds
190.198: Application time: 0.0345310 seconds
190.198: [GC190.198: [ParNew: 6818K->163K(7424K), 0.0002300 secs] 20799K->14144K(23808K), 0.0002480 secs] [Times: user=0.00 sys=0.00, real=0.00 secs] 
190.199: Total time for which application threads were stopped: 0.0003410 seconds, Stopping threads took: 0.0000450 seconds
190.233: Application time: 0.0340650 seconds
190.234: [GC190.234: [ParNew: 6819K->140K(7424K), 0.0002690 secs] 20800K->14121K(23808K), 0.0002840 secs] [Times: user=0.00 sys=0.00, real=0.00 secs] 
190.234: Total time for which application threads were stopped: 0.0017080 seconds, Stopping threads took: 0.0013780 seconds
190.268: Application time: 0.0336700 seconds
190.268: [GC190.268: [ParNew: 6796K->225K(7424K), 0.0002660 secs] 20777K->14206K(23808K), 0.0002840 secs] [Times: user=0.00 sys=0.00, real=0.00 secs] 
190.268: Total time for which application threads were stopped: 0.0003720 seconds, Stopping threads took: 0.0000400 seconds
190.301: Application time: 0.0327090 seconds
190.301: [GC190.301: [ParNew: 6881K->294K(7424K), 0.0002710 secs] 20862K->14275K(23808K), 0.0002880 secs] [Times: user=0.00 sys=0.00, real=0.00 secs] 
190.302: Total time for which application threads were stopped: 0.0003850 seconds, Stopping threads took: 0.0000400 seconds
190.335: Application time: 0.0336110 seconds
190.335: [GC190.335: [ParNew: 6950K->347K(7424K), 0.0003450 secs] 20931K->14328K(23808K), 0.0003660 secs] [Times: user=0.00 sys=0.00, real=0.00 secs] 
190.336: Total time for which application threads were stopped: 0.0004690 seconds, Stopping threads took: 0.0000440 seconds
190.370: Application time: 0.0340100 seconds
190.370: [GC190.370: [ParNew: 7003K->390K(7424K), 0.0002780 secs] 20984K->14371K(23808K), 0.0002940 secs] [Times: user=0.00 sys=0.00, real=0.00 secs] 
190.370: Total time for which application threads were stopped: 0.0003780 seconds, Stopping threads took: 0.0000390 seconds
190.404: Application time: 0.0342570 seconds
190.404: [GC190.404: [ParNew: 7046K->394K(7424K), 0.0002770 secs] 21027K->14375K(23808K), 0.0002950 secs] [Times: user=0.00 sys=0.00, real=0.00 secs] 
190.405: Total time for which application threads were stopped: 0.0003820 seconds, Stopping threads took: 0.0000410 seconds
190.439: Application time: 0.0342060 seconds
190.439: [GC190.439: [ParNew: 7050K->397K(7424K), 0.0002580 secs] 21031K->14378K(23808K), 0.0002770 secs] [Times: user=0.01 sys=0.00, real=0.00 secs] 
190.439: Total time for which application threads were stopped: 0.0003680 seconds, Stopping threads took: 0.0000470 seconds
190.474: Application time: 0.0347540 seconds
190.474: [GC190.474: [ParNew: 7053K->390K(7424K), 0.0002930 secs] 21034K->14371K(23808K), 0.0003110 secs] [Times: user=0.00 sys=0.00, real=0.00 secs] 
190.474: Total time for which application threads were stopped: 0.0004040 seconds, Stopping threads took: 0.0000440 seconds
190.509: Application time: 0.0343260 seconds
190.509: [GC190.509: [ParNew: 7046K->394K(7424K), 0.0002670 secs] 21027K->14375K(23808K), 0.0002940 secs] [Times: user=0.00 sys=0.00, real=0.00 secs] 
190.509: Total time for which application threads were stopped: 0.0003840 seconds, Stopping threads took: 0.0000430 seconds
190.543: Application time: 0.0342170 seconds
190.543: [GC190.543: [ParNew: 7050K->403K(7424K), 0.0002870 secs] 21031K->14384K(23808K), 0.0003050 secs] [Times: user=0.01 sys=0.00, real=0.00 secs] 
190.544: Total time for which application threads were stopped: 0.0003940 seconds, Stopping threads took: 0.0000410 seconds
190.579: Application time: 0.0357670 seconds
190.580: [GC190.580: [ParNew: 7059K->308K(7424K), 0.0004220 secs] 21040K->14409K(23808K), 0.0004440 secs] [Times: user=0.01 sys=0.00, real=0.00 secs] 
190.580: Total time for which application threads were stopped: 0.0005600 seconds, Stopping threads took: 0.0000600 seconds
190.614: Application time: 0.0342390 seconds
190.614: [GC190.614: [ParNew: 6964K->325K(7424K), 0.0002800 secs] 21065K->14427K(23808K), 0.0002990 secs] [Times: user=0.00 sys=0.00, real=0.00 secs] 
190.615: Total time for which application threads were stopped: 0.0003990 seconds, Stopping threads took: 0.0000510 seconds
190.649: Application time: 0.0345010 seconds
190.649: [GC190.649: [ParNew: 6981K->335K(7424K), 0.0003340 secs] 21083K->14436K(23808K), 0.0003510 secs] [Times: user=0.00 sys=0.00, real=0.00 secs] 
190.650: Total time for which application threads were stopped: 0.0004390 seconds, Stopping threads took: 0.0000450 seconds
190.684: Application time: 0.0340420 seconds
190.684: [GC190.684: [ParNew: 6991K->334K(7424K), 0.0003340 secs] 21092K->14435K(23808K), 0.0003520 secs] [Times: user=0.00 sys=0.00, real=0.00 secs] 
190.684: Total time for which application threads were stopped: 0.0004380 seconds, Stopping threads took: 0.0000390 seconds
190.718: Application time: 0.0341000 seconds
190.718: [GC190.718: [ParNew: 6990K->332K(7424K), 0.0003640 secs] 21091K->14433K(23808K), 0.0003830 secs] [Times: user=0.00 sys=0.00, real=0.00 secs] 
190.719: Total time for which application threads were stopped: 0.0004860 seconds, Stopping threads took: 0.0000520 seconds
190.753: Application time: 0.0345820 seconds
190.753: [GC190.753: [ParNew: 6988K->337K(7424K), 0.0002740 secs] 21089K->14438K(23808K), 0.0002910 secs] [Times: user=0.00 sys=0.00, real=0.00 secs] 
190.754: Total time for which application threads were stopped: 0.0003760 seconds, Stopping threads took: 0.0000370 seconds
190.788: Application time: 0.0344240 seconds
190.788: [GC190.788: [ParNew: 6993K->344K(7424K), 0.0002610 secs] 21094K->14445K(23808K), 0.0002790 secs] [Times: user=0.00 sys=0.00, real=0.00 secs] 
190.788: Total time for which application threads were stopped: 0.0003740 seconds, Stopping threads took: 0.0000460 seconds
190.823: Application time: 0.0342210 seconds
190.823: [GC190.823: [ParNew: 7000K->248K(7424K), 0.0002810 secs] 21101K->14486K(23808K), 0.0002990 secs] [Times: user=0.00 sys=0.00, real=0.00 secs] 
190.823: Total time for which application threads were stopped: 0.0003900 seconds, Stopping threads took: 0.0000380 seconds
190.857: Application time: 0.0342570 seconds
190.857: [GC190.857: [ParNew: 6904K->192K(7424K), 0.0003190 secs] 21142K->14509K(23808K), 0.0003360 secs] [Times: user=0.00 sys=0.00, real=0.00 secs] 
190.858: Total time for which application threads were stopped: 0.0004210 seconds, Stopping threads took: 0.0000390 seconds
190.892: Application time: 0.0346450 seconds
190.892: [GC190.892: [ParNew: 6848K->170K(7424K), 0.0002490 secs] 21165K->14536K(23808K), 0.0002650 secs] [Times: user=0.00 sys=0.00, real=0.00 secs] 
190.893: Total time for which application threads were stopped: 0.0003500 seconds, Stopping threads took: 0.0000370 seconds
190.927: Application time: 0.0343490 seconds
190.927: [GC190.927: [ParNew: 6826K->165K(7424K), 0.0002280 secs] 21192K->14530K(23808K), 0.0002460 secs] [Times: user=0.00 sys=0.00, real=0.00 secs] 
190.927: Total time for which application threads were stopped: 0.0003350 seconds, Stopping threads took: 0.0000410 seconds
190.962: Application time: 0.0347280 seconds
190.962: [GC190.962: [ParNew: 6821K->162K(7424K), 0.0002240 secs] 21186K->14527K(23808K), 0.0002500 secs] [Times: user=0.00 sys=0.00, real=0.00 secs] 
190.963: Total time for which application threads were stopped: 0.0003410 seconds, Stopping threads took: 0.0000420 seconds
190.996: Application time: 0.0331060 seconds
190.998: [GC190.998: [ParNew: 6818K->223K(7424K), 0.0002410 secs] 21183K->14588K(23808K), 0.0002590 secs] [Times: user=0.00 sys=0.00, real=0.00 secs] 
190.998: Total time for which application threads were stopped: 0.0027650 seconds, Stopping threads took: 0.0024570 seconds
191.032: Application time: 0.0335710 seconds
191.032: [GC191.032: [ParNew: 6879K->280K(7424K), 0.0003430 secs] 21244K->14645K(23808K), 0.0003630 secs] [Times: user=0.00 sys=0.00, real=0.00 secs] 
191.032: Total time for which application threads were stopped: 0.0004920 seconds, Stopping threads took: 0.0000810 seconds
191.065: Application time: 0.0328430 seconds
191.065: [GC191.065: [ParNew: 6936K->370K(7424K), 0.0002850 secs] 21301K->14735K(23808K), 0.0003040 secs] [Times: user=0.00 sys=0.00, real=0.00 secs] 
191.066: Total time for which application threads were stopped: 0.0003860 seconds, Stopping threads took: 0.0000350 seconds
191.100: Application time: 0.0338720 seconds
191.100: [GC191.100: [ParNew: 7026K->397K(7424K), 0.0003110 secs] 21391K->14762K(23808K), 0.0003280 secs] [Times: user=0.00 sys=0.00, real=0.00 secs] 
191.100: Total time for which application threads were stopped: 0.0004140 seconds, Stopping threads took: 0.0000430 seconds
191.134: Application time: 0.0340660 seconds
191.134: [GC191.134: [ParNew: 7053K->395K(7424K), 0.0002720 secs] 21418K->14760K(23808K), 0.0002900 secs] [Times: user=0.00 sys=0.00, real=0.00 secs] 
191.134: Total time for which application threads were stopped: 0.0003760 seconds, Stopping threads took: 0.0000390 seconds
191.169: Application time: 0.0346460 seconds
191.169: [GC191.169: [ParNew: 7051K->392K(7424K), 0.0002720 secs] 21416K->14758K(23808K), 0.0002890 secs] [Times: user=0.00 sys=0.00, real=0.00 secs] 
191.169: Total time for which application threads were stopped: 0.0003820 seconds, Stopping threads took: 0.0000460 seconds
191.204: Application time: 0.0341990 seconds
191.204: [GC191.204: [ParNew: 7048K->398K(7424K), 0.0002800 secs] 21414K->14763K(23808K), 0.0002980 secs] [Times: user=0.00 sys=0.00, real=0.00 secs] 
191.204: Total time for which application threads were stopped: 0.0003850 seconds, Stopping threads took: 0.0000400 seconds
191.239: Application time: 0.0349640 seconds
191.239: [GC191.239: [ParNew: 7054K->311K(7424K), 0.0003270 secs] 21419K->14805K(23808K), 0.0003450 secs] [Times: user=0.00 sys=0.00, real=0.00 secs] 
191.239: Total time for which application threads were stopped: 0.0004340 seconds, Stopping threads took: 0.0000420 seconds
191.274: Application time: 0.0343930 seconds
191.274: [GC191.274: [ParNew: 6967K->313K(7424K), 0.0002770 secs] 21461K->14807K(23808K), 0.0002940 secs] [Times: user=0.00 sys=0.00, real=0.01 secs] 
191.274: Total time for which application threads were stopped: 0.0003880 seconds, Stopping threads took: 0.0000480 seconds
191.308: Application time: 0.0342710 seconds
191.309: [GC191.309: [ParNew: 6969K->304K(7424K), 0.0002460 secs] 21463K->14798K(23808K), 0.0002620 secs] [Times: user=0.00 sys=0.00, real=0.00 secs] 
191.309: Total time for which application threads were stopped: 0.0003530 seconds, Stopping threads took: 0.0000470 seconds
191.344: Application time: 0.0346890 seconds
191.344: [GC191.344: [ParNew: 6960K->304K(7424K), 0.0004090 secs] 21454K->14798K(23808K), 0.0004350 secs] [Times: user=0.01 sys=0.00, real=0.00 secs] 
191.344: Total time for which application threads were stopped: 0.0005600 seconds, Stopping threads took: 0.0000540 seconds
191.378: Application time: 0.0341460 seconds
191.378: [GC191.378: [ParNew: 6960K->342K(7424K), 0.0002910 secs] 21454K->14836K(23808K), 0.0003100 secs] [Times: user=0.00 sys=0.00, real=0.00 secs] 
191.379: Total time for which application threads were stopped: 0.0004130 seconds, Stopping threads took: 0.0000510 seconds
191.413: Application time: 0.0340160 seconds
191.413: [GC191.413: [ParNew: 6998K->337K(7424K), 0.0003100 secs] 21492K->14830K(23808K), 0.0003360 secs] [Times: user=0.00 sys=0.00, real=0.00 secs] 
191.413: Total time for which application threads were stopped: 0.0004240 seconds, Stopping threads took: 0.0000380 seconds
191.447: Application time: 0.0340940 seconds
191.447: [GC191.447: [ParNew: 6993K->322K(7424K), 0.0003370 secs] 21486K->14816K(23808K), 0.0003550 secs] [Times: user=0.00 sys=0.00, real=0.00 secs] 
191.448: Total time for which application threads were stopped: 0.0004470 seconds, Stopping threads took: 0.0000430 seconds
191.482: Application time: 0.0344550 seconds
191.482: [GC191.482: [ParNew: 6978K->341K(7424K), 0.0002900 secs] 21472K->14835K(23808K), 0.0003090 secs] [Times: user=0.01 sys=0.00, real=0.00 secs] 
191.483: Total time for which application threads were stopped: 0.0004070 seconds, Stopping threads took: 0.0000500 seconds
191.517: Application time: 0.0346000 seconds
191.517: [GC191.517: [ParNew: 6997K->336K(7424K), 0.0002780 secs] 21491K->14830K(23808K), 0.0002970 secs] [Times: user=0.00 sys=0.00, real=0.00 secs] 
191.518: Total time for which application threads were stopped: 0.0003960 seconds, Stopping threads took: 0.0000510 seconds
191.552: Application time: 0.0341590 seconds
191.552: [GC191.552: [ParNew: 6992K->271K(7424K), 0.0002660 secs] 21486K->14861K(23808K), 0.0002830 secs] [Times: user=0.00 sys=0.00, real=0.00 secs] 
191.552: Total time for which application threads were stopped: 0.0003710 seconds, Stopping threads took: 0.0000420 seconds
191.587: Application time: 0.0345440 seconds
191.587: [GC191.587: [ParNew: 6927K->190K(7424K), 0.0002410 secs] 21517K->14900K(23808K), 0.0002590 secs] [Times: user=0.00 sys=0.00, real=0.00 secs] 
191.587: Total time for which application threads were stopped: 0.0003560 seconds, Stopping threads took: 0.0000500 seconds
191.622: Application time: 0.0346250 seconds
191.622: [GC191.622: [ParNew: 6846K->159K(7424K), 0.0003180 secs] 21556K->14917K(23808K), 0.0003360 secs] [Times: user=0.00 sys=0.00, real=0.00 secs] 
191.622: Total time for which application threads were stopped: 0.0004280 seconds, Stopping threads took: 0.0000440 seconds
191.656: Application time: 0.0344600 seconds
191.657: [GC191.657: [ParNew: 6815K->168K(7424K), 0.0002280 secs] 21573K->14926K(23808K), 0.0002480 secs] [Times: user=0.00 sys=0.00, real=0.00 secs] 
191.657: Total time for which application threads were stopped: 0.0003630 seconds, Stopping threads took: 0.0000660 seconds
191.691: Application time: 0.0341610 seconds
191.691: [GC191.691: [ParNew: 6824K->170K(7424K), 0.0002260 secs] 21582K->14928K(23808K), 0.0002440 secs] [Times: user=0.00 sys=0.00, real=0.00 secs] 
191.691: Total time for which application threads were stopped: 0.0003400 seconds, Stopping threads took: 0.0000480 seconds
191.725: Application time: 0.0334380 seconds
191.725: [GC191.725: [ParNew: 6826K->226K(7424K), 0.0002570 secs] 21584K->14984K(23808K), 0.0002750 secs] [Times: user=0.00 sys=0.00, real=0.00 secs] 
191.725: Total time for which application threads were stopped: 0.0003730 seconds, Stopping threads took: 0.0000490 seconds
191.759: Application time: 0.0335860 seconds
191.759: [GC191.759: [ParNew: 6882K->266K(7424K), 0.0002450 secs] 21640K->15024K(23808K), 0.0002640 secs] [Times: user=0.00 sys=0.00, real=0.00 secs] 
191.759: Total time for which application threads were stopped: 0.0003990 seconds, Stopping threads took: 0.0000840 seconds
191.792: Application time: 0.0326720 seconds
191.792: [GC191.792: [ParNew: 6922K->362K(7424K), 0.0002800 secs] 21680K->15120K(23808K), 0.0002990 secs] [Times: user=0.00 sys=0.00, real=0.00 secs] 
191.792: Total time for which application threads were stopped: 0.0003950 seconds, Stopping threads took: 0.0000470 seconds
191.826: Application time: 0.0340800 seconds
191.826: [GC191.826: [ParNew: 7018K->396K(7424K), 0.0002950 secs] 21776K->15153K(23808K), 0.0003130 secs] [Times: user=0.01 sys=0.00, real=0.00 secs] 
191.827: Total time for which application threads were stopped: 0.0004040 seconds, Stopping threads took: 0.0000420 seconds
191.861: Application time: 0.0341320 seconds
191.861: [GC191.861: [ParNew: 7052K->396K(7424K), 0.0003100 secs] 21809K->15153K(23808K), 0.0003360 secs] [Times: user=0.00 sys=0.00, real=0.00 secs] 
191.861: Total time for which application threads were stopped: 0.0004370 seconds, Stopping threads took: 0.0000430 seconds
191.896: Application time: 0.0346080 seconds
191.896: [GC191.896: [ParNew: 7052K->398K(7424K), 0.0002750 secs] 21809K->15156K(23808K), 0.0002910 secs] [Times: user=0.00 sys=0.00, real=0.00 secs] 
191.896: Total time for which application threads were stopped: 0.0003760 seconds, Stopping threads took: 0.0000400 seconds
191.931: Application time: 0.0346120 seconds
191.931: [GC191.931: [ParNew: 7054K->394K(7424K), 0.0002620 secs] 21812K->15151K(23808K), 0.0002790 secs] [Times: user=0.00 sys=0.00, real=0.00 secs] 
191.931: Total time for which application threads were stopped: 0.0003670 seconds, Stopping threads took: 0.0000430 seconds
191.965: Application time: 0.0342370 seconds
191.966: [GC191.966: [ParNew: 7050K->398K(7424K), 0.0003530 secs] 21807K->15156K(23808K), 0.0003700 secs] [Times: user=0.00 sys=0.00, real=0.00 secs] 
191.966: Total time for which application threads were stopped: 0.0004600 seconds, Stopping threads took: 0.0000450 seconds
192.000: Application time: 0.0345610 seconds
192.001: [GC192.001: [ParNew: 7054K->397K(7424K), 0.0002650 secs] 21812K->15155K(23808K), 0.0002840 secs] [Times: user=0.01 sys=0.00, real=0.00 secs] 
192.001: Total time for which application threads were stopped: 0.0003750 seconds, Stopping threads took: 0.0000440 seconds
192.035: Application time: 0.0343330 seconds
192.035: [GC192.035: [ParNew: 7053K->395K(7424K), 0.0002950 secs] 21811K->15153K(23808K), 0.0003120 secs] [Times: user=0.00 sys=0.00, real=0.00 secs] 
192.036: Total time for which application threads were stopped: 0.0004030 seconds, Stopping threads took: 0.0000450 seconds
192.071: Application time: 0.0354320 seconds
192.071: [GC192.071: [ParNew: 7051K->395K(7424K), 0.0004170 secs] 21809K->15153K(23808K), 0.0004410 secs] [Times: user=0.00 sys=0.00, real=0.00 secs] 
192.072: Total time for which application threads were stopped: 0.0005620 seconds, Stopping threads took: 0.0000590 seconds
192.106: Application time: 0.0343030 seconds
192.106: [GC192.106: [ParNew: 7051K->400K(7424K), 0.0003640 secs] 21809K->15158K(23808K), 0.0003820 secs] [Times: user=0.00 sys=0.00, real=0.00 secs] 
192.106: Total time for which application threads were stopped: 0.0004870 seconds, Stopping threads took: 0.0000560 seconds
192.141: Application time: 0.0342110 seconds
192.141: [GC192.141: [ParNew: 7056K->390K(7424K), 0.0002690 secs] 21814K->15148K(23808K), 0.0002860 secs] [Times: user=0.00 sys=0.00, real=0.00 secs] 
192.141: Total time for which application threads were stopped: 0.0003820 seconds, Stopping threads took: 0.0000470 seconds
192.175: Application time: 0.0340280 seconds
192.175: [GC192.175: [ParNew: 7046K->393K(7424K), 0.0002990 secs] 21804K->15151K(23808K), 0.0003150 secs] [Times: user=0.01 sys=0.00, real=0.00 secs] 
192.175: Total time for which application threads were stopped: 0.0004170 seconds, Stopping threads took: 0.0000550 seconds
192.210: Application time: 0.0346620 seconds
192.210: [GC192.210: [ParNew: 7049K->391K(7424K), 0.0002840 secs] 21807K->15149K(23808K), 0.0003000 secs] [Times: user=0.00 sys=0.00, real=0.00 secs] 
192.210: Total time for which application threads were stopped: 0.0003850 seconds, Stopping threads took: 0.0000390 seconds
192.245: Application time: 0.0340710 seconds
192.245: [GC192.245: [ParNew: 7047K->328K(7424K), 0.0003070 secs] 21805K->15182K(23808K), 0.0003260 secs] [Times: user=0.00 sys=0.00, real=0.00 secs] 
192.245: Total time for which application threads were stopped: 0.0004280 seconds, Stopping threads took: 0.0000550 seconds
192.280: Application time: 0.0345600 seconds
192.280: [GC192.280: [ParNew: 6984K->277K(7424K), 0.0002650 secs] 21838K->15226K(23808K), 0.0002820 secs] [Times: user=0.01 sys=0.00, real=0.00 secs] 
192.280: Total time for which application threads were stopped: 0.0003770 seconds, Stopping threads took: 0.0000410 seconds
192.315: Application time: 0.0346170 seconds
192.315: [GC192.315: [ParNew: 6933K->195K(7424K), 0.0003920 secs] 21882K->15265K(23808K), 0.0004160 secs] [Times: user=0.00 sys=0.00, real=0.00 secs] 
192.315: Total time for which application threads were stopped: 0.0005380 seconds, Stopping threads took: 0.0000580 seconds
192.349: Application time: 0.0343830 seconds
192.350: [GC192.350: [ParNew: 6851K->168K(7424K), 0.0002520 secs] 21921K->15294K(23808K), 0.0002730 secs] [Times: user=0.00 sys=0.00, real=0.00 secs] 
192.350: Total time for which application threads were stopped: 0.0003670 seconds, Stopping threads took: 0.0000400 seconds
192.384: Application time: 0.0344940 seconds
192.384: [GC192.384: [ParNew: 6824K->166K(7424K), 0.0002290 secs] 21950K->15292K(23808K), 0.0002450 secs] [Times: user=0.00 sys=0.00, real=0.00 secs] 
192.385: Total time for which application threads were stopped: 0.0003580 seconds, Stopping threads took: 0.0000560 seconds
192.419: Application time: 0.0345320 seconds
192.419: [GC192.419: [ParNew: 6822K->161K(7424K), 0.0003150 secs] 21948K->15287K(23808K), 0.0003320 secs] [Times: user=0.00 sys=0.00, real=0.00 secs] 
192.420: Total time for which application threads were stopped: 0.0004180 seconds, Stopping threads took: 0.0000420 seconds
192.454: Application time: 0.0339210 seconds
192.454: [GC192.454: [ParNew: 6817K->189K(7424K), 0.0002140 secs] 21943K->15315K(23808K), 0.0002320 secs] [Times: user=0.01 sys=0.00, real=0.00 secs] 
192.454: Total time for which application threads were stopped: 0.0003190 seconds, Stopping threads took: 0.0000420 seconds
192.487: Application time: 0.0327410 seconds
192.487: [GC192.487: [ParNew: 6845K->273K(7424K), 0.0002470 secs] 21971K->15399K(23808K), 0.0002650 secs] [Times: user=0.00 sys=0.00, real=0.00 secs] 
192.487: Total time for which application threads were stopped: 0.0003500 seconds, Stopping threads took: 0.0000370 seconds
192.521: Application time: 0.0338890 seconds
192.521: [GC192.521: [ParNew: 6929K->306K(7424K), 0.0002530 secs] 22055K->15432K(23808K), 0.0002700 secs] [Times: user=0.00 sys=0.00, real=0.00 secs] 
192.521: Total time for which application threads were stopped: 0.0003570 seconds, Stopping threads took: 0.0000420 seconds
192.555: Application time: 0.0336100 seconds
192.555: [GC192.555: [ParNew: 6962K->364K(7424K), 0.0002900 secs] 22088K->15490K(23808K), 0.0003050 secs] [Times: user=0.00 sys=0.00, real=0.00 secs] 
192.555: Total time for which application threads were stopped: 0.0004030 seconds, Stopping threads took: 0.0000510 seconds
192.589: Application time: 0.0338050 seconds
192.589: [GC192.589: [ParNew: 7020K->392K(7424K), 0.0003260 secs] 22146K->15518K(23808K), 0.0003460 secs] [Times: user=0.00 sys=0.00, real=0.00 secs] 
192.589: Total time for which application threads were stopped: 0.0004300 seconds, Stopping threads took: 0.0000360 seconds
192.624: Application time: 0.0343400 seconds
192.624: [GC192.624: [ParNew: 7048K->394K(7424K), 0.0003260 secs] 22174K->15520K(23808K), 0.0003430 secs] [Times: user=0.00 sys=0.00, real=0.00 secs] 
192.624: Total time for which application threads were stopped: 0.0004490 seconds, Stopping threads took: 0.0000590 seconds
192.659: Application time: 0.0342790 seconds
192.659: [GC192.659: [ParNew: 7050K->398K(7424K), 0.0002910 secs] 22176K->15524K(23808K), 0.0003080 secs] [Times: user=0.01 sys=0.00, real=0.00 secs] 
192.659: Total time for which application threads were stopped: 0.0004070 seconds, Stopping threads took: 0.0000520 seconds
192.693: Application time: 0.0343870 seconds
192.693: [GC192.693: [ParNew: 7054K->401K(7424K), 0.0003040 secs] 22180K->15527K(23808K), 0.0003220 secs] [Times: user=0.00 sys=0.00, real=0.00 secs] 
192.694: Total time for which application threads were stopped: 0.0004140 seconds, Stopping threads took: 0.0000450 seconds
192.728: Application time: 0.0343850 seconds
192.728: [GC192.728: [ParNew: 7057K->397K(7424K), 0.0002990 secs] 22183K->15523K(23808K), 0.0003260 secs] [Times: user=0.00 sys=0.00, real=0.00 secs] 
192.729: Total time for which application threads were stopped: 0.0004250 seconds, Stopping threads took: 0.0000500 seconds
192.763: Application time: 0.0341970 seconds
192.763: [GC192.763: [ParNew: 7053K->399K(7424K), 0.0002850 secs] 22179K->15525K(23808K), 0.0003020 secs] [Times: user=0.01 sys=0.00, real=0.00 secs] 
192.763: Total time for which application threads were stopped: 0.0004020 seconds, Stopping threads took: 0.0000510 seconds
192.797: Application time: 0.0343080 seconds
192.798: [GC192.798: [ParNew: 7055K->398K(7424K), 0.0002830 secs] 22181K->15524K(23808K), 0.0003020 secs] [Times: user=0.00 sys=0.00, real=0.00 secs] 
192.798: Total time for which application threads were stopped: 0.0003850 seconds, Stopping threads took: 0.0000390 seconds
192.832: Application time: 0.0343540 seconds
192.832: [GC192.832: [ParNew: 7054K->406K(7424K), 0.0002910 secs] 22180K->15532K(23808K), 0.0003080 secs] [Times: user=0.00 sys=0.00, real=0.00 secs] 
192.833: Total time for which application threads were stopped: 0.0003990 seconds, Stopping threads took: 0.0000450 seconds
192.867: Application time: 0.0341340 seconds
192.867: [GC192.867: [ParNew: 7062K->376K(7424K), 0.0002950 secs] 22188K->15502K(23808K), 0.0003120 secs] [Times: user=0.00 sys=0.00, real=0.00 secs] 
192.867: Total time for which application threads were stopped: 0.0003960 seconds, Stopping threads took: 0.0000390 seconds
192.901: Application time: 0.0341960 seconds
192.901: [GC192.901: [ParNew: 7032K->396K(7424K), 0.0002750 secs] 22158K->15522K(23808K), 0.0002930 secs] [Times: user=0.00 sys=0.00, real=0.00 secs] 
192.902: Total time for which application threads were stopped: 0.0003990 seconds, Stopping threads took: 0.0000500 seconds
192.936: Application time: 0.0340750 seconds
192.936: [GC192.936: [ParNew: 7052K->391K(7424K), 0.0003430 secs] 22178K->15517K(23808K), 0.0003600 secs] [Times: user=0.01 sys=0.00, real=0.00 secs] 
192.936: Total time for which application threads were stopped: 0.0004640 seconds, Stopping threads took: 0.0000590 seconds
192.971: Application time: 0.0342660 seconds
192.971: [GC192.971: [ParNew: 7047K->367K(7424K), 0.0003460 secs] 22173K->15557K(23808K), 0.0003610 secs] [Times: user=0.00 sys=0.00, real=0.00 secs] 
192.971: Total time for which application threads were stopped: 0.0004450 seconds, Stopping threads took: 0.0000390 seconds
193.006: Application time: 0.0346950 seconds
193.006: [GC193.006: [ParNew: 7023K->284K(7424K), 0.0002700 secs] 22213K->15595K(23808K), 0.0002890 secs] [Times: user=0.00 sys=0.00, real=0.00 secs] 
193.006: Total time for which application threads were stopped: 0.0003820 seconds, Stopping threads took: 0.0000460 seconds
193.040: Application time: 0.0340750 seconds
193.040: [GC193.040: [ParNew: 6940K->251K(7424K), 0.0002580 secs] 22251K->15625K(23808K), 0.0002750 secs] [Times: user=0.00 sys=0.00, real=0.00 secs] 
193.041: Total time for which application threads were stopped: 0.0003640 seconds, Stopping threads took: 0.0000440 seconds
193.075: Application time: 0.0345830 seconds
193.075: [GC193.075: [ParNew: 6907K->194K(7424K), 0.0003160 secs] 22281K->15656K(23808K), 0.0003340 secs] [Times: user=0.00 sys=0.00, real=0.00 secs] 
193.076: Total time for which application threads were stopped: 0.0004220 seconds, Stopping threads took: 0.0000410 seconds
193.110: Application time: 0.0342910 seconds
193.110: [GC193.110: [ParNew: 6850K->166K(7424K), 0.0002320 secs] 22312K->15684K(23808K), 0.0002490 secs] [Times: user=0.01 sys=0.00, real=0.00 secs] 
193.110: Total time for which application threads were stopped: 0.0003320 seconds, Stopping threads took: 0.0000360 seconds
193.144: Application time: 0.0343200 seconds
193.145: [GC193.145: [ParNew: 6822K->166K(7424K), 0.0002860 secs] 22340K->15684K(23808K), 0.0003020 secs] [Times: user=0.00 sys=0.00, real=0.00 secs] 
193.145: Total time for which application threads were stopped: 0.0003920 seconds, Stopping threads took: 0.0000460 seconds
193.179: Application time: 0.0342920 seconds
193.179: [GC193.179: [ParNew: 6822K->169K(7424K), 0.0002890 secs] 22340K->15687K(23808K), 0.0003140 secs] [Times: user=0.00 sys=0.00, real=0.00 secs] 
193.180: Total time for which application threads were stopped: 0.0004050 seconds, Stopping threads took: 0.0000460 seconds
193.213: Application time: 0.0333200 seconds
193.213: [GC193.213: [ParNew: 6825K->212K(7424K), 0.0002840 secs] 22343K->15730K(23808K), 0.0003010 secs] [Times: user=0.01 sys=0.00, real=0.00 secs] 
193.213: Total time for which application threads were stopped: 0.0003950 seconds, Stopping threads took: 0.0000470 seconds
193.246: Application time: 0.0327290 seconds
193.246: [GC193.246: [ParNew: 6868K->320K(7424K), 0.0002660 secs] 22386K->15839K(23808K), 0.0002840 secs] [Times: user=0.00 sys=0.00, real=0.00 secs] 
193.246: Total time for which application threads were stopped: 0.0003780 seconds, Stopping threads took: 0.0000470 seconds
193.280: Application time: 0.0335760 seconds
193.280: [GC193.280: [ParNew: 6976K->370K(7424K), 0.0002970 secs] 22495K->15889K(23808K), 0.0003150 secs] [Times: user=0.00 sys=0.00, real=0.00 secs] 
193.280: Total time for which application threads were stopped: 0.0004080 seconds, Stopping threads took: 0.0000450 seconds
193.315: Application time: 0.0342000 seconds
193.315: [GC193.315: [ParNew: 7026K->402K(7424K), 0.0003610 secs] 22545K->15920K(23808K), 0.0003840 secs] [Times: user=0.00 sys=0.00, real=0.00 secs] 
193.315: Total time for which application threads were stopped: 0.0004960 seconds, Stopping threads took: 0.0000500 seconds
193.349: Application time: 0.0342290 seconds
193.349: [GC193.349: [ParNew: 7058K->386K(7424K), 0.0003210 secs] 22576K->15905K(23808K), 0.0003390 secs] [Times: user=0.00 sys=0.00, real=0.00 secs] 
193.350: Total time for which application threads were stopped: 0.0004280 seconds, Stopping threads took: 0.0000390 seconds
193.384: Application time: 0.0343240 seconds
193.384: [GC193.384: [ParNew: 7042K->391K(7424K), 0.0002680 secs] 22561K->15910K(23808K), 0.0002860 secs] [Times: user=0.00 sys=0.00, real=0.00 secs] 
193.384: Total time for which application threads were stopped: 0.0003800 seconds, Stopping threads took: 0.0000460 seconds
193.419: Application time: 0.0343560 seconds
193.419: [GC193.419: [ParNew: 7047K->396K(7424K), 0.0002660 secs] 22566K->15914K(23808K), 0.0002830 secs] [Times: user=0.00 sys=0.00, real=0.00 secs] 
193.419: Total time for which application threads were stopped: 0.0003770 seconds, Stopping threads took: 0.0000380 seconds
193.454: Application time: 0.0344640 seconds
193.454: [GC193.454: [ParNew: 7052K->403K(7424K), 0.0003200 secs] 22570K->15921K(23808K), 0.0003380 secs] [Times: user=0.00 sys=0.00, real=0.01 secs] 
193.454: Total time for which application threads were stopped: 0.0004240 seconds, Stopping threads took: 0.0000390 seconds
193.488: Application time: 0.0343450 seconds
193.488: [GC193.488: [ParNew: 7059K->394K(7424K), 0.0003580 secs] 22577K->15912K(23808K), 0.0003780 secs] [Times: user=0.00 sys=0.00, real=0.00 secs] 
193.489: Total time for which application threads were stopped: 0.0004710 seconds, Stopping threads took: 0.0000450 seconds
193.523: Application time: 0.0342670 seconds
193.523: [GC193.523: [ParNew: 7050K->395K(7424K), 0.0003380 secs] 22568K->15913K(23808K), 0.0003560 secs] [Times: user=0.00 sys=0.00, real=0.00 secs] 
193.524: Total time for which application threads were stopped: 0.0004470 seconds, Stopping threads took: 0.0000430 seconds
193.558: Application time: 0.0344570 seconds
193.558: [GC193.558: [ParNew: 7051K->377K(7424K), 0.0002880 secs] 22569K->15895K(23808K), 0.0003040 secs] [Times: user=0.00 sys=0.00, real=0.00 secs] 
193.558: Total time for which application threads were stopped: 0.0003940 seconds, Stopping threads took: 0.0000410 seconds
193.594: Application time: 0.0351190 seconds
193.594: [GC193.594: [ParNew: 7033K->398K(7424K), 0.0003220 secs] 22551K->15916K(23808K), 0.0003430 secs] [Times: user=0.00 sys=0.00, real=0.00 secs] 
193.594: Total time for which application threads were stopped: 0.0004520 seconds, Stopping threads took: 0.0000480 seconds
193.628: Application time: 0.0341330 seconds
193.628: [GC193.628: [ParNew: 7054K->390K(7424K), 0.0003120 secs] 22572K->15909K(23808K), 0.0003390 secs] [Times: user=0.00 sys=0.00, real=0.00 secs] 
193.629: Total time for which application threads were stopped: 0.0004300 seconds, Stopping threads took: 0.0000430 seconds
193.663: Application time: 0.0340800 seconds
193.663: [GC193.663: [ParNew: 7046K->396K(7424K), 0.0003040 secs] 22565K->15914K(23808K), 0.0003230 secs] [Times: user=0.00 sys=0.00, real=0.00 secs] 
193.663: Total time for which application threads were stopped: 0.0004100 seconds, Stopping threads took: 0.0000400 seconds
193.698: Application time: 0.0345870 seconds
193.698: [GC193.698: [ParNew: 7052K->400K(7424K), 0.0002940 secs] 22570K->15918K(23808K), 0.0003120 secs] [Times: user=0.00 sys=0.00, real=0.00 secs] 
193.698: Total time for which application threads were stopped: 0.0004100 seconds, Stopping threads took: 0.0000510 seconds
193.732: Application time: 0.0341530 seconds
193.732: [GC193.732: [ParNew: 7056K->331K(7424K), 0.0003050 secs] 22574K->15946K(23808K), 0.0003220 secs] [Times: user=0.00 sys=0.00, real=0.00 secs] 
193.733: Total time for which application threads were stopped: 0.0004160 seconds, Stopping threads took: 0.0000480 seconds
193.767: Application time: 0.0342780 seconds
193.767: [GC193.767: [ParNew: 6987K->256K(7424K), 0.0002550 secs] 22602K->15998K(23808K), 0.0002740 secs] [Times: user=0.00 sys=0.00, real=0.00 secs] 
193.767: Total time for which application threads were stopped: 0.0003640 seconds, Stopping threads took: 0.0000440 seconds
193.802: Application time: 0.0346780 seconds
193.802: [GC193.802: [ParNew: 6912K->197K(7424K), 0.0003060 secs] 22654K->16028K(23808K), 0.0003260 secs] [Times: user=0.00 sys=0.00, real=0.00 secs] 
193.802: Total time for which application threads were stopped: 0.0004230 seconds, Stopping threads took: 0.0000500 seconds
193.837: Application time: 0.0344670 seconds
193.837: [GC193.837: [ParNew: 6853K->160K(7424K), 0.0002390 secs] 22684K->16047K(23808K), 0.0002560 secs] [Times: user=0.00 sys=0.00, real=0.00 secs] 
193.837: Total time for which application threads were stopped: 0.0003630 seconds, Stopping threads took: 0.0000610 seconds
193.871: Application time: 0.0341110 seconds
193.871: [GC193.871: [ParNew: 6816K->166K(7424K), 0.0002320 secs] 22703K->16053K(23808K), 0.0002470 secs] [Times: user=0.00 sys=0.00, real=0.00 secs] 
193.872: Total time for which application threads were stopped: 0.0003250 seconds, Stopping threads took: 0.0000350 seconds
193.906: Application time: 0.0345940 seconds
193.906: [GC193.906: [ParNew: 6822K->169K(7424K), 0.0002260 secs] 22709K->16056K(23808K), 0.0002420 secs] [Times: user=0.00 sys=0.00, real=0.00 secs] 
193.907: Total time for which application threads were stopped: 0.0003250 seconds, Stopping threads took: 0.0000390 seconds
193.940: Application time: 0.0331470 seconds
193.940: [GC193.940: [ParNew: 6822K->230K(7424K), 0.0002440 secs] 22709K->16117K(23808K), 0.0002620 secs] [Times: user=0.00 sys=0.00, real=0.00 secs] 
193.940: Total time for which application threads were stopped: 0.0003580 seconds, Stopping threads took: 0.0000440 seconds
193.973: Application time: 0.0332420 seconds
193.973: [GC193.973: [ParNew: 6886K->297K(7424K), 0.0003420 secs] 22773K->16183K(23808K), 0.0003570 secs] [Times: user=0.00 sys=0.00, real=0.00 secs] 
193.974: Total time for which application threads were stopped: 0.0004460 seconds, Stopping threads took: 0.0000420 seconds
194.007: Application time: 0.0336330 seconds
194.008: [GC194.008: [ParNew: 6953K->359K(7424K), 0.0002720 secs] 22839K->16245K(23808K), 0.0002910 secs] [Times: user=0.01 sys=0.00, real=0.00 secs] 
194.008: Total time for which application threads were stopped: 0.0003850 seconds, Stopping threads took: 0.0000460 seconds
194.041: Application time: 0.0333340 seconds
194.041: [GC194.041: [ParNew: 7015K->400K(7424K), 0.0002940 secs] 22901K->16287K(23808K), 0.0003130 secs] [Times: user=0.00 sys=0.00, real=0.00 secs] 
194.042: Total time for which application threads were stopped: 0.0004050 seconds, Stopping threads took: 0.0000430 seconds
194.076: Application time: 0.0343950 seconds
194.076: [GC194.076: [ParNew: 7056K->398K(7424K), 0.0002950 secs] 22943K->16284K(23808K), 0.0003200 secs] [Times: user=0.00 sys=0.00, real=0.00 secs] 
194.076: Total time for which application threads were stopped: 0.0004110 seconds, Stopping threads took: 0.0000440 seconds
194.111: Application time: 0.0347260 seconds
194.111: [GC194.111: [ParNew: 7054K->401K(7424K), 0.0003070 secs] 22940K->16288K(23808K), 0.0003240 secs] [Times: user=0.00 sys=0.00, real=0.00 secs] 
194.112: Total time for which application threads were stopped: 0.0004270 seconds, Stopping threads took: 0.0000550 seconds
194.146: Application time: 0.0344800 seconds
194.146: [GC194.146: [ParNew: 7057K->390K(7424K), 0.0002930 secs] 22944K->16277K(23808K), 0.0003100 secs] [Times: user=0.00 sys=0.00, real=0.00 secs] 
194.146: Total time for which application threads were stopped: 0.0003960 seconds, Stopping threads took: 0.0000400 seconds
194.181: Application time: 0.0345370 seconds
194.181: [GC194.181: [ParNew: 7046K->399K(7424K), 0.0002650 secs] 22933K->16285K(23808K), 0.0002810 secs] [Times: user=0.01 sys=0.00, real=0.00 secs] 
194.181: Total time for which application threads were stopped: 0.0003920 seconds, Stopping threads took: 0.0000640 seconds
194.215: Application time: 0.0340840 seconds
194.215: [GC194.215: [ParNew: 7055K->397K(7424K), 0.0003160 secs] 22941K->16284K(23808K), 0.0003340 secs] [Times: user=0.00 sys=0.00, real=0.00 secs] 
194.216: Total time for which application threads were stopped: 0.0004230 seconds, Stopping threads took: 0.0000430 seconds
194.250: Application time: 0.0344630 seconds
194.250: [GC194.250: [ParNew: 7053K->396K(7424K), 0.0002920 secs] 22940K->16283K(23808K), 0.0003090 secs] [Times: user=0.00 sys=0.00, real=0.00 secs] 
194.251: Total time for which application threads were stopped: 0.0004060 seconds, Stopping threads took: 0.0000500 seconds
194.285: Application time: 0.0341400 seconds
194.285: [GC194.285: [ParNew: 7052K->398K(7424K), 0.0002800 secs] 22939K->16284K(23808K), 0.0002980 secs] [Times: user=0.00 sys=0.00, real=0.00 secs] 
194.285: Total time for which application threads were stopped: 0.0003890 seconds, Stopping threads took: 0.0000450 seconds
194.320: Application time: 0.0343240 seconds
194.320: [GC194.320: [ParNew: 7054K->344K(7424K), 0.0003600 secs] 22940K->16326K(23808K), 0.0003810 secs] [Times: user=0.00 sys=0.00, real=0.00 secs] 
194.320: Total time for which application threads were stopped: 0.0004900 seconds, Stopping threads took: 0.0000470 seconds
194.354: Application time: 0.0343190 seconds
194.354: [GC194.354: [ParNew: 7000K->347K(7424K), 0.0002660 secs] 22982K->16329K(23808K), 0.0002830 secs] [Times: user=0.01 sys=0.00, real=0.00 secs] 
194.355: Total time for which application threads were stopped: 0.0003930 seconds, Stopping threads took: 0.0000620 seconds
194.389: Application time: 0.0340840 seconds
194.389: [GC194.389: [ParNew: 7003K->335K(7424K), 0.0003450 secs] 22985K->16318K(23808K), 0.0003620 secs] [Times: user=0.01 sys=0.00, real=0.00 secs] 
194.389: Total time for which application threads were stopped: 0.0004760 seconds, Stopping threads took: 0.0000710 seconds
194.424: Application time: 0.0341740 seconds
194.424: [GC194.424: [ParNew: 6991K->339K(7424K), 0.0002510 secs] 22974K->16322K(23808K), 0.0002680 secs] [Times: user=0.00 sys=0.00, real=0.00 secs] 
194.424: Total time for which application threads were stopped: 0.0003610 seconds, Stopping threads took: 0.0000470 seconds
194.459: Application time: 0.0348930 seconds
194.459: [GC194.459: [ParNew: 6995K->336K(7424K), 0.0003420 secs] 22978K->16318K(23808K), 0.0003590 secs] [Times: user=0.00 sys=0.00, real=0.00 secs] 
194.459: Total time for which application threads were stopped: 0.0004560 seconds, Stopping threads took: 0.0000430 seconds
194.493: Application time: 0.0341130 seconds
194.493: [GC194.493: [ParNew: 6992K->255K(7424K), 0.0002880 secs] 22974K->16366K(23808K), 0.0003050 secs] [Times: user=0.00 sys=0.00, real=0.00 secs] 
194.494: Total time for which application threads were stopped: 0.0003980 seconds, Stopping threads took: 0.0000400 seconds
194.528: Application time: 0.0342110 seconds
194.528: [GC194.528: [ParNew: 6911K->223K(7424K), 0.0002650 secs] 23022K->16406K(23808K), 0.0002830 secs] [Times: user=0.00 sys=0.00, real=0.00 secs] 
194.528: Total time for which application threads were stopped: 0.0003810 seconds, Stopping threads took: 0.0000520 seconds
194.563: Application time: 0.0345640 seconds
194.563: [GC194.563: [ParNew: 6879K->6879K(7424K), 0.0000060 secs]194.563: [Tenured: 16182K->2597K(16384K), 0.0075580 secs] 23062K->2597K(23808K), [Perm : 6076K->6076K(21248K)], 0.0076000 secs] [Times: user=0.01 sys=0.00, real=0.00 secs] 
194.571: Total time for which application threads were stopped: 0.0077070 seconds, Stopping threads took: 0.0000490 seconds
194.605: Application time: 0.0342770 seconds
194.605: [GC194.605: [ParNew: 6656K->39K(7424K), 0.0002950 secs] 9253K->2637K(23808K), 0.0003150 secs] [Times: user=0.00 sys=0.00, real=0.00 secs] 
194.605: Total time for which application threads were stopped: 0.0004460 seconds, Stopping threads took: 0.0000740 seconds
194.640: Application time: 0.0344600 seconds
194.640: [GC194.640: [ParNew: 6695K->34K(7424K), 0.0002620 secs] 9293K->2631K(23808K), 0.0002810 secs] [Times: user=0.00 sys=0.00, real=0.00 secs] 
194.640: Total time for which application threads were stopped: 0.0003930 seconds, Stopping threads took: 0.0000650 seconds
194.674: Application time: 0.0333540 seconds
194.674: [GC194.674: [ParNew: 6690K->131K(7424K), 0.0002170 secs] 9287K->2728K(23808K), 0.0002350 secs] [Times: user=0.00 sys=0.00, real=0.00 secs] 
194.674: Total time for which application threads were stopped: 0.0003290 seconds, Stopping threads took: 0.0000450 seconds
194.707: Application time: 0.0334330 seconds
194.707: [GC194.707: [ParNew: 6787K->216K(7424K), 0.0002590 secs] 9384K->2814K(23808K), 0.0002760 secs] [Times: user=0.00 sys=0.00, real=0.00 secs] 
194.708: Total time for which application threads were stopped: 0.0003660 seconds, Stopping threads took: 0.0000430 seconds
194.741: Application time: 0.0329170 seconds
194.741: [GC194.741: [ParNew: 6872K->336K(7424K), 0.0002550 secs] 9470K->2934K(23808K), 0.0002750 secs] [Times: user=0.01 sys=0.00, real=0.00 secs] 
194.741: Total time for which application threads were stopped: 0.0003680 seconds, Stopping threads took: 0.0000450 seconds
194.775: Application time: 0.0341830 seconds
194.775: [GC194.775: [ParNew: 6992K->356K(7424K), 0.0002650 secs] 9590K->2954K(23808K), 0.0002830 secs] [Times: user=0.00 sys=0.00, real=0.00 secs] 
194.776: Total time for which application threads were stopped: 0.0003680 seconds, Stopping threads took: 0.0000400 seconds
194.809: Application time: 0.0338780 seconds
194.809: [GC194.809: [ParNew: 7012K->396K(7424K), 0.0002840 secs] 9610K->2993K(23808K), 0.0003000 secs] [Times: user=0.00 sys=0.00, real=0.00 secs] 
194.810: Total time for which application threads were stopped: 0.0003930 seconds, Stopping threads took: 0.0000480 seconds
194.844: Application time: 0.0343500 seconds
194.844: [GC194.844: [ParNew: 7052K->397K(7424K), 0.0003110 secs] 9649K->2995K(23808K), 0.0003280 secs] [Times: user=0.00 sys=0.00, real=0.00 secs] 
194.845: Total time for which application threads were stopped: 0.0004330 seconds, Stopping threads took: 0.0000590 seconds
194.879: Application time: 0.0342910 seconds
194.879: [GC194.879: [ParNew: 7053K->395K(7424K), 0.0002780 secs] 9651K->2993K(23808K), 0.0002960 secs] [Times: user=0.01 sys=0.00, real=0.00 secs] 
194.879: Total time for which application threads were stopped: 0.0003890 seconds, Stopping threads took: 0.0000470 seconds
194.914: Application time: 0.0343800 seconds
194.914: [GC194.914: [ParNew: 7051K->401K(7424K), 0.0002880 secs] 9649K->2999K(23808K), 0.0003050 secs] [Times: user=0.00 sys=0.00, real=0.00 secs] 
194.914: Total time for which application threads were stopped: 0.0003980 seconds, Stopping threads took: 0.0000440 seconds
194.948: Application time: 0.0343650 seconds
194.948: [GC194.948: [ParNew: 7057K->312K(7424K), 0.0002640 secs] 9655K->3046K(23808K), 0.0002900 secs] [Times: user=0.00 sys=0.00, real=0.00 secs] 
194.949: Total time for which application threads were stopped: 0.0003760 seconds, Stopping threads took: 0.0000400 seconds
194.983: Application time: 0.0343050 seconds
194.983: [GC194.983: [ParNew: 6968K->305K(7424K), 0.0002780 secs] 9702K->3038K(23808K), 0.0002960 secs] [Times: user=0.00 sys=0.00, real=0.00 secs] 
194.983: Total time for which application threads were stopped: 0.0003930 seconds, Stopping threads took: 0.0000430 seconds
195.018: Application time: 0.0347190 seconds
195.022: [GC195.022: [ParNew: 6961K->303K(7424K), 0.0002990 secs] 9694K->3037K(23808K), 0.0003160 secs] [Times: user=0.00 sys=0.00, real=0.00 secs] 
195.022: Total time for which application threads were stopped: 0.0042290 seconds, Stopping threads took: 0.0038650 seconds
195.056: Application time: 0.0340580 seconds
195.057: [GC195.057: [ParNew: 6959K->338K(7424K), 0.0002490 secs] 9693K->3071K(23808K), 0.0002670 secs] [Times: user=0.00 sys=0.00, real=0.00 secs] 
195.057: Total time for which application threads were stopped: 0.0003690 seconds, Stopping threads took: 0.0000550 seconds
195.092: Application time: 0.0354010 seconds
195.092: [GC195.092: [ParNew: 6994K->321K(7424K), 0.0002930 secs] 9727K->3054K(23808K), 0.0003140 secs] [Times: user=0.00 sys=0.00, real=0.00 secs] 
195.093: Total time for which application threads were stopped: 0.0004120 seconds, Stopping threads took: 0.0000390 seconds
195.127: Application time: 0.0341410 seconds
195.127: [GC195.127: [ParNew: 6977K->334K(7424K), 0.0002850 secs] 9710K->3067K(23808K), 0.0003060 secs] [Times: user=0.00 sys=0.00, real=0.00 secs] 
195.127: Total time for which application threads were stopped: 0.0004110 seconds, Stopping threads took: 0.0000580 seconds
195.162: Application time: 0.0343480 seconds
195.162: [GC195.162: [ParNew: 6990K->342K(7424K), 0.0002850 secs] 9723K->3076K(23808K), 0.0003000 secs] [Times: user=0.00 sys=0.00, real=0.00 secs] 
195.162: Total time for which application threads were stopped: 0.0003920 seconds, Stopping threads took: 0.0000480 seconds
195.197: Application time: 0.0346210 seconds
195.197: [GC195.197: [ParNew: 6998K->334K(7424K), 0.0002730 secs] 9732K->3068K(23808K), 0.0002900 secs] [Times: user=0.01 sys=0.00, real=0.00 secs] 
195.197: Total time for which application threads were stopped: 0.0003790 seconds, Stopping threads took: 0.0000440 seconds
195.231: Application time: 0.0340200 seconds
195.231: [GC195.231: [ParNew: 6990K->275K(7424K), 0.0002460 secs] 9724K->3105K(23808K), 0.0002640 secs] [Times: user=0.00 sys=0.00, real=0.00 secs] 
195.231: Total time for which application threads were stopped: 0.0003550 seconds, Stopping threads took: 0.0000450 seconds
195.266: Application time: 0.0346100 seconds
195.266: [GC195.266: [ParNew: 6931K->201K(7424K), 0.0002570 secs] 9761K->3150K(23808K), 0.0002730 secs] [Times: user=0.00 sys=0.00, real=0.00 secs] 
195.266: Total time for which application threads were stopped: 0.0003620 seconds, Stopping threads took: 0.0000410 seconds
195.301: Application time: 0.0346170 seconds
195.301: [GC195.301: [ParNew: 6857K->196K(7424K), 0.0002450 secs] 9806K->3146K(23808K), 0.0002630 secs] [Times: user=0.01 sys=0.00, real=0.00 secs] 
195.301: Total time for which application threads were stopped: 0.0003490 seconds, Stopping threads took: 0.0000400 seconds
195.335: Application time: 0.0341340 seconds
195.336: [GC195.336: [ParNew: 6852K->162K(7424K), 0.0002820 secs] 9802K->3176K(23808K), 0.0003060 secs] [Times: user=0.00 sys=0.00, real=0.00 secs] 
195.336: Total time for which application threads were stopped: 0.0004260 seconds, Stopping threads took: 0.0000590 seconds
195.371: Application time: 0.0347250 seconds
195.371: [GC195.371: [ParNew: 6818K->165K(7424K), 0.0002020 secs] 9832K->3179K(23808K), 0.0002210 secs] [Times: user=0.00 sys=0.00, real=0.00 secs] 
195.371: Total time for which application threads were stopped: 0.0003130 seconds, Stopping threads took: 0.0000420 seconds
195.405: Application time: 0.0342510 seconds
195.405: [GC195.405: [ParNew: 6821K->196K(7424K), 0.0002420 secs] 9835K->3210K(23808K), 0.0002680 secs] [Times: user=0.00 sys=0.00, real=0.00 secs] 
195.406: Total time for which application threads were stopped: 0.0003680 seconds, Stopping threads took: 0.0000520 seconds
195.438: Application time: 0.0327490 seconds
195.438: [GC195.438: [ParNew: 6852K->277K(7424K), 0.0002640 secs] 9866K->3291K(23808K), 0.0002810 secs] [Times: user=0.00 sys=0.00, real=0.00 secs] 
195.439: Total time for which application threads were stopped: 0.0003640 seconds, Stopping threads took: 0.0000360 seconds
195.472: Application time: 0.0335120 seconds
195.472: [GC195.472: [ParNew: 6933K->333K(7424K), 0.0002660 secs] 9947K->3347K(23808K), 0.0002840 secs] [Times: user=0.00 sys=0.00, real=0.00 secs] 
195.473: Total time for which application threads were stopped: 0.0004050 seconds, Stopping threads took: 0.0000720 seconds
195.507: Application time: 0.0339510 seconds
195.507: [GC195.507: [ParNew: 6989K->356K(7424K), 0.0002740 secs] 10003K->3370K(23808K), 0.0002910 secs] [Times: user=0.00 sys=0.00, real=0.00 secs] 
195.507: Total time for which application threads were stopped: 0.0003930 seconds, Stopping threads took: 0.0000480 seconds
195.541: Application time: 0.0339700 seconds
195.541: [GC195.541: [ParNew: 7012K->389K(7424K), 0.0002680 secs] 10026K->3403K(23808K), 0.0002840 secs] [Times: user=0.01 sys=0.00, real=0.00 secs] 
195.541: Total time for which application threads were stopped: 0.0003780 seconds, Stopping threads took: 0.0000460 seconds
195.576: Application time: 0.0350640 seconds
195.576: [GC195.576: [ParNew: 7045K->394K(7424K), 0.0002860 secs] 10059K->3408K(23808K), 0.0003020 secs] [Times: user=0.00 sys=0.00, real=0.00 secs] 
195.577: Total time for which application threads were stopped: 0.0003910 seconds, Stopping threads took: 0.0000440 seconds
195.611: Application time: 0.0340650 seconds
195.611: [GC195.611: [ParNew: 7050K->393K(7424K), 0.0002700 secs] 10064K->3407K(23808K), 0.0002880 secs] [Times: user=0.00 sys=0.00, real=0.00 secs] 
195.611: Total time for which application threads were stopped: 0.0003870 seconds, Stopping threads took: 0.0000490 seconds
195.645: Application time: 0.0340830 seconds
195.645: [GC195.645: [ParNew: 7049K->390K(7424K), 0.0003350 secs] 10063K->3404K(23808K), 0.0003520 secs] [Times: user=0.00 sys=0.00, real=0.00 secs] 
195.646: Total time for which application threads were stopped: 0.0004470 seconds, Stopping threads took: 0.0000470 seconds
195.681: Application time: 0.0348290 seconds
195.681: [GC195.681: [ParNew: 7046K->403K(7424K), 0.0002760 secs] 10060K->3417K(23808K), 0.0002920 secs] [Times: user=0.00 sys=0.00, real=0.00 secs] 
195.681: Total time for which application threads were stopped: 0.0003770 seconds, Stopping threads took: 0.0000410 seconds
195.715: Application time: 0.0342850 seconds
195.715: [GC195.715: [ParNew: 7059K->355K(7424K), 0.0002770 secs] 10073K->3441K(23808K), 0.0002940 secs] [Times: user=0.00 sys=0.00, real=0.00 secs] 
195.716: Total time for which application threads were stopped: 0.0003820 seconds, Stopping threads took: 0.0000430 seconds
195.750: Application time: 0.0342080 seconds
195.750: [GC195.750: [ParNew: 7011K->361K(7424K), 0.0003010 secs] 10097K->3447K(23808K), 0.0003190 secs] [Times: user=0.00 sys=0.00, real=0.00 secs] 
195.750: Total time for which application threads were stopped: 0.0004090 seconds, Stopping threads took: 0.0000440 seconds
195.785: Application time: 0.0343450 seconds
195.785: [GC195.785: [ParNew: 7017K->372K(7424K), 0.0002460 secs] 10103K->3458K(23808K), 0.0002630 secs] [Times: user=0.00 sys=0.00, real=0.00 secs] 
195.785: Total time for which application threads were stopped: 0.0003670 seconds, Stopping threads took: 0.0000580 seconds
195.819: Application time: 0.0340140 seconds
195.819: [GC195.819: [ParNew: 7028K->364K(7424K), 0.0002450 secs] 10114K->3450K(23808K), 0.0002630 secs] [Times: user=0.00 sys=0.00, real=0.00 secs] 
195.819: Total time for which application threads were stopped: 0.0003500 seconds, Stopping threads took: 0.0000400 seconds
195.853: Application time: 0.0342320 seconds
195.854: [GC195.854: [ParNew: 7020K->373K(7424K), 0.0002840 secs] 10106K->3459K(23808K), 0.0003080 secs] [Times: user=0.00 sys=0.00, real=0.00 secs] 
195.854: Total time for which application threads were stopped: 0.0003940 seconds, Stopping threads took: 0.0000400 seconds
195.888: Application time: 0.0344210 seconds
195.888: [GC195.888: [ParNew: 7029K->362K(7424K), 0.0002910 secs] 10115K->3448K(23808K), 0.0003070 secs] [Times: user=0.00 sys=0.00, real=0.00 secs] 
195.889: Total time for which application threads were stopped: 0.0003970 seconds, Stopping threads took: 0.0000430 seconds
195.923: Application time: 0.0341130 seconds
195.923: [GC195.923: [ParNew: 7018K->364K(7424K), 0.0002700 secs] 10104K->3450K(23808K), 0.0002880 secs] [Times: user=0.00 sys=0.00, real=0.00 secs] 
195.923: Total time for which application threads were stopped: 0.0003740 seconds, Stopping threads took: 0.0000410 seconds
195.958: Application time: 0.0346750 seconds
195.958: [GC195.958: [ParNew: 7020K->283K(7424K), 0.0002760 secs] 10106K->3497K(23808K), 0.0002940 secs] [Times: user=0.00 sys=0.00, real=0.00 secs] 
195.958: Total time for which application threads were stopped: 0.0003820 seconds, Stopping threads took: 0.0000400 seconds
195.993: Application time: 0.0344430 seconds
195.993: [GC195.993: [ParNew: 6939K->224K(7424K), 0.0002520 secs] 10153K->3534K(23808K), 0.0002670 secs] [Times: user=0.00 sys=0.00, real=0.00 secs] 
195.993: Total time for which application threads were stopped: 0.0003590 seconds, Stopping threads took: 0.0000460 seconds
196.027: Application time: 0.0340250 seconds
196.027: [GC196.027: [ParNew: 6880K->192K(7424K), 0.0002480 secs] 10190K->3558K(23808K), 0.0002650 secs] [Times: user=0.00 sys=0.00, real=0.00 secs] 
196.027: Total time for which application threads were stopped: 0.0003610 seconds, Stopping threads took: 0.0000430 seconds
196.063: Application time: 0.0352320 seconds
196.063: [GC196.063: [ParNew: 6848K->162K(7424K), 0.0002380 secs] 10214K->3577K(23808K), 0.0002560 secs] [Times: user=0.00 sys=0.00, real=0.00 secs] 
196.063: Total time for which application threads were stopped: 0.0003430 seconds, Stopping threads took: 0.0000410 seconds
196.098: Application time: 0.0347740 seconds
196.098: [GC196.098: [ParNew: 6818K->153K(7424K), 0.0002530 secs] 10233K->3567K(23808K), 0.0002720 secs] [Times: user=0.00 sys=0.00, real=0.00 secs] 
196.098: Total time for which application threads were stopped: 0.0003650 seconds, Stopping threads took: 0.0000480 seconds
196.132: Application time: 0.0340860 seconds
196.132: [GC196.132: [ParNew: 6809K->152K(7424K), 0.0002430 secs] 10223K->3567K(23808K), 0.0002600 secs] [Times: user=0.00 sys=0.00, real=0.00 secs] 
196.133: Total time for which application threads were stopped: 0.0003480 seconds, Stopping threads took: 0.0000430 seconds
196.165: Application time: 0.0325980 seconds
196.165: [GC196.165: [ParNew: 6795K->239K(7424K), 0.0002850 secs] 10209K->3654K(23808K), 0.0003030 secs] [Times: user=0.00 sys=0.00, real=0.00 secs] 
196.166: Total time for which application threads were stopped: 0.0003930 seconds, Stopping threads took: 0.0000430 seconds
196.199: Application time: 0.0335330 seconds
196.199: [GC196.199: [ParNew: 6895K->335K(7424K), 0.0004040 secs] 10310K->3750K(23808K), 0.0004240 secs] [Times: user=0.00 sys=0.00, real=0.00 secs] 
196.200: Total time for which application threads were stopped: 0.0005100 seconds, Stopping threads took: 0.0000410 seconds
196.233: Application time: 0.0336520 seconds
196.233: [GC196.233: [ParNew: 6991K->372K(7424K), 0.0002840 secs] 10406K->3787K(23808K), 0.0003000 secs] [Times: user=0.00 sys=0.00, real=0.00 secs] 
196.234: Total time for which application threads were stopped: 0.0003840 seconds, Stopping threads took: 0.0000370 seconds
196.268: Application time: 0.0341020 seconds
196.268: [GC196.268: [ParNew: 7028K->402K(7424K), 0.0002640 secs] 10443K->3817K(23808K), 0.0002810 secs] [Times: user=0.00 sys=0.00, real=0.00 secs] 
196.268: Total time for which application threads were stopped: 0.0003740 seconds, Stopping threads took: 0.0000470 seconds
196.303: Application time: 0.0344370 seconds
196.306: [GC196.306: [ParNew: 7058K->394K(7424K), 0.0003110 secs] 10473K->3809K(23808K), 0.0003370 secs] [Times: user=0.00 sys=0.00, real=0.00 secs] 
196.306: Total time for which application threads were stopped: 0.0038790 seconds, Stopping threads took: 0.0034940 seconds
196.341: Application time: 0.0343680 seconds
196.341: [GC196.341: [ParNew: 7050K->399K(7424K), 0.0003650 secs] 10465K->3813K(23808K), 0.0003880 secs] [Times: user=0.00 sys=0.00, real=0.00 secs] 
196.341: Total time for which application threads were stopped: 0.0004910 seconds, Stopping threads took: 0.0000450 seconds
196.376: Application time: 0.0343920 seconds
196.376: [GC196.376: [ParNew: 7055K->400K(7424K), 0.0002700 secs] 10469K->3814K(23808K), 0.0002880 secs] [Times: user=0.00 sys=0.00, real=0.00 secs] 
196.376: Total time for which application threads were stopped: 0.0003960 seconds, Stopping threads took: 0.0000610 seconds
196.411: Application time: 0.0345350 seconds
196.411: [GC196.411: [ParNew: 7056K->394K(7424K), 0.0002670 secs] 10470K->3808K(23808K), 0.0002850 secs] [Times: user=0.00 sys=0.00, real=0.00 secs] 
196.411: Total time for which application threads were stopped: 0.0003920 seconds, Stopping threads took: 0.0000600 seconds
196.445: Application time: 0.0340910 seconds
196.445: [GC196.445: [ParNew: 7050K->390K(7424K), 0.0002760 secs] 10464K->3805K(23808K), 0.0002940 secs] [Times: user=0.00 sys=0.00, real=0.00 secs] 
196.446: Total time for which application threads were stopped: 0.0003820 seconds, Stopping threads took: 0.0000410 seconds
196.480: Application time: 0.0345980 seconds
196.480: [GC196.480: [ParNew: 7046K->398K(7424K), 0.0002830 secs] 10461K->3812K(23808K), 0.0003000 secs] [Times: user=0.00 sys=0.00, real=0.00 secs] 
196.481: Total time for which application threads were stopped: 0.0003950 seconds, Stopping threads took: 0.0000490 seconds
196.515: Application time: 0.0345720 seconds
196.515: [GC196.515: [ParNew: 7054K->393K(7424K), 0.0002620 secs] 10468K->3807K(23808K), 0.0002780 secs] [Times: user=0.00 sys=0.00, real=0.00 secs] 
196.515: Total time for which application threads were stopped: 0.0003580 seconds, Stopping threads took: 0.0000350 seconds
196.549: Application time: 0.0338730 seconds
196.549: [GC196.549: [ParNew: 7049K->392K(7424K), 0.0002890 secs] 10463K->3807K(23808K), 0.0003060 secs] [Times: user=0.00 sys=0.00, real=0.00 secs] 
196.550: Total time for which application threads were stopped: 0.0004030 seconds, Stopping threads took: 0.0000430 seconds
196.584: Application time: 0.0341460 seconds
196.584: [GC196.584: [ParNew: 7048K->389K(7424K), 0.0002820 secs] 10463K->3804K(23808K), 0.0002990 secs] [Times: user=0.01 sys=0.00, real=0.00 secs] 
196.584: Total time for which application threads were stopped: 0.0003920 seconds, Stopping threads took: 0.0000470 seconds
196.620: Application time: 0.0353750 seconds
196.620: [GC196.620: [ParNew: 7045K->391K(7424K), 0.0004210 secs] 10460K->3805K(23808K), 0.0004440 secs] [Times: user=0.00 sys=0.00, real=0.00 secs] 
196.620: Total time for which application threads were stopped: 0.0005500 seconds, Stopping threads took: 0.0000460 seconds
196.654: Application time: 0.0342520 seconds
196.655: [GC196.655: [ParNew: 7047K->393K(7424K), 0.0003610 secs] 10461K->3807K(23808K), 0.0003800 secs] [Times: user=0.00 sys=0.00, real=0.00 secs] 
196.655: Total time for which application threads were stopped: 0.0004710 seconds, Stopping threads took: 0.0000390 seconds
196.690: Application time: 0.0348220 seconds
196.690: [GC196.690: [ParNew: 7049K->279K(7424K), 0.0002930 secs] 10463K->3857K(23808K), 0.0003100 secs] [Times: user=0.00 sys=0.00, real=0.00 secs] 
196.690: Total time for which application threads were stopped: 0.0004010 seconds, Stopping threads took: 0.0000460 seconds
196.724: Application time: 0.0340930 seconds
196.724: [GC196.724: [ParNew: 6935K->223K(7424K), 0.0002570 secs] 10513K->3905K(23808K), 0.0002730 secs] [Times: user=0.00 sys=0.00, real=0.00 secs] 
196.725: Total time for which application threads were stopped: 0.0003680 seconds, Stopping threads took: 0.0000400 seconds
196.759: Application time: 0.0348550 seconds
196.760: [GC196.760: [ParNew: 6879K->196K(7424K), 0.0002480 secs] 10561K->3926K(23808K), 0.0002650 secs] [Times: user=0.01 sys=0.00, real=0.00 secs] 
196.760: Total time for which application threads were stopped: 0.0003620 seconds, Stopping threads took: 0.0000500 seconds
196.794: Application time: 0.0341720 seconds
196.794: [GC196.794: [ParNew: 6852K->168K(7424K), 0.0002310 secs] 10582K->3947K(23808K), 0.0002470 secs] [Times: user=0.00 sys=0.00, real=0.00 secs] 
196.794: Total time for which application threads were stopped: 0.0003360 seconds, Stopping threads took: 0.0000450 seconds
196.828: Application time: 0.0341010 seconds
196.829: [GC196.829: [ParNew: 6824K->172K(7424K), 0.0002250 secs] 10603K->3951K(23808K), 0.0002420 secs] [Times: user=0.00 sys=0.00, real=0.00 secs] 
196.829: Total time for which application threads were stopped: 0.0003330 seconds, Stopping threads took: 0.0000440 seconds
196.864: Application time: 0.0349030 seconds
196.864: [GC196.864: [ParNew: 6828K->169K(7424K), 0.0002270 secs] 10607K->3947K(23808K), 0.0002440 secs] [Times: user=0.01 sys=0.00, real=0.00 secs] 
196.864: Total time for which application threads were stopped: 0.0003410 seconds, Stopping threads took: 0.0000500 seconds
196.897: Application time: 0.0332930 seconds
196.897: [GC196.897: [ParNew: 6825K->224K(7424K), 0.0002390 secs] 10603K->4003K(23808K), 0.0002570 secs] [Times: user=0.00 sys=0.00, real=0.00 secs] 
196.898: Total time for which application threads were stopped: 0.0003560 seconds, Stopping threads took: 0.0000520 seconds
196.931: Application time: 0.0331660 seconds
196.931: [GC196.931: [ParNew: 6880K->308K(7424K), 0.0002750 secs] 10659K->4086K(23808K), 0.0002940 secs] [Times: user=0.00 sys=0.00, real=0.00 secs] 
196.931: Total time for which application threads were stopped: 0.0003830 seconds, Stopping threads took: 0.0000410 seconds
196.964: Application time: 0.0331240 seconds
196.964: [GC196.964: [ParNew: 6964K->364K(7424K), 0.0002900 secs] 10742K->4142K(23808K), 0.0003090 secs] [Times: user=0.00 sys=0.00, real=0.00 secs] 
196.965: Total time for which application threads were stopped: 0.0004060 seconds, Stopping threads took: 0.0000490 seconds
196.999: Application time: 0.0341530 seconds
196.999: [GC196.999: [ParNew: 7020K->399K(7424K), 0.0002910 secs] 10798K->4178K(23808K), 0.0003080 secs] [Times: user=0.00 sys=0.00, real=0.00 secs] 
196.999: Total time for which application threads were stopped: 0.0003960 seconds, Stopping threads took: 0.0000420 seconds
197.034: Application time: 0.0345390 seconds
197.034: [GC197.034: [ParNew: 7055K->395K(7424K), 0.0003210 secs] 10834K->4174K(23808K), 0.0003390 secs] [Times: user=0.00 sys=0.01, real=0.01 secs] 
197.034: Total time for which application threads were stopped: 0.0004510 seconds, Stopping threads took: 0.0000660 seconds
197.069: Application time: 0.0342350 seconds
197.069: [GC197.069: [ParNew: 7051K->391K(7424K), 0.0002840 secs] 10830K->4170K(23808K), 0.0003020 secs] [Times: user=0.00 sys=0.00, real=0.00 secs] 
197.069: Total time for which application threads were stopped: 0.0004340 seconds, Stopping threads took: 0.0000750 seconds
197.104: Application time: 0.0347240 seconds
197.104: [GC197.104: [ParNew: 7047K->397K(7424K), 0.0002760 secs] 10826K->4176K(23808K), 0.0002950 secs] [Times: user=0.00 sys=0.00, real=0.00 secs] 
197.104: Total time for which application threads were stopped: 0.0003930 seconds, Stopping threads took: 0.0000500 seconds
197.139: Application time: 0.0343930 seconds
197.139: [GC197.139: [ParNew: 7053K->394K(7424K), 0.0002900 secs] 10832K->4172K(23808K), 0.0003060 secs] [Times: user=0.00 sys=0.00, real=0.00 secs] 
197.139: Total time for which application threads were stopped: 0.0003930 seconds, Stopping threads took: 0.0000390 seconds
197.173: Application time: 0.0342930 seconds
197.173: [GC197.173: [ParNew: 7050K->394K(7424K), 0.0002870 secs] 10828K->4172K(23808K), 0.0003040 secs] [Times: user=0.01 sys=0.00, real=0.00 secs] 
197.174: Total time for which application threads were stopped: 0.0004170 seconds, Stopping threads took: 0.0000570 seconds
197.208: Application time: 0.0346580 seconds
197.208: [GC197.208: [ParNew: 7050K->400K(7424K), 0.0002560 secs] 10828K->4178K(23808K), 0.0002720 secs] [Times: user=0.01 sys=0.00, real=0.00 secs] 
197.209: Total time for which application threads were stopped: 0.0003600 seconds, Stopping threads took: 0.0000410 seconds
197.243: Application time: 0.0344350 seconds
197.243: [GC197.243: [ParNew: 7056K->406K(7424K), 0.0002640 secs] 10834K->4184K(23808K), 0.0002830 secs] [Times: user=0.00 sys=0.00, real=0.00 secs] 
197.243: Total time for which application threads were stopped: 0.0003760 seconds, Stopping threads took: 0.0000430 seconds
197.278: Application time: 0.0341470 seconds
197.278: [GC197.278: [ParNew: 7062K->320K(7424K), 0.0002830 secs] 10840K->4195K(23808K), 0.0003000 secs] [Times: user=0.00 sys=0.00, real=0.00 secs] 
197.278: Total time for which application threads were stopped: 0.0003840 seconds, Stopping threads took: 0.0000370 seconds
197.313: Application time: 0.0345890 seconds
197.314: [GC197.314: [ParNew: 6976K->332K(7424K), 0.0004220 secs] 10851K->4206K(23808K), 0.0004460 secs] [Times: user=0.00 sys=0.00, real=0.00 secs] 
197.315: Total time for which application threads were stopped: 0.0020130 seconds, Stopping threads took: 0.0015020 seconds
197.349: Application time: 0.0341370 seconds
197.349: [GC197.349: [ParNew: 6988K->341K(7424K), 0.0003130 secs] 10862K->4216K(23808K), 0.0003340 secs] [Times: user=0.00 sys=0.00, real=0.00 secs] 
197.349: Total time for which application threads were stopped: 0.0004390 seconds, Stopping threads took: 0.0000490 seconds
197.383: Application time: 0.0342570 seconds
197.383: [GC197.383: [ParNew: 6997K->343K(7424K), 0.0003020 secs] 10872K->4218K(23808K), 0.0003200 secs] [Times: user=0.00 sys=0.00, real=0.00 secs] 
197.384: Total time for which application threads were stopped: 0.0004080 seconds, Stopping threads took: 0.0000380 seconds
197.418: Application time: 0.0345510 seconds
197.418: [GC197.418: [ParNew: 6999K->342K(7424K), 0.0002400 secs] 10874K->4216K(23808K), 0.0002570 secs] [Times: user=0.00 sys=0.00, real=0.00 secs] 
197.419: Total time for which application threads were stopped: 0.0003450 seconds, Stopping threads took: 0.0000410 seconds
197.453: Application time: 0.0344410 seconds
197.453: [GC197.453: [ParNew: 6998K->246K(7424K), 0.0002620 secs] 10872K->4237K(23808K), 0.0002790 secs] [Times: user=0.00 sys=0.00, real=0.00 secs] 
197.454: Total time for which application threads were stopped: 0.0003710 seconds, Stopping threads took: 0.0000450 seconds
197.488: Application time: 0.0341450 seconds
197.488: [GC197.488: [ParNew: 6902K->193K(7424K), 0.0002500 secs] 10893K->4272K(23808K), 0.0002670 secs] [Times: user=0.00 sys=0.00, real=0.00 secs] 
197.488: Total time for which application threads were stopped: 0.0003610 seconds, Stopping threads took: 0.0000460 seconds
197.523: Application time: 0.0344840 seconds
197.523: [GC197.523: [ParNew: 6849K->168K(7424K), 0.0002300 secs] 10928K->4303K(23808K), 0.0002460 secs] [Times: user=0.00 sys=0.00, real=0.00 secs] 
197.523: Total time for which application threads were stopped: 0.0003350 seconds, Stopping threads took: 0.0000430 seconds
197.557: Application time: 0.0345520 seconds
197.557: [GC197.558: [ParNew: 6824K->174K(7424K), 0.0002980 secs] 10959K->4309K(23808K), 0.0003170 secs] [Times: user=0.00 sys=0.00, real=0.00 secs] 
197.558: Total time for which application threads were stopped: 0.0004070 seconds, Stopping threads took: 0.0000430 seconds
197.592: Application time: 0.0341980 seconds
197.592: [GC197.592: [ParNew: 6830K->162K(7424K), 0.0002340 secs] 10965K->4297K(23808K), 0.0002500 secs] [Times: user=0.00 sys=0.00, real=0.00 secs] 
197.592: Total time for which application threads were stopped: 0.0003530 seconds, Stopping threads took: 0.0000460 seconds
197.626: Application time: 0.0336700 seconds
197.626: [GC197.626: [ParNew: 6818K->223K(7424K), 0.0002470 secs] 10953K->4358K(23808K), 0.0002640 secs] [Times: user=0.00 sys=0.00, real=0.00 secs] 
197.626: Total time for which application threads were stopped: 0.0003560 seconds, Stopping threads took: 0.0000450 seconds
197.659: Application time: 0.0328130 seconds
197.659: [GC197.659: [ParNew: 6879K->312K(7424K), 0.0002690 secs] 11014K->4447K(23808K), 0.0002870 secs] [Times: user=0.00 sys=0.00, real=0.00 secs] 
197.660: Total time for which application threads were stopped: 0.0003730 seconds, Stopping threads took: 0.0000380 seconds
197.693: Application time: 0.0338820 seconds
197.694: [GC197.694: [ParNew: 6968K->342K(7424K), 0.0002700 secs] 11103K->4477K(23808K), 0.0002880 secs] [Times: user=0.00 sys=0.00, real=0.00 secs] 
197.694: Total time for which application threads were stopped: 0.0003940 seconds, Stopping threads took: 0.0000570 seconds
197.727: Application time: 0.0333900 seconds
197.727: [GC197.727: [ParNew: 6998K->400K(7424K), 0.0003550 secs] 11133K->4535K(23808K), 0.0003730 secs] [Times: user=0.00 sys=0.00, real=0.00 secs] 
197.728: Total time for which application threads were stopped: 0.0004810 seconds, Stopping threads took: 0.0000570 seconds
197.762: Application time: 0.0342440 seconds
197.762: [GC197.762: [ParNew: 7056K->395K(7424K), 0.0003120 secs] 11191K->4530K(23808K), 0.0003280 secs] [Times: user=0.00 sys=0.00, real=0.00 secs] 
197.762: Total time for which application threads were stopped: 0.0004310 seconds, Stopping threads took: 0.0000550 seconds
197.797: Application time: 0.0343820 seconds
197.797: [GC197.797: [ParNew: 7051K->311K(7424K), 0.0002740 secs] 11186K->4573K(23808K), 0.0002920 secs] [Times: user=0.01 sys=0.00, real=0.00 secs] 
197.797: Total time for which application threads were stopped: 0.0003740 seconds, Stopping threads took: 0.0000370 seconds
197.832: Application time: 0.0343560 seconds
197.832: [GC197.832: [ParNew: 6967K->307K(7424K), 0.0002960 secs] 11229K->4570K(23808K), 0.0003130 secs] [Times: user=0.00 sys=0.00, real=0.00 secs] 
197.832: Total time for which application threads were stopped: 0.0003970 seconds, Stopping threads took: 0.0000380 seconds
197.866: Application time: 0.0341430 seconds
197.866: [GC197.866: [ParNew: 6963K->304K(7424K), 0.0003300 secs] 11226K->4567K(23808K), 0.0003470 secs] [Times: user=0.00 sys=0.00, real=0.00 secs] 
197.867: Total time for which application threads were stopped: 0.0004370 seconds, Stopping threads took: 0.0000450 seconds
197.901: Application time: 0.0344700 seconds
197.901: [GC197.901: [ParNew: 6960K->303K(7424K), 0.0003080 secs] 11223K->4566K(23808K), 0.0003250 secs] [Times: user=0.00 sys=0.00, real=0.00 secs] 
197.901: Total time for which application threads were stopped: 0.0004130 seconds, Stopping threads took: 0.0000430 seconds
197.936: Application time: 0.0344590 seconds
197.936: [GC197.936: [ParNew: 6959K->311K(7424K), 0.0002820 secs] 11222K->4574K(23808K), 0.0002980 secs] [Times: user=0.00 sys=0.00, real=0.00 secs] 
197.936: Total time for which application threads were stopped: 0.0003810 seconds, Stopping threads took: 0.0000360 seconds
197.970: Application time: 0.0341800 seconds
197.970: [GC197.971: [ParNew: 6967K->301K(7424K), 0.0002400 secs] 11230K->4564K(23808K), 0.0002580 secs] [Times: user=0.00 sys=0.00, real=0.00 secs] 
197.971: Total time for which application threads were stopped: 0.0003400 seconds, Stopping threads took: 0.0000340 seconds
198.005: Application time: 0.0343780 seconds
198.005: [GC198.005: [ParNew: 6957K->333K(7424K), 0.0002870 secs] 11220K->4596K(23808K), 0.0003040 secs] [Times: user=0.00 sys=0.00, real=0.00 secs] 
198.006: Total time for which application threads were stopped: 0.0003900 seconds, Stopping threads took: 0.0000410 seconds
198.040: Application time: 0.0339810 seconds
198.042: [GC198.042: [ParNew: 6989K->337K(7424K), 0.0002670 secs] 11252K->4599K(23808K), 0.0002840 secs] [Times: user=0.00 sys=0.00, real=0.00 secs] 
198.042: Total time for which application threads were stopped: 0.0028730 seconds, Stopping threads took: 0.0025390 seconds
198.077: Application time: 0.0343340 seconds
198.077: [GC198.077: [ParNew: 6993K->340K(7424K), 0.0002470 secs] 11255K->4603K(23808K), 0.0002720 secs] [Times: user=0.00 sys=0.00, real=0.00 secs] 
198.077: Total time for which application threads were stopped: 0.0003680 seconds, Stopping threads took: 0.0000500 seconds
198.113: Application time: 0.0354520 seconds
198.113: [GC198.113: [ParNew: 6996K->339K(7424K), 0.0003180 secs] 11259K->4602K(23808K), 0.0003410 secs] [Times: user=0.00 sys=0.00, real=0.00 secs] 
198.113: Total time for which application threads were stopped: 0.0004690 seconds, Stopping threads took: 0.0000620 seconds
198.147: Application time: 0.0343700 seconds
198.147: [GC198.147: [ParNew: 6995K->340K(7424K), 0.0002600 secs] 11258K->4603K(23808K), 0.0002780 secs] [Times: user=0.01 sys=0.00, real=0.00 secs] 
198.148: Total time for which application threads were stopped: 0.0003670 seconds, Stopping threads took: 0.0000420 seconds
198.182: Application time: 0.0342330 seconds
198.182: [GC198.182: [ParNew: 6996K->245K(7424K), 0.0003000 secs] 11259K->4636K(23808K), 0.0003180 secs] [Times: user=0.00 sys=0.00, real=0.00 secs] 
198.182: Total time for which application threads were stopped: 0.0004250 seconds, Stopping threads took: 0.0000600 seconds
198.217: Application time: 0.0348140 seconds
198.217: [GC198.217: [ParNew: 6901K->226K(7424K), 0.0002570 secs] 11292K->4681K(23808K), 0.0002730 secs] [Times: user=0.00 sys=0.00, real=0.00 secs] 
198.218: Total time for which application threads were stopped: 0.0003580 seconds, Stopping threads took: 0.0000410 seconds
198.252: Application time: 0.0342600 seconds
198.252: [GC198.252: [ParNew: 6882K->168K(7424K), 0.0002420 secs] 11337K->4719K(23808K), 0.0002620 secs] [Times: user=0.00 sys=0.00, real=0.00 secs] 
198.252: Total time for which application threads were stopped: 0.0003560 seconds, Stopping threads took: 0.0000470 seconds
198.287: Application time: 0.0344410 seconds
198.287: [GC198.287: [ParNew: 6824K->166K(7424K), 0.0003100 secs] 11375K->4717K(23808K), 0.0003250 secs] [Times: user=0.00 sys=0.00, real=0.00 secs] 
198.287: Total time for which application threads were stopped: 0.0004020 seconds, Stopping threads took: 0.0000380 seconds
198.322: Application time: 0.0348460 seconds
198.322: [GC198.322: [ParNew: 6822K->161K(7424K), 0.0002840 secs] 11373K->4712K(23808K), 0.0003110 secs] [Times: user=0.00 sys=0.00, real=0.01 secs] 
198.322: Total time for which application threads were stopped: 0.0004340 seconds, Stopping threads took: 0.0000600 seconds
198.356: Application time: 0.0333280 seconds
198.356: [GC198.356: [ParNew: 6817K->221K(7424K), 0.0002250 secs] 11368K->4772K(23808K), 0.0002440 secs] [Times: user=0.00 sys=0.00, real=0.00 secs] 
198.356: Total time for which application threads were stopped: 0.0003570 seconds, Stopping threads took: 0.0000610 seconds
198.389: Application time: 0.0334240 seconds
198.390: [GC198.390: [ParNew: 6877K->264K(7424K), 0.0003230 secs] 11428K->4815K(23808K), 0.0003400 secs] [Times: user=0.01 sys=0.00, real=0.00 secs] 
198.390: Total time for which application threads were stopped: 0.0004220 seconds, Stopping threads took: 0.0000350 seconds
198.423: Application time: 0.0333850 seconds
198.423: [GC198.423: [ParNew: 6920K->336K(7424K), 0.0003470 secs] 11471K->4887K(23808K), 0.0003660 secs] [Times: user=0.01 sys=0.00, real=0.00 secs] 
198.424: Total time for which application threads were stopped: 0.0004630 seconds, Stopping threads took: 0.0000480 seconds
198.457: Application time: 0.0330850 seconds
198.457: [GC198.457: [ParNew: 6992K->396K(7424K), 0.0003110 secs] 11543K->4947K(23808K), 0.0003290 secs] [Times: user=0.00 sys=0.00, real=0.00 secs] 
198.457: Total time for which application threads were stopped: 0.0004260 seconds, Stopping threads took: 0.0000460 seconds
198.492: Application time: 0.0346100 seconds
198.492: [GC198.492: [ParNew: 7052K->402K(7424K), 0.0002790 secs] 11603K->4953K(23808K), 0.0002970 secs] [Times: user=0.00 sys=0.00, real=0.00 secs] 
198.492: Total time for which application threads were stopped: 0.0003960 seconds, Stopping threads took: 0.0000490 seconds
198.526: Application time: 0.0342480 seconds
198.527: [GC198.527: [ParNew: 7058K->394K(7424K), 0.0003010 secs] 11609K->4945K(23808K), 0.0003270 secs] [Times: user=0.00 sys=0.00, real=0.00 secs] 
198.527: Total time for which application threads were stopped: 0.0004260 seconds, Stopping threads took: 0.0000480 seconds
198.561: Application time: 0.0341180 seconds
198.561: [GC198.561: [ParNew: 7050K->401K(7424K), 0.0002930 secs] 11601K->4952K(23808K), 0.0003100 secs] [Times: user=0.00 sys=0.00, real=0.00 secs] 
198.561: Total time for which application threads were stopped: 0.0004050 seconds, Stopping threads took: 0.0000450 seconds
198.596: Application time: 0.0345610 seconds
198.596: [GC198.596: [ParNew: 7057K->398K(7424K), 0.0003180 secs] 11608K->4949K(23808K), 0.0003340 secs] [Times: user=0.00 sys=0.00, real=0.00 secs] 
198.596: Total time for which application threads were stopped: 0.0004230 seconds, Stopping threads took: 0.0000400 seconds
198.631: Application time: 0.0345580 seconds
198.631: [GC198.631: [ParNew: 7054K->395K(7424K), 0.0002930 secs] 11605K->4946K(23808K), 0.0003110 secs] [Times: user=0.00 sys=0.00, real=0.00 secs] 
198.631: Total time for which application threads were stopped: 0.0004180 seconds, Stopping threads took: 0.0000460 seconds
198.666: Application time: 0.0342460 seconds
198.666: [GC198.666: [ParNew: 7051K->392K(7424K), 0.0002880 secs] 11602K->4943K(23808K), 0.0003060 secs] [Times: user=0.00 sys=0.00, real=0.00 secs] 
198.666: Total time for which application threads were stopped: 0.0003990 seconds, Stopping threads took: 0.0000440 seconds
198.701: Application time: 0.0348320 seconds
198.701: [GC198.701: [ParNew: 7048K->395K(7424K), 0.0003050 secs] 11599K->4946K(23808K), 0.0003260 secs] [Times: user=0.00 sys=0.00, real=0.00 secs] 
198.701: Total time for which application threads were stopped: 0.0004260 seconds, Stopping threads took: 0.0000510 seconds
198.735: Application time: 0.0339590 seconds
198.735: [GC198.735: [ParNew: 7051K->396K(7424K), 0.0002640 secs] 11602K->4947K(23808K), 0.0002840 secs] [Times: user=0.00 sys=0.00, real=0.00 secs] 
198.736: Total time for which application threads were stopped: 0.0003810 seconds, Stopping threads took: 0.0000460 seconds
198.769: Application time: 0.0337890 seconds
198.770: [GC198.770: [ParNew: 7052K->409K(7424K), 0.0002690 secs] 11603K->4960K(23808K), 0.0002850 secs] [Times: user=0.00 sys=0.00, real=0.00 secs] 
198.770: Total time for which application threads were stopped: 0.0003840 seconds, Stopping threads took: 0.0000490 seconds
198.804: Application time: 0.0343680 seconds
198.804: [GC198.804: [ParNew: 7065K->333K(7424K), 0.0003030 secs] 11616K->4965K(23808K), 0.0003240 secs] [Times: user=0.01 sys=0.00, real=0.00 secs] 
198.805: Total time for which application threads were stopped: 0.0004210 seconds, Stopping threads took: 0.0000470 seconds
198.839: Application time: 0.0341970 seconds
198.839: [GC198.839: [ParNew: 6989K->341K(7424K), 0.0002620 secs] 11621K->4972K(23808K), 0.0002790 secs] [Times: user=0.00 sys=0.00, real=0.00 secs] 
198.839: Total time for which application threads were stopped: 0.0003730 seconds, Stopping threads took: 0.0000450 seconds
198.874: Application time: 0.0345890 seconds
198.874: [GC198.874: [ParNew: 6997K->337K(7424K), 0.0002800 secs] 11628K->4969K(23808K), 0.0002990 secs] [Times: user=0.00 sys=0.00, real=0.01 secs] 
198.874: Total time for which application threads were stopped: 0.0004030 seconds, Stopping threads took: 0.0000540 seconds
198.909: Application time: 0.0344840 seconds
198.909: [GC198.909: [ParNew: 6993K->274K(7424K), 0.0002510 secs] 11625K->5001K(23808K), 0.0002700 secs] [Times: user=0.00 sys=0.00, real=0.00 secs] 
198.909: Total time for which application threads were stopped: 0.0003720 seconds, Stopping threads took: 0.0000520 seconds
198.943: Application time: 0.0340320 seconds
198.946: [GC198.946: [ParNew: 6930K->220K(7424K), 0.0002460 secs] 11657K->5055K(23808K), 0.0002640 secs] [Times: user=0.00 sys=0.00, real=0.00 secs] 
198.946: Total time for which application threads were stopped: 0.0032830 seconds, Stopping threads took: 0.0029690 seconds
198.981: Application time: 0.0345770 seconds
198.981: [GC198.981: [ParNew: 6876K->168K(7424K), 0.0003060 secs] 11711K->5099K(23808K), 0.0003300 secs] [Times: user=0.00 sys=0.00, real=0.00 secs] 
198.981: Total time for which application threads were stopped: 0.0004290 seconds, Stopping threads took: 0.0000500 seconds
199.016: Application time: 0.0345990 seconds
199.016: [GC199.016: [ParNew: 6824K->163K(7424K), 0.0002290 secs] 11755K->5095K(23808K), 0.0002470 secs] [Times: user=0.00 sys=0.00, real=0.00 secs] 
199.016: Total time for which application threads were stopped: 0.0003420 seconds, Stopping threads took: 0.0000480 seconds
199.051: Application time: 0.0342410 seconds
199.051: [GC199.051: [ParNew: 6819K->166K(7424K), 0.0002420 secs] 11751K->5097K(23808K), 0.0002590 secs] [Times: user=0.00 sys=0.00, real=0.00 secs] 
199.051: Total time for which application threads were stopped: 0.0003510 seconds, Stopping threads took: 0.0000440 seconds
199.085: Application time: 0.0337480 seconds
199.085: [GC199.085: [ParNew: 6817K->190K(7424K), 0.0002400 secs] 11749K->5122K(23808K), 0.0002560 secs] [Times: user=0.00 sys=0.00, real=0.00 secs] 
199.085: Total time for which application threads were stopped: 0.0003570 seconds, Stopping threads took: 0.0000490 seconds
199.119: Application time: 0.0335580 seconds
199.119: [GC199.119: [ParNew: 6846K->245K(7424K), 0.0003100 secs] 11778K->5177K(23808K), 0.0003280 secs] [Times: user=0.00 sys=0.00, real=0.00 secs] 
199.119: Total time for which application threads were stopped: 0.0004470 seconds, Stopping threads took: 0.0000690 seconds
199.152: Application time: 0.0328900 seconds
199.152: [GC199.152: [ParNew: 6901K->332K(7424K), 0.0002790 secs] 11833K->5263K(23808K), 0.0002950 secs] [Times: user=0.00 sys=0.00, real=0.00 secs] 
199.152: Total time for which application threads were stopped: 0.0004070 seconds, Stopping threads took: 0.0000530 seconds
199.187: Application time: 0.0342590 seconds
199.187: [GC199.187: [ParNew: 6988K->328K(7424K), 0.0002680 secs] 11919K->5259K(23808K), 0.0002840 secs] [Times: user=0.01 sys=0.00, real=0.00 secs] 
199.187: Total time for which application threads were stopped: 0.0003920 seconds, Stopping threads took: 0.0000600 seconds
199.221: Application time: 0.0335460 seconds
199.221: [GC199.221: [ParNew: 6984K->394K(7424K), 0.0002660 secs] 11915K->5325K(23808K), 0.0002840 secs] [Times: user=0.01 sys=0.00, real=0.00 secs] 
199.221: Total time for which application threads were stopped: 0.0003740 seconds, Stopping threads took: 0.0000390 seconds
199.255: Application time: 0.0341530 seconds
199.255: [GC199.255: [ParNew: 7050K->398K(7424K), 0.0002930 secs] 11981K->5329K(23808K), 0.0003110 secs] [Times: user=0.00 sys=0.00, real=0.00 secs] 
199.255: Total time for which application threads were stopped: 0.0004020 seconds, Stopping threads took: 0.0000410 seconds
199.290: Application time: 0.0340450 seconds
199.290: [GC199.290: [ParNew: 7054K->398K(7424K), 0.0003570 secs] 11985K->5329K(23808K), 0.0003730 secs] [Times: user=0.00 sys=0.00, real=0.00 secs] 
199.290: Total time for which application threads were stopped: 0.0004700 seconds, Stopping threads took: 0.0000510 seconds
199.325: Application time: 0.0350020 seconds
199.325: [GC199.325: [ParNew: 7054K->340K(7424K), 0.0003560 secs] 11985K->5359K(23808K), 0.0003820 secs] [Times: user=0.00 sys=0.00, real=0.00 secs] 
199.325: Total time for which application threads were stopped: 0.0005080 seconds, Stopping threads took: 0.0000590 seconds
199.360: Application time: 0.0342650 seconds
199.360: [GC199.360: [ParNew: 6996K->339K(7424K), 0.0003290 secs] 12015K->5358K(23808K), 0.0003460 secs] [Times: user=0.00 sys=0.00, real=0.00 secs] 
199.360: Total time for which application threads were stopped: 0.0004510 seconds, Stopping threads took: 0.0000520 seconds
199.395: Application time: 0.0344180 seconds
199.395: [GC199.395: [ParNew: 6995K->338K(7424K), 0.0003180 secs] 12014K->5357K(23808K), 0.0003350 secs] [Times: user=0.00 sys=0.00, real=0.00 secs] 
199.395: Total time for which application threads were stopped: 0.0004240 seconds, Stopping threads took: 0.0000350 seconds
199.430: Application time: 0.0346550 seconds
199.430: [GC199.430: [ParNew: 6994K->337K(7424K), 0.0002700 secs] 12013K->5357K(23808K), 0.0002880 secs] [Times: user=0.00 sys=0.00, real=0.00 secs] 
199.430: Total time for which application threads were stopped: 0.0003690 seconds, Stopping threads took: 0.0000320 seconds
199.465: Application time: 0.0345760 seconds
199.465: [GC199.465: [ParNew: 6993K->347K(7424K), 0.0002700 secs] 12013K->5366K(23808K), 0.0002870 secs] [Times: user=0.00 sys=0.00, real=0.00 secs] 
199.465: Total time for which application threads were stopped: 0.0003800 seconds, Stopping threads took: 0.0000440 seconds
199.499: Application time: 0.0340560 seconds
199.499: [GC199.499: [ParNew: 7003K->326K(7424K), 0.0003330 secs] 12022K->5345K(23808K), 0.0003490 secs] [Times: user=0.00 sys=0.00, real=0.00 secs] 
199.500: Total time for which application threads were stopped: 0.0004320 seconds, Stopping threads took: 0.0000370 seconds
199.534: Application time: 0.0340140 seconds
199.534: [GC199.534: [ParNew: 6982K->343K(7424K), 0.0003230 secs] 12001K->5362K(23808K), 0.0003400 secs] [Times: user=0.01 sys=0.00, real=0.00 secs] 
199.534: Total time for which application threads were stopped: 0.0004340 seconds, Stopping threads took: 0.0000450 seconds
199.569: Application time: 0.0345640 seconds
199.569: [GC199.569: [ParNew: 6999K->356K(7424K), 0.0002710 secs] 12018K->5375K(23808K), 0.0002900 secs] [Times: user=0.00 sys=0.00, real=0.00 secs] 
199.569: Total time for which application threads were stopped: 0.0003850 seconds, Stopping threads took: 0.0000440 seconds
199.603: Application time: 0.0344110 seconds
199.603: [GC199.603: [ParNew: 7012K->358K(7424K), 0.0002670 secs] 12031K->5377K(23808K), 0.0002850 secs] [Times: user=0.00 sys=0.00, real=0.00 secs] 
199.604: Total time for which application threads were stopped: 0.0003890 seconds, Stopping threads took: 0.0000560 seconds
199.639: Application time: 0.0353690 seconds
199.639: [GC199.639: [ParNew: 7014K->317K(7424K), 0.0003380 secs] 12033K->5416K(23808K), 0.0003590 secs] [Times: user=0.00 sys=0.00, real=0.00 secs] 
199.640: Total time for which application threads were stopped: 0.0004730 seconds, Stopping threads took: 0.0000550 seconds
199.674: Application time: 0.0341240 seconds
199.674: [GC199.674: [ParNew: 6973K->231K(7424K), 0.0002600 secs] 12072K->5450K(23808K), 0.0002820 secs] [Times: user=0.00 sys=0.00, real=0.01 secs] 
199.674: Total time for which application threads were stopped: 0.0004040 seconds, Stopping threads took: 0.0000610 seconds
199.709: Application time: 0.0347610 seconds
199.709: [GC199.709: [ParNew: 6887K->223K(7424K), 0.0002270 secs] 12106K->5451K(23808K), 0.0002450 secs] [Times: user=0.00 sys=0.00, real=0.00 secs] 
199.709: Total time for which application threads were stopped: 0.0003280 seconds, Stopping threads took: 0.0000360 seconds
199.743: Application time: 0.0340030 seconds
199.743: [GC199.743: [ParNew: 6879K->162K(7424K), 0.0002250 secs] 12107K->5478K(23808K), 0.0002430 secs] [Times: user=0.00 sys=0.00, real=0.00 secs] 
199.744: Total time for which application threads were stopped: 0.0003290 seconds, Stopping threads took: 0.0000390 seconds
199.778: Application time: 0.0346480 seconds
199.778: [GC199.778: [ParNew: 6818K->168K(7424K), 0.0002310 secs] 12134K->5483K(23808K), 0.0002510 secs] [Times: user=0.00 sys=0.00, real=0.00 secs] 
199.779: Total time for which application threads were stopped: 0.0003380 seconds, Stopping threads took: 0.0000400 seconds
199.812: Application time: 0.0338310 seconds
199.812: [GC199.812: [ParNew: 6824K->183K(7424K), 0.0002310 secs] 12139K->5498K(23808K), 0.0002480 secs] [Times: user=0.00 sys=0.00, real=0.00 secs] 
199.813: Total time for which application threads were stopped: 0.0003330 seconds, Stopping threads took: 0.0000380 seconds
199.846: Application time: 0.0336040 seconds
199.846: [GC199.846: [ParNew: 6839K->234K(7424K), 0.0002170 secs] 12154K->5550K(23808K), 0.0002350 secs] [Times: user=0.01 sys=0.00, real=0.00 secs] 
199.847: Total time for which application threads were stopped: 0.0003370 seconds, Stopping threads took: 0.0000440 seconds
199.879: Application time: 0.0324040 seconds
199.879: [GC199.879: [ParNew: 6890K->341K(7424K), 0.0002650 secs] 12206K->5657K(23808K), 0.0002830 secs] [Times: user=0.00 sys=0.00, real=0.00 secs] 
199.879: Total time for which application threads were stopped: 0.0003740 seconds, Stopping threads took: 0.0000410 seconds
199.914: Application time: 0.0349360 seconds
199.914: [GC199.914: [ParNew: 6997K->344K(7424K), 0.0002750 secs] 12313K->5659K(23808K), 0.0002920 secs] [Times: user=0.00 sys=0.00, real=0.00 secs] 
199.915: Total time for which application threads were stopped: 0.0003810 seconds, Stopping threads took: 0.0000430 seconds
199.948: Application time: 0.0329210 seconds
199.948: [GC199.948: [ParNew: 7000K->397K(7424K), 0.0002940 secs] 12315K->5712K(23808K), 0.0003110 secs] [Times: user=0.01 sys=0.00, real=0.00 secs] 
199.948: Total time for which application threads were stopped: 0.0004090 seconds, Stopping threads took: 0.0000490 seconds
199.983: Application time: 0.0349010 seconds
199.983: [GC199.983: [ParNew: 7053K->387K(7424K), 0.0002920 secs] 12368K->5702K(23808K), 0.0003100 secs] [Times: user=0.00 sys=0.00, real=0.00 secs] 
199.983: Total time for which application threads were stopped: 0.0004020 seconds, Stopping threads took: 0.0000440 seconds
200.018: Application time: 0.0342470 seconds
200.018: [GC200.018: [ParNew: 7043K->393K(7424K), 0.0002750 secs] 12358K->5709K(23808K), 0.0002930 secs] [Times: user=0.00 sys=0.00, real=0.00 secs] 
200.018: Total time for which application threads were stopped: 0.0003780 seconds, Stopping threads took: 0.0000400 seconds
200.052: Application time: 0.0342000 seconds
200.052: [GC200.052: [ParNew: 7049K->396K(7424K), 0.0002930 secs] 12365K->5712K(23808K), 0.0003100 secs] [Times: user=0.00 sys=0.00, real=0.00 secs] 
200.053: Total time for which application threads were stopped: 0.0003990 seconds, Stopping threads took: 0.0000420 seconds
200.087: Application time: 0.0345460 seconds
200.087: [GC200.087: [ParNew: 7052K->399K(7424K), 0.0003390 secs] 12368K->5715K(23808K), 0.0003560 secs] [Times: user=0.00 sys=0.00, real=0.00 secs] 
200.088: Total time for which application threads were stopped: 0.0004440 seconds, Stopping threads took: 0.0000390 seconds
200.122: Application time: 0.0343230 seconds
200.122: [GC200.122: [ParNew: 7055K->405K(7424K), 0.0002820 secs] 12371K->5721K(23808K), 0.0003000 secs] [Times: user=0.00 sys=0.00, real=0.01 secs] 
200.122: Total time for which application threads were stopped: 0.0003930 seconds, Stopping threads took: 0.0000440 seconds
200.157: Application time: 0.0343120 seconds
200.157: [GC200.157: [ParNew: 7061K->388K(7424K), 0.0002840 secs] 12377K->5704K(23808K), 0.0003020 secs] [Times: user=0.00 sys=0.00, real=0.00 secs] 
200.157: Total time for which application threads were stopped: 0.0003980 seconds, Stopping threads took: 0.0000460 seconds
200.191: Application time: 0.0342170 seconds
200.191: [GC200.191: [ParNew: 7044K->392K(7424K), 0.0002930 secs] 12360K->5707K(23808K), 0.0003100 secs] [Times: user=0.00 sys=0.00, real=0.00 secs] 
200.192: Total time for which application threads were stopped: 0.0004140 seconds, Stopping threads took: 0.0000450 seconds
200.226: Application time: 0.0346210 seconds
200.226: [GC200.226: [ParNew: 7048K->394K(7424K), 0.0002850 secs] 12363K->5709K(23808K), 0.0003020 secs] [Times: user=0.00 sys=0.00, real=0.00 secs] 
200.227: Total time for which application threads were stopped: 0.0004000 seconds, Stopping threads took: 0.0000500 seconds
200.261: Application time: 0.0341200 seconds
200.261: [GC200.261: [ParNew: 7050K->394K(7424K), 0.0002660 secs] 12365K->5710K(23808K), 0.0002830 secs] [Times: user=0.00 sys=0.00, real=0.00 secs] 
200.261: Total time for which application threads were stopped: 0.0003690 seconds, Stopping threads took: 0.0000340 seconds
200.296: Application time: 0.0343890 seconds
200.296: [GC200.296: [ParNew: 7050K->398K(7424K), 0.0002600 secs] 12366K->5713K(23808K), 0.0002850 secs] [Times: user=0.01 sys=0.00, real=0.00 secs] 
200.296: Total time for which application threads were stopped: 0.0003760 seconds, Stopping threads took: 0.0000430 seconds
200.331: Application time: 0.0346160 seconds
200.331: [GC200.331: [ParNew: 7054K->377K(7424K), 0.0003140 secs] 12369K->5749K(23808K), 0.0003350 secs] [Times: user=0.00 sys=0.00, real=0.00 secs] 
200.331: Total time for which application threads were stopped: 0.0004570 seconds, Stopping threads took: 0.0000590 seconds
200.365: Application time: 0.0342020 seconds
200.365: [GC200.365: [ParNew: 7033K->327K(7424K), 0.0002840 secs] 12405K->5763K(23808K), 0.0003010 secs] [Times: user=0.01 sys=0.00, real=0.00 secs] 
200.366: Total time for which application threads were stopped: 0.0003890 seconds, Stopping threads took: 0.0000410 seconds
200.400: Application time: 0.0342190 seconds
200.400: [GC200.400: [ParNew: 6983K->225K(7424K), 0.0002810 secs] 12419K->5813K(23808K), 0.0002980 secs] [Times: user=0.00 sys=0.00, real=0.00 secs] 
200.400: Total time for which application threads were stopped: 0.0003830 seconds, Stopping threads took: 0.0000370 seconds
200.435: Application time: 0.0344570 seconds
200.435: [GC200.435: [ParNew: 6881K->229K(7424K), 0.0002420 secs] 12469K->5817K(23808K), 0.0002600 secs] [Times: user=0.00 sys=0.00, real=0.00 secs] 
200.435: Total time for which application threads were stopped: 0.0003540 seconds, Stopping threads took: 0.0000470 seconds
200.469: Application time: 0.0344790 seconds
200.470: [GC200.470: [ParNew: 6885K->172K(7424K), 0.0002280 secs] 12473K->5864K(23808K), 0.0002450 secs] [Times: user=0.01 sys=0.00, real=0.00 secs] 
200.470: Total time for which application threads were stopped: 0.0003330 seconds, Stopping threads took: 0.0000410 seconds
200.504: Application time: 0.0343070 seconds
200.504: [GC200.504: [ParNew: 6828K->165K(7424K), 0.0002960 secs] 12520K->5857K(23808K), 0.0003120 secs] [Times: user=0.00 sys=0.00, real=0.00 secs] 
200.505: Total time for which application threads were stopped: 0.0004060 seconds, Stopping threads took: 0.0000480 seconds
200.539: Application time: 0.0341590 seconds
200.539: [GC200.539: [ParNew: 6821K->162K(7424K), 0.0002270 secs] 12513K->5854K(23808K), 0.0002450 secs] [Times: user=0.01 sys=0.00, real=0.00 secs] 
200.539: Total time for which application threads were stopped: 0.0003370 seconds, Stopping threads took: 0.0000440 seconds
200.573: Application time: 0.0337580 seconds
200.573: [GC200.573: [ParNew: 6818K->216K(7424K), 0.0002220 secs] 12510K->5908K(23808K), 0.0002410 secs] [Times: user=0.00 sys=0.00, real=0.00 secs] 
200.573: Total time for which application threads were stopped: 0.0003380 seconds, Stopping threads took: 0.0000460 seconds
200.606: Application time: 0.0326940 seconds
200.606: [GC200.606: [ParNew: 6872K->306K(7424K), 0.0003250 secs] 12564K->5998K(23808K), 0.0003440 secs] [Times: user=0.00 sys=0.00, real=0.00 secs] 
200.606: Total time for which application threads were stopped: 0.0004370 seconds, Stopping threads took: 0.0000420 seconds
200.640: Application time: 0.0339130 seconds
200.642: [GC200.642: [ParNew: 6962K->333K(7424K), 0.0003130 secs] 12654K->6025K(23808K), 0.0003320 secs] [Times: user=0.01 sys=0.00, real=0.00 secs] 
200.642: Total time for which application threads were stopped: 0.0022580 seconds, Stopping threads took: 0.0018760 seconds
200.676: Application time: 0.0333900 seconds
200.676: [GC200.676: [ParNew: 6989K->396K(7424K), 0.0002860 secs] 12681K->6088K(23808K), 0.0003030 secs] [Times: user=0.01 sys=0.00, real=0.00 secs] 
200.676: Total time for which application threads were stopped: 0.0004070 seconds, Stopping threads took: 0.0000510 seconds
200.711: Application time: 0.0344670 seconds
200.711: [GC200.711: [ParNew: 7052K->311K(7424K), 0.0002880 secs] 12744K->6139K(23808K), 0.0003050 secs] [Times: user=0.00 sys=0.00, real=0.00 secs] 
200.711: Total time for which application threads were stopped: 0.0004100 seconds, Stopping threads took: 0.0000470 seconds
200.745: Application time: 0.0342270 seconds
200.746: [GC200.746: [ParNew: 6967K->298K(7424K), 0.0002680 secs] 12795K->6125K(23808K), 0.0002960 secs] [Times: user=0.00 sys=0.00, real=0.00 secs] 
200.746: Total time for which application threads were stopped: 0.0010690 seconds, Stopping threads took: 0.0007230 seconds
200.781: Application time: 0.0341470 seconds
200.781: [GC200.781: [ParNew: 6954K->310K(7424K), 0.0002600 secs] 12781K->6138K(23808K), 0.0002780 secs] [Times: user=0.00 sys=0.00, real=0.00 secs] 
200.781: Total time for which application threads were stopped: 0.0003860 seconds, Stopping threads took: 0.0000590 seconds
200.816: Application time: 0.0347520 seconds
200.816: [GC200.816: [ParNew: 6966K->308K(7424K), 0.0002410 secs] 12794K->6136K(23808K), 0.0002580 secs] [Times: user=0.00 sys=0.00, real=0.00 secs] 
200.816: Total time for which application threads were stopped: 0.0003640 seconds, Stopping threads took: 0.0000570 seconds
200.850: Application time: 0.0342840 seconds
200.850: [GC200.850: [ParNew: 6964K->296K(7424K), 0.0003140 secs] 12792K->6124K(23808K), 0.0003320 secs] [Times: user=0.00 sys=0.00, real=0.00 secs] 
200.851: Total time for which application threads were stopped: 0.0004220 seconds, Stopping threads took: 0.0000420 seconds
200.885: Application time: 0.0345100 seconds
200.885: [GC200.885: [ParNew: 6952K->303K(7424K), 0.0003110 secs] 12780K->6131K(23808K), 0.0003290 secs] [Times: user=0.00 sys=0.00, real=0.00 secs] 
200.886: Total time for which application threads were stopped: 0.0004230 seconds, Stopping threads took: 0.0000470 seconds
200.920: Application time: 0.0343300 seconds
200.920: [GC200.920: [ParNew: 6959K->320K(7424K), 0.0003350 secs] 12787K->6148K(23808K), 0.0003520 secs] [Times: user=0.00 sys=0.00, real=0.00 secs] 
200.921: Total time for which application threads were stopped: 0.0004420 seconds, Stopping threads took: 0.0000400 seconds
200.955: Application time: 0.0342750 seconds
200.955: [GC200.955: [ParNew: 6976K->337K(7424K), 0.0002480 secs] 12804K->6165K(23808K), 0.0002660 secs] [Times: user=0.00 sys=0.00, real=0.00 secs] 
200.955: Total time for which application threads were stopped: 0.0003590 seconds, Stopping threads took: 0.0000440 seconds
200.989: Application time: 0.0340370 seconds
200.989: [GC200.989: [ParNew: 6993K->334K(7424K), 0.0002650 secs] 12821K->6162K(23808K), 0.0002830 secs] [Times: user=0.00 sys=0.00, real=0.00 secs] 
200.990: Total time for which application threads were stopped: 0.0003730 seconds, Stopping threads took: 0.0000390 seconds
201.024: Application time: 0.0340710 seconds
201.024: [GC201.024: [ParNew: 6990K->342K(7424K), 0.0002740 secs] 12818K->6170K(23808K), 0.0002930 secs] [Times: user=0.00 sys=0.00, real=0.00 secs] 
201.024: Total time for which application threads were stopped: 0.0003920 seconds, Stopping threads took: 0.0000490 seconds
201.059: Application time: 0.0346360 seconds
201.059: [GC201.059: [ParNew: 6998K->340K(7424K), 0.0002670 secs] 12826K->6168K(23808K), 0.0002850 secs] [Times: user=0.00 sys=0.00, real=0.00 secs] 
201.059: Total time for which application threads were stopped: 0.0003740 seconds, Stopping threads took: 0.0000410 seconds
201.093: Application time: 0.0342530 seconds
201.093: [GC201.093: [ParNew: 6996K->334K(7424K), 0.0002390 secs] 12824K->6162K(23808K), 0.0002560 secs] [Times: user=0.00 sys=0.00, real=0.00 secs] 
201.094: Total time for which application threads were stopped: 0.0003460 seconds, Stopping threads took: 0.0000430 seconds
201.129: Application time: 0.0353090 seconds
201.130: [GC201.130: [ParNew: 6990K->257K(7424K), 0.0003690 secs] 12818K->6217K(23808K), 0.0003910 secs] [Times: user=0.00 sys=0.00, real=0.00 secs] 
201.131: Total time for which application threads were stopped: 0.0015640 seconds, Stopping threads took: 0.0011150 seconds
201.165: Application time: 0.0342970 seconds
201.165: [GC201.165: [ParNew: 6913K->226K(7424K), 0.0002710 secs] 12873K->6242K(23808K), 0.0002910 secs] [Times: user=0.00 sys=0.00, real=0.00 secs] 
201.165: Total time for which application threads were stopped: 0.0003830 seconds, Stopping threads took: 0.0000380 seconds
201.200: Application time: 0.0347270 seconds
201.200: [GC201.200: [ParNew: 6882K->168K(7424K), 0.0002430 secs] 12898K->6280K(23808K), 0.0002700 secs] [Times: user=0.00 sys=0.00, real=0.00 secs] 
201.200: Total time for which application threads were stopped: 0.0003610 seconds, Stopping threads took: 0.0000420 seconds
201.234: Application time: 0.0340940 seconds
201.234: [GC201.234: [ParNew: 6824K->162K(7424K), 0.0002290 secs] 12936K->6274K(23808K), 0.0002470 secs] [Times: user=0.00 sys=0.00, real=0.00 secs] 
201.235: Total time for which application threads were stopped: 0.0003420 seconds, Stopping threads took: 0.0000370 seconds
201.270: Application time: 0.0347990 seconds
201.270: [GC201.270: [ParNew: 6818K->166K(7424K), 0.0002650 secs] 12930K->6278K(23808K), 0.0002830 secs] [Times: user=0.00 sys=0.00, real=0.00 secs] 
201.270: Total time for which application threads were stopped: 0.0003750 seconds, Stopping threads took: 0.0000430 seconds
201.303: Application time: 0.0329450 seconds
201.303: [GC201.303: [ParNew: 6822K->230K(7424K), 0.0002460 secs] 12934K->6342K(23808K), 0.0002640 secs] [Times: user=0.00 sys=0.00, real=0.00 secs] 
201.303: Total time for which application threads were stopped: 0.0003650 seconds, Stopping threads took: 0.0000500 seconds
201.337: Application time: 0.0335880 seconds
201.337: [GC201.337: [ParNew: 6886K->308K(7424K), 0.0003030 secs] 12998K->6421K(23808K), 0.0003270 secs] [Times: user=0.01 sys=0.00, real=0.00 secs] 
201.337: Total time for which application threads were stopped: 0.0004380 seconds, Stopping threads took: 0.0000470 seconds
201.371: Application time: 0.0339120 seconds
201.371: [GC201.371: [ParNew: 6964K->339K(7424K), 0.0003200 secs] 13077K->6451K(23808K), 0.0003400 secs] [Times: user=0.00 sys=0.00, real=0.00 secs] 
201.372: Total time for which application threads were stopped: 0.0004680 seconds, Stopping threads took: 0.0000770 seconds
201.405: Application time: 0.0338770 seconds
201.406: [GC201.406: [ParNew: 6995K->365K(7424K), 0.0003050 secs] 13107K->6477K(23808K), 0.0003240 secs] [Times: user=0.00 sys=0.00, real=0.00 secs] 
201.406: Total time for which application threads were stopped: 0.0004210 seconds, Stopping threads took: 0.0000470 seconds
201.440: Application time: 0.0337720 seconds
201.440: [GC201.440: [ParNew: 7021K->396K(7424K), 0.0002920 secs] 13133K->6509K(23808K), 0.0003110 secs] [Times: user=0.01 sys=0.00, real=0.00 secs] 
201.440: Total time for which application threads were stopped: 0.0004060 seconds, Stopping threads took: 0.0000470 seconds
201.475: Application time: 0.0345470 seconds
201.475: [GC201.475: [ParNew: 7052K->300K(7424K), 0.0003630 secs] 13165K->6532K(23808K), 0.0003810 secs] [Times: user=0.00 sys=0.00, real=0.00 secs] 
201.475: Total time for which application threads were stopped: 0.0004720 seconds, Stopping threads took: 0.0000410 seconds
201.509: Application time: 0.0342930 seconds
201.509: [GC201.509: [ParNew: 6956K->306K(7424K), 0.0003230 secs] 13188K->6538K(23808K), 0.0003390 secs] [Times: user=0.00 sys=0.00, real=0.00 secs] 
201.510: Total time for which application threads were stopped: 0.0004200 seconds, Stopping threads took: 0.0000340 seconds
201.544: Application time: 0.0344130 seconds
201.544: [GC201.544: [ParNew: 6962K->308K(7424K), 0.0002570 secs] 13194K->6540K(23808K), 0.0002740 secs] [Times: user=0.00 sys=0.00, real=0.00 secs] 
201.545: Total time for which application threads were stopped: 0.0003760 seconds, Stopping threads took: 0.0000530 seconds
201.579: Application time: 0.0345370 seconds
201.579: [GC201.579: [ParNew: 6964K->303K(7424K), 0.0002570 secs] 13196K->6536K(23808K), 0.0002760 secs] [Times: user=0.00 sys=0.00, real=0.00 secs] 
201.580: Total time for which application threads were stopped: 0.0003760 seconds, Stopping threads took: 0.0000520 seconds
201.614: Application time: 0.0343150 seconds
201.614: [GC201.614: [ParNew: 6959K->306K(7424K), 0.0002670 secs] 13192K->6538K(23808K), 0.0002860 secs] [Times: user=0.00 sys=0.00, real=0.01 secs] 
201.614: Total time for which application threads were stopped: 0.0003810 seconds, Stopping threads took: 0.0000470 seconds
201.649: Application time: 0.0346880 seconds
201.649: [GC201.649: [ParNew: 6958K->308K(7424K), 0.0002880 secs] 13190K->6540K(23808K), 0.0003120 secs] [Times: user=0.00 sys=0.00, real=0.00 secs] 
201.649: Total time for which application threads were stopped: 0.0004030 seconds, Stopping threads took: 0.0000410 seconds
201.684: Application time: 0.0342410 seconds
201.684: [GC201.684: [ParNew: 6964K->336K(7424K), 0.0002580 secs] 13196K->6568K(23808K), 0.0002770 secs] [Times: user=0.00 sys=0.00, real=0.00 secs] 
201.684: Total time for which application threads were stopped: 0.0003740 seconds, Stopping threads took: 0.0000490 seconds
201.718: Application time: 0.0337950 seconds
201.718: [GC201.718: [ParNew: 6992K->342K(7424K), 0.0002710 secs] 13224K->6574K(23808K), 0.0002900 secs] [Times: user=0.00 sys=0.00, real=0.00 secs] 
201.718: Total time for which application threads were stopped: 0.0003880 seconds, Stopping threads took: 0.0000480 seconds
201.753: Application time: 0.0344710 seconds
201.753: [GC201.753: [ParNew: 6998K->336K(7424K), 0.0003330 secs] 13230K->6568K(23808K), 0.0003500 secs] [Times: user=0.00 sys=0.00, real=0.00 secs] 
201.753: Total time for which application threads were stopped: 0.0004470 seconds, Stopping threads took: 0.0000380 seconds
201.787: Application time: 0.0341180 seconds
201.787: [GC201.787: [ParNew: 6992K->339K(7424K), 0.0003480 secs] 13224K->6571K(23808K), 0.0003650 secs] [Times: user=0.00 sys=0.00, real=0.00 secs] 
201.788: Total time for which application threads were stopped: 0.0004550 seconds, Stopping threads took: 0.0000430 seconds
201.822: Application time: 0.0344070 seconds
201.822: [GC201.822: [ParNew: 6995K->341K(7424K), 0.0003400 secs] 13227K->6573K(23808K), 0.0003580 secs] [Times: user=0.00 sys=0.00, real=0.00 secs] 
201.822: Total time for which application threads were stopped: 0.0004550 seconds, Stopping threads took: 0.0000490 seconds
201.857: Application time: 0.0344930 seconds
201.857: [GC201.857: [ParNew: 6997K->250K(7424K), 0.0002610 secs] 13229K->6611K(23808K), 0.0002780 secs] [Times: user=0.00 sys=0.00, real=0.00 secs] 
201.857: Total time for which application threads were stopped: 0.0003730 seconds, Stopping threads took: 0.0000470 seconds
201.892: Application time: 0.0343160 seconds
201.892: [GC201.892: [ParNew: 6906K->232K(7424K), 0.0002740 secs] 13267K->6656K(23808K), 0.0002910 secs] [Times: user=0.01 sys=0.00, real=0.00 secs] 
201.892: Total time for which application threads were stopped: 0.0003810 seconds, Stopping threads took: 0.0000410 seconds
201.926: Application time: 0.0343700 seconds
201.927: [GC201.927: [ParNew: 6888K->194K(7424K), 0.0002330 secs] 13312K->6683K(23808K), 0.0002520 secs] [Times: user=0.00 sys=0.00, real=0.00 secs] 
201.927: Total time for which application threads were stopped: 0.0003570 seconds, Stopping threads took: 0.0000550 seconds
201.961: Application time: 0.0343210 seconds
201.961: [GC201.961: [ParNew: 6850K->169K(7424K), 0.0002310 secs] 13339K->6722K(23808K), 0.0002470 secs] [Times: user=0.00 sys=0.00, real=0.00 secs] 
201.961: Total time for which application threads were stopped: 0.0003330 seconds, Stopping threads took: 0.0000390 seconds
201.996: Application time: 0.0343980 seconds
201.996: [GC201.996: [ParNew: 6825K->178K(7424K), 0.0002280 secs] 13378K->6730K(23808K), 0.0002450 secs] [Times: user=0.00 sys=0.00, real=0.00 secs] 
201.996: Total time for which application threads were stopped: 0.0003420 seconds, Stopping threads took: 0.0000500 seconds
202.030: Application time: 0.0336430 seconds
202.030: [GC202.030: [ParNew: 6834K->227K(7424K), 0.0002510 secs] 13386K->6780K(23808K), 0.0002700 secs] [Times: user=0.01 sys=0.00, real=0.00 secs] 
202.030: Total time for which application threads were stopped: 0.0003640 seconds, Stopping threads took: 0.0000450 seconds
202.064: Application time: 0.0339140 seconds
202.066: [GC202.066: [ParNew: 6883K->236K(7424K), 0.0002900 secs] 13436K->6788K(23808K), 0.0003080 secs] [Times: user=0.00 sys=0.00, real=0.00 secs] 
202.066: Total time for which application threads were stopped: 0.0023200 seconds, Stopping threads took: 0.0019560 seconds
202.099: Application time: 0.0327450 seconds
202.099: [GC202.099: [ParNew: 6892K->336K(7424K), 0.0002590 secs] 13444K->6888K(23808K), 0.0002780 secs] [Times: user=0.00 sys=0.00, real=0.00 secs] 
202.100: Total time for which application threads were stopped: 0.0003700 seconds, Stopping threads took: 0.0000390 seconds
202.133: Application time: 0.0339480 seconds
202.134: [GC202.134: [ParNew: 6992K->368K(7424K), 0.0002830 secs] 13544K->6920K(23808K), 0.0003020 secs] [Times: user=0.00 sys=0.00, real=0.00 secs] 
202.134: Total time for which application threads were stopped: 0.0004090 seconds, Stopping threads took: 0.0000560 seconds
202.168: Application time: 0.0339570 seconds
202.168: [GC202.168: [ParNew: 7024K->396K(7424K), 0.0003090 secs] 13576K->6948K(23808K), 0.0003270 secs] [Times: user=0.00 sys=0.00, real=0.00 secs] 
202.168: Total time for which application threads were stopped: 0.0004240 seconds, Stopping threads took: 0.0000470 seconds
202.203: Application time: 0.0344780 seconds
202.203: [GC202.203: [ParNew: 7052K->405K(7424K), 0.0002650 secs] 13604K->6958K(23808K), 0.0002830 secs] [Times: user=0.00 sys=0.00, real=0.00 secs] 
202.203: Total time for which application threads were stopped: 0.0003780 seconds, Stopping threads took: 0.0000470 seconds
202.238: Application time: 0.0344940 seconds
202.238: [GC202.238: [ParNew: 7061K->390K(7424K), 0.0003660 secs] 13614K->6943K(23808K), 0.0003840 secs] [Times: user=0.00 sys=0.00, real=0.00 secs] 
202.238: Total time for which application threads were stopped: 0.0004720 seconds, Stopping threads took: 0.0000400 seconds
202.272: Application time: 0.0340770 seconds
202.272: [GC202.272: [ParNew: 7046K->391K(7424K), 0.0002770 secs] 13599K->6944K(23808K), 0.0002950 secs] [Times: user=0.00 sys=0.00, real=0.00 secs] 
202.273: Total time for which application threads were stopped: 0.0003920 seconds, Stopping threads took: 0.0000420 seconds
202.307: Application time: 0.0345350 seconds
202.307: [GC202.307: [ParNew: 7047K->398K(7424K), 0.0003000 secs] 13600K->6950K(23808K), 0.0003190 secs] [Times: user=0.00 sys=0.00, real=0.00 secs] 
202.308: Total time for which application threads were stopped: 0.0004110 seconds, Stopping threads took: 0.0000420 seconds
202.342: Application time: 0.0346920 seconds
202.342: [GC202.342: [ParNew: 7054K->394K(7424K), 0.0003340 secs] 13606K->6947K(23808K), 0.0003590 secs] [Times: user=0.00 sys=0.00, real=0.00 secs] 
202.343: Total time for which application threads were stopped: 0.0004750 seconds, Stopping threads took: 0.0000500 seconds
202.377: Application time: 0.0340510 seconds
202.378: [GC202.378: [ParNew: 7050K->392K(7424K), 0.0003510 secs] 13603K->6945K(23808K), 0.0003700 secs] [Times: user=0.00 sys=0.00, real=0.00 secs] 
202.379: Total time for which application threads were stopped: 0.0017400 seconds, Stopping threads took: 0.0013160 seconds
202.413: Application time: 0.0340500 seconds
202.413: [GC202.413: [ParNew: 7048K->396K(7424K), 0.0002890 secs] 13601K->6949K(23808K), 0.0003050 secs] [Times: user=0.00 sys=0.00, real=0.00 secs] 
202.413: Total time for which application threads were stopped: 0.0003960 seconds, Stopping threads took: 0.0000400 seconds
202.447: Application time: 0.0338410 seconds
202.447: [GC202.447: [ParNew: 7052K->401K(7424K), 0.0003430 secs] 13605K->6954K(23808K), 0.0003610 secs] [Times: user=0.00 sys=0.00, real=0.00 secs] 
202.447: Total time for which application threads were stopped: 0.0004590 seconds, Stopping threads took: 0.0000510 seconds
202.482: Application time: 0.0348810 seconds
202.482: [GC202.482: [ParNew: 7057K->395K(7424K), 0.0003660 secs] 13610K->6947K(23808K), 0.0003860 secs] [Times: user=0.00 sys=0.00, real=0.00 secs] 
202.483: Total time for which application threads were stopped: 0.0005000 seconds, Stopping threads took: 0.0000650 seconds
202.517: Application time: 0.0342660 seconds
202.517: [GC202.517: [ParNew: 7051K->391K(7424K), 0.0002860 secs] 13603K->6943K(23808K), 0.0003030 secs] [Times: user=0.01 sys=0.00, real=0.00 secs] 
202.517: Total time for which application threads were stopped: 0.0004040 seconds, Stopping threads took: 0.0000440 seconds
202.551: Application time: 0.0341580 seconds
202.552: [GC202.552: [ParNew: 7047K->336K(7424K), 0.0002890 secs] 13599K->6985K(23808K), 0.0003070 secs] [Times: user=0.00 sys=0.00, real=0.00 secs] 
202.552: Total time for which application threads were stopped: 0.0004000 seconds, Stopping threads took: 0.0000440 seconds
202.586: Application time: 0.0343850 seconds
202.586: [GC202.586: [ParNew: 6992K->310K(7424K), 0.0002900 secs] 13641K->7014K(23808K), 0.0003070 secs] [Times: user=0.00 sys=0.00, real=0.00 secs] 
202.587: Total time for which application threads were stopped: 0.0003980 seconds, Stopping threads took: 0.0000430 seconds
202.621: Application time: 0.0345750 seconds
202.621: [GC202.621: [ParNew: 6966K->217K(7424K), 0.0002630 secs] 13670K->7057K(23808K), 0.0002810 secs] [Times: user=0.01 sys=0.00, real=0.00 secs] 
202.622: Total time for which application threads were stopped: 0.0003800 seconds, Stopping threads took: 0.0000510 seconds
202.657: Application time: 0.0354060 seconds
202.657: [GC202.657: [ParNew: 6873K->186K(7424K), 0.0002740 secs] 13713K->7091K(23808K), 0.0002980 secs] [Times: user=0.00 sys=0.00, real=0.00 secs] 
202.657: Total time for which application threads were stopped: 0.0004100 seconds, Stopping threads took: 0.0000520 seconds
202.692: Application time: 0.0341860 seconds
202.692: [GC202.692: [ParNew: 6842K->162K(7424K), 0.0003240 secs] 13747K->7123K(23808K), 0.0003420 secs] [Times: user=0.00 sys=0.00, real=0.00 secs] 
202.692: Total time for which application threads were stopped: 0.0004570 seconds, Stopping threads took: 0.0000660 seconds
202.727: Application time: 0.0349840 seconds
202.727: [GC202.727: [ParNew: 6818K->169K(7424K), 0.0002370 secs] 13779K->7130K(23808K), 0.0002560 secs] [Times: user=0.00 sys=0.00, real=0.00 secs] 
202.727: Total time for which application threads were stopped: 0.0003530 seconds, Stopping threads took: 0.0000480 seconds
202.761: Application time: 0.0337940 seconds
202.761: [GC202.761: [ParNew: 6825K->192K(7424K), 0.0002550 secs] 13786K->7153K(23808K), 0.0002720 secs] [Times: user=0.00 sys=0.00, real=0.00 secs] 
202.762: Total time for which application threads were stopped: 0.0003630 seconds, Stopping threads took: 0.0000440 seconds
202.795: Application time: 0.0335680 seconds
202.795: [GC202.795: [ParNew: 6848K->226K(7424K), 0.0002410 secs] 13809K->7187K(23808K), 0.0002560 secs] [Times: user=0.00 sys=0.00, real=0.00 secs] 
202.795: Total time for which application threads were stopped: 0.0003550 seconds, Stopping threads took: 0.0000460 seconds
202.828: Application time: 0.0325710 seconds
202.828: [GC202.828: [ParNew: 6876K->324K(7424K), 0.0002440 secs] 13836K->7285K(23808K), 0.0002610 secs] [Times: user=0.00 sys=0.00, real=0.00 secs] 
202.828: Total time for which application threads were stopped: 0.0003550 seconds, Stopping threads took: 0.0000420 seconds
202.862: Application time: 0.0336550 seconds
202.862: [GC202.862: [ParNew: 6980K->355K(7424K), 0.0002910 secs] 13941K->7315K(23808K), 0.0003080 secs] [Times: user=0.00 sys=0.00, real=0.00 secs] 
202.862: Total time for which application threads were stopped: 0.0004030 seconds, Stopping threads took: 0.0000440 seconds
202.896: Application time: 0.0338340 seconds
202.896: [GC202.896: [ParNew: 7011K->406K(7424K), 0.0002900 secs] 13971K->7367K(23808K), 0.0003090 secs] [Times: user=0.00 sys=0.00, real=0.00 secs] 
202.897: Total time for which application threads were stopped: 0.0004120 seconds, Stopping threads took: 0.0000510 seconds
202.931: Application time: 0.0345610 seconds
202.931: [GC202.931: [ParNew: 7062K->349K(7424K), 0.0002880 secs] 14023K->7390K(23808K), 0.0003060 secs] [Times: user=0.00 sys=0.00, real=0.00 secs] 
202.932: Total time for which application threads were stopped: 0.0004050 seconds, Stopping threads took: 0.0000480 seconds
202.966: Application time: 0.0340650 seconds
202.966: [GC202.966: [ParNew: 7005K->347K(7424K), 0.0002480 secs] 14046K->7388K(23808K), 0.0002730 secs] [Times: user=0.01 sys=0.00, real=0.00 secs] 
202.966: Total time for which application threads were stopped: 0.0003720 seconds, Stopping threads took: 0.0000500 seconds
203.000: Application time: 0.0340600 seconds
203.000: [GC203.000: [ParNew: 7003K->354K(7424K), 0.0002870 secs] 14044K->7395K(23808K), 0.0003030 secs] [Times: user=0.00 sys=0.00, real=0.00 secs] 
203.001: Total time for which application threads were stopped: 0.0003950 seconds, Stopping threads took: 0.0000430 seconds
203.036: Application time: 0.0349680 seconds
203.036: [GC203.036: [ParNew: 7010K->357K(7424K), 0.0002490 secs] 14051K->7398K(23808K), 0.0002650 secs] [Times: user=0.00 sys=0.00, real=0.00 secs] 
203.036: Total time for which application threads were stopped: 0.0003570 seconds, Stopping threads took: 0.0000440 seconds
203.070: Application time: 0.0341140 seconds
203.070: [GC203.070: [ParNew: 7013K->351K(7424K), 0.0002880 secs] 14054K->7391K(23808K), 0.0003060 secs] [Times: user=0.00 sys=0.00, real=0.00 secs] 
203.070: Total time for which application threads were stopped: 0.0003980 seconds, Stopping threads took: 0.0000410 seconds
203.105: Application time: 0.0342970 seconds
203.105: [GC203.105: [ParNew: 7007K->355K(7424K), 0.0002840 secs] 14047K->7396K(23808K), 0.0003010 secs] [Times: user=0.00 sys=0.00, real=0.00 secs] 
203.105: Total time for which application threads were stopped: 0.0004110 seconds, Stopping threads took: 0.0000600 seconds
203.139: Application time: 0.0343260 seconds
203.140: [GC203.140: [ParNew: 7011K->372K(7424K), 0.0002610 secs] 14052K->7413K(23808K), 0.0002780 secs] [Times: user=0.01 sys=0.00, real=0.00 secs] 
203.140: Total time for which application threads were stopped: 0.0003740 seconds, Stopping threads took: 0.0000460 seconds
203.174: Application time: 0.0339880 seconds
203.174: [GC203.174: [ParNew: 7028K->361K(7424K), 0.0002560 secs] 14069K->7402K(23808K), 0.0002730 secs] [Times: user=0.00 sys=0.00, real=0.01 secs] 
203.174: Total time for which application threads were stopped: 0.0003640 seconds, Stopping threads took: 0.0000440 seconds
203.209: Application time: 0.0345790 seconds
203.209: [GC203.209: [ParNew: 7017K->352K(7424K), 0.0002930 secs] 14058K->7392K(23808K), 0.0003130 secs] [Times: user=0.00 sys=0.00, real=0.00 secs] 
203.209: Total time for which application threads were stopped: 0.0004010 seconds, Stopping threads took: 0.0000380 seconds
203.244: Application time: 0.0344290 seconds
203.244: [GC203.244: [ParNew: 7008K->372K(7424K), 0.0002920 secs] 14048K->7412K(23808K), 0.0003090 secs] [Times: user=0.00 sys=0.00, real=0.00 secs] 
203.244: Total time for which application threads were stopped: 0.0004020 seconds, Stopping threads took: 0.0000440 seconds
203.278: Application time: 0.0340760 seconds
203.278: [GC203.278: [ParNew: 7028K->366K(7424K), 0.0002560 secs] 14068K->7407K(23808K), 0.0002730 secs] [Times: user=0.01 sys=0.00, real=0.00 secs] 
203.278: Total time for which application threads were stopped: 0.0003620 seconds, Stopping threads took: 0.0000410 seconds
203.313: Application time: 0.0346100 seconds
203.313: [GC203.313: [ParNew: 7022K->337K(7424K), 0.0004330 secs] 14063K->7433K(23808K), 0.0004590 secs] [Times: user=0.00 sys=0.00, real=0.00 secs] 
203.314: Total time for which application threads were stopped: 0.0005910 seconds, Stopping threads took: 0.0000520 seconds
203.348: Application time: 0.0344680 seconds
203.348: [GC203.348: [ParNew: 6993K->226K(7424K), 0.0003460 secs] 14089K->7479K(23808K), 0.0003660 secs] [Times: user=0.00 sys=0.00, real=0.00 secs] 
203.349: Total time for which application threads were stopped: 0.0004720 seconds, Stopping threads took: 0.0000510 seconds
203.383: Application time: 0.0343570 seconds
203.383: [GC203.383: [ParNew: 6882K->200K(7424K), 0.0002420 secs] 14135K->7516K(23808K), 0.0002630 secs] [Times: user=0.00 sys=0.00, real=0.00 secs] 
203.383: Total time for which application threads were stopped: 0.0003800 seconds, Stopping threads took: 0.0000640 seconds
203.418: Application time: 0.0344490 seconds
203.422: [GC203.422: [ParNew: 6856K->165K(7424K), 0.0003690 secs] 14172K->7530K(23808K), 0.0003950 secs] [Times: user=0.00 sys=0.00, real=0.00 secs] 
203.423: Total time for which application threads were stopped: 0.0047200 seconds, Stopping threads took: 0.0042740 seconds
203.457: Application time: 0.0341910 seconds
203.457: [GC203.457: [ParNew: 6821K->169K(7424K), 0.0002320 secs] 14186K->7534K(23808K), 0.0002500 secs] [Times: user=0.01 sys=0.00, real=0.00 secs] 
203.457: Total time for which application threads were stopped: 0.0003370 seconds, Stopping threads took: 0.0000410 seconds
203.491: Application time: 0.0339100 seconds
203.491: [GC203.491: [ParNew: 6825K->196K(7424K), 0.0002390 secs] 14190K->7561K(23808K), 0.0002590 secs] [Times: user=0.00 sys=0.00, real=0.00 secs] 
203.491: Total time for which application threads were stopped: 0.0003560 seconds, Stopping threads took: 0.0000460 seconds
203.525: Application time: 0.0339870 seconds
203.525: [GC203.525: [ParNew: 6852K->216K(7424K), 0.0002550 secs] 14217K->7581K(23808K), 0.0002750 secs] [Times: user=0.00 sys=0.00, real=0.00 secs] 
203.526: Total time for which application threads were stopped: 0.0003600 seconds, Stopping threads took: 0.0000360 seconds
203.559: Application time: 0.0329090 seconds
203.559: [GC203.559: [ParNew: 6872K->306K(7424K), 0.0002650 secs] 14237K->7671K(23808K), 0.0002820 secs] [Times: user=0.00 sys=0.00, real=0.00 secs] 
203.559: Total time for which application threads were stopped: 0.0003760 seconds, Stopping threads took: 0.0000440 seconds
203.593: Application time: 0.0338900 seconds
203.593: [GC203.593: [ParNew: 6962K->338K(7424K), 0.0002870 secs] 14327K->7703K(23808K), 0.0003070 secs] [Times: user=0.00 sys=0.00, real=0.00 secs] 
203.593: Total time for which application threads were stopped: 0.0004150 seconds, Stopping threads took: 0.0000600 seconds
203.627: Application time: 0.0334420 seconds
203.627: [GC203.627: [ParNew: 6994K->396K(7424K), 0.0003590 secs] 14359K->7760K(23808K), 0.0003770 secs] [Times: user=0.01 sys=0.00, real=0.00 secs] 
203.627: Total time for which application threads were stopped: 0.0004760 seconds, Stopping threads took: 0.0000450 seconds
203.662: Application time: 0.0343890 seconds
203.662: [GC203.662: [ParNew: 7052K->399K(7424K), 0.0002640 secs] 14416K->7764K(23808K), 0.0002820 secs] [Times: user=0.00 sys=0.00, real=0.00 secs] 
203.662: Total time for which application threads were stopped: 0.0003670 seconds, Stopping threads took: 0.0000370 seconds
203.697: Application time: 0.0346230 seconds
203.697: [GC203.697: [ParNew: 7055K->394K(7424K), 0.0002760 secs] 14420K->7759K(23808K), 0.0002950 secs] [Times: user=0.00 sys=0.00, real=0.00 secs] 
203.697: Total time for which application threads were stopped: 0.0003880 seconds, Stopping threads took: 0.0000430 seconds
203.731: Application time: 0.0341420 seconds
203.731: [GC203.731: [ParNew: 7050K->399K(7424K), 0.0002690 secs] 14415K->7763K(23808K), 0.0002860 secs] [Times: user=0.00 sys=0.00, real=0.00 secs] 
203.731: Total time for which application threads were stopped: 0.0003820 seconds, Stopping threads took: 0.0000480 seconds
203.766: Application time: 0.0342070 seconds
203.766: [GC203.766: [ParNew: 7055K->393K(7424K), 0.0003060 secs] 14419K->7758K(23808K), 0.0003250 secs] [Times: user=0.00 sys=0.00, real=0.00 secs] 
203.766: Total time for which application threads were stopped: 0.0004200 seconds, Stopping threads took: 0.0000470 seconds
203.801: Application time: 0.0344150 seconds
203.801: [GC203.801: [ParNew: 7049K->399K(7424K), 0.0003440 secs] 14414K->7764K(23808K), 0.0003620 secs] [Times: user=0.00 sys=0.00, real=0.00 secs] 
203.801: Total time for which application threads were stopped: 0.0004520 seconds, Stopping threads took: 0.0000410 seconds
203.835: Application time: 0.0342760 seconds
203.835: [GC203.835: [ParNew: 7055K->356K(7424K), 0.0003100 secs] 14420K->7801K(23808K), 0.0003310 secs] [Times: user=0.01 sys=0.00, real=0.00 secs] 
203.836: Total time for which application threads were stopped: 0.0004300 seconds, Stopping threads took: 0.0000420 seconds
203.870: Application time: 0.0341120 seconds
203.870: [GC203.870: [ParNew: 7012K->372K(7424K), 0.0002910 secs] 14457K->7817K(23808K), 0.0003140 secs] [Times: user=0.00 sys=0.00, real=0.00 secs] 
203.870: Total time for which application threads were stopped: 0.0004130 seconds, Stopping threads took: 0.0000490 seconds
203.904: Application time: 0.0340820 seconds
203.904: [GC203.904: [ParNew: 7028K->369K(7424K), 0.0003220 secs] 14473K->7814K(23808K), 0.0003400 secs] [Times: user=0.00 sys=0.00, real=0.00 secs] 
203.905: Total time for which application threads were stopped: 0.0004540 seconds, Stopping threads took: 0.0000630 seconds
203.939: Application time: 0.0344970 seconds
203.939: [GC203.939: [ParNew: 7025K->370K(7424K), 0.0003410 secs] 14470K->7815K(23808K), 0.0003590 secs] [Times: user=0.00 sys=0.00, real=0.00 secs] 
203.940: Total time for which application threads were stopped: 0.0004510 seconds, Stopping threads took: 0.0000410 seconds
203.974: Application time: 0.0343320 seconds
203.974: [GC203.974: [ParNew: 7026K->359K(7424K), 0.0003320 secs] 14471K->7804K(23808K), 0.0003490 secs] [Times: user=0.00 sys=0.00, real=0.00 secs] 
203.974: Total time for which application threads were stopped: 0.0004440 seconds, Stopping threads took: 0.0000470 seconds
204.009: Application time: 0.0340910 seconds
204.009: [GC204.009: [ParNew: 7015K->366K(7424K), 0.0002780 secs] 14460K->7811K(23808K), 0.0002940 secs] [Times: user=0.00 sys=0.00, real=0.00 secs] 
204.009: Total time for which application threads were stopped: 0.0003890 seconds, Stopping threads took: 0.0000460 seconds
204.044: Application time: 0.0346370 seconds
204.044: [GC204.044: [ParNew: 7022K->336K(7424K), 0.0002960 secs] 14467K->7845K(23808K), 0.0003130 secs] [Times: user=0.00 sys=0.00, real=0.00 secs] 
204.044: Total time for which application threads were stopped: 0.0004040 seconds, Stopping threads took: 0.0000400 seconds
204.078: Application time: 0.0342140 seconds
204.078: [GC204.078: [ParNew: 6992K->252K(7424K), 0.0002690 secs] 14501K->7889K(23808K), 0.0002860 secs] [Times: user=0.01 sys=0.00, real=0.00 secs] 
204.079: Total time for which application threads were stopped: 0.0003880 seconds, Stopping threads took: 0.0000540 seconds
204.113: Application time: 0.0344800 seconds
204.113: [GC204.113: [ParNew: 6908K->220K(7424K), 0.0002710 secs] 14545K->7913K(23808K), 0.0002870 secs] [Times: user=0.00 sys=0.00, real=0.00 secs] 
204.113: Total time for which application threads were stopped: 0.0003810 seconds, Stopping threads took: 0.0000450 seconds
204.149: Application time: 0.0353960 seconds
204.149: [GC204.149: [ParNew: 6876K->161K(7424K), 0.0003440 secs] 14569K->7950K(23808K), 0.0003680 secs] [Times: user=0.00 sys=0.00, real=0.00 secs] 
204.149: Total time for which application threads were stopped: 0.0004960 seconds, Stopping threads took: 0.0000650 seconds
204.184: Application time: 0.0344120 seconds
204.184: [GC204.184: [ParNew: 6817K->166K(7424K), 0.0002890 secs] 14606K->7956K(23808K), 0.0003080 secs] [Times: user=0.00 sys=0.00, real=0.00 secs] 
204.184: Total time for which application threads were stopped: 0.0003970 seconds, Stopping threads took: 0.0000370 seconds
204.218: Application time: 0.0340840 seconds
204.218: [GC204.218: [ParNew: 6822K->198K(7424K), 0.0002470 secs] 14612K->7987K(23808K), 0.0002640 secs] [Times: user=0.00 sys=0.00, real=0.00 secs] 
204.219: Total time for which application threads were stopped: 0.0003560 seconds, Stopping threads took: 0.0000420 seconds
204.252: Application time: 0.0338090 seconds
204.253: [GC204.253: [ParNew: 6854K->223K(7424K), 0.0002510 secs] 14643K->8012K(23808K), 0.0002690 secs] [Times: user=0.00 sys=0.00, real=0.00 secs] 
204.253: Total time for which application threads were stopped: 0.0003560 seconds, Stopping threads took: 0.0000380 seconds
204.286: Application time: 0.0330090 seconds
204.286: [GC204.286: [ParNew: 6879K->309K(7424K), 0.0002670 secs] 14668K->8098K(23808K), 0.0002860 secs] [Times: user=0.00 sys=0.00, real=0.00 secs] 
204.286: Total time for which application threads were stopped: 0.0003760 seconds, Stopping threads took: 0.0000410 seconds
204.320: Application time: 0.0342770 seconds
204.321: [GC204.321: [ParNew: 6965K->298K(7424K), 0.0002980 secs] 14754K->8088K(23808K), 0.0003280 secs] [Times: user=0.00 sys=0.00, real=0.00 secs] 
204.321: Total time for which application threads were stopped: 0.0004490 seconds, Stopping threads took: 0.0000570 seconds
204.354: Application time: 0.0335860 seconds
204.355: [GC204.355: [ParNew: 6954K->366K(7424K), 0.0003500 secs] 14744K->8155K(23808K), 0.0003690 secs] [Times: user=0.01 sys=0.00, real=0.00 secs] 
204.355: Total time for which application threads were stopped: 0.0004720 seconds, Stopping threads took: 0.0000380 seconds
204.390: Application time: 0.0346900 seconds
204.390: [GC204.390: [ParNew: 7022K->390K(7424K), 0.0003340 secs] 14811K->8179K(23808K), 0.0003530 secs] [Times: user=0.00 sys=0.00, real=0.00 secs] 
204.390: Total time for which application threads were stopped: 0.0004510 seconds, Stopping threads took: 0.0000490 seconds
204.425: Application time: 0.0343940 seconds
204.425: [GC204.425: [ParNew: 7046K->395K(7424K), 0.0003510 secs] 14835K->8184K(23808K), 0.0003680 secs] [Times: user=0.01 sys=0.00, real=0.00 secs] 
204.425: Total time for which application threads were stopped: 0.0004580 seconds, Stopping threads took: 0.0000430 seconds
204.459: Application time: 0.0342470 seconds
204.459: [GC204.459: [ParNew: 7051K->358K(7424K), 0.0002850 secs] 14840K->8227K(23808K), 0.0003020 secs] [Times: user=0.00 sys=0.00, real=0.00 secs] 
204.460: Total time for which application threads were stopped: 0.0003950 seconds, Stopping threads took: 0.0000430 seconds
204.494: Application time: 0.0343120 seconds
204.494: [GC204.494: [ParNew: 7014K->353K(7424K), 0.0002520 secs] 14883K->8223K(23808K), 0.0002750 secs] [Times: user=0.00 sys=0.00, real=0.01 secs] 
204.494: Total time for which application threads were stopped: 0.0003910 seconds, Stopping threads took: 0.0000650 seconds
204.529: Application time: 0.0343400 seconds
204.529: [GC204.529: [ParNew: 7009K->357K(7424K), 0.0002480 secs] 14878K->8227K(23808K), 0.0002660 secs] [Times: user=0.00 sys=0.00, real=0.00 secs] 
204.529: Total time for which application threads were stopped: 0.0003670 seconds, Stopping threads took: 0.0000520 seconds
204.563: Application time: 0.0342970 seconds
204.563: [GC204.563: [ParNew: 7013K->345K(7424K), 0.0002790 secs] 14883K->8215K(23808K), 0.0002970 secs] [Times: user=0.00 sys=0.00, real=0.00 secs] 
204.564: Total time for which application threads were stopped: 0.0003940 seconds, Stopping threads took: 0.0000480 seconds
204.598: Application time: 0.0345420 seconds
204.598: [GC204.598: [ParNew: 7001K->362K(7424K), 0.0002550 secs] 14871K->8231K(23808K), 0.0002740 secs] [Times: user=0.01 sys=0.00, real=0.00 secs] 
204.599: Total time for which application threads were stopped: 0.0003710 seconds, Stopping threads took: 0.0000470 seconds
204.633: Application time: 0.0340860 seconds
204.633: [GC204.633: [ParNew: 7018K->364K(7424K), 0.0002740 secs] 14887K->8234K(23808K), 0.0002920 secs] [Times: user=0.00 sys=0.00, real=0.00 secs] 
204.633: Total time for which application threads were stopped: 0.0003830 seconds, Stopping threads took: 0.0000430 seconds
204.668: Application time: 0.0345070 seconds
204.668: [GC204.668: [ParNew: 7020K->372K(7424K), 0.0002780 secs] 14890K->8241K(23808K), 0.0002940 secs] [Times: user=0.00 sys=0.00, real=0.00 secs] 
204.668: Total time for which application threads were stopped: 0.0003880 seconds, Stopping threads took: 0.0000470 seconds
204.702: Application time: 0.0343560 seconds
204.702: [GC204.702: [ParNew: 7028K->365K(7424K), 0.0003330 secs] 14897K->8235K(23808K), 0.0003510 secs] [Times: user=0.00 sys=0.00, real=0.00 secs] 
204.703: Total time for which application threads were stopped: 0.0004360 seconds, Stopping threads took: 0.0000370 seconds
204.737: Application time: 0.0342440 seconds
204.737: [GC204.737: [ParNew: 7021K->370K(7424K), 0.0003080 secs] 14891K->8239K(23808K), 0.0003280 secs] [Times: user=0.00 sys=0.00, real=0.00 secs] 
204.737: Total time for which application threads were stopped: 0.0004240 seconds, Stopping threads took: 0.0000450 seconds
204.772: Application time: 0.0342540 seconds
204.772: [GC204.772: [ParNew: 7026K->338K(7424K), 0.0002640 secs] 14895K->8263K(23808K), 0.0002890 secs] [Times: user=0.01 sys=0.00, real=0.00 secs] 
204.772: Total time for which application threads were stopped: 0.0003850 seconds, Stopping threads took: 0.0000450 seconds
204.807: Application time: 0.0344720 seconds
204.807: [GC204.807: [ParNew: 6994K->255K(7424K), 0.0002790 secs] 14919K->8301K(23808K), 0.0002950 secs] [Times: user=0.00 sys=0.00, real=0.00 secs] 
204.807: Total time for which application threads were stopped: 0.0003850 seconds, Stopping threads took: 0.0000410 seconds
204.841: Application time: 0.0341400 seconds
204.841: [GC204.841: [ParNew: 6911K->252K(7424K), 0.0002470 secs] 14957K->8337K(23808K), 0.0002640 secs] [Times: user=0.00 sys=0.00, real=0.00 secs] 
204.841: Total time for which application threads were stopped: 0.0003640 seconds, Stopping threads took: 0.0000510 seconds
204.876: Application time: 0.0343950 seconds
204.876: [GC204.876: [ParNew: 6908K->197K(7424K), 0.0003220 secs] 14993K->8371K(23808K), 0.0003410 secs] [Times: user=0.00 sys=0.00, real=0.00 secs] 
204.876: Total time for which application threads were stopped: 0.0004420 seconds, Stopping threads took: 0.0000390 seconds
204.911: Application time: 0.0345220 seconds
204.911: [GC204.911: [ParNew: 6853K->167K(7424K), 0.0002100 secs] 15027K->8388K(23808K), 0.0002280 secs] [Times: user=0.00 sys=0.00, real=0.00 secs] 
204.911: Total time for which application threads were stopped: 0.0003290 seconds, Stopping threads took: 0.0000480 seconds
204.946: Application time: 0.0344620 seconds
204.946: [GC204.946: [ParNew: 6823K->168K(7424K), 0.0002310 secs] 15044K->8390K(23808K), 0.0002480 secs] [Times: user=0.00 sys=0.00, real=0.00 secs] 
204.946: Total time for which application threads were stopped: 0.0003410 seconds, Stopping threads took: 0.0000430 seconds
204.979: Application time: 0.0333730 seconds
204.979: [GC204.979: [ParNew: 6824K->218K(7424K), 0.0002480 secs] 15046K->8439K(23808K), 0.0002630 secs] [Times: user=0.00 sys=0.00, real=0.00 secs] 
204.980: Total time for which application threads were stopped: 0.0003570 seconds, Stopping threads took: 0.0000450 seconds
205.012: Application time: 0.0326730 seconds
205.012: [GC205.012: [ParNew: 6874K->312K(7424K), 0.0002490 secs] 15095K->8533K(23808K), 0.0002670 secs] [Times: user=0.00 sys=0.00, real=0.00 secs] 
205.013: Total time for which application threads were stopped: 0.0003730 seconds, Stopping threads took: 0.0000570 seconds
205.047: Application time: 0.0345100 seconds
205.047: [GC205.047: [ParNew: 6968K->306K(7424K), 0.0003510 secs] 15189K->8528K(23808K), 0.0003660 secs] [Times: user=0.00 sys=0.00, real=0.00 secs] 
205.048: Total time for which application threads were stopped: 0.0004500 seconds, Stopping threads took: 0.0000370 seconds
205.081: Application time: 0.0332970 seconds
205.081: [GC205.081: [ParNew: 6962K->371K(7424K), 0.0002860 secs] 15184K->8592K(23808K), 0.0003040 secs] [Times: user=0.00 sys=0.00, real=0.00 secs] 
205.081: Total time for which application threads were stopped: 0.0003970 seconds, Stopping threads took: 0.0000440 seconds
205.115: Application time: 0.0339960 seconds
205.115: [GC205.115: [ParNew: 7027K->396K(7424K), 0.0002710 secs] 15248K->8618K(23808K), 0.0002880 secs] [Times: user=0.00 sys=0.00, real=0.00 secs] 
205.116: Total time for which application threads were stopped: 0.0003860 seconds, Stopping threads took: 0.0000480 seconds
205.150: Application time: 0.0345120 seconds
205.150: [GC205.150: [ParNew: 7052K->398K(7424K), 0.0002750 secs] 15274K->8620K(23808K), 0.0002940 secs] [Times: user=0.00 sys=0.00, real=0.00 secs] 
205.151: Total time for which application threads were stopped: 0.0004050 seconds, Stopping threads took: 0.0000600 seconds
205.185: Application time: 0.0342390 seconds
205.185: [GC205.185: [ParNew: 7054K->397K(7424K), 0.0002780 secs] 15276K->8618K(23808K), 0.0002950 secs] [Times: user=0.00 sys=0.00, real=0.00 secs] 
205.185: Total time for which application threads were stopped: 0.0003910 seconds, Stopping threads took: 0.0000430 seconds
205.220: Application time: 0.0344730 seconds
205.220: [GC205.220: [ParNew: 7053K->312K(7424K), 0.0002900 secs] 15274K->8662K(23808K), 0.0003080 secs] [Times: user=0.00 sys=0.00, real=0.00 secs] 
205.220: Total time for which application threads were stopped: 0.0003980 seconds, Stopping threads took: 0.0000400 seconds
205.255: Application time: 0.0345030 seconds
205.255: [GC205.255: [ParNew: 6968K->304K(7424K), 0.0002630 secs] 15318K->8653K(23808K), 0.0002810 secs] [Times: user=0.00 sys=0.00, real=0.00 secs] 
205.255: Total time for which application threads were stopped: 0.0003770 seconds, Stopping threads took: 0.0000460 seconds
205.289: Application time: 0.0341280 seconds
205.289: [GC205.289: [ParNew: 6960K->311K(7424K), 0.0002670 secs] 15309K->8661K(23808K), 0.0002840 secs] [Times: user=0.00 sys=0.00, real=0.00 secs] 
205.290: Total time for which application threads were stopped: 0.0003700 seconds, Stopping threads took: 0.0000380 seconds
205.324: Application time: 0.0348760 seconds
205.325: [GC205.325: [ParNew: 6967K->320K(7424K), 0.0002970 secs] 15317K->8669K(23808K), 0.0003190 secs] [Times: user=0.00 sys=0.00, real=0.00 secs] 
205.325: Total time for which application threads were stopped: 0.0004270 seconds, Stopping threads took: 0.0000480 seconds
205.359: Application time: 0.0342210 seconds
205.359: [GC205.359: [ParNew: 6976K->340K(7424K), 0.0002520 secs] 15325K->8689K(23808K), 0.0002690 secs] [Times: user=0.00 sys=0.00, real=0.00 secs] 
205.359: Total time for which application threads were stopped: 0.0003650 seconds, Stopping threads took: 0.0000470 seconds
205.394: Application time: 0.0347740 seconds
205.394: [GC205.394: [ParNew: 6996K->346K(7424K), 0.0002810 secs] 15345K->8696K(23808K), 0.0003000 secs] [Times: user=0.00 sys=0.00, real=0.00 secs] 
205.395: Total time for which application threads were stopped: 0.0004100 seconds, Stopping threads took: 0.0000490 seconds
205.429: Application time: 0.0341730 seconds
205.429: [GC205.429: [ParNew: 7002K->341K(7424K), 0.0002900 secs] 15352K->8690K(23808K), 0.0003080 secs] [Times: user=0.00 sys=0.00, real=0.00 secs] 
205.429: Total time for which application threads were stopped: 0.0003960 seconds, Stopping threads took: 0.0000400 seconds
205.464: Application time: 0.0345180 seconds
205.464: [GC205.464: [ParNew: 6997K->333K(7424K), 0.0003350 secs] 15346K->8683K(23808K), 0.0003540 secs] [Times: user=0.00 sys=0.00, real=0.00 secs] 
205.464: Total time for which application threads were stopped: 0.0004460 seconds, Stopping threads took: 0.0000440 seconds
205.498: Application time: 0.0341350 seconds
205.498: [GC205.498: [ParNew: 6989K->331K(7424K), 0.0003570 secs] 15339K->8681K(23808K), 0.0003740 secs] [Times: user=0.00 sys=0.00, real=0.00 secs] 
205.499: Total time for which application threads were stopped: 0.0004730 seconds, Stopping threads took: 0.0000510 seconds
205.533: Application time: 0.0344150 seconds
205.533: [GC205.533: [ParNew: 6987K->255K(7424K), 0.0002750 secs] 15337K->8737K(23808K), 0.0002930 secs] [Times: user=0.00 sys=0.00, real=0.00 secs] 
205.534: Total time for which application threads were stopped: 0.0003860 seconds, Stopping threads took: 0.0000450 seconds
205.568: Application time: 0.0344460 seconds
205.568: [GC205.568: [ParNew: 6911K->250K(7424K), 0.0002300 secs] 15393K->8732K(23808K), 0.0002480 secs] [Times: user=0.00 sys=0.00, real=0.00 secs] 
205.568: Total time for which application threads were stopped: 0.0003380 seconds, Stopping threads took: 0.0000430 seconds
205.603: Application time: 0.0344520 seconds
205.603: [GC205.603: [ParNew: 6906K->184K(7424K), 0.0003270 secs] 15388K->8754K(23808K), 0.0003420 secs] [Times: user=0.00 sys=0.00, real=0.00 secs] 
205.603: Total time for which application threads were stopped: 0.0004240 seconds, Stopping threads took: 0.0000380 seconds
205.637: Application time: 0.0339990 seconds
205.637: [GC205.637: [ParNew: 6840K->162K(7424K), 0.0002380 secs] 15410K->8788K(23808K), 0.0002650 secs] [Times: user=0.01 sys=0.00, real=0.00 secs] 
205.638: Total time for which application threads were stopped: 0.0003620 seconds, Stopping threads took: 0.0000490 seconds
205.673: Application time: 0.0357800 seconds
205.674: [GC205.674: [ParNew: 6818K->168K(7424K), 0.0002780 secs] 15444K->8793K(23808K), 0.0002990 secs] [Times: user=0.00 sys=0.00, real=0.00 secs] 
205.674: Total time for which application threads were stopped: 0.0004120 seconds, Stopping threads took: 0.0000550 seconds
205.707: Application time: 0.0333160 seconds
205.707: [GC205.707: [ParNew: 6824K->209K(7424K), 0.0002480 secs] 15449K->8835K(23808K), 0.0002670 secs] [Times: user=0.00 sys=0.00, real=0.00 secs] 
205.708: Total time for which application threads were stopped: 0.0003670 seconds, Stopping threads took: 0.0000480 seconds
205.741: Application time: 0.0334830 seconds
205.741: [GC205.741: [ParNew: 6865K->286K(7424K), 0.0002660 secs] 15491K->8912K(23808K), 0.0002830 secs] [Times: user=0.00 sys=0.00, real=0.00 secs] 
205.741: Total time for which application threads were stopped: 0.0003780 seconds, Stopping threads took: 0.0000440 seconds
205.775: Application time: 0.0338210 seconds
205.775: [GC205.775: [ParNew: 6942K->315K(7424K), 0.0002640 secs] 15568K->8941K(23808K), 0.0002820 secs] [Times: user=0.00 sys=0.00, real=0.00 secs] 
205.776: Total time for which application threads were stopped: 0.0003770 seconds, Stopping threads took: 0.0000460 seconds
205.809: Application time: 0.0335950 seconds
205.809: [GC205.809: [ParNew: 6971K->352K(7424K), 0.0002750 secs] 15597K->8978K(23808K), 0.0002920 secs] [Times: user=0.00 sys=0.00, real=0.00 secs] 
205.810: Total time for which application threads were stopped: 0.0003860 seconds, Stopping threads took: 0.0000430 seconds
205.843: Application time: 0.0335540 seconds
205.843: [GC205.843: [ParNew: 7008K->393K(7424K), 0.0003040 secs] 15634K->9019K(23808K), 0.0003230 secs] [Times: user=0.00 sys=0.00, real=0.00 secs] 
205.844: Total time for which application threads were stopped: 0.0004220 seconds, Stopping threads took: 0.0000490 seconds
205.878: Application time: 0.0345150 seconds
205.878: [GC205.878: [ParNew: 7049K->398K(7424K), 0.0003470 secs] 15675K->9024K(23808K), 0.0003640 secs] [Times: user=0.00 sys=0.00, real=0.00 secs] 
205.879: Total time for which application threads were stopped: 0.0004520 seconds, Stopping threads took: 0.0000400 seconds
205.913: Application time: 0.0342790 seconds
205.913: [GC205.913: [ParNew: 7054K->401K(7424K), 0.0002760 secs] 15680K->9027K(23808K), 0.0002950 secs] [Times: user=0.01 sys=0.00, real=0.00 secs] 
205.913: Total time for which application threads were stopped: 0.0004060 seconds, Stopping threads took: 0.0000520 seconds
205.948: Application time: 0.0343940 seconds
205.948: [GC205.948: [ParNew: 7057K->387K(7424K), 0.0002820 secs] 15683K->9013K(23808K), 0.0002980 secs] [Times: user=0.00 sys=0.00, real=0.00 secs] 
205.948: Total time for which application threads were stopped: 0.0003900 seconds, Stopping threads took: 0.0000440 seconds
205.982: Application time: 0.0343080 seconds
205.986: [GC205.986: [ParNew: 7043K->390K(7424K), 0.0002830 secs] 15669K->9016K(23808K), 0.0003010 secs] [Times: user=0.00 sys=0.00, real=0.00 secs] 
205.986: Total time for which application threads were stopped: 0.0041030 seconds, Stopping threads took: 0.0037520 seconds
206.021: Application time: 0.0347960 seconds
206.021: [GC206.021: [ParNew: 7046K->395K(7424K), 0.0002660 secs] 15672K->9021K(23808K), 0.0002840 secs] [Times: user=0.01 sys=0.00, real=0.00 secs] 
206.022: Total time for which application threads were stopped: 0.0003800 seconds, Stopping threads took: 0.0000450 seconds
206.056: Application time: 0.0340550 seconds
206.056: [GC206.056: [ParNew: 7051K->381K(7424K), 0.0002760 secs] 15677K->9007K(23808K), 0.0002950 secs] [Times: user=0.00 sys=0.00, real=0.00 secs] 
206.056: Total time for which application threads were stopped: 0.0003880 seconds, Stopping threads took: 0.0000440 seconds
206.090: Application time: 0.0343420 seconds
206.090: [GC206.090: [ParNew: 7037K->396K(7424K), 0.0003030 secs] 15663K->9022K(23808K), 0.0003290 secs] [Times: user=0.00 sys=0.00, real=0.00 secs] 
206.091: Total time for which application threads were stopped: 0.0004130 seconds, Stopping threads took: 0.0000360 seconds
206.125: Application time: 0.0342620 seconds
206.125: [GC206.125: [ParNew: 7052K->398K(7424K), 0.0002640 secs] 15678K->9024K(23808K), 0.0002820 secs] [Times: user=0.00 sys=0.00, real=0.00 secs] 
206.125: Total time for which application threads were stopped: 0.0003730 seconds, Stopping threads took: 0.0000410 seconds
206.160: Application time: 0.0344520 seconds
206.160: [GC206.160: [ParNew: 7054K->393K(7424K), 0.0003040 secs] 15680K->9019K(23808K), 0.0003240 secs] [Times: user=0.00 sys=0.00, real=0.00 secs] 
206.160: Total time for which application threads were stopped: 0.0004310 seconds, Stopping threads took: 0.0000570 seconds
206.194: Application time: 0.0341150 seconds
206.195: [GC206.195: [ParNew: 7049K->392K(7424K), 0.0002610 secs] 15675K->9017K(23808K), 0.0002780 secs] [Times: user=0.01 sys=0.00, real=0.00 secs] 
206.195: Total time for which application threads were stopped: 0.0003750 seconds, Stopping threads took: 0.0000480 seconds
206.229: Application time: 0.0343220 seconds
206.229: [GC206.229: [ParNew: 7048K->335K(7424K), 0.0003100 secs] 15673K->9057K(23808K), 0.0003290 secs] [Times: user=0.01 sys=0.00, real=0.00 secs] 
206.230: Total time for which application threads were stopped: 0.0004210 seconds, Stopping threads took: 0.0000420 seconds
206.264: Application time: 0.0344580 seconds
206.264: [GC206.264: [ParNew: 6991K->282K(7424K), 0.0002550 secs] 15713K->9092K(23808K), 0.0002730 secs] [Times: user=0.00 sys=0.00, real=0.00 secs] 
206.264: Total time for which application threads were stopped: 0.0003620 seconds, Stopping threads took: 0.0000390 seconds
206.299: Application time: 0.0344440 seconds
206.299: [GC206.299: [ParNew: 6938K->259K(7424K), 0.0003070 secs] 15748K->9133K(23808K), 0.0003270 secs] [Times: user=0.00 sys=0.00, real=0.00 secs] 
206.299: Total time for which application threads were stopped: 0.0004190 seconds, Stopping threads took: 0.0000420 seconds
206.334: Application time: 0.0346130 seconds
206.334: [GC206.334: [ParNew: 6915K->201K(7424K), 0.0002930 secs] 15789K->9171K(23808K), 0.0003140 secs] [Times: user=0.00 sys=0.00, real=0.01 secs] 
206.334: Total time for which application threads were stopped: 0.0004260 seconds, Stopping threads took: 0.0000510 seconds
206.369: Application time: 0.0342550 seconds
206.369: [GC206.369: [ParNew: 6857K->170K(7424K), 0.0002410 secs] 15827K->9196K(23808K), 0.0002600 secs] [Times: user=0.00 sys=0.00, real=0.00 secs] 
206.369: Total time for which application threads were stopped: 0.0003530 seconds, Stopping threads took: 0.0000450 seconds
206.403: Application time: 0.0343970 seconds
206.403: [GC206.403: [ParNew: 6826K->168K(7424K), 0.0002500 secs] 15852K->9194K(23808K), 0.0002680 secs] [Times: user=0.00 sys=0.00, real=0.00 secs] 
206.404: Total time for which application threads were stopped: 0.0003790 seconds, Stopping threads took: 0.0000630 seconds
206.437: Application time: 0.0337970 seconds
206.438: [GC206.438: [ParNew: 6824K->199K(7424K), 0.0002420 secs] 15850K->9225K(23808K), 0.0002590 secs] [Times: user=0.01 sys=0.00, real=0.00 secs] 
206.438: Total time for which application threads were stopped: 0.0003560 seconds, Stopping threads took: 0.0000400 seconds
206.471: Application time: 0.0335220 seconds
206.471: [GC206.471: [ParNew: 6855K->234K(7424K), 0.0002490 secs] 15881K->9260K(23808K), 0.0002680 secs] [Times: user=0.01 sys=0.00, real=0.00 secs] 
206.472: Total time for which application threads were stopped: 0.0003580 seconds, Stopping threads took: 0.0000410 seconds
206.505: Application time: 0.0332230 seconds
206.505: [GC206.505: [ParNew: 6890K->311K(7424K), 0.0002800 secs] 15916K->9337K(23808K), 0.0002970 secs] [Times: user=0.00 sys=0.00, real=0.00 secs] 
206.505: Total time for which application threads were stopped: 0.0003840 seconds, Stopping threads took: 0.0000380 seconds
206.539: Application time: 0.0339740 seconds
206.539: [GC206.539: [ParNew: 6967K->335K(7424K), 0.0002930 secs] 15993K->9361K(23808K), 0.0003190 secs] [Times: user=0.00 sys=0.00, real=0.00 secs] 
206.540: Total time for which application threads were stopped: 0.0004090 seconds, Stopping threads took: 0.0000380 seconds
206.574: Application time: 0.0339550 seconds
206.578: [GC206.578: [ParNew: 6991K->361K(7424K), 0.0003220 secs] 16017K->9387K(23808K), 0.0003410 secs] [Times: user=0.01 sys=0.00, real=0.00 secs] 
206.578: Total time for which application threads were stopped: 0.0047920 seconds, Stopping threads took: 0.0044000 seconds
206.612: Application time: 0.0339400 seconds
206.612: [GC206.613: [ParNew: 7017K->401K(7424K), 0.0002890 secs] 16043K->9427K(23808K), 0.0003090 secs] [Times: user=0.00 sys=0.00, real=0.00 secs] 
206.613: Total time for which application threads were stopped: 0.0004110 seconds, Stopping threads took: 0.0000510 seconds
206.647: Application time: 0.0343810 seconds
206.647: [GC206.647: [ParNew: 7057K->401K(7424K), 0.0003080 secs] 16083K->9427K(23808K), 0.0003270 secs] [Times: user=0.00 sys=0.00, real=0.00 secs] 
206.648: Total time for which application threads were stopped: 0.0004160 seconds, Stopping threads took: 0.0000400 seconds
206.682: Application time: 0.0341460 seconds
206.682: [GC206.682: [ParNew: 7057K->391K(7424K), 0.0003130 secs] 16083K->9417K(23808K), 0.0003310 secs] [Times: user=0.00 sys=0.00, real=0.01 secs] 
206.682: Total time for which application threads were stopped: 0.0004250 seconds, Stopping threads took: 0.0000440 seconds
206.717: Application time: 0.0345460 seconds
206.717: [GC206.717: [ParNew: 7047K->360K(7424K), 0.0002740 secs] 16073K->9466K(23808K), 0.0002910 secs] [Times: user=0.00 sys=0.00, real=0.00 secs] 
206.717: Total time for which application threads were stopped: 0.0003900 seconds, Stopping threads took: 0.0000480 seconds
206.752: Application time: 0.0344630 seconds
206.752: [GC206.752: [ParNew: 7016K->343K(7424K), 0.0002670 secs] 16122K->9449K(23808K), 0.0002850 secs] [Times: user=0.00 sys=0.00, real=0.00 secs] 
206.752: Total time for which application threads were stopped: 0.0003780 seconds, Stopping threads took: 0.0000430 seconds
206.786: Application time: 0.0341220 seconds
206.790: [GC206.790: [ParNew: 6999K->342K(7424K), 0.0003480 secs] 16105K->9448K(23808K), 0.0003650 secs] [Times: user=0.01 sys=0.00, real=0.00 secs] 
206.790: Total time for which application threads were stopped: 0.0043710 seconds, Stopping threads took: 0.0039570 seconds
206.825: Application time: 0.0340920 seconds
206.825: [GC206.825: [ParNew: 6998K->370K(7424K), 0.0002990 secs] 16104K->9476K(23808K), 0.0003180 secs] [Times: user=0.00 sys=0.00, real=0.00 secs] 
206.825: Total time for which application threads were stopped: 0.0004190 seconds, Stopping threads took: 0.0000490 seconds
206.860: Application time: 0.0345720 seconds
206.860: [GC206.860: [ParNew: 7026K->370K(7424K), 0.0003060 secs] 16132K->9476K(23808K), 0.0003220 secs] [Times: user=0.01 sys=0.00, real=0.00 secs] 
206.860: Total time for which application threads were stopped: 0.0004190 seconds, Stopping threads took: 0.0000470 seconds
206.894: Application time: 0.0343640 seconds
206.894: [GC206.894: [ParNew: 7026K->370K(7424K), 0.0003400 secs] 16132K->9476K(23808K), 0.0003570 secs] [Times: user=0.00 sys=0.00, real=0.00 secs] 
206.895: Total time for which application threads were stopped: 0.0004680 seconds, Stopping threads took: 0.0000620 seconds
206.929: Application time: 0.0342340 seconds
206.929: [GC206.929: [ParNew: 7026K->373K(7424K), 0.0003020 secs] 16132K->9479K(23808K), 0.0003190 secs] [Times: user=0.01 sys=0.00, real=0.00 secs] 
206.929: Total time for which application threads were stopped: 0.0004300 seconds, Stopping threads took: 0.0000630 seconds
206.964: Application time: 0.0342540 seconds
206.964: [GC206.964: [ParNew: 7029K->372K(7424K), 0.0002890 secs] 16135K->9478K(23808K), 0.0003070 secs] [Times: user=0.00 sys=0.00, real=0.00 secs] 
206.964: Total time for which application threads were stopped: 0.0004060 seconds, Stopping threads took: 0.0000400 seconds
206.999: Application time: 0.0347080 seconds
206.999: [GC206.999: [ParNew: 7028K->310K(7424K), 0.0002920 secs] 16134K->9512K(23808K), 0.0003160 secs] [Times: user=0.00 sys=0.00, real=0.00 secs] 
206.999: Total time for which application threads were stopped: 0.0004240 seconds, Stopping threads took: 0.0000610 seconds
207.033: Application time: 0.0340640 seconds
207.033: [GC207.033: [ParNew: 6966K->239K(7424K), 0.0002480 secs] 16168K->9521K(23808K), 0.0002660 secs] [Times: user=0.00 sys=0.00, real=0.00 secs] 
207.034: Total time for which application threads were stopped: 0.0003520 seconds, Stopping threads took: 0.0000410 seconds
207.068: Application time: 0.0340330 seconds
207.068: [GC207.068: [ParNew: 6895K->216K(7424K), 0.0002510 secs] 16177K->9562K(23808K), 0.0002670 secs] [Times: user=0.00 sys=0.00, real=0.00 secs] 
207.068: Total time for which application threads were stopped: 0.0003540 seconds, Stopping threads took: 0.0000390 seconds
207.103: Application time: 0.0345870 seconds
207.103: [GC207.103: [ParNew: 6872K->200K(7424K), 0.0002400 secs] 16218K->9610K(23808K), 0.0002560 secs] [Times: user=0.01 sys=0.00, real=0.00 secs] 
207.103: Total time for which application threads were stopped: 0.0003470 seconds, Stopping threads took: 0.0000440 seconds
207.137: Application time: 0.0344250 seconds
207.138: [GC207.138: [ParNew: 6856K->169K(7424K), 0.0002410 secs] 16266K->9635K(23808K), 0.0002580 secs] [Times: user=0.00 sys=0.00, real=0.00 secs] 
207.138: Total time for which application threads were stopped: 0.0003490 seconds, Stopping threads took: 0.0000420 seconds
207.173: Application time: 0.0348580 seconds
207.173: [GC207.173: [ParNew: 6825K->194K(7424K), 0.0002870 secs] 16291K->9660K(23808K), 0.0003110 secs] [Times: user=0.00 sys=0.00, real=0.00 secs] 
207.173: Total time for which application threads were stopped: 0.0004260 seconds, Stopping threads took: 0.0000540 seconds
207.207: Application time: 0.0337890 seconds
207.207: [GC207.207: [ParNew: 6850K->225K(7424K), 0.0002600 secs] 16316K->9691K(23808K), 0.0002790 secs] [Times: user=0.01 sys=0.00, real=0.00 secs] 
207.207: Total time for which application threads were stopped: 0.0003710 seconds, Stopping threads took: 0.0000420 seconds
207.240: Application time: 0.0328640 seconds
207.240: [GC207.240: [ParNew: 6881K->320K(7424K), 0.0002860 secs] 16347K->9786K(23808K), 0.0003050 secs] [Times: user=0.00 sys=0.00, real=0.00 secs] 
207.241: Total time for which application threads were stopped: 0.0004040 seconds, Stopping threads took: 0.0000470 seconds
207.274: Application time: 0.0338550 seconds
207.274: [GC207.274: [ParNew: 6976K->345K(7424K), 0.0002800 secs] 16442K->9811K(23808K), 0.0002980 secs] [Times: user=0.00 sys=0.00, real=0.00 secs] 
207.275: Total time for which application threads were stopped: 0.0003930 seconds, Stopping threads took: 0.0000440 seconds
207.309: Application time: 0.0339560 seconds
207.309: [GC207.309: [ParNew: 7001K->365K(7424K), 0.0003160 secs] 16467K->9832K(23808K), 0.0003340 secs] [Times: user=0.00 sys=0.00, real=0.00 secs] 
207.309: Total time for which application threads were stopped: 0.0004250 seconds, Stopping threads took: 0.0000400 seconds
207.343: Application time: 0.0340780 seconds
207.343: [GC207.343: [ParNew: 7021K->405K(7424K), 0.0003140 secs] 16488K->9872K(23808K), 0.0003380 secs] [Times: user=0.00 sys=0.00, real=0.00 secs] 
207.344: Total time for which application threads were stopped: 0.0004530 seconds, Stopping threads took: 0.0000540 seconds
207.378: Application time: 0.0346950 seconds
207.378: [GC207.378: [ParNew: 7061K->343K(7424K), 0.0003600 secs] 16528K->9890K(23808K), 0.0003800 secs] [Times: user=0.01 sys=0.00, real=0.00 secs] 
207.379: Total time for which application threads were stopped: 0.0004950 seconds, Stopping threads took: 0.0000620 seconds
207.413: Application time: 0.0340440 seconds
207.413: [GC207.413: [ParNew: 6999K->350K(7424K), 0.0003320 secs] 16546K->9897K(23808K), 0.0003510 secs] [Times: user=0.00 sys=0.00, real=0.00 secs] 
207.413: Total time for which application threads were stopped: 0.0004390 seconds, Stopping threads took: 0.0000400 seconds
207.448: Application time: 0.0344680 seconds
207.448: [GC207.448: [ParNew: 7006K->352K(7424K), 0.0004040 secs] 16553K->9898K(23808K), 0.0004290 secs] [Times: user=0.00 sys=0.00, real=0.00 secs] 
207.448: Total time for which application threads were stopped: 0.0005220 seconds, Stopping threads took: 0.0000450 seconds
207.483: Application time: 0.0346250 seconds
207.483: [GC207.483: [ParNew: 7008K->352K(7424K), 0.0002720 secs] 16554K->9898K(23808K), 0.0002890 secs] [Times: user=0.00 sys=0.00, real=0.00 secs] 
207.483: Total time for which application threads were stopped: 0.0003910 seconds, Stopping threads took: 0.0000460 seconds
207.518: Application time: 0.0341360 seconds
207.518: [GC207.518: [ParNew: 7008K->354K(7424K), 0.0002940 secs] 16554K->9900K(23808K), 0.0003110 secs] [Times: user=0.00 sys=0.00, real=0.00 secs] 
207.518: Total time for which application threads were stopped: 0.0003960 seconds, Stopping threads took: 0.0000390 seconds
207.552: Application time: 0.0344910 seconds
207.552: [GC207.552: [ParNew: 7010K->366K(7424K), 0.0002700 secs] 16556K->9913K(23808K), 0.0002870 secs] [Times: user=0.01 sys=0.00, real=0.00 secs] 
207.553: Total time for which application threads were stopped: 0.0003840 seconds, Stopping threads took: 0.0000490 seconds
207.587: Application time: 0.0344750 seconds
207.587: [GC207.587: [ParNew: 7022K->373K(7424K), 0.0002760 secs] 16569K->9919K(23808K), 0.0002940 secs] [Times: user=0.00 sys=0.00, real=0.00 secs] 
207.588: Total time for which application threads were stopped: 0.0003900 seconds, Stopping threads took: 0.0000480 seconds
207.622: Application time: 0.0342100 seconds
207.622: [GC207.622: [ParNew: 7029K->372K(7424K), 0.0003030 secs] 16575K->9918K(23808K), 0.0003210 secs] [Times: user=0.00 sys=0.00, real=0.01 secs] 
207.622: Total time for which application threads were stopped: 0.0004190 seconds, Stopping threads took: 0.0000460 seconds
207.657: Application time: 0.0342190 seconds
207.657: [GC207.657: [ParNew: 7028K->361K(7424K), 0.0002800 secs] 16574K->9907K(23808K), 0.0002980 secs] [Times: user=0.00 sys=0.00, real=0.00 secs] 
207.657: Total time for which application threads were stopped: 0.0003960 seconds, Stopping threads took: 0.0000490 seconds
207.691: Application time: 0.0343020 seconds
207.691: [GC207.691: [ParNew: 7017K->365K(7424K), 0.0002510 secs] 16563K->9912K(23808K), 0.0002690 secs] [Times: user=0.01 sys=0.00, real=0.00 secs] 
207.692: Total time for which application threads were stopped: 0.0003560 seconds, Stopping threads took: 0.0000410 seconds
207.726: Application time: 0.0347500 seconds
207.726: [GC207.726: [ParNew: 7021K->324K(7424K), 0.0003630 secs] 16568K->9926K(23808K), 0.0003810 secs] [Times: user=0.00 sys=0.00, real=0.00 secs] 
207.727: Total time for which application threads were stopped: 0.0004860 seconds, Stopping threads took: 0.0000580 seconds
207.761: Application time: 0.0341110 seconds
207.761: [GC207.761: [ParNew: 6980K->254K(7424K), 0.0002750 secs] 16582K->9976K(23808K), 0.0002930 secs] [Times: user=0.00 sys=0.00, real=0.00 secs] 
207.761: Total time for which application threads were stopped: 0.0003830 seconds, Stopping threads took: 0.0000420 seconds
207.796: Application time: 0.0346160 seconds
207.796: [GC207.796: [ParNew: 6910K->230K(7424K), 0.0002330 secs] 16632K->10008K(23808K), 0.0002500 secs] [Times: user=0.01 sys=0.00, real=0.00 secs] 
207.796: Total time for which application threads were stopped: 0.0003480 seconds, Stopping threads took: 0.0000500 seconds
207.831: Application time: 0.0345830 seconds
207.831: [GC207.831: [ParNew: 6886K->190K(7424K), 0.0002500 secs] 16664K->10033K(23808K), 0.0002670 secs] [Times: user=0.00 sys=0.00, real=0.00 secs] 
207.831: Total time for which application threads were stopped: 0.0003620 seconds, Stopping threads took: 0.0000450 seconds
207.865: Application time: 0.0341650 seconds
207.865: [GC207.865: [ParNew: 6846K->162K(7424K), 0.0002110 secs] 16689K->10061K(23808K), 0.0002290 secs] [Times: user=0.00 sys=0.00, real=0.00 secs] 
207.866: Total time for which application threads were stopped: 0.0003300 seconds, Stopping threads took: 0.0000460 seconds
207.900: Application time: 0.0340240 seconds
207.900: [GC207.900: [ParNew: 6806K->162K(7424K), 0.0002410 secs] 16704K->10061K(23808K), 0.0002590 secs] [Times: user=0.00 sys=0.00, real=0.00 secs] 
207.900: Total time for which application threads were stopped: 0.0003580 seconds, Stopping threads took: 0.0000510 seconds
207.934: Application time: 0.0335710 seconds
207.934: [GC207.934: [ParNew: 6818K->229K(7424K), 0.0002530 secs] 16717K->10127K(23808K), 0.0002700 secs] [Times: user=0.00 sys=0.00, real=0.00 secs] 
207.934: Total time for which application threads were stopped: 0.0003590 seconds, Stopping threads took: 0.0000430 seconds
207.967: Application time: 0.0332390 seconds
207.967: [GC207.967: [ParNew: 6885K->289K(7424K), 0.0002590 secs] 16783K->10188K(23808K), 0.0002770 secs] [Times: user=0.00 sys=0.00, real=0.00 secs] 
207.968: Total time for which application threads were stopped: 0.0003650 seconds, Stopping threads took: 0.0000390 seconds
208.002: Application time: 0.0340370 seconds
208.002: [GC208.002: [ParNew: 6945K->317K(7424K), 0.0002680 secs] 16844K->10215K(23808K), 0.0002870 secs] [Times: user=0.00 sys=0.00, real=0.01 secs] 
208.002: Total time for which application threads were stopped: 0.0003930 seconds, Stopping threads took: 0.0000470 seconds
208.036: Application time: 0.0334590 seconds
208.036: [GC208.036: [ParNew: 6973K->368K(7424K), 0.0002610 secs] 16871K->10267K(23808K), 0.0002800 secs] [Times: user=0.00 sys=0.00, real=0.00 secs] 
208.036: Total time for which application threads were stopped: 0.0003690 seconds, Stopping threads took: 0.0000370 seconds
208.070: Application time: 0.0339260 seconds
208.070: [GC208.070: [ParNew: 7024K->401K(7424K), 0.0002790 secs] 16923K->10300K(23808K), 0.0002970 secs] [Times: user=0.01 sys=0.00, real=0.00 secs] 
208.070: Total time for which application threads were stopped: 0.0004000 seconds, Stopping threads took: 0.0000500 seconds
208.105: Application time: 0.0346480 seconds
208.105: [GC208.105: [ParNew: 7057K->394K(7424K), 0.0004100 secs] 16956K->10292K(23808K), 0.0004300 secs] [Times: user=0.01 sys=0.00, real=0.00 secs] 
208.105: Total time for which application threads were stopped: 0.0005370 seconds, Stopping threads took: 0.0000510 seconds
208.140: Application time: 0.0342230 seconds
208.140: [GC208.140: [ParNew: 7050K->402K(7424K), 0.0003000 secs] 16948K->10300K(23808K), 0.0003170 secs] [Times: user=0.00 sys=0.00, real=0.00 secs] 
208.140: Total time for which application threads were stopped: 0.0004080 seconds, Stopping threads took: 0.0000410 seconds
208.174: Application time: 0.0344120 seconds
208.175: [GC208.175: [ParNew: 7058K->389K(7424K), 0.0002970 secs] 16956K->10288K(23808K), 0.0003160 secs] [Times: user=0.00 sys=0.00, real=0.00 secs] 
208.175: Total time for which application threads were stopped: 0.0004090 seconds, Stopping threads took: 0.0000440 seconds
208.209: Application time: 0.0340680 seconds
208.209: [GC208.209: [ParNew: 7045K->396K(7424K), 0.0002850 secs] 16944K->10294K(23808K), 0.0003030 secs] [Times: user=0.00 sys=0.00, real=0.00 secs] 
208.209: Total time for which application threads were stopped: 0.0004160 seconds, Stopping threads took: 0.0000650 seconds
208.244: Application time: 0.0347370 seconds
208.244: [GC208.244: [ParNew: 7052K->394K(7424K), 0.0002940 secs] 16950K->10341K(23808K), 0.0003110 secs] [Times: user=0.00 sys=0.00, real=0.00 secs] 
208.245: Total time for which application threads were stopped: 0.0004210 seconds, Stopping threads took: 0.0000620 seconds
208.279: Application time: 0.0343160 seconds
208.279: [GC208.279: [ParNew: 7050K->381K(7424K), 0.0002630 secs] 16997K->10327K(23808K), 0.0002800 secs] [Times: user=0.01 sys=0.00, real=0.00 secs] 
208.279: Total time for which application threads were stopped: 0.0003810 seconds, Stopping threads took: 0.0000530 seconds
208.313: Application time: 0.0341530 seconds
208.313: [GC208.313: [ParNew: 7037K->383K(7424K), 0.0003530 secs] 16983K->10330K(23808K), 0.0003820 secs] [Times: user=0.00 sys=0.00, real=0.00 secs] 
208.314: Total time for which application threads were stopped: 0.0005010 seconds, Stopping threads took: 0.0000550 seconds
208.348: Application time: 0.0344270 seconds
208.348: [GC208.348: [ParNew: 7039K->385K(7424K), 0.0002980 secs] 16986K->10331K(23808K), 0.0003160 secs] [Times: user=0.01 sys=0.00, real=0.00 secs] 
208.349: Total time for which application threads were stopped: 0.0004110 seconds, Stopping threads took: 0.0000430 seconds
208.383: Application time: 0.0341760 seconds
208.383: [GC208.383: [ParNew: 7041K->373K(7424K), 0.0002610 secs] 16987K->10320K(23808K), 0.0002790 secs] [Times: user=0.00 sys=0.00, real=0.00 secs] 
208.383: Total time for which application threads were stopped: 0.0003800 seconds, Stopping threads took: 0.0000510 seconds
208.418: Application time: 0.0342510 seconds
208.418: [GC208.418: [ParNew: 7029K->377K(7424K), 0.0003360 secs] 16976K->10323K(23808K), 0.0003530 secs] [Times: user=0.00 sys=0.00, real=0.00 secs] 
208.418: Total time for which application threads were stopped: 0.0004510 seconds, Stopping threads took: 0.0000490 seconds
208.452: Application time: 0.0340600 seconds
208.452: [GC208.452: [ParNew: 7033K->337K(7424K), 0.0002850 secs] 16979K->10356K(23808K), 0.0003020 secs] [Times: user=0.00 sys=0.00, real=0.00 secs] 
208.452: Total time for which application threads were stopped: 0.0003960 seconds, Stopping threads took: 0.0000440 seconds
208.487: Application time: 0.0343400 seconds
208.487: [GC208.487: [ParNew: 6993K->287K(7424K), 0.0002490 secs] 17012K->10402K(23808K), 0.0002670 secs] [Times: user=0.00 sys=0.00, real=0.00 secs] 
208.487: Total time for which application threads were stopped: 0.0003560 seconds, Stopping threads took: 0.0000420 seconds
208.522: Application time: 0.0345590 seconds
208.522: [GC208.522: [ParNew: 6943K->259K(7424K), 0.0002690 secs] 17058K->10437K(23808K), 0.0002860 secs] [Times: user=0.00 sys=0.00, real=0.01 secs] 
208.522: Total time for which application threads were stopped: 0.0003890 seconds, Stopping threads took: 0.0000440 seconds
208.556: Application time: 0.0342020 seconds
208.556: [GC208.556: [ParNew: 6915K->205K(7424K), 0.0002460 secs] 17093K->10472K(23808K), 0.0002630 secs] [Times: user=0.00 sys=0.00, real=0.00 secs] 
208.557: Total time for which application threads were stopped: 0.0003580 seconds, Stopping threads took: 0.0000470 seconds
208.591: Application time: 0.0345510 seconds
208.591: [GC208.591: [ParNew: 6861K->164K(7424K), 0.0002920 secs] 17128K->10495K(23808K), 0.0003100 secs] [Times: user=0.00 sys=0.00, real=0.00 secs] 
208.592: Total time for which application threads were stopped: 0.0003960 seconds, Stopping threads took: 0.0000370 seconds
208.626: Application time: 0.0343330 seconds
208.626: [GC208.626: [ParNew: 6820K->152K(7424K), 0.0003080 secs] 17151K->10483K(23808K), 0.0003240 secs] [Times: user=0.01 sys=0.00, real=0.00 secs] 
208.626: Total time for which application threads were stopped: 0.0004160 seconds, Stopping threads took: 0.0000460 seconds
208.660: Application time: 0.0334650 seconds
208.660: [GC208.660: [ParNew: 6808K->222K(7424K), 0.0002310 secs] 17139K->10553K(23808K), 0.0002490 secs] [Times: user=0.00 sys=0.00, real=0.00 secs] 
208.660: Total time for which application threads were stopped: 0.0003450 seconds, Stopping threads took: 0.0000480 seconds
208.695: Application time: 0.0350670 seconds
208.695: [GC208.695: [ParNew: 6878K->254K(7424K), 0.0002860 secs] 17209K->10584K(23808K), 0.0003100 secs] [Times: user=0.00 sys=0.00, real=0.00 secs] 
208.696: Total time for which application threads were stopped: 0.0004210 seconds, Stopping threads took: 0.0000490 seconds
208.729: Application time: 0.0334280 seconds
208.729: [GC208.729: [ParNew: 6910K->317K(7424K), 0.0002660 secs] 17240K->10648K(23808K), 0.0002860 secs] [Times: user=0.01 sys=0.00, real=0.00 secs] 
208.729: Total time for which application threads were stopped: 0.0003950 seconds, Stopping threads took: 0.0000550 seconds
208.763: Application time: 0.0334580 seconds
208.763: [GC208.763: [ParNew: 6973K->361K(7424K), 0.0003480 secs] 17304K->10691K(23808K), 0.0003750 secs] [Times: user=0.01 sys=0.00, real=0.00 secs] 
208.763: Total time for which application threads were stopped: 0.0004680 seconds, Stopping threads took: 0.0000410 seconds
208.797: Application time: 0.0340010 seconds
208.798: [GC208.798: [ParNew: 7017K->393K(7424K), 0.0003060 secs] 17347K->10724K(23808K), 0.0003240 secs] [Times: user=0.00 sys=0.00, real=0.00 secs] 
208.798: Total time for which application threads were stopped: 0.0010460 seconds, Stopping threads took: 0.0006720 seconds
208.833: Application time: 0.0346100 seconds
208.833: [GC208.833: [ParNew: 7049K->393K(7424K), 0.0003080 secs] 17380K->10724K(23808K), 0.0003240 secs] [Times: user=0.00 sys=0.00, real=0.00 secs] 
208.833: Total time for which application threads were stopped: 0.0004260 seconds, Stopping threads took: 0.0000540 seconds
208.868: Application time: 0.0344670 seconds
208.868: [GC208.868: [ParNew: 7049K->391K(7424K), 0.0003230 secs] 17380K->10722K(23808K), 0.0003420 secs] [Times: user=0.00 sys=0.00, real=0.00 secs] 
208.868: Total time for which application threads were stopped: 0.0004300 seconds, Stopping threads took: 0.0000420 seconds
208.903: Application time: 0.0342440 seconds
208.903: [GC208.903: [ParNew: 7047K->397K(7424K), 0.0002970 secs] 17378K->10728K(23808K), 0.0003150 secs] [Times: user=0.00 sys=0.00, real=0.00 secs] 
208.903: Total time for which application threads were stopped: 0.0004060 seconds, Stopping threads took: 0.0000410 seconds
208.938: Application time: 0.0344740 seconds
208.938: [GC208.938: [ParNew: 7053K->397K(7424K), 0.0002790 secs] 17384K->10728K(23808K), 0.0002960 secs] [Times: user=0.00 sys=0.00, real=0.00 secs] 
208.938: Total time for which application threads were stopped: 0.0003820 seconds, Stopping threads took: 0.0000370 seconds
208.972: Application time: 0.0345380 seconds
208.973: [GC208.973: [ParNew: 7053K->395K(7424K), 0.0002940 secs] 17384K->10726K(23808K), 0.0003120 secs] [Times: user=0.00 sys=0.00, real=0.00 secs] 
208.973: Total time for which application threads were stopped: 0.0004110 seconds, Stopping threads took: 0.0000510 seconds
209.007: Application time: 0.0340670 seconds
209.007: [GC209.007: [ParNew: 7051K->395K(7424K), 0.0002810 secs] 17382K->10726K(23808K), 0.0002990 secs] [Times: user=0.00 sys=0.00, real=0.00 secs] 
209.007: Total time for which application threads were stopped: 0.0004010 seconds, Stopping threads took: 0.0000520 seconds
209.042: Application time: 0.0344940 seconds
209.042: [GC209.042: [ParNew: 7051K->393K(7424K), 0.0002900 secs] 17382K->10724K(23808K), 0.0003080 secs] [Times: user=0.01 sys=0.00, real=0.01 secs] 
209.042: Total time for which application threads were stopped: 0.0004130 seconds, Stopping threads took: 0.0000500 seconds
209.077: Application time: 0.0345880 seconds
209.077: [GC209.077: [ParNew: 7049K->396K(7424K), 0.0002970 secs] 17380K->10727K(23808K), 0.0003150 secs] [Times: user=0.00 sys=0.00, real=0.00 secs] 
209.077: Total time for which application threads were stopped: 0.0004000 seconds, Stopping threads took: 0.0000370 seconds
209.111: Application time: 0.0340320 seconds
209.111: [GC209.111: [ParNew: 7052K->394K(7424K), 0.0002870 secs] 17383K->10725K(23808K), 0.0003030 secs] [Times: user=0.00 sys=0.00, real=0.00 secs] 
209.112: Total time for which application threads were stopped: 0.0004050 seconds, Stopping threads took: 0.0000530 seconds
209.146: Application time: 0.0343470 seconds
209.146: [GC209.146: [ParNew: 7050K->391K(7424K), 0.0002720 secs] 17381K->10722K(23808K), 0.0002880 secs] [Times: user=0.00 sys=0.00, real=0.00 secs] 
209.146: Total time for which application threads were stopped: 0.0003730 seconds, Stopping threads took: 0.0000380 seconds
209.181: Application time: 0.0342200 seconds
209.181: [GC209.181: [ParNew: 7047K->344K(7424K), 0.0002820 secs] 17378K->10755K(23808K), 0.0002990 secs] [Times: user=0.00 sys=0.00, real=0.00 secs] 
209.181: Total time for which application threads were stopped: 0.0003940 seconds, Stopping threads took: 0.0000450 seconds
209.216: Application time: 0.0346370 seconds
209.216: [GC209.216: [ParNew: 7000K->307K(7424K), 0.0002710 secs] 17411K->10774K(23808K), 0.0002960 secs] [Times: user=0.00 sys=0.00, real=0.00 secs] 
209.216: Total time for which application threads were stopped: 0.0003890 seconds, Stopping threads took: 0.0000460 seconds
209.250: Application time: 0.0340390 seconds
209.250: [GC209.250: [ParNew: 6963K->250K(7424K), 0.0002470 secs] 17430K->10813K(23808K), 0.0002630 secs] [Times: user=0.00 sys=0.00, real=0.00 secs] 
209.250: Total time for which application threads were stopped: 0.0003580 seconds, Stopping threads took: 0.0000490 seconds
209.285: Application time: 0.0344780 seconds
209.285: [GC209.285: [ParNew: 6906K->199K(7424K), 0.0002500 secs] 17469K->10858K(23808K), 0.0002660 secs] [Times: user=0.01 sys=0.00, real=0.00 secs] 
209.285: Total time for which application threads were stopped: 0.0003490 seconds, Stopping threads took: 0.0000360 seconds
209.320: Application time: 0.0347840 seconds
209.320: [GC209.320: [ParNew: 6855K->172K(7424K), 0.0002940 secs] 17514K->10887K(23808K), 0.0003150 secs] [Times: user=0.00 sys=0.00, real=0.00 secs] 
209.320: Total time for which application threads were stopped: 0.0004260 seconds, Stopping threads took: 0.0000490 seconds
209.355: Application time: 0.0343790 seconds
209.355: [GC209.355: [ParNew: 6828K->162K(7424K), 0.0003130 secs] 17543K->10877K(23808K), 0.0003300 secs] [Times: user=0.00 sys=0.00, real=0.00 secs] 
209.355: Total time for which application threads were stopped: 0.0004270 seconds, Stopping threads took: 0.0000470 seconds
209.389: Application time: 0.0335550 seconds
209.389: [GC209.389: [ParNew: 6818K->221K(7424K), 0.0003180 secs] 17533K->10936K(23808K), 0.0003340 secs] [Times: user=0.00 sys=0.00, real=0.00 secs] 
209.389: Total time for which application threads were stopped: 0.0004260 seconds, Stopping threads took: 0.0000410 seconds
209.423: Application time: 0.0338030 seconds
209.423: [GC209.423: [ParNew: 6877K->257K(7424K), 0.0002310 secs] 17592K->10972K(23808K), 0.0002480 secs] [Times: user=0.00 sys=0.00, real=0.00 secs] 
209.423: Total time for which application threads were stopped: 0.0003410 seconds, Stopping threads took: 0.0000450 seconds
209.456: Application time: 0.0329920 seconds
209.456: [GC209.456: [ParNew: 6913K->318K(7424K), 0.0002440 secs] 17628K->11033K(23808K), 0.0002620 secs] [Times: user=0.00 sys=0.00, real=0.00 secs] 
209.457: Total time for which application threads were stopped: 0.0003520 seconds, Stopping threads took: 0.0000390 seconds
209.491: Application time: 0.0346360 seconds
209.491: [GC209.491: [ParNew: 6974K->351K(7424K), 0.0002630 secs] 17689K->11066K(23808K), 0.0002790 secs] [Times: user=0.00 sys=0.00, real=0.00 secs] 
209.492: Total time for which application threads were stopped: 0.0003810 seconds, Stopping threads took: 0.0000520 seconds
209.525: Application time: 0.0330470 seconds
209.525: [GC209.525: [ParNew: 7007K->390K(7424K), 0.0003020 secs] 17722K->11105K(23808K), 0.0003200 secs] [Times: user=0.00 sys=0.00, real=0.00 secs] 
209.525: Total time for which application threads were stopped: 0.0004070 seconds, Stopping threads took: 0.0000360 seconds
209.560: Application time: 0.0344680 seconds
209.560: [GC209.560: [ParNew: 7046K->398K(7424K), 0.0002910 secs] 17761K->11113K(23808K), 0.0003070 secs] [Times: user=0.00 sys=0.00, real=0.00 secs] 
209.560: Total time for which application threads were stopped: 0.0004160 seconds, Stopping threads took: 0.0000480 seconds
209.595: Application time: 0.0344530 seconds
209.595: [GC209.595: [ParNew: 7054K->397K(7424K), 0.0002630 secs] 17769K->11112K(23808K), 0.0002820 secs] [Times: user=0.00 sys=0.00, real=0.00 secs] 
209.595: Total time for which application threads were stopped: 0.0003680 seconds, Stopping threads took: 0.0000370 seconds
209.629: Application time: 0.0342620 seconds
209.629: [GC209.629: [ParNew: 7053K->394K(7424K), 0.0003670 secs] 17768K->11109K(23808K), 0.0003840 secs] [Times: user=0.01 sys=0.00, real=0.00 secs] 
209.630: Total time for which application threads were stopped: 0.0004830 seconds, Stopping threads took: 0.0000480 seconds
209.664: Application time: 0.0341470 seconds
209.664: [GC209.664: [ParNew: 7050K->401K(7424K), 0.0002900 secs] 17765K->11116K(23808K), 0.0003150 secs] [Times: user=0.00 sys=0.00, real=0.00 secs] 
209.664: Total time for which application threads were stopped: 0.0004050 seconds, Stopping threads took: 0.0000410 seconds
209.699: Application time: 0.0347120 seconds
209.699: [GC209.699: [ParNew: 7057K->310K(7424K), 0.0002990 secs] 17772K->11153K(23808K), 0.0003170 secs] [Times: user=0.00 sys=0.00, real=0.00 secs] 
209.699: Total time for which application threads were stopped: 0.0004060 seconds, Stopping threads took: 0.0000390 seconds
209.733: Application time: 0.0341140 seconds
209.734: [GC209.734: [ParNew: 6966K->311K(7424K), 0.0003310 secs] 17809K->11154K(23808K), 0.0003470 secs] [Times: user=0.01 sys=0.00, real=0.00 secs] 
209.734: Total time for which application threads were stopped: 0.0004420 seconds, Stopping threads took: 0.0000440 seconds
209.768: Application time: 0.0341490 seconds
209.768: [GC209.768: [ParNew: 6967K->337K(7424K), 0.0002690 secs] 17810K->11180K(23808K), 0.0002860 secs] [Times: user=0.00 sys=0.00, real=0.00 secs] 
209.768: Total time for which application threads were stopped: 0.0003770 seconds, Stopping threads took: 0.0000410 seconds
209.803: Application time: 0.0347370 seconds
209.803: [GC209.803: [ParNew: 6993K->343K(7424K), 0.0002760 secs] 17836K->11186K(23808K), 0.0002930 secs] [Times: user=0.00 sys=0.00, real=0.00 secs] 
209.804: Total time for which application threads were stopped: 0.0003800 seconds, Stopping threads took: 0.0000370 seconds
209.838: Application time: 0.0339540 seconds
209.838: [GC209.838: [ParNew: 6999K->345K(7424K), 0.0002610 secs] 17842K->11188K(23808K), 0.0002780 secs] [Times: user=0.00 sys=0.00, real=0.00 secs] 
209.838: Total time for which application threads were stopped: 0.0003720 seconds, Stopping threads took: 0.0000450 seconds
209.872: Application time: 0.0340660 seconds
209.872: [GC209.872: [ParNew: 7001K->347K(7424K), 0.0003310 secs] 17844K->11190K(23808K), 0.0003480 secs] [Times: user=0.00 sys=0.00, real=0.00 secs] 
209.872: Total time for which application threads were stopped: 0.0004450 seconds, Stopping threads took: 0.0000470 seconds
209.907: Application time: 0.0342020 seconds
209.907: [GC209.907: [ParNew: 7003K->334K(7424K), 0.0003650 secs] 17846K->11177K(23808K), 0.0003830 secs] [Times: user=0.00 sys=0.00, real=0.00 secs] 
209.907: Total time for which application threads were stopped: 0.0004650 seconds, Stopping threads took: 0.0000340 seconds
209.941: Application time: 0.0341480 seconds
209.942: [GC209.942: [ParNew: 6990K->313K(7424K), 0.0003280 secs] 17833K->11213K(23808K), 0.0003440 secs] [Times: user=0.00 sys=0.00, real=0.00 secs] 
209.942: Total time for which application threads were stopped: 0.0012360 seconds, Stopping threads took: 0.0008440 seconds
209.977: Application time: 0.0344770 seconds
209.977: [GC209.977: [ParNew: 6969K->255K(7424K), 0.0003550 secs] 17869K->11250K(23808K), 0.0003730 secs] [Times: user=0.00 sys=0.00, real=0.00 secs] 
209.977: Total time for which application threads were stopped: 0.0004620 seconds, Stopping threads took: 0.0000390 seconds
210.012: Application time: 0.0345450 seconds
210.012: [GC210.012: [ParNew: 6911K->223K(7424K), 0.0002960 secs] 17906K->11274K(23808K), 0.0003130 secs] [Times: user=0.01 sys=0.00, real=0.00 secs] 
210.012: Total time for which application threads were stopped: 0.0004060 seconds, Stopping threads took: 0.0000430 seconds
210.046: Application time: 0.0341410 seconds
210.047: [GC210.047: [ParNew: 6879K->156K(7424K), 0.0002910 secs] 17930K->11312K(23808K), 0.0003060 secs] [Times: user=0.00 sys=0.00, real=0.00 secs] 
210.047: Total time for which application threads were stopped: 0.0004090 seconds, Stopping threads took: 0.0000580 seconds
210.081: Application time: 0.0343980 seconds
210.081: [GC210.081: [ParNew: 6812K->163K(7424K), 0.0003030 secs] 17968K->11318K(23808K), 0.0003200 secs] [Times: user=0.00 sys=0.00, real=0.00 secs] 
210.082: Total time for which application threads were stopped: 0.0004230 seconds, Stopping threads took: 0.0000400 seconds
210.115: Application time: 0.0335300 seconds
210.115: [GC210.115: [ParNew: 6815K->186K(7424K), 0.0002980 secs] 17970K->11341K(23808K), 0.0003150 secs] [Times: user=0.00 sys=0.00, real=0.00 secs] 
210.116: Total time for which application threads were stopped: 0.0004020 seconds, Stopping threads took: 0.0000390 seconds
210.149: Application time: 0.0338000 seconds
210.150: [GC210.150: [ParNew: 6842K->255K(7424K), 0.0002560 secs] 17997K->11410K(23808K), 0.0002730 secs] [Times: user=0.00 sys=0.00, real=0.00 secs] 
210.150: Total time for which application threads were stopped: 0.0003650 seconds, Stopping threads took: 0.0000410 seconds
210.184: Application time: 0.0343610 seconds
210.186: [GC210.186: [ParNew: 6911K->266K(7424K), 0.0004350 secs] 18066K->11421K(23808K), 0.0004630 secs] [Times: user=0.00 sys=0.00, real=0.00 secs] 
210.187: Total time for which application threads were stopped: 0.0024070 seconds, Stopping threads took: 0.0018810 seconds
210.220: Application time: 0.0334460 seconds
210.220: [GC210.220: [ParNew: 6922K->339K(7424K), 0.0002960 secs] 18077K->11494K(23808K), 0.0003130 secs] [Times: user=0.00 sys=0.00, real=0.00 secs] 
210.220: Total time for which application threads were stopped: 0.0004050 seconds, Stopping threads took: 0.0000430 seconds
210.254: Application time: 0.0337860 seconds
210.254: [GC210.254: [ParNew: 6995K->369K(7424K), 0.0002730 secs] 18150K->11524K(23808K), 0.0002910 secs] [Times: user=0.00 sys=0.00, real=0.00 secs] 
210.255: Total time for which application threads were stopped: 0.0003850 seconds, Stopping threads took: 0.0000450 seconds
210.289: Application time: 0.0339730 seconds
210.289: [GC210.289: [ParNew: 7025K->400K(7424K), 0.0002830 secs] 18180K->11555K(23808K), 0.0003000 secs] [Times: user=0.00 sys=0.00, real=0.00 secs] 
210.289: Total time for which application threads were stopped: 0.0003950 seconds, Stopping threads took: 0.0000460 seconds
210.323: Application time: 0.0344070 seconds
210.324: [GC210.324: [ParNew: 7056K->406K(7424K), 0.0003300 secs] 18211K->11561K(23808K), 0.0003510 secs] [Times: user=0.00 sys=0.00, real=0.00 secs] 
210.324: Total time for which application threads were stopped: 0.0004820 seconds, Stopping threads took: 0.0000680 seconds
210.358: Application time: 0.0344940 seconds
210.358: [GC210.358: [ParNew: 7062K->339K(7424K), 0.0002740 secs] 18217K->11607K(23808K), 0.0002920 secs] [Times: user=0.00 sys=0.00, real=0.00 secs] 
210.359: Total time for which application threads were stopped: 0.0003800 seconds, Stopping threads took: 0.0000370 seconds
210.393: Application time: 0.0344500 seconds
210.393: [GC210.393: [ParNew: 6995K->341K(7424K), 0.0002490 secs] 18263K->11608K(23808K), 0.0002680 secs] [Times: user=0.00 sys=0.00, real=0.00 secs] 
210.394: Total time for which application threads were stopped: 0.0003660 seconds, Stopping threads took: 0.0000470 seconds
210.428: Application time: 0.0341070 seconds
210.428: [GC210.428: [ParNew: 6997K->336K(7424K), 0.0002730 secs] 18264K->11604K(23808K), 0.0002900 secs] [Times: user=0.00 sys=0.00, real=0.00 secs] 
210.428: Total time for which application threads were stopped: 0.0003870 seconds, Stopping threads took: 0.0000480 seconds
210.463: Application time: 0.0344740 seconds
210.463: [GC210.463: [ParNew: 6992K->344K(7424K), 0.0002750 secs] 18260K->11612K(23808K), 0.0002930 secs] [Times: user=0.01 sys=0.00, real=0.00 secs] 
210.463: Total time for which application threads were stopped: 0.0003960 seconds, Stopping threads took: 0.0000550 seconds
210.497: Application time: 0.0341810 seconds
210.497: [GC210.497: [ParNew: 7000K->360K(7424K), 0.0002650 secs] 18268K->11627K(23808K), 0.0002850 secs] [Times: user=0.00 sys=0.00, real=0.00 secs] 
210.498: Total time for which application threads were stopped: 0.0004020 seconds, Stopping threads took: 0.0000670 seconds
210.532: Application time: 0.0343720 seconds
210.532: [GC210.532: [ParNew: 7016K->357K(7424K), 0.0002810 secs] 18283K->11624K(23808K), 0.0003050 secs] [Times: user=0.01 sys=0.00, real=0.00 secs] 
210.532: Total time for which application threads were stopped: 0.0003980 seconds, Stopping threads took: 0.0000450 seconds
210.567: Application time: 0.0342970 seconds
210.567: [GC210.567: [ParNew: 7013K->354K(7424K), 0.0003470 secs] 18280K->11621K(23808K), 0.0003650 secs] [Times: user=0.00 sys=0.00, real=0.00 secs] 
210.567: Total time for which application threads were stopped: 0.0004550 seconds, Stopping threads took: 0.0000410 seconds
210.601: Application time: 0.0340200 seconds
210.601: [GC210.601: [ParNew: 7010K->353K(7424K), 0.0002590 secs] 18277K->11621K(23808K), 0.0002760 secs] [Times: user=0.01 sys=0.00, real=0.00 secs] 
210.601: Total time for which application threads were stopped: 0.0003790 seconds, Stopping threads took: 0.0000450 seconds
210.636: Application time: 0.0343820 seconds
210.636: [GC210.636: [ParNew: 7009K->358K(7424K), 0.0002560 secs] 18277K->11626K(23808K), 0.0002750 secs] [Times: user=0.00 sys=0.00, real=0.00 secs] 
210.636: Total time for which application threads were stopped: 0.0003660 seconds, Stopping threads took: 0.0000420 seconds
210.671: Application time: 0.0343870 seconds
210.671: [GC210.671: [ParNew: 7014K->314K(7424K), 0.0002750 secs] 18282K->11654K(23808K), 0.0002930 secs] [Times: user=0.00 sys=0.00, real=0.00 secs] 
210.671: Total time for which application threads were stopped: 0.0003840 seconds, Stopping threads took: 0.0000400 seconds
210.705: Application time: 0.0342450 seconds
210.705: [GC210.705: [ParNew: 6970K->288K(7424K), 0.0002680 secs] 18310K->11691K(23808K), 0.0002840 secs] [Times: user=0.01 sys=0.00, real=0.00 secs] 
210.706: Total time for which application threads were stopped: 0.0003840 seconds, Stopping threads took: 0.0000500 seconds
210.740: Application time: 0.0345320 seconds
210.740: [GC210.740: [ParNew: 6944K->213K(7424K), 0.0002440 secs] 18347K->11712K(23808K), 0.0002620 secs] [Times: user=0.00 sys=0.00, real=0.00 secs] 
210.741: Total time for which application threads were stopped: 0.0003580 seconds, Stopping threads took: 0.0000450 seconds
210.775: Application time: 0.0344320 seconds
210.775: [GC210.775: [ParNew: 6869K->194K(7424K), 0.0002230 secs] 18368K->11749K(23808K), 0.0002400 secs] [Times: user=0.00 sys=0.00, real=0.00 secs] 
210.775: Total time for which application threads were stopped: 0.0003380 seconds, Stopping threads took: 0.0000500 seconds
210.809: Application time: 0.0341170 seconds
210.809: [GC210.809: [ParNew: 6850K->163K(7424K), 0.0002130 secs] 18405K->11767K(23808K), 0.0002300 secs] [Times: user=0.00 sys=0.00, real=0.00 secs] 
210.810: Total time for which application threads were stopped: 0.0003110 seconds, Stopping threads took: 0.0000320 seconds
210.844: Application time: 0.0341170 seconds
210.844: [GC210.844: [ParNew: 6806K->166K(7424K), 0.0002460 secs] 18410K->11770K(23808K), 0.0002640 secs] [Times: user=0.00 sys=0.00, real=0.00 secs] 
210.844: Total time for which application threads were stopped: 0.0003590 seconds, Stopping threads took: 0.0000460 seconds
210.878: Application time: 0.0337410 seconds
210.878: [GC210.878: [ParNew: 6822K->226K(7424K), 0.0002550 secs] 18426K->11830K(23808K), 0.0002730 secs] [Times: user=0.00 sys=0.00, real=0.00 secs] 
210.878: Total time for which application threads were stopped: 0.0003760 seconds, Stopping threads took: 0.0000510 seconds
210.912: Application time: 0.0340730 seconds
210.912: [GC210.912: [ParNew: 6882K->260K(7424K), 0.0002700 secs] 18486K->11864K(23808K), 0.0002870 secs] [Times: user=0.01 sys=0.00, real=0.00 secs] 
210.913: Total time for which application threads were stopped: 0.0003770 seconds, Stopping threads took: 0.0000400 seconds
210.945: Application time: 0.0326430 seconds
210.945: [GC210.945: [ParNew: 6916K->339K(7424K), 0.0002880 secs] 18520K->11942K(23808K), 0.0003060 secs] [Times: user=0.00 sys=0.00, real=0.00 secs] 
210.946: Total time for which application threads were stopped: 0.0003970 seconds, Stopping threads took: 0.0000400 seconds
210.980: Application time: 0.0339500 seconds
210.980: [GC210.980: [ParNew: 6995K->373K(7424K), 0.0002890 secs] 18598K->11976K(23808K), 0.0003160 secs] [Times: user=0.00 sys=0.00, real=0.00 secs] 
210.980: Total time for which application threads were stopped: 0.0004080 seconds, Stopping threads took: 0.0000400 seconds
211.014: Application time: 0.0341270 seconds
211.014: [GC211.014: [ParNew: 7029K->397K(7424K), 0.0002980 secs] 18632K->12001K(23808K), 0.0003140 secs] [Times: user=0.00 sys=0.00, real=0.00 secs] 
211.015: Total time for which application threads were stopped: 0.0004070 seconds, Stopping threads took: 0.0000440 seconds
211.049: Application time: 0.0340570 seconds
211.049: [GC211.049: [ParNew: 7053K->398K(7424K), 0.0002680 secs] 18657K->12002K(23808K), 0.0002860 secs] [Times: user=0.00 sys=0.00, real=0.00 secs] 
211.049: Total time for which application threads were stopped: 0.0003780 seconds, Stopping threads took: 0.0000440 seconds
211.084: Application time: 0.0344570 seconds
211.084: [GC211.084: [ParNew: 7054K->396K(7424K), 0.0002700 secs] 18658K->11999K(23808K), 0.0002870 secs] [Times: user=0.00 sys=0.00, real=0.00 secs] 
211.084: Total time for which application threads were stopped: 0.0003800 seconds, Stopping threads took: 0.0000450 seconds
211.118: Application time: 0.0340340 seconds
211.118: [GC211.118: [ParNew: 7052K->391K(7424K), 0.0002840 secs] 18655K->11994K(23808K), 0.0003010 secs] [Times: user=0.00 sys=0.00, real=0.00 secs] 
211.118: Total time for which application threads were stopped: 0.0004070 seconds, Stopping threads took: 0.0000500 seconds
211.153: Application time: 0.0345710 seconds
211.153: [GC211.153: [ParNew: 7047K->390K(7424K), 0.0002870 secs] 18650K->11993K(23808K), 0.0003060 secs] [Times: user=0.00 sys=0.00, real=0.00 secs] 
211.153: Total time for which application threads were stopped: 0.0003960 seconds, Stopping threads took: 0.0000390 seconds
211.188: Application time: 0.0343590 seconds
211.188: [GC211.188: [ParNew: 7046K->396K(7424K), 0.0003060 secs] 18649K->12000K(23808K), 0.0003230 secs] [Times: user=0.01 sys=0.00, real=0.00 secs] 
211.188: Total time for which application threads were stopped: 0.0004120 seconds, Stopping threads took: 0.0000410 seconds
211.222: Application time: 0.0340410 seconds
211.222: [GC211.222: [ParNew: 7052K->397K(7424K), 0.0002790 secs] 18656K->12001K(23808K), 0.0002950 secs] [Times: user=0.00 sys=0.00, real=0.00 secs] 
211.223: Total time for which application threads were stopped: 0.0003840 seconds, Stopping threads took: 0.0000410 seconds
211.257: Application time: 0.0343850 seconds
211.257: [GC211.257: [ParNew: 7053K->378K(7424K), 0.0003000 secs] 18657K->11982K(23808K), 0.0003170 secs] [Times: user=0.01 sys=0.00, real=0.00 secs] 
211.257: Total time for which application threads were stopped: 0.0004160 seconds, Stopping threads took: 0.0000500 seconds
211.291: Application time: 0.0340310 seconds
211.292: [GC211.292: [ParNew: 7034K->402K(7424K), 0.0002900 secs] 18638K->12006K(23808K), 0.0003070 secs] [Times: user=0.00 sys=0.00, real=0.00 secs] 
211.292: Total time for which application threads were stopped: 0.0004050 seconds, Stopping threads took: 0.0000500 seconds
211.326: Application time: 0.0345600 seconds
211.326: [GC211.326: [ParNew: 7058K->398K(7424K), 0.0003450 secs] 18662K->12001K(23808K), 0.0003660 secs] [Times: user=0.01 sys=0.00, real=0.00 secs] 
211.327: Total time for which application threads were stopped: 0.0004740 seconds, Stopping threads took: 0.0000460 seconds
211.361: Application time: 0.0344090 seconds
211.361: [GC211.361: [ParNew: 7054K->390K(7424K), 0.0002870 secs] 18657K->12042K(23808K), 0.0003060 secs] [Times: user=0.00 sys=0.00, real=0.00 secs] 
211.362: Total time for which application threads were stopped: 0.0003970 seconds, Stopping threads took: 0.0000400 seconds
211.398: Application time: 0.0368080 seconds
211.399: [GC211.399: [ParNew: 7046K->334K(7424K), 0.0003230 secs] 18698K->12058K(23808K), 0.0003440 secs] [Times: user=0.00 sys=0.00, real=0.00 secs] 
211.399: Total time for which application threads were stopped: 0.0004440 seconds, Stopping threads took: 0.0000450 seconds
211.433: Application time: 0.0345190 seconds
211.434: [GC211.434: [ParNew: 6990K->305K(7424K), 0.0002920 secs] 18714K->12093K(23808K), 0.0003180 secs] [Times: user=0.00 sys=0.00, real=0.00 secs] 
211.434: Total time for which application threads were stopped: 0.0004080 seconds, Stopping threads took: 0.0000390 seconds
211.468: Application time: 0.0344750 seconds
211.468: [GC211.468: [ParNew: 6961K->220K(7424K), 0.0002550 secs] 18749K->12136K(23808K), 0.0002740 secs] [Times: user=0.01 sys=0.00, real=0.00 secs] 
211.469: Total time for which application threads were stopped: 0.0003730 seconds, Stopping threads took: 0.0000480 seconds
211.503: Application time: 0.0346810 seconds
211.503: [GC211.503: [ParNew: 6876K->190K(7424K), 0.0002940 secs] 18792K->12170K(23808K), 0.0003110 secs] [Times: user=0.01 sys=0.00, real=0.00 secs] 
211.504: Total time for which application threads were stopped: 0.0004020 seconds, Stopping threads took: 0.0000430 seconds
211.538: Application time: 0.0344750 seconds
211.538: [GC211.538: [ParNew: 6846K->164K(7424K), 0.0002160 secs] 18826K->12200K(23808K), 0.0002350 secs] [Times: user=0.00 sys=0.00, real=0.00 secs] 
211.539: Total time for which application threads were stopped: 0.0003260 seconds, Stopping threads took: 0.0000410 seconds
211.573: Application time: 0.0344320 seconds
211.573: [GC211.573: [ParNew: 6820K->170K(7424K), 0.0002380 secs] 18856K->12206K(23808K), 0.0002550 secs] [Times: user=0.00 sys=0.00, real=0.00 secs] 
211.573: Total time for which application threads were stopped: 0.0003420 seconds, Stopping threads took: 0.0000410 seconds
211.607: Application time: 0.0333210 seconds
211.607: [GC211.607: [ParNew: 6826K->226K(7424K), 0.0002210 secs] 18862K->12262K(23808K), 0.0002370 secs] [Times: user=0.00 sys=0.00, real=0.00 secs] 
211.607: Total time for which application threads were stopped: 0.0003260 seconds, Stopping threads took: 0.0000390 seconds
211.641: Application time: 0.0340220 seconds
211.641: [GC211.641: [ParNew: 6882K->251K(7424K), 0.0002370 secs] 18918K->12287K(23808K), 0.0002540 secs] [Times: user=0.00 sys=0.00, real=0.00 secs] 
211.641: Total time for which application threads were stopped: 0.0003540 seconds, Stopping threads took: 0.0000440 seconds
211.675: Application time: 0.0335440 seconds
211.675: [GC211.675: [ParNew: 6907K->286K(7424K), 0.0002780 secs] 18943K->12322K(23808K), 0.0002960 secs] [Times: user=0.00 sys=0.00, real=0.00 secs] 
211.675: Total time for which application threads were stopped: 0.0003970 seconds, Stopping threads took: 0.0000520 seconds
211.710: Application time: 0.0347170 seconds
211.710: [GC211.710: [ParNew: 6942K->362K(7424K), 0.0003300 secs] 18978K->12398K(23808K), 0.0003520 secs] [Times: user=0.00 sys=0.00, real=0.00 secs] 
211.711: Total time for which application threads were stopped: 0.0004540 seconds, Stopping threads took: 0.0000430 seconds
211.744: Application time: 0.0339170 seconds
211.745: [GC211.745: [ParNew: 7018K->390K(7424K), 0.0002890 secs] 19054K->12426K(23808K), 0.0003080 secs] [Times: user=0.00 sys=0.00, real=0.00 secs] 
211.745: Total time for which application threads were stopped: 0.0004040 seconds, Stopping threads took: 0.0000460 seconds
211.779: Application time: 0.0341070 seconds
211.779: [GC211.779: [ParNew: 7046K->391K(7424K), 0.0003500 secs] 19082K->12427K(23808K), 0.0003680 secs] [Times: user=0.00 sys=0.00, real=0.00 secs] 
211.779: Total time for which application threads were stopped: 0.0004670 seconds, Stopping threads took: 0.0000500 seconds
211.814: Application time: 0.0347530 seconds
211.814: [GC211.814: [ParNew: 7047K->400K(7424K), 0.0002670 secs] 19083K->12436K(23808K), 0.0002860 secs] [Times: user=0.00 sys=0.00, real=0.00 secs] 
211.815: Total time for which application threads were stopped: 0.0003810 seconds, Stopping threads took: 0.0000440 seconds
211.849: Application time: 0.0344340 seconds
211.849: [GC211.849: [ParNew: 7056K->389K(7424K), 0.0002840 secs] 19092K->12425K(23808K), 0.0003010 secs] [Times: user=0.00 sys=0.00, real=0.00 secs] 
211.849: Total time for which application threads were stopped: 0.0003930 seconds, Stopping threads took: 0.0000410 seconds
211.884: Application time: 0.0346620 seconds
211.884: [GC211.884: [ParNew: 7045K->396K(7424K), 0.0002860 secs] 19081K->12431K(23808K), 0.0003110 secs] [Times: user=0.00 sys=0.00, real=0.00 secs] 
211.884: Total time for which application threads were stopped: 0.0004040 seconds, Stopping threads took: 0.0000450 seconds
211.919: Application time: 0.0344930 seconds
211.919: [GC211.919: [ParNew: 7052K->313K(7424K), 0.0002770 secs] 19087K->12477K(23808K), 0.0002950 secs] [Times: user=0.00 sys=0.00, real=0.00 secs] 
211.919: Total time for which application threads were stopped: 0.0003930 seconds, Stopping threads took: 0.0000500 seconds
211.954: Application time: 0.0341900 seconds
211.954: [GC211.954: [ParNew: 6969K->336K(7424K), 0.0003330 secs] 19133K->12499K(23808K), 0.0003510 secs] [Times: user=0.00 sys=0.00, real=0.00 secs] 
211.954: Total time for which application threads were stopped: 0.0004440 seconds, Stopping threads took: 0.0000450 seconds
211.989: Application time: 0.0345320 seconds
211.989: [GC211.989: [ParNew: 6992K->337K(7424K), 0.0002570 secs] 19155K->12500K(23808K), 0.0002740 secs] [Times: user=0.00 sys=0.00, real=0.00 secs] 
211.989: Total time for which application threads were stopped: 0.0003690 seconds, Stopping threads took: 0.0000450 seconds
212.023: Application time: 0.0340970 seconds
212.023: [GC212.023: [ParNew: 6993K->339K(7424K), 0.0002540 secs] 19156K->12503K(23808K), 0.0002710 secs] [Times: user=0.00 sys=0.00, real=0.00 secs] 
212.023: Total time for which application threads were stopped: 0.0003560 seconds, Stopping threads took: 0.0000360 seconds
212.058: Application time: 0.0345100 seconds
212.058: [GC212.058: [ParNew: 6995K->341K(7424K), 0.0002770 secs] 19159K->12505K(23808K), 0.0002950 secs] [Times: user=0.00 sys=0.00, real=0.00 secs] 
212.058: Total time for which application threads were stopped: 0.0003820 seconds, Stopping threads took: 0.0000400 seconds
212.093: Application time: 0.0343400 seconds
212.093: [GC212.093: [ParNew: 6997K->343K(7424K), 0.0003570 secs] 19161K->12507K(23808K), 0.0003740 secs] [Times: user=0.00 sys=0.00, real=0.00 secs] 
212.093: Total time for which application threads were stopped: 0.0004670 seconds, Stopping threads took: 0.0000440 seconds
212.127: Application time: 0.0342440 seconds
212.127: [GC212.127: [ParNew: 6999K->341K(7424K), 0.0002720 secs] 19163K->12505K(23808K), 0.0002890 secs] [Times: user=0.00 sys=0.00, real=0.00 secs] 
212.128: Total time for which application threads were stopped: 0.0004090 seconds, Stopping threads took: 0.0000660 seconds
212.162: Application time: 0.0345730 seconds
212.162: [GC212.162: [ParNew: 6997K->316K(7424K), 0.0003370 secs] 19161K->12536K(23808K), 0.0003550 secs] [Times: user=0.00 sys=0.00, real=0.00 secs] 
212.163: Total time for which application threads were stopped: 0.0004640 seconds, Stopping threads took: 0.0000460 seconds
212.197: Application time: 0.0344440 seconds
212.197: [GC212.197: [ParNew: 6972K->256K(7424K), 0.0002700 secs] 19192K->12580K(23808K), 0.0002870 secs] [Times: user=0.00 sys=0.00, real=0.00 secs] 
212.198: Total time for which application threads were stopped: 0.0003810 seconds, Stopping threads took: 0.0000440 seconds
212.236: Application time: 0.0381210 seconds
212.236: [GC212.236: [ParNew: 6912K->189K(7424K), 0.0003960 secs] 19236K->12617K(23808K), 0.0004170 secs] [Times: user=0.00 sys=0.00, real=0.00 secs] 
212.236: Total time for which application threads were stopped: 0.0005180 seconds, Stopping threads took: 0.0000320 seconds
212.272: Application time: 0.0361270 seconds
212.272: [GC212.272: [ParNew: 6845K->162K(7424K), 0.0002830 secs] 19273K->12646K(23808K), 0.0003030 secs] [Times: user=0.00 sys=0.00, real=0.00 secs] 
212.273: Total time for which application threads were stopped: 0.0004190 seconds, Stopping threads took: 0.0000540 seconds
212.307: Application time: 0.0338810 seconds
212.307: [GC212.307: [ParNew: 6818K->195K(7424K), 0.0002520 secs] 19302K->12679K(23808K), 0.0002700 secs] [Times: user=0.00 sys=0.00, real=0.00 secs] 
212.307: Total time for which application threads were stopped: 0.0003670 seconds, Stopping threads took: 0.0000380 seconds
212.341: Application time: 0.0342760 seconds
212.341: [GC212.341: [ParNew: 6851K->223K(7424K), 0.0002790 secs] 19335K->12707K(23808K), 0.0003010 secs] [Times: user=0.00 sys=0.00, real=0.00 secs] 
212.342: Total time for which application threads were stopped: 0.0004060 seconds, Stopping threads took: 0.0000430 seconds
212.376: Application time: 0.0339510 seconds
212.376: [GC212.376: [ParNew: 6879K->252K(7424K), 0.0002840 secs] 19363K->12736K(23808K), 0.0003020 secs] [Times: user=0.00 sys=0.00, real=0.00 secs] 
212.376: Total time for which application threads were stopped: 0.0003970 seconds, Stopping threads took: 0.0000460 seconds
212.410: Application time: 0.0339220 seconds
212.410: [GC212.410: [ParNew: 6908K->282K(7424K), 0.0002780 secs] 19392K->12766K(23808K), 0.0002960 secs] [Times: user=0.00 sys=0.00, real=0.00 secs] 
212.410: Total time for which application threads were stopped: 0.0004120 seconds, Stopping threads took: 0.0000600 seconds
212.443: Application time: 0.0327230 seconds
212.443: [GC212.443: [ParNew: 6938K->373K(7424K), 0.0002770 secs] 19422K->12857K(23808K), 0.0002950 secs] [Times: user=0.00 sys=0.00, real=0.00 secs] 
212.443: Total time for which application threads were stopped: 0.0003870 seconds, Stopping threads took: 0.0000410 seconds
212.478: Application time: 0.0342600 seconds
212.478: [GC212.478: [ParNew: 7029K->375K(7424K), 0.0002810 secs] 19513K->12860K(23808K), 0.0002990 secs] [Times: user=0.00 sys=0.00, real=0.00 secs] 
212.478: Total time for which application threads were stopped: 0.0003970 seconds, Stopping threads took: 0.0000470 seconds
212.512: Application time: 0.0340670 seconds
212.512: [GC212.512: [ParNew: 7031K->395K(7424K), 0.0002760 secs] 19516K->12879K(23808K), 0.0002930 secs] [Times: user=0.00 sys=0.00, real=0.00 secs] 
212.513: Total time for which application threads were stopped: 0.0003920 seconds, Stopping threads took: 0.0000490 seconds
212.547: Application time: 0.0345180 seconds
212.547: [GC212.547: [ParNew: 7051K->396K(7424K), 0.0002850 secs] 19535K->12880K(23808K), 0.0003040 secs] [Times: user=0.00 sys=0.00, real=0.00 secs] 
212.548: Total time for which application threads were stopped: 0.0003900 seconds, Stopping threads took: 0.0000360 seconds
212.582: Application time: 0.0341480 seconds
212.582: [GC212.582: [ParNew: 7052K->397K(7424K), 0.0002650 secs] 19536K->12881K(23808K), 0.0002820 secs] [Times: user=0.00 sys=0.00, real=0.00 secs] 
212.582: Total time for which application threads were stopped: 0.0003740 seconds, Stopping threads took: 0.0000380 seconds
212.617: Application time: 0.0346400 seconds
212.617: [GC212.617: [ParNew: 7053K->398K(7424K), 0.0002620 secs] 19537K->12882K(23808K), 0.0002770 secs] [Times: user=0.00 sys=0.00, real=0.00 secs] 
212.617: Total time for which application threads were stopped: 0.0003630 seconds, Stopping threads took: 0.0000400 seconds
212.652: Application time: 0.0345200 seconds
212.652: [GC212.652: [ParNew: 7054K->394K(7424K), 0.0002860 secs] 19538K->12878K(23808K), 0.0003020 secs] [Times: user=0.01 sys=0.00, real=0.00 secs] 
212.652: Total time for which application threads were stopped: 0.0003940 seconds, Stopping threads took: 0.0000430 seconds
212.686: Application time: 0.0340340 seconds
212.686: [GC212.686: [ParNew: 7050K->392K(7424K), 0.0002730 secs] 19534K->12877K(23808K), 0.0002890 secs] [Times: user=0.01 sys=0.00, real=0.00 secs] 
212.686: Total time for which application threads were stopped: 0.0003950 seconds, Stopping threads took: 0.0000490 seconds
212.721: Application time: 0.0343480 seconds
212.721: [GC212.721: [ParNew: 7048K->390K(7424K), 0.0003830 secs] 19533K->12874K(23808K), 0.0004000 secs] [Times: user=0.00 sys=0.00, real=0.00 secs] 
212.721: Total time for which application threads were stopped: 0.0004930 seconds, Stopping threads took: 0.0000430 seconds
212.756: Application time: 0.0344730 seconds
212.756: [GC212.756: [ParNew: 7046K->398K(7424K), 0.0002890 secs] 19530K->12883K(23808K), 0.0003130 secs] [Times: user=0.00 sys=0.00, real=0.00 secs] 
212.756: Total time for which application threads were stopped: 0.0003990 seconds, Stopping threads took: 0.0000380 seconds
212.790: Application time: 0.0340050 seconds
212.790: [GC212.790: [ParNew: 7054K->404K(7424K), 0.0002760 secs] 19539K->12888K(23808K), 0.0002940 secs] [Times: user=0.00 sys=0.00, real=0.00 secs] 
212.791: Total time for which application threads were stopped: 0.0003880 seconds, Stopping threads took: 0.0000460 seconds
212.825: Application time: 0.0344870 seconds
212.825: [GC212.825: [ParNew: 7060K->357K(7424K), 0.0003510 secs] 19544K->12897K(23808K), 0.0003700 secs] [Times: user=0.00 sys=0.00, real=0.00 secs] 
212.825: Total time for which application threads were stopped: 0.0004740 seconds, Stopping threads took: 0.0000540 seconds
212.860: Application time: 0.0340850 seconds
212.860: [GC212.860: [ParNew: 7013K->334K(7424K), 0.0002910 secs] 19553K->12930K(23808K), 0.0003090 secs] [Times: user=0.00 sys=0.00, real=0.00 secs] 
212.860: Total time for which application threads were stopped: 0.0004140 seconds, Stopping threads took: 0.0000560 seconds
212.894: Application time: 0.0344270 seconds
212.894: [GC212.894: [ParNew: 6990K->311K(7424K), 0.0002680 secs] 19586K->12955K(23808K), 0.0002850 secs] [Times: user=0.00 sys=0.00, real=0.00 secs] 
212.895: Total time for which application threads were stopped: 0.0003730 seconds, Stopping threads took: 0.0000400 seconds
212.929: Application time: 0.0345910 seconds
212.929: [GC212.929: [ParNew: 6967K->283K(7424K), 0.0003360 secs] 19611K->12983K(23808K), 0.0003550 secs] [Times: user=0.00 sys=0.00, real=0.00 secs] 
212.930: Total time for which application threads were stopped: 0.0004700 seconds, Stopping threads took: 0.0000650 seconds
212.964: Application time: 0.0341850 seconds
212.964: [GC212.964: [ParNew: 6939K->193K(7424K), 0.0002350 secs] 19639K->13033K(23808K), 0.0002520 secs] [Times: user=0.00 sys=0.00, real=0.00 secs] 
212.964: Total time for which application threads were stopped: 0.0003420 seconds, Stopping threads took: 0.0000430 seconds
212.999: Application time: 0.0344100 seconds
212.999: [GC212.999: [ParNew: 6849K->168K(7424K), 0.0002200 secs] 19689K->13073K(23808K), 0.0002370 secs] [Times: user=0.01 sys=0.00, real=0.00 secs] 
212.999: Total time for which application threads were stopped: 0.0003260 seconds, Stopping threads took: 0.0000390 seconds
213.034: Application time: 0.0346330 seconds
213.034: [GC213.034: [ParNew: 6824K->165K(7424K), 0.0002720 secs] 19729K->13069K(23808K), 0.0002900 secs] [Times: user=0.00 sys=0.00, real=0.01 secs] 
213.034: Total time for which application threads were stopped: 0.0003830 seconds, Stopping threads took: 0.0000450 seconds
213.067: Application time: 0.0329690 seconds
213.067: [GC213.067: [ParNew: 6821K->224K(7424K), 0.0002210 secs] 19725K->13129K(23808K), 0.0002390 secs] [Times: user=0.00 sys=0.00, real=0.00 secs] 
213.067: Total time for which application threads were stopped: 0.0003280 seconds, Stopping threads took: 0.0000400 seconds
213.101: Application time: 0.0338950 seconds
213.101: [GC213.101: [ParNew: 6880K->247K(7424K), 0.0003110 secs] 19785K->13151K(23808K), 0.0003290 secs] [Times: user=0.00 sys=0.00, real=0.00 secs] 
213.102: Total time for which application threads were stopped: 0.0004210 seconds, Stopping threads took: 0.0000410 seconds
213.135: Application time: 0.0337610 seconds
213.136: [GC213.136: [ParNew: 6903K->279K(7424K), 0.0003300 secs] 19807K->13183K(23808K), 0.0003470 secs] [Times: user=0.00 sys=0.00, real=0.00 secs] 
213.136: Total time for which application threads were stopped: 0.0004520 seconds, Stopping threads took: 0.0000560 seconds
213.170: Application time: 0.0336710 seconds
213.170: [GC213.170: [ParNew: 6935K->342K(7424K), 0.0002820 secs] 19839K->13247K(23808K), 0.0003000 secs] [Times: user=0.00 sys=0.00, real=0.00 secs] 
213.170: Total time for which application threads were stopped: 0.0003950 seconds, Stopping threads took: 0.0000460 seconds
213.204: Application time: 0.0343340 seconds
213.206: [GC213.206: [ParNew: 6998K->364K(7424K), 0.0004700 secs] 19903K->13268K(23808K), 0.0005000 secs] [Times: user=0.00 sys=0.01, real=0.00 secs] 
213.207: Total time for which application threads were stopped: 0.0022870 seconds, Stopping threads took: 0.0017110 seconds
213.240: Application time: 0.0338140 seconds
213.242: [GC213.242: [ParNew: 7020K->396K(7424K), 0.0003610 secs] 19924K->13300K(23808K), 0.0003790 secs] [Times: user=0.00 sys=0.00, real=0.00 secs] 
213.243: Total time for which application threads were stopped: 0.0020560 seconds, Stopping threads took: 0.0016220 seconds
213.277: Application time: 0.0340940 seconds
213.277: [GC213.277: [ParNew: 7052K->394K(7424K), 0.0002670 secs] 19956K->13299K(23808K), 0.0002830 secs] [Times: user=0.00 sys=0.00, real=0.00 secs] 
213.277: Total time for which application threads were stopped: 0.0003830 seconds, Stopping threads took: 0.0000510 seconds
213.312: Application time: 0.0345380 seconds
213.312: [GC213.312: [ParNew: 7050K->311K(7424K), 0.0004770 secs] 19955K->13328K(23808K), 0.0005020 secs] [Times: user=0.00 sys=0.00, real=0.00 secs] 
213.313: Total time for which application threads were stopped: 0.0011010 seconds, Stopping threads took: 0.0005310 seconds
213.347: Application time: 0.0344120 seconds
213.347: [GC213.347: [ParNew: 6967K->311K(7424K), 0.0002780 secs] 19984K->13328K(23808K), 0.0002970 secs] [Times: user=0.00 sys=0.00, real=0.00 secs] 
213.347: Total time for which application threads were stopped: 0.0003880 seconds, Stopping threads took: 0.0000400 seconds
213.382: Application time: 0.0341130 seconds
213.382: [GC213.382: [ParNew: 6967K->316K(7424K), 0.0002860 secs] 19984K->13332K(23808K), 0.0003040 secs] [Times: user=0.00 sys=0.00, real=0.00 secs] 
213.382: Total time for which application threads were stopped: 0.0003920 seconds, Stopping threads took: 0.0000410 seconds
213.416: Application time: 0.0345110 seconds
213.417: [GC213.417: [ParNew: 6972K->319K(7424K), 0.0002600 secs] 19988K->13336K(23808K), 0.0002770 secs] [Times: user=0.00 sys=0.00, real=0.00 secs] 
213.417: Total time for which application threads were stopped: 0.0003720 seconds, Stopping threads took: 0.0000460 seconds
213.451: Application time: 0.0342470 seconds
213.454: [GC213.454: [ParNew: 6975K->333K(7424K), 0.0003330 secs] 19992K->13350K(23808K), 0.0003510 secs] [Times: user=0.00 sys=0.00, real=0.00 secs] 
213.454: Total time for which application threads were stopped: 0.0033850 seconds, Stopping threads took: 0.0029820 seconds
213.489: Application time: 0.0340440 seconds
213.489: [GC213.489: [ParNew: 6989K->330K(7424K), 0.0002510 secs] 20006K->13347K(23808K), 0.0002700 secs] [Times: user=0.00 sys=0.00, real=0.00 secs] 
213.489: Total time for which application threads were stopped: 0.0003600 seconds, Stopping threads took: 0.0000430 seconds
213.523: Application time: 0.0340010 seconds
213.523: [GC213.523: [ParNew: 6986K->339K(7424K), 0.0002870 secs] 20003K->13355K(23808K), 0.0003040 secs] [Times: user=0.00 sys=0.00, real=0.00 secs] 
213.523: Total time for which application threads were stopped: 0.0003930 seconds, Stopping threads took: 0.0000410 seconds
213.558: Application time: 0.0343900 seconds
213.558: [GC213.558: [ParNew: 6995K->342K(7424K), 0.0002850 secs] 20011K->13359K(23808K), 0.0003030 secs] [Times: user=0.00 sys=0.00, real=0.00 secs] 
213.558: Total time for which application threads were stopped: 0.0003940 seconds, Stopping threads took: 0.0000430 seconds
213.593: Application time: 0.0345480 seconds
213.593: [GC213.593: [ParNew: 6998K->347K(7424K), 0.0002860 secs] 20015K->13364K(23808K), 0.0003010 secs] [Times: user=0.00 sys=0.00, real=0.00 secs] 
213.593: Total time for which application threads were stopped: 0.0003970 seconds, Stopping threads took: 0.0000470 seconds
213.627: Application time: 0.0341510 seconds
213.627: [GC213.627: [ParNew: 7003K->302K(7424K), 0.0002760 secs] 20020K->13383K(23808K), 0.0002930 secs] [Times: user=0.00 sys=0.00, real=0.00 secs] 
213.628: Total time for which application threads were stopped: 0.0003880 seconds, Stopping threads took: 0.0000450 seconds
213.662: Application time: 0.0342860 seconds
213.662: [GC213.662: [ParNew: 6958K->278K(7424K), 0.0002550 secs] 20039K->13406K(23808K), 0.0002800 secs] [Times: user=0.00 sys=0.00, real=0.01 secs] 
213.662: Total time for which application threads were stopped: 0.0003670 seconds, Stopping threads took: 0.0000400 seconds
213.697: Application time: 0.0346120 seconds
213.697: [GC213.697: [ParNew: 6934K->228K(7424K), 0.0002780 secs] 20062K->13445K(23808K), 0.0002950 secs] [Times: user=0.00 sys=0.00, real=0.00 secs] 
213.697: Total time for which application threads were stopped: 0.0003930 seconds, Stopping threads took: 0.0000500 seconds
213.731: Application time: 0.0342310 seconds
213.732: [GC213.732: [ParNew: 6884K->204K(7424K), 0.0002530 secs] 20101K->13493K(23808K), 0.0002700 secs] [Times: user=0.00 sys=0.00, real=0.00 secs] 
213.732: Total time for which application threads were stopped: 0.0003670 seconds, Stopping threads took: 0.0000410 seconds
213.767: Application time: 0.0348040 seconds
213.767: [GC213.767: [ParNew: 6860K->157K(7424K), 0.0002210 secs] 20149K->13509K(23808K), 0.0002390 secs] [Times: user=0.00 sys=0.00, real=0.00 secs] 
213.767: Total time for which application threads were stopped: 0.0003330 seconds, Stopping threads took: 0.0000460 seconds
213.801: Application time: 0.0339470 seconds
213.801: [GC213.801: [ParNew: 6813K->186K(7424K), 0.0002470 secs] 20165K->13539K(23808K), 0.0002650 secs] [Times: user=0.00 sys=0.00, real=0.00 secs] 
213.801: Total time for which application threads were stopped: 0.0003520 seconds, Stopping threads took: 0.0000360 seconds
213.835: Application time: 0.0339100 seconds
213.835: [GC213.835: [ParNew: 6842K->218K(7424K), 0.0002160 secs] 20195K->13570K(23808K), 0.0002340 secs] [Times: user=0.00 sys=0.00, real=0.00 secs] 
213.835: Total time for which application threads were stopped: 0.0003250 seconds, Stopping threads took: 0.0000390 seconds
213.869: Application time: 0.0339320 seconds
213.869: [GC213.870: [ParNew: 6874K->239K(7424K), 0.0002480 secs] 20226K->13591K(23808K), 0.0002660 secs] [Times: user=0.01 sys=0.00, real=0.00 secs] 
213.870: Total time for which application threads were stopped: 0.0003570 seconds, Stopping threads took: 0.0000440 seconds
213.902: Application time: 0.0326730 seconds
213.903: [GC213.903: [ParNew: 6895K->323K(7424K), 0.0003340 secs] 20247K->13676K(23808K), 0.0003520 secs] [Times: user=0.00 sys=0.00, real=0.00 secs] 
213.903: Total time for which application threads were stopped: 0.0004480 seconds, Stopping threads took: 0.0000460 seconds
213.937: Application time: 0.0339450 seconds
213.937: [GC213.937: [ParNew: 6979K->355K(7424K), 0.0002950 secs] 20332K->13708K(23808K), 0.0003120 secs] [Times: user=0.00 sys=0.00, real=0.00 secs] 
213.937: Total time for which application threads were stopped: 0.0004060 seconds, Stopping threads took: 0.0000440 seconds
213.971: Application time: 0.0339840 seconds
213.971: [GC213.971: [ParNew: 7011K->384K(7424K), 0.0002650 secs] 20364K->13736K(23808K), 0.0002850 secs] [Times: user=0.00 sys=0.00, real=0.00 secs] 
213.972: Total time for which application threads were stopped: 0.0003800 seconds, Stopping threads took: 0.0000450 seconds
214.006: Application time: 0.0341510 seconds
214.006: [GC214.006: [ParNew: 7040K->386K(7424K), 0.0003530 secs] 20392K->13738K(23808K), 0.0003700 secs] [Times: user=0.00 sys=0.00, real=0.00 secs] 
214.006: Total time for which application threads were stopped: 0.0004620 seconds, Stopping threads took: 0.0000440 seconds
214.041: Application time: 0.0348270 seconds
214.041: [GC214.041: [ParNew: 7042K->389K(7424K), 0.0003600 secs] 20394K->13741K(23808K), 0.0003760 secs] [Times: user=0.00 sys=0.00, real=0.00 secs] 
214.042: Total time for which application threads were stopped: 0.0004610 seconds, Stopping threads took: 0.0000380 seconds
214.076: Application time: 0.0343660 seconds
214.076: [GC214.076: [ParNew: 7045K->393K(7424K), 0.0002710 secs] 20397K->13746K(23808K), 0.0002880 secs] [Times: user=0.01 sys=0.00, real=0.00 secs] 
214.076: Total time for which application threads were stopped: 0.0003710 seconds, Stopping threads took: 0.0000350 seconds
214.110: Application time: 0.0341620 seconds
214.110: [GC214.111: [ParNew: 7049K->397K(7424K), 0.0002640 secs] 20402K->13750K(23808K), 0.0002880 secs] [Times: user=0.00 sys=0.00, real=0.00 secs] 
214.111: Total time for which application threads were stopped: 0.0003770 seconds, Stopping threads took: 0.0000410 seconds
214.146: Application time: 0.0347010 seconds
214.146: [GC214.146: [ParNew: 7053K->387K(7424K), 0.0002750 secs] 20406K->13740K(23808K), 0.0002920 secs] [Times: user=0.00 sys=0.00, real=0.00 secs] 
214.146: Total time for which application threads were stopped: 0.0003780 seconds, Stopping threads took: 0.0000380 seconds
214.180: Application time: 0.0343720 seconds
214.180: [GC214.180: [ParNew: 7043K->391K(7424K), 0.0003340 secs] 20396K->13744K(23808K), 0.0003500 secs] [Times: user=0.00 sys=0.00, real=0.00 secs] 
214.181: Total time for which application threads were stopped: 0.0004410 seconds, Stopping threads took: 0.0000440 seconds
214.215: Application time: 0.0343540 seconds
214.215: [GC214.215: [ParNew: 7047K->390K(7424K), 0.0003450 secs] 20400K->13743K(23808K), 0.0003640 secs] [Times: user=0.01 sys=0.00, real=0.00 secs] 
214.216: Total time for which application threads were stopped: 0.0004500 seconds, Stopping threads took: 0.0000370 seconds
214.250: Application time: 0.0343080 seconds
214.250: [GC214.250: [ParNew: 7046K->403K(7424K), 0.0002920 secs] 20399K->13756K(23808K), 0.0003080 secs] [Times: user=0.00 sys=0.00, real=0.00 secs] 
214.250: Total time for which application threads were stopped: 0.0004090 seconds, Stopping threads took: 0.0000440 seconds
214.285: Application time: 0.0342960 seconds
214.285: [GC214.285: [ParNew: 7059K->360K(7424K), 0.0002710 secs] 20412K->13769K(23808K), 0.0002890 secs] [Times: user=0.00 sys=0.00, real=0.00 secs] 
214.285: Total time for which application threads were stopped: 0.0003770 seconds, Stopping threads took: 0.0000380 seconds
214.319: Application time: 0.0343810 seconds
214.319: [GC214.319: [ParNew: 7016K->374K(7424K), 0.0003730 secs] 20425K->13783K(23808K), 0.0003960 secs] [Times: user=0.00 sys=0.00, real=0.00 secs] 
214.320: Total time for which application threads were stopped: 0.0005190 seconds, Stopping threads took: 0.0000560 seconds
214.354: Application time: 0.0345500 seconds
214.354: [GC214.354: [ParNew: 7030K->339K(7424K), 0.0003110 secs] 20439K->13804K(23808K), 0.0003270 secs] [Times: user=0.00 sys=0.00, real=0.00 secs] 
214.355: Total time for which application threads were stopped: 0.0004510 seconds, Stopping threads took: 0.0000640 seconds
214.389: Application time: 0.0342350 seconds
214.389: [GC214.389: [ParNew: 6995K->307K(7424K), 0.0002790 secs] 20460K->13836K(23808K), 0.0002980 secs] [Times: user=0.00 sys=0.00, real=0.00 secs] 
214.389: Total time for which application threads were stopped: 0.0004110 seconds, Stopping threads took: 0.0000650 seconds
214.424: Application time: 0.0343400 seconds
214.424: [GC214.424: [ParNew: 6963K->227K(7424K), 0.0002750 secs] 20492K->13884K(23808K), 0.0002930 secs] [Times: user=0.01 sys=0.00, real=0.00 secs] 
214.424: Total time for which application threads were stopped: 0.0003860 seconds, Stopping threads took: 0.0000440 seconds
214.459: Application time: 0.0345560 seconds
214.459: [GC214.459: [ParNew: 6883K->203K(7424K), 0.0002170 secs] 20540K->13916K(23808K), 0.0002350 secs] [Times: user=0.00 sys=0.00, real=0.00 secs] 
214.459: Total time for which application threads were stopped: 0.0003220 seconds, Stopping threads took: 0.0000360 seconds
214.493: Application time: 0.0342160 seconds
214.493: [GC214.493: [ParNew: 6859K->164K(7424K), 0.0002490 secs] 20572K->13924K(23808K), 0.0002670 secs] [Times: user=0.00 sys=0.00, real=0.00 secs] 
214.494: Total time for which application threads were stopped: 0.0003510 seconds, Stopping threads took: 0.0000370 seconds
214.528: Application time: 0.0339110 seconds
214.528: [GC214.528: [ParNew: 6820K->184K(7424K), 0.0002310 secs] 20580K->13945K(23808K), 0.0002490 secs] [Times: user=0.00 sys=0.00, real=0.00 secs] 
214.528: Total time for which application threads were stopped: 0.0003470 seconds, Stopping threads took: 0.0000420 seconds
214.562: Application time: 0.0339470 seconds
214.562: [GC214.562: [ParNew: 6840K->216K(7424K), 0.0002530 secs] 20601K->13977K(23808K), 0.0002700 secs] [Times: user=0.01 sys=0.00, real=0.01 secs] 
214.562: Total time for which application threads were stopped: 0.0003610 seconds, Stopping threads took: 0.0000430 seconds
214.596: Application time: 0.0338480 seconds
214.596: [GC214.596: [ParNew: 6872K->244K(7424K), 0.0003220 secs] 20633K->14005K(23808K), 0.0003370 secs] [Times: user=0.00 sys=0.00, real=0.00 secs] 
214.596: Total time for which application threads were stopped: 0.0004270 seconds, Stopping threads took: 0.0000430 seconds
214.630: Application time: 0.0336340 seconds
214.630: [GC214.630: [ParNew: 6900K->310K(7424K), 0.0002480 secs] 20661K->14071K(23808K), 0.0002660 secs] [Times: user=0.01 sys=0.00, real=0.00 secs] 
214.630: Total time for which application threads were stopped: 0.0003570 seconds, Stopping threads took: 0.0000430 seconds
214.664: Application time: 0.0330340 seconds
214.666: [GC214.666: [ParNew: 6966K->362K(7424K), 0.0003470 secs] 20727K->14123K(23808K), 0.0003670 secs] [Times: user=0.00 sys=0.00, real=0.00 secs] 
214.666: Total time for which application threads were stopped: 0.0029760 seconds, Stopping threads took: 0.0025590 seconds
214.700: Application time: 0.0339630 seconds
214.701: [GC214.701: [ParNew: 7018K->389K(7424K), 0.0002720 secs] 20779K->14150K(23808K), 0.0002890 secs] [Times: user=0.00 sys=0.00, real=0.00 secs] 
214.701: Total time for which application threads were stopped: 0.0003840 seconds, Stopping threads took: 0.0000460 seconds
214.736: Application time: 0.0354750 seconds
214.736: [GC214.736: [ParNew: 7045K->395K(7424K), 0.0003440 secs] 20806K->14156K(23808K), 0.0003680 secs] [Times: user=0.00 sys=0.00, real=0.00 secs] 
214.737: Total time for which application threads were stopped: 0.0004820 seconds, Stopping threads took: 0.0000520 seconds
214.772: Application time: 0.0349430 seconds
214.772: [GC214.772: [ParNew: 7051K->399K(7424K), 0.0003070 secs] 20812K->14160K(23808K), 0.0003250 secs] [Times: user=0.00 sys=0.00, real=0.00 secs] 
214.772: Total time for which application threads were stopped: 0.0004440 seconds, Stopping threads took: 0.0000620 seconds
214.807: Application time: 0.0344420 seconds
214.807: [GC214.807: [ParNew: 7055K->351K(7424K), 0.0003070 secs] 20816K->14192K(23808K), 0.0003250 secs] [Times: user=0.00 sys=0.00, real=0.00 secs] 
214.807: Total time for which application threads were stopped: 0.0004240 seconds, Stopping threads took: 0.0000490 seconds
214.841: Application time: 0.0341410 seconds
214.841: [GC214.841: [ParNew: 7007K->355K(7424K), 0.0002700 secs] 20848K->14196K(23808K), 0.0002870 secs] [Times: user=0.00 sys=0.00, real=0.00 secs] 
214.842: Total time for which application threads were stopped: 0.0003800 seconds, Stopping threads took: 0.0000450 seconds
214.876: Application time: 0.0343430 seconds
214.876: [GC214.876: [ParNew: 7011K->364K(7424K), 0.0003260 secs] 20852K->14205K(23808K), 0.0003430 secs] [Times: user=0.00 sys=0.00, real=0.00 secs] 
214.876: Total time for which application threads were stopped: 0.0004400 seconds, Stopping threads took: 0.0000480 seconds
214.911: Application time: 0.0343660 seconds
214.911: [GC214.911: [ParNew: 7020K->364K(7424K), 0.0002770 secs] 20861K->14205K(23808K), 0.0002960 secs] [Times: user=0.01 sys=0.00, real=0.00 secs] 
214.911: Total time for which application threads were stopped: 0.0003860 seconds, Stopping threads took: 0.0000410 seconds
214.945: Application time: 0.0341790 seconds
214.945: [GC214.945: [ParNew: 7020K->369K(7424K), 0.0002800 secs] 20861K->14210K(23808K), 0.0002950 secs] [Times: user=0.00 sys=0.00, real=0.00 secs] 
214.946: Total time for which application threads were stopped: 0.0003860 seconds, Stopping threads took: 0.0000430 seconds
214.980: Application time: 0.0340470 seconds
214.980: [GC214.980: [ParNew: 7025K->361K(7424K), 0.0002790 secs] 20866K->14202K(23808K), 0.0003050 secs] [Times: user=0.00 sys=0.00, real=0.00 secs] 
214.980: Total time for which application threads were stopped: 0.0004050 seconds, Stopping threads took: 0.0000510 seconds
215.014: Application time: 0.0340440 seconds
215.014: [GC215.014: [ParNew: 7017K->361K(7424K), 0.0003450 secs] 20858K->14201K(23808K), 0.0003620 secs] [Times: user=0.00 sys=0.00, real=0.00 secs] 
215.015: Total time for which application threads were stopped: 0.0004510 seconds, Stopping threads took: 0.0000400 seconds
215.049: Application time: 0.0340250 seconds
215.049: [GC215.049: [ParNew: 7017K->367K(7424K), 0.0003330 secs] 20857K->14208K(23808K), 0.0003480 secs] [Times: user=0.00 sys=0.00, real=0.00 secs] 
215.049: Total time for which application threads were stopped: 0.0004430 seconds, Stopping threads took: 0.0000480 seconds
215.084: Application time: 0.0346080 seconds
215.084: [GC215.084: [ParNew: 7023K->336K(7424K), 0.0003570 secs] 20864K->14241K(23808K), 0.0003740 secs] [Times: user=0.00 sys=0.00, real=0.00 secs] 
215.084: Total time for which application threads were stopped: 0.0004640 seconds, Stopping threads took: 0.0000410 seconds
215.119: Application time: 0.0343890 seconds
215.119: [GC215.119: [ParNew: 6992K->309K(7424K), 0.0003470 secs] 20897K->14278K(23808K), 0.0003630 secs] [Times: user=0.01 sys=0.00, real=0.00 secs] 
215.119: Total time for which application threads were stopped: 0.0004550 seconds, Stopping threads took: 0.0000440 seconds
215.154: Application time: 0.0345780 seconds
215.154: [GC215.154: [ParNew: 6965K->251K(7424K), 0.0003300 secs] 20934K->14300K(23808K), 0.0003560 secs] [Times: user=0.00 sys=0.01, real=0.01 secs] 
215.154: Total time for which application threads were stopped: 0.0004640 seconds, Stopping threads took: 0.0000480 seconds
215.188: Application time: 0.0341220 seconds
215.188: [GC215.188: [ParNew: 6907K->200K(7424K), 0.0002360 secs] 20956K->14354K(23808K), 0.0002550 secs] [Times: user=0.00 sys=0.00, real=0.00 secs] 
215.189: Total time for which application threads were stopped: 0.0003490 seconds, Stopping threads took: 0.0000430 seconds
215.223: Application time: 0.0344160 seconds
215.223: [GC215.223: [ParNew: 6856K->169K(7424K), 0.0002230 secs] 21010K->14370K(23808K), 0.0002390 secs] [Times: user=0.00 sys=0.00, real=0.00 secs] 
215.223: Total time for which application threads were stopped: 0.0003260 seconds, Stopping threads took: 0.0000390 seconds
215.257: Application time: 0.0338490 seconds
215.257: [GC215.257: [ParNew: 6825K->197K(7424K), 0.0002430 secs] 21026K->14398K(23808K), 0.0002600 secs] [Times: user=0.00 sys=0.00, real=0.00 secs] 
215.257: Total time for which application threads were stopped: 0.0003600 seconds, Stopping threads took: 0.0000510 seconds
215.291: Application time: 0.0339040 seconds
215.291: [GC215.291: [ParNew: 6853K->229K(7424K), 0.0002300 secs] 21054K->14430K(23808K), 0.0002470 secs] [Times: user=0.00 sys=0.00, real=0.00 secs] 
215.292: Total time for which application threads were stopped: 0.0003490 seconds, Stopping threads took: 0.0000440 seconds
215.326: Application time: 0.0344970 seconds
215.326: [GC215.326: [ParNew: 6885K->238K(7424K), 0.0002870 secs] 21086K->14440K(23808K), 0.0003100 secs] [Times: user=0.00 sys=0.00, real=0.00 secs] 
215.327: Total time for which application threads were stopped: 0.0004260 seconds, Stopping threads took: 0.0000540 seconds
215.360: Application time: 0.0330210 seconds
215.360: [GC215.360: [ParNew: 6894K->310K(7424K), 0.0002830 secs] 21096K->14512K(23808K), 0.0003000 secs] [Times: user=0.00 sys=0.00, real=0.00 secs] 
215.360: Total time for which application threads were stopped: 0.0003960 seconds, Stopping threads took: 0.0000440 seconds
215.394: Application time: 0.0335880 seconds
215.394: [GC215.394: [ParNew: 6966K->356K(7424K), 0.0002700 secs] 21168K->14557K(23808K), 0.0002890 secs] [Times: user=0.00 sys=0.00, real=0.01 secs] 
215.394: Total time for which application threads were stopped: 0.0003950 seconds, Stopping threads took: 0.0000520 seconds
215.428: Application time: 0.0338340 seconds
215.428: [GC215.428: [ParNew: 7012K->392K(7424K), 0.0002990 secs] 21213K->14593K(23808K), 0.0003250 secs] [Times: user=0.00 sys=0.00, real=0.00 secs] 
215.428: Total time for which application threads were stopped: 0.0004200 seconds, Stopping threads took: 0.0000440 seconds
215.463: Application time: 0.0342110 seconds
215.463: [GC215.463: [ParNew: 7048K->396K(7424K), 0.0002870 secs] 21249K->14597K(23808K), 0.0003030 secs] [Times: user=0.00 sys=0.00, real=0.00 secs] 
215.463: Total time for which application threads were stopped: 0.0003990 seconds, Stopping threads took: 0.0000480 seconds
215.497: Application time: 0.0345010 seconds
215.498: [GC215.498: [ParNew: 7052K->398K(7424K), 0.0002740 secs] 21253K->14599K(23808K), 0.0002920 secs] [Times: user=0.00 sys=0.00, real=0.00 secs] 
215.498: Total time for which application threads were stopped: 0.0004090 seconds, Stopping threads took: 0.0000700 seconds
215.532: Application time: 0.0341240 seconds
215.532: [GC215.532: [ParNew: 7054K->393K(7424K), 0.0002830 secs] 21255K->14594K(23808K), 0.0003000 secs] [Times: user=0.01 sys=0.00, real=0.00 secs] 
215.532: Total time for which application threads were stopped: 0.0004050 seconds, Stopping threads took: 0.0000590 seconds
215.567: Application time: 0.0344770 seconds
215.567: [GC215.567: [ParNew: 7049K->351K(7424K), 0.0003140 secs] 21250K->14624K(23808K), 0.0003330 secs] [Times: user=0.00 sys=0.00, real=0.00 secs] 
215.567: Total time for which application threads were stopped: 0.0004290 seconds, Stopping threads took: 0.0000470 seconds
215.602: Application time: 0.0344580 seconds
215.602: [GC215.602: [ParNew: 7007K->341K(7424K), 0.0003050 secs] 21280K->14614K(23808K), 0.0003240 secs] [Times: user=0.00 sys=0.00, real=0.01 secs] 
215.602: Total time for which application threads were stopped: 0.0004230 seconds, Stopping threads took: 0.0000480 seconds
215.636: Application time: 0.0341700 seconds
215.636: [GC215.636: [ParNew: 6997K->364K(7424K), 0.0002960 secs] 21270K->14637K(23808K), 0.0003140 secs] [Times: user=0.00 sys=0.00, real=0.00 secs] 
215.637: Total time for which application threads were stopped: 0.0004100 seconds, Stopping threads took: 0.0000440 seconds
215.671: Application time: 0.0345760 seconds
215.671: [GC215.671: [ParNew: 7020K->369K(7424K), 0.0002680 secs] 21293K->14643K(23808K), 0.0002850 secs] [Times: user=0.00 sys=0.00, real=0.00 secs] 
215.672: Total time for which application threads were stopped: 0.0003800 seconds, Stopping threads took: 0.0000460 seconds
215.706: Application time: 0.0341590 seconds
215.706: [GC215.706: [ParNew: 7025K->368K(7424K), 0.0002980 secs] 21299K->14641K(23808K), 0.0003150 secs] [Times: user=0.00 sys=0.00, real=0.00 secs] 
215.706: Total time for which application threads were stopped: 0.0004040 seconds, Stopping threads took: 0.0000400 seconds
215.741: Application time: 0.0343350 seconds
215.741: [GC215.741: [ParNew: 7024K->365K(7424K), 0.0002850 secs] 21297K->14638K(23808K), 0.0003020 secs] [Times: user=0.00 sys=0.00, real=0.00 secs] 
215.741: Total time for which application threads were stopped: 0.0003920 seconds, Stopping threads took: 0.0000410 seconds
215.775: Application time: 0.0339470 seconds
215.775: [GC215.775: [ParNew: 7021K->374K(7424K), 0.0002720 secs] 21294K->14647K(23808K), 0.0002890 secs] [Times: user=0.00 sys=0.00, real=0.00 secs] 
215.775: Total time for which application threads were stopped: 0.0003820 seconds, Stopping threads took: 0.0000460 seconds
215.810: Application time: 0.0345470 seconds
215.810: [GC215.810: [ParNew: 7030K->340K(7424K), 0.0002860 secs] 21303K->14670K(23808K), 0.0003040 secs] [Times: user=0.01 sys=0.00, real=0.00 secs] 
215.810: Total time for which application threads were stopped: 0.0004000 seconds, Stopping threads took: 0.0000420 seconds
215.844: Application time: 0.0340870 seconds
215.844: [GC215.844: [ParNew: 6996K->317K(7424K), 0.0003520 secs] 21326K->14702K(23808K), 0.0003700 secs] [Times: user=0.00 sys=0.00, real=0.00 secs] 
215.845: Total time for which application threads were stopped: 0.0004690 seconds, Stopping threads took: 0.0000500 seconds
215.879: Application time: 0.0345290 seconds
215.879: [GC215.879: [ParNew: 6973K->254K(7424K), 0.0003640 secs] 21358K->14728K(23808K), 0.0003910 secs] [Times: user=0.00 sys=0.00, real=0.00 secs] 
215.880: Total time for which application threads were stopped: 0.0004880 seconds, Stopping threads took: 0.0000470 seconds
215.914: Application time: 0.0345490 seconds
215.915: [GC215.915: [ParNew: 6910K->197K(7424K), 0.0002880 secs] 21384K->14766K(23808K), 0.0003050 secs] [Times: user=0.01 sys=0.00, real=0.00 secs] 
215.915: Total time for which application threads were stopped: 0.0003980 seconds, Stopping threads took: 0.0000450 seconds
215.949: Application time: 0.0341970 seconds
215.949: [GC215.949: [ParNew: 6853K->169K(7424K), 0.0002440 secs] 21422K->14794K(23808K), 0.0002610 secs] [Times: user=0.00 sys=0.00, real=0.00 secs] 
215.949: Total time for which application threads were stopped: 0.0003480 seconds, Stopping threads took: 0.0000390 seconds
215.983: Application time: 0.0337700 seconds
215.983: [GC215.983: [ParNew: 6825K->199K(7424K), 0.0002580 secs] 21450K->14825K(23808K), 0.0002770 secs] [Times: user=0.01 sys=0.00, real=0.00 secs] 
215.984: Total time for which application threads were stopped: 0.0003850 seconds, Stopping threads took: 0.0000590 seconds
216.018: Application time: 0.0343330 seconds
216.018: [GC216.018: [ParNew: 6855K->170K(7424K), 0.0002120 secs] 21481K->14796K(23808K), 0.0002290 secs] [Times: user=0.00 sys=0.00, real=0.00 secs] 
216.018: Total time for which application threads were stopped: 0.0003280 seconds, Stopping threads took: 0.0000500 seconds
216.052: Application time: 0.0339010 seconds
216.052: [GC216.052: [ParNew: 6826K->217K(7424K), 0.0002560 secs] 21452K->14842K(23808K), 0.0002740 secs] [Times: user=0.00 sys=0.00, real=0.00 secs] 
216.052: Total time for which application threads were stopped: 0.0003660 seconds, Stopping threads took: 0.0000410 seconds
216.086: Application time: 0.0330790 seconds
216.086: [GC216.086: [ParNew: 6873K->259K(7424K), 0.0003340 secs] 21498K->14884K(23808K), 0.0003530 secs] [Times: user=0.00 sys=0.00, real=0.00 secs] 
216.086: Total time for which application threads were stopped: 0.0004510 seconds, Stopping threads took: 0.0000480 seconds
216.120: Application time: 0.0336050 seconds
216.122: [GC216.122: [ParNew: 6915K->333K(7424K), 0.0003120 secs] 21540K->14958K(23808K), 0.0003300 secs] [Times: user=0.00 sys=0.00, real=0.00 secs] 
216.122: Total time for which application threads were stopped: 0.0028570 seconds, Stopping threads took: 0.0024760 seconds
216.156: Application time: 0.0332700 seconds
216.156: [GC216.156: [ParNew: 6989K->391K(7424K), 0.0003870 secs] 21614K->15016K(23808K), 0.0004040 secs] [Times: user=0.00 sys=0.00, real=0.00 secs] 
216.156: Total time for which application threads were stopped: 0.0005110 seconds, Stopping threads took: 0.0000580 seconds
216.191: Application time: 0.0344590 seconds
216.191: [GC216.191: [ParNew: 7047K->390K(7424K), 0.0002730 secs] 21672K->15016K(23808K), 0.0002900 secs] [Times: user=0.00 sys=0.00, real=0.00 secs] 
216.191: Total time for which application threads were stopped: 0.0003780 seconds, Stopping threads took: 0.0000390 seconds
216.226: Application time: 0.0353540 seconds
216.227: [GC216.227: [ParNew: 7046K->394K(7424K), 0.0003660 secs] 21672K->15020K(23808K), 0.0003920 secs] [Times: user=0.00 sys=0.00, real=0.00 secs] 
216.227: Total time for which application threads were stopped: 0.0009460 seconds, Stopping threads took: 0.0004820 seconds
216.262: Application time: 0.0342720 seconds
216.262: [GC216.262: [ParNew: 7050K->394K(7424K), 0.0002880 secs] 21676K->15019K(23808K), 0.0003080 secs] [Times: user=0.00 sys=0.00, real=0.00 secs] 
216.262: Total time for which application threads were stopped: 0.0007930 seconds, Stopping threads took: 0.0004310 seconds
216.297: Application time: 0.0342320 seconds
216.297: [GC216.297: [ParNew: 7050K->395K(7424K), 0.0002960 secs] 21675K->15021K(23808K), 0.0003120 secs] [Times: user=0.00 sys=0.00, real=0.00 secs] 
216.297: Total time for which application threads were stopped: 0.0004040 seconds, Stopping threads took: 0.0000430 seconds
216.333: Application time: 0.0362450 seconds
216.333: [GC216.333: [ParNew: 7051K->398K(7424K), 0.0003370 secs] 21677K->15023K(23808K), 0.0003680 secs] [Times: user=0.00 sys=0.00, real=0.00 secs] 
216.334: Total time for which application threads were stopped: 0.0004990 seconds, Stopping threads took: 0.0000540 seconds
216.368: Application time: 0.0341270 seconds
216.368: [GC216.368: [ParNew: 7054K->401K(7424K), 0.0003670 secs] 21679K->15026K(23808K), 0.0003850 secs] [Times: user=0.00 sys=0.00, real=0.00 secs] 
216.368: Total time for which application threads were stopped: 0.0004760 seconds, Stopping threads took: 0.0000420 seconds
216.403: Application time: 0.0344110 seconds
216.403: [GC216.403: [ParNew: 7057K->395K(7424K), 0.0002900 secs] 21682K->15021K(23808K), 0.0003110 secs] [Times: user=0.00 sys=0.00, real=0.00 secs] 
216.403: Total time for which application threads were stopped: 0.0004220 seconds, Stopping threads took: 0.0000630 seconds
216.438: Application time: 0.0345980 seconds
216.438: [GC216.438: [ParNew: 7051K->372K(7424K), 0.0002680 secs] 21677K->15054K(23808K), 0.0002860 secs] [Times: user=0.00 sys=0.00, real=0.00 secs] 
216.438: Total time for which application threads were stopped: 0.0003780 seconds, Stopping threads took: 0.0000440 seconds
216.472: Application time: 0.0340900 seconds
216.472: [GC216.472: [ParNew: 7028K->365K(7424K), 0.0002710 secs] 21710K->15047K(23808K), 0.0002880 secs] [Times: user=0.01 sys=0.00, real=0.00 secs] 
216.473: Total time for which application threads were stopped: 0.0003840 seconds, Stopping threads took: 0.0000460 seconds
216.507: Application time: 0.0339990 seconds
216.507: [GC216.507: [ParNew: 7021K->363K(7424K), 0.0002790 secs] 21703K->15044K(23808K), 0.0002950 secs] [Times: user=0.00 sys=0.00, real=0.00 secs] 
216.507: Total time for which application threads were stopped: 0.0003830 seconds, Stopping threads took: 0.0000390 seconds
216.541: Application time: 0.0342670 seconds
216.541: [GC216.541: [ParNew: 7019K->366K(7424K), 0.0002900 secs] 21700K->15047K(23808K), 0.0003080 secs] [Times: user=0.01 sys=0.00, real=0.00 secs] 
216.542: Total time for which application threads were stopped: 0.0004030 seconds, Stopping threads took: 0.0000450 seconds
216.576: Application time: 0.0345580 seconds
216.576: [GC216.576: [ParNew: 7022K->343K(7424K), 0.0003270 secs] 21703K->15089K(23808K), 0.0003440 secs] [Times: user=0.00 sys=0.00, real=0.00 secs] 
216.577: Total time for which application threads were stopped: 0.0004400 seconds, Stopping threads took: 0.0000470 seconds
216.611: Application time: 0.0343160 seconds
216.614: [GC216.614: [ParNew: 6999K->280K(7424K), 0.0003850 secs] 21745K->15106K(23808K), 0.0004030 secs] [Times: user=0.00 sys=0.00, real=0.00 secs] 
216.615: Total time for which application threads were stopped: 0.0034060 seconds, Stopping threads took: 0.0029550 seconds
216.649: Application time: 0.0346820 seconds
216.650: [GC216.650: [ParNew: 6936K->225K(7424K), 0.0003310 secs] 21762K->15151K(23808K), 0.0003490 secs] [Times: user=0.00 sys=0.00, real=0.00 secs] 
216.650: Total time for which application threads were stopped: 0.0013030 seconds, Stopping threads took: 0.0009050 seconds
216.685: Application time: 0.0342220 seconds
216.685: [GC216.685: [ParNew: 6881K->172K(7424K), 0.0002720 secs] 21807K->15202K(23808K), 0.0002930 secs] [Times: user=0.01 sys=0.00, real=0.00 secs] 
216.685: Total time for which application threads were stopped: 0.0004050 seconds, Stopping threads took: 0.0000630 seconds
216.720: Application time: 0.0345390 seconds
216.720: [GC216.720: [ParNew: 6828K->171K(7424K), 0.0002300 secs] 21858K->15201K(23808K), 0.0002470 secs] [Times: user=0.00 sys=0.00, real=0.00 secs] 
216.720: Total time for which application threads were stopped: 0.0003470 seconds, Stopping threads took: 0.0000520 seconds
216.754: Application time: 0.0341190 seconds
216.754: [GC216.754: [ParNew: 6827K->198K(7424K), 0.0002610 secs] 21857K->15228K(23808K), 0.0002770 secs] [Times: user=0.00 sys=0.00, real=0.00 secs] 
216.755: Total time for which application threads were stopped: 0.0003710 seconds, Stopping threads took: 0.0000390 seconds
216.788: Application time: 0.0336010 seconds
216.788: [GC216.788: [ParNew: 6854K->221K(7424K), 0.0002230 secs] 21884K->15250K(23808K), 0.0002410 secs] [Times: user=0.00 sys=0.00, real=0.00 secs] 
216.788: Total time for which application threads were stopped: 0.0003360 seconds, Stopping threads took: 0.0000460 seconds
216.822: Application time: 0.0333560 seconds
216.822: [GC216.822: [ParNew: 6877K->284K(7424K), 0.0002510 secs] 21906K->15314K(23808K), 0.0002680 secs] [Times: user=0.00 sys=0.00, real=0.01 secs] 
216.822: Total time for which application threads were stopped: 0.0003590 seconds, Stopping threads took: 0.0000410 seconds
216.856: Application time: 0.0338910 seconds
216.858: [GC216.858: [ParNew: 6940K->310K(7424K), 0.0002770 secs] 21970K->15340K(23808K), 0.0002960 secs] [Times: user=0.00 sys=0.00, real=0.00 secs] 
216.858: Total time for which application threads were stopped: 0.0023650 seconds, Stopping threads took: 0.0020080 seconds
216.891: Application time: 0.0327550 seconds
216.891: [GC216.891: [ParNew: 6966K->392K(7424K), 0.0002730 secs] 21996K->15422K(23808K), 0.0002900 secs] [Times: user=0.00 sys=0.00, real=0.00 secs] 
216.892: Total time for which application threads were stopped: 0.0003980 seconds, Stopping threads took: 0.0000580 seconds
216.926: Application time: 0.0343970 seconds
216.926: [GC216.926: [ParNew: 7048K->400K(7424K), 0.0002970 secs] 22078K->15430K(23808K), 0.0003130 secs] [Times: user=0.00 sys=0.00, real=0.00 secs] 
216.926: Total time for which application threads were stopped: 0.0004120 seconds, Stopping threads took: 0.0000460 seconds
216.961: Application time: 0.0343960 seconds
216.961: [GC216.961: [ParNew: 7056K->393K(7424K), 0.0002920 secs] 22086K->15423K(23808K), 0.0003100 secs] [Times: user=0.01 sys=0.00, real=0.00 secs] 
216.961: Total time for which application threads were stopped: 0.0003950 seconds, Stopping threads took: 0.0000370 seconds
216.996: Application time: 0.0344830 seconds
216.996: [GC216.996: [ParNew: 7049K->394K(7424K), 0.0003420 secs] 22079K->15424K(23808K), 0.0003610 secs] [Times: user=0.00 sys=0.00, real=0.00 secs] 
216.996: Total time for which application threads were stopped: 0.0004540 seconds, Stopping threads took: 0.0000440 seconds
217.031: Application time: 0.0344270 seconds
217.031: [GC217.031: [ParNew: 7050K->397K(7424K), 0.0003640 secs] 22080K->15427K(23808K), 0.0003810 secs] [Times: user=0.00 sys=0.00, real=0.00 secs] 
217.031: Total time for which application threads were stopped: 0.0004740 seconds, Stopping threads took: 0.0000440 seconds
217.065: Application time: 0.0343140 seconds
217.065: [GC217.065: [ParNew: 7053K->400K(7424K), 0.0002960 secs] 22083K->15430K(23808K), 0.0003130 secs] [Times: user=0.01 sys=0.00, real=0.00 secs] 
217.066: Total time for which application threads were stopped: 0.0004080 seconds, Stopping threads took: 0.0000470 seconds
217.100: Application time: 0.0340760 seconds
217.100: [GC217.100: [ParNew: 7056K->368K(7424K), 0.0002760 secs] 22086K->15462K(23808K), 0.0002920 secs] [Times: user=0.00 sys=0.00, real=0.00 secs] 
217.100: Total time for which application threads were stopped: 0.0003840 seconds, Stopping threads took: 0.0000450 seconds
217.135: Application time: 0.0345710 seconds
217.135: [GC217.135: [ParNew: 7024K->371K(7424K), 0.0002600 secs] 22118K->15465K(23808K), 0.0002790 secs] [Times: user=0.00 sys=0.00, real=0.00 secs] 
217.135: Total time for which application threads were stopped: 0.0003690 seconds, Stopping threads took: 0.0000400 seconds
217.169: Application time: 0.0342330 seconds
217.169: [GC217.169: [ParNew: 7027K->361K(7424K), 0.0002820 secs] 22121K->15455K(23808K), 0.0002980 secs] [Times: user=0.00 sys=0.00, real=0.00 secs] 
217.170: Total time for which application threads were stopped: 0.0003980 seconds, Stopping threads took: 0.0000500 seconds
217.204: Application time: 0.0342890 seconds
217.204: [GC217.204: [ParNew: 7017K->362K(7424K), 0.0002620 secs] 22111K->15455K(23808K), 0.0002850 secs] [Times: user=0.00 sys=0.00, real=0.00 secs] 
217.204: Total time for which application threads were stopped: 0.0003690 seconds, Stopping threads took: 0.0000350 seconds
217.239: Application time: 0.0341000 seconds
217.239: [GC217.239: [ParNew: 7018K->362K(7424K), 0.0003380 secs] 22111K->15456K(23808K), 0.0003540 secs] [Times: user=0.00 sys=0.00, real=0.00 secs] 
217.239: Total time for which application threads were stopped: 0.0004480 seconds, Stopping threads took: 0.0000460 seconds
217.274: Application time: 0.0346750 seconds
217.274: [GC217.274: [ParNew: 7018K->370K(7424K), 0.0002850 secs] 22112K->15464K(23808K), 0.0003030 secs] [Times: user=0.00 sys=0.00, real=0.01 secs] 
217.274: Total time for which application threads were stopped: 0.0003970 seconds, Stopping threads took: 0.0000440 seconds
217.309: Application time: 0.0344520 seconds
217.309: [GC217.309: [ParNew: 7026K->334K(7424K), 0.0003010 secs] 22120K->15492K(23808K), 0.0003200 secs] [Times: user=0.00 sys=0.00, real=0.00 secs] 
217.309: Total time for which application threads were stopped: 0.0004160 seconds, Stopping threads took: 0.0000470 seconds
217.344: Application time: 0.0345610 seconds
217.344: [GC217.344: [ParNew: 6990K->287K(7424K), 0.0003570 secs] 22148K->15533K(23808K), 0.0003820 secs] [Times: user=0.00 sys=0.00, real=0.00 secs] 
217.344: Total time for which application threads were stopped: 0.0004960 seconds, Stopping threads took: 0.0000490 seconds
217.379: Application time: 0.0347660 seconds
217.379: [GC217.379: [ParNew: 6943K->255K(7424K), 0.0002480 secs] 22189K->15556K(23808K), 0.0002680 secs] [Times: user=0.00 sys=0.00, real=0.00 secs] 
217.379: Total time for which application threads were stopped: 0.0003680 seconds, Stopping threads took: 0.0000360 seconds
217.413: Application time: 0.0341200 seconds
217.413: [GC217.413: [ParNew: 6911K->164K(7424K), 0.0002410 secs] 22212K->15594K(23808K), 0.0002600 secs] [Times: user=0.00 sys=0.00, real=0.00 secs] 
217.414: Total time for which application threads were stopped: 0.0003600 seconds, Stopping threads took: 0.0000480 seconds
217.448: Application time: 0.0340570 seconds
217.448: [GC217.448: [ParNew: 6820K->164K(7424K), 0.0002350 secs] 22250K->15594K(23808K), 0.0002520 secs] [Times: user=0.00 sys=0.00, real=0.00 secs] 
217.448: Total time for which application threads were stopped: 0.0003500 seconds, Stopping threads took: 0.0000490 seconds
217.482: Application time: 0.0341270 seconds
217.482: [GC217.482: [ParNew: 6820K->191K(7424K), 0.0002640 secs] 22250K->15621K(23808K), 0.0002820 secs] [Times: user=0.00 sys=0.00, real=0.00 secs] 
217.483: Total time for which application threads were stopped: 0.0003660 seconds, Stopping threads took: 0.0000350 seconds
217.518: Application time: 0.0350360 seconds
217.518: [GC217.518: [ParNew: 6847K->224K(7424K), 0.0002250 secs] 22277K->15654K(23808K), 0.0002440 secs] [Times: user=0.00 sys=0.00, real=0.00 secs] 
217.518: Total time for which application threads were stopped: 0.0003430 seconds, Stopping threads took: 0.0000480 seconds
217.551: Application time: 0.0333140 seconds
217.551: [GC217.551: [ParNew: 6880K->284K(7424K), 0.0002860 secs] 22310K->15713K(23808K), 0.0003050 secs] [Times: user=0.00 sys=0.00, real=0.00 secs] 
217.552: Total time for which application threads were stopped: 0.0004140 seconds, Stopping threads took: 0.0000550 seconds
217.586: Application time: 0.0340030 seconds
217.586: [GC217.586: [ParNew: 6940K->309K(7424K), 0.0002890 secs] 22369K->15739K(23808K), 0.0003110 secs] [Times: user=0.00 sys=0.00, real=0.00 secs] 
217.586: Total time for which application threads were stopped: 0.0004050 seconds, Stopping threads took: 0.0000420 seconds
217.619: Application time: 0.0327920 seconds
217.619: [GC217.619: [ParNew: 6965K->382K(7424K), 0.0002880 secs] 22395K->15812K(23808K), 0.0003060 secs] [Times: user=0.00 sys=0.00, real=0.00 secs] 
217.619: Total time for which application threads were stopped: 0.0003890 seconds, Stopping threads took: 0.0000340 seconds
217.654: Application time: 0.0345020 seconds
217.654: [GC217.654: [ParNew: 7038K->403K(7424K), 0.0002820 secs] 22468K->15833K(23808K), 0.0003090 secs] [Times: user=0.00 sys=0.00, real=0.01 secs] 
217.654: Total time for which application threads were stopped: 0.0004030 seconds, Stopping threads took: 0.0000450 seconds
217.689: Application time: 0.0345620 seconds
217.689: [GC217.689: [ParNew: 7059K->398K(7424K), 0.0003460 secs] 22489K->15828K(23808K), 0.0003640 secs] [Times: user=0.00 sys=0.00, real=0.00 secs] 
217.689: Total time for which application threads were stopped: 0.0004630 seconds, Stopping threads took: 0.0000510 seconds
217.724: Application time: 0.0343830 seconds
217.724: [GC217.724: [ParNew: 7054K->402K(7424K), 0.0002730 secs] 22484K->15832K(23808K), 0.0002910 secs] [Times: user=0.00 sys=0.00, real=0.00 secs] 
217.724: Total time for which application threads were stopped: 0.0003850 seconds, Stopping threads took: 0.0000430 seconds
217.760: Application time: 0.0356450 seconds
217.760: [GC217.760: [ParNew: 7058K->394K(7424K), 0.0003300 secs] 22488K->15824K(23808K), 0.0003540 secs] [Times: user=0.00 sys=0.00, real=0.00 secs] 
217.760: Total time for which application threads were stopped: 0.0004680 seconds, Stopping threads took: 0.0000530 seconds
217.794: Application time: 0.0342330 seconds
217.794: [GC217.794: [ParNew: 7050K->395K(7424K), 0.0003050 secs] 22480K->15824K(23808K), 0.0003230 secs] [Times: user=0.01 sys=0.00, real=0.00 secs] 
217.795: Total time for which application threads were stopped: 0.0004190 seconds, Stopping threads took: 0.0000440 seconds
217.829: Application time: 0.0343220 seconds
217.829: [GC217.829: [ParNew: 7051K->393K(7424K), 0.0003040 secs] 22480K->15823K(23808K), 0.0003220 secs] [Times: user=0.00 sys=0.00, real=0.00 secs] 
217.829: Total time for which application threads were stopped: 0.0004160 seconds, Stopping threads took: 0.0000480 seconds
217.864: Application time: 0.0344080 seconds
217.864: [GC217.864: [ParNew: 7049K->378K(7424K), 0.0003120 secs] 22479K->15808K(23808K), 0.0003310 secs] [Times: user=0.01 sys=0.00, real=0.00 secs] 
217.864: Total time for which application threads were stopped: 0.0004380 seconds, Stopping threads took: 0.0000580 seconds
217.898: Application time: 0.0340860 seconds
217.898: [GC217.898: [ParNew: 7034K->398K(7424K), 0.0003080 secs] 22464K->15828K(23808K), 0.0003250 secs] [Times: user=0.00 sys=0.00, real=0.00 secs] 
217.899: Total time for which application threads were stopped: 0.0004220 seconds, Stopping threads took: 0.0000380 seconds
217.933: Application time: 0.0341330 seconds
217.933: [GC217.933: [ParNew: 7054K->405K(7424K), 0.0003010 secs] 22484K->15835K(23808K), 0.0003190 secs] [Times: user=0.00 sys=0.00, real=0.00 secs] 
217.933: Total time for which application threads were stopped: 0.0004120 seconds, Stopping threads took: 0.0000430 seconds
217.968: Application time: 0.0344830 seconds
217.968: [GC217.968: [ParNew: 7061K->394K(7424K), 0.0002880 secs] 22491K->15824K(23808K), 0.0003060 secs] [Times: user=0.00 sys=0.00, real=0.00 secs] 
217.968: Total time for which application threads were stopped: 0.0004020 seconds, Stopping threads took: 0.0000460 seconds
218.002: Application time: 0.0341290 seconds
218.002: [GC218.002: [ParNew: 7050K->369K(7424K), 0.0002830 secs] 22480K->15855K(23808K), 0.0003020 secs] [Times: user=0.00 sys=0.00, real=0.00 secs] 
218.003: Total time for which application threads were stopped: 0.0004010 seconds, Stopping threads took: 0.0000470 seconds
218.037: Application time: 0.0341210 seconds
218.037: [GC218.037: [ParNew: 7025K->343K(7424K), 0.0002590 secs] 22511K->15901K(23808K), 0.0002760 secs] [Times: user=0.01 sys=0.00, real=0.00 secs] 
218.037: Total time for which application threads were stopped: 0.0003790 seconds, Stopping threads took: 0.0000530 seconds
218.072: Application time: 0.0345500 seconds
218.072: [GC218.072: [ParNew: 6999K->288K(7424K), 0.0002600 secs] 22557K->15926K(23808K), 0.0002800 secs] [Times: user=0.00 sys=0.00, real=0.00 secs] 
218.072: Total time for which application threads were stopped: 0.0003760 seconds, Stopping threads took: 0.0000430 seconds
218.107: Application time: 0.0344160 seconds
218.107: [GC218.107: [ParNew: 6944K->250K(7424K), 0.0002580 secs] 22582K->15944K(23808K), 0.0002830 secs] [Times: user=0.00 sys=0.00, real=0.00 secs] 
218.107: Total time for which application threads were stopped: 0.0003810 seconds, Stopping threads took: 0.0000480 seconds
218.141: Application time: 0.0342830 seconds
218.141: [GC218.141: [ParNew: 6906K->163K(7424K), 0.0002580 secs] 22600K->15993K(23808K), 0.0002750 secs] [Times: user=0.00 sys=0.00, real=0.00 secs] 
218.142: Total time for which application threads were stopped: 0.0003590 seconds, Stopping threads took: 0.0000360 seconds
218.176: Application time: 0.0343990 seconds
218.176: [GC218.176: [ParNew: 6819K->168K(7424K), 0.0002590 secs] 22649K->15998K(23808K), 0.0002780 secs] [Times: user=0.01 sys=0.00, real=0.00 secs] 
218.176: Total time for which application threads were stopped: 0.0004060 seconds, Stopping threads took: 0.0000790 seconds
218.210: Application time: 0.0340140 seconds
218.211: [GC218.211: [ParNew: 6824K->198K(7424K), 0.0002220 secs] 22654K->16028K(23808K), 0.0002380 secs] [Times: user=0.00 sys=0.00, real=0.00 secs] 
218.211: Total time for which application threads were stopped: 0.0003310 seconds, Stopping threads took: 0.0000450 seconds
218.245: Application time: 0.0337890 seconds
218.245: [GC218.245: [ParNew: 6854K->223K(7424K), 0.0003070 secs] 22684K->16053K(23808K), 0.0003250 secs] [Times: user=0.00 sys=0.00, real=0.00 secs] 
218.245: Total time for which application threads were stopped: 0.0004160 seconds, Stopping threads took: 0.0000440 seconds
218.279: Application time: 0.0339400 seconds
218.279: [GC218.279: [ParNew: 6879K->237K(7424K), 0.0002630 secs] 22709K->16068K(23808K), 0.0002820 secs] [Times: user=0.01 sys=0.00, real=0.00 secs] 
218.279: Total time for which application threads were stopped: 0.0003730 seconds, Stopping threads took: 0.0000430 seconds
218.313: Application time: 0.0334280 seconds
218.313: [GC218.313: [ParNew: 6893K->317K(7424K), 0.0003330 secs] 22724K->16147K(23808K), 0.0003550 secs] [Times: user=0.00 sys=0.00, real=0.00 secs] 
218.313: Total time for which application threads were stopped: 0.0004970 seconds, Stopping threads took: 0.0000610 seconds
218.347: Application time: 0.0335570 seconds
218.347: [GC218.347: [ParNew: 6973K->368K(7424K), 0.0003290 secs] 22803K->16198K(23808K), 0.0003480 secs] [Times: user=0.01 sys=0.00, real=0.00 secs] 
218.347: Total time for which application threads were stopped: 0.0004520 seconds, Stopping threads took: 0.0000460 seconds
218.381: Application time: 0.0339260 seconds
218.381: [GC218.381: [ParNew: 7024K->390K(7424K), 0.0003810 secs] 22854K->16220K(23808K), 0.0003980 secs] [Times: user=0.00 sys=0.00, real=0.00 secs] 
218.382: Total time for which application threads were stopped: 0.0004860 seconds, Stopping threads took: 0.0000400 seconds
218.416: Application time: 0.0342700 seconds
218.416: [GC218.416: [ParNew: 7046K->395K(7424K), 0.0002700 secs] 22876K->16226K(23808K), 0.0002890 secs] [Times: user=0.01 sys=0.00, real=0.00 secs] 
218.416: Total time for which application threads were stopped: 0.0004270 seconds, Stopping threads took: 0.0000820 seconds
218.451: Application time: 0.0346490 seconds
218.451: [GC218.451: [ParNew: 7051K->406K(7424K), 0.0002680 secs] 22882K->16236K(23808K), 0.0002870 secs] [Times: user=0.01 sys=0.00, real=0.00 secs] 
218.451: Total time for which application threads were stopped: 0.0003780 seconds, Stopping threads took: 0.0000430 seconds
218.486: Application time: 0.0344790 seconds
218.486: [GC218.486: [ParNew: 7062K->388K(7424K), 0.0002780 secs] 22892K->16218K(23808K), 0.0002970 secs] [Times: user=0.00 sys=0.00, real=0.00 secs] 
218.486: Total time for which application threads were stopped: 0.0003870 seconds, Stopping threads took: 0.0000400 seconds
218.520: Application time: 0.0340370 seconds
218.520: [GC218.520: [ParNew: 7044K->389K(7424K), 0.0002880 secs] 22874K->16219K(23808K), 0.0003050 secs] [Times: user=0.00 sys=0.00, real=0.00 secs] 
218.521: Total time for which application threads were stopped: 0.0004010 seconds, Stopping threads took: 0.0000470 seconds
218.555: Application time: 0.0347410 seconds
218.556: [GC218.556: [ParNew: 7045K->392K(7424K), 0.0002760 secs] 22875K->16223K(23808K), 0.0003000 secs] [Times: user=0.00 sys=0.00, real=0.00 secs] 
218.556: Total time for which application threads were stopped: 0.0003950 seconds, Stopping threads took: 0.0000470 seconds
218.590: Application time: 0.0346010 seconds
218.591: [GC218.591: [ParNew: 7048K->390K(7424K), 0.0002970 secs] 22879K->16220K(23808K), 0.0003150 secs] [Times: user=0.00 sys=0.00, real=0.00 secs] 
218.591: Total time for which application threads were stopped: 0.0004100 seconds, Stopping threads took: 0.0000450 seconds
218.625: Application time: 0.0340870 seconds
218.625: [GC218.625: [ParNew: 7046K->386K(7424K), 0.0002970 secs] 22876K->16216K(23808K), 0.0003140 secs] [Times: user=0.00 sys=0.00, real=0.00 secs] 
218.625: Total time for which application threads were stopped: 0.0004110 seconds, Stopping threads took: 0.0000480 seconds
218.660: Application time: 0.0345890 seconds
218.660: [GC218.660: [ParNew: 7042K->392K(7424K), 0.0003540 secs] 22872K->16223K(23808K), 0.0003700 secs] [Times: user=0.00 sys=0.00, real=0.00 secs] 
218.660: Total time for which application threads were stopped: 0.0004590 seconds, Stopping threads took: 0.0000410 seconds
218.695: Application time: 0.0344150 seconds
218.695: [GC218.695: [ParNew: 7048K->370K(7424K), 0.0002900 secs] 22879K->16256K(23808K), 0.0003060 secs] [Times: user=0.00 sys=0.00, real=0.00 secs] 
218.695: Total time for which application threads were stopped: 0.0003970 seconds, Stopping threads took: 0.0000440 seconds
218.729: Application time: 0.0339940 seconds
218.729: [GC218.729: [ParNew: 7026K->367K(7424K), 0.0003050 secs] 22912K->16253K(23808K), 0.0003240 secs] [Times: user=0.00 sys=0.00, real=0.00 secs] 
218.730: Total time for which application threads were stopped: 0.0004200 seconds, Stopping threads took: 0.0000450 seconds
218.764: Application time: 0.0344810 seconds
218.764: [GC218.764: [ParNew: 7023K->335K(7424K), 0.0002620 secs] 22909K->16277K(23808K), 0.0002800 secs] [Times: user=0.00 sys=0.00, real=0.00 secs] 
218.764: Total time for which application threads were stopped: 0.0003660 seconds, Stopping threads took: 0.0000360 seconds
218.799: Application time: 0.0343660 seconds
218.799: [GC218.799: [ParNew: 6991K->304K(7424K), 0.0002600 secs] 22933K->16302K(23808K), 0.0002780 secs] [Times: user=0.00 sys=0.00, real=0.00 secs] 
218.799: Total time for which application threads were stopped: 0.0003750 seconds, Stopping threads took: 0.0000490 seconds
218.834: Application time: 0.0343380 seconds
218.834: [GC218.834: [ParNew: 6960K->254K(7424K), 0.0002670 secs] 22958K->16365K(23808K), 0.0002840 secs] [Times: user=0.00 sys=0.00, real=0.00 secs] 
218.834: Total time for which application threads were stopped: 0.0003680 seconds, Stopping threads took: 0.0000360 seconds
218.868: Application time: 0.0344130 seconds
218.868: [GC218.868: [ParNew: 6910K->200K(7424K), 0.0002720 secs] 23021K->16414K(23808K), 0.0002920 secs] [Times: user=0.00 sys=0.00, real=0.00 secs] 
218.869: Total time for which application threads were stopped: 0.0003940 seconds, Stopping threads took: 0.0000510 seconds
218.903: Application time: 0.0342570 seconds
218.903: [GC218.903: [ParNew: 6856K->6856K(7424K), 0.0000070 secs]218.903: [Tenured: 16214K->2622K(16384K), 0.0078880 secs] 23070K->2622K(23808K), [Perm : 6076K->6076K(21248K)], 0.0079280 secs] [Times: user=0.01 sys=0.00, real=0.00 secs] 
218.911: Total time for which application threads were stopped: 0.0080400 seconds, Stopping threads took: 0.0000510 seconds
218.945: Application time: 0.0340750 seconds
218.945: [GC218.945: [ParNew: 6656K->80K(7424K), 0.0003040 secs] 9278K->2702K(23808K), 0.0003250 secs] [Times: user=0.00 sys=0.00, real=0.00 secs] 
218.946: Total time for which application threads were stopped: 0.0004510 seconds, Stopping threads took: 0.0000550 seconds
218.980: Application time: 0.0339450 seconds
218.980: [GC218.980: [ParNew: 6736K->125K(7424K), 0.0002170 secs] 9358K->2747K(23808K), 0.0002410 secs] [Times: user=0.00 sys=0.00, real=0.00 secs] 
218.980: Total time for which application threads were stopped: 0.0003230 seconds, Stopping threads took: 0.0000340 seconds
219.014: Application time: 0.0336960 seconds
219.014: [GC219.014: [ParNew: 6781K->156K(7424K), 0.0002250 secs] 9403K->2778K(23808K), 0.0002420 secs] [Times: user=0.00 sys=0.00, real=0.00 secs] 
219.014: Total time for which application threads were stopped: 0.0003360 seconds, Stopping threads took: 0.0000450 seconds
219.048: Application time: 0.0336700 seconds
219.048: [GC219.048: [ParNew: 6812K->249K(7424K), 0.0002460 secs] 9434K->2871K(23808K), 0.0002650 secs] [Times: user=0.00 sys=0.00, real=0.00 secs] 
219.048: Total time for which application threads were stopped: 0.0003560 seconds, Stopping threads took: 0.0000430 seconds
219.081: Application time: 0.0334270 seconds
219.081: [GC219.081: [ParNew: 6905K->318K(7424K), 0.0002770 secs] 9527K->2941K(23808K), 0.0002940 secs] [Times: user=0.00 sys=0.00, real=0.00 secs] 
219.082: Total time for which application threads were stopped: 0.0003900 seconds, Stopping threads took: 0.0000470 seconds
219.115: Application time: 0.0332540 seconds
219.115: [GC219.115: [ParNew: 6974K->396K(7424K), 0.0002690 secs] 9597K->3018K(23808K), 0.0002870 secs] [Times: user=0.00 sys=0.00, real=0.00 secs] 
219.115: Total time for which application threads were stopped: 0.0003740 seconds, Stopping threads took: 0.0000410 seconds
219.150: Application time: 0.0345500 seconds
219.150: [GC219.150: [ParNew: 7052K->401K(7424K), 0.0003030 secs] 9674K->3023K(23808K), 0.0003230 secs] [Times: user=0.00 sys=0.00, real=0.00 secs] 
219.150: Total time for which application threads were stopped: 0.0004240 seconds, Stopping threads took: 0.0000520 seconds
219.185: Application time: 0.0346590 seconds
219.185: [GC219.185: [ParNew: 7057K->348K(7424K), 0.0002550 secs] 9679K->3042K(23808K), 0.0002730 secs] [Times: user=0.00 sys=0.00, real=0.00 secs] 
219.185: Total time for which application threads were stopped: 0.0003630 seconds, Stopping threads took: 0.0000440 seconds
219.219: Application time: 0.0340930 seconds
219.220: [GC219.220: [ParNew: 7004K->344K(7424K), 0.0002680 secs] 9698K->3038K(23808K), 0.0002830 secs] [Times: user=0.00 sys=0.00, real=0.00 secs] 
219.220: Total time for which application threads were stopped: 0.0003600 seconds, Stopping threads took: 0.0000320 seconds
219.255: Application time: 0.0355090 seconds
219.255: [GC219.255: [ParNew: 7000K->345K(7424K), 0.0003290 secs] 9694K->3039K(23808K), 0.0003530 secs] [Times: user=0.00 sys=0.00, real=0.00 secs] 
219.256: Total time for which application threads were stopped: 0.0004890 seconds, Stopping threads took: 0.0000730 seconds
219.290: Application time: 0.0345450 seconds
219.290: [GC219.290: [ParNew: 7001K->357K(7424K), 0.0002900 secs] 9695K->3051K(23808K), 0.0003070 secs] [Times: user=0.00 sys=0.00, real=0.00 secs] 
219.291: Total time for which application threads were stopped: 0.0004010 seconds, Stopping threads took: 0.0000420 seconds
219.325: Application time: 0.0346220 seconds
219.325: [GC219.325: [ParNew: 7013K->367K(7424K), 0.0003410 secs] 9707K->3061K(23808K), 0.0003620 secs] [Times: user=0.01 sys=0.00, real=0.00 secs] 
219.326: Total time for which application threads were stopped: 0.0004730 seconds, Stopping threads took: 0.0000470 seconds
219.360: Application time: 0.0341310 seconds
219.360: [GC219.360: [ParNew: 7023K->364K(7424K), 0.0002660 secs] 9717K->3058K(23808K), 0.0002850 secs] [Times: user=0.00 sys=0.00, real=0.00 secs] 
219.360: Total time for which application threads were stopped: 0.0003900 seconds, Stopping threads took: 0.0000510 seconds
219.394: Application time: 0.0340890 seconds
219.395: [GC219.395: [ParNew: 7020K->369K(7424K), 0.0002850 secs] 9714K->3063K(23808K), 0.0003040 secs] [Times: user=0.01 sys=0.00, real=0.00 secs] 
219.395: Total time for which application threads were stopped: 0.0003990 seconds, Stopping threads took: 0.0000420 seconds
219.430: Application time: 0.0354870 seconds
219.430: [GC219.430: [ParNew: 7025K->364K(7424K), 0.0002830 secs] 9719K->3059K(23808K), 0.0003090 secs] [Times: user=0.00 sys=0.00, real=0.00 secs] 
219.431: Total time for which application threads were stopped: 0.0003980 seconds, Stopping threads took: 0.0000390 seconds
219.465: Application time: 0.0340700 seconds
219.465: [GC219.465: [ParNew: 7020K->345K(7424K), 0.0002880 secs] 9715K->3039K(23808K), 0.0003060 secs] [Times: user=0.00 sys=0.00, real=0.00 secs] 
219.465: Total time for which application threads were stopped: 0.0004250 seconds, Stopping threads took: 0.0000590 seconds
219.499: Application time: 0.0341700 seconds
219.500: [GC219.500: [ParNew: 7001K->334K(7424K), 0.0003540 secs] 9695K->3076K(23808K), 0.0003720 secs] [Times: user=0.00 sys=0.00, real=0.00 secs] 
219.500: Total time for which application threads were stopped: 0.0004660 seconds, Stopping threads took: 0.0000440 seconds
219.535: Application time: 0.0346920 seconds
219.535: [GC219.535: [ParNew: 6990K->309K(7424K), 0.0002700 secs] 9732K->3115K(23808K), 0.0002870 secs] [Times: user=0.01 sys=0.00, real=0.00 secs] 
219.535: Total time for which application threads were stopped: 0.0003690 seconds, Stopping threads took: 0.0000350 seconds
219.569: Application time: 0.0343470 seconds
219.569: [GC219.569: [ParNew: 6965K->263K(7424K), 0.0002610 secs] 9771K->3161K(23808K), 0.0002800 secs] [Times: user=0.00 sys=0.00, real=0.00 secs] 
219.570: Total time for which application threads were stopped: 0.0003680 seconds, Stopping threads took: 0.0000380 seconds
219.604: Application time: 0.0342600 seconds
219.604: [GC219.604: [ParNew: 6919K->224K(7424K), 0.0002500 secs] 9817K->3178K(23808K), 0.0002680 secs] [Times: user=0.00 sys=0.00, real=0.00 secs] 
219.604: Total time for which application threads were stopped: 0.0003580 seconds, Stopping threads took: 0.0000420 seconds
219.639: Application time: 0.0345740 seconds
219.642: [GC219.642: [ParNew: 6880K->166K(7424K), 0.0003010 secs] 9834K->3217K(23808K), 0.0003200 secs] [Times: user=0.01 sys=0.00, real=0.00 secs] 
219.642: Total time for which application threads were stopped: 0.0035700 seconds, Stopping threads took: 0.0031990 seconds
219.676: Application time: 0.0339430 seconds
219.676: [GC219.676: [ParNew: 6822K->202K(7424K), 0.0002690 secs] 9873K->3252K(23808K), 0.0002890 secs] [Times: user=0.00 sys=0.00, real=0.00 secs] 
219.677: Total time for which application threads were stopped: 0.0003860 seconds, Stopping threads took: 0.0000480 seconds
219.711: Application time: 0.0343380 seconds
219.711: [GC219.711: [ParNew: 6858K->196K(7424K), 0.0002510 secs] 9908K->3247K(23808K), 0.0002680 secs] [Times: user=0.00 sys=0.00, real=0.00 secs] 
219.711: Total time for which application threads were stopped: 0.0003730 seconds, Stopping threads took: 0.0000570 seconds
219.745: Application time: 0.0339360 seconds
219.746: [GC219.746: [ParNew: 6852K->220K(7424K), 0.0002430 secs] 9903K->3270K(23808K), 0.0002590 secs] [Times: user=0.00 sys=0.00, real=0.00 secs] 
219.746: Total time for which application threads were stopped: 0.0003570 seconds, Stopping threads took: 0.0000500 seconds
219.779: Application time: 0.0333220 seconds
219.779: [GC219.779: [ParNew: 6876K->277K(7424K), 0.0002750 secs] 9926K->3328K(23808K), 0.0002930 secs] [Times: user=0.00 sys=0.00, real=0.00 secs] 
219.780: Total time for which application threads were stopped: 0.0003820 seconds, Stopping threads took: 0.0000400 seconds
219.813: Application time: 0.0334470 seconds
219.813: [GC219.813: [ParNew: 6933K->314K(7424K), 0.0002760 secs] 9984K->3364K(23808K), 0.0002950 secs] [Times: user=0.00 sys=0.00, real=0.00 secs] 
219.813: Total time for which application threads were stopped: 0.0003850 seconds, Stopping threads took: 0.0000410 seconds
219.846: Application time: 0.0330030 seconds
219.846: [GC219.846: [ParNew: 6970K->392K(7424K), 0.0002960 secs] 10020K->3443K(23808K), 0.0003140 secs] [Times: user=0.01 sys=0.00, real=0.00 secs] 
219.847: Total time for which application threads were stopped: 0.0004110 seconds, Stopping threads took: 0.0000470 seconds
219.881: Application time: 0.0344590 seconds
219.881: [GC219.881: [ParNew: 7048K->397K(7424K), 0.0002840 secs] 10099K->3448K(23808K), 0.0003090 secs] [Times: user=0.00 sys=0.00, real=0.00 secs] 
219.882: Total time for which application threads were stopped: 0.0004020 seconds, Stopping threads took: 0.0000430 seconds
219.916: Application time: 0.0342000 seconds
219.916: [GC219.916: [ParNew: 7053K->401K(7424K), 0.0002860 secs] 10104K->3451K(23808K), 0.0003040 secs] [Times: user=0.00 sys=0.00, real=0.00 secs] 
219.916: Total time for which application threads were stopped: 0.0003940 seconds, Stopping threads took: 0.0000410 seconds
219.951: Application time: 0.0343890 seconds
219.951: [GC219.951: [ParNew: 7057K->391K(7424K), 0.0002580 secs] 10107K->3441K(23808K), 0.0002750 secs] [Times: user=0.00 sys=0.00, real=0.00 secs] 
219.951: Total time for which application threads were stopped: 0.0003700 seconds, Stopping threads took: 0.0000460 seconds
219.985: Application time: 0.0345230 seconds
219.986: [GC219.986: [ParNew: 7047K->399K(7424K), 0.0002800 secs] 10097K->3450K(23808K), 0.0002970 secs] [Times: user=0.00 sys=0.00, real=0.00 secs] 
219.986: Total time for which application threads were stopped: 0.0004040 seconds, Stopping threads took: 0.0000490 seconds
220.020: Application time: 0.0342760 seconds
220.020: [GC220.020: [ParNew: 7055K->396K(7424K), 0.0002620 secs] 10106K->3446K(23808K), 0.0002810 secs] [Times: user=0.00 sys=0.00, real=0.00 secs] 
220.021: Total time for which application threads were stopped: 0.0003750 seconds, Stopping threads took: 0.0000440 seconds
220.055: Application time: 0.0341800 seconds
220.055: [GC220.055: [ParNew: 7052K->398K(7424K), 0.0002810 secs] 10102K->3449K(23808K), 0.0002980 secs] [Times: user=0.00 sys=0.00, real=0.00 secs] 
220.055: Total time for which application threads were stopped: 0.0003910 seconds, Stopping threads took: 0.0000440 seconds
220.090: Application time: 0.0345770 seconds
220.090: [GC220.090: [ParNew: 7054K->401K(7424K), 0.0002940 secs] 10105K->3451K(23808K), 0.0003120 secs] [Times: user=0.00 sys=0.00, real=0.00 secs] 
220.090: Total time for which application threads were stopped: 0.0004010 seconds, Stopping threads took: 0.0000400 seconds
220.124: Application time: 0.0341500 seconds
220.124: [GC220.124: [ParNew: 7057K->376K(7424K), 0.0002830 secs] 10107K->3490K(23808K), 0.0003010 secs] [Times: user=0.00 sys=0.00, real=0.00 secs] 
220.125: Total time for which application threads were stopped: 0.0003990 seconds, Stopping threads took: 0.0000490 seconds
220.159: Application time: 0.0342220 seconds
220.162: [GC220.162: [ParNew: 7032K->368K(7424K), 0.0003350 secs] 10146K->3483K(23808K), 0.0003540 secs] [Times: user=0.00 sys=0.00, real=0.00 secs] 
220.163: Total time for which application threads were stopped: 0.0036330 seconds, Stopping threads took: 0.0032280 seconds
220.197: Application time: 0.0341780 seconds
220.197: [GC220.197: [ParNew: 7024K->366K(7424K), 0.0002900 secs] 10139K->3480K(23808K), 0.0003080 secs] [Times: user=0.00 sys=0.00, real=0.00 secs] 
220.197: Total time for which application threads were stopped: 0.0004220 seconds, Stopping threads took: 0.0000670 seconds
220.231: Application time: 0.0343750 seconds
220.232: [GC220.232: [ParNew: 7022K->368K(7424K), 0.0002510 secs] 10136K->3482K(23808K), 0.0002680 secs] [Times: user=0.00 sys=0.00, real=0.00 secs] 
220.232: Total time for which application threads were stopped: 0.0003650 seconds, Stopping threads took: 0.0000490 seconds
220.266: Application time: 0.0343640 seconds
220.266: [GC220.266: [ParNew: 7024K->345K(7424K), 0.0003480 secs] 10138K->3524K(23808K), 0.0003660 secs] [Times: user=0.00 sys=0.00, real=0.00 secs] 
220.267: Total time for which application threads were stopped: 0.0004600 seconds, Stopping threads took: 0.0000440 seconds
220.301: Application time: 0.0346530 seconds
220.301: [GC220.301: [ParNew: 7001K->280K(7424K), 0.0003280 secs] 10180K->3547K(23808K), 0.0003470 secs] [Times: user=0.00 sys=0.00, real=0.00 secs] 
220.302: Total time for which application threads were stopped: 0.0004500 seconds, Stopping threads took: 0.0000530 seconds
220.336: Application time: 0.0346590 seconds
220.337: [GC220.337: [ParNew: 6936K->244K(7424K), 0.0002860 secs] 10203K->3575K(23808K), 0.0003140 secs] [Times: user=0.00 sys=0.00, real=0.00 secs] 
220.337: Total time for which application threads were stopped: 0.0004260 seconds, Stopping threads took: 0.0000490 seconds
220.371: Application time: 0.0341900 seconds
220.371: [GC220.371: [ParNew: 6900K->163K(7424K), 0.0002850 secs] 10231K->3629K(23808K), 0.0003030 secs] [Times: user=0.00 sys=0.00, real=0.00 secs] 
220.371: Total time for which application threads were stopped: 0.0003960 seconds, Stopping threads took: 0.0000440 seconds
220.406: Application time: 0.0345710 seconds
220.406: [GC220.406: [ParNew: 6819K->159K(7424K), 0.0002630 secs] 10285K->3625K(23808K), 0.0002820 secs] [Times: user=0.00 sys=0.00, real=0.00 secs] 
220.406: Total time for which application threads were stopped: 0.0003750 seconds, Stopping threads took: 0.0000440 seconds
220.440: Application time: 0.0339410 seconds
220.440: [GC220.440: [ParNew: 6815K->189K(7424K), 0.0002300 secs] 10281K->3656K(23808K), 0.0002470 secs] [Times: user=0.00 sys=0.00, real=0.00 secs] 
220.441: Total time for which application threads were stopped: 0.0003400 seconds, Stopping threads took: 0.0000460 seconds
220.475: Application time: 0.0340000 seconds
220.475: [GC220.475: [ParNew: 6845K->219K(7424K), 0.0002980 secs] 10312K->3686K(23808K), 0.0003160 secs] [Times: user=0.00 sys=0.00, real=0.00 secs] 
220.475: Total time for which application threads were stopped: 0.0004070 seconds, Stopping threads took: 0.0000430 seconds
220.509: Application time: 0.0334230 seconds
220.509: [GC220.509: [ParNew: 6875K->286K(7424K), 0.0002850 secs] 10342K->3752K(23808K), 0.0003060 secs] [Times: user=0.00 sys=0.00, real=0.00 secs] 
220.509: Total time for which application threads were stopped: 0.0004090 seconds, Stopping threads took: 0.0000430 seconds
220.543: Application time: 0.0338030 seconds
220.543: [GC220.543: [ParNew: 6942K->315K(7424K), 0.0002680 secs] 10408K->3782K(23808K), 0.0002870 secs] [Times: user=0.00 sys=0.00, real=0.00 secs] 
220.543: Total time for which application threads were stopped: 0.0003880 seconds, Stopping threads took: 0.0000490 seconds
220.576: Application time: 0.0332970 seconds
220.577: [GC220.577: [ParNew: 6971K->352K(7424K), 0.0002770 secs] 10438K->3819K(23808K), 0.0002940 secs] [Times: user=0.01 sys=0.00, real=0.00 secs] 
220.577: Total time for which application threads were stopped: 0.0003840 seconds, Stopping threads took: 0.0000400 seconds
220.611: Application time: 0.0341810 seconds
220.611: [GC220.611: [ParNew: 7008K->398K(7424K), 0.0002630 secs] 10475K->3865K(23808K), 0.0002790 secs] [Times: user=0.00 sys=0.00, real=0.00 secs] 
220.611: Total time for which application threads were stopped: 0.0003890 seconds, Stopping threads took: 0.0000610 seconds
220.646: Application time: 0.0345670 seconds
220.646: [GC220.646: [ParNew: 7054K->397K(7424K), 0.0002650 secs] 10521K->3864K(23808K), 0.0002820 secs] [Times: user=0.00 sys=0.00, real=0.00 secs] 
220.646: Total time for which application threads were stopped: 0.0003830 seconds, Stopping threads took: 0.0000510 seconds
220.681: Application time: 0.0343490 seconds
220.681: [GC220.681: [ParNew: 7053K->397K(7424K), 0.0002750 secs] 10520K->3864K(23808K), 0.0002920 secs] [Times: user=0.00 sys=0.00, real=0.00 secs] 
220.681: Total time for which application threads were stopped: 0.0003850 seconds, Stopping threads took: 0.0000440 seconds
220.715: Application time: 0.0341400 seconds
220.715: [GC220.715: [ParNew: 7053K->399K(7424K), 0.0002720 secs] 10520K->3866K(23808K), 0.0002900 secs] [Times: user=0.00 sys=0.00, real=0.00 secs] 
220.716: Total time for which application threads were stopped: 0.0003790 seconds, Stopping threads took: 0.0000390 seconds
220.750: Application time: 0.0348120 seconds
220.754: [GC220.754: [ParNew: 7055K->392K(7424K), 0.0005400 secs] 10522K->3858K(23808K), 0.0005650 secs] [Times: user=0.00 sys=0.00, real=0.00 secs] 
220.755: Total time for which application threads were stopped: 0.0043140 seconds, Stopping threads took: 0.0036770 seconds
220.789: Application time: 0.0343360 seconds
220.789: [GC220.789: [ParNew: 7048K->397K(7424K), 0.0002990 secs] 10514K->3863K(23808K), 0.0003240 secs] [Times: user=0.00 sys=0.00, real=0.00 secs] 
220.789: Total time for which application threads were stopped: 0.0004210 seconds, Stopping threads took: 0.0000460 seconds
220.824: Application time: 0.0346620 seconds
220.824: [GC220.824: [ParNew: 7053K->390K(7424K), 0.0003160 secs] 10519K->3857K(23808K), 0.0003350 secs] [Times: user=0.01 sys=0.00, real=0.00 secs] 
220.825: Total time for which application threads were stopped: 0.0004340 seconds, Stopping threads took: 0.0000500 seconds
220.859: Application time: 0.0343980 seconds
220.859: [GC220.859: [ParNew: 7046K->376K(7424K), 0.0003270 secs] 10513K->3843K(23808K), 0.0003450 secs] [Times: user=0.00 sys=0.00, real=0.00 secs] 
220.859: Total time for which application threads were stopped: 0.0004360 seconds, Stopping threads took: 0.0000440 seconds
220.893: Application time: 0.0340470 seconds
220.894: [GC220.894: [ParNew: 7032K->397K(7424K), 0.0002890 secs] 10499K->3864K(23808K), 0.0003060 secs] [Times: user=0.00 sys=0.00, real=0.00 secs] 
220.894: Total time for which application threads were stopped: 0.0004000 seconds, Stopping threads took: 0.0000450 seconds
220.928: Application time: 0.0342600 seconds
220.928: [GC220.928: [ParNew: 7053K->378K(7424K), 0.0002920 secs] 10520K->3845K(23808K), 0.0003090 secs] [Times: user=0.00 sys=0.00, real=0.00 secs] 
220.929: Total time for which application threads were stopped: 0.0003960 seconds, Stopping threads took: 0.0000390 seconds
220.963: Application time: 0.0339730 seconds
220.963: [GC220.963: [ParNew: 7034K->367K(7424K), 0.0002790 secs] 10501K->3890K(23808K), 0.0002960 secs] [Times: user=0.00 sys=0.00, real=0.00 secs] 
220.963: Total time for which application threads were stopped: 0.0003940 seconds, Stopping threads took: 0.0000500 seconds
220.997: Application time: 0.0344280 seconds
220.997: [GC220.997: [ParNew: 7023K->340K(7424K), 0.0003160 secs] 10546K->3919K(23808K), 0.0003350 secs] [Times: user=0.00 sys=0.00, real=0.00 secs] 
220.998: Total time for which application threads were stopped: 0.0004230 seconds, Stopping threads took: 0.0000380 seconds
221.032: Application time: 0.0343550 seconds
221.032: [GC221.032: [ParNew: 6996K->284K(7424K), 0.0002830 secs] 10575K->3967K(23808K), 0.0002990 secs] [Times: user=0.00 sys=0.00, real=0.00 secs] 
221.033: Total time for which application threads were stopped: 0.0004040 seconds, Stopping threads took: 0.0000470 seconds
221.067: Application time: 0.0344410 seconds
221.067: [GC221.067: [ParNew: 6940K->259K(7424K), 0.0002420 secs] 10623K->4005K(23808K), 0.0002580 secs] [Times: user=0.01 sys=0.00, real=0.00 secs] 
221.067: Total time for which application threads were stopped: 0.0003440 seconds, Stopping threads took: 0.0000400 seconds
221.102: Application time: 0.0342010 seconds
221.102: [GC221.102: [ParNew: 6915K->188K(7424K), 0.0002290 secs] 10661K->4031K(23808K), 0.0002460 secs] [Times: user=0.00 sys=0.00, real=0.00 secs] 
221.102: Total time for which application threads were stopped: 0.0003370 seconds, Stopping threads took: 0.0000430 seconds
221.136: Application time: 0.0344740 seconds
221.136: [GC221.136: [ParNew: 6844K->158K(7424K), 0.0002060 secs] 10687K->4065K(23808K), 0.0002240 secs] [Times: user=0.00 sys=0.00, real=0.00 secs] 
221.137: Total time for which application threads were stopped: 0.0003150 seconds, Stopping threads took: 0.0000440 seconds
221.171: Application time: 0.0339320 seconds
221.171: [GC221.171: [ParNew: 6814K->193K(7424K), 0.0002650 secs] 10721K->4099K(23808K), 0.0002820 secs] [Times: user=0.00 sys=0.00, real=0.00 secs] 
221.171: Total time for which application threads were stopped: 0.0003710 seconds, Stopping threads took: 0.0000420 seconds
221.205: Application time: 0.0338720 seconds
221.205: [GC221.205: [ParNew: 6849K->219K(7424K), 0.0002760 secs] 10755K->4126K(23808K), 0.0002940 secs] [Times: user=0.00 sys=0.00, real=0.00 secs] 
221.205: Total time for which application threads were stopped: 0.0003910 seconds, Stopping threads took: 0.0000390 seconds
221.239: Application time: 0.0333260 seconds
221.239: [GC221.239: [ParNew: 6875K->277K(7424K), 0.0002270 secs] 10782K->4184K(23808K), 0.0002440 secs] [Times: user=0.00 sys=0.00, real=0.00 secs] 
221.239: Total time for which application threads were stopped: 0.0003230 seconds, Stopping threads took: 0.0000300 seconds
221.273: Application time: 0.0340010 seconds
221.273: [GC221.273: [ParNew: 6933K->306K(7424K), 0.0002620 secs] 10840K->4212K(23808K), 0.0002820 secs] [Times: user=0.00 sys=0.00, real=0.00 secs] 
221.273: Total time for which application threads were stopped: 0.0003890 seconds, Stopping threads took: 0.0000580 seconds
221.307: Application time: 0.0335320 seconds
221.307: [GC221.307: [ParNew: 6962K->366K(7424K), 0.0002850 secs] 10868K->4273K(23808K), 0.0003020 secs] [Times: user=0.00 sys=0.00, real=0.00 secs] 
221.307: Total time for which application threads were stopped: 0.0003950 seconds, Stopping threads took: 0.0000430 seconds
221.341: Application time: 0.0340040 seconds
221.341: [GC221.341: [ParNew: 7022K->401K(7424K), 0.0003150 secs] 10929K->4308K(23808K), 0.0003380 secs] [Times: user=0.00 sys=0.00, real=0.00 secs] 
221.342: Total time for which application threads were stopped: 0.0004430 seconds, Stopping threads took: 0.0000430 seconds
221.376: Application time: 0.0344570 seconds
221.376: [GC221.376: [ParNew: 7057K->401K(7424K), 0.0003430 secs] 10964K->4308K(23808K), 0.0003600 secs] [Times: user=0.01 sys=0.00, real=0.00 secs] 
221.377: Total time for which application threads were stopped: 0.0004570 seconds, Stopping threads took: 0.0000480 seconds
221.411: Application time: 0.0341620 seconds
221.411: [GC221.411: [ParNew: 7057K->357K(7424K), 0.0002960 secs] 10964K->4328K(23808K), 0.0003140 secs] [Times: user=0.00 sys=0.00, real=0.00 secs] 
221.411: Total time for which application threads were stopped: 0.0004060 seconds, Stopping threads took: 0.0000430 seconds
221.446: Application time: 0.0344620 seconds
221.446: [GC221.446: [ParNew: 7013K->348K(7424K), 0.0002740 secs] 10984K->4319K(23808K), 0.0002920 secs] [Times: user=0.00 sys=0.00, real=0.00 secs] 
221.446: Total time for which application threads were stopped: 0.0003890 seconds, Stopping threads took: 0.0000480 seconds
221.480: Application time: 0.0341580 seconds
221.480: [GC221.480: [ParNew: 7004K->365K(7424K), 0.0002590 secs] 10975K->4336K(23808K), 0.0002760 secs] [Times: user=0.00 sys=0.00, real=0.00 secs] 
221.481: Total time for which application threads were stopped: 0.0003840 seconds, Stopping threads took: 0.0000590 seconds
221.515: Application time: 0.0345660 seconds
221.515: [GC221.515: [ParNew: 7021K->347K(7424K), 0.0002990 secs] 10992K->4318K(23808K), 0.0003180 secs] [Times: user=0.00 sys=0.00, real=0.00 secs] 
221.515: Total time for which application threads were stopped: 0.0004100 seconds, Stopping threads took: 0.0000430 seconds
221.550: Application time: 0.0341160 seconds
221.550: [GC221.550: [ParNew: 7003K->369K(7424K), 0.0002450 secs] 10974K->4340K(23808K), 0.0002620 secs] [Times: user=0.00 sys=0.00, real=0.00 secs] 
221.550: Total time for which application threads were stopped: 0.0003620 seconds, Stopping threads took: 0.0000420 seconds
221.584: Application time: 0.0341570 seconds
221.584: [GC221.584: [ParNew: 7025K->370K(7424K), 0.0003380 secs] 10996K->4341K(23808K), 0.0003560 secs] [Times: user=0.00 sys=0.00, real=0.00 secs] 
221.585: Total time for which application threads were stopped: 0.0004530 seconds, Stopping threads took: 0.0000480 seconds
221.619: Application time: 0.0342180 seconds
221.619: [GC221.619: [ParNew: 7026K->374K(7424K), 0.0002460 secs] 10997K->4345K(23808K), 0.0002640 secs] [Times: user=0.00 sys=0.00, real=0.00 secs] 
221.619: Total time for which application threads were stopped: 0.0003640 seconds, Stopping threads took: 0.0000500 seconds
221.654: Application time: 0.0346070 seconds
221.654: [GC221.654: [ParNew: 7030K->366K(7424K), 0.0002670 secs] 11001K->4337K(23808K), 0.0002860 secs] [Times: user=0.00 sys=0.00, real=0.01 secs] 
221.654: Total time for which application threads were stopped: 0.0003910 seconds, Stopping threads took: 0.0000450 seconds
221.688: Application time: 0.0340540 seconds
221.688: [GC221.688: [ParNew: 7022K->344K(7424K), 0.0002680 secs] 10993K->4315K(23808K), 0.0002860 secs] [Times: user=0.00 sys=0.00, real=0.00 secs] 
221.689: Total time for which application threads were stopped: 0.0003810 seconds, Stopping threads took: 0.0000470 seconds
221.723: Application time: 0.0340240 seconds
221.723: [GC221.723: [ParNew: 7000K->336K(7424K), 0.0003480 secs] 10971K->4371K(23808K), 0.0003640 secs] [Times: user=0.01 sys=0.00, real=0.00 secs] 
221.723: Total time for which application threads were stopped: 0.0004530 seconds, Stopping threads took: 0.0000450 seconds
221.758: Application time: 0.0353130 seconds
221.758: [GC221.758: [ParNew: 6992K->273K(7424K), 0.0002920 secs] 11027K->4380K(23808K), 0.0003100 secs] [Times: user=0.00 sys=0.00, real=0.00 secs] 
221.759: Total time for which application threads were stopped: 0.0003920 seconds, Stopping threads took: 0.0000330 seconds
221.793: Application time: 0.0346070 seconds
221.793: [GC221.793: [ParNew: 6929K->249K(7424K), 0.0002790 secs] 11036K->4412K(23808K), 0.0002970 secs] [Times: user=0.00 sys=0.00, real=0.00 secs] 
221.794: Total time for which application threads were stopped: 0.0003880 seconds, Stopping threads took: 0.0000410 seconds
221.828: Application time: 0.0343040 seconds
221.828: [GC221.828: [ParNew: 6905K->200K(7424K), 0.0002230 secs] 11068K->4451K(23808K), 0.0002400 secs] [Times: user=0.00 sys=0.00, real=0.00 secs] 
221.828: Total time for which application threads were stopped: 0.0003320 seconds, Stopping threads took: 0.0000420 seconds
221.863: Application time: 0.0343930 seconds
221.863: [GC221.863: [ParNew: 6856K->161K(7424K), 0.0002330 secs] 11107K->4469K(23808K), 0.0002510 secs] [Times: user=0.00 sys=0.00, real=0.00 secs] 
221.863: Total time for which application threads were stopped: 0.0003450 seconds, Stopping threads took: 0.0000450 seconds
221.897: Application time: 0.0339330 seconds
221.897: [GC221.897: [ParNew: 6817K->186K(7424K), 0.0002550 secs] 11125K->4493K(23808K), 0.0002730 secs] [Times: user=0.00 sys=0.00, real=0.00 secs] 
221.897: Total time for which application threads were stopped: 0.0003690 seconds, Stopping threads took: 0.0000470 seconds
221.931: Application time: 0.0339300 seconds
221.931: [GC221.931: [ParNew: 6842K->214K(7424K), 0.0002370 secs] 11149K->4521K(23808K), 0.0002550 secs] [Times: user=0.00 sys=0.00, real=0.00 secs] 
221.932: Total time for which application threads were stopped: 0.0003490 seconds, Stopping threads took: 0.0000440 seconds
221.965: Application time: 0.0332460 seconds
221.965: [GC221.965: [ParNew: 6870K->275K(7424K), 0.0002480 secs] 11177K->4582K(23808K), 0.0002680 secs] [Times: user=0.00 sys=0.00, real=0.00 secs] 
221.965: Total time for which application threads were stopped: 0.0003650 seconds, Stopping threads took: 0.0000460 seconds
221.999: Application time: 0.0338910 seconds
221.999: [GC221.999: [ParNew: 6931K->315K(7424K), 0.0002740 secs] 11238K->4622K(23808K), 0.0002920 secs] [Times: user=0.00 sys=0.00, real=0.00 secs] 
222.000: Total time for which application threads were stopped: 0.0003920 seconds, Stopping threads took: 0.0000490 seconds
222.033: Application time: 0.0333530 seconds
222.033: [GC222.033: [ParNew: 6971K->361K(7424K), 0.0003150 secs] 11278K->4668K(23808K), 0.0003340 secs] [Times: user=0.00 sys=0.00, real=0.00 secs] 
222.033: Total time for which application threads were stopped: 0.0004170 seconds, Stopping threads took: 0.0000320 seconds
222.067: Application time: 0.0338710 seconds
222.067: [GC222.067: [ParNew: 7017K->394K(7424K), 0.0002840 secs] 11324K->4701K(23808K), 0.0003030 secs] [Times: user=0.00 sys=0.00, real=0.00 secs] 
222.068: Total time for which application threads were stopped: 0.0004050 seconds, Stopping threads took: 0.0000410 seconds
222.102: Application time: 0.0341100 seconds
222.102: [GC222.102: [ParNew: 7050K->397K(7424K), 0.0002790 secs] 11357K->4704K(23808K), 0.0002960 secs] [Times: user=0.01 sys=0.00, real=0.01 secs] 
222.102: Total time for which application threads were stopped: 0.0003940 seconds, Stopping threads took: 0.0000480 seconds
222.137: Application time: 0.0348880 seconds
222.137: [GC222.137: [ParNew: 7053K->401K(7424K), 0.0002920 secs] 11360K->4708K(23808K), 0.0003100 secs] [Times: user=0.01 sys=0.00, real=0.00 secs] 
222.138: Total time for which application threads were stopped: 0.0004080 seconds, Stopping threads took: 0.0000490 seconds
222.172: Application time: 0.0341250 seconds
222.174: [GC222.174: [ParNew: 7057K->397K(7424K), 0.0003220 secs] 11364K->4704K(23808K), 0.0003380 secs] [Times: user=0.00 sys=0.00, real=0.00 secs] 
222.174: Total time for which application threads were stopped: 0.0028130 seconds, Stopping threads took: 0.0024290 seconds
222.209: Application time: 0.0340830 seconds
222.210: [GC222.210: [ParNew: 7053K->393K(7424K), 0.0002780 secs] 11360K->4700K(23808K), 0.0002960 secs] [Times: user=0.00 sys=0.00, real=0.00 secs] 
222.210: Total time for which application threads were stopped: 0.0018920 seconds, Stopping threads took: 0.0015480 seconds
222.245: Application time: 0.0345470 seconds
222.245: [GC222.245: [ParNew: 7049K->396K(7424K), 0.0002820 secs] 11356K->4703K(23808K), 0.0003000 secs] [Times: user=0.00 sys=0.00, real=0.00 secs] 
222.245: Total time for which application threads were stopped: 0.0003950 seconds, Stopping threads took: 0.0000460 seconds
222.281: Application time: 0.0357820 seconds
222.281: [GC222.281: [ParNew: 7052K->375K(7424K), 0.0003480 secs] 11359K->4738K(23808K), 0.0003720 secs] [Times: user=0.00 sys=0.00, real=0.00 secs] 
222.282: Total time for which application threads were stopped: 0.0004870 seconds, Stopping threads took: 0.0000540 seconds
222.316: Application time: 0.0342050 seconds
222.316: [GC222.316: [ParNew: 7031K->364K(7424K), 0.0003510 secs] 11394K->4728K(23808K), 0.0003730 secs] [Times: user=0.00 sys=0.00, real=0.00 secs] 
222.316: Total time for which application threads were stopped: 0.0004840 seconds, Stopping threads took: 0.0000450 seconds
222.351: Application time: 0.0343140 seconds
222.351: [GC222.351: [ParNew: 7020K->366K(7424K), 0.0003320 secs] 11384K->4729K(23808K), 0.0003510 secs] [Times: user=0.01 sys=0.00, real=0.00 secs] 
222.351: Total time for which application threads were stopped: 0.0004720 seconds, Stopping threads took: 0.0000670 seconds
222.386: Application time: 0.0345110 seconds
222.386: [GC222.386: [ParNew: 7022K->365K(7424K), 0.0002850 secs] 11385K->4728K(23808K), 0.0003040 secs] [Times: user=0.00 sys=0.00, real=0.00 secs] 
222.386: Total time for which application threads were stopped: 0.0004030 seconds, Stopping threads took: 0.0000450 seconds
222.420: Application time: 0.0340560 seconds
222.420: [GC222.420: [ParNew: 7021K->363K(7424K), 0.0002740 secs] 11384K->4726K(23808K), 0.0002910 secs] [Times: user=0.00 sys=0.00, real=0.00 secs] 
222.420: Total time for which application threads were stopped: 0.0003860 seconds, Stopping threads took: 0.0000480 seconds
222.455: Application time: 0.0341160 seconds
222.455: [GC222.455: [ParNew: 7019K->337K(7424K), 0.0002770 secs] 11382K->4756K(23808K), 0.0002960 secs] [Times: user=0.00 sys=0.00, real=0.00 secs] 
222.455: Total time for which application threads were stopped: 0.0004150 seconds, Stopping threads took: 0.0000680 seconds
222.490: Application time: 0.0348650 seconds
222.490: [GC222.490: [ParNew: 6993K->278K(7424K), 0.0002670 secs] 11412K->4785K(23808K), 0.0002870 secs] [Times: user=0.00 sys=0.00, real=0.00 secs] 
222.490: Total time for which application threads were stopped: 0.0003970 seconds, Stopping threads took: 0.0000560 seconds
222.525: Application time: 0.0342540 seconds
222.525: [GC222.525: [ParNew: 6934K->254K(7424K), 0.0002950 secs] 11441K->4825K(23808K), 0.0003150 secs] [Times: user=0.00 sys=0.00, real=0.00 secs] 
222.525: Total time for which application threads were stopped: 0.0004240 seconds, Stopping threads took: 0.0000620 seconds
222.560: Application time: 0.0347300 seconds
222.560: [GC222.560: [ParNew: 6910K->198K(7424K), 0.0002910 secs] 11481K->4866K(23808K), 0.0003190 secs] [Times: user=0.00 sys=0.00, real=0.00 secs] 
222.560: Total time for which application threads were stopped: 0.0004280 seconds, Stopping threads took: 0.0000500 seconds
222.595: Application time: 0.0344410 seconds
222.598: [GC222.598: [ParNew: 6854K->166K(7424K), 0.0002220 secs] 11522K->4889K(23808K), 0.0002400 secs] [Times: user=0.00 sys=0.00, real=0.00 secs] 
222.598: Total time for which application threads were stopped: 0.0038290 seconds, Stopping threads took: 0.0035310 seconds
222.633: Application time: 0.0341590 seconds
222.633: [GC222.633: [ParNew: 6822K->166K(7424K), 0.0002470 secs] 11545K->4889K(23808K), 0.0002650 secs] [Times: user=0.00 sys=0.00, real=0.00 secs] 
222.633: Total time for which application threads were stopped: 0.0003630 seconds, Stopping threads took: 0.0000490 seconds
222.667: Application time: 0.0337840 seconds
222.667: [GC222.667: [ParNew: 6822K->201K(7424K), 0.0002510 secs] 11545K->4925K(23808K), 0.0002700 secs] [Times: user=0.00 sys=0.00, real=0.00 secs] 
222.667: Total time for which application threads were stopped: 0.0003820 seconds, Stopping threads took: 0.0000630 seconds
222.701: Application time: 0.0335080 seconds
222.701: [GC222.701: [ParNew: 6857K->258K(7424K), 0.0002440 secs] 11581K->4982K(23808K), 0.0002600 secs] [Times: user=0.00 sys=0.00, real=0.00 secs] 
222.701: Total time for which application threads were stopped: 0.0003570 seconds, Stopping threads took: 0.0000470 seconds
222.735: Application time: 0.0338850 seconds
222.735: [GC222.735: [ParNew: 6914K->279K(7424K), 0.0003380 secs] 11638K->5003K(23808K), 0.0003540 secs] [Times: user=0.00 sys=0.00, real=0.00 secs] 
222.735: Total time for which application threads were stopped: 0.0004470 seconds, Stopping threads took: 0.0000440 seconds
222.768: Application time: 0.0328020 seconds
222.768: [GC222.768: [ParNew: 6935K->371K(7424K), 0.0002600 secs] 11659K->5094K(23808K), 0.0002780 secs] [Times: user=0.01 sys=0.00, real=0.00 secs] 
222.768: Total time for which application threads were stopped: 0.0003770 seconds, Stopping threads took: 0.0000470 seconds
222.802: Application time: 0.0339560 seconds
222.803: [GC222.803: [ParNew: 7027K->404K(7424K), 0.0002790 secs] 11750K->5127K(23808K), 0.0002970 secs] [Times: user=0.00 sys=0.00, real=0.00 secs] 
222.803: Total time for which application threads were stopped: 0.0003870 seconds, Stopping threads took: 0.0000410 seconds
222.838: Application time: 0.0351270 seconds
222.838: [GC222.838: [ParNew: 7060K->401K(7424K), 0.0003060 secs] 11783K->5125K(23808K), 0.0003250 secs] [Times: user=0.00 sys=0.00, real=0.00 secs] 
222.838: Total time for which application threads were stopped: 0.0004090 seconds, Stopping threads took: 0.0000350 seconds
222.873: Application time: 0.0346860 seconds
222.873: [GC222.873: [ParNew: 7057K->389K(7424K), 0.0002680 secs] 11781K->5112K(23808K), 0.0002850 secs] [Times: user=0.00 sys=0.00, real=0.00 secs] 
222.873: Total time for which application threads were stopped: 0.0003730 seconds, Stopping threads took: 0.0000400 seconds
222.908: Application time: 0.0341680 seconds
222.908: [GC222.908: [ParNew: 7045K->390K(7424K), 0.0003110 secs] 11768K->5114K(23808K), 0.0003280 secs] [Times: user=0.00 sys=0.00, real=0.00 secs] 
222.908: Total time for which application threads were stopped: 0.0004230 seconds, Stopping threads took: 0.0000470 seconds
222.942: Application time: 0.0344050 seconds
222.942: [GC222.943: [ParNew: 7046K->398K(7424K), 0.0002830 secs] 11770K->5122K(23808K), 0.0003020 secs] [Times: user=0.00 sys=0.00, real=0.00 secs] 
222.943: Total time for which application threads were stopped: 0.0003990 seconds, Stopping threads took: 0.0000470 seconds
222.977: Application time: 0.0342100 seconds
222.977: [GC222.977: [ParNew: 7054K->400K(7424K), 0.0002760 secs] 11778K->5124K(23808K), 0.0002940 secs] [Times: user=0.00 sys=0.00, real=0.00 secs] 
222.977: Total time for which application threads were stopped: 0.0003790 seconds, Stopping threads took: 0.0000370 seconds
223.012: Application time: 0.0342840 seconds
223.012: [GC223.012: [ParNew: 7056K->392K(7424K), 0.0002970 secs] 11780K->5116K(23808K), 0.0003220 secs] [Times: user=0.00 sys=0.00, real=0.00 secs] 
223.012: Total time for which application threads were stopped: 0.0004190 seconds, Stopping threads took: 0.0000480 seconds
223.046: Application time: 0.0343720 seconds
223.047: [GC223.047: [ParNew: 7048K->372K(7424K), 0.0002850 secs] 11772K->5159K(23808K), 0.0003020 secs] [Times: user=0.00 sys=0.00, real=0.00 secs] 
223.047: Total time for which application threads were stopped: 0.0003900 seconds, Stopping threads took: 0.0000390 seconds
223.081: Application time: 0.0343780 seconds
223.081: [GC223.081: [ParNew: 7028K->375K(7424K), 0.0002490 secs] 11815K->5162K(23808K), 0.0002660 secs] [Times: user=0.00 sys=0.00, real=0.00 secs] 
223.082: Total time for which application threads were stopped: 0.0003610 seconds, Stopping threads took: 0.0000460 seconds
223.116: Application time: 0.0341820 seconds
223.116: [GC223.116: [ParNew: 7031K->367K(7424K), 0.0003480 secs] 11818K->5154K(23808K), 0.0003660 secs] [Times: user=0.00 sys=0.00, real=0.00 secs] 
223.116: Total time for which application threads were stopped: 0.0004740 seconds, Stopping threads took: 0.0000450 seconds
223.150: Application time: 0.0340410 seconds
223.150: [GC223.150: [ParNew: 7023K->370K(7424K), 0.0003340 secs] 11810K->5157K(23808K), 0.0003530 secs] [Times: user=0.00 sys=0.00, real=0.00 secs] 
223.151: Total time for which application threads were stopped: 0.0004480 seconds, Stopping threads took: 0.0000460 seconds
223.185: Application time: 0.0343000 seconds
223.185: [GC223.185: [ParNew: 7026K->367K(7424K), 0.0002660 secs] 11813K->5154K(23808K), 0.0002840 secs] [Times: user=0.00 sys=0.00, real=0.00 secs] 
223.185: Total time for which application threads were stopped: 0.0003710 seconds, Stopping threads took: 0.0000380 seconds
223.220: Application time: 0.0342880 seconds
223.220: [GC223.220: [ParNew: 7023K->305K(7424K), 0.0003290 secs] 11810K->5173K(23808K), 0.0003460 secs] [Times: user=0.00 sys=0.00, real=0.00 secs] 
223.220: Total time for which application threads were stopped: 0.0004460 seconds, Stopping threads took: 0.0000500 seconds
223.255: Application time: 0.0346180 seconds
223.255: [GC223.255: [ParNew: 6961K->278K(7424K), 0.0002690 secs] 11829K->5217K(23808K), 0.0002860 secs] [Times: user=0.00 sys=0.00, real=0.00 secs] 
223.255: Total time for which application threads were stopped: 0.0003700 seconds, Stopping threads took: 0.0000350 seconds
223.289: Application time: 0.0342330 seconds
223.289: [GC223.289: [ParNew: 6934K->195K(7424K), 0.0002720 secs] 11873K->5255K(23808K), 0.0002900 secs] [Times: user=0.00 sys=0.00, real=0.00 secs] 
223.290: Total time for which application threads were stopped: 0.0003850 seconds, Stopping threads took: 0.0000460 seconds
223.325: Application time: 0.0347890 seconds
223.325: [GC223.325: [ParNew: 6851K->160K(7424K), 0.0002950 secs] 11911K->5284K(23808K), 0.0003220 secs] [Times: user=0.01 sys=0.00, real=0.00 secs] 
223.325: Total time for which application threads were stopped: 0.0004630 seconds, Stopping threads took: 0.0000760 seconds
223.359: Application time: 0.0343310 seconds
223.359: [GC223.359: [ParNew: 6816K->166K(7424K), 0.0003040 secs] 11940K->5290K(23808K), 0.0003200 secs] [Times: user=0.00 sys=0.00, real=0.00 secs] 
223.360: Total time for which application threads were stopped: 0.0004120 seconds, Stopping threads took: 0.0000410 seconds
223.394: Application time: 0.0339590 seconds
223.394: [GC223.394: [ParNew: 6822K->194K(7424K), 0.0002420 secs] 11946K->5318K(23808K), 0.0002610 secs] [Times: user=0.00 sys=0.00, real=0.01 secs] 
223.394: Total time for which application threads were stopped: 0.0003580 seconds, Stopping threads took: 0.0000510 seconds
223.428: Application time: 0.0338010 seconds
223.428: [GC223.428: [ParNew: 6850K->209K(7424K), 0.0002300 secs] 11974K->5333K(23808K), 0.0002490 secs] [Times: user=0.00 sys=0.00, real=0.00 secs] 
223.428: Total time for which application threads were stopped: 0.0003490 seconds, Stopping threads took: 0.0000500 seconds
223.462: Application time: 0.0337510 seconds
223.462: [GC223.462: [ParNew: 6865K->273K(7424K), 0.0002560 secs] 11989K->5397K(23808K), 0.0002800 secs] [Times: user=0.00 sys=0.00, real=0.00 secs] 
223.462: Total time for which application threads were stopped: 0.0003680 seconds, Stopping threads took: 0.0000390 seconds
223.496: Application time: 0.0337610 seconds
223.496: [GC223.496: [ParNew: 6921K->296K(7424K), 0.0002580 secs] 12045K->5420K(23808K), 0.0002750 secs] [Times: user=0.00 sys=0.00, real=0.00 secs] 
223.497: Total time for which application threads were stopped: 0.0003630 seconds, Stopping threads took: 0.0000430 seconds
223.529: Application time: 0.0328560 seconds
223.529: [GC223.529: [ParNew: 6952K->365K(7424K), 0.0002780 secs] 12076K->5488K(23808K), 0.0002950 secs] [Times: user=0.00 sys=0.00, real=0.00 secs] 
223.530: Total time for which application threads were stopped: 0.0003860 seconds, Stopping threads took: 0.0000420 seconds
223.564: Application time: 0.0340250 seconds
223.564: [GC223.564: [ParNew: 7021K->399K(7424K), 0.0003110 secs] 12144K->5523K(23808K), 0.0003280 secs] [Times: user=0.00 sys=0.00, real=0.00 secs] 
223.564: Total time for which application threads were stopped: 0.0004170 seconds, Stopping threads took: 0.0000400 seconds
223.599: Application time: 0.0344690 seconds
223.599: [GC223.599: [ParNew: 7055K->398K(7424K), 0.0002890 secs] 12179K->5521K(23808K), 0.0003090 secs] [Times: user=0.00 sys=0.00, real=0.00 secs] 
223.599: Total time for which application threads were stopped: 0.0004000 seconds, Stopping threads took: 0.0000420 seconds
223.633: Application time: 0.0343910 seconds
223.634: [GC223.634: [ParNew: 7054K->392K(7424K), 0.0002860 secs] 12177K->5516K(23808K), 0.0003020 secs] [Times: user=0.01 sys=0.00, real=0.00 secs] 
223.634: Total time for which application threads were stopped: 0.0004040 seconds, Stopping threads took: 0.0000460 seconds
223.668: Application time: 0.0341390 seconds
223.670: [GC223.670: [ParNew: 7048K->388K(7424K), 0.0002740 secs] 12172K->5512K(23808K), 0.0002920 secs] [Times: user=0.00 sys=0.00, real=0.00 secs] 
223.670: Total time for which application threads were stopped: 0.0024250 seconds, Stopping threads took: 0.0020800 seconds
223.705: Application time: 0.0345980 seconds
223.705: [GC223.705: [ParNew: 7044K->392K(7424K), 0.0003100 secs] 12168K->5516K(23808K), 0.0003290 secs] [Times: user=0.01 sys=0.00, real=0.00 secs] 
223.705: Total time for which application threads were stopped: 0.0004460 seconds, Stopping threads took: 0.0000680 seconds
223.740: Application time: 0.0343020 seconds
223.740: [GC223.740: [ParNew: 7048K->393K(7424K), 0.0002830 secs] 12172K->5517K(23808K), 0.0003010 secs] [Times: user=0.00 sys=0.00, real=0.00 secs] 
223.740: Total time for which application threads were stopped: 0.0004060 seconds, Stopping threads took: 0.0000540 seconds
223.776: Application time: 0.0353490 seconds
223.777: [GC223.777: [ParNew: 7049K->400K(7424K), 0.0003190 secs] 12173K->5524K(23808K), 0.0003410 secs] [Times: user=0.00 sys=0.00, real=0.00 secs] 
223.777: Total time for which application threads were stopped: 0.0016010 seconds, Stopping threads took: 0.0011990 seconds
223.811: Application time: 0.0341960 seconds
223.811: [GC223.811: [ParNew: 7056K->397K(7424K), 0.0002920 secs] 12180K->5521K(23808K), 0.0003110 secs] [Times: user=0.00 sys=0.00, real=0.00 secs] 
223.812: Total time for which application threads were stopped: 0.0004070 seconds, Stopping threads took: 0.0000440 seconds
223.846: Application time: 0.0343500 seconds
223.846: [GC223.846: [ParNew: 7053K->399K(7424K), 0.0002900 secs] 12177K->5522K(23808K), 0.0003070 secs] [Times: user=0.00 sys=0.00, real=0.00 secs] 
223.846: Total time for which application threads were stopped: 0.0003960 seconds, Stopping threads took: 0.0000410 seconds
223.881: Application time: 0.0341600 seconds
223.881: [GC223.881: [ParNew: 7055K->405K(7424K), 0.0003010 secs] 12178K->5529K(23808K), 0.0003210 secs] [Times: user=0.00 sys=0.00, real=0.00 secs] 
223.881: Total time for which application threads were stopped: 0.0004190 seconds, Stopping threads took: 0.0000430 seconds
223.915: Application time: 0.0340220 seconds
223.915: [GC223.915: [ParNew: 7061K->367K(7424K), 0.0002580 secs] 12185K->5539K(23808K), 0.0002760 secs] [Times: user=0.00 sys=0.00, real=0.00 secs] 
223.915: Total time for which application threads were stopped: 0.0003750 seconds, Stopping threads took: 0.0000490 seconds
223.950: Application time: 0.0344830 seconds
223.950: [GC223.950: [ParNew: 7023K->339K(7424K), 0.0002940 secs] 12195K->5583K(23808K), 0.0003110 secs] [Times: user=0.00 sys=0.00, real=0.00 secs] 
223.950: Total time for which application threads were stopped: 0.0004170 seconds, Stopping threads took: 0.0000540 seconds
223.985: Application time: 0.0343690 seconds
223.985: [GC223.985: [ParNew: 6995K->280K(7424K), 0.0002460 secs] 12239K->5611K(23808K), 0.0002640 secs] [Times: user=0.00 sys=0.00, real=0.00 secs] 
223.985: Total time for which application threads were stopped: 0.0003560 seconds, Stopping threads took: 0.0000440 seconds
224.020: Application time: 0.0347120 seconds
224.020: [GC224.020: [ParNew: 6936K->253K(7424K), 0.0002620 secs] 12267K->5641K(23808K), 0.0002780 secs] [Times: user=0.00 sys=0.00, real=0.00 secs] 
224.020: Total time for which application threads were stopped: 0.0003660 seconds, Stopping threads took: 0.0000400 seconds
224.054: Application time: 0.0340740 seconds
224.054: [GC224.054: [ParNew: 6909K->192K(7424K), 0.0002510 secs] 12297K->5684K(23808K), 0.0002690 secs] [Times: user=0.01 sys=0.00, real=0.00 secs] 
224.055: Total time for which application threads were stopped: 0.0003640 seconds, Stopping threads took: 0.0000460 seconds
224.089: Application time: 0.0344300 seconds
224.089: [GC224.089: [ParNew: 6848K->164K(7424K), 0.0002400 secs] 12340K->5704K(23808K), 0.0002570 secs] [Times: user=0.00 sys=0.00, real=0.00 secs] 
224.089: Total time for which application threads were stopped: 0.0003390 seconds, Stopping threads took: 0.0000350 seconds
224.123: Application time: 0.0339170 seconds
224.123: [GC224.123: [ParNew: 6820K->196K(7424K), 0.0002500 secs] 12360K->5736K(23808K), 0.0002680 secs] [Times: user=0.00 sys=0.00, real=0.00 secs] 
224.124: Total time for which application threads were stopped: 0.0003620 seconds, Stopping threads took: 0.0000450 seconds
224.158: Application time: 0.0345830 seconds
224.158: [GC224.158: [ParNew: 6852K->178K(7424K), 0.0002990 secs] 12392K->5718K(23808K), 0.0003160 secs] [Times: user=0.01 sys=0.00, real=0.00 secs] 
224.159: Total time for which application threads were stopped: 0.0004140 seconds, Stopping threads took: 0.0000430 seconds
224.191: Application time: 0.0320420 seconds
224.191: [GC224.191: [ParNew: 6834K->319K(7424K), 0.0002640 secs] 12374K->5859K(23808K), 0.0002800 secs] [Times: user=0.00 sys=0.00, real=0.00 secs] 
224.191: Total time for which application threads were stopped: 0.0003700 seconds, Stopping threads took: 0.0000420 seconds
224.226: Application time: 0.0347010 seconds
224.226: [GC224.226: [ParNew: 6975K->302K(7424K), 0.0003270 secs] 12515K->5842K(23808K), 0.0003440 secs] [Times: user=0.00 sys=0.00, real=0.00 secs] 
224.226: Total time for which application threads were stopped: 0.0004330 seconds, Stopping threads took: 0.0000410 seconds
224.259: Application time: 0.0330200 seconds
224.259: [GC224.259: [ParNew: 6958K->363K(7424K), 0.0003580 secs] 12498K->5903K(23808K), 0.0003760 secs] [Times: user=0.00 sys=0.00, real=0.00 secs] 
224.260: Total time for which application threads were stopped: 0.0004730 seconds, Stopping threads took: 0.0000450 seconds
224.294: Application time: 0.0340870 seconds
224.294: [GC224.294: [ParNew: 7019K->399K(7424K), 0.0003020 secs] 12559K->5939K(23808K), 0.0003190 secs] [Times: user=0.01 sys=0.00, real=0.01 secs] 
224.294: Total time for which application threads were stopped: 0.0004200 seconds, Stopping threads took: 0.0000520 seconds
224.329: Application time: 0.0348480 seconds
224.329: [GC224.329: [ParNew: 7055K->390K(7424K), 0.0003500 secs] 12595K->5930K(23808K), 0.0003720 secs] [Times: user=0.00 sys=0.00, real=0.00 secs] 
224.330: Total time for which application threads were stopped: 0.0005000 seconds, Stopping threads took: 0.0000590 seconds
224.364: Application time: 0.0340530 seconds
224.364: [GC224.364: [ParNew: 7046K->396K(7424K), 0.0002900 secs] 12586K->5936K(23808K), 0.0003090 secs] [Times: user=0.00 sys=0.00, real=0.00 secs] 
224.364: Total time for which application threads were stopped: 0.0004040 seconds, Stopping threads took: 0.0000440 seconds
224.399: Application time: 0.0353540 seconds
224.399: [GC224.399: [ParNew: 7052K->354K(7424K), 0.0002820 secs] 12592K->5966K(23808K), 0.0002980 secs] [Times: user=0.00 sys=0.00, real=0.00 secs] 
224.400: Total time for which application threads were stopped: 0.0003870 seconds, Stopping threads took: 0.0000410 seconds
224.434: Application time: 0.0342960 seconds
224.434: [GC224.434: [ParNew: 7010K->349K(7424K), 0.0002690 secs] 12622K->5961K(23808K), 0.0002870 secs] [Times: user=0.00 sys=0.00, real=0.00 secs] 
224.434: Total time for which application threads were stopped: 0.0003810 seconds, Stopping threads took: 0.0000460 seconds
224.469: Application time: 0.0342030 seconds
224.469: [GC224.469: [ParNew: 7005K->348K(7424K), 0.0002600 secs] 12617K->5960K(23808K), 0.0002770 secs] [Times: user=0.00 sys=0.00, real=0.00 secs] 
224.469: Total time for which application threads were stopped: 0.0003630 seconds, Stopping threads took: 0.0000360 seconds
224.504: Application time: 0.0346610 seconds
224.504: [GC224.504: [ParNew: 7004K->365K(7424K), 0.0003270 secs] 12616K->5977K(23808K), 0.0003440 secs] [Times: user=0.00 sys=0.00, real=0.00 secs] 
224.504: Total time for which application threads were stopped: 0.0004330 seconds, Stopping threads took: 0.0000400 seconds
224.538: Application time: 0.0342840 seconds
224.538: [GC224.538: [ParNew: 7021K->355K(7424K), 0.0003290 secs] 12633K->5967K(23808K), 0.0003470 secs] [Times: user=0.00 sys=0.00, real=0.00 secs] 
224.539: Total time for which application threads were stopped: 0.0004380 seconds, Stopping threads took: 0.0000420 seconds
224.573: Application time: 0.0340710 seconds
224.573: [GC224.573: [ParNew: 7011K->360K(7424K), 0.0003050 secs] 12623K->5972K(23808K), 0.0003220 secs] [Times: user=0.00 sys=0.00, real=0.00 secs] 
224.573: Total time for which application threads were stopped: 0.0004140 seconds, Stopping threads took: 0.0000430 seconds
224.607: Application time: 0.0340110 seconds
224.607: [GC224.607: [ParNew: 7016K->361K(7424K), 0.0002750 secs] 12628K->5973K(23808K), 0.0002940 secs] [Times: user=0.01 sys=0.00, real=0.00 secs] 
224.608: Total time for which application threads were stopped: 0.0004040 seconds, Stopping threads took: 0.0000600 seconds
224.642: Application time: 0.0346230 seconds
224.642: [GC224.642: [ParNew: 7017K->367K(7424K), 0.0002520 secs] 12629K->5979K(23808K), 0.0002680 secs] [Times: user=0.01 sys=0.00, real=0.00 secs] 
224.643: Total time for which application threads were stopped: 0.0003590 seconds, Stopping threads took: 0.0000440 seconds
224.677: Application time: 0.0345130 seconds
224.677: [GC224.677: [ParNew: 7023K->361K(7424K), 0.0003240 secs] 12635K->5973K(23808K), 0.0003410 secs] [Times: user=0.00 sys=0.00, real=0.00 secs] 
224.678: Total time for which application threads were stopped: 0.0004370 seconds, Stopping threads took: 0.0000380 seconds
224.712: Application time: 0.0340930 seconds
224.712: [GC224.712: [ParNew: 7017K->250K(7424K), 0.0003320 secs] 12629K->6030K(23808K), 0.0003500 secs] [Times: user=0.00 sys=0.00, real=0.00 secs] 
224.712: Total time for which application threads were stopped: 0.0004390 seconds, Stopping threads took: 0.0000400 seconds
224.747: Application time: 0.0345890 seconds
224.747: [GC224.747: [ParNew: 6906K->256K(7424K), 0.0002620 secs] 12686K->6036K(23808K), 0.0002800 secs] [Times: user=0.01 sys=0.00, real=0.00 secs] 
224.747: Total time for which application threads were stopped: 0.0003660 seconds, Stopping threads took: 0.0000350 seconds
224.782: Application time: 0.0347750 seconds
224.782: [GC224.782: [ParNew: 6912K->179K(7424K), 0.0003220 secs] 12692K->6056K(23808K), 0.0003480 secs] [Times: user=0.00 sys=0.00, real=0.00 secs] 
224.782: Total time for which application threads were stopped: 0.0004430 seconds, Stopping threads took: 0.0000450 seconds
224.817: Application time: 0.0341160 seconds
224.817: [GC224.817: [ParNew: 6835K->160K(7424K), 0.0002190 secs] 12712K->6092K(23808K), 0.0002360 secs] [Times: user=0.01 sys=0.00, real=0.00 secs] 
224.817: Total time for which application threads were stopped: 0.0003230 seconds, Stopping threads took: 0.0000380 seconds
224.851: Application time: 0.0340740 seconds
224.851: [GC224.851: [ParNew: 6816K->199K(7424K), 0.0002520 secs] 12748K->6131K(23808K), 0.0002700 secs] [Times: user=0.00 sys=0.00, real=0.00 secs] 
224.851: Total time for which application threads were stopped: 0.0003710 seconds, Stopping threads took: 0.0000510 seconds
224.886: Application time: 0.0349020 seconds
224.886: [GC224.886: [ParNew: 6855K->192K(7424K), 0.0002400 secs] 12787K->6124K(23808K), 0.0002570 secs] [Times: user=0.01 sys=0.00, real=0.00 secs] 
224.887: Total time for which application threads were stopped: 0.0003410 seconds, Stopping threads took: 0.0000360 seconds
224.919: Application time: 0.0327310 seconds
224.919: [GC224.919: [ParNew: 6848K->252K(7424K), 0.0002290 secs] 12780K->6184K(23808K), 0.0002460 secs] [Times: user=0.00 sys=0.00, real=0.00 secs] 
224.920: Total time for which application threads were stopped: 0.0003390 seconds, Stopping threads took: 0.0000450 seconds
224.954: Application time: 0.0340910 seconds
224.954: [GC224.954: [ParNew: 6908K->302K(7424K), 0.0002660 secs] 12840K->6235K(23808K), 0.0002840 secs] [Times: user=0.00 sys=0.00, real=0.01 secs] 
224.954: Total time for which application threads were stopped: 0.0003740 seconds, Stopping threads took: 0.0000420 seconds
224.988: Application time: 0.0339460 seconds
224.990: [GC224.990: [ParNew: 6958K->330K(7424K), 0.0003000 secs] 12891K->6262K(23808K), 0.0003200 secs] [Times: user=0.00 sys=0.00, real=0.00 secs] 
224.990: Total time for which application threads were stopped: 0.0024120 seconds, Stopping threads took: 0.0020400 seconds
225.024: Application time: 0.0338340 seconds
225.024: [GC225.024: [ParNew: 6986K->390K(7424K), 0.0002780 secs] 12918K->6322K(23808K), 0.0002960 secs] [Times: user=0.00 sys=0.00, real=0.00 secs] 
225.025: Total time for which application threads were stopped: 0.0003960 seconds, Stopping threads took: 0.0000490 seconds
225.059: Application time: 0.0340510 seconds
225.059: [GC225.059: [ParNew: 7046K->385K(7424K), 0.0002840 secs] 12978K->6317K(23808K), 0.0003020 secs] [Times: user=0.00 sys=0.00, real=0.00 secs] 
225.059: Total time for which application threads were stopped: 0.0003870 seconds, Stopping threads took: 0.0000360 seconds
225.094: Application time: 0.0350720 seconds
225.094: [GC225.094: [ParNew: 7041K->399K(7424K), 0.0002740 secs] 12973K->6331K(23808K), 0.0002910 secs] [Times: user=0.00 sys=0.00, real=0.00 secs] 
225.095: Total time for which application threads were stopped: 0.0003840 seconds, Stopping threads took: 0.0000440 seconds
225.129: Application time: 0.0341090 seconds
225.129: [GC225.129: [ParNew: 7055K->392K(7424K), 0.0002600 secs] 12987K->6325K(23808K), 0.0002770 secs] [Times: user=0.00 sys=0.00, real=0.00 secs] 
225.129: Total time for which application threads were stopped: 0.0003650 seconds, Stopping threads took: 0.0000400 seconds
225.164: Application time: 0.0347720 seconds
225.164: [GC225.164: [ParNew: 7048K->398K(7424K), 0.0003470 secs] 12981K->6330K(23808K), 0.0003650 secs] [Times: user=0.00 sys=0.00, real=0.00 secs] 
225.164: Total time for which application threads were stopped: 0.0004550 seconds, Stopping threads took: 0.0000420 seconds
225.199: Application time: 0.0343440 seconds
225.199: [GC225.199: [ParNew: 7054K->368K(7424K), 0.0002890 secs] 12986K->6356K(23808K), 0.0003070 secs] [Times: user=0.00 sys=0.00, real=0.00 secs] 
225.199: Total time for which application threads were stopped: 0.0004230 seconds, Stopping threads took: 0.0000600 seconds
225.233: Application time: 0.0340990 seconds
225.233: [GC225.233: [ParNew: 7024K->364K(7424K), 0.0002830 secs] 13012K->6352K(23808K), 0.0003080 secs] [Times: user=0.00 sys=0.00, real=0.00 secs] 
225.234: Total time for which application threads were stopped: 0.0004120 seconds, Stopping threads took: 0.0000570 seconds
225.268: Application time: 0.0343490 seconds
225.268: [GC225.268: [ParNew: 7020K->374K(7424K), 0.0002710 secs] 13008K->6362K(23808K), 0.0002900 secs] [Times: user=0.00 sys=0.00, real=0.00 secs] 
225.268: Total time for which application threads were stopped: 0.0003900 seconds, Stopping threads took: 0.0000510 seconds
225.303: Application time: 0.0351740 seconds
225.304: [GC225.304: [ParNew: 7030K->366K(7424K), 0.0003380 secs] 13018K->6354K(23808K), 0.0003600 secs] [Times: user=0.00 sys=0.00, real=0.00 secs] 
225.304: Total time for which application threads were stopped: 0.0004700 seconds, Stopping threads took: 0.0000510 seconds
225.339: Application time: 0.0346680 seconds
225.339: [GC225.339: [ParNew: 7022K->373K(7424K), 0.0003420 secs] 13010K->6361K(23808K), 0.0003640 secs] [Times: user=0.00 sys=0.00, real=0.00 secs] 
225.339: Total time for which application threads were stopped: 0.0004930 seconds, Stopping threads took: 0.0000670 seconds
225.373: Application time: 0.0342540 seconds
225.373: [GC225.373: [ParNew: 7029K->370K(7424K), 0.0002990 secs] 13017K->6359K(23808K), 0.0003170 secs] [Times: user=0.00 sys=0.00, real=0.00 secs] 
225.374: Total time for which application threads were stopped: 0.0004320 seconds, Stopping threads took: 0.0000660 seconds
225.408: Application time: 0.0342650 seconds
225.408: [GC225.408: [ParNew: 7026K->367K(7424K), 0.0002830 secs] 13015K->6356K(23808K), 0.0003030 secs] [Times: user=0.00 sys=0.00, real=0.00 secs] 
225.408: Total time for which application threads were stopped: 0.0003970 seconds, Stopping threads took: 0.0000420 seconds
225.443: Application time: 0.0343820 seconds
225.446: [GC225.446: [ParNew: 7023K->286K(7424K), 0.0003220 secs] 13012K->6398K(23808K), 0.0003400 secs] [Times: user=0.00 sys=0.00, real=0.00 secs] 
225.446: Total time for which application threads were stopped: 0.0036110 seconds, Stopping threads took: 0.0032190 seconds
225.481: Application time: 0.0343300 seconds
225.481: [GC225.481: [ParNew: 6942K->250K(7424K), 0.0002370 secs] 13054K->6418K(23808K), 0.0002540 secs] [Times: user=0.00 sys=0.00, real=0.00 secs] 
225.481: Total time for which application threads were stopped: 0.0003470 seconds, Stopping threads took: 0.0000460 seconds
225.516: Application time: 0.0344650 seconds
225.516: [GC225.516: [ParNew: 6906K->219K(7424K), 0.0002640 secs] 13074K->6444K(23808K), 0.0002820 secs] [Times: user=0.01 sys=0.00, real=0.00 secs] 
225.516: Total time for which application threads were stopped: 0.0003750 seconds, Stopping threads took: 0.0000470 seconds
225.550: Application time: 0.0342740 seconds
225.550: [GC225.550: [ParNew: 6875K->167K(7424K), 0.0002340 secs] 13100K->6479K(23808K), 0.0002520 secs] [Times: user=0.00 sys=0.00, real=0.00 secs] 
225.551: Total time for which application threads were stopped: 0.0003440 seconds, Stopping threads took: 0.0000440 seconds
225.584: Application time: 0.0336160 seconds
225.584: [GC225.584: [ParNew: 6823K->205K(7424K), 0.0002390 secs] 13135K->6518K(23808K), 0.0002570 secs] [Times: user=0.00 sys=0.00, real=0.00 secs] 
225.585: Total time for which application threads were stopped: 0.0003530 seconds, Stopping threads took: 0.0000490 seconds
225.619: Application time: 0.0346540 seconds
225.619: [GC225.619: [ParNew: 6861K->186K(7424K), 0.0002350 secs] 13174K->6499K(23808K), 0.0002520 secs] [Times: user=0.01 sys=0.00, real=0.00 secs] 
225.620: Total time for which application threads were stopped: 0.0003420 seconds, Stopping threads took: 0.0000420 seconds
225.653: Application time: 0.0332850 seconds
225.653: [GC225.653: [ParNew: 6842K->251K(7424K), 0.0002450 secs] 13155K->6564K(23808K), 0.0002630 secs] [Times: user=0.00 sys=0.00, real=0.00 secs] 
225.653: Total time for which application threads were stopped: 0.0003610 seconds, Stopping threads took: 0.0000480 seconds
225.687: Application time: 0.0334090 seconds
225.687: [GC225.687: [ParNew: 6907K->308K(7424K), 0.0003500 secs] 13220K->6620K(23808K), 0.0003750 secs] [Times: user=0.00 sys=0.00, real=0.00 secs] 
225.687: Total time for which application threads were stopped: 0.0004770 seconds, Stopping threads took: 0.0000540 seconds
225.721: Application time: 0.0340420 seconds
225.721: [GC225.721: [ParNew: 6958K->298K(7424K), 0.0002690 secs] 13271K->6611K(23808K), 0.0002860 secs] [Times: user=0.00 sys=0.00, real=0.00 secs] 
225.722: Total time for which application threads were stopped: 0.0003900 seconds, Stopping threads took: 0.0000460 seconds
225.755: Application time: 0.0337090 seconds
225.755: [GC225.755: [ParNew: 6954K->363K(7424K), 0.0002630 secs] 13267K->6676K(23808K), 0.0002810 secs] [Times: user=0.00 sys=0.00, real=0.00 secs] 
225.756: Total time for which application threads were stopped: 0.0003740 seconds, Stopping threads took: 0.0000430 seconds
225.790: Application time: 0.0342730 seconds
225.790: [GC225.790: [ParNew: 7019K->394K(7424K), 0.0002930 secs] 13332K->6706K(23808K), 0.0003110 secs] [Times: user=0.00 sys=0.00, real=0.00 secs] 
225.790: Total time for which application threads were stopped: 0.0004040 seconds, Stopping threads took: 0.0000430 seconds
225.825: Application time: 0.0342810 seconds
225.825: [GC225.825: [ParNew: 7050K->393K(7424K), 0.0002970 secs] 13362K->6706K(23808K), 0.0003140 secs] [Times: user=0.00 sys=0.00, real=0.00 secs] 
225.825: Total time for which application threads were stopped: 0.0004300 seconds, Stopping threads took: 0.0000700 seconds
225.860: Application time: 0.0345070 seconds
225.860: [GC225.860: [ParNew: 7049K->392K(7424K), 0.0002860 secs] 13362K->6705K(23808K), 0.0003040 secs] [Times: user=0.00 sys=0.00, real=0.00 secs] 
225.860: Total time for which application threads were stopped: 0.0004030 seconds, Stopping threads took: 0.0000500 seconds
225.894: Application time: 0.0343260 seconds
225.898: [GC225.898: [ParNew: 7048K->396K(7424K), 0.0003290 secs] 13361K->6709K(23808K), 0.0003470 secs] [Times: user=0.00 sys=0.00, real=0.00 secs] 
225.898: Total time for which application threads were stopped: 0.0042060 seconds, Stopping threads took: 0.0038070 seconds
225.933: Application time: 0.0344450 seconds
225.934: [GC225.934: [ParNew: 7052K->376K(7424K), 0.0003350 secs] 13365K->6689K(23808K), 0.0003530 secs] [Times: user=0.00 sys=0.00, real=0.01 secs] 
225.934: Total time for which application threads were stopped: 0.0014720 seconds, Stopping threads took: 0.0010680 seconds
225.969: Application time: 0.0341340 seconds
225.969: [GC225.969: [ParNew: 7032K->393K(7424K), 0.0003230 secs] 13345K->6705K(23808K), 0.0003380 secs] [Times: user=0.00 sys=0.00, real=0.00 secs] 
225.969: Total time for which application threads were stopped: 0.0004500 seconds, Stopping threads took: 0.0000650 seconds
226.003: Application time: 0.0343730 seconds
226.003: [GC226.003: [ParNew: 7049K->401K(7424K), 0.0002960 secs] 13361K->6714K(23808K), 0.0003170 secs] [Times: user=0.01 sys=0.00, real=0.00 secs] 
226.004: Total time for which application threads were stopped: 0.0004440 seconds, Stopping threads took: 0.0000760 seconds
226.038: Application time: 0.0343930 seconds
226.038: [GC226.038: [ParNew: 7057K->393K(7424K), 0.0003320 secs] 13370K->6705K(23808K), 0.0003490 secs] [Times: user=0.00 sys=0.00, real=0.00 secs] 
226.039: Total time for which application threads were stopped: 0.0004430 seconds, Stopping threads took: 0.0000450 seconds
226.073: Application time: 0.0340710 seconds
226.073: [GC226.073: [ParNew: 7049K->397K(7424K), 0.0002780 secs] 13361K->6710K(23808K), 0.0002960 secs] [Times: user=0.01 sys=0.00, real=0.00 secs] 
226.073: Total time for which application threads were stopped: 0.0003890 seconds, Stopping threads took: 0.0000430 seconds
226.107: Application time: 0.0340100 seconds
226.107: [GC226.107: [ParNew: 7053K->374K(7424K), 0.0002920 secs] 13366K->6743K(23808K), 0.0003080 secs] [Times: user=0.00 sys=0.00, real=0.00 secs] 
226.108: Total time for which application threads were stopped: 0.0004030 seconds, Stopping threads took: 0.0000480 seconds
226.142: Application time: 0.0345270 seconds
226.142: [GC226.142: [ParNew: 7030K->376K(7424K), 0.0002620 secs] 13399K->6745K(23808K), 0.0002880 secs] [Times: user=0.01 sys=0.00, real=0.00 secs] 
226.142: Total time for which application threads were stopped: 0.0003810 seconds, Stopping threads took: 0.0000430 seconds
226.177: Application time: 0.0344430 seconds
226.177: [GC226.177: [ParNew: 7032K->302K(7424K), 0.0002810 secs] 13401K->6751K(23808K), 0.0002990 secs] [Times: user=0.00 sys=0.00, real=0.00 secs] 
226.177: Total time for which application threads were stopped: 0.0003930 seconds, Stopping threads took: 0.0000450 seconds
226.212: Application time: 0.0342530 seconds
226.214: [GC226.214: [ParNew: 6958K->254K(7424K), 0.0002440 secs] 13407K->6799K(23808K), 0.0002630 secs] [Times: user=0.00 sys=0.00, real=0.00 secs] 
226.214: Total time for which application threads were stopped: 0.0028800 seconds, Stopping threads took: 0.0025670 seconds
226.249: Application time: 0.0342680 seconds
226.249: [GC226.249: [ParNew: 6903K->246K(7424K), 0.0002550 secs] 13448K->6830K(23808K), 0.0002730 secs] [Times: user=0.01 sys=0.00, real=0.00 secs] 
226.249: Total time for which application threads were stopped: 0.0003710 seconds, Stopping threads took: 0.0000400 seconds
226.283: Application time: 0.0344360 seconds
226.284: [GC226.284: [ParNew: 6902K->200K(7424K), 0.0002450 secs] 13486K->6864K(23808K), 0.0002610 secs] [Times: user=0.00 sys=0.00, real=0.00 secs] 
226.284: Total time for which application threads were stopped: 0.0003540 seconds, Stopping threads took: 0.0000480 seconds
226.318: Application time: 0.0341240 seconds
226.318: [GC226.318: [ParNew: 6856K->198K(7424K), 0.0002780 secs] 13520K->6919K(23808K), 0.0003010 secs] [Times: user=0.01 sys=0.00, real=0.00 secs] 
226.318: Total time for which application threads were stopped: 0.0004240 seconds, Stopping threads took: 0.0000520 seconds
226.353: Application time: 0.0343930 seconds
226.353: [GC226.353: [ParNew: 6854K->196K(7424K), 0.0003130 secs] 13575K->6917K(23808K), 0.0003310 secs] [Times: user=0.00 sys=0.00, real=0.00 secs] 
226.353: Total time for which application threads were stopped: 0.0004270 seconds, Stopping threads took: 0.0000480 seconds
226.386: Application time: 0.0331050 seconds
226.386: [GC226.386: [ParNew: 6852K->256K(7424K), 0.0002210 secs] 13573K->6977K(23808K), 0.0002430 secs] [Times: user=0.00 sys=0.00, real=0.00 secs] 
226.387: Total time for which application threads were stopped: 0.0003390 seconds, Stopping threads took: 0.0000460 seconds
226.420: Application time: 0.0334390 seconds
226.420: [GC226.420: [ParNew: 6912K->311K(7424K), 0.0002740 secs] 13633K->7032K(23808K), 0.0002920 secs] [Times: user=0.00 sys=0.00, real=0.00 secs] 
226.420: Total time for which application threads were stopped: 0.0003730 seconds, Stopping threads took: 0.0000320 seconds
226.455: Application time: 0.0342400 seconds
226.455: [GC226.455: [ParNew: 6967K->318K(7424K), 0.0002570 secs] 13688K->7039K(23808K), 0.0002750 secs] [Times: user=0.00 sys=0.00, real=0.00 secs] 
226.455: Total time for which application threads were stopped: 0.0003690 seconds, Stopping threads took: 0.0000440 seconds
226.489: Application time: 0.0334540 seconds
226.489: [GC226.489: [ParNew: 6974K->373K(7424K), 0.0002900 secs] 13695K->7093K(23808K), 0.0003090 secs] [Times: user=0.00 sys=0.00, real=0.00 secs] 
226.489: Total time for which application threads were stopped: 0.0004050 seconds, Stopping threads took: 0.0000460 seconds
226.523: Application time: 0.0339100 seconds
226.523: [GC226.523: [ParNew: 7029K->389K(7424K), 0.0003620 secs] 13749K->7109K(23808K), 0.0003780 secs] [Times: user=0.00 sys=0.00, real=0.00 secs] 
226.523: Total time for which application threads were stopped: 0.0004770 seconds, Stopping threads took: 0.0000510 seconds
226.558: Application time: 0.0344180 seconds
226.558: [GC226.558: [ParNew: 7045K->395K(7424K), 0.0002690 secs] 13765K->7116K(23808K), 0.0002870 secs] [Times: user=0.00 sys=0.00, real=0.00 secs] 
226.558: Total time for which application threads were stopped: 0.0003840 seconds, Stopping threads took: 0.0000390 seconds
226.592: Application time: 0.0342760 seconds
226.592: [GC226.592: [ParNew: 7051K->400K(7424K), 0.0002990 secs] 13772K->7121K(23808K), 0.0003150 secs] [Times: user=0.01 sys=0.00, real=0.00 secs] 
226.593: Total time for which application threads were stopped: 0.0004060 seconds, Stopping threads took: 0.0000410 seconds
226.627: Application time: 0.0343740 seconds
226.627: [GC226.627: [ParNew: 7056K->397K(7424K), 0.0002800 secs] 13777K->7118K(23808K), 0.0002980 secs] [Times: user=0.00 sys=0.00, real=0.00 secs] 
226.628: Total time for which application threads were stopped: 0.0003920 seconds, Stopping threads took: 0.0000470 seconds
226.662: Application time: 0.0345170 seconds
226.662: [GC226.662: [ParNew: 7053K->407K(7424K), 0.0002590 secs] 13774K->7128K(23808K), 0.0002760 secs] [Times: user=0.00 sys=0.00, real=0.00 secs] 
226.662: Total time for which application threads were stopped: 0.0003660 seconds, Stopping threads took: 0.0000410 seconds
226.696: Application time: 0.0340380 seconds
226.697: [GC226.697: [ParNew: 7063K->390K(7424K), 0.0003470 secs] 13784K->7111K(23808K), 0.0003640 secs] [Times: user=0.00 sys=0.00, real=0.00 secs] 
226.697: Total time for which application threads were stopped: 0.0004610 seconds, Stopping threads took: 0.0000490 seconds
226.732: Application time: 0.0345910 seconds
226.732: [GC226.732: [ParNew: 7046K->382K(7424K), 0.0002580 secs] 13767K->7102K(23808K), 0.0002760 secs] [Times: user=0.00 sys=0.00, real=0.00 secs] 
226.732: Total time for which application threads were stopped: 0.0003690 seconds, Stopping threads took: 0.0000440 seconds
226.766: Application time: 0.0339950 seconds
226.766: [GC226.766: [ParNew: 7038K->392K(7424K), 0.0002890 secs] 13758K->7113K(23808K), 0.0003070 secs] [Times: user=0.00 sys=0.00, real=0.00 secs] 
226.766: Total time for which application threads were stopped: 0.0004110 seconds, Stopping threads took: 0.0000490 seconds
226.802: Application time: 0.0355880 seconds
226.802: [GC226.802: [ParNew: 7048K->369K(7424K), 0.0003640 secs] 13769K->7154K(23808K), 0.0003880 secs] [Times: user=0.01 sys=0.00, real=0.00 secs] 
226.802: Total time for which application threads were stopped: 0.0005170 seconds, Stopping threads took: 0.0000600 seconds
226.837: Application time: 0.0341180 seconds
226.837: [GC226.837: [ParNew: 7025K->370K(7424K), 0.0002860 secs] 13810K->7154K(23808K), 0.0003040 secs] [Times: user=0.00 sys=0.00, real=0.00 secs] 
226.837: Total time for which application threads were stopped: 0.0003980 seconds, Stopping threads took: 0.0000420 seconds
226.872: Application time: 0.0346170 seconds
226.872: [GC226.872: [ParNew: 7026K->377K(7424K), 0.0002740 secs] 13810K->7161K(23808K), 0.0002910 secs] [Times: user=0.00 sys=0.00, real=0.00 secs] 
226.872: Total time for which application threads were stopped: 0.0003910 seconds, Stopping threads took: 0.0000480 seconds
226.907: Application time: 0.0346460 seconds
226.907: [GC226.907: [ParNew: 7033K->306K(7424K), 0.0002770 secs] 13817K->7178K(23808K), 0.0002930 secs] [Times: user=0.00 sys=0.00, real=0.00 secs] 
226.907: Total time for which application threads were stopped: 0.0003840 seconds, Stopping threads took: 0.0000430 seconds
226.941: Application time: 0.0343100 seconds
226.941: [GC226.941: [ParNew: 6962K->252K(7424K), 0.0003150 secs] 13834K->7213K(23808K), 0.0003360 secs] [Times: user=0.00 sys=0.00, real=0.00 secs] 
226.942: Total time for which application threads were stopped: 0.0004520 seconds, Stopping threads took: 0.0000670 seconds
226.976: Application time: 0.0343370 seconds
226.976: [GC226.976: [ParNew: 6908K->248K(7424K), 0.0003270 secs] 13869K->7209K(23808K), 0.0003460 secs] [Times: user=0.00 sys=0.00, real=0.00 secs] 
226.977: Total time for which application threads were stopped: 0.0004430 seconds, Stopping threads took: 0.0000470 seconds
227.011: Application time: 0.0345220 seconds
227.011: [GC227.011: [ParNew: 6904K->198K(7424K), 0.0002890 secs] 13865K->7247K(23808K), 0.0003070 secs] [Times: user=0.01 sys=0.00, real=0.00 secs] 
227.011: Total time for which application threads were stopped: 0.0004060 seconds, Stopping threads took: 0.0000410 seconds
227.045: Application time: 0.0339580 seconds
227.046: [GC227.046: [ParNew: 6854K->184K(7424K), 0.0002220 secs] 13903K->7297K(23808K), 0.0002430 secs] [Times: user=0.00 sys=0.00, real=0.00 secs] 
227.046: Total time for which application threads were stopped: 0.0003430 seconds, Stopping threads took: 0.0000500 seconds
227.080: Application time: 0.0341050 seconds
227.080: [GC227.080: [ParNew: 6840K->188K(7424K), 0.0002900 secs] 13953K->7301K(23808K), 0.0003070 secs] [Times: user=0.00 sys=0.00, real=0.00 secs] 
227.080: Total time for which application threads were stopped: 0.0004080 seconds, Stopping threads took: 0.0000510 seconds
227.114: Application time: 0.0338240 seconds
227.114: [GC227.114: [ParNew: 6844K->224K(7424K), 0.0002160 secs] 13957K->7337K(23808K), 0.0002330 secs] [Times: user=0.01 sys=0.00, real=0.00 secs] 
227.114: Total time for which application threads were stopped: 0.0003230 seconds, Stopping threads took: 0.0000400 seconds
227.147: Application time: 0.0327990 seconds
227.147: [GC227.147: [ParNew: 6880K->302K(7424K), 0.0003280 secs] 13993K->7415K(23808K), 0.0003460 secs] [Times: user=0.00 sys=0.00, real=0.00 secs] 
227.148: Total time for which application threads were stopped: 0.0004480 seconds, Stopping threads took: 0.0000520 seconds
227.182: Application time: 0.0343480 seconds
227.182: [GC227.182: [ParNew: 6958K->308K(7424K), 0.0002710 secs] 14071K->7421K(23808K), 0.0002880 secs] [Times: user=0.00 sys=0.00, real=0.00 secs] 
227.182: Total time for which application threads were stopped: 0.0003860 seconds, Stopping threads took: 0.0000490 seconds
227.216: Application time: 0.0334740 seconds
227.216: [GC227.216: [ParNew: 6964K->367K(7424K), 0.0002940 secs] 14077K->7480K(23808K), 0.0003120 secs] [Times: user=0.01 sys=0.00, real=0.00 secs] 
227.216: Total time for which application threads were stopped: 0.0004050 seconds, Stopping threads took: 0.0000440 seconds
227.251: Application time: 0.0343560 seconds
227.251: [GC227.251: [ParNew: 7023K->368K(7424K), 0.0002640 secs] 14136K->7481K(23808K), 0.0002830 secs] [Times: user=0.00 sys=0.00, real=0.00 secs] 
227.251: Total time for which application threads were stopped: 0.0003810 seconds, Stopping threads took: 0.0000480 seconds
227.285: Application time: 0.0339190 seconds
227.285: [GC227.285: [ParNew: 7024K->381K(7424K), 0.0002900 secs] 14137K->7494K(23808K), 0.0003090 secs] [Times: user=0.01 sys=0.00, real=0.00 secs] 
227.285: Total time for which application threads were stopped: 0.0004250 seconds, Stopping threads took: 0.0000570 seconds
227.320: Application time: 0.0345450 seconds
227.320: [GC227.320: [ParNew: 7037K->394K(7424K), 0.0003280 secs] 14150K->7507K(23808K), 0.0003540 secs] [Times: user=0.00 sys=0.00, real=0.00 secs] 
227.320: Total time for which application threads were stopped: 0.0004900 seconds, Stopping threads took: 0.0000670 seconds
227.355: Application time: 0.0342550 seconds
227.355: [GC227.355: [ParNew: 7050K->397K(7424K), 0.0002870 secs] 14163K->7510K(23808K), 0.0003040 secs] [Times: user=0.00 sys=0.00, real=0.00 secs] 
227.355: Total time for which application threads were stopped: 0.0004020 seconds, Stopping threads took: 0.0000450 seconds
227.389: Application time: 0.0344080 seconds
227.390: [GC227.390: [ParNew: 7053K->385K(7424K), 0.0003540 secs] 14166K->7498K(23808K), 0.0003710 secs] [Times: user=0.01 sys=0.00, real=0.00 secs] 
227.390: Total time for which application threads were stopped: 0.0004760 seconds, Stopping threads took: 0.0000570 seconds
227.425: Application time: 0.0346340 seconds
227.425: [GC227.425: [ParNew: 7041K->393K(7424K), 0.0003580 secs] 14154K->7506K(23808K), 0.0003760 secs] [Times: user=0.00 sys=0.00, real=0.00 secs] 
227.425: Total time for which application threads were stopped: 0.0004730 seconds, Stopping threads took: 0.0000490 seconds
227.459: Application time: 0.0342670 seconds
227.459: [GC227.459: [ParNew: 7049K->397K(7424K), 0.0002660 secs] 14162K->7510K(23808K), 0.0002930 secs] [Times: user=0.00 sys=0.00, real=0.00 secs] 
227.460: Total time for which application threads were stopped: 0.0003820 seconds, Stopping threads took: 0.0000410 seconds
227.494: Application time: 0.0344060 seconds
227.494: [GC227.494: [ParNew: 7053K->401K(7424K), 0.0003530 secs] 14166K->7514K(23808K), 0.0003700 secs] [Times: user=0.01 sys=0.00, real=0.00 secs] 
227.495: Total time for which application threads were stopped: 0.0004630 seconds, Stopping threads took: 0.0000430 seconds
227.529: Application time: 0.0340410 seconds
227.529: [GC227.529: [ParNew: 7057K->395K(7424K), 0.0002590 secs] 14170K->7508K(23808K), 0.0002760 secs] [Times: user=0.00 sys=0.00, real=0.00 secs] 
227.529: Total time for which application threads were stopped: 0.0003600 seconds, Stopping threads took: 0.0000370 seconds
227.563: Application time: 0.0344160 seconds
227.564: [GC227.564: [ParNew: 7051K->369K(7424K), 0.0003670 secs] 14164K->7538K(23808K), 0.0003850 secs] [Times: user=0.00 sys=0.00, real=0.00 secs] 
227.564: Total time for which application threads were stopped: 0.0004780 seconds, Stopping threads took: 0.0000420 seconds
227.598: Application time: 0.0345330 seconds
227.602: [GC227.602: [ParNew: 7025K->367K(7424K), 0.0002660 secs] 14194K->7536K(23808K), 0.0002850 secs] [Times: user=0.01 sys=0.00, real=0.00 secs] 
227.602: Total time for which application threads were stopped: 0.0039660 seconds, Stopping threads took: 0.0036280 seconds
227.636: Application time: 0.0340620 seconds
227.637: [GC227.637: [ParNew: 7023K->333K(7424K), 0.0002780 secs] 14192K->7558K(23808K), 0.0002970 secs] [Times: user=0.00 sys=0.00, real=0.00 secs] 
227.637: Total time for which application threads were stopped: 0.0004090 seconds, Stopping threads took: 0.0000620 seconds
227.671: Application time: 0.0340720 seconds
227.671: [GC227.671: [ParNew: 6989K->252K(7424K), 0.0002730 secs] 14214K->7590K(23808K), 0.0002910 secs] [Times: user=0.00 sys=0.00, real=0.00 secs] 
227.671: Total time for which application threads were stopped: 0.0004040 seconds, Stopping threads took: 0.0000620 seconds
227.706: Application time: 0.0346650 seconds
227.706: [GC227.706: [ParNew: 6908K->255K(7424K), 0.0002440 secs] 14246K->7592K(23808K), 0.0002610 secs] [Times: user=0.00 sys=0.00, real=0.00 secs] 
227.706: Total time for which application threads were stopped: 0.0003570 seconds, Stopping threads took: 0.0000480 seconds
227.741: Application time: 0.0345170 seconds
227.741: [GC227.741: [ParNew: 6911K->199K(7424K), 0.0002420 secs] 14248K->7640K(23808K), 0.0002590 secs] [Times: user=0.00 sys=0.00, real=0.00 secs] 
227.741: Total time for which application threads were stopped: 0.0003670 seconds, Stopping threads took: 0.0000590 seconds
227.776: Application time: 0.0343690 seconds
227.776: [GC227.776: [ParNew: 6855K->194K(7424K), 0.0002580 secs] 14296K->7635K(23808K), 0.0002770 secs] [Times: user=0.00 sys=0.00, real=0.00 secs] 
227.776: Total time for which application threads were stopped: 0.0003670 seconds, Stopping threads took: 0.0000420 seconds
227.810: Application time: 0.0339130 seconds
227.810: [GC227.810: [ParNew: 6850K->190K(7424K), 0.0002880 secs] 14291K->7695K(23808K), 0.0003040 secs] [Times: user=0.00 sys=0.00, real=0.00 secs] 
227.810: Total time for which application threads were stopped: 0.0004080 seconds, Stopping threads took: 0.0000490 seconds
227.844: Application time: 0.0339170 seconds
227.844: [GC227.844: [ParNew: 6846K->221K(7424K), 0.0002960 secs] 14351K->7726K(23808K), 0.0003140 secs] [Times: user=0.01 sys=0.00, real=0.00 secs] 
227.845: Total time for which application threads were stopped: 0.0004110 seconds, Stopping threads took: 0.0000460 seconds
227.878: Application time: 0.0333460 seconds
227.878: [GC227.878: [ParNew: 6877K->283K(7424K), 0.0003360 secs] 14382K->7789K(23808K), 0.0003520 secs] [Times: user=0.00 sys=0.00, real=0.00 secs] 
227.878: Total time for which application threads were stopped: 0.0004430 seconds, Stopping threads took: 0.0000430 seconds
227.912: Application time: 0.0336880 seconds
227.912: [GC227.912: [ParNew: 6939K->312K(7424K), 0.0002870 secs] 14445K->7817K(23808K), 0.0003120 secs] [Times: user=0.00 sys=0.00, real=0.00 secs] 
227.913: Total time for which application threads were stopped: 0.0004040 seconds, Stopping threads took: 0.0000450 seconds
227.946: Application time: 0.0338740 seconds
227.946: [GC227.947: [ParNew: 6968K->332K(7424K), 0.0002780 secs] 14473K->7837K(23808K), 0.0002940 secs] [Times: user=0.01 sys=0.00, real=0.00 secs] 
227.947: Total time for which application threads were stopped: 0.0003890 seconds, Stopping threads took: 0.0000470 seconds
227.981: Application time: 0.0339530 seconds
227.981: [GC227.981: [ParNew: 6988K->365K(7424K), 0.0002670 secs] 14493K->7870K(23808K), 0.0002860 secs] [Times: user=0.00 sys=0.00, real=0.00 secs] 
227.981: Total time for which application threads were stopped: 0.0003800 seconds, Stopping threads took: 0.0000420 seconds
228.015: Application time: 0.0338580 seconds
228.015: [GC228.015: [ParNew: 7021K->393K(7424K), 0.0002850 secs] 14526K->7899K(23808K), 0.0003030 secs] [Times: user=0.00 sys=0.00, real=0.00 secs] 
228.015: Total time for which application threads were stopped: 0.0004040 seconds, Stopping threads took: 0.0000500 seconds
228.050: Application time: 0.0342800 seconds
228.050: [GC228.050: [ParNew: 7049K->396K(7424K), 0.0002860 secs] 14555K->7901K(23808K), 0.0003030 secs] [Times: user=0.00 sys=0.01, real=0.00 secs] 
228.050: Total time for which application threads were stopped: 0.0003980 seconds, Stopping threads took: 0.0000440 seconds
228.085: Application time: 0.0345140 seconds
228.085: [GC228.085: [ParNew: 7052K->394K(7424K), 0.0002850 secs] 14557K->7900K(23808K), 0.0003010 secs] [Times: user=0.00 sys=0.00, real=0.00 secs] 
228.085: Total time for which application threads were stopped: 0.0003900 seconds, Stopping threads took: 0.0000430 seconds
228.119: Application time: 0.0343620 seconds
228.119: [GC228.119: [ParNew: 7050K->387K(7424K), 0.0003810 secs] 14556K->7892K(23808K), 0.0003960 secs] [Times: user=0.00 sys=0.00, real=0.00 secs] 
228.120: Total time for which application threads were stopped: 0.0004790 seconds, Stopping threads took: 0.0000370 seconds
228.154: Application time: 0.0342890 seconds
228.154: [GC228.154: [ParNew: 7043K->397K(7424K), 0.0002780 secs] 14548K->7903K(23808K), 0.0002950 secs] [Times: user=0.00 sys=0.00, real=0.00 secs] 
228.155: Total time for which application threads were stopped: 0.0003820 seconds, Stopping threads took: 0.0000390 seconds
228.189: Application time: 0.0342900 seconds
228.189: [GC228.189: [ParNew: 7053K->401K(7424K), 0.0002860 secs] 14559K->7906K(23808K), 0.0003050 secs] [Times: user=0.00 sys=0.00, real=0.00 secs] 
228.189: Total time for which application threads were stopped: 0.0003960 seconds, Stopping threads took: 0.0000430 seconds
228.223: Application time: 0.0340850 seconds
228.223: [GC228.223: [ParNew: 7057K->397K(7424K), 0.0002550 secs] 14562K->7902K(23808K), 0.0002730 secs] [Times: user=0.00 sys=0.00, real=0.00 secs] 
228.224: Total time for which application threads were stopped: 0.0003670 seconds, Stopping threads took: 0.0000440 seconds
228.258: Application time: 0.0341340 seconds
228.258: [GC228.258: [ParNew: 7053K->395K(7424K), 0.0002930 secs] 14558K->7900K(23808K), 0.0003110 secs] [Times: user=0.00 sys=0.00, real=0.00 secs] 
228.258: Total time for which application threads were stopped: 0.0003970 seconds, Stopping threads took: 0.0000350 seconds
228.292: Application time: 0.0342970 seconds
228.293: [GC228.293: [ParNew: 7051K->397K(7424K), 0.0003350 secs] 14556K->7902K(23808K), 0.0003510 secs] [Times: user=0.00 sys=0.00, real=0.00 secs] 
228.293: Total time for which application threads were stopped: 0.0004450 seconds, Stopping threads took: 0.0000470 seconds
228.329: Application time: 0.0356190 seconds
228.329: [GC228.329: [ParNew: 7053K->374K(7424K), 0.0004200 secs] 14558K->7943K(23808K), 0.0004440 secs] [Times: user=0.01 sys=0.00, real=0.00 secs] 
228.329: Total time for which application threads were stopped: 0.0005720 seconds, Stopping threads took: 0.0000560 seconds
228.363: Application time: 0.0342650 seconds
228.370: [GC228.370: [ParNew: 7030K->338K(7424K), 0.0003040 secs] 14599K->7979K(23808K), 0.0003260 secs] [Times: user=0.00 sys=0.00, real=0.00 secs] 
228.370: Total time for which application threads were stopped: 0.0070440 seconds, Stopping threads took: 0.0066690 seconds
228.405: Application time: 0.0340790 seconds
228.405: [GC228.405: [ParNew: 6994K->276K(7424K), 0.0003280 secs] 14635K->8005K(23808K), 0.0003440 secs] [Times: user=0.00 sys=0.00, real=0.00 secs] 
228.405: Total time for which application threads were stopped: 0.0004420 seconds, Stopping threads took: 0.0000510 seconds
228.440: Application time: 0.0346890 seconds
228.440: [GC228.440: [ParNew: 6932K->253K(7424K), 0.0002460 secs] 14661K->8047K(23808K), 0.0002650 secs] [Times: user=0.00 sys=0.00, real=0.00 secs] 
228.440: Total time for which application threads were stopped: 0.0003770 seconds, Stopping threads took: 0.0000620 seconds
228.475: Application time: 0.0345110 seconds
228.475: [GC228.475: [ParNew: 6909K->221K(7424K), 0.0002460 secs] 14703K->8071K(23808K), 0.0002630 secs] [Times: user=0.00 sys=0.00, real=0.00 secs] 
228.475: Total time for which application threads were stopped: 0.0003490 seconds, Stopping threads took: 0.0000370 seconds
228.509: Application time: 0.0340820 seconds
228.509: [GC228.509: [ParNew: 6877K->192K(7424K), 0.0002420 secs] 14727K->8097K(23808K), 0.0002610 secs] [Times: user=0.00 sys=0.00, real=0.00 secs] 
228.509: Total time for which application threads were stopped: 0.0003510 seconds, Stopping threads took: 0.0000400 seconds
228.543: Application time: 0.0340580 seconds
228.543: [GC228.543: [ParNew: 6848K->196K(7424K), 0.0002240 secs] 14753K->8157K(23808K), 0.0002440 secs] [Times: user=0.00 sys=0.00, real=0.00 secs] 
228.544: Total time for which application threads were stopped: 0.0003460 seconds, Stopping threads took: 0.0000510 seconds
228.578: Application time: 0.0339500 seconds
228.578: [GC228.578: [ParNew: 6852K->223K(7424K), 0.0002250 secs] 14813K->8185K(23808K), 0.0002430 secs] [Times: user=0.01 sys=0.00, real=0.00 secs] 
228.578: Total time for which application threads were stopped: 0.0003450 seconds, Stopping threads took: 0.0000490 seconds
228.612: Application time: 0.0335910 seconds
228.612: [GC228.612: [ParNew: 6879K->266K(7424K), 0.0002260 secs] 14841K->8227K(23808K), 0.0002430 secs] [Times: user=0.00 sys=0.00, real=0.00 secs] 
228.612: Total time for which application threads were stopped: 0.0003400 seconds, Stopping threads took: 0.0000480 seconds
228.646: Application time: 0.0338270 seconds
228.646: [GC228.646: [ParNew: 6922K->300K(7424K), 0.0002670 secs] 14883K->8262K(23808K), 0.0002860 secs] [Times: user=0.00 sys=0.00, real=0.00 secs] 
228.646: Total time for which application threads were stopped: 0.0003970 seconds, Stopping threads took: 0.0000600 seconds
228.680: Application time: 0.0339230 seconds
228.680: [GC228.680: [ParNew: 6956K->336K(7424K), 0.0002860 secs] 14918K->8298K(23808K), 0.0003050 secs] [Times: user=0.01 sys=0.00, real=0.00 secs] 
228.681: Total time for which application threads were stopped: 0.0004040 seconds, Stopping threads took: 0.0000500 seconds
228.714: Application time: 0.0339020 seconds
228.714: [GC228.715: [ParNew: 6992K->366K(7424K), 0.0002590 secs] 14954K->8327K(23808K), 0.0002750 secs] [Times: user=0.00 sys=0.00, real=0.00 secs] 
228.715: Total time for which application threads were stopped: 0.0003660 seconds, Stopping threads took: 0.0000440 seconds
228.748: Application time: 0.0335740 seconds
228.748: [GC228.748: [ParNew: 7022K->396K(7424K), 0.0002890 secs] 14983K->8357K(23808K), 0.0003080 secs] [Times: user=0.00 sys=0.00, real=0.00 secs] 
228.749: Total time for which application threads were stopped: 0.0004050 seconds, Stopping threads took: 0.0000460 seconds
228.783: Application time: 0.0345420 seconds
228.783: [GC228.783: [ParNew: 7052K->401K(7424K), 0.0002910 secs] 15013K->8363K(23808K), 0.0003080 secs] [Times: user=0.00 sys=0.00, real=0.00 secs] 
228.784: Total time for which application threads were stopped: 0.0003970 seconds, Stopping threads took: 0.0000400 seconds
228.818: Application time: 0.0344050 seconds
228.818: [GC228.818: [ParNew: 7057K->400K(7424K), 0.0003440 secs] 15019K->8361K(23808K), 0.0003690 secs] [Times: user=0.01 sys=0.00, real=0.00 secs] 
228.819: Total time for which application threads were stopped: 0.0004640 seconds, Stopping threads took: 0.0000460 seconds
228.853: Application time: 0.0343820 seconds
228.853: [GC228.853: [ParNew: 7056K->398K(7424K), 0.0002620 secs] 15017K->8360K(23808K), 0.0002790 secs] [Times: user=0.01 sys=0.00, real=0.00 secs] 
228.853: Total time for which application threads were stopped: 0.0003720 seconds, Stopping threads took: 0.0000360 seconds
228.888: Application time: 0.0344590 seconds
228.888: [GC228.888: [ParNew: 7054K->351K(7424K), 0.0003090 secs] 15016K->8377K(23808K), 0.0003290 secs] [Times: user=0.00 sys=0.00, real=0.00 secs] 
228.888: Total time for which application threads were stopped: 0.0004240 seconds, Stopping threads took: 0.0000460 seconds
228.922: Application time: 0.0341410 seconds
228.926: [GC228.926: [ParNew: 7007K->367K(7424K), 0.0002810 secs] 15033K->8393K(23808K), 0.0002990 secs] [Times: user=0.00 sys=0.00, real=0.00 secs] 
228.926: Total time for which application threads were stopped: 0.0040400 seconds, Stopping threads took: 0.0036910 seconds
228.961: Application time: 0.0341710 seconds
228.961: [GC228.961: [ParNew: 7023K->366K(7424K), 0.0002810 secs] 15049K->8392K(23808K), 0.0002980 secs] [Times: user=0.00 sys=0.00, real=0.00 secs] 
228.961: Total time for which application threads were stopped: 0.0003880 seconds, Stopping threads took: 0.0000410 seconds
228.995: Application time: 0.0344510 seconds
228.995: [GC228.996: [ParNew: 7022K->369K(7424K), 0.0002800 secs] 15048K->8395K(23808K), 0.0002960 secs] [Times: user=0.00 sys=0.00, real=0.00 secs] 
228.996: Total time for which application threads were stopped: 0.0003870 seconds, Stopping threads took: 0.0000440 seconds
229.030: Application time: 0.0343930 seconds
229.030: [GC229.030: [ParNew: 7025K->370K(7424K), 0.0002810 secs] 15051K->8395K(23808K), 0.0002980 secs] [Times: user=0.00 sys=0.00, real=0.00 secs] 
229.031: Total time for which application threads were stopped: 0.0003890 seconds, Stopping threads took: 0.0000440 seconds
229.065: Application time: 0.0340470 seconds
229.065: [GC229.065: [ParNew: 7026K->372K(7424K), 0.0002770 secs] 15051K->8398K(23808K), 0.0002940 secs] [Times: user=0.00 sys=0.00, real=0.00 secs] 
229.065: Total time for which application threads were stopped: 0.0003870 seconds, Stopping threads took: 0.0000440 seconds
229.099: Application time: 0.0342170 seconds
229.099: [GC229.099: [ParNew: 7028K->341K(7424K), 0.0002870 secs] 15054K->8431K(23808K), 0.0003040 secs] [Times: user=0.00 sys=0.00, real=0.00 secs] 
229.100: Total time for which application threads were stopped: 0.0003880 seconds, Stopping threads took: 0.0000370 seconds
229.134: Application time: 0.0343340 seconds
229.134: [GC229.134: [ParNew: 6997K->285K(7424K), 0.0002660 secs] 15087K->8463K(23808K), 0.0002820 secs] [Times: user=0.00 sys=0.00, real=0.00 secs] 
229.134: Total time for which application threads were stopped: 0.0003850 seconds, Stopping threads took: 0.0000480 seconds
229.169: Application time: 0.0342430 seconds
229.169: [GC229.169: [ParNew: 6941K->249K(7424K), 0.0002610 secs] 15119K->8499K(23808K), 0.0002770 secs] [Times: user=0.00 sys=0.00, real=0.00 secs] 
229.169: Total time for which application threads were stopped: 0.0003730 seconds, Stopping threads took: 0.0000490 seconds
229.203: Application time: 0.0343020 seconds
229.203: [GC229.203: [ParNew: 6905K->219K(7424K), 0.0003110 secs] 15155K->8517K(23808K), 0.0003280 secs] [Times: user=0.00 sys=0.00, real=0.00 secs] 
229.204: Total time for which application threads were stopped: 0.0004120 seconds, Stopping threads took: 0.0000380 seconds
229.238: Application time: 0.0344290 seconds
229.238: [GC229.238: [ParNew: 6875K->194K(7424K), 0.0002980 secs] 15173K->8548K(23808K), 0.0003130 secs] [Times: user=0.00 sys=0.00, real=0.00 secs] 
229.239: Total time for which application threads were stopped: 0.0004020 seconds, Stopping threads took: 0.0000420 seconds
229.272: Application time: 0.0339100 seconds
229.273: [GC229.273: [ParNew: 6850K->202K(7424K), 0.0002650 secs] 15204K->8612K(23808K), 0.0002890 secs] [Times: user=0.00 sys=0.00, real=0.00 secs] 
229.273: Total time for which application threads were stopped: 0.0003770 seconds, Stopping threads took: 0.0000400 seconds
229.306: Application time: 0.0335650 seconds
229.306: [GC229.306: [ParNew: 6858K->231K(7424K), 0.0002490 secs] 15268K->8641K(23808K), 0.0002670 secs] [Times: user=0.00 sys=0.00, real=0.00 secs] 
229.307: Total time for which application threads were stopped: 0.0003630 seconds, Stopping threads took: 0.0000480 seconds
229.341: Application time: 0.0346960 seconds
229.342: [GC229.342: [ParNew: 6887K->225K(7424K), 0.0003080 secs] 15297K->8634K(23808K), 0.0003350 secs] [Times: user=0.00 sys=0.00, real=0.00 secs] 
229.342: Total time for which application threads were stopped: 0.0004470 seconds, Stopping threads took: 0.0000460 seconds
229.375: Application time: 0.0327890 seconds
229.375: [GC229.375: [ParNew: 6881K->314K(7424K), 0.0002680 secs] 15290K->8724K(23808K), 0.0002870 secs] [Times: user=0.00 sys=0.00, real=0.00 secs] 
229.375: Total time for which application threads were stopped: 0.0003980 seconds, Stopping threads took: 0.0000450 seconds
229.410: Application time: 0.0347110 seconds
229.410: [GC229.410: [ParNew: 6970K->315K(7424K), 0.0003000 secs] 15380K->8725K(23808K), 0.0003180 secs] [Times: user=0.00 sys=0.00, real=0.00 secs] 
229.410: Total time for which application threads were stopped: 0.0004040 seconds, Stopping threads took: 0.0000390 seconds
229.444: Application time: 0.0335430 seconds
229.444: [GC229.444: [ParNew: 6971K->372K(7424K), 0.0002830 secs] 15381K->8782K(23808K), 0.0003000 secs] [Times: user=0.00 sys=0.00, real=0.00 secs] 
229.444: Total time for which application threads were stopped: 0.0003900 seconds, Stopping threads took: 0.0000420 seconds
229.478: Application time: 0.0338250 seconds
229.478: [GC229.478: [ParNew: 7028K->394K(7424K), 0.0003250 secs] 15438K->8803K(23808K), 0.0003410 secs] [Times: user=0.00 sys=0.00, real=0.00 secs] 
229.478: Total time for which application threads were stopped: 0.0004420 seconds, Stopping threads took: 0.0000470 seconds
229.513: Application time: 0.0344340 seconds
229.513: [GC229.513: [ParNew: 7050K->391K(7424K), 0.0002660 secs] 15459K->8801K(23808K), 0.0002830 secs] [Times: user=0.00 sys=0.00, real=0.00 secs] 
229.513: Total time for which application threads were stopped: 0.0003810 seconds, Stopping threads took: 0.0000470 seconds
229.547: Application time: 0.0341400 seconds
229.547: [GC229.547: [ParNew: 7047K->392K(7424K), 0.0003450 secs] 15457K->8801K(23808K), 0.0003630 secs] [Times: user=0.00 sys=0.00, real=0.00 secs] 
229.548: Total time for which application threads were stopped: 0.0004560 seconds, Stopping threads took: 0.0000430 seconds
229.583: Application time: 0.0349100 seconds
229.583: [GC229.583: [ParNew: 7048K->388K(7424K), 0.0002820 secs] 15457K->8797K(23808K), 0.0002990 secs] [Times: user=0.00 sys=0.00, real=0.00 secs] 
229.583: Total time for which application threads were stopped: 0.0003880 seconds, Stopping threads took: 0.0000400 seconds
229.618: Application time: 0.0345090 seconds
229.618: [GC229.618: [ParNew: 7044K->390K(7424K), 0.0002860 secs] 15453K->8799K(23808K), 0.0003030 secs] [Times: user=0.01 sys=0.00, real=0.00 secs] 
229.618: Total time for which application threads were stopped: 0.0003940 seconds, Stopping threads took: 0.0000400 seconds
229.653: Application time: 0.0354160 seconds
229.654: [GC229.654: [ParNew: 7046K->390K(7424K), 0.0003010 secs] 15455K->8800K(23808K), 0.0003180 secs] [Times: user=0.00 sys=0.00, real=0.00 secs] 
229.654: Total time for which application threads were stopped: 0.0004110 seconds, Stopping threads took: 0.0000430 seconds
229.688: Application time: 0.0345540 seconds
229.688: [GC229.689: [ParNew: 7046K->396K(7424K), 0.0003220 secs] 15456K->8806K(23808K), 0.0003400 secs] [Times: user=0.00 sys=0.00, real=0.00 secs] 
229.689: Total time for which application threads were stopped: 0.0004410 seconds, Stopping threads took: 0.0000440 seconds
229.723: Application time: 0.0343530 seconds
229.723: [GC229.723: [ParNew: 7052K->396K(7424K), 0.0002800 secs] 15462K->8806K(23808K), 0.0002980 secs] [Times: user=0.00 sys=0.00, real=0.00 secs] 
229.724: Total time for which application threads were stopped: 0.0004000 seconds, Stopping threads took: 0.0000520 seconds
229.758: Application time: 0.0340700 seconds
229.758: [GC229.758: [ParNew: 7052K->391K(7424K), 0.0003440 secs] 15462K->8801K(23808K), 0.0003610 secs] [Times: user=0.00 sys=0.00, real=0.00 secs] 
229.758: Total time for which application threads were stopped: 0.0004560 seconds, Stopping threads took: 0.0000480 seconds
229.792: Application time: 0.0340810 seconds
229.792: [GC229.792: [ParNew: 7047K->368K(7424K), 0.0003650 secs] 15457K->8842K(23808K), 0.0003820 secs] [Times: user=0.01 sys=0.00, real=0.00 secs] 
229.793: Total time for which application threads were stopped: 0.0004810 seconds, Stopping threads took: 0.0000500 seconds
229.828: Application time: 0.0357960 seconds
229.829: [GC229.829: [ParNew: 7024K->342K(7424K), 0.0003340 secs] 15498K->8864K(23808K), 0.0003590 secs] [Times: user=0.01 sys=0.00, real=0.00 secs] 
229.829: Total time for which application threads were stopped: 0.0004880 seconds, Stopping threads took: 0.0000650 seconds
229.863: Application time: 0.0341040 seconds
229.863: [GC229.863: [ParNew: 6998K->337K(7424K), 0.0002730 secs] 15520K->8859K(23808K), 0.0002890 secs] [Times: user=0.00 sys=0.00, real=0.00 secs] 
229.863: Total time for which application threads were stopped: 0.0003870 seconds, Stopping threads took: 0.0000450 seconds
229.898: Application time: 0.0344940 seconds
229.898: [GC229.898: [ParNew: 6993K->258K(7424K), 0.0003380 secs] 15515K->8896K(23808K), 0.0003550 secs] [Times: user=0.00 sys=0.00, real=0.00 secs] 
229.898: Total time for which application threads were stopped: 0.0004550 seconds, Stopping threads took: 0.0000400 seconds
229.933: Application time: 0.0344020 seconds
229.933: [GC229.933: [ParNew: 6914K->258K(7424K), 0.0002460 secs] 15552K->8896K(23808K), 0.0002620 secs] [Times: user=0.00 sys=0.00, real=0.00 secs] 
229.933: Total time for which application threads were stopped: 0.0003630 seconds, Stopping threads took: 0.0000530 seconds
229.967: Application time: 0.0342510 seconds
229.968: [GC229.968: [ParNew: 6914K->196K(7424K), 0.0002590 secs] 15552K->8922K(23808K), 0.0002750 secs] [Times: user=0.00 sys=0.00, real=0.00 secs] 
229.968: Total time for which application threads were stopped: 0.0004150 seconds, Stopping threads took: 0.0000920 seconds
230.002: Application time: 0.0345770 seconds
230.003: [GC230.003: [ParNew: 6852K->160K(7424K), 0.0002110 secs] 15578K->8950K(23808K), 0.0002290 secs] [Times: user=0.01 sys=0.00, real=0.00 secs] 
230.003: Total time for which application threads were stopped: 0.0003290 seconds, Stopping threads took: 0.0000510 seconds
230.036: Application time: 0.0332840 seconds
230.036: [GC230.036: [ParNew: 6816K->219K(7424K), 0.0002200 secs] 15606K->9009K(23808K), 0.0002380 secs] [Times: user=0.00 sys=0.00, real=0.00 secs] 
230.036: Total time for which application threads were stopped: 0.0003290 seconds, Stopping threads took: 0.0000420 seconds
230.070: Application time: 0.0340490 seconds
230.071: [GC230.071: [ParNew: 6875K->231K(7424K), 0.0002520 secs] 15665K->9021K(23808K), 0.0002700 secs] [Times: user=0.00 sys=0.00, real=0.00 secs] 
230.071: Total time for which application threads were stopped: 0.0003630 seconds, Stopping threads took: 0.0000430 seconds
230.105: Application time: 0.0346420 seconds
230.106: [GC230.106: [ParNew: 6887K->283K(7424K), 0.0002660 secs] 15677K->9073K(23808K), 0.0002810 secs] [Times: user=0.00 sys=0.00, real=0.00 secs] 
230.106: Total time for which application threads were stopped: 0.0003720 seconds, Stopping threads took: 0.0000440 seconds
230.140: Application time: 0.0339400 seconds
230.140: [GC230.140: [ParNew: 6939K->309K(7424K), 0.0003190 secs] 15729K->9099K(23808K), 0.0003430 secs] [Times: user=0.00 sys=0.00, real=0.00 secs] 
230.140: Total time for which application threads were stopped: 0.0004330 seconds, Stopping threads took: 0.0000410 seconds
230.174: Application time: 0.0333820 seconds
230.174: [GC230.174: [ParNew: 6965K->379K(7424K), 0.0002670 secs] 15755K->9169K(23808K), 0.0002860 secs] [Times: user=0.01 sys=0.00, real=0.00 secs] 
230.174: Total time for which application threads were stopped: 0.0003730 seconds, Stopping threads took: 0.0000370 seconds
230.208: Application time: 0.0338750 seconds
230.208: [GC230.208: [ParNew: 7035K->403K(7424K), 0.0002850 secs] 15825K->9193K(23808K), 0.0003030 secs] [Times: user=0.00 sys=0.00, real=0.00 secs] 
230.208: Total time for which application threads were stopped: 0.0003970 seconds, Stopping threads took: 0.0000430 seconds
230.243: Application time: 0.0346630 seconds
230.243: [GC230.243: [ParNew: 7059K->401K(7424K), 0.0002930 secs] 15849K->9192K(23808K), 0.0003110 secs] [Times: user=0.00 sys=0.00, real=0.00 secs] 
230.243: Total time for which application threads were stopped: 0.0004020 seconds, Stopping threads took: 0.0000430 seconds
230.277: Application time: 0.0341270 seconds
230.278: [GC230.278: [ParNew: 7057K->389K(7424K), 0.0002870 secs] 15848K->9179K(23808K), 0.0003060 secs] [Times: user=0.00 sys=0.00, real=0.00 secs] 
230.278: Total time for which application threads were stopped: 0.0004030 seconds, Stopping threads took: 0.0000500 seconds
230.313: Application time: 0.0347150 seconds
230.313: [GC230.313: [ParNew: 7045K->394K(7424K), 0.0003830 secs] 15835K->9184K(23808K), 0.0004060 secs] [Times: user=0.00 sys=0.00, real=0.00 secs] 
230.313: Total time for which application threads were stopped: 0.0005260 seconds, Stopping threads took: 0.0000540 seconds
230.348: Application time: 0.0344330 seconds
230.348: [GC230.348: [ParNew: 7050K->399K(7424K), 0.0003110 secs] 15840K->9189K(23808K), 0.0003290 secs] [Times: user=0.01 sys=0.00, real=0.00 secs] 
230.348: Total time for which application threads were stopped: 0.0004290 seconds, Stopping threads took: 0.0000450 seconds
230.382: Application time: 0.0342430 seconds
230.382: [GC230.382: [ParNew: 7055K->383K(7424K), 0.0003010 secs] 15845K->9173K(23808K), 0.0003180 secs] [Times: user=0.00 sys=0.00, real=0.00 secs] 
230.383: Total time for which application threads were stopped: 0.0004110 seconds, Stopping threads took: 0.0000430 seconds
230.417: Application time: 0.0345240 seconds
230.417: [GC230.417: [ParNew: 7039K->399K(7424K), 0.0002980 secs] 15829K->9189K(23808K), 0.0003140 secs] [Times: user=0.00 sys=0.00, real=0.00 secs] 
230.418: Total time for which application threads were stopped: 0.0004170 seconds, Stopping threads took: 0.0000410 seconds
230.452: Application time: 0.0341940 seconds
230.452: [GC230.452: [ParNew: 7055K->400K(7424K), 0.0002900 secs] 15845K->9190K(23808K), 0.0003070 secs] [Times: user=0.00 sys=0.00, real=0.00 secs] 
230.452: Total time for which application threads were stopped: 0.0004080 seconds, Stopping threads took: 0.0000520 seconds
230.486: Application time: 0.0341350 seconds
230.486: [GC230.486: [ParNew: 7056K->395K(7424K), 0.0002630 secs] 15846K->9185K(23808K), 0.0002790 secs] [Times: user=0.00 sys=0.00, real=0.00 secs] 
230.487: Total time for which application threads were stopped: 0.0003670 seconds, Stopping threads took: 0.0000410 seconds
230.521: Application time: 0.0340450 seconds
230.521: [GC230.521: [ParNew: 7051K->394K(7424K), 0.0003460 secs] 15841K->9184K(23808K), 0.0003640 secs] [Times: user=0.00 sys=0.00, real=0.00 secs] 
230.521: Total time for which application threads were stopped: 0.0004530 seconds, Stopping threads took: 0.0000400 seconds
230.555: Application time: 0.0342120 seconds
230.555: [GC230.555: [ParNew: 7050K->343K(7424K), 0.0002900 secs] 15840K->9229K(23808K), 0.0003090 secs] [Times: user=0.00 sys=0.00, real=0.00 secs] 
230.556: Total time for which application threads were stopped: 0.0004020 seconds, Stopping threads took: 0.0000430 seconds
230.590: Application time: 0.0344520 seconds
230.590: [GC230.590: [ParNew: 6999K->309K(7424K), 0.0002670 secs] 15885K->9267K(23808K), 0.0002920 secs] [Times: user=0.00 sys=0.00, real=0.00 secs] 
230.591: Total time for which application threads were stopped: 0.0003830 seconds, Stopping threads took: 0.0000420 seconds
230.625: Application time: 0.0341170 seconds
230.625: [GC230.625: [ParNew: 6965K->281K(7424K), 0.0002690 secs] 15923K->9287K(23808K), 0.0002870 secs] [Times: user=0.00 sys=0.00, real=0.00 secs] 
230.625: Total time for which application threads were stopped: 0.0003820 seconds, Stopping threads took: 0.0000480 seconds
230.660: Application time: 0.0345860 seconds
230.660: [GC230.660: [ParNew: 6937K->253K(7424K), 0.0002660 secs] 15943K->9323K(23808K), 0.0002830 secs] [Times: user=0.01 sys=0.00, real=0.00 secs] 
230.660: Total time for which application threads were stopped: 0.0003740 seconds, Stopping threads took: 0.0000420 seconds
230.695: Application time: 0.0345290 seconds
230.695: [GC230.695: [ParNew: 6909K->191K(7424K), 0.0003040 secs] 15979K->9349K(23808K), 0.0003220 secs] [Times: user=0.00 sys=0.00, real=0.00 secs] 
230.695: Total time for which application threads were stopped: 0.0004140 seconds, Stopping threads took: 0.0000420 seconds
230.729: Application time: 0.0340940 seconds
230.729: [GC230.729: [ParNew: 6847K->168K(7424K), 0.0002350 secs] 16005K->9383K(23808K), 0.0002540 secs] [Times: user=0.01 sys=0.00, real=0.00 secs] 
230.729: Total time for which application threads were stopped: 0.0003440 seconds, Stopping threads took: 0.0000420 seconds
230.763: Application time: 0.0338710 seconds
230.763: [GC230.763: [ParNew: 6824K->196K(7424K), 0.0002490 secs] 16039K->9410K(23808K), 0.0002660 secs] [Times: user=0.00 sys=0.00, real=0.00 secs] 
230.764: Total time for which application threads were stopped: 0.0003660 seconds, Stopping threads took: 0.0000490 seconds
230.798: Application time: 0.0338760 seconds
230.798: [GC230.798: [ParNew: 6852K->219K(7424K), 0.0002350 secs] 16066K->9433K(23808K), 0.0002520 secs] [Times: user=0.00 sys=0.00, real=0.00 secs] 
230.798: Total time for which application threads were stopped: 0.0003390 seconds, Stopping threads took: 0.0000390 seconds
230.831: Application time: 0.0333440 seconds
230.831: [GC230.831: [ParNew: 6875K->281K(7424K), 0.0002330 secs] 16089K->9495K(23808K), 0.0002500 secs] [Times: user=0.01 sys=0.00, real=0.00 secs] 
230.832: Total time for which application threads were stopped: 0.0003470 seconds, Stopping threads took: 0.0000470 seconds
230.866: Application time: 0.0340080 seconds
230.866: [GC230.866: [ParNew: 6937K->305K(7424K), 0.0002410 secs] 16151K->9519K(23808K), 0.0002600 secs] [Times: user=0.00 sys=0.00, real=0.00 secs] 
230.866: Total time for which application threads were stopped: 0.0003600 seconds, Stopping threads took: 0.0000500 seconds
230.900: Application time: 0.0339480 seconds
230.900: [GC230.900: [ParNew: 6961K->325K(7424K), 0.0003450 secs] 16175K->9540K(23808K), 0.0003630 secs] [Times: user=0.00 sys=0.00, real=0.00 secs] 
230.900: Total time for which application threads were stopped: 0.0004480 seconds, Stopping threads took: 0.0000370 seconds
230.934: Application time: 0.0339470 seconds
230.934: [GC230.934: [ParNew: 6981K->340K(7424K), 0.0004040 secs] 16196K->9554K(23808K), 0.0004230 secs] [Times: user=0.00 sys=0.00, real=0.00 secs] 
230.935: Total time for which application threads were stopped: 0.0005190 seconds, Stopping threads took: 0.0000370 seconds
230.969: Application time: 0.0339540 seconds
230.969: [GC230.969: [ParNew: 6996K->388K(7424K), 0.0002840 secs] 16210K->9602K(23808K), 0.0003030 secs] [Times: user=0.01 sys=0.00, real=0.00 secs] 
230.969: Total time for which application threads were stopped: 0.0003890 seconds, Stopping threads took: 0.0000370 seconds
231.003: Application time: 0.0340880 seconds
231.003: [GC231.003: [ParNew: 7044K->390K(7424K), 0.0002910 secs] 16258K->9605K(23808K), 0.0003110 secs] [Times: user=0.00 sys=0.00, real=0.00 secs] 
231.004: Total time for which application threads were stopped: 0.0004010 seconds, Stopping threads took: 0.0000370 seconds
231.038: Application time: 0.0342970 seconds
231.038: [GC231.038: [ParNew: 7046K->394K(7424K), 0.0002850 secs] 16261K->9608K(23808K), 0.0003110 secs] [Times: user=0.01 sys=0.00, real=0.00 secs] 
231.038: Total time for which application threads were stopped: 0.0004080 seconds, Stopping threads took: 0.0000460 seconds
231.073: Application time: 0.0348600 seconds
231.073: [GC231.073: [ParNew: 7050K->355K(7424K), 0.0002750 secs] 16264K->9649K(23808K), 0.0002910 secs] [Times: user=0.01 sys=0.00, real=0.00 secs] 
231.074: Total time for which application threads were stopped: 0.0003980 seconds, Stopping threads took: 0.0000590 seconds
231.108: Application time: 0.0341280 seconds
231.108: [GC231.108: [ParNew: 7011K->355K(7424K), 0.0002700 secs] 16305K->9649K(23808K), 0.0002880 secs] [Times: user=0.00 sys=0.00, real=0.00 secs] 
231.108: Total time for which application threads were stopped: 0.0003880 seconds, Stopping threads took: 0.0000500 seconds
231.142: Application time: 0.0341080 seconds
231.142: [GC231.142: [ParNew: 7011K->370K(7424K), 0.0003520 secs] 16305K->9664K(23808K), 0.0003710 secs] [Times: user=0.00 sys=0.00, real=0.00 secs] 
231.143: Total time for which application threads were stopped: 0.0004720 seconds, Stopping threads took: 0.0000510 seconds
231.177: Application time: 0.0342460 seconds
231.177: [GC231.177: [ParNew: 7026K->366K(7424K), 0.0002550 secs] 16320K->9660K(23808K), 0.0002720 secs] [Times: user=0.00 sys=0.00, real=0.00 secs] 
231.177: Total time for which application threads were stopped: 0.0003660 seconds, Stopping threads took: 0.0000460 seconds
231.212: Application time: 0.0343890 seconds
231.212: [GC231.212: [ParNew: 7022K->370K(7424K), 0.0003420 secs] 16316K->9664K(23808K), 0.0003590 secs] [Times: user=0.00 sys=0.00, real=0.00 secs] 
231.212: Total time for which application threads were stopped: 0.0004640 seconds, Stopping threads took: 0.0000580 seconds
231.247: Application time: 0.0343960 seconds
231.247: [GC231.247: [ParNew: 7026K->374K(7424K), 0.0003300 secs] 16320K->9669K(23808K), 0.0003480 secs] [Times: user=0.00 sys=0.00, real=0.00 secs] 
231.247: Total time for which application threads were stopped: 0.0004550 seconds, Stopping threads took: 0.0000580 seconds
231.281: Application time: 0.0340540 seconds
231.281: [GC231.281: [ParNew: 7030K->352K(7424K), 0.0003320 secs] 16325K->9646K(23808K), 0.0003490 secs] [Times: user=0.00 sys=0.00, real=0.00 secs] 
231.282: Total time for which application threads were stopped: 0.0004330 seconds, Stopping threads took: 0.0000370 seconds
231.316: Application time: 0.0345380 seconds
231.316: [GC231.316: [ParNew: 7008K->337K(7424K), 0.0004220 secs] 16302K->9688K(23808K), 0.0004480 secs] [Times: user=0.00 sys=0.00, real=0.00 secs] 
231.317: Total time for which application threads were stopped: 0.0005650 seconds, Stopping threads took: 0.0000490 seconds
231.352: Application time: 0.0357650 seconds
231.353: [GC231.353: [ParNew: 6993K->281K(7424K), 0.0004140 secs] 16344K->9712K(23808K), 0.0004370 secs] [Times: user=0.00 sys=0.00, real=0.00 secs] 
231.353: Total time for which application threads were stopped: 0.0005460 seconds, Stopping threads took: 0.0000490 seconds
231.387: Application time: 0.0341480 seconds
231.387: [GC231.387: [ParNew: 6937K->247K(7424K), 0.0003390 secs] 16368K->9726K(23808K), 0.0003560 secs] [Times: user=0.00 sys=0.00, real=0.00 secs] 
231.388: Total time for which application threads were stopped: 0.0004470 seconds, Stopping threads took: 0.0000420 seconds
231.422: Application time: 0.0345170 seconds
231.422: [GC231.422: [ParNew: 6903K->221K(7424K), 0.0002500 secs] 16382K->9763K(23808K), 0.0002690 secs] [Times: user=0.00 sys=0.00, real=0.00 secs] 
231.422: Total time for which application threads were stopped: 0.0003650 seconds, Stopping threads took: 0.0000490 seconds
231.457: Application time: 0.0344800 seconds
231.457: [GC231.457: [ParNew: 6877K->196K(7424K), 0.0002240 secs] 16419K->9794K(23808K), 0.0002410 secs] [Times: user=0.00 sys=0.00, real=0.00 secs] 
231.457: Total time for which application threads were stopped: 0.0003420 seconds, Stopping threads took: 0.0000430 seconds
231.491: Application time: 0.0339760 seconds
231.491: [GC231.491: [ParNew: 6852K->198K(7424K), 0.0002650 secs] 16450K->9852K(23808K), 0.0002920 secs] [Times: user=0.01 sys=0.00, real=0.00 secs] 
231.492: Total time for which application threads were stopped: 0.0003920 seconds, Stopping threads took: 0.0000490 seconds
231.526: Application time: 0.0338710 seconds
231.526: [GC231.526: [ParNew: 6854K->217K(7424K), 0.0002560 secs] 16508K->9871K(23808K), 0.0002730 secs] [Times: user=0.01 sys=0.00, real=0.00 secs] 
231.526: Total time for which application threads were stopped: 0.0003670 seconds, Stopping threads took: 0.0000450 seconds
231.559: Application time: 0.0333110 seconds
231.559: [GC231.559: [ParNew: 6873K->281K(7424K), 0.0002890 secs] 16527K->9936K(23808K), 0.0003060 secs] [Times: user=0.00 sys=0.00, real=0.00 secs] 
231.560: Total time for which application threads were stopped: 0.0004070 seconds, Stopping threads took: 0.0000530 seconds
231.593: Application time: 0.0338470 seconds
231.594: [GC231.594: [ParNew: 6937K->312K(7424K), 0.0002780 secs] 16592K->9966K(23808K), 0.0002950 secs] [Times: user=0.01 sys=0.00, real=0.00 secs] 
231.594: Total time for which application threads were stopped: 0.0003950 seconds, Stopping threads took: 0.0000510 seconds
231.628: Application time: 0.0338950 seconds
231.628: [GC231.628: [ParNew: 6968K->343K(7424K), 0.0002620 secs] 16622K->9997K(23808K), 0.0002800 secs] [Times: user=0.00 sys=0.00, real=0.00 secs] 
231.628: Total time for which application threads were stopped: 0.0003660 seconds, Stopping threads took: 0.0000390 seconds
231.662: Application time: 0.0333940 seconds
231.662: [GC231.662: [ParNew: 6999K->365K(7424K), 0.0003530 secs] 16653K->10019K(23808K), 0.0003710 secs] [Times: user=0.01 sys=0.00, real=0.00 secs] 
231.662: Total time for which application threads were stopped: 0.0009710 seconds, Stopping threads took: 0.0005480 seconds
231.697: Application time: 0.0347680 seconds
231.697: [GC231.697: [ParNew: 7021K->394K(7424K), 0.0003280 secs] 16675K->10048K(23808K), 0.0003470 secs] [Times: user=0.00 sys=0.00, real=0.00 secs] 
231.698: Total time for which application threads were stopped: 0.0004700 seconds, Stopping threads took: 0.0000710 seconds
231.732: Application time: 0.0340910 seconds
231.732: [GC231.732: [ParNew: 7050K->384K(7424K), 0.0002880 secs] 16704K->10039K(23808K), 0.0003050 secs] [Times: user=0.00 sys=0.00, real=0.00 secs] 
231.732: Total time for which application threads were stopped: 0.0003890 seconds, Stopping threads took: 0.0000340 seconds
231.767: Application time: 0.0344670 seconds
231.767: [GC231.767: [ParNew: 7040K->396K(7424K), 0.0002770 secs] 16695K->10051K(23808K), 0.0002940 secs] [Times: user=0.00 sys=0.00, real=0.00 secs] 
231.767: Total time for which application threads were stopped: 0.0003870 seconds, Stopping threads took: 0.0000460 seconds
231.802: Application time: 0.0345730 seconds
231.802: [GC231.802: [ParNew: 7052K->361K(7424K), 0.0002820 secs] 16707K->10095K(23808K), 0.0003000 secs] [Times: user=0.01 sys=0.00, real=0.00 secs] 
231.802: Total time for which application threads were stopped: 0.0003920 seconds, Stopping threads took: 0.0000420 seconds
231.836: Application time: 0.0341640 seconds
231.836: [GC231.836: [ParNew: 7017K->344K(7424K), 0.0002610 secs] 16751K->10078K(23808K), 0.0002770 secs] [Times: user=0.00 sys=0.00, real=0.00 secs] 
231.837: Total time for which application threads were stopped: 0.0003680 seconds, Stopping threads took: 0.0000410 seconds
231.871: Application time: 0.0341270 seconds
231.871: [GC231.871: [ParNew: 7000K->367K(7424K), 0.0002910 secs] 16734K->10101K(23808K), 0.0003080 secs] [Times: user=0.01 sys=0.00, real=0.00 secs] 
231.871: Total time for which application threads were stopped: 0.0004030 seconds, Stopping threads took: 0.0000460 seconds
231.906: Application time: 0.0348170 seconds
231.906: [GC231.906: [ParNew: 7023K->369K(7424K), 0.0002860 secs] 16757K->10103K(23808K), 0.0003030 secs] [Times: user=0.00 sys=0.00, real=0.00 secs] 
231.906: Total time for which application threads were stopped: 0.0004020 seconds, Stopping threads took: 0.0000510 seconds
231.941: Application time: 0.0350730 seconds
231.941: [GC231.942: [ParNew: 7025K->365K(7424K), 0.0002760 secs] 16759K->10099K(23808K), 0.0003020 secs] [Times: user=0.00 sys=0.00, real=0.00 secs] 
231.942: Total time for which application threads were stopped: 0.0004220 seconds, Stopping threads took: 0.0000700 seconds
231.976: Application time: 0.0341390 seconds
231.978: [GC231.978: [ParNew: 7021K->360K(7424K), 0.0002770 secs] 16755K->10094K(23808K), 0.0002960 secs] [Times: user=0.00 sys=0.00, real=0.00 secs] 
231.978: Total time for which application threads were stopped: 0.0024870 seconds, Stopping threads took: 0.0021340 seconds
232.012: Application time: 0.0340330 seconds
232.013: [GC232.013: [ParNew: 7016K->366K(7424K), 0.0002750 secs] 16750K->10100K(23808K), 0.0002920 secs] [Times: user=0.00 sys=0.00, real=0.00 secs] 
232.013: Total time for which application threads were stopped: 0.0003950 seconds, Stopping threads took: 0.0000570 seconds
232.047: Application time: 0.0345150 seconds
232.047: [GC232.047: [ParNew: 7022K->344K(7424K), 0.0002680 secs] 16756K->10142K(23808K), 0.0002870 secs] [Times: user=0.00 sys=0.00, real=0.00 secs] 
232.048: Total time for which application threads were stopped: 0.0003790 seconds, Stopping threads took: 0.0000410 seconds
232.082: Application time: 0.0342250 seconds
232.082: [GC232.082: [ParNew: 7000K->294K(7424K), 0.0002680 secs] 16798K->10181K(23808K), 0.0002850 secs] [Times: user=0.00 sys=0.00, real=0.00 secs] 
232.082: Total time for which application threads were stopped: 0.0003800 seconds, Stopping threads took: 0.0000460 seconds
232.117: Application time: 0.0341710 seconds
232.117: [GC232.117: [ParNew: 6950K->244K(7424K), 0.0002410 secs] 16837K->10195K(23808K), 0.0002590 secs] [Times: user=0.00 sys=0.00, real=0.00 secs] 
232.117: Total time for which application threads were stopped: 0.0003460 seconds, Stopping threads took: 0.0000390 seconds
232.151: Application time: 0.0343680 seconds
232.151: [GC232.151: [ParNew: 6900K->221K(7424K), 0.0002480 secs] 16851K->10236K(23808K), 0.0002660 secs] [Times: user=0.00 sys=0.00, real=0.00 secs] 
232.152: Total time for which application threads were stopped: 0.0003600 seconds, Stopping threads took: 0.0000450 seconds
232.186: Application time: 0.0344030 seconds
232.186: [GC232.186: [ParNew: 6877K->180K(7424K), 0.0002440 secs] 16892K->10283K(23808K), 0.0002600 secs] [Times: user=0.00 sys=0.00, real=0.00 secs] 
232.186: Total time for which application threads were stopped: 0.0003480 seconds, Stopping threads took: 0.0000400 seconds
232.220: Application time: 0.0339440 seconds
232.222: [GC232.222: [ParNew: 6836K->189K(7424K), 0.0002890 secs] 16939K->10308K(23808K), 0.0003070 secs] [Times: user=0.00 sys=0.00, real=0.00 secs] 
232.222: Total time for which application threads were stopped: 0.0021150 seconds, Stopping threads took: 0.0017580 seconds
232.256: Application time: 0.0337440 seconds
232.256: [GC232.256: [ParNew: 6845K->222K(7424K), 0.0002630 secs] 16964K->10341K(23808K), 0.0002800 secs] [Times: user=0.00 sys=0.00, real=0.00 secs] 
232.257: Total time for which application threads were stopped: 0.0003680 seconds, Stopping threads took: 0.0000370 seconds
232.290: Application time: 0.0331320 seconds
232.290: [GC232.290: [ParNew: 6878K->285K(7424K), 0.0002380 secs] 16997K->10404K(23808K), 0.0002570 secs] [Times: user=0.01 sys=0.00, real=0.00 secs] 
232.290: Total time for which application threads were stopped: 0.0003720 seconds, Stopping threads took: 0.0000630 seconds
232.324: Application time: 0.0342590 seconds
232.324: [GC232.324: [ParNew: 6941K->307K(7424K), 0.0003860 secs] 17060K->10426K(23808K), 0.0004100 secs] [Times: user=0.01 sys=0.00, real=0.00 secs] 
232.325: Total time for which application threads were stopped: 0.0005190 seconds, Stopping threads took: 0.0000450 seconds
232.359: Application time: 0.0344720 seconds
232.359: [GC232.359: [ParNew: 6963K->312K(7424K), 0.0002530 secs] 17082K->10430K(23808K), 0.0002710 secs] [Times: user=0.00 sys=0.00, real=0.00 secs] 
232.360: Total time for which application threads were stopped: 0.0003840 seconds, Stopping threads took: 0.0000530 seconds
232.393: Application time: 0.0333400 seconds
232.393: [GC232.393: [ParNew: 6968K->361K(7424K), 0.0003440 secs] 17086K->10479K(23808K), 0.0003620 secs] [Times: user=0.00 sys=0.00, real=0.00 secs] 
232.394: Total time for which application threads were stopped: 0.0004640 seconds, Stopping threads took: 0.0000510 seconds
232.427: Application time: 0.0339010 seconds
232.428: [GC232.428: [ParNew: 7017K->396K(7424K), 0.0002750 secs] 17135K->10514K(23808K), 0.0002940 secs] [Times: user=0.00 sys=0.00, real=0.00 secs] 
232.428: Total time for which application threads were stopped: 0.0004090 seconds, Stopping threads took: 0.0000620 seconds
232.462: Application time: 0.0343690 seconds
232.462: [GC232.462: [ParNew: 7052K->397K(7424K), 0.0003170 secs] 17170K->10516K(23808K), 0.0003360 secs] [Times: user=0.00 sys=0.00, real=0.00 secs] 
232.463: Total time for which application threads were stopped: 0.0004480 seconds, Stopping threads took: 0.0000610 seconds
232.497: Application time: 0.0345710 seconds
232.497: [GC232.497: [ParNew: 7053K->401K(7424K), 0.0003050 secs] 17172K->10520K(23808K), 0.0003220 secs] [Times: user=0.00 sys=0.00, real=0.00 secs] 
232.498: Total time for which application threads were stopped: 0.0004380 seconds, Stopping threads took: 0.0000550 seconds
232.532: Application time: 0.0341310 seconds
232.532: [GC232.532: [ParNew: 7057K->404K(7424K), 0.0002620 secs] 17176K->10523K(23808K), 0.0002800 secs] [Times: user=0.00 sys=0.00, real=0.00 secs] 
232.532: Total time for which application threads were stopped: 0.0003960 seconds, Stopping threads took: 0.0000650 seconds
232.567: Application time: 0.0343450 seconds
232.567: [GC232.567: [ParNew: 7060K->355K(7424K), 0.0002700 secs] 17179K->10562K(23808K), 0.0002870 secs] [Times: user=0.00 sys=0.00, real=0.00 secs] 
232.567: Total time for which application threads were stopped: 0.0003920 seconds, Stopping threads took: 0.0000550 seconds
232.601: Application time: 0.0342010 seconds
232.601: [GC232.601: [ParNew: 7011K->368K(7424K), 0.0002750 secs] 17218K->10575K(23808K), 0.0002930 secs] [Times: user=0.00 sys=0.00, real=0.00 secs] 
232.602: Total time for which application threads were stopped: 0.0003830 seconds, Stopping threads took: 0.0000420 seconds
232.636: Application time: 0.0345220 seconds
232.636: [GC232.636: [ParNew: 7024K->364K(7424K), 0.0002480 secs] 17231K->10571K(23808K), 0.0002660 secs] [Times: user=0.00 sys=0.00, real=0.00 secs] 
232.636: Total time for which application threads were stopped: 0.0003650 seconds, Stopping threads took: 0.0000490 seconds
232.670: Application time: 0.0340710 seconds
232.671: [GC232.671: [ParNew: 7020K->358K(7424K), 0.0003290 secs] 17227K->10565K(23808K), 0.0003460 secs] [Times: user=0.00 sys=0.00, real=0.00 secs] 
232.671: Total time for which application threads were stopped: 0.0004370 seconds, Stopping threads took: 0.0000410 seconds
232.705: Application time: 0.0342190 seconds
232.705: [GC232.705: [ParNew: 7014K->362K(7424K), 0.0002600 secs] 17221K->10569K(23808K), 0.0002760 secs] [Times: user=0.01 sys=0.00, real=0.00 secs] 
232.705: Total time for which application threads were stopped: 0.0003690 seconds, Stopping threads took: 0.0000450 seconds
232.740: Application time: 0.0345970 seconds
232.740: [GC232.740: [ParNew: 7018K->373K(7424K), 0.0002720 secs] 17225K->10580K(23808K), 0.0002870 secs] [Times: user=0.00 sys=0.00, real=0.00 secs] 
232.740: Total time for which application threads were stopped: 0.0003810 seconds, Stopping threads took: 0.0000460 seconds
232.775: Application time: 0.0341220 seconds
232.775: [GC232.775: [ParNew: 7029K->347K(7424K), 0.0002960 secs] 17236K->10601K(23808K), 0.0003140 secs] [Times: user=0.00 sys=0.00, real=0.00 secs] 
232.775: Total time for which application threads were stopped: 0.0004070 seconds, Stopping threads took: 0.0000430 seconds
232.809: Application time: 0.0343300 seconds
232.809: [GC232.809: [ParNew: 7003K->286K(7424K), 0.0002620 secs] 17257K->10629K(23808K), 0.0002860 secs] [Times: user=0.00 sys=0.00, real=0.00 secs] 
232.810: Total time for which application threads were stopped: 0.0003800 seconds, Stopping threads took: 0.0000460 seconds
232.845: Application time: 0.0353860 seconds
232.845: [GC232.845: [ParNew: 6942K->250K(7424K), 0.0002920 secs] 17285K->10657K(23808K), 0.0003180 secs] [Times: user=0.01 sys=0.00, real=0.00 secs] 
232.846: Total time for which application threads were stopped: 0.0004320 seconds, Stopping threads took: 0.0000500 seconds
232.880: Application time: 0.0342940 seconds
232.880: [GC232.880: [ParNew: 6906K->250K(7424K), 0.0002330 secs] 17313K->10657K(23808K), 0.0002520 secs] [Times: user=0.00 sys=0.00, real=0.00 secs] 
232.880: Total time for which application threads were stopped: 0.0003520 seconds, Stopping threads took: 0.0000460 seconds
232.915: Application time: 0.0344360 seconds
232.915: [GC232.915: [ParNew: 6906K->196K(7424K), 0.0003140 secs] 17313K->10691K(23808K), 0.0003320 secs] [Times: user=0.00 sys=0.00, real=0.00 secs] 
232.915: Total time for which application threads were stopped: 0.0004260 seconds, Stopping threads took: 0.0000450 seconds
232.949: Application time: 0.0343610 seconds
232.949: [GC232.950: [ParNew: 6852K->168K(7424K), 0.0003670 secs] 17347K->10712K(23808K), 0.0003840 secs] [Times: user=0.01 sys=0.00, real=0.00 secs] 
232.950: Total time for which application threads were stopped: 0.0004790 seconds, Stopping threads took: 0.0000490 seconds
232.983: Application time: 0.0334480 seconds
232.983: [GC232.983: [ParNew: 6824K->231K(7424K), 0.0002290 secs] 17368K->10774K(23808K), 0.0002490 secs] [Times: user=0.00 sys=0.00, real=0.00 secs] 
232.984: Total time for which application threads were stopped: 0.0003490 seconds, Stopping threads took: 0.0000470 seconds
233.018: Application time: 0.0340630 seconds
233.018: [GC233.018: [ParNew: 6887K->226K(7424K), 0.0002370 secs] 17430K->10769K(23808K), 0.0002560 secs] [Times: user=0.00 sys=0.00, real=0.00 secs] 
233.018: Total time for which application threads were stopped: 0.0003540 seconds, Stopping threads took: 0.0000400 seconds
233.052: Application time: 0.0336800 seconds
233.052: [GC233.052: [ParNew: 6882K->257K(7424K), 0.0002350 secs] 17425K->10800K(23808K), 0.0002540 secs] [Times: user=0.00 sys=0.00, real=0.00 secs] 
233.052: Total time for which application threads were stopped: 0.0003430 seconds, Stopping threads took: 0.0000380 seconds
233.086: Application time: 0.0339760 seconds
233.086: [GC233.086: [ParNew: 6913K->300K(7424K), 0.0003520 secs] 17456K->10844K(23808K), 0.0003690 secs] [Times: user=0.00 sys=0.00, real=0.00 secs] 
233.087: Total time for which application threads were stopped: 0.0004520 seconds, Stopping threads took: 0.0000340 seconds
233.120: Application time: 0.0332570 seconds
233.122: [GC233.122: [ParNew: 6956K->359K(7424K), 0.0003630 secs] 17500K->10902K(23808K), 0.0003810 secs] [Times: user=0.00 sys=0.00, real=0.00 secs] 
233.123: Total time for which application threads were stopped: 0.0026920 seconds, Stopping threads took: 0.0022590 seconds
233.156: Application time: 0.0338430 seconds
233.156: [GC233.156: [ParNew: 7015K->393K(7424K), 0.0002770 secs] 17558K->10936K(23808K), 0.0002960 secs] [Times: user=0.00 sys=0.00, real=0.00 secs] 
233.157: Total time for which application threads were stopped: 0.0003850 seconds, Stopping threads took: 0.0000400 seconds
233.191: Application time: 0.0346870 seconds
233.192: [GC233.192: [ParNew: 7049K->395K(7424K), 0.0002740 secs] 17592K->10938K(23808K), 0.0002910 secs] [Times: user=0.00 sys=0.00, real=0.00 secs] 
233.192: Total time for which application threads were stopped: 0.0003820 seconds, Stopping threads took: 0.0000430 seconds
233.226: Application time: 0.0342400 seconds
233.226: [GC233.226: [ParNew: 7051K->396K(7424K), 0.0002970 secs] 17594K->10939K(23808K), 0.0003140 secs] [Times: user=0.01 sys=0.00, real=0.00 secs] 
233.226: Total time for which application threads were stopped: 0.0004110 seconds, Stopping threads took: 0.0000460 seconds
233.261: Application time: 0.0341600 seconds
233.261: [GC233.261: [ParNew: 7052K->401K(7424K), 0.0003100 secs] 17595K->10944K(23808K), 0.0003350 secs] [Times: user=0.00 sys=0.00, real=0.00 secs] 
233.261: Total time for which application threads were stopped: 0.0004320 seconds, Stopping threads took: 0.0000470 seconds
233.296: Application time: 0.0347220 seconds
233.296: [GC233.296: [ParNew: 7057K->400K(7424K), 0.0002870 secs] 17600K->10943K(23808K), 0.0003060 secs] [Times: user=0.00 sys=0.00, real=0.00 secs] 
233.296: Total time for which application threads were stopped: 0.0003960 seconds, Stopping threads took: 0.0000420 seconds
233.331: Application time: 0.0343630 seconds
233.331: [GC233.331: [ParNew: 7056K->316K(7424K), 0.0003410 secs] 17599K->10963K(23808K), 0.0003620 secs] [Times: user=0.00 sys=0.00, real=0.00 secs] 
233.331: Total time for which application threads were stopped: 0.0004660 seconds, Stopping threads took: 0.0000430 seconds
233.365: Application time: 0.0343700 seconds
233.365: [GC233.365: [ParNew: 6972K->339K(7424K), 0.0002780 secs] 17619K->10986K(23808K), 0.0002960 secs] [Times: user=0.00 sys=0.00, real=0.00 secs] 
233.366: Total time for which application threads were stopped: 0.0003910 seconds, Stopping threads took: 0.0000460 seconds
233.400: Application time: 0.0346580 seconds
233.401: [GC233.401: [ParNew: 6995K->326K(7424K), 0.0002640 secs] 17642K->10973K(23808K), 0.0002830 secs] [Times: user=0.01 sys=0.00, real=0.00 secs] 
233.401: Total time for which application threads were stopped: 0.0003740 seconds, Stopping threads took: 0.0000400 seconds
233.435: Application time: 0.0340460 seconds
233.435: [GC233.435: [ParNew: 6982K->331K(7424K), 0.0003360 secs] 17629K->10978K(23808K), 0.0003520 secs] [Times: user=0.00 sys=0.00, real=0.00 secs] 
233.435: Total time for which application threads were stopped: 0.0004500 seconds, Stopping threads took: 0.0000500 seconds
233.469: Application time: 0.0341610 seconds
233.470: [GC233.470: [ParNew: 6987K->334K(7424K), 0.0003350 secs] 17634K->10981K(23808K), 0.0003530 secs] [Times: user=0.01 sys=0.00, real=0.00 secs] 
233.470: Total time for which application threads were stopped: 0.0004500 seconds, Stopping threads took: 0.0000470 seconds
233.504: Application time: 0.0341060 seconds
233.504: [GC233.504: [ParNew: 6990K->340K(7424K), 0.0003160 secs] 17637K->10987K(23808K), 0.0003320 secs] [Times: user=0.01 sys=0.00, real=0.00 secs] 
233.504: Total time for which application threads were stopped: 0.0004180 seconds, Stopping threads took: 0.0000360 seconds
233.539: Application time: 0.0347550 seconds
233.539: [GC233.539: [ParNew: 6996K->345K(7424K), 0.0002460 secs] 17643K->10992K(23808K), 0.0002630 secs] [Times: user=0.01 sys=0.00, real=0.00 secs] 
233.540: Total time for which application threads were stopped: 0.0003660 seconds, Stopping threads took: 0.0000460 seconds
233.574: Application time: 0.0341080 seconds
233.574: [GC233.574: [ParNew: 7001K->284K(7424K), 0.0003080 secs] 17648K->11019K(23808K), 0.0003260 secs] [Times: user=0.00 sys=0.00, real=0.01 secs] 
233.574: Total time for which application threads were stopped: 0.0004240 seconds, Stopping threads took: 0.0000500 seconds
233.609: Application time: 0.0345020 seconds
233.609: [GC233.609: [ParNew: 6940K->253K(7424K), 0.0002420 secs] 17675K->11044K(23808K), 0.0002610 secs] [Times: user=0.01 sys=0.00, real=0.00 secs] 
233.609: Total time for which application threads were stopped: 0.0003550 seconds, Stopping threads took: 0.0000450 seconds
233.643: Application time: 0.0344750 seconds
233.644: [GC233.644: [ParNew: 6909K->200K(7424K), 0.0002510 secs] 17700K->11079K(23808K), 0.0002690 secs] [Times: user=0.00 sys=0.00, real=0.00 secs] 
233.644: Total time for which application threads were stopped: 0.0003640 seconds, Stopping threads took: 0.0000460 seconds
233.678: Application time: 0.0342730 seconds
233.678: [GC233.678: [ParNew: 6856K->170K(7424K), 0.0002630 secs] 17735K->11114K(23808K), 0.0002810 secs] [Times: user=0.01 sys=0.00, real=0.00 secs] 
233.678: Total time for which application threads were stopped: 0.0003750 seconds, Stopping threads took: 0.0000470 seconds
233.712: Application time: 0.0337750 seconds
233.712: [GC233.712: [ParNew: 6826K->174K(7424K), 0.0002740 secs] 17770K->11117K(23808K), 0.0002980 secs] [Times: user=0.00 sys=0.00, real=0.00 secs] 
233.713: Total time for which application threads were stopped: 0.0003950 seconds, Stopping threads took: 0.0000460 seconds
233.746: Application time: 0.0338010 seconds
233.747: [GC233.747: [ParNew: 6830K->218K(7424K), 0.0002610 secs] 17773K->11162K(23808K), 0.0002790 secs] [Times: user=0.01 sys=0.00, real=0.00 secs] 
233.747: Total time for which application threads were stopped: 0.0003670 seconds, Stopping threads took: 0.0000400 seconds
233.780: Application time: 0.0333430 seconds
233.780: [GC233.780: [ParNew: 6874K->280K(7424K), 0.0002700 secs] 17818K->11223K(23808K), 0.0002860 secs] [Times: user=0.00 sys=0.00, real=0.00 secs] 
233.781: Total time for which application threads were stopped: 0.0003780 seconds, Stopping threads took: 0.0000430 seconds
233.814: Application time: 0.0336480 seconds
233.814: [GC233.814: [ParNew: 6936K->310K(7424K), 0.0002940 secs] 17879K->11253K(23808K), 0.0003130 secs] [Times: user=0.00 sys=0.00, real=0.00 secs] 
233.815: Total time for which application threads were stopped: 0.0003970 seconds, Stopping threads took: 0.0000360 seconds
233.849: Application time: 0.0342020 seconds
233.849: [GC233.849: [ParNew: 6966K->343K(7424K), 0.0002730 secs] 17909K->11286K(23808K), 0.0002930 secs] [Times: user=0.00 sys=0.00, real=0.00 secs] 
233.849: Total time for which application threads were stopped: 0.0003880 seconds, Stopping threads took: 0.0000450 seconds
233.882: Application time: 0.0330960 seconds
233.882: [GC233.882: [ParNew: 6999K->389K(7424K), 0.0003660 secs] 17942K->11333K(23808K), 0.0003820 secs] [Times: user=0.00 sys=0.00, real=0.00 secs] 
233.883: Total time for which application threads were stopped: 0.0004790 seconds, Stopping threads took: 0.0000470 seconds
233.917: Application time: 0.0344740 seconds
233.917: [GC233.917: [ParNew: 7045K->397K(7424K), 0.0003070 secs] 17989K->11340K(23808K), 0.0003270 secs] [Times: user=0.00 sys=0.00, real=0.00 secs] 
233.918: Total time for which application threads were stopped: 0.0004220 seconds, Stopping threads took: 0.0000460 seconds
233.952: Application time: 0.0341550 seconds
233.952: [GC233.952: [ParNew: 7053K->397K(7424K), 0.0003030 secs] 17996K->11340K(23808K), 0.0003210 secs] [Times: user=0.01 sys=0.00, real=0.00 secs] 
233.952: Total time for which application threads were stopped: 0.0004140 seconds, Stopping threads took: 0.0000460 seconds
233.987: Application time: 0.0347160 seconds
233.987: [GC233.987: [ParNew: 7053K->392K(7424K), 0.0002660 secs] 17996K->11335K(23808K), 0.0002810 secs] [Times: user=0.00 sys=0.00, real=0.00 secs] 
233.987: Total time for which application threads were stopped: 0.0003680 seconds, Stopping threads took: 0.0000380 seconds
234.021: Application time: 0.0340540 seconds
234.021: [GC234.021: [ParNew: 7048K->399K(7424K), 0.0002940 secs] 17991K->11342K(23808K), 0.0003100 secs] [Times: user=0.00 sys=0.00, real=0.00 secs] 
234.022: Total time for which application threads were stopped: 0.0004010 seconds, Stopping threads took: 0.0000430 seconds
234.056: Application time: 0.0345630 seconds
234.056: [GC234.056: [ParNew: 7055K->402K(7424K), 0.0002940 secs] 17998K->11345K(23808K), 0.0003110 secs] [Times: user=0.00 sys=0.00, real=0.00 secs] 
234.057: Total time for which application threads were stopped: 0.0004090 seconds, Stopping threads took: 0.0000430 seconds
234.092: Application time: 0.0348680 seconds
234.092: [GC234.092: [ParNew: 7058K->389K(7424K), 0.0003390 secs] 18001K->11333K(23808K), 0.0003580 secs] [Times: user=0.00 sys=0.00, real=0.00 secs] 
234.092: Total time for which application threads were stopped: 0.0004620 seconds, Stopping threads took: 0.0000560 seconds
234.126: Application time: 0.0340850 seconds
234.126: [GC234.126: [ParNew: 7045K->369K(7424K), 0.0003550 secs] 17989K->11313K(23808K), 0.0003730 secs] [Times: user=0.00 sys=0.00, real=0.00 secs] 
234.127: Total time for which application threads were stopped: 0.0004630 seconds, Stopping threads took: 0.0000400 seconds
234.161: Application time: 0.0340630 seconds
234.161: [GC234.161: [ParNew: 7025K->380K(7424K), 0.0002990 secs] 17969K->11324K(23808K), 0.0003260 secs] [Times: user=0.00 sys=0.00, real=0.00 secs] 
234.161: Total time for which application threads were stopped: 0.0004230 seconds, Stopping threads took: 0.0000460 seconds
234.196: Application time: 0.0348310 seconds
234.196: [GC234.196: [ParNew: 7036K->396K(7424K), 0.0003060 secs] 17980K->11339K(23808K), 0.0003240 secs] [Times: user=0.00 sys=0.00, real=0.00 secs] 
234.196: Total time for which application threads were stopped: 0.0004180 seconds, Stopping threads took: 0.0000450 seconds
234.231: Application time: 0.0341830 seconds
234.231: [GC234.231: [ParNew: 7052K->369K(7424K), 0.0003150 secs] 17995K->11369K(23808K), 0.0003340 secs] [Times: user=0.00 sys=0.00, real=0.00 secs] 
234.231: Total time for which application threads were stopped: 0.0004290 seconds, Stopping threads took: 0.0000430 seconds
234.265: Application time: 0.0341720 seconds
234.265: [GC234.265: [ParNew: 7025K->334K(7424K), 0.0003410 secs] 18025K->11390K(23808K), 0.0003570 secs] [Times: user=0.00 sys=0.00, real=0.00 secs] 
234.266: Total time for which application threads were stopped: 0.0004500 seconds, Stopping threads took: 0.0000450 seconds
234.300: Application time: 0.0342230 seconds
234.300: [GC234.300: [ParNew: 6990K->287K(7424K), 0.0003370 secs] 18046K->11422K(23808K), 0.0003550 secs] [Times: user=0.00 sys=0.00, real=0.00 secs] 
234.300: Total time for which application threads were stopped: 0.0004550 seconds, Stopping threads took: 0.0000500 seconds
234.335: Application time: 0.0347800 seconds
234.335: [GC234.335: [ParNew: 6943K->251K(7424K), 0.0003030 secs] 18078K->11442K(23808K), 0.0003250 secs] [Times: user=0.00 sys=0.00, real=0.00 secs] 
234.335: Total time for which application threads were stopped: 0.0004410 seconds, Stopping threads took: 0.0000530 seconds
234.371: Application time: 0.0354230 seconds
234.371: [GC234.371: [ParNew: 6907K->226K(7424K), 0.0003240 secs] 18098K->11482K(23808K), 0.0003460 secs] [Times: user=0.00 sys=0.00, real=0.00 secs] 
234.371: Total time for which application threads were stopped: 0.0004530 seconds, Stopping threads took: 0.0000460 seconds
234.406: Application time: 0.0344930 seconds
234.406: [GC234.406: [ParNew: 6882K->174K(7424K), 0.0002540 secs] 18138K->11518K(23808K), 0.0002720 secs] [Times: user=0.00 sys=0.00, real=0.00 secs] 
234.406: Total time for which application threads were stopped: 0.0003660 seconds, Stopping threads took: 0.0000450 seconds
234.440: Application time: 0.0340520 seconds
234.440: [GC234.440: [ParNew: 6830K->201K(7424K), 0.0002150 secs] 18174K->11544K(23808K), 0.0002320 secs] [Times: user=0.00 sys=0.00, real=0.00 secs] 
234.441: Total time for which application threads were stopped: 0.0003210 seconds, Stopping threads took: 0.0000420 seconds
234.475: Application time: 0.0339620 seconds
234.475: [GC234.475: [ParNew: 6857K->229K(7424K), 0.0002270 secs] 18200K->11572K(23808K), 0.0002450 secs] [Times: user=0.00 sys=0.00, real=0.00 secs] 
234.475: Total time for which application threads were stopped: 0.0003330 seconds, Stopping threads took: 0.0000380 seconds
234.508: Application time: 0.0329540 seconds
234.508: [GC234.508: [ParNew: 6885K->261K(7424K), 0.0002360 secs] 18228K->11604K(23808K), 0.0002520 secs] [Times: user=0.01 sys=0.00, real=0.00 secs] 
234.508: Total time for which application threads were stopped: 0.0003500 seconds, Stopping threads took: 0.0000490 seconds
234.542: Application time: 0.0339120 seconds
234.542: [GC234.542: [ParNew: 6917K->307K(7424K), 0.0002640 secs] 18260K->11651K(23808K), 0.0002810 secs] [Times: user=0.00 sys=0.00, real=0.00 secs] 
234.543: Total time for which application threads were stopped: 0.0003740 seconds, Stopping threads took: 0.0000430 seconds
234.576: Application time: 0.0339190 seconds
234.577: [GC234.577: [ParNew: 6963K->342K(7424K), 0.0002800 secs] 18307K->11686K(23808K), 0.0003000 secs] [Times: user=0.00 sys=0.00, real=0.00 secs] 
234.577: Total time for which application threads were stopped: 0.0004150 seconds, Stopping threads took: 0.0000470 seconds
234.610: Application time: 0.0336110 seconds
234.611: [GC234.611: [ParNew: 6998K->384K(7424K), 0.0002960 secs] 18342K->11728K(23808K), 0.0003130 secs] [Times: user=0.00 sys=0.00, real=0.00 secs] 
234.611: Total time for which application threads were stopped: 0.0004070 seconds, Stopping threads took: 0.0000440 seconds
234.645: Application time: 0.0346340 seconds
234.646: [GC234.646: [ParNew: 7040K->397K(7424K), 0.0002950 secs] 18384K->11741K(23808K), 0.0003120 secs] [Times: user=0.01 sys=0.00, real=0.00 secs] 
234.646: Total time for which application threads were stopped: 0.0004000 seconds, Stopping threads took: 0.0000380 seconds
234.680: Application time: 0.0345720 seconds
234.681: [GC234.681: [ParNew: 7053K->382K(7424K), 0.0002950 secs] 18397K->11725K(23808K), 0.0003130 secs] [Times: user=0.00 sys=0.00, real=0.00 secs] 
234.681: Total time for which application threads were stopped: 0.0003910 seconds, Stopping threads took: 0.0000310 seconds
234.715: Application time: 0.0340580 seconds
234.715: [GC234.715: [ParNew: 7038K->385K(7424K), 0.0002950 secs] 18381K->11728K(23808K), 0.0003140 secs] [Times: user=0.01 sys=0.00, real=0.00 secs] 
234.715: Total time for which application threads were stopped: 0.0004120 seconds, Stopping threads took: 0.0000470 seconds
234.750: Application time: 0.0346680 seconds
234.750: [GC234.750: [ParNew: 7041K->394K(7424K), 0.0002680 secs] 18384K->11737K(23808K), 0.0002860 secs] [Times: user=0.00 sys=0.00, real=0.00 secs] 
234.750: Total time for which application threads were stopped: 0.0003870 seconds, Stopping threads took: 0.0000510 seconds
234.785: Application time: 0.0343970 seconds
234.785: [GC234.785: [ParNew: 7050K->349K(7424K), 0.0003550 secs] 18393K->11773K(23808K), 0.0003700 secs] [Times: user=0.00 sys=0.00, real=0.00 secs] 
234.785: Total time for which application threads were stopped: 0.0004600 seconds, Stopping threads took: 0.0000420 seconds
234.820: Application time: 0.0344120 seconds
234.820: [GC234.820: [ParNew: 7005K->376K(7424K), 0.0002900 secs] 18429K->11800K(23808K), 0.0003080 secs] [Times: user=0.00 sys=0.00, real=0.00 secs] 
234.820: Total time for which application threads were stopped: 0.0004040 seconds, Stopping threads took: 0.0000450 seconds
234.854: Application time: 0.0342500 seconds
234.854: [GC234.854: [ParNew: 7032K->361K(7424K), 0.0003460 secs] 18456K->11784K(23808K), 0.0003630 secs] [Times: user=0.00 sys=0.00, real=0.00 secs] 
234.855: Total time for which application threads were stopped: 0.0004590 seconds, Stopping threads took: 0.0000470 seconds
234.889: Application time: 0.0340460 seconds
234.889: [GC234.889: [ParNew: 7017K->368K(7424K), 0.0002760 secs] 18440K->11791K(23808K), 0.0002920 secs] [Times: user=0.00 sys=0.00, real=0.00 secs] 
234.889: Total time for which application threads were stopped: 0.0003910 seconds, Stopping threads took: 0.0000490 seconds
234.924: Application time: 0.0347320 seconds
234.924: [GC234.924: [ParNew: 7024K->374K(7424K), 0.0003310 secs] 18447K->11798K(23808K), 0.0003470 secs] [Times: user=0.00 sys=0.00, real=0.00 secs] 
234.924: Total time for which application threads were stopped: 0.0004360 seconds, Stopping threads took: 0.0000390 seconds
234.959: Application time: 0.0343840 seconds
234.959: [GC234.959: [ParNew: 7030K->370K(7424K), 0.0002930 secs] 18454K->11793K(23808K), 0.0003100 secs] [Times: user=0.01 sys=0.00, real=0.00 secs] 
234.959: Total time for which application threads were stopped: 0.0004060 seconds, Stopping threads took: 0.0000440 seconds
234.993: Application time: 0.0340440 seconds
234.993: [GC234.993: [ParNew: 7026K->328K(7424K), 0.0002650 secs] 18449K->11808K(23808K), 0.0002840 secs] [Times: user=0.00 sys=0.00, real=0.00 secs] 
234.994: Total time for which application threads were stopped: 0.0003730 seconds, Stopping threads took: 0.0000370 seconds
235.028: Application time: 0.0341000 seconds
235.028: [GC235.028: [ParNew: 6984K->281K(7424K), 0.0002780 secs] 18464K->11856K(23808K), 0.0003020 secs] [Times: user=0.00 sys=0.00, real=0.00 secs] 
235.028: Total time for which application threads were stopped: 0.0004000 seconds, Stopping threads took: 0.0000490 seconds
235.063: Application time: 0.0345200 seconds
235.063: [GC235.063: [ParNew: 6937K->257K(7424K), 0.0002570 secs] 18512K->11881K(23808K), 0.0002740 secs] [Times: user=0.00 sys=0.00, real=0.00 secs] 
235.063: Total time for which application threads were stopped: 0.0003820 seconds, Stopping threads took: 0.0000610 seconds
235.098: Application time: 0.0345700 seconds
235.098: [GC235.098: [ParNew: 6913K->221K(7424K), 0.0002620 secs] 18537K->11892K(23808K), 0.0002790 secs] [Times: user=0.00 sys=0.00, real=0.00 secs] 
235.098: Total time for which application threads were stopped: 0.0003980 seconds, Stopping threads took: 0.0000600 seconds
235.132: Application time: 0.0341280 seconds
235.132: [GC235.132: [ParNew: 6877K->170K(7424K), 0.0002690 secs] 18548K->11946K(23808K), 0.0002840 secs] [Times: user=0.00 sys=0.00, real=0.00 secs] 
235.132: Total time for which application threads were stopped: 0.0003720 seconds, Stopping threads took: 0.0000410 seconds
235.166: Application time: 0.0339560 seconds
235.167: [GC235.167: [ParNew: 6826K->201K(7424K), 0.0002970 secs] 18602K->11976K(23808K), 0.0003160 secs] [Times: user=0.01 sys=0.00, real=0.00 secs] 
235.167: Total time for which application threads were stopped: 0.0004180 seconds, Stopping threads took: 0.0000510 seconds
235.201: Application time: 0.0337980 seconds
235.201: [GC235.201: [ParNew: 6857K->221K(7424K), 0.0002210 secs] 18632K->11997K(23808K), 0.0002360 secs] [Times: user=0.00 sys=0.00, real=0.00 secs] 
235.201: Total time for which application threads were stopped: 0.0003310 seconds, Stopping threads took: 0.0000460 seconds
235.235: Application time: 0.0340600 seconds
235.235: [GC235.235: [ParNew: 6877K->249K(7424K), 0.0003200 secs] 18653K->12025K(23808K), 0.0003380 secs] [Times: user=0.00 sys=0.00, real=0.00 secs] 
235.235: Total time for which application threads were stopped: 0.0004290 seconds, Stopping threads took: 0.0000410 seconds
235.269: Application time: 0.0331840 seconds
235.269: [GC235.269: [ParNew: 6905K->314K(7424K), 0.0002720 secs] 18681K->12090K(23808K), 0.0002880 secs] [Times: user=0.00 sys=0.00, real=0.00 secs] 
235.269: Total time for which application threads were stopped: 0.0003810 seconds, Stopping threads took: 0.0000420 seconds
235.304: Application time: 0.0346460 seconds
235.304: [GC235.304: [ParNew: 6970K->305K(7424K), 0.0002560 secs] 18746K->12081K(23808K), 0.0002730 secs] [Times: user=0.00 sys=0.00, real=0.00 secs] 
235.304: Total time for which application threads were stopped: 0.0003730 seconds, Stopping threads took: 0.0000490 seconds
235.337: Application time: 0.0330330 seconds
235.337: [GC235.337: [ParNew: 6961K->381K(7424K), 0.0003410 secs] 18737K->12157K(23808K), 0.0003650 secs] [Times: user=0.00 sys=0.00, real=0.00 secs] 
235.338: Total time for which application threads were stopped: 0.0004810 seconds, Stopping threads took: 0.0000510 seconds
235.372: Application time: 0.0342970 seconds
235.372: [GC235.372: [ParNew: 7037K->386K(7424K), 0.0003200 secs] 18813K->12162K(23808K), 0.0003430 secs] [Times: user=0.00 sys=0.00, real=0.00 secs] 
235.372: Total time for which application threads were stopped: 0.0004610 seconds, Stopping threads took: 0.0000640 seconds
235.407: Application time: 0.0345670 seconds
235.407: [GC235.407: [ParNew: 7042K->395K(7424K), 0.0002960 secs] 18818K->12171K(23808K), 0.0003140 secs] [Times: user=0.00 sys=0.00, real=0.00 secs] 
235.407: Total time for which application threads were stopped: 0.0004150 seconds, Stopping threads took: 0.0000490 seconds
235.442: Application time: 0.0345930 seconds
235.442: [GC235.442: [ParNew: 7051K->400K(7424K), 0.0002730 secs] 18827K->12176K(23808K), 0.0002940 secs] [Times: user=0.00 sys=0.00, real=0.01 secs] 
235.442: Total time for which application threads were stopped: 0.0003860 seconds, Stopping threads took: 0.0000370 seconds
235.478: Application time: 0.0353430 seconds
235.478: [GC235.478: [ParNew: 7056K->384K(7424K), 0.0002750 secs] 18832K->12160K(23808K), 0.0003020 secs] [Times: user=0.00 sys=0.00, real=0.00 secs] 
235.478: Total time for which application threads were stopped: 0.0004060 seconds, Stopping threads took: 0.0000520 seconds
235.512: Application time: 0.0340780 seconds
235.512: [GC235.512: [ParNew: 7040K->392K(7424K), 0.0002820 secs] 18816K->12168K(23808K), 0.0003000 secs] [Times: user=0.01 sys=0.00, real=0.00 secs] 
235.513: Total time for which application threads were stopped: 0.0003900 seconds, Stopping threads took: 0.0000390 seconds
235.547: Application time: 0.0343170 seconds
235.547: [GC235.547: [ParNew: 7048K->398K(7424K), 0.0002690 secs] 18824K->12173K(23808K), 0.0002870 secs] [Times: user=0.00 sys=0.00, real=0.00 secs] 
235.547: Total time for which application threads were stopped: 0.0003840 seconds, Stopping threads took: 0.0000470 seconds
235.582: Application time: 0.0345800 seconds
235.582: [GC235.582: [ParNew: 7054K->395K(7424K), 0.0002920 secs] 18829K->12171K(23808K), 0.0003090 secs] [Times: user=0.00 sys=0.00, real=0.01 secs] 
235.582: Total time for which application threads were stopped: 0.0004030 seconds, Stopping threads took: 0.0000430 seconds
235.616: Application time: 0.0341450 seconds
235.616: [GC235.616: [ParNew: 7051K->381K(7424K), 0.0002860 secs] 18827K->12157K(23808K), 0.0003040 secs] [Times: user=0.00 sys=0.00, real=0.00 secs] 
235.617: Total time for which application threads were stopped: 0.0004070 seconds, Stopping threads took: 0.0000450 seconds
235.651: Application time: 0.0340510 seconds
235.651: [GC235.651: [ParNew: 7037K->394K(7424K), 0.0002790 secs] 18813K->12170K(23808K), 0.0002970 secs] [Times: user=0.00 sys=0.00, real=0.00 secs] 
235.651: Total time for which application threads were stopped: 0.0003920 seconds, Stopping threads took: 0.0000430 seconds
235.686: Application time: 0.0348830 seconds
235.686: [GC235.686: [ParNew: 7050K->358K(7424K), 0.0003460 secs] 18826K->12190K(23808K), 0.0003640 secs] [Times: user=0.00 sys=0.00, real=0.00 secs] 
235.687: Total time for which application threads were stopped: 0.0004850 seconds, Stopping threads took: 0.0000720 seconds
235.721: Application time: 0.0340950 seconds
235.721: [GC235.721: [ParNew: 7014K->337K(7424K), 0.0003390 secs] 18846K->12233K(23808K), 0.0003570 secs] [Times: user=0.00 sys=0.00, real=0.00 secs] 
235.721: Total time for which application threads were stopped: 0.0004540 seconds, Stopping threads took: 0.0000470 seconds
235.756: Application time: 0.0344500 seconds
235.756: [GC235.756: [ParNew: 6993K->309K(7424K), 0.0002610 secs] 18889K->12277K(23808K), 0.0002790 secs] [Times: user=0.00 sys=0.00, real=0.00 secs] 
235.756: Total time for which application threads were stopped: 0.0003750 seconds, Stopping threads took: 0.0000490 seconds
235.790: Application time: 0.0344020 seconds
235.790: [GC235.790: [ParNew: 6965K->259K(7424K), 0.0002660 secs] 18933K->12331K(23808K), 0.0002830 secs] [Times: user=0.00 sys=0.00, real=0.00 secs] 
235.791: Total time for which application threads were stopped: 0.0003840 seconds, Stopping threads took: 0.0000520 seconds
235.825: Application time: 0.0341060 seconds
235.825: [GC235.825: [ParNew: 6915K->261K(7424K), 0.0002490 secs] 18987K->12341K(23808K), 0.0002670 secs] [Times: user=0.00 sys=0.00, real=0.00 secs] 
235.825: Total time for which application threads were stopped: 0.0003720 seconds, Stopping threads took: 0.0000560 seconds
235.861: Application time: 0.0357600 seconds
235.861: [GC235.861: [ParNew: 6917K->172K(7424K), 0.0003360 secs] 18997K->12368K(23808K), 0.0003560 secs] [Times: user=0.00 sys=0.00, real=0.00 secs] 
235.861: Total time for which application threads were stopped: 0.0004810 seconds, Stopping threads took: 0.0000640 seconds
235.895: Application time: 0.0336020 seconds
235.895: [GC235.895: [ParNew: 6828K->205K(7424K), 0.0002440 secs] 19024K->12401K(23808K), 0.0002630 secs] [Times: user=0.00 sys=0.00, real=0.00 secs] 
235.895: Total time for which application threads were stopped: 0.0003730 seconds, Stopping threads took: 0.0000590 seconds
235.930: Application time: 0.0340690 seconds
235.930: [GC235.930: [ParNew: 6861K->235K(7424K), 0.0002610 secs] 19057K->12431K(23808K), 0.0002870 secs] [Times: user=0.00 sys=0.00, real=0.00 secs] 
235.930: Total time for which application threads were stopped: 0.0003930 seconds, Stopping threads took: 0.0000560 seconds
235.964: Application time: 0.0343460 seconds
235.964: [GC235.964: [ParNew: 6891K->222K(7424K), 0.0002720 secs] 19087K->12418K(23808K), 0.0002900 secs] [Times: user=0.00 sys=0.00, real=0.00 secs] 
235.965: Total time for which application threads were stopped: 0.0003860 seconds, Stopping threads took: 0.0000490 seconds
235.998: Application time: 0.0335350 seconds
235.998: [GC235.998: [ParNew: 6878K->278K(7424K), 0.0002650 secs] 19074K->12474K(23808K), 0.0002820 secs] [Times: user=0.01 sys=0.00, real=0.00 secs] 
235.999: Total time for which application threads were stopped: 0.0003740 seconds, Stopping threads took: 0.0000430 seconds
236.033: Application time: 0.0340890 seconds
236.033: [GC236.033: [ParNew: 6934K->305K(7424K), 0.0002510 secs] 19130K->12501K(23808K), 0.0002700 secs] [Times: user=0.00 sys=0.00, real=0.00 secs] 
236.033: Total time for which application threads were stopped: 0.0003560 seconds, Stopping threads took: 0.0000360 seconds
236.066: Application time: 0.0333050 seconds
236.066: [GC236.066: [ParNew: 6961K->368K(7424K), 0.0002710 secs] 19157K->12565K(23808K), 0.0002880 secs] [Times: user=0.00 sys=0.00, real=0.00 secs] 
236.067: Total time for which application threads were stopped: 0.0003810 seconds, Stopping threads took: 0.0000460 seconds
236.101: Application time: 0.0339240 seconds
236.101: [GC236.101: [ParNew: 7024K->396K(7424K), 0.0002940 secs] 19221K->12592K(23808K), 0.0003110 secs] [Times: user=0.00 sys=0.00, real=0.00 secs] 
236.101: Total time for which application threads were stopped: 0.0004040 seconds, Stopping threads took: 0.0000440 seconds
236.135: Application time: 0.0341870 seconds
236.135: [GC236.135: [ParNew: 7052K->392K(7424K), 0.0002670 secs] 19248K->12588K(23808K), 0.0002840 secs] [Times: user=0.00 sys=0.00, real=0.00 secs] 
236.136: Total time for which application threads were stopped: 0.0003810 seconds, Stopping threads took: 0.0000370 seconds
236.170: Application time: 0.0343860 seconds
236.170: [GC236.170: [ParNew: 7048K->394K(7424K), 0.0002690 secs] 19244K->12590K(23808K), 0.0002870 secs] [Times: user=0.00 sys=0.00, real=0.00 secs] 
236.170: Total time for which application threads were stopped: 0.0004070 seconds, Stopping threads took: 0.0000730 seconds
236.205: Application time: 0.0343800 seconds
236.205: [GC236.205: [ParNew: 7050K->402K(7424K), 0.0002910 secs] 19246K->12598K(23808K), 0.0003090 secs] [Times: user=0.01 sys=0.00, real=0.00 secs] 
236.205: Total time for which application threads were stopped: 0.0004200 seconds, Stopping threads took: 0.0000640 seconds
236.239: Application time: 0.0342080 seconds
236.239: [GC236.239: [ParNew: 7058K->394K(7424K), 0.0003460 secs] 19254K->12590K(23808K), 0.0003630 secs] [Times: user=0.00 sys=0.00, real=0.00 secs] 
236.240: Total time for which application threads were stopped: 0.0004480 seconds, Stopping threads took: 0.0000360 seconds
236.274: Application time: 0.0341530 seconds
236.274: [GC236.274: [ParNew: 7050K->397K(7424K), 0.0002830 secs] 19246K->12593K(23808K), 0.0003020 secs] [Times: user=0.01 sys=0.00, real=0.00 secs] 
236.274: Total time for which application threads were stopped: 0.0003910 seconds, Stopping threads took: 0.0000390 seconds
236.309: Application time: 0.0342180 seconds
236.309: [GC236.309: [ParNew: 7053K->399K(7424K), 0.0002900 secs] 19249K->12596K(23808K), 0.0003070 secs] [Times: user=0.00 sys=0.00, real=0.00 secs] 
236.309: Total time for which application threads were stopped: 0.0003950 seconds, Stopping threads took: 0.0000390 seconds
236.344: Application time: 0.0345040 seconds
236.344: [GC236.344: [ParNew: 7055K->401K(7424K), 0.0004270 secs] 19252K->12597K(23808K), 0.0004490 secs] [Times: user=0.00 sys=0.00, real=0.00 secs] 
236.344: Total time for which application threads were stopped: 0.0005670 seconds, Stopping threads took: 0.0000530 seconds
236.379: Application time: 0.0344500 seconds
236.379: [GC236.379: [ParNew: 7057K->398K(7424K), 0.0002800 secs] 19253K->12594K(23808K), 0.0003060 secs] [Times: user=0.00 sys=0.00, real=0.00 secs] 
236.379: Total time for which application threads were stopped: 0.0004030 seconds, Stopping threads took: 0.0000460 seconds
236.413: Application time: 0.0340530 seconds
236.413: [GC236.413: [ParNew: 7054K->364K(7424K), 0.0003110 secs] 19250K->12624K(23808K), 0.0003290 secs] [Times: user=0.00 sys=0.00, real=0.00 secs] 
236.413: Total time for which application threads were stopped: 0.0004210 seconds, Stopping threads took: 0.0000440 seconds
236.448: Application time: 0.0345050 seconds
236.448: [GC236.448: [ParNew: 7020K->338K(7424K), 0.0002660 secs] 19280K->12654K(23808K), 0.0002830 secs] [Times: user=0.00 sys=0.00, real=0.00 secs] 
236.448: Total time for which application threads were stopped: 0.0003730 seconds, Stopping threads took: 0.0000430 seconds
236.482: Application time: 0.0341210 seconds
236.483: [GC236.483: [ParNew: 6994K->340K(7424K), 0.0003300 secs] 19310K->12656K(23808K), 0.0003480 secs] [Times: user=0.00 sys=0.00, real=0.00 secs] 
236.483: Total time for which application threads were stopped: 0.0004360 seconds, Stopping threads took: 0.0000410 seconds
236.517: Application time: 0.0345420 seconds
236.517: [GC236.517: [ParNew: 6996K->275K(7424K), 0.0002790 secs] 19312K->12687K(23808K), 0.0002960 secs] [Times: user=0.00 sys=0.00, real=0.00 secs] 
236.518: Total time for which application threads were stopped: 0.0003870 seconds, Stopping threads took: 0.0000430 seconds
236.552: Application time: 0.0341740 seconds
236.552: [GC236.552: [ParNew: 6931K->252K(7424K), 0.0003020 secs] 19343K->12712K(23808K), 0.0003170 secs] [Times: user=0.01 sys=0.00, real=0.00 secs] 
236.552: Total time for which application threads were stopped: 0.0004120 seconds, Stopping threads took: 0.0000500 seconds
236.587: Application time: 0.0343680 seconds
236.587: [GC236.587: [ParNew: 6908K->197K(7424K), 0.0003110 secs] 19368K->12753K(23808K), 0.0003270 secs] [Times: user=0.00 sys=0.00, real=0.00 secs] 
236.587: Total time for which application threads were stopped: 0.0004120 seconds, Stopping threads took: 0.0000410 seconds
236.621: Application time: 0.0338980 seconds
236.621: [GC236.621: [ParNew: 6853K->194K(7424K), 0.0002250 secs] 19409K->12822K(23808K), 0.0002420 secs] [Times: user=0.01 sys=0.00, real=0.00 secs] 
236.621: Total time for which application threads were stopped: 0.0003410 seconds, Stopping threads took: 0.0000500 seconds
236.656: Application time: 0.0345710 seconds
236.658: [GC236.658: [ParNew: 6850K->196K(7424K), 0.0003170 secs] 19478K->12825K(23808K), 0.0003330 secs] [Times: user=0.00 sys=0.00, real=0.00 secs] 
236.658: Total time for which application threads were stopped: 0.0024650 seconds, Stopping threads took: 0.0020730 seconds
236.692: Application time: 0.0338850 seconds
236.692: [GC236.692: [ParNew: 6852K->221K(7424K), 0.0002710 secs] 19481K->12849K(23808K), 0.0002880 secs] [Times: user=0.00 sys=0.00, real=0.00 secs] 
236.693: Total time for which application threads were stopped: 0.0004090 seconds, Stopping threads took: 0.0000740 seconds
236.726: Application time: 0.0330130 seconds
236.726: [GC236.726: [ParNew: 6877K->290K(7424K), 0.0002860 secs] 19505K->12918K(23808K), 0.0003050 secs] [Times: user=0.00 sys=0.00, real=0.00 secs] 
236.726: Total time for which application threads were stopped: 0.0004020 seconds, Stopping threads took: 0.0000450 seconds
236.760: Application time: 0.0340120 seconds
236.760: [GC236.760: [ParNew: 6946K->305K(7424K), 0.0002450 secs] 19574K->12934K(23808K), 0.0002640 secs] [Times: user=0.00 sys=0.00, real=0.00 secs] 
236.761: Total time for which application threads were stopped: 0.0003580 seconds, Stopping threads took: 0.0000430 seconds
236.794: Application time: 0.0333550 seconds
236.794: [GC236.794: [ParNew: 6961K->368K(7424K), 0.0002950 secs] 19590K->12996K(23808K), 0.0003140 secs] [Times: user=0.00 sys=0.00, real=0.01 secs] 
236.794: Total time for which application threads were stopped: 0.0004180 seconds, Stopping threads took: 0.0000440 seconds
236.828: Application time: 0.0341250 seconds
236.829: [GC236.829: [ParNew: 7024K->405K(7424K), 0.0003160 secs] 19652K->13034K(23808K), 0.0003330 secs] [Times: user=0.00 sys=0.00, real=0.00 secs] 
236.829: Total time for which application threads were stopped: 0.0004240 seconds, Stopping threads took: 0.0000410 seconds
236.863: Application time: 0.0342720 seconds
236.863: [GC236.863: [ParNew: 7061K->388K(7424K), 0.0002930 secs] 19690K->13016K(23808K), 0.0003100 secs] [Times: user=0.00 sys=0.00, real=0.00 secs] 
236.864: Total time for which application threads were stopped: 0.0004140 seconds, Stopping threads took: 0.0000560 seconds
236.898: Application time: 0.0341230 seconds
236.898: [GC236.898: [ParNew: 7044K->397K(7424K), 0.0002970 secs] 19672K->13025K(23808K), 0.0003140 secs] [Times: user=0.00 sys=0.00, real=0.00 secs] 
236.898: Total time for which application threads were stopped: 0.0004160 seconds, Stopping threads took: 0.0000540 seconds
236.933: Application time: 0.0347240 seconds
236.933: [GC236.933: [ParNew: 7053K->393K(7424K), 0.0002880 secs] 19681K->13022K(23808K), 0.0003050 secs] [Times: user=0.01 sys=0.00, real=0.00 secs] 
236.933: Total time for which application threads were stopped: 0.0004030 seconds, Stopping threads took: 0.0000480 seconds
236.967: Application time: 0.0341040 seconds
236.967: [GC236.967: [ParNew: 7049K->398K(7424K), 0.0003150 secs] 19678K->13026K(23808K), 0.0003320 secs] [Times: user=0.00 sys=0.00, real=0.00 secs] 
236.968: Total time for which application threads were stopped: 0.0004160 seconds, Stopping threads took: 0.0000340 seconds
237.002: Application time: 0.0342620 seconds
237.002: [GC237.002: [ParNew: 7054K->388K(7424K), 0.0002670 secs] 19682K->13017K(23808K), 0.0002840 secs] [Times: user=0.00 sys=0.00, real=0.00 secs] 
237.002: Total time for which application threads were stopped: 0.0003960 seconds, Stopping threads took: 0.0000620 seconds
237.037: Application time: 0.0343620 seconds
237.037: [GC237.037: [ParNew: 7044K->399K(7424K), 0.0002680 secs] 19673K->13028K(23808K), 0.0002860 secs] [Times: user=0.00 sys=0.00, real=0.00 secs] 
237.037: Total time for which application threads were stopped: 0.0003780 seconds, Stopping threads took: 0.0000440 seconds
237.072: Application time: 0.0345350 seconds
237.072: [GC237.072: [ParNew: 7055K->401K(7424K), 0.0002820 secs] 19684K->13029K(23808K), 0.0002980 secs] [Times: user=0.01 sys=0.00, real=0.00 secs] 
237.072: Total time for which application threads were stopped: 0.0003830 seconds, Stopping threads took: 0.0000370 seconds
237.106: Application time: 0.0341930 seconds
237.106: [GC237.106: [ParNew: 7057K->379K(7424K), 0.0002870 secs] 19685K->13055K(23808K), 0.0003040 secs] [Times: user=0.00 sys=0.00, real=0.00 secs] 
237.107: Total time for which application threads were stopped: 0.0004010 seconds, Stopping threads took: 0.0000460 seconds
237.141: Application time: 0.0343850 seconds
237.141: [GC237.141: [ParNew: 7035K->364K(7424K), 0.0003050 secs] 19711K->13040K(23808K), 0.0003230 secs] [Times: user=0.00 sys=0.00, real=0.00 secs] 
237.141: Total time for which application threads were stopped: 0.0004190 seconds, Stopping threads took: 0.0000450 seconds
237.176: Application time: 0.0343030 seconds
237.176: [GC237.176: [ParNew: 7020K->365K(7424K), 0.0002570 secs] 19696K->13042K(23808K), 0.0002740 secs] [Times: user=0.01 sys=0.00, real=0.00 secs] 
237.176: Total time for which application threads were stopped: 0.0003780 seconds, Stopping threads took: 0.0000440 seconds
237.211: Application time: 0.0345620 seconds
237.211: [GC237.211: [ParNew: 7021K->334K(7424K), 0.0002750 secs] 19698K->13066K(23808K), 0.0002930 secs] [Times: user=0.00 sys=0.00, real=0.00 secs] 
237.211: Total time for which application threads were stopped: 0.0003870 seconds, Stopping threads took: 0.0000420 seconds
237.246: Application time: 0.0344430 seconds
237.246: [GC237.246: [ParNew: 6990K->279K(7424K), 0.0002620 secs] 19722K->13107K(23808K), 0.0002870 secs] [Times: user=0.00 sys=0.00, real=0.00 secs] 
237.246: Total time for which application threads were stopped: 0.0003780 seconds, Stopping threads took: 0.0000390 seconds
237.280: Application time: 0.0345530 seconds
237.281: [GC237.281: [ParNew: 6935K->257K(7424K), 0.0003690 secs] 19763K->13142K(23808K), 0.0003850 secs] [Times: user=0.00 sys=0.00, real=0.00 secs] 
237.281: Total time for which application threads were stopped: 0.0004830 seconds, Stopping threads took: 0.0000500 seconds
237.315: Application time: 0.0341550 seconds
237.315: [GC237.315: [ParNew: 6913K->189K(7424K), 0.0003610 secs] 19798K->13161K(23808K), 0.0003850 secs] [Times: user=0.00 sys=0.00, real=0.00 secs] 
237.316: Total time for which application threads were stopped: 0.0005060 seconds, Stopping threads took: 0.0000530 seconds
237.350: Application time: 0.0341280 seconds
237.350: [GC237.350: [ParNew: 6845K->188K(7424K), 0.0002470 secs] 19817K->13224K(23808K), 0.0002670 secs] [Times: user=0.00 sys=0.00, real=0.00 secs] 
237.350: Total time for which application threads were stopped: 0.0003660 seconds, Stopping threads took: 0.0000440 seconds
237.386: Application time: 0.0354310 seconds
237.386: [GC237.386: [ParNew: 6844K->191K(7424K), 0.0002620 secs] 19880K->13227K(23808K), 0.0002830 secs] [Times: user=0.00 sys=0.00, real=0.00 secs] 
237.386: Total time for which application threads were stopped: 0.0004100 seconds, Stopping threads took: 0.0000640 seconds
237.420: Application time: 0.0340680 seconds
237.420: [GC237.420: [ParNew: 6847K->214K(7424K), 0.0003440 secs] 19883K->13250K(23808K), 0.0003610 secs] [Times: user=0.00 sys=0.00, real=0.00 secs] 
237.420: Total time for which application threads were stopped: 0.0004520 seconds, Stopping threads took: 0.0000420 seconds
237.454: Application time: 0.0333760 seconds
237.454: [GC237.454: [ParNew: 6870K->278K(7424K), 0.0002430 secs] 19906K->13315K(23808K), 0.0002600 secs] [Times: user=0.00 sys=0.00, real=0.01 secs] 
237.454: Total time for which application threads were stopped: 0.0003560 seconds, Stopping threads took: 0.0000470 seconds
237.489: Application time: 0.0344220 seconds
237.489: [GC237.489: [ParNew: 6934K->278K(7424K), 0.0002630 secs] 19971K->13315K(23808K), 0.0002810 secs] [Times: user=0.01 sys=0.00, real=0.00 secs] 
237.489: Total time for which application threads were stopped: 0.0003740 seconds, Stopping threads took: 0.0000440 seconds
237.522: Application time: 0.0333790 seconds
237.522: [GC237.522: [ParNew: 6934K->336K(7424K), 0.0002800 secs] 19971K->13372K(23808K), 0.0002970 secs] [Times: user=0.00 sys=0.00, real=0.00 secs] 
237.523: Total time for which application threads were stopped: 0.0003910 seconds, Stopping threads took: 0.0000460 seconds
237.557: Application time: 0.0340410 seconds
237.557: [GC237.557: [ParNew: 6992K->367K(7424K), 0.0003480 secs] 20028K->13404K(23808K), 0.0003670 secs] [Times: user=0.01 sys=0.00, real=0.00 secs] 
237.557: Total time for which application threads were stopped: 0.0004700 seconds, Stopping threads took: 0.0000510 seconds
237.591: Application time: 0.0339930 seconds
237.591: [GC237.591: [ParNew: 7023K->401K(7424K), 0.0003120 secs] 20060K->13437K(23808K), 0.0003290 secs] [Times: user=0.00 sys=0.00, real=0.00 secs] 
237.592: Total time for which application threads were stopped: 0.0004390 seconds, Stopping threads took: 0.0000580 seconds
237.626: Application time: 0.0342630 seconds
237.626: [GC237.626: [ParNew: 7057K->401K(7424K), 0.0002760 secs] 20093K->13438K(23808K), 0.0002930 secs] [Times: user=0.00 sys=0.00, real=0.00 secs] 
237.626: Total time for which application threads were stopped: 0.0003930 seconds, Stopping threads took: 0.0000490 seconds
237.661: Application time: 0.0343390 seconds
237.661: [GC237.661: [ParNew: 7057K->406K(7424K), 0.0003040 secs] 20094K->13443K(23808K), 0.0003220 secs] [Times: user=0.00 sys=0.00, real=0.00 secs] 
237.661: Total time for which application threads were stopped: 0.0004210 seconds, Stopping threads took: 0.0000500 seconds
237.695: Application time: 0.0342510 seconds
237.696: [GC237.696: [ParNew: 7062K->388K(7424K), 0.0002700 secs] 20099K->13425K(23808K), 0.0002960 secs] [Times: user=0.01 sys=0.00, real=0.00 secs] 
237.696: Total time for which application threads were stopped: 0.0004010 seconds, Stopping threads took: 0.0000470 seconds
237.730: Application time: 0.0344090 seconds
237.730: [GC237.730: [ParNew: 7044K->391K(7424K), 0.0003530 secs] 20081K->13428K(23808K), 0.0003700 secs] [Times: user=0.01 sys=0.00, real=0.00 secs] 
237.731: Total time for which application threads were stopped: 0.0004650 seconds, Stopping threads took: 0.0000460 seconds
237.765: Application time: 0.0341560 seconds
237.765: [GC237.765: [ParNew: 7047K->394K(7424K), 0.0003000 secs] 20084K->13431K(23808K), 0.0003180 secs] [Times: user=0.00 sys=0.00, real=0.00 secs] 
237.765: Total time for which application threads were stopped: 0.0004160 seconds, Stopping threads took: 0.0000460 seconds
237.800: Application time: 0.0345420 seconds
237.800: [GC237.800: [ParNew: 7050K->394K(7424K), 0.0002820 secs] 20087K->13430K(23808K), 0.0003000 secs] [Times: user=0.00 sys=0.00, real=0.00 secs] 
237.800: Total time for which application threads were stopped: 0.0003880 seconds, Stopping threads took: 0.0000380 seconds
237.834: Application time: 0.0342510 seconds
237.835: [GC237.835: [ParNew: 7050K->401K(7424K), 0.0002900 secs] 20086K->13438K(23808K), 0.0003080 secs] [Times: user=0.01 sys=0.00, real=0.00 secs] 
237.835: Total time for which application threads were stopped: 0.0004200 seconds, Stopping threads took: 0.0000640 seconds
237.869: Application time: 0.0340530 seconds
237.869: [GC237.869: [ParNew: 7057K->373K(7424K), 0.0002910 secs] 20094K->13474K(23808K), 0.0003080 secs] [Times: user=0.01 sys=0.00, real=0.00 secs] 
237.869: Total time for which application threads were stopped: 0.0003940 seconds, Stopping threads took: 0.0000380 seconds
237.903: Application time: 0.0340830 seconds
237.903: [GC237.903: [ParNew: 7029K->367K(7424K), 0.0002570 secs] 20130K->13467K(23808K), 0.0002750 secs] [Times: user=0.00 sys=0.00, real=0.00 secs] 
237.904: Total time for which application threads were stopped: 0.0003600 seconds, Stopping threads took: 0.0000370 seconds
237.938: Application time: 0.0345570 seconds
237.938: [GC237.938: [ParNew: 7023K->340K(7424K), 0.0002600 secs] 20123K->13489K(23808K), 0.0002770 secs] [Times: user=0.00 sys=0.00, real=0.00 secs] 
237.939: Total time for which application threads were stopped: 0.0003730 seconds, Stopping threads took: 0.0000480 seconds
237.973: Application time: 0.0344780 seconds
237.973: [GC237.973: [ParNew: 6996K->288K(7424K), 0.0002790 secs] 20145K->13525K(23808K), 0.0002970 secs] [Times: user=0.00 sys=0.00, real=0.00 secs] 
237.974: Total time for which application threads were stopped: 0.0003870 seconds, Stopping threads took: 0.0000400 seconds
238.008: Application time: 0.0341110 seconds
238.008: [GC238.008: [ParNew: 6944K->280K(7424K), 0.0002640 secs] 20181K->13517K(23808K), 0.0002810 secs] [Times: user=0.00 sys=0.00, real=0.00 secs] 
238.008: Total time for which application threads were stopped: 0.0003860 seconds, Stopping threads took: 0.0000560 seconds
238.043: Application time: 0.0346590 seconds
238.043: [GC238.043: [ParNew: 6936K->224K(7424K), 0.0002620 secs] 20173K->13556K(23808K), 0.0002790 secs] [Times: user=0.00 sys=0.00, real=0.00 secs] 
238.043: Total time for which application threads were stopped: 0.0003600 seconds, Stopping threads took: 0.0000330 seconds
238.077: Application time: 0.0338970 seconds
238.077: [GC238.077: [ParNew: 6880K->216K(7424K), 0.0003040 secs] 20212K->13596K(23808K), 0.0003230 secs] [Times: user=0.01 sys=0.00, real=0.00 secs] 
238.077: Total time for which application threads were stopped: 0.0004090 seconds, Stopping threads took: 0.0000360 seconds
238.112: Application time: 0.0341590 seconds
238.112: [GC238.112: [ParNew: 6872K->188K(7424K), 0.0003190 secs] 20252K->13617K(23808K), 0.0003360 secs] [Times: user=0.00 sys=0.00, real=0.00 secs] 
238.112: Total time for which application threads were stopped: 0.0004200 seconds, Stopping threads took: 0.0000370 seconds
238.146: Application time: 0.0340190 seconds
238.146: [GC238.146: [ParNew: 6844K->224K(7424K), 0.0002490 secs] 20273K->13653K(23808K), 0.0002750 secs] [Times: user=0.01 sys=0.00, real=0.00 secs] 
238.146: Total time for which application threads were stopped: 0.0003700 seconds, Stopping threads took: 0.0000470 seconds
238.180: Application time: 0.0338090 seconds
238.180: [GC238.180: [ParNew: 6880K->252K(7424K), 0.0002650 secs] 20309K->13681K(23808K), 0.0002850 secs] [Times: user=0.01 sys=0.00, real=0.00 secs] 
238.181: Total time for which application threads were stopped: 0.0003950 seconds, Stopping threads took: 0.0000590 seconds
238.214: Application time: 0.0337680 seconds
238.214: [GC238.214: [ParNew: 6908K->275K(7424K), 0.0002340 secs] 20337K->13704K(23808K), 0.0002510 secs] [Times: user=0.00 sys=0.00, real=0.00 secs] 
238.215: Total time for which application threads were stopped: 0.0003550 seconds, Stopping threads took: 0.0000470 seconds
238.249: Application time: 0.0338010 seconds
238.249: [GC238.249: [ParNew: 6931K->311K(7424K), 0.0002490 secs] 20360K->13740K(23808K), 0.0002680 secs] [Times: user=0.01 sys=0.00, real=0.00 secs] 
238.249: Total time for which application threads were stopped: 0.0003710 seconds, Stopping threads took: 0.0000520 seconds
238.282: Application time: 0.0332850 seconds
238.282: [GC238.282: [ParNew: 6967K->375K(7424K), 0.0002800 secs] 20396K->13804K(23808K), 0.0003000 secs] [Times: user=0.00 sys=0.00, real=0.00 secs] 
238.283: Total time for which application threads were stopped: 0.0003940 seconds, Stopping threads took: 0.0000420 seconds
238.317: Application time: 0.0339980 seconds
238.317: [GC238.317: [ParNew: 7031K->391K(7424K), 0.0003970 secs] 20460K->13820K(23808K), 0.0004220 secs] [Times: user=0.01 sys=0.00, real=0.00 secs] 
238.317: Total time for which application threads were stopped: 0.0005440 seconds, Stopping threads took: 0.0000550 seconds
238.351: Application time: 0.0342960 seconds
238.351: [GC238.352: [ParNew: 7047K->394K(7424K), 0.0002960 secs] 20476K->13823K(23808K), 0.0003150 secs] [Times: user=0.00 sys=0.00, real=0.00 secs] 
238.352: Total time for which application threads were stopped: 0.0004140 seconds, Stopping threads took: 0.0000470 seconds
238.387: Application time: 0.0347390 seconds
238.387: [GC238.387: [ParNew: 7050K->397K(7424K), 0.0002900 secs] 20479K->13826K(23808K), 0.0003080 secs] [Times: user=0.00 sys=0.00, real=0.00 secs] 
238.387: Total time for which application threads were stopped: 0.0004050 seconds, Stopping threads took: 0.0000490 seconds
238.421: Application time: 0.0340400 seconds
238.421: [GC238.421: [ParNew: 7053K->386K(7424K), 0.0003360 secs] 20482K->13815K(23808K), 0.0003530 secs] [Times: user=0.01 sys=0.00, real=0.00 secs] 
238.421: Total time for which application threads were stopped: 0.0004510 seconds, Stopping threads took: 0.0000510 seconds
238.456: Application time: 0.0343150 seconds
238.456: [GC238.456: [ParNew: 7042K->390K(7424K), 0.0002890 secs] 20471K->13819K(23808K), 0.0003070 secs] [Times: user=0.00 sys=0.00, real=0.00 secs] 
238.456: Total time for which application threads were stopped: 0.0003890 seconds, Stopping threads took: 0.0000320 seconds
238.490: Application time: 0.0341510 seconds
238.490: [GC238.490: [ParNew: 7046K->396K(7424K), 0.0002580 secs] 20475K->13825K(23808K), 0.0002740 secs] [Times: user=0.01 sys=0.00, real=0.00 secs] 
238.491: Total time for which application threads were stopped: 0.0003690 seconds, Stopping threads took: 0.0000440 seconds
238.525: Application time: 0.0344160 seconds
238.525: [GC238.525: [ParNew: 7052K->397K(7424K), 0.0002670 secs] 20481K->13826K(23808K), 0.0002840 secs] [Times: user=0.00 sys=0.00, real=0.00 secs] 
238.525: Total time for which application threads were stopped: 0.0003770 seconds, Stopping threads took: 0.0000430 seconds
238.560: Application time: 0.0341810 seconds
238.560: [GC238.560: [ParNew: 7053K->395K(7424K), 0.0003510 secs] 20482K->13824K(23808K), 0.0003670 secs] [Times: user=0.00 sys=0.00, real=0.00 secs] 
238.560: Total time for which application threads were stopped: 0.0004620 seconds, Stopping threads took: 0.0000470 seconds
238.595: Application time: 0.0349520 seconds
238.595: [GC238.595: [ParNew: 7051K->360K(7424K), 0.0002860 secs] 20480K->13853K(23808K), 0.0003110 secs] [Times: user=0.01 sys=0.00, real=0.00 secs] 
238.595: Total time for which application threads were stopped: 0.0004030 seconds, Stopping threads took: 0.0000420 seconds
238.630: Application time: 0.0341260 seconds
238.638: [GC238.638: [ParNew: 7016K->360K(7424K), 0.0002870 secs] 20509K->13853K(23808K), 0.0003040 secs] [Times: user=0.01 sys=0.00, real=0.00 secs] 
238.638: Total time for which application threads were stopped: 0.0083970 seconds, Stopping threads took: 0.0080430 seconds
238.673: Application time: 0.0346250 seconds
238.673: [GC238.673: [ParNew: 7016K->338K(7424K), 0.0002970 secs] 20509K->13895K(23808K), 0.0003140 secs] [Times: user=0.00 sys=0.00, real=0.00 secs] 
238.673: Total time for which application threads were stopped: 0.0004250 seconds, Stopping threads took: 0.0000620 seconds
238.707: Application time: 0.0343280 seconds
238.707: [GC238.708: [ParNew: 6994K->315K(7424K), 0.0002620 secs] 20551K->13936K(23808K), 0.0002800 secs] [Times: user=0.00 sys=0.00, real=0.00 secs] 
238.708: Total time for which application threads were stopped: 0.0003900 seconds, Stopping threads took: 0.0000610 seconds
238.742: Application time: 0.0341710 seconds
238.742: [GC238.742: [ParNew: 6971K->275K(7424K), 0.0002890 secs] 20592K->13936K(23808K), 0.0003060 secs] [Times: user=0.00 sys=0.00, real=0.00 secs] 
238.742: Total time for which application threads were stopped: 0.0004120 seconds, Stopping threads took: 0.0000440 seconds
238.777: Application time: 0.0347600 seconds
238.777: [GC238.777: [ParNew: 6931K->245K(7424K), 0.0002860 secs] 20592K->13962K(23808K), 0.0003030 secs] [Times: user=0.00 sys=0.00, real=0.00 secs] 
238.778: Total time for which application threads were stopped: 0.0003900 seconds, Stopping threads took: 0.0000410 seconds
238.812: Application time: 0.0340390 seconds
238.812: [GC238.812: [ParNew: 6901K->216K(7424K), 0.0002610 secs] 20618K->14021K(23808K), 0.0002780 secs] [Times: user=0.00 sys=0.00, real=0.00 secs] 
238.812: Total time for which application threads were stopped: 0.0003640 seconds, Stopping threads took: 0.0000370 seconds
238.846: Application time: 0.0341090 seconds
238.850: [GC238.850: [ParNew: 6872K->189K(7424K), 0.0002320 secs] 20677K->14058K(23808K), 0.0002510 secs] [Times: user=0.00 sys=0.00, real=0.00 secs] 
238.850: Total time for which application threads were stopped: 0.0040440 seconds, Stopping threads took: 0.0037440 seconds
238.885: Application time: 0.0351450 seconds
238.885: [GC238.885: [ParNew: 6845K->220K(7424K), 0.0002650 secs] 20714K->14089K(23808K), 0.0002850 secs] [Times: user=0.01 sys=0.00, real=0.00 secs] 
238.886: Total time for which application threads were stopped: 0.0003930 seconds, Stopping threads took: 0.0000500 seconds
238.920: Application time: 0.0341080 seconds
238.920: [GC238.920: [ParNew: 6876K->222K(7424K), 0.0002850 secs] 20745K->14091K(23808K), 0.0003060 secs] [Times: user=0.00 sys=0.00, real=0.00 secs] 
238.920: Total time for which application threads were stopped: 0.0004000 seconds, Stopping threads took: 0.0000440 seconds
238.954: Application time: 0.0338260 seconds
238.954: [GC238.954: [ParNew: 6878K->277K(7424K), 0.0003390 secs] 20747K->14147K(23808K), 0.0003570 secs] [Times: user=0.00 sys=0.00, real=0.00 secs] 
238.954: Total time for which application threads were stopped: 0.0004570 seconds, Stopping threads took: 0.0000460 seconds
238.988: Application time: 0.0338180 seconds
238.988: [GC238.988: [ParNew: 6933K->311K(7424K), 0.0002560 secs] 20803K->14180K(23808K), 0.0002730 secs] [Times: user=0.00 sys=0.00, real=0.00 secs] 
238.989: Total time for which application threads were stopped: 0.0003720 seconds, Stopping threads took: 0.0000510 seconds
239.022: Application time: 0.0333770 seconds
239.022: [GC239.022: [ParNew: 6967K->367K(7424K), 0.0002810 secs] 20836K->14237K(23808K), 0.0002970 secs] [Times: user=0.01 sys=0.00, real=0.00 secs] 
239.022: Total time for which application threads were stopped: 0.0004140 seconds, Stopping threads took: 0.0000600 seconds
239.056: Application time: 0.0339030 seconds
239.056: [GC239.056: [ParNew: 7023K->401K(7424K), 0.0002930 secs] 20893K->14270K(23808K), 0.0003110 secs] [Times: user=0.00 sys=0.00, real=0.00 secs] 
239.057: Total time for which application threads were stopped: 0.0004080 seconds, Stopping threads took: 0.0000470 seconds
239.091: Application time: 0.0341030 seconds
239.091: [GC239.091: [ParNew: 7057K->401K(7424K), 0.0003140 secs] 20926K->14270K(23808K), 0.0003330 secs] [Times: user=0.00 sys=0.00, real=0.00 secs] 
239.091: Total time for which application threads were stopped: 0.0004240 seconds, Stopping threads took: 0.0000440 seconds
239.126: Application time: 0.0344740 seconds
239.126: [GC239.126: [ParNew: 7057K->394K(7424K), 0.0002900 secs] 20926K->14264K(23808K), 0.0003080 secs] [Times: user=0.00 sys=0.00, real=0.00 secs] 
239.126: Total time for which application threads were stopped: 0.0004050 seconds, Stopping threads took: 0.0000480 seconds
239.161: Application time: 0.0344180 seconds
239.161: [GC239.161: [ParNew: 7050K->403K(7424K), 0.0003000 secs] 20920K->14272K(23808K), 0.0003200 secs] [Times: user=0.00 sys=0.00, real=0.00 secs] 
239.161: Total time for which application threads were stopped: 0.0004130 seconds, Stopping threads took: 0.0000400 seconds
239.195: Application time: 0.0341150 seconds
239.195: [GC239.195: [ParNew: 7059K->402K(7424K), 0.0002850 secs] 20928K->14271K(23808K), 0.0003030 secs] [Times: user=0.00 sys=0.00, real=0.00 secs] 
239.195: Total time for which application threads were stopped: 0.0004010 seconds, Stopping threads took: 0.0000470 seconds
239.230: Application time: 0.0343310 seconds
239.230: [GC239.230: [ParNew: 7058K->402K(7424K), 0.0002690 secs] 20927K->14271K(23808K), 0.0002860 secs] [Times: user=0.01 sys=0.00, real=0.00 secs] 
239.230: Total time for which application threads were stopped: 0.0003790 seconds, Stopping threads took: 0.0000470 seconds
239.265: Application time: 0.0344560 seconds
239.265: [GC239.265: [ParNew: 7058K->389K(7424K), 0.0002960 secs] 20927K->14258K(23808K), 0.0003140 secs] [Times: user=0.00 sys=0.00, real=0.00 secs] 
239.265: Total time for which application threads were stopped: 0.0004190 seconds, Stopping threads took: 0.0000460 seconds
239.299: Application time: 0.0341190 seconds
239.299: [GC239.299: [ParNew: 7045K->397K(7424K), 0.0002680 secs] 20914K->14266K(23808K), 0.0002850 secs] [Times: user=0.00 sys=0.00, real=0.00 secs] 
239.300: Total time for which application threads were stopped: 0.0003720 seconds, Stopping threads took: 0.0000370 seconds
239.334: Application time: 0.0346290 seconds
239.334: [GC239.334: [ParNew: 7053K->369K(7424K), 0.0003240 secs] 20922K->14294K(23808K), 0.0003490 secs] [Times: user=0.00 sys=0.00, real=0.00 secs] 
239.335: Total time for which application threads were stopped: 0.0004670 seconds, Stopping threads took: 0.0000530 seconds
239.369: Application time: 0.0340550 seconds
239.369: [GC239.369: [ParNew: 7025K->376K(7424K), 0.0002610 secs] 20950K->14301K(23808K), 0.0002810 secs] [Times: user=0.01 sys=0.00, real=0.00 secs] 
239.369: Total time for which application threads were stopped: 0.0003780 seconds, Stopping threads took: 0.0000430 seconds
239.403: Application time: 0.0343280 seconds
239.404: [GC239.404: [ParNew: 7032K->334K(7424K), 0.0003590 secs] 20957K->14323K(23808K), 0.0003790 secs] [Times: user=0.00 sys=0.00, real=0.00 secs] 
239.404: Total time for which application threads were stopped: 0.0004820 seconds, Stopping threads took: 0.0000490 seconds
239.438: Application time: 0.0342720 seconds
239.438: [GC239.438: [ParNew: 6990K->333K(7424K), 0.0003440 secs] 20979K->14322K(23808K), 0.0003620 secs] [Times: user=0.01 sys=0.00, real=0.00 secs] 
239.439: Total time for which application threads were stopped: 0.0004600 seconds, Stopping threads took: 0.0000480 seconds
239.473: Application time: 0.0344170 seconds
239.473: [GC239.473: [ParNew: 6989K->283K(7424K), 0.0003580 secs] 20978K->14360K(23808K), 0.0003820 secs] [Times: user=0.00 sys=0.00, real=0.00 secs] 
239.474: Total time for which application threads were stopped: 0.0004840 seconds, Stopping threads took: 0.0000530 seconds
239.508: Application time: 0.0343800 seconds
239.508: [GC239.508: [ParNew: 6939K->259K(7424K), 0.0003040 secs] 21016K->14384K(23808K), 0.0003220 secs] [Times: user=0.01 sys=0.00, real=0.00 secs] 
239.508: Total time for which application threads were stopped: 0.0004190 seconds, Stopping threads took: 0.0000500 seconds
239.542: Application time: 0.0337650 seconds
239.542: [GC239.542: [ParNew: 6915K->234K(7424K), 0.0002610 secs] 21040K->14456K(23808K), 0.0002790 secs] [Times: user=0.00 sys=0.00, real=0.00 secs] 
239.542: Total time for which application threads were stopped: 0.0003660 seconds, Stopping threads took: 0.0000390 seconds
239.577: Application time: 0.0341630 seconds
239.577: [GC239.577: [ParNew: 6890K->193K(7424K), 0.0002270 secs] 21112K->14479K(23808K), 0.0002450 secs] [Times: user=0.00 sys=0.00, real=0.00 secs] 
