Java HotSpot(TM) 64-Bit Server VM (24.80-b11) for linux-amd64 JRE (1.7.0_80-b15), built on Apr 10 2015 19:53:14 by "java_re" with gcc 4.3.0 20080428 (Red Hat 4.3.0-8)
Memory: 4k page, physical 8000092k(6013236k free), swap 8218620k(8218620k free)
CommandLine flags: -XX:InitialHeapSize=339585024 -XX:MaxHeapSize=339585024 -XX:+PrintGC -XX:+PrintGCApplicationConcurrentTime -XX:+PrintGCApplicationStoppedTime -XX:+PrintGCDetails -XX:+PrintGCTimeStamps -XX:-UseAdaptiveSizePolicy -XX:+UseCompressedOops -XX:+UseParallelGC -XX:+UseParallelOldGC 
1.009: Application time: 0.9837230 seconds
1.009: Total time for which application threads were stopped: 0.0000450 seconds, Stopping threads took: 0.0000120 seconds
4.031: Application time: 3.0216920 seconds
4.031: Total time for which application threads were stopped: 0.0000660 seconds, Stopping threads took: 0.0000100 seconds
14.890: Application time: 10.8596750 seconds
14.890: Total time for which application threads were stopped: 0.0000230 seconds, Stopping threads took: 0.0000090 seconds
14.891: Application time: 0.0000350 seconds
14.891: Total time for which application threads were stopped: 0.0000240 seconds, Stopping threads took: 0.0000080 seconds
14.892: Application time: 0.0015090 seconds
14.892: Total time for which application threads were stopped: 0.0000240 seconds, Stopping threads took: 0.0000180 seconds
14.913: Application time: 0.0206660 seconds
14.913: Total time for which application threads were stopped: 0.0000390 seconds, Stopping threads took: 0.0000100 seconds
14.925: Application time: 0.0124050 seconds
14.925: [GC [PSYoungGen: 13346K->3353K(96768K)] 13346K->3361K(317952K), 0.0023780 secs] [Times: user=0.01 sys=0.01, real=0.01 secs] 
14.928: [Full GC [PSYoungGen: 3353K->0K(96768K)] [ParOldGen: 8K->3145K(221184K)] 3361K->3145K(317952K) [PSPermGen: 5076K->5074K(21504K)], 0.0107560 secs] [Times: user=0.02 sys=0.02, real=0.01 secs] 
14.938: Total time for which application threads were stopped: 0.0132640 seconds, Stopping threads took: 0.0000170 seconds
14.939: Application time: 0.0000430 seconds
14.939: [GC [PSYoungGen: 0K->0K(96768K)] 3145K->3145K(317952K), 0.0002960 secs] [Times: user=0.00 sys=0.00, real=0.00 secs] 
14.939: [Full GC [PSYoungGen: 0K->0K(96768K)] [ParOldGen: 3145K->3145K(221184K)] 3145K->3145K(317952K) [PSPermGen: 5074K->5074K(21504K)], 0.0039220 secs] [Times: user=0.01 sys=0.00, real=0.00 secs] 
14.943: Total time for which application threads were stopped: 0.0043060 seconds, Stopping threads took: 0.0000060 seconds
14.943: Application time: 0.0000700 seconds
14.943: Total time for which application threads were stopped: 0.0000300 seconds, Stopping threads took: 0.0000210 seconds
14.943: Application time: 0.0000300 seconds
14.943: Total time for which application threads were stopped: 0.0000160 seconds, Stopping threads took: 0.0000110 seconds
14.943: Application time: 0.0000410 seconds
14.943: Total time for which application threads were stopped: 0.0000180 seconds, Stopping threads took: 0.0000140 seconds
14.943: Application time: 0.0000190 seconds
14.943: Total time for which application threads were stopped: 0.0000160 seconds, Stopping threads took: 0.0000120 seconds
14.943: Application time: 0.0000180 seconds
14.943: Total time for which application threads were stopped: 0.0000160 seconds, Stopping threads took: 0.0000120 seconds
14.943: Application time: 0.0000130 seconds
14.943: Total time for which application threads were stopped: 0.0000170 seconds, Stopping threads took: 0.0000130 seconds
14.943: Application time: 0.0000200 seconds
14.943: Total time for which application threads were stopped: 0.0000170 seconds, Stopping threads took: 0.0000130 seconds
14.943: Application time: 0.0000380 seconds
14.943: Total time for which application threads were stopped: 0.0000180 seconds, Stopping threads took: 0.0000140 seconds
14.943: Application time: 0.0000150 seconds
14.943: Total time for which application threads were stopped: 0.0000160 seconds, Stopping threads took: 0.0000120 seconds
14.943: Application time: 0.0000150 seconds
14.943: Total time for which application threads were stopped: 0.0000170 seconds, Stopping threads took: 0.0000130 seconds
14.943: Application time: 0.0001230 seconds
14.943: Total time for which application threads were stopped: 0.0000140 seconds, Stopping threads took: 0.0000100 seconds
14.943: Application time: 0.0000150 seconds
14.943: Total time for which application threads were stopped: 0.0000130 seconds, Stopping threads took: 0.0000100 seconds
14.943: Application time: 0.0000130 seconds
14.944: Total time for which application threads were stopped: 0.0000120 seconds, Stopping threads took: 0.0000090 seconds
14.944: Application time: 0.0000130 seconds
14.944: Total time for which application threads were stopped: 0.0000120 seconds, Stopping threads took: 0.0000090 seconds
14.944: Application time: 0.0000130 seconds
14.944: Total time for which application threads were stopped: 0.0000160 seconds, Stopping threads took: 0.0000120 seconds
14.944: Application time: 0.0000130 seconds
14.944: Total time for which application threads were stopped: 0.0000130 seconds, Stopping threads took: 0.0000090 seconds
14.944: Application time: 0.0000140 seconds
14.944: Total time for which application threads were stopped: 0.0000120 seconds, Stopping threads took: 0.0000090 seconds
14.944: Application time: 0.0000160 seconds
14.944: Total time for which application threads were stopped: 0.0000130 seconds, Stopping threads took: 0.0000100 seconds
14.944: Application time: 0.0000140 seconds
14.944: Total time for which application threads were stopped: 0.0000110 seconds, Stopping threads took: 0.0000080 seconds
14.944: Application time: 0.0000150 seconds
14.944: Total time for which application threads were stopped: 0.0000180 seconds, Stopping threads took: 0.0000090 seconds
14.944: Application time: 0.0004070 seconds
14.944: Total time for which application threads were stopped: 0.0000240 seconds, Stopping threads took: 0.0000180 seconds
14.946: Application time: 0.0018940 seconds
14.946: Total time for which application threads were stopped: 0.0000420 seconds, Stopping threads took: 0.0000360 seconds
14.946: Application time: 0.0001030 seconds
14.946: Total time for which application threads were stopped: 0.0000670 seconds, Stopping threads took: 0.0000540 seconds
14.947: Application time: 0.0005920 seconds
14.947: Total time for which application threads were stopped: 0.0000270 seconds, Stopping threads took: 0.0000170 seconds
14.963: Application time: 0.0159790 seconds
14.967: Total time for which application threads were stopped: 0.0045450 seconds, Stopping threads took: 0.0045240 seconds
15.067: Application time: 0.0993320 seconds
15.068: [GC [PSYoungGen: 82944K->6944K(96768K)] 86089K->10089K(317952K), 0.0021870 secs] [Times: user=0.00 sys=0.01, real=0.00 secs] 
15.070: Total time for which application threads were stopped: 0.0033310 seconds, Stopping threads took: 0.0010190 seconds
15.070: Application time: 0.0003770 seconds
15.072: Total time for which application threads were stopped: 0.0017170 seconds, Stopping threads took: 0.0016800 seconds
15.072: Application time: 0.0000410 seconds
15.074: Total time for which application threads were stopped: 0.0014370 seconds, Stopping threads took: 0.0014300 seconds
15.074: Application time: 0.0000290 seconds
15.074: Total time for which application threads were stopped: 0.0000960 seconds, Stopping threads took: 0.0000920 seconds
15.074: Application time: 0.0000410 seconds
15.075: Total time for which application threads were stopped: 0.0014470 seconds, Stopping threads took: 0.0014420 seconds
15.075: Application time: 0.0000210 seconds
15.077: Total time for which application threads were stopped: 0.0014450 seconds, Stopping threads took: 0.0014410 seconds
15.077: Application time: 0.0000340 seconds
15.077: Total time for which application threads were stopped: 0.0002680 seconds, Stopping threads took: 0.0002640 seconds
15.077: Application time: 0.0000340 seconds
15.077: Total time for which application threads were stopped: 0.0000640 seconds, Stopping threads took: 0.0000600 seconds
15.077: Application time: 0.0000310 seconds
15.077: Total time for which application threads were stopped: 0.0000540 seconds, Stopping threads took: 0.0000510 seconds
15.077: Application time: 0.0000340 seconds
15.079: Total time for which application threads were stopped: 0.0019050 seconds, Stopping threads took: 0.0018980 seconds
15.079: Application time: 0.0000250 seconds
15.079: Total time for which application threads were stopped: 0.0000230 seconds, Stopping threads took: 0.0000180 seconds
15.079: Application time: 0.0000290 seconds
15.079: Total time for which application threads were stopped: 0.0000840 seconds, Stopping threads took: 0.0000780 seconds
15.079: Application time: 0.0000280 seconds
15.079: Total time for which application threads were stopped: 0.0001170 seconds, Stopping threads took: 0.0001120 seconds
15.153: Application time: 0.0730770 seconds
15.155: [GC [PSYoungGen: 89888K->7792K(96768K)] 93033K->10937K(317952K), 0.0018930 secs] [Times: user=0.01 sys=0.00, real=0.01 secs] 
15.156: Total time for which application threads were stopped: 0.0039290 seconds, Stopping threads took: 0.0019550 seconds
15.230: Application time: 0.0734280 seconds
15.232: [GC [PSYoungGen: 90736K->7536K(96768K)] 93881K->10681K(317952K), 0.0022700 secs] [Times: user=0.01 sys=0.01, real=0.00 secs] 
15.234: Total time for which application threads were stopped: 0.0041990 seconds, Stopping threads took: 0.0018400 seconds
15.311: Application time: 0.0767040 seconds
15.312: [GC [PSYoungGen: 90480K->7504K(96768K)] 93625K->10649K(317952K), 0.0022250 secs] [Times: user=0.01 sys=0.00, real=0.00 secs] 
15.315: Total time for which application threads were stopped: 0.0038880 seconds, Stopping threads took: 0.0015790 seconds
15.389: Application time: 0.0738410 seconds
15.390: [GC [PSYoungGen: 90448K->7968K(96768K)] 93593K->11113K(317952K), 0.0023550 secs] [Times: user=0.01 sys=0.00, real=0.00 secs] 
15.393: Total time for which application threads were stopped: 0.0043010 seconds, Stopping threads took: 0.0018650 seconds
15.471: Application time: 0.0786190 seconds
15.475: [GC [PSYoungGen: 90912K->7312K(96768K)] 94057K->10457K(317952K), 0.0022800 secs] [Times: user=0.01 sys=0.00, real=0.00 secs] 
15.478: Total time for which application threads were stopped: 0.0062110 seconds, Stopping threads took: 0.0038380 seconds
15.550: Application time: 0.0725460 seconds
15.552: [GC [PSYoungGen: 90256K->7664K(96768K)] 93401K->10809K(317952K), 0.0022760 secs] [Times: user=0.01 sys=0.00, real=0.00 secs] 
15.555: Total time for which application threads were stopped: 0.0045160 seconds, Stopping threads took: 0.0021640 seconds
15.631: Application time: 0.0759760 seconds
15.633: [GC [PSYoungGen: 90608K->6960K(96768K)] 93753K->10105K(317952K), 0.0023790 secs] [Times: user=0.02 sys=0.00, real=0.01 secs] 
15.635: Total time for which application threads were stopped: 0.0046260 seconds, Stopping threads took: 0.0021650 seconds
15.717: Application time: 0.0816850 seconds
15.721: [GC [PSYoungGen: 89904K->6864K(96768K)] 93049K->10009K(317952K), 0.0020920 secs] [Times: user=0.01 sys=0.01, real=0.00 secs] 
15.723: Total time for which application threads were stopped: 0.0057100 seconds, Stopping threads took: 0.0035360 seconds
15.798: Application time: 0.0755770 seconds
15.799: [GC [PSYoungGen: 89808K->7104K(96768K)] 92953K->10249K(317952K), 0.0020910 secs] [Times: user=0.01 sys=0.00, real=0.00 secs] 
15.802: Total time for which application threads were stopped: 0.0032150 seconds, Stopping threads took: 0.0010430 seconds
15.878: Application time: 0.0761080 seconds
15.879: [GC [PSYoungGen: 90048K->5328K(96768K)] 93193K->8473K(317952K), 0.0016850 secs] [Times: user=0.01 sys=0.00, real=0.00 secs] 
15.880: Total time for which application threads were stopped: 0.0028130 seconds, Stopping threads took: 0.0010530 seconds
15.957: Application time: 0.0769320 seconds
15.959: [GC [PSYoungGen: 88272K->5632K(96768K)] 91417K->8777K(317952K), 0.0016430 secs] [Times: user=0.01 sys=0.00, real=0.00 secs] 
15.961: Total time for which application threads were stopped: 0.0031850 seconds, Stopping threads took: 0.0014600 seconds
16.033: Application time: 0.0726610 seconds
16.035: [GC [PSYoungGen: 88576K->8416K(96768K)] 91721K->11561K(317952K), 0.0025570 secs] [Times: user=0.02 sys=0.00, real=0.00 secs] 
16.038: Total time for which application threads were stopped: 0.0046520 seconds, Stopping threads took: 0.0020020 seconds
16.113: Application time: 0.0747210 seconds
16.115: [GC [PSYoungGen: 91360K->7120K(96768K)] 94505K->10265K(317952K), 0.0021540 secs] [Times: user=0.01 sys=0.00, real=0.01 secs] 
16.117: Total time for which application threads were stopped: 0.0043500 seconds, Stopping threads took: 0.0021110 seconds
16.192: Application time: 0.0753930 seconds
16.195: [GC [PSYoungGen: 90064K->8208K(96768K)] 93209K->11353K(317952K), 0.0024660 secs] [Times: user=0.01 sys=0.00, real=0.01 secs] 
16.197: Total time for which application threads were stopped: 0.0048110 seconds, Stopping threads took: 0.0022630 seconds
16.274: Application time: 0.0772320 seconds
16.276: [GC [PSYoungGen: 91152K->7952K(96768K)] 94297K->11169K(317952K), 0.0023770 secs] [Times: user=0.01 sys=0.01, real=0.00 secs] 
16.278: Total time for which application threads were stopped: 0.0039370 seconds, Stopping threads took: 0.0014770 seconds
16.352: Application time: 0.0734700 seconds
16.354: [GC [PSYoungGen: 90896K->7648K(96768K)] 94113K->10889K(317952K), 0.0022980 secs] [Times: user=0.01 sys=0.00, real=0.01 secs] 
16.357: Total time for which application threads were stopped: 0.0046930 seconds, Stopping threads took: 0.0023150 seconds
16.430: Application time: 0.0731120 seconds
16.432: [GC [PSYoungGen: 90592K->7712K(96768K)] 93833K->10953K(317952K), 0.0022320 secs] [Times: user=0.01 sys=0.00, real=0.00 secs] 
16.434: Total time for which application threads were stopped: 0.0047350 seconds, Stopping threads took: 0.0024240 seconds
16.509: Application time: 0.0742490 seconds
16.511: [GC [PSYoungGen: 90656K->7008K(96768K)] 93897K->10249K(317952K), 0.0021080 secs] [Times: user=0.01 sys=0.00, real=0.00 secs] 
16.513: Total time for which application threads were stopped: 0.0046400 seconds, Stopping threads took: 0.0024510 seconds
16.587: Application time: 0.0740370 seconds
16.590: [GC [PSYoungGen: 89952K->8064K(96768K)] 93193K->11305K(317952K), 0.0023670 secs] [Times: user=0.01 sys=0.00, real=0.00 secs] 
16.592: Total time for which application threads were stopped: 0.0049010 seconds, Stopping threads took: 0.0024460 seconds
16.671: Application time: 0.0789570 seconds
16.673: [GC [PSYoungGen: 91008K->7856K(96768K)] 94249K->11097K(317952K), 0.0023410 secs] [Times: user=0.02 sys=0.01, real=0.01 secs] 
16.675: Total time for which application threads were stopped: 0.0041130 seconds, Stopping threads took: 0.0016890 seconds
16.754: Application time: 0.0784510 seconds
16.755: [GC [PSYoungGen: 90800K->7872K(96768K)] 94041K->11137K(317952K), 0.0023740 secs] [Times: user=0.02 sys=0.00, real=0.01 secs] 
16.757: Total time for which application threads were stopped: 0.0037170 seconds, Stopping threads took: 0.0012620 seconds
16.836: Application time: 0.0785100 seconds
16.837: [GC [PSYoungGen: 90816K->7840K(96768K)] 94081K->11113K(317952K), 0.0023830 secs] [Times: user=0.02 sys=0.00, real=0.00 secs] 
16.839: Total time for which application threads were stopped: 0.0030280 seconds, Stopping threads took: 0.0005660 seconds
16.920: Application time: 0.0814320 seconds
16.922: [GC [PSYoungGen: 90784K->5952K(96768K)] 94057K->9225K(317952K), 0.0017260 secs] [Times: user=0.01 sys=0.00, real=0.00 secs] 
16.924: Total time for which application threads were stopped: 0.0033280 seconds, Stopping threads took: 0.0015210 seconds
17.006: Application time: 0.0820520 seconds
17.008: [GC [PSYoungGen: 88896K->6080K(96768K)] 92169K->9353K(317952K), 0.0017670 secs] [Times: user=0.02 sys=0.00, real=0.00 secs] 
17.010: Total time for which application threads were stopped: 0.0039000 seconds, Stopping threads took: 0.0020550 seconds
17.089: Application time: 0.0796990 seconds
17.091: [GC [PSYoungGen: 89024K->5120K(96768K)] 92297K->8393K(317952K), 0.0014160 secs] [Times: user=0.00 sys=0.01, real=0.00 secs] 
17.093: Total time for which application threads were stopped: 0.0035230 seconds, Stopping threads took: 0.0020140 seconds
17.174: Application time: 0.0806760 seconds
17.175: [GC [PSYoungGen: 88064K->6432K(96768K)] 91337K->9705K(317952K), 0.0018500 secs] [Times: user=0.01 sys=0.00, real=0.01 secs] 
17.177: Total time for which application threads were stopped: 0.0032760 seconds, Stopping threads took: 0.0013480 seconds
17.256: Application time: 0.0787830 seconds
17.259: [GC [PSYoungGen: 89376K->7392K(96768K)] 92649K->10673K(317952K), 0.0021200 secs] [Times: user=0.02 sys=0.00, real=0.00 secs] 
17.261: Total time for which application threads were stopped: 0.0051370 seconds, Stopping threads took: 0.0029380 seconds
17.339: Application time: 0.0784120 seconds
17.342: [GC [PSYoungGen: 90336K->7520K(96768K)] 93617K->10809K(317952K), 0.0022540 secs] [Times: user=0.02 sys=0.00, real=0.00 secs] 
17.344: Total time for which application threads were stopped: 0.0050460 seconds, Stopping threads took: 0.0027120 seconds
17.427: Application time: 0.0825960 seconds
17.429: [GC [PSYoungGen: 90464K->7744K(96768K)] 93753K->11033K(317952K), 0.0023060 secs] [Times: user=0.02 sys=0.00, real=0.00 secs] 
17.432: Total time for which application threads were stopped: 0.0047400 seconds, Stopping threads took: 0.0023540 seconds
17.507: Application time: 0.0757660 seconds
17.509: [GC [PSYoungGen: 90688K->6640K(96768K)] 93977K->9929K(317952K), 0.0019540 secs] [Times: user=0.01 sys=0.00, real=0.00 secs] 
17.511: Total time for which application threads were stopped: 0.0035200 seconds, Stopping threads took: 0.0014830 seconds
17.590: Application time: 0.0786550 seconds
17.591: [GC [PSYoungGen: 89584K->7232K(96768K)] 92873K->10545K(317952K), 0.0021480 secs] [Times: user=0.02 sys=0.00, real=0.00 secs] 
17.594: Total time for which application threads were stopped: 0.0040710 seconds, Stopping threads took: 0.0018410 seconds
17.670: Application time: 0.0762360 seconds
17.672: [GC [PSYoungGen: 90176K->7840K(96768K)] 93489K->11153K(317952K), 0.0023560 secs] [Times: user=0.02 sys=0.00, real=0.00 secs] 
17.675: Total time for which application threads were stopped: 0.0047940 seconds, Stopping threads took: 0.0023450 seconds
17.756: Application time: 0.0814860 seconds
17.757: [GC [PSYoungGen: 90784K->6496K(96768K)] 94097K->9817K(317952K), 0.0019340 secs] [Times: user=0.01 sys=0.00, real=0.00 secs] 
17.759: Total time for which application threads were stopped: 0.0023540 seconds, Stopping threads took: 0.0003410 seconds
17.841: Application time: 0.0825050 seconds
17.842: [GC [PSYoungGen: 89440K->4720K(96768K)] 92761K->8049K(317952K), 0.0014010 secs] [Times: user=0.01 sys=0.00, real=0.00 secs] 
17.844: Total time for which application threads were stopped: 0.0025350 seconds, Stopping threads took: 0.0010590 seconds
17.918: Application time: 0.0745730 seconds
17.921: [GC [PSYoungGen: 87664K->6544K(96768K)] 90993K->9873K(317952K), 0.0018890 secs] [Times: user=0.01 sys=0.00, real=0.00 secs] 
17.922: Total time for which application threads were stopped: 0.0042920 seconds, Stopping threads took: 0.0023260 seconds
17.997: Application time: 0.0749840 seconds
17.999: [GC [PSYoungGen: 89488K->7760K(96768K)] 92817K->11089K(317952K), 0.0022620 secs] [Times: user=0.02 sys=0.00, real=0.00 secs] 
18.002: Total time for which application threads were stopped: 0.0042190 seconds, Stopping threads took: 0.0018770 seconds
18.078: Application time: 0.0764790 seconds
18.080: [GC [PSYoungGen: 90704K->6960K(96768K)] 94033K->10289K(317952K), 0.0020250 secs] [Times: user=0.01 sys=0.00, real=0.00 secs] 
18.082: Total time for which application threads were stopped: 0.0040150 seconds, Stopping threads took: 0.0019080 seconds
18.163: Application time: 0.0811570 seconds
18.164: [GC [PSYoungGen: 89904K->6976K(96768K)] 93233K->10305K(317952K), 0.0020840 secs] [Times: user=0.01 sys=0.00, real=0.00 secs] 
18.166: Total time for which application threads were stopped: 0.0028830 seconds, Stopping threads took: 0.0007220 seconds
18.243: Application time: 0.0766930 seconds
18.243: [GC [PSYoungGen: 89920K->6976K(96768K)] 93249K->10313K(317952K), 0.0019980 secs] [Times: user=0.01 sys=0.01, real=0.00 secs] 
18.245: Total time for which application threads were stopped: 0.0023390 seconds, Stopping threads took: 0.0002570 seconds
18.318: Application time: 0.0727490 seconds
18.320: [GC [PSYoungGen: 89920K->8000K(96768K)] 93257K->11345K(317952K), 0.0023640 secs] [Times: user=0.02 sys=0.01, real=0.00 secs] 
18.323: Total time for which application threads were stopped: 0.0047600 seconds, Stopping threads took: 0.0023140 seconds
18.401: Application time: 0.0781140 seconds
18.403: [GC [PSYoungGen: 90944K->8080K(96768K)] 94289K->11425K(317952K), 0.0025110 secs] [Times: user=0.01 sys=0.00, real=0.00 secs] 
18.406: Total time for which application threads were stopped: 0.0050830 seconds, Stopping threads took: 0.0024890 seconds
18.480: Application time: 0.0735430 seconds
18.482: [GC [PSYoungGen: 91024K->8048K(96768K)] 94369K->11393K(317952K), 0.0024490 secs] [Times: user=0.02 sys=0.00, real=0.00 secs] 
18.484: Total time for which application threads were stopped: 0.0046240 seconds, Stopping threads took: 0.0020920 seconds
18.559: Application time: 0.0752700 seconds
18.561: [GC [PSYoungGen: 90992K->6880K(96768K)] 94337K->10225K(317952K), 0.0020850 secs] [Times: user=0.02 sys=0.00, real=0.00 secs] 
18.563: Total time for which application threads were stopped: 0.0035590 seconds, Stopping threads took: 0.0013960 seconds
18.642: Application time: 0.0786090 seconds
18.642: [GC [PSYoungGen: 89824K->4992K(96768K)] 93169K->8337K(317952K), 0.0015800 secs] [Times: user=0.01 sys=0.00, real=0.00 secs] 
18.644: Total time for which application threads were stopped: 0.0021920 seconds, Stopping threads took: 0.0005390 seconds
18.720: Application time: 0.0765340 seconds
18.722: [GC [PSYoungGen: 87936K->6944K(96768K)] 91281K->10297K(317952K), 0.0021400 secs] [Times: user=0.01 sys=0.00, real=0.00 secs] 
18.724: Total time for which application threads were stopped: 0.0038920 seconds, Stopping threads took: 0.0016690 seconds
18.798: Application time: 0.0740110 seconds
18.800: [GC [PSYoungGen: 89888K->7088K(96768K)] 93241K->10457K(317952K), 0.0021310 secs] [Times: user=0.01 sys=0.00, real=0.00 secs] 
18.802: Total time for which application threads were stopped: 0.0039150 seconds, Stopping threads took: 0.0016940 seconds
18.875: Application time: 0.0732820 seconds
18.878: [GC [PSYoungGen: 90032K->8160K(96768K)] 93401K->11537K(317952K), 0.0024170 secs] [Times: user=0.02 sys=0.00, real=0.00 secs] 
18.880: Total time for which application threads were stopped: 0.0047100 seconds, Stopping threads took: 0.0022080 seconds
18.954: Application time: 0.0734620 seconds
18.956: [GC [PSYoungGen: 91104K->8160K(96768K)] 94481K->11537K(317952K), 0.0024870 secs] [Times: user=0.01 sys=0.00, real=0.00 secs] 
18.958: Total time for which application threads were stopped: 0.0047560 seconds, Stopping threads took: 0.0021890 seconds
19.036: Application time: 0.0779110 seconds
19.037: [GC [PSYoungGen: 91104K->4560K(96768K)] 94481K->7937K(317952K), 0.0014250 secs] [Times: user=0.01 sys=0.00, real=0.00 secs] 
19.038: Total time for which application threads were stopped: 0.0018000 seconds, Stopping threads took: 0.0003010 seconds
19.112: Application time: 0.0742760 seconds
19.114: [GC [PSYoungGen: 87504K->6576K(96768K)] 90881K->9953K(317952K), 0.0019500 secs] [Times: user=0.02 sys=0.00, real=0.01 secs] 
19.116: Total time for which application threads were stopped: 0.0034560 seconds, Stopping threads took: 0.0014260 seconds
19.190: Application time: 0.0740000 seconds
19.192: [GC [PSYoungGen: 89520K->6768K(96768K)] 92897K->10145K(317952K), 0.0019690 secs] [Times: user=0.01 sys=0.01, real=0.00 secs] 
19.194: Total time for which application threads were stopped: 0.0042540 seconds, Stopping threads took: 0.0022080 seconds
19.272: Application time: 0.0775270 seconds
19.273: [GC [PSYoungGen: 89712K->6480K(96768K)] 93089K->9865K(317952K), 0.0018870 secs] [Times: user=0.01 sys=0.00, real=0.00 secs] 
19.275: Total time for which application threads were stopped: 0.0029730 seconds, Stopping threads took: 0.0010080 seconds
19.350: Application time: 0.0754130 seconds
19.351: [GC [PSYoungGen: 89424K->6944K(96768K)] 92809K->10337K(317952K), 0.0020920 secs] [Times: user=0.01 sys=0.00, real=0.00 secs] 
19.354: Total time for which application threads were stopped: 0.0035600 seconds, Stopping threads took: 0.0013720 seconds
19.430: Application time: 0.0766060 seconds
19.433: [GC [PSYoungGen: 89888K->7504K(96768K)] 93281K->10897K(317952K), 0.0021770 secs] [Times: user=0.01 sys=0.00, real=0.00 secs] 
19.435: Total time for which application threads were stopped: 0.0049090 seconds, Stopping threads took: 0.0026530 seconds
19.508: Application time: 0.0732500 seconds
19.510: [GC [PSYoungGen: 90448K->7376K(96768K)] 93841K->10769K(317952K), 0.0023190 secs] [Times: user=0.01 sys=0.00, real=0.00 secs] 
19.513: Total time for which application threads were stopped: 0.0042010 seconds, Stopping threads took: 0.0018000 seconds
19.586: Application time: 0.0730010 seconds
19.588: [GC [PSYoungGen: 90320K->8224K(96768K)] 93713K->11649K(317952K), 0.0029100 secs] [Times: user=0.02 sys=0.00, real=0.00 secs] 
19.591: Total time for which application threads were stopped: 0.0050760 seconds, Stopping threads took: 0.0020880 seconds
19.666: Application time: 0.0751220 seconds
19.668: [GC [PSYoungGen: 91168K->6640K(96768K)] 94593K->10065K(317952K), 0.0020550 secs] [Times: user=0.01 sys=0.00, real=0.00 secs] 
19.670: Total time for which application threads were stopped: 0.0044270 seconds, Stopping threads took: 0.0022930 seconds
19.744: Application time: 0.0738170 seconds
19.746: [GC [PSYoungGen: 89584K->7296K(96768K)] 93009K->10729K(317952K), 0.0026350 secs] [Times: user=0.01 sys=0.00, real=0.01 secs] 
19.748: Total time for which application threads were stopped: 0.0044010 seconds, Stopping threads took: 0.0016920 seconds
19.824: Application time: 0.0757920 seconds
19.827: [GC [PSYoungGen: 90240K->7120K(96768K)] 93673K->10561K(317952K), 0.0022020 secs] [Times: user=0.01 sys=0.00, real=0.00 secs] 
19.830: Total time for which application threads were stopped: 0.0053510 seconds, Stopping threads took: 0.0030750 seconds
19.903: Application time: 0.0733150 seconds
19.905: [GC [PSYoungGen: 90064K->7696K(96768K)] 93505K->11137K(317952K), 0.0023310 secs] [Times: user=0.02 sys=0.00, real=0.01 secs] 
19.908: Total time for which application threads were stopped: 0.0050100 seconds, Stopping threads took: 0.0025840 seconds
19.983: Application time: 0.0752640 seconds
19.986: [GC [PSYoungGen: 90640K->7488K(96768K)] 94081K->10929K(317952K), 0.0021910 secs] [Times: user=0.02 sys=0.00, real=0.01 secs] 
19.988: Total time for which application threads were stopped: 0.0048580 seconds, Stopping threads took: 0.0025810 seconds
20.066: Application time: 0.0785180 seconds
20.069: [GC [PSYoungGen: 90432K->4992K(96768K)] 93873K->8433K(317952K), 0.0016270 secs] [Times: user=0.01 sys=0.00, real=0.00 secs] 
20.071: Total time for which application threads were stopped: 0.0040770 seconds, Stopping threads took: 0.0023750 seconds
20.150: Application time: 0.0798570 seconds
20.152: [GC [PSYoungGen: 87936K->4304K(96768K)] 91377K->7745K(317952K), 0.0016940 secs] [Times: user=0.01 sys=0.00, real=0.00 secs] 
20.154: Total time for which application threads were stopped: 0.0032090 seconds, Stopping threads took: 0.0014420 seconds
20.227: Application time: 0.0733660 seconds
20.229: [GC [PSYoungGen: 87248K->8384K(96768K)] 90689K->11841K(317952K), 0.0024930 secs] [Times: user=0.02 sys=0.00, real=0.00 secs] 
20.232: Total time for which application threads were stopped: 0.0045250 seconds, Stopping threads took: 0.0019380 seconds
20.305: Application time: 0.0734010 seconds
20.307: [GC [PSYoungGen: 91328K->7280K(96768K)] 94785K->10745K(317952K), 0.0021840 secs] [Times: user=0.01 sys=0.00, real=0.00 secs] 
20.310: Total time for which application threads were stopped: 0.0046210 seconds, Stopping threads took: 0.0023580 seconds
20.384: Application time: 0.0745010 seconds
20.386: [GC [PSYoungGen: 90224K->8400K(96768K)] 93689K->11865K(317952K), 0.0024600 secs] [Times: user=0.01 sys=0.00, real=0.01 secs] 
20.389: Total time for which application threads were stopped: 0.0044820 seconds, Stopping threads took: 0.0019320 seconds
20.464: Application time: 0.0750050 seconds
20.466: [GC [PSYoungGen: 91344K->7168K(96768K)] 94809K->10633K(317952K), 0.0022450 secs] [Times: user=0.01 sys=0.00, real=0.01 secs] 
20.469: Total time for which application threads were stopped: 0.0051790 seconds, Stopping threads took: 0.0028250 seconds
20.549: Application time: 0.0802980 seconds
20.552: [GC [PSYoungGen: 90112K->4880K(96768K)] 93577K->8345K(317952K), 0.0015410 secs] [Times: user=0.00 sys=0.00, real=0.00 secs] 
20.553: Total time for which application threads were stopped: 0.0041540 seconds, Stopping threads took: 0.0025230 seconds
20.633: Application time: 0.0802130 seconds
20.635: [GC [PSYoungGen: 87824K->4272K(96768K)] 91289K->7737K(317952K), 0.0012910 secs] [Times: user=0.00 sys=0.00, real=0.01 secs] 
20.636: Total time for which application threads were stopped: 0.0028590 seconds, Stopping threads took: 0.0014950 seconds
20.709: Application time: 0.0726290 seconds
20.711: [GC [PSYoungGen: 87216K->7056K(96768K)] 90681K->10537K(317952K), 0.0020930 secs] [Times: user=0.01 sys=0.00, real=0.00 secs] 
20.713: Total time for which application threads were stopped: 0.0043020 seconds, Stopping threads took: 0.0021280 seconds
20.792: Application time: 0.0791710 seconds
20.795: [GC [PSYoungGen: 90000K->6608K(96768K)] 93481K->10097K(317952K), 0.0019250 secs] [Times: user=0.01 sys=0.00, real=0.01 secs] 
20.797: Total time for which application threads were stopped: 0.0043650 seconds, Stopping threads took: 0.0023610 seconds
20.874: Application time: 0.0773840 seconds
20.876: [GC [PSYoungGen: 89552K->5296K(96768K)] 93041K->8809K(317952K), 0.0015330 secs] [Times: user=0.01 sys=0.00, real=0.00 secs] 
20.878: Total time for which application threads were stopped: 0.0035500 seconds, Stopping threads took: 0.0019390 seconds
20.953: Application time: 0.0757060 seconds
20.955: [GC [PSYoungGen: 88240K->7952K(96768K)] 91753K->11465K(317952K), 0.0023710 secs] [Times: user=0.02 sys=0.00, real=0.01 secs] 
20.957: Total time for which application threads were stopped: 0.0040100 seconds, Stopping threads took: 0.0015570 seconds
21.033: Application time: 0.0755520 seconds
21.034: [GC [PSYoungGen: 90896K->5552K(96768K)] 94409K->9065K(317952K), 0.0017540 secs] [Times: user=0.01 sys=0.00, real=0.01 secs] 
21.036: Total time for which application threads were stopped: 0.0029820 seconds, Stopping threads took: 0.0011390 seconds
21.111: Application time: 0.0749710 seconds
21.113: [GC [PSYoungGen: 88496K->6912K(96768K)] 92009K->10425K(317952K), 0.0020430 secs] [Times: user=0.01 sys=0.00, real=0.00 secs] 
21.115: Total time for which application threads were stopped: 0.0040560 seconds, Stopping threads took: 0.0019330 seconds
21.197: Application time: 0.0817380 seconds
21.197: [GC [PSYoungGen: 89856K->4544K(96768K)] 93369K->8073K(317952K), 0.0013840 secs] [Times: user=0.01 sys=0.00, real=0.00 secs] 
21.198: Total time for which application threads were stopped: 0.0016740 seconds, Stopping threads took: 0.0002150 seconds
21.280: Application time: 0.0814690 seconds
21.282: [GC [PSYoungGen: 87488K->5328K(96768K)] 91017K->8865K(317952K), 0.0015850 secs] [Times: user=0.01 sys=0.00, real=0.00 secs] 
21.284: Total time for which application threads were stopped: 0.0038050 seconds, Stopping threads took: 0.0021460 seconds
21.362: Application time: 0.0779300 seconds
21.363: [GC [PSYoungGen: 88272K->7536K(96768K)] 91809K->11081K(317952K), 0.0021820 secs] [Times: user=0.02 sys=0.00, real=0.00 secs] 
21.365: Total time for which application threads were stopped: 0.0036370 seconds, Stopping threads took: 0.0013760 seconds
21.442: Application time: 0.0771450 seconds
21.443: [GC [PSYoungGen: 90480K->7120K(96768K)] 94025K->10665K(317952K), 0.0021720 secs] [Times: user=0.01 sys=0.00, real=0.00 secs] 
21.446: Total time for which application threads were stopped: 0.0032250 seconds, Stopping threads took: 0.0009730 seconds
21.520: Application time: 0.0744000 seconds
21.522: [GC [PSYoungGen: 90064K->7952K(96768K)] 93609K->11497K(317952K), 0.0024390 secs] [Times: user=0.02 sys=0.00, real=0.00 secs] 
21.525: Total time for which application threads were stopped: 0.0048240 seconds, Stopping threads took: 0.0023050 seconds
21.601: Application time: 0.0758740 seconds
21.602: [GC [PSYoungGen: 90896K->7168K(96768K)] 94441K->10713K(317952K), 0.0020840 secs] [Times: user=0.02 sys=0.00, real=0.00 secs] 
21.604: Total time for which application threads were stopped: 0.0036270 seconds, Stopping threads took: 0.0014480 seconds
21.680: Application time: 0.0761320 seconds
21.682: [GC [PSYoungGen: 90112K->6896K(96768K)] 93657K->10449K(317952K), 0.0022330 secs] [Times: user=0.01 sys=0.00, real=0.00 secs] 
21.685: Total time for which application threads were stopped: 0.0040500 seconds, Stopping threads took: 0.0017360 seconds
21.758: Application time: 0.0739000 seconds
21.760: [GC [PSYoungGen: 89840K->7200K(96768K)] 93393K->10761K(317952K), 0.0022290 secs] [Times: user=0.02 sys=0.00, real=0.00 secs] 
21.763: Total time for which application threads were stopped: 0.0041470 seconds, Stopping threads took: 0.0018380 seconds
21.837: Application time: 0.0744620 seconds
21.840: [GC [PSYoungGen: 90144K->6912K(96768K)] 93705K->10481K(317952K), 0.0020940 secs] [Times: user=0.02 sys=0.00, real=0.00 secs] 
21.842: Total time for which application threads were stopped: 0.0047210 seconds, Stopping threads took: 0.0025460 seconds
21.916: Application time: 0.0738960 seconds
21.918: [GC [PSYoungGen: 89856K->7888K(96768K)] 93425K->11465K(317952K), 0.0023690 secs] [Times: user=0.02 sys=0.00, real=0.00 secs] 
21.920: Total time for which application threads were stopped: 0.0042390 seconds, Stopping threads took: 0.0017880 seconds
21.995: Application time: 0.0753200 seconds
21.997: [GC [PSYoungGen: 90832K->5584K(96768K)] 94409K->9161K(317952K), 0.0016950 secs] [Times: user=0.01 sys=0.00, real=0.00 secs] 
21.999: Total time for which application threads were stopped: 0.0033630 seconds, Stopping threads took: 0.0015930 seconds
22.076: Application time: 0.0773360 seconds
22.078: [GC [PSYoungGen: 88528K->6064K(96768K)] 92105K->9641K(317952K), 0.0017850 secs] [Times: user=0.01 sys=0.00, real=0.00 secs] 
22.080: Total time for which application threads were stopped: 0.0036430 seconds, Stopping threads took: 0.0017810 seconds
22.157: Application time: 0.0778290 seconds
22.160: [GC [PSYoungGen: 89008K->5072K(96768K)] 92585K->8657K(317952K), 0.0016190 secs] [Times: user=0.01 sys=0.00, real=0.00 secs] 
22.161: Total time for which application threads were stopped: 0.0038930 seconds, Stopping threads took: 0.0021840 seconds
22.235: Application time: 0.0731780 seconds
22.236: [GC [PSYoungGen: 88016K->7120K(96768K)] 91601K->10713K(317952K), 0.0021290 secs] [Times: user=0.01 sys=0.00, real=0.00 secs] 
22.239: Total time for which application threads were stopped: 0.0041170 seconds, Stopping threads took: 0.0019060 seconds
22.315: Application time: 0.0761380 seconds
22.317: [GC [PSYoungGen: 90064K->8112K(96768K)] 93657K->11713K(317952K), 0.0023810 secs] [Times: user=0.02 sys=0.00, real=0.00 secs] 
22.319: Total time for which application threads were stopped: 0.0045510 seconds, Stopping threads took: 0.0020850 seconds
22.399: Application time: 0.0795720 seconds
22.401: [GC [PSYoungGen: 91056K->7168K(96768K)] 94657K->10777K(317952K), 0.0021460 secs] [Times: user=0.01 sys=0.00, real=0.00 secs] 
22.403: Total time for which application threads were stopped: 0.0042320 seconds, Stopping threads took: 0.0019810 seconds
22.484: Application time: 0.0810590 seconds
22.487: [GC [PSYoungGen: 90112K->4752K(96768K)] 93721K->8361K(317952K), 0.0015060 secs] [Times: user=0.01 sys=0.00, real=0.00 secs] 
22.489: Total time for which application threads were stopped: 0.0046280 seconds, Stopping threads took: 0.0030460 seconds
22.567: Application time: 0.0779300 seconds
22.570: [GC [PSYoungGen: 87696K->6464K(96768K)] 91305K->10073K(317952K), 0.0019820 secs] [Times: user=0.01 sys=0.00, real=0.00 secs] 
22.572: Total time for which application threads were stopped: 0.0053910 seconds, Stopping threads took: 0.0033250 seconds
22.651: Application time: 0.0783880 seconds
22.652: [GC [PSYoungGen: 89408K->6384K(96768K)] 93017K->9993K(317952K), 0.0019720 secs] [Times: user=0.01 sys=0.00, real=0.00 secs] 
22.654: Total time for which application threads were stopped: 0.0033580 seconds, Stopping threads took: 0.0013080 seconds
22.732: Application time: 0.0781030 seconds
22.734: [GC [PSYoungGen: 89328K->7712K(96768K)] 92937K->11329K(317952K), 0.0022900 secs] [Times: user=0.01 sys=0.00, real=0.01 secs] 
22.737: Total time for which application threads were stopped: 0.0047410 seconds, Stopping threads took: 0.0023600 seconds
22.812: Application time: 0.0754660 seconds
22.814: [GC [PSYoungGen: 90656K->7424K(96768K)] 94273K->11049K(317952K), 0.0022500 secs] [Times: user=0.01 sys=0.00, real=0.01 secs] 
22.816: Total time for which application threads were stopped: 0.0040200 seconds, Stopping threads took: 0.0016900 seconds
22.893: Application time: 0.0765610 seconds
22.894: [GC [PSYoungGen: 90368K->6768K(96768K)] 93993K->10401K(317952K), 0.0020520 secs] [Times: user=0.01 sys=0.00, real=0.01 secs] 
22.896: Total time for which application threads were stopped: 0.0033090 seconds, Stopping threads took: 0.0011800 seconds
22.975: Application time: 0.0789790 seconds
22.977: [GC [PSYoungGen: 89712K->4512K(96768K)] 93345K->8145K(317952K), 0.0013800 secs] [Times: user=0.01 sys=0.00, real=0.00 secs] 
22.978: Total time for which application threads were stopped: 0.0028890 seconds, Stopping threads took: 0.0014370 seconds
23.056: Application time: 0.0780560 seconds
23.058: [GC [PSYoungGen: 87456K->6576K(96768K)] 91089K->10209K(317952K), 0.0020030 secs] [Times: user=0.01 sys=0.00, real=0.00 secs] 
23.060: Total time for which application threads were stopped: 0.0042190 seconds, Stopping threads took: 0.0021320 seconds
23.135: Application time: 0.0749080 seconds
23.138: [GC [PSYoungGen: 89520K->7632K(96768K)] 93153K->11265K(317952K), 0.0022770 secs] [Times: user=0.02 sys=0.00, real=0.00 secs] 
23.140: Total time for which application threads were stopped: 0.0049590 seconds, Stopping threads took: 0.0026010 seconds
23.220: Application time: 0.0799770 seconds
23.221: [GC [PSYoungGen: 90576K->6080K(96768K)] 94209K->9721K(317952K), 0.0018700 secs] [Times: user=0.01 sys=0.00, real=0.00 secs] 
23.223: Total time for which application threads were stopped: 0.0032230 seconds, Stopping threads took: 0.0012700 seconds
23.297: Application time: 0.0732870 seconds
23.299: [GC [PSYoungGen: 89024K->7936K(96768K)] 92665K->11585K(317952K), 0.0023850 secs] [Times: user=0.01 sys=0.00, real=0.00 secs] 
23.302: Total time for which application threads were stopped: 0.0049090 seconds, Stopping threads took: 0.0024350 seconds
23.376: Application time: 0.0748210 seconds
23.379: [GC [PSYoungGen: 90880K->7008K(96768K)] 94529K->10689K(317952K), 0.0021230 secs] [Times: user=0.01 sys=0.00, real=0.00 secs] 
23.381: Total time for which application threads were stopped: 0.0045990 seconds, Stopping threads took: 0.0023910 seconds
23.466: Application time: 0.0848350 seconds
23.468: [GC [PSYoungGen: 89952K->4240K(96768K)] 93633K->7929K(317952K), 0.0013080 secs] [Times: user=0.01 sys=0.00, real=0.00 secs] 
23.470: Total time for which application threads were stopped: 0.0039800 seconds, Stopping threads took: 0.0025990 seconds
23.546: Application time: 0.0766250 seconds
23.547: [GC [PSYoungGen: 87184K->7488K(96768K)] 90873K->11177K(317952K), 0.0023980 secs] [Times: user=0.02 sys=0.00, real=0.00 secs] 
23.550: Total time for which application threads were stopped: 0.0034850 seconds, Stopping threads took: 0.0009980 seconds
23.633: Application time: 0.0831560 seconds
23.634: [GC [PSYoungGen: 90432K->7248K(96768K)] 94121K->10937K(317952K), 0.0021810 secs] [Times: user=0.02 sys=0.00, real=0.01 secs] 
23.636: Total time for which application threads were stopped: 0.0034230 seconds, Stopping threads took: 0.0011620 seconds
23.718: Application time: 0.0815520 seconds
23.720: [GC [PSYoungGen: 90192K->6752K(96768K)] 93881K->10457K(317952K), 0.0019440 secs] [Times: user=0.02 sys=0.00, real=0.00 secs] 
23.722: Total time for which application threads were stopped: 0.0042670 seconds, Stopping threads took: 0.0022320 seconds
23.802: Application time: 0.0797720 seconds
23.805: [GC [PSYoungGen: 89696K->6640K(96768K)] 93401K->10353K(317952K), 0.0019150 secs] [Times: user=0.01 sys=0.00, real=0.00 secs] 
23.807: Total time for which application threads were stopped: 0.0047570 seconds, Stopping threads took: 0.0027520 seconds
23.890: Application time: 0.0831450 seconds
23.893: [GC [PSYoungGen: 89584K->7040K(96768K)] 93297K->10769K(317952K), 0.0020890 secs] [Times: user=0.02 sys=0.00, real=0.01 secs] 
23.895: Total time for which application threads were stopped: 0.0052500 seconds, Stopping threads took: 0.0030820 seconds
23.977: Application time: 0.0822640 seconds
23.979: [GC [PSYoungGen: 89984K->4816K(96768K)] 93713K->8553K(317952K), 0.0014470 secs] [Times: user=0.01 sys=0.01, real=0.00 secs] 
23.981: Total time for which application threads were stopped: 0.0030610 seconds, Stopping threads took: 0.0015360 seconds
24.059: Application time: 0.0787230 seconds
24.061: [GC [PSYoungGen: 87760K->7200K(96768K)] 91497K->10937K(317952K), 0.0022240 secs] [Times: user=0.02 sys=0.00, real=0.00 secs] 
24.063: Total time for which application threads were stopped: 0.0041140 seconds, Stopping threads took: 0.0018040 seconds
24.144: Application time: 0.0804430 seconds
24.145: [GC [PSYoungGen: 90144K->7696K(96768K)] 93881K->11433K(317952K), 0.0024300 secs] [Times: user=0.01 sys=0.00, real=0.01 secs] 
24.148: Total time for which application threads were stopped: 0.0040030 seconds, Stopping threads took: 0.0014890 seconds
24.231: Application time: 0.0827520 seconds
24.233: [GC [PSYoungGen: 90640K->7872K(96768K)] 94377K->11633K(317952K), 0.0024540 secs] [Times: user=0.01 sys=0.00, real=0.01 secs] 
24.235: Total time for which application threads were stopped: 0.0046290 seconds, Stopping threads took: 0.0020880 seconds
24.316: Application time: 0.0803610 seconds
24.317: [GC [PSYoungGen: 90816K->5184K(96768K)] 94577K->8953K(317952K), 0.0016850 secs] [Times: user=0.01 sys=0.00, real=0.00 secs] 
24.319: Total time for which application threads were stopped: 0.0029630 seconds, Stopping threads took: 0.0011890 seconds
24.399: Application time: 0.0803560 seconds
24.401: [GC [PSYoungGen: 88128K->6288K(96768K)] 91897K->10065K(317952K), 0.0019590 secs] [Times: user=0.01 sys=0.00, real=0.00 secs] 
24.403: Total time for which application threads were stopped: 0.0037780 seconds, Stopping threads took: 0.0017420 seconds
24.485: Application time: 0.0824840 seconds
24.488: [GC [PSYoungGen: 89232K->7152K(96768K)] 93009K->10937K(317952K), 0.0021260 secs] [Times: user=0.01 sys=0.00, real=0.00 secs] 
24.491: Total time for which application threads were stopped: 0.0053570 seconds, Stopping threads took: 0.0031490 seconds
24.570: Application time: 0.0791260 seconds
24.572: [GC [PSYoungGen: 90096K->5472K(96768K)] 93881K->9257K(317952K), 0.0016360 secs] [Times: user=0.01 sys=0.00, real=0.00 secs] 
24.573: Total time for which application threads were stopped: 0.0036610 seconds, Stopping threads took: 0.0019390 seconds
24.655: Application time: 0.0811890 seconds
24.656: [GC [PSYoungGen: 88416K->5328K(96768K)] 92201K->9113K(317952K), 0.0020660 secs] [Times: user=0.01 sys=0.00, real=0.00 secs] 
24.658: Total time for which application threads were stopped: 0.0038590 seconds, Stopping threads took: 0.0017110 seconds
24.737: Application time: 0.0786910 seconds
24.739: [GC [PSYoungGen: 88272K->6752K(96768K)] 92057K->10537K(317952K), 0.0022450 secs] [Times: user=0.02 sys=0.00, real=0.00 secs] 
24.741: Total time for which application threads were stopped: 0.0037490 seconds, Stopping threads took: 0.0014070 seconds
24.819: Application time: 0.0779530 seconds
24.821: [GC [PSYoungGen: 89696K->6896K(96768K)] 93481K->10713K(317952K), 0.0020640 secs] [Times: user=0.01 sys=0.00, real=0.00 secs] 
24.823: Total time for which application threads were stopped: 0.0041570 seconds, Stopping threads took: 0.0019980 seconds
24.904: Application time: 0.0810230 seconds
24.907: [GC [PSYoungGen: 89840K->8144K(96768K)] 93657K->11977K(317952K), 0.0024380 secs] [Times: user=0.01 sys=0.00, real=0.01 secs] 
24.909: Total time for which application threads were stopped: 0.0050270 seconds, Stopping threads took: 0.0025070 seconds
24.991: Application time: 0.0819250 seconds
24.993: [GC [PSYoungGen: 91088K->6160K(96768K)] 94921K->10009K(317952K), 0.0018550 secs] [Times: user=0.00 sys=0.00, real=0.00 secs] 
24.995: Total time for which application threads were stopped: 0.0041430 seconds, Stopping threads took: 0.0022090 seconds
25.077: Application time: 0.0819250 seconds
25.080: [GC [PSYoungGen: 89104K->8320K(96768K)] 92953K->12169K(317952K), 0.0025780 secs] [Times: user=0.01 sys=0.01, real=0.00 secs] 
25.082: Total time for which application threads were stopped: 0.0052670 seconds, Stopping threads took: 0.0026050 seconds
25.162: Application time: 0.0801540 seconds
25.165: [GC [PSYoungGen: 91264K->8080K(96768K)] 95113K->11929K(317952K), 0.0025890 secs] [Times: user=0.02 sys=0.00, real=0.01 secs] 
25.168: Total time for which application threads were stopped: 0.0055630 seconds, Stopping threads took: 0.0028820 seconds
25.246: Application time: 0.0780650 seconds
25.249: [GC [PSYoungGen: 91024K->6896K(96768K)] 94873K->10745K(317952K), 0.0021280 secs] [Times: user=0.01 sys=0.00, real=0.00 secs] 
25.251: Total time for which application threads were stopped: 0.0046530 seconds, Stopping threads took: 0.0024410 seconds
25.330: Application time: 0.0796210 seconds
25.333: [GC [PSYoungGen: 89840K->7840K(96768K)] 93689K->11697K(317952K), 0.0023770 secs] [Times: user=0.01 sys=0.00, real=0.01 secs] 
25.336: Total time for which application threads were stopped: 0.0051650 seconds, Stopping threads took: 0.0026970 seconds
25.416: Application time: 0.0801810 seconds
25.418: [GC [PSYoungGen: 90784K->6560K(96768K)] 94641K->10433K(317952K), 0.0021000 secs] [Times: user=0.02 sys=0.00, real=0.00 secs] 
25.420: Total time for which application threads were stopped: 0.0043380 seconds, Stopping threads took: 0.0021550 seconds
25.501: Application time: 0.0804730 seconds
25.503: [GC [PSYoungGen: 89504K->7888K(96768K)] 93377K->11769K(317952K), 0.0023880 secs] [Times: user=0.02 sys=0.00, real=0.00 secs] 
25.506: Total time for which application threads were stopped: 0.0049850 seconds, Stopping threads took: 0.0025100 seconds
25.585: Application time: 0.0796790 seconds
25.588: [GC [PSYoungGen: 90832K->5872K(96768K)] 94713K->9753K(317952K), 0.0017520 secs] [Times: user=0.01 sys=0.00, real=0.00 secs] 
25.589: Total time for which application threads were stopped: 0.0042570 seconds, Stopping threads took: 0.0024210 seconds
25.670: Application time: 0.0804170 seconds
25.671: [GC [PSYoungGen: 88816K->7648K(96768K)] 92697K->11529K(317952K), 0.0023040 secs] [Times: user=0.01 sys=0.00, real=0.00 secs] 
25.674: Total time for which application threads were stopped: 0.0039170 seconds, Stopping threads took: 0.0015290 seconds
25.754: Application time: 0.0797520 seconds
25.755: [GC [PSYoungGen: 90592K->6560K(96768K)] 94473K->10441K(317952K), 0.0020630 secs] [Times: user=0.02 sys=0.00, real=0.01 secs] 
25.757: Total time for which application threads were stopped: 0.0035090 seconds, Stopping threads took: 0.0013620 seconds
25.837: Application time: 0.0801100 seconds
25.840: [GC [PSYoungGen: 89504K->7456K(96768K)] 93385K->11353K(317952K), 0.0022570 secs] [Times: user=0.02 sys=0.00, real=0.00 secs] 
25.842: Total time for which application threads were stopped: 0.0051790 seconds, Stopping threads took: 0.0028320 seconds
25.923: Application time: 0.0805710 seconds
25.924: [GC [PSYoungGen: 90400K->5424K(96768K)] 94297K->9337K(317952K), 0.0016280 secs] [Times: user=0.01 sys=0.00, real=0.00 secs] 
25.926: Total time for which application threads were stopped: 0.0028320 seconds, Stopping threads took: 0.0011240 seconds
26.005: Application time: 0.0797100 seconds
26.008: [GC [PSYoungGen: 88368K->8272K(96768K)] 92281K->12201K(317952K), 0.0024770 secs] [Times: user=0.01 sys=0.00, real=0.00 secs] 
26.010: Total time for which application threads were stopped: 0.0049090 seconds, Stopping threads took: 0.0023390 seconds
26.091: Application time: 0.0807230 seconds
26.092: [GC [PSYoungGen: 91216K->7344K(96768K)] 95145K->11289K(317952K), 0.0022310 secs] [Times: user=0.02 sys=0.00, real=0.00 secs] 
26.094: Total time for which application threads were stopped: 0.0032890 seconds, Stopping threads took: 0.0009730 seconds
26.173: Application time: 0.0784860 seconds
26.175: [GC [PSYoungGen: 90288K->7168K(96768K)] 94233K->11113K(317952K), 0.0022370 secs] [Times: user=0.01 sys=0.00, real=0.01 secs] 
26.177: Total time for which application threads were stopped: 0.0041810 seconds, Stopping threads took: 0.0018640 seconds
26.260: Application time: 0.0828890 seconds
26.262: [GC [PSYoungGen: 90112K->7024K(96768K)] 94057K->10969K(317952K), 0.0020960 secs] [Times: user=0.01 sys=0.00, real=0.00 secs] 
26.264: Total time for which application threads were stopped: 0.0041710 seconds, Stopping threads took: 0.0019900 seconds
26.344: Application time: 0.0799100 seconds
26.347: [GC [PSYoungGen: 89968K->7712K(96768K)] 93913K->11665K(317952K), 0.0022960 secs] [Times: user=0.01 sys=0.00, real=0.01 secs] 
26.349: Total time for which application threads were stopped: 0.0053240 seconds, Stopping threads took: 0.0029350 seconds
26.430: Application time: 0.0805700 seconds
26.433: [GC [PSYoungGen: 90656K->5440K(96768K)] 94609K->9401K(317952K), 0.0016490 secs] [Times: user=0.01 sys=0.00, real=0.00 secs] 
26.435: Total time for which application threads were stopped: 0.0047110 seconds, Stopping threads took: 0.0029800 seconds
26.520: Application time: 0.0857030 seconds
26.522: [GC [PSYoungGen: 88384K->4816K(96768K)] 92345K->8785K(317952K), 0.0014740 secs] [Times: user=0.01 sys=0.00, real=0.00 secs] 
26.524: Total time for which application threads were stopped: 0.0032220 seconds, Stopping threads took: 0.0016720 seconds
26.607: Application time: 0.0831180 seconds
26.607: [GC [PSYoungGen: 87760K->5424K(96768K)] 91729K->9401K(317952K), 0.0016540 secs] [Times: user=0.01 sys=0.00, real=0.00 secs] 
26.609: Total time for which application threads were stopped: 0.0024220 seconds, Stopping threads took: 0.0006880 seconds
26.693: Application time: 0.0838610 seconds
26.695: [GC [PSYoungGen: 88368K->5504K(96768K)] 92345K->9481K(317952K), 0.0016860 secs] [Times: user=0.01 sys=0.00, real=0.01 secs] 
26.697: Total time for which application threads were stopped: 0.0037170 seconds, Stopping threads took: 0.0019530 seconds
26.783: Application time: 0.0859200 seconds
26.784: [GC [PSYoungGen: 88448K->6240K(96768K)] 92425K->10217K(317952K), 0.0017310 secs] [Times: user=0.01 sys=0.00, real=0.00 secs] 
26.786: Total time for which application threads were stopped: 0.0034480 seconds, Stopping threads took: 0.0016360 seconds
26.865: Application time: 0.0791090 seconds
26.867: [GC [PSYoungGen: 89184K->7360K(96768K)] 93161K->11337K(317952K), 0.0021740 secs] [Times: user=0.02 sys=0.00, real=0.01 secs] 
26.869: Total time for which application threads were stopped: 0.0038940 seconds, Stopping threads took: 0.0016240 seconds
26.948: Application time: 0.0793100 seconds
26.951: [GC [PSYoungGen: 90304K->8304K(96768K)] 94281K->12289K(317952K), 0.0025620 secs] [Times: user=0.01 sys=0.00, real=0.00 secs] 
26.953: Total time for which application threads were stopped: 0.0049570 seconds, Stopping threads took: 0.0023110 seconds
27.033: Application time: 0.0794090 seconds
27.035: [GC [PSYoungGen: 91248K->6400K(96768K)] 95233K->10393K(317952K), 0.0019540 secs] [Times: user=0.01 sys=0.00, real=0.01 secs] 
27.037: Total time for which application threads were stopped: 0.0042130 seconds, Stopping threads took: 0.0021780 seconds
27.121: Application time: 0.0837200 seconds
27.122: [GC [PSYoungGen: 89344K->7264K(96768K)] 93337K->11265K(317952K), 0.0022120 secs] [Times: user=0.01 sys=0.00, real=0.00 secs] 
27.125: Total time for which application threads were stopped: 0.0038470 seconds, Stopping threads took: 0.0015510 seconds
27.207: Application time: 0.0829090 seconds
27.209: [GC [PSYoungGen: 90208K->4896K(96768K)] 94209K->8897K(317952K), 0.0014360 secs] [Times: user=0.01 sys=0.00, real=0.00 secs] 
27.210: Total time for which application threads were stopped: 0.0025320 seconds, Stopping threads took: 0.0010170 seconds
27.289: Application time: 0.0790330 seconds
27.291: [GC [PSYoungGen: 87840K->7488K(96768K)] 91841K->11489K(317952K), 0.0022720 secs] [Times: user=0.01 sys=0.00, real=0.00 secs] 
27.293: Total time for which application threads were stopped: 0.0039810 seconds, Stopping threads took: 0.0016280 seconds
27.374: Application time: 0.0806660 seconds
27.376: [GC [PSYoungGen: 90432K->7968K(96768K)] 94433K->11969K(317952K), 0.0023650 secs] [Times: user=0.02 sys=0.00, real=0.00 secs] 
27.378: Total time for which application threads were stopped: 0.0045750 seconds, Stopping threads took: 0.0021220 seconds
27.459: Application time: 0.0807780 seconds
27.460: [GC [PSYoungGen: 90912K->7264K(96768K)] 94913K->11273K(317952K), 0.0021610 secs] [Times: user=0.02 sys=0.00, real=0.00 secs] 
27.463: Total time for which application threads were stopped: 0.0036160 seconds, Stopping threads took: 0.0013740 seconds
27.544: Application time: 0.0811260 seconds
27.544: [GC [PSYoungGen: 90208K->5536K(96768K)] 94217K->9553K(317952K), 0.0016980 secs] [Times: user=0.01 sys=0.00, real=0.00 secs] 
27.546: Total time for which application threads were stopped: 0.0020600 seconds, Stopping threads took: 0.0002870 seconds
27.626: Application time: 0.0803820 seconds
27.628: [GC [PSYoungGen: 88480K->5552K(96768K)] 92497K->9577K(317952K), 0.0016050 secs] [Times: user=0.01 sys=0.00, real=0.00 secs] 
27.629: Total time for which application threads were stopped: 0.0030250 seconds, Stopping threads took: 0.0013460 seconds
27.709: Application time: 0.0796690 seconds
27.710: [GC [PSYoungGen: 88496K->6016K(96768K)] 92521K->10041K(317952K), 0.0017390 secs] [Times: user=0.01 sys=0.00, real=0.00 secs] 
27.712: Total time for which application threads were stopped: 0.0031330 seconds, Stopping threads took: 0.0013180 seconds
27.789: Application time: 0.0768460 seconds
27.790: [GC [PSYoungGen: 88960K->8096K(96768K)] 92985K->12121K(317952K), 0.0024520 secs] [Times: user=0.01 sys=0.00, real=0.00 secs] 
27.793: Total time for which application threads were stopped: 0.0038710 seconds, Stopping threads took: 0.0013410 seconds
27.868: Application time: 0.0755820 seconds
27.870: [GC [PSYoungGen: 91040K->7856K(96768K)] 95065K->11881K(317952K), 0.0024370 secs] [Times: user=0.02 sys=0.00, real=0.00 secs] 
27.872: Total time for which application threads were stopped: 0.0036260 seconds, Stopping threads took: 0.0011050 seconds
27.947: Application time: 0.0748280 seconds
27.949: [GC [PSYoungGen: 90800K->6960K(96768K)] 94825K->10993K(317952K), 0.0020400 secs] [Times: user=0.01 sys=0.00, real=0.00 secs] 
27.951: Total time for which application threads were stopped: 0.0045060 seconds, Stopping threads took: 0.0023760 seconds
28.030: Application time: 0.0783780 seconds
28.031: [GC [PSYoungGen: 89904K->4592K(96768K)] 93937K->8633K(317952K), 0.0013950 secs] [Times: user=0.01 sys=0.00, real=0.00 secs] 
28.032: Total time for which application threads were stopped: 0.0026050 seconds, Stopping threads took: 0.0011350 seconds
28.111: Application time: 0.0783020 seconds
28.113: [GC [PSYoungGen: 87536K->6464K(96768K)] 91577K->10513K(317952K), 0.0018620 secs] [Times: user=0.01 sys=0.00, real=0.00 secs] 
28.115: Total time for which application threads were stopped: 0.0045110 seconds, Stopping threads took: 0.0025630 seconds
28.191: Application time: 0.0759250 seconds
28.194: [GC [PSYoungGen: 89408K->7472K(96768K)] 93457K->11529K(317952K), 0.0021680 secs] [Times: user=0.01 sys=0.00, real=0.01 secs] 
28.196: Total time for which application threads were stopped: 0.0049420 seconds, Stopping threads took: 0.0026930 seconds
28.271: Application time: 0.0751670 seconds
28.273: [GC [PSYoungGen: 90416K->7488K(96768K)] 94473K->11545K(317952K), 0.0021840 secs] [Times: user=0.01 sys=0.01, real=0.01 secs] 
28.275: Total time for which application threads were stopped: 0.0041440 seconds, Stopping threads took: 0.0018800 seconds
28.353: Application time: 0.0774270 seconds
28.355: [GC [PSYoungGen: 90432K->6784K(96768K)] 94489K->10841K(317952K), 0.0019520 secs] [Times: user=0.01 sys=0.00, real=0.00 secs] 
28.357: Total time for which application threads were stopped: 0.0045580 seconds, Stopping threads took: 0.0025270 seconds
28.438: Application time: 0.0808990 seconds
28.441: [GC [PSYoungGen: 89728K->5872K(96768K)] 93785K->9929K(317952K), 0.0017450 secs] [Times: user=0.01 sys=0.00, real=0.00 secs] 
28.443: Total time for which application threads were stopped: 0.0046570 seconds, Stopping threads took: 0.0028330 seconds
28.520: Application time: 0.0767570 seconds
28.520: [GC [PSYoungGen: 88816K->5056K(96768K)] 92873K->9121K(317952K), 0.0015460 secs] [Times: user=0.01 sys=0.00, real=0.00 secs] 
28.522: Total time for which application threads were stopped: 0.0023280 seconds, Stopping threads took: 0.0006960 seconds
28.605: Application time: 0.0828960 seconds
28.606: [GC [PSYoungGen: 88000K->5104K(96768K)] 92065K->9177K(317952K), 0.0018800 secs] [Times: user=0.01 sys=0.00, real=0.01 secs] 
28.608: Total time for which application threads were stopped: 0.0034040 seconds, Stopping threads took: 0.0014520 seconds
28.688: Application time: 0.0797350 seconds
28.691: [GC [PSYoungGen: 88048K->6208K(96768K)] 92121K->10289K(317952K), 0.0018640 secs] [Times: user=0.01 sys=0.00, real=0.00 secs] 
28.692: Total time for which application threads were stopped: 0.0044850 seconds, Stopping threads took: 0.0025400 seconds
28.770: Application time: 0.0775580 seconds
28.773: [GC [PSYoungGen: 89152K->6800K(96768K)] 93233K->10881K(317952K), 0.0019520 secs] [Times: user=0.01 sys=0.00, real=0.00 secs] 
28.775: Total time for which application threads were stopped: 0.0047620 seconds, Stopping threads took: 0.0027310 seconds
28.853: Application time: 0.0786590 seconds
28.856: [GC [PSYoungGen: 89744K->6720K(96768K)] 93825K->10801K(317952K), 0.0020790 secs] [Times: user=0.02 sys=0.00, real=0.00 secs] 
28.858: Total time for which application threads were stopped: 0.0042180 seconds, Stopping threads took: 0.0020600 seconds
28.933: Application time: 0.0753140 seconds
28.936: [GC [PSYoungGen: 89664K->6640K(96768K)] 93745K->10721K(317952K), 0.0019230 secs] [Times: user=0.01 sys=0.00, real=0.00 secs] 
28.938: Total time for which application threads were stopped: 0.0048880 seconds, Stopping threads took: 0.0028850 seconds
29.015: Application time: 0.0767030 seconds
29.017: [GC [PSYoungGen: 89584K->7504K(96768K)] 93665K->11601K(317952K), 0.0022110 secs] [Times: user=0.01 sys=0.01, real=0.00 secs] 
29.019: Total time for which application threads were stopped: 0.0044970 seconds, Stopping threads took: 0.0022030 seconds
29.095: Application time: 0.0763220 seconds
29.097: [GC [PSYoungGen: 90448K->7920K(96768K)] 94545K->12025K(317952K), 0.0023590 secs] [Times: user=0.01 sys=0.00, real=0.00 secs] 
29.100: Total time for which application threads were stopped: 0.0041110 seconds, Stopping threads took: 0.0016580 seconds
29.175: Application time: 0.0750330 seconds
29.176: [GC [PSYoungGen: 90864K->8336K(96768K)] 94969K->12449K(317952K), 0.0025890 secs] [Times: user=0.01 sys=0.00, real=0.00 secs] 
29.179: Total time for which application threads were stopped: 0.0044050 seconds, Stopping threads took: 0.0017300 seconds
29.255: Application time: 0.0758160 seconds
29.256: [GC [PSYoungGen: 91280K->6976K(96768K)] 95393K->11089K(317952K), 0.0020930 secs] [Times: user=0.01 sys=0.00, real=0.00 secs] 
29.258: Total time for which application threads were stopped: 0.0031110 seconds, Stopping threads took: 0.0009390 seconds
29.333: Application time: 0.0749920 seconds
29.334: [GC [PSYoungGen: 89920K->5136K(96768K)] 94033K->9249K(317952K), 0.0015180 secs] [Times: user=0.01 sys=0.00, real=0.01 secs] 
29.336: Total time for which application threads were stopped: 0.0031450 seconds, Stopping threads took: 0.0015490 seconds
29.408: Application time: 0.0720090 seconds
29.410: [GC [PSYoungGen: 88080K->7728K(96768K)] 92193K->11841K(317952K), 0.0022580 secs] [Times: user=0.02 sys=0.00, real=0.00 secs] 
29.412: Total time for which application threads were stopped: 0.0038980 seconds, Stopping threads took: 0.0015500 seconds
29.485: Application time: 0.0727500 seconds
29.487: [GC [PSYoungGen: 90672K->7552K(96768K)] 94785K->11673K(317952K), 0.0022310 secs] [Times: user=0.01 sys=0.00, real=0.01 secs] 
29.489: Total time for which application threads were stopped: 0.0040680 seconds, Stopping threads took: 0.0017550 seconds
29.562: Application time: 0.0729940 seconds
29.564: [GC [PSYoungGen: 90496K->7408K(96768K)] 94617K->11537K(317952K), 0.0023270 secs] [Times: user=0.02 sys=0.00, real=0.00 secs] 
29.567: Total time for which application threads were stopped: 0.0049030 seconds, Stopping threads took: 0.0024880 seconds
29.639: Application time: 0.0722100 seconds
29.641: [GC [PSYoungGen: 90352K->8336K(96768K)] 94481K->12473K(317952K), 0.0029570 secs] [Times: user=0.02 sys=0.00, real=0.00 secs] 
29.644: Total time for which application threads were stopped: 0.0054930 seconds, Stopping threads took: 0.0024250 seconds
29.721: Application time: 0.0764550 seconds
29.723: [GC [PSYoungGen: 91280K->7360K(96768K)] 95417K->11497K(317952K), 0.0022500 secs] [Times: user=0.01 sys=0.00, real=0.00 secs] 
29.725: Total time for which application threads were stopped: 0.0042440 seconds, Stopping threads took: 0.0019100 seconds
29.802: Application time: 0.0766800 seconds
29.803: [GC [PSYoungGen: 90304K->4656K(96768K)] 94441K->8793K(317952K), 0.0014130 secs] [Times: user=0.01 sys=0.00, real=0.00 secs] 
29.804: Total time for which application threads were stopped: 0.0025000 seconds, Stopping threads took: 0.0010150 seconds
29.879: Application time: 0.0747860 seconds
29.880: [GC [PSYoungGen: 87600K->7392K(96768K)] 91737K->11529K(317952K), 0.0022730 secs] [Times: user=0.02 sys=0.00, real=0.00 secs] 
29.883: Total time for which application threads were stopped: 0.0034810 seconds, Stopping threads took: 0.0011230 seconds
29.958: Application time: 0.0758990 seconds
29.960: [GC [PSYoungGen: 90335K->6992K(96768K)] 94473K->11137K(317952K), 0.0020910 secs] [Times: user=0.01 sys=0.01, real=0.00 secs] 
29.963: Total time for which application threads were stopped: 0.0040870 seconds, Stopping threads took: 0.0019090 seconds
30.038: Application time: 0.0751050 seconds
30.040: [GC [PSYoungGen: 89936K->6960K(96768K)] 94081K->11113K(317952K), 0.0021770 secs] [Times: user=0.02 sys=0.00, real=0.00 secs] 
30.043: Total time for which application threads were stopped: 0.0050430 seconds, Stopping threads took: 0.0027810 seconds
30.115: Application time: 0.0726530 seconds
30.118: [GC [PSYoungGen: 89904K->7056K(96768K)] 94057K->11217K(317952K), 0.0021730 secs] [Times: user=0.01 sys=0.00, real=0.00 secs] 
30.120: Total time for which application threads were stopped: 0.0044940 seconds, Stopping threads took: 0.0022190 seconds
30.195: Application time: 0.0751310 seconds
30.196: [GC [PSYoungGen: 90000K->5104K(96768K)] 94161K->9273K(317952K), 0.0016080 secs] [Times: user=0.01 sys=0.00, real=0.00 secs] 
30.198: Total time for which application threads were stopped: 0.0027350 seconds, Stopping threads took: 0.0010470 seconds
30.276: Application time: 0.0782200 seconds
30.277: [GC [PSYoungGen: 88048K->6000K(96768K)] 92217K->10169K(317952K), 0.0018580 secs] [Times: user=0.01 sys=0.00, real=0.00 secs] 
30.279: Total time for which application threads were stopped: 0.0027700 seconds, Stopping threads took: 0.0008300 seconds
30.354: Application time: 0.0751950 seconds
30.356: [GC [PSYoungGen: 88944K->7872K(96768K)] 93113K->12041K(317952K), 0.0023110 secs] [Times: user=0.02 sys=0.00, real=0.00 secs] 
30.358: Total time for which application threads were stopped: 0.0042560 seconds, Stopping threads took: 0.0018670 seconds
30.432: Application time: 0.0740820 seconds
30.434: [GC [PSYoungGen: 90816K->6832K(96768K)] 94985K->11017K(317952K), 0.0021730 secs] [Times: user=0.01 sys=0.00, real=0.01 secs] 
30.436: Total time for which application threads were stopped: 0.0039650 seconds, Stopping threads took: 0.0017110 seconds
30.512: Application time: 0.0755170 seconds
30.515: [GC [PSYoungGen: 89776K->6816K(96768K)] 93961K->11025K(317952K), 0.0020240 secs] [Times: user=0.01 sys=0.00, real=0.01 secs] 
30.517: Total time for which application threads were stopped: 0.0050490 seconds, Stopping threads took: 0.0029470 seconds
30.597: Application time: 0.0805740 seconds
30.599: [GC [PSYoungGen: 89760K->4816K(96768K)] 93969K->9033K(317952K), 0.0014940 secs] [Times: user=0.01 sys=0.00, real=0.00 secs] 
30.600: Total time for which application threads were stopped: 0.0030830 seconds, Stopping threads took: 0.0015110 seconds
30.677: Application time: 0.0764340 seconds
30.679: [GC [PSYoungGen: 87760K->5872K(96768K)] 91977K->10097K(317952K), 0.0017510 secs] [Times: user=0.01 sys=0.00, real=0.00 secs] 
30.681: Total time for which application threads were stopped: 0.0038180 seconds, Stopping threads took: 0.0019900 seconds
30.756: Application time: 0.0750250 seconds
30.758: [GC [PSYoungGen: 88816K->8240K(96768K)] 93041K->12465K(317952K), 0.0025720 secs] [Times: user=0.02 sys=0.00, real=0.00 secs] 
30.760: Total time for which application threads were stopped: 0.0044120 seconds, Stopping threads took: 0.0017510 seconds
30.836: Application time: 0.0759730 seconds
30.838: [GC [PSYoungGen: 91184K->6960K(96768K)] 95409K->11185K(317952K), 0.0022820 secs] [Times: user=0.01 sys=0.00, real=0.00 secs] 
30.840: Total time for which application threads were stopped: 0.0040940 seconds, Stopping threads took: 0.0017270 seconds
30.917: Application time: 0.0768350 seconds
30.919: [GC [PSYoungGen: 89904K->7728K(96768K)] 94129K->11953K(317952K), 0.0025230 secs] [Times: user=0.02 sys=0.00, real=0.00 secs] 
30.921: Total time for which application threads were stopped: 0.0041480 seconds, Stopping threads took: 0.0015440 seconds
30.999: Application time: 0.0775940 seconds
31.000: [GC [PSYoungGen: 90672K->5376K(96768K)] 94897K->9617K(317952K), 0.0016680 secs] [Times: user=0.01 sys=0.00, real=0.00 secs] 
31.002: Total time for which application threads were stopped: 0.0033480 seconds, Stopping threads took: 0.0015950 seconds
31.076: Application time: 0.0742710 seconds
31.079: [GC [PSYoungGen: 88320K->7360K(96768K)] 92561K->11609K(317952K), 0.0022470 secs] [Times: user=0.02 sys=0.00, real=0.00 secs] 
31.081: Total time for which application threads were stopped: 0.0043940 seconds, Stopping threads took: 0.0020620 seconds
31.158: Application time: 0.0772000 seconds
31.160: [GC [PSYoungGen: 90304K->6320K(96768K)] 94553K->10577K(317952K), 0.0018890 secs] [Times: user=0.01 sys=0.00, real=0.00 secs] 
31.162: Total time for which application threads were stopped: 0.0039070 seconds, Stopping threads took: 0.0019400 seconds
31.237: Application time: 0.0753080 seconds
31.240: [GC [PSYoungGen: 89264K->6784K(96768K)] 93521K->11041K(317952K), 0.0020100 secs] [Times: user=0.01 sys=0.00, real=0.00 secs] 
31.242: Total time for which application threads were stopped: 0.0044990 seconds, Stopping threads took: 0.0024100 seconds
31.317: Application time: 0.0749350 seconds
31.319: [GC [PSYoungGen: 89726K->6496K(96768K)] 93984K->10753K(317952K), 0.0018820 secs] [Times: user=0.01 sys=0.00, real=0.00 secs] 
31.321: Total time for which application threads were stopped: 0.0046300 seconds, Stopping threads took: 0.0026590 seconds
31.397: Application time: 0.0755760 seconds
31.399: [GC [PSYoungGen: 89440K->6256K(96768K)] 93697K->10513K(317952K), 0.0018440 secs] [Times: user=0.01 sys=0.00, real=0.00 secs] 
31.401: Total time for which application threads were stopped: 0.0036040 seconds, Stopping threads took: 0.0016800 seconds
31.483: Application time: 0.0823560 seconds
31.485: [GC [PSYoungGen: 89200K->6704K(96768K)] 93457K->10969K(317952K), 0.0019550 secs] [Times: user=0.01 sys=0.00, real=0.00 secs] 
31.487: Total time for which application threads were stopped: 0.0037110 seconds, Stopping threads took: 0.0016710 seconds
31.567: Application time: 0.0800980 seconds
31.569: [GC [PSYoungGen: 89648K->5456K(96768K)] 93913K->9729K(317952K), 0.0016700 secs] [Times: user=0.00 sys=0.00, real=0.00 secs] 
31.571: Total time for which application threads were stopped: 0.0040830 seconds, Stopping threads took: 0.0023260 seconds
31.650: Application time: 0.0795830 seconds
31.652: [GC [PSYoungGen: 88400K->5872K(96768K)] 92673K->10153K(317952K), 0.0017280 secs] [Times: user=0.01 sys=0.00, real=0.00 secs] 
31.654: Total time for which application threads were stopped: 0.0036810 seconds, Stopping threads took: 0.0018740 seconds
31.733: Application time: 0.0790950 seconds
31.736: [GC [PSYoungGen: 88816K->6976K(96768K)] 93097K->11265K(317952K), 0.0020240 secs] [Times: user=0.01 sys=0.00, real=0.00 secs] 
31.738: Total time for which application threads were stopped: 0.0048170 seconds, Stopping threads took: 0.0027110 seconds
31.815: Application time: 0.0772500 seconds
31.817: [GC [PSYoungGen: 89920K->7936K(96768K)] 94209K->12225K(317952K), 0.0024090 secs] [Times: user=0.01 sys=0.00, real=0.00 secs] 
31.820: Total time for which application threads were stopped: 0.0044440 seconds, Stopping threads took: 0.0019500 seconds
31.897: Application time: 0.0775380 seconds
31.899: [GC [PSYoungGen: 90880K->7808K(96768K)] 95169K->12097K(317952K), 0.0023770 secs] [Times: user=0.01 sys=0.00, real=0.00 secs] 
31.901: Total time for which application threads were stopped: 0.0041670 seconds, Stopping threads took: 0.0016940 seconds
31.981: Application time: 0.0797990 seconds
31.983: [GC [PSYoungGen: 90752K->7376K(96768K)] 95041K->11673K(317952K), 0.0022530 secs] [Times: user=0.02 sys=0.00, real=0.00 secs] 
31.985: Total time for which application threads were stopped: 0.0039290 seconds, Stopping threads took: 0.0015950 seconds
32.067: Application time: 0.0819500 seconds
32.069: [GC [PSYoungGen: 90320K->6720K(96768K)] 94617K->11025K(317952K), 0.0020050 secs] [Times: user=0.01 sys=0.00, real=0.00 secs] 
32.071: Total time for which application threads were stopped: 0.0040620 seconds, Stopping threads took: 0.0019730 seconds
32.153: Application time: 0.0818010 seconds
32.155: [GC [PSYoungGen: 89664K->6736K(96768K)] 93969K->11049K(317952K), 0.0020540 secs] [Times: user=0.01 sys=0.00, real=0.00 secs] 
32.157: Total time for which application threads were stopped: 0.0043910 seconds, Stopping threads took: 0.0022480 seconds
32.242: Application time: 0.0843760 seconds
32.243: [GC [PSYoungGen: 89680K->7200K(96768K)] 93993K->11529K(317952K), 0.0022210 secs] [Times: user=0.02 sys=0.01, real=0.00 secs] 
32.246: Total time for which application threads were stopped: 0.0040450 seconds, Stopping threads took: 0.0017410 seconds
32.324: Application time: 0.0779160 seconds
32.326: [GC [PSYoungGen: 90144K->8320K(96768K)] 94473K->12649K(317952K), 0.0025720 secs] [Times: user=0.02 sys=0.00, real=0.01 secs] 
32.328: Total time for which application threads were stopped: 0.0048060 seconds, Stopping threads took: 0.0021500 seconds
32.405: Application time: 0.0767820 seconds
32.408: [GC [PSYoungGen: 91264K->8128K(96768K)] 95593K->12457K(317952K), 0.0024590 secs] [Times: user=0.01 sys=0.00, real=0.00 secs] 
32.410: Total time for which application threads were stopped: 0.0051720 seconds, Stopping threads took: 0.0026230 seconds
32.494: Application time: 0.0832570 seconds
32.496: [GC [PSYoungGen: 91072K->6752K(96768K)] 95401K->11089K(317952K), 0.0020020 secs] [Times: user=0.02 sys=0.00, real=0.00 secs] 
32.498: Total time for which application threads were stopped: 0.0047490 seconds, Stopping threads took: 0.0026610 seconds
32.581: Application time: 0.0823600 seconds
32.583: [GC [PSYoungGen: 89696K->8128K(96768K)] 94033K->12473K(317952K), 0.0025170 secs] [Times: user=0.02 sys=0.00, real=0.00 secs] 
32.586: Total time for which application threads were stopped: 0.0052260 seconds, Stopping threads took: 0.0026270 seconds
32.667: Application time: 0.0812130 seconds
32.670: [GC [PSYoungGen: 91072K->8128K(96768K)] 95417K->12481K(317952K), 0.0025470 secs] [Times: user=0.02 sys=0.00, real=0.00 secs] 
32.672: Total time for which application threads were stopped: 0.0051980 seconds, Stopping threads took: 0.0025700 seconds
32.749: Application time: 0.0764630 seconds
32.751: [GC [PSYoungGen: 91072K->8000K(96768K)] 95425K->12361K(317952K), 0.0024000 secs] [Times: user=0.02 sys=0.00, real=0.00 secs] 
32.754: Total time for which application threads were stopped: 0.0048110 seconds, Stopping threads took: 0.0023300 seconds
32.831: Application time: 0.0777410 seconds
32.834: [GC [PSYoungGen: 90944K->7488K(96768K)] 95305K->11849K(317952K), 0.0021870 secs] [Times: user=0.01 sys=0.00, real=0.01 secs] 
32.836: Total time for which application threads were stopped: 0.0043410 seconds, Stopping threads took: 0.0020730 seconds
32.920: Application time: 0.0846580 seconds
32.922: [GC [PSYoungGen: 90432K->4080K(96768K)] 94793K->8441K(317952K), 0.0012130 secs] [Times: user=0.01 sys=0.00, real=0.00 secs] 
32.923: Total time for which application threads were stopped: 0.0029600 seconds, Stopping threads took: 0.0016650 seconds
33.007: Application time: 0.0837860 seconds
33.009: [GC [PSYoungGen: 87024K->4240K(96768K)] 91385K->8601K(317952K), 0.0013150 secs] [Times: user=0.00 sys=0.00, real=0.00 secs] 
33.010: Total time for which application threads were stopped: 0.0028310 seconds, Stopping threads took: 0.0014420 seconds
33.089: Application time: 0.0787930 seconds
33.092: [GC [PSYoungGen: 87184K->7520K(96768K)] 91545K->11889K(317952K), 0.0022240 secs] [Times: user=0.02 sys=0.00, real=0.00 secs] 
33.094: Total time for which application threads were stopped: 0.0050960 seconds, Stopping threads took: 0.0027900 seconds
33.173: Application time: 0.0790200 seconds
33.175: [GC [PSYoungGen: 90464K->6704K(96768K)] 94833K->11089K(317952K), 0.0019460 secs] [Times: user=0.01 sys=0.00, real=0.01 secs] 
33.177: Total time for which application threads were stopped: 0.0040880 seconds, Stopping threads took: 0.0020580 seconds
33.256: Application time: 0.0794510 seconds
33.259: [GC [PSYoungGen: 89648K->6512K(96768K)] 94033K->10921K(317952K), 0.0019370 secs] [Times: user=0.01 sys=0.00, real=0.00 secs] 
33.261: Total time for which application threads were stopped: 0.0049160 seconds, Stopping threads took: 0.0028980 seconds
33.344: Application time: 0.0827330 seconds
33.347: [GC [PSYoungGen: 89456K->7120K(96768K)] 93865K->11537K(317952K), 0.0020910 secs] [Times: user=0.01 sys=0.00, real=0.00 secs] 
33.349: Total time for which application threads were stopped: 0.0052480 seconds, Stopping threads took: 0.0030730 seconds
33.428: Application time: 0.0787390 seconds
33.431: [GC [PSYoungGen: 90064K->7680K(96768K)] 94481K->12097K(317952K), 0.0023820 secs] [Times: user=0.02 sys=0.00, real=0.00 secs] 
33.433: Total time for which application threads were stopped: 0.0053590 seconds, Stopping threads took: 0.0028860 seconds
33.521: Application time: 0.0874570 seconds
33.522: [GC [PSYoungGen: 90624K->6048K(96768K)] 95041K->10465K(317952K), 0.0019050 secs] [Times: user=0.01 sys=0.00, real=0.00 secs] 
33.524: Total time for which application threads were stopped: 0.0032310 seconds, Stopping threads took: 0.0012420 seconds
33.611: Application time: 0.0868050 seconds
33.614: [GC [PSYoungGen: 88992K->4544K(96768K)] 93409K->8969K(317952K), 0.0015190 secs] [Times: user=0.01 sys=0.00, real=0.01 secs] 
33.616: Total time for which application threads were stopped: 0.0046880 seconds, Stopping threads took: 0.0030910 seconds
33.699: Application time: 0.0836960 seconds
33.702: [GC [PSYoungGen: 87488K->5760K(96768K)] 91913K->10193K(317952K), 0.0017510 secs] [Times: user=0.02 sys=0.00, real=0.00 secs] 
33.704: Total time for which application threads were stopped: 0.0046670 seconds, Stopping threads took: 0.0028380 seconds
33.791: Application time: 0.0868880 seconds
33.793: [GC [PSYoungGen: 88704K->5952K(96768K)] 93137K->10393K(317952K), 0.0016980 secs] [Times: user=0.01 sys=0.00, real=0.00 secs] 
33.794: Total time for which application threads were stopped: 0.0033560 seconds, Stopping threads took: 0.0015800 seconds
33.876: Application time: 0.0815620 seconds
33.878: [GC [PSYoungGen: 88896K->7872K(96768K)] 93337K->12321K(317952K), 0.0023150 secs] [Times: user=0.02 sys=0.00, real=0.00 secs] 
33.880: Total time for which application threads were stopped: 0.0044270 seconds, Stopping threads took: 0.0020280 seconds
33.962: Application time: 0.0818180 seconds
33.965: [GC [PSYoungGen: 90816K->6688K(96768K)] 95265K->11137K(317952K), 0.0019260 secs] [Times: user=0.01 sys=0.00, real=0.01 secs] 
33.967: Total time for which application threads were stopped: 0.0051350 seconds, Stopping threads took: 0.0031130 seconds
34.051: Application time: 0.0838400 seconds
34.053: [GC [PSYoungGen: 89632K->3712K(96768K)] 94081K->8161K(317952K), 0.0011410 secs] [Times: user=0.00 sys=0.00, real=0.00 secs] 
34.054: Total time for which application threads were stopped: 0.0028630 seconds, Stopping threads took: 0.0016530 seconds
34.137: Application time: 0.0832210 seconds
34.138: [GC [PSYoungGen: 86656K->4800K(96768K)] 91105K->9257K(317952K), 0.0014270 secs] [Times: user=0.01 sys=0.00, real=0.00 secs] 
34.139: Total time for which application threads were stopped: 0.0021310 seconds, Stopping threads took: 0.0006260 seconds
34.224: Application time: 0.0847210 seconds
34.227: [GC [PSYoungGen: 87744K->4848K(96768K)] 92201K->9313K(317952K), 0.0013950 secs] [Times: user=0.01 sys=0.00, real=0.01 secs] 
34.228: Total time for which application threads were stopped: 0.0042510 seconds, Stopping threads took: 0.0027810 seconds
34.313: Application time: 0.0845340 seconds
34.316: [GC [PSYoungGen: 87792K->5168K(96768K)] 92257K->9641K(317952K), 0.0014530 secs] [Times: user=0.01 sys=0.00, real=0.00 secs] 
34.317: Total time for which application threads were stopped: 0.0045370 seconds, Stopping threads took: 0.0030090 seconds
34.398: Application time: 0.0801770 seconds
34.400: [GC [PSYoungGen: 88112K->5872K(96768K)] 92585K->10361K(317952K), 0.0018450 secs] [Times: user=0.01 sys=0.00, real=0.00 secs] 
34.401: Total time for which application threads were stopped: 0.0038610 seconds, Stopping threads took: 0.0019310 seconds
34.480: Application time: 0.0780970 seconds
34.482: [GC [PSYoungGen: 88816K->7552K(96768K)] 93305K->12041K(317952K), 0.0022380 secs] [Times: user=0.01 sys=0.00, real=0.00 secs] 
34.484: Total time for which application threads were stopped: 0.0047030 seconds, Stopping threads took: 0.0023740 seconds
34.564: Application time: 0.0794230 seconds
34.566: [GC [PSYoungGen: 90496K->6720K(96768K)] 94985K->11209K(317952K), 0.0019980 secs] [Times: user=0.01 sys=0.00, real=0.01 secs] 
34.568: Total time for which application threads were stopped: 0.0045650 seconds, Stopping threads took: 0.0024820 seconds
34.651: Application time: 0.0822970 seconds
34.652: [GC [PSYoungGen: 89664K->6144K(96768K)] 94153K->10641K(317952K), 0.0018540 secs] [Times: user=0.01 sys=0.00, real=0.00 secs] 
34.654: Total time for which application threads were stopped: 0.0037720 seconds, Stopping threads took: 0.0018400 seconds
34.739: Application time: 0.0846520 seconds
34.741: [GC [PSYoungGen: 89088K->4912K(96768K)] 93585K->9417K(317952K), 0.0014500 secs] [Times: user=0.01 sys=0.00, real=0.00 secs] 
34.742: Total time for which application threads were stopped: 0.0035080 seconds, Stopping threads took: 0.0019810 seconds
34.821: Application time: 0.0786570 seconds
34.824: [GC [PSYoungGen: 87856K->6272K(96768K)] 92361K->10785K(317952K), 0.0019150 secs] [Times: user=0.01 sys=0.00, real=0.00 secs] 
34.826: Total time for which application threads were stopped: 0.0048890 seconds, Stopping threads took: 0.0028900 seconds
34.910: Application time: 0.0836300 seconds
34.912: [GC [PSYoungGen: 89216K->5344K(96768K)] 93729K->9865K(317952K), 0.0016520 secs] [Times: user=0.00 sys=0.00, real=0.00 secs] 
34.914: Total time for which application threads were stopped: 0.0042760 seconds, Stopping threads took: 0.0025470 seconds
35.000: Application time: 0.0856200 seconds
35.002: [GC [PSYoungGen: 88288K->5776K(96768K)] 92809K->10297K(317952K), 0.0016730 secs] [Times: user=0.01 sys=0.00, real=0.00 secs] 
35.003: Total time for which application threads were stopped: 0.0039110 seconds, Stopping threads took: 0.0021490 seconds
35.086: Application time: 0.0829630 seconds
35.088: [GC [PSYoungGen: 88720K->6192K(96768K)] 93241K->10713K(317952K), 0.0018740 secs] [Times: user=0.01 sys=0.00, real=0.00 secs] 
35.090: Total time for which application threads were stopped: 0.0039770 seconds, Stopping threads took: 0.0020130 seconds
35.168: Application time: 0.0775340 seconds
35.171: [GC [PSYoungGen: 89136K->7872K(96768K)] 93657K->12401K(317952K), 0.0024490 secs] [Times: user=0.02 sys=0.00, real=0.00 secs] 
35.173: Total time for which application threads were stopped: 0.0051290 seconds, Stopping threads took: 0.0025990 seconds
35.253: Application time: 0.0801570 seconds
35.255: [GC [PSYoungGen: 90816K->7040K(96768K)] 95345K->11577K(317952K), 0.0021390 secs] [Times: user=0.01 sys=0.00, real=0.01 secs] 
35.257: Total time for which application threads were stopped: 0.0036160 seconds, Stopping threads took: 0.0013950 seconds
35.334: Application time: 0.0775350 seconds
35.337: [GC [PSYoungGen: 89984K->8128K(96768K)] 94521K->12673K(317952K), 0.0025050 secs] [Times: user=0.01 sys=0.00, real=0.00 secs] 
35.340: Total time for which application threads were stopped: 0.0055500 seconds, Stopping threads took: 0.0029640 seconds
35.419: Application time: 0.0788350 seconds
35.420: [GC [PSYoungGen: 91072K->6864K(96768K)] 95617K->11409K(317952K), 0.0020650 secs] [Times: user=0.01 sys=0.00, real=0.00 secs] 
35.422: Total time for which application threads were stopped: 0.0036210 seconds, Stopping threads took: 0.0014730 seconds
35.501: Application time: 0.0788310 seconds
35.502: [GC [PSYoungGen: 89808K->5936K(96768K)] 94353K->10497K(317952K), 0.0018290 secs] [Times: user=0.02 sys=0.00, real=0.00 secs] 
35.504: Total time for which application threads were stopped: 0.0028730 seconds, Stopping threads took: 0.0009540 seconds
35.579: Application time: 0.0744900 seconds
35.581: [GC [PSYoungGen: 88880K->7536K(96768K)] 93441K->12097K(317952K), 0.0022340 secs] [Times: user=0.02 sys=0.00, real=0.00 secs] 
35.583: Total time for which application threads were stopped: 0.0044320 seconds, Stopping threads took: 0.0021180 seconds
35.657: Application time: 0.0735310 seconds
35.659: [GC [PSYoungGen: 90480K->7472K(96768K)] 95041K->12041K(317952K), 0.0021910 secs] [Times: user=0.01 sys=0.00, real=0.00 secs] 
35.661: Total time for which application threads were stopped: 0.0045860 seconds, Stopping threads took: 0.0023140 seconds
35.737: Application time: 0.0761370 seconds
35.739: [GC [PSYoungGen: 90416K->7136K(96768K)] 94985K->11721K(317952K), 0.0021110 secs] [Times: user=0.01 sys=0.00, real=0.00 secs] 
35.741: Total time for which application threads were stopped: 0.0037470 seconds, Stopping threads took: 0.0015510 seconds
35.816: Application time: 0.0747860 seconds
35.817: [GC [PSYoungGen: 90080K->7216K(96768K)] 94665K->11817K(317952K), 0.0021750 secs] [Times: user=0.02 sys=0.00, real=0.00 secs] 
35.820: Total time for which application threads were stopped: 0.0039060 seconds, Stopping threads took: 0.0016500 seconds
35.900: Application time: 0.0806260 seconds
35.902: [GC [PSYoungGen: 90160K->4832K(96768K)] 94761K->9441K(317952K), 0.0013960 secs] [Times: user=0.01 sys=0.00, real=0.00 secs] 
35.904: Total time for which application threads were stopped: 0.0035300 seconds, Stopping threads took: 0.0020580 seconds
35.984: Application time: 0.0804420 seconds
35.987: [GC [PSYoungGen: 87776K->4464K(96768K)] 92385K->9081K(317952K), 0.0013480 secs] [Times: user=0.01 sys=0.00, real=0.01 secs] 
35.988: Total time for which application threads were stopped: 0.0040220 seconds, Stopping threads took: 0.0026020 seconds
36.066: Application time: 0.0777450 seconds
36.068: [GC [PSYoungGen: 87408K->5184K(96768K)] 92025K->9801K(317952K), 0.0014810 secs] [Times: user=0.01 sys=0.00, real=0.00 secs] 
36.069: Total time for which application threads were stopped: 0.0031530 seconds, Stopping threads took: 0.0015870 seconds
36.147: Application time: 0.0774970 seconds
36.148: [GC [PSYoungGen: 88128K->4880K(96768K)] 92745K->9505K(317952K), 0.0014590 secs] [Times: user=0.01 sys=0.00, real=0.00 secs] 
36.149: Total time for which application threads were stopped: 0.0024230 seconds, Stopping threads took: 0.0008920 seconds
36.227: Application time: 0.0777390 seconds
36.228: [GC [PSYoungGen: 87824K->5136K(96768K)] 92449K->9769K(317952K), 0.0014980 secs] [Times: user=0.01 sys=0.00, real=0.00 secs] 
36.230: Total time for which application threads were stopped: 0.0027240 seconds, Stopping threads took: 0.0011510 seconds
36.307: Application time: 0.0776420 seconds
36.309: [GC [PSYoungGen: 88080K->6800K(96768K)] 92713K->11441K(317952K), 0.0020590 secs] [Times: user=0.01 sys=0.00, real=0.00 secs] 
36.311: Total time for which application threads were stopped: 0.0038100 seconds, Stopping threads took: 0.0016740 seconds
36.388: Application time: 0.0771410 seconds
36.391: [GC [PSYoungGen: 89744K->7376K(96768K)] 94385K->12025K(317952K), 0.0021410 secs] [Times: user=0.02 sys=0.00, real=0.00 secs] 
36.394: Total time for which application threads were stopped: 0.0053610 seconds, Stopping threads took: 0.0031420 seconds
36.468: Application time: 0.0747920 seconds
36.470: [GC [PSYoungGen: 90320K->5824K(96768K)] 94969K->10481K(317952K), 0.0017220 secs] [Times: user=0.01 sys=0.00, real=0.00 secs] 
36.472: Total time for which application threads were stopped: 0.0036220 seconds, Stopping threads took: 0.0018240 seconds
36.545: Application time: 0.0730870 seconds
36.547: [GC [PSYoungGen: 88768K->7328K(96768K)] 93425K->11985K(317952K), 0.0022330 secs] [Times: user=0.02 sys=0.00, real=0.01 secs] 
36.549: Total time for which application threads were stopped: 0.0041700 seconds, Stopping threads took: 0.0018540 seconds
36.623: Application time: 0.0733850 seconds
36.625: [GC [PSYoungGen: 90272K->7072K(96768K)] 94929K->11737K(317952K), 0.0021010 secs] [Times: user=0.02 sys=0.00, real=0.01 secs] 
36.628: Total time for which application threads were stopped: 0.0049500 seconds, Stopping threads took: 0.0027600 seconds
36.703: Application time: 0.0754280 seconds
36.704: [GC [PSYoungGen: 90016K->6576K(96768K)] 94681K->11249K(317952K), 0.0019380 secs] [Times: user=0.02 sys=0.00, real=0.00 secs] 
36.706: Total time for which application threads were stopped: 0.0030110 seconds, Stopping threads took: 0.0009940 seconds
36.782: Application time: 0.0755620 seconds
36.783: [GC [PSYoungGen: 89520K->7360K(96768K)] 94193K->12041K(317952K), 0.0022960 secs] [Times: user=0.01 sys=0.00, real=0.00 secs] 
36.785: Total time for which application threads were stopped: 0.0036850 seconds, Stopping threads took: 0.0013050 seconds
36.861: Application time: 0.0755070 seconds
36.863: [GC [PSYoungGen: 90304K->8080K(96768K)] 94985K->12777K(317952K), 0.0024660 secs] [Times: user=0.02 sys=0.00, real=0.00 secs] 
36.866: Total time for which application threads were stopped: 0.0048150 seconds, Stopping threads took: 0.0022610 seconds
36.944: Application time: 0.0779410 seconds
36.945: [GC [PSYoungGen: 91024K->7952K(96768K)] 95721K->12657K(317952K), 0.0023940 secs] [Times: user=0.02 sys=0.00, real=0.01 secs] 
36.947: Total time for which application threads were stopped: 0.0037570 seconds, Stopping threads took: 0.0012820 seconds
37.028: Application time: 0.0805080 seconds
37.029: [GC [PSYoungGen: 90896K->5184K(96768K)] 95601K->9905K(317952K), 0.0015270 secs] [Times: user=0.01 sys=0.00, real=0.00 secs] 
37.031: Total time for which application threads were stopped: 0.0030420 seconds, Stopping threads took: 0.0014420 seconds
37.112: Application time: 0.0813040 seconds
37.113: [GC [PSYoungGen: 88128K->4400K(96768K)] 92849K->9121K(317952K), 0.0013760 secs] [Times: user=0.01 sys=0.00, real=0.00 secs] 
37.114: Total time for which application threads were stopped: 0.0021680 seconds, Stopping threads took: 0.0007180 seconds
37.191: Application time: 0.0769400 seconds
37.193: [GC [PSYoungGen: 87344K->7024K(96768K)] 92065K->11753K(317952K), 0.0021450 secs] [Times: user=0.02 sys=0.00, real=0.01 secs] 
37.196: Total time for which application threads were stopped: 0.0042190 seconds, Stopping threads took: 0.0019600 seconds
37.272: Application time: 0.0759720 seconds
37.274: [GC [PSYoungGen: 89968K->8256K(96768K)] 94697K->12993K(317952K), 0.0024830 secs] [Times: user=0.02 sys=0.00, real=0.01 secs] 
37.276: Total time for which application threads were stopped: 0.0048990 seconds, Stopping threads took: 0.0023320 seconds
37.351: Application time: 0.0749540 seconds
37.354: [GC [PSYoungGen: 91200K->7712K(96768K)] 95937K->12473K(317952K), 0.0023400 secs] [Times: user=0.01 sys=0.00, real=0.01 secs] 
37.357: Total time for which application threads were stopped: 0.0052720 seconds, Stopping threads took: 0.0028520 seconds
37.431: Application time: 0.0746940 seconds
37.433: [GC [PSYoungGen: 90656K->7312K(96768K)] 95417K->12081K(317952K), 0.0022330 secs] [Times: user=0.01 sys=0.00, real=0.01 secs] 
37.436: Total time for which application threads were stopped: 0.0041710 seconds, Stopping threads took: 0.0018590 seconds
37.513: Application time: 0.0777890 seconds
37.515: [GC [PSYoungGen: 90256K->4336K(96768K)] 95025K->9113K(317952K), 0.0012630 secs] [Times: user=0.01 sys=0.00, real=0.01 secs] 
37.516: Total time for which application threads were stopped: 0.0026220 seconds, Stopping threads took: 0.0012880 seconds
37.590: Application time: 0.0742310 seconds
37.593: [GC [PSYoungGen: 87280K->7440K(96768K)] 92057K->12217K(317952K), 0.0022490 secs] [Times: user=0.02 sys=0.00, real=0.00 secs] 
37.595: Total time for which application threads were stopped: 0.0048510 seconds, Stopping threads took: 0.0025190 seconds
37.672: Application time: 0.0768360 seconds
37.674: [GC [PSYoungGen: 90384K->7296K(96768K)] 95161K->12081K(317952K), 0.0021400 secs] [Times: user=0.02 sys=0.00, real=0.01 secs] 
37.677: Total time for which application threads were stopped: 0.0046600 seconds, Stopping threads took: 0.0024400 seconds
37.751: Application time: 0.0743170 seconds
37.753: [GC [PSYoungGen: 90240K->7104K(96768K)] 95025K->11897K(317952K), 0.0021760 secs] [Times: user=0.02 sys=0.01, real=0.00 secs] 
37.755: Total time for which application threads were stopped: 0.0039650 seconds, Stopping threads took: 0.0017050 seconds
37.832: Application time: 0.0776860 seconds
37.835: [GC [PSYoungGen: 90048K->6736K(96768K)] 94841K->11537K(317952K), 0.0019810 secs] [Times: user=0.01 sys=0.00, real=0.01 secs] 
37.837: Total time for which application threads were stopped: 0.0043610 seconds, Stopping threads took: 0.0023010 seconds
37.912: Application time: 0.0749930 seconds
37.913: [GC [PSYoungGen: 89680K->7536K(96768K)] 94481K->12345K(317952K), 0.0022700 secs] [Times: user=0.01 sys=0.00, real=0.01 secs] 
37.915: Total time for which application threads were stopped: 0.0036130 seconds, Stopping threads took: 0.0012610 seconds
37.992: Application time: 0.0762520 seconds
37.993: [GC [PSYoungGen: 90480K->5728K(96768K)] 95289K->10545K(317952K), 0.0016700 secs] [Times: user=0.01 sys=0.00, real=0.00 secs] 
37.995: Total time for which application threads were stopped: 0.0031420 seconds, Stopping threads took: 0.0013940 seconds
38.069: Application time: 0.0737770 seconds
38.070: [GC [PSYoungGen: 88672K->7376K(96768K)] 93489K->12193K(317952K), 0.0022120 secs] [Times: user=0.02 sys=0.00, real=0.00 secs] 
38.072: Total time for which application threads were stopped: 0.0037020 seconds, Stopping threads took: 0.0014060 seconds
38.146: Application time: 0.0735540 seconds
38.147: [GC [PSYoungGen: 90320K->6560K(96768K)] 95137K->11385K(317952K), 0.0019950 secs] [Times: user=0.01 sys=0.00, real=0.00 secs] 
38.149: Total time for which application threads were stopped: 0.0034430 seconds, Stopping threads took: 0.0013700 seconds
38.228: Application time: 0.0788760 seconds
38.230: [GC [PSYoungGen: 89504K->5056K(96768K)] 94329K->9889K(317952K), 0.0014990 secs] [Times: user=0.00 sys=0.00, real=0.00 secs] 
38.232: Total time for which application threads were stopped: 0.0035520 seconds, Stopping threads took: 0.0019790 seconds
38.305: Application time: 0.0728540 seconds
38.307: [GC [PSYoungGen: 88000K->7536K(96768K)] 92833K->12377K(317952K), 0.0023760 secs] [Times: user=0.02 sys=0.00, real=0.01 secs] 
38.310: Total time for which application threads were stopped: 0.0048640 seconds, Stopping threads took: 0.0023930 seconds
38.385: Application time: 0.0755540 seconds
38.387: [GC [PSYoungGen: 90480K->8096K(96768K)] 95321K->12945K(317952K), 0.0024920 secs] [Times: user=0.02 sys=0.00, real=0.01 secs] 
38.389: Total time for which application threads were stopped: 0.0042480 seconds, Stopping threads took: 0.0016670 seconds
38.464: Application time: 0.0746940 seconds
38.466: [GC [PSYoungGen: 91040K->7280K(96768K)] 95889K->12137K(317952K), 0.0022700 secs] [Times: user=0.01 sys=0.00, real=0.01 secs] 
38.468: Total time for which application threads were stopped: 0.0042350 seconds, Stopping threads took: 0.0018780 seconds
38.545: Application time: 0.0763710 seconds
38.547: [GC [PSYoungGen: 90224K->6768K(96768K)] 95081K->11625K(317952K), 0.0020590 secs] [Times: user=0.01 sys=0.00, real=0.00 secs] 
38.549: Total time for which application threads were stopped: 0.0046570 seconds, Stopping threads took: 0.0025090 seconds
38.625: Application time: 0.0759030 seconds
38.627: [GC [PSYoungGen: 89712K->4752K(96768K)] 94569K->9625K(317952K), 0.0014680 secs] [Times: user=0.01 sys=0.00, real=0.01 secs] 
38.628: Total time for which application threads were stopped: 0.0028440 seconds, Stopping threads took: 0.0012790 seconds
38.704: Application time: 0.0755750 seconds
38.706: [GC [PSYoungGen: 87696K->5184K(96768K)] 92569K->10073K(317952K), 0.0015110 secs] [Times: user=0.01 sys=0.00, real=0.01 secs] 
38.707: Total time for which application threads were stopped: 0.0037560 seconds, Stopping threads took: 0.0021690 seconds
38.785: Application time: 0.0774560 seconds
38.786: [GC [PSYoungGen: 88128K->6016K(96768K)] 93017K->10905K(317952K), 0.0017990 secs] [Times: user=0.01 sys=0.00, real=0.01 secs] 
38.788: Total time for which application threads were stopped: 0.0034540 seconds, Stopping threads took: 0.0015770 seconds
38.866: Application time: 0.0778740 seconds
38.868: [GC [PSYoungGen: 88960K->6608K(96768K)] 93849K->11505K(317952K), 0.0019340 secs] [Times: user=0.02 sys=0.00, real=0.00 secs] 
38.870: Total time for which application threads were stopped: 0.0040480 seconds, Stopping threads took: 0.0020260 seconds
38.945: Application time: 0.0752170 seconds
38.947: [GC [PSYoungGen: 89552K->6672K(96768K)] 94449K->11577K(317952K), 0.0019510 secs] [Times: user=0.01 sys=0.00, real=0.00 secs] 
38.949: Total time for which application threads were stopped: 0.0039400 seconds, Stopping threads took: 0.0019120 seconds
39.025: Application time: 0.0753050 seconds
39.026: [GC [PSYoungGen: 89616K->5888K(96768K)] 94521K->10793K(317952K), 0.0017660 secs] [Times: user=0.01 sys=0.00, real=0.01 secs] 
39.028: Total time for which application threads were stopped: 0.0035650 seconds, Stopping threads took: 0.0017200 seconds
39.105: Application time: 0.0772470 seconds
39.107: [GC [PSYoungGen: 88832K->6832K(96768K)] 93737K->11737K(317952K), 0.0020430 secs] [Times: user=0.02 sys=0.00, real=0.01 secs] 
39.109: Total time for which application threads were stopped: 0.0035900 seconds, Stopping threads took: 0.0014680 seconds
39.185: Application time: 0.0758860 seconds
39.187: [GC [PSYoungGen: 89776K->5152K(96768K)] 94681K->10065K(317952K), 0.0015510 secs] [Times: user=0.01 sys=0.00, real=0.01 secs] 
39.189: Total time for which application threads were stopped: 0.0035530 seconds, Stopping threads took: 0.0019240 seconds
39.265: Application time: 0.0763120 seconds
39.266: [GC [PSYoungGen: 88096K->7280K(96768K)] 93009K->12201K(317952K), 0.0021880 secs] [Times: user=0.01 sys=0.00, real=0.01 secs] 
39.269: Total time for which application threads were stopped: 0.0038860 seconds, Stopping threads took: 0.0016180 seconds
39.344: Application time: 0.0752740 seconds
39.347: [GC [PSYoungGen: 90224K->6944K(96768K)] 95145K->11873K(317952K), 0.0020570 secs] [Times: user=0.02 sys=0.00, real=0.01 secs] 
39.349: Total time for which application threads were stopped: 0.0050230 seconds, Stopping threads took: 0.0028840 seconds
39.428: Application time: 0.0788960 seconds
39.429: [GC [PSYoungGen: 89888K->6944K(96768K)] 94817K->11881K(317952K), 0.0021600 secs] [Times: user=0.01 sys=0.00, real=0.00 secs] 
39.431: Total time for which application threads were stopped: 0.0033220 seconds, Stopping threads took: 0.0010700 seconds
39.510: Application time: 0.0785910 seconds
39.512: [GC [PSYoungGen: 89888K->7536K(96768K)] 94825K->12481K(317952K), 0.0022870 secs] [Times: user=0.01 sys=0.00, real=0.00 secs] 
39.515: Total time for which application threads were stopped: 0.0049360 seconds, Stopping threads took: 0.0025670 seconds
39.594: Application time: 0.0789170 seconds
39.596: [GC [PSYoungGen: 90480K->8368K(96768K)] 95425K->13313K(317952K), 0.0025290 secs] [Times: user=0.02 sys=0.00, real=0.00 secs] 
39.598: Total time for which application threads were stopped: 0.0046830 seconds, Stopping threads took: 0.0020730 seconds
39.679: Application time: 0.0808430 seconds
39.681: [GC [PSYoungGen: 91312K->7376K(96768K)] 96257K->12329K(317952K), 0.0022570 secs] [Times: user=0.01 sys=0.00, real=0.00 secs] 
39.684: Total time for which application threads were stopped: 0.0044570 seconds, Stopping threads took: 0.0021140 seconds
39.768: Application time: 0.0840470 seconds
39.769: [GC [PSYoungGen: 90320K->5808K(96768K)] 95273K->10769K(317952K), 0.0017390 secs] [Times: user=0.01 sys=0.00, real=0.00 secs] 
39.771: Total time for which application threads were stopped: 0.0028240 seconds, Stopping threads took: 0.0010090 seconds
39.855: Application time: 0.0840900 seconds
39.856: [GC [PSYoungGen: 88752K->5056K(96768K)] 93713K->10025K(317952K), 0.0014580 secs] [Times: user=0.01 sys=0.00, real=0.00 secs] 
39.858: Total time for which application threads were stopped: 0.0032490 seconds, Stopping threads took: 0.0017120 seconds
39.946: Application time: 0.0880000 seconds
39.948: [GC [PSYoungGen: 88000K->6480K(96768K)] 92969K->11457K(317952K), 0.0020430 secs] [Times: user=0.01 sys=0.00, real=0.00 secs] 
39.950: Total time for which application threads were stopped: 0.0038290 seconds, Stopping threads took: 0.0016980 seconds
40.036: Application time: 0.0858910 seconds
40.038: [GC [PSYoungGen: 89424K->6352K(96768K)] 94401K->11337K(317952K), 0.0018620 secs] [Times: user=0.02 sys=0.00, real=0.00 secs] 
40.040: Total time for which application threads were stopped: 0.0040520 seconds, Stopping threads took: 0.0021080 seconds
40.123: Application time: 0.0831510 seconds
40.126: [GC [PSYoungGen: 89296K->7456K(96768K)] 94281K->12441K(317952K), 0.0021940 secs] [Times: user=0.02 sys=0.00, real=0.01 secs] 
40.128: Total time for which application threads were stopped: 0.0050160 seconds, Stopping threads took: 0.0027400 seconds
40.206: Application time: 0.0777310 seconds
40.208: [GC [PSYoungGen: 90400K->7360K(96768K)] 95385K->12353K(317952K), 0.0021940 secs] [Times: user=0.01 sys=0.00, real=0.00 secs] 
40.210: Total time for which application threads were stopped: 0.0044720 seconds, Stopping threads took: 0.0021890 seconds
40.290: Application time: 0.0798690 seconds
40.292: [GC [PSYoungGen: 90304K->6336K(96768K)] 95297K->11337K(317952K), 0.0018390 secs] [Times: user=0.01 sys=0.00, real=0.00 secs] 
40.294: Total time for which application threads were stopped: 0.0044040 seconds, Stopping threads took: 0.0024840 seconds
40.374: Application time: 0.0797600 seconds
40.377: [GC [PSYoungGen: 89280K->6944K(96768K)] 94281K->11945K(317952K), 0.0020520 secs] [Times: user=0.02 sys=0.00, real=0.00 secs] 
40.379: Total time for which application threads were stopped: 0.0052560 seconds, Stopping threads took: 0.0031220 seconds
40.458: Application time: 0.0785180 seconds
40.461: [GC [PSYoungGen: 89888K->7248K(96768K)] 94889K->12257K(317952K), 0.0022030 secs] [Times: user=0.01 sys=0.00, real=0.00 secs] 
40.463: Total time for which application threads were stopped: 0.0051060 seconds, Stopping threads took: 0.0028150 seconds
40.545: Application time: 0.0816850 seconds
40.547: [GC [PSYoungGen: 90192K->6272K(96768K)] 95201K->11289K(317952K), 0.0018960 secs] [Times: user=0.02 sys=0.00, real=0.01 secs] 
40.549: Total time for which application threads were stopped: 0.0039800 seconds, Stopping threads took: 0.0019970 seconds
40.634: Application time: 0.0857920 seconds
40.638: [GC [PSYoungGen: 89216K->7520K(96768K)] 94233K->12537K(317952K), 0.0023690 secs] [Times: user=0.02 sys=0.00, real=0.00 secs] 
40.641: Total time for which application threads were stopped: 0.0060540 seconds, Stopping threads took: 0.0035870 seconds
40.723: Application time: 0.0823370 seconds
40.726: [GC [PSYoungGen: 90464K->6032K(96768K)] 95481K->11049K(317952K), 0.0021210 secs] [Times: user=0.01 sys=0.00, real=0.01 secs] 
40.728: Total time for which application threads were stopped: 0.0048860 seconds, Stopping threads took: 0.0026860 seconds
40.807: Application time: 0.0790170 seconds
40.809: [GC [PSYoungGen: 88976K->8256K(96768K)] 93993K->13281K(317952K), 0.0025210 secs] [Times: user=0.01 sys=0.00, real=0.00 secs] 
40.812: Total time for which application threads were stopped: 0.0049610 seconds, Stopping threads took: 0.0023590 seconds
40.890: Application time: 0.0785310 seconds
40.893: [GC [PSYoungGen: 91200K->7872K(96768K)] 96225K->12897K(317952K), 0.0023730 secs] [Times: user=0.02 sys=0.00, real=0.01 secs] 
40.896: Total time for which application threads were stopped: 0.0052950 seconds, Stopping threads took: 0.0028370 seconds
40.975: Application time: 0.0791410 seconds
40.977: [GC [PSYoungGen: 90816K->7280K(96768K)] 95841K->12313K(317952K), 0.0021920 secs] [Times: user=0.01 sys=0.00, real=0.00 secs] 
40.979: Total time for which application threads were stopped: 0.0048010 seconds, Stopping threads took: 0.0025150 seconds
41.058: Application time: 0.0782200 seconds
41.061: [GC [PSYoungGen: 90224K->7472K(96768K)] 95257K->12513K(317952K), 0.0023540 secs] [Times: user=0.01 sys=0.00, real=0.00 secs] 
41.063: Total time for which application threads were stopped: 0.0055960 seconds, Stopping threads took: 0.0031580 seconds
41.143: Application time: 0.0792430 seconds
41.144: [GC [PSYoungGen: 90416K->6416K(96768K)] 95457K->11457K(317952K), 0.0020430 secs] [Times: user=0.02 sys=0.00, real=0.00 secs] 
41.146: Total time for which application threads were stopped: 0.0037790 seconds, Stopping threads took: 0.0016460 seconds
41.226: Application time: 0.0800940 seconds
41.228: [GC [PSYoungGen: 89360K->6656K(96768K)] 94401K->11697K(317952K), 0.0019920 secs] [Times: user=0.01 sys=0.00, real=0.00 secs] 
41.230: Total time for which application threads were stopped: 0.0036420 seconds, Stopping threads took: 0.0015680 seconds
41.311: Application time: 0.0807210 seconds
41.313: [GC [PSYoungGen: 89600K->6912K(96768K)] 94641K->11961K(317952K), 0.0020790 secs] [Times: user=0.01 sys=0.00, real=0.01 secs] 
41.315: Total time for which application threads were stopped: 0.0046400 seconds, Stopping threads took: 0.0024770 seconds
41.393: Application time: 0.0775200 seconds
41.395: [GC [PSYoungGen: 89856K->7696K(96768K)] 94905K->12753K(317952K), 0.0023550 secs] [Times: user=0.01 sys=0.01, real=0.01 secs] 
41.398: Total time for which application threads were stopped: 0.0045790 seconds, Stopping threads took: 0.0021390 seconds
41.477: Application time: 0.0798340 seconds
41.480: [GC [PSYoungGen: 90640K->6544K(96768K)] 95697K->11609K(317952K), 0.0019230 secs] [Times: user=0.01 sys=0.00, real=0.00 secs] 
41.482: Total time for which application threads were stopped: 0.0047300 seconds, Stopping threads took: 0.0027210 seconds
41.563: Application time: 0.0804940 seconds
41.564: [GC [PSYoungGen: 89488K->5792K(96768K)] 94553K->10865K(317952K), 0.0017640 secs] [Times: user=0.01 sys=0.00, real=0.00 secs] 
41.566: Total time for which application threads were stopped: 0.0035680 seconds, Stopping threads took: 0.0017240 seconds
41.648: Application time: 0.0817830 seconds
41.650: [GC [PSYoungGen: 88736K->7712K(96768K)] 93809K->12785K(317952K), 0.0023200 secs] [Times: user=0.01 sys=0.00, real=0.00 secs] 
41.652: Total time for which application threads were stopped: 0.0044830 seconds, Stopping threads took: 0.0020750 seconds
41.737: Application time: 0.0843870 seconds
41.739: [GC [PSYoungGen: 90656K->6176K(96768K)] 95729K->11249K(317952K), 0.0019460 secs] [Times: user=0.01 sys=0.00, real=0.00 secs] 
41.741: Total time for which application threads were stopped: 0.0044010 seconds, Stopping threads took: 0.0023710 seconds
41.820: Application time: 0.0787850 seconds
41.823: [GC [PSYoungGen: 89120K->7712K(96768K)] 94193K->12793K(317952K), 0.0023830 secs] [Times: user=0.02 sys=0.00, real=0.00 secs] 
41.825: Total time for which application threads were stopped: 0.0051960 seconds, Stopping threads took: 0.0027260 seconds
41.903: Application time: 0.0781120 seconds
41.905: [GC [PSYoungGen: 90656K->7296K(96768K)] 95737K->12393K(317952K), 0.0021420 secs] [Times: user=0.01 sys=0.00, real=0.01 secs] 
41.908: Total time for which application threads were stopped: 0.0042570 seconds, Stopping threads took: 0.0020340 seconds
41.985: Application time: 0.0770720 seconds
41.987: [GC [PSYoungGen: 90240K->7696K(96768K)] 95337K->12809K(317952K), 0.0023260 secs] [Times: user=0.01 sys=0.00, real=0.01 secs] 
41.989: Total time for which application threads were stopped: 0.0043160 seconds, Stopping threads took: 0.0019030 seconds
42.067: Application time: 0.0779750 seconds
42.069: [GC [PSYoungGen: 90640K->6784K(96768K)] 95753K->11905K(317952K), 0.0020360 secs] [Times: user=0.01 sys=0.00, real=0.00 secs] 
42.071: Total time for which application threads were stopped: 0.0041550 seconds, Stopping threads took: 0.0020390 seconds
42.150: Application time: 0.0790200 seconds
42.152: [GC [PSYoungGen: 89728K->7392K(96768K)] 94849K->12513K(317952K), 0.0022180 secs] [Times: user=0.02 sys=0.01, real=0.00 secs] 
42.155: Total time for which application threads were stopped: 0.0045920 seconds, Stopping threads took: 0.0022880 seconds
42.240: Application time: 0.0849150 seconds
42.240: [GC [PSYoungGen: 90336K->4848K(96768K)] 95457K->9969K(317952K), 0.0015260 secs] [Times: user=0.00 sys=0.00, real=0.00 secs] 
42.242: Total time for which application threads were stopped: 0.0019220 seconds, Stopping threads took: 0.0003150 seconds
42.331: Application time: 0.0891630 seconds
42.333: [GC [PSYoungGen: 87792K->6928K(96768K)] 92913K->12049K(317952K), 0.0020910 secs] [Times: user=0.01 sys=0.00, real=0.01 secs] 
42.336: Total time for which application threads were stopped: 0.0048340 seconds, Stopping threads took: 0.0026580 seconds
42.415: Application time: 0.0790700 seconds
42.418: [GC [PSYoungGen: 89872K->7808K(96768K)] 94993K->12937K(317952K), 0.0025540 secs] [Times: user=0.01 sys=0.00, real=0.00 secs] 
42.420: Total time for which application threads were stopped: 0.0055830 seconds, Stopping threads took: 0.0029200 seconds
42.502: Application time: 0.0817090 seconds
42.504: [GC [PSYoungGen: 90752K->6240K(96768K)] 95881K->11377K(317952K), 0.0019100 secs] [Times: user=0.01 sys=0.00, real=0.00 secs] 
42.506: Total time for which application threads were stopped: 0.0036710 seconds, Stopping threads took: 0.0016690 seconds
42.585: Application time: 0.0795190 seconds
42.587: [GC [PSYoungGen: 89184K->4752K(96768K)] 94321K->9905K(317952K), 0.0016010 secs] [Times: user=0.01 sys=0.00, real=0.01 secs] 
42.589: Total time for which application threads were stopped: 0.0033450 seconds, Stopping threads took: 0.0016460 seconds
42.664: Application time: 0.0758040 seconds
42.666: [GC [PSYoungGen: 87696K->7248K(96768K)] 92849K->12409K(317952K), 0.0022240 secs] [Times: user=0.01 sys=0.00, real=0.01 secs] 
42.669: Total time for which application threads were stopped: 0.0042650 seconds, Stopping threads took: 0.0019360 seconds
42.752: Application time: 0.0830870 seconds
42.753: [GC [PSYoungGen: 90192K->6592K(96768K)] 95353K->11753K(317952K), 0.0020670 secs] [Times: user=0.01 sys=0.00, real=0.00 secs] 
42.755: Total time for which application threads were stopped: 0.0031020 seconds, Stopping threads took: 0.0009550 seconds
42.835: Application time: 0.0799180 seconds
42.837: [GC [PSYoungGen: 89536K->6384K(96768K)] 94697K->11545K(317952K), 0.0018330 secs] [Times: user=0.01 sys=0.00, real=0.00 secs] 
42.839: Total time for which application threads were stopped: 0.0040050 seconds, Stopping threads took: 0.0020920 seconds
42.923: Application time: 0.0839540 seconds
42.925: [GC [PSYoungGen: 89328K->5872K(96768K)] 94489K->11041K(317952K), 0.0017870 secs] [Times: user=0.01 sys=0.00, real=0.00 secs] 
42.927: Total time for which application threads were stopped: 0.0042720 seconds, Stopping threads took: 0.0024070 seconds
43.009: Application time: 0.0819920 seconds
43.010: [GC [PSYoungGen: 88816K->4944K(96768K)] 93985K->10121K(317952K), 0.0015170 secs] [Times: user=0.01 sys=0.00, real=0.00 secs] 
43.012: Total time for which application threads were stopped: 0.0031040 seconds, Stopping threads took: 0.0014990 seconds
43.092: Application time: 0.0800850 seconds
43.095: [GC [PSYoungGen: 87888K->7792K(96768K)] 93065K->12977K(317952K), 0.0023380 secs] [Times: user=0.01 sys=0.00, real=0.01 secs] 
43.097: Total time for which application threads were stopped: 0.0049440 seconds, Stopping threads took: 0.0025240 seconds
43.178: Application time: 0.0805710 seconds
43.179: [GC [PSYoungGen: 90736K->5120K(96768K)] 95921K->10313K(317952K), 0.0015810 secs] [Times: user=0.01 sys=0.00, real=0.00 secs] 
43.181: Total time for which application threads were stopped: 0.0030740 seconds, Stopping threads took: 0.0014080 seconds
43.260: Application time: 0.0791150 seconds
43.262: [GC [PSYoungGen: 88064K->6688K(96768K)] 93257K->11881K(317952K), 0.0020460 secs] [Times: user=0.01 sys=0.00, real=0.00 secs] 
43.264: Total time for which application threads were stopped: 0.0038440 seconds, Stopping threads took: 0.0017130 seconds
43.343: Application time: 0.0793040 seconds
43.345: [GC [PSYoungGen: 89632K->7072K(96768K)] 94825K->12265K(317952K), 0.0020940 secs] [Times: user=0.02 sys=0.00, real=0.01 secs] 
43.347: Total time for which application threads were stopped: 0.0044850 seconds, Stopping threads took: 0.0023080 seconds
43.427: Application time: 0.0796190 seconds
43.430: [GC [PSYoungGen: 90016K->8032K(96768K)] 95209K->13241K(317952K), 0.0024940 secs] [Times: user=0.02 sys=0.00, real=0.00 secs] 
43.433: Total time for which application threads were stopped: 0.0054830 seconds, Stopping threads took: 0.0029040 seconds
43.509: Application time: 0.0769010 seconds
43.511: [GC [PSYoungGen: 90976K->6400K(96768K)] 96185K->11625K(317952K), 0.0019260 secs] [Times: user=0.01 sys=0.00, real=0.00 secs] 
43.513: Total time for which application threads were stopped: 0.0031680 seconds, Stopping threads took: 0.0011590 seconds
43.588: Application time: 0.0757160 seconds
43.590: [GC [PSYoungGen: 89344K->7856K(96768K)] 94569K->13097K(317952K), 0.0024500 secs] [Times: user=0.02 sys=0.00, real=0.00 secs] 
43.593: Total time for which application threads were stopped: 0.0043490 seconds, Stopping threads took: 0.0018090 seconds
43.669: Application time: 0.0767800 seconds
43.671: [GC [PSYoungGen: 90800K->5872K(96768K)] 96041K->11121K(317952K), 0.0018270 secs] [Times: user=0.01 sys=0.00, real=0.00 secs] 
43.673: Total time for which application threads were stopped: 0.0030360 seconds, Stopping threads took: 0.0011330 seconds
43.747: Application time: 0.0745600 seconds
43.749: [GC [PSYoungGen: 88816K->5792K(96768K)] 94065K->11041K(317952K), 0.0017540 secs] [Times: user=0.01 sys=0.00, real=0.00 secs] 
43.751: Total time for which application threads were stopped: 0.0035430 seconds, Stopping threads took: 0.0017100 seconds
43.826: Application time: 0.0758230 seconds
43.829: [GC [PSYoungGen: 88736K->6912K(96768K)] 93985K->12161K(317952K), 0.0020030 secs] [Times: user=0.01 sys=0.00, real=0.00 secs] 
43.831: Total time for which application threads were stopped: 0.0050020 seconds, Stopping threads took: 0.0029230 seconds
43.906: Application time: 0.0750020 seconds
43.909: [GC [PSYoungGen: 89856K->7920K(96768K)] 95105K->13169K(317952K), 0.0023440 secs] [Times: user=0.02 sys=0.00, real=0.00 secs] 
43.911: Total time for which application threads were stopped: 0.0044380 seconds, Stopping threads took: 0.0020130 seconds
43.987: Application time: 0.0759890 seconds
43.989: [GC [PSYoungGen: 90864K->6464K(96768K)] 96113K->11721K(317952K), 0.0019140 secs] [Times: user=0.01 sys=0.00, real=0.00 secs] 
43.991: Total time for which application threads were stopped: 0.0037030 seconds, Stopping threads took: 0.0017090 seconds
44.066: Application time: 0.0757040 seconds
44.069: [GC [PSYoungGen: 89408K->6288K(96768K)] 94665K->11569K(317952K), 0.0018400 secs] [Times: user=0.01 sys=0.00, real=0.00 secs] 
44.071: Total time for which application threads were stopped: 0.0043900 seconds, Stopping threads took: 0.0024600 seconds
44.145: Application time: 0.0747690 seconds
44.147: [GC [PSYoungGen: 89232K->7040K(96768K)] 94513K->12321K(317952K), 0.0021560 secs] [Times: user=0.02 sys=0.00, real=0.01 secs] 
44.149: Total time for which application threads were stopped: 0.0033220 seconds, Stopping threads took: 0.0010760 seconds
44.225: Application time: 0.0761270 seconds
44.228: [GC [PSYoungGen: 89984K->7184K(96768K)] 95265K->12473K(317952K), 0.0022400 secs] [Times: user=0.01 sys=0.00, real=0.00 secs] 
44.230: Total time for which application threads were stopped: 0.0051850 seconds, Stopping threads took: 0.0028660 seconds
44.304: Application time: 0.0740910 seconds
44.306: [GC [PSYoungGen: 90128K->7248K(96768K)] 95417K->12537K(317952K), 0.0022140 secs] [Times: user=0.01 sys=0.00, real=0.01 secs] 
44.308: Total time for which application threads were stopped: 0.0036270 seconds, Stopping threads took: 0.0013330 seconds
44.383: Application time: 0.0746760 seconds
44.384: [GC [PSYoungGen: 90192K->6864K(96768K)] 95481K->12153K(317952K), 0.0020500 secs] [Times: user=0.01 sys=0.00, real=0.00 secs] 
44.386: Total time for which application threads were stopped: 0.0033230 seconds, Stopping threads took: 0.0011950 seconds
44.461: Application time: 0.0748510 seconds
44.462: [GC [PSYoungGen: 89808K->6944K(96768K)] 95097K->12241K(317952K), 0.0021640 secs] [Times: user=0.01 sys=0.00, real=0.00 secs] 
44.465: Total time for which application threads were stopped: 0.0039440 seconds, Stopping threads took: 0.0017010 seconds
44.539: Application time: 0.0748350 seconds
44.542: [GC [PSYoungGen: 89888K->6928K(96768K)] 95185K->12241K(317952K), 0.0020960 secs] [Times: user=0.01 sys=0.00, real=0.00 secs] 
44.544: Total time for which application threads were stopped: 0.0041900 seconds, Stopping threads took: 0.0020170 seconds
44.618: Application time: 0.0742560 seconds
44.619: [GC [PSYoungGen: 89872K->6032K(96768K)] 95185K->11353K(317952K), 0.0017860 secs] [Times: user=0.01 sys=0.00, real=0.00 secs] 
44.621: Total time for which application threads were stopped: 0.0030500 seconds, Stopping threads took: 0.0011820 seconds
44.699: Application time: 0.0777940 seconds
44.701: [GC [PSYoungGen: 88976K->6368K(96768K)] 94297K->11697K(317952K), 0.0019180 secs] [Times: user=0.01 sys=0.00, real=0.00 secs] 
44.703: Total time for which application threads were stopped: 0.0041940 seconds, Stopping threads took: 0.0021890 seconds
44.779: Application time: 0.0762000 seconds
44.781: [GC [PSYoungGen: 89312K->6688K(96768K)] 94641K->12017K(317952K), 0.0019730 secs] [Times: user=0.01 sys=0.00, real=0.00 secs] 
44.783: Total time for which application threads were stopped: 0.0034710 seconds, Stopping threads took: 0.0014190 seconds
44.858: Application time: 0.0757170 seconds
44.859: [GC [PSYoungGen: 89632K->5536K(96768K)] 94961K->10865K(317952K), 0.0016640 secs] [Times: user=0.01 sys=0.00, real=0.00 secs] 
44.861: Total time for which application threads were stopped: 0.0027050 seconds, Stopping threads took: 0.0009580 seconds
44.938: Application time: 0.0766200 seconds
44.940: [GC [PSYoungGen: 88480K->6480K(96768K)] 93809K->11817K(317952K), 0.0018850 secs] [Times: user=0.01 sys=0.00, real=0.00 secs] 
44.942: Total time for which application threads were stopped: 0.0038910 seconds, Stopping threads took: 0.0019260 seconds
45.020: Application time: 0.0779840 seconds
45.023: [GC [PSYoungGen: 89424K->4720K(96768K)] 94761K->10057K(317952K), 0.0014070 secs] [Times: user=0.01 sys=0.00, real=0.00 secs] 
45.025: Total time for which application threads were stopped: 0.0050780 seconds, Stopping threads took: 0.0035980 seconds
45.100: Application time: 0.0755830 seconds
45.102: [GC [PSYoungGen: 87664K->4752K(96768K)] 93001K->10097K(317952K), 0.0013610 secs] [Times: user=0.01 sys=0.00, real=0.00 secs] 
45.103: Total time for which application threads were stopped: 0.0027440 seconds, Stopping threads took: 0.0013060 seconds
45.179: Application time: 0.0755630 seconds
45.180: [GC [PSYoungGen: 87696K->7712K(96768K)] 93041K->13065K(317952K), 0.0024870 secs] [Times: user=0.01 sys=0.00, real=0.00 secs] 
45.183: Total time for which application threads were stopped: 0.0043440 seconds, Stopping threads took: 0.0017750 seconds
45.259: Application time: 0.0758060 seconds
45.261: [GC [PSYoungGen: 90656K->7456K(96768K)] 96009K->12809K(317952K), 0.0021430 secs] [Times: user=0.01 sys=0.00, real=0.00 secs] 
45.263: Total time for which application threads were stopped: 0.0043030 seconds, Stopping threads took: 0.0020690 seconds
45.340: Application time: 0.0772850 seconds
45.342: [GC [PSYoungGen: 90400K->5488K(96768K)] 95753K->10841K(317952K), 0.0016500 secs] [Times: user=0.00 sys=0.01, real=0.00 secs] 
45.344: Total time for which application threads were stopped: 0.0032000 seconds, Stopping threads took: 0.0014740 seconds
45.419: Application time: 0.0755720 seconds
45.421: [GC [PSYoungGen: 88432K->5856K(96768K)] 93785K->11217K(317952K), 0.0016940 secs] [Times: user=0.01 sys=0.00, real=0.00 secs] 
45.423: Total time for which application threads were stopped: 0.0040200 seconds, Stopping threads took: 0.0022480 seconds
45.500: Application time: 0.0764290 seconds
45.502: [GC [PSYoungGen: 88800K->6064K(96768K)] 94161K->11433K(317952K), 0.0017280 secs] [Times: user=0.01 sys=0.00, real=0.00 secs] 
45.503: Total time for which application threads were stopped: 0.0039160 seconds, Stopping threads took: 0.0021090 seconds
45.581: Application time: 0.0776280 seconds
45.583: [GC [PSYoungGen: 89007K->6784K(96768K)] 94376K->12161K(317952K), 0.0020960 secs] [Times: user=0.01 sys=0.01, real=0.00 secs] 
45.585: Total time for which application threads were stopped: 0.0041030 seconds, Stopping threads took: 0.0019270 seconds
45.660: Application time: 0.0745970 seconds
45.663: [GC [PSYoungGen: 89728K->6432K(96768K)] 95105K->11817K(317952K), 0.0019310 secs] [Times: user=0.01 sys=0.00, real=0.00 secs] 
45.665: Total time for which application threads were stopped: 0.0047700 seconds, Stopping threads took: 0.0027560 seconds
45.741: Application time: 0.0759910 seconds
45.742: [GC [PSYoungGen: 89376K->6144K(96768K)] 94761K->11529K(317952K), 0.0018660 secs] [Times: user=0.01 sys=0.00, real=0.00 secs] 
45.744: Total time for which application threads were stopped: 0.0037190 seconds, Stopping threads took: 0.0017740 seconds
45.819: Application time: 0.0750140 seconds
45.821: [GC [PSYoungGen: 89088K->7312K(96768K)] 94473K->12697K(317952K), 0.0021240 secs] [Times: user=0.01 sys=0.00, real=0.00 secs] 
45.823: Total time for which application threads were stopped: 0.0037920 seconds, Stopping threads took: 0.0015780 seconds
45.905: Application time: 0.0818370 seconds
45.908: [GC [PSYoungGen: 90256K->3888K(96768K)] 95641K->9273K(317952K), 0.0012640 secs] [Times: user=0.01 sys=0.00, real=0.00 secs] 
45.909: Total time for which application threads were stopped: 0.0039300 seconds, Stopping threads took: 0.0025990 seconds
45.987: Application time: 0.0783490 seconds
45.989: [GC [PSYoungGen: 86832K->7280K(96768K)] 92217K->12673K(317952K), 0.0021620 secs] [Times: user=0.02 sys=0.00, real=0.00 secs] 
45.991: Total time for which application threads were stopped: 0.0038180 seconds, Stopping threads took: 0.0015790 seconds
46.067: Application time: 0.0760620 seconds
46.068: [GC [PSYoungGen: 90224K->4544K(96768K)] 95617K->9945K(317952K), 0.0013620 secs] [Times: user=0.00 sys=0.00, real=0.00 secs] 
46.069: Total time for which application threads were stopped: 0.0019220 seconds, Stopping threads took: 0.0004910 seconds
46.144: Application time: 0.0748330 seconds
46.146: [GC [PSYoungGen: 87488K->6304K(96768K)] 92889K->11705K(317952K), 0.0018710 secs] [Times: user=0.01 sys=0.00, real=0.01 secs] 
46.148: Total time for which application threads were stopped: 0.0039130 seconds, Stopping threads took: 0.0019610 seconds
46.230: Application time: 0.0824490 seconds
46.232: [GC [PSYoungGen: 89248K->3584K(96768K)] 94649K->8993K(317952K), 0.0011470 secs] [Times: user=0.01 sys=0.00, real=0.00 secs] 
46.233: Total time for which application threads were stopped: 0.0026800 seconds, Stopping threads took: 0.0014560 seconds
46.305: Application time: 0.0725460 seconds
46.308: [GC [PSYoungGen: 86528K->7632K(96768K)] 91937K->13041K(317952K), 0.0022330 secs] [Times: user=0.02 sys=0.00, real=0.00 secs] 
46.310: Total time for which application threads were stopped: 0.0046690 seconds, Stopping threads took: 0.0023560 seconds
46.384: Application time: 0.0742770 seconds
46.386: [GC [PSYoungGen: 90576K->6528K(96768K)] 95985K->11937K(317952K), 0.0018910 secs] [Times: user=0.02 sys=0.00, real=0.01 secs] 
46.388: Total time for which application threads were stopped: 0.0035550 seconds, Stopping threads took: 0.0015790 seconds
46.461: Application time: 0.0733630 seconds
46.463: [GC [PSYoungGen: 89472K->6848K(96768K)] 94881K->12265K(317952K), 0.0020890 secs] [Times: user=0.01 sys=0.00, real=0.00 secs] 
46.465: Total time for which application threads were stopped: 0.0036570 seconds, Stopping threads took: 0.0014850 seconds
46.541: Application time: 0.0761350 seconds
46.543: [GC [PSYoungGen: 89792K->5616K(96768K)] 95209K->11041K(317952K), 0.0017510 secs] [Times: user=0.01 sys=0.00, real=0.00 secs] 
46.545: Total time for which application threads were stopped: 0.0035260 seconds, Stopping threads took: 0.0016920 seconds
46.621: Application time: 0.0761440 seconds
46.623: [GC [PSYoungGen: 88560K->7040K(96768K)] 93985K->12481K(317952K), 0.0023480 secs] [Times: user=0.02 sys=0.00, real=0.00 secs] 
46.625: Total time for which application threads were stopped: 0.0044150 seconds, Stopping threads took: 0.0019740 seconds
46.701: Application time: 0.0760270 seconds
46.703: [GC [PSYoungGen: 89984K->5216K(96768K)] 95425K->10665K(317952K), 0.0015820 secs] [Times: user=0.01 sys=0.00, real=0.00 secs] 
46.705: Total time for which application threads were stopped: 0.0035380 seconds, Stopping threads took: 0.0018760 seconds
46.784: Application time: 0.0787930 seconds
46.786: [GC [PSYoungGen: 88160K->4624K(96768K)] 93609K->10073K(317952K), 0.0013280 secs] [Times: user=0.01 sys=0.00, real=0.01 secs] 
46.787: Total time for which application threads were stopped: 0.0036010 seconds, Stopping threads took: 0.0021870 seconds
46.863: Application time: 0.0753490 seconds
46.865: [GC [PSYoungGen: 87568K->7744K(96768K)] 93017K->13193K(317952K), 0.0024080 secs] [Times: user=0.00 sys=0.00, real=0.01 secs] 
46.867: Total time for which application threads were stopped: 0.0047610 seconds, Stopping threads took: 0.0022760 seconds
46.942: Application time: 0.0749420 seconds
46.944: [GC [PSYoungGen: 90688K->6992K(96768K)] 96137K->12449K(317952K), 0.0021150 secs] [Times: user=0.01 sys=0.00, real=0.00 secs] 
46.946: Total time for which application threads were stopped: 0.0039580 seconds, Stopping threads took: 0.0017520 seconds
47.026: Application time: 0.0797030 seconds
47.029: [GC [PSYoungGen: 89936K->5920K(96768K)] 95393K->11385K(317952K), 0.0016540 secs] [Times: user=0.01 sys=0.01, real=0.00 secs] 
47.031: Total time for which application threads were stopped: 0.0046890 seconds, Stopping threads took: 0.0029570 seconds
47.107: Application time: 0.0760430 seconds
47.109: [GC [PSYoungGen: 88864K->6416K(96768K)] 94329K->11905K(317952K), 0.0018960 secs] [Times: user=0.02 sys=0.00, real=0.00 secs] 
47.111: Total time for which application threads were stopped: 0.0040110 seconds, Stopping threads took: 0.0020380 seconds
47.190: Application time: 0.0793920 seconds
47.191: [GC [PSYoungGen: 89360K->4800K(96768K)] 94849K->10297K(317952K), 0.0014810 secs] [Times: user=0.01 sys=0.00, real=0.00 secs] 
47.193: Total time for which application threads were stopped: 0.0025420 seconds, Stopping threads took: 0.0009840 seconds
47.267: Application time: 0.0742100 seconds
47.268: [GC [PSYoungGen: 87744K->6672K(96768K)] 93241K->12169K(317952K), 0.0019900 secs] [Times: user=0.02 sys=0.00, real=0.00 secs] 
47.270: Total time for which application threads were stopped: 0.0035150 seconds, Stopping threads took: 0.0014460 seconds
47.347: Application time: 0.0767740 seconds
47.349: [GC [PSYoungGen: 89616K->5856K(96768K)] 95113K->11353K(317952K), 0.0018650 secs] [Times: user=0.02 sys=0.00, real=0.00 secs] 
47.351: Total time for which application threads were stopped: 0.0036910 seconds, Stopping threads took: 0.0017500 seconds
47.429: Application time: 0.0781080 seconds
47.431: [GC [PSYoungGen: 88800K->6288K(96768K)] 94297K->11801K(317952K), 0.0018660 secs] [Times: user=0.01 sys=0.00, real=0.00 secs] 
47.433: Total time for which application threads were stopped: 0.0037930 seconds, Stopping threads took: 0.0018440 seconds
47.513: Application time: 0.0807100 seconds
47.515: [GC [PSYoungGen: 89232K->8208K(96768K)] 94745K->13721K(317952K), 0.0024980 secs] [Times: user=0.02 sys=0.00, real=0.01 secs] 
47.518: Total time for which application threads were stopped: 0.0041880 seconds, Stopping threads took: 0.0015910 seconds
47.598: Application time: 0.0800580 seconds
47.599: [GC [PSYoungGen: 91152K->6560K(96768K)] 96665K->12081K(317952K), 0.0019930 secs] [Times: user=0.02 sys=0.00, real=0.00 secs] 
47.601: Total time for which application threads were stopped: 0.0035130 seconds, Stopping threads took: 0.0014370 seconds
47.682: Application time: 0.0811150 seconds
47.684: [GC [PSYoungGen: 89504K->5968K(96768K)] 95025K->11505K(317952K), 0.0018280 secs] [Times: user=0.01 sys=0.00, real=0.00 secs] 
47.685: Total time for which application threads were stopped: 0.0031580 seconds, Stopping threads took: 0.0012500 seconds
47.762: Application time: 0.0767020 seconds
47.765: [GC [PSYoungGen: 88912K->7648K(96768K)] 94449K->13185K(317952K), 0.0022800 secs] [Times: user=0.02 sys=0.00, real=0.01 secs] 
47.767: Total time for which application threads were stopped: 0.0052500 seconds, Stopping threads took: 0.0028890 seconds
47.845: Application time: 0.0772610 seconds
47.846: [GC [PSYoungGen: 90592K->7696K(96768K)] 96129K->13233K(317952K), 0.0022920 secs] [Times: user=0.02 sys=0.00, real=0.01 secs] 
47.849: Total time for which application threads were stopped: 0.0040580 seconds, Stopping threads took: 0.0016820 seconds
47.928: Application time: 0.0791580 seconds
47.931: [GC [PSYoungGen: 90640K->6624K(96768K)] 96177K->12177K(317952K), 0.0018980 secs] [Times: user=0.02 sys=0.00, real=0.00 secs] 
47.933: Total time for which application threads were stopped: 0.0050050 seconds, Stopping threads took: 0.0030250 seconds
48.013: Application time: 0.0796310 seconds
48.014: [GC [PSYoungGen: 89568K->5984K(96768K)] 95121K->11545K(317952K), 0.0018240 secs] [Times: user=0.01 sys=0.00, real=0.01 secs] 
48.016: Total time for which application threads were stopped: 0.0035420 seconds, Stopping threads took: 0.0016360 seconds
48.100: Application time: 0.0838960 seconds
48.102: [GC [PSYoungGen: 88928K->3584K(96768K)] 94489K->9169K(317952K), 0.0010990 secs] [Times: user=0.00 sys=0.00, real=0.00 secs] 
48.103: Total time for which application threads were stopped: 0.0028060 seconds, Stopping threads took: 0.0016270 seconds
48.188: Application time: 0.0855830 seconds
48.191: [GC [PSYoungGen: 86528K->5040K(96768K)] 92113K->10633K(317952K), 0.0014580 secs] [Times: user=0.01 sys=0.00, real=0.00 secs] 
48.192: Total time for which application threads were stopped: 0.0040360 seconds, Stopping threads took: 0.0025000 seconds
48.276: Application time: 0.0835100 seconds
48.277: [GC [PSYoungGen: 87984K->6176K(96768K)] 93577K->11777K(317952K), 0.0019140 secs] [Times: user=0.01 sys=0.00, real=0.00 secs] 
48.279: Total time for which application threads were stopped: 0.0033860 seconds, Stopping threads took: 0.0013930 seconds
48.360: Application time: 0.0802740 seconds
48.362: [GC [PSYoungGen: 89120K->8096K(96768K)] 94721K->13697K(317952K), 0.0024640 secs] [Times: user=0.01 sys=0.00, real=0.00 secs] 
48.364: Total time for which application threads were stopped: 0.0046370 seconds, Stopping threads took: 0.0020880 seconds
48.441: Application time: 0.0765850 seconds
48.443: [GC [PSYoungGen: 91040K->7920K(96768K)] 96641K->13521K(317952K), 0.0023930 secs] [Times: user=0.02 sys=0.00, real=0.00 secs] 
48.445: Total time for which application threads were stopped: 0.0044530 seconds, Stopping threads took: 0.0019750 seconds
48.525: Application time: 0.0799460 seconds
48.527: [GC [PSYoungGen: 90864K->6752K(96768K)] 96465K->12361K(317952K), 0.0020590 secs] [Times: user=0.01 sys=0.00, real=0.00 secs] 
48.529: Total time for which application threads were stopped: 0.0042110 seconds, Stopping threads took: 0.0020740 seconds
48.608: Application time: 0.0786800 seconds
48.610: [GC [PSYoungGen: 89696K->6880K(96768K)] 95305K->12497K(317952K), 0.0021100 secs] [Times: user=0.02 sys=0.00, real=0.00 secs] 
48.612: Total time for which application threads were stopped: 0.0041070 seconds, Stopping threads took: 0.0019010 seconds
48.694: Application time: 0.0814530 seconds
48.696: [GC [PSYoungGen: 89824K->6944K(96768K)] 95441K->12569K(317952K), 0.0020890 secs] [Times: user=0.01 sys=0.00, real=0.00 secs] 
48.698: Total time for which application threads were stopped: 0.0043410 seconds, Stopping threads took: 0.0021690 seconds
48.774: Application time: 0.0760950 seconds
48.777: [GC [PSYoungGen: 89888K->7584K(96768K)] 95513K->13217K(317952K), 0.0022760 secs] [Times: user=0.01 sys=0.00, real=0.00 secs] 
48.779: Total time for which application threads were stopped: 0.0048310 seconds, Stopping threads took: 0.0024690 seconds
48.857: Application time: 0.0779480 seconds
48.860: [GC [PSYoungGen: 90528K->7632K(96768K)] 96161K->13265K(317952K), 0.0023030 secs] [Times: user=0.02 sys=0.00, real=0.00 secs] 
48.862: Total time for which application threads were stopped: 0.0049800 seconds, Stopping threads took: 0.0025970 seconds
48.940: Application time: 0.0782530 seconds
48.942: [GC [PSYoungGen: 90576K->7056K(96768K)] 96209K->12689K(317952K), 0.0021580 secs] [Times: user=0.02 sys=0.00, real=0.00 secs] 
48.944: Total time for which application threads were stopped: 0.0040880 seconds, Stopping threads took: 0.0018450 seconds
49.023: Application time: 0.0788920 seconds
49.026: [GC [PSYoungGen: 90000K->8304K(96768K)] 95633K->13945K(317952K), 0.0025840 secs] [Times: user=0.02 sys=0.00, real=0.01 secs] 
49.029: Total time for which application threads were stopped: 0.0058080 seconds, Stopping threads took: 0.0031380 seconds
49.107: Application time: 0.0783200 seconds
49.109: [GC [PSYoungGen: 91248K->8112K(96768K)] 96889K->13769K(317952K), 0.0024260 secs] [Times: user=0.01 sys=0.00, real=0.00 secs] 
49.111: Total time for which application threads were stopped: 0.0041490 seconds, Stopping threads took: 0.0016410 seconds
49.193: Application time: 0.0816230 seconds
49.196: [GC [PSYoungGen: 91056K->7152K(96768K)] 96713K->12817K(317952K), 0.0021590 secs] [Times: user=0.01 sys=0.00, real=0.00 secs] 
49.198: Total time for which application threads were stopped: 0.0052410 seconds, Stopping threads took: 0.0029930 seconds
49.280: Application time: 0.0816120 seconds
49.282: [GC [PSYoungGen: 90096K->8224K(96768K)] 95761K->13897K(317952K), 0.0024920 secs] [Times: user=0.02 sys=0.00, real=0.00 secs] 
49.284: Total time for which application threads were stopped: 0.0045460 seconds, Stopping threads took: 0.0019700 seconds
49.367: Application time: 0.0825330 seconds
49.369: [GC [PSYoungGen: 91168K->6928K(96768K)] 96841K->12601K(317952K), 0.0021170 secs] [Times: user=0.01 sys=0.00, real=0.00 secs] 
49.371: Total time for which application threads were stopped: 0.0042420 seconds, Stopping threads took: 0.0020410 seconds
49.451: Application time: 0.0795370 seconds
49.453: [GC [PSYoungGen: 89872K->7056K(96768K)] 95545K->12729K(317952K), 0.0027110 secs] [Times: user=0.02 sys=0.00, real=0.01 secs] 
49.456: Total time for which application threads were stopped: 0.0052240 seconds, Stopping threads took: 0.0024110 seconds
49.543: Application time: 0.0867480 seconds
49.545: [GC [PSYoungGen: 90000K->4368K(96768K)] 95673K->10049K(317952K), 0.0012910 secs] [Times: user=0.01 sys=0.00, real=0.00 secs] 
49.546: Total time for which application threads were stopped: 0.0034740 seconds, Stopping threads took: 0.0021100 seconds
49.628: Application time: 0.0819900 seconds
49.630: [GC [PSYoungGen: 87312K->7392K(96768K)] 92993K->13089K(317952K), 0.0022600 secs] [Times: user=0.02 sys=0.00, real=0.00 secs] 
49.633: Total time for which application threads were stopped: 0.0044350 seconds, Stopping threads took: 0.0020790 seconds
49.714: Application time: 0.0808530 seconds
49.716: [GC [PSYoungGen: 90336K->7344K(96768K)] 96033K->13049K(317952K), 0.0021630 secs] [Times: user=0.01 sys=0.00, real=0.00 secs] 
49.719: Total time for which application threads were stopped: 0.0050930 seconds, Stopping threads took: 0.0028400 seconds
49.798: Application time: 0.0791400 seconds
49.800: [GC [PSYoungGen: 90288K->8160K(96768K)] 95993K->13897K(317952K), 0.0023910 secs] [Times: user=0.01 sys=0.00, real=0.00 secs] 
49.803: Total time for which application threads were stopped: 0.0051350 seconds, Stopping threads took: 0.0026560 seconds
49.881: Application time: 0.0784200 seconds
49.883: [GC [PSYoungGen: 91104K->6800K(96768K)] 96841K->12537K(317952K), 0.0021930 secs] [Times: user=0.01 sys=0.00, real=0.00 secs] 
49.885: Total time for which application threads were stopped: 0.0039530 seconds, Stopping threads took: 0.0016730 seconds
49.966: Application time: 0.0809190 seconds
49.968: [GC [PSYoungGen: 89742K->6720K(96768K)] 95479K->12457K(317952K), 0.0020500 secs] [Times: user=0.01 sys=0.00, real=0.00 secs] 
49.970: Total time for which application threads were stopped: 0.0042830 seconds, Stopping threads took: 0.0021270 seconds
50.049: Application time: 0.0784910 seconds
50.051: [GC [PSYoungGen: 89664K->6736K(96768K)] 95401K->12489K(317952K), 0.0021000 secs] [Times: user=0.01 sys=0.01, real=0.00 secs] 
50.053: Total time for which application threads were stopped: 0.0044210 seconds, Stopping threads took: 0.0022360 seconds
50.133: Application time: 0.0800700 seconds
50.136: [GC [PSYoungGen: 89680K->6672K(96768K)] 95433K->12433K(317952K), 0.0019660 secs] [Times: user=0.01 sys=0.00, real=0.00 secs] 
50.138: Total time for which application threads were stopped: 0.0040840 seconds, Stopping threads took: 0.0020350 seconds
50.219: Application time: 0.0813660 seconds
50.221: [GC [PSYoungGen: 89616K->6608K(96768K)] 95377K->12377K(317952K), 0.0019610 secs] [Times: user=0.01 sys=0.00, real=0.00 secs] 
50.223: Total time for which application threads were stopped: 0.0039500 seconds, Stopping threads took: 0.0018950 seconds
50.303: Application time: 0.0805270 seconds
50.306: [GC [PSYoungGen: 89552K->7440K(96768K)] 95321K->13209K(317952K), 0.0022580 secs] [Times: user=0.01 sys=0.00, real=0.01 secs] 
50.308: Total time for which application threads were stopped: 0.0046630 seconds, Stopping threads took: 0.0023200 seconds
50.388: Application time: 0.0799950 seconds
50.390: [GC [PSYoungGen: 90384K->7152K(96768K)] 96153K->12937K(317952K), 0.0021320 secs] [Times: user=0.01 sys=0.00, real=0.00 secs] 
50.392: Total time for which application threads were stopped: 0.0039550 seconds, Stopping threads took: 0.0017390 seconds
50.473: Application time: 0.0812850 seconds
50.475: [GC [PSYoungGen: 90096K->5760K(96768K)] 95881K->11545K(317952K), 0.0017490 secs] [Times: user=0.02 sys=0.00, real=0.01 secs] 
50.476: Total time for which application threads were stopped: 0.0030900 seconds, Stopping threads took: 0.0012600 seconds
50.558: Application time: 0.0812720 seconds
50.558: [GC [PSYoungGen: 88704K->6016K(96768K)] 94489K->11801K(317952K), 0.0018820 secs] [Times: user=0.01 sys=0.00, real=0.00 secs] 
50.560: Total time for which application threads were stopped: 0.0022920 seconds, Stopping threads took: 0.0003270 seconds
50.639: Application time: 0.0785760 seconds
50.641: [GC [PSYoungGen: 88960K->7520K(96768K)] 94745K->13313K(317952K), 0.0023260 secs] [Times: user=0.02 sys=0.00, real=0.00 secs] 
50.644: Total time for which application threads were stopped: 0.0053360 seconds, Stopping threads took: 0.0029230 seconds
50.725: Application time: 0.0807660 seconds
50.726: [GC [PSYoungGen: 90463K->6608K(96768K)] 96257K->12409K(317952K), 0.0020610 secs] [Times: user=0.01 sys=0.00, real=0.01 secs] 
50.730: Total time for which application threads were stopped: 0.0050500 seconds, Stopping threads took: 0.0016960 seconds
50.810: Application time: 0.0806420 seconds
50.812: [GC [PSYoungGen: 89552K->6144K(96768K)] 95353K->11953K(317952K), 0.0018760 secs] [Times: user=0.01 sys=0.00, real=0.00 secs] 
50.814: Total time for which application threads were stopped: 0.0035520 seconds, Stopping threads took: 0.0015920 seconds
50.896: Application time: 0.0825130 seconds
50.899: [GC [PSYoungGen: 89088K->5184K(96768K)] 94897K->11001K(317952K), 0.0015890 secs] [Times: user=0.01 sys=0.00, real=0.00 secs] 
50.901: Total time for which application threads were stopped: 0.0041530 seconds, Stopping threads took: 0.0024850 seconds
50.984: Application time: 0.0834890 seconds
50.986: [GC [PSYoungGen: 88128K->5936K(96768K)] 93945K->11753K(317952K), 0.0018380 secs] [Times: user=0.01 sys=0.00, real=0.01 secs] 
50.987: Total time for which application threads were stopped: 0.0034190 seconds, Stopping threads took: 0.0014950 seconds
51.066: Application time: 0.0788300 seconds
51.068: [GC [PSYoungGen: 88880K->7584K(96768K)] 94697K->13401K(317952K), 0.0023330 secs] [Times: user=0.02 sys=0.00, real=0.00 secs] 
51.071: Total time for which application threads were stopped: 0.0042370 seconds, Stopping threads took: 0.0018190 seconds
51.152: Application time: 0.0810600 seconds
51.153: [GC [PSYoungGen: 90528K->4272K(96768K)] 96345K->10097K(317952K), 0.0013410 secs] [Times: user=0.01 sys=0.00, real=0.00 secs] 
51.155: Total time for which application threads were stopped: 0.0031270 seconds, Stopping threads took: 0.0017060 seconds
51.234: Application time: 0.0789220 seconds
51.236: [GC [PSYoungGen: 87216K->7632K(96768K)] 93041K->13465K(317952K), 0.0023310 secs] [Times: user=0.01 sys=0.00, real=0.00 secs] 
51.239: Total time for which application threads were stopped: 0.0050740 seconds, Stopping threads took: 0.0026460 seconds
51.318: Application time: 0.0794220 seconds
51.321: [GC [PSYoungGen: 90576K->7584K(96768K)] 96409K->13425K(317952K), 0.0023130 secs] [Times: user=0.02 sys=0.00, real=0.00 secs] 
51.323: Total time for which application threads were stopped: 0.0047070 seconds, Stopping threads took: 0.0023070 seconds
51.400: Application time: 0.0769610 seconds
51.403: [GC [PSYoungGen: 90528K->7456K(96768K)] 96369K->13305K(317952K), 0.0023000 secs] [Times: user=0.01 sys=0.00, real=0.00 secs] 
51.405: Total time for which application threads were stopped: 0.0050550 seconds, Stopping threads took: 0.0026720 seconds
51.478: Application time: 0.0729240 seconds
51.480: [GC [PSYoungGen: 90400K->8384K(96768K)] 96249K->14233K(317952K), 0.0025240 secs] [Times: user=0.01 sys=0.00, real=0.00 secs] 
51.483: Total time for which application threads were stopped: 0.0047630 seconds, Stopping threads took: 0.0021590 seconds
51.558: Application time: 0.0753410 seconds
51.561: [GC [PSYoungGen: 91328K->6448K(96768K)] 97177K->12297K(317952K), 0.0018890 secs] [Times: user=0.01 sys=0.00, real=0.00 secs] 
51.563: Total time for which application threads were stopped: 0.0046610 seconds, Stopping threads took: 0.0026920 seconds
51.636: Application time: 0.0732100 seconds
51.637: [GC [PSYoungGen: 89392K->6880K(96768K)] 95241K->12737K(317952K), 0.0020370 secs] [Times: user=0.02 sys=0.00, real=0.00 secs] 
51.639: Total time for which application threads were stopped: 0.0034310 seconds, Stopping threads took: 0.0013120 seconds
51.717: Application time: 0.0777130 seconds
51.719: [GC [PSYoungGen: 89824K->6848K(96768K)] 95681K->12713K(317952K), 0.0020240 secs] [Times: user=0.02 sys=0.00, real=0.00 secs] 
51.721: Total time for which application threads were stopped: 0.0040130 seconds, Stopping threads took: 0.0019070 seconds
51.798: Application time: 0.0775310 seconds
51.801: [GC [PSYoungGen: 89792K->7584K(96768K)] 95657K->13457K(317952K), 0.0022700 secs] [Times: user=0.01 sys=0.01, real=0.00 secs] 
51.803: Total time for which application threads were stopped: 0.0046810 seconds, Stopping threads took: 0.0023130 seconds
51.879: Application time: 0.0758850 seconds
51.881: [GC [PSYoungGen: 90528K->8144K(96768K)] 96401K->14025K(317952K), 0.0024320 secs] [Times: user=0.02 sys=0.00, real=0.00 secs] 
51.883: Total time for which application threads were stopped: 0.0043120 seconds, Stopping threads took: 0.0017930 seconds
51.957: Application time: 0.0739890 seconds
51.959: [GC [PSYoungGen: 91088K->7840K(96768K)] 96969K->13721K(317952K), 0.0023530 secs] [Times: user=0.02 sys=0.00, real=0.00 secs] 
51.962: Total time for which application threads were stopped: 0.0042610 seconds, Stopping threads took: 0.0018270 seconds
52.039: Application time: 0.0770370 seconds
52.040: [GC [PSYoungGen: 90784K->7728K(96768K)] 96665K->13609K(317952K), 0.0023540 secs] [Times: user=0.02 sys=0.01, real=0.00 secs] 
52.042: Total time for which application threads were stopped: 0.0033760 seconds, Stopping threads took: 0.0009350 seconds
52.116: Application time: 0.0744000 seconds
52.119: [GC [PSYoungGen: 90672K->8384K(96768K)] 96553K->14273K(317952K), 0.0025320 secs] [Times: user=0.02 sys=0.00, real=0.00 secs] 
52.121: Total time for which application threads were stopped: 0.0046920 seconds, Stopping threads took: 0.0020770 seconds
52.197: Application time: 0.0762380 seconds
52.199: [GC [PSYoungGen: 91328K->5456K(96768K)] 97217K->11353K(317952K), 0.0016260 secs] [Times: user=0.01 sys=0.00, real=0.00 secs] 
52.201: Total time for which application threads were stopped: 0.0032490 seconds, Stopping threads took: 0.0015420 seconds
52.279: Application time: 0.0780970 seconds
52.281: [GC [PSYoungGen: 88400K->4192K(96768K)] 94297K->10097K(317952K), 0.0012530 secs] [Times: user=0.01 sys=0.00, real=0.00 secs] 
52.282: Total time for which application threads were stopped: 0.0035930 seconds, Stopping threads took: 0.0022690 seconds
52.360: Application time: 0.0772920 seconds
52.361: [GC [PSYoungGen: 87136K->6048K(96768K)] 93041K->11953K(317952K), 0.0017530 secs] [Times: user=0.01 sys=0.00, real=0.00 secs] 
52.363: Total time for which application threads were stopped: 0.0033720 seconds, Stopping threads took: 0.0015320 seconds
52.440: Application time: 0.0771340 seconds
52.442: [GC [PSYoungGen: 88992K->7712K(96768K)] 94897K->13649K(317952K), 0.0023480 secs] [Times: user=0.02 sys=0.00, real=0.00 secs] 
52.445: Total time for which application threads were stopped: 0.0043920 seconds, Stopping threads took: 0.0019640 seconds
52.520: Application time: 0.0756690 seconds
52.522: [GC [PSYoungGen: 90656K->5824K(96768K)] 96593K->11761K(317952K), 0.0017700 secs] [Times: user=0.01 sys=0.00, real=0.00 secs] 
52.523: Total time for which application threads were stopped: 0.0031980 seconds, Stopping threads took: 0.0013500 seconds
52.601: Application time: 0.0775180 seconds
52.603: [GC [PSYoungGen: 88768K->6464K(96768K)] 94705K->12401K(317952K), 0.0019630 secs] [Times: user=0.01 sys=0.00, real=0.00 secs] 
52.605: Total time for which application threads were stopped: 0.0042820 seconds, Stopping threads took: 0.0022260 seconds
52.680: Application time: 0.0748180 seconds
52.682: [GC [PSYoungGen: 89408K->6752K(96768K)] 95345K->12705K(317952K), 0.0020250 secs] [Times: user=0.01 sys=0.00, real=0.00 secs] 
52.684: Total time for which application threads were stopped: 0.0039670 seconds, Stopping threads took: 0.0018650 seconds
52.761: Application time: 0.0773260 seconds
52.764: [GC [PSYoungGen: 89696K->6896K(96768K)] 95649K->12857K(317952K), 0.0020670 secs] [Times: user=0.02 sys=0.00, real=0.00 secs] 
52.766: Total time for which application threads were stopped: 0.0046430 seconds, Stopping threads took: 0.0025000 seconds
52.842: Application time: 0.0762370 seconds
52.844: [GC [PSYoungGen: 89840K->7696K(96768K)] 95801K->13665K(317952K), 0.0023480 secs] [Times: user=0.01 sys=0.00, real=0.00 secs] 
52.847: Total time for which application threads were stopped: 0.0045510 seconds, Stopping threads took: 0.0021230 seconds
52.923: Application time: 0.0765470 seconds
52.925: [GC [PSYoungGen: 90640K->6784K(96768K)] 96609K->12761K(317952K), 0.0019980 secs] [Times: user=0.01 sys=0.00, real=0.00 secs] 
52.927: Total time for which application threads were stopped: 0.0038700 seconds, Stopping threads took: 0.0017810 seconds
53.004: Application time: 0.0769650 seconds
53.007: [GC [PSYoungGen: 89728K->7696K(96768K)] 95705K->13673K(317952K), 0.0022340 secs] [Times: user=0.01 sys=0.00, real=0.01 secs] 
53.009: Total time for which application threads were stopped: 0.0050930 seconds, Stopping threads took: 0.0027680 seconds
53.086: Application time: 0.0771610 seconds
53.088: [GC [PSYoungGen: 90640K->4736K(96768K)] 96617K->10713K(317952K), 0.0014500 secs] [Times: user=0.01 sys=0.00, real=0.00 secs] 
53.089: Total time for which application threads were stopped: 0.0027260 seconds, Stopping threads took: 0.0012030 seconds
53.164: Application time: 0.0745690 seconds
53.165: [GC [PSYoungGen: 87680K->5936K(96768K)] 93657K->11929K(317952K), 0.0017240 secs] [Times: user=0.02 sys=0.00, real=0.00 secs] 
53.167: Total time for which application threads were stopped: 0.0033010 seconds, Stopping threads took: 0.0014960 seconds
53.243: Application time: 0.0757560 seconds
53.245: [GC [PSYoungGen: 88880K->5680K(96768K)] 94873K->11681K(317952K), 0.0017220 secs] [Times: user=0.01 sys=0.00, real=0.00 secs] 
53.247: Total time for which application threads were stopped: 0.0039100 seconds, Stopping threads took: 0.0021100 seconds
53.331: Application time: 0.0843850 seconds
53.334: [GC [PSYoungGen: 88624K->5152K(96768K)] 94625K->11161K(317952K), 0.0014690 secs] [Times: user=0.00 sys=0.00, real=0.01 secs] 
53.335: Total time for which application threads were stopped: 0.0043440 seconds, Stopping threads took: 0.0027740 seconds
53.415: Application time: 0.0796100 seconds
53.416: [GC [PSYoungGen: 88096K->5936K(96768K)] 94105K->11953K(317952K), 0.0017880 secs] [Times: user=0.01 sys=0.00, real=0.00 secs] 
53.418: Total time for which application threads were stopped: 0.0027460 seconds, Stopping threads took: 0.0008730 seconds
53.498: Application time: 0.0800010 seconds
53.499: [GC [PSYoungGen: 88880K->6304K(96768K)] 94897K->12321K(317952K), 0.0018910 secs] [Times: user=0.01 sys=0.00, real=0.00 secs] 
53.501: Total time for which application threads were stopped: 0.0035550 seconds, Stopping threads took: 0.0015720 seconds
53.580: Application time: 0.0791470 seconds
53.582: [GC [PSYoungGen: 89248K->5216K(96768K)] 95265K->11233K(317952K), 0.0014650 secs] [Times: user=0.01 sys=0.00, real=0.00 secs] 
53.584: Total time for which application threads were stopped: 0.0030560 seconds, Stopping threads took: 0.0015160 seconds
53.660: Application time: 0.0768380 seconds
53.662: [GC [PSYoungGen: 88160K->6512K(96768K)] 94177K->12545K(317952K), 0.0019510 secs] [Times: user=0.01 sys=0.00, real=0.00 secs] 
53.664: Total time for which application threads were stopped: 0.0038150 seconds, Stopping threads took: 0.0017800 seconds
53.740: Application time: 0.0762180 seconds
53.743: [GC [PSYoungGen: 89456K->6656K(96768K)] 95489K->12705K(317952K), 0.0019460 secs] [Times: user=0.01 sys=0.00, real=0.00 secs] 
53.745: Total time for which application threads were stopped: 0.0049500 seconds, Stopping threads took: 0.0029250 seconds
53.820: Application time: 0.0749990 seconds
53.822: [GC [PSYoungGen: 89600K->7536K(96768K)] 95649K->13593K(317952K), 0.0022200 secs] [Times: user=0.01 sys=0.00, real=0.00 secs] 
53.825: Total time for which application threads were stopped: 0.0043220 seconds, Stopping threads took: 0.0020180 seconds
53.900: Application time: 0.0755530 seconds
53.903: [GC [PSYoungGen: 90480K->5824K(96768K)] 96537K->11889K(317952K), 0.0016740 secs] [Times: user=0.01 sys=0.00, real=0.00 secs] 
53.904: Total time for which application threads were stopped: 0.0039880 seconds, Stopping threads took: 0.0022350 seconds
53.980: Application time: 0.0757880 seconds
53.982: [GC [PSYoungGen: 88768K->7712K(96768K)] 94833K->13777K(317952K), 0.0023280 secs] [Times: user=0.01 sys=0.00, real=0.00 secs] 
53.985: Total time for which application threads were stopped: 0.0047320 seconds, Stopping threads took: 0.0023200 seconds
54.060: Application time: 0.0757270 seconds
54.062: [GC [PSYoungGen: 90656K->6656K(96768K)] 96721K->12721K(317952K), 0.0020120 secs] [Times: user=0.02 sys=0.00, real=0.00 secs] 
54.064: Total time for which application threads were stopped: 0.0039280 seconds, Stopping threads took: 0.0018270 seconds
54.142: Application time: 0.0773400 seconds
54.144: [GC [PSYoungGen: 89600K->7024K(96768K)] 95665K->13097K(317952K), 0.0021440 secs] [Times: user=0.02 sys=0.00, real=0.00 secs] 
54.146: Total time for which application threads were stopped: 0.0042480 seconds, Stopping threads took: 0.0020250 seconds
54.226: Application time: 0.0802690 seconds
54.227: [GC [PSYoungGen: 89968K->4336K(96768K)] 96041K->10425K(317952K), 0.0013430 secs] [Times: user=0.01 sys=0.00, real=0.01 secs] 
54.228: Total time for which application threads were stopped: 0.0017150 seconds, Stopping threads took: 0.0003010 seconds
54.309: Application time: 0.0806880 seconds
54.309: [GC [PSYoungGen: 87280K->4240K(96768K)] 93369K->10337K(317952K), 0.0013410 secs] [Times: user=0.01 sys=0.00, real=0.00 secs] 
54.310: Total time for which application threads were stopped: 0.0015360 seconds, Stopping threads took: 0.0001270 seconds
54.391: Application time: 0.0804300 seconds
54.394: [GC [PSYoungGen: 87184K->5776K(96768K)] 93281K->11881K(317952K), 0.0016500 secs] [Times: user=0.01 sys=0.00, real=0.01 secs] 
54.395: Total time for which application threads were stopped: 0.0046340 seconds, Stopping threads took: 0.0029100 seconds
54.471: Application time: 0.0756230 seconds
54.473: [GC [PSYoungGen: 88720K->7088K(96768K)] 94825K->13201K(317952K), 0.0021180 secs] [Times: user=0.01 sys=0.00, real=0.00 secs] 
54.475: Total time for which application threads were stopped: 0.0040270 seconds, Stopping threads took: 0.0018270 seconds
54.550: Application time: 0.0755110 seconds
54.553: [GC [PSYoungGen: 90032K->6992K(96768K)] 96145K->13105K(317952K), 0.0020350 secs] [Times: user=0.01 sys=0.00, real=0.01 secs] 
54.555: Total time for which application threads were stopped: 0.0048340 seconds, Stopping threads took: 0.0027120 seconds
54.629: Application time: 0.0739550 seconds
54.632: [GC [PSYoungGen: 89936K->8032K(96768K)] 96049K->14145K(317952K), 0.0024570 secs] [Times: user=0.01 sys=0.00, real=0.00 secs] 
54.634: Total time for which application threads were stopped: 0.0048470 seconds, Stopping threads took: 0.0023020 seconds
54.708: Application time: 0.0737480 seconds
54.709: [GC [PSYoungGen: 90976K->6880K(96768K)] 97089K->13001K(317952K), 0.0020310 secs] [Times: user=0.01 sys=0.00, real=0.00 secs] 
54.711: Total time for which application threads were stopped: 0.0035500 seconds, Stopping threads took: 0.0014390 seconds
54.787: Application time: 0.0758510 seconds
54.789: [GC [PSYoungGen: 89824K->8016K(96768K)] 95945K->14145K(317952K), 0.0024540 secs] [Times: user=0.01 sys=0.00, real=0.00 secs] 
54.792: Total time for which application threads were stopped: 0.0043560 seconds, Stopping threads took: 0.0018200 seconds
54.869: Application time: 0.0772840 seconds
54.871: [GC [PSYoungGen: 90960K->6192K(96768K)] 97089K->12321K(317952K), 0.0018280 secs] [Times: user=0.02 sys=0.00, real=0.00 secs] 
54.872: Total time for which application threads were stopped: 0.0035610 seconds, Stopping threads took: 0.0016520 seconds
54.949: Application time: 0.0764900 seconds
54.952: [GC [PSYoungGen: 89136K->7312K(96768K)] 95265K->13449K(317952K), 0.0021900 secs] [Times: user=0.01 sys=0.00, real=0.00 secs] 
54.954: Total time for which application threads were stopped: 0.0049190 seconds, Stopping threads took: 0.0026500 seconds
55.033: Application time: 0.0789040 seconds
55.034: [GC [PSYoungGen: 90256K->4576K(96768K)] 96393K->10713K(317952K), 0.0013100 secs] [Times: user=0.01 sys=0.00, real=0.01 secs] 
55.036: Total time for which application threads were stopped: 0.0027820 seconds, Stopping threads took: 0.0014010 seconds
55.118: Application time: 0.0820350 seconds
55.120: [GC [PSYoungGen: 87520K->4656K(96768K)] 93657K->10793K(317952K), 0.0014230 secs] [Times: user=0.01 sys=0.00, real=0.00 secs] 
55.121: Total time for which application threads were stopped: 0.0037770 seconds, Stopping threads took: 0.0022800 seconds
55.201: Application time: 0.0792220 seconds
55.203: [GC [PSYoungGen: 87600K->4640K(96768K)] 93737K->10793K(317952K), 0.0014260 secs] [Times: user=0.01 sys=0.00, real=0.00 secs] 
55.204: Total time for which application threads were stopped: 0.0035470 seconds, Stopping threads took: 0.0020310 seconds
55.281: Application time: 0.0767830 seconds
55.284: [GC [PSYoungGen: 87584K->6736K(96768K)] 93737K->12897K(317952K), 0.0019910 secs] [Times: user=0.01 sys=0.00, real=0.00 secs] 
55.286: Total time for which application threads were stopped: 0.0046370 seconds, Stopping threads took: 0.0025660 seconds
55.363: Application time: 0.0771570 seconds
55.364: [GC [PSYoungGen: 89680K->5392K(96768K)] 95841K->11561K(317952K), 0.0016030 secs] [Times: user=0.01 sys=0.00, real=0.00 secs] 
55.366: Total time for which application threads were stopped: 0.0030950 seconds, Stopping threads took: 0.0014120 seconds
55.446: Application time: 0.0797830 seconds
55.447: [GC [PSYoungGen: 88336K->5584K(96768K)] 94505K->11761K(317952K), 0.0017520 secs] [Times: user=0.01 sys=0.00, real=0.01 secs] 
55.449: Total time for which application threads were stopped: 0.0030980 seconds, Stopping threads took: 0.0012620 seconds
55.527: Application time: 0.0778420 seconds
55.529: [GC [PSYoungGen: 88528K->7040K(96768K)] 94705K->13217K(317952K), 0.0022400 secs] [Times: user=0.01 sys=0.00, real=0.00 secs] 
55.531: Total time for which application threads were stopped: 0.0046370 seconds, Stopping threads took: 0.0023130 seconds
55.611: Application time: 0.0799990 seconds
55.614: [GC [PSYoungGen: 89984K->6320K(96768K)] 96161K->12497K(317952K), 0.0019500 secs] [Times: user=0.01 sys=0.00, real=0.01 secs] 
55.616: Total time for which application threads were stopped: 0.0046020 seconds, Stopping threads took: 0.0025680 seconds
55.694: Application time: 0.0781300 seconds
55.696: [GC [PSYoungGen: 89264K->7376K(96768K)] 95441K->13561K(317952K), 0.0022910 secs] [Times: user=0.01 sys=0.00, real=0.00 secs] 
55.699: Total time for which application threads were stopped: 0.0047660 seconds, Stopping threads took: 0.0023890 seconds
55.778: Application time: 0.0792550 seconds
55.780: [GC [PSYoungGen: 90320K->7312K(96768K)] 96505K->13505K(317952K), 0.0023170 secs] [Times: user=0.01 sys=0.00, real=0.00 secs] 
55.783: Total time for which application threads were stopped: 0.0046310 seconds, Stopping threads took: 0.0022200 seconds
55.866: Application time: 0.0830860 seconds
55.868: [GC [PSYoungGen: 90254K->7472K(96768K)] 96448K->13673K(317952K), 0.0022850 secs] [Times: user=0.02 sys=0.00, real=0.00 secs] 
55.871: Total time for which application threads were stopped: 0.0050790 seconds, Stopping threads took: 0.0026840 seconds
55.954: Application time: 0.0828720 seconds
55.956: [GC [PSYoungGen: 90414K->5104K(96768K)] 96616K->11321K(317952K), 0.0015780 secs] [Times: user=0.01 sys=0.00, real=0.00 secs] 
55.958: Total time for which application threads were stopped: 0.0040800 seconds, Stopping threads took: 0.0024250 seconds
56.039: Application time: 0.0813370 seconds
56.041: [GC [PSYoungGen: 88048K->6832K(96768K)] 94265K->13049K(317952K), 0.0020130 secs] [Times: user=0.01 sys=0.00, real=0.00 secs] 
56.043: Total time for which application threads were stopped: 0.0042860 seconds, Stopping threads took: 0.0021910 seconds
56.126: Application time: 0.0828210 seconds
56.128: [GC [PSYoungGen: 89776K->4704K(96768K)] 95993K->10921K(317952K), 0.0014400 secs] [Times: user=0.01 sys=0.00, real=0.00 secs] 
56.129: Total time for which application threads were stopped: 0.0032960 seconds, Stopping threads took: 0.0017790 seconds
56.207: Application time: 0.0770880 seconds
56.209: [GC [PSYoungGen: 87648K->5536K(96768K)] 93865K->11761K(317952K), 0.0017280 secs] [Times: user=0.01 sys=0.00, real=0.00 secs] 
56.211: Total time for which application threads were stopped: 0.0043100 seconds, Stopping threads took: 0.0025040 seconds
56.290: Application time: 0.0794450 seconds
56.292: [GC [PSYoungGen: 88480K->7376K(96768K)] 94705K->13609K(317952K), 0.0022740 secs] [Times: user=0.01 sys=0.00, real=0.00 secs] 
56.294: Total time for which application threads were stopped: 0.0039640 seconds, Stopping threads took: 0.0015980 seconds
56.375: Application time: 0.0802210 seconds
56.377: [GC [PSYoungGen: 90320K->8240K(96768K)] 96553K->14505K(317952K), 0.0026620 secs] [Times: user=0.01 sys=0.00, real=0.00 secs] 
56.380: Total time for which application threads were stopped: 0.0055590 seconds, Stopping threads took: 0.0028100 seconds
56.461: Application time: 0.0807720 seconds
56.463: [GC [PSYoungGen: 91184K->7456K(96768K)] 97449K->13729K(317952K), 0.0022320 secs] [Times: user=0.02 sys=0.00, real=0.00 secs] 
56.465: Total time for which application threads were stopped: 0.0046000 seconds, Stopping threads took: 0.0022810 seconds
56.546: Application time: 0.0810330 seconds
56.549: [GC [PSYoungGen: 90400K->5712K(96768K)] 96673K->11993K(317952K), 0.0017270 secs] [Times: user=0.01 sys=0.00, real=0.00 secs] 
56.550: Total time for which application threads were stopped: 0.0037750 seconds, Stopping threads took: 0.0019640 seconds
56.633: Application time: 0.0822680 seconds
56.635: [GC [PSYoungGen: 88656K->6064K(96768K)] 94937K->12345K(317952K), 0.0019100 secs] [Times: user=0.01 sys=0.00, real=0.01 secs] 
56.637: Total time for which application threads were stopped: 0.0043380 seconds, Stopping threads took: 0.0023440 seconds
56.722: Application time: 0.0849200 seconds
56.723: [GC [PSYoungGen: 89008K->5792K(96768K)] 95289K->12073K(317952K), 0.0017610 secs] [Times: user=0.02 sys=0.00, real=0.00 secs] 
56.725: Total time for which application threads were stopped: 0.0032430 seconds, Stopping threads took: 0.0014020 seconds
56.807: Application time: 0.0814620 seconds
56.810: [GC [PSYoungGen: 88736K->7312K(96768K)] 95017K->13601K(317952K), 0.0021400 secs] [Times: user=0.01 sys=0.00, real=0.00 secs] 
56.812: Total time for which application threads were stopped: 0.0053290 seconds, Stopping threads took: 0.0030950 seconds
56.895: Application time: 0.0830570 seconds
56.898: [GC [PSYoungGen: 90256K->7312K(96768K)] 96545K->13609K(317952K), 0.0021870 secs] [Times: user=0.01 sys=0.00, real=0.00 secs] 
56.900: Total time for which application threads were stopped: 0.0053590 seconds, Stopping threads took: 0.0030920 seconds
56.980: Application time: 0.0800680 seconds
56.983: [GC [PSYoungGen: 90256K->7696K(96768K)] 96553K->13993K(317952K), 0.0023790 secs] [Times: user=0.02 sys=0.00, real=0.00 secs] 
56.985: Total time for which application threads were stopped: 0.0050530 seconds, Stopping threads took: 0.0025900 seconds
57.067: Application time: 0.0816970 seconds
57.068: [GC [PSYoungGen: 90640K->5600K(96768K)] 96937K->11905K(317952K), 0.0018240 secs] [Times: user=0.01 sys=0.00, real=0.00 secs] 
57.070: Total time for which application threads were stopped: 0.0032060 seconds, Stopping threads took: 0.0013020 seconds
57.152: Application time: 0.0818240 seconds
57.155: [GC [PSYoungGen: 88544K->5552K(96768K)] 94849K->11857K(317952K), 0.0016270 secs] [Times: user=0.02 sys=0.00, real=0.01 secs] 
57.156: Total time for which application threads were stopped: 0.0041730 seconds, Stopping threads took: 0.0024670 seconds
57.236: Application time: 0.0794810 seconds
57.237: [GC [PSYoungGen: 88496K->7856K(96768K)] 94801K->14161K(317952K), 0.0023900 secs] [Times: user=0.02 sys=0.00, real=0.00 secs] 
57.240: Total time for which application threads were stopped: 0.0040370 seconds, Stopping threads took: 0.0015630 seconds
57.328: Application time: 0.0885130 seconds
57.331: [GC [PSYoungGen: 90800K->4816K(96768K)] 97105K->11129K(317952K), 0.0013610 secs] [Times: user=0.01 sys=0.00, real=0.00 secs] 
57.332: Total time for which application threads were stopped: 0.0039250 seconds, Stopping threads took: 0.0024830 seconds
57.418: Application time: 0.0858040 seconds
57.421: [GC [PSYoungGen: 87760K->5104K(96768K)] 94073K->11425K(317952K), 0.0013750 secs] [Times: user=0.01 sys=0.00, real=0.00 secs] 
57.423: Total time for which application threads were stopped: 0.0046240 seconds, Stopping threads took: 0.0031690 seconds
57.507: Application time: 0.0842580 seconds
57.509: [GC [PSYoungGen: 88048K->6208K(96768K)] 94369K->12537K(317952K), 0.0019000 secs] [Times: user=0.01 sys=0.00, real=0.00 secs] 
57.511: Total time for which application threads were stopped: 0.0041260 seconds, Stopping threads took: 0.0021450 seconds
57.593: Application time: 0.0822460 seconds
57.595: [GC [PSYoungGen: 89152K->5584K(96768K)] 95481K->11921K(317952K), 0.0016970 secs] [Times: user=0.01 sys=0.00, real=0.00 secs] 
57.597: Total time for which application threads were stopped: 0.0036960 seconds, Stopping threads took: 0.0019150 seconds
57.676: Application time: 0.0786750 seconds
57.679: [GC [PSYoungGen: 88528K->7552K(96768K)] 94865K->13889K(317952K), 0.0022430 secs] [Times: user=0.01 sys=0.00, real=0.00 secs] 
57.681: Total time for which application threads were stopped: 0.0054490 seconds, Stopping threads took: 0.0031220 seconds
57.764: Application time: 0.0832130 seconds
57.768: [GC [PSYoungGen: 90496K->6720K(96768K)] 96833K->13057K(317952K), 0.0020120 secs] [Times: user=0.02 sys=0.00, real=0.00 secs] 
57.770: Total time for which application threads were stopped: 0.0052820 seconds, Stopping threads took: 0.0031850 seconds
57.847: Application time: 0.0774330 seconds
57.850: [GC [PSYoungGen: 89664K->6000K(96768K)] 96001K->12345K(317952K), 0.0018210 secs] [Times: user=0.01 sys=0.00, real=0.00 secs] 
57.852: Total time for which application threads were stopped: 0.0047200 seconds, Stopping threads took: 0.0027870 seconds
57.930: Application time: 0.0781560 seconds
57.933: [GC [PSYoungGen: 88944K->7488K(96768K)] 95289K->13841K(317952K), 0.0024890 secs] [Times: user=0.02 sys=0.01, real=0.00 secs] 
57.935: Total time for which application threads were stopped: 0.0050960 seconds, Stopping threads took: 0.0025240 seconds
58.014: Application time: 0.0789490 seconds
58.017: [GC [PSYoungGen: 90432K->6752K(96768K)] 96785K->13113K(317952K), 0.0020890 secs] [Times: user=0.02 sys=0.00, real=0.00 secs] 
58.019: Total time for which application threads were stopped: 0.0050190 seconds, Stopping threads took: 0.0028450 seconds
58.099: Application time: 0.0801370 seconds
58.102: [GC [PSYoungGen: 89696K->6608K(96768K)] 96057K->12993K(317952K), 0.0020570 secs] [Times: user=0.01 sys=0.00, real=0.00 secs] 
58.104: Total time for which application threads were stopped: 0.0051380 seconds, Stopping threads took: 0.0029950 seconds
58.192: Application time: 0.0873300 seconds
58.194: [GC [PSYoungGen: 89552K->4544K(96768K)] 95937K->10929K(317952K), 0.0015420 secs] [Times: user=0.01 sys=0.00, real=0.01 secs] 
58.196: Total time for which application threads were stopped: 0.0042940 seconds, Stopping threads took: 0.0026800 seconds
58.275: Application time: 0.0792530 seconds
58.278: [GC [PSYoungGen: 87488K->6128K(96768K)] 93873K->12513K(317952K), 0.0020190 secs] [Times: user=0.01 sys=0.00, real=0.00 secs] 
58.280: Total time for which application threads were stopped: 0.0048510 seconds, Stopping threads took: 0.0027500 seconds
58.361: Application time: 0.0805660 seconds
58.362: [GC [PSYoungGen: 89072K->7632K(96768K)] 95457K->14025K(317952K), 0.0023390 secs] [Times: user=0.02 sys=0.00, real=0.00 secs] 
58.364: Total time for which application threads were stopped: 0.0036460 seconds, Stopping threads took: 0.0012130 seconds
58.442: Application time: 0.0777440 seconds
58.444: [GC [PSYoungGen: 90576K->7552K(96768K)] 96969K->13953K(317952K), 0.0023550 secs] [Times: user=0.02 sys=0.00, real=0.00 secs] 
58.447: Total time for which application threads were stopped: 0.0046140 seconds, Stopping threads took: 0.0021760 seconds
58.526: Application time: 0.0795210 seconds
58.529: [GC [PSYoungGen: 90496K->6160K(96768K)] 96897K->12577K(317952K), 0.0018750 secs] [Times: user=0.01 sys=0.00, real=0.00 secs] 
58.531: Total time for which application threads were stopped: 0.0046520 seconds, Stopping threads took: 0.0026930 seconds
58.613: Application time: 0.0820550 seconds
58.615: [GC [PSYoungGen: 89104K->6736K(96768K)] 95521K->13169K(317952K), 0.0021220 secs] [Times: user=0.01 sys=0.00, real=0.01 secs] 
58.617: Total time for which application threads were stopped: 0.0042630 seconds, Stopping threads took: 0.0020540 seconds
58.695: Application time: 0.0781150 seconds
58.698: [GC [PSYoungGen: 89680K->7104K(96768K)] 96113K->13561K(317952K), 0.0021880 secs] [Times: user=0.01 sys=0.00, real=0.00 secs] 
58.700: Total time for which application threads were stopped: 0.0045460 seconds, Stopping threads took: 0.0022640 seconds
58.778: Application time: 0.0779050 seconds
58.779: [GC [PSYoungGen: 90048K->7504K(96768K)] 96505K->13961K(317952K), 0.0024890 secs] [Times: user=0.01 sys=0.00, real=0.00 secs] 
58.782: Total time for which application threads were stopped: 0.0042610 seconds, Stopping threads took: 0.0016650 seconds
58.861: Application time: 0.0793760 seconds
58.864: [GC [PSYoungGen: 90448K->8272K(96768K)] 96905K->14729K(317952K), 0.0024200 secs] [Times: user=0.02 sys=0.00, real=0.00 secs] 
58.867: Total time for which application threads were stopped: 0.0054970 seconds, Stopping threads took: 0.0029850 seconds
58.946: Application time: 0.0795440 seconds
58.949: [GC [PSYoungGen: 91216K->8064K(96768K)] 97673K->14529K(317952K), 0.0024250 secs] [Times: user=0.02 sys=0.00, real=0.00 secs] 
58.952: Total time for which application threads were stopped: 0.0054010 seconds, Stopping threads took: 0.0028930 seconds
59.033: Application time: 0.0812530 seconds
59.036: [GC [PSYoungGen: 91008K->6544K(96768K)] 97473K->13017K(317952K), 0.0019700 secs] [Times: user=0.02 sys=0.00, real=0.00 secs] 
59.038: Total time for which application threads were stopped: 0.0051260 seconds, Stopping threads took: 0.0030750 seconds
59.124: Application time: 0.0858390 seconds
59.126: [GC [PSYoungGen: 89488K->6512K(96768K)] 95961K->12993K(317952K), 0.0019540 secs] [Times: user=0.01 sys=0.00, real=0.01 secs] 
59.128: Total time for which application threads were stopped: 0.0043060 seconds, Stopping threads took: 0.0022670 seconds
59.207: Application time: 0.0787570 seconds
59.210: [GC [PSYoungGen: 89456K->8336K(96768K)] 95937K->14833K(317952K), 0.0025170 secs] [Times: user=0.01 sys=0.00, real=0.00 secs] 
59.212: Total time for which application threads were stopped: 0.0049770 seconds, Stopping threads took: 0.0023790 seconds
59.291: Application time: 0.0789130 seconds
59.294: [GC [PSYoungGen: 91280K->7744K(96768K)] 97777K->14241K(317952K), 0.0023590 secs] [Times: user=0.01 sys=0.00, real=0.01 secs] 
59.296: Total time for which application threads were stopped: 0.0051860 seconds, Stopping threads took: 0.0027420 seconds
59.377: Application time: 0.0809760 seconds
59.380: [GC [PSYoungGen: 90688K->5232K(96768K)] 97185K->11729K(317952K), 0.0016730 secs] [Times: user=0.01 sys=0.00, real=0.00 secs] 
59.382: Total time for which application threads were stopped: 0.0044410 seconds, Stopping threads took: 0.0026810 seconds
59.461: Application time: 0.0794200 seconds
59.463: [GC [PSYoungGen: 88176K->4448K(96768K)] 94673K->10953K(317952K), 0.0012840 secs] [Times: user=0.01 sys=0.00, real=0.00 secs] 
59.464: Total time for which application threads were stopped: 0.0032910 seconds, Stopping threads took: 0.0019330 seconds
59.540: Application time: 0.0752820 seconds
59.542: [GC [PSYoungGen: 87392K->7072K(96768K)] 93897K->13585K(317952K), 0.0020810 secs] [Times: user=0.02 sys=0.00, real=0.00 secs] 
59.545: Total time for which application threads were stopped: 0.0049650 seconds, Stopping threads took: 0.0028010 seconds
59.618: Application time: 0.0733410 seconds
59.620: [GC [PSYoungGen: 90016K->8112K(96768K)] 96529K->14633K(317952K), 0.0024370 secs] [Times: user=0.02 sys=0.00, real=0.00 secs] 
59.623: Total time for which application threads were stopped: 0.0048410 seconds, Stopping threads took: 0.0023250 seconds
59.699: Application time: 0.0758230 seconds
59.701: [GC [PSYoungGen: 91056K->6592K(96768K)] 97577K->13121K(317952K), 0.0020200 secs] [Times: user=0.01 sys=0.00, real=0.00 secs] 
59.703: Total time for which application threads were stopped: 0.0043050 seconds, Stopping threads took: 0.0022040 seconds
59.778: Application time: 0.0750820 seconds
59.780: [GC [PSYoungGen: 89536K->6848K(96768K)] 96065K->13377K(317952K), 0.0021020 secs] [Times: user=0.02 sys=0.00, real=0.00 secs] 
59.782: Total time for which application threads were stopped: 0.0045190 seconds, Stopping threads took: 0.0023390 seconds
59.859: Application time: 0.0762880 seconds
59.861: [GC [PSYoungGen: 89792K->5200K(96768K)] 96321K->11729K(317952K), 0.0014980 secs] [Times: user=0.01 sys=0.00, real=0.00 secs] 
59.863: Total time for which application threads were stopped: 0.0041580 seconds, Stopping threads took: 0.0025840 seconds
59.939: Application time: 0.0757640 seconds
59.941: [GC [PSYoungGen: 88144K->7504K(96768K)] 94673K->14041K(317952K), 0.0022980 secs] [Times: user=0.01 sys=0.00, real=0.00 secs] 
59.943: Total time for which application threads were stopped: 0.0046470 seconds, Stopping threads took: 0.0022600 seconds
60.022: Application time: 0.0782900 seconds
60.023: [GC [PSYoungGen: 90448K->6176K(96768K)] 96985K->12721K(317952K), 0.0018670 secs] [Times: user=0.01 sys=0.00, real=0.00 secs] 
60.025: Total time for which application threads were stopped: 0.0032860 seconds, Stopping threads took: 0.0013400 seconds
60.101: Application time: 0.0764740 seconds
60.103: [GC [PSYoungGen: 89120K->5168K(96768K)] 95665K->11721K(317952K), 0.0016010 secs] [Times: user=0.01 sys=0.00, real=0.00 secs] 
60.105: Total time for which application threads were stopped: 0.0031820 seconds, Stopping threads took: 0.0015010 seconds
60.181: Application time: 0.0764430 seconds
60.183: [GC [PSYoungGen: 88112K->8208K(96768K)] 94665K->14769K(317952K), 0.0024910 secs] [Times: user=0.02 sys=0.00, real=0.00 secs] 
60.185: Total time for which application threads were stopped: 0.0041980 seconds, Stopping threads took: 0.0016250 seconds
60.261: Application time: 0.0759250 seconds
60.262: [GC [PSYoungGen: 91152K->7024K(96768K)] 97713K->13585K(317952K), 0.0021590 secs] [Times: user=0.01 sys=0.00, real=0.00 secs] 
60.264: Total time for which application threads were stopped: 0.0031940 seconds, Stopping threads took: 0.0009540 seconds
60.341: Application time: 0.0761840 seconds
60.342: [GC [PSYoungGen: 89968K->6560K(96768K)] 96529K->13121K(317952K), 0.0019770 secs] [Times: user=0.02 sys=0.00, real=0.00 secs] 
60.344: Total time for which application threads were stopped: 0.0037390 seconds, Stopping threads took: 0.0016840 seconds
60.422: Application time: 0.0776030 seconds
60.424: [GC [PSYoungGen: 89504K->6480K(96768K)] 96065K->13049K(317952K), 0.0021250 secs] [Times: user=0.02 sys=0.00, real=0.00 secs] 
60.426: Total time for which application threads were stopped: 0.0040980 seconds, Stopping threads took: 0.0018970 seconds
60.500: Application time: 0.0735250 seconds
60.502: [GC [PSYoungGen: 89424K->8240K(96768K)] 95993K->14817K(317952K), 0.0024360 secs] [Times: user=0.02 sys=0.00, real=0.00 secs] 
60.504: Total time for which application threads were stopped: 0.0048520 seconds, Stopping threads took: 0.0023240 seconds
60.579: Application time: 0.0744060 seconds
60.580: [GC [PSYoungGen: 91184K->7984K(96768K)] 97761K->14569K(317952K), 0.0023930 secs] [Times: user=0.01 sys=0.00, real=0.00 secs] 
60.583: Total time for which application threads were stopped: 0.0040840 seconds, Stopping threads took: 0.0016080 seconds
60.662: Application time: 0.0788360 seconds
60.664: [GC [PSYoungGen: 90928K->6976K(96768K)] 97513K->13569K(317952K), 0.0020530 secs] [Times: user=0.01 sys=0.00, real=0.00 secs] 
60.666: Total time for which application threads were stopped: 0.0041140 seconds, Stopping threads took: 0.0019830 seconds
60.746: Application time: 0.0805660 seconds
60.748: [GC [PSYoungGen: 89920K->5024K(96768K)] 96513K->11625K(317952K), 0.0015370 secs] [Times: user=0.01 sys=0.00, real=0.00 secs] 
60.749: Total time for which application threads were stopped: 0.0027760 seconds, Stopping threads took: 0.0011660 seconds
60.823: Application time: 0.0734800 seconds
60.823: [GC [PSYoungGen: 87968K->6656K(96768K)] 94569K->13257K(317952K), 0.0020020 secs] [Times: user=0.02 sys=0.00, real=0.00 secs] 
60.825: Total time for which application threads were stopped: 0.0028080 seconds, Stopping threads took: 0.0007240 seconds
60.901: Application time: 0.0752550 seconds
60.902: [GC [PSYoungGen: 89600K->5712K(96768K)] 96201K->12321K(317952K), 0.0016830 secs] [Times: user=0.02 sys=0.00, real=0.00 secs] 
60.904: Total time for which application threads were stopped: 0.0028530 seconds, Stopping threads took: 0.0010800 seconds
60.979: Application time: 0.0752190 seconds
60.981: [GC [PSYoungGen: 88656K->6192K(96768K)] 95265K->12809K(317952K), 0.0018570 secs] [Times: user=0.02 sys=0.00, real=0.00 secs] 
60.983: Total time for which application threads were stopped: 0.0041140 seconds, Stopping threads took: 0.0021770 seconds
61.061: Application time: 0.0781380 seconds
61.061: [GC [PSYoungGen: 89136K->5568K(96768K)] 95753K->12193K(317952K), 0.0016380 secs] [Times: user=0.01 sys=0.00, real=0.00 secs] 
61.063: Total time for which application threads were stopped: 0.0020630 seconds, Stopping threads took: 0.0003360 seconds
61.139: Application time: 0.0762940 seconds
61.141: [GC [PSYoungGen: 88512K->5600K(96768K)] 95137K->12233K(317952K), 0.0015930 secs] [Times: user=0.01 sys=0.00, real=0.00 secs] 
61.143: Total time for which application threads were stopped: 0.0031560 seconds, Stopping threads took: 0.0014880 seconds
61.219: Application time: 0.0766170 seconds
61.222: [GC [PSYoungGen: 88544K->6816K(96768K)] 95177K->13457K(317952K), 0.0019660 secs] [Times: user=0.02 sys=0.00, real=0.00 secs] 
61.224: Total time for which application threads were stopped: 0.0046710 seconds, Stopping threads took: 0.0026250 seconds
61.298: Application time: 0.0738870 seconds
61.299: [GC [PSYoungGen: 89760K->6592K(96768K)] 96401K->13233K(317952K), 0.0019120 secs] [Times: user=0.02 sys=0.00, real=0.00 secs] 
61.301: Total time for which application threads were stopped: 0.0034880 seconds, Stopping threads took: 0.0014970 seconds
61.374: Application time: 0.0730920 seconds
61.377: [GC [PSYoungGen: 89536K->6448K(96768K)] 96177K->13089K(317952K), 0.0019850 secs] [Times: user=0.01 sys=0.00, real=0.00 secs] 
61.379: Total time for which application threads were stopped: 0.0044710 seconds, Stopping threads took: 0.0024020 seconds
61.453: Application time: 0.0739410 seconds
61.455: [GC [PSYoungGen: 89392K->7136K(96768K)] 96033K->13785K(317952K), 0.0021760 secs] [Times: user=0.01 sys=0.00, real=0.01 secs] 
61.457: Total time for which application threads were stopped: 0.0045100 seconds, Stopping threads took: 0.0022520 seconds
61.535: Application time: 0.0773190 seconds
61.537: [GC [PSYoungGen: 90080K->7152K(96768K)] 96729K->13809K(317952K), 0.0022430 secs] [Times: user=0.01 sys=0.00, real=0.00 secs] 
61.540: Total time for which application threads were stopped: 0.0049310 seconds, Stopping threads took: 0.0026010 seconds
61.615: Application time: 0.0758690 seconds
61.618: [GC [PSYoungGen: 90096K->6544K(96768K)] 96753K->13209K(317952K), 0.0020070 secs] [Times: user=0.01 sys=0.00, real=0.00 secs] 
61.620: Total time for which application threads were stopped: 0.0046820 seconds, Stopping threads took: 0.0025820 seconds
61.697: Application time: 0.0770550 seconds
61.700: [GC [PSYoungGen: 89488K->6000K(96768K)] 96153K->12673K(317952K), 0.0017900 secs] [Times: user=0.01 sys=0.00, real=0.00 secs] 
61.702: Total time for which application threads were stopped: 0.0044490 seconds, Stopping threads took: 0.0025760 seconds
61.776: Application time: 0.0739120 seconds
61.778: [GC [PSYoungGen: 88944K->7664K(96768K)] 95617K->14337K(317952K), 0.0022980 secs] [Times: user=0.02 sys=0.00, real=0.00 secs] 
61.781: Total time for which application threads were stopped: 0.0052230 seconds, Stopping threads took: 0.0028430 seconds
61.856: Application time: 0.0753660 seconds
61.858: [GC [PSYoungGen: 90608K->6624K(96768K)] 97281K->13297K(317952K), 0.0019830 secs] [Times: user=0.01 sys=0.00, real=0.00 secs] 
61.860: Total time for which application threads were stopped: 0.0037430 seconds, Stopping threads took: 0.0016800 seconds
61.936: Application time: 0.0759060 seconds
61.937: [GC [PSYoungGen: 89568K->5616K(96768K)] 96241K->12297K(317952K), 0.0016150 secs] [Times: user=0.01 sys=0.00, real=0.00 secs] 
61.939: Total time for which application threads were stopped: 0.0029180 seconds, Stopping threads took: 0.0012210 seconds
62.014: Application time: 0.0752040 seconds
62.016: [GC [PSYoungGen: 88560K->7552K(96768K)] 95241K->14241K(317952K), 0.0022880 secs] [Times: user=0.02 sys=0.00, real=0.00 secs] 
62.019: Total time for which application threads were stopped: 0.0047970 seconds, Stopping threads took: 0.0024260 seconds
62.094: Application time: 0.0755320 seconds
62.096: [GC [PSYoungGen: 90496K->7584K(96768K)] 97185K->14281K(317952K), 0.0022530 secs] [Times: user=0.02 sys=0.00, real=0.00 secs] 
62.099: Total time for which application threads were stopped: 0.0044540 seconds, Stopping threads took: 0.0021220 seconds
62.178: Application time: 0.0798100 seconds
62.180: [GC [PSYoungGen: 90528K->4576K(96768K)] 97225K->11281K(317952K), 0.0013470 secs] [Times: user=0.01 sys=0.00, real=0.00 secs] 
62.181: Total time for which application threads were stopped: 0.0029900 seconds, Stopping threads took: 0.0015550 seconds
62.255: Application time: 0.0736060 seconds
62.257: [GC [PSYoungGen: 87520K->7616K(96768K)] 94225K->14321K(317952K), 0.0022530 secs] [Times: user=0.01 sys=0.00, real=0.00 secs] 
62.259: Total time for which application threads were stopped: 0.0037340 seconds, Stopping threads took: 0.0014030 seconds
62.341: Application time: 0.0817060 seconds
62.342: [GC [PSYoungGen: 90560K->5712K(96768K)] 97265K->12417K(317952K), 0.0016620 secs] [Times: user=0.01 sys=0.00, real=0.00 secs] 
62.344: Total time for which application threads were stopped: 0.0033490 seconds, Stopping threads took: 0.0016050 seconds
62.419: Application time: 0.0748350 seconds
62.420: [GC [PSYoungGen: 88656K->6672K(96768K)] 95361K->13385K(317952K), 0.0020100 secs] [Times: user=0.01 sys=0.00, real=0.00 secs] 
62.422: Total time for which application threads were stopped: 0.0030630 seconds, Stopping threads took: 0.0009730 seconds
62.497: Application time: 0.0755320 seconds
62.499: [GC [PSYoungGen: 89616K->7856K(96768K)] 96329K->14577K(317952K), 0.0024500 secs] [Times: user=0.00 sys=0.00, real=0.00 secs] 
62.502: Total time for which application threads were stopped: 0.0042760 seconds, Stopping threads took: 0.0017450 seconds
62.578: Application time: 0.0764810 seconds
62.580: [GC [PSYoungGen: 90800K->7040K(96768K)] 97521K->13769K(317952K), 0.0021410 secs] [Times: user=0.01 sys=0.00, real=0.00 secs] 
62.582: Total time for which application threads were stopped: 0.0040710 seconds, Stopping threads took: 0.0018530 seconds
62.661: Application time: 0.0783630 seconds
62.663: [GC [PSYoungGen: 89984K->6992K(96768K)] 96713K->13729K(317952K), 0.0020620 secs] [Times: user=0.01 sys=0.00, real=0.00 secs] 
62.665: Total time for which application threads were stopped: 0.0047100 seconds, Stopping threads took: 0.0025700 seconds
62.738: Application time: 0.0731740 seconds
62.740: [GC [PSYoungGen: 89934K->6656K(96768K)] 96672K->13401K(317952K), 0.0019510 secs] [Times: user=0.02 sys=0.00, real=0.00 secs] 
62.742: Total time for which application threads were stopped: 0.0035670 seconds, Stopping threads took: 0.0015310 seconds
62.818: Application time: 0.0762640 seconds
62.820: [GC [PSYoungGen: 89600K->6976K(96768K)] 96345K->13721K(317952K), 0.0020450 secs] [Times: user=0.01 sys=0.00, real=0.00 secs] 
62.822: Total time for which application threads were stopped: 0.0041680 seconds, Stopping threads took: 0.0020400 seconds
62.896: Application time: 0.0738430 seconds
62.898: [GC [PSYoungGen: 89920K->7328K(96768K)] 96665K->14081K(317952K), 0.0021590 secs] [Times: user=0.01 sys=0.00, real=0.00 secs] 
62.900: Total time for which application threads were stopped: 0.0040880 seconds, Stopping threads took: 0.0018460 seconds
62.974: Application time: 0.0740190 seconds
62.976: [GC [PSYoungGen: 90272K->7216K(96768K)] 97025K->13977K(317952K), 0.0022440 secs] [Times: user=0.01 sys=0.01, real=0.00 secs] 
62.978: Total time for which application threads were stopped: 0.0037820 seconds, Stopping threads took: 0.0014610 seconds
63.057: Application time: 0.0785520 seconds
63.057: [GC [PSYoungGen: 90160K->5120K(96768K)] 96921K->11889K(317952K), 0.0016010 secs] [Times: user=0.01 sys=0.00, real=0.00 secs] 
63.059: Total time for which application threads were stopped: 0.0020430 seconds, Stopping threads took: 0.0003670 seconds
63.136: Application time: 0.0773530 seconds
63.139: [GC [PSYoungGen: 88064K->6464K(96768K)] 94833K->13241K(317952K), 0.0019640 secs] [Times: user=0.01 sys=0.00, real=0.00 secs] 
63.141: Total time for which application threads were stopped: 0.0044820 seconds, Stopping threads took: 0.0024370 seconds
63.219: Application time: 0.0781500 seconds
63.221: [GC [PSYoungGen: 89408K->6864K(96768K)] 96185K->13657K(317952K), 0.0020490 secs] [Times: user=0.02 sys=0.00, real=0.00 secs] 
63.223: Total time for which application threads were stopped: 0.0041310 seconds, Stopping threads took: 0.0020050 seconds
63.299: Application time: 0.0756400 seconds
63.301: [GC [PSYoungGen: 89808K->6672K(96768K)] 96601K->13465K(317952K), 0.0020360 secs] [Times: user=0.01 sys=0.00, real=0.00 secs] 
63.303: Total time for which application threads were stopped: 0.0041290 seconds, Stopping threads took: 0.0020090 seconds
63.378: Application time: 0.0758500 seconds
63.379: [GC [PSYoungGen: 89616K->6688K(96768K)] 96409K->13481K(317952K), 0.0019600 secs] [Times: user=0.01 sys=0.00, real=0.00 secs] 
63.381: Total time for which application threads were stopped: 0.0023860 seconds, Stopping threads took: 0.0003460 seconds
63.460: Application time: 0.0793880 seconds
63.463: [GC [PSYoungGen: 89632K->7712K(96768K)] 96425K->14513K(317952K), 0.0022900 secs] [Times: user=0.02 sys=0.00, real=0.00 secs] 
63.466: Total time for which application threads were stopped: 0.0053620 seconds, Stopping threads took: 0.0029900 seconds
63.544: Application time: 0.0787930 seconds
63.547: [GC [PSYoungGen: 90656K->7584K(96768K)] 97457K->14393K(317952K), 0.0022290 secs] [Times: user=0.02 sys=0.00, real=0.00 secs] 
63.550: Total time for which application threads were stopped: 0.0052660 seconds, Stopping threads took: 0.0029490 seconds
63.630: Application time: 0.0807500 seconds
63.632: [GC [PSYoungGen: 90528K->7456K(96768K)] 97337K->14281K(317952K), 0.0021890 secs] [Times: user=0.02 sys=0.00, real=0.00 secs] 
63.634: Total time for which application threads were stopped: 0.0036510 seconds, Stopping threads took: 0.0013820 seconds
63.712: Application time: 0.0777700 seconds
63.714: [GC [PSYoungGen: 90400K->7856K(96768K)] 97225K->14689K(317952K), 0.0023330 secs] [Times: user=0.02 sys=0.00, real=0.01 secs] 
63.717: Total time for which application threads were stopped: 0.0049480 seconds, Stopping threads took: 0.0025250 seconds
63.797: Application time: 0.0799840 seconds
63.799: [GC [PSYoungGen: 90800K->8000K(96768K)] 97633K->14833K(317952K), 0.0024380 secs] [Times: user=0.01 sys=0.00, real=0.00 secs] 
63.801: Total time for which application threads were stopped: 0.0045790 seconds, Stopping threads took: 0.0020580 seconds
63.887: Application time: 0.0852150 seconds
63.888: [GC [PSYoungGen: 90944K->6656K(96768K)] 97777K->13489K(317952K), 0.0020760 secs] [Times: user=0.01 sys=0.00, real=0.00 secs] 
63.890: Total time for which application threads were stopped: 0.0031070 seconds, Stopping threads took: 0.0009420 seconds
63.974: Application time: 0.0838360 seconds
63.974: [GC [PSYoungGen: 89600K->4320K(96768K)] 96433K->11161K(317952K), 0.0012380 secs] [Times: user=0.01 sys=0.00, real=0.00 secs] 
63.975: Total time for which application threads were stopped: 0.0016320 seconds, Stopping threads took: 0.0003110 seconds
64.065: Application time: 0.0896670 seconds
64.067: [GC [PSYoungGen: 87264K->5408K(96768K)] 94105K->12257K(317952K), 0.0015700 secs] [Times: user=0.01 sys=0.00, real=0.01 secs] 
64.069: Total time for which application threads were stopped: 0.0037380 seconds, Stopping threads took: 0.0020880 seconds
64.149: Application time: 0.0802630 seconds
64.151: [GC [PSYoungGen: 88352K->7680K(96768K)] 95201K->14537K(317952K), 0.0022470 secs] [Times: user=0.02 sys=0.00, real=0.00 secs] 
64.153: Total time for which application threads were stopped: 0.0042650 seconds, Stopping threads took: 0.0019330 seconds
64.233: Application time: 0.0794000 seconds
64.235: [GC [PSYoungGen: 90624K->7168K(96768K)] 97481K->14033K(317952K), 0.0021350 secs] [Times: user=0.01 sys=0.00, real=0.01 secs] 
64.237: Total time for which application threads were stopped: 0.0047080 seconds, Stopping threads took: 0.0024830 seconds
64.317: Application time: 0.0796200 seconds
64.319: [GC [PSYoungGen: 90112K->7472K(96768K)] 96977K->14337K(317952K), 0.0022310 secs] [Times: user=0.02 sys=0.00, real=0.00 secs] 
64.321: Total time for which application threads were stopped: 0.0044180 seconds, Stopping threads took: 0.0020980 seconds
64.399: Application time: 0.0775450 seconds
64.403: [GC [PSYoungGen: 90416K->6448K(96768K)] 97281K->13313K(317952K), 0.0020040 secs] [Times: user=0.02 sys=0.00, real=0.00 secs] 
64.405: Total time for which application threads were stopped: 0.0065570 seconds, Stopping threads took: 0.0044650 seconds
64.482: Application time: 0.0767980 seconds
64.485: [GC [PSYoungGen: 89392K->8288K(96768K)] 96257K->15169K(317952K), 0.0024870 secs] [Times: user=0.01 sys=0.00, real=0.01 secs] 
64.488: Total time for which application threads were stopped: 0.0054840 seconds, Stopping threads took: 0.0029150 seconds
64.568: Application time: 0.0805050 seconds
64.571: [GC [PSYoungGen: 91232K->7024K(96768K)] 98113K->13913K(317952K), 0.0020570 secs] [Times: user=0.01 sys=0.00, real=0.00 secs] 
64.573: Total time for which application threads were stopped: 0.0052440 seconds, Stopping threads took: 0.0031060 seconds
64.652: Application time: 0.0788980 seconds
64.655: [GC [PSYoungGen: 89968K->7360K(96768K)] 96857K->14257K(317952K), 0.0021630 secs] [Times: user=0.01 sys=0.00, real=0.00 secs] 
64.657: Total time for which application threads were stopped: 0.0050630 seconds, Stopping threads took: 0.0028120 seconds
64.739: Application time: 0.0816070 seconds
64.740: [GC [PSYoungGen: 90304K->4160K(96768K)] 97201K->11065K(317952K), 0.0013080 secs] [Times: user=0.01 sys=0.00, real=0.00 secs] 
64.741: Total time for which application threads were stopped: 0.0018490 seconds, Stopping threads took: 0.0004680 seconds
64.824: Application time: 0.0832070 seconds
64.826: [GC [PSYoungGen: 87104K->7040K(96768K)] 94009K->13953K(317952K), 0.0021310 secs] [Times: user=0.02 sys=0.00, real=0.01 secs] 
64.828: Total time for which application threads were stopped: 0.0040630 seconds, Stopping threads took: 0.0018490 seconds
64.908: Application time: 0.0801250 seconds
64.910: [GC [PSYoungGen: 89984K->6960K(96768K)] 96897K->13873K(317952K), 0.0021600 secs] [Times: user=0.02 sys=0.00, real=0.00 secs] 
64.912: Total time for which application threads were stopped: 0.0042280 seconds, Stopping threads took: 0.0019770 seconds
64.994: Application time: 0.0814130 seconds
64.995: [GC [PSYoungGen: 89904K->6640K(96768K)] 96817K->13553K(317952K), 0.0019690 secs] [Times: user=0.01 sys=0.00, real=0.01 secs] 
64.997: Total time for which application threads were stopped: 0.0032240 seconds, Stopping threads took: 0.0011750 seconds
65.085: Application time: 0.0874450 seconds
65.086: [GC [PSYoungGen: 89584K->5216K(96768K)] 96497K->12137K(317952K), 0.0015370 secs] [Times: user=0.01 sys=0.00, real=0.01 secs] 
65.088: Total time for which application threads were stopped: 0.0032800 seconds, Stopping threads took: 0.0016640 seconds
65.172: Application time: 0.0845090 seconds
65.176: [GC [PSYoungGen: 88160K->7360K(96768K)] 95081K->14289K(317952K), 0.0021750 secs] [Times: user=0.01 sys=0.00, real=0.00 secs] 
65.178: Total time for which application threads were stopped: 0.0053640 seconds, Stopping threads took: 0.0031060 seconds
65.256: Application time: 0.0786080 seconds
65.259: [GC [PSYoungGen: 90304K->7424K(96768K)] 97233K->14361K(317952K), 0.0022220 secs] [Times: user=0.01 sys=0.00, real=0.00 secs] 
65.261: Total time for which application threads were stopped: 0.0049770 seconds, Stopping threads took: 0.0026730 seconds
65.341: Application time: 0.0797510 seconds
65.344: [GC [PSYoungGen: 90368K->7184K(96768K)] 97305K->14129K(317952K), 0.0021770 secs] [Times: user=0.01 sys=0.00, real=0.00 secs] 
65.346: Total time for which application threads were stopped: 0.0049730 seconds, Stopping threads took: 0.0027010 seconds
65.427: Application time: 0.0805690 seconds
65.430: [GC [PSYoungGen: 90128K->7104K(96768K)] 97073K->14049K(317952K), 0.0021230 secs] [Times: user=0.02 sys=0.00, real=0.00 secs] 
65.432: Total time for which application threads were stopped: 0.0054280 seconds, Stopping threads took: 0.0031940 seconds
65.510: Application time: 0.0782200 seconds
65.513: [GC [PSYoungGen: 90048K->7776K(96768K)] 96993K->14721K(317952K), 0.0023380 secs] [Times: user=0.01 sys=0.00, real=0.01 secs] 
65.515: Total time for which application threads were stopped: 0.0049610 seconds, Stopping threads took: 0.0025400 seconds
65.596: Application time: 0.0810140 seconds
65.598: [GC [PSYoungGen: 90720K->6928K(96768K)] 97665K->13881K(317952K), 0.0021300 secs] [Times: user=0.01 sys=0.00, real=0.00 secs] 
65.600: Total time for which application threads were stopped: 0.0041590 seconds, Stopping threads took: 0.0019420 seconds
65.682: Application time: 0.0815220 seconds
65.684: [GC [PSYoungGen: 89872K->6192K(96768K)] 96825K->13169K(317952K), 0.0019020 secs] [Times: user=0.01 sys=0.00, real=0.00 secs] 
65.686: Total time for which application threads were stopped: 0.0043130 seconds, Stopping threads took: 0.0023270 seconds
65.767: Application time: 0.0810870 seconds
65.770: [GC [PSYoungGen: 89136K->7344K(96768K)] 96113K->14337K(317952K), 0.0023260 secs] [Times: user=0.02 sys=0.00, real=0.00 secs] 
65.772: Total time for which application threads were stopped: 0.0047430 seconds, Stopping threads took: 0.0023320 seconds
65.853: Application time: 0.0806020 seconds
65.854: [GC [PSYoungGen: 90288K->6512K(96768K)] 97281K->13513K(317952K), 0.0020140 secs] [Times: user=0.01 sys=0.00, real=0.01 secs] 
65.856: Total time for which application threads were stopped: 0.0031550 seconds, Stopping threads took: 0.0010590 seconds
65.936: Application time: 0.0804540 seconds
65.940: [GC [PSYoungGen: 89456K->7216K(96768K)] 96457K->14217K(317952K), 0.0021240 secs] [Times: user=0.01 sys=0.00, real=0.00 secs] 
65.942: Total time for which application threads were stopped: 0.0054550 seconds, Stopping threads took: 0.0032360 seconds
66.026: Application time: 0.0846640 seconds
66.027: [GC [PSYoungGen: 90160K->5872K(96768K)] 97161K->12873K(317952K), 0.0018470 secs] [Times: user=0.01 sys=0.00, real=0.01 secs] 
66.029: Total time for which application threads were stopped: 0.0023570 seconds, Stopping threads took: 0.0004290 seconds
66.112: Application time: 0.0831690 seconds
66.113: [GC [PSYoungGen: 88816K->5712K(96768K)] 95817K->12721K(317952K), 0.0016700 secs] [Times: user=0.01 sys=0.00, real=0.00 secs] 
66.114: Total time for which application threads were stopped: 0.0022720 seconds, Stopping threads took: 0.0005240 seconds
66.197: Application time: 0.0826410 seconds
66.198: [GC [PSYoungGen: 88656K->6240K(96768K)] 95665K->13257K(317952K), 0.0019430 secs] [Times: user=0.01 sys=0.00, real=0.00 secs] 
66.200: Total time for which application threads were stopped: 0.0033320 seconds, Stopping threads took: 0.0013050 seconds
66.281: Application time: 0.0812230 seconds
66.284: [GC [PSYoungGen: 89184K->6752K(96768K)] 96201K->13777K(317952K), 0.0020570 secs] [Times: user=0.01 sys=0.00, real=0.00 secs] 
66.287: Total time for which application threads were stopped: 0.0050820 seconds, Stopping threads took: 0.0029390 seconds
66.367: Application time: 0.0804490 seconds
66.369: [GC [PSYoungGen: 89696K->6928K(96768K)] 96721K->13961K(317952K), 0.0020850 secs] [Times: user=0.02 sys=0.00, real=0.00 secs] 
66.371: Total time for which application threads were stopped: 0.0044700 seconds, Stopping threads took: 0.0022980 seconds
66.456: Application time: 0.0850280 seconds
66.458: [GC [PSYoungGen: 89872K->4352K(96768K)] 96905K->11385K(317952K), 0.0012550 secs] [Times: user=0.01 sys=0.00, real=0.00 secs] 
66.459: Total time for which application threads were stopped: 0.0028280 seconds, Stopping threads took: 0.0014960 seconds
66.544: Application time: 0.0847200 seconds
66.547: [GC [PSYoungGen: 87296K->5152K(96768K)] 94329K->12185K(317952K), 0.0015530 secs] [Times: user=0.01 sys=0.00, real=0.01 secs] 
66.548: Total time for which application threads were stopped: 0.0044160 seconds, Stopping threads took: 0.0027770 seconds
66.633: Application time: 0.0845770 seconds
66.635: [GC [PSYoungGen: 88096K->5424K(96768K)] 95129K->12465K(317952K), 0.0016060 secs] [Times: user=0.01 sys=0.00, real=0.00 secs] 
66.637: Total time for which application threads were stopped: 0.0037800 seconds, Stopping threads took: 0.0020870 seconds
66.720: Application time: 0.0836300 seconds
66.723: [GC [PSYoungGen: 88368K->7744K(96768K)] 95409K->14793K(317952K), 0.0023110 secs] [Times: user=0.01 sys=0.00, real=0.00 secs] 
66.725: Total time for which application threads were stopped: 0.0045080 seconds, Stopping threads took: 0.0021130 seconds
66.804: Application time: 0.0789220 seconds
66.807: [GC [PSYoungGen: 90688K->7104K(96768K)] 97737K->14161K(317952K), 0.0020930 secs] [Times: user=0.01 sys=0.00, real=0.01 secs] 
66.809: Total time for which application threads were stopped: 0.0052010 seconds, Stopping threads took: 0.0030230 seconds
66.889: Application time: 0.0800670 seconds
66.891: [GC [PSYoungGen: 90048K->7088K(96768K)] 97105K->14161K(317952K), 0.0021440 secs] [Times: user=0.02 sys=0.00, real=0.00 secs] 
66.894: Total time for which application threads were stopped: 0.0044430 seconds, Stopping threads took: 0.0022120 seconds
66.975: Application time: 0.0817670 seconds
66.978: [GC [PSYoungGen: 90032K->6752K(96768K)] 97105K->13825K(317952K), 0.0020250 secs] [Times: user=0.01 sys=0.00, real=0.00 secs] 
66.980: Total time for which application threads were stopped: 0.0044290 seconds, Stopping threads took: 0.0023130 seconds
67.061: Application time: 0.0811390 seconds
67.062: [GC [PSYoungGen: 89696K->4384K(96768K)] 96769K->11457K(317952K), 0.0013540 secs] [Times: user=0.01 sys=0.00, real=0.00 secs] 
67.064: Total time for which application threads were stopped: 0.0028970 seconds, Stopping threads took: 0.0014690 seconds
67.145: Application time: 0.0810450 seconds
67.147: [GC [PSYoungGen: 87328K->8064K(96768K)] 94401K->15145K(317952K), 0.0024270 secs] [Times: user=0.01 sys=0.00, real=0.00 secs] 
67.150: Total time for which application threads were stopped: 0.0048120 seconds, Stopping threads took: 0.0023030 seconds
67.229: Application time: 0.0790940 seconds
67.231: [GC [PSYoungGen: 91008K->8096K(96768K)] 98089K->15185K(317952K), 0.0024600 secs] [Times: user=0.01 sys=0.00, real=0.00 secs] 
67.234: Total time for which application threads were stopped: 0.0051150 seconds, Stopping threads took: 0.0025720 seconds
67.315: Application time: 0.0806050 seconds
67.316: [GC [PSYoungGen: 91040K->7072K(96768K)] 98129K->14169K(317952K), 0.0020270 secs] [Times: user=0.02 sys=0.00, real=0.00 secs] 
67.318: Total time for which application threads were stopped: 0.0037330 seconds, Stopping threads took: 0.0016280 seconds
67.398: Application time: 0.0795140 seconds
67.400: [GC [PSYoungGen: 90016K->7232K(96768K)] 97113K->14337K(317952K), 0.0021850 secs] [Times: user=0.01 sys=0.00, real=0.00 secs] 
67.402: Total time for which application threads were stopped: 0.0042430 seconds, Stopping threads took: 0.0019790 seconds
67.477: Application time: 0.0747440 seconds
67.479: [GC [PSYoungGen: 90176K->7600K(96768K)] 97281K->14713K(317952K), 0.0023710 secs] [Times: user=0.01 sys=0.00, real=0.00 secs] 
67.482: Total time for which application threads were stopped: 0.0049190 seconds, Stopping threads took: 0.0024590 seconds
67.556: Application time: 0.0739820 seconds
67.557: [GC [PSYoungGen: 90544K->8224K(96768K)] 97657K->15337K(317952K), 0.0025170 secs] [Times: user=0.00 sys=0.00, real=0.00 secs] 
67.560: Total time for which application threads were stopped: 0.0039740 seconds, Stopping threads took: 0.0013760 seconds
67.639: Application time: 0.0791620 seconds
67.640: [GC [PSYoungGen: 91168K->6640K(96768K)] 98281K->13753K(317952K), 0.0020320 secs] [Times: user=0.01 sys=0.00, real=0.00 secs] 
67.642: Total time for which application threads were stopped: 0.0032180 seconds, Stopping threads took: 0.0011070 seconds
67.719: Application time: 0.0774040 seconds
67.721: [GC [PSYoungGen: 89584K->6176K(96768K)] 96697K->13297K(317952K), 0.0019050 secs] [Times: user=0.01 sys=0.00, real=0.00 secs] 
67.723: Total time for which application threads were stopped: 0.0037200 seconds, Stopping threads took: 0.0017280 seconds
67.801: Application time: 0.0777450 seconds
67.803: [GC [PSYoungGen: 89120K->5616K(96768K)] 96241K->12745K(317952K), 0.0016430 secs] [Times: user=0.01 sys=0.00, real=0.00 secs] 
67.804: Total time for which application threads were stopped: 0.0035280 seconds, Stopping threads took: 0.0018090 seconds
67.882: Application time: 0.0772300 seconds
67.883: [GC [PSYoungGen: 88558K->4752K(96768K)] 95688K->11889K(317952K), 0.0015740 secs] [Times: user=0.00 sys=0.00, real=0.00 secs] 
67.885: Total time for which application threads were stopped: 0.0030810 seconds, Stopping threads took: 0.0014310 seconds
67.962: Application time: 0.0774830 seconds
67.963: [GC [PSYoungGen: 87696K->6320K(96768K)] 94833K->13465K(317952K), 0.0018150 secs] [Times: user=0.02 sys=0.00, real=0.00 secs] 
67.965: Total time for which application threads were stopped: 0.0029310 seconds, Stopping threads took: 0.0010320 seconds
68.040: Application time: 0.0748190 seconds
68.043: [GC [PSYoungGen: 89264K->6672K(96768K)] 96409K->13817K(317952K), 0.0020050 secs] [Times: user=0.02 sys=0.00, real=0.00 secs] 
68.045: Total time for which application threads were stopped: 0.0045780 seconds, Stopping threads took: 0.0024810 seconds
68.119: Application time: 0.0739390 seconds
68.121: [GC [PSYoungGen: 89616K->7616K(96768K)] 96761K->14761K(317952K), 0.0022280 secs] [Times: user=0.01 sys=0.00, real=0.00 secs] 
68.123: Total time for which application threads were stopped: 0.0045520 seconds, Stopping threads took: 0.0022420 seconds
68.200: Application time: 0.0765020 seconds
68.202: [GC [PSYoungGen: 90560K->7584K(96768K)] 97705K->14737K(317952K), 0.0022540 secs] [Times: user=0.02 sys=0.00, real=0.00 secs] 
68.204: Total time for which application threads were stopped: 0.0044300 seconds, Stopping threads took: 0.0020930 seconds
68.281: Application time: 0.0765280 seconds
68.283: [GC [PSYoungGen: 90528K->7376K(96768K)] 97681K->14545K(317952K), 0.0021690 secs] [Times: user=0.01 sys=0.00, real=0.00 secs] 
68.285: Total time for which application threads were stopped: 0.0042060 seconds, Stopping threads took: 0.0019540 seconds
68.362: Application time: 0.0771970 seconds
68.364: [GC [PSYoungGen: 90320K->5568K(96768K)] 97489K->12745K(317952K), 0.0016600 secs] [Times: user=0.01 sys=0.00, real=0.00 secs] 
68.365: Total time for which application threads were stopped: 0.0033620 seconds, Stopping threads took: 0.0016260 seconds
68.441: Application time: 0.0754690 seconds
68.443: [GC [PSYoungGen: 88512K->6464K(96768K)] 95689K->13649K(317952K), 0.0020440 secs] [Times: user=0.01 sys=0.00, real=0.00 secs] 
68.445: Total time for which application threads were stopped: 0.0040840 seconds, Stopping threads took: 0.0019580 seconds
68.520: Application time: 0.0751640 seconds
68.523: [GC [PSYoungGen: 89408K->6544K(96768K)] 96593K->13729K(317952K), 0.0019530 secs] [Times: user=0.02 sys=0.00, real=0.00 secs] 
68.525: Total time for which application threads were stopped: 0.0046590 seconds, Stopping threads took: 0.0026250 seconds
68.598: Application time: 0.0735620 seconds
68.600: [GC [PSYoungGen: 89488K->5936K(96768K)] 96673K->13121K(317952K), 0.0017570 secs] [Times: user=0.01 sys=0.00, real=0.00 secs] 
68.602: Total time for which application threads were stopped: 0.0037690 seconds, Stopping threads took: 0.0019240 seconds
68.675: Application time: 0.0727920 seconds
68.676: [GC [PSYoungGen: 88880K->7712K(96768K)] 96065K->14905K(317952K), 0.0023020 secs] [Times: user=0.02 sys=0.00, real=0.00 secs] 
68.679: Total time for which application threads were stopped: 0.0040040 seconds, Stopping threads took: 0.0016220 seconds
68.756: Application time: 0.0767560 seconds
68.757: [GC [PSYoungGen: 90656K->6656K(96768K)] 97849K->13857K(317952K), 0.0019840 secs] [Times: user=0.01 sys=0.00, real=0.00 secs] 
68.759: Total time for which application threads were stopped: 0.0034980 seconds, Stopping threads took: 0.0014350 seconds
68.836: Application time: 0.0765390 seconds
68.837: [GC [PSYoungGen: 89600K->5680K(96768K)] 96801K->12889K(317952K), 0.0017590 secs] [Times: user=0.00 sys=0.00, real=0.00 secs] 
68.838: Total time for which application threads were stopped: 0.0027900 seconds, Stopping threads took: 0.0009480 seconds
68.913: Application time: 0.0743360 seconds
68.915: [GC [PSYoungGen: 88624K->6672K(96768K)] 95833K->13889K(317952K), 0.0019530 secs] [Times: user=0.01 sys=0.00, real=0.01 secs] 
68.917: Total time for which application threads were stopped: 0.0043260 seconds, Stopping threads took: 0.0022900 seconds
68.994: Application time: 0.0773190 seconds
68.997: [GC [PSYoungGen: 89616K->7216K(96768K)] 96833K->14433K(317952K), 0.0021780 secs] [Times: user=0.01 sys=0.00, real=0.00 secs] 
68.999: Total time for which application threads were stopped: 0.0047720 seconds, Stopping threads took: 0.0025040 seconds
69.076: Application time: 0.0768020 seconds
69.077: [GC [PSYoungGen: 90160K->6032K(96768K)] 97377K->13249K(317952K), 0.0018880 secs] [Times: user=0.01 sys=0.00, real=0.00 secs] 
69.079: Total time for which application threads were stopped: 0.0031960 seconds, Stopping threads took: 0.0012180 seconds
69.156: Application time: 0.0766050 seconds
69.159: [GC [PSYoungGen: 88976K->5552K(96768K)] 96193K->12777K(317952K), 0.0016470 secs] [Times: user=0.01 sys=0.00, real=0.00 secs] 
69.160: Total time for which application threads were stopped: 0.0045650 seconds, Stopping threads took: 0.0028290 seconds
69.236: Application time: 0.0761290 seconds
69.239: [GC [PSYoungGen: 88496K->6672K(96768K)] 95721K->13905K(317952K), 0.0019740 secs] [Times: user=0.02 sys=0.00, real=0.00 secs] 
69.241: Total time for which application threads were stopped: 0.0048060 seconds, Stopping threads took: 0.0027480 seconds
69.316: Application time: 0.0750350 seconds
69.318: [GC [PSYoungGen: 89616K->6752K(96768K)] 96849K->13993K(317952K), 0.0020020 secs] [Times: user=0.01 sys=0.00, real=0.00 secs] 
69.320: Total time for which application threads were stopped: 0.0034980 seconds, Stopping threads took: 0.0014120 seconds
69.397: Application time: 0.0775160 seconds
69.399: [GC [PSYoungGen: 89696K->5968K(96768K)] 96937K->13225K(317952K), 0.0017520 secs] [Times: user=0.02 sys=0.00, real=0.00 secs] 
69.401: Total time for which application threads were stopped: 0.0031670 seconds, Stopping threads took: 0.0013370 seconds
69.476: Application time: 0.0752150 seconds
69.477: [GC [PSYoungGen: 88912K->6928K(96768K)] 96169K->14201K(317952K), 0.0019700 secs] [Times: user=0.02 sys=0.00, real=0.00 secs] 
69.479: Total time for which application threads were stopped: 0.0035830 seconds, Stopping threads took: 0.0015310 seconds
69.555: Application time: 0.0752050 seconds
69.557: [GC [PSYoungGen: 89872K->7072K(96768K)] 97145K->14345K(317952K), 0.0021490 secs] [Times: user=0.02 sys=0.00, real=0.00 secs] 
69.559: Total time for which application threads were stopped: 0.0042300 seconds, Stopping threads took: 0.0019960 seconds
69.637: Application time: 0.0777730 seconds
69.639: [GC [PSYoungGen: 90016K->6384K(96768K)] 97289K->13665K(317952K), 0.0018830 secs] [Times: user=0.01 sys=0.00, real=0.00 secs] 
69.641: Total time for which application threads were stopped: 0.0044110 seconds, Stopping threads took: 0.0024430 seconds
69.716: Application time: 0.0748320 seconds
69.717: [GC [PSYoungGen: 89328K->6752K(96768K)] 96609K->14041K(317952K), 0.0020600 secs] [Times: user=0.02 sys=0.00, real=0.00 secs] 
69.719: Total time for which application threads were stopped: 0.0036380 seconds, Stopping threads took: 0.0014930 seconds
69.795: Application time: 0.0760250 seconds
69.797: [GC [PSYoungGen: 89696K->6512K(96768K)] 96985K->13817K(317952K), 0.0019450 secs] [Times: user=0.01 sys=0.00, real=0.00 secs] 
69.799: Total time for which application threads were stopped: 0.0038280 seconds, Stopping threads took: 0.0017990 seconds
69.876: Application time: 0.0766820 seconds
69.877: [GC [PSYoungGen: 89456K->6016K(96768K)] 96761K->13329K(317952K), 0.0018200 secs] [Times: user=0.01 sys=0.00, real=0.00 secs] 
69.879: Total time for which application threads were stopped: 0.0031720 seconds, Stopping threads took: 0.0012690 seconds
69.960: Application time: 0.0807230 seconds
69.961: [GC [PSYoungGen: 88960K->6240K(96768K)] 96273K->13561K(317952K), 0.0019320 secs] [Times: user=0.01 sys=0.00, real=0.00 secs] 
69.963: Total time for which application threads were stopped: 0.0034390 seconds, Stopping threads took: 0.0014300 seconds
70.038: Application time: 0.0749960 seconds
70.040: [GC [PSYoungGen: 89184K->7328K(96768K)] 96505K->14649K(317952K), 0.0021880 secs] [Times: user=0.01 sys=0.00, real=0.00 secs] 
70.042: Total time for which application threads were stopped: 0.0038550 seconds, Stopping threads took: 0.0015860 seconds
70.116: Application time: 0.0735910 seconds
70.117: [GC [PSYoungGen: 90272K->7120K(96768K)] 97593K->14441K(317952K), 0.0021040 secs] [Times: user=0.01 sys=0.00, real=0.00 secs] 
70.120: Total time for which application threads were stopped: 0.0038470 seconds, Stopping threads took: 0.0016580 seconds
70.195: Application time: 0.0754370 seconds
70.197: [GC [PSYoungGen: 90064K->6496K(96768K)] 97385K->13825K(317952K), 0.0018870 secs] [Times: user=0.01 sys=0.00, real=0.00 secs] 
70.198: Total time for which application threads were stopped: 0.0034290 seconds, Stopping threads took: 0.0014630 seconds
70.274: Application time: 0.0751580 seconds
70.275: [GC [PSYoungGen: 89440K->7904K(96768K)] 96769K->15241K(317952K), 0.0025570 secs] [Times: user=0.02 sys=0.00, real=0.01 secs] 
70.278: Total time for which application threads were stopped: 0.0040960 seconds, Stopping threads took: 0.0014500 seconds
70.354: Application time: 0.0767580 seconds
70.356: [GC [PSYoungGen: 90848K->6848K(96768K)] 98185K->14193K(317952K), 0.0020440 secs] [Times: user=0.02 sys=0.00, real=0.00 secs] 
70.358: Total time for which application threads were stopped: 0.0033580 seconds, Stopping threads took: 0.0012360 seconds
70.436: Application time: 0.0781960 seconds
70.438: [GC [PSYoungGen: 89792K->5088K(96768K)] 97137K->12441K(317952K), 0.0014720 secs] [Times: user=0.01 sys=0.00, real=0.00 secs] 
70.439: Total time for which application threads were stopped: 0.0034260 seconds, Stopping threads took: 0.0018780 seconds
70.523: Application time: 0.0837790 seconds
70.526: [GC [PSYoungGen: 88032K->5232K(96768K)] 95385K->12585K(317952K), 0.0014150 secs] [Times: user=0.01 sys=0.00, real=0.01 secs] 
70.528: Total time for which application threads were stopped: 0.0044100 seconds, Stopping threads took: 0.0029170 seconds
70.605: Application time: 0.0777480 seconds
70.608: [GC [PSYoungGen: 88176K->7968K(96768K)] 95529K->15321K(317952K), 0.0023620 secs] [Times: user=0.02 sys=0.00, real=0.00 secs] 
70.610: Total time for which application threads were stopped: 0.0050220 seconds, Stopping threads took: 0.0025750 seconds
70.687: Application time: 0.0770120 seconds
70.690: [GC [PSYoungGen: 90912K->5920K(96768K)] 98265K->13281K(317952K), 0.0017260 secs] [Times: user=0.02 sys=0.00, real=0.00 secs] 
70.692: Total time for which application threads were stopped: 0.0043640 seconds, Stopping threads took: 0.0025540 seconds
70.767: Application time: 0.0754370 seconds
70.768: [GC [PSYoungGen: 88864K->6976K(96768K)] 96225K->14345K(317952K), 0.0021320 secs] [Times: user=0.01 sys=0.00, real=0.00 secs] 
70.771: Total time for which application threads were stopped: 0.0033650 seconds, Stopping threads took: 0.0011520 seconds
70.845: Application time: 0.0741980 seconds
70.848: [GC [PSYoungGen: 89920K->7008K(96768K)] 97289K->14385K(317952K), 0.0020360 secs] [Times: user=0.01 sys=0.00, real=0.00 secs] 
70.850: Total time for which application threads were stopped: 0.0048470 seconds, Stopping threads took: 0.0027200 seconds
70.927: Application time: 0.0775850 seconds
70.930: [GC [PSYoungGen: 89952K->4928K(96768K)] 97329K->12313K(317952K), 0.0014490 secs] [Times: user=0.01 sys=0.00, real=0.00 secs] 
70.932: Total time for which application threads were stopped: 0.0042300 seconds, Stopping threads took: 0.0027020 seconds
71.013: Application time: 0.0814000 seconds
71.013: [GC [PSYoungGen: 87872K->2848K(96768K)] 95257K->10233K(317952K), 0.0009730 secs] [Times: user=0.01 sys=0.00, real=0.00 secs] 
71.014: Total time for which application threads were stopped: 0.0012020 seconds, Stopping threads took: 0.0001650 seconds
71.099: Application time: 0.0852770 seconds
71.100: [GC [PSYoungGen: 85792K->4368K(96768K)] 93177K->11753K(317952K), 0.0013380 secs] [Times: user=0.01 sys=0.00, real=0.00 secs] 
71.101: Total time for which application threads were stopped: 0.0014920 seconds, Stopping threads took: 0.0000840 seconds
71.184: Application time: 0.0831420 seconds
71.186: [GC [PSYoungGen: 87312K->6432K(96768K)] 94697K->13825K(317952K), 0.0019450 secs] [Times: user=0.01 sys=0.00, real=0.01 secs] 
71.188: Total time for which application threads were stopped: 0.0039220 seconds, Stopping threads took: 0.0018990 seconds
71.265: Application time: 0.0770620 seconds
71.268: [GC [PSYoungGen: 89376K->8112K(96768K)] 96769K->15513K(317952K), 0.0024590 secs] [Times: user=0.02 sys=0.00, real=0.00 secs] 
71.270: Total time for which application threads were stopped: 0.0052190 seconds, Stopping threads took: 0.0026810 seconds
71.343: Application time: 0.0731020 seconds
71.346: [GC [PSYoungGen: 91056K->7072K(96768K)] 98457K->14481K(317952K), 0.0021400 secs] [Times: user=0.01 sys=0.00, real=0.01 secs] 
71.348: Total time for which application threads were stopped: 0.0048390 seconds, Stopping threads took: 0.0026140 seconds
71.423: Application time: 0.0752740 seconds
71.426: [GC [PSYoungGen: 90016K->6240K(96768K)] 97425K->13657K(317952K), 0.0018470 secs] [Times: user=0.01 sys=0.00, real=0.01 secs] 
71.428: Total time for which application threads were stopped: 0.0042960 seconds, Stopping threads took: 0.0023520 seconds
71.508: Application time: 0.0803330 seconds
71.509: [GC [PSYoungGen: 89184K->5760K(96768K)] 96601K->13177K(317952K), 0.0017950 secs] [Times: user=0.02 sys=0.00, real=0.00 secs] 
71.511: Total time for which application threads were stopped: 0.0026140 seconds, Stopping threads took: 0.0007430 seconds
71.591: Application time: 0.0805690 seconds
71.594: [GC [PSYoungGen: 88704K->7280K(96768K)] 96121K->14697K(317952K), 0.0021770 secs] [Times: user=0.02 sys=0.00, real=0.01 secs] 
71.596: Total time for which application threads were stopped: 0.0046790 seconds, Stopping threads took: 0.0024200 seconds
71.677: Application time: 0.0813570 seconds
71.679: [GC [PSYoungGen: 90224K->5632K(96768K)] 97641K->13065K(317952K), 0.0017910 secs] [Times: user=0.01 sys=0.00, real=0.00 secs] 
71.681: Total time for which application threads were stopped: 0.0033010 seconds, Stopping threads took: 0.0014270 seconds
71.760: Application time: 0.0795020 seconds
71.762: [GC [PSYoungGen: 88576K->5264K(96768K)] 96009K->12705K(317952K), 0.0016550 secs] [Times: user=0.01 sys=0.00, real=0.00 secs] 
71.763: Total time for which application threads were stopped: 0.0032160 seconds, Stopping threads took: 0.0014840 seconds
71.844: Application time: 0.0805240 seconds
71.847: [GC [PSYoungGen: 88208K->6480K(96768K)] 95649K->13929K(317952K), 0.0019410 secs] [Times: user=0.01 sys=0.00, real=0.01 secs] 
71.849: Total time for which application threads were stopped: 0.0046790 seconds, Stopping threads took: 0.0026540 seconds
71.929: Application time: 0.0802200 seconds
71.930: [GC [PSYoungGen: 89424K->6672K(96768K)] 96873K->14129K(317952K), 0.0019880 secs] [Times: user=0.02 sys=0.00, real=0.00 secs] 
71.932: Total time for which application threads were stopped: 0.0031800 seconds, Stopping threads took: 0.0011010 seconds
72.013: Application time: 0.0808820 seconds
72.014: [GC [PSYoungGen: 89616K->4736K(96768K)] 97073K->12201K(317952K), 0.0014100 secs] [Times: user=0.01 sys=0.00, real=0.01 secs] 
72.015: Total time for which application threads were stopped: 0.0025290 seconds, Stopping threads took: 0.0010400 seconds
72.095: Application time: 0.0793580 seconds
72.098: [GC [PSYoungGen: 87680K->7056K(96768K)] 95145K->14521K(317952K), 0.0020910 secs] [Times: user=0.01 sys=0.00, real=0.00 secs] 
72.100: Total time for which application threads were stopped: 0.0052440 seconds, Stopping threads took: 0.0030610 seconds
72.178: Application time: 0.0783700 seconds
72.179: [GC [PSYoungGen: 90000K->6544K(96768K)] 97465K->14009K(317952K), 0.0019720 secs] [Times: user=0.01 sys=0.00, real=0.00 secs] 
72.181: Total time for which application threads were stopped: 0.0030830 seconds, Stopping threads took: 0.0010300 seconds
72.261: Application time: 0.0793950 seconds
72.263: [GC [PSYoungGen: 89488K->7056K(96768K)] 96953K->14537K(317952K), 0.0021320 secs] [Times: user=0.02 sys=0.00, real=0.00 secs] 
72.266: Total time for which application threads were stopped: 0.0048330 seconds, Stopping threads took: 0.0026190 seconds
72.348: Application time: 0.0822400 seconds
72.350: [GC [PSYoungGen: 90000K->8064K(96768K)] 97481K->15553K(317952K), 0.0024160 secs] [Times: user=0.02 sys=0.00, real=0.00 secs] 
72.353: Total time for which application threads were stopped: 0.0048950 seconds, Stopping threads took: 0.0023910 seconds
72.434: Application time: 0.0809140 seconds
72.436: [GC [PSYoungGen: 91008K->6464K(96768K)] 98497K->13961K(317952K), 0.0019730 secs] [Times: user=0.01 sys=0.00, real=0.00 secs] 
72.438: Total time for which application threads were stopped: 0.0040730 seconds, Stopping threads took: 0.0020100 seconds
72.517: Application time: 0.0788530 seconds
72.518: [GC [PSYoungGen: 89408K->7056K(96768K)] 96905K->14561K(317952K), 0.0022220 secs] [Times: user=0.01 sys=0.00, real=0.00 secs] 
72.520: Total time for which application threads were stopped: 0.0032790 seconds, Stopping threads took: 0.0009760 seconds
72.601: Application time: 0.0813820 seconds
72.604: [GC [PSYoungGen: 90000K->6160K(96768K)] 97505K->13665K(317952K), 0.0017750 secs] [Times: user=0.01 sys=0.00, real=0.00 secs] 
72.606: Total time for which application threads were stopped: 0.0047850 seconds, Stopping threads took: 0.0029240 seconds
72.684: Application time: 0.0780670 seconds
72.686: [GC [PSYoungGen: 89104K->5776K(96768K)] 96609K->13281K(317952K), 0.0018010 secs] [Times: user=0.01 sys=0.00, real=0.01 secs] 
72.688: Total time for which application threads were stopped: 0.0040090 seconds, Stopping threads took: 0.0021220 seconds
72.770: Application time: 0.0819600 seconds
72.772: [GC [PSYoungGen: 88720K->7536K(96768K)] 96225K->15049K(317952K), 0.0023150 secs] [Times: user=0.02 sys=0.00, real=0.00 secs] 
72.775: Total time for which application threads were stopped: 0.0045620 seconds, Stopping threads took: 0.0021650 seconds
72.853: Application time: 0.0784050 seconds
72.855: [GC [PSYoungGen: 90480K->8320K(96768K)] 97993K->15849K(317952K), 0.0024530 secs] [Times: user=0.02 sys=0.00, real=0.00 secs] 
72.858: Total time for which application threads were stopped: 0.0047500 seconds, Stopping threads took: 0.0022100 seconds
72.935: Application time: 0.0772630 seconds
72.937: [GC [PSYoungGen: 91264K->7216K(96768K)] 98793K->14753K(317952K), 0.0021820 secs] [Times: user=0.02 sys=0.00, real=0.00 secs] 
72.939: Total time for which application threads were stopped: 0.0039300 seconds, Stopping threads took: 0.0016560 seconds
73.025: Application time: 0.0862500 seconds
73.027: [GC [PSYoungGen: 90160K->3312K(96768K)] 97697K->10857K(317952K), 0.0010900 secs] [Times: user=0.01 sys=0.00, real=0.01 secs] 
73.028: Total time for which application threads were stopped: 0.0027030 seconds, Stopping threads took: 0.0015450 seconds
73.113: Application time: 0.0845330 seconds
73.114: [GC [PSYoungGen: 86256K->4160K(96768K)] 93801K->11705K(317952K), 0.0012760 secs] [Times: user=0.01 sys=0.00, real=0.01 secs] 
73.115: Total time for which application threads were stopped: 0.0026330 seconds, Stopping threads took: 0.0012700 seconds
73.198: Application time: 0.0827440 seconds
73.200: [GC [PSYoungGen: 87104K->4880K(96768K)] 94649K->12425K(317952K), 0.0014580 secs] [Times: user=0.01 sys=0.01, real=0.00 secs] 
73.201: Total time for which application threads were stopped: 0.0032050 seconds, Stopping threads took: 0.0016700 seconds
73.280: Application time: 0.0786650 seconds
73.282: [GC [PSYoungGen: 87824K->6944K(96768K)] 95369K->14497K(317952K), 0.0020160 secs] [Times: user=0.01 sys=0.00, real=0.00 secs] 
73.284: Total time for which application threads were stopped: 0.0044720 seconds, Stopping threads took: 0.0023720 seconds
73.367: Application time: 0.0827000 seconds
73.370: [GC [PSYoungGen: 89888K->6304K(96768K)] 97441K->13857K(317952K), 0.0019120 secs] [Times: user=0.01 sys=0.00, real=0.00 secs] 
73.372: Total time for which application threads were stopped: 0.0049960 seconds, Stopping threads took: 0.0029960 seconds
73.452: Application time: 0.0801510 seconds
73.454: [GC [PSYoungGen: 89248K->7312K(96768K)] 96801K->14873K(317952K), 0.0022000 secs] [Times: user=0.02 sys=0.00, real=0.01 secs] 
73.456: Total time for which application threads were stopped: 0.0042150 seconds, Stopping threads took: 0.0019260 seconds
73.538: Application time: 0.0820050 seconds
73.541: [GC [PSYoungGen: 90256K->5568K(96768K)] 97817K->13137K(317952K), 0.0016580 secs] [Times: user=0.01 sys=0.00, real=0.00 secs] 
73.543: Total time for which application threads were stopped: 0.0042840 seconds, Stopping threads took: 0.0025480 seconds
73.621: Application time: 0.0787340 seconds
73.623: [GC [PSYoungGen: 88512K->6608K(96768K)] 96081K->14185K(317952K), 0.0019860 secs] [Times: user=0.01 sys=0.00, real=0.00 secs] 
73.625: Total time for which application threads were stopped: 0.0032740 seconds, Stopping threads took: 0.0012030 seconds
73.707: Application time: 0.0820010 seconds
73.709: [GC [PSYoungGen: 89552K->6560K(96768K)] 97129K->14137K(317952K), 0.0019120 secs] [Times: user=0.02 sys=0.00, real=0.00 secs] 
73.711: Total time for which application threads were stopped: 0.0047530 seconds, Stopping threads took: 0.0027590 seconds
73.793: Application time: 0.0814140 seconds
73.796: [GC [PSYoungGen: 89504K->7584K(96768K)] 97081K->15185K(317952K), 0.0022670 secs] [Times: user=0.01 sys=0.00, real=0.00 secs] 
73.798: Total time for which application threads were stopped: 0.0049690 seconds, Stopping threads took: 0.0026220 seconds
73.878: Application time: 0.0798350 seconds
73.879: [GC [PSYoungGen: 90528K->7328K(96768K)] 98129K->14937K(317952K), 0.0022990 secs] [Times: user=0.02 sys=0.00, real=0.00 secs] 
73.881: Total time for which application threads were stopped: 0.0036270 seconds, Stopping threads took: 0.0012440 seconds
73.962: Application time: 0.0806430 seconds
73.964: [GC [PSYoungGen: 90272K->8384K(96768K)] 97881K->16041K(317952K), 0.0025050 secs] [Times: user=0.01 sys=0.00, real=0.00 secs] 
73.966: Total time for which application threads were stopped: 0.0043380 seconds, Stopping threads took: 0.0017430 seconds
74.046: Application time: 0.0794370 seconds
74.048: [GC [PSYoungGen: 91327K->5760K(96768K)] 98984K->13417K(317952K), 0.0018020 secs] [Times: user=0.01 sys=0.00, real=0.00 secs] 
74.050: Total time for which application threads were stopped: 0.0038030 seconds, Stopping threads took: 0.0019210 seconds
74.132: Application time: 0.0821190 seconds
74.134: [GC [PSYoungGen: 88704K->5760K(96768K)] 96361K->13425K(317952K), 0.0017880 secs] [Times: user=0.02 sys=0.00, real=0.01 secs] 
74.136: Total time for which application threads were stopped: 0.0041360 seconds, Stopping threads took: 0.0022640 seconds
74.219: Application time: 0.0832700 seconds
74.221: [GC [PSYoungGen: 88704K->4928K(96768K)] 96369K->12593K(317952K), 0.0014140 secs] [Times: user=0.01 sys=0.00, real=0.00 secs] 
74.223: Total time for which application threads were stopped: 0.0035240 seconds, Stopping threads took: 0.0020350 seconds
74.305: Application time: 0.0819470 seconds
74.308: [GC [PSYoungGen: 87872K->6976K(96768K)] 95537K->14641K(317952K), 0.0020900 secs] [Times: user=0.01 sys=0.00, real=0.00 secs] 
74.310: Total time for which application threads were stopped: 0.0053670 seconds, Stopping threads took: 0.0031950 seconds
74.388: Application time: 0.0786010 seconds
74.390: [GC [PSYoungGen: 89920K->6896K(96768K)] 97585K->14569K(317952K), 0.0020760 secs] [Times: user=0.01 sys=0.00, real=0.00 secs] 
74.393: Total time for which application threads were stopped: 0.0040710 seconds, Stopping threads took: 0.0019120 seconds
74.473: Application time: 0.0802550 seconds
74.475: [GC [PSYoungGen: 89840K->7072K(96768K)] 97513K->14753K(317952K), 0.0022280 secs] [Times: user=0.01 sys=0.00, real=0.01 secs] 
74.477: Total time for which application threads were stopped: 0.0045730 seconds, Stopping threads took: 0.0022570 seconds
74.556: Application time: 0.0784370 seconds
74.558: [GC [PSYoungGen: 90016K->7600K(96768K)] 97697K->15297K(317952K), 0.0022510 secs] [Times: user=0.01 sys=0.00, real=0.00 secs] 
74.560: Total time for which application threads were stopped: 0.0041170 seconds, Stopping threads took: 0.0017840 seconds
74.639: Application time: 0.0786070 seconds
74.640: [GC [PSYoungGen: 90544K->7696K(96768K)] 98241K->15401K(317952K), 0.0024630 secs] [Times: user=0.01 sys=0.00, real=0.00 secs] 
74.643: Total time for which application threads were stopped: 0.0043850 seconds, Stopping threads took: 0.0018360 seconds
74.721: Application time: 0.0778040 seconds
74.722: [GC [PSYoungGen: 90640K->7744K(96768K)] 98345K->15449K(317952K), 0.0022820 secs] [Times: user=0.02 sys=0.00, real=0.00 secs] 
74.725: Total time for which application threads were stopped: 0.0038930 seconds, Stopping threads took: 0.0015280 seconds
74.806: Application time: 0.0813090 seconds
74.808: [GC [PSYoungGen: 90688K->6480K(96768K)] 98393K->14185K(317952K), 0.0019470 secs] [Times: user=0.01 sys=0.00, real=0.00 secs] 
74.810: Total time for which application threads were stopped: 0.0044190 seconds, Stopping threads took: 0.0023930 seconds
74.891: Application time: 0.0802780 seconds
74.893: [GC [PSYoungGen: 89424K->5840K(96768K)] 97129K->13553K(317952K), 0.0016990 secs] [Times: user=0.01 sys=0.00, real=0.00 secs] 
74.895: Total time for which application threads were stopped: 0.0040600 seconds, Stopping threads took: 0.0022760 seconds
74.974: Application time: 0.0794090 seconds
74.977: [GC [PSYoungGen: 88784K->6208K(96768K)] 96497K->13929K(317952K), 0.0018570 secs] [Times: user=0.01 sys=0.00, real=0.00 secs] 
74.978: Total time for which application threads were stopped: 0.0042890 seconds, Stopping threads took: 0.0023400 seconds
75.061: Application time: 0.0822600 seconds
75.063: [GC [PSYoungGen: 89152K->6944K(96768K)] 96873K->14673K(317952K), 0.0020700 secs] [Times: user=0.01 sys=0.00, real=0.00 secs] 
75.065: Total time for which application threads were stopped: 0.0039510 seconds, Stopping threads took: 0.0017940 seconds
75.151: Application time: 0.0860970 seconds
75.153: [GC [PSYoungGen: 89888K->3904K(96768K)] 97617K->11641K(317952K), 0.0012700 secs] [Times: user=0.01 sys=0.00, real=0.00 secs] 
75.154: Total time for which application threads were stopped: 0.0037440 seconds, Stopping threads took: 0.0024010 seconds
75.239: Application time: 0.0843730 seconds
75.239: [GC [PSYoungGen: 86848K->5472K(96768K)] 94585K->13209K(317952K), 0.0016510 secs] [Times: user=0.01 sys=0.00, real=0.00 secs] 
75.241: Total time for which application threads were stopped: 0.0018930 seconds, Stopping threads took: 0.0001640 seconds
75.325: Application time: 0.0839270 seconds
75.327: [GC [PSYoungGen: 88416K->7280K(96768K)] 96153K->15017K(317952K), 0.0022270 secs] [Times: user=0.02 sys=0.00, real=0.01 secs] 
75.329: Total time for which application threads were stopped: 0.0043120 seconds, Stopping threads took: 0.0020010 seconds
75.409: Application time: 0.0802160 seconds
75.411: [GC [PSYoungGen: 90224K->5632K(96768K)] 97961K->13377K(317952K), 0.0017470 secs] [Times: user=0.00 sys=0.01, real=0.00 secs] 
75.413: Total time for which application threads were stopped: 0.0036280 seconds, Stopping threads took: 0.0018000 seconds
75.489: Application time: 0.0758700 seconds
75.491: [GC [PSYoungGen: 88576K->7136K(96768K)] 96321K->14881K(317952K), 0.0021520 secs] [Times: user=0.02 sys=0.00, real=0.00 secs] 
75.493: Total time for which application threads were stopped: 0.0040610 seconds, Stopping threads took: 0.0018230 seconds
75.566: Application time: 0.0732020 seconds
75.568: [GC [PSYoungGen: 90080K->7344K(96768K)] 97825K->15097K(317952K), 0.0022310 secs] [Times: user=0.01 sys=0.00, real=0.00 secs] 
75.570: Total time for which application threads were stopped: 0.0041010 seconds, Stopping threads took: 0.0017700 seconds
75.643: Application time: 0.0729890 seconds
75.646: [GC [PSYoungGen: 90288K->7440K(96768K)] 98041K->15201K(317952K), 0.0022310 secs] [Times: user=0.02 sys=0.00, real=0.01 secs] 
75.648: Total time for which application threads were stopped: 0.0053280 seconds, Stopping threads took: 0.0030150 seconds
75.721: Application time: 0.0723750 seconds
75.723: [GC [PSYoungGen: 90384K->7424K(96768K)] 98145K->15193K(317952K), 0.0022360 secs] [Times: user=0.01 sys=0.00, real=0.00 secs] 
75.725: Total time for which application threads were stopped: 0.0039980 seconds, Stopping threads took: 0.0016800 seconds
75.799: Application time: 0.0745680 seconds
75.802: [GC [PSYoungGen: 90368K->6528K(96768K)] 98137K->14297K(317952K), 0.0019010 secs] [Times: user=0.01 sys=0.00, real=0.00 secs] 
75.804: Total time for which application threads were stopped: 0.0044940 seconds, Stopping threads took: 0.0025090 seconds
75.884: Application time: 0.0804930 seconds
75.887: [GC [PSYoungGen: 89472K->7168K(96768K)] 97241K->14945K(317952K), 0.0020660 secs] [Times: user=0.01 sys=0.00, real=0.00 secs] 
75.889: Total time for which application threads were stopped: 0.0049380 seconds, Stopping threads took: 0.0027840 seconds
75.966: Application time: 0.0765480 seconds
75.967: [GC [PSYoungGen: 90112K->6288K(96768K)] 97889K->14065K(317952K), 0.0018460 secs] [Times: user=0.01 sys=0.00, real=0.00 secs] 
75.969: Total time for which application threads were stopped: 0.0033490 seconds, Stopping threads took: 0.0014220 seconds
76.044: Application time: 0.0751620 seconds
76.046: [GC [PSYoungGen: 89232K->6096K(96768K)] 97009K->13889K(317952K), 0.0017930 secs] [Times: user=0.01 sys=0.00, real=0.01 secs] 
76.048: Total time for which application threads were stopped: 0.0033470 seconds, Stopping threads took: 0.0014640 seconds
76.124: Application time: 0.0761810 seconds
76.127: [GC [PSYoungGen: 89040K->6560K(96768K)] 96833K->14361K(317952K), 0.0020020 secs] [Times: user=0.01 sys=0.00, real=0.01 secs] 
76.129: Total time for which application threads were stopped: 0.0048150 seconds, Stopping threads took: 0.0027350 seconds
76.205: Application time: 0.0760130 seconds
76.207: [GC [PSYoungGen: 89504K->6416K(96768K)] 97305K->14225K(317952K), 0.0019250 secs] [Times: user=0.01 sys=0.00, real=0.01 secs] 
76.209: Total time for which application threads were stopped: 0.0040140 seconds, Stopping threads took: 0.0020030 seconds
76.288: Application time: 0.0788200 seconds
76.289: [GC [PSYoungGen: 89360K->6256K(96768K)] 97169K->14065K(317952K), 0.0018800 secs] [Times: user=0.01 sys=0.00, real=0.00 secs] 
76.291: Total time for which application threads were stopped: 0.0036930 seconds, Stopping threads took: 0.0017340 seconds
76.367: Application time: 0.0754480 seconds
76.369: [GC [PSYoungGen: 89200K->6576K(96768K)] 97009K->14385K(317952K), 0.0019540 secs] [Times: user=0.01 sys=0.00, real=0.00 secs] 
76.371: Total time for which application threads were stopped: 0.0044670 seconds, Stopping threads took: 0.0024220 seconds
76.448: Application time: 0.0771240 seconds
76.451: [GC [PSYoungGen: 89520K->6384K(96768K)] 97329K->14209K(317952K), 0.0019360 secs] [Times: user=0.01 sys=0.00, real=0.00 secs] 
76.453: Total time for which application threads were stopped: 0.0043220 seconds, Stopping threads took: 0.0023030 seconds
76.530: Application time: 0.0773010 seconds
76.531: [GC [PSYoungGen: 89328K->7648K(96768K)] 97153K->15481K(317952K), 0.0023210 secs] [Times: user=0.01 sys=0.00, real=0.00 secs] 
76.533: Total time for which application threads were stopped: 0.0033270 seconds, Stopping threads took: 0.0009210 seconds
76.609: Application time: 0.0754960 seconds
76.610: [GC [PSYoungGen: 90592K->7616K(96768K)] 98425K->15489K(317952K), 0.0022640 secs] [Times: user=0.02 sys=0.00, real=0.00 secs] 
76.613: Total time for which application threads were stopped: 0.0039160 seconds, Stopping threads took: 0.0015540 seconds
76.688: Application time: 0.0749320 seconds
76.689: [GC [PSYoungGen: 90558K->6480K(96768K)] 98431K->14361K(317952K), 0.0019800 secs] [Times: user=0.01 sys=0.00, real=0.00 secs] 
76.691: Total time for which application threads were stopped: 0.0033750 seconds, Stopping threads took: 0.0013190 seconds
76.768: Application time: 0.0766920 seconds
76.770: [GC [PSYoungGen: 89424K->5728K(96768K)] 97305K->13609K(317952K), 0.0016720 secs] [Times: user=0.01 sys=0.00, real=0.00 secs] 
76.771: Total time for which application threads were stopped: 0.0037180 seconds, Stopping threads took: 0.0019680 seconds
76.845: Application time: 0.0740650 seconds
76.847: [GC [PSYoungGen: 88672K->7392K(96768K)] 96553K->15273K(317952K), 0.0022040 secs] [Times: user=0.01 sys=0.00, real=0.00 secs] 
76.850: Total time for which application threads were stopped: 0.0040900 seconds, Stopping threads took: 0.0018040 seconds
76.924: Application time: 0.0746020 seconds
76.927: [GC [PSYoungGen: 90336K->7392K(96768K)] 98217K->15281K(317952K), 0.0022070 secs] [Times: user=0.01 sys=0.00, real=0.01 secs] 
76.929: Total time for which application threads were stopped: 0.0051210 seconds, Stopping threads took: 0.0028310 seconds
77.002: Application time: 0.0724100 seconds
77.004: [GC [PSYoungGen: 90336K->8160K(96768K)] 98225K->16057K(317952K), 0.0023980 secs] [Times: user=0.01 sys=0.00, real=0.00 secs] 
77.006: Total time for which application threads were stopped: 0.0045740 seconds, Stopping threads took: 0.0020930 seconds
77.083: Application time: 0.0763690 seconds
77.085: [GC [PSYoungGen: 91104K->6224K(96768K)] 99001K->14129K(317952K), 0.0020900 secs] [Times: user=0.01 sys=0.00, real=0.00 secs] 
77.087: Total time for which application threads were stopped: 0.0042970 seconds, Stopping threads took: 0.0021050 seconds
77.163: Application time: 0.0756860 seconds
77.165: [GC [PSYoungGen: 89168K->8112K(96768K)] 97073K->16025K(317952K), 0.0024900 secs] [Times: user=0.02 sys=0.00, real=0.00 secs] 
77.167: Total time for which application threads were stopped: 0.0044410 seconds, Stopping threads took: 0.0018370 seconds
77.245: Application time: 0.0778240 seconds
77.248: [GC [PSYoungGen: 91056K->8080K(96768K)] 98969K->16001K(317952K), 0.0023520 secs] [Times: user=0.02 sys=0.00, real=0.00 secs] 
77.250: Total time for which application threads were stopped: 0.0053850 seconds, Stopping threads took: 0.0029520 seconds
77.324: Application time: 0.0742120 seconds
77.327: [GC [PSYoungGen: 91024K->6960K(96768K)] 98945K->14881K(317952K), 0.0023370 secs] [Times: user=0.02 sys=0.00, real=0.01 secs] 
77.329: Total time for which application threads were stopped: 0.0043960 seconds, Stopping threads took: 0.0019730 seconds
77.405: Application time: 0.0765290 seconds
77.408: [GC [PSYoungGen: 89904K->6752K(96768K)] 97825K->14681K(317952K), 0.0022180 secs] [Times: user=0.02 sys=0.00, real=0.00 secs] 
77.410: Total time for which application threads were stopped: 0.0043670 seconds, Stopping threads took: 0.0020690 seconds
77.485: Application time: 0.0750080 seconds
77.486: [GC [PSYoungGen: 89696K->6864K(96768K)] 97625K->14793K(317952K), 0.0022070 secs] [Times: user=0.01 sys=0.00, real=0.01 secs] 
77.488: Total time for which application threads were stopped: 0.0029640 seconds, Stopping threads took: 0.0006750 seconds
77.560: Application time: 0.0722520 seconds
77.562: [GC [PSYoungGen: 89808K->7712K(96768K)] 97737K->15649K(317952K), 0.0023610 secs] [Times: user=0.02 sys=0.00, real=0.00 secs] 
77.564: Total time for which application threads were stopped: 0.0040200 seconds, Stopping threads took: 0.0015730 seconds
77.637: Application time: 0.0725270 seconds
77.639: [GC [PSYoungGen: 90656K->8288K(96768K)] 98593K->16233K(317952K), 0.0025540 secs] [Times: user=0.02 sys=0.00, real=0.00 secs] 
77.642: Total time for which application threads were stopped: 0.0050190 seconds, Stopping threads took: 0.0023800 seconds
77.718: Application time: 0.0767670 seconds
77.720: [GC [PSYoungGen: 91232K->7184K(96768K)] 99177K->15137K(317952K), 0.0021220 secs] [Times: user=0.01 sys=0.00, real=0.00 secs] 
77.722: Total time for which application threads were stopped: 0.0040770 seconds, Stopping threads took: 0.0018580 seconds
77.798: Application time: 0.0759390 seconds
77.800: [GC [PSYoungGen: 90128K->8080K(96768K)] 98081K->16033K(317952K), 0.0024700 secs] [Times: user=0.01 sys=0.00, real=0.00 secs] 
77.803: Total time for which application threads were stopped: 0.0044560 seconds, Stopping threads took: 0.0019050 seconds
77.876: Application time: 0.0734220 seconds
77.879: [GC [PSYoungGen: 91024K->7616K(96768K)] 98977K->15577K(317952K), 0.0023190 secs] [Times: user=0.02 sys=0.00, real=0.00 secs] 
77.881: Total time for which application threads were stopped: 0.0049450 seconds, Stopping threads took: 0.0025410 seconds
77.957: Application time: 0.0759560 seconds
77.960: [GC [PSYoungGen: 90560K->7104K(96768K)] 98521K->15065K(317952K), 0.0020640 secs] [Times: user=0.02 sys=0.00, real=0.00 secs] 
77.962: Total time for which application threads were stopped: 0.0050790 seconds, Stopping threads took: 0.0029340 seconds
78.039: Application time: 0.0771450 seconds
78.040: [GC [PSYoungGen: 90048K->7296K(96768K)] 98009K->15265K(317952K), 0.0021600 secs] [Times: user=0.01 sys=0.00, real=0.00 secs] 
78.043: Total time for which application threads were stopped: 0.0031730 seconds, Stopping threads took: 0.0009290 seconds
78.117: Application time: 0.0748800 seconds
78.119: [GC [PSYoungGen: 90240K->7888K(96768K)] 98209K->15865K(317952K), 0.0023840 secs] [Times: user=0.01 sys=0.00, real=0.00 secs] 
78.122: Total time for which application threads were stopped: 0.0040980 seconds, Stopping threads took: 0.0016330 seconds
78.199: Application time: 0.0771230 seconds
78.200: [GC [PSYoungGen: 90832K->5168K(96768K)] 98809K->13153K(317952K), 0.0016070 secs] [Times: user=0.01 sys=0.00, real=0.00 secs] 
78.202: Total time for which application threads were stopped: 0.0030930 seconds, Stopping threads took: 0.0014100 seconds
78.277: Application time: 0.0756150 seconds
78.280: [GC [PSYoungGen: 88112K->5856K(96768K)] 96097K->13841K(317952K), 0.0017460 secs] [Times: user=0.01 sys=0.00, real=0.00 secs] 
78.282: Total time for which application threads were stopped: 0.0047390 seconds, Stopping threads took: 0.0029070 seconds
78.360: Application time: 0.0778930 seconds
78.362: [GC [PSYoungGen: 88800K->5856K(96768K)] 96785K->13849K(317952K), 0.0017140 secs] [Times: user=0.02 sys=0.00, real=0.00 secs] 
78.364: Total time for which application threads were stopped: 0.0034740 seconds, Stopping threads took: 0.0016830 seconds
78.442: Application time: 0.0782380 seconds
78.443: [GC [PSYoungGen: 88798K->6032K(96768K)] 96792K->14025K(317952K), 0.0017550 secs] [Times: user=0.01 sys=0.00, real=0.00 secs] 
78.445: Total time for which application threads were stopped: 0.0029830 seconds, Stopping threads took: 0.0011480 seconds
78.524: Application time: 0.0792080 seconds
78.526: [GC [PSYoungGen: 88976K->6128K(96768K)] 96969K->14129K(317952K), 0.0017950 secs] [Times: user=0.01 sys=0.01, real=0.01 secs] 
78.527: Total time for which application threads were stopped: 0.0034810 seconds, Stopping threads took: 0.0016040 seconds
78.604: Application time: 0.0768420 seconds
78.606: [GC [PSYoungGen: 89072K->5936K(96768K)] 97073K->13953K(317952K), 0.0017260 secs] [Times: user=0.01 sys=0.00, real=0.01 secs] 
78.607: Total time for which application threads were stopped: 0.0031970 seconds, Stopping threads took: 0.0013950 seconds
78.684: Application time: 0.0763720 seconds
78.686: [GC [PSYoungGen: 88880K->6432K(96768K)] 96897K->14449K(317952K), 0.0018640 secs] [Times: user=0.01 sys=0.00, real=0.01 secs] 
78.688: Total time for which application threads were stopped: 0.0043500 seconds, Stopping threads took: 0.0024040 seconds
78.769: Application time: 0.0811220 seconds
78.770: [GC [PSYoungGen: 89376K->3056K(96768K)] 97393K->11081K(317952K), 0.0009400 secs] [Times: user=0.01 sys=0.00, real=0.00 secs] 
78.771: Total time for which application threads were stopped: 0.0012960 seconds, Stopping threads took: 0.0002950 seconds
78.852: Application time: 0.0811100 seconds
78.854: [GC [PSYoungGen: 86000K->4960K(96768K)] 94025K->12993K(317952K), 0.0014260 secs] [Times: user=0.01 sys=0.00, real=0.00 secs] 
78.855: Total time for which application threads were stopped: 0.0033190 seconds, Stopping threads took: 0.0017990 seconds
78.934: Application time: 0.0789110 seconds
78.936: [GC [PSYoungGen: 87904K->5840K(96768K)] 95937K->13873K(317952K), 0.0017790 secs] [Times: user=0.02 sys=0.00, real=0.00 secs] 
78.938: Total time for which application threads were stopped: 0.0042440 seconds, Stopping threads took: 0.0023880 seconds
79.017: Application time: 0.0783490 seconds
79.019: [GC [PSYoungGen: 88784K->6880K(96768K)] 96817K->14913K(317952K), 0.0019940 secs] [Times: user=0.01 sys=0.00, real=0.00 secs] 
79.021: Total time for which application threads were stopped: 0.0044500 seconds, Stopping threads took: 0.0023720 seconds
79.100: Application time: 0.0789980 seconds
79.102: [GC [PSYoungGen: 89824K->5696K(96768K)] 97857K->13737K(317952K), 0.0016890 secs] [Times: user=0.01 sys=0.00, real=0.00 secs] 
79.104: Total time for which application threads were stopped: 0.0040890 seconds, Stopping threads took: 0.0023170 seconds
79.178: Application time: 0.0740470 seconds
79.180: [GC [PSYoungGen: 88640K->6400K(96768K)] 96681K->14449K(317952K), 0.0019790 secs] [Times: user=0.00 sys=0.00, real=0.00 secs] 
79.182: Total time for which application threads were stopped: 0.0034100 seconds, Stopping threads took: 0.0013530 seconds
79.257: Application time: 0.0757000 seconds
79.258: [GC [PSYoungGen: 89344K->6800K(96768K)] 97393K->14857K(317952K), 0.0021330 secs] [Times: user=0.01 sys=0.00, real=0.00 secs] 
79.261: Total time for which application threads were stopped: 0.0033960 seconds, Stopping threads took: 0.0011810 seconds
79.340: Application time: 0.0790960 seconds
79.342: [GC [PSYoungGen: 89744K->8112K(96768K)] 97801K->16177K(317952K), 0.0024040 secs] [Times: user=0.02 sys=0.00, real=0.00 secs] 
79.345: Total time for which application threads were stopped: 0.0048100 seconds, Stopping threads took: 0.0023220 seconds
79.424: Application time: 0.0794370 seconds
79.427: [GC [PSYoungGen: 91056K->5120K(96768K)] 99121K->13193K(317952K), 0.0014590 secs] [Times: user=0.01 sys=0.00, real=0.01 secs] 
79.428: Total time for which application threads were stopped: 0.0043510 seconds, Stopping threads took: 0.0028040 seconds
79.508: Application time: 0.0794020 seconds
79.511: [GC [PSYoungGen: 88064K->7216K(96768K)] 96137K->15289K(317952K), 0.0021850 secs] [Times: user=0.02 sys=0.00, real=0.00 secs] 
79.513: Total time for which application threads were stopped: 0.0051570 seconds, Stopping threads took: 0.0028870 seconds
79.594: Application time: 0.0808950 seconds
79.596: [GC [PSYoungGen: 90160K->8032K(96768K)] 98233K->16113K(317952K), 0.0023580 secs] [Times: user=0.01 sys=0.00, real=0.00 secs] 
79.599: Total time for which application threads were stopped: 0.0049350 seconds, Stopping threads took: 0.0024940 seconds
79.677: Application time: 0.0784200 seconds
79.679: [GC [PSYoungGen: 90976K->7152K(96768K)] 99057K->15241K(317952K), 0.0021490 secs] [Times: user=0.01 sys=0.00, real=0.00 secs] 
79.682: Total time for which application threads were stopped: 0.0044240 seconds, Stopping threads took: 0.0021910 seconds
79.760: Application time: 0.0779190 seconds
79.762: [GC [PSYoungGen: 90096K->6032K(96768K)] 98185K->14129K(317952K), 0.0018220 secs] [Times: user=0.02 sys=0.00, real=0.00 secs] 
79.764: Total time for which application threads were stopped: 0.0040080 seconds, Stopping threads took: 0.0020990 seconds
79.844: Application time: 0.0805890 seconds
79.846: [GC [PSYoungGen: 88976K->5984K(96768K)] 97073K->14081K(317952K), 0.0018300 secs] [Times: user=0.01 sys=0.00, real=0.01 secs] 
79.848: Total time for which application threads were stopped: 0.0035990 seconds, Stopping threads took: 0.0016860 seconds
79.928: Application time: 0.0797930 seconds
79.930: [GC [PSYoungGen: 88928K->5936K(96768K)] 97025K->14049K(317952K), 0.0018500 secs] [Times: user=0.01 sys=0.00, real=0.00 secs] 
79.932: Total time for which application threads were stopped: 0.0045630 seconds, Stopping threads took: 0.0026200 seconds
80.014: Application time: 0.0818950 seconds
80.017: [GC [PSYoungGen: 88880K->6032K(96768K)] 96993K->14145K(317952K), 0.0018030 secs] [Times: user=0.01 sys=0.00, real=0.00 secs] 
80.019: Total time for which application threads were stopped: 0.0046960 seconds, Stopping threads took: 0.0028150 seconds
80.098: Application time: 0.0788660 seconds
80.099: [GC [PSYoungGen: 88976K->6848K(96768K)] 97089K->14985K(317952K), 0.0021450 secs] [Times: user=0.01 sys=0.00, real=0.00 secs] 
80.101: Total time for which application threads were stopped: 0.0035450 seconds, Stopping threads took: 0.0013170 seconds
80.180: Application time: 0.0789410 seconds
80.183: [GC [PSYoungGen: 89792K->7344K(96768K)] 97929K->15489K(317952K), 0.0022500 secs] [Times: user=0.01 sys=0.00, real=0.00 secs] 
80.185: Total time for which application threads were stopped: 0.0048470 seconds, Stopping threads took: 0.0025150 seconds
80.263: Application time: 0.0776910 seconds
80.265: [GC [PSYoungGen: 90288K->8032K(96768K)] 98433K->16185K(317952K), 0.0025380 secs] [Times: user=0.01 sys=0.00, real=0.01 secs] 
80.267: Total time for which application threads were stopped: 0.0048830 seconds, Stopping threads took: 0.0022630 seconds
80.348: Application time: 0.0805040 seconds
80.351: [GC [PSYoungGen: 90976K->7120K(96768K)] 99129K->15273K(317952K), 0.0020910 secs] [Times: user=0.01 sys=0.00, real=0.00 secs] 
80.353: Total time for which application threads were stopped: 0.0052810 seconds, Stopping threads took: 0.0031010 seconds
80.433: Application time: 0.0798320 seconds
80.434: [GC [PSYoungGen: 90064K->6096K(96768K)] 98217K->14257K(317952K), 0.0018980 secs] [Times: user=0.01 sys=0.00, real=0.01 secs] 
80.436: Total time for which application threads were stopped: 0.0030850 seconds, Stopping threads took: 0.0010960 seconds
80.518: Application time: 0.0819820 seconds
80.521: [GC [PSYoungGen: 89040K->5856K(96768K)] 97201K->14017K(317952K), 0.0017010 secs] [Times: user=0.01 sys=0.00, real=0.00 secs] 
80.523: Total time for which application threads were stopped: 0.0043980 seconds, Stopping threads took: 0.0026120 seconds
80.603: Application time: 0.0806440 seconds
80.605: [GC [PSYoungGen: 88800K->6768K(96768K)] 96961K->14937K(317952K), 0.0020730 secs] [Times: user=0.01 sys=0.01, real=0.01 secs] 
80.607: Total time for which application threads were stopped: 0.0042040 seconds, Stopping threads took: 0.0020500 seconds
80.687: Application time: 0.0795880 seconds
80.689: [GC [PSYoungGen: 89712K->7808K(96768K)] 97881K->15985K(317952K), 0.0023610 secs] [Times: user=0.01 sys=0.00, real=0.00 secs] 
80.692: Total time for which application threads were stopped: 0.0046650 seconds, Stopping threads took: 0.0022210 seconds
80.772: Application time: 0.0803540 seconds
80.774: [GC [PSYoungGen: 90752K->5888K(96768K)] 98929K->14073K(317952K), 0.0019520 secs] [Times: user=0.02 sys=0.00, real=0.01 secs] 
80.776: Total time for which application threads were stopped: 0.0039770 seconds, Stopping threads took: 0.0019390 seconds
80.859: Application time: 0.0825300 seconds
80.862: [GC [PSYoungGen: 88832K->6768K(96768K)] 97017K->14961K(317952K), 0.0023200 secs] [Times: user=0.01 sys=0.00, real=0.00 secs] 
80.864: Total time for which application threads were stopped: 0.0056480 seconds, Stopping threads took: 0.0032460 seconds
80.942: Application time: 0.0781630 seconds
80.944: [GC [PSYoungGen: 89712K->7904K(96768K)] 97905K->16105K(317952K), 0.0024730 secs] [Times: user=0.02 sys=0.00, real=0.00 secs] 
80.947: Total time for which application threads were stopped: 0.0045740 seconds, Stopping threads took: 0.0020080 seconds
81.026: Application time: 0.0786690 seconds
81.028: [GC [PSYoungGen: 90848K->6816K(96768K)] 99049K->15017K(317952K), 0.0020530 secs] [Times: user=0.01 sys=0.00, real=0.00 secs] 
81.030: Total time for which application threads were stopped: 0.0043530 seconds, Stopping threads took: 0.0022170 seconds
81.111: Application time: 0.0813550 seconds
81.113: [GC [PSYoungGen: 89760K->5264K(96768K)] 97961K->13473K(317952K), 0.0017140 secs] [Times: user=0.01 sys=0.00, real=0.00 secs] 
81.114: Total time for which application threads were stopped: 0.0030500 seconds, Stopping threads took: 0.0012440 seconds
81.196: Application time: 0.0813300 seconds
81.198: [GC [PSYoungGen: 88208K->6336K(96768K)] 96417K->14553K(317952K), 0.0019520 secs] [Times: user=0.01 sys=0.00, real=0.00 secs] 
81.200: Total time for which application threads were stopped: 0.0038790 seconds, Stopping threads took: 0.0018440 seconds
81.281: Application time: 0.0812600 seconds
81.282: [GC [PSYoungGen: 89280K->3792K(96768K)] 97497K->12017K(317952K), 0.0012430 secs] [Times: user=0.01 sys=0.00, real=0.00 secs] 
81.283: Total time for which application threads were stopped: 0.0020080 seconds, Stopping threads took: 0.0006950 seconds
81.365: Application time: 0.0818220 seconds
81.367: [GC [PSYoungGen: 86736K->6064K(96768K)] 94961K->14297K(317952K), 0.0017790 secs] [Times: user=0.02 sys=0.00, real=0.01 secs] 
81.369: Total time for which application threads were stopped: 0.0038030 seconds, Stopping threads took: 0.0019420 seconds
81.449: Application time: 0.0809470 seconds
81.451: [GC [PSYoungGen: 89008K->6048K(96768K)] 97241K->14281K(317952K), 0.0018280 secs] [Times: user=0.01 sys=0.00, real=0.00 secs] 
81.453: Total time for which application threads were stopped: 0.0038170 seconds, Stopping threads took: 0.0019010 seconds
81.536: Application time: 0.0830420 seconds
81.538: [GC [PSYoungGen: 88992K->6400K(96768K)] 97225K->14641K(317952K), 0.0019050 secs] [Times: user=0.01 sys=0.00, real=0.00 secs] 
81.540: Total time for which application threads were stopped: 0.0036170 seconds, Stopping threads took: 0.0016270 seconds
81.621: Application time: 0.0813160 seconds
81.623: [GC [PSYoungGen: 89344K->5584K(96768K)] 97585K->13833K(317952K), 0.0016390 secs] [Times: user=0.01 sys=0.00, real=0.00 secs] 
81.625: Total time for which application threads were stopped: 0.0038700 seconds, Stopping threads took: 0.0021530 seconds
81.707: Application time: 0.0822120 seconds
81.710: [GC [PSYoungGen: 88528K->5792K(96768K)] 96777K->14049K(317952K), 0.0017130 secs] [Times: user=0.01 sys=0.00, real=0.00 secs] 
81.712: Total time for which application threads were stopped: 0.0046670 seconds, Stopping threads took: 0.0028730 seconds
81.791: Application time: 0.0791150 seconds
81.793: [GC [PSYoungGen: 88736K->5872K(96768K)] 96993K->14137K(317952K), 0.0018280 secs] [Times: user=0.01 sys=0.00, real=0.01 secs] 
81.795: Total time for which application threads were stopped: 0.0042170 seconds, Stopping threads took: 0.0023070 seconds
81.874: Application time: 0.0782730 seconds
81.876: [GC [PSYoungGen: 88816K->6384K(96768K)] 97081K->14657K(317952K), 0.0020190 secs] [Times: user=0.01 sys=0.00, real=0.00 secs] 
81.878: Total time for which application threads were stopped: 0.0047860 seconds, Stopping threads took: 0.0026880 seconds
81.960: Application time: 0.0811430 seconds
81.961: [GC [PSYoungGen: 89328K->4480K(96768K)] 97601K->12753K(317952K), 0.0012760 secs] [Times: user=0.01 sys=0.00, real=0.00 secs] 
81.962: Total time for which application threads were stopped: 0.0026090 seconds, Stopping threads took: 0.0012480 seconds
82.045: Application time: 0.0824920 seconds
82.046: [GC [PSYoungGen: 87424K->5088K(96768K)] 95697K->13369K(317952K), 0.0015560 secs] [Times: user=0.01 sys=0.00, real=0.01 secs] 
82.048: Total time for which application threads were stopped: 0.0031500 seconds, Stopping threads took: 0.0015200 seconds
82.128: Application time: 0.0801750 seconds
82.130: [GC [PSYoungGen: 88032K->5856K(96768K)] 96313K->14137K(317952K), 0.0017750 secs] [Times: user=0.01 sys=0.00, real=0.00 secs] 
82.132: Total time for which application threads were stopped: 0.0036440 seconds, Stopping threads took: 0.0017840 seconds
82.212: Application time: 0.0802010 seconds
82.214: [GC [PSYoungGen: 88800K->5936K(96768K)] 97081K->14241K(317952K), 0.0018730 secs] [Times: user=0.00 sys=0.01, real=0.01 secs] 
82.216: Total time for which application threads were stopped: 0.0037760 seconds, Stopping threads took: 0.0018060 seconds
82.299: Application time: 0.0829930 seconds
82.300: [GC [PSYoungGen: 88880K->5584K(96768K)] 97185K->13897K(317952K), 0.0017360 secs] [Times: user=0.01 sys=0.00, real=0.00 secs] 
82.302: Total time for which application threads were stopped: 0.0033950 seconds, Stopping threads took: 0.0015800 seconds
82.381: Application time: 0.0789740 seconds
82.383: [GC [PSYoungGen: 88528K->7520K(96768K)] 96841K->15833K(317952K), 0.0022830 secs] [Times: user=0.02 sys=0.00, real=0.00 secs] 
82.386: Total time for which application threads were stopped: 0.0047110 seconds, Stopping threads took: 0.0023450 seconds
82.467: Application time: 0.0810380 seconds
82.470: [GC [PSYoungGen: 90464K->6976K(96768K)] 98777K->15297K(317952K), 0.0020400 secs] [Times: user=0.01 sys=0.00, real=0.00 secs] 
82.472: Total time for which application threads were stopped: 0.0052260 seconds, Stopping threads took: 0.0030990 seconds
82.551: Application time: 0.0792790 seconds
82.553: [GC [PSYoungGen: 89920K->6912K(96768K)] 98241K->15265K(317952K), 0.0020930 secs] [Times: user=0.02 sys=0.00, real=0.01 secs] 
82.555: Total time for which application threads were stopped: 0.0041790 seconds, Stopping threads took: 0.0020020 seconds
82.637: Application time: 0.0817940 seconds
82.639: [GC [PSYoungGen: 89856K->7824K(96768K)] 98209K->16177K(317952K), 0.0025080 secs] [Times: user=0.01 sys=0.00, real=0.00 secs] 
82.641: Total time for which application threads were stopped: 0.0039750 seconds, Stopping threads took: 0.0013810 seconds
82.720: Application time: 0.0792270 seconds
82.721: [GC [PSYoungGen: 90768K->5760K(96768K)] 99121K->14121K(317952K), 0.0018380 secs] [Times: user=0.01 sys=0.00, real=0.00 secs] 
82.723: Total time for which application threads were stopped: 0.0028350 seconds, Stopping threads took: 0.0009170 seconds
82.803: Application time: 0.0796180 seconds
82.806: [GC [PSYoungGen: 88704K->6640K(96768K)] 97065K->15009K(317952K), 0.0019730 secs] [Times: user=0.02 sys=0.00, real=0.01 secs] 
82.808: Total time for which application threads were stopped: 0.0050540 seconds, Stopping threads took: 0.0029980 seconds
82.889: Application time: 0.0806870 seconds
82.891: [GC [PSYoungGen: 89584K->7200K(96768K)] 97953K->15569K(317952K), 0.0022910 secs] [Times: user=0.02 sys=0.00, real=0.00 secs] 
82.894: Total time for which application threads were stopped: 0.0051690 seconds, Stopping threads took: 0.0027900 seconds
82.974: Application time: 0.0804630 seconds
82.976: [GC [PSYoungGen: 90144K->5392K(96768K)] 98513K->13769K(317952K), 0.0017890 secs] [Times: user=0.01 sys=0.00, real=0.00 secs] 
82.978: Total time for which application threads were stopped: 0.0034030 seconds, Stopping threads took: 0.0015020 seconds
83.056: Application time: 0.0784790 seconds
83.058: [GC [PSYoungGen: 88336K->6352K(96768K)] 96713K->14737K(317952K), 0.0020370 secs] [Times: user=0.01 sys=0.00, real=0.00 secs] 
83.060: Total time for which application threads were stopped: 0.0035000 seconds, Stopping threads took: 0.0013810 seconds
83.139: Application time: 0.0790830 seconds
83.141: [GC [PSYoungGen: 89296K->7312K(96768K)] 97681K->15705K(317952K), 0.0022020 secs] [Times: user=0.02 sys=0.00, real=0.00 secs] 
83.143: Total time for which application threads were stopped: 0.0042700 seconds, Stopping threads took: 0.0019880 seconds
83.221: Application time: 0.0776370 seconds
83.223: [GC [PSYoungGen: 90256K->6912K(96768K)] 98649K->15313K(317952K), 0.0020810 secs] [Times: user=0.01 sys=0.00, real=0.00 secs] 
83.225: Total time for which application threads were stopped: 0.0044590 seconds, Stopping threads took: 0.0022930 seconds
83.304: Application time: 0.0784040 seconds
83.306: [GC [PSYoungGen: 89856K->7200K(96768K)] 98257K->15609K(317952K), 0.0021350 secs] [Times: user=0.01 sys=0.00, real=0.01 secs] 
83.308: Total time for which application threads were stopped: 0.0048580 seconds, Stopping threads took: 0.0026420 seconds
83.386: Application time: 0.0779790 seconds
83.388: [GC [PSYoungGen: 90144K->8352K(96768K)] 98553K->16761K(317952K), 0.0025940 secs] [Times: user=0.01 sys=0.00, real=0.00 secs] 
83.391: Total time for which application threads were stopped: 0.0046680 seconds, Stopping threads took: 0.0019880 seconds
83.467: Application time: 0.0754760 seconds
83.468: [GC [PSYoungGen: 91296K->7280K(96768K)] 99705K->15697K(317952K), 0.0022570 secs] [Times: user=0.02 sys=0.00, real=0.00 secs] 
83.470: Total time for which application threads were stopped: 0.0036600 seconds, Stopping threads took: 0.0013140 seconds
83.547: Application time: 0.0765940 seconds
83.550: [GC [PSYoungGen: 90224K->6080K(96768K)] 98641K->14497K(317952K), 0.0017910 secs] [Times: user=0.01 sys=0.00, real=0.00 secs] 
83.552: Total time for which application threads were stopped: 0.0048550 seconds, Stopping threads took: 0.0029730 seconds
83.626: Application time: 0.0743430 seconds
83.627: [GC [PSYoungGen: 89024K->6768K(96768K)] 97441K->15193K(317952K), 0.0020300 secs] [Times: user=0.01 sys=0.00, real=0.00 secs] 
83.629: Total time for which application threads were stopped: 0.0035010 seconds, Stopping threads took: 0.0013920 seconds
83.709: Application time: 0.0797280 seconds
83.711: [GC [PSYoungGen: 89712K->4064K(96768K)] 98137K->12489K(317952K), 0.0011890 secs] [Times: user=0.01 sys=0.00, real=0.00 secs] 
83.712: Total time for which application threads were stopped: 0.0027520 seconds, Stopping threads took: 0.0014930 seconds
83.787: Application time: 0.0747420 seconds
83.788: [GC [PSYoungGen: 87008K->6976K(96768K)] 95433K->15409K(317952K), 0.0021120 secs] [Times: user=0.02 sys=0.00, real=0.00 secs] 
83.790: Total time for which application threads were stopped: 0.0037460 seconds, Stopping threads took: 0.0015540 seconds
83.868: Application time: 0.0771380 seconds
83.869: [GC [PSYoungGen: 89920K->4960K(96768K)] 98353K->13401K(317952K), 0.0015230 secs] [Times: user=0.01 sys=0.00, real=0.00 secs] 
83.871: Total time for which application threads were stopped: 0.0030870 seconds, Stopping threads took: 0.0014900 seconds
83.945: Application time: 0.0739450 seconds
83.948: [GC [PSYoungGen: 87904K->7440K(96768K)] 96345K->15881K(317952K), 0.0021680 secs] [Times: user=0.02 sys=0.00, real=0.00 secs] 
83.950: Total time for which application threads were stopped: 0.0051330 seconds, Stopping threads took: 0.0028850 seconds
84.026: Application time: 0.0758720 seconds
84.027: [GC [PSYoungGen: 90384K->5344K(96768K)] 98825K->13793K(317952K), 0.0015810 secs] [Times: user=0.01 sys=0.00, real=0.00 secs] 
84.029: Total time for which application threads were stopped: 0.0031660 seconds, Stopping threads took: 0.0015050 seconds
84.106: Application time: 0.0772900 seconds
84.108: [GC [PSYoungGen: 88288K->7152K(96768K)] 96737K->15609K(317952K), 0.0021010 secs] [Times: user=0.02 sys=0.00, real=0.00 secs] 
84.110: Total time for which application threads were stopped: 0.0038640 seconds, Stopping threads took: 0.0016670 seconds
84.188: Application time: 0.0778680 seconds
84.189: [GC [PSYoungGen: 90096K->5472K(96768K)] 98553K->13929K(317952K), 0.0016320 secs] [Times: user=0.01 sys=0.00, real=0.00 secs] 
84.191: Total time for which application threads were stopped: 0.0031390 seconds, Stopping threads took: 0.0014320 seconds
84.268: Application time: 0.0772760 seconds
84.270: [GC [PSYoungGen: 88416K->5856K(96768K)] 96873K->14321K(317952K), 0.0017990 secs] [Times: user=0.01 sys=0.00, real=0.00 secs] 
84.272: Total time for which application threads were stopped: 0.0038200 seconds, Stopping threads took: 0.0019430 seconds
84.350: Application time: 0.0777390 seconds
84.352: [GC [PSYoungGen: 88800K->5184K(96768K)] 97265K->13657K(317952K), 0.0014140 secs] [Times: user=0.01 sys=0.00, real=0.00 secs] 
84.353: Total time for which application threads were stopped: 0.0031970 seconds, Stopping threads took: 0.0017090 seconds
84.431: Application time: 0.0783720 seconds
84.432: [GC [PSYoungGen: 88128K->6320K(96768K)] 96601K->14793K(317952K), 0.0018920 secs] [Times: user=0.01 sys=0.00, real=0.00 secs] 
84.434: Total time for which application threads were stopped: 0.0030170 seconds, Stopping threads took: 0.0010460 seconds
84.514: Application time: 0.0792740 seconds
84.515: [GC [PSYoungGen: 89264K->4288K(96768K)] 97737K->12769K(317952K), 0.0013090 secs] [Times: user=0.00 sys=0.01, real=0.01 secs] 
84.516: Total time for which application threads were stopped: 0.0027640 seconds, Stopping threads took: 0.0013740 seconds
84.594: Application time: 0.0775220 seconds
84.596: [GC [PSYoungGen: 87232K->6240K(96768K)] 95713K->14729K(317952K), 0.0018970 secs] [Times: user=0.01 sys=0.00, real=0.00 secs] 
84.598: Total time for which application threads were stopped: 0.0043760 seconds, Stopping threads took: 0.0024010 seconds
84.677: Application time: 0.0788180 seconds
84.678: [GC [PSYoungGen: 89184K->4640K(96768K)] 97673K->13129K(317952K), 0.0013610 secs] [Times: user=0.01 sys=0.00, real=0.00 secs] 
84.680: Total time for which application threads were stopped: 0.0026240 seconds, Stopping threads took: 0.0011840 seconds
84.757: Application time: 0.0771230 seconds
84.760: [GC [PSYoungGen: 87582K->6656K(96768K)] 96071K->15161K(317952K), 0.0019170 secs] [Times: user=0.01 sys=0.00, real=0.00 secs] 
84.762: Total time for which application threads were stopped: 0.0047360 seconds, Stopping threads took: 0.0027380 seconds
84.840: Application time: 0.0779450 seconds
84.842: [GC [PSYoungGen: 89600K->6736K(96768K)] 98105K->15249K(317952K), 0.0019430 secs] [Times: user=0.02 sys=0.00, real=0.00 secs] 
84.844: Total time for which application threads were stopped: 0.0046170 seconds, Stopping threads took: 0.0025650 seconds
84.920: Application time: 0.0754370 seconds
84.922: [GC [PSYoungGen: 89680K->7136K(96768K)] 98193K->15649K(317952K), 0.0021630 secs] [Times: user=0.02 sys=0.00, real=0.00 secs] 
84.924: Total time for which application threads were stopped: 0.0040410 seconds, Stopping threads took: 0.0017970 seconds
84.998: Application time: 0.0746900 seconds
85.001: [GC [PSYoungGen: 90080K->6720K(96768K)] 98593K->15241K(317952K), 0.0019800 secs] [Times: user=0.01 sys=0.00, real=0.00 secs] 
85.003: Total time for which application threads were stopped: 0.0043000 seconds, Stopping threads took: 0.0022370 seconds
85.076: Application time: 0.0732360 seconds
85.077: [GC [PSYoungGen: 89664K->7360K(96768K)] 98185K->15889K(317952K), 0.0022110 secs] [Times: user=0.01 sys=0.00, real=0.00 secs] 
85.080: Total time for which application threads were stopped: 0.0037380 seconds, Stopping threads took: 0.0014440 seconds
85.157: Application time: 0.0769820 seconds
85.158: [GC [PSYoungGen: 90304K->6096K(96768K)] 98833K->14633K(317952K), 0.0018070 secs] [Times: user=0.01 sys=0.00, real=0.00 secs] 
85.160: Total time for which application threads were stopped: 0.0034350 seconds, Stopping threads took: 0.0015490 seconds
85.234: Application time: 0.0735810 seconds
85.236: [GC [PSYoungGen: 89040K->7760K(96768K)] 97577K->16321K(317952K), 0.0023180 secs] [Times: user=0.02 sys=0.00, real=0.00 secs] 
85.238: Total time for which application threads were stopped: 0.0042880 seconds, Stopping threads took: 0.0018810 seconds
85.315: Application time: 0.0770390 seconds
85.317: [GC [PSYoungGen: 90704K->5104K(96768K)] 99265K->13673K(317952K), 0.0015120 secs] [Times: user=0.01 sys=0.00, real=0.00 secs] 
85.319: Total time for which application threads were stopped: 0.0036550 seconds, Stopping threads took: 0.0020650 seconds
85.394: Application time: 0.0756930 seconds
85.396: [GC [PSYoungGen: 88048K->7136K(96768K)] 96617K->15713K(317952K), 0.0021040 secs] [Times: user=0.01 sys=0.00, real=0.00 secs] 
85.398: Total time for which application threads were stopped: 0.0038210 seconds, Stopping threads took: 0.0016370 seconds
85.473: Application time: 0.0752040 seconds
85.475: [GC [PSYoungGen: 90080K->6176K(96768K)] 98657K->14761K(317952K), 0.0019540 secs] [Times: user=0.01 sys=0.00, real=0.01 secs] 
85.477: Total time for which application threads were stopped: 0.0031960 seconds, Stopping threads took: 0.0011600 seconds
85.550: Application time: 0.0736320 seconds
85.553: [GC [PSYoungGen: 89120K->7520K(96768K)] 97705K->16129K(317952K), 0.0022510 secs] [Times: user=0.01 sys=0.00, real=0.00 secs] 
85.555: Total time for which application threads were stopped: 0.0047240 seconds, Stopping threads took: 0.0023920 seconds
85.630: Application time: 0.0746830 seconds
85.631: [GC [PSYoungGen: 90464K->7936K(96768K)] 99073K->16553K(317952K), 0.0025090 secs] [Times: user=0.01 sys=0.00, real=0.00 secs] 
85.633: Total time for which application threads were stopped: 0.0038150 seconds, Stopping threads took: 0.0012210 seconds
85.711: Application time: 0.0778020 seconds
85.713: [GC [PSYoungGen: 90880K->5856K(96768K)] 99497K->14481K(317952K), 0.0017760 secs] [Times: user=0.01 sys=0.00, real=0.00 secs] 
85.715: Total time for which application threads were stopped: 0.0033590 seconds, Stopping threads took: 0.0015030 seconds
85.794: Application time: 0.0797230 seconds
85.796: [GC [PSYoungGen: 88800K->5136K(96768K)] 97425K->13769K(317952K), 0.0015240 secs] [Times: user=0.01 sys=0.00, real=0.00 secs] 
85.797: Total time for which application threads were stopped: 0.0030640 seconds, Stopping threads took: 0.0014520 seconds
85.880: Application time: 0.0827510 seconds
85.880: [GC [PSYoungGen: 88080K->4592K(96768K)] 96713K->13233K(317952K), 0.0013030 secs] [Times: user=0.01 sys=0.00, real=0.00 secs] 
85.882: Total time for which application threads were stopped: 0.0015590 seconds, Stopping threads took: 0.0001830 seconds
85.963: Application time: 0.0815780 seconds
85.966: [GC [PSYoungGen: 87536K->6560K(96768K)] 96177K->15209K(317952K), 0.0018370 secs] [Times: user=0.01 sys=0.00, real=0.01 secs] 
85.968: Total time for which application threads were stopped: 0.0048230 seconds, Stopping threads took: 0.0029040 seconds
86.046: Application time: 0.0779990 seconds
86.048: [GC [PSYoungGen: 89504K->6656K(96768K)] 98153K->15313K(317952K), 0.0019530 secs] [Times: user=0.01 sys=0.00, real=0.00 secs] 
86.050: Total time for which application threads were stopped: 0.0043070 seconds, Stopping threads took: 0.0022730 seconds
86.126: Application time: 0.0754090 seconds
86.128: [GC [PSYoungGen: 89600K->6656K(96768K)] 98257K->15321K(317952K), 0.0019790 secs] [Times: user=0.02 sys=0.00, real=0.00 secs] 
86.130: Total time for which application threads were stopped: 0.0037330 seconds, Stopping threads took: 0.0016770 seconds
86.208: Application time: 0.0788430 seconds
86.210: [GC [PSYoungGen: 89600K->4032K(96768K)] 98265K->12697K(317952K), 0.0011310 secs] [Times: user=0.01 sys=0.00, real=0.00 secs] 
86.211: Total time for which application threads were stopped: 0.0027240 seconds, Stopping threads took: 0.0015180 seconds
86.293: Application time: 0.0815240 seconds
86.295: [GC [PSYoungGen: 86976K->5008K(96768K)] 95641K->13681K(317952K), 0.0014340 secs] [Times: user=0.00 sys=0.00, real=0.00 secs] 
86.297: Total time for which application threads were stopped: 0.0041240 seconds, Stopping threads took: 0.0026110 seconds
86.373: Application time: 0.0759810 seconds
86.376: [GC [PSYoungGen: 87952K->8032K(96768K)] 96625K->16713K(317952K), 0.0023250 secs] [Times: user=0.01 sys=0.00, real=0.00 secs] 
86.378: Total time for which application threads were stopped: 0.0051290 seconds, Stopping threads took: 0.0027160 seconds
86.453: Application time: 0.0752300 seconds
86.456: [GC [PSYoungGen: 90976K->7696K(96768K)] 99657K->16401K(317952K), 0.0022400 secs] [Times: user=0.01 sys=0.00, real=0.00 secs] 
86.458: Total time for which application threads were stopped: 0.0049160 seconds, Stopping threads took: 0.0025940 seconds
86.536: Application time: 0.0777520 seconds
86.538: [GC [PSYoungGen: 90640K->7760K(96768K)] 99345K->16465K(317952K), 0.0022370 secs] [Times: user=0.01 sys=0.00, real=0.00 secs] 
86.540: Total time for which application threads were stopped: 0.0041210 seconds, Stopping threads took: 0.0018060 seconds
86.616: Application time: 0.0761220 seconds
86.618: [GC [PSYoungGen: 90704K->8176K(96768K)] 99409K->16889K(317952K), 0.0025130 secs] [Times: user=0.01 sys=0.00, real=0.00 secs] 
86.620: Total time for which application threads were stopped: 0.0040740 seconds, Stopping threads took: 0.0014830 seconds
86.701: Application time: 0.0809360 seconds
86.703: [GC [PSYoungGen: 91120K->7856K(96768K)] 99833K->16569K(317952K), 0.0023570 secs] [Times: user=0.02 sys=0.00, real=0.00 secs] 
86.705: Total time for which application threads were stopped: 0.0043600 seconds, Stopping threads took: 0.0019120 seconds
86.782: Application time: 0.0761510 seconds
86.784: [GC [PSYoungGen: 90800K->7776K(96768K)] 99513K->16497K(317952K), 0.0023840 secs] [Times: user=0.01 sys=0.00, real=0.00 secs] 
86.786: Total time for which application threads were stopped: 0.0047390 seconds, Stopping threads took: 0.0022770 seconds
86.864: Application time: 0.0774880 seconds
86.866: [GC [PSYoungGen: 90720K->7888K(96768K)] 99441K->16617K(317952K), 0.0023260 secs] [Times: user=0.02 sys=0.00, real=0.01 secs] 
86.868: Total time for which application threads were stopped: 0.0046240 seconds, Stopping threads took: 0.0022170 seconds
86.947: Application time: 0.0781530 seconds
86.948: [GC [PSYoungGen: 90832K->4496K(96768K)] 99561K->13233K(317952K), 0.0014320 secs] [Times: user=0.01 sys=0.00, real=0.00 secs] 
86.950: Total time for which application threads were stopped: 0.0030100 seconds, Stopping threads took: 0.0014940 seconds
87.029: Application time: 0.0795890 seconds
87.032: [GC [PSYoungGen: 87440K->5120K(96768K)] 96177K->13865K(317952K), 0.0014800 secs] [Times: user=0.01 sys=0.00, real=0.00 secs] 
87.033: Total time for which application threads were stopped: 0.0040390 seconds, Stopping threads took: 0.0024820 seconds
87.109: Application time: 0.0759280 seconds
87.112: [GC [PSYoungGen: 88064K->6736K(96768K)] 96809K->15489K(317952K), 0.0020950 secs] [Times: user=0.01 sys=0.00, real=0.00 secs] 
87.114: Total time for which application threads were stopped: 0.0045780 seconds, Stopping threads took: 0.0024020 seconds
87.187: Application time: 0.0729540 seconds
87.189: [GC [PSYoungGen: 89680K->6064K(96768K)] 98433K->14825K(317952K), 0.0017890 secs] [Times: user=0.02 sys=0.00, real=0.00 secs] 
87.191: Total time for which application threads were stopped: 0.0039020 seconds, Stopping threads took: 0.0020350 seconds
87.268: Application time: 0.0776160 seconds
87.270: [GC [PSYoungGen: 89008K->5632K(96768K)] 97769K->14401K(317952K), 0.0016930 secs] [Times: user=0.01 sys=0.00, real=0.00 secs] 
87.272: Total time for which application threads were stopped: 0.0033220 seconds, Stopping threads took: 0.0015490 seconds
87.347: Application time: 0.0754210 seconds
87.350: [GC [PSYoungGen: 88576K->6576K(96768K)] 97345K->15353K(317952K), 0.0019390 secs] [Times: user=0.00 sys=0.01, real=0.00 secs] 
87.351: Total time for which application threads were stopped: 0.0044740 seconds, Stopping threads took: 0.0024510 seconds
87.431: Application time: 0.0791750 seconds
87.433: [GC [PSYoungGen: 89520K->6624K(96768K)] 98297K->15417K(317952K), 0.0019870 secs] [Times: user=0.02 sys=0.00, real=0.00 secs] 
87.435: Total time for which application threads were stopped: 0.0040520 seconds, Stopping threads took: 0.0019810 seconds
87.515: Application time: 0.0799180 seconds
87.516: [GC [PSYoungGen: 89568K->7136K(96768K)] 98361K->15945K(317952K), 0.0023470 secs] [Times: user=0.02 sys=0.00, real=0.00 secs] 
87.519: Total time for which application threads were stopped: 0.0039740 seconds, Stopping threads took: 0.0015300 seconds
87.607: Application time: 0.0878970 seconds
87.607: [GC [PSYoungGen: 90080K->3696K(96768K)] 98889K->12513K(317952K), 0.0011230 secs] [Times: user=0.01 sys=0.00, real=0.01 secs] 
87.608: Total time for which application threads were stopped: 0.0015580 seconds, Stopping threads took: 0.0003650 seconds
87.693: Application time: 0.0846290 seconds
87.696: [GC [PSYoungGen: 86640K->7024K(96768K)] 95457K->15849K(317952K), 0.0020910 secs] [Times: user=0.02 sys=0.00, real=0.00 secs] 
87.698: Total time for which application threads were stopped: 0.0051950 seconds, Stopping threads took: 0.0030200 seconds
87.776: Application time: 0.0781620 seconds
87.778: [GC [PSYoungGen: 89968K->8224K(96768K)] 98793K->17065K(317952K), 0.0025710 secs] [Times: user=0.02 sys=0.00, real=0.00 secs] 
87.781: Total time for which application threads were stopped: 0.0046840 seconds, Stopping threads took: 0.0020260 seconds
87.859: Application time: 0.0780590 seconds
87.861: [GC [PSYoungGen: 91168K->6480K(96768K)] 100009K->15329K(317952K), 0.0022190 secs] [Times: user=0.02 sys=0.00, real=0.00 secs] 
87.864: Total time for which application threads were stopped: 0.0049440 seconds, Stopping threads took: 0.0026380 seconds
87.941: Application time: 0.0769630 seconds
87.943: [GC [PSYoungGen: 89424K->8400K(96768K)] 98273K->17257K(317952K), 0.0025090 secs] [Times: user=0.02 sys=0.00, real=0.00 secs] 
87.946: Total time for which application threads were stopped: 0.0052280 seconds, Stopping threads took: 0.0026360 seconds
88.026: Application time: 0.0803980 seconds
88.028: [GC [PSYoungGen: 91344K->5456K(96768K)] 100201K->14321K(317952K), 0.0016340 secs] [Times: user=0.01 sys=0.00, real=0.00 secs] 
88.030: Total time for which application threads were stopped: 0.0031640 seconds, Stopping threads took: 0.0014340 seconds
88.108: Application time: 0.0783720 seconds
88.111: [GC [PSYoungGen: 88400K->7696K(96768K)] 97265K->16577K(317952K), 0.0023540 secs] [Times: user=0.02 sys=0.00, real=0.00 secs] 
88.113: Total time for which application threads were stopped: 0.0051830 seconds, Stopping threads took: 0.0027430 seconds
88.196: Application time: 0.0829940 seconds
88.198: [GC [PSYoungGen: 90640K->5312K(96768K)] 99521K->14201K(317952K), 0.0016030 secs] [Times: user=0.01 sys=0.00, real=0.00 secs] 
88.199: Total time for which application threads were stopped: 0.0032800 seconds, Stopping threads took: 0.0015960 seconds
88.283: Application time: 0.0833670 seconds
88.284: [GC [PSYoungGen: 88256K->4608K(96768K)] 97145K->13497K(317952K), 0.0014590 secs] [Times: user=0.01 sys=0.00, real=0.00 secs] 
88.286: Total time for which application threads were stopped: 0.0030230 seconds, Stopping threads took: 0.0014910 seconds
88.366: Application time: 0.0807070 seconds
88.368: [GC [PSYoungGen: 87552K->7232K(96768K)] 96441K->16129K(317952K), 0.0021460 secs] [Times: user=0.02 sys=0.00, real=0.00 secs] 
88.370: Total time for which application threads were stopped: 0.0039520 seconds, Stopping threads took: 0.0017250 seconds
88.452: Application time: 0.0813410 seconds
88.455: [GC [PSYoungGen: 90176K->5152K(96768K)] 99073K->14057K(317952K), 0.0015470 secs] [Times: user=0.01 sys=0.00, real=0.01 secs] 
88.456: Total time for which application threads were stopped: 0.0045670 seconds, Stopping threads took: 0.0029370 seconds
88.539: Application time: 0.0825650 seconds
88.542: [GC [PSYoungGen: 88096K->5856K(96768K)] 97001K->14769K(317952K), 0.0017960 secs] [Times: user=0.01 sys=0.00, real=0.00 secs] 
88.544: Total time for which application threads were stopped: 0.0047660 seconds, Stopping threads took: 0.0028790 seconds
88.627: Application time: 0.0829680 seconds
88.628: [GC [PSYoungGen: 88800K->5440K(96768K)] 97713K->14353K(317952K), 0.0016690 secs] [Times: user=0.01 sys=0.00, real=0.00 secs] 
88.630: Total time for which application threads were stopped: 0.0028550 seconds, Stopping threads took: 0.0011060 seconds
88.712: Application time: 0.0820220 seconds
88.714: [GC [PSYoungGen: 88384K->7072K(96768K)] 97297K->15993K(317952K), 0.0021740 secs] [Times: user=0.01 sys=0.00, real=0.01 secs] 
88.716: Total time for which application threads were stopped: 0.0047330 seconds, Stopping threads took: 0.0024740 seconds
88.796: Application time: 0.0800910 seconds
88.799: [GC [PSYoungGen: 90016K->6272K(96768K)] 98937K->15193K(317952K), 0.0018570 secs] [Times: user=0.02 sys=0.00, real=0.00 secs] 
88.801: Total time for which application threads were stopped: 0.0043410 seconds, Stopping threads took: 0.0024010 seconds
88.881: Application time: 0.0798310 seconds
88.883: [GC [PSYoungGen: 89216K->7088K(96768K)] 98137K->16017K(317952K), 0.0021470 secs] [Times: user=0.02 sys=0.00, real=0.00 secs] 
88.885: Total time for which application threads were stopped: 0.0043820 seconds, Stopping threads took: 0.0021500 seconds
88.961: Application time: 0.0761820 seconds
88.963: [GC [PSYoungGen: 90032K->8048K(96768K)] 98961K->16985K(317952K), 0.0023820 secs] [Times: user=0.02 sys=0.00, real=0.00 secs] 
88.966: Total time for which application threads were stopped: 0.0045300 seconds, Stopping threads took: 0.0020650 seconds
89.044: Application time: 0.0778710 seconds
89.046: [GC [PSYoungGen: 90992K->7344K(96768K)] 99929K->16289K(317952K), 0.0023140 secs] [Times: user=0.02 sys=0.00, real=0.01 secs] 
89.048: Total time for which application threads were stopped: 0.0046140 seconds, Stopping threads took: 0.0022010 seconds
89.130: Application time: 0.0818950 seconds
89.132: [GC [PSYoungGen: 90288K->7168K(96768K)] 99233K->16113K(317952K), 0.0021680 secs] [Times: user=0.02 sys=0.00, real=0.00 secs] 
89.134: Total time for which application threads were stopped: 0.0039420 seconds, Stopping threads took: 0.0016920 seconds
89.214: Application time: 0.0801800 seconds
89.217: [GC [PSYoungGen: 90112K->7920K(96768K)] 99057K->16873K(317952K), 0.0024270 secs] [Times: user=0.01 sys=0.00, real=0.00 secs] 
89.219: Total time for which application threads were stopped: 0.0049940 seconds, Stopping threads took: 0.0024830 seconds
89.298: Application time: 0.0786730 seconds
89.300: [GC [PSYoungGen: 90864K->6832K(96768K)] 99817K->15785K(317952K), 0.0020210 secs] [Times: user=0.02 sys=0.00, real=0.00 secs] 
89.302: Total time for which application threads were stopped: 0.0041620 seconds, Stopping threads took: 0.0020590 seconds
89.381: Application time: 0.0789140 seconds
89.384: [GC [PSYoungGen: 89776K->6896K(96768K)] 98729K->15857K(317952K), 0.0020510 secs] [Times: user=0.01 sys=0.00, real=0.00 secs] 
89.386: Total time for which application threads were stopped: 0.0051600 seconds, Stopping threads took: 0.0030260 seconds
89.467: Application time: 0.0808390 seconds
89.469: [GC [PSYoungGen: 89840K->6848K(96768K)] 98801K->15817K(317952K), 0.0020070 secs] [Times: user=0.01 sys=0.00, real=0.00 secs] 
89.471: Total time for which application threads were stopped: 0.0039160 seconds, Stopping threads took: 0.0018260 seconds
89.553: Application time: 0.0822710 seconds
89.555: [GC [PSYoungGen: 89792K->5024K(96768K)] 98761K->14001K(317952K), 0.0015200 secs] [Times: user=0.01 sys=0.00, real=0.00 secs] 
89.557: Total time for which application threads were stopped: 0.0037040 seconds, Stopping threads took: 0.0020950 seconds
89.641: Application time: 0.0843170 seconds
89.644: [GC [PSYoungGen: 87968K->5408K(96768K)] 96945K->14393K(317952K), 0.0017090 secs] [Times: user=0.01 sys=0.00, real=0.00 secs] 
89.646: Total time for which application threads were stopped: 0.0044340 seconds, Stopping threads took: 0.0026450 seconds
89.730: Application time: 0.0844370 seconds
89.732: [GC [PSYoungGen: 88352K->4112K(96768K)] 97337K->13113K(317952K), 0.0013110 secs] [Times: user=0.01 sys=0.00, real=0.00 secs] 
89.733: Total time for which application threads were stopped: 0.0033990 seconds, Stopping threads took: 0.0020170 seconds
89.811: Application time: 0.0771900 seconds
89.813: [GC [PSYoungGen: 87056K->7824K(96768K)] 96057K->16833K(317952K), 0.0023680 secs] [Times: user=0.02 sys=0.00, real=0.01 secs] 
89.816: Total time for which application threads were stopped: 0.0051340 seconds, Stopping threads took: 0.0026780 seconds
89.896: Application time: 0.0803840 seconds
89.899: [GC [PSYoungGen: 90768K->7216K(96768K)] 99777K->16233K(317952K), 0.0021420 secs] [Times: user=0.01 sys=0.00, real=0.00 secs] 
89.901: Total time for which application threads were stopped: 0.0047720 seconds, Stopping threads took: 0.0025460 seconds
89.981: Application time: 0.0805070 seconds
89.982: [GC [PSYoungGen: 90160K->5648K(96768K)] 99177K->14673K(317952K), 0.0017500 secs] [Times: user=0.01 sys=0.00, real=0.00 secs] 
89.984: Total time for which application threads were stopped: 0.0027790 seconds, Stopping threads took: 0.0009500 seconds
90.065: Application time: 0.0812730 seconds
90.068: [GC [PSYoungGen: 88592K->6784K(96768K)] 97617K->15817K(317952K), 0.0020070 secs] [Times: user=0.01 sys=0.00, real=0.00 secs] 
90.070: Total time for which application threads were stopped: 0.0048380 seconds, Stopping threads took: 0.0027330 seconds
90.150: Application time: 0.0799830 seconds
90.152: [GC [PSYoungGen: 89728K->8240K(96768K)] 98761K->17281K(317952K), 0.0024860 secs] [Times: user=0.02 sys=0.00, real=0.00 secs] 
90.155: Total time for which application threads were stopped: 0.0045240 seconds, Stopping threads took: 0.0019430 seconds
90.235: Application time: 0.0800420 seconds
90.237: [GC [PSYoungGen: 91184K->5264K(96768K)] 100225K->14313K(317952K), 0.0016930 secs] [Times: user=0.00 sys=0.00, real=0.00 secs] 
90.239: Total time for which application threads were stopped: 0.0043750 seconds, Stopping threads took: 0.0026040 seconds
90.316: Application time: 0.0767940 seconds
90.319: [GC [PSYoungGen: 88208K->8176K(96768K)] 97257K->17233K(317952K), 0.0024680 secs] [Times: user=0.02 sys=0.00, real=0.00 secs] 
90.322: Total time for which application threads were stopped: 0.0056040 seconds, Stopping threads took: 0.0030470 seconds
90.401: Application time: 0.0791850 seconds
90.403: [GC [PSYoungGen: 91120K->6576K(96768K)] 100177K->15633K(317952K), 0.0020750 secs] [Times: user=0.02 sys=0.00, real=0.00 secs] 
90.405: Total time for which application threads were stopped: 0.0040920 seconds, Stopping threads took: 0.0019340 seconds
90.486: Application time: 0.0812220 seconds
90.489: [GC [PSYoungGen: 89520K->6064K(96768K)] 98577K->15129K(317952K), 0.0018950 secs] [Times: user=0.01 sys=0.00, real=0.00 secs] 
90.491: Total time for which application threads were stopped: 0.0046840 seconds, Stopping threads took: 0.0027030 seconds
90.570: Application time: 0.0792750 seconds
90.573: [GC [PSYoungGen: 89008K->5648K(96768K)] 98073K->14721K(317952K), 0.0017590 secs] [Times: user=0.00 sys=0.00, real=0.00 secs] 
90.575: Total time for which application threads were stopped: 0.0045820 seconds, Stopping threads took: 0.0027350 seconds
90.653: Application time: 0.0785960 seconds
90.655: [GC [PSYoungGen: 88592K->6384K(96768K)] 97665K->15465K(317952K), 0.0019340 secs] [Times: user=0.01 sys=0.00, real=0.01 secs] 
90.657: Total time for which application threads were stopped: 0.0035050 seconds, Stopping threads took: 0.0014890 seconds
90.736: Application time: 0.0795080 seconds
90.738: [GC [PSYoungGen: 89328K->7424K(96768K)] 98409K->16505K(317952K), 0.0021940 secs] [Times: user=0.01 sys=0.00, real=0.00 secs] 
90.740: Total time for which application threads were stopped: 0.0041490 seconds, Stopping threads took: 0.0018720 seconds
90.823: Application time: 0.0823540 seconds
90.825: [GC [PSYoungGen: 90368K->5952K(96768K)] 99449K->15041K(317952K), 0.0018110 secs] [Times: user=0.01 sys=0.01, real=0.00 secs] 
90.827: Total time for which application threads were stopped: 0.0043670 seconds, Stopping threads took: 0.0024650 seconds
90.910: Application time: 0.0823690 seconds
90.912: [GC [PSYoungGen: 88896K->4560K(96768K)] 97985K->13649K(317952K), 0.0013080 secs] [Times: user=0.00 sys=0.00, real=0.00 secs] 
90.913: Total time for which application threads were stopped: 0.0035730 seconds, Stopping threads took: 0.0021900 seconds
90.997: Application time: 0.0843260 seconds
90.999: [GC [PSYoungGen: 87504K->5840K(96768K)] 96593K->14937K(317952K), 0.0018080 secs] [Times: user=0.01 sys=0.00, real=0.00 secs] 
91.001: Total time for which application threads were stopped: 0.0034400 seconds, Stopping threads took: 0.0015500 seconds
91.081: Application time: 0.0798190 seconds
91.083: [GC [PSYoungGen: 88784K->7104K(96768K)] 97881K->16209K(317952K), 0.0020790 secs] [Times: user=0.01 sys=0.00, real=0.00 secs] 
91.085: Total time for which application threads were stopped: 0.0045320 seconds, Stopping threads took: 0.0023550 seconds
91.166: Application time: 0.0805660 seconds
91.168: [GC [PSYoungGen: 90048K->7280K(96768K)] 99153K->16393K(317952K), 0.0024120 secs] [Times: user=0.01 sys=0.00, real=0.00 secs] 
91.171: Total time for which application threads were stopped: 0.0047380 seconds, Stopping threads took: 0.0022220 seconds
91.254: Application time: 0.0833440 seconds
91.257: [GC [PSYoungGen: 90224K->6592K(96768K)] 99337K->15705K(317952K), 0.0019390 secs] [Times: user=0.02 sys=0.00, real=0.00 secs] 
91.259: Total time for which application threads were stopped: 0.0050870 seconds, Stopping threads took: 0.0030640 seconds
91.336: Application time: 0.0770130 seconds
91.338: [GC [PSYoungGen: 89536K->7600K(96768K)] 98649K->16721K(317952K), 0.0022580 secs] [Times: user=0.02 sys=0.00, real=0.00 secs] 
91.340: Total time for which application threads were stopped: 0.0043110 seconds, Stopping threads took: 0.0019680 seconds
91.419: Application time: 0.0784250 seconds
91.421: [GC [PSYoungGen: 90544K->7136K(96768K)] 99665K->16257K(317952K), 0.0020930 secs] [Times: user=0.01 sys=0.00, real=0.00 secs] 
91.423: Total time for which application threads were stopped: 0.0043440 seconds, Stopping threads took: 0.0021630 seconds
91.501: Application time: 0.0779900 seconds
91.504: [GC [PSYoungGen: 90080K->7728K(96768K)] 99201K->16857K(317952K), 0.0023670 secs] [Times: user=0.02 sys=0.00, real=0.00 secs] 
91.506: Total time for which application threads were stopped: 0.0050490 seconds, Stopping threads took: 0.0026010 seconds
91.591: Application time: 0.0844420 seconds
91.591: [GC [PSYoungGen: 90672K->6880K(96768K)] 99801K->16025K(317952K), 0.0021480 secs] [Times: user=0.02 sys=0.00, real=0.00 secs] 
91.594: Total time for which application threads were stopped: 0.0031080 seconds, Stopping threads took: 0.0008730 seconds
91.681: Application time: 0.0873840 seconds
91.681: [GC [PSYoungGen: 89824K->3232K(96768K)] 98969K->12385K(317952K), 0.0010040 secs] [Times: user=0.00 sys=0.00, real=0.00 secs] 
91.682: Total time for which application threads were stopped: 0.0012710 seconds, Stopping threads took: 0.0002050 seconds
91.765: Application time: 0.0827370 seconds
91.768: [GC [PSYoungGen: 86176K->5568K(96768K)] 95329K->14729K(317952K), 0.0016250 secs] [Times: user=0.01 sys=0.00, real=0.00 secs] 
91.769: Total time for which application threads were stopped: 0.0042880 seconds, Stopping threads took: 0.0025840 seconds
91.849: Application time: 0.0791600 seconds
91.851: [GC [PSYoungGen: 88512K->6688K(96768K)] 97673K->15857K(317952K), 0.0019310 secs] [Times: user=0.01 sys=0.00, real=0.00 secs] 
91.853: Total time for which application threads were stopped: 0.0048360 seconds, Stopping threads took: 0.0028240 seconds
91.930: Application time: 0.0766210 seconds
91.932: [GC [PSYoungGen: 89632K->7536K(96768K)] 98801K->16713K(317952K), 0.0021750 secs] [Times: user=0.01 sys=0.00, real=0.00 secs] 
91.935: Total time for which application threads were stopped: 0.0046930 seconds, Stopping threads took: 0.0024350 seconds
92.011: Application time: 0.0765900 seconds
92.014: [GC [PSYoungGen: 90480K->7536K(96768K)] 99657K->16721K(317952K), 0.0022780 secs] [Times: user=0.01 sys=0.00, real=0.01 secs] 
92.016: Total time for which application threads were stopped: 0.0050730 seconds, Stopping threads took: 0.0027110 seconds
92.092: Application time: 0.0752680 seconds
92.093: [GC [PSYoungGen: 90480K->6512K(96768K)] 99665K->15705K(317952K), 0.0019380 secs] [Times: user=0.01 sys=0.00, real=0.00 secs] 
92.095: Total time for which application threads were stopped: 0.0030170 seconds, Stopping threads took: 0.0009870 seconds
92.168: Application time: 0.0737610 seconds
92.171: [GC [PSYoungGen: 89456K->8352K(96768K)] 98649K->17553K(317952K), 0.0024930 secs] [Times: user=0.02 sys=0.00, real=0.00 secs] 
92.173: Total time for which application threads were stopped: 0.0048790 seconds, Stopping threads took: 0.0023040 seconds
92.249: Application time: 0.0757960 seconds
92.251: [GC [PSYoungGen: 91296K->6896K(96768K)] 100497K->16105K(317952K), 0.0021970 secs] [Times: user=0.01 sys=0.00, real=0.00 secs] 
92.253: Total time for which application threads were stopped: 0.0042760 seconds, Stopping threads took: 0.0019930 seconds
92.329: Application time: 0.0759270 seconds
92.330: [GC [PSYoungGen: 89840K->5920K(96768K)] 99049K->15137K(317952K), 0.0018200 secs] [Times: user=0.01 sys=0.00, real=0.00 secs] 
92.332: Total time for which application threads were stopped: 0.0028000 seconds, Stopping threads took: 0.0008990 seconds
92.412: Application time: 0.0797300 seconds
92.412: [GC [PSYoungGen: 88864K->5152K(96768K)] 98081K->14377K(317952K), 0.0015760 secs] [Times: user=0.01 sys=0.00, real=0.00 secs] 
92.414: Total time for which application threads were stopped: 0.0019210 seconds, Stopping threads took: 0.0002610 seconds
92.495: Application time: 0.0815320 seconds
92.497: [GC [PSYoungGen: 88096K->5472K(96768K)] 97321K->14705K(317952K), 0.0018270 secs] [Times: user=0.01 sys=0.00, real=0.00 secs] 
92.499: Total time for which application threads were stopped: 0.0035140 seconds, Stopping threads took: 0.0016050 seconds
92.578: Application time: 0.0791070 seconds
92.580: [GC [PSYoungGen: 88416K->6976K(96768K)] 97649K->16217K(317952K), 0.0021260 secs] [Times: user=0.02 sys=0.00, real=0.00 secs] 
92.583: Total time for which application threads were stopped: 0.0046440 seconds, Stopping threads took: 0.0024390 seconds
92.657: Application time: 0.0743420 seconds
92.659: [GC [PSYoungGen: 89920K->7136K(96768K)] 99161K->16385K(317952K), 0.0021600 secs] [Times: user=0.00 sys=0.01, real=0.00 secs] 
92.661: Total time for which application threads were stopped: 0.0044460 seconds, Stopping threads took: 0.0021960 seconds
92.742: Application time: 0.0803040 seconds
92.742: [GC [PSYoungGen: 90080K->4320K(96768K)] 99329K->13577K(317952K), 0.0013000 secs] [Times: user=0.01 sys=0.00, real=0.00 secs] 
92.744: Total time for which application threads were stopped: 0.0021540 seconds, Stopping threads took: 0.0007830 seconds
92.822: Application time: 0.0779100 seconds
92.823: [GC [PSYoungGen: 87264K->5504K(96768K)] 96521K->14769K(317952K), 0.0016530 secs] [Times: user=0.01 sys=0.00, real=0.00 secs] 
92.825: Total time for which application threads were stopped: 0.0030720 seconds, Stopping threads took: 0.0013410 seconds
92.900: Application time: 0.0756310 seconds
92.903: [GC [PSYoungGen: 88448K->6912K(96768K)] 97713K->16185K(317952K), 0.0020110 secs] [Times: user=0.01 sys=0.00, real=0.00 secs] 
92.905: Total time for which application threads were stopped: 0.0043100 seconds, Stopping threads took: 0.0022140 seconds
92.978: Application time: 0.0736660 seconds
92.980: [GC [PSYoungGen: 89856K->7584K(96768K)] 99129K->16857K(317952K), 0.0022670 secs] [Times: user=0.01 sys=0.00, real=0.00 secs] 
92.983: Total time for which application threads were stopped: 0.0042500 seconds, Stopping threads took: 0.0019000 seconds
93.056: Application time: 0.0733070 seconds
93.059: [GC [PSYoungGen: 90528K->7584K(96768K)] 99801K->16865K(317952K), 0.0022020 secs] [Times: user=0.01 sys=0.00, real=0.00 secs] 
93.061: Total time for which application threads were stopped: 0.0051840 seconds, Stopping threads took: 0.0029010 seconds
93.137: Application time: 0.0758740 seconds
93.139: [GC [PSYoungGen: 90528K->7616K(96768K)] 99809K->16905K(317952K), 0.0022760 secs] [Times: user=0.02 sys=0.00, real=0.00 secs] 
93.141: Total time for which application threads were stopped: 0.0039080 seconds, Stopping threads took: 0.0015500 seconds
93.219: Application time: 0.0778520 seconds
93.221: [GC [PSYoungGen: 90560K->7488K(96768K)] 99849K->16785K(317952K), 0.0023000 secs] [Times: user=0.02 sys=0.00, real=0.00 secs] 
93.223: Total time for which application threads were stopped: 0.0045180 seconds, Stopping threads took: 0.0021210 seconds
93.299: Application time: 0.0755010 seconds
93.300: [GC [PSYoungGen: 90432K->7616K(96768K)] 99729K->16921K(317952K), 0.0022590 secs] [Times: user=0.02 sys=0.00, real=0.00 secs] 
93.303: Total time for which application threads were stopped: 0.0039560 seconds, Stopping threads took: 0.0016160 seconds
93.380: Application time: 0.0768790 seconds
93.383: [GC [PSYoungGen: 90560K->6400K(96768K)] 99865K->15713K(317952K), 0.0018770 secs] [Times: user=0.01 sys=0.00, real=0.00 secs] 
93.384: Total time for which application threads were stopped: 0.0048120 seconds, Stopping threads took: 0.0028510 seconds
93.460: Application time: 0.0757960 seconds
93.462: [GC [PSYoungGen: 89344K->8208K(96768K)] 98657K->17521K(317952K), 0.0024170 secs] [Times: user=0.01 sys=0.00, real=0.00 secs] 
93.464: Total time for which application threads were stopped: 0.0041920 seconds, Stopping threads took: 0.0016930 seconds
93.538: Application time: 0.0735250 seconds
93.541: [GC [PSYoungGen: 91152K->7888K(96768K)] 100465K->17217K(317952K), 0.0023300 secs] [Times: user=0.02 sys=0.00, real=0.00 secs] 
93.543: Total time for which application threads were stopped: 0.0048910 seconds, Stopping threads took: 0.0024810 seconds
93.618: Application time: 0.0754100 seconds
93.620: [GC [PSYoungGen: 90832K->7536K(96768K)] 100161K->16873K(317952K), 0.0021920 secs] [Times: user=0.02 sys=0.00, real=0.00 secs] 
93.622: Total time for which application threads were stopped: 0.0035520 seconds, Stopping threads took: 0.0012780 seconds
93.696: Application time: 0.0739560 seconds
93.697: [GC [PSYoungGen: 90480K->8224K(96768K)] 99817K->17585K(317952K), 0.0024470 secs] [Times: user=0.02 sys=0.00, real=0.00 secs] 
93.700: Total time for which application threads were stopped: 0.0039480 seconds, Stopping threads took: 0.0014200 seconds
93.778: Application time: 0.0787470 seconds
93.780: [GC [PSYoungGen: 91168K->4000K(96768K)] 100529K->13369K(317952K), 0.0012530 secs] [Times: user=0.01 sys=0.00, real=0.00 secs] 
93.781: Total time for which application threads were stopped: 0.0022850 seconds, Stopping threads took: 0.0009540 seconds
93.860: Application time: 0.0788400 seconds
93.860: [GC [PSYoungGen: 86944K->7072K(96768K)] 96313K->16449K(317952K), 0.0022120 secs] [Times: user=0.01 sys=0.00, real=0.00 secs] 
93.863: Total time for which application threads were stopped: 0.0029700 seconds, Stopping threads took: 0.0006750 seconds
93.940: Application time: 0.0770690 seconds
93.942: [GC [PSYoungGen: 90016K->3632K(96768K)] 99393K->13009K(317952K), 0.0011250 secs] [Times: user=0.01 sys=0.00, real=0.00 secs] 
93.943: Total time for which application threads were stopped: 0.0032280 seconds, Stopping threads took: 0.0020350 seconds
94.019: Application time: 0.0759900 seconds
94.021: [GC [PSYoungGen: 86576K->6368K(96768K)] 95953K->15753K(317952K), 0.0019710 secs] [Times: user=0.01 sys=0.00, real=0.00 secs] 
94.023: Total time for which application threads were stopped: 0.0039550 seconds, Stopping threads took: 0.0019040 seconds
94.102: Application time: 0.0789990 seconds
94.102: [GC [PSYoungGen: 89312K->4592K(96768K)] 98697K->13985K(317952K), 0.0015320 secs] [Times: user=0.01 sys=0.00, real=0.00 secs] 
94.104: Total time for which application threads were stopped: 0.0018010 seconds, Stopping threads took: 0.0001990 seconds
94.183: Application time: 0.0793330 seconds
94.184: [GC [PSYoungGen: 87536K->6176K(96768K)] 96929K->15577K(317952K), 0.0018630 secs] [Times: user=0.01 sys=0.01, real=0.00 secs] 
94.186: Total time for which application threads were stopped: 0.0033700 seconds, Stopping threads took: 0.0014210 seconds
94.263: Application time: 0.0767930 seconds
94.265: [GC [PSYoungGen: 89120K->7440K(96768K)] 98521K->16849K(317952K), 0.0022510 secs] [Times: user=0.01 sys=0.00, real=0.00 secs] 
94.267: Total time for which application threads were stopped: 0.0038180 seconds, Stopping threads took: 0.0014890 seconds
94.347: Application time: 0.0801750 seconds
94.348: [GC [PSYoungGen: 90384K->6048K(96768K)] 99793K->15473K(317952K), 0.0018300 secs] [Times: user=0.01 sys=0.00, real=0.00 secs] 
94.350: Total time for which application threads were stopped: 0.0028780 seconds, Stopping threads took: 0.0009640 seconds
94.425: Application time: 0.0748650 seconds
94.427: [GC [PSYoungGen: 88992K->6512K(96768K)] 98417K->15937K(317952K), 0.0019130 secs] [Times: user=0.01 sys=0.00, real=0.01 secs] 
94.429: Total time for which application threads were stopped: 0.0036770 seconds, Stopping threads took: 0.0016850 seconds
94.509: Application time: 0.0803040 seconds
94.511: [GC [PSYoungGen: 89456K->4672K(96768K)] 98881K->14097K(317952K), 0.0015170 secs] [Times: user=0.01 sys=0.00, real=0.00 secs] 
94.512: Total time for which application threads were stopped: 0.0032870 seconds, Stopping threads took: 0.0016940 seconds
94.593: Application time: 0.0810080 seconds
94.596: [GC [PSYoungGen: 87616K->6368K(96768K)] 97041K->15801K(317952K), 0.0019190 secs] [Times: user=0.02 sys=0.00, real=0.00 secs] 
94.598: Total time for which application threads were stopped: 0.0049750 seconds, Stopping threads took: 0.0029780 seconds
94.676: Application time: 0.0776720 seconds
94.678: [GC [PSYoungGen: 89312K->8240K(96768K)] 98745K->17681K(317952K), 0.0025690 secs] [Times: user=0.02 sys=0.00, real=0.00 secs] 
94.680: Total time for which application threads were stopped: 0.0044020 seconds, Stopping threads took: 0.0017520 seconds
94.759: Application time: 0.0785820 seconds
94.760: [GC [PSYoungGen: 91184K->5296K(96768K)] 100625K->14745K(317952K), 0.0017760 secs] [Times: user=0.01 sys=0.00, real=0.00 secs] 
94.761: Total time for which application threads were stopped: 0.0024810 seconds, Stopping threads took: 0.0006240 seconds
94.839: Application time: 0.0778400 seconds
94.841: [GC [PSYoungGen: 88240K->5984K(96768K)] 97689K->15441K(317952K), 0.0017810 secs] [Times: user=0.01 sys=0.00, real=0.00 secs] 
94.843: Total time for which application threads were stopped: 0.0039100 seconds, Stopping threads took: 0.0020510 seconds
94.919: Application time: 0.0758290 seconds
94.921: [GC [PSYoungGen: 88928K->5664K(96768K)] 98385K->15137K(317952K), 0.0017110 secs] [Times: user=0.01 sys=0.00, real=0.00 secs] 
94.922: Total time for which application threads were stopped: 0.0034590 seconds, Stopping threads took: 0.0016580 seconds
95.006: Application time: 0.0832700 seconds
95.007: [GC [PSYoungGen: 88608K->4064K(96768K)] 98081K->13537K(317952K), 0.0011870 secs] [Times: user=0.01 sys=0.00, real=0.00 secs] 
95.008: Total time for which application threads were stopped: 0.0027470 seconds, Stopping threads took: 0.0014860 seconds
95.086: Application time: 0.0775400 seconds
95.088: [GC [PSYoungGen: 87008K->5504K(96768K)] 96481K->14985K(317952K), 0.0016290 secs] [Times: user=0.01 sys=0.00, real=0.00 secs] 
95.089: Total time for which application threads were stopped: 0.0034080 seconds, Stopping threads took: 0.0017030 seconds
95.167: Application time: 0.0775480 seconds
95.169: [GC [PSYoungGen: 88448K->5808K(96768K)] 97929K->15297K(317952K), 0.0017140 secs] [Times: user=0.01 sys=0.00, real=0.00 secs] 
95.170: Total time for which application threads were stopped: 0.0035810 seconds, Stopping threads took: 0.0017900 seconds
95.248: Application time: 0.0778660 seconds
95.251: [GC [PSYoungGen: 88752K->6816K(96768K)] 98241K->16313K(317952K), 0.0019640 secs] [Times: user=0.01 sys=0.00, real=0.00 secs] 
95.253: Total time for which application threads were stopped: 0.0049010 seconds, Stopping threads took: 0.0028550 seconds
95.330: Application time: 0.0762830 seconds
95.331: [GC [PSYoungGen: 89760K->6272K(96768K)] 99257K->15777K(317952K), 0.0017640 secs] [Times: user=0.02 sys=0.00, real=0.00 secs] 
95.333: Total time for which application threads were stopped: 0.0035470 seconds, Stopping threads took: 0.0017060 seconds
95.406: Application time: 0.0732360 seconds
95.408: [GC [PSYoungGen: 89216K->6848K(96768K)] 98721K->16361K(317952K), 0.0020940 secs] [Times: user=0.02 sys=0.00, real=0.00 secs] 
95.410: Total time for which application threads were stopped: 0.0033660 seconds, Stopping threads took: 0.0011960 seconds
95.487: Application time: 0.0771010 seconds
95.489: [GC [PSYoungGen: 89792K->7088K(96768K)] 99305K->16601K(317952K), 0.0021610 secs] [Times: user=0.01 sys=0.00, real=0.00 secs] 
95.491: Total time for which application threads were stopped: 0.0040960 seconds, Stopping threads took: 0.0018410 seconds
95.569: Application time: 0.0784550 seconds
95.572: [GC [PSYoungGen: 90032K->7408K(96768K)] 99545K->16929K(317952K), 0.0022550 secs] [Times: user=0.02 sys=0.00, real=0.00 secs] 
95.575: Total time for which application threads were stopped: 0.0052900 seconds, Stopping threads took: 0.0029480 seconds
95.656: Application time: 0.0811490 seconds
95.658: [GC [PSYoungGen: 90352K->6592K(96768K)] 99873K->16121K(317952K), 0.0020050 secs] [Times: user=0.01 sys=0.00, real=0.00 secs] 
95.660: Total time for which application threads were stopped: 0.0044490 seconds, Stopping threads took: 0.0023580 seconds
95.744: Application time: 0.0832550 seconds
95.744: [GC [PSYoungGen: 89536K->3520K(96768K)] 99065K->13057K(317952K), 0.0011330 secs] [Times: user=0.00 sys=0.00, real=0.00 secs] 
95.745: Total time for which application threads were stopped: 0.0016010 seconds, Stopping threads took: 0.0003920 seconds
95.824: Application time: 0.0786610 seconds
95.826: [GC [PSYoungGen: 86463K->7584K(96768K)] 96000K->17129K(317952K), 0.0022440 secs] [Times: user=0.01 sys=0.00, real=0.01 secs] 
95.829: Total time for which application threads were stopped: 0.0048150 seconds, Stopping threads took: 0.0024860 seconds
95.908: Application time: 0.0797970 seconds
95.910: [GC [PSYoungGen: 90528K->7264K(96768K)] 100073K->16817K(317952K), 0.0022490 secs] [Times: user=0.01 sys=0.00, real=0.00 secs] 
95.913: Total time for which application threads were stopped: 0.0042480 seconds, Stopping threads took: 0.0018990 seconds
95.993: Application time: 0.0803380 seconds
95.996: [GC [PSYoungGen: 90208K->7744K(96768K)] 99761K->17297K(317952K), 0.0023180 secs] [Times: user=0.01 sys=0.00, real=0.00 secs] 
95.998: Total time for which application threads were stopped: 0.0051270 seconds, Stopping threads took: 0.0027140 seconds
96.087: Application time: 0.0888730 seconds
96.087: [GC [PSYoungGen: 90688K->2976K(96768K)] 100241K->12537K(317952K), 0.0009300 secs] [Times: user=0.01 sys=0.00, real=0.00 secs] 
96.088: Total time for which application threads were stopped: 0.0012500 seconds, Stopping threads took: 0.0002580 seconds
96.175: Application time: 0.0866500 seconds
96.176: [GC [PSYoungGen: 85920K->5024K(96768K)] 95481K->14593K(317952K), 0.0015100 secs] [Times: user=0.01 sys=0.00, real=0.00 secs] 
96.178: Total time for which application threads were stopped: 0.0030110 seconds, Stopping threads took: 0.0014230 seconds
96.263: Application time: 0.0855660 seconds
96.267: [GC [PSYoungGen: 87968K->5120K(96768K)] 97537K->14697K(317952K), 0.0015300 secs] [Times: user=0.01 sys=0.00, real=0.01 secs] 
96.268: Total time for which application threads were stopped: 0.0046070 seconds, Stopping threads took: 0.0029970 seconds
96.351: Application time: 0.0825450 seconds
96.353: [GC [PSYoungGen: 88064K->7360K(96768K)] 97641K->16945K(317952K), 0.0021960 secs] [Times: user=0.01 sys=0.00, real=0.00 secs] 
96.355: Total time for which application threads were stopped: 0.0042390 seconds, Stopping threads took: 0.0019560 seconds
96.436: Application time: 0.0813110 seconds
96.439: [GC [PSYoungGen: 90304K->7488K(96768K)] 99889K->17081K(317952K), 0.0021950 secs] [Times: user=0.02 sys=0.00, real=0.00 secs] 
96.441: Total time for which application threads were stopped: 0.0052200 seconds, Stopping threads took: 0.0029330 seconds
96.525: Application time: 0.0832590 seconds
96.528: [GC [PSYoungGen: 90432K->7424K(96768K)] 100025K->17017K(317952K), 0.0021880 secs] [Times: user=0.01 sys=0.00, real=0.00 secs] 
96.530: Total time for which application threads were stopped: 0.0052670 seconds, Stopping threads took: 0.0029820 seconds
96.612: Application time: 0.0821270 seconds
96.614: [GC [PSYoungGen: 90368K->7088K(96768K)] 99961K->16689K(317952K), 0.0021340 secs] [Times: user=0.02 sys=0.00, real=0.01 secs] 
96.616: Total time for which application threads were stopped: 0.0037150 seconds, Stopping threads took: 0.0014970 seconds
96.696: Application time: 0.0803930 seconds
96.699: [GC [PSYoungGen: 90032K->8048K(96768K)] 99633K->17657K(317952K), 0.0024030 secs] [Times: user=0.02 sys=0.00, real=0.00 secs] 
96.701: Total time for which application threads were stopped: 0.0048160 seconds, Stopping threads took: 0.0023290 seconds
96.780: Application time: 0.0786220 seconds
96.782: [GC [PSYoungGen: 90992K->7872K(96768K)] 100601K->17489K(317952K), 0.0023880 secs] [Times: user=0.02 sys=0.00, real=0.00 secs] 
96.784: Total time for which application threads were stopped: 0.0048650 seconds, Stopping threads took: 0.0023920 seconds
96.867: Application time: 0.0824540 seconds
96.867: [GC [PSYoungGen: 90816K->6240K(96768K)] 100433K->15865K(317952K), 0.0020380 secs] [Times: user=0.01 sys=0.00, real=0.00 secs] 
96.869: Total time for which application threads were stopped: 0.0024550 seconds, Stopping threads took: 0.0003370 seconds
96.948: Application time: 0.0785090 seconds
96.949: [GC [PSYoungGen: 89184K->7328K(96768K)] 98809K->16969K(317952K), 0.0022860 secs] [Times: user=0.01 sys=0.00, real=0.00 secs] 
96.952: Total time for which application threads were stopped: 0.0037710 seconds, Stopping threads took: 0.0013980 seconds
97.030: Application time: 0.0784100 seconds
97.032: [GC [PSYoungGen: 90272K->6272K(96768K)] 99913K->15921K(317952K), 0.0019080 secs] [Times: user=0.01 sys=0.00, real=0.00 secs] 
97.034: Total time for which application threads were stopped: 0.0041900 seconds, Stopping threads took: 0.0021880 seconds
97.116: Application time: 0.0821010 seconds
97.119: [GC [PSYoungGen: 89216K->6576K(96768K)] 98865K->16225K(317952K), 0.0021000 secs] [Times: user=0.02 sys=0.00, real=0.00 secs] 
97.122: Total time for which application threads were stopped: 0.0052460 seconds, Stopping threads took: 0.0030620 seconds
97.199: Application time: 0.0772930 seconds
97.202: [GC [PSYoungGen: 89520K->7344K(96768K)] 99169K->17001K(317952K), 0.0022900 secs] [Times: user=0.02 sys=0.00, real=0.00 secs] 
97.204: Total time for which application threads were stopped: 0.0051840 seconds, Stopping threads took: 0.0028070 seconds
97.285: Application time: 0.0807600 seconds
97.286: [GC [PSYoungGen: 90288K->4784K(96768K)] 99945K->14449K(317952K), 0.0014530 secs] [Times: user=0.01 sys=0.00, real=0.01 secs] 
97.287: Total time for which application threads were stopped: 0.0025350 seconds, Stopping threads took: 0.0010020 seconds
97.371: Application time: 0.0834390 seconds
97.372: [GC [PSYoungGen: 87728K->4992K(96768K)] 97393K->14665K(317952K), 0.0015980 secs] [Times: user=0.00 sys=0.00, real=0.00 secs] 
97.374: Total time for which application threads were stopped: 0.0026530 seconds, Stopping threads took: 0.0009790 seconds
97.458: Application time: 0.0846040 seconds
97.461: [GC [PSYoungGen: 87936K->4944K(96768K)] 97609K->14617K(317952K), 0.0015050 secs] [Times: user=0.01 sys=0.00, real=0.00 secs] 
97.463: Total time for which application threads were stopped: 0.0043930 seconds, Stopping threads took: 0.0028090 seconds
97.545: Application time: 0.0824130 seconds
97.547: [GC [PSYoungGen: 87888K->5856K(96768K)] 97561K->15537K(317952K), 0.0017970 secs] [Times: user=0.01 sys=0.00, real=0.01 secs] 
97.549: Total time for which application threads were stopped: 0.0035820 seconds, Stopping threads took: 0.0016710 seconds
97.627: Application time: 0.0783010 seconds
97.630: [GC [PSYoungGen: 88800K->7760K(96768K)] 98481K->17441K(317952K), 0.0023180 secs] [Times: user=0.01 sys=0.00, real=0.00 secs] 
97.632: Total time for which application threads were stopped: 0.0052840 seconds, Stopping threads took: 0.0028770 seconds
97.711: Application time: 0.0789400 seconds
97.713: [GC [PSYoungGen: 90704K->5728K(96768K)] 100385K->15417K(317952K), 0.0017940 secs] [Times: user=0.01 sys=0.00, real=0.00 secs] 
97.714: Total time for which application threads were stopped: 0.0034140 seconds, Stopping threads took: 0.0015350 seconds
97.797: Application time: 0.0827590 seconds
97.800: [GC [PSYoungGen: 88672K->5696K(96768K)] 98361K->15393K(317952K), 0.0017790 secs] [Times: user=0.01 sys=0.00, real=0.00 secs] 
97.802: Total time for which application threads were stopped: 0.0043240 seconds, Stopping threads took: 0.0024680 seconds
97.882: Application time: 0.0802880 seconds
97.884: [GC [PSYoungGen: 88640K->6208K(96768K)] 98337K->15913K(317952K), 0.0018360 secs] [Times: user=0.01 sys=0.00, real=0.00 secs] 
97.886: Total time for which application threads were stopped: 0.0040570 seconds, Stopping threads took: 0.0021360 seconds
97.970: Application time: 0.0843640 seconds
97.972: [GC [PSYoungGen: 89152K->3760K(96768K)] 98857K->13465K(317952K), 0.0012120 secs] [Times: user=0.01 sys=0.00, real=0.00 secs] 
97.973: Total time for which application threads were stopped: 0.0030860 seconds, Stopping threads took: 0.0017790 seconds
98.058: Application time: 0.0846260 seconds
98.060: [GC [PSYoungGen: 86704K->5824K(96768K)] 96409K->15537K(317952K), 0.0017180 secs] [Times: user=0.01 sys=0.00, real=0.00 secs] 
98.062: Total time for which application threads were stopped: 0.0038300 seconds, Stopping threads took: 0.0020130 seconds
98.142: Application time: 0.0803060 seconds
98.144: [GC [PSYoungGen: 88768K->6144K(96768K)] 98481K->15857K(317952K), 0.0018670 secs] [Times: user=0.01 sys=0.00, real=0.00 secs] 
98.146: Total time for which application threads were stopped: 0.0041960 seconds, Stopping threads took: 0.0022490 seconds
98.227: Application time: 0.0802290 seconds
98.228: [GC [PSYoungGen: 89088K->6816K(96768K)] 98801K->16537K(317952K), 0.0020240 secs] [Times: user=0.02 sys=0.00, real=0.00 secs] 
98.230: Total time for which application threads were stopped: 0.0033040 seconds, Stopping threads took: 0.0011990 seconds
98.318: Application time: 0.0882330 seconds
98.319: [GC [PSYoungGen: 89760K->6816K(96768K)] 99481K->16545K(317952K), 0.0020360 secs] [Times: user=0.02 sys=0.00, real=0.00 secs] 
98.321: Total time for which application threads were stopped: 0.0027960 seconds, Stopping threads took: 0.0006750 seconds
98.399: Application time: 0.0779170 seconds
98.401: [GC [PSYoungGen: 89760K->7504K(96768K)] 99489K->17241K(317952K), 0.0022840 secs] [Times: user=0.02 sys=0.00, real=0.00 secs] 
98.404: Total time for which application threads were stopped: 0.0049520 seconds, Stopping threads took: 0.0025860 seconds
98.482: Application time: 0.0779970 seconds
98.483: [GC [PSYoungGen: 90448K->7632K(96768K)] 100185K->17377K(317952K), 0.0023280 secs] [Times: user=0.02 sys=0.00, real=0.00 secs] 
98.486: Total time for which application threads were stopped: 0.0040820 seconds, Stopping threads took: 0.0016710 seconds
98.566: Application time: 0.0799890 seconds
98.568: [GC [PSYoungGen: 90576K->6480K(96768K)] 100321K->16233K(317952K), 0.0020010 secs] [Times: user=0.02 sys=0.00, real=0.00 secs] 
98.570: Total time for which application threads were stopped: 0.0045890 seconds, Stopping threads took: 0.0024940 seconds
98.656: Application time: 0.0855070 seconds
98.658: [GC [PSYoungGen: 89424K->4960K(96768K)] 99177K->14713K(317952K), 0.0015580 secs] [Times: user=0.01 sys=0.00, real=0.00 secs] 
98.659: Total time for which application threads were stopped: 0.0032960 seconds, Stopping threads took: 0.0016390 seconds
98.741: Application time: 0.0820070 seconds
98.744: [GC [PSYoungGen: 87904K->5872K(96768K)] 97657K->15633K(317952K), 0.0017500 secs] [Times: user=0.01 sys=0.00, real=0.00 secs] 
98.746: Total time for which application threads were stopped: 0.0046990 seconds, Stopping threads took: 0.0028670 seconds
98.822: Application time: 0.0764850 seconds
98.825: [GC [PSYoungGen: 88816K->8016K(96768K)] 98577K->17785K(317952K), 0.0024090 secs] [Times: user=0.02 sys=0.00, real=0.00 secs] 
98.827: Total time for which application threads were stopped: 0.0045450 seconds, Stopping threads took: 0.0020540 seconds
98.910: Application time: 0.0828280 seconds
98.913: [GC [PSYoungGen: 90960K->8208K(96768K)] 100729K->17985K(317952K), 0.0024920 secs] [Times: user=0.02 sys=0.00, real=0.01 secs] 
98.915: Total time for which application threads were stopped: 0.0056350 seconds, Stopping threads took: 0.0030620 seconds
99.002: Application time: 0.0862420 seconds
99.003: [GC [PSYoungGen: 91152K->7648K(96768K)] 100929K->17433K(317952K), 0.0023030 secs] [Times: user=0.02 sys=0.00, real=0.00 secs] 
99.005: Total time for which application threads were stopped: 0.0034020 seconds, Stopping threads took: 0.0010130 seconds
99.090: Application time: 0.0849810 seconds
99.093: [GC [PSYoungGen: 90592K->6912K(96768K)] 100377K->16705K(317952K), 0.0020750 secs] [Times: user=0.01 sys=0.00, real=0.00 secs] 
99.095: Total time for which application threads were stopped: 0.0047170 seconds, Stopping threads took: 0.0025470 seconds
99.175: Application time: 0.0797370 seconds
99.176: [GC [PSYoungGen: 89856K->6672K(96768K)] 99649K->16473K(317952K), 0.0020430 secs] [Times: user=0.01 sys=0.00, real=0.00 secs] 
99.178: Total time for which application threads were stopped: 0.0037510 seconds, Stopping threads took: 0.0016280 seconds
99.259: Application time: 0.0808120 seconds
99.261: [GC [PSYoungGen: 89616K->5520K(96768K)] 99417K->15321K(317952K), 0.0016990 secs] [Times: user=0.01 sys=0.00, real=0.00 secs] 
99.263: Total time for which application threads were stopped: 0.0034800 seconds, Stopping threads took: 0.0017010 seconds
99.340: Application time: 0.0772450 seconds
99.342: [GC [PSYoungGen: 88464K->7488K(96768K)] 98265K->17297K(317952K), 0.0022300 secs] [Times: user=0.01 sys=0.00, real=0.00 secs] 
99.344: Total time for which application threads were stopped: 0.0043810 seconds, Stopping threads took: 0.0020680 seconds
99.422: Application time: 0.0776870 seconds
99.424: [GC [PSYoungGen: 90432K->7328K(96768K)] 100241K->17153K(317952K), 0.0021750 secs] [Times: user=0.01 sys=0.00, real=0.00 secs] 
99.427: Total time for which application threads were stopped: 0.0047560 seconds, Stopping threads took: 0.0024940 seconds
99.502: Application time: 0.0757320 seconds
99.504: [GC [PSYoungGen: 90272K->8400K(96768K)] 100097K->18249K(317952K), 0.0024850 secs] [Times: user=0.01 sys=0.00, real=0.00 secs] 
99.507: Total time for which application threads were stopped: 0.0045010 seconds, Stopping threads took: 0.0019300 seconds
99.584: Application time: 0.0768400 seconds
99.585: [GC [PSYoungGen: 91342K->5616K(96768K)] 101191K->15465K(317952K), 0.0016720 secs] [Times: user=0.01 sys=0.00, real=0.00 secs] 
99.587: Total time for which application threads were stopped: 0.0028400 seconds, Stopping threads took: 0.0010890 seconds
99.661: Application time: 0.0740700 seconds
99.663: [GC [PSYoungGen: 88558K->7248K(96768K)] 98407K->17105K(317952K), 0.0022110 secs] [Times: user=0.02 sys=0.00, real=0.00 secs] 
99.665: Total time for which application threads were stopped: 0.0042540 seconds, Stopping threads took: 0.0019500 seconds
99.743: Application time: 0.0776880 seconds
99.745: [GC [PSYoungGen: 90192K->7168K(96768K)] 100049K->17025K(317952K), 0.0021010 secs] [Times: user=0.02 sys=0.00, real=0.00 secs] 
99.747: Total time for which application threads were stopped: 0.0043560 seconds, Stopping threads took: 0.0021770 seconds
99.822: Application time: 0.0748920 seconds
99.824: [GC [PSYoungGen: 90112K->7648K(96768K)] 99969K->17529K(317952K), 0.0023310 secs] [Times: user=0.01 sys=0.00, real=0.00 secs] 
99.826: Total time for which application threads were stopped: 0.0041390 seconds, Stopping threads took: 0.0017220 seconds
99.902: Application time: 0.0760110 seconds
99.904: [GC [PSYoungGen: 90592K->7568K(96768K)] 100473K->17465K(317952K), 0.0024130 secs] [Times: user=0.02 sys=0.00, real=0.00 secs] 
99.907: Total time for which application threads were stopped: 0.0048160 seconds, Stopping threads took: 0.0023000 seconds
99.987: Application time: 0.0803760 seconds
99.988: [GC [PSYoungGen: 90512K->4208K(96768K)] 100409K->14113K(317952K), 0.0012490 secs] [Times: user=0.01 sys=0.00, real=0.00 secs] 
99.989: Total time for which application threads were stopped: 0.0015790 seconds, Stopping threads took: 0.0002620 seconds
100.071: Application time: 0.0816940 seconds
100.073: [GC [PSYoungGen: 87152K->5168K(96768K)] 97057K->15081K(317952K), 0.0015820 secs] [Times: user=0.01 sys=0.00, real=0.00 secs] 
100.074: Total time for which application threads were stopped: 0.0039430 seconds, Stopping threads took: 0.0022870 seconds
100.154: Application time: 0.0799130 seconds
100.157: [GC [PSYoungGen: 88112K->5952K(96768K)] 98025K->15873K(317952K), 0.0017590 secs] [Times: user=0.02 sys=0.00, real=0.00 secs] 
100.159: Total time for which application threads were stopped: 0.0044840 seconds, Stopping threads took: 0.0026470 seconds
100.235: Application time: 0.0761620 seconds
100.237: [GC [PSYoungGen: 88896K->4672K(96768K)] 98817K->14593K(317952K), 0.0013030 secs] [Times: user=0.01 sys=0.00, real=0.00 secs] 
100.238: Total time for which application threads were stopped: 0.0033810 seconds, Stopping threads took: 0.0020000 seconds
100.314: Application time: 0.0758650 seconds
100.316: [GC [PSYoungGen: 87616K->5600K(96768K)] 97537K->15529K(317952K), 0.0016250 secs] [Times: user=0.01 sys=0.00, real=0.00 secs] 
100.318: Total time for which application threads were stopped: 0.0036660 seconds, Stopping threads took: 0.0019640 seconds
100.391: Application time: 0.0729610 seconds
100.393: [GC [PSYoungGen: 88544K->7488K(96768K)] 98473K->17425K(317952K), 0.0023050 secs] [Times: user=0.02 sys=0.00, real=0.01 secs] 
100.396: Total time for which application threads were stopped: 0.0046410 seconds, Stopping threads took: 0.0022530 seconds
100.470: Application time: 0.0745380 seconds
100.473: [GC [PSYoungGen: 90432K->8256K(96768K)] 100369K->18201K(317952K), 0.0024580 secs] [Times: user=0.01 sys=0.01, real=0.01 secs] 
100.475: Total time for which application threads were stopped: 0.0051200 seconds, Stopping threads took: 0.0025730 seconds
100.551: Application time: 0.0757010 seconds
100.552: [GC [PSYoungGen: 91200K->6000K(96768K)] 101145K->15953K(317952K), 0.0018170 secs] [Times: user=0.01 sys=0.00, real=0.00 secs] 
100.554: Total time for which application threads were stopped: 0.0028630 seconds, Stopping threads took: 0.0009670 seconds
100.631: Application time: 0.0771010 seconds
100.632: [GC [PSYoungGen: 88944K->6064K(96768K)] 98897K->16025K(317952K), 0.0017960 secs] [Times: user=0.01 sys=0.00, real=0.00 secs] 
100.634: Total time for which application threads were stopped: 0.0032230 seconds, Stopping threads took: 0.0013440 seconds
100.709: Application time: 0.0751420 seconds
100.710: [GC [PSYoungGen: 89008K->5920K(96768K)] 98969K->15881K(317952K), 0.0018150 secs] [Times: user=0.01 sys=0.00, real=0.00 secs] 
100.712: Total time for which application threads were stopped: 0.0030770 seconds, Stopping threads took: 0.0011800 seconds
100.790: Application time: 0.0777550 seconds
100.792: [GC [PSYoungGen: 88864K->7168K(96768K)] 98825K->17137K(317952K), 0.0022570 secs] [Times: user=0.01 sys=0.00, real=0.00 secs] 
100.795: Total time for which application threads were stopped: 0.0045660 seconds, Stopping threads took: 0.0022110 seconds
100.868: Application time: 0.0731110 seconds
100.870: [GC [PSYoungGen: 90112K->7120K(96768K)] 100081K->17089K(317952K), 0.0021560 secs] [Times: user=0.01 sys=0.00, real=0.00 secs] 
100.872: Total time for which application threads were stopped: 0.0044430 seconds, Stopping threads took: 0.0022070 seconds
100.944: Application time: 0.0722570 seconds
100.946: [GC [PSYoungGen: 90064K->7824K(96768K)] 100033K->17801K(317952K), 0.0023460 secs] [Times: user=0.01 sys=0.00, real=0.01 secs] 
100.948: Total time for which application threads were stopped: 0.0035480 seconds, Stopping threads took: 0.0011190 seconds
101.025: Application time: 0.0773430 seconds
101.028: [GC [PSYoungGen: 90768K->6592K(96768K)] 100745K->16577K(317952K), 0.0019460 secs] [Times: user=0.01 sys=0.00, real=0.00 secs] 
101.030: Total time for which application threads were stopped: 0.0042860 seconds, Stopping threads took: 0.0022600 seconds
101.106: Application time: 0.0766350 seconds
101.108: [GC [PSYoungGen: 89536K->7376K(96768K)] 99521K->17369K(317952K), 0.0022030 secs] [Times: user=0.01 sys=0.01, real=0.00 secs] 
101.111: Total time for which application threads were stopped: 0.0043340 seconds, Stopping threads took: 0.0020470 seconds
101.185: Application time: 0.0746290 seconds
101.188: [GC [PSYoungGen: 90320K->8176K(96768K)] 100313K->18177K(317952K), 0.0024340 secs] [Times: user=0.02 sys=0.00, real=0.00 secs] 
101.190: Total time for which application threads were stopped: 0.0051770 seconds, Stopping threads took: 0.0026640 seconds
101.269: Application time: 0.0788190 seconds
101.271: [GC [PSYoungGen: 91120K->4304K(96768K)] 101121K->14313K(317952K), 0.0013060 secs] [Times: user=0.00 sys=0.00, real=0.00 secs] 
101.272: Total time for which application threads were stopped: 0.0026980 seconds, Stopping threads took: 0.0013180 seconds
101.350: Application time: 0.0776920 seconds
101.352: [GC [PSYoungGen: 87248K->5488K(96768K)] 97257K->15497K(317952K), 0.0016300 secs] [Times: user=0.01 sys=0.00, real=0.00 secs] 
101.354: Total time for which application threads were stopped: 0.0042120 seconds, Stopping threads took: 0.0024760 seconds
101.430: Application time: 0.0765530 seconds
101.432: [GC [PSYoungGen: 88432K->6672K(96768K)] 98441K->16689K(317952K), 0.0019690 secs] [Times: user=0.01 sys=0.00, real=0.00 secs] 
101.434: Total time for which application threads were stopped: 0.0036530 seconds, Stopping threads took: 0.0016050 seconds
101.516: Application time: 0.0818920 seconds
101.518: [GC [PSYoungGen: 89616K->4800K(96768K)] 99633K->14825K(317952K), 0.0014040 secs] [Times: user=0.01 sys=0.00, real=0.00 secs] 
101.519: Total time for which application threads were stopped: 0.0031060 seconds, Stopping threads took: 0.0016300 seconds
101.600: Application time: 0.0811630 seconds
101.603: [GC [PSYoungGen: 87744K->6656K(96768K)] 97769K->16681K(317952K), 0.0019580 secs] [Times: user=0.01 sys=0.00, real=0.00 secs] 
101.605: Total time for which application threads were stopped: 0.0047600 seconds, Stopping threads took: 0.0027190 seconds
101.681: Application time: 0.0757760 seconds
101.683: [GC [PSYoungGen: 89600K->6160K(96768K)] 99625K->16201K(317952K), 0.0018550 secs] [Times: user=0.02 sys=0.00, real=0.00 secs] 
101.685: Total time for which application threads were stopped: 0.0039030 seconds, Stopping threads took: 0.0019690 seconds
101.757: Application time: 0.0722890 seconds
101.759: [GC [PSYoungGen: 89104K->8240K(96768K)] 99145K->18289K(317952K), 0.0024520 secs] [Times: user=0.02 sys=0.00, real=0.00 secs] 
101.761: Total time for which application threads were stopped: 0.0044850 seconds, Stopping threads took: 0.0019530 seconds
101.836: Application time: 0.0744970 seconds
101.837: [GC [PSYoungGen: 91184K->7216K(96768K)] 101233K->17265K(317952K), 0.0021260 secs] [Times: user=0.02 sys=0.00, real=0.00 secs] 
101.840: Total time for which application threads were stopped: 0.0035980 seconds, Stopping threads took: 0.0013910 seconds
101.915: Application time: 0.0753450 seconds
101.917: [GC [PSYoungGen: 90160K->6832K(96768K)] 100209K->16889K(317952K), 0.0021360 secs] [Times: user=0.02 sys=0.00, real=0.00 secs] 
101.919: Total time for which application threads were stopped: 0.0040180 seconds, Stopping threads took: 0.0017960 seconds
101.996: Application time: 0.0769080 seconds
101.998: [GC [PSYoungGen: 89776K->6928K(96768K)] 99833K->17009K(317952K), 0.0021070 secs] [Times: user=0.02 sys=0.00, real=0.00 secs] 
102.000: Total time for which application threads were stopped: 0.0045290 seconds, Stopping threads took: 0.0023370 seconds
102.079: Application time: 0.0785440 seconds
102.081: [GC [PSYoungGen: 89872K->6784K(96768K)] 99953K->16865K(317952K), 0.0020160 secs] [Times: user=0.02 sys=0.00, real=0.00 secs] 
102.083: Total time for which application threads were stopped: 0.0038290 seconds, Stopping threads took: 0.0017350 seconds
102.159: Application time: 0.0760450 seconds
102.161: [GC [PSYoungGen: 89728K->6752K(96768K)] 99809K->16841K(317952K), 0.0020700 secs] [Times: user=0.01 sys=0.00, real=0.00 secs] 
102.163: Total time for which application threads were stopped: 0.0045610 seconds, Stopping threads took: 0.0024110 seconds
102.237: Application time: 0.0739240 seconds
102.240: [GC [PSYoungGen: 89696K->8368K(96768K)] 99785K->18457K(317952K), 0.0026840 secs] [Times: user=0.02 sys=0.00, real=0.00 secs] 
102.243: Total time for which application threads were stopped: 0.0052330 seconds, Stopping threads took: 0.0024500 seconds
102.320: Application time: 0.0773170 seconds
102.321: [GC [PSYoungGen: 91311K->6080K(96768K)] 101401K->16177K(317952K), 0.0017710 secs] [Times: user=0.01 sys=0.00, real=0.00 secs] 
102.322: Total time for which application threads were stopped: 0.0025480 seconds, Stopping threads took: 0.0006990 seconds
102.396: Application time: 0.0736290 seconds
102.398: [GC [PSYoungGen: 89024K->6768K(96768K)] 99121K->16873K(317952K), 0.0020370 secs] [Times: user=0.01 sys=0.00, real=0.00 secs] 
102.400: Total time for which application threads were stopped: 0.0037010 seconds, Stopping threads took: 0.0015860 seconds
102.474: Application time: 0.0742860 seconds
102.477: [GC [PSYoungGen: 89712K->8192K(96768K)] 99817K->18305K(317952K), 0.0024410 secs] [Times: user=0.02 sys=0.00, real=0.00 secs] 
102.479: Total time for which application threads were stopped: 0.0053250 seconds, Stopping threads took: 0.0027840 seconds
102.555: Application time: 0.0759940 seconds
102.557: [GC [PSYoungGen: 91136K->5632K(96768K)] 101249K->15753K(317952K), 0.0017690 secs] [Times: user=0.01 sys=0.00, real=0.00 secs] 
102.558: Total time for which application threads were stopped: 0.0031460 seconds, Stopping threads took: 0.0012980 seconds
102.636: Application time: 0.0779950 seconds
102.639: [GC [PSYoungGen: 88576K->7440K(96768K)] 98697K->17569K(317952K), 0.0021730 secs] [Times: user=0.02 sys=0.00, real=0.00 secs] 
102.642: Total time for which application threads were stopped: 0.0050470 seconds, Stopping threads took: 0.0027880 seconds
102.720: Application time: 0.0784600 seconds
102.721: [GC [PSYoungGen: 90384K->5552K(96768K)] 100513K->15681K(317952K), 0.0016700 secs] [Times: user=0.01 sys=0.00, real=0.00 secs] 
102.723: Total time for which application threads were stopped: 0.0029980 seconds, Stopping threads took: 0.0012510 seconds
102.799: Application time: 0.0764290 seconds
102.801: [GC [PSYoungGen: 88496K->6336K(96768K)] 98625K->16473K(317952K), 0.0018470 secs] [Times: user=0.00 sys=0.01, real=0.00 secs] 
102.803: Total time for which application threads were stopped: 0.0037800 seconds, Stopping threads took: 0.0018440 seconds
102.880: Application time: 0.0772340 seconds
102.881: [GC [PSYoungGen: 89280K->5760K(96768K)] 99417K->15897K(317952K), 0.0017600 secs] [Times: user=0.00 sys=0.00, real=0.00 secs] 
102.883: Total time for which application threads were stopped: 0.0026570 seconds, Stopping threads took: 0.0008200 seconds
102.960: Application time: 0.0766020 seconds
102.962: [GC [PSYoungGen: 88704K->6784K(96768K)] 98841K->16953K(317952K), 0.0020980 secs] [Times: user=0.02 sys=0.00, real=0.00 secs] 
102.965: Total time for which application threads were stopped: 0.0048860 seconds, Stopping threads took: 0.0027020 seconds
103.041: Application time: 0.0760920 seconds
103.044: [GC [PSYoungGen: 89728K->6880K(96768K)] 99897K->17065K(317952K), 0.0020240 secs] [Times: user=0.01 sys=0.00, real=0.00 secs] 
103.046: Total time for which application threads were stopped: 0.0049260 seconds, Stopping threads took: 0.0028150 seconds
103.122: Application time: 0.0765340 seconds
103.125: [GC [PSYoungGen: 89824K->6240K(96768K)] 100009K->16425K(317952K), 0.0018980 secs] [Times: user=0.01 sys=0.00, real=0.00 secs] 
103.127: Total time for which application threads were stopped: 0.0044030 seconds, Stopping threads took: 0.0024210 seconds
103.201: Application time: 0.0740220 seconds
103.202: [GC [PSYoungGen: 89184K->6880K(96768K)] 99369K->17073K(317952K), 0.0020620 secs] [Times: user=0.01 sys=0.00, real=0.00 secs] 
103.205: Total time for which application threads were stopped: 0.0039380 seconds, Stopping threads took: 0.0017960 seconds
103.280: Application time: 0.0758250 seconds
103.282: [GC [PSYoungGen: 89824K->7168K(96768K)] 100017K->17377K(317952K), 0.0021020 secs] [Times: user=0.01 sys=0.00, real=0.00 secs] 
103.285: Total time for which application threads were stopped: 0.0042960 seconds, Stopping threads took: 0.0021120 seconds
103.361: Application time: 0.0759020 seconds
103.363: [GC [PSYoungGen: 90112K->5152K(96768K)] 100321K->15361K(317952K), 0.0015220 secs] [Times: user=0.01 sys=0.00, real=0.00 secs] 
103.365: Total time for which application threads were stopped: 0.0043280 seconds, Stopping threads took: 0.0027340 seconds
103.439: Application time: 0.0743720 seconds
103.441: [GC [PSYoungGen: 88096K->7072K(96768K)] 98305K->17289K(317952K), 0.0020890 secs] [Times: user=0.02 sys=0.00, real=0.00 secs] 
103.443: Total time for which application threads were stopped: 0.0038340 seconds, Stopping threads took: 0.0016620 seconds
103.521: Application time: 0.0776800 seconds
103.523: [GC [PSYoungGen: 90016K->7920K(96768K)] 100233K->18169K(317952K), 0.0023450 secs] [Times: user=0.02 sys=0.00, real=0.00 secs] 
103.525: Total time for which application threads were stopped: 0.0043710 seconds, Stopping threads took: 0.0019360 seconds
103.603: Application time: 0.0781530 seconds
103.605: [GC [PSYoungGen: 90864K->7712K(96768K)] 101113K->17961K(317952K), 0.0023700 secs] [Times: user=0.02 sys=0.00, real=0.01 secs] 
103.608: Total time for which application threads were stopped: 0.0045580 seconds, Stopping threads took: 0.0020960 seconds
103.689: Application time: 0.0807380 seconds
103.690: [GC [PSYoungGen: 90656K->6544K(96768K)] 100905K->16801K(317952K), 0.0019310 secs] [Times: user=0.01 sys=0.00, real=0.00 secs] 
103.692: Total time for which application threads were stopped: 0.0034110 seconds, Stopping threads took: 0.0013960 seconds
103.774: Application time: 0.0821170 seconds
103.777: [GC [PSYoungGen: 89488K->5600K(96768K)] 99745K->15865K(317952K), 0.0015940 secs] [Times: user=0.01 sys=0.00, real=0.00 secs] 
103.779: Total time for which application threads were stopped: 0.0044390 seconds, Stopping threads took: 0.0027640 seconds
103.860: Application time: 0.0816470 seconds
103.862: [GC [PSYoungGen: 88544K->5696K(96768K)] 98809K->15961K(317952K), 0.0017470 secs] [Times: user=0.02 sys=0.00, real=0.00 secs] 
103.864: Total time for which application threads were stopped: 0.0040020 seconds, Stopping threads took: 0.0021480 seconds
103.944: Application time: 0.0794200 seconds
103.946: [GC [PSYoungGen: 88640K->6960K(96768K)] 98905K->17233K(317952K), 0.0021150 secs] [Times: user=0.02 sys=0.00, real=0.01 secs] 
103.948: Total time for which application threads were stopped: 0.0043530 seconds, Stopping threads took: 0.0021540 seconds
104.029: Application time: 0.0807320 seconds
104.030: [GC [PSYoungGen: 89904K->8048K(96768K)] 100177K->18329K(317952K), 0.0023820 secs] [Times: user=0.01 sys=0.00, real=0.00 secs] 
104.033: Total time for which application threads were stopped: 0.0039010 seconds, Stopping threads took: 0.0014360 seconds
104.112: Application time: 0.0790900 seconds
104.114: [GC [PSYoungGen: 90992K->6832K(96768K)] 101273K->17113K(317952K), 0.0020720 secs] [Times: user=0.01 sys=0.00, real=0.01 secs] 
104.116: Total time for which application threads were stopped: 0.0045270 seconds, Stopping threads took: 0.0023570 seconds
104.201: Application time: 0.0845370 seconds
104.203: [GC [PSYoungGen: 89776K->6112K(96768K)] 100057K->16401K(317952K), 0.0018730 secs] [Times: user=0.01 sys=0.00, real=0.00 secs] 
104.205: Total time for which application threads were stopped: 0.0040850 seconds, Stopping threads took: 0.0021290 seconds
104.287: Application time: 0.0821560 seconds
104.289: [GC [PSYoungGen: 89056K->6528K(96768K)] 99345K->16825K(317952K), 0.0020400 secs] [Times: user=0.01 sys=0.00, real=0.00 secs] 
104.291: Total time for which application threads were stopped: 0.0037780 seconds, Stopping threads took: 0.0016520 seconds
104.371: Application time: 0.0800990 seconds
104.373: [GC [PSYoungGen: 89472K->7072K(96768K)] 99769K->17369K(317952K), 0.0023410 secs] [Times: user=0.02 sys=0.00, real=0.01 secs] 
104.376: Total time for which application threads were stopped: 0.0047500 seconds, Stopping threads took: 0.0023240 seconds
104.459: Application time: 0.0830490 seconds
104.459: [GC [PSYoungGen: 90016K->5744K(96768K)] 100313K->16049K(317952K), 0.0019030 secs] [Times: user=0.01 sys=0.00, real=0.00 secs] 
104.461: Total time for which application threads were stopped: 0.0024060 seconds, Stopping threads took: 0.0004170 seconds
104.543: Application time: 0.0815010 seconds
104.546: [GC [PSYoungGen: 88688K->5424K(96768K)] 98993K->15737K(317952K), 0.0015910 secs] [Times: user=0.00 sys=0.00, real=0.01 secs] 
104.547: Total time for which application threads were stopped: 0.0048420 seconds, Stopping threads took: 0.0031670 seconds
104.629: Application time: 0.0811540 seconds
104.630: [GC [PSYoungGen: 88368K->6128K(96768K)] 98681K->16441K(317952K), 0.0018630 secs] [Times: user=0.01 sys=0.00, real=0.00 secs] 
104.632: Total time for which application threads were stopped: 0.0036820 seconds, Stopping threads took: 0.0017280 seconds
104.715: Application time: 0.0824840 seconds
104.716: [GC [PSYoungGen: 89072K->5424K(96768K)] 99385K->15745K(317952K), 0.0016640 secs] [Times: user=0.01 sys=0.00, real=0.00 secs] 
104.718: Total time for which application threads were stopped: 0.0030010 seconds, Stopping threads took: 0.0012530 seconds
104.800: Application time: 0.0821450 seconds
104.801: [GC [PSYoungGen: 88368K->6400K(96768K)] 98689K->16729K(317952K), 0.0019270 secs] [Times: user=0.02 sys=0.00, real=0.00 secs] 
104.802: Total time for which application threads were stopped: 0.0025390 seconds, Stopping threads took: 0.0005290 seconds
104.884: Application time: 0.0814190 seconds
104.885: [GC [PSYoungGen: 89344K->5552K(96768K)] 99673K->15889K(317952K), 0.0016530 secs] [Times: user=0.01 sys=0.00, real=0.00 secs] 
104.887: Total time for which application threads were stopped: 0.0030950 seconds, Stopping threads took: 0.0013640 seconds
104.970: Application time: 0.0826790 seconds
104.972: [GC [PSYoungGen: 88496K->5776K(96768K)] 98833K->16121K(317952K), 0.0017550 secs] [Times: user=0.01 sys=0.00, real=0.00 secs] 
104.974: Total time for which application threads were stopped: 0.0042630 seconds, Stopping threads took: 0.0024230 seconds
105.057: Application time: 0.0829990 seconds
105.060: [GC [PSYoungGen: 88720K->5696K(96768K)] 99065K->16049K(317952K), 0.0018140 secs] [Times: user=0.01 sys=0.00, real=0.00 secs] 
105.061: Total time for which application threads were stopped: 0.0044870 seconds, Stopping threads took: 0.0025890 seconds
105.144: Application time: 0.0822550 seconds
105.146: [GC [PSYoungGen: 88640K->6256K(96768K)] 98993K->16617K(317952K), 0.0018710 secs] [Times: user=0.01 sys=0.00, real=0.01 secs] 
105.148: Total time for which application threads were stopped: 0.0041110 seconds, Stopping threads took: 0.0021480 seconds
105.229: Application time: 0.0812250 seconds
105.231: [GC [PSYoungGen: 89200K->5888K(96768K)] 99561K->16249K(317952K), 0.0017630 secs] [Times: user=0.01 sys=0.00, real=0.00 secs] 
105.233: Total time for which application threads were stopped: 0.0036840 seconds, Stopping threads took: 0.0018400 seconds
105.313: Application time: 0.0804760 seconds
105.315: [GC [PSYoungGen: 88832K->5616K(96768K)] 99193K->15985K(317952K), 0.0016430 secs] [Times: user=0.01 sys=0.00, real=0.00 secs] 
105.317: Total time for which application threads were stopped: 0.0039270 seconds, Stopping threads took: 0.0022020 seconds
105.395: Application time: 0.0780330 seconds
105.397: [GC [PSYoungGen: 88560K->7504K(96768K)] 98929K->17881K(317952K), 0.0022720 secs] [Times: user=0.02 sys=0.00, real=0.00 secs] 
105.399: Total time for which application threads were stopped: 0.0040760 seconds, Stopping threads took: 0.0017210 seconds
105.481: Application time: 0.0821870 seconds
105.483: [GC [PSYoungGen: 90448K->6848K(96768K)] 100825K->17225K(317952K), 0.0022440 secs] [Times: user=0.01 sys=0.00, real=0.00 secs] 
105.485: Total time for which application threads were stopped: 0.0038810 seconds, Stopping threads took: 0.0015540 seconds
105.573: Application time: 0.0875150 seconds
105.574: [GC [PSYoungGen: 89792K->4688K(96768K)] 100169K->15073K(317952K), 0.0015320 secs] [Times: user=0.00 sys=0.01, real=0.01 secs] 
105.576: Total time for which application threads were stopped: 0.0032090 seconds, Stopping threads took: 0.0015970 seconds
105.660: Application time: 0.0839830 seconds
105.662: [GC [PSYoungGen: 87632K->5840K(96768K)] 98017K->16233K(317952K), 0.0016980 secs] [Times: user=0.01 sys=0.00, real=0.00 secs] 
105.664: Total time for which application threads were stopped: 0.0037890 seconds, Stopping threads took: 0.0019990 seconds
105.749: Application time: 0.0848960 seconds
105.749: [GC [PSYoungGen: 88784K->6144K(96768K)] 99177K->16537K(317952K), 0.0018330 secs] [Times: user=0.01 sys=0.00, real=0.00 secs] 
105.751: Total time for which application threads were stopped: 0.0021680 seconds, Stopping threads took: 0.0002550 seconds
105.836: Application time: 0.0846490 seconds
105.838: [GC [PSYoungGen: 89088K->7472K(96768K)] 99481K->17873K(317952K), 0.0021820 secs] [Times: user=0.01 sys=0.00, real=0.00 secs] 
105.841: Total time for which application threads were stopped: 0.0050300 seconds, Stopping threads took: 0.0027640 seconds
105.923: Application time: 0.0826100 seconds
105.926: [GC [PSYoungGen: 90416K->8208K(96768K)] 100817K->18633K(317952K), 0.0024590 secs] [Times: user=0.01 sys=0.00, real=0.01 secs] 
105.929: Total time for which application threads were stopped: 0.0055180 seconds, Stopping threads took: 0.0029740 seconds
106.009: Application time: 0.0803890 seconds
106.011: [GC [PSYoungGen: 91152K->6448K(96768K)] 101577K->16873K(317952K), 0.0019240 secs] [Times: user=0.02 sys=0.00, real=0.00 secs] 
106.013: Total time for which application threads were stopped: 0.0042830 seconds, Stopping threads took: 0.0022780 seconds
106.090: Application time: 0.0763170 seconds
106.092: [GC [PSYoungGen: 89392K->7808K(96768K)] 99817K->18241K(317952K), 0.0024960 secs] [Times: user=0.01 sys=0.00, real=0.00 secs] 
106.095: Total time for which application threads were stopped: 0.0053270 seconds, Stopping threads took: 0.0027510 seconds
106.175: Application time: 0.0804340 seconds
106.177: [GC [PSYoungGen: 90752K->7744K(96768K)] 101185K->18185K(317952K), 0.0023500 secs] [Times: user=0.01 sys=0.01, real=0.00 secs] 
106.180: Total time for which application threads were stopped: 0.0040680 seconds, Stopping threads took: 0.0016240 seconds
106.261: Application time: 0.0814350 seconds
106.263: [GC [PSYoungGen: 90688K->7296K(96768K)] 101129K->17737K(317952K), 0.0022790 secs] [Times: user=0.02 sys=0.00, real=0.00 secs] 
106.266: Total time for which application threads were stopped: 0.0045230 seconds, Stopping threads took: 0.0021580 seconds
106.344: Application time: 0.0786530 seconds
106.346: [GC [PSYoungGen: 90240K->6880K(96768K)] 100681K->17329K(317952K), 0.0020690 secs] [Times: user=0.02 sys=0.00, real=0.01 secs] 
106.348: Total time for which application threads were stopped: 0.0041550 seconds, Stopping threads took: 0.0020030 seconds
106.428: Application time: 0.0796640 seconds
106.430: [GC [PSYoungGen: 89824K->6832K(96768K)] 100273K->17281K(317952K), 0.0021190 secs] [Times: user=0.02 sys=0.00, real=0.00 secs] 
106.432: Total time for which application threads were stopped: 0.0043600 seconds, Stopping threads took: 0.0021550 seconds
106.519: Application time: 0.0863170 seconds
106.520: [GC [PSYoungGen: 89776K->4464K(96768K)] 100225K->14921K(317952K), 0.0014400 secs] [Times: user=0.01 sys=0.00, real=0.00 secs] 
106.522: Total time for which application threads were stopped: 0.0032350 seconds, Stopping threads took: 0.0017170 seconds
106.601: Application time: 0.0787090 seconds
106.604: [GC [PSYoungGen: 87408K->6416K(96768K)] 97865K->16881K(317952K), 0.0018640 secs] [Times: user=0.01 sys=0.00, real=0.00 secs] 
106.606: Total time for which application threads were stopped: 0.0049850 seconds, Stopping threads took: 0.0030370 seconds
106.685: Application time: 0.0796440 seconds
106.687: [GC [PSYoungGen: 89360K->5552K(96768K)] 99825K->16025K(317952K), 0.0016110 secs] [Times: user=0.01 sys=0.00, real=0.00 secs] 
106.689: Total time for which application threads were stopped: 0.0036270 seconds, Stopping threads took: 0.0019270 seconds
106.771: Application time: 0.0819010 seconds
106.774: [GC [PSYoungGen: 88496K->6720K(96768K)] 98969K->17193K(317952K), 0.0021220 secs] [Times: user=0.01 sys=0.00, real=0.01 secs] 
106.776: Total time for which application threads were stopped: 0.0049420 seconds, Stopping threads took: 0.0027270 seconds
106.858: Application time: 0.0821700 seconds
106.860: [GC [PSYoungGen: 89664K->6304K(96768K)] 100137K->16785K(317952K), 0.0019140 secs] [Times: user=0.01 sys=0.00, real=0.00 secs] 
106.862: Total time for which application threads were stopped: 0.0038260 seconds, Stopping threads took: 0.0018270 seconds
106.943: Application time: 0.0816160 seconds
106.945: [GC [PSYoungGen: 89248K->5232K(96768K)] 99729K->15721K(317952K), 0.0016150 secs] [Times: user=0.01 sys=0.00, real=0.00 secs] 
106.946: Total time for which application threads were stopped: 0.0030520 seconds, Stopping threads took: 0.0013550 seconds
107.028: Application time: 0.0819270 seconds
107.031: [GC [PSYoungGen: 88176K->6992K(96768K)] 98665K->17489K(317952K), 0.0022180 secs] [Times: user=0.02 sys=0.00, real=0.00 secs] 
107.033: Total time for which application threads were stopped: 0.0047180 seconds, Stopping threads took: 0.0024080 seconds
107.112: Application time: 0.0784920 seconds
107.114: [GC [PSYoungGen: 89936K->7872K(96768K)] 100433K->18377K(317952K), 0.0023590 secs] [Times: user=0.01 sys=0.00, real=0.01 secs] 
107.116: Total time for which application threads were stopped: 0.0043890 seconds, Stopping threads took: 0.0019410 seconds
107.194: Application time: 0.0780250 seconds
107.196: [GC [PSYoungGen: 90816K->7712K(96768K)] 101321K->18225K(317952K), 0.0023040 secs] [Times: user=0.01 sys=0.00, real=0.00 secs] 
107.198: Total time for which application threads were stopped: 0.0040150 seconds, Stopping threads took: 0.0016210 seconds
107.276: Application time: 0.0783090 seconds
107.278: [GC [PSYoungGen: 90656K->6736K(96768K)] 101169K->17257K(317952K), 0.0020570 secs] [Times: user=0.01 sys=0.00, real=0.00 secs] 
107.280: Total time for which application threads were stopped: 0.0035600 seconds, Stopping threads took: 0.0014190 seconds
107.361: Application time: 0.0808930 seconds
107.363: [GC [PSYoungGen: 89680K->5744K(96768K)] 100201K->16273K(317952K), 0.0018520 secs] [Times: user=0.01 sys=0.00, real=0.00 secs] 
107.365: Total time for which application threads were stopped: 0.0043870 seconds, Stopping threads took: 0.0024510 seconds
107.448: Application time: 0.0831390 seconds
107.451: [GC [PSYoungGen: 88688K->6560K(96768K)] 99217K->17097K(317952K), 0.0018780 secs] [Times: user=0.01 sys=0.00, real=0.00 secs] 
107.453: Total time for which application threads were stopped: 0.0047570 seconds, Stopping threads took: 0.0027980 seconds
107.532: Application time: 0.0789640 seconds
107.534: [GC [PSYoungGen: 89504K->5312K(96768K)] 100041K->15857K(317952K), 0.0015970 secs] [Times: user=0.01 sys=0.00, real=0.01 secs] 
107.536: Total time for which application threads were stopped: 0.0036390 seconds, Stopping threads took: 0.0019630 seconds
107.614: Application time: 0.0778750 seconds
107.617: [GC [PSYoungGen: 88256K->8352K(96768K)] 98801K->18897K(317952K), 0.0024420 secs] [Times: user=0.02 sys=0.00, real=0.00 secs] 
107.619: Total time for which application threads were stopped: 0.0054990 seconds, Stopping threads took: 0.0029740 seconds
107.693: Application time: 0.0740640 seconds
107.695: [GC [PSYoungGen: 91296K->6800K(96768K)] 101841K->17353K(317952K), 0.0020030 secs] [Times: user=0.02 sys=0.00, real=0.00 secs] 
107.697: Total time for which application threads were stopped: 0.0044060 seconds, Stopping threads took: 0.0023230 seconds
107.771: Application time: 0.0738030 seconds
107.773: [GC [PSYoungGen: 89743K->7584K(96768K)] 100296K->18145K(317952K), 0.0022670 secs] [Times: user=0.02 sys=0.00, real=0.01 secs] 
107.776: Total time for which application threads were stopped: 0.0043240 seconds, Stopping threads took: 0.0019580 seconds
107.852: Application time: 0.0761470 seconds
107.853: [GC [PSYoungGen: 90528K->5648K(96768K)] 101089K->16209K(317952K), 0.0016420 secs] [Times: user=0.02 sys=0.00, real=0.00 secs] 
107.855: Total time for which application threads were stopped: 0.0029910 seconds, Stopping threads took: 0.0012710 seconds
107.932: Application time: 0.0771620 seconds
107.934: [GC [PSYoungGen: 88592K->6480K(96768K)] 99153K->17049K(317952K), 0.0019840 secs] [Times: user=0.01 sys=0.00, real=0.01 secs] 
107.936: Total time for which application threads were stopped: 0.0041940 seconds, Stopping threads took: 0.0021310 seconds
108.013: Application time: 0.0770770 seconds
108.016: [GC [PSYoungGen: 89424K->5728K(96768K)] 99993K->16305K(317952K), 0.0017720 secs] [Times: user=0.01 sys=0.00, real=0.00 secs] 
108.018: Total time for which application threads were stopped: 0.0046750 seconds, Stopping threads took: 0.0028120 seconds
108.095: Application time: 0.0769550 seconds
108.096: [GC [PSYoungGen: 88672K->7200K(96768K)] 99249K->17777K(317952K), 0.0022190 secs] [Times: user=0.01 sys=0.00, real=0.00 secs] 
108.099: Total time for which application threads were stopped: 0.0036690 seconds, Stopping threads took: 0.0013690 seconds
108.175: Application time: 0.0762170 seconds
108.177: [GC [PSYoungGen: 90144K->7024K(96768K)] 100721K->17609K(317952K), 0.0021760 secs] [Times: user=0.01 sys=0.00, real=0.00 secs] 
108.179: Total time for which application threads were stopped: 0.0043500 seconds, Stopping threads took: 0.0020950 seconds
108.254: Application time: 0.0754040 seconds
108.256: [GC [PSYoungGen: 89968K->6848K(96768K)] 100553K->17457K(317952K), 0.0021070 secs] [Times: user=0.01 sys=0.00, real=0.00 secs] 
108.259: Total time for which application threads were stopped: 0.0041260 seconds, Stopping threads took: 0.0019420 seconds
108.337: Application time: 0.0784580 seconds
108.339: [GC [PSYoungGen: 89792K->6048K(96768K)] 100401K->16657K(317952K), 0.0017830 secs] [Times: user=0.02 sys=0.00, real=0.00 secs] 
108.341: Total time for which application threads were stopped: 0.0039660 seconds, Stopping threads took: 0.0020940 seconds
108.417: Application time: 0.0757660 seconds
108.419: [GC [PSYoungGen: 88992K->6864K(96768K)] 99601K->17481K(317952K), 0.0021520 secs] [Times: user=0.01 sys=0.00, real=0.00 secs] 
108.421: Total time for which application threads were stopped: 0.0039100 seconds, Stopping threads took: 0.0016790 seconds
108.499: Application time: 0.0780980 seconds
108.500: [GC [PSYoungGen: 89808K->6144K(96768K)] 100425K->16777K(317952K), 0.0018480 secs] [Times: user=0.01 sys=0.00, real=0.00 secs] 
108.502: Total time for which application threads were stopped: 0.0033970 seconds, Stopping threads took: 0.0014690 seconds
108.580: Application time: 0.0779470 seconds
108.582: [GC [PSYoungGen: 89088K->7392K(96768K)] 99721K->18025K(317952K), 0.0022190 secs] [Times: user=0.02 sys=0.00, real=0.00 secs] 
108.584: Total time for which application threads were stopped: 0.0042340 seconds, Stopping threads took: 0.0019350 seconds
108.662: Application time: 0.0780430 seconds
108.664: [GC [PSYoungGen: 90336K->6304K(96768K)] 100969K->16945K(317952K), 0.0018900 secs] [Times: user=0.01 sys=0.00, real=0.00 secs] 
108.666: Total time for which application threads were stopped: 0.0038720 seconds, Stopping threads took: 0.0019000 seconds
108.743: Application time: 0.0769100 seconds
108.746: [GC [PSYoungGen: 89248K->7168K(96768K)] 99889K->17817K(317952K), 0.0021720 secs] [Times: user=0.01 sys=0.00, real=0.01 secs] 
108.748: Total time for which application threads were stopped: 0.0044960 seconds, Stopping threads took: 0.0022410 seconds
108.821: Application time: 0.0732030 seconds
108.823: [GC [PSYoungGen: 90112K->7232K(96768K)] 100761K->17881K(317952K), 0.0021290 secs] [Times: user=0.01 sys=0.00, real=0.00 secs] 
108.825: Total time for which application threads were stopped: 0.0039990 seconds, Stopping threads took: 0.0017840 seconds
108.900: Application time: 0.0747530 seconds
108.902: [GC [PSYoungGen: 90176K->6640K(96768K)] 100825K->17297K(317952K), 0.0019560 secs] [Times: user=0.02 sys=0.00, real=0.00 secs] 
108.904: Total time for which application threads were stopped: 0.0038380 seconds, Stopping threads took: 0.0017910 seconds
108.977: Application time: 0.0737880 seconds
108.979: [GC [PSYoungGen: 89584K->7472K(96768K)] 100241K->18129K(317952K), 0.0022570 secs] [Times: user=0.02 sys=0.00, real=0.00 secs] 
108.981: Total time for which application threads were stopped: 0.0039080 seconds, Stopping threads took: 0.0015650 seconds
109.058: Application time: 0.0764660 seconds
109.060: [GC [PSYoungGen: 90416K->6576K(96768K)] 101073K->17241K(317952K), 0.0019330 secs] [Times: user=0.01 sys=0.01, real=0.00 secs] 
109.062: Total time for which application threads were stopped: 0.0043910 seconds, Stopping threads took: 0.0023770 seconds
109.140: Application time: 0.0774770 seconds
109.141: [GC [PSYoungGen: 89520K->6816K(96768K)] 100185K->17489K(317952K), 0.0020860 secs] [Times: user=0.01 sys=0.00, real=0.00 secs] 
109.143: Total time for which application threads were stopped: 0.0036430 seconds, Stopping threads took: 0.0014740 seconds
109.217: Application time: 0.0741590 seconds
109.220: [GC [PSYoungGen: 89760K->7344K(96768K)] 100433K->18025K(317952K), 0.0022000 secs] [Times: user=0.01 sys=0.00, real=0.00 secs] 
109.222: Total time for which application threads were stopped: 0.0047430 seconds, Stopping threads took: 0.0024540 seconds
109.301: Application time: 0.0786070 seconds
109.302: [GC [PSYoungGen: 90288K->4544K(96768K)] 100969K->15233K(317952K), 0.0013860 secs] [Times: user=0.01 sys=0.00, real=0.00 secs] 
109.304: Total time for which application threads were stopped: 0.0030470 seconds, Stopping threads took: 0.0015890 seconds
109.380: Application time: 0.0766770 seconds
109.383: [GC [PSYoungGen: 87488K->5808K(96768K)] 98177K->16497K(317952K), 0.0017550 secs] [Times: user=0.01 sys=0.00, real=0.00 secs] 
109.384: Total time for which application threads were stopped: 0.0038540 seconds, Stopping threads took: 0.0020150 seconds
109.463: Application time: 0.0784120 seconds
109.465: [GC [PSYoungGen: 88752K->6128K(96768K)] 99441K->16825K(317952K), 0.0019120 secs] [Times: user=0.01 sys=0.00, real=0.00 secs] 
109.467: Total time for which application threads were stopped: 0.0038190 seconds, Stopping threads took: 0.0018190 seconds
109.542: Application time: 0.0751930 seconds
109.543: [GC [PSYoungGen: 89072K->7792K(96768K)] 99769K->18497K(317952K), 0.0025140 secs] [Times: user=0.02 sys=0.00, real=0.00 secs] 
109.546: Total time for which application threads were stopped: 0.0040090 seconds, Stopping threads took: 0.0014130 seconds
109.623: Application time: 0.0773740 seconds
109.626: [GC [PSYoungGen: 90736K->7696K(96768K)] 101441K->18409K(317952K), 0.0023270 secs] [Times: user=0.02 sys=0.00, real=0.01 secs] 
109.628: Total time for which application threads were stopped: 0.0051790 seconds, Stopping threads took: 0.0027650 seconds
109.705: Application time: 0.0766890 seconds
109.707: [GC [PSYoungGen: 90640K->7680K(96768K)] 101353K->18409K(317952K), 0.0023930 secs] [Times: user=0.01 sys=0.00, real=0.01 secs] 
109.709: Total time for which application threads were stopped: 0.0040230 seconds, Stopping threads took: 0.0015470 seconds
109.788: Application time: 0.0791720 seconds
109.790: [GC [PSYoungGen: 90624K->7424K(96768K)] 101353K->18161K(317952K), 0.0022780 secs] [Times: user=0.01 sys=0.00, real=0.00 secs] 
109.793: Total time for which application threads were stopped: 0.0045420 seconds, Stopping threads took: 0.0021810 seconds
109.871: Application time: 0.0786010 seconds
109.873: [GC [PSYoungGen: 90368K->7488K(96768K)] 101105K->18225K(317952K), 0.0022780 secs] [Times: user=0.01 sys=0.00, real=0.01 secs] 
109.876: Total time for which application threads were stopped: 0.0043780 seconds, Stopping threads took: 0.0020180 seconds
109.953: Application time: 0.0768730 seconds
109.955: [GC [PSYoungGen: 90432K->7488K(96768K)] 101169K->18233K(317952K), 0.0022980 secs] [Times: user=0.01 sys=0.00, real=0.01 secs] 
109.957: Total time for which application threads were stopped: 0.0042540 seconds, Stopping threads took: 0.0018720 seconds
110.034: Application time: 0.0772000 seconds
110.035: [GC [PSYoungGen: 90432K->5696K(96768K)] 101177K->16449K(317952K), 0.0018160 secs] [Times: user=0.01 sys=0.00, real=0.01 secs] 
110.037: Total time for which application threads were stopped: 0.0025720 seconds, Stopping threads took: 0.0006630 seconds
110.116: Application time: 0.0788720 seconds
110.117: [GC [PSYoungGen: 88640K->7856K(96768K)] 99393K->18609K(317952K), 0.0023660 secs] [Times: user=0.01 sys=0.00, real=0.00 secs] 
110.119: Total time for which application threads were stopped: 0.0036290 seconds, Stopping threads took: 0.0011830 seconds
110.196: Application time: 0.0766550 seconds
110.197: [GC [PSYoungGen: 90800K->5184K(96768K)] 101553K->15945K(317952K), 0.0015540 secs] [Times: user=0.01 sys=0.00, real=0.00 secs] 
110.199: Total time for which application threads were stopped: 0.0030130 seconds, Stopping threads took: 0.0013790 seconds
110.277: Application time: 0.0777200 seconds
110.278: [GC [PSYoungGen: 88128K->6176K(96768K)] 98889K->16945K(317952K), 0.0018650 secs] [Times: user=0.02 sys=0.00, real=0.00 secs] 
110.280: Total time for which application threads were stopped: 0.0030220 seconds, Stopping threads took: 0.0010770 seconds
110.354: Application time: 0.0745820 seconds
110.356: [GC [PSYoungGen: 89120K->7728K(96768K)] 99889K->18497K(317952K), 0.0022840 secs] [Times: user=0.02 sys=0.00, real=0.00 secs] 
110.358: Total time for which application threads were stopped: 0.0038030 seconds, Stopping threads took: 0.0014390 seconds
110.431: Application time: 0.0728820 seconds
110.433: [GC [PSYoungGen: 90672K->7696K(96768K)] 101441K->18481K(317952K), 0.0022660 secs] [Times: user=0.02 sys=0.00, real=0.01 secs] 
110.435: Total time for which application threads were stopped: 0.0044460 seconds, Stopping threads took: 0.0020980 seconds
110.509: Application time: 0.0735330 seconds
110.511: [GC [PSYoungGen: 90640K->8304K(96768K)] 101425K->19089K(317952K), 0.0024730 secs] [Times: user=0.02 sys=0.00, real=0.00 secs] 
110.514: Total time for which application threads were stopped: 0.0047360 seconds, Stopping threads took: 0.0021810 seconds
110.590: Application time: 0.0761860 seconds
110.591: [GC [PSYoungGen: 91248K->7120K(96768K)] 102033K->17913K(317952K), 0.0021000 secs] [Times: user=0.01 sys=0.00, real=0.00 secs] 
110.593: Total time for which application threads were stopped: 0.0037330 seconds, Stopping threads took: 0.0015410 seconds
110.669: Application time: 0.0751550 seconds
110.670: [GC [PSYoungGen: 90064K->6288K(96768K)] 100857K->17089K(317952K), 0.0019000 secs] [Times: user=0.01 sys=0.00, real=0.00 secs] 
110.672: Total time for which application threads were stopped: 0.0034210 seconds, Stopping threads took: 0.0014410 seconds
110.746: Application time: 0.0738090 seconds
110.747: [GC [PSYoungGen: 89232K->6768K(96768K)] 100033K->17577K(317952K), 0.0020280 secs] [Times: user=0.01 sys=0.00, real=0.00 secs] 
110.750: Total time for which application threads were stopped: 0.0036680 seconds, Stopping threads took: 0.0015600 seconds
110.830: Application time: 0.0803270 seconds
110.830: [GC [PSYoungGen: 89712K->5760K(96768K)] 100521K->16569K(317952K), 0.0018140 secs] [Times: user=0.01 sys=0.00, real=0.00 secs] 
110.832: Total time for which application threads were stopped: 0.0022770 seconds, Stopping threads took: 0.0003860 seconds
110.911: Application time: 0.0785920 seconds
110.912: [GC [PSYoungGen: 88704K->7840K(96768K)] 99513K->18673K(317952K), 0.0023620 secs] [Times: user=0.02 sys=0.00, real=0.00 secs] 
110.915: Total time for which application threads were stopped: 0.0040080 seconds, Stopping threads took: 0.0015650 seconds
110.991: Application time: 0.0759230 seconds
110.992: [GC [PSYoungGen: 90784K->7776K(96768K)] 101617K->18617K(317952K), 0.0023380 secs] [Times: user=0.02 sys=0.00, real=0.00 secs] 
110.995: Total time for which application threads were stopped: 0.0041550 seconds, Stopping threads took: 0.0017370 seconds
111.074: Application time: 0.0788210 seconds
111.076: [GC [PSYoungGen: 90720K->6736K(96768K)] 101561K->17601K(317952K), 0.0019430 secs] [Times: user=0.01 sys=0.00, real=0.00 secs] 
111.078: Total time for which application threads were stopped: 0.0042910 seconds, Stopping threads took: 0.0022660 seconds
111.153: Application time: 0.0755590 seconds
111.156: [GC [PSYoungGen: 89680K->6128K(96768K)] 100545K->17001K(317952K), 0.0018430 secs] [Times: user=0.01 sys=0.00, real=0.00 secs] 
111.158: Total time for which application threads were stopped: 0.0039950 seconds, Stopping threads took: 0.0020650 seconds
111.233: Application time: 0.0757950 seconds
111.236: [GC [PSYoungGen: 89072K->7232K(96768K)] 99945K->18121K(317952K), 0.0022140 secs] [Times: user=0.02 sys=0.00, real=0.00 secs] 
111.238: Total time for which application threads were stopped: 0.0050120 seconds, Stopping threads took: 0.0027200 seconds
111.313: Application time: 0.0743910 seconds
111.315: [GC [PSYoungGen: 90176K->7360K(96768K)] 101065K->18249K(317952K), 0.0021690 secs] [Times: user=0.02 sys=0.00, real=0.00 secs] 
111.317: Total time for which application threads were stopped: 0.0046810 seconds, Stopping threads took: 0.0024240 seconds
111.394: Application time: 0.0766950 seconds
111.397: [GC [PSYoungGen: 90304K->7312K(96768K)] 101193K->18209K(317952K), 0.0021500 secs] [Times: user=0.01 sys=0.00, real=0.00 secs] 
111.399: Total time for which application threads were stopped: 0.0048690 seconds, Stopping threads took: 0.0026390 seconds
111.472: Application time: 0.0727350 seconds
111.474: [GC [PSYoungGen: 90256K->6976K(96768K)] 101153K->17881K(317952K), 0.0020860 secs] [Times: user=0.02 sys=0.00, real=0.01 secs] 
111.476: Total time for which application threads were stopped: 0.0042020 seconds, Stopping threads took: 0.0020300 seconds
111.557: Application time: 0.0811100 seconds
111.560: [GC [PSYoungGen: 89920K->7312K(96768K)] 100825K->18225K(317952K), 0.0022340 secs] [Times: user=0.01 sys=0.00, real=0.00 secs] 
111.562: Total time for which application threads were stopped: 0.0050150 seconds, Stopping threads took: 0.0026910 seconds
111.643: Application time: 0.0808700 seconds
111.644: [GC [PSYoungGen: 90256K->6560K(96768K)] 101169K->17481K(317952K), 0.0019950 secs] [Times: user=0.02 sys=0.00, real=0.00 secs] 
111.646: Total time for which application threads were stopped: 0.0033550 seconds, Stopping threads took: 0.0012790 seconds
111.725: Application time: 0.0791460 seconds
111.727: [GC [PSYoungGen: 89504K->6784K(96768K)] 100425K->17713K(317952K), 0.0021000 secs] [Times: user=0.01 sys=0.00, real=0.00 secs] 
111.730: Total time for which application threads were stopped: 0.0041170 seconds, Stopping threads took: 0.0019270 seconds
111.807: Application time: 0.0771520 seconds
111.808: [GC [PSYoungGen: 89728K->7696K(96768K)] 100657K->18625K(317952K), 0.0023150 secs] [Times: user=0.02 sys=0.00, real=0.00 secs] 
111.811: Total time for which application threads were stopped: 0.0038270 seconds, Stopping threads took: 0.0014290 seconds
111.890: Application time: 0.0792590 seconds
111.892: [GC [PSYoungGen: 90640K->7104K(96768K)] 101569K->18041K(317952K), 0.0021430 secs] [Times: user=0.01 sys=0.00, real=0.00 secs] 
111.894: Total time for which application threads were stopped: 0.0040100 seconds, Stopping threads took: 0.0017850 seconds
111.970: Application time: 0.0765850 seconds
111.973: [GC [PSYoungGen: 90048K->7456K(96768K)] 100985K->18401K(317952K), 0.0022050 secs] [Times: user=0.02 sys=0.00, real=0.01 secs] 
111.975: Total time for which application threads were stopped: 0.0050480 seconds, Stopping threads took: 0.0027530 seconds
112.056: Application time: 0.0804130 seconds
112.058: [GC [PSYoungGen: 90400K->7008K(96768K)] 101345K->17953K(317952K), 0.0021090 secs] [Times: user=0.01 sys=0.00, real=0.00 secs] 
112.061: Total time for which application threads were stopped: 0.0047330 seconds, Stopping threads took: 0.0025390 seconds
112.140: Application time: 0.0793400 seconds
112.141: [GC [PSYoungGen: 89952K->7040K(96768K)] 100897K->17993K(317952K), 0.0025040 secs] [Times: user=0.02 sys=0.00, real=0.00 secs] 
112.144: Total time for which application threads were stopped: 0.0038460 seconds, Stopping threads took: 0.0012330 seconds
112.228: Application time: 0.0838370 seconds
112.230: [GC [PSYoungGen: 89984K->5104K(96768K)] 100937K->16065K(317952K), 0.0016980 secs] [Times: user=0.01 sys=0.00, real=0.00 secs] 
112.231: Total time for which application threads were stopped: 0.0038190 seconds, Stopping threads took: 0.0020240 seconds
112.316: Application time: 0.0846590 seconds
112.319: [GC [PSYoungGen: 88048K->6336K(96768K)] 99009K->17305K(317952K), 0.0017880 secs] [Times: user=0.01 sys=0.00, real=0.00 secs] 
112.321: Total time for which application threads were stopped: 0.0050280 seconds, Stopping threads took: 0.0031560 seconds
112.400: Application time: 0.0789030 seconds
112.402: [GC [PSYoungGen: 89280K->6208K(96768K)] 100249K->17177K(317952K), 0.0018880 secs] [Times: user=0.01 sys=0.01, real=0.00 secs] 
112.404: Total time for which application threads were stopped: 0.0041140 seconds, Stopping threads took: 0.0021420 seconds
112.489: Application time: 0.0848830 seconds
112.491: [GC [PSYoungGen: 89152K->3584K(96768K)] 100121K->14561K(317952K), 0.0010850 secs] [Times: user=0.00 sys=0.00, real=0.00 secs] 
112.492: Total time for which application threads were stopped: 0.0033620 seconds, Stopping threads took: 0.0016880 seconds
112.577: Application time: 0.0847130 seconds
112.579: [GC [PSYoungGen: 86528K->6512K(96768K)] 97505K->17497K(317952K), 0.0021700 secs] [Times: user=0.02 sys=0.00, real=0.00 secs] 
112.581: Total time for which application threads were stopped: 0.0038480 seconds, Stopping threads took: 0.0015940 seconds
112.661: Application time: 0.0805530 seconds
112.664: [GC [PSYoungGen: 89456K->7536K(96768K)] 100441K->18529K(317952K), 0.0023010 secs] [Times: user=0.02 sys=0.00, real=0.00 secs] 
112.667: Total time for which application threads were stopped: 0.0053030 seconds, Stopping threads took: 0.0029150 seconds
112.746: Application time: 0.0788770 seconds
112.749: [GC [PSYoungGen: 90480K->6448K(96768K)] 101473K->17449K(317952K), 0.0020020 secs] [Times: user=0.01 sys=0.00, real=0.00 secs] 
112.751: Total time for which application threads were stopped: 0.0052440 seconds, Stopping threads took: 0.0031340 seconds
112.832: Application time: 0.0807720 seconds
112.834: [GC [PSYoungGen: 89392K->8256K(96768K)] 100393K->19289K(317952K), 0.0024440 secs] [Times: user=0.01 sys=0.00, real=0.01 secs] 
112.837: Total time for which application threads were stopped: 0.0050830 seconds, Stopping threads took: 0.0025550 seconds
112.916: Application time: 0.0792530 seconds
112.917: [GC [PSYoungGen: 91200K->7344K(96768K)] 102233K->18377K(317952K), 0.0021820 secs] [Times: user=0.02 sys=0.00, real=0.00 secs] 
112.919: Total time for which application threads were stopped: 0.0030640 seconds, Stopping threads took: 0.0007940 seconds
113.003: Application time: 0.0842040 seconds
113.005: [GC [PSYoungGen: 90288K->7744K(96768K)] 101321K->18785K(317952K), 0.0023310 secs] [Times: user=0.01 sys=0.00, real=0.01 secs] 
113.007: Total time for which application threads were stopped: 0.0039680 seconds, Stopping threads took: 0.0015430 seconds
113.092: Application time: 0.0845510 seconds
113.094: [GC [PSYoungGen: 90688K->7376K(96768K)] 101729K->18433K(317952K), 0.0022570 secs] [Times: user=0.02 sys=0.00, real=0.01 secs] 
113.096: Total time for which application threads were stopped: 0.0041450 seconds, Stopping threads took: 0.0018050 seconds
113.180: Application time: 0.0845020 seconds
113.182: [GC [PSYoungGen: 90320K->5056K(96768K)] 101377K->16121K(317952K), 0.0015580 secs] [Times: user=0.01 sys=0.00, real=0.00 secs] 
113.183: Total time for which application threads were stopped: 0.0026960 seconds, Stopping threads took: 0.0010500 seconds
113.267: Application time: 0.0838780 seconds
113.269: [GC [PSYoungGen: 88000K->7040K(96768K)] 99065K->18113K(317952K), 0.0020880 secs] [Times: user=0.01 sys=0.00, real=0.00 secs] 
113.271: Total time for which application threads were stopped: 0.0041290 seconds, Stopping threads took: 0.0019420 seconds
113.351: Application time: 0.0796980 seconds
113.354: [GC [PSYoungGen: 89984K->6416K(96768K)] 101057K->17497K(317952K), 0.0019130 secs] [Times: user=0.01 sys=0.00, real=0.01 secs] 
113.356: Total time for which application threads were stopped: 0.0052240 seconds, Stopping threads took: 0.0032270 seconds
113.434: Application time: 0.0776960 seconds
113.435: [GC [PSYoungGen: 89360K->7072K(96768K)] 100441K->18153K(317952K), 0.0021420 secs] [Times: user=0.01 sys=0.00, real=0.00 secs] 
113.438: Total time for which application threads were stopped: 0.0038220 seconds, Stopping threads took: 0.0015980 seconds
113.516: Application time: 0.0779300 seconds
113.517: [GC [PSYoungGen: 90016K->6592K(96768K)] 101097K->17681K(317952K), 0.0020350 secs] [Times: user=0.01 sys=0.00, real=0.00 secs] 
113.520: Total time for which application threads were stopped: 0.0039890 seconds, Stopping threads took: 0.0018710 seconds
113.602: Application time: 0.0821030 seconds
113.605: [GC [PSYoungGen: 89536K->8048K(96768K)] 100625K->19145K(317952K), 0.0024720 secs] [Times: user=0.01 sys=0.00, real=0.00 secs] 
113.607: Total time for which application threads were stopped: 0.0054050 seconds, Stopping threads took: 0.0028480 seconds
113.687: Application time: 0.0799380 seconds
113.689: [GC [PSYoungGen: 90992K->7600K(96768K)] 102089K->18705K(317952K), 0.0023480 secs] [Times: user=0.02 sys=0.00, real=0.00 secs] 
113.692: Total time for which application threads were stopped: 0.0047060 seconds, Stopping threads took: 0.0022730 seconds
113.768: Application time: 0.0767410 seconds
113.772: [GC [PSYoungGen: 90544K->7744K(96768K)] 101649K->18857K(317952K), 0.0022510 secs] [Times: user=0.01 sys=0.00, real=0.00 secs] 
113.774: Total time for which application threads were stopped: 0.0054170 seconds, Stopping threads took: 0.0030730 seconds
113.853: Application time: 0.0793680 seconds
113.856: [GC [PSYoungGen: 90688K->6288K(96768K)] 101801K->17409K(317952K), 0.0019350 secs] [Times: user=0.01 sys=0.00, real=0.00 secs] 
113.858: Total time for which application threads were stopped: 0.0044580 seconds, Stopping threads took: 0.0024430 seconds
113.939: Application time: 0.0810900 seconds
113.940: [GC [PSYoungGen: 89232K->5504K(96768K)] 100353K->16625K(317952K), 0.0017070 secs] [Times: user=0.01 sys=0.00, real=0.00 secs] 
113.942: Total time for which application threads were stopped: 0.0031440 seconds, Stopping threads took: 0.0013540 seconds
114.024: Application time: 0.0821350 seconds
114.027: [GC [PSYoungGen: 88448K->5824K(96768K)] 99569K->16953K(317952K), 0.0017970 secs] [Times: user=0.00 sys=0.01, real=0.01 secs] 
114.029: Total time for which application threads were stopped: 0.0048810 seconds, Stopping threads took: 0.0030010 seconds
114.112: Application time: 0.0830940 seconds
114.115: [GC [PSYoungGen: 88768K->6464K(96768K)] 99897K->17601K(317952K), 0.0019720 secs] [Times: user=0.01 sys=0.00, real=0.00 secs] 
114.117: Total time for which application threads were stopped: 0.0051280 seconds, Stopping threads took: 0.0030650 seconds
114.198: Application time: 0.0809250 seconds
114.201: [GC [PSYoungGen: 89408K->6560K(96768K)] 100545K->17697K(317952K), 0.0020450 secs] [Times: user=0.02 sys=0.00, real=0.00 secs] 
114.203: Total time for which application threads were stopped: 0.0053090 seconds, Stopping threads took: 0.0031760 seconds
114.285: Application time: 0.0814740 seconds
114.286: [GC [PSYoungGen: 89504K->7024K(96768K)] 100641K->18169K(317952K), 0.0023370 secs] [Times: user=0.02 sys=0.00, real=0.01 secs] 
114.289: Total time for which application threads were stopped: 0.0036410 seconds, Stopping threads took: 0.0011900 seconds
114.366: Application time: 0.0773280 seconds
114.369: [GC [PSYoungGen: 89968K->8112K(96768K)] 101113K->19273K(317952K), 0.0024290 secs] [Times: user=0.02 sys=0.00, real=0.00 secs] 
114.372: Total time for which application threads were stopped: 0.0056800 seconds, Stopping threads took: 0.0031600 seconds
114.450: Application time: 0.0781660 seconds
114.451: [GC [PSYoungGen: 91056K->7120K(96768K)] 102217K->18289K(317952K), 0.0022490 secs] [Times: user=0.02 sys=0.00, real=0.00 secs] 
114.453: Total time for which application threads were stopped: 0.0033070 seconds, Stopping threads took: 0.0009730 seconds
114.532: Application time: 0.0788090 seconds
114.534: [GC [PSYoungGen: 90064K->7232K(96768K)] 101233K->18401K(317952K), 0.0021850 secs] [Times: user=0.02 sys=0.00, real=0.01 secs] 
114.536: Total time for which application threads were stopped: 0.0043400 seconds, Stopping threads took: 0.0020720 seconds
114.617: Application time: 0.0803250 seconds
114.619: [GC [PSYoungGen: 90176K->6512K(96768K)] 101345K->17689K(317952K), 0.0019210 secs] [Times: user=0.01 sys=0.00, real=0.00 secs] 
114.621: Total time for which application threads were stopped: 0.0040650 seconds, Stopping threads took: 0.0020610 seconds
114.706: Application time: 0.0853180 seconds
114.708: [GC [PSYoungGen: 89456K->5600K(96768K)] 100633K->16785K(317952K), 0.0016410 secs] [Times: user=0.01 sys=0.00, real=0.00 secs] 
114.710: Total time for which application threads were stopped: 0.0036720 seconds, Stopping threads took: 0.0019540 seconds
114.797: Application time: 0.0869740 seconds
114.798: [GC [PSYoungGen: 88544K->3680K(96768K)] 99729K->14873K(317952K), 0.0010880 secs] [Times: user=0.01 sys=0.00, real=0.00 secs] 
114.799: Total time for which application threads were stopped: 0.0024650 seconds, Stopping threads took: 0.0012860 seconds
114.884: Application time: 0.0853590 seconds
114.887: [GC [PSYoungGen: 86624K->4832K(96768K)] 97817K->16033K(317952K), 0.0014430 secs] [Times: user=0.00 sys=0.00, real=0.01 secs] 
114.889: Total time for which application threads were stopped: 0.0041590 seconds, Stopping threads took: 0.0026430 seconds
114.967: Application time: 0.0786660 seconds
114.969: [GC [PSYoungGen: 87776K->5888K(96768K)] 98977K->17097K(317952K), 0.0018990 secs] [Times: user=0.02 sys=0.00, real=0.00 secs] 
114.971: Total time for which application threads were stopped: 0.0034440 seconds, Stopping threads took: 0.0014510 seconds
115.057: Application time: 0.0860510 seconds
115.059: [GC [PSYoungGen: 88832K->4752K(96768K)] 100041K->15961K(317952K), 0.0014780 secs] [Times: user=0.01 sys=0.00, real=0.00 secs] 
115.060: Total time for which application threads were stopped: 0.0033060 seconds, Stopping threads took: 0.0017330 seconds
115.143: Application time: 0.0825750 seconds
115.144: [GC [PSYoungGen: 87696K->5760K(96768K)] 98905K->16977K(317952K), 0.0017910 secs] [Times: user=0.01 sys=0.00, real=0.00 secs] 
115.146: Total time for which application threads were stopped: 0.0033330 seconds, Stopping threads took: 0.0014360 seconds
115.226: Application time: 0.0801470 seconds
115.228: [GC [PSYoungGen: 88704K->7488K(96768K)] 99921K->18721K(317952K), 0.0023980 secs] [Times: user=0.02 sys=0.00, real=0.00 secs] 
115.231: Total time for which application threads were stopped: 0.0045290 seconds, Stopping threads took: 0.0020430 seconds
115.314: Application time: 0.0832930 seconds
115.316: [GC [PSYoungGen: 90432K->6768K(96768K)] 101665K->18009K(317952K), 0.0020060 secs] [Times: user=0.01 sys=0.00, real=0.00 secs] 
115.318: Total time for which application threads were stopped: 0.0045400 seconds, Stopping threads took: 0.0024430 seconds
115.396: Application time: 0.0771940 seconds
115.398: [GC [PSYoungGen: 89712K->7888K(96768K)] 100953K->19153K(317952K), 0.0023700 secs] [Times: user=0.02 sys=0.00, real=0.00 secs] 
115.400: Total time for which application threads were stopped: 0.0044940 seconds, Stopping threads took: 0.0020390 seconds
115.479: Application time: 0.0791710 seconds
115.482: [GC [PSYoungGen: 90832K->7536K(96768K)] 102097K->18809K(317952K), 0.0022590 secs] [Times: user=0.02 sys=0.00, real=0.00 secs] 
115.484: Total time for which application threads were stopped: 0.0050990 seconds, Stopping threads took: 0.0027600 seconds
115.569: Application time: 0.0844460 seconds
115.571: [GC [PSYoungGen: 90480K->7616K(96768K)] 101753K->18889K(317952K), 0.0022380 secs] [Times: user=0.02 sys=0.00, real=0.00 secs] 
115.573: Total time for which application threads were stopped: 0.0041620 seconds, Stopping threads took: 0.0018410 seconds
115.654: Application time: 0.0806480 seconds
115.657: [GC [PSYoungGen: 90560K->7520K(96768K)] 101833K->18801K(317952K), 0.0022090 secs] [Times: user=0.02 sys=0.00, real=0.00 secs] 
115.659: Total time for which application threads were stopped: 0.0051220 seconds, Stopping threads took: 0.0028290 seconds
115.743: Application time: 0.0837470 seconds
115.743: [GC [PSYoungGen: 90464K->4368K(96768K)] 101745K->15657K(317952K), 0.0014450 secs] [Times: user=0.00 sys=0.01, real=0.00 secs] 
115.744: Total time for which application threads were stopped: 0.0016740 seconds, Stopping threads took: 0.0001600 seconds
115.829: Application time: 0.0843690 seconds
115.831: [GC [PSYoungGen: 87312K->4464K(96768K)] 98601K->15761K(317952K), 0.0013790 secs] [Times: user=0.01 sys=0.00, real=0.00 secs] 
115.832: Total time for which application threads were stopped: 0.0034850 seconds, Stopping threads took: 0.0020220 seconds
115.911: Application time: 0.0786830 seconds
115.912: [GC [PSYoungGen: 87408K->5504K(96768K)] 98705K->16809K(317952K), 0.0017150 secs] [Times: user=0.01 sys=0.00, real=0.00 secs] 
115.914: Total time for which application threads were stopped: 0.0034130 seconds, Stopping threads took: 0.0016210 seconds
115.989: Application time: 0.0745070 seconds
115.991: [GC [PSYoungGen: 88448K->7376K(96768K)] 99753K->18689K(317952K), 0.0022180 secs] [Times: user=0.01 sys=0.00, real=0.00 secs] 
115.993: Total time for which application threads were stopped: 0.0045800 seconds, Stopping threads took: 0.0022830 seconds
116.067: Application time: 0.0740220 seconds
116.069: [GC [PSYoungGen: 90320K->7056K(96768K)] 101633K->18369K(317952K), 0.0020940 secs] [Times: user=0.02 sys=0.00, real=0.00 secs] 
116.071: Total time for which application threads were stopped: 0.0037010 seconds, Stopping threads took: 0.0015260 seconds
116.152: Application time: 0.0809850 seconds
116.154: [GC [PSYoungGen: 90000K->5104K(96768K)] 101313K->16417K(317952K), 0.0015260 secs] [Times: user=0.00 sys=0.00, real=0.01 secs] 
116.155: Total time for which application threads were stopped: 0.0034450 seconds, Stopping threads took: 0.0018430 seconds
116.235: Application time: 0.0798100 seconds
116.237: [GC [PSYoungGen: 88048K->5376K(96768K)] 99361K->16697K(317952K), 0.0015760 secs] [Times: user=0.01 sys=0.00, real=0.00 secs] 
116.239: Total time for which application threads were stopped: 0.0037140 seconds, Stopping threads took: 0.0020580 seconds
116.317: Application time: 0.0777930 seconds
116.319: [GC [PSYoungGen: 88318K->6064K(96768K)] 99640K->17393K(317952K), 0.0018020 secs] [Times: user=0.01 sys=0.00, real=0.00 secs] 
116.320: Total time for which application threads were stopped: 0.0037040 seconds, Stopping threads took: 0.0018200 seconds
116.394: Application time: 0.0736070 seconds
116.396: [GC [PSYoungGen: 89008K->7136K(96768K)] 100337K->18465K(317952K), 0.0021110 secs] [Times: user=0.02 sys=0.00, real=0.00 secs] 
116.398: Total time for which application threads were stopped: 0.0041850 seconds, Stopping threads took: 0.0019860 seconds
116.472: Application time: 0.0739420 seconds
116.475: [GC [PSYoungGen: 90080K->6448K(96768K)] 101409K->17785K(317952K), 0.0019280 secs] [Times: user=0.01 sys=0.00, real=0.01 secs] 
116.477: Total time for which application threads were stopped: 0.0047750 seconds, Stopping threads took: 0.0027640 seconds
116.550: Application time: 0.0732400 seconds
116.552: [GC [PSYoungGen: 89392K->7040K(96768K)] 100729K->18385K(317952K), 0.0021820 secs] [Times: user=0.01 sys=0.00, real=0.00 secs] 
116.554: Total time for which application threads were stopped: 0.0038800 seconds, Stopping threads took: 0.0016090 seconds
116.630: Application time: 0.0755390 seconds
116.631: [GC [PSYoungGen: 89984K->6352K(96768K)] 101329K->17697K(317952K), 0.0019060 secs] [Times: user=0.02 sys=0.00, real=0.00 secs] 
116.633: Total time for which application threads were stopped: 0.0035480 seconds, Stopping threads took: 0.0015570 seconds
116.711: Application time: 0.0776440 seconds
116.714: [GC [PSYoungGen: 89296K->6704K(96768K)] 100641K->18057K(317952K), 0.0020000 secs] [Times: user=0.02 sys=0.00, real=0.01 secs] 
116.716: Total time for which application threads were stopped: 0.0046770 seconds, Stopping threads took: 0.0025940 seconds
116.793: Application time: 0.0771500 seconds
116.795: [GC [PSYoungGen: 89648K->7104K(96768K)] 101001K->18457K(317952K), 0.0021360 secs] [Times: user=0.01 sys=0.00, real=0.01 secs] 
116.797: Total time for which application threads were stopped: 0.0040670 seconds, Stopping threads took: 0.0018480 seconds
116.872: Application time: 0.0753870 seconds
116.873: [GC [PSYoungGen: 90048K->8384K(96768K)] 101401K->19745K(317952K), 0.0025930 secs] [Times: user=0.01 sys=0.00, real=0.01 secs] 
116.876: Total time for which application threads were stopped: 0.0039430 seconds, Stopping threads took: 0.0012700 seconds
116.952: Application time: 0.0761100 seconds
116.954: [GC [PSYoungGen: 91328K->6336K(96768K)] 102689K->17713K(317952K), 0.0019060 secs] [Times: user=0.02 sys=0.00, real=0.01 secs] 
116.956: Total time for which application threads were stopped: 0.0034110 seconds, Stopping threads took: 0.0014150 seconds
117.029: Application time: 0.0732460 seconds
117.031: [GC [PSYoungGen: 89280K->6448K(96768K)] 100657K->17833K(317952K), 0.0019000 secs] [Times: user=0.01 sys=0.00, real=0.00 secs] 
117.033: Total time for which application threads were stopped: 0.0040140 seconds, Stopping threads took: 0.0020270 seconds
117.106: Application time: 0.0727150 seconds
117.108: [GC [PSYoungGen: 89392K->7184K(96768K)] 100777K->18569K(317952K), 0.0021330 secs] [Times: user=0.02 sys=0.01, real=0.00 secs] 
117.110: Total time for which application threads were stopped: 0.0041590 seconds, Stopping threads took: 0.0019460 seconds
117.182: Application time: 0.0724360 seconds
117.184: [GC [PSYoungGen: 90128K->8192K(96768K)] 101513K->19601K(317952K), 0.0024690 secs] [Times: user=0.02 sys=0.00, real=0.00 secs] 
117.186: Total time for which application threads were stopped: 0.0042320 seconds, Stopping threads took: 0.0016830 seconds
117.262: Application time: 0.0755290 seconds
117.264: [GC [PSYoungGen: 91136K->7104K(96768K)] 102545K->18521K(317952K), 0.0021220 secs] [Times: user=0.02 sys=0.00, real=0.00 secs] 
117.266: Total time for which application threads were stopped: 0.0038060 seconds, Stopping threads took: 0.0016010 seconds
117.343: Application time: 0.0767900 seconds
117.345: [GC [PSYoungGen: 90048K->7504K(96768K)] 101465K->18929K(317952K), 0.0023020 secs] [Times: user=0.00 sys=0.00, real=0.01 secs] 
117.347: Total time for which application threads were stopped: 0.0048570 seconds, Stopping threads took: 0.0024750 seconds
117.422: Application time: 0.0749510 seconds
117.425: [GC [PSYoungGen: 90448K->7824K(96768K)] 101873K->19257K(317952K), 0.0023240 secs] [Times: user=0.01 sys=0.00, real=0.01 secs] 
117.427: Total time for which application threads were stopped: 0.0050310 seconds, Stopping threads took: 0.0026240 seconds
117.503: Application time: 0.0755750 seconds
117.505: [GC [PSYoungGen: 90768K->7648K(96768K)] 102201K->19089K(317952K), 0.0023190 secs] [Times: user=0.01 sys=0.00, real=0.01 secs] 
117.508: Total time for which application threads were stopped: 0.0046870 seconds, Stopping threads took: 0.0022740 seconds
117.582: Application time: 0.0742940 seconds
117.584: [GC [PSYoungGen: 90592K->7568K(96768K)] 102033K->19009K(317952K), 0.0022390 secs] [Times: user=0.01 sys=0.00, real=0.00 secs] 
117.586: Total time for which application threads were stopped: 0.0041370 seconds, Stopping threads took: 0.0018140 seconds
117.666: Application time: 0.0798380 seconds
117.668: [GC [PSYoungGen: 90512K->8208K(96768K)] 101953K->19657K(317952K), 0.0025500 secs] [Times: user=0.01 sys=0.00, real=0.00 secs] 
117.671: Total time for which application threads were stopped: 0.0046650 seconds, Stopping threads took: 0.0020360 seconds
117.753: Application time: 0.0828150 seconds
117.755: [GC [PSYoungGen: 91152K->4496K(96768K)] 102601K->15953K(317952K), 0.0015300 secs] [Times: user=0.01 sys=0.00, real=0.01 secs] 
117.756: Total time for which application threads were stopped: 0.0027480 seconds, Stopping threads took: 0.0011430 seconds
117.841: Application time: 0.0851690 seconds
117.842: [GC [PSYoungGen: 87440K->5456K(96768K)] 98897K->16921K(317952K), 0.0015900 secs] [Times: user=0.01 sys=0.00, real=0.00 secs] 
117.843: Total time for which application threads were stopped: 0.0019170 seconds, Stopping threads took: 0.0002470 seconds
117.918: Application time: 0.0743820 seconds
117.920: [GC [PSYoungGen: 88400K->8192K(96768K)] 99865K->19657K(317952K), 0.0024530 secs] [Times: user=0.01 sys=0.00, real=0.00 secs] 
117.922: Total time for which application threads were stopped: 0.0044340 seconds, Stopping threads took: 0.0019010 seconds
117.995: Application time: 0.0732820 seconds
117.997: [GC [PSYoungGen: 91136K->7344K(96768K)] 102601K->18825K(317952K), 0.0022980 secs] [Times: user=0.02 sys=0.00, real=0.00 secs] 
118.000: Total time for which application threads were stopped: 0.0041150 seconds, Stopping threads took: 0.0017350 seconds
118.073: Application time: 0.0735810 seconds
118.076: [GC [PSYoungGen: 90288K->7232K(96768K)] 101769K->18713K(317952K), 0.0021720 secs] [Times: user=0.01 sys=0.00, real=0.00 secs] 
118.078: Total time for which application threads were stopped: 0.0046290 seconds, Stopping threads took: 0.0023720 seconds
118.150: Application time: 0.0725280 seconds
118.152: [GC [PSYoungGen: 90176K->7248K(96768K)] 101657K->18729K(317952K), 0.0022200 secs] [Times: user=0.02 sys=0.00, real=0.00 secs] 
118.154: Total time for which application threads were stopped: 0.0040140 seconds, Stopping threads took: 0.0017170 seconds
118.229: Application time: 0.0751220 seconds
118.231: [GC [PSYoungGen: 90192K->7312K(96768K)] 101673K->18801K(317952K), 0.0022170 secs] [Times: user=0.02 sys=0.00, real=0.00 secs] 
118.233: Total time for which application threads were stopped: 0.0037190 seconds, Stopping threads took: 0.0014180 seconds
118.309: Application time: 0.0763260 seconds
118.311: [GC [PSYoungGen: 90256K->6336K(96768K)] 101745K->17833K(317952K), 0.0017790 secs] [Times: user=0.01 sys=0.00, real=0.00 secs] 
118.313: Total time for which application threads were stopped: 0.0038250 seconds, Stopping threads took: 0.0019710 seconds
118.386: Application time: 0.0726590 seconds
118.388: [GC [PSYoungGen: 89280K->6832K(96768K)] 100777K->18329K(317952K), 0.0020640 secs] [Times: user=0.01 sys=0.00, real=0.00 secs] 
118.390: Total time for which application threads were stopped: 0.0041350 seconds, Stopping threads took: 0.0019900 seconds
118.465: Application time: 0.0747160 seconds
118.467: [GC [PSYoungGen: 89776K->7312K(96768K)] 101273K->18817K(317952K), 0.0021940 secs] [Times: user=0.02 sys=0.00, real=0.01 secs] 
118.469: Total time for which application threads were stopped: 0.0041040 seconds, Stopping threads took: 0.0018250 seconds
118.542: Application time: 0.0735310 seconds
118.545: [GC [PSYoungGen: 90256K->6880K(96768K)] 101761K->18393K(317952K), 0.0021120 secs] [Times: user=0.02 sys=0.00, real=0.01 secs] 
118.547: Total time for which application threads were stopped: 0.0049400 seconds, Stopping threads took: 0.0027470 seconds
118.623: Application time: 0.0752790 seconds
118.624: [GC [PSYoungGen: 89824K->5824K(96768K)] 101337K->17337K(317952K), 0.0017190 secs] [Times: user=0.01 sys=0.00, real=0.00 secs] 
118.626: Total time for which application threads were stopped: 0.0034110 seconds, Stopping threads took: 0.0016030 seconds
118.703: Application time: 0.0767680 seconds
118.704: [GC [PSYoungGen: 88768K->6640K(96768K)] 100281K->18161K(317952K), 0.0023120 secs] [Times: user=0.02 sys=0.00, real=0.00 secs] 
118.707: Total time for which application threads were stopped: 0.0039640 seconds, Stopping threads took: 0.0015490 seconds
118.781: Application time: 0.0741510 seconds
118.782: [GC [PSYoungGen: 89584K->6704K(96768K)] 101105K->18233K(317952K), 0.0020570 secs] [Times: user=0.01 sys=0.00, real=0.00 secs] 
118.784: Total time for which application threads were stopped: 0.0032290 seconds, Stopping threads took: 0.0010920 seconds
118.860: Application time: 0.0761810 seconds
118.862: [GC [PSYoungGen: 89648K->6112K(96768K)] 101177K->17641K(317952K), 0.0018200 secs] [Times: user=0.01 sys=0.00, real=0.00 secs] 
118.864: Total time for which application threads were stopped: 0.0036860 seconds, Stopping threads took: 0.0017830 seconds
118.939: Application time: 0.0745930 seconds
118.941: [GC [PSYoungGen: 89056K->7296K(96768K)] 100585K->18833K(317952K), 0.0022330 secs] [Times: user=0.01 sys=0.00, real=0.00 secs] 
118.943: Total time for which application threads were stopped: 0.0041620 seconds, Stopping threads took: 0.0018500 seconds
119.016: Application time: 0.0728860 seconds
119.017: [GC [PSYoungGen: 90240K->7840K(96768K)] 101777K->19393K(317952K), 0.0022970 secs] [Times: user=0.02 sys=0.00, real=0.00 secs] 
119.020: Total time for which application threads were stopped: 0.0041070 seconds, Stopping threads took: 0.0017300 seconds
119.094: Application time: 0.0743320 seconds
119.097: [GC [PSYoungGen: 90784K->7536K(96768K)] 102337K->19089K(317952K), 0.0023620 secs] [Times: user=0.01 sys=0.00, real=0.00 secs] 
119.099: Total time for which application threads were stopped: 0.0051490 seconds, Stopping threads took: 0.0027030 seconds
119.175: Application time: 0.0755420 seconds
119.177: [GC [PSYoungGen: 90480K->7008K(96768K)] 102033K->18585K(317952K), 0.0021190 secs] [Times: user=0.02 sys=0.00, real=0.00 secs] 
119.179: Total time for which application threads were stopped: 0.0042310 seconds, Stopping threads took: 0.0020120 seconds
119.257: Application time: 0.0777230 seconds
119.258: [GC [PSYoungGen: 89952K->4512K(96768K)] 101529K->16097K(317952K), 0.0014730 secs] [Times: user=0.01 sys=0.00, real=0.00 secs] 
119.260: Total time for which application threads were stopped: 0.0028750 seconds, Stopping threads took: 0.0013240 seconds
119.337: Application time: 0.0770130 seconds
119.338: [GC [PSYoungGen: 87456K->6688K(96768K)] 99041K->18281K(317952K), 0.0019490 secs] [Times: user=0.01 sys=0.00, real=0.00 secs] 
119.340: Total time for which application threads were stopped: 0.0031860 seconds, Stopping threads took: 0.0011540 seconds
119.419: Application time: 0.0792960 seconds
119.422: [GC [PSYoungGen: 89632K->5408K(96768K)] 101225K->17009K(317952K), 0.0015660 secs] [Times: user=0.01 sys=0.00, real=0.00 secs] 
119.423: Total time for which application threads were stopped: 0.0040530 seconds, Stopping threads took: 0.0024140 seconds
119.504: Application time: 0.0804250 seconds
119.505: [GC [PSYoungGen: 88352K->6224K(96768K)] 99953K->17833K(317952K), 0.0018450 secs] [Times: user=0.01 sys=0.00, real=0.01 secs] 
119.507: Total time for which application threads were stopped: 0.0036060 seconds, Stopping threads took: 0.0016790 seconds
119.589: Application time: 0.0815400 seconds
119.592: [GC [PSYoungGen: 89168K->6400K(96768K)] 100777K->18009K(317952K), 0.0019130 secs] [Times: user=0.01 sys=0.00, real=0.00 secs] 
119.594: Total time for which application threads were stopped: 0.0051710 seconds, Stopping threads took: 0.0031770 seconds
119.673: Application time: 0.0793100 seconds
119.676: [GC [PSYoungGen: 89344K->7536K(96768K)] 100953K->19145K(317952K), 0.0021930 secs] [Times: user=0.02 sys=0.00, real=0.00 secs] 
119.679: Total time for which application threads were stopped: 0.0054200 seconds, Stopping threads took: 0.0031420 seconds
119.761: Application time: 0.0818520 seconds
119.763: [GC [PSYoungGen: 90480K->8448K(96768K)] 102089K->20081K(317952K), 0.0025870 secs] [Times: user=0.02 sys=0.00, real=0.00 secs] 
119.766: Total time for which application threads were stopped: 0.0050160 seconds, Stopping threads took: 0.0023350 seconds
119.848: Application time: 0.0823130 seconds
119.850: [GC [PSYoungGen: 91392K->7056K(96768K)] 103025K->18697K(317952K), 0.0020930 secs] [Times: user=0.01 sys=0.00, real=0.00 secs] 
119.852: Total time for which application threads were stopped: 0.0044470 seconds, Stopping threads took: 0.0022640 seconds
119.934: Application time: 0.0814690 seconds
119.936: [GC [PSYoungGen: 90000K->8240K(96768K)] 101641K->19881K(317952K), 0.0025660 secs] [Times: user=0.01 sys=0.00, real=0.00 secs] 
119.938: Total time for which application threads were stopped: 0.0044280 seconds, Stopping threads took: 0.0017830 seconds
120.019: Application time: 0.0809810 seconds
120.021: [GC [PSYoungGen: 91184K->4912K(96768K)] 102825K->16561K(317952K), 0.0015240 secs] [Times: user=0.01 sys=0.00, real=0.00 secs] 
120.022: Total time for which application threads were stopped: 0.0031900 seconds, Stopping threads took: 0.0015890 seconds
120.103: Application time: 0.0802470 seconds
120.105: [GC [PSYoungGen: 87856K->7232K(96768K)] 99505K->18881K(317952K), 0.0021510 secs] [Times: user=0.02 sys=0.00, real=0.00 secs] 
120.107: Total time for which application threads were stopped: 0.0043140 seconds, Stopping threads took: 0.0020800 seconds
120.187: Application time: 0.0802190 seconds
120.189: [GC [PSYoungGen: 90176K->7392K(96768K)] 101825K->19041K(317952K), 0.0022200 secs] [Times: user=0.01 sys=0.00, real=0.00 secs] 
120.192: Total time for which application threads were stopped: 0.0044860 seconds, Stopping threads took: 0.0021840 seconds
120.271: Application time: 0.0794410 seconds
120.273: [GC [PSYoungGen: 90336K->7440K(96768K)] 101985K->19097K(317952K), 0.0022440 secs] [Times: user=0.02 sys=0.00, real=0.01 secs] 
120.275: Total time for which application threads were stopped: 0.0042740 seconds, Stopping threads took: 0.0019400 seconds
120.357: Application time: 0.0814950 seconds
120.358: [GC [PSYoungGen: 90384K->5744K(96768K)] 102041K->17409K(317952K), 0.0017860 secs] [Times: user=0.01 sys=0.00, real=0.00 secs] 
120.360: Total time for which application threads were stopped: 0.0030800 seconds, Stopping threads took: 0.0012110 seconds
120.445: Application time: 0.0853030 seconds
120.448: [GC [PSYoungGen: 88686K->6096K(96768K)] 100351K->17761K(317952K), 0.0018760 secs] [Times: user=0.01 sys=0.00, real=0.00 secs] 
120.450: Total time for which application threads were stopped: 0.0043790 seconds, Stopping threads took: 0.0024200 seconds
120.533: Application time: 0.0829010 seconds
120.535: [GC [PSYoungGen: 89040K->6272K(96768K)] 100705K->17945K(317952K), 0.0018270 secs] [Times: user=0.01 sys=0.00, real=0.01 secs] 
120.537: Total time for which application threads were stopped: 0.0041270 seconds, Stopping threads took: 0.0022190 seconds
120.613: Application time: 0.0762120 seconds
120.616: [GC [PSYoungGen: 89216K->8000K(96768K)] 100889K->19697K(317952K), 0.0023750 secs] [Times: user=0.01 sys=0.00, real=0.00 secs] 
120.618: Total time for which application threads were stopped: 0.0052760 seconds, Stopping threads took: 0.0028170 seconds
120.696: Application time: 0.0773030 seconds
120.698: [GC [PSYoungGen: 90944K->6944K(96768K)] 102641K->18641K(317952K), 0.0020880 secs] [Times: user=0.02 sys=0.00, real=0.00 secs] 
120.700: Total time for which application threads were stopped: 0.0048870 seconds, Stopping threads took: 0.0027140 seconds
120.778: Application time: 0.0777700 seconds
120.780: [GC [PSYoungGen: 89888K->7856K(96768K)] 101585K->19577K(317952K), 0.0023830 secs] [Times: user=0.02 sys=0.00, real=0.00 secs] 
120.782: Total time for which application threads were stopped: 0.0041860 seconds, Stopping threads took: 0.0017060 seconds
120.862: Application time: 0.0800410 seconds
120.866: [GC [PSYoungGen: 90800K->7472K(96768K)] 102521K->19201K(317952K), 0.0021940 secs] [Times: user=0.02 sys=0.00, real=0.01 secs] 
120.868: Total time for which application threads were stopped: 0.0054960 seconds, Stopping threads took: 0.0032180 seconds
120.947: Application time: 0.0793310 seconds
120.949: [GC [PSYoungGen: 90416K->8256K(96768K)] 102145K->19985K(317952K), 0.0024810 secs] [Times: user=0.02 sys=0.00, real=0.00 secs] 
120.951: Total time for which application threads were stopped: 0.0038510 seconds, Stopping threads took: 0.0012860 seconds
121.032: Application time: 0.0805000 seconds
121.034: [GC [PSYoungGen: 91200K->5952K(96768K)] 102929K->17689K(317952K), 0.0018120 secs] [Times: user=0.01 sys=0.00, real=0.01 secs] 
121.035: Total time for which application threads were stopped: 0.0038320 seconds, Stopping threads took: 0.0019370 seconds
121.116: Application time: 0.0804350 seconds
121.117: [GC [PSYoungGen: 88896K->6912K(96768K)] 100633K->18657K(317952K), 0.0021070 secs] [Times: user=0.01 sys=0.00, real=0.00 secs] 
121.119: Total time for which application threads were stopped: 0.0034730 seconds, Stopping threads took: 0.0012820 seconds
121.201: Application time: 0.0817720 seconds
121.203: [GC [PSYoungGen: 89856K->7600K(96768K)] 101601K->19345K(317952K), 0.0024070 secs] [Times: user=0.02 sys=0.01, real=0.00 secs] 
121.206: Total time for which application threads were stopped: 0.0048110 seconds, Stopping threads took: 0.0022960 seconds
121.287: Application time: 0.0809560 seconds
121.289: [GC [PSYoungGen: 90544K->7040K(96768K)] 102289K->18793K(317952K), 0.0021450 secs] [Times: user=0.02 sys=0.00, real=0.00 secs] 
121.291: Total time for which application threads were stopped: 0.0044610 seconds, Stopping threads took: 0.0022200 seconds
121.370: Application time: 0.0788200 seconds
121.373: [GC [PSYoungGen: 89984K->7648K(96768K)] 101737K->19409K(317952K), 0.0023160 secs] [Times: user=0.02 sys=0.00, real=0.00 secs] 
121.375: Total time for which application threads were stopped: 0.0048230 seconds, Stopping threads took: 0.0024220 seconds
121.454: Application time: 0.0793590 seconds
121.456: [GC [PSYoungGen: 90592K->7328K(96768K)] 102353K->19097K(317952K), 0.0022770 secs] [Times: user=0.02 sys=0.00, real=0.00 secs] 
121.459: Total time for which application threads were stopped: 0.0044050 seconds, Stopping threads took: 0.0020430 seconds
121.539: Application time: 0.0799450 seconds
121.541: [GC [PSYoungGen: 90272K->8064K(96768K)] 102041K->19841K(317952K), 0.0024230 secs] [Times: user=0.02 sys=0.00, real=0.00 secs] 
121.543: Total time for which application threads were stopped: 0.0042780 seconds, Stopping threads took: 0.0017700 seconds
121.623: Application time: 0.0804110 seconds
121.624: [GC [PSYoungGen: 91008K->5792K(96768K)] 102785K->17577K(317952K), 0.0018200 secs] [Times: user=0.01 sys=0.00, real=0.00 secs] 
121.626: Total time for which application threads were stopped: 0.0028340 seconds, Stopping threads took: 0.0009340 seconds
121.706: Application time: 0.0798280 seconds
121.708: [GC [PSYoungGen: 88736K->6928K(96768K)] 100521K->18713K(317952K), 0.0021270 secs] [Times: user=0.01 sys=0.00, real=0.00 secs] 
121.710: Total time for which application threads were stopped: 0.0043710 seconds, Stopping threads took: 0.0021620 seconds
121.792: Application time: 0.0811180 seconds
121.793: [GC [PSYoungGen: 89872K->5776K(96768K)] 101657K->17569K(317952K), 0.0017830 secs] [Times: user=0.01 sys=0.00, real=0.00 secs] 
121.795: Total time for which application threads were stopped: 0.0032210 seconds, Stopping threads took: 0.0013500 seconds
121.874: Application time: 0.0795530 seconds
121.877: [GC [PSYoungGen: 88720K->7152K(96768K)] 100513K->18953K(317952K), 0.0021650 secs] [Times: user=0.01 sys=0.01, real=0.00 secs] 
121.879: Total time for which application threads were stopped: 0.0045940 seconds, Stopping threads took: 0.0023480 seconds
121.958: Application time: 0.0795270 seconds
121.960: [GC [PSYoungGen: 90096K->7584K(96768K)] 101897K->19393K(317952K), 0.0022940 secs] [Times: user=0.01 sys=0.00, real=0.00 secs] 
121.963: Total time for which application threads were stopped: 0.0043490 seconds, Stopping threads took: 0.0019750 seconds
122.042: Application time: 0.0793730 seconds
122.044: [GC [PSYoungGen: 90528K->7600K(96768K)] 102337K->19433K(317952K), 0.0022840 secs] [Times: user=0.02 sys=0.00, real=0.00 secs] 
122.047: Total time for which application threads were stopped: 0.0044530 seconds, Stopping threads took: 0.0020860 seconds
122.132: Application time: 0.0857000 seconds
122.134: [GC [PSYoungGen: 90544K->6928K(96768K)] 102377K->18769K(317952K), 0.0020900 secs] [Times: user=0.01 sys=0.00, real=0.01 secs] 
122.136: Total time for which application threads were stopped: 0.0038980 seconds, Stopping threads took: 0.0017220 seconds
122.218: Application time: 0.0818200 seconds
122.220: [GC [PSYoungGen: 89872K->7168K(96768K)] 101713K->19017K(317952K), 0.0021640 secs] [Times: user=0.01 sys=0.00, real=0.00 secs] 
122.222: Total time for which application threads were stopped: 0.0043750 seconds, Stopping threads took: 0.0021300 seconds
122.307: Application time: 0.0841590 seconds
122.309: [GC [PSYoungGen: 90112K->4032K(96768K)] 101961K->15881K(317952K), 0.0012390 secs] [Times: user=0.00 sys=0.00, real=0.00 secs] 
122.310: Total time for which application threads were stopped: 0.0036050 seconds, Stopping threads took: 0.0022900 seconds
122.392: Application time: 0.0813090 seconds
122.393: [GC [PSYoungGen: 86976K->6368K(96768K)] 98825K->18233K(317952K), 0.0019730 secs] [Times: user=0.01 sys=0.00, real=0.01 secs] 
122.395: Total time for which application threads were stopped: 0.0038900 seconds, Stopping threads took: 0.0018310 seconds
122.477: Application time: 0.0811030 seconds
122.479: [GC [PSYoungGen: 89312K->7328K(96768K)] 101177K->19201K(317952K), 0.0022380 secs] [Times: user=0.01 sys=0.00, real=0.00 secs] 
122.481: Total time for which application threads were stopped: 0.0046700 seconds, Stopping threads took: 0.0023470 seconds
122.562: Application time: 0.0806690 seconds
122.564: [GC [PSYoungGen: 90272K->5168K(96768K)] 102145K->17041K(317952K), 0.0016640 secs] [Times: user=0.00 sys=0.00, real=0.00 secs] 
122.565: Total time for which application threads were stopped: 0.0036070 seconds, Stopping threads took: 0.0018590 seconds
122.646: Application time: 0.0800540 seconds
122.647: [GC [PSYoungGen: 88112K->7392K(96768K)] 99985K->19273K(317952K), 0.0023780 secs] [Times: user=0.01 sys=0.01, real=0.01 secs] 
122.649: Total time for which application threads were stopped: 0.0039370 seconds, Stopping threads took: 0.0014700 seconds
122.730: Application time: 0.0807510 seconds
122.733: [GC [PSYoungGen: 90336K->7408K(96768K)] 102217K->19297K(317952K), 0.0024610 secs] [Times: user=0.01 sys=0.01, real=0.01 secs] 
122.736: Total time for which application threads were stopped: 0.0053560 seconds, Stopping threads took: 0.0028160 seconds
122.819: Application time: 0.0836340 seconds
122.821: [GC [PSYoungGen: 90352K->5696K(96768K)] 102241K->17585K(317952K), 0.0017450 secs] [Times: user=0.01 sys=0.00, real=0.00 secs] 
122.823: Total time for which application threads were stopped: 0.0040670 seconds, Stopping threads took: 0.0022100 seconds
122.901: Application time: 0.0777300 seconds
122.904: [GC [PSYoungGen: 88640K->7696K(96768K)] 100529K->19601K(317952K), 0.0023240 secs] [Times: user=0.02 sys=0.00, real=0.00 secs] 
122.906: Total time for which application threads were stopped: 0.0052110 seconds, Stopping threads took: 0.0027970 seconds
122.988: Application time: 0.0820530 seconds
122.990: [GC [PSYoungGen: 90640K->5792K(96768K)] 102545K->17713K(317952K), 0.0018480 secs] [Times: user=0.02 sys=0.00, real=0.00 secs] 
122.992: Total time for which application threads were stopped: 0.0036230 seconds, Stopping threads took: 0.0016890 seconds
123.072: Application time: 0.0798060 seconds
123.074: [GC [PSYoungGen: 88736K->7200K(96768K)] 100657K->19121K(317952K), 0.0021680 secs] [Times: user=0.01 sys=0.00, real=0.01 secs] 
123.076: Total time for which application threads were stopped: 0.0045050 seconds, Stopping threads took: 0.0022520 seconds
123.158: Application time: 0.0815710 seconds
123.160: [GC [PSYoungGen: 90144K->6608K(96768K)] 102065K->18537K(317952K), 0.0020510 secs] [Times: user=0.01 sys=0.00, real=0.00 secs] 
123.162: Total time for which application threads were stopped: 0.0041950 seconds, Stopping threads took: 0.0020610 seconds
123.244: Application time: 0.0817400 seconds
123.245: [GC [PSYoungGen: 89552K->6960K(96768K)] 101481K->18897K(317952K), 0.0021220 secs] [Times: user=0.02 sys=0.00, real=0.01 secs] 
123.248: Total time for which application threads were stopped: 0.0037950 seconds, Stopping threads took: 0.0015920 seconds
123.329: Application time: 0.0815510 seconds
123.331: [GC [PSYoungGen: 89904K->6608K(96768K)] 101841K->18545K(317952K), 0.0020330 secs] [Times: user=0.01 sys=0.00, real=0.00 secs] 
123.333: Total time for which application threads were stopped: 0.0036850 seconds, Stopping threads took: 0.0015640 seconds
123.412: Application time: 0.0790880 seconds
123.414: [GC [PSYoungGen: 89550K->7936K(96768K)] 101487K->19881K(317952K), 0.0023750 secs] [Times: user=0.02 sys=0.00, real=0.01 secs] 
123.416: Total time for which application threads were stopped: 0.0042660 seconds, Stopping threads took: 0.0018070 seconds
123.495: Application time: 0.0786510 seconds
123.496: [GC [PSYoungGen: 90880K->6448K(96768K)] 102825K->18401K(317952K), 0.0019690 secs] [Times: user=0.01 sys=0.00, real=0.00 secs] 
123.498: Total time for which application threads were stopped: 0.0032910 seconds, Stopping threads took: 0.0012430 seconds
123.575: Application time: 0.0773300 seconds
123.577: [GC [PSYoungGen: 89392K->4976K(96768K)] 101345K->16937K(317952K), 0.0014820 secs] [Times: user=0.01 sys=0.00, real=0.00 secs] 
123.578: Total time for which application threads were stopped: 0.0029270 seconds, Stopping threads took: 0.0013680 seconds
123.656: Application time: 0.0777530 seconds
123.658: [GC [PSYoungGen: 87919K->6384K(96768K)] 99880K->18353K(317952K), 0.0019090 secs] [Times: user=0.01 sys=0.00, real=0.00 secs] 
123.660: Total time for which application threads were stopped: 0.0035870 seconds, Stopping threads took: 0.0015990 seconds
123.736: Application time: 0.0759140 seconds
123.738: [GC [PSYoungGen: 89328K->7504K(96768K)] 101297K->19481K(317952K), 0.0021980 secs] [Times: user=0.01 sys=0.00, real=0.00 secs] 
123.740: Total time for which application threads were stopped: 0.0043270 seconds, Stopping threads took: 0.0020470 seconds
123.814: Application time: 0.0740580 seconds
123.816: [GC [PSYoungGen: 90448K->6448K(96768K)] 102425K->18425K(317952K), 0.0020750 secs] [Times: user=0.00 sys=0.00, real=0.00 secs] 
123.818: Total time for which application threads were stopped: 0.0037540 seconds, Stopping threads took: 0.0015730 seconds
123.896: Application time: 0.0782500 seconds
123.899: [GC [PSYoungGen: 89392K->6624K(96768K)] 101369K->18601K(317952K), 0.0018850 secs] [Times: user=0.02 sys=0.00, real=0.00 secs] 
123.901: Total time for which application threads were stopped: 0.0049760 seconds, Stopping threads took: 0.0030020 seconds
123.981: Application time: 0.0800310 seconds
123.982: [GC [PSYoungGen: 89568K->4352K(96768K)] 101545K->16337K(317952K), 0.0012960 secs] [Times: user=0.01 sys=0.00, real=0.00 secs] 
123.983: Total time for which application threads were stopped: 0.0019280 seconds, Stopping threads took: 0.0005580 seconds
124.066: Application time: 0.0827200 seconds
124.067: [GC [PSYoungGen: 87296K->4960K(96768K)] 99281K->16953K(317952K), 0.0014590 secs] [Times: user=0.01 sys=0.00, real=0.00 secs] 
124.069: Total time for which application threads were stopped: 0.0031380 seconds, Stopping threads took: 0.0016030 seconds
124.146: Application time: 0.0774130 seconds
124.148: [GC [PSYoungGen: 87904K->5104K(96768K)] 99897K->17105K(317952K), 0.0014850 secs] [Times: user=0.00 sys=0.00, real=0.00 secs] 
124.150: Total time for which application threads were stopped: 0.0033290 seconds, Stopping threads took: 0.0017710 seconds
124.230: Application time: 0.0802630 seconds
124.231: [GC [PSYoungGen: 88048K->4288K(96768K)] 100049K->16297K(317952K), 0.0012780 secs] [Times: user=0.01 sys=0.00, real=0.00 secs] 
124.233: Total time for which application threads were stopped: 0.0027600 seconds, Stopping threads took: 0.0014130 seconds
124.312: Application time: 0.0789970 seconds
124.313: [GC [PSYoungGen: 87232K->5136K(96768K)] 99241K->17153K(317952K), 0.0015670 secs] [Times: user=0.01 sys=0.00, real=0.00 secs] 
124.315: Total time for which application threads were stopped: 0.0030700 seconds, Stopping threads took: 0.0014300 seconds
124.394: Application time: 0.0794480 seconds
124.396: [GC [PSYoungGen: 88080K->5648K(96768K)] 100097K->17665K(317952K), 0.0017450 secs] [Times: user=0.01 sys=0.00, real=0.00 secs] 
124.398: Total time for which application threads were stopped: 0.0034920 seconds, Stopping threads took: 0.0016690 seconds
124.473: Application time: 0.0749590 seconds
124.474: [GC [PSYoungGen: 88592K->6832K(96768K)] 100609K->18857K(317952K), 0.0021230 secs] [Times: user=0.01 sys=0.00, real=0.01 secs] 
124.476: Total time for which application threads were stopped: 0.0036580 seconds, Stopping threads took: 0.0014520 seconds
124.552: Application time: 0.0762320 seconds
124.555: [GC [PSYoungGen: 89776K->7440K(96768K)] 101801K->19473K(317952K), 0.0021820 secs] [Times: user=0.01 sys=0.00, real=0.01 secs] 
124.557: Total time for which application threads were stopped: 0.0045970 seconds, Stopping threads took: 0.0023310 seconds
124.634: Application time: 0.0765900 seconds
124.636: [GC [PSYoungGen: 90384K->5824K(96768K)] 102417K->17857K(317952K), 0.0017100 secs] [Times: user=0.01 sys=0.00, real=0.00 secs] 
124.638: Total time for which application threads were stopped: 0.0042510 seconds, Stopping threads took: 0.0024620 seconds
124.716: Application time: 0.0781280 seconds
124.718: [GC [PSYoungGen: 88768K->6208K(96768K)] 100801K->18249K(317952K), 0.0017660 secs] [Times: user=0.01 sys=0.00, real=0.00 secs] 
124.720: Total time for which application threads were stopped: 0.0036150 seconds, Stopping threads took: 0.0017670 seconds
124.798: Application time: 0.0783600 seconds
124.800: [GC [PSYoungGen: 89152K->6912K(96768K)] 101193K->18961K(317952K), 0.0020930 secs] [Times: user=0.01 sys=0.00, real=0.00 secs] 
124.803: Total time for which application threads were stopped: 0.0045090 seconds, Stopping threads took: 0.0023290 seconds
124.880: Application time: 0.0773190 seconds
124.881: [GC [PSYoungGen: 89856K->6480K(96768K)] 101905K->18529K(317952K), 0.0019750 secs] [Times: user=0.01 sys=0.00, real=0.00 secs] 
124.883: Total time for which application threads were stopped: 0.0034000 seconds, Stopping threads took: 0.0013390 seconds
124.957: Application time: 0.0736640 seconds
124.959: [GC [PSYoungGen: 89424K->7328K(96768K)] 101473K->19385K(317952K), 0.0021420 secs] [Times: user=0.01 sys=0.00, real=0.00 secs] 
124.961: Total time for which application threads were stopped: 0.0043350 seconds, Stopping threads took: 0.0021110 seconds
125.037: Application time: 0.0755960 seconds
125.039: [GC [PSYoungGen: 90272K->8064K(96768K)] 102329K->20129K(317952K), 0.0024340 secs] [Times: user=0.01 sys=0.00, real=0.00 secs] 
125.041: Total time for which application threads were stopped: 0.0045030 seconds, Stopping threads took: 0.0019740 seconds
125.114: Application time: 0.0722500 seconds
125.116: [GC [PSYoungGen: 91008K->7792K(96768K)] 103073K->19857K(317952K), 0.0024190 secs] [Times: user=0.01 sys=0.00, real=0.00 secs] 
125.119: Total time for which application threads were stopped: 0.0049920 seconds, Stopping threads took: 0.0024890 seconds
125.194: Application time: 0.0750510 seconds
125.195: [GC [PSYoungGen: 90736K->6880K(96768K)] 102801K->18953K(317952K), 0.0020290 secs] [Times: user=0.01 sys=0.00, real=0.01 secs] 
125.197: Total time for which application threads were stopped: 0.0035550 seconds, Stopping threads took: 0.0014440 seconds
125.272: Application time: 0.0750760 seconds
125.275: [GC [PSYoungGen: 89824K->7744K(96768K)] 101897K->19825K(317952K), 0.0023300 secs] [Times: user=0.01 sys=0.00, real=0.01 secs] 
125.277: Total time for which application threads were stopped: 0.0046420 seconds, Stopping threads took: 0.0022320 seconds
125.352: Application time: 0.0755890 seconds
125.355: [GC [PSYoungGen: 90688K->6688K(96768K)] 102769K->18769K(317952K), 0.0019910 secs] [Times: user=0.01 sys=0.00, real=0.01 secs] 
125.357: Total time for which application threads were stopped: 0.0043100 seconds, Stopping threads took: 0.0022390 seconds
125.432: Application time: 0.0756030 seconds
125.434: [GC [PSYoungGen: 89632K->7712K(96768K)] 101713K->19801K(317952K), 0.0022860 secs] [Times: user=0.02 sys=0.00, real=0.01 secs] 
125.436: Total time for which application threads were stopped: 0.0039540 seconds, Stopping threads took: 0.0015820 seconds
125.517: Application time: 0.0810320 seconds
125.519: [GC [PSYoungGen: 90656K->4368K(96768K)] 102745K->16465K(317952K), 0.0013090 secs] [Times: user=0.01 sys=0.00, real=0.00 secs] 
125.520: Total time for which application threads were stopped: 0.0029290 seconds, Stopping threads took: 0.0015490 seconds
125.602: Application time: 0.0820510 seconds
125.603: [GC [PSYoungGen: 87312K->5152K(96768K)] 99409K->17249K(317952K), 0.0016380 secs] [Times: user=0.01 sys=0.00, real=0.00 secs] 
125.604: Total time for which application threads were stopped: 0.0018800 seconds, Stopping threads took: 0.0001590 seconds
125.690: Application time: 0.0853300 seconds
125.692: [GC [PSYoungGen: 88096K->6304K(96768K)] 100193K->18409K(317952K), 0.0017560 secs] [Times: user=0.01 sys=0.00, real=0.00 secs] 
125.694: Total time for which application threads were stopped: 0.0046710 seconds, Stopping threads took: 0.0028360 seconds
125.770: Application time: 0.0755280 seconds
125.772: [GC [PSYoungGen: 89248K->8080K(96768K)] 101353K->20193K(317952K), 0.0026050 secs] [Times: user=0.01 sys=0.00, real=0.00 secs] 
125.774: Total time for which application threads were stopped: 0.0044840 seconds, Stopping threads took: 0.0017970 seconds
125.848: Application time: 0.0739010 seconds
125.849: [GC [PSYoungGen: 91024K->7936K(96768K)] 103137K->20049K(317952K), 0.0024540 secs] [Times: user=0.01 sys=0.00, real=0.00 secs] 
125.852: Total time for which application threads were stopped: 0.0035040 seconds, Stopping threads took: 0.0009640 seconds
125.930: Application time: 0.0781850 seconds
125.932: [GC [PSYoungGen: 90880K->6944K(96768K)] 102993K->19057K(317952K), 0.0020700 secs] [Times: user=0.01 sys=0.00, real=0.00 secs] 
125.935: Total time for which application threads were stopped: 0.0046130 seconds, Stopping threads took: 0.0024640 seconds
126.010: Application time: 0.0750830 seconds
126.013: [GC [PSYoungGen: 89888K->7744K(96768K)] 102001K->19865K(317952K), 0.0023110 secs] [Times: user=0.01 sys=0.00, real=0.00 secs] 
126.015: Total time for which application threads were stopped: 0.0053740 seconds, Stopping threads took: 0.0029840 seconds
126.088: Application time: 0.0733680 seconds
126.090: [GC [PSYoungGen: 90688K->8304K(96768K)] 102809K->20425K(317952K), 0.0026550 secs] [Times: user=0.01 sys=0.00, real=0.00 secs] 
126.093: Total time for which application threads were stopped: 0.0047000 seconds, Stopping threads took: 0.0019610 seconds
126.169: Application time: 0.0760830 seconds
126.171: [GC [PSYoungGen: 91248K->7264K(96768K)] 103369K->19401K(317952K), 0.0021860 secs] [Times: user=0.01 sys=0.00, real=0.00 secs] 
126.173: Total time for which application threads were stopped: 0.0037550 seconds, Stopping threads took: 0.0014800 seconds
126.252: Application time: 0.0787970 seconds
126.253: [GC [PSYoungGen: 90208K->6288K(96768K)] 102345K->18433K(317952K), 0.0018570 secs] [Times: user=0.01 sys=0.00, real=0.00 secs] 
126.255: Total time for which application threads were stopped: 0.0033190 seconds, Stopping threads took: 0.0013820 seconds
126.331: Application time: 0.0761280 seconds
126.333: [GC [PSYoungGen: 89232K->6016K(96768K)] 101377K->18169K(317952K), 0.0018310 secs] [Times: user=0.01 sys=0.01, real=0.01 secs] 
126.335: Total time for which application threads were stopped: 0.0040750 seconds, Stopping threads took: 0.0021550 seconds
126.411: Application time: 0.0761310 seconds
126.413: [GC [PSYoungGen: 88960K->5968K(96768K)] 101113K->18121K(317952K), 0.0018060 secs] [Times: user=0.01 sys=0.00, real=0.00 secs] 
126.415: Total time for which application threads were stopped: 0.0036040 seconds, Stopping threads took: 0.0017220 seconds
126.492: Application time: 0.0768870 seconds
126.494: [GC [PSYoungGen: 88912K->6624K(96768K)] 101065K->18785K(317952K), 0.0020420 secs] [Times: user=0.02 sys=0.00, real=0.01 secs] 
126.496: Total time for which application threads were stopped: 0.0042320 seconds, Stopping threads took: 0.0021080 seconds
126.573: Application time: 0.0770070 seconds
126.576: [GC [PSYoungGen: 89568K->5968K(96768K)] 101729K->18137K(317952K), 0.0017140 secs] [Times: user=0.01 sys=0.00, real=0.00 secs] 
126.578: Total time for which application threads were stopped: 0.0047120 seconds, Stopping threads took: 0.0029190 seconds
126.659: Application time: 0.0809790 seconds
126.660: [GC [PSYoungGen: 88912K->4304K(96768K)] 101081K->16473K(317952K), 0.0012600 secs] [Times: user=0.01 sys=0.00, real=0.00 secs] 
126.662: Total time for which application threads were stopped: 0.0028580 seconds, Stopping threads took: 0.0015280 seconds
126.736: Application time: 0.0738760 seconds
126.738: [GC [PSYoungGen: 87248K->5872K(96768K)] 99417K->18049K(317952K), 0.0017780 secs] [Times: user=0.02 sys=0.00, real=0.00 secs] 
126.740: Total time for which application threads were stopped: 0.0040320 seconds, Stopping threads took: 0.0021660 seconds
126.815: Application time: 0.0756940 seconds
126.817: [GC [PSYoungGen: 88816K->6496K(96768K)] 100993K->18681K(317952K), 0.0019790 secs] [Times: user=0.01 sys=0.00, real=0.00 secs] 
126.819: Total time for which application threads were stopped: 0.0036960 seconds, Stopping threads took: 0.0016340 seconds
126.896: Application time: 0.0769300 seconds
126.899: [GC [PSYoungGen: 89440K->6688K(96768K)] 101625K->18873K(317952K), 0.0019940 secs] [Times: user=0.01 sys=0.00, real=0.00 secs] 
126.901: Total time for which application threads were stopped: 0.0048720 seconds, Stopping threads took: 0.0027910 seconds
126.978: Application time: 0.0770530 seconds
126.979: [GC [PSYoungGen: 89632K->6672K(96768K)] 101817K->18865K(317952K), 0.0019830 secs] [Times: user=0.01 sys=0.00, real=0.00 secs] 
126.981: Total time for which application threads were stopped: 0.0036730 seconds, Stopping threads took: 0.0016020 seconds
127.055: Application time: 0.0737600 seconds
127.057: [GC [PSYoungGen: 89616K->7072K(96768K)] 101809K->19273K(317952K), 0.0021940 secs] [Times: user=0.01 sys=0.00, real=0.00 secs] 
127.060: Total time for which application threads were stopped: 0.0044910 seconds, Stopping threads took: 0.0022160 seconds
127.138: Application time: 0.0783900 seconds
127.139: [GC [PSYoungGen: 90016K->5584K(96768K)] 102217K->17785K(317952K), 0.0016990 secs] [Times: user=0.01 sys=0.00, real=0.00 secs] 
127.140: Total time for which application threads were stopped: 0.0022160 seconds, Stopping threads took: 0.0004370 seconds
127.222: Application time: 0.0818000 seconds
127.225: [GC [PSYoungGen: 88528K->5824K(96768K)] 100729K->18033K(317952K), 0.0016640 secs] [Times: user=0.01 sys=0.00, real=0.00 secs] 
127.227: Total time for which application threads were stopped: 0.0045670 seconds, Stopping threads took: 0.0028260 seconds
127.303: Application time: 0.0760630 seconds
127.305: [GC [PSYoungGen: 88768K->6784K(96768K)] 100977K->19001K(317952K), 0.0020430 secs] [Times: user=0.01 sys=0.00, real=0.00 secs] 
127.307: Total time for which application threads were stopped: 0.0039530 seconds, Stopping threads took: 0.0018210 seconds
127.383: Application time: 0.0764440 seconds
127.386: [GC [PSYoungGen: 89728K->6576K(96768K)] 101945K->18793K(317952K), 0.0018840 secs] [Times: user=0.01 sys=0.00, real=0.01 secs] 
127.388: Total time for which application threads were stopped: 0.0045260 seconds, Stopping threads took: 0.0025600 seconds
127.465: Application time: 0.0768460 seconds
127.467: [GC [PSYoungGen: 89520K->6960K(96768K)] 101737K->19177K(317952K), 0.0020640 secs] [Times: user=0.01 sys=0.00, real=0.00 secs] 
127.469: Total time for which application threads were stopped: 0.0048210 seconds, Stopping threads took: 0.0026790 seconds
127.548: Application time: 0.0790480 seconds
127.551: [GC [PSYoungGen: 89904K->8320K(96768K)] 102121K->20545K(317952K), 0.0027270 secs] [Times: user=0.02 sys=0.00, real=0.00 secs] 
127.553: Total time for which application threads were stopped: 0.0048620 seconds, Stopping threads took: 0.0020500 seconds
127.634: Application time: 0.0809190 seconds
127.636: [GC [PSYoungGen: 91264K->6816K(96768K)] 103489K->19041K(317952K), 0.0021940 secs] [Times: user=0.01 sys=0.00, real=0.00 secs] 
127.638: Total time for which application threads were stopped: 0.0039360 seconds, Stopping threads took: 0.0016590 seconds
127.719: Application time: 0.0812300 seconds
127.722: [GC [PSYoungGen: 89760K->7312K(96768K)] 101985K->19545K(317952K), 0.0021660 secs] [Times: user=0.01 sys=0.00, real=0.00 secs] 
127.724: Total time for which application threads were stopped: 0.0045940 seconds, Stopping threads took: 0.0023460 seconds
127.806: Application time: 0.0816180 seconds
127.807: [GC [PSYoungGen: 90256K->5312K(96768K)] 102489K->17553K(317952K), 0.0015970 secs] [Times: user=0.01 sys=0.00, real=0.00 secs] 
127.809: Total time for which application threads were stopped: 0.0033470 seconds, Stopping threads took: 0.0016620 seconds
127.890: Application time: 0.0809450 seconds
127.892: [GC [PSYoungGen: 88256K->6976K(96768K)] 100497K->19225K(317952K), 0.0020910 secs] [Times: user=0.01 sys=0.00, real=0.00 secs] 
127.894: Total time for which application threads were stopped: 0.0041020 seconds, Stopping threads took: 0.0019270 seconds
127.975: Application time: 0.0812780 seconds
127.977: [GC [PSYoungGen: 89920K->6112K(96768K)] 102169K->18361K(317952K), 0.0018750 secs] [Times: user=0.01 sys=0.00, real=0.00 secs] 
127.979: Total time for which application threads were stopped: 0.0037520 seconds, Stopping threads took: 0.0017910 seconds
128.059: Application time: 0.0801800 seconds
128.061: [GC [PSYoungGen: 89056K->7680K(96768K)] 101305K->19945K(317952K), 0.0023670 secs] [Times: user=0.01 sys=0.00, real=0.00 secs] 
128.063: Total time for which application threads were stopped: 0.0040590 seconds, Stopping threads took: 0.0016110 seconds
128.145: Application time: 0.0817360 seconds
128.147: [GC [PSYoungGen: 90624K->6032K(96768K)] 102889K->18297K(317952K), 0.0019290 secs] [Times: user=0.02 sys=0.00, real=0.00 secs] 
128.149: Total time for which application threads were stopped: 0.0044520 seconds, Stopping threads took: 0.0024400 seconds
128.229: Application time: 0.0798080 seconds
128.232: [GC [PSYoungGen: 88976K->7536K(96768K)] 101241K->19809K(317952K), 0.0022420 secs] [Times: user=0.02 sys=0.00, real=0.00 secs] 
128.234: Total time for which application threads were stopped: 0.0050010 seconds, Stopping threads took: 0.0026770 seconds
128.315: Application time: 0.0803270 seconds
128.318: [GC [PSYoungGen: 90480K->6624K(96768K)] 102753K->18913K(317952K), 0.0019470 secs] [Times: user=0.02 sys=0.00, real=0.00 secs] 
128.320: Total time for which application threads were stopped: 0.0049560 seconds, Stopping threads took: 0.0029190 seconds
128.400: Application time: 0.0803850 seconds
128.401: [GC [PSYoungGen: 89568K->7232K(96768K)] 101857K->19529K(317952K), 0.0022600 secs] [Times: user=0.02 sys=0.00, real=0.00 secs] 
128.404: Total time for which application threads were stopped: 0.0038570 seconds, Stopping threads took: 0.0015110 seconds
128.484: Application time: 0.0804650 seconds
128.487: [GC [PSYoungGen: 90176K->7824K(96768K)] 102473K->20121K(317952K), 0.0023830 secs] [Times: user=0.02 sys=0.01, real=0.00 secs] 
128.490: Total time for which application threads were stopped: 0.0054330 seconds, Stopping threads took: 0.0029650 seconds
128.569: Application time: 0.0797320 seconds
128.571: [GC [PSYoungGen: 90768K->6992K(96768K)] 103065K->19297K(317952K), 0.0021250 secs] [Times: user=0.02 sys=0.00, real=0.00 secs] 
128.573: Total time for which application threads were stopped: 0.0033540 seconds, Stopping threads took: 0.0011420 seconds
128.659: Application time: 0.0860500 seconds
128.661: [GC [PSYoungGen: 89936K->4448K(96768K)] 102241K->16761K(317952K), 0.0014250 secs] [Times: user=0.01 sys=0.00, real=0.00 secs] 
128.663: Total time for which application threads were stopped: 0.0038700 seconds, Stopping threads took: 0.0023710 seconds
128.746: Application time: 0.0833250 seconds
128.748: [GC [PSYoungGen: 87392K->5760K(96768K)] 99705K->18073K(317952K), 0.0016720 secs] [Times: user=0.01 sys=0.00, real=0.00 secs] 
128.749: Total time for which application threads were stopped: 0.0033950 seconds, Stopping threads took: 0.0016440 seconds
128.833: Application time: 0.0832600 seconds
128.834: [GC [PSYoungGen: 88704K->4768K(96768K)] 101017K->17089K(317952K), 0.0014370 secs] [Times: user=0.01 sys=0.00, real=0.01 secs] 
128.836: Total time for which application threads were stopped: 0.0030860 seconds, Stopping threads took: 0.0015650 seconds
128.921: Application time: 0.0850270 seconds
128.922: [GC [PSYoungGen: 87712K->5904K(96768K)] 100033K->18233K(317952K), 0.0017910 secs] [Times: user=0.01 sys=0.00, real=0.00 secs] 
128.924: Total time for which application threads were stopped: 0.0034970 seconds, Stopping threads took: 0.0016200 seconds
129.002: Application time: 0.0781610 seconds
129.005: [GC [PSYoungGen: 88848K->7152K(96768K)] 101177K->19481K(317952K), 0.0022100 secs] [Times: user=0.02 sys=0.00, real=0.01 secs] 
129.007: Total time for which application threads were stopped: 0.0049870 seconds, Stopping threads took: 0.0026850 seconds
129.089: Application time: 0.0811000 seconds
129.090: [GC [PSYoungGen: 90096K->6992K(96768K)] 102425K->19329K(317952K), 0.0021170 secs] [Times: user=0.01 sys=0.00, real=0.00 secs] 
129.092: Total time for which application threads were stopped: 0.0038970 seconds, Stopping threads took: 0.0016950 seconds
129.177: Application time: 0.0842110 seconds
129.179: [GC [PSYoungGen: 89936K->6912K(96768K)] 102273K->19257K(317952K), 0.0020790 secs] [Times: user=0.02 sys=0.00, real=0.00 secs] 
129.181: Total time for which application threads were stopped: 0.0041650 seconds, Stopping threads took: 0.0020020 seconds
129.261: Application time: 0.0803160 seconds
129.262: [GC [PSYoungGen: 89856K->7808K(96768K)] 102201K->20153K(317952K), 0.0024120 secs] [Times: user=0.02 sys=0.00, real=0.00 secs] 
129.265: Total time for which application threads were stopped: 0.0037260 seconds, Stopping threads took: 0.0012300 seconds
129.344: Application time: 0.0788800 seconds
129.346: [GC [PSYoungGen: 90752K->6944K(96768K)] 103097K->19297K(317952K), 0.0021280 secs] [Times: user=0.02 sys=0.00, real=0.01 secs] 
129.348: Total time for which application threads were stopped: 0.0041490 seconds, Stopping threads took: 0.0019260 seconds
129.428: Application time: 0.0796580 seconds
129.429: [GC [PSYoungGen: 89888K->7744K(96768K)] 102241K->20105K(317952K), 0.0023320 secs] [Times: user=0.01 sys=0.01, real=0.00 secs] 
129.431: Total time for which application threads were stopped: 0.0038520 seconds, Stopping threads took: 0.0014350 seconds
129.511: Application time: 0.0793670 seconds
129.513: [GC [PSYoungGen: 90687K->6832K(96768K)] 103048K->19193K(317952K), 0.0020340 secs] [Times: user=0.01 sys=0.00, real=0.00 secs] 
129.515: Total time for which application threads were stopped: 0.0040690 seconds, Stopping threads took: 0.0019520 seconds
129.595: Application time: 0.0802600 seconds
129.598: [GC [PSYoungGen: 89776K->7264K(96768K)] 102137K->19633K(317952K), 0.0022480 secs] [Times: user=0.01 sys=0.00, real=0.00 secs] 
129.600: Total time for which application threads were stopped: 0.0049930 seconds, Stopping threads took: 0.0026610 seconds
129.681: Application time: 0.0806580 seconds
129.683: [GC [PSYoungGen: 90208K->7264K(96768K)] 102577K->19649K(317952K), 0.0022070 secs] [Times: user=0.02 sys=0.00, real=0.00 secs] 
129.685: Total time for which application threads were stopped: 0.0040760 seconds, Stopping threads took: 0.0017860 seconds
129.764: Application time: 0.0793620 seconds
129.766: [GC [PSYoungGen: 90208K->6544K(96768K)] 102593K->18929K(317952K), 0.0019460 secs] [Times: user=0.01 sys=0.00, real=0.01 secs] 
129.768: Total time for which application threads were stopped: 0.0041820 seconds, Stopping threads took: 0.0021500 seconds
129.847: Application time: 0.0787780 seconds
129.849: [GC [PSYoungGen: 89488K->6496K(96768K)] 101873K->18889K(317952K), 0.0019830 secs] [Times: user=0.02 sys=0.00, real=0.00 secs] 
129.851: Total time for which application threads were stopped: 0.0037180 seconds, Stopping threads took: 0.0016430 seconds
129.932: Application time: 0.0808920 seconds
129.934: [GC [PSYoungGen: 89440K->7264K(96768K)] 101833K->19665K(317952K), 0.0021960 secs] [Times: user=0.02 sys=0.00, real=0.01 secs] 
129.936: Total time for which application threads were stopped: 0.0041890 seconds, Stopping threads took: 0.0019090 seconds
130.014: Application time: 0.0781400 seconds
130.017: [GC [PSYoungGen: 90208K->8256K(96768K)] 102609K->20673K(317952K), 0.0025610 secs] [Times: user=0.02 sys=0.00, real=0.00 secs] 
130.020: Total time for which application threads were stopped: 0.0057870 seconds, Stopping threads took: 0.0031430 seconds
130.101: Application time: 0.0806350 seconds
130.103: [GC [PSYoungGen: 91200K->5904K(96768K)] 103617K->18321K(317952K), 0.0017490 secs] [Times: user=0.01 sys=0.00, real=0.00 secs] 
130.105: Total time for which application threads were stopped: 0.0040740 seconds, Stopping threads took: 0.0022430 seconds
130.183: Application time: 0.0778520 seconds
130.184: [GC [PSYoungGen: 88848K->6160K(96768K)] 101265K->18585K(317952K), 0.0019550 secs] [Times: user=0.01 sys=0.00, real=0.00 secs] 
130.186: Total time for which application threads were stopped: 0.0034090 seconds, Stopping threads took: 0.0013700 seconds
130.265: Application time: 0.0794400 seconds
130.268: [GC [PSYoungGen: 89104K->7152K(96768K)] 101529K->19577K(317952K), 0.0021940 secs] [Times: user=0.01 sys=0.00, real=0.00 secs] 
130.270: Total time for which application threads were stopped: 0.0049920 seconds, Stopping threads took: 0.0027150 seconds
130.353: Application time: 0.0825120 seconds
130.355: [GC [PSYoungGen: 90096K->6096K(96768K)] 102521K->18529K(317952K), 0.0019000 secs] [Times: user=0.00 sys=0.01, real=0.01 secs] 
130.357: Total time for which application threads were stopped: 0.0041640 seconds, Stopping threads took: 0.0021620 seconds
130.434: Application time: 0.0767700 seconds
130.436: [GC [PSYoungGen: 89040K->7136K(96768K)] 101473K->19577K(317952K), 0.0021670 secs] [Times: user=0.02 sys=0.00, real=0.00 secs] 
130.438: Total time for which application threads were stopped: 0.0046720 seconds, Stopping threads took: 0.0024220 seconds
130.518: Application time: 0.0796780 seconds
130.520: [GC [PSYoungGen: 90080K->7456K(96768K)] 102521K->19913K(317952K), 0.0023230 secs] [Times: user=0.02 sys=0.00, real=0.00 secs] 
130.523: Total time for which application threads were stopped: 0.0045020 seconds, Stopping threads took: 0.0020940 seconds
130.602: Application time: 0.0789840 seconds
130.604: [GC [PSYoungGen: 90400K->8208K(96768K)] 102857K->20665K(317952K), 0.0024890 secs] [Times: user=0.02 sys=0.00, real=0.00 secs] 
130.607: Total time for which application threads were stopped: 0.0052770 seconds, Stopping threads took: 0.0027080 seconds
130.684: Application time: 0.0771080 seconds
130.686: [GC [PSYoungGen: 91152K->6720K(96768K)] 103609K->19185K(317952K), 0.0019980 secs] [Times: user=0.01 sys=0.00, real=0.01 secs] 
130.688: Total time for which application threads were stopped: 0.0043870 seconds, Stopping threads took: 0.0023000 seconds
130.767: Application time: 0.0788800 seconds
130.770: [GC [PSYoungGen: 89664K->7904K(96768K)] 102129K->20377K(317952K), 0.0024220 secs] [Times: user=0.02 sys=0.00, real=0.00 secs] 
130.773: Total time for which application threads were stopped: 0.0052160 seconds, Stopping threads took: 0.0027100 seconds
130.854: Application time: 0.0812990 seconds
130.856: [GC [PSYoungGen: 90848K->5792K(96768K)] 103321K->18273K(317952K), 0.0018640 secs] [Times: user=0.00 sys=0.00, real=0.00 secs] 
130.858: Total time for which application threads were stopped: 0.0037340 seconds, Stopping threads took: 0.0017850 seconds
130.941: Application time: 0.0829850 seconds
130.942: [GC [PSYoungGen: 88736K->4832K(96768K)] 101217K->17321K(317952K), 0.0014340 secs] [Times: user=0.01 sys=0.00, real=0.00 secs] 
130.943: Total time for which application threads were stopped: 0.0028150 seconds, Stopping threads took: 0.0013030 seconds
131.025: Application time: 0.0814110 seconds
131.028: [GC [PSYoungGen: 87776K->7792K(96768K)] 100265K->20289K(317952K), 0.0023660 secs] [Times: user=0.02 sys=0.00, real=0.00 secs] 
131.030: Total time for which application threads were stopped: 0.0053550 seconds, Stopping threads took: 0.0029050 seconds
131.110: Application time: 0.0794750 seconds
131.113: [GC [PSYoungGen: 90736K->7616K(96768K)] 103233K->20113K(317952K), 0.0023170 secs] [Times: user=0.02 sys=0.00, real=0.00 secs] 
131.115: Total time for which application threads were stopped: 0.0054440 seconds, Stopping threads took: 0.0030420 seconds
131.193: Application time: 0.0775630 seconds
131.196: [GC [PSYoungGen: 90560K->7456K(96768K)] 103057K->19961K(317952K), 0.0022050 secs] [Times: user=0.01 sys=0.00, real=0.00 secs] 
131.198: Total time for which application threads were stopped: 0.0051480 seconds, Stopping threads took: 0.0028590 seconds
131.279: Application time: 0.0814370 seconds
131.281: [GC [PSYoungGen: 90400K->6640K(96768K)] 102905K->19153K(317952K), 0.0020240 secs] [Times: user=0.01 sys=0.00, real=0.00 secs] 
131.284: Total time for which application threads were stopped: 0.0042800 seconds, Stopping threads took: 0.0021750 seconds
131.367: Application time: 0.0834140 seconds
131.370: [GC [PSYoungGen: 89584K->7088K(96768K)] 102097K->19601K(317952K), 0.0021530 secs] [Times: user=0.01 sys=0.00, real=0.00 secs] 
131.372: Total time for which application threads were stopped: 0.0049690 seconds, Stopping threads took: 0.0027260 seconds
131.449: Application time: 0.0773350 seconds
131.451: [GC [PSYoungGen: 90032K->7280K(96768K)] 102545K->19801K(317952K), 0.0021670 secs] [Times: user=0.02 sys=0.00, real=0.00 secs] 
131.453: Total time for which application threads were stopped: 0.0038000 seconds, Stopping threads took: 0.0015430 seconds
131.528: Application time: 0.0753070 seconds
131.530: [GC [PSYoungGen: 90224K->8128K(96768K)] 102745K->20665K(317952K), 0.0024550 secs] [Times: user=0.02 sys=0.00, real=0.00 secs] 
131.533: Total time for which application threads were stopped: 0.0043580 seconds, Stopping threads took: 0.0018160 seconds
131.609: Application time: 0.0759000 seconds
131.610: [GC [PSYoungGen: 91072K->7360K(96768K)] 103609K->19905K(317952K), 0.0022640 secs] [Times: user=0.01 sys=0.00, real=0.00 secs] 
131.612: Total time for which application threads were stopped: 0.0034290 seconds, Stopping threads took: 0.0010680 seconds
131.691: Application time: 0.0788320 seconds
131.692: [GC [PSYoungGen: 90304K->4704K(96768K)] 102849K->17257K(317952K), 0.0015010 secs] [Times: user=0.01 sys=0.00, real=0.00 secs] 
131.693: Total time for which application threads were stopped: 0.0023590 seconds, Stopping threads took: 0.0007880 seconds
131.770: Application time: 0.0763070 seconds
131.771: [GC [PSYoungGen: 87648K->5856K(96768K)] 100201K->18417K(317952K), 0.0018100 secs] [Times: user=0.01 sys=0.00, real=0.00 secs] 
131.773: Total time for which application threads were stopped: 0.0031510 seconds, Stopping threads took: 0.0012540 seconds
131.851: Application time: 0.0787950 seconds
131.853: [GC [PSYoungGen: 88800K->4352K(96768K)] 101361K->16913K(317952K), 0.0012650 secs] [Times: user=0.01 sys=0.00, real=0.00 secs] 
131.854: Total time for which application threads were stopped: 0.0025290 seconds, Stopping threads took: 0.0011890 seconds
131.936: Application time: 0.0818310 seconds
131.937: [GC [PSYoungGen: 87296K->4656K(96768K)] 99857K->17225K(317952K), 0.0013820 secs] [Times: user=0.01 sys=0.00, real=0.00 secs] 
131.939: Total time for which application threads were stopped: 0.0030520 seconds, Stopping threads took: 0.0015860 seconds
132.015: Application time: 0.0758670 seconds
132.018: [GC [PSYoungGen: 87600K->6944K(96768K)] 100169K->19521K(317952K), 0.0020030 secs] [Times: user=0.02 sys=0.00, real=0.00 secs] 
132.020: Total time for which application threads were stopped: 0.0049130 seconds, Stopping threads took: 0.0028280 seconds
132.099: Application time: 0.0797910 seconds
132.101: [GC [PSYoungGen: 89888K->7888K(96768K)] 102465K->20473K(317952K), 0.0024490 secs] [Times: user=0.02 sys=0.00, real=0.00 secs] 
132.104: Total time for which application threads were stopped: 0.0040440 seconds, Stopping threads took: 0.0015140 seconds
132.189: Application time: 0.0854630 seconds
132.189: [GC [PSYoungGen: 90832K->2624K(96768K)] 103417K->15209K(317952K), 0.0008110 secs] [Times: user=0.00 sys=0.00, real=0.00 secs] 
132.190: Total time for which application threads were stopped: 0.0010450 seconds, Stopping threads took: 0.0001730 seconds
132.268: Application time: 0.0783940 seconds
132.271: [GC [PSYoungGen: 85568K->6160K(96768K)] 98153K->18753K(317952K), 0.0017730 secs] [Times: user=0.01 sys=0.00, real=0.00 secs] 
132.273: Total time for which application threads were stopped: 0.0045830 seconds, Stopping threads took: 0.0027300 seconds
132.346: Application time: 0.0727600 seconds
132.348: [GC [PSYoungGen: 89104K->7040K(96768K)] 101697K->19633K(317952K), 0.0021640 secs] [Times: user=0.01 sys=0.00, real=0.00 secs] 
132.350: Total time for which application threads were stopped: 0.0043620 seconds, Stopping threads took: 0.0021180 seconds
132.425: Application time: 0.0748990 seconds
132.428: [GC [PSYoungGen: 89984K->7792K(96768K)] 102577K->20393K(317952K), 0.0023700 secs] [Times: user=0.02 sys=0.00, real=0.00 secs] 
132.430: Total time for which application threads were stopped: 0.0050400 seconds, Stopping threads took: 0.0025860 seconds
132.504: Application time: 0.0735260 seconds
132.506: [GC [PSYoungGen: 90736K->7728K(96768K)] 103337K->20337K(317952K), 0.0023470 secs] [Times: user=0.01 sys=0.00, real=0.01 secs] 
132.508: Total time for which application threads were stopped: 0.0047320 seconds, Stopping threads took: 0.0022870 seconds
132.584: Application time: 0.0754040 seconds
132.586: [GC [PSYoungGen: 90672K->6160K(96768K)] 103281K->18777K(317952K), 0.0018590 secs] [Times: user=0.01 sys=0.00, real=0.01 secs] 
132.588: Total time for which application threads were stopped: 0.0043230 seconds, Stopping threads took: 0.0023730 seconds
132.664: Application time: 0.0758290 seconds
132.666: [GC [PSYoungGen: 89104K->6992K(96768K)] 101721K->19609K(317952K), 0.0021950 secs] [Times: user=0.01 sys=0.00, real=0.01 secs] 
132.668: Total time for which application threads were stopped: 0.0041210 seconds, Stopping threads took: 0.0018470 seconds
132.744: Application time: 0.0756150 seconds
132.747: [GC [PSYoungGen: 89936K->6272K(96768K)] 102553K->18897K(317952K), 0.0019500 secs] [Times: user=0.01 sys=0.00, real=0.01 secs] 
132.749: Total time for which application threads were stopped: 0.0049070 seconds, Stopping threads took: 0.0028760 seconds
132.826: Application time: 0.0777740 seconds
132.828: [GC [PSYoungGen: 89216K->6384K(96768K)] 101841K->19017K(317952K), 0.0019260 secs] [Times: user=0.02 sys=0.00, real=0.00 secs] 
132.830: Total time for which application threads were stopped: 0.0038570 seconds, Stopping threads took: 0.0018530 seconds
132.902: Application time: 0.0723010 seconds
132.904: [GC [PSYoungGen: 89328K->7504K(96768K)] 101961K->20145K(317952K), 0.0022220 secs] [Times: user=0.01 sys=0.00, real=0.00 secs] 
132.906: Total time for which application threads were stopped: 0.0038680 seconds, Stopping threads took: 0.0015630 seconds
132.983: Application time: 0.0768360 seconds
132.985: [GC [PSYoungGen: 90448K->5648K(96768K)] 103089K->18297K(317952K), 0.0016100 secs] [Times: user=0.01 sys=0.00, real=0.00 secs] 
132.987: Total time for which application threads were stopped: 0.0034520 seconds, Stopping threads took: 0.0017670 seconds
133.064: Application time: 0.0776910 seconds
133.066: [GC [PSYoungGen: 88592K->5616K(96768K)] 101241K->18265K(317952K), 0.0016770 secs] [Times: user=0.01 sys=0.00, real=0.01 secs] 
133.068: Total time for which application threads were stopped: 0.0033040 seconds, Stopping threads took: 0.0015380 seconds
133.145: Application time: 0.0771620 seconds
133.146: [GC [PSYoungGen: 88560K->5856K(96768K)] 101209K->18513K(317952K), 0.0018020 secs] [Times: user=0.01 sys=0.00, real=0.01 secs] 
133.148: Total time for which application threads were stopped: 0.0028090 seconds, Stopping threads took: 0.0009250 seconds
133.224: Application time: 0.0763760 seconds
133.225: [GC [PSYoungGen: 88800K->5648K(96768K)] 101457K->18313K(317952K), 0.0018190 secs] [Times: user=0.01 sys=0.00, real=0.01 secs] 
133.227: Total time for which application threads were stopped: 0.0033430 seconds, Stopping threads took: 0.0014430 seconds
133.305: Application time: 0.0777480 seconds
133.307: [GC [PSYoungGen: 88592K->6784K(96768K)] 101257K->19457K(317952K), 0.0019870 secs] [Times: user=0.01 sys=0.00, real=0.00 secs] 
133.309: Total time for which application threads were stopped: 0.0042240 seconds, Stopping threads took: 0.0021600 seconds
133.385: Application time: 0.0752890 seconds
133.386: [GC [PSYoungGen: 89728K->5440K(96768K)] 102401K->18121K(317952K), 0.0016230 secs] [Times: user=0.01 sys=0.00, real=0.01 secs] 
133.387: Total time for which application threads were stopped: 0.0028390 seconds, Stopping threads took: 0.0011360 seconds
133.463: Application time: 0.0757940 seconds
133.465: [GC [PSYoungGen: 88384K->7744K(96768K)] 101065K->20433K(317952K), 0.0022740 secs] [Times: user=0.01 sys=0.00, real=0.01 secs] 
133.467: Total time for which application threads were stopped: 0.0041530 seconds, Stopping threads took: 0.0017950 seconds
133.546: Application time: 0.0782780 seconds
133.548: [GC [PSYoungGen: 90688K->7584K(96768K)] 103377K->20273K(317952K), 0.0021910 secs] [Times: user=0.01 sys=0.00, real=0.00 secs] 
133.550: Total time for which application threads were stopped: 0.0042210 seconds, Stopping threads took: 0.0019440 seconds
133.631: Application time: 0.0812480 seconds
133.632: [GC [PSYoungGen: 90528K->5728K(96768K)] 103217K->18425K(317952K), 0.0017360 secs] [Times: user=0.01 sys=0.00, real=0.00 secs] 
133.633: Total time for which application threads were stopped: 0.0022040 seconds, Stopping threads took: 0.0003650 seconds
133.710: Application time: 0.0766940 seconds
133.713: [GC [PSYoungGen: 88672K->5744K(96768K)] 101369K->18441K(317952K), 0.0018120 secs] [Times: user=0.02 sys=0.00, real=0.00 secs] 
133.715: Total time for which application threads were stopped: 0.0047120 seconds, Stopping threads took: 0.0028190 seconds
133.791: Application time: 0.0758910 seconds
133.792: [GC [PSYoungGen: 88688K->7296K(96768K)] 101385K->20001K(317952K), 0.0022790 secs] [Times: user=0.01 sys=0.00, real=0.00 secs] 
133.795: Total time for which application threads were stopped: 0.0040500 seconds, Stopping threads took: 0.0016910 seconds
133.871: Application time: 0.0762760 seconds
133.873: [GC [PSYoungGen: 90240K->6000K(96768K)] 102945K->18713K(317952K), 0.0018510 secs] [Times: user=0.01 sys=0.00, real=0.00 secs] 
133.875: Total time for which application threads were stopped: 0.0038390 seconds, Stopping threads took: 0.0019120 seconds
133.952: Application time: 0.0772210 seconds
133.954: [GC [PSYoungGen: 88944K->6256K(96768K)] 101657K->18977K(317952K), 0.0018250 secs] [Times: user=0.02 sys=0.00, real=0.01 secs] 
133.956: Total time for which application threads were stopped: 0.0038520 seconds, Stopping threads took: 0.0019490 seconds
134.036: Application time: 0.0803060 seconds
134.038: [GC [PSYoungGen: 89200K->4944K(96768K)] 101921K->17673K(317952K), 0.0014730 secs] [Times: user=0.01 sys=0.00, real=0.00 secs] 
134.039: Total time for which application threads were stopped: 0.0030650 seconds, Stopping threads took: 0.0015150 seconds
134.120: Application time: 0.0805750 seconds
134.122: [GC [PSYoungGen: 87888K->6272K(96768K)] 100617K->19009K(317952K), 0.0018360 secs] [Times: user=0.02 sys=0.00, real=0.00 secs] 
134.124: Total time for which application threads were stopped: 0.0036790 seconds, Stopping threads took: 0.0017610 seconds
134.199: Application time: 0.0752220 seconds
134.201: [GC [PSYoungGen: 89216K->7312K(96768K)] 101953K->20049K(317952K), 0.0021670 secs] [Times: user=0.01 sys=0.00, real=0.00 secs] 
134.203: Total time for which application threads were stopped: 0.0045980 seconds, Stopping threads took: 0.0023420 seconds
134.279: Application time: 0.0752870 seconds
134.281: [GC [PSYoungGen: 90256K->6032K(96768K)] 102993K->18777K(317952K), 0.0017400 secs] [Times: user=0.01 sys=0.00, real=0.00 secs] 
134.283: Total time for which application threads were stopped: 0.0040100 seconds, Stopping threads took: 0.0021880 seconds
134.358: Application time: 0.0754450 seconds
134.361: [GC [PSYoungGen: 88976K->6448K(96768K)] 101721K->19201K(317952K), 0.0018970 secs] [Times: user=0.01 sys=0.00, real=0.00 secs] 
134.363: Total time for which application threads were stopped: 0.0045600 seconds, Stopping threads took: 0.0025810 seconds
134.439: Application time: 0.0761750 seconds
134.441: [GC [PSYoungGen: 89392K->6224K(96768K)] 102145K->18985K(317952K), 0.0018230 secs] [Times: user=0.02 sys=0.00, real=0.00 secs] 
134.442: Total time for which application threads were stopped: 0.0035040 seconds, Stopping threads took: 0.0016030 seconds
134.516: Application time: 0.0740280 seconds
134.519: [GC [PSYoungGen: 89168K->8272K(96768K)] 101929K->21041K(317952K), 0.0024690 secs] [Times: user=0.02 sys=0.00, real=0.00 secs] 
134.521: Total time for which application threads were stopped: 0.0046330 seconds, Stopping threads took: 0.0020830 seconds
134.599: Application time: 0.0774830 seconds
134.599: [GC [PSYoungGen: 91216K->7552K(96768K)] 103985K->20329K(317952K), 0.0023010 secs] [Times: user=0.01 sys=0.00, real=0.00 secs] 
134.601: Total time for which application threads were stopped: 0.0028600 seconds, Stopping threads took: 0.0004760 seconds
134.676: Application time: 0.0748210 seconds
134.678: [GC [PSYoungGen: 90496K->6208K(96768K)] 103273K->18985K(317952K), 0.0018840 secs] [Times: user=0.01 sys=0.00, real=0.00 secs] 
134.680: Total time for which application threads were stopped: 0.0036040 seconds, Stopping threads took: 0.0016390 seconds
134.760: Application time: 0.0799890 seconds
134.762: [GC [PSYoungGen: 89152K->7024K(96768K)] 101929K->19809K(317952K), 0.0022720 secs] [Times: user=0.01 sys=0.00, real=0.00 secs] 
134.764: Total time for which application threads were stopped: 0.0043360 seconds, Stopping threads took: 0.0019670 seconds
134.841: Application time: 0.0772940 seconds
134.843: [GC [PSYoungGen: 89968K->6576K(96768K)] 102753K->19377K(317952K), 0.0019380 secs] [Times: user=0.01 sys=0.00, real=0.00 secs] 
134.845: Total time for which application threads were stopped: 0.0032620 seconds, Stopping threads took: 0.0012420 seconds
134.919: Application time: 0.0739900 seconds
134.920: [GC [PSYoungGen: 89520K->6064K(96768K)] 102321K->18873K(317952K), 0.0018570 secs] [Times: user=0.02 sys=0.00, real=0.00 secs] 
134.922: Total time for which application threads were stopped: 0.0035280 seconds, Stopping threads took: 0.0015880 seconds
134.998: Application time: 0.0755140 seconds
135.000: [GC [PSYoungGen: 89008K->7792K(96768K)] 101817K->20609K(317952K), 0.0023290 secs] [Times: user=0.01 sys=0.00, real=0.00 secs] 
135.002: Total time for which application threads were stopped: 0.0045600 seconds, Stopping threads took: 0.0021520 seconds
135.079: Application time: 0.0770690 seconds
135.080: [GC [PSYoungGen: 90736K->6112K(96768K)] 103553K->18929K(317952K), 0.0018550 secs] [Times: user=0.01 sys=0.00, real=0.00 secs] 
135.082: Total time for which application threads were stopped: 0.0027010 seconds, Stopping threads took: 0.0007600 seconds
135.158: Application time: 0.0759220 seconds
135.159: [GC [PSYoungGen: 89056K->6672K(96768K)] 101873K->19497K(317952K), 0.0020070 secs] [Times: user=0.01 sys=0.00, real=0.00 secs] 
135.161: Total time for which application threads were stopped: 0.0026070 seconds, Stopping threads took: 0.0005160 seconds
135.239: Application time: 0.0787380 seconds
135.240: [GC [PSYoungGen: 89616K->4800K(96768K)] 102441K->17633K(317952K), 0.0014230 secs] [Times: user=0.00 sys=0.00, real=0.00 secs] 
135.241: Total time for which application threads were stopped: 0.0019910 seconds, Stopping threads took: 0.0004940 seconds
135.314: Application time: 0.0729270 seconds
135.316: [GC [PSYoungGen: 87744K->7568K(96768K)] 100577K->20409K(317952K), 0.0022840 secs] [Times: user=0.01 sys=0.00, real=0.00 secs] 
135.318: Total time for which application threads were stopped: 0.0036000 seconds, Stopping threads took: 0.0012250 seconds
135.373: Application time: 0.0552390 seconds
135.375: Total time for which application threads were stopped: 0.0022750 seconds, Stopping threads took: 0.0022300 seconds
135.395: Application time: 0.0193260 seconds
135.397: [GC [PSYoungGen: 90512K->5472K(96768K)] 103353K->18321K(317952K), 0.0016360 secs] [Times: user=0.01 sys=0.00, real=0.00 secs] 
135.399: Total time for which application threads were stopped: 0.0043270 seconds, Stopping threads took: 0.0026130 seconds
135.473: Application time: 0.0739970 seconds
135.475: [GC [PSYoungGen: 88416K->6160K(96768K)] 101265K->19017K(317952K), 0.0018290 secs] [Times: user=0.01 sys=0.00, real=0.00 secs] 
135.477: Total time for which application threads were stopped: 0.0041210 seconds, Stopping threads took: 0.0022060 seconds
135.530: Application time: 0.0532340 seconds
135.532: Total time for which application threads were stopped: 0.0014260 seconds, Stopping threads took: 0.0013790 seconds
135.547: Application time: 0.0150990 seconds
135.549: Total time for which application threads were stopped: 0.0016710 seconds, Stopping threads took: 0.0016240 seconds
135.578: Application time: 0.0292900 seconds
135.580: [GC [PSYoungGen: 89104K->4160K(96768K)] 101961K->17017K(317952K), 0.0014470 secs] [Times: user=0.01 sys=0.00, real=0.00 secs] 
135.582: Total time for which application threads were stopped: 0.0037540 seconds, Stopping threads took: 0.0022070 seconds
135.620: Application time: 0.0380970 seconds
135.621: Total time for which application threads were stopped: 0.0015730 seconds, Stopping threads took: 0.0015280 seconds
135.642: Application time: 0.0203740 seconds
135.643: Total time for which application threads were stopped: 0.0013730 seconds, Stopping threads took: 0.0013260 seconds
135.647: Application time: 0.0040440 seconds
135.649: Total time for which application threads were stopped: 0.0013600 seconds, Stopping threads took: 0.0013440 seconds
135.755: Application time: 0.1062820 seconds
135.755: Total time for which application threads were stopped: 0.0000460 seconds, Stopping threads took: 0.0000160 seconds
135.756: Application time: 0.0009520 seconds
135.756: Total time for which application threads were stopped: 0.0000250 seconds, Stopping threads took: 0.0000150 seconds
135.775: Application time: 0.0193970 seconds
135.777: [GC [PSYoungGen: 87104K->6128K(96768K)] 99961K->18993K(317952K), 0.0017900 secs] [Times: user=0.01 sys=0.00, real=0.00 secs] 
135.779: Total time for which application threads were stopped: 0.0037650 seconds, Stopping threads took: 0.0018910 seconds
135.861: Application time: 0.0819080 seconds
135.863: [GC [PSYoungGen: 89072K->7024K(96768K)] 101937K->19889K(317952K), 0.0021420 secs] [Times: user=0.01 sys=0.00, real=0.00 secs] 
135.865: Total time for which application threads were stopped: 0.0042240 seconds, Stopping threads took: 0.0019840 seconds
135.948: Application time: 0.0824950 seconds
135.951: [GC [PSYoungGen: 89968K->5904K(96768K)] 102833K->18777K(317952K), 0.0017790 secs] [Times: user=0.01 sys=0.00, real=0.00 secs] 
135.952: Total time for which application threads were stopped: 0.0047410 seconds, Stopping threads took: 0.0028760 seconds
136.033: Application time: 0.0801820 seconds
136.034: [GC [PSYoungGen: 88848K->7840K(96768K)] 101721K->20721K(317952K), 0.0026810 secs] [Times: user=0.02 sys=0.00, real=0.01 secs] 
136.037: Total time for which application threads were stopped: 0.0042670 seconds, Stopping threads took: 0.0014960 seconds
136.124: Application time: 0.0868910 seconds
136.127: [GC [PSYoungGen: 90784K->7232K(96768K)] 103665K->20129K(317952K), 0.0024500 secs] [Times: user=0.01 sys=0.00, real=0.01 secs] 
136.129: Total time for which application threads were stopped: 0.0055950 seconds, Stopping threads took: 0.0030560 seconds
136.214: Application time: 0.0847770 seconds
136.216: [GC [PSYoungGen: 90176K->7904K(96768K)] 103073K->20817K(317952K), 0.0026190 secs] [Times: user=0.01 sys=0.00, real=0.00 secs] 
136.219: Total time for which application threads were stopped: 0.0045140 seconds, Stopping threads took: 0.0017960 seconds
136.262: Application time: 0.0436080 seconds
136.265: Total time for which application threads were stopped: 0.0023750 seconds, Stopping threads took: 0.0023480 seconds
136.265: Application time: 0.0002880 seconds
136.268: Total time for which application threads were stopped: 0.0033780 seconds, Stopping threads took: 0.0033590 seconds
136.281: Application time: 0.0123630 seconds
136.282: Total time for which application threads were stopped: 0.0010380 seconds, Stopping threads took: 0.0010110 seconds
136.307: Application time: 0.0248890 seconds
136.308: [GC [PSYoungGen: 90848K->7024K(96768K)] 103761K->19953K(317952K), 0.0023640 secs] [Times: user=0.02 sys=0.00, real=0.00 secs] 
136.311: Total time for which application threads were stopped: 0.0041260 seconds, Stopping threads took: 0.0016560 seconds
136.395: Application time: 0.0840160 seconds
136.396: [GC [PSYoungGen: 89968K->6336K(96768K)] 102897K->19265K(317952K), 0.0020070 secs] [Times: user=0.02 sys=0.00, real=0.00 secs] 
136.398: Total time for which application threads were stopped: 0.0031390 seconds, Stopping threads took: 0.0010420 seconds
136.489: Application time: 0.0909900 seconds
136.490: [GC [PSYoungGen: 89280K->4064K(96768K)] 102209K->17001K(317952K), 0.0012340 secs] [Times: user=0.01 sys=0.00, real=0.00 secs] 
136.492: Total time for which application threads were stopped: 0.0029380 seconds, Stopping threads took: 0.0016330 seconds
136.575: Application time: 0.0828650 seconds
136.577: [GC [PSYoungGen: 87008K->5008K(96768K)] 99945K->17953K(317952K), 0.0014440 secs] [Times: user=0.01 sys=0.00, real=0.00 secs] 
136.579: Total time for which application threads were stopped: 0.0039750 seconds, Stopping threads took: 0.0024530 seconds
136.660: Application time: 0.0818880 seconds
136.663: [GC [PSYoungGen: 87952K->6384K(96768K)] 100897K->19337K(317952K), 0.0019050 secs] [Times: user=0.01 sys=0.00, real=0.00 secs] 
136.665: Total time for which application threads were stopped: 0.0045520 seconds, Stopping threads took: 0.0025630 seconds
136.748: Application time: 0.0826120 seconds
136.751: [GC [PSYoungGen: 89328K->6576K(96768K)] 102281K->19537K(317952K), 0.0019360 secs] [Times: user=0.01 sys=0.00, real=0.00 secs] 
136.753: Total time for which application threads were stopped: 0.0049030 seconds, Stopping threads took: 0.0028820 seconds
136.835: Application time: 0.0820630 seconds
136.839: [GC [PSYoungGen: 89520K->7136K(96768K)] 102481K->20105K(317952K), 0.0021790 secs] [Times: user=0.02 sys=0.00, real=0.00 secs] 
136.841: Total time for which application threads were stopped: 0.0068420 seconds, Stopping threads took: 0.0045790 seconds
136.923: Application time: 0.0815540 seconds
136.925: [GC [PSYoungGen: 90080K->6528K(96768K)] 103049K->19497K(317952K), 0.0019800 secs] [Times: user=0.01 sys=0.00, real=0.00 secs] 
136.927: Total time for which application threads were stopped: 0.0040130 seconds, Stopping threads took: 0.0019330 seconds
137.004: Application time: 0.0771880 seconds
137.006: [GC [PSYoungGen: 89472K->7552K(96768K)] 102441K->20521K(317952K), 0.0024240 secs] [Times: user=0.02 sys=0.00, real=0.01 secs] 
137.008: Total time for which application threads were stopped: 0.0038290 seconds, Stopping threads took: 0.0013200 seconds
137.088: Application time: 0.0798890 seconds
137.090: [GC [PSYoungGen: 90496K->7904K(96768K)] 103465K->20937K(317952K), 0.0024190 secs] [Times: user=0.01 sys=0.00, real=0.00 secs] 
137.092: Total time for which application threads were stopped: 0.0044030 seconds, Stopping threads took: 0.0018980 seconds
137.172: Application time: 0.0791720 seconds
137.175: [GC [PSYoungGen: 90848K->7824K(96768K)] 103881K->20857K(317952K), 0.0024070 secs] [Times: user=0.01 sys=0.00, real=0.01 secs] 
137.177: Total time for which application threads were stopped: 0.0055420 seconds, Stopping threads took: 0.0030530 seconds
137.255: Application time: 0.0782670 seconds
137.257: [GC [PSYoungGen: 90768K->7696K(96768K)] 103801K->20729K(317952K), 0.0023120 secs] [Times: user=0.02 sys=0.00, real=0.00 secs] 
137.260: Total time for which application threads were stopped: 0.0044640 seconds, Stopping threads took: 0.0020700 seconds
137.341: Application time: 0.0812320 seconds
137.343: [GC [PSYoungGen: 90640K->5024K(96768K)] 103673K->18057K(317952K), 0.0016900 secs] [Times: user=0.01 sys=0.00, real=0.00 secs] 
137.345: Total time for which application threads were stopped: 0.0034690 seconds, Stopping threads took: 0.0017010 seconds
137.429: Application time: 0.0840080 seconds
137.431: [GC [PSYoungGen: 87968K->6416K(96768K)] 101001K->19449K(317952K), 0.0018390 secs] [Times: user=0.02 sys=0.00, real=0.00 secs] 
137.433: Total time for which application threads were stopped: 0.0040680 seconds, Stopping threads took: 0.0021370 seconds
137.517: Application time: 0.0845130 seconds
137.519: [GC [PSYoungGen: 89360K->4640K(96768K)] 102393K->17673K(317952K), 0.0013740 secs] [Times: user=0.01 sys=0.00, real=0.00 secs] 
137.520: Total time for which application threads were stopped: 0.0028770 seconds, Stopping threads took: 0.0014270 seconds
137.607: Application time: 0.0868780 seconds
137.609: [GC [PSYoungGen: 87584K->5824K(96768K)] 100617K->18889K(317952K), 0.0017710 secs] [Times: user=0.01 sys=0.00, real=0.00 secs] 
137.611: Total time for which application threads were stopped: 0.0040900 seconds, Stopping threads took: 0.0022390 seconds
137.692: Application time: 0.0811060 seconds
137.695: [GC [PSYoungGen: 88768K->7088K(96768K)] 101833K->20177K(317952K), 0.0021530 secs] [Times: user=0.02 sys=0.00, real=0.01 secs] 
137.697: Total time for which application threads were stopped: 0.0048870 seconds, Stopping threads took: 0.0026510 seconds
137.775: Application time: 0.0783480 seconds
137.777: [GC [PSYoungGen: 90032K->7072K(96768K)] 103121K->20161K(317952K), 0.0021310 secs] [Times: user=0.02 sys=0.00, real=0.00 secs] 
137.779: Total time for which application threads were stopped: 0.0041490 seconds, Stopping threads took: 0.0019280 seconds
137.861: Application time: 0.0812350 seconds
137.863: [GC [PSYoungGen: 90016K->6528K(96768K)] 103105K->19617K(317952K), 0.0019430 secs] [Times: user=0.01 sys=0.00, real=0.00 secs] 
137.865: Total time for which application threads were stopped: 0.0043770 seconds, Stopping threads took: 0.0023490 seconds
137.944: Application time: 0.0791090 seconds
137.946: [GC [PSYoungGen: 89472K->6128K(96768K)] 102561K->19217K(317952K), 0.0017570 secs] [Times: user=0.01 sys=0.00, real=0.01 secs] 
137.948: Total time for which application threads were stopped: 0.0034250 seconds, Stopping threads took: 0.0015800 seconds
138.027: Application time: 0.0789710 seconds
138.028: [GC [PSYoungGen: 89072K->7792K(96768K)] 102161K->20881K(317952K), 0.0023500 secs] [Times: user=0.01 sys=0.00, real=0.00 secs] 
138.030: Total time for which application threads were stopped: 0.0037760 seconds, Stopping threads took: 0.0013370 seconds
138.113: Application time: 0.0821850 seconds
138.115: [GC [PSYoungGen: 90736K->6656K(96768K)] 103825K->19753K(317952K), 0.0020100 secs] [Times: user=0.01 sys=0.00, real=0.01 secs] 
138.117: Total time for which application threads were stopped: 0.0045960 seconds, Stopping threads took: 0.0025040 seconds
138.196: Application time: 0.0788090 seconds
138.198: [GC [PSYoungGen: 89600K->7392K(96768K)] 102697K->20497K(317952K), 0.0023360 secs] [Times: user=0.01 sys=0.00, real=0.00 secs] 
138.201: Total time for which application threads were stopped: 0.0045940 seconds, Stopping threads took: 0.0021730 seconds
138.281: Application time: 0.0803980 seconds
138.284: [GC [PSYoungGen: 90336K->6864K(96768K)] 103441K->19969K(317952K), 0.0019840 secs] [Times: user=0.01 sys=0.00, real=0.00 secs] 
138.286: Total time for which application threads were stopped: 0.0049060 seconds, Stopping threads took: 0.0028420 seconds
138.366: Application time: 0.0801810 seconds
138.368: [GC [PSYoungGen: 89808K->6992K(96768K)] 102913K->20097K(317952K), 0.0021970 secs] [Times: user=0.01 sys=0.00, real=0.00 secs] 
138.370: Total time for which application threads were stopped: 0.0040060 seconds, Stopping threads took: 0.0017280 seconds
138.450: Application time: 0.0795810 seconds
138.451: [GC [PSYoungGen: 89936K->6928K(96768K)] 103041K->20033K(317952K), 0.0020990 secs] [Times: user=0.01 sys=0.00, real=0.00 secs] 
138.453: Total time for which application threads were stopped: 0.0033830 seconds, Stopping threads took: 0.0011900 seconds
138.535: Application time: 0.0820340 seconds
138.538: [GC [PSYoungGen: 89872K->6576K(96768K)] 102977K->19681K(317952K), 0.0019560 secs] [Times: user=0.01 sys=0.00, real=0.00 secs] 
138.540: Total time for which application threads were stopped: 0.0045700 seconds, Stopping threads took: 0.0025330 seconds
138.624: Application time: 0.0839380 seconds
138.627: [GC [PSYoungGen: 89520K->7280K(96768K)] 102625K->20385K(317952K), 0.0021550 secs] [Times: user=0.01 sys=0.00, real=0.01 secs] 
138.629: Total time for which application threads were stopped: 0.0051570 seconds, Stopping threads took: 0.0029170 seconds
138.710: Application time: 0.0810910 seconds
138.711: [GC [PSYoungGen: 90224K->8272K(96768K)] 103329K->21393K(317952K), 0.0024870 secs] [Times: user=0.02 sys=0.00, real=0.00 secs] 
138.713: Total time for which application threads were stopped: 0.0035770 seconds, Stopping threads took: 0.0010050 seconds
138.797: Application time: 0.0831120 seconds
138.800: [GC [PSYoungGen: 91216K->7632K(96768K)] 104337K->20753K(317952K), 0.0022630 secs] [Times: user=0.02 sys=0.00, real=0.00 secs] 
138.802: Total time for which application threads were stopped: 0.0056020 seconds, Stopping threads took: 0.0032550 seconds
138.881: Application time: 0.0789850 seconds
138.882: [GC [PSYoungGen: 90576K->7104K(96768K)] 103697K->20225K(317952K), 0.0021660 secs] [Times: user=0.01 sys=0.00, real=0.00 secs] 
138.884: Total time for which application threads were stopped: 0.0030390 seconds, Stopping threads took: 0.0007890 seconds
138.962: Application time: 0.0782310 seconds
138.965: [GC [PSYoungGen: 90048K->6928K(96768K)] 103169K->20049K(317952K), 0.0020790 secs] [Times: user=0.02 sys=0.00, real=0.00 secs] 
138.967: Total time for which application threads were stopped: 0.0047210 seconds, Stopping threads took: 0.0025490 seconds
139.052: Application time: 0.0845860 seconds
139.053: [GC [PSYoungGen: 89872K->8240K(96768K)] 102993K->21361K(317952K), 0.0025170 secs] [Times: user=0.02 sys=0.00, real=0.01 secs] 
139.056: Total time for which application threads were stopped: 0.0041240 seconds, Stopping threads took: 0.0015230 seconds
139.135: Application time: 0.0793770 seconds
139.137: [GC [PSYoungGen: 91184K->7696K(96768K)] 104305K->20817K(317952K), 0.0023630 secs] [Times: user=0.02 sys=0.00, real=0.00 secs] 
139.140: Total time for which application threads were stopped: 0.0043990 seconds, Stopping threads took: 0.0019520 seconds
139.225: Application time: 0.0853080 seconds
139.227: [GC [PSYoungGen: 90640K->4768K(96768K)] 103761K->17905K(317952K), 0.0014570 secs] [Times: user=0.01 sys=0.00, real=0.01 secs] 
139.228: Total time for which application threads were stopped: 0.0032180 seconds, Stopping threads took: 0.0016840 seconds
139.310: Application time: 0.0820390 seconds
139.313: [GC [PSYoungGen: 87712K->8080K(96768K)] 100849K->21225K(317952K), 0.0024700 secs] [Times: user=0.02 sys=0.00, real=0.01 secs] 
139.316: Total time for which application threads were stopped: 0.0054110 seconds, Stopping threads took: 0.0028550 seconds
139.394: Application time: 0.0783540 seconds
139.397: [GC [PSYoungGen: 91024K->7264K(96768K)] 104169K->20409K(317952K), 0.0022840 secs] [Times: user=0.01 sys=0.00, real=0.00 secs] 
139.399: Total time for which application threads were stopped: 0.0051370 seconds, Stopping threads took: 0.0027680 seconds
139.475: Application time: 0.0762950 seconds
139.478: [GC [PSYoungGen: 90208K->8016K(96768K)] 103353K->21161K(317952K), 0.0024490 secs] [Times: user=0.02 sys=0.00, real=0.00 secs] 
139.480: Total time for which application threads were stopped: 0.0048580 seconds, Stopping threads took: 0.0023200 seconds
139.555: Application time: 0.0751670 seconds
139.557: [GC [PSYoungGen: 90960K->6688K(96768K)] 104105K->19833K(317952K), 0.0020350 secs] [Times: user=0.01 sys=0.00, real=0.00 secs] 
139.559: Total time for which application threads were stopped: 0.0039750 seconds, Stopping threads took: 0.0018540 seconds
139.633: Application time: 0.0736210 seconds
139.635: [GC [PSYoungGen: 89632K->7856K(96768K)] 102777K->21001K(317952K), 0.0024090 secs] [Times: user=0.02 sys=0.00, real=0.01 secs] 
139.637: Total time for which application threads were stopped: 0.0040370 seconds, Stopping threads took: 0.0015440 seconds
139.711: Application time: 0.0740600 seconds
139.714: [GC [PSYoungGen: 90800K->5888K(96768K)] 103945K->19041K(317952K), 0.0017390 secs] [Times: user=0.01 sys=0.00, real=0.01 secs] 
139.715: Total time for which application threads were stopped: 0.0042560 seconds, Stopping threads took: 0.0024390 seconds
139.793: Application time: 0.0772030 seconds
139.794: [GC [PSYoungGen: 88832K->6816K(96768K)] 101985K->19977K(317952K), 0.0021590 secs] [Times: user=0.01 sys=0.00, real=0.01 secs] 
139.796: Total time for which application threads were stopped: 0.0036790 seconds, Stopping threads took: 0.0014280 seconds
139.870: Application time: 0.0738810 seconds
139.872: [GC [PSYoungGen: 89760K->7312K(96768K)] 102921K->20473K(317952K), 0.0022670 secs] [Times: user=0.01 sys=0.00, real=0.00 secs] 
139.874: Total time for which application threads were stopped: 0.0041920 seconds, Stopping threads took: 0.0018410 seconds
139.948: Application time: 0.0733980 seconds
139.950: [GC [PSYoungGen: 90256K->7872K(96768K)] 103417K->21033K(317952K), 0.0024900 secs] [Times: user=0.02 sys=0.00, real=0.00 secs] 
139.953: Total time for which application threads were stopped: 0.0050320 seconds, Stopping threads took: 0.0024560 seconds
140.026: Application time: 0.0728050 seconds
140.028: [GC [PSYoungGen: 90816K->5888K(96768K)] 103977K->19049K(317952K), 0.0017190 secs] [Times: user=0.02 sys=0.00, real=0.00 secs] 
140.029: Total time for which application threads were stopped: 0.0038580 seconds, Stopping threads took: 0.0020400 seconds
140.104: Application time: 0.0744200 seconds
140.107: [GC [PSYoungGen: 88832K->7824K(96768K)] 101993K->20985K(317952K), 0.0024050 secs] [Times: user=0.02 sys=0.00, real=0.01 secs] 
140.109: Total time for which application threads were stopped: 0.0052870 seconds, Stopping threads took: 0.0027980 seconds
140.183: Application time: 0.0739180 seconds
140.185: [GC [PSYoungGen: 90768K->7664K(96768K)] 103929K->20833K(317952K), 0.0022370 secs] [Times: user=0.02 sys=0.00, real=0.01 secs] 
140.187: Total time for which application threads were stopped: 0.0044140 seconds, Stopping threads took: 0.0020940 seconds
140.263: Application time: 0.0756050 seconds
140.264: [GC [PSYoungGen: 90608K->6528K(96768K)] 103777K->19705K(317952K), 0.0024670 secs] [Times: user=0.01 sys=0.00, real=0.00 secs] 
140.267: Total time for which application threads were stopped: 0.0036030 seconds, Stopping threads took: 0.0010580 seconds
140.349: Application time: 0.0820350 seconds
140.351: [GC [PSYoungGen: 89472K->5664K(96768K)] 102649K->18841K(317952K), 0.0016030 secs] [Times: user=0.01 sys=0.00, real=0.00 secs] 
140.353: Total time for which application threads were stopped: 0.0041750 seconds, Stopping threads took: 0.0024950 seconds
140.431: Application time: 0.0781250 seconds
140.433: [GC [PSYoungGen: 88608K->6880K(96768K)] 101785K->20057K(317952K), 0.0020250 secs] [Times: user=0.02 sys=0.00, real=0.00 secs] 
140.435: Total time for which application threads were stopped: 0.0041020 seconds, Stopping threads took: 0.0019950 seconds
140.512: Application time: 0.0769460 seconds
140.514: [GC [PSYoungGen: 89824K->6304K(96768K)] 103001K->19481K(317952K), 0.0018150 secs] [Times: user=0.01 sys=0.00, real=0.01 secs] 
140.516: Total time for which application threads were stopped: 0.0039120 seconds, Stopping threads took: 0.0020120 seconds
140.591: Application time: 0.0748750 seconds
140.593: [GC [PSYoungGen: 89248K->6112K(96768K)] 102425K->19289K(317952K), 0.0018740 secs] [Times: user=0.02 sys=0.00, real=0.00 secs] 
140.595: Total time for which application threads were stopped: 0.0037760 seconds, Stopping threads took: 0.0018130 seconds
140.674: Application time: 0.0792900 seconds
140.675: [GC [PSYoungGen: 89056K->4832K(96768K)] 102233K->18017K(317952K), 0.0015610 secs] [Times: user=0.01 sys=0.00, real=0.01 secs] 
140.676: Total time for which application threads were stopped: 0.0025230 seconds, Stopping threads took: 0.0008890 seconds
140.760: Application time: 0.0834820 seconds
140.762: [GC [PSYoungGen: 87776K->4784K(96768K)] 100961K->17977K(317952K), 0.0014340 secs] [Times: user=0.01 sys=0.00, real=0.00 secs] 
140.763: Total time for which application threads were stopped: 0.0030420 seconds, Stopping threads took: 0.0015340 seconds
140.842: Application time: 0.0792330 seconds
140.845: [GC [PSYoungGen: 87728K->5904K(96768K)] 100921K->19097K(317952K), 0.0016560 secs] [Times: user=0.01 sys=0.00, real=0.00 secs] 
140.847: Total time for which application threads were stopped: 0.0045400 seconds, Stopping threads took: 0.0028070 seconds
140.925: Application time: 0.0783340 seconds
140.927: [GC [PSYoungGen: 88848K->6896K(96768K)] 102041K->20089K(317952K), 0.0020870 secs] [Times: user=0.01 sys=0.00, real=0.01 secs] 
140.929: Total time for which application threads were stopped: 0.0037640 seconds, Stopping threads took: 0.0015980 seconds
141.007: Application time: 0.0785620 seconds
141.010: [GC [PSYoungGen: 89840K->6720K(96768K)] 103033K->19913K(317952K), 0.0019880 secs] [Times: user=0.02 sys=0.00, real=0.00 secs] 
141.012: Total time for which application threads were stopped: 0.0044600 seconds, Stopping threads took: 0.0023900 seconds
141.088: Application time: 0.0763520 seconds
141.090: [GC [PSYoungGen: 89664K->8272K(96768K)] 102857K->21465K(317952K), 0.0025480 secs] [Times: user=0.02 sys=0.00, real=0.00 secs] 
141.093: Total time for which application threads were stopped: 0.0044160 seconds, Stopping threads took: 0.0017840 seconds
141.171: Application time: 0.0788240 seconds
141.174: [GC [PSYoungGen: 91216K->5472K(96768K)] 104409K->18665K(317952K), 0.0016970 secs] [Times: user=0.02 sys=0.00, real=0.01 secs] 
141.175: Total time for which application threads were stopped: 0.0039010 seconds, Stopping threads took: 0.0021140 seconds
141.250: Application time: 0.0749280 seconds
141.252: [GC [PSYoungGen: 88416K->8256K(96768K)] 101609K->21457K(317952K), 0.0025790 secs] [Times: user=0.02 sys=0.00, real=0.00 secs] 
141.255: Total time for which application threads were stopped: 0.0045690 seconds, Stopping threads took: 0.0019040 seconds
141.330: Application time: 0.0753800 seconds
141.332: [GC [PSYoungGen: 91200K->8208K(96768K)] 104401K->21417K(317952K), 0.0024020 secs] [Times: user=0.02 sys=0.00, real=0.00 secs] 
141.334: Total time for which application threads were stopped: 0.0041400 seconds, Stopping threads took: 0.0016540 seconds
141.413: Application time: 0.0781470 seconds
141.414: [GC [PSYoungGen: 91152K->7152K(96768K)] 104361K->20361K(317952K), 0.0021680 secs] [Times: user=0.01 sys=0.00, real=0.01 secs] 
141.417: Total time for which application threads were stopped: 0.0040840 seconds, Stopping threads took: 0.0018340 seconds
141.494: Application time: 0.0770560 seconds
141.496: [GC [PSYoungGen: 90096K->7344K(96768K)] 103305K->20553K(317952K), 0.0021590 secs] [Times: user=0.01 sys=0.00, real=0.00 secs] 
141.498: Total time for which application threads were stopped: 0.0043150 seconds, Stopping threads took: 0.0020770 seconds
141.573: Application time: 0.0746760 seconds
141.574: [GC [PSYoungGen: 90288K->6512K(96768K)] 103497K->19721K(317952K), 0.0019990 secs] [Times: user=0.02 sys=0.00, real=0.01 secs] 
141.576: Total time for which application threads were stopped: 0.0034680 seconds, Stopping threads took: 0.0013900 seconds
141.655: Application time: 0.0791200 seconds
141.658: [GC [PSYoungGen: 89456K->6048K(96768K)] 102665K->19257K(317952K), 0.0018390 secs] [Times: user=0.01 sys=0.00, real=0.00 secs] 
141.660: Total time for which application threads were stopped: 0.0045030 seconds, Stopping threads took: 0.0025820 seconds
141.735: Application time: 0.0748370 seconds
141.737: [GC [PSYoungGen: 88992K->8176K(96768K)] 102201K->21393K(317952K), 0.0025640 secs] [Times: user=0.01 sys=0.00, real=0.00 secs] 
141.740: Total time for which application threads were stopped: 0.0050020 seconds, Stopping threads took: 0.0023500 seconds
141.816: Application time: 0.0759910 seconds
141.817: [GC [PSYoungGen: 91118K->6272K(96768K)] 104335K->19497K(317952K), 0.0018840 secs] [Times: user=0.01 sys=0.00, real=0.00 secs] 
141.819: Total time for which application threads were stopped: 0.0032410 seconds, Stopping threads took: 0.0012750 seconds
141.897: Application time: 0.0776470 seconds
141.898: [GC [PSYoungGen: 89216K->7264K(96768K)] 102441K->20489K(317952K), 0.0021690 secs] [Times: user=0.01 sys=0.00, real=0.00 secs] 
141.901: Total time for which application threads were stopped: 0.0041240 seconds, Stopping threads took: 0.0018700 seconds
141.979: Application time: 0.0782510 seconds
141.981: [GC [PSYoungGen: 90208K->6432K(96768K)] 103433K->19657K(317952K), 0.0019760 secs] [Times: user=0.01 sys=0.00, real=0.00 secs] 
141.983: Total time for which application threads were stopped: 0.0038480 seconds, Stopping threads took: 0.0017930 seconds
142.058: Application time: 0.0750170 seconds
142.060: [GC [PSYoungGen: 89376K->6304K(96768K)] 102601K->19529K(317952K), 0.0019920 secs] [Times: user=0.02 sys=0.00, real=0.00 secs] 
142.062: Total time for which application threads were stopped: 0.0039010 seconds, Stopping threads took: 0.0018300 seconds
142.140: Application time: 0.0779780 seconds
142.140: [GC [PSYoungGen: 89248K->5408K(96768K)] 102473K->18633K(317952K), 0.0016510 secs] [Times: user=0.01 sys=0.00, real=0.00 secs] 
142.142: Total time for which application threads were stopped: 0.0019960 seconds, Stopping threads took: 0.0002670 seconds
142.218: Application time: 0.0758890 seconds
142.219: [GC [PSYoungGen: 88352K->6256K(96768K)] 101577K->19489K(317952K), 0.0019210 secs] [Times: user=0.01 sys=0.00, real=0.00 secs] 
142.221: Total time for which application threads were stopped: 0.0035930 seconds, Stopping threads took: 0.0015830 seconds
142.296: Application time: 0.0744220 seconds
142.298: [GC [PSYoungGen: 89200K->6560K(96768K)] 102433K->19801K(317952K), 0.0019250 secs] [Times: user=0.01 sys=0.00, real=0.00 secs] 
142.300: Total time for which application threads were stopped: 0.0041780 seconds, Stopping threads took: 0.0021640 seconds
142.376: Application time: 0.0764480 seconds
142.378: [GC [PSYoungGen: 89504K->7568K(96768K)] 102745K->20809K(317952K), 0.0023290 secs] [Times: user=0.02 sys=0.00, real=0.00 secs] 
142.381: Total time for which application threads were stopped: 0.0046080 seconds, Stopping threads took: 0.0021970 seconds
142.456: Application time: 0.0750690 seconds
142.459: [GC [PSYoungGen: 90512K->8336K(96768K)] 103753K->21577K(317952K), 0.0025510 secs] [Times: user=0.02 sys=0.00, real=0.00 secs] 
142.461: Total time for which application threads were stopped: 0.0054020 seconds, Stopping threads took: 0.0027620 seconds
142.534: Application time: 0.0724480 seconds
142.536: [GC [PSYoungGen: 91280K->7920K(96768K)] 104521K->21161K(317952K), 0.0023760 secs] [Times: user=0.02 sys=0.00, real=0.00 secs] 
142.539: Total time for which application threads were stopped: 0.0050810 seconds, Stopping threads took: 0.0026200 seconds
142.613: Application time: 0.0745090 seconds
142.616: [GC [PSYoungGen: 90864K->7168K(96768K)] 104105K->20409K(317952K), 0.0021560 secs] [Times: user=0.02 sys=0.00, real=0.00 secs] 
142.618: Total time for which application threads were stopped: 0.0043880 seconds, Stopping threads took: 0.0021510 seconds
142.692: Application time: 0.0741280 seconds
142.694: [GC [PSYoungGen: 90112K->7216K(96768K)] 103353K->20465K(317952K), 0.0021860 secs] [Times: user=0.02 sys=0.00, real=0.01 secs] 
142.696: Total time for which application threads were stopped: 0.0045550 seconds, Stopping threads took: 0.0022700 seconds
142.774: Application time: 0.0772750 seconds
142.775: [GC [PSYoungGen: 90160K->5600K(96768K)] 103409K->18857K(317952K), 0.0017280 secs] [Times: user=0.01 sys=0.00, real=0.00 secs] 
142.777: Total time for which application threads were stopped: 0.0034690 seconds, Stopping threads took: 0.0016620 seconds
142.849: Application time: 0.0718250 seconds
142.851: [GC [PSYoungGen: 88544K->6720K(96768K)] 101801K->19985K(317952K), 0.0020310 secs] [Times: user=0.01 sys=0.00, real=0.00 secs] 
142.853: Total time for which application threads were stopped: 0.0039420 seconds, Stopping threads took: 0.0018110 seconds
142.931: Application time: 0.0783280 seconds
142.934: [GC [PSYoungGen: 89664K->6896K(96768K)] 102929K->20161K(317952K), 0.0020780 secs] [Times: user=0.01 sys=0.00, real=0.01 secs] 
142.936: Total time for which application threads were stopped: 0.0046460 seconds, Stopping threads took: 0.0024860 seconds
143.011: Application time: 0.0750460 seconds
143.013: [GC [PSYoungGen: 89840K->7680K(96768K)] 103105K->20945K(317952K), 0.0022920 secs] [Times: user=0.01 sys=0.00, real=0.00 secs] 
143.015: Total time for which application threads were stopped: 0.0040600 seconds, Stopping threads took: 0.0016830 seconds
143.091: Application time: 0.0762040 seconds
143.093: [GC [PSYoungGen: 90624K->7520K(96768K)] 103889K->20785K(317952K), 0.0022200 secs] [Times: user=0.01 sys=0.00, real=0.01 secs] 
143.095: Total time for which application threads were stopped: 0.0040540 seconds, Stopping threads took: 0.0017500 seconds
143.170: Application time: 0.0749970 seconds
143.173: [GC [PSYoungGen: 90464K->7488K(96768K)] 103729K->20761K(317952K), 0.0022220 secs] [Times: user=0.02 sys=0.00, real=0.00 secs] 
143.175: Total time for which application threads were stopped: 0.0047350 seconds, Stopping threads took: 0.0024340 seconds
143.258: Application time: 0.0825640 seconds
143.258: [GC [PSYoungGen: 90432K->5696K(96768K)] 103705K->18977K(317952K), 0.0017630 secs] [Times: user=0.01 sys=0.00, real=0.00 secs] 
143.260: Total time for which application threads were stopped: 0.0022410 seconds, Stopping threads took: 0.0003980 seconds
143.339: Application time: 0.0796420 seconds
143.341: [GC [PSYoungGen: 88640K->6096K(96768K)] 101921K->19385K(317952K), 0.0018090 secs] [Times: user=0.01 sys=0.00, real=0.00 secs] 
143.343: Total time for which application threads were stopped: 0.0038460 seconds, Stopping threads took: 0.0019570 seconds
143.421: Application time: 0.0775260 seconds
143.421: [GC [PSYoungGen: 89040K->6160K(96768K)] 102329K->19449K(317952K), 0.0019450 secs] [Times: user=0.02 sys=0.00, real=0.00 secs] 
143.423: Total time for which application threads were stopped: 0.0025130 seconds, Stopping threads took: 0.0004820 seconds
143.508: Application time: 0.0849120 seconds
143.511: [GC [PSYoungGen: 89104K->4240K(96768K)] 102393K->17529K(317952K), 0.0011440 secs] [Times: user=0.01 sys=0.00, real=0.00 secs] 
143.512: Total time for which application threads were stopped: 0.0041580 seconds, Stopping threads took: 0.0029400 seconds
143.596: Application time: 0.0832310 seconds
143.598: [GC [PSYoungGen: 87184K->5840K(96768K)] 100473K->19129K(317952K), 0.0017230 secs] [Times: user=0.01 sys=0.00, real=0.00 secs] 
143.600: Total time for which application threads were stopped: 0.0044790 seconds, Stopping threads took: 0.0026760 seconds
143.683: Application time: 0.0828360 seconds
143.685: [GC [PSYoungGen: 88784K->6496K(96768K)] 102073K->19785K(317952K), 0.0019860 secs] [Times: user=0.01 sys=0.00, real=0.01 secs] 
143.687: Total time for which application threads were stopped: 0.0044170 seconds, Stopping threads took: 0.0023490 seconds
143.771: Application time: 0.0831420 seconds
143.772: [GC [PSYoungGen: 89440K->5888K(96768K)] 102729K->19185K(317952K), 0.0017990 secs] [Times: user=0.01 sys=0.00, real=0.00 secs] 
143.774: Total time for which application threads were stopped: 0.0036730 seconds, Stopping threads took: 0.0017950 seconds
143.856: Application time: 0.0814270 seconds
143.859: [GC [PSYoungGen: 88832K->6192K(96768K)] 102129K->19497K(317952K), 0.0018080 secs] [Times: user=0.01 sys=0.00, real=0.00 secs] 
143.861: Total time for which application threads were stopped: 0.0051540 seconds, Stopping threads took: 0.0032590 seconds
143.941: Application time: 0.0805300 seconds
143.944: [GC [PSYoungGen: 89136K->7024K(96768K)] 102441K->20329K(317952K), 0.0021280 secs] [Times: user=0.01 sys=0.00, real=0.00 secs] 
143.946: Total time for which application threads were stopped: 0.0046920 seconds, Stopping threads took: 0.0024720 seconds
144.027: Application time: 0.0806330 seconds
144.028: [GC [PSYoungGen: 89968K->5680K(96768K)] 103273K->18985K(317952K), 0.0017000 secs] [Times: user=0.01 sys=0.00, real=0.00 secs] 
144.030: Total time for which application threads were stopped: 0.0028630 seconds, Stopping threads took: 0.0010820 seconds
144.109: Application time: 0.0798040 seconds
144.112: [GC [PSYoungGen: 88624K->6752K(96768K)] 101929K->20057K(317952K), 0.0021200 secs] [Times: user=0.01 sys=0.00, real=0.00 secs] 
144.114: Total time for which application threads were stopped: 0.0044010 seconds, Stopping threads took: 0.0022030 seconds
144.194: Application time: 0.0805480 seconds
144.196: [GC [PSYoungGen: 89696K->7072K(96768K)] 103001K->20377K(317952K), 0.0022050 secs] [Times: user=0.01 sys=0.01, real=0.00 secs] 
144.198: Total time for which application threads were stopped: 0.0039880 seconds, Stopping threads took: 0.0017000 seconds
144.277: Application time: 0.0788840 seconds
144.278: [GC [PSYoungGen: 90016K->6176K(96768K)] 103321K->19489K(317952K), 0.0018590 secs] [Times: user=0.01 sys=0.00, real=0.00 secs] 
144.280: Total time for which application threads were stopped: 0.0032220 seconds, Stopping threads took: 0.0012800 seconds
144.362: Application time: 0.0819130 seconds
144.364: [GC [PSYoungGen: 89120K->6384K(96768K)] 102433K->19705K(317952K), 0.0018590 secs] [Times: user=0.01 sys=0.00, real=0.00 secs] 
144.366: Total time for which application threads were stopped: 0.0035120 seconds, Stopping threads took: 0.0015690 seconds
144.449: Application time: 0.0830220 seconds
144.451: [GC [PSYoungGen: 89328K->6544K(96768K)] 102649K->19865K(317952K), 0.0020080 secs] [Times: user=0.01 sys=0.00, real=0.00 secs] 
144.453: Total time for which application threads were stopped: 0.0046110 seconds, Stopping threads took: 0.0025120 seconds
144.535: Application time: 0.0811770 seconds
144.537: [GC [PSYoungGen: 89488K->8128K(96768K)] 102809K->21449K(317952K), 0.0024650 secs] [Times: user=0.02 sys=0.00, real=0.00 secs] 
144.540: Total time for which application threads were stopped: 0.0050340 seconds, Stopping threads took: 0.0024850 seconds
144.620: Application time: 0.0798240 seconds
144.621: [GC [PSYoungGen: 91072K->7744K(96768K)] 104393K->21065K(317952K), 0.0024050 secs] [Times: user=0.02 sys=0.00, real=0.00 secs] 
144.624: Total time for which application threads were stopped: 0.0042860 seconds, Stopping threads took: 0.0017950 seconds
144.703: Application time: 0.0790230 seconds
144.705: [GC [PSYoungGen: 90688K->8112K(96768K)] 104009K->21433K(317952K), 0.0025220 secs] [Times: user=0.00 sys=0.00, real=0.01 secs] 
144.707: Total time for which application threads were stopped: 0.0045490 seconds, Stopping threads took: 0.0019370 seconds
144.791: Application time: 0.0838670 seconds
144.793: [GC [PSYoungGen: 91056K->7280K(96768K)] 104377K->20609K(317952K), 0.0023290 secs] [Times: user=0.01 sys=0.00, real=0.01 secs] 
144.796: Total time for which application threads were stopped: 0.0044210 seconds, Stopping threads took: 0.0019840 seconds
144.877: Application time: 0.0817160 seconds
144.879: [GC [PSYoungGen: 90224K->8112K(96768K)] 103553K->21449K(317952K), 0.0025190 secs] [Times: user=0.02 sys=0.00, real=0.00 secs] 
144.881: Total time for which application threads were stopped: 0.0039360 seconds, Stopping threads took: 0.0013330 seconds
144.970: Application time: 0.0889200 seconds
144.971: [GC [PSYoungGen: 91056K->4336K(96768K)] 104393K->17689K(317952K), 0.0012770 secs] [Times: user=0.01 sys=0.00, real=0.00 secs] 
144.972: Total time for which application threads were stopped: 0.0016910 seconds, Stopping threads took: 0.0003320 seconds
145.059: Application time: 0.0866040 seconds
145.061: [GC [PSYoungGen: 87280K->5696K(96768K)] 100633K->19049K(317952K), 0.0017340 secs] [Times: user=0.01 sys=0.00, real=0.00 secs] 
145.063: Total time for which application threads were stopped: 0.0040230 seconds, Stopping threads took: 0.0022090 seconds
145.143: Application time: 0.0799730 seconds
145.144: [GC [PSYoungGen: 88640K->6496K(96768K)] 101993K->19849K(317952K), 0.0020070 secs] [Times: user=0.01 sys=0.00, real=0.00 secs] 
145.146: Total time for which application threads were stopped: 0.0031630 seconds, Stopping threads took: 0.0010620 seconds
145.226: Application time: 0.0799350 seconds
145.228: [GC [PSYoungGen: 89440K->8144K(96768K)] 102793K->21497K(317952K), 0.0024370 secs] [Times: user=0.02 sys=0.00, real=0.00 secs] 
145.230: Total time for which application threads were stopped: 0.0045670 seconds, Stopping threads took: 0.0020470 seconds
145.309: Application time: 0.0791590 seconds
145.312: [GC [PSYoungGen: 91088K->6800K(96768K)] 104441K->20161K(317952K), 0.0020150 secs] [Times: user=0.02 sys=0.01, real=0.00 secs] 
145.314: Total time for which application threads were stopped: 0.0046150 seconds, Stopping threads took: 0.0025140 seconds
145.394: Application time: 0.0798750 seconds
145.396: [GC [PSYoungGen: 89744K->6640K(96768K)] 103105K->20009K(317952K), 0.0019800 secs] [Times: user=0.01 sys=0.00, real=0.00 secs] 
145.398: Total time for which application threads were stopped: 0.0042930 seconds, Stopping threads took: 0.0022050 seconds
145.482: Application time: 0.0834830 seconds
145.484: [GC [PSYoungGen: 89584K->5888K(96768K)] 102953K->19265K(317952K), 0.0018360 secs] [Times: user=0.00 sys=0.00, real=0.00 secs] 
145.486: Total time for which application threads were stopped: 0.0041740 seconds, Stopping threads took: 0.0022460 seconds
145.570: Application time: 0.0836860 seconds
145.572: [GC [PSYoungGen: 88832K->7440K(96768K)] 102209K->20817K(317952K), 0.0024030 secs] [Times: user=0.01 sys=0.00, real=0.00 secs] 
145.575: Total time for which application threads were stopped: 0.0050640 seconds, Stopping threads took: 0.0025700 seconds
145.662: Application time: 0.0877950 seconds
145.664: [GC [PSYoungGen: 90384K->6832K(96768K)] 103761K->20209K(317952K), 0.0020330 secs] [Times: user=0.02 sys=0.00, real=0.00 secs] 
145.666: Total time for which application threads were stopped: 0.0038560 seconds, Stopping threads took: 0.0017380 seconds
145.747: Application time: 0.0807780 seconds
145.748: [GC [PSYoungGen: 89776K->6432K(96768K)] 103153K->19809K(317952K), 0.0019720 secs] [Times: user=0.01 sys=0.00, real=0.00 secs] 
145.750: Total time for which application threads were stopped: 0.0030870 seconds, Stopping threads took: 0.0010300 seconds
145.828: Application time: 0.0783480 seconds
145.830: [GC [PSYoungGen: 89376K->7840K(96768K)] 102753K->21217K(317952K), 0.0023550 secs] [Times: user=0.01 sys=0.00, real=0.00 secs] 
145.833: Total time for which application threads were stopped: 0.0041460 seconds, Stopping threads took: 0.0017060 seconds
145.909: Application time: 0.0768000 seconds
145.912: [GC [PSYoungGen: 90784K->8272K(96768K)] 104161K->21673K(317952K), 0.0025550 secs] [Times: user=0.01 sys=0.00, real=0.00 secs] 
145.915: Total time for which application threads were stopped: 0.0055290 seconds, Stopping threads took: 0.0028880 seconds
145.994: Application time: 0.0792970 seconds
145.997: [GC [PSYoungGen: 91216K->7456K(96768K)] 104617K->20865K(317952K), 0.0023510 secs] [Times: user=0.01 sys=0.00, real=0.00 secs] 
145.999: Total time for which application threads were stopped: 0.0047720 seconds, Stopping threads took: 0.0023080 seconds
146.078: Application time: 0.0793380 seconds
146.080: [GC [PSYoungGen: 90400K->6624K(96768K)] 103809K->20033K(317952K), 0.0020020 secs] [Times: user=0.02 sys=0.00, real=0.00 secs] 
146.082: Total time for which application threads were stopped: 0.0036510 seconds, Stopping threads took: 0.0015630 seconds
146.164: Application time: 0.0816390 seconds
146.167: [GC [PSYoungGen: 89568K->6720K(96768K)] 102977K->20129K(317952K), 0.0019530 secs] [Times: user=0.01 sys=0.00, real=0.01 secs] 
146.169: Total time for which application threads were stopped: 0.0053260 seconds, Stopping threads took: 0.0032880 seconds
146.246: Application time: 0.0769620 seconds
146.249: [GC [PSYoungGen: 89664K->7280K(96768K)] 103073K->20689K(317952K), 0.0021660 secs] [Times: user=0.02 sys=0.00, real=0.00 secs] 
146.251: Total time for which application threads were stopped: 0.0047980 seconds, Stopping threads took: 0.0025490 seconds
146.331: Application time: 0.0803990 seconds
146.334: [GC [PSYoungGen: 90224K->5504K(96768K)] 103633K->18913K(317952K), 0.0015800 secs] [Times: user=0.01 sys=0.00, real=0.01 secs] 
146.335: Total time for which application threads were stopped: 0.0042020 seconds, Stopping threads took: 0.0025420 seconds
146.416: Application time: 0.0808410 seconds
146.418: [GC [PSYoungGen: 88448K->7024K(96768K)] 101857K->20441K(317952K), 0.0021140 secs] [Times: user=0.01 sys=0.00, real=0.00 secs] 
146.421: Total time for which application threads were stopped: 0.0043490 seconds, Stopping threads took: 0.0021520 seconds
146.500: Application time: 0.0794300 seconds
146.503: [GC [PSYoungGen: 89968K->8064K(96768K)] 103385K->21489K(317952K), 0.0026050 secs] [Times: user=0.01 sys=0.00, real=0.00 secs] 
146.505: Total time for which application threads were stopped: 0.0053310 seconds, Stopping threads took: 0.0026260 seconds
146.584: Application time: 0.0782450 seconds
146.586: [GC [PSYoungGen: 91008K->7456K(96768K)] 104433K->20881K(317952K), 0.0023240 secs] [Times: user=0.01 sys=0.00, real=0.01 secs] 
146.588: Total time for which application threads were stopped: 0.0045600 seconds, Stopping threads took: 0.0021480 seconds
146.667: Application time: 0.0792340 seconds
146.669: [GC [PSYoungGen: 90400K->6816K(96768K)] 103825K->20241K(317952K), 0.0021410 secs] [Times: user=0.01 sys=0.00, real=0.00 secs] 
146.671: Total time for which application threads were stopped: 0.0036510 seconds, Stopping threads took: 0.0014300 seconds
146.752: Application time: 0.0813860 seconds
146.755: [GC [PSYoungGen: 89760K->7344K(96768K)] 103185K->20769K(317952K), 0.0021970 secs] [Times: user=0.01 sys=0.00, real=0.01 secs] 
146.757: Total time for which application threads were stopped: 0.0044990 seconds, Stopping threads took: 0.0022160 seconds
146.834: Application time: 0.0771130 seconds
146.836: [GC [PSYoungGen: 90288K->6928K(96768K)] 103713K->20353K(317952K), 0.0020090 secs] [Times: user=0.02 sys=0.00, real=0.00 secs] 
146.838: Total time for which application threads were stopped: 0.0043320 seconds, Stopping threads took: 0.0022400 seconds
146.916: Application time: 0.0776670 seconds
146.918: [GC [PSYoungGen: 89872K->8048K(96768K)] 103297K->21481K(317952K), 0.0024450 secs] [Times: user=0.02 sys=0.00, real=0.00 secs] 
146.921: Total time for which application threads were stopped: 0.0046950 seconds, Stopping threads took: 0.0021640 seconds
147.000: Application time: 0.0792750 seconds
147.003: [GC [PSYoungGen: 90992K->8064K(96768K)] 104425K->21505K(317952K), 0.0024770 secs] [Times: user=0.02 sys=0.00, real=0.00 secs] 
147.005: Total time for which application threads were stopped: 0.0051980 seconds, Stopping threads took: 0.0026330 seconds
147.085: Application time: 0.0802910 seconds
147.088: [GC [PSYoungGen: 91008K->8080K(96768K)] 104449K->21529K(317952K), 0.0024640 secs] [Times: user=0.02 sys=0.00, real=0.00 secs] 
147.090: Total time for which application threads were stopped: 0.0049710 seconds, Stopping threads took: 0.0024150 seconds
147.172: Application time: 0.0816140 seconds
147.175: [GC [PSYoungGen: 91024K->6976K(96768K)] 104473K->20425K(317952K), 0.0021030 secs] [Times: user=0.01 sys=0.00, real=0.01 secs] 
147.177: Total time for which application threads were stopped: 0.0052310 seconds, Stopping threads took: 0.0030420 seconds
147.258: Application time: 0.0807610 seconds
147.260: [GC [PSYoungGen: 89920K->4960K(96768K)] 103369K->18409K(317952K), 0.0014760 secs] [Times: user=0.01 sys=0.00, real=0.00 secs] 
147.261: Total time for which application threads were stopped: 0.0033390 seconds, Stopping threads took: 0.0017860 seconds
147.342: Application time: 0.0805010 seconds
147.344: [GC [PSYoungGen: 87904K->6400K(96768K)] 101353K->19849K(317952K), 0.0019530 secs] [Times: user=0.02 sys=0.00, real=0.00 secs] 
147.346: Total time for which application threads were stopped: 0.0041520 seconds, Stopping threads took: 0.0021130 seconds
147.424: Application time: 0.0784430 seconds
147.427: [GC [PSYoungGen: 89344K->6848K(96768K)] 102793K->20313K(317952K), 0.0020390 secs] [Times: user=0.01 sys=0.00, real=0.00 secs] 
147.429: Total time for which application threads were stopped: 0.0049630 seconds, Stopping threads took: 0.0028410 seconds
147.507: Application time: 0.0775820 seconds
147.509: [GC [PSYoungGen: 89792K->7616K(96768K)] 103257K->21089K(317952K), 0.0022550 secs] [Times: user=0.02 sys=0.00, real=0.00 secs] 
147.511: Total time for which application threads were stopped: 0.0042200 seconds, Stopping threads took: 0.0018840 seconds
147.591: Application time: 0.0799560 seconds
147.593: [GC [PSYoungGen: 90560K->7728K(96768K)] 104033K->21209K(317952K), 0.0023480 secs] [Times: user=0.01 sys=0.00, real=0.01 secs] 
147.596: Total time for which application threads were stopped: 0.0045740 seconds, Stopping threads took: 0.0021340 seconds
147.667: Application time: 0.0708120 seconds
147.669: [GC [PSYoungGen: 90672K->8112K(96768K)] 104153K->21593K(317952K), 0.0024750 secs] [Times: user=0.02 sys=0.00, real=0.00 secs] 
147.672: Total time for which application threads were stopped: 0.0050590 seconds, Stopping threads took: 0.0025000 seconds
147.746: Application time: 0.0739710 seconds
147.747: [GC [PSYoungGen: 91056K->6720K(96768K)] 104537K->20201K(317952K), 0.0019850 secs] [Times: user=0.01 sys=0.00, real=0.01 secs] 
147.749: Total time for which application threads were stopped: 0.0034890 seconds, Stopping threads took: 0.0014180 seconds
147.825: Application time: 0.0754900 seconds
147.827: [GC [PSYoungGen: 89664K->7152K(96768K)] 103145K->20633K(317952K), 0.0021980 secs] [Times: user=0.02 sys=0.00, real=0.01 secs] 
147.829: Total time for which application threads were stopped: 0.0043840 seconds, Stopping threads took: 0.0020910 seconds
147.905: Application time: 0.0764140 seconds
147.908: [GC [PSYoungGen: 90096K->6528K(96768K)] 103577K->20017K(317952K), 0.0019030 secs] [Times: user=0.01 sys=0.00, real=0.00 secs] 
147.910: Total time for which application threads were stopped: 0.0047240 seconds, Stopping threads took: 0.0027400 seconds
147.986: Application time: 0.0759820 seconds
147.988: [GC [PSYoungGen: 89471K->8288K(96768K)] 102960K->21801K(317952K), 0.0025050 secs] [Times: user=0.02 sys=0.00, real=0.00 secs] 
147.990: Total time for which application threads were stopped: 0.0043080 seconds, Stopping threads took: 0.0017240 seconds
148.068: Application time: 0.0773690 seconds
148.069: [GC [PSYoungGen: 91232K->5344K(96768K)] 104745K->18865K(317952K), 0.0016320 secs] [Times: user=0.01 sys=0.00, real=0.00 secs] 
148.070: Total time for which application threads were stopped: 0.0024520 seconds, Stopping threads took: 0.0007400 seconds
148.146: Application time: 0.0756950 seconds
148.148: [GC [PSYoungGen: 88288K->8208K(96768K)] 101809K->21729K(317952K), 0.0024110 secs] [Times: user=0.02 sys=0.00, real=0.00 secs] 
148.150: Total time for which application threads were stopped: 0.0044570 seconds, Stopping threads took: 0.0019530 seconds
148.227: Application time: 0.0770160 seconds
148.228: [GC [PSYoungGen: 91152K->6992K(96768K)] 104673K->20513K(317952K), 0.0021120 secs] [Times: user=0.01 sys=0.00, real=0.00 secs] 
148.231: Total time for which application threads were stopped: 0.0030930 seconds, Stopping threads took: 0.0008940 seconds
148.315: Application time: 0.0844760 seconds
148.316: [GC [PSYoungGen: 89936K->6720K(96768K)] 103457K->20241K(317952K), 0.0019950 secs] [Times: user=0.01 sys=0.00, real=0.00 secs] 
148.318: Total time for which application threads were stopped: 0.0027650 seconds, Stopping threads took: 0.0006910 seconds
148.398: Application time: 0.0805440 seconds
148.399: [GC [PSYoungGen: 89664K->6704K(96768K)] 103185K->20225K(317952K), 0.0020220 secs] [Times: user=0.01 sys=0.00, real=0.00 secs] 
148.401: Total time for which application threads were stopped: 0.0023640 seconds, Stopping threads took: 0.0002590 seconds
148.479: Application time: 0.0785990 seconds
148.481: [GC [PSYoungGen: 89648K->3856K(96768K)] 103169K->17385K(317952K), 0.0012140 secs] [Times: user=0.01 sys=0.00, real=0.00 secs] 
148.482: Total time for which application threads were stopped: 0.0027660 seconds, Stopping threads took: 0.0014840 seconds
148.564: Application time: 0.0816970 seconds
148.565: [GC [PSYoungGen: 86800K->4496K(96768K)] 100329K->18033K(317952K), 0.0012400 secs] [Times: user=0.00 sys=0.00, real=0.00 secs] 
148.567: Total time for which application threads were stopped: 0.0028210 seconds, Stopping threads took: 0.0015100 seconds
148.647: Application time: 0.0805470 seconds
148.650: [GC [PSYoungGen: 87440K->5696K(96768K)] 100977K->19241K(317952K), 0.0016160 secs] [Times: user=0.01 sys=0.00, real=0.00 secs] 
148.651: Total time for which application threads were stopped: 0.0042560 seconds, Stopping threads took: 0.0025560 seconds
148.726: Application time: 0.0747610 seconds
148.728: [GC [PSYoungGen: 88640K->7632K(96768K)] 102185K->21177K(317952K), 0.0022700 secs] [Times: user=0.02 sys=0.00, real=0.00 secs] 
148.731: Total time for which application threads were stopped: 0.0046270 seconds, Stopping threads took: 0.0022790 seconds
148.806: Application time: 0.0754100 seconds
148.808: [GC [PSYoungGen: 90576K->7456K(96768K)] 104121K->21001K(317952K), 0.0021750 secs] [Times: user=0.01 sys=0.00, real=0.00 secs] 
148.811: Total time for which application threads were stopped: 0.0044070 seconds, Stopping threads took: 0.0021500 seconds
148.887: Application time: 0.0759880 seconds
148.888: [GC [PSYoungGen: 90400K->5696K(96768K)] 103945K->19241K(317952K), 0.0017290 secs] [Times: user=0.01 sys=0.00, real=0.00 secs] 
148.890: Total time for which application threads were stopped: 0.0033780 seconds, Stopping threads took: 0.0015700 seconds
148.968: Application time: 0.0783150 seconds
148.969: [GC [PSYoungGen: 88640K->4016K(96768K)] 102185K->17569K(317952K), 0.0012950 secs] [Times: user=0.01 sys=0.00, real=0.00 secs] 
148.970: Total time for which application threads were stopped: 0.0018450 seconds, Stopping threads took: 0.0004780 seconds
149.048: Application time: 0.0779000 seconds
149.050: [GC [PSYoungGen: 86960K->6080K(96768K)] 100513K->19641K(317952K), 0.0018480 secs] [Times: user=0.01 sys=0.00, real=0.00 secs] 
149.052: Total time for which application threads were stopped: 0.0037090 seconds, Stopping threads took: 0.0017820 seconds
149.128: Application time: 0.0762260 seconds
149.130: [GC [PSYoungGen: 89024K->7072K(96768K)] 102585K->20641K(317952K), 0.0021090 secs] [Times: user=0.01 sys=0.00, real=0.00 secs] 
149.132: Total time for which application threads were stopped: 0.0044970 seconds, Stopping threads took: 0.0023050 seconds
149.207: Application time: 0.0740690 seconds
149.209: [GC [PSYoungGen: 90016K->7776K(96768K)] 103585K->21345K(317952K), 0.0023530 secs] [Times: user=0.01 sys=0.00, real=0.00 secs] 
149.212: Total time for which application threads were stopped: 0.0051990 seconds, Stopping threads took: 0.0027560 seconds
149.290: Application time: 0.0777690 seconds
149.291: [GC [PSYoungGen: 90720K->5072K(96768K)] 104289K->18641K(317952K), 0.0019540 secs] [Times: user=0.01 sys=0.00, real=0.00 secs] 
149.293: Total time for which application threads were stopped: 0.0035120 seconds, Stopping threads took: 0.0014810 seconds
149.368: Application time: 0.0747000 seconds
149.370: [GC [PSYoungGen: 88016K->6032K(96768K)] 101585K->19601K(317952K), 0.0017420 secs] [Times: user=0.01 sys=0.00, real=0.00 secs] 
149.371: Total time for which application threads were stopped: 0.0036990 seconds, Stopping threads took: 0.0018810 seconds
149.449: Application time: 0.0778820 seconds
149.450: [GC [PSYoungGen: 88976K->6384K(96768K)] 102545K->19961K(317952K), 0.0019440 secs] [Times: user=0.01 sys=0.00, real=0.00 secs] 
149.452: Total time for which application threads were stopped: 0.0028540 seconds, Stopping threads took: 0.0008310 seconds
149.528: Application time: 0.0759950 seconds
149.531: [GC [PSYoungGen: 89328K->8032K(96768K)] 102905K->21617K(317952K), 0.0024130 secs] [Times: user=0.02 sys=0.00, real=0.00 secs] 
149.533: Total time for which application threads were stopped: 0.0049800 seconds, Stopping threads took: 0.0024860 seconds
149.609: Application time: 0.0760180 seconds
149.612: [GC [PSYoungGen: 90976K->6080K(96768K)] 104561K->19673K(317952K), 0.0018150 secs] [Times: user=0.01 sys=0.00, real=0.00 secs] 
149.614: Total time for which application threads were stopped: 0.0047060 seconds, Stopping threads took: 0.0028110 seconds
149.697: Application time: 0.0831270 seconds
149.697: [GC [PSYoungGen: 89024K->4432K(96768K)] 102617K->18025K(317952K), 0.0013590 secs] [Times: user=0.01 sys=0.00, real=0.00 secs] 
149.699: Total time for which application threads were stopped: 0.0016160 seconds, Stopping threads took: 0.0001850 seconds
149.779: Application time: 0.0803460 seconds
149.780: [GC [PSYoungGen: 87376K->6800K(96768K)] 100969K->20393K(317952K), 0.0020010 secs] [Times: user=0.02 sys=0.00, real=0.00 secs] 
149.782: Total time for which application threads were stopped: 0.0031470 seconds, Stopping threads took: 0.0010570 seconds
149.863: Application time: 0.0804070 seconds
149.865: [GC [PSYoungGen: 89744K->6464K(96768K)] 103337K->20057K(317952K), 0.0018890 secs] [Times: user=0.01 sys=0.00, real=0.00 secs] 
149.867: Total time for which application threads were stopped: 0.0039780 seconds, Stopping threads took: 0.0020100 seconds
149.941: Application time: 0.0742620 seconds
149.942: [GC [PSYoungGen: 89408K->5520K(96768K)] 103001K->19121K(317952K), 0.0016810 secs] [Times: user=0.01 sys=0.00, real=0.00 secs] 
149.944: Total time for which application threads were stopped: 0.0033740 seconds, Stopping threads took: 0.0016140 seconds
150.018: Application time: 0.0742670 seconds
150.020: [GC [PSYoungGen: 88464K->7584K(96768K)] 102065K->21193K(317952K), 0.0022320 secs] [Times: user=0.01 sys=0.00, real=0.00 secs] 
150.022: Total time for which application threads were stopped: 0.0038970 seconds, Stopping threads took: 0.0015830 seconds
150.104: Application time: 0.0813250 seconds
150.105: [GC [PSYoungGen: 90528K->5104K(96768K)] 104137K->18721K(317952K), 0.0015750 secs] [Times: user=0.02 sys=0.00, real=0.00 secs] 
150.107: Total time for which application threads were stopped: 0.0028940 seconds, Stopping threads took: 0.0012430 seconds
150.186: Application time: 0.0799080 seconds
150.188: [GC [PSYoungGen: 88048K->4736K(96768K)] 101665K->18353K(317952K), 0.0015050 secs] [Times: user=0.01 sys=0.00, real=0.00 secs] 
150.190: Total time for which application threads were stopped: 0.0032800 seconds, Stopping threads took: 0.0017040 seconds
150.275: Application time: 0.0848610 seconds
150.276: [GC [PSYoungGen: 87680K->5104K(96768K)] 101297K->18721K(317952K), 0.0014740 secs] [Times: user=0.00 sys=0.01, real=0.00 secs] 
150.278: Total time for which application threads were stopped: 0.0030140 seconds, Stopping threads took: 0.0014640 seconds
150.357: Application time: 0.0789360 seconds
150.359: [GC [PSYoungGen: 88048K->7168K(96768K)] 101665K->20785K(317952K), 0.0020950 secs] [Times: user=0.01 sys=0.00, real=0.00 secs] 
150.361: Total time for which application threads were stopped: 0.0048310 seconds, Stopping threads took: 0.0026420 seconds
150.438: Application time: 0.0763670 seconds
150.441: [GC [PSYoungGen: 90112K->7264K(96768K)] 103729K->20881K(317952K), 0.0021720 secs] [Times: user=0.02 sys=0.00, real=0.00 secs] 
150.443: Total time for which application threads were stopped: 0.0051090 seconds, Stopping threads took: 0.0028590 seconds
150.516: Application time: 0.0734020 seconds
150.518: [GC [PSYoungGen: 90208K->7024K(96768K)] 103825K->20649K(317952K), 0.0020340 secs] [Times: user=0.01 sys=0.00, real=0.00 secs] 
150.520: Total time for which application threads were stopped: 0.0037390 seconds, Stopping threads took: 0.0016250 seconds
150.594: Application time: 0.0738090 seconds
150.597: [GC [PSYoungGen: 89968K->7648K(96768K)] 103593K->21281K(317952K), 0.0022820 secs] [Times: user=0.02 sys=0.00, real=0.00 secs] 
150.599: Total time for which application threads were stopped: 0.0049730 seconds, Stopping threads took: 0.0026120 seconds
150.675: Application time: 0.0760730 seconds
150.677: [GC [PSYoungGen: 90592K->7856K(96768K)] 104225K->21497K(317952K), 0.0023000 secs] [Times: user=0.01 sys=0.00, real=0.00 secs] 
150.679: Total time for which application threads were stopped: 0.0044160 seconds, Stopping threads took: 0.0020370 seconds
150.752: Application time: 0.0721980 seconds
150.754: [GC [PSYoungGen: 90800K->6688K(96768K)] 104441K->20329K(317952K), 0.0019910 secs] [Times: user=0.01 sys=0.00, real=0.01 secs] 
150.756: Total time for which application threads were stopped: 0.0040360 seconds, Stopping threads took: 0.0019660 seconds
150.829: Application time: 0.0733080 seconds
150.831: [GC [PSYoungGen: 89632K->7440K(96768K)] 103273K->21081K(317952K), 0.0021940 secs] [Times: user=0.02 sys=0.00, real=0.00 secs] 
150.833: Total time for which application threads were stopped: 0.0041850 seconds, Stopping threads took: 0.0019120 seconds
150.906: Application time: 0.0727090 seconds
150.909: [GC [PSYoungGen: 90384K->7744K(96768K)] 104025K->21385K(317952K), 0.0023320 secs] [Times: user=0.02 sys=0.00, real=0.00 secs] 
150.911: Total time for which application threads were stopped: 0.0052260 seconds, Stopping threads took: 0.0028030 seconds
150.985: Application time: 0.0739940 seconds
150.987: [GC [PSYoungGen: 90688K->7088K(96768K)] 104329K->20737K(317952K), 0.0021230 secs] [Times: user=0.02 sys=0.00, real=0.01 secs] 
150.989: Total time for which application threads were stopped: 0.0041270 seconds, Stopping threads took: 0.0019220 seconds
151.064: Application time: 0.0751160 seconds
151.066: [GC [PSYoungGen: 90032K->4112K(96768K)] 103681K->17769K(317952K), 0.0012970 secs] [Times: user=0.01 sys=0.00, real=0.00 secs] 
151.067: Total time for which application threads were stopped: 0.0027310 seconds, Stopping threads took: 0.0013640 seconds
151.148: Application time: 0.0810510 seconds
151.150: [GC [PSYoungGen: 87056K->3696K(96768K)] 100713K->17361K(317952K), 0.0011030 secs] [Times: user=0.01 sys=0.00, real=0.00 secs] 
151.151: Total time for which application threads were stopped: 0.0029480 seconds, Stopping threads took: 0.0017740 seconds
151.229: Application time: 0.0779470 seconds
151.231: [GC [PSYoungGen: 86640K->8192K(96768K)] 100305K->21857K(317952K), 0.0024800 secs] [Times: user=0.01 sys=0.00, real=0.00 secs] 
151.233: Total time for which application threads were stopped: 0.0043350 seconds, Stopping threads took: 0.0017720 seconds
151.308: Application time: 0.0745790 seconds
151.310: [GC [PSYoungGen: 91136K->7824K(96768K)] 104801K->21489K(317952K), 0.0023760 secs] [Times: user=0.01 sys=0.00, real=0.00 secs] 
151.312: Total time for which application threads were stopped: 0.0043240 seconds, Stopping threads took: 0.0018670 seconds
151.386: Application time: 0.0734630 seconds
151.388: [GC [PSYoungGen: 90768K->6432K(96768K)] 104433K->20097K(317952K), 0.0018840 secs] [Times: user=0.01 sys=0.00, real=0.00 secs] 
151.390: Total time for which application threads were stopped: 0.0047470 seconds, Stopping threads took: 0.0027770 seconds
151.466: Application time: 0.0759640 seconds
151.468: [GC [PSYoungGen: 89376K->5936K(96768K)] 103041K->19609K(317952K), 0.0017540 secs] [Times: user=0.02 sys=0.00, real=0.00 secs] 
151.470: Total time for which application threads were stopped: 0.0032640 seconds, Stopping threads took: 0.0014190 seconds
151.552: Application time: 0.0825850 seconds
151.553: [GC [PSYoungGen: 88880K->4528K(96768K)] 102553K->18209K(317952K), 0.0015640 secs] [Times: user=0.00 sys=0.00, real=0.00 secs] 
151.554: Total time for which application threads were stopped: 0.0020260 seconds, Stopping threads took: 0.0003870 seconds
151.638: Application time: 0.0836840 seconds
151.638: [GC [PSYoungGen: 87472K->5440K(96768K)] 101153K->19129K(317952K), 0.0016760 secs] [Times: user=0.02 sys=0.00, real=0.00 secs] 
151.640: Total time for which application threads were stopped: 0.0021730 seconds, Stopping threads took: 0.0004140 seconds
151.724: Application time: 0.0837390 seconds
151.727: [GC [PSYoungGen: 88384K->7136K(96768K)] 102073K->20825K(317952K), 0.0022360 secs] [Times: user=0.01 sys=0.00, real=0.01 secs] 
151.729: Total time for which application threads were stopped: 0.0052020 seconds, Stopping threads took: 0.0028820 seconds
151.813: Application time: 0.0842030 seconds
151.816: [GC [PSYoungGen: 90080K->8336K(96768K)] 103769K->22025K(317952K), 0.0024640 secs] [Times: user=0.02 sys=0.00, real=0.00 secs] 
151.818: Total time for which application threads were stopped: 0.0051510 seconds, Stopping threads took: 0.0026030 seconds
151.899: Application time: 0.0803490 seconds
151.900: [GC [PSYoungGen: 91280K->7040K(96768K)] 104969K->20729K(317952K), 0.0021720 secs] [Times: user=0.02 sys=0.00, real=0.00 secs] 
151.903: Total time for which application threads were stopped: 0.0038000 seconds, Stopping threads took: 0.0015460 seconds
151.982: Application time: 0.0796150 seconds
151.985: [GC [PSYoungGen: 89984K->6880K(96768K)] 103673K->20577K(317952K), 0.0020220 secs] [Times: user=0.01 sys=0.00, real=0.01 secs] 
151.987: Total time for which application threads were stopped: 0.0050340 seconds, Stopping threads took: 0.0029070 seconds
152.070: Application time: 0.0826940 seconds
152.073: [GC [PSYoungGen: 89824K->7728K(96768K)] 103521K->21433K(317952K), 0.0022960 secs] [Times: user=0.01 sys=0.00, real=0.01 secs] 
152.075: Total time for which application threads were stopped: 0.0054450 seconds, Stopping threads took: 0.0030620 seconds
152.157: Application time: 0.0821080 seconds
152.160: [GC [PSYoungGen: 90672K->6288K(96768K)] 104377K->20001K(317952K), 0.0018960 secs] [Times: user=0.01 sys=0.00, real=0.00 secs] 
152.162: Total time for which application threads were stopped: 0.0049380 seconds, Stopping threads took: 0.0029630 seconds
152.240: Application time: 0.0777830 seconds
152.242: [GC [PSYoungGen: 89232K->6992K(96768K)] 102945K->20705K(317952K), 0.0022440 secs] [Times: user=0.01 sys=0.00, real=0.00 secs] 
152.245: Total time for which application threads were stopped: 0.0043140 seconds, Stopping threads took: 0.0019900 seconds
152.325: Application time: 0.0806720 seconds
152.327: [GC [PSYoungGen: 89936K->7120K(96768K)] 103649K->20833K(317952K), 0.0021400 secs] [Times: user=0.02 sys=0.00, real=0.00 secs] 
152.330: Total time for which application threads were stopped: 0.0043260 seconds, Stopping threads took: 0.0021040 seconds
152.411: Application time: 0.0815480 seconds
152.413: [GC [PSYoungGen: 90064K->5088K(96768K)] 103777K->18801K(317952K), 0.0015430 secs] [Times: user=0.01 sys=0.00, real=0.00 secs] 
152.414: Total time for which application threads were stopped: 0.0032280 seconds, Stopping threads took: 0.0016080 seconds
152.495: Application time: 0.0808960 seconds
152.498: [GC [PSYoungGen: 88032K->6208K(96768K)] 101745K->19921K(317952K), 0.0018100 secs] [Times: user=0.01 sys=0.00, real=0.00 secs] 
152.500: Total time for which application threads were stopped: 0.0049040 seconds, Stopping threads took: 0.0030020 seconds
152.579: Application time: 0.0786360 seconds
152.580: [GC [PSYoungGen: 89152K->8320K(96768K)] 102865K->22049K(317952K), 0.0024780 secs] [Times: user=0.02 sys=0.00, real=0.00 secs] 
152.583: Total time for which application threads were stopped: 0.0042030 seconds, Stopping threads took: 0.0016450 seconds
152.663: Application time: 0.0805170 seconds
152.666: [GC [PSYoungGen: 91264K->8224K(96768K)] 104993K->21961K(317952K), 0.0025430 secs] [Times: user=0.02 sys=0.00, real=0.01 secs] 
152.669: Total time for which application threads were stopped: 0.0052000 seconds, Stopping threads took: 0.0025720 seconds
152.747: Application time: 0.0778690 seconds
152.749: [GC [PSYoungGen: 91168K->6992K(96768K)] 104905K->20729K(317952K), 0.0020840 secs] [Times: user=0.01 sys=0.00, real=0.00 secs] 
152.751: Total time for which application threads were stopped: 0.0043070 seconds, Stopping threads took: 0.0021410 seconds
152.830: Application time: 0.0788080 seconds
152.832: [GC [PSYoungGen: 89936K->6976K(96768K)] 103673K->20713K(317952K), 0.0021010 secs] [Times: user=0.01 sys=0.00, real=0.00 secs] 
152.834: Total time for which application threads were stopped: 0.0043970 seconds, Stopping threads took: 0.0022110 seconds
152.921: Application time: 0.0868660 seconds
152.924: [GC [PSYoungGen: 89920K->4048K(96768K)] 103657K->17785K(317952K), 0.0012630 secs] [Times: user=0.00 sys=0.00, real=0.00 secs] 
152.925: Total time for which application threads were stopped: 0.0043700 seconds, Stopping threads took: 0.0030380 seconds
153.010: Application time: 0.0842890 seconds
153.011: [GC [PSYoungGen: 86992K->5888K(96768K)] 100729K->19625K(317952K), 0.0019210 secs] [Times: user=0.01 sys=0.00, real=0.00 secs] 
153.013: Total time for which application threads were stopped: 0.0033430 seconds, Stopping threads took: 0.0013210 seconds
153.098: Application time: 0.0852170 seconds
153.100: [GC [PSYoungGen: 88832K->5888K(96768K)] 102569K->19641K(317952K), 0.0018200 secs] [Times: user=0.02 sys=0.00, real=0.00 secs] 
153.102: Total time for which application threads were stopped: 0.0035100 seconds, Stopping threads took: 0.0016120 seconds
153.180: Application time: 0.0781810 seconds
153.182: [GC [PSYoungGen: 88832K->8016K(96768K)] 102585K->21777K(317952K), 0.0025550 secs] [Times: user=0.01 sys=0.00, real=0.00 secs] 
153.185: Total time for which application threads were stopped: 0.0047110 seconds, Stopping threads took: 0.0020670 seconds
153.262: Application time: 0.0771310 seconds
153.263: [GC [PSYoungGen: 90960K->6768K(96768K)] 104721K->20545K(317952K), 0.0020990 secs] [Times: user=0.01 sys=0.00, real=0.00 secs] 
153.265: Total time for which application threads were stopped: 0.0036850 seconds, Stopping threads took: 0.0015060 seconds
153.349: Application time: 0.0831730 seconds
153.351: [GC [PSYoungGen: 89712K->7840K(96768K)] 103489K->21617K(317952K), 0.0023270 secs] [Times: user=0.02 sys=0.00, real=0.00 secs] 
153.354: Total time for which application threads were stopped: 0.0051940 seconds, Stopping threads took: 0.0027710 seconds
153.436: Application time: 0.0826070 seconds
153.439: [GC [PSYoungGen: 90784K->6864K(96768K)] 104561K->20641K(317952K), 0.0020090 secs] [Times: user=0.01 sys=0.00, real=0.00 secs] 
153.441: Total time for which application threads were stopped: 0.0049170 seconds, Stopping threads took: 0.0028250 seconds
153.521: Application time: 0.0796740 seconds
153.523: [GC [PSYoungGen: 89808K->7600K(96768K)] 103585K->21377K(317952K), 0.0023000 secs] [Times: user=0.02 sys=0.00, real=0.00 secs] 
153.525: Total time for which application threads were stopped: 0.0040310 seconds, Stopping threads took: 0.0016320 seconds
153.603: Application time: 0.0783320 seconds
153.605: [GC [PSYoungGen: 90544K->7632K(96768K)] 104321K->21417K(317952K), 0.0022990 secs] [Times: user=0.02 sys=0.00, real=0.01 secs] 
153.607: Total time for which application threads were stopped: 0.0039860 seconds, Stopping threads took: 0.0016050 seconds
153.692: Application time: 0.0849080 seconds
153.694: [GC [PSYoungGen: 90576K->4992K(96768K)] 104361K->18785K(317952K), 0.0015440 secs] [Times: user=0.01 sys=0.00, real=0.01 secs] 
153.695: Total time for which application threads were stopped: 0.0032770 seconds, Stopping threads took: 0.0016560 seconds
153.777: Application time: 0.0820090 seconds
153.779: [GC [PSYoungGen: 87936K->5216K(96768K)] 101729K->19017K(317952K), 0.0015560 secs] [Times: user=0.01 sys=0.00, real=0.00 secs] 
153.781: Total time for which application threads were stopped: 0.0032100 seconds, Stopping threads took: 0.0015700 seconds
153.862: Application time: 0.0814050 seconds
153.864: [GC [PSYoungGen: 88160K->5936K(96768K)] 101961K->19737K(317952K), 0.0017280 secs] [Times: user=0.02 sys=0.00, real=0.00 secs] 
153.866: Total time for which application threads were stopped: 0.0035750 seconds, Stopping threads took: 0.0017680 seconds
153.946: Application time: 0.0799620 seconds
153.948: [GC [PSYoungGen: 88880K->7296K(96768K)] 102681K->21097K(317952K), 0.0022560 secs] [Times: user=0.02 sys=0.00, real=0.00 secs] 
153.950: Total time for which application threads were stopped: 0.0045540 seconds, Stopping threads took: 0.0022170 seconds
154.032: Application time: 0.0821460 seconds
154.035: [GC [PSYoungGen: 90240K->4432K(96768K)] 104041K->18233K(317952K), 0.0015220 secs] [Times: user=0.01 sys=0.00, real=0.00 secs] 
154.037: Total time for which application threads were stopped: 0.0045630 seconds, Stopping threads took: 0.0029360 seconds
154.118: Application time: 0.0814560 seconds
154.121: [GC [PSYoungGen: 87376K->5776K(96768K)] 101177K->19585K(317952K), 0.0018340 secs] [Times: user=0.01 sys=0.00, real=0.00 secs] 
154.123: Total time for which application threads were stopped: 0.0045370 seconds, Stopping threads took: 0.0026240 seconds
154.208: Application time: 0.0850010 seconds
154.210: [GC [PSYoungGen: 88720K->4928K(96768K)] 102529K->18753K(317952K), 0.0014110 secs] [Times: user=0.01 sys=0.00, real=0.00 secs] 
154.211: Total time for which application threads were stopped: 0.0031990 seconds, Stopping threads took: 0.0017080 seconds
154.296: Application time: 0.0850270 seconds
154.299: [GC [PSYoungGen: 87872K->5584K(96768K)] 101697K->19417K(317952K), 0.0015750 secs] [Times: user=0.01 sys=0.00, real=0.00 secs] 
154.300: Total time for which application threads were stopped: 0.0043320 seconds, Stopping threads took: 0.0026740 seconds
154.380: Application time: 0.0795450 seconds
154.382: [GC [PSYoungGen: 88528K->7296K(96768K)] 102361K->21129K(317952K), 0.0021370 secs] [Times: user=0.01 sys=0.00, real=0.00 secs] 
154.384: Total time for which application threads were stopped: 0.0044480 seconds, Stopping threads took: 0.0022280 seconds
154.465: Application time: 0.0801850 seconds
154.468: [GC [PSYoungGen: 90240K->6784K(96768K)] 104073K->20617K(317952K), 0.0020570 secs] [Times: user=0.01 sys=0.00, real=0.00 secs] 
154.470: Total time for which application threads were stopped: 0.0052610 seconds, Stopping threads took: 0.0031170 seconds
154.552: Application time: 0.0819240 seconds
154.554: [GC [PSYoungGen: 89728K->7072K(96768K)] 103561K->20905K(317952K), 0.0021570 secs] [Times: user=0.01 sys=0.00, real=0.01 secs] 
154.556: Total time for which application threads were stopped: 0.0045930 seconds, Stopping threads took: 0.0023430 seconds
154.637: Application time: 0.0807850 seconds
154.638: [GC [PSYoungGen: 90016K->6400K(96768K)] 103849K->20241K(317952K), 0.0019300 secs] [Times: user=0.01 sys=0.00, real=0.00 secs] 
154.640: Total time for which application threads were stopped: 0.0026370 seconds, Stopping threads took: 0.0006250 seconds
154.720: Application time: 0.0799730 seconds
154.722: [GC [PSYoungGen: 89344K->7072K(96768K)] 103185K->20921K(317952K), 0.0021180 secs] [Times: user=0.01 sys=0.00, real=0.00 secs] 
154.724: Total time for which application threads were stopped: 0.0042030 seconds, Stopping threads took: 0.0020020 seconds
154.803: Application time: 0.0788930 seconds
154.806: [GC [PSYoungGen: 90016K->8208K(96768K)] 103865K->22073K(317952K), 0.0025130 secs] [Times: user=0.02 sys=0.00, real=0.01 secs] 
154.808: Total time for which application threads were stopped: 0.0051700 seconds, Stopping threads took: 0.0025720 seconds
154.888: Application time: 0.0797430 seconds
154.890: [GC [PSYoungGen: 91152K->7152K(96768K)] 105017K->21017K(317952K), 0.0021060 secs] [Times: user=0.02 sys=0.00, real=0.00 secs] 
154.892: Total time for which application threads were stopped: 0.0038820 seconds, Stopping threads took: 0.0016920 seconds
154.975: Application time: 0.0834900 seconds
154.977: [GC [PSYoungGen: 90096K->4704K(96768K)] 103961K->18569K(317952K), 0.0014340 secs] [Times: user=0.01 sys=0.00, real=0.00 secs] 
154.978: Total time for which application threads were stopped: 0.0031230 seconds, Stopping threads took: 0.0016100 seconds
155.058: Application time: 0.0800270 seconds
155.061: [GC [PSYoungGen: 87648K->5936K(96768K)] 101513K->19801K(317952K), 0.0018080 secs] [Times: user=0.01 sys=0.00, real=0.00 secs] 
155.063: Total time for which application threads were stopped: 0.0046010 seconds, Stopping threads took: 0.0026950 seconds
155.145: Application time: 0.0815230 seconds
155.147: [GC [PSYoungGen: 88880K->4800K(96768K)] 102745K->18665K(317952K), 0.0014730 secs] [Times: user=0.01 sys=0.00, real=0.00 secs] 
155.149: Total time for which application threads were stopped: 0.0042450 seconds, Stopping threads took: 0.0026920 seconds
155.230: Application time: 0.0807510 seconds
155.232: [GC [PSYoungGen: 87744K->7088K(96768K)] 101609K->20961K(317952K), 0.0021110 secs] [Times: user=0.02 sys=0.00, real=0.00 secs] 
155.234: Total time for which application threads were stopped: 0.0047040 seconds, Stopping threads took: 0.0025090 seconds
155.312: Application time: 0.0776580 seconds
155.315: [GC [PSYoungGen: 90032K->7456K(96768K)] 103905K->21337K(317952K), 0.0022380 secs] [Times: user=0.01 sys=0.00, real=0.00 secs] 
155.317: Total time for which application threads were stopped: 0.0055440 seconds, Stopping threads took: 0.0032140 seconds
155.396: Application time: 0.0781210 seconds
155.397: [GC [PSYoungGen: 90400K->7584K(96768K)] 104281K->21473K(317952K), 0.0023540 secs] [Times: user=0.01 sys=0.00, real=0.00 secs] 
155.400: Total time for which application threads were stopped: 0.0040450 seconds, Stopping threads took: 0.0016030 seconds
155.490: Application time: 0.0907830 seconds
155.492: [GC [PSYoungGen: 90528K->4976K(96768K)] 104417K->18865K(317952K), 0.0014390 secs] [Times: user=0.01 sys=0.00, real=0.00 secs] 
155.494: Total time for which application threads were stopped: 0.0031520 seconds, Stopping threads took: 0.0016350 seconds
155.568: Application time: 0.0748820 seconds
155.571: [GC [PSYoungGen: 87920K->7536K(96768K)] 101809K->21425K(317952K), 0.0022930 secs] [Times: user=0.00 sys=0.00, real=0.00 secs] 
155.573: Total time for which application threads were stopped: 0.0049650 seconds, Stopping threads took: 0.0025830 seconds
155.651: Application time: 0.0775180 seconds
155.652: [GC [PSYoungGen: 90480K->5024K(96768K)] 104369K->18913K(317952K), 0.0015740 secs] [Times: user=0.01 sys=0.00, real=0.00 secs] 
155.654: Total time for which application threads were stopped: 0.0030560 seconds, Stopping threads took: 0.0013910 seconds
155.730: Application time: 0.0757780 seconds
155.732: [GC [PSYoungGen: 87968K->6320K(96768K)] 101857K->20225K(317952K), 0.0019170 secs] [Times: user=0.01 sys=0.00, real=0.00 secs] 
155.734: Total time for which application threads were stopped: 0.0038310 seconds, Stopping threads took: 0.0018380 seconds
155.811: Application time: 0.0778000 seconds
155.813: [GC [PSYoungGen: 89264K->6656K(96768K)] 103169K->20569K(317952K), 0.0019820 secs] [Times: user=0.01 sys=0.01, real=0.01 secs] 
155.815: Total time for which application threads were stopped: 0.0040200 seconds, Stopping threads took: 0.0019620 seconds
155.893: Application time: 0.0778270 seconds
155.896: [GC [PSYoungGen: 89600K->7888K(96768K)] 103513K->21809K(317952K), 0.0024620 secs] [Times: user=0.01 sys=0.00, real=0.00 secs] 
155.899: Total time for which application threads were stopped: 0.0052800 seconds, Stopping threads took: 0.0027390 seconds
155.976: Application time: 0.0771950 seconds
155.979: [GC [PSYoungGen: 90832K->8000K(96768K)] 104753K->21921K(317952K), 0.0023340 secs] [Times: user=0.01 sys=0.00, real=0.00 secs] 
155.981: Total time for which application threads were stopped: 0.0053760 seconds, Stopping threads took: 0.0029590 seconds
156.059: Application time: 0.0776290 seconds
156.061: [GC [PSYoungGen: 90944K->7824K(96768K)] 104865K->21745K(317952K), 0.0023420 secs] [Times: user=0.02 sys=0.00, real=0.00 secs] 
156.063: Total time for which application threads were stopped: 0.0047330 seconds, Stopping threads took: 0.0023110 seconds
156.138: Application time: 0.0749070 seconds
156.140: [GC [PSYoungGen: 90768K->7872K(96768K)] 104689K->21793K(317952K), 0.0025380 secs] [Times: user=0.01 sys=0.00, real=0.00 secs] 
156.143: Total time for which application threads were stopped: 0.0041900 seconds, Stopping threads took: 0.0015390 seconds
156.215: Application time: 0.0721260 seconds
156.217: [GC [PSYoungGen: 90816K->7424K(96768K)] 104737K->21353K(317952K), 0.0021780 secs] [Times: user=0.01 sys=0.00, real=0.00 secs] 
156.219: Total time for which application threads were stopped: 0.0041690 seconds, Stopping threads took: 0.0019090 seconds
156.292: Application time: 0.0728800 seconds
156.295: [GC [PSYoungGen: 90368K->8416K(96768K)] 104297K->22353K(317952K), 0.0025810 secs] [Times: user=0.02 sys=0.00, real=0.01 secs] 
156.297: Total time for which application threads were stopped: 0.0054580 seconds, Stopping threads took: 0.0027950 seconds
156.373: Application time: 0.0754110 seconds
156.375: [GC [PSYoungGen: 91360K->6624K(96768K)] 105297K->20569K(317952K), 0.0020210 secs] [Times: user=0.01 sys=0.00, real=0.01 secs] 
156.377: Total time for which application threads were stopped: 0.0045060 seconds, Stopping threads took: 0.0024030 seconds
156.452: Application time: 0.0744950 seconds
156.454: [GC [PSYoungGen: 89568K->7104K(96768K)] 103513K->21049K(317952K), 0.0021770 secs] [Times: user=0.02 sys=0.00, real=0.01 secs] 
156.456: Total time for which application threads were stopped: 0.0041840 seconds, Stopping threads took: 0.0019260 seconds
156.529: Application time: 0.0736600 seconds
156.531: [GC [PSYoungGen: 90048K->7600K(96768K)] 103993K->21545K(317952K), 0.0023190 secs] [Times: user=0.02 sys=0.00, real=0.00 secs] 
156.533: Total time for which application threads were stopped: 0.0038670 seconds, Stopping threads took: 0.0014680 seconds
156.611: Application time: 0.0774850 seconds
156.612: [GC [PSYoungGen: 90544K->7616K(96768K)] 104489K->21561K(317952K), 0.0022900 secs] [Times: user=0.02 sys=0.00, real=0.00 secs] 
156.614: Total time for which application threads were stopped: 0.0036370 seconds, Stopping threads took: 0.0012660 seconds
156.688: Application time: 0.0733150 seconds
156.690: [GC [PSYoungGen: 90560K->8304K(96768K)] 104505K->22249K(317952K), 0.0024630 secs] [Times: user=0.01 sys=0.00, real=0.00 secs] 
156.693: Total time for which application threads were stopped: 0.0050400 seconds, Stopping threads took: 0.0024810 seconds
156.768: Application time: 0.0750220 seconds
156.770: [GC [PSYoungGen: 91248K->8064K(96768K)] 105193K->22017K(317952K), 0.0023980 secs] [Times: user=0.02 sys=0.00, real=0.00 secs] 
156.773: Total time for which application threads were stopped: 0.0048670 seconds, Stopping threads took: 0.0023830 seconds
156.849: Application time: 0.0759370 seconds
156.851: [GC [PSYoungGen: 91008K->6448K(96768K)] 104961K->20409K(317952K), 0.0019350 secs] [Times: user=0.01 sys=0.00, real=0.00 secs] 
156.853: Total time for which application threads were stopped: 0.0039970 seconds, Stopping threads took: 0.0019850 seconds
156.931: Application time: 0.0779400 seconds
156.932: [GC [PSYoungGen: 89392K->5664K(96768K)] 103353K->19625K(317952K), 0.0016680 secs] [Times: user=0.01 sys=0.00, real=0.00 secs] 
156.934: Total time for which application threads were stopped: 0.0031140 seconds, Stopping threads took: 0.0013680 seconds
157.009: Application time: 0.0750030 seconds
157.011: [GC [PSYoungGen: 88608K->6912K(96768K)] 102569K->20873K(317952K), 0.0020370 secs] [Times: user=0.01 sys=0.01, real=0.00 secs] 
157.013: Total time for which application threads were stopped: 0.0044760 seconds, Stopping threads took: 0.0023560 seconds
157.090: Application time: 0.0764120 seconds
157.091: [GC [PSYoungGen: 89856K->6976K(96768K)] 103817K->20937K(317952K), 0.0020910 secs] [Times: user=0.02 sys=0.00, real=0.00 secs] 
157.093: Total time for which application threads were stopped: 0.0038200 seconds, Stopping threads took: 0.0016430 seconds
157.169: Application time: 0.0760320 seconds
157.172: [GC [PSYoungGen: 89920K->6880K(96768K)] 103881K->20841K(317952K), 0.0021240 secs] [Times: user=0.00 sys=0.00, real=0.00 secs] 
157.174: Total time for which application threads were stopped: 0.0049360 seconds, Stopping threads took: 0.0027360 seconds
157.253: Application time: 0.0782660 seconds
157.255: [GC [PSYoungGen: 89824K->6064K(96768K)] 103785K->20033K(317952K), 0.0018600 secs] [Times: user=0.01 sys=0.00, real=0.00 secs] 
157.257: Total time for which application threads were stopped: 0.0046080 seconds, Stopping threads took: 0.0026570 seconds
157.335: Application time: 0.0775660 seconds
157.337: [GC [PSYoungGen: 89008K->6928K(96768K)] 102977K->20905K(317952K), 0.0020470 secs] [Times: user=0.01 sys=0.00, real=0.00 secs] 
157.339: Total time for which application threads were stopped: 0.0044670 seconds, Stopping threads took: 0.0023420 seconds
157.415: Application time: 0.0760050 seconds
157.417: [GC [PSYoungGen: 89872K->5504K(96768K)] 103849K->19481K(317952K), 0.0016940 secs] [Times: user=0.01 sys=0.00, real=0.00 secs] 
157.418: Total time for which application threads were stopped: 0.0029210 seconds, Stopping threads took: 0.0011480 seconds
157.493: Application time: 0.0748100 seconds
157.496: [GC [PSYoungGen: 88448K->7008K(96768K)] 102425K->20985K(317952K), 0.0020380 secs] [Times: user=0.01 sys=0.00, real=0.00 secs] 
157.498: Total time for which application threads were stopped: 0.0049110 seconds, Stopping threads took: 0.0027920 seconds
157.569: Application time: 0.0708330 seconds
157.571: [GC [PSYoungGen: 89952K->7088K(96768K)] 103929K->21065K(317952K), 0.0020870 secs] [Times: user=0.02 sys=0.00, real=0.00 secs] 
157.574: Total time for which application threads were stopped: 0.0047870 seconds, Stopping threads took: 0.0026140 seconds
157.648: Application time: 0.0748230 seconds
157.651: [GC [PSYoungGen: 90032K->7728K(96768K)] 104009K->21705K(317952K), 0.0022940 secs] [Times: user=0.01 sys=0.00, real=0.00 secs] 
157.653: Total time for which application threads were stopped: 0.0050400 seconds, Stopping threads took: 0.0026590 seconds
157.737: Application time: 0.0830420 seconds
157.738: [GC [PSYoungGen: 90672K->6272K(96768K)] 104649K->20257K(317952K), 0.0019560 secs] [Times: user=0.01 sys=0.00, real=0.00 secs] 
157.740: Total time for which application threads were stopped: 0.0033120 seconds, Stopping threads took: 0.0012730 seconds
157.813: Application time: 0.0728980 seconds
157.815: [GC [PSYoungGen: 89216K->6160K(96768K)] 103201K->20153K(317952K), 0.0018860 secs] [Times: user=0.01 sys=0.00, real=0.01 secs] 
157.817: Total time for which application threads were stopped: 0.0038150 seconds, Stopping threads took: 0.0018420 seconds
157.893: Application time: 0.0762150 seconds
157.894: [GC [PSYoungGen: 89104K->5952K(96768K)] 103097K->19953K(317952K), 0.0018350 secs] [Times: user=0.01 sys=0.00, real=0.01 secs] 
157.896: Total time for which application threads were stopped: 0.0034880 seconds, Stopping threads took: 0.0015750 seconds
157.979: Application time: 0.0831500 seconds
157.981: [GC [PSYoungGen: 88896K->3520K(96768K)] 102897K->17521K(317952K), 0.0011130 secs] [Times: user=0.00 sys=0.00, real=0.00 secs] 
157.982: Total time for which application threads were stopped: 0.0026350 seconds, Stopping threads took: 0.0014580 seconds
158.060: Application time: 0.0780440 seconds
158.063: [GC [PSYoungGen: 86464K->5168K(96768K)] 100465K->19169K(317952K), 0.0015080 secs] [Times: user=0.01 sys=0.00, real=0.00 secs] 
158.064: Total time for which application threads were stopped: 0.0040130 seconds, Stopping threads took: 0.0024280 seconds
158.142: Application time: 0.0773870 seconds
158.144: [GC [PSYoungGen: 88112K->6560K(96768K)] 102113K->20561K(317952K), 0.0020850 secs] [Times: user=0.02 sys=0.00, real=0.00 secs] 
158.147: Total time for which application threads were stopped: 0.0050400 seconds, Stopping threads took: 0.0028800 seconds
158.222: Application time: 0.0754630 seconds
158.225: [GC [PSYoungGen: 89504K->7232K(96768K)] 103505K->21241K(317952K), 0.0021210 secs] [Times: user=0.01 sys=0.00, real=0.00 secs] 
158.227: Total time for which application threads were stopped: 0.0050480 seconds, Stopping threads took: 0.0028470 seconds
158.301: Application time: 0.0741570 seconds
158.304: [GC [PSYoungGen: 90176K->7712K(96768K)] 104185K->21729K(317952K), 0.0023640 secs] [Times: user=0.01 sys=0.00, real=0.00 secs] 
158.306: Total time for which application threads were stopped: 0.0047710 seconds, Stopping threads took: 0.0023280 seconds
158.379: Application time: 0.0730870 seconds
158.381: [GC [PSYoungGen: 90656K->7424K(96768K)] 104673K->21449K(317952K), 0.0021920 secs] [Times: user=0.02 sys=0.00, real=0.00 secs] 
158.383: Total time for which application threads were stopped: 0.0037630 seconds, Stopping threads took: 0.0014820 seconds
158.458: Application time: 0.0750370 seconds
158.460: [GC [PSYoungGen: 90368K->7584K(96768K)] 104393K->21609K(317952K), 0.0022480 secs] [Times: user=0.02 sys=0.00, real=0.00 secs] 
158.462: Total time for which application threads were stopped: 0.0045260 seconds, Stopping threads took: 0.0021970 seconds
158.541: Application time: 0.0788270 seconds
158.543: [GC [PSYoungGen: 90528K->7200K(96768K)] 104553K->21225K(317952K), 0.0021730 secs] [Times: user=0.01 sys=0.00, real=0.00 secs] 
158.545: Total time for which application threads were stopped: 0.0041570 seconds, Stopping threads took: 0.0019020 seconds
158.621: Application time: 0.0759280 seconds
158.624: [GC [PSYoungGen: 90144K->7568K(96768K)] 104169K->21593K(317952K), 0.0023880 secs] [Times: user=0.01 sys=0.00, real=0.00 secs] 
158.626: Total time for which application threads were stopped: 0.0047290 seconds, Stopping threads took: 0.0022570 seconds
158.702: Application time: 0.0761130 seconds
158.704: [GC [PSYoungGen: 90512K->7632K(96768K)] 104537K->21657K(317952K), 0.0024170 secs] [Times: user=0.01 sys=0.00, real=0.00 secs] 
158.707: Total time for which application threads were stopped: 0.0045170 seconds, Stopping threads took: 0.0020150 seconds
158.780: Application time: 0.0734870 seconds
158.783: [GC [PSYoungGen: 90576K->7616K(96768K)] 104601K->21657K(317952K), 0.0022420 secs] [Times: user=0.02 sys=0.00, real=0.00 secs] 
158.785: Total time for which application threads were stopped: 0.0052630 seconds, Stopping threads took: 0.0029360 seconds
158.860: Application time: 0.0747140 seconds
158.862: [GC [PSYoungGen: 90560K->6640K(96768K)] 104601K->20689K(317952K), 0.0019640 secs] [Times: user=0.01 sys=0.00, real=0.00 secs] 
158.864: Total time for which application threads were stopped: 0.0033900 seconds, Stopping threads took: 0.0013440 seconds
158.938: Application time: 0.0745190 seconds
158.940: [GC [PSYoungGen: 89584K->6592K(96768K)] 103633K->20641K(317952K), 0.0019430 secs] [Times: user=0.01 sys=0.00, real=0.00 secs] 
158.942: Total time for which application threads were stopped: 0.0038100 seconds, Stopping threads took: 0.0017790 seconds
159.018: Application time: 0.0762680 seconds
159.019: [GC [PSYoungGen: 89536K->5856K(96768K)] 103585K->19905K(317952K), 0.0017590 secs] [Times: user=0.01 sys=0.00, real=0.00 secs] 
159.021: Total time for which application threads were stopped: 0.0030700 seconds, Stopping threads took: 0.0012330 seconds
159.096: Application time: 0.0743000 seconds
159.097: [GC [PSYoungGen: 88800K->7728K(96768K)] 102849K->21777K(317952K), 0.0022860 secs] [Times: user=0.01 sys=0.00, real=0.00 secs] 
159.100: Total time for which application threads were stopped: 0.0041050 seconds, Stopping threads took: 0.0017340 seconds
159.175: Application time: 0.0748870 seconds
159.176: [GC [PSYoungGen: 90672K->5200K(96768K)] 104721K->19249K(317952K), 0.0015510 secs] [Times: user=0.01 sys=0.00, real=0.00 secs] 
159.178: Total time for which application threads were stopped: 0.0032430 seconds, Stopping threads took: 0.0016150 seconds
159.254: Application time: 0.0759550 seconds
159.256: [GC [PSYoungGen: 88144K->7072K(96768K)] 102193K->21129K(317952K), 0.0020990 secs] [Times: user=0.01 sys=0.00, real=0.00 secs] 
159.258: Total time for which application threads were stopped: 0.0041110 seconds, Stopping threads took: 0.0019300 seconds
159.333: Application time: 0.0751750 seconds
159.336: [GC [PSYoungGen: 90016K->8272K(96768K)] 104073K->22337K(317952K), 0.0024550 secs] [Times: user=0.02 sys=0.00, real=0.00 secs] 
159.338: Total time for which application threads were stopped: 0.0050730 seconds, Stopping threads took: 0.0025370 seconds
159.415: Application time: 0.0768770 seconds
159.416: [GC [PSYoungGen: 91216K->5280K(96768K)] 105281K->19345K(317952K), 0.0015560 secs] [Times: user=0.01 sys=0.00, real=0.00 secs] 
159.417: Total time for which application threads were stopped: 0.0024070 seconds, Stopping threads took: 0.0007760 seconds
159.498: Application time: 0.0810000 seconds
159.501: [GC [PSYoungGen: 88224K->5632K(96768K)] 102289K->19697K(317952K), 0.0016080 secs] [Times: user=0.01 sys=0.00, real=0.00 secs] 
159.502: Total time for which application threads were stopped: 0.0040120 seconds, Stopping threads took: 0.0023160 seconds
159.582: Application time: 0.0792450 seconds
159.583: [GC [PSYoungGen: 88576K->7520K(96768K)] 102641K->21585K(317952K), 0.0022390 secs] [Times: user=0.01 sys=0.00, real=0.00 secs] 
159.586: Total time for which application threads were stopped: 0.0039290 seconds, Stopping threads took: 0.0016070 seconds
159.667: Application time: 0.0813410 seconds
159.669: [GC [PSYoungGen: 90464K->5776K(96768K)] 104529K->19841K(317952K), 0.0017410 secs] [Times: user=0.01 sys=0.00, real=0.00 secs] 
159.671: Total time for which application threads were stopped: 0.0040710 seconds, Stopping threads took: 0.0022500 seconds
159.758: Application time: 0.0873110 seconds
159.760: [GC [PSYoungGen: 88720K->4960K(96768K)] 102785K->19033K(317952K), 0.0014220 secs] [Times: user=0.01 sys=0.00, real=0.00 secs] 
159.761: Total time for which application threads were stopped: 0.0030550 seconds, Stopping threads took: 0.0015590 seconds
159.842: Application time: 0.0802050 seconds
159.843: [GC [PSYoungGen: 87904K->7184K(96768K)] 101977K->21273K(317952K), 0.0021880 secs] [Times: user=0.01 sys=0.00, real=0.00 secs] 
159.846: Total time for which application threads were stopped: 0.0039230 seconds, Stopping threads took: 0.0016530 seconds
159.927: Application time: 0.0819010 seconds
159.931: [GC [PSYoungGen: 90128K->6560K(96768K)] 104217K->20657K(317952K), 0.0019980 secs] [Times: user=0.01 sys=0.00, real=0.00 secs] 
159.933: Total time for which application threads were stopped: 0.0052510 seconds, Stopping threads took: 0.0031650 seconds
160.014: Application time: 0.0817150 seconds
160.018: [GC [PSYoungGen: 89504K->6976K(96768K)] 103601K->21073K(317952K), 0.0020780 secs] [Times: user=0.02 sys=0.00, real=0.00 secs] 
160.020: Total time for which application threads were stopped: 0.0053730 seconds, Stopping threads took: 0.0032000 seconds
160.101: Application time: 0.0810890 seconds
160.103: [GC [PSYoungGen: 89920K->7712K(96768K)] 104017K->21809K(317952K), 0.0023790 secs] [Times: user=0.01 sys=0.00, real=0.00 secs] 
160.105: Total time for which application threads were stopped: 0.0045330 seconds, Stopping threads took: 0.0020720 seconds
160.189: Application time: 0.0839480 seconds
160.192: [GC [PSYoungGen: 90656K->6736K(96768K)] 104753K->20833K(317952K), 0.0020250 secs] [Times: user=0.02 sys=0.00, real=0.00 secs] 
160.194: Total time for which application threads were stopped: 0.0047740 seconds, Stopping threads took: 0.0026430 seconds
160.278: Application time: 0.0842540 seconds
160.280: [GC [PSYoungGen: 89680K->5504K(96768K)] 103777K->19601K(317952K), 0.0017360 secs] [Times: user=0.01 sys=0.00, real=0.00 secs] 
160.282: Total time for which application threads were stopped: 0.0035280 seconds, Stopping threads took: 0.0017100 seconds
160.363: Application time: 0.0808120 seconds
160.364: [GC [PSYoungGen: 88448K->6928K(96768K)] 102545K->21033K(317952K), 0.0021920 secs] [Times: user=0.02 sys=0.00, real=0.00 secs] 
160.367: Total time for which application threads were stopped: 0.0039610 seconds, Stopping threads took: 0.0016880 seconds
160.446: Application time: 0.0790110 seconds
160.448: [GC [PSYoungGen: 89872K->6528K(96768K)] 103977K->20641K(317952K), 0.0020790 secs] [Times: user=0.01 sys=0.00, real=0.00 secs] 
160.450: Total time for which application threads were stopped: 0.0042690 seconds, Stopping threads took: 0.0021060 seconds
160.528: Application time: 0.0782640 seconds
160.530: [GC [PSYoungGen: 89472K->6032K(96768K)] 103585K->20145K(317952K), 0.0019770 secs] [Times: user=0.01 sys=0.00, real=0.00 secs] 
160.532: Total time for which application threads were stopped: 0.0036880 seconds, Stopping threads took: 0.0016140 seconds
160.610: Application time: 0.0779900 seconds
160.611: [GC [PSYoungGen: 88976K->6848K(96768K)] 103089K->20961K(317952K), 0.0020500 secs] [Times: user=0.01 sys=0.00, real=0.00 secs] 
160.614: Total time for which application threads were stopped: 0.0036790 seconds, Stopping threads took: 0.0015470 seconds
160.690: Application time: 0.0768900 seconds
160.693: [GC [PSYoungGen: 89792K->7664K(96768K)] 103905K->21777K(317952K), 0.0023540 secs] [Times: user=0.02 sys=0.00, real=0.00 secs] 
160.695: Total time for which application threads were stopped: 0.0045000 seconds, Stopping threads took: 0.0020600 seconds
160.778: Application time: 0.0832470 seconds
160.780: [GC [PSYoungGen: 90607K->6752K(96768K)] 104720K->20865K(317952K), 0.0020570 secs] [Times: user=0.01 sys=0.00, real=0.00 secs] 
160.782: Total time for which application threads were stopped: 0.0038060 seconds, Stopping threads took: 0.0016670 seconds
160.863: Application time: 0.0804730 seconds
160.864: [GC [PSYoungGen: 89696K->6000K(96768K)] 103809K->20121K(317952K), 0.0018220 secs] [Times: user=0.01 sys=0.00, real=0.00 secs] 
160.866: Total time for which application threads were stopped: 0.0034140 seconds, Stopping threads took: 0.0015130 seconds
160.947: Application time: 0.0810440 seconds
160.948: [GC [PSYoungGen: 88944K->7296K(96768K)] 103065K->21425K(317952K), 0.0022020 secs] [Times: user=0.01 sys=0.00, real=0.00 secs] 
160.950: Total time for which application threads were stopped: 0.0032650 seconds, Stopping threads took: 0.0009800 seconds
161.033: Application time: 0.0825860 seconds
161.034: [GC [PSYoungGen: 90240K->6288K(96768K)] 104369K->20417K(317952K), 0.0018730 secs] [Times: user=0.02 sys=0.00, real=0.01 secs] 
161.036: Total time for which application threads were stopped: 0.0030110 seconds, Stopping threads took: 0.0010490 seconds
161.117: Application time: 0.0811810 seconds
161.120: [GC [PSYoungGen: 89232K->6288K(96768K)] 103361K->20417K(317952K), 0.0019220 secs] [Times: user=0.02 sys=0.00, real=0.00 secs] 
161.122: Total time for which application threads were stopped: 0.0051520 seconds, Stopping threads took: 0.0031390 seconds
161.200: Application time: 0.0776560 seconds
161.203: [GC [PSYoungGen: 89232K->6864K(96768K)] 103361K->20993K(317952K), 0.0020110 secs] [Times: user=0.01 sys=0.00, real=0.00 secs] 
161.205: Total time for which application threads were stopped: 0.0052140 seconds, Stopping threads took: 0.0031180 seconds
161.284: Application time: 0.0788060 seconds
161.285: [GC [PSYoungGen: 89808K->7664K(96768K)] 103937K->21793K(317952K), 0.0023210 secs] [Times: user=0.01 sys=0.00, real=0.01 secs] 
161.288: Total time for which application threads were stopped: 0.0037150 seconds, Stopping threads took: 0.0013110 seconds
161.367: Application time: 0.0795500 seconds
161.370: [GC [PSYoungGen: 90608K->7584K(96768K)] 104737K->21721K(317952K), 0.0022710 secs] [Times: user=0.01 sys=0.00, real=0.00 secs] 
161.372: Total time for which application threads were stopped: 0.0049200 seconds, Stopping threads took: 0.0025670 seconds
161.455: Application time: 0.0832520 seconds
161.458: [GC [PSYoungGen: 90528K->6672K(96768K)] 104665K->20817K(317952K), 0.0019930 secs] [Times: user=0.02 sys=0.00, real=0.00 secs] 
161.460: Total time for which application threads were stopped: 0.0050700 seconds, Stopping threads took: 0.0029940 seconds
161.539: Application time: 0.0788590 seconds
161.542: [GC [PSYoungGen: 89616K->7616K(96768K)] 103761K->21769K(317952K), 0.0023790 secs] [Times: user=0.01 sys=0.00, real=0.00 secs] 
161.545: Total time for which application threads were stopped: 0.0054420 seconds, Stopping threads took: 0.0029700 seconds
161.624: Application time: 0.0796090 seconds
161.626: [GC [PSYoungGen: 90560K->7712K(96768K)] 104713K->21865K(317952K), 0.0023380 secs] [Times: user=0.02 sys=0.00, real=0.01 secs] 
161.629: Total time for which application threads were stopped: 0.0043700 seconds, Stopping threads took: 0.0019470 seconds
161.709: Application time: 0.0802850 seconds
161.711: [GC [PSYoungGen: 90656K->7760K(96768K)] 104809K->21913K(317952K), 0.0023270 secs] [Times: user=0.01 sys=0.00, real=0.00 secs] 
161.713: Total time for which application threads were stopped: 0.0042160 seconds, Stopping threads took: 0.0018030 seconds
161.792: Application time: 0.0784850 seconds
161.794: [GC [PSYoungGen: 90704K->8144K(96768K)] 104857K->22297K(317952K), 0.0024380 secs] [Times: user=0.02 sys=0.00, real=0.01 secs] 
161.796: Total time for which application threads were stopped: 0.0046260 seconds, Stopping threads took: 0.0021030 seconds
161.875: Application time: 0.0790140 seconds
161.878: [GC [PSYoungGen: 91088K->7536K(96768K)] 105241K->21697K(317952K), 0.0023450 secs] [Times: user=0.02 sys=0.00, real=0.00 secs] 
161.880: Total time for which application threads were stopped: 0.0048070 seconds, Stopping threads took: 0.0023790 seconds
161.960: Application time: 0.0795870 seconds
161.963: [GC [PSYoungGen: 90480K->6592K(96768K)] 104641K->20761K(317952K), 0.0020110 secs] [Times: user=0.01 sys=0.00, real=0.00 secs] 
161.965: Total time for which application threads were stopped: 0.0049490 seconds, Stopping threads took: 0.0028510 seconds
162.046: Application time: 0.0814960 seconds
162.049: [GC [PSYoungGen: 89536K->7184K(96768K)] 103705K->21361K(317952K), 0.0022660 secs] [Times: user=0.02 sys=0.00, real=0.00 secs] 
162.051: Total time for which application threads were stopped: 0.0052510 seconds, Stopping threads took: 0.0028940 seconds
162.130: Application time: 0.0788650 seconds
162.133: [GC [PSYoungGen: 90128K->7152K(96768K)] 104305K->21329K(317952K), 0.0022110 secs] [Times: user=0.01 sys=0.00, real=0.01 secs] 
162.135: Total time for which application threads were stopped: 0.0051000 seconds, Stopping threads took: 0.0028050 seconds
162.217: Application time: 0.0821000 seconds
162.220: [GC [PSYoungGen: 90096K->6224K(96768K)] 104273K->20401K(317952K), 0.0018910 secs] [Times: user=0.01 sys=0.00, real=0.00 secs] 
162.222: Total time for which application threads were stopped: 0.0041460 seconds, Stopping threads took: 0.0021690 seconds
162.303: Application time: 0.0816510 seconds
162.306: [GC [PSYoungGen: 89168K->5760K(96768K)] 103345K->19937K(317952K), 0.0018030 secs] [Times: user=0.01 sys=0.00, real=0.01 secs] 
162.308: Total time for which application threads were stopped: 0.0046850 seconds, Stopping threads took: 0.0027870 seconds
162.388: Application time: 0.0795720 seconds
162.390: [GC [PSYoungGen: 88704K->6240K(96768K)] 102881K->20417K(317952K), 0.0019920 secs] [Times: user=0.01 sys=0.00, real=0.00 secs] 
162.392: Total time for which application threads were stopped: 0.0041790 seconds, Stopping threads took: 0.0020990 seconds
162.468: Application time: 0.0765140 seconds
162.471: [GC [PSYoungGen: 89184K->8016K(96768K)] 103361K->22201K(317952K), 0.0023840 secs] [Times: user=0.02 sys=0.00, real=0.00 secs] 
162.473: Total time for which application threads were stopped: 0.0047480 seconds, Stopping threads took: 0.0022800 seconds
162.552: Application time: 0.0785430 seconds
162.554: [GC [PSYoungGen: 90960K->6992K(96768K)] 105145K->21185K(317952K), 0.0020900 secs] [Times: user=0.01 sys=0.00, real=0.01 secs] 
162.556: Total time for which application threads were stopped: 0.0045970 seconds, Stopping threads took: 0.0024150 seconds
162.634: Application time: 0.0777100 seconds
162.636: [GC [PSYoungGen: 89936K->7104K(96768K)] 104129K->21297K(317952K), 0.0021200 secs] [Times: user=0.01 sys=0.00, real=0.00 secs] 
162.638: Total time for which application threads were stopped: 0.0042360 seconds, Stopping threads took: 0.0020330 seconds
162.716: Application time: 0.0776730 seconds
162.718: [GC [PSYoungGen: 90048K->7952K(96768K)] 104241K->22145K(317952K), 0.0023700 secs] [Times: user=0.01 sys=0.00, real=0.00 secs] 
162.721: Total time for which application threads were stopped: 0.0051000 seconds, Stopping threads took: 0.0026430 seconds
162.804: Application time: 0.0827980 seconds
162.806: [GC [PSYoungGen: 90896K->6816K(96768K)] 105089K->21009K(317952K), 0.0020280 secs] [Times: user=0.02 sys=0.00, real=0.01 secs] 
162.808: Total time for which application threads were stopped: 0.0045130 seconds, Stopping threads took: 0.0024000 seconds
162.891: Application time: 0.0831390 seconds
162.894: [GC [PSYoungGen: 89760K->5312K(96768K)] 103953K->19505K(317952K), 0.0016850 secs] [Times: user=0.01 sys=0.00, real=0.01 secs] 
162.895: Total time for which application threads were stopped: 0.0041180 seconds, Stopping threads took: 0.0023480 seconds
162.977: Application time: 0.0815580 seconds
162.978: [GC [PSYoungGen: 88256K->5152K(96768K)] 102449K->19353K(317952K), 0.0015440 secs] [Times: user=0.01 sys=0.00, real=0.00 secs] 
162.980: Total time for which application threads were stopped: 0.0026800 seconds, Stopping threads took: 0.0010540 seconds
163.061: Application time: 0.0811260 seconds
163.063: [GC [PSYoungGen: 88096K->7120K(96768K)] 102297K->21329K(317952K), 0.0021790 secs] [Times: user=0.02 sys=0.00, real=0.00 secs] 
163.065: Total time for which application threads were stopped: 0.0044690 seconds, Stopping threads took: 0.0021960 seconds
163.143: Application time: 0.0780660 seconds
163.145: [GC [PSYoungGen: 90064K->7088K(96768K)] 104273K->21297K(317952K), 0.0020760 secs] [Times: user=0.01 sys=0.00, real=0.01 secs] 
163.147: Total time for which application threads were stopped: 0.0040880 seconds, Stopping threads took: 0.0019300 seconds
163.228: Application time: 0.0806330 seconds
163.230: [GC [PSYoungGen: 90032K->6256K(96768K)] 104241K->20465K(317952K), 0.0018520 secs] [Times: user=0.01 sys=0.00, real=0.00 secs] 
163.232: Total time for which application threads were stopped: 0.0041730 seconds, Stopping threads took: 0.0022410 seconds
163.313: Application time: 0.0812500 seconds
163.315: [GC [PSYoungGen: 89200K->5104K(96768K)] 103409K->19313K(317952K), 0.0016010 secs] [Times: user=0.01 sys=0.00, real=0.00 secs] 
163.317: Total time for which application threads were stopped: 0.0034450 seconds, Stopping threads took: 0.0017620 seconds
163.398: Application time: 0.0814260 seconds
163.401: [GC [PSYoungGen: 88048K->6208K(96768K)] 102257K->20417K(317952K), 0.0018990 secs] [Times: user=0.01 sys=0.00, real=0.00 secs] 
163.403: Total time for which application threads were stopped: 0.0048830 seconds, Stopping threads took: 0.0028920 seconds
163.483: Application time: 0.0792850 seconds
163.485: [GC [PSYoungGen: 89152K->7280K(96768K)] 103361K->21497K(317952K), 0.0022060 secs] [Times: user=0.02 sys=0.00, real=0.00 secs] 
163.487: Total time for which application threads were stopped: 0.0043620 seconds, Stopping threads took: 0.0020750 seconds
163.567: Application time: 0.0799960 seconds
163.568: [GC [PSYoungGen: 90224K->5040K(96768K)] 104441K->19265K(317952K), 0.0014380 secs] [Times: user=0.01 sys=0.00, real=0.00 secs] 
163.570: Total time for which application threads were stopped: 0.0030540 seconds, Stopping threads took: 0.0015330 seconds
163.646: Application time: 0.0756460 seconds
163.648: [GC [PSYoungGen: 87984K->6672K(96768K)] 102209K->20897K(317952K), 0.0020460 secs] [Times: user=0.01 sys=0.00, real=0.00 secs] 
163.650: Total time for which application threads were stopped: 0.0048310 seconds, Stopping threads took: 0.0027050 seconds
163.727: Application time: 0.0760710 seconds
163.729: [GC [PSYoungGen: 89616K->7104K(96768K)] 103841K->21329K(317952K), 0.0021170 secs] [Times: user=0.01 sys=0.01, real=0.00 secs] 
163.731: Total time for which application threads were stopped: 0.0046840 seconds, Stopping threads took: 0.0024660 seconds
163.809: Application time: 0.0775290 seconds
163.812: [GC [PSYoungGen: 90048K->6240K(96768K)] 104273K->20465K(317952K), 0.0018280 secs] [Times: user=0.01 sys=0.00, real=0.00 secs] 
163.814: Total time for which application threads were stopped: 0.0048100 seconds, Stopping threads took: 0.0029020 seconds
163.895: Application time: 0.0817680 seconds
163.896: [GC [PSYoungGen: 89184K->3168K(96768K)] 103409K->17393K(317952K), 0.0010630 secs] [Times: user=0.01 sys=0.00, real=0.00 secs] 
163.897: Total time for which application threads were stopped: 0.0013080 seconds, Stopping threads took: 0.0001830 seconds
163.971: Application time: 0.0744980 seconds
163.973: [GC [PSYoungGen: 86112K->6832K(96768K)] 100337K->21073K(317952K), 0.0021250 secs] [Times: user=0.00 sys=0.00, real=0.01 secs] 
163.975: Total time for which application threads were stopped: 0.0042590 seconds, Stopping threads took: 0.0020510 seconds
164.051: Application time: 0.0755030 seconds
164.054: [GC [PSYoungGen: 89776K->5680K(96768K)] 104017K->19929K(317952K), 0.0016890 secs] [Times: user=0.01 sys=0.00, real=0.01 secs] 
164.055: Total time for which application threads were stopped: 0.0044100 seconds, Stopping threads took: 0.0026400 seconds
164.133: Application time: 0.0775670 seconds
164.136: [GC [PSYoungGen: 88624K->5888K(96768K)] 102873K->20137K(317952K), 0.0018030 secs] [Times: user=0.02 sys=0.00, real=0.00 secs] 
164.137: Total time for which application threads were stopped: 0.0044790 seconds, Stopping threads took: 0.0025680 seconds
164.216: Application time: 0.0790540 seconds
164.218: [GC [PSYoungGen: 88832K->5904K(96768K)] 103081K->20153K(317952K), 0.0017360 secs] [Times: user=0.01 sys=0.00, real=0.00 secs] 
164.220: Total time for which application threads were stopped: 0.0032530 seconds, Stopping threads took: 0.0014380 seconds
164.297: Application time: 0.0775620 seconds
164.299: [GC [PSYoungGen: 88848K->6304K(96768K)] 103097K->20553K(317952K), 0.0019270 secs] [Times: user=0.01 sys=0.00, real=0.00 secs] 
164.301: Total time for which application threads were stopped: 0.0035730 seconds, Stopping threads took: 0.0015650 seconds
164.373: Application time: 0.0722180 seconds
164.376: [GC [PSYoungGen: 89248K->7456K(96768K)] 103497K->21705K(317952K), 0.0022000 secs] [Times: user=0.01 sys=0.00, real=0.00 secs] 
164.378: Total time for which application threads were stopped: 0.0050030 seconds, Stopping threads took: 0.0027190 seconds
164.453: Application time: 0.0748300 seconds
164.454: [GC [PSYoungGen: 90400K->6048K(96768K)] 104649K->20297K(317952K), 0.0018250 secs] [Times: user=0.01 sys=0.00, real=0.01 secs] 
164.456: Total time for which application threads were stopped: 0.0031710 seconds, Stopping threads took: 0.0012580 seconds
164.530: Application time: 0.0742040 seconds
164.532: [GC [PSYoungGen: 88992K->6928K(96768K)] 103241K->21185K(317952K), 0.0020520 secs] [Times: user=0.02 sys=0.00, real=0.00 secs] 
164.534: Total time for which application threads were stopped: 0.0036850 seconds, Stopping threads took: 0.0015560 seconds
164.614: Application time: 0.0796850 seconds
164.616: [GC [PSYoungGen: 89872K->4160K(96768K)] 104129K->18433K(317952K), 0.0013450 secs] [Times: user=0.00 sys=0.00, real=0.00 secs] 
164.617: Total time for which application threads were stopped: 0.0033230 seconds, Stopping threads took: 0.0019050 seconds
164.691: Application time: 0.0737090 seconds
164.693: [GC [PSYoungGen: 87104K->6576K(96768K)] 101377K->20849K(317952K), 0.0019700 secs] [Times: user=0.01 sys=0.00, real=0.00 secs] 
164.695: Total time for which application threads were stopped: 0.0044840 seconds, Stopping threads took: 0.0024200 seconds
164.773: Application time: 0.0776920 seconds
164.774: [GC [PSYoungGen: 89520K->5072K(96768K)] 103793K->19345K(317952K), 0.0015610 secs] [Times: user=0.01 sys=0.00, real=0.01 secs] 
164.776: Total time for which application threads were stopped: 0.0030890 seconds, Stopping threads took: 0.0014500 seconds
164.854: Application time: 0.0785000 seconds
164.856: [GC [PSYoungGen: 88016K->5888K(96768K)] 102289K->20161K(317952K), 0.0017770 secs] [Times: user=0.01 sys=0.00, real=0.00 secs] 
164.858: Total time for which application threads were stopped: 0.0037950 seconds, Stopping threads took: 0.0019360 seconds
164.940: Application time: 0.0817490 seconds
164.941: [GC [PSYoungGen: 88832K->4432K(96768K)] 103105K->18705K(317952K), 0.0013380 secs] [Times: user=0.01 sys=0.00, real=0.00 secs] 
164.943: Total time for which application threads were stopped: 0.0028280 seconds, Stopping threads took: 0.0014170 seconds
165.020: Application time: 0.0770220 seconds
165.021: [GC [PSYoungGen: 87376K->6544K(96768K)] 101649K->20825K(317952K), 0.0018800 secs] [Times: user=0.01 sys=0.00, real=0.00 secs] 
165.023: Total time for which application threads were stopped: 0.0035380 seconds, Stopping threads took: 0.0015740 seconds
165.099: Application time: 0.0752060 seconds
165.101: [GC [PSYoungGen: 89488K->6848K(96768K)] 103769K->21137K(317952K), 0.0021080 secs] [Times: user=0.01 sys=0.00, real=0.00 secs] 
165.103: Total time for which application threads were stopped: 0.0042760 seconds, Stopping threads took: 0.0020840 seconds
165.176: Application time: 0.0728950 seconds
165.178: [GC [PSYoungGen: 89792K->7568K(96768K)] 104081K->21857K(317952K), 0.0023200 secs] [Times: user=0.02 sys=0.00, real=0.00 secs] 
165.180: Total time for which application threads were stopped: 0.0042120 seconds, Stopping threads took: 0.0018100 seconds
165.256: Application time: 0.0759720 seconds
165.258: [GC [PSYoungGen: 90512K->6432K(96768K)] 104801K->20721K(317952K), 0.0018890 secs] [Times: user=0.01 sys=0.00, real=0.00 secs] 
165.260: Total time for which application threads were stopped: 0.0041730 seconds, Stopping threads took: 0.0021940 seconds
165.337: Application time: 0.0767140 seconds
165.339: [GC [PSYoungGen: 89376K->7744K(96768K)] 103665K->22033K(317952K), 0.0022720 secs] [Times: user=0.02 sys=0.00, real=0.00 secs] 
165.341: Total time for which application threads were stopped: 0.0045410 seconds, Stopping threads took: 0.0021880 seconds
165.424: Application time: 0.0828430 seconds
165.426: [GC [PSYoungGen: 90688K->4848K(96768K)] 104977K->19137K(317952K), 0.0014220 secs] [Times: user=0.01 sys=0.00, real=0.01 secs] 
165.428: Total time for which application threads were stopped: 0.0033050 seconds, Stopping threads took: 0.0018080 seconds
165.505: Application time: 0.0777340 seconds
165.507: [GC [PSYoungGen: 87792K->5968K(96768K)] 102081K->20265K(317952K), 0.0017970 secs] [Times: user=0.01 sys=0.00, real=0.01 secs] 
165.509: Total time for which application threads were stopped: 0.0033760 seconds, Stopping threads took: 0.0014970 seconds
165.580: Application time: 0.0716350 seconds
165.583: [GC [PSYoungGen: 88912K->7648K(96768K)] 103209K->21953K(317952K), 0.0023150 secs] [Times: user=0.01 sys=0.00, real=0.00 secs] 
165.585: Total time for which application threads were stopped: 0.0047080 seconds, Stopping threads took: 0.0023000 seconds
165.661: Application time: 0.0755530 seconds
165.663: [GC [PSYoungGen: 90592K->7488K(96768K)] 104897K->21793K(317952K), 0.0022100 secs] [Times: user=0.01 sys=0.00, real=0.00 secs] 
165.665: Total time for which application threads were stopped: 0.0042750 seconds, Stopping threads took: 0.0019840 seconds
165.744: Application time: 0.0788100 seconds
165.744: [GC [PSYoungGen: 90432K->4368K(96768K)] 104737K->18673K(317952K), 0.0013270 secs] [Times: user=0.01 sys=0.00, real=0.00 secs] 
165.745: Total time for which application threads were stopped: 0.0018540 seconds, Stopping threads took: 0.0004550 seconds
165.824: Application time: 0.0780840 seconds
165.826: [GC [PSYoungGen: 87312K->5888K(96768K)] 101617K->20193K(317952K), 0.0017630 secs] [Times: user=0.02 sys=0.00, real=0.01 secs] 
165.828: Total time for which application threads were stopped: 0.0039310 seconds, Stopping threads took: 0.0020810 seconds
165.906: Application time: 0.0782130 seconds
165.909: [GC [PSYoungGen: 88832K->5664K(96768K)] 103137K->19969K(317952K), 0.0015510 secs] [Times: user=0.01 sys=0.00, real=0.00 secs] 
165.910: Total time for which application threads were stopped: 0.0043770 seconds, Stopping threads took: 0.0027480 seconds
165.991: Application time: 0.0811330 seconds
165.993: [GC [PSYoungGen: 88608K->4928K(96768K)] 102913K->19241K(317952K), 0.0015100 secs] [Times: user=0.01 sys=0.00, real=0.00 secs] 
165.995: Total time for which application threads were stopped: 0.0034790 seconds, Stopping threads took: 0.0018960 seconds
166.070: Application time: 0.0749800 seconds
166.072: [GC [PSYoungGen: 87872K->6608K(96768K)] 102185K->20929K(317952K), 0.0018920 secs] [Times: user=0.01 sys=0.00, real=0.00 secs] 
166.074: Total time for which application threads were stopped: 0.0044860 seconds, Stopping threads took: 0.0025150 seconds
166.148: Application time: 0.0741830 seconds
166.151: [GC [PSYoungGen: 89552K->7344K(96768K)] 103873K->21665K(317952K), 0.0021610 secs] [Times: user=0.01 sys=0.00, real=0.00 secs] 
166.153: Total time for which application threads were stopped: 0.0044370 seconds, Stopping threads took: 0.0021960 seconds
166.229: Application time: 0.0760140 seconds
166.231: [GC [PSYoungGen: 90288K->7696K(96768K)] 104609K->22017K(317952K), 0.0023130 secs] [Times: user=0.01 sys=0.00, real=0.00 secs] 
166.233: Total time for which application threads were stopped: 0.0043210 seconds, Stopping threads took: 0.0019260 seconds
166.307: Application time: 0.0741170 seconds
166.310: [GC [PSYoungGen: 90640K->7136K(96768K)] 104961K->21457K(317952K), 0.0021670 secs] [Times: user=0.01 sys=0.00, real=0.00 secs] 
166.312: Total time for which application threads were stopped: 0.0051210 seconds, Stopping threads took: 0.0028680 seconds
166.391: Application time: 0.0786880 seconds
166.392: [GC [PSYoungGen: 90080K->6736K(96768K)] 104401K->21057K(317952K), 0.0020900 secs] [Times: user=0.02 sys=0.00, real=0.00 secs] 
166.395: Total time for which application threads were stopped: 0.0034650 seconds, Stopping threads took: 0.0012620 seconds
166.475: Application time: 0.0807080 seconds
166.477: [GC [PSYoungGen: 89680K->5264K(96768K)] 104001K->19585K(317952K), 0.0016420 secs] [Times: user=0.01 sys=0.00, real=0.00 secs] 
166.478: Total time for which application threads were stopped: 0.0030590 seconds, Stopping threads took: 0.0013390 seconds
166.557: Application time: 0.0785100 seconds
166.559: [GC [PSYoungGen: 88208K->4624K(96768K)] 102529K->18953K(317952K), 0.0013860 secs] [Times: user=0.01 sys=0.00, real=0.00 secs] 
166.560: Total time for which application threads were stopped: 0.0033980 seconds, Stopping threads took: 0.0019390 seconds
166.636: Application time: 0.0752970 seconds
166.638: [GC [PSYoungGen: 87568K->5392K(96768K)] 101897K->19729K(317952K), 0.0016730 secs] [Times: user=0.01 sys=0.00, real=0.00 secs] 
166.640: Total time for which application threads were stopped: 0.0040040 seconds, Stopping threads took: 0.0022510 seconds
166.719: Application time: 0.0795310 seconds
166.721: [GC [PSYoungGen: 88336K->6080K(96768K)] 102673K->20417K(317952K), 0.0018190 secs] [Times: user=0.01 sys=0.00, real=0.00 secs] 
166.723: Total time for which application threads were stopped: 0.0035240 seconds, Stopping threads took: 0.0016280 seconds
166.801: Application time: 0.0782880 seconds
166.803: [GC [PSYoungGen: 89024K->5808K(96768K)] 103361K->20145K(317952K), 0.0016700 secs] [Times: user=0.00 sys=0.00, real=0.00 secs] 
166.805: Total time for which application threads were stopped: 0.0039190 seconds, Stopping threads took: 0.0021710 seconds
166.882: Application time: 0.0772480 seconds
166.884: [GC [PSYoungGen: 88752K->6544K(96768K)] 103089K->20881K(317952K), 0.0020450 secs] [Times: user=0.01 sys=0.00, real=0.00 secs] 
166.886: Total time for which application threads were stopped: 0.0041600 seconds, Stopping threads took: 0.0020370 seconds
166.963: Application time: 0.0766650 seconds
166.965: [GC [PSYoungGen: 89488K->8176K(96768K)] 103825K->22513K(317952K), 0.0025660 secs] [Times: user=0.02 sys=0.00, real=0.01 secs] 
166.968: Total time for which application threads were stopped: 0.0052080 seconds, Stopping threads took: 0.0025520 seconds
167.043: Application time: 0.0745140 seconds
167.045: [GC [PSYoungGen: 91120K->8336K(96768K)] 105457K->22681K(317952K), 0.0025090 secs] [Times: user=0.02 sys=0.00, real=0.00 secs] 
167.047: Total time for which application threads were stopped: 0.0044800 seconds, Stopping threads took: 0.0018860 seconds
167.124: Application time: 0.0768660 seconds
167.126: [GC [PSYoungGen: 91280K->6752K(96768K)] 105625K->21105K(317952K), 0.0020600 secs] [Times: user=0.01 sys=0.00, real=0.01 secs] 
167.128: Total time for which application threads were stopped: 0.0044340 seconds, Stopping threads took: 0.0022930 seconds
167.204: Application time: 0.0760710 seconds
167.207: [GC [PSYoungGen: 89696K->4880K(96768K)] 104049K->19233K(317952K), 0.0015190 secs] [Times: user=0.01 sys=0.00, real=0.01 secs] 
167.209: Total time for which application threads were stopped: 0.0040210 seconds, Stopping threads took: 0.0024240 seconds
167.286: Application time: 0.0779880 seconds
167.288: [GC [PSYoungGen: 87824K->5408K(96768K)] 102177K->19761K(317952K), 0.0016470 secs] [Times: user=0.01 sys=0.00, real=0.00 secs] 
167.289: Total time for which application threads were stopped: 0.0028880 seconds, Stopping threads took: 0.0011650 seconds
167.362: Application time: 0.0723690 seconds
167.363: [GC [PSYoungGen: 88352K->7808K(96768K)] 102705K->22161K(317952K), 0.0022850 secs] [Times: user=0.01 sys=0.00, real=0.00 secs] 
167.366: Total time for which application threads were stopped: 0.0040310 seconds, Stopping threads took: 0.0016640 seconds
167.439: Application time: 0.0731280 seconds
167.441: [GC [PSYoungGen: 90752K->7568K(96768K)] 105105K->21921K(317952K), 0.0022590 secs] [Times: user=0.01 sys=0.00, real=0.00 secs] 
167.444: Total time for which application threads were stopped: 0.0047270 seconds, Stopping threads took: 0.0023830 seconds
167.518: Application time: 0.0746730 seconds
167.521: [GC [PSYoungGen: 90512K->7408K(96768K)] 104865K->21769K(317952K), 0.0022080 secs] [Times: user=0.01 sys=0.00, real=0.00 secs] 
167.523: Total time for which application threads were stopped: 0.0045620 seconds, Stopping threads took: 0.0022640 seconds
167.607: Application time: 0.0842320 seconds
167.610: [GC [PSYoungGen: 90352K->6656K(96768K)] 104713K->21025K(317952K), 0.0019510 secs] [Times: user=0.02 sys=0.00, real=0.00 secs] 
167.612: Total time for which application threads were stopped: 0.0051170 seconds, Stopping threads took: 0.0030820 seconds
167.689: Application time: 0.0772300 seconds
167.691: [GC [PSYoungGen: 89600K->7344K(96768K)] 103969K->21713K(317952K), 0.0023000 secs] [Times: user=0.01 sys=0.00, real=0.00 secs] 
167.693: Total time for which application threads were stopped: 0.0035780 seconds, Stopping threads took: 0.0011960 seconds
167.775: Application time: 0.0822270 seconds
167.776: [GC [PSYoungGen: 90288K->5824K(96768K)] 104657K->20193K(317952K), 0.0017600 secs] [Times: user=0.01 sys=0.00, real=0.00 secs] 
167.778: Total time for which application threads were stopped: 0.0026000 seconds, Stopping threads took: 0.0007600 seconds
167.858: Application time: 0.0804190 seconds
167.861: [GC [PSYoungGen: 88768K->5504K(96768K)] 103137K->19873K(317952K), 0.0017860 secs] [Times: user=0.01 sys=0.00, real=0.00 secs] 
167.863: Total time for which application threads were stopped: 0.0045510 seconds, Stopping threads took: 0.0026800 seconds
167.943: Application time: 0.0801160 seconds
167.946: [GC [PSYoungGen: 88448K->8288K(96768K)] 102817K->22657K(317952K), 0.0025520 secs] [Times: user=0.02 sys=0.00, real=0.01 secs] 
167.949: Total time for which application threads were stopped: 0.0056360 seconds, Stopping threads took: 0.0029990 seconds
168.026: Application time: 0.0777580 seconds
168.028: [GC [PSYoungGen: 91232K->8304K(96768K)] 105601K->22681K(317952K), 0.0028200 secs] [Times: user=0.02 sys=0.00, real=0.00 secs] 
168.031: Total time for which application threads were stopped: 0.0046780 seconds, Stopping threads took: 0.0017680 seconds
168.110: Application time: 0.0786700 seconds
168.111: [GC [PSYoungGen: 91248K->7568K(96768K)] 105625K->21953K(317952K), 0.0023620 secs] [Times: user=0.02 sys=0.00, real=0.00 secs] 
168.114: Total time for which application threads were stopped: 0.0040860 seconds, Stopping threads took: 0.0016140 seconds
168.195: Application time: 0.0815890 seconds
168.197: [GC [PSYoungGen: 90512K->5792K(96768K)] 104897K->20185K(317952K), 0.0017560 secs] [Times: user=0.01 sys=0.00, real=0.00 secs] 
168.199: Total time for which application threads were stopped: 0.0036790 seconds, Stopping threads took: 0.0018410 seconds
168.286: Application time: 0.0864410 seconds
168.287: [GC [PSYoungGen: 88736K->4128K(96768K)] 103129K->18521K(317952K), 0.0012310 secs] [Times: user=0.00 sys=0.00, real=0.01 secs] 
168.288: Total time for which application threads were stopped: 0.0028480 seconds, Stopping threads took: 0.0015480 seconds
168.367: Application time: 0.0783550 seconds
168.368: [GC [PSYoungGen: 87072K->7024K(96768K)] 101465K->21417K(317952K), 0.0021800 secs] [Times: user=0.01 sys=0.00, real=0.00 secs] 
168.371: Total time for which application threads were stopped: 0.0039700 seconds, Stopping threads took: 0.0017060 seconds
168.450: Application time: 0.0797680 seconds
168.453: [GC [PSYoungGen: 89968K->7152K(96768K)] 104361K->21545K(317952K), 0.0023570 secs] [Times: user=0.02 sys=0.00, real=0.01 secs] 
168.456: Total time for which application threads were stopped: 0.0053460 seconds, Stopping threads took: 0.0028990 seconds
168.534: Application time: 0.0785860 seconds
168.536: [GC [PSYoungGen: 90096K->6752K(96768K)] 104489K->21153K(317952K), 0.0021790 secs] [Times: user=0.01 sys=0.00, real=0.00 secs] 
168.538: Total time for which application threads were stopped: 0.0036270 seconds, Stopping threads took: 0.0013330 seconds
168.620: Application time: 0.0815770 seconds
168.621: [GC [PSYoungGen: 89696K->6384K(96768K)] 104097K->20793K(317952K), 0.0020110 secs] [Times: user=0.02 sys=0.00, real=0.00 secs] 
168.623: Total time for which application threads were stopped: 0.0036260 seconds, Stopping threads took: 0.0015290 seconds
168.702: Application time: 0.0786500 seconds
168.704: [GC [PSYoungGen: 89328K->7056K(96768K)] 103737K->21473K(317952K), 0.0021070 secs] [Times: user=0.02 sys=0.00, real=0.00 secs] 
168.706: Total time for which application threads were stopped: 0.0044510 seconds, Stopping threads took: 0.0022630 seconds
168.788: Application time: 0.0817570 seconds
168.791: [GC [PSYoungGen: 90000K->6144K(96768K)] 104417K->20561K(317952K), 0.0019200 secs] [Times: user=0.01 sys=0.00, real=0.00 secs] 
168.793: Total time for which application threads were stopped: 0.0043890 seconds, Stopping threads took: 0.0023870 seconds
168.869: Application time: 0.0762410 seconds
168.871: [GC [PSYoungGen: 89088K->6816K(96768K)] 103505K->21233K(317952K), 0.0020420 secs] [Times: user=0.01 sys=0.00, real=0.00 secs] 
168.873: Total time for which application threads were stopped: 0.0046470 seconds, Stopping threads took: 0.0025070 seconds
168.956: Application time: 0.0830040 seconds
168.958: [GC [PSYoungGen: 89760K->6768K(96768K)] 104177K->21185K(317952K), 0.0020030 secs] [Times: user=0.01 sys=0.00, real=0.00 secs] 
168.960: Total time for which application threads were stopped: 0.0039980 seconds, Stopping threads took: 0.0019090 seconds
169.041: Application time: 0.0802440 seconds
169.042: [GC [PSYoungGen: 89712K->5360K(96768K)] 104129K->19785K(317952K), 0.0016940 secs] [Times: user=0.01 sys=0.00, real=0.00 secs] 
169.044: Total time for which application threads were stopped: 0.0031710 seconds, Stopping threads took: 0.0013890 seconds
169.127: Application time: 0.0835530 seconds
169.129: [GC [PSYoungGen: 88304K->6896K(96768K)] 102729K->21329K(317952K), 0.0020320 secs] [Times: user=0.02 sys=0.00, real=0.00 secs] 
169.131: Total time for which application threads were stopped: 0.0036700 seconds, Stopping threads took: 0.0015570 seconds
169.215: Application time: 0.0835490 seconds
169.216: [GC [PSYoungGen: 89840K->6528K(96768K)] 104273K->20969K(317952K), 0.0019420 secs] [Times: user=0.01 sys=0.00, real=0.00 secs] 
169.218: Total time for which application threads were stopped: 0.0036200 seconds, Stopping threads took: 0.0015940 seconds
169.299: Application time: 0.0805200 seconds
169.302: [GC [PSYoungGen: 89472K->7648K(96768K)] 103913K->22089K(317952K), 0.0024080 secs] [Times: user=0.02 sys=0.00, real=0.00 secs] 
169.304: Total time for which application threads were stopped: 0.0054520 seconds, Stopping threads took: 0.0029370 seconds
169.383: Application time: 0.0791640 seconds
169.386: [GC [PSYoungGen: 90592K->7696K(96768K)] 105033K->22137K(317952K), 0.0023260 secs] [Times: user=0.02 sys=0.00, real=0.01 secs] 
169.389: Total time for which application threads were stopped: 0.0053680 seconds, Stopping threads took: 0.0029600 seconds
169.470: Application time: 0.0817620 seconds
169.473: [GC [PSYoungGen: 90640K->6432K(96768K)] 105081K->20873K(317952K), 0.0018650 secs] [Times: user=0.01 sys=0.00, real=0.00 secs] 
169.474: Total time for which application threads were stopped: 0.0039080 seconds, Stopping threads took: 0.0019630 seconds
169.558: Application time: 0.0838240 seconds
169.561: [GC [PSYoungGen: 89376K->5392K(96768K)] 103817K->19833K(317952K), 0.0015740 secs] [Times: user=0.01 sys=0.00, real=0.00 secs] 
169.562: Total time for which application threads were stopped: 0.0040350 seconds, Stopping threads took: 0.0023750 seconds
169.646: Application time: 0.0837180 seconds
169.649: [GC [PSYoungGen: 88336K->6016K(96768K)] 102777K->20465K(317952K), 0.0017640 secs] [Times: user=0.01 sys=0.00, real=0.00 secs] 
169.651: Total time for which application threads were stopped: 0.0048950 seconds, Stopping threads took: 0.0030490 seconds
169.733: Application time: 0.0816070 seconds
169.734: [GC [PSYoungGen: 88960K->7008K(96768K)] 103409K->21465K(317952K), 0.0021600 secs] [Times: user=0.02 sys=0.00, real=0.01 secs] 
169.736: Total time for which application threads were stopped: 0.0039030 seconds, Stopping threads took: 0.0016600 seconds
169.817: Application time: 0.0805390 seconds
169.820: [GC [PSYoungGen: 89952K->7952K(96768K)] 104409K->22409K(317952K), 0.0023690 secs] [Times: user=0.01 sys=0.00, real=0.00 secs] 
169.822: Total time for which application threads were stopped: 0.0054320 seconds, Stopping threads took: 0.0029790 seconds
169.905: Application time: 0.0824160 seconds
169.907: [GC [PSYoungGen: 90896K->7008K(96768K)] 105353K->21465K(317952K), 0.0021650 secs] [Times: user=0.01 sys=0.00, real=0.01 secs] 
169.909: Total time for which application threads were stopped: 0.0045040 seconds, Stopping threads took: 0.0022480 seconds
169.992: Application time: 0.0824190 seconds
169.993: [GC [PSYoungGen: 89952K->6496K(96768K)] 104409K->20953K(317952K), 0.0023130 secs] [Times: user=0.01 sys=0.00, real=0.01 secs] 
169.996: Total time for which application threads were stopped: 0.0040700 seconds, Stopping threads took: 0.0016710 seconds
170.083: Application time: 0.0870380 seconds
170.083: [GC [PSYoungGen: 89440K->4416K(96768K)] 103897K->18873K(317952K), 0.0013890 secs] [Times: user=0.01 sys=0.00, real=0.00 secs] 
170.085: Total time for which application threads were stopped: 0.0016860 seconds, Stopping threads took: 0.0002160 seconds
170.171: Application time: 0.0865550 seconds
170.173: [GC [PSYoungGen: 87360K->5520K(96768K)] 101817K->19985K(317952K), 0.0016610 secs] [Times: user=0.01 sys=0.00, real=0.00 secs] 
170.174: Total time for which application threads were stopped: 0.0031900 seconds, Stopping threads took: 0.0014480 seconds
170.259: Application time: 0.0847200 seconds
170.262: [GC [PSYoungGen: 88464K->5632K(96768K)] 102929K->20105K(317952K), 0.0022870 secs] [Times: user=0.01 sys=0.00, real=0.00 secs] 
170.264: Total time for which application threads were stopped: 0.0053660 seconds, Stopping threads took: 0.0029950 seconds
170.345: Application time: 0.0805990 seconds
170.347: [GC [PSYoungGen: 88576K->7840K(96768K)] 103049K->22321K(317952K), 0.0024600 secs] [Times: user=0.02 sys=0.00, real=0.01 secs] 
170.350: Total time for which application threads were stopped: 0.0046740 seconds, Stopping threads took: 0.0021240 seconds
170.428: Application time: 0.0787090 seconds
170.431: [GC [PSYoungGen: 90784K->7744K(96768K)] 105265K->22225K(317952K), 0.0023300 secs] [Times: user=0.02 sys=0.00, real=0.00 secs] 
170.433: Total time for which application threads were stopped: 0.0050730 seconds, Stopping threads took: 0.0026540 seconds
170.515: Application time: 0.0816890 seconds
170.518: [GC [PSYoungGen: 90688K->5392K(96768K)] 105169K->19873K(317952K), 0.0017390 secs] [Times: user=0.01 sys=0.00, real=0.00 secs] 
170.520: Total time for which application threads were stopped: 0.0043910 seconds, Stopping threads took: 0.0025470 seconds
170.602: Application time: 0.0825000 seconds
170.605: [GC [PSYoungGen: 88336K->6000K(96768K)] 102817K->20481K(317952K), 0.0020260 secs] [Times: user=0.01 sys=0.00, real=0.00 secs] 
170.607: Total time for which application threads were stopped: 0.0051160 seconds, Stopping threads took: 0.0029850 seconds
170.691: Application time: 0.0843150 seconds
170.692: [GC [PSYoungGen: 88944K->4416K(96768K)] 103425K->18905K(317952K), 0.0015790 secs] [Times: user=0.01 sys=0.00, real=0.00 secs] 
170.693: Total time for which application threads were stopped: 0.0019350 seconds, Stopping threads took: 0.0002760 seconds
170.775: Application time: 0.0815000 seconds
170.778: [GC [PSYoungGen: 87360K->6208K(96768K)] 101849K->20705K(317952K), 0.0018010 secs] [Times: user=0.01 sys=0.00, real=0.00 secs] 
170.779: Total time for which application threads were stopped: 0.0044720 seconds, Stopping threads took: 0.0025880 seconds
170.863: Application time: 0.0831470 seconds
170.864: [GC [PSYoungGen: 89152K->7152K(96768K)] 103649K->21657K(317952K), 0.0021250 secs] [Times: user=0.01 sys=0.01, real=0.00 secs] 
170.866: Total time for which application threads were stopped: 0.0036650 seconds, Stopping threads took: 0.0014570 seconds
170.946: Application time: 0.0802010 seconds
170.949: [GC [PSYoungGen: 90096K->5168K(96768K)] 104601K->19673K(317952K), 0.0015920 secs] [Times: user=0.01 sys=0.00, real=0.00 secs] 
170.951: Total time for which application threads were stopped: 0.0041410 seconds, Stopping threads took: 0.0024700 seconds
171.029: Application time: 0.0779950 seconds
171.031: [GC [PSYoungGen: 88112K->7120K(96768K)] 102617K->21625K(317952K), 0.0021350 secs] [Times: user=0.02 sys=0.00, real=0.00 secs] 
171.033: Total time for which application threads were stopped: 0.0043000 seconds, Stopping threads took: 0.0020810 seconds
171.113: Application time: 0.0802080 seconds
171.115: [GC [PSYoungGen: 90064K->6192K(96768K)] 104569K->20697K(317952K), 0.0019850 secs] [Times: user=0.01 sys=0.00, real=0.00 secs] 
171.117: Total time for which application threads were stopped: 0.0042930 seconds, Stopping threads took: 0.0022110 seconds
171.194: Application time: 0.0763490 seconds
171.196: [GC [PSYoungGen: 89136K->7696K(96768K)] 103641K->22209K(317952K), 0.0023430 secs] [Times: user=0.01 sys=0.00, real=0.00 secs] 
171.199: Total time for which application threads were stopped: 0.0051770 seconds, Stopping threads took: 0.0027430 seconds
171.278: Application time: 0.0788150 seconds
171.281: [GC [PSYoungGen: 90640K->7376K(96768K)] 105153K->21897K(317952K), 0.0022070 secs] [Times: user=0.02 sys=0.00, real=0.00 secs] 
171.283: Total time for which application threads were stopped: 0.0051930 seconds, Stopping threads took: 0.0029040 seconds
171.363: Application time: 0.0799760 seconds
171.365: [GC [PSYoungGen: 90320K->6944K(96768K)] 104841K->21473K(317952K), 0.0020040 secs] [Times: user=0.01 sys=0.00, real=0.01 secs] 
171.367: Total time for which application threads were stopped: 0.0043830 seconds, Stopping threads took: 0.0022950 seconds
171.446: Application time: 0.0789120 seconds
171.448: [GC [PSYoungGen: 89888K->4880K(96768K)] 104417K->19409K(317952K), 0.0014450 secs] [Times: user=0.01 sys=0.00, real=0.00 secs] 
171.450: Total time for which application threads were stopped: 0.0036420 seconds, Stopping threads took: 0.0021190 seconds
171.528: Application time: 0.0779610 seconds
171.529: [GC [PSYoungGen: 87824K->6640K(96768K)] 102353K->21169K(317952K), 0.0020230 secs] [Times: user=0.02 sys=0.00, real=0.00 secs] 
171.531: Total time for which application threads were stopped: 0.0032820 seconds, Stopping threads took: 0.0011740 seconds
171.608: Application time: 0.0765420 seconds
171.610: [GC [PSYoungGen: 89584K->6448K(96768K)] 104113K->20977K(317952K), 0.0019570 secs] [Times: user=0.02 sys=0.00, real=0.00 secs] 
171.612: Total time for which application threads were stopped: 0.0042140 seconds, Stopping threads took: 0.0021770 seconds
171.691: Application time: 0.0796030 seconds
171.693: [GC [PSYoungGen: 89392K->4896K(96768K)] 103921K->19425K(317952K), 0.0014740 secs] [Times: user=0.01 sys=0.00, real=0.00 secs] 
171.695: Total time for which application threads were stopped: 0.0030990 seconds, Stopping threads took: 0.0015410 seconds
171.771: Application time: 0.0761740 seconds
171.772: [GC [PSYoungGen: 87840K->6096K(96768K)] 102369K->20633K(317952K), 0.0018430 secs] [Times: user=0.02 sys=0.00, real=0.00 secs] 
171.774: Total time for which application threads were stopped: 0.0034720 seconds, Stopping threads took: 0.0015280 seconds
171.850: Application time: 0.0758950 seconds
171.852: [GC [PSYoungGen: 89040K->7040K(96768K)] 103577K->21585K(317952K), 0.0021180 secs] [Times: user=0.02 sys=0.00, real=0.00 secs] 
171.854: Total time for which application threads were stopped: 0.0039750 seconds, Stopping threads took: 0.0017780 seconds
171.930: Application time: 0.0759650 seconds
171.933: [GC [PSYoungGen: 89984K->7120K(96768K)] 104529K->21665K(317952K), 0.0021220 secs] [Times: user=0.01 sys=0.00, real=0.00 secs] 
171.935: Total time for which application threads were stopped: 0.0048320 seconds, Stopping threads took: 0.0026260 seconds
172.012: Application time: 0.0775940 seconds
172.013: [GC [PSYoungGen: 90064K->5168K(96768K)] 104609K->19713K(317952K), 0.0015420 secs] [Times: user=0.01 sys=0.00, real=0.00 secs] 
172.015: Total time for which application threads were stopped: 0.0022150 seconds, Stopping threads took: 0.0005970 seconds
172.095: Application time: 0.0802710 seconds
172.097: [GC [PSYoungGen: 88112K->5488K(96768K)] 102657K->20033K(317952K), 0.0017030 secs] [Times: user=0.01 sys=0.00, real=0.00 secs] 
172.099: Total time for which application threads were stopped: 0.0038100 seconds, Stopping threads took: 0.0020300 seconds
172.176: Application time: 0.0772380 seconds
172.179: [GC [PSYoungGen: 88432K->6288K(96768K)] 102977K->20833K(317952K), 0.0018880 secs] [Times: user=0.01 sys=0.00, real=0.00 secs] 
172.181: Total time for which application threads were stopped: 0.0047410 seconds, Stopping threads took: 0.0027710 seconds
172.253: Application time: 0.0720230 seconds
172.255: [GC [PSYoungGen: 89232K->8096K(96768K)] 103777K->22649K(317952K), 0.0024340 secs] [Times: user=0.02 sys=0.00, real=0.01 secs] 
172.257: Total time for which application threads were stopped: 0.0043850 seconds, Stopping threads took: 0.0018610 seconds
172.333: Application time: 0.0763340 seconds
172.334: [GC [PSYoungGen: 91040K->4144K(96768K)] 105593K->18705K(317952K), 0.0012490 secs] [Times: user=0.01 sys=0.00, real=0.01 secs] 
172.335: Total time for which application threads were stopped: 0.0018580 seconds, Stopping threads took: 0.0005290 seconds
172.415: Application time: 0.0801480 seconds
172.417: [GC [PSYoungGen: 87088K->5120K(96768K)] 101649K->19689K(317952K), 0.0018120 secs] [Times: user=0.01 sys=0.00, real=0.00 secs] 
172.419: Total time for which application threads were stopped: 0.0036050 seconds, Stopping threads took: 0.0017130 seconds
172.496: Application time: 0.0765220 seconds
172.497: [GC [PSYoungGen: 88064K->7312K(96768K)] 102633K->21881K(317952K), 0.0022190 secs] [Times: user=0.01 sys=0.00, real=0.00 secs] 
172.500: Total time for which application threads were stopped: 0.0041430 seconds, Stopping threads took: 0.0018410 seconds
172.575: Application time: 0.0749540 seconds
172.576: [GC [PSYoungGen: 90256K->7104K(96768K)] 104825K->21673K(317952K), 0.0020800 secs] [Times: user=0.01 sys=0.00, real=0.00 secs] 
172.578: Total time for which application threads were stopped: 0.0036920 seconds, Stopping threads took: 0.0015300 seconds
172.655: Application time: 0.0770650 seconds
172.658: [GC [PSYoungGen: 90048K->7664K(96768K)] 104617K->22233K(317952K), 0.0022610 secs] [Times: user=0.01 sys=0.00, real=0.00 secs] 
172.660: Total time for which application threads were stopped: 0.0047150 seconds, Stopping threads took: 0.0023740 seconds
172.736: Application time: 0.0761610 seconds
172.739: [GC [PSYoungGen: 90608K->7280K(96768K)] 105177K->21857K(317952K), 0.0022000 secs] [Times: user=0.02 sys=0.00, real=0.00 secs] 
172.741: Total time for which application threads were stopped: 0.0044120 seconds, Stopping threads took: 0.0021330 seconds
172.813: Application time: 0.0726880 seconds
172.815: [GC [PSYoungGen: 90224K->6032K(96768K)] 104801K->20617K(317952K), 0.0017770 secs] [Times: user=0.01 sys=0.00, real=0.01 secs] 
172.817: Total time for which application threads were stopped: 0.0032670 seconds, Stopping threads took: 0.0013960 seconds
172.895: Application time: 0.0780680 seconds
172.898: [GC [PSYoungGen: 88976K->7440K(96768K)] 103561K->22033K(317952K), 0.0021850 secs] [Times: user=0.01 sys=0.00, real=0.00 secs] 
172.900: Total time for which application threads were stopped: 0.0052240 seconds, Stopping threads took: 0.0029600 seconds
172.980: Application time: 0.0795050 seconds
172.982: [GC [PSYoungGen: 90384K->7792K(96768K)] 104977K->22385K(317952K), 0.0023500 secs] [Times: user=0.02 sys=0.00, real=0.00 secs] 
172.984: Total time for which application threads were stopped: 0.0046440 seconds, Stopping threads took: 0.0022140 seconds
173.059: Application time: 0.0746080 seconds
173.061: [GC [PSYoungGen: 90736K->7632K(96768K)] 105329K->22225K(317952K), 0.0024960 secs] [Times: user=0.01 sys=0.00, real=0.00 secs] 
173.064: Total time for which application threads were stopped: 0.0049210 seconds, Stopping threads took: 0.0023420 seconds
173.140: Application time: 0.0762220 seconds
173.141: [GC [PSYoungGen: 90576K->6960K(96768K)] 105169K->21553K(317952K), 0.0020820 secs] [Times: user=0.01 sys=0.00, real=0.00 secs] 
173.143: Total time for which application threads were stopped: 0.0034550 seconds, Stopping threads took: 0.0012910 seconds
173.218: Application time: 0.0744610 seconds
173.220: [GC [PSYoungGen: 89904K->7856K(96768K)] 104497K->22457K(317952K), 0.0024360 secs] [Times: user=0.01 sys=0.00, real=0.00 secs] 
173.222: Total time for which application threads were stopped: 0.0044520 seconds, Stopping threads took: 0.0019350 seconds
173.298: Application time: 0.0755950 seconds
173.300: [GC [PSYoungGen: 90800K->7584K(96768K)] 105401K->22193K(317952K), 0.0022980 secs] [Times: user=0.01 sys=0.00, real=0.00 secs] 
173.302: Total time for which application threads were stopped: 0.0042190 seconds, Stopping threads took: 0.0018420 seconds
173.375: Application time: 0.0733420 seconds
173.378: [GC [PSYoungGen: 90528K->8256K(96768K)] 105137K->22873K(317952K), 0.0024640 secs] [Times: user=0.02 sys=0.00, real=0.00 secs] 
173.381: Total time for which application threads were stopped: 0.0053810 seconds, Stopping threads took: 0.0028150 seconds
173.457: Application time: 0.0762500 seconds
173.459: [GC [PSYoungGen: 91200K->5904K(96768K)] 105817K->20521K(317952K), 0.0018340 secs] [Times: user=0.00 sys=0.01, real=0.00 secs] 
173.461: Total time for which application threads were stopped: 0.0039370 seconds, Stopping threads took: 0.0020180 seconds
173.542: Application time: 0.0811600 seconds
173.543: [GC [PSYoungGen: 88848K->3920K(96768K)] 103465K->18537K(317952K), 0.0012710 secs] [Times: user=0.01 sys=0.00, real=0.00 secs] 
173.545: Total time for which application threads were stopped: 0.0025050 seconds, Stopping threads took: 0.0011640 seconds
173.628: Application time: 0.0830080 seconds
173.630: [GC [PSYoungGen: 86864K->4752K(96768K)] 101481K->19369K(317952K), 0.0014060 secs] [Times: user=0.01 sys=0.00, real=0.00 secs] 
173.631: Total time for which application threads were stopped: 0.0035960 seconds, Stopping threads took: 0.0021170 seconds
173.706: Application time: 0.0746060 seconds
173.709: [GC [PSYoungGen: 87696K->7712K(96768K)] 102313K->22337K(317952K), 0.0022500 secs] [Times: user=0.01 sys=0.00, real=0.00 secs] 
173.711: Total time for which application threads were stopped: 0.0049710 seconds, Stopping threads took: 0.0026340 seconds
173.785: Application time: 0.0739410 seconds
173.786: [GC [PSYoungGen: 90656K->7952K(96768K)] 105281K->22585K(317952K), 0.0024070 secs] [Times: user=0.01 sys=0.00, real=0.01 secs] 
173.789: Total time for which application threads were stopped: 0.0041040 seconds, Stopping threads took: 0.0016140 seconds
173.865: Application time: 0.0765380 seconds
173.868: [GC [PSYoungGen: 90896K->8192K(96768K)] 105529K->22833K(317952K), 0.0025370 secs] [Times: user=0.01 sys=0.00, real=0.00 secs] 
173.871: Total time for which application threads were stopped: 0.0050410 seconds, Stopping threads took: 0.0024240 seconds
173.945: Application time: 0.0746010 seconds
173.947: [GC [PSYoungGen: 91136K->7200K(96768K)] 105777K->21841K(317952K), 0.0022020 secs] [Times: user=0.02 sys=0.00, real=0.01 secs] 
173.949: Total time for which application threads were stopped: 0.0038680 seconds, Stopping threads took: 0.0015710 seconds
174.027: Application time: 0.0778060 seconds
174.029: [GC [PSYoungGen: 90144K->7312K(96768K)] 104785K->21953K(317952K), 0.0021480 secs] [Times: user=0.01 sys=0.00, real=0.00 secs] 
174.031: Total time for which application threads were stopped: 0.0044440 seconds, Stopping threads took: 0.0022150 seconds
174.104: Application time: 0.0729410 seconds
174.106: [GC [PSYoungGen: 90256K->8096K(96768K)] 104897K->22737K(317952K), 0.0023980 secs] [Times: user=0.01 sys=0.00, real=0.01 secs] 
174.108: Total time for which application threads were stopped: 0.0043040 seconds, Stopping threads took: 0.0018210 seconds
174.190: Application time: 0.0818070 seconds
174.190: [GC [PSYoungGen: 91040K->4224K(96768K)] 105681K->18865K(317952K), 0.0014000 secs] [Times: user=0.01 sys=0.00, real=0.00 secs] 
174.192: Total time for which application threads were stopped: 0.0015720 seconds, Stopping threads took: 0.0000970 seconds
174.273: Application time: 0.0807880 seconds
174.274: [GC [PSYoungGen: 87168K->5488K(96768K)] 101809K->20137K(317952K), 0.0015730 secs] [Times: user=0.01 sys=0.00, real=0.01 secs] 
174.276: Total time for which application threads were stopped: 0.0032420 seconds, Stopping threads took: 0.0015910 seconds
174.355: Application time: 0.0789670 seconds
174.358: [GC [PSYoungGen: 88432K->7760K(96768K)] 103081K->22417K(317952K), 0.0023450 secs] [Times: user=0.02 sys=0.00, real=0.00 secs] 
174.360: Total time for which application threads were stopped: 0.0052680 seconds, Stopping threads took: 0.0028400 seconds
174.436: Application time: 0.0762100 seconds
174.438: [GC [PSYoungGen: 90704K->7824K(96768K)] 105361K->22481K(317952K), 0.0023600 secs] [Times: user=0.01 sys=0.00, real=0.00 secs] 
174.440: Total time for which application threads were stopped: 0.0039380 seconds, Stopping threads took: 0.0014980 seconds
174.517: Application time: 0.0765180 seconds
174.519: [GC [PSYoungGen: 90768K->6720K(96768K)] 105425K->21377K(317952K), 0.0020860 secs] [Times: user=0.02 sys=0.00, real=0.00 secs] 
174.521: Total time for which application threads were stopped: 0.0041580 seconds, Stopping threads took: 0.0019820 seconds
174.593: Application time: 0.0717310 seconds
174.595: [GC [PSYoungGen: 89664K->7520K(96768K)] 104321K->22177K(317952K), 0.0022090 secs] [Times: user=0.02 sys=0.00, real=0.01 secs] 
174.597: Total time for which application threads were stopped: 0.0043150 seconds, Stopping threads took: 0.0020250 seconds
174.672: Application time: 0.0749290 seconds
174.674: [GC [PSYoungGen: 90464K->5856K(96768K)] 105121K->20513K(317952K), 0.0017870 secs] [Times: user=0.01 sys=0.00, real=0.01 secs] 
174.676: Total time for which application threads were stopped: 0.0039260 seconds, Stopping threads took: 0.0020570 seconds
174.753: Application time: 0.0770700 seconds
174.755: [GC [PSYoungGen: 88800K->7872K(96768K)] 103457K->22537K(317952K), 0.0023810 secs] [Times: user=0.01 sys=0.00, real=0.01 secs] 
174.757: Total time for which application threads were stopped: 0.0042090 seconds, Stopping threads took: 0.0017440 seconds
174.834: Application time: 0.0768720 seconds
174.836: [GC [PSYoungGen: 90816K->5824K(96768K)] 105481K->20497K(317952K), 0.0017380 secs] [Times: user=0.01 sys=0.00, real=0.00 secs] 
174.838: Total time for which application threads were stopped: 0.0041810 seconds, Stopping threads took: 0.0023650 seconds
174.915: Application time: 0.0763210 seconds
174.916: [GC [PSYoungGen: 88768K->5840K(96768K)] 103441K->20521K(317952K), 0.0017430 secs] [Times: user=0.02 sys=0.00, real=0.00 secs] 
174.918: Total time for which application threads were stopped: 0.0030280 seconds, Stopping threads took: 0.0012070 seconds
174.993: Application time: 0.0749500 seconds
174.994: [GC [PSYoungGen: 88784K->6992K(96768K)] 103465K->21673K(317952K), 0.0021240 secs] [Times: user=0.01 sys=0.00, real=0.01 secs] 
174.996: Total time for which application threads were stopped: 0.0034200 seconds, Stopping threads took: 0.0012150 seconds
175.072: Application time: 0.0762250 seconds
175.075: [GC [PSYoungGen: 89936K->7936K(96768K)] 104617K->22617K(317952K), 0.0024020 secs] [Times: user=0.02 sys=0.00, real=0.01 secs] 
175.077: Total time for which application threads were stopped: 0.0049210 seconds, Stopping threads took: 0.0024240 seconds
175.153: Application time: 0.0757310 seconds
175.155: [GC [PSYoungGen: 90880K->7712K(96768K)] 105561K->22393K(317952K), 0.0022880 secs] [Times: user=0.01 sys=0.00, real=0.01 secs] 
175.157: Total time for which application threads were stopped: 0.0045390 seconds, Stopping threads took: 0.0021680 seconds
175.232: Application time: 0.0744700 seconds
175.234: [GC [PSYoungGen: 90656K->6672K(96768K)] 105337K->21361K(317952K), 0.0020010 secs] [Times: user=0.01 sys=0.00, real=0.01 secs] 
175.236: Total time for which application threads were stopped: 0.0042050 seconds, Stopping threads took: 0.0021200 seconds
175.313: Application time: 0.0771900 seconds
175.315: [GC [PSYoungGen: 89616K->5968K(96768K)] 104305K->20665K(317952K), 0.0017360 secs] [Times: user=0.01 sys=0.00, real=0.01 secs] 
175.317: Total time for which application threads were stopped: 0.0035280 seconds, Stopping threads took: 0.0017140 seconds
175.394: Application time: 0.0770040 seconds
175.396: [GC [PSYoungGen: 88912K->6944K(96768K)] 103609K->21649K(317952K), 0.0020100 secs] [Times: user=0.01 sys=0.00, real=0.00 secs] 
175.399: Total time for which application threads were stopped: 0.0047220 seconds, Stopping threads took: 0.0026330 seconds
175.475: Application time: 0.0762650 seconds
175.477: [GC [PSYoungGen: 89888K->6016K(96768K)] 104593K->20721K(317952K), 0.0018370 secs] [Times: user=0.01 sys=0.00, real=0.00 secs] 
175.479: Total time for which application threads were stopped: 0.0043470 seconds, Stopping threads took: 0.0024120 seconds
175.558: Application time: 0.0784440 seconds
175.560: [GC [PSYoungGen: 88960K->6928K(96768K)] 103665K->21633K(317952K), 0.0021570 secs] [Times: user=0.01 sys=0.00, real=0.00 secs] 
175.562: Total time for which application threads were stopped: 0.0048070 seconds, Stopping threads took: 0.0025680 seconds
175.644: Application time: 0.0811800 seconds
175.645: [GC [PSYoungGen: 89872K->6640K(96768K)] 104577K->21345K(317952K), 0.0021400 secs] [Times: user=0.01 sys=0.00, real=0.01 secs] 
175.647: Total time for which application threads were stopped: 0.0037130 seconds, Stopping threads took: 0.0014820 seconds
175.727: Application time: 0.0802280 seconds
175.730: [GC [PSYoungGen: 89584K->6848K(96768K)] 104289K->21561K(317952K), 0.0022400 secs] [Times: user=0.01 sys=0.00, real=0.00 secs] 
175.732: Total time for which application threads were stopped: 0.0048650 seconds, Stopping threads took: 0.0025400 seconds
175.816: Application time: 0.0837780 seconds
175.819: [GC [PSYoungGen: 89791K->5024K(96768K)] 104505K->19737K(317952K), 0.0016240 secs] [Times: user=0.01 sys=0.00, real=0.00 secs] 
175.820: Total time for which application threads were stopped: 0.0042920 seconds, Stopping threads took: 0.0025650 seconds
175.903: Application time: 0.0824710 seconds
175.906: [GC [PSYoungGen: 87968K->7152K(96768K)] 102681K->21873K(317952K), 0.0022170 secs] [Times: user=0.02 sys=0.00, real=0.01 secs] 
175.908: Total time for which application threads were stopped: 0.0051220 seconds, Stopping threads took: 0.0028180 seconds
175.988: Application time: 0.0799430 seconds
175.990: [GC [PSYoungGen: 90096K->7632K(96768K)] 104817K->22353K(317952K), 0.0022750 secs] [Times: user=0.01 sys=0.00, real=0.00 secs] 
175.993: Total time for which application threads were stopped: 0.0047220 seconds, Stopping threads took: 0.0023600 seconds
176.073: Application time: 0.0805890 seconds
176.075: [GC [PSYoungGen: 90576K->6720K(96768K)] 105297K->21441K(317952K), 0.0021240 secs] [Times: user=0.01 sys=0.00, real=0.01 secs] 
176.077: Total time for which application threads were stopped: 0.0036670 seconds, Stopping threads took: 0.0014590 seconds
176.155: Application time: 0.0783090 seconds
176.158: [GC [PSYoungGen: 89664K->8416K(96768K)] 104385K->23137K(317952K), 0.0025090 secs] [Times: user=0.01 sys=0.00, real=0.00 secs] 
176.160: Total time for which application threads were stopped: 0.0048970 seconds, Stopping threads took: 0.0022960 seconds
176.240: Application time: 0.0801900 seconds
176.242: [GC [PSYoungGen: 91360K->8144K(96768K)] 106081K->22865K(317952K), 0.0024440 secs] [Times: user=0.02 sys=0.00, real=0.00 secs] 
176.245: Total time for which application threads were stopped: 0.0042070 seconds, Stopping threads took: 0.0016720 seconds
176.324: Application time: 0.0797080 seconds
176.327: [GC [PSYoungGen: 91088K->6784K(96768K)] 105809K->21521K(317952K), 0.0021100 secs] [Times: user=0.01 sys=0.00, real=0.00 secs] 
176.329: Total time for which application threads were stopped: 0.0050940 seconds, Stopping threads took: 0.0029020 seconds
176.409: Application time: 0.0793210 seconds
176.411: [GC [PSYoungGen: 89728K->5856K(96768K)] 104465K->20601K(317952K), 0.0017720 secs] [Times: user=0.01 sys=0.00, real=0.00 secs] 
176.413: Total time for which application threads were stopped: 0.0042290 seconds, Stopping threads took: 0.0023720 seconds
176.492: Application time: 0.0794610 seconds
176.495: [GC [PSYoungGen: 88800K->6432K(96768K)] 103545K->21185K(317952K), 0.0020120 secs] [Times: user=0.02 sys=0.00, real=0.00 secs] 
176.497: Total time for which application threads were stopped: 0.0049060 seconds, Stopping threads took: 0.0028100 seconds
176.578: Application time: 0.0808630 seconds
176.580: [GC [PSYoungGen: 89376K->6656K(96768K)] 104129K->21409K(317952K), 0.0020800 secs] [Times: user=0.01 sys=0.00, real=0.00 secs] 
176.582: Total time for which application threads were stopped: 0.0041300 seconds, Stopping threads took: 0.0019670 seconds
176.665: Application time: 0.0824970 seconds
176.666: [GC [PSYoungGen: 89600K->5600K(96768K)] 104353K->20353K(317952K), 0.0016850 secs] [Times: user=0.01 sys=0.00, real=0.01 secs] 
176.668: Total time for which application threads were stopped: 0.0031170 seconds, Stopping threads took: 0.0013330 seconds
176.748: Application time: 0.0798910 seconds
176.750: [GC [PSYoungGen: 88544K->7584K(96768K)] 103297K->22337K(317952K), 0.0024090 secs] [Times: user=0.01 sys=0.00, real=0.00 secs] 
176.752: Total time for which application threads were stopped: 0.0045610 seconds, Stopping threads took: 0.0020690 seconds
176.832: Application time: 0.0793620 seconds
176.833: [GC [PSYoungGen: 90528K->5856K(96768K)] 105281K->20617K(317952K), 0.0017880 secs] [Times: user=0.01 sys=0.00, real=0.01 secs] 
176.835: Total time for which application threads were stopped: 0.0035580 seconds, Stopping threads took: 0.0016850 seconds
176.914: Application time: 0.0791920 seconds
176.917: [GC [PSYoungGen: 88800K->7312K(96768K)] 103561K->22081K(317952K), 0.0022000 secs] [Times: user=0.02 sys=0.00, real=0.00 secs] 
176.920: Total time for which application threads were stopped: 0.0051810 seconds, Stopping threads took: 0.0028980 seconds
177.003: Application time: 0.0837280 seconds
177.006: [GC [PSYoungGen: 90256K->8176K(96768K)] 105025K->22953K(317952K), 0.0025560 secs] [Times: user=0.02 sys=0.00, real=0.01 secs] 
177.009: Total time for which application threads were stopped: 0.0053850 seconds, Stopping threads took: 0.0027390 seconds
177.086: Application time: 0.0773150 seconds
177.088: [GC [PSYoungGen: 91120K->7312K(96768K)] 105897K->22089K(317952K), 0.0021890 secs] [Times: user=0.02 sys=0.00, real=0.00 secs] 
177.090: Total time for which application threads were stopped: 0.0042770 seconds, Stopping threads took: 0.0019840 seconds
177.169: Application time: 0.0789240 seconds
177.172: [GC [PSYoungGen: 90256K->6960K(96768K)] 105033K->21737K(317952K), 0.0021480 secs] [Times: user=0.01 sys=0.00, real=0.00 secs] 
177.174: Total time for which application threads were stopped: 0.0049380 seconds, Stopping threads took: 0.0026800 seconds
177.252: Application time: 0.0779460 seconds
177.254: [GC [PSYoungGen: 89904K->5936K(96768K)] 104681K->20713K(317952K), 0.0017780 secs] [Times: user=0.01 sys=0.00, real=0.01 secs] 
177.256: Total time for which application threads were stopped: 0.0035760 seconds, Stopping threads took: 0.0017150 seconds
177.338: Application time: 0.0818130 seconds
177.340: [GC [PSYoungGen: 88880K->6880K(96768K)] 103657K->21665K(317952K), 0.0020810 secs] [Times: user=0.02 sys=0.00, real=0.00 secs] 
177.343: Total time for which application threads were stopped: 0.0049530 seconds, Stopping threads took: 0.0027880 seconds
177.421: Application time: 0.0782650 seconds
177.424: [GC [PSYoungGen: 89824K->8080K(96768K)] 104609K->22873K(317952K), 0.0024830 secs] [Times: user=0.02 sys=0.00, real=0.00 secs] 
177.426: Total time for which application threads were stopped: 0.0052470 seconds, Stopping threads took: 0.0026830 seconds
177.507: Application time: 0.0813540 seconds
177.510: [GC [PSYoungGen: 91024K->5936K(96768K)] 105817K->20737K(317952K), 0.0017850 secs] [Times: user=0.01 sys=0.00, real=0.00 secs] 
177.512: Total time for which application threads were stopped: 0.0044240 seconds, Stopping threads took: 0.0025540 seconds
177.590: Application time: 0.0782860 seconds
177.592: [GC [PSYoungGen: 88880K->6944K(96768K)] 103681K->21745K(317952K), 0.0020450 secs] [Times: user=0.01 sys=0.00, real=0.00 secs] 
177.594: Total time for which application threads were stopped: 0.0042660 seconds, Stopping threads took: 0.0021350 seconds
177.674: Application time: 0.0796500 seconds
177.676: [GC [PSYoungGen: 89888K->7216K(96768K)] 104689K->22017K(317952K), 0.0021470 secs] [Times: user=0.01 sys=0.00, real=0.00 secs] 
177.678: Total time for which application threads were stopped: 0.0042500 seconds, Stopping threads took: 0.0020120 seconds
177.759: Application time: 0.0809850 seconds
177.762: [GC [PSYoungGen: 90160K->5936K(96768K)] 104961K->20737K(317952K), 0.0017670 secs] [Times: user=0.00 sys=0.01, real=0.00 secs] 
177.763: Total time for which application threads were stopped: 0.0041800 seconds, Stopping threads took: 0.0023290 seconds
177.845: Application time: 0.0816340 seconds
177.846: [GC [PSYoungGen: 88880K->5520K(96768K)] 103681K->20321K(317952K), 0.0018320 secs] [Times: user=0.01 sys=0.00, real=0.01 secs] 
177.848: Total time for which application threads were stopped: 0.0024910 seconds, Stopping threads took: 0.0005780 seconds
177.928: Application time: 0.0801140 seconds
177.929: [GC [PSYoungGen: 88464K->6192K(96768K)] 103265K->21001K(317952K), 0.0018780 secs] [Times: user=0.01 sys=0.00, real=0.00 secs] 
177.931: Total time for which application threads were stopped: 0.0033140 seconds, Stopping threads took: 0.0013540 seconds
178.013: Application time: 0.0815470 seconds
178.015: [GC [PSYoungGen: 89136K->6768K(96768K)] 103945K->21593K(317952K), 0.0021250 secs] [Times: user=0.01 sys=0.00, real=0.01 secs] 
178.017: Total time for which application threads were stopped: 0.0041110 seconds, Stopping threads took: 0.0019060 seconds
178.098: Application time: 0.0812580 seconds
178.100: [GC [PSYoungGen: 89712K->5584K(96768K)] 104537K->20409K(317952K), 0.0017660 secs] [Times: user=0.01 sys=0.00, real=0.00 secs] 
178.101: Total time for which application threads were stopped: 0.0033620 seconds, Stopping threads took: 0.0015020 seconds
178.186: Application time: 0.0848130 seconds
178.188: [GC [PSYoungGen: 88528K->5696K(96768K)] 103353K->20521K(317952K), 0.0017540 secs] [Times: user=0.02 sys=0.00, real=0.00 secs] 
178.190: Total time for which application threads were stopped: 0.0034080 seconds, Stopping threads took: 0.0015670 seconds
178.270: Application time: 0.0804700 seconds
178.272: [GC [PSYoungGen: 88640K->5664K(96768K)] 103465K->20489K(317952K), 0.0017630 secs] [Times: user=0.01 sys=0.00, real=0.00 secs] 
178.274: Total time for which application threads were stopped: 0.0039190 seconds, Stopping threads took: 0.0020740 seconds
178.352: Application time: 0.0775680 seconds
178.355: [GC [PSYoungGen: 88608K->7712K(96768K)] 103433K->22537K(317952K), 0.0023230 secs] [Times: user=0.02 sys=0.00, real=0.01 secs] 
178.357: Total time for which application threads were stopped: 0.0055670 seconds, Stopping threads took: 0.0031590 seconds
178.439: Application time: 0.0820540 seconds
178.443: [GC [PSYoungGen: 90656K->5664K(96768K)] 105481K->20505K(317952K), 0.0016340 secs] [Times: user=0.01 sys=0.00, real=0.00 secs] 
178.444: Total time for which application threads were stopped: 0.0050660 seconds, Stopping threads took: 0.0033450 seconds
178.524: Application time: 0.0795760 seconds
178.526: [GC [PSYoungGen: 88608K->7696K(96768K)] 103449K->22545K(317952K), 0.0023150 secs] [Times: user=0.02 sys=0.00, real=0.01 secs] 
178.528: Total time for which application threads were stopped: 0.0045890 seconds, Stopping threads took: 0.0021900 seconds
178.611: Application time: 0.0825210 seconds
178.613: [GC [PSYoungGen: 90640K->4896K(96768K)] 105489K->19745K(317952K), 0.0014710 secs] [Times: user=0.01 sys=0.00, real=0.00 secs] 
178.614: Total time for which application threads were stopped: 0.0031320 seconds, Stopping threads took: 0.0015820 seconds
178.695: Application time: 0.0805770 seconds
178.697: [GC [PSYoungGen: 87840K->6480K(96768K)] 102689K->21329K(317952K), 0.0019650 secs] [Times: user=0.02 sys=0.00, real=0.00 secs] 
178.699: Total time for which application threads were stopped: 0.0040600 seconds, Stopping threads took: 0.0020070 seconds
178.784: Application time: 0.0855870 seconds
178.786: [GC [PSYoungGen: 89424K->4496K(96768K)] 104273K->19345K(317952K), 0.0013650 secs] [Times: user=0.01 sys=0.00, real=0.01 secs] 
178.787: Total time for which application threads were stopped: 0.0030960 seconds, Stopping threads took: 0.0016610 seconds
178.871: Application time: 0.0834850 seconds
178.872: [GC [PSYoungGen: 87440K->5472K(96768K)] 102289K->20321K(317952K), 0.0016840 secs] [Times: user=0.01 sys=0.00, real=0.00 secs] 
178.874: Total time for which application threads were stopped: 0.0027470 seconds, Stopping threads took: 0.0009840 seconds
178.958: Application time: 0.0848430 seconds
178.961: [GC [PSYoungGen: 88416K->6272K(96768K)] 103265K->21129K(317952K), 0.0018780 secs] [Times: user=0.01 sys=0.01, real=0.00 secs] 
178.963: Total time for which application threads were stopped: 0.0049540 seconds, Stopping threads took: 0.0029810 seconds
179.043: Application time: 0.0793490 seconds
179.045: [GC [PSYoungGen: 89216K->6992K(96768K)] 104073K->21865K(317952K), 0.0022120 secs] [Times: user=0.01 sys=0.00, real=0.00 secs] 
179.047: Total time for which application threads were stopped: 0.0040640 seconds, Stopping threads took: 0.0017710 seconds
179.128: Application time: 0.0812400 seconds
179.130: [GC [PSYoungGen: 89936K->6048K(96768K)] 104809K->20929K(317952K), 0.0018080 secs] [Times: user=0.01 sys=0.00, real=0.00 secs] 
179.132: Total time for which application threads were stopped: 0.0038130 seconds, Stopping threads took: 0.0019260 seconds
179.215: Application time: 0.0833050 seconds
179.218: [GC [PSYoungGen: 88992K->6592K(96768K)] 103873K->21473K(317952K), 0.0021160 secs] [Times: user=0.01 sys=0.00, real=0.00 secs] 
179.220: Total time for which application threads were stopped: 0.0048580 seconds, Stopping threads took: 0.0026420 seconds
179.297: Application time: 0.0769460 seconds
179.299: [GC [PSYoungGen: 89536K->5920K(96768K)] 104417K->20801K(317952K), 0.0017860 secs] [Times: user=0.01 sys=0.00, real=0.00 secs] 
179.301: Total time for which application threads were stopped: 0.0040380 seconds, Stopping threads took: 0.0021700 seconds
179.380: Application time: 0.0791450 seconds
179.383: [GC [PSYoungGen: 88864K->7952K(96768K)] 103745K->22833K(317952K), 0.0024170 secs] [Times: user=0.02 sys=0.00, real=0.00 secs] 
179.385: Total time for which application threads were stopped: 0.0050510 seconds, Stopping threads took: 0.0025490 seconds
179.470: Application time: 0.0846760 seconds
179.472: [GC [PSYoungGen: 90896K->5856K(96768K)] 105777K->20737K(317952K), 0.0017990 secs] [Times: user=0.01 sys=0.00, real=0.00 secs] 
179.473: Total time for which application threads were stopped: 0.0034240 seconds, Stopping threads took: 0.0015420 seconds
179.552: Application time: 0.0783360 seconds
179.554: [GC [PSYoungGen: 88800K->6224K(96768K)] 103681K->21113K(317952K), 0.0018150 secs] [Times: user=0.01 sys=0.00, real=0.01 secs] 
179.556: Total time for which application threads were stopped: 0.0041530 seconds, Stopping threads took: 0.0022600 seconds
179.636: Application time: 0.0801010 seconds
179.639: [GC [PSYoungGen: 89168K->4720K(96768K)] 104057K->19617K(317952K), 0.0014260 secs] [Times: user=0.01 sys=0.00, real=0.00 secs] 
179.640: Total time for which application threads were stopped: 0.0041420 seconds, Stopping threads took: 0.0026420 seconds
179.716: Application time: 0.0754170 seconds
179.718: [GC [PSYoungGen: 87664K->7072K(96768K)] 102561K->21969K(317952K), 0.0020700 secs] [Times: user=0.01 sys=0.00, real=0.00 secs] 
179.720: Total time for which application threads were stopped: 0.0047010 seconds, Stopping threads took: 0.0025480 seconds
179.797: Application time: 0.0764060 seconds
179.799: [GC [PSYoungGen: 90016K->5152K(96768K)] 104913K->20049K(317952K), 0.0015270 secs] [Times: user=0.01 sys=0.01, real=0.00 secs] 
179.801: Total time for which application threads were stopped: 0.0040200 seconds, Stopping threads took: 0.0024050 seconds
179.878: Application time: 0.0772700 seconds
179.880: [GC [PSYoungGen: 88096K->7856K(96768K)] 102993K->22753K(317952K), 0.0024240 secs] [Times: user=0.02 sys=0.00, real=0.00 secs] 
179.882: Total time for which application threads were stopped: 0.0043090 seconds, Stopping threads took: 0.0017840 seconds
179.955: Application time: 0.0731570 seconds
179.957: [GC [PSYoungGen: 90800K->7616K(96768K)] 105697K->22513K(317952K), 0.0022870 secs] [Times: user=0.01 sys=0.00, real=0.00 secs] 
179.959: Total time for which application threads were stopped: 0.0039810 seconds, Stopping threads took: 0.0016120 seconds
180.035: Application time: 0.0754610 seconds
180.036: [GC [PSYoungGen: 90560K->7104K(96768K)] 105457K->22009K(317952K), 0.0021600 secs] [Times: user=0.02 sys=0.00, real=0.00 secs] 
180.039: Total time for which application threads were stopped: 0.0036730 seconds, Stopping threads took: 0.0014340 seconds
180.114: Application time: 0.0758420 seconds
180.116: [GC [PSYoungGen: 90048K->5760K(96768K)] 104953K->20673K(317952K), 0.0016720 secs] [Times: user=0.01 sys=0.00, real=0.00 secs] 
180.118: Total time for which application threads were stopped: 0.0032650 seconds, Stopping threads took: 0.0015150 seconds
180.194: Application time: 0.0763420 seconds
180.196: [GC [PSYoungGen: 88704K->4960K(96768K)] 103617K->19873K(317952K), 0.0014830 secs] [Times: user=0.01 sys=0.00, real=0.00 secs] 
180.198: Total time for which application threads were stopped: 0.0036520 seconds, Stopping threads took: 0.0020900 seconds
180.276: Application time: 0.0779500 seconds
180.277: [GC [PSYoungGen: 87904K->4496K(96768K)] 102817K->19409K(317952K), 0.0014380 secs] [Times: user=0.01 sys=0.00, real=0.00 secs] 
180.278: Total time for which application threads were stopped: 0.0028790 seconds, Stopping threads took: 0.0013670 seconds
180.352: Application time: 0.0731810 seconds
180.353: [GC [PSYoungGen: 87440K->6000K(96768K)] 102353K->20913K(317952K), 0.0017530 secs] [Times: user=0.00 sys=0.01, real=0.01 secs] 
180.355: Total time for which application threads were stopped: 0.0035450 seconds, Stopping threads took: 0.0016890 seconds
180.432: Application time: 0.0771080 seconds
180.434: [GC [PSYoungGen: 88944K->6144K(96768K)] 103857K->21057K(317952K), 0.0018800 secs] [Times: user=0.01 sys=0.00, real=0.01 secs] 
180.436: Total time for which application threads were stopped: 0.0037360 seconds, Stopping threads took: 0.0017750 seconds
180.515: Application time: 0.0793370 seconds
180.517: [GC [PSYoungGen: 89088K->5184K(96768K)] 104001K->20105K(317952K), 0.0015210 secs] [Times: user=0.01 sys=0.00, real=0.00 secs] 
180.519: Total time for which application threads were stopped: 0.0035470 seconds, Stopping threads took: 0.0019540 seconds
180.601: Application time: 0.0821020 seconds
180.603: [GC [PSYoungGen: 88128K->4256K(96768K)] 103049K->19185K(317952K), 0.0012660 secs] [Times: user=0.01 sys=0.00, real=0.00 secs] 
180.604: Total time for which application threads were stopped: 0.0027680 seconds, Stopping threads took: 0.0014330 seconds
180.682: Application time: 0.0780860 seconds
180.685: [GC [PSYoungGen: 87200K->6464K(96768K)] 102129K->21393K(317952K), 0.0019010 secs] [Times: user=0.01 sys=0.00, real=0.00 secs] 
180.687: Total time for which application threads were stopped: 0.0046080 seconds, Stopping threads took: 0.0026210 seconds
180.759: Application time: 0.0721440 seconds
180.761: [GC [PSYoungGen: 89408K->8384K(96768K)] 104337K->23313K(317952K), 0.0024330 secs] [Times: user=0.01 sys=0.00, real=0.00 secs] 
180.763: Total time for which application threads were stopped: 0.0045070 seconds, Stopping threads took: 0.0019800 seconds
180.839: Application time: 0.0759130 seconds
180.842: [GC [PSYoungGen: 91328K->7248K(96768K)] 106257K->22177K(317952K), 0.0022220 secs] [Times: user=0.01 sys=0.00, real=0.00 secs] 
180.844: Total time for which application threads were stopped: 0.0053890 seconds, Stopping threads took: 0.0030610 seconds
180.921: Application time: 0.0764370 seconds
180.922: [GC [PSYoungGen: 90192K->6096K(96768K)] 105121K->21025K(317952K), 0.0020020 secs] [Times: user=0.01 sys=0.00, real=0.00 secs] 
180.924: Total time for which application threads were stopped: 0.0032820 seconds, Stopping threads took: 0.0011910 seconds
180.996: Application time: 0.0719430 seconds
180.998: [GC [PSYoungGen: 89040K->6976K(96768K)] 103969K->21913K(317952K), 0.0020600 secs] [Times: user=0.01 sys=0.00, real=0.00 secs] 
181.000: Total time for which application threads were stopped: 0.0042170 seconds, Stopping threads took: 0.0020760 seconds
181.075: Application time: 0.0746720 seconds
181.077: [GC [PSYoungGen: 89920K->6384K(96768K)] 104857K->21329K(317952K), 0.0019090 secs] [Times: user=0.01 sys=0.00, real=0.00 secs] 
181.079: Total time for which application threads were stopped: 0.0034890 seconds, Stopping threads took: 0.0014940 seconds
181.159: Application time: 0.0809440 seconds
181.161: [GC [PSYoungGen: 89328K->4160K(96768K)] 104273K->19105K(317952K), 0.0012590 secs] [Times: user=0.01 sys=0.00, real=0.00 secs] 
181.162: Total time for which application threads were stopped: 0.0026760 seconds, Stopping threads took: 0.0013370 seconds
181.243: Application time: 0.0812200 seconds
181.245: [GC [PSYoungGen: 87104K->5840K(96768K)] 102049K->20785K(317952K), 0.0018090 secs] [Times: user=0.01 sys=0.00, real=0.00 secs] 
181.247: Total time for which application threads were stopped: 0.0034440 seconds, Stopping threads took: 0.0015530 seconds
181.328: Application time: 0.0809830 seconds
181.330: [GC [PSYoungGen: 88784K->7200K(96768K)] 103729K->22145K(317952K), 0.0021110 secs] [Times: user=0.02 sys=0.00, real=0.00 secs] 
181.332: Total time for which application threads were stopped: 0.0040390 seconds, Stopping threads took: 0.0018470 seconds
181.408: Application time: 0.0757910 seconds
181.409: [GC [PSYoungGen: 90144K->5968K(96768K)] 105089K->20913K(317952K), 0.0018830 secs] [Times: user=0.01 sys=0.00, real=0.00 secs] 
181.411: Total time for which application threads were stopped: 0.0036230 seconds, Stopping threads took: 0.0016570 seconds
181.485: Application time: 0.0734390 seconds
181.487: [GC [PSYoungGen: 88912K->6944K(96768K)] 103857K->21889K(317952K), 0.0020590 secs] [Times: user=0.01 sys=0.00, real=0.01 secs] 
181.489: Total time for which application threads were stopped: 0.0045260 seconds, Stopping threads took: 0.0023800 seconds
181.563: Application time: 0.0739470 seconds
181.566: [GC [PSYoungGen: 89888K->7248K(96768K)] 104833K->22201K(317952K), 0.0021760 secs] [Times: user=0.01 sys=0.00, real=0.01 secs] 
181.568: Total time for which application threads were stopped: 0.0048500 seconds, Stopping threads took: 0.0025940 seconds
181.642: Application time: 0.0741610 seconds
181.645: [GC [PSYoungGen: 90192K->6880K(96768K)] 105145K->21841K(317952K), 0.0020310 secs] [Times: user=0.01 sys=0.00, real=0.00 secs] 
181.647: Total time for which application threads were stopped: 0.0047340 seconds, Stopping threads took: 0.0026220 seconds
181.720: Application time: 0.0730810 seconds
181.723: [GC [PSYoungGen: 89824K->7904K(96768K)] 104785K->22865K(317952K), 0.0023560 secs] [Times: user=0.01 sys=0.00, real=0.00 secs] 
181.725: Total time for which application threads were stopped: 0.0049320 seconds, Stopping threads took: 0.0024950 seconds
181.801: Application time: 0.0765160 seconds
181.804: [GC [PSYoungGen: 90848K->7728K(96768K)] 105809K->22689K(317952K), 0.0022720 secs] [Times: user=0.02 sys=0.00, real=0.00 secs] 
181.806: Total time for which application threads were stopped: 0.0045900 seconds, Stopping threads took: 0.0022390 seconds
181.881: Application time: 0.0750020 seconds
181.884: [GC [PSYoungGen: 90672K->8128K(96768K)] 105633K->23089K(317952K), 0.0025600 secs] [Times: user=0.01 sys=0.00, real=0.00 secs] 
181.886: Total time for which application threads were stopped: 0.0050810 seconds, Stopping threads took: 0.0024410 seconds
181.965: Application time: 0.0789140 seconds
181.966: [GC [PSYoungGen: 91072K->6768K(96768K)] 106033K->21729K(317952K), 0.0021450 secs] [Times: user=0.01 sys=0.00, real=0.01 secs] 
181.969: Total time for which application threads were stopped: 0.0036240 seconds, Stopping threads took: 0.0013970 seconds
182.049: Application time: 0.0804270 seconds
182.051: [GC [PSYoungGen: 89712K->5840K(96768K)] 104673K->20809K(317952K), 0.0017590 secs] [Times: user=0.01 sys=0.00, real=0.00 secs] 
182.053: Total time for which application threads were stopped: 0.0037820 seconds, Stopping threads took: 0.0019330 seconds
182.130: Application time: 0.0772310 seconds
182.132: [GC [PSYoungGen: 88784K->7280K(96768K)] 103753K->22257K(317952K), 0.0021870 secs] [Times: user=0.02 sys=0.00, real=0.00 secs] 
182.134: Total time for which application threads were stopped: 0.0038820 seconds, Stopping threads took: 0.0016120 seconds
182.210: Application time: 0.0760960 seconds
182.212: [GC [PSYoungGen: 90224K->5920K(96768K)] 105201K->20897K(317952K), 0.0019030 secs] [Times: user=0.01 sys=0.00, real=0.00 secs] 
182.214: Total time for which application threads were stopped: 0.0039580 seconds, Stopping threads took: 0.0019690 seconds
182.288: Application time: 0.0742990 seconds
182.290: [GC [PSYoungGen: 88864K->7616K(96768K)] 103841K->22593K(317952K), 0.0024190 secs] [Times: user=0.01 sys=0.00, real=0.00 secs] 
182.292: Total time for which application threads were stopped: 0.0036400 seconds, Stopping threads took: 0.0011370 seconds
182.369: Application time: 0.0766560 seconds
182.371: [GC [PSYoungGen: 90560K->6352K(96768K)] 105537K->21329K(317952K), 0.0018600 secs] [Times: user=0.01 sys=0.00, real=0.00 secs] 
182.373: Total time for which application threads were stopped: 0.0044530 seconds, Stopping threads took: 0.0025120 seconds
182.453: Application time: 0.0802110 seconds
182.454: [GC [PSYoungGen: 89296K->4704K(96768K)] 104273K->19681K(317952K), 0.0014440 secs] [Times: user=0.01 sys=0.00, real=0.00 secs] 
182.455: Total time for which application threads were stopped: 0.0018130 seconds, Stopping threads took: 0.0002850 seconds
182.532: Application time: 0.0771110 seconds
182.534: [GC [PSYoungGen: 87648K->7760K(96768K)] 102625K->22745K(317952K), 0.0023220 secs] [Times: user=0.01 sys=0.00, real=0.01 secs] 
182.537: Total time for which application threads were stopped: 0.0045460 seconds, Stopping threads took: 0.0021410 seconds
182.613: Application time: 0.0764530 seconds
182.615: [GC [PSYoungGen: 90704K->5824K(96768K)] 105689K->20817K(317952K), 0.0017670 secs] [Times: user=0.02 sys=0.00, real=0.01 secs] 
182.616: Total time for which application threads were stopped: 0.0031200 seconds, Stopping threads took: 0.0012630 seconds
182.696: Application time: 0.0795180 seconds
182.697: [GC [PSYoungGen: 88768K->5984K(96768K)] 103761K->20985K(317952K), 0.0017930 secs] [Times: user=0.02 sys=0.00, real=0.00 secs] 
182.699: Total time for which application threads were stopped: 0.0032190 seconds, Stopping threads took: 0.0013470 seconds
182.776: Application time: 0.0768980 seconds
182.777: [GC [PSYoungGen: 88928K->6192K(96768K)] 103929K->21193K(317952K), 0.0018420 secs] [Times: user=0.01 sys=0.00, real=0.00 secs] 
182.779: Total time for which application threads were stopped: 0.0031360 seconds, Stopping threads took: 0.0012070 seconds
182.855: Application time: 0.0761040 seconds
182.858: [GC [PSYoungGen: 89136K->6928K(96768K)] 104137K->21929K(317952K), 0.0020150 secs] [Times: user=0.01 sys=0.00, real=0.00 secs] 
182.860: Total time for which application threads were stopped: 0.0049170 seconds, Stopping threads took: 0.0028200 seconds
182.943: Application time: 0.0829590 seconds
182.945: [GC [PSYoungGen: 89872K->6512K(96768K)] 104873K->21513K(317952K), 0.0020180 secs] [Times: user=0.02 sys=0.00, real=0.00 secs] 
182.947: Total time for which application threads were stopped: 0.0039340 seconds, Stopping threads took: 0.0018340 seconds
183.024: Application time: 0.0767010 seconds
183.026: [GC [PSYoungGen: 89456K->7072K(96768K)] 104457K->22073K(317952K), 0.0021280 secs] [Times: user=0.02 sys=0.00, real=0.01 secs] 
183.028: Total time for which application threads were stopped: 0.0042540 seconds, Stopping threads took: 0.0020440 seconds
183.107: Application time: 0.0788140 seconds
183.107: [GC [PSYoungGen: 90016K->4992K(96768K)] 105017K->20009K(317952K), 0.0016410 secs] [Times: user=0.01 sys=0.00, real=0.00 secs] 
183.109: Total time for which application threads were stopped: 0.0020350 seconds, Stopping threads took: 0.0003200 seconds
183.188: Application time: 0.0791170 seconds
183.188: [GC [PSYoungGen: 87936K->4304K(96768K)] 102953K->19329K(317952K), 0.0013060 secs] [Times: user=0.01 sys=0.00, real=0.00 secs] 
183.190: Total time for which application threads were stopped: 0.0015210 seconds, Stopping threads took: 0.0001360 seconds
183.269: Application time: 0.0792520 seconds
183.271: [GC [PSYoungGen: 87248K->5296K(96768K)] 102273K->20321K(317952K), 0.0015570 secs] [Times: user=0.01 sys=0.00, real=0.00 secs] 
183.272: Total time for which application threads were stopped: 0.0035660 seconds, Stopping threads took: 0.0019280 seconds
183.348: Application time: 0.0755210 seconds
183.350: [GC [PSYoungGen: 88240K->8400K(96768K)] 103265K->23425K(317952K), 0.0025430 secs] [Times: user=0.01 sys=0.00, real=0.00 secs] 
183.353: Total time for which application threads were stopped: 0.0050990 seconds, Stopping threads took: 0.0024740 seconds
183.431: Application time: 0.0782400 seconds
183.434: [GC [PSYoungGen: 91344K->7808K(96768K)] 106369K->22833K(317952K), 0.0023300 secs] [Times: user=0.01 sys=0.00, real=0.01 secs] 
183.436: Total time for which application threads were stopped: 0.0047470 seconds, Stopping threads took: 0.0023370 seconds
183.512: Application time: 0.0761030 seconds
183.514: [GC [PSYoungGen: 90752K->6784K(96768K)] 105777K->21809K(317952K), 0.0019920 secs] [Times: user=0.01 sys=0.00, real=0.01 secs] 
183.516: Total time for which application threads were stopped: 0.0035860 seconds, Stopping threads took: 0.0015150 seconds
183.595: Application time: 0.0795620 seconds
183.599: [GC [PSYoungGen: 89728K->6688K(96768K)] 104753K->21721K(317952K), 0.0019760 secs] [Times: user=0.01 sys=0.00, real=0.00 secs] 
183.601: Total time for which application threads were stopped: 0.0053010 seconds, Stopping threads took: 0.0032410 seconds
183.681: Application time: 0.0800740 seconds
183.682: [GC [PSYoungGen: 89632K->6640K(96768K)] 104665K->21681K(317952K), 0.0019650 secs] [Times: user=0.01 sys=0.00, real=0.00 secs] 
183.684: Total time for which application threads were stopped: 0.0037390 seconds, Stopping threads took: 0.0016920 seconds
183.765: Application time: 0.0809800 seconds
183.768: [GC [PSYoungGen: 89584K->7792K(96768K)] 104625K->22833K(317952K), 0.0023370 secs] [Times: user=0.02 sys=0.00, real=0.00 secs] 
183.770: Total time for which application threads were stopped: 0.0045920 seconds, Stopping threads took: 0.0021580 seconds
183.850: Application time: 0.0796100 seconds
183.852: [GC [PSYoungGen: 90736K->6352K(96768K)] 105777K->21393K(317952K), 0.0019050 secs] [Times: user=0.02 sys=0.00, real=0.00 secs] 
183.854: Total time for which application threads were stopped: 0.0046970 seconds, Stopping threads took: 0.0026890 seconds
183.935: Application time: 0.0806110 seconds
183.938: [GC [PSYoungGen: 89296K->6032K(96768K)] 104337K->21073K(317952K), 0.0017670 secs] [Times: user=0.02 sys=0.00, real=0.00 secs] 
183.940: Total time for which application threads were stopped: 0.0048980 seconds, Stopping threads took: 0.0030460 seconds
184.025: Application time: 0.0848930 seconds
184.026: [GC [PSYoungGen: 88976K->4880K(96768K)] 104017K->19921K(317952K), 0.0014900 secs] [Times: user=0.01 sys=0.00, real=0.01 secs] 
184.028: Total time for which application threads were stopped: 0.0028590 seconds, Stopping threads took: 0.0012860 seconds
184.112: Application time: 0.0845490 seconds
184.115: [GC [PSYoungGen: 87824K->5632K(96768K)] 102865K->20689K(317952K), 0.0016350 secs] [Times: user=0.01 sys=0.00, real=0.00 secs] 
184.117: Total time for which application threads were stopped: 0.0048190 seconds, Stopping threads took: 0.0031000 seconds
184.199: Application time: 0.0822290 seconds
184.202: [GC [PSYoungGen: 88576K->7152K(96768K)] 103633K->22217K(317952K), 0.0021330 secs] [Times: user=0.01 sys=0.00, real=0.00 secs] 
184.204: Total time for which application threads were stopped: 0.0046190 seconds, Stopping threads took: 0.0024020 seconds
184.286: Application time: 0.0825800 seconds
184.289: [GC [PSYoungGen: 90096K->6432K(96768K)] 105161K->21497K(317952K), 0.0019630 secs] [Times: user=0.01 sys=0.00, real=0.00 secs] 
184.291: Total time for which application threads were stopped: 0.0044340 seconds, Stopping threads took: 0.0023810 seconds
184.371: Application time: 0.0797880 seconds
184.373: [GC [PSYoungGen: 89376K->8208K(96768K)] 104441K->23273K(317952K), 0.0024620 secs] [Times: user=0.02 sys=0.00, real=0.01 secs] 
184.375: Total time for which application threads were stopped: 0.0048030 seconds, Stopping threads took: 0.0022570 seconds
184.456: Application time: 0.0809750 seconds
184.459: [GC [PSYoungGen: 91152K->6608K(96768K)] 106217K->21673K(317952K), 0.0019620 secs] [Times: user=0.01 sys=0.00, real=0.00 secs] 
184.461: Total time for which application threads were stopped: 0.0045070 seconds, Stopping threads took: 0.0024500 seconds
184.543: Application time: 0.0821740 seconds
184.545: [GC [PSYoungGen: 89552K->6720K(96768K)] 104617K->21785K(317952K), 0.0020650 secs] [Times: user=0.02 sys=0.00, real=0.00 secs] 
184.547: Total time for which application threads were stopped: 0.0036470 seconds, Stopping threads took: 0.0014980 seconds
184.630: Application time: 0.0830620 seconds
184.631: [GC [PSYoungGen: 89664K->5152K(96768K)] 104729K->20225K(317952K), 0.0015570 secs] [Times: user=0.01 sys=0.00, real=0.00 secs] 
184.633: Total time for which application threads were stopped: 0.0032290 seconds, Stopping threads took: 0.0015780 seconds
184.713: Application time: 0.0795390 seconds
184.714: [GC [PSYoungGen: 88096K->6976K(96768K)] 103169K->22057K(317952K), 0.0020760 secs] [Times: user=0.02 sys=0.00, real=0.01 secs] 
184.717: Total time for which application threads were stopped: 0.0040320 seconds, Stopping threads took: 0.0018740 seconds
184.796: Application time: 0.0793970 seconds
184.799: [GC [PSYoungGen: 89920K->6848K(96768K)] 105001K->21937K(317952K), 0.0020480 secs] [Times: user=0.02 sys=0.00, real=0.00 secs] 
184.801: Total time for which application threads were stopped: 0.0048540 seconds, Stopping threads took: 0.0027140 seconds
184.882: Application time: 0.0811200 seconds
184.884: [GC [PSYoungGen: 89792K->5616K(96768K)] 104881K->20705K(317952K), 0.0016660 secs] [Times: user=0.01 sys=0.00, real=0.00 secs] 
184.886: Total time for which application threads were stopped: 0.0038400 seconds, Stopping threads took: 0.0020950 seconds
184.965: Application time: 0.0787690 seconds
184.967: [GC [PSYoungGen: 88560K->7728K(96768K)] 103649K->22817K(317952K), 0.0023280 secs] [Times: user=0.01 sys=0.00, real=0.00 secs] 
184.970: Total time for which application threads were stopped: 0.0050220 seconds, Stopping threads took: 0.0026030 seconds
185.049: Application time: 0.0793920 seconds
185.051: [GC [PSYoungGen: 90672K->7072K(96768K)] 105761K->22161K(317952K), 0.0021680 secs] [Times: user=0.02 sys=0.00, real=0.00 secs] 
185.053: Total time for which application threads were stopped: 0.0037920 seconds, Stopping threads took: 0.0015380 seconds
185.132: Application time: 0.0790520 seconds
185.134: [GC [PSYoungGen: 90016K->6976K(96768K)] 105105K->22073K(317952K), 0.0021590 secs] [Times: user=0.02 sys=0.00, real=0.01 secs] 
185.136: Total time for which application threads were stopped: 0.0040310 seconds, Stopping threads took: 0.0017910 seconds
185.214: Application time: 0.0784100 seconds
185.217: [GC [PSYoungGen: 89920K->7136K(96768K)] 105017K->22241K(317952K), 0.0020960 secs] [Times: user=0.01 sys=0.00, real=0.00 secs] 
185.219: Total time for which application threads were stopped: 0.0046650 seconds, Stopping threads took: 0.0024850 seconds
185.299: Application time: 0.0803200 seconds
185.302: [GC [PSYoungGen: 90080K->6672K(96768K)] 105185K->21785K(317952K), 0.0019760 secs] [Times: user=0.01 sys=0.00, real=0.00 secs] 
185.304: Total time for which application threads were stopped: 0.0048730 seconds, Stopping threads took: 0.0028000 seconds
185.383: Application time: 0.0792300 seconds
185.386: [GC [PSYoungGen: 89616K->8096K(96768K)] 104729K->23209K(317952K), 0.0023670 secs] [Times: user=0.01 sys=0.00, real=0.01 secs] 
185.389: Total time for which application threads were stopped: 0.0053720 seconds, Stopping threads took: 0.0029220 seconds
185.470: Application time: 0.0815430 seconds
185.473: [GC [PSYoungGen: 91040K->7760K(96768K)] 106153K->22873K(317952K), 0.0026980 secs] [Times: user=0.02 sys=0.00, real=0.01 secs] 
185.476: Total time for which application threads were stopped: 0.0054600 seconds, Stopping threads took: 0.0026870 seconds
185.554: Application time: 0.0784130 seconds
185.556: [GC [PSYoungGen: 90704K->8160K(96768K)] 105817K->23273K(317952K), 0.0024720 secs] [Times: user=0.01 sys=0.00, real=0.00 secs] 
185.558: Total time for which application threads were stopped: 0.0042280 seconds, Stopping threads took: 0.0016720 seconds
185.638: Application time: 0.0800410 seconds
185.640: [GC [PSYoungGen: 91104K->7808K(96768K)] 106217K->22921K(317952K), 0.0024420 secs] [Times: user=0.02 sys=0.00, real=0.00 secs] 
185.642: Total time for which application threads were stopped: 0.0038300 seconds, Stopping threads took: 0.0013040 seconds
185.723: Application time: 0.0802680 seconds
185.724: [GC [PSYoungGen: 90752K->6240K(96768K)] 105865K->21361K(317952K), 0.0019840 secs] [Times: user=0.01 sys=0.00, real=0.00 secs] 
185.726: Total time for which application threads were stopped: 0.0035050 seconds, Stopping threads took: 0.0014410 seconds
185.807: Application time: 0.0813430 seconds
185.810: [GC [PSYoungGen: 89184K->6848K(96768K)] 104305K->21977K(317952K), 0.0020720 secs] [Times: user=0.01 sys=0.00, real=0.00 secs] 
185.812: Total time for which application threads were stopped: 0.0050720 seconds, Stopping threads took: 0.0029070 seconds
185.892: Application time: 0.0791440 seconds
185.894: [GC [PSYoungGen: 89792K->8400K(96768K)] 104921K->23529K(317952K), 0.0024940 secs] [Times: user=0.02 sys=0.00, real=0.01 secs] 
185.897: Total time for which application threads were stopped: 0.0049160 seconds, Stopping threads took: 0.0023380 seconds
185.977: Application time: 0.0802220 seconds
185.979: [GC [PSYoungGen: 91344K->7280K(96768K)] 106473K->22409K(317952K), 0.0022300 secs] [Times: user=0.02 sys=0.00, real=0.00 secs] 
185.981: Total time for which application threads were stopped: 0.0042370 seconds, Stopping threads took: 0.0019200 seconds
186.067: Application time: 0.0856770 seconds
186.068: [GC [PSYoungGen: 90224K->6960K(96768K)] 105353K->22089K(317952K), 0.0020730 secs] [Times: user=0.01 sys=0.00, real=0.00 secs] 
186.070: Total time for which application threads were stopped: 0.0033620 seconds, Stopping threads took: 0.0012030 seconds
186.153: Application time: 0.0826780 seconds
186.155: [GC [PSYoungGen: 89904K->6640K(96768K)] 105033K->21769K(317952K), 0.0020250 secs] [Times: user=0.02 sys=0.00, real=0.01 secs] 
186.157: Total time for which application threads were stopped: 0.0042460 seconds, Stopping threads took: 0.0021380 seconds
186.239: Application time: 0.0817050 seconds
186.241: [GC [PSYoungGen: 89584K->7904K(96768K)] 104713K->23041K(317952K), 0.0023780 secs] [Times: user=0.01 sys=0.00, real=0.00 secs] 
186.243: Total time for which application threads were stopped: 0.0044320 seconds, Stopping threads took: 0.0019700 seconds
186.321: Application time: 0.0774780 seconds
186.323: [GC [PSYoungGen: 90848K->7856K(96768K)] 105985K->23001K(317952K), 0.0042390 secs] [Times: user=0.03 sys=0.00, real=0.01 secs] 
186.328: Total time for which application threads were stopped: 0.0069460 seconds, Stopping threads took: 0.0026180 seconds
186.411: Application time: 0.0839090 seconds
186.412: [GC [PSYoungGen: 90800K->4416K(96768K)] 105945K->19561K(317952K), 0.0013990 secs] [Times: user=0.01 sys=0.00, real=0.00 secs] 
186.413: Total time for which application threads were stopped: 0.0018930 seconds, Stopping threads took: 0.0004170 seconds
186.500: Application time: 0.0865670 seconds
186.502: [GC [PSYoungGen: 87360K->5744K(96768K)] 102505K->20889K(317952K), 0.0017100 secs] [Times: user=0.02 sys=0.00, real=0.00 secs] 
186.503: Total time for which application threads were stopped: 0.0035280 seconds, Stopping threads took: 0.0017350 seconds
186.587: Application time: 0.0836520 seconds
186.590: [GC [PSYoungGen: 88688K->7520K(96768K)] 103833K->22665K(317952K), 0.0022540 secs] [Times: user=0.01 sys=0.00, real=0.00 secs] 
186.592: Total time for which application threads were stopped: 0.0048910 seconds, Stopping threads took: 0.0025480 seconds
186.671: Application time: 0.0795210 seconds
186.674: [GC [PSYoungGen: 90464K->6944K(96768K)] 105609K->22089K(317952K), 0.0020900 secs] [Times: user=0.01 sys=0.00, real=0.01 secs] 
186.676: Total time for which application threads were stopped: 0.0044040 seconds, Stopping threads took: 0.0022310 seconds
186.757: Application time: 0.0812620 seconds
186.759: [GC [PSYoungGen: 89888K->6112K(96768K)] 105033K->21265K(317952K), 0.0018730 secs] [Times: user=0.02 sys=0.00, real=0.00 secs] 
186.761: Total time for which application threads were stopped: 0.0042630 seconds, Stopping threads took: 0.0022960 seconds
186.844: Application time: 0.0827920 seconds
186.847: [GC [PSYoungGen: 89056K->6880K(96768K)] 104209K->22041K(317952K), 0.0021520 secs] [Times: user=0.01 sys=0.00, real=0.01 secs] 
186.849: Total time for which application threads were stopped: 0.0044940 seconds, Stopping threads took: 0.0022500 seconds
186.927: Application time: 0.0781210 seconds
186.929: [GC [PSYoungGen: 89824K->7344K(96768K)] 104985K->22513K(317952K), 0.0022100 secs] [Times: user=0.01 sys=0.00, real=0.00 secs] 
186.932: Total time for which application threads were stopped: 0.0049130 seconds, Stopping threads took: 0.0026220 seconds
187.014: Application time: 0.0825630 seconds
187.016: [GC [PSYoungGen: 90288K->5024K(96768K)] 105457K->20193K(317952K), 0.0015610 secs] [Times: user=0.01 sys=0.00, real=0.00 secs] 
187.017: Total time for which application threads were stopped: 0.0028310 seconds, Stopping threads took: 0.0011980 seconds
187.102: Application time: 0.0851320 seconds
187.104: [GC [PSYoungGen: 87968K->4544K(96768K)] 103137K->19713K(317952K), 0.0014080 secs] [Times: user=0.00 sys=0.00, real=0.00 secs] 
187.106: Total time for which application threads were stopped: 0.0035700 seconds, Stopping threads took: 0.0020860 seconds
187.184: Application time: 0.0785860 seconds
187.186: [GC [PSYoungGen: 87488K->7280K(96768K)] 102657K->22449K(317952K), 0.0023410 secs] [Times: user=0.02 sys=0.00, real=0.01 secs] 
187.188: Total time for which application threads were stopped: 0.0039880 seconds, Stopping threads took: 0.0015610 seconds
187.271: Application time: 0.0822440 seconds
187.273: [GC [PSYoungGen: 90224K->4512K(96768K)] 105393K->19689K(317952K), 0.0014150 secs] [Times: user=0.01 sys=0.00, real=0.00 secs] 
187.274: Total time for which application threads were stopped: 0.0033520 seconds, Stopping threads took: 0.0018590 seconds
187.355: Application time: 0.0809270 seconds
187.357: [GC [PSYoungGen: 87456K->5696K(96768K)] 102633K->20881K(317952K), 0.0017310 secs] [Times: user=0.01 sys=0.00, real=0.00 secs] 
187.359: Total time for which application threads were stopped: 0.0038300 seconds, Stopping threads took: 0.0019840 seconds
187.439: Application time: 0.0802460 seconds
187.442: [GC [PSYoungGen: 88640K->7584K(96768K)] 103825K->22777K(317952K), 0.0023740 secs] [Times: user=0.01 sys=0.00, real=0.00 secs] 
187.444: Total time for which application threads were stopped: 0.0052770 seconds, Stopping threads took: 0.0028210 seconds
187.524: Application time: 0.0798860 seconds
187.527: [GC [PSYoungGen: 90528K->7408K(96768K)] 105721K->22601K(317952K), 0.0022320 secs] [Times: user=0.02 sys=0.00, real=0.01 secs] 
187.529: Total time for which application threads were stopped: 0.0045580 seconds, Stopping threads took: 0.0022460 seconds
187.605: Application time: 0.0758540 seconds
187.607: [GC [PSYoungGen: 90352K->7968K(96768K)] 105545K->23161K(317952K), 0.0023120 secs] [Times: user=0.01 sys=0.00, real=0.01 secs] 
187.609: Total time for which application threads were stopped: 0.0048490 seconds, Stopping threads took: 0.0024520 seconds
187.687: Application time: 0.0778000 seconds
187.689: [GC [PSYoungGen: 90912K->7472K(96768K)] 106105K->22665K(317952K), 0.0023880 secs] [Times: user=0.01 sys=0.00, real=0.00 secs] 
187.692: Total time for which application threads were stopped: 0.0046220 seconds, Stopping threads took: 0.0021480 seconds
187.774: Application time: 0.0825070 seconds
187.776: [GC [PSYoungGen: 90416K->4512K(96768K)] 105609K->19713K(317952K), 0.0014560 secs] [Times: user=0.01 sys=0.00, real=0.00 secs] 
187.777: Total time for which application threads were stopped: 0.0028540 seconds, Stopping threads took: 0.0013040 seconds
187.854: Application time: 0.0770540 seconds
187.857: [GC [PSYoungGen: 87456K->7440K(96768K)] 102657K->22649K(317952K), 0.0022370 secs] [Times: user=0.02 sys=0.00, real=0.00 secs] 
187.859: Total time for which application threads were stopped: 0.0048260 seconds, Stopping threads took: 0.0024910 seconds
187.934: Application time: 0.0748020 seconds
187.936: [GC [PSYoungGen: 90384K->7728K(96768K)] 105593K->22945K(317952K), 0.0023710 secs] [Times: user=0.02 sys=0.00, real=0.00 secs] 
187.938: Total time for which application threads were stopped: 0.0044590 seconds, Stopping threads took: 0.0020030 seconds
188.013: Application time: 0.0749470 seconds
188.016: [GC [PSYoungGen: 90672K->6816K(96768K)] 105889K->22033K(317952K), 0.0019890 secs] [Times: user=0.01 sys=0.00, real=0.00 secs] 
188.018: Total time for which application threads were stopped: 0.0042940 seconds, Stopping threads took: 0.0022240 seconds
188.091: Application time: 0.0738260 seconds
188.093: [GC [PSYoungGen: 89760K->7392K(96768K)] 104977K->22609K(317952K), 0.0022710 secs] [Times: user=0.01 sys=0.01, real=0.01 secs] 
188.096: Total time for which application threads were stopped: 0.0043020 seconds, Stopping threads took: 0.0019470 seconds
188.171: Application time: 0.0752790 seconds
188.173: [GC [PSYoungGen: 90336K->6496K(96768K)] 105553K->21713K(317952K), 0.0019230 secs] [Times: user=0.01 sys=0.00, real=0.01 secs] 
188.175: Total time for which application threads were stopped: 0.0042350 seconds, Stopping threads took: 0.0022310 seconds
188.253: Application time: 0.0773410 seconds
188.255: [GC [PSYoungGen: 89440K->7104K(96768K)] 104657K->22321K(317952K), 0.0021180 secs] [Times: user=0.02 sys=0.00, real=0.01 secs] 
188.257: Total time for which application threads were stopped: 0.0045060 seconds, Stopping threads took: 0.0023020 seconds
188.335: Application time: 0.0777360 seconds
188.336: [GC [PSYoungGen: 90048K->4496K(96768K)] 105265K->19721K(317952K), 0.0014230 secs] [Times: user=0.01 sys=0.00, real=0.00 secs] 
188.337: Total time for which application threads were stopped: 0.0023770 seconds, Stopping threads took: 0.0008800 seconds
188.413: Application time: 0.0753930 seconds
188.415: [GC [PSYoungGen: 87440K->6784K(96768K)] 102665K->22025K(317952K), 0.0019690 secs] [Times: user=0.02 sys=0.00, real=0.01 secs] 
188.417: Total time for which application threads were stopped: 0.0043570 seconds, Stopping threads took: 0.0023040 seconds
188.494: Application time: 0.0772040 seconds
188.495: [GC [PSYoungGen: 89728K->7072K(96768K)] 104969K->22313K(317952K), 0.0022390 secs] [Times: user=0.01 sys=0.00, real=0.00 secs] 
188.498: Total time for which application threads were stopped: 0.0035180 seconds, Stopping threads took: 0.0011870 seconds
188.574: Application time: 0.0763890 seconds
188.577: [GC [PSYoungGen: 90016K->6816K(96768K)] 105257K->22057K(317952K), 0.0020110 secs] [Times: user=0.02 sys=0.00, real=0.00 secs] 
188.579: Total time for which application threads were stopped: 0.0044140 seconds, Stopping threads took: 0.0023180 seconds
188.656: Application time: 0.0773210 seconds
188.658: [GC [PSYoungGen: 89760K->6144K(96768K)] 105001K->21385K(317952K), 0.0030330 secs] [Times: user=0.02 sys=0.00, real=0.00 secs] 
188.662: Total time for which application threads were stopped: 0.0056070 seconds, Stopping threads took: 0.0024990 seconds
188.741: Application time: 0.0792510 seconds
188.742: [GC [PSYoungGen: 89088K->4112K(96768K)] 104329K->19353K(317952K), 0.0012520 secs] [Times: user=0.01 sys=0.00, real=0.00 secs] 
188.744: Total time for which application threads were stopped: 0.0027960 seconds, Stopping threads took: 0.0014740 seconds
188.820: Application time: 0.0766830 seconds
188.821: [GC [PSYoungGen: 87056K->6496K(96768K)] 102297K->21745K(317952K), 0.0019650 secs] [Times: user=0.01 sys=0.00, real=0.00 secs] 
188.823: Total time for which application threads were stopped: 0.0029860 seconds, Stopping threads took: 0.0009350 seconds
188.901: Application time: 0.0773720 seconds
188.902: [GC [PSYoungGen: 89440K->7616K(96768K)] 104689K->22873K(317952K), 0.0023390 secs] [Times: user=0.01 sys=0.00, real=0.00 secs] 
188.905: Total time for which application threads were stopped: 0.0039960 seconds, Stopping threads took: 0.0015780 seconds
188.979: Application time: 0.0741480 seconds
188.980: [GC [PSYoungGen: 90560K->7696K(96768K)] 105817K->22961K(317952K), 0.0023000 secs] [Times: user=0.02 sys=0.00, real=0.00 secs] 
188.982: Total time for which application threads were stopped: 0.0036610 seconds, Stopping threads took: 0.0012720 seconds
189.059: Application time: 0.0769060 seconds
189.062: [GC [PSYoungGen: 90640K->7984K(96768K)] 105905K->23249K(317952K), 0.0023820 secs] [Times: user=0.01 sys=0.00, real=0.00 secs] 
189.064: Total time for which application threads were stopped: 0.0047730 seconds, Stopping threads took: 0.0023030 seconds
189.140: Application time: 0.0762660 seconds
189.142: [GC [PSYoungGen: 90928K->5712K(96768K)] 106193K->20977K(317952K), 0.0016810 secs] [Times: user=0.01 sys=0.00, real=0.00 secs] 
189.144: Total time for which application threads were stopped: 0.0031820 seconds, Stopping threads took: 0.0014190 seconds
189.219: Application time: 0.0753930 seconds
189.220: [GC [PSYoungGen: 88656K->7648K(96768K)] 103921K->22913K(317952K), 0.0022660 secs] [Times: user=0.01 sys=0.00, real=0.00 secs] 
189.222: Total time for which application threads were stopped: 0.0033090 seconds, Stopping threads took: 0.0009610 seconds
189.297: Application time: 0.0749410 seconds
189.299: [GC [PSYoungGen: 90592K->6960K(96768K)] 105857K->22233K(317952K), 0.0021760 secs] [Times: user=0.01 sys=0.00, real=0.00 secs] 
189.301: Total time for which application threads were stopped: 0.0041240 seconds, Stopping threads took: 0.0018640 seconds
189.375: Application time: 0.0739030 seconds
189.378: [GC [PSYoungGen: 89904K->7648K(96768K)] 105177K->22929K(317952K), 0.0022930 secs] [Times: user=0.02 sys=0.00, real=0.00 secs] 
189.380: Total time for which application threads were stopped: 0.0047420 seconds, Stopping threads took: 0.0023650 seconds
189.453: Application time: 0.0735190 seconds
189.456: [GC [PSYoungGen: 90592K->7504K(96768K)] 105873K->22793K(317952K), 0.0022710 secs] [Times: user=0.01 sys=0.00, real=0.00 secs] 
189.459: Total time for which application threads were stopped: 0.0050370 seconds, Stopping threads took: 0.0026870 seconds
189.535: Application time: 0.0765620 seconds
189.538: [GC [PSYoungGen: 90448K->5600K(96768K)] 105737K->20889K(317952K), 0.0017250 secs] [Times: user=0.00 sys=0.00, real=0.00 secs] 
189.540: Total time for which application threads were stopped: 0.0046380 seconds, Stopping threads took: 0.0028350 seconds
189.617: Application time: 0.0770840 seconds
189.619: [GC [PSYoungGen: 88544K->6528K(96768K)] 103833K->21817K(317952K), 0.0021730 secs] [Times: user=0.01 sys=0.00, real=0.00 secs] 
189.621: Total time for which application threads were stopped: 0.0043190 seconds, Stopping threads took: 0.0020290 seconds
189.697: Application time: 0.0758600 seconds
189.700: [GC [PSYoungGen: 89472K->5712K(96768K)] 104761K->21001K(317952K), 0.0017130 secs] [Times: user=0.01 sys=0.00, real=0.00 secs] 
189.701: Total time for which application threads were stopped: 0.0042810 seconds, Stopping threads took: 0.0024900 seconds
189.773: Application time: 0.0716390 seconds
189.775: [GC [PSYoungGen: 88656K->7536K(96768K)] 103945K->22825K(317952K), 0.0022490 secs] [Times: user=0.02 sys=0.00, real=0.00 secs] 
189.778: Total time for which application threads were stopped: 0.0048570 seconds, Stopping threads took: 0.0025260 seconds
189.853: Application time: 0.0756470 seconds
189.855: [GC [PSYoungGen: 90480K->5872K(96768K)] 105769K->21169K(317952K), 0.0018100 secs] [Times: user=0.01 sys=0.00, real=0.01 secs] 
189.857: Total time for which application threads were stopped: 0.0031700 seconds, Stopping threads took: 0.0012800 seconds
189.934: Application time: 0.0776390 seconds
189.936: [GC [PSYoungGen: 88816K->5360K(96768K)] 104113K->20665K(317952K), 0.0015760 secs] [Times: user=0.01 sys=0.00, real=0.00 secs] 
189.938: Total time for which application threads were stopped: 0.0033030 seconds, Stopping threads took: 0.0016470 seconds
190.019: Application time: 0.0818560 seconds
190.021: [GC [PSYoungGen: 88304K->4656K(96768K)] 103609K->19961K(317952K), 0.0014000 secs] [Times: user=0.00 sys=0.00, real=0.00 secs] 
190.022: Total time for which application threads were stopped: 0.0025520 seconds, Stopping threads took: 0.0010800 seconds
190.099: Application time: 0.0774890 seconds
190.102: [GC [PSYoungGen: 87600K->6528K(96768K)] 102905K->21833K(317952K), 0.0019490 secs] [Times: user=0.02 sys=0.00, real=0.00 secs] 
190.104: Total time for which application threads were stopped: 0.0045090 seconds, Stopping threads took: 0.0024780 seconds
190.178: Application time: 0.0745160 seconds
190.182: [GC [PSYoungGen: 89472K->6960K(96768K)] 104777K->22265K(317952K), 0.0020670 secs] [Times: user=0.02 sys=0.00, real=0.00 secs] 
190.184: Total time for which application threads were stopped: 0.0051840 seconds, Stopping threads took: 0.0030290 seconds
190.261: Application time: 0.0772370 seconds
190.263: [GC [PSYoungGen: 89904K->5552K(96768K)] 105209K->20857K(317952K), 0.0016470 secs] [Times: user=0.01 sys=0.00, real=0.00 secs] 
190.264: Total time for which application threads were stopped: 0.0033200 seconds, Stopping threads took: 0.0015950 seconds
190.343: Application time: 0.0790410 seconds
190.346: [GC [PSYoungGen: 88496K->5344K(96768K)] 103801K->20657K(317952K), 0.0016160 secs] [Times: user=0.01 sys=0.00, real=0.01 secs] 
190.347: Total time for which application threads were stopped: 0.0040340 seconds, Stopping threads took: 0.0023360 seconds
190.424: Application time: 0.0770460 seconds
190.426: [GC [PSYoungGen: 88288K->7520K(96768K)] 103601K->22841K(317952K), 0.0022260 secs] [Times: user=0.01 sys=0.00, real=0.01 secs] 
190.428: Total time for which application threads were stopped: 0.0037310 seconds, Stopping threads took: 0.0014170 seconds
190.504: Application time: 0.0759860 seconds
190.507: [GC [PSYoungGen: 90464K->7296K(96768K)] 105785K->22625K(317952K), 0.0022030 secs] [Times: user=0.02 sys=0.00, real=0.01 secs] 
190.509: Total time for which application threads were stopped: 0.0046710 seconds, Stopping threads took: 0.0023830 seconds
190.583: Application time: 0.0741590 seconds
190.584: [GC [PSYoungGen: 90239K->7040K(96768K)] 105568K->22369K(317952K), 0.0021320 secs] [Times: user=0.01 sys=0.00, real=0.00 secs] 
190.586: Total time for which application threads were stopped: 0.0033690 seconds, Stopping threads took: 0.0011510 seconds
190.663: Application time: 0.0769510 seconds
190.665: [GC [PSYoungGen: 89984K->6064K(96768K)] 105313K->21393K(317952K), 0.0018420 secs] [Times: user=0.02 sys=0.00, real=0.00 secs] 
190.667: Total time for which application threads were stopped: 0.0037730 seconds, Stopping threads took: 0.0018490 seconds
190.741: Application time: 0.0742810 seconds
190.744: [GC [PSYoungGen: 89008K->7488K(96768K)] 104337K->22817K(317952K), 0.0022110 secs] [Times: user=0.01 sys=0.00, real=0.00 secs] 
190.747: Total time for which application threads were stopped: 0.0052320 seconds, Stopping threads took: 0.0029370 seconds
190.821: Application time: 0.0742470 seconds
190.823: [GC [PSYoungGen: 90432K->6544K(96768K)] 105761K->21881K(317952K), 0.0019870 secs] [Times: user=0.02 sys=0.00, real=0.00 secs] 
190.825: Total time for which application threads were stopped: 0.0038130 seconds, Stopping threads took: 0.0017430 seconds
190.901: Application time: 0.0767830 seconds
190.903: [GC [PSYoungGen: 89488K->6160K(96768K)] 104825K->21505K(317952K), 0.0018410 secs] [Times: user=0.01 sys=0.00, real=0.00 secs] 
190.905: Total time for which application threads were stopped: 0.0036990 seconds, Stopping threads took: 0.0017780 seconds
190.982: Application time: 0.0765760 seconds
190.983: [GC [PSYoungGen: 89104K->6496K(96768K)] 104449K->21849K(317952K), 0.0020180 secs] [Times: user=0.01 sys=0.00, real=0.00 secs] 
190.985: Total time for which application threads were stopped: 0.0035980 seconds, Stopping threads took: 0.0014960 seconds
191.062: Application time: 0.0763700 seconds
191.063: [GC [PSYoungGen: 89440K->7392K(96768K)] 104793K->22745K(317952K), 0.0022240 secs] [Times: user=0.02 sys=0.00, real=0.00 secs] 
191.066: Total time for which application threads were stopped: 0.0040680 seconds, Stopping threads took: 0.0017600 seconds
191.142: Application time: 0.0760390 seconds
191.143: [GC [PSYoungGen: 90336K->7280K(96768K)] 105689K->22633K(317952K), 0.0022110 secs] [Times: user=0.02 sys=0.00, real=0.00 secs] 
191.146: Total time for which application threads were stopped: 0.0037480 seconds, Stopping threads took: 0.0014560 seconds
191.221: Application time: 0.0755640 seconds
191.222: [GC [PSYoungGen: 90224K->6736K(96768K)] 105577K->22089K(317952K), 0.0020560 secs] [Times: user=0.01 sys=0.00, real=0.00 secs] 
191.225: Total time for which application threads were stopped: 0.0035030 seconds, Stopping threads took: 0.0013690 seconds
191.298: Application time: 0.0737920 seconds
191.301: [GC [PSYoungGen: 89680K->6912K(96768K)] 105033K->22281K(317952K), 0.0020500 secs] [Times: user=0.01 sys=0.00, real=0.00 secs] 
191.303: Total time for which application threads were stopped: 0.0043160 seconds, Stopping threads took: 0.0021790 seconds
191.379: Application time: 0.0758320 seconds
191.381: [GC [PSYoungGen: 89856K->7456K(96768K)] 105225K->22833K(317952K), 0.0022320 secs] [Times: user=0.02 sys=0.00, real=0.00 secs] 
191.383: Total time for which application threads were stopped: 0.0047230 seconds, Stopping threads took: 0.0024100 seconds
191.461: Application time: 0.0780560 seconds
191.464: [GC [PSYoungGen: 90400K->4704K(96768K)] 105777K->20089K(317952K), 0.0014130 secs] [Times: user=0.01 sys=0.00, real=0.00 secs] 
191.465: Total time for which application threads were stopped: 0.0038550 seconds, Stopping threads took: 0.0023710 seconds
191.541: Application time: 0.0754940 seconds
191.542: [GC [PSYoungGen: 87648K->8160K(96768K)] 103033K->23545K(317952K), 0.0024260 secs] [Times: user=0.01 sys=0.00, real=0.00 secs] 
191.545: Total time for which application threads were stopped: 0.0039270 seconds, Stopping threads took: 0.0014150 seconds
191.626: Application time: 0.0810970 seconds
191.627: [GC [PSYoungGen: 91104K->6448K(96768K)] 106489K->21833K(317952K), 0.0020020 secs] [Times: user=0.02 sys=0.00, real=0.01 secs] 
191.629: Total time for which application threads were stopped: 0.0029680 seconds, Stopping threads took: 0.0008850 seconds
191.710: Application time: 0.0813480 seconds
191.712: [GC [PSYoungGen: 89392K->7392K(96768K)] 104777K->22777K(317952K), 0.0022510 secs] [Times: user=0.02 sys=0.00, real=0.00 secs] 
191.714: Total time for which application threads were stopped: 0.0042320 seconds, Stopping threads took: 0.0018990 seconds
191.794: Application time: 0.0793510 seconds
191.795: [GC [PSYoungGen: 90336K->5328K(96768K)] 105721K->20721K(317952K), 0.0017140 secs] [Times: user=0.01 sys=0.00, real=0.01 secs] 
191.797: Total time for which application threads were stopped: 0.0031520 seconds, Stopping threads took: 0.0013610 seconds
191.876: Application time: 0.0794300 seconds
191.879: [GC [PSYoungGen: 88272K->6432K(96768K)] 103665K->21833K(317952K), 0.0019000 secs] [Times: user=0.01 sys=0.00, real=0.00 secs] 
191.881: Total time for which application threads were stopped: 0.0043390 seconds, Stopping threads took: 0.0023440 seconds
191.961: Application time: 0.0801500 seconds
191.963: [GC [PSYoungGen: 89376K->6880K(96768K)] 104777K->22289K(317952K), 0.0020430 secs] [Times: user=0.02 sys=0.00, real=0.00 secs] 
191.965: Total time for which application threads were stopped: 0.0042630 seconds, Stopping threads took: 0.0021370 seconds
192.042: Application time: 0.0770830 seconds
192.045: [GC [PSYoungGen: 89824K->7984K(96768K)] 105233K->23393K(317952K), 0.0023830 secs] [Times: user=0.02 sys=0.00, real=0.01 secs] 
192.047: Total time for which application threads were stopped: 0.0053640 seconds, Stopping threads took: 0.0028920 seconds
192.125: Application time: 0.0773850 seconds
192.126: [GC [PSYoungGen: 90928K->7728K(96768K)] 106337K->23137K(317952K), 0.0024910 secs] [Times: user=0.02 sys=0.00, real=0.01 secs] 
192.129: Total time for which application threads were stopped: 0.0041090 seconds, Stopping threads took: 0.0015310 seconds
192.212: Application time: 0.0829470 seconds
192.213: [GC [PSYoungGen: 90670K->5024K(96768K)] 106079K->20433K(317952K), 0.0016150 secs] [Times: user=0.01 sys=0.00, real=0.00 secs] 
192.215: Total time for which application threads were stopped: 0.0029170 seconds, Stopping threads took: 0.0012110 seconds
192.295: Application time: 0.0799330 seconds
192.297: [GC [PSYoungGen: 87968K->6464K(96768K)] 103377K->21873K(317952K), 0.0019190 secs] [Times: user=0.02 sys=0.00, real=0.00 secs] 
192.299: Total time for which application threads were stopped: 0.0040770 seconds, Stopping threads took: 0.0020740 seconds
192.378: Application time: 0.0796110 seconds
192.381: [GC [PSYoungGen: 89408K->7536K(96768K)] 104817K->22953K(317952K), 0.0024260 secs] [Times: user=0.01 sys=0.00, real=0.00 secs] 
192.383: Total time for which application threads were stopped: 0.0046440 seconds, Stopping threads took: 0.0021230 seconds
192.463: Application time: 0.0801060 seconds
192.465: [GC [PSYoungGen: 90480K->7824K(96768K)] 105897K->23257K(317952K), 0.0024110 secs] [Times: user=0.01 sys=0.00, real=0.01 secs] 
192.468: Total time for which application threads were stopped: 0.0044830 seconds, Stopping threads took: 0.0019910 seconds
192.545: Application time: 0.0775390 seconds
192.548: [GC [PSYoungGen: 90768K->6752K(96768K)] 106201K->22185K(317952K), 0.0020610 secs] [Times: user=0.01 sys=0.00, real=0.00 secs] 
192.550: Total time for which application threads were stopped: 0.0047290 seconds, Stopping threads took: 0.0025830 seconds
192.629: Application time: 0.0792920 seconds
192.630: [GC [PSYoungGen: 89696K->6416K(96768K)] 105129K->21849K(317952K), 0.0019770 secs] [Times: user=0.01 sys=0.00, real=0.00 secs] 
192.632: Total time for which application threads were stopped: 0.0031670 seconds, Stopping threads took: 0.0011090 seconds
192.713: Application time: 0.0804450 seconds
192.714: [GC [PSYoungGen: 89360K->8256K(96768K)] 104793K->23689K(317952K), 0.0026030 secs] [Times: user=0.02 sys=0.00, real=0.01 secs] 
192.717: Total time for which application threads were stopped: 0.0042460 seconds, Stopping threads took: 0.0015600 seconds
192.798: Application time: 0.0809590 seconds
192.800: [GC [PSYoungGen: 91200K->6096K(96768K)] 106633K->21529K(317952K), 0.0018310 secs] [Times: user=0.02 sys=0.00, real=0.00 secs] 
192.802: Total time for which application threads were stopped: 0.0039220 seconds, Stopping threads took: 0.0020100 seconds
192.879: Application time: 0.0767550 seconds
192.881: [GC [PSYoungGen: 89039K->6080K(96768K)] 104473K->21521K(317952K), 0.0019000 secs] [Times: user=0.01 sys=0.00, real=0.00 secs] 
192.883: Total time for which application threads were stopped: 0.0040840 seconds, Stopping threads took: 0.0021000 seconds
192.961: Application time: 0.0783100 seconds
192.963: [GC [PSYoungGen: 89024K->7376K(96768K)] 104465K->22825K(317952K), 0.0021670 secs] [Times: user=0.01 sys=0.00, real=0.00 secs] 
192.965: Total time for which application threads were stopped: 0.0041880 seconds, Stopping threads took: 0.0019300 seconds
193.045: Application time: 0.0794790 seconds
193.047: [GC [PSYoungGen: 90320K->6384K(96768K)] 105769K->21841K(317952K), 0.0019060 secs] [Times: user=0.01 sys=0.00, real=0.00 secs] 
193.049: Total time for which application threads were stopped: 0.0043810 seconds, Stopping threads took: 0.0023860 seconds
193.128: Application time: 0.0790750 seconds
193.130: [GC [PSYoungGen: 89328K->8368K(96768K)] 104785K->23825K(317952K), 0.0026830 secs] [Times: user=0.01 sys=0.00, real=0.00 secs] 
193.133: Total time for which application threads were stopped: 0.0049580 seconds, Stopping threads took: 0.0021910 seconds
193.213: Application time: 0.0801570 seconds
193.216: [GC [PSYoungGen: 91312K->7168K(96768K)] 106769K->22625K(317952K), 0.0022140 secs] [Times: user=0.02 sys=0.00, real=0.00 secs] 
193.218: Total time for which application threads were stopped: 0.0046250 seconds, Stopping threads took: 0.0023280 seconds
193.295: Application time: 0.0769290 seconds
193.297: [GC [PSYoungGen: 90112K->8368K(96768K)] 105569K->23825K(317952K), 0.0027030 secs] [Times: user=0.01 sys=0.00, real=0.00 secs] 
193.300: Total time for which application threads were stopped: 0.0050370 seconds, Stopping threads took: 0.0022320 seconds
193.377: Application time: 0.0767090 seconds
193.378: [GC [PSYoungGen: 91312K->7920K(96768K)] 106769K->23385K(317952K), 0.0023850 secs] [Times: user=0.01 sys=0.00, real=0.00 secs] 
193.381: Total time for which application threads were stopped: 0.0041560 seconds, Stopping threads took: 0.0016870 seconds
193.459: Application time: 0.0779460 seconds
193.462: [GC [PSYoungGen: 90862K->6992K(96768K)] 106327K->22465K(317952K), 0.0021240 secs] [Times: user=0.01 sys=0.00, real=0.00 secs] 
193.464: Total time for which application threads were stopped: 0.0050980 seconds, Stopping threads took: 0.0028830 seconds
193.544: Application time: 0.0798450 seconds
193.545: [GC [PSYoungGen: 89936K->5968K(96768K)] 105409K->21449K(317952K), 0.0018980 secs] [Times: user=0.01 sys=0.00, real=0.00 secs] 
193.547: Total time for which application threads were stopped: 0.0033210 seconds, Stopping threads took: 0.0013330 seconds
193.632: Application time: 0.0848740 seconds
193.634: [GC [PSYoungGen: 88912K->4512K(96768K)] 104393K->19993K(317952K), 0.0013760 secs] [Times: user=0.01 sys=0.00, real=0.00 secs] 
193.635: Total time for which application threads were stopped: 0.0030760 seconds, Stopping threads took: 0.0016280 seconds
193.723: Application time: 0.0884100 seconds
193.725: [GC [PSYoungGen: 87456K->5344K(96768K)] 102937K->20825K(317952K), 0.0015850 secs] [Times: user=0.00 sys=0.00, real=0.00 secs] 
193.727: Total time for which application threads were stopped: 0.0036460 seconds, Stopping threads took: 0.0019800 seconds
193.810: Application time: 0.0824950 seconds
193.812: [GC [PSYoungGen: 88288K->7488K(96768K)] 103769K->22969K(317952K), 0.0022020 secs] [Times: user=0.01 sys=0.00, real=0.00 secs] 
193.814: Total time for which application threads were stopped: 0.0045830 seconds, Stopping threads took: 0.0022960 seconds
193.894: Application time: 0.0796360 seconds
193.896: [GC [PSYoungGen: 90432K->6128K(96768K)] 105913K->21617K(317952K), 0.0019520 secs] [Times: user=0.01 sys=0.00, real=0.00 secs] 
193.898: Total time for which application threads were stopped: 0.0047300 seconds, Stopping threads took: 0.0026970 seconds
193.978: Application time: 0.0797350 seconds
193.981: [GC [PSYoungGen: 89072K->7136K(96768K)] 104561K->22633K(317952K), 0.0021730 secs] [Times: user=0.01 sys=0.00, real=0.00 secs] 
193.983: Total time for which application threads were stopped: 0.0050010 seconds, Stopping threads took: 0.0027440 seconds
194.064: Application time: 0.0805700 seconds
194.066: [GC [PSYoungGen: 90080K->8016K(96768K)] 105577K->23521K(317952K), 0.0024110 secs] [Times: user=0.02 sys=0.00, real=0.01 secs] 
194.068: Total time for which application threads were stopped: 0.0045700 seconds, Stopping threads took: 0.0020700 seconds
194.146: Application time: 0.0773130 seconds
194.149: [GC [PSYoungGen: 90960K->8176K(96768K)] 106465K->23681K(317952K), 0.0025070 secs] [Times: user=0.01 sys=0.00, real=0.00 secs] 
194.151: Total time for which application threads were stopped: 0.0054910 seconds, Stopping threads took: 0.0028680 seconds
194.231: Application time: 0.0802990 seconds
194.234: [GC [PSYoungGen: 91120K->6976K(96768K)] 106625K->22481K(317952K), 0.0020660 secs] [Times: user=0.01 sys=0.00, real=0.01 secs] 
194.236: Total time for which application threads were stopped: 0.0046950 seconds, Stopping threads took: 0.0025470 seconds
194.316: Application time: 0.0793760 seconds
194.317: [GC [PSYoungGen: 89920K->6864K(96768K)] 105425K->22369K(317952K), 0.0021690 secs] [Times: user=0.01 sys=0.00, real=0.00 secs] 
194.319: Total time for which application threads were stopped: 0.0032460 seconds, Stopping threads took: 0.0009890 seconds
194.397: Application time: 0.0783780 seconds
194.399: [GC [PSYoungGen: 89808K->6688K(96768K)] 105313K->22201K(317952K), 0.0020720 secs] [Times: user=0.01 sys=0.00, real=0.00 secs] 
194.401: Total time for which application threads were stopped: 0.0038130 seconds, Stopping threads took: 0.0016540 seconds
194.481: Application time: 0.0795380 seconds
194.483: [GC [PSYoungGen: 89632K->4624K(96768K)] 105145K->20145K(317952K), 0.0014640 secs] [Times: user=0.01 sys=0.00, real=0.00 secs] 
194.484: Total time for which application threads were stopped: 0.0039290 seconds, Stopping threads took: 0.0023770 seconds
194.561: Application time: 0.0769820 seconds
194.564: [GC [PSYoungGen: 87568K->7856K(96768K)] 103089K->23401K(317952K), 0.0023580 secs] [Times: user=0.02 sys=0.00, real=0.00 secs] 
194.566: Total time for which application threads were stopped: 0.0045360 seconds, Stopping threads took: 0.0020930 seconds
194.645: Application time: 0.0791100 seconds
194.647: [GC [PSYoungGen: 90800K->7392K(96768K)] 106345K->22945K(317952K), 0.0022300 secs] [Times: user=0.02 sys=0.00, real=0.00 secs] 
194.650: Total time for which application threads were stopped: 0.0044080 seconds, Stopping threads took: 0.0020890 seconds
194.733: Application time: 0.0831720 seconds
194.735: [GC [PSYoungGen: 90336K->6128K(96768K)] 105889K->21681K(317952K), 0.0018900 secs] [Times: user=0.01 sys=0.00, real=0.01 secs] 
194.737: Total time for which application threads were stopped: 0.0043340 seconds, Stopping threads took: 0.0023620 seconds
194.814: Application time: 0.0772630 seconds
194.817: [GC [PSYoungGen: 89072K->7408K(96768K)] 104625K->22961K(317952K), 0.0022420 secs] [Times: user=0.02 sys=0.00, real=0.00 secs] 
194.819: Total time for which application threads were stopped: 0.0050940 seconds, Stopping threads took: 0.0027680 seconds
194.899: Application time: 0.0791870 seconds
194.901: [GC [PSYoungGen: 90352K->8208K(96768K)] 105905K->23761K(317952K), 0.0024740 secs] [Times: user=0.02 sys=0.00, real=0.00 secs] 
194.903: Total time for which application threads were stopped: 0.0045250 seconds, Stopping threads took: 0.0019650 seconds
194.985: Application time: 0.0819140 seconds
194.986: [GC [PSYoungGen: 91152K->6288K(96768K)] 106705K->21849K(317952K), 0.0019780 secs] [Times: user=0.01 sys=0.00, real=0.01 secs] 
194.988: Total time for which application threads were stopped: 0.0032600 seconds, Stopping threads took: 0.0012000 seconds
195.068: Application time: 0.0799870 seconds
195.071: [GC [PSYoungGen: 89232K->8336K(96768K)] 104793K->23905K(317952K), 0.0025270 secs] [Times: user=0.02 sys=0.00, real=0.00 secs] 
195.073: Total time for which application threads were stopped: 0.0050220 seconds, Stopping threads took: 0.0024080 seconds
195.153: Application time: 0.0799640 seconds
195.154: [GC [PSYoungGen: 91280K->6192K(96768K)] 106849K->21777K(317952K), 0.0019480 secs] [Times: user=0.01 sys=0.00, real=0.01 secs] 
195.156: Total time for which application threads were stopped: 0.0030060 seconds, Stopping threads took: 0.0009690 seconds
195.238: Application time: 0.0812500 seconds
195.239: [GC [PSYoungGen: 89136K->7328K(96768K)] 104721K->22913K(317952K), 0.0022810 secs] [Times: user=0.01 sys=0.00, real=0.00 secs] 
195.242: Total time for which application threads were stopped: 0.0042730 seconds, Stopping threads took: 0.0019100 seconds
195.320: Application time: 0.0783380 seconds
195.321: [GC [PSYoungGen: 90272K->7344K(96768K)] 105857K->22929K(317952K), 0.0044230 secs] [Times: user=0.03 sys=0.00, real=0.00 secs] 
195.326: Total time for which application threads were stopped: 0.0058400 seconds, Stopping threads took: 0.0013360 seconds
195.407: Application time: 0.0814390 seconds
195.410: [GC [PSYoungGen: 90288K->5712K(96768K)] 105873K->21297K(317952K), 0.0017860 secs] [Times: user=0.01 sys=0.00, real=0.00 secs] 
195.412: Total time for which application threads were stopped: 0.0043430 seconds, Stopping threads took: 0.0024710 seconds
195.488: Application time: 0.0766120 seconds
195.490: [GC [PSYoungGen: 88656K->8160K(96768K)] 104241K->23753K(317952K), 0.0024690 secs] [Times: user=0.02 sys=0.00, real=0.00 secs] 
195.493: Total time for which application threads were stopped: 0.0043180 seconds, Stopping threads took: 0.0017650 seconds
195.570: Application time: 0.0773290 seconds
195.573: [GC [PSYoungGen: 91104K->7344K(96768K)] 106697K->22945K(317952K), 0.0021830 secs] [Times: user=0.01 sys=0.00, real=0.00 secs] 
195.575: Total time for which application threads were stopped: 0.0051700 seconds, Stopping threads took: 0.0028950 seconds
195.653: Application time: 0.0781810 seconds
195.656: [GC [PSYoungGen: 90288K->7072K(96768K)] 105889K->22681K(317952K), 0.0021800 secs] [Times: user=0.02 sys=0.00, real=0.00 secs] 
195.658: Total time for which application threads were stopped: 0.0047150 seconds, Stopping threads took: 0.0024480 seconds
195.732: Application time: 0.0738570 seconds
195.735: [GC [PSYoungGen: 90016K->8320K(96768K)] 105625K->23929K(317952K), 0.0024710 secs] [Times: user=0.02 sys=0.00, real=0.01 secs] 
195.737: Total time for which application threads were stopped: 0.0050950 seconds, Stopping threads took: 0.0025450 seconds
195.811: Application time: 0.0739330 seconds
195.813: [GC [PSYoungGen: 91264K->8096K(96768K)] 106873K->23705K(317952K), 0.0024130 secs] [Times: user=0.02 sys=0.00, real=0.01 secs] 
195.816: Total time for which application threads were stopped: 0.0047970 seconds, Stopping threads took: 0.0023020 seconds
195.892: Application time: 0.0758670 seconds
195.894: [GC [PSYoungGen: 91040K->7024K(96768K)] 106649K->22633K(317952K), 0.0020680 secs] [Times: user=0.01 sys=0.00, real=0.01 secs] 
195.896: Total time for which application threads were stopped: 0.0039870 seconds, Stopping threads took: 0.0018360 seconds
195.974: Application time: 0.0786570 seconds
195.975: [GC [PSYoungGen: 89968K->7408K(96768K)] 105577K->23025K(317952K), 0.0022790 secs] [Times: user=0.02 sys=0.00, real=0.01 secs] 
195.977: Total time for which application threads were stopped: 0.0027240 seconds, Stopping threads took: 0.0003580 seconds
196.055: Application time: 0.0775730 seconds
196.057: [GC [PSYoungGen: 90352K->5872K(96768K)] 105969K->21497K(317952K), 0.0018180 secs] [Times: user=0.01 sys=0.00, real=0.00 secs] 
196.059: Total time for which application threads were stopped: 0.0044780 seconds, Stopping threads took: 0.0025750 seconds
196.135: Application time: 0.0759520 seconds
196.137: [GC [PSYoungGen: 88816K->7184K(96768K)] 104441K->22817K(317952K), 0.0022120 secs] [Times: user=0.01 sys=0.00, real=0.00 secs] 
196.139: Total time for which application threads were stopped: 0.0038900 seconds, Stopping threads took: 0.0015980 seconds
196.214: Application time: 0.0754080 seconds
196.216: [GC [PSYoungGen: 90128K->7616K(96768K)] 105761K->23249K(317952K), 0.0022780 secs] [Times: user=0.02 sys=0.00, real=0.00 secs] 
196.218: Total time for which application threads were stopped: 0.0039970 seconds, Stopping threads took: 0.0016310 seconds
196.291: Application time: 0.0727980 seconds
196.292: [GC [PSYoungGen: 90560K->7616K(96768K)] 106193K->23249K(317952K), 0.0025470 secs] [Times: user=0.01 sys=0.00, real=0.00 secs] 
196.295: Total time for which application threads were stopped: 0.0039310 seconds, Stopping threads took: 0.0012980 seconds
196.371: Application time: 0.0759270 seconds
196.372: [GC [PSYoungGen: 90560K->6272K(96768K)] 106193K->21905K(317952K), 0.0018920 secs] [Times: user=0.02 sys=0.00, real=0.00 secs] 
196.374: Total time for which application threads were stopped: 0.0034300 seconds, Stopping threads took: 0.0014390 seconds
196.450: Application time: 0.0750860 seconds
196.452: [GC [PSYoungGen: 89216K->7552K(96768K)] 104849K->23193K(317952K), 0.0021860 secs] [Times: user=0.02 sys=0.00, real=0.00 secs] 
196.454: Total time for which application threads were stopped: 0.0042960 seconds, Stopping threads took: 0.0020320 seconds
196.529: Application time: 0.0748330 seconds
196.530: [GC [PSYoungGen: 90496K->7760K(96768K)] 106137K->23409K(317952K), 0.0023610 secs] [Times: user=0.02 sys=0.00, real=0.00 secs] 
196.532: Total time for which application threads were stopped: 0.0038590 seconds, Stopping threads took: 0.0014140 seconds
196.607: Application time: 0.0742310 seconds
196.609: [GC [PSYoungGen: 90704K->7472K(96768K)] 106353K->23129K(317952K), 0.0023590 secs] [Times: user=0.01 sys=0.00, real=0.00 secs] 
196.612: Total time for which application threads were stopped: 0.0051770 seconds, Stopping threads took: 0.0027320 seconds
196.687: Application time: 0.0751800 seconds
196.689: [GC [PSYoungGen: 90416K->6592K(96768K)] 106073K->22257K(317952K), 0.0020420 secs] [Times: user=0.01 sys=0.00, real=0.00 secs] 
196.691: Total time for which application threads were stopped: 0.0041700 seconds, Stopping threads took: 0.0020170 seconds
196.770: Application time: 0.0784490 seconds
196.773: [GC [PSYoungGen: 89536K->8304K(96768K)] 105201K->23969K(317952K), 0.0025350 secs] [Times: user=0.02 sys=0.00, real=0.00 secs] 
196.775: Total time for which application threads were stopped: 0.0053820 seconds, Stopping threads took: 0.0027290 seconds
196.850: Application time: 0.0750260 seconds
196.852: [GC [PSYoungGen: 91248K->7792K(96768K)] 106913K->23457K(317952K), 0.0024520 secs] [Times: user=0.02 sys=0.00, real=0.00 secs] 
196.854: Total time for which application threads were stopped: 0.0038940 seconds, Stopping threads took: 0.0013400 seconds
196.930: Application time: 0.0764600 seconds
196.933: [GC [PSYoungGen: 90736K->6032K(96768K)] 106401K->21705K(317952K), 0.0018230 secs] [Times: user=0.01 sys=0.00, real=0.00 secs] 
196.935: Total time for which application threads were stopped: 0.0044680 seconds, Stopping threads took: 0.0025620 seconds
197.011: Application time: 0.0761830 seconds
197.012: [GC [PSYoungGen: 88976K->6944K(96768K)] 104649K->22625K(317952K), 0.0022420 secs] [Times: user=0.01 sys=0.00, real=0.00 secs] 
197.014: Total time for which application threads were stopped: 0.0033030 seconds, Stopping threads took: 0.0009810 seconds
197.090: Application time: 0.0756800 seconds
197.092: [GC [PSYoungGen: 89888K->5344K(96768K)] 105569K->21025K(317952K), 0.0016450 secs] [Times: user=0.01 sys=0.00, real=0.00 secs] 
197.093: Total time for which application threads were stopped: 0.0031100 seconds, Stopping threads took: 0.0013890 seconds
197.174: Application time: 0.0809430 seconds
197.176: [GC [PSYoungGen: 88288K->4144K(96768K)] 103969K->19833K(317952K), 0.0013540 secs] [Times: user=0.01 sys=0.00, real=0.00 secs] 
197.177: Total time for which application threads were stopped: 0.0030280 seconds, Stopping threads took: 0.0016040 seconds
197.260: Application time: 0.0829830 seconds
197.261: [GC [PSYoungGen: 87088K->6576K(96768K)] 102777K->22265K(317952K), 0.0019600 secs] [Times: user=0.02 sys=0.00, real=0.00 secs] 
197.263: Total time for which application threads were stopped: 0.0029730 seconds, Stopping threads took: 0.0009240 seconds
197.339: Application time: 0.0757700 seconds
197.341: [GC [PSYoungGen: 89520K->6928K(96768K)] 105209K->22617K(317952K), 0.0020210 secs] [Times: user=0.01 sys=0.00, real=0.00 secs] 
197.343: Total time for which application threads were stopped: 0.0040410 seconds, Stopping threads took: 0.0019270 seconds
197.420: Application time: 0.0774070 seconds
197.422: [GC [PSYoungGen: 89872K->8288K(96768K)] 105561K->23977K(317952K), 0.0026520 secs] [Times: user=0.01 sys=0.00, real=0.00 secs] 
197.425: Total time for which application threads were stopped: 0.0045990 seconds, Stopping threads took: 0.0018590 seconds
197.499: Application time: 0.0740010 seconds
197.502: [GC [PSYoungGen: 91232K->7664K(96768K)] 106921K->23361K(317952K), 0.0023760 secs] [Times: user=0.02 sys=0.00, real=0.00 secs] 
197.504: Total time for which application threads were stopped: 0.0054830 seconds, Stopping threads took: 0.0030260 seconds
197.576: Application time: 0.0718030 seconds
197.578: [GC [PSYoungGen: 90608K->7808K(96768K)] 106305K->23513K(317952K), 0.0023710 secs] [Times: user=0.02 sys=0.00, real=0.00 secs] 
197.580: Total time for which application threads were stopped: 0.0040600 seconds, Stopping threads took: 0.0016080 seconds
197.654: Application time: 0.0739460 seconds
197.656: [GC [PSYoungGen: 90752K->6544K(96768K)] 106457K->22257K(317952K), 0.0019320 secs] [Times: user=0.01 sys=0.00, real=0.00 secs] 
197.658: Total time for which application threads were stopped: 0.0040750 seconds, Stopping threads took: 0.0020530 seconds
197.735: Application time: 0.0769260 seconds
197.738: [GC [PSYoungGen: 89488K->6608K(96768K)] 105201K->22321K(317952K), 0.0020870 secs] [Times: user=0.01 sys=0.00, real=0.00 secs] 
197.740: Total time for which application threads were stopped: 0.0047860 seconds, Stopping threads took: 0.0026160 seconds
197.816: Application time: 0.0757170 seconds
197.818: [GC [PSYoungGen: 89552K->7488K(96768K)] 105265K->23201K(317952K), 0.0022410 secs] [Times: user=0.01 sys=0.00, real=0.00 secs] 
197.821: Total time for which application threads were stopped: 0.0047930 seconds, Stopping threads took: 0.0024680 seconds
197.895: Application time: 0.0748400 seconds
197.898: [GC [PSYoungGen: 90432K->8336K(96768K)] 106145K->24049K(317952K), 0.0025760 secs] [Times: user=0.02 sys=0.00, real=0.00 secs] 
197.900: Total time for which application threads were stopped: 0.0050410 seconds, Stopping threads took: 0.0023770 seconds
197.975: Application time: 0.0741940 seconds
197.977: [GC [PSYoungGen: 91280K->7856K(96768K)] 106993K->23577K(317952K), 0.0024270 secs] [Times: user=0.02 sys=0.00, real=0.00 secs] 
197.979: Total time for which application threads were stopped: 0.0045610 seconds, Stopping threads took: 0.0020520 seconds
198.054: Application time: 0.0745580 seconds
198.056: [GC [PSYoungGen: 90800K->7888K(96768K)] 106521K->23617K(317952K), 0.0023860 secs] [Times: user=0.02 sys=0.00, real=0.00 secs] 
198.058: Total time for which application threads were stopped: 0.0044480 seconds, Stopping threads took: 0.0019810 seconds
198.133: Application time: 0.0752220 seconds
198.134: [GC [PSYoungGen: 90832K->6336K(96768K)] 106561K->22073K(317952K), 0.0019870 secs] [Times: user=0.02 sys=0.00, real=0.01 secs] 
198.136: Total time for which application threads were stopped: 0.0029560 seconds, Stopping threads took: 0.0008870 seconds
198.212: Application time: 0.0753090 seconds
198.213: [GC [PSYoungGen: 89280K->6960K(96768K)] 105017K->22697K(317952K), 0.0020520 secs] [Times: user=0.02 sys=0.00, real=0.01 secs] 
198.216: Total time for which application threads were stopped: 0.0037480 seconds, Stopping threads took: 0.0016150 seconds
198.295: Application time: 0.0796560 seconds
198.298: [GC [PSYoungGen: 89904K->7824K(96768K)] 105641K->23561K(317952K), 0.0023750 secs] [Times: user=0.01 sys=0.00, real=0.00 secs] 
198.300: Total time for which application threads were stopped: 0.0051840 seconds, Stopping threads took: 0.0027280 seconds
198.378: Application time: 0.0773250 seconds
198.380: [GC [PSYoungGen: 90768K->5792K(96768K)] 106505K->21529K(317952K), 0.0016910 secs] [Times: user=0.01 sys=0.00, real=0.00 secs] 
198.382: Total time for which application threads were stopped: 0.0044150 seconds, Stopping threads took: 0.0026460 seconds
198.460: Application time: 0.0779340 seconds
198.462: [GC [PSYoungGen: 88736K->7824K(96768K)] 104473K->23569K(317952K), 0.0024060 secs] [Times: user=0.02 sys=0.00, real=0.00 secs] 
198.464: Total time for which application threads were stopped: 0.0041020 seconds, Stopping threads took: 0.0016050 seconds
198.545: Application time: 0.0812990 seconds
198.548: [GC [PSYoungGen: 90768K->3872K(96768K)] 106513K->19625K(317952K), 0.0011850 secs] [Times: user=0.01 sys=0.00, real=0.00 secs] 
198.549: Total time for which application threads were stopped: 0.0036450 seconds, Stopping threads took: 0.0023930 seconds
198.628: Application time: 0.0789580 seconds
198.628: [GC [PSYoungGen: 86816K->4912K(96768K)] 102569K->20673K(317952K), 0.0015770 secs] [Times: user=0.01 sys=0.00, real=0.00 secs] 
198.630: Total time for which application threads were stopped: 0.0018980 seconds, Stopping threads took: 0.0002490 seconds
198.711: Application time: 0.0812420 seconds
198.713: [GC [PSYoungGen: 87856K->6128K(96768K)] 103617K->21897K(317952K), 0.0018330 secs] [Times: user=0.01 sys=0.00, real=0.00 secs] 
198.715: Total time for which application threads were stopped: 0.0033460 seconds, Stopping threads took: 0.0014330 seconds
198.795: Application time: 0.0800960 seconds
198.797: [GC [PSYoungGen: 89072K->6800K(96768K)] 104841K->22569K(317952K), 0.0019890 secs] [Times: user=0.01 sys=0.00, real=0.00 secs] 
198.799: Total time for which application threads were stopped: 0.0045930 seconds, Stopping threads took: 0.0025180 seconds
198.878: Application time: 0.0787650 seconds
198.880: [GC [PSYoungGen: 89744K->6960K(96768K)] 105513K->22729K(317952K), 0.0021230 secs] [Times: user=0.02 sys=0.00, real=0.00 secs] 
198.882: Total time for which application threads were stopped: 0.0038640 seconds, Stopping threads took: 0.0016390 seconds
198.960: Application time: 0.0782030 seconds
198.963: [GC [PSYoungGen: 89904K->7152K(96768K)] 105673K->22921K(317952K), 0.0022050 secs] [Times: user=0.01 sys=0.00, real=0.00 secs] 
198.965: Total time for which application threads were stopped: 0.0049370 seconds, Stopping threads took: 0.0026370 seconds
199.040: Application time: 0.0753670 seconds
199.043: [GC [PSYoungGen: 90096K->8000K(96768K)] 105865K->23777K(317952K), 0.0024470 secs] [Times: user=0.02 sys=0.00, real=0.00 secs] 
199.045: Total time for which application threads were stopped: 0.0051040 seconds, Stopping threads took: 0.0025740 seconds
199.119: Application time: 0.0734210 seconds
199.121: [GC [PSYoungGen: 90944K->7952K(96768K)] 106721K->23737K(317952K), 0.0023000 secs] [Times: user=0.02 sys=0.00, real=0.00 secs] 
199.124: Total time for which application threads were stopped: 0.0048030 seconds, Stopping threads took: 0.0024220 seconds
199.204: Application time: 0.0805240 seconds
199.206: [GC [PSYoungGen: 90896K->4624K(96768K)] 106681K->20417K(317952K), 0.0014770 secs] [Times: user=0.01 sys=0.00, real=0.00 secs] 
199.207: Total time for which application threads were stopped: 0.0028230 seconds, Stopping threads took: 0.0012730 seconds
199.286: Application time: 0.0788450 seconds
199.287: [GC [PSYoungGen: 87568K->5424K(96768K)] 103361K->21217K(317952K), 0.0016530 secs] [Times: user=0.02 sys=0.00, real=0.00 secs] 
199.289: Total time for which application threads were stopped: 0.0031350 seconds, Stopping threads took: 0.0014030 seconds
199.367: Application time: 0.0776200 seconds
199.370: [GC [PSYoungGen: 88368K->7104K(96768K)] 104161K->22897K(317952K), 0.0021250 secs] [Times: user=0.02 sys=0.00, real=0.00 secs] 
199.372: Total time for which application threads were stopped: 0.0050420 seconds, Stopping threads took: 0.0028360 seconds
199.447: Application time: 0.0756630 seconds
199.449: [GC [PSYoungGen: 90048K->6544K(96768K)] 105841K->22337K(317952K), 0.0019760 secs] [Times: user=0.01 sys=0.00, real=0.00 secs] 
199.451: Total time for which application threads were stopped: 0.0036270 seconds, Stopping threads took: 0.0015700 seconds
199.526: Application time: 0.0747690 seconds
199.527: [GC [PSYoungGen: 89488K->7600K(96768K)] 105281K->23401K(317952K), 0.0022810 secs] [Times: user=0.02 sys=0.00, real=0.00 secs] 
199.530: Total time for which application threads were stopped: 0.0040550 seconds, Stopping threads took: 0.0016850 seconds
199.608: Application time: 0.0779880 seconds
199.610: [GC [PSYoungGen: 90544K->5936K(96768K)] 106345K->21745K(317952K), 0.0018200 secs] [Times: user=0.01 sys=0.00, real=0.00 secs] 
199.612: Total time for which application threads were stopped: 0.0042870 seconds, Stopping threads took: 0.0023840 seconds
199.692: Application time: 0.0794230 seconds
199.694: [GC [PSYoungGen: 88880K->7328K(96768K)] 104689K->23145K(317952K), 0.0022620 secs] [Times: user=0.01 sys=0.00, real=0.01 secs] 
199.697: Total time for which application threads were stopped: 0.0051610 seconds, Stopping threads took: 0.0028150 seconds
199.778: Application time: 0.0809310 seconds
199.780: [GC [PSYoungGen: 90272K->5808K(96768K)] 106089K->21625K(317952K), 0.0017680 secs] [Times: user=0.01 sys=0.00, real=0.00 secs] 
199.781: Total time for which application threads were stopped: 0.0038070 seconds, Stopping threads took: 0.0019580 seconds
199.861: Application time: 0.0791750 seconds
199.863: [GC [PSYoungGen: 88752K->7664K(96768K)] 104569K->23481K(317952K), 0.0023060 secs] [Times: user=0.01 sys=0.00, real=0.00 secs] 
199.865: Total time for which application threads were stopped: 0.0046530 seconds, Stopping threads took: 0.0022570 seconds
199.946: Application time: 0.0810610 seconds
199.947: [GC [PSYoungGen: 90608K->6208K(96768K)] 106425K->22025K(317952K), 0.0019090 secs] [Times: user=0.01 sys=0.00, real=0.00 secs] 
199.949: Total time for which application threads were stopped: 0.0029810 seconds, Stopping threads took: 0.0009810 seconds
200.034: Application time: 0.0846740 seconds
200.037: [GC [PSYoungGen: 89152K->5808K(96768K)] 104969K->21633K(317952K), 0.0018090 secs] [Times: user=0.01 sys=0.00, real=0.00 secs] 
200.039: Total time for which application threads were stopped: 0.0051240 seconds, Stopping threads took: 0.0032220 seconds
200.121: Application time: 0.0816550 seconds
200.123: [GC [PSYoungGen: 88752K->6384K(96768K)] 104577K->22217K(317952K), 0.0019450 secs] [Times: user=0.02 sys=0.00, real=0.00 secs] 
200.125: Total time for which application threads were stopped: 0.0040500 seconds, Stopping threads took: 0.0020190 seconds
200.206: Application time: 0.0807370 seconds
200.208: [GC [PSYoungGen: 89328K->6480K(96768K)] 105161K->22321K(317952K), 0.0019560 secs] [Times: user=0.01 sys=0.00, real=0.00 secs] 
200.210: Total time for which application threads were stopped: 0.0045850 seconds, Stopping threads took: 0.0025490 seconds
200.289: Application time: 0.0788620 seconds
200.291: [GC [PSYoungGen: 89424K->7504K(96768K)] 105265K->23345K(317952K), 0.0023970 secs] [Times: user=0.02 sys=0.00, real=0.00 secs] 
200.293: Total time for which application threads were stopped: 0.0040280 seconds, Stopping threads took: 0.0015470 seconds
200.371: Application time: 0.0783010 seconds
200.374: [GC [PSYoungGen: 90448K->6128K(96768K)] 106289K->21969K(317952K), 0.0018220 secs] [Times: user=0.01 sys=0.00, real=0.01 secs] 
200.376: Total time for which application threads were stopped: 0.0042550 seconds, Stopping threads took: 0.0023470 seconds
200.456: Application time: 0.0800330 seconds
200.458: [GC [PSYoungGen: 89072K->5968K(96768K)] 104913K->21809K(317952K), 0.0017270 secs] [Times: user=0.02 sys=0.00, real=0.00 secs] 
200.460: Total time for which application threads were stopped: 0.0039290 seconds, Stopping threads took: 0.0021190 seconds
200.541: Application time: 0.0818500 seconds
200.544: [GC [PSYoungGen: 88912K->7056K(96768K)] 104753K->22905K(317952K), 0.0021430 secs] [Times: user=0.01 sys=0.00, real=0.00 secs] 
200.546: Total time for which application threads were stopped: 0.0048050 seconds, Stopping threads took: 0.0025650 seconds
200.626: Application time: 0.0795280 seconds
200.629: [GC [PSYoungGen: 90000K->7824K(96768K)] 105849K->23681K(317952K), 0.0024200 secs] [Times: user=0.02 sys=0.00, real=0.00 secs] 
200.631: Total time for which application threads were stopped: 0.0055890 seconds, Stopping threads took: 0.0030860 seconds
200.712: Application time: 0.0801700 seconds
200.714: [GC [PSYoungGen: 90768K->6368K(96768K)] 106625K->22233K(317952K), 0.0019700 secs] [Times: user=0.01 sys=0.00, real=0.01 secs] 
200.716: Total time for which application threads were stopped: 0.0046380 seconds, Stopping threads took: 0.0025820 seconds
200.794: Application time: 0.0777420 seconds
200.795: [GC [PSYoungGen: 89312K->6976K(96768K)] 105177K->22849K(317952K), 0.0021480 secs] [Times: user=0.02 sys=0.00, real=0.01 secs] 
200.797: Total time for which application threads were stopped: 0.0030490 seconds, Stopping threads took: 0.0008170 seconds
200.875: Application time: 0.0781650 seconds
200.877: [GC [PSYoungGen: 89920K->7984K(96768K)] 105793K->23857K(317952K), 0.0024840 secs] [Times: user=0.01 sys=0.00, real=0.00 secs] 
200.880: Total time for which application threads were stopped: 0.0046010 seconds, Stopping threads took: 0.0020330 seconds
200.961: Application time: 0.0810540 seconds
200.963: [GC [PSYoungGen: 90928K->6864K(96768K)] 106801K->22737K(317952K), 0.0021050 secs] [Times: user=0.01 sys=0.00, real=0.00 secs] 
200.966: Total time for which application threads were stopped: 0.0047240 seconds, Stopping threads took: 0.0025370 seconds
201.044: Application time: 0.0789890 seconds
201.047: [GC [PSYoungGen: 89808K->6688K(96768K)] 105681K->22561K(317952K), 0.0020030 secs] [Times: user=0.01 sys=0.00, real=0.00 secs] 
201.049: Total time for which application threads were stopped: 0.0049740 seconds, Stopping threads took: 0.0028820 seconds
201.127: Application time: 0.0777220 seconds
201.130: [GC [PSYoungGen: 89632K->7040K(96768K)] 105505K->22921K(317952K), 0.0022240 secs] [Times: user=0.01 sys=0.00, real=0.00 secs] 
201.132: Total time for which application threads were stopped: 0.0047180 seconds, Stopping threads took: 0.0024080 seconds
201.218: Application time: 0.0858420 seconds
201.219: [GC [PSYoungGen: 89984K->4656K(96768K)] 105865K->20545K(317952K), 0.0015220 secs] [Times: user=0.01 sys=0.00, real=0.00 secs] 
201.221: Total time for which application threads were stopped: 0.0032110 seconds, Stopping threads took: 0.0016130 seconds
201.301: Application time: 0.0799500 seconds
201.302: [GC [PSYoungGen: 87600K->5344K(96768K)] 103489K->21241K(317952K), 0.0016150 secs] [Times: user=0.01 sys=0.00, real=0.00 secs] 
201.304: Total time for which application threads were stopped: 0.0032060 seconds, Stopping threads took: 0.0015070 seconds
201.383: Application time: 0.0787810 seconds
201.386: [GC [PSYoungGen: 88288K->6688K(96768K)] 104185K->22585K(317952K), 0.0019690 secs] [Times: user=0.02 sys=0.00, real=0.01 secs] 
201.388: Total time for which application threads were stopped: 0.0047100 seconds, Stopping threads took: 0.0026370 seconds
201.467: Application time: 0.0798730 seconds
201.469: [GC [PSYoungGen: 89632K->5520K(96768K)] 105529K->21417K(317952K), 0.0019390 secs] [Times: user=0.01 sys=0.00, real=0.00 secs] 
201.471: Total time for which application threads were stopped: 0.0036600 seconds, Stopping threads took: 0.0016220 seconds
201.552: Application time: 0.0804340 seconds
201.554: [GC [PSYoungGen: 88464K->6512K(96768K)] 104361K->22409K(317952K), 0.0022700 secs] [Times: user=0.01 sys=0.00, real=0.01 secs] 
201.556: Total time for which application threads were stopped: 0.0045880 seconds, Stopping threads took: 0.0022090 seconds
201.639: Application time: 0.0823950 seconds
201.641: [GC [PSYoungGen: 89456K->6096K(96768K)] 105353K->22001K(317952K), 0.0020140 secs] [Times: user=0.01 sys=0.00, real=0.00 secs] 
201.643: Total time for which application threads were stopped: 0.0044950 seconds, Stopping threads took: 0.0023900 seconds
201.725: Application time: 0.0818590 seconds
201.727: [GC [PSYoungGen: 89040K->6624K(96768K)] 104945K->22537K(317952K), 0.0020900 secs] [Times: user=0.02 sys=0.00, real=0.01 secs] 
201.729: Total time for which application threads were stopped: 0.0038400 seconds, Stopping threads took: 0.0016620 seconds
201.808: Application time: 0.0792860 seconds
201.811: [GC [PSYoungGen: 89568K->6560K(96768K)] 105481K->22481K(317952K), 0.0019580 secs] [Times: user=0.01 sys=0.00, real=0.00 secs] 
201.813: Total time for which application threads were stopped: 0.0050040 seconds, Stopping threads took: 0.0029590 seconds
201.900: Application time: 0.0865610 seconds
201.903: [GC [PSYoungGen: 89504K->4624K(96768K)] 105425K->20545K(317952K), 0.0013060 secs] [Times: user=0.01 sys=0.00, real=0.00 secs] 
201.904: Total time for which application threads were stopped: 0.0044360 seconds, Stopping threads took: 0.0030490 seconds
201.986: Application time: 0.0818680 seconds
201.988: [GC [PSYoungGen: 87568K->6608K(96768K)] 103489K->22529K(317952K), 0.0020050 secs] [Times: user=0.01 sys=0.00, real=0.00 secs] 
201.990: Total time for which application threads were stopped: 0.0037050 seconds, Stopping threads took: 0.0016120 seconds
202.067: Application time: 0.0777170 seconds
202.070: [GC [PSYoungGen: 89552K->6000K(96768K)] 105473K->21921K(317952K), 0.0018410 secs] [Times: user=0.01 sys=0.00, real=0.00 secs] 
202.072: Total time for which application threads were stopped: 0.0043390 seconds, Stopping threads took: 0.0024060 seconds
202.153: Application time: 0.0814040 seconds
202.155: [GC [PSYoungGen: 88944K->6752K(96768K)] 104865K->22681K(317952K), 0.0020020 secs] [Times: user=0.02 sys=0.00, real=0.01 secs] 
202.157: Total time for which application threads were stopped: 0.0039320 seconds, Stopping threads took: 0.0018470 seconds
202.236: Application time: 0.0785800 seconds
202.237: [GC [PSYoungGen: 89696K->7360K(96768K)] 105625K->23297K(317952K), 0.0022430 secs] [Times: user=0.01 sys=0.00, real=0.00 secs] 
202.239: Total time for which application threads were stopped: 0.0037680 seconds, Stopping threads took: 0.0014340 seconds
202.318: Application time: 0.0787700 seconds
202.320: [GC [PSYoungGen: 90304K->6416K(96768K)] 106241K->22361K(317952K), 0.0019270 secs] [Times: user=0.02 sys=0.00, real=0.00 secs] 
202.322: Total time for which application threads were stopped: 0.0035590 seconds, Stopping threads took: 0.0015480 seconds
202.400: Application time: 0.0786310 seconds
202.403: [GC [PSYoungGen: 89360K->8272K(96768K)] 105305K->24225K(317952K), 0.0024900 secs] [Times: user=0.02 sys=0.00, real=0.00 secs] 
202.406: Total time for which application threads were stopped: 0.0056440 seconds, Stopping threads took: 0.0030700 seconds
202.486: Application time: 0.0798400 seconds
202.488: [GC [PSYoungGen: 91216K->7872K(96768K)] 107169K->23825K(317952K), 0.0025290 secs] [Times: user=0.02 sys=0.00, real=0.00 secs] 
202.490: Total time for which application threads were stopped: 0.0045260 seconds, Stopping threads took: 0.0018910 seconds
202.568: Application time: 0.0774940 seconds
202.569: [GC [PSYoungGen: 90816K->6720K(96768K)] 106769K->22673K(317952K), 0.0021500 secs] [Times: user=0.02 sys=0.00, real=0.00 secs] 
202.571: Total time for which application threads were stopped: 0.0031030 seconds, Stopping threads took: 0.0008650 seconds
202.649: Application time: 0.0775540 seconds
202.651: [GC [PSYoungGen: 89664K->7136K(96768K)] 105617K->23097K(317952K), 0.0022510 secs] [Times: user=0.01 sys=0.00, real=0.00 secs] 
202.653: Total time for which application threads were stopped: 0.0043340 seconds, Stopping threads took: 0.0019870 seconds
202.732: Application time: 0.0788090 seconds
202.735: [GC [PSYoungGen: 90080K->8000K(96768K)] 106041K->23969K(317952K), 0.0023740 secs] [Times: user=0.02 sys=0.00, real=0.01 secs] 
202.737: Total time for which application threads were stopped: 0.0053150 seconds, Stopping threads took: 0.0028570 seconds
202.817: Application time: 0.0800070 seconds
202.820: [GC [PSYoungGen: 90944K->5920K(96768K)] 106913K->21897K(317952K), 0.0017190 secs] [Times: user=0.01 sys=0.00, real=0.00 secs] 
202.821: Total time for which application threads were stopped: 0.0044400 seconds, Stopping threads took: 0.0026390 seconds
202.902: Application time: 0.0808780 seconds
202.905: [GC [PSYoungGen: 88864K->7872K(96768K)] 104841K->23873K(317952K), 0.0023710 secs] [Times: user=0.02 sys=0.00, real=0.00 secs] 
202.907: Total time for which application threads were stopped: 0.0047920 seconds, Stopping threads took: 0.0023400 seconds
202.987: Application time: 0.0799060 seconds
202.989: [GC [PSYoungGen: 90816K->5168K(96768K)] 106817K->21169K(317952K), 0.0015730 secs] [Times: user=0.01 sys=0.00, real=0.00 secs] 
202.991: Total time for which application threads were stopped: 0.0039270 seconds, Stopping threads took: 0.0022720 seconds
203.077: Application time: 0.0859840 seconds
203.079: [GC [PSYoungGen: 88112K->3808K(96768K)] 104113K->19809K(317952K), 0.0012560 secs] [Times: user=0.01 sys=0.00, real=0.00 secs] 
203.080: Total time for which application threads were stopped: 0.0030050 seconds, Stopping threads took: 0.0016770 seconds
203.167: Application time: 0.0866080 seconds
203.169: [GC [PSYoungGen: 86752K->6544K(96768K)] 102753K->22553K(317952K), 0.0020010 secs] [Times: user=0.01 sys=0.00, real=0.00 secs] 
203.171: Total time for which application threads were stopped: 0.0041140 seconds, Stopping threads took: 0.0020190 seconds
203.251: Application time: 0.0807620 seconds
203.255: [GC [PSYoungGen: 89488K->4928K(96768K)] 105497K->20945K(317952K), 0.0018680 secs] [Times: user=0.00 sys=0.00, real=0.01 secs] 
203.257: Total time for which application threads were stopped: 0.0055450 seconds, Stopping threads took: 0.0035780 seconds
203.341: Application time: 0.0841980 seconds
203.344: [GC [PSYoungGen: 87872K->8016K(96768K)] 103889K->24041K(317952K), 0.0025600 secs] [Times: user=0.02 sys=0.00, real=0.00 secs] 
203.347: Total time for which application threads were stopped: 0.0054990 seconds, Stopping threads took: 0.0028500 seconds
203.428: Application time: 0.0814830 seconds
203.430: [GC [PSYoungGen: 90960K->8064K(96768K)] 106985K->24097K(317952K), 0.0025260 secs] [Times: user=0.02 sys=0.00, real=0.00 secs] 
203.433: Total time for which application threads were stopped: 0.0045040 seconds, Stopping threads took: 0.0018940 seconds
203.512: Application time: 0.0791830 seconds
203.514: [GC [PSYoungGen: 91008K->5792K(96768K)] 107041K->21825K(317952K), 0.0017500 secs] [Times: user=0.01 sys=0.00, real=0.01 secs] 
203.516: Total time for which application threads were stopped: 0.0038410 seconds, Stopping threads took: 0.0020090 seconds
203.592: Application time: 0.0766880 seconds
203.594: [GC [PSYoungGen: 88736K->7904K(96768K)] 104769K->23937K(317952K), 0.0023870 secs] [Times: user=0.01 sys=0.00, real=0.01 secs] 
203.597: Total time for which application threads were stopped: 0.0043950 seconds, Stopping threads took: 0.0019320 seconds
203.675: Application time: 0.0779850 seconds
203.675: [GC [PSYoungGen: 90848K->6608K(96768K)] 106881K->22641K(317952K), 0.0020500 secs] [Times: user=0.01 sys=0.00, real=0.00 secs] 
203.677: Total time for which application threads were stopped: 0.0024750 seconds, Stopping threads took: 0.0003270 seconds
203.754: Application time: 0.0768730 seconds
203.757: [GC [PSYoungGen: 89552K->7472K(96768K)] 105585K->23513K(317952K), 0.0022310 secs] [Times: user=0.01 sys=0.00, real=0.00 secs] 
203.759: Total time for which application threads were stopped: 0.0047460 seconds, Stopping threads took: 0.0024350 seconds
203.836: Application time: 0.0768590 seconds
203.837: [GC [PSYoungGen: 90416K->6288K(96768K)] 106457K->22337K(317952K), 0.0019490 secs] [Times: user=0.01 sys=0.00, real=0.00 secs] 
203.839: Total time for which application threads were stopped: 0.0036250 seconds, Stopping threads took: 0.0015970 seconds
203.913: Application time: 0.0740560 seconds
203.916: [GC [PSYoungGen: 89232K->8384K(96768K)] 105281K->24441K(317952K), 0.0025740 secs] [Times: user=0.02 sys=0.00, real=0.00 secs] 
203.918: Total time for which application threads were stopped: 0.0048180 seconds, Stopping threads took: 0.0021650 seconds
203.990: Application time: 0.0721940 seconds
203.993: [GC [PSYoungGen: 91328K->7104K(96768K)] 107385K->23161K(317952K), 0.0021870 secs] [Times: user=0.01 sys=0.00, real=0.00 secs] 
203.995: Total time for which application threads were stopped: 0.0043680 seconds, Stopping threads took: 0.0020990 seconds
204.075: Application time: 0.0803940 seconds
204.077: [GC [PSYoungGen: 90048K->4208K(96768K)] 106105K->20265K(317952K), 0.0013470 secs] [Times: user=0.01 sys=0.00, real=0.00 secs] 
204.078: Total time for which application threads were stopped: 0.0031920 seconds, Stopping threads took: 0.0017770 seconds
204.163: Application time: 0.0842770 seconds
204.163: [GC [PSYoungGen: 87152K->5040K(96768K)] 103209K->21097K(317952K), 0.0015150 secs] [Times: user=0.01 sys=0.00, real=0.00 secs] 
204.165: Total time for which application threads were stopped: 0.0019130 seconds, Stopping threads took: 0.0003180 seconds
204.250: Application time: 0.0856240 seconds
204.253: [GC [PSYoungGen: 87984K->7472K(96768K)] 104041K->23537K(317952K), 0.0022700 secs] [Times: user=0.01 sys=0.00, real=0.00 secs] 
204.255: Total time for which application threads were stopped: 0.0048290 seconds, Stopping threads took: 0.0024700 seconds
204.339: Application time: 0.0835660 seconds
204.341: [GC [PSYoungGen: 90416K->5856K(96768K)] 106481K->21929K(317952K), 0.0017720 secs] [Times: user=0.01 sys=0.00, real=0.00 secs] 
204.342: Total time for which application threads were stopped: 0.0038140 seconds, Stopping threads took: 0.0019620 seconds
204.425: Application time: 0.0821750 seconds
204.427: [GC [PSYoungGen: 88800K->3808K(96768K)] 104873K->19889K(317952K), 0.0011200 secs] [Times: user=0.01 sys=0.00, real=0.00 secs] 
204.428: Total time for which application threads were stopped: 0.0037550 seconds, Stopping threads took: 0.0025640 seconds
204.508: Application time: 0.0794960 seconds
204.509: [GC [PSYoungGen: 86752K->4832K(96768K)] 102833K->20913K(317952K), 0.0014640 secs] [Times: user=0.01 sys=0.00, real=0.00 secs] 
204.511: Total time for which application threads were stopped: 0.0027770 seconds, Stopping threads took: 0.0012290 seconds
204.592: Application time: 0.0814230 seconds
204.594: [GC [PSYoungGen: 87776K->5280K(96768K)] 103857K->21361K(317952K), 0.0014910 secs] [Times: user=0.00 sys=0.01, real=0.01 secs] 
204.595: Total time for which application threads were stopped: 0.0033540 seconds, Stopping threads took: 0.0017860 seconds
204.671: Application time: 0.0758130 seconds
204.674: [GC [PSYoungGen: 88224K->6960K(96768K)] 104305K->23041K(317952K), 0.0021170 secs] [Times: user=0.01 sys=0.00, real=0.01 secs] 
204.676: Total time for which application threads were stopped: 0.0048330 seconds, Stopping threads took: 0.0026360 seconds
204.751: Application time: 0.0751410 seconds
204.753: [GC [PSYoungGen: 89904K->7104K(96768K)] 105985K->23193K(317952K), 0.0021290 secs] [Times: user=0.01 sys=0.00, real=0.00 secs] 
204.755: Total time for which application threads were stopped: 0.0037800 seconds, Stopping threads took: 0.0015690 seconds
204.830: Application time: 0.0751830 seconds
204.833: [GC [PSYoungGen: 90048K->8336K(96768K)] 106137K->24433K(317952K), 0.0024680 secs] [Times: user=0.02 sys=0.00, real=0.01 secs] 
204.835: Total time for which application threads were stopped: 0.0050080 seconds, Stopping threads took: 0.0024520 seconds
204.914: Application time: 0.0784870 seconds
204.916: [GC [PSYoungGen: 91280K->8208K(96768K)] 107377K->24313K(317952K), 0.0025300 secs] [Times: user=0.01 sys=0.00, real=0.00 secs] 
204.918: Total time for which application threads were stopped: 0.0043730 seconds, Stopping threads took: 0.0017630 seconds
204.999: Application time: 0.0807160 seconds
205.001: [GC [PSYoungGen: 91152K->7296K(96768K)] 107257K->23409K(317952K), 0.0021860 secs] [Times: user=0.01 sys=0.00, real=0.00 secs] 
205.003: Total time for which application threads were stopped: 0.0046080 seconds, Stopping threads took: 0.0023380 seconds
205.085: Application time: 0.0815540 seconds
205.087: [GC [PSYoungGen: 90240K->3808K(96768K)] 106353K->19921K(317952K), 0.0012340 secs] [Times: user=0.00 sys=0.00, real=0.01 secs] 
205.088: Total time for which application threads were stopped: 0.0028750 seconds, Stopping threads took: 0.0015720 seconds
205.167: Application time: 0.0795600 seconds
205.169: [GC [PSYoungGen: 86752K->5648K(96768K)] 102865K->21761K(317952K), 0.0016670 secs] [Times: user=0.02 sys=0.00, real=0.00 secs] 
205.171: Total time for which application threads were stopped: 0.0034100 seconds, Stopping threads took: 0.0016660 seconds
205.247: Application time: 0.0762000 seconds
205.248: [GC [PSYoungGen: 88592K->5488K(96768K)] 104705K->21609K(317952K), 0.0016370 secs] [Times: user=0.01 sys=0.00, real=0.00 secs] 
205.250: Total time for which application threads were stopped: 0.0025300 seconds, Stopping threads took: 0.0008140 seconds
205.328: Application time: 0.0781850 seconds
205.330: [GC [PSYoungGen: 88432K->7488K(96768K)] 104553K->23617K(317952K), 0.0022030 secs] [Times: user=0.01 sys=0.00, real=0.00 secs] 
205.332: Total time for which application threads were stopped: 0.0046400 seconds, Stopping threads took: 0.0023540 seconds
205.409: Application time: 0.0765360 seconds
205.410: [GC [PSYoungGen: 90432K->4688K(96768K)] 106561K->20825K(317952K), 0.0015670 secs] [Times: user=0.00 sys=0.00, real=0.00 secs] 
205.412: Total time for which application threads were stopped: 0.0026580 seconds, Stopping threads took: 0.0010040 seconds
205.487: Application time: 0.0758540 seconds
205.489: [GC [PSYoungGen: 87632K->6944K(96768K)] 103769K->23089K(317952K), 0.0021100 secs] [Times: user=0.01 sys=0.00, real=0.00 secs] 
205.491: Total time for which application threads were stopped: 0.0035660 seconds, Stopping threads took: 0.0013710 seconds
205.575: Application time: 0.0840150 seconds
205.578: [GC [PSYoungGen: 89888K->4752K(96768K)] 106033K->20897K(317952K), 0.0014430 secs] [Times: user=0.01 sys=0.00, real=0.00 secs] 
205.579: Total time for which application threads were stopped: 0.0040820 seconds, Stopping threads took: 0.0025650 seconds
205.659: Application time: 0.0797660 seconds
205.660: [GC [PSYoungGen: 87696K->6688K(96768K)] 103841K->22833K(317952K), 0.0019430 secs] [Times: user=0.01 sys=0.00, real=0.00 secs] 
205.662: Total time for which application threads were stopped: 0.0034750 seconds, Stopping threads took: 0.0014510 seconds
205.738: Application time: 0.0755470 seconds
205.740: [GC [PSYoungGen: 89632K->6640K(96768K)] 105777K->22793K(317952K), 0.0019470 secs] [Times: user=0.01 sys=0.00, real=0.00 secs] 
205.742: Total time for which application threads were stopped: 0.0036690 seconds, Stopping threads took: 0.0016440 seconds
205.817: Application time: 0.0756830 seconds
205.819: [GC [PSYoungGen: 89584K->4560K(96768K)] 105737K->20721K(317952K), 0.0013590 secs] [Times: user=0.01 sys=0.00, real=0.00 secs] 
205.820: Total time for which application threads were stopped: 0.0028370 seconds, Stopping threads took: 0.0014040 seconds
205.896: Application time: 0.0756520 seconds
205.899: [GC [PSYoungGen: 87504K->6480K(96768K)] 103665K->22649K(317952K), 0.0020580 secs] [Times: user=0.01 sys=0.00, real=0.00 secs] 
205.901: Total time for which application threads were stopped: 0.0049070 seconds, Stopping threads took: 0.0027670 seconds
205.976: Application time: 0.0748960 seconds
205.977: [GC [PSYoungGen: 89424K->6480K(96768K)] 105593K->22657K(317952K), 0.0019180 secs] [Times: user=0.00 sys=0.00, real=0.00 secs] 
205.979: Total time for which application threads were stopped: 0.0036240 seconds, Stopping threads took: 0.0016070 seconds
206.063: Application time: 0.0834270 seconds
206.063: [GC [PSYoungGen: 89424K->3712K(96768K)] 105601K->19889K(317952K), 0.0011390 secs] [Times: user=0.01 sys=0.00, real=0.00 secs] 
206.064: Total time for which application threads were stopped: 0.0013770 seconds, Stopping threads took: 0.0001710 seconds
206.144: Application time: 0.0797720 seconds
206.145: [GC [PSYoungGen: 86656K->5552K(96768K)] 102833K->21729K(317952K), 0.0016120 secs] [Times: user=0.01 sys=0.00, real=0.00 secs] 
206.147: Total time for which application threads were stopped: 0.0031660 seconds, Stopping threads took: 0.0014720 seconds
206.223: Application time: 0.0758840 seconds
206.225: [GC [PSYoungGen: 88496K->7456K(96768K)] 104673K->23641K(317952K), 0.0022180 secs] [Times: user=0.02 sys=0.00, real=0.01 secs] 
206.227: Total time for which application threads were stopped: 0.0044270 seconds, Stopping threads took: 0.0021220 seconds
206.302: Application time: 0.0743340 seconds
206.304: [GC [PSYoungGen: 90400K->7536K(96768K)] 106585K->23729K(317952K), 0.0021770 secs] [Times: user=0.01 sys=0.00, real=0.00 secs] 
206.306: Total time for which application threads were stopped: 0.0046640 seconds, Stopping threads took: 0.0024040 seconds
206.383: Application time: 0.0766310 seconds
206.386: [GC [PSYoungGen: 90480K->7664K(96768K)] 106673K->23865K(317952K), 0.0023500 secs] [Times: user=0.02 sys=0.00, real=0.01 secs] 
206.388: Total time for which application threads were stopped: 0.0053460 seconds, Stopping threads took: 0.0029130 seconds
206.464: Application time: 0.0758440 seconds
206.466: [GC [PSYoungGen: 90608K->7408K(96768K)] 106809K->23617K(317952K), 0.0021390 secs] [Times: user=0.01 sys=0.00, real=0.01 secs] 
206.468: Total time for which application threads were stopped: 0.0043180 seconds, Stopping threads took: 0.0020990 seconds
206.546: Application time: 0.0774270 seconds
206.547: [GC [PSYoungGen: 90352K->4848K(96768K)] 106561K->21057K(317952K), 0.0017880 secs] [Times: user=0.01 sys=0.00, real=0.01 secs] 
206.549: Total time for which application threads were stopped: 0.0027340 seconds, Stopping threads took: 0.0008570 seconds
206.624: Application time: 0.0755970 seconds
206.625: [GC [PSYoungGen: 87792K->6928K(96768K)] 104001K->23137K(317952K), 0.0021850 secs] [Times: user=0.01 sys=0.00, real=0.01 secs] 
206.628: Total time for which application threads were stopped: 0.0035270 seconds, Stopping threads took: 0.0012640 seconds
206.703: Application time: 0.0754970 seconds
206.705: [GC [PSYoungGen: 89872K->7264K(96768K)] 106081K->23473K(317952K), 0.0022300 secs] [Times: user=0.02 sys=0.00, real=0.00 secs] 
206.707: Total time for which application threads were stopped: 0.0037520 seconds, Stopping threads took: 0.0014420 seconds
206.782: Application time: 0.0748230 seconds
206.784: [GC [PSYoungGen: 90208K->6704K(96768K)] 106417K->22921K(317952K), 0.0020300 secs] [Times: user=0.02 sys=0.00, real=0.00 secs] 
206.786: Total time for which application threads were stopped: 0.0044010 seconds, Stopping threads took: 0.0022910 seconds
206.861: Application time: 0.0750140 seconds
206.863: [GC [PSYoungGen: 89648K->7152K(96768K)] 105865K->23377K(317952K), 0.0021770 secs] [Times: user=0.02 sys=0.00, real=0.00 secs] 
206.866: Total time for which application threads were stopped: 0.0043380 seconds, Stopping threads took: 0.0020800 seconds
206.941: Application time: 0.0755010 seconds
206.944: [GC [PSYoungGen: 90096K->5472K(96768K)] 106321K->21705K(317952K), 0.0015810 secs] [Times: user=0.01 sys=0.00, real=0.00 secs] 
206.945: Total time for which application threads were stopped: 0.0042890 seconds, Stopping threads took: 0.0026300 seconds
207.019: Application time: 0.0732790 seconds
207.021: [GC [PSYoungGen: 88416K->8320K(96768K)] 104649K->24577K(317952K), 0.0025140 secs] [Times: user=0.02 sys=0.00, real=0.00 secs] 
207.023: Total time for which application threads were stopped: 0.0046730 seconds, Stopping threads took: 0.0020770 seconds
207.098: Application time: 0.0743520 seconds
207.100: [GC [PSYoungGen: 91264K->7248K(96768K)] 107521K->23505K(317952K), 0.0021220 secs] [Times: user=0.02 sys=0.00, real=0.00 secs] 
207.102: Total time for which application threads were stopped: 0.0047830 seconds, Stopping threads took: 0.0025730 seconds
207.178: Application time: 0.0751440 seconds
207.179: [GC [PSYoungGen: 90192K->6992K(96768K)] 106449K->23249K(317952K), 0.0020780 secs] [Times: user=0.01 sys=0.00, real=0.00 secs] 
207.182: Total time for which application threads were stopped: 0.0040430 seconds, Stopping threads took: 0.0018810 seconds
207.262: Application time: 0.0803820 seconds
207.263: [GC [PSYoungGen: 89936K->6848K(96768K)] 106193K->23113K(317952K), 0.0020520 secs] [Times: user=0.02 sys=0.00, real=0.00 secs] 
207.265: Total time for which application threads were stopped: 0.0032390 seconds, Stopping threads took: 0.0011010 seconds
207.348: Application time: 0.0823760 seconds
207.349: [GC [PSYoungGen: 89792K->7040K(96768K)] 106057K->23313K(317952K), 0.0022170 secs] [Times: user=0.01 sys=0.00, real=0.00 secs] 
207.351: Total time for which application threads were stopped: 0.0036890 seconds, Stopping threads took: 0.0013890 seconds
207.428: Application time: 0.0768900 seconds
207.430: [GC [PSYoungGen: 89984K->5904K(96768K)] 106257K->22185K(317952K), 0.0017580 secs] [Times: user=0.01 sys=0.00, real=0.00 secs] 
207.432: Total time for which application threads were stopped: 0.0037470 seconds, Stopping threads took: 0.0019070 seconds
207.507: Application time: 0.0749520 seconds
207.509: [GC [PSYoungGen: 88848K->6992K(96768K)] 105129K->23281K(317952K), 0.0020890 secs] [Times: user=0.01 sys=0.00, real=0.00 secs] 
207.511: Total time for which application threads were stopped: 0.0038990 seconds, Stopping threads took: 0.0017320 seconds
207.589: Application time: 0.0783980 seconds
207.592: [GC [PSYoungGen: 89936K->7664K(96768K)] 106225K->23953K(317952K), 0.0023450 secs] [Times: user=0.02 sys=0.00, real=0.00 secs] 
207.595: Total time for which application threads were stopped: 0.0054780 seconds, Stopping threads took: 0.0030510 seconds
207.673: Application time: 0.0779300 seconds
207.675: [GC [PSYoungGen: 90608K->7856K(96768K)] 106897K->24145K(317952K), 0.0023870 secs] [Times: user=0.01 sys=0.01, real=0.01 secs] 
207.677: Total time for which application threads were stopped: 0.0048550 seconds, Stopping threads took: 0.0023770 seconds
207.757: Application time: 0.0796280 seconds
207.760: [GC [PSYoungGen: 90800K->6720K(96768K)] 107089K->23017K(317952K), 0.0020420 secs] [Times: user=0.01 sys=0.00, real=0.00 secs] 
207.762: Total time for which application threads were stopped: 0.0050700 seconds, Stopping threads took: 0.0029280 seconds
207.843: Application time: 0.0806100 seconds
207.844: [GC [PSYoungGen: 89664K->6528K(96768K)] 105961K->22833K(317952K), 0.0020220 secs] [Times: user=0.02 sys=0.00, real=0.00 secs] 
207.846: Total time for which application threads were stopped: 0.0032860 seconds, Stopping threads took: 0.0011720 seconds
207.926: Application time: 0.0802860 seconds
207.929: [GC [PSYoungGen: 89472K->5696K(96768K)] 105777K->22009K(317952K), 0.0016380 secs] [Times: user=0.01 sys=0.00, real=0.00 secs] 
207.931: Total time for which application threads were stopped: 0.0042260 seconds, Stopping threads took: 0.0025060 seconds
208.012: Application time: 0.0811370 seconds
208.014: [GC [PSYoungGen: 88640K->7648K(96768K)] 104953K->23969K(317952K), 0.0022580 secs] [Times: user=0.02 sys=0.00, real=0.01 secs] 
208.016: Total time for which application threads were stopped: 0.0045660 seconds, Stopping threads took: 0.0022200 seconds
208.093: Application time: 0.0771420 seconds
208.096: [GC [PSYoungGen: 90592K->6336K(96768K)] 106913K->22657K(317952K), 0.0019120 secs] [Times: user=0.01 sys=0.00, real=0.00 secs] 
208.098: Total time for which application threads were stopped: 0.0043440 seconds, Stopping threads took: 0.0023460 seconds
208.176: Application time: 0.0784500 seconds
208.179: [GC [PSYoungGen: 89280K->6496K(96768K)] 105601K->22817K(317952K), 0.0020360 secs] [Times: user=0.01 sys=0.00, real=0.00 secs] 
208.181: Total time for which application threads were stopped: 0.0045630 seconds, Stopping threads took: 0.0024340 seconds
208.263: Application time: 0.0817110 seconds
208.264: [GC [PSYoungGen: 89440K->5696K(96768K)] 105761K->22025K(317952K), 0.0017250 secs] [Times: user=0.02 sys=0.00, real=0.00 secs] 
208.265: Total time for which application threads were stopped: 0.0028280 seconds, Stopping threads took: 0.0010220 seconds
208.342: Application time: 0.0768310 seconds
208.344: [GC [PSYoungGen: 88640K->7536K(96768K)] 104969K->23873K(317952K), 0.0023580 secs] [Times: user=0.01 sys=0.00, real=0.00 secs] 
208.347: Total time for which application threads were stopped: 0.0046950 seconds, Stopping threads took: 0.0022490 seconds
208.426: Application time: 0.0794560 seconds
208.430: [GC [PSYoungGen: 90480K->6768K(96768K)] 106817K->23113K(317952K), 0.0020000 secs] [Times: user=0.02 sys=0.00, real=0.00 secs] 
208.432: Total time for which application threads were stopped: 0.0052850 seconds, Stopping threads took: 0.0032030 seconds
208.510: Application time: 0.0783650 seconds
208.513: [GC [PSYoungGen: 89712K->7056K(96768K)] 106057K->23409K(317952K), 0.0021330 secs] [Times: user=0.01 sys=0.00, real=0.00 secs] 
208.515: Total time for which application threads were stopped: 0.0048700 seconds, Stopping threads took: 0.0026520 seconds
208.592: Application time: 0.0770270 seconds
208.595: [GC [PSYoungGen: 90000K->7584K(96768K)] 106353K->23937K(317952K), 0.0022690 secs] [Times: user=0.01 sys=0.00, real=0.01 secs] 
208.597: Total time for which application threads were stopped: 0.0052200 seconds, Stopping threads took: 0.0028680 seconds
208.675: Application time: 0.0777380 seconds
208.678: [GC [PSYoungGen: 90528K->7648K(96768K)] 106881K->24001K(317952K), 0.0023030 secs] [Times: user=0.01 sys=0.00, real=0.00 secs] 
208.680: Total time for which application threads were stopped: 0.0050170 seconds, Stopping threads took: 0.0026280 seconds
208.763: Application time: 0.0831730 seconds
208.765: [GC [PSYoungGen: 90592K->6928K(96768K)] 106945K->23281K(317952K), 0.0022580 secs] [Times: user=0.01 sys=0.00, real=0.01 secs] 
208.768: Total time for which application threads were stopped: 0.0044930 seconds, Stopping threads took: 0.0021410 seconds
208.848: Application time: 0.0799680 seconds
208.849: [GC [PSYoungGen: 89872K->7136K(96768K)] 106225K->23497K(317952K), 0.0021040 secs] [Times: user=0.01 sys=0.00, real=0.00 secs] 
208.851: Total time for which application threads were stopped: 0.0036780 seconds, Stopping threads took: 0.0014810 seconds
208.931: Application time: 0.0799300 seconds
208.934: [GC [PSYoungGen: 90080K->8176K(96768K)] 106441K->24545K(317952K), 0.0028280 secs] [Times: user=0.02 sys=0.00, real=0.01 secs] 
208.937: Total time for which application threads were stopped: 0.0055100 seconds, Stopping threads took: 0.0025970 seconds
209.015: Application time: 0.0778760 seconds
209.017: [GC [PSYoungGen: 91120K->7504K(96768K)] 107489K->23881K(317952K), 0.0023490 secs] [Times: user=0.02 sys=0.00, real=0.00 secs] 
209.020: Total time for which application threads were stopped: 0.0049900 seconds, Stopping threads took: 0.0025590 seconds
209.100: Application time: 0.0805390 seconds
209.103: [GC [PSYoungGen: 90448K->5360K(96768K)] 106825K->21745K(317952K), 0.0016260 secs] [Times: user=0.01 sys=0.00, real=0.00 secs] 
209.105: Total time for which application threads were stopped: 0.0048850 seconds, Stopping threads took: 0.0031780 seconds
209.183: Application time: 0.0783430 seconds
209.185: [GC [PSYoungGen: 88304K->7568K(96768K)] 104689K->23953K(317952K), 0.0023100 secs] [Times: user=0.01 sys=0.00, real=0.00 secs] 
209.187: Total time for which application threads were stopped: 0.0036640 seconds, Stopping threads took: 0.0012740 seconds
209.272: Application time: 0.0854060 seconds
209.274: [GC [PSYoungGen: 90512K->4640K(96768K)] 106897K->21025K(317952K), 0.0013970 secs] [Times: user=0.01 sys=0.00, real=0.01 secs] 
209.275: Total time for which application threads were stopped: 0.0031040 seconds, Stopping threads took: 0.0016210 seconds
209.356: Application time: 0.0803370 seconds
209.359: [GC [PSYoungGen: 87584K->7264K(96768K)] 103969K->23657K(317952K), 0.0021280 secs] [Times: user=0.02 sys=0.00, real=0.00 secs] 
209.361: Total time for which application threads were stopped: 0.0054560 seconds, Stopping threads took: 0.0032440 seconds
209.443: Application time: 0.0821640 seconds
209.445: [GC [PSYoungGen: 90208K->6080K(96768K)] 106601K->22481K(317952K), 0.0018270 secs] [Times: user=0.01 sys=0.00, real=0.00 secs] 
209.447: Total time for which application threads were stopped: 0.0037090 seconds, Stopping threads took: 0.0017770 seconds
209.529: Application time: 0.0821910 seconds
209.532: [GC [PSYoungGen: 89024K->6416K(96768K)] 105425K->22825K(317952K), 0.0019560 secs] [Times: user=0.01 sys=0.00, real=0.00 secs] 
209.534: Total time for which application threads were stopped: 0.0051340 seconds, Stopping threads took: 0.0030910 seconds
209.617: Application time: 0.0820570 seconds
209.618: [GC [PSYoungGen: 89360K->6272K(96768K)] 105769K->22689K(317952K), 0.0019200 secs] [Times: user=0.01 sys=0.00, real=0.00 secs] 
209.620: Total time for which application threads were stopped: 0.0039420 seconds, Stopping threads took: 0.0019350 seconds
209.704: Application time: 0.0837810 seconds
209.706: [GC [PSYoungGen: 89216K->5152K(96768K)] 105633K->21569K(317952K), 0.0015090 secs] [Times: user=0.00 sys=0.01, real=0.01 secs] 
209.707: Total time for which application threads were stopped: 0.0032390 seconds, Stopping threads took: 0.0016510 seconds
209.787: Application time: 0.0799180 seconds
209.790: [GC [PSYoungGen: 88096K->6992K(96768K)] 104513K->23409K(317952K), 0.0021100 secs] [Times: user=0.01 sys=0.00, real=0.00 secs] 
209.792: Total time for which application threads were stopped: 0.0047780 seconds, Stopping threads took: 0.0025790 seconds
209.873: Application time: 0.0812060 seconds
209.876: [GC [PSYoungGen: 89936K->7488K(96768K)] 106353K->23913K(317952K), 0.0023620 secs] [Times: user=0.01 sys=0.00, real=0.00 secs] 
209.878: Total time for which application threads were stopped: 0.0050430 seconds, Stopping threads took: 0.0025960 seconds
209.960: Application time: 0.0815850 seconds
209.962: [GC [PSYoungGen: 90432K->5760K(96768K)] 106857K->22193K(317952K), 0.0016770 secs] [Times: user=0.01 sys=0.00, real=0.00 secs] 
209.964: Total time for which application threads were stopped: 0.0038750 seconds, Stopping threads took: 0.0021180 seconds
210.049: Application time: 0.0847070 seconds
210.049: [GC [PSYoungGen: 88704K->4384K(96768K)] 105137K->20825K(317952K), 0.0013170 secs] [Times: user=0.01 sys=0.00, real=0.00 secs] 
210.051: Total time for which application threads were stopped: 0.0018890 seconds, Stopping threads took: 0.0004900 seconds
210.135: Application time: 0.0844470 seconds
210.137: [GC [PSYoungGen: 87328K->4944K(96768K)] 103769K->21393K(317952K), 0.0015250 secs] [Times: user=0.01 sys=0.00, real=0.00 secs] 
210.139: Total time for which application threads were stopped: 0.0039810 seconds, Stopping threads took: 0.0023780 seconds
210.222: Application time: 0.0833380 seconds
210.225: [GC [PSYoungGen: 87887K->5952K(96768K)] 104337K->22401K(317952K), 0.0017700 secs] [Times: user=0.01 sys=0.00, real=0.00 secs] 
210.227: Total time for which application threads were stopped: 0.0046580 seconds, Stopping threads took: 0.0028040 seconds
210.311: Application time: 0.0835790 seconds
210.314: [GC [PSYoungGen: 88896K->7232K(96768K)] 105345K->23681K(317952K), 0.0021810 secs] [Times: user=0.01 sys=0.00, real=0.01 secs] 
210.316: Total time for which application threads were stopped: 0.0054250 seconds, Stopping threads took: 0.0031500 seconds
210.395: Application time: 0.0789920 seconds
210.397: [GC [PSYoungGen: 90176K->7280K(96768K)] 106625K->23729K(317952K), 0.0021890 secs] [Times: user=0.02 sys=0.00, real=0.00 secs] 
210.399: Total time for which application threads were stopped: 0.0045140 seconds, Stopping threads took: 0.0022360 seconds
210.479: Application time: 0.0798890 seconds
210.481: [GC [PSYoungGen: 90224K->8144K(96768K)] 106673K->24601K(317952K), 0.0024560 secs] [Times: user=0.02 sys=0.00, real=0.00 secs] 
210.484: Total time for which application threads were stopped: 0.0044920 seconds, Stopping threads took: 0.0019280 seconds
210.563: Application time: 0.0794090 seconds
210.565: [GC [PSYoungGen: 91088K->8288K(96768K)] 107545K->24753K(317952K), 0.0025110 secs] [Times: user=0.02 sys=0.00, real=0.01 secs] 
210.568: Total time for which application threads were stopped: 0.0047830 seconds, Stopping threads took: 0.0021840 seconds
210.649: Application time: 0.0812740 seconds
210.652: [GC [PSYoungGen: 91232K->7600K(96768K)] 107697K->24073K(317952K), 0.0022190 secs] [Times: user=0.02 sys=0.00, real=0.00 secs] 
210.654: Total time for which application threads were stopped: 0.0045260 seconds, Stopping threads took: 0.0022220 seconds
210.733: Application time: 0.0794130 seconds
210.735: [GC [PSYoungGen: 90544K->7280K(96768K)] 107017K->23761K(317952K), 0.0022090 secs] [Times: user=0.02 sys=0.00, real=0.01 secs] 
210.737: Total time for which application threads were stopped: 0.0040920 seconds, Stopping threads took: 0.0017980 seconds
210.820: Application time: 0.0822490 seconds
210.821: [GC [PSYoungGen: 90224K->6256K(96768K)] 106705K->22737K(317952K), 0.0020080 secs] [Times: user=0.01 sys=0.00, real=0.00 secs] 
210.823: Total time for which application threads were stopped: 0.0033610 seconds, Stopping threads took: 0.0012610 seconds
210.903: Application time: 0.0796970 seconds
210.905: [GC [PSYoungGen: 89200K->8256K(96768K)] 105681K->24737K(317952K), 0.0025150 secs] [Times: user=0.02 sys=0.00, real=0.00 secs] 
210.907: Total time for which application threads were stopped: 0.0044530 seconds, Stopping threads took: 0.0018550 seconds
210.987: Application time: 0.0799820 seconds
210.988: [GC [PSYoungGen: 91200K->6752K(96768K)] 107681K->23241K(317952K), 0.0020560 secs] [Times: user=0.01 sys=0.00, real=0.00 secs] 
210.990: Total time for which application threads were stopped: 0.0029070 seconds, Stopping threads took: 0.0007660 seconds
211.071: Application time: 0.0807570 seconds
211.073: [GC [PSYoungGen: 89696K->5424K(96768K)] 106185K->21921K(317952K), 0.0016570 secs] [Times: user=0.02 sys=0.00, real=0.00 secs] 
211.074: Total time for which application threads were stopped: 0.0034390 seconds, Stopping threads took: 0.0017030 seconds
211.157: Application time: 0.0825750 seconds
211.159: [GC [PSYoungGen: 88368K->7248K(96768K)] 104865K->23753K(317952K), 0.0022250 secs] [Times: user=0.02 sys=0.00, real=0.00 secs] 
211.161: Total time for which application threads were stopped: 0.0044560 seconds, Stopping threads took: 0.0021420 seconds
211.242: Application time: 0.0802890 seconds
211.244: [GC [PSYoungGen: 90192K->6272K(96768K)] 106697K->22785K(317952K), 0.0019460 secs] [Times: user=0.01 sys=0.00, real=0.00 secs] 
211.246: Total time for which application threads were stopped: 0.0046170 seconds, Stopping threads took: 0.0025870 seconds
211.325: Application time: 0.0791780 seconds
211.328: [GC [PSYoungGen: 89216K->6544K(96768K)] 105729K->23057K(317952K), 0.0019430 secs] [Times: user=0.02 sys=0.00, real=0.00 secs] 
211.330: Total time for which application threads were stopped: 0.0049020 seconds, Stopping threads took: 0.0028670 seconds
211.412: Application time: 0.0815230 seconds
211.414: [GC [PSYoungGen: 89488K->5632K(96768K)] 106001K->22145K(317952K), 0.0017500 secs] [Times: user=0.01 sys=0.00, real=0.01 secs] 
211.416: Total time for which application threads were stopped: 0.0044290 seconds, Stopping threads took: 0.0025950 seconds
211.502: Application time: 0.0862670 seconds
211.504: [GC [PSYoungGen: 88576K->3696K(96768K)] 105089K->20217K(317952K), 0.0011180 secs] [Times: user=0.00 sys=0.00, real=0.00 secs] 
211.505: Total time for which application threads were stopped: 0.0028170 seconds, Stopping threads took: 0.0016240 seconds
211.581: Application time: 0.0759960 seconds
211.583: [GC [PSYoungGen: 86640K->7744K(96768K)] 103161K->24273K(317952K), 0.0022930 secs] [Times: user=0.01 sys=0.00, real=0.00 secs] 
211.585: Total time for which application threads were stopped: 0.0039090 seconds, Stopping threads took: 0.0015330 seconds
211.658: Application time: 0.0727850 seconds
211.660: [GC [PSYoungGen: 90688K->7744K(96768K)] 107217K->24281K(317952K), 0.0023590 secs] [Times: user=0.02 sys=0.00, real=0.00 secs] 
211.662: Total time for which application threads were stopped: 0.0040590 seconds, Stopping threads took: 0.0016180 seconds
211.733: Application time: 0.0713360 seconds
211.736: [GC [PSYoungGen: 90688K->6832K(96768K)] 107225K->23377K(317952K), 0.0020770 secs] [Times: user=0.01 sys=0.00, real=0.00 secs] 
211.738: Total time for which application threads were stopped: 0.0046690 seconds, Stopping threads took: 0.0025120 seconds
211.815: Application time: 0.0773100 seconds
211.818: [GC [PSYoungGen: 89776K->6560K(96768K)] 106321K->23105K(317952K), 0.0019010 secs] [Times: user=0.02 sys=0.00, real=0.00 secs] 
211.820: Total time for which application threads were stopped: 0.0046380 seconds, Stopping threads took: 0.0026560 seconds
211.895: Application time: 0.0750150 seconds
211.897: [GC [PSYoungGen: 89504K->7024K(96768K)] 106049K->23569K(317952K), 0.0021260 secs] [Times: user=0.02 sys=0.00, real=0.00 secs] 
211.900: Total time for which application threads were stopped: 0.0046110 seconds, Stopping threads took: 0.0023920 seconds
211.978: Application time: 0.0787310 seconds
211.981: [GC [PSYoungGen: 89968K->7216K(96768K)] 106513K->23769K(317952K), 0.0021760 secs] [Times: user=0.01 sys=0.00, real=0.00 secs] 
211.983: Total time for which application threads were stopped: 0.0049140 seconds, Stopping threads took: 0.0026530 seconds
212.061: Application time: 0.0781020 seconds
212.062: [GC [PSYoungGen: 90160K->7360K(96768K)] 106713K->23921K(317952K), 0.0022160 secs] [Times: user=0.01 sys=0.00, real=0.00 secs] 
212.064: Total time for which application threads were stopped: 0.0030510 seconds, Stopping threads took: 0.0007520 seconds
212.140: Application time: 0.0756770 seconds
212.141: [GC [PSYoungGen: 90304K->6800K(96768K)] 106865K->23369K(317952K), 0.0020340 secs] [Times: user=0.02 sys=0.00, real=0.00 secs] 
212.143: Total time for which application threads were stopped: 0.0028450 seconds, Stopping threads took: 0.0007300 seconds
212.219: Application time: 0.0755900 seconds
212.220: [GC [PSYoungGen: 89744K->5824K(96768K)] 106313K->22401K(317952K), 0.0018410 secs] [Times: user=0.01 sys=0.00, real=0.00 secs] 
212.222: Total time for which application threads were stopped: 0.0033740 seconds, Stopping threads took: 0.0014540 seconds
212.296: Application time: 0.0744750 seconds
212.298: [GC [PSYoungGen: 88768K->7056K(96768K)] 105345K->23633K(317952K), 0.0021100 secs] [Times: user=0.01 sys=0.00, real=0.00 secs] 
212.300: Total time for which application threads were stopped: 0.0034410 seconds, Stopping threads took: 0.0012420 seconds
212.375: Application time: 0.0749250 seconds
212.378: [GC [PSYoungGen: 90000K->6800K(96768K)] 106577K->23377K(317952K), 0.0019500 secs] [Times: user=0.01 sys=0.00, real=0.00 secs] 
212.380: Total time for which application threads were stopped: 0.0052400 seconds, Stopping threads took: 0.0032070 seconds
212.458: Application time: 0.0780740 seconds
212.460: [GC [PSYoungGen: 89744K->3360K(96768K)] 106321K->19945K(317952K), 0.0010360 secs] [Times: user=0.01 sys=0.00, real=0.00 secs] 
212.461: Total time for which application threads were stopped: 0.0027490 seconds, Stopping threads took: 0.0016380 seconds
212.542: Application time: 0.0809880 seconds
212.544: [GC [PSYoungGen: 86304K->4400K(96768K)] 102889K->20993K(317952K), 0.0014100 secs] [Times: user=0.00 sys=0.00, real=0.00 secs] 
212.545: Total time for which application threads were stopped: 0.0032430 seconds, Stopping threads took: 0.0017600 seconds
212.622: Application time: 0.0769860 seconds
212.625: [GC [PSYoungGen: 87344K->6912K(96768K)] 103937K->23513K(317952K), 0.0020740 secs] [Times: user=0.01 sys=0.00, real=0.00 secs] 
212.627: Total time for which application threads were stopped: 0.0046770 seconds, Stopping threads took: 0.0025230 seconds
212.705: Application time: 0.0786440 seconds
212.707: [GC [PSYoungGen: 89856K->5664K(96768K)] 106457K->22273K(317952K), 0.0018600 secs] [Times: user=0.01 sys=0.00, real=0.01 secs] 
212.709: Total time for which application threads were stopped: 0.0031220 seconds, Stopping threads took: 0.0011800 seconds
212.783: Application time: 0.0741570 seconds
212.785: [GC [PSYoungGen: 88608K->7360K(96768K)] 105217K->23977K(317952K), 0.0021780 secs] [Times: user=0.02 sys=0.00, real=0.00 secs] 
212.787: Total time for which application threads were stopped: 0.0041860 seconds, Stopping threads took: 0.0019290 seconds
212.863: Application time: 0.0757330 seconds
212.865: [GC [PSYoungGen: 90304K->7424K(96768K)] 106921K->24041K(317952K), 0.0022010 secs] [Times: user=0.01 sys=0.00, real=0.00 secs] 
212.867: Total time for which application threads were stopped: 0.0041970 seconds, Stopping threads took: 0.0019120 seconds
212.944: Application time: 0.0772810 seconds
212.946: [GC [PSYoungGen: 90368K->5136K(96768K)] 106985K->21753K(317952K), 0.0015700 secs] [Times: user=0.00 sys=0.00, real=0.01 secs] 
212.947: Total time for which application threads were stopped: 0.0033060 seconds, Stopping threads took: 0.0016610 seconds
213.023: Application time: 0.0760360 seconds
213.025: [GC [PSYoungGen: 88079K->7296K(96768K)] 104697K->23921K(317952K), 0.0022320 secs] [Times: user=0.01 sys=0.00, real=0.01 secs] 
213.028: Total time for which application threads were stopped: 0.0042430 seconds, Stopping threads took: 0.0019190 seconds
213.104: Application time: 0.0762620 seconds
213.106: [GC [PSYoungGen: 90240K->5808K(96768K)] 106865K->22441K(317952K), 0.0017870 secs] [Times: user=0.01 sys=0.00, real=0.01 secs] 
213.108: Total time for which application threads were stopped: 0.0036790 seconds, Stopping threads took: 0.0018110 seconds
213.186: Application time: 0.0788230 seconds
213.189: [GC [PSYoungGen: 88752K->6128K(96768K)] 105385K->22769K(317952K), 0.0018300 secs] [Times: user=0.02 sys=0.00, real=0.00 secs] 
213.191: Total time for which application threads were stopped: 0.0048890 seconds, Stopping threads took: 0.0029780 seconds
213.268: Application time: 0.0764440 seconds
213.269: [GC [PSYoungGen: 89072K->4752K(96768K)] 105713K->21401K(317952K), 0.0015130 secs] [Times: user=0.01 sys=0.00, real=0.00 secs] 
213.271: Total time for which application threads were stopped: 0.0028390 seconds, Stopping threads took: 0.0012510 seconds
213.346: Application time: 0.0754100 seconds
213.347: [GC [PSYoungGen: 87696K->7232K(96768K)] 104345K->23881K(317952K), 0.0022220 secs] [Times: user=0.02 sys=0.00, real=0.01 secs] 
213.349: Total time for which application threads were stopped: 0.0029910 seconds, Stopping threads took: 0.0006850 seconds
213.422: Application time: 0.0724670 seconds
213.425: [GC [PSYoungGen: 90176K->6864K(96768K)] 106825K->23513K(317952K), 0.0020180 secs] [Times: user=0.02 sys=0.00, real=0.00 secs] 
213.427: Total time for which application threads were stopped: 0.0051120 seconds, Stopping threads took: 0.0030090 seconds
213.504: Application time: 0.0769890 seconds
213.506: [GC [PSYoungGen: 89808K->6608K(96768K)] 106457K->23265K(317952K), 0.0019650 secs] [Times: user=0.01 sys=0.00, real=0.01 secs] 
213.508: Total time for which application threads were stopped: 0.0039180 seconds, Stopping threads took: 0.0018730 seconds
213.586: Application time: 0.0782630 seconds
213.587: [GC [PSYoungGen: 89552K->5168K(96768K)] 106209K->21833K(317952K), 0.0016410 secs] [Times: user=0.01 sys=0.00, real=0.01 secs] 
213.589: Total time for which application threads were stopped: 0.0027270 seconds, Stopping threads took: 0.0010030 seconds
213.664: Application time: 0.0750300 seconds
213.665: [GC [PSYoungGen: 88112K->6784K(96768K)] 104777K->23457K(317952K), 0.0020070 secs] [Times: user=0.01 sys=0.00, real=0.00 secs] 
213.667: Total time for which application threads were stopped: 0.0034800 seconds, Stopping threads took: 0.0013950 seconds
213.744: Application time: 0.0771860 seconds
213.745: [GC [PSYoungGen: 89728K->6976K(96768K)] 106401K->23657K(317952K), 0.0021470 secs] [Times: user=0.00 sys=0.00, real=0.01 secs] 
213.748: Total time for which application threads were stopped: 0.0034000 seconds, Stopping threads took: 0.0011750 seconds
213.826: Application time: 0.0787260 seconds
213.827: [GC [PSYoungGen: 89920K->4848K(96768K)] 106601K->21529K(317952K), 0.0015080 secs] [Times: user=0.01 sys=0.00, real=0.01 secs] 
213.828: Total time for which application threads were stopped: 0.0019550 seconds, Stopping threads took: 0.0003710 seconds
213.907: Application time: 0.0789710 seconds
213.910: [GC [PSYoungGen: 87792K->5328K(96768K)] 104473K->22009K(317952K), 0.0015230 secs] [Times: user=0.01 sys=0.00, real=0.00 secs] 
213.911: Total time for which application threads were stopped: 0.0040260 seconds, Stopping threads took: 0.0024240 seconds
213.989: Application time: 0.0778630 seconds
213.991: [GC [PSYoungGen: 88272K->6544K(96768K)] 104953K->23233K(317952K), 0.0019910 secs] [Times: user=0.01 sys=0.00, real=0.00 secs] 
213.993: Total time for which application threads were stopped: 0.0036670 seconds, Stopping threads took: 0.0015960 seconds
214.076: Application time: 0.0834960 seconds
214.077: [GC [PSYoungGen: 89488K->7232K(96768K)] 106177K->23929K(317952K), 0.0021920 secs] [Times: user=0.01 sys=0.00, real=0.00 secs] 
214.080: Total time for which application threads were stopped: 0.0032380 seconds, Stopping threads took: 0.0009670 seconds
214.165: Application time: 0.0852810 seconds
214.165: [GC [PSYoungGen: 90176K->2784K(96768K)] 106873K->19497K(317952K), 0.0009640 secs] [Times: user=0.00 sys=0.00, real=0.00 secs] 
214.166: Total time for which application threads were stopped: 0.0012260 seconds, Stopping threads took: 0.0001940 seconds
214.243: Application time: 0.0773500 seconds
214.245: [GC [PSYoungGen: 85728K->6816K(96768K)] 102441K->23537K(317952K), 0.0019780 secs] [Times: user=0.02 sys=0.00, real=0.00 secs] 
214.247: Total time for which application threads were stopped: 0.0032210 seconds, Stopping threads took: 0.0011600 seconds
214.322: Application time: 0.0748710 seconds
214.324: [GC [PSYoungGen: 89760K->7440K(96768K)] 106481K->24161K(317952K), 0.0026300 secs] [Times: user=0.01 sys=0.00, real=0.00 secs] 
214.326: Total time for which application threads were stopped: 0.0048810 seconds, Stopping threads took: 0.0021630 seconds
214.402: Application time: 0.0758990 seconds
214.404: [GC [PSYoungGen: 90384K->6384K(96768K)] 107105K->23105K(317952K), 0.0018550 secs] [Times: user=0.01 sys=0.00, real=0.00 secs] 
214.406: Total time for which application threads were stopped: 0.0040260 seconds, Stopping threads took: 0.0020890 seconds
214.482: Application time: 0.0754930 seconds
214.483: [GC [PSYoungGen: 89328K->6544K(96768K)] 106049K->23273K(317952K), 0.0019530 secs] [Times: user=0.01 sys=0.00, real=0.00 secs] 
214.485: Total time for which application threads were stopped: 0.0035350 seconds, Stopping threads took: 0.0015050 seconds
214.561: Application time: 0.0753640 seconds
214.563: [GC [PSYoungGen: 89488K->6512K(96768K)] 106217K->23249K(317952K), 0.0019600 secs] [Times: user=0.01 sys=0.00, real=0.00 secs] 
214.565: Total time for which application threads were stopped: 0.0043690 seconds, Stopping threads took: 0.0023250 seconds
214.639: Application time: 0.0739600 seconds
214.641: [GC [PSYoungGen: 89454K->7168K(96768K)] 106191K->23913K(317952K), 0.0022530 secs] [Times: user=0.01 sys=0.00, real=0.00 secs] 
214.644: Total time for which application threads were stopped: 0.0045660 seconds, Stopping threads took: 0.0022360 seconds
214.720: Application time: 0.0760520 seconds
214.723: [GC [PSYoungGen: 90112K->6656K(96768K)] 106857K->23409K(317952K), 0.0019970 secs] [Times: user=0.02 sys=0.00, real=0.00 secs] 
214.725: Total time for which application threads were stopped: 0.0048280 seconds, Stopping threads took: 0.0027390 seconds
214.799: Application time: 0.0741020 seconds
214.801: [GC [PSYoungGen: 89600K->6560K(96768K)] 106353K->23313K(317952K), 0.0019550 secs] [Times: user=0.01 sys=0.00, real=0.00 secs] 
214.803: Total time for which application threads were stopped: 0.0042350 seconds, Stopping threads took: 0.0022010 seconds
214.878: Application time: 0.0747060 seconds
214.880: [GC [PSYoungGen: 89504K->7440K(96768K)] 106257K->24193K(317952K), 0.0022880 secs] [Times: user=0.02 sys=0.00, real=0.00 secs] 
214.882: Total time for which application threads were stopped: 0.0046380 seconds, Stopping threads took: 0.0022620 seconds
214.958: Application time: 0.0753040 seconds
214.959: [GC [PSYoungGen: 90384K->7008K(96768K)] 107137K->23761K(317952K), 0.0021250 secs] [Times: user=0.01 sys=0.00, real=0.00 secs] 
214.961: Total time for which application threads were stopped: 0.0033770 seconds, Stopping threads took: 0.0011680 seconds
215.042: Application time: 0.0810290 seconds
215.043: [GC [PSYoungGen: 89952K->6864K(96768K)] 106705K->23625K(317952K), 0.0020750 secs] [Times: user=0.02 sys=0.00, real=0.00 secs] 
215.045: Total time for which application threads were stopped: 0.0033150 seconds, Stopping threads took: 0.0011530 seconds
215.121: Application time: 0.0762160 seconds
215.123: [GC [PSYoungGen: 89808K->7744K(96768K)] 106569K->24513K(317952K), 0.0023180 secs] [Times: user=0.01 sys=0.00, real=0.00 secs] 
215.126: Total time for which application threads were stopped: 0.0041640 seconds, Stopping threads took: 0.0017690 seconds
215.203: Application time: 0.0773490 seconds
215.204: [GC [PSYoungGen: 90688K->5200K(96768K)] 107457K->21977K(317952K), 0.0015530 secs] [Times: user=0.01 sys=0.00, real=0.00 secs] 
215.206: Total time for which application threads were stopped: 0.0030730 seconds, Stopping threads took: 0.0014440 seconds
215.283: Application time: 0.0768510 seconds
215.284: [GC [PSYoungGen: 88144K->4880K(96768K)] 104921K->21665K(317952K), 0.0015120 secs] [Times: user=0.01 sys=0.00, real=0.00 secs] 
215.285: Total time for which application threads were stopped: 0.0023520 seconds, Stopping threads took: 0.0007570 seconds
215.360: Application time: 0.0742820 seconds
215.362: [GC [PSYoungGen: 87824K->7360K(96768K)] 104609K->24145K(317952K), 0.0021900 secs] [Times: user=0.02 sys=0.00, real=0.00 secs] 
215.364: Total time for which application threads were stopped: 0.0042200 seconds, Stopping threads took: 0.0019470 seconds
215.440: Application time: 0.0759960 seconds
215.442: [GC [PSYoungGen: 90304K->7472K(96768K)] 107089K->24257K(317952K), 0.0023200 secs] [Times: user=0.02 sys=0.00, real=0.00 secs] 
215.445: Total time for which application threads were stopped: 0.0048060 seconds, Stopping threads took: 0.0023980 seconds
215.521: Application time: 0.0759450 seconds
215.522: [GC [PSYoungGen: 90416K->8288K(96768K)] 107201K->25081K(317952K), 0.0025280 secs] [Times: user=0.01 sys=0.00, real=0.00 secs] 
215.525: Total time for which application threads were stopped: 0.0043350 seconds, Stopping threads took: 0.0017150 seconds
215.610: Application time: 0.0846960 seconds
215.612: [GC [PSYoungGen: 91232K->3664K(96768K)] 108025K->20465K(317952K), 0.0015160 secs] [Times: user=0.01 sys=0.00, real=0.00 secs] 
215.613: Total time for which application threads were stopped: 0.0037780 seconds, Stopping threads took: 0.0021900 seconds
215.696: Application time: 0.0828660 seconds
215.698: [GC [PSYoungGen: 86608K->4800K(96768K)] 103409K->21609K(317952K), 0.0015440 secs] [Times: user=0.01 sys=0.01, real=0.00 secs] 
215.699: Total time for which application threads were stopped: 0.0032300 seconds, Stopping threads took: 0.0015770 seconds
215.783: Application time: 0.0837550 seconds
215.786: [GC [PSYoungGen: 87743K->7344K(96768K)] 104553K->24161K(317952K), 0.0022470 secs] [Times: user=0.01 sys=0.00, real=0.01 secs] 
215.789: Total time for which application threads were stopped: 0.0053770 seconds, Stopping threads took: 0.0030360 seconds
215.869: Application time: 0.0799760 seconds
215.871: [GC [PSYoungGen: 90288K->7664K(96768K)] 107105K->24481K(317952K), 0.0023470 secs] [Times: user=0.02 sys=0.00, real=0.00 secs] 
215.874: Total time for which application threads were stopped: 0.0050750 seconds, Stopping threads took: 0.0026450 seconds
215.954: Application time: 0.0802990 seconds
215.957: [GC [PSYoungGen: 90608K->7824K(96768K)] 107425K->24641K(317952K), 0.0025170 secs] [Times: user=0.02 sys=0.00, real=0.00 secs] 
215.959: Total time for which application threads were stopped: 0.0051730 seconds, Stopping threads took: 0.0025500 seconds
216.040: Application time: 0.0813430 seconds
216.043: [GC [PSYoungGen: 90768K->5040K(96768K)] 107585K->21865K(317952K), 0.0015670 secs] [Times: user=0.01 sys=0.00, real=0.00 secs] 
216.044: Total time for which application threads were stopped: 0.0037770 seconds, Stopping threads took: 0.0021330 seconds
216.122: Application time: 0.0773990 seconds
216.123: [GC [PSYoungGen: 87984K->6720K(96768K)] 104809K->23553K(317952K), 0.0020530 secs] [Times: user=0.01 sys=0.01, real=0.00 secs] 
216.125: Total time for which application threads were stopped: 0.0035410 seconds, Stopping threads took: 0.0014030 seconds
216.205: Application time: 0.0802290 seconds
216.208: [GC [PSYoungGen: 89664K->6656K(96768K)] 106497K->23497K(317952K), 0.0019950 secs] [Times: user=0.01 sys=0.00, real=0.00 secs] 
216.210: Total time for which application threads were stopped: 0.0047290 seconds, Stopping threads took: 0.0026520 seconds
216.290: Application time: 0.0800170 seconds
216.293: [GC [PSYoungGen: 89600K->7840K(96768K)] 106441K->24689K(317952K), 0.0023670 secs] [Times: user=0.02 sys=0.00, real=0.01 secs] 
216.295: Total time for which application threads were stopped: 0.0050930 seconds, Stopping threads took: 0.0026340 seconds
216.378: Application time: 0.0826970 seconds
216.379: [GC [PSYoungGen: 90784K->6224K(96768K)] 107633K->23073K(317952K), 0.0018910 secs] [Times: user=0.01 sys=0.00, real=0.00 secs] 
216.381: Total time for which application threads were stopped: 0.0033140 seconds, Stopping threads took: 0.0013420 seconds
216.461: Application time: 0.0799940 seconds
216.463: [GC [PSYoungGen: 89168K->5856K(96768K)] 106017K->22705K(317952K), 0.0018080 secs] [Times: user=0.02 sys=0.00, real=0.00 secs] 
216.465: Total time for which application threads were stopped: 0.0035820 seconds, Stopping threads took: 0.0016920 seconds
216.544: Application time: 0.0791200 seconds
216.546: [GC [PSYoungGen: 88800K->7232K(96768K)] 105649K->24081K(317952K), 0.0022540 secs] [Times: user=0.02 sys=0.00, real=0.01 secs] 
216.548: Total time for which application threads were stopped: 0.0038570 seconds, Stopping threads took: 0.0015140 seconds
216.631: Application time: 0.0830640 seconds
216.633: [GC [PSYoungGen: 90176K->5328K(96768K)] 107025K->22185K(317952K), 0.0015780 secs] [Times: user=0.01 sys=0.00, real=0.00 secs] 
216.635: Total time for which application threads were stopped: 0.0038530 seconds, Stopping threads took: 0.0021920 seconds
216.714: Application time: 0.0788280 seconds
216.716: [GC [PSYoungGen: 88272K->7424K(96768K)] 105129K->24297K(317952K), 0.0023500 secs] [Times: user=0.02 sys=0.00, real=0.00 secs] 
216.718: Total time for which application threads were stopped: 0.0045570 seconds, Stopping threads took: 0.0021240 seconds
216.803: Application time: 0.0851890 seconds
216.805: [GC [PSYoungGen: 90368K->5984K(96768K)] 107241K->22865K(317952K), 0.0019330 secs] [Times: user=0.00 sys=0.00, real=0.00 secs] 
216.807: Total time for which application threads were stopped: 0.0036080 seconds, Stopping threads took: 0.0015840 seconds
216.894: Application time: 0.0867620 seconds
216.895: [GC [PSYoungGen: 88928K->6640K(96768K)] 105809K->23521K(317952K), 0.0021040 secs] [Times: user=0.01 sys=0.00, real=0.01 secs] 
216.897: Total time for which application threads were stopped: 0.0034390 seconds, Stopping threads took: 0.0012530 seconds
216.979: Application time: 0.0820600 seconds
216.980: [GC [PSYoungGen: 89584K->5280K(96768K)] 106465K->22161K(317952K), 0.0016420 secs] [Times: user=0.01 sys=0.00, real=0.00 secs] 
216.981: Total time for which application threads were stopped: 0.0021670 seconds, Stopping threads took: 0.0004450 seconds
217.063: Application time: 0.0820300 seconds
217.065: [GC [PSYoungGen: 88224K->5632K(96768K)] 105105K->22513K(317952K), 0.0017010 secs] [Times: user=0.01 sys=0.00, real=0.00 secs] 
217.067: Total time for which application threads were stopped: 0.0037450 seconds, Stopping threads took: 0.0019530 seconds
217.148: Application time: 0.0805870 seconds
217.149: [GC [PSYoungGen: 88576K->6512K(96768K)] 105457K->23401K(317952K), 0.0019680 secs] [Times: user=0.01 sys=0.00, real=0.00 secs] 
217.151: Total time for which application threads were stopped: 0.0036370 seconds, Stopping threads took: 0.0015870 seconds
217.235: Application time: 0.0831820 seconds
217.237: [GC [PSYoungGen: 89456K->5744K(96768K)] 106345K->22641K(317952K), 0.0017970 secs] [Times: user=0.01 sys=0.00, real=0.00 secs] 
217.239: Total time for which application threads were stopped: 0.0046220 seconds, Stopping threads took: 0.0027380 seconds
217.316: Application time: 0.0770450 seconds
217.318: [GC [PSYoungGen: 88688K->7632K(96768K)] 105585K->24537K(317952K), 0.0023580 secs] [Times: user=0.02 sys=0.00, real=0.00 secs] 
217.321: Total time for which application threads were stopped: 0.0042660 seconds, Stopping threads took: 0.0018140 seconds
217.402: Application time: 0.0813890 seconds
217.405: [GC [PSYoungGen: 90576K->7552K(96768K)] 107481K->24457K(317952K), 0.0021900 secs] [Times: user=0.01 sys=0.00, real=0.01 secs] 
217.407: Total time for which application threads were stopped: 0.0055440 seconds, Stopping threads took: 0.0032680 seconds
217.490: Application time: 0.0826420 seconds
217.491: [GC [PSYoungGen: 90496K->4912K(96768K)] 107401K->21817K(317952K), 0.0015080 secs] [Times: user=0.01 sys=0.00, real=0.00 secs] 
217.493: Total time for which application threads were stopped: 0.0027770 seconds, Stopping threads took: 0.0011910 seconds
217.573: Application time: 0.0798740 seconds
217.575: [GC [PSYoungGen: 87856K->6704K(96768K)] 104761K->23609K(317952K), 0.0020320 secs] [Times: user=0.02 sys=0.00, real=0.01 secs] 
217.577: Total time for which application threads were stopped: 0.0041330 seconds, Stopping threads took: 0.0020180 seconds
217.656: Application time: 0.0795090 seconds
217.658: [GC [PSYoungGen: 89648K->7536K(96768K)] 106553K->24449K(317952K), 0.0022700 secs] [Times: user=0.02 sys=0.00, real=0.00 secs] 
217.661: Total time for which application threads were stopped: 0.0042980 seconds, Stopping threads took: 0.0019450 seconds
217.742: Application time: 0.0811820 seconds
217.745: [GC [PSYoungGen: 90479K->6672K(96768K)] 107393K->23593K(317952K), 0.0019920 secs] [Times: user=0.02 sys=0.00, real=0.00 secs] 
217.747: Total time for which application threads were stopped: 0.0050750 seconds, Stopping threads took: 0.0029990 seconds
217.828: Application time: 0.0811190 seconds
217.830: [GC [PSYoungGen: 89616K->5216K(96768K)] 106537K->22145K(317952K), 0.0016100 secs] [Times: user=0.01 sys=0.00, real=0.00 secs] 
217.831: Total time for which application threads were stopped: 0.0033140 seconds, Stopping threads took: 0.0015980 seconds
217.914: Application time: 0.0828160 seconds
217.916: [GC [PSYoungGen: 88160K->4736K(96768K)] 105089K->21665K(317952K), 0.0014440 secs] [Times: user=0.01 sys=0.00, real=0.00 secs] 
217.918: Total time for which application threads were stopped: 0.0036800 seconds, Stopping threads took: 0.0021620 seconds
217.998: Application time: 0.0800230 seconds
218.000: [GC [PSYoungGen: 87680K->6640K(96768K)] 104609K->23569K(317952K), 0.0020350 secs] [Times: user=0.01 sys=0.00, real=0.00 secs] 
218.002: Total time for which application threads were stopped: 0.0041210 seconds, Stopping threads took: 0.0020010 seconds
218.083: Application time: 0.0811660 seconds
218.086: [GC [PSYoungGen: 89584K->8064K(96768K)] 106513K->24993K(317952K), 0.0023760 secs] [Times: user=0.02 sys=0.00, real=0.01 secs] 
218.088: Total time for which application threads were stopped: 0.0051110 seconds, Stopping threads took: 0.0026520 seconds
218.172: Application time: 0.0833380 seconds
218.173: [GC [PSYoungGen: 91008K->4896K(96768K)] 107937K->21833K(317952K), 0.0015650 secs] [Times: user=0.00 sys=0.00, real=0.00 secs] 
218.174: Total time for which application threads were stopped: 0.0027900 seconds, Stopping threads took: 0.0011470 seconds
218.255: Application time: 0.0808950 seconds
218.257: [GC [PSYoungGen: 87840K->6832K(96768K)] 104777K->23785K(317952K), 0.0020610 secs] [Times: user=0.01 sys=0.01, real=0.00 secs] 
218.260: Total time for which application threads were stopped: 0.0042030 seconds, Stopping threads took: 0.0020360 seconds
218.339: Application time: 0.0799070 seconds
218.342: [GC [PSYoungGen: 89776K->6944K(96768K)] 106729K->23905K(317952K), 0.0023180 secs] [Times: user=0.01 sys=0.00, real=0.00 secs] 
218.344: Total time for which application threads were stopped: 0.0045130 seconds, Stopping threads took: 0.0021010 seconds
218.423: Application time: 0.0789370 seconds
218.425: [GC [PSYoungGen: 89888K->7584K(96768K)] 106849K->24561K(317952K), 0.0023930 secs] [Times: user=0.01 sys=0.00, real=0.01 secs] 
218.428: Total time for which application threads were stopped: 0.0049460 seconds, Stopping threads took: 0.0024700 seconds
218.508: Application time: 0.0799690 seconds
218.510: [GC [PSYoungGen: 90528K->7712K(96768K)] 107505K->24689K(317952K), 0.0023310 secs] [Times: user=0.02 sys=0.00, real=0.00 secs] 
218.512: Total time for which application threads were stopped: 0.0040300 seconds, Stopping threads took: 0.0016160 seconds
218.594: Application time: 0.0821570 seconds
218.596: [GC [PSYoungGen: 90656K->7536K(96768K)] 107633K->24513K(317952K), 0.0022310 secs] [Times: user=0.02 sys=0.00, real=0.00 secs] 
218.598: Total time for which application threads were stopped: 0.0040710 seconds, Stopping threads took: 0.0017560 seconds
218.680: Application time: 0.0821340 seconds
218.682: [GC [PSYoungGen: 90480K->7152K(96768K)] 107457K->24137K(317952K), 0.0021650 secs] [Times: user=0.01 sys=0.00, real=0.00 secs] 
218.684: Total time for which application threads were stopped: 0.0038980 seconds, Stopping threads took: 0.0016510 seconds
218.768: Application time: 0.0841800 seconds
218.771: [GC [PSYoungGen: 90096K->7824K(96768K)] 107081K->24817K(317952K), 0.0024270 secs] [Times: user=0.02 sys=0.00, real=0.00 secs] 
218.773: Total time for which application threads were stopped: 0.0050130 seconds, Stopping threads took: 0.0025020 seconds
218.857: Application time: 0.0839510 seconds
218.858: [GC [PSYoungGen: 90768K->3808K(96768K)] 107761K->20817K(317952K), 0.0012040 secs] [Times: user=0.01 sys=0.00, real=0.00 secs] 
218.859: Total time for which application threads were stopped: 0.0021660 seconds, Stopping threads took: 0.0008850 seconds
218.945: Application time: 0.0853270 seconds
218.946: [GC [PSYoungGen: 86752K->5328K(96768K)] 103761K->22345K(317952K), 0.0016130 secs] [Times: user=0.01 sys=0.00, real=0.01 secs] 
218.948: Total time for which application threads were stopped: 0.0032490 seconds, Stopping threads took: 0.0015520 seconds
219.029: Application time: 0.0811630 seconds
219.032: [GC [PSYoungGen: 88272K->6528K(96768K)] 105289K->23545K(317952K), 0.0019220 secs] [Times: user=0.01 sys=0.00, real=0.00 secs] 
219.034: Total time for which application threads were stopped: 0.0051020 seconds, Stopping threads took: 0.0030990 seconds
219.119: Application time: 0.0847270 seconds
219.120: [GC [PSYoungGen: 89472K->7440K(96768K)] 106489K->24457K(317952K), 0.0023310 secs] [Times: user=0.02 sys=0.00, real=0.00 secs] 
219.123: Total time for which application threads were stopped: 0.0034540 seconds, Stopping threads took: 0.0010410 seconds
219.207: Application time: 0.0846000 seconds
219.210: [GC [PSYoungGen: 90384K->5280K(96768K)] 107401K->22297K(317952K), 0.0015960 secs] [Times: user=0.01 sys=0.00, real=0.00 secs] 
219.212: Total time for which application threads were stopped: 0.0045400 seconds, Stopping threads took: 0.0028660 seconds
219.292: Application time: 0.0800230 seconds
219.294: [GC [PSYoungGen: 88224K->7488K(96768K)] 105241K->24513K(317952K), 0.0022080 secs] [Times: user=0.02 sys=0.00, real=0.01 secs] 
219.297: Total time for which application threads were stopped: 0.0049210 seconds, Stopping threads took: 0.0026250 seconds
219.376: Application time: 0.0790060 seconds
219.378: [GC [PSYoungGen: 90432K->7568K(96768K)] 107457K->24601K(317952K), 0.0022810 secs] [Times: user=0.02 sys=0.00, real=0.00 secs] 
219.381: Total time for which application threads were stopped: 0.0050120 seconds, Stopping threads took: 0.0026380 seconds
219.472: Application time: 0.0910200 seconds
219.472: [GC [PSYoungGen: 90512K->3392K(96768K)] 107545K->20433K(317952K), 0.0012310 secs] [Times: user=0.01 sys=0.00, real=0.00 secs] 
219.473: Total time for which application threads were stopped: 0.0015770 seconds, Stopping threads took: 0.0002730 seconds
219.558: Application time: 0.0847030 seconds
219.561: [GC [PSYoungGen: 86336K->7104K(96768K)] 103377K->24145K(317952K), 0.0020910 secs] [Times: user=0.01 sys=0.00, real=0.00 secs] 
219.563: Total time for which application threads were stopped: 0.0049150 seconds, Stopping threads took: 0.0027440 seconds
219.639: Application time: 0.0763500 seconds
219.641: [GC [PSYoungGen: 90048K->6576K(96768K)] 107089K->23617K(317952K), 0.0019700 secs] [Times: user=0.02 sys=0.00, real=0.00 secs] 
219.643: Total time for which application threads were stopped: 0.0035450 seconds, Stopping threads took: 0.0014950 seconds
219.717: Application time: 0.0746770 seconds
219.720: [GC [PSYoungGen: 89520K->7072K(96768K)] 106561K->24113K(317952K), 0.0020660 secs] [Times: user=0.02 sys=0.00, real=0.00 secs] 
219.722: Total time for which application threads were stopped: 0.0046330 seconds, Stopping threads took: 0.0024840 seconds
219.799: Application time: 0.0771480 seconds
219.802: [GC [PSYoungGen: 90016K->6560K(96768K)] 107057K->23609K(317952K), 0.0020020 secs] [Times: user=0.02 sys=0.00, real=0.00 secs] 
219.804: Total time for which application threads were stopped: 0.0045720 seconds, Stopping threads took: 0.0024880 seconds
219.879: Application time: 0.0753290 seconds
219.882: [GC [PSYoungGen: 89504K->6192K(96768K)] 106553K->23249K(317952K), 0.0018730 secs] [Times: user=0.01 sys=0.00, real=0.00 secs] 
219.884: Total time for which application threads were stopped: 0.0044530 seconds, Stopping threads took: 0.0024880 seconds
219.960: Application time: 0.0766430 seconds
219.963: [GC [PSYoungGen: 89136K->6960K(96768K)] 106193K->24025K(317952K), 0.0020930 secs] [Times: user=0.02 sys=0.00, real=0.00 secs] 
219.965: Total time for which application threads were stopped: 0.0049680 seconds, Stopping threads took: 0.0027910 seconds
220.042: Application time: 0.0765560 seconds
220.044: [GC [PSYoungGen: 89904K->6048K(96768K)] 106969K->23121K(317952K), 0.0017990 secs] [Times: user=0.01 sys=0.00, real=0.00 secs] 
220.046: Total time for which application threads were stopped: 0.0044910 seconds, Stopping threads took: 0.0026110 seconds
220.125: Application time: 0.0786650 seconds
220.126: [GC [PSYoungGen: 88992K->4832K(96768K)] 106065K->21905K(317952K), 0.0014630 secs] [Times: user=0.01 sys=0.00, real=0.01 secs] 
220.128: Total time for which application threads were stopped: 0.0030630 seconds, Stopping threads took: 0.0015190 seconds
220.201: Application time: 0.0726760 seconds
220.203: [GC [PSYoungGen: 87776K->7424K(96768K)] 104849K->24497K(317952K), 0.0022370 secs] [Times: user=0.02 sys=0.00, real=0.00 secs] 
220.205: Total time for which application threads were stopped: 0.0047590 seconds, Stopping threads took: 0.0024410 seconds
220.281: Application time: 0.0753690 seconds
220.284: [GC [PSYoungGen: 90368K->7344K(96768K)] 107441K->24425K(317952K), 0.0023270 secs] [Times: user=0.01 sys=0.00, real=0.00 secs] 
220.286: Total time for which application threads were stopped: 0.0051500 seconds, Stopping threads took: 0.0027400 seconds
220.362: Application time: 0.0758430 seconds
220.363: [GC [PSYoungGen: 90288K->7536K(96768K)] 107369K->24625K(317952K), 0.0023100 secs] [Times: user=0.02 sys=0.00, real=0.00 secs] 
220.366: Total time for which application threads were stopped: 0.0038620 seconds, Stopping threads took: 0.0014640 seconds
220.440: Application time: 0.0747390 seconds
220.442: [GC [PSYoungGen: 90480K->6032K(96768K)] 107569K->23129K(317952K), 0.0018090 secs] [Times: user=0.01 sys=0.00, real=0.00 secs] 
220.444: Total time for which application threads were stopped: 0.0036500 seconds, Stopping threads took: 0.0017510 seconds
220.520: Application time: 0.0763540 seconds
220.523: [GC [PSYoungGen: 88976K->7232K(96768K)] 106073K->24337K(317952K), 0.0021420 secs] [Times: user=0.01 sys=0.01, real=0.00 secs] 
220.525: Total time for which application threads were stopped: 0.0046240 seconds, Stopping threads took: 0.0024000 seconds
220.603: Application time: 0.0778410 seconds
220.605: [GC [PSYoungGen: 90176K->7040K(96768K)] 107281K->24145K(317952K), 0.0021160 secs] [Times: user=0.01 sys=0.00, real=0.00 secs] 
220.607: Total time for which application threads were stopped: 0.0039040 seconds, Stopping threads took: 0.0016780 seconds
220.681: Application time: 0.0742440 seconds
220.684: [GC [PSYoungGen: 89984K->7664K(96768K)] 107089K->24769K(317952K), 0.0023180 secs] [Times: user=0.02 sys=0.00, real=0.00 secs] 
220.686: Total time for which application threads were stopped: 0.0049800 seconds, Stopping threads took: 0.0025840 seconds
220.762: Application time: 0.0757140 seconds
220.763: [GC [PSYoungGen: 90608K->4928K(96768K)] 107713K->22033K(317952K), 0.0015150 secs] [Times: user=0.01 sys=0.00, real=0.00 secs] 
220.765: Total time for which application threads were stopped: 0.0031080 seconds, Stopping threads took: 0.0015170 seconds
220.838: Application time: 0.0731250 seconds
220.841: [GC [PSYoungGen: 87872K->8272K(96768K)] 104977K->25385K(317952K), 0.0024920 secs] [Times: user=0.02 sys=0.00, real=0.00 secs] 
220.843: Total time for which application threads were stopped: 0.0052090 seconds, Stopping threads took: 0.0026290 seconds
220.918: Application time: 0.0749710 seconds
220.919: [GC [PSYoungGen: 91216K->6736K(96768K)] 108329K->23857K(317952K), 0.0020850 secs] [Times: user=0.01 sys=0.00, real=0.00 secs] 
220.921: Total time for which application threads were stopped: 0.0029040 seconds, Stopping threads took: 0.0007380 seconds
220.998: Application time: 0.0773310 seconds
220.999: [GC [PSYoungGen: 89680K->4928K(96768K)] 106801K->22057K(317952K), 0.0015910 secs] [Times: user=0.00 sys=0.00, real=0.00 secs] 
221.001: Total time for which application threads were stopped: 0.0026630 seconds, Stopping threads took: 0.0009830 seconds
221.078: Application time: 0.0768650 seconds
221.079: [GC [PSYoungGen: 87872K->5760K(96768K)] 105001K->22889K(317952K), 0.0019080 secs] [Times: user=0.01 sys=0.00, real=0.00 secs] 
221.081: Total time for which application threads were stopped: 0.0035310 seconds, Stopping threads took: 0.0015460 seconds
221.154: Application time: 0.0727020 seconds
221.156: [GC [PSYoungGen: 88704K->8128K(96768K)] 105833K->25257K(317952K), 0.0025210 secs] [Times: user=0.02 sys=0.00, real=0.00 secs] 
221.159: Total time for which application threads were stopped: 0.0047430 seconds, Stopping threads took: 0.0021350 seconds
221.234: Application time: 0.0753160 seconds
221.235: [GC [PSYoungGen: 91072K->5536K(96768K)] 108201K->22665K(317952K), 0.0016510 secs] [Times: user=0.01 sys=0.00, real=0.00 secs] 
221.237: Total time for which application threads were stopped: 0.0029440 seconds, Stopping threads took: 0.0011920 seconds
221.314: Application time: 0.0769160 seconds
221.317: [GC [PSYoungGen: 88480K->6816K(96768K)] 105609K->23953K(317952K), 0.0021080 secs] [Times: user=0.02 sys=0.00, real=0.00 secs] 
221.319: Total time for which application threads were stopped: 0.0047180 seconds, Stopping threads took: 0.0025270 seconds
221.393: Application time: 0.0744720 seconds
221.395: [GC [PSYoungGen: 89760K->6144K(96768K)] 106897K->23289K(317952K), 0.0019110 secs] [Times: user=0.01 sys=0.00, real=0.01 secs] 
221.397: Total time for which application threads were stopped: 0.0032360 seconds, Stopping threads took: 0.0012440 seconds
221.475: Application time: 0.0784830 seconds
221.478: [GC [PSYoungGen: 89088K->7280K(96768K)] 106233K->24433K(317952K), 0.0022300 secs] [Times: user=0.01 sys=0.00, real=0.00 secs] 
221.480: Total time for which application threads were stopped: 0.0051140 seconds, Stopping threads took: 0.0028070 seconds
221.556: Application time: 0.0762400 seconds
221.559: [GC [PSYoungGen: 90224K->6208K(96768K)] 107377K->23361K(317952K), 0.0018460 secs] [Times: user=0.01 sys=0.00, real=0.00 secs] 
221.561: Total time for which application threads were stopped: 0.0049040 seconds, Stopping threads took: 0.0029720 seconds
221.638: Application time: 0.0767340 seconds
221.640: [GC [PSYoungGen: 89152K->4944K(96768K)] 106305K->22097K(317952K), 0.0014380 secs] [Times: user=0.01 sys=0.00, real=0.00 secs] 
221.642: Total time for which application threads were stopped: 0.0035100 seconds, Stopping threads took: 0.0019980 seconds
221.718: Application time: 0.0769930 seconds
221.720: [GC [PSYoungGen: 87888K->6288K(96768K)] 105041K->23441K(317952K), 0.0019450 secs] [Times: user=0.01 sys=0.00, real=0.00 secs] 
221.722: Total time for which application threads were stopped: 0.0036200 seconds, Stopping threads took: 0.0015920 seconds
221.801: Application time: 0.0786740 seconds
221.803: [GC [PSYoungGen: 89232K->6336K(96768K)] 106385K->23497K(317952K), 0.0019500 secs] [Times: user=0.01 sys=0.00, real=0.00 secs] 
221.805: Total time for which application threads were stopped: 0.0039710 seconds, Stopping threads took: 0.0019420 seconds
221.877: Application time: 0.0722540 seconds
221.879: [GC [PSYoungGen: 89280K->7072K(96768K)] 106441K->24241K(317952K), 0.0021150 secs] [Times: user=0.01 sys=0.00, real=0.00 secs] 
221.881: Total time for which application threads were stopped: 0.0042220 seconds, Stopping threads took: 0.0020240 seconds
221.958: Application time: 0.0769520 seconds
221.961: [GC [PSYoungGen: 90016K->7808K(96768K)] 107185K->24985K(317952K), 0.0023160 secs] [Times: user=0.02 sys=0.00, real=0.00 secs] 
221.963: Total time for which application threads were stopped: 0.0050310 seconds, Stopping threads took: 0.0026370 seconds
222.041: Application time: 0.0774060 seconds
222.043: [GC [PSYoungGen: 90752K->7472K(96768K)] 107929K->24657K(317952K), 0.0022390 secs] [Times: user=0.02 sys=0.00, real=0.00 secs] 
222.045: Total time for which application threads were stopped: 0.0046280 seconds, Stopping threads took: 0.0023090 seconds
222.124: Application time: 0.0787520 seconds
222.125: [GC [PSYoungGen: 90416K->5504K(96768K)] 107601K->22689K(317952K), 0.0016290 secs] [Times: user=0.01 sys=0.00, real=0.00 secs] 
222.127: Total time for which application threads were stopped: 0.0028110 seconds, Stopping threads took: 0.0010910 seconds
222.203: Application time: 0.0764550 seconds
222.206: [GC [PSYoungGen: 88448K->6224K(96768K)] 105633K->23409K(317952K), 0.0019200 secs] [Times: user=0.01 sys=0.00, real=0.01 secs] 
222.208: Total time for which application threads were stopped: 0.0043130 seconds, Stopping threads took: 0.0023160 seconds
222.285: Application time: 0.0777320 seconds
222.288: [GC [PSYoungGen: 89168K->6192K(96768K)] 106353K->23385K(317952K), 0.0019410 secs] [Times: user=0.01 sys=0.00, real=0.00 secs] 
222.290: Total time for which application threads were stopped: 0.0041770 seconds, Stopping threads took: 0.0021600 seconds
222.367: Application time: 0.0778360 seconds
222.370: [GC [PSYoungGen: 89136K->7136K(96768K)] 106329K->24337K(317952K), 0.0021760 secs] [Times: user=0.01 sys=0.00, real=0.00 secs] 
222.372: Total time for which application threads were stopped: 0.0044690 seconds, Stopping threads took: 0.0022010 seconds
222.450: Application time: 0.0780260 seconds
222.451: [GC [PSYoungGen: 90080K->5376K(96768K)] 107281K->22593K(317952K), 0.0016000 secs] [Times: user=0.01 sys=0.00, real=0.00 secs] 
222.453: Total time for which application threads were stopped: 0.0030420 seconds, Stopping threads took: 0.0013660 seconds
222.528: Application time: 0.0749570 seconds
222.530: [GC [PSYoungGen: 88320K->6000K(96768K)] 105537K->23225K(317952K), 0.0017820 secs] [Times: user=0.01 sys=0.00, real=0.00 secs] 
222.531: Total time for which application threads were stopped: 0.0035900 seconds, Stopping threads took: 0.0017260 seconds
222.609: Application time: 0.0776460 seconds
222.610: [GC [PSYoungGen: 88944K->5856K(96768K)] 106169K->23081K(317952K), 0.0018250 secs] [Times: user=0.01 sys=0.00, real=0.00 secs] 
222.612: Total time for which application threads were stopped: 0.0031520 seconds, Stopping threads took: 0.0012450 seconds
222.694: Application time: 0.0813060 seconds
222.694: [GC [PSYoungGen: 88800K->3088K(96768K)] 106025K->20313K(317952K), 0.0010390 secs] [Times: user=0.01 sys=0.00, real=0.00 secs] 
222.695: Total time for which application threads were stopped: 0.0014850 seconds, Stopping threads took: 0.0003710 seconds
222.775: Application time: 0.0796110 seconds
222.779: [GC [PSYoungGen: 86032K->4352K(96768K)] 103257K->21577K(317952K), 0.0013550 secs] [Times: user=0.01 sys=0.00, real=0.00 secs] 
222.781: Total time for which application threads were stopped: 0.0059960 seconds, Stopping threads took: 0.0045690 seconds
222.862: Application time: 0.0812320 seconds
222.862: [GC [PSYoungGen: 87296K->4544K(96768K)] 104521K->21785K(317952K), 0.0014110 secs] [Times: user=0.01 sys=0.00, real=0.00 secs] 
222.864: Total time for which application threads were stopped: 0.0017530 seconds, Stopping threads took: 0.0002690 seconds
222.945: Application time: 0.0809330 seconds
222.947: [GC [PSYoungGen: 87488K->5760K(96768K)] 104729K->23009K(317952K), 0.0017670 secs] [Times: user=0.01 sys=0.00, real=0.00 secs] 
222.949: Total time for which application threads were stopped: 0.0045220 seconds, Stopping threads took: 0.0026790 seconds
223.026: Application time: 0.0765230 seconds
223.029: [GC [PSYoungGen: 88704K->6832K(96768K)] 105953K->24089K(317952K), 0.0020380 secs] [Times: user=0.02 sys=0.00, real=0.00 secs] 
223.031: Total time for which application threads were stopped: 0.0049350 seconds, Stopping threads took: 0.0028170 seconds
223.107: Application time: 0.0767760 seconds
223.110: [GC [PSYoungGen: 89776K->7904K(96768K)] 107033K->25161K(317952K), 0.0024170 secs] [Times: user=0.01 sys=0.00, real=0.00 secs] 
223.112: Total time for which application threads were stopped: 0.0050250 seconds, Stopping threads took: 0.0025250 seconds
223.190: Application time: 0.0776230 seconds
223.191: [GC [PSYoungGen: 90847K->4784K(96768K)] 108104K->22041K(317952K), 0.0015530 secs] [Times: user=0.01 sys=0.00, real=0.00 secs] 
223.193: Total time for which application threads were stopped: 0.0028860 seconds, Stopping threads took: 0.0012520 seconds
223.270: Application time: 0.0767920 seconds
223.271: [GC [PSYoungGen: 87728K->7664K(96768K)] 104985K->24921K(317952K), 0.0024580 secs] [Times: user=0.02 sys=0.00, real=0.00 secs] 
223.273: Total time for which application threads were stopped: 0.0036910 seconds, Stopping threads took: 0.0011430 seconds
223.350: Application time: 0.0770010 seconds
223.352: [GC [PSYoungGen: 90608K->6400K(96768K)] 107865K->23665K(317952K), 0.0019540 secs] [Times: user=0.02 sys=0.00, real=0.00 secs] 
223.354: Total time for which application threads were stopped: 0.0039300 seconds, Stopping threads took: 0.0018870 seconds
223.428: Application time: 0.0739260 seconds
223.430: [GC [PSYoungGen: 89344K->6720K(96768K)] 106609K->23993K(317952K), 0.0022520 secs] [Times: user=0.01 sys=0.00, real=0.00 secs] 
223.432: Total time for which application threads were stopped: 0.0042200 seconds, Stopping threads took: 0.0018800 seconds
223.509: Application time: 0.0762390 seconds
223.510: [GC [PSYoungGen: 89664K->7120K(96768K)] 106937K->24401K(317952K), 0.0025310 secs] [Times: user=0.01 sys=0.00, real=0.00 secs] 
223.513: Total time for which application threads were stopped: 0.0041060 seconds, Stopping threads took: 0.0014860 seconds
223.592: Application time: 0.0792140 seconds
223.593: [GC [PSYoungGen: 90064K->5984K(96768K)] 107345K->23265K(317952K), 0.0019080 secs] [Times: user=0.01 sys=0.00, real=0.01 secs] 
223.595: Total time for which application threads were stopped: 0.0031760 seconds, Stopping threads took: 0.0011840 seconds
223.677: Application time: 0.0813720 seconds
223.679: [GC [PSYoungGen: 88928K->8208K(96768K)] 106209K->25489K(317952K), 0.0024440 secs] [Times: user=0.02 sys=0.00, real=0.00 secs] 
223.682: Total time for which application threads were stopped: 0.0052390 seconds, Stopping threads took: 0.0027070 seconds
223.762: Application time: 0.0797470 seconds
223.763: [GC [PSYoungGen: 91152K->6464K(96768K)] 108433K->23745K(317952K), 0.0019870 secs] [Times: user=0.01 sys=0.00, real=0.00 secs] 
223.765: Total time for which application threads were stopped: 0.0037800 seconds, Stopping threads took: 0.0017130 seconds
223.847: Application time: 0.0819840 seconds
223.850: [GC [PSYoungGen: 89408K->5760K(96768K)] 106689K->23049K(317952K), 0.0017700 secs] [Times: user=0.01 sys=0.00, real=0.00 secs] 
223.851: Total time for which application threads were stopped: 0.0040100 seconds, Stopping threads took: 0.0021270 seconds
223.930: Application time: 0.0788900 seconds
223.931: [GC [PSYoungGen: 88704K->6928K(96768K)] 105993K->24225K(317952K), 0.0022380 secs] [Times: user=0.01 sys=0.00, real=0.00 secs] 
223.934: Total time for which application threads were stopped: 0.0035220 seconds, Stopping threads took: 0.0011930 seconds
224.017: Application time: 0.0836140 seconds
224.020: [GC [PSYoungGen: 89872K->8192K(96768K)] 107169K->25497K(317952K), 0.0026060 secs] [Times: user=0.01 sys=0.00, real=0.00 secs] 
224.022: Total time for which application threads were stopped: 0.0047600 seconds, Stopping threads took: 0.0020670 seconds
224.104: Application time: 0.0822540 seconds
224.105: [GC [PSYoungGen: 91136K->6496K(96768K)] 108441K->23809K(317952K), 0.0022040 secs] [Times: user=0.01 sys=0.00, real=0.00 secs] 
224.107: Total time for which application threads were stopped: 0.0025180 seconds, Stopping threads took: 0.0002310 seconds
224.188: Application time: 0.0806870 seconds
224.191: [GC [PSYoungGen: 89440K->7024K(96768K)] 106753K->24337K(317952K), 0.0020960 secs] [Times: user=0.01 sys=0.00, real=0.00 secs] 
224.193: Total time for which application threads were stopped: 0.0051380 seconds, Stopping threads took: 0.0029570 seconds
224.274: Application time: 0.0810440 seconds
224.276: [GC [PSYoungGen: 89968K->6288K(96768K)] 107281K->23601K(317952K), 0.0018750 secs] [Times: user=0.02 sys=0.00, real=0.00 secs] 
224.277: Total time for which application threads were stopped: 0.0036150 seconds, Stopping threads took: 0.0016570 seconds
224.358: Application time: 0.0809050 seconds
224.361: [GC [PSYoungGen: 89232K->7664K(96768K)] 106545K->24977K(317952K), 0.0023080 secs] [Times: user=0.02 sys=0.00, real=0.00 secs] 
224.363: Total time for which application threads were stopped: 0.0050040 seconds, Stopping threads took: 0.0026020 seconds
224.445: Application time: 0.0821360 seconds
224.447: [GC [PSYoungGen: 90608K->6656K(96768K)] 107921K->23977K(317952K), 0.0019820 secs] [Times: user=0.01 sys=0.00, real=0.01 secs] 
224.449: Total time for which application threads were stopped: 0.0034160 seconds, Stopping threads took: 0.0013520 seconds
224.527: Application time: 0.0779740 seconds
224.530: [GC [PSYoungGen: 89600K->8048K(96768K)] 106921K->25377K(317952K), 0.0024300 secs] [Times: user=0.01 sys=0.00, real=0.00 secs] 
224.532: Total time for which application threads were stopped: 0.0054020 seconds, Stopping threads took: 0.0028880 seconds
224.613: Application time: 0.0809110 seconds
224.615: [GC [PSYoungGen: 90992K->6144K(96768K)] 108321K->23481K(317952K), 0.0018210 secs] [Times: user=0.01 sys=0.00, real=0.00 secs] 
224.617: Total time for which application threads were stopped: 0.0041500 seconds, Stopping threads took: 0.0022470 seconds
224.698: Application time: 0.0806360 seconds
224.700: [GC [PSYoungGen: 89088K->7232K(96768K)] 106425K->24569K(317952K), 0.0021890 secs] [Times: user=0.02 sys=0.00, real=0.00 secs] 
224.703: Total time for which application threads were stopped: 0.0046410 seconds, Stopping threads took: 0.0023690 seconds
224.787: Application time: 0.0840110 seconds
224.787: [GC [PSYoungGen: 90176K->3872K(96768K)] 107513K->21209K(317952K), 0.0012870 secs] [Times: user=0.01 sys=0.00, real=0.01 secs] 
224.788: Total time for which application threads were stopped: 0.0016610 seconds, Stopping threads took: 0.0002990 seconds
224.874: Application time: 0.0860880 seconds
224.877: [GC [PSYoungGen: 86816K->5376K(96768K)] 104153K->22713K(317952K), 0.0016350 secs] [Times: user=0.00 sys=0.00, real=0.00 secs] 
224.879: Total time for which application threads were stopped: 0.0043490 seconds, Stopping threads took: 0.0026280 seconds
224.959: Application time: 0.0799650 seconds
224.961: [GC [PSYoungGen: 88320K->7360K(96768K)] 105657K->24705K(317952K), 0.0022680 secs] [Times: user=0.02 sys=0.00, real=0.00 secs] 
224.964: Total time for which application threads were stopped: 0.0047840 seconds, Stopping threads took: 0.0024240 seconds
225.044: Application time: 0.0807420 seconds
225.047: [GC [PSYoungGen: 90304K->6576K(96768K)] 107649K->23937K(317952K), 0.0020500 secs] [Times: user=0.01 sys=0.00, real=0.01 secs] 
225.049: Total time for which application threads were stopped: 0.0046060 seconds, Stopping threads took: 0.0024710 seconds
225.127: Application time: 0.0786480 seconds
225.130: [GC [PSYoungGen: 89520K->7232K(96768K)] 106881K->24601K(317952K), 0.0021810 secs] [Times: user=0.01 sys=0.00, real=0.00 secs] 
225.132: Total time for which application threads were stopped: 0.0044420 seconds, Stopping threads took: 0.0021770 seconds
225.213: Application time: 0.0810110 seconds
225.216: [GC [PSYoungGen: 90176K->5856K(96768K)] 107545K->23225K(317952K), 0.0018740 secs] [Times: user=0.01 sys=0.00, real=0.00 secs] 
225.218: Total time for which application threads were stopped: 0.0045680 seconds, Stopping threads took: 0.0026120 seconds
225.295: Application time: 0.0777950 seconds
225.298: [GC [PSYoungGen: 88800K->8384K(96768K)] 106169K->25753K(317952K), 0.0025190 secs] [Times: user=0.02 sys=0.00, real=0.00 secs] 
225.300: Total time for which application threads were stopped: 0.0051480 seconds, Stopping threads took: 0.0025470 seconds
225.379: Application time: 0.0786210 seconds
225.381: [GC [PSYoungGen: 91327K->7120K(96768K)] 108696K->24489K(317952K), 0.0023140 secs] [Times: user=0.02 sys=0.00, real=0.00 secs] 
225.384: Total time for which application threads were stopped: 0.0047410 seconds, Stopping threads took: 0.0023310 seconds
225.461: Application time: 0.0774910 seconds
225.464: [GC [PSYoungGen: 90064K->7808K(96768K)] 107433K->25185K(317952K), 0.0022850 secs] [Times: user=0.02 sys=0.00, real=0.00 secs] 
225.466: Total time for which application threads were stopped: 0.0049860 seconds, Stopping threads took: 0.0026120 seconds
225.548: Application time: 0.0820510 seconds
225.550: [GC [PSYoungGen: 90750K->7184K(96768K)] 108128K->24569K(317952K), 0.0021240 secs] [Times: user=0.02 sys=0.00, real=0.00 secs] 
225.553: Total time for which application threads were stopped: 0.0041870 seconds, Stopping threads took: 0.0019830 seconds
225.630: Application time: 0.0777940 seconds
225.634: [GC [PSYoungGen: 90128K->7200K(96768K)] 107513K->24593K(317952K), 0.0020670 secs] [Times: user=0.01 sys=0.00, real=0.01 secs] 
225.636: Total time for which application threads were stopped: 0.0053560 seconds, Stopping threads took: 0.0031930 seconds
225.714: Application time: 0.0787480 seconds
225.717: [GC [PSYoungGen: 90144K->7248K(96768K)] 107537K->24649K(317952K), 0.0024080 secs] [Times: user=0.01 sys=0.00, real=0.00 secs] 
225.720: Total time for which application threads were stopped: 0.0052350 seconds, Stopping threads took: 0.0027460 seconds
225.801: Application time: 0.0813310 seconds
225.803: [GC [PSYoungGen: 90192K->7872K(96768K)] 107593K->25273K(317952K), 0.0025660 secs] [Times: user=0.02 sys=0.00, real=0.00 secs] 
225.806: Total time for which application threads were stopped: 0.0046820 seconds, Stopping threads took: 0.0020290 seconds
225.889: Application time: 0.0829980 seconds
225.890: [GC [PSYoungGen: 90816K->4144K(96768K)] 108217K->21545K(317952K), 0.0013140 secs] [Times: user=0.00 sys=0.01, real=0.00 secs] 
225.891: Total time for which application threads were stopped: 0.0024790 seconds, Stopping threads took: 0.0010720 seconds
225.973: Application time: 0.0820450 seconds
225.975: [GC [PSYoungGen: 87088K->6528K(96768K)] 104489K->23929K(317952K), 0.0020140 secs] [Times: user=0.02 sys=0.00, real=0.01 secs] 
225.977: Total time for which application threads were stopped: 0.0034780 seconds, Stopping threads took: 0.0013810 seconds
226.057: Application time: 0.0802840 seconds
226.060: [GC [PSYoungGen: 89472K->7568K(96768K)] 106873K->24977K(317952K), 0.0022820 secs] [Times: user=0.02 sys=0.00, real=0.00 secs] 
226.062: Total time for which application threads were stopped: 0.0051220 seconds, Stopping threads took: 0.0027550 seconds
226.139: Application time: 0.0771060 seconds
226.142: [GC [PSYoungGen: 90512K->7536K(96768K)] 107921K->24953K(317952K), 0.0022410 secs] [Times: user=0.02 sys=0.00, real=0.00 secs] 
226.144: Total time for which application threads were stopped: 0.0051690 seconds, Stopping threads took: 0.0028460 seconds
226.225: Application time: 0.0807250 seconds
226.228: [GC [PSYoungGen: 90480K->7200K(96768K)] 107897K->24625K(317952K), 0.0022810 secs] [Times: user=0.01 sys=0.00, real=0.00 secs] 
226.230: Total time for which application threads were stopped: 0.0052710 seconds, Stopping threads took: 0.0029070 seconds
226.312: Application time: 0.0820590 seconds
226.315: [GC [PSYoungGen: 90144K->5536K(96768K)] 107569K->22961K(317952K), 0.0015760 secs] [Times: user=0.01 sys=0.00, real=0.01 secs] 
226.316: Total time for which application threads were stopped: 0.0038410 seconds, Stopping threads took: 0.0021860 seconds
226.402: Application time: 0.0854270 seconds
226.403: [GC [PSYoungGen: 88480K->3568K(96768K)] 105905K->20993K(317952K), 0.0011600 secs] [Times: user=0.01 sys=0.00, real=0.00 secs] 
226.405: Total time for which application threads were stopped: 0.0028640 seconds, Stopping threads took: 0.0016280 seconds
226.488: Application time: 0.0837180 seconds
226.490: [GC [PSYoungGen: 86512K->5520K(96768K)] 103937K->22945K(317952K), 0.0016250 secs] [Times: user=0.01 sys=0.00, real=0.00 secs] 
226.492: Total time for which application threads were stopped: 0.0036390 seconds, Stopping threads took: 0.0019360 seconds
226.572: Application time: 0.0799830 seconds
226.575: [GC [PSYoungGen: 88464K->7392K(96768K)] 105889K->24825K(317952K), 0.0021940 secs] [Times: user=0.02 sys=0.00, real=0.01 secs] 
226.577: Total time for which application threads were stopped: 0.0048660 seconds, Stopping threads took: 0.0025880 seconds
226.657: Application time: 0.0802960 seconds
226.659: [GC [PSYoungGen: 90336K->6688K(96768K)] 107769K->24129K(317952K), 0.0020600 secs] [Times: user=0.01 sys=0.00, real=0.00 secs] 
226.661: Total time for which application threads were stopped: 0.0035540 seconds, Stopping threads took: 0.0014080 seconds
226.743: Application time: 0.0822300 seconds
226.746: [GC [PSYoungGen: 89632K->7616K(96768K)] 107073K->25065K(317952K), 0.0023670 secs] [Times: user=0.02 sys=0.00, real=0.01 secs] 
226.748: Total time for which application threads were stopped: 0.0051830 seconds, Stopping threads took: 0.0027310 seconds
226.830: Application time: 0.0814330 seconds
226.832: [GC [PSYoungGen: 90560K->5856K(96768K)] 108009K->23305K(317952K), 0.0017360 secs] [Times: user=0.01 sys=0.00, real=0.00 secs] 
226.834: Total time for which application threads were stopped: 0.0043720 seconds, Stopping threads took: 0.0025570 seconds
226.914: Application time: 0.0802250 seconds
226.915: [GC [PSYoungGen: 88800K->5296K(96768K)] 106249K->22745K(317952K), 0.0016400 secs] [Times: user=0.01 sys=0.00, real=0.00 secs] 
226.917: Total time for which application threads were stopped: 0.0028040 seconds, Stopping threads took: 0.0010780 seconds
226.998: Application time: 0.0811750 seconds
227.000: [GC [PSYoungGen: 88240K->5888K(96768K)] 105689K->23337K(317952K), 0.0017530 secs] [Times: user=0.02 sys=0.00, real=0.00 secs] 
227.002: Total time for which application threads were stopped: 0.0040640 seconds, Stopping threads took: 0.0022290 seconds
227.082: Application time: 0.0795870 seconds
227.084: [GC [PSYoungGen: 88832K->7792K(96768K)] 106281K->25249K(317952K), 0.0023560 secs] [Times: user=0.02 sys=0.00, real=0.00 secs] 
227.086: Total time for which application threads were stopped: 0.0044520 seconds, Stopping threads took: 0.0020130 seconds
227.167: Application time: 0.0808440 seconds
227.169: [GC [PSYoungGen: 90736K->6288K(96768K)] 108193K->23753K(317952K), 0.0020170 secs] [Times: user=0.02 sys=0.00, real=0.00 secs] 
227.171: Total time for which application threads were stopped: 0.0037200 seconds, Stopping threads took: 0.0016210 seconds
227.252: Application time: 0.0810680 seconds
227.255: [GC [PSYoungGen: 89232K->7296K(96768K)] 106697K->24769K(317952K), 0.0022050 secs] [Times: user=0.02 sys=0.00, real=0.01 secs] 
227.257: Total time for which application threads were stopped: 0.0049150 seconds, Stopping threads took: 0.0026270 seconds
227.337: Application time: 0.0801070 seconds
227.340: [GC [PSYoungGen: 90240K->8160K(96768K)] 107713K->25633K(317952K), 0.0024490 secs] [Times: user=0.02 sys=0.00, real=0.00 secs] 
227.343: Total time for which application threads were stopped: 0.0056710 seconds, Stopping threads took: 0.0031380 seconds
227.423: Application time: 0.0803650 seconds
227.425: [GC [PSYoungGen: 91104K->7168K(96768K)] 108577K->24641K(317952K), 0.0021130 secs] [Times: user=0.01 sys=0.00, real=0.01 secs] 
227.427: Total time for which application threads were stopped: 0.0045380 seconds, Stopping threads took: 0.0023310 seconds
227.508: Application time: 0.0801180 seconds
227.510: [GC [PSYoungGen: 90112K->8336K(96768K)] 107585K->25809K(317952K), 0.0024790 secs] [Times: user=0.02 sys=0.00, real=0.00 secs] 
227.513: Total time for which application threads were stopped: 0.0050630 seconds, Stopping threads took: 0.0024980 seconds
227.590: Application time: 0.0773390 seconds
227.592: [GC [PSYoungGen: 91280K->8112K(96768K)] 108753K->25593K(317952K), 0.0024050 secs] [Times: user=0.02 sys=0.00, real=0.00 secs] 
227.594: Total time for which application threads were stopped: 0.0043790 seconds, Stopping threads took: 0.0018930 seconds
227.671: Application time: 0.0764840 seconds
227.674: [GC [PSYoungGen: 91056K->7216K(96768K)] 108537K->24705K(317952K), 0.0021350 secs] [Times: user=0.01 sys=0.00, real=0.01 secs] 
227.676: Total time for which application threads were stopped: 0.0050910 seconds, Stopping threads took: 0.0028730 seconds
227.749: Application time: 0.0731950 seconds
227.752: [GC [PSYoungGen: 90160K->7984K(96768K)] 107649K->25481K(317952K), 0.0024070 secs] [Times: user=0.02 sys=0.00, real=0.00 secs] 
227.754: Total time for which application threads were stopped: 0.0051230 seconds, Stopping threads took: 0.0026330 seconds
227.831: Application time: 0.0762400 seconds
227.831: [GC [PSYoungGen: 90928K->7056K(96768K)] 108425K->24553K(317952K), 0.0021100 secs] [Times: user=0.02 sys=0.00, real=0.00 secs] 
227.834: Total time for which application threads were stopped: 0.0030150 seconds, Stopping threads took: 0.0008190 seconds
227.907: Application time: 0.0730700 seconds
227.910: [GC [PSYoungGen: 90000K->7488K(96768K)] 107497K->24985K(317952K), 0.0022420 secs] [Times: user=0.01 sys=0.00, real=0.00 secs] 
227.912: Total time for which application threads were stopped: 0.0053930 seconds, Stopping threads took: 0.0030570 seconds
227.985: Application time: 0.0734700 seconds
227.987: [GC [PSYoungGen: 90432K->6752K(96768K)] 107929K->24249K(317952K), 0.0020000 secs] [Times: user=0.01 sys=0.00, real=0.00 secs] 
227.989: Total time for which application threads were stopped: 0.0038910 seconds, Stopping threads took: 0.0018010 seconds
228.063: Application time: 0.0740360 seconds
228.066: [GC [PSYoungGen: 89696K->7488K(96768K)] 107193K->24985K(317952K), 0.0022760 secs] [Times: user=0.02 sys=0.00, real=0.01 secs] 
228.068: Total time for which application threads were stopped: 0.0044330 seconds, Stopping threads took: 0.0020730 seconds
228.143: Application time: 0.0751410 seconds
228.144: [GC [PSYoungGen: 90432K->6256K(96768K)] 107929K->23761K(317952K), 0.0018810 secs] [Times: user=0.01 sys=0.00, real=0.00 secs] 
228.146: Total time for which application threads were stopped: 0.0033550 seconds, Stopping threads took: 0.0013940 seconds
228.223: Application time: 0.0764630 seconds
228.225: [GC [PSYoungGen: 89200K->3584K(96768K)] 106705K->21097K(317952K), 0.0010720 secs] [Times: user=0.00 sys=0.00, real=0.00 secs] 
228.226: Total time for which application threads were stopped: 0.0033310 seconds, Stopping threads took: 0.0021910 seconds
228.300: Application time: 0.0741380 seconds
228.302: [GC [PSYoungGen: 86528K->6624K(96768K)] 104041K->24145K(317952K), 0.0019860 secs] [Times: user=0.02 sys=0.00, real=0.00 secs] 
228.304: Total time for which application threads were stopped: 0.0040990 seconds, Stopping threads took: 0.0020290 seconds
228.378: Application time: 0.0740140 seconds
228.380: [GC [PSYoungGen: 89568K->7456K(96768K)] 107089K->24977K(317952K), 0.0022790 secs] [Times: user=0.01 sys=0.00, real=0.00 secs] 
228.383: Total time for which application threads were stopped: 0.0042030 seconds, Stopping threads took: 0.0018450 seconds
228.458: Application time: 0.0755100 seconds
228.460: [GC [PSYoungGen: 90400K->5696K(96768K)] 107921K->23217K(317952K), 0.0018380 secs] [Times: user=0.00 sys=0.00, real=0.00 secs] 
228.462: Total time for which application threads were stopped: 0.0037370 seconds, Stopping threads took: 0.0018170 seconds
228.536: Application time: 0.0743340 seconds
228.537: [GC [PSYoungGen: 88640K->5728K(96768K)] 106161K->23249K(317952K), 0.0017190 secs] [Times: user=0.01 sys=0.00, real=0.00 secs] 
228.538: Total time for which application threads were stopped: 0.0022150 seconds, Stopping threads took: 0.0004120 seconds
228.619: Application time: 0.0806350 seconds
228.621: [GC [PSYoungGen: 88672K->5568K(96768K)] 106193K->23097K(317952K), 0.0016980 secs] [Times: user=0.00 sys=0.00, real=0.00 secs] 
228.623: Total time for which application threads were stopped: 0.0037040 seconds, Stopping threads took: 0.0019240 seconds
228.699: Application time: 0.0759270 seconds
228.701: [GC [PSYoungGen: 88512K->7648K(96768K)] 106041K->25185K(317952K), 0.0023070 secs] [Times: user=0.01 sys=0.00, real=0.00 secs] 
228.703: Total time for which application threads were stopped: 0.0044820 seconds, Stopping threads took: 0.0020860 seconds
228.780: Application time: 0.0767110 seconds
228.782: [GC [PSYoungGen: 90592K->6320K(96768K)] 108129K->23865K(317952K), 0.0019450 secs] [Times: user=0.01 sys=0.00, real=0.00 secs] 
228.784: Total time for which application threads were stopped: 0.0036410 seconds, Stopping threads took: 0.0016140 seconds
228.861: Application time: 0.0773060 seconds
228.863: [GC [PSYoungGen: 89264K->6656K(96768K)] 106809K->24201K(317952K), 0.0019800 secs] [Times: user=0.01 sys=0.00, real=0.00 secs] 
228.865: Total time for which application threads were stopped: 0.0044610 seconds, Stopping threads took: 0.0024020 seconds
228.941: Application time: 0.0756050 seconds
228.943: [GC [PSYoungGen: 89600K->6496K(96768K)] 107145K->24041K(317952K), 0.0019620 secs] [Times: user=0.02 sys=0.00, real=0.00 secs] 
228.945: Total time for which application threads were stopped: 0.0037990 seconds, Stopping threads took: 0.0017550 seconds
229.020: Application time: 0.0755660 seconds
229.022: [GC [PSYoungGen: 89440K->6832K(96768K)] 106985K->24377K(317952K), 0.0020450 secs] [Times: user=0.01 sys=0.00, real=0.00 secs] 
229.025: Total time for which application threads were stopped: 0.0042500 seconds, Stopping threads took: 0.0021240 seconds
229.100: Application time: 0.0753190 seconds
229.101: [GC [PSYoungGen: 89776K->6544K(96768K)] 107321K->24097K(317952K), 0.0020390 secs] [Times: user=0.01 sys=0.00, real=0.00 secs] 
229.103: Total time for which application threads were stopped: 0.0035160 seconds, Stopping threads took: 0.0013840 seconds
229.178: Application time: 0.0748610 seconds
229.180: [GC [PSYoungGen: 89488K->7520K(96768K)] 107041K->25081K(317952K), 0.0022430 secs] [Times: user=0.02 sys=0.00, real=0.00 secs] 
229.182: Total time for which application threads were stopped: 0.0039100 seconds, Stopping threads took: 0.0015840 seconds
229.256: Application time: 0.0734340 seconds
229.257: [GC [PSYoungGen: 90464K->7104K(96768K)] 108025K->24673K(317952K), 0.0021310 secs] [Times: user=0.02 sys=0.00, real=0.00 secs] 
229.259: Total time for which application threads were stopped: 0.0038730 seconds, Stopping threads took: 0.0016630 seconds
229.337: Application time: 0.0780170 seconds
229.340: [GC [PSYoungGen: 90048K->6752K(96768K)] 107617K->24321K(317952K), 0.0021300 secs] [Times: user=0.01 sys=0.00, real=0.00 secs] 
229.342: Total time for which application threads were stopped: 0.0046610 seconds, Stopping threads took: 0.0024530 seconds
229.417: Application time: 0.0752320 seconds
229.420: [GC [PSYoungGen: 89696K->5904K(96768K)] 107265K->23473K(317952K), 0.0019120 secs] [Times: user=0.01 sys=0.00, real=0.00 secs] 
229.422: Total time for which application threads were stopped: 0.0043270 seconds, Stopping threads took: 0.0023090 seconds
229.499: Application time: 0.0771690 seconds
229.502: [GC [PSYoungGen: 88848K->7072K(96768K)] 106417K->24641K(317952K), 0.0022900 secs] [Times: user=0.01 sys=0.00, real=0.00 secs] 
229.504: Total time for which application threads were stopped: 0.0049950 seconds, Stopping threads took: 0.0026200 seconds
229.580: Application time: 0.0760070 seconds
229.581: [GC [PSYoungGen: 90016K->6112K(96768K)] 107585K->23689K(317952K), 0.0018750 secs] [Times: user=0.01 sys=0.00, real=0.00 secs] 
229.582: Total time for which application threads were stopped: 0.0025800 seconds, Stopping threads took: 0.0006220 seconds
229.660: Application time: 0.0775030 seconds
229.661: [GC [PSYoungGen: 89056K->6528K(96768K)] 106633K->24113K(317952K), 0.0019900 secs] [Times: user=0.01 sys=0.00, real=0.00 secs] 
229.663: Total time for which application threads were stopped: 0.0028380 seconds, Stopping threads took: 0.0007570 seconds
229.738: Application time: 0.0750220 seconds
229.740: [GC [PSYoungGen: 89472K->8064K(96768K)] 107057K->25657K(317952K), 0.0024630 secs] [Times: user=0.02 sys=0.00, real=0.00 secs] 
229.742: Total time for which application threads were stopped: 0.0045740 seconds, Stopping threads took: 0.0020320 seconds
229.818: Application time: 0.0752440 seconds
229.819: [GC [PSYoungGen: 91008K->7792K(96768K)] 108601K->25385K(317952K), 0.0023060 secs] [Times: user=0.01 sys=0.01, real=0.00 secs] 
229.821: Total time for which application threads were stopped: 0.0038220 seconds, Stopping threads took: 0.0014330 seconds
229.896: Application time: 0.0745120 seconds
229.898: [GC [PSYoungGen: 90736K->8336K(96768K)] 108329K->25929K(317952K), 0.0024820 secs] [Times: user=0.02 sys=0.00, real=0.00 secs] 
229.900: Total time for which application threads were stopped: 0.0043130 seconds, Stopping threads took: 0.0017480 seconds
229.979: Application time: 0.0785570 seconds
229.979: [GC [PSYoungGen: 91280K->5248K(96768K)] 108873K->22841K(317952K), 0.0017700 secs] [Times: user=0.00 sys=0.00, real=0.00 secs] 
229.981: Total time for which application threads were stopped: 0.0020380 seconds, Stopping threads took: 0.0001870 seconds
230.060: Application time: 0.0787000 seconds
230.061: [GC [PSYoungGen: 88192K->6384K(96768K)] 105785K->23985K(317952K), 0.0020300 secs] [Times: user=0.02 sys=0.00, real=0.00 secs] 
230.063: Total time for which application threads were stopped: 0.0035380 seconds, Stopping threads took: 0.0014310 seconds
230.140: Application time: 0.0770780 seconds
230.143: [GC [PSYoungGen: 89328K->7424K(96768K)] 106929K->25041K(317952K), 0.0022340 secs] [Times: user=0.02 sys=0.00, real=0.00 secs] 
230.145: Total time for which application threads were stopped: 0.0048820 seconds, Stopping threads took: 0.0025580 seconds
230.219: Application time: 0.0735420 seconds
230.221: [GC [PSYoungGen: 90368K->7744K(96768K)] 107985K->25369K(317952K), 0.0023680 secs] [Times: user=0.01 sys=0.00, real=0.00 secs] 
230.223: Total time for which application threads were stopped: 0.0047370 seconds, Stopping threads took: 0.0022550 seconds
230.300: Application time: 0.0770080 seconds
230.303: [GC [PSYoungGen: 90688K->7920K(96768K)] 108313K->25561K(317952K), 0.0023250 secs] [Times: user=0.02 sys=0.00, real=0.00 secs] 
230.305: Total time for which application threads were stopped: 0.0048490 seconds, Stopping threads took: 0.0024390 seconds
230.381: Application time: 0.0757360 seconds
230.384: [GC [PSYoungGen: 90864K->7328K(96768K)] 108505K->24969K(317952K), 0.0021950 secs] [Times: user=0.01 sys=0.00, real=0.00 secs] 
230.386: Total time for which application threads were stopped: 0.0050770 seconds, Stopping threads took: 0.0028000 seconds
230.460: Application time: 0.0743900 seconds
230.462: [GC [PSYoungGen: 90272K->7456K(96768K)] 107913K->25097K(317952K), 0.0022220 secs] [Times: user=0.02 sys=0.00, real=0.00 secs] 
230.465: Total time for which application threads were stopped: 0.0041760 seconds, Stopping threads took: 0.0018710 seconds
230.538: Application time: 0.0731720 seconds
230.540: [GC [PSYoungGen: 90400K->7536K(96768K)] 108041K->25177K(317952K), 0.0022420 secs] [Times: user=0.01 sys=0.00, real=0.00 secs] 
230.543: Total time for which application threads were stopped: 0.0048060 seconds, Stopping threads took: 0.0024830 seconds
230.616: Application time: 0.0731930 seconds
230.618: [GC [PSYoungGen: 90480K->7168K(96768K)] 108121K->24817K(317952K), 0.0021980 secs] [Times: user=0.02 sys=0.00, real=0.00 secs] 
230.620: Total time for which application threads were stopped: 0.0046580 seconds, Stopping threads took: 0.0023780 seconds
230.695: Application time: 0.0742940 seconds
230.697: [GC [PSYoungGen: 90112K->7872K(96768K)] 107761K->25529K(317952K), 0.0023490 secs] [Times: user=0.02 sys=0.00, real=0.00 secs] 
230.700: Total time for which application threads were stopped: 0.0047940 seconds, Stopping threads took: 0.0023690 seconds
230.774: Application time: 0.0749110 seconds
230.776: [GC [PSYoungGen: 90816K->6080K(96768K)] 108473K->23745K(317952K), 0.0018020 secs] [Times: user=0.01 sys=0.00, real=0.00 secs] 
230.778: Total time for which application threads were stopped: 0.0030980 seconds, Stopping threads took: 0.0012060 seconds
230.848: Application time: 0.0708350 seconds
230.851: [GC [PSYoungGen: 89024K->7712K(96768K)] 106689K->25377K(317952K), 0.0025810 secs] [Times: user=0.01 sys=0.00, real=0.00 secs] 
230.853: Total time for which application threads were stopped: 0.0047330 seconds, Stopping threads took: 0.0020660 seconds
230.928: Application time: 0.0748220 seconds
230.931: [GC [PSYoungGen: 90656K->7072K(96768K)] 108321K->24737K(317952K), 0.0021190 secs] [Times: user=0.01 sys=0.00, real=0.00 secs] 
230.933: Total time for which application threads were stopped: 0.0047780 seconds, Stopping threads took: 0.0025760 seconds
231.007: Application time: 0.0746230 seconds
231.010: [GC [PSYoungGen: 90016K->8080K(96768K)] 107681K->25745K(317952K), 0.0024090 secs] [Times: user=0.02 sys=0.00, real=0.00 secs] 
231.012: Total time for which application threads were stopped: 0.0045980 seconds, Stopping threads took: 0.0021040 seconds
231.088: Application time: 0.0757230 seconds
231.089: [GC [PSYoungGen: 91024K->5248K(96768K)] 108689K->22921K(317952K), 0.0016660 secs] [Times: user=0.00 sys=0.00, real=0.00 secs] 
231.090: Total time for which application threads were stopped: 0.0026890 seconds, Stopping threads took: 0.0009360 seconds
231.171: Application time: 0.0803570 seconds
231.172: [GC [PSYoungGen: 88192K->5056K(96768K)] 105865K->22737K(317952K), 0.0014530 secs] [Times: user=0.01 sys=0.00, real=0.00 secs] 
231.174: Total time for which application threads were stopped: 0.0031230 seconds, Stopping threads took: 0.0015960 seconds
231.248: Application time: 0.0744340 seconds
231.250: [GC [PSYoungGen: 88000K->7632K(96768K)] 105681K->25321K(317952K), 0.0022890 secs] [Times: user=0.01 sys=0.00, real=0.00 secs] 
231.252: Total time for which application threads were stopped: 0.0038460 seconds, Stopping threads took: 0.0014740 seconds
231.335: Application time: 0.0825580 seconds
231.338: [GC [PSYoungGen: 90576K->5088K(96768K)] 108265K->22777K(317952K), 0.0014520 secs] [Times: user=0.01 sys=0.00, real=0.00 secs] 
231.339: Total time for which application threads were stopped: 0.0045060 seconds, Stopping threads took: 0.0029660 seconds
231.415: Application time: 0.0760990 seconds
231.417: [GC [PSYoungGen: 88032K->6016K(96768K)] 105721K->23705K(317952K), 0.0017430 secs] [Times: user=0.02 sys=0.00, real=0.00 secs] 
231.419: Total time for which application threads were stopped: 0.0037400 seconds, Stopping threads took: 0.0019160 seconds
231.493: Application time: 0.0741690 seconds
231.496: [GC [PSYoungGen: 88960K->7984K(96768K)] 106649K->25673K(317952K), 0.0024710 secs] [Times: user=0.01 sys=0.00, real=0.00 secs] 
231.498: Total time for which application threads were stopped: 0.0050370 seconds, Stopping threads took: 0.0024850 seconds
231.582: Application time: 0.0832570 seconds
231.583: [GC [PSYoungGen: 90928K->4720K(96768K)] 108617K->22417K(317952K), 0.0018730 secs] [Times: user=0.01 sys=0.00, real=0.00 secs] 
231.585: Total time for which application threads were stopped: 0.0037590 seconds, Stopping threads took: 0.0018110 seconds
231.671: Application time: 0.0861650 seconds
231.673: [GC [PSYoungGen: 87664K->4000K(96768K)] 105361K->21705K(317952K), 0.0012480 secs] [Times: user=0.01 sys=0.00, real=0.00 secs] 
231.674: Total time for which application threads were stopped: 0.0028790 seconds, Stopping threads took: 0.0015570 seconds
231.760: Application time: 0.0856170 seconds
231.763: [GC [PSYoungGen: 86944K->5184K(96768K)] 104649K->22897K(317952K), 0.0015360 secs] [Times: user=0.01 sys=0.00, real=0.00 secs] 
231.764: Total time for which application threads were stopped: 0.0043380 seconds, Stopping threads took: 0.0027170 seconds
231.845: Application time: 0.0802210 seconds
231.846: [GC [PSYoungGen: 88128K->6176K(96768K)] 105841K->23897K(317952K), 0.0019140 secs] [Times: user=0.01 sys=0.00, real=0.01 secs] 
231.848: Total time for which application threads were stopped: 0.0038130 seconds, Stopping threads took: 0.0018090 seconds
231.927: Application time: 0.0782150 seconds
231.928: [GC [PSYoungGen: 89120K->6816K(96768K)] 106841K->24537K(317952K), 0.0021330 secs] [Times: user=0.01 sys=0.00, real=0.00 secs] 
231.930: Total time for which application threads were stopped: 0.0038450 seconds, Stopping threads took: 0.0016290 seconds
232.012: Application time: 0.0814310 seconds
232.015: [GC [PSYoungGen: 89760K->6208K(96768K)] 107481K->23929K(317952K), 0.0018810 secs] [Times: user=0.01 sys=0.00, real=0.01 secs] 
232.017: Total time for which application threads were stopped: 0.0047470 seconds, Stopping threads took: 0.0027830 seconds
232.097: Application time: 0.0803200 seconds
232.099: [GC [PSYoungGen: 89152K->7696K(96768K)] 106873K->25425K(317952K), 0.0022470 secs] [Times: user=0.02 sys=0.00, real=0.00 secs] 
232.101: Total time for which application threads were stopped: 0.0044090 seconds, Stopping threads took: 0.0020770 seconds
232.183: Application time: 0.0816260 seconds
232.184: [GC [PSYoungGen: 90640K->4912K(96768K)] 108369K->22649K(317952K), 0.0015390 secs] [Times: user=0.01 sys=0.00, real=0.00 secs] 
232.186: Total time for which application threads were stopped: 0.0030570 seconds, Stopping threads took: 0.0014400 seconds
232.270: Application time: 0.0839530 seconds
232.273: [GC [PSYoungGen: 87856K->5152K(96768K)] 105593K->22897K(317952K), 0.0015060 secs] [Times: user=0.01 sys=0.00, real=0.00 secs] 
232.275: Total time for which application threads were stopped: 0.0045950 seconds, Stopping threads took: 0.0030090 seconds
232.355: Application time: 0.0801450 seconds
232.358: [GC [PSYoungGen: 88096K->8208K(96768K)] 105841K->25969K(317952K), 0.0024170 secs] [Times: user=0.02 sys=0.00, real=0.00 secs] 
232.360: Total time for which application threads were stopped: 0.0053900 seconds, Stopping threads took: 0.0028790 seconds
232.440: Application time: 0.0798430 seconds
232.442: [GC [PSYoungGen: 91152K->7392K(96768K)] 108913K->25153K(317952K), 0.0022070 secs] [Times: user=0.02 sys=0.00, real=0.00 secs] 
232.444: Total time for which application threads were stopped: 0.0038910 seconds, Stopping threads took: 0.0015980 seconds
232.525: Application time: 0.0807200 seconds
232.526: [GC [PSYoungGen: 90336K->7296K(96768K)] 108097K->25057K(317952K), 0.0021790 secs] [Times: user=0.01 sys=0.00, real=0.01 secs] 
232.529: Total time for which application threads were stopped: 0.0039850 seconds, Stopping threads took: 0.0017160 seconds
232.609: Application time: 0.0800820 seconds
232.611: [GC [PSYoungGen: 90240K->7088K(96768K)] 108001K->24849K(317952K), 0.0020850 secs] [Times: user=0.01 sys=0.00, real=0.00 secs] 
232.614: Total time for which application threads were stopped: 0.0049680 seconds, Stopping threads took: 0.0027730 seconds
232.695: Application time: 0.0812170 seconds
232.696: [GC [PSYoungGen: 90032K->6112K(96768K)] 107793K->23881K(317952K), 0.0018820 secs] [Times: user=0.01 sys=0.00, real=0.00 secs] 
232.698: Total time for which application threads were stopped: 0.0035030 seconds, Stopping threads took: 0.0015380 seconds
232.780: Application time: 0.0814150 seconds
232.782: [GC [PSYoungGen: 89056K->6928K(96768K)] 106825K->24705K(317952K), 0.0020940 secs] [Times: user=0.01 sys=0.00, real=0.00 secs] 
232.784: Total time for which application threads were stopped: 0.0040580 seconds, Stopping threads took: 0.0018800 seconds
232.863: Application time: 0.0795900 seconds
232.865: [GC [PSYoungGen: 89872K->7056K(96768K)] 107649K->24841K(317952K), 0.0021610 secs] [Times: user=0.02 sys=0.00, real=0.01 secs] 
232.867: Total time for which application threads were stopped: 0.0038720 seconds, Stopping threads took: 0.0016130 seconds
232.948: Application time: 0.0809290 seconds
232.949: [GC [PSYoungGen: 90000K->4464K(96768K)] 107785K->22249K(317952K), 0.0013950 secs] [Times: user=0.01 sys=0.00, real=0.00 secs] 
232.951: Total time for which application threads were stopped: 0.0027210 seconds, Stopping threads took: 0.0012430 seconds
233.032: Application time: 0.0808000 seconds
233.034: [GC [PSYoungGen: 87408K->6784K(96768K)] 105193K->24569K(317952K), 0.0021100 secs] [Times: user=0.01 sys=0.00, real=0.01 secs] 
233.036: Total time for which application threads were stopped: 0.0044850 seconds, Stopping threads took: 0.0022920 seconds
233.116: Application time: 0.0797310 seconds
233.118: [GC [PSYoungGen: 89728K->7792K(96768K)] 107513K->25577K(317952K), 0.0023540 secs] [Times: user=0.01 sys=0.00, real=0.00 secs] 
233.120: Total time for which application threads were stopped: 0.0039690 seconds, Stopping threads took: 0.0015300 seconds
233.199: Application time: 0.0794210 seconds
233.202: [GC [PSYoungGen: 90736K->7792K(96768K)] 108521K->25585K(317952K), 0.0023650 secs] [Times: user=0.02 sys=0.00, real=0.00 secs] 
233.204: Total time for which application threads were stopped: 0.0049460 seconds, Stopping threads took: 0.0024960 seconds
233.287: Application time: 0.0829610 seconds
233.290: [GC [PSYoungGen: 90736K->5488K(96768K)] 108529K->23289K(317952K), 0.0017330 secs] [Times: user=0.01 sys=0.00, real=0.00 secs] 
233.291: Total time for which application threads were stopped: 0.0040400 seconds, Stopping threads took: 0.0022210 seconds
233.369: Application time: 0.0781930 seconds
233.371: [GC [PSYoungGen: 88432K->6976K(96768K)] 106233K->24785K(317952K), 0.0021290 secs] [Times: user=0.01 sys=0.00, real=0.00 secs] 
233.373: Total time for which application threads were stopped: 0.0036060 seconds, Stopping threads took: 0.0013740 seconds
233.453: Application time: 0.0795040 seconds
233.456: [GC [PSYoungGen: 89920K->6096K(96768K)] 107729K->23913K(317952K), 0.0018510 secs] [Times: user=0.01 sys=0.00, real=0.00 secs] 
233.458: Total time for which application threads were stopped: 0.0050990 seconds, Stopping threads took: 0.0031610 seconds
233.539: Application time: 0.0815150 seconds
233.542: [GC [PSYoungGen: 89040K->6240K(96768K)] 106857K->24057K(317952K), 0.0019060 secs] [Times: user=0.01 sys=0.00, real=0.00 secs] 
233.544: Total time for which application threads were stopped: 0.0048650 seconds, Stopping threads took: 0.0028750 seconds
233.624: Application time: 0.0801410 seconds
233.627: [GC [PSYoungGen: 89184K->7344K(96768K)] 107001K->25161K(317952K), 0.0021510 secs] [Times: user=0.01 sys=0.00, real=0.01 secs] 
233.629: Total time for which application threads were stopped: 0.0046840 seconds, Stopping threads took: 0.0024490 seconds
233.710: Application time: 0.0809930 seconds
233.713: [GC [PSYoungGen: 90288K->5888K(96768K)] 108105K->23713K(317952K), 0.0017800 secs] [Times: user=0.01 sys=0.00, real=0.00 secs] 
233.715: Total time for which application threads were stopped: 0.0049500 seconds, Stopping threads took: 0.0030890 seconds
233.796: Application time: 0.0807370 seconds
233.799: [GC [PSYoungGen: 88832K->6272K(96768K)] 106657K->24105K(317952K), 0.0019410 secs] [Times: user=0.01 sys=0.00, real=0.00 secs] 
233.801: Total time for which application threads were stopped: 0.0049060 seconds, Stopping threads took: 0.0028830 seconds
233.882: Application time: 0.0815550 seconds
233.885: [GC [PSYoungGen: 89216K->7696K(96768K)] 107049K->25537K(317952K), 0.0023200 secs] [Times: user=0.02 sys=0.00, real=0.01 secs] 
233.887: Total time for which application threads were stopped: 0.0051480 seconds, Stopping threads took: 0.0027380 seconds
233.968: Application time: 0.0806600 seconds
233.969: [GC [PSYoungGen: 90640K->4656K(96768K)] 108481K->22505K(317952K), 0.0014470 secs] [Times: user=0.00 sys=0.00, real=0.00 secs] 
233.971: Total time for which application threads were stopped: 0.0026650 seconds, Stopping threads took: 0.0011420 seconds
234.051: Application time: 0.0803930 seconds
234.053: [GC [PSYoungGen: 87600K->6064K(96768K)] 105449K->23913K(317952K), 0.0018240 secs] [Times: user=0.01 sys=0.00, real=0.00 secs] 
234.055: Total time for which application threads were stopped: 0.0036790 seconds, Stopping threads took: 0.0017700 seconds
234.138: Application time: 0.0832140 seconds
234.140: [GC [PSYoungGen: 89008K->6144K(96768K)] 106857K->23993K(317952K), 0.0018790 secs] [Times: user=0.02 sys=0.00, real=0.00 secs] 
234.142: Total time for which application threads were stopped: 0.0038020 seconds, Stopping threads took: 0.0018420 seconds
234.224: Application time: 0.0822950 seconds
234.226: [GC [PSYoungGen: 89088K->6160K(96768K)] 106937K->24017K(317952K), 0.0018530 secs] [Times: user=0.01 sys=0.00, real=0.01 secs] 
234.227: Total time for which application threads were stopped: 0.0035430 seconds, Stopping threads took: 0.0016060 seconds
234.309: Application time: 0.0812090 seconds
234.310: [GC [PSYoungGen: 89104K->4816K(96768K)] 106961K->22681K(317952K), 0.0016860 secs] [Times: user=0.01 sys=0.00, real=0.00 secs] 
234.312: Total time for which application threads were stopped: 0.0034640 seconds, Stopping threads took: 0.0017050 seconds
234.393: Application time: 0.0812800 seconds
234.395: [GC [PSYoungGen: 87760K->6176K(96768K)] 105625K->24049K(317952K), 0.0020650 secs] [Times: user=0.01 sys=0.00, real=0.01 secs] 
234.397: Total time for which application threads were stopped: 0.0036220 seconds, Stopping threads took: 0.0014660 seconds
234.478: Application time: 0.0809310 seconds
234.480: [GC [PSYoungGen: 89120K->5824K(96768K)] 106993K->23705K(317952K), 0.0017210 secs] [Times: user=0.01 sys=0.00, real=0.00 secs] 
234.482: Total time for which application threads were stopped: 0.0038370 seconds, Stopping threads took: 0.0020350 seconds
234.561: Application time: 0.0791770 seconds
234.563: [GC [PSYoungGen: 88768K->6496K(96768K)] 106649K->24377K(317952K), 0.0018890 secs] [Times: user=0.02 sys=0.00, real=0.00 secs] 
234.565: Total time for which application threads were stopped: 0.0036590 seconds, Stopping threads took: 0.0016840 seconds
234.650: Application time: 0.0850170 seconds
234.652: [GC [PSYoungGen: 89440K->4256K(96768K)] 107321K->22137K(317952K), 0.0013290 secs] [Times: user=0.01 sys=0.00, real=0.00 secs] 
234.654: Total time for which application threads were stopped: 0.0040320 seconds, Stopping threads took: 0.0026350 seconds
234.735: Application time: 0.0810030 seconds
234.737: [GC [PSYoungGen: 87200K->5600K(96768K)] 105081K->23481K(317952K), 0.0017240 secs] [Times: user=0.01 sys=0.00, real=0.00 secs] 
234.739: Total time for which application threads were stopped: 0.0037840 seconds, Stopping threads took: 0.0019790 seconds
234.824: Application time: 0.0850560 seconds
234.824: [GC [PSYoungGen: 88544K->3920K(96768K)] 106425K->21809K(317952K), 0.0012740 secs] [Times: user=0.00 sys=0.00, real=0.00 secs] 
234.826: Total time for which application threads were stopped: 0.0020700 seconds, Stopping threads took: 0.0007250 seconds
234.910: Application time: 0.0841470 seconds
234.912: [GC [PSYoungGen: 86864K->5296K(96768K)] 104753K->23193K(317952K), 0.0016140 secs] [Times: user=0.01 sys=0.00, real=0.00 secs] 
234.914: Total time for which application threads were stopped: 0.0037910 seconds, Stopping threads took: 0.0020880 seconds
235.000: Application time: 0.0860370 seconds
235.003: [GC [PSYoungGen: 88240K->7280K(96768K)] 106137K->25185K(317952K), 0.0022040 secs] [Times: user=0.02 sys=0.00, real=0.00 secs] 
235.005: Total time for which application threads were stopped: 0.0052020 seconds, Stopping threads took: 0.0029150 seconds
235.085: Application time: 0.0798110 seconds
235.088: [GC [PSYoungGen: 90224K->7200K(96768K)] 108129K->25105K(317952K), 0.0021580 secs] [Times: user=0.01 sys=0.00, real=0.00 secs] 
235.090: Total time for which application threads were stopped: 0.0054510 seconds, Stopping threads took: 0.0032040 seconds
235.171: Application time: 0.0807020 seconds
235.173: [GC [PSYoungGen: 90144K->6272K(96768K)] 108049K->24177K(317952K), 0.0019360 secs] [Times: user=0.02 sys=0.00, real=0.01 secs] 
235.175: Total time for which application threads were stopped: 0.0044270 seconds, Stopping threads took: 0.0023960 seconds
235.258: Application time: 0.0831550 seconds
235.260: [GC [PSYoungGen: 89216K->7584K(96768K)] 107121K->25489K(317952K), 0.0024030 secs] [Times: user=0.01 sys=0.00, real=0.00 secs] 
235.263: Total time for which application threads were stopped: 0.0044960 seconds, Stopping threads took: 0.0019990 seconds
235.342: Application time: 0.0791920 seconds
235.344: [GC [PSYoungGen: 90528K->7056K(96768K)] 108433K->24969K(317952K), 0.0022520 secs] [Times: user=0.02 sys=0.00, real=0.00 secs] 
235.346: Total time for which application threads were stopped: 0.0038110 seconds, Stopping threads took: 0.0014770 seconds
235.431: Application time: 0.0850240 seconds
235.433: [GC [PSYoungGen: 90000K->3840K(96768K)] 107913K->21761K(317952K), 0.0012860 secs] [Times: user=0.01 sys=0.00, real=0.00 secs] 
235.434: Total time for which application threads were stopped: 0.0034800 seconds, Stopping threads took: 0.0021090 seconds
235.517: Application time: 0.0823500 seconds
235.519: [GC [PSYoungGen: 86782K->4976K(96768K)] 104703K->22905K(317952K), 0.0016110 secs] [Times: user=0.01 sys=0.00, real=0.00 secs] 
235.521: Total time for which application threads were stopped: 0.0041550 seconds, Stopping threads took: 0.0024620 seconds
235.601: Application time: 0.0805040 seconds
235.603: [GC [PSYoungGen: 87920K->5248K(96768K)] 105849K->23185K(317952K), 0.0015250 secs] [Times: user=0.01 sys=0.00, real=0.00 secs] 
235.605: Total time for which application threads were stopped: 0.0034220 seconds, Stopping threads took: 0.0018210 seconds
235.679: Application time: 0.0745610 seconds
235.682: [GC [PSYoungGen: 88192K->7472K(96768K)] 106129K->25409K(317952K), 0.0022370 secs] [Times: user=0.02 sys=0.00, real=0.00 secs] 
235.684: Total time for which application threads were stopped: 0.0047260 seconds, Stopping threads took: 0.0023980 seconds
235.762: Application time: 0.0775900 seconds
235.764: [GC [PSYoungGen: 90416K->7360K(96768K)] 108353K->25297K(317952K), 0.0023610 secs] [Times: user=0.01 sys=0.00, real=0.00 secs] 
235.767: Total time for which application threads were stopped: 0.0047930 seconds, Stopping threads took: 0.0023520 seconds
235.840: Application time: 0.0737300 seconds
235.842: [GC [PSYoungGen: 90304K->6752K(96768K)] 108241K->24697K(317952K), 0.0020770 secs] [Times: user=0.01 sys=0.00, real=0.00 secs] 
235.844: Total time for which application threads were stopped: 0.0040410 seconds, Stopping threads took: 0.0018840 seconds
235.920: Application time: 0.0758600 seconds
235.921: [GC [PSYoungGen: 89696K->4688K(96768K)] 107641K->22641K(317952K), 0.0014770 secs] [Times: user=0.01 sys=0.00, real=0.00 secs] 
235.923: Total time for which application threads were stopped: 0.0026050 seconds, Stopping threads took: 0.0010560 seconds
235.999: Application time: 0.0757650 seconds
236.001: [GC [PSYoungGen: 87632K->5744K(96768K)] 105585K->23705K(317952K), 0.0016680 secs] [Times: user=0.01 sys=0.00, real=0.00 secs] 
236.003: Total time for which application threads were stopped: 0.0042360 seconds, Stopping threads took: 0.0024820 seconds
236.079: Application time: 0.0762570 seconds
236.081: [GC [PSYoungGen: 88688K->5472K(96768K)] 106649K->23441K(317952K), 0.0016140 secs] [Times: user=0.01 sys=0.00, real=0.00 secs] 
236.082: Total time for which application threads were stopped: 0.0031270 seconds, Stopping threads took: 0.0014320 seconds
236.159: Application time: 0.0767450 seconds
236.161: [GC [PSYoungGen: 88416K->5888K(96768K)] 106385K->23857K(317952K), 0.0017810 secs] [Times: user=0.01 sys=0.00, real=0.00 secs] 
236.162: Total time for which application threads were stopped: 0.0034930 seconds, Stopping threads took: 0.0016340 seconds
236.239: Application time: 0.0762400 seconds
236.240: [GC [PSYoungGen: 88832K->7232K(96768K)] 106801K->25201K(317952K), 0.0022490 secs] [Times: user=0.01 sys=0.00, real=0.00 secs] 
236.243: Total time for which application threads were stopped: 0.0039750 seconds, Stopping threads took: 0.0016450 seconds
236.317: Application time: 0.0741850 seconds
236.318: [GC [PSYoungGen: 90176K->7216K(96768K)] 108145K->25193K(317952K), 0.0021280 secs] [Times: user=0.01 sys=0.00, real=0.00 secs] 
236.320: Total time for which application threads were stopped: 0.0036420 seconds, Stopping threads took: 0.0014320 seconds
236.393: Application time: 0.0723210 seconds
236.395: [GC [PSYoungGen: 90160K->8240K(96768K)] 108137K->26233K(317952K), 0.0024900 secs] [Times: user=0.01 sys=0.00, real=0.01 secs] 
236.397: Total time for which application threads were stopped: 0.0046520 seconds, Stopping threads took: 0.0020770 seconds
236.472: Application time: 0.0749600 seconds
236.475: [GC [PSYoungGen: 91184K->8336K(96768K)] 109177K->26345K(317952K), 0.0025240 secs] [Times: user=0.02 sys=0.00, real=0.01 secs] 
236.477: Total time for which application threads were stopped: 0.0050790 seconds, Stopping threads took: 0.0024700 seconds
236.554: Application time: 0.0764980 seconds
236.557: [GC [PSYoungGen: 91280K->6512K(96768K)] 109289K->24529K(317952K), 0.0019490 secs] [Times: user=0.01 sys=0.00, real=0.00 secs] 
236.559: Total time for which application threads were stopped: 0.0046230 seconds, Stopping threads took: 0.0025880 seconds
236.636: Application time: 0.0774920 seconds
236.639: [GC [PSYoungGen: 89456K->7136K(96768K)] 107473K->25153K(317952K), 0.0021220 secs] [Times: user=0.02 sys=0.00, real=0.00 secs] 
236.641: Total time for which application threads were stopped: 0.0050570 seconds, Stopping threads took: 0.0028540 seconds
236.716: Application time: 0.0751060 seconds
236.718: [GC [PSYoungGen: 90080K->8176K(96768K)] 108097K->26193K(317952K), 0.0024160 secs] [Times: user=0.02 sys=0.00, real=0.00 secs] 
236.721: Total time for which application threads were stopped: 0.0042980 seconds, Stopping threads took: 0.0018040 seconds
236.802: Application time: 0.0818990 seconds
236.805: [GC [PSYoungGen: 91120K->6960K(96768K)] 109137K->24985K(317952K), 0.0021900 secs] [Times: user=0.02 sys=0.00, real=0.01 secs] 
236.808: Total time for which application threads were stopped: 0.0051490 seconds, Stopping threads took: 0.0028810 seconds
236.886: Application time: 0.0783040 seconds
236.887: [GC [PSYoungGen: 89904K->5088K(96768K)] 107929K->23121K(317952K), 0.0015140 secs] [Times: user=0.01 sys=0.00, real=0.00 secs] 
236.889: Total time for which application threads were stopped: 0.0028850 seconds, Stopping threads took: 0.0012950 seconds
236.968: Application time: 0.0788700 seconds
236.970: [GC [PSYoungGen: 88032K->4912K(96768K)] 106065K->22953K(317952K), 0.0014520 secs] [Times: user=0.01 sys=0.00, real=0.00 secs] 
236.972: Total time for which application threads were stopped: 0.0040010 seconds, Stopping threads took: 0.0024710 seconds
237.053: Application time: 0.0809630 seconds
237.054: [GC [PSYoungGen: 87856K->4624K(96768K)] 105897K->22665K(317952K), 0.0013890 secs] [Times: user=0.01 sys=0.00, real=0.01 secs] 
237.056: Total time for which application threads were stopped: 0.0028570 seconds, Stopping threads took: 0.0013960 seconds
237.135: Application time: 0.0795810 seconds
237.138: [GC [PSYoungGen: 87568K->4592K(96768K)] 105609K->22649K(317952K), 0.0013700 secs] [Times: user=0.01 sys=0.00, real=0.00 secs] 
237.139: Total time for which application threads were stopped: 0.0038980 seconds, Stopping threads took: 0.0024450 seconds
237.217: Application time: 0.0781260 seconds
237.220: [GC [PSYoungGen: 87536K->6288K(96768K)] 105593K->24345K(317952K), 0.0018700 secs] [Times: user=0.01 sys=0.00, real=0.00 secs] 
237.221: Total time for which application threads were stopped: 0.0043680 seconds, Stopping threads took: 0.0024150 seconds
237.296: Application time: 0.0743210 seconds
237.298: [GC [PSYoungGen: 89232K->8096K(96768K)] 107289K->26153K(317952K), 0.0025250 secs] [Times: user=0.02 sys=0.00, real=0.00 secs] 
237.300: Total time for which application threads were stopped: 0.0043920 seconds, Stopping threads took: 0.0017570 seconds
237.378: Application time: 0.0776140 seconds
237.379: [GC [PSYoungGen: 91040K->8096K(96768K)] 109097K->26169K(317952K), 0.0024780 secs] [Times: user=0.02 sys=0.00, real=0.00 secs] 
237.381: Total time for which application threads were stopped: 0.0034340 seconds, Stopping threads took: 0.0008740 seconds
237.461: Application time: 0.0796880 seconds
237.464: [GC [PSYoungGen: 91040K->7648K(96768K)] 109113K->25729K(317952K), 0.0022770 secs] [Times: user=0.02 sys=0.00, real=0.00 secs] 
237.466: Total time for which application threads were stopped: 0.0052030 seconds, Stopping threads took: 0.0028470 seconds
237.548: Application time: 0.0820510 seconds
237.550: [GC [PSYoungGen: 90592K->4288K(96768K)] 108673K->22377K(317952K), 0.0013930 secs] [Times: user=0.00 sys=0.00, real=0.00 secs] 
237.551: Total time for which application threads were stopped: 0.0028020 seconds, Stopping threads took: 0.0013380 seconds
237.627: Application time: 0.0764140 seconds
237.629: [GC [PSYoungGen: 87232K->6736K(96768K)] 105321K->24833K(317952K), 0.0020680 secs] [Times: user=0.01 sys=0.00, real=0.00 secs] 
237.631: Total time for which application threads were stopped: 0.0034510 seconds, Stopping threads took: 0.0013020 seconds
237.707: Application time: 0.0761230 seconds
237.708: [GC [PSYoungGen: 89680K->6368K(96768K)] 107777K->24465K(317952K), 0.0018750 secs] [Times: user=0.01 sys=0.00, real=0.00 secs] 
237.710: Total time for which application threads were stopped: 0.0033340 seconds, Stopping threads took: 0.0013680 seconds
237.789: Application time: 0.0785700 seconds
237.791: [GC [PSYoungGen: 89312K->5664K(96768K)] 107409K->23761K(317952K), 0.0017120 secs] [Times: user=0.02 sys=0.00, real=0.00 secs] 
237.793: Total time for which application threads were stopped: 0.0036420 seconds, Stopping threads took: 0.0018520 seconds
237.870: Application time: 0.0778330 seconds
237.873: [GC [PSYoungGen: 88608K->7504K(96768K)] 106705K->25609K(317952K), 0.0023080 secs] [Times: user=0.01 sys=0.00, real=0.00 secs] 
237.875: Total time for which application threads were stopped: 0.0045310 seconds, Stopping threads took: 0.0021430 seconds
237.951: Application time: 0.0758860 seconds
237.952: [GC [PSYoungGen: 90447K->5968K(96768K)] 108552K->24081K(317952K), 0.0018040 secs] [Times: user=0.01 sys=0.00, real=0.00 secs] 
237.954: Total time for which application threads were stopped: 0.0034470 seconds, Stopping threads took: 0.0015620 seconds
238.033: Application time: 0.0791370 seconds
238.034: [GC [PSYoungGen: 88912K->4880K(96768K)] 107025K->23001K(317952K), 0.0016470 secs] [Times: user=0.00 sys=0.00, real=0.01 secs] 
238.035: Total time for which application threads were stopped: 0.0018870 seconds, Stopping threads took: 0.0001640 seconds
238.114: Application time: 0.0789000 seconds
238.116: [GC [PSYoungGen: 87824K->6416K(96768K)] 105945K->24545K(317952K), 0.0019450 secs] [Times: user=0.01 sys=0.00, real=0.00 secs] 
238.118: Total time for which application threads were stopped: 0.0039410 seconds, Stopping threads took: 0.0019160 seconds
238.197: Application time: 0.0788630 seconds
238.199: [GC [PSYoungGen: 89360K->6640K(96768K)] 107489K->24769K(317952K), 0.0019340 secs] [Times: user=0.01 sys=0.00, real=0.00 secs] 
238.201: Total time for which application threads were stopped: 0.0039230 seconds, Stopping threads took: 0.0019020 seconds
238.278: Application time: 0.0772910 seconds
238.280: [GC [PSYoungGen: 89584K->5232K(96768K)] 107713K->23361K(317952K), 0.0016370 secs] [Times: user=0.01 sys=0.00, real=0.00 secs] 
238.281: Total time for which application threads were stopped: 0.0031590 seconds, Stopping threads took: 0.0014320 seconds
238.358: Application time: 0.0768910 seconds
238.361: [GC [PSYoungGen: 88176K->7792K(96768K)] 106305K->25929K(317952K), 0.0023740 secs] [Times: user=0.01 sys=0.00, real=0.00 secs] 
238.364: Total time for which application threads were stopped: 0.0052340 seconds, Stopping threads took: 0.0027770 seconds
238.438: Application time: 0.0749880 seconds
238.441: [GC [PSYoungGen: 90736K->6800K(96768K)] 108873K->24945K(317952K), 0.0020900 secs] [Times: user=0.01 sys=0.00, real=0.00 secs] 
238.443: Total time for which application threads were stopped: 0.0046660 seconds, Stopping threads took: 0.0024910 seconds
238.519: Application time: 0.0761660 seconds
238.522: [GC [PSYoungGen: 89744K->6896K(96768K)] 107889K->25049K(317952K), 0.0020330 secs] [Times: user=0.01 sys=0.00, real=0.00 secs] 
238.524: Total time for which application threads were stopped: 0.0047720 seconds, Stopping threads took: 0.0026560 seconds
238.600: Application time: 0.0761860 seconds
238.603: [GC [PSYoungGen: 89840K->6944K(96768K)] 107993K->25105K(317952K), 0.0020730 secs] [Times: user=0.01 sys=0.00, real=0.00 secs] 
238.605: Total time for which application threads were stopped: 0.0050400 seconds, Stopping threads took: 0.0028830 seconds
238.681: Application time: 0.0756570 seconds
238.684: [GC [PSYoungGen: 89888K->6544K(96768K)] 108049K->24705K(317952K), 0.0018890 secs] [Times: user=0.01 sys=0.00, real=0.00 secs] 
238.685: Total time for which application threads were stopped: 0.0044380 seconds, Stopping threads took: 0.0024690 seconds
238.761: Application time: 0.0755010 seconds
238.762: [GC [PSYoungGen: 89488K->7456K(96768K)] 107649K->25617K(317952K), 0.0022620 secs] [Times: user=0.02 sys=0.00, real=0.00 secs] 
238.765: Total time for which application threads were stopped: 0.0036260 seconds, Stopping threads took: 0.0012750 seconds
238.839: Application time: 0.0742620 seconds
238.841: [GC [PSYoungGen: 90400K->5680K(96768K)] 108561K->23841K(317952K), 0.0017230 secs] [Times: user=0.01 sys=0.00, real=0.00 secs] 
238.843: Total time for which application threads were stopped: 0.0037300 seconds, Stopping threads took: 0.0019180 seconds
238.917: Application time: 0.0744550 seconds
238.918: [GC [PSYoungGen: 88624K->4928K(96768K)] 106785K->23097K(317952K), 0.0014890 secs] [Times: user=0.01 sys=0.00, real=0.00 secs] 
238.920: Total time for which application threads were stopped: 0.0028520 seconds, Stopping threads took: 0.0012780 seconds
238.999: Application time: 0.0794650 seconds
239.000: [GC [PSYoungGen: 87872K->4464K(96768K)] 106041K->22641K(317952K), 0.0014070 secs] [Times: user=0.01 sys=0.00, real=0.00 secs] 
239.002: Total time for which application threads were stopped: 0.0023450 seconds, Stopping threads took: 0.0008680 seconds
239.079: Application time: 0.0774150 seconds
239.082: [GC [PSYoungGen: 87408K->7264K(96768K)] 105585K->25449K(317952K), 0.0031760 secs] [Times: user=0.02 sys=0.00, real=0.00 secs] 
239.085: Total time for which application threads were stopped: 0.0058780 seconds, Stopping threads took: 0.0026230 seconds
239.159: Application time: 0.0742120 seconds
239.161: [GC [PSYoungGen: 90208K->8192K(96768K)] 108393K->26377K(317952K), 0.0024420 secs] [Times: user=0.02 sys=0.00, real=0.00 secs] 
239.164: Total time for which application threads were stopped: 0.0043040 seconds, Stopping threads took: 0.0017810 seconds
239.237: Application time: 0.0738570 seconds
239.239: [GC [PSYoungGen: 91136K->7840K(96768K)] 109321K->26025K(317952K), 0.0023010 secs] [Times: user=0.01 sys=0.00, real=0.00 secs] 
239.242: Total time for which application threads were stopped: 0.0042880 seconds, Stopping threads took: 0.0019080 seconds
239.316: Application time: 0.0746790 seconds
239.318: [GC [PSYoungGen: 90784K->7744K(96768K)] 108969K->25929K(317952K), 0.0022790 secs] [Times: user=0.01 sys=0.00, real=0.00 secs] 
239.320: Total time for which application threads were stopped: 0.0040230 seconds, Stopping threads took: 0.0016620 seconds
239.397: Application time: 0.0765110 seconds
239.398: [GC [PSYoungGen: 90688K->5664K(96768K)] 108873K->23857K(317952K), 0.0018170 secs] [Times: user=0.01 sys=0.01, real=0.00 secs] 
239.399: Total time for which application threads were stopped: 0.0025240 seconds, Stopping threads took: 0.0006130 seconds
239.480: Application time: 0.0801530 seconds
239.481: [GC [PSYoungGen: 88608K->4960K(96768K)] 106801K->23161K(317952K), 0.0014870 secs] [Times: user=0.00 sys=0.00, real=0.00 secs] 
239.483: Total time for which application threads were stopped: 0.0031150 seconds, Stopping threads took: 0.0015540 seconds
239.559: Application time: 0.0759330 seconds
239.560: [GC [PSYoungGen: 87904K->5152K(96768K)] 106105K->23361K(317952K), 0.0015990 secs] [Times: user=0.01 sys=0.00, real=0.00 secs] 
239.562: Total time for which application threads were stopped: 0.0032410 seconds, Stopping threads took: 0.0015660 seconds
239.644: Application time: 0.0825820 seconds
239.646: [GC [PSYoungGen: 88096K->5376K(96768K)] 106305K->23585K(317952K), 0.0016830 secs] [Times: user=0.01 sys=0.00, real=0.01 secs] 
239.648: Total time for which application threads were stopped: 0.0032560 seconds, Stopping threads took: 0.0014910 seconds
239.729: Application time: 0.0816230 seconds
239.732: [GC [PSYoungGen: 88320K->8192K(96768K)] 106529K->26401K(317952K), 0.0023880 secs] [Times: user=0.02 sys=0.00, real=0.00 secs] 
239.735: Total time for which application threads were stopped: 0.0052190 seconds, Stopping threads took: 0.0027440 seconds
239.819: Application time: 0.0841830 seconds
239.821: [GC [PSYoungGen: 91136K->5584K(96768K)] 109345K->23793K(317952K), 0.0018320 secs] [Times: user=0.01 sys=0.00, real=0.00 secs] 
239.823: Total time for which application threads were stopped: 0.0046010 seconds, Stopping threads took: 0.0026610 seconds
239.908: Application time: 0.0845310 seconds
239.909: [GC [PSYoungGen: 88528K->3536K(96768K)] 106737K->21753K(317952K), 0.0011660 secs] [Times: user=0.00 sys=0.00, real=0.00 secs] 
239.911: Total time for which application threads were stopped: 0.0027310 seconds, Stopping threads took: 0.0014880 seconds
239.994: Application time: 0.0830390 seconds
239.996: [GC [PSYoungGen: 86480K->7136K(96768K)] 104697K->25361K(317952K), 0.0021550 secs] [Times: user=0.01 sys=0.00, real=0.00 secs] 
239.998: Total time for which application threads were stopped: 0.0046670 seconds, Stopping threads took: 0.0024260 seconds
240.081: Application time: 0.0826440 seconds
240.084: [GC [PSYoungGen: 90080K->6528K(96768K)] 108305K->24761K(317952K), 0.0020240 secs] [Times: user=0.01 sys=0.00, real=0.00 secs] 
240.086: Total time for which application threads were stopped: 0.0047170 seconds, Stopping threads took: 0.0026070 seconds
240.163: Application time: 0.0775930 seconds
240.165: [GC [PSYoungGen: 89472K->7472K(96768K)] 107705K->25713K(317952K), 0.0022740 secs] [Times: user=0.01 sys=0.00, real=0.01 secs] 
240.167: Total time for which application threads were stopped: 0.0041310 seconds, Stopping threads took: 0.0017720 seconds
240.246: Application time: 0.0782270 seconds
240.249: [GC [PSYoungGen: 90416K->8160K(96768K)] 108657K->26401K(317952K), 0.0025540 secs] [Times: user=0.02 sys=0.00, real=0.00 secs] 
240.251: Total time for which application threads were stopped: 0.0055080 seconds, Stopping threads took: 0.0028650 seconds
240.330: Application time: 0.0790050 seconds
240.333: [GC [PSYoungGen: 91104K->7552K(96768K)] 109345K->25793K(317952K), 0.0022760 secs] [Times: user=0.01 sys=0.00, real=0.01 secs] 
240.336: Total time for which application threads were stopped: 0.0055220 seconds, Stopping threads took: 0.0031570 seconds
240.421: Application time: 0.0849370 seconds
240.422: [GC [PSYoungGen: 90496K->6240K(96768K)] 108737K->24497K(317952K), 0.0019180 secs] [Times: user=0.01 sys=0.00, real=0.00 secs] 
240.424: Total time for which application threads were stopped: 0.0033980 seconds, Stopping threads took: 0.0013870 seconds
240.511: Application time: 0.0864880 seconds
240.513: [GC [PSYoungGen: 89184K->4432K(96768K)] 107441K->22697K(317952K), 0.0013310 secs] [Times: user=0.00 sys=0.00, real=0.00 secs] 
240.515: Total time for which application threads were stopped: 0.0039910 seconds, Stopping threads took: 0.0025800 seconds
240.596: Application time: 0.0819740 seconds
240.599: [GC [PSYoungGen: 87376K->5696K(96768K)] 105641K->23969K(317952K), 0.0017330 secs] [Times: user=0.01 sys=0.00, real=0.00 secs] 
240.601: Total time for which application threads were stopped: 0.0041880 seconds, Stopping threads took: 0.0023740 seconds
240.681: Application time: 0.0801980 seconds
240.684: [GC [PSYoungGen: 88640K->6192K(96768K)] 106913K->24473K(317952K), 0.0018450 secs] [Times: user=0.01 sys=0.00, real=0.00 secs] 
240.686: Total time for which application threads were stopped: 0.0046840 seconds, Stopping threads took: 0.0027560 seconds
240.766: Application time: 0.0807760 seconds
240.768: [GC [PSYoungGen: 89136K->5904K(96768K)] 107417K->24185K(317952K), 0.0018620 secs] [Times: user=0.01 sys=0.00, real=0.00 secs] 
240.770: Total time for which application threads were stopped: 0.0032920 seconds, Stopping threads took: 0.0013510 seconds
240.853: Application time: 0.0836370 seconds
240.855: [GC [PSYoungGen: 88848K->4576K(96768K)] 107129K->22857K(317952K), 0.0014030 secs] [Times: user=0.00 sys=0.00, real=0.00 secs] 
240.857: Total time for which application threads were stopped: 0.0035140 seconds, Stopping threads took: 0.0020350 seconds
240.937: Application time: 0.0807010 seconds
240.941: [GC [PSYoungGen: 87520K->6032K(96768K)] 105801K->24313K(317952K), 0.0017370 secs] [Times: user=0.01 sys=0.00, real=0.00 secs] 
240.943: Total time for which application threads were stopped: 0.0051420 seconds, Stopping threads took: 0.0033080 seconds
241.025: Application time: 0.0820000 seconds
241.028: [GC [PSYoungGen: 88976K->6080K(96768K)] 107257K->24369K(317952K), 0.0019170 secs] [Times: user=0.01 sys=0.00, real=0.00 secs] 
241.030: Total time for which application threads were stopped: 0.0049630 seconds, Stopping threads took: 0.0029650 seconds
241.108: Application time: 0.0783260 seconds
241.111: [GC [PSYoungGen: 89024K->8080K(96768K)] 107313K->26377K(317952K), 0.0024500 secs] [Times: user=0.01 sys=0.00, real=0.00 secs] 
241.113: Total time for which application threads were stopped: 0.0052010 seconds, Stopping threads took: 0.0026680 seconds
241.193: Application time: 0.0794890 seconds
241.195: [GC [PSYoungGen: 91024K->5840K(96768K)] 109321K->24145K(317952K), 0.0017660 secs] [Times: user=0.01 sys=0.00, real=0.00 secs] 
241.197: Total time for which application threads were stopped: 0.0043550 seconds, Stopping threads took: 0.0024930 seconds
241.277: Application time: 0.0801540 seconds
241.278: [GC [PSYoungGen: 88784K->6688K(96768K)] 107089K->24993K(317952K), 0.0020390 secs] [Times: user=0.02 sys=0.00, real=0.00 secs] 
241.280: Total time for which application threads were stopped: 0.0033320 seconds, Stopping threads took: 0.0012060 seconds
241.358: Application time: 0.0779860 seconds
241.361: [GC [PSYoungGen: 89632K->7200K(96768K)] 107937K->25505K(317952K), 0.0021720 secs] [Times: user=0.02 sys=0.00, real=0.00 secs] 
241.363: Total time for which application threads were stopped: 0.0045180 seconds, Stopping threads took: 0.0022580 seconds
241.445: Application time: 0.0820370 seconds
241.448: [GC [PSYoungGen: 90144K->6448K(96768K)] 108449K->24753K(317952K), 0.0020150 secs] [Times: user=0.01 sys=0.00, real=0.00 secs] 
241.450: Total time for which application threads were stopped: 0.0048130 seconds, Stopping threads took: 0.0027000 seconds
241.529: Application time: 0.0791300 seconds
241.531: [GC [PSYoungGen: 89392K->6896K(96768K)] 107697K->25209K(317952K), 0.0021070 secs] [Times: user=0.01 sys=0.00, real=0.00 secs] 
241.533: Total time for which application threads were stopped: 0.0044350 seconds, Stopping threads took: 0.0022440 seconds
241.613: Application time: 0.0798740 seconds
241.615: [GC [PSYoungGen: 89840K->6976K(96768K)] 108153K->25297K(317952K), 0.0021340 secs] [Times: user=0.01 sys=0.00, real=0.00 secs] 
241.617: Total time for which application threads were stopped: 0.0041250 seconds, Stopping threads took: 0.0019080 seconds
241.695: Application time: 0.0771840 seconds
241.698: [GC [PSYoungGen: 89920K->7936K(96768K)] 108241K->26265K(317952K), 0.0024050 secs] [Times: user=0.01 sys=0.00, real=0.00 secs] 
241.700: Total time for which application threads were stopped: 0.0054180 seconds, Stopping threads took: 0.0029300 seconds
241.778: Application time: 0.0777010 seconds
241.780: [GC [PSYoungGen: 90880K->7440K(96768K)] 109209K->25777K(317952K), 0.0022060 secs] [Times: user=0.01 sys=0.00, real=0.00 secs] 
241.782: Total time for which application threads were stopped: 0.0044120 seconds, Stopping threads took: 0.0021230 seconds
241.859: Application time: 0.0766420 seconds
241.861: [GC [PSYoungGen: 90384K->7520K(96768K)] 108721K->25857K(317952K), 0.0023380 secs] [Times: user=0.01 sys=0.00, real=0.00 secs] 
241.863: Total time for which application threads were stopped: 0.0044810 seconds, Stopping threads took: 0.0020560 seconds
241.944: Application time: 0.0804900 seconds
241.946: [GC [PSYoungGen: 90464K->8016K(96768K)] 108801K->26353K(317952K), 0.0024200 secs] [Times: user=0.02 sys=0.00, real=0.01 secs] 
241.948: Total time for which application threads were stopped: 0.0042330 seconds, Stopping threads took: 0.0017280 seconds
242.028: Application time: 0.0796210 seconds
242.030: [GC [PSYoungGen: 90960K->7712K(96768K)] 109297K->26057K(317952K), 0.0023720 secs] [Times: user=0.02 sys=0.00, real=0.00 secs] 
242.033: Total time for which application threads were stopped: 0.0051140 seconds, Stopping threads took: 0.0026530 seconds
242.113: Application time: 0.0799750 seconds
242.115: [GC [PSYoungGen: 90656K->5904K(96768K)] 109001K->24257K(317952K), 0.0018370 secs] [Times: user=0.01 sys=0.00, real=0.01 secs] 
242.117: Total time for which application threads were stopped: 0.0038670 seconds, Stopping threads took: 0.0019450 seconds
242.202: Application time: 0.0854460 seconds
242.204: [GC [PSYoungGen: 88848K->6272K(96768K)] 107201K->24633K(317952K), 0.0019260 secs] [Times: user=0.02 sys=0.00, real=0.00 secs] 
242.206: Total time for which application threads were stopped: 0.0036880 seconds, Stopping threads took: 0.0016800 seconds
242.288: Application time: 0.0819750 seconds
242.289: [GC [PSYoungGen: 89216K->6528K(96768K)] 107577K->24897K(317952K), 0.0020580 secs] [Times: user=0.01 sys=0.00, real=0.00 secs] 
242.292: Total time for which application threads were stopped: 0.0038430 seconds, Stopping threads took: 0.0017010 seconds
242.370: Application time: 0.0788880 seconds
242.373: [GC [PSYoungGen: 89472K->7408K(96768K)] 107841K->25777K(317952K), 0.0022430 secs] [Times: user=0.01 sys=0.00, real=0.01 secs] 
242.375: Total time for which application threads were stopped: 0.0049400 seconds, Stopping threads took: 0.0026080 seconds
242.457: Application time: 0.0813670 seconds
242.459: [GC [PSYoungGen: 90352K->8384K(96768K)] 108721K->26753K(317952K), 0.0025600 secs] [Times: user=0.01 sys=0.01, real=0.00 secs] 
242.462: Total time for which application threads were stopped: 0.0049930 seconds, Stopping threads took: 0.0023470 seconds
242.540: Application time: 0.0782900 seconds
242.543: [GC [PSYoungGen: 91328K->7072K(96768K)] 109697K->25449K(317952K), 0.0020370 secs] [Times: user=0.01 sys=0.00, real=0.00 secs] 
242.545: Total time for which application threads were stopped: 0.0053180 seconds, Stopping threads took: 0.0031880 seconds
242.626: Application time: 0.0807070 seconds
242.627: [GC [PSYoungGen: 90016K->7280K(96768K)] 108393K->25665K(317952K), 0.0023010 secs] [Times: user=0.01 sys=0.00, real=0.00 secs] 
242.630: Total time for which application threads were stopped: 0.0037390 seconds, Stopping threads took: 0.0013570 seconds
242.711: Application time: 0.0813090 seconds
242.714: [GC [PSYoungGen: 90224K->7984K(96768K)] 108609K->26377K(317952K), 0.0022990 secs] [Times: user=0.02 sys=0.00, real=0.01 secs] 
242.716: Total time for which application threads were stopped: 0.0053450 seconds, Stopping threads took: 0.0029620 seconds
242.798: Application time: 0.0814110 seconds
242.801: [GC [PSYoungGen: 90928K->8016K(96768K)] 109321K->26425K(317952K), 0.0023930 secs] [Times: user=0.01 sys=0.00, real=0.00 secs] 
242.803: Total time for which application threads were stopped: 0.0050870 seconds, Stopping threads took: 0.0026090 seconds
242.882: Application time: 0.0785670 seconds
242.884: [GC [PSYoungGen: 90960K->7056K(96768K)] 109369K->25465K(317952K), 0.0022170 secs] [Times: user=0.01 sys=0.00, real=0.00 secs] 
242.886: Total time for which application threads were stopped: 0.0044110 seconds, Stopping threads took: 0.0021120 seconds
242.970: Application time: 0.0840740 seconds
242.973: [GC [PSYoungGen: 90000K->5456K(96768K)] 108409K->23865K(317952K), 0.0016490 secs] [Times: user=0.01 sys=0.00, real=0.00 secs] 
242.975: Total time for which application threads were stopped: 0.0048980 seconds, Stopping threads took: 0.0031700 seconds
243.062: Application time: 0.0868790 seconds
243.062: [GC [PSYoungGen: 88400K->5456K(96768K)] 106809K->23865K(317952K), 0.0017840 secs] [Times: user=0.01 sys=0.00, real=0.00 secs] 
243.064: Total time for which application threads were stopped: 0.0020830 seconds, Stopping threads took: 0.0002060 seconds
243.148: Application time: 0.0845980 seconds
243.150: [GC [PSYoungGen: 88400K->4112K(96768K)] 106809K->22529K(317952K), 0.0011660 secs] [Times: user=0.00 sys=0.00, real=0.00 secs] 
243.151: Total time for which application threads were stopped: 0.0027180 seconds, Stopping threads took: 0.0014740 seconds
243.238: Application time: 0.0870260 seconds
243.240: [GC [PSYoungGen: 87056K->5728K(96768K)] 105473K->24153K(317952K), 0.0016900 secs] [Times: user=0.01 sys=0.00, real=0.00 secs] 
243.242: Total time for which application threads were stopped: 0.0038280 seconds, Stopping threads took: 0.0020590 seconds
243.323: Application time: 0.0807880 seconds
243.326: [GC [PSYoungGen: 88672K->7712K(96768K)] 107097K->26145K(317952K), 0.0024300 secs] [Times: user=0.02 sys=0.00, real=0.01 secs] 
243.328: Total time for which application threads were stopped: 0.0054190 seconds, Stopping threads took: 0.0029000 seconds
243.408: Application time: 0.0793470 seconds
243.409: [GC [PSYoungGen: 90656K->7008K(96768K)] 109089K->25441K(317952K), 0.0021640 secs] [Times: user=0.02 sys=0.00, real=0.00 secs] 
243.412: Total time for which application threads were stopped: 0.0039750 seconds, Stopping threads took: 0.0017290 seconds
243.490: Application time: 0.0787350 seconds
243.492: [GC [PSYoungGen: 89952K->7664K(96768K)] 108385K->26097K(317952K), 0.0024340 secs] [Times: user=0.01 sys=0.00, real=0.00 secs] 
243.494: Total time for which application threads were stopped: 0.0040070 seconds, Stopping threads took: 0.0014870 seconds
243.572: Application time: 0.0779870 seconds
243.574: [GC [PSYoungGen: 90608K->6784K(96768K)] 109041K->25217K(317952K), 0.0020890 secs] [Times: user=0.01 sys=0.00, real=0.01 secs] 
243.577: Total time for which application threads were stopped: 0.0041690 seconds, Stopping threads took: 0.0019830 seconds
243.653: Application time: 0.0768160 seconds
243.655: [GC [PSYoungGen: 89728K->6736K(96768K)] 108161K->25177K(317952K), 0.0020450 secs] [Times: user=0.02 sys=0.00, real=0.01 secs] 
243.657: Total time for which application threads were stopped: 0.0036310 seconds, Stopping threads took: 0.0015060 seconds
243.735: Application time: 0.0783200 seconds
243.736: [GC [PSYoungGen: 89680K->5328K(96768K)] 108121K->23777K(317952K), 0.0015560 secs] [Times: user=0.02 sys=0.00, real=0.00 secs] 
243.737: Total time for which application threads were stopped: 0.0020890 seconds, Stopping threads took: 0.0004600 seconds
243.816: Application time: 0.0788670 seconds
243.818: [GC [PSYoungGen: 88272K->5696K(96768K)] 106721K->24153K(317952K), 0.0016910 secs] [Times: user=0.01 sys=0.00, real=0.00 secs] 
243.820: Total time for which application threads were stopped: 0.0033370 seconds, Stopping threads took: 0.0015680 seconds
243.900: Application time: 0.0807880 seconds
243.903: [GC [PSYoungGen: 88640K->5824K(96768K)] 107097K->24281K(317952K), 0.0017200 secs] [Times: user=0.01 sys=0.00, real=0.00 secs] 
243.905: Total time for which application threads were stopped: 0.0043240 seconds, Stopping threads took: 0.0025260 seconds
243.981: Application time: 0.0760710 seconds
243.983: [GC [PSYoungGen: 88768K->6272K(96768K)] 107225K->24729K(317952K), 0.0018640 secs] [Times: user=0.02 sys=0.00, real=0.00 secs] 
243.985: Total time for which application threads were stopped: 0.0043530 seconds, Stopping threads took: 0.0024080 seconds
244.066: Application time: 0.0806130 seconds
244.068: [GC [PSYoungGen: 89216K->4464K(96768K)] 107673K->22921K(317952K), 0.0013570 secs] [Times: user=0.01 sys=0.00, real=0.00 secs] 
244.070: Total time for which application threads were stopped: 0.0040700 seconds, Stopping threads took: 0.0026440 seconds
244.148: Application time: 0.0786450 seconds
244.149: [GC [PSYoungGen: 87408K->4880K(96768K)] 105865K->23345K(317952K), 0.0014650 secs] [Times: user=0.01 sys=0.00, real=0.00 secs] 
244.150: Total time for which application threads were stopped: 0.0020150 seconds, Stopping threads took: 0.0004620 seconds
244.233: Application time: 0.0821520 seconds
244.235: [GC [PSYoungGen: 87824K->5920K(96768K)] 106289K->24393K(317952K), 0.0017480 secs] [Times: user=0.01 sys=0.00, real=0.01 secs] 
244.236: Total time for which application threads were stopped: 0.0037310 seconds, Stopping threads took: 0.0019010 seconds
244.311: Application time: 0.0746980 seconds
244.314: [GC [PSYoungGen: 88864K->6960K(96768K)] 107337K->25441K(317952K), 0.0020700 secs] [Times: user=0.01 sys=0.00, real=0.01 secs] 
244.316: Total time for which application threads were stopped: 0.0048020 seconds, Stopping threads took: 0.0026520 seconds
244.390: Application time: 0.0739550 seconds
244.392: [GC [PSYoungGen: 89904K->7712K(96768K)] 108385K->26201K(317952K), 0.0023000 secs] [Times: user=0.01 sys=0.00, real=0.00 secs] 
244.394: Total time for which application threads were stopped: 0.0040320 seconds, Stopping threads took: 0.0016530 seconds
244.472: Application time: 0.0782020 seconds
244.475: [GC [PSYoungGen: 90656K->6688K(96768K)] 109145K->25177K(317952K), 0.0020500 secs] [Times: user=0.01 sys=0.00, real=0.01 secs] 
244.477: Total time for which application threads were stopped: 0.0046500 seconds, Stopping threads took: 0.0025220 seconds
244.554: Application time: 0.0775110 seconds
244.556: [GC [PSYoungGen: 89632K->7328K(96768K)] 108121K->25817K(317952K), 0.0022880 secs] [Times: user=0.01 sys=0.00, real=0.00 secs] 
244.559: Total time for which application threads were stopped: 0.0045600 seconds, Stopping threads took: 0.0021850 seconds
244.634: Application time: 0.0750250 seconds
244.635: [GC [PSYoungGen: 90272K->5632K(96768K)] 108761K->24129K(317952K), 0.0017750 secs] [Times: user=0.01 sys=0.00, real=0.00 secs] 
244.637: Total time for which application threads were stopped: 0.0033250 seconds, Stopping threads took: 0.0014680 seconds
244.716: Application time: 0.0792050 seconds
244.718: [GC [PSYoungGen: 88576K->6592K(96768K)] 107073K->25097K(317952K), 0.0020880 secs] [Times: user=0.02 sys=0.00, real=0.00 secs] 
244.720: Total time for which application threads were stopped: 0.0038860 seconds, Stopping threads took: 0.0017100 seconds
244.797: Application time: 0.0770300 seconds
244.798: [GC [PSYoungGen: 89536K->5280K(96768K)] 108041K->23793K(317952K), 0.0015730 secs] [Times: user=0.01 sys=0.00, real=0.00 secs] 
244.800: Total time for which application threads were stopped: 0.0027940 seconds, Stopping threads took: 0.0011420 seconds
244.875: Application time: 0.0750350 seconds
244.877: [GC [PSYoungGen: 88224K->5632K(96768K)] 106737K->24153K(317952K), 0.0016260 secs] [Times: user=0.01 sys=0.00, real=0.00 secs] 
244.878: Total time for which application threads were stopped: 0.0032930 seconds, Stopping threads took: 0.0015860 seconds
244.955: Application time: 0.0764750 seconds
244.957: [GC [PSYoungGen: 88576K->6608K(96768K)] 107097K->25129K(317952K), 0.0019810 secs] [Times: user=0.01 sys=0.00, real=0.00 secs] 
244.959: Total time for which application threads were stopped: 0.0040690 seconds, Stopping threads took: 0.0020060 seconds
245.036: Application time: 0.0774380 seconds
245.039: [GC [PSYoungGen: 89552K->7072K(96768K)] 108073K->25593K(317952K), 0.0022010 secs] [Times: user=0.01 sys=0.00, real=0.00 secs] 
245.041: Total time for which application threads were stopped: 0.0044700 seconds, Stopping threads took: 0.0021880 seconds
245.115: Application time: 0.0737100 seconds
245.116: [GC [PSYoungGen: 90016K->7168K(96768K)] 108537K->25689K(317952K), 0.0022230 secs] [Times: user=0.01 sys=0.00, real=0.00 secs] 
245.119: Total time for which application threads were stopped: 0.0039340 seconds, Stopping threads took: 0.0016290 seconds
245.193: Application time: 0.0743730 seconds
245.194: [GC [PSYoungGen: 90112K->7072K(96768K)] 108633K->25601K(317952K), 0.0021830 secs] [Times: user=0.01 sys=0.00, real=0.01 secs] 
245.196: Total time for which application threads were stopped: 0.0035920 seconds, Stopping threads took: 0.0013210 seconds
245.273: Application time: 0.0767370 seconds
245.275: [GC [PSYoungGen: 90016K->7440K(96768K)] 108545K->25977K(317952K), 0.0023080 secs] [Times: user=0.02 sys=0.00, real=0.01 secs] 
245.277: Total time for which application threads were stopped: 0.0038420 seconds, Stopping threads took: 0.0014400 seconds
245.354: Application time: 0.0765260 seconds
245.356: [GC [PSYoungGen: 90384K->6096K(96768K)] 108921K->24641K(317952K), 0.0018110 secs] [Times: user=0.01 sys=0.00, real=0.00 secs] 
245.358: Total time for which application threads were stopped: 0.0044910 seconds, Stopping threads took: 0.0025950 seconds
245.431: Application time: 0.0732900 seconds
245.433: [GC [PSYoungGen: 89040K->7168K(96768K)] 107585K->25713K(317952K), 0.0021510 secs] [Times: user=0.01 sys=0.00, real=0.01 secs] 
245.435: Total time for which application threads were stopped: 0.0040350 seconds, Stopping threads took: 0.0018040 seconds
245.509: Application time: 0.0735440 seconds
245.511: [GC [PSYoungGen: 90112K->7072K(96768K)] 108657K->25617K(317952K), 0.0021360 secs] [Times: user=0.02 sys=0.00, real=0.00 secs] 
245.513: Total time for which application threads were stopped: 0.0041900 seconds, Stopping threads took: 0.0019700 seconds
245.587: Application time: 0.0736180 seconds
245.588: [GC [PSYoungGen: 90016K->7616K(96768K)] 108561K->26161K(317952K), 0.0026860 secs] [Times: user=0.02 sys=0.00, real=0.00 secs] 
245.591: Total time for which application threads were stopped: 0.0042600 seconds, Stopping threads took: 0.0014700 seconds
245.667: Application time: 0.0760470 seconds
245.670: [GC [PSYoungGen: 90560K->7584K(96768K)] 109105K->26137K(317952K), 0.0022260 secs] [Times: user=0.02 sys=0.00, real=0.00 secs] 
245.672: Total time for which application threads were stopped: 0.0051720 seconds, Stopping threads took: 0.0028650 seconds
245.750: Application time: 0.0775540 seconds
245.753: [GC [PSYoungGen: 90528K->6544K(96768K)] 109081K->25105K(317952K), 0.0020100 secs] [Times: user=0.02 sys=0.00, real=0.00 secs] 
245.755: Total time for which application threads were stopped: 0.0050110 seconds, Stopping threads took: 0.0029210 seconds
245.833: Application time: 0.0779640 seconds
245.834: [GC [PSYoungGen: 89488K->5264K(96768K)] 108049K->23833K(317952K), 0.0015020 secs] [Times: user=0.01 sys=0.00, real=0.00 secs] 
245.835: Total time for which application threads were stopped: 0.0023190 seconds, Stopping threads took: 0.0007370 seconds
245.916: Application time: 0.0805150 seconds
245.917: [GC [PSYoungGen: 88208K->6064K(96768K)] 106777K->24633K(317952K), 0.0017820 secs] [Times: user=0.01 sys=0.00, real=0.00 secs] 
245.919: Total time for which application threads were stopped: 0.0033990 seconds, Stopping threads took: 0.0015430 seconds
246.002: Application time: 0.0825510 seconds
246.003: [GC [PSYoungGen: 89008K->5664K(96768K)] 107577K->24233K(317952K), 0.0016450 secs] [Times: user=0.02 sys=0.00, real=0.00 secs] 
246.005: Total time for which application threads were stopped: 0.0035600 seconds, Stopping threads took: 0.0018370 seconds
246.081: Application time: 0.0763370 seconds
246.084: [GC [PSYoungGen: 88608K->7568K(96768K)] 107177K->26137K(317952K), 0.0024320 secs] [Times: user=0.01 sys=0.00, real=0.00 secs] 
246.087: Total time for which application threads were stopped: 0.0053380 seconds, Stopping threads took: 0.0028160 seconds
246.163: Application time: 0.0765630 seconds
246.165: [GC [PSYoungGen: 90512K->6816K(96768K)] 109081K->25393K(317952K), 0.0020690 secs] [Times: user=0.01 sys=0.00, real=0.01 secs] 
246.168: Total time for which application threads were stopped: 0.0041930 seconds, Stopping threads took: 0.0020390 seconds
246.256: Application time: 0.0879860 seconds
246.257: [GC [PSYoungGen: 89760K->6576K(96768K)] 108337K->25161K(317952K), 0.0020110 secs] [Times: user=0.02 sys=0.00, real=0.00 secs] 
246.259: Total time for which application threads were stopped: 0.0033050 seconds, Stopping threads took: 0.0012160 seconds
246.340: Application time: 0.0812820 seconds
246.341: [GC [PSYoungGen: 89520K->4672K(96768K)] 108105K->23265K(317952K), 0.0014590 secs] [Times: user=0.01 sys=0.00, real=0.00 secs] 
246.343: Total time for which application threads were stopped: 0.0028200 seconds, Stopping threads took: 0.0012740 seconds
246.421: Application time: 0.0784610 seconds
246.423: [GC [PSYoungGen: 87616K->6096K(96768K)] 106209K->24697K(317952K), 0.0018780 secs] [Times: user=0.01 sys=0.00, real=0.00 secs] 
246.425: Total time for which application threads were stopped: 0.0038030 seconds, Stopping threads took: 0.0018410 seconds
246.498: Application time: 0.0725340 seconds
246.500: [GC [PSYoungGen: 89040K->7392K(96768K)] 107641K->25993K(317952K), 0.0022320 secs] [Times: user=0.02 sys=0.00, real=0.00 secs] 
246.502: Total time for which application threads were stopped: 0.0043210 seconds, Stopping threads took: 0.0020040 seconds
246.576: Application time: 0.0741560 seconds
246.578: [GC [PSYoungGen: 90336K->8128K(96768K)] 108937K->26729K(317952K), 0.0024430 secs] [Times: user=0.02 sys=0.00, real=0.00 secs] 
246.580: Total time for which application threads were stopped: 0.0042180 seconds, Stopping threads took: 0.0016930 seconds
246.656: Application time: 0.0759980 seconds
246.658: [GC [PSYoungGen: 91072K->7248K(96768K)] 109673K->25857K(317952K), 0.0022390 secs] [Times: user=0.02 sys=0.00, real=0.00 secs] 
246.660: Total time for which application threads were stopped: 0.0034310 seconds, Stopping threads took: 0.0011060 seconds
246.736: Application time: 0.0763320 seconds
246.737: [GC [PSYoungGen: 90192K->5488K(96768K)] 108801K->24105K(317952K), 0.0016390 secs] [Times: user=0.01 sys=0.00, real=0.00 secs] 
246.739: Total time for which application threads were stopped: 0.0023790 seconds, Stopping threads took: 0.0006570 seconds
246.816: Application time: 0.0773440 seconds
246.817: [GC [PSYoungGen: 88432K->4784K(96768K)] 107049K->23409K(317952K), 0.0014260 secs] [Times: user=0.01 sys=0.00, real=0.00 secs] 
246.818: Total time for which application threads were stopped: 0.0023390 seconds, Stopping threads took: 0.0008400 seconds
246.898: Application time: 0.0798810 seconds
246.901: [GC [PSYoungGen: 87728K->5472K(96768K)] 106353K->24105K(317952K), 0.0017330 secs] [Times: user=0.01 sys=0.00, real=0.00 secs] 
246.903: Total time for which application threads were stopped: 0.0048410 seconds, Stopping threads took: 0.0030160 seconds
246.980: Application time: 0.0773560 seconds
246.983: [GC [PSYoungGen: 88416K->6800K(96768K)] 107049K->25433K(317952K), 0.0020420 secs] [Times: user=0.01 sys=0.00, real=0.00 secs] 
246.985: Total time for which application threads were stopped: 0.0048680 seconds, Stopping threads took: 0.0027390 seconds
247.061: Application time: 0.0761520 seconds
247.062: [GC [PSYoungGen: 89744K->7120K(96768K)] 108377K->25753K(317952K), 0.0021670 secs] [Times: user=0.01 sys=0.00, real=0.00 secs] 
247.065: Total time for which application threads were stopped: 0.0032370 seconds, Stopping threads took: 0.0009840 seconds
247.149: Application time: 0.0841960 seconds
247.149: [GC [PSYoungGen: 90064K->3088K(96768K)] 108697K->21729K(317952K), 0.0010700 secs] [Times: user=0.00 sys=0.00, real=0.00 secs] 
247.150: Total time for which application threads were stopped: 0.0013350 seconds, Stopping threads took: 0.0002000 seconds
247.226: Application time: 0.0759330 seconds
247.227: [GC [PSYoungGen: 86032K->6240K(96768K)] 104673K->24889K(317952K), 0.0018860 secs] [Times: user=0.01 sys=0.00, real=0.01 secs] 
247.229: Total time for which application threads were stopped: 0.0029060 seconds, Stopping threads took: 0.0009310 seconds
247.308: Application time: 0.0789020 seconds
247.311: [GC [PSYoungGen: 89183K->6944K(96768K)] 107832K->25609K(317952K), 0.0020090 secs] [Times: user=0.01 sys=0.00, real=0.00 secs] 
247.313: Total time for which application threads were stopped: 0.0047950 seconds, Stopping threads took: 0.0027010 seconds
247.392: Application time: 0.0794600 seconds
247.395: [GC [PSYoungGen: 89888K->6432K(96768K)] 108553K->25105K(317952K), 0.0018960 secs] [Times: user=0.02 sys=0.00, real=0.01 secs] 
247.397: Total time for which application threads were stopped: 0.0048650 seconds, Stopping threads took: 0.0028890 seconds
247.473: Application time: 0.0755330 seconds
247.475: [GC [PSYoungGen: 89376K->6816K(96768K)] 108049K->25489K(317952K), 0.0020410 secs] [Times: user=0.02 sys=0.00, real=0.01 secs] 
247.477: Total time for which application threads were stopped: 0.0044920 seconds, Stopping threads took: 0.0023580 seconds
247.553: Application time: 0.0759670 seconds
247.554: [GC [PSYoungGen: 89760K->5440K(96768K)] 108433K->24113K(317952K), 0.0016500 secs] [Times: user=0.01 sys=0.00, real=0.01 secs] 
247.556: Total time for which application threads were stopped: 0.0025290 seconds, Stopping threads took: 0.0008030 seconds
247.632: Application time: 0.0763400 seconds
247.635: [GC [PSYoungGen: 88384K->6944K(96768K)] 107057K->25617K(317952K), 0.0021970 secs] [Times: user=0.01 sys=0.00, real=0.01 secs] 
247.637: Total time for which application threads were stopped: 0.0048130 seconds, Stopping threads took: 0.0025280 seconds
247.721: Application time: 0.0841670 seconds
247.723: [GC [PSYoungGen: 89888K->3776K(96768K)] 108561K->22457K(317952K), 0.0012860 secs] [Times: user=0.01 sys=0.00, real=0.00 secs] 
247.724: Total time for which application threads were stopped: 0.0030400 seconds, Stopping threads took: 0.0016620 seconds
247.805: Application time: 0.0805590 seconds
247.806: [GC [PSYoungGen: 86720K->6176K(96768K)] 105401K->24865K(317952K), 0.0018630 secs] [Times: user=0.02 sys=0.00, real=0.01 secs] 
247.808: Total time for which application threads were stopped: 0.0034510 seconds, Stopping threads took: 0.0015060 seconds
247.887: Application time: 0.0789010 seconds
247.889: [GC [PSYoungGen: 89120K->8080K(96768K)] 107809K->26769K(317952K), 0.0024660 secs] [Times: user=0.01 sys=0.00, real=0.00 secs] 
247.892: Total time for which application threads were stopped: 0.0050750 seconds, Stopping threads took: 0.0025270 seconds
247.973: Application time: 0.0807900 seconds
247.976: [GC [PSYoungGen: 91024K->7200K(96768K)] 109713K->25897K(317952K), 0.0022300 secs] [Times: user=0.01 sys=0.00, real=0.00 secs] 
247.978: Total time for which application threads were stopped: 0.0055410 seconds, Stopping threads took: 0.0032210 seconds
248.058: Application time: 0.0799650 seconds
248.060: [GC [PSYoungGen: 90144K->6832K(96768K)] 108841K->25529K(317952K), 0.0021280 secs] [Times: user=0.02 sys=0.00, real=0.00 secs] 
248.062: Total time for which application threads were stopped: 0.0035830 seconds, Stopping threads took: 0.0013690 seconds
248.141: Application time: 0.0792410 seconds
248.143: [GC [PSYoungGen: 89776K->7568K(96768K)] 108473K->26265K(317952K), 0.0023010 secs] [Times: user=0.02 sys=0.00, real=0.00 secs] 
248.145: Total time for which application threads were stopped: 0.0042870 seconds, Stopping threads took: 0.0019000 seconds
248.228: Application time: 0.0828050 seconds
248.229: [GC [PSYoungGen: 90512K->7104K(96768K)] 109209K->25809K(317952K), 0.0022310 secs] [Times: user=0.02 sys=0.00, real=0.00 secs] 
248.231: Total time for which application threads were stopped: 0.0029990 seconds, Stopping threads took: 0.0006750 seconds
248.312: Application time: 0.0810880 seconds
248.314: [GC [PSYoungGen: 90048K->7312K(96768K)] 108753K->26025K(317952K), 0.0023100 secs] [Times: user=0.01 sys=0.00, real=0.01 secs] 
248.316: Total time for which application threads were stopped: 0.0037450 seconds, Stopping threads took: 0.0013560 seconds
248.395: Application time: 0.0793750 seconds
248.399: [GC [PSYoungGen: 90256K->7648K(96768K)] 108969K->26369K(317952K), 0.0023340 secs] [Times: user=0.01 sys=0.00, real=0.00 secs] 
248.401: Total time for which application threads were stopped: 0.0055370 seconds, Stopping threads took: 0.0031180 seconds
248.480: Application time: 0.0791490 seconds
248.483: [GC [PSYoungGen: 90592K->6624K(96768K)] 109313K->25353K(317952K), 0.0020170 secs] [Times: user=0.01 sys=0.00, real=0.00 secs] 
248.485: Total time for which application threads were stopped: 0.0045890 seconds, Stopping threads took: 0.0024720 seconds
248.567: Application time: 0.0824550 seconds
248.568: [GC [PSYoungGen: 89568K->5568K(96768K)] 108297K->24297K(317952K), 0.0017800 secs] [Times: user=0.01 sys=0.00, real=0.00 secs] 
248.570: Total time for which application threads were stopped: 0.0027180 seconds, Stopping threads took: 0.0008580 seconds
248.652: Application time: 0.0825100 seconds
248.656: [GC [PSYoungGen: 88512K->6640K(96768K)] 107241K->25369K(317952K), 0.0019400 secs] [Times: user=0.01 sys=0.00, real=0.00 secs] 
248.658: Total time for which application threads were stopped: 0.0051280 seconds, Stopping threads took: 0.0031060 seconds
248.741: Application time: 0.0835630 seconds
248.742: [GC [PSYoungGen: 89584K->3712K(96768K)] 108313K->22449K(317952K), 0.0012330 secs] [Times: user=0.01 sys=0.00, real=0.00 secs] 
248.743: Total time for which application threads were stopped: 0.0017310 seconds, Stopping threads took: 0.0004210 seconds
248.826: Application time: 0.0834750 seconds
248.828: [GC [PSYoungGen: 86656K->5440K(96768K)] 105393K->24185K(317952K), 0.0017460 secs] [Times: user=0.01 sys=0.00, real=0.00 secs] 
248.830: Total time for which application threads were stopped: 0.0034080 seconds, Stopping threads took: 0.0015810 seconds
248.910: Application time: 0.0803180 seconds
248.913: [GC [PSYoungGen: 88384K->6992K(96768K)] 107129K->25745K(317952K), 0.0020250 secs] [Times: user=0.02 sys=0.00, real=0.00 secs] 
248.915: Total time for which application threads were stopped: 0.0049740 seconds, Stopping threads took: 0.0028680 seconds
248.994: Application time: 0.0794140 seconds
248.996: [GC [PSYoungGen: 89936K->6928K(96768K)] 108689K->25689K(317952K), 0.0021200 secs] [Times: user=0.01 sys=0.00, real=0.00 secs] 
248.998: Total time for which application threads were stopped: 0.0039650 seconds, Stopping threads took: 0.0017410 seconds
249.078: Application time: 0.0797680 seconds
249.081: [GC [PSYoungGen: 89872K->7360K(96768K)] 108633K->26121K(317952K), 0.0025980 secs] [Times: user=0.01 sys=0.00, real=0.00 secs] 
249.083: Total time for which application threads were stopped: 0.0052520 seconds, Stopping threads took: 0.0025460 seconds
249.166: Application time: 0.0824330 seconds
249.167: [GC [PSYoungGen: 90304K->6704K(96768K)] 109065K->25465K(317952K), 0.0020650 secs] [Times: user=0.01 sys=0.00, real=0.00 secs] 
249.169: Total time for which application threads were stopped: 0.0036060 seconds, Stopping threads took: 0.0014570 seconds
249.255: Application time: 0.0852840 seconds
249.256: [GC [PSYoungGen: 89648K->8272K(96768K)] 108409K->27049K(317952K), 0.0025460 secs] [Times: user=0.02 sys=0.00, real=0.00 secs] 
249.259: Total time for which application threads were stopped: 0.0043250 seconds, Stopping threads took: 0.0016970 seconds
249.343: Application time: 0.0842430 seconds
249.345: [GC [PSYoungGen: 91216K->6288K(96768K)] 109993K->25073K(317952K), 0.0019930 secs] [Times: user=0.01 sys=0.00, real=0.00 secs] 
249.347: Total time for which application threads were stopped: 0.0035890 seconds, Stopping threads took: 0.0015110 seconds
249.431: Application time: 0.0845880 seconds
249.433: [GC [PSYoungGen: 89232K->4416K(96768K)] 108017K->23209K(317952K), 0.0013180 secs] [Times: user=0.01 sys=0.00, real=0.00 secs] 
249.435: Total time for which application threads were stopped: 0.0030240 seconds, Stopping threads took: 0.0016260 seconds
249.516: Application time: 0.0815050 seconds
249.518: [GC [PSYoungGen: 87360K->6720K(96768K)] 106153K->25521K(317952K), 0.0020400 secs] [Times: user=0.01 sys=0.00, real=0.00 secs] 
249.520: Total time for which application threads were stopped: 0.0043920 seconds, Stopping threads took: 0.0022560 seconds
249.602: Application time: 0.0815200 seconds
249.603: [GC [PSYoungGen: 89664K->5632K(96768K)] 108465K->24433K(317952K), 0.0017300 secs] [Times: user=0.01 sys=0.00, real=0.00 secs] 
249.604: Total time for which application threads were stopped: 0.0024580 seconds, Stopping threads took: 0.0006470 seconds
249.685: Application time: 0.0806120 seconds
249.688: [GC [PSYoungGen: 88576K->7456K(96768K)] 107377K->26257K(317952K), 0.0021970 secs] [Times: user=0.01 sys=0.00, real=0.00 secs] 
249.690: Total time for which application threads were stopped: 0.0054130 seconds, Stopping threads took: 0.0031370 seconds
249.771: Application time: 0.0804760 seconds
249.774: [GC [PSYoungGen: 90400K->6896K(96768K)] 109201K->25705K(317952K), 0.0020700 secs] [Times: user=0.01 sys=0.00, real=0.01 secs] 
249.776: Total time for which application threads were stopped: 0.0053490 seconds, Stopping threads took: 0.0031990 seconds
249.858: Application time: 0.0820180 seconds
249.859: [GC [PSYoungGen: 89840K->5408K(96768K)] 108649K->24225K(317952K), 0.0016670 secs] [Times: user=0.01 sys=0.00, real=0.00 secs] 
249.860: Total time for which application threads were stopped: 0.0021360 seconds, Stopping threads took: 0.0003890 seconds
249.946: Application time: 0.0859540 seconds
249.949: [GC [PSYoungGen: 88352K->5648K(96768K)] 107169K->24473K(317952K), 0.0016640 secs] [Times: user=0.01 sys=0.00, real=0.00 secs] 
249.951: Total time for which application threads were stopped: 0.0044660 seconds, Stopping threads took: 0.0027180 seconds
250.037: Application time: 0.0857340 seconds
250.038: [GC [PSYoungGen: 88592K->6256K(96768K)] 107417K->25089K(317952K), 0.0018590 secs] [Times: user=0.01 sys=0.00, real=0.00 secs] 
250.040: Total time for which application threads were stopped: 0.0036650 seconds, Stopping threads took: 0.0017090 seconds
250.120: Application time: 0.0796700 seconds
250.123: [GC [PSYoungGen: 89200K->6784K(96768K)] 108033K->25625K(317952K), 0.0020810 secs] [Times: user=0.02 sys=0.00, real=0.00 secs] 
250.125: Total time for which application threads were stopped: 0.0051090 seconds, Stopping threads took: 0.0029420 seconds
250.205: Application time: 0.0802440 seconds
250.208: [GC [PSYoungGen: 89728K->7280K(96768K)] 108569K->26121K(317952K), 0.0021750 secs] [Times: user=0.02 sys=0.00, real=0.00 secs] 
250.210: Total time for which application threads were stopped: 0.0051900 seconds, Stopping threads took: 0.0029310 seconds
250.290: Application time: 0.0797030 seconds
250.293: [GC [PSYoungGen: 90224K->6576K(96768K)] 109065K->25433K(317952K), 0.0020020 secs] [Times: user=0.02 sys=0.00, real=0.00 secs] 
250.295: Total time for which application threads were stopped: 0.0045120 seconds, Stopping threads took: 0.0024270 seconds
250.377: Application time: 0.0822130 seconds
250.379: [GC [PSYoungGen: 89520K->7136K(96768K)] 108377K->26001K(317952K), 0.0021010 secs] [Times: user=0.01 sys=0.00, real=0.00 secs] 
250.381: Total time for which application threads were stopped: 0.0044080 seconds, Stopping threads took: 0.0022230 seconds
250.463: Application time: 0.0817420 seconds
250.465: [GC [PSYoungGen: 90080K->6016K(96768K)] 108945K->24889K(317952K), 0.0018070 secs] [Times: user=0.01 sys=0.00, real=0.01 secs] 
250.467: Total time for which application threads were stopped: 0.0042870 seconds, Stopping threads took: 0.0023970 seconds
250.546: Application time: 0.0781960 seconds
250.548: [GC [PSYoungGen: 88960K->7296K(96768K)] 107833K->26177K(317952K), 0.0021410 secs] [Times: user=0.01 sys=0.00, real=0.00 secs] 
250.550: Total time for which application threads were stopped: 0.0042600 seconds, Stopping threads took: 0.0020300 seconds
250.631: Application time: 0.0811620 seconds
250.634: [GC [PSYoungGen: 90240K->5856K(96768K)] 109121K->24745K(317952K), 0.0017070 secs] [Times: user=0.01 sys=0.00, real=0.01 secs] 
250.635: Total time for which application threads were stopped: 0.0045110 seconds, Stopping threads took: 0.0027190 seconds
250.716: Application time: 0.0804110 seconds
250.718: [GC [PSYoungGen: 88800K->7296K(96768K)] 107689K->26185K(317952K), 0.0024270 secs] [Times: user=0.01 sys=0.00, real=0.00 secs] 
250.720: Total time for which application threads were stopped: 0.0043620 seconds, Stopping threads took: 0.0018350 seconds
250.801: Application time: 0.0802840 seconds
250.802: [GC [PSYoungGen: 90240K->6464K(96768K)] 109129K->25353K(317952K), 0.0022120 secs] [Times: user=0.01 sys=0.00, real=0.00 secs] 
250.805: Total time for which application threads were stopped: 0.0040650 seconds, Stopping threads took: 0.0017450 seconds
250.885: Application time: 0.0800750 seconds
250.886: [GC [PSYoungGen: 89408K->5584K(96768K)] 108297K->24481K(317952K), 0.0018030 secs] [Times: user=0.01 sys=0.00, real=0.01 secs] 
250.888: Total time for which application threads were stopped: 0.0034760 seconds, Stopping threads took: 0.0015700 seconds
250.971: Application time: 0.0827640 seconds
250.973: [GC [PSYoungGen: 88528K->5200K(96768K)] 107425K->24105K(317952K), 0.0015200 secs] [Times: user=0.01 sys=0.00, real=0.00 secs] 
250.974: Total time for which application threads were stopped: 0.0031540 seconds, Stopping threads took: 0.0015540 seconds
251.053: Application time: 0.0791130 seconds
251.056: [GC [PSYoungGen: 88144K->7024K(96768K)] 107049K->25937K(317952K), 0.0021820 secs] [Times: user=0.01 sys=0.00, real=0.00 secs] 
251.059: Total time for which application threads were stopped: 0.0053570 seconds, Stopping threads took: 0.0030830 seconds
251.137: Application time: 0.0786220 seconds
251.140: [GC [PSYoungGen: 89968K->7824K(96768K)] 108881K->26745K(317952K), 0.0024150 secs] [Times: user=0.01 sys=0.00, real=0.00 secs] 
251.142: Total time for which application threads were stopped: 0.0048650 seconds, Stopping threads took: 0.0023660 seconds
251.220: Application time: 0.0779230 seconds
251.222: [GC [PSYoungGen: 90768K->7904K(96768K)] 109689K->26825K(317952K), 0.0024060 secs] [Times: user=0.02 sys=0.00, real=0.00 secs] 
251.225: Total time for which application threads were stopped: 0.0049790 seconds, Stopping threads took: 0.0024880 seconds
251.305: Application time: 0.0805550 seconds
251.308: [GC [PSYoungGen: 90848K->6784K(96768K)] 109769K->25705K(317952K), 0.0021170 secs] [Times: user=0.01 sys=0.00, real=0.00 secs] 
251.310: Total time for which application threads were stopped: 0.0043610 seconds, Stopping threads took: 0.0021560 seconds
251.388: Application time: 0.0779540 seconds
251.390: [GC [PSYoungGen: 89728K->6944K(96768K)] 108649K->25873K(317952K), 0.0021310 secs] [Times: user=0.01 sys=0.00, real=0.00 secs] 
251.393: Total time for which application threads were stopped: 0.0048080 seconds, Stopping threads took: 0.0025660 seconds
251.471: Application time: 0.0785380 seconds
251.474: [GC [PSYoungGen: 89888K->7744K(96768K)] 108817K->26681K(317952K), 0.0024030 secs] [Times: user=0.01 sys=0.00, real=0.01 secs] 
251.476: Total time for which application threads were stopped: 0.0052450 seconds, Stopping threads took: 0.0027610 seconds
251.557: Application time: 0.0810140 seconds
251.559: [GC [PSYoungGen: 90688K->4944K(96768K)] 109625K->23889K(317952K), 0.0015240 secs] [Times: user=0.01 sys=0.00, real=0.00 secs] 
251.561: Total time for which application threads were stopped: 0.0031770 seconds, Stopping threads took: 0.0015670 seconds
251.633: Application time: 0.0721100 seconds
251.635: [GC [PSYoungGen: 87888K->7744K(96768K)] 106833K->26689K(317952K), 0.0022680 secs] [Times: user=0.01 sys=0.00, real=0.00 secs] 
251.638: Total time for which application threads were stopped: 0.0048610 seconds, Stopping threads took: 0.0025120 seconds
251.713: Application time: 0.0755870 seconds
251.715: [GC [PSYoungGen: 90688K->6528K(96768K)] 109633K->25481K(317952K), 0.0019920 secs] [Times: user=0.02 sys=0.00, real=0.01 secs] 
251.717: Total time for which application threads were stopped: 0.0037320 seconds, Stopping threads took: 0.0016600 seconds
251.792: Application time: 0.0749080 seconds
251.795: [GC [PSYoungGen: 89472K->8464K(96768K)] 108425K->27417K(317952K), 0.0025800 secs] [Times: user=0.01 sys=0.00, real=0.01 secs] 
251.797: Total time for which application threads were stopped: 0.0053470 seconds, Stopping threads took: 0.0026810 seconds
251.872: Application time: 0.0746240 seconds
251.873: [GC [PSYoungGen: 91408K->8256K(96768K)] 110361K->27217K(317952K), 0.0026150 secs] [Times: user=0.01 sys=0.00, real=0.01 secs] 
251.876: Total time for which application threads were stopped: 0.0042220 seconds, Stopping threads took: 0.0015260 seconds
251.956: Application time: 0.0797130 seconds
251.957: [GC [PSYoungGen: 91200K->5024K(96768K)] 110161K->23993K(317952K), 0.0015920 secs] [Times: user=0.01 sys=0.00, real=0.00 secs] 
251.958: Total time for which application threads were stopped: 0.0027380 seconds, Stopping threads took: 0.0010690 seconds
252.034: Application time: 0.0758710 seconds
252.036: [GC [PSYoungGen: 87968K->7616K(96768K)] 106937K->26593K(317952K), 0.0022990 secs] [Times: user=0.02 sys=0.00, real=0.00 secs] 
252.039: Total time for which application threads were stopped: 0.0041670 seconds, Stopping threads took: 0.0017900 seconds
252.114: Application time: 0.0754960 seconds
252.115: [GC [PSYoungGen: 90560K->6384K(96768K)] 109537K->25361K(317952K), 0.0019250 secs] [Times: user=0.01 sys=0.00, real=0.01 secs] 
252.117: Total time for which application threads were stopped: 0.0030260 seconds, Stopping threads took: 0.0010050 seconds
252.194: Application time: 0.0771100 seconds
252.197: [GC [PSYoungGen: 89328K->7664K(96768K)] 108305K->26649K(317952K), 0.0026710 secs] [Times: user=0.02 sys=0.00, real=0.00 secs] 
252.200: Total time for which application threads were stopped: 0.0055360 seconds, Stopping threads took: 0.0027830 seconds
252.274: Application time: 0.0739540 seconds
252.275: [GC [PSYoungGen: 90608K->6688K(96768K)] 109593K->25673K(317952K), 0.0020300 secs] [Times: user=0.02 sys=0.00, real=0.00 secs] 
252.278: Total time for which application threads were stopped: 0.0038830 seconds, Stopping threads took: 0.0017710 seconds
252.351: Application time: 0.0738830 seconds
252.354: [GC [PSYoungGen: 89632K->7408K(96768K)] 108617K->26409K(317952K), 0.0021770 secs] [Times: user=0.01 sys=0.00, real=0.01 secs] 
252.356: Total time for which application threads were stopped: 0.0048980 seconds, Stopping threads took: 0.0026360 seconds
252.432: Application time: 0.0758420 seconds
252.434: [GC [PSYoungGen: 90352K->6320K(96768K)] 109353K->25329K(317952K), 0.0019660 secs] [Times: user=0.01 sys=0.00, real=0.01 secs] 
252.436: Total time for which application threads were stopped: 0.0035870 seconds, Stopping threads took: 0.0015390 seconds
252.510: Application time: 0.0743010 seconds
252.511: [GC [PSYoungGen: 89264K->7056K(96768K)] 108273K->26073K(317952K), 0.0021990 secs] [Times: user=0.01 sys=0.00, real=0.00 secs] 
252.514: Total time for which application threads were stopped: 0.0036710 seconds, Stopping threads took: 0.0013870 seconds
252.593: Application time: 0.0790680 seconds
252.593: [GC [PSYoungGen: 90000K->4544K(96768K)] 109017K->23569K(317952K), 0.0014170 secs] [Times: user=0.01 sys=0.00, real=0.00 secs] 
252.595: Total time for which application threads were stopped: 0.0020420 seconds, Stopping threads took: 0.0005540 seconds
252.674: Application time: 0.0794780 seconds
252.677: [GC [PSYoungGen: 87488K->5664K(96768K)] 106513K->24697K(317952K), 0.0016320 secs] [Times: user=0.01 sys=0.00, real=0.00 secs] 
252.679: Total time for which application threads were stopped: 0.0046360 seconds, Stopping threads took: 0.0029160 seconds
252.757: Application time: 0.0784590 seconds
252.759: [GC [PSYoungGen: 88608K->6560K(96768K)] 107641K->25593K(317952K), 0.0019950 secs] [Times: user=0.02 sys=0.00, real=0.00 secs] 
252.761: Total time for which application threads were stopped: 0.0034760 seconds, Stopping threads took: 0.0013950 seconds
252.836: Application time: 0.0753150 seconds
252.838: [GC [PSYoungGen: 89504K->6656K(96768K)] 108537K->25689K(317952K), 0.0019880 secs] [Times: user=0.01 sys=0.00, real=0.00 secs] 
252.840: Total time for which application threads were stopped: 0.0039880 seconds, Stopping threads took: 0.0019150 seconds
252.914: Application time: 0.0739710 seconds
252.916: [GC [PSYoungGen: 89600K->7136K(96768K)] 108633K->26177K(317952K), 0.0022140 secs] [Times: user=0.01 sys=0.00, real=0.00 secs] 
252.918: Total time for which application threads were stopped: 0.0038540 seconds, Stopping threads took: 0.0015550 seconds
252.996: Application time: 0.0779920 seconds
252.997: [GC [PSYoungGen: 90080K->5920K(96768K)] 109121K->24969K(317952K), 0.0017890 secs] [Times: user=0.01 sys=0.00, real=0.00 secs] 
252.999: Total time for which application threads were stopped: 0.0027560 seconds, Stopping threads took: 0.0008660 seconds
253.080: Application time: 0.0812240 seconds
253.083: [GC [PSYoungGen: 88864K->6368K(96768K)] 107913K->25425K(317952K), 0.0018850 secs] [Times: user=0.01 sys=0.00, real=0.00 secs] 
253.085: Total time for which application threads were stopped: 0.0047930 seconds, Stopping threads took: 0.0028290 seconds
253.164: Application time: 0.0796070 seconds
253.167: [GC [PSYoungGen: 89312K->7792K(96768K)] 108369K->26849K(317952K), 0.0023460 secs] [Times: user=0.02 sys=0.00, real=0.01 secs] 
253.169: Total time for which application threads were stopped: 0.0048900 seconds, Stopping threads took: 0.0024630 seconds
253.243: Application time: 0.0738750 seconds
253.246: [GC [PSYoungGen: 90736K->7632K(96768K)] 109793K->26697K(317952K), 0.0022180 secs] [Times: user=0.01 sys=0.00, real=0.01 secs] 
253.248: Total time for which application threads were stopped: 0.0050510 seconds, Stopping threads took: 0.0027410 seconds
253.324: Application time: 0.0754080 seconds
253.325: [GC [PSYoungGen: 90576K->6688K(96768K)] 109641K->25753K(317952K), 0.0020330 secs] [Times: user=0.02 sys=0.00, real=0.01 secs] 
253.327: Total time for which application threads were stopped: 0.0038120 seconds, Stopping threads took: 0.0016970 seconds
253.403: Application time: 0.0755570 seconds
253.406: [GC [PSYoungGen: 89632K->6576K(96768K)] 108697K->25649K(317952K), 0.0019580 secs] [Times: user=0.02 sys=0.00, real=0.01 secs] 
253.408: Total time for which application threads were stopped: 0.0047990 seconds, Stopping threads took: 0.0027560 seconds
253.482: Application time: 0.0746060 seconds
253.484: [GC [PSYoungGen: 89520K->5632K(96768K)] 108593K->24713K(317952K), 0.0016920 secs] [Times: user=0.01 sys=0.00, real=0.00 secs] 
253.486: Total time for which application threads were stopped: 0.0032170 seconds, Stopping threads took: 0.0014470 seconds
253.558: Application time: 0.0726090 seconds
253.560: [GC [PSYoungGen: 88576K->7952K(96768K)] 107657K->27041K(317952K), 0.0023490 secs] [Times: user=0.02 sys=0.00, real=0.00 secs] 
253.563: Total time for which application threads were stopped: 0.0044390 seconds, Stopping threads took: 0.0020090 seconds
253.638: Application time: 0.0749760 seconds
253.639: [GC [PSYoungGen: 90896K->6368K(96768K)] 109985K->25457K(317952K), 0.0019730 secs] [Times: user=0.01 sys=0.00, real=0.00 secs] 
253.641: Total time for which application threads were stopped: 0.0036990 seconds, Stopping threads took: 0.0016420 seconds
253.721: Application time: 0.0793940 seconds
253.723: [GC [PSYoungGen: 89312K->5808K(96768K)] 108401K->24905K(317952K), 0.0017800 secs] [Times: user=0.02 sys=0.00, real=0.00 secs] 
253.725: Total time for which application threads were stopped: 0.0037280 seconds, Stopping threads took: 0.0018630 seconds
253.798: Application time: 0.0736600 seconds
253.799: [GC [PSYoungGen: 88752K->5248K(96768K)] 107849K->24345K(317952K), 0.0016720 secs] [Times: user=0.01 sys=0.00, real=0.00 secs] 
253.801: Total time for which application threads were stopped: 0.0024220 seconds, Stopping threads took: 0.0006660 seconds
253.876: Application time: 0.0758400 seconds
253.879: [GC [PSYoungGen: 88192K->7072K(96768K)] 107289K->26177K(317952K), 0.0020880 secs] [Times: user=0.01 sys=0.00, real=0.00 secs] 
253.881: Total time for which application threads were stopped: 0.0045820 seconds, Stopping threads took: 0.0024130 seconds
253.960: Application time: 0.0789510 seconds
253.962: [GC [PSYoungGen: 90016K->4928K(96768K)] 109121K->24041K(317952K), 0.0014850 secs] [Times: user=0.00 sys=0.01, real=0.00 secs] 
253.963: Total time for which application threads were stopped: 0.0034330 seconds, Stopping threads took: 0.0018710 seconds
254.040: Application time: 0.0765960 seconds
254.043: [GC [PSYoungGen: 87872K->6608K(96768K)] 106985K->25729K(317952K), 0.0022060 secs] [Times: user=0.02 sys=0.00, real=0.00 secs] 
254.045: Total time for which application threads were stopped: 0.0051370 seconds, Stopping threads took: 0.0028410 seconds
254.119: Application time: 0.0736320 seconds
254.121: [GC [PSYoungGen: 89552K->8048K(96768K)] 108673K->27169K(317952K), 0.0024540 secs] [Times: user=0.02 sys=0.00, real=0.00 secs] 
254.124: Total time for which application threads were stopped: 0.0049850 seconds, Stopping threads took: 0.0024480 seconds
254.203: Application time: 0.0789120 seconds
254.203: [GC [PSYoungGen: 90992K->5600K(96768K)] 110113K->24729K(317952K), 0.0016860 secs] [Times: user=0.01 sys=0.00, real=0.00 secs] 
254.205: Total time for which application threads were stopped: 0.0022640 seconds, Stopping threads took: 0.0004980 seconds
254.281: Application time: 0.0757030 seconds
254.282: [GC [PSYoungGen: 88544K->5792K(96768K)] 107673K->24921K(317952K), 0.0018270 secs] [Times: user=0.01 sys=0.00, real=0.00 secs] 
254.284: Total time for which application threads were stopped: 0.0033980 seconds, Stopping threads took: 0.0014890 seconds
254.359: Application time: 0.0748690 seconds
254.361: [GC [PSYoungGen: 88736K->5760K(96768K)] 107865K->24889K(317952K), 0.0016790 secs] [Times: user=0.01 sys=0.00, real=0.00 secs] 
254.363: Total time for which application threads were stopped: 0.0040370 seconds, Stopping threads took: 0.0022680 seconds
254.440: Application time: 0.0765640 seconds
254.441: [GC [PSYoungGen: 88704K->6112K(96768K)] 107833K->25249K(317952K), 0.0018400 secs] [Times: user=0.02 sys=0.00, real=0.00 secs] 
254.443: Total time for which application threads were stopped: 0.0032380 seconds, Stopping threads took: 0.0013220 seconds
254.518: Application time: 0.0752180 seconds
254.520: [GC [PSYoungGen: 89056K->7936K(96768K)] 108193K->27089K(317952K), 0.0023810 secs] [Times: user=0.01 sys=0.00, real=0.00 secs] 
254.522: Total time for which application threads were stopped: 0.0042390 seconds, Stopping threads took: 0.0017670 seconds
254.598: Application time: 0.0755020 seconds
254.601: [GC [PSYoungGen: 90880K->7936K(96768K)] 110033K->27097K(317952K), 0.0023430 secs] [Times: user=0.01 sys=0.00, real=0.00 secs] 
254.603: Total time for which application threads were stopped: 0.0052820 seconds, Stopping threads took: 0.0028560 seconds
254.680: Application time: 0.0769270 seconds
254.681: [GC [PSYoungGen: 90880K->5696K(96768K)] 110041K->24865K(317952K), 0.0016800 secs] [Times: user=0.01 sys=0.00, real=0.00 secs] 
254.683: Total time for which application threads were stopped: 0.0031570 seconds, Stopping threads took: 0.0013950 seconds
254.760: Application time: 0.0764200 seconds
254.761: [GC [PSYoungGen: 88640K->7168K(96768K)] 107809K->26337K(317952K), 0.0022280 secs] [Times: user=0.02 sys=0.00, real=0.00 secs] 
254.763: Total time for which application threads were stopped: 0.0034300 seconds, Stopping threads took: 0.0011200 seconds
254.839: Application time: 0.0757440 seconds
254.840: [GC [PSYoungGen: 90112K->7360K(96768K)] 109281K->26529K(317952K), 0.0022320 secs] [Times: user=0.02 sys=0.00, real=0.00 secs] 
254.842: Total time for which application threads were stopped: 0.0037180 seconds, Stopping threads took: 0.0014060 seconds
254.920: Application time: 0.0774940 seconds
254.922: [GC [PSYoungGen: 90304K->7008K(96768K)] 109473K->26185K(317952K), 0.0021620 secs] [Times: user=0.01 sys=0.00, real=0.00 secs] 
254.924: Total time for which application threads were stopped: 0.0039970 seconds, Stopping threads took: 0.0017410 seconds
254.999: Application time: 0.0748100 seconds
255.001: [GC [PSYoungGen: 89952K->8144K(96768K)] 109129K->27337K(317952K), 0.0023880 secs] [Times: user=0.01 sys=0.01, real=0.00 secs] 
255.003: Total time for which application threads were stopped: 0.0047610 seconds, Stopping threads took: 0.0022910 seconds
255.078: Application time: 0.0749010 seconds
255.080: [GC [PSYoungGen: 91088K->7232K(96768K)] 110281K->26433K(317952K), 0.0022060 secs] [Times: user=0.02 sys=0.00, real=0.00 secs] 
255.082: Total time for which application threads were stopped: 0.0037140 seconds, Stopping threads took: 0.0014270 seconds
255.158: Application time: 0.0756500 seconds
255.159: [GC [PSYoungGen: 90176K->6736K(96768K)] 109377K->25937K(317952K), 0.0020660 secs] [Times: user=0.01 sys=0.00, real=0.00 secs] 
255.161: Total time for which application threads were stopped: 0.0034010 seconds, Stopping threads took: 0.0012540 seconds
255.237: Application time: 0.0760310 seconds
255.239: [GC [PSYoungGen: 89680K->5184K(96768K)] 108881K->24393K(317952K), 0.0016160 secs] [Times: user=0.02 sys=0.00, real=0.00 secs] 
255.240: Total time for which application threads were stopped: 0.0031710 seconds, Stopping threads took: 0.0014770 seconds
255.318: Application time: 0.0779640 seconds
255.320: [GC [PSYoungGen: 88128K->5312K(96768K)] 107337K->24521K(317952K), 0.0015730 secs] [Times: user=0.01 sys=0.00, real=0.00 secs] 
255.322: Total time for which application threads were stopped: 0.0035310 seconds, Stopping threads took: 0.0018810 seconds
255.397: Application time: 0.0751490 seconds
255.399: [GC [PSYoungGen: 88256K->7248K(96768K)] 107465K->26465K(317952K), 0.0021800 secs] [Times: user=0.01 sys=0.00, real=0.00 secs] 
255.402: Total time for which application threads were stopped: 0.0046810 seconds, Stopping threads took: 0.0024200 seconds
255.475: Application time: 0.0735460 seconds
255.477: [GC [PSYoungGen: 90192K->7184K(96768K)] 109409K->26409K(317952K), 0.0021910 secs] [Times: user=0.02 sys=0.00, real=0.00 secs] 
255.480: Total time for which application threads were stopped: 0.0044120 seconds, Stopping threads took: 0.0021030 seconds
255.552: Application time: 0.0727020 seconds
255.555: [GC [PSYoungGen: 90128K->7296K(96768K)] 109353K->26529K(317952K), 0.0022370 secs] [Times: user=0.02 sys=0.00, real=0.01 secs] 
255.557: Total time for which application threads were stopped: 0.0046510 seconds, Stopping threads took: 0.0023310 seconds
255.634: Application time: 0.0767780 seconds
255.636: [GC [PSYoungGen: 90240K->6848K(96768K)] 109473K->26081K(317952K), 0.0022080 secs] [Times: user=0.02 sys=0.00, real=0.00 secs] 
255.638: Total time for which application threads were stopped: 0.0040880 seconds, Stopping threads took: 0.0017980 seconds
255.720: Application time: 0.0819250 seconds
255.721: [GC [PSYoungGen: 89792K->6112K(96768K)] 109025K->25353K(317952K), 0.0019240 secs] [Times: user=0.01 sys=0.00, real=0.00 secs] 
255.723: Total time for which application threads were stopped: 0.0028750 seconds, Stopping threads took: 0.0008660 seconds
255.800: Application time: 0.0773600 seconds
255.802: [GC [PSYoungGen: 89056K->7040K(96768K)] 108297K->26281K(317952K), 0.0021180 secs] [Times: user=0.01 sys=0.00, real=0.00 secs] 
255.804: Total time for which application threads were stopped: 0.0044380 seconds, Stopping threads took: 0.0022370 seconds
255.885: Application time: 0.0808130 seconds
255.888: [GC [PSYoungGen: 89984K->5536K(96768K)] 109225K->24785K(317952K), 0.0017340 secs] [Times: user=0.02 sys=0.00, real=0.00 secs] 
255.890: Total time for which application threads were stopped: 0.0043010 seconds, Stopping threads took: 0.0024860 seconds
255.970: Application time: 0.0803710 seconds
255.973: [GC [PSYoungGen: 88480K->6592K(96768K)] 107729K->25849K(317952K), 0.0019800 secs] [Times: user=0.01 sys=0.00, real=0.00 secs] 
255.975: Total time for which application threads were stopped: 0.0051310 seconds, Stopping threads took: 0.0030650 seconds
256.057: Application time: 0.0817140 seconds
256.058: [GC [PSYoungGen: 89535K->6000K(96768K)] 108792K->25265K(317952K), 0.0018280 secs] [Times: user=0.01 sys=0.00, real=0.00 secs] 
256.060: Total time for which application threads were stopped: 0.0034580 seconds, Stopping threads took: 0.0015420 seconds
256.146: Application time: 0.0853240 seconds
256.148: [GC [PSYoungGen: 88944K->4704K(96768K)] 108209K->23969K(317952K), 0.0014770 secs] [Times: user=0.00 sys=0.00, real=0.00 secs] 
256.149: Total time for which application threads were stopped: 0.0034720 seconds, Stopping threads took: 0.0019170 seconds
256.231: Application time: 0.0819790 seconds
256.233: [GC [PSYoungGen: 87648K->4576K(96768K)] 106913K->23849K(317952K), 0.0013240 secs] [Times: user=0.00 sys=0.00, real=0.00 secs] 
256.234: Total time for which application threads were stopped: 0.0030060 seconds, Stopping threads took: 0.0016050 seconds
256.313: Application time: 0.0790490 seconds
256.315: [GC [PSYoungGen: 87520K->7504K(96768K)] 106793K->26777K(317952K), 0.0022080 secs] [Times: user=0.02 sys=0.00, real=0.01 secs] 
256.317: Total time for which application threads were stopped: 0.0039800 seconds, Stopping threads took: 0.0016880 seconds
256.394: Application time: 0.0773140 seconds
256.397: [GC [PSYoungGen: 90448K->7728K(96768K)] 109721K->27009K(317952K), 0.0023370 secs] [Times: user=0.02 sys=0.00, real=0.00 secs] 
256.400: Total time for which application threads were stopped: 0.0052580 seconds, Stopping threads took: 0.0028340 seconds
256.480: Application time: 0.0803290 seconds
256.482: [GC [PSYoungGen: 90672K->6832K(96768K)] 109953K->26121K(317952K), 0.0020420 secs] [Times: user=0.02 sys=0.00, real=0.00 secs] 
256.484: Total time for which application threads were stopped: 0.0042110 seconds, Stopping threads took: 0.0020850 seconds
256.569: Application time: 0.0846320 seconds
256.570: [GC [PSYoungGen: 89776K->3904K(96768K)] 109065K->23201K(317952K), 0.0012680 secs] [Times: user=0.00 sys=0.00, real=0.00 secs] 
256.571: Total time for which application threads were stopped: 0.0019770 seconds, Stopping threads took: 0.0006310 seconds
256.653: Application time: 0.0817250 seconds
256.656: [GC [PSYoungGen: 86848K->5088K(96768K)] 106145K->24393K(317952K), 0.0015440 secs] [Times: user=0.01 sys=0.00, real=0.00 secs] 
256.658: Total time for which application threads were stopped: 0.0049530 seconds, Stopping threads took: 0.0033280 seconds
256.736: Application time: 0.0785830 seconds
256.738: [GC [PSYoungGen: 88032K->8432K(96768K)] 107337K->27745K(317952K), 0.0024890 secs] [Times: user=0.02 sys=0.00, real=0.00 secs] 
256.741: Total time for which application threads were stopped: 0.0047180 seconds, Stopping threads took: 0.0021400 seconds
256.821: Application time: 0.0805720 seconds
256.824: [GC [PSYoungGen: 91376K->6064K(96768K)] 110689K->25377K(317952K), 0.0018840 secs] [Times: user=0.01 sys=0.00, real=0.00 secs] 
256.826: Total time for which application threads were stopped: 0.0044110 seconds, Stopping threads took: 0.0024490 seconds
256.906: Application time: 0.0797630 seconds
256.907: [GC [PSYoungGen: 89008K->7808K(96768K)] 108321K->27129K(317952K), 0.0023890 secs] [Times: user=0.02 sys=0.00, real=0.00 secs] 
256.910: Total time for which application threads were stopped: 0.0042850 seconds, Stopping threads took: 0.0018140 seconds
256.991: Application time: 0.0813490 seconds
256.992: [GC [PSYoungGen: 90752K->6784K(96768K)] 110073K->26113K(317952K), 0.0020860 secs] [Times: user=0.01 sys=0.00, real=0.00 secs] 
256.995: Total time for which application threads were stopped: 0.0033120 seconds, Stopping threads took: 0.0011460 seconds
257.076: Application time: 0.0814360 seconds
257.079: [GC [PSYoungGen: 89728K->7360K(96768K)] 109057K->26697K(317952K), 0.0023140 secs] [Times: user=0.02 sys=0.00, real=0.00 secs] 
257.081: Total time for which application threads were stopped: 0.0049050 seconds, Stopping threads took: 0.0024990 seconds
257.160: Application time: 0.0786360 seconds
257.162: [GC [PSYoungGen: 90304K->7712K(96768K)] 109641K->27065K(317952K), 0.0024100 secs] [Times: user=0.01 sys=0.00, real=0.00 secs] 
257.165: Total time for which application threads were stopped: 0.0051180 seconds, Stopping threads took: 0.0026220 seconds
257.244: Application time: 0.0794040 seconds
257.246: [GC [PSYoungGen: 90656K->6800K(96768K)] 110009K->26153K(317952K), 0.0021430 secs] [Times: user=0.01 sys=0.00, real=0.01 secs] 
257.248: Total time for which application threads were stopped: 0.0037800 seconds, Stopping threads took: 0.0015540 seconds
257.329: Application time: 0.0814600 seconds
257.331: [GC [PSYoungGen: 89744K->5328K(96768K)] 109097K->24689K(317952K), 0.0017530 secs] [Times: user=0.01 sys=0.00, real=0.00 secs] 
257.333: Total time for which application threads were stopped: 0.0037580 seconds, Stopping threads took: 0.0019240 seconds
257.412: Application time: 0.0784810 seconds
257.414: [GC [PSYoungGen: 88272K->7680K(96768K)] 107633K->27041K(317952K), 0.0023900 secs] [Times: user=0.02 sys=0.00, real=0.01 secs] 
257.417: Total time for which application threads were stopped: 0.0051370 seconds, Stopping threads took: 0.0026360 seconds
257.497: Application time: 0.0801340 seconds
257.498: [GC [PSYoungGen: 90624K->6096K(96768K)] 109985K->25465K(317952K), 0.0018190 secs] [Times: user=0.01 sys=0.00, real=0.00 secs] 
257.500: Total time for which application threads were stopped: 0.0034470 seconds, Stopping threads took: 0.0015470 seconds
257.583: Application time: 0.0826170 seconds
257.584: [GC [PSYoungGen: 89039K->5248K(96768K)] 108409K->24625K(317952K), 0.0016090 secs] [Times: user=0.01 sys=0.00, real=0.00 secs] 
257.586: Total time for which application threads were stopped: 0.0032530 seconds, Stopping threads took: 0.0015590 seconds
257.667: Application time: 0.0810420 seconds
257.669: [GC [PSYoungGen: 88192K->5264K(96768K)] 107569K->24649K(317952K), 0.0015840 secs] [Times: user=0.01 sys=0.00, real=0.00 secs] 
257.670: Total time for which application threads were stopped: 0.0032490 seconds, Stopping threads took: 0.0015830 seconds
257.748: Application time: 0.0779570 seconds
257.752: [GC [PSYoungGen: 88208K->7504K(96768K)] 107593K->26897K(317952K), 0.0023790 secs] [Times: user=0.02 sys=0.00, real=0.00 secs] 
257.754: Total time for which application threads were stopped: 0.0056320 seconds, Stopping threads took: 0.0031690 seconds
257.835: Application time: 0.0812620 seconds
257.837: [GC [PSYoungGen: 90448K->7584K(96768K)] 109841K->26985K(317952K), 0.0022370 secs] [Times: user=0.02 sys=0.00, real=0.00 secs] 
257.839: Total time for which application threads were stopped: 0.0040960 seconds, Stopping threads took: 0.0017760 seconds
257.925: Application time: 0.0853020 seconds
257.926: [GC [PSYoungGen: 90528K->4496K(96768K)] 109929K->23897K(317952K), 0.0013830 secs] [Times: user=0.00 sys=0.00, real=0.01 secs] 
257.928: Total time for which application threads were stopped: 0.0031810 seconds, Stopping threads took: 0.0017220 seconds
258.010: Application time: 0.0823050 seconds
258.012: [GC [PSYoungGen: 87440K->7504K(96768K)] 106841K->26913K(317952K), 0.0023200 secs] [Times: user=0.01 sys=0.00, real=0.00 secs] 
258.014: Total time for which application threads were stopped: 0.0042100 seconds, Stopping threads took: 0.0018060 seconds
258.092: Application time: 0.0776610 seconds
258.095: [GC [PSYoungGen: 90448K->7392K(96768K)] 109857K->26809K(317952K), 0.0022220 secs] [Times: user=0.02 sys=0.00, real=0.01 secs] 
258.097: Total time for which application threads were stopped: 0.0048260 seconds, Stopping threads took: 0.0025120 seconds
258.174: Application time: 0.0773880 seconds
258.177: [GC [PSYoungGen: 90336K->7424K(96768K)] 109753K->26849K(317952K), 0.0022700 secs] [Times: user=0.02 sys=0.00, real=0.00 secs] 
258.179: Total time for which application threads were stopped: 0.0051970 seconds, Stopping threads took: 0.0028420 seconds
258.260: Application time: 0.0801550 seconds
258.262: [GC [PSYoungGen: 90368K->8352K(96768K)] 109793K->27785K(317952K), 0.0026190 secs] [Times: user=0.01 sys=0.00, real=0.00 secs] 
258.265: Total time for which application threads were stopped: 0.0051480 seconds, Stopping threads took: 0.0024480 seconds
258.346: Application time: 0.0807890 seconds
258.348: [GC [PSYoungGen: 91296K->6928K(96768K)] 110729K->26369K(317952K), 0.0020600 secs] [Times: user=0.01 sys=0.00, real=0.00 secs] 
258.350: Total time for which application threads were stopped: 0.0046720 seconds, Stopping threads took: 0.0025310 seconds
258.430: Application time: 0.0795610 seconds
258.432: [GC [PSYoungGen: 89872K->6544K(96768K)] 109313K->25985K(317952K), 0.0021080 secs] [Times: user=0.02 sys=0.00, real=0.00 secs] 
258.434: Total time for which application threads were stopped: 0.0041370 seconds, Stopping threads took: 0.0019420 seconds
258.514: Application time: 0.0801770 seconds
258.517: [GC [PSYoungGen: 89488K->6576K(96768K)] 108929K->26025K(317952K), 0.0019770 secs] [Times: user=0.01 sys=0.00, real=0.00 secs] 
258.519: Total time for which application threads were stopped: 0.0044450 seconds, Stopping threads took: 0.0023850 seconds
258.598: Application time: 0.0799130 seconds
258.600: [GC [PSYoungGen: 89520K->6656K(96768K)] 108969K->26113K(317952K), 0.0020040 secs] [Times: user=0.01 sys=0.00, real=0.00 secs] 
258.602: Total time for which application threads were stopped: 0.0036070 seconds, Stopping threads took: 0.0015090 seconds
258.683: Application time: 0.0813580 seconds
258.686: [GC [PSYoungGen: 89600K->7840K(96768K)] 109057K->27305K(317952K), 0.0024610 secs] [Times: user=0.01 sys=0.00, real=0.01 secs] 
258.688: Total time for which application threads were stopped: 0.0046160 seconds, Stopping threads took: 0.0020720 seconds
258.767: Application time: 0.0784600 seconds
258.770: [GC [PSYoungGen: 90784K->7072K(96768K)] 110249K->26545K(317952K), 0.0021020 secs] [Times: user=0.01 sys=0.00, real=0.00 secs] 
258.772: Total time for which application threads were stopped: 0.0054560 seconds, Stopping threads took: 0.0032710 seconds
258.854: Application time: 0.0815570 seconds
258.857: [GC [PSYoungGen: 90016K->7904K(96768K)] 109489K->27385K(317952K), 0.0023750 secs] [Times: user=0.02 sys=0.00, real=0.00 secs] 
258.859: Total time for which application threads were stopped: 0.0055900 seconds, Stopping threads took: 0.0031280 seconds
258.947: Application time: 0.0879310 seconds
258.948: [GC [PSYoungGen: 90848K->6272K(96768K)] 110329K->25753K(317952K), 0.0019450 secs] [Times: user=0.01 sys=0.00, real=0.00 secs] 
258.950: Total time for which application threads were stopped: 0.0033270 seconds, Stopping threads took: 0.0013000 seconds
259.030: Application time: 0.0799480 seconds
259.032: [GC [PSYoungGen: 89216K->7168K(96768K)] 108697K->26657K(317952K), 0.0022820 secs] [Times: user=0.01 sys=0.00, real=0.00 secs] 
259.034: Total time for which application threads were stopped: 0.0039620 seconds, Stopping threads took: 0.0015860 seconds
259.117: Application time: 0.0825220 seconds
259.118: [GC [PSYoungGen: 90112K->5024K(96768K)] 109601K->24529K(317952K), 0.0016190 secs] [Times: user=0.01 sys=0.00, real=0.00 secs] 
259.120: Total time for which application threads were stopped: 0.0028340 seconds, Stopping threads took: 0.0011310 seconds
259.202: Application time: 0.0824750 seconds
259.204: [GC [PSYoungGen: 87968K->4608K(96768K)] 107473K->24121K(317952K), 0.0014950 secs] [Times: user=0.01 sys=0.00, real=0.00 secs] 
259.205: Total time for which application threads were stopped: 0.0029360 seconds, Stopping threads took: 0.0013640 seconds
259.285: Application time: 0.0802600 seconds
259.287: [GC [PSYoungGen: 87552K->6400K(96768K)] 107065K->25921K(317952K), 0.0020510 secs] [Times: user=0.01 sys=0.00, real=0.00 secs] 
259.289: Total time for which application threads were stopped: 0.0040660 seconds, Stopping threads took: 0.0019310 seconds
259.368: Application time: 0.0782110 seconds
259.370: [GC [PSYoungGen: 89344K->7072K(96768K)] 108865K->26601K(317952K), 0.0021110 secs] [Times: user=0.01 sys=0.00, real=0.00 secs] 
259.372: Total time for which application threads were stopped: 0.0045630 seconds, Stopping threads took: 0.0023650 seconds
259.452: Application time: 0.0794120 seconds
259.454: [GC [PSYoungGen: 90016K->6976K(96768K)] 109545K->26505K(317952K), 0.0021000 secs] [Times: user=0.02 sys=0.00, real=0.01 secs] 
259.456: Total time for which application threads were stopped: 0.0044900 seconds, Stopping threads took: 0.0023020 seconds
259.537: Application time: 0.0805180 seconds
259.538: [GC [PSYoungGen: 89920K->7120K(96768K)] 109449K->26649K(317952K), 0.0021430 secs] [Times: user=0.01 sys=0.00, real=0.00 secs] 
259.540: Total time for which application threads were stopped: 0.0037710 seconds, Stopping threads took: 0.0015400 seconds
259.618: Application time: 0.0774770 seconds
259.619: [GC [PSYoungGen: 90064K->7552K(96768K)] 109593K->27089K(317952K), 0.0023320 secs] [Times: user=0.01 sys=0.01, real=0.00 secs] 
259.622: Total time for which application threads were stopped: 0.0038890 seconds, Stopping threads took: 0.0014680 seconds
259.699: Application time: 0.0767680 seconds
259.700: [GC [PSYoungGen: 90496K->6960K(96768K)] 110033K->26505K(317952K), 0.0021300 secs] [Times: user=0.01 sys=0.00, real=0.00 secs] 
259.702: Total time for which application threads were stopped: 0.0033460 seconds, Stopping threads took: 0.0011360 seconds
259.778: Application time: 0.0764410 seconds
259.780: [GC [PSYoungGen: 89904K->6976K(96768K)] 109449K->26529K(317952K), 0.0020330 secs] [Times: user=0.02 sys=0.00, real=0.00 secs] 
259.782: Total time for which application threads were stopped: 0.0038310 seconds, Stopping threads took: 0.0017190 seconds
259.859: Application time: 0.0768760 seconds
259.861: [GC [PSYoungGen: 89920K->6016K(96768K)] 109473K->25577K(317952K), 0.0018960 secs] [Times: user=0.02 sys=0.00, real=0.00 secs] 
259.862: Total time for which application threads were stopped: 0.0034110 seconds, Stopping threads took: 0.0014360 seconds
259.938: Application time: 0.0754940 seconds
259.939: [GC [PSYoungGen: 88960K->4848K(96768K)] 108521K->24417K(317952K), 0.0014460 secs] [Times: user=0.01 sys=0.00, real=0.00 secs] 
259.941: Total time for which application threads were stopped: 0.0028820 seconds, Stopping threads took: 0.0013580 seconds
260.015: Application time: 0.0736840 seconds
260.017: [GC [PSYoungGen: 87792K->7776K(96768K)] 107361K->27345K(317952K), 0.0025540 secs] [Times: user=0.02 sys=0.00, real=0.00 secs] 
260.020: Total time for which application threads were stopped: 0.0052810 seconds, Stopping threads took: 0.0026230 seconds
260.098: Application time: 0.0780380 seconds
260.098: [GC [PSYoungGen: 90720K->5936K(96768K)] 110289K->25513K(317952K), 0.0019800 secs] [Times: user=0.02 sys=0.00, real=0.00 secs] 
260.100: Total time for which application threads were stopped: 0.0026000 seconds, Stopping threads took: 0.0005410 seconds
260.176: Application time: 0.0759060 seconds
260.178: [GC [PSYoungGen: 88880K->6400K(96768K)] 108457K->25985K(317952K), 0.0021190 secs] [Times: user=0.01 sys=0.00, real=0.00 secs] 
260.181: Total time for which application threads were stopped: 0.0042930 seconds, Stopping threads took: 0.0020620 seconds
260.254: Application time: 0.0737750 seconds
260.257: [GC [PSYoungGen: 89344K->6304K(96768K)] 108929K->25889K(317952K), 0.0020900 secs] [Times: user=0.01 sys=0.00, real=0.00 secs] 
260.259: Total time for which application threads were stopped: 0.0042810 seconds, Stopping threads took: 0.0020870 seconds
260.333: Application time: 0.0741290 seconds
260.335: [GC [PSYoungGen: 89248K->8096K(96768K)] 108833K->27689K(317952K), 0.0024290 secs] [Times: user=0.01 sys=0.01, real=0.01 secs] 
260.338: Total time for which application threads were stopped: 0.0047080 seconds, Stopping threads took: 0.0021990 seconds
260.417: Application time: 0.0793430 seconds
260.418: [GC [PSYoungGen: 91040K->7840K(96768K)] 110633K->27449K(317952K), 0.0023450 secs] [Times: user=0.02 sys=0.00, real=0.00 secs] 
260.421: Total time for which application threads were stopped: 0.0039130 seconds, Stopping threads took: 0.0014870 seconds
260.498: Application time: 0.0774970 seconds
260.501: [GC [PSYoungGen: 90784K->7504K(96768K)] 110393K->27113K(317952K), 0.0022370 secs] [Times: user=0.02 sys=0.00, real=0.00 secs] 
260.503: Total time for which application threads were stopped: 0.0049750 seconds, Stopping threads took: 0.0026590 seconds
260.579: Application time: 0.0754330 seconds
260.581: [GC [PSYoungGen: 90448K->8160K(96768K)] 110057K->27777K(317952K), 0.0025010 secs] [Times: user=0.01 sys=0.00, real=0.00 secs] 
260.584: Total time for which application threads were stopped: 0.0053130 seconds, Stopping threads took: 0.0027300 seconds
260.660: Application time: 0.0764540 seconds
260.663: [GC [PSYoungGen: 91104K->8192K(96768K)] 110721K->27825K(317952K), 0.0024720 secs] [Times: user=0.02 sys=0.00, real=0.00 secs] 
260.666: Total time for which application threads were stopped: 0.0052170 seconds, Stopping threads took: 0.0026650 seconds
260.741: Application time: 0.0747950 seconds
260.743: [GC [PSYoungGen: 91136K->7232K(96768K)] 110769K->26865K(317952K), 0.0021980 secs] [Times: user=0.01 sys=0.00, real=0.00 secs] 
260.745: Total time for which application threads were stopped: 0.0048340 seconds, Stopping threads took: 0.0025480 seconds
260.822: Application time: 0.0765960 seconds
260.823: [GC [PSYoungGen: 90176K->4560K(96768K)] 109809K->24209K(317952K), 0.0013010 secs] [Times: user=0.00 sys=0.00, real=0.00 secs] 
260.825: Total time for which application threads were stopped: 0.0027590 seconds, Stopping threads took: 0.0013840 seconds
260.897: Application time: 0.0724040 seconds
260.900: [GC [PSYoungGen: 87504K->7488K(96768K)] 107153K->27145K(317952K), 0.0022070 secs] [Times: user=0.01 sys=0.00, real=0.00 secs] 
260.902: Total time for which application threads were stopped: 0.0048080 seconds, Stopping threads took: 0.0025170 seconds
260.975: Application time: 0.0727730 seconds
260.978: [GC [PSYoungGen: 90432K->7168K(96768K)] 110089K->26825K(317952K), 0.0020950 secs] [Times: user=0.01 sys=0.00, real=0.00 secs] 
260.980: Total time for which application threads were stopped: 0.0053880 seconds, Stopping threads took: 0.0032130 seconds
261.055: Application time: 0.0747580 seconds
261.056: [GC [PSYoungGen: 90112K->7328K(96768K)] 109769K->26993K(317952K), 0.0022340 secs] [Times: user=0.02 sys=0.00, real=0.00 secs] 
261.059: Total time for which application threads were stopped: 0.0036850 seconds, Stopping threads took: 0.0013700 seconds
261.139: Application time: 0.0808850 seconds
261.140: [GC [PSYoungGen: 90272K->3936K(96768K)] 109937K->23609K(317952K), 0.0012880 secs] [Times: user=0.00 sys=0.00, real=0.00 secs] 
261.141: Total time for which application threads were stopped: 0.0015530 seconds, Stopping threads took: 0.0001940 seconds
261.224: Application time: 0.0827530 seconds
261.225: [GC [PSYoungGen: 86880K->5104K(96768K)] 106553K->24793K(317952K), 0.0015810 secs] [Times: user=0.01 sys=0.00, real=0.00 secs] 
261.227: Total time for which application threads were stopped: 0.0031490 seconds, Stopping threads took: 0.0014880 seconds
261.304: Application time: 0.0772380 seconds
261.305: [GC [PSYoungGen: 88048K->6672K(96768K)] 107737K->26369K(317952K), 0.0019990 secs] [Times: user=0.01 sys=0.00, real=0.01 secs] 
261.307: Total time for which application threads were stopped: 0.0033070 seconds, Stopping threads took: 0.0012150 seconds
261.385: Application time: 0.0776540 seconds
261.387: [GC [PSYoungGen: 89616K->7584K(96768K)] 109313K->27281K(317952K), 0.0024200 secs] [Times: user=0.01 sys=0.00, real=0.01 secs] 
261.390: Total time for which application threads were stopped: 0.0044070 seconds, Stopping threads took: 0.0019030 seconds
261.467: Application time: 0.0775480 seconds
261.469: [GC [PSYoungGen: 90528K->7344K(96768K)] 110225K->27049K(317952K), 0.0021900 secs] [Times: user=0.02 sys=0.00, real=0.00 secs] 
261.472: Total time for which application threads were stopped: 0.0046180 seconds, Stopping threads took: 0.0023450 seconds
261.549: Application time: 0.0773780 seconds
261.551: [GC [PSYoungGen: 90288K->5440K(96768K)] 109993K->25153K(317952K), 0.0016380 secs] [Times: user=0.01 sys=0.00, real=0.00 secs] 
261.553: Total time for which application threads were stopped: 0.0039010 seconds, Stopping threads took: 0.0021850 seconds
261.627: Application time: 0.0741740 seconds
261.629: [GC [PSYoungGen: 88384K->7824K(96768K)] 108097K->27545K(317952K), 0.0023220 secs] [Times: user=0.02 sys=0.00, real=0.00 secs] 
261.631: Total time for which application threads were stopped: 0.0041610 seconds, Stopping threads took: 0.0017550 seconds
261.707: Application time: 0.0753030 seconds
261.707: [GC [PSYoungGen: 90768K->5920K(96768K)] 110489K->25649K(317952K), 0.0017620 secs] [Times: user=0.01 sys=0.00, real=0.00 secs] 
261.709: Total time for which application threads were stopped: 0.0026510 seconds, Stopping threads took: 0.0008110 seconds
261.782: Application time: 0.0727730 seconds
261.784: [GC [PSYoungGen: 88864K->5984K(96768K)] 108593K->25721K(317952K), 0.0017310 secs] [Times: user=0.01 sys=0.00, real=0.00 secs] 
261.786: Total time for which application threads were stopped: 0.0038130 seconds, Stopping threads took: 0.0020040 seconds
261.862: Application time: 0.0761320 seconds
261.864: [GC [PSYoungGen: 88928K->6912K(96768K)] 108665K->26649K(317952K), 0.0020710 secs] [Times: user=0.02 sys=0.00, real=0.00 secs] 
261.866: Total time for which application threads were stopped: 0.0040950 seconds, Stopping threads took: 0.0019320 seconds
261.941: Application time: 0.0746660 seconds
261.943: [GC [PSYoungGen: 89856K->6448K(96768K)] 109593K->26193K(317952K), 0.0019030 secs] [Times: user=0.01 sys=0.00, real=0.00 secs] 
261.945: Total time for which application threads were stopped: 0.0040360 seconds, Stopping threads took: 0.0020490 seconds
262.021: Application time: 0.0761450 seconds
262.023: [GC [PSYoungGen: 89392K->8272K(96768K)] 109137K->28017K(317952K), 0.0025110 secs] [Times: user=0.02 sys=0.00, real=0.00 secs] 
262.025: Total time for which application threads were stopped: 0.0042430 seconds, Stopping threads took: 0.0016500 seconds
262.107: Application time: 0.0820440 seconds
262.108: [GC [PSYoungGen: 91216K->4320K(96768K)] 110961K->24073K(317952K), 0.0014050 secs] [Times: user=0.01 sys=0.00, real=0.00 secs] 
262.109: Total time for which application threads were stopped: 0.0017850 seconds, Stopping threads took: 0.0003080 seconds
262.184: Application time: 0.0746420 seconds
262.185: [GC [PSYoungGen: 87263K->5024K(96768K)] 107016K->24785K(317952K), 0.0015210 secs] [Times: user=0.01 sys=0.00, real=0.00 secs] 
262.186: Total time for which application threads were stopped: 0.0026770 seconds, Stopping threads took: 0.0010790 seconds
262.262: Application time: 0.0759000 seconds
262.264: [GC [PSYoungGen: 87968K->5664K(96768K)] 107729K->25433K(317952K), 0.0018300 secs] [Times: user=0.01 sys=0.00, real=0.00 secs] 
262.265: Total time for which application threads were stopped: 0.0031460 seconds, Stopping threads took: 0.0012310 seconds
262.348: Application time: 0.0831230 seconds
262.349: [GC [PSYoungGen: 88608K->4656K(96768K)] 108377K->24433K(317952K), 0.0014880 secs] [Times: user=0.01 sys=0.00, real=0.00 secs] 
262.351: Total time for which application threads were stopped: 0.0022710 seconds, Stopping threads took: 0.0007080 seconds
262.433: Application time: 0.0819870 seconds
262.434: [GC [PSYoungGen: 87600K->4976K(96768K)] 107377K->24761K(317952K), 0.0015120 secs] [Times: user=0.01 sys=0.00, real=0.01 secs] 
262.436: Total time for which application threads were stopped: 0.0030350 seconds, Stopping threads took: 0.0014340 seconds
262.514: Application time: 0.0786270 seconds
262.517: [GC [PSYoungGen: 87920K->5008K(96768K)] 107705K->24793K(317952K), 0.0015050 secs] [Times: user=0.01 sys=0.00, real=0.00 secs] 
262.518: Total time for which application threads were stopped: 0.0040300 seconds, Stopping threads took: 0.0024500 seconds
262.594: Application time: 0.0753020 seconds
262.596: [GC [PSYoungGen: 87952K->6176K(96768K)] 107737K->25969K(317952K), 0.0018920 secs] [Times: user=0.01 sys=0.00, real=0.00 secs] 
262.598: Total time for which application threads were stopped: 0.0042160 seconds, Stopping threads took: 0.0022430 seconds
262.672: Application time: 0.0735970 seconds
262.673: [GC [PSYoungGen: 89120K->5936K(96768K)] 108913K->25737K(317952K), 0.0017650 secs] [Times: user=0.01 sys=0.00, real=0.00 secs] 
262.675: Total time for which application threads were stopped: 0.0033960 seconds, Stopping threads took: 0.0015530 seconds
262.751: Application time: 0.0757620 seconds
262.754: [GC [PSYoungGen: 88880K->6880K(96768K)] 108681K->26689K(317952K), 0.0020900 secs] [Times: user=0.01 sys=0.00, real=0.01 secs] 
262.756: Total time for which application threads were stopped: 0.0049370 seconds, Stopping threads took: 0.0027660 seconds
262.832: Application time: 0.0763170 seconds
262.834: [GC [PSYoungGen: 89824K->7632K(96768K)] 109633K->27449K(317952K), 0.0023440 secs] [Times: user=0.02 sys=0.00, real=0.01 secs] 
262.836: Total time for which application threads were stopped: 0.0042170 seconds, Stopping threads took: 0.0017860 seconds
262.912: Application time: 0.0753980 seconds
262.913: [GC [PSYoungGen: 90576K->7168K(96768K)] 110393K->26993K(317952K), 0.0021670 secs] [Times: user=0.02 sys=0.00, real=0.01 secs] 
262.915: Total time for which application threads were stopped: 0.0038010 seconds, Stopping threads took: 0.0015480 seconds
262.993: Application time: 0.0770700 seconds
262.994: [GC [PSYoungGen: 90112K->6432K(96768K)] 109937K->26257K(317952K), 0.0018650 secs] [Times: user=0.01 sys=0.00, real=0.01 secs] 
262.996: Total time for which application threads were stopped: 0.0036540 seconds, Stopping threads took: 0.0017030 seconds
263.075: Application time: 0.0792130 seconds
263.078: [GC [PSYoungGen: 89376K->6480K(96768K)] 109201K->26313K(317952K), 0.0020250 secs] [Times: user=0.01 sys=0.00, real=0.00 secs] 
263.080: Total time for which application threads were stopped: 0.0047340 seconds, Stopping threads took: 0.0026290 seconds
263.152: Application time: 0.0723300 seconds
263.155: [GC [PSYoungGen: 89424K->7408K(96768K)] 109257K->27249K(317952K), 0.0021410 secs] [Times: user=0.02 sys=0.00, real=0.01 secs] 
263.157: Total time for which application threads were stopped: 0.0045830 seconds, Stopping threads took: 0.0023590 seconds
263.232: Application time: 0.0748060 seconds
263.234: [GC [PSYoungGen: 90352K->5808K(96768K)] 110193K->25657K(317952K), 0.0018940 secs] [Times: user=0.01 sys=0.00, real=0.01 secs] 
263.236: Total time for which application threads were stopped: 0.0038340 seconds, Stopping threads took: 0.0018620 seconds
263.309: Application time: 0.0731030 seconds
263.311: [GC [PSYoungGen: 88750K->7040K(96768K)] 108599K->26897K(317952K), 0.0020950 secs] [Times: user=0.01 sys=0.00, real=0.00 secs] 
263.313: Total time for which application threads were stopped: 0.0046900 seconds, Stopping threads took: 0.0025120 seconds
263.388: Application time: 0.0747430 seconds
263.390: [GC [PSYoungGen: 89984K->6240K(96768K)] 109841K->26105K(317952K), 0.0019300 secs] [Times: user=0.01 sys=0.00, real=0.00 secs] 
263.392: Total time for which application threads were stopped: 0.0037290 seconds, Stopping threads took: 0.0017200 seconds
263.472: Application time: 0.0801470 seconds
263.475: [GC [PSYoungGen: 89184K->4704K(96768K)] 109049K->24569K(317952K), 0.0014540 secs] [Times: user=0.01 sys=0.00, real=0.00 secs] 
263.477: Total time for which application threads were stopped: 0.0046510 seconds, Stopping threads took: 0.0031230 seconds
263.557: Application time: 0.0802670 seconds
263.560: [GC [PSYoungGen: 87646K->6400K(96768K)] 107511K->26273K(317952K), 0.0018230 secs] [Times: user=0.01 sys=0.00, real=0.00 secs] 
263.562: Total time for which application threads were stopped: 0.0048470 seconds, Stopping threads took: 0.0029380 seconds
263.642: Application time: 0.0802140 seconds
263.644: [GC [PSYoungGen: 89344K->6496K(96768K)] 109217K->26377K(317952K), 0.0019700 secs] [Times: user=0.02 sys=0.00, real=0.00 secs] 
263.646: Total time for which application threads were stopped: 0.0039610 seconds, Stopping threads took: 0.0019090 seconds
263.730: Application time: 0.0836970 seconds
263.731: [GC [PSYoungGen: 89440K->5456K(96768K)] 109321K->25345K(317952K), 0.0016700 secs] [Times: user=0.01 sys=0.00, real=0.00 secs] 
263.733: Total time for which application threads were stopped: 0.0028270 seconds, Stopping threads took: 0.0010750 seconds
263.816: Application time: 0.0831930 seconds
263.819: [GC [PSYoungGen: 88400K->6496K(96768K)] 108289K->26393K(317952K), 0.0019190 secs] [Times: user=0.01 sys=0.00, real=0.00 secs] 
263.821: Total time for which application threads were stopped: 0.0051980 seconds, Stopping threads took: 0.0031950 seconds
263.900: Application time: 0.0786270 seconds
263.902: [GC [PSYoungGen: 89440K->8368K(96768K)] 109337K->28273K(317952K), 0.0025910 secs] [Times: user=0.02 sys=0.00, real=0.00 secs] 
263.905: Total time for which application threads were stopped: 0.0052420 seconds, Stopping threads took: 0.0025630 seconds
263.986: Application time: 0.0810700 seconds
263.988: [GC [PSYoungGen: 91312K->7008K(96768K)] 111217K->26921K(317952K), 0.0021440 secs] [Times: user=0.02 sys=0.00, real=0.00 secs] 
263.990: Total time for which application threads were stopped: 0.0042840 seconds, Stopping threads took: 0.0020570 seconds
264.073: Application time: 0.0824430 seconds
264.076: [GC [PSYoungGen: 89952K->7760K(96768K)] 109865K->27673K(317952K), 0.0023360 secs] [Times: user=0.01 sys=0.00, real=0.00 secs] 
264.078: Total time for which application threads were stopped: 0.0053400 seconds, Stopping threads took: 0.0029130 seconds
264.156: Application time: 0.0778910 seconds
264.158: [GC [PSYoungGen: 90704K->6720K(96768K)] 110617K->26641K(317952K), 0.0021280 secs] [Times: user=0.02 sys=0.00, real=0.00 secs] 
264.160: Total time for which application threads were stopped: 0.0045550 seconds, Stopping threads took: 0.0023220 seconds
264.244: Application time: 0.0830970 seconds
264.245: [GC [PSYoungGen: 89664K->5872K(96768K)] 109585K->25801K(317952K), 0.0018970 secs] [Times: user=0.01 sys=0.00, real=0.01 secs] 
264.247: Total time for which application threads were stopped: 0.0037100 seconds, Stopping threads took: 0.0017200 seconds
264.325: Application time: 0.0782300 seconds
264.327: [GC [PSYoungGen: 88816K->7056K(96768K)] 108745K->26993K(317952K), 0.0020950 secs] [Times: user=0.01 sys=0.00, real=0.00 secs] 
264.330: Total time for which application threads were stopped: 0.0040430 seconds, Stopping threads took: 0.0018600 seconds
264.410: Application time: 0.0804840 seconds
264.413: [GC [PSYoungGen: 90000K->6912K(96768K)] 109937K->26857K(317952K), 0.0020070 secs] [Times: user=0.01 sys=0.00, real=0.01 secs] 
264.415: Total time for which application threads were stopped: 0.0052730 seconds, Stopping threads took: 0.0031810 seconds
264.498: Application time: 0.0822320 seconds
264.499: [GC [PSYoungGen: 89856K->7408K(96768K)] 109801K->27369K(317952K), 0.0022420 secs] [Times: user=0.02 sys=0.00, real=0.00 secs] 
264.502: Total time for which application threads were stopped: 0.0042350 seconds, Stopping threads took: 0.0019040 seconds
264.583: Application time: 0.0810210 seconds
264.584: [GC [PSYoungGen: 90352K->5856K(96768K)] 110313K->25817K(317952K), 0.0018190 secs] [Times: user=0.01 sys=0.00, real=0.00 secs] 
264.586: Total time for which application threads were stopped: 0.0035350 seconds, Stopping threads took: 0.0016210 seconds
264.667: Application time: 0.0803970 seconds
264.668: [GC [PSYoungGen: 88800K->6416K(96768K)] 108761K->26385K(317952K), 0.0020020 secs] [Times: user=0.01 sys=0.00, real=0.00 secs] 
264.670: Total time for which application threads were stopped: 0.0036740 seconds, Stopping threads took: 0.0015840 seconds
264.749: Application time: 0.0788040 seconds
264.752: [GC [PSYoungGen: 89360K->7024K(96768K)] 109329K->27001K(317952K), 0.0022200 secs] [Times: user=0.01 sys=0.00, real=0.00 secs] 
264.754: Total time for which application threads were stopped: 0.0048550 seconds, Stopping threads took: 0.0025510 seconds
264.831: Application time: 0.0771770 seconds
264.834: [GC [PSYoungGen: 89968K->6176K(96768K)] 109945K->26161K(317952K), 0.0018760 secs] [Times: user=0.00 sys=0.00, real=0.01 secs] 
264.835: Total time for which application threads were stopped: 0.0042110 seconds, Stopping threads took: 0.0022530 seconds
264.914: Application time: 0.0786430 seconds
264.916: [GC [PSYoungGen: 89120K->6736K(96768K)] 109105K->26729K(317952K), 0.0020080 secs] [Times: user=0.01 sys=0.00, real=0.00 secs] 
264.918: Total time for which application threads were stopped: 0.0038020 seconds, Stopping threads took: 0.0017120 seconds
264.999: Application time: 0.0807510 seconds
265.001: [GC [PSYoungGen: 89680K->7888K(96768K)] 109673K->27889K(317952K), 0.0024210 secs] [Times: user=0.01 sys=0.01, real=0.00 secs] 
265.003: Total time for which application threads were stopped: 0.0048070 seconds, Stopping threads took: 0.0023020 seconds
265.087: Application time: 0.0830710 seconds
265.089: [GC [PSYoungGen: 90832K->7936K(96768K)] 110833K->27937K(317952K), 0.0023620 secs] [Times: user=0.01 sys=0.00, real=0.00 secs] 
265.091: Total time for which application threads were stopped: 0.0048970 seconds, Stopping threads took: 0.0024440 seconds
265.173: Application time: 0.0814420 seconds
265.175: [GC [PSYoungGen: 90880K->7760K(96768K)] 110881K->27769K(317952K), 0.0024040 secs] [Times: user=0.01 sys=0.00, real=0.01 secs] 
265.177: Total time for which application threads were stopped: 0.0040930 seconds, Stopping threads took: 0.0016030 seconds
265.256: Application time: 0.0790370 seconds
265.258: [GC [PSYoungGen: 90704K->5856K(96768K)] 110713K->25873K(317952K), 0.0018920 secs] [Times: user=0.00 sys=0.01, real=0.00 secs] 
265.260: Total time for which application threads were stopped: 0.0036110 seconds, Stopping threads took: 0.0016350 seconds
265.341: Application time: 0.0815420 seconds
265.344: [GC [PSYoungGen: 88800K->6320K(96768K)] 108817K->26345K(317952K), 0.0019100 secs] [Times: user=0.01 sys=0.00, real=0.00 secs] 
265.346: Total time for which application threads were stopped: 0.0048530 seconds, Stopping threads took: 0.0028620 seconds
265.431: Application time: 0.0848850 seconds
265.433: [GC [PSYoungGen: 89264K->7312K(96768K)] 109289K->27345K(317952K), 0.0022000 secs] [Times: user=0.02 sys=0.00, real=0.00 secs] 
265.435: Total time for which application threads were stopped: 0.0042260 seconds, Stopping threads took: 0.0019430 seconds
265.513: Application time: 0.0776360 seconds
265.515: [GC [PSYoungGen: 90256K->7728K(96768K)] 110289K->27761K(317952K), 0.0023010 secs] [Times: user=0.02 sys=0.00, real=0.00 secs] 
265.518: Total time for which application threads were stopped: 0.0048780 seconds, Stopping threads took: 0.0024880 seconds
265.596: Application time: 0.0782930 seconds
265.598: [GC [PSYoungGen: 90672K->5760K(96768K)] 110705K->25801K(317952K), 0.0024040 secs] [Times: user=0.02 sys=0.00, real=0.00 secs] 
265.601: Total time for which application threads were stopped: 0.0045910 seconds, Stopping threads took: 0.0020990 seconds
265.680: Application time: 0.0790780 seconds
265.682: [GC [PSYoungGen: 88704K->7808K(96768K)] 108745K->27857K(317952K), 0.0024510 secs] [Times: user=0.02 sys=0.00, real=0.00 secs] 
265.685: Total time for which application threads were stopped: 0.0049500 seconds, Stopping threads took: 0.0024130 seconds
265.766: Application time: 0.0812440 seconds
265.767: [GC [PSYoungGen: 90751K->5360K(96768K)] 110801K->25417K(317952K), 0.0017010 secs] [Times: user=0.01 sys=0.00, real=0.00 secs] 
265.769: Total time for which application threads were stopped: 0.0032810 seconds, Stopping threads took: 0.0015030 seconds
265.847: Application time: 0.0774090 seconds
265.850: [GC [PSYoungGen: 88304K->6272K(96768K)] 108361K->26337K(317952K), 0.0018960 secs] [Times: user=0.01 sys=0.00, real=0.00 secs] 
265.851: Total time for which application threads were stopped: 0.0049510 seconds, Stopping threads took: 0.0029690 seconds
265.931: Application time: 0.0793050 seconds
265.933: [GC [PSYoungGen: 89216K->7008K(96768K)] 109281K->27089K(317952K), 0.0022020 secs] [Times: user=0.02 sys=0.00, real=0.01 secs] 
265.935: Total time for which application threads were stopped: 0.0045290 seconds, Stopping threads took: 0.0022370 seconds
266.017: Application time: 0.0818710 seconds
266.019: [GC [PSYoungGen: 89952K->5136K(96768K)] 110033K->25217K(317952K), 0.0015610 secs] [Times: user=0.01 sys=0.00, real=0.00 secs] 
266.020: Total time for which application threads were stopped: 0.0032270 seconds, Stopping threads took: 0.0015830 seconds
266.105: Application time: 0.0843340 seconds
266.107: [GC [PSYoungGen: 88080K->5264K(96768K)] 108161K->25353K(317952K), 0.0015420 secs] [Times: user=0.01 sys=0.00, real=0.00 secs] 
266.109: Total time for which application threads were stopped: 0.0040550 seconds, Stopping threads took: 0.0024290 seconds
266.190: Application time: 0.0807200 seconds
266.192: [GC [PSYoungGen: 88208K->6304K(96768K)] 108297K->26393K(317952K), 0.0019050 secs] [Times: user=0.01 sys=0.00, real=0.00 secs] 
266.194: Total time for which application threads were stopped: 0.0047990 seconds, Stopping threads took: 0.0028120 seconds
266.278: Application time: 0.0834280 seconds
266.281: [GC [PSYoungGen: 89248K->7888K(96768K)] 109337K->27985K(317952K), 0.0027650 secs] [Times: user=0.02 sys=0.00, real=0.00 secs] 
266.284: Total time for which application threads were stopped: 0.0065050 seconds, Stopping threads took: 0.0036540 seconds
266.364: Application time: 0.0795860 seconds
266.366: [GC [PSYoungGen: 90832K->7040K(96768K)] 110929K->27153K(317952K), 0.0022370 secs] [Times: user=0.02 sys=0.00, real=0.01 secs] 
266.368: Total time for which application threads were stopped: 0.0042840 seconds, Stopping threads took: 0.0019630 seconds
266.449: Application time: 0.0808700 seconds
266.451: [GC [PSYoungGen: 89984K->8000K(96768K)] 110097K->28121K(317952K), 0.0024570 secs] [Times: user=0.02 sys=0.00, real=0.00 secs] 
266.454: Total time for which application threads were stopped: 0.0045740 seconds, Stopping threads took: 0.0020330 seconds
266.534: Application time: 0.0808300 seconds
266.537: [GC [PSYoungGen: 90944K->5856K(96768K)] 111065K->25977K(317952K), 0.0018130 secs] [Times: user=0.01 sys=0.00, real=0.00 secs] 
266.539: Total time for which application threads were stopped: 0.0041130 seconds, Stopping threads took: 0.0022080 seconds
266.618: Application time: 0.0795450 seconds
266.621: [GC [PSYoungGen: 88800K->6880K(96768K)] 108921K->27009K(317952K), 0.0020910 secs] [Times: user=0.01 sys=0.01, real=0.00 secs] 
266.623: Total time for which application threads were stopped: 0.0045940 seconds, Stopping threads took: 0.0024050 seconds
266.701: Application time: 0.0788380 seconds
266.704: [GC [PSYoungGen: 89824K->7136K(96768K)] 109953K->27265K(317952K), 0.0022520 secs] [Times: user=0.02 sys=0.00, real=0.00 secs] 
266.706: Total time for which application threads were stopped: 0.0044270 seconds, Stopping threads took: 0.0020930 seconds
266.786: Application time: 0.0797040 seconds
266.788: [GC [PSYoungGen: 90079K->6864K(96768K)] 110208K->27001K(317952K), 0.0021010 secs] [Times: user=0.01 sys=0.00, real=0.00 secs] 
266.790: Total time for which application threads were stopped: 0.0043640 seconds, Stopping threads took: 0.0021740 seconds
266.871: Application time: 0.0813260 seconds
266.873: [GC [PSYoungGen: 89808K->7664K(96768K)] 109945K->27809K(317952K), 0.0023530 secs] [Times: user=0.01 sys=0.00, real=0.01 secs] 
266.875: Total time for which application threads were stopped: 0.0040740 seconds, Stopping threads took: 0.0016320 seconds
266.956: Application time: 0.0807140 seconds
266.958: [GC [PSYoungGen: 90608K->6352K(96768K)] 110753K->26505K(317952K), 0.0019450 secs] [Times: user=0.01 sys=0.00, real=0.00 secs] 
266.960: Total time for which application threads were stopped: 0.0039010 seconds, Stopping threads took: 0.0018720 seconds
267.042: Application time: 0.0817740 seconds
267.044: [GC [PSYoungGen: 89296K->6160K(96768K)] 109449K->26321K(317952K), 0.0019660 secs] [Times: user=0.02 sys=0.00, real=0.00 secs] 
267.046: Total time for which application threads were stopped: 0.0042040 seconds, Stopping threads took: 0.0021600 seconds
267.127: Application time: 0.0810910 seconds
267.130: [GC [PSYoungGen: 89104K->6784K(96768K)] 109265K->26953K(317952K), 0.0020800 secs] [Times: user=0.01 sys=0.00, real=0.00 secs] 
267.132: Total time for which application threads were stopped: 0.0051580 seconds, Stopping threads took: 0.0029850 seconds
267.213: Application time: 0.0807670 seconds
267.214: [GC [PSYoungGen: 89728K->7024K(96768K)] 109897K->27193K(317952K), 0.0021290 secs] [Times: user=0.01 sys=0.00, real=0.01 secs] 
267.217: Total time for which application threads were stopped: 0.0035290 seconds, Stopping threads took: 0.0013160 seconds
267.300: Application time: 0.0830170 seconds
267.300: [GC [PSYoungGen: 89968K->6176K(96768K)] 110137K->26353K(317952K), 0.0019080 secs] [Times: user=0.01 sys=0.00, real=0.00 secs] 
267.302: Total time for which application threads were stopped: 0.0022090 seconds, Stopping threads took: 0.0002220 seconds
267.383: Application time: 0.0815630 seconds
267.387: [GC [PSYoungGen: 89120K->6128K(96768K)] 109297K->26329K(317952K), 0.0018130 secs] [Times: user=0.02 sys=0.00, real=0.00 secs] 
267.389: Total time for which application threads were stopped: 0.0057380 seconds, Stopping threads took: 0.0038420 seconds
267.473: Application time: 0.0841550 seconds
267.475: [GC [PSYoungGen: 89072K->6688K(96768K)] 109273K->26897K(317952K), 0.0020220 secs] [Times: user=0.01 sys=0.00, real=0.01 secs] 
267.477: Total time for which application threads were stopped: 0.0036120 seconds, Stopping threads took: 0.0015090 seconds
267.557: Application time: 0.0799490 seconds
267.559: [GC [PSYoungGen: 89632K->8016K(96768K)] 109841K->28233K(317952K), 0.0024920 secs] [Times: user=0.02 sys=0.00, real=0.00 secs] 
267.561: Total time for which application threads were stopped: 0.0045660 seconds, Stopping threads took: 0.0019900 seconds
267.638: Application time: 0.0766960 seconds
267.640: [GC [PSYoungGen: 90960K->7696K(96768K)] 111177K->27921K(317952K), 0.0024450 secs] [Times: user=0.01 sys=0.01, real=0.00 secs] 
267.643: Total time for which application threads were stopped: 0.0047190 seconds, Stopping threads took: 0.0021850 seconds
267.718: Application time: 0.0751380 seconds
267.720: [GC [PSYoungGen: 90640K->8176K(96768K)] 110865K->28401K(317952K), 0.0024670 secs] [Times: user=0.02 sys=0.00, real=0.00 secs] 
267.722: Total time for which application threads were stopped: 0.0041760 seconds, Stopping threads took: 0.0016270 seconds
267.799: Application time: 0.0766940 seconds
267.800: [GC [PSYoungGen: 91120K->7136K(96768K)] 111345K->27369K(317952K), 0.0021730 secs] [Times: user=0.01 sys=0.00, real=0.00 secs] 
267.802: Total time for which application threads were stopped: 0.0034430 seconds, Stopping threads took: 0.0011880 seconds
267.879: Application time: 0.0764330 seconds
267.881: [GC [PSYoungGen: 90080K->6960K(96768K)] 110313K->27201K(317952K), 0.0021910 secs] [Times: user=0.01 sys=0.00, real=0.00 secs] 
267.883: Total time for which application threads were stopped: 0.0041230 seconds, Stopping threads took: 0.0018510 seconds
267.960: Application time: 0.0767260 seconds
267.962: [GC [PSYoungGen: 89904K->6512K(96768K)] 110145K->26769K(317952K), 0.0019570 secs] [Times: user=0.00 sys=0.01, real=0.00 secs] 
267.964: Total time for which application threads were stopped: 0.0043380 seconds, Stopping threads took: 0.0023010 seconds
268.040: Application time: 0.0759720 seconds
268.042: [GC [PSYoungGen: 89456K->7312K(96768K)] 109713K->27577K(317952K), 0.0022400 secs] [Times: user=0.01 sys=0.00, real=0.00 secs] 
268.044: Total time for which application threads were stopped: 0.0041390 seconds, Stopping threads took: 0.0018120 seconds
268.121: Application time: 0.0767820 seconds
268.123: [GC [PSYoungGen: 90256K->7296K(96768K)] 110521K->27569K(317952K), 0.0022350 secs] [Times: user=0.01 sys=0.00, real=0.00 secs] 
268.125: Total time for which application threads were stopped: 0.0042060 seconds, Stopping threads took: 0.0018880 seconds
268.203: Application time: 0.0777130 seconds
268.205: [GC [PSYoungGen: 90240K->6736K(96768K)] 110513K->27009K(317952K), 0.0021190 secs] [Times: user=0.01 sys=0.00, real=0.00 secs] 
268.207: Total time for which application threads were stopped: 0.0041290 seconds, Stopping threads took: 0.0019210 seconds
268.284: Application time: 0.0776080 seconds
268.285: [GC [PSYoungGen: 89680K->4944K(96768K)] 109953K->25225K(317952K), 0.0014780 secs] [Times: user=0.01 sys=0.00, real=0.00 secs] 
268.287: Total time for which application threads were stopped: 0.0021120 seconds, Stopping threads took: 0.0005560 seconds
268.364: Application time: 0.0769620 seconds
268.365: [GC [PSYoungGen: 87888K->6832K(96768K)] 108169K->27129K(317952K), 0.0021150 secs] [Times: user=0.02 sys=0.00, real=0.01 secs] 
268.368: Total time for which application threads were stopped: 0.0041080 seconds, Stopping threads took: 0.0019120 seconds
268.445: Application time: 0.0772880 seconds
268.448: [GC [PSYoungGen: 89776K->7120K(96768K)] 110073K->27425K(317952K), 0.0021220 secs] [Times: user=0.01 sys=0.00, real=0.00 secs] 
268.450: Total time for which application threads were stopped: 0.0050150 seconds, Stopping threads took: 0.0028100 seconds
268.525: Application time: 0.0752070 seconds
268.528: [GC [PSYoungGen: 90064K->7088K(96768K)] 110369K->27401K(317952K), 0.0020770 secs] [Times: user=0.01 sys=0.00, real=0.00 secs] 
268.530: Total time for which application threads were stopped: 0.0051350 seconds, Stopping threads took: 0.0029760 seconds
268.606: Application time: 0.0756620 seconds
268.608: [GC [PSYoungGen: 90032K->7040K(96768K)] 110345K->27361K(317952K), 0.0020840 secs] [Times: user=0.01 sys=0.00, real=0.00 secs] 
268.610: Total time for which application threads were stopped: 0.0041670 seconds, Stopping threads took: 0.0020050 seconds
268.686: Application time: 0.0754640 seconds
268.687: [GC [PSYoungGen: 89984K->6816K(96768K)] 110305K->27145K(317952K), 0.0021560 secs] [Times: user=0.01 sys=0.00, real=0.00 secs] 
268.690: Total time for which application threads were stopped: 0.0039520 seconds, Stopping threads took: 0.0017150 seconds
268.764: Application time: 0.0748590 seconds
268.767: [GC [PSYoungGen: 89760K->6720K(96768K)] 110089K->27049K(317952K), 0.0020430 secs] [Times: user=0.01 sys=0.00, real=0.01 secs] 
268.769: Total time for which application threads were stopped: 0.0044460 seconds, Stopping threads took: 0.0023140 seconds
268.847: Application time: 0.0781600 seconds
268.847: [GC [PSYoungGen: 89664K->4800K(96768K)] 109993K->25137K(317952K), 0.0014140 secs] [Times: user=0.01 sys=0.00, real=0.00 secs] 
268.849: Total time for which application threads were stopped: 0.0017250 seconds, Stopping threads took: 0.0002390 seconds
268.922: Application time: 0.0729660 seconds
268.924: [GC [PSYoungGen: 87744K->6832K(96768K)] 108081K->27177K(317952K), 0.0021510 secs] [Times: user=0.01 sys=0.00, real=0.00 secs] 
268.926: Total time for which application threads were stopped: 0.0044610 seconds, Stopping threads took: 0.0022280 seconds
268.999: Application time: 0.0726650 seconds
269.000: [GC [PSYoungGen: 89774K->6720K(96768K)] 110120K->27073K(317952K), 0.0019980 secs] [Times: user=0.01 sys=0.00, real=0.00 secs] 
269.002: Total time for which application threads were stopped: 0.0036310 seconds, Stopping threads took: 0.0015490 seconds
269.080: Application time: 0.0779380 seconds
269.081: [GC [PSYoungGen: 89664K->5984K(96768K)] 110017K->26345K(317952K), 0.0018450 secs] [Times: user=0.01 sys=0.00, real=0.00 secs] 
269.083: Total time for which application threads were stopped: 0.0027780 seconds, Stopping threads took: 0.0008540 seconds
269.163: Application time: 0.0792990 seconds
269.165: [GC [PSYoungGen: 88928K->4768K(96768K)] 109289K->25137K(317952K), 0.0013050 secs] [Times: user=0.01 sys=0.00, real=0.00 secs] 
269.167: Total time for which application threads were stopped: 0.0042870 seconds, Stopping threads took: 0.0029080 seconds
269.241: Application time: 0.0741270 seconds
269.243: [GC [PSYoungGen: 87712K->7568K(96768K)] 108081K->27937K(317952K), 0.0023060 secs] [Times: user=0.01 sys=0.00, real=0.00 secs] 
269.245: Total time for which application threads were stopped: 0.0045140 seconds, Stopping threads took: 0.0021240 seconds
269.322: Application time: 0.0762980 seconds
269.324: [GC [PSYoungGen: 90512K->6512K(96768K)] 110881K->26889K(317952K), 0.0022180 secs] [Times: user=0.01 sys=0.00, real=0.00 secs] 
269.326: Total time for which application threads were stopped: 0.0045030 seconds, Stopping threads took: 0.0021920 seconds
269.402: Application time: 0.0761880 seconds
269.404: [GC [PSYoungGen: 89456K->6304K(96768K)] 109833K->26689K(317952K), 0.0020290 secs] [Times: user=0.01 sys=0.00, real=0.00 secs] 
269.406: Total time for which application threads were stopped: 0.0039480 seconds, Stopping threads took: 0.0018140 seconds
269.487: Application time: 0.0810140 seconds
269.489: [GC [PSYoungGen: 89248K->6848K(96768K)] 109633K->27233K(317952K), 0.0021840 secs] [Times: user=0.01 sys=0.00, real=0.00 secs] 
269.492: Total time for which application threads were stopped: 0.0042580 seconds, Stopping threads took: 0.0019910 seconds
269.567: Application time: 0.0757910 seconds
269.570: [GC [PSYoungGen: 89792K->5632K(96768K)] 110177K->26025K(317952K), 0.0017590 secs] [Times: user=0.01 sys=0.00, real=0.00 secs] 
269.571: Total time for which application threads were stopped: 0.0040330 seconds, Stopping threads took: 0.0021890 seconds
269.648: Application time: 0.0765890 seconds
269.650: [GC [PSYoungGen: 88576K->7344K(96768K)] 108969K->27745K(317952K), 0.0023760 secs] [Times: user=0.01 sys=0.00, real=0.00 secs] 
269.652: Total time for which application threads were stopped: 0.0039360 seconds, Stopping threads took: 0.0014720 seconds
269.727: Application time: 0.0746150 seconds
269.729: [GC [PSYoungGen: 90288K->6288K(96768K)] 110689K->26689K(317952K), 0.0018500 secs] [Times: user=0.02 sys=0.01, real=0.00 secs] 
269.731: Total time for which application threads were stopped: 0.0038620 seconds, Stopping threads took: 0.0019290 seconds
269.805: Application time: 0.0748030 seconds
269.808: [GC [PSYoungGen: 89232K->7216K(96768K)] 109633K->27625K(317952K), 0.0022640 secs] [Times: user=0.01 sys=0.00, real=0.00 secs] 
269.810: Total time for which application threads were stopped: 0.0050110 seconds, Stopping threads took: 0.0026680 seconds
269.885: Application time: 0.0743440 seconds
269.886: [GC [PSYoungGen: 90160K->6016K(96768K)] 110569K->26425K(317952K), 0.0018140 secs] [Times: user=0.02 sys=0.00, real=0.01 secs] 
269.888: Total time for which application threads were stopped: 0.0029400 seconds, Stopping threads took: 0.0010300 seconds
269.962: Application time: 0.0745230 seconds
269.964: [GC [PSYoungGen: 88960K->7056K(96768K)] 109369K->27473K(317952K), 0.0021020 secs] [Times: user=0.01 sys=0.00, real=0.00 secs] 
269.966: Total time for which application threads were stopped: 0.0040900 seconds, Stopping threads took: 0.0019060 seconds
270.044: Application time: 0.0776740 seconds
270.045: [GC [PSYoungGen: 90000K->6336K(96768K)] 110417K->26761K(317952K), 0.0020620 secs] [Times: user=0.02 sys=0.00, real=0.00 secs] 
270.047: Total time for which application threads were stopped: 0.0032170 seconds, Stopping threads took: 0.0010710 seconds
270.126: Application time: 0.0793200 seconds
270.128: [GC [PSYoungGen: 89280K->6944K(96768K)] 109705K->27377K(317952K), 0.0021790 secs] [Times: user=0.01 sys=0.00, real=0.00 secs] 
270.130: Total time for which application threads were stopped: 0.0038030 seconds, Stopping threads took: 0.0015200 seconds
270.206: Application time: 0.0759700 seconds
270.209: [GC [PSYoungGen: 89888K->6528K(96768K)] 110321K->26961K(317952K), 0.0019330 secs] [Times: user=0.01 sys=0.00, real=0.00 secs] 
270.211: Total time for which application threads were stopped: 0.0044130 seconds, Stopping threads took: 0.0023960 seconds
270.285: Application time: 0.0745970 seconds
270.287: [GC [PSYoungGen: 89472K->6640K(96768K)] 109905K->27081K(317952K), 0.0019810 secs] [Times: user=0.01 sys=0.00, real=0.01 secs] 
270.289: Total time for which application threads were stopped: 0.0036270 seconds, Stopping threads took: 0.0015620 seconds
270.363: Application time: 0.0746260 seconds
270.365: [GC [PSYoungGen: 89584K->7280K(96768K)] 110025K->27721K(317952K), 0.0021730 secs] [Times: user=0.02 sys=0.00, real=0.00 secs] 
270.367: Total time for which application threads were stopped: 0.0034900 seconds, Stopping threads took: 0.0012350 seconds
270.445: Application time: 0.0777070 seconds
270.447: [GC [PSYoungGen: 90224K->7392K(96768K)] 110665K->27841K(317952K), 0.0022780 secs] [Times: user=0.01 sys=0.00, real=0.01 secs] 
270.449: Total time for which application threads were stopped: 0.0047050 seconds, Stopping threads took: 0.0023330 seconds
270.527: Application time: 0.0772820 seconds
270.529: [GC [PSYoungGen: 90336K->7376K(96768K)] 110785K->27833K(317952K), 0.0022070 secs] [Times: user=0.01 sys=0.00, real=0.00 secs] 
270.532: Total time for which application threads were stopped: 0.0049890 seconds, Stopping threads took: 0.0027000 seconds
270.609: Application time: 0.0770950 seconds
270.611: [GC [PSYoungGen: 90320K->6752K(96768K)] 110777K->27217K(317952K), 0.0021530 secs] [Times: user=0.01 sys=0.00, real=0.00 secs] 
270.613: Total time for which application threads were stopped: 0.0045780 seconds, Stopping threads took: 0.0023440 seconds
270.688: Application time: 0.0750260 seconds
270.690: [GC [PSYoungGen: 89696K->6304K(96768K)] 110161K->26777K(317952K), 0.0019420 secs] [Times: user=0.02 sys=0.00, real=0.00 secs] 
270.692: Total time for which application threads were stopped: 0.0039730 seconds, Stopping threads took: 0.0019520 seconds
270.771: Application time: 0.0789230 seconds
270.773: [GC [PSYoungGen: 89248K->5376K(96768K)] 109721K->25849K(317952K), 0.0016320 secs] [Times: user=0.01 sys=0.00, real=0.00 secs] 
270.774: Total time for which application threads were stopped: 0.0031430 seconds, Stopping threads took: 0.0014300 seconds
270.850: Application time: 0.0753730 seconds
270.852: [GC [PSYoungGen: 88320K->5840K(96768K)] 108793K->26321K(317952K), 0.0017580 secs] [Times: user=0.01 sys=0.00, real=0.00 secs] 
270.854: Total time for which application threads were stopped: 0.0040350 seconds, Stopping threads took: 0.0021980 seconds
270.925: Application time: 0.0711970 seconds
270.927: [GC [PSYoungGen: 88784K->7760K(96768K)] 109265K->28249K(317952K), 0.0023200 secs] [Times: user=0.02 sys=0.00, real=0.01 secs] 
270.929: Total time for which application threads were stopped: 0.0040680 seconds, Stopping threads took: 0.0016670 seconds
271.004: Application time: 0.0749590 seconds
271.006: [GC [PSYoungGen: 90704K->7648K(96768K)] 111193K->28145K(317952K), 0.0022540 secs] [Times: user=0.01 sys=0.00, real=0.01 secs] 
271.009: Total time for which application threads were stopped: 0.0046240 seconds, Stopping threads took: 0.0022800 seconds
271.086: Application time: 0.0770080 seconds
271.088: [GC [PSYoungGen: 90592K->5264K(96768K)] 111089K->25769K(317952K), 0.0016470 secs] [Times: user=0.02 sys=0.00, real=0.00 secs] 
271.089: Total time for which application threads were stopped: 0.0035500 seconds, Stopping threads took: 0.0018270 seconds
271.162: Application time: 0.0726060 seconds
271.164: [GC [PSYoungGen: 88208K->7056K(96768K)] 108713K->27569K(317952K), 0.0021160 secs] [Times: user=0.02 sys=0.00, real=0.00 secs] 
271.166: Total time for which application threads were stopped: 0.0037950 seconds, Stopping threads took: 0.0015970 seconds
271.240: Application time: 0.0745320 seconds
271.243: [GC [PSYoungGen: 90000K->7088K(96768K)] 110513K->27601K(317952K), 0.0021500 secs] [Times: user=0.02 sys=0.00, real=0.00 secs] 
271.245: Total time for which application threads were stopped: 0.0049010 seconds, Stopping threads took: 0.0026670 seconds
271.323: Application time: 0.0777140 seconds
271.325: [GC [PSYoungGen: 90032K->5648K(96768K)] 110545K->26169K(317952K), 0.0018590 secs] [Times: user=0.01 sys=0.00, real=0.00 secs] 
271.327: Total time for which application threads were stopped: 0.0037040 seconds, Stopping threads took: 0.0017490 seconds
271.401: Application time: 0.0740870 seconds
271.403: [GC [PSYoungGen: 88592K->7760K(96768K)] 109113K->28289K(317952K), 0.0025060 secs] [Times: user=0.01 sys=0.00, real=0.00 secs] 
271.405: Total time for which application threads were stopped: 0.0046860 seconds, Stopping threads took: 0.0020740 seconds
271.478: Application time: 0.0731760 seconds
271.481: [GC [PSYoungGen: 90704K->7680K(96768K)] 111233K->28209K(317952K), 0.0025220 secs] [Times: user=0.02 sys=0.00, real=0.00 secs] 
271.484: Total time for which application threads were stopped: 0.0050590 seconds, Stopping threads took: 0.0024340 seconds
271.558: Application time: 0.0741730 seconds
271.560: [GC [PSYoungGen: 90624K->7584K(96768K)] 111153K->28121K(317952K), 0.0022570 secs] [Times: user=0.01 sys=0.00, real=0.00 secs] 
271.563: Total time for which application threads were stopped: 0.0048540 seconds, Stopping threads took: 0.0025060 seconds
271.640: Application time: 0.0774090 seconds
271.642: [GC [PSYoungGen: 90528K->8368K(96768K)] 111065K->28913K(317952K), 0.0025840 secs] [Times: user=0.01 sys=0.00, real=0.00 secs] 
271.644: Total time for which application threads were stopped: 0.0042290 seconds, Stopping threads took: 0.0015630 seconds
271.723: Application time: 0.0790220 seconds
271.725: [GC [PSYoungGen: 91312K->7056K(96768K)] 111857K->27601K(317952K), 0.0021530 secs] [Times: user=0.01 sys=0.00, real=0.00 secs] 
271.727: Total time for which application threads were stopped: 0.0037140 seconds, Stopping threads took: 0.0014750 seconds
271.809: Application time: 0.0816970 seconds
271.812: [GC [PSYoungGen: 90000K->6336K(96768K)] 110545K->26889K(317952K), 0.0020010 secs] [Times: user=0.02 sys=0.00, real=0.00 secs] 
271.814: Total time for which application threads were stopped: 0.0049550 seconds, Stopping threads took: 0.0028670 seconds
271.891: Application time: 0.0773300 seconds
271.893: [GC [PSYoungGen: 89280K->7760K(96768K)] 109833K->28321K(317952K), 0.0023380 secs] [Times: user=0.01 sys=0.00, real=0.01 secs] 
271.895: Total time for which application threads were stopped: 0.0044990 seconds, Stopping threads took: 0.0020800 seconds
271.975: Application time: 0.0800200 seconds
271.977: [GC [PSYoungGen: 90704K->6976K(96768K)] 111265K->27545K(317952K), 0.0021980 secs] [Times: user=0.01 sys=0.00, real=0.00 secs] 
271.979: Total time for which application threads were stopped: 0.0036850 seconds, Stopping threads took: 0.0014000 seconds
272.057: Application time: 0.0779440 seconds
272.060: [GC [PSYoungGen: 89920K->7712K(96768K)] 110489K->28297K(317952K), 0.0023340 secs] [Times: user=0.02 sys=0.00, real=0.00 secs] 
272.062: Total time for which application threads were stopped: 0.0052960 seconds, Stopping threads took: 0.0028800 seconds
272.140: Application time: 0.0779760 seconds
272.143: [GC [PSYoungGen: 90656K->6688K(96768K)] 111241K->27281K(317952K), 0.0020530 secs] [Times: user=0.01 sys=0.00, real=0.00 secs] 
272.145: Total time for which application threads were stopped: 0.0044590 seconds, Stopping threads took: 0.0023120 seconds
272.225: Application time: 0.0804460 seconds
272.227: [GC [PSYoungGen: 89632K->7552K(96768K)] 110225K->28145K(317952K), 0.0022870 secs] [Times: user=0.02 sys=0.00, real=0.01 secs] 
272.229: Total time for which application threads were stopped: 0.0040250 seconds, Stopping threads took: 0.0016440 seconds
272.309: Application time: 0.0794810 seconds
272.311: [GC [PSYoungGen: 90496K->8336K(96768K)] 111089K->28945K(317952K), 0.0026000 secs] [Times: user=0.01 sys=0.00, real=0.00 secs] 
272.314: Total time for which application threads were stopped: 0.0048420 seconds, Stopping threads took: 0.0021560 seconds
272.394: Application time: 0.0808670 seconds
272.397: [GC [PSYoungGen: 91280K->7440K(96768K)] 111889K->28049K(317952K), 0.0024110 secs] [Times: user=0.02 sys=0.00, real=0.00 secs] 
272.400: Total time for which application threads were stopped: 0.0052070 seconds, Stopping threads took: 0.0027080 seconds
272.476: Application time: 0.0764710 seconds
272.478: [GC [PSYoungGen: 90384K->7216K(96768K)] 110993K->27833K(317952K), 0.0022180 secs] [Times: user=0.01 sys=0.00, real=0.00 secs] 
272.480: Total time for which application threads were stopped: 0.0039160 seconds, Stopping threads took: 0.0016130 seconds
272.560: Application time: 0.0794570 seconds
272.561: [GC [PSYoungGen: 90160K->7248K(96768K)] 110777K->27873K(317952K), 0.0021680 secs] [Times: user=0.02 sys=0.00, real=0.00 secs] 
272.563: Total time for which application threads were stopped: 0.0036960 seconds, Stopping threads took: 0.0014420 seconds
272.643: Application time: 0.0801810 seconds
272.645: [GC [PSYoungGen: 90192K->6192K(96768K)] 110817K->26825K(317952K), 0.0019160 secs] [Times: user=0.01 sys=0.00, real=0.00 secs] 
272.647: Total time for which application threads were stopped: 0.0036090 seconds, Stopping threads took: 0.0016000 seconds
272.727: Application time: 0.0804330 seconds
272.729: [GC [PSYoungGen: 89136K->6800K(96768K)] 109769K->27433K(317952K), 0.0020960 secs] [Times: user=0.02 sys=0.00, real=0.00 secs] 
272.732: Total time for which application threads were stopped: 0.0041340 seconds, Stopping threads took: 0.0019540 seconds
272.811: Application time: 0.0796460 seconds
272.813: [GC [PSYoungGen: 89744K->6560K(96768K)] 110377K->27193K(317952K), 0.0019300 secs] [Times: user=0.02 sys=0.00, real=0.01 secs] 
272.815: Total time for which application threads were stopped: 0.0040180 seconds, Stopping threads took: 0.0020010 seconds
272.897: Application time: 0.0816620 seconds
272.898: [GC [PSYoungGen: 89504K->7136K(96768K)] 110137K->27777K(317952K), 0.0021520 secs] [Times: user=0.01 sys=0.00, real=0.00 secs] 
272.901: Total time for which application threads were stopped: 0.0036420 seconds, Stopping threads took: 0.0014050 seconds
272.982: Application time: 0.0817660 seconds
272.985: [GC [PSYoungGen: 90078K->6848K(96768K)] 110719K->27497K(317952K), 0.0020490 secs] [Times: user=0.01 sys=0.00, real=0.01 secs] 
272.988: Total time for which application threads were stopped: 0.0051760 seconds, Stopping threads took: 0.0030430 seconds
273.069: Application time: 0.0815630 seconds
273.071: [GC [PSYoungGen: 89792K->6000K(96768K)] 110441K->26649K(317952K), 0.0017600 secs] [Times: user=0.01 sys=0.00, real=0.00 secs] 
273.072: Total time for which application threads were stopped: 0.0032110 seconds, Stopping threads took: 0.0013670 seconds
273.151: Application time: 0.0784460 seconds
273.154: [GC [PSYoungGen: 88944K->8128K(96768K)] 109593K->28793K(317952K), 0.0024140 secs] [Times: user=0.02 sys=0.00, real=0.01 secs] 
273.156: Total time for which application threads were stopped: 0.0056900 seconds, Stopping threads took: 0.0031570 seconds
273.235: Application time: 0.0783970 seconds
273.237: [GC [PSYoungGen: 91072K->8208K(96768K)] 111737K->28873K(317952K), 0.0025680 secs] [Times: user=0.02 sys=0.00, real=0.00 secs] 
273.239: Total time for which application threads were stopped: 0.0042980 seconds, Stopping threads took: 0.0016390 seconds
273.317: Application time: 0.0778840 seconds
273.319: [GC [PSYoungGen: 91152K->6432K(96768K)] 111817K->27097K(317952K), 0.0019300 secs] [Times: user=0.01 sys=0.00, real=0.00 secs] 
273.321: Total time for which application threads were stopped: 0.0036410 seconds, Stopping threads took: 0.0016270 seconds
273.399: Application time: 0.0786360 seconds
273.402: [GC [PSYoungGen: 89376K->7440K(96768K)] 110041K->28113K(317952K), 0.0022830 secs] [Times: user=0.02 sys=0.00, real=0.00 secs] 
273.405: Total time for which application threads were stopped: 0.0052650 seconds, Stopping threads took: 0.0028990 seconds
273.483: Application time: 0.0782440 seconds
273.485: [GC [PSYoungGen: 90384K->6832K(96768K)] 111057K->27513K(317952K), 0.0021060 secs] [Times: user=0.01 sys=0.00, real=0.00 secs] 
273.487: Total time for which application threads were stopped: 0.0042490 seconds, Stopping threads took: 0.0020600 seconds
273.568: Application time: 0.0808050 seconds
273.571: [GC [PSYoungGen: 89776K->7072K(96768K)] 110457K->27761K(317952K), 0.0021340 secs] [Times: user=0.02 sys=0.00, real=0.00 secs] 
273.573: Total time for which application threads were stopped: 0.0048130 seconds, Stopping threads took: 0.0025970 seconds
273.653: Application time: 0.0800860 seconds
273.655: [GC [PSYoungGen: 90016K->8112K(96768K)] 110705K->28809K(317952K), 0.0024660 secs] [Times: user=0.01 sys=0.00, real=0.01 secs] 
273.657: Total time for which application threads were stopped: 0.0046670 seconds, Stopping threads took: 0.0021060 seconds
273.739: Application time: 0.0812770 seconds
273.740: [GC [PSYoungGen: 91056K->6688K(96768K)] 111753K->27393K(317952K), 0.0020700 secs] [Times: user=0.02 sys=0.00, real=0.00 secs] 
273.742: Total time for which application threads were stopped: 0.0033870 seconds, Stopping threads took: 0.0012360 seconds
273.826: Application time: 0.0841700 seconds
273.828: [GC [PSYoungGen: 89632K->6384K(96768K)] 110337K->27089K(317952K), 0.0020030 secs] [Times: user=0.01 sys=0.00, real=0.00 secs] 
273.831: Total time for which application threads were stopped: 0.0041920 seconds, Stopping threads took: 0.0021030 seconds
273.912: Application time: 0.0813060 seconds
273.914: [GC [PSYoungGen: 89328K->7024K(96768K)] 110033K->27737K(317952K), 0.0021660 secs] [Times: user=0.01 sys=0.00, real=0.01 secs] 
273.916: Total time for which application threads were stopped: 0.0042890 seconds, Stopping threads took: 0.0020410 seconds
273.997: Application time: 0.0809700 seconds
273.998: [GC [PSYoungGen: 89968K->4864K(96768K)] 110681K->25577K(317952K), 0.0015660 secs] [Times: user=0.01 sys=0.00, real=0.00 secs] 
273.999: Total time for which application threads were stopped: 0.0023770 seconds, Stopping threads took: 0.0007300 seconds
274.079: Application time: 0.0799010 seconds
274.081: [GC [PSYoungGen: 87808K->6752K(96768K)] 108521K->27473K(317952K), 0.0020770 secs] [Times: user=0.01 sys=0.00, real=0.00 secs] 
274.083: Total time for which application threads were stopped: 0.0040450 seconds, Stopping threads took: 0.0018850 seconds
274.164: Application time: 0.0804230 seconds
274.167: [GC [PSYoungGen: 89696K->7136K(96768K)] 110417K->27865K(317952K), 0.0021880 secs] [Times: user=0.02 sys=0.00, real=0.01 secs] 
274.169: Total time for which application threads were stopped: 0.0049050 seconds, Stopping threads took: 0.0026290 seconds
274.250: Application time: 0.0813520 seconds
274.252: [GC [PSYoungGen: 90080K->6784K(96768K)] 110809K->27521K(317952K), 0.0020530 secs] [Times: user=0.02 sys=0.00, real=0.00 secs] 
274.254: Total time for which application threads were stopped: 0.0039610 seconds, Stopping threads took: 0.0018260 seconds
274.334: Application time: 0.0804450 seconds
274.336: [GC [PSYoungGen: 89728K->4736K(96768K)] 110465K->25473K(317952K), 0.0014680 secs] [Times: user=0.01 sys=0.00, real=0.00 secs] 
274.338: Total time for which application threads were stopped: 0.0031800 seconds, Stopping threads took: 0.0016300 seconds
274.417: Application time: 0.0794450 seconds
274.419: [GC [PSYoungGen: 87680K->7936K(96768K)] 108417K->28681K(317952K), 0.0027670 secs] [Times: user=0.01 sys=0.00, real=0.00 secs] 
274.422: Total time for which application threads were stopped: 0.0051040 seconds, Stopping threads took: 0.0022310 seconds
274.500: Application time: 0.0779670 seconds
274.503: [GC [PSYoungGen: 90880K->7888K(96768K)] 111625K->28633K(317952K), 0.0024440 secs] [Times: user=0.01 sys=0.00, real=0.00 secs] 
274.505: Total time for which application threads were stopped: 0.0048840 seconds, Stopping threads took: 0.0023250 seconds
274.587: Application time: 0.0816750 seconds
274.588: [GC [PSYoungGen: 90832K->6016K(96768K)] 111577K->26777K(317952K), 0.0018910 secs] [Times: user=0.01 sys=0.00, real=0.00 secs] 
274.590: Total time for which application threads were stopped: 0.0031070 seconds, Stopping threads took: 0.0011350 seconds
274.674: Application time: 0.0839980 seconds
274.675: [GC [PSYoungGen: 88960K->5024K(96768K)] 109721K->25793K(317952K), 0.0015120 secs] [Times: user=0.01 sys=0.00, real=0.01 secs] 
274.676: Total time for which application threads were stopped: 0.0025280 seconds, Stopping threads took: 0.0009300 seconds
274.762: Application time: 0.0851730 seconds
274.763: [GC [PSYoungGen: 87968K->5216K(96768K)] 108737K->25993K(317952K), 0.0015060 secs] [Times: user=0.01 sys=0.00, real=0.00 secs] 
274.765: Total time for which application threads were stopped: 0.0031790 seconds, Stopping threads took: 0.0015970 seconds
274.842: Application time: 0.0769550 seconds
274.844: [GC [PSYoungGen: 88160K->7200K(96768K)] 108937K->27977K(317952K), 0.0022210 secs] [Times: user=0.02 sys=0.00, real=0.00 secs] 
274.846: Total time for which application threads were stopped: 0.0044380 seconds, Stopping threads took: 0.0021390 seconds
274.926: Application time: 0.0796240 seconds
274.929: [GC [PSYoungGen: 90144K->7088K(96768K)] 110921K->27873K(317952K), 0.0020870 secs] [Times: user=0.02 sys=0.00, real=0.00 secs] 
274.931: Total time for which application threads were stopped: 0.0052390 seconds, Stopping threads took: 0.0030680 seconds
275.009: Application time: 0.0779800 seconds
275.012: [GC [PSYoungGen: 90032K->7360K(96768K)] 110817K->28153K(317952K), 0.0021700 secs] [Times: user=0.02 sys=0.00, real=0.00 secs] 
275.014: Total time for which application threads were stopped: 0.0052380 seconds, Stopping threads took: 0.0029810 seconds
275.094: Application time: 0.0795420 seconds
275.095: [GC [PSYoungGen: 90304K->6496K(96768K)] 111097K->27297K(317952K), 0.0020480 secs] [Times: user=0.01 sys=0.00, real=0.00 secs] 
275.097: Total time for which application threads were stopped: 0.0036620 seconds, Stopping threads took: 0.0015270 seconds
275.177: Application time: 0.0799270 seconds
275.179: [GC [PSYoungGen: 89440K->7760K(96768K)] 110241K->28569K(317952K), 0.0024890 secs] [Times: user=0.01 sys=0.00, real=0.00 secs] 
275.182: Total time for which application threads were stopped: 0.0046090 seconds, Stopping threads took: 0.0020250 seconds
275.259: Application time: 0.0774600 seconds
275.261: [GC [PSYoungGen: 90704K->7088K(96768K)] 111513K->27905K(317952K), 0.0021160 secs] [Times: user=0.02 sys=0.00, real=0.00 secs] 
275.263: Total time for which application threads were stopped: 0.0036320 seconds, Stopping threads took: 0.0014320 seconds
275.346: Application time: 0.0831440 seconds
275.349: [GC [PSYoungGen: 90032K->7152K(96768K)] 110849K->27977K(317952K), 0.0022150 secs] [Times: user=0.02 sys=0.00, real=0.00 secs] 
275.351: Total time for which application threads were stopped: 0.0045390 seconds, Stopping threads took: 0.0022190 seconds
275.429: Application time: 0.0780580 seconds
275.432: [GC [PSYoungGen: 90096K->7120K(96768K)] 110921K->27953K(317952K), 0.0022270 secs] [Times: user=0.01 sys=0.00, real=0.00 secs] 
275.434: Total time for which application threads were stopped: 0.0054100 seconds, Stopping threads took: 0.0031010 seconds
275.516: Application time: 0.0813910 seconds
275.517: [GC [PSYoungGen: 90064K->5392K(96768K)] 110897K->26233K(317952K), 0.0016830 secs] [Times: user=0.01 sys=0.00, real=0.00 secs] 
275.519: Total time for which application threads were stopped: 0.0033320 seconds, Stopping threads took: 0.0015650 seconds
275.599: Application time: 0.0804550 seconds
275.602: [GC [PSYoungGen: 88336K->7584K(96768K)] 109177K->28425K(317952K), 0.0023150 secs] [Times: user=0.02 sys=0.00, real=0.00 secs] 
275.604: Total time for which application threads were stopped: 0.0049810 seconds, Stopping threads took: 0.0025850 seconds
275.688: Application time: 0.0835300 seconds
275.690: [GC [PSYoungGen: 90528K->3616K(96768K)] 111369K->24465K(317952K), 0.0010990 secs] [Times: user=0.01 sys=0.00, real=0.00 secs] 
275.691: Total time for which application threads were stopped: 0.0032790 seconds, Stopping threads took: 0.0021020 seconds
275.766: Application time: 0.0752260 seconds
275.769: [GC [PSYoungGen: 86560K->7600K(96768K)] 107409K->28457K(317952K), 0.0023250 secs] [Times: user=0.02 sys=0.00, real=0.00 secs] 
275.771: Total time for which application threads were stopped: 0.0047190 seconds, Stopping threads took: 0.0023050 seconds
275.844: Application time: 0.0732950 seconds
275.846: [GC [PSYoungGen: 90544K->6560K(96768K)] 111401K->27425K(317952K), 0.0019660 secs] [Times: user=0.01 sys=0.00, real=0.01 secs] 
275.848: Total time for which application threads were stopped: 0.0033950 seconds, Stopping threads took: 0.0013490 seconds
275.923: Application time: 0.0750810 seconds
275.925: [GC [PSYoungGen: 89504K->7376K(96768K)] 110369K->28249K(317952K), 0.0022250 secs] [Times: user=0.02 sys=0.00, real=0.00 secs] 
275.927: Total time for which application threads were stopped: 0.0041780 seconds, Stopping threads took: 0.0018710 seconds
276.005: Application time: 0.0775890 seconds
276.007: [GC [PSYoungGen: 90320K->7264K(96768K)] 111193K->28145K(317952K), 0.0021740 secs] [Times: user=0.01 sys=0.00, real=0.01 secs] 
276.009: Total time for which application threads were stopped: 0.0042040 seconds, Stopping threads took: 0.0019520 seconds
276.086: Application time: 0.0770640 seconds
276.088: [GC [PSYoungGen: 90208K->5328K(96768K)] 111089K->26209K(317952K), 0.0016310 secs] [Times: user=0.01 sys=0.00, real=0.00 secs] 
276.090: Total time for which application threads were stopped: 0.0035240 seconds, Stopping threads took: 0.0018160 seconds
276.166: Application time: 0.0760280 seconds
276.168: [GC [PSYoungGen: 88272K->7328K(96768K)] 109153K->28217K(317952K), 0.0022200 secs] [Times: user=0.01 sys=0.00, real=0.00 secs] 
276.171: Total time for which application threads were stopped: 0.0050070 seconds, Stopping threads took: 0.0027020 seconds
276.252: Application time: 0.0810500 seconds
276.254: [GC [PSYoungGen: 90272K->3872K(96768K)] 111161K->24777K(317952K), 0.0012340 secs] [Times: user=0.01 sys=0.00, real=0.00 secs] 
276.255: Total time for which application threads were stopped: 0.0033330 seconds, Stopping threads took: 0.0020180 seconds
276.336: Application time: 0.0809130 seconds
276.339: [GC [PSYoungGen: 86816K->6144K(96768K)] 107721K->27057K(317952K), 0.0018520 secs] [Times: user=0.01 sys=0.00, real=0.00 secs] 
276.341: Total time for which application threads were stopped: 0.0049190 seconds, Stopping threads took: 0.0029840 seconds
276.416: Application time: 0.0755000 seconds
276.419: [GC [PSYoungGen: 89088K->7152K(96768K)] 110001K->28065K(317952K), 0.0021770 secs] [Times: user=0.02 sys=0.00, real=0.00 secs] 
276.421: Total time for which application threads were stopped: 0.0048380 seconds, Stopping threads took: 0.0025810 seconds
276.497: Application time: 0.0756440 seconds
276.500: [GC [PSYoungGen: 90096K->7088K(96768K)] 111009K->28009K(317952K), 0.0021140 secs] [Times: user=0.01 sys=0.00, real=0.00 secs] 
276.502: Total time for which application threads were stopped: 0.0049480 seconds, Stopping threads took: 0.0027510 seconds
276.577: Application time: 0.0750150 seconds
276.579: [GC [PSYoungGen: 90032K->7024K(96768K)] 110953K->27945K(317952K), 0.0021630 secs] [Times: user=0.00 sys=0.00, real=0.00 secs] 
276.581: Total time for which application threads were stopped: 0.0046870 seconds, Stopping threads took: 0.0024390 seconds
276.656: Application time: 0.0747160 seconds
276.659: [GC [PSYoungGen: 89968K->6160K(96768K)] 110889K->27089K(317952K), 0.0018320 secs] [Times: user=0.01 sys=0.00, real=0.00 secs] 
276.660: Total time for which application threads were stopped: 0.0042570 seconds, Stopping threads took: 0.0023460 seconds
276.741: Application time: 0.0802770 seconds
276.742: [GC [PSYoungGen: 89104K->4816K(96768K)] 110033K->25753K(317952K), 0.0015030 secs] [Times: user=0.01 sys=0.00, real=0.00 secs] 
276.743: Total time for which application threads were stopped: 0.0026430 seconds, Stopping threads took: 0.0010650 seconds
276.828: Application time: 0.0843180 seconds
276.829: [GC [PSYoungGen: 87760K->6080K(96768K)] 108697K->27025K(317952K), 0.0018260 secs] [Times: user=0.01 sys=0.00, real=0.00 secs] 
276.831: Total time for which application threads were stopped: 0.0029670 seconds, Stopping threads took: 0.0010550 seconds
276.910: Application time: 0.0793090 seconds
276.912: [GC [PSYoungGen: 89024K->7440K(96768K)] 109969K->28393K(317952K), 0.0022340 secs] [Times: user=0.02 sys=0.00, real=0.00 secs] 
276.914: Total time for which application threads were stopped: 0.0042420 seconds, Stopping threads took: 0.0019270 seconds
276.989: Application time: 0.0749030 seconds
276.991: [GC [PSYoungGen: 90384K->6448K(96768K)] 111337K->27409K(317952K), 0.0019600 secs] [Times: user=0.02 sys=0.00, real=0.00 secs] 
276.993: Total time for which application threads were stopped: 0.0036990 seconds, Stopping threads took: 0.0016580 seconds
277.067: Application time: 0.0737160 seconds
277.069: [GC [PSYoungGen: 89392K->7568K(96768K)] 110353K->28537K(317952K), 0.0022850 secs] [Times: user=0.02 sys=0.00, real=0.00 secs] 
277.071: Total time for which application threads were stopped: 0.0044440 seconds, Stopping threads took: 0.0020770 seconds
277.143: Application time: 0.0722510 seconds
277.145: [GC [PSYoungGen: 90512K->8352K(96768K)] 111481K->29329K(317952K), 0.0025650 secs] [Times: user=0.02 sys=0.00, real=0.01 secs] 
277.148: Total time for which application threads were stopped: 0.0045350 seconds, Stopping threads took: 0.0018900 seconds
277.221: Application time: 0.0733350 seconds
277.223: [GC [PSYoungGen: 91296K->7200K(96768K)] 112273K->28177K(317952K), 0.0022360 secs] [Times: user=0.02 sys=0.00, real=0.00 secs] 
277.225: Total time for which application threads were stopped: 0.0040780 seconds, Stopping threads took: 0.0017600 seconds
277.299: Application time: 0.0735050 seconds
277.300: [GC [PSYoungGen: 90144K->7056K(96768K)] 111121K->28041K(317952K), 0.0020850 secs] [Times: user=0.02 sys=0.00, real=0.00 secs] 
277.303: Total time for which application threads were stopped: 0.0038760 seconds, Stopping threads took: 0.0017100 seconds
277.378: Application time: 0.0751220 seconds
277.379: [GC [PSYoungGen: 90000K->6336K(96768K)] 110985K->27329K(317952K), 0.0019380 secs] [Times: user=0.01 sys=0.00, real=0.00 secs] 
277.381: Total time for which application threads were stopped: 0.0037730 seconds, Stopping threads took: 0.0017420 seconds
277.462: Application time: 0.0807590 seconds
277.464: [GC [PSYoungGen: 89280K->4448K(96768K)] 110273K->25449K(317952K), 0.0013620 secs] [Times: user=0.01 sys=0.00, real=0.00 secs] 
277.465: Total time for which application threads were stopped: 0.0030520 seconds, Stopping threads took: 0.0016110 seconds
277.547: Application time: 0.0818640 seconds
277.550: [GC [PSYoungGen: 87392K->5568K(96768K)] 108393K->26577K(317952K), 0.0016280 secs] [Times: user=0.01 sys=0.00, real=0.00 secs] 
277.552: Total time for which application threads were stopped: 0.0045490 seconds, Stopping threads took: 0.0028450 seconds
277.628: Application time: 0.0764680 seconds
277.630: [GC [PSYoungGen: 88512K->7584K(96768K)] 109521K->28593K(317952K), 0.0022000 secs] [Times: user=0.02 sys=0.00, real=0.00 secs] 
277.633: Total time for which application threads were stopped: 0.0044940 seconds, Stopping threads took: 0.0022110 seconds
277.708: Application time: 0.0753320 seconds
277.711: [GC [PSYoungGen: 90528K->7712K(96768K)] 111537K->28729K(317952K), 0.0022810 secs] [Times: user=0.02 sys=0.00, real=0.00 secs] 
277.713: Total time for which application threads were stopped: 0.0050210 seconds, Stopping threads took: 0.0026580 seconds
277.790: Application time: 0.0767870 seconds
277.793: [GC [PSYoungGen: 90656K->7296K(96768K)] 111673K->28321K(317952K), 0.0022510 secs] [Times: user=0.01 sys=0.00, real=0.00 secs] 
277.795: Total time for which application threads were stopped: 0.0051490 seconds, Stopping threads took: 0.0028080 seconds
277.875: Application time: 0.0796810 seconds
277.876: [GC [PSYoungGen: 90240K->8112K(96768K)] 111265K->29145K(317952K), 0.0025170 secs] [Times: user=0.02 sys=0.00, real=0.00 secs] 
277.878: Total time for which application threads were stopped: 0.0038110 seconds, Stopping threads took: 0.0012150 seconds
277.958: Application time: 0.0791780 seconds
277.958: [GC [PSYoungGen: 91056K->4656K(96768K)] 112089K->25705K(317952K), 0.0015120 secs] [Times: user=0.01 sys=0.00, real=0.00 secs] 
277.960: Total time for which application threads were stopped: 0.0023960 seconds, Stopping threads took: 0.0008030 seconds
278.043: Application time: 0.0831830 seconds
278.044: [GC [PSYoungGen: 87600K->4400K(96768K)] 108649K->25457K(317952K), 0.0013430 secs] [Times: user=0.00 sys=0.00, real=0.00 secs] 
278.046: Total time for which application threads were stopped: 0.0023640 seconds, Stopping threads took: 0.0009500 seconds
278.120: Application time: 0.0745700 seconds
278.123: [GC [PSYoungGen: 87344K->5856K(96768K)] 108401K->26913K(317952K), 0.0017060 secs] [Times: user=0.01 sys=0.00, real=0.00 secs] 
278.125: Total time for which application threads were stopped: 0.0048420 seconds, Stopping threads took: 0.0030580 seconds
278.199: Application time: 0.0738500 seconds
278.200: [GC [PSYoungGen: 88800K->5808K(96768K)] 109857K->26873K(317952K), 0.0017830 secs] [Times: user=0.01 sys=0.00, real=0.00 secs] 
278.202: Total time for which application threads were stopped: 0.0034110 seconds, Stopping threads took: 0.0015480 seconds
278.281: Application time: 0.0785430 seconds
278.282: [GC [PSYoungGen: 88752K->5888K(96768K)] 109817K->26961K(317952K), 0.0019150 secs] [Times: user=0.01 sys=0.00, real=0.00 secs] 
278.284: Total time for which application threads were stopped: 0.0034240 seconds, Stopping threads took: 0.0014070 seconds
278.359: Application time: 0.0752150 seconds
278.362: [GC [PSYoungGen: 88832K->6432K(96768K)] 109905K->27513K(317952K), 0.0019830 secs] [Times: user=0.01 sys=0.00, real=0.00 secs] 
278.364: Total time for which application threads were stopped: 0.0042340 seconds, Stopping threads took: 0.0021640 seconds
278.440: Application time: 0.0766820 seconds
278.443: [GC [PSYoungGen: 89376K->6592K(96768K)] 110457K->27681K(317952K), 0.0019500 secs] [Times: user=0.01 sys=0.00, real=0.00 secs] 
278.445: Total time for which application threads were stopped: 0.0043990 seconds, Stopping threads took: 0.0023420 seconds
278.521: Application time: 0.0764210 seconds
278.523: [GC [PSYoungGen: 89536K->5664K(96768K)] 110625K->26761K(317952K), 0.0017580 secs] [Times: user=0.01 sys=0.00, real=0.00 secs] 
278.525: Total time for which application threads were stopped: 0.0036580 seconds, Stopping threads took: 0.0018080 seconds
278.599: Application time: 0.0738400 seconds
278.601: [GC [PSYoungGen: 88608K->6352K(96768K)] 109705K->27449K(317952K), 0.0019000 secs] [Times: user=0.01 sys=0.00, real=0.00 secs] 
278.603: Total time for which application threads were stopped: 0.0044410 seconds, Stopping threads took: 0.0024600 seconds
278.681: Application time: 0.0774660 seconds
278.683: [GC [PSYoungGen: 89296K->6000K(96768K)] 110393K->27105K(317952K), 0.0018510 secs] [Times: user=0.01 sys=0.00, real=0.00 secs] 
278.685: Total time for which application threads were stopped: 0.0046880 seconds, Stopping threads took: 0.0027610 seconds
278.765: Application time: 0.0793920 seconds
278.766: [GC [PSYoungGen: 88944K->4384K(96768K)] 110049K->25497K(317952K), 0.0013410 secs] [Times: user=0.01 sys=0.00, real=0.01 secs] 
278.768: Total time for which application threads were stopped: 0.0030080 seconds, Stopping threads took: 0.0015940 seconds
278.844: Application time: 0.0767160 seconds
278.846: [GC [PSYoungGen: 87328K->6688K(96768K)] 108441K->27809K(317952K), 0.0021220 secs] [Times: user=0.01 sys=0.00, real=0.01 secs] 
278.848: Total time for which application threads were stopped: 0.0036570 seconds, Stopping threads took: 0.0014550 seconds
278.923: Application time: 0.0752010 seconds
278.925: [GC [PSYoungGen: 89632K->6000K(96768K)] 110753K->27129K(317952K), 0.0017990 secs] [Times: user=0.01 sys=0.00, real=0.00 secs] 
278.927: Total time for which application threads were stopped: 0.0037980 seconds, Stopping threads took: 0.0019180 seconds
279.003: Application time: 0.0758750 seconds
279.005: [GC [PSYoungGen: 88944K->7120K(96768K)] 110073K->28257K(317952K), 0.0021280 secs] [Times: user=0.02 sys=0.00, real=0.00 secs] 
279.007: Total time for which application threads were stopped: 0.0041000 seconds, Stopping threads took: 0.0018870 seconds
279.087: Application time: 0.0794570 seconds
279.089: [GC [PSYoungGen: 90064K->5056K(96768K)] 111201K->26193K(317952K), 0.0016350 secs] [Times: user=0.01 sys=0.00, real=0.00 secs] 
279.090: Total time for which application threads were stopped: 0.0038530 seconds, Stopping threads took: 0.0021320 seconds
279.165: Application time: 0.0749560 seconds
279.167: [GC [PSYoungGen: 88000K->6096K(96768K)] 109137K->27241K(317952K), 0.0019160 secs] [Times: user=0.01 sys=0.00, real=0.00 secs] 
279.169: Total time for which application threads were stopped: 0.0038310 seconds, Stopping threads took: 0.0018400 seconds
279.244: Application time: 0.0749150 seconds
279.246: [GC [PSYoungGen: 89040K->7120K(96768K)] 110185K->28273K(317952K), 0.0022150 secs] [Times: user=0.01 sys=0.00, real=0.01 secs] 
279.248: Total time for which application threads were stopped: 0.0037290 seconds, Stopping threads took: 0.0014280 seconds
279.323: Application time: 0.0751770 seconds
279.326: [GC [PSYoungGen: 90064K->6832K(96768K)] 111217K->27993K(317952K), 0.0023090 secs] [Times: user=0.01 sys=0.00, real=0.01 secs] 
279.328: Total time for which application threads were stopped: 0.0053480 seconds, Stopping threads took: 0.0029400 seconds
279.405: Application time: 0.0762490 seconds
279.406: [GC [PSYoungGen: 89776K->6640K(96768K)] 110937K->27809K(317952K), 0.0023750 secs] [Times: user=0.01 sys=0.00, real=0.01 secs] 
279.409: Total time for which application threads were stopped: 0.0041810 seconds, Stopping threads took: 0.0017040 seconds
279.490: Application time: 0.0810430 seconds
279.491: [GC [PSYoungGen: 89584K->7728K(96768K)] 110753K->28905K(317952K), 0.0025390 secs] [Times: user=0.01 sys=0.00, real=0.00 secs] 
279.494: Total time for which application threads were stopped: 0.0041800 seconds, Stopping threads took: 0.0015500 seconds
279.568: Application time: 0.0737590 seconds
279.571: [GC [PSYoungGen: 90672K->6608K(96768K)] 111849K->27793K(317952K), 0.0023120 secs] [Times: user=0.01 sys=0.00, real=0.00 secs] 
279.573: Total time for which application threads were stopped: 0.0051960 seconds, Stopping threads took: 0.0027920 seconds
279.657: Application time: 0.0839440 seconds
279.659: [GC [PSYoungGen: 89552K->7520K(96768K)] 110737K->28713K(317952K), 0.0026090 secs] [Times: user=0.01 sys=0.00, real=0.00 secs] 
279.662: Total time for which application threads were stopped: 0.0049210 seconds, Stopping threads took: 0.0021950 seconds
279.747: Application time: 0.0855070 seconds
279.750: [GC [PSYoungGen: 90464K->7456K(96768K)] 111657K->28657K(317952K), 0.0025340 secs] [Times: user=0.01 sys=0.00, real=0.00 secs] 
279.752: Total time for which application threads were stopped: 0.0049560 seconds, Stopping threads took: 0.0023390 seconds
279.829: Application time: 0.0771440 seconds
279.832: [GC [PSYoungGen: 90400K->8192K(96768K)] 111601K->29409K(317952K), 0.0026490 secs] [Times: user=0.01 sys=0.00, real=0.00 secs] 
279.835: Total time for which application threads were stopped: 0.0054550 seconds, Stopping threads took: 0.0027220 seconds
279.917: Application time: 0.0820270 seconds
279.919: [GC [PSYoungGen: 91136K->8192K(96768K)] 112353K->29417K(317952K), 0.0027470 secs] [Times: user=0.01 sys=0.00, real=0.00 secs] 
279.922: Total time for which application threads were stopped: 0.0050130 seconds, Stopping threads took: 0.0021730 seconds
280.003: Application time: 0.0813270 seconds
280.007: [GC [PSYoungGen: 91134K->7328K(96768K)] 112360K->28561K(317952K), 0.0024470 secs] [Times: user=0.01 sys=0.00, real=0.00 secs] 
280.010: Total time for which application threads were stopped: 0.0064690 seconds, Stopping threads took: 0.0039320 seconds
280.093: Application time: 0.0835630 seconds
280.096: [GC [PSYoungGen: 90272K->7296K(96768K)] 111505K->28537K(317952K), 0.0032370 secs] [Times: user=0.02 sys=0.00, real=0.00 secs] 
280.099: Total time for which application threads were stopped: 0.0061560 seconds, Stopping threads took: 0.0028250 seconds
280.185: Application time: 0.0852200 seconds
280.187: [GC [PSYoungGen: 90240K->7168K(96768K)] 111481K->28409K(317952K), 0.0026230 secs] [Times: user=0.01 sys=0.00, real=0.00 secs] 
280.190: Total time for which application threads were stopped: 0.0053400 seconds, Stopping threads took: 0.0025950 seconds
280.275: Application time: 0.0852150 seconds
280.277: [GC [PSYoungGen: 90112K->6800K(96768K)] 111353K->28049K(317952K), 0.0024690 secs] [Times: user=0.02 sys=0.00, real=0.00 secs] 
280.280: Total time for which application threads were stopped: 0.0046700 seconds, Stopping threads took: 0.0021190 seconds
280.358: Application time: 0.0783110 seconds
280.360: [GC [PSYoungGen: 89744K->6896K(96768K)] 110993K->28153K(317952K), 0.0021440 secs] [Times: user=0.02 sys=0.00, real=0.00 secs] 
280.363: Total time for which application threads were stopped: 0.0042880 seconds, Stopping threads took: 0.0020610 seconds
280.442: Application time: 0.0793790 seconds
280.445: [GC [PSYoungGen: 89840K->7072K(96768K)] 111097K->28337K(317952K), 0.0022720 secs] [Times: user=0.01 sys=0.00, real=0.01 secs] 
280.447: Total time for which application threads were stopped: 0.0054240 seconds, Stopping threads took: 0.0030650 seconds
280.528: Application time: 0.0810530 seconds
280.530: [GC [PSYoungGen: 90016K->6320K(96768K)] 111281K->27593K(317952K), 0.0020460 secs] [Times: user=0.01 sys=0.00, real=0.00 secs] 
280.532: Total time for which application threads were stopped: 0.0040430 seconds, Stopping threads took: 0.0019100 seconds
280.617: Application time: 0.0844140 seconds
280.619: [GC [PSYoungGen: 89264K->4400K(96768K)] 110537K->25681K(317952K), 0.0013520 secs] [Times: user=0.01 sys=0.00, real=0.00 secs] 
280.620: Total time for which application threads were stopped: 0.0034780 seconds, Stopping threads took: 0.0020500 seconds
280.706: Application time: 0.0852340 seconds
280.709: [GC [PSYoungGen: 87344K->5120K(96768K)] 108625K->26401K(317952K), 0.0014490 secs] [Times: user=0.01 sys=0.00, real=0.00 secs] 
280.710: Total time for which application threads were stopped: 0.0047600 seconds, Stopping threads took: 0.0032260 seconds
280.794: Application time: 0.0835260 seconds
280.797: [GC [PSYoungGen: 88064K->6496K(96768K)] 109345K->27785K(317952K), 0.0019020 secs] [Times: user=0.01 sys=0.00, real=0.00 secs] 
280.799: Total time for which application threads were stopped: 0.0047880 seconds, Stopping threads took: 0.0028040 seconds
280.881: Application time: 0.0823730 seconds
280.883: [GC [PSYoungGen: 89440K->6864K(96768K)] 110729K->28161K(317952K), 0.0020890 secs] [Times: user=0.01 sys=0.01, real=0.00 secs] 
280.885: Total time for which application threads were stopped: 0.0042080 seconds, Stopping threads took: 0.0020340 seconds
280.967: Application time: 0.0821490 seconds
280.971: [GC [PSYoungGen: 89808K->6912K(96768K)] 111105K->28217K(317952K), 0.0020890 secs] [Times: user=0.02 sys=0.00, real=0.00 secs] 
280.973: Total time for which application threads were stopped: 0.0055240 seconds, Stopping threads took: 0.0033460 seconds
281.054: Application time: 0.0812910 seconds
281.056: [GC [PSYoungGen: 89856K->6208K(96768K)] 111161K->27529K(317952K), 0.0020120 secs] [Times: user=0.01 sys=0.00, real=0.00 secs] 
281.058: Total time for which application threads were stopped: 0.0039210 seconds, Stopping threads took: 0.0018070 seconds
281.145: Application time: 0.0865730 seconds
281.146: [GC [PSYoungGen: 89152K->5312K(96768K)] 110473K->26641K(317952K), 0.0016430 secs] [Times: user=0.01 sys=0.00, real=0.01 secs] 
281.148: Total time for which application threads were stopped: 0.0033540 seconds, Stopping threads took: 0.0016330 seconds
281.226: Application time: 0.0781370 seconds
281.229: [GC [PSYoungGen: 88256K->8176K(96768K)] 109585K->29505K(317952K), 0.0025690 secs] [Times: user=0.01 sys=0.00, real=0.00 secs] 
281.231: Total time for which application threads were stopped: 0.0050600 seconds, Stopping threads took: 0.0023880 seconds
281.312: Application time: 0.0806170 seconds
281.314: [GC [PSYoungGen: 91120K->6832K(96768K)] 112449K->28169K(317952K), 0.0020640 secs] [Times: user=0.01 sys=0.00, real=0.01 secs] 
281.316: Total time for which application threads were stopped: 0.0042260 seconds, Stopping threads took: 0.0020780 seconds
281.396: Application time: 0.0794850 seconds
281.398: [GC [PSYoungGen: 89776K->5440K(96768K)] 111113K->26785K(317952K), 0.0016120 secs] [Times: user=0.00 sys=0.00, real=0.00 secs] 
281.399: Total time for which application threads were stopped: 0.0038730 seconds, Stopping threads took: 0.0021830 seconds
281.485: Application time: 0.0853370 seconds
281.488: [GC [PSYoungGen: 88384K->6432K(96768K)] 109729K->27785K(317952K), 0.0021700 secs] [Times: user=0.02 sys=0.00, real=0.00 secs] 
281.490: Total time for which application threads were stopped: 0.0054670 seconds, Stopping threads took: 0.0031920 seconds
281.570: Application time: 0.0800100 seconds
281.572: [GC [PSYoungGen: 89376K->7408K(96768K)] 110729K->28769K(317952K), 0.0025070 secs] [Times: user=0.02 sys=0.01, real=0.00 secs] 
281.575: Total time for which application threads were stopped: 0.0043830 seconds, Stopping threads took: 0.0017970 seconds
281.657: Application time: 0.0820710 seconds
281.659: [GC [PSYoungGen: 90352K->5664K(96768K)] 111713K->27033K(317952K), 0.0018800 secs] [Times: user=0.01 sys=0.00, real=0.00 secs] 
281.661: Total time for which application threads were stopped: 0.0039230 seconds, Stopping threads took: 0.0019350 seconds
281.746: Application time: 0.0852100 seconds
281.749: [GC [PSYoungGen: 88608K->4448K(96768K)] 109977K->25817K(317952K), 0.0014400 secs] [Times: user=0.01 sys=0.00, real=0.00 secs] 
281.750: Total time for which application threads were stopped: 0.0041280 seconds, Stopping threads took: 0.0026030 seconds
281.833: Application time: 0.0834520 seconds
281.836: [GC [PSYoungGen: 87392K->6512K(96768K)] 108761K->27881K(317952K), 0.0019390 secs] [Times: user=0.01 sys=0.00, real=0.00 secs] 
281.838: Total time for which application threads were stopped: 0.0042860 seconds, Stopping threads took: 0.0022630 seconds
281.918: Application time: 0.0799480 seconds
281.920: [GC [PSYoungGen: 89456K->7424K(96768K)] 110825K->28809K(317952K), 0.0024620 secs] [Times: user=0.02 sys=0.00, real=0.00 secs] 
281.923: Total time for which application threads were stopped: 0.0050760 seconds, Stopping threads took: 0.0025270 seconds
282.001: Application time: 0.0781960 seconds
282.003: [GC [PSYoungGen: 90368K->7600K(96768K)] 111753K->28993K(317952K), 0.0023900 secs] [Times: user=0.02 sys=0.00, real=0.00 secs] 
282.005: Total time for which application threads were stopped: 0.0042690 seconds, Stopping threads took: 0.0017920 seconds
282.086: Application time: 0.0808990 seconds
282.089: [GC [PSYoungGen: 90544K->6640K(96768K)] 111937K->28041K(317952K), 0.0019860 secs] [Times: user=0.01 sys=0.00, real=0.00 secs] 
282.091: Total time for which application threads were stopped: 0.0044120 seconds, Stopping threads took: 0.0023420 seconds
282.170: Application time: 0.0791950 seconds
282.173: [GC [PSYoungGen: 89584K->7552K(96768K)] 110985K->28961K(317952K), 0.0022640 secs] [Times: user=0.01 sys=0.00, real=0.00 secs] 
282.175: Total time for which application threads were stopped: 0.0050390 seconds, Stopping threads took: 0.0026910 seconds
282.256: Application time: 0.0808540 seconds
282.258: [GC [PSYoungGen: 90496K->7280K(96768K)] 111905K->28689K(317952K), 0.0022710 secs] [Times: user=0.02 sys=0.00, real=0.00 secs] 
282.260: Total time for which application threads were stopped: 0.0045810 seconds, Stopping threads took: 0.0022120 seconds
282.339: Application time: 0.0787660 seconds
282.342: [GC [PSYoungGen: 90224K->6944K(96768K)] 111633K->28353K(317952K), 0.0022140 secs] [Times: user=0.01 sys=0.00, real=0.00 secs] 
282.344: Total time for which application threads were stopped: 0.0050840 seconds, Stopping threads took: 0.0027760 seconds
282.419: Application time: 0.0751240 seconds
282.421: [GC [PSYoungGen: 89888K->8176K(96768K)] 111297K->29593K(317952K), 0.0024830 secs] [Times: user=0.02 sys=0.00, real=0.00 secs] 
282.424: Total time for which application threads were stopped: 0.0047990 seconds, Stopping threads took: 0.0022260 seconds
282.501: Application time: 0.0770620 seconds
282.504: [GC [PSYoungGen: 91120K->8160K(96768K)] 112537K->29585K(317952K), 0.0025200 secs] [Times: user=0.02 sys=0.00, real=0.00 secs] 
282.506: Total time for which application threads were stopped: 0.0052980 seconds, Stopping threads took: 0.0026900 seconds
282.584: Application time: 0.0778390 seconds
282.586: [GC [PSYoungGen: 91104K->6656K(96768K)] 112529K->28097K(317952K), 0.0021450 secs] [Times: user=0.01 sys=0.00, real=0.01 secs] 
282.588: Total time for which application threads were stopped: 0.0035720 seconds, Stopping threads took: 0.0013420 seconds
282.671: Application time: 0.0835940 seconds
282.672: [GC [PSYoungGen: 89600K->4944K(96768K)] 111041K->26393K(317952K), 0.0016380 secs] [Times: user=0.01 sys=0.00, real=0.00 secs] 
282.673: Total time for which application threads were stopped: 0.0018440 seconds, Stopping threads took: 0.0001330 seconds
282.756: Application time: 0.0826820 seconds
282.759: [GC [PSYoungGen: 87888K->7248K(96768K)] 109337K->28697K(317952K), 0.0021980 secs] [Times: user=0.02 sys=0.00, real=0.00 secs] 
282.761: Total time for which application threads were stopped: 0.0049410 seconds, Stopping threads took: 0.0026450 seconds
282.839: Application time: 0.0783500 seconds
282.841: [GC [PSYoungGen: 90192K->7200K(96768K)] 111641K->28649K(317952K), 0.0021800 secs] [Times: user=0.02 sys=0.00, real=0.00 secs] 
282.844: Total time for which application threads were stopped: 0.0044650 seconds, Stopping threads took: 0.0021970 seconds
282.935: Application time: 0.0909430 seconds
282.935: [GC [PSYoungGen: 90144K->5488K(96768K)] 111593K->26945K(317952K), 0.0017930 secs] [Times: user=0.01 sys=0.00, real=0.00 secs] 
282.937: Total time for which application threads were stopped: 0.0023660 seconds, Stopping threads took: 0.0004820 seconds
283.027: Application time: 0.0901460 seconds
283.027: [GC [PSYoungGen: 88432K->3680K(96768K)] 109889K->25145K(317952K), 0.0012090 secs] [Times: user=0.00 sys=0.00, real=0.00 secs] 
283.029: Total time for which application threads were stopped: 0.0015270 seconds, Stopping threads took: 0.0002510 seconds
283.112: Application time: 0.0835000 seconds
283.115: [GC [PSYoungGen: 86624K->6448K(96768K)] 108089K->27921K(317952K), 0.0019650 secs] [Times: user=0.01 sys=0.00, real=0.01 secs] 
283.117: Total time for which application threads were stopped: 0.0045770 seconds, Stopping threads took: 0.0025290 seconds
283.196: Application time: 0.0789920 seconds
283.198: [GC [PSYoungGen: 89392K->8384K(96768K)] 110865K->29873K(317952K), 0.0025200 secs] [Times: user=0.02 sys=0.00, real=0.00 secs] 
283.201: Total time for which application threads were stopped: 0.0051890 seconds, Stopping threads took: 0.0025860 seconds
283.281: Application time: 0.0803080 seconds
283.284: [GC [PSYoungGen: 91328K->7472K(96768K)] 112817K->28969K(317952K), 0.0023550 secs] [Times: user=0.02 sys=0.00, real=0.00 secs] 
283.286: Total time for which application threads were stopped: 0.0050700 seconds, Stopping threads took: 0.0026230 seconds
283.364: Application time: 0.0777820 seconds
283.367: [GC [PSYoungGen: 90416K->6528K(96768K)] 111913K->28025K(317952K), 0.0019290 secs] [Times: user=0.01 sys=0.00, real=0.00 secs] 
283.369: Total time for which application threads were stopped: 0.0052690 seconds, Stopping threads took: 0.0032530 seconds
283.448: Application time: 0.0789500 seconds
283.450: [GC [PSYoungGen: 89472K->7504K(96768K)] 110969K->29009K(317952K), 0.0022310 secs] [Times: user=0.01 sys=0.00, real=0.00 secs] 
283.452: Total time for which application threads were stopped: 0.0039360 seconds, Stopping threads took: 0.0016180 seconds
283.531: Application time: 0.0787910 seconds
283.533: [GC [PSYoungGen: 90448K->8208K(96768K)] 111953K->29721K(317952K), 0.0025040 secs] [Times: user=0.02 sys=0.00, real=0.01 secs] 
283.536: Total time for which application threads were stopped: 0.0045570 seconds, Stopping threads took: 0.0019670 seconds
283.615: Application time: 0.0792730 seconds
283.617: [GC [PSYoungGen: 91152K->6720K(96768K)] 112665K->28241K(317952K), 0.0021190 secs] [Times: user=0.02 sys=0.00, real=0.00 secs] 
283.619: Total time for which application threads were stopped: 0.0037660 seconds, Stopping threads took: 0.0015400 seconds
283.697: Application time: 0.0787870 seconds
283.699: [GC [PSYoungGen: 89664K->6496K(96768K)] 111185K->28025K(317952K), 0.0019370 secs] [Times: user=0.02 sys=0.00, real=0.00 secs] 
283.701: Total time for which application threads were stopped: 0.0036680 seconds, Stopping threads took: 0.0016470 seconds
283.775: Application time: 0.0736690 seconds
283.777: [GC [PSYoungGen: 89440K->7536K(96768K)] 110969K->29073K(317952K), 0.0022730 secs] [Times: user=0.01 sys=0.00, real=0.00 secs] 
283.779: Total time for which application threads were stopped: 0.0042360 seconds, Stopping threads took: 0.0018840 seconds
283.852: Application time: 0.0732820 seconds
283.855: [GC [PSYoungGen: 90480K->7456K(96768K)] 112017K->28993K(317952K), 0.0023730 secs] [Times: user=0.01 sys=0.00, real=0.01 secs] 
283.857: Total time for which application threads were stopped: 0.0051090 seconds, Stopping threads took: 0.0026440 seconds
283.935: Application time: 0.0772550 seconds
283.937: [GC [PSYoungGen: 90400K->8096K(96768K)] 111937K->29633K(317952K), 0.0024630 secs] [Times: user=0.02 sys=0.00, real=0.00 secs] 
283.940: Total time for which application threads were stopped: 0.0050980 seconds, Stopping threads took: 0.0025490 seconds
284.015: Application time: 0.0748830 seconds
284.017: [GC [PSYoungGen: 91040K->7968K(96768K)] 112577K->29513K(317952K), 0.0023970 secs] [Times: user=0.02 sys=0.00, real=0.00 secs] 
284.019: Total time for which application threads were stopped: 0.0043040 seconds, Stopping threads took: 0.0018250 seconds
284.093: Application time: 0.0737760 seconds
284.095: [GC [PSYoungGen: 90912K->7328K(96768K)] 112457K->28881K(317952K), 0.0022320 secs] [Times: user=0.02 sys=0.00, real=0.00 secs] 
284.098: Total time for which application threads were stopped: 0.0049960 seconds, Stopping threads took: 0.0026800 seconds
284.173: Application time: 0.0749140 seconds
284.175: [GC [PSYoungGen: 90272K->6768K(96768K)] 111825K->28329K(317952K), 0.0019880 secs] [Times: user=0.01 sys=0.00, real=0.00 secs] 
284.177: Total time for which application threads were stopped: 0.0046330 seconds, Stopping threads took: 0.0025600 seconds
284.249: Application time: 0.0716870 seconds
284.251: [GC [PSYoungGen: 89712K->6896K(96768K)] 111273K->28465K(317952K), 0.0020410 secs] [Times: user=0.02 sys=0.00, real=0.00 secs] 
284.253: Total time for which application threads were stopped: 0.0043700 seconds, Stopping threads took: 0.0022440 seconds
284.330: Application time: 0.0762400 seconds
284.331: [GC [PSYoungGen: 89840K->6608K(96768K)] 111409K->28177K(317952K), 0.0019830 secs] [Times: user=0.02 sys=0.00, real=0.00 secs] 
284.333: Total time for which application threads were stopped: 0.0036230 seconds, Stopping threads took: 0.0015600 seconds
284.404: Application time: 0.0707030 seconds
284.407: [GC [PSYoungGen: 89552K->7408K(96768K)] 111121K->28977K(317952K), 0.0022590 secs] [Times: user=0.02 sys=0.00, real=0.01 secs] 
284.409: Total time for which application threads were stopped: 0.0049290 seconds, Stopping threads took: 0.0025780 seconds
284.485: Application time: 0.0759760 seconds
284.487: [GC [PSYoungGen: 90352K->6016K(96768K)] 111921K->27593K(317952K), 0.0018700 secs] [Times: user=0.01 sys=0.01, real=0.01 secs] 
284.489: Total time for which application threads were stopped: 0.0041590 seconds, Stopping threads took: 0.0022100 seconds
284.569: Application time: 0.0795060 seconds
284.571: [GC [PSYoungGen: 88960K->5152K(96768K)] 110537K->26737K(317952K), 0.0015620 secs] [Times: user=0.01 sys=0.00, real=0.00 secs] 
284.573: Total time for which application threads were stopped: 0.0039740 seconds, Stopping threads took: 0.0023320 seconds
284.648: Application time: 0.0754330 seconds
284.649: [GC [PSYoungGen: 88096K->6064K(96768K)] 109681K->27665K(317952K), 0.0018050 secs] [Times: user=0.01 sys=0.00, real=0.00 secs] 
284.651: Total time for which application threads were stopped: 0.0032480 seconds, Stopping threads took: 0.0013530 seconds
284.727: Application time: 0.0761130 seconds
284.730: [GC [PSYoungGen: 89008K->6048K(96768K)] 110609K->27657K(317952K), 0.0018730 secs] [Times: user=0.01 sys=0.00, real=0.00 secs] 
284.732: Total time for which application threads were stopped: 0.0044140 seconds, Stopping threads took: 0.0024550 seconds
284.809: Application time: 0.0770480 seconds
284.812: [GC [PSYoungGen: 88992K->8400K(96768K)] 110601K->30009K(317952K), 0.0025540 secs] [Times: user=0.02 sys=0.00, real=0.00 secs] 
284.815: Total time for which application threads were stopped: 0.0057590 seconds, Stopping threads took: 0.0031270 seconds
284.889: Application time: 0.0741620 seconds
284.891: [GC [PSYoungGen: 91344K->8016K(96768K)] 112953K->29625K(317952K), 0.0024980 secs] [Times: user=0.01 sys=0.01, real=0.00 secs] 
284.894: Total time for which application threads were stopped: 0.0050380 seconds, Stopping threads took: 0.0024590 seconds
284.970: Application time: 0.0760310 seconds
284.971: [GC [PSYoungGen: 90960K->7088K(96768K)] 112569K->28705K(317952K), 0.0020850 secs] [Times: user=0.02 sys=0.00, real=0.00 secs] 
284.973: Total time for which application threads were stopped: 0.0035520 seconds, Stopping threads took: 0.0013780 seconds
285.051: Application time: 0.0780600 seconds
285.054: [GC [PSYoungGen: 90032K->7040K(96768K)] 111649K->28665K(317952K), 0.0021460 secs] [Times: user=0.02 sys=0.00, real=0.01 secs] 
285.056: Total time for which application threads were stopped: 0.0044170 seconds, Stopping threads took: 0.0021880 seconds
285.132: Application time: 0.0766470 seconds
285.135: [GC [PSYoungGen: 89984K->6208K(96768K)] 111609K->27841K(317952K), 0.0020090 secs] [Times: user=0.01 sys=0.00, real=0.00 secs] 
285.137: Total time for which application threads were stopped: 0.0050170 seconds, Stopping threads took: 0.0029290 seconds
285.211: Application time: 0.0731100 seconds
285.213: [GC [PSYoungGen: 89152K->6400K(96768K)] 110785K->28041K(317952K), 0.0018280 secs] [Times: user=0.01 sys=0.00, real=0.00 secs] 
285.215: Total time for which application threads were stopped: 0.0044760 seconds, Stopping threads took: 0.0025650 seconds
285.291: Application time: 0.0757950 seconds
285.293: [GC [PSYoungGen: 89344K->7360K(96768K)] 110985K->29001K(317952K), 0.0021990 secs] [Times: user=0.02 sys=0.00, real=0.00 secs] 
285.295: Total time for which application threads were stopped: 0.0043020 seconds, Stopping threads took: 0.0020120 seconds
285.372: Application time: 0.0773010 seconds
285.374: [GC [PSYoungGen: 90304K->7472K(96768K)] 111945K->29113K(317952K), 0.0022240 secs] [Times: user=0.01 sys=0.00, real=0.01 secs] 
285.376: Total time for which application threads were stopped: 0.0035140 seconds, Stopping threads took: 0.0012080 seconds
285.454: Application time: 0.0778120 seconds
285.454: [GC [PSYoungGen: 90416K->5504K(96768K)] 112057K->27153K(317952K), 0.0017620 secs] [Times: user=0.02 sys=0.00, real=0.01 secs] 
285.456: Total time for which application threads were stopped: 0.0021260 seconds, Stopping threads took: 0.0002850 seconds
285.539: Application time: 0.0826340 seconds
285.540: [GC [PSYoungGen: 88448K->3888K(96768K)] 110097K->25545K(317952K), 0.0012560 secs] [Times: user=0.00 sys=0.00, real=0.00 secs] 
285.541: Total time for which application threads were stopped: 0.0025530 seconds, Stopping threads took: 0.0012220 seconds
285.614: Application time: 0.0732430 seconds
285.616: [GC [PSYoungGen: 86832K->7984K(96768K)] 108489K->29649K(317952K), 0.0024020 secs] [Times: user=0.02 sys=0.00, real=0.00 secs] 
285.619: Total time for which application threads were stopped: 0.0041740 seconds, Stopping threads took: 0.0016850 seconds
285.694: Application time: 0.0759080 seconds
285.696: [GC [PSYoungGen: 90928K->6784K(96768K)] 112593K->28465K(317952K), 0.0020980 secs] [Times: user=0.01 sys=0.00, real=0.00 secs] 
285.698: Total time for which application threads were stopped: 0.0032610 seconds, Stopping threads took: 0.0010770 seconds
285.776: Application time: 0.0780770 seconds
285.777: [GC [PSYoungGen: 89728K->4864K(96768K)] 111409K->26553K(317952K), 0.0015450 secs] [Times: user=0.01 sys=0.00, real=0.00 secs] 
285.779: Total time for which application threads were stopped: 0.0027180 seconds, Stopping threads took: 0.0011000 seconds
285.856: Application time: 0.0771400 seconds
285.857: [GC [PSYoungGen: 87808K->6272K(96768K)] 109497K->27961K(317952K), 0.0019330 secs] [Times: user=0.01 sys=0.00, real=0.00 secs] 
285.859: Total time for which application threads were stopped: 0.0037640 seconds, Stopping threads took: 0.0017510 seconds
285.935: Application time: 0.0759680 seconds
285.937: [GC [PSYoungGen: 89216K->5632K(96768K)] 110905K->27321K(317952K), 0.0017850 secs] [Times: user=0.01 sys=0.00, real=0.00 secs] 
285.939: Total time for which application threads were stopped: 0.0034390 seconds, Stopping threads took: 0.0015760 seconds
286.015: Application time: 0.0765660 seconds
286.016: [GC [PSYoungGen: 88576K->5568K(96768K)] 110265K->27265K(317952K), 0.0017410 secs] [Times: user=0.01 sys=0.00, real=0.00 secs] 
286.018: Total time for which application threads were stopped: 0.0022960 seconds, Stopping threads took: 0.0004740 seconds
286.093: Application time: 0.0755880 seconds
286.096: [GC [PSYoungGen: 88512K->5440K(96768K)] 110209K->27145K(317952K), 0.0016840 secs] [Times: user=0.01 sys=0.00, real=0.00 secs] 
286.097: Total time for which application threads were stopped: 0.0041230 seconds, Stopping threads took: 0.0023450 seconds
286.174: Application time: 0.0761600 seconds
286.176: [GC [PSYoungGen: 88384K->6432K(96768K)] 110089K->28145K(317952K), 0.0019060 secs] [Times: user=0.01 sys=0.00, real=0.00 secs] 
286.178: Total time for which application threads were stopped: 0.0048110 seconds, Stopping threads took: 0.0028050 seconds
286.256: Application time: 0.0775070 seconds
286.259: [GC [PSYoungGen: 89376K->7024K(96768K)] 111089K->28745K(317952K), 0.0021330 secs] [Times: user=0.02 sys=0.00, real=0.00 secs] 
286.261: Total time for which application threads were stopped: 0.0052450 seconds, Stopping threads took: 0.0030300 seconds
286.339: Application time: 0.0782400 seconds
286.341: [GC [PSYoungGen: 89968K->5824K(96768K)] 111689K->27545K(317952K), 0.0017630 secs] [Times: user=0.01 sys=0.00, real=0.00 secs] 
286.343: Total time for which application threads were stopped: 0.0031550 seconds, Stopping threads took: 0.0013090 seconds
286.421: Application time: 0.0788380 seconds
286.423: [GC [PSYoungGen: 88768K->4416K(96768K)] 110489K->26137K(317952K), 0.0012930 secs] [Times: user=0.01 sys=0.00, real=0.00 secs] 
286.425: Total time for which application threads were stopped: 0.0033190 seconds, Stopping threads took: 0.0019520 seconds
286.500: Application time: 0.0750400 seconds
286.502: [GC [PSYoungGen: 87360K->5792K(96768K)] 109081K->27521K(317952K), 0.0017610 secs] [Times: user=0.01 sys=0.00, real=0.00 secs] 
286.504: Total time for which application threads were stopped: 0.0042270 seconds, Stopping threads took: 0.0023860 seconds
286.581: Application time: 0.0772570 seconds
286.584: [GC [PSYoungGen: 88736K->6512K(96768K)] 110465K->28249K(317952K), 0.0020110 secs] [Times: user=0.01 sys=0.00, real=0.00 secs] 
286.586: Total time for which application threads were stopped: 0.0045290 seconds, Stopping threads took: 0.0024330 seconds
286.663: Application time: 0.0775520 seconds
286.666: [GC [PSYoungGen: 89456K->5616K(96768K)] 111193K->27361K(317952K), 0.0017650 secs] [Times: user=0.01 sys=0.00, real=0.01 secs] 
286.668: Total time for which application threads were stopped: 0.0042130 seconds, Stopping threads took: 0.0023560 seconds
286.742: Application time: 0.0740520 seconds
286.743: [GC [PSYoungGen: 88560K->6912K(96768K)] 110305K->28665K(317952K), 0.0020500 secs] [Times: user=0.02 sys=0.00, real=0.00 secs] 
286.745: Total time for which application threads were stopped: 0.0036980 seconds, Stopping threads took: 0.0015660 seconds
286.823: Application time: 0.0772560 seconds
286.824: [GC [PSYoungGen: 89856K->6064K(96768K)] 111609K->27817K(317952K), 0.0018630 secs] [Times: user=0.01 sys=0.00, real=0.00 secs] 
286.826: Total time for which application threads were stopped: 0.0030590 seconds, Stopping threads took: 0.0011160 seconds
286.900: Application time: 0.0744210 seconds
286.903: [GC [PSYoungGen: 89008K->7648K(96768K)] 110761K->29401K(317952K), 0.0022850 secs] [Times: user=0.01 sys=0.00, real=0.00 secs] 
286.905: Total time for which application threads were stopped: 0.0049030 seconds, Stopping threads took: 0.0025340 seconds
286.984: Application time: 0.0786920 seconds
286.987: [GC [PSYoungGen: 90592K->6768K(96768K)] 112345K->28529K(317952K), 0.0020530 secs] [Times: user=0.02 sys=0.00, real=0.01 secs] 
286.989: Total time for which application threads were stopped: 0.0049700 seconds, Stopping threads took: 0.0028120 seconds
287.066: Application time: 0.0769290 seconds
287.067: [GC [PSYoungGen: 89712K->6512K(96768K)] 111473K->28281K(317952K), 0.0021790 secs] [Times: user=0.01 sys=0.00, real=0.01 secs] 
287.069: Total time for which application threads were stopped: 0.0033720 seconds, Stopping threads took: 0.0011110 seconds
287.145: Application time: 0.0763650 seconds
287.147: [GC [PSYoungGen: 89456K->5760K(96768K)] 111225K->27537K(317952K), 0.0017090 secs] [Times: user=0.01 sys=0.00, real=0.01 secs] 
287.149: Total time for which application threads were stopped: 0.0035300 seconds, Stopping threads took: 0.0017380 seconds
287.222: Application time: 0.0730440 seconds
287.224: [GC [PSYoungGen: 88704K->6944K(96768K)] 110481K->28729K(317952K), 0.0021140 secs] [Times: user=0.01 sys=0.00, real=0.00 secs] 
287.226: Total time for which application threads were stopped: 0.0040900 seconds, Stopping threads took: 0.0018880 seconds
287.300: Application time: 0.0740180 seconds
287.302: [GC [PSYoungGen: 89888K->7152K(96768K)] 111673K->28937K(317952K), 0.0022000 secs] [Times: user=0.01 sys=0.00, real=0.00 secs] 
287.304: Total time for which application threads were stopped: 0.0045090 seconds, Stopping threads took: 0.0022240 seconds
287.379: Application time: 0.0745490 seconds
287.383: [GC [PSYoungGen: 90096K->7824K(96768K)] 111881K->29609K(317952K), 0.0024180 secs] [Times: user=0.01 sys=0.00, real=0.00 secs] 
287.386: Total time for which application threads were stopped: 0.0067540 seconds, Stopping threads took: 0.0042270 seconds
287.468: Application time: 0.0822830 seconds
287.471: [GC [PSYoungGen: 90768K->5424K(96768K)] 112553K->27217K(317952K), 0.0016990 secs] [Times: user=0.01 sys=0.00, real=0.00 secs] 
287.472: Total time for which application threads were stopped: 0.0042800 seconds, Stopping threads took: 0.0024820 seconds
287.543: Application time: 0.0703170 seconds
287.545: [GC [PSYoungGen: 88368K->8368K(96768K)] 110161K->30169K(317952K), 0.0025500 secs] [Times: user=0.02 sys=0.00, real=0.00 secs] 
287.547: Total time for which application threads were stopped: 0.0044480 seconds, Stopping threads took: 0.0018140 seconds
287.622: Application time: 0.0745210 seconds
287.625: [GC [PSYoungGen: 91312K->8256K(96768K)] 113113K->30065K(317952K), 0.0024930 secs] [Times: user=0.02 sys=0.00, real=0.00 secs] 
287.627: Total time for which application threads were stopped: 0.0054310 seconds, Stopping threads took: 0.0028630 seconds
287.707: Application time: 0.0800550 seconds
287.708: [GC [PSYoungGen: 91200K->5568K(96768K)] 113009K->27385K(317952K), 0.0016990 secs] [Times: user=0.02 sys=0.00, real=0.00 secs] 
287.710: Total time for which application threads were stopped: 0.0027050 seconds, Stopping threads took: 0.0009260 seconds
287.792: Application time: 0.0820660 seconds
287.794: [GC [PSYoungGen: 88512K->4992K(96768K)] 110329K->26809K(317952K), 0.0015220 secs] [Times: user=0.01 sys=0.00, real=0.01 secs] 
287.796: Total time for which application threads were stopped: 0.0041170 seconds, Stopping threads took: 0.0024950 seconds
287.878: Application time: 0.0824020 seconds
287.881: [GC [PSYoungGen: 87936K->6624K(96768K)] 109753K->28441K(317952K), 0.0020230 secs] [Times: user=0.01 sys=0.01, real=0.00 secs] 
287.883: Total time for which application threads were stopped: 0.0047640 seconds, Stopping threads took: 0.0026470 seconds
287.962: Application time: 0.0786500 seconds
287.964: [GC [PSYoungGen: 89568K->6320K(96768K)] 111385K->28137K(317952K), 0.0019190 secs] [Times: user=0.01 sys=0.00, real=0.00 secs] 
287.966: Total time for which application threads were stopped: 0.0036770 seconds, Stopping threads took: 0.0016770 seconds
288.044: Application time: 0.0779960 seconds
288.046: [GC [PSYoungGen: 89264K->7472K(96768K)] 111081K->29297K(317952K), 0.0022910 secs] [Times: user=0.02 sys=0.00, real=0.01 secs] 
288.048: Total time for which application threads were stopped: 0.0045230 seconds, Stopping threads took: 0.0021450 seconds
288.126: Application time: 0.0779290 seconds
288.128: [GC [PSYoungGen: 90416K->7024K(96768K)] 112241K->28857K(317952K), 0.0021610 secs] [Times: user=0.01 sys=0.00, real=0.00 secs] 
288.130: Total time for which application threads were stopped: 0.0044020 seconds, Stopping threads took: 0.0021570 seconds
288.211: Application time: 0.0801230 seconds
288.213: [GC [PSYoungGen: 89968K->7472K(96768K)] 111801K->29313K(317952K), 0.0022960 secs] [Times: user=0.02 sys=0.00, real=0.01 secs] 
288.216: Total time for which application threads were stopped: 0.0050600 seconds, Stopping threads took: 0.0026800 seconds
288.301: Application time: 0.0857180 seconds
288.302: [GC [PSYoungGen: 90416K->7104K(96768K)] 112257K->28953K(317952K), 0.0021920 secs] [Times: user=0.01 sys=0.00, real=0.00 secs] 
288.305: Total time for which application threads were stopped: 0.0032160 seconds, Stopping threads took: 0.0009340 seconds
288.383: Application time: 0.0785270 seconds
288.385: [GC [PSYoungGen: 90048K->7376K(96768K)] 111897K->29225K(317952K), 0.0022340 secs] [Times: user=0.01 sys=0.00, real=0.01 secs] 
288.388: Total time for which application threads were stopped: 0.0046810 seconds, Stopping threads took: 0.0023670 seconds
288.467: Application time: 0.0790170 seconds
288.469: [GC [PSYoungGen: 90320K->7200K(96768K)] 112169K->29049K(317952K), 0.0022430 secs] [Times: user=0.01 sys=0.01, real=0.00 secs] 
288.471: Total time for which application threads were stopped: 0.0047190 seconds, Stopping threads took: 0.0023910 seconds
288.547: Application time: 0.0758160 seconds
288.549: [GC [PSYoungGen: 90144K->7904K(96768K)] 111993K->29761K(317952K), 0.0023840 secs] [Times: user=0.02 sys=0.00, real=0.00 secs] 
288.552: Total time for which application threads were stopped: 0.0046380 seconds, Stopping threads took: 0.0021720 seconds
288.632: Application time: 0.0797340 seconds
288.633: [GC [PSYoungGen: 90848K->6080K(96768K)] 112705K->27945K(317952K), 0.0019220 secs] [Times: user=0.02 sys=0.00, real=0.01 secs] 
288.635: Total time for which application threads were stopped: 0.0035670 seconds, Stopping threads took: 0.0015620 seconds
288.719: Application time: 0.0840380 seconds
288.722: [GC [PSYoungGen: 89024K->6192K(96768K)] 110889K->28073K(317952K), 0.0018330 secs] [Times: user=0.01 sys=0.00, real=0.00 secs] 
288.724: Total time for which application threads were stopped: 0.0048460 seconds, Stopping threads took: 0.0029320 seconds
288.805: Application time: 0.0806030 seconds
288.808: [GC [PSYoungGen: 89136K->6352K(96768K)] 111017K->28241K(317952K), 0.0019610 secs] [Times: user=0.02 sys=0.00, real=0.00 secs] 
288.810: Total time for which application threads were stopped: 0.0047910 seconds, Stopping threads took: 0.0027410 seconds
288.889: Application time: 0.0797570 seconds
288.892: [GC [PSYoungGen: 89296K->7088K(96768K)] 111185K->28977K(317952K), 0.0020370 secs] [Times: user=0.01 sys=0.00, real=0.00 secs] 
288.894: Total time for which application threads were stopped: 0.0047400 seconds, Stopping threads took: 0.0026150 seconds
288.976: Application time: 0.0821580 seconds
288.979: [GC [PSYoungGen: 90032K->6560K(96768K)] 111921K->28449K(317952K), 0.0019290 secs] [Times: user=0.01 sys=0.00, real=0.00 secs] 
288.981: Total time for which application threads were stopped: 0.0052140 seconds, Stopping threads took: 0.0032030 seconds
289.061: Application time: 0.0796530 seconds
289.064: [GC [PSYoungGen: 89504K->7632K(96768K)] 111393K->29529K(317952K), 0.0023900 secs] [Times: user=0.01 sys=0.00, real=0.00 secs] 
289.066: Total time for which application threads were stopped: 0.0051660 seconds, Stopping threads took: 0.0026960 seconds
289.147: Application time: 0.0806860 seconds
289.149: [GC [PSYoungGen: 90576K->7072K(96768K)] 112473K->28977K(317952K), 0.0022270 secs] [Times: user=0.01 sys=0.00, real=0.00 secs] 
289.151: Total time for which application threads were stopped: 0.0039090 seconds, Stopping threads took: 0.0015980 seconds
289.231: Application time: 0.0798080 seconds
289.232: [GC [PSYoungGen: 90015K->6672K(96768K)] 111921K->28585K(317952K), 0.0020930 secs] [Times: user=0.01 sys=0.00, real=0.00 secs] 
289.234: Total time for which application threads were stopped: 0.0036490 seconds, Stopping threads took: 0.0014760 seconds
289.316: Application time: 0.0816810 seconds
289.318: [GC [PSYoungGen: 89616K->4704K(96768K)] 111529K->26633K(317952K), 0.0014660 secs] [Times: user=0.00 sys=0.00, real=0.00 secs] 
289.319: Total time for which application threads were stopped: 0.0033990 seconds, Stopping threads took: 0.0018520 seconds
289.400: Application time: 0.0811110 seconds
289.403: [GC [PSYoungGen: 87648K->6528K(96768K)] 109577K->28457K(317952K), 0.0020160 secs] [Times: user=0.01 sys=0.00, real=0.00 secs] 
289.405: Total time for which application threads were stopped: 0.0044630 seconds, Stopping threads took: 0.0023630 seconds
289.482: Application time: 0.0774680 seconds
289.484: [GC [PSYoungGen: 89472K->7616K(96768K)] 111401K->29545K(317952K), 0.0023580 secs] [Times: user=0.02 sys=0.00, real=0.00 secs] 
289.487: Total time for which application threads were stopped: 0.0042890 seconds, Stopping threads took: 0.0018460 seconds
289.565: Application time: 0.0782270 seconds
289.567: [GC [PSYoungGen: 90560K->7312K(96768K)] 112489K->29249K(317952K), 0.0022130 secs] [Times: user=0.01 sys=0.00, real=0.01 secs] 
289.569: Total time for which application threads were stopped: 0.0039260 seconds, Stopping threads took: 0.0016280 seconds
289.647: Application time: 0.0784260 seconds
289.650: [GC [PSYoungGen: 90256K->7120K(96768K)] 112193K->29065K(317952K), 0.0021130 secs] [Times: user=0.02 sys=0.00, real=0.00 secs] 
289.652: Total time for which application threads were stopped: 0.0048760 seconds, Stopping threads took: 0.0026770 seconds
289.732: Application time: 0.0802810 seconds
289.735: [GC [PSYoungGen: 90064K->5136K(96768K)] 112009K->27089K(317952K), 0.0016900 secs] [Times: user=0.01 sys=0.00, real=0.01 secs] 
289.737: Total time for which application threads were stopped: 0.0040760 seconds, Stopping threads took: 0.0023010 seconds
289.816: Application time: 0.0789780 seconds
289.818: [GC [PSYoungGen: 88080K->8048K(96768K)] 110033K->30009K(317952K), 0.0024910 secs] [Times: user=0.02 sys=0.00, real=0.00 secs] 
289.820: Total time for which application threads were stopped: 0.0048840 seconds, Stopping threads took: 0.0023060 seconds
289.901: Application time: 0.0808870 seconds
289.903: [GC [PSYoungGen: 90992K->6496K(96768K)] 112953K->28457K(317952K), 0.0020140 secs] [Times: user=0.01 sys=0.00, real=0.00 secs] 
289.905: Total time for which application threads were stopped: 0.0037100 seconds, Stopping threads took: 0.0016070 seconds
289.985: Application time: 0.0804620 seconds
289.988: [GC [PSYoungGen: 89440K->6848K(96768K)] 111401K->28809K(317952K), 0.0020930 secs] [Times: user=0.01 sys=0.00, real=0.00 secs] 
289.991: Total time for which application threads were stopped: 0.0050490 seconds, Stopping threads took: 0.0028670 seconds
290.070: Application time: 0.0795810 seconds
290.073: [GC [PSYoungGen: 89792K->7536K(96768K)] 111753K->29497K(317952K), 0.0022640 secs] [Times: user=0.01 sys=0.00, real=0.01 secs] 
290.075: Total time for which application threads were stopped: 0.0053630 seconds, Stopping threads took: 0.0030040 seconds
290.153: Application time: 0.0777430 seconds
290.155: [GC [PSYoungGen: 90480K->7824K(96768K)] 112441K->29793K(317952K), 0.0023580 secs] [Times: user=0.02 sys=0.00, real=0.00 secs] 
290.158: Total time for which application threads were stopped: 0.0046250 seconds, Stopping threads took: 0.0021830 seconds
290.234: Application time: 0.0759120 seconds
290.235: [GC [PSYoungGen: 90768K->6896K(96768K)] 112737K->28873K(317952K), 0.0020740 secs] [Times: user=0.02 sys=0.00, real=0.00 secs] 
290.237: Total time for which application threads were stopped: 0.0037110 seconds, Stopping threads took: 0.0015520 seconds
290.316: Application time: 0.0784150 seconds
290.319: [GC [PSYoungGen: 89840K->8368K(96768K)] 111817K->30353K(317952K), 0.0025180 secs] [Times: user=0.02 sys=0.00, real=0.00 secs] 
290.321: Total time for which application threads were stopped: 0.0052540 seconds, Stopping threads took: 0.0026490 seconds
290.400: Application time: 0.0793690 seconds
290.403: [GC [PSYoungGen: 91312K->6464K(96768K)] 113297K->28457K(317952K), 0.0019490 secs] [Times: user=0.01 sys=0.00, real=0.00 secs] 
290.405: Total time for which application threads were stopped: 0.0046630 seconds, Stopping threads took: 0.0026230 seconds
290.480: Application time: 0.0753300 seconds
290.483: [GC [PSYoungGen: 89408K->7024K(96768K)] 111401K->29017K(317952K), 0.0021240 secs] [Times: user=0.01 sys=0.00, real=0.00 secs] 
290.485: Total time for which application threads were stopped: 0.0046820 seconds, Stopping threads took: 0.0024680 seconds
290.567: Application time: 0.0822130 seconds
290.571: [GC [PSYoungGen: 89968K->4720K(96768K)] 111961K->26713K(317952K), 0.0014760 secs] [Times: user=0.01 sys=0.00, real=0.00 secs] 
290.572: Total time for which application threads were stopped: 0.0046760 seconds, Stopping threads took: 0.0031190 seconds
290.654: Application time: 0.0816730 seconds
290.656: [GC [PSYoungGen: 87664K->5664K(96768K)] 109657K->27665K(317952K), 0.0017370 secs] [Times: user=0.01 sys=0.00, real=0.00 secs] 
290.658: Total time for which application threads were stopped: 0.0040580 seconds, Stopping threads took: 0.0022410 seconds
290.737: Application time: 0.0788150 seconds
290.739: [GC [PSYoungGen: 88608K->7328K(96768K)] 110609K->29337K(317952K), 0.0022120 secs] [Times: user=0.02 sys=0.00, real=0.00 secs] 
290.741: Total time for which application threads were stopped: 0.0044970 seconds, Stopping threads took: 0.0021980 seconds
290.822: Application time: 0.0813640 seconds
290.824: [GC [PSYoungGen: 90272K->5392K(96768K)] 112281K->27409K(317952K), 0.0016740 secs] [Times: user=0.01 sys=0.00, real=0.00 secs] 
290.826: Total time for which application threads were stopped: 0.0034400 seconds, Stopping threads took: 0.0016890 seconds
290.906: Application time: 0.0805550 seconds
290.909: [GC [PSYoungGen: 88336K->7328K(96768K)] 110353K->29353K(317952K), 0.0021830 secs] [Times: user=0.02 sys=0.00, real=0.00 secs] 
290.911: Total time for which application threads were stopped: 0.0046680 seconds, Stopping threads took: 0.0023950 seconds
290.994: Application time: 0.0828670 seconds
290.995: [GC [PSYoungGen: 90272K->7664K(96768K)] 112297K->29689K(317952K), 0.0024150 secs] [Times: user=0.02 sys=0.00, real=0.00 secs] 
290.998: Total time for which application threads were stopped: 0.0036040 seconds, Stopping threads took: 0.0010880 seconds
291.075: Application time: 0.0776850 seconds
291.078: [GC [PSYoungGen: 90608K->8368K(96768K)] 112633K->30393K(317952K), 0.0024910 secs] [Times: user=0.02 sys=0.00, real=0.00 secs] 
291.080: Total time for which application threads were stopped: 0.0048770 seconds, Stopping threads took: 0.0023010 seconds
291.161: Application time: 0.0807280 seconds
291.163: [GC [PSYoungGen: 91312K->7680K(96768K)] 113337K->29713K(317952K), 0.0023140 secs] [Times: user=0.01 sys=0.01, real=0.00 secs] 
291.165: Total time for which application threads were stopped: 0.0045160 seconds, Stopping threads took: 0.0021180 seconds
291.247: Application time: 0.0813730 seconds
291.251: [GC [PSYoungGen: 90624K->6480K(96768K)] 112657K->28521K(317952K), 0.0020200 secs] [Times: user=0.01 sys=0.00, real=0.00 secs] 
291.253: Total time for which application threads were stopped: 0.0064840 seconds, Stopping threads took: 0.0043790 seconds
291.340: Application time: 0.0864700 seconds
291.342: [GC [PSYoungGen: 89424K->5712K(96768K)] 111465K->27761K(317952K), 0.0018410 secs] [Times: user=0.01 sys=0.00, real=0.00 secs] 
291.344: Total time for which application threads were stopped: 0.0040890 seconds, Stopping threads took: 0.0021520 seconds
291.427: Application time: 0.0832230 seconds
291.429: [GC [PSYoungGen: 88656K->7376K(96768K)] 110705K->29433K(317952K), 0.0023430 secs] [Times: user=0.02 sys=0.00, real=0.00 secs] 
291.432: Total time for which application threads were stopped: 0.0045680 seconds, Stopping threads took: 0.0021380 seconds
291.512: Application time: 0.0807740 seconds
291.514: [GC [PSYoungGen: 90320K->5600K(96768K)] 112377K->27657K(317952K), 0.0016870 secs] [Times: user=0.01 sys=0.00, real=0.01 secs] 
291.516: Total time for which application threads were stopped: 0.0037610 seconds, Stopping threads took: 0.0019820 seconds
291.600: Application time: 0.0836680 seconds
291.601: [GC [PSYoungGen: 88544K->5184K(96768K)] 110601K->27241K(317952K), 0.0016440 secs] [Times: user=0.01 sys=0.00, real=0.00 secs] 
291.602: Total time for which application threads were stopped: 0.0025860 seconds, Stopping threads took: 0.0008610 seconds
291.680: Application time: 0.0773420 seconds
291.682: [GC [PSYoungGen: 88128K->7312K(96768K)] 110185K->29377K(317952K), 0.0021590 secs] [Times: user=0.02 sys=0.00, real=0.00 secs] 
291.684: Total time for which application threads were stopped: 0.0041320 seconds, Stopping threads took: 0.0018880 seconds
291.760: Application time: 0.0762630 seconds
291.762: [GC [PSYoungGen: 90256K->6592K(96768K)] 112321K->28657K(317952K), 0.0019780 secs] [Times: user=0.02 sys=0.00, real=0.00 secs] 
291.764: Total time for which application threads were stopped: 0.0035430 seconds, Stopping threads took: 0.0014850 seconds
291.841: Application time: 0.0776070 seconds
291.843: [GC [PSYoungGen: 89536K->5664K(96768K)] 111601K->27737K(317952K), 0.0016080 secs] [Times: user=0.01 sys=0.00, real=0.00 secs] 
291.844: Total time for which application threads were stopped: 0.0030810 seconds, Stopping threads took: 0.0013960 seconds
291.921: Application time: 0.0766310 seconds
291.923: [GC [PSYoungGen: 88608K->7696K(96768K)] 110681K->29777K(317952K), 0.0023140 secs] [Times: user=0.02 sys=0.00, real=0.00 secs] 
291.925: Total time for which application threads were stopped: 0.0039390 seconds, Stopping threads took: 0.0015400 seconds
292.001: Application time: 0.0761950 seconds
292.004: [GC [PSYoungGen: 90640K->6784K(96768K)] 112721K->28865K(317952K), 0.0020780 secs] [Times: user=0.02 sys=0.00, real=0.00 secs] 
292.006: Total time for which application threads were stopped: 0.0049850 seconds, Stopping threads took: 0.0028280 seconds
292.084: Application time: 0.0775410 seconds
292.086: [GC [PSYoungGen: 89728K->5904K(96768K)] 111809K->27985K(317952K), 0.0017950 secs] [Times: user=0.02 sys=0.00, real=0.01 secs] 
292.088: Total time for which application threads were stopped: 0.0041090 seconds, Stopping threads took: 0.0022260 seconds
292.164: Application time: 0.0761620 seconds
292.165: [GC [PSYoungGen: 88848K->5168K(96768K)] 110929K->27249K(317952K), 0.0015960 secs] [Times: user=0.01 sys=0.00, real=0.00 secs] 
292.167: Total time for which application threads were stopped: 0.0029340 seconds, Stopping threads took: 0.0012610 seconds
292.244: Application time: 0.0772720 seconds
292.246: [GC [PSYoungGen: 88112K->5632K(96768K)] 110193K->27721K(317952K), 0.0018380 secs] [Times: user=0.01 sys=0.00, real=0.01 secs] 
292.248: Total time for which application threads were stopped: 0.0035900 seconds, Stopping threads took: 0.0016670 seconds
292.321: Application time: 0.0732560 seconds
292.323: [GC [PSYoungGen: 88576K->7216K(96768K)] 110665K->29313K(317952K), 0.0041200 secs] [Times: user=0.03 sys=0.00, real=0.01 secs] 
292.327: Total time for which application threads were stopped: 0.0063590 seconds, Stopping threads took: 0.0021500 seconds
292.401: Application time: 0.0736340 seconds
292.403: [GC [PSYoungGen: 90160K->6768K(96768K)] 112257K->28873K(317952K), 0.0020810 secs] [Times: user=0.02 sys=0.00, real=0.00 secs] 
292.405: Total time for which application threads were stopped: 0.0039760 seconds, Stopping threads took: 0.0018100 seconds
292.478: Application time: 0.0732060 seconds
292.480: [GC [PSYoungGen: 89712K->6768K(96768K)] 111817K->28873K(317952K), 0.0020700 secs] [Times: user=0.01 sys=0.00, real=0.00 secs] 
292.482: Total time for which application threads were stopped: 0.0035750 seconds, Stopping threads took: 0.0014200 seconds
292.557: Application time: 0.0751240 seconds
292.559: [GC [PSYoungGen: 89712K->5680K(96768K)] 111817K->27785K(317952K), 0.0017240 secs] [Times: user=0.01 sys=0.00, real=0.00 secs] 
292.560: Total time for which application threads were stopped: 0.0034230 seconds, Stopping threads took: 0.0016160 seconds
292.634: Application time: 0.0732140 seconds
292.635: [GC [PSYoungGen: 88624K->5888K(96768K)] 110729K->27993K(317952K), 0.0017250 secs] [Times: user=0.01 sys=0.00, real=0.01 secs] 
292.637: Total time for which application threads were stopped: 0.0031200 seconds, Stopping threads took: 0.0013080 seconds
292.711: Application time: 0.0737890 seconds
292.714: [GC [PSYoungGen: 88832K->7392K(96768K)] 110937K->29505K(317952K), 0.0022400 secs] [Times: user=0.01 sys=0.00, real=0.01 secs] 
292.716: Total time for which application threads were stopped: 0.0053320 seconds, Stopping threads took: 0.0030120 seconds
292.788: Application time: 0.0716510 seconds
292.789: [GC [PSYoungGen: 90336K->7184K(96768K)] 112449K->29305K(317952K), 0.0021960 secs] [Times: user=0.01 sys=0.00, real=0.00 secs] 
292.792: Total time for which application threads were stopped: 0.0040060 seconds, Stopping threads took: 0.0017300 seconds
292.865: Application time: 0.0732100 seconds
292.867: [GC [PSYoungGen: 90128K->8432K(96768K)] 112249K->30561K(317952K), 0.0025270 secs] [Times: user=0.02 sys=0.00, real=0.01 secs] 
292.870: Total time for which application threads were stopped: 0.0048710 seconds, Stopping threads took: 0.0022610 seconds
292.945: Application time: 0.0749530 seconds
292.947: [GC [PSYoungGen: 91376K->5600K(96768K)] 113505K->27745K(317952K), 0.0017950 secs] [Times: user=0.02 sys=0.00, real=0.01 secs] 
292.948: Total time for which application threads were stopped: 0.0039180 seconds, Stopping threads took: 0.0020420 seconds
293.025: Application time: 0.0761100 seconds
293.027: [GC [PSYoungGen: 88544K->6176K(96768K)] 110689K->28321K(317952K), 0.0018900 secs] [Times: user=0.02 sys=0.00, real=0.00 secs] 
293.029: Total time for which application threads were stopped: 0.0045150 seconds, Stopping threads took: 0.0025390 seconds
293.104: Application time: 0.0750200 seconds
293.106: [GC [PSYoungGen: 89120K->6336K(96768K)] 111265K->28481K(317952K), 0.0019270 secs] [Times: user=0.02 sys=0.00, real=0.01 secs] 
293.108: Total time for which application threads were stopped: 0.0039820 seconds, Stopping threads took: 0.0019740 seconds
293.183: Application time: 0.0751100 seconds
293.186: [GC [PSYoungGen: 89280K->7168K(96768K)] 111425K->29321K(317952K), 0.0021790 secs] [Times: user=0.02 sys=0.00, real=0.01 secs] 
293.188: Total time for which application threads were stopped: 0.0046150 seconds, Stopping threads took: 0.0023440 seconds
293.263: Application time: 0.0748740 seconds
293.264: [GC [PSYoungGen: 90112K->7440K(96768K)] 112265K->29601K(317952K), 0.0022590 secs] [Times: user=0.01 sys=0.00, real=0.00 secs] 
293.267: Total time for which application threads were stopped: 0.0040030 seconds, Stopping threads took: 0.0016610 seconds
293.342: Application time: 0.0750160 seconds
293.344: [GC [PSYoungGen: 90384K->7760K(96768K)] 112545K->29929K(317952K), 0.0025260 secs] [Times: user=0.01 sys=0.00, real=0.00 secs] 
293.347: Total time for which application threads were stopped: 0.0051830 seconds, Stopping threads took: 0.0025750 seconds
293.422: Application time: 0.0751840 seconds
293.425: [GC [PSYoungGen: 90704K->7664K(96768K)] 112873K->29849K(317952K), 0.0023790 secs] [Times: user=0.01 sys=0.00, real=0.00 secs] 
293.427: Total time for which application threads were stopped: 0.0050100 seconds, Stopping threads took: 0.0025500 seconds
293.500: Application time: 0.0731340 seconds
293.502: [GC [PSYoungGen: 90608K->7600K(96768K)] 112793K->29785K(317952K), 0.0028880 secs] [Times: user=0.02 sys=0.00, real=0.00 secs] 
293.505: Total time for which application threads were stopped: 0.0046990 seconds, Stopping threads took: 0.0017330 seconds
293.579: Application time: 0.0742820 seconds
293.581: [GC [PSYoungGen: 90544K->8368K(96768K)] 112729K->30553K(317952K), 0.0026280 secs] [Times: user=0.02 sys=0.00, real=0.00 secs] 
293.584: Total time for which application threads were stopped: 0.0048860 seconds, Stopping threads took: 0.0021530 seconds
293.662: Application time: 0.0781280 seconds
293.663: [GC [PSYoungGen: 91312K->7392K(96768K)] 113497K->29577K(317952K), 0.0022440 secs] [Times: user=0.01 sys=0.00, real=0.00 secs] 
293.665: Total time for which application threads were stopped: 0.0032090 seconds, Stopping threads took: 0.0008820 seconds
293.742: Application time: 0.0766380 seconds
293.744: [GC [PSYoungGen: 90336K->4752K(96768K)] 112521K->26945K(317952K), 0.0014480 secs] [Times: user=0.01 sys=0.00, real=0.00 secs] 
293.745: Total time for which application threads were stopped: 0.0032410 seconds, Stopping threads took: 0.0017080 seconds
293.823: Application time: 0.0773840 seconds
293.825: [GC [PSYoungGen: 87696K->7120K(96768K)] 109889K->29321K(317952K), 0.0022630 secs] [Times: user=0.01 sys=0.00, real=0.00 secs] 
293.827: Total time for which application threads were stopped: 0.0042060 seconds, Stopping threads took: 0.0018420 seconds
293.905: Application time: 0.0778900 seconds
293.907: [GC [PSYoungGen: 90064K->5664K(96768K)] 112265K->27873K(317952K), 0.0018150 secs] [Times: user=0.01 sys=0.01, real=0.00 secs] 
293.909: Total time for which application threads were stopped: 0.0044440 seconds, Stopping threads took: 0.0025500 seconds
293.987: Application time: 0.0781860 seconds
293.989: [GC [PSYoungGen: 88608K->5440K(96768K)] 110817K->27657K(317952K), 0.0016630 secs] [Times: user=0.01 sys=0.00, real=0.00 secs] 
293.991: Total time for which application threads were stopped: 0.0031650 seconds, Stopping threads took: 0.0014240 seconds
294.068: Application time: 0.0775160 seconds
294.070: [GC [PSYoungGen: 88384K->5488K(96768K)] 110601K->27705K(317952K), 0.0016830 secs] [Times: user=0.02 sys=0.00, real=0.00 secs] 
294.072: Total time for which application threads were stopped: 0.0036320 seconds, Stopping threads took: 0.0018700 seconds
294.146: Application time: 0.0736940 seconds
294.148: [GC [PSYoungGen: 88432K->7952K(96768K)] 110649K->30169K(317952K), 0.0022720 secs] [Times: user=0.01 sys=0.00, real=0.00 secs] 
294.150: Total time for which application threads were stopped: 0.0048870 seconds, Stopping threads took: 0.0025310 seconds
294.233: Application time: 0.0821650 seconds
294.234: [GC [PSYoungGen: 90896K->4112K(96768K)] 113113K->26337K(317952K), 0.0013010 secs] [Times: user=0.00 sys=0.00, real=0.01 secs] 
294.235: Total time for which application threads were stopped: 0.0028670 seconds, Stopping threads took: 0.0014920 seconds
294.311: Application time: 0.0758780 seconds
294.313: [GC [PSYoungGen: 87056K->7072K(96768K)] 109281K->29313K(317952K), 0.0021620 secs] [Times: user=0.02 sys=0.00, real=0.01 secs] 
294.316: Total time for which application threads were stopped: 0.0043840 seconds, Stopping threads took: 0.0021280 seconds
294.391: Application time: 0.0754070 seconds
294.393: [GC [PSYoungGen: 90016K->4656K(96768K)] 112257K->26905K(317952K), 0.0013830 secs] [Times: user=0.01 sys=0.00, real=0.00 secs] 
294.394: Total time for which application threads were stopped: 0.0030760 seconds, Stopping threads took: 0.0016210 seconds
294.473: Application time: 0.0788210 seconds
294.474: [GC [PSYoungGen: 87600K->4416K(96768K)] 109849K->26673K(317952K), 0.0013870 secs] [Times: user=0.00 sys=0.00, real=0.01 secs] 
294.475: Total time for which application threads were stopped: 0.0024350 seconds, Stopping threads took: 0.0009780 seconds
294.552: Application time: 0.0764550 seconds
294.554: [GC [PSYoungGen: 87360K->6848K(96768K)] 109617K->29105K(317952K), 0.0020750 secs] [Times: user=0.01 sys=0.00, real=0.01 secs] 
294.556: Total time for which application threads were stopped: 0.0039390 seconds, Stopping threads took: 0.0017810 seconds
294.631: Application time: 0.0749070 seconds
294.633: [GC [PSYoungGen: 89792K->6144K(96768K)] 112049K->28401K(317952K), 0.0017890 secs] [Times: user=0.02 sys=0.00, real=0.00 secs] 
294.635: Total time for which application threads were stopped: 0.0042010 seconds, Stopping threads took: 0.0023340 seconds
294.709: Application time: 0.0740830 seconds
294.711: [GC [PSYoungGen: 89088K->6960K(96768K)] 111345K->29225K(317952K), 0.0020930 secs] [Times: user=0.02 sys=0.00, real=0.00 secs] 
294.713: Total time for which application threads were stopped: 0.0039160 seconds, Stopping threads took: 0.0017430 seconds
294.790: Application time: 0.0766530 seconds
294.792: [GC [PSYoungGen: 89903K->6944K(96768K)] 112168K->29209K(317952K), 0.0021420 secs] [Times: user=0.01 sys=0.00, real=0.00 secs] 
294.794: Total time for which application threads were stopped: 0.0042290 seconds, Stopping threads took: 0.0020000 seconds
294.868: Application time: 0.0742940 seconds
294.870: [GC [PSYoungGen: 89888K->8224K(96768K)] 112153K->30497K(317952K), 0.0026000 secs] [Times: user=0.02 sys=0.00, real=0.00 secs] 
294.873: Total time for which application threads were stopped: 0.0047330 seconds, Stopping threads took: 0.0020380 seconds
294.948: Application time: 0.0752970 seconds
294.950: [GC [PSYoungGen: 91168K->6112K(96768K)] 113441K->28393K(317952K), 0.0018100 secs] [Times: user=0.02 sys=0.00, real=0.00 secs] 
294.952: Total time for which application threads were stopped: 0.0036190 seconds, Stopping threads took: 0.0017260 seconds
295.028: Application time: 0.0760820 seconds
295.029: [GC [PSYoungGen: 89056K->5344K(96768K)] 111337K->27625K(317952K), 0.0016310 secs] [Times: user=0.01 sys=0.00, real=0.00 secs] 
295.031: Total time for which application threads were stopped: 0.0027300 seconds, Stopping threads took: 0.0010230 seconds
295.108: Application time: 0.0772320 seconds
295.109: [GC [PSYoungGen: 88288K->6336K(96768K)] 110569K->28617K(317952K), 0.0019640 secs] [Times: user=0.01 sys=0.00, real=0.00 secs] 
295.111: Total time for which application threads were stopped: 0.0029730 seconds, Stopping threads took: 0.0009290 seconds
295.195: Application time: 0.0839470 seconds
295.197: [GC [PSYoungGen: 89280K->4544K(96768K)] 111561K->26833K(317952K), 0.0013480 secs] [Times: user=0.01 sys=0.00, real=0.00 secs] 
295.198: Total time for which application threads were stopped: 0.0033340 seconds, Stopping threads took: 0.0019120 seconds
295.280: Application time: 0.0817660 seconds
295.282: [GC [PSYoungGen: 87488K->5744K(96768K)] 109777K->28033K(317952K), 0.0017640 secs] [Times: user=0.01 sys=0.00, real=0.00 secs] 
295.284: Total time for which application threads were stopped: 0.0040820 seconds, Stopping threads took: 0.0022360 seconds
295.359: Application time: 0.0750620 seconds
295.362: [GC [PSYoungGen: 88688K->7840K(96768K)] 110977K->30137K(317952K), 0.0025210 secs] [Times: user=0.01 sys=0.00, real=0.00 secs] 
295.364: Total time for which application threads were stopped: 0.0053650 seconds, Stopping threads took: 0.0027610 seconds
295.441: Application time: 0.0764360 seconds
295.443: [GC [PSYoungGen: 90784K->7856K(96768K)] 113081K->30161K(317952K), 0.0024110 secs] [Times: user=0.02 sys=0.00, real=0.00 secs] 
295.445: Total time for which application threads were stopped: 0.0044990 seconds, Stopping threads took: 0.0019970 seconds
295.527: Application time: 0.0821410 seconds
295.529: [GC [PSYoungGen: 90800K->7664K(96768K)] 113105K->29977K(317952K), 0.0023100 secs] [Times: user=0.02 sys=0.00, real=0.00 secs] 
295.531: Total time for which application threads were stopped: 0.0034260 seconds, Stopping threads took: 0.0010310 seconds
295.614: Application time: 0.0833580 seconds
295.616: [GC [PSYoungGen: 90608K->5632K(96768K)] 112921K->27945K(317952K), 0.0017190 secs] [Times: user=0.01 sys=0.00, real=0.00 secs] 
295.618: Total time for which application threads were stopped: 0.0034490 seconds, Stopping threads took: 0.0016510 seconds
295.698: Application time: 0.0807660 seconds
295.700: [GC [PSYoungGen: 88576K->7312K(96768K)] 110889K->29625K(317952K), 0.0023500 secs] [Times: user=0.02 sys=0.00, real=0.00 secs] 
295.703: Total time for which application threads were stopped: 0.0042590 seconds, Stopping threads took: 0.0018050 seconds
295.781: Application time: 0.0780280 seconds
295.784: [GC [PSYoungGen: 90256K->7440K(96768K)] 112569K->29761K(317952K), 0.0024450 secs] [Times: user=0.01 sys=0.00, real=0.00 secs] 
295.786: Total time for which application threads were stopped: 0.0052940 seconds, Stopping threads took: 0.0027530 seconds
295.868: Application time: 0.0823410 seconds
295.870: [GC [PSYoungGen: 90384K->5648K(96768K)] 112705K->27977K(317952K), 0.0016800 secs] [Times: user=0.01 sys=0.00, real=0.00 secs] 
295.872: Total time for which application threads were stopped: 0.0037350 seconds, Stopping threads took: 0.0019770 seconds
295.950: Application time: 0.0777250 seconds
295.952: [GC [PSYoungGen: 88592K->7728K(96768K)] 110921K->30065K(317952K), 0.0023660 secs] [Times: user=0.02 sys=0.00, real=0.00 secs] 
295.955: Total time for which application threads were stopped: 0.0048390 seconds, Stopping threads took: 0.0023640 seconds
296.034: Application time: 0.0793510 seconds
296.036: [GC [PSYoungGen: 90672K->7680K(96768K)] 113009K->30025K(317952K), 0.0023640 secs] [Times: user=0.01 sys=0.00, real=0.00 secs] 
296.038: Total time for which application threads were stopped: 0.0043650 seconds, Stopping threads took: 0.0019180 seconds
296.120: Application time: 0.0819100 seconds
296.123: [GC [PSYoungGen: 90624K->5568K(96768K)] 112969K->27913K(317952K), 0.0016320 secs] [Times: user=0.01 sys=0.00, real=0.00 secs] 
296.125: Total time for which application threads were stopped: 0.0045220 seconds, Stopping threads took: 0.0028080 seconds
296.203: Application time: 0.0782390 seconds
296.205: [GC [PSYoungGen: 88512K->7248K(96768K)] 110857K->29593K(317952K), 0.0022220 secs] [Times: user=0.01 sys=0.00, real=0.01 secs] 
296.207: Total time for which application threads were stopped: 0.0041120 seconds, Stopping threads took: 0.0018020 seconds
296.287: Application time: 0.0794070 seconds
296.289: [GC [PSYoungGen: 90192K->6160K(96768K)] 112537K->28513K(317952K), 0.0019080 secs] [Times: user=0.01 sys=0.01, real=0.00 secs] 
296.291: Total time for which application threads were stopped: 0.0042010 seconds, Stopping threads took: 0.0022120 seconds
296.368: Application time: 0.0773910 seconds
296.370: [GC [PSYoungGen: 89104K->7488K(96768K)] 111457K->29849K(317952K), 0.0023490 secs] [Times: user=0.02 sys=0.00, real=0.00 secs] 
296.373: Total time for which application threads were stopped: 0.0044750 seconds, Stopping threads took: 0.0020460 seconds
296.454: Application time: 0.0808440 seconds
296.456: [GC [PSYoungGen: 90432K->5680K(96768K)] 112793K->28049K(317952K), 0.0017340 secs] [Times: user=0.01 sys=0.00, real=0.00 secs] 
296.457: Total time for which application threads were stopped: 0.0037830 seconds, Stopping threads took: 0.0019540 seconds
296.541: Application time: 0.0835920 seconds
296.542: [GC [PSYoungGen: 88624K->4768K(96768K)] 110993K->27145K(317952K), 0.0015310 secs] [Times: user=0.01 sys=0.00, real=0.00 secs] 
296.544: Total time for which application threads were stopped: 0.0025950 seconds, Stopping threads took: 0.0009870 seconds
296.623: Application time: 0.0797020 seconds
296.625: [GC [PSYoungGen: 87712K->7568K(96768K)] 110089K->29945K(317952K), 0.0022930 secs] [Times: user=0.02 sys=0.00, real=0.00 secs] 
296.627: Total time for which application threads were stopped: 0.0037540 seconds, Stopping threads took: 0.0013780 seconds
296.711: Application time: 0.0840460 seconds
296.714: [GC [PSYoungGen: 90512K->6464K(96768K)] 112889K->28841K(317952K), 0.0019030 secs] [Times: user=0.01 sys=0.00, real=0.01 secs] 
296.716: Total time for which application threads were stopped: 0.0050670 seconds, Stopping threads took: 0.0030780 seconds
296.797: Application time: 0.0807390 seconds
296.799: [GC [PSYoungGen: 89408K->6304K(96768K)] 111785K->28689K(317952K), 0.0019920 secs] [Times: user=0.02 sys=0.00, real=0.00 secs] 
296.801: Total time for which application threads were stopped: 0.0040090 seconds, Stopping threads took: 0.0019300 seconds
296.882: Application time: 0.0813390 seconds
296.884: [GC [PSYoungGen: 89248K->5488K(96768K)] 111633K->27889K(317952K), 0.0017140 secs] [Times: user=0.01 sys=0.00, real=0.00 secs] 
296.886: Total time for which application threads were stopped: 0.0035680 seconds, Stopping threads took: 0.0017680 seconds
296.967: Application time: 0.0816360 seconds
296.970: [GC [PSYoungGen: 88432K->6640K(96768K)] 110833K->29049K(317952K), 0.0019980 secs] [Times: user=0.01 sys=0.00, real=0.00 secs] 
296.972: Total time for which application threads were stopped: 0.0042210 seconds, Stopping threads took: 0.0021330 seconds
297.052: Application time: 0.0803670 seconds
297.055: [GC [PSYoungGen: 89584K->6832K(96768K)] 111993K->29249K(317952K), 0.0020940 secs] [Times: user=0.01 sys=0.00, real=0.01 secs] 
297.057: Total time for which application threads were stopped: 0.0052400 seconds, Stopping threads took: 0.0030640 seconds
297.138: Application time: 0.0811570 seconds
297.140: [GC [PSYoungGen: 89776K->6816K(96768K)] 112193K->29233K(317952K), 0.0020340 secs] [Times: user=0.01 sys=0.00, real=0.00 secs] 
297.142: Total time for which application threads were stopped: 0.0038040 seconds, Stopping threads took: 0.0016890 seconds
297.226: Application time: 0.0841630 seconds
297.229: [GC [PSYoungGen: 89760K->5312K(96768K)] 112177K->27729K(317952K), 0.0016050 secs] [Times: user=0.01 sys=0.00, real=0.00 secs] 
297.230: Total time for which application threads were stopped: 0.0038370 seconds, Stopping threads took: 0.0021530 seconds
297.314: Application time: 0.0840630 seconds
297.318: [GC [PSYoungGen: 88256K->6176K(96768K)] 110673K->28609K(317952K), 0.0018750 secs] [Times: user=0.01 sys=0.00, real=0.00 secs] 
297.320: Total time for which application threads were stopped: 0.0052450 seconds, Stopping threads took: 0.0032860 seconds
297.403: Application time: 0.0837000 seconds
297.406: [GC [PSYoungGen: 89118K->8016K(96768K)] 111551K->30457K(317952K), 0.0025190 secs] [Times: user=0.02 sys=0.00, real=0.01 secs] 
297.409: Total time for which application threads were stopped: 0.0055350 seconds, Stopping threads took: 0.0029270 seconds
297.487: Application time: 0.0785120 seconds
297.490: [GC [PSYoungGen: 90960K->8080K(96768K)] 113401K->30529K(317952K), 0.0025010 secs] [Times: user=0.02 sys=0.00, real=0.00 secs] 
297.493: Total time for which application threads were stopped: 0.0053500 seconds, Stopping threads took: 0.0027540 seconds
297.572: Application time: 0.0798760 seconds
297.574: [GC [PSYoungGen: 91024K->6080K(96768K)] 113473K->28545K(317952K), 0.0018520 secs] [Times: user=0.01 sys=0.00, real=0.01 secs] 
297.576: Total time for which application threads were stopped: 0.0033760 seconds, Stopping threads took: 0.0014370 seconds
297.659: Application time: 0.0827670 seconds
297.660: [GC [PSYoungGen: 89024K->5840K(96768K)] 111489K->28305K(317952K), 0.0018510 secs] [Times: user=0.01 sys=0.00, real=0.00 secs] 
297.662: Total time for which application threads were stopped: 0.0035310 seconds, Stopping threads took: 0.0015970 seconds
297.743: Application time: 0.0809710 seconds
297.745: [GC [PSYoungGen: 88784K->5520K(96768K)] 111249K->27985K(317952K), 0.0018010 secs] [Times: user=0.01 sys=0.00, real=0.00 secs] 
297.747: Total time for which application threads were stopped: 0.0034590 seconds, Stopping threads took: 0.0015800 seconds
297.827: Application time: 0.0801330 seconds
297.829: [GC [PSYoungGen: 88464K->7312K(96768K)] 110929K->29777K(317952K), 0.0026200 secs] [Times: user=0.01 sys=0.00, real=0.00 secs] 
297.831: Total time for which application threads were stopped: 0.0044590 seconds, Stopping threads took: 0.0017300 seconds
297.910: Application time: 0.0790780 seconds
297.913: [GC [PSYoungGen: 90256K->8448K(96768K)] 112721K->30921K(317952K), 0.0025520 secs] [Times: user=0.02 sys=0.00, real=0.00 secs] 
297.915: Total time for which application threads were stopped: 0.0048140 seconds, Stopping threads took: 0.0021790 seconds
297.996: Application time: 0.0807450 seconds
297.998: [GC [PSYoungGen: 91392K->7520K(96768K)] 113865K->30001K(317952K), 0.0022080 secs] [Times: user=0.01 sys=0.00, real=0.00 secs] 
298.000: Total time for which application threads were stopped: 0.0044370 seconds, Stopping threads took: 0.0021350 seconds
298.080: Application time: 0.0796930 seconds
298.083: [GC [PSYoungGen: 90464K->7584K(96768K)] 112945K->30073K(317952K), 0.0022740 secs] [Times: user=0.01 sys=0.00, real=0.00 secs] 
298.085: Total time for which application threads were stopped: 0.0052920 seconds, Stopping threads took: 0.0029350 seconds
298.166: Application time: 0.0804390 seconds
298.167: [GC [PSYoungGen: 90528K->7248K(96768K)] 113017K->29737K(317952K), 0.0022170 secs] [Times: user=0.02 sys=0.00, real=0.00 secs] 
298.170: Total time for which application threads were stopped: 0.0039540 seconds, Stopping threads took: 0.0016530 seconds
298.256: Application time: 0.0866230 seconds
298.257: [GC [PSYoungGen: 90192K->4448K(96768K)] 112681K->26937K(317952K), 0.0013770 secs] [Times: user=0.01 sys=0.00, real=0.00 secs] 
298.258: Total time for which application threads were stopped: 0.0019710 seconds, Stopping threads took: 0.0005190 seconds
298.339: Application time: 0.0803600 seconds
298.340: [GC [PSYoungGen: 87392K->6352K(96768K)] 109881K->28841K(317952K), 0.0019220 secs] [Times: user=0.01 sys=0.00, real=0.00 secs] 
298.342: Total time for which application threads were stopped: 0.0033650 seconds, Stopping threads took: 0.0013620 seconds
298.422: Application time: 0.0802500 seconds
298.424: [GC [PSYoungGen: 89296K->6752K(96768K)] 111785K->29249K(317952K), 0.0020090 secs] [Times: user=0.01 sys=0.00, real=0.00 secs] 
298.426: Total time for which application threads were stopped: 0.0040290 seconds, Stopping threads took: 0.0019380 seconds
298.509: Application time: 0.0831810 seconds
298.512: [GC [PSYoungGen: 89696K->7376K(96768K)] 112193K->29881K(317952K), 0.0023710 secs] [Times: user=0.02 sys=0.00, real=0.00 secs] 
298.515: Total time for which application threads were stopped: 0.0054290 seconds, Stopping threads took: 0.0029640 seconds
298.594: Application time: 0.0788820 seconds
298.595: [GC [PSYoungGen: 90320K->6960K(96768K)] 112825K->29473K(317952K), 0.0021680 secs] [Times: user=0.02 sys=0.00, real=0.00 secs] 
298.598: Total time for which application threads were stopped: 0.0038730 seconds, Stopping threads took: 0.0016220 seconds
298.674: Application time: 0.0761370 seconds
298.676: [GC [PSYoungGen: 89904K->7712K(96768K)] 112417K->30233K(317952K), 0.0023560 secs] [Times: user=0.01 sys=0.00, real=0.00 secs] 
298.679: Total time for which application threads were stopped: 0.0046830 seconds, Stopping threads took: 0.0022440 seconds
298.760: Application time: 0.0814750 seconds
298.762: [GC [PSYoungGen: 90656K->7248K(96768K)] 113177K->29769K(317952K), 0.0022860 secs] [Times: user=0.01 sys=0.00, real=0.00 secs] 
298.764: Total time for which application threads were stopped: 0.0043680 seconds, Stopping threads took: 0.0019980 seconds
298.843: Application time: 0.0786190 seconds
298.847: [GC [PSYoungGen: 90192K->6640K(96768K)] 112713K->29161K(317952K), 0.0020070 secs] [Times: user=0.02 sys=0.00, real=0.00 secs] 
298.849: Total time for which application threads were stopped: 0.0063700 seconds, Stopping threads took: 0.0042810 seconds
298.930: Application time: 0.0810320 seconds
298.933: [GC [PSYoungGen: 89584K->6496K(96768K)] 112105K->29025K(317952K), 0.0019460 secs] [Times: user=0.02 sys=0.00, real=0.00 secs] 
298.935: Total time for which application threads were stopped: 0.0045280 seconds, Stopping threads took: 0.0024960 seconds
299.024: Application time: 0.0894910 seconds
299.025: [GC [PSYoungGen: 89440K->3744K(96768K)] 111969K->26273K(317952K), 0.0012440 secs] [Times: user=0.01 sys=0.00, real=0.00 secs] 
299.026: Total time for which application threads were stopped: 0.0016020 seconds, Stopping threads took: 0.0002760 seconds
299.109: Application time: 0.0834490 seconds
299.112: [GC [PSYoungGen: 86688K->6192K(96768K)] 109217K->28729K(317952K), 0.0018600 secs] [Times: user=0.01 sys=0.00, real=0.00 secs] 
299.114: Total time for which application threads were stopped: 0.0043880 seconds, Stopping threads took: 0.0024470 seconds
299.196: Application time: 0.0818210 seconds
299.198: [GC [PSYoungGen: 89136K->6496K(96768K)] 111673K->29041K(317952K), 0.0020020 secs] [Times: user=0.01 sys=0.00, real=0.00 secs] 
299.201: Total time for which application threads were stopped: 0.0048630 seconds, Stopping threads took: 0.0027780 seconds
299.282: Application time: 0.0816850 seconds
299.284: [GC [PSYoungGen: 89440K->7200K(96768K)] 111985K->29745K(317952K), 0.0021510 secs] [Times: user=0.02 sys=0.00, real=0.00 secs] 
299.286: Total time for which application threads were stopped: 0.0042200 seconds, Stopping threads took: 0.0019850 seconds
299.369: Application time: 0.0821670 seconds
299.371: [GC [PSYoungGen: 90144K->7968K(96768K)] 112689K->30513K(317952K), 0.0025640 secs] [Times: user=0.01 sys=0.00, real=0.00 secs] 
299.373: Total time for which application threads were stopped: 0.0046590 seconds, Stopping threads took: 0.0020130 seconds
299.452: Application time: 0.0789680 seconds
299.454: [GC [PSYoungGen: 90912K->7104K(96768K)] 113457K->29657K(317952K), 0.0022030 secs] [Times: user=0.01 sys=0.00, real=0.01 secs] 
299.457: Total time for which application threads were stopped: 0.0042530 seconds, Stopping threads took: 0.0019610 seconds
299.537: Application time: 0.0806060 seconds
299.539: [GC [PSYoungGen: 90048K->7104K(96768K)] 112601K->29657K(317952K), 0.0022160 secs] [Times: user=0.01 sys=0.00, real=0.00 secs] 
299.542: Total time for which application threads were stopped: 0.0046330 seconds, Stopping threads took: 0.0023230 seconds
299.623: Application time: 0.0808910 seconds
299.625: [GC [PSYoungGen: 90048K->7232K(96768K)] 112601K->29793K(317952K), 0.0021930 secs] [Times: user=0.02 sys=0.00, real=0.00 secs] 
299.627: Total time for which application threads were stopped: 0.0042780 seconds, Stopping threads took: 0.0020060 seconds
299.703: Application time: 0.0759040 seconds
299.705: [GC [PSYoungGen: 90176K->7184K(96768K)] 112737K->29753K(317952K), 0.0021750 secs] [Times: user=0.01 sys=0.00, real=0.00 secs] 
299.707: Total time for which application threads were stopped: 0.0040960 seconds, Stopping threads took: 0.0018410 seconds
299.783: Application time: 0.0759880 seconds
299.785: [GC [PSYoungGen: 90128K->5520K(96768K)] 112697K->28089K(317952K), 0.0017090 secs] [Times: user=0.01 sys=0.00, real=0.00 secs] 
299.787: Total time for which application threads were stopped: 0.0038660 seconds, Stopping threads took: 0.0020770 seconds
299.863: Application time: 0.0764330 seconds
299.865: [GC [PSYoungGen: 88464K->5600K(96768K)] 111033K->28169K(317952K), 0.0016100 secs] [Times: user=0.01 sys=0.00, real=0.00 secs] 
299.867: Total time for which application threads were stopped: 0.0034360 seconds, Stopping threads took: 0.0017460 seconds
299.945: Application time: 0.0786390 seconds
299.947: [GC [PSYoungGen: 88544K->7840K(96768K)] 111113K->30433K(317952K), 0.0023910 secs] [Times: user=0.01 sys=0.00, real=0.00 secs] 
299.950: Total time for which application threads were stopped: 0.0044610 seconds, Stopping threads took: 0.0019850 seconds
300.024: Application time: 0.0746550 seconds
300.027: [GC [PSYoungGen: 90784K->7520K(96768K)] 113377K->30121K(317952K), 0.0022800 secs] [Times: user=0.01 sys=0.01, real=0.01 secs] 
300.029: Total time for which application threads were stopped: 0.0044710 seconds, Stopping threads took: 0.0021100 seconds
300.104: Application time: 0.0752490 seconds
300.106: [GC [PSYoungGen: 90464K->5824K(96768K)] 113065K->28441K(317952K), 0.0018560 secs] [Times: user=0.01 sys=0.00, real=0.01 secs] 
300.107: Total time for which application threads were stopped: 0.0033020 seconds, Stopping threads took: 0.0013580 seconds
300.186: Application time: 0.0784130 seconds
300.189: [GC [PSYoungGen: 88768K->7040K(96768K)] 111385K->29665K(317952K), 0.0020850 secs] [Times: user=0.01 sys=0.00, real=0.00 secs] 
300.191: Total time for which application threads were stopped: 0.0050380 seconds, Stopping threads took: 0.0028740 seconds
300.267: Application time: 0.0761180 seconds
300.269: [GC [PSYoungGen: 89984K->6128K(96768K)] 112609K->28761K(317952K), 0.0018820 secs] [Times: user=0.01 sys=0.00, real=0.00 secs] 
300.271: Total time for which application threads were stopped: 0.0042050 seconds, Stopping threads took: 0.0022460 seconds
300.345: Application time: 0.0741190 seconds
300.347: [GC [PSYoungGen: 89072K->7136K(96768K)] 111705K->29769K(317952K), 0.0021190 secs] [Times: user=0.01 sys=0.00, real=0.01 secs] 
300.349: Total time for which application threads were stopped: 0.0039500 seconds, Stopping threads took: 0.0017480 seconds
300.424: Application time: 0.0745560 seconds
300.426: [GC [PSYoungGen: 90080K->7840K(96768K)] 112713K->30473K(317952K), 0.0024660 secs] [Times: user=0.02 sys=0.00, real=0.01 secs] 
300.429: Total time for which application threads were stopped: 0.0047200 seconds, Stopping threads took: 0.0021730 seconds
300.504: Application time: 0.0758570 seconds
300.506: [GC [PSYoungGen: 90784K->6400K(96768K)] 113417K->29041K(317952K), 0.0020000 secs] [Times: user=0.01 sys=0.00, real=0.01 secs] 
300.508: Total time for which application threads were stopped: 0.0039180 seconds, Stopping threads took: 0.0018370 seconds
300.583: Application time: 0.0743370 seconds
300.585: [GC [PSYoungGen: 89344K->6112K(96768K)] 111985K->28761K(317952K), 0.0019230 secs] [Times: user=0.01 sys=0.00, real=0.00 secs] 
300.587: Total time for which application threads were stopped: 0.0042390 seconds, Stopping threads took: 0.0022330 seconds
300.665: Application time: 0.0776330 seconds
300.666: [GC [PSYoungGen: 89056K->5552K(96768K)] 111705K->28209K(317952K), 0.0017210 secs] [Times: user=0.01 sys=0.01, real=0.01 secs] 
300.667: Total time for which application threads were stopped: 0.0028520 seconds, Stopping threads took: 0.0010390 seconds
300.744: Application time: 0.0766410 seconds
300.746: [GC [PSYoungGen: 88496K->6912K(96768K)] 111153K->29577K(317952K), 0.0021760 secs] [Times: user=0.01 sys=0.00, real=0.01 secs] 
300.748: Total time for which application threads were stopped: 0.0041150 seconds, Stopping threads took: 0.0018380 seconds
300.824: Application time: 0.0756990 seconds
300.825: [GC [PSYoungGen: 89856K->6304K(96768K)] 112521K->28969K(317952K), 0.0019090 secs] [Times: user=0.01 sys=0.00, real=0.01 secs] 
300.827: Total time for which application threads were stopped: 0.0034210 seconds, Stopping threads took: 0.0014310 seconds
300.904: Application time: 0.0766230 seconds
300.906: [GC [PSYoungGen: 89248K->5968K(96768K)] 111913K->28633K(317952K), 0.0017860 secs] [Times: user=0.01 sys=0.00, real=0.01 secs] 
300.908: Total time for which application threads were stopped: 0.0040950 seconds, Stopping threads took: 0.0022260 seconds
300.987: Application time: 0.0787840 seconds
300.989: [GC [PSYoungGen: 88912K->5920K(96768K)] 111577K->28593K(317952K), 0.0017720 secs] [Times: user=0.01 sys=0.00, real=0.00 secs] 
300.991: Total time for which application threads were stopped: 0.0037820 seconds, Stopping threads took: 0.0019320 seconds
301.064: Application time: 0.0734270 seconds
301.066: [GC [PSYoungGen: 88864K->7792K(96768K)] 111537K->30473K(317952K), 0.0024330 secs] [Times: user=0.01 sys=0.00, real=0.01 secs] 
301.068: Total time for which application threads were stopped: 0.0042930 seconds, Stopping threads took: 0.0017780 seconds
301.140: Application time: 0.0711930 seconds
301.142: [GC [PSYoungGen: 90736K->7904K(96768K)] 113417K->30593K(317952K), 0.0023200 secs] [Times: user=0.02 sys=0.00, real=0.00 secs] 
301.144: Total time for which application threads were stopped: 0.0047700 seconds, Stopping threads took: 0.0023570 seconds
301.220: Application time: 0.0759690 seconds
301.222: [GC [PSYoungGen: 90848K->5584K(96768K)] 113537K->28281K(317952K), 0.0016830 secs] [Times: user=0.01 sys=0.00, real=0.00 secs] 
301.224: Total time for which application threads were stopped: 0.0033300 seconds, Stopping threads took: 0.0015580 seconds
301.302: Application time: 0.0783420 seconds
301.304: [GC [PSYoungGen: 88528K->5376K(96768K)] 111225K->28073K(317952K), 0.0017150 secs] [Times: user=0.01 sys=0.00, real=0.00 secs] 
301.306: Total time for which application threads were stopped: 0.0036030 seconds, Stopping threads took: 0.0018070 seconds
301.379: Application time: 0.0731900 seconds
301.380: [GC [PSYoungGen: 88320K->8000K(96768K)] 111017K->30697K(317952K), 0.0023350 secs] [Times: user=0.02 sys=0.00, real=0.00 secs] 
301.383: Total time for which application threads were stopped: 0.0040840 seconds, Stopping threads took: 0.0016700 seconds
301.458: Application time: 0.0754850 seconds
301.460: [GC [PSYoungGen: 90944K->5952K(96768K)] 113641K->28657K(317952K), 0.0017590 secs] [Times: user=0.02 sys=0.00, real=0.00 secs] 
301.462: Total time for which application threads were stopped: 0.0033050 seconds, Stopping threads took: 0.0014660 seconds
301.543: Application time: 0.0814750 seconds
301.545: [GC [PSYoungGen: 88896K->3984K(96768K)] 111601K->26697K(317952K), 0.0013150 secs] [Times: user=0.01 sys=0.00, real=0.00 secs] 
301.546: Total time for which application threads were stopped: 0.0033510 seconds, Stopping threads took: 0.0019610 seconds
301.621: Application time: 0.0743410 seconds
301.623: [GC [PSYoungGen: 86928K->6896K(96768K)] 109641K->29617K(317952K), 0.0020840 secs] [Times: user=0.02 sys=0.00, real=0.00 secs] 
301.625: Total time for which application threads were stopped: 0.0042520 seconds, Stopping threads took: 0.0020820 seconds
301.700: Application time: 0.0750910 seconds
301.703: [GC [PSYoungGen: 89840K->7936K(96768K)] 112561K->30665K(317952K), 0.0023700 secs] [Times: user=0.01 sys=0.00, real=0.00 secs] 
301.705: Total time for which application threads were stopped: 0.0051090 seconds, Stopping threads took: 0.0026550 seconds
301.782: Application time: 0.0767480 seconds
301.783: [GC [PSYoungGen: 90880K->6688K(96768K)] 113609K->29417K(317952K), 0.0020320 secs] [Times: user=0.01 sys=0.00, real=0.00 secs] 
301.785: Total time for which application threads were stopped: 0.0032010 seconds, Stopping threads took: 0.0010810 seconds
301.863: Application time: 0.0773320 seconds
301.865: [GC [PSYoungGen: 89632K->7744K(96768K)] 112361K->30473K(317952K), 0.0023430 secs] [Times: user=0.02 sys=0.00, real=0.00 secs] 
301.867: Total time for which application threads were stopped: 0.0045420 seconds, Stopping threads took: 0.0021170 seconds
301.943: Application time: 0.0757850 seconds
301.945: [GC [PSYoungGen: 90688K->6560K(96768K)] 113417K->29297K(317952K), 0.0019660 secs] [Times: user=0.02 sys=0.00, real=0.00 secs] 
301.947: Total time for which application threads were stopped: 0.0040820 seconds, Stopping threads took: 0.0020360 seconds
302.020: Application time: 0.0733910 seconds
302.022: [GC [PSYoungGen: 89504K->6704K(96768K)] 112241K->29449K(317952K), 0.0019860 secs] [Times: user=0.01 sys=0.00, real=0.00 secs] 
302.024: Total time for which application threads were stopped: 0.0033600 seconds, Stopping threads took: 0.0012900 seconds
302.106: Application time: 0.0820490 seconds
302.107: [GC [PSYoungGen: 89648K->4768K(96768K)] 112393K->27521K(317952K), 0.0014590 secs] [Times: user=0.01 sys=0.00, real=0.00 secs] 
302.109: Total time for which application threads were stopped: 0.0032170 seconds, Stopping threads took: 0.0016810 seconds
302.187: Application time: 0.0775430 seconds
302.188: [GC [PSYoungGen: 87712K->5664K(96768K)] 110465K->28425K(317952K), 0.0017500 secs] [Times: user=0.01 sys=0.00, real=0.00 secs] 
302.190: Total time for which application threads were stopped: 0.0034700 seconds, Stopping threads took: 0.0016170 seconds
302.264: Application time: 0.0743700 seconds
302.266: [GC [PSYoungGen: 88608K->6624K(96768K)] 111369K->29385K(317952K), 0.0021660 secs] [Times: user=0.01 sys=0.00, real=0.01 secs] 
302.268: Total time for which application threads were stopped: 0.0037370 seconds, Stopping threads took: 0.0014900 seconds
302.344: Application time: 0.0757100 seconds
302.346: [GC [PSYoungGen: 89568K->5568K(96768K)] 112329K->28329K(317952K), 0.0016980 secs] [Times: user=0.00 sys=0.00, real=0.01 secs] 
302.347: Total time for which application threads were stopped: 0.0035830 seconds, Stopping threads took: 0.0017940 seconds
302.422: Application time: 0.0750380 seconds
302.424: [GC [PSYoungGen: 88512K->4992K(96768K)] 111273K->27753K(317952K), 0.0015160 secs] [Times: user=0.01 sys=0.00, real=0.00 secs] 
302.426: Total time for which application threads were stopped: 0.0032500 seconds, Stopping threads took: 0.0016280 seconds
302.500: Application time: 0.0743320 seconds
302.502: [GC [PSYoungGen: 87936K->7328K(96768K)] 110697K->30097K(317952K), 0.0022140 secs] [Times: user=0.01 sys=0.00, real=0.00 secs] 
302.504: Total time for which application threads were stopped: 0.0039270 seconds, Stopping threads took: 0.0016320 seconds
302.577: Application time: 0.0731590 seconds
302.579: [GC [PSYoungGen: 90272K->7552K(96768K)] 113041K->30329K(317952K), 0.0022530 secs] [Times: user=0.01 sys=0.00, real=0.00 secs] 
302.581: Total time for which application threads were stopped: 0.0042770 seconds, Stopping threads took: 0.0019410 seconds
302.658: Application time: 0.0763560 seconds
302.659: [GC [PSYoungGen: 90496K->5488K(96768K)] 113273K->28273K(317952K), 0.0016930 secs] [Times: user=0.01 sys=0.00, real=0.00 secs] 
302.660: Total time for which application threads were stopped: 0.0026570 seconds, Stopping threads took: 0.0008840 seconds
302.734: Application time: 0.0735070 seconds
302.736: [GC [PSYoungGen: 88431K->6480K(96768K)] 111217K->29273K(317952K), 0.0019550 secs] [Times: user=0.01 sys=0.00, real=0.00 secs] 
302.738: Total time for which application threads were stopped: 0.0036110 seconds, Stopping threads took: 0.0015760 seconds
302.815: Application time: 0.0771920 seconds
302.816: [GC [PSYoungGen: 89424K->8224K(96768K)] 112217K->31017K(317952K), 0.0024830 secs] [Times: user=0.02 sys=0.00, real=0.00 secs] 
302.819: Total time for which application threads were stopped: 0.0040660 seconds, Stopping threads took: 0.0015020 seconds
302.902: Application time: 0.0830960 seconds
302.902: [GC [PSYoungGen: 91168K->4688K(96768K)] 113961K->27481K(317952K), 0.0014830 secs] [Times: user=0.01 sys=0.00, real=0.00 secs] 
302.904: Total time for which application threads were stopped: 0.0017860 seconds, Stopping threads took: 0.0002190 seconds
302.986: Application time: 0.0826230 seconds
302.988: [GC [PSYoungGen: 87632K->5152K(96768K)] 110425K->27961K(317952K), 0.0015040 secs] [Times: user=0.01 sys=0.00, real=0.00 secs] 
302.990: Total time for which application threads were stopped: 0.0035050 seconds, Stopping threads took: 0.0019270 seconds
303.066: Application time: 0.0765030 seconds
303.069: [GC [PSYoungGen: 88096K->7024K(96768K)] 110905K->29833K(317952K), 0.0022090 secs] [Times: user=0.02 sys=0.00, real=0.00 secs] 
303.071: Total time for which application threads were stopped: 0.0050760 seconds, Stopping threads took: 0.0027830 seconds
303.149: Application time: 0.0771610 seconds
303.149: [GC [PSYoungGen: 89968K->6400K(96768K)] 112777K->29217K(317952K), 0.0019160 secs] [Times: user=0.01 sys=0.01, real=0.00 secs] 
303.151: Total time for which application threads were stopped: 0.0028590 seconds, Stopping threads took: 0.0008640 seconds
303.229: Application time: 0.0775400 seconds
303.231: [GC [PSYoungGen: 89344K->6464K(96768K)] 112161K->29289K(317952K), 0.0019040 secs] [Times: user=0.01 sys=0.00, real=0.00 secs] 
303.233: Total time for which application threads were stopped: 0.0038700 seconds, Stopping threads took: 0.0018810 seconds
303.308: Application time: 0.0748680 seconds
303.310: [GC [PSYoungGen: 89408K->5408K(96768K)] 112233K->28233K(317952K), 0.0015710 secs] [Times: user=0.01 sys=0.00, real=0.00 secs] 
303.311: Total time for which application threads were stopped: 0.0035110 seconds, Stopping threads took: 0.0018530 seconds
303.387: Application time: 0.0754470 seconds
303.388: [GC [PSYoungGen: 88352K->6208K(96768K)] 111177K->29033K(317952K), 0.0018740 secs] [Times: user=0.01 sys=0.00, real=0.00 secs] 
303.390: Total time for which application threads were stopped: 0.0035670 seconds, Stopping threads took: 0.0016090 seconds
303.465: Application time: 0.0747160 seconds
303.467: [GC [PSYoungGen: 89152K->7168K(96768K)] 111977K->30001K(317952K), 0.0021900 secs] [Times: user=0.01 sys=0.00, real=0.00 secs] 
303.469: Total time for which application threads were stopped: 0.0045110 seconds, Stopping threads took: 0.0022340 seconds
303.546: Application time: 0.0766000 seconds
303.548: [GC [PSYoungGen: 90112K->7216K(96768K)] 112945K->30049K(317952K), 0.0021380 secs] [Times: user=0.02 sys=0.00, real=0.00 secs] 
303.550: Total time for which application threads were stopped: 0.0040460 seconds, Stopping threads took: 0.0018240 seconds
303.624: Application time: 0.0743080 seconds
303.627: [GC [PSYoungGen: 90160K->6720K(96768K)] 112993K->29561K(317952K), 0.0020760 secs] [Times: user=0.02 sys=0.00, real=0.01 secs] 
303.629: Total time for which application threads were stopped: 0.0043800 seconds, Stopping threads took: 0.0022220 seconds
303.712: Application time: 0.0827230 seconds
303.714: [GC [PSYoungGen: 89664K->5296K(96768K)] 112505K->28145K(317952K), 0.0016670 secs] [Times: user=0.01 sys=0.00, real=0.01 secs] 
303.715: Total time for which application threads were stopped: 0.0037080 seconds, Stopping threads took: 0.0019650 seconds
303.799: Application time: 0.0835580 seconds
303.800: [GC [PSYoungGen: 88240K->5936K(96768K)] 111089K->28785K(317952K), 0.0017510 secs] [Times: user=0.01 sys=0.00, real=0.00 secs] 
303.802: Total time for which application threads were stopped: 0.0034340 seconds, Stopping threads took: 0.0016020 seconds
303.890: Application time: 0.0872850 seconds
303.892: [GC [PSYoungGen: 88880K->5856K(96768K)] 111729K->28705K(317952K), 0.0020090 secs] [Times: user=0.02 sys=0.00, real=0.00 secs] 
303.894: Total time for which application threads were stopped: 0.0042150 seconds, Stopping threads took: 0.0021260 seconds
303.975: Application time: 0.0809570 seconds
303.977: [GC [PSYoungGen: 88800K->7472K(96768K)] 111649K->30321K(317952K), 0.0023400 secs] [Times: user=0.02 sys=0.00, real=0.00 secs] 
303.980: Total time for which application threads were stopped: 0.0050930 seconds, Stopping threads took: 0.0026350 seconds
304.060: Application time: 0.0798460 seconds
304.062: [GC [PSYoungGen: 90416K->6112K(96768K)] 113265K->28969K(317952K), 0.0019730 secs] [Times: user=0.02 sys=0.00, real=0.00 secs] 
304.064: Total time for which application threads were stopped: 0.0039630 seconds, Stopping threads took: 0.0019050 seconds
304.142: Application time: 0.0786230 seconds
304.144: [GC [PSYoungGen: 89056K->5632K(96768K)] 111913K->28497K(317952K), 0.0017000 secs] [Times: user=0.02 sys=0.00, real=0.00 secs] 
304.146: Total time for which application threads were stopped: 0.0034480 seconds, Stopping threads took: 0.0016650 seconds
304.226: Application time: 0.0803020 seconds
304.228: [GC [PSYoungGen: 88576K->7728K(96768K)] 111441K->30609K(317952K), 0.0024170 secs] [Times: user=0.01 sys=0.00, real=0.00 secs] 
304.231: Total time for which application threads were stopped: 0.0045140 seconds, Stopping threads took: 0.0020120 seconds
304.312: Application time: 0.0814870 seconds
304.314: [GC [PSYoungGen: 90672K->7568K(96768K)] 113553K->30457K(317952K), 0.0022920 secs] [Times: user=0.02 sys=0.00, real=0.01 secs] 
304.316: Total time for which application threads were stopped: 0.0042840 seconds, Stopping threads took: 0.0019080 seconds
304.401: Application time: 0.0849130 seconds
304.402: [GC [PSYoungGen: 90512K->6496K(96768K)] 113401K->29385K(317952K), 0.0019510 secs] [Times: user=0.02 sys=0.00, real=0.00 secs] 
304.404: Total time for which application threads were stopped: 0.0028850 seconds, Stopping threads took: 0.0008530 seconds
304.490: Application time: 0.0860310 seconds
304.491: [GC [PSYoungGen: 89440K->4272K(96768K)] 112329K->27161K(317952K), 0.0014150 secs] [Times: user=0.01 sys=0.00, real=0.00 secs] 
304.493: Total time for which application threads were stopped: 0.0025200 seconds, Stopping threads took: 0.0010120 seconds
304.577: Application time: 0.0845490 seconds
304.579: [GC [PSYoungGen: 87216K->5648K(96768K)] 110105K->28553K(317952K), 0.0017330 secs] [Times: user=0.01 sys=0.00, real=0.00 secs] 
304.580: Total time for which application threads were stopped: 0.0031850 seconds, Stopping threads took: 0.0013700 seconds
304.661: Application time: 0.0801970 seconds
304.662: [GC [PSYoungGen: 88592K->7200K(96768K)] 111497K->30113K(317952K), 0.0021760 secs] [Times: user=0.02 sys=0.00, real=0.00 secs] 
304.665: Total time for which application threads were stopped: 0.0040430 seconds, Stopping threads took: 0.0017830 seconds
304.746: Application time: 0.0813520 seconds
304.747: [GC [PSYoungGen: 90144K->5312K(96768K)] 113057K->28241K(317952K), 0.0017160 secs] [Times: user=0.01 sys=0.00, real=0.01 secs] 
304.749: Total time for which application threads were stopped: 0.0027620 seconds, Stopping threads took: 0.0009670 seconds
304.827: Application time: 0.0781600 seconds
304.829: [GC [PSYoungGen: 88256K->8032K(96768K)] 111185K->30969K(317952K), 0.0024410 secs] [Times: user=0.02 sys=0.00, real=0.00 secs] 
304.831: Total time for which application threads were stopped: 0.0043880 seconds, Stopping threads took: 0.0018630 seconds
304.911: Application time: 0.0792720 seconds
304.913: [GC [PSYoungGen: 90976K->8176K(96768K)] 113913K->31113K(317952K), 0.0024620 secs] [Times: user=0.02 sys=0.00, real=0.00 secs] 
304.915: Total time for which application threads were stopped: 0.0045020 seconds, Stopping threads took: 0.0019540 seconds
304.996: Application time: 0.0810270 seconds
304.999: [GC [PSYoungGen: 91120K->7744K(96768K)] 114057K->30681K(317952K), 0.0023830 secs] [Times: user=0.02 sys=0.00, real=0.00 secs] 
305.001: Total time for which application threads were stopped: 0.0050370 seconds, Stopping threads took: 0.0025590 seconds
305.084: Application time: 0.0830190 seconds
305.087: [GC [PSYoungGen: 90688K->7760K(96768K)] 113625K->30705K(317952K), 0.0024210 secs] [Times: user=0.02 sys=0.00, real=0.01 secs] 
305.089: Total time for which application threads were stopped: 0.0048270 seconds, Stopping threads took: 0.0023240 seconds
305.169: Application time: 0.0803840 seconds
305.171: [GC [PSYoungGen: 90704K->7280K(96768K)] 113649K->30233K(317952K), 0.0022290 secs] [Times: user=0.01 sys=0.00, real=0.00 secs] 
305.174: Total time for which application threads were stopped: 0.0042260 seconds, Stopping threads took: 0.0019100 seconds
305.255: Application time: 0.0817760 seconds
305.258: [GC [PSYoungGen: 90224K->6976K(96768K)] 113177K->29937K(317952K), 0.0020920 secs] [Times: user=0.01 sys=0.00, real=0.00 secs] 
305.260: Total time for which application threads were stopped: 0.0050930 seconds, Stopping threads took: 0.0029170 seconds
305.345: Application time: 0.0847270 seconds
305.345: [GC [PSYoungGen: 89920K->4032K(96768K)] 112881K->27001K(317952K), 0.0012800 secs] [Times: user=0.00 sys=0.00, real=0.00 secs] 
305.347: Total time for which application threads were stopped: 0.0015680 seconds, Stopping threads took: 0.0002160 seconds
305.430: Application time: 0.0829760 seconds
305.433: [GC [PSYoungGen: 86976K->6048K(96768K)] 109945K->29017K(317952K), 0.0019270 secs] [Times: user=0.02 sys=0.00, real=0.00 secs] 
305.435: Total time for which application threads were stopped: 0.0048800 seconds, Stopping threads took: 0.0028690 seconds
305.515: Application time: 0.0802270 seconds
305.519: [GC [PSYoungGen: 88992K->5840K(96768K)] 111961K->28809K(317952K), 0.0018140 secs] [Times: user=0.01 sys=0.00, real=0.00 secs] 
305.521: Total time for which application threads were stopped: 0.0062730 seconds, Stopping threads took: 0.0043680 seconds
305.607: Application time: 0.0855270 seconds
305.608: [GC [PSYoungGen: 88784K->4176K(96768K)] 111753K->27153K(317952K), 0.0013420 secs] [Times: user=0.01 sys=0.00, real=0.00 secs] 
305.610: Total time for which application threads were stopped: 0.0031490 seconds, Stopping threads took: 0.0017250 seconds
305.692: Application time: 0.0823550 seconds
305.695: [GC [PSYoungGen: 87120K->5776K(96768K)] 110097K->28761K(317952K), 0.0018460 secs] [Times: user=0.02 sys=0.00, real=0.01 secs] 
305.697: Total time for which application threads were stopped: 0.0043840 seconds, Stopping threads took: 0.0024530 seconds
305.779: Application time: 0.0826280 seconds
305.781: [GC [PSYoungGen: 88720K->6288K(96768K)] 111705K->29289K(317952K), 0.0019410 secs] [Times: user=0.01 sys=0.00, real=0.00 secs] 
305.783: Total time for which application threads were stopped: 0.0039920 seconds, Stopping threads took: 0.0019610 seconds
305.863: Application time: 0.0801130 seconds
305.865: [GC [PSYoungGen: 89232K->6320K(96768K)] 112233K->29329K(317952K), 0.0019180 secs] [Times: user=0.01 sys=0.00, real=0.00 secs] 
305.867: Total time for which application threads were stopped: 0.0034050 seconds, Stopping threads took: 0.0014070 seconds
305.949: Application time: 0.0827200 seconds
305.951: [GC [PSYoungGen: 89264K->5408K(96768K)] 112273K->28417K(317952K), 0.0016040 secs] [Times: user=0.01 sys=0.00, real=0.00 secs] 
305.953: Total time for which application threads were stopped: 0.0030680 seconds, Stopping threads took: 0.0013830 seconds
306.035: Application time: 0.0822830 seconds
306.036: [GC [PSYoungGen: 88352K->5712K(96768K)] 111361K->28721K(317952K), 0.0017540 secs] [Times: user=0.01 sys=0.00, real=0.00 secs] 
306.038: Total time for which application threads were stopped: 0.0034350 seconds, Stopping threads took: 0.0015900 seconds
306.121: Application time: 0.0822900 seconds
306.123: [GC [PSYoungGen: 88656K->5856K(96768K)] 111665K->28865K(317952K), 0.0018240 secs] [Times: user=0.01 sys=0.00, real=0.00 secs] 
306.125: Total time for which application threads were stopped: 0.0040570 seconds, Stopping threads took: 0.0021470 seconds
306.205: Application time: 0.0807590 seconds
306.207: [GC [PSYoungGen: 88800K->5888K(96768K)] 111809K->28905K(317952K), 0.0018500 secs] [Times: user=0.01 sys=0.00, real=0.00 secs] 
306.209: Total time for which application threads were stopped: 0.0039970 seconds, Stopping threads took: 0.0020630 seconds
306.289: Application time: 0.0792650 seconds
306.292: [GC [PSYoungGen: 88832K->7648K(96768K)] 111849K->30673K(317952K), 0.0023600 secs] [Times: user=0.02 sys=0.00, real=0.00 secs] 
306.294: Total time for which application threads were stopped: 0.0055450 seconds, Stopping threads took: 0.0030980 seconds
306.375: Application time: 0.0805930 seconds
306.378: [GC [PSYoungGen: 90592K->7024K(96768K)] 113617K->30057K(317952K), 0.0021490 secs] [Times: user=0.02 sys=0.00, real=0.00 secs] 
306.380: Total time for which application threads were stopped: 0.0052220 seconds, Stopping threads took: 0.0029860 seconds
306.460: Application time: 0.0797280 seconds
306.462: [GC [PSYoungGen: 89968K->6160K(96768K)] 113001K->29193K(317952K), 0.0019450 secs] [Times: user=0.02 sys=0.00, real=0.00 secs] 
306.464: Total time for which application threads were stopped: 0.0041260 seconds, Stopping threads took: 0.0020750 seconds
306.544: Application time: 0.0799020 seconds
306.547: [GC [PSYoungGen: 89104K->6816K(96768K)] 112137K->29849K(317952K), 0.0021060 secs] [Times: user=0.01 sys=0.00, real=0.01 secs] 
306.549: Total time for which application threads were stopped: 0.0050290 seconds, Stopping threads took: 0.0028320 seconds
306.629: Application time: 0.0801330 seconds
306.630: [GC [PSYoungGen: 89760K->6864K(96768K)] 112793K->29897K(317952K), 0.0021970 secs] [Times: user=0.01 sys=0.00, real=0.00 secs] 
306.633: Total time for which application threads were stopped: 0.0038270 seconds, Stopping threads took: 0.0015460 seconds
306.715: Application time: 0.0824730 seconds
306.717: [GC [PSYoungGen: 89808K->6112K(96768K)] 112841K->29153K(317952K), 0.0018930 secs] [Times: user=0.02 sys=0.00, real=0.00 secs] 
306.719: Total time for which application threads were stopped: 0.0035380 seconds, Stopping threads took: 0.0015660 seconds
306.800: Application time: 0.0809410 seconds
306.801: [GC [PSYoungGen: 89056K->8096K(96768K)] 112097K->31145K(317952K), 0.0024910 secs] [Times: user=0.02 sys=0.00, real=0.00 secs] 
306.804: Total time for which application threads were stopped: 0.0043480 seconds, Stopping threads took: 0.0017680 seconds
306.884: Application time: 0.0795240 seconds
306.887: [GC [PSYoungGen: 91040K->7360K(96768K)] 114089K->30417K(317952K), 0.0022950 secs] [Times: user=0.02 sys=0.00, real=0.01 secs] 
306.889: Total time for which application threads were stopped: 0.0056850 seconds, Stopping threads took: 0.0033020 seconds
306.967: Application time: 0.0774440 seconds
306.969: [GC [PSYoungGen: 90304K->7872K(96768K)] 113361K->30937K(317952K), 0.0025240 secs] [Times: user=0.01 sys=0.00, real=0.00 secs] 
306.972: Total time for which application threads were stopped: 0.0048240 seconds, Stopping threads took: 0.0022150 seconds
307.050: Application time: 0.0787120 seconds
307.053: [GC [PSYoungGen: 90816K->7632K(96768K)] 113881K->30697K(317952K), 0.0023720 secs] [Times: user=0.01 sys=0.01, real=0.01 secs] 
307.056: Total time for which application threads were stopped: 0.0055490 seconds, Stopping threads took: 0.0030850 seconds
307.135: Application time: 0.0790140 seconds
307.137: [GC [PSYoungGen: 90576K->6960K(96768K)] 113641K->30025K(317952K), 0.0021990 secs] [Times: user=0.01 sys=0.00, real=0.00 secs] 
307.139: Total time for which application threads were stopped: 0.0041200 seconds, Stopping threads took: 0.0018370 seconds
307.222: Application time: 0.0827240 seconds
307.222: [GC [PSYoungGen: 89904K->4112K(96768K)] 112969K->27185K(317952K), 0.0013200 secs] [Times: user=0.01 sys=0.00, real=0.00 secs] 
307.223: Total time for which application threads were stopped: 0.0015840 seconds, Stopping threads took: 0.0001910 seconds
307.309: Application time: 0.0856420 seconds
307.312: [GC [PSYoungGen: 87056K->5152K(96768K)] 110129K->28233K(317952K), 0.0019060 secs] [Times: user=0.01 sys=0.00, real=0.00 secs] 
307.314: Total time for which application threads were stopped: 0.0054000 seconds, Stopping threads took: 0.0034150 seconds
307.393: Application time: 0.0785620 seconds
307.395: [GC [PSYoungGen: 88096K->6176K(96768K)] 111177K->29265K(317952K), 0.0019680 secs] [Times: user=0.01 sys=0.00, real=0.01 secs] 
307.397: Total time for which application threads were stopped: 0.0040160 seconds, Stopping threads took: 0.0019640 seconds
307.473: Application time: 0.0763230 seconds
307.475: [GC [PSYoungGen: 89120K->6496K(96768K)] 112209K->29593K(317952K), 0.0020040 secs] [Times: user=0.01 sys=0.00, real=0.01 secs] 
307.477: Total time for which application threads were stopped: 0.0033840 seconds, Stopping threads took: 0.0012960 seconds
307.560: Application time: 0.0830940 seconds
307.561: [GC [PSYoungGen: 89440K->6000K(96768K)] 112537K->29097K(317952K), 0.0018540 secs] [Times: user=0.01 sys=0.00, real=0.00 secs] 
307.563: Total time for which application threads were stopped: 0.0031330 seconds, Stopping threads took: 0.0011870 seconds
307.647: Application time: 0.0837800 seconds
307.649: [GC [PSYoungGen: 88944K->6048K(96768K)] 112041K->29145K(317952K), 0.0018380 secs] [Times: user=0.01 sys=0.00, real=0.00 secs] 
307.651: Total time for which application threads were stopped: 0.0039860 seconds, Stopping threads took: 0.0020690 seconds
307.726: Application time: 0.0758470 seconds
307.728: [GC [PSYoungGen: 88992K->7200K(96768K)] 112089K->30305K(317952K), 0.0021760 secs] [Times: user=0.01 sys=0.00, real=0.00 secs] 
307.730: Total time for which application threads were stopped: 0.0040560 seconds, Stopping threads took: 0.0018010 seconds
307.806: Application time: 0.0756770 seconds
307.807: [GC [PSYoungGen: 90144K->3872K(96768K)] 113249K->26977K(317952K), 0.0012160 secs] [Times: user=0.00 sys=0.00, real=0.00 secs] 
307.809: Total time for which application threads were stopped: 0.0024790 seconds, Stopping threads took: 0.0011890 seconds
307.881: Application time: 0.0724390 seconds
307.884: [GC [PSYoungGen: 86816K->7520K(96768K)] 109921K->30633K(317952K), 0.0022400 secs] [Times: user=0.02 sys=0.00, real=0.00 secs] 
307.886: Total time for which application threads were stopped: 0.0047080 seconds, Stopping threads took: 0.0023850 seconds
307.963: Application time: 0.0767510 seconds
307.964: [GC [PSYoungGen: 90464K->7728K(96768K)] 113577K->30849K(317952K), 0.0024120 secs] [Times: user=0.02 sys=0.00, real=0.00 secs] 
307.966: Total time for which application threads were stopped: 0.0038020 seconds, Stopping threads took: 0.0013050 seconds
308.039: Application time: 0.0722450 seconds
308.041: [GC [PSYoungGen: 90672K->7040K(96768K)] 113793K->30161K(317952K), 0.0020610 secs] [Times: user=0.02 sys=0.00, real=0.00 secs] 
308.043: Total time for which application threads were stopped: 0.0043680 seconds, Stopping threads took: 0.0022240 seconds
308.121: Application time: 0.0784080 seconds
308.123: [GC [PSYoungGen: 89984K->6480K(96768K)] 113105K->29601K(317952K), 0.0019400 secs] [Times: user=0.01 sys=0.00, real=0.00 secs] 
308.125: Total time for which application threads were stopped: 0.0035920 seconds, Stopping threads took: 0.0015640 seconds
308.207: Application time: 0.0818410 seconds
308.207: [GC [PSYoungGen: 89424K->4336K(96768K)] 112545K->27465K(317952K), 0.0014870 secs] [Times: user=0.00 sys=0.00, real=0.01 secs] 
308.209: Total time for which application threads were stopped: 0.0018420 seconds, Stopping threads took: 0.0002810 seconds
308.294: Application time: 0.0852290 seconds
308.295: [GC [PSYoungGen: 87280K->5264K(96768K)] 110409K->28401K(317952K), 0.0016000 secs] [Times: user=0.01 sys=0.00, real=0.00 secs] 
308.297: Total time for which application threads were stopped: 0.0030650 seconds, Stopping threads took: 0.0013890 seconds
308.373: Application time: 0.0758950 seconds
308.375: [GC [PSYoungGen: 88208K->7888K(96768K)] 111345K->31041K(317952K), 0.0023550 secs] [Times: user=0.02 sys=0.00, real=0.01 secs] 
308.377: Total time for which application threads were stopped: 0.0041700 seconds, Stopping threads took: 0.0017290 seconds
308.458: Application time: 0.0813980 seconds
308.459: [GC [PSYoungGen: 90832K->6128K(96768K)] 113985K->29289K(317952K), 0.0019300 secs] [Times: user=0.01 sys=0.00, real=0.00 secs] 
308.461: Total time for which application threads were stopped: 0.0022480 seconds, Stopping threads took: 0.0002410 seconds
308.538: Application time: 0.0776930 seconds
308.540: [GC [PSYoungGen: 89072K->7216K(96768K)] 112233K->30377K(317952K), 0.0022770 secs] [Times: user=0.01 sys=0.00, real=0.00 secs] 
308.543: Total time for which application threads were stopped: 0.0043130 seconds, Stopping threads took: 0.0019490 seconds
308.621: Application time: 0.0783730 seconds
308.623: [GC [PSYoungGen: 90160K->5088K(96768K)] 113321K->28249K(317952K), 0.0015170 secs] [Times: user=0.01 sys=0.00, real=0.00 secs] 
308.625: Total time for which application threads were stopped: 0.0036490 seconds, Stopping threads took: 0.0020490 seconds
308.701: Application time: 0.0766200 seconds
308.703: [GC [PSYoungGen: 88032K->6704K(96768K)] 111193K->29873K(317952K), 0.0020460 secs] [Times: user=0.01 sys=0.00, real=0.00 secs] 
308.705: Total time for which application threads were stopped: 0.0040770 seconds, Stopping threads took: 0.0019340 seconds
308.779: Application time: 0.0740300 seconds
308.781: [GC [PSYoungGen: 89648K->6976K(96768K)] 112817K->30153K(317952K), 0.0021080 secs] [Times: user=0.02 sys=0.00, real=0.00 secs] 
308.784: Total time for which application threads were stopped: 0.0041240 seconds, Stopping threads took: 0.0019300 seconds
308.862: Application time: 0.0787610 seconds
308.863: [GC [PSYoungGen: 89920K->6976K(96768K)] 113097K->30161K(317952K), 0.0021480 secs] [Times: user=0.02 sys=0.00, real=0.00 secs] 
308.865: Total time for which application threads were stopped: 0.0028720 seconds, Stopping threads took: 0.0006420 seconds
308.942: Application time: 0.0769710 seconds
308.944: [GC [PSYoungGen: 89920K->4144K(96768K)] 113105K->27337K(317952K), 0.0012780 secs] [Times: user=0.01 sys=0.00, real=0.00 secs] 
308.945: Total time for which application threads were stopped: 0.0031220 seconds, Stopping threads took: 0.0017720 seconds
309.024: Application time: 0.0782200 seconds
309.026: [GC [PSYoungGen: 87088K->6304K(96768K)] 110281K->29505K(317952K), 0.0019210 secs] [Times: user=0.01 sys=0.00, real=0.01 secs] 
309.028: Total time for which application threads were stopped: 0.0047680 seconds, Stopping threads took: 0.0027660 seconds
309.110: Application time: 0.0818740 seconds
309.112: [GC [PSYoungGen: 89248K->4352K(96768K)] 112449K->27553K(317952K), 0.0013190 secs] [Times: user=0.01 sys=0.00, real=0.00 secs] 
309.113: Total time for which application threads were stopped: 0.0030460 seconds, Stopping threads took: 0.0016560 seconds
309.193: Application time: 0.0797570 seconds
309.196: [GC [PSYoungGen: 87296K->4976K(96768K)] 110497K->28177K(317952K), 0.0015230 secs] [Times: user=0.01 sys=0.00, real=0.00 secs] 
309.197: Total time for which application threads were stopped: 0.0042960 seconds, Stopping threads took: 0.0026910 seconds
309.277: Application time: 0.0798720 seconds
309.279: [GC [PSYoungGen: 87920K->5568K(96768K)] 111121K->28777K(317952K), 0.0016700 secs] [Times: user=0.01 sys=0.00, real=0.00 secs] 
309.280: Total time for which application threads were stopped: 0.0032870 seconds, Stopping threads took: 0.0015300 seconds
309.356: Application time: 0.0753770 seconds
309.359: [GC [PSYoungGen: 88512K->7616K(96768K)] 111721K->30833K(317952K), 0.0022150 secs] [Times: user=0.01 sys=0.00, real=0.00 secs] 
309.361: Total time for which application threads were stopped: 0.0050280 seconds, Stopping threads took: 0.0027290 seconds
309.440: Application time: 0.0790120 seconds
309.442: [GC [PSYoungGen: 90560K->5920K(96768K)] 113777K->29145K(317952K), 0.0017910 secs] [Times: user=0.01 sys=0.00, real=0.00 secs] 
309.444: Total time for which application threads were stopped: 0.0039080 seconds, Stopping threads took: 0.0020140 seconds
309.519: Application time: 0.0753210 seconds
309.521: [GC [PSYoungGen: 88864K->5968K(96768K)] 112089K->29201K(317952K), 0.0018710 secs] [Times: user=0.01 sys=0.00, real=0.00 secs] 
309.522: Total time for which application threads were stopped: 0.0033720 seconds, Stopping threads took: 0.0014220 seconds
309.598: Application time: 0.0758550 seconds
309.600: [GC [PSYoungGen: 88912K->5904K(96768K)] 112145K->29137K(317952K), 0.0017600 secs] [Times: user=0.01 sys=0.00, real=0.00 secs] 
309.601: Total time for which application threads were stopped: 0.0030280 seconds, Stopping threads took: 0.0011890 seconds
309.676: Application time: 0.0743060 seconds
309.678: [GC [PSYoungGen: 88848K->7136K(96768K)] 112081K->30369K(317952K), 0.0022020 secs] [Times: user=0.02 sys=0.00, real=0.00 secs] 
309.680: Total time for which application threads were stopped: 0.0048100 seconds, Stopping threads took: 0.0025290 seconds
309.757: Application time: 0.0763650 seconds
309.758: [GC [PSYoungGen: 90080K->7360K(96768K)] 113313K->30601K(317952K), 0.0023120 secs] [Times: user=0.01 sys=0.00, real=0.00 secs] 
309.760: Total time for which application threads were stopped: 0.0032990 seconds, Stopping threads took: 0.0009060 seconds
309.843: Application time: 0.0825120 seconds
309.845: [GC [PSYoungGen: 90304K->4960K(96768K)] 113545K->28209K(317952K), 0.0014740 secs] [Times: user=0.01 sys=0.00, real=0.00 secs] 
309.846: Total time for which application threads were stopped: 0.0035820 seconds, Stopping threads took: 0.0020230 seconds
309.925: Application time: 0.0791330 seconds
309.928: [GC [PSYoungGen: 87904K->7008K(96768K)] 111153K->30265K(317952K), 0.0021300 secs] [Times: user=0.02 sys=0.00, real=0.00 secs] 
309.930: Total time for which application threads were stopped: 0.0049000 seconds, Stopping threads took: 0.0026860 seconds
310.007: Application time: 0.0769970 seconds
310.009: [GC [PSYoungGen: 89952K->5248K(96768K)] 113209K->28513K(317952K), 0.0015320 secs] [Times: user=0.01 sys=0.00, real=0.00 secs] 
310.010: Total time for which application threads were stopped: 0.0029410 seconds, Stopping threads took: 0.0013320 seconds
310.087: Application time: 0.0763000 seconds
310.088: [GC [PSYoungGen: 88192K->7232K(96768K)] 111457K->30497K(317952K), 0.0022230 secs] [Times: user=0.02 sys=0.00, real=0.00 secs] 
310.090: Total time for which application threads were stopped: 0.0037110 seconds, Stopping threads took: 0.0014030 seconds
310.168: Application time: 0.0776680 seconds
310.171: [GC [PSYoungGen: 90176K->8144K(96768K)] 113441K->31409K(317952K), 0.0024540 secs] [Times: user=0.02 sys=0.00, real=0.00 secs] 
310.173: Total time for which application threads were stopped: 0.0051910 seconds, Stopping threads took: 0.0026560 seconds
310.250: Application time: 0.0765780 seconds
310.251: [GC [PSYoungGen: 91088K->5104K(96768K)] 114353K->28385K(317952K), 0.0015680 secs] [Times: user=0.01 sys=0.00, real=0.00 secs] 
310.252: Total time for which application threads were stopped: 0.0027000 seconds, Stopping threads took: 0.0010540 seconds
310.328: Application time: 0.0753520 seconds
310.330: [GC [PSYoungGen: 88048K->7040K(96768K)] 111329K->30329K(317952K), 0.0019950 secs] [Times: user=0.01 sys=0.00, real=0.00 secs] 
310.332: Total time for which application threads were stopped: 0.0046750 seconds, Stopping threads took: 0.0026000 seconds
310.410: Application time: 0.0772480 seconds
310.412: [GC [PSYoungGen: 89984K->5616K(96768K)] 113273K->28913K(317952K), 0.0017470 secs] [Times: user=0.01 sys=0.00, real=0.00 secs] 
310.414: Total time for which application threads were stopped: 0.0040650 seconds, Stopping threads took: 0.0022310 seconds
310.491: Application time: 0.0773180 seconds
310.493: [GC [PSYoungGen: 88560K->8016K(96768K)] 111857K->31321K(317952K), 0.0024660 secs] [Times: user=0.01 sys=0.00, real=0.01 secs] 
310.495: Total time for which application threads were stopped: 0.0043880 seconds, Stopping threads took: 0.0018430 seconds
310.574: Application time: 0.0781060 seconds
310.575: [GC [PSYoungGen: 90960K->7136K(96768K)] 114265K->30449K(317952K), 0.0022010 secs] [Times: user=0.02 sys=0.00, real=0.01 secs] 
310.577: Total time for which application threads were stopped: 0.0037740 seconds, Stopping threads took: 0.0014910 seconds
310.651: Application time: 0.0732640 seconds
310.654: [GC [PSYoungGen: 90080K->6976K(96768K)] 113393K->30289K(317952K), 0.0021550 secs] [Times: user=0.02 sys=0.00, real=0.01 secs] 
310.656: Total time for which application threads were stopped: 0.0051220 seconds, Stopping threads took: 0.0028860 seconds
310.729: Application time: 0.0730760 seconds
310.730: [GC [PSYoungGen: 89920K->6912K(96768K)] 113233K->30225K(317952K), 0.0022930 secs] [Times: user=0.01 sys=0.00, real=0.00 secs] 
310.732: Total time for which application threads were stopped: 0.0036110 seconds, Stopping threads took: 0.0012320 seconds
310.813: Application time: 0.0805820 seconds
310.814: [GC [PSYoungGen: 89856K->4208K(96768K)] 113169K->27529K(317952K), 0.0012630 secs] [Times: user=0.01 sys=0.00, real=0.01 secs] 
310.816: Total time for which application threads were stopped: 0.0027460 seconds, Stopping threads took: 0.0014100 seconds
310.894: Application time: 0.0779380 seconds
310.895: [GC [PSYoungGen: 87152K->6352K(96768K)] 110473K->29681K(317952K), 0.0019210 secs] [Times: user=0.01 sys=0.00, real=0.01 secs] 
310.897: Total time for which application threads were stopped: 0.0031640 seconds, Stopping threads took: 0.0011560 seconds
310.973: Application time: 0.0762510 seconds
310.975: [GC [PSYoungGen: 89296K->6096K(96768K)] 112625K->29433K(317952K), 0.0018590 secs] [Times: user=0.01 sys=0.00, real=0.01 secs] 
310.977: Total time for which application threads were stopped: 0.0037410 seconds, Stopping threads took: 0.0017920 seconds
311.052: Application time: 0.0747780 seconds
311.053: [GC [PSYoungGen: 89040K->6352K(96768K)] 112377K->29697K(317952K), 0.0019350 secs] [Times: user=0.01 sys=0.00, real=0.01 secs] 
311.055: Total time for which application threads were stopped: 0.0037450 seconds, Stopping threads took: 0.0017250 seconds
311.131: Application time: 0.0758660 seconds
311.133: [GC [PSYoungGen: 89296K->7136K(96768K)] 112641K->30481K(317952K), 0.0020740 secs] [Times: user=0.02 sys=0.00, real=0.00 secs] 
311.135: Total time for which application threads were stopped: 0.0036570 seconds, Stopping threads took: 0.0014910 seconds
311.212: Application time: 0.0765960 seconds
311.214: [GC [PSYoungGen: 90080K->7952K(96768K)] 113425K->31297K(317952K), 0.0026400 secs] [Times: user=0.02 sys=0.00, real=0.01 secs] 
311.217: Total time for which application threads were stopped: 0.0056500 seconds, Stopping threads took: 0.0029040 seconds
311.293: Application time: 0.0757550 seconds
311.295: [GC [PSYoungGen: 90896K->6592K(96768K)] 114241K->29945K(317952K), 0.0021310 secs] [Times: user=0.01 sys=0.00, real=0.00 secs] 
311.297: Total time for which application threads were stopped: 0.0044930 seconds, Stopping threads took: 0.0022770 seconds
311.370: Application time: 0.0729800 seconds
311.373: [GC [PSYoungGen: 89536K->7280K(96768K)] 112889K->30641K(317952K), 0.0022700 secs] [Times: user=0.01 sys=0.00, real=0.00 secs] 
311.375: Total time for which application threads were stopped: 0.0045680 seconds, Stopping threads took: 0.0021950 seconds
311.450: Application time: 0.0748240 seconds
311.452: [GC [PSYoungGen: 90224K->7552K(96768K)] 113585K->30921K(317952K), 0.0022840 secs] [Times: user=0.02 sys=0.00, real=0.00 secs] 
311.455: Total time for which application threads were stopped: 0.0050360 seconds, Stopping threads took: 0.0026690 seconds
311.533: Application time: 0.0785510 seconds
311.535: [GC [PSYoungGen: 90496K->6672K(96768K)] 113865K->30049K(317952K), 0.0019840 secs] [Times: user=0.01 sys=0.00, real=0.01 secs] 
311.537: Total time for which application threads were stopped: 0.0035970 seconds, Stopping threads took: 0.0015230 seconds
311.618: Application time: 0.0815390 seconds
311.621: [GC [PSYoungGen: 89616K->4704K(96768K)] 112993K->28081K(317952K), 0.0014810 secs] [Times: user=0.01 sys=0.00, real=0.00 secs] 
311.622: Total time for which application threads were stopped: 0.0037250 seconds, Stopping threads took: 0.0021670 seconds
311.703: Application time: 0.0804710 seconds
311.705: [GC [PSYoungGen: 87648K->5600K(96768K)] 111025K->28977K(317952K), 0.0017080 secs] [Times: user=0.01 sys=0.00, real=0.00 secs] 
311.707: Total time for which application threads were stopped: 0.0042030 seconds, Stopping threads took: 0.0024150 seconds
311.792: Application time: 0.0849240 seconds
311.793: [GC [PSYoungGen: 88544K->5600K(96768K)] 111921K->28985K(317952K), 0.0017060 secs] [Times: user=0.01 sys=0.00, real=0.00 secs] 
311.795: Total time for which application threads were stopped: 0.0029940 seconds, Stopping threads took: 0.0012060 seconds
311.874: Application time: 0.0786630 seconds
311.875: [GC [PSYoungGen: 88544K->6480K(96768K)] 111929K->29873K(317952K), 0.0021420 secs] [Times: user=0.01 sys=0.00, real=0.00 secs] 
311.878: Total time for which application threads were stopped: 0.0041400 seconds, Stopping threads took: 0.0018920 seconds
311.962: Application time: 0.0841350 seconds
311.963: [GC [PSYoungGen: 89424K->5776K(96768K)] 112817K->29177K(317952K), 0.0020250 secs] [Times: user=0.01 sys=0.00, real=0.00 secs] 
311.966: Total time for which application threads were stopped: 0.0037760 seconds, Stopping threads took: 0.0016470 seconds
312.050: Application time: 0.0841980 seconds
312.053: [GC [PSYoungGen: 88720K->5056K(96768K)] 112121K->28465K(317952K), 0.0017430 secs] [Times: user=0.00 sys=0.00, real=0.00 secs] 
312.055: Total time for which application threads were stopped: 0.0049990 seconds, Stopping threads took: 0.0031430 seconds
312.135: Application time: 0.0799820 seconds
312.137: [GC [PSYoungGen: 88000K->5984K(96768K)] 111409K->29401K(317952K), 0.0018160 secs] [Times: user=0.01 sys=0.00, real=0.00 secs] 
312.139: Total time for which application threads were stopped: 0.0040950 seconds, Stopping threads took: 0.0021950 seconds
312.220: Application time: 0.0807520 seconds
312.222: [GC [PSYoungGen: 88928K->7296K(96768K)] 112345K->30713K(317952K), 0.0022400 secs] [Times: user=0.02 sys=0.00, real=0.00 secs] 
312.224: Total time for which application threads were stopped: 0.0043920 seconds, Stopping threads took: 0.0020640 seconds
312.304: Application time: 0.0800490 seconds
312.307: [GC [PSYoungGen: 90240K->8032K(96768K)] 113657K->31449K(317952K), 0.0023860 secs] [Times: user=0.02 sys=0.00, real=0.01 secs] 
312.309: Total time for which application threads were stopped: 0.0054160 seconds, Stopping threads took: 0.0029460 seconds
312.389: Application time: 0.0794680 seconds
312.391: [GC [PSYoungGen: 90976K->7904K(96768K)] 114393K->31329K(317952K), 0.0024980 secs] [Times: user=0.02 sys=0.00, real=0.00 secs] 
312.393: Total time for which application threads were stopped: 0.0043250 seconds, Stopping threads took: 0.0017430 seconds
312.482: Application time: 0.0891170 seconds
312.483: [GC [PSYoungGen: 90848K->6112K(96768K)] 114273K->29545K(317952K), 0.0019500 secs] [Times: user=0.02 sys=0.00, real=0.00 secs] 
312.485: Total time for which application threads were stopped: 0.0026400 seconds, Stopping threads took: 0.0006050 seconds
312.572: Application time: 0.0867330 seconds
312.574: [GC [PSYoungGen: 89056K->3616K(96768K)] 112489K->27057K(317952K), 0.0011430 secs] [Times: user=0.00 sys=0.00, real=0.01 secs] 
312.576: Total time for which application threads were stopped: 0.0037640 seconds, Stopping threads took: 0.0025430 seconds
312.659: Application time: 0.0830210 seconds
312.659: [GC [PSYoungGen: 86560K->6000K(96768K)] 110001K->29449K(317952K), 0.0018370 secs] [Times: user=0.01 sys=0.00, real=0.00 secs] 
312.661: Total time for which application threads were stopped: 0.0026700 seconds, Stopping threads took: 0.0007550 seconds
312.742: Application time: 0.0804660 seconds
312.744: [GC [PSYoungGen: 88944K->6992K(96768K)] 112393K->30441K(317952K), 0.0021240 secs] [Times: user=0.02 sys=0.00, real=0.00 secs] 
312.746: Total time for which application threads were stopped: 0.0043240 seconds, Stopping threads took: 0.0021190 seconds
312.826: Application time: 0.0800720 seconds
312.828: [GC [PSYoungGen: 89936K->7728K(96768K)] 113385K->31177K(317952K), 0.0023930 secs] [Times: user=0.02 sys=0.00, real=0.00 secs] 
312.830: Total time for which application threads were stopped: 0.0041590 seconds, Stopping threads took: 0.0016830 seconds
312.911: Application time: 0.0811870 seconds
312.913: [GC [PSYoungGen: 90672K->7456K(96768K)] 114121K->30913K(317952K), 0.0023950 secs] [Times: user=0.02 sys=0.00, real=0.01 secs] 
312.916: Total time for which application threads were stopped: 0.0042640 seconds, Stopping threads took: 0.0017850 seconds
312.998: Application time: 0.0826620 seconds
313.001: [GC [PSYoungGen: 90400K->6976K(96768K)] 113857K->30441K(317952K), 0.0020600 secs] [Times: user=0.01 sys=0.00, real=0.00 secs] 
313.003: Total time for which application threads were stopped: 0.0050460 seconds, Stopping threads took: 0.0029030 seconds
313.083: Application time: 0.0798820 seconds
313.085: [GC [PSYoungGen: 89920K->6896K(96768K)] 113385K->30369K(317952K), 0.0020750 secs] [Times: user=0.01 sys=0.01, real=0.01 secs] 
313.087: Total time for which application threads were stopped: 0.0041130 seconds, Stopping threads took: 0.0019410 seconds
313.172: Application time: 0.0841570 seconds
313.174: [GC [PSYoungGen: 89840K->5904K(96768K)] 113313K->29385K(317952K), 0.0019010 secs] [Times: user=0.01 sys=0.00, real=0.01 secs] 
313.176: Total time for which application threads were stopped: 0.0046240 seconds, Stopping threads took: 0.0026350 seconds
313.259: Application time: 0.0824090 seconds
313.261: [GC [PSYoungGen: 88848K->5024K(96768K)] 112329K->28505K(317952K), 0.0016350 secs] [Times: user=0.01 sys=0.00, real=0.00 secs] 
313.263: Total time for which application threads were stopped: 0.0039040 seconds, Stopping threads took: 0.0021800 seconds
313.343: Application time: 0.0805160 seconds
313.345: [GC [PSYoungGen: 87968K->6384K(96768K)] 111449K->29865K(317952K), 0.0019900 secs] [Times: user=0.01 sys=0.00, real=0.00 secs] 
313.347: Total time for which application threads were stopped: 0.0041400 seconds, Stopping threads took: 0.0020600 seconds
313.426: Application time: 0.0790150 seconds
313.428: [GC [PSYoungGen: 89328K->7136K(96768K)] 112809K->30625K(317952K), 0.0022350 secs] [Times: user=0.01 sys=0.00, real=0.00 secs] 
313.431: Total time for which application threads were stopped: 0.0043710 seconds, Stopping threads took: 0.0020380 seconds
313.512: Application time: 0.0811620 seconds
313.513: [GC [PSYoungGen: 90080K->5136K(96768K)] 113569K->28633K(317952K), 0.0016550 secs] [Times: user=0.01 sys=0.00, real=0.00 secs] 
313.515: Total time for which application threads were stopped: 0.0032800 seconds, Stopping threads took: 0.0015470 seconds
313.597: Application time: 0.0816880 seconds
313.599: [GC [PSYoungGen: 88080K->5120K(96768K)] 111577K->28625K(317952K), 0.0016090 secs] [Times: user=0.01 sys=0.00, real=0.00 secs] 
313.601: Total time for which application threads were stopped: 0.0039290 seconds, Stopping threads took: 0.0022280 seconds
313.682: Application time: 0.0817360 seconds
313.686: [GC [PSYoungGen: 88064K->6208K(96768K)] 111569K->29721K(317952K), 0.0019160 secs] [Times: user=0.01 sys=0.00, real=0.01 secs] 
313.688: Total time for which application threads were stopped: 0.0052510 seconds, Stopping threads took: 0.0032530 seconds
313.764: Application time: 0.0767590 seconds
313.767: [GC [PSYoungGen: 89152K->6976K(96768K)] 112665K->30489K(317952K), 0.0021340 secs] [Times: user=0.01 sys=0.00, real=0.01 secs] 
313.769: Total time for which application threads were stopped: 0.0046270 seconds, Stopping threads took: 0.0024040 seconds
313.850: Application time: 0.0806300 seconds
313.852: [GC [PSYoungGen: 89920K->6816K(96768K)] 113433K->30329K(317952K), 0.0021260 secs] [Times: user=0.01 sys=0.00, real=0.00 secs] 
313.854: Total time for which application threads were stopped: 0.0042960 seconds, Stopping threads took: 0.0020890 seconds
313.934: Application time: 0.0796860 seconds
313.936: [GC [PSYoungGen: 89760K->5376K(96768K)] 113273K->28897K(317952K), 0.0015810 secs] [Times: user=0.01 sys=0.00, real=0.00 secs] 
313.938: Total time for which application threads were stopped: 0.0041660 seconds, Stopping threads took: 0.0025050 seconds
314.017: Application time: 0.0795290 seconds
314.018: [GC [PSYoungGen: 88320K->6800K(96768K)] 111841K->30329K(317952K), 0.0021460 secs] [Times: user=0.02 sys=0.00, real=0.00 secs] 
314.020: Total time for which application threads were stopped: 0.0030830 seconds, Stopping threads took: 0.0008540 seconds
314.099: Application time: 0.0789100 seconds
314.102: [GC [PSYoungGen: 89744K->7664K(96768K)] 113273K->31201K(317952K), 0.0024360 secs] [Times: user=0.01 sys=0.00, real=0.00 secs] 
314.104: Total time for which application threads were stopped: 0.0050370 seconds, Stopping threads took: 0.0025100 seconds
314.185: Application time: 0.0809220 seconds
314.187: [GC [PSYoungGen: 90608K->6688K(96768K)] 114145K->30225K(317952K), 0.0022070 secs] [Times: user=0.01 sys=0.00, real=0.01 secs] 
314.189: Total time for which application threads were stopped: 0.0039870 seconds, Stopping threads took: 0.0016980 seconds
314.269: Application time: 0.0797120 seconds
314.270: [GC [PSYoungGen: 89632K->6064K(96768K)] 113169K->29609K(317952K), 0.0019450 secs] [Times: user=0.01 sys=0.00, real=0.00 secs] 
314.272: Total time for which application threads were stopped: 0.0034640 seconds, Stopping threads took: 0.0014340 seconds
314.354: Application time: 0.0812580 seconds
314.356: [GC [PSYoungGen: 89008K->7600K(96768K)] 112553K->31145K(317952K), 0.0023840 secs] [Times: user=0.02 sys=0.00, real=0.00 secs] 
314.358: Total time for which application threads were stopped: 0.0047050 seconds, Stopping threads took: 0.0022350 seconds
314.437: Application time: 0.0789030 seconds
314.440: [GC [PSYoungGen: 90544K->7488K(96768K)] 114089K->31041K(317952K), 0.0022530 secs] [Times: user=0.01 sys=0.00, real=0.00 secs] 
314.443: Total time for which application threads were stopped: 0.0054260 seconds, Stopping threads took: 0.0030880 seconds
314.524: Application time: 0.0813390 seconds
314.526: [GC [PSYoungGen: 90432K->6560K(96768K)] 113985K->30121K(317952K), 0.0020590 secs] [Times: user=0.01 sys=0.00, real=0.01 secs] 
314.529: Total time for which application threads were stopped: 0.0044840 seconds, Stopping threads took: 0.0023410 seconds
314.605: Application time: 0.0765650 seconds
314.608: [GC [PSYoungGen: 89504K->6480K(96768K)] 113065K->30057K(317952K), 0.0019560 secs] [Times: user=0.01 sys=0.00, real=0.00 secs] 
314.610: Total time for which application threads were stopped: 0.0043960 seconds, Stopping threads took: 0.0023480 seconds
314.691: Application time: 0.0811950 seconds
314.693: [GC [PSYoungGen: 89424K->4416K(96768K)] 113001K->27993K(317952K), 0.0014160 secs] [Times: user=0.01 sys=0.00, real=0.00 secs] 
314.694: Total time for which application threads were stopped: 0.0034620 seconds, Stopping threads took: 0.0019680 seconds
314.776: Application time: 0.0815630 seconds
314.778: [GC [PSYoungGen: 87360K->5936K(96768K)] 110937K->29521K(317952K), 0.0018660 secs] [Times: user=0.01 sys=0.00, real=0.00 secs] 
314.780: Total time for which application threads were stopped: 0.0042020 seconds, Stopping threads took: 0.0022480 seconds
314.861: Application time: 0.0810210 seconds
314.864: [GC [PSYoungGen: 88880K->5456K(96768K)] 112465K->29041K(317952K), 0.0016750 secs] [Times: user=0.01 sys=0.00, real=0.00 secs] 
314.866: Total time for which application threads were stopped: 0.0046450 seconds, Stopping threads took: 0.0028880 seconds
314.944: Application time: 0.0779740 seconds
314.946: [GC [PSYoungGen: 88400K->6688K(96768K)] 111985K->30273K(317952K), 0.0020630 secs] [Times: user=0.01 sys=0.00, real=0.01 secs] 
314.948: Total time for which application threads were stopped: 0.0040420 seconds, Stopping threads took: 0.0018910 seconds
315.027: Application time: 0.0794050 seconds
315.030: [GC [PSYoungGen: 89632K->8176K(96768K)] 113217K->31769K(317952K), 0.0025260 secs] [Times: user=0.02 sys=0.00, real=0.00 secs] 
315.033: Total time for which application threads were stopped: 0.0056920 seconds, Stopping threads took: 0.0030780 seconds
315.115: Application time: 0.0820660 seconds
315.117: [GC [PSYoungGen: 91120K->7152K(96768K)] 114713K->30753K(317952K), 0.0022780 secs] [Times: user=0.02 sys=0.00, real=0.00 secs] 
315.119: Total time for which application threads were stopped: 0.0042750 seconds, Stopping threads took: 0.0019050 seconds
315.199: Application time: 0.0803230 seconds
315.201: [GC [PSYoungGen: 90096K->5808K(96768K)] 113697K->29417K(317952K), 0.0019430 secs] [Times: user=0.01 sys=0.00, real=0.00 secs] 
315.203: Total time for which application threads were stopped: 0.0037800 seconds, Stopping threads took: 0.0017500 seconds
315.287: Application time: 0.0834890 seconds
315.289: [GC [PSYoungGen: 88752K->7152K(96768K)] 112361K->30777K(317952K), 0.0022590 secs] [Times: user=0.02 sys=0.00, real=0.00 secs] 
315.291: Total time for which application threads were stopped: 0.0045210 seconds, Stopping threads took: 0.0021550 seconds
315.368: Application time: 0.0767950 seconds
315.371: [GC [PSYoungGen: 90096K->7120K(96768K)] 113721K->30745K(317952K), 0.0021190 secs] [Times: user=0.02 sys=0.00, real=0.00 secs] 
315.373: Total time for which application threads were stopped: 0.0054420 seconds, Stopping threads took: 0.0032390 seconds
315.455: Application time: 0.0811180 seconds
315.457: [GC [PSYoungGen: 90064K->7936K(96768K)] 113689K->31561K(317952K), 0.0023230 secs] [Times: user=0.02 sys=0.00, real=0.00 secs] 
315.459: Total time for which application threads were stopped: 0.0047550 seconds, Stopping threads took: 0.0023510 seconds
315.539: Application time: 0.0793780 seconds
315.541: [GC [PSYoungGen: 90880K->6176K(96768K)] 114505K->29809K(317952K), 0.0019980 secs] [Times: user=0.01 sys=0.00, real=0.00 secs] 
315.543: Total time for which application threads were stopped: 0.0039700 seconds, Stopping threads took: 0.0018910 seconds
315.621: Application time: 0.0781540 seconds
315.624: [GC [PSYoungGen: 89120K->8288K(96768K)] 112753K->31929K(317952K), 0.0025240 secs] [Times: user=0.02 sys=0.00, real=0.00 secs] 
315.626: Total time for which application threads were stopped: 0.0052820 seconds, Stopping threads took: 0.0026680 seconds
315.701: Application time: 0.0751110 seconds
315.703: [GC [PSYoungGen: 91232K->7360K(96768K)] 114873K->31009K(317952K), 0.0023150 secs] [Times: user=0.02 sys=0.00, real=0.00 secs] 
315.705: Total time for which application threads were stopped: 0.0041700 seconds, Stopping threads took: 0.0017720 seconds
315.783: Application time: 0.0772380 seconds
315.786: [GC [PSYoungGen: 90304K->7360K(96768K)] 113953K->31009K(317952K), 0.0022050 secs] [Times: user=0.01 sys=0.00, real=0.01 secs] 
315.788: Total time for which application threads were stopped: 0.0054510 seconds, Stopping threads took: 0.0031660 seconds
315.864: Application time: 0.0757030 seconds
315.866: [GC [PSYoungGen: 90304K->6800K(96768K)] 113953K->30457K(317952K), 0.0020220 secs] [Times: user=0.02 sys=0.00, real=0.01 secs] 
315.868: Total time for which application threads were stopped: 0.0038360 seconds, Stopping threads took: 0.0017330 seconds
315.948: Application time: 0.0805900 seconds
315.951: [GC [PSYoungGen: 89744K->4832K(96768K)] 113401K->28489K(317952K), 0.0014040 secs] [Times: user=0.01 sys=0.00, real=0.00 secs] 
315.952: Total time for which application threads were stopped: 0.0040040 seconds, Stopping threads took: 0.0025250 seconds
316.024: Application time: 0.0720550 seconds
316.027: [GC [PSYoungGen: 87776K->7808K(96768K)] 111433K->31473K(317952K), 0.0024060 secs] [Times: user=0.01 sys=0.00, real=0.01 secs] 
316.029: Total time for which application threads were stopped: 0.0047830 seconds, Stopping threads took: 0.0022920 seconds
316.107: Application time: 0.0778500 seconds
316.107: [GC [PSYoungGen: 90752K->5088K(96768K)] 114417K->28761K(317952K), 0.0015720 secs] [Times: user=0.01 sys=0.00, real=0.00 secs] 
316.109: Total time for which application threads were stopped: 0.0020700 seconds, Stopping threads took: 0.0004230 seconds
316.191: Application time: 0.0818890 seconds
316.194: [GC [PSYoungGen: 88032K->5200K(96768K)] 111705K->28881K(317952K), 0.0015280 secs] [Times: user=0.01 sys=0.00, real=0.01 secs] 
316.195: Total time for which application threads were stopped: 0.0044390 seconds, Stopping threads took: 0.0028270 seconds
316.273: Application time: 0.0771550 seconds
316.275: [GC [PSYoungGen: 88144K->6192K(96768K)] 111825K->29873K(317952K), 0.0019300 secs] [Times: user=0.01 sys=0.00, real=0.01 secs] 
316.276: Total time for which application threads were stopped: 0.0039700 seconds, Stopping threads took: 0.0019610 seconds
316.351: Application time: 0.0749480 seconds
316.354: [GC [PSYoungGen: 89136K->7216K(96768K)] 112817K->30905K(317952K), 0.0023390 secs] [Times: user=0.01 sys=0.00, real=0.01 secs] 
316.356: Total time for which application threads were stopped: 0.0048370 seconds, Stopping threads took: 0.0024130 seconds
316.429: Application time: 0.0727260 seconds
316.431: [GC [PSYoungGen: 90160K->7984K(96768K)] 113849K->31673K(317952K), 0.0024810 secs] [Times: user=0.02 sys=0.00, real=0.00 secs] 
316.434: Total time for which application threads were stopped: 0.0045420 seconds, Stopping threads took: 0.0019800 seconds
316.513: Application time: 0.0797590 seconds
316.514: [GC [PSYoungGen: 90928K->7568K(96768K)] 114617K->31257K(317952K), 0.0023730 secs] [Times: user=0.02 sys=0.00, real=0.01 secs] 
316.516: Total time for which application threads were stopped: 0.0028500 seconds, Stopping threads took: 0.0003950 seconds
316.599: Application time: 0.0829390 seconds
316.599: [GC [PSYoungGen: 90511K->4160K(96768K)] 114201K->27857K(317952K), 0.0013320 secs] [Times: user=0.01 sys=0.00, real=0.00 secs] 
316.601: Total time for which application threads were stopped: 0.0015470 seconds, Stopping threads took: 0.0001490 seconds
316.684: Application time: 0.0830630 seconds
316.687: [GC [PSYoungGen: 87104K->6304K(96768K)] 110801K->30009K(317952K), 0.0018780 secs] [Times: user=0.02 sys=0.00, real=0.01 secs] 
316.689: Total time for which application threads were stopped: 0.0047780 seconds, Stopping threads took: 0.0028190 seconds
316.767: Application time: 0.0787810 seconds
316.770: [GC [PSYoungGen: 89248K->7328K(96768K)] 112953K->31033K(317952K), 0.0022560 secs] [Times: user=0.01 sys=0.00, real=0.00 secs] 
316.773: Total time for which application threads were stopped: 0.0053850 seconds, Stopping threads took: 0.0030320 seconds
316.848: Application time: 0.0748350 seconds
316.849: [GC [PSYoungGen: 90272K->7600K(96768K)] 113977K->31313K(317952K), 0.0023130 secs] [Times: user=0.01 sys=0.00, real=0.00 secs] 
316.851: Total time for which application threads were stopped: 0.0039070 seconds, Stopping threads took: 0.0014880 seconds
316.927: Application time: 0.0754130 seconds
316.929: [GC [PSYoungGen: 90544K->8176K(96768K)] 114257K->31889K(317952K), 0.0025810 secs] [Times: user=0.02 sys=0.00, real=0.00 secs] 
316.932: Total time for which application threads were stopped: 0.0051460 seconds, Stopping threads took: 0.0024880 seconds
317.008: Application time: 0.0755860 seconds
317.011: [GC [PSYoungGen: 91120K->5936K(96768K)] 114833K->29649K(317952K), 0.0017110 secs] [Times: user=0.01 sys=0.00, real=0.00 secs] 
317.013: Total time for which application threads were stopped: 0.0054070 seconds, Stopping threads took: 0.0036150 seconds
317.086: Application time: 0.0733090 seconds
317.088: [GC [PSYoungGen: 88880K->7744K(96768K)] 112593K->31465K(317952K), 0.0022840 secs] [Times: user=0.01 sys=0.00, real=0.00 secs] 
317.091: Total time for which application threads were stopped: 0.0044740 seconds, Stopping threads took: 0.0021120 seconds
317.168: Application time: 0.0773790 seconds
317.170: [GC [PSYoungGen: 90688K->7840K(96768K)] 114409K->31569K(317952K), 0.0024290 secs] [Times: user=0.02 sys=0.00, real=0.00 secs] 
317.173: Total time for which application threads were stopped: 0.0046080 seconds, Stopping threads took: 0.0020980 seconds
317.246: Application time: 0.0737210 seconds
317.248: [GC [PSYoungGen: 90784K->6624K(96768K)] 114513K->30353K(317952K), 0.0019830 secs] [Times: user=0.01 sys=0.00, real=0.00 secs] 
317.250: Total time for which application threads were stopped: 0.0040050 seconds, Stopping threads took: 0.0019430 seconds
317.324: Application time: 0.0737360 seconds
317.327: [GC [PSYoungGen: 89568K->7024K(96768K)] 113297K->30753K(317952K), 0.0022110 secs] [Times: user=0.00 sys=0.00, real=0.00 secs] 
317.330: Total time for which application threads were stopped: 0.0052740 seconds, Stopping threads took: 0.0029770 seconds
317.401: Application time: 0.0716580 seconds
317.403: [GC [PSYoungGen: 89968K->8336K(96768K)] 113697K->32073K(317952K), 0.0025750 secs] [Times: user=0.02 sys=0.00, real=0.00 secs] 
317.405: Total time for which application threads were stopped: 0.0042410 seconds, Stopping threads took: 0.0015790 seconds
317.480: Application time: 0.0743110 seconds
317.482: [GC [PSYoungGen: 91280K->7360K(96768K)] 115017K->31097K(317952K), 0.0022730 secs] [Times: user=0.02 sys=0.00, real=0.00 secs] 
317.485: Total time for which application threads were stopped: 0.0050050 seconds, Stopping threads took: 0.0026340 seconds
317.560: Application time: 0.0755970 seconds
317.561: [GC [PSYoungGen: 90304K->5936K(96768K)] 114041K->29681K(317952K), 0.0018990 secs] [Times: user=0.02 sys=0.00, real=0.00 secs] 
317.563: Total time for which application threads were stopped: 0.0029280 seconds, Stopping threads took: 0.0009480 seconds
317.638: Application time: 0.0745130 seconds
317.640: [GC [PSYoungGen: 88880K->6304K(96768K)] 112625K->30049K(317952K), 0.0020720 secs] [Times: user=0.01 sys=0.00, real=0.00 secs] 
317.642: Total time for which application threads were stopped: 0.0040010 seconds, Stopping threads took: 0.0018470 seconds
317.719: Application time: 0.0767740 seconds
317.719: [GC [PSYoungGen: 89248K->5920K(96768K)] 112993K->29673K(317952K), 0.0018460 secs] [Times: user=0.01 sys=0.00, real=0.00 secs] 
317.721: Total time for which application threads were stopped: 0.0028230 seconds, Stopping threads took: 0.0008960 seconds
317.795: Application time: 0.0737510 seconds
317.797: [GC [PSYoungGen: 88864K->6512K(96768K)] 112617K->30265K(317952K), 0.0020000 secs] [Times: user=0.01 sys=0.00, real=0.00 secs] 
317.799: Total time for which application threads were stopped: 0.0041820 seconds, Stopping threads took: 0.0021020 seconds
317.878: Application time: 0.0783980 seconds
317.879: [GC [PSYoungGen: 89456K->6480K(96768K)] 113209K->30241K(317952K), 0.0019820 secs] [Times: user=0.01 sys=0.00, real=0.00 secs] 
317.881: Total time for which application threads were stopped: 0.0036530 seconds, Stopping threads took: 0.0015810 seconds
317.962: Application time: 0.0803540 seconds
317.965: [GC [PSYoungGen: 89424K->5072K(96768K)] 113185K->28833K(317952K), 0.0014050 secs] [Times: user=0.01 sys=0.00, real=0.00 secs] 
317.966: Total time for which application threads were stopped: 0.0044630 seconds, Stopping threads took: 0.0029850 seconds
318.046: Application time: 0.0802510 seconds
318.049: [GC [PSYoungGen: 88016K->5808K(96768K)] 111777K->29585K(317952K), 0.0016640 secs] [Times: user=0.01 sys=0.00, real=0.00 secs] 
318.051: Total time for which application threads were stopped: 0.0046330 seconds, Stopping threads took: 0.0028910 seconds
318.126: Application time: 0.0751190 seconds
318.128: [GC [PSYoungGen: 88752K->7472K(96768K)] 112529K->31249K(317952K), 0.0022710 secs] [Times: user=0.02 sys=0.00, real=0.00 secs] 
318.130: Total time for which application threads were stopped: 0.0040580 seconds, Stopping threads took: 0.0017010 seconds
318.210: Application time: 0.0795430 seconds
318.212: [GC [PSYoungGen: 90416K->6416K(96768K)] 114193K->30201K(317952K), 0.0019180 secs] [Times: user=0.02 sys=0.00, real=0.00 secs] 
318.214: Total time for which application threads were stopped: 0.0038290 seconds, Stopping threads took: 0.0018310 seconds
318.289: Application time: 0.0751100 seconds
318.291: [GC [PSYoungGen: 89360K->6688K(96768K)] 113145K->30473K(317952K), 0.0021090 secs] [Times: user=0.01 sys=0.00, real=0.00 secs] 
318.293: Total time for which application threads were stopped: 0.0044280 seconds, Stopping threads took: 0.0022390 seconds
318.369: Application time: 0.0753760 seconds
318.371: [GC [PSYoungGen: 89632K->7504K(96768K)] 113417K->31297K(317952K), 0.0022890 secs] [Times: user=0.01 sys=0.00, real=0.00 secs] 
318.373: Total time for which application threads were stopped: 0.0046150 seconds, Stopping threads took: 0.0022400 seconds
318.452: Application time: 0.0783880 seconds
318.453: [GC [PSYoungGen: 90448K->7488K(96768K)] 114241K->31281K(317952K), 0.0024360 secs] [Times: user=0.01 sys=0.00, real=0.01 secs] 
318.455: Total time for which application threads were stopped: 0.0036460 seconds, Stopping threads took: 0.0011100 seconds
318.532: Application time: 0.0765800 seconds
318.534: [GC [PSYoungGen: 90432K->7408K(96768K)] 114225K->31209K(317952K), 0.0022960 secs] [Times: user=0.02 sys=0.00, real=0.01 secs] 
318.536: Total time for which application threads were stopped: 0.0043000 seconds, Stopping threads took: 0.0019210 seconds
318.608: Application time: 0.0719320 seconds
318.610: [GC [PSYoungGen: 90352K->7408K(96768K)] 114153K->31217K(317952K), 0.0022100 secs] [Times: user=0.02 sys=0.00, real=0.00 secs] 
318.612: Total time for which application threads were stopped: 0.0042140 seconds, Stopping threads took: 0.0019230 seconds
318.685: Application time: 0.0731730 seconds
318.688: [GC [PSYoungGen: 90352K->7616K(96768K)] 114161K->31433K(317952K), 0.0022080 secs] [Times: user=0.02 sys=0.00, real=0.00 secs] 
318.690: Total time for which application threads were stopped: 0.0048510 seconds, Stopping threads took: 0.0025620 seconds
318.764: Application time: 0.0742280 seconds
318.767: [GC [PSYoungGen: 90560K->7776K(96768K)] 114377K->31601K(317952K), 0.0023980 secs] [Times: user=0.02 sys=0.00, real=0.00 secs] 
318.770: Total time for which application threads were stopped: 0.0053730 seconds, Stopping threads took: 0.0028940 seconds
318.848: Application time: 0.0777920 seconds
318.849: [GC [PSYoungGen: 90720K->5568K(96768K)] 114545K->29401K(317952K), 0.0016980 secs] [Times: user=0.01 sys=0.00, real=0.00 secs] 
318.851: Total time for which application threads were stopped: 0.0033390 seconds, Stopping threads took: 0.0015560 seconds
318.932: Application time: 0.0811240 seconds
318.932: [GC [PSYoungGen: 88512K->3872K(96768K)] 112345K->27705K(317952K), 0.0012450 secs] [Times: user=0.01 sys=0.00, real=0.00 secs] 
318.934: Total time for which application threads were stopped: 0.0016300 seconds, Stopping threads took: 0.0003050 seconds
319.018: Application time: 0.0840740 seconds
319.019: [GC [PSYoungGen: 86816K->5776K(96768K)] 110649K->29609K(317952K), 0.0016940 secs] [Times: user=0.01 sys=0.00, real=0.00 secs] 
319.021: Total time for which application threads were stopped: 0.0033000 seconds, Stopping threads took: 0.0015190 seconds
319.098: Application time: 0.0770440 seconds
319.100: [GC [PSYoungGen: 88720K->7712K(96768K)] 112553K->31561K(317952K), 0.0022860 secs] [Times: user=0.02 sys=0.00, real=0.00 secs] 
319.102: Total time for which application threads were stopped: 0.0040440 seconds, Stopping threads took: 0.0016790 seconds
319.178: Application time: 0.0755220 seconds
319.180: [GC [PSYoungGen: 90656K->7632K(96768K)] 114505K->31497K(317952K), 0.0023830 secs] [Times: user=0.02 sys=0.00, real=0.00 secs] 
319.182: Total time for which application threads were stopped: 0.0044410 seconds, Stopping threads took: 0.0019760 seconds
319.257: Application time: 0.0752860 seconds
319.260: [GC [PSYoungGen: 90576K->6320K(96768K)] 114441K->30193K(317952K), 0.0018560 secs] [Times: user=0.01 sys=0.00, real=0.00 secs] 
319.261: Total time for which application threads were stopped: 0.0039530 seconds, Stopping threads took: 0.0020120 seconds
319.337: Application time: 0.0757080 seconds
319.340: [GC [PSYoungGen: 89264K->6352K(96768K)] 113137K->30225K(317952K), 0.0018300 secs] [Times: user=0.02 sys=0.00, real=0.00 secs] 
319.342: Total time for which application threads were stopped: 0.0045560 seconds, Stopping threads took: 0.0026450 seconds
319.416: Application time: 0.0740190 seconds
319.418: [GC [PSYoungGen: 89296K->8096K(96768K)] 113169K->31977K(317952K), 0.0024720 secs] [Times: user=0.02 sys=0.00, real=0.00 secs] 
319.421: Total time for which application threads were stopped: 0.0049100 seconds, Stopping threads took: 0.0023540 seconds
319.495: Application time: 0.0739490 seconds
319.497: [GC [PSYoungGen: 91040K->6704K(96768K)] 114921K->30585K(317952K), 0.0019740 secs] [Times: user=0.01 sys=0.00, real=0.00 secs] 
319.499: Total time for which application threads were stopped: 0.0041110 seconds, Stopping threads took: 0.0020540 seconds
319.576: Application time: 0.0770920 seconds
319.578: [GC [PSYoungGen: 89648K->7056K(96768K)] 113529K->30945K(317952K), 0.0021280 secs] [Times: user=0.01 sys=0.01, real=0.00 secs] 
319.580: Total time for which application threads were stopped: 0.0042690 seconds, Stopping threads took: 0.0020540 seconds
319.659: Application time: 0.0787250 seconds
319.659: [GC [PSYoungGen: 90000K->6384K(96768K)] 113889K->30281K(317952K), 0.0020790 secs] [Times: user=0.02 sys=0.00, real=0.00 secs] 
319.661: Total time for which application threads were stopped: 0.0024850 seconds, Stopping threads took: 0.0003170 seconds
319.740: Application time: 0.0790530 seconds
319.742: [GC [PSYoungGen: 89328K->8176K(96768K)] 113225K->32081K(317952K), 0.0024810 secs] [Times: user=0.02 sys=0.00, real=0.00 secs] 
319.744: Total time for which application threads were stopped: 0.0041060 seconds, Stopping threads took: 0.0015410 seconds
319.827: Application time: 0.0822140 seconds
319.828: [GC [PSYoungGen: 91120K->7600K(96768K)] 115025K->31505K(317952K), 0.0023910 secs] [Times: user=0.02 sys=0.00, real=0.00 secs] 
319.830: Total time for which application threads were stopped: 0.0036380 seconds, Stopping threads took: 0.0011630 seconds
319.910: Application time: 0.0798060 seconds
319.911: [GC [PSYoungGen: 90544K->6304K(96768K)] 114449K->30217K(317952K), 0.0019400 secs] [Times: user=0.01 sys=0.00, real=0.00 secs] 
319.913: Total time for which application threads were stopped: 0.0033150 seconds, Stopping threads took: 0.0012940 seconds
319.991: Application time: 0.0777430 seconds
319.993: [GC [PSYoungGen: 89248K->7152K(96768K)] 113161K->31065K(317952K), 0.0021870 secs] [Times: user=0.01 sys=0.00, real=0.00 secs] 
319.995: Total time for which application threads were stopped: 0.0037280 seconds, Stopping threads took: 0.0014550 seconds
320.073: Application time: 0.0780590 seconds
320.075: [GC [PSYoungGen: 90096K->8336K(96768K)] 114009K->32257K(317952K), 0.0026250 secs] [Times: user=0.02 sys=0.00, real=0.00 secs] 
320.078: Total time for which application threads were stopped: 0.0049600 seconds, Stopping threads took: 0.0022510 seconds
320.160: Application time: 0.0815920 seconds
320.162: [GC [PSYoungGen: 91280K->7840K(96768K)] 115201K->31769K(317952K), 0.0025020 secs] [Times: user=0.02 sys=0.00, real=0.00 secs] 
320.165: Total time for which application threads were stopped: 0.0051640 seconds, Stopping threads took: 0.0025670 seconds
320.248: Application time: 0.0837530 seconds
320.249: [GC [PSYoungGen: 90784K->5232K(96768K)] 114713K->29169K(317952K), 0.0016090 secs] [Times: user=0.01 sys=0.00, real=0.00 secs] 
320.250: Total time for which application threads were stopped: 0.0020170 seconds, Stopping threads took: 0.0003300 seconds
320.336: Application time: 0.0855670 seconds
320.338: [GC [PSYoungGen: 88176K->5488K(96768K)] 112113K->29425K(317952K), 0.0016460 secs] [Times: user=0.01 sys=0.00, real=0.00 secs] 
320.340: Total time for which application threads were stopped: 0.0037810 seconds, Stopping threads took: 0.0020560 seconds
320.424: Application time: 0.0846360 seconds
320.426: [GC [PSYoungGen: 88432K->5552K(96768K)] 112369K->29497K(317952K), 0.0016990 secs] [Times: user=0.01 sys=0.00, real=0.01 secs] 
320.427: Total time for which application threads were stopped: 0.0028010 seconds, Stopping threads took: 0.0010230 seconds
320.515: Application time: 0.0882080 seconds
320.518: [GC [PSYoungGen: 88496K->5552K(96768K)] 112441K->29497K(317952K), 0.0016490 secs] [Times: user=0.01 sys=0.00, real=0.00 secs] 
320.519: Total time for which application threads were stopped: 0.0039600 seconds, Stopping threads took: 0.0022310 seconds
320.602: Application time: 0.0829280 seconds
320.605: [GC [PSYoungGen: 88496K->7264K(96768K)] 112441K->31217K(317952K), 0.0022760 secs] [Times: user=0.02 sys=0.00, real=0.01 secs] 
320.608: Total time for which application threads were stopped: 0.0053100 seconds, Stopping threads took: 0.0029450 seconds
320.687: Application time: 0.0793160 seconds
320.688: [GC [PSYoungGen: 90208K->5888K(96768K)] 114161K->29849K(317952K), 0.0017790 secs] [Times: user=0.01 sys=0.00, real=0.00 secs] 
320.690: Total time for which application threads were stopped: 0.0027860 seconds, Stopping threads took: 0.0009220 seconds
320.771: Application time: 0.0808450 seconds
320.772: [GC [PSYoungGen: 88832K->6464K(96768K)] 112793K->30433K(317952K), 0.0019260 secs] [Times: user=0.02 sys=0.00, real=0.00 secs] 
320.774: Total time for which application threads were stopped: 0.0037310 seconds, Stopping threads took: 0.0017210 seconds
320.855: Application time: 0.0809810 seconds
320.858: [GC [PSYoungGen: 89408K->6800K(96768K)] 113377K->30777K(317952K), 0.0020860 secs] [Times: user=0.01 sys=0.00, real=0.00 secs] 
320.860: Total time for which application threads were stopped: 0.0043970 seconds, Stopping threads took: 0.0022300 seconds
320.937: Application time: 0.0773880 seconds
320.938: [GC [PSYoungGen: 89744K->7584K(96768K)] 113721K->31569K(317952K), 0.0023500 secs] [Times: user=0.02 sys=0.00, real=0.00 secs] 
320.941: Total time for which application threads were stopped: 0.0034240 seconds, Stopping threads took: 0.0009870 seconds
321.024: Application time: 0.0831960 seconds
321.025: [GC [PSYoungGen: 90528K->6576K(96768K)] 114513K->30561K(317952K), 0.0020030 secs] [Times: user=0.01 sys=0.00, real=0.01 secs] 
321.028: Total time for which application threads were stopped: 0.0037320 seconds, Stopping threads took: 0.0016460 seconds
321.108: Application time: 0.0800030 seconds
321.111: [GC [PSYoungGen: 89520K->5504K(96768K)] 113505K->29497K(317952K), 0.0016860 secs] [Times: user=0.01 sys=0.00, real=0.00 secs] 
321.112: Total time for which application threads were stopped: 0.0047660 seconds, Stopping threads took: 0.0030010 seconds
321.194: Application time: 0.0812980 seconds
321.195: [GC [PSYoungGen: 88448K->5504K(96768K)] 112441K->29505K(317952K), 0.0016890 secs] [Times: user=0.01 sys=0.00, real=0.00 secs] 
321.197: Total time for which application threads were stopped: 0.0034640 seconds, Stopping threads took: 0.0016790 seconds
321.273: Application time: 0.0761240 seconds
321.276: [GC [PSYoungGen: 88448K->8112K(96768K)] 112449K->32121K(317952K), 0.0026040 secs] [Times: user=0.01 sys=0.00, real=0.00 secs] 
321.278: Total time for which application threads were stopped: 0.0051730 seconds, Stopping threads took: 0.0024870 seconds
321.356: Application time: 0.0780710 seconds
321.359: [GC [PSYoungGen: 91056K->8288K(96768K)] 115065K->32305K(317952K), 0.0025010 secs] [Times: user=0.02 sys=0.00, real=0.00 secs] 
321.362: Total time for which application threads were stopped: 0.0051110 seconds, Stopping threads took: 0.0025260 seconds
321.444: Application time: 0.0827610 seconds
321.447: [GC [PSYoungGen: 91232K->6896K(96768K)] 115249K->30913K(317952K), 0.0020820 secs] [Times: user=0.02 sys=0.00, real=0.00 secs] 
321.449: Total time for which application threads were stopped: 0.0050910 seconds, Stopping threads took: 0.0029260 seconds
321.537: Application time: 0.0871550 seconds
321.539: [GC [PSYoungGen: 89840K->5120K(96768K)] 113857K->29145K(317952K), 0.0015880 secs] [Times: user=0.01 sys=0.00, real=0.00 secs] 
321.540: Total time for which application threads were stopped: 0.0036910 seconds, Stopping threads took: 0.0020230 seconds
321.628: Application time: 0.0876320 seconds
321.630: [GC [PSYoungGen: 88064K->5536K(96768K)] 112089K->29561K(317952K), 0.0016060 secs] [Times: user=0.01 sys=0.00, real=0.00 secs] 
321.632: Total time for which application threads were stopped: 0.0037040 seconds, Stopping threads took: 0.0020140 seconds
321.711: Application time: 0.0794790 seconds
321.714: [GC [PSYoungGen: 88480K->6608K(96768K)] 112505K->30641K(317952K), 0.0019860 secs] [Times: user=0.02 sys=0.00, real=0.01 secs] 
321.716: Total time for which application threads were stopped: 0.0045330 seconds, Stopping threads took: 0.0024530 seconds
321.796: Application time: 0.0805630 seconds
321.799: [GC [PSYoungGen: 89552K->5264K(96768K)] 113585K->29305K(317952K), 0.0016280 secs] [Times: user=0.01 sys=0.00, real=0.00 secs] 
321.800: Total time for which application threads were stopped: 0.0041830 seconds, Stopping threads took: 0.0024730 seconds
321.881: Application time: 0.0808240 seconds
321.883: [GC [PSYoungGen: 88208K->7200K(96768K)] 112249K->31249K(317952K), 0.0023520 secs] [Times: user=0.02 sys=0.00, real=0.00 secs] 
321.885: Total time for which application threads were stopped: 0.0042710 seconds, Stopping threads took: 0.0018350 seconds
321.966: Application time: 0.0804130 seconds
321.968: [GC [PSYoungGen: 90144K->5952K(96768K)] 114193K->30001K(317952K), 0.0018170 secs] [Times: user=0.01 sys=0.00, real=0.00 secs] 
321.970: Total time for which application threads were stopped: 0.0042140 seconds, Stopping threads took: 0.0023100 seconds
322.048: Application time: 0.0778200 seconds
322.050: [GC [PSYoungGen: 88896K->6816K(96768K)] 112945K->30873K(317952K), 0.0021270 secs] [Times: user=0.02 sys=0.00, real=0.00 secs] 
322.052: Total time for which application threads were stopped: 0.0039790 seconds, Stopping threads took: 0.0017700 seconds
322.136: Application time: 0.0837380 seconds
322.138: [GC [PSYoungGen: 89760K->4736K(96768K)] 113817K->28793K(317952K), 0.0015210 secs] [Times: user=0.01 sys=0.00, real=0.00 secs] 
322.139: Total time for which application threads were stopped: 0.0034480 seconds, Stopping threads took: 0.0018540 seconds
322.223: Application time: 0.0841160 seconds
322.226: [GC [PSYoungGen: 87680K->5552K(96768K)] 111737K->29617K(317952K), 0.0016620 secs] [Times: user=0.01 sys=0.00, real=0.01 secs] 
322.228: Total time for which application threads were stopped: 0.0045530 seconds, Stopping threads took: 0.0028050 seconds
322.311: Application time: 0.0833120 seconds
322.312: [GC [PSYoungGen: 88496K->7008K(96768K)] 112561K->31081K(317952K), 0.0021000 secs] [Times: user=0.02 sys=0.00, real=0.00 secs] 
322.315: Total time for which application threads were stopped: 0.0035000 seconds, Stopping threads took: 0.0013200 seconds
322.395: Application time: 0.0802170 seconds
322.398: [GC [PSYoungGen: 89952K->6096K(96768K)] 114025K->30177K(317952K), 0.0019110 secs] [Times: user=0.01 sys=0.00, real=0.00 secs] 
322.400: Total time for which application threads were stopped: 0.0048110 seconds, Stopping threads took: 0.0028190 seconds
322.479: Application time: 0.0789610 seconds
322.480: [GC [PSYoungGen: 89040K->7200K(96768K)] 113121K->31281K(317952K), 0.0022280 secs] [Times: user=0.01 sys=0.00, real=0.00 secs] 
322.483: Total time for which application threads were stopped: 0.0042030 seconds, Stopping threads took: 0.0018920 seconds
322.562: Application time: 0.0790520 seconds
322.564: [GC [PSYoungGen: 90144K->8016K(96768K)] 114225K->32105K(317952K), 0.0024950 secs] [Times: user=0.02 sys=0.00, real=0.00 secs] 
322.567: Total time for which application threads were stopped: 0.0051300 seconds, Stopping threads took: 0.0025470 seconds
322.650: Application time: 0.0834590 seconds
322.652: [GC [PSYoungGen: 90960K->7024K(96768K)] 115049K->31113K(317952K), 0.0020880 secs] [Times: user=0.02 sys=0.00, real=0.00 secs] 
322.655: Total time for which application threads were stopped: 0.0041560 seconds, Stopping threads took: 0.0019860 seconds
322.739: Application time: 0.0840140 seconds
322.740: [GC [PSYoungGen: 89968K->4880K(96768K)] 114057K->28977K(317952K), 0.0015930 secs] [Times: user=0.01 sys=0.00, real=0.00 secs] 
322.742: Total time for which application threads were stopped: 0.0032330 seconds, Stopping threads took: 0.0015550 seconds
322.826: Application time: 0.0839350 seconds
322.828: [GC [PSYoungGen: 87824K->5120K(96768K)] 111921K->29225K(317952K), 0.0016400 secs] [Times: user=0.01 sys=0.00, real=0.00 secs] 
322.830: Total time for which application threads were stopped: 0.0039450 seconds, Stopping threads took: 0.0022250 seconds
322.916: Application time: 0.0865430 seconds
322.919: [GC [PSYoungGen: 88064K->5536K(96768K)] 112169K->29649K(317952K), 0.0017870 secs] [Times: user=0.01 sys=0.00, real=0.00 secs] 
322.921: Total time for which application threads were stopped: 0.0047630 seconds, Stopping threads took: 0.0028920 seconds
323.006: Application time: 0.0846800 seconds
323.007: [GC [PSYoungGen: 88480K->5568K(96768K)] 112593K->29681K(317952K), 0.0016640 secs] [Times: user=0.01 sys=0.00, real=0.00 secs] 
323.009: Total time for which application threads were stopped: 0.0034910 seconds, Stopping threads took: 0.0017470 seconds
323.090: Application time: 0.0807900 seconds
323.092: [GC [PSYoungGen: 88512K->7440K(96768K)] 112625K->31561K(317952K), 0.0022610 secs] [Times: user=0.02 sys=0.00, real=0.00 secs] 
323.094: Total time for which application threads were stopped: 0.0044270 seconds, Stopping threads took: 0.0020810 seconds
323.172: Application time: 0.0777770 seconds
323.174: [GC [PSYoungGen: 90384K->7792K(96768K)] 114505K->31913K(317952K), 0.0023700 secs] [Times: user=0.01 sys=0.00, real=0.01 secs] 
323.176: Total time for which application threads were stopped: 0.0042360 seconds, Stopping threads took: 0.0017820 seconds
323.255: Application time: 0.0785770 seconds
323.258: [GC [PSYoungGen: 90736K->7712K(96768K)] 114857K->31841K(317952K), 0.0024350 secs] [Times: user=0.01 sys=0.00, real=0.00 secs] 
323.260: Total time for which application threads were stopped: 0.0051880 seconds, Stopping threads took: 0.0026600 seconds
323.342: Application time: 0.0821940 seconds
323.343: [GC [PSYoungGen: 90656K->4496K(96768K)] 114785K->28633K(317952K), 0.0014540 secs] [Times: user=0.01 sys=0.00, real=0.00 secs] 
323.344: Total time for which application threads were stopped: 0.0017930 seconds, Stopping threads took: 0.0002620 seconds
323.425: Application time: 0.0808760 seconds
323.427: [GC [PSYoungGen: 87440K->6304K(96768K)] 111577K->30449K(317952K), 0.0020310 secs] [Times: user=0.01 sys=0.00, real=0.00 secs] 
323.429: Total time for which application threads were stopped: 0.0042160 seconds, Stopping threads took: 0.0021030 seconds
323.509: Application time: 0.0797030 seconds
323.511: [GC [PSYoungGen: 89248K->6272K(96768K)] 113393K->30425K(317952K), 0.0019880 secs] [Times: user=0.01 sys=0.00, real=0.00 secs] 
323.514: Total time for which application threads were stopped: 0.0045160 seconds, Stopping threads took: 0.0024370 seconds
323.592: Application time: 0.0789500 seconds
323.595: [GC [PSYoungGen: 89216K->8288K(96768K)] 113369K->32449K(317952K), 0.0025980 secs] [Times: user=0.02 sys=0.00, real=0.00 secs] 
323.598: Total time for which application threads were stopped: 0.0054720 seconds, Stopping threads took: 0.0027920 seconds
323.675: Application time: 0.0769820 seconds
323.676: [GC [PSYoungGen: 91232K->7392K(96768K)] 115393K->31553K(317952K), 0.0022640 secs] [Times: user=0.02 sys=0.00, real=0.00 secs] 
323.678: Total time for which application threads were stopped: 0.0032040 seconds, Stopping threads took: 0.0008580 seconds
323.752: Application time: 0.0739350 seconds
323.754: [GC [PSYoungGen: 90336K->7440K(96768K)] 114497K->31601K(317952K), 0.0022660 secs] [Times: user=0.01 sys=0.00, real=0.01 secs] 
323.756: Total time for which application threads were stopped: 0.0043170 seconds, Stopping threads took: 0.0019660 seconds
323.830: Application time: 0.0732760 seconds
323.832: [GC [PSYoungGen: 90384K->8320K(96768K)] 114545K->32497K(317952K), 0.0025160 secs] [Times: user=0.02 sys=0.00, real=0.00 secs] 
323.835: Total time for which application threads were stopped: 0.0049330 seconds, Stopping threads took: 0.0023300 seconds
323.911: Application time: 0.0764630 seconds
323.914: [GC [PSYoungGen: 91264K->6704K(96768K)] 115441K->30889K(317952K), 0.0020330 secs] [Times: user=0.01 sys=0.00, real=0.01 secs] 
323.916: Total time for which application threads were stopped: 0.0048270 seconds, Stopping threads took: 0.0027130 seconds
323.989: Application time: 0.0730740 seconds
323.990: [GC [PSYoungGen: 89648K->7312K(96768K)] 113833K->31505K(317952K), 0.0022850 secs] [Times: user=0.01 sys=0.00, real=0.00 secs] 
323.993: Total time for which application threads were stopped: 0.0037640 seconds, Stopping threads took: 0.0013750 seconds
324.069: Application time: 0.0759340 seconds
324.071: [GC [PSYoungGen: 90256K->7264K(96768K)] 114449K->31457K(317952K), 0.0021990 secs] [Times: user=0.01 sys=0.00, real=0.00 secs] 
324.073: Total time for which application threads were stopped: 0.0041940 seconds, Stopping threads took: 0.0019080 seconds
324.151: Application time: 0.0785070 seconds
324.154: [GC [PSYoungGen: 90208K->5952K(96768K)] 114401K->30153K(317952K), 0.0018130 secs] [Times: user=0.01 sys=0.01, real=0.01 secs] 
324.155: Total time for which application threads were stopped: 0.0040250 seconds, Stopping threads took: 0.0021300 seconds
324.236: Application time: 0.0802390 seconds
324.237: [GC [PSYoungGen: 88896K->5232K(96768K)] 113097K->29441K(317952K), 0.0015960 secs] [Times: user=0.01 sys=0.00, real=0.00 secs] 
324.239: Total time for which application threads were stopped: 0.0031570 seconds, Stopping threads took: 0.0014850 seconds
324.315: Application time: 0.0759250 seconds
324.316: [GC [PSYoungGen: 88176K->6480K(96768K)] 112385K->30697K(317952K), 0.0019740 secs] [Times: user=0.01 sys=0.00, real=0.00 secs] 
324.318: Total time for which application threads were stopped: 0.0032640 seconds, Stopping threads took: 0.0012080 seconds
324.392: Application time: 0.0739280 seconds
324.393: [GC [PSYoungGen: 89424K->6816K(96768K)] 113641K->31033K(317952K), 0.0021160 secs] [Times: user=0.02 sys=0.00, real=0.01 secs] 
324.396: Total time for which application threads were stopped: 0.0036690 seconds, Stopping threads took: 0.0014610 seconds
324.473: Application time: 0.0777590 seconds
324.476: [GC [PSYoungGen: 89760K->6496K(96768K)] 113977K->30721K(317952K), 0.0019440 secs] [Times: user=0.01 sys=0.00, real=0.00 secs] 
324.478: Total time for which application threads were stopped: 0.0049760 seconds, Stopping threads took: 0.0029520 seconds
324.554: Application time: 0.0752130 seconds
324.555: [GC [PSYoungGen: 89440K->6688K(96768K)] 113665K->30913K(317952K), 0.0019770 secs] [Times: user=0.02 sys=0.00, real=0.01 secs] 
324.557: Total time for which application threads were stopped: 0.0034230 seconds, Stopping threads took: 0.0013640 seconds
324.635: Application time: 0.0778150 seconds
324.637: [GC [PSYoungGen: 89632K->6592K(96768K)] 113857K->30825K(317952K), 0.0019680 secs] [Times: user=0.01 sys=0.00, real=0.00 secs] 
324.639: Total time for which application threads were stopped: 0.0045090 seconds, Stopping threads took: 0.0024560 seconds
324.713: Application time: 0.0740560 seconds
324.716: [GC [PSYoungGen: 89536K->8304K(96768K)] 113769K->32537K(317952K), 0.0024150 secs] [Times: user=0.01 sys=0.00, real=0.00 secs] 
324.719: Total time for which application threads were stopped: 0.0053620 seconds, Stopping threads took: 0.0028630 seconds
324.793: Application time: 0.0738700 seconds
324.794: [GC [PSYoungGen: 91248K->7056K(96768K)] 115481K->31297K(317952K), 0.0021580 secs] [Times: user=0.01 sys=0.00, real=0.01 secs] 
324.796: Total time for which application threads were stopped: 0.0035850 seconds, Stopping threads took: 0.0013430 seconds
324.874: Application time: 0.0776200 seconds
324.876: [GC [PSYoungGen: 90000K->6032K(96768K)] 114241K->30281K(317952K), 0.0018410 secs] [Times: user=0.01 sys=0.00, real=0.00 secs] 
324.878: Total time for which application threads were stopped: 0.0038880 seconds, Stopping threads took: 0.0019660 seconds
324.954: Application time: 0.0762730 seconds
324.956: [GC [PSYoungGen: 88976K->5232K(96768K)] 113225K->29489K(317952K), 0.0016470 secs] [Times: user=0.01 sys=0.00, real=0.00 secs] 
324.958: Total time for which application threads were stopped: 0.0036750 seconds, Stopping threads took: 0.0019200 seconds
325.033: Application time: 0.0748890 seconds
325.034: [GC [PSYoungGen: 88176K->8224K(96768K)] 112433K->32489K(317952K), 0.0025460 secs] [Times: user=0.02 sys=0.00, real=0.01 secs] 
325.037: Total time for which application threads were stopped: 0.0044480 seconds, Stopping threads took: 0.0018180 seconds
325.118: Application time: 0.0805380 seconds
325.118: [GC [PSYoungGen: 91168K->3904K(96768K)] 115433K->28177K(317952K), 0.0012320 secs] [Times: user=0.01 sys=0.00, real=0.00 secs] 
325.119: Total time for which application threads were stopped: 0.0014530 seconds, Stopping threads took: 0.0001550 seconds
325.204: Application time: 0.0854900 seconds
325.206: [GC [PSYoungGen: 86848K->5312K(96768K)] 111121K->29585K(317952K), 0.0014770 secs] [Times: user=0.01 sys=0.00, real=0.01 secs] 
325.208: Total time for which application threads were stopped: 0.0034210 seconds, Stopping threads took: 0.0018650 seconds
325.287: Application time: 0.0793420 seconds
325.290: [GC [PSYoungGen: 88256K->6832K(96768K)] 112529K->31113K(317952K), 0.0019930 secs] [Times: user=0.01 sys=0.00, real=0.00 secs] 
325.292: Total time for which application threads were stopped: 0.0047170 seconds, Stopping threads took: 0.0026440 seconds
325.364: Application time: 0.0722240 seconds
325.366: [GC [PSYoungGen: 89776K->6016K(96768K)] 114057K->30305K(317952K), 0.0017530 secs] [Times: user=0.01 sys=0.00, real=0.01 secs] 
325.368: Total time for which application threads were stopped: 0.0034190 seconds, Stopping threads took: 0.0015860 seconds
325.446: Application time: 0.0788100 seconds
325.449: [GC [PSYoungGen: 88960K->7248K(96768K)] 113249K->31545K(317952K), 0.0021900 secs] [Times: user=0.02 sys=0.00, real=0.00 secs] 
325.452: Total time for which application threads were stopped: 0.0051860 seconds, Stopping threads took: 0.0029150 seconds
325.527: Application time: 0.0752070 seconds
325.529: [GC [PSYoungGen: 90192K->7184K(96768K)] 114489K->31489K(317952K), 0.0022110 secs] [Times: user=0.01 sys=0.00, real=0.00 secs] 
325.531: Total time for which application threads were stopped: 0.0042550 seconds, Stopping threads took: 0.0019560 seconds
325.607: Application time: 0.0757500 seconds
325.609: [GC [PSYoungGen: 90128K->6928K(96768K)] 114433K->31241K(317952K), 0.0021860 secs] [Times: user=0.02 sys=0.00, real=0.00 secs] 
325.611: Total time for which application threads were stopped: 0.0039210 seconds, Stopping threads took: 0.0016500 seconds
325.686: Application time: 0.0751840 seconds
325.688: [GC [PSYoungGen: 89872K->6672K(96768K)] 114185K->30985K(317952K), 0.0020550 secs] [Times: user=0.02 sys=0.00, real=0.00 secs] 
325.690: Total time for which application threads were stopped: 0.0038960 seconds, Stopping threads took: 0.0017610 seconds
325.764: Application time: 0.0744570 seconds
325.765: [GC [PSYoungGen: 89616K->7536K(96768K)] 113929K->31857K(317952K), 0.0023340 secs] [Times: user=0.02 sys=0.00, real=0.01 secs] 
325.768: Total time for which application threads were stopped: 0.0033490 seconds, Stopping threads took: 0.0009330 seconds
325.846: Application time: 0.0787110 seconds
325.848: [GC [PSYoungGen: 90480K->4640K(96768K)] 114801K->28969K(317952K), 0.0017010 secs] [Times: user=0.01 sys=0.00, real=0.00 secs] 
325.850: Total time for which application threads were stopped: 0.0035610 seconds, Stopping threads took: 0.0017730 seconds
325.922: Application time: 0.0722310 seconds
325.923: [GC [PSYoungGen: 87584K->6224K(96768K)] 111913K->30561K(317952K), 0.0019330 secs] [Times: user=0.01 sys=0.00, real=0.00 secs] 
325.925: Total time for which application threads were stopped: 0.0030120 seconds, Stopping threads took: 0.0009950 seconds
326.002: Application time: 0.0764190 seconds
326.003: [GC [PSYoungGen: 89168K->5824K(96768K)] 113505K->30169K(317952K), 0.0017930 secs] [Times: user=0.01 sys=0.00, real=0.00 secs] 
326.005: Total time for which application threads were stopped: 0.0031130 seconds, Stopping threads took: 0.0012400 seconds
326.083: Application time: 0.0784300 seconds
326.085: [GC [PSYoungGen: 88768K->4976K(96768K)] 113113K->29321K(317952K), 0.0014120 secs] [Times: user=0.01 sys=0.00, real=0.00 secs] 
326.087: Total time for which application threads were stopped: 0.0035500 seconds, Stopping threads took: 0.0020520 seconds
326.163: Application time: 0.0766290 seconds
326.166: [GC [PSYoungGen: 87920K->7792K(96768K)] 112265K->32145K(317952K), 0.0023740 secs] [Times: user=0.01 sys=0.00, real=0.01 secs] 
326.169: Total time for which application threads were stopped: 0.0051830 seconds, Stopping threads took: 0.0027310 seconds
326.248: Application time: 0.0791300 seconds
326.248: [GC [PSYoungGen: 90736K->5568K(96768K)] 115089K->29921K(317952K), 0.0016660 secs] [Times: user=0.01 sys=0.00, real=0.00 secs] 
326.250: Total time for which application threads were stopped: 0.0023150 seconds, Stopping threads took: 0.0005700 seconds
326.325: Application time: 0.0748930 seconds
326.327: [GC [PSYoungGen: 88512K->7440K(96768K)] 112865K->31801K(317952K), 0.0022780 secs] [Times: user=0.01 sys=0.00, real=0.01 secs] 
326.329: Total time for which application threads were stopped: 0.0046190 seconds, Stopping threads took: 0.0022590 seconds
326.405: Application time: 0.0757870 seconds
326.407: [GC [PSYoungGen: 90384K->6320K(96768K)] 114745K->30689K(317952K), 0.0020420 secs] [Times: user=0.01 sys=0.00, real=0.01 secs] 
326.409: Total time for which application threads were stopped: 0.0035840 seconds, Stopping threads took: 0.0014600 seconds
326.487: Application time: 0.0785440 seconds
326.490: [GC [PSYoungGen: 89264K->8304K(96768K)] 113633K->32681K(317952K), 0.0025610 secs] [Times: user=0.02 sys=0.00, real=0.00 secs] 
326.492: Total time for which application threads were stopped: 0.0049240 seconds, Stopping threads took: 0.0022810 seconds
326.568: Application time: 0.0754390 seconds
326.569: [GC [PSYoungGen: 91248K->5664K(96768K)] 115625K->30041K(317952K), 0.0016890 secs] [Times: user=0.02 sys=0.00, real=0.00 secs] 
326.571: Total time for which application threads were stopped: 0.0034320 seconds, Stopping threads took: 0.0016530 seconds
326.650: Application time: 0.0784930 seconds
326.652: [GC [PSYoungGen: 88608K->4800K(96768K)] 112985K->29185K(317952K), 0.0014160 secs] [Times: user=0.01 sys=0.00, real=0.00 secs] 
326.654: Total time for which application threads were stopped: 0.0040660 seconds, Stopping threads took: 0.0025630 seconds
326.728: Application time: 0.0738280 seconds
326.730: [GC [PSYoungGen: 87744K->7104K(96768K)] 112129K->31489K(317952K), 0.0021850 secs] [Times: user=0.02 sys=0.00, real=0.00 secs] 
326.732: Total time for which application threads were stopped: 0.0042750 seconds, Stopping threads took: 0.0019990 seconds
326.809: Application time: 0.0771800 seconds
326.810: [GC [PSYoungGen: 90048K->5024K(96768K)] 114433K->29417K(317952K), 0.0016170 secs] [Times: user=0.01 sys=0.00, real=0.00 secs] 
326.812: Total time for which application threads were stopped: 0.0025620 seconds, Stopping threads took: 0.0008700 seconds
326.888: Application time: 0.0762430 seconds
326.890: [GC [PSYoungGen: 87968K->8400K(96768K)] 112361K->32809K(317952K), 0.0026830 secs] [Times: user=0.02 sys=0.00, real=0.00 secs] 
326.892: Total time for which application threads were stopped: 0.0045240 seconds, Stopping threads took: 0.0017580 seconds
326.970: Application time: 0.0772700 seconds
326.971: [GC [PSYoungGen: 91344K->7536K(96768K)] 115753K->31953K(317952K), 0.0024210 secs] [Times: user=0.01 sys=0.00, real=0.00 secs] 
326.973: Total time for which application threads were stopped: 0.0037530 seconds, Stopping threads took: 0.0012480 seconds
327.050: Application time: 0.0763040 seconds
327.051: [GC [PSYoungGen: 90480K->6416K(96768K)] 114897K->30841K(317952K), 0.0020640 secs] [Times: user=0.01 sys=0.00, real=0.00 secs] 
327.053: Total time for which application threads were stopped: 0.0029590 seconds, Stopping threads took: 0.0008170 seconds
327.129: Application time: 0.0762440 seconds
327.131: [GC [PSYoungGen: 89360K->5872K(96768K)] 113785K->30305K(317952K), 0.0018180 secs] [Times: user=0.01 sys=0.00, real=0.00 secs] 
327.133: Total time for which application threads were stopped: 0.0044330 seconds, Stopping threads took: 0.0025390 seconds
327.215: Application time: 0.0819520 seconds
327.217: [GC [PSYoungGen: 88816K->4176K(96768K)] 113249K->28609K(317952K), 0.0012300 secs] [Times: user=0.01 sys=0.00, real=0.00 secs] 
327.218: Total time for which application threads were stopped: 0.0027180 seconds, Stopping threads took: 0.0014110 seconds
327.293: Application time: 0.0753730 seconds
327.295: [GC [PSYoungGen: 87120K->6112K(96768K)] 111553K->30553K(317952K), 0.0018910 secs] [Times: user=0.02 sys=0.00, real=0.01 secs] 
327.297: Total time for which application threads were stopped: 0.0033460 seconds, Stopping threads took: 0.0013680 seconds
327.373: Application time: 0.0759190 seconds
327.375: [GC [PSYoungGen: 89056K->7584K(96768K)] 113497K->32033K(317952K), 0.0022320 secs] [Times: user=0.01 sys=0.00, real=0.01 secs] 
327.377: Total time for which application threads were stopped: 0.0047270 seconds, Stopping threads took: 0.0024120 seconds
327.450: Application time: 0.0729450 seconds
327.452: [GC [PSYoungGen: 90528K->7888K(96768K)] 114977K->32353K(317952K), 0.0024550 secs] [Times: user=0.01 sys=0.00, real=0.00 secs] 
327.455: Total time for which application threads were stopped: 0.0045930 seconds, Stopping threads took: 0.0020560 seconds
327.531: Application time: 0.0759800 seconds
327.534: [GC [PSYoungGen: 90832K->6864K(96768K)] 115297K->31337K(317952K), 0.0020010 secs] [Times: user=0.01 sys=0.00, real=0.01 secs] 
327.536: Total time for which application threads were stopped: 0.0050690 seconds, Stopping threads took: 0.0029860 seconds
327.610: Application time: 0.0740990 seconds
327.612: [GC [PSYoungGen: 89808K->7712K(96768K)] 114281K->32193K(317952K), 0.0024830 secs] [Times: user=0.01 sys=0.00, real=0.00 secs] 
327.615: Total time for which application threads were stopped: 0.0045870 seconds, Stopping threads took: 0.0020210 seconds
327.693: Application time: 0.0780920 seconds
327.695: [GC [PSYoungGen: 90656K->7760K(96768K)] 115137K->32241K(317952K), 0.0023990 secs] [Times: user=0.01 sys=0.00, real=0.01 secs] 
327.697: Total time for which application threads were stopped: 0.0044100 seconds, Stopping threads took: 0.0019260 seconds
327.778: Application time: 0.0810530 seconds
327.780: [GC [PSYoungGen: 90704K->6080K(96768K)] 115185K->30569K(317952K), 0.0019380 secs] [Times: user=0.01 sys=0.00, real=0.00 secs] 
327.782: Total time for which application threads were stopped: 0.0039660 seconds, Stopping threads took: 0.0019390 seconds
327.867: Application time: 0.0849100 seconds
327.869: [GC [PSYoungGen: 89024K->5760K(96768K)] 113513K->30257K(317952K), 0.0017690 secs] [Times: user=0.01 sys=0.00, real=0.00 secs] 
327.871: Total time for which application threads were stopped: 0.0039690 seconds, Stopping threads took: 0.0021230 seconds
327.951: Application time: 0.0798210 seconds
327.954: [GC [PSYoungGen: 88704K->6704K(96768K)] 113201K->31209K(317952K), 0.0020480 secs] [Times: user=0.02 sys=0.00, real=0.01 secs] 
327.956: Total time for which application threads were stopped: 0.0051930 seconds, Stopping threads took: 0.0030580 seconds
328.039: Application time: 0.0831220 seconds
328.041: [GC [PSYoungGen: 89648K->6816K(96768K)] 114153K->31329K(317952K), 0.0020570 secs] [Times: user=0.01 sys=0.00, real=0.00 secs] 
328.043: Total time for which application threads were stopped: 0.0042130 seconds, Stopping threads took: 0.0020710 seconds
328.123: Application time: 0.0800330 seconds
328.126: [GC [PSYoungGen: 89760K->7424K(96768K)] 114273K->31937K(317952K), 0.0022440 secs] [Times: user=0.02 sys=0.00, real=0.01 secs] 
328.128: Total time for which application threads were stopped: 0.0048530 seconds, Stopping threads took: 0.0025050 seconds
328.208: Application time: 0.0797310 seconds
328.211: [GC [PSYoungGen: 90368K->7504K(96768K)] 114881K->32025K(317952K), 0.0022330 secs] [Times: user=0.01 sys=0.00, real=0.00 secs] 
328.213: Total time for which application threads were stopped: 0.0053660 seconds, Stopping threads took: 0.0030460 seconds
328.292: Application time: 0.0787920 seconds
328.294: [GC [PSYoungGen: 90448K->7744K(96768K)] 114969K->32265K(317952K), 0.0023730 secs] [Times: user=0.02 sys=0.00, real=0.01 secs] 
328.297: Total time for which application threads were stopped: 0.0044990 seconds, Stopping threads took: 0.0020340 seconds
328.381: Application time: 0.0838860 seconds
328.382: [GC [PSYoungGen: 90688K->7856K(96768K)] 115209K->32385K(317952K), 0.0053360 secs] [Times: user=0.03 sys=0.00, real=0.01 secs] 
328.388: Total time for which application threads were stopped: 0.0068940 seconds, Stopping threads took: 0.0014720 seconds
328.464: Application time: 0.0765040 seconds
328.466: [GC [PSYoungGen: 90800K->7856K(96768K)] 115329K->32401K(317952K), 0.0026840 secs] [Times: user=0.01 sys=0.00, real=0.01 secs] 
328.469: Total time for which application threads were stopped: 0.0046450 seconds, Stopping threads took: 0.0018770 seconds
328.551: Application time: 0.0826660 seconds
328.554: [GC [PSYoungGen: 90800K->7136K(96768K)] 115345K->31697K(317952K), 0.0022090 secs] [Times: user=0.01 sys=0.00, real=0.01 secs] 
328.556: Total time for which application threads were stopped: 0.0047920 seconds, Stopping threads took: 0.0025000 seconds
328.638: Application time: 0.0815180 seconds
328.639: [GC [PSYoungGen: 90080K->5376K(96768K)] 114641K->29945K(317952K), 0.0016550 secs] [Times: user=0.01 sys=0.00, real=0.00 secs] 
328.640: Total time for which application threads were stopped: 0.0027530 seconds, Stopping threads took: 0.0010170 seconds
328.723: Application time: 0.0824590 seconds
328.726: [GC [PSYoungGen: 88320K->6464K(96768K)] 112889K->31041K(317952K), 0.0019730 secs] [Times: user=0.02 sys=0.00, real=0.01 secs] 
328.728: Total time for which application threads were stopped: 0.0048500 seconds, Stopping threads took: 0.0027800 seconds
328.808: Application time: 0.0801900 seconds
328.809: [GC [PSYoungGen: 89408K->7328K(96768K)] 113985K->31905K(317952K), 0.0022390 secs] [Times: user=0.02 sys=0.00, real=0.00 secs] 
328.812: Total time for which application threads were stopped: 0.0037500 seconds, Stopping threads took: 0.0014220 seconds
328.895: Application time: 0.0836180 seconds
328.898: [GC [PSYoungGen: 90272K->6384K(96768K)] 114849K->30969K(317952K), 0.0019630 secs] [Times: user=0.01 sys=0.00, real=0.00 secs] 
328.900: Total time for which application threads were stopped: 0.0043520 seconds, Stopping threads took: 0.0023040 seconds
328.980: Application time: 0.0802510 seconds
328.981: [GC [PSYoungGen: 89328K->7536K(96768K)] 113913K->32121K(317952K), 0.0023500 secs] [Times: user=0.01 sys=0.00, real=0.00 secs] 
328.984: Total time for which application threads were stopped: 0.0039250 seconds, Stopping threads took: 0.0014820 seconds
329.067: Application time: 0.0834130 seconds
329.067: [GC [PSYoungGen: 90480K->4864K(96768K)] 115065K->29465K(317952K), 0.0016340 secs] [Times: user=0.01 sys=0.00, real=0.00 secs] 
329.069: Total time for which application threads were stopped: 0.0019260 seconds, Stopping threads took: 0.0002180 seconds
329.151: Application time: 0.0819080 seconds
329.153: [GC [PSYoungGen: 87808K->6080K(96768K)] 112409K->30689K(317952K), 0.0018630 secs] [Times: user=0.02 sys=0.00, real=0.00 secs] 
329.155: Total time for which application threads were stopped: 0.0037240 seconds, Stopping threads took: 0.0017790 seconds
329.240: Application time: 0.0852420 seconds
329.243: [GC [PSYoungGen: 89024K->7888K(96768K)] 113633K->32505K(317952K), 0.0026640 secs] [Times: user=0.02 sys=0.00, real=0.00 secs] 
329.246: Total time for which application threads were stopped: 0.0057580 seconds, Stopping threads took: 0.0030030 seconds
329.326: Application time: 0.0801820 seconds
329.328: [GC [PSYoungGen: 90832K->7536K(96768K)] 115449K->32153K(317952K), 0.0023680 secs] [Times: user=0.02 sys=0.00, real=0.00 secs] 
329.330: Total time for which application threads were stopped: 0.0044490 seconds, Stopping threads took: 0.0019900 seconds
329.413: Application time: 0.0826320 seconds
329.416: [GC [PSYoungGen: 90480K->7088K(96768K)] 115097K->31713K(317952K), 0.0021080 secs] [Times: user=0.02 sys=0.00, real=0.00 secs] 
329.418: Total time for which application threads were stopped: 0.0053930 seconds, Stopping threads took: 0.0031990 seconds
329.498: Application time: 0.0794760 seconds
329.501: [GC [PSYoungGen: 90032K->6992K(96768K)] 114657K->31625K(317952K), 0.0021820 secs] [Times: user=0.02 sys=0.00, real=0.00 secs] 
329.503: Total time for which application threads were stopped: 0.0048260 seconds, Stopping threads took: 0.0025610 seconds
329.584: Application time: 0.0810830 seconds
329.585: [GC [PSYoungGen: 89936K->5664K(96768K)] 114569K->30305K(317952K), 0.0017460 secs] [Times: user=0.01 sys=0.00, real=0.00 secs] 
329.587: Total time for which application threads were stopped: 0.0031270 seconds, Stopping threads took: 0.0012990 seconds
329.669: Application time: 0.0820120 seconds
329.669: [GC [PSYoungGen: 88608K->5392K(96768K)] 113249K->30041K(317952K), 0.0016770 secs] [Times: user=0.01 sys=0.00, real=0.00 secs] 
329.671: Total time for which application threads were stopped: 0.0022090 seconds, Stopping threads took: 0.0004510 seconds
329.755: Application time: 0.0834860 seconds
329.758: [GC [PSYoungGen: 88336K->5616K(96768K)] 112985K->30273K(317952K), 0.0017900 secs] [Times: user=0.01 sys=0.01, real=0.00 secs] 
329.759: Total time for which application threads were stopped: 0.0047940 seconds, Stopping threads took: 0.0029260 seconds
329.839: Application time: 0.0796940 seconds
329.842: [GC [PSYoungGen: 88560K->5808K(96768K)] 113217K->30465K(317952K), 0.0018250 secs] [Times: user=0.01 sys=0.00, real=0.00 secs] 
329.844: Total time for which application threads were stopped: 0.0047040 seconds, Stopping threads took: 0.0027890 seconds
329.925: Application time: 0.0810720 seconds
329.927: [GC [PSYoungGen: 88752K->6752K(96768K)] 113409K->31409K(317952K), 0.0021750 secs] [Times: user=0.01 sys=0.00, real=0.01 secs] 
329.929: Total time for which application threads were stopped: 0.0043300 seconds, Stopping threads took: 0.0020710 seconds
330.009: Application time: 0.0796570 seconds
330.011: [GC [PSYoungGen: 89696K->7552K(96768K)] 114353K->32217K(317952K), 0.0023190 secs] [Times: user=0.02 sys=0.00, real=0.00 secs] 
330.013: Total time for which application threads were stopped: 0.0041510 seconds, Stopping threads took: 0.0017470 seconds
330.092: Application time: 0.0789660 seconds
330.094: [GC [PSYoungGen: 90496K->6608K(96768K)] 115161K->31281K(317952K), 0.0019880 secs] [Times: user=0.01 sys=0.00, real=0.01 secs] 
330.096: Total time for which application threads were stopped: 0.0040870 seconds, Stopping threads took: 0.0020130 seconds
330.179: Application time: 0.0825840 seconds
330.181: [GC [PSYoungGen: 89552K->6368K(96768K)] 114225K->31049K(317952K), 0.0019490 secs] [Times: user=0.01 sys=0.00, real=0.00 secs] 
330.183: Total time for which application threads were stopped: 0.0042680 seconds, Stopping threads took: 0.0022380 seconds
330.264: Application time: 0.0805550 seconds
330.266: [GC [PSYoungGen: 89312K->7776K(96768K)] 113993K->32457K(317952K), 0.0024250 secs] [Times: user=0.01 sys=0.00, real=0.01 secs] 
330.268: Total time for which application threads were stopped: 0.0048500 seconds, Stopping threads took: 0.0023400 seconds
330.346: Application time: 0.0777830 seconds
330.349: [GC [PSYoungGen: 90720K->7760K(96768K)] 115401K->32449K(317952K), 0.0023950 secs] [Times: user=0.01 sys=0.00, real=0.00 secs] 
330.352: Total time for which application threads were stopped: 0.0053780 seconds, Stopping threads took: 0.0028900 seconds
330.432: Application time: 0.0800900 seconds
330.432: [GC [PSYoungGen: 90704K->4752K(96768K)] 115393K->29441K(317952K), 0.0014610 secs] [Times: user=0.01 sys=0.00, real=0.00 secs] 
330.434: Total time for which application threads were stopped: 0.0022690 seconds, Stopping threads took: 0.0007320 seconds
330.516: Application time: 0.0816590 seconds
330.517: [GC [PSYoungGen: 87696K->6496K(96768K)] 112385K->31193K(317952K), 0.0020490 secs] [Times: user=0.01 sys=0.00, real=0.00 secs] 
330.519: Total time for which application threads were stopped: 0.0036700 seconds, Stopping threads took: 0.0015360 seconds
330.598: Application time: 0.0791010 seconds
330.599: [GC [PSYoungGen: 89440K->5952K(96768K)] 114137K->30657K(317952K), 0.0019100 secs] [Times: user=0.02 sys=0.00, real=0.00 secs] 
330.601: Total time for which application threads were stopped: 0.0030430 seconds, Stopping threads took: 0.0010450 seconds
330.682: Application time: 0.0805800 seconds
330.684: [GC [PSYoungGen: 88896K->6208K(96768K)] 113601K->30921K(317952K), 0.0019270 secs] [Times: user=0.01 sys=0.00, real=0.00 secs] 
330.686: Total time for which application threads were stopped: 0.0043180 seconds, Stopping threads took: 0.0023110 seconds
330.764: Application time: 0.0778680 seconds
330.767: [GC [PSYoungGen: 89152K->7248K(96768K)] 113865K->31969K(317952K), 0.0025860 secs] [Times: user=0.01 sys=0.01, real=0.01 secs] 
330.769: Total time for which application threads were stopped: 0.0050760 seconds, Stopping threads took: 0.0023820 seconds
330.847: Application time: 0.0774900 seconds
330.850: [GC [PSYoungGen: 90192K->7456K(96768K)] 114913K->32185K(317952K), 0.0023910 secs] [Times: user=0.02 sys=0.00, real=0.00 secs] 
330.852: Total time for which application threads were stopped: 0.0051820 seconds, Stopping threads took: 0.0026980 seconds
330.933: Application time: 0.0810510 seconds
330.936: [GC [PSYoungGen: 90400K->7552K(96768K)] 115129K->32281K(317952K), 0.0022520 secs] [Times: user=0.02 sys=0.00, real=0.00 secs] 
330.938: Total time for which application threads were stopped: 0.0050460 seconds, Stopping threads took: 0.0027050 seconds
331.021: Application time: 0.0829840 seconds
331.023: [GC [PSYoungGen: 90496K->7408K(96768K)] 115225K->32145K(317952K), 0.0023330 secs] [Times: user=0.01 sys=0.00, real=0.00 secs] 
331.025: Total time for which application threads were stopped: 0.0039350 seconds, Stopping threads took: 0.0014960 seconds
331.110: Application time: 0.0849250 seconds
331.111: [GC [PSYoungGen: 90352K->4032K(96768K)] 115089K->28777K(317952K), 0.0012970 secs] [Times: user=0.00 sys=0.00, real=0.00 secs] 
331.113: Total time for which application threads were stopped: 0.0028990 seconds, Stopping threads took: 0.0015340 seconds
331.197: Application time: 0.0839570 seconds
331.200: [GC [PSYoungGen: 86976K->6720K(96768K)] 111721K->31473K(317952K), 0.0021200 secs] [Times: user=0.02 sys=0.00, real=0.00 secs] 
331.202: Total time for which application threads were stopped: 0.0052330 seconds, Stopping threads took: 0.0030310 seconds
331.283: Application time: 0.0806330 seconds
331.284: [GC [PSYoungGen: 89664K->6624K(96768K)] 114417K->31385K(317952K), 0.0019890 secs] [Times: user=0.02 sys=0.00, real=0.00 secs] 
331.286: Total time for which application threads were stopped: 0.0037680 seconds, Stopping threads took: 0.0016970 seconds
331.369: Application time: 0.0830480 seconds
331.371: [GC [PSYoungGen: 89568K->7392K(96768K)] 114329K->32161K(317952K), 0.0022760 secs] [Times: user=0.02 sys=0.00, real=0.00 secs] 
331.373: Total time for which application threads were stopped: 0.0035090 seconds, Stopping threads took: 0.0011410 seconds
331.457: Application time: 0.0837980 seconds
331.460: [GC [PSYoungGen: 90336K->6208K(96768K)] 115105K->30977K(317952K), 0.0019660 secs] [Times: user=0.01 sys=0.00, real=0.00 secs] 
331.462: Total time for which application threads were stopped: 0.0050470 seconds, Stopping threads took: 0.0030010 seconds
331.545: Application time: 0.0830060 seconds
331.545: [GC [PSYoungGen: 89152K->4992K(96768K)] 113921K->29769K(317952K), 0.0016260 secs] [Times: user=0.01 sys=0.00, real=0.00 secs] 
331.547: Total time for which application threads were stopped: 0.0022860 seconds, Stopping threads took: 0.0005790 seconds
331.632: Application time: 0.0848350 seconds
331.634: [GC [PSYoungGen: 87936K->4768K(96768K)] 112713K->29553K(317952K), 0.0015120 secs] [Times: user=0.01 sys=0.00, real=0.01 secs] 
331.636: Total time for which application threads were stopped: 0.0036890 seconds, Stopping threads took: 0.0021030 seconds
331.713: Application time: 0.0774170 seconds
331.715: [GC [PSYoungGen: 87712K->6784K(96768K)] 112497K->31577K(317952K), 0.0020520 secs] [Times: user=0.02 sys=0.00, real=0.01 secs] 
331.717: Total time for which application threads were stopped: 0.0041080 seconds, Stopping threads took: 0.0019740 seconds
331.792: Application time: 0.0751230 seconds
331.795: [GC [PSYoungGen: 89728K->6560K(96768K)] 114521K->31361K(317952K), 0.0020250 secs] [Times: user=0.01 sys=0.00, real=0.01 secs] 
331.797: Total time for which application threads were stopped: 0.0043920 seconds, Stopping threads took: 0.0022850 seconds
331.871: Application time: 0.0744770 seconds
331.873: [GC [PSYoungGen: 89504K->7072K(96768K)] 114305K->31881K(317952K), 0.0022410 secs] [Times: user=0.01 sys=0.00, real=0.00 secs] 
331.875: Total time for which application threads were stopped: 0.0038280 seconds, Stopping threads took: 0.0015000 seconds
331.952: Application time: 0.0765600 seconds
331.953: [GC [PSYoungGen: 90016K->5872K(96768K)] 114825K->30681K(317952K), 0.0018200 secs] [Times: user=0.01 sys=0.00, real=0.00 secs] 
331.955: Total time for which application threads were stopped: 0.0030110 seconds, Stopping threads took: 0.0011120 seconds
332.030: Application time: 0.0753700 seconds
332.032: [GC [PSYoungGen: 88816K->5696K(96768K)] 113625K->30513K(317952K), 0.0017160 secs] [Times: user=0.01 sys=0.00, real=0.00 secs] 
332.034: Total time for which application threads were stopped: 0.0039750 seconds, Stopping threads took: 0.0021820 seconds
332.110: Application time: 0.0758050 seconds
332.112: [GC [PSYoungGen: 88640K->7584K(96768K)] 113457K->32409K(317952K), 0.0022860 secs] [Times: user=0.01 sys=0.00, real=0.00 secs] 
332.114: Total time for which application threads were stopped: 0.0043330 seconds, Stopping threads took: 0.0019620 seconds
332.195: Application time: 0.0807640 seconds
332.197: [GC [PSYoungGen: 90528K->5888K(96768K)] 115353K->30721K(317952K), 0.0017760 secs] [Times: user=0.01 sys=0.00, real=0.00 secs] 
332.199: Total time for which application threads were stopped: 0.0041590 seconds, Stopping threads took: 0.0023050 seconds
332.275: Application time: 0.0755400 seconds
332.276: [GC [PSYoungGen: 88832K->5648K(96768K)] 113665K->30489K(317952K), 0.0017230 secs] [Times: user=0.02 sys=0.00, real=0.00 secs] 
332.278: Total time for which application threads were stopped: 0.0036590 seconds, Stopping threads took: 0.0018560 seconds
332.355: Application time: 0.0769030 seconds
332.358: [GC [PSYoungGen: 88592K->7680K(96768K)] 113433K->32521K(317952K), 0.0024790 secs] [Times: user=0.01 sys=0.00, real=0.00 secs] 
332.360: Total time for which application threads were stopped: 0.0049490 seconds, Stopping threads took: 0.0023790 seconds
332.434: Application time: 0.0737950 seconds
332.437: [GC [PSYoungGen: 90624K->8224K(96768K)] 115465K->33073K(317952K), 0.0025230 secs] [Times: user=0.02 sys=0.00, real=0.00 secs] 
332.439: Total time for which application threads were stopped: 0.0052370 seconds, Stopping threads took: 0.0026190 seconds
332.513: Application time: 0.0743180 seconds
332.514: [GC [PSYoungGen: 91168K->6368K(96768K)] 116017K->31225K(317952K), 0.0019580 secs] [Times: user=0.01 sys=0.00, real=0.01 secs] 
332.516: Total time for which application threads were stopped: 0.0029130 seconds, Stopping threads took: 0.0008730 seconds
332.594: Application time: 0.0775710 seconds
332.595: [GC [PSYoungGen: 89312K->3840K(96768K)] 114169K->28705K(317952K), 0.0012510 secs] [Times: user=0.01 sys=0.00, real=0.00 secs] 
332.597: Total time for which application threads were stopped: 0.0026230 seconds, Stopping threads took: 0.0012980 seconds
332.669: Application time: 0.0726300 seconds
332.671: [GC [PSYoungGen: 86784K->8288K(96768K)] 111649K->33161K(317952K), 0.0026040 secs] [Times: user=0.02 sys=0.00, real=0.00 secs] 
332.674: Total time for which application threads were stopped: 0.0048820 seconds, Stopping threads took: 0.0021920 seconds
332.748: Application time: 0.0741230 seconds
332.750: [GC [PSYoungGen: 91232K->6544K(96768K)] 116105K->31425K(317952K), 0.0020190 secs] [Times: user=0.01 sys=0.00, real=0.00 secs] 
332.752: Total time for which application threads were stopped: 0.0038110 seconds, Stopping threads took: 0.0017120 seconds
332.825: Application time: 0.0733400 seconds
332.827: [GC [PSYoungGen: 89488K->7040K(96768K)] 114369K->31937K(317952K), 0.0021460 secs] [Times: user=0.01 sys=0.00, real=0.00 secs] 
332.830: Total time for which application threads were stopped: 0.0043480 seconds, Stopping threads took: 0.0021200 seconds
332.902: Application time: 0.0722060 seconds
332.905: [GC [PSYoungGen: 89984K->7664K(96768K)] 114881K->32569K(317952K), 0.0023330 secs] [Times: user=0.02 sys=0.00, real=0.00 secs] 
332.907: Total time for which application threads were stopped: 0.0050620 seconds, Stopping threads took: 0.0026470 seconds
332.985: Application time: 0.0780300 seconds
332.986: [GC [PSYoungGen: 90608K->5264K(96768K)] 115513K->30169K(317952K), 0.0016600 secs] [Times: user=0.01 sys=0.00, real=0.01 secs] 
332.988: Total time for which application threads were stopped: 0.0030730 seconds, Stopping threads took: 0.0013200 seconds
333.066: Application time: 0.0776320 seconds
333.068: [GC [PSYoungGen: 88208K->5728K(96768K)] 113113K->30641K(317952K), 0.0018140 secs] [Times: user=0.01 sys=0.00, real=0.00 secs] 
333.070: Total time for which application threads were stopped: 0.0041120 seconds, Stopping threads took: 0.0022200 seconds
333.146: Application time: 0.0766840 seconds
333.148: [GC [PSYoungGen: 88672K->7840K(96768K)] 113585K->32761K(317952K), 0.0023990 secs] [Times: user=0.02 sys=0.00, real=0.00 secs] 
333.150: Total time for which application threads were stopped: 0.0037680 seconds, Stopping threads took: 0.0012890 seconds
333.226: Application time: 0.0757930 seconds
333.228: [GC [PSYoungGen: 90784K->6752K(96768K)] 115705K->31681K(317952K), 0.0020540 secs] [Times: user=0.01 sys=0.00, real=0.00 secs] 
333.231: Total time for which application threads were stopped: 0.0044450 seconds, Stopping threads took: 0.0023090 seconds
333.307: Application time: 0.0768190 seconds
333.309: [GC [PSYoungGen: 89696K->6464K(96768K)] 114625K->31401K(317952K), 0.0019070 secs] [Times: user=0.01 sys=0.00, real=0.00 secs] 
333.311: Total time for which application threads were stopped: 0.0031770 seconds, Stopping threads took: 0.0011890 seconds
333.385: Application time: 0.0748890 seconds
333.388: [GC [PSYoungGen: 89408K->6528K(96768K)] 114345K->31473K(317952K), 0.0020330 secs] [Times: user=0.02 sys=0.00, real=0.00 secs] 
333.390: Total time for which application threads were stopped: 0.0046380 seconds, Stopping threads took: 0.0025220 seconds
333.464: Application time: 0.0744470 seconds
333.467: [GC [PSYoungGen: 89472K->7728K(96768K)] 114417K->32673K(317952K), 0.0023930 secs] [Times: user=0.02 sys=0.00, real=0.01 secs] 
333.469: Total time for which application threads were stopped: 0.0046910 seconds, Stopping threads took: 0.0022120 seconds
333.544: Application time: 0.0743770 seconds
333.545: [GC [PSYoungGen: 90672K->6480K(96768K)] 115617K->31433K(317952K), 0.0020090 secs] [Times: user=0.00 sys=0.02, real=0.01 secs] 
333.548: Total time for which application threads were stopped: 0.0039610 seconds, Stopping threads took: 0.0018590 seconds
333.622: Application time: 0.0746380 seconds
333.624: [GC [PSYoungGen: 89424K->7328K(96768K)] 114377K->32289K(317952K), 0.0022340 secs] [Times: user=0.01 sys=0.00, real=0.00 secs] 
333.626: Total time for which application threads were stopped: 0.0037840 seconds, Stopping threads took: 0.0014680 seconds
333.708: Application time: 0.0818290 seconds
333.710: [GC [PSYoungGen: 90272K->4672K(96768K)] 115233K->29649K(317952K), 0.0013890 secs] [Times: user=0.00 sys=0.00, real=0.00 secs] 
333.712: Total time for which application threads were stopped: 0.0038690 seconds, Stopping threads took: 0.0024090 seconds
333.791: Application time: 0.0790850 seconds
333.793: [GC [PSYoungGen: 87616K->4896K(96768K)] 112593K->29881K(317952K), 0.0014640 secs] [Times: user=0.01 sys=0.00, real=0.00 secs] 
333.794: Total time for which application threads were stopped: 0.0037210 seconds, Stopping threads took: 0.0021830 seconds
333.870: Application time: 0.0759270 seconds
333.872: [GC [PSYoungGen: 87840K->5504K(96768K)] 112825K->30497K(317952K), 0.0017050 secs] [Times: user=0.01 sys=0.00, real=0.00 secs] 
333.873: Total time for which application threads were stopped: 0.0030920 seconds, Stopping threads took: 0.0012820 seconds
333.950: Application time: 0.0767670 seconds
333.952: [GC [PSYoungGen: 88448K->5104K(96768K)] 113441K->30097K(317952K), 0.0015660 secs] [Times: user=0.01 sys=0.00, real=0.00 secs] 
333.954: Total time for which application threads were stopped: 0.0032580 seconds, Stopping threads took: 0.0016100 seconds
334.032: Application time: 0.0781370 seconds
334.034: [GC [PSYoungGen: 88048K->5024K(96768K)] 113041K->30025K(317952K), 0.0015120 secs] [Times: user=0.01 sys=0.00, real=0.01 secs] 
334.035: Total time for which application threads were stopped: 0.0036750 seconds, Stopping threads took: 0.0020850 seconds
334.110: Application time: 0.0747470 seconds
334.112: [GC [PSYoungGen: 87968K->7872K(96768K)] 112969K->32881K(317952K), 0.0023960 secs] [Times: user=0.02 sys=0.00, real=0.00 secs] 
334.115: Total time for which application threads were stopped: 0.0047050 seconds, Stopping threads took: 0.0022160 seconds
334.190: Application time: 0.0752580 seconds
334.193: [GC [PSYoungGen: 90816K->7616K(96768K)] 115825K->32633K(317952K), 0.0022320 secs] [Times: user=0.02 sys=0.00, real=0.01 secs] 
334.195: Total time for which application threads were stopped: 0.0052370 seconds, Stopping threads took: 0.0029210 seconds
334.279: Application time: 0.0835640 seconds
334.279: [GC [PSYoungGen: 90560K->4752K(96768K)] 115577K->29777K(317952K), 0.0015500 secs] [Times: user=0.01 sys=0.00, real=0.00 secs] 
334.281: Total time for which application threads were stopped: 0.0020910 seconds, Stopping threads took: 0.0003970 seconds
334.358: Application time: 0.0774670 seconds
334.360: [GC [PSYoungGen: 87696K->7264K(96768K)] 112721K->32289K(317952K), 0.0023130 secs] [Times: user=0.01 sys=0.00, real=0.00 secs] 
334.362: Total time for which application threads were stopped: 0.0040460 seconds, Stopping threads took: 0.0016470 seconds
334.437: Application time: 0.0747430 seconds
334.439: [GC [PSYoungGen: 90208K->6448K(96768K)] 115233K->31481K(317952K), 0.0019210 secs] [Times: user=0.02 sys=0.00, real=0.00 secs] 
334.441: Total time for which application threads were stopped: 0.0036060 seconds, Stopping threads took: 0.0016040 seconds
334.518: Application time: 0.0768400 seconds
334.520: [GC [PSYoungGen: 89392K->8064K(96768K)] 114425K->33105K(317952K), 0.0023990 secs] [Times: user=0.02 sys=0.00, real=0.00 secs] 
334.522: Total time for which application threads were stopped: 0.0047270 seconds, Stopping threads took: 0.0022380 seconds
334.598: Application time: 0.0757790 seconds
334.600: [GC [PSYoungGen: 91008K->7856K(96768K)] 116049K->32905K(317952K), 0.0023430 secs] [Times: user=0.02 sys=0.00, real=0.00 secs] 
334.603: Total time for which application threads were stopped: 0.0045080 seconds, Stopping threads took: 0.0020830 seconds
334.677: Application time: 0.0741780 seconds
334.678: [GC [PSYoungGen: 90800K->6080K(96768K)] 115849K->31137K(317952K), 0.0018100 secs] [Times: user=0.01 sys=0.00, real=0.00 secs] 
334.680: Total time for which application threads were stopped: 0.0033410 seconds, Stopping threads took: 0.0014400 seconds
334.758: Application time: 0.0776190 seconds
334.761: [GC [PSYoungGen: 89024K->6560K(96768K)] 114081K->31625K(317952K), 0.0018830 secs] [Times: user=0.01 sys=0.00, real=0.00 secs] 
334.763: Total time for which application threads were stopped: 0.0051320 seconds, Stopping threads took: 0.0031730 seconds
334.838: Application time: 0.0752130 seconds
334.841: [GC [PSYoungGen: 89498K->6864K(96768K)] 114564K->31937K(317952K), 0.0024660 secs] [Times: user=0.01 sys=0.00, real=0.00 secs] 
334.844: Total time for which application threads were stopped: 0.0055060 seconds, Stopping threads took: 0.0029340 seconds
334.923: Application time: 0.0794320 seconds
334.925: [GC [PSYoungGen: 89808K->7424K(96768K)] 114881K->32505K(317952K), 0.0022410 secs] [Times: user=0.02 sys=0.00, real=0.01 secs] 
334.927: Total time for which application threads were stopped: 0.0042770 seconds, Stopping threads took: 0.0019500 seconds
335.003: Application time: 0.0752220 seconds
335.005: [GC [PSYoungGen: 90368K->6560K(96768K)] 115449K->31641K(317952K), 0.0019190 secs] [Times: user=0.01 sys=0.00, real=0.01 secs] 
335.007: Total time for which application threads were stopped: 0.0048500 seconds, Stopping threads took: 0.0028480 seconds
335.087: Application time: 0.0792550 seconds
335.090: [GC [PSYoungGen: 89504K->7504K(96768K)] 114585K->32601K(317952K), 0.0022420 secs] [Times: user=0.01 sys=0.00, real=0.00 secs] 
335.092: Total time for which application threads were stopped: 0.0051450 seconds, Stopping threads took: 0.0028230 seconds
335.166: Application time: 0.0739730 seconds
335.169: [GC [PSYoungGen: 90448K->7904K(96768K)] 115545K->33009K(317952K), 0.0025830 secs] [Times: user=0.01 sys=0.00, real=0.00 secs] 
335.171: Total time for which application threads were stopped: 0.0054950 seconds, Stopping threads took: 0.0028270 seconds
335.245: Application time: 0.0739190 seconds
335.247: [GC [PSYoungGen: 90848K->7312K(96768K)] 115953K->32433K(317952K), 0.0022260 secs] [Times: user=0.02 sys=0.00, real=0.00 secs] 
335.250: Total time for which application threads were stopped: 0.0044010 seconds, Stopping threads took: 0.0020850 seconds
335.325: Application time: 0.0752390 seconds
335.328: [GC [PSYoungGen: 90256K->5872K(96768K)] 115377K->31001K(317952K), 0.0018490 secs] [Times: user=0.02 sys=0.00, real=0.00 secs] 
335.330: Total time for which application threads were stopped: 0.0046110 seconds, Stopping threads took: 0.0026720 seconds
335.403: Application time: 0.0731890 seconds
335.405: [GC [PSYoungGen: 88816K->8176K(96768K)] 113945K->33313K(317952K), 0.0025090 secs] [Times: user=0.02 sys=0.00, real=0.01 secs] 
335.408: Total time for which application threads were stopped: 0.0049750 seconds, Stopping threads took: 0.0023840 seconds
335.483: Application time: 0.0751710 seconds
335.484: [GC [PSYoungGen: 91120K->5552K(96768K)] 116257K->30689K(317952K), 0.0017420 secs] [Times: user=0.01 sys=0.00, real=0.00 secs] 
335.486: Total time for which application threads were stopped: 0.0032500 seconds, Stopping threads took: 0.0014190 seconds
335.560: Application time: 0.0736030 seconds
335.562: [GC [PSYoungGen: 88496K->8208K(96768K)] 113633K->33353K(317952K), 0.0024660 secs] [Times: user=0.02 sys=0.00, real=0.00 secs] 
335.564: Total time for which application threads were stopped: 0.0043280 seconds, Stopping threads took: 0.0017810 seconds
335.642: Application time: 0.0776110 seconds
335.642: [GC [PSYoungGen: 91152K->5024K(96768K)] 116297K->30177K(317952K), 0.0016220 secs] [Times: user=0.01 sys=0.00, real=0.00 secs] 
335.644: Total time for which application threads were stopped: 0.0020190 seconds, Stopping threads took: 0.0003210 seconds
335.721: Application time: 0.0769850 seconds
335.722: [GC [PSYoungGen: 87968K->7376K(96768K)] 113121K->32537K(317952K), 0.0022830 secs] [Times: user=0.02 sys=0.00, real=0.00 secs] 
335.724: Total time for which application threads were stopped: 0.0038120 seconds, Stopping threads took: 0.0014470 seconds
335.805: Application time: 0.0806020 seconds
335.807: [GC [PSYoungGen: 90320K->5344K(96768K)] 115481K->30513K(317952K), 0.0016450 secs] [Times: user=0.01 sys=0.00, real=0.01 secs] 
335.809: Total time for which application threads were stopped: 0.0035790 seconds, Stopping threads took: 0.0018470 seconds
335.888: Application time: 0.0795970 seconds
335.890: [GC [PSYoungGen: 88288K->5536K(96768K)] 113457K->30713K(317952K), 0.0016660 secs] [Times: user=0.01 sys=0.00, real=0.00 secs] 
335.892: Total time for which application threads were stopped: 0.0038450 seconds, Stopping threads took: 0.0020960 seconds
335.972: Application time: 0.0802640 seconds
335.974: [GC [PSYoungGen: 88480K->6544K(96768K)] 113657K->31721K(317952K), 0.0020090 secs] [Times: user=0.02 sys=0.00, real=0.01 secs] 
335.976: Total time for which application threads were stopped: 0.0040250 seconds, Stopping threads took: 0.0019340 seconds
336.057: Application time: 0.0808510 seconds
336.059: [GC [PSYoungGen: 89488K->6416K(96768K)] 114665K->31601K(317952K), 0.0020240 secs] [Times: user=0.01 sys=0.00, real=0.00 secs] 
336.061: Total time for which application threads were stopped: 0.0036280 seconds, Stopping threads took: 0.0015180 seconds
336.144: Application time: 0.0827210 seconds
336.147: [GC [PSYoungGen: 89360K->5376K(96768K)] 114545K->30569K(317952K), 0.0017520 secs] [Times: user=0.01 sys=0.00, real=0.00 secs] 
336.149: Total time for which application threads were stopped: 0.0054490 seconds, Stopping threads took: 0.0036130 seconds
336.234: Application time: 0.0845270 seconds
336.236: [GC [PSYoungGen: 88320K->5936K(96768K)] 113513K->31137K(317952K), 0.0018240 secs] [Times: user=0.01 sys=0.00, real=0.00 secs] 
336.238: Total time for which application threads were stopped: 0.0039870 seconds, Stopping threads took: 0.0020810 seconds
336.321: Application time: 0.0837650 seconds
336.323: [GC [PSYoungGen: 88880K->6080K(96768K)] 114081K->31289K(317952K), 0.0037040 secs] [Times: user=0.02 sys=0.00, real=0.00 secs] 
336.327: Total time for which application threads were stopped: 0.0054270 seconds, Stopping threads took: 0.0016350 seconds
336.408: Application time: 0.0814420 seconds
336.410: [GC [PSYoungGen: 89024K->6528K(96768K)] 114233K->31737K(317952K), 0.0020680 secs] [Times: user=0.02 sys=0.00, real=0.00 secs] 
336.412: Total time for which application threads were stopped: 0.0039420 seconds, Stopping threads took: 0.0017870 seconds
336.495: Application time: 0.0830890 seconds
336.498: [GC [PSYoungGen: 89472K->6224K(96768K)] 114681K->31441K(317952K), 0.0019970 secs] [Times: user=0.01 sys=0.00, real=0.00 secs] 
336.500: Total time for which application threads were stopped: 0.0048730 seconds, Stopping threads took: 0.0027900 seconds
336.580: Application time: 0.0801910 seconds
336.582: [GC [PSYoungGen: 89168K->6064K(96768K)] 114385K->31281K(317952K), 0.0019040 secs] [Times: user=0.01 sys=0.00, real=0.00 secs] 
336.584: Total time for which application threads were stopped: 0.0040830 seconds, Stopping threads took: 0.0020980 seconds
336.665: Application time: 0.0805960 seconds
336.668: [GC [PSYoungGen: 89008K->7296K(96768K)] 114225K->32529K(317952K), 0.0022620 secs] [Times: user=0.01 sys=0.00, real=0.00 secs] 
336.670: Total time for which application threads were stopped: 0.0050960 seconds, Stopping threads took: 0.0027520 seconds
336.750: Application time: 0.0798060 seconds
336.752: [GC [PSYoungGen: 90240K->7152K(96768K)] 115473K->32393K(317952K), 0.0023210 secs] [Times: user=0.02 sys=0.00, real=0.00 secs] 
336.755: Total time for which application threads were stopped: 0.0046180 seconds, Stopping threads took: 0.0021990 seconds
336.834: Application time: 0.0795410 seconds
336.836: [GC [PSYoungGen: 90096K->5824K(96768K)] 115337K->31073K(317952K), 0.0020120 secs] [Times: user=0.01 sys=0.00, real=0.00 secs] 
336.838: Total time for which application threads were stopped: 0.0037770 seconds, Stopping threads took: 0.0016710 seconds
336.919: Application time: 0.0810610 seconds
336.922: [GC [PSYoungGen: 88768K->6528K(96768K)] 114017K->31793K(317952K), 0.0021970 secs] [Times: user=0.02 sys=0.00, real=0.00 secs] 
336.924: Total time for which application threads were stopped: 0.0052990 seconds, Stopping threads took: 0.0030180 seconds
337.005: Application time: 0.0806160 seconds
337.007: [GC [PSYoungGen: 89472K->4976K(96768K)] 114737K->30249K(317952K), 0.0015760 secs] [Times: user=0.01 sys=0.00, real=0.01 secs] 
337.009: Total time for which application threads were stopped: 0.0037010 seconds, Stopping threads took: 0.0020470 seconds
337.095: Application time: 0.0867040 seconds
337.098: [GC [PSYoungGen: 87920K->4416K(96768K)] 113193K->29689K(317952K), 0.0013100 secs] [Times: user=0.01 sys=0.00, real=0.00 secs] 
337.099: Total time for which application threads were stopped: 0.0042270 seconds, Stopping threads took: 0.0028400 seconds
337.183: Application time: 0.0837380 seconds
337.185: [GC [PSYoungGen: 87360K->6416K(96768K)] 112633K->31697K(317952K), 0.0019160 secs] [Times: user=0.02 sys=0.00, real=0.01 secs] 
337.187: Total time for which application threads were stopped: 0.0041670 seconds, Stopping threads took: 0.0021610 seconds
337.267: Application time: 0.0795310 seconds
337.269: [GC [PSYoungGen: 89360K->6192K(96768K)] 114641K->31481K(317952K), 0.0018810 secs] [Times: user=0.01 sys=0.00, real=0.00 secs] 
337.271: Total time for which application threads were stopped: 0.0038400 seconds, Stopping threads took: 0.0018740 seconds
337.353: Application time: 0.0823320 seconds
337.356: [GC [PSYoungGen: 89136K->7120K(96768K)] 114425K->32417K(317952K), 0.0021780 secs] [Times: user=0.02 sys=0.00, real=0.00 secs] 
337.358: Total time for which application threads were stopped: 0.0046930 seconds, Stopping threads took: 0.0024010 seconds
337.436: Application time: 0.0785660 seconds
337.440: [GC [PSYoungGen: 90064K->6512K(96768K)] 115361K->31817K(317952K), 0.0020320 secs] [Times: user=0.02 sys=0.00, real=0.00 secs] 
337.442: Total time for which application threads were stopped: 0.0052970 seconds, Stopping threads took: 0.0031820 seconds
337.519: Application time: 0.0771030 seconds
337.521: [GC [PSYoungGen: 89456K->7456K(96768K)] 114761K->32769K(317952K), 0.0026630 secs] [Times: user=0.02 sys=0.00, real=0.00 secs] 
337.524: Total time for which application threads were stopped: 0.0052280 seconds, Stopping threads took: 0.0024520 seconds
337.601: Application time: 0.0766060 seconds
337.602: [GC [PSYoungGen: 90400K->6448K(96768K)] 115713K->31761K(317952K), 0.0021370 secs] [Times: user=0.01 sys=0.00, real=0.00 secs] 
337.605: Total time for which application threads were stopped: 0.0039140 seconds, Stopping threads took: 0.0016940 seconds
337.682: Application time: 0.0778510 seconds
337.684: [GC [PSYoungGen: 89392K->6464K(96768K)] 114705K->31785K(317952K), 0.0022090 secs] [Times: user=0.02 sys=0.00, real=0.00 secs] 
337.686: Total time for which application threads were stopped: 0.0038260 seconds, Stopping threads took: 0.0015330 seconds
337.768: Application time: 0.0817680 seconds
337.770: [GC [PSYoungGen: 89408K->5744K(96768K)] 114729K->31073K(317952K), 0.0018010 secs] [Times: user=0.01 sys=0.00, real=0.00 secs] 
337.771: Total time for which application threads were stopped: 0.0035170 seconds, Stopping threads took: 0.0016370 seconds
337.849: Application time: 0.0772880 seconds
337.852: [GC [PSYoungGen: 88688K->7232K(96768K)] 114017K->32569K(317952K), 0.0022050 secs] [Times: user=0.01 sys=0.00, real=0.00 secs] 
337.854: Total time for which application threads were stopped: 0.0050070 seconds, Stopping threads took: 0.0027100 seconds
337.934: Application time: 0.0801960 seconds
337.936: [GC [PSYoungGen: 90176K->7360K(96768K)] 115513K->32697K(317952K), 0.0023220 secs] [Times: user=0.02 sys=0.00, real=0.00 secs] 
337.938: Total time for which application threads were stopped: 0.0041240 seconds, Stopping threads took: 0.0017120 seconds
338.017: Application time: 0.0793170 seconds
338.019: [GC [PSYoungGen: 90304K->7296K(96768K)] 115641K->32657K(317952K), 0.0022170 secs] [Times: user=0.02 sys=0.00, real=0.00 secs] 
338.022: Total time for which application threads were stopped: 0.0041350 seconds, Stopping threads took: 0.0018350 seconds
338.103: Application time: 0.0814850 seconds
338.105: [GC [PSYoungGen: 90240K->6608K(96768K)] 115601K->31969K(317952K), 0.0020290 secs] [Times: user=0.01 sys=0.00, real=0.00 secs] 
338.107: Total time for which application threads were stopped: 0.0036910 seconds, Stopping threads took: 0.0015800 seconds
338.188: Application time: 0.0812430 seconds
338.190: [GC [PSYoungGen: 89552K->6128K(96768K)] 114913K->31497K(317952K), 0.0018600 secs] [Times: user=0.01 sys=0.00, real=0.00 secs] 
338.192: Total time for which application threads were stopped: 0.0035240 seconds, Stopping threads took: 0.0015810 seconds
338.276: Application time: 0.0846950 seconds
338.279: [GC [PSYoungGen: 89072K->4416K(96768K)] 114441K->29793K(317952K), 0.0013800 secs] [Times: user=0.01 sys=0.00, real=0.00 secs] 
338.281: Total time for which application threads were stopped: 0.0045990 seconds, Stopping threads took: 0.0031380 seconds
338.362: Application time: 0.0810440 seconds
338.364: [GC [PSYoungGen: 87360K->6464K(96768K)] 112737K->31849K(317952K), 0.0021510 secs] [Times: user=0.01 sys=0.00, real=0.00 secs] 
338.366: Total time for which application threads were stopped: 0.0040180 seconds, Stopping threads took: 0.0017650 seconds
338.446: Application time: 0.0802340 seconds
338.448: [GC [PSYoungGen: 89408K->6736K(96768K)] 114793K->32129K(317952K), 0.0019980 secs] [Times: user=0.02 sys=0.00, real=0.00 secs] 
338.450: Total time for which application threads were stopped: 0.0036040 seconds, Stopping threads took: 0.0015130 seconds
338.526: Application time: 0.0758310 seconds
338.529: [GC [PSYoungGen: 89680K->7808K(96768K)] 115073K->33209K(317952K), 0.0023980 secs] [Times: user=0.02 sys=0.00, real=0.00 secs] 
338.531: Total time for which application threads were stopped: 0.0056620 seconds, Stopping threads took: 0.0031780 seconds
338.611: Application time: 0.0798340 seconds
338.613: [GC [PSYoungGen: 90752K->7680K(96768K)] 116153K->33089K(317952K), 0.0023250 secs] [Times: user=0.01 sys=0.00, real=0.01 secs] 
338.616: Total time for which application threads were stopped: 0.0044750 seconds, Stopping threads took: 0.0020660 seconds
338.696: Application time: 0.0804060 seconds
338.699: [GC [PSYoungGen: 90624K->6464K(96768K)] 116033K->31881K(317952K), 0.0020100 secs] [Times: user=0.01 sys=0.00, real=0.00 secs] 
338.701: Total time for which application threads were stopped: 0.0053160 seconds, Stopping threads took: 0.0032240 seconds
338.782: Application time: 0.0804210 seconds
338.784: [GC [PSYoungGen: 89408K->5616K(96768K)] 114825K->31049K(317952K), 0.0017040 secs] [Times: user=0.01 sys=0.00, real=0.00 secs] 
338.786: Total time for which application threads were stopped: 0.0040570 seconds, Stopping threads took: 0.0022690 seconds
338.866: Application time: 0.0801360 seconds
338.867: [GC [PSYoungGen: 88560K->7104K(96768K)] 113993K->32545K(317952K), 0.0022540 secs] [Times: user=0.02 sys=0.00, real=0.01 secs] 
338.869: Total time for which application threads were stopped: 0.0029650 seconds, Stopping threads took: 0.0006260 seconds
338.948: Application time: 0.0793530 seconds
338.950: [GC [PSYoungGen: 90048K->7168K(96768K)] 115489K->32617K(317952K), 0.0022330 secs] [Times: user=0.01 sys=0.00, real=0.00 secs] 
338.952: Total time for which application threads were stopped: 0.0035830 seconds, Stopping threads took: 0.0012610 seconds
339.033: Application time: 0.0808750 seconds
339.034: [GC [PSYoungGen: 90112K->6000K(96768K)] 115561K->31457K(317952K), 0.0018920 secs] [Times: user=0.01 sys=0.00, real=0.01 secs] 
339.036: Total time for which application threads were stopped: 0.0035590 seconds, Stopping threads took: 0.0015740 seconds
339.116: Application time: 0.0798860 seconds
339.118: [GC [PSYoungGen: 88944K->7760K(96768K)] 114401K->33225K(317952K), 0.0024310 secs] [Times: user=0.02 sys=0.00, real=0.00 secs] 
339.120: Total time for which application threads were stopped: 0.0039870 seconds, Stopping threads took: 0.0014740 seconds
339.201: Application time: 0.0813590 seconds
339.203: [GC [PSYoungGen: 90704K->5456K(96768K)] 116169K->30921K(317952K), 0.0016610 secs] [Times: user=0.00 sys=0.00, real=0.00 secs] 
339.205: Total time for which application threads were stopped: 0.0032300 seconds, Stopping threads took: 0.0014870 seconds
339.285: Application time: 0.0804140 seconds
339.287: [GC [PSYoungGen: 88400K->6704K(96768K)] 113865K->32177K(317952K), 0.0020400 secs] [Times: user=0.02 sys=0.00, real=0.01 secs] 
339.289: Total time for which application threads were stopped: 0.0038670 seconds, Stopping threads took: 0.0017410 seconds
339.369: Application time: 0.0796510 seconds
339.371: [GC [PSYoungGen: 89648K->7616K(96768K)] 115121K->33097K(317952K), 0.0023190 secs] [Times: user=0.02 sys=0.00, real=0.00 secs] 
339.373: Total time for which application threads were stopped: 0.0046600 seconds, Stopping threads took: 0.0022520 seconds
339.454: Application time: 0.0807130 seconds
339.455: [GC [PSYoungGen: 90560K->6816K(96768K)] 116041K->32305K(317952K), 0.0021160 secs] [Times: user=0.01 sys=0.00, real=0.00 secs] 
339.458: Total time for which application threads were stopped: 0.0035290 seconds, Stopping threads took: 0.0013120 seconds
339.542: Application time: 0.0844450 seconds
339.545: [GC [PSYoungGen: 89760K->5776K(96768K)] 115249K->31265K(317952K), 0.0017510 secs] [Times: user=0.01 sys=0.00, real=0.00 secs] 
339.547: Total time for which application threads were stopped: 0.0046630 seconds, Stopping threads took: 0.0028330 seconds
339.632: Application time: 0.0848630 seconds
339.634: [GC [PSYoungGen: 88720K->3776K(96768K)] 114209K->29273K(317952K), 0.0011140 secs] [Times: user=0.01 sys=0.00, real=0.00 secs] 
339.635: Total time for which application threads were stopped: 0.0032650 seconds, Stopping threads took: 0.0020800 seconds
339.717: Application time: 0.0823860 seconds
339.719: [GC [PSYoungGen: 86720K->5680K(96768K)] 112217K->31177K(317952K), 0.0017070 secs] [Times: user=0.02 sys=0.00, real=0.00 secs] 
339.720: Total time for which application threads were stopped: 0.0031830 seconds, Stopping threads took: 0.0014000 seconds
339.796: Application time: 0.0754160 seconds
339.797: [GC [PSYoungGen: 88624K->5824K(96768K)] 114121K->31329K(317952K), 0.0017360 secs] [Times: user=0.01 sys=0.00, real=0.00 secs] 
339.799: Total time for which application threads were stopped: 0.0033100 seconds, Stopping threads took: 0.0014940 seconds
339.878: Application time: 0.0789320 seconds
339.880: [GC [PSYoungGen: 88768K->6128K(96768K)] 114273K->31641K(317952K), 0.0017960 secs] [Times: user=0.01 sys=0.00, real=0.00 secs] 
339.882: Total time for which application threads were stopped: 0.0038170 seconds, Stopping threads took: 0.0019430 seconds
339.959: Application time: 0.0770390 seconds
339.961: [GC [PSYoungGen: 89072K->6048K(96768K)] 114585K->31569K(317952K), 0.0018130 secs] [Times: user=0.01 sys=0.00, real=0.00 secs] 
339.963: Total time for which application threads were stopped: 0.0036910 seconds, Stopping threads took: 0.0017880 seconds
340.040: Application time: 0.0777950 seconds
340.043: [GC [PSYoungGen: 88992K->6080K(96768K)] 114513K->31601K(317952K), 0.0018750 secs] [Times: user=0.02 sys=0.00, real=0.00 secs] 
340.045: Total time for which application threads were stopped: 0.0047540 seconds, Stopping threads took: 0.0027980 seconds
340.120: Application time: 0.0745410 seconds
340.121: [GC [PSYoungGen: 89024K->6624K(96768K)] 114545K->32161K(317952K), 0.0020320 secs] [Times: user=0.01 sys=0.00, real=0.00 secs] 
340.123: Total time for which application threads were stopped: 0.0037060 seconds, Stopping threads took: 0.0015930 seconds
340.202: Application time: 0.0786320 seconds
340.204: [GC [PSYoungGen: 89568K->6848K(96768K)] 115105K->32385K(317952K), 0.0020130 secs] [Times: user=0.01 sys=0.00, real=0.00 secs] 
340.206: Total time for which application threads were stopped: 0.0039380 seconds, Stopping threads took: 0.0018410 seconds
340.279: Application time: 0.0732420 seconds
340.282: [GC [PSYoungGen: 89792K->7680K(96768K)] 115329K->33225K(317952K), 0.0023430 secs] [Times: user=0.01 sys=0.00, real=0.00 secs] 
340.284: Total time for which application threads were stopped: 0.0050750 seconds, Stopping threads took: 0.0026450 seconds
340.363: Application time: 0.0784590 seconds
340.366: [GC [PSYoungGen: 90624K->5744K(96768K)] 116169K->31297K(317952K), 0.0017340 secs] [Times: user=0.01 sys=0.00, real=0.01 secs] 
340.368: Total time for which application threads were stopped: 0.0048250 seconds, Stopping threads took: 0.0030160 seconds
340.443: Application time: 0.0756770 seconds
340.445: [GC [PSYoungGen: 88688K->6624K(96768K)] 114241K->32185K(317952K), 0.0020740 secs] [Times: user=0.02 sys=0.00, real=0.00 secs] 
340.447: Total time for which application threads were stopped: 0.0033860 seconds, Stopping threads took: 0.0012330 seconds
340.523: Application time: 0.0767610 seconds
340.525: [GC [PSYoungGen: 89568K->5776K(96768K)] 115129K->31345K(317952K), 0.0018610 secs] [Times: user=0.01 sys=0.00, real=0.00 secs] 
340.527: Total time for which application threads were stopped: 0.0035340 seconds, Stopping threads took: 0.0015860 seconds
340.603: Application time: 0.0758170 seconds
340.606: [GC [PSYoungGen: 88720K->6992K(96768K)] 114289K->32577K(317952K), 0.0022550 secs] [Times: user=0.01 sys=0.00, real=0.01 secs] 
340.608: Total time for which application threads were stopped: 0.0051100 seconds, Stopping threads took: 0.0027690 seconds
340.683: Application time: 0.0749460 seconds
340.684: [GC [PSYoungGen: 89936K->7072K(96768K)] 115521K->32657K(317952K), 0.0021540 secs] [Times: user=0.02 sys=0.00, real=0.00 secs] 
340.687: Total time for which application threads were stopped: 0.0037530 seconds, Stopping threads took: 0.0015160 seconds
340.762: Application time: 0.0751940 seconds
340.763: [GC [PSYoungGen: 90016K->7776K(96768K)] 115601K->33377K(317952K), 0.0024270 secs] [Times: user=0.02 sys=0.00, real=0.00 secs] 
340.766: Total time for which application threads were stopped: 0.0041150 seconds, Stopping threads took: 0.0016060 seconds
340.842: Application time: 0.0765220 seconds
340.844: [GC [PSYoungGen: 90720K->5952K(96768K)] 116321K->31561K(317952K), 0.0018960 secs] [Times: user=0.02 sys=0.00, real=0.00 secs] 
340.846: Total time for which application threads were stopped: 0.0031120 seconds, Stopping threads took: 0.0011350 seconds
340.919: Application time: 0.0739360 seconds
340.923: [GC [PSYoungGen: 88896K->6864K(96768K)] 114505K->32481K(317952K), 0.0020310 secs] [Times: user=0.01 sys=0.00, real=0.00 secs] 
340.925: Total time for which application threads were stopped: 0.0058530 seconds, Stopping threads took: 0.0037440 seconds
341.001: Application time: 0.0759210 seconds
341.003: [GC [PSYoungGen: 89808K->5792K(96768K)] 115425K->31417K(317952K), 0.0017710 secs] [Times: user=0.01 sys=0.00, real=0.00 secs] 
341.005: Total time for which application threads were stopped: 0.0034840 seconds, Stopping threads took: 0.0016350 seconds
341.081: Application time: 0.0760900 seconds
341.082: [GC [PSYoungGen: 88736K->5312K(96768K)] 114361K->30945K(317952K), 0.0018040 secs] [Times: user=0.00 sys=0.00, real=0.00 secs] 
341.084: Total time for which application threads were stopped: 0.0028490 seconds, Stopping threads took: 0.0009510 seconds
341.161: Application time: 0.0769550 seconds
341.162: [GC [PSYoungGen: 88256K->4032K(96768K)] 113889K->29673K(317952K), 0.0012240 secs] [Times: user=0.01 sys=0.00, real=0.00 secs] 
341.164: Total time for which application threads were stopped: 0.0029300 seconds, Stopping threads took: 0.0016330 seconds
341.244: Application time: 0.0800180 seconds
341.245: [GC [PSYoungGen: 86976K->5696K(96768K)] 112617K->31337K(317952K), 0.0017800 secs] [Times: user=0.01 sys=0.00, real=0.01 secs] 
341.247: Total time for which application threads were stopped: 0.0036420 seconds, Stopping threads took: 0.0017790 seconds
341.322: Application time: 0.0748200 seconds
341.323: [GC [PSYoungGen: 88640K->6336K(96768K)] 114281K->31993K(317952K), 0.0053840 secs] [Times: user=0.04 sys=0.00, real=0.01 secs] 
341.328: Total time for which application threads were stopped: 0.0063340 seconds, Stopping threads took: 0.0008720 seconds
341.408: Application time: 0.0798030 seconds
341.410: [GC [PSYoungGen: 89280K->4896K(96768K)] 114937K->30561K(317952K), 0.0013970 secs] [Times: user=0.01 sys=0.00, real=0.00 secs] 
341.411: Total time for which application threads were stopped: 0.0029250 seconds, Stopping threads took: 0.0014470 seconds
341.487: Application time: 0.0757860 seconds
341.490: [GC [PSYoungGen: 87840K->6448K(96768K)] 113505K->32121K(317952K), 0.0019730 secs] [Times: user=0.02 sys=0.00, real=0.00 secs] 
341.492: Total time for which application threads were stopped: 0.0049380 seconds, Stopping threads took: 0.0028790 seconds
341.567: Application time: 0.0753000 seconds
341.569: [GC [PSYoungGen: 89392K->7696K(96768K)] 115065K->33369K(317952K), 0.0022570 secs] [Times: user=0.01 sys=0.00, real=0.00 secs] 
341.572: Total time for which application threads were stopped: 0.0044270 seconds, Stopping threads took: 0.0020840 seconds
341.647: Application time: 0.0750540 seconds
341.649: [GC [PSYoungGen: 90640K->7568K(96768K)] 116313K->33257K(317952K), 0.0024190 secs] [Times: user=0.02 sys=0.01, real=0.00 secs] 
341.652: Total time for which application threads were stopped: 0.0049380 seconds, Stopping threads took: 0.0024090 seconds
341.727: Application time: 0.0756050 seconds
341.729: [GC [PSYoungGen: 90512K->6192K(96768K)] 116201K->31881K(317952K), 0.0018850 secs] [Times: user=0.02 sys=0.00, real=0.00 secs] 
341.731: Total time for which application threads were stopped: 0.0039120 seconds, Stopping threads took: 0.0019420 seconds
341.806: Application time: 0.0750350 seconds
341.808: [GC [PSYoungGen: 89136K->4976K(96768K)] 114825K->30673K(317952K), 0.0015570 secs] [Times: user=0.01 sys=0.00, real=0.00 secs] 
341.810: Total time for which application threads were stopped: 0.0037950 seconds, Stopping threads took: 0.0021550 seconds
341.885: Application time: 0.0753390 seconds
341.887: [GC [PSYoungGen: 87920K->7616K(96768K)] 113617K->33321K(317952K), 0.0023640 secs] [Times: user=0.01 sys=0.00, real=0.00 secs] 
341.890: Total time for which application threads were stopped: 0.0044920 seconds, Stopping threads took: 0.0020450 seconds
341.967: Application time: 0.0773090 seconds
341.968: [GC [PSYoungGen: 90560K->4848K(96768K)] 116265K->30561K(317952K), 0.0014490 secs] [Times: user=0.01 sys=0.00, real=0.00 secs] 
341.970: Total time for which application threads were stopped: 0.0028810 seconds, Stopping threads took: 0.0013570 seconds
342.041: Application time: 0.0714300 seconds
342.044: [GC [PSYoungGen: 87792K->7040K(96768K)] 113505K->32753K(317952K), 0.0021880 secs] [Times: user=0.01 sys=0.00, real=0.00 secs] 
342.046: Total time for which application threads were stopped: 0.0044280 seconds, Stopping threads took: 0.0021550 seconds
342.122: Application time: 0.0764290 seconds
342.124: [GC [PSYoungGen: 89984K->6784K(96768K)] 115697K->32505K(317952K), 0.0021060 secs] [Times: user=0.02 sys=0.00, real=0.00 secs] 
342.126: Total time for which application threads were stopped: 0.0034270 seconds, Stopping threads took: 0.0012420 seconds
342.205: Application time: 0.0789840 seconds
342.206: [GC [PSYoungGen: 89728K->5712K(96768K)] 115449K->31433K(317952K), 0.0017730 secs] [Times: user=0.01 sys=0.00, real=0.01 secs] 
342.208: Total time for which application threads were stopped: 0.0033330 seconds, Stopping threads took: 0.0014670 seconds
342.281: Application time: 0.0734500 seconds
342.284: [GC [PSYoungGen: 88656K->7392K(96768K)] 114377K->33121K(317952K), 0.0023030 secs] [Times: user=0.02 sys=0.00, real=0.00 secs] 
342.286: Total time for which application threads were stopped: 0.0047540 seconds, Stopping threads took: 0.0023570 seconds
342.360: Application time: 0.0740180 seconds
342.363: [GC [PSYoungGen: 90336K->7024K(96768K)] 116065K->32761K(317952K), 0.0021260 secs] [Times: user=0.01 sys=0.00, real=0.00 secs] 
342.365: Total time for which application threads were stopped: 0.0046950 seconds, Stopping threads took: 0.0024860 seconds
342.442: Application time: 0.0773310 seconds
342.444: [GC [PSYoungGen: 89968K->5920K(96768K)] 115705K->31665K(317952K), 0.0019190 secs] [Times: user=0.01 sys=0.00, real=0.00 secs] 
342.446: Total time for which application threads were stopped: 0.0037410 seconds, Stopping threads took: 0.0017210 seconds
342.519: Application time: 0.0732120 seconds
342.522: [GC [PSYoungGen: 88864K->6912K(96768K)] 114609K->32665K(317952K), 0.0020610 secs] [Times: user=0.01 sys=0.00, real=0.00 secs] 
342.524: Total time for which application threads were stopped: 0.0045780 seconds, Stopping threads took: 0.0024320 seconds
342.601: Application time: 0.0772110 seconds
342.604: [GC [PSYoungGen: 89856K->7040K(96768K)] 115609K->32801K(317952K), 0.0022490 secs] [Times: user=0.01 sys=0.00, real=0.00 secs] 
342.606: Total time for which application threads were stopped: 0.0048410 seconds, Stopping threads took: 0.0025070 seconds
342.681: Application time: 0.0754680 seconds
342.684: [GC [PSYoungGen: 89984K->7344K(96768K)] 115745K->33105K(317952K), 0.0022300 secs] [Times: user=0.02 sys=0.00, real=0.00 secs] 
342.686: Total time for which application threads were stopped: 0.0047740 seconds, Stopping threads took: 0.0024400 seconds
342.762: Application time: 0.0760460 seconds
342.764: [GC [PSYoungGen: 90288K->8096K(96768K)] 116049K->33857K(317952K), 0.0024390 secs] [Times: user=0.02 sys=0.00, real=0.00 secs] 
342.767: Total time for which application threads were stopped: 0.0043680 seconds, Stopping threads took: 0.0018400 seconds
342.840: Application time: 0.0730080 seconds
342.842: [GC [PSYoungGen: 91040K->7776K(96768K)] 116801K->33545K(317952K), 0.0023310 secs] [Times: user=0.01 sys=0.00, real=0.00 secs] 
342.845: Total time for which application threads were stopped: 0.0052460 seconds, Stopping threads took: 0.0028310 seconds
342.922: Application time: 0.0770830 seconds
342.924: [GC [PSYoungGen: 90720K->6752K(96768K)] 116489K->32529K(317952K), 0.0020080 secs] [Times: user=0.01 sys=0.00, real=0.00 secs] 
342.926: Total time for which application threads were stopped: 0.0045250 seconds, Stopping threads took: 0.0024360 seconds
343.005: Application time: 0.0785470 seconds
343.005: [GC [PSYoungGen: 89696K->5264K(96768K)] 115473K->31049K(317952K), 0.0015650 secs] [Times: user=0.01 sys=0.00, real=0.00 secs] 
343.007: Total time for which application threads were stopped: 0.0018170 seconds, Stopping threads took: 0.0001790 seconds
343.084: Application time: 0.0776280 seconds
343.086: [GC [PSYoungGen: 88208K->6912K(96768K)] 113993K->32705K(317952K), 0.0020890 secs] [Times: user=0.02 sys=0.00, real=0.01 secs] 
343.088: Total time for which application threads were stopped: 0.0040760 seconds, Stopping threads took: 0.0019030 seconds
343.165: Application time: 0.0760930 seconds
343.167: [GC [PSYoungGen: 89856K->7760K(96768K)] 115649K->33553K(317952K), 0.0023430 secs] [Times: user=0.02 sys=0.00, real=0.01 secs] 
343.169: Total time for which application threads were stopped: 0.0048800 seconds, Stopping threads took: 0.0024540 seconds
343.253: Application time: 0.0834840 seconds
343.254: [GC [PSYoungGen: 90704K->6880K(96768K)] 116497K->32673K(317952K), 0.0021370 secs] [Times: user=0.02 sys=0.00, real=0.01 secs] 
343.257: Total time for which application threads were stopped: 0.0036870 seconds, Stopping threads took: 0.0014640 seconds
343.340: Application time: 0.0830280 seconds
343.342: [GC [PSYoungGen: 89824K->7040K(96768K)] 115617K->32841K(317952K), 0.0021780 secs] [Times: user=0.01 sys=0.00, real=0.00 secs] 
343.344: Total time for which application threads were stopped: 0.0045600 seconds, Stopping threads took: 0.0022940 seconds
343.427: Application time: 0.0830770 seconds
343.429: [GC [PSYoungGen: 89984K->5056K(96768K)] 115785K->30865K(317952K), 0.0016020 secs] [Times: user=0.01 sys=0.00, real=0.00 secs] 
343.430: Total time for which application threads were stopped: 0.0032200 seconds, Stopping threads took: 0.0015400 seconds
343.509: Application time: 0.0784890 seconds
343.510: [GC [PSYoungGen: 88000K->5648K(96768K)] 113809K->31465K(317952K), 0.0016870 secs] [Times: user=0.01 sys=0.00, real=0.00 secs] 
343.512: Total time for which application threads were stopped: 0.0026990 seconds, Stopping threads took: 0.0009290 seconds
343.589: Application time: 0.0777740 seconds
343.591: [GC [PSYoungGen: 88592K->4176K(96768K)] 114409K->30001K(317952K), 0.0012480 secs] [Times: user=0.01 sys=0.00, real=0.00 secs] 
343.592: Total time for which application threads were stopped: 0.0029980 seconds, Stopping threads took: 0.0016710 seconds
343.669: Application time: 0.0763850 seconds
343.671: [GC [PSYoungGen: 87120K->6336K(96768K)] 112945K->32161K(317952K), 0.0019430 secs] [Times: user=0.01 sys=0.00, real=0.00 secs] 
343.673: Total time for which application threads were stopped: 0.0043240 seconds, Stopping threads took: 0.0023030 seconds
343.753: Application time: 0.0793700 seconds
343.755: [GC [PSYoungGen: 89280K->7152K(96768K)] 115105K->32977K(317952K), 0.0022240 secs] [Times: user=0.01 sys=0.00, real=0.01 secs] 
343.757: Total time for which application threads were stopped: 0.0047810 seconds, Stopping threads took: 0.0024740 seconds
343.836: Application time: 0.0787460 seconds
343.837: [GC [PSYoungGen: 90096K->6752K(96768K)] 115921K->32585K(317952K), 0.0021430 secs] [Times: user=0.01 sys=0.00, real=0.00 secs] 
343.840: Total time for which application threads were stopped: 0.0035640 seconds, Stopping threads took: 0.0013350 seconds
343.921: Application time: 0.0809930 seconds
343.923: [GC [PSYoungGen: 89696K->6560K(96768K)] 115529K->32401K(317952K), 0.0019800 secs] [Times: user=0.01 sys=0.00, real=0.00 secs] 
343.925: Total time for which application threads were stopped: 0.0048050 seconds, Stopping threads took: 0.0027300 seconds
344.006: Application time: 0.0808160 seconds
344.008: [GC [PSYoungGen: 89504K->5728K(96768K)] 115345K->31577K(317952K), 0.0017070 secs] [Times: user=0.01 sys=0.00, real=0.00 secs] 
344.010: Total time for which application threads were stopped: 0.0039320 seconds, Stopping threads took: 0.0021410 seconds
344.094: Application time: 0.0839750 seconds
344.095: [GC [PSYoungGen: 88672K->6064K(96768K)] 114521K->31921K(317952K), 0.0018730 secs] [Times: user=0.01 sys=0.00, real=0.00 secs] 
344.097: Total time for which application threads were stopped: 0.0031340 seconds, Stopping threads took: 0.0011810 seconds
344.176: Application time: 0.0791230 seconds
344.179: [GC [PSYoungGen: 89008K->7888K(96768K)] 114865K->33753K(317952K), 0.0024460 secs] [Times: user=0.01 sys=0.00, real=0.00 secs] 
344.181: Total time for which application threads were stopped: 0.0048540 seconds, Stopping threads took: 0.0023230 seconds
344.260: Application time: 0.0789770 seconds
344.262: [GC [PSYoungGen: 90832K->6416K(96768K)] 116697K->32281K(317952K), 0.0020250 secs] [Times: user=0.02 sys=0.00, real=0.00 secs] 
344.264: Total time for which application threads were stopped: 0.0041980 seconds, Stopping threads took: 0.0020900 seconds
344.349: Application time: 0.0843440 seconds
344.351: [GC [PSYoungGen: 89360K->5952K(96768K)] 115225K->31825K(317952K), 0.0018590 secs] [Times: user=0.02 sys=0.00, real=0.00 secs] 
344.353: Total time for which application threads were stopped: 0.0039280 seconds, Stopping threads took: 0.0019830 seconds
344.435: Application time: 0.0817740 seconds
344.436: [GC [PSYoungGen: 88896K->5152K(96768K)] 114769K->31041K(317952K), 0.0016210 secs] [Times: user=0.01 sys=0.00, real=0.00 secs] 
344.438: Total time for which application threads were stopped: 0.0030330 seconds, Stopping threads took: 0.0013240 seconds
344.519: Application time: 0.0816880 seconds
344.521: [GC [PSYoungGen: 88096K->5824K(96768K)] 113985K->31721K(317952K), 0.0017780 secs] [Times: user=0.02 sys=0.00, real=0.00 secs] 
344.522: Total time for which application threads were stopped: 0.0032450 seconds, Stopping threads took: 0.0013750 seconds
344.604: Application time: 0.0814030 seconds
344.606: [GC [PSYoungGen: 88768K->5488K(96768K)] 114665K->31393K(317952K), 0.0016300 secs] [Times: user=0.02 sys=0.00, real=0.01 secs] 
344.608: Total time for which application threads were stopped: 0.0041430 seconds, Stopping threads took: 0.0024310 seconds
344.690: Application time: 0.0822820 seconds
344.692: [GC [PSYoungGen: 88432K->6400K(96768K)] 114337K->32313K(317952K), 0.0019770 secs] [Times: user=0.01 sys=0.00, real=0.00 secs] 
344.694: Total time for which application threads were stopped: 0.0034630 seconds, Stopping threads took: 0.0014060 seconds
344.779: Application time: 0.0848260 seconds
344.780: [GC [PSYoungGen: 89344K->4816K(96768K)] 115257K->30729K(317952K), 0.0014680 secs] [Times: user=0.01 sys=0.00, real=0.00 secs] 
344.782: Total time for which application threads were stopped: 0.0030220 seconds, Stopping threads took: 0.0014770 seconds
344.862: Application time: 0.0803320 seconds
344.864: [GC [PSYoungGen: 87760K->6592K(96768K)] 113673K->32513K(317952K), 0.0020700 secs] [Times: user=0.02 sys=0.00, real=0.00 secs] 
344.866: Total time for which application threads were stopped: 0.0037750 seconds, Stopping threads took: 0.0016230 seconds
344.949: Application time: 0.0827600 seconds
344.951: [GC [PSYoungGen: 89536K->7696K(96768K)] 115457K->33625K(317952K), 0.0023390 secs] [Times: user=0.02 sys=0.00, real=0.00 secs] 
344.954: Total time for which application threads were stopped: 0.0053360 seconds, Stopping threads took: 0.0029070 seconds
345.033: Application time: 0.0794510 seconds
345.035: [GC [PSYoungGen: 90640K->7664K(96768K)] 116569K->33601K(317952K), 0.0023360 secs] [Times: user=0.02 sys=0.00, real=0.01 secs] 
345.037: Total time for which application threads were stopped: 0.0041590 seconds, Stopping threads took: 0.0017350 seconds
345.117: Application time: 0.0797520 seconds
345.119: [GC [PSYoungGen: 90608K->6720K(96768K)] 116545K->32665K(317952K), 0.0022860 secs] [Times: user=0.01 sys=0.00, real=0.00 secs] 
345.122: Total time for which application threads were stopped: 0.0044560 seconds, Stopping threads took: 0.0020840 seconds
345.204: Application time: 0.0825260 seconds
345.206: [GC [PSYoungGen: 89664K->7408K(96768K)] 115609K->33361K(317952K), 0.0023040 secs] [Times: user=0.02 sys=0.00, real=0.01 secs] 
345.208: Total time for which application threads were stopped: 0.0040600 seconds, Stopping threads took: 0.0016740 seconds
345.295: Application time: 0.0869080 seconds
345.297: [GC [PSYoungGen: 90352K->3984K(96768K)] 116305K->29937K(317952K), 0.0012680 secs] [Times: user=0.01 sys=0.00, real=0.00 secs] 
345.298: Total time for which application threads were stopped: 0.0028160 seconds, Stopping threads took: 0.0014760 seconds
345.377: Application time: 0.0786060 seconds
345.379: [GC [PSYoungGen: 86928K->6128K(96768K)] 112881K->32089K(317952K), 0.0018620 secs] [Times: user=0.01 sys=0.00, real=0.00 secs] 
345.381: Total time for which application threads were stopped: 0.0042010 seconds, Stopping threads took: 0.0022530 seconds
345.459: Application time: 0.0777880 seconds
345.460: [GC [PSYoungGen: 89072K->7344K(96768K)] 115033K->33313K(317952K), 0.0021920 secs] [Times: user=0.02 sys=0.00, real=0.00 secs] 
345.462: Total time for which application threads were stopped: 0.0034730 seconds, Stopping threads took: 0.0011900 seconds
345.546: Application time: 0.0841100 seconds
345.548: [GC [PSYoungGen: 90288K->5376K(96768K)] 116257K->31353K(317952K), 0.0016720 secs] [Times: user=0.01 sys=0.00, real=0.00 secs] 
345.550: Total time for which application threads were stopped: 0.0033340 seconds, Stopping threads took: 0.0015800 seconds
345.635: Application time: 0.0850750 seconds
345.636: [GC [PSYoungGen: 88320K->6400K(96768K)] 114297K->32385K(317952K), 0.0019640 secs] [Times: user=0.01 sys=0.00, real=0.00 secs] 
345.638: Total time for which application threads were stopped: 0.0035350 seconds, Stopping threads took: 0.0014870 seconds
345.719: Application time: 0.0811930 seconds
345.722: [GC [PSYoungGen: 89344K->8160K(96768K)] 115329K->34153K(317952K), 0.0024710 secs] [Times: user=0.02 sys=0.00, real=0.00 secs] 
345.725: Total time for which application threads were stopped: 0.0054750 seconds, Stopping threads took: 0.0029170 seconds
345.803: Application time: 0.0782630 seconds
345.806: [GC [PSYoungGen: 91104K->7408K(96768K)] 117097K->33401K(317952K), 0.0022840 secs] [Times: user=0.01 sys=0.00, real=0.01 secs] 
345.809: Total time for which application threads were stopped: 0.0055600 seconds, Stopping threads took: 0.0031870 seconds
345.888: Application time: 0.0794430 seconds
345.891: [GC [PSYoungGen: 90352K->6784K(96768K)] 116345K->32777K(317952K), 0.0021780 secs] [Times: user=0.01 sys=0.00, real=0.00 secs] 
345.893: Total time for which application threads were stopped: 0.0046420 seconds, Stopping threads took: 0.0023560 seconds
345.978: Application time: 0.0850510 seconds
345.978: [GC [PSYoungGen: 89728K->4496K(96768K)] 115721K->30497K(317952K), 0.0014890 secs] [Times: user=0.01 sys=0.00, real=0.00 secs] 
345.980: Total time for which application threads were stopped: 0.0020510 seconds, Stopping threads took: 0.0004750 seconds
346.061: Application time: 0.0809960 seconds
346.062: [GC [PSYoungGen: 87440K->7376K(96768K)] 113441K->33385K(317952K), 0.0022700 secs] [Times: user=0.01 sys=0.00, real=0.00 secs] 
346.064: Total time for which application threads were stopped: 0.0032530 seconds, Stopping threads took: 0.0009010 seconds
346.149: Application time: 0.0848470 seconds
346.152: [GC [PSYoungGen: 90320K->5456K(96768K)] 116329K->31481K(317952K), 0.0016560 secs] [Times: user=0.01 sys=0.00, real=0.00 secs] 
346.154: Total time for which application threads were stopped: 0.0046140 seconds, Stopping threads took: 0.0028760 seconds
346.235: Application time: 0.0815750 seconds
346.238: [GC [PSYoungGen: 88400K->7040K(96768K)] 114425K->33081K(317952K), 0.0020720 secs] [Times: user=0.01 sys=0.00, real=0.00 secs] 
346.240: Total time for which application threads were stopped: 0.0052110 seconds, Stopping threads took: 0.0030560 seconds
346.319: Application time: 0.0781680 seconds
346.321: [GC [PSYoungGen: 89984K->7584K(96768K)] 116025K->33633K(317952K), 0.0024220 secs] [Times: user=0.02 sys=0.00, real=0.00 secs] 
346.324: Total time for which application threads were stopped: 0.0053420 seconds, Stopping threads took: 0.0028300 seconds
346.405: Application time: 0.0809110 seconds
346.406: [GC [PSYoungGen: 90528K->5472K(96768K)] 116577K->31521K(317952K), 0.0018390 secs] [Times: user=0.02 sys=0.00, real=0.01 secs] 
346.408: Total time for which application threads were stopped: 0.0035780 seconds, Stopping threads took: 0.0016560 seconds
346.487: Application time: 0.0785620 seconds
346.488: [GC [PSYoungGen: 88416K->6864K(96768K)] 114465K->32921K(317952K), 0.0021360 secs] [Times: user=0.01 sys=0.00, real=0.00 secs] 
346.490: Total time for which application threads were stopped: 0.0035060 seconds, Stopping threads took: 0.0012790 seconds
346.570: Application time: 0.0800460 seconds
346.573: [GC [PSYoungGen: 89808K->6192K(96768K)] 115865K->32257K(317952K), 0.0018520 secs] [Times: user=0.02 sys=0.00, real=0.00 secs] 
346.575: Total time for which application threads were stopped: 0.0041040 seconds, Stopping threads took: 0.0021700 seconds
346.655: Application time: 0.0799860 seconds
346.656: [GC [PSYoungGen: 89136K->7056K(96768K)] 115201K->33129K(317952K), 0.0021840 secs] [Times: user=0.01 sys=0.00, real=0.00 secs] 
346.658: Total time for which application threads were stopped: 0.0038650 seconds, Stopping threads took: 0.0015960 seconds
346.740: Application time: 0.0813190 seconds
346.742: [GC [PSYoungGen: 90000K->6400K(96768K)] 116073K->32473K(317952K), 0.0019030 secs] [Times: user=0.02 sys=0.00, real=0.00 secs] 
346.744: Total time for which application threads were stopped: 0.0043460 seconds, Stopping threads took: 0.0023580 seconds
346.822: Application time: 0.0779440 seconds
346.824: [GC [PSYoungGen: 89342K->6720K(96768K)] 115415K->32801K(317952K), 0.0020980 secs] [Times: user=0.01 sys=0.00, real=0.00 secs] 
346.826: Total time for which application threads were stopped: 0.0038890 seconds, Stopping threads took: 0.0017020 seconds
346.905: Application time: 0.0790190 seconds
346.907: [GC [PSYoungGen: 89664K->7904K(96768K)] 115745K->33985K(317952K), 0.0023710 secs] [Times: user=0.02 sys=0.00, real=0.00 secs] 
346.910: Total time for which application threads were stopped: 0.0046870 seconds, Stopping threads took: 0.0022330 seconds
346.988: Application time: 0.0783540 seconds
346.991: [GC [PSYoungGen: 90848K->7680K(96768K)] 116929K->33777K(317952K), 0.0023790 secs] [Times: user=0.01 sys=0.00, real=0.00 secs] 
346.993: Total time for which application threads were stopped: 0.0052640 seconds, Stopping threads took: 0.0027840 seconds
347.076: Application time: 0.0825270 seconds
347.078: [GC [PSYoungGen: 90624K->4768K(96768K)] 116721K->30873K(317952K), 0.0014890 secs] [Times: user=0.01 sys=0.00, real=0.00 secs] 
347.079: Total time for which application threads were stopped: 0.0035180 seconds, Stopping threads took: 0.0019540 seconds
347.163: Application time: 0.0836220 seconds
347.165: [GC [PSYoungGen: 87712K->5168K(96768K)] 113817K->31281K(317952K), 0.0016320 secs] [Times: user=0.01 sys=0.00, real=0.00 secs] 
347.167: Total time for which application threads were stopped: 0.0038000 seconds, Stopping threads took: 0.0020860 seconds
347.251: Application time: 0.0840690 seconds
347.254: [GC [PSYoungGen: 88112K->7104K(96768K)] 114225K->33233K(317952K), 0.0022000 secs] [Times: user=0.02 sys=0.00, real=0.01 secs] 
347.256: Total time for which application threads were stopped: 0.0054470 seconds, Stopping threads took: 0.0031610 seconds
347.335: Application time: 0.0790090 seconds
347.337: [GC [PSYoungGen: 90048K->6560K(96768K)] 116177K->32697K(317952K), 0.0020130 secs] [Times: user=0.01 sys=0.00, real=0.00 secs] 
347.339: Total time for which application threads were stopped: 0.0039660 seconds, Stopping threads took: 0.0018690 seconds
347.421: Application time: 0.0818970 seconds
347.423: [GC [PSYoungGen: 89504K->5552K(96768K)] 115641K->31689K(317952K), 0.0017700 secs] [Times: user=0.01 sys=0.00, real=0.00 secs] 
347.425: Total time for which application threads were stopped: 0.0034420 seconds, Stopping threads took: 0.0015950 seconds
347.505: Application time: 0.0803480 seconds
347.507: [GC [PSYoungGen: 88496K->7104K(96768K)] 114633K->33249K(317952K), 0.0021390 secs] [Times: user=0.01 sys=0.00, real=0.01 secs] 
347.509: Total time for which application threads were stopped: 0.0040280 seconds, Stopping threads took: 0.0017940 seconds
347.589: Application time: 0.0797230 seconds
347.591: [GC [PSYoungGen: 90048K->7184K(96768K)] 116193K->33337K(317952K), 0.0022470 secs] [Times: user=0.01 sys=0.00, real=0.00 secs] 
347.593: Total time for which application threads were stopped: 0.0042760 seconds, Stopping threads took: 0.0019490 seconds
347.673: Application time: 0.0800320 seconds
347.675: [GC [PSYoungGen: 90128K->4992K(96768K)] 116281K->31153K(317952K), 0.0015300 secs] [Times: user=0.01 sys=0.00, real=0.01 secs] 
347.676: Total time for which application threads were stopped: 0.0033650 seconds, Stopping threads took: 0.0017540 seconds
347.754: Application time: 0.0774950 seconds
347.756: [GC [PSYoungGen: 87936K->6176K(96768K)] 114097K->32345K(317952K), 0.0020010 secs] [Times: user=0.01 sys=0.00, real=0.00 secs] 
347.758: Total time for which application threads were stopped: 0.0041280 seconds, Stopping threads took: 0.0020460 seconds
347.834: Application time: 0.0764220 seconds
347.836: [GC [PSYoungGen: 89120K->6192K(96768K)] 115289K->32369K(317952K), 0.0019740 secs] [Times: user=0.01 sys=0.00, real=0.00 secs] 
347.838: Total time for which application threads were stopped: 0.0033620 seconds, Stopping threads took: 0.0013050 seconds
347.912: Application time: 0.0737130 seconds
347.914: [GC [PSYoungGen: 89136K->7040K(96768K)] 115313K->33233K(317952K), 0.0021250 secs] [Times: user=0.01 sys=0.00, real=0.01 secs] 
347.916: Total time for which application threads were stopped: 0.0049390 seconds, Stopping threads took: 0.0027310 seconds
347.991: Application time: 0.0746270 seconds
347.993: [GC [PSYoungGen: 89984K->7952K(96768K)] 116177K->34153K(317952K), 0.0024230 secs] [Times: user=0.02 sys=0.00, real=0.01 secs] 
347.996: Total time for which application threads were stopped: 0.0047030 seconds, Stopping threads took: 0.0021950 seconds
348.071: Application time: 0.0753080 seconds
348.072: [GC [PSYoungGen: 90896K->6672K(96768K)] 117097K->32881K(317952K), 0.0020280 secs] [Times: user=0.02 sys=0.00, real=0.00 secs] 
348.075: Total time for which application threads were stopped: 0.0034060 seconds, Stopping threads took: 0.0012920 seconds
348.149: Application time: 0.0740560 seconds
348.151: [GC [PSYoungGen: 89616K->7440K(96768K)] 115825K->33657K(317952K), 0.0022740 secs] [Times: user=0.01 sys=0.00, real=0.00 secs] 
348.153: Total time for which application threads were stopped: 0.0045420 seconds, Stopping threads took: 0.0021880 seconds
348.230: Application time: 0.0764790 seconds
348.233: [GC [PSYoungGen: 90384K->7696K(96768K)] 116601K->33921K(317952K), 0.0023360 secs] [Times: user=0.01 sys=0.00, real=0.00 secs] 
348.235: Total time for which application threads were stopped: 0.0053190 seconds, Stopping threads took: 0.0029040 seconds
348.310: Application time: 0.0745970 seconds
348.311: [GC [PSYoungGen: 90640K->7568K(96768K)] 116865K->33801K(317952K), 0.0022770 secs] [Times: user=0.02 sys=0.00, real=0.00 secs] 
348.314: Total time for which application threads were stopped: 0.0040340 seconds, Stopping threads took: 0.0016750 seconds
348.384: Application time: 0.0705340 seconds
348.386: [GC [PSYoungGen: 90512K->7824K(96768K)] 116745K->34065K(317952K), 0.0023920 secs] [Times: user=0.01 sys=0.00, real=0.01 secs] 
348.389: Total time for which application threads were stopped: 0.0047470 seconds, Stopping threads took: 0.0022710 seconds
348.465: Application time: 0.0760010 seconds
348.467: [GC [PSYoungGen: 90768K->7008K(96768K)] 117009K->33249K(317952K), 0.0021710 secs] [Times: user=0.02 sys=0.00, real=0.01 secs] 
348.469: Total time for which application threads were stopped: 0.0041020 seconds, Stopping threads took: 0.0018520 seconds
348.544: Application time: 0.0755010 seconds
348.546: [GC [PSYoungGen: 89952K->5760K(96768K)] 116193K->32009K(317952K), 0.0018120 secs] [Times: user=0.01 sys=0.00, real=0.01 secs] 
348.548: Total time for which application threads were stopped: 0.0033160 seconds, Stopping threads took: 0.0014250 seconds
348.626: Application time: 0.0778110 seconds
348.628: [GC [PSYoungGen: 88704K->5712K(96768K)] 114953K->31969K(317952K), 0.0017260 secs] [Times: user=0.02 sys=0.00, real=0.00 secs] 
348.630: Total time for which application threads were stopped: 0.0040820 seconds, Stopping threads took: 0.0022680 seconds
348.703: Application time: 0.0735830 seconds
348.706: [GC [PSYoungGen: 88656K->7120K(96768K)] 114913K->33385K(317952K), 0.0021390 secs] [Times: user=0.02 sys=0.00, real=0.01 secs] 
348.708: Total time for which application threads were stopped: 0.0050610 seconds, Stopping threads took: 0.0028440 seconds
348.785: Application time: 0.0769010 seconds
348.787: [GC [PSYoungGen: 90064K->6224K(96768K)] 116329K->32497K(317952K), 0.0018870 secs] [Times: user=0.01 sys=0.00, real=0.01 secs] 
348.788: Total time for which application threads were stopped: 0.0032340 seconds, Stopping threads took: 0.0012660 seconds
348.864: Application time: 0.0752500 seconds
348.866: [GC [PSYoungGen: 89168K->6576K(96768K)] 115441K->32857K(317952K), 0.0020690 secs] [Times: user=0.01 sys=0.00, real=0.01 secs] 
348.868: Total time for which application threads were stopped: 0.0041770 seconds, Stopping threads took: 0.0020250 seconds
348.942: Application time: 0.0744310 seconds
348.944: [GC [PSYoungGen: 89520K->7104K(96768K)] 115801K->33385K(317952K), 0.0021750 secs] [Times: user=0.01 sys=0.00, real=0.00 secs] 
348.946: Total time for which application threads were stopped: 0.0037120 seconds, Stopping threads took: 0.0014550 seconds
349.022: Application time: 0.0763400 seconds
349.024: [GC [PSYoungGen: 90048K->6960K(96768K)] 116329K->33249K(317952K), 0.0020950 secs] [Times: user=0.01 sys=0.00, real=0.00 secs] 
349.026: Total time for which application threads were stopped: 0.0041240 seconds, Stopping threads took: 0.0019460 seconds
349.098: Application time: 0.0711340 seconds
349.100: [GC [PSYoungGen: 89902K->7936K(96768K)] 116191K->34233K(317952K), 0.0023840 secs] [Times: user=0.02 sys=0.00, real=0.00 secs] 
349.103: Total time for which application threads were stopped: 0.0049430 seconds, Stopping threads took: 0.0024760 seconds
349.179: Application time: 0.0761610 seconds
349.181: [GC [PSYoungGen: 90880K->8064K(96768K)] 117177K->34369K(317952K), 0.0024960 secs] [Times: user=0.02 sys=0.00, real=0.00 secs] 
349.184: Total time for which application threads were stopped: 0.0049040 seconds, Stopping threads took: 0.0023170 seconds
349.259: Application time: 0.0757540 seconds
349.262: [GC [PSYoungGen: 91008K->6352K(96768K)] 117313K->32665K(317952K), 0.0019710 secs] [Times: user=0.01 sys=0.00, real=0.00 secs] 
349.264: Total time for which application threads were stopped: 0.0043150 seconds, Stopping threads took: 0.0022620 seconds
349.340: Application time: 0.0767790 seconds
349.342: [GC [PSYoungGen: 89296K->7120K(96768K)] 115609K->33449K(317952K), 0.0022070 secs] [Times: user=0.02 sys=0.00, real=0.00 secs] 
349.345: Total time for which application threads were stopped: 0.0040220 seconds, Stopping threads took: 0.0017350 seconds
349.422: Application time: 0.0778830 seconds
349.424: [GC [PSYoungGen: 90064K->6656K(96768K)] 116393K->32985K(317952K), 0.0020280 secs] [Times: user=0.02 sys=0.00, real=0.00 secs] 
349.426: Total time for which application threads were stopped: 0.0036160 seconds, Stopping threads took: 0.0015070 seconds
349.501: Application time: 0.0748530 seconds
349.503: [GC [PSYoungGen: 89600K->8320K(96768K)] 115929K->34657K(317952K), 0.0025600 secs] [Times: user=0.02 sys=0.00, real=0.00 secs] 
349.506: Total time for which application threads were stopped: 0.0046360 seconds, Stopping threads took: 0.0019920 seconds
349.581: Application time: 0.0756650 seconds
349.584: [GC [PSYoungGen: 91264K->8240K(96768K)] 117601K->34585K(317952K), 0.0025090 secs] [Times: user=0.02 sys=0.00, real=0.00 secs] 
349.587: Total time for which application threads were stopped: 0.0053930 seconds, Stopping threads took: 0.0028020 seconds
349.662: Application time: 0.0749750 seconds
349.663: [GC [PSYoungGen: 91184K->6992K(96768K)] 117529K->33345K(317952K), 0.0021470 secs] [Times: user=0.01 sys=0.00, real=0.00 secs] 
349.665: Total time for which application threads were stopped: 0.0036730 seconds, Stopping threads took: 0.0014430 seconds
349.743: Application time: 0.0773990 seconds
349.745: [GC [PSYoungGen: 89936K->6016K(96768K)] 116289K->32377K(317952K), 0.0019090 secs] [Times: user=0.02 sys=0.00, real=0.00 secs] 
349.746: Total time for which application threads were stopped: 0.0038430 seconds, Stopping threads took: 0.0018500 seconds
349.825: Application time: 0.0786730 seconds
349.827: [GC [PSYoungGen: 88960K->4848K(96768K)] 115321K->31217K(317952K), 0.0015060 secs] [Times: user=0.01 sys=0.00, real=0.01 secs] 
349.828: Total time for which application threads were stopped: 0.0032100 seconds, Stopping threads took: 0.0016290 seconds
349.905: Application time: 0.0770280 seconds
349.907: [GC [PSYoungGen: 87792K->5280K(96768K)] 114161K->31649K(317952K), 0.0016110 secs] [Times: user=0.01 sys=0.00, real=0.01 secs] 
349.908: Total time for which application threads were stopped: 0.0030900 seconds, Stopping threads took: 0.0014000 seconds
349.986: Application time: 0.0778060 seconds
349.987: [GC [PSYoungGen: 88224K->6352K(96768K)] 114593K->32729K(317952K), 0.0019800 secs] [Times: user=0.02 sys=0.00, real=0.00 secs] 
349.989: Total time for which application threads were stopped: 0.0030610 seconds, Stopping threads took: 0.0010020 seconds
350.066: Application time: 0.0768020 seconds
350.068: [GC [PSYoungGen: 89296K->8256K(96768K)] 115673K->34641K(317952K), 0.0024930 secs] [Times: user=0.02 sys=0.00, real=0.00 secs] 
350.071: Total time for which application threads were stopped: 0.0047150 seconds, Stopping threads took: 0.0021310 seconds
350.144: Application time: 0.0730870 seconds
350.146: [GC [PSYoungGen: 91200K->8224K(96768K)] 117585K->34625K(317952K), 0.0025510 secs] [Times: user=0.01 sys=0.00, real=0.01 secs] 
350.149: Total time for which application threads were stopped: 0.0046600 seconds, Stopping threads took: 0.0020210 seconds
350.221: Application time: 0.0728090 seconds
350.224: [GC [PSYoungGen: 91168K->7056K(96768K)] 117569K->33465K(317952K), 0.0021580 secs] [Times: user=0.01 sys=0.00, real=0.00 secs] 
350.226: Total time for which application threads were stopped: 0.0047430 seconds, Stopping threads took: 0.0025050 seconds
350.303: Application time: 0.0764410 seconds
350.304: [GC [PSYoungGen: 90000K->7952K(96768K)] 116409K->34369K(317952K), 0.0024290 secs] [Times: user=0.01 sys=0.00, real=0.00 secs] 
350.307: Total time for which application threads were stopped: 0.0041000 seconds, Stopping threads took: 0.0015780 seconds
350.382: Application time: 0.0757400 seconds
350.383: [GC [PSYoungGen: 90896K->8016K(96768K)] 117313K->34441K(317952K), 0.0023600 secs] [Times: user=0.02 sys=0.00, real=0.00 secs] 
350.386: Total time for which application threads were stopped: 0.0031750 seconds, Stopping threads took: 0.0007290 seconds
350.459: Application time: 0.0729780 seconds
350.461: [GC [PSYoungGen: 90960K->6432K(96768K)] 117385K->32857K(317952K), 0.0020320 secs] [Times: user=0.01 sys=0.00, real=0.00 secs] 
350.463: Total time for which application threads were stopped: 0.0048470 seconds, Stopping threads took: 0.0027120 seconds
350.539: Application time: 0.0758820 seconds
350.542: [GC [PSYoungGen: 89376K->6944K(96768K)] 115801K->33377K(317952K), 0.0021350 secs] [Times: user=0.01 sys=0.00, real=0.00 secs] 
350.544: Total time for which application threads were stopped: 0.0044200 seconds, Stopping threads took: 0.0022050 seconds
350.618: Application time: 0.0742930 seconds
350.621: [GC [PSYoungGen: 89888K->7056K(96768K)] 116321K->33489K(317952K), 0.0021330 secs] [Times: user=0.01 sys=0.00, real=0.00 secs] 
350.623: Total time for which application threads were stopped: 0.0046210 seconds, Stopping threads took: 0.0024090 seconds
350.695: Application time: 0.0725270 seconds
350.697: [GC [PSYoungGen: 90000K->7936K(96768K)] 116433K->34377K(317952K), 0.0025250 secs] [Times: user=0.01 sys=0.00, real=0.00 secs] 
350.700: Total time for which application threads were stopped: 0.0046630 seconds, Stopping threads took: 0.0020550 seconds
350.776: Application time: 0.0760060 seconds
350.777: [GC [PSYoungGen: 90880K->4656K(96768K)] 117321K->31097K(317952K), 0.0014960 secs] [Times: user=0.01 sys=0.00, real=0.00 secs] 
350.778: Total time for which application threads were stopped: 0.0025840 seconds, Stopping threads took: 0.0010090 seconds
350.851: Application time: 0.0729270 seconds
350.853: [GC [PSYoungGen: 87600K->6672K(96768K)] 114041K->33121K(317952K), 0.0020370 secs] [Times: user=0.02 sys=0.00, real=0.00 secs] 
350.855: Total time for which application threads were stopped: 0.0035710 seconds, Stopping threads took: 0.0014440 seconds
350.934: Application time: 0.0785650 seconds
350.934: [GC [PSYoungGen: 89616K->4512K(96768K)] 116065K->30961K(317952K), 0.0013840 secs] [Times: user=0.01 sys=0.00, real=0.01 secs] 
350.936: Total time for which application threads were stopped: 0.0020810 seconds, Stopping threads took: 0.0006270 seconds
351.013: Application time: 0.0771150 seconds
351.015: [GC [PSYoungGen: 87456K->7344K(96768K)] 113905K->33801K(317952K), 0.0022700 secs] [Times: user=0.02 sys=0.00, real=0.01 secs] 
351.017: Total time for which application threads were stopped: 0.0041860 seconds, Stopping threads took: 0.0018330 seconds
351.095: Application time: 0.0779380 seconds
351.098: [GC [PSYoungGen: 90288K->6976K(96768K)] 116745K->33449K(317952K), 0.0021780 secs] [Times: user=0.01 sys=0.00, real=0.00 secs] 
351.100: Total time for which application threads were stopped: 0.0051420 seconds, Stopping threads took: 0.0028800 seconds
351.180: Application time: 0.0800580 seconds
351.182: [GC [PSYoungGen: 89920K->5744K(96768K)] 116393K->32225K(317952K), 0.0017070 secs] [Times: user=0.02 sys=0.00, real=0.00 secs] 
351.184: Total time for which application threads were stopped: 0.0035150 seconds, Stopping threads took: 0.0017300 seconds
351.264: Application time: 0.0806630 seconds
351.267: [GC [PSYoungGen: 88688K->5792K(96768K)] 115169K->32281K(317952K), 0.0017100 secs] [Times: user=0.01 sys=0.00, real=0.01 secs] 
351.269: Total time for which application threads were stopped: 0.0045900 seconds, Stopping threads took: 0.0028010 seconds
351.346: Application time: 0.0775720 seconds
351.349: [GC [PSYoungGen: 88736K->7904K(96768K)] 115225K->34401K(317952K), 0.0024900 secs] [Times: user=0.02 sys=0.00, real=0.00 secs] 
351.352: Total time for which application threads were stopped: 0.0055700 seconds, Stopping threads took: 0.0030000 seconds
351.429: Application time: 0.0771400 seconds
351.431: [GC [PSYoungGen: 90848K->6896K(96768K)] 117345K->33393K(317952K), 0.0020960 secs] [Times: user=0.01 sys=0.00, real=0.00 secs] 
351.433: Total time for which application threads were stopped: 0.0043080 seconds, Stopping threads took: 0.0021220 seconds
351.514: Application time: 0.0806350 seconds
351.515: [GC [PSYoungGen: 89840K->8272K(96768K)] 116337K->34777K(317952K), 0.0025320 secs] [Times: user=0.02 sys=0.00, real=0.01 secs] 
351.518: Total time for which application threads were stopped: 0.0035840 seconds, Stopping threads took: 0.0009690 seconds
351.599: Application time: 0.0811550 seconds
351.600: [GC [PSYoungGen: 91216K->4624K(96768K)] 117721K->31137K(317952K), 0.0015250 secs] [Times: user=0.01 sys=0.00, real=0.00 secs] 
351.601: Total time for which application threads were stopped: 0.0024440 seconds, Stopping threads took: 0.0008430 seconds
351.681: Application time: 0.0798750 seconds
351.683: [GC [PSYoungGen: 87568K->4496K(96768K)] 114081K->31017K(317952K), 0.0013940 secs] [Times: user=0.01 sys=0.00, real=0.00 secs] 
351.684: Total time for which application threads were stopped: 0.0027960 seconds, Stopping threads took: 0.0013310 seconds
351.765: Application time: 0.0808220 seconds
351.768: [GC [PSYoungGen: 87440K->7616K(96768K)] 113961K->34145K(317952K), 0.0024160 secs] [Times: user=0.02 sys=0.00, real=0.00 secs] 
351.770: Total time for which application threads were stopped: 0.0053660 seconds, Stopping threads took: 0.0028670 seconds
351.849: Application time: 0.0792870 seconds
351.852: [GC [PSYoungGen: 90560K->7776K(96768K)] 117089K->34313K(317952K), 0.0024060 secs] [Times: user=0.02 sys=0.00, real=0.00 secs] 
351.855: Total time for which application threads were stopped: 0.0051460 seconds, Stopping threads took: 0.0026530 seconds
351.934: Application time: 0.0795460 seconds
351.937: [GC [PSYoungGen: 90720K->7616K(96768K)] 117257K->34153K(317952K), 0.0023890 secs] [Times: user=0.01 sys=0.00, real=0.00 secs] 
351.939: Total time for which application threads were stopped: 0.0051010 seconds, Stopping threads took: 0.0026190 seconds
352.019: Application time: 0.0802620 seconds
352.021: [GC [PSYoungGen: 90560K->5440K(96768K)] 117097K->31977K(317952K), 0.0016520 secs] [Times: user=0.01 sys=0.00, real=0.00 secs] 
352.023: Total time for which application threads were stopped: 0.0036170 seconds, Stopping threads took: 0.0018810 seconds
352.107: Application time: 0.0835790 seconds
352.107: [GC [PSYoungGen: 88384K->4528K(96768K)] 114921K->31081K(317952K), 0.0014840 secs] [Times: user=0.01 sys=0.00, real=0.01 secs] 
352.109: Total time for which application threads were stopped: 0.0018870 seconds, Stopping threads took: 0.0003240 seconds
352.188: Application time: 0.0795940 seconds
352.190: [GC [PSYoungGen: 87472K->5632K(96768K)] 114025K->32193K(317952K), 0.0017500 secs] [Times: user=0.01 sys=0.00, real=0.00 secs] 
352.192: Total time for which application threads were stopped: 0.0038540 seconds, Stopping threads took: 0.0020220 seconds
352.273: Application time: 0.0807700 seconds
352.275: [GC [PSYoungGen: 88576K->7568K(96768K)] 115137K->34145K(317952K), 0.0022870 secs] [Times: user=0.02 sys=0.00, real=0.01 secs] 
352.277: Total time for which application threads were stopped: 0.0041890 seconds, Stopping threads took: 0.0018080 seconds
352.355: Application time: 0.0779380 seconds
352.356: [GC [PSYoungGen: 90512K->7440K(96768K)] 117089K->34025K(317952K), 0.0023170 secs] [Times: user=0.01 sys=0.00, real=0.00 secs] 
352.359: Total time for which application threads were stopped: 0.0037080 seconds, Stopping threads took: 0.0013070 seconds
352.440: Application time: 0.0812990 seconds
352.441: [GC [PSYoungGen: 90384K->7072K(96768K)] 116969K->33665K(317952K), 0.0022620 secs] [Times: user=0.01 sys=0.00, real=0.00 secs] 
352.444: Total time for which application threads were stopped: 0.0038080 seconds, Stopping threads took: 0.0014540 seconds
352.523: Application time: 0.0788410 seconds
352.524: [GC [PSYoungGen: 90016K->7296K(96768K)] 116609K->33889K(317952K), 0.0023740 secs] [Times: user=0.01 sys=0.00, real=0.00 secs] 
352.527: Total time for which application threads were stopped: 0.0041700 seconds, Stopping threads took: 0.0017080 seconds
352.611: Application time: 0.0844580 seconds
352.613: [GC [PSYoungGen: 90240K->4096K(96768K)] 116833K->30697K(317952K), 0.0013640 secs] [Times: user=0.01 sys=0.00, real=0.00 secs] 
352.614: Total time for which application threads were stopped: 0.0031690 seconds, Stopping threads took: 0.0017340 seconds
352.699: Application time: 0.0844450 seconds
352.701: [GC [PSYoungGen: 87040K->5648K(96768K)] 113641K->32257K(317952K), 0.0017370 secs] [Times: user=0.01 sys=0.00, real=0.00 secs] 
352.703: Total time for which application threads were stopped: 0.0038000 seconds, Stopping threads took: 0.0019830 seconds
352.783: Application time: 0.0806580 seconds
352.785: [GC [PSYoungGen: 88592K->5776K(96768K)] 115201K->32393K(317952K), 0.0018330 secs] [Times: user=0.01 sys=0.00, real=0.00 secs] 
352.787: Total time for which application threads were stopped: 0.0035170 seconds, Stopping threads took: 0.0016050 seconds
352.869: Application time: 0.0823140 seconds
352.872: [GC [PSYoungGen: 88720K->6096K(96768K)] 115337K->32721K(317952K), 0.0018660 secs] [Times: user=0.01 sys=0.00, real=0.00 secs] 
352.874: Total time for which application threads were stopped: 0.0044800 seconds, Stopping threads took: 0.0025310 seconds
352.957: Application time: 0.0833440 seconds
352.959: [GC [PSYoungGen: 89040K->4768K(96768K)] 115665K->31401K(317952K), 0.0014330 secs] [Times: user=0.01 sys=0.00, real=0.00 secs] 
352.960: Total time for which application threads were stopped: 0.0034510 seconds, Stopping threads took: 0.0019300 seconds
353.041: Application time: 0.0801070 seconds
353.042: [GC [PSYoungGen: 87712K->6160K(96768K)] 114345K->32793K(317952K), 0.0018490 secs] [Times: user=0.01 sys=0.00, real=0.00 secs] 
353.044: Total time for which application threads were stopped: 0.0038290 seconds, Stopping threads took: 0.0018980 seconds
353.127: Application time: 0.0826920 seconds
353.130: [GC [PSYoungGen: 89104K->6112K(96768K)] 115737K->32753K(317952K), 0.0018550 secs] [Times: user=0.01 sys=0.00, real=0.00 secs] 
353.132: Total time for which application threads were stopped: 0.0047240 seconds, Stopping threads took: 0.0027840 seconds
353.214: Application time: 0.0817340 seconds
353.217: [GC [PSYoungGen: 89056K->6096K(96768K)] 115697K->32745K(317952K), 0.0018040 secs] [Times: user=0.01 sys=0.00, real=0.00 secs] 
353.219: Total time for which application threads were stopped: 0.0050590 seconds, Stopping threads took: 0.0031760 seconds
353.296: Application time: 0.0776290 seconds
353.299: [GC [PSYoungGen: 89040K->7664K(96768K)] 115689K->34321K(317952K), 0.0024110 secs] [Times: user=0.01 sys=0.00, real=0.00 secs] 
353.302: Total time for which application threads were stopped: 0.0054650 seconds, Stopping threads took: 0.0029710 seconds
353.381: Application time: 0.0790290 seconds
353.383: [GC [PSYoungGen: 90608K->7520K(96768K)] 117265K->34185K(317952K), 0.0023280 secs] [Times: user=0.02 sys=0.00, real=0.00 secs] 
353.386: Total time for which application threads were stopped: 0.0051220 seconds, Stopping threads took: 0.0027090 seconds
353.462: Application time: 0.0765480 seconds
353.464: [GC [PSYoungGen: 90464K->7264K(96768K)] 117129K->33937K(317952K), 0.0023040 secs] [Times: user=0.02 sys=0.00, real=0.00 secs] 
353.466: Total time for which application threads were stopped: 0.0038280 seconds, Stopping threads took: 0.0014330 seconds
353.547: Application time: 0.0811550 seconds
353.550: [GC [PSYoungGen: 90208K->5872K(96768K)] 116881K->32545K(317952K), 0.0019140 secs] [Times: user=0.01 sys=0.00, real=0.00 secs] 
353.552: Total time for which application threads were stopped: 0.0050040 seconds, Stopping threads took: 0.0030050 seconds
353.638: Application time: 0.0858810 seconds
353.640: [GC [PSYoungGen: 88816K->6224K(96768K)] 115489K->32905K(317952K), 0.0021290 secs] [Times: user=0.01 sys=0.00, real=0.00 secs] 
353.642: Total time for which application threads were stopped: 0.0037050 seconds, Stopping threads took: 0.0014870 seconds
353.723: Application time: 0.0811230 seconds
353.725: [GC [PSYoungGen: 89168K->6336K(96768K)] 115849K->33025K(317952K), 0.0020140 secs] [Times: user=0.01 sys=0.00, real=0.01 secs] 
353.727: Total time for which application threads were stopped: 0.0041110 seconds, Stopping threads took: 0.0020130 seconds
353.807: Application time: 0.0802300 seconds
353.809: [GC [PSYoungGen: 89280K->7328K(96768K)] 115969K->34025K(317952K), 0.0022400 secs] [Times: user=0.01 sys=0.00, real=0.00 secs] 
353.811: Total time for which application threads were stopped: 0.0037650 seconds, Stopping threads took: 0.0014340 seconds
353.893: Application time: 0.0819930 seconds
353.896: [GC [PSYoungGen: 90272K->7152K(96768K)] 116969K->33857K(317952K), 0.0021810 secs] [Times: user=0.02 sys=0.00, real=0.00 secs] 
353.898: Total time for which application threads were stopped: 0.0052540 seconds, Stopping threads took: 0.0029840 seconds
353.978: Application time: 0.0793900 seconds
353.980: [GC [PSYoungGen: 90096K->5376K(96768K)] 116801K->32089K(317952K), 0.0016480 secs] [Times: user=0.01 sys=0.00, real=0.00 secs] 
353.982: Total time for which application threads were stopped: 0.0039490 seconds, Stopping threads took: 0.0022070 seconds
354.066: Application time: 0.0841000 seconds
354.067: [GC [PSYoungGen: 88320K->5504K(96768K)] 115033K->32217K(317952K), 0.0017730 secs] [Times: user=0.02 sys=0.00, real=0.01 secs] 
354.069: Total time for which application threads were stopped: 0.0025880 seconds, Stopping threads took: 0.0007310 seconds
354.154: Application time: 0.0858700 seconds
354.156: [GC [PSYoungGen: 88448K->4560K(96768K)] 115161K->31281K(317952K), 0.0014670 secs] [Times: user=0.01 sys=0.00, real=0.00 secs] 
354.158: Total time for which application threads were stopped: 0.0032140 seconds, Stopping threads took: 0.0016720 seconds
354.236: Application time: 0.0781980 seconds
354.239: [GC [PSYoungGen: 87504K->7008K(96768K)] 114225K->33729K(317952K), 0.0023020 secs] [Times: user=0.01 sys=0.00, real=0.00 secs] 
354.241: Total time for which application threads were stopped: 0.0051700 seconds, Stopping threads took: 0.0027870 seconds
354.320: Application time: 0.0794290 seconds
354.322: [GC [PSYoungGen: 89952K->7600K(96768K)] 116673K->34329K(317952K), 0.0042680 secs] [Times: user=0.03 sys=0.00, real=0.00 secs] 
354.326: Total time for which application threads were stopped: 0.0057260 seconds, Stopping threads took: 0.0013730 seconds
354.406: Application time: 0.0802150 seconds
354.408: [GC [PSYoungGen: 90543K->6784K(96768K)] 117273K->33521K(317952K), 0.0020990 secs] [Times: user=0.01 sys=0.00, real=0.00 secs] 
354.410: Total time for which application threads were stopped: 0.0035610 seconds, Stopping threads took: 0.0013760 seconds
354.488: Application time: 0.0780400 seconds
354.490: [GC [PSYoungGen: 89728K->7200K(96768K)] 116465K->33945K(317952K), 0.0022910 secs] [Times: user=0.01 sys=0.00, real=0.00 secs] 
354.492: Total time for which application threads were stopped: 0.0043990 seconds, Stopping threads took: 0.0020140 seconds
354.571: Application time: 0.0781950 seconds
354.572: [GC [PSYoungGen: 90144K->7536K(96768K)] 116889K->34289K(317952K), 0.0023110 secs] [Times: user=0.02 sys=0.00, real=0.00 secs] 
354.574: Total time for which application threads were stopped: 0.0039120 seconds, Stopping threads took: 0.0015080 seconds
354.656: Application time: 0.0814280 seconds
354.658: [GC [PSYoungGen: 90480K->6528K(96768K)] 117233K->33281K(317952K), 0.0020080 secs] [Times: user=0.02 sys=0.00, real=0.00 secs] 
354.660: Total time for which application threads were stopped: 0.0039710 seconds, Stopping threads took: 0.0018760 seconds
354.738: Application time: 0.0777250 seconds
354.740: [GC [PSYoungGen: 89472K->7984K(96768K)] 116225K->34745K(317952K), 0.0024230 secs] [Times: user=0.02 sys=0.00, real=0.00 secs] 
354.743: Total time for which application threads were stopped: 0.0053710 seconds, Stopping threads took: 0.0028630 seconds
354.824: Application time: 0.0809040 seconds
354.826: [GC [PSYoungGen: 90928K->7568K(96768K)] 117689K->34337K(317952K), 0.0022930 secs] [Times: user=0.01 sys=0.00, real=0.01 secs] 
354.828: Total time for which application threads were stopped: 0.0041140 seconds, Stopping threads took: 0.0017360 seconds
354.908: Application time: 0.0803700 seconds
354.910: [GC [PSYoungGen: 90512K->5744K(96768K)] 117281K->32521K(317952K), 0.0019070 secs] [Times: user=0.01 sys=0.00, real=0.00 secs] 
354.912: Total time for which application threads were stopped: 0.0035750 seconds, Stopping threads took: 0.0015830 seconds
354.993: Application time: 0.0814160 seconds
354.996: [GC [PSYoungGen: 88688K->5776K(96768K)] 115465K->32561K(317952K), 0.0017420 secs] [Times: user=0.02 sys=0.00, real=0.00 secs] 
354.998: Total time for which application threads were stopped: 0.0048530 seconds, Stopping threads took: 0.0030200 seconds
355.077: Application time: 0.0789190 seconds
355.080: [GC [PSYoungGen: 88720K->6288K(96768K)] 115505K->33081K(317952K), 0.0020190 secs] [Times: user=0.01 sys=0.00, real=0.00 secs] 
355.082: Total time for which application threads were stopped: 0.0045680 seconds, Stopping threads took: 0.0024670 seconds
355.160: Application time: 0.0787930 seconds
355.163: [GC [PSYoungGen: 89232K->5920K(96768K)] 116025K->32713K(317952K), 0.0018040 secs] [Times: user=0.01 sys=0.00, real=0.00 secs] 
355.165: Total time for which application threads were stopped: 0.0045550 seconds, Stopping threads took: 0.0026630 seconds
355.247: Application time: 0.0819790 seconds
355.250: [GC [PSYoungGen: 88864K->4848K(96768K)] 115657K->31649K(317952K), 0.0014840 secs] [Times: user=0.01 sys=0.00, real=0.00 secs] 
355.251: Total time for which application threads were stopped: 0.0040760 seconds, Stopping threads took: 0.0025180 seconds
355.333: Application time: 0.0823500 seconds
355.335: [GC [PSYoungGen: 87792K->5248K(96768K)] 114593K->32057K(317952K), 0.0015930 secs] [Times: user=0.01 sys=0.00, real=0.00 secs] 
355.337: Total time for which application threads were stopped: 0.0033850 seconds, Stopping threads took: 0.0017150 seconds
355.419: Application time: 0.0821010 seconds
355.422: [GC [PSYoungGen: 88192K->6672K(96768K)] 115001K->33489K(317952K), 0.0020720 secs] [Times: user=0.02 sys=0.00, real=0.00 secs] 
355.424: Total time for which application threads were stopped: 0.0050460 seconds, Stopping threads took: 0.0028890 seconds
355.506: Application time: 0.0816110 seconds
355.508: [GC [PSYoungGen: 89616K->5824K(96768K)] 116433K->32649K(317952K), 0.0017880 secs] [Times: user=0.02 sys=0.00, real=0.00 secs] 
355.510: Total time for which application threads were stopped: 0.0044820 seconds, Stopping threads took: 0.0026050 seconds
355.593: Application time: 0.0834090 seconds
355.594: [GC [PSYoungGen: 88768K->4832K(96768K)] 115593K->31665K(317952K), 0.0014360 secs] [Times: user=0.01 sys=0.00, real=0.01 secs] 
355.596: Total time for which application threads were stopped: 0.0020340 seconds, Stopping threads took: 0.0005240 seconds
355.680: Application time: 0.0845360 seconds
355.682: [GC [PSYoungGen: 87776K->5664K(96768K)] 114609K->32497K(317952K), 0.0017530 secs] [Times: user=0.02 sys=0.00, real=0.00 secs] 
355.684: Total time for which application threads were stopped: 0.0034720 seconds, Stopping threads took: 0.0016300 seconds
355.765: Application time: 0.0812630 seconds
355.768: [GC [PSYoungGen: 88608K->5696K(96768K)] 115441K->32537K(317952K), 0.0016840 secs] [Times: user=0.02 sys=0.00, real=0.00 secs] 
355.769: Total time for which application threads were stopped: 0.0046760 seconds, Stopping threads took: 0.0029100 seconds
355.847: Application time: 0.0779030 seconds
355.850: [GC [PSYoungGen: 88640K->6688K(96768K)] 115481K->33537K(317952K), 0.0020050 secs] [Times: user=0.01 sys=0.00, real=0.00 secs] 
355.852: Total time for which application threads were stopped: 0.0045710 seconds, Stopping threads took: 0.0024840 seconds
355.931: Application time: 0.0792080 seconds
355.934: [GC [PSYoungGen: 89632K->6480K(96768K)] 116481K->33337K(317952K), 0.0020520 secs] [Times: user=0.01 sys=0.00, real=0.01 secs] 
355.936: Total time for which application threads were stopped: 0.0049120 seconds, Stopping threads took: 0.0027760 seconds
356.011: Application time: 0.0751570 seconds
356.014: [GC [PSYoungGen: 89422K->7584K(96768K)] 116279K->34449K(317952K), 0.0023370 secs] [Times: user=0.01 sys=0.00, real=0.01 secs] 
356.017: Total time for which application threads were stopped: 0.0052820 seconds, Stopping threads took: 0.0028510 seconds
356.093: Application time: 0.0765240 seconds
356.096: [GC [PSYoungGen: 90528K->6736K(96768K)] 117393K->33609K(317952K), 0.0020550 secs] [Times: user=0.01 sys=0.00, real=0.00 secs] 
356.098: Total time for which application threads were stopped: 0.0048590 seconds, Stopping threads took: 0.0027250 seconds
356.176: Application time: 0.0782960 seconds
356.179: [GC [PSYoungGen: 89680K->6752K(96768K)] 116553K->33633K(317952K), 0.0020670 secs] [Times: user=0.02 sys=0.00, real=0.00 secs] 
356.181: Total time for which application threads were stopped: 0.0049160 seconds, Stopping threads took: 0.0027640 seconds
356.257: Application time: 0.0754690 seconds
356.259: [GC [PSYoungGen: 89696K->7440K(96768K)] 116577K->34329K(317952K), 0.0022900 secs] [Times: user=0.02 sys=0.01, real=0.00 secs] 
356.261: Total time for which application threads were stopped: 0.0048640 seconds, Stopping threads took: 0.0024910 seconds
356.335: Application time: 0.0734930 seconds
356.336: [GC [PSYoungGen: 90383K->7536K(96768K)] 117273K->34425K(317952K), 0.0022910 secs] [Times: user=0.02 sys=0.00, real=0.00 secs] 
356.339: Total time for which application threads were stopped: 0.0037660 seconds, Stopping threads took: 0.0013930 seconds
356.413: Application time: 0.0743470 seconds
356.415: [GC [PSYoungGen: 90480K->6624K(96768K)] 117369K->33521K(317952K), 0.0019260 secs] [Times: user=0.01 sys=0.00, real=0.00 secs] 
356.417: Total time for which application threads were stopped: 0.0040620 seconds, Stopping threads took: 0.0020550 seconds
356.493: Application time: 0.0758880 seconds
356.494: [GC [PSYoungGen: 89568K->4944K(96768K)] 116465K->31849K(317952K), 0.0015780 secs] [Times: user=0.01 sys=0.00, real=0.01 secs] 
356.496: Total time for which application threads were stopped: 0.0029060 seconds, Stopping threads took: 0.0012490 seconds
356.571: Application time: 0.0754750 seconds
356.573: [GC [PSYoungGen: 87888K->6304K(96768K)] 114793K->33225K(317952K), 0.0019780 secs] [Times: user=0.00 sys=0.01, real=0.01 secs] 
356.575: Total time for which application threads were stopped: 0.0039730 seconds, Stopping threads took: 0.0019070 seconds
356.651: Application time: 0.0756500 seconds
356.653: [GC [PSYoungGen: 89248K->7248K(96768K)] 116169K->34185K(317952K), 0.0022520 secs] [Times: user=0.01 sys=0.00, real=0.00 secs] 
356.655: Total time for which application threads were stopped: 0.0039990 seconds, Stopping threads took: 0.0016650 seconds
356.732: Application time: 0.0773760 seconds
356.734: [GC [PSYoungGen: 90192K->6000K(96768K)] 117129K->32945K(317952K), 0.0018750 secs] [Times: user=0.01 sys=0.00, real=0.01 secs] 
356.736: Total time for which application threads were stopped: 0.0039320 seconds, Stopping threads took: 0.0019750 seconds
356.814: Application time: 0.0776730 seconds
356.816: [GC [PSYoungGen: 88944K->5856K(96768K)] 115889K->32801K(317952K), 0.0018550 secs] [Times: user=0.01 sys=0.00, real=0.00 secs] 
356.817: Total time for which application threads were stopped: 0.0033760 seconds, Stopping threads took: 0.0014390 seconds
356.891: Application time: 0.0735700 seconds
356.893: [GC [PSYoungGen: 88800K->7616K(96768K)] 115745K->34569K(317952K), 0.0024330 secs] [Times: user=0.02 sys=0.00, real=0.00 secs] 
356.895: Total time for which application threads were stopped: 0.0041810 seconds, Stopping threads took: 0.0016600 seconds
356.969: Application time: 0.0733660 seconds
356.971: [GC [PSYoungGen: 90560K->7504K(96768K)] 117513K->34465K(317952K), 0.0022970 secs] [Times: user=0.01 sys=0.00, real=0.00 secs] 
356.973: Total time for which application threads were stopped: 0.0048760 seconds, Stopping threads took: 0.0024930 seconds
357.053: Application time: 0.0794650 seconds
357.053: [GC [PSYoungGen: 90448K->7104K(96768K)] 117409K->34073K(317952K), 0.0022180 secs] [Times: user=0.02 sys=0.00, real=0.01 secs] 
357.056: Total time for which application threads were stopped: 0.0027920 seconds, Stopping threads took: 0.0004890 seconds
357.132: Application time: 0.0760210 seconds
357.133: [GC [PSYoungGen: 90048K->6784K(96768K)] 117017K->33761K(317952K), 0.0020850 secs] [Times: user=0.01 sys=0.00, real=0.00 secs] 
357.135: Total time for which application threads were stopped: 0.0031510 seconds, Stopping threads took: 0.0009780 seconds
357.210: Application time: 0.0751430 seconds
357.212: [GC [PSYoungGen: 89728K->7520K(96768K)] 116705K->34497K(317952K), 0.0023020 secs] [Times: user=0.02 sys=0.00, real=0.00 secs] 
357.214: Total time for which application threads were stopped: 0.0042780 seconds, Stopping threads took: 0.0018920 seconds
357.286: Application time: 0.0720430 seconds
357.289: [GC [PSYoungGen: 90464K->8272K(96768K)] 117441K->35257K(317952K), 0.0024800 secs] [Times: user=0.01 sys=0.00, real=0.00 secs] 
357.292: Total time for which application threads were stopped: 0.0055440 seconds, Stopping threads took: 0.0029830 seconds
357.370: Application time: 0.0779940 seconds
357.372: [GC [PSYoungGen: 91216K->6192K(96768K)] 118201K->33185K(317952K), 0.0018620 secs] [Times: user=0.02 sys=0.00, real=0.00 secs] 
357.374: Total time for which application threads were stopped: 0.0037840 seconds, Stopping threads took: 0.0018390 seconds
357.448: Application time: 0.0740230 seconds
357.450: [GC [PSYoungGen: 89136K->8192K(96768K)] 116129K->35193K(317952K), 0.0024750 secs] [Times: user=0.02 sys=0.00, real=0.00 secs] 
357.452: Total time for which application threads were stopped: 0.0044040 seconds, Stopping threads took: 0.0018480 seconds
357.527: Application time: 0.0747360 seconds
357.530: [GC [PSYoungGen: 91136K->7232K(96768K)] 118137K->34241K(317952K), 0.0021790 secs] [Times: user=0.02 sys=0.00, real=0.00 secs] 
357.532: Total time for which application threads were stopped: 0.0049740 seconds, Stopping threads took: 0.0027080 seconds
357.610: Application time: 0.0784470 seconds
357.613: [GC [PSYoungGen: 90176K->6784K(96768K)] 117185K->33801K(317952K), 0.0020450 secs] [Times: user=0.02 sys=0.00, real=0.01 secs] 
357.615: Total time for which application threads were stopped: 0.0050090 seconds, Stopping threads took: 0.0028840 seconds
357.691: Application time: 0.0759970 seconds
357.694: [GC [PSYoungGen: 89728K->5696K(96768K)] 116745K->32713K(317952K), 0.0016720 secs] [Times: user=0.01 sys=0.00, real=0.01 secs] 
357.696: Total time for which application threads were stopped: 0.0048790 seconds, Stopping threads took: 0.0031210 seconds
357.778: Application time: 0.0816080 seconds
357.781: [GC [PSYoungGen: 88640K->5712K(96768K)] 115657K->32737K(317952K), 0.0017510 secs] [Times: user=0.01 sys=0.00, real=0.00 secs] 
357.782: Total time for which application threads were stopped: 0.0046380 seconds, Stopping threads took: 0.0028100 seconds
357.860: Application time: 0.0777530 seconds
357.861: [GC [PSYoungGen: 88656K->5024K(96768K)] 115681K->32057K(317952K), 0.0015570 secs] [Times: user=0.01 sys=0.00, real=0.00 secs] 
357.862: Total time for which application threads were stopped: 0.0021840 seconds, Stopping threads took: 0.0005440 seconds
357.946: Application time: 0.0834910 seconds
357.946: [GC [PSYoungGen: 87968K->5264K(96768K)] 115001K->32305K(317952K), 0.0016350 secs] [Times: user=0.01 sys=0.00, real=0.01 secs] 
357.948: Total time for which application threads were stopped: 0.0019670 seconds, Stopping threads took: 0.0002580 seconds
358.031: Application time: 0.0832870 seconds
358.034: [GC [PSYoungGen: 88208K->7328K(96768K)] 115249K->34377K(317952K), 0.0021730 secs] [Times: user=0.02 sys=0.00, real=0.01 secs] 
358.036: Total time for which application threads were stopped: 0.0050090 seconds, Stopping threads took: 0.0027540 seconds
358.115: Application time: 0.0785910 seconds
358.117: [GC [PSYoungGen: 90272K->8032K(96768K)] 117321K->35089K(317952K), 0.0023900 secs] [Times: user=0.02 sys=0.00, real=0.00 secs] 
358.119: Total time for which application threads were stopped: 0.0047320 seconds, Stopping threads took: 0.0022590 seconds
358.195: Application time: 0.0751540 seconds
358.196: [GC [PSYoungGen: 90976K->7056K(96768K)] 118033K->34121K(317952K), 0.0021970 secs] [Times: user=0.01 sys=0.00, real=0.00 secs] 
358.198: Total time for which application threads were stopped: 0.0038350 seconds, Stopping threads took: 0.0015430 seconds
358.273: Application time: 0.0743950 seconds
358.275: [GC [PSYoungGen: 90000K->6880K(96768K)] 117065K->33953K(317952K), 0.0020870 secs] [Times: user=0.02 sys=0.00, real=0.01 secs] 
358.277: Total time for which application threads were stopped: 0.0040110 seconds, Stopping threads took: 0.0018380 seconds
358.352: Application time: 0.0747360 seconds
358.354: [GC [PSYoungGen: 89824K->6480K(96768K)] 116897K->33561K(317952K), 0.0020220 secs] [Times: user=0.01 sys=0.00, real=0.01 secs] 
358.356: Total time for which application threads were stopped: 0.0045020 seconds, Stopping threads took: 0.0024000 seconds
358.433: Application time: 0.0766100 seconds
358.434: [GC [PSYoungGen: 89424K->5248K(96768K)] 116505K->32337K(317952K), 0.0017190 secs] [Times: user=0.01 sys=0.00, real=0.01 secs] 
358.436: Total time for which application threads were stopped: 0.0032550 seconds, Stopping threads took: 0.0014570 seconds
358.512: Application time: 0.0761030 seconds
358.514: [GC [PSYoungGen: 88192K->7792K(96768K)] 115281K->34897K(317952K), 0.0024320 secs] [Times: user=0.02 sys=0.00, real=0.01 secs] 
358.516: Total time for which application threads were stopped: 0.0042190 seconds, Stopping threads took: 0.0017060 seconds
358.597: Application time: 0.0811560 seconds
358.600: [GC [PSYoungGen: 90736K->4368K(96768K)] 117841K->31481K(317952K), 0.0013910 secs] [Times: user=0.01 sys=0.00, real=0.00 secs] 
358.602: Total time for which application threads were stopped: 0.0041760 seconds, Stopping threads took: 0.0027120 seconds
358.678: Application time: 0.0762090 seconds
358.680: [GC [PSYoungGen: 87312K->7824K(96768K)] 114425K->34953K(317952K), 0.0024430 secs] [Times: user=0.02 sys=0.00, real=0.00 secs] 
358.682: Total time for which application threads were stopped: 0.0041910 seconds, Stopping threads took: 0.0016660 seconds
358.757: Application time: 0.0754560 seconds
358.759: [GC [PSYoungGen: 90768K->7584K(96768K)] 117897K->34713K(317952K), 0.0023000 secs] [Times: user=0.02 sys=0.00, real=0.00 secs] 
358.762: Total time for which application threads were stopped: 0.0043210 seconds, Stopping threads took: 0.0019260 seconds
358.839: Application time: 0.0768870 seconds
358.841: [GC [PSYoungGen: 90528K->7088K(96768K)] 117657K->34225K(317952K), 0.0021320 secs] [Times: user=0.01 sys=0.00, real=0.00 secs] 
358.843: Total time for which application threads were stopped: 0.0042850 seconds, Stopping threads took: 0.0020720 seconds
358.920: Application time: 0.0767770 seconds
358.922: [GC [PSYoungGen: 90032K->8112K(96768K)] 117169K->35257K(317952K), 0.0024900 secs] [Times: user=0.02 sys=0.00, real=0.00 secs] 
358.924: Total time for which application threads were stopped: 0.0046970 seconds, Stopping threads took: 0.0021230 seconds
358.999: Application time: 0.0748420 seconds
359.001: [GC [PSYoungGen: 91056K->7840K(96768K)] 118201K->35001K(317952K), 0.0024550 secs] [Times: user=0.02 sys=0.00, real=0.00 secs] 
359.004: Total time for which application threads were stopped: 0.0043590 seconds, Stopping threads took: 0.0018220 seconds
359.079: Application time: 0.0751290 seconds
359.080: [GC [PSYoungGen: 90784K->7568K(96768K)] 117945K->34737K(317952K), 0.0023390 secs] [Times: user=0.01 sys=0.00, real=0.00 secs] 
359.083: Total time for which application threads were stopped: 0.0041020 seconds, Stopping threads took: 0.0016820 seconds
359.160: Application time: 0.0768680 seconds
359.162: [GC [PSYoungGen: 90512K->6128K(96768K)] 117681K->33305K(317952K), 0.0018880 secs] [Times: user=0.01 sys=0.00, real=0.00 secs] 
359.164: Total time for which application threads were stopped: 0.0038300 seconds, Stopping threads took: 0.0018610 seconds
359.236: Application time: 0.0729070 seconds
359.238: [GC [PSYoungGen: 89072K->8016K(96768K)] 116249K->35193K(317952K), 0.0024340 secs] [Times: user=0.02 sys=0.00, real=0.00 secs] 
359.240: Total time for which application threads were stopped: 0.0038580 seconds, Stopping threads took: 0.0013440 seconds
359.315: Application time: 0.0747920 seconds
359.318: [GC [PSYoungGen: 90960K->6128K(96768K)] 118137K->33313K(317952K), 0.0017990 secs] [Times: user=0.01 sys=0.00, real=0.00 secs] 
359.320: Total time for which application threads were stopped: 0.0044820 seconds, Stopping threads took: 0.0025910 seconds
359.394: Application time: 0.0739950 seconds
359.396: [GC [PSYoungGen: 89072K->5856K(96768K)] 116257K->33049K(317952K), 0.0018370 secs] [Times: user=0.01 sys=0.00, real=0.00 secs] 
359.397: Total time for which application threads were stopped: 0.0038180 seconds, Stopping threads took: 0.0019020 seconds
359.476: Application time: 0.0789590 seconds
359.479: [GC [PSYoungGen: 88800K->4304K(96768K)] 115993K->31505K(317952K), 0.0013210 secs] [Times: user=0.00 sys=0.00, real=0.00 secs] 
359.481: Total time for which application threads were stopped: 0.0041820 seconds, Stopping threads took: 0.0027870 seconds
359.559: Application time: 0.0784130 seconds
359.561: [GC [PSYoungGen: 87248K->5376K(96768K)] 114449K->32585K(317952K), 0.0017200 secs] [Times: user=0.01 sys=0.00, real=0.00 secs] 
359.563: Total time for which application threads were stopped: 0.0039890 seconds, Stopping threads took: 0.0021900 seconds
359.641: Application time: 0.0777080 seconds
359.643: [GC [PSYoungGen: 88320K->7296K(96768K)] 115529K->34513K(317952K), 0.0022660 secs] [Times: user=0.01 sys=0.00, real=0.00 secs] 
359.645: Total time for which application threads were stopped: 0.0042450 seconds, Stopping threads took: 0.0018960 seconds
359.722: Application time: 0.0767640 seconds
359.724: [GC [PSYoungGen: 90240K->7088K(96768K)] 117457K->34305K(317952K), 0.0022290 secs] [Times: user=0.01 sys=0.00, real=0.00 secs] 
359.726: Total time for which application threads were stopped: 0.0045190 seconds, Stopping threads took: 0.0022090 seconds
359.807: Application time: 0.0809220 seconds
359.810: [GC [PSYoungGen: 90032K->7216K(96768K)] 117249K->34441K(317952K), 0.0021700 secs] [Times: user=0.01 sys=0.00, real=0.00 secs] 
359.812: Total time for which application threads were stopped: 0.0049110 seconds, Stopping threads took: 0.0026570 seconds
359.896: Application time: 0.0840550 seconds
359.899: [GC [PSYoungGen: 90160K->4368K(96768K)] 117385K->31601K(317952K), 0.0013640 secs] [Times: user=0.01 sys=0.00, real=0.00 secs] 
359.901: Total time for which application threads were stopped: 0.0044700 seconds, Stopping threads took: 0.0030240 seconds
359.987: Application time: 0.0860370 seconds
359.989: [GC [PSYoungGen: 87312K->4480K(96768K)] 114545K->31721K(317952K), 0.0013500 secs] [Times: user=0.01 sys=0.00, real=0.00 secs] 
359.991: Total time for which application threads were stopped: 0.0038570 seconds, Stopping threads took: 0.0024310 seconds
360.072: Application time: 0.0818970 seconds
360.074: [GC [PSYoungGen: 87424K->6560K(96768K)] 114665K->33809K(317952K), 0.0021190 secs] [Times: user=0.02 sys=0.00, real=0.01 secs] 
360.076: Total time for which application threads were stopped: 0.0039530 seconds, Stopping threads took: 0.0017390 seconds
360.154: Application time: 0.0779560 seconds
360.156: [GC [PSYoungGen: 89504K->6816K(96768K)] 116753K->34073K(317952K), 0.0019960 secs] [Times: user=0.01 sys=0.00, real=0.00 secs] 
360.158: Total time for which application threads were stopped: 0.0036620 seconds, Stopping threads took: 0.0015830 seconds
360.239: Application time: 0.0812850 seconds
360.241: [GC [PSYoungGen: 89760K->7600K(96768K)] 117017K->34857K(317952K), 0.0024250 secs] [Times: user=0.02 sys=0.00, real=0.00 secs] 
360.244: Total time for which application threads were stopped: 0.0044960 seconds, Stopping threads took: 0.0019800 seconds
360.325: Application time: 0.0812110 seconds
360.328: [GC [PSYoungGen: 90544K->6784K(96768K)] 117801K->34049K(317952K), 0.0023000 secs] [Times: user=0.00 sys=0.00, real=0.00 secs] 
360.330: Total time for which application threads were stopped: 0.0051010 seconds, Stopping threads took: 0.0027230 seconds
360.412: Application time: 0.0820240 seconds
360.415: [GC [PSYoungGen: 89728K->6384K(96768K)] 116993K->33665K(317952K), 0.0020670 secs] [Times: user=0.02 sys=0.00, real=0.00 secs] 
360.417: Total time for which application threads were stopped: 0.0053500 seconds, Stopping threads took: 0.0031650 seconds
360.498: Application time: 0.0801330 seconds
360.501: [GC [PSYoungGen: 89326K->5872K(96768K)] 116607K->33161K(317952K), 0.0017130 secs] [Times: user=0.01 sys=0.00, real=0.00 secs] 
360.503: Total time for which application threads were stopped: 0.0050060 seconds, Stopping threads took: 0.0032100 seconds
360.584: Application time: 0.0812490 seconds
360.586: [GC [PSYoungGen: 88816K->6000K(96768K)] 116105K->33297K(317952K), 0.0019220 secs] [Times: user=0.01 sys=0.00, real=0.01 secs] 
360.588: Total time for which application threads were stopped: 0.0045320 seconds, Stopping threads took: 0.0025250 seconds
360.671: Application time: 0.0826200 seconds
360.673: [GC [PSYoungGen: 88944K->5968K(96768K)] 116241K->33273K(317952K), 0.0018460 secs] [Times: user=0.01 sys=0.00, real=0.00 secs] 
360.675: Total time for which application threads were stopped: 0.0041360 seconds, Stopping threads took: 0.0021970 seconds
360.757: Application time: 0.0817170 seconds
360.759: [GC [PSYoungGen: 88912K->6512K(96768K)] 116217K->33825K(317952K), 0.0020270 secs] [Times: user=0.01 sys=0.00, real=0.00 secs] 
360.761: Total time for which application threads were stopped: 0.0041370 seconds, Stopping threads took: 0.0020260 seconds
360.842: Application time: 0.0812540 seconds
360.845: [GC [PSYoungGen: 89456K->7040K(96768K)] 116769K->34353K(317952K), 0.0021530 secs] [Times: user=0.01 sys=0.00, real=0.00 secs] 
360.847: Total time for which application threads were stopped: 0.0048510 seconds, Stopping threads took: 0.0026100 seconds
360.926: Application time: 0.0788550 seconds
360.927: [GC [PSYoungGen: 89984K->7008K(96768K)] 117297K->34329K(317952K), 0.0021740 secs] [Times: user=0.02 sys=0.00, real=0.00 secs] 
360.930: Total time for which application threads were stopped: 0.0036610 seconds, Stopping threads took: 0.0013970 seconds
361.009: Application time: 0.0793220 seconds
361.011: [GC [PSYoungGen: 89952K->7024K(96768K)] 117273K->34353K(317952K), 0.0022550 secs] [Times: user=0.01 sys=0.00, real=0.00 secs] 
361.013: Total time for which application threads were stopped: 0.0039900 seconds, Stopping threads took: 0.0016510 seconds
361.091: Application time: 0.0776470 seconds
361.094: [GC [PSYoungGen: 89968K->8096K(96768K)] 117297K->35433K(317952K), 0.0026470 secs] [Times: user=0.02 sys=0.00, real=0.01 secs] 
361.096: Total time for which application threads were stopped: 0.0057620 seconds, Stopping threads took: 0.0030300 seconds
361.175: Application time: 0.0781920 seconds
361.176: [GC [PSYoungGen: 91040K->7104K(96768K)] 118377K->34449K(317952K), 0.0021730 secs] [Times: user=0.02 sys=0.00, real=0.00 secs] 
361.179: Total time for which application threads were stopped: 0.0039960 seconds, Stopping threads took: 0.0017400 seconds
361.259: Application time: 0.0807980 seconds
361.261: [GC [PSYoungGen: 90048K->6112K(96768K)] 117393K->33465K(317952K), 0.0018240 secs] [Times: user=0.01 sys=0.00, real=0.00 secs] 
361.263: Total time for which application threads were stopped: 0.0036730 seconds, Stopping threads took: 0.0017650 seconds
361.343: Application time: 0.0802180 seconds
361.346: [GC [PSYoungGen: 89056K->8240K(96768K)] 116409K->35593K(317952K), 0.0025830 secs] [Times: user=0.02 sys=0.00, real=0.01 secs] 
361.349: Total time for which application threads were stopped: 0.0053970 seconds, Stopping threads took: 0.0027300 seconds
361.428: Application time: 0.0790160 seconds
361.430: [GC [PSYoungGen: 91184K->8192K(96768K)] 118537K->35553K(317952K), 0.0025510 secs] [Times: user=0.02 sys=0.00, real=0.00 secs] 
361.433: Total time for which application threads were stopped: 0.0049330 seconds, Stopping threads took: 0.0022920 seconds
361.512: Application time: 0.0791220 seconds
361.514: [GC [PSYoungGen: 91136K->6544K(96768K)] 118497K->33913K(317952K), 0.0019680 secs] [Times: user=0.01 sys=0.00, real=0.01 secs] 
361.516: Total time for which application threads were stopped: 0.0042170 seconds, Stopping threads took: 0.0021590 seconds
361.595: Application time: 0.0790490 seconds
361.598: [GC [PSYoungGen: 89488K->7488K(96768K)] 116857K->34865K(317952K), 0.0023970 secs] [Times: user=0.02 sys=0.00, real=0.00 secs] 
361.600: Total time for which application threads were stopped: 0.0049570 seconds, Stopping threads took: 0.0024730 seconds
361.685: Application time: 0.0848920 seconds
361.687: [GC [PSYoungGen: 90432K->3792K(96768K)] 117809K->31177K(317952K), 0.0011340 secs] [Times: user=0.01 sys=0.00, real=0.01 secs] 
361.688: Total time for which application threads were stopped: 0.0029850 seconds, Stopping threads took: 0.0017730 seconds
361.767: Application time: 0.0791330 seconds
361.769: [GC [PSYoungGen: 86736K->6960K(96768K)] 114121K->34361K(317952K), 0.0022030 secs] [Times: user=0.01 sys=0.00, real=0.00 secs] 
361.771: Total time for which application threads were stopped: 0.0038500 seconds, Stopping threads took: 0.0015630 seconds
361.853: Application time: 0.0822210 seconds
361.855: [GC [PSYoungGen: 89904K->6368K(96768K)] 117305K->33769K(317952K), 0.0019190 secs] [Times: user=0.02 sys=0.00, real=0.00 secs] 
361.857: Total time for which application threads were stopped: 0.0041600 seconds, Stopping threads took: 0.0021570 seconds
361.936: Application time: 0.0788730 seconds
361.938: [GC [PSYoungGen: 89312K->6480K(96768K)] 116713K->33889K(317952K), 0.0020600 secs] [Times: user=0.02 sys=0.00, real=0.00 secs] 
361.940: Total time for which application threads were stopped: 0.0041940 seconds, Stopping threads took: 0.0020390 seconds
362.020: Application time: 0.0795480 seconds
362.023: [GC [PSYoungGen: 89424K->6848K(96768K)] 116833K->34273K(317952K), 0.0021170 secs] [Times: user=0.02 sys=0.00, real=0.00 secs] 
362.025: Total time for which application threads were stopped: 0.0049870 seconds, Stopping threads took: 0.0027820 seconds
362.103: Application time: 0.0778280 seconds
362.105: [GC [PSYoungGen: 89792K->6768K(96768K)] 117217K->34201K(317952K), 0.0020390 secs] [Times: user=0.01 sys=0.00, real=0.00 secs] 
362.107: Total time for which application threads were stopped: 0.0043070 seconds, Stopping threads took: 0.0021850 seconds
362.187: Application time: 0.0802610 seconds
362.190: [GC [PSYoungGen: 89712K->8208K(96768K)] 117145K->35649K(317952K), 0.0026220 secs] [Times: user=0.02 sys=0.00, real=0.00 secs] 
362.192: Total time for which application threads were stopped: 0.0050050 seconds, Stopping threads took: 0.0023020 seconds
362.272: Application time: 0.0801120 seconds
362.275: [GC [PSYoungGen: 91152K->7152K(96768K)] 118593K->34593K(317952K), 0.0021660 secs] [Times: user=0.02 sys=0.00, real=0.00 secs] 
362.278: Total time for which application threads were stopped: 0.0052090 seconds, Stopping threads took: 0.0029600 seconds
362.357: Application time: 0.0793830 seconds
362.358: [GC [PSYoungGen: 90096K->6896K(96768K)] 117537K->34345K(317952K), 0.0021070 secs] [Times: user=0.01 sys=0.00, real=0.00 secs] 
362.360: Total time for which application threads were stopped: 0.0027700 seconds, Stopping threads took: 0.0005740 seconds
362.441: Application time: 0.0812770 seconds
362.444: [GC [PSYoungGen: 89840K->5392K(96768K)] 117289K->32849K(317952K), 0.0016710 secs] [Times: user=0.01 sys=0.00, real=0.00 secs] 
362.445: Total time for which application threads were stopped: 0.0044170 seconds, Stopping threads took: 0.0026530 seconds
362.522: Application time: 0.0760710 seconds
362.523: [GC [PSYoungGen: 88336K->8352K(96768K)] 115793K->35817K(317952K), 0.0025550 secs] [Times: user=0.01 sys=0.00, real=0.00 secs] 
362.525: Total time for which application threads were stopped: 0.0039660 seconds, Stopping threads took: 0.0013240 seconds
362.603: Application time: 0.0770990 seconds
362.605: [GC [PSYoungGen: 91296K->8208K(96768K)] 118761K->35689K(317952K), 0.0026630 secs] [Times: user=0.02 sys=0.00, real=0.01 secs] 
362.608: Total time for which application threads were stopped: 0.0055190 seconds, Stopping threads took: 0.0027680 seconds
362.689: Application time: 0.0807820 seconds
362.690: [GC [PSYoungGen: 91152K->7104K(96768K)] 118633K->34593K(317952K), 0.0022600 secs] [Times: user=0.02 sys=0.00, real=0.00 secs] 
362.693: Total time for which application threads were stopped: 0.0036880 seconds, Stopping threads took: 0.0013450 seconds
362.771: Application time: 0.0788210 seconds
362.774: [GC [PSYoungGen: 90048K->6640K(96768K)] 117537K->34137K(317952K), 0.0021010 secs] [Times: user=0.01 sys=0.00, real=0.01 secs] 
362.777: Total time for which application threads were stopped: 0.0051450 seconds, Stopping threads took: 0.0029340 seconds
362.855: Application time: 0.0785840 seconds
362.857: [GC [PSYoungGen: 89584K->7472K(96768K)] 117081K->34985K(317952K), 0.0022320 secs] [Times: user=0.02 sys=0.00, real=0.00 secs] 
362.859: Total time for which application threads were stopped: 0.0043140 seconds, Stopping threads took: 0.0019980 seconds
362.938: Application time: 0.0788940 seconds
362.940: [GC [PSYoungGen: 90416K->8256K(96768K)] 117929K->35769K(317952K), 0.0025010 secs] [Times: user=0.02 sys=0.00, real=0.00 secs] 
362.943: Total time for which application threads were stopped: 0.0047020 seconds, Stopping threads took: 0.0021130 seconds
363.030: Application time: 0.0873780 seconds
363.032: [GC [PSYoungGen: 91200K->4672K(96768K)] 118713K->32193K(317952K), 0.0014100 secs] [Times: user=0.00 sys=0.00, real=0.00 secs] 
363.034: Total time for which application threads were stopped: 0.0031040 seconds, Stopping threads took: 0.0016120 seconds
363.117: Application time: 0.0831310 seconds
363.119: [GC [PSYoungGen: 87616K->6032K(96768K)] 115137K->33561K(317952K), 0.0018590 secs] [Times: user=0.01 sys=0.00, real=0.00 secs] 
363.121: Total time for which application threads were stopped: 0.0040230 seconds, Stopping threads took: 0.0020750 seconds
363.200: Application time: 0.0797140 seconds
363.202: [GC [PSYoungGen: 88976K->6688K(96768K)] 116505K->34225K(317952K), 0.0021310 secs] [Times: user=0.02 sys=0.00, real=0.00 secs] 
363.204: Total time for which application threads were stopped: 0.0038510 seconds, Stopping threads took: 0.0016120 seconds
363.284: Application time: 0.0799240 seconds
363.287: [GC [PSYoungGen: 89632K->8096K(96768K)] 117169K->35641K(317952K), 0.0025260 secs] [Times: user=0.02 sys=0.00, real=0.01 secs] 
363.289: Total time for which application threads were stopped: 0.0052970 seconds, Stopping threads took: 0.0026850 seconds
363.370: Application time: 0.0807500 seconds
363.372: [GC [PSYoungGen: 91040K->6752K(96768K)] 118585K->34305K(317952K), 0.0020440 secs] [Times: user=0.01 sys=0.00, real=0.00 secs] 
363.375: Total time for which application threads were stopped: 0.0043490 seconds, Stopping threads took: 0.0022250 seconds
363.460: Application time: 0.0852280 seconds
363.461: [GC [PSYoungGen: 89696K->4704K(96768K)] 117249K->32257K(317952K), 0.0013760 secs] [Times: user=0.01 sys=0.00, real=0.00 secs] 
363.462: Total time for which application threads were stopped: 0.0024440 seconds, Stopping threads took: 0.0009920 seconds
363.547: Application time: 0.0846340 seconds
363.550: [GC [PSYoungGen: 87648K->6480K(96768K)] 115201K->34041K(317952K), 0.0019640 secs] [Times: user=0.01 sys=0.00, real=0.00 secs] 
363.552: Total time for which application threads were stopped: 0.0052240 seconds, Stopping threads took: 0.0031640 seconds
363.634: Application time: 0.0814840 seconds
363.634: [GC [PSYoungGen: 89424K->6288K(96768K)] 116985K->33857K(317952K), 0.0020370 secs] [Times: user=0.02 sys=0.00, real=0.01 secs] 
363.636: Total time for which application threads were stopped: 0.0028030 seconds, Stopping threads took: 0.0006780 seconds
363.721: Application time: 0.0845920 seconds
363.723: [GC [PSYoungGen: 89232K->4912K(96768K)] 116801K->32489K(317952K), 0.0014730 secs] [Times: user=0.01 sys=0.00, real=0.00 secs] 
363.724: Total time for which application threads were stopped: 0.0030870 seconds, Stopping threads took: 0.0015400 seconds
363.796: Application time: 0.0720450 seconds
363.798: [GC [PSYoungGen: 87856K->7760K(96768K)] 115433K->35345K(317952K), 0.0024310 secs] [Times: user=0.02 sys=0.00, real=0.00 secs] 
363.801: Total time for which application threads were stopped: 0.0046010 seconds, Stopping threads took: 0.0020820 seconds
363.878: Application time: 0.0771760 seconds
363.880: [GC [PSYoungGen: 90704K->7728K(96768K)] 118289K->35321K(317952K), 0.0023950 secs] [Times: user=0.02 sys=0.00, real=0.00 secs] 
363.882: Total time for which application threads were stopped: 0.0043120 seconds, Stopping threads took: 0.0018340 seconds
363.960: Application time: 0.0780640 seconds
363.963: [GC [PSYoungGen: 90672K->7008K(96768K)] 118265K->34601K(317952K), 0.0021980 secs] [Times: user=0.01 sys=0.00, real=0.00 secs] 
363.966: Total time for which application threads were stopped: 0.0052260 seconds, Stopping threads took: 0.0029430 seconds
364.040: Application time: 0.0743490 seconds
364.042: [GC [PSYoungGen: 89952K->7536K(96768K)] 117545K->35137K(317952K), 0.0022620 secs] [Times: user=0.01 sys=0.00, real=0.00 secs] 
364.044: Total time for which application threads were stopped: 0.0039280 seconds, Stopping threads took: 0.0015830 seconds
364.118: Application time: 0.0741600 seconds
364.120: [GC [PSYoungGen: 90480K->7232K(96768K)] 118081K->34841K(317952K), 0.0021970 secs] [Times: user=0.01 sys=0.00, real=0.00 secs] 
364.122: Total time for which application threads were stopped: 0.0037720 seconds, Stopping threads took: 0.0014880 seconds
364.194: Application time: 0.0721140 seconds
364.196: [GC [PSYoungGen: 90176K->7520K(96768K)] 117785K->35137K(317952K), 0.0023490 secs] [Times: user=0.02 sys=0.00, real=0.00 secs] 
364.198: Total time for which application threads were stopped: 0.0045960 seconds, Stopping threads took: 0.0021700 seconds
364.274: Application time: 0.0755330 seconds
364.275: [GC [PSYoungGen: 90464K->6880K(96768K)] 118081K->34513K(317952K), 0.0022680 secs] [Times: user=0.02 sys=0.00, real=0.00 secs] 
364.278: Total time for which application threads were stopped: 0.0037060 seconds, Stopping threads took: 0.0013520 seconds
364.352: Application time: 0.0744570 seconds
364.354: [GC [PSYoungGen: 89824K->8032K(96768K)] 117457K->35681K(317952K), 0.0024640 secs] [Times: user=0.02 sys=0.00, real=0.01 secs] 
364.357: Total time for which application threads were stopped: 0.0045850 seconds, Stopping threads took: 0.0020350 seconds
364.435: Application time: 0.0778330 seconds
364.437: [GC [PSYoungGen: 90976K->6192K(96768K)] 118625K->33841K(317952K), 0.0019060 secs] [Times: user=0.01 sys=0.00, real=0.00 secs] 
364.439: Total time for which application threads were stopped: 0.0048090 seconds, Stopping threads took: 0.0028170 seconds
364.519: Application time: 0.0794280 seconds
364.520: [GC [PSYoungGen: 89136K->4016K(96768K)] 116785K->31673K(317952K), 0.0012530 secs] [Times: user=0.01 sys=0.00, real=0.00 secs] 
364.522: Total time for which application threads were stopped: 0.0027220 seconds, Stopping threads took: 0.0014000 seconds
364.596: Application time: 0.0747700 seconds
364.599: [GC [PSYoungGen: 86960K->6400K(96768K)] 114617K->34065K(317952K), 0.0020210 secs] [Times: user=0.02 sys=0.00, real=0.00 secs] 
364.601: Total time for which application threads were stopped: 0.0043280 seconds, Stopping threads took: 0.0022240 seconds
364.678: Application time: 0.0775270 seconds
364.680: [GC [PSYoungGen: 89344K->6032K(96768K)] 117009K->33705K(317952K), 0.0018720 secs] [Times: user=0.01 sys=0.00, real=0.00 secs] 
364.682: Total time for which application threads were stopped: 0.0034700 seconds, Stopping threads took: 0.0015090 seconds
364.758: Application time: 0.0759880 seconds
364.760: [GC [PSYoungGen: 88976K->6240K(96768K)] 116649K->33921K(317952K), 0.0019620 secs] [Times: user=0.01 sys=0.00, real=0.00 secs] 
364.762: Total time for which application threads were stopped: 0.0041300 seconds, Stopping threads took: 0.0020890 seconds
364.839: Application time: 0.0776750 seconds
364.841: [GC [PSYoungGen: 89184K->5600K(96768K)] 116865K->33281K(317952K), 0.0016990 secs] [Times: user=0.02 sys=0.00, real=0.00 secs] 
364.843: Total time for which application threads were stopped: 0.0032910 seconds, Stopping threads took: 0.0015180 seconds
364.917: Application time: 0.0742770 seconds
364.919: [GC [PSYoungGen: 88544K->6736K(96768K)] 116225K->34433K(317952K), 0.0020410 secs] [Times: user=0.01 sys=0.00, real=0.00 secs] 
364.921: Total time for which application threads were stopped: 0.0044170 seconds, Stopping threads took: 0.0022960 seconds
364.994: Application time: 0.0727480 seconds
364.996: [GC [PSYoungGen: 89680K->6752K(96768K)] 117377K->34449K(317952K), 0.0020220 secs] [Times: user=0.01 sys=0.00, real=0.00 secs] 
364.998: Total time for which application threads were stopped: 0.0035950 seconds, Stopping threads took: 0.0014900 seconds
365.073: Application time: 0.0748850 seconds
365.075: [GC [PSYoungGen: 89696K->6464K(96768K)] 117393K->34169K(317952K), 0.0019330 secs] [Times: user=0.01 sys=0.00, real=0.01 secs] 
365.077: Total time for which application threads were stopped: 0.0040840 seconds, Stopping threads took: 0.0020670 seconds
365.152: Application time: 0.0752320 seconds
365.153: [GC [PSYoungGen: 89408K->5744K(96768K)] 117113K->33457K(317952K), 0.0017290 secs] [Times: user=0.01 sys=0.00, real=0.00 secs] 
365.155: Total time for which application threads were stopped: 0.0029490 seconds, Stopping threads took: 0.0011430 seconds
365.231: Application time: 0.0764640 seconds
365.233: [GC [PSYoungGen: 88688K->7760K(96768K)] 116401K->35481K(317952K), 0.0024190 secs] [Times: user=0.02 sys=0.01, real=0.01 secs] 
365.235: Total time for which application threads were stopped: 0.0039730 seconds, Stopping threads took: 0.0014590 seconds
365.310: Application time: 0.0747680 seconds
365.311: [GC [PSYoungGen: 90704K->7904K(96768K)] 118425K->35633K(317952K), 0.0025850 secs] [Times: user=0.01 sys=0.00, real=0.00 secs] 
365.314: Total time for which application threads were stopped: 0.0037280 seconds, Stopping threads took: 0.0010620 seconds
365.389: Application time: 0.0752370 seconds
365.391: [GC [PSYoungGen: 90848K->6688K(96768K)] 118577K->34425K(317952K), 0.0019890 secs] [Times: user=0.01 sys=0.00, real=0.00 secs] 
365.393: Total time for which application threads were stopped: 0.0039880 seconds, Stopping threads took: 0.0019160 seconds
365.469: Application time: 0.0754560 seconds
365.471: [GC [PSYoungGen: 89632K->7584K(96768K)] 117369K->35321K(317952K), 0.0022590 secs] [Times: user=0.02 sys=0.00, real=0.00 secs] 
365.473: Total time for which application threads were stopped: 0.0047840 seconds, Stopping threads took: 0.0024400 seconds
365.553: Application time: 0.0799240 seconds
365.555: [GC [PSYoungGen: 90528K->4208K(96768K)] 118265K->31953K(317952K), 0.0012750 secs] [Times: user=0.01 sys=0.00, real=0.01 secs] 
365.556: Total time for which application threads were stopped: 0.0028720 seconds, Stopping threads took: 0.0015240 seconds
365.635: Application time: 0.0784140 seconds
365.636: [GC [PSYoungGen: 87152K->5216K(96768K)] 114897K->32969K(317952K), 0.0016020 secs] [Times: user=0.01 sys=0.00, real=0.00 secs] 
365.638: Total time for which application threads were stopped: 0.0030430 seconds, Stopping threads took: 0.0013580 seconds
365.716: Application time: 0.0785590 seconds
365.718: [GC [PSYoungGen: 88160K->5968K(96768K)] 115913K->33729K(317952K), 0.0017890 secs] [Times: user=0.01 sys=0.00, real=0.00 secs] 
365.719: Total time for which application threads were stopped: 0.0031740 seconds, Stopping threads took: 0.0013050 seconds
365.796: Application time: 0.0766390 seconds
365.798: [GC [PSYoungGen: 88912K->6064K(96768K)] 116673K->33833K(317952K), 0.0019300 secs] [Times: user=0.01 sys=0.00, real=0.00 secs] 
365.800: Total time for which application threads were stopped: 0.0040670 seconds, Stopping threads took: 0.0020410 seconds
365.874: Application time: 0.0743030 seconds
365.876: [GC [PSYoungGen: 89008K->8224K(96768K)] 116777K->36001K(317952K), 0.0025440 secs] [Times: user=0.02 sys=0.00, real=0.00 secs] 
365.879: Total time for which application threads were stopped: 0.0045100 seconds, Stopping threads took: 0.0018870 seconds
365.957: Application time: 0.0786050 seconds
365.959: [GC [PSYoungGen: 91168K->5344K(96768K)] 118945K->33121K(317952K), 0.0016670 secs] [Times: user=0.01 sys=0.00, real=0.00 secs] 
365.961: Total time for which application threads were stopped: 0.0032400 seconds, Stopping threads took: 0.0014960 seconds
366.040: Application time: 0.0797060 seconds
366.042: [GC [PSYoungGen: 88288K->4288K(96768K)] 116065K->32073K(317952K), 0.0012800 secs] [Times: user=0.01 sys=0.00, real=0.00 secs] 
366.043: Total time for which application threads were stopped: 0.0028270 seconds, Stopping threads took: 0.0014760 seconds
366.116: Application time: 0.0727610 seconds
366.119: [GC [PSYoungGen: 87232K->7616K(96768K)] 115017K->35409K(317952K), 0.0022300 secs] [Times: user=0.02 sys=0.00, real=0.00 secs] 
366.121: Total time for which application threads were stopped: 0.0051130 seconds, Stopping threads took: 0.0028020 seconds
366.198: Application time: 0.0770050 seconds
366.200: [GC [PSYoungGen: 90560K->6784K(96768K)] 118353K->34585K(317952K), 0.0020810 secs] [Times: user=0.01 sys=0.00, real=0.00 secs] 
366.202: Total time for which application threads were stopped: 0.0038240 seconds, Stopping threads took: 0.0016680 seconds
366.281: Application time: 0.0785140 seconds
366.283: [GC [PSYoungGen: 89728K->4336K(96768K)] 117529K->32145K(317952K), 0.0013360 secs] [Times: user=0.01 sys=0.00, real=0.00 secs] 
366.284: Total time for which application threads were stopped: 0.0033710 seconds, Stopping threads took: 0.0019600 seconds
366.362: Application time: 0.0782600 seconds
366.364: [GC [PSYoungGen: 87280K->5904K(96768K)] 115089K->33721K(317952K), 0.0017880 secs] [Times: user=0.02 sys=0.00, real=0.00 secs] 
366.366: Total time for which application threads were stopped: 0.0040980 seconds, Stopping threads took: 0.0022250 seconds
366.442: Application time: 0.0756850 seconds
366.444: [GC [PSYoungGen: 88848K->6368K(96768K)] 116665K->34185K(317952K), 0.0018740 secs] [Times: user=0.01 sys=0.00, real=0.00 secs] 
366.446: Total time for which application threads were stopped: 0.0039920 seconds, Stopping threads took: 0.0020370 seconds
366.524: Application time: 0.0781160 seconds
366.526: [GC [PSYoungGen: 89312K->4048K(96768K)] 117129K->31873K(317952K), 0.0013230 secs] [Times: user=0.00 sys=0.00, real=0.01 secs] 
366.528: Total time for which application threads were stopped: 0.0035810 seconds, Stopping threads took: 0.0021810 seconds
366.603: Application time: 0.0756760 seconds
366.605: [GC [PSYoungGen: 86992K->7040K(96768K)] 114817K->34873K(317952K), 0.0021460 secs] [Times: user=0.02 sys=0.00, real=0.01 secs] 
366.608: Total time for which application threads were stopped: 0.0043380 seconds, Stopping threads took: 0.0021110 seconds
366.683: Application time: 0.0751320 seconds
366.686: [GC [PSYoungGen: 89984K->7344K(96768K)] 117817K->35185K(317952K), 0.0022250 secs] [Times: user=0.01 sys=0.00, real=0.01 secs] 
366.688: Total time for which application threads were stopped: 0.0051870 seconds, Stopping threads took: 0.0028820 seconds
366.764: Application time: 0.0757090 seconds
366.765: [GC [PSYoungGen: 90288K->6560K(96768K)] 118129K->34409K(317952K), 0.0020650 secs] [Times: user=0.02 sys=0.00, real=0.01 secs] 
366.767: Total time for which application threads were stopped: 0.0035410 seconds, Stopping threads took: 0.0013960 seconds
366.845: Application time: 0.0775240 seconds
366.847: [GC [PSYoungGen: 89504K->4944K(96768K)] 117353K->32793K(317952K), 0.0014560 secs] [Times: user=0.01 sys=0.00, real=0.00 secs] 
366.849: Total time for which application threads were stopped: 0.0039230 seconds, Stopping threads took: 0.0023850 seconds
366.929: Application time: 0.0799360 seconds
366.931: [GC [PSYoungGen: 87888K->7088K(96768K)] 115737K->34945K(317952K), 0.0022460 secs] [Times: user=0.01 sys=0.00, real=0.00 secs] 
366.934: Total time for which application threads were stopped: 0.0050570 seconds, Stopping threads took: 0.0027230 seconds
367.015: Application time: 0.0815790 seconds
367.017: [GC [PSYoungGen: 90032K->5232K(96768K)] 117889K->33089K(317952K), 0.0015690 secs] [Times: user=0.01 sys=0.00, real=0.00 secs] 
367.018: Total time for which application threads were stopped: 0.0030970 seconds, Stopping threads took: 0.0014450 seconds
367.094: Application time: 0.0760980 seconds
367.097: [GC [PSYoungGen: 88176K->7312K(96768K)] 116033K->35177K(317952K), 0.0022790 secs] [Times: user=0.01 sys=0.00, real=0.00 secs] 
367.100: Total time for which application threads were stopped: 0.0051020 seconds, Stopping threads took: 0.0027410 seconds
367.175: Application time: 0.0758010 seconds
367.178: [GC [PSYoungGen: 90256K->6912K(96768K)] 118121K->34785K(317952K), 0.0020940 secs] [Times: user=0.01 sys=0.00, real=0.00 secs] 
367.180: Total time for which application threads were stopped: 0.0048230 seconds, Stopping threads took: 0.0026460 seconds
367.257: Application time: 0.0765480 seconds
367.260: [GC [PSYoungGen: 89856K->7744K(96768K)] 117729K->35625K(317952K), 0.0023370 secs] [Times: user=0.02 sys=0.00, real=0.00 secs] 
367.262: Total time for which application threads were stopped: 0.0052220 seconds, Stopping threads took: 0.0028000 seconds
367.346: Application time: 0.0840330 seconds
367.347: [GC [PSYoungGen: 90688K->7632K(96768K)] 118569K->35513K(317952K), 0.0022390 secs] [Times: user=0.01 sys=0.00, real=0.00 secs] 
367.350: Total time for which application threads were stopped: 0.0036860 seconds, Stopping threads took: 0.0013670 seconds
367.425: Application time: 0.0752790 seconds
367.426: [GC [PSYoungGen: 90576K->7184K(96768K)] 118457K->35073K(317952K), 0.0022350 secs] [Times: user=0.01 sys=0.00, real=0.01 secs] 
367.429: Total time for which application threads were stopped: 0.0038130 seconds, Stopping threads took: 0.0014970 seconds
367.508: Application time: 0.0796560 seconds
367.510: [GC [PSYoungGen: 90128K->7552K(96768K)] 118017K->35441K(317952K), 0.0023540 secs] [Times: user=0.01 sys=0.00, real=0.00 secs] 
367.513: Total time for which application threads were stopped: 0.0042400 seconds, Stopping threads took: 0.0017930 seconds
367.587: Application time: 0.0745310 seconds
367.589: [GC [PSYoungGen: 90496K->7328K(96768K)] 118385K->35225K(317952K), 0.0023250 secs] [Times: user=0.02 sys=0.00, real=0.00 secs] 
367.591: Total time for which application threads were stopped: 0.0041510 seconds, Stopping threads took: 0.0017460 seconds
367.665: Application time: 0.0737860 seconds
367.667: [GC [PSYoungGen: 90272K->7424K(96768K)] 118169K->35329K(317952K), 0.0022330 secs] [Times: user=0.02 sys=0.00, real=0.00 secs] 
367.670: Total time for which application threads were stopped: 0.0044410 seconds, Stopping threads took: 0.0021270 seconds
367.756: Application time: 0.0859650 seconds
367.756: [GC [PSYoungGen: 90367K->3552K(96768K)] 118273K->31465K(317952K), 0.0010690 secs] [Times: user=0.01 sys=0.00, real=0.00 secs] 
367.757: Total time for which application threads were stopped: 0.0014110 seconds, Stopping threads took: 0.0002690 seconds
367.848: Application time: 0.0914180 seconds
367.851: [GC [PSYoungGen: 86496K->5696K(96768K)] 114409K->33617K(317952K), 0.0017520 secs] [Times: user=0.01 sys=0.00, real=0.00 secs] 
367.852: Total time for which application threads were stopped: 0.0039120 seconds, Stopping threads took: 0.0020650 seconds
367.934: Application time: 0.0814850 seconds
367.936: [GC [PSYoungGen: 88640K->8096K(96768K)] 116561K->36025K(317952K), 0.0025400 secs] [Times: user=0.01 sys=0.00, real=0.00 secs] 
367.938: Total time for which application threads were stopped: 0.0046770 seconds, Stopping threads took: 0.0020530 seconds
368.017: Application time: 0.0785920 seconds
368.020: [GC [PSYoungGen: 91040K->8080K(96768K)] 118969K->36009K(317952K), 0.0025310 secs] [Times: user=0.02 sys=0.00, real=0.00 secs] 
368.023: Total time for which application threads were stopped: 0.0057700 seconds, Stopping threads took: 0.0031390 seconds
368.112: Application time: 0.0888870 seconds
368.115: [GC [PSYoungGen: 91024K->7984K(96768K)] 118953K->35921K(317952K), 0.0023620 secs] [Times: user=0.01 sys=0.00, real=0.01 secs] 
368.117: Total time for which application threads were stopped: 0.0054200 seconds, Stopping threads took: 0.0029710 seconds
368.197: Application time: 0.0801770 seconds
368.200: [GC [PSYoungGen: 90928K->7728K(96768K)] 118865K->35673K(317952K), 0.0023970 secs] [Times: user=0.02 sys=0.00, real=0.00 secs] 
368.202: Total time for which application threads were stopped: 0.0046220 seconds, Stopping threads took: 0.0021420 seconds
368.277: Application time: 0.0753330 seconds
368.281: [GC [PSYoungGen: 90672K->8304K(96768K)] 118617K->36257K(317952K), 0.0024810 secs] [Times: user=0.02 sys=0.00, real=0.00 secs] 
368.283: Total time for which application threads were stopped: 0.0057410 seconds, Stopping threads took: 0.0031780 seconds
368.363: Application time: 0.0804220 seconds
368.366: [GC [PSYoungGen: 91248K->7104K(96768K)] 119201K->35065K(317952K), 0.0021340 secs] [Times: user=0.01 sys=0.00, real=0.01 secs] 
368.368: Total time for which application threads were stopped: 0.0044650 seconds, Stopping threads took: 0.0022470 seconds
368.449: Application time: 0.0814670 seconds
368.452: [GC [PSYoungGen: 90048K->5904K(96768K)] 118009K->33873K(317952K), 0.0017920 secs] [Times: user=0.01 sys=0.00, real=0.00 secs] 
368.454: Total time for which application threads were stopped: 0.0047110 seconds, Stopping threads took: 0.0028350 seconds
368.531: Application time: 0.0770880 seconds
368.533: [GC [PSYoungGen: 88848K->7728K(96768K)] 116817K->35697K(317952K), 0.0023290 secs] [Times: user=0.01 sys=0.01, real=0.01 secs] 
368.535: Total time for which application threads were stopped: 0.0042670 seconds, Stopping threads took: 0.0018430 seconds
368.617: Application time: 0.0814070 seconds
368.620: [GC [PSYoungGen: 90672K->7600K(96768K)] 118641K->35577K(317952K), 0.0022760 secs] [Times: user=0.02 sys=0.00, real=0.00 secs] 
368.622: Total time for which application threads were stopped: 0.0055340 seconds, Stopping threads took: 0.0031740 seconds
368.703: Application time: 0.0809160 seconds
368.707: [GC [PSYoungGen: 90544K->7680K(96768K)] 118521K->35665K(317952K), 0.0024210 secs] [Times: user=0.01 sys=0.00, real=0.00 secs] 
368.710: Total time for which application threads were stopped: 0.0063990 seconds, Stopping threads took: 0.0038960 seconds
368.788: Application time: 0.0784470 seconds
368.790: [GC [PSYoungGen: 90624K->7488K(96768K)] 118609K->35481K(317952K), 0.0023350 secs] [Times: user=0.02 sys=0.00, real=0.00 secs] 
368.793: Total time for which application threads were stopped: 0.0043850 seconds, Stopping threads took: 0.0019680 seconds
368.872: Application time: 0.0791820 seconds
368.874: [GC [PSYoungGen: 90432K->7152K(96768K)] 118425K->35153K(317952K), 0.0022210 secs] [Times: user=0.01 sys=0.00, real=0.01 secs] 
368.876: Total time for which application threads were stopped: 0.0046960 seconds, Stopping threads took: 0.0023940 seconds
368.956: Application time: 0.0796910 seconds
368.958: [GC [PSYoungGen: 90096K->7840K(96768K)] 118097K->35841K(317952K), 0.0024730 secs] [Times: user=0.02 sys=0.00, real=0.00 secs] 
368.961: Total time for which application threads were stopped: 0.0047120 seconds, Stopping threads took: 0.0021530 seconds
369.042: Application time: 0.0812090 seconds
369.044: [GC [PSYoungGen: 90784K->6752K(96768K)] 118785K->34761K(317952K), 0.0020540 secs] [Times: user=0.02 sys=0.00, real=0.00 secs] 
369.046: Total time for which application threads were stopped: 0.0036080 seconds, Stopping threads took: 0.0014650 seconds
369.127: Application time: 0.0810790 seconds
369.129: [GC [PSYoungGen: 89696K->6592K(96768K)] 117705K->34601K(317952K), 0.0019840 secs] [Times: user=0.02 sys=0.00, real=0.00 secs] 
369.131: Total time for which application threads were stopped: 0.0046450 seconds, Stopping threads took: 0.0025760 seconds
369.213: Application time: 0.0816650 seconds
369.216: [GC [PSYoungGen: 89536K->6544K(96768K)] 117545K->34561K(317952K), 0.0019970 secs] [Times: user=0.02 sys=0.00, real=0.00 secs] 
369.218: Total time for which application threads were stopped: 0.0050040 seconds, Stopping threads took: 0.0029250 seconds
369.295: Application time: 0.0768990 seconds
369.298: [GC [PSYoungGen: 89488K->7600K(96768K)] 117505K->35625K(317952K), 0.0023340 secs] [Times: user=0.02 sys=0.00, real=0.00 secs] 
369.300: Total time for which application threads were stopped: 0.0051610 seconds, Stopping threads took: 0.0027470 seconds
369.379: Application time: 0.0788090 seconds
369.381: [GC [PSYoungGen: 90544K->6816K(96768K)] 118569K->34849K(317952K), 0.0021440 secs] [Times: user=0.01 sys=0.00, real=0.00 secs] 
369.383: Total time for which application threads were stopped: 0.0040030 seconds, Stopping threads took: 0.0017710 seconds
369.465: Application time: 0.0817150 seconds
369.468: [GC [PSYoungGen: 89760K->6752K(96768K)] 117793K->34793K(317952K), 0.0020100 secs] [Times: user=0.01 sys=0.00, real=0.00 secs] 
369.470: Total time for which application threads were stopped: 0.0051510 seconds, Stopping threads took: 0.0030590 seconds
369.548: Application time: 0.0786610 seconds
369.550: [GC [PSYoungGen: 89696K->7744K(96768K)] 117737K->35793K(317952K), 0.0023970 secs] [Times: user=0.01 sys=0.00, real=0.00 secs] 
369.553: Total time for which application threads were stopped: 0.0044070 seconds, Stopping threads took: 0.0019160 seconds
369.635: Application time: 0.0822730 seconds
369.637: [GC [PSYoungGen: 90688K->7600K(96768K)] 118737K->35649K(317952K), 0.0024460 secs] [Times: user=0.01 sys=0.01, real=0.00 secs] 
369.640: Total time for which application threads were stopped: 0.0048060 seconds, Stopping threads took: 0.0022750 seconds
369.720: Application time: 0.0802230 seconds
369.723: [GC [PSYoungGen: 90544K->7488K(96768K)] 118593K->35545K(317952K), 0.0023450 secs] [Times: user=0.02 sys=0.00, real=0.00 secs] 
369.725: Total time for which application threads were stopped: 0.0048820 seconds, Stopping threads took: 0.0024490 seconds
369.805: Application time: 0.0795280 seconds
369.808: [GC [PSYoungGen: 90432K->5888K(96768K)] 118489K->33953K(317952K), 0.0017730 secs] [Times: user=0.02 sys=0.00, real=0.00 secs] 
369.810: Total time for which application threads were stopped: 0.0050480 seconds, Stopping threads took: 0.0031920 seconds
369.888: Application time: 0.0785890 seconds
369.891: [GC [PSYoungGen: 88832K->6432K(96768K)] 116897K->34505K(317952K), 0.0019870 secs] [Times: user=0.02 sys=0.00, real=0.00 secs] 
369.893: Total time for which application threads were stopped: 0.0046710 seconds, Stopping threads took: 0.0025970 seconds
369.976: Application time: 0.0828580 seconds
369.977: [GC [PSYoungGen: 89376K->7040K(96768K)] 117449K->35121K(317952K), 0.0022160 secs] [Times: user=0.02 sys=0.00, real=0.00 secs] 
369.979: Total time for which application threads were stopped: 0.0029980 seconds, Stopping threads took: 0.0006990 seconds
370.059: Application time: 0.0797330 seconds
370.060: [GC [PSYoungGen: 89984K->6768K(96768K)] 118065K->34865K(317952K), 0.0020980 secs] [Times: user=0.02 sys=0.00, real=0.00 secs] 
370.063: Total time for which application threads were stopped: 0.0041020 seconds, Stopping threads took: 0.0019090 seconds
370.142: Application time: 0.0797880 seconds
370.144: [GC [PSYoungGen: 89712K->7536K(96768K)] 117809K->35633K(317952K), 0.0023370 secs] [Times: user=0.02 sys=0.00, real=0.00 secs] 
370.147: Total time for which application threads were stopped: 0.0043550 seconds, Stopping threads took: 0.0019250 seconds
370.227: Application time: 0.0800120 seconds
370.228: [GC [PSYoungGen: 90480K->7488K(96768K)] 118577K->35593K(317952K), 0.0023430 secs] [Times: user=0.01 sys=0.00, real=0.00 secs] 
370.231: Total time for which application threads were stopped: 0.0038420 seconds, Stopping threads took: 0.0014160 seconds
370.310: Application time: 0.0797130 seconds
370.313: [GC [PSYoungGen: 90432K->8336K(96768K)] 118537K->36457K(317952K), 0.0025130 secs] [Times: user=0.02 sys=0.00, real=0.01 secs] 
370.315: Total time for which application threads were stopped: 0.0048760 seconds, Stopping threads took: 0.0022750 seconds
370.394: Application time: 0.0791080 seconds
370.397: [GC [PSYoungGen: 91280K->7776K(96768K)] 119401K->35905K(317952K), 0.0024420 secs] [Times: user=0.01 sys=0.00, real=0.00 secs] 
370.400: Total time for which application threads were stopped: 0.0054090 seconds, Stopping threads took: 0.0028800 seconds
370.477: Application time: 0.0773870 seconds
370.479: [GC [PSYoungGen: 90720K->8144K(96768K)] 118849K->36281K(317952K), 0.0024930 secs] [Times: user=0.02 sys=0.00, real=0.00 secs] 
370.482: Total time for which application threads were stopped: 0.0047140 seconds, Stopping threads took: 0.0021390 seconds
370.562: Application time: 0.0798840 seconds
370.564: [GC [PSYoungGen: 91088K->7104K(96768K)] 119225K->35241K(317952K), 0.0021200 secs] [Times: user=0.01 sys=0.00, real=0.00 secs] 
370.566: Total time for which application threads were stopped: 0.0044500 seconds, Stopping threads took: 0.0022360 seconds
370.646: Application time: 0.0793260 seconds
370.648: [GC [PSYoungGen: 90048K->8112K(96768K)] 118185K->36257K(317952K), 0.0024700 secs] [Times: user=0.01 sys=0.00, real=0.00 secs] 
370.651: Total time for which application threads were stopped: 0.0050800 seconds, Stopping threads took: 0.0025010 seconds
370.731: Application time: 0.0803610 seconds
370.733: [GC [PSYoungGen: 91056K->6032K(96768K)] 119201K->34177K(317952K), 0.0019080 secs] [Times: user=0.01 sys=0.00, real=0.00 secs] 
370.735: Total time for which application threads were stopped: 0.0036380 seconds, Stopping threads took: 0.0016490 seconds
370.820: Application time: 0.0851740 seconds
370.823: [GC [PSYoungGen: 88976K->4800K(96768K)] 117121K->32953K(317952K), 0.0015530 secs] [Times: user=0.01 sys=0.00, real=0.00 secs] 
370.825: Total time for which application threads were stopped: 0.0050840 seconds, Stopping threads took: 0.0034510 seconds
370.911: Application time: 0.0856510 seconds
370.914: [GC [PSYoungGen: 87744K->5168K(96768K)] 115897K->33337K(317952K), 0.0015930 secs] [Times: user=0.01 sys=0.00, real=0.01 secs] 
370.915: Total time for which application threads were stopped: 0.0046950 seconds, Stopping threads took: 0.0030170 seconds
371.001: Application time: 0.0857260 seconds
371.003: [GC [PSYoungGen: 88112K->6176K(96768K)] 116281K->34353K(317952K), 0.0019130 secs] [Times: user=0.02 sys=0.00, real=0.00 secs] 
371.005: Total time for which application threads were stopped: 0.0042250 seconds, Stopping threads took: 0.0022300 seconds
371.090: Application time: 0.0852010 seconds
371.094: [GC [PSYoungGen: 89120K->5376K(96768K)] 117297K->33553K(317952K), 0.0015800 secs] [Times: user=0.01 sys=0.00, real=0.01 secs] 
371.095: Total time for which application threads were stopped: 0.0048190 seconds, Stopping threads took: 0.0031420 seconds
371.175: Application time: 0.0801360 seconds
371.178: [GC [PSYoungGen: 88320K->8144K(96768K)] 116497K->36329K(317952K), 0.0025530 secs] [Times: user=0.02 sys=0.00, real=0.00 secs] 
371.181: Total time for which application threads were stopped: 0.0052740 seconds, Stopping threads took: 0.0026350 seconds
371.261: Application time: 0.0799430 seconds
371.263: [GC [PSYoungGen: 91088K->8080K(96768K)] 119273K->36265K(317952K), 0.0024040 secs] [Times: user=0.02 sys=0.00, real=0.00 secs] 
371.266: Total time for which application threads were stopped: 0.0050760 seconds, Stopping threads took: 0.0025850 seconds
371.348: Application time: 0.0820760 seconds
371.351: [GC [PSYoungGen: 91024K->7120K(96768K)] 119209K->35313K(317952K), 0.0022100 secs] [Times: user=0.01 sys=0.00, real=0.00 secs] 
371.353: Total time for which application threads were stopped: 0.0051170 seconds, Stopping threads took: 0.0028230 seconds
371.432: Application time: 0.0789010 seconds
371.433: [GC [PSYoungGen: 90064K->7872K(96768K)] 118257K->36073K(317952K), 0.0024110 secs] [Times: user=0.01 sys=0.01, real=0.01 secs] 
371.435: Total time for which application threads were stopped: 0.0037090 seconds, Stopping threads took: 0.0012120 seconds
371.513: Application time: 0.0779920 seconds
371.516: [GC [PSYoungGen: 90816K->7968K(96768K)] 119017K->36177K(317952K), 0.0024550 secs] [Times: user=0.01 sys=0.00, real=0.00 secs] 
371.519: Total time for which application threads were stopped: 0.0053060 seconds, Stopping threads took: 0.0027650 seconds
371.600: Application time: 0.0807870 seconds
371.601: [GC [PSYoungGen: 90912K->5312K(96768K)] 119121K->33529K(317952K), 0.0016090 secs] [Times: user=0.01 sys=0.00, real=0.00 secs] 
371.603: Total time for which application threads were stopped: 0.0036060 seconds, Stopping threads took: 0.0019100 seconds
371.684: Application time: 0.0810180 seconds
371.686: [GC [PSYoungGen: 88256K->5152K(96768K)] 116473K->33377K(317952K), 0.0017340 secs] [Times: user=0.01 sys=0.00, real=0.01 secs] 
371.688: Total time for which application threads were stopped: 0.0034090 seconds, Stopping threads took: 0.0015900 seconds
371.765: Application time: 0.0773800 seconds
371.767: [GC [PSYoungGen: 88096K->6288K(96768K)] 116321K->34513K(317952K), 0.0019230 secs] [Times: user=0.02 sys=0.00, real=0.01 secs] 
371.769: Total time for which application threads were stopped: 0.0038080 seconds, Stopping threads took: 0.0018050 seconds
371.849: Application time: 0.0807350 seconds
371.851: [GC [PSYoungGen: 89232K->4544K(96768K)] 117457K->32777K(317952K), 0.0013870 secs] [Times: user=0.00 sys=0.00, real=0.00 secs] 
371.852: Total time for which application threads were stopped: 0.0028480 seconds, Stopping threads took: 0.0013890 seconds
371.931: Application time: 0.0786800 seconds
371.934: [GC [PSYoungGen: 87488K->5456K(96768K)] 115721K->33697K(317952K), 0.0015610 secs] [Times: user=0.01 sys=0.00, real=0.01 secs] 
371.936: Total time for which application threads were stopped: 0.0046060 seconds, Stopping threads took: 0.0029630 seconds
372.013: Application time: 0.0774060 seconds
372.016: [GC [PSYoungGen: 88400K->6464K(96768K)] 116641K->34713K(317952K), 0.0019010 secs] [Times: user=0.02 sys=0.00, real=0.00 secs] 
372.018: Total time for which application threads were stopped: 0.0047130 seconds, Stopping threads took: 0.0027290 seconds
372.096: Application time: 0.0783020 seconds
372.098: [GC [PSYoungGen: 89408K->5648K(96768K)] 117657K->33913K(317952K), 0.0017000 secs] [Times: user=0.01 sys=0.00, real=0.00 secs] 
372.100: Total time for which application threads were stopped: 0.0037570 seconds, Stopping threads took: 0.0019820 seconds
372.182: Application time: 0.0821520 seconds
372.185: [GC [PSYoungGen: 88592K->5568K(96768K)] 116857K->33841K(317952K), 0.0015480 secs] [Times: user=0.01 sys=0.00, real=0.00 secs] 
372.187: Total time for which application threads were stopped: 0.0045860 seconds, Stopping threads took: 0.0029520 seconds
372.263: Application time: 0.0764120 seconds
372.265: [GC [PSYoungGen: 88512K->7264K(96768K)] 116785K->35537K(317952K), 0.0022740 secs] [Times: user=0.02 sys=0.00, real=0.01 secs] 
372.268: Total time for which application threads were stopped: 0.0048060 seconds, Stopping threads took: 0.0024480 seconds
372.345: Application time: 0.0770000 seconds
372.347: [GC [PSYoungGen: 90208K->7120K(96768K)] 118481K->35393K(317952K), 0.0021520 secs] [Times: user=0.02 sys=0.00, real=0.00 secs] 
372.349: Total time for which application threads were stopped: 0.0045740 seconds, Stopping threads took: 0.0023340 seconds
372.427: Application time: 0.0777140 seconds
372.428: [GC [PSYoungGen: 90064K->6128K(96768K)] 118337K->34409K(317952K), 0.0019100 secs] [Times: user=0.02 sys=0.00, real=0.00 secs] 
372.430: Total time for which application threads were stopped: 0.0033260 seconds, Stopping threads took: 0.0013350 seconds
372.511: Application time: 0.0808030 seconds
372.513: [GC [PSYoungGen: 89072K->5280K(96768K)] 117353K->33569K(317952K), 0.0016160 secs] [Times: user=0.01 sys=0.00, real=0.00 secs] 
372.514: Total time for which application threads were stopped: 0.0030570 seconds, Stopping threads took: 0.0013620 seconds
372.589: Application time: 0.0751600 seconds
372.592: [GC [PSYoungGen: 88224K->6640K(96768K)] 116513K->34945K(317952K), 0.0021760 secs] [Times: user=0.02 sys=0.00, real=0.00 secs] 
372.594: Total time for which application threads were stopped: 0.0043700 seconds, Stopping threads took: 0.0020860 seconds
372.668: Application time: 0.0741020 seconds
372.669: [GC [PSYoungGen: 89584K->6848K(96768K)] 117889K->35161K(317952K), 0.0021740 secs] [Times: user=0.01 sys=0.00, real=0.00 secs] 
372.671: Total time for which application threads were stopped: 0.0034620 seconds, Stopping threads took: 0.0012060 seconds
372.745: Application time: 0.0736440 seconds
372.748: [GC [PSYoungGen: 89792K->7264K(96768K)] 118105K->35577K(317952K), 0.0022320 secs] [Times: user=0.01 sys=0.00, real=0.00 secs] 
372.750: Total time for which application threads were stopped: 0.0049470 seconds, Stopping threads took: 0.0026260 seconds
372.825: Application time: 0.0747890 seconds
372.827: [GC [PSYoungGen: 90208K->7104K(96768K)] 118521K->35417K(317952K), 0.0021920 secs] [Times: user=0.01 sys=0.00, real=0.01 secs] 
372.829: Total time for which application threads were stopped: 0.0044190 seconds, Stopping threads took: 0.0021470 seconds
372.905: Application time: 0.0759960 seconds
372.906: [GC [PSYoungGen: 90048K->5712K(96768K)] 118361K->34033K(317952K), 0.0018410 secs] [Times: user=0.01 sys=0.00, real=0.01 secs] 
372.908: Total time for which application threads were stopped: 0.0028020 seconds, Stopping threads took: 0.0008800 seconds
372.981: Application time: 0.0730980 seconds
372.982: [GC [PSYoungGen: 88655K->5552K(96768K)] 116976K->33881K(317952K), 0.0016740 secs] [Times: user=0.01 sys=0.00, real=0.00 secs] 
372.984: Total time for which application threads were stopped: 0.0031030 seconds, Stopping threads took: 0.0013510 seconds
373.059: Application time: 0.0749510 seconds
373.061: [GC [PSYoungGen: 88496K->6640K(96768K)] 116825K->34977K(317952K), 0.0020080 secs] [Times: user=0.02 sys=0.00, real=0.00 secs] 
373.063: Total time for which application threads were stopped: 0.0042100 seconds, Stopping threads took: 0.0021200 seconds
373.140: Application time: 0.0767200 seconds
373.143: [GC [PSYoungGen: 89584K->6176K(96768K)] 117921K->34521K(317952K), 0.0018590 secs] [Times: user=0.02 sys=0.00, real=0.00 secs] 
373.145: Total time for which application threads were stopped: 0.0044560 seconds, Stopping threads took: 0.0025170 seconds
373.220: Application time: 0.0758430 seconds
373.222: [GC [PSYoungGen: 89120K->5888K(96768K)] 117465K->34241K(317952K), 0.0018220 secs] [Times: user=0.00 sys=0.00, real=0.00 secs] 
373.223: Total time for which application threads were stopped: 0.0030100 seconds, Stopping threads took: 0.0011060 seconds
373.300: Application time: 0.0761120 seconds
373.301: [GC [PSYoungGen: 88832K->4736K(96768K)] 117185K->33089K(317952K), 0.0014850 secs] [Times: user=0.01 sys=0.00, real=0.00 secs] 
373.303: Total time for which application threads were stopped: 0.0030770 seconds, Stopping threads took: 0.0014990 seconds
373.379: Application time: 0.0760440 seconds
373.381: [GC [PSYoungGen: 87680K->6784K(96768K)] 116033K->35145K(317952K), 0.0020900 secs] [Times: user=0.01 sys=0.00, real=0.00 secs] 
373.383: Total time for which application threads were stopped: 0.0048180 seconds, Stopping threads took: 0.0026450 seconds
373.458: Application time: 0.0744200 seconds
373.461: [GC [PSYoungGen: 89728K->7984K(96768K)] 118089K->36353K(317952K), 0.0024230 secs] [Times: user=0.02 sys=0.00, real=0.00 secs] 
373.463: Total time for which application threads were stopped: 0.0051160 seconds, Stopping threads took: 0.0026060 seconds
373.538: Application time: 0.0747430 seconds
373.540: [GC [PSYoungGen: 90928K->7184K(96768K)] 119297K->35561K(317952K), 0.0023500 secs] [Times: user=0.02 sys=0.00, real=0.00 secs] 
373.543: Total time for which application threads were stopped: 0.0049700 seconds, Stopping threads took: 0.0025410 seconds
373.620: Application time: 0.0772480 seconds
373.623: [GC [PSYoungGen: 90128K->7120K(96768K)] 118505K->35505K(317952K), 0.0022070 secs] [Times: user=0.02 sys=0.00, real=0.00 secs] 
373.625: Total time for which application threads were stopped: 0.0052420 seconds, Stopping threads took: 0.0029470 seconds
373.700: Application time: 0.0752580 seconds
373.702: [GC [PSYoungGen: 90064K->7184K(96768K)] 118449K->35577K(317952K), 0.0022240 secs] [Times: user=0.01 sys=0.00, real=0.00 secs] 
373.705: Total time for which application threads were stopped: 0.0040210 seconds, Stopping threads took: 0.0017140 seconds
373.784: Application time: 0.0797410 seconds
373.785: [GC [PSYoungGen: 90128K->4976K(96768K)] 118521K->33369K(317952K), 0.0015850 secs] [Times: user=0.00 sys=0.00, real=0.00 secs] 
373.787: Total time for which application threads were stopped: 0.0027330 seconds, Stopping threads took: 0.0010710 seconds
373.863: Application time: 0.0764960 seconds
373.866: [GC [PSYoungGen: 87920K->4704K(96768K)] 116313K->33105K(317952K), 0.0014700 secs] [Times: user=0.01 sys=0.00, real=0.01 secs] 
373.867: Total time for which application threads were stopped: 0.0038670 seconds, Stopping threads took: 0.0023100 seconds
373.945: Application time: 0.0777020 seconds
373.946: [GC [PSYoungGen: 87648K->5808K(96768K)] 116049K->34217K(317952K), 0.0017140 secs] [Times: user=0.01 sys=0.00, real=0.01 secs] 
373.948: Total time for which application threads were stopped: 0.0031750 seconds, Stopping threads took: 0.0013830 seconds
374.027: Application time: 0.0787480 seconds
374.029: [GC [PSYoungGen: 88752K->7744K(96768K)] 117161K->36161K(317952K), 0.0023130 secs] [Times: user=0.02 sys=0.00, real=0.00 secs] 
374.031: Total time for which application threads were stopped: 0.0038890 seconds, Stopping threads took: 0.0014990 seconds
374.107: Application time: 0.0758400 seconds
374.109: [GC [PSYoungGen: 90687K->5504K(96768K)] 119104K->33929K(317952K), 0.0016300 secs] [Times: user=0.01 sys=0.00, real=0.00 secs] 
374.111: Total time for which application threads were stopped: 0.0043480 seconds, Stopping threads took: 0.0026420 seconds
374.190: Application time: 0.0787090 seconds
374.191: [GC [PSYoungGen: 88448K->4448K(96768K)] 116873K->32881K(317952K), 0.0013610 secs] [Times: user=0.00 sys=0.00, real=0.00 secs] 
374.193: Total time for which application threads were stopped: 0.0029740 seconds, Stopping threads took: 0.0015320 seconds
374.272: Application time: 0.0795350 seconds
374.274: [GC [PSYoungGen: 87392K->4704K(96768K)] 115825K->33137K(317952K), 0.0014720 secs] [Times: user=0.00 sys=0.00, real=0.01 secs] 
374.276: Total time for which application threads were stopped: 0.0036520 seconds, Stopping threads took: 0.0020790 seconds
374.352: Application time: 0.0761050 seconds
374.355: [GC [PSYoungGen: 87648K->5712K(96768K)] 116081K->34145K(317952K), 0.0018020 secs] [Times: user=0.01 sys=0.00, real=0.01 secs] 
374.356: Total time for which application threads were stopped: 0.0043370 seconds, Stopping threads took: 0.0024530 seconds
374.429: Application time: 0.0729800 seconds
374.432: [GC [PSYoungGen: 88656K->7168K(96768K)] 117089K->35609K(317952K), 0.0022230 secs] [Times: user=0.02 sys=0.00, real=0.00 secs] 
374.434: Total time for which application threads were stopped: 0.0050780 seconds, Stopping threads took: 0.0027610 seconds
374.518: Application time: 0.0838650 seconds
374.519: [GC [PSYoungGen: 90112K->4528K(96768K)] 118553K->32977K(317952K), 0.0014540 secs] [Times: user=0.01 sys=0.00, real=0.00 secs] 
374.520: Total time for which application threads were stopped: 0.0017200 seconds, Stopping threads took: 0.0001910 seconds
374.602: Application time: 0.0818910 seconds
374.604: [GC [PSYoungGen: 87472K->5040K(96768K)] 115921K->33497K(317952K), 0.0015540 secs] [Times: user=0.01 sys=0.00, real=0.00 secs] 
374.605: Total time for which application threads were stopped: 0.0035370 seconds, Stopping threads took: 0.0019050 seconds
374.681: Application time: 0.0755440 seconds
374.682: [GC [PSYoungGen: 87984K->5024K(96768K)] 116441K->33489K(317952K), 0.0016940 secs] [Times: user=0.01 sys=0.00, real=0.00 secs] 
374.684: Total time for which application threads were stopped: 0.0026320 seconds, Stopping threads took: 0.0008580 seconds
374.756: Application time: 0.0727970 seconds
374.759: [GC [PSYoungGen: 87968K->7104K(96768K)] 116433K->35569K(317952K), 0.0021920 secs] [Times: user=0.01 sys=0.00, real=0.00 secs] 
374.761: Total time for which application threads were stopped: 0.0048670 seconds, Stopping threads took: 0.0025950 seconds
374.836: Application time: 0.0746660 seconds
374.838: [GC [PSYoungGen: 90048K->7760K(96768K)] 118513K->36225K(317952K), 0.0023690 secs] [Times: user=0.02 sys=0.00, real=0.00 secs] 
374.841: Total time for which application threads were stopped: 0.0046650 seconds, Stopping threads took: 0.0022110 seconds
374.916: Application time: 0.0748580 seconds
374.917: [GC [PSYoungGen: 90704K->7568K(96768K)] 119169K->36041K(317952K), 0.0023370 secs] [Times: user=0.01 sys=0.00, real=0.00 secs] 
374.920: Total time for which application threads were stopped: 0.0043230 seconds, Stopping threads took: 0.0019050 seconds
374.995: Application time: 0.0751480 seconds
374.997: [GC [PSYoungGen: 90512K->6752K(96768K)] 118985K->35233K(317952K), 0.0020370 secs] [Times: user=0.01 sys=0.00, real=0.00 secs] 
374.999: Total time for which application threads were stopped: 0.0045000 seconds, Stopping threads took: 0.0023750 seconds
375.078: Application time: 0.0784720 seconds
375.080: [GC [PSYoungGen: 89696K->6032K(96768K)] 118177K->34521K(317952K), 0.0018230 secs] [Times: user=0.01 sys=0.00, real=0.00 secs] 
375.081: Total time for which application threads were stopped: 0.0034040 seconds, Stopping threads took: 0.0015020 seconds
375.155: Application time: 0.0736330 seconds
375.156: [GC [PSYoungGen: 88976K->6000K(96768K)] 117465K->34497K(317952K), 0.0018820 secs] [Times: user=0.02 sys=0.00, real=0.00 secs] 
375.158: Total time for which application threads were stopped: 0.0032910 seconds, Stopping threads took: 0.0013290 seconds
375.234: Application time: 0.0757870 seconds
375.236: [GC [PSYoungGen: 88944K->7952K(96768K)] 117441K->36457K(317952K), 0.0023560 secs] [Times: user=0.02 sys=0.00, real=0.00 secs] 
375.239: Total time for which application threads were stopped: 0.0047110 seconds, Stopping threads took: 0.0022710 seconds
375.313: Application time: 0.0740160 seconds
375.316: [GC [PSYoungGen: 90896K->7904K(96768K)] 119401K->36409K(317952K), 0.0024520 secs] [Times: user=0.01 sys=0.00, real=0.00 secs] 
375.318: Total time for which application threads were stopped: 0.0052950 seconds, Stopping threads took: 0.0027640 seconds
375.397: Application time: 0.0789400 seconds
375.400: [GC [PSYoungGen: 90848K->7984K(96768K)] 119353K->36497K(317952K), 0.0024670 secs] [Times: user=0.01 sys=0.00, real=0.00 secs] 
375.403: Total time for which application threads were stopped: 0.0055220 seconds, Stopping threads took: 0.0029720 seconds
375.479: Application time: 0.0765290 seconds
375.481: [GC [PSYoungGen: 90928K->7008K(96768K)] 119441K->35529K(317952K), 0.0021150 secs] [Times: user=0.02 sys=0.00, real=0.00 secs] 
375.483: Total time for which application threads were stopped: 0.0041600 seconds, Stopping threads took: 0.0019630 seconds
375.560: Application time: 0.0771770 seconds
375.562: [GC [PSYoungGen: 89952K->6320K(96768K)] 118473K->34849K(317952K), 0.0019760 secs] [Times: user=0.01 sys=0.00, real=0.00 secs] 
375.564: Total time for which application threads were stopped: 0.0035380 seconds, Stopping threads took: 0.0014690 seconds
375.638: Application time: 0.0742920 seconds
375.641: [GC [PSYoungGen: 89264K->6576K(96768K)] 117793K->35121K(317952K), 0.0020270 secs] [Times: user=0.01 sys=0.00, real=0.00 secs] 
375.643: Total time for which application threads were stopped: 0.0046150 seconds, Stopping threads took: 0.0024980 seconds
375.719: Application time: 0.0761580 seconds
375.721: [GC [PSYoungGen: 89520K->5168K(96768K)] 118065K->33721K(317952K), 0.0015450 secs] [Times: user=0.01 sys=0.00, real=0.00 secs] 
375.723: Total time for which application threads were stopped: 0.0037990 seconds, Stopping threads took: 0.0021800 seconds
375.803: Application time: 0.0806020 seconds
375.805: [GC [PSYoungGen: 88112K->6144K(96768K)] 116665K->34697K(317952K), 0.0018740 secs] [Times: user=0.01 sys=0.00, real=0.01 secs] 
375.807: Total time for which application threads were stopped: 0.0039430 seconds, Stopping threads took: 0.0019810 seconds
375.891: Application time: 0.0832390 seconds
375.892: [GC [PSYoungGen: 89088K->5248K(96768K)] 117641K->33809K(317952K), 0.0016140 secs] [Times: user=0.01 sys=0.00, real=0.00 secs] 
375.893: Total time for which application threads were stopped: 0.0026490 seconds, Stopping threads took: 0.0009550 seconds
375.979: Application time: 0.0852850 seconds
375.980: [GC [PSYoungGen: 88192K->5152K(96768K)] 116753K->33721K(317952K), 0.0016100 secs] [Times: user=0.01 sys=0.00, real=0.00 secs] 
375.982: Total time for which application threads were stopped: 0.0031000 seconds, Stopping threads took: 0.0014130 seconds
376.059: Application time: 0.0771990 seconds
376.061: [GC [PSYoungGen: 88096K->7120K(96768K)] 116665K->35697K(317952K), 0.0022300 secs] [Times: user=0.01 sys=0.00, real=0.00 secs] 
376.064: Total time for which application threads were stopped: 0.0046720 seconds, Stopping threads took: 0.0023330 seconds
376.142: Application time: 0.0782950 seconds
376.144: [GC [PSYoungGen: 90064K->6384K(96768K)] 118641K->34969K(317952K), 0.0019510 secs] [Times: user=0.02 sys=0.00, real=0.00 secs] 
376.146: Total time for which application threads were stopped: 0.0042570 seconds, Stopping threads took: 0.0022100 seconds
376.228: Application time: 0.0818520 seconds
376.229: [GC [PSYoungGen: 89328K->5696K(96768K)] 117913K->34289K(317952K), 0.0018750 secs] [Times: user=0.01 sys=0.00, real=0.00 secs] 
376.231: Total time for which application threads were stopped: 0.0029780 seconds, Stopping threads took: 0.0010250 seconds
376.240: Application time: 0.0089180 seconds
376.243: Total time for which application threads were stopped: 0.0032290 seconds, Stopping threads took: 0.0032040 seconds
376.312: Application time: 0.0685470 seconds
376.314: [GC [PSYoungGen: 88640K->5952K(96768K)] 117233K->34545K(317952K), 0.0021710 secs] [Times: user=0.01 sys=0.00, real=0.01 secs] 
376.316: Total time for which application threads were stopped: 0.0040820 seconds, Stopping threads took: 0.0018230 seconds
376.329: Application time: 0.0129690 seconds
376.332: Total time for which application threads were stopped: 0.0028300 seconds, Stopping threads took: 0.0028060 seconds
376.356: Application time: 0.0243950 seconds
376.359: Total time for which application threads were stopped: 0.0030940 seconds, Stopping threads took: 0.0030570 seconds
376.406: Application time: 0.0471780 seconds
376.407: [GC [PSYoungGen: 88896K->1456K(96768K)] 117489K->30057K(317952K), 0.0008870 secs] [Times: user=0.00 sys=0.00, real=0.01 secs] 
376.408: Total time for which application threads were stopped: 0.0016650 seconds, Stopping threads took: 0.0006950 seconds
376.502: Application time: 0.0943090 seconds
376.504: Total time for which application threads were stopped: 0.0016440 seconds, Stopping threads took: 0.0016200 seconds
376.606: Application time: 0.1025530 seconds
376.606: Total time for which application threads were stopped: 0.0000550 seconds, Stopping threads took: 0.0000080 seconds
376.825: Application time: 0.2187400 seconds
376.825: [GC [PSYoungGen: 84400K->5872K(96768K)] 113001K->34546K(317952K), 0.0028760 secs] [Times: user=0.01 sys=0.00, real=0.01 secs] 
376.828: Total time for which application threads were stopped: 0.0029910 seconds, Stopping threads took: 0.0000080 seconds
376.828: Application time: 0.0000890 seconds
376.828: Total time for which application threads were stopped: 0.0001460 seconds, Stopping threads took: 0.0001080 seconds
376.828: Application time: 0.0000370 seconds
376.829: Total time for which application threads were stopped: 0.0000200 seconds, Stopping threads took: 0.0000150 seconds
376.829: Application time: 0.0000480 seconds
376.829: Total time for which application threads were stopped: 0.0000170 seconds, Stopping threads took: 0.0000130 seconds
376.829: Application time: 0.0000290 seconds
376.829: Total time for which application threads were stopped: 0.0001060 seconds, Stopping threads took: 0.0001020 seconds
376.829: Application time: 0.0000260 seconds
376.829: Total time for which application threads were stopped: 0.0000190 seconds, Stopping threads took: 0.0000150 seconds
376.829: Application time: 0.0000260 seconds
376.829: Total time for which application threads were stopped: 0.0000140 seconds, Stopping threads took: 0.0000100 seconds
376.829: Application time: 0.0000120 seconds
376.829: Total time for which application threads were stopped: 0.0000130 seconds, Stopping threads took: 0.0000090 seconds
376.829: Application time: 0.0000110 seconds
376.829: Total time for which application threads were stopped: 0.0000130 seconds, Stopping threads took: 0.0000090 seconds
376.829: Application time: 0.0000100 seconds
376.829: Total time for which application threads were stopped: 0.0000160 seconds, Stopping threads took: 0.0000120 seconds
376.829: Application time: 0.0000100 seconds
376.829: Total time for which application threads were stopped: 0.0000130 seconds, Stopping threads took: 0.0000090 seconds
376.829: Application time: 0.0000110 seconds
376.829: Total time for which application threads were stopped: 0.0000130 seconds, Stopping threads took: 0.0000090 seconds
376.829: Application time: 0.0000100 seconds
376.829: Total time for which application threads were stopped: 0.0000130 seconds, Stopping threads took: 0.0000090 seconds
376.829: Application time: 0.0000100 seconds
376.829: Total time for which application threads were stopped: 0.0000160 seconds, Stopping threads took: 0.0000120 seconds
376.829: Application time: 0.0000100 seconds
376.829: Total time for which application threads were stopped: 0.0000120 seconds, Stopping threads took: 0.0000090 seconds
376.829: Application time: 0.0000100 seconds
376.829: Total time for which application threads were stopped: 0.0000120 seconds, Stopping threads took: 0.0000080 seconds
376.829: Application time: 0.0000100 seconds
376.829: Total time for which application threads were stopped: 0.0000130 seconds, Stopping threads took: 0.0000090 seconds
376.829: Application time: 0.0000100 seconds
376.829: Total time for which application threads were stopped: 0.0000160 seconds, Stopping threads took: 0.0000120 seconds
376.829: Application time: 0.0000110 seconds
376.829: Total time for which application threads were stopped: 0.0000130 seconds, Stopping threads took: 0.0000090 seconds
376.829: Application time: 0.0000100 seconds
376.829: Total time for which application threads were stopped: 0.0000160 seconds, Stopping threads took: 0.0000120 seconds
376.829: Application time: 0.0000110 seconds
376.829: Total time for which application threads were stopped: 0.0000130 seconds, Stopping threads took: 0.0000040 seconds
376.829: Application time: 0.0000110 seconds
376.829: Total time for which application threads were stopped: 0.0000130 seconds, Stopping threads took: 0.0000090 seconds
376.829: Application time: 0.0000100 seconds
376.829: Total time for which application threads were stopped: 0.0000130 seconds, Stopping threads took: 0.0000090 seconds
376.829: Application time: 0.0000100 seconds
376.829: Total time for which application threads were stopped: 0.0000280 seconds, Stopping threads took: 0.0000240 seconds
376.829: Application time: 0.0000100 seconds
376.829: Total time for which application threads were stopped: 0.0000160 seconds, Stopping threads took: 0.0000120 seconds
376.829: Application time: 0.0000110 seconds
376.829: Total time for which application threads were stopped: 0.0000140 seconds, Stopping threads took: 0.0000090 seconds
376.829: Application time: 0.0000100 seconds
376.829: Total time for which application threads were stopped: 0.0000130 seconds, Stopping threads took: 0.0000090 seconds
376.829: Application time: 0.0000100 seconds
376.829: Total time for which application threads were stopped: 0.0000150 seconds, Stopping threads took: 0.0000110 seconds
376.829: Application time: 0.0000110 seconds
376.829: Total time for which application threads were stopped: 0.0000170 seconds, Stopping threads took: 0.0000130 seconds
376.829: Application time: 0.0000090 seconds
376.829: Total time for which application threads were stopped: 0.0000150 seconds, Stopping threads took: 0.0000110 seconds
376.829: Application time: 0.0000100 seconds
376.829: Total time for which application threads were stopped: 0.0000130 seconds, Stopping threads took: 0.0000090 seconds
376.829: Application time: 0.0000110 seconds
376.829: Total time for which application threads were stopped: 0.0000160 seconds, Stopping threads took: 0.0000120 seconds
376.829: Application time: 0.0000110 seconds
376.829: Total time for which application threads were stopped: 0.0000160 seconds, Stopping threads took: 0.0000120 seconds
376.829: Application time: 0.0000090 seconds
376.830: Total time for which application threads were stopped: 0.0000150 seconds, Stopping threads took: 0.0000110 seconds
376.830: Application time: 0.0000090 seconds
376.830: Total time for which application threads were stopped: 0.0000150 seconds, Stopping threads took: 0.0000110 seconds
376.830: Application time: 0.0000090 seconds
376.830: Total time for which application threads were stopped: 0.0000140 seconds, Stopping threads took: 0.0000100 seconds
376.830: Application time: 0.0000090 seconds
376.830: Total time for which application threads were stopped: 0.0000170 seconds, Stopping threads took: 0.0000130 seconds
376.830: Application time: 0.0000090 seconds
376.830: Total time for which application threads were stopped: 0.0000150 seconds, Stopping threads took: 0.0000110 seconds
376.830: Application time: 0.0000090 seconds
376.830: Total time for which application threads were stopped: 0.0000160 seconds, Stopping threads took: 0.0000110 seconds
376.830: Application time: 0.0000090 seconds
376.830: Total time for which application threads were stopped: 0.0000140 seconds, Stopping threads took: 0.0000100 seconds
376.830: Application time: 0.0000090 seconds
376.830: Total time for which application threads were stopped: 0.0000190 seconds, Stopping threads took: 0.0000110 seconds
377.628: Application time: 0.7981040 seconds
377.628: Total time for which application threads were stopped: 0.0000890 seconds, Stopping threads took: 0.0000160 seconds
377.630: Application time: 0.0019360 seconds
377.630: Total time for which application threads were stopped: 0.0000270 seconds, Stopping threads took: 0.0000110 seconds
Heap
 PSYoungGen      total 96768K, used 47389K [0x00000000f9400000, 0x0000000100000000, 0x0000000100000000)
  eden space 82944K, 50% used [0x00000000f9400000,0x00000000fbc8b368,0x00000000fe500000)
  from space 13824K, 42% used [0x00000000ff280000,0x00000000ff83c380,0x0000000100000000)
  to   space 13824K, 0% used [0x00000000fe500000,0x00000000fe500000,0x00000000ff280000)
 ParOldGen       total 221184K, used 28673K [0x00000000ebc00000, 0x00000000f9400000, 0x00000000f9400000)
  object space 221184K, 12% used [0x00000000ebc00000,0x00000000ed8005c8,0x00000000f9400000)
 PSPermGen       total 21504K, used 12939K [0x00000000e6a00000, 0x00000000e7f00000, 0x00000000ebc00000)
  object space 21504K, 60% used [0x00000000e6a00000,0x00000000e76a2cb0,0x00000000e7f00000)
377.630: Application time: 0.0001910 seconds
