Java HotSpot(TM) 64-Bit Server VM (24.80-b11) for linux-amd64 JRE (1.7.0_80-b15), built on Apr 10 2015 19:53:14 by "java_re" with gcc 4.3.0 20080428 (Red Hat 4.3.0-8)
Memory: 4k page, physical 8000092k(6050956k free), swap 8218620k(8218620k free)
CommandLine flags: -XX:InitialHeapSize=17862656 -XX:MaxHeapSize=17862656 -XX:+PrintGC -XX:+PrintGCApplicationConcurrentTime -XX:+PrintGCApplicationStoppedTime -XX:+PrintGCDetails -XX:+PrintGCTimeStamps -XX:-UseAdaptiveSizePolicy -XX:+UseCompressedOops -XX:+UseParallelGC -XX:+UseParallelOldGC 
0.112: Application time: 0.0919310 seconds
0.112: [GC [PSYoungGen: 5059K->512K(5632K)] 5059K->2308K(17408K), 0.0015810 secs] [Times: user=0.01 sys=0.01, real=0.00 secs] 
0.114: Total time for which application threads were stopped: 0.0016710 seconds, Stopping threads took: 0.0000120 seconds
4.026: Application time: 3.9118400 seconds
4.026: Total time for which application threads were stopped: 0.0000840 seconds, Stopping threads took: 0.0000110 seconds
14.776: Application time: 10.7499980 seconds
14.776: Total time for which application threads were stopped: 0.0000240 seconds, Stopping threads took: 0.0000080 seconds
14.776: Application time: 0.0000150 seconds
14.776: Total time for which application threads were stopped: 0.0000070 seconds, Stopping threads took: 0.0000030 seconds
14.777: Application time: 0.0014310 seconds
14.777: Total time for which application threads were stopped: 0.0000240 seconds, Stopping threads took: 0.0000180 seconds
14.797: Application time: 0.0191500 seconds
14.797: Total time for which application threads were stopped: 0.0000400 seconds, Stopping threads took: 0.0000100 seconds
14.809: Application time: 0.0120190 seconds
14.809: [GC [PSYoungGen: 4419K->496K(5632K)] 6216K->3283K(17408K), 0.0011440 secs] [Times: user=0.01 sys=0.01, real=0.00 secs] 
14.810: [Full GC [PSYoungGen: 496K->0K(5632K)] [ParOldGen: 2787K->3145K(11776K)] 3283K->3145K(17408K) [PSPermGen: 5075K->5074K(21504K)], 0.0173570 secs] [Times: user=0.08 sys=0.01, real=0.01 secs] 
14.827: Total time for which application threads were stopped: 0.0186220 seconds, Stopping threads took: 0.0000180 seconds
14.827: Application time: 0.0000510 seconds
14.827: [GC [PSYoungGen: 0K->0K(5632K)] 3145K->3145K(17408K), 0.0002430 secs] [Times: user=0.00 sys=0.00, real=0.00 secs] 
14.828: [Full GC [PSYoungGen: 0K->0K(5632K)] [ParOldGen: 3145K->2010K(11776K)] 3145K->2010K(17408K) [PSPermGen: 5074K->5071K(21504K)], 0.0078610 secs] [Times: user=0.03 sys=0.00, real=0.01 secs] 
14.835: Total time for which application threads were stopped: 0.0081970 seconds, Stopping threads took: 0.0000140 seconds
14.836: Application time: 0.0001400 seconds
14.836: Total time for which application threads were stopped: 0.0000270 seconds, Stopping threads took: 0.0000170 seconds
14.836: Application time: 0.0000110 seconds
14.836: Total time for which application threads were stopped: 0.0000080 seconds, Stopping threads took: 0.0000050 seconds
14.836: Application time: 0.0000090 seconds
14.836: Total time for which application threads were stopped: 0.0000070 seconds, Stopping threads took: 0.0000040 seconds
14.836: Application time: 0.0000090 seconds
14.836: Total time for which application threads were stopped: 0.0000090 seconds, Stopping threads took: 0.0000050 seconds
14.836: Application time: 0.0000090 seconds
14.836: Total time for which application threads were stopped: 0.0000170 seconds, Stopping threads took: 0.0000130 seconds
14.836: Application time: 0.0000090 seconds
14.836: Total time for which application threads were stopped: 0.0000160 seconds, Stopping threads took: 0.0000130 seconds
14.836: Application time: 0.0000080 seconds
14.836: Total time for which application threads were stopped: 0.0000200 seconds, Stopping threads took: 0.0000170 seconds
14.836: Application time: 0.0000080 seconds
14.836: Total time for which application threads were stopped: 0.0000130 seconds, Stopping threads took: 0.0000100 seconds
14.836: Application time: 0.0000080 seconds
14.836: Total time for which application threads were stopped: 0.0000140 seconds, Stopping threads took: 0.0000110 seconds
14.836: Application time: 0.0000090 seconds
14.836: Total time for which application threads were stopped: 0.0000170 seconds, Stopping threads took: 0.0000140 seconds
14.836: Application time: 0.0000080 seconds
14.836: Total time for which application threads were stopped: 0.0000150 seconds, Stopping threads took: 0.0000120 seconds
14.836: Application time: 0.0000080 seconds
14.836: Total time for which application threads were stopped: 0.0000150 seconds, Stopping threads took: 0.0000120 seconds
14.836: Application time: 0.0000080 seconds
14.836: Total time for which application threads were stopped: 0.0000120 seconds, Stopping threads took: 0.0000080 seconds
14.836: Application time: 0.0000110 seconds
14.836: Total time for which application threads were stopped: 0.0000170 seconds, Stopping threads took: 0.0000140 seconds
14.836: Application time: 0.0000080 seconds
14.836: Total time for which application threads were stopped: 0.0000130 seconds, Stopping threads took: 0.0000090 seconds
14.836: Application time: 0.0000090 seconds
14.836: Total time for which application threads were stopped: 0.0000150 seconds, Stopping threads took: 0.0000110 seconds
14.836: Application time: 0.0000100 seconds
14.836: Total time for which application threads were stopped: 0.0000150 seconds, Stopping threads took: 0.0000110 seconds
14.836: Application time: 0.0000160 seconds
14.836: Total time for which application threads were stopped: 0.0000210 seconds, Stopping threads took: 0.0000180 seconds
14.836: Application time: 0.0000120 seconds
14.836: Total time for which application threads were stopped: 0.0000170 seconds, Stopping threads took: 0.0000140 seconds
14.836: Application time: 0.0000110 seconds
14.836: Total time for which application threads were stopped: 0.0000260 seconds, Stopping threads took: 0.0000140 seconds
14.836: Application time: 0.0000110 seconds
14.836: Total time for which application threads were stopped: 0.0000160 seconds, Stopping threads took: 0.0000120 seconds
14.836: Application time: 0.0000110 seconds
14.836: Total time for which application threads were stopped: 0.0000140 seconds, Stopping threads took: 0.0000100 seconds
14.836: Application time: 0.0000110 seconds
14.836: Total time for which application threads were stopped: 0.0000160 seconds, Stopping threads took: 0.0000130 seconds
14.836: Application time: 0.0000110 seconds
14.836: Total time for which application threads were stopped: 0.0000140 seconds, Stopping threads took: 0.0000110 seconds
14.836: Application time: 0.0000110 seconds
14.836: Total time for which application threads were stopped: 0.0000190 seconds, Stopping threads took: 0.0000150 seconds
14.836: Application time: 0.0000110 seconds
14.836: Total time for which application threads were stopped: 0.0000170 seconds, Stopping threads took: 0.0000140 seconds
14.836: Application time: 0.0000230 seconds
14.836: Total time for which application threads were stopped: 0.0000140 seconds, Stopping threads took: 0.0000110 seconds
14.836: Application time: 0.0000120 seconds
14.836: Total time for which application threads were stopped: 0.0000130 seconds, Stopping threads took: 0.0000090 seconds
14.836: Application time: 0.0000180 seconds
14.836: Total time for which application threads were stopped: 0.0000140 seconds, Stopping threads took: 0.0000110 seconds
14.836: Application time: 0.0000610 seconds
14.836: Total time for which application threads were stopped: 0.0000150 seconds, Stopping threads took: 0.0000120 seconds
14.837: Application time: 0.0000110 seconds
14.837: Total time for which application threads were stopped: 0.0000080 seconds, Stopping threads took: 0.0000050 seconds
14.837: Application time: 0.0000100 seconds
14.837: Total time for which application threads were stopped: 0.0000140 seconds, Stopping threads took: 0.0000110 seconds
14.837: Application time: 0.0000110 seconds
14.837: Total time for which application threads were stopped: 0.0000160 seconds, Stopping threads took: 0.0000120 seconds
14.837: Application time: 0.0000110 seconds
14.837: Total time for which application threads were stopped: 0.0000130 seconds, Stopping threads took: 0.0000100 seconds
14.837: Application time: 0.0000100 seconds
14.837: Total time for which application threads were stopped: 0.0000250 seconds, Stopping threads took: 0.0000210 seconds
14.837: Application time: 0.0000110 seconds
14.837: Total time for which application threads were stopped: 0.0000150 seconds, Stopping threads took: 0.0000110 seconds
14.837: Application time: 0.0000120 seconds
14.837: Total time for which application threads were stopped: 0.0000200 seconds, Stopping threads took: 0.0000160 seconds
14.837: Application time: 0.0000110 seconds
14.837: Total time for which application threads were stopped: 0.0000160 seconds, Stopping threads took: 0.0000120 seconds
14.837: Application time: 0.0000110 seconds
14.837: Total time for which application threads were stopped: 0.0000140 seconds, Stopping threads took: 0.0000110 seconds
14.837: Application time: 0.0000100 seconds
14.837: Total time for which application threads were stopped: 0.0000160 seconds, Stopping threads took: 0.0000090 seconds
14.837: Application time: 0.0003750 seconds
14.837: Total time for which application threads were stopped: 0.0000210 seconds, Stopping threads took: 0.0000120 seconds
14.840: Application time: 0.0026600 seconds
14.840: Total time for which application threads were stopped: 0.0000100 seconds, Stopping threads took: 0.0000040 seconds
16.545: Application time: 1.7052820 seconds
16.545: Total time for which application threads were stopped: 0.0000520 seconds, Stopping threads took: 0.0000310 seconds
16.581: Application time: 0.0355220 seconds
16.581: Total time for which application threads were stopped: 0.0000480 seconds, Stopping threads took: 0.0000080 seconds
16.604: Application time: 0.0230230 seconds
16.604: [GC [PSYoungGen: 5073K->512K(5632K)] 7083K->3633K(17408K), 0.0011310 secs] [Times: user=0.01 sys=0.00, real=0.00 secs] 
16.605: Total time for which application threads were stopped: 0.0012040 seconds, Stopping threads took: 0.0000190 seconds
16.605: Application time: 0.0001940 seconds
16.605: Total time for which application threads were stopped: 0.0000190 seconds, Stopping threads took: 0.0000090 seconds
16.605: Application time: 0.0000270 seconds
16.605: Total time for which application threads were stopped: 0.0000250 seconds, Stopping threads took: 0.0000200 seconds
16.605: Application time: 0.0000290 seconds
16.605: Total time for which application threads were stopped: 0.0000210 seconds, Stopping threads took: 0.0000160 seconds
16.681: Application time: 0.0755930 seconds
16.681: [GC [PSYoungGen: 5632K->501K(5632K)] 8753K->5195K(17408K), 0.0016310 secs] [Times: user=0.01 sys=0.00, real=0.00 secs] 
16.683: Total time for which application threads were stopped: 0.0017180 seconds, Stopping threads took: 0.0000120 seconds
16.759: Application time: 0.0759890 seconds
16.759: [GC [PSYoungGen: 4931K->501K(5632K)] 9625K->6157K(17408K), 0.0017480 secs] [Times: user=0.01 sys=0.00, real=0.00 secs] 
16.760: Total time for which application threads were stopped: 0.0018470 seconds, Stopping threads took: 0.0000140 seconds
16.761: Application time: 0.0001110 seconds
16.761: Total time for which application threads were stopped: 0.0002020 seconds, Stopping threads took: 0.0001880 seconds
16.761: Application time: 0.0000680 seconds
16.761: Total time for which application threads were stopped: 0.0000200 seconds, Stopping threads took: 0.0000120 seconds
16.789: Application time: 0.0277440 seconds
16.789: [GC-- [PSYoungGen: 5619K->5619K(5632K)] 11275K->17772K(17920K), 0.0020870 secs] [Times: user=0.01 sys=0.00, real=0.00 secs] 
16.791: [Full GC [PSYoungGen: 5619K->0K(5632K)] [ParOldGen: 12153K->5703K(12288K)] 17772K->5703K(17920K) [PSPermGen: 12555K->12551K(23040K)], 0.0220210 secs] [Times: user=0.09 sys=0.00, real=0.02 secs] 
16.813: Total time for which application threads were stopped: 0.0242410 seconds, Stopping threads took: 0.0000100 seconds
16.813: Application time: 0.0001790 seconds
16.813: Total time for which application threads were stopped: 0.0000300 seconds, Stopping threads took: 0.0000150 seconds
16.813: Application time: 0.0000490 seconds
16.813: Total time for which application threads were stopped: 0.0000210 seconds, Stopping threads took: 0.0000120 seconds
16.813: Application time: 0.0000560 seconds
16.813: Total time for which application threads were stopped: 0.0000310 seconds, Stopping threads took: 0.0000200 seconds
16.813: Application time: 0.0000300 seconds
16.813: Total time for which application threads were stopped: 0.0000160 seconds, Stopping threads took: 0.0000100 seconds
16.831: Application time: 0.0177100 seconds
16.831: [GC [PSYoungGen: 5120K->458K(5632K)] 10823K->6865K(17920K), 0.0006950 secs] [Times: user=0.01 sys=0.00, real=0.00 secs] 
16.832: Total time for which application threads were stopped: 0.0007530 seconds, Stopping threads took: 0.0000130 seconds
16.847: Application time: 0.0154340 seconds
16.847: [GC-- [PSYoungGen: 5578K->5578K(5632K)] 11985K->16203K(17920K), 0.0013990 secs] [Times: user=0.00 sys=0.00, real=0.01 secs] 
16.849: [Full GC [PSYoungGen: 5578K->0K(5632K)] [ParOldGen: 10625K->5689K(12288K)] 16203K->5689K(17920K) [PSPermGen: 12558K->12558K(22528K)], 0.0098200 secs] [Times: user=0.04 sys=0.00, real=0.01 secs] 
16.858: Total time for which application threads were stopped: 0.0113390 seconds, Stopping threads took: 0.0000090 seconds
16.859: Application time: 0.0000790 seconds
16.859: Total time for which application threads were stopped: 0.0000450 seconds, Stopping threads took: 0.0000210 seconds
16.859: Application time: 0.0000400 seconds
16.859: Total time for which application threads were stopped: 0.0000440 seconds, Stopping threads took: 0.0000280 seconds
16.883: Application time: 0.0239640 seconds
16.883: [GC [PSYoungGen: 5114K->466K(5632K)] 10804K->6789K(17920K), 0.0006640 secs] [Times: user=0.00 sys=0.00, real=0.00 secs] 
16.883: Total time for which application threads were stopped: 0.0007180 seconds, Stopping threads took: 0.0000080 seconds
16.883: Application time: 0.0000590 seconds
16.883: Total time for which application threads were stopped: 0.0000170 seconds, Stopping threads took: 0.0000060 seconds
16.883: Application time: 0.0000110 seconds
16.884: Total time for which application threads were stopped: 0.0000160 seconds, Stopping threads took: 0.0000090 seconds
16.906: Application time: 0.0226550 seconds
16.906: Total time for which application threads were stopped: 0.0000160 seconds, Stopping threads took: 0.0000070 seconds
Heap
 PSYoungGen      total 5632K, used 2620K [0x00000000ffa00000, 0x0000000100000000, 0x0000000100000000)
  eden space 5120K, 42% used [0x00000000ffa00000,0x00000000ffc1a440,0x00000000fff00000)
  from space 512K, 91% used [0x00000000fff80000,0x00000000ffff4bd0,0x0000000100000000)
  to   space 512K, 0% used [0x00000000fff00000,0x00000000fff00000,0x00000000fff80000)
 ParOldGen       total 12288K, used 6322K [0x00000000fee00000, 0x00000000ffa00000, 0x00000000ffa00000)
  object space 12288K, 51% used [0x00000000fee00000,0x00000000ff42c950,0x00000000ffa00000)
 PSPermGen       total 22528K, used 12820K [0x00000000f9c00000, 0x00000000fb200000, 0x00000000fee00000)
  object space 22528K, 56% used [0x00000000f9c00000,0x00000000fa885030,0x00000000fb200000)
16.906: Application time: 0.0001650 seconds
