Java HotSpot(TM) 64-Bit Server VM (24.80-b11) for linux-amd64 JRE (1.7.0_80-b15), built on Apr 10 2015 19:53:14 by "java_re" with gcc 4.3.0 20080428 (Red Hat 4.3.0-8)
Memory: 4k page, physical 8000092k(5604448k free), swap 8218620k(8218620k free)
CommandLine flags: -XX:InitialHeapSize=261528576 -XX:MaxHeapSize=261528576 -XX:+PrintGC -XX:+PrintGCApplicationConcurrentTime -XX:+PrintGCApplicationStoppedTime -XX:+PrintGCDetails -XX:+PrintGCTimeStamps -XX:-UseAdaptiveSizePolicy -XX:+UseCompressedOops -XX:+UseParNewGC 
1.008: Application time: 0.9845560 seconds
1.008: Total time for which application threads were stopped: 0.0000470 seconds, Stopping threads took: 0.0000170 seconds
4.029: Application time: 3.0208240 seconds
4.029: Total time for which application threads were stopped: 0.0000660 seconds, Stopping threads took: 0.0000100 seconds
15.509: Application time: 11.4798790 seconds
15.509: Total time for which application threads were stopped: 0.0000240 seconds, Stopping threads took: 0.0000080 seconds
15.509: Application time: 0.0000640 seconds
15.509: Total time for which application threads were stopped: 0.0000240 seconds, Stopping threads took: 0.0000080 seconds
15.510: Application time: 0.0014030 seconds
15.510: Total time for which application threads were stopped: 0.0000090 seconds, Stopping threads took: 0.0000040 seconds
15.530: Application time: 0.0197860 seconds
15.530: Total time for which application threads were stopped: 0.0000360 seconds, Stopping threads took: 0.0000090 seconds
15.542: Application time: 0.0123190 seconds
15.542: [Full GC15.542: [Tenured: 0K->3145K(170304K), 0.0088750 secs] 13855K->3145K(246912K), [Perm : 5076K->5076K(21248K)], 0.0089330 secs] [Times: user=0.01 sys=0.00, real=0.01 secs] 
15.551: Total time for which application threads were stopped: 0.0090010 seconds, Stopping threads took: 0.0000180 seconds
15.551: Application time: 0.0000780 seconds
15.552: [Full GC15.552: [Tenured: 3145K->3145K(170304K), 0.0058520 secs] 3145K->3145K(246976K), [Perm : 5076K->5076K(21248K)], 0.0058780 secs] [Times: user=0.00 sys=0.00, real=0.01 secs] 
15.557: Total time for which application threads were stopped: 0.0059410 seconds, Stopping threads took: 0.0000200 seconds
15.558: Application time: 0.0001800 seconds
15.558: Total time for which application threads were stopped: 0.0000820 seconds, Stopping threads took: 0.0000470 seconds
15.558: Application time: 0.0000830 seconds
15.558: Total time for which application threads were stopped: 0.0001040 seconds, Stopping threads took: 0.0000700 seconds
15.558: Application time: 0.0000810 seconds
15.558: Total time for which application threads were stopped: 0.0001020 seconds, Stopping threads took: 0.0000690 seconds
15.558: Application time: 0.0000330 seconds
15.558: Total time for which application threads were stopped: 0.0000210 seconds, Stopping threads took: 0.0000160 seconds
15.558: Application time: 0.0000310 seconds
15.558: Total time for which application threads were stopped: 0.0000170 seconds, Stopping threads took: 0.0000140 seconds
15.558: Application time: 0.0000290 seconds
15.558: Total time for which application threads were stopped: 0.0000130 seconds, Stopping threads took: 0.0000100 seconds
15.558: Application time: 0.0000240 seconds
15.558: Total time for which application threads were stopped: 0.0000120 seconds, Stopping threads took: 0.0000090 seconds
15.558: Application time: 0.0000240 seconds
15.558: Total time for which application threads were stopped: 0.0000120 seconds, Stopping threads took: 0.0000080 seconds
15.558: Application time: 0.0000240 seconds
15.558: Total time for which application threads were stopped: 0.0000130 seconds, Stopping threads took: 0.0000090 seconds
15.558: Application time: 0.0000090 seconds
15.558: Total time for which application threads were stopped: 0.0000090 seconds, Stopping threads took: 0.0000060 seconds
15.558: Application time: 0.0000080 seconds
15.558: Total time for which application threads were stopped: 0.0000120 seconds, Stopping threads took: 0.0000090 seconds
15.558: Application time: 0.0000100 seconds
15.558: Total time for which application threads were stopped: 0.0000130 seconds, Stopping threads took: 0.0000100 seconds
15.558: Application time: 0.0000080 seconds
15.558: Total time for which application threads were stopped: 0.0000130 seconds, Stopping threads took: 0.0000100 seconds
15.558: Application time: 0.0000080 seconds
15.558: Total time for which application threads were stopped: 0.0000110 seconds, Stopping threads took: 0.0000080 seconds
15.558: Application time: 0.0000090 seconds
15.558: Total time for which application threads were stopped: 0.0000130 seconds, Stopping threads took: 0.0000090 seconds
15.558: Application time: 0.0000090 seconds
15.558: Total time for which application threads were stopped: 0.0000230 seconds, Stopping threads took: 0.0000200 seconds
15.558: Application time: 0.0000090 seconds
15.559: Total time for which application threads were stopped: 0.0000320 seconds, Stopping threads took: 0.0000140 seconds
15.559: Application time: 0.0000110 seconds
15.559: Total time for which application threads were stopped: 0.0000090 seconds, Stopping threads took: 0.0000050 seconds
15.559: Application time: 0.0000100 seconds
15.559: Total time for which application threads were stopped: 0.0000120 seconds, Stopping threads took: 0.0000090 seconds
15.559: Application time: 0.0000110 seconds
15.559: Total time for which application threads were stopped: 0.0000190 seconds, Stopping threads took: 0.0000100 seconds
15.581: Application time: 0.0225820 seconds
15.581: Total time for which application threads were stopped: 0.0000430 seconds, Stopping threads took: 0.0000250 seconds
15.581: Application time: 0.0000840 seconds
15.581: Total time for which application threads were stopped: 0.0000700 seconds, Stopping threads took: 0.0000620 seconds
15.581: Application time: 0.0000470 seconds
15.582: Total time for which application threads were stopped: 0.0001000 seconds, Stopping threads took: 0.0000850 seconds
15.582: Application time: 0.0009500 seconds
15.583: Total time for which application threads were stopped: 0.0000250 seconds, Stopping threads took: 0.0000170 seconds
15.585: Application time: 0.0020570 seconds
15.585: Total time for which application threads were stopped: 0.0000380 seconds, Stopping threads took: 0.0000280 seconds
15.585: Application time: 0.0001430 seconds
15.585: Total time for which application threads were stopped: 0.0000190 seconds, Stopping threads took: 0.0000120 seconds
15.586: Application time: 0.0009670 seconds
15.586: Total time for which application threads were stopped: 0.0000270 seconds, Stopping threads took: 0.0000200 seconds
15.587: Application time: 0.0007980 seconds
15.587: Total time for which application threads were stopped: 0.0000160 seconds, Stopping threads took: 0.0000080 seconds
15.587: Application time: 0.0004750 seconds
15.587: Total time for which application threads were stopped: 0.0001050 seconds, Stopping threads took: 0.0000070 seconds
15.587: Application time: 0.0000790 seconds
15.587: Total time for which application threads were stopped: 0.0000290 seconds, Stopping threads took: 0.0000220 seconds
15.590: Application time: 0.0028430 seconds
15.590: Total time for which application threads were stopped: 0.0000640 seconds, Stopping threads took: 0.0000540 seconds
15.592: Application time: 0.0020340 seconds
15.592: Total time for which application threads were stopped: 0.0000680 seconds, Stopping threads took: 0.0000450 seconds
15.593: Application time: 0.0006590 seconds
15.593: Total time for which application threads were stopped: 0.0000230 seconds, Stopping threads took: 0.0000150 seconds
15.593: Application time: 0.0001290 seconds
15.593: Total time for which application threads were stopped: 0.0000590 seconds, Stopping threads took: 0.0000140 seconds
15.596: Application time: 0.0030460 seconds
15.596: Total time for which application threads were stopped: 0.0000600 seconds, Stopping threads took: 0.0000430 seconds
15.596: Application time: 0.0000450 seconds
15.596: Total time for which application threads were stopped: 0.0000270 seconds, Stopping threads took: 0.0000180 seconds
15.596: Application time: 0.0000260 seconds
15.596: Total time for which application threads were stopped: 0.0000420 seconds, Stopping threads took: 0.0000340 seconds
15.596: Application time: 0.0000320 seconds
15.596: Total time for which application threads were stopped: 0.0000210 seconds, Stopping threads took: 0.0000140 seconds
15.773: Application time: 0.1765610 seconds
15.773: [GC15.773: [ParNew: 65605K->6939K(76672K), 0.0048320 secs] 68750K->21797K(246976K), 0.0048870 secs] [Times: user=0.02 sys=0.01, real=0.01 secs] 
15.778: Total time for which application threads were stopped: 0.0050420 seconds, Stopping threads took: 0.0000510 seconds
15.784: Application time: 0.0056420 seconds
15.785: Total time for which application threads were stopped: 0.0010570 seconds, Stopping threads took: 0.0010170 seconds
15.785: Application time: 0.0000250 seconds
15.785: Total time for which application threads were stopped: 0.0000150 seconds, Stopping threads took: 0.0000080 seconds
15.785: Application time: 0.0000130 seconds
15.785: Total time for which application threads were stopped: 0.0000110 seconds, Stopping threads took: 0.0000060 seconds
15.785: Application time: 0.0000150 seconds
15.785: Total time for which application threads were stopped: 0.0000110 seconds, Stopping threads took: 0.0000050 seconds
15.785: Application time: 0.0000110 seconds
15.785: Total time for which application threads were stopped: 0.0000100 seconds, Stopping threads took: 0.0000050 seconds
15.785: Application time: 0.0000100 seconds
15.785: Total time for which application threads were stopped: 0.0000100 seconds, Stopping threads took: 0.0000050 seconds
15.785: Application time: 0.0000100 seconds
15.785: Total time for which application threads were stopped: 0.0000110 seconds, Stopping threads took: 0.0000050 seconds
15.785: Application time: 0.0000100 seconds
15.785: Total time for which application threads were stopped: 0.0000110 seconds, Stopping threads took: 0.0000050 seconds
15.785: Application time: 0.0000100 seconds
15.785: Total time for which application threads were stopped: 0.0000110 seconds, Stopping threads took: 0.0000050 seconds
15.785: Application time: 0.0000100 seconds
15.785: Total time for which application threads were stopped: 0.0000100 seconds, Stopping threads took: 0.0000050 seconds
15.785: Application time: 0.0000100 seconds
15.785: Total time for which application threads were stopped: 0.0000110 seconds, Stopping threads took: 0.0000050 seconds
15.785: Application time: 0.0000110 seconds
15.785: Total time for which application threads were stopped: 0.0000110 seconds, Stopping threads took: 0.0000050 seconds
15.785: Application time: 0.0000100 seconds
15.785: Total time for which application threads were stopped: 0.0000100 seconds, Stopping threads took: 0.0000050 seconds
15.785: Application time: 0.0000100 seconds
15.785: Total time for which application threads were stopped: 0.0000100 seconds, Stopping threads took: 0.0000050 seconds
15.785: Application time: 0.0000090 seconds
15.785: Total time for which application threads were stopped: 0.0000100 seconds, Stopping threads took: 0.0000050 seconds
15.785: Application time: 0.0000090 seconds
15.785: Total time for which application threads were stopped: 0.0000100 seconds, Stopping threads took: 0.0000040 seconds
15.785: Application time: 0.0000090 seconds
15.785: Total time for which application threads were stopped: 0.0000110 seconds, Stopping threads took: 0.0000050 seconds
15.785: Application time: 0.0000100 seconds
15.785: Total time for which application threads were stopped: 0.0000100 seconds, Stopping threads took: 0.0000050 seconds
15.785: Application time: 0.0000100 seconds
15.785: Total time for which application threads were stopped: 0.0000100 seconds, Stopping threads took: 0.0000050 seconds
15.785: Application time: 0.0000090 seconds
15.785: Total time for which application threads were stopped: 0.0000100 seconds, Stopping threads took: 0.0000050 seconds
15.785: Application time: 0.0000100 seconds
15.785: Total time for which application threads were stopped: 0.0000660 seconds, Stopping threads took: 0.0000050 seconds
15.842: Application time: 0.0571610 seconds
15.843: [GC15.843: [ParNew: 69413K->8512K(76672K), 0.0101190 secs] 84270K->55618K(246976K), 0.0101710 secs] [Times: user=0.07 sys=0.01, real=0.01 secs] 
15.853: Total time for which application threads were stopped: 0.0103230 seconds, Stopping threads took: 0.0000560 seconds
15.887: Application time: 0.0339580 seconds
15.887: [GC15.887: [ParNew: 76672K->7995K(76672K), 0.0165050 secs] 123778K->94149K(246976K), 0.0165470 secs] [Times: user=0.12 sys=0.01, real=0.02 secs] 
15.904: Total time for which application threads were stopped: 0.0167510 seconds, Stopping threads took: 0.0001050 seconds
15.925: Application time: 0.0216200 seconds
15.925: [GC15.925: [ParNew: 61775K->41K(76672K), 0.0146040 secs] 147929K->125259K(246976K), 0.0146470 secs] [Times: user=0.12 sys=0.00, real=0.02 secs] 
15.940: Total time for which application threads were stopped: 0.0147670 seconds, Stopping threads took: 0.0000520 seconds
15.949: Application time: 0.0094610 seconds
15.952: [GC15.952: [ParNew: 54570K->54570K(76672K), 0.0000100 secs]15.952: [Tenured: 125218K->105629K(170304K), 0.0279040 secs] 179788K->105629K(246976K), [Perm : 5822K->5822K(21248K)], 0.0279830 secs] [Times: user=0.03 sys=0.00, real=0.03 secs] 
15.980: Total time for which application threads were stopped: 0.0310580 seconds, Stopping threads took: 0.0029800 seconds
16.004: Application time: 0.0237430 seconds
16.004: [GC16.004: [ParNew: 68288K->10K(76800K), 0.0142800 secs] 173917K->152487K(247488K), 0.0143240 secs] [Times: user=0.11 sys=0.00, real=0.02 secs] 
16.019: Total time for which application threads were stopped: 0.0145110 seconds, Stopping threads took: 0.0001180 seconds
16.055: Application time: 0.0367760 seconds
16.060: [GC16.060: [ParNew: 41184K->41184K(76800K), 0.0000100 secs]16.060: [Tenured: 152477K->127990K(170688K), 0.0390070 secs] 193661K->127990K(247488K), [Perm : 5831K->5806K(21248K)], 0.0390660 secs] [Times: user=0.04 sys=0.00, real=0.04 secs] 
16.099: Total time for which application threads were stopped: 0.0433190 seconds, Stopping threads took: 0.0041770 seconds
16.109: Application time: 0.0100970 seconds
16.109: [GC16.109: [ParNew: 40410K->10K(76800K), 0.0076190 secs] 168401K->159232K(247488K), 0.0076610 secs] [Times: user=0.06 sys=0.00, real=0.01 secs] 
16.117: Total time for which application threads were stopped: 0.0078550 seconds, Stopping threads took: 0.0001270 seconds
16.122: Application time: 0.0052410 seconds
16.130: [GC16.130: [ParNew: 66126K->66126K(76800K), 0.0000110 secs]16.130: [Tenured: 159222K->143606K(170688K), 0.0390520 secs] 225349K->174839K(247488K), [Perm : 5806K->5806K(21248K)], 0.0391110 secs] [Times: user=0.04 sys=0.00, real=0.04 secs] 
16.169: Total time for which application threads were stopped: 0.0469500 seconds, Stopping threads took: 0.0077670 seconds
16.174: Application time: 0.0046880 seconds
16.176: [Full GC16.176: [Tenured: 143606K->159222K(170688K), 0.0479190 secs] 210191K->190454K(247488K), [Perm : 5806K->5806K(21248K)], 0.0479690 secs] [Times: user=0.05 sys=0.00, real=0.04 secs] 
16.224: Total time for which application threads were stopped: 0.0504290 seconds, Stopping threads took: 0.0023860 seconds
16.240: Application time: 0.0155210 seconds
16.240: [Full GC16.240: [Tenured: 159222K->143606K(170688K), 0.0474620 secs] 228654K->206071K(247488K), [Perm : 5806K->5806K(21248K)], 0.0475080 secs] [Times: user=0.05 sys=0.01, real=0.04 secs] 
16.287: [Full GC16.287: [Tenured: 143606K->142401K(170688K), 0.0319230 secs] 206071K->204866K(247488K), [Perm : 5806K->5795K(21248K)], 0.0319560 secs] [Times: user=0.03 sys=0.00, real=0.04 secs] 
16.319: Total time for which application threads were stopped: 0.0795810 seconds, Stopping threads took: 0.0000150 seconds
16.319: Application time: 0.0000590 seconds
16.319: Total time for which application threads were stopped: 0.0000740 seconds, Stopping threads took: 0.0000460 seconds
16.319: Application time: 0.0000770 seconds
16.319: [Full GC16.319: [Tenured: 142401K->142401K(170688K), 0.0061090 secs] 205054K->204866K(247488K), [Perm : 5795K->5795K(21248K)], 0.0061450 secs] [Times: user=0.01 sys=0.00, real=0.00 secs] 
16.326: [Full GC16.326: [Tenured: 142401K->142401K(170688K), 0.0048080 secs] 204866K->204866K(247488K), [Perm : 5795K->5795K(21248K)], 0.0048360 secs] [Times: user=0.00 sys=0.00, real=0.01 secs] 
16.330: Total time for which application threads were stopped: 0.0110750 seconds, Stopping threads took: 0.0000200 seconds
16.366: Application time: 0.0350550 seconds
16.366: [Full GC16.366: [Tenured: 142401K->142401K(170688K), 0.0070350 secs] 208795K->205003K(247488K), [Perm : 5813K->5813K(21248K)], 0.0070790 secs] [Times: user=0.02 sys=0.00, real=0.01 secs] 
16.373: [Full GC16.373: [Tenured: 142401K->142360K(170688K), 0.0305440 secs] 205003K->204884K(247488K), [Perm : 5813K->5753K(21248K)], 0.0305780 secs] [Times: user=0.03 sys=0.00, real=0.03 secs] 
16.403: Total time for which application threads were stopped: 0.0378240 seconds, Stopping threads took: 0.0000550 seconds
16.405: Application time: 0.0012090 seconds
16.405: Total time for which application threads were stopped: 0.0000520 seconds, Stopping threads took: 0.0000190 seconds
16.405: Application time: 0.0000920 seconds
16.405: [Full GC16.405: [Tenured: 142360K->142360K(170688K), 0.0064540 secs] 205062K->204872K(247488K), [Perm : 5756K->5756K(21248K)], 0.0064950 secs] [Times: user=0.02 sys=0.00, real=0.01 secs] 
16.411: [Full GC16.411: [Tenured: 142360K->142360K(170688K), 0.0298190 secs] 204872K->204868K(247488K), [Perm : 5756K->5753K(21248K)], 0.0298530 secs] [Times: user=0.03 sys=0.00, real=0.03 secs] 
16.441: Total time for which application threads were stopped: 0.0364610 seconds, Stopping threads took: 0.0000250 seconds
16.536: Application time: 0.0950310 seconds
16.536: [Full GC16.536: [Tenured: 142360K->142360K(170688K), 0.0093750 secs] 218378K->205028K(247488K), [Perm : 5874K->5874K(21248K)], 0.0094150 secs] [Times: user=0.01 sys=0.00, real=0.00 secs] 
16.546: [Full GC16.546: [Tenured: 142360K->142338K(170688K), 0.0311530 secs] 205028K->204900K(247488K), [Perm : 5874K->5812K(21248K)], 0.0311850 secs] [Times: user=0.03 sys=0.00, real=0.04 secs] 
16.577: Total time for which application threads were stopped: 0.0407390 seconds, Stopping threads took: 0.0000160 seconds
16.577: Application time: 0.0000790 seconds
16.577: Total time for which application threads were stopped: 0.0001060 seconds, Stopping threads took: 0.0000500 seconds
16.577: Application time: 0.0003260 seconds
16.577: [Full GC16.578: [Tenured: 142338K->142338K(170688K), 0.0063990 secs] 205055K->204913K(247488K), [Perm : 5815K->5815K(21248K)], 0.0064310 secs] [Times: user=0.01 sys=0.00, real=0.00 secs] 
16.584: [Full GC16.584: [Tenured: 142338K->142338K(170688K), 0.0297610 secs] 204913K->204913K(247488K), [Perm : 5815K->5815K(21248K)], 0.0297950 secs] [Times: user=0.03 sys=0.00, real=0.03 secs] 
16.614: Total time for which application threads were stopped: 0.0363350 seconds, Stopping threads took: 0.0000280 seconds
16.829: Application time: 0.2149980 seconds
16.829: [Full GC16.829: [Tenured: 170687K->146044K(170688K), 0.0162310 secs] 247487K->208787K(247488K), [Perm : 6012K->6012K(21248K)], 0.0162780 secs] [Times: user=0.02 sys=0.00, real=0.01 secs] 
16.845: Total time for which application threads were stopped: 0.0164100 seconds, Stopping threads took: 0.0000180 seconds
17.017: Application time: 0.1716100 seconds
17.020: [Full GC17.020: [Tenured: 170687K->142442K(170688K), 0.0391480 secs] 247487K->205185K(247488K), [Perm : 6017K->5966K(21248K)], 0.0391960 secs] [Times: user=0.04 sys=0.00, real=0.04 secs] 
17.059: Total time for which application threads were stopped: 0.0421040 seconds, Stopping threads took: 0.0028100 seconds
17.267: Application time: 0.2081600 seconds
17.267: [Full GC17.267: [Tenured: 170688K->144991K(170688K), 0.0154430 secs] 247487K->207734K(247488K), [Perm : 5969K->5969K(21248K)], 0.0154840 secs] [Times: user=0.02 sys=0.00, real=0.02 secs] 
17.283: Total time for which application threads were stopped: 0.0155740 seconds, Stopping threads took: 0.0000110 seconds
17.469: Application time: 0.1862030 seconds
17.469: [Full GC17.469: [Tenured: 170687K->145020K(170688K), 0.0148170 secs] 247487K->207763K(247488K), [Perm : 5972K->5972K(21248K)], 0.0148670 secs] [Times: user=0.02 sys=0.00, real=0.01 secs] 
17.484: Total time for which application threads were stopped: 0.0149430 seconds, Stopping threads took: 0.0000120 seconds
17.631: Application time: 0.1471610 seconds
17.631: [Full GC17.631: [Tenured: 162905K->145073K(170688K), 0.0132560 secs] 239705K->207817K(247488K), [Perm : 5972K->5972K(21248K)], 0.0132990 secs] [Times: user=0.01 sys=0.00, real=0.01 secs] 
17.644: [Full GC17.644: [Tenured: 145073K->142556K(170688K), 0.0059200 secs] 207817K->205198K(247488K), [Perm : 5972K->5916K(21248K)], 0.0059500 secs] [Times: user=0.01 sys=0.00, real=0.01 secs] 
17.650: Total time for which application threads were stopped: 0.0193840 seconds, Stopping threads took: 0.0000130 seconds
17.650: Application time: 0.0001010 seconds
17.651: [Full GC17.651: [Tenured: 142556K->142556K(170688K), 0.0059860 secs] 205394K->205279K(247488K), [Perm : 5916K->5916K(21248K)], 0.0060130 secs] [Times: user=0.00 sys=0.00, real=0.01 secs] 
17.657: [Full GC17.657: [Tenured: 142556K->142548K(170688K), 0.0055740 secs] 205279K->205271K(247488K), [Perm : 5916K->5916K(21248K)], 0.0056020 secs] [Times: user=0.01 sys=0.00, real=0.00 secs] 
17.662: Total time for which application threads were stopped: 0.0117250 seconds, Stopping threads took: 0.0000320 seconds
17.738: Application time: 0.0757400 seconds
17.738: [Full GC17.738: [Tenured: 147522K->147522K(170688K), 0.0107770 secs] 224322K->210208K(247488K), [Perm : 6002K->6002K(21248K)], 0.0108210 secs] [Times: user=0.01 sys=0.00, real=0.01 secs] 
17.749: [Full GC17.749: [Tenured: 147522K->142565K(170688K), 0.0307950 secs] 210208K->205186K(247488K), [Perm : 6002K->5945K(21248K)], 0.0308310 secs] [Times: user=0.04 sys=0.00, real=0.03 secs] 
17.780: Total time for which application threads were stopped: 0.0417700 seconds, Stopping threads took: 0.0000130 seconds
17.780: Application time: 0.0001620 seconds
17.780: [Full GC17.780: [Tenured: 142565K->142565K(170688K), 0.0063490 secs] 205279K->205200K(247488K), [Perm : 5945K->5945K(21248K)], 0.0063840 secs] [Times: user=0.00 sys=0.00, real=0.00 secs] 
17.786: [Full GC17.786: [Tenured: 142565K->142563K(170688K), 0.0056080 secs] 205200K->205199K(247488K), [Perm : 5945K->5945K(21248K)], 0.0056360 secs] [Times: user=0.01 sys=0.00, real=0.01 secs] 
17.792: Total time for which application threads were stopped: 0.0121550 seconds, Stopping threads took: 0.0000350 seconds
17.825: Application time: 0.0330230 seconds
17.825: [Full GC17.825: [Tenured: 142563K->142563K(170688K), 0.0090830 secs] 217578K->205343K(247488K), [Perm : 5974K->5974K(21248K)], 0.0091260 secs] [Times: user=0.01 sys=0.00, real=0.01 secs] 
17.834: [Full GC17.834: [Tenured: 142563K->142284K(170688K), 0.0303700 secs] 205343K->204993K(247488K), [Perm : 5974K->5918K(21248K)], 0.0304030 secs] [Times: user=0.03 sys=0.00, real=0.03 secs] 
17.865: Total time for which application threads were stopped: 0.0396450 seconds, Stopping threads took: 0.0000130 seconds
17.865: Application time: 0.0002440 seconds
17.865: [Full GC17.865: [Tenured: 142284K->142284K(170688K), 0.0070430 secs] 205219K->205045K(247488K), [Perm : 5918K->5918K(21248K)], 0.0070730 secs] [Times: user=0.01 sys=0.00, real=0.01 secs] 
17.872: [Full GC17.872: [Tenured: 142284K->142284K(170688K), 0.0059420 secs] 205045K->205045K(247488K), [Perm : 5918K->5918K(21248K)], 0.0059680 secs] [Times: user=0.00 sys=0.00, real=0.01 secs] 
17.878: Total time for which application threads were stopped: 0.0131630 seconds, Stopping threads took: 0.0000330 seconds
18.035: Application time: 0.1569320 seconds
18.035: [Full GC18.035: [Tenured: 170687K->142498K(170688K), 0.0145120 secs] 247487K->205102K(247488K), [Perm : 5977K->5977K(21248K)], 0.0145550 secs] [Times: user=0.02 sys=0.00, real=0.02 secs] 
18.050: Total time for which application threads were stopped: 0.0146360 seconds, Stopping threads took: 0.0000140 seconds
18.203: Application time: 0.1531410 seconds
18.203: [Full GC18.203: [Tenured: 170688K->142432K(170688K), 0.0389660 secs] 247487K->205035K(247488K), [Perm : 5978K->5966K(21248K)], 0.0390200 secs] [Times: user=0.04 sys=0.00, real=0.04 secs] 
18.242: Total time for which application threads were stopped: 0.0391040 seconds, Stopping threads took: 0.0000120 seconds
18.397: Application time: 0.1547530 seconds
18.397: [Full GC18.397: [Tenured: 170688K->142418K(170688K), 0.0142620 secs] 247487K->205022K(247488K), [Perm : 5966K->5966K(21248K)], 0.0143040 secs] [Times: user=0.02 sys=0.01, real=0.01 secs] 
18.411: Total time for which application threads were stopped: 0.0143860 seconds, Stopping threads took: 0.0000120 seconds
18.565: Application time: 0.1534610 seconds
18.565: [Full GC18.565: [Tenured: 170688K->142427K(170688K), 0.0141820 secs] 247487K->205031K(247488K), [Perm : 5970K->5970K(21248K)], 0.0142210 secs] [Times: user=0.01 sys=0.00, real=0.02 secs] 
18.579: Total time for which application threads were stopped: 0.0142950 seconds, Stopping threads took: 0.0000110 seconds
18.733: Application time: 0.1539830 seconds
18.733: [Full GC18.733: [Tenured: 170687K->142401K(170688K), 0.0142620 secs] 247487K->205005K(247488K), [Perm : 5975K->5975K(21248K)], 0.0143050 secs] [Times: user=0.02 sys=0.00, real=0.01 secs] 
18.747: Total time for which application threads were stopped: 0.0143810 seconds, Stopping threads took: 0.0000120 seconds
18.901: Application time: 0.1542710 seconds
18.902: [Full GC18.902: [Tenured: 170687K->142422K(170688K), 0.0143500 secs] 247487K->205026K(247488K), [Perm : 5975K->5975K(21248K)], 0.0143920 secs] [Times: user=0.01 sys=0.00, real=0.02 secs] 
18.916: Total time for which application threads were stopped: 0.0145050 seconds, Stopping threads took: 0.0000130 seconds
19.069: Application time: 0.1534250 seconds
19.069: [Full GC19.069: [Tenured: 170687K->142487K(170688K), 0.0144620 secs] 247487K->205090K(247488K), [Perm : 5975K->5975K(21248K)], 0.0145020 secs] [Times: user=0.02 sys=0.00, real=0.01 secs] 
19.084: Total time for which application threads were stopped: 0.0145800 seconds, Stopping threads took: 0.0000120 seconds
19.237: Application time: 0.1534880 seconds
19.237: [Full GC19.238: [Tenured: 170687K->142393K(170688K), 0.0141990 secs] 247487K->204997K(247488K), [Perm : 5975K->5975K(21248K)], 0.0142400 secs] [Times: user=0.02 sys=0.00, real=0.01 secs] 
19.252: Total time for which application threads were stopped: 0.0143130 seconds, Stopping threads took: 0.0000120 seconds
19.406: Application time: 0.1542530 seconds
19.406: [Full GC19.406: [Tenured: 170687K->142423K(170688K), 0.0143150 secs] 247487K->205026K(247488K), [Perm : 5976K->5976K(21248K)], 0.0143540 secs] [Times: user=0.02 sys=0.00, real=0.02 secs] 
19.420: Total time for which application threads were stopped: 0.0144430 seconds, Stopping threads took: 0.0000130 seconds
19.573: Application time: 0.1526490 seconds
19.573: [Full GC19.573: [Tenured: 170687K->142448K(170688K), 0.0143010 secs] 247487K->205053K(247488K), [Perm : 5977K->5977K(21248K)], 0.0143420 secs] [Times: user=0.02 sys=0.00, real=0.01 secs] 
19.588: Total time for which application threads were stopped: 0.0144210 seconds, Stopping threads took: 0.0000130 seconds
19.740: Application time: 0.1525360 seconds
19.740: [Full GC19.740: [Tenured: 170687K->142515K(170688K), 0.0144000 secs] 247487K->205120K(247488K), [Perm : 5977K->5977K(21248K)], 0.0144400 secs] [Times: user=0.01 sys=0.00, real=0.01 secs] 
19.755: Total time for which application threads were stopped: 0.0145180 seconds, Stopping threads took: 0.0000120 seconds
19.909: Application time: 0.1540420 seconds
19.909: [Full GC19.909: [Tenured: 170687K->142363K(170688K), 0.0141830 secs] 247487K->204968K(247488K), [Perm : 5998K->5998K(21248K)], 0.0142260 secs] [Times: user=0.02 sys=0.00, real=0.01 secs] 
19.923: Total time for which application threads were stopped: 0.0143130 seconds, Stopping threads took: 0.0000110 seconds
20.077: Application time: 0.1541150 seconds
20.077: [Full GC20.077: [Tenured: 170687K->142483K(170688K), 0.0143560 secs] 247487K->205088K(247488K), [Perm : 6000K->6000K(21248K)], 0.0144060 secs] [Times: user=0.01 sys=0.00, real=0.01 secs] 
20.092: Total time for which application threads were stopped: 0.0144820 seconds, Stopping threads took: 0.0000110 seconds
20.246: Application time: 0.1542440 seconds
20.246: [Full GC20.246: [Tenured: 170688K->142404K(170688K), 0.0143210 secs] 247488K->205009K(247488K), [Perm : 6000K->6000K(21248K)], 0.0143590 secs] [Times: user=0.01 sys=0.00, real=0.02 secs] 
20.260: Total time for which application threads were stopped: 0.0144360 seconds, Stopping threads took: 0.0000120 seconds
20.415: Application time: 0.1544830 seconds
20.415: [Full GC20.415: [Tenured: 170687K->142360K(170688K), 0.0143260 secs] 247487K->204965K(247488K), [Perm : 6000K->6000K(21248K)], 0.0143680 secs] [Times: user=0.02 sys=0.00, real=0.02 secs] 
20.429: Total time for which application threads were stopped: 0.0144560 seconds, Stopping threads took: 0.0000130 seconds
20.583: Application time: 0.1538000 seconds
20.583: [Full GC20.583: [Tenured: 170688K->142334K(170688K), 0.0143390 secs] 247488K->204939K(247488K), [Perm : 6006K->6006K(21248K)], 0.0143930 secs] [Times: user=0.01 sys=0.00, real=0.02 secs] 
20.597: Total time for which application threads were stopped: 0.0144730 seconds, Stopping threads took: 0.0000130 seconds
20.751: Application time: 0.1540250 seconds
20.752: [Full GC20.752: [Tenured: 170687K->142394K(170688K), 0.0143390 secs] 247487K->204999K(247488K), [Perm : 6007K->6007K(21248K)], 0.0143760 secs] [Times: user=0.01 sys=0.00, real=0.01 secs] 
20.766: Total time for which application threads were stopped: 0.0144530 seconds, Stopping threads took: 0.0000120 seconds
20.924: Application time: 0.1580450 seconds
20.924: [Full GC20.924: [Tenured: 170687K->142428K(170688K), 0.0392520 secs] 247487K->205025K(247488K), [Perm : 6018K->6018K(21248K)], 0.0393000 secs] [Times: user=0.04 sys=0.00, real=0.04 secs] 
20.963: Total time for which application threads were stopped: 0.0393970 seconds, Stopping threads took: 0.0000130 seconds
21.130: Application time: 0.1665420 seconds
21.130: [Full GC21.130: [Tenured: 170687K->142351K(170688K), 0.0150650 secs] 247487K->204948K(247488K), [Perm : 6019K->6019K(21248K)], 0.0151040 secs] [Times: user=0.01 sys=0.00, real=0.01 secs] 
21.145: Total time for which application threads were stopped: 0.0152010 seconds, Stopping threads took: 0.0000110 seconds
21.345: Application time: 0.1994950 seconds
21.345: [Full GC21.345: [Tenured: 170687K->142284K(170688K), 0.0166500 secs] 247487K->204873K(247488K), [Perm : 6020K->6020K(21248K)], 0.0166920 secs] [Times: user=0.01 sys=0.00, real=0.02 secs] 
21.361: Total time for which application threads were stopped: 0.0167700 seconds, Stopping threads took: 0.0000120 seconds
21.594: Application time: 0.2321960 seconds
21.594: [Full GC21.594: [Tenured: 170687K->142284K(170688K), 0.0167520 secs] 247487K->204874K(247488K), [Perm : 6020K->6020K(21248K)], 0.0167960 secs] [Times: user=0.02 sys=0.00, real=0.02 secs] 
21.610: Total time for which application threads were stopped: 0.0168870 seconds, Stopping threads took: 0.0000140 seconds
21.825: Application time: 0.2140890 seconds
21.825: [Full GC21.825: [Tenured: 170687K->142252K(170688K), 0.0407790 secs] 247487K->204850K(247488K), [Perm : 6021K->6021K(21248K)], 0.0408280 secs] [Times: user=0.04 sys=0.00, real=0.04 secs] 
21.865: Total time for which application threads were stopped: 0.0409110 seconds, Stopping threads took: 0.0000130 seconds
22.047: Application time: 0.1817450 seconds
22.047: [Full GC22.047: [Tenured: 170688K->145720K(170688K), 0.0155030 secs] 247488K->208326K(247488K), [Perm : 6021K->6021K(21248K)], 0.0155470 secs] [Times: user=0.01 sys=0.00, real=0.02 secs] 
22.063: Total time for which application threads were stopped: 0.0156520 seconds, Stopping threads took: 0.0000120 seconds
22.211: Application time: 0.1480490 seconds
22.211: [Full GC22.211: [Tenured: 170687K->145766K(170688K), 0.0143190 secs] 247487K->208380K(247488K), [Perm : 6021K->6021K(21248K)], 0.0143620 secs] [Times: user=0.02 sys=0.00, real=0.01 secs] 
22.225: Total time for which application threads were stopped: 0.0144610 seconds, Stopping threads took: 0.0000130 seconds
22.364: Application time: 0.1389920 seconds
22.364: [Full GC22.364: [Tenured: 170688K->145773K(170688K), 0.0137950 secs] 247488K->208388K(247488K), [Perm : 6021K->6021K(21248K)], 0.0138370 secs] [Times: user=0.01 sys=0.00, real=0.02 secs] 
22.378: Total time for which application threads were stopped: 0.0139150 seconds, Stopping threads took: 0.0000130 seconds
22.517: Application time: 0.1387950 seconds
22.517: [Full GC22.517: [Tenured: 170688K->142459K(170688K), 0.0138460 secs] 247487K->205073K(247488K), [Perm : 6021K->6021K(21248K)], 0.0138870 secs] [Times: user=0.01 sys=0.00, real=0.01 secs] 
22.531: Total time for which application threads were stopped: 0.0139650 seconds, Stopping threads took: 0.0000110 seconds
22.684: Application time: 0.1532570 seconds
22.684: [Full GC22.684: [Tenured: 170688K->142471K(170688K), 0.0144640 secs] 247487K->205085K(247488K), [Perm : 6021K->6021K(21248K)], 0.0145040 secs] [Times: user=0.02 sys=0.00, real=0.02 secs] 
22.699: Total time for which application threads were stopped: 0.0145830 seconds, Stopping threads took: 0.0000120 seconds
22.851: Application time: 0.1525260 seconds
22.851: [Full GC22.852: [Tenured: 170687K->142416K(170688K), 0.0143840 secs] 247487K->205031K(247488K), [Perm : 6021K->6021K(21248K)], 0.0144250 secs] [Times: user=0.02 sys=0.00, real=0.01 secs] 
22.866: Total time for which application threads were stopped: 0.0145100 seconds, Stopping threads took: 0.0000120 seconds
23.019: Application time: 0.1530070 seconds
23.019: [Full GC23.019: [Tenured: 170687K->142369K(170688K), 0.0142900 secs] 247487K->204984K(247488K), [Perm : 6021K->6021K(21248K)], 0.0143310 secs] [Times: user=0.02 sys=0.00, real=0.01 secs] 
23.033: Total time for which application threads were stopped: 0.0144080 seconds, Stopping threads took: 0.0000120 seconds
23.190: Application time: 0.1566200 seconds
23.190: [Full GC23.190: [Tenured: 170687K->142493K(170688K), 0.0145030 secs] 247487K->205107K(247488K), [Perm : 6021K->6021K(21248K)], 0.0145430 secs] [Times: user=0.02 sys=0.00, real=0.01 secs] 
23.205: Total time for which application threads were stopped: 0.0146200 seconds, Stopping threads took: 0.0000120 seconds
23.358: Application time: 0.1532910 seconds
23.358: [Full GC23.358: [Tenured: 170687K->142479K(170688K), 0.0145710 secs] 247487K->205094K(247488K), [Perm : 6021K->6021K(21248K)], 0.0146090 secs] [Times: user=0.01 sys=0.00, real=0.01 secs] 
23.373: Total time for which application threads were stopped: 0.0146960 seconds, Stopping threads took: 0.0000130 seconds
23.526: Application time: 0.1531390 seconds
23.526: [Full GC23.526: [Tenured: 170688K->142358K(170688K), 0.0143220 secs] 247488K->204973K(247488K), [Perm : 6021K->6021K(21248K)], 0.0143610 secs] [Times: user=0.02 sys=0.00, real=0.02 secs] 
23.540: Total time for which application threads were stopped: 0.0144390 seconds, Stopping threads took: 0.0000130 seconds
23.694: Application time: 0.1537150 seconds
23.694: [Full GC23.694: [Tenured: 170687K->142458K(170688K), 0.0145490 secs] 247487K->205073K(247488K), [Perm : 6021K->6021K(21248K)], 0.0145910 secs] [Times: user=0.01 sys=0.00, real=0.02 secs] 
23.709: Total time for which application threads were stopped: 0.0146680 seconds, Stopping threads took: 0.0000110 seconds
23.862: Application time: 0.1533110 seconds
23.862: [Full GC23.862: [Tenured: 170688K->142428K(170688K), 0.0143750 secs] 247487K->205042K(247488K), [Perm : 6021K->6021K(21248K)], 0.0144160 secs] [Times: user=0.01 sys=0.00, real=0.02 secs] 
23.876: Total time for which application threads were stopped: 0.0145090 seconds, Stopping threads took: 0.0000140 seconds
24.030: Application time: 0.1534160 seconds
24.030: [Full GC24.030: [Tenured: 170688K->142439K(170688K), 0.0144480 secs] 247487K->205053K(247488K), [Perm : 6021K->6021K(21248K)], 0.0144890 secs] [Times: user=0.02 sys=0.00, real=0.01 secs] 
24.044: Total time for which application threads were stopped: 0.0145660 seconds, Stopping threads took: 0.0000120 seconds
24.198: Application time: 0.1536260 seconds
24.198: [Full GC24.198: [Tenured: 170687K->142460K(170688K), 0.0144840 secs] 247487K->205075K(247488K), [Perm : 6021K->6021K(21248K)], 0.0145300 secs] [Times: user=0.02 sys=0.00, real=0.01 secs] 
24.213: Total time for which application threads were stopped: 0.0146070 seconds, Stopping threads took: 0.0000120 seconds
24.366: Application time: 0.1535540 seconds
24.366: [Full GC24.366: [Tenured: 170688K->142406K(170688K), 0.0143330 secs] 247488K->205021K(247488K), [Perm : 6021K->6021K(21248K)], 0.0143740 secs] [Times: user=0.01 sys=0.00, real=0.02 secs] 
24.381: Total time for which application threads were stopped: 0.0144550 seconds, Stopping threads took: 0.0000110 seconds
24.534: Application time: 0.1535120 seconds
24.534: [Full GC24.534: [Tenured: 170688K->142439K(170688K), 0.0144950 secs] 247487K->205054K(247488K), [Perm : 6021K->6021K(21248K)], 0.0145340 secs] [Times: user=0.01 sys=0.00, real=0.02 secs] 
24.549: Total time for which application threads were stopped: 0.0146110 seconds, Stopping threads took: 0.0000120 seconds
24.702: Application time: 0.1534230 seconds
24.702: [Full GC24.702: [Tenured: 170688K->142452K(170688K), 0.0144990 secs] 247488K->205066K(247488K), [Perm : 6021K->6021K(21248K)], 0.0145390 secs] [Times: user=0.02 sys=0.00, real=0.02 secs] 
24.717: Total time for which application threads were stopped: 0.0146170 seconds, Stopping threads took: 0.0000130 seconds
24.871: Application time: 0.1541940 seconds
24.871: [Full GC24.871: [Tenured: 170688K->142401K(170688K), 0.0143460 secs] 247488K->205016K(247488K), [Perm : 6021K->6021K(21248K)], 0.0143860 secs] [Times: user=0.02 sys=0.00, real=0.01 secs] 
24.885: Total time for which application threads were stopped: 0.0144760 seconds, Stopping threads took: 0.0000120 seconds
25.039: Application time: 0.1535840 seconds
25.039: [Full GC25.039: [Tenured: 170688K->142360K(170688K), 0.0143300 secs] 247487K->204975K(247488K), [Perm : 6021K->6021K(21248K)], 0.0143690 secs] [Times: user=0.01 sys=0.00, real=0.01 secs] 
25.053: Total time for which application threads were stopped: 0.0144460 seconds, Stopping threads took: 0.0000120 seconds
25.207: Application time: 0.1533860 seconds
25.207: [Full GC25.207: [Tenured: 170688K->142475K(170688K), 0.0145270 secs] 247488K->205089K(247488K), [Perm : 6021K->6021K(21248K)], 0.0145670 secs] [Times: user=0.01 sys=0.00, real=0.02 secs] 
25.222: Total time for which application threads were stopped: 0.0146460 seconds, Stopping threads took: 0.0000120 seconds
25.375: Application time: 0.1533820 seconds
25.375: [Full GC25.375: [Tenured: 170687K->142354K(170688K), 0.0141840 secs] 247487K->204969K(247488K), [Perm : 6021K->6021K(21248K)], 0.0142270 secs] [Times: user=0.02 sys=0.00, real=0.02 secs] 
25.389: Total time for which application threads were stopped: 0.0143110 seconds, Stopping threads took: 0.0000130 seconds
25.559: Application time: 0.1699400 seconds
25.559: [Full GC25.559: [Tenured: 170687K->149823K(170688K), 0.0150580 secs] 247487K->212421K(247488K), [Perm : 6021K->6021K(21248K)], 0.0151030 secs] [Times: user=0.01 sys=0.00, real=0.01 secs] 
25.574: Total time for which application threads were stopped: 0.0151820 seconds, Stopping threads took: 0.0000130 seconds
25.715: Application time: 0.1404600 seconds
25.715: [Full GC25.715: [Tenured: 170688K->149748K(170688K), 0.0138060 secs] 247488K->212345K(247488K), [Perm : 6021K->6021K(21248K)], 0.0138570 secs] [Times: user=0.01 sys=0.00, real=0.02 secs] 
25.729: Total time for which application threads were stopped: 0.0139370 seconds, Stopping threads took: 0.0000120 seconds
25.869: Application time: 0.1404160 seconds
25.869: [Full GC25.869: [Tenured: 170688K->142364K(170688K), 0.0137090 secs] 247488K->204962K(247488K), [Perm : 6021K->6021K(21248K)], 0.0137500 secs] [Times: user=0.01 sys=0.00, real=0.01 secs] 
25.883: Total time for which application threads were stopped: 0.0138280 seconds, Stopping threads took: 0.0000130 seconds
26.085: Application time: 0.2022360 seconds
26.085: [Full GC26.085: [Tenured: 170687K->142317K(170688K), 0.0159800 secs] 247487K->204916K(247488K), [Perm : 6021K->6021K(21248K)], 0.0160290 secs] [Times: user=0.02 sys=0.00, real=0.02 secs] 
26.101: Total time for which application threads were stopped: 0.0161190 seconds, Stopping threads took: 0.0000120 seconds
26.312: Application time: 0.2106260 seconds
26.312: [Full GC26.312: [Tenured: 170688K->142317K(170688K), 0.0163920 secs] 247487K->204933K(247488K), [Perm : 6021K->6021K(21248K)], 0.0164340 secs] [Times: user=0.02 sys=0.00, real=0.02 secs] 
26.328: Total time for which application threads were stopped: 0.0165160 seconds, Stopping threads took: 0.0000130 seconds
26.529: Application time: 0.2001320 seconds
26.529: [Full GC26.529: [Tenured: 170688K->146862K(170688K), 0.0160440 secs] 247488K->209478K(247488K), [Perm : 6021K->6021K(21248K)], 0.0160840 secs] [Times: user=0.01 sys=0.00, real=0.01 secs] 
26.545: Total time for which application threads were stopped: 0.0161890 seconds, Stopping threads took: 0.0000120 seconds
26.704: Application time: 0.1588210 seconds
26.704: [Full GC26.704: [Tenured: 170688K->142333K(170688K), 0.0145180 secs] 247488K->204949K(247488K), [Perm : 6021K->6021K(21248K)], 0.0145600 secs] [Times: user=0.02 sys=0.00, real=0.02 secs] 
26.718: Total time for which application threads were stopped: 0.0146460 seconds, Stopping threads took: 0.0000120 seconds
26.888: Application time: 0.1695980 seconds
26.888: [Full GC26.888: [Tenured: 170688K->142514K(170688K), 0.0151680 secs] 247488K->205130K(247488K), [Perm : 6021K->6021K(21248K)], 0.0152090 secs] [Times: user=0.01 sys=0.01, real=0.01 secs] 
26.903: Total time for which application threads were stopped: 0.0152880 seconds, Stopping threads took: 0.0000130 seconds
27.056: Application time: 0.1532760 seconds
27.056: [Full GC27.057: [Tenured: 170687K->142430K(170688K), 0.0144810 secs] 247487K->205046K(247488K), [Perm : 6021K->6021K(21248K)], 0.0145230 secs] [Times: user=0.01 sys=0.00, real=0.01 secs] 
27.071: Total time for which application threads were stopped: 0.0146040 seconds, Stopping threads took: 0.0000130 seconds
27.225: Application time: 0.1542360 seconds
27.225: [Full GC27.225: [Tenured: 170687K->142550K(170688K), 0.0146080 secs] 247487K->205166K(247488K), [Perm : 6021K->6021K(21248K)], 0.0146490 secs] [Times: user=0.01 sys=0.00, real=0.02 secs] 
27.240: Total time for which application threads were stopped: 0.0147290 seconds, Stopping threads took: 0.0000110 seconds
27.393: Application time: 0.1525960 seconds
27.393: [Full GC27.393: [Tenured: 170687K->142521K(170688K), 0.0145790 secs] 247487K->205137K(247488K), [Perm : 6021K->6021K(21248K)], 0.0146210 secs] [Times: user=0.01 sys=0.00, real=0.01 secs] 
27.407: Total time for which application threads were stopped: 0.0147220 seconds, Stopping threads took: 0.0000120 seconds
27.560: Application time: 0.1523200 seconds
27.560: [Full GC27.560: [Tenured: 170687K->142515K(170688K), 0.0146370 secs] 247487K->205131K(247488K), [Perm : 6021K->6021K(21248K)], 0.0146790 secs] [Times: user=0.02 sys=0.00, real=0.01 secs] 
27.574: Total time for which application threads were stopped: 0.0147610 seconds, Stopping threads took: 0.0000120 seconds
27.727: Application time: 0.1523270 seconds
27.727: [Full GC27.727: [Tenured: 170688K->142416K(170688K), 0.0145010 secs] 247487K->205032K(247488K), [Perm : 6021K->6021K(21248K)], 0.0145410 secs] [Times: user=0.02 sys=0.00, real=0.02 secs] 
27.741: Total time for which application threads were stopped: 0.0146310 seconds, Stopping threads took: 0.0000120 seconds
27.897: Application time: 0.1555920 seconds
27.897: [Full GC27.897: [Tenured: 170688K->142375K(170688K), 0.0143640 secs] 247488K->204991K(247488K), [Perm : 6021K->6021K(21248K)], 0.0144050 secs] [Times: user=0.02 sys=0.00, real=0.01 secs] 
27.911: Total time for which application threads were stopped: 0.0144830 seconds, Stopping threads took: 0.0000130 seconds
28.066: Application time: 0.1540700 seconds
28.066: [Full GC28.066: [Tenured: 170687K->142431K(170688K), 0.0145130 secs] 247487K->205047K(247488K), [Perm : 6021K->6021K(21248K)], 0.0145600 secs] [Times: user=0.01 sys=0.00, real=0.02 secs] 
28.080: Total time for which application threads were stopped: 0.0146380 seconds, Stopping threads took: 0.0000120 seconds
28.233: Application time: 0.1525910 seconds
28.233: [Full GC28.233: [Tenured: 170687K->142450K(170688K), 0.0144650 secs] 247487K->205066K(247488K), [Perm : 6021K->6021K(21248K)], 0.0145070 secs] [Times: user=0.01 sys=0.00, real=0.01 secs] 
28.247: Total time for which application threads were stopped: 0.0145930 seconds, Stopping threads took: 0.0000130 seconds
28.400: Application time: 0.1528280 seconds
28.400: [Full GC28.400: [Tenured: 170688K->142467K(170688K), 0.0145690 secs] 247487K->205083K(247488K), [Perm : 6021K->6021K(21248K)], 0.0146100 secs] [Times: user=0.02 sys=0.01, real=0.01 secs] 
28.415: Total time for which application threads were stopped: 0.0146890 seconds, Stopping threads took: 0.0000130 seconds
28.567: Application time: 0.1525530 seconds
28.567: [Full GC28.568: [Tenured: 170687K->142394K(170688K), 0.0145240 secs] 247487K->205010K(247488K), [Perm : 6021K->6021K(21248K)], 0.0145640 secs] [Times: user=0.02 sys=0.00, real=0.02 secs] 
28.582: Total time for which application threads were stopped: 0.0146420 seconds, Stopping threads took: 0.0000120 seconds
28.735: Application time: 0.1532210 seconds
28.735: [Full GC28.735: [Tenured: 170688K->142369K(170688K), 0.0144640 secs] 247488K->204985K(247488K), [Perm : 6021K->6021K(21248K)], 0.0145040 secs] [Times: user=0.01 sys=0.00, real=0.02 secs] 
28.750: Total time for which application threads were stopped: 0.0145910 seconds, Stopping threads took: 0.0000130 seconds
28.903: Application time: 0.1529130 seconds
28.903: [Full GC28.903: [Tenured: 170688K->142416K(170688K), 0.0145170 secs] 247487K->205032K(247488K), [Perm : 6021K->6021K(21248K)], 0.0145560 secs] [Times: user=0.01 sys=0.00, real=0.02 secs] 
28.917: Total time for which application threads were stopped: 0.0146340 seconds, Stopping threads took: 0.0000120 seconds
29.070: Application time: 0.1527450 seconds
29.070: [Full GC29.070: [Tenured: 170687K->142558K(170688K), 0.0147780 secs] 247487K->205174K(247488K), [Perm : 6021K->6021K(21248K)], 0.0148210 secs] [Times: user=0.02 sys=0.00, real=0.01 secs] 
29.085: Total time for which application threads were stopped: 0.0148980 seconds, Stopping threads took: 0.0000130 seconds
29.237: Application time: 0.1520150 seconds
29.237: [Full GC29.237: [Tenured: 170688K->142347K(170688K), 0.0142750 secs] 247488K->204963K(247488K), [Perm : 6021K->6021K(21248K)], 0.0143160 secs] [Times: user=0.01 sys=0.00, real=0.01 secs] 
29.252: Total time for which application threads were stopped: 0.0144040 seconds, Stopping threads took: 0.0000130 seconds
29.405: Application time: 0.1531950 seconds
29.405: [Full GC29.405: [Tenured: 170688K->142403K(170688K), 0.0144740 secs] 247487K->205019K(247488K), [Perm : 6021K->6021K(21248K)], 0.0145160 secs] [Times: user=0.01 sys=0.00, real=0.02 secs] 
29.419: Total time for which application threads were stopped: 0.0145960 seconds, Stopping threads took: 0.0000130 seconds
29.572: Application time: 0.1524170 seconds
29.572: [Full GC29.572: [Tenured: 170688K->142431K(170688K), 0.0144580 secs] 247487K->205047K(247488K), [Perm : 6021K->6021K(21248K)], 0.0144970 secs] [Times: user=0.02 sys=0.00, real=0.01 secs] 
29.586: Total time for which application threads were stopped: 0.0145760 seconds, Stopping threads took: 0.0000120 seconds
29.739: Application time: 0.1527410 seconds
29.739: [Full GC29.739: [Tenured: 170688K->142400K(170688K), 0.0144730 secs] 247488K->205016K(247488K), [Perm : 6021K->6021K(21248K)], 0.0145130 secs] [Times: user=0.01 sys=0.00, real=0.01 secs] 
29.754: Total time for which application threads were stopped: 0.0146010 seconds, Stopping threads took: 0.0000130 seconds
29.906: Application time: 0.1527200 seconds
29.906: [Full GC29.906: [Tenured: 170688K->142484K(170688K), 0.0146600 secs] 247488K->205100K(247488K), [Perm : 6021K->6021K(21248K)], 0.0147000 secs] [Times: user=0.02 sys=0.00, real=0.02 secs] 
29.921: Total time for which application threads were stopped: 0.0147870 seconds, Stopping threads took: 0.0000130 seconds
30.058: Application time: 0.1365630 seconds
30.058: Total time for which application threads were stopped: 0.0000580 seconds, Stopping threads took: 0.0000290 seconds
30.074: Application time: 0.0165670 seconds
30.074: [Full GC30.074: [Tenured: 170688K->142329K(170688K), 0.0389760 secs] 247487K->204936K(247488K), [Perm : 6021K->6021K(21248K)], 0.0390270 secs] [Times: user=0.04 sys=0.00, real=0.04 secs] 
30.113: Total time for which application threads were stopped: 0.0390960 seconds, Stopping threads took: 0.0000060 seconds
30.279: Application time: 0.1653600 seconds
30.279: [Full GC30.279: [Tenured: 170687K->142492K(170688K), 0.0151170 secs] 247487K->205099K(247488K), [Perm : 6021K->6021K(21248K)], 0.0151570 secs] [Times: user=0.01 sys=0.00, real=0.01 secs] 
30.294: Total time for which application threads were stopped: 0.0152390 seconds, Stopping threads took: 0.0000110 seconds
30.467: Application time: 0.1726380 seconds
30.467: [Full GC30.467: [Tenured: 170688K->142327K(170688K), 0.0150720 secs] 247488K->204945K(247488K), [Perm : 6021K->6021K(21248K)], 0.0151140 secs] [Times: user=0.02 sys=0.00, real=0.02 secs] 
30.482: Total time for which application threads were stopped: 0.0151930 seconds, Stopping threads took: 0.0000120 seconds
30.688: Application time: 0.2058810 seconds
30.688: [Full GC30.688: [Tenured: 170688K->142317K(170688K), 0.0162440 secs] 247487K->204964K(247488K), [Perm : 6021K->6021K(21248K)], 0.0162840 secs] [Times: user=0.01 sys=0.00, real=0.01 secs] 
30.704: Total time for which application threads were stopped: 0.0163620 seconds, Stopping threads took: 0.0000120 seconds
30.890: Application time: 0.1861400 seconds
30.890: [Full GC30.890: [Tenured: 170688K->142171K(170688K), 0.0407430 secs] 247488K->204818K(247488K), [Perm : 6021K->6021K(21248K)], 0.0407960 secs] [Times: user=0.04 sys=0.00, real=0.04 secs] 
30.931: Total time for which application threads were stopped: 0.0408920 seconds, Stopping threads took: 0.0000130 seconds
31.099: Application time: 0.1680130 seconds
31.099: [Full GC31.099: [Tenured: 170687K->142729K(170688K), 0.0157490 secs] 247487K->205376K(247488K), [Perm : 6021K->6021K(21248K)], 0.0157930 secs] [Times: user=0.01 sys=0.00, real=0.01 secs] 
31.115: Total time for which application threads were stopped: 0.0158710 seconds, Stopping threads took: 0.0000120 seconds
31.251: Application time: 0.1354680 seconds
31.251: [Full GC31.251: [Tenured: 170687K->142772K(170688K), 0.0146850 secs] 247487K->205427K(247488K), [Perm : 6021K->6021K(21248K)], 0.0147240 secs] [Times: user=0.01 sys=0.00, real=0.01 secs] 
31.265: Total time for which application threads were stopped: 0.0148040 seconds, Stopping threads took: 0.0000130 seconds
31.402: Application time: 0.1365950 seconds
31.402: [Full GC31.402: [Tenured: 170687K->142725K(170688K), 0.0152080 secs] 247487K->205380K(247488K), [Perm : 6021K->6021K(21248K)], 0.0152480 secs] [Times: user=0.01 sys=0.00, real=0.02 secs] 
31.417: Total time for which application threads were stopped: 0.0153610 seconds, Stopping threads took: 0.0000130 seconds
31.552: Application time: 0.1343120 seconds
31.552: [Full GC31.552: [Tenured: 170688K->142301K(170688K), 0.0142470 secs] 247488K->204956K(247488K), [Perm : 6021K->6021K(21248K)], 0.0142890 secs] [Times: user=0.01 sys=0.00, real=0.01 secs] 
31.566: Total time for which application threads were stopped: 0.0143750 seconds, Stopping threads took: 0.0000200 seconds
31.702: Application time: 0.1358740 seconds
31.702: [Full GC31.702: [Tenured: 170688K->142292K(170688K), 0.0142920 secs] 247488K->204948K(247488K), [Perm : 6021K->6021K(21248K)], 0.0143300 secs] [Times: user=0.01 sys=0.00, real=0.02 secs] 
31.716: Total time for which application threads were stopped: 0.0144050 seconds, Stopping threads took: 0.0000130 seconds
31.852: Application time: 0.1356160 seconds
31.852: [Full GC31.852: [Tenured: 170687K->142358K(170688K), 0.0142650 secs] 247487K->205013K(247488K), [Perm : 6021K->6021K(21248K)], 0.0143050 secs] [Times: user=0.01 sys=0.00, real=0.01 secs] 
31.866: Total time for which application threads were stopped: 0.0143930 seconds, Stopping threads took: 0.0000130 seconds
32.002: Application time: 0.1353710 seconds
32.002: [Full GC32.002: [Tenured: 170688K->142333K(170688K), 0.0143540 secs] 247488K->204989K(247488K), [Perm : 6021K->6021K(21248K)], 0.0143940 secs] [Times: user=0.01 sys=0.00, real=0.02 secs] 
32.016: Total time for which application threads were stopped: 0.0144820 seconds, Stopping threads took: 0.0000130 seconds
32.152: Application time: 0.1355050 seconds
32.152: [Full GC32.152: [Tenured: 170688K->142373K(170688K), 0.0144650 secs] 247488K->205028K(247488K), [Perm : 6021K->6021K(21248K)], 0.0145050 secs] [Times: user=0.02 sys=0.00, real=0.01 secs] 
32.166: Total time for which application threads were stopped: 0.0145850 seconds, Stopping threads took: 0.0000130 seconds
32.302: Application time: 0.1353680 seconds
32.302: [Full GC32.302: [Tenured: 170687K->142352K(170688K), 0.0143650 secs] 247487K->205007K(247488K), [Perm : 6021K->6021K(21248K)], 0.0144040 secs] [Times: user=0.01 sys=0.00, real=0.02 secs] 
32.316: Total time for which application threads were stopped: 0.0144820 seconds, Stopping threads took: 0.0000130 seconds
32.452: Application time: 0.1354800 seconds
32.452: [Full GC32.452: [Tenured: 170688K->142235K(170688K), 0.0141680 secs] 247488K->204890K(247488K), [Perm : 6021K->6021K(21248K)], 0.0142030 secs] [Times: user=0.01 sys=0.00, real=0.01 secs] 
32.466: Total time for which application threads were stopped: 0.0143010 seconds, Stopping threads took: 0.0000260 seconds
32.602: Application time: 0.1358330 seconds
32.602: [Full GC32.602: [Tenured: 170687K->142244K(170688K), 0.0141770 secs] 247487K->204900K(247488K), [Perm : 6021K->6021K(21248K)], 0.0142180 secs] [Times: user=0.01 sys=0.00, real=0.02 secs] 
32.616: Total time for which application threads were stopped: 0.0143060 seconds, Stopping threads took: 0.0000140 seconds
32.752: Application time: 0.1356580 seconds
32.752: [Full GC32.752: [Tenured: 170688K->142336K(170688K), 0.0143570 secs] 247488K->204992K(247488K), [Perm : 6021K->6021K(21248K)], 0.0143960 secs] [Times: user=0.01 sys=0.00, real=0.01 secs] 
32.766: Total time for which application threads were stopped: 0.0144760 seconds, Stopping threads took: 0.0000140 seconds
32.902: Application time: 0.1355330 seconds
32.902: [Full GC32.902: [Tenured: 170687K->142243K(170688K), 0.0142360 secs] 247487K->204898K(247488K), [Perm : 6021K->6021K(21248K)], 0.0142750 secs] [Times: user=0.02 sys=0.00, real=0.02 secs] 
32.916: Total time for which application threads were stopped: 0.0143530 seconds, Stopping threads took: 0.0000130 seconds
33.052: Application time: 0.1356760 seconds
33.052: [Full GC33.052: [Tenured: 170688K->142241K(170688K), 0.0142290 secs] 247487K->204897K(247488K), [Perm : 6021K->6021K(21248K)], 0.0142700 secs] [Times: user=0.01 sys=0.00, real=0.01 secs] 
33.066: Total time for which application threads were stopped: 0.0143490 seconds, Stopping threads took: 0.0000130 seconds
33.202: Application time: 0.1360820 seconds
33.202: [Full GC33.202: [Tenured: 170687K->142326K(170688K), 0.0146040 secs] 247487K->204981K(247488K), [Perm : 6021K->6021K(21248K)], 0.0146410 secs] [Times: user=0.02 sys=0.00, real=0.02 secs] 
33.217: Total time for which application threads were stopped: 0.0147200 seconds, Stopping threads took: 0.0000120 seconds
33.352: Application time: 0.1353210 seconds
33.352: [Full GC33.352: [Tenured: 170687K->142386K(170688K), 0.0143910 secs] 247487K->205042K(247488K), [Perm : 6021K->6021K(21248K)], 0.0144330 secs] [Times: user=0.01 sys=0.00, real=0.01 secs] 
33.367: Total time for which application threads were stopped: 0.0145130 seconds, Stopping threads took: 0.0000140 seconds
33.502: Application time: 0.1351910 seconds
33.502: [Full GC33.502: [Tenured: 170687K->142349K(170688K), 0.0143140 secs] 247487K->205005K(247488K), [Perm : 6021K->6021K(21248K)], 0.0143530 secs] [Times: user=0.01 sys=0.00, real=0.02 secs] 
33.516: Total time for which application threads were stopped: 0.0144310 seconds, Stopping threads took: 0.0000140 seconds
33.659: Application time: 0.1422950 seconds
33.659: [Full GC33.659: [Tenured: 170688K->145345K(170688K), 0.0146310 secs] 247487K->208000K(247488K), [Perm : 6021K->6021K(21248K)], 0.0146800 secs] [Times: user=0.01 sys=0.00, real=0.01 secs] 
33.673: Total time for which application threads were stopped: 0.0147590 seconds, Stopping threads took: 0.0000130 seconds
33.815: Application time: 0.1412760 seconds
33.815: [Full GC33.815: [Tenured: 170688K->145285K(170688K), 0.0143670 secs] 247488K->207932K(247488K), [Perm : 6022K->6022K(21248K)], 0.0144070 secs] [Times: user=0.02 sys=0.00, real=0.02 secs] 
33.829: Total time for which application threads were stopped: 0.0144930 seconds, Stopping threads took: 0.0000130 seconds
34.006: Application time: 0.1766240 seconds
34.006: [Full GC34.006: [Tenured: 170688K->142164K(170688K), 0.0156570 secs] 247488K->204793K(247488K), [Perm : 6022K->6022K(21248K)], 0.0156990 secs] [Times: user=0.02 sys=0.00, real=0.02 secs] 
34.022: Total time for which application threads were stopped: 0.0157830 seconds, Stopping threads took: 0.0000150 seconds
34.210: Application time: 0.1888630 seconds
34.210: [Full GC34.210: [Tenured: 170688K->142241K(170688K), 0.0165370 secs] 247487K->204870K(247488K), [Perm : 6022K->6022K(21248K)], 0.0165780 secs] [Times: user=0.02 sys=0.00, real=0.01 secs] 
34.227: Total time for which application threads were stopped: 0.0166600 seconds, Stopping threads took: 0.0000140 seconds
34.387: Application time: 0.1594790 seconds
34.387: [Full GC34.387: [Tenured: 170687K->149778K(170688K), 0.0154050 secs] 247487K->212407K(247488K), [Perm : 6022K->6022K(21248K)], 0.0154480 secs] [Times: user=0.01 sys=0.00, real=0.02 secs] 
34.402: Total time for which application threads were stopped: 0.0155390 seconds, Stopping threads took: 0.0000140 seconds
34.514: Application time: 0.1115100 seconds
34.514: [Full GC34.514: [Tenured: 170688K->149775K(170688K), 0.0130390 secs] 247488K->212404K(247488K), [Perm : 6022K->6022K(21248K)], 0.0130790 secs] [Times: user=0.01 sys=0.00, real=0.01 secs] 
34.527: Total time for which application threads were stopped: 0.0131590 seconds, Stopping threads took: 0.0000130 seconds
34.635: Application time: 0.1080220 seconds
34.635: [Full GC34.635: [Tenured: 170687K->142332K(170688K), 0.0129040 secs] 247487K->204961K(247488K), [Perm : 6022K->6022K(21248K)], 0.0129440 secs] [Times: user=0.01 sys=0.00, real=0.02 secs] 
34.648: Total time for which application threads were stopped: 0.0130230 seconds, Stopping threads took: 0.0000130 seconds
34.784: Application time: 0.1361620 seconds
34.784: [Full GC34.784: [Tenured: 170688K->142329K(170688K), 0.0142200 secs] 247487K->204958K(247488K), [Perm : 6022K->6022K(21248K)], 0.0142610 secs] [Times: user=0.02 sys=0.00, real=0.02 secs] 
34.798: Total time for which application threads were stopped: 0.0143400 seconds, Stopping threads took: 0.0000140 seconds
34.934: Application time: 0.1355140 seconds
34.934: [Full GC34.934: [Tenured: 170688K->142315K(170688K), 0.0142790 secs] 247488K->204945K(247488K), [Perm : 6022K->6022K(21248K)], 0.0143180 secs] [Times: user=0.01 sys=0.00, real=0.02 secs] 
34.948: Total time for which application threads were stopped: 0.0144060 seconds, Stopping threads took: 0.0000130 seconds
35.084: Application time: 0.1354910 seconds
35.084: [Full GC35.084: [Tenured: 170687K->142303K(170688K), 0.0142620 secs] 247487K->204933K(247488K), [Perm : 6022K->6022K(21248K)], 0.0143010 secs] [Times: user=0.01 sys=0.00, real=0.02 secs] 
35.098: Total time for which application threads were stopped: 0.0143790 seconds, Stopping threads took: 0.0000130 seconds
35.234: Application time: 0.1356110 seconds
35.234: [Full GC35.234: [Tenured: 170688K->142299K(170688K), 0.0142650 secs] 247488K->204928K(247488K), [Perm : 6022K->6022K(21248K)], 0.0143040 secs] [Times: user=0.01 sys=0.00, real=0.02 secs] 
35.248: Total time for which application threads were stopped: 0.0143830 seconds, Stopping threads took: 0.0000140 seconds
35.384: Application time: 0.1357640 seconds
35.384: [Full GC35.384: [Tenured: 170687K->142303K(170688K), 0.0142480 secs] 247487K->204932K(247488K), [Perm : 6022K->6022K(21248K)], 0.0142970 secs] [Times: user=0.02 sys=0.00, real=0.02 secs] 
35.398: Total time for which application threads were stopped: 0.0143790 seconds, Stopping threads took: 0.0000150 seconds
35.534: Application time: 0.1355700 seconds
35.534: [Full GC35.534: [Tenured: 170688K->142372K(170688K), 0.0143550 secs] 247488K->205001K(247488K), [Perm : 6022K->6022K(21248K)], 0.0143940 secs] [Times: user=0.01 sys=0.00, real=0.02 secs] 
35.548: Total time for which application threads were stopped: 0.0144830 seconds, Stopping threads took: 0.0000140 seconds
35.683: Application time: 0.1351830 seconds
35.684: [Full GC35.684: [Tenured: 170688K->142336K(170688K), 0.0142750 secs] 247488K->204965K(247488K), [Perm : 6022K->6022K(21248K)], 0.0143160 secs] [Times: user=0.01 sys=0.00, real=0.02 secs] 
35.698: Total time for which application threads were stopped: 0.0143960 seconds, Stopping threads took: 0.0000140 seconds
35.834: Application time: 0.1356230 seconds
35.834: [Full GC35.834: [Tenured: 170688K->142253K(170688K), 0.0141880 secs] 247487K->204882K(247488K), [Perm : 6022K->6022K(21248K)], 0.0142280 secs] [Times: user=0.02 sys=0.00, real=0.02 secs] 
35.848: Total time for which application threads were stopped: 0.0143060 seconds, Stopping threads took: 0.0000130 seconds
35.989: Application time: 0.1407490 seconds
35.989: [Full GC35.989: [Tenured: 170687K->142335K(170688K), 0.0143740 secs] 247487K->204964K(247488K), [Perm : 6022K->6022K(21248K)], 0.0144200 secs] [Times: user=0.01 sys=0.00, real=0.01 secs] 
36.003: Total time for which application threads were stopped: 0.0145000 seconds, Stopping threads took: 0.0000140 seconds
36.139: Application time: 0.1355220 seconds
36.139: [Full GC36.139: [Tenured: 170687K->142319K(170688K), 0.0143220 secs] 247487K->204948K(247488K), [Perm : 6022K->6022K(21248K)], 0.0143630 secs] [Times: user=0.02 sys=0.00, real=0.01 secs] 
36.153: Total time for which application threads were stopped: 0.0144500 seconds, Stopping threads took: 0.0000140 seconds
36.289: Application time: 0.1360280 seconds
36.289: [Full GC36.289: [Tenured: 170687K->142246K(170688K), 0.0141250 secs] 247487K->204875K(247488K), [Perm : 6022K->6022K(21248K)], 0.0141640 secs] [Times: user=0.01 sys=0.00, real=0.01 secs] 
36.303: Total time for which application threads were stopped: 0.0142400 seconds, Stopping threads took: 0.0000130 seconds
36.439: Application time: 0.1358620 seconds
36.439: [Full GC36.439: [Tenured: 170687K->142332K(170688K), 0.0143550 secs] 247487K->204961K(247488K), [Perm : 6022K->6022K(21248K)], 0.0143950 secs] [Times: user=0.02 sys=0.00, real=0.01 secs] 
36.454: Total time for which application threads were stopped: 0.0144750 seconds, Stopping threads took: 0.0000140 seconds
36.589: Application time: 0.1355790 seconds
36.589: [Full GC36.589: [Tenured: 170687K->142318K(170688K), 0.0143270 secs] 247487K->204948K(247488K), [Perm : 6022K->6022K(21248K)], 0.0143660 secs] [Times: user=0.01 sys=0.00, real=0.01 secs] 
36.604: Total time for which application threads were stopped: 0.0144450 seconds, Stopping threads took: 0.0000130 seconds
36.739: Application time: 0.1356520 seconds
36.739: [Full GC36.739: [Tenured: 170688K->142245K(170688K), 0.0141860 secs] 247488K->204875K(247488K), [Perm : 6022K->6022K(21248K)], 0.0142260 secs] [Times: user=0.02 sys=0.00, real=0.01 secs] 
36.754: Total time for which application threads were stopped: 0.0143170 seconds, Stopping threads took: 0.0000130 seconds
36.893: Application time: 0.1394530 seconds
36.893: [Full GC36.893: [Tenured: 170688K->142329K(170688K), 0.0144190 secs] 247487K->204958K(247488K), [Perm : 6022K->6022K(21248K)], 0.0144680 secs] [Times: user=0.01 sys=0.00, real=0.02 secs] 
36.908: Total time for which application threads were stopped: 0.0145460 seconds, Stopping threads took: 0.0000130 seconds
37.062: Application time: 0.1542050 seconds
37.062: [Full GC37.062: [Tenured: 170688K->142234K(170688K), 0.0151590 secs] 247488K->204863K(247488K), [Perm : 6022K->6022K(21248K)], 0.0152070 secs] [Times: user=0.02 sys=0.00, real=0.02 secs] 
37.077: Total time for which application threads were stopped: 0.0152880 seconds, Stopping threads took: 0.0000140 seconds
37.258: Application time: 0.1813400 seconds
37.259: [Full GC37.259: [Tenured: 170688K->142181K(170688K), 0.0160820 secs] 247488K->204810K(247488K), [Perm : 6022K->6022K(21248K)], 0.0161210 secs] [Times: user=0.01 sys=0.00, real=0.01 secs] 
37.275: Total time for which application threads were stopped: 0.0162130 seconds, Stopping threads took: 0.0000130 seconds
37.466: Application time: 0.1914270 seconds
37.466: [Full GC37.466: [Tenured: 170688K->142235K(170688K), 0.0165720 secs] 247488K->204864K(247488K), [Perm : 6022K->6022K(21248K)], 0.0166120 secs] [Times: user=0.01 sys=0.00, real=0.02 secs] 
37.483: Total time for which application threads were stopped: 0.0166910 seconds, Stopping threads took: 0.0000130 seconds
37.640: Application time: 0.1575350 seconds
37.640: [Full GC37.640: [Tenured: 170687K->148792K(170688K), 0.0153550 secs] 247487K->211421K(247488K), [Perm : 6022K->6022K(21248K)], 0.0153940 secs] [Times: user=0.02 sys=0.00, real=0.02 secs] 
37.656: Total time for which application threads were stopped: 0.0154740 seconds, Stopping threads took: 0.0000140 seconds
37.776: Application time: 0.1206400 seconds
37.777: [Full GC37.777: [Tenured: 170688K->142245K(170688K), 0.0134700 secs] 247488K->204874K(247488K), [Perm : 6022K->6022K(21248K)], 0.0135090 secs] [Times: user=0.01 sys=0.00, real=0.01 secs] 
37.790: Total time for which application threads were stopped: 0.0136010 seconds, Stopping threads took: 0.0000140 seconds
37.926: Application time: 0.1359390 seconds
37.926: [Full GC37.926: [Tenured: 170687K->142308K(170688K), 0.0142940 secs] 247487K->204945K(247488K), [Perm : 6022K->6022K(21248K)], 0.0143330 secs] [Times: user=0.02 sys=0.00, real=0.02 secs] 
37.940: Total time for which application threads were stopped: 0.0144120 seconds, Stopping threads took: 0.0000130 seconds
38.076: Application time: 0.1357190 seconds
38.076: [Full GC38.076: [Tenured: 170687K->142397K(170688K), 0.0143930 secs] 247487K->205034K(247488K), [Perm : 6022K->6022K(21248K)], 0.0144340 secs] [Times: user=0.01 sys=0.00, real=0.01 secs] 
38.091: Total time for which application threads were stopped: 0.0145150 seconds, Stopping threads took: 0.0000140 seconds
38.226: Application time: 0.1353600 seconds
38.226: [Full GC38.226: [Tenured: 170687K->142266K(170688K), 0.0142500 secs] 247487K->204904K(247488K), [Perm : 6022K->6022K(21248K)], 0.0142890 secs] [Times: user=0.01 sys=0.00, real=0.02 secs] 
38.240: Total time for which application threads were stopped: 0.0143690 seconds, Stopping threads took: 0.0000140 seconds
38.376: Application time: 0.1359760 seconds
38.376: [Full GC38.376: [Tenured: 170687K->142272K(170688K), 0.0141880 secs] 247487K->204909K(247488K), [Perm : 6022K->6022K(21248K)], 0.0142280 secs] [Times: user=0.02 sys=0.00, real=0.01 secs] 
38.391: Total time for which application threads were stopped: 0.0143170 seconds, Stopping threads took: 0.0000130 seconds
38.527: Application time: 0.1358560 seconds
38.527: [Full GC38.527: [Tenured: 170688K->142278K(170688K), 0.0143230 secs] 247487K->204915K(247488K), [Perm : 6022K->6022K(21248K)], 0.0143620 secs] [Times: user=0.01 sys=0.00, real=0.02 secs] 
38.541: Total time for which application threads were stopped: 0.0144420 seconds, Stopping threads took: 0.0000140 seconds
38.677: Application time: 0.1355720 seconds
38.677: [Full GC38.677: [Tenured: 170687K->142359K(170688K), 0.0143020 secs] 247487K->204996K(247488K), [Perm : 6022K->6022K(21248K)], 0.0143410 secs] [Times: user=0.02 sys=0.00, real=0.01 secs] 
38.691: Total time for which application threads were stopped: 0.0144230 seconds, Stopping threads took: 0.0000140 seconds
38.827: Application time: 0.1355490 seconds
38.827: [Full GC38.827: [Tenured: 170688K->142260K(170688K), 0.0142220 secs] 247487K->204897K(247488K), [Perm : 6022K->6022K(21248K)], 0.0142600 secs] [Times: user=0.01 sys=0.00, real=0.02 secs] 
38.841: Total time for which application threads were stopped: 0.0143480 seconds, Stopping threads took: 0.0000130 seconds
38.979: Application time: 0.1376560 seconds
38.979: [Full GC38.979: [Tenured: 170688K->142407K(170688K), 0.0144720 secs] 247487K->205045K(247488K), [Perm : 6022K->6022K(21248K)], 0.0145120 secs] [Times: user=0.01 sys=0.00, real=0.01 secs] 
38.993: Total time for which application threads were stopped: 0.0145990 seconds, Stopping threads took: 0.0000130 seconds
39.128: Application time: 0.1351970 seconds
39.128: [Full GC39.128: [Tenured: 170688K->142293K(170688K), 0.0142400 secs] 247488K->204930K(247488K), [Perm : 6022K->6022K(21248K)], 0.0142810 secs] [Times: user=0.02 sys=0.00, real=0.01 secs] 
39.143: Total time for which application threads were stopped: 0.0143590 seconds, Stopping threads took: 0.0000130 seconds
39.279: Application time: 0.1361420 seconds
39.279: [Full GC39.279: [Tenured: 170687K->142310K(170688K), 0.0142850 secs] 247487K->204948K(247488K), [Perm : 6022K->6022K(21248K)], 0.0143220 secs] [Times: user=0.02 sys=0.00, real=0.01 secs] 
39.293: Total time for which application threads were stopped: 0.0143970 seconds, Stopping threads took: 0.0000120 seconds
39.431: Application time: 0.1377440 seconds
39.431: [Full GC39.431: [Tenured: 170687K->142287K(170688K), 0.0142890 secs] 247487K->204925K(247488K), [Perm : 6022K->6022K(21248K)], 0.0143280 secs] [Times: user=0.01 sys=0.00, real=0.01 secs] 
39.445: Total time for which application threads were stopped: 0.0144070 seconds, Stopping threads took: 0.0000130 seconds
39.583: Application time: 0.1378130 seconds
39.583: [Full GC39.583: [Tenured: 170688K->142355K(170688K), 0.0144470 secs] 247487K->204993K(247488K), [Perm : 6022K->6022K(21248K)], 0.0144880 secs] [Times: user=0.01 sys=0.00, real=0.02 secs] 
39.598: Total time for which application threads were stopped: 0.0145760 seconds, Stopping threads took: 0.0000130 seconds
39.733: Application time: 0.1354920 seconds
39.733: [Full GC39.733: [Tenured: 170688K->142262K(170688K), 0.0141900 secs] 247487K->204899K(247488K), [Perm : 6022K->6022K(21248K)], 0.0142300 secs] [Times: user=0.02 sys=0.00, real=0.01 secs] 
39.748: Total time for which application threads were stopped: 0.0143100 seconds, Stopping threads took: 0.0000130 seconds
39.884: Application time: 0.1364970 seconds
39.884: [Full GC39.884: [Tenured: 170688K->142279K(170688K), 0.0141790 secs] 247488K->204917K(247488K), [Perm : 6022K->6022K(21248K)], 0.0142190 secs] [Times: user=0.01 sys=0.00, real=0.02 secs] 
39.898: Total time for which application threads were stopped: 0.0143000 seconds, Stopping threads took: 0.0000140 seconds
40.038: Application time: 0.1397520 seconds
40.038: [Full GC40.038: [Tenured: 170688K->142339K(170688K), 0.0143850 secs] 247488K->204976K(247488K), [Perm : 6022K->6022K(21248K)], 0.0144230 secs] [Times: user=0.02 sys=0.00, real=0.01 secs] 
40.053: Total time for which application threads were stopped: 0.0145020 seconds, Stopping threads took: 0.0000140 seconds
40.181: Application time: 0.1279220 seconds
40.181: [Full GC40.181: [Tenured: 170688K->142254K(170688K), 0.0386190 secs] 247487K->204892K(247488K), [Perm : 6022K->6022K(21248K)], 0.0386630 secs] [Times: user=0.03 sys=0.00, real=0.04 secs] 
40.219: Total time for which application threads were stopped: 0.0387590 seconds, Stopping threads took: 0.0000140 seconds
40.355: Application time: 0.1356090 seconds
40.355: Total time for which application threads were stopped: 0.0000450 seconds, Stopping threads took: 0.0000100 seconds
40.387: Application time: 0.0323210 seconds
40.387: Total time for which application threads were stopped: 0.0000660 seconds, Stopping threads took: 0.0000090 seconds
40.420: Application time: 0.0326240 seconds
40.420: [Full GC40.420: [Tenured: 170687K->143782K(170688K), 0.0166470 secs] 247487K->206354K(247488K), [Perm : 8129K->8129K(21248K)], 0.0166840 secs] [Times: user=0.01 sys=0.00, real=0.02 secs] 
40.437: Total time for which application threads were stopped: 0.0167600 seconds, Stopping threads took: 0.0000170 seconds
40.696: Application time: 0.2587520 seconds
40.696: Total time for which application threads were stopped: 0.0000500 seconds, Stopping threads took: 0.0000080 seconds
Heap
 par new generation   total 76800K, used 76799K [0x00000000eb400000, 0x00000000f0750000, 0x00000000f0750000)
  eden space 68288K, 100% used [0x00000000eb400000, 0x00000000ef6b0000, 0x00000000ef6b0000)
  from space 8512K,  99% used [0x00000000ef6b0000, 0x00000000efeffff8, 0x00000000eff00000)
  to   space 8512K,   0% used [0x00000000eff00000, 0x00000000eff00000, 0x00000000f0750000)
 tenured generation   total 170688K, used 159942K [0x00000000f0750000, 0x00000000fae00000, 0x00000000fae00000)
   the space 170688K,  93% used [0x00000000f0750000, 0x00000000fa3818f0, 0x00000000fa381a00, 0x00000000fae00000)
 compacting perm gen  total 21248K, used 13494K [0x00000000fae00000, 0x00000000fc2c0000, 0x0000000100000000)
   the space 21248K,  63% used [0x00000000fae00000, 0x00000000fbb2daf8, 0x00000000fbb2dc00, 0x00000000fc2c0000)
No shared spaces configured.
40.696: Application time: 0.0001680 seconds
