Java HotSpot(TM) 64-Bit Server VM (24.80-b11) for linux-amd64 JRE (1.7.0_80-b15), built on Apr 10 2015 19:53:14 by "java_re" with gcc 4.3.0 20080428 (Red Hat 4.3.0-8)
Memory: 4k page, physical 8000092k(5608292k free), swap 8218620k(8218620k free)
CommandLine flags: -XX:InitialHeapSize=27476992 -XX:MaxHeapSize=27476992 -XX:+PrintGC -XX:+PrintGCApplicationConcurrentTime -XX:+PrintGCApplicationStoppedTime -XX:+PrintGCDetails -XX:+PrintGCTimeStamps -XX:-UseAdaptiveSizePolicy -XX:+UseCompressedOops -XX:+UseParNewGC 
4.031: Application time: 4.0054690 seconds
4.031: Total time for which application threads were stopped: 0.0000840 seconds, Stopping threads took: 0.0000110 seconds
14.712: Application time: 10.6813500 seconds
14.712: Total time for which application threads were stopped: 0.0000340 seconds, Stopping threads took: 0.0000190 seconds
14.712: Application time: 0.0000630 seconds
14.712: Total time for which application threads were stopped: 0.0000330 seconds, Stopping threads took: 0.0000170 seconds
14.714: Application time: 0.0014930 seconds
14.714: Total time for which application threads were stopped: 0.0000240 seconds, Stopping threads took: 0.0000180 seconds
14.721: Application time: 0.0073280 seconds
14.721: [GC14.721: [ParNew: 7168K->896K(8064K), 0.0020810 secs] 7168K->2823K(25984K), 0.0021210 secs] [Times: user=0.02 sys=0.00, real=0.00 secs] 
14.723: Total time for which application threads were stopped: 0.0021780 seconds, Stopping threads took: 0.0000090 seconds
14.724: Application time: 0.0001010 seconds
14.724: Total time for which application threads were stopped: 0.0000640 seconds, Stopping threads took: 0.0000490 seconds
14.724: Application time: 0.0000770 seconds
14.724: Total time for which application threads were stopped: 0.0000200 seconds, Stopping threads took: 0.0000100 seconds
14.724: Application time: 0.0000400 seconds
14.724: Total time for which application threads were stopped: 0.0000260 seconds, Stopping threads took: 0.0000180 seconds
14.724: Application time: 0.0000310 seconds
14.724: Total time for which application threads were stopped: 0.0000230 seconds, Stopping threads took: 0.0000170 seconds
14.724: Application time: 0.0001460 seconds
14.724: Total time for which application threads were stopped: 0.0000120 seconds, Stopping threads took: 0.0000060 seconds
14.724: Application time: 0.0000330 seconds
14.724: Total time for which application threads were stopped: 0.0000170 seconds, Stopping threads took: 0.0000120 seconds
14.724: Application time: 0.0000320 seconds
14.724: Total time for which application threads were stopped: 0.0000210 seconds, Stopping threads took: 0.0000150 seconds
14.724: Application time: 0.0000140 seconds
14.724: Total time for which application threads were stopped: 0.0000220 seconds, Stopping threads took: 0.0000170 seconds
14.724: Application time: 0.0000130 seconds
14.724: Total time for which application threads were stopped: 0.0000110 seconds, Stopping threads took: 0.0000060 seconds
14.724: Application time: 0.0000120 seconds
14.724: Total time for which application threads were stopped: 0.0000110 seconds, Stopping threads took: 0.0000060 seconds
14.724: Application time: 0.0001040 seconds
14.724: Total time for which application threads were stopped: 0.0000140 seconds, Stopping threads took: 0.0000090 seconds
14.724: Application time: 0.0000100 seconds
14.724: Total time for which application threads were stopped: 0.0000100 seconds, Stopping threads took: 0.0000060 seconds
14.724: Application time: 0.0000100 seconds
14.724: Total time for which application threads were stopped: 0.0000100 seconds, Stopping threads took: 0.0000060 seconds
14.724: Application time: 0.0000090 seconds
14.724: Total time for which application threads were stopped: 0.0000210 seconds, Stopping threads took: 0.0000160 seconds
14.724: Application time: 0.0000100 seconds
14.724: Total time for which application threads were stopped: 0.0000200 seconds, Stopping threads took: 0.0000140 seconds
14.724: Application time: 0.0000090 seconds
14.724: Total time for which application threads were stopped: 0.0000140 seconds, Stopping threads took: 0.0000090 seconds
14.724: Application time: 0.0000090 seconds
14.724: Total time for which application threads were stopped: 0.0000170 seconds, Stopping threads took: 0.0000110 seconds
14.724: Application time: 0.0000100 seconds
14.724: Total time for which application threads were stopped: 0.0000100 seconds, Stopping threads took: 0.0000060 seconds
14.724: Application time: 0.0000100 seconds
14.724: Total time for which application threads were stopped: 0.0000170 seconds, Stopping threads took: 0.0000120 seconds
14.725: Application time: 0.0000100 seconds
14.725: Total time for which application threads were stopped: 0.0000420 seconds, Stopping threads took: 0.0000110 seconds
14.725: Application time: 0.0000140 seconds
14.725: Total time for which application threads were stopped: 0.0000120 seconds, Stopping threads took: 0.0000060 seconds
14.739: Application time: 0.0139730 seconds
14.739: Total time for which application threads were stopped: 0.0000340 seconds, Stopping threads took: 0.0000090 seconds
14.751: Application time: 0.0120150 seconds
14.751: [Full GC14.751: [Tenured: 1927K->3178K(17920K), 0.0061150 secs] 5065K->3178K(25984K), [Perm : 5076K->5076K(21248K)], 0.0061670 secs] [Times: user=0.00 sys=0.00, real=0.00 secs] 
14.757: Total time for which application threads were stopped: 0.0062180 seconds, Stopping threads took: 0.0000040 seconds
14.757: Application time: 0.0000420 seconds
14.757: [Full GC14.757: [Tenured: 3178K->3178K(17920K), 0.0048640 secs] 3178K->3178K(26048K), [Perm : 5076K->5076K(21248K)], 0.0048870 secs] [Times: user=0.01 sys=0.00, real=0.01 secs] 
14.762: Total time for which application threads were stopped: 0.0049340 seconds, Stopping threads took: 0.0000060 seconds
14.762: Application time: 0.0000410 seconds
14.762: Total time for which application threads were stopped: 0.0000180 seconds, Stopping threads took: 0.0000090 seconds
14.762: Application time: 0.0000270 seconds
14.762: Total time for which application threads were stopped: 0.0000190 seconds, Stopping threads took: 0.0000130 seconds
14.762: Application time: 0.0000270 seconds
14.762: Total time for which application threads were stopped: 0.0000140 seconds, Stopping threads took: 0.0000100 seconds
14.762: Application time: 0.0000250 seconds
14.762: Total time for which application threads were stopped: 0.0000150 seconds, Stopping threads took: 0.0000110 seconds
14.762: Application time: 0.0000250 seconds
14.762: Total time for which application threads were stopped: 0.0000140 seconds, Stopping threads took: 0.0000100 seconds
14.762: Application time: 0.0000250 seconds
14.762: Total time for which application threads were stopped: 0.0000140 seconds, Stopping threads took: 0.0000100 seconds
14.762: Application time: 0.0000250 seconds
14.762: Total time for which application threads were stopped: 0.0000260 seconds, Stopping threads took: 0.0000220 seconds
14.762: Application time: 0.0000100 seconds
14.762: Total time for which application threads were stopped: 0.0000140 seconds, Stopping threads took: 0.0000100 seconds
14.762: Application time: 0.0000090 seconds
14.762: Total time for which application threads were stopped: 0.0000070 seconds, Stopping threads took: 0.0000040 seconds
14.762: Application time: 0.0000090 seconds
14.762: Total time for which application threads were stopped: 0.0000140 seconds, Stopping threads took: 0.0000100 seconds
14.762: Application time: 0.0000090 seconds
14.762: Total time for which application threads were stopped: 0.0000150 seconds, Stopping threads took: 0.0000100 seconds
14.762: Application time: 0.0000090 seconds
14.762: Total time for which application threads were stopped: 0.0000130 seconds, Stopping threads took: 0.0000090 seconds
14.762: Application time: 0.0000100 seconds
14.762: Total time for which application threads were stopped: 0.0000130 seconds, Stopping threads took: 0.0000090 seconds
14.762: Application time: 0.0000090 seconds
14.762: Total time for which application threads were stopped: 0.0000130 seconds, Stopping threads took: 0.0000090 seconds
14.762: Application time: 0.0000090 seconds
14.762: Total time for which application threads were stopped: 0.0000130 seconds, Stopping threads took: 0.0000090 seconds
14.762: Application time: 0.0000080 seconds
14.762: Total time for which application threads were stopped: 0.0000120 seconds, Stopping threads took: 0.0000080 seconds
14.762: Application time: 0.0000080 seconds
14.762: Total time for which application threads were stopped: 0.0000140 seconds, Stopping threads took: 0.0000100 seconds
14.762: Application time: 0.0000090 seconds
14.762: Total time for which application threads were stopped: 0.0000130 seconds, Stopping threads took: 0.0000080 seconds
14.762: Application time: 0.0000090 seconds
14.762: Total time for which application threads were stopped: 0.0000130 seconds, Stopping threads took: 0.0000090 seconds
14.762: Application time: 0.0000080 seconds
14.762: Total time for which application threads were stopped: 0.0000150 seconds, Stopping threads took: 0.0000030 seconds
14.765: Application time: 0.0022960 seconds
14.765: Total time for which application threads were stopped: 0.0000330 seconds, Stopping threads took: 0.0000270 seconds
14.765: Application time: 0.0000750 seconds
14.765: Total time for which application threads were stopped: 0.0000640 seconds, Stopping threads took: 0.0000550 seconds
14.765: Application time: 0.0004700 seconds
14.765: Total time for which application threads were stopped: 0.0000280 seconds, Stopping threads took: 0.0000150 seconds
14.779: Application time: 0.0135640 seconds
14.782: [GC14.782: [ParNew: 7177K->896K(8128K), 0.0015710 secs] 10355K->9989K(26048K), 0.0016180 secs] [Times: user=0.01 sys=0.01, real=0.00 secs] 
14.783: Total time for which application threads were stopped: 0.0044540 seconds, Stopping threads took: 0.0027850 seconds
14.792: Application time: 0.0082070 seconds
14.792: Total time for which application threads were stopped: 0.0000650 seconds, Stopping threads took: 0.0000380 seconds
14.925: Application time: 0.1335370 seconds
14.973: [GC14.973: [ParNew: 8125K->896K(8128K), 0.0007440 secs] 17219K->11790K(26048K), 0.0007750 secs] [Times: user=0.01 sys=0.00, real=0.00 secs] 
14.974: Total time for which application threads were stopped: 0.0486550 seconds, Stopping threads took: 0.0478310 seconds
14.977: Application time: 0.0028910 seconds
14.977: [GC14.977: [ParNew: 8024K->845K(8128K), 0.0018950 secs] 18918K->18519K(26048K), 0.0019380 secs] [Times: user=0.00 sys=0.02, real=0.01 secs] 
14.979: Total time for which application threads were stopped: 0.0020700 seconds, Stopping threads took: 0.0000770 seconds
15.087: Application time: 0.1084140 seconds
15.089: [GC15.089: [ParNew: 7891K->7891K(8128K), 0.0000100 secs]15.089: [Tenured: 17673K->10901K(17920K), 0.0082340 secs] 25564K->10901K(26048K), [Perm : 5105K->5105K(21248K)], 0.0083070 secs] [Times: user=0.00 sys=0.00, real=0.00 secs] 
15.097: Total time for which application threads were stopped: 0.0097890 seconds, Stopping threads took: 0.0014210 seconds
15.194: Application time: 0.0969640 seconds
15.245: [GC15.245: [ParNew: 7296K->893K(8256K), 0.0006970 secs] 18198K->12966K(26428K), 0.0007320 secs] [Times: user=0.00 sys=0.00, real=0.01 secs] 
15.246: Total time for which application threads were stopped: 0.0520720 seconds, Stopping threads took: 0.0512810 seconds
15.251: Application time: 0.0048180 seconds
15.324: [GC15.324: [ParNew: 8187K->8187K(8256K), 0.0000110 secs]15.324: [Tenured: 12073K->4090K(18172K), 0.0073740 secs] 20261K->4090K(26428K), [Perm : 5105K->5103K(21248K)], 0.0074340 secs] [Times: user=0.00 sys=0.00, real=0.01 secs] 
15.331: Total time for which application threads were stopped: 0.0803980 seconds, Stopping threads took: 0.0728780 seconds
15.418: Application time: 0.0862200 seconds
15.421: [GC15.421: [ParNew: 7271K->406K(8256K), 0.0005050 secs] 11361K->4496K(26428K), 0.0005350 secs] [Times: user=0.00 sys=0.00, real=0.00 secs] 
15.422: Total time for which application threads were stopped: 0.0044030 seconds, Stopping threads took: 0.0037970 seconds
15.423: Application time: 0.0009660 seconds
15.464: [GC15.464: [ParNew: 7760K->895K(8256K), 0.0018960 secs] 11851K->9673K(26428K), 0.0019390 secs] [Times: user=0.01 sys=0.00, real=0.00 secs] 
15.466: Total time for which application threads were stopped: 0.0426770 seconds, Stopping threads took: 0.0406860 seconds
15.546: Application time: 0.0804680 seconds
15.616: [GC15.616: [ParNew: 8239K->8K(8256K), 0.0003180 secs] 17017K->8810K(26428K), 0.0003460 secs] [Times: user=0.00 sys=0.00, real=0.00 secs] 
15.616: Total time for which application threads were stopped: 0.0699230 seconds, Stopping threads took: 0.0695030 seconds
15.618: Application time: 0.0020700 seconds
15.687: [GC15.687: [ParNew: 7056K->797K(8256K), 0.0009930 secs] 15858K->11552K(26428K), 0.0010200 secs] [Times: user=0.00 sys=0.00, real=0.00 secs] 
15.688: Total time for which application threads were stopped: 0.0699820 seconds, Stopping threads took: 0.0688910 seconds
15.766: Application time: 0.0776010 seconds
15.769: [GC15.769: [ParNew: 8138K->893K(8256K), 0.0005850 secs] 18894K->12242K(26428K), 0.0006150 secs] [Times: user=0.00 sys=0.00, real=0.00 secs] 
15.769: Total time for which application threads were stopped: 0.0035710 seconds, Stopping threads took: 0.0028740 seconds
15.858: Application time: 0.0885850 seconds
15.862: [GC15.862: [ParNew: 8234K->209K(8256K), 0.0005090 secs] 19583K->11574K(26428K), 0.0005380 secs] [Times: user=0.00 sys=0.00, real=0.00 secs] 
15.863: Total time for which application threads were stopped: 0.0051330 seconds, Stopping threads took: 0.0045450 seconds
15.864: Application time: 0.0007220 seconds
15.864: [GC15.864: [ParNew: 7550K->895K(8256K), 0.0023200 secs] 18916K->18901K(26428K), 0.0023520 secs] [Times: user=0.02 sys=0.00, real=0.01 secs] 
15.866: Total time for which application threads were stopped: 0.0025770 seconds, Stopping threads took: 0.0001730 seconds
15.948: Application time: 0.0821820 seconds
16.023: [GC16.023: [ParNew: 8138K->8138K(8256K), 0.0000100 secs]16.023: [Tenured: 18006K->3113K(18172K), 0.0061100 secs] 26144K->3113K(26428K), [Perm : 5103K->5103K(21248K)], 0.0061640 secs] [Times: user=0.01 sys=0.00, real=0.01 secs] 
16.029: Total time for which application threads were stopped: 0.0809930 seconds, Stopping threads took: 0.0747680 seconds
16.031: Application time: 0.0014660 seconds
16.072: [GC16.072: [ParNew: 7341K->895K(8256K), 0.0022920 secs] 10455K->10161K(26428K), 0.0023300 secs] [Times: user=0.00 sys=0.01, real=0.00 secs] 
16.074: Total time for which application threads were stopped: 0.0430360 seconds, Stopping threads took: 0.0406290 seconds
16.156: Application time: 0.0818600 seconds
16.224: [GC16.224: [ParNew: 7943K->795K(8256K), 0.0008560 secs] 17209K->10484K(26428K), 0.0008890 secs] [Times: user=0.00 sys=0.01, real=0.00 secs] 
16.225: Total time for which application threads were stopped: 0.0693970 seconds, Stopping threads took: 0.0684300 seconds
16.226: Application time: 0.0011450 seconds
16.268: [GC16.268: [ParNew: 8136K->797K(8256K), 0.0020600 secs] 17825K->15011K(26428K), 0.0020980 secs] [Times: user=0.02 sys=0.00, real=0.00 secs] 
16.270: Total time for which application threads were stopped: 0.0441140 seconds, Stopping threads took: 0.0419410 seconds
16.359: Application time: 0.0887420 seconds
16.411: [GC16.411: [ParNew: 7826K->7826K(8256K), 0.0000100 secs]16.411: [Tenured: 14213K->3825K(18172K), 0.0067110 secs] 22039K->3825K(26428K), [Perm : 5103K->5103K(21248K)], 0.0067680 secs] [Times: user=0.01 sys=0.00, real=0.01 secs] 
16.418: Total time for which application threads were stopped: 0.0588170 seconds, Stopping threads took: 0.0519830 seconds
16.496: Application time: 0.0783190 seconds
16.500: [GC16.500: [ParNew: 7224K->44K(8256K), 0.0003320 secs] 11050K->3869K(26428K), 0.0003610 secs] [Times: user=0.00 sys=0.00, real=0.00 secs] 
16.501: Total time for which application threads were stopped: 0.0042990 seconds, Stopping threads took: 0.0038700 seconds
16.502: Application time: 0.0008890 seconds
16.542: [GC16.542: [ParNew: 7327K->895K(8256K), 0.0018140 secs] 11153K->9911K(26428K), 0.0018480 secs] [Times: user=0.01 sys=0.01, real=0.00 secs] 
16.544: Total time for which application threads were stopped: 0.0425610 seconds, Stopping threads took: 0.0406460 seconds
16.624: Application time: 0.0799180 seconds
16.664: [GC16.664: [ParNew: 8197K->853K(8256K), 0.0008720 secs] 17213K->11496K(26428K), 0.0009040 secs] [Times: user=0.00 sys=0.00, real=0.00 secs] 
16.665: Total time for which application threads were stopped: 0.0413580 seconds, Stopping threads took: 0.0403990 seconds
16.755: Application time: 0.0897140 seconds
16.767: [GC16.767: [ParNew: 8175K->825K(8256K), 0.0004760 secs] 18818K->11779K(26428K), 0.0005090 secs] [Times: user=0.00 sys=0.00, real=0.00 secs] 
16.767: Total time for which application threads were stopped: 0.0120620 seconds, Stopping threads took: 0.0114970 seconds
16.768: Application time: 0.0011430 seconds
16.824: [GC16.824: [ParNew: 8167K->895K(8256K), 0.0021220 secs] 19121K->17187K(26428K), 0.0021610 secs] [Times: user=0.01 sys=0.00, real=0.01 secs] 
16.827: Total time for which application threads were stopped: 0.0582200 seconds, Stopping threads took: 0.0559770 seconds
16.919: Application time: 0.0920120 seconds
16.981: [GC16.981: [ParNew: 8138K->8138K(8256K), 0.0000110 secs]16.981: [Tenured: 16292K->5198K(18172K), 0.0068470 secs] 24431K->5198K(26428K), [Perm : 5103K->5103K(21248K)], 0.0069400 secs] [Times: user=0.01 sys=0.00, real=0.01 secs] 
16.988: Total time for which application threads were stopped: 0.0691430 seconds, Stopping threads took: 0.0621080 seconds
17.065: Application time: 0.0774720 seconds
17.071: [GC17.071: [ParNew: 7146K->793K(8128K), 0.0007370 secs] 12344K->6382K(26052K), 0.0007690 secs] [Times: user=0.01 sys=0.00, real=0.00 secs] 
17.071: Total time for which application threads were stopped: 0.0062510 seconds, Stopping threads took: 0.0054040 seconds
17.073: Application time: 0.0011720 seconds
17.113: [GC17.113: [ParNew: 7939K->893K(8128K), 0.0020060 secs] 13528K->11787K(26052K), 0.0020400 secs] [Times: user=0.01 sys=0.00, real=0.00 secs] 
17.115: Total time for which application threads were stopped: 0.0425340 seconds, Stopping threads took: 0.0404170 seconds
17.195: Application time: 0.0802690 seconds
17.264: [GC17.264: [ParNew: 8039K->406K(8128K), 0.0005090 secs] 18933K->11309K(26052K), 0.0005390 secs] [Times: user=0.00 sys=0.00, real=0.00 secs] 
17.264: Total time for which application threads were stopped: 0.0688820 seconds, Stopping threads took: 0.0682640 seconds
17.265: Application time: 0.0010130 seconds
17.306: [GC17.306: [ParNew: 7552K->895K(8128K), 0.0021340 secs] 18455K->17364K(26052K), 0.0021670 secs] [Times: user=0.01 sys=0.00, real=0.00 secs] 
17.308: Total time for which application threads were stopped: 0.0427470 seconds, Stopping threads took: 0.0405260 seconds
17.397: Application time: 0.0888760 seconds
17.450: [GC17.450: [ParNew: 8040K->8040K(8128K), 0.0000100 secs]17.450: [Tenured: 16469K->4092K(17924K), 0.0064640 secs] 24510K->4092K(26052K), [Perm : 5103K->5103K(21248K)], 0.0065230 secs] [Times: user=0.00 sys=0.00, real=0.00 secs] 
17.456: Total time for which application threads were stopped: 0.0594030 seconds, Stopping threads took: 0.0527960 seconds
17.543: Application time: 0.0868930 seconds
17.549: [GC17.549: [ParNew: 7048K->209K(8128K), 0.0003140 secs] 11140K->4301K(26052K), 0.0003430 secs] [Times: user=0.00 sys=0.00, real=0.00 secs] 
17.550: Total time for which application threads were stopped: 0.0063300 seconds, Stopping threads took: 0.0059230 seconds
17.550: Application time: 0.0008330 seconds
17.591: [GC17.591: [ParNew: 7355K->797K(8128K), 0.0019080 secs] 11447K->10358K(26052K), 0.0019390 secs] [Times: user=0.01 sys=0.00, real=0.00 secs] 
17.593: Total time for which application threads were stopped: 0.0424980 seconds, Stopping threads took: 0.0404820 seconds
17.675: Application time: 0.0819020 seconds
17.741: [GC17.741: [ParNew: 7845K->406K(8128K), 0.0003860 secs] 17406K->9991K(26052K), 0.0004160 secs] [Times: user=0.00 sys=0.01, real=0.00 secs] 
17.741: Total time for which application threads were stopped: 0.0665420 seconds, Stopping threads took: 0.0660730 seconds
17.742: Application time: 0.0009180 seconds
17.782: [GC17.782: [ParNew: 7552K->797K(8128K), 0.0019230 secs] 17138K->16047K(26052K), 0.0019640 secs] [Times: user=0.01 sys=0.01, real=0.00 secs] 
17.784: Total time for which application threads were stopped: 0.0417090 seconds, Stopping threads took: 0.0396900 seconds
17.874: Application time: 0.0896920 seconds
17.944: [GC17.944: [ParNew: 7650K->7650K(8128K), 0.0000110 secs]17.944: [Tenured: 15249K->2724K(17924K), 0.0054640 secs] 22899K->2724K(26052K), [Perm : 5108K->5108K(21248K)], 0.0055220 secs] [Times: user=0.01 sys=0.00, real=0.01 secs] 
17.949: Total time for which application threads were stopped: 0.0756320 seconds, Stopping threads took: 0.0700470 seconds
17.950: Application time: 0.0011220 seconds
17.992: [GC17.992: [ParNew: 7146K->797K(8128K), 0.0021580 secs] 9871K->9186K(26052K), 0.0021960 secs] [Times: user=0.02 sys=0.00, real=0.00 secs] 
17.994: Total time for which application threads were stopped: 0.0440750 seconds, Stopping threads took: 0.0418210 seconds
18.075: Application time: 0.0804520 seconds
18.134: [GC18.134: [ParNew: 7650K->406K(8128K), 0.0004350 secs] 16039K->8828K(26052K), 0.0004650 secs] [Times: user=0.00 sys=0.00, real=0.00 secs] 
18.135: Total time for which application threads were stopped: 0.0598720 seconds, Stopping threads took: 0.0593200 seconds
18.136: Application time: 0.0010140 seconds
18.176: [GC18.176: [ParNew: 7631K->895K(8128K), 0.0022340 secs] 16052K->14911K(26052K), 0.0022750 secs] [Times: user=0.01 sys=0.00, real=0.01 secs] 
18.179: Total time for which application threads were stopped: 0.0427250 seconds, Stopping threads took: 0.0403890 seconds
18.259: Application time: 0.0808680 seconds
18.328: [GC18.328: [ParNew: 7826K->7826K(8128K), 0.0000110 secs]18.328: [Tenured: 14016K->2781K(17924K), 0.0064100 secs] 21842K->2781K(26052K), [Perm : 5108K->5108K(21248K)], 0.0064650 secs] [Times: user=0.01 sys=0.00, real=0.00 secs] 
18.334: Total time for which application threads were stopped: 0.0749020 seconds, Stopping threads took: 0.0683560 seconds
18.335: Application time: 0.0011600 seconds
18.395: [GC18.395: [ParNew: 7205K->895K(8128K), 0.0014900 secs] 9986K->7053K(26052K), 0.0015280 secs] [Times: user=0.00 sys=0.00, real=0.00 secs] 
18.397: Total time for which application threads were stopped: 0.0610590 seconds, Stopping threads took: 0.0594520 seconds
18.487: Application time: 0.0900800 seconds
18.539: [GC18.539: [ParNew: 7923K->432K(8128K), 0.0006330 secs] 14082K->6647K(26052K), 0.0006630 secs] [Times: user=0.00 sys=0.00, real=0.00 secs] 
18.539: Total time for which application threads were stopped: 0.0525440 seconds, Stopping threads took: 0.0518060 seconds
18.540: Application time: 0.0010280 seconds
18.581: [GC18.581: [ParNew: 7637K->895K(8128K), 0.0020660 secs] 13852K->12662K(26052K), 0.0021040 secs] [Times: user=0.02 sys=0.00, real=0.00 secs] 
18.583: Total time for which application threads were stopped: 0.0427390 seconds, Stopping threads took: 0.0405590 seconds
18.665: Application time: 0.0822530 seconds
18.733: [GC18.733: [ParNew: 8041K->8041K(8128K), 0.0000100 secs]18.733: [Tenured: 11767K->3512K(17924K), 0.0063800 secs] 19808K->3512K(26052K), [Perm : 5108K->5108K(21248K)], 0.0064330 secs] [Times: user=0.01 sys=0.00, real=0.01 secs] 
18.740: Total time for which application threads were stopped: 0.0744660 seconds, Stopping threads took: 0.0679380 seconds
18.741: Application time: 0.0012590 seconds
18.782: [GC18.782: [ParNew: 7222K->825K(8128K), 0.0014830 secs] 10734K->8048K(26052K), 0.0015200 secs] [Times: user=0.01 sys=0.00, real=0.00 secs] 
18.783: Total time for which application threads were stopped: 0.0423110 seconds, Stopping threads took: 0.0407290 seconds
18.863: Application time: 0.0792710 seconds
18.904: [GC18.904: [ParNew: 7873K->795K(8128K), 0.0006640 secs] 15097K->8098K(26052K), 0.0006950 secs] [Times: user=0.00 sys=0.00, real=0.00 secs] 
18.905: Total time for which application threads were stopped: 0.0422740 seconds, Stopping threads took: 0.0415030 seconds
18.906: Application time: 0.0010750 seconds
18.946: [GC18.946: [ParNew: 7941K->895K(8128K), 0.0021290 secs] 15244K->14171K(26052K), 0.0021680 secs] [Times: user=0.02 sys=0.00, real=0.01 secs] 
18.948: Total time for which application threads were stopped: 0.0419270 seconds, Stopping threads took: 0.0397070 seconds
19.031: Application time: 0.0834070 seconds
19.102: [GC19.102: [ParNew: 8040K->8040K(8128K), 0.0000120 secs]19.102: [Tenured: 13276K->3409K(17924K), 0.0061760 secs] 21317K->3409K(26052K), [Perm : 5108K->5108K(21248K)], 0.0062410 secs] [Times: user=0.01 sys=0.00, real=0.01 secs] 
19.109: Total time for which application threads were stopped: 0.0774050 seconds, Stopping threads took: 0.0710930 seconds
19.110: Application time: 0.0011930 seconds
19.168: [GC19.168: [ParNew: 7146K->895K(8128K), 0.0018260 secs] 10555K->8406K(26052K), 0.0018660 secs] [Times: user=0.01 sys=0.00, real=0.00 secs] 
19.170: Total time for which application threads were stopped: 0.0596910 seconds, Stopping threads took: 0.0577610 seconds
19.248: Application time: 0.0787050 seconds
19.290: [GC19.290: [ParNew: 7943K->795K(8128K), 0.0010090 secs] 15454K->9900K(26052K), 0.0010430 secs] [Times: user=0.01 sys=0.00, real=0.00 secs] 
19.291: Total time for which application threads were stopped: 0.0430970 seconds, Stopping threads took: 0.0419700 seconds
19.379: Application time: 0.0873660 seconds
19.385: [GC19.385: [ParNew: 7843K->791K(8128K), 0.0007010 secs] 16949K->9920K(26052K), 0.0007330 secs] [Times: user=0.00 sys=0.00, real=0.00 secs] 
19.385: Total time for which application threads were stopped: 0.0066870 seconds, Stopping threads took: 0.0058880 seconds
19.386: Application time: 0.0010060 seconds
19.427: [GC19.427: [ParNew: 7937K->893K(8128K), 0.0022350 secs] 17067K->15996K(26052K), 0.0022710 secs] [Times: user=0.01 sys=0.00, real=0.00 secs] 
19.429: Total time for which application threads were stopped: 0.0428950 seconds, Stopping threads took: 0.0405470 seconds
19.522: Application time: 0.0927050 seconds
19.596: [GC19.597: [ParNew: 8039K->8039K(8128K), 0.0000110 secs]19.597: [Tenured: 15102K->2334K(17924K), 0.0055630 secs] 23141K->2334K(26052K), [Perm : 5108K->5108K(21248K)], 0.0056170 secs] [Times: user=0.01 sys=0.00, real=0.01 secs] 
19.602: Total time for which application threads were stopped: 0.0801330 seconds, Stopping threads took: 0.0744320 seconds
19.603: Application time: 0.0011450 seconds
19.603: [GC19.603: [ParNew: 7146K->895K(8128K), 0.0022160 secs] 9481K->9480K(26052K), 0.0022520 secs] [Times: user=0.01 sys=0.00, real=0.00 secs] 
19.606: Total time for which application threads were stopped: 0.0023620 seconds, Stopping threads took: 0.0000500 seconds
19.687: Application time: 0.0809770 seconds
19.759: [GC19.759: [ParNew: 7943K->209K(8128K), 0.0005690 secs] 16528K->8818K(26052K), 0.0006030 secs] [Times: user=0.00 sys=0.00, real=0.00 secs] 
19.759: Total time for which application threads were stopped: 0.0726040 seconds, Stopping threads took: 0.0719230 seconds
19.760: Application time: 0.0009040 seconds
19.800: [GC19.801: [ParNew: 7355K->797K(8128K), 0.0018030 secs] 15964K->14875K(26052K), 0.0018400 secs] [Times: user=0.01 sys=0.00, real=0.00 secs] 
19.802: Total time for which application threads were stopped: 0.0422360 seconds, Stopping threads took: 0.0403160 seconds
19.886: Application time: 0.0840680 seconds
19.961: [GC19.961: [ParNew: 7923K->7923K(8128K), 0.0000100 secs]19.962: [Tenured: 14078K->2753K(17924K), 0.0062180 secs] 22002K->2753K(26052K), [Perm : 5108K->5108K(21248K)], 0.0062750 secs] [Times: user=0.01 sys=0.00, real=0.01 secs] 
19.968: Total time for which application threads were stopped: 0.0813340 seconds, Stopping threads took: 0.0749780 seconds
19.969: Application time: 0.0011910 seconds
20.028: [GC20.028: [ParNew: 7224K->825K(8128K), 0.0014010 secs] 9978K->7095K(26052K), 0.0014390 secs] [Times: user=0.01 sys=0.00, real=0.00 secs] 
20.030: Total time for which application threads were stopped: 0.0609340 seconds, Stopping threads took: 0.0594330 seconds
20.108: Application time: 0.0784570 seconds
20.151: [GC20.151: [ParNew: 7678K->406K(8128K), 0.0004930 secs] 13948K->6764K(26052K), 0.0005330 secs] [Times: user=0.00 sys=0.00, real=0.00 secs] 
20.152: Total time for which application threads were stopped: 0.0435670 seconds, Stopping threads took: 0.0429800 seconds
20.153: Application time: 0.0010190 seconds
20.193: [GC20.193: [ParNew: 7609K->895K(8128K), 0.0023680 secs] 13967K->12778K(26052K), 0.0024070 secs] [Times: user=0.02 sys=0.00, real=0.00 secs] 
20.195: Total time for which application threads were stopped: 0.0424550 seconds, Stopping threads took: 0.0399650 seconds
20.275: Application time: 0.0795620 seconds
20.344: [GC20.344: [ParNew: 7923K->7923K(8128K), 0.0000100 secs]20.344: [Tenured: 11882K->2869K(17924K), 0.0055100 secs] 19806K->2869K(26052K), [Perm : 5108K->5108K(21248K)], 0.0055700 secs] [Times: user=0.01 sys=0.00, real=0.01 secs] 
20.349: Total time for which application threads were stopped: 0.0741990 seconds, Stopping threads took: 0.0685480 seconds
20.350: Application time: 0.0013160 seconds
20.391: [GC20.391: [ParNew: 7048K->895K(8128K), 0.0019320 secs] 9917K->9233K(26052K), 0.0019670 secs] [Times: user=0.01 sys=0.00, real=0.00 secs] 
20.393: Total time for which application threads were stopped: 0.0425090 seconds, Stopping threads took: 0.0404600 seconds
20.473: Application time: 0.0802640 seconds
20.542: [GC20.542: [ParNew: 7923K->434K(8128K), 0.0004730 secs] 16262K->8805K(26052K), 0.0005040 secs] [Times: user=0.01 sys=0.00, real=0.00 secs] 
20.543: Total time for which application threads were stopped: 0.0696300 seconds, Stopping threads took: 0.0690600 seconds
20.544: Application time: 0.0009110 seconds
20.585: [GC20.585: [ParNew: 7581K->895K(8128K), 0.0020750 secs] 15951K->14860K(26052K), 0.0021100 secs] [Times: user=0.01 sys=0.00, real=0.01 secs] 
20.587: Total time for which application threads were stopped: 0.0428240 seconds, Stopping threads took: 0.0406590 seconds
20.668: Application time: 0.0813690 seconds
20.729: [GC20.729: [ParNew: 8021K->8021K(8128K), 0.0000100 secs]20.729: [Tenured: 13965K->2921K(17924K), 0.0063910 secs] 21986K->2921K(26052K), [Perm : 5108K->5108K(21248K)], 0.0064460 secs] [Times: user=0.01 sys=0.00, real=0.00 secs] 
20.735: Total time for which application threads were stopped: 0.0671180 seconds, Stopping threads took: 0.0605890 seconds
20.737: Application time: 0.0013790 seconds
20.778: [GC20.778: [ParNew: 7126K->895K(8128K), 0.0017370 secs] 10048K->8434K(26052K), 0.0017700 secs] [Times: user=0.01 sys=0.00, real=0.01 secs] 
20.779: Total time for which application threads were stopped: 0.0428360 seconds, Stopping threads took: 0.0409870 seconds
20.858: Application time: 0.0782240 seconds
20.899: [GC20.899: [ParNew: 8041K->795K(8128K), 0.0010530 secs] 15580K->10523K(26052K), 0.0010870 secs] [Times: user=0.01 sys=0.00, real=0.00 secs] 
20.900: Total time for which application threads were stopped: 0.0426240 seconds, Stopping threads took: 0.0414500 seconds
20.991: Application time: 0.0903440 seconds
21.043: [GC21.043: [ParNew: 7941K->398K(8128K), 0.0006080 secs] 17669K->10150K(26052K), 0.0006370 secs] [Times: user=0.00 sys=0.00, real=0.00 secs] 
21.043: Total time for which application threads were stopped: 0.0527890 seconds, Stopping threads took: 0.0520810 seconds
21.044: Application time: 0.0009180 seconds
21.085: [GC21.085: [ParNew: 7544K->895K(8128K), 0.0016690 secs] 17296K->15139K(26052K), 0.0017070 secs] [Times: user=0.02 sys=0.00, real=0.01 secs] 
21.087: Total time for which application threads were stopped: 0.0427170 seconds, Stopping threads took: 0.0409290 seconds
21.172: Application time: 0.0848450 seconds
21.215: [GC21.215: [ParNew: 7748K->7748K(8128K), 0.0000110 secs]21.215: [Tenured: 14244K->4416K(17924K), 0.0064140 secs] 21992K->4416K(26052K), [Perm : 5108K->5108K(21248K)], 0.0064710 secs] [Times: user=0.00 sys=0.00, real=0.01 secs] 
21.221: Total time for which application threads were stopped: 0.0491690 seconds, Stopping threads took: 0.0426150 seconds
21.308: Application time: 0.0867890 seconds
21.315: [GC21.315: [ParNew: 7146K->14K(8128K), 0.0004460 secs] 11562K->4430K(26052K), 0.0004750 secs] [Times: user=0.00 sys=0.00, real=0.00 secs] 
21.315: Total time for which application threads were stopped: 0.0073170 seconds, Stopping threads took: 0.0067820 seconds
21.316: Application time: 0.0008490 seconds
21.316: [GC21.316: [ParNew: 7160K->895K(8128K), 0.0102810 secs] 11576K->11562K(26052K), 0.0103110 secs] [Times: user=0.08 sys=0.00, real=0.02 secs] 
21.326: Total time for which application threads were stopped: 0.0105310 seconds, Stopping threads took: 0.0001660 seconds
21.408: Application time: 0.0811140 seconds
21.481: [GC21.481: [ParNew: 7943K->207K(8128K), 0.0003770 secs] 18610K->10898K(26052K), 0.0004100 secs] [Times: user=0.00 sys=0.00, real=0.00 secs] 
21.481: Total time for which application threads were stopped: 0.0737540 seconds, Stopping threads took: 0.0732800 seconds
21.482: Application time: 0.0008840 seconds
21.482: [GC21.482: [ParNew: 7353K->895K(8128K), 0.0020070 secs] 18044K->18031K(26052K), 0.0020370 secs] [Times: user=0.01 sys=0.00, real=0.00 secs] 
21.484: Total time for which application threads were stopped: 0.0022420 seconds, Stopping threads took: 0.0001540 seconds
21.566: Application time: 0.0817140 seconds
21.638: [GC21.638: [ParNew: 7943K->7943K(8128K), 0.0000100 secs]21.638: [Tenured: 17136K->3342K(17924K), 0.0061780 secs] 25079K->3342K(26052K), [Perm : 5108K->5108K(21248K)], 0.0062350 secs] [Times: user=0.01 sys=0.00, real=0.00 secs] 
21.644: Total time for which application threads were stopped: 0.0781990 seconds, Stopping threads took: 0.0718810 seconds
21.646: Application time: 0.0011920 seconds
21.687: [GC21.687: [ParNew: 7146K->797K(8128K), 0.0019960 secs] 10488K->9804K(26052K), 0.0020340 secs] [Times: user=0.01 sys=0.00, real=0.00 secs] 
21.689: Total time for which application threads were stopped: 0.0435400 seconds, Stopping threads took: 0.0414240 seconds
21.768: Application time: 0.0792920 seconds
21.837: [GC21.837: [ParNew: 7728K->434K(8128K), 0.0003540 secs] 16735K->9473K(26052K), 0.0003880 secs] [Times: user=0.00 sys=0.00, real=0.00 secs] 
21.837: Total time for which application threads were stopped: 0.0686410 seconds, Stopping threads took: 0.0681840 seconds
21.838: Application time: 0.0009790 seconds
21.878: [GC21.878: [ParNew: 7620K->895K(8128K), 0.0019320 secs] 16659K->15417K(26052K), 0.0019690 secs] [Times: user=0.01 sys=0.01, real=0.00 secs] 
21.880: Total time for which application threads were stopped: 0.0421810 seconds, Stopping threads took: 0.0401520 seconds
21.961: Application time: 0.0810500 seconds
22.028: [GC22.028: [ParNew: 8021K->8021K(8128K), 0.0000100 secs]22.028: [Tenured: 14522K->3484K(17924K), 0.0055920 secs] 22544K->3484K(26052K), [Perm : 5108K->5108K(21248K)], 0.0056480 secs] [Times: user=0.01 sys=0.00, real=0.00 secs] 
22.034: Total time for which application threads were stopped: 0.0725760 seconds, Stopping threads took: 0.0668590 seconds
22.035: Application time: 0.0010970 seconds
22.082: [GC22.082: [ParNew: 7146K->895K(8128K), 0.0020100 secs] 10630K->9946K(26052K), 0.0020490 secs] [Times: user=0.01 sys=0.00, real=0.00 secs] 
22.084: Total time for which application threads were stopped: 0.0488890 seconds, Stopping threads took: 0.0467570 seconds
22.165: Application time: 0.0814250 seconds
22.232: [GC22.232: [ParNew: 7943K->598K(8128K), 0.0006560 secs] 16994K->9681K(26052K), 0.0006870 secs] [Times: user=0.00 sys=0.00, real=0.00 secs] 
22.233: Total time for which application threads were stopped: 0.0677300 seconds, Stopping threads took: 0.0669780 seconds
22.234: Application time: 0.0010730 seconds
22.277: [GC22.277: [ParNew: 7744K->895K(8128K), 0.0017760 secs] 16827K->14682K(26052K), 0.0018120 secs] [Times: user=0.02 sys=0.00, real=0.01 secs] 
22.279: Total time for which application threads were stopped: 0.0445690 seconds, Stopping threads took: 0.0427010 seconds
22.361: Application time: 0.0825830 seconds
22.402: [GC22.402: [ParNew: 8021K->8021K(8128K), 0.0000090 secs]22.402: [Tenured: 13787K->4191K(17924K), 0.0057930 secs] 21808K->4191K(26052K), [Perm : 5109K->5109K(21248K)], 0.0058510 secs] [Times: user=0.00 sys=0.00, real=0.01 secs] 
22.408: Total time for which application threads were stopped: 0.0465150 seconds, Stopping threads took: 0.0405830 seconds
22.494: Application time: 0.0860440 seconds
22.500: [GC22.500: [ParNew: 7146K->406K(8128K), 0.0002950 secs] 11337K->4598K(26052K), 0.0003260 secs] [Times: user=0.00 sys=0.00, real=0.00 secs] 
22.500: Total time for which application threads were stopped: 0.0063460 seconds, Stopping threads took: 0.0059530 seconds
22.501: Application time: 0.0008630 seconds
22.551: [GC22.551: [ParNew: 7552K->895K(8128K), 0.0018120 secs] 11744K->9579K(26052K), 0.0018470 secs] [Times: user=0.01 sys=0.00, real=0.00 secs] 
22.553: Total time for which application threads were stopped: 0.0516290 seconds, Stopping threads took: 0.0496970 seconds
22.631: Application time: 0.0780650 seconds
22.673: [GC22.673: [ParNew: 8041K->795K(8128K), 0.0009160 secs] 16724K->10495K(26052K), 0.0009470 secs] [Times: user=0.00 sys=0.00, real=0.00 secs] 
22.674: Total time for which application threads were stopped: 0.0432720 seconds, Stopping threads took: 0.0422490 seconds
22.765: Application time: 0.0910960 seconds
22.776: [GC22.776: [ParNew: 8000K->267K(8128K), 0.0005270 secs] 17701K->9984K(26052K), 0.0005560 secs] [Times: user=0.00 sys=0.00, real=0.00 secs] 
22.777: Total time for which application threads were stopped: 0.0116420 seconds, Stopping threads took: 0.0110100 seconds
22.778: Application time: 0.0008580 seconds
22.830: [GC22.830: [ParNew: 7413K->851K(8128K), 0.0020990 secs] 17130K->16037K(26052K), 0.0021340 secs] [Times: user=0.01 sys=0.00, real=0.00 secs] 
22.832: Total time for which application threads were stopped: 0.0548360 seconds, Stopping threads took: 0.0526410 seconds
22.922: Application time: 0.0898040 seconds
22.991: [GC22.991: [ParNew: 7899K->7899K(8128K), 0.0000110 secs]22.991: [Tenured: 15185K->2980K(17924K), 0.0063020 secs] 23085K->2980K(26052K), [Perm : 5109K->5109K(21248K)], 0.0063570 secs] [Times: user=0.01 sys=0.00, real=0.01 secs] 
22.998: Total time for which application threads were stopped: 0.0755300 seconds, Stopping threads took: 0.0690910 seconds
22.999: Application time: 0.0011240 seconds
23.042: [GC23.042: [ParNew: 7146K->797K(8128K), 0.0019650 secs] 10126K->9442K(26052K), 0.0020060 secs] [Times: user=0.01 sys=0.00, real=0.00 secs] 
23.044: Total time for which application threads were stopped: 0.0446460 seconds, Stopping threads took: 0.0425590 seconds
23.124: Application time: 0.0803960 seconds
23.194: [GC23.194: [ParNew: 7650K->398K(8128K), 0.0006950 secs] 16295K->9075K(26052K), 0.0007260 secs] [Times: user=0.00 sys=0.00, real=0.00 secs] 
23.195: Total time for which application threads were stopped: 0.0709360 seconds, Stopping threads took: 0.0701250 seconds
23.196: Application time: 0.0009830 seconds
23.236: [GC23.236: [ParNew: 7544K->895K(8128K), 0.0021390 secs] 16221K->15138K(26052K), 0.0021720 secs] [Times: user=0.01 sys=0.00, real=0.01 secs] 
23.239: Total time for which application threads were stopped: 0.0427750 seconds, Stopping threads took: 0.0405260 seconds
23.329: Application time: 0.0905150 seconds
23.400: [GC23.400: [ParNew: 7943K->7943K(8128K), 0.0000100 secs]23.400: [Tenured: 14243K->3568K(17924K), 0.0054690 secs] 22186K->3568K(26052K), [Perm : 5109K->5109K(21248K)], 0.0055260 secs] [Times: user=0.01 sys=0.00, real=0.00 secs] 
23.405: Total time for which application threads were stopped: 0.0761060 seconds, Stopping threads took: 0.0705060 seconds
23.424: Application time: 0.0187920 seconds
23.484: [GC23.484: [ParNew: 7146K->211K(8128K), 0.0006320 secs] 10714K->3779K(26052K), 0.0006640 secs] [Times: user=0.01 sys=0.00, real=0.00 secs] 
23.485: Total time for which application threads were stopped: 0.0606110 seconds, Stopping threads took: 0.0598720 seconds
23.486: Application time: 0.0008730 seconds
23.526: [GC23.526: [ParNew: 7435K->895K(8128K), 0.0019090 secs] 11004K->9862K(26052K), 0.0019450 secs] [Times: user=0.02 sys=0.00, real=0.00 secs] 
23.528: Total time for which application threads were stopped: 0.0423860 seconds, Stopping threads took: 0.0403640 seconds
23.609: Application time: 0.0810580 seconds
23.676: [GC23.676: [ParNew: 8021K->434K(8128K), 0.0003490 secs] 16989K->9466K(26052K), 0.0003890 secs] [Times: user=0.01 sys=0.00, real=0.00 secs] 
23.677: Total time for which application threads were stopped: 0.0675340 seconds, Stopping threads took: 0.0670790 seconds
23.677: Application time: 0.0009130 seconds
23.723: [GC23.723: [ParNew: 7659K->895K(8128K), 0.0016190 secs] 16690K->14475K(26052K), 0.0016550 secs] [Times: user=0.01 sys=0.01, real=0.00 secs] 
23.725: Total time for which application threads were stopped: 0.0475700 seconds, Stopping threads took: 0.0458490 seconds
23.803: Application time: 0.0782380 seconds
23.847: [GC23.847: [ParNew: 7748K->7748K(8128K), 0.0000100 secs]23.847: [Tenured: 13580K->3459K(17924K), 0.0055170 secs] 21328K->3459K(26052K), [Perm : 5109K->5109K(21248K)], 0.0055740 secs] [Times: user=0.01 sys=0.00, real=0.00 secs] 
23.852: Total time for which application threads were stopped: 0.0490330 seconds, Stopping threads took: 0.0433990 seconds
23.853: Application time: 0.0010670 seconds
23.905: [GC23.905: [ParNew: 7204K->895K(8128K), 0.0019520 secs] 10664K->8805K(26052K), 0.0019880 secs] [Times: user=0.01 sys=0.00, real=0.01 secs] 
23.907: Total time for which application threads were stopped: 0.0532430 seconds, Stopping threads took: 0.0511760 seconds
23.985: Application time: 0.0786110 seconds
24.028: [GC24.028: [ParNew: 7845K->891K(8128K), 0.0007750 secs] 15755K->9443K(26052K), 0.0008090 secs] [Times: user=0.00 sys=0.00, real=0.00 secs] 
24.029: Total time for which application threads were stopped: 0.0438990 seconds, Stopping threads took: 0.0430130 seconds
24.107: Application time: 0.0778940 seconds
24.111: [GC24.111: [ParNew: 8037K->16K(8128K), 0.0002340 secs] 16589K->8584K(26052K), 0.0016070 secs] [Times: user=0.00 sys=0.00, real=0.00 secs] 
24.113: Total time for which application threads were stopped: 0.0056600 seconds, Stopping threads took: 0.0039740 seconds
24.114: Application time: 0.0008720 seconds
24.153: [GC24.153: [ParNew: 7240K->895K(8128K), 0.0034990 secs] 15808K->14667K(26052K), 0.0035310 secs] [Times: user=0.02 sys=0.00, real=0.00 secs] 
24.157: Total time for which application threads were stopped: 0.0430200 seconds, Stopping threads took: 0.0394050 seconds
24.238: Application time: 0.0810790 seconds
24.305: [GC24.305: [ParNew: 7943K->7943K(8128K), 0.0000100 secs]24.305: [Tenured: 13772K->1790K(17924K), 0.0058120 secs] 21715K->1790K(26052K), [Perm : 5109K->5109K(21248K)], 0.0058670 secs] [Times: user=0.01 sys=0.00, real=0.01 secs] 
24.311: Total time for which application threads were stopped: 0.0729780 seconds, Stopping threads took: 0.0670230 seconds
24.312: Application time: 0.0011460 seconds
24.355: [GC24.355: [ParNew: 7146K->797K(8128K), 0.0023160 secs] 8936K->8057K(26052K), 0.0023530 secs] [Times: user=0.01 sys=0.00, real=0.00 secs] 
24.358: Total time for which application threads were stopped: 0.0456930 seconds, Stopping threads took: 0.0432580 seconds
24.439: Application time: 0.0816870 seconds
24.507: [GC24.507: [ParNew: 7845K->402K(8128K), 0.0006320 secs] 15105K->7686K(26052K), 0.0006620 secs] [Times: user=0.00 sys=0.00, real=0.00 secs] 
24.508: Total time for which application threads were stopped: 0.0686050 seconds, Stopping threads took: 0.0678670 seconds
24.509: Application time: 0.0009110 seconds
24.509: [GC24.509: [ParNew: 7607K->853K(8128K), 0.0022940 secs] 14891K->14778K(26052K), 0.0023310 secs] [Times: user=0.02 sys=0.00, real=0.00 secs] 
24.511: Total time for which application threads were stopped: 0.0025200 seconds, Stopping threads took: 0.0001100 seconds
24.593: Application time: 0.0813220 seconds
24.660: [GC24.660: [ParNew: 7901K->7901K(8128K), 0.0000090 secs]24.660: [Tenured: 13924K->3412K(17924K), 0.0049950 secs] 21826K->3412K(26052K), [Perm : 5109K->5109K(21248K)], 0.0050540 secs] [Times: user=0.00 sys=0.00, real=0.00 secs] 
24.665: Total time for which application threads were stopped: 0.0721710 seconds, Stopping threads took: 0.0670550 seconds
24.750: Application time: 0.0856700 seconds
24.757: [GC24.757: [ParNew: 7048K->14K(8128K), 0.0002960 secs] 10460K->3426K(26052K), 0.0003310 secs] [Times: user=0.01 sys=0.00, real=0.00 secs] 
24.758: Total time for which application threads were stopped: 0.0071490 seconds, Stopping threads took: 0.0067690 seconds
24.758: Application time: 0.0008020 seconds
24.758: [GC24.758: [ParNew: 7160K->895K(8128K), 0.0021980 secs] 10572K->10557K(26052K), 0.0022330 secs] [Times: user=0.02 sys=0.00, real=0.00 secs] 
24.761: Total time for which application threads were stopped: 0.0023550 seconds, Stopping threads took: 0.0000670 seconds
24.843: Application time: 0.0820400 seconds
24.908: [GC24.908: [ParNew: 8040K->795K(8128K), 0.0005240 secs] 17703K->11059K(26052K), 0.0005560 secs] [Times: user=0.00 sys=0.00, real=0.00 secs] 
24.909: Total time for which application threads were stopped: 0.0660780 seconds, Stopping threads took: 0.0654370 seconds
24.910: Application time: 0.0010810 seconds
24.980: [GC24.980: [ParNew: 7941K->893K(8128K), 0.0015650 secs] 18205K->14518K(26052K), 0.0016000 secs] [Times: user=0.01 sys=0.00, real=0.00 secs] 
24.981: Total time for which application threads were stopped: 0.0714890 seconds, Stopping threads took: 0.0698090 seconds
25.067: Application time: 0.0858970 seconds
25.108: [GC25.108: [ParNew: 7843K->7843K(8128K), 0.0000110 secs]25.108: [Tenured: 13625K->3314K(17924K), 0.0055490 secs] 21468K->3314K(26052K), [Perm : 5109K->5109K(21248K)], 0.0056070 secs] [Times: user=0.00 sys=0.00, real=0.00 secs] 
25.113: Total time for which application threads were stopped: 0.0458790 seconds, Stopping threads took: 0.0401890 seconds
25.115: Application time: 0.0016010 seconds
25.191: [GC25.191: [ParNew: 7205K->895K(8128K), 0.0010070 secs] 10519K->5437K(26052K), 0.0010410 secs] [Times: user=0.00 sys=0.00, real=0.00 secs] 
25.192: Total time for which application threads were stopped: 0.0769960 seconds, Stopping threads took: 0.0758860 seconds
25.277: Application time: 0.0848100 seconds
25.283: [GC25.283: [ParNew: 7845K->400K(8128K), 0.0005660 secs] 12388K->5007K(26052K), 0.0005960 secs] [Times: user=0.00 sys=0.00, real=0.00 secs] 
25.284: Total time for which application threads were stopped: 0.0071140 seconds, Stopping threads took: 0.0064440 seconds
25.285: Application time: 0.0008410 seconds
25.325: [GC25.325: [ParNew: 7449K->895K(8128K), 0.0019350 secs] 12055K->10970K(26052K), 0.0019680 secs] [Times: user=0.01 sys=0.00, real=0.01 secs] 
25.327: Total time for which application threads were stopped: 0.0425020 seconds, Stopping threads took: 0.0404540 seconds
25.409: Application time: 0.0816210 seconds
25.477: [GC25.477: [ParNew: 7845K->406K(8128K), 0.0004920 secs] 17921K->10498K(26052K), 0.0005230 secs] [Times: user=0.00 sys=0.00, real=0.00 secs] 
25.477: Total time for which application threads were stopped: 0.0687560 seconds, Stopping threads took: 0.0681440 seconds
25.478: Application time: 0.0009550 seconds
25.519: [GC25.519: [ParNew: 7552K->895K(8128K), 0.0020890 secs] 17644K->16553K(26052K), 0.0021260 secs] [Times: user=0.01 sys=0.00, real=0.00 secs] 
25.521: Total time for which application threads were stopped: 0.0426580 seconds, Stopping threads took: 0.0404540 seconds
25.612: Application time: 0.0908310 seconds
25.687: [GC25.687: [ParNew: 8021K->8021K(8128K), 0.0000090 secs]25.687: [Tenured: 15658K->2520K(17924K), 0.0048410 secs] 23679K->2520K(26052K), [Perm : 5109K->5109K(21248K)], 0.0048960 secs] [Times: user=0.01 sys=0.00, real=0.00 secs] 
25.692: Total time for which application threads were stopped: 0.0796320 seconds, Stopping threads took: 0.0746760 seconds
25.693: Application time: 0.0013420 seconds
25.734: [GC25.734: [ParNew: 7204K->895K(8128K), 0.0018610 secs] 9725K->8062K(26052K), 0.0018960 secs] [Times: user=0.01 sys=0.00, real=0.00 secs] 
25.736: Total time for which application threads were stopped: 0.0429140 seconds, Stopping threads took: 0.0409390 seconds
25.814: Application time: 0.0786540 seconds
25.856: [GC25.856: [ParNew: 8041K->893K(8128K), 0.0008530 secs] 15208K->9092K(26052K), 0.0008820 secs] [Times: user=0.00 sys=0.01, real=0.00 secs] 
25.857: Total time for which application threads were stopped: 0.0427130 seconds, Stopping threads took: 0.0417710 seconds
25.936: Application time: 0.0790880 seconds
25.939: [GC25.939: [ParNew: 8039K->404K(8128K), 0.0005810 secs] 16238K->8612K(26052K), 0.0006090 secs] [Times: user=0.00 sys=0.00, real=0.00 secs] 
25.940: Total time for which application threads were stopped: 0.0036810 seconds, Stopping threads took: 0.0029960 seconds
25.941: Application time: 0.0009870 seconds
25.982: [GC25.982: [ParNew: 7629K->895K(8128K), 0.0016900 secs] 15836K->13623K(26052K), 0.0017200 secs] [Times: user=0.01 sys=0.00, real=0.00 secs] 
25.983: Total time for which application threads were stopped: 0.0423260 seconds, Stopping threads took: 0.0405210 seconds
26.062: Application time: 0.0789400 seconds
26.104: [GC26.104: [ParNew: 7748K->7748K(8128K), 0.0000090 secs]26.104: [Tenured: 12728K->3060K(17924K), 0.0050010 secs] 20476K->3060K(26052K), [Perm : 5109K->5109K(21248K)], 0.0050550 secs] [Times: user=0.00 sys=0.00, real=0.01 secs] 
26.109: Total time for which application threads were stopped: 0.0469600 seconds, Stopping threads took: 0.0418220 seconds
26.188: Application time: 0.0787660 seconds
26.191: [GC26.191: [ParNew: 7224K->44K(8128K), 0.0005970 secs] 10285K->3104K(26052K), 0.0006280 secs] [Times: user=0.00 sys=0.00, real=0.00 secs] 
26.192: Total time for which application threads were stopped: 0.0039470 seconds, Stopping threads took: 0.0032450 seconds
26.193: Application time: 0.0008440 seconds
26.193: [GC26.193: [ParNew: 7190K->895K(8128K), 0.0023070 secs] 10251K->10234K(26052K), 0.0023390 secs] [Times: user=0.02 sys=0.00, real=0.00 secs] 
26.195: Total time for which application threads were stopped: 0.0026080 seconds, Stopping threads took: 0.0002160 seconds
26.277: Application time: 0.0817790 seconds
26.348: [GC26.348: [ParNew: 7943K->203K(8128K), 0.0004200 secs] 17282K->9598K(26052K), 0.0004490 secs] [Times: user=0.00 sys=0.00, real=0.00 secs] 
26.348: Total time for which application threads were stopped: 0.0711170 seconds, Stopping threads took: 0.0705930 seconds
26.349: Application time: 0.0008900 seconds
26.389: [GC26.389: [ParNew: 7349K->795K(8128K), 0.0020580 secs] 16744K->15659K(26052K), 0.0020930 secs] [Times: user=0.01 sys=0.00, real=0.00 secs] 
26.392: Total time for which application threads were stopped: 0.0424200 seconds, Stopping threads took: 0.0402730 seconds
26.480: Application time: 0.0879750 seconds
26.551: [GC26.551: [ParNew: 8019K->8019K(8128K), 0.0000110 secs]26.551: [Tenured: 14864K->3215K(17924K), 0.0056470 secs] 22883K->3215K(26052K), [Perm : 5109K->5109K(21248K)], 0.0057020 secs] [Times: user=0.01 sys=0.00, real=0.00 secs] 
26.556: Total time for which application threads were stopped: 0.0767380 seconds, Stopping threads took: 0.0709460 seconds
26.642: Application time: 0.0854870 seconds
26.647: [GC26.647: [ParNew: 7048K->16K(8128K), 0.0006360 secs] 10263K->3231K(26052K), 0.0006650 secs] [Times: user=0.00 sys=0.00, real=0.00 secs] 
26.648: Total time for which application threads were stopped: 0.0059200 seconds, Stopping threads took: 0.0051820 seconds
26.648: Application time: 0.0007610 seconds
26.649: [GC26.649: [ParNew: 7162K->895K(8128K), 0.0021370 secs] 10377K->10360K(26052K), 0.0021720 secs] [Times: user=0.01 sys=0.00, real=0.00 secs] 
26.651: Total time for which application threads were stopped: 0.0025100 seconds, Stopping threads took: 0.0002810 seconds
26.733: Application time: 0.0820800 seconds
26.800: [GC26.800: [ParNew: 8040K->797K(8128K), 0.0005380 secs] 17506K->10865K(26052K), 0.0005700 secs] [Times: user=0.00 sys=0.00, real=0.00 secs] 
26.800: Total time for which application threads were stopped: 0.0672110 seconds, Stopping threads took: 0.0665630 seconds
26.802: Application time: 0.0014580 seconds
26.878: [GC26.878: [ParNew: 8021K->825K(8128K), 0.0006440 secs] 18089K->11120K(26052K), 0.0006750 secs] [Times: user=0.00 sys=0.00, real=0.00 secs] 
26.879: Total time for which application threads were stopped: 0.0771950 seconds, Stopping threads took: 0.0764640 seconds
26.882: Application time: 0.0031020 seconds
26.957: [GC26.957: [ParNew: 7776K->404K(8128K), 0.0003630 secs] 18071K->10771K(26052K), 0.0003990 secs] [Times: user=0.00 sys=0.00, real=0.00 secs] 
26.957: Total time for which application threads were stopped: 0.0750550 seconds, Stopping threads took: 0.0746040 seconds
26.958: Application time: 0.0008250 seconds
26.998: [GC26.998: [ParNew: 7550K->895K(8128K), 0.0019200 secs] 17918K->16828K(26052K), 0.0019540 secs] [Times: user=0.01 sys=0.01, real=0.00 secs] 
27.000: Total time for which application threads were stopped: 0.0423340 seconds, Stopping threads took: 0.0403240 seconds
27.089: Application time: 0.0891400 seconds
27.163: [GC27.164: [ParNew: 7826K->7826K(8128K), 0.0000100 secs]27.164: [Tenured: 15933K->2101K(17924K), 0.0054420 secs] 23760K->2101K(26052K), [Perm : 5109K->5109K(21248K)], 0.0054990 secs] [Times: user=0.01 sys=0.00, real=0.01 secs] 
27.169: Total time for which application threads were stopped: 0.0796320 seconds, Stopping threads took: 0.0740410 seconds
27.170: Application time: 0.0010590 seconds
27.212: [GC27.212: [ParNew: 7048K->895K(8128K), 0.0021520 secs] 9150K->8465K(26052K), 0.0021890 secs] [Times: user=0.01 sys=0.00, real=0.00 secs] 
27.214: Total time for which application threads were stopped: 0.0443770 seconds, Stopping threads took: 0.0421090 seconds
27.296: Application time: 0.0812420 seconds
27.364: [GC27.364: [ParNew: 8119K->630K(8128K), 0.0003540 secs] 15689K->8232K(26052K), 0.0003830 secs] [Times: user=0.00 sys=0.00, real=0.00 secs] 
27.365: Total time for which application threads were stopped: 0.0688260 seconds, Stopping threads took: 0.0683700 seconds
27.366: Application time: 0.0010910 seconds
27.423: [GC27.423: [ParNew: 7854K->895K(8128K), 0.0019340 secs] 15457K->13273K(26052K), 0.0019710 secs] [Times: user=0.01 sys=0.00, real=0.00 secs] 
27.425: Total time for which application threads were stopped: 0.0597490 seconds, Stopping threads took: 0.0577210 seconds
27.517: Application time: 0.0918650 seconds
27.571: [GC27.571: [ParNew: 7943K->7943K(8128K), 0.0000100 secs]27.571: [Tenured: 12378K->2550K(17924K), 0.0053960 secs] 20321K->2550K(26052K), [Perm : 5109K->5109K(21248K)], 0.0054510 secs] [Times: user=0.01 sys=0.00, real=0.00 secs] 
27.576: Total time for which application threads were stopped: 0.0587500 seconds, Stopping threads took: 0.0532140 seconds
27.577: Application time: 0.0011700 seconds
27.630: [GC27.630: [ParNew: 7224K->825K(8128K), 0.0018210 secs] 9775K->7282K(26052K), 0.0018600 secs] [Times: user=0.01 sys=0.00, real=0.00 secs] 
27.632: Total time for which application threads were stopped: 0.0543520 seconds, Stopping threads took: 0.0524330 seconds
27.710: Application time: 0.0785180 seconds
27.752: [GC27.752: [ParNew: 7776K->797K(8128K), 0.0008500 secs] 14233K->8506K(26052K), 0.0008820 secs] [Times: user=0.01 sys=0.00, real=0.00 secs] 
27.752: Total time for which application threads were stopped: 0.0424160 seconds, Stopping threads took: 0.0414480 seconds
27.840: Application time: 0.0872190 seconds
27.856: [GC27.856: [ParNew: 7923K->432K(8128K), 0.0007270 secs] 15632K->8173K(26052K), 0.0007570 secs] [Times: user=0.01 sys=0.00, real=0.00 secs] 
27.856: Total time for which application threads were stopped: 0.0167430 seconds, Stopping threads took: 0.0159320 seconds
27.857: Application time: 0.0008990 seconds
27.898: [GC27.898: [ParNew: 7657K->851K(8128K), 0.0018730 secs] 15398K->13182K(26052K), 0.0019070 secs] [Times: user=0.01 sys=0.00, real=0.00 secs] 
27.900: Total time for which application threads were stopped: 0.0428050 seconds, Stopping threads took: 0.0408200 seconds
27.979: Application time: 0.0785780 seconds
28.020: [GC28.020: [ParNew: 7997K->7997K(8128K), 0.0000100 secs]28.020: [Tenured: 12331K->4428K(17924K), 0.0052190 secs] 20328K->4428K(26052K), [Perm : 5109K->5109K(21248K)], 0.0052750 secs] [Times: user=0.01 sys=0.00, real=0.01 secs] 
28.026: Total time for which application threads were stopped: 0.0470380 seconds, Stopping threads took: 0.0416790 seconds
28.103: Application time: 0.0777360 seconds
28.106: [GC28.107: [ParNew: 7224K->825K(8128K), 0.0006940 secs] 11653K->5840K(26052K), 0.0007330 secs] [Times: user=0.00 sys=0.00, real=0.00 secs] 
28.107: Total time for which application threads were stopped: 0.0037510 seconds, Stopping threads took: 0.0029400 seconds
28.108: Application time: 0.0009930 seconds
28.158: [GC28.158: [ParNew: 7971K->895K(8128K), 0.0019790 secs] 12986K->11434K(26052K), 0.0020200 secs] [Times: user=0.02 sys=0.00, real=0.00 secs] 
28.160: Total time for which application threads were stopped: 0.0520550 seconds, Stopping threads took: 0.0499480 seconds
28.242: Application time: 0.0818830 seconds
28.309: [GC28.309: [ParNew: 7845K->406K(8128K), 0.0004790 secs] 18385K->10962K(26052K), 0.0005100 secs] [Times: user=0.00 sys=0.00, real=0.00 secs] 
28.309: Total time for which application threads were stopped: 0.0672010 seconds, Stopping threads took: 0.0666180 seconds
28.310: Application time: 0.0008610 seconds
28.311: [GC28.311: [ParNew: 7455K->895K(8128K), 0.0024780 secs] 18011K->17994K(26052K), 0.0025130 secs] [Times: user=0.01 sys=0.00, real=0.00 secs] 
28.313: Total time for which application threads were stopped: 0.0028980 seconds, Stopping threads took: 0.0003080 seconds
28.395: Application time: 0.0815320 seconds
28.463: [GC28.463: [ParNew: 7943K->7943K(8128K), 0.0000100 secs]28.463: [Tenured: 17099K->3187K(17924K), 0.0056730 secs] 25042K->3187K(26052K), [Perm : 5109K->5109K(21248K)], 0.0057280 secs] [Times: user=0.01 sys=0.00, real=0.01 secs] 
28.469: Total time for which application threads were stopped: 0.0738460 seconds, Stopping threads took: 0.0680360 seconds
28.556: Application time: 0.0874200 seconds
28.566: [GC28.566: [ParNew: 7048K->14K(8128K), 0.0004940 secs] 10235K->3201K(26052K), 0.0005220 secs] [Times: user=0.00 sys=0.00, real=0.00 secs] 
28.566: Total time for which application threads were stopped: 0.0104860 seconds, Stopping threads took: 0.0099030 seconds
28.567: Application time: 0.0007860 seconds
28.567: [GC28.567: [ParNew: 7160K->895K(8128K), 0.0022370 secs] 10347K->10332K(26052K), 0.0022720 secs] [Times: user=0.02 sys=0.00, real=0.00 secs] 
28.570: Total time for which application threads were stopped: 0.0024990 seconds, Stopping threads took: 0.0001630 seconds
28.651: Application time: 0.0816820 seconds
28.719: [GC28.719: [ParNew: 8021K->727K(8128K), 0.0006310 secs] 17459K->10767K(26052K), 0.0006640 secs] [Times: user=0.00 sys=0.00, real=0.00 secs] 
28.720: Total time for which application threads were stopped: 0.0684770 seconds, Stopping threads took: 0.0677450 seconds
28.721: Application time: 0.0015140 seconds
28.798: [GC28.798: [ParNew: 7854K->821K(8128K), 0.0004410 secs] 17894K->10941K(26052K), 0.0004720 secs] [Times: user=0.00 sys=0.00, real=0.00 secs] 
28.798: Total time for which application threads were stopped: 0.0770420 seconds, Stopping threads took: 0.0765060 seconds
28.799: Application time: 0.0009390 seconds
28.840: [GC28.840: [ParNew: 7967K->797K(8128K), 0.0023540 secs] 18087K->17044K(26052K), 0.0023930 secs] [Times: user=0.02 sys=0.00, real=0.00 secs] 
28.842: Total time for which application threads were stopped: 0.0429180 seconds, Stopping threads took: 0.0404630 seconds
28.929: Application time: 0.0868360 seconds
29.000: [GC29.000: [ParNew: 7943K->7943K(8128K), 0.0000100 secs]29.000: [Tenured: 16246K->1681K(17924K), 0.0046090 secs] 24190K->1681K(26052K), [Perm : 5109K->5109K(21248K)], 0.0046660 secs] [Times: user=0.01 sys=0.00, real=0.00 secs] 
29.004: Total time for which application threads were stopped: 0.0750900 seconds, Stopping threads took: 0.0703410 seconds
29.005: Application time: 0.0011030 seconds
29.046: [GC29.046: [ParNew: 7146K->895K(8128K), 0.0018090 secs] 8828K->7753K(26052K), 0.0018480 secs] [Times: user=0.01 sys=0.00, real=0.00 secs] 
29.048: Total time for which application threads were stopped: 0.0424150 seconds, Stopping threads took: 0.0405080 seconds
29.128: Application time: 0.0805830 seconds
29.196: [GC29.196: [ParNew: 7943K->209K(8128K), 0.0003770 secs] 14801K->7091K(26052K), 0.0015250 secs] [Times: user=0.01 sys=0.00, real=0.00 secs] 
29.197: Total time for which application threads were stopped: 0.0690920 seconds, Stopping threads took: 0.0674830 seconds
29.198: Application time: 0.0010030 seconds
29.199: [GC29.199: [ParNew: 7355K->895K(8128K), 0.0022550 secs] 14237K->14222K(26052K), 0.0022850 secs] [Times: user=0.02 sys=0.00, real=0.00 secs] 
29.201: Total time for which application threads were stopped: 0.0025010 seconds, Stopping threads took: 0.0001400 seconds
29.281: Application time: 0.0804620 seconds
29.343: [GC29.343: [ParNew: 7806K->7806K(8128K), 0.0000100 secs]29.343: [Tenured: 13327K->2910K(17924K), 0.0055490 secs] 21134K->2910K(26052K), [Perm : 5109K->5109K(21248K)], 0.0056010 secs] [Times: user=0.01 sys=0.00, real=0.01 secs] 
29.349: Total time for which application threads were stopped: 0.0675990 seconds, Stopping threads took: 0.0619260 seconds
29.350: Application time: 0.0011630 seconds
29.426: [GC29.426: [ParNew: 7146K->895K(8128K), 0.0015370 secs] 10056K->6931K(26052K), 0.0015740 secs] [Times: user=0.01 sys=0.00, real=0.01 secs] 
29.427: Total time for which application threads were stopped: 0.0770020 seconds, Stopping threads took: 0.0753690 seconds
29.505: Application time: 0.0776830 seconds
29.510: [GC29.510: [ParNew: 8002K->853K(8128K), 0.0009760 secs] 14038K->8467K(26052K), 0.0010090 secs] [Times: user=0.01 sys=0.00, real=0.00 secs] 
29.511: Total time for which application threads were stopped: 0.0061470 seconds, Stopping threads took: 0.0050610 seconds
29.594: Application time: 0.0828120 seconds
29.608: [GC29.608: [ParNew: 8058K->853K(8128K), 0.0004660 secs] 15672K->8564K(26052K), 0.0004940 secs] [Times: user=0.00 sys=0.00, real=0.00 secs] 
29.608: Total time for which application threads were stopped: 0.0145850 seconds, Stopping threads took: 0.0140370 seconds
29.609: Application time: 0.0009750 seconds
29.661: [GC29.661: [ParNew: 7999K->893K(8128K), 0.0018550 secs] 15710K->13582K(26052K), 0.0018920 secs] [Times: user=0.01 sys=0.00, real=0.00 secs] 
29.663: Total time for which application threads were stopped: 0.0536090 seconds, Stopping threads took: 0.0516350 seconds
29.755: Application time: 0.0917540 seconds
29.826: [GC29.826: [ParNew: 8039K->8039K(8128K), 0.0000100 secs]29.826: [Tenured: 12689K->1597K(17924K), 0.0052720 secs] 20728K->1597K(26052K), [Perm : 5109K->5109K(21248K)], 0.0053250 secs] [Times: user=0.01 sys=0.00, real=0.00 secs] 
29.831: Total time for which application threads were stopped: 0.0766380 seconds, Stopping threads took: 0.0712310 seconds
29.832: Application time: 0.0010740 seconds
29.833: [GC29.833: [ParNew: 7146K->895K(8128K), 0.0024850 secs] 8743K->8742K(26052K), 0.0025230 secs] [Times: user=0.01 sys=0.00, real=0.00 secs] 
29.835: Total time for which application threads were stopped: 0.0028080 seconds, Stopping threads took: 0.0002060 seconds
29.917: Application time: 0.0815970 seconds
29.988: [GC29.988: [ParNew: 7943K->209K(8128K), 0.0004500 secs] 15790K->8080K(26052K), 0.0004810 secs] [Times: user=0.00 sys=0.00, real=0.00 secs] 
29.988: Total time for which application threads were stopped: 0.0713900 seconds, Stopping threads took: 0.0708280 seconds
29.989: Application time: 0.0007740 seconds
29.989: [GC29.989: [ParNew: 7355K->895K(8128K), 0.0020630 secs] 15227K->15212K(26052K), 0.0020990 secs] [Times: user=0.02 sys=0.00, real=0.00 secs] 
29.992: Total time for which application threads were stopped: 0.0024630 seconds, Stopping threads took: 0.0003010 seconds
30.074: Application time: 0.0826540 seconds
30.136: [GC30.136: [ParNew: 8040K->8040K(8128K), 0.0000110 secs]30.136: [Tenured: 14317K->3159K(17924K), 0.0048950 secs] 22358K->3159K(26052K), [Perm : 5109K->5109K(21248K)], 0.0049510 secs] [Times: user=0.00 sys=0.00, real=0.01 secs] 
30.141: Total time for which application threads were stopped: 0.0669610 seconds, Stopping threads took: 0.0619500 seconds
30.227: Application time: 0.0854780 seconds
30.234: [GC30.234: [ParNew: 7126K->44K(8128K), 0.0002560 secs] 10286K->3203K(26052K), 0.0002860 secs] [Times: user=0.00 sys=0.01, real=0.00 secs] 
30.234: Total time for which application threads were stopped: 0.0073080 seconds, Stopping threads took: 0.0069680 seconds
30.235: Application time: 0.0008040 seconds
30.235: [GC30.235: [ParNew: 7190K->895K(8128K), 0.0021140 secs] 10349K->10333K(26052K), 0.0021560 secs] [Times: user=0.01 sys=0.00, real=0.00 secs] 
30.237: Total time for which application threads were stopped: 0.0022670 seconds, Stopping threads took: 0.0000570 seconds
30.319: Application time: 0.0820180 seconds
30.394: [GC30.394: [ParNew: 7943K->209K(8128K), 0.0003690 secs] 17381K->9695K(26052K), 0.0003990 secs] [Times: user=0.00 sys=0.00, real=0.00 secs] 
30.394: Total time for which application threads were stopped: 0.0750970 seconds, Stopping threads took: 0.0746420 seconds
30.395: Application time: 0.0008970 seconds
30.395: [GC30.395: [ParNew: 7355K->895K(8128K), 0.0022830 secs] 16841K->16826K(26052K), 0.0023170 secs] [Times: user=0.02 sys=0.00, real=0.00 secs] 
30.397: Total time for which application threads were stopped: 0.0024690 seconds, Stopping threads took: 0.0000760 seconds
30.491: Application time: 0.0939840 seconds
30.561: [GC30.561: [ParNew: 7943K->7943K(8128K), 0.0000100 secs]30.561: [Tenured: 15931K->2016K(17924K), 0.0060760 secs] 23875K->2016K(26052K), [Perm : 5110K->5110K(21248K)], 0.0061280 secs] [Times: user=0.00 sys=0.00, real=0.01 secs] 
30.567: Total time for which application threads were stopped: 0.0752950 seconds, Stopping threads took: 0.0690780 seconds
30.568: Application time: 0.0012640 seconds
30.609: [GC30.609: [ParNew: 7146K->895K(8128K), 0.0017890 secs] 9162K->7403K(26052K), 0.0018200 secs] [Times: user=0.01 sys=0.00, real=0.00 secs] 
30.610: Total time for which application threads were stopped: 0.0423910 seconds, Stopping threads took: 0.0404940 seconds
30.689: Application time: 0.0789700 seconds
30.731: [GC30.731: [ParNew: 8041K->797K(8128K), 0.0008250 secs] 14549K->8322K(26052K), 0.0008580 secs] [Times: user=0.00 sys=0.00, real=0.00 secs] 
30.732: Total time for which application threads were stopped: 0.0427930 seconds, Stopping threads took: 0.0418780 seconds
30.817: Application time: 0.0843970 seconds
30.824: [GC30.824: [ParNew: 7924K->239K(8128K), 0.0002690 secs] 15449K->7796K(26052K), 0.0002980 secs] [Times: user=0.00 sys=0.00, real=0.00 secs] 
30.824: Total time for which application threads were stopped: 0.0072970 seconds, Stopping threads took: 0.0069470 seconds
30.825: Application time: 0.0008190 seconds
30.874: [GC30.874: [ParNew: 7463K->895K(8128K), 0.0019270 secs] 15021K->13880K(26052K), 0.0019650 secs] [Times: user=0.01 sys=0.01, real=0.00 secs] 
30.876: Total time for which application threads were stopped: 0.0516260 seconds, Stopping threads took: 0.0496040 seconds
30.970: Application time: 0.0938030 seconds
31.041: [GC31.041: [ParNew: 8021K->8021K(8128K), 0.0000110 secs]31.041: [Tenured: 12984K->2101K(17924K), 0.0054510 secs] 21006K->2101K(26052K), [Perm : 5110K->5110K(21248K)], 0.0055070 secs] [Times: user=0.00 sys=0.00, real=0.01 secs] 
31.047: Total time for which application threads were stopped: 0.0765580 seconds, Stopping threads took: 0.0709690 seconds
31.048: Application time: 0.0010790 seconds
31.096: [GC31.096: [ParNew: 7126K->895K(8128K), 0.0020600 secs] 9228K->8493K(26052K), 0.0020980 secs] [Times: user=0.02 sys=0.00, real=0.01 secs] 
31.098: Total time for which application threads were stopped: 0.0505490 seconds, Stopping threads took: 0.0483860 seconds
31.179: Application time: 0.0805550 seconds
31.247: [GC31.247: [ParNew: 7845K->400K(8128K), 0.0005930 secs] 15444K->8063K(26052K), 0.0006230 secs] [Times: user=0.00 sys=0.00, real=0.00 secs] 
31.248: Total time for which application threads were stopped: 0.0688830 seconds, Stopping threads took: 0.0681820 seconds
31.249: Application time: 0.0010070 seconds
31.290: [GC31.290: [ParNew: 7410K->895K(8128K), 0.0019940 secs] 15073K->13887K(26052K), 0.0020300 secs] [Times: user=0.01 sys=0.00, real=0.00 secs] 
31.292: Total time for which application threads were stopped: 0.0428810 seconds, Stopping threads took: 0.0407750 seconds
31.372: Application time: 0.0801940 seconds
31.440: [GC31.440: [ParNew: 8040K->8040K(8128K), 0.0000180 secs]31.440: [Tenured: 12992K->1988K(17924K), 0.0053410 secs] 21033K->1988K(26052K), [Perm : 5110K->5110K(21248K)], 0.0054050 secs] [Times: user=0.00 sys=0.00, real=0.00 secs] 
31.445: Total time for which application threads were stopped: 0.0735210 seconds, Stopping threads took: 0.0680530 seconds
31.447: Application time: 0.0012330 seconds
31.494: [GC31.494: [ParNew: 7224K->895K(8128K), 0.0018530 secs] 9212K->7403K(26052K), 0.0018900 secs] [Times: user=0.01 sys=0.00, real=0.00 secs] 
31.496: Total time for which application threads were stopped: 0.0492810 seconds, Stopping threads took: 0.0473120 seconds
31.575: Application time: 0.0787240 seconds
31.616: [GC31.616: [ParNew: 7748K->891K(8128K), 0.0006290 secs] 14256K->8033K(26052K), 0.0006630 secs] [Times: user=0.01 sys=0.00, real=0.00 secs] 
31.616: Total time for which application threads were stopped: 0.0415880 seconds, Stopping threads took: 0.0408620 seconds
31.695: Application time: 0.0787360 seconds
31.698: [GC31.698: [ParNew: 8037K->14K(8128K), 0.0004790 secs] 15180K->7172K(26052K), 0.0005060 secs] [Times: user=0.00 sys=0.00, real=0.00 secs] 
31.699: Total time for which application threads were stopped: 0.0039980 seconds, Stopping threads took: 0.0034220 seconds
31.700: Application time: 0.0008360 seconds
31.750: [GC31.750: [ParNew: 7158K->895K(8128K), 0.0017060 secs] 14317K->13230K(26052K), 0.0017380 secs] [Times: user=0.01 sys=0.00, real=0.00 secs] 
31.751: Total time for which application threads were stopped: 0.0516250 seconds, Stopping threads took: 0.0498290 seconds
31.832: Application time: 0.0808620 seconds
31.900: [GC31.900: [ParNew: 8021K->8021K(8128K), 0.0000100 secs]31.900: [Tenured: 12334K->2242K(17924K), 0.0047540 secs] 20356K->2242K(26052K), [Perm : 5110K->5110K(21248K)], 0.0048070 secs] [Times: user=0.00 sys=0.00, real=0.00 secs] 
31.905: Total time for which application threads were stopped: 0.0726080 seconds, Stopping threads took: 0.0677300 seconds
31.906: Application time: 0.0010430 seconds
31.954: [GC31.954: [ParNew: 7146K->797K(8128K), 0.0022360 secs] 9388K->8509K(26052K), 0.0022760 secs] [Times: user=0.01 sys=0.00, real=0.00 secs] 
31.957: Total time for which application threads were stopped: 0.0505610 seconds, Stopping threads took: 0.0482060 seconds
32.038: Application time: 0.0816920 seconds
32.105: [GC32.105: [ParNew: 7845K->402K(8128K), 0.0004720 secs] 15557K->8138K(26052K), 0.0005020 secs] [Times: user=0.00 sys=0.00, real=0.00 secs] 
32.105: Total time for which application threads were stopped: 0.0671330 seconds, Stopping threads took: 0.0665550 seconds
32.106: Application time: 0.0009020 seconds
32.147: [GC32.147: [ParNew: 7548K->895K(8128K), 0.0020950 secs] 15284K->14197K(26052K), 0.0021290 secs] [Times: user=0.02 sys=0.00, real=0.00 secs] 
32.149: Total time for which application threads were stopped: 0.0426030 seconds, Stopping threads took: 0.0403880 seconds
32.244: Application time: 0.0952150 seconds
32.310: [GC32.310: [ParNew: 7943K->7943K(8128K), 0.0000100 secs]32.310: [Tenured: 13302K->2634K(17924K), 0.0054420 secs] 21245K->2634K(26052K), [Perm : 5110K->5110K(21248K)], 0.0054940 secs] [Times: user=0.01 sys=0.00, real=0.00 secs] 
32.316: Total time for which application threads were stopped: 0.0718070 seconds, Stopping threads took: 0.0662300 seconds
32.317: Application time: 0.0011600 seconds
32.369: [GC32.369: [ParNew: 7146K->797K(8128K), 0.0016160 secs] 9780K->7143K(26052K), 0.0016540 secs] [Times: user=0.01 sys=0.00, real=0.00 secs] 
32.371: Total time for which application threads were stopped: 0.0536570 seconds, Stopping threads took: 0.0519240 seconds
32.449: Application time: 0.0787430 seconds
32.492: [GC32.492: [ParNew: 7943K->795K(8128K), 0.0008440 secs] 14289K->8369K(26052K), 0.0008760 secs] [Times: user=0.00 sys=0.00, real=0.00 secs] 
32.492: Total time for which application threads were stopped: 0.0429610 seconds, Stopping threads took: 0.0420080 seconds
32.570: Application time: 0.0773550 seconds
32.573: [GC32.573: [ParNew: 7922K->432K(8128K), 0.0006000 secs] 15495K->8014K(26052K), 0.0006280 secs] [Times: user=0.01 sys=0.00, real=0.00 secs] 
32.574: Total time for which application threads were stopped: 0.0038730 seconds, Stopping threads took: 0.0031620 seconds
32.574: Application time: 0.0008220 seconds
32.615: [GC32.615: [ParNew: 7578K->895K(8128K), 0.0020340 secs] 15160K->14071K(26052K), 0.0020660 secs] [Times: user=0.01 sys=0.01, real=0.00 secs] 
32.617: Total time for which application threads were stopped: 0.0428570 seconds, Stopping threads took: 0.0407160 seconds
32.699: Application time: 0.0818040 seconds
32.769: [GC32.769: [ParNew: 7748K->7748K(8128K), 0.0000110 secs]32.769: [Tenured: 13176K->2467K(17924K), 0.0054240 secs] 20924K->2467K(26052K), [Perm : 5110K->5110K(21248K)], 0.0054770 secs] [Times: user=0.01 sys=0.00, real=0.00 secs] 
32.774: Total time for which application threads were stopped: 0.0749020 seconds, Stopping threads took: 0.0693340 seconds
32.775: Application time: 0.0011140 seconds
32.816: [GC32.816: [ParNew: 7224K->895K(8128K), 0.0022630 secs] 9692K->8957K(26052K), 0.0023010 secs] [Times: user=0.02 sys=0.00, real=0.01 secs] 
32.818: Total time for which application threads were stopped: 0.0429920 seconds, Stopping threads took: 0.0406330 seconds
32.900: Application time: 0.0816970 seconds
32.968: [GC32.968: [ParNew: 7904K->462K(8128K), 0.0005530 secs] 15967K->8573K(26052K), 0.0005830 secs] [Times: user=0.00 sys=0.00, real=0.00 secs] 
32.968: Total time for which application threads were stopped: 0.0684260 seconds, Stopping threads took: 0.0677880 seconds
32.969: Application time: 0.0009630 seconds
33.010: [GC33.010: [ParNew: 7609K->795K(8128K), 0.0019640 secs] 15719K->14674K(26052K), 0.0020020 secs] [Times: user=0.01 sys=0.00, real=0.00 secs] 
33.012: Total time for which application threads were stopped: 0.0423830 seconds, Stopping threads took: 0.0403260 seconds
33.092: Application time: 0.0804290 seconds
33.161: [GC33.161: [ParNew: 7843K->7843K(8128K), 0.0000110 secs]33.161: [Tenured: 13879K->2184K(17924K), 0.0054480 secs] 21722K->2184K(26052K), [Perm : 5110K->5110K(21248K)], 0.0055070 secs] [Times: user=0.01 sys=0.00, real=0.01 secs] 
33.166: Total time for which application threads were stopped: 0.0742840 seconds, Stopping threads took: 0.0686940 seconds
33.168: Application time: 0.0012950 seconds
33.221: [GC33.221: [ParNew: 7146K->797K(8128K), 0.0014640 secs] 9330K->6692K(26052K), 0.0015040 secs] [Times: user=0.01 sys=0.00, real=0.00 secs] 
33.222: Total time for which application threads were stopped: 0.0544180 seconds, Stopping threads took: 0.0528330 seconds
33.301: Application time: 0.0791320 seconds
33.343: [GC33.343: [ParNew: 7728K->630K(8128K), 0.0005400 secs] 13623K->6565K(26052K), 0.0005700 secs] [Times: user=0.00 sys=0.00, real=0.00 secs] 
33.344: Total time for which application threads were stopped: 0.0427410 seconds, Stopping threads took: 0.0420900 seconds
33.345: Application time: 0.0010570 seconds
33.386: [GC33.386: [ParNew: 7854K->893K(8128K), 0.0019140 secs] 13789K->11612K(26052K), 0.0019480 secs] [Times: user=0.01 sys=0.00, real=0.00 secs] 
33.388: Total time for which application threads were stopped: 0.0426550 seconds, Stopping threads took: 0.0406260 seconds
33.466: Application time: 0.0786090 seconds
33.512: [GC33.512: [ParNew: 8019K->895K(8128K), 0.0008700 secs] 18738K->12658K(26052K), 0.0009030 secs] [Times: user=0.00 sys=0.00, real=0.00 secs] 
33.513: Total time for which application threads were stopped: 0.0468480 seconds, Stopping threads took: 0.0458690 seconds
33.604: Application time: 0.0908980 seconds
33.608: [GC33.608: [ParNew: 8041K->8041K(8128K), 0.0000100 secs]33.608: [Tenured: 11763K->2074K(17924K), 0.0054360 secs] 19805K->2074K(26052K), [Perm : 5110K->5110K(21248K)], 0.0054900 secs] [Times: user=0.01 sys=0.00, real=0.00 secs] 
33.614: Total time for which application threads were stopped: 0.0095560 seconds, Stopping threads took: 0.0039820 seconds
33.615: Application time: 0.0012030 seconds
33.656: [GC33.656: [ParNew: 7224K->895K(8128K), 0.0016770 secs] 9298K->7489K(26052K), 0.0017170 secs] [Times: user=0.02 sys=0.00, real=0.01 secs] 
33.658: Total time for which application threads were stopped: 0.0431910 seconds, Stopping threads took: 0.0413850 seconds
33.737: Application time: 0.0790220 seconds
33.779: [GC33.779: [ParNew: 8041K->795K(8128K), 0.0006730 secs] 14635K->8422K(26052K), 0.0007060 secs] [Times: user=0.01 sys=0.00, real=0.00 secs] 
33.780: Total time for which application threads were stopped: 0.0426440 seconds, Stopping threads took: 0.0418820 seconds
33.859: Application time: 0.0794450 seconds
33.862: [GC33.862: [ParNew: 7843K->211K(8128K), 0.0003330 secs] 15471K->7854K(26052K), 0.0003630 secs] [Times: user=0.00 sys=0.00, real=0.00 secs] 
33.863: Total time for which application threads were stopped: 0.0037410 seconds, Stopping threads took: 0.0033190 seconds
33.864: Application time: 0.0008060 seconds
33.864: [GC33.864: [ParNew: 7357K->895K(8128K), 0.0020380 secs] 15000K->14984K(26052K), 0.0020650 secs] [Times: user=0.01 sys=0.00, real=0.01 secs] 
33.866: Total time for which application threads were stopped: 0.0022480 seconds, Stopping threads took: 0.0001320 seconds
33.947: Application time: 0.0812700 seconds
34.012: [GC34.012: [ParNew: 8040K->8040K(8128K), 0.0000100 secs]34.012: [Tenured: 14089K->3667K(17924K), 0.0055040 secs] 22129K->3667K(26052K), [Perm : 5110K->5110K(21248K)], 0.0055590 secs] [Times: user=0.00 sys=0.00, real=0.00 secs] 
34.017: Total time for which application threads were stopped: 0.0700090 seconds, Stopping threads took: 0.0643880 seconds
34.097: Application time: 0.0803100 seconds
34.102: [GC34.102: [ParNew: 7048K->16K(8128K), 0.0002950 secs] 10715K->3683K(26052K), 0.0003200 secs] [Times: user=0.01 sys=0.00, real=0.00 secs] 
34.102: Total time for which application threads were stopped: 0.0044250 seconds, Stopping threads took: 0.0040530 seconds
34.103: Application time: 0.0007140 seconds
34.103: [GC34.103: [ParNew: 7162K->895K(8128K), 0.0021750 secs] 10829K->10812K(26052K), 0.0022060 secs] [Times: user=0.02 sys=0.00, real=0.00 secs] 
34.105: Total time for which application threads were stopped: 0.0024530 seconds, Stopping threads took: 0.0001940 seconds
34.187: Application time: 0.0822420 seconds
34.255: [GC34.255: [ParNew: 8021K->727K(8128K), 0.0007660 secs] 17938K->11255K(26052K), 0.0016350 secs] [Times: user=0.01 sys=0.00, real=0.00 secs] 
34.256: Total time for which application threads were stopped: 0.0689640 seconds, Stopping threads took: 0.0672330 seconds
34.257: Application time: 0.0010560 seconds
34.298: [GC34.298: [ParNew: 7873K->893K(8128K), 0.0018580 secs] 18401K->15781K(26052K), 0.0018960 secs] [Times: user=0.01 sys=0.00, real=0.00 secs] 
34.300: Total time for which application threads were stopped: 0.0426350 seconds, Stopping threads took: 0.0406690 seconds
34.390: Application time: 0.0897790 seconds
34.458: [GC34.458: [ParNew: 8019K->8019K(8128K), 0.0000100 secs]34.458: [Tenured: 14888K->2552K(17924K), 0.0054140 secs] 22908K->2552K(26052K), [Perm : 5110K->5110K(21248K)], 0.0054690 secs] [Times: user=0.01 sys=0.00, real=0.01 secs] 
34.463: Total time for which application threads were stopped: 0.0733690 seconds, Stopping threads took: 0.0678290 seconds
34.465: Application time: 0.0014000 seconds
34.510: [GC34.510: [ParNew: 7224K->895K(8128K), 0.0017830 secs] 9776K->7967K(26052K), 0.0018130 secs] [Times: user=0.01 sys=0.00, real=0.00 secs] 
34.511: Total time for which application threads were stopped: 0.0469230 seconds, Stopping threads took: 0.0450560 seconds
34.591: Application time: 0.0792350 seconds
34.633: [GC34.633: [ParNew: 8041K->795K(8128K), 0.0007160 secs] 15113K->8892K(26052K), 0.0007500 secs] [Times: user=0.01 sys=0.00, real=0.00 secs] 
34.634: Total time for which application threads were stopped: 0.0432500 seconds, Stopping threads took: 0.0424440 seconds
34.722: Application time: 0.0880700 seconds
34.733: [GC34.733: [ParNew: 7922K->239K(8128K), 0.0003940 secs] 16019K->8352K(26052K), 0.0004230 secs] [Times: user=0.00 sys=0.00, real=0.00 secs] 
34.734: Total time for which application threads were stopped: 0.0116060 seconds, Stopping threads took: 0.0111090 seconds
34.742: Application time: 0.0083760 seconds
34.807: [GC34.807: [ParNew: 7385K->825K(8128K), 0.0007100 secs] 15499K->10110K(26052K), 0.0007490 secs] [Times: user=0.01 sys=0.00, real=0.00 secs] 
34.807: Total time for which application threads were stopped: 0.0654160 seconds, Stopping threads took: 0.0645930 seconds
34.893: Application time: 0.0855050 seconds
34.900: [GC34.900: [ParNew: 7952K->432K(8128K), 0.0003470 secs] 17237K->9782K(26052K), 0.0003750 secs] [Times: user=0.01 sys=0.00, real=0.00 secs] 
34.900: Total time for which application threads were stopped: 0.0072940 seconds, Stopping threads took: 0.0068420 seconds
34.906: Application time: 0.0057360 seconds
34.983: [GC34.983: [ParNew: 7657K->72K(8128K), 0.0005960 secs] 17006K->9421K(26052K), 0.0006270 secs] [Times: user=0.00 sys=0.00, real=0.00 secs] 
34.984: Total time for which application threads were stopped: 0.0780900 seconds, Stopping threads took: 0.0773790 seconds
34.985: Application time: 0.0007530 seconds
34.985: [GC34.985: [ParNew: 7218K->895K(8128K), 0.0021510 secs] 16567K->16550K(26052K), 0.0021840 secs] [Times: user=0.01 sys=0.00, real=0.01 secs] 
34.987: Total time for which application threads were stopped: 0.0025360 seconds, Stopping threads took: 0.0002780 seconds
35.081: Application time: 0.0940970 seconds
35.153: [GC35.153: [ParNew: 7943K->7943K(8128K), 0.0000100 secs]35.153: [Tenured: 15655K->1794K(17924K), 0.0054600 secs] 23598K->1794K(26052K), [Perm : 5110K->5110K(21248K)], 0.0055150 secs] [Times: user=0.01 sys=0.00, real=0.01 secs] 
35.158: Total time for which application threads were stopped: 0.0769440 seconds, Stopping threads took: 0.0713690 seconds
35.159: Application time: 0.0009620 seconds
35.160: [GC35.160: [ParNew: 7146K->895K(8128K), 0.0023550 secs] 8940K->8939K(26052K), 0.0023910 secs] [Times: user=0.01 sys=0.00, real=0.00 secs] 
35.162: Total time for which application threads were stopped: 0.0026930 seconds, Stopping threads took: 0.0002440 seconds
35.244: Application time: 0.0815750 seconds
35.315: [GC35.315: [ParNew: 7943K->406K(8128K), 0.0006870 secs] 15987K->8467K(26052K), 0.0007180 secs] [Times: user=0.00 sys=0.00, real=0.00 secs] 
35.316: Total time for which application threads were stopped: 0.0720620 seconds, Stopping threads took: 0.0712890 seconds
35.317: Application time: 0.0008300 seconds
35.357: [GC35.357: [ParNew: 7631K->895K(8128K), 0.0019880 secs] 15691K->14550K(26052K), 0.0020280 secs] [Times: user=0.02 sys=0.00, real=0.01 secs] 
35.359: Total time for which application threads were stopped: 0.0428250 seconds, Stopping threads took: 0.0407200 seconds
35.440: Application time: 0.0809280 seconds
35.508: [GC35.508: [ParNew: 8021K->8021K(8128K), 0.0000100 secs]35.508: [Tenured: 13655K->2438K(17924K), 0.0054280 secs] 21677K->2438K(26052K), [Perm : 5110K->5110K(21248K)], 0.0054830 secs] [Times: user=0.00 sys=0.00, real=0.00 secs] 
35.514: Total time for which application threads were stopped: 0.0736470 seconds, Stopping threads took: 0.0680760 seconds
35.515: Application time: 0.0010630 seconds
35.556: [GC35.556: [ParNew: 7146K->895K(8128K), 0.0021150 secs] 9585K->8705K(26052K), 0.0021500 secs] [Times: user=0.02 sys=0.00, real=0.01 secs] 
35.558: Total time for which application threads were stopped: 0.0430570 seconds, Stopping threads took: 0.0408280 seconds
35.641: Application time: 0.0828210 seconds
35.707: [GC35.707: [ParNew: 7943K->793K(8128K), 0.0004630 secs] 15753K->8635K(26052K), 0.0004930 secs] [Times: user=0.00 sys=0.00, real=0.00 secs] 
35.708: Total time for which application threads were stopped: 0.0668260 seconds, Stopping threads took: 0.0662550 seconds
35.709: Application time: 0.0011130 seconds
35.748: [GC35.748: [ParNew: 8017K->895K(8128K), 0.0023200 secs] 15860K->14742K(26052K), 0.0023560 secs] [Times: user=0.02 sys=0.00, real=0.00 secs] 
35.750: Total time for which application threads were stopped: 0.0416180 seconds, Stopping threads took: 0.0392050 seconds
35.831: Application time: 0.0810080 seconds
35.899: [GC35.899: [ParNew: 8041K->8041K(8128K), 0.0000100 secs]35.899: [Tenured: 13847K->3543K(17924K), 0.0048990 secs] 21888K->3543K(26052K), [Perm : 5110K->5110K(21248K)], 0.0049620 secs] [Times: user=0.00 sys=0.00, real=0.00 secs] 
35.904: Total time for which application threads were stopped: 0.0729090 seconds, Stopping threads took: 0.0678740 seconds
35.906: Application time: 0.0013400 seconds
35.954: [GC35.954: [ParNew: 7146K->895K(8128K), 0.0019140 secs] 10689K->9614K(26052K), 0.0019530 secs] [Times: user=0.01 sys=0.00, real=0.00 secs] 
35.956: Total time for which application threads were stopped: 0.0502130 seconds, Stopping threads took: 0.0482010 seconds
36.036: Application time: 0.0796770 seconds
36.104: [GC36.104: [ParNew: 7943K->207K(8128K), 0.0004900 secs] 16663K->8959K(26052K), 0.0005200 secs] [Times: user=0.00 sys=0.00, real=0.00 secs] 
36.104: Total time for which application threads were stopped: 0.0688600 seconds, Stopping threads took: 0.0682700 seconds
36.105: Application time: 0.0009610 seconds
36.146: [GC36.146: [ParNew: 7431K->895K(8128K), 0.0018170 secs] 16183K->15046K(26052K), 0.0018510 secs] [Times: user=0.02 sys=0.00, real=0.00 secs] 
36.148: Total time for which application threads were stopped: 0.0424180 seconds, Stopping threads took: 0.0404930 seconds
36.231: Application time: 0.0834700 seconds
36.297: [GC36.297: [ParNew: 8021K->8021K(8128K), 0.0000100 secs]36.297: [Tenured: 14151K->2330K(17924K), 0.0048480 secs] 22172K->2330K(26052K), [Perm : 5110K->5110K(21248K)], 0.0049020 secs] [Times: user=0.00 sys=0.00, real=0.01 secs] 
36.302: Total time for which application threads were stopped: 0.0706200 seconds, Stopping threads took: 0.0656360 seconds
36.303: Application time: 0.0010870 seconds
36.344: [GC36.344: [ParNew: 7146K->895K(8128K), 0.0020660 secs] 9476K->8597K(26052K), 0.0021020 secs] [Times: user=0.01 sys=0.00, real=0.00 secs] 
36.346: Total time for which application threads were stopped: 0.0426360 seconds, Stopping threads took: 0.0404570 seconds
36.426: Application time: 0.0802650 seconds
36.486: [GC36.486: [ParNew: 7748K->406K(8128K), 0.0003200 secs] 15449K->8132K(26052K), 0.0003490 secs] [Times: user=0.00 sys=0.00, real=0.00 secs] 
36.486: Total time for which application threads were stopped: 0.0602700 seconds, Stopping threads took: 0.0598440 seconds
36.487: Application time: 0.0009080 seconds
36.541: [GC36.541: [ParNew: 7631K->895K(8128K), 0.0017150 secs] 15357K->13141K(26052K), 0.0017540 secs] [Times: user=0.02 sys=0.00, real=0.00 secs] 
36.543: Total time for which application threads were stopped: 0.0554420 seconds, Stopping threads took: 0.0536100 seconds
36.621: Application time: 0.0788340 seconds
36.625: [GC36.625: [ParNew: 8041K->8041K(8128K), 0.0000110 secs]36.625: [Tenured: 12246K->5505K(17924K), 0.0056090 secs] 20287K->5505K(26052K), [Perm : 5110K->5110K(21248K)], 0.0056670 secs] [Times: user=0.01 sys=0.00, real=0.01 secs] 
36.630: Total time for which application threads were stopped: 0.0089590 seconds, Stopping threads took: 0.0032150 seconds
36.708: Application time: 0.0776460 seconds
36.751: [GC36.751: [ParNew: 7028K->825K(8128K), 0.0007060 secs] 12534K->6721K(26052K), 0.0007360 secs] [Times: user=0.01 sys=0.00, real=0.00 secs] 
36.751: Total time for which application threads were stopped: 0.0433450 seconds, Stopping threads took: 0.0425510 seconds
36.753: Application time: 0.0014290 seconds
36.830: [GC36.830: [ParNew: 8049K->825K(8128K), 0.0005980 secs] 13946K->6793K(26052K), 0.0006270 secs] [Times: user=0.00 sys=0.00, real=0.00 secs] 
36.830: Total time for which application threads were stopped: 0.0773970 seconds, Stopping threads took: 0.0767140 seconds
36.831: Application time: 0.0009390 seconds
36.872: [GC36.872: [ParNew: 7971K->893K(8128K), 0.0020900 secs] 13939K->12890K(26052K), 0.0021250 secs] [Times: user=0.02 sys=0.00, real=0.00 secs] 
36.874: Total time for which application threads were stopped: 0.0425840 seconds, Stopping threads took: 0.0403820 seconds
36.955: Application time: 0.0817180 seconds
37.023: [GC37.023: [ParNew: 7941K->7941K(8128K), 0.0000090 secs]37.023: [Tenured: 11997K->2632K(17924K), 0.0045470 secs] 19938K->2632K(26052K), [Perm : 5110K->5110K(21248K)], 0.0046030 secs] [Times: user=0.00 sys=0.00, real=0.01 secs] 
37.028: Total time for which application threads were stopped: 0.0724140 seconds, Stopping threads took: 0.0677400 seconds
37.030: Application time: 0.0021730 seconds
37.106: [GC37.106: [ParNew: 6950K->404K(8128K), 0.0006440 secs] 9583K->3037K(26052K), 0.0006740 secs] [Times: user=0.01 sys=0.00, real=0.00 secs] 
37.107: Total time for which application threads were stopped: 0.0765440 seconds, Stopping threads took: 0.0758160 seconds
37.107: Application time: 0.0008250 seconds
37.148: [GC37.148: [ParNew: 7550K->895K(8128K), 0.0020030 secs] 10183K->9094K(26052K), 0.0020350 secs] [Times: user=0.01 sys=0.00, real=0.00 secs] 
37.150: Total time for which application threads were stopped: 0.0421830 seconds, Stopping threads took: 0.0400850 seconds
37.229: Application time: 0.0798720 seconds
37.297: [GC37.297: [ParNew: 7748K->893K(8128K), 0.0007540 secs] 15947K->9710K(26052K), 0.0007850 secs] [Times: user=0.00 sys=0.01, real=0.00 secs] 
37.298: Total time for which application threads were stopped: 0.0682170 seconds, Stopping threads took: 0.0673470 seconds
37.376: Application time: 0.0779020 seconds
37.379: [GC37.379: [ParNew: 8117K->44K(8128K), 0.0005240 secs] 16934K->8877K(26052K), 0.0005520 secs] [Times: user=0.00 sys=0.00, real=0.00 secs] 
37.379: Total time for which application threads were stopped: 0.0036570 seconds, Stopping threads took: 0.0030340 seconds
37.380: Application time: 0.0008670 seconds
37.421: [GC37.421: [ParNew: 7268K->853K(8128K), 0.0019350 secs] 16102K->14960K(26052K), 0.0019690 secs] [Times: user=0.02 sys=0.00, real=0.00 secs] 
37.423: Total time for which application threads were stopped: 0.0428240 seconds, Stopping threads took: 0.0407790 seconds
37.511: Application time: 0.0885220 seconds
37.580: [GC37.580: [ParNew: 7901K->7901K(8128K), 0.0000100 secs]37.580: [Tenured: 14107K->1908K(17924K), 0.0044600 secs] 22008K->1908K(26052K), [Perm : 5110K->5110K(21248K)], 0.0045140 secs] [Times: user=0.00 sys=0.00, real=0.00 secs] 
37.585: Total time for which application threads were stopped: 0.0732190 seconds, Stopping threads took: 0.0686320 seconds
37.586: Application time: 0.0010810 seconds
37.586: [GC37.586: [ParNew: 7224K->895K(8128K), 0.0021770 secs] 9132K->9082K(26052K), 0.0022160 secs] [Times: user=0.02 sys=0.00, real=0.00 secs] 
37.588: Total time for which application threads were stopped: 0.0025780 seconds, Stopping threads took: 0.0002790 seconds
37.669: Application time: 0.0808080 seconds
37.736: [GC37.736: [ParNew: 8021K->895K(8128K), 0.0007740 secs] 16208K->9740K(26052K), 0.0008080 secs] [Times: user=0.00 sys=0.00, real=0.00 secs] 
37.737: Total time for which application threads were stopped: 0.0679840 seconds, Stopping threads took: 0.0670880 seconds
37.817: Application time: 0.0795030 seconds
37.822: [GC37.822: [ParNew: 8041K->12K(8128K), 0.0005050 secs] 16886K->8889K(26052K), 0.0005320 secs] [Times: user=0.00 sys=0.00, real=0.00 secs] 
37.823: Total time for which application threads were stopped: 0.0062980 seconds, Stopping threads took: 0.0056930 seconds
37.824: Application time: 0.0007110 seconds
37.824: [GC37.824: [ParNew: 7158K->895K(8128K), 0.0022790 secs] 16035K->16022K(26052K), 0.0023120 secs] [Times: user=0.01 sys=0.00, real=0.01 secs] 
37.826: Total time for which application threads were stopped: 0.0026750 seconds, Stopping threads took: 0.0002860 seconds
37.920: Application time: 0.0934450 seconds
37.993: [GC37.993: [ParNew: 7943K->7943K(8128K), 0.0000100 secs]37.993: [Tenured: 15127K->2162K(17924K), 0.0057730 secs] 23070K->2162K(26052K), [Perm : 5110K->5110K(21248K)], 0.0058220 secs] [Times: user=0.01 sys=0.00, real=0.01 secs] 
37.999: Total time for which application threads were stopped: 0.0794880 seconds, Stopping threads took: 0.0735850 seconds
38.001: Application time: 0.0012340 seconds
38.071: [GC38.071: [ParNew: 7224K->825K(8128K), 0.0014680 secs] 9387K->6308K(26052K), 0.0015030 secs] [Times: user=0.01 sys=0.00, real=0.00 secs] 
38.073: Total time for which application threads were stopped: 0.0721420 seconds, Stopping threads took: 0.0705620 seconds
38.151: Application time: 0.0782190 seconds
38.193: [GC38.193: [ParNew: 7873K->404K(8128K), 0.0006640 secs] 13356K->5967K(26052K), 0.0007040 secs] [Times: user=0.00 sys=0.00, real=0.00 secs] 
38.194: Total time for which application threads were stopped: 0.0432630 seconds, Stopping threads took: 0.0424800 seconds
38.195: Application time: 0.0012170 seconds
38.236: [GC38.236: [ParNew: 7629K->895K(8128K), 0.0019880 secs] 13192K->12053K(26052K), 0.0020190 secs] [Times: user=0.02 sys=0.00, real=0.00 secs] 
38.238: Total time for which application threads were stopped: 0.0423310 seconds, Stopping threads took: 0.0402500 seconds
38.319: Application time: 0.0812720 seconds
38.387: [GC38.387: [ParNew: 7748K->406K(8128K), 0.0005000 secs] 18906K->11596K(26052K), 0.0005320 secs] [Times: user=0.00 sys=0.00, real=0.00 secs] 
38.388: Total time for which application threads were stopped: 0.0689010 seconds, Stopping threads took: 0.0682860 seconds
38.389: Application time: 0.0009100 seconds
38.430: [GC38.430: [ParNew: 7552K->895K(8128K), 0.0019670 secs] 18742K->17651K(26052K), 0.0020060 secs] [Times: user=0.01 sys=0.00, real=0.00 secs] 
38.432: Total time for which application threads were stopped: 0.0427570 seconds, Stopping threads took: 0.0406740 seconds
38.520: Application time: 0.0889110 seconds
38.589: [GC38.589: [ParNew: 7826K->7826K(8128K), 0.0000100 secs]38.589: [Tenured: 16756K->1664K(17924K), 0.0053300 secs] 24582K->1664K(26052K), [Perm : 5111K->5108K(21248K)], 0.0053840 secs] [Times: user=0.00 sys=0.00, real=0.00 secs] 
38.594: Total time for which application threads were stopped: 0.0740270 seconds, Stopping threads took: 0.0685820 seconds
38.596: Application time: 0.0012170 seconds
38.638: [GC38.638: [ParNew: 7224K->895K(8128K), 0.0017810 secs] 8889K->7080K(26052K), 0.0018180 secs] [Times: user=0.01 sys=0.01, real=0.00 secs] 
38.640: Total time for which application threads were stopped: 0.0446070 seconds, Stopping threads took: 0.0427290 seconds
38.719: Application time: 0.0790490 seconds
38.762: [GC38.762: [ParNew: 7748K->402K(8128K), 0.0003850 secs] 13933K->6643K(26052K), 0.0004150 secs] [Times: user=0.00 sys=0.00, real=0.00 secs] 
38.762: Total time for which application threads were stopped: 0.0428120 seconds, Stopping threads took: 0.0423420 seconds
38.763: Application time: 0.0009740 seconds
38.803: [GC38.803: [ParNew: 7548K->895K(8128K), 0.0023260 secs] 13790K->12703K(26052K), 0.0023630 secs] [Times: user=0.01 sys=0.00, real=0.01 secs] 
38.806: Total time for which application threads were stopped: 0.0427190 seconds, Stopping threads took: 0.0402780 seconds
38.886: Application time: 0.0802730 seconds
38.953: [GC38.953: [ParNew: 7943K->7943K(8128K), 0.0000100 secs]38.953: [Tenured: 11807K->1889K(17924K), 0.0044740 secs] 19751K->1889K(26052K), [Perm : 5108K->5108K(21248K)], 0.0045290 secs] [Times: user=0.00 sys=0.00, real=0.01 secs] 
38.958: Total time for which application threads were stopped: 0.0718260 seconds, Stopping threads took: 0.0672300 seconds
38.959: Application time: 0.0011110 seconds
39.009: [GC39.009: [ParNew: 7146K->895K(8128K), 0.0019010 secs] 9036K->7472K(26052K), 0.0019390 secs] [Times: user=0.02 sys=0.00, real=0.00 secs] 
39.011: Total time for which application threads were stopped: 0.0514140 seconds, Stopping threads took: 0.0493960 seconds
39.092: Application time: 0.0809990 seconds
39.132: [GC39.132: [ParNew: 7993K->843K(8128K), 0.0005760 secs] 14571K->7445K(26052K), 0.0006060 secs] [Times: user=0.01 sys=0.00, real=0.00 secs] 
39.133: Total time for which application threads were stopped: 0.0414200 seconds, Stopping threads took: 0.0407400 seconds
39.134: Application time: 0.0011690 seconds
39.175: [GC39.175: [ParNew: 8017K->895K(8128K), 0.0020890 secs] 14619K->13522K(26052K), 0.0021300 secs] [Times: user=0.02 sys=0.01, real=0.00 secs] 
39.177: Total time for which application threads were stopped: 0.0430340 seconds, Stopping threads took: 0.0408170 seconds
39.266: Application time: 0.0893330 seconds
39.341: [GC39.342: [ParNew: 8021K->8021K(8128K), 0.0015740 secs]39.343: [Tenured: 12627K->2337K(17924K), 0.0052600 secs] 20648K->2337K(26052K), [Perm : 5108K->5108K(21248K)], 0.0068940 secs] [Times: user=0.00 sys=0.00, real=0.01 secs] 
39.348: Total time for which application threads were stopped: 0.0819180 seconds, Stopping threads took: 0.0749410 seconds
39.350: Application time: 0.0013020 seconds
39.390: [GC39.390: [ParNew: 7146K->893K(8128K), 0.0020270 secs] 9483K->8309K(26052K), 0.0020640 secs] [Times: user=0.01 sys=0.00, real=0.00 secs] 
39.393: Total time for which application threads were stopped: 0.0428180 seconds, Stopping threads took: 0.0406750 seconds
39.474: Application time: 0.0815870 seconds
39.541: [GC39.541: [ParNew: 8117K->237K(8128K), 0.0005450 secs] 15533K->7685K(26052K), 0.0005740 secs] [Times: user=0.00 sys=0.00, real=0.00 secs] 
39.541: Total time for which application threads were stopped: 0.0672890 seconds, Stopping threads took: 0.0666320 seconds
39.542: Application time: 0.0008920 seconds
39.595: [GC39.595: [ParNew: 7461K->895K(8128K), 0.0021180 secs] 14909K->13770K(26052K), 0.0021530 secs] [Times: user=0.01 sys=0.00, real=0.00 secs] 
39.597: Total time for which application threads were stopped: 0.0544680 seconds, Stopping threads took: 0.0522580 seconds
39.679: Application time: 0.0817480 seconds
39.721: [GC39.721: [ParNew: 8040K->8040K(8128K), 0.0000100 secs]39.721: [Tenured: 12875K->4056K(17924K), 0.0048900 secs] 20916K->4056K(26052K), [Perm : 5108K->5108K(21248K)], 0.0049490 secs] [Times: user=0.01 sys=0.00, real=0.00 secs] 
39.726: Total time for which application threads were stopped: 0.0469920 seconds, Stopping threads took: 0.0419800 seconds
39.807: Application time: 0.0815140 seconds
39.848: [GC39.848: [ParNew: 7126K->42K(8128K), 0.0003630 secs] 11182K->4098K(26052K), 0.0003910 secs] [Times: user=0.00 sys=0.00, real=0.00 secs] 
39.848: Total time for which application threads were stopped: 0.0411500 seconds, Stopping threads took: 0.0407090 seconds
39.849: Application time: 0.0007870 seconds
39.850: [GC39.850: [ParNew: 7188K->895K(8128K), 0.0022950 secs] 11244K->11229K(26052K), 0.0023310 secs] [Times: user=0.02 sys=0.00, real=0.00 secs] 
39.852: Total time for which application threads were stopped: 0.0029420 seconds, Stopping threads took: 0.0005560 seconds
39.933: Application time: 0.0814290 seconds
39.997: [GC39.997: [ParNew: 8040K->795K(8128K), 0.0007270 secs] 18375K->11747K(26052K), 0.0007580 secs] [Times: user=0.01 sys=0.00, real=0.00 secs] 
39.997: Total time for which application threads were stopped: 0.0640470 seconds, Stopping threads took: 0.0632320 seconds
39.999: Application time: 0.0012170 seconds
40.075: [GC40.075: [ParNew: 7941K->795K(8128K), 0.0004620 secs] 18893K->11983K(26052K), 0.0004910 secs] [Times: user=0.00 sys=0.00, real=0.00 secs] 
40.076: Total time for which application threads were stopped: 0.0770600 seconds, Stopping threads took: 0.0764940 seconds
40.077: Application time: 0.0009580 seconds
40.117: [GC40.117: [ParNew: 7941K->797K(8128K), 0.0023640 secs] 19129K->18235K(26052K), 0.0023970 secs] [Times: user=0.02 sys=0.00, real=0.01 secs] 
40.119: Total time for which application threads were stopped: 0.0424040 seconds, Stopping threads took: 0.0399430 seconds
40.209: Application time: 0.0902740 seconds
40.277: [GC40.277: [ParNew: 8021K->8021K(8128K), 0.0000100 secs]40.278: [Tenured: 17438K->2544K(17924K), 0.0046520 secs] 25459K->2544K(26052K), [Perm : 5108K->5108K(21248K)], 0.0047080 secs] [Times: user=0.00 sys=0.00, real=0.01 secs] 
40.282: Total time for which application threads were stopped: 0.0728960 seconds, Stopping threads took: 0.0681160 seconds
40.284: Application time: 0.0014350 seconds
40.360: [GC40.360: [ParNew: 7205K->895K(8128K), 0.0009340 secs] 9749K->4471K(26052K), 0.0009650 secs] [Times: user=0.00 sys=0.00, real=0.00 secs] 
40.361: Total time for which application threads were stopped: 0.0777160 seconds, Stopping threads took: 0.0766740 seconds
40.447: Application time: 0.0852490 seconds
40.451: [GC40.451: [ParNew: 8041K->400K(8128K), 0.0005300 secs] 11617K->4033K(26052K), 0.0005680 secs] [Times: user=0.00 sys=0.00, real=0.00 secs] 
40.452: Total time for which application threads were stopped: 0.0049670 seconds, Stopping threads took: 0.0043250 seconds
40.452: Application time: 0.0008140 seconds
40.497: [GC40.497: [ParNew: 7449K->893K(8128K), 0.0020620 secs] 11081K->9994K(26052K), 0.0020980 secs] [Times: user=0.02 sys=0.00, real=0.01 secs] 
40.499: Total time for which application threads were stopped: 0.0467170 seconds, Stopping threads took: 0.0445620 seconds
40.580: Application time: 0.0812530 seconds
40.648: [GC40.648: [ParNew: 7843K->402K(8128K), 0.0004430 secs] 16945K->9528K(26052K), 0.0004720 secs] [Times: user=0.00 sys=0.00, real=0.00 secs] 
40.648: Total time for which application threads were stopped: 0.0677450 seconds, Stopping threads took: 0.0671990 seconds
40.649: Application time: 0.0008020 seconds
40.649: [GC40.649: [ParNew: 7451K->895K(8128K), 0.0024090 secs] 16577K->16564K(26052K), 0.0024450 secs] [Times: user=0.02 sys=0.00, real=0.00 secs] 
40.652: Total time for which application threads were stopped: 0.0028030 seconds, Stopping threads took: 0.0002800 seconds
40.742: Application time: 0.0905430 seconds
40.815: [GC40.815: [ParNew: 7845K->7845K(8128K), 0.0000110 secs]40.815: [Tenured: 15669K->1723K(17924K), 0.0043310 secs] 23514K->1723K(26052K), [Perm : 5108K->5108K(21248K)], 0.0043860 secs] [Times: user=0.01 sys=0.00, real=0.01 secs] 
40.819: Total time for which application threads were stopped: 0.0772020 seconds, Stopping threads took: 0.0727320 seconds
40.821: Application time: 0.0011040 seconds
40.871: [GC40.871: [ParNew: 7146K->795K(8128K), 0.0018090 secs] 8869K->6035K(26052K), 0.0018440 secs] [Times: user=0.01 sys=0.00, real=0.00 secs] 
40.873: Total time for which application threads were stopped: 0.0520690 seconds, Stopping threads took: 0.0501460 seconds
40.951: Application time: 0.0786930 seconds
40.993: [GC40.993: [ParNew: 7648K->404K(8128K), 0.0006070 secs] 12888K->5676K(26052K), 0.0006350 secs] [Times: user=0.00 sys=0.00, real=0.00 secs] 
40.993: Total time for which application threads were stopped: 0.0421020 seconds, Stopping threads took: 0.0413930 seconds
40.995: Application time: 0.0010970 seconds
41.046: [GC41.046: [ParNew: 7609K->895K(8128K), 0.0020970 secs] 12881K->11691K(26052K), 0.0021350 secs] [Times: user=0.02 sys=0.00, real=0.00 secs] 
41.049: Total time for which application threads were stopped: 0.0539750 seconds, Stopping threads took: 0.0517630 seconds
41.128: Application time: 0.0796290 seconds
41.198: [GC41.198: [ParNew: 8002K->460K(8128K), 0.0005610 secs] 18798K->11313K(26052K), 0.0005930 secs] [Times: user=0.00 sys=0.00, real=0.00 secs] 
41.199: Total time for which application threads were stopped: 0.0706250 seconds, Stopping threads took: 0.0699430 seconds
41.200: Application time: 0.0009570 seconds
41.240: [GC41.240: [ParNew: 7509K->895K(8128K), 0.0019720 secs] 18362K->17313K(26052K), 0.0020090 secs] [Times: user=0.02 sys=0.00, real=0.00 secs] 
41.242: Total time for which application threads were stopped: 0.0426500 seconds, Stopping threads took: 0.0405640 seconds
41.336: Application time: 0.0938100 seconds
41.410: [GC41.410: [ParNew: 7845K->7845K(8128K), 0.0000090 secs]41.410: [Tenured: 16417K->1837K(17924K), 0.0043480 secs] 24263K->1837K(26052K), [Perm : 5108K->5108K(21248K)], 0.0044010 secs] [Times: user=0.01 sys=0.00, real=0.00 secs] 
41.414: Total time for which application threads were stopped: 0.0779190 seconds, Stopping threads took: 0.0734570 seconds
41.415: Application time: 0.0013100 seconds
41.468: [GC41.468: [ParNew: 7146K->895K(8128K), 0.0015880 secs] 8983K->7225K(26052K), 0.0016160 secs] [Times: user=0.01 sys=0.00, real=0.00 secs] 
41.469: Total time for which application threads were stopped: 0.0537730 seconds, Stopping threads took: 0.0520820 seconds
41.548: Application time: 0.0785740 seconds
41.590: [GC41.590: [ParNew: 8119K->893K(8128K), 0.0009390 secs] 14449K->9248K(26052K), 0.0009710 secs] [Times: user=0.00 sys=0.00, real=0.00 secs] 
41.591: Total time for which application threads were stopped: 0.0433400 seconds, Stopping threads took: 0.0422890 seconds
41.671: Application time: 0.0800360 seconds
41.673: [GC41.673: [ParNew: 8039K->795K(8128K), 0.0006660 secs] 16394K->9776K(26052K), 0.0007040 secs] [Times: user=0.00 sys=0.00, real=0.00 secs] 
41.673: Total time for which application threads were stopped: 0.0022470 seconds, Stopping threads took: 0.0014700 seconds
41.675: Application time: 0.0011060 seconds
41.750: [GC41.750: [ParNew: 7941K->895K(8128K), 0.0014960 secs] 16922K->13236K(26052K), 0.0015290 secs] [Times: user=0.01 sys=0.00, real=0.00 secs] 
41.752: Total time for which application threads were stopped: 0.0773280 seconds, Stopping threads took: 0.0757370 seconds
41.839: Application time: 0.0875920 seconds
41.880: [GC41.880: [ParNew: 7748K->7748K(8128K), 0.0000110 secs]41.880: [Tenured: 12341K->2842K(17924K), 0.0052800 secs] 20089K->2842K(26052K), [Perm : 5108K->5108K(21248K)], 0.0053350 secs] [Times: user=0.01 sys=0.00, real=0.01 secs] 
41.886: Total time for which application threads were stopped: 0.0463350 seconds, Stopping threads took: 0.0409200 seconds
41.887: Application time: 0.0012890 seconds
41.959: [GC41.959: [ParNew: 7146K->895K(8128K), 0.0015430 secs] 9988K->7058K(26052K), 0.0015810 secs] [Times: user=0.01 sys=0.00, real=0.00 secs] 
41.961: Total time for which application threads were stopped: 0.0736710 seconds, Stopping threads took: 0.0720090 seconds
42.039: Application time: 0.0781350 seconds
42.081: [GC42.081: [ParNew: 8119K->895K(8128K), 0.0007210 secs] 14282K->7903K(26052K), 0.0007530 secs] [Times: user=0.00 sys=0.00, real=0.00 secs] 
42.082: Total time for which application threads were stopped: 0.0426630 seconds, Stopping threads took: 0.0418330 seconds
42.170: Application time: 0.0887600 seconds
42.180: [GC42.180: [ParNew: 8041K->205K(8128K), 0.0005700 secs] 15049K->7253K(26052K), 0.0006010 secs] [Times: user=0.00 sys=0.00, real=0.00 secs] 
42.180: Total time for which application threads were stopped: 0.0099950 seconds, Stopping threads took: 0.0093400 seconds
42.181: Application time: 0.0006700 seconds
42.181: [GC42.181: [ParNew: 7351K->895K(8128K), 0.0024740 secs] 14399K->14389K(26052K), 0.0025070 secs] [Times: user=0.02 sys=0.00, real=0.00 secs] 
42.184: Total time for which application threads were stopped: 0.0028460 seconds, Stopping threads took: 0.0002630 seconds
42.266: Application time: 0.0820670 seconds
42.340: [GC42.340: [ParNew: 7993K->7993K(8128K), 0.0000100 secs]42.340: [Tenured: 13493K->2764K(17924K), 0.0061040 secs] 21487K->2764K(26052K), [Perm : 5108K->5108K(21248K)], 0.0061580 secs] [Times: user=0.00 sys=0.00, real=0.01 secs] 
42.346: Total time for which application threads were stopped: 0.0802900 seconds, Stopping threads took: 0.0740400 seconds
42.348: Application time: 0.0016960 seconds
42.425: [GC42.425: [ParNew: 7154K->853K(8128K), 0.0006800 secs] 9919K->3813K(26052K), 0.0007100 secs] [Times: user=0.01 sys=0.00, real=0.00 secs] 
42.425: Total time for which application threads were stopped: 0.0775060 seconds, Stopping threads took: 0.0767310 seconds
42.427: Application time: 0.0019630 seconds
42.504: [GC42.504: [ParNew: 7804K->400K(8128K), 0.0004940 secs] 10764K->3464K(26052K), 0.0005240 secs] [Times: user=0.00 sys=0.00, real=0.00 secs] 
42.504: Total time for which application threads were stopped: 0.0768970 seconds, Stopping threads took: 0.0762850 seconds
42.505: Application time: 0.0008780 seconds
42.546: [GC42.546: [ParNew: 7546K->797K(8128K), 0.0019710 secs] 10610K->9525K(26052K), 0.0020040 secs] [Times: user=0.02 sys=0.00, real=0.00 secs] 
42.548: Total time for which application threads were stopped: 0.0426060 seconds, Stopping threads took: 0.0405450 seconds
42.628: Application time: 0.0797450 seconds
42.681: [GC42.681: [ParNew: 7943K->795K(8128K), 0.0006480 secs] 16671K->10532K(26052K), 0.0006790 secs] [Times: user=0.01 sys=0.00, real=0.00 secs] 
42.682: Total time for which application threads were stopped: 0.0545350 seconds, Stopping threads took: 0.0537780 seconds
42.769: Application time: 0.0868350 seconds
42.774: [GC42.774: [ParNew: 7922K->239K(8128K), 0.0005100 secs] 17659K->10000K(26052K), 0.0005460 secs] [Times: user=0.00 sys=0.00, real=0.00 secs] 
42.774: Total time for which application threads were stopped: 0.0053270 seconds, Stopping threads took: 0.0047220 seconds
42.775: Application time: 0.0007900 seconds
42.775: [GC42.775: [ParNew: 7366K->895K(8128K), 0.0021810 secs] 17127K->17060K(26052K), 0.0022160 secs] [Times: user=0.01 sys=0.01, real=0.00 secs] 
42.777: Total time for which application threads were stopped: 0.0024710 seconds, Stopping threads took: 0.0002000 seconds
42.869: Application time: 0.0914770 seconds
42.943: [GC42.943: [ParNew: 8119K->8119K(8128K), 0.0000100 secs]42.943: [Tenured: 16165K->1833K(17924K), 0.0048890 secs] 24284K->1833K(26052K), [Perm : 5108K->5108K(21248K)], 0.0049430 secs] [Times: user=0.01 sys=0.00, real=0.01 secs] 
42.948: Total time for which application threads were stopped: 0.0787580 seconds, Stopping threads took: 0.0737440 seconds
42.949: Application time: 0.0012740 seconds
43.000: [GC43.000: [ParNew: 7146K->797K(8128K), 0.0021020 secs] 8979K->8295K(26052K), 0.0021330 secs] [Times: user=0.02 sys=0.00, real=0.00 secs] 
43.003: Total time for which application threads were stopped: 0.0535880 seconds, Stopping threads took: 0.0513790 seconds
43.086: Application time: 0.0831400 seconds
43.152: [GC43.152: [ParNew: 7728K->432K(8128K), 0.0005970 secs] 15226K->7962K(26052K), 0.0006260 secs] [Times: user=0.00 sys=0.01, real=0.00 secs] 
43.153: Total time for which application threads were stopped: 0.0672820 seconds, Stopping threads took: 0.0665920 seconds
43.154: Application time: 0.0009820 seconds
43.199: [GC43.199: [ParNew: 7578K->825K(8128K), 0.0022800 secs] 15108K->14019K(26052K), 0.0023200 secs] [Times: user=0.01 sys=0.00, real=0.00 secs] 
43.201: Total time for which application threads were stopped: 0.0472960 seconds, Stopping threads took: 0.0448940 seconds
43.293: Application time: 0.0917740 seconds
43.367: [GC43.367: [ParNew: 7756K->7756K(8128K), 0.0000120 secs]43.367: [Tenured: 13194K->2283K(17924K), 0.0056250 secs] 20950K->2283K(26052K), [Perm : 5108K->5108K(21248K)], 0.0056800 secs] [Times: user=0.00 sys=0.00, real=0.00 secs] 
43.373: Total time for which application threads were stopped: 0.0795130 seconds, Stopping threads took: 0.0737710 seconds
43.385: Application time: 0.0121370 seconds
43.451: [GC43.451: [ParNew: 7146K->14K(8128K), 0.0004150 secs] 9429K->2297K(26052K), 0.0004450 secs] [Times: user=0.00 sys=0.00, real=0.00 secs] 
43.451: Total time for which application threads were stopped: 0.0665540 seconds, Stopping threads took: 0.0660440 seconds
43.452: Application time: 0.0007760 seconds
43.504: [GC43.504: [ParNew: 7238K->895K(8128K), 0.0016740 secs] 9521K->8382K(26052K), 0.0017010 secs] [Times: user=0.01 sys=0.00, real=0.00 secs] 
43.505: Total time for which application threads were stopped: 0.0534240 seconds, Stopping threads took: 0.0516490 seconds
43.588: Application time: 0.0825420 seconds
43.655: [GC43.655: [ParNew: 7943K->207K(8128K), 0.0003430 secs] 15430K->7742K(26052K), 0.0003730 secs] [Times: user=0.00 sys=0.00, real=0.00 secs] 
43.655: Total time for which application threads were stopped: 0.0673430 seconds, Stopping threads took: 0.0669180 seconds
43.656: Application time: 0.0009450 seconds
43.656: [GC43.656: [ParNew: 7353K->895K(8128K), 0.0023020 secs] 14888K->14876K(26052K), 0.0023340 secs] [Times: user=0.02 sys=0.00, real=0.01 secs] 
43.659: Total time for which application threads were stopped: 0.0025110 seconds, Stopping threads took: 0.0001230 seconds
43.739: Application time: 0.0800560 seconds
43.807: [GC43.807: [ParNew: 8040K->8040K(8128K), 0.0000090 secs]43.807: [Tenured: 13980K->3484K(17924K), 0.0052460 secs] 22021K->3484K(26052K), [Perm : 5108K->5108K(21248K)], 0.0053030 secs] [Times: user=0.01 sys=0.00, real=0.00 secs] 
43.812: Total time for which application threads were stopped: 0.0735660 seconds, Stopping threads took: 0.0682000 seconds
43.899: Application time: 0.0868870 seconds
43.902: [GC43.902: [ParNew: 7048K->10K(8128K), 0.0004650 secs] 10533K->3494K(26052K), 0.0004940 secs] [Times: user=0.00 sys=0.00, real=0.00 secs] 
43.903: Total time for which application threads were stopped: 0.0031660 seconds, Stopping threads took: 0.0026010 seconds
43.903: Application time: 0.0007320 seconds
43.904: [GC43.904: [ParNew: 7156K->895K(8128K), 0.0022090 secs] 10641K->10630K(26052K), 0.0022440 secs] [Times: user=0.01 sys=0.00, real=0.01 secs] 
43.906: Total time for which application threads were stopped: 0.0025150 seconds, Stopping threads took: 0.0002160 seconds
43.987: Application time: 0.0816630 seconds
44.058: [GC44.058: [ParNew: 7845K->795K(8128K), 0.0005160 secs] 17580K->10953K(26052K), 0.0005470 secs] [Times: user=0.00 sys=0.00, real=0.00 secs] 
44.059: Total time for which application threads were stopped: 0.0715520 seconds, Stopping threads took: 0.0709370 seconds
44.060: Application time: 0.0009910 seconds
44.101: [GC44.101: [ParNew: 7941K->795K(8128K), 0.0017780 secs] 18099K->15282K(26052K), 0.0018180 secs] [Times: user=0.01 sys=0.00, real=0.00 secs] 
44.102: Total time for which application threads were stopped: 0.0423950 seconds, Stopping threads took: 0.0404980 seconds
44.195: Application time: 0.0921290 seconds
44.235: [GC44.235: [ParNew: 7902K->7902K(8128K), 0.0000100 secs]44.235: [Tenured: 14487K->1471K(17924K), 0.0051150 secs] 22389K->1471K(26052K), [Perm : 5108K->5108K(21248K)], 0.0051690 secs] [Times: user=0.01 sys=0.00, real=0.01 secs] 
44.240: Total time for which application threads were stopped: 0.0456050 seconds, Stopping threads took: 0.0403540 seconds
44.241: Application time: 0.0010390 seconds
44.241: [GC44.241: [ParNew: 7146K->895K(8128K), 0.0022410 secs] 8617K->8616K(26052K), 0.0022760 secs] [Times: user=0.01 sys=0.00, real=0.00 secs] 
44.244: Total time for which application threads were stopped: 0.0025640 seconds, Stopping threads took: 0.0002260 seconds
44.324: Application time: 0.0803610 seconds
44.392: [GC44.392: [ParNew: 8040K->795K(8128K), 0.0005730 secs] 15762K->9322K(26052K), 0.0015780 secs] [Times: user=0.00 sys=0.00, real=0.00 secs] 
44.394: Total time for which application threads were stopped: 0.0698140 seconds, Stopping threads took: 0.0681550 seconds
44.478: Application time: 0.0841930 seconds
44.485: [GC44.485: [ParNew: 7843K->12K(8128K), 0.0004440 secs] 16371K->8571K(26052K), 0.0004710 secs] [Times: user=0.01 sys=0.00, real=0.00 secs] 
44.485: Total time for which application threads were stopped: 0.0070460 seconds, Stopping threads took: 0.0065230 seconds
44.486: Application time: 0.0008560 seconds
44.486: [GC44.486: [ParNew: 7236K->895K(8128K), 0.0023970 secs] 15795K->15732K(26052K), 0.0024310 secs] [Times: user=0.02 sys=0.00, real=0.00 secs] 
44.489: Total time for which application threads were stopped: 0.0027350 seconds, Stopping threads took: 0.0002270 seconds
44.584: Application time: 0.0948300 seconds
44.652: [GC44.652: [ParNew: 7943K->7943K(8128K), 0.0000100 secs]44.652: [Tenured: 14837K->1501K(17924K), 0.0050540 secs] 22780K->1501K(26052K), [Perm : 5108K->5108K(21248K)], 0.0051100 secs] [Times: user=0.00 sys=0.00, real=0.00 secs] 
44.657: Total time for which application threads were stopped: 0.0738330 seconds, Stopping threads took: 0.0686320 seconds
44.658: Application time: 0.0010440 seconds
44.707: [GC44.707: [ParNew: 7185K->895K(8128K), 0.0019200 secs] 8687K->7657K(26052K), 0.0019590 secs] [Times: user=0.02 sys=0.00, real=0.00 secs] 
44.709: Total time for which application threads were stopped: 0.0508410 seconds, Stopping threads took: 0.0488030 seconds
44.788: Application time: 0.0791340 seconds
44.859: [GC44.859: [ParNew: 8021K->237K(8128K), 0.0004210 secs] 14783K->7063K(26052K), 0.0004520 secs] [Times: user=0.00 sys=0.00, real=0.00 secs] 
44.859: Total time for which application threads were stopped: 0.0709440 seconds, Stopping threads took: 0.0704170 seconds
44.860: Application time: 0.0010070 seconds
44.861: [GC44.861: [ParNew: 7383K->895K(8128K), 0.0020510 secs] 14209K->14194K(26052K), 0.0020860 secs] [Times: user=0.01 sys=0.00, real=0.00 secs] 
44.863: Total time for which application threads were stopped: 0.0023520 seconds, Stopping threads took: 0.0001910 seconds
44.944: Application time: 0.0812390 seconds
45.013: [GC45.013: [ParNew: 8040K->8040K(8128K), 0.0000100 secs]45.013: [Tenured: 13299K->3179K(17924K), 0.0046370 secs] 21340K->3179K(26052K), [Perm : 5108K->5108K(21248K)], 0.0047010 secs] [Times: user=0.01 sys=0.00, real=0.01 secs] 
45.018: Total time for which application threads were stopped: 0.0738860 seconds, Stopping threads took: 0.0691250 seconds
45.102: Application time: 0.0842280 seconds
45.107: [GC45.107: [ParNew: 7126K->44K(8128K), 0.0002340 secs] 10306K->3224K(26052K), 0.0002640 secs] [Times: user=0.00 sys=0.00, real=0.00 secs] 
45.107: Total time for which application threads were stopped: 0.0050750 seconds, Stopping threads took: 0.0047580 seconds
45.108: Application time: 0.0008110 seconds
45.108: [GC45.108: [ParNew: 7190K->895K(8128K), 0.0024240 secs] 10370K->10353K(26052K), 0.0024580 secs] [Times: user=0.02 sys=0.00, real=0.00 secs] 
45.111: Total time for which application threads were stopped: 0.0027830 seconds, Stopping threads took: 0.0002590 seconds
45.193: Application time: 0.0823180 seconds
45.260: [GC45.260: [ParNew: 8040K->793K(8128K), 0.0005190 secs] 17499K->10877K(26052K), 0.0005530 secs] [Times: user=0.00 sys=0.00, real=0.00 secs] 
45.260: Total time for which application threads were stopped: 0.0670810 seconds, Stopping threads took: 0.0664500 seconds
45.261: Application time: 0.0010400 seconds
45.302: [GC45.302: [ParNew: 7939K->895K(8128K), 0.0016430 secs] 18023K->15406K(26052K), 0.0016750 secs] [Times: user=0.01 sys=0.00, real=0.00 secs] 
45.304: Total time for which application threads were stopped: 0.0423240 seconds, Stopping threads took: 0.0405940 seconds
45.392: Application time: 0.0880810 seconds
45.463: [GC45.463: [ParNew: 7845K->7845K(8128K), 0.0000100 secs]45.463: [Tenured: 14511K->2036K(17924K), 0.0050970 secs] 22357K->2036K(26052K), [Perm : 5108K->5108K(21248K)], 0.0051500 secs] [Times: user=0.00 sys=0.00, real=0.01 secs] 
45.468: Total time for which application threads were stopped: 0.0766560 seconds, Stopping threads took: 0.0714440 seconds
45.469: Application time: 0.0010920 seconds
45.513: [GC45.513: [ParNew: 7146K->895K(8128K), 0.0016910 secs] 9182K->7424K(26052K), 0.0017330 secs] [Times: user=0.01 sys=0.00, real=0.00 secs] 
45.515: Total time for which application threads were stopped: 0.0458150 seconds, Stopping threads took: 0.0440020 seconds
45.594: Application time: 0.0786530 seconds
45.637: [GC45.637: [ParNew: 7748K->406K(8128K), 0.0006140 secs] 14277K->6967K(26052K), 0.0006460 secs] [Times: user=0.00 sys=0.00, real=0.00 secs] 
45.637: Total time for which application threads were stopped: 0.0434390 seconds, Stopping threads took: 0.0427280 seconds
45.638: Application time: 0.0009520 seconds
45.693: [GC45.693: [ParNew: 7552K->895K(8128K), 0.0016930 secs] 14113K->11948K(26052K), 0.0017300 secs] [Times: user=0.01 sys=0.00, real=0.00 secs] 
45.694: Total time for which application threads were stopped: 0.0561250 seconds, Stopping threads took: 0.0543160 seconds
45.773: Application time: 0.0783670 seconds
45.817: [GC45.817: [ParNew: 7748K->402K(8128K), 0.0005400 secs] 18801K->11480K(26052K), 0.0005710 secs] [Times: user=0.00 sys=0.00, real=0.00 secs] 
45.817: Total time for which application threads were stopped: 0.0445520 seconds, Stopping threads took: 0.0438980 seconds
45.822: Application time: 0.0050140 seconds
45.887: [GC45.887: [ParNew: 7451K->795K(8128K), 0.0010050 secs] 18528K->14216K(26052K), 0.0010380 secs] [Times: user=0.00 sys=0.00, real=0.00 secs] 
45.888: Total time for which application threads were stopped: 0.0652470 seconds, Stopping threads took: 0.0641290 seconds
45.976: Application time: 0.0886510 seconds
46.019: [GC46.019: [ParNew: 7746K->7746K(8128K), 0.0000100 secs]46.019: [Tenured: 13421K->1667K(17924K), 0.0050880 secs] 21167K->1667K(26052K), [Perm : 5108K->5108K(21248K)], 0.0051430 secs] [Times: user=0.01 sys=0.00, real=0.00 secs] 
46.025: Total time for which application threads were stopped: 0.0483600 seconds, Stopping threads took: 0.0431340 seconds
46.026: Application time: 0.0011400 seconds
46.066: [GC46.066: [ParNew: 7224K->895K(8128K), 0.0017440 secs] 8891K->7082K(26052K), 0.0017870 secs] [Times: user=0.01 sys=0.01, real=0.00 secs] 
46.068: Total time for which application threads were stopped: 0.0425190 seconds, Stopping threads took: 0.0406520 seconds
46.147: Application time: 0.0788660 seconds
46.190: [GC46.190: [ParNew: 7748K->398K(8128K), 0.0005640 secs] 13935K->6634K(26052K), 0.0005960 secs] [Times: user=0.00 sys=0.00, real=0.00 secs] 
46.190: Total time for which application threads were stopped: 0.0433500 seconds, Stopping threads took: 0.0426960 seconds
46.192: Application time: 0.0010300 seconds
46.232: [GC46.232: [ParNew: 7544K->895K(8128K), 0.0020790 secs] 13780K->12697K(26052K), 0.0021160 secs] [Times: user=0.02 sys=0.00, real=0.00 secs] 
46.234: Total time for which application threads were stopped: 0.0428030 seconds, Stopping threads took: 0.0406310 seconds
46.315: Application time: 0.0804250 seconds
46.383: [GC46.383: [ParNew: 7904K->7904K(8128K), 0.0000100 secs]46.383: [Tenured: 11802K->1752K(17924K), 0.0043580 secs] 19706K->1752K(26052K), [Perm : 5108K->5108K(21248K)], 0.0044140 secs] [Times: user=0.01 sys=0.00, real=0.01 secs] 
46.387: Total time for which application threads were stopped: 0.0723430 seconds, Stopping threads took: 0.0678610 seconds
46.388: Application time: 0.0011060 seconds
46.430: [GC46.430: [ParNew: 7224K->895K(8128K), 0.0022020 secs] 8977K->8242K(26052K), 0.0022390 secs] [Times: user=0.02 sys=0.00, real=0.00 secs] 
46.433: Total time for which application threads were stopped: 0.0444770 seconds, Stopping threads took: 0.0421790 seconds
46.513: Application time: 0.0803380 seconds
46.583: [GC46.583: [ParNew: 7982K->488K(8128K), 0.0004090 secs] 15330K->7892K(26052K), 0.0004390 secs] [Times: user=0.00 sys=0.00, real=0.00 secs] 
46.583: Total time for which application threads were stopped: 0.0700380 seconds, Stopping threads took: 0.0695470 seconds
46.584: Application time: 0.0008630 seconds
46.624: [GC46.624: [ParNew: 7713K->825K(8128K), 0.0021510 secs] 15116K->14005K(26052K), 0.0021880 secs] [Times: user=0.02 sys=0.00, real=0.01 secs] 
46.626: Total time for which application threads were stopped: 0.0423640 seconds, Stopping threads took: 0.0400990 seconds
46.708: Application time: 0.0815180 seconds
46.776: [GC46.776: [ParNew: 7678K->7678K(8128K), 0.0000100 secs]46.776: [Tenured: 13179K->1896K(17924K), 0.0051420 secs] 20858K->1896K(26052K), [Perm : 5108K->5108K(21248K)], 0.0051980 secs] [Times: user=0.01 sys=0.00, real=0.01 secs] 
46.781: Total time for which application threads were stopped: 0.0729970 seconds, Stopping threads took: 0.0677150 seconds
46.782: Application time: 0.0011270 seconds
46.823: [GC46.823: [ParNew: 7146K->895K(8128K), 0.0019370 secs] 9042K->7283K(26052K), 0.0019740 secs] [Times: user=0.01 sys=0.00, real=0.00 secs] 
46.825: Total time for which application threads were stopped: 0.0431470 seconds, Stopping threads took: 0.0410930 seconds
46.903: Application time: 0.0780900 seconds
46.946: [GC46.946: [ParNew: 7748K->893K(8128K), 0.0007680 secs] 14136K->7891K(26052K), 0.0008000 secs] [Times: user=0.00 sys=0.00, real=0.00 secs] 
46.947: Total time for which application threads were stopped: 0.0433810 seconds, Stopping threads took: 0.0424970 seconds
47.024: Application time: 0.0779330 seconds
47.032: [GC47.032: [ParNew: 8039K->16K(8128K), 0.0005190 secs] 15037K->7022K(26052K), 0.0005480 secs] [Times: user=0.00 sys=0.00, real=0.00 secs] 
47.033: Total time for which application threads were stopped: 0.0083920 seconds, Stopping threads took: 0.0077710 seconds
47.034: Application time: 0.0006310 seconds
47.034: [GC47.034: [ParNew: 7162K->895K(8128K), 0.0020930 secs] 14169K->14152K(26052K), 0.0021300 secs] [Times: user=0.01 sys=0.00, real=0.00 secs] 
47.036: Total time for which application threads were stopped: 0.0025640 seconds, Stopping threads took: 0.0003580 seconds
47.134: Application time: 0.0981520 seconds
47.204: [GC47.204: [ParNew: 7943K->7943K(8128K), 0.0000100 secs]47.204: [Tenured: 13257K->2093K(17924K), 0.0043950 secs] 21200K->2093K(26052K), [Perm : 5108K->5108K(21248K)], 0.0044600 secs] [Times: user=0.01 sys=0.00, real=0.01 secs] 
47.209: Total time for which application threads were stopped: 0.0747050 seconds, Stopping threads took: 0.0701820 seconds
47.210: Application time: 0.0011860 seconds
47.251: [GC47.251: [ParNew: 7146K->797K(8128K), 0.0018760 secs] 9239K->8360K(26052K), 0.0019130 secs] [Times: user=0.01 sys=0.00, real=0.00 secs] 
47.253: Total time for which application threads were stopped: 0.0425460 seconds, Stopping threads took: 0.0405720 seconds
47.332: Application time: 0.0796170 seconds
47.402: [GC47.402: [ParNew: 7845K->402K(8128K), 0.0002990 secs] 15408K->7997K(26052K), 0.0003320 secs] [Times: user=0.00 sys=0.00, real=0.00 secs] 
47.402: Total time for which application threads were stopped: 0.0701700 seconds, Stopping threads took: 0.0697610 seconds
47.403: Application time: 0.0009230 seconds
47.450: [GC47.450: [ParNew: 7548K->895K(8128K), 0.0021780 secs] 15143K->14056K(26052K), 0.0022130 secs] [Times: user=0.01 sys=0.00, real=0.00 secs] 
47.453: Total time for which application threads were stopped: 0.0491830 seconds, Stopping threads took: 0.0468850 seconds
47.534: Application time: 0.0814310 seconds
47.601: [GC47.601: [ParNew: 7943K->7943K(8128K), 0.0000100 secs]47.601: [Tenured: 13161K->1862K(17924K), 0.0051390 secs] 21104K->1862K(26052K), [Perm : 5108K->5108K(21248K)], 0.0051930 secs] [Times: user=0.01 sys=0.00, real=0.01 secs] 
47.606: Total time for which application threads were stopped: 0.0719310 seconds, Stopping threads took: 0.0666570 seconds
47.607: Application time: 0.0011330 seconds
47.648: [GC47.648: [ParNew: 7146K->893K(8128K), 0.0018300 secs] 9008K->7443K(26052K), 0.0018780 secs] [Times: user=0.01 sys=0.00, real=0.00 secs] 
47.650: Total time for which application threads were stopped: 0.0426350 seconds, Stopping threads took: 0.0406770 seconds
47.729: Application time: 0.0788870 seconds
47.770: [GC47.770: [ParNew: 7941K->797K(8128K), 0.0004120 secs] 14492K->7364K(26052K), 0.0004440 secs] [Times: user=0.00 sys=0.00, real=0.00 secs] 
47.771: Total time for which application threads were stopped: 0.0422440 seconds, Stopping threads took: 0.0417220 seconds
47.772: Application time: 0.0010540 seconds
47.812: [GC47.812: [ParNew: 8021K->895K(8128K), 0.0022440 secs] 14588K->13451K(26052K), 0.0022800 secs] [Times: user=0.02 sys=0.00, real=0.00 secs] 
47.815: Total time for which application threads were stopped: 0.0428640 seconds, Stopping threads took: 0.0405050 seconds
47.897: Application time: 0.0826460 seconds
47.968: [GC47.968: [ParNew: 8119K->8119K(8128K), 0.0000100 secs]47.968: [Tenured: 12556K->1334K(17924K), 0.0049810 secs] 20675K->1334K(26052K), [Perm : 5108K->5108K(21248K)], 0.0050340 secs] [Times: user=0.01 sys=0.00, real=0.00 secs] 
47.973: Total time for which application threads were stopped: 0.0755790 seconds, Stopping threads took: 0.0704770 seconds
47.974: Application time: 0.0010910 seconds
47.974: [GC47.974: [ParNew: 7146K->893K(8128K), 0.0022770 secs] 8480K->8477K(26052K), 0.0023170 secs] [Times: user=0.01 sys=0.00, real=0.00 secs] 
47.977: Total time for which application threads were stopped: 0.0025470 seconds, Stopping threads took: 0.0001490 seconds
48.057: Application time: 0.0803990 seconds
48.130: [GC48.130: [ParNew: 7941K->205K(8128K), 0.0005440 secs] 15525K->7821K(26052K), 0.0005780 secs] [Times: user=0.00 sys=0.00, real=0.00 secs] 
48.130: Total time for which application threads were stopped: 0.0732850 seconds, Stopping threads took: 0.0726530 seconds
48.131: Application time: 0.0008710 seconds
48.132: [GC48.132: [ParNew: 7429K->895K(8128K), 0.0019180 secs] 15046K->14985K(26052K), 0.0019480 secs] [Times: user=0.02 sys=0.00, real=0.00 secs] 
48.133: Total time for which application threads were stopped: 0.0022760 seconds, Stopping threads took: 0.0002490 seconds
48.215: Application time: 0.0817040 seconds
48.286: [GC48.286: [ParNew: 8099K->8099K(8128K), 0.0000090 secs]48.286: [Tenured: 14090K->1812K(17924K), 0.0050070 secs] 22189K->1812K(26052K), [Perm : 5109K->5109K(21248K)], 0.0050610 secs] [Times: user=0.00 sys=0.00, real=0.00 secs] 
48.292: Total time for which application threads were stopped: 0.0763400 seconds, Stopping threads took: 0.0712110 seconds
48.293: Application time: 0.0013660 seconds
48.333: [GC48.333: [ParNew: 7224K->895K(8128K), 0.0019040 secs] 9036K->8301K(26052K), 0.0019380 secs] [Times: user=0.02 sys=0.00, real=0.00 secs] 
48.335: Total time for which application threads were stopped: 0.0416610 seconds, Stopping threads took: 0.0396440 seconds
48.416: Application time: 0.0818150 seconds
48.483: [GC48.483: [ParNew: 7826K->432K(8128K), 0.0004350 secs] 15233K->7887K(26052K), 0.0004590 secs] [Times: user=0.01 sys=0.00, real=0.00 secs] 
48.484: Total time for which application threads were stopped: 0.0674640 seconds, Stopping threads took: 0.0669330 seconds
48.485: Application time: 0.0010070 seconds
48.530: [GC48.530: [ParNew: 7578K->895K(8128K), 0.0020080 secs] 15033K->13944K(26052K), 0.0020460 secs] [Times: user=0.02 sys=0.00, real=0.00 secs] 
48.532: Total time for which application threads were stopped: 0.0468070 seconds, Stopping threads took: 0.0447020 seconds
48.614: Application time: 0.0821760 seconds
48.668: [GC48.668: [ParNew: 8040K->8040K(8128K), 0.0000100 secs]48.668: [Tenured: 13049K->3628K(17924K), 0.0053040 secs] 21090K->3628K(26052K), [Perm : 5109K->5109K(21248K)], 0.0053610 secs] [Times: user=0.00 sys=0.00, real=0.00 secs] 
48.673: Total time for which application threads were stopped: 0.0591540 seconds, Stopping threads took: 0.0537090 seconds
48.762: Application time: 0.0893310 seconds
48.771: [GC48.771: [ParNew: 7126K->237K(8128K), 0.0002950 secs] 10755K->3866K(26052K), 0.0003250 secs] [Times: user=0.00 sys=0.00, real=0.00 secs] 
48.771: Total time for which application threads were stopped: 0.0086320 seconds, Stopping threads took: 0.0082300 seconds
48.772: Application time: 0.0007430 seconds
48.772: [GC48.772: [ParNew: 7383K->895K(8128K), 0.0022830 secs] 11012K->10997K(26052K), 0.0023140 secs] [Times: user=0.02 sys=0.00, real=0.00 secs] 
48.774: Total time for which application threads were stopped: 0.0027630 seconds, Stopping threads took: 0.0003720 seconds
48.856: Application time: 0.0814520 seconds
48.923: [GC48.923: [ParNew: 8040K->793K(8128K), 0.0007750 secs] 18143K->11717K(26052K), 0.0008080 secs] [Times: user=0.01 sys=0.00, real=0.00 secs] 
48.924: Total time for which application threads were stopped: 0.0682600 seconds, Stopping threads took: 0.0673750 seconds
49.002: Application time: 0.0775510 seconds
49.006: [GC49.006: [ParNew: 7841K->12K(8128K), 0.0005150 secs] 18765K->10967K(26052K), 0.0005440 secs] [Times: user=0.00 sys=0.00, real=0.00 secs] 
49.007: Total time for which application threads were stopped: 0.0048810 seconds, Stopping threads took: 0.0042590 seconds
49.007: Application time: 0.0007800 seconds
49.008: [GC49.008: [ParNew: 7158K->895K(8128K), 0.0020170 secs] 18113K->18101K(26052K), 0.0020490 secs] [Times: user=0.01 sys=0.00, real=0.00 secs] 
49.010: Total time for which application threads were stopped: 0.0023150 seconds, Stopping threads took: 0.0002110 seconds
49.105: Application time: 0.0949290 seconds
49.177: [GC49.177: [ParNew: 7943K->7943K(8128K), 0.0000100 secs]49.177: [Tenured: 17206K->1473K(17924K), 0.0042920 secs] 25149K->1473K(26052K), [Perm : 5109K->5109K(21248K)], 0.0043480 secs] [Times: user=0.01 sys=0.00, real=0.01 secs] 
49.181: Total time for which application threads were stopped: 0.0763030 seconds, Stopping threads took: 0.0718920 seconds
49.182: Application time: 0.0011170 seconds
49.222: [GC49.222: [ParNew: 7146K->895K(8128K), 0.0022740 secs] 8619K->7739K(26052K), 0.0023130 secs] [Times: user=0.01 sys=0.00, real=0.00 secs] 
49.225: Total time for which application threads were stopped: 0.0426400 seconds, Stopping threads took: 0.0402690 seconds
49.306: Application time: 0.0814750 seconds
49.373: [GC49.373: [ParNew: 7943K->404K(8128K), 0.0005130 secs] 14787K->7273K(26052K), 0.0005460 secs] [Times: user=0.00 sys=0.00, real=0.00 secs] 
49.373: Total time for which application threads were stopped: 0.0671530 seconds, Stopping threads took: 0.0665300 seconds
49.374: Application time: 0.0009720 seconds
49.415: [GC49.415: [ParNew: 7629K->895K(8128K), 0.0016800 secs] 14497K->12284K(26052K), 0.0017200 secs] [Times: user=0.02 sys=0.00, real=0.00 secs] 
49.417: Total time for which application threads were stopped: 0.0424690 seconds, Stopping threads took: 0.0406940 seconds
49.496: Application time: 0.0792030 seconds
49.538: [GC49.538: [ParNew: 7748K->7748K(8128K), 0.0000110 secs]49.538: [Tenured: 11388K->2770K(17924K), 0.0053120 secs] 19137K->2770K(26052K), [Perm : 5109K->5109K(21248K)], 0.0053680 secs] [Times: user=0.01 sys=0.00, real=0.00 secs] 
49.543: Total time for which application threads were stopped: 0.0472810 seconds, Stopping threads took: 0.0418220 seconds
49.620: Application time: 0.0769240 seconds
49.626: [GC49.626: [ParNew: 7224K->44K(8128K), 0.0004830 secs] 9995K->2815K(26052K), 0.0005130 secs] [Times: user=0.00 sys=0.00, real=0.00 secs] 
49.626: Total time for which application threads were stopped: 0.0059950 seconds, Stopping threads took: 0.0054040 seconds
49.627: Application time: 0.0007280 seconds
49.627: [GC49.627: [ParNew: 7190K->895K(8128K), 0.0021860 secs] 9961K->9944K(26052K), 0.0022170 secs] [Times: user=0.01 sys=0.00, real=0.00 secs] 
49.630: Total time for which application threads were stopped: 0.0026080 seconds, Stopping threads took: 0.0003170 seconds
49.710: Application time: 0.0805330 seconds
49.779: [GC49.779: [ParNew: 7845K->795K(8128K), 0.0007960 secs] 16894K->10291K(26052K), 0.0008310 secs] [Times: user=0.01 sys=0.00, real=0.00 secs] 
49.780: Total time for which application threads were stopped: 0.0697270 seconds, Stopping threads took: 0.0688180 seconds
49.781: Application time: 0.0014550 seconds
49.858: [GC49.858: [ParNew: 8019K->825K(8128K), 0.0004200 secs] 17515K->10329K(26052K), 0.0004490 secs] [Times: user=0.00 sys=0.00, real=0.00 secs] 
49.859: Total time for which application threads were stopped: 0.0773670 seconds, Stopping threads took: 0.0768470 seconds
49.860: Application time: 0.0009550 seconds
49.911: [GC49.911: [ParNew: 7971K->895K(8128K), 0.0020190 secs] 17475K->15338K(26052K), 0.0020550 secs] [Times: user=0.02 sys=0.00, real=0.00 secs] 
49.913: Total time for which application threads were stopped: 0.0531040 seconds, Stopping threads took: 0.0509700 seconds
50.000: Application time: 0.0874340 seconds
50.071: [GC50.071: [ParNew: 8119K->8119K(8128K), 0.0000100 secs]50.071: [Tenured: 14443K->1391K(17924K), 0.0049660 secs] 22562K->1391K(26052K), [Perm : 5109K->5109K(21248K)], 0.0050180 secs] [Times: user=0.01 sys=0.00, real=0.00 secs] 
50.076: Total time for which application threads were stopped: 0.0762720 seconds, Stopping threads took: 0.0711620 seconds
50.077: Application time: 0.0010610 seconds
50.118: [GC50.118: [ParNew: 7202K->861K(8128K), 0.0022790 secs] 8594K->7429K(26052K), 0.0023150 secs] [Times: user=0.01 sys=0.01, real=0.00 secs] 
50.120: Total time for which application threads were stopped: 0.0426560 seconds, Stopping threads took: 0.0402790 seconds
50.200: Application time: 0.0799060 seconds
50.270: [GC50.270: [ParNew: 7968K->68K(8128K), 0.0003770 secs] 14536K->6740K(26052K), 0.0004090 secs] [Times: user=0.00 sys=0.00, real=0.00 secs] 
50.271: Total time for which application threads were stopped: 0.0705900 seconds, Stopping threads took: 0.0701030 seconds
50.272: Application time: 0.0009720 seconds
50.272: [GC50.272: [ParNew: 7214K->895K(8128K), 0.0021190 secs] 13886K->13873K(26052K), 0.0021520 secs] [Times: user=0.02 sys=0.00, real=0.00 secs] 
50.274: Total time for which application threads were stopped: 0.0022500 seconds, Stopping threads took: 0.0000450 seconds
50.361: Application time: 0.0868240 seconds
50.405: [GC50.405: [ParNew: 7943K->7943K(8128K), 0.0000100 secs]50.405: [Tenured: 12978K->3850K(17924K), 0.0048560 secs] 20921K->3850K(26052K), [Perm : 5109K->5109K(21248K)], 0.0049130 secs] [Times: user=0.00 sys=0.00, real=0.01 secs] 
50.410: Total time for which application threads were stopped: 0.0491870 seconds, Stopping threads took: 0.0441890 seconds
50.495: Application time: 0.0855220 seconds
50.501: [GC50.501: [ParNew: 7048K->797K(8128K), 0.0004580 secs] 10899K->4648K(26052K), 0.0004990 secs] [Times: user=0.01 sys=0.00, real=0.00 secs] 
50.502: Total time for which application threads were stopped: 0.0062320 seconds, Stopping threads took: 0.0056560 seconds
50.503: Application time: 0.0009630 seconds
50.543: [GC50.543: [ParNew: 7943K->797K(8128K), 0.0024100 secs] 11794K->10727K(26052K), 0.0024450 secs] [Times: user=0.02 sys=0.01, real=0.00 secs] 
50.546: Total time for which application threads were stopped: 0.0430060 seconds, Stopping threads took: 0.0404820 seconds
50.626: Application time: 0.0806040 seconds
50.694: [GC50.694: [ParNew: 7845K->797K(8128K), 0.0004680 secs] 17775K->10938K(26052K), 0.0005010 secs] [Times: user=0.00 sys=0.00, real=0.00 secs] 
50.695: Total time for which application threads were stopped: 0.0685360 seconds, Stopping threads took: 0.0679550 seconds
50.696: Application time: 0.0009900 seconds
50.736: [GC50.736: [ParNew: 7943K->797K(8128K), 0.0024700 secs] 18084K->17204K(26052K), 0.0025050 secs] [Times: user=0.02 sys=0.00, real=0.01 secs] 
50.739: Total time for which application threads were stopped: 0.0430350 seconds, Stopping threads took: 0.0404520 seconds
50.833: Application time: 0.0939160 seconds
50.907: [GC50.907: [ParNew: 7943K->7943K(8128K), 0.0000110 secs]50.907: [Tenured: 16407K->1473K(17924K), 0.0058130 secs] 24350K->1473K(26052K), [Perm : 5109K->5109K(21248K)], 0.0058660 secs] [Times: user=0.00 sys=0.00, real=0.00 secs] 
50.913: Total time for which application threads were stopped: 0.0803270 seconds, Stopping threads took: 0.0744000 seconds
50.914: Application time: 0.0011470 seconds
50.956: [GC50.956: [ParNew: 7146K->895K(8128K), 0.0020670 secs] 8619K->7740K(26052K), 0.0021030 secs] [Times: user=0.01 sys=0.00, real=0.01 secs] 
50.958: Total time for which application threads were stopped: 0.0441650 seconds, Stopping threads took: 0.0419840 seconds
51.039: Application time: 0.0810120 seconds
51.107: [GC51.107: [ParNew: 7943K->400K(8128K), 0.0005370 secs] 14788K->7277K(26052K), 0.0005690 secs] [Times: user=0.00 sys=0.00, real=0.00 secs] 
51.108: Total time for which application threads were stopped: 0.0685510 seconds, Stopping threads took: 0.0679050 seconds
51.109: Application time: 0.0010180 seconds
51.149: [GC51.149: [ParNew: 7625K->895K(8128K), 0.0019870 secs] 14502K->13366K(26052K), 0.0020250 secs] [Times: user=0.02 sys=0.00, real=0.00 secs] 
51.151: Total time for which application threads were stopped: 0.0420300 seconds, Stopping threads took: 0.0399470 seconds
51.233: Application time: 0.0818380 seconds
51.300: [GC51.300: [ParNew: 8021K->8021K(8128K), 0.0000110 secs]51.300: [Tenured: 12471K->1921K(17924K), 0.0050980 secs] 20493K->1921K(26052K), [Perm : 5109K->5109K(21248K)], 0.0051540 secs] [Times: user=0.00 sys=0.00, real=0.00 secs] 
51.305: Total time for which application threads were stopped: 0.0722480 seconds, Stopping threads took: 0.0670030 seconds
51.306: Application time: 0.0011210 seconds
51.362: [GC51.362: [ParNew: 7146K->895K(8128K), 0.0019550 secs] 9067K->7503K(26052K), 0.0019940 secs] [Times: user=0.01 sys=0.00, real=0.00 secs] 
51.364: Total time for which application threads were stopped: 0.0577300 seconds, Stopping threads took: 0.0556570 seconds
51.443: Application time: 0.0792020 seconds
51.486: [GC51.487: [ParNew: 7943K->791K(8128K), 0.0006370 secs] 14552K->7440K(26052K), 0.0006700 secs] [Times: user=0.00 sys=0.00, real=0.00 secs] 
51.487: Total time for which application threads were stopped: 0.0440720 seconds, Stopping threads took: 0.0433230 seconds
51.488: Application time: 0.0009420 seconds
51.528: [GC51.528: [ParNew: 7937K->893K(8128K), 0.0022680 secs] 14586K->13515K(26052K), 0.0023080 secs] [Times: user=0.02 sys=0.00, real=0.00 secs] 
51.531: Total time for which application threads were stopped: 0.0425730 seconds, Stopping threads took: 0.0401860 seconds
51.623: Application time: 0.0924270 seconds
51.694: [GC51.694: [ParNew: 8039K->8039K(8128K), 0.0000100 secs]51.694: [Tenured: 12622K->2997K(17924K), 0.0051150 secs] 20661K->2997K(26052K), [Perm : 5109K->5109K(21248K)], 0.0051780 secs] [Times: user=0.00 sys=0.00, real=0.01 secs] 
51.699: Total time for which application threads were stopped: 0.0760220 seconds, Stopping threads took: 0.0707620 seconds
51.700: Application time: 0.0011080 seconds
51.741: [GC51.741: [ParNew: 7146K->895K(8128K), 0.0018290 secs] 10143K->7994K(26052K), 0.0018670 secs] [Times: user=0.01 sys=0.00, real=0.00 secs] 
51.743: Total time for which application threads were stopped: 0.0427980 seconds, Stopping threads took: 0.0408520 seconds
51.822: Application time: 0.0791760 seconds
51.863: [GC51.863: [ParNew: 8099K->755K(8128K), 0.0006810 secs] 15198K->8464K(26052K), 0.0007100 secs] [Times: user=0.00 sys=0.00, real=0.00 secs] 
51.864: Total time for which application threads were stopped: 0.0419140 seconds, Stopping threads took: 0.0411140 seconds
51.866: Application time: 0.0014420 seconds
51.941: [GC51.941: [ParNew: 7941K->895K(8128K), 0.0010650 secs] 15650K->10725K(26052K), 0.0011090 secs] [Times: user=0.01 sys=0.00, real=0.00 secs] 
51.942: Total time for which application threads were stopped: 0.0760890 seconds, Stopping threads took: 0.0749020 seconds
52.020: Application time: 0.0783640 seconds
52.024: [GC52.024: [ParNew: 8041K->793K(8128K), 0.0005480 secs] 17871K->11273K(26052K), 0.0005790 secs] [Times: user=0.00 sys=0.00, real=0.00 secs] 
52.024: Total time for which application threads were stopped: 0.0041110 seconds, Stopping threads took: 0.0034560 seconds
52.025: Application time: 0.0010420 seconds
52.094: [GC52.094: [ParNew: 7939K->895K(8128K), 0.0016290 secs] 18419K->14744K(26052K), 0.0016640 secs] [Times: user=0.01 sys=0.00, real=0.00 secs] 
52.096: Total time for which application threads were stopped: 0.0703730 seconds, Stopping threads took: 0.0686300 seconds
52.183: Application time: 0.0877230 seconds
52.227: [GC52.227: [ParNew: 7924K->7924K(8128K), 0.0000100 secs]52.227: [Tenured: 13848K->2484K(17924K), 0.0050930 secs] 21773K->2484K(26052K), [Perm : 5109K->5109K(21248K)], 0.0051480 secs] [Times: user=0.01 sys=0.00, real=0.00 secs] 
52.232: Total time for which application threads were stopped: 0.0485010 seconds, Stopping threads took: 0.0432930 seconds
52.233: Application time: 0.0010700 seconds
52.284: [GC52.284: [ParNew: 7146K->895K(8128K), 0.0020710 secs] 9630K->8946K(26052K), 0.0021090 secs] [Times: user=0.01 sys=0.00, real=0.01 secs] 
52.286: Total time for which application threads were stopped: 0.0529540 seconds, Stopping threads took: 0.0507650 seconds
52.366: Application time: 0.0801280 seconds
52.436: [GC52.436: [ParNew: 7748K->402K(8128K), 0.0005780 secs] 15798K->8485K(26052K), 0.0006090 secs] [Times: user=0.01 sys=0.00, real=0.00 secs] 
52.436: Total time for which application threads were stopped: 0.0703410 seconds, Stopping threads took: 0.0696460 seconds
52.437: Application time: 0.0008430 seconds
52.437: [GC52.438: [ParNew: 7451K->895K(8128K), 0.0023720 secs] 15534K->15521K(26052K), 0.0024050 secs] [Times: user=0.02 sys=0.00, real=0.01 secs] 
52.440: Total time for which application threads were stopped: 0.0027480 seconds, Stopping threads took: 0.0002790 seconds
52.530: Application time: 0.0903810 seconds
52.602: [GC52.602: [ParNew: 7845K->7845K(8128K), 0.0000110 secs]52.602: [Tenured: 14626K->1669K(17924K), 0.0051180 secs] 22471K->1669K(26052K), [Perm : 5109K->5109K(21248K)], 0.0051730 secs] [Times: user=0.00 sys=0.00, real=0.01 secs] 
52.607: Total time for which application threads were stopped: 0.0770350 seconds, Stopping threads took: 0.0717790 seconds
52.608: Application time: 0.0010460 seconds
52.648: [GC52.648: [ParNew: 7048K->893K(8128K), 0.0022070 secs] 8718K->8031K(26052K), 0.0022450 secs] [Times: user=0.02 sys=0.00, real=0.00 secs] 
52.650: Total time for which application threads were stopped: 0.0419500 seconds, Stopping threads took: 0.0396460 seconds
52.730: Application time: 0.0800860 seconds
52.799: [GC52.799: [ParNew: 7843K->398K(8128K), 0.0005340 secs] 14982K->7561K(26052K), 0.0005650 secs] [Times: user=0.01 sys=0.00, real=0.00 secs] 
52.800: Total time for which application threads were stopped: 0.0693920 seconds, Stopping threads took: 0.0687440 seconds
52.801: Application time: 0.0009380 seconds
52.854: [GC52.854: [ParNew: 7623K->895K(8128K), 0.0018870 secs] 14785K->12582K(26052K), 0.0019230 secs] [Times: user=0.01 sys=0.00, real=0.00 secs] 
52.856: Total time for which application threads were stopped: 0.0547310 seconds, Stopping threads took: 0.0527310 seconds
52.934: Application time: 0.0787340 seconds
52.976: [GC52.976: [ParNew: 8041K->8041K(8128K), 0.0000110 secs]52.976: [Tenured: 11687K->3065K(17924K), 0.0053150 secs] 19728K->3065K(26052K), [Perm : 5109K->5109K(21248K)], 0.0053710 secs] [Times: user=0.00 sys=0.00, real=0.01 secs] 
52.982: Total time for which application threads were stopped: 0.0474020 seconds, Stopping threads took: 0.0419360 seconds
53.060: Application time: 0.0781970 seconds
53.067: [GC53.067: [ParNew: 7048K->211K(8128K), 0.0004970 secs] 10113K->3276K(26052K), 0.0005260 secs] [Times: user=0.00 sys=0.00, real=0.00 secs] 
53.068: Total time for which application threads were stopped: 0.0078230 seconds, Stopping threads took: 0.0072240 seconds
53.069: Application time: 0.0008600 seconds
53.109: [GC53.109: [ParNew: 7435K->825K(8128K), 0.0019240 secs] 10500K->9359K(26052K), 0.0019620 secs] [Times: user=0.01 sys=0.00, real=0.00 secs] 
53.111: Total time for which application threads were stopped: 0.0424850 seconds, Stopping threads took: 0.0404650 seconds
53.191: Application time: 0.0804570 seconds
53.259: [GC53.259: [ParNew: 7873K->398K(8128K), 0.0006630 secs] 16407K->9020K(26052K), 0.0006950 secs] [Times: user=0.01 sys=0.00, real=0.00 secs] 
53.260: Total time for which application threads were stopped: 0.0686550 seconds, Stopping threads took: 0.0678850 seconds
53.261: Application time: 0.0009780 seconds
53.302: [GC53.302: [ParNew: 7544K->895K(8128K), 0.0019810 secs] 16166K->15084K(26052K), 0.0020120 secs] [Times: user=0.01 sys=0.00, real=0.00 secs] 
53.304: Total time for which application threads were stopped: 0.0426910 seconds, Stopping threads took: 0.0406050 seconds
53.392: Application time: 0.0878810 seconds
53.443: [GC53.443: [ParNew: 7747K->7747K(8128K), 0.0000100 secs]53.443: [Tenured: 14188K->3874K(17924K), 0.0047490 secs] 21936K->3874K(26052K), [Perm : 5109K->5109K(21248K)], 0.0048050 secs] [Times: user=0.00 sys=0.00, real=0.01 secs] 
53.447: Total time for which application threads were stopped: 0.0556900 seconds, Stopping threads took: 0.0508240 seconds
53.529: Application time: 0.0819860 seconds
53.582: [GC53.582: [ParNew: 7224K->44K(8128K), 0.0004780 secs] 11099K->3918K(26052K), 0.0005090 secs] [Times: user=0.01 sys=0.00, real=0.00 secs] 
53.583: Total time for which application threads were stopped: 0.0534940 seconds, Stopping threads took: 0.0529000 seconds
53.584: Application time: 0.0008450 seconds
53.584: [GC53.584: [ParNew: 7190K->895K(8128K), 0.0021040 secs] 11065K->11048K(26052K), 0.0021370 secs] [Times: user=0.02 sys=0.00, real=0.01 secs] 
53.586: Total time for which application threads were stopped: 0.0025820 seconds, Stopping threads took: 0.0003700 seconds
53.668: Application time: 0.0813040 seconds
53.736: [GC53.736: [ParNew: 8001K->853K(8128K), 0.0006850 secs] 18155K->11437K(26052K), 0.0007170 secs] [Times: user=0.01 sys=0.00, real=0.00 secs] 
53.737: Total time for which application threads were stopped: 0.0688860 seconds, Stopping threads took: 0.0680920 seconds
53.738: Application time: 0.0014480 seconds
53.815: [GC53.815: [ParNew: 8077K->823K(8128K), 0.0006550 secs] 18661K->11519K(26052K), 0.0006860 secs] [Times: user=0.01 sys=0.00, real=0.00 secs] 
53.815: Total time for which application threads were stopped: 0.0773590 seconds, Stopping threads took: 0.0766190 seconds
53.816: Application time: 0.0009960 seconds
53.857: [GC53.857: [ParNew: 8047K->895K(8128K), 0.0021530 secs] 18743K->17628K(26052K), 0.0021910 secs] [Times: user=0.01 sys=0.00, real=0.01 secs] 
53.859: Total time for which application threads were stopped: 0.0428400 seconds, Stopping threads took: 0.0405700 seconds
53.954: Application time: 0.0953530 seconds
54.026: [GC54.026: [ParNew: 8041K->8041K(8128K), 0.0000100 secs]54.026: [Tenured: 16733K->1477K(17924K), 0.0043760 secs] 24774K->1477K(26052K), [Perm : 5109K->5109K(21248K)], 0.0044350 secs] [Times: user=0.00 sys=0.00, real=0.00 secs] 
54.031: Total time for which application threads were stopped: 0.0761640 seconds, Stopping threads took: 0.0716680 seconds
54.032: Application time: 0.0012580 seconds
54.032: [GC54.032: [ParNew: 7146K->895K(8128K), 0.0021890 secs] 8624K->8623K(26052K), 0.0022210 secs] [Times: user=0.02 sys=0.00, real=0.00 secs] 
54.034: Total time for which application threads were stopped: 0.0024310 seconds, Stopping threads took: 0.0001310 seconds
54.119: Application time: 0.0846200 seconds
54.192: [GC54.192: [ParNew: 8119K->825K(8128K), 0.0005470 secs] 15847K->9155K(26052K), 0.0005800 secs] [Times: user=0.00 sys=0.00, real=0.00 secs] 
54.193: Total time for which application threads were stopped: 0.0737760 seconds, Stopping threads took: 0.0731280 seconds
54.194: Application time: 0.0011620 seconds
54.270: [GC54.270: [ParNew: 7971K->895K(8128K), 0.0013990 secs] 16301K->12626K(26052K), 0.0014310 secs] [Times: user=0.01 sys=0.00, real=0.00 secs] 
54.271: Total time for which application threads were stopped: 0.0772530 seconds, Stopping threads took: 0.0757640 seconds
54.349: Application time: 0.0778940 seconds
54.392: [GC54.392: [ParNew: 7943K->7943K(8128K), 0.0000100 secs]54.392: [Tenured: 11730K->2841K(17924K), 0.0045870 secs] 19674K->2841K(26052K), [Perm : 5109K->5109K(21248K)], 0.0046440 secs] [Times: user=0.01 sys=0.00, real=0.00 secs] 
54.397: Total time for which application threads were stopped: 0.0474670 seconds, Stopping threads took: 0.0427610 seconds
54.481: Application time: 0.0844820 seconds
54.489: [GC54.489: [ParNew: 7048K->14K(8128K), 0.0003300 secs] 9890K->2855K(26052K), 0.0016580 secs] [Times: user=0.00 sys=0.00, real=0.00 secs] 
54.491: Total time for which application threads were stopped: 0.0099020 seconds, Stopping threads took: 0.0081660 seconds
54.492: Application time: 0.0008070 seconds
54.533: [GC54.533: [ParNew: 7160K->797K(8128K), 0.0022000 secs] 10002K->8913K(26052K), 0.0022330 secs] [Times: user=0.01 sys=0.00, real=0.00 secs] 
54.535: Total time for which application threads were stopped: 0.0433050 seconds, Stopping threads took: 0.0410060 seconds
54.614: Application time: 0.0794340 seconds
54.684: [GC54.684: [ParNew: 7845K->211K(8128K), 0.0005380 secs] 15961K->8351K(26052K), 0.0005690 secs] [Times: user=0.00 sys=0.00, real=0.00 secs] 
54.684: Total time for which application threads were stopped: 0.0697350 seconds, Stopping threads took: 0.0690910 seconds
54.685: Application time: 0.0008620 seconds
54.685: [GC54.685: [ParNew: 7357K->895K(8128K), 0.0021690 secs] 15497K->15480K(26052K), 0.0022040 secs] [Times: user=0.02 sys=0.00, real=0.01 secs] 
54.688: Total time for which application threads were stopped: 0.0024590 seconds, Stopping threads took: 0.0002000 seconds
54.786: Application time: 0.0988400 seconds
54.857: [GC54.857: [ParNew: 8021K->8021K(8128K), 0.0000100 secs]54.857: [Tenured: 14585K->1698K(17924K), 0.0044780 secs] 22606K->1698K(26052K), [Perm : 5109K->5109K(21248K)], 0.0045350 secs] [Times: user=0.00 sys=0.00, real=0.01 secs] 
54.862: Total time for which application threads were stopped: 0.0752620 seconds, Stopping threads took: 0.0706560 seconds
54.863: Application time: 0.0012710 seconds
54.904: [GC54.904: [ParNew: 7224K->895K(8128K), 0.0018900 secs] 8922K->8188K(26052K), 0.0019250 secs] [Times: user=0.01 sys=0.00, real=0.00 secs] 
54.906: Total time for which application threads were stopped: 0.0427160 seconds, Stopping threads took: 0.0407100 seconds
54.988: Application time: 0.0818790 seconds
55.055: [GC55.055: [ParNew: 7943K->596K(8128K), 0.0005920 secs] 15236K->7937K(26052K), 0.0006240 secs] [Times: user=0.00 sys=0.00, real=0.00 secs] 
55.056: Total time for which application threads were stopped: 0.0681670 seconds, Stopping threads took: 0.0674660 seconds
55.057: Application time: 0.0009510 seconds
55.097: [GC55.097: [ParNew: 7742K->895K(8128K), 0.0017810 secs] 15083K->12940K(26052K), 0.0018250 secs] [Times: user=0.01 sys=0.00, real=0.01 secs] 
55.099: Total time for which application threads were stopped: 0.0423620 seconds, Stopping threads took: 0.0404600 seconds
55.181: Application time: 0.0821600 seconds
55.234: [GC55.234: [ParNew: 8021K->8021K(8128K), 0.0000100 secs]55.234: [Tenured: 12045K->2147K(17924K), 0.0051390 secs] 20066K->2147K(26052K), [Perm : 5109K->5109K(21248K)], 0.0051930 secs] [Times: user=0.00 sys=0.00, real=0.01 secs] 
55.240: Total time for which application threads were stopped: 0.0584540 seconds, Stopping threads took: 0.0531790 seconds
55.241: Application time: 0.0011360 seconds
55.283: [GC55.283: [ParNew: 7146K->895K(8128K), 0.0021060 secs] 9293K->8999K(26052K), 0.0021450 secs] [Times: user=0.01 sys=0.00, real=0.00 secs] 
55.285: Total time for which application threads were stopped: 0.0442690 seconds, Stopping threads took: 0.0420400 seconds
55.372: Application time: 0.0873900 seconds
55.443: [GC55.443: [ParNew: 8119K->44K(8128K), 0.0004630 secs] 16223K->8164K(26052K), 0.0004950 secs] [Times: user=0.00 sys=0.00, real=0.00 secs] 
55.443: Total time for which application threads were stopped: 0.0709470 seconds, Stopping threads took: 0.0703700 seconds
55.444: Application time: 0.0009480 seconds
55.445: [GC55.445: [ParNew: 7268K->895K(8128K), 0.0022490 secs] 15389K->15322K(26052K), 0.0022810 secs] [Times: user=0.02 sys=0.00, real=0.01 secs] 
55.447: Total time for which application threads were stopped: 0.0025870 seconds, Stopping threads took: 0.0002530 seconds
55.529: Application time: 0.0817460 seconds
55.596: [GC55.596: [ParNew: 7845K->7845K(8128K), 0.0000090 secs]55.596: [Tenured: 14427K->2596K(17924K), 0.0045000 secs] 22272K->2596K(26052K), [Perm : 5109K->5109K(21248K)], 0.0045560 secs] [Times: user=0.00 sys=0.00, real=0.01 secs] 
55.600: Total time for which application threads were stopped: 0.0718020 seconds, Stopping threads took: 0.0671820 seconds
55.602: Application time: 0.0013020 seconds
55.677: [GC55.677: [ParNew: 7146K->895K(8128K), 0.0016410 secs] 9742K->7691K(26052K), 0.0016800 secs] [Times: user=0.01 sys=0.01, real=0.01 secs] 
55.679: Total time for which application threads were stopped: 0.0773960 seconds, Stopping threads took: 0.0756580 seconds
55.757: Application time: 0.0780480 seconds
55.800: [GC55.800: [ParNew: 8041K->795K(8128K), 0.0010220 secs] 14836K->9381K(26052K), 0.0010560 secs] [Times: user=0.01 sys=0.00, real=0.00 secs] 
55.801: Total time for which application threads were stopped: 0.0437790 seconds, Stopping threads took: 0.0426460 seconds
55.893: Application time: 0.0923630 seconds
55.943: [GC55.943: [ParNew: 8019K->42K(8128K), 0.0002370 secs] 16605K->8643K(26052K), 0.0002680 secs] [Times: user=0.00 sys=0.00, real=0.00 secs] 
55.943: Total time for which application threads were stopped: 0.0497270 seconds, Stopping threads took: 0.0494040 seconds
55.944: Application time: 0.0008830 seconds
55.944: [GC55.944: [ParNew: 7247K->895K(8128K), 0.0019480 secs] 15849K->15733K(26052K), 0.0019810 secs] [Times: user=0.01 sys=0.00, real=0.01 secs] 
55.946: Total time for which application threads were stopped: 0.0023260 seconds, Stopping threads took: 0.0002820 seconds
56.037: Application time: 0.0908830 seconds
56.111: [GC56.111: [ParNew: 8040K->8040K(8128K), 0.0000090 secs]56.111: [Tenured: 14838K->1475K(17924K), 0.0049620 secs] 22879K->1475K(26052K), [Perm : 5109K->5109K(21248K)], 0.0050160 secs] [Times: user=0.00 sys=0.00, real=0.00 secs] 
56.116: Total time for which application threads were stopped: 0.0789850 seconds, Stopping threads took: 0.0738870 seconds
56.117: Application time: 0.0012940 seconds
56.172: [GC56.172: [ParNew: 7146K->895K(8128K), 0.0016970 secs] 8621K->6667K(26052K), 0.0017420 secs] [Times: user=0.00 sys=0.00, real=0.00 secs] 
56.174: Total time for which application threads were stopped: 0.0562270 seconds, Stopping threads took: 0.0544250 seconds
56.254: Application time: 0.0803760 seconds
56.295: [GC56.295: [ParNew: 7943K->402K(8128K), 0.0006410 secs] 13715K->6207K(26052K), 0.0006800 secs] [Times: user=0.00 sys=0.00, real=0.00 secs] 
56.296: Total time for which application threads were stopped: 0.0414650 seconds, Stopping threads took: 0.0407210 seconds
56.296: Application time: 0.0009410 seconds
56.348: [GC56.348: [ParNew: 7548K->895K(8128K), 0.0020690 secs] 13353K->12266K(26052K), 0.0021050 secs] [Times: user=0.01 sys=0.00, real=0.00 secs] 
56.350: Total time for which application threads were stopped: 0.0539360 seconds, Stopping threads took: 0.0517550 seconds
56.430: Application time: 0.0799410 seconds
56.501: [GC56.501: [ParNew: 7826K->7826K(8128K), 0.0000110 secs]56.501: [Tenured: 11371K->1896K(17924K), 0.0044760 secs] 19197K->1896K(26052K), [Perm : 5109K->5109K(21248K)], 0.0045320 secs] [Times: user=0.00 sys=0.00, real=0.01 secs] 
56.506: Total time for which application threads were stopped: 0.0755180 seconds, Stopping threads took: 0.0708970 seconds
56.507: Application time: 0.0010840 seconds
56.550: [GC56.550: [ParNew: 7048K->895K(8128K), 0.0019490 secs] 8944K->8260K(26052K), 0.0019870 secs] [Times: user=0.02 sys=0.01, real=0.00 secs] 
56.552: Total time for which application threads were stopped: 0.0447540 seconds, Stopping threads took: 0.0426870 seconds
56.631: Application time: 0.0796720 seconds
56.700: [GC56.700: [ParNew: 7845K->402K(8128K), 0.0003280 secs] 15210K->7808K(26052K), 0.0003600 secs] [Times: user=0.00 sys=0.00, real=0.00 secs] 
56.700: Total time for which application threads were stopped: 0.0690400 seconds, Stopping threads took: 0.0686010 seconds
56.701: Application time: 0.0009650 seconds
56.747: [GC56.747: [ParNew: 7627K->895K(8128K), 0.0016730 secs] 15032K->12832K(26052K), 0.0017090 secs] [Times: user=0.01 sys=0.00, real=0.00 secs] 
56.749: Total time for which application threads were stopped: 0.0473790 seconds, Stopping threads took: 0.0455930 seconds
56.827: Application time: 0.0783170 seconds
56.868: [GC56.868: [ParNew: 7748K->7748K(8128K), 0.0000100 secs]56.868: [Tenured: 11937K->3000K(17924K), 0.0046720 secs] 19685K->3000K(26052K), [Perm : 5109K->5109K(21248K)], 0.0047270 secs] [Times: user=0.00 sys=0.00, real=0.00 secs] 
56.873: Total time for which application threads were stopped: 0.0458260 seconds, Stopping threads took: 0.0410380 seconds
56.950: Application time: 0.0772270 seconds
56.954: [GC56.955: [ParNew: 7224K->44K(8128K), 0.0005930 secs] 10224K->3044K(26052K), 0.0006220 secs] [Times: user=0.00 sys=0.00, real=0.00 secs] 
56.955: Total time for which application threads were stopped: 0.0049380 seconds, Stopping threads took: 0.0042420 seconds
56.956: Application time: 0.0007120 seconds
56.956: [GC56.956: [ParNew: 7190K->895K(8128K), 0.0020020 secs] 10190K->10173K(26052K), 0.0020350 secs] [Times: user=0.02 sys=0.00, real=0.01 secs] 
56.958: Total time for which application threads were stopped: 0.0024040 seconds, Stopping threads took: 0.0002930 seconds
57.040: Application time: 0.0819630 seconds
57.104: [GC57.104: [ParNew: 8040K->795K(8128K), 0.0008350 secs] 17319K->10692K(26052K), 0.0008670 secs] [Times: user=0.01 sys=0.00, real=0.00 secs] 
57.105: Total time for which application threads were stopped: 0.0647640 seconds, Stopping threads took: 0.0638350 seconds
57.106: Application time: 0.0010590 seconds
57.147: [GC57.147: [ParNew: 7941K->895K(8128K), 0.0016640 secs] 17838K->15210K(26052K), 0.0017020 secs] [Times: user=0.01 sys=0.00, real=0.00 secs] 
57.148: Total time for which application threads were stopped: 0.0424220 seconds, Stopping threads took: 0.0406590 seconds
57.235: Application time: 0.0866620 seconds
57.287: [GC57.287: [ParNew: 8021K->8021K(8128K), 0.0000100 secs]57.287: [Tenured: 14315K->4228K(17924K), 0.0052970 secs] 22337K->4228K(26052K), [Perm : 5109K->5109K(21248K)], 0.0053560 secs] [Times: user=0.01 sys=0.00, real=0.00 secs] 
57.292: Total time for which application threads were stopped: 0.0567840 seconds, Stopping threads took: 0.0513440 seconds
57.380: Application time: 0.0882810 seconds
57.421: [GC57.421: [ParNew: 7048K->14K(8128K), 0.0004770 secs] 11277K->4243K(26052K), 0.0005070 secs] [Times: user=0.01 sys=0.00, real=0.00 secs] 
57.421: Total time for which application threads were stopped: 0.0412890 seconds, Stopping threads took: 0.0406970 seconds
57.423: Application time: 0.0010670 seconds
57.475: [GC57.475: [ParNew: 7238K->895K(8128K), 0.0015100 secs] 11467K->9253K(26052K), 0.0015430 secs] [Times: user=0.01 sys=0.00, real=0.00 secs] 
57.476: Total time for which application threads were stopped: 0.0537280 seconds, Stopping threads took: 0.0521070 seconds
57.555: Application time: 0.0788640 seconds
57.597: [GC57.597: [ParNew: 7943K->795K(8128K), 0.0008350 secs] 16302K->10764K(26052K), 0.0008660 secs] [Times: user=0.00 sys=0.00, real=0.00 secs] 
57.597: Total time for which application threads were stopped: 0.0422660 seconds, Stopping threads took: 0.0413270 seconds
57.681: Application time: 0.0840170 seconds
57.693: [GC57.694: [ParNew: 7922K->825K(8128K), 0.0004760 secs] 17891K->10810K(26052K), 0.0005060 secs] [Times: user=0.00 sys=0.00, real=0.00 secs] 
57.694: Total time for which application threads were stopped: 0.0125820 seconds, Stopping threads took: 0.0120140 seconds
57.695: Application time: 0.0008960 seconds
57.757: [GC57.757: [ParNew: 8049K->895K(8128K), 0.0015550 secs] 18035K->14773K(26052K), 0.0015920 secs] [Times: user=0.01 sys=0.00, real=0.01 secs] 
57.759: Total time for which application threads were stopped: 0.0639250 seconds, Stopping threads took: 0.0622750 seconds
57.847: Application time: 0.0885660 seconds
57.899: [GC57.899: [ParNew: 7748K->7748K(8128K), 0.0000100 secs]57.899: [Tenured: 13878K->2061K(17924K), 0.0056380 secs] 21626K->2061K(26052K), [Perm : 5109K->5109K(21248K)], 0.0056940 secs] [Times: user=0.01 sys=0.00, real=0.00 secs] 
57.905: Total time for which application threads were stopped: 0.0573680 seconds, Stopping threads took: 0.0516130 seconds
57.906: Application time: 0.0011300 seconds
57.967: [GC57.967: [ParNew: 7146K->895K(8128K), 0.0014940 secs] 9207K->6765K(26052K), 0.0015290 secs] [Times: user=0.01 sys=0.00, real=0.00 secs] 
57.969: Total time for which application threads were stopped: 0.0629110 seconds, Stopping threads took: 0.0613010 seconds
58.047: Application time: 0.0779390 seconds
58.090: [GC58.090: [ParNew: 8119K->895K(8128K), 0.0006690 secs] 13989K->7000K(26052K), 0.0007000 secs] [Times: user=0.00 sys=0.00, real=0.00 secs] 
58.091: Total time for which application threads were stopped: 0.0439460 seconds, Stopping threads took: 0.0431700 seconds
58.092: Application time: 0.0011010 seconds
58.144: [GC58.144: [ParNew: 8041K->895K(8128K), 0.0019940 secs] 14147K->12217K(26052K), 0.0020260 secs] [Times: user=0.01 sys=0.00, real=0.01 secs] 
58.146: Total time for which application threads were stopped: 0.0546260 seconds, Stopping threads took: 0.0525450 seconds
58.227: Application time: 0.0808600 seconds
58.296: [GC58.296: [ParNew: 8021K->8021K(8128K), 0.0000100 secs]58.296: [Tenured: 11321K->2315K(17924K), 0.0043220 secs] 19343K->2315K(26052K), [Perm : 5109K->5109K(21248K)], 0.0043780 secs] [Times: user=0.00 sys=0.00, real=0.01 secs] 
58.300: Total time for which application threads were stopped: 0.0729300 seconds, Stopping threads took: 0.0684730 seconds
58.301: Application time: 0.0010200 seconds
58.301: [GC58.302: [ParNew: 7146K->895K(8128K), 0.0024810 secs] 9461K->9461K(26052K), 0.0025210 secs] [Times: user=0.01 sys=0.01, real=0.00 secs] 
58.304: Total time for which application threads were stopped: 0.0027830 seconds, Stopping threads took: 0.0001780 seconds
58.385: Application time: 0.0808840 seconds
58.445: [GC58.445: [ParNew: 8040K->793K(8128K), 0.0005920 secs] 16607K->10172K(26052K), 0.0006250 secs] [Times: user=0.00 sys=0.00, real=0.01 secs] 
58.446: Total time for which application threads were stopped: 0.0611460 seconds, Stopping threads took: 0.0604610 seconds
58.532: Application time: 0.0856780 seconds
58.541: [GC58.541: [ParNew: 7841K->14K(8128K), 0.0002900 secs] 17221K->9409K(26052K), 0.0003170 secs] [Times: user=0.00 sys=0.00, real=0.00 secs] 
58.542: Total time for which application threads were stopped: 0.0099930 seconds, Stopping threads took: 0.0096140 seconds
58.543: Application time: 0.0008040 seconds
58.543: [GC58.543: [ParNew: 7160K->895K(8128K), 0.0023690 secs] 16555K->16541K(26052K), 0.0024120 secs] [Times: user=0.02 sys=0.00, real=0.00 secs] 
58.545: Total time for which application threads were stopped: 0.0028050 seconds, Stopping threads took: 0.0003170 seconds
58.640: Application time: 0.0950200 seconds
58.711: [GC58.711: [ParNew: 8099K->8099K(8128K), 0.0000100 secs]58.711: [Tenured: 15645K->1589K(17924K), 0.0055360 secs] 23745K->1589K(26052K), [Perm : 5109K->5109K(21248K)], 0.0055920 secs] [Times: user=0.01 sys=0.00, real=0.00 secs] 
58.716: Total time for which application threads were stopped: 0.0759110 seconds, Stopping threads took: 0.0702360 seconds
58.717: Application time: 0.0011740 seconds
58.758: [GC58.758: [ParNew: 7146K->797K(8128K), 0.0022250 secs] 8735K->7855K(26052K), 0.0022600 secs] [Times: user=0.02 sys=0.00, real=0.00 secs] 
58.761: Total time for which application threads were stopped: 0.0430450 seconds, Stopping threads took: 0.0407060 seconds
58.842: Application time: 0.0817750 seconds
58.908: [GC58.908: [ParNew: 7923K->432K(8128K), 0.0007740 secs] 14982K->7531K(26052K), 0.0008050 secs] [Times: user=0.00 sys=0.00, real=0.00 secs] 
58.909: Total time for which application threads were stopped: 0.0667670 seconds, Stopping threads took: 0.0658850 seconds
58.910: Application time: 0.0008620 seconds
58.910: [GC58.910: [ParNew: 7578K->895K(8128K), 0.0022840 secs] 14677K->14662K(26052K), 0.0023210 secs] [Times: user=0.02 sys=0.00, real=0.00 secs] 
58.913: Total time for which application threads were stopped: 0.0026740 seconds, Stopping threads took: 0.0002720 seconds
58.995: Application time: 0.0822680 seconds
59.065: [GC59.065: [ParNew: 7943K->7943K(8128K), 0.0000090 secs]59.065: [Tenured: 13767K->2010K(17924K), 0.0054390 secs] 21710K->2010K(26052K), [Perm : 5109K->5109K(21248K)], 0.0054920 secs] [Times: user=0.01 sys=0.00, real=0.01 secs] 
59.071: Total time for which application threads were stopped: 0.0756720 seconds, Stopping threads took: 0.0700990 seconds
59.078: Application time: 0.0069430 seconds
59.149: [GC59.149: [ParNew: 7146K->209K(8128K), 0.0004970 secs] 9156K->2219K(26052K), 0.0005260 secs] [Times: user=0.00 sys=0.00, real=0.00 secs] 
59.149: Total time for which application threads were stopped: 0.0718240 seconds, Stopping threads took: 0.0712320 seconds
59.150: Application time: 0.0007850 seconds
59.190: [GC59.190: [ParNew: 7355K->797K(8128K), 0.0019540 secs] 9365K->8276K(26052K), 0.0019960 secs] [Times: user=0.02 sys=0.00, real=0.00 secs] 
59.192: Total time for which application threads were stopped: 0.0420870 seconds, Stopping threads took: 0.0400170 seconds
59.273: Application time: 0.0812040 seconds
59.340: [GC59.340: [ParNew: 7845K->400K(8128K), 0.0005840 secs] 15324K->7903K(26052K), 0.0006160 secs] [Times: user=0.00 sys=0.00, real=0.00 secs] 
59.341: Total time for which application threads were stopped: 0.0675280 seconds, Stopping threads took: 0.0668390 seconds
59.342: Application time: 0.0009530 seconds
59.387: [GC59.387: [ParNew: 7546K->895K(8128K), 0.0020310 secs] 15049K->13965K(26052K), 0.0020640 secs] [Times: user=0.01 sys=0.00, real=0.00 secs] 
59.389: Total time for which application threads were stopped: 0.0470550 seconds, Stopping threads took: 0.0449370 seconds
59.470: Application time: 0.0813450 seconds
59.539: [GC59.539: [ParNew: 7943K->7943K(8128K), 0.0000120 secs]59.540: [Tenured: 13069K->1866K(17924K), 0.0052100 secs] 21013K->1866K(26052K), [Perm : 5109K->5109K(21248K)], 0.0067060 secs] [Times: user=0.01 sys=0.00, real=0.00 secs] 
59.545: Total time for which application threads were stopped: 0.0751020 seconds, Stopping threads took: 0.0683060 seconds
59.547: Application time: 0.0011250 seconds
59.599: [GC59.599: [ParNew: 7205K->895K(8128K), 0.0019440 secs] 9071K->7408K(26052K), 0.0019820 secs] [Times: user=0.01 sys=0.00, real=0.00 secs] 
59.601: Total time for which application threads were stopped: 0.0543350 seconds, Stopping threads took: 0.0522740 seconds
59.681: Application time: 0.0804490 seconds
59.723: [GC59.723: [ParNew: 7884K->490K(8128K), 0.0003300 secs] 14397K->7059K(26052K), 0.0003660 secs] [Times: user=0.00 sys=0.00, real=0.00 secs] 
59.723: Total time for which application threads were stopped: 0.0419390 seconds, Stopping threads took: 0.0415160 seconds
59.724: Application time: 0.0010760 seconds
59.765: [GC59.765: [ParNew: 7637K->797K(8128K), 0.0020610 secs] 14205K->13158K(26052K), 0.0020950 secs] [Times: user=0.02 sys=0.00, real=0.01 secs] 
59.767: Total time for which application threads were stopped: 0.0424990 seconds, Stopping threads took: 0.0403490 seconds
59.847: Application time: 0.0804930 seconds
59.915: [GC59.915: [ParNew: 7650K->7650K(8128K), 0.0000100 secs]59.915: [Tenured: 12361K->1813K(17924K), 0.0049930 secs] 20011K->1813K(26052K), [Perm : 5109K->5109K(21248K)], 0.0050460 secs] [Times: user=0.00 sys=0.00, real=0.01 secs] 
59.920: Total time for which application threads were stopped: 0.0731200 seconds, Stopping threads took: 0.0679900 seconds
59.922: Application time: 0.0010970 seconds
59.965: [GC59.965: [ParNew: 7146K->895K(8128K), 0.0020120 secs] 8959K->8275K(26052K), 0.0020520 secs] [Times: user=0.01 sys=0.00, real=0.01 secs] 
59.967: Total time for which application threads were stopped: 0.0451160 seconds, Stopping threads took: 0.0429830 seconds
60.048: Application time: 0.0818220 seconds
60.118: [GC60.118: [ParNew: 7943K->600K(8128K), 0.0006240 secs] 15323K->7988K(26052K), 0.0006560 secs] [Times: user=0.00 sys=0.01, real=0.01 secs] 
60.118: Total time for which application threads were stopped: 0.0698300 seconds, Stopping threads took: 0.0690920 seconds
60.119: Application time: 0.0009990 seconds
60.161: [GC60.161: [ParNew: 7824K->895K(8128K), 0.0018150 secs] 15212K->13019K(26052K), 0.0018550 secs] [Times: user=0.01 sys=0.00, real=0.00 secs] 
60.163: Total time for which application threads were stopped: 0.0432820 seconds, Stopping threads took: 0.0413660 seconds
60.255: Application time: 0.0922500 seconds
60.308: [GC60.308: [ParNew: 7943K->7943K(8128K), 0.0000100 secs]60.308: [Tenured: 12124K->2232K(17924K), 0.0051690 secs] 20067K->2232K(26052K), [Perm : 5109K->5109K(21248K)], 0.0052230 secs] [Times: user=0.01 sys=0.00, real=0.00 secs] 
60.314: Total time for which application threads were stopped: 0.0587320 seconds, Stopping threads took: 0.0534260 seconds
60.315: Application time: 0.0011690 seconds
60.355: [GC60.355: [ParNew: 7146K->895K(8128K), 0.0020250 secs] 9378K->8010K(26052K), 0.0020790 secs] [Times: user=0.01 sys=0.00, real=0.00 secs] 
60.357: Total time for which application threads were stopped: 0.0426280 seconds, Stopping threads took: 0.0404670 seconds
60.452: Application time: 0.0942590 seconds
60.503: [GC60.503: [ParNew: 7943K->793K(8128K), 0.0004920 secs] 15059K->8136K(26052K), 0.0005220 secs] [Times: user=0.00 sys=0.00, real=0.00 secs] 
60.504: Total time for which application threads were stopped: 0.0521110 seconds, Stopping threads took: 0.0515130 seconds
60.505: Application time: 0.0010940 seconds
60.561: [GC60.561: [ParNew: 7939K->797K(8128K), 0.0017740 secs] 15282K->12274K(26052K), 0.0018110 secs] [Times: user=0.02 sys=0.00, real=0.00 secs] 
60.562: Total time for which application threads were stopped: 0.0575560 seconds, Stopping threads took: 0.0556650 seconds
60.641: Application time: 0.0789400 seconds
60.688: [GC60.688: [ParNew: 8002K->8002K(8128K), 0.0000110 secs]60.688: [Tenured: 11476K->2680K(17924K), 0.0048920 secs] 19479K->2680K(26052K), [Perm : 5109K->5109K(21248K)], 0.0049480 secs] [Times: user=0.00 sys=0.00, real=0.00 secs] 
60.693: Total time for which application threads were stopped: 0.0515210 seconds, Stopping threads took: 0.0464810 seconds
60.694: Application time: 0.0014350 seconds
60.748: [GC60.748: [ParNew: 7146K->893K(8128K), 0.0017290 secs] 9826K->7772K(26052K), 0.0017630 secs] [Times: user=0.01 sys=0.00, real=0.00 secs] 
60.750: Total time for which application threads were stopped: 0.0552900 seconds, Stopping threads took: 0.0534490 seconds
60.828: Application time: 0.0781640 seconds
60.871: [GC60.871: [ParNew: 8039K->793K(8128K), 0.0010440 secs] 14918K->9462K(26052K), 0.0010770 secs] [Times: user=0.01 sys=0.00, real=0.00 secs] 
60.872: Total time for which application threads were stopped: 0.0445760 seconds, Stopping threads took: 0.0434230 seconds
60.958: Application time: 0.0856460 seconds
60.964: [GC60.964: [ParNew: 7939K->893K(8128K), 0.0006950 secs] 16609K->9773K(26052K), 0.0007260 secs] [Times: user=0.00 sys=0.00, real=0.00 secs] 
60.965: Total time for which application threads were stopped: 0.0071440 seconds, Stopping threads took: 0.0063420 seconds
60.966: Application time: 0.0010350 seconds
61.020: [GC61.020: [ParNew: 8039K->895K(8128K), 0.0019140 secs] 16920K->14968K(26052K), 0.0019520 secs] [Times: user=0.01 sys=0.00, real=0.00 secs] 
61.022: Total time for which application threads were stopped: 0.0553770 seconds, Stopping threads took: 0.0533470 seconds
61.102: Application time: 0.0802170 seconds
61.169: [GC61.169: [ParNew: 7943K->7943K(8128K), 0.0000100 secs]61.169: [Tenured: 14073K->1476K(17924K), 0.0051550 secs] 22016K->1476K(26052K), [Perm : 5109K->5109K(21248K)], 0.0052090 secs] [Times: user=0.00 sys=0.00, real=0.00 secs] 
61.174: Total time for which application threads were stopped: 0.0722000 seconds, Stopping threads took: 0.0669070 seconds
61.175: Application time: 0.0011160 seconds
61.219: [GC61.219: [ParNew: 7146K->797K(8128K), 0.0015670 secs] 8622K->5594K(26052K), 0.0016050 secs] [Times: user=0.01 sys=0.00, real=0.00 secs] 
61.221: Total time for which application threads were stopped: 0.0459950 seconds, Stopping threads took: 0.0443190 seconds
61.303: Application time: 0.0815100 seconds
61.345: [GC61.345: [ParNew: 7845K->402K(8128K), 0.0005770 secs] 12642K->5247K(26052K), 0.0006070 secs] [Times: user=0.00 sys=0.00, real=0.00 secs] 
61.345: Total time for which application threads were stopped: 0.0428640 seconds, Stopping threads took: 0.0421830 seconds
61.346: Application time: 0.0008370 seconds
61.347: [GC61.347: [ParNew: 7548K->895K(8128K), 0.0025310 secs] 12393K->12381K(26052K), 0.0025670 secs] [Times: user=0.02 sys=0.00, real=0.00 secs] 
61.349: Total time for which application threads were stopped: 0.0028300 seconds, Stopping threads took: 0.0002070 seconds
61.431: Application time: 0.0815690 seconds
61.497: [GC61.497: [ParNew: 7982K->7982K(8128K), 0.0000100 secs]61.497: [Tenured: 11486K->2831K(17924K), 0.0046970 secs] 19468K->2831K(26052K), [Perm : 5109K->5109K(21248K)], 0.0047510 secs] [Times: user=0.01 sys=0.00, real=0.01 secs] 
61.502: Total time for which application threads were stopped: 0.0710760 seconds, Stopping threads took: 0.0662620 seconds
61.592: Application time: 0.0903660 seconds
61.599: [GC61.599: [ParNew: 7146K->14K(8128K), 0.0004710 secs] 9977K->2845K(26052K), 0.0004980 secs] [Times: user=0.00 sys=0.00, real=0.00 secs] 
61.600: Total time for which application threads were stopped: 0.0076840 seconds, Stopping threads took: 0.0071140 seconds
61.601: Application time: 0.0008120 seconds
61.601: [GC61.601: [ParNew: 7238K->895K(8128K), 0.0022210 secs] 10069K->10005K(26052K), 0.0022550 secs] [Times: user=0.01 sys=0.00, real=0.00 secs] 
61.603: Total time for which application threads were stopped: 0.0025510 seconds, Stopping threads took: 0.0002180 seconds
61.685: Application time: 0.0820230 seconds
61.756: [GC61.756: [ParNew: 7943K->207K(8128K), 0.0005110 secs] 17053K->9373K(26052K), 0.0005430 secs] [Times: user=0.01 sys=0.00, real=0.00 secs] 
61.756: Total time for which application threads were stopped: 0.0711010 seconds, Stopping threads took: 0.0704950 seconds
61.757: Application time: 0.0008900 seconds
61.798: [GC61.798: [ParNew: 7431K->895K(8128K), 0.0016210 secs] 16597K->14386K(26052K), 0.0016530 secs] [Times: user=0.01 sys=0.00, real=0.00 secs] 
61.799: Total time for which application threads were stopped: 0.0421100 seconds, Stopping threads took: 0.0403980 seconds
61.878: Application time: 0.0791410 seconds
61.922: [GC61.922: [ParNew: 8119K->8119K(8128K), 0.0000100 secs]61.922: [Tenured: 13491K->3015K(17924K), 0.0052370 secs] 21610K->3015K(26052K), [Perm : 5109K->5109K(21248K)], 0.0052940 secs] [Times: user=0.00 sys=0.00, real=0.01 secs] 
61.927: Total time for which application threads were stopped: 0.0486100 seconds, Stopping threads took: 0.0432450 seconds
62.013: Application time: 0.0859410 seconds
62.020: [GC62.020: [ParNew: 7048K->14K(8128K), 0.0006330 secs] 10064K->3029K(26052K), 0.0006630 secs] [Times: user=0.01 sys=0.00, real=0.00 secs] 
62.021: Total time for which application threads were stopped: 0.0078100 seconds, Stopping threads took: 0.0070740 seconds
62.022: Application time: 0.0008020 seconds
62.023: [GC62.023: [ParNew: 7160K->895K(8128K), 0.0023090 secs] 10176K->10161K(26052K), 0.0023430 secs] [Times: user=0.02 sys=0.00, real=0.00 secs] 
62.025: Total time for which application threads were stopped: 0.0035010 seconds, Stopping threads took: 0.0010830 seconds
62.106: Application time: 0.0812830 seconds
62.180: [GC62.180: [ParNew: 8021K->237K(8128K), 0.0006190 secs] 17287K->9519K(26052K), 0.0006480 secs] [Times: user=0.01 sys=0.00, real=0.00 secs] 
62.181: Total time for which application threads were stopped: 0.0745430 seconds, Stopping threads took: 0.0738180 seconds
62.182: Application time: 0.0010110 seconds
62.222: [GC62.222: [ParNew: 7461K->853K(8128K), 0.0020920 secs] 16744K->15604K(26052K), 0.0021260 secs] [Times: user=0.01 sys=0.00, real=0.00 secs] 
62.224: Total time for which application threads were stopped: 0.0422430 seconds, Stopping threads took: 0.0400370 seconds
62.319: Application time: 0.0946620 seconds
62.389: [GC62.389: [ParNew: 7901K->7901K(8128K), 0.0000100 secs]62.389: [Tenured: 14751K->2097K(17924K), 0.0044570 secs] 22652K->2097K(26052K), [Perm : 5109K->5109K(21248K)], 0.0045140 secs] [Times: user=0.00 sys=0.00, real=0.00 secs] 
62.394: Total time for which application threads were stopped: 0.0747630 seconds, Stopping threads took: 0.0701460 seconds
62.395: Application time: 0.0010890 seconds
62.434: [GC62.434: [ParNew: 7146K->797K(8128K), 0.0021590 secs] 9243K->8559K(26052K), 0.0021920 secs] [Times: user=0.02 sys=0.00, real=0.00 secs] 
62.437: Total time for which application threads were stopped: 0.0418180 seconds, Stopping threads took: 0.0395670 seconds
62.518: Application time: 0.0818390 seconds
62.585: [GC62.585: [ParNew: 7845K->598K(8128K), 0.0006770 secs] 15607K->8383K(26052K), 0.0007060 secs] [Times: user=0.00 sys=0.00, real=0.00 secs] 
62.586: Total time for which application threads were stopped: 0.0671720 seconds, Stopping threads took: 0.0663920 seconds
62.587: Application time: 0.0009500 seconds
62.632: [GC62.632: [ParNew: 7744K->895K(8128K), 0.0018940 secs] 15530K->13384K(26052K), 0.0019310 secs] [Times: user=0.02 sys=0.00, real=0.00 secs] 
62.634: Total time for which application threads were stopped: 0.0473850 seconds, Stopping threads took: 0.0453750 seconds
62.724: Application time: 0.0901270 seconds
62.765: [GC62.765: [ParNew: 8041K->8041K(8128K), 0.0000110 secs]62.765: [Tenured: 12489K->3234K(17924K), 0.0054230 secs] 20530K->3234K(26052K), [Perm : 5109K->5109K(21248K)], 0.0054810 secs] [Times: user=0.00 sys=0.00, real=0.01 secs] 
62.770: Total time for which application threads were stopped: 0.0462880 seconds, Stopping threads took: 0.0407460 seconds
62.857: Application time: 0.0866880 seconds
62.869: [GC62.869: [ParNew: 7048K->404K(8128K), 0.0006860 secs] 10283K->3639K(26052K), 0.0007160 secs] [Times: user=0.00 sys=0.00, real=0.00 secs] 
62.869: Total time for which application threads were stopped: 0.0123990 seconds, Stopping threads took: 0.0116070 seconds
62.870: Application time: 0.0008340 seconds
62.911: [GC62.911: [ParNew: 7550K->893K(8128K), 0.0021990 secs] 10785K->9694K(26052K), 0.0022330 secs] [Times: user=0.02 sys=0.00, real=0.00 secs] 
62.913: Total time for which application threads were stopped: 0.0429090 seconds, Stopping threads took: 0.0405900 seconds
62.995: Application time: 0.0817080 seconds
63.062: [GC63.063: [ParNew: 7824K->432K(8128K), 0.0003000 secs] 16625K->9274K(26052K), 0.0003310 secs] [Times: user=0.01 sys=0.00, real=0.00 secs] 
63.063: Total time for which application threads were stopped: 0.0679210 seconds, Stopping threads took: 0.0675310 seconds
63.064: Application time: 0.0009040 seconds
63.104: [GC63.104: [ParNew: 7657K->895K(8128K), 0.0020420 secs] 16499K->15359K(26052K), 0.0020870 secs] [Times: user=0.02 sys=0.00, real=0.01 secs] 
63.107: Total time for which application threads were stopped: 0.0428060 seconds, Stopping threads took: 0.0406620 seconds
63.193: Application time: 0.0865060 seconds
63.264: [GC63.264: [ParNew: 7943K->7943K(8128K), 0.0000100 secs]63.264: [Tenured: 14464K->1924K(17924K), 0.0051900 secs] 22407K->1924K(26052K), [Perm : 5109K->5109K(21248K)], 0.0052440 secs] [Times: user=0.01 sys=0.00, real=0.01 secs] 
63.269: Total time for which application threads were stopped: 0.0760620 seconds, Stopping threads took: 0.0707560 seconds
63.270: Application time: 0.0011060 seconds
63.311: [GC63.311: [ParNew: 7146K->895K(8128K), 0.0020890 secs] 9070K->8386K(26052K), 0.0021270 secs] [Times: user=0.01 sys=0.00, real=0.00 secs] 
63.313: Total time for which application threads were stopped: 0.0426690 seconds, Stopping threads took: 0.0404830 seconds
63.395: Application time: 0.0816280 seconds
63.463: [GC63.463: [ParNew: 8099K->853K(8128K), 0.0006390 secs] 15591K->8392K(26052K), 0.0006700 secs] [Times: user=0.00 sys=0.00, real=0.00 secs] 
63.464: Total time for which application threads were stopped: 0.0691820 seconds, Stopping threads took: 0.0684270 seconds
63.465: Application time: 0.0010130 seconds
63.506: [GC63.506: [ParNew: 7999K->893K(8128K), 0.0018330 secs] 15539K->13419K(26052K), 0.0018720 secs] [Times: user=0.01 sys=0.01, real=0.01 secs] 
63.508: Total time for which application threads were stopped: 0.0427950 seconds, Stopping threads took: 0.0408650 seconds
63.589: Application time: 0.0813830 seconds
63.657: [GC63.657: [ParNew: 8039K->8039K(8128K), 0.0000100 secs]63.657: [Tenured: 12526K->1983K(17924K), 0.0043780 secs] 20565K->1983K(26052K), [Perm : 5109K->5109K(21248K)], 0.0044330 secs] [Times: user=0.01 sys=0.00, real=0.01 secs] 
63.661: Total time for which application threads were stopped: 0.0724770 seconds, Stopping threads took: 0.0679630 seconds
63.663: Application time: 0.0010900 seconds
63.663: [GC63.663: [ParNew: 7146K->895K(8128K), 0.0024070 secs] 9129K->9129K(26052K), 0.0024440 secs] [Times: user=0.01 sys=0.00, real=0.00 secs] 
63.665: Total time for which application threads were stopped: 0.0027950 seconds, Stopping threads took: 0.0002690 seconds
63.747: Application time: 0.0813950 seconds
63.803: [GC63.803: [ParNew: 8040K->795K(8128K), 0.0007590 secs] 16274K->9639K(26052K), 0.0007910 secs] [Times: user=0.00 sys=0.00, real=0.00 secs] 
63.803: Total time for which application threads were stopped: 0.0567350 seconds, Stopping threads took: 0.0558910 seconds
63.806: Application time: 0.0029930 seconds
63.881: [GC63.881: [ParNew: 8019K->825K(8128K), 0.0004750 secs] 16863K->9912K(26052K), 0.0005060 secs] [Times: user=0.00 sys=0.00, real=0.00 secs] 
63.881: Total time for which application threads were stopped: 0.0750500 seconds, Stopping threads took: 0.0744800 seconds
63.883: Application time: 0.0012600 seconds
63.959: [GC63.959: [ParNew: 8030K->853K(8128K), 0.0007080 secs] 17117K->10786K(26052K), 0.0007400 secs] [Times: user=0.00 sys=0.00, real=0.00 secs] 
63.959: Total time for which application threads were stopped: 0.0766080 seconds, Stopping threads took: 0.0757910 seconds
64.024: Application time: 0.0643980 seconds
64.049: [GC64.049: [ParNew: 7980K->42K(8128K), 0.0003010 secs] 17912K->10082K(26052K), 0.0003300 secs] [Times: user=0.00 sys=0.00, real=0.00 secs] 
64.049: Total time for which application threads were stopped: 0.0252960 seconds, Stopping threads took: 0.0249060 seconds
64.050: Application time: 0.0008200 seconds
64.050: [GC64.050: [ParNew: 7188K->895K(8128K), 0.0019350 secs] 17228K->17214K(26052K), 0.0019680 secs] [Times: user=0.02 sys=0.00, real=0.00 secs] 
64.052: Total time for which application threads were stopped: 0.0021340 seconds, Stopping threads took: 0.0001100 seconds
64.145: Application time: 0.0932270 seconds
64.218: [GC64.219: [ParNew: 7943K->7943K(8128K), 0.0000100 secs]64.219: [Tenured: 16319K->3366K(17924K), 0.0045560 secs] 24262K->3366K(26052K), [Perm : 5109K->5109K(21248K)], 0.0046200 secs] [Times: user=0.00 sys=0.00, real=0.00 secs] 
64.223: Total time for which application threads were stopped: 0.0778960 seconds, Stopping threads took: 0.0732130 seconds
64.224: Application time: 0.0011670 seconds
64.295: [GC64.295: [ParNew: 7146K->893K(8128K), 0.0017200 secs] 10513K->8557K(26052K), 0.0017590 secs] [Times: user=0.01 sys=0.00, real=0.00 secs] 
64.297: Total time for which application threads were stopped: 0.0727650 seconds, Stopping threads took: 0.0709230 seconds
64.376: Application time: 0.0787390 seconds
64.417: [GC64.417: [ParNew: 7941K->891K(8128K), 0.0007170 secs] 15605K->9173K(26052K), 0.0007540 secs] [Times: user=0.00 sys=0.00, real=0.01 secs] 
64.418: Total time for which application threads were stopped: 0.0418820 seconds, Stopping threads took: 0.0410500 seconds
64.496: Application time: 0.0782010 seconds
64.498: [GC64.498: [ParNew: 8037K->14K(8128K), 0.0004160 secs] 16319K->8320K(26052K), 0.0004430 secs] [Times: user=0.01 sys=0.00, real=0.00 secs] 
64.499: Total time for which application threads were stopped: 0.0029870 seconds, Stopping threads took: 0.0024930 seconds
64.506: Application time: 0.0070080 seconds
64.576: [GC64.576: [ParNew: 7138K->628K(8128K), 0.0003320 secs] 15444K->8934K(26052K), 0.0016360 secs] [Times: user=0.00 sys=0.00, real=0.01 secs] 
64.578: Total time for which application threads were stopped: 0.0719470 seconds, Stopping threads took: 0.0702260 seconds
64.579: Application time: 0.0009470 seconds
64.579: [GC64.579: [ParNew: 7774K->893K(8128K), 0.0022850 secs] 16080K->16107K(26052K), 0.0023150 secs] [Times: user=0.01 sys=0.00, real=0.00 secs] 
64.581: Total time for which application threads were stopped: 0.0025280 seconds, Stopping threads took: 0.0001580 seconds
64.676: Application time: 0.0943650 seconds
64.748: [GC64.748: [ParNew: 7941K->7941K(8128K), 0.0000110 secs]64.748: [Tenured: 15214K->2063K(17924K), 0.0059140 secs] 23155K->2063K(26052K), [Perm : 5109K->5109K(21248K)], 0.0059670 secs] [Times: user=0.00 sys=0.00, real=0.00 secs] 
64.754: Total time for which application threads were stopped: 0.0782220 seconds, Stopping threads took: 0.0721930 seconds
64.755: Application time: 0.0013320 seconds
64.808: [GC64.808: [ParNew: 7146K->895K(8128K), 0.0019860 secs] 9209K->7842K(26052K), 0.0020210 secs] [Times: user=0.02 sys=0.00, real=0.00 secs] 
64.810: Total time for which application threads were stopped: 0.0546840 seconds, Stopping threads took: 0.0525840 seconds
64.891: Application time: 0.0813980 seconds
64.959: [GC64.959: [ParNew: 8041K->12K(8128K), 0.0005670 secs] 14988K->6983K(26052K), 0.0005970 secs] [Times: user=0.00 sys=0.00, real=0.00 secs] 
64.960: Total time for which application threads were stopped: 0.0681780 seconds, Stopping threads took: 0.0675070 seconds
64.960: Application time: 0.0008890 seconds
64.961: [GC64.961: [ParNew: 7217K->853K(8128K), 0.0021380 secs] 14188K->14074K(26052K), 0.0021750 secs] [Times: user=0.01 sys=0.00, real=0.00 secs] 
64.963: Total time for which application threads were stopped: 0.0025370 seconds, Stopping threads took: 0.0002820 seconds
65.049: Application time: 0.0862120 seconds
65.119: [GC65.119: [ParNew: 7979K->7979K(8128K), 0.0000100 secs]65.119: [Tenured: 13221K->2539K(17924K), 0.0052540 secs] 21201K->2539K(26052K), [Perm : 5109K->5109K(21248K)], 0.0053080 secs] [Times: user=0.01 sys=0.00, real=0.00 secs] 
65.125: Total time for which application threads were stopped: 0.0753560 seconds, Stopping threads took: 0.0699610 seconds
65.126: Application time: 0.0012650 seconds
65.177: [GC65.177: [ParNew: 7146K->797K(8128K), 0.0017840 secs] 9686K->7634K(26052K), 0.0018220 secs] [Times: user=0.01 sys=0.00, real=0.01 secs] 
65.178: Total time for which application threads were stopped: 0.0526270 seconds, Stopping threads took: 0.0507410 seconds
65.257: Application time: 0.0786950 seconds
65.300: [GC65.300: [ParNew: 7943K->404K(8128K), 0.0004700 secs] 14780K->7265K(26052K), 0.0005000 secs] [Times: user=0.00 sys=0.00, real=0.00 secs] 
65.300: Total time for which application threads were stopped: 0.0432870 seconds, Stopping threads took: 0.0427020 seconds
65.301: Application time: 0.0008680 seconds
65.342: [GC65.342: [ParNew: 7548K->895K(8128K), 0.0022250 secs] 14409K->13322K(26052K), 0.0022590 secs] [Times: user=0.02 sys=0.00, real=0.00 secs] 
65.344: Total time for which application threads were stopped: 0.0425660 seconds, Stopping threads took: 0.0402290 seconds
65.423: Application time: 0.0795890 seconds
65.492: [GC65.492: [ParNew: 7826K->7826K(8128K), 0.0000100 secs]65.492: [Tenured: 12427K->1787K(17924K), 0.0051150 secs] 20254K->1787K(26052K), [Perm : 5109K->5109K(21248K)], 0.0051700 secs] [Times: user=0.01 sys=0.00, real=0.00 secs] 
65.497: Total time for which application threads were stopped: 0.0736030 seconds, Stopping threads took: 0.0683490 seconds
65.498: Application time: 0.0011580 seconds
65.544: [GC65.544: [ParNew: 7224K->895K(8128K), 0.0019370 secs] 9011K->7202K(26052K), 0.0019750 secs] [Times: user=0.01 sys=0.00, real=0.01 secs] 
65.546: Total time for which application threads were stopped: 0.0478020 seconds, Stopping threads took: 0.0457460 seconds
65.624: Application time: 0.0779550 seconds
65.669: [GC65.669: [ParNew: 7748K->402K(8128K), 0.0005060 secs] 14055K->6750K(26052K), 0.0005380 secs] [Times: user=0.00 sys=0.00, real=0.00 secs] 
65.669: Total time for which application threads were stopped: 0.0452920 seconds, Stopping threads took: 0.0446700 seconds
65.670: Application time: 0.0009850 seconds
65.723: [GC65.723: [ParNew: 7548K->895K(8128K), 0.0019470 secs] 13896K->11735K(26052K), 0.0019830 secs] [Times: user=0.01 sys=0.00, real=0.00 secs] 
65.725: Total time for which application threads were stopped: 0.0544890 seconds, Stopping threads took: 0.0524280 seconds
65.803: Application time: 0.0783920 seconds
65.846: [GC65.846: [ParNew: 8041K->895K(8128K), 0.0010780 secs] 18881K->13728K(26052K), 0.0011100 secs] [Times: user=0.00 sys=0.00, real=0.01 secs] 
65.847: Total time for which application threads were stopped: 0.0435170 seconds, Stopping threads took: 0.0423290 seconds
65.935: Application time: 0.0879560 seconds
65.976: [GC65.976: [ParNew: 8021K->8021K(8128K), 0.0000100 secs]65.976: [Tenured: 12833K->1650K(17924K), 0.0050540 secs] 20855K->1650K(26052K), [Perm : 5109K->5109K(21248K)], 0.0051070 secs] [Times: user=0.01 sys=0.00, real=0.01 secs] 
65.981: Total time for which application threads were stopped: 0.0462200 seconds, Stopping threads took: 0.0410300 seconds
65.982: Application time: 0.0011360 seconds
66.036: [GC66.036: [ParNew: 7224K->825K(8128K), 0.0017990 secs] 8874K->6870K(26052K), 0.0018350 secs] [Times: user=0.01 sys=0.00, real=0.00 secs] 
66.037: Total time for which application threads were stopped: 0.0554800 seconds, Stopping threads took: 0.0535660 seconds
66.116: Application time: 0.0785550 seconds
66.158: [GC66.158: [ParNew: 8049K->895K(8128K), 0.0011120 secs] 14094K->8794K(26052K), 0.0011440 secs] [Times: user=0.01 sys=0.00, real=0.00 secs] 
66.159: Total time for which application threads were stopped: 0.0431280 seconds, Stopping threads took: 0.0419060 seconds
66.238: Application time: 0.0786560 seconds
66.242: [GC66.243: [ParNew: 7943K->893K(8128K), 0.0005640 secs] 15842K->9051K(26052K), 0.0005960 secs] [Times: user=0.00 sys=0.00, real=0.00 secs] 
66.243: Total time for which application threads were stopped: 0.0053120 seconds, Stopping threads took: 0.0046300 seconds
66.244: Application time: 0.0010520 seconds
66.284: [GC66.284: [ParNew: 8039K->895K(8128K), 0.0023410 secs] 16197K->15335K(26052K), 0.0023760 secs] [Times: user=0.01 sys=0.00, real=0.01 secs] 
66.287: Total time for which application threads were stopped: 0.0426860 seconds, Stopping threads took: 0.0402550 seconds
66.375: Application time: 0.0884760 seconds
66.445: [GC66.445: [ParNew: 7943K->7943K(8128K), 0.0000090 secs]66.445: [Tenured: 14440K->1478K(17924K), 0.0043340 secs] 22383K->1478K(26052K), [Perm : 5109K->5109K(21248K)], 0.0043880 secs] [Times: user=0.00 sys=0.00, real=0.01 secs] 
66.450: Total time for which application threads were stopped: 0.0744730 seconds, Stopping threads took: 0.0699950 seconds
66.451: Application time: 0.0010810 seconds
66.451: [GC66.451: [ParNew: 7146K->895K(8128K), 0.0023070 secs] 8624K->8623K(26052K), 0.0023430 secs] [Times: user=0.02 sys=0.00, real=0.00 secs] 
66.454: Total time for which application threads were stopped: 0.0026570 seconds, Stopping threads took: 0.0002360 seconds
66.534: Application time: 0.0806380 seconds
66.594: [GC66.594: [ParNew: 8040K->795K(8128K), 0.0006010 secs] 15769K->9321K(26052K), 0.0006320 secs] [Times: user=0.01 sys=0.00, real=0.00 secs] 
66.595: Total time for which application threads were stopped: 0.0605850 seconds, Stopping threads took: 0.0599000 seconds
66.673: Application time: 0.0782520 seconds
66.680: [GC66.680: [ParNew: 7922K->44K(8128K), 0.0002200 secs] 16448K->8602K(26052K), 0.0002490 secs] [Times: user=0.00 sys=0.00, real=0.00 secs] 
66.681: Total time for which application threads were stopped: 0.0076940 seconds, Stopping threads took: 0.0073920 seconds
66.682: Application time: 0.0008130 seconds
66.682: [GC66.682: [ParNew: 7190K->895K(8128K), 0.0020730 secs] 15748K->15731K(26052K), 0.0021080 secs] [Times: user=0.01 sys=0.00, real=0.00 secs] 
66.684: Total time for which application threads were stopped: 0.0024400 seconds, Stopping threads took: 0.0002780 seconds
66.779: Application time: 0.0950440 seconds
66.848: [GC66.848: [ParNew: 8021K->8021K(8128K), 0.0000100 secs]66.848: [Tenured: 14836K->1535K(17924K), 0.0050460 secs] 22857K->1535K(26052K), [Perm : 5109K->5109K(21248K)], 0.0050990 secs] [Times: user=0.00 sys=0.00, real=0.00 secs] 
66.853: Total time for which application threads were stopped: 0.0740310 seconds, Stopping threads took: 0.0688520 seconds
66.854: Application time: 0.0013040 seconds
66.906: [GC66.906: [ParNew: 7224K->895K(8128K), 0.0018070 secs] 8759K->6755K(26052K), 0.0018400 secs] [Times: user=0.01 sys=0.00, real=0.00 secs] 
66.908: Total time for which application threads were stopped: 0.0536390 seconds, Stopping threads took: 0.0517210 seconds
66.988: Application time: 0.0803930 seconds
67.030: [GC67.030: [ParNew: 8021K->432K(8128K), 0.0003310 secs] 13881K->6349K(26052K), 0.0003630 secs] [Times: user=0.00 sys=0.00, real=0.00 secs] 
67.030: Total time for which application threads were stopped: 0.0415050 seconds, Stopping threads took: 0.0410670 seconds
67.031: Application time: 0.0010000 seconds
67.071: [GC67.072: [ParNew: 7578K->895K(8128K), 0.0021710 secs] 13495K->12406K(26052K), 0.0022060 secs] [Times: user=0.01 sys=0.00, real=0.00 secs] 
67.074: Total time for which application threads were stopped: 0.0428100 seconds, Stopping threads took: 0.0405280 seconds
67.156: Application time: 0.0827780 seconds
67.223: [GC67.223: [ParNew: 7748K->7748K(8128K), 0.0000100 secs]67.223: [Tenured: 11511K->1984K(17924K), 0.0043640 secs] 19259K->1984K(26052K), [Perm : 5109K->5109K(21248K)], 0.0044190 secs] [Times: user=0.00 sys=0.00, real=0.01 secs] 
67.228: Total time for which application threads were stopped: 0.0713630 seconds, Stopping threads took: 0.0668710 seconds
67.229: Application time: 0.0011180 seconds
67.271: [GC67.271: [ParNew: 7146K->895K(8128K), 0.0022690 secs] 9130K->8446K(26052K), 0.0023050 secs] [Times: user=0.01 sys=0.00, real=0.00 secs] 
67.273: Total time for which application threads were stopped: 0.0442680 seconds, Stopping threads took: 0.0418840 seconds
67.368: Application time: 0.0945600 seconds
67.438: [GC67.438: [ParNew: 8021K->630K(8128K), 0.0004670 secs] 15573K->8189K(26052K), 0.0004960 secs] [Times: user=0.00 sys=0.00, real=0.00 secs] 
67.438: Total time for which application threads were stopped: 0.0706100 seconds, Stopping threads took: 0.0700290 seconds
67.439: Application time: 0.0009950 seconds
67.492: [GC67.492: [ParNew: 7776K->895K(8128K), 0.0018590 secs] 15335K->13206K(26052K), 0.0018950 secs] [Times: user=0.01 sys=0.00, real=0.00 secs] 
67.494: Total time for which application threads were stopped: 0.0546670 seconds, Stopping threads took: 0.0527160 seconds
67.573: Application time: 0.0788760 seconds
67.614: [GC67.614: [ParNew: 7943K->7943K(8128K), 0.0000110 secs]67.614: [Tenured: 12311K->2796K(17924K), 0.0050580 secs] 20254K->2796K(26052K), [Perm : 5109K->5109K(21248K)], 0.0051220 secs] [Times: user=0.01 sys=0.00, real=0.01 secs] 
67.619: Total time for which application threads were stopped: 0.0463500 seconds, Stopping threads took: 0.0411660 seconds
67.620: Application time: 0.0011220 seconds
67.672: [GC67.672: [ParNew: 7146K->895K(8128K), 0.0020300 secs] 9942K->8574K(26052K), 0.0020690 secs] [Times: user=0.01 sys=0.00, real=0.00 secs] 
67.674: Total time for which application threads were stopped: 0.0531940 seconds, Stopping threads took: 0.0510460 seconds
67.755: Application time: 0.0815050 seconds
67.821: [GC67.821: [ParNew: 8119K->42K(8128K), 0.0003340 secs] 15798K->7737K(26052K), 0.0003650 secs] [Times: user=0.00 sys=0.00, real=0.00 secs] 
67.821: Total time for which application threads were stopped: 0.0662710 seconds, Stopping threads took: 0.0658460 seconds
67.822: Application time: 0.0008970 seconds
67.822: [GC67.822: [ParNew: 7266K->895K(8128K), 0.0021910 secs] 14962K->14897K(26052K), 0.0022260 secs] [Times: user=0.02 sys=0.00, real=0.00 secs] 
67.825: Total time for which application threads were stopped: 0.0023960 seconds, Stopping threads took: 0.0001130 seconds
67.906: Application time: 0.0809940 seconds
67.964: [GC67.964: [ParNew: 8040K->8040K(8128K), 0.0000100 secs]67.964: [Tenured: 14002K->2650K(17924K), 0.0047420 secs] 22043K->2650K(26052K), [Perm : 5109K->5109K(21248K)], 0.0047970 secs] [Times: user=0.01 sys=0.00, real=0.01 secs] 
67.969: Total time for which application threads were stopped: 0.0628740 seconds, Stopping threads took: 0.0579970 seconds
67.970: Application time: 0.0014280 seconds
68.035: [GC68.035: [ParNew: 7146K->895K(8128K), 0.0013970 secs] 9796K->6866K(26052K), 0.0014330 secs] [Times: user=0.01 sys=0.00, real=0.00 secs] 
68.036: Total time for which application threads were stopped: 0.0663230 seconds, Stopping threads took: 0.0648080 seconds
68.115: Application time: 0.0790690 seconds
68.157: [GC68.157: [ParNew: 8119K->630K(8128K), 0.0004030 secs] 14090K->6625K(26052K), 0.0004300 secs] [Times: user=0.00 sys=0.00, real=0.01 secs] 
68.158: Total time for which application threads were stopped: 0.0424540 seconds, Stopping threads took: 0.0419470 seconds
68.159: Application time: 0.0011860 seconds
68.211: [GC68.211: [ParNew: 7774K->895K(8128K), 0.0017030 secs] 13769K->11634K(26052K), 0.0017360 secs] [Times: user=0.02 sys=0.00, real=0.00 secs] 
68.213: Total time for which application threads were stopped: 0.0536820 seconds, Stopping threads took: 0.0518680 seconds
68.292: Application time: 0.0795180 seconds
68.335: [GC68.335: [ParNew: 7943K->791K(8128K), 0.0004290 secs] 18682K->11554K(26052K), 0.0004610 secs] [Times: user=0.01 sys=0.00, real=0.00 secs] 
68.335: Total time for which application threads were stopped: 0.0430390 seconds, Stopping threads took: 0.0425210 seconds
68.336: Application time: 0.0010760 seconds
68.376: [GC68.376: [ParNew: 7937K->895K(8128K), 0.0022060 secs] 18700K->17623K(26052K), 0.0022400 secs] [Times: user=0.02 sys=0.00, real=0.01 secs] 
68.378: Total time for which application threads were stopped: 0.0420770 seconds, Stopping threads took: 0.0397610 seconds
68.471: Application time: 0.0921150 seconds
68.542: [GC68.542: [ParNew: 8127K->8127K(8128K), 0.0000100 secs]68.542: [Tenured: 16728K->1348K(17924K), 0.0048140 secs] 24855K->1348K(26052K), [Perm : 5109K->5109K(21248K)], 0.0048680 secs] [Times: user=0.00 sys=0.00, real=0.01 secs] 
68.547: Total time for which application threads were stopped: 0.0766460 seconds, Stopping threads took: 0.0716910 seconds
68.548: Application time: 0.0010270 seconds
68.549: [GC68.549: [ParNew: 7194K->895K(8128K), 0.0023600 secs] 8543K->8452K(26052K), 0.0023980 secs] [Times: user=0.02 sys=0.00, real=0.00 secs] 
68.551: Total time for which application threads were stopped: 0.0027710 seconds, Stopping threads took: 0.0002940 seconds
68.631: Application time: 0.0804190 seconds
68.699: [GC68.699: [ParNew: 7943K->791K(8128K), 0.0006030 secs] 15500K->8787K(26052K), 0.0006340 secs] [Times: user=0.00 sys=0.00, real=0.00 secs] 
68.700: Total time for which application threads were stopped: 0.0685330 seconds, Stopping threads took: 0.0678240 seconds
68.701: Application time: 0.0010460 seconds
68.747: [GC68.747: [ParNew: 7937K->797K(8128K), 0.0017620 secs] 15933K->13130K(26052K), 0.0018000 secs] [Times: user=0.02 sys=0.00, real=0.00 secs] 
68.749: Total time for which application threads were stopped: 0.0477690 seconds, Stopping threads took: 0.0458900 seconds
68.827: Application time: 0.0783500 seconds
68.870: [GC68.870: [ParNew: 7845K->7845K(8128K), 0.0000100 secs]68.870: [Tenured: 12333K->2766K(17924K), 0.0053110 secs] 20179K->2766K(26052K), [Perm : 5109K->5109K(21248K)], 0.0053680 secs] [Times: user=0.01 sys=0.00, real=0.00 secs] 
68.876: Total time for which application threads were stopped: 0.0484400 seconds, Stopping threads took: 0.0429890 seconds
68.877: Application time: 0.0016040 seconds
68.954: [GC68.954: [ParNew: 7224K->823K(8128K), 0.0005010 secs] 9991K->3785K(26052K), 0.0005320 secs] [Times: user=0.00 sys=0.00, real=0.00 secs] 
68.954: Total time for which application threads were stopped: 0.0769910 seconds, Stopping threads took: 0.0763980 seconds
68.955: Application time: 0.0010340 seconds
68.996: [GC68.996: [ParNew: 8048K->895K(8128K), 0.0019030 secs] 11009K->9023K(26052K), 0.0019400 secs] [Times: user=0.02 sys=0.00, real=0.01 secs] 
68.998: Total time for which application threads were stopped: 0.0427060 seconds, Stopping threads took: 0.0406870 seconds
69.077: Application time: 0.0791450 seconds
69.145: [GC69.145: [ParNew: 8041K->207K(8128K), 0.0004950 secs] 16169K->8391K(26052K), 0.0005260 secs] [Times: user=0.01 sys=0.00, real=0.00 secs] 
69.146: Total time for which application threads were stopped: 0.0684890 seconds, Stopping threads took: 0.0678890 seconds
69.147: Application time: 0.0009530 seconds
69.187: [GC69.187: [ParNew: 7353K->895K(8128K), 0.0020250 secs] 15537K->14450K(26052K), 0.0020630 secs] [Times: user=0.02 sys=0.00, real=0.00 secs] 
69.189: Total time for which application threads were stopped: 0.0426730 seconds, Stopping threads took: 0.0405480 seconds
69.270: Application time: 0.0806130 seconds
69.337: [GC69.337: [ParNew: 7943K->7943K(8128K), 0.0000100 secs]69.337: [Tenured: 13555K->1846K(17924K), 0.0043880 secs] 21499K->1846K(26052K), [Perm : 5109K->5109K(21248K)], 0.0044440 secs] [Times: user=0.01 sys=0.00, real=0.01 secs] 
69.341: Total time for which application threads were stopped: 0.0712180 seconds, Stopping threads took: 0.0667020 seconds
69.342: Application time: 0.0010310 seconds
69.384: [GC69.384: [ParNew: 7048K->895K(8128K), 0.0020760 secs] 8895K->8211K(26052K), 0.0021140 secs] [Times: user=0.01 sys=0.00, real=0.01 secs] 
69.387: Total time for which application threads were stopped: 0.0443980 seconds, Stopping threads took: 0.0422050 seconds
69.468: Application time: 0.0818960 seconds
69.525: [GC69.525: [ParNew: 7845K->402K(8128K), 0.0005380 secs] 15161K->7750K(26052K), 0.0005670 secs] [Times: user=0.01 sys=0.00, real=0.00 secs] 
69.526: Total time for which application threads were stopped: 0.0572650 seconds, Stopping threads took: 0.0566160 seconds
69.527: Application time: 0.0009770 seconds
69.579: [GC69.579: [ParNew: 7627K->895K(8128K), 0.0023400 secs] 14975K->13837K(26052K), 0.0023780 secs] [Times: user=0.01 sys=0.00, real=0.00 secs] 
69.581: Total time for which application threads were stopped: 0.0547300 seconds, Stopping threads took: 0.0522960 seconds
69.663: Application time: 0.0816490 seconds
69.716: [GC69.716: [ParNew: 8040K->8040K(8128K), 0.0000100 secs]69.716: [Tenured: 12942K->3041K(17924K), 0.0050230 secs] 20983K->3041K(26052K), [Perm : 5109K->5109K(21248K)], 0.0050810 secs] [Times: user=0.01 sys=0.00, real=0.01 secs] 
69.721: Total time for which application threads were stopped: 0.0579350 seconds, Stopping threads took: 0.0527630 seconds
69.799: Application time: 0.0784110 seconds
69.803: [GC69.803: [ParNew: 7048K->209K(8128K), 0.0005880 secs] 10090K->3251K(26052K), 0.0006230 secs] [Times: user=0.00 sys=0.00, real=0.00 secs] 
69.803: Total time for which application threads were stopped: 0.0040300 seconds, Stopping threads took: 0.0033360 seconds
69.804: Application time: 0.0008870 seconds
69.845: [GC69.845: [ParNew: 7433K->895K(8128K), 0.0019840 secs] 10475K->9336K(26052K), 0.0020170 secs] [Times: user=0.02 sys=0.00, real=0.01 secs] 
69.847: Total time for which application threads were stopped: 0.0426020 seconds, Stopping threads took: 0.0405110 seconds
69.928: Application time: 0.0808960 seconds
69.992: [GC69.992: [ParNew: 7943K->402K(8128K), 0.0006970 secs] 16384K->8908K(26052K), 0.0007290 secs] [Times: user=0.00 sys=0.00, real=0.00 secs] 
69.993: Total time for which application threads were stopped: 0.0650820 seconds, Stopping threads took: 0.0642770 seconds
69.994: Application time: 0.0009440 seconds
70.034: [GC70.034: [ParNew: 7627K->895K(8128K), 0.0020070 secs] 16132K->14995K(26052K), 0.0020430 secs] [Times: user=0.02 sys=0.00, real=0.00 secs] 
70.036: Total time for which application threads were stopped: 0.0426530 seconds, Stopping threads took: 0.0405300 seconds
70.116: Application time: 0.0790640 seconds
70.183: [GC70.183: [ParNew: 7826K->7826K(8128K), 0.0000100 secs]70.183: [Tenured: 14100K->1760K(17924K), 0.0047380 secs] 21926K->1760K(26052K), [Perm : 5109K->5109K(21248K)], 0.0047930 secs] [Times: user=0.00 sys=0.00, real=0.01 secs] 
70.188: Total time for which application threads were stopped: 0.0722360 seconds, Stopping threads took: 0.0673590 seconds
70.189: Application time: 0.0012300 seconds
70.230: [GC70.230: [ParNew: 7204K->895K(8128K), 0.0021700 secs] 8964K->8180K(26052K), 0.0022080 secs] [Times: user=0.01 sys=0.00, real=0.00 secs] 
70.232: Total time for which application threads were stopped: 0.0430640 seconds, Stopping threads took: 0.0407780 seconds
70.312: Application time: 0.0799020 seconds
70.381: [GC70.381: [ParNew: 7845K->404K(8128K), 0.0006140 secs] 15130K->7745K(26052K), 0.0006450 secs] [Times: user=0.00 sys=0.00, real=0.00 secs] 
70.382: Total time for which application threads were stopped: 0.0695010 seconds, Stopping threads took: 0.0687900 seconds
70.382: Application time: 0.0009330 seconds
70.423: [GC70.423: [ParNew: 7550K->895K(8128K), 0.0021910 secs] 14892K->13803K(26052K), 0.0022250 secs] [Times: user=0.02 sys=0.00, real=0.00 secs] 
70.425: Total time for which application threads were stopped: 0.0429940 seconds, Stopping threads took: 0.0406920 seconds
70.523: Application time: 0.0974800 seconds
70.588: [GC70.588: [ParNew: 7748K->7748K(8128K), 0.0000100 secs]70.588: [Tenured: 12907K->2209K(17924K), 0.0050660 secs] 20655K->2209K(26052K), [Perm : 5109K->5109K(21248K)], 0.0051200 secs] [Times: user=0.01 sys=0.00, real=0.00 secs] 
70.593: Total time for which application threads were stopped: 0.0697910 seconds, Stopping threads took: 0.0645900 seconds
70.594: Application time: 0.0011800 seconds
70.637: [GC70.637: [ParNew: 7126K->895K(8128K), 0.0019750 secs] 9336K->8601K(26052K), 0.0020140 secs] [Times: user=0.02 sys=0.00, real=0.01 secs] 
70.639: Total time for which application threads were stopped: 0.0450280 seconds, Stopping threads took: 0.0429550 seconds
70.719: Application time: 0.0800440 seconds
70.781: [GC70.781: [ParNew: 7845K->402K(8128K), 0.0003000 secs] 15552K->8157K(26052K), 0.0003310 secs] [Times: user=0.00 sys=0.00, real=0.00 secs] 
70.781: Total time for which application threads were stopped: 0.0622560 seconds, Stopping threads took: 0.0618380 seconds
70.782: Application time: 0.0009170 seconds
70.782: [GC70.782: [ParNew: 7548K->895K(8128K), 0.0025740 secs] 15303K->15290K(26052K), 0.0026090 secs] [Times: user=0.02 sys=0.00, real=0.00 secs] 
70.785: Total time for which application threads were stopped: 0.0028470 seconds, Stopping threads took: 0.0001590 seconds
70.872: Application time: 0.0871570 seconds
70.947: [GC70.948: [ParNew: 7747K->7747K(8128K), 0.0000100 secs]70.948: [Tenured: 14395K->2238K(17924K), 0.0050040 secs] 22143K->2238K(26052K), [Perm : 5109K->5109K(21248K)], 0.0050600 secs] [Times: user=0.01 sys=0.00, real=0.00 secs] 
70.953: Total time for which application threads were stopped: 0.0804290 seconds, Stopping threads took: 0.0752770 seconds
70.954: Application time: 0.0013050 seconds
71.025: [GC71.025: [ParNew: 7224K->825K(8128K), 0.0016310 secs] 9462K->6579K(26052K), 0.0016610 secs] [Times: user=0.01 sys=0.00, real=0.01 secs] 
71.027: Total time for which application threads were stopped: 0.0730870 seconds, Stopping threads took: 0.0713510 seconds
71.105: Application time: 0.0784600 seconds
71.147: [GC71.147: [ParNew: 7971K->795K(8128K), 0.0006530 secs] 13725K->7605K(26052K), 0.0006850 secs] [Times: user=0.00 sys=0.00, real=0.00 secs] 
71.148: Total time for which application threads were stopped: 0.0421920 seconds, Stopping threads took: 0.0414380 seconds
71.232: Application time: 0.0845710 seconds
71.247: [GC71.247: [ParNew: 7843K->209K(8128K), 0.0005980 secs] 14654K->7027K(26052K), 0.0006280 secs] [Times: user=0.01 sys=0.00, real=0.00 secs] 
71.247: Total time for which application threads were stopped: 0.0151790 seconds, Stopping threads took: 0.0145010 seconds
71.248: Application time: 0.0007000 seconds
71.248: [GC71.248: [ParNew: 7355K->895K(8128K), 0.0023670 secs] 14174K->14159K(26052K), 0.0024010 secs] [Times: user=0.02 sys=0.00, real=0.00 secs] 
71.251: Total time for which application threads were stopped: 0.0027140 seconds, Stopping threads took: 0.0002360 seconds
71.338: Application time: 0.0868430 seconds
71.407: [GC71.407: [ParNew: 8040K->8040K(8128K), 0.0000110 secs]71.407: [Tenured: 13264K->3921K(17924K), 0.0054370 secs] 21305K->3921K(26052K), [Perm : 5109K->5109K(21248K)], 0.0054960 secs] [Times: user=0.00 sys=0.00, real=0.00 secs] 
71.413: Total time for which application threads were stopped: 0.0748590 seconds, Stopping threads took: 0.0692690 seconds
71.490: Application time: 0.0773660 seconds
71.494: [GC71.495: [ParNew: 7146K->795K(8128K), 0.0008000 secs] 11067K->5107K(26052K), 0.0008320 secs] [Times: user=0.01 sys=0.00, real=0.00 secs] 
71.495: Total time for which application threads were stopped: 0.0054430 seconds, Stopping threads took: 0.0045340 seconds
71.496: Application time: 0.0009600 seconds
71.562: [GC71.562: [ParNew: 7941K->797K(8128K), 0.0016550 secs] 12253K->9446K(26052K), 0.0016940 secs] [Times: user=0.01 sys=0.00, real=0.00 secs] 
71.563: Total time for which application threads were stopped: 0.0671900 seconds, Stopping threads took: 0.0654140 seconds
71.643: Application time: 0.0795300 seconds
71.683: [GC71.683: [ParNew: 7947K->849K(8128K), 0.0007680 secs] 16597K->10100K(26052K), 0.0007970 secs] [Times: user=0.00 sys=0.00, real=0.00 secs] 
71.684: Total time for which application threads were stopped: 0.0412770 seconds, Stopping threads took: 0.0404060 seconds
71.686: Application time: 0.0014280 seconds
71.762: [GC71.762: [ParNew: 7928K->72K(8128K), 0.0003870 secs] 17179K->9801K(26052K), 0.0004170 secs] [Times: user=0.00 sys=0.00, real=0.00 secs] 
71.762: Total time for which application threads were stopped: 0.0764190 seconds, Stopping threads took: 0.0759520 seconds
71.763: Application time: 0.0010160 seconds
71.803: [GC71.803: [ParNew: 7218K->895K(8128K), 0.0021090 secs] 16948K->16638K(26052K), 0.0021490 secs] [Times: user=0.02 sys=0.00, real=0.00 secs] 
71.805: Total time for which application threads were stopped: 0.0416310 seconds, Stopping threads took: 0.0394030 seconds
71.892: Application time: 0.0871210 seconds
71.967: [GC71.967: [ParNew: 8099K->8099K(8128K), 0.0000100 secs]71.967: [Tenured: 15743K->2403K(17924K), 0.0052140 secs] 23843K->2403K(26052K), [Perm : 5109K->5109K(21248K)], 0.0052710 secs] [Times: user=0.00 sys=0.00, real=0.00 secs] 
71.973: Total time for which application threads were stopped: 0.0808280 seconds, Stopping threads took: 0.0754670 seconds
71.974: Application time: 0.0011810 seconds
72.015: [GC72.015: [ParNew: 7048K->895K(8128K), 0.0018540 secs] 9451K->8279K(26052K), 0.0018910 secs] [Times: user=0.01 sys=0.00, real=0.00 secs] 
72.016: Total time for which application threads were stopped: 0.0425540 seconds, Stopping threads took: 0.0405800 seconds
72.097: Application time: 0.0809960 seconds
72.165: [GC72.165: [ParNew: 7943K->14K(8128K), 0.0005950 secs] 15327K->7414K(26052K), 0.0006330 secs] [Times: user=0.00 sys=0.00, real=0.00 secs] 
72.165: Total time for which application threads were stopped: 0.0678170 seconds, Stopping threads took: 0.0671070 seconds
72.167: Application time: 0.0012120 seconds
72.167: [GC72.167: [ParNew: 7160K->895K(8128K), 0.0023420 secs] 14560K->14545K(26052K), 0.0023780 secs] [Times: user=0.02 sys=0.00, real=0.00 secs] 
72.169: Total time for which application threads were stopped: 0.0025490 seconds, Stopping threads took: 0.0001040 seconds
72.260: Application time: 0.0906780 seconds
72.333: [GC72.333: [ParNew: 8001K->8001K(8128K), 0.0000100 secs]72.333: [Tenured: 13650K->2657K(17924K), 0.0050500 secs] 21652K->2657K(26052K), [Perm : 5109K->5109K(21248K)], 0.0051050 secs] [Times: user=0.01 sys=0.00, real=0.01 secs] 
72.339: Total time for which application threads were stopped: 0.0787890 seconds, Stopping threads took: 0.0736010 seconds
72.340: Application time: 0.0012390 seconds
72.382: [GC72.382: [ParNew: 7146K->895K(8128K), 0.0018260 secs] 9803K->7751K(26052K), 0.0018650 secs] [Times: user=0.01 sys=0.00, real=0.00 secs] 
72.384: Total time for which application threads were stopped: 0.0437210 seconds, Stopping threads took: 0.0417980 seconds
72.465: Application time: 0.0817180 seconds
72.532: [GC72.532: [ParNew: 8041K->404K(8128K), 0.0005360 secs] 14897K->7293K(26052K), 0.0005660 secs] [Times: user=0.00 sys=0.00, real=0.00 secs] 
72.533: Total time for which application threads were stopped: 0.0678020 seconds, Stopping threads took: 0.0671540 seconds
72.534: Application time: 0.0009900 seconds
72.575: [GC72.575: [ParNew: 7550K->797K(8128K), 0.0020010 secs] 14439K->13350K(26052K), 0.0020390 secs] [Times: user=0.02 sys=0.00, real=0.00 secs] 
72.577: Total time for which application threads were stopped: 0.0428650 seconds, Stopping threads took: 0.0407680 seconds
72.661: Application time: 0.0840140 seconds
72.731: [GC72.731: [ParNew: 7650K->7650K(8128K), 0.0000100 secs]72.731: [Tenured: 12553K->1877K(17924K), 0.0045690 secs] 20203K->1877K(26052K), [Perm : 5109K->5109K(21248K)], 0.0046240 secs] [Times: user=0.01 sys=0.00, real=0.00 secs] 
72.736: Total time for which application threads were stopped: 0.0746760 seconds, Stopping threads took: 0.0699810 seconds
72.737: Application time: 0.0011710 seconds
72.793: [GC72.793: [ParNew: 7146K->895K(8128K), 0.0018300 secs] 9023K->7265K(26052K), 0.0018660 secs] [Times: user=0.02 sys=0.00, real=0.00 secs] 
72.795: Total time for which application threads were stopped: 0.0577610 seconds, Stopping threads took: 0.0558150 seconds
72.873: Application time: 0.0785810 seconds
72.915: [GC72.915: [ParNew: 8041K->895K(8128K), 0.0011290 secs] 14411K->9242K(26052K), 0.0011640 secs] [Times: user=0.01 sys=0.00, real=0.00 secs] 
72.916: Total time for which application threads were stopped: 0.0428580 seconds, Stopping threads took: 0.0416150 seconds
72.997: Application time: 0.0805660 seconds
72.999: [GC72.999: [ParNew: 7845K->793K(8128K), 0.0004500 secs] 16193K->9555K(26052K), 0.0004820 secs] [Times: user=0.00 sys=0.00, real=0.00 secs] 
72.999: Total time for which application threads were stopped: 0.0028770 seconds, Stopping threads took: 0.0023400 seconds
73.001: Application time: 0.0014910 seconds
73.077: [GC73.077: [ParNew: 8017K->823K(8128K), 0.0004270 secs] 16779K->9609K(26052K), 0.0004580 secs] [Times: user=0.00 sys=0.00, real=0.01 secs] 
73.078: Total time for which application threads were stopped: 0.0769820 seconds, Stopping threads took: 0.0764620 seconds
73.079: Application time: 0.0009900 seconds
73.134: [GC73.134: [ParNew: 7969K->893K(8128K), 0.0016670 secs] 16755K->14626K(26052K), 0.0016970 secs] [Times: user=0.02 sys=0.00, real=0.00 secs] 
73.136: Total time for which application threads were stopped: 0.0567420 seconds, Stopping threads took: 0.0549690 seconds
73.216: Application time: 0.0802680 seconds
73.259: [GC73.259: [ParNew: 8039K->8039K(8128K), 0.0000100 secs]73.259: [Tenured: 13732K->2359K(17924K), 0.0045230 secs] 21772K->2359K(26052K), [Perm : 5109K->5109K(21248K)], 0.0045790 secs] [Times: user=0.01 sys=0.00, real=0.00 secs] 
73.263: Total time for which application threads were stopped: 0.0472110 seconds, Stopping threads took: 0.0425600 seconds
73.264: Application time: 0.0011850 seconds
73.316: [GC73.316: [ParNew: 7146K->895K(8128K), 0.0019680 secs] 9505K->8430K(26052K), 0.0020090 secs] [Times: user=0.01 sys=0.00, real=0.01 secs] 
73.319: Total time for which application threads were stopped: 0.0542110 seconds, Stopping threads took: 0.0521410 seconds
73.399: Application time: 0.0804350 seconds
73.467: [GC73.467: [ParNew: 7993K->211K(8128K), 0.0004070 secs] 15528K->7770K(26052K), 0.0004360 secs] [Times: user=0.01 sys=0.00, real=0.00 secs] 
73.467: Total time for which application threads were stopped: 0.0685060 seconds, Stopping threads took: 0.0680090 seconds
73.468: Application time: 0.0008480 seconds
73.469: [GC73.469: [ParNew: 7385K->895K(8128K), 0.0024330 secs] 14945K->14928K(26052K), 0.0024670 secs] [Times: user=0.02 sys=0.00, real=0.00 secs] 
73.471: Total time for which application threads were stopped: 0.0027770 seconds, Stopping threads took: 0.0002310 seconds
73.551: Application time: 0.0800900 seconds
73.620: [GC73.620: [ParNew: 8080K->8080K(8128K), 0.0000100 secs]73.620: [Tenured: 14033K->2765K(17924K), 0.0046800 secs] 22113K->2765K(26052K), [Perm : 5109K->5109K(21248K)], 0.0047330 secs] [Times: user=0.00 sys=0.00, real=0.00 secs] 
73.625: Total time for which application threads were stopped: 0.0735600 seconds, Stopping threads took: 0.0687470 seconds
73.626: Application time: 0.0017480 seconds
73.703: [GC73.703: [ParNew: 7224K->895K(8128K), 0.0009720 secs] 9990K->4861K(26052K), 0.0010070 secs] [Times: user=0.01 sys=0.00, real=0.00 secs] 
73.704: Total time for which application threads were stopped: 0.0771350 seconds, Stopping threads took: 0.0760700 seconds
73.789: Application time: 0.0858310 seconds
73.797: [GC73.797: [ParNew: 7896K->402K(8128K), 0.0003310 secs] 11862K->4408K(26052K), 0.0003610 secs] [Times: user=0.00 sys=0.00, real=0.00 secs] 
73.798: Total time for which application threads were stopped: 0.0081330 seconds, Stopping threads took: 0.0076970 seconds
73.798: Application time: 0.0008450 seconds
73.839: [GC73.839: [ParNew: 7557K->895K(8128K), 0.0019670 secs] 11563K->10426K(26052K), 0.0020020 secs] [Times: user=0.01 sys=0.00, real=0.00 secs] 
73.841: Total time for which application threads were stopped: 0.0424910 seconds, Stopping threads took: 0.0404310 seconds
73.921: Application time: 0.0804380 seconds
73.982: [GC73.982: [ParNew: 7845K->404K(8128K), 0.0006830 secs] 17376K->9991K(26052K), 0.0007170 secs] [Times: user=0.01 sys=0.00, real=0.00 secs] 
73.982: Total time for which application threads were stopped: 0.0610660 seconds, Stopping threads took: 0.0602900 seconds
73.984: Application time: 0.0010850 seconds
74.024: [GC74.024: [ParNew: 7550K->895K(8128K), 0.0019880 secs] 17137K->16048K(26052K), 0.0020220 secs] [Times: user=0.01 sys=0.00, real=0.01 secs] 
74.026: Total time for which application threads were stopped: 0.0423010 seconds, Stopping threads took: 0.0402240 seconds
74.118: Application time: 0.0921490 seconds
74.191: [GC74.191: [ParNew: 8040K->8040K(8128K), 0.0000100 secs]74.191: [Tenured: 15153K->3634K(17924K), 0.0053260 secs] 23194K->3634K(26052K), [Perm : 5109K->5109K(21248K)], 0.0053800 secs] [Times: user=0.00 sys=0.00, real=0.00 secs] 
74.197: Total time for which application threads were stopped: 0.0787590 seconds, Stopping threads took: 0.0732880 seconds
74.276: Application time: 0.0788610 seconds
74.278: [GC74.278: [ParNew: 7048K->209K(8128K), 0.0005960 secs] 10682K->3843K(26052K), 0.0006250 secs] [Times: user=0.01 sys=0.00, real=0.00 secs] 
74.278: Total time for which application threads were stopped: 0.0028200 seconds, Stopping threads took: 0.0021210 seconds
74.279: Application time: 0.0008200 seconds
74.280: [GC74.280: [ParNew: 7355K->895K(8128K), 0.0020570 secs] 10990K->10975K(26052K), 0.0020930 secs] [Times: user=0.02 sys=0.01, real=0.00 secs] 
74.282: Total time for which application threads were stopped: 0.0023970 seconds, Stopping threads took: 0.0002300 seconds
74.363: Application time: 0.0812030 seconds
74.432: [GC74.432: [ParNew: 7943K->406K(8128K), 0.0005300 secs] 18023K->10518K(26052K), 0.0005620 secs] [Times: user=0.00 sys=0.00, real=0.00 secs] 
74.432: Total time for which application threads were stopped: 0.0694020 seconds, Stopping threads took: 0.0687850 seconds
74.433: Application time: 0.0008690 seconds
74.474: [GC74.474: [ParNew: 7552K->797K(8128K), 0.0019470 secs] 17665K->16574K(26052K), 0.0019820 secs] [Times: user=0.01 sys=0.00, real=0.00 secs] 
74.476: Total time for which application threads were stopped: 0.0426010 seconds, Stopping threads took: 0.0405620 seconds
74.568: Application time: 0.0918790 seconds
74.639: [GC74.639: [ParNew: 7943K->7943K(8128K), 0.0000120 secs]74.639: [Tenured: 15776K->3634K(17924K), 0.0053800 secs] 23719K->3634K(26052K), [Perm : 5109K->5109K(21248K)], 0.0054430 secs] [Times: user=0.00 sys=0.00, real=0.00 secs] 
74.645: Total time for which application threads were stopped: 0.0770160 seconds, Stopping threads took: 0.0715110 seconds
74.730: Application time: 0.0851000 seconds
74.735: [GC74.735: [ParNew: 7048K->209K(8128K), 0.0005540 secs] 10682K->3843K(26052K), 0.0005840 secs] [Times: user=0.00 sys=0.00, real=0.00 secs] 
74.736: Total time for which application threads were stopped: 0.0060420 seconds, Stopping threads took: 0.0053950 seconds
74.737: Application time: 0.0007590 seconds
74.737: [GC74.737: [ParNew: 7355K->895K(8128K), 0.0024470 secs] 10990K->10975K(26052K), 0.0024810 secs] [Times: user=0.01 sys=0.00, real=0.01 secs] 
74.739: Total time for which application threads were stopped: 0.0028140 seconds, Stopping threads took: 0.0002670 seconds
74.820: Application time: 0.0808180 seconds
74.893: [GC74.893: [ParNew: 7943K->402K(8128K), 0.0005530 secs] 18023K->10498K(26052K), 0.0005850 secs] [Times: user=0.00 sys=0.00, real=0.00 secs] 
74.894: Total time for which application threads were stopped: 0.0733450 seconds, Stopping threads took: 0.0726830 seconds
74.894: Application time: 0.0008930 seconds
74.935: [GC74.935: [ParNew: 7451K->895K(8128K), 0.0020730 secs] 17547K->16460K(26052K), 0.0021090 secs] [Times: user=0.01 sys=0.00, real=0.00 secs] 
74.937: Total time for which application threads were stopped: 0.0428430 seconds, Stopping threads took: 0.0406780 seconds
75.026: Application time: 0.0883490 seconds
75.088: [GC75.088: [ParNew: 8119K->8119K(8128K), 0.0000110 secs]75.088: [Tenured: 15565K->2945K(17924K), 0.0052450 secs] 23684K->2945K(26052K), [Perm : 5109K->5109K(21248K)], 0.0053010 secs] [Times: user=0.01 sys=0.00, real=0.00 secs] 
75.093: Total time for which application threads were stopped: 0.0673150 seconds, Stopping threads took: 0.0619310 seconds
75.183: Application time: 0.0902640 seconds
75.188: [GC75.188: [ParNew: 7224K->239K(8128K), 0.0002820 secs] 10170K->3185K(26052K), 0.0003120 secs] [Times: user=0.00 sys=0.00, real=0.00 secs] 
75.188: Total time for which application threads were stopped: 0.0048520 seconds, Stopping threads took: 0.0044660 seconds
75.189: Application time: 0.0008680 seconds
75.242: [GC75.242: [ParNew: 7385K->825K(8128K), 0.0019430 secs] 10331K->9240K(26052K), 0.0019780 secs] [Times: user=0.01 sys=0.00, real=0.00 secs] 
75.244: Total time for which application threads were stopped: 0.0549850 seconds, Stopping threads took: 0.0529150 seconds
75.325: Application time: 0.0812690 seconds
75.392: [GC75.392: [ParNew: 8030K->460K(8128K), 0.0006610 secs] 16444K->8939K(26052K), 0.0006900 secs] [Times: user=0.00 sys=0.00, real=0.00 secs] 
75.393: Total time for which application threads were stopped: 0.0675750 seconds, Stopping threads took: 0.0668110 seconds
75.394: Application time: 0.0008820 seconds
75.440: [GC75.440: [ParNew: 7607K->797K(8128K), 0.0020330 secs] 16085K->15044K(26052K), 0.0020770 secs] [Times: user=0.01 sys=0.00, real=0.00 secs] 
75.442: Total time for which application threads were stopped: 0.0480940 seconds, Stopping threads took: 0.0459390 seconds
75.532: Application time: 0.0906700 seconds
75.586: [GC75.586: [ParNew: 7806K->7806K(8128K), 0.0000100 secs]75.586: [Tenured: 14247K->3967K(17924K), 0.0055970 secs] 22054K->3967K(26052K), [Perm : 5109K->5109K(21248K)], 0.0056620 secs] [Times: user=0.01 sys=0.00, real=0.00 secs] 
75.592: Total time for which application threads were stopped: 0.0597230 seconds, Stopping threads took: 0.0539770 seconds
75.677: Application time: 0.0844400 seconds
75.684: [GC75.684: [ParNew: 7224K->895K(8128K), 0.0005800 secs] 11191K->5089K(26052K), 0.0006120 secs] [Times: user=0.00 sys=0.00, real=0.00 secs] 
75.685: Total time for which application threads were stopped: 0.0083520 seconds, Stopping threads took: 0.0076790 seconds
75.696: Application time: 0.0107240 seconds
75.763: [GC75.763: [ParNew: 7748K->402K(8128K), 0.0005070 secs] 11942K->4653K(26052K), 0.0005390 secs] [Times: user=0.01 sys=0.00, real=0.00 secs] 
75.763: Total time for which application threads were stopped: 0.0676040 seconds, Stopping threads took: 0.0669790 seconds
75.764: Application time: 0.0008720 seconds
75.805: [GC75.805: [ParNew: 7627K->895K(8128K), 0.0020420 secs] 11877K->10740K(26052K), 0.0020740 secs] [Times: user=0.02 sys=0.00, real=0.01 secs] 
75.807: Total time for which application threads were stopped: 0.0429070 seconds, Stopping threads took: 0.0407560 seconds
75.888: Application time: 0.0813180 seconds
75.952: [GC75.952: [ParNew: 7747K->402K(8128K), 0.0005450 secs] 17593K->10303K(26052K), 0.0005750 secs] [Times: user=0.00 sys=0.00, real=0.00 secs] 
75.953: Total time for which application threads were stopped: 0.0644920 seconds, Stopping threads took: 0.0638530 seconds
75.954: Application time: 0.0008890 seconds
75.994: [GC75.994: [ParNew: 7548K->895K(8128K), 0.0021430 secs] 17450K->16363K(26052K), 0.0021780 secs] [Times: user=0.02 sys=0.01, real=0.00 secs] 
75.996: Total time for which application threads were stopped: 0.0424320 seconds, Stopping threads took: 0.0401980 seconds
76.084: Application time: 0.0877860 seconds
76.153: [GC76.153: [ParNew: 7748K->7748K(8128K), 0.0000100 secs]76.153: [Tenured: 15467K->2072K(17924K), 0.0050990 secs] 23215K->2072K(26052K), [Perm : 5109K->5109K(21248K)], 0.0051530 secs] [Times: user=0.01 sys=0.00, real=0.01 secs] 
76.158: Total time for which application threads were stopped: 0.0742650 seconds, Stopping threads took: 0.0690310 seconds
76.159: Application time: 0.0010330 seconds
76.201: [GC76.201: [ParNew: 7146K->895K(8128K), 0.0017040 secs] 9218K->7459K(26052K), 0.0017450 secs] [Times: user=0.01 sys=0.00, real=0.00 secs] 
76.203: Total time for which application threads were stopped: 0.0438380 seconds, Stopping threads took: 0.0420340 seconds
76.282: Application time: 0.0788250 seconds
76.323: [GC76.323: [ParNew: 8041K->895K(8128K), 0.0009550 secs] 14605K->9428K(26052K), 0.0009880 secs] [Times: user=0.01 sys=0.01, real=0.00 secs] 
76.324: Total time for which application threads were stopped: 0.0422760 seconds, Stopping threads took: 0.0412240 seconds
76.413: Application time: 0.0891530 seconds
76.454: [GC76.454: [ParNew: 7943K->207K(8128K), 0.0004320 secs] 16477K->8765K(26052K), 0.0004620 secs] [Times: user=0.00 sys=0.00, real=0.00 secs] 
76.455: Total time for which application threads were stopped: 0.0413570 seconds, Stopping threads took: 0.0408190 seconds
76.456: Application time: 0.0007860 seconds
76.456: [GC76.456: [ParNew: 7353K->895K(8128K), 0.0023660 secs] 15911K->15898K(26052K), 0.0024020 secs] [Times: user=0.01 sys=0.00, real=0.01 secs] 
76.458: Total time for which application threads were stopped: 0.0026900 seconds, Stopping threads took: 0.0002100 seconds
76.551: Application time: 0.0924240 seconds
76.621: [GC76.621: [ParNew: 7943K->7943K(8128K), 0.0000100 secs]76.621: [Tenured: 15003K->3146K(17924K), 0.0052720 secs] 22946K->3146K(26052K), [Perm : 5109K->5109K(21248K)], 0.0053260 secs] [Times: user=0.01 sys=0.00, real=0.01 secs] 
76.626: Total time for which application threads were stopped: 0.0757970 seconds, Stopping threads took: 0.0703890 seconds
76.705: Application time: 0.0782040 seconds
76.708: [GC76.708: [ParNew: 7146K->14K(8128K), 0.0006320 secs] 10292K->3160K(26052K), 0.0006670 secs] [Times: user=0.01 sys=0.00, real=0.00 secs] 
76.708: Total time for which application threads were stopped: 0.0037710 seconds, Stopping threads took: 0.0030310 seconds
76.709: Application time: 0.0008030 seconds
76.710: [GC76.710: [ParNew: 7160K->895K(8128K), 0.0021300 secs] 10306K->10291K(26052K), 0.0021620 secs] [Times: user=0.02 sys=0.00, real=0.00 secs] 
76.712: Total time for which application threads were stopped: 0.0027320 seconds, Stopping threads took: 0.0005150 seconds
76.793: Application time: 0.0811450 seconds
76.862: [GC76.862: [ParNew: 7951K->707K(8128K), 0.0005040 secs] 17347K->10706K(26052K), 0.0005370 secs] [Times: user=0.00 sys=0.00, real=0.00 secs] 
76.862: Total time for which application threads were stopped: 0.0689950 seconds, Stopping threads took: 0.0683720 seconds
76.863: Application time: 0.0012220 seconds
76.939: [GC76.939: [ParNew: 7902K->895K(8128K), 0.0009490 secs] 17901K->11950K(26052K), 0.0009810 secs] [Times: user=0.01 sys=0.00, real=0.00 secs] 
76.940: Total time for which application threads were stopped: 0.0768860 seconds, Stopping threads took: 0.0758480 seconds
77.029: Application time: 0.0892080 seconds
77.035: [GC77.035: [ParNew: 8002K->265K(8128K), 0.0004370 secs] 19057K->11384K(26052K), 0.0004660 secs] [Times: user=0.00 sys=0.00, real=0.00 secs] 
77.036: Total time for which application threads were stopped: 0.0064200 seconds, Stopping threads took: 0.0058800 seconds
77.037: Application time: 0.0007450 seconds
77.037: [GC77.037: [ParNew: 7411K->895K(8128K), 0.0021860 secs] 18531K->18516K(26052K), 0.0022220 secs] [Times: user=0.02 sys=0.00, real=0.01 secs] 
77.039: Total time for which application threads were stopped: 0.0024850 seconds, Stopping threads took: 0.0002070 seconds
77.120: Application time: 0.0810050 seconds
77.189: [GC77.189: [ParNew: 7943K->7943K(8128K), 0.0000100 secs]77.189: [Tenured: 17621K->2751K(17924K), 0.0053240 secs] 25564K->2751K(26052K), [Perm : 5109K->5109K(21248K)], 0.0053820 secs] [Times: user=0.01 sys=0.00, real=0.00 secs] 
77.194: Total time for which application threads were stopped: 0.0743350 seconds, Stopping threads took: 0.0688680 seconds
77.272: Application time: 0.0780190 seconds
77.286: [GC77.286: [ParNew: 7224K->44K(8128K), 0.0004400 secs] 9975K->2795K(26052K), 0.0004710 secs] [Times: user=0.00 sys=0.00, real=0.00 secs] 
77.286: Total time for which application threads were stopped: 0.0140600 seconds, Stopping threads took: 0.0135150 seconds
77.287: Application time: 0.0008270 seconds
77.288: [GC77.288: [ParNew: 7268K->895K(8128K), 0.0022810 secs] 10019K->9953K(26052K), 0.0023140 secs] [Times: user=0.01 sys=0.01, real=0.00 secs] 
77.290: Total time for which application threads were stopped: 0.0025460 seconds, Stopping threads took: 0.0001770 seconds
77.371: Application time: 0.0809330 seconds
77.439: [GC77.439: [ParNew: 7845K->795K(8128K), 0.0005180 secs] 16903K->10283K(26052K), 0.0005510 secs] [Times: user=0.00 sys=0.00, real=0.00 secs] 
77.440: Total time for which application threads were stopped: 0.0688190 seconds, Stopping threads took: 0.0681790 seconds
77.441: Application time: 0.0011290 seconds
77.493: [GC77.493: [ParNew: 8019K->825K(8128K), 0.0019050 secs] 17508K->14635K(26052K), 0.0019440 secs] [Times: user=0.01 sys=0.00, real=0.00 secs] 
77.495: Total time for which application threads were stopped: 0.0543800 seconds, Stopping threads took: 0.0523780 seconds
77.575: Application time: 0.0797070 seconds
77.627: [GC77.627: [ParNew: 7678K->7678K(8128K), 0.0000100 secs]77.627: [Tenured: 13809K->2543K(17924K), 0.0052800 secs] 21488K->2543K(26052K), [Perm : 5109K->5109K(21248K)], 0.0053320 secs] [Times: user=0.01 sys=0.00, real=0.00 secs] 
77.632: Total time for which application threads were stopped: 0.0575160 seconds, Stopping threads took: 0.0521020 seconds
77.634: Application time: 0.0014210 seconds
77.710: [GC77.710: [ParNew: 7224K->895K(8128K), 0.0017010 secs] 9767K->6591K(26052K), 0.0017390 secs] [Times: user=0.01 sys=0.00, real=0.00 secs] 
77.712: Total time for which application threads were stopped: 0.0781610 seconds, Stopping threads took: 0.0763350 seconds
77.791: Application time: 0.0790170 seconds
77.832: [GC77.832: [ParNew: 7748K->795K(8128K), 0.0007680 secs] 13445K->6938K(26052K), 0.0007990 secs] [Times: user=0.01 sys=0.00, real=0.00 secs] 
77.833: Total time for which application threads were stopped: 0.0421420 seconds, Stopping threads took: 0.0412670 seconds
77.834: Application time: 0.0011880 seconds
77.875: [GC77.875: [ParNew: 7941K->895K(8128K), 0.0019440 secs] 14084K->12328K(26052K), 0.0019800 secs] [Times: user=0.01 sys=0.00, real=0.00 secs] 
77.877: Total time for which application threads were stopped: 0.0428870 seconds, Stopping threads took: 0.0408400 seconds
77.957: Application time: 0.0799930 seconds
78.025: [GC78.025: [ParNew: 8041K->8041K(8128K), 0.0000100 secs]78.025: [Tenured: 11433K->1790K(17924K), 0.0051030 secs] 19474K->1790K(26052K), [Perm : 5109K->5109K(21248K)], 0.0051570 secs] [Times: user=0.01 sys=0.00, real=0.01 secs] 
78.030: Total time for which application threads were stopped: 0.0726890 seconds, Stopping threads took: 0.0674410 seconds
78.031: Application time: 0.0011490 seconds
78.084: [GC78.084: [ParNew: 7146K->895K(8128K), 0.0018020 secs] 8936K->7178K(26052K), 0.0018390 secs] [Times: user=0.01 sys=0.00, real=0.01 secs] 
78.086: Total time for which application threads were stopped: 0.0547390 seconds, Stopping threads took: 0.0528200 seconds
78.165: Application time: 0.0795300 seconds
78.207: [GC78.207: [ParNew: 7748K->795K(8128K), 0.0009120 secs] 14031K->8868K(26052K), 0.0009440 secs] [Times: user=0.01 sys=0.00, real=0.00 secs] 
78.208: Total time for which application threads were stopped: 0.0431030 seconds, Stopping threads took: 0.0420830 seconds
78.287: Application time: 0.0789550 seconds
78.290: [GC78.290: [ParNew: 7843K->598K(8128K), 0.0004420 secs] 15917K->9093K(26052K), 0.0004720 secs] [Times: user=0.00 sys=0.00, real=0.00 secs] 
78.290: Total time for which application threads were stopped: 0.0027350 seconds, Stopping threads took: 0.0021870 seconds
78.291: Application time: 0.0010920 seconds
78.344: [GC78.344: [ParNew: 7646K->895K(8128K), 0.0014190 secs] 16142K->13321K(26052K), 0.0014510 secs] [Times: user=0.01 sys=0.00, real=0.00 secs] 
78.345: Total time for which application threads were stopped: 0.0542880 seconds, Stopping threads took: 0.0527790 seconds
78.439: Application time: 0.0933320 seconds
78.504: [GC78.504: [ParNew: 8021K->8021K(8128K), 0.0000100 secs]78.504: [Tenured: 12426K->1428K(17924K), 0.0043750 secs] 20448K->1428K(26052K), [Perm : 5109K->5109K(21248K)], 0.0044280 secs] [Times: user=0.00 sys=0.00, real=0.01 secs] 
78.508: Total time for which application threads were stopped: 0.0696010 seconds, Stopping threads took: 0.0651150 seconds
78.509: Application time: 0.0010350 seconds
78.510: [GC78.510: [ParNew: 7146K->895K(8128K), 0.0022250 secs] 8574K->8574K(26052K), 0.0022630 secs] [Times: user=0.02 sys=0.00, real=0.00 secs] 
78.512: Total time for which application threads were stopped: 0.0026660 seconds, Stopping threads took: 0.0003190 seconds
78.592: Application time: 0.0801180 seconds
78.657: [GC78.657: [ParNew: 8040K->793K(8128K), 0.0006160 secs] 15719K->9082K(26052K), 0.0006540 secs] [Times: user=0.00 sys=0.01, real=0.01 secs] 
78.658: Total time for which application threads were stopped: 0.0654510 seconds, Stopping threads took: 0.0647120 seconds
78.659: Application time: 0.0013620 seconds
78.740: [GC78.740: [ParNew: 8017K->823K(8128K), 0.0006660 secs] 16306K->9331K(26052K), 0.0006990 secs] [Times: user=0.00 sys=0.00, real=0.00 secs] 
78.741: Total time for which application threads were stopped: 0.0820840 seconds, Stopping threads took: 0.0813160 seconds
78.742: Application time: 0.0010230 seconds
78.796: [GC78.796: [ParNew: 7950K->895K(8128K), 0.0017240 secs] 16458K->13394K(26052K), 0.0017630 secs] [Times: user=0.01 sys=0.00, real=0.00 secs] 
78.797: Total time for which application threads were stopped: 0.0551460 seconds, Stopping threads took: 0.0533030 seconds
78.889: Application time: 0.0911880 seconds
78.941: [GC78.941: [ParNew: 8119K->8119K(8128K), 0.0000100 secs]78.941: [Tenured: 12498K->3533K(17924K), 0.0055140 secs] 20618K->3533K(26052K), [Perm : 5109K->5109K(21248K)], 0.0055790 secs] [Times: user=0.00 sys=0.00, real=0.01 secs] 
78.946: Total time for which application threads were stopped: 0.0578650 seconds, Stopping threads took: 0.0522030 seconds
79.032: Application time: 0.0851410 seconds
79.038: [GC79.038: [ParNew: 7146K->795K(8128K), 0.0004110 secs] 10679K->4328K(26052K), 0.0004430 secs] [Times: user=0.00 sys=0.00, real=0.00 secs] 
79.039: Total time for which application threads were stopped: 0.0070820 seconds, Stopping threads took: 0.0065600 seconds
79.040: Application time: 0.0009260 seconds
79.080: [GC79.080: [ParNew: 8019K->895K(8128K), 0.0024030 secs] 11552K->10445K(26052K), 0.0024390 secs] [Times: user=0.01 sys=0.00, real=0.00 secs] 
79.082: Total time for which application threads were stopped: 0.0426410 seconds, Stopping threads took: 0.0401240 seconds
79.163: Application time: 0.0808940 seconds
79.232: [GC79.232: [ParNew: 8089K->745K(8128K), 0.0007410 secs] 17639K->10710K(26052K), 0.0007750 secs] [Times: user=0.00 sys=0.00, real=0.00 secs] 
79.233: Total time for which application threads were stopped: 0.0696360 seconds, Stopping threads took: 0.0687750 seconds
79.234: Application time: 0.0011470 seconds
79.274: [GC79.274: [ParNew: 7802K->895K(8128K), 0.0023190 secs] 17767K->16995K(26052K), 0.0023560 secs] [Times: user=0.02 sys=0.00, real=0.00 secs] 
79.276: Total time for which application threads were stopped: 0.0421290 seconds, Stopping threads took: 0.0397160 seconds
79.366: Application time: 0.0904810 seconds
79.440: [GC79.440: [ParNew: 8021K->8021K(8128K), 0.0000110 secs]79.440: [Tenured: 16100K->2476K(17924K), 0.0052450 secs] 24121K->2476K(26052K), [Perm : 5109K->5109K(21248K)], 0.0053000 secs] [Times: user=0.01 sys=0.00, real=0.00 secs] 
79.445: Total time for which application threads were stopped: 0.0789870 seconds, Stopping threads took: 0.0736040 seconds
79.447: Application time: 0.0012100 seconds
79.500: [GC79.500: [ParNew: 7146K->893K(8128K), 0.0016460 secs] 9622K->7471K(26052K), 0.0016850 secs] [Times: user=0.01 sys=0.00, real=0.00 secs] 
79.501: Total time for which application threads were stopped: 0.0547490 seconds, Stopping threads took: 0.0530050 seconds
79.580: Application time: 0.0783240 seconds
79.621: [GC79.621: [ParNew: 7843K->795K(8128K), 0.0006770 secs] 14421K->7788K(26052K), 0.0007110 secs] [Times: user=0.00 sys=0.00, real=0.00 secs] 
79.622: Total time for which application threads were stopped: 0.0422430 seconds, Stopping threads took: 0.0414560 seconds
79.623: Application time: 0.0011660 seconds
79.678: [GC79.678: [ParNew: 7941K->797K(8128K), 0.0018250 secs] 14934K->12111K(26052K), 0.0018630 secs] [Times: user=0.01 sys=0.00, real=0.00 secs] 
79.680: Total time for which application threads were stopped: 0.0568390 seconds, Stopping threads took: 0.0549170 seconds
79.758: Application time: 0.0784610 seconds
79.800: [GC79.800: [ParNew: 7650K->795K(8128K), 0.0006740 secs] 18964K->12531K(26052K), 0.0007060 secs] [Times: user=0.01 sys=0.00, real=0.00 secs] 
79.801: Total time for which application threads were stopped: 0.0425450 seconds, Stopping threads took: 0.0417570 seconds
79.802: Application time: 0.0012740 seconds
79.855: [GC79.855: [ParNew: 7941K->7941K(8128K), 0.0000080 secs]79.855: [Tenured: 11736K->7555K(17924K), 0.0064880 secs] 19677K->7555K(26052K), [Perm : 5109K->5109K(21248K)], 0.0065370 secs] [Times: user=0.01 sys=0.00, real=0.01 secs] 
79.862: Total time for which application threads were stopped: 0.0597200 seconds, Stopping threads took: 0.0531030 seconds
79.944: Application time: 0.0818160 seconds
80.011: [GC80.011: [ParNew: 7146K->406K(8128K), 0.0006460 secs] 14701K->7962K(26052K), 0.0006760 secs] [Times: user=0.00 sys=0.00, real=0.00 secs] 
80.012: Total time for which application threads were stopped: 0.0682170 seconds, Stopping threads took: 0.0674740 seconds
80.013: Application time: 0.0008310 seconds
80.059: [GC80.059: [ParNew: 7552K->797K(8128K), 0.0021270 secs] 15108K->14017K(26052K), 0.0021690 secs] [Times: user=0.01 sys=0.00, real=0.00 secs] 
80.061: Total time for which application threads were stopped: 0.0483070 seconds, Stopping threads took: 0.0460590 seconds
80.142: Application time: 0.0808850 seconds
80.211: [GC80.211: [ParNew: 7650K->7650K(8128K), 0.0000100 secs]80.211: [Tenured: 13219K->1793K(17924K), 0.0050840 secs] 20870K->1793K(26052K), [Perm : 5109K->5109K(21248K)], 0.0051400 secs] [Times: user=0.01 sys=0.00, real=0.00 secs] 
80.216: Total time for which application threads were stopped: 0.0740950 seconds, Stopping threads took: 0.0688720 seconds
80.217: Application time: 0.0011400 seconds
80.266: [GC80.266: [ParNew: 7224K->895K(8128K), 0.0018850 secs] 9018K->7209K(26052K), 0.0019240 secs] [Times: user=0.01 sys=0.00, real=0.00 secs] 
80.268: Total time for which application threads were stopped: 0.0507700 seconds, Stopping threads took: 0.0487670 seconds
80.347: Application time: 0.0789940 seconds
80.392: [GC80.392: [ParNew: 7748K->402K(8128K), 0.0004470 secs] 14062K->6780K(26052K), 0.0004780 secs] [Times: user=0.00 sys=0.00, real=0.00 secs] 
80.392: Total time for which application threads were stopped: 0.0449320 seconds, Stopping threads took: 0.0443700 seconds
80.393: Application time: 0.0009400 seconds
80.434: [GC80.434: [ParNew: 7548K->895K(8128K), 0.0016430 secs] 13927K->11765K(26052K), 0.0016800 secs] [Times: user=0.01 sys=0.00, real=0.00 secs] 
80.436: Total time for which application threads were stopped: 0.0425840 seconds, Stopping threads took: 0.0408280 seconds
80.514: Application time: 0.0784140 seconds
80.556: [GC80.556: [ParNew: 8041K->795K(8128K), 0.0008530 secs] 18911K->12674K(26052K), 0.0008820 secs] [Times: user=0.01 sys=0.00, real=0.00 secs] 
80.557: Total time for which application threads were stopped: 0.0428040 seconds, Stopping threads took: 0.0418650 seconds
80.640: Application time: 0.0836590 seconds
80.646: [GC80.647: [ParNew: 7843K->7843K(8128K), 0.0000100 secs]80.647: [Tenured: 11879K->1482K(17924K), 0.0054150 secs] 19723K->1482K(26052K), [Perm : 5109K->5109K(21248K)], 0.0054680 secs] [Times: user=0.00 sys=0.00, real=0.00 secs] 
80.652: Total time for which application threads were stopped: 0.0115330 seconds, Stopping threads took: 0.0059830 seconds
80.653: Application time: 0.0012120 seconds
80.694: [GC80.694: [ParNew: 7185K->895K(8128K), 0.0018110 secs] 8668K->6563K(26052K), 0.0018460 secs] [Times: user=0.02 sys=0.00, real=0.00 secs] 
80.696: Total time for which application threads were stopped: 0.0428980 seconds, Stopping threads took: 0.0409760 seconds
80.776: Application time: 0.0800110 seconds
80.817: [GC80.817: [ParNew: 8040K->891K(8128K), 0.0009710 secs] 13709K->8186K(26052K), 0.0010050 secs] [Times: user=0.00 sys=0.00, real=0.00 secs] 
80.818: Total time for which application threads were stopped: 0.0415440 seconds, Stopping threads took: 0.0404610 seconds
80.905: Application time: 0.0878510 seconds
80.913: [GC80.913: [ParNew: 8115K->823K(8128K), 0.0004270 secs] 15410K->8346K(26052K), 0.0004600 secs] [Times: user=0.00 sys=0.00, real=0.00 secs] 
80.913: Total time for which application threads were stopped: 0.0078530 seconds, Stopping threads took: 0.0073280 seconds
80.914: Application time: 0.0010390 seconds
80.968: [GC80.968: [ParNew: 8047K->895K(8128K), 0.0019220 secs] 15570K->13584K(26052K), 0.0019620 secs] [Times: user=0.01 sys=0.00, real=0.00 secs] 
80.970: Total time for which application threads were stopped: 0.0551980 seconds, Stopping threads took: 0.0531550 seconds
81.050: Application time: 0.0802380 seconds
81.117: [GC81.117: [ParNew: 8002K->8002K(8128K), 0.0000100 secs]81.117: [Tenured: 12689K->1486K(17924K), 0.0050540 secs] 20691K->1486K(26052K), [Perm : 5109K->5109K(21248K)], 0.0051100 secs] [Times: user=0.00 sys=0.00, real=0.01 secs] 
81.122: Total time for which application threads were stopped: 0.0725280 seconds, Stopping threads took: 0.0673360 seconds
81.123: Application time: 0.0010620 seconds
81.124: [GC81.124: [ParNew: 7146K->895K(8128K), 0.0025650 secs] 8632K->8632K(26052K), 0.0026110 secs] [Times: user=0.02 sys=0.00, real=0.01 secs] 
81.126: Total time for which application threads were stopped: 0.0029760 seconds, Stopping threads took: 0.0002820 seconds
81.208: Application time: 0.0818590 seconds
81.276: [GC81.276: [ParNew: 7943K->893K(8128K), 0.0007470 secs] 15680K->9036K(26052K), 0.0007780 secs] [Times: user=0.01 sys=0.00, real=0.00 secs] 
81.277: Total time for which application threads were stopped: 0.0686570 seconds, Stopping threads took: 0.0678030 seconds
81.278: Application time: 0.0010660 seconds
81.319: [GC81.319: [ParNew: 8039K->893K(8128K), 0.0019720 secs] 16182K->14424K(26052K), 0.0020090 secs] [Times: user=0.01 sys=0.00, real=0.00 secs] 
81.321: Total time for which application threads were stopped: 0.0426810 seconds, Stopping threads took: 0.0405940 seconds
81.401: Application time: 0.0800400 seconds
81.469: [GC81.469: [ParNew: 7941K->7941K(8128K), 0.0000100 secs]81.469: [Tenured: 13530K->1879K(17924K), 0.0044530 secs] 21472K->1879K(26052K), [Perm : 5109K->5109K(21248K)], 0.0045070 secs] [Times: user=0.01 sys=0.00, real=0.00 secs] 
81.473: Total time for which application threads were stopped: 0.0724270 seconds, Stopping threads took: 0.0678520 seconds
81.474: Application time: 0.0011280 seconds
81.527: [GC81.527: [ParNew: 7146K->895K(8128K), 0.0019830 secs] 9025K->8340K(26052K), 0.0020210 secs] [Times: user=0.01 sys=0.00, real=0.00 secs] 
81.529: Total time for which application threads were stopped: 0.0542830 seconds, Stopping threads took: 0.0521820 seconds
81.610: Application time: 0.0810320 seconds
81.669: [GC81.669: [ParNew: 7943K->600K(8128K), 0.0005020 secs] 15389K->8069K(26052K), 0.0005320 secs] [Times: user=0.00 sys=0.00, real=0.00 secs] 
81.670: Total time for which application threads were stopped: 0.0603280 seconds, Stopping threads took: 0.0597210 seconds
81.671: Application time: 0.0008960 seconds
81.712: [GC81.712: [ParNew: 7746K->895K(8128K), 0.0017570 secs] 15216K->13084K(26052K), 0.0017940 secs] [Times: user=0.02 sys=0.00, real=0.00 secs] 
81.713: Total time for which application threads were stopped: 0.0425470 seconds, Stopping threads took: 0.0406950 seconds
81.796: Application time: 0.0827010 seconds
81.848: [GC81.848: [ParNew: 7943K->7943K(8128K), 0.0000110 secs]81.848: [Tenured: 12189K->2269K(17924K), 0.0046120 secs] 20133K->2269K(26052K), [Perm : 5109K->5109K(21248K)], 0.0046700 secs] [Times: user=0.01 sys=0.00, real=0.00 secs] 
81.853: Total time for which application threads were stopped: 0.0569580 seconds, Stopping threads took: 0.0522050 seconds
81.854: Application time: 0.0011460 seconds
81.896: [GC81.896: [ParNew: 7146K->895K(8128K), 0.0020510 secs] 9415K->8047K(26052K), 0.0020890 secs] [Times: user=0.01 sys=0.01, real=0.01 secs] 
81.898: Total time for which application threads were stopped: 0.0437430 seconds, Stopping threads took: 0.0415720 seconds
81.979: Application time: 0.0811260 seconds
82.047: [GC82.047: [ParNew: 8041K->12K(8128K), 0.0005560 secs] 15193K->7188K(26052K), 0.0005840 secs] [Times: user=0.00 sys=0.00, real=0.00 secs] 
82.048: Total time for which application threads were stopped: 0.0688870 seconds, Stopping threads took: 0.0682190 seconds
82.049: Application time: 0.0009190 seconds
82.049: [GC82.049: [ParNew: 7158K->895K(8128K), 0.0025510 secs] 14335K->14322K(26052K), 0.0025850 secs] [Times: user=0.02 sys=0.00, real=0.00 secs] 
82.052: Total time for which application threads were stopped: 0.0026690 seconds, Stopping threads took: 0.0000290 seconds
82.134: Application time: 0.0821110 seconds
82.202: [GC82.202: [ParNew: 7943K->7943K(8128K), 0.0000100 secs]82.202: [Tenured: 13427K->1483K(17924K), 0.0050520 secs] 21370K->1483K(26052K), [Perm : 5109K->5109K(21248K)], 0.0051080 secs] [Times: user=0.00 sys=0.00, real=0.01 secs] 
82.207: Total time for which application threads were stopped: 0.0730690 seconds, Stopping threads took: 0.0678780 seconds
82.208: Application time: 0.0010980 seconds
82.249: [GC82.250: [ParNew: 7224K->825K(8128K), 0.0023430 secs] 8707K->7777K(26052K), 0.0023810 secs] [Times: user=0.01 sys=0.00, real=0.00 secs] 
82.252: Total time for which application threads were stopped: 0.0440780 seconds, Stopping threads took: 0.0416080 seconds
82.333: Application time: 0.0815250 seconds
82.403: [GC82.403: [ParNew: 7951K->430K(8128K), 0.0005760 secs] 14904K->7455K(26052K), 0.0006060 secs] [Times: user=0.00 sys=0.00, real=0.00 secs] 
82.403: Total time for which application threads were stopped: 0.0699300 seconds, Stopping threads took: 0.0692480 seconds
82.404: Application time: 0.0009790 seconds
82.445: [GC82.445: [ParNew: 7576K->895K(8128K), 0.0021480 secs] 14601K->13514K(26052K), 0.0021830 secs] [Times: user=0.02 sys=0.00, real=0.01 secs] 
82.447: Total time for which application threads were stopped: 0.0424990 seconds, Stopping threads took: 0.0402390 seconds
82.527: Application time: 0.0803800 seconds
82.597: [GC82.597: [ParNew: 7904K->7904K(8128K), 0.0000110 secs]82.597: [Tenured: 12619K->1792K(17924K), 0.0051260 secs] 20523K->1792K(26052K), [Perm : 5109K->5109K(21248K)], 0.0051780 secs] [Times: user=0.00 sys=0.00, real=0.01 secs] 
82.602: Total time for which application threads were stopped: 0.0746640 seconds, Stopping threads took: 0.0693960 seconds
82.603: Application time: 0.0011330 seconds
82.644: [GC82.644: [ParNew: 7224K->895K(8128K), 0.0019050 secs] 9016K->7207K(26052K), 0.0019440 secs] [Times: user=0.01 sys=0.00, real=0.01 secs] 
82.646: Total time for which application threads were stopped: 0.0430140 seconds, Stopping threads took: 0.0409920 seconds
82.725: Application time: 0.0784900 seconds
82.766: [GC82.766: [ParNew: 8119K->895K(8128K), 0.0009320 secs] 14432K->9237K(26052K), 0.0009660 secs] [Times: user=0.01 sys=0.00, real=0.00 secs] 
82.767: Total time for which application threads were stopped: 0.0425810 seconds, Stopping threads took: 0.0415580 seconds
82.848: Application time: 0.0813160 seconds
82.892: [GC82.892: [ParNew: 8021K->237K(8128K), 0.0005040 secs] 16363K->8611K(26052K), 0.0005350 secs] [Times: user=0.00 sys=0.00, real=0.00 secs] 
82.892: Total time for which application threads were stopped: 0.0436760 seconds, Stopping threads took: 0.0430670 seconds
82.893: Application time: 0.0008210 seconds
82.945: [GC82.945: [ParNew: 7461K->895K(8128K), 0.0021120 secs] 15835K->14696K(26052K), 0.0021480 secs] [Times: user=0.02 sys=0.00, real=0.01 secs] 
82.947: Total time for which application threads were stopped: 0.0537790 seconds, Stopping threads took: 0.0515540 seconds
83.027: Application time: 0.0806810 seconds
83.096: [GC83.096: [ParNew: 7943K->7943K(8128K), 0.0000100 secs]83.096: [Tenured: 13801K->2298K(17924K), 0.0051660 secs] 21744K->2298K(26052K), [Perm : 5109K->5109K(21248K)], 0.0052170 secs] [Times: user=0.00 sys=0.00, real=0.01 secs] 
83.101: Total time for which application threads were stopped: 0.0734330 seconds, Stopping threads took: 0.0681450 seconds
83.102: Application time: 0.0012480 seconds
83.145: [GC83.145: [ParNew: 7146K->895K(8128K), 0.0022140 secs] 9444K->8565K(26052K), 0.0022510 secs] [Times: user=0.02 sys=0.00, real=0.01 secs] 
83.147: Total time for which application threads were stopped: 0.0452050 seconds, Stopping threads took: 0.0428690 seconds
83.228: Application time: 0.0809620 seconds
83.298: [GC83.298: [ParNew: 7943K->598K(8128K), 0.0006650 secs] 15613K->8292K(26052K), 0.0006940 secs] [Times: user=0.00 sys=0.00, real=0.01 secs] 
83.298: Total time for which application threads were stopped: 0.0699830 seconds, Stopping threads took: 0.0692160 seconds
83.299: Application time: 0.0008920 seconds
83.344: [GC83.344: [ParNew: 7744K->895K(8128K), 0.0022120 secs] 15438K->14375K(26052K), 0.0022490 secs] [Times: user=0.02 sys=0.00, real=0.01 secs] 
83.347: Total time for which application threads were stopped: 0.0475850 seconds, Stopping threads took: 0.0452580 seconds
83.429: Application time: 0.0818170 seconds
83.496: [GC83.496: [ParNew: 7943K->7943K(8128K), 0.0000100 secs]83.496: [Tenured: 13480K->2689K(17924K), 0.0051320 secs] 21423K->2689K(26052K), [Perm : 5109K->5109K(21248K)], 0.0051860 secs] [Times: user=0.00 sys=0.00, real=0.01 secs] 
83.502: Total time for which application threads were stopped: 0.0729560 seconds, Stopping threads took: 0.0676860 seconds
83.506: Application time: 0.0045040 seconds
83.581: [GC83.581: [ParNew: 7146K->404K(8128K), 0.0005890 secs] 9835K->3093K(26052K), 0.0006290 secs] [Times: user=0.00 sys=0.00, real=0.00 secs] 
83.581: Total time for which application threads were stopped: 0.0753580 seconds, Stopping threads took: 0.0746650 seconds
83.582: Application time: 0.0009070 seconds
83.623: [GC83.623: [ParNew: 7550K->895K(8128K), 0.0018880 secs] 10240K->9151K(26052K), 0.0019210 secs] [Times: user=0.01 sys=0.00, real=0.00 secs] 
83.625: Total time for which application threads were stopped: 0.0422240 seconds, Stopping threads took: 0.0402240 seconds
83.704: Application time: 0.0798830 seconds
83.772: [GC83.772: [ParNew: 7748K->404K(8128K), 0.0006150 secs] 16003K->8700K(26052K), 0.0006470 secs] [Times: user=0.00 sys=0.00, real=0.00 secs] 
83.773: Total time for which application threads were stopped: 0.0686770 seconds, Stopping threads took: 0.0679560 seconds
83.774: Application time: 0.0009390 seconds
83.816: [GC83.816: [ParNew: 7550K->895K(8128K), 0.0022830 secs] 15846K->14757K(26052K), 0.0023180 secs] [Times: user=0.02 sys=0.00, real=0.01 secs] 
83.819: Total time for which application threads were stopped: 0.0445920 seconds, Stopping threads took: 0.0422160 seconds
83.899: Application time: 0.0804830 seconds
83.968: [GC83.968: [ParNew: 7943K->7943K(8128K), 0.0000100 secs]83.968: [Tenured: 13862K->1874K(17924K), 0.0051730 secs] 21805K->1874K(26052K), [Perm : 5109K->5109K(21248K)], 0.0052290 secs] [Times: user=0.00 sys=0.00, real=0.00 secs] 
83.973: Total time for which application threads were stopped: 0.0740470 seconds, Stopping threads took: 0.0687340 seconds
83.974: Application time: 0.0012690 seconds
84.021: [GC84.021: [ParNew: 7146K->895K(8128K), 0.0021340 secs] 9020K->8140K(26052K), 0.0021710 secs] [Times: user=0.01 sys=0.01, real=0.00 secs] 
84.024: Total time for which application threads were stopped: 0.0492120 seconds, Stopping threads took: 0.0469650 seconds
84.105: Application time: 0.0817770 seconds
84.172: [GC84.172: [ParNew: 8021K->825K(8128K), 0.0005720 secs] 15267K->8087K(26052K), 0.0006030 secs] [Times: user=0.01 sys=0.00, real=0.00 secs] 
84.173: Total time for which application threads were stopped: 0.0672010 seconds, Stopping threads took: 0.0665160 seconds
84.174: Application time: 0.0012170 seconds
84.220: [GC84.220: [ParNew: 8049K->825K(8128K), 0.0016920 secs] 15311K->12049K(26052K), 0.0017280 secs] [Times: user=0.01 sys=0.00, real=0.00 secs] 
84.222: Total time for which application threads were stopped: 0.0478050 seconds, Stopping threads took: 0.0459980 seconds
84.301: Application time: 0.0791030 seconds
84.342: [GC84.342: [ParNew: 7971K->7971K(8128K), 0.0000100 secs]84.342: [Tenured: 11224K->1345K(17924K), 0.0050360 secs] 19195K->1345K(26052K), [Perm : 5109K->5109K(21248K)], 0.0050910 secs] [Times: user=0.00 sys=0.00, real=0.01 secs] 
84.348: Total time for which application threads were stopped: 0.0468330 seconds, Stopping threads took: 0.0416480 seconds
84.349: Application time: 0.0011050 seconds
84.390: [GC84.390: [ParNew: 7146K->895K(8128K), 0.0018810 secs] 8491K->7416K(26052K), 0.0019200 secs] [Times: user=0.01 sys=0.00, real=0.00 secs] 
84.392: Total time for which application threads were stopped: 0.0428600 seconds, Stopping threads took: 0.0408810 seconds
84.472: Application time: 0.0804050 seconds
84.540: [GC84.540: [ParNew: 7982K->100K(8128K), 0.0004760 secs] 14504K->6637K(26052K), 0.0005060 secs] [Times: user=0.00 sys=0.00, real=0.00 secs] 
84.541: Total time for which application threads were stopped: 0.0688760 seconds, Stopping threads took: 0.0683080 seconds
84.542: Application time: 0.0010250 seconds
84.542: [GC84.542: [ParNew: 7324K->895K(8128K), 0.0021930 secs] 13862K->13795K(26052K), 0.0022290 secs] [Times: user=0.01 sys=0.00, real=0.00 secs] 
84.544: Total time for which application threads were stopped: 0.0025950 seconds, Stopping threads took: 0.0002870 seconds
84.627: Application time: 0.0824090 seconds
84.701: [GC84.701: [ParNew: 7943K->7943K(8128K), 0.0015970 secs]84.703: [Tenured: 12900K->1656K(17924K), 0.0049350 secs] 20843K->1656K(26052K), [Perm : 5109K->5109K(21248K)], 0.0065950 secs] [Times: user=0.00 sys=0.00, real=0.01 secs] 
84.708: Total time for which application threads were stopped: 0.0806960 seconds, Stopping threads took: 0.0740180 seconds
84.709: Application time: 0.0010510 seconds
84.760: [GC84.760: [ParNew: 7224K->893K(8128K), 0.0021100 secs] 8880K->7949K(26052K), 0.0021620 secs] [Times: user=0.01 sys=0.00, real=0.00 secs] 
84.762: Total time for which application threads were stopped: 0.0534620 seconds, Stopping threads took: 0.0512290 seconds
84.842: Application time: 0.0802540 seconds
84.911: [GC84.911: [ParNew: 7941K->400K(8128K), 0.0004300 secs] 14997K->7512K(26052K), 0.0004620 secs] [Times: user=0.00 sys=0.00, real=0.00 secs] 
84.912: Total time for which application threads were stopped: 0.0694710 seconds, Stopping threads took: 0.0689310 seconds
84.913: Application time: 0.0008570 seconds
84.964: [GC84.964: [ParNew: 7546K->797K(8128K), 0.0019580 secs] 14658K->13573K(26052K), 0.0019970 secs] [Times: user=0.01 sys=0.00, real=0.01 secs] 
84.966: Total time for which application threads were stopped: 0.0533560 seconds, Stopping threads took: 0.0513040 seconds
85.047: Application time: 0.0809010 seconds
85.115: [GC85.115: [ParNew: 7728K->7728K(8128K), 0.0000100 secs]85.115: [Tenured: 12776K->2105K(17924K), 0.0045540 secs] 20505K->2105K(26052K), [Perm : 5109K->5109K(21248K)], 0.0046100 secs] [Times: user=0.01 sys=0.00, real=0.01 secs] 
85.120: Total time for which application threads were stopped: 0.0729170 seconds, Stopping threads took: 0.0682370 seconds
85.121: Application time: 0.0010410 seconds
85.163: [GC85.163: [ParNew: 7048K->797K(8128K), 0.0019460 secs] 9154K->7395K(26052K), 0.0019860 secs] [Times: user=0.01 sys=0.00, real=0.00 secs] 
85.165: Total time for which application threads were stopped: 0.0437980 seconds, Stopping threads took: 0.0417400 seconds
85.243: Application time: 0.0779190 seconds
85.285: [GC85.285: [ParNew: 7845K->895K(8128K), 0.0010590 secs] 14444K->9283K(26052K), 0.0010970 secs] [Times: user=0.00 sys=0.00, real=0.01 secs] 
85.286: Total time for which application threads were stopped: 0.0436830 seconds, Stopping threads took: 0.0425080 seconds
85.365: Application time: 0.0788580 seconds
85.368: [GC85.368: [ParNew: 7943K->893K(8128K), 0.0006050 secs] 16331K->9508K(26052K), 0.0006370 secs] [Times: user=0.00 sys=0.00, real=0.00 secs] 
85.368: Total time for which application threads were stopped: 0.0031190 seconds, Stopping threads took: 0.0024050 seconds
85.369: Application time: 0.0011170 seconds
85.421: [GC85.421: [ParNew: 8039K->893K(8128K), 0.0021550 secs] 16654K->14716K(26052K), 0.0021870 secs] [Times: user=0.02 sys=0.00, real=0.00 secs] 
85.424: Total time for which application threads were stopped: 0.0541230 seconds, Stopping threads took: 0.0518490 seconds
85.504: Application time: 0.0804230 seconds
85.572: [GC85.572: [ParNew: 7941K->7941K(8128K), 0.0000100 secs]85.572: [Tenured: 13823K->1484K(17924K), 0.0044630 secs] 21765K->1484K(26052K), [Perm : 5109K->5109K(21248K)], 0.0045150 secs] [Times: user=0.00 sys=0.00, real=0.00 secs] 
85.576: Total time for which application threads were stopped: 0.0724170 seconds, Stopping threads took: 0.0678310 seconds
85.577: Application time: 0.0010400 seconds
85.578: [GC85.578: [ParNew: 7146K->895K(8128K), 0.0022060 secs] 8630K->8629K(26052K), 0.0022440 secs] [Times: user=0.01 sys=0.01, real=0.01 secs] 
85.580: Total time for which application threads were stopped: 0.0024860 seconds, Stopping threads took: 0.0001820 seconds
85.661: Application time: 0.0813370 seconds
85.730: [GC85.730: [ParNew: 7943K->889K(8128K), 0.0006450 secs] 15677K->9233K(26052K), 0.0006760 secs] [Times: user=0.00 sys=0.00, real=0.00 secs] 
85.731: Total time for which application threads were stopped: 0.0694770 seconds, Stopping threads took: 0.0687460 seconds
85.806: Application time: 0.0755830 seconds
85.813: [GC85.813: [ParNew: 8035K->10K(8128K), 0.0003240 secs] 16379K->8370K(26052K), 0.0003640 secs] [Times: user=0.00 sys=0.00, real=0.00 secs] 
85.814: Total time for which application threads were stopped: 0.0073970 seconds, Stopping threads took: 0.0069600 seconds
85.815: Application time: 0.0008320 seconds
85.815: [GC85.815: [ParNew: 7234K->895K(8128K), 0.0019540 secs] 15595K->15534K(26052K), 0.0019850 secs] [Times: user=0.01 sys=0.00, real=0.00 secs] 
85.817: Total time for which application threads were stopped: 0.0021820 seconds, Stopping threads took: 0.0001410 seconds
85.909: Application time: 0.0927500 seconds
85.978: [GC85.978: [ParNew: 8040K->8040K(8128K), 0.0000110 secs]85.978: [Tenured: 14639K->2684K(17924K), 0.0045440 secs] 22680K->2684K(26052K), [Perm : 5109K->5109K(21248K)], 0.0046010 secs] [Times: user=0.00 sys=0.00, real=0.01 secs] 
85.982: Total time for which application threads were stopped: 0.0727550 seconds, Stopping threads took: 0.0680820 seconds
85.984: Application time: 0.0013660 seconds
86.059: [GC86.059: [ParNew: 7224K->895K(8128K), 0.0008670 secs] 9909K->4779K(26052K), 0.0009000 secs] [Times: user=0.00 sys=0.00, real=0.00 secs] 
86.060: Total time for which application threads were stopped: 0.0765990 seconds, Stopping threads took: 0.0756390 seconds
86.140: Application time: 0.0794990 seconds
86.144: [GC86.144: [ParNew: 7924K->434K(8128K), 0.0003200 secs] 11808K->4367K(26052K), 0.0003490 secs] [Times: user=0.00 sys=0.00, real=0.00 secs] 
86.144: Total time for which application threads were stopped: 0.0047380 seconds, Stopping threads took: 0.0043340 seconds
86.145: Application time: 0.0008100 seconds
86.194: [GC86.194: [ParNew: 7561K->895K(8128K), 0.0020500 secs] 11494K->10352K(26052K), 0.0020900 secs] [Times: user=0.01 sys=0.00, real=0.00 secs] 
86.197: Total time for which application threads were stopped: 0.0512770 seconds, Stopping threads took: 0.0491250 seconds
86.277: Application time: 0.0806170 seconds
86.344: [GC86.344: [ParNew: 7923K->434K(8128K), 0.0004260 secs] 17381K->9948K(26052K), 0.0004570 secs] [Times: user=0.00 sys=0.00, real=0.00 secs] 
86.345: Total time for which application threads were stopped: 0.0677900 seconds, Stopping threads took: 0.0672790 seconds
86.346: Application time: 0.0010570 seconds
86.387: [GC86.387: [ParNew: 7659K->895K(8128K), 0.0019930 secs] 17173K->16031K(26052K), 0.0020270 secs] [Times: user=0.01 sys=0.00, real=0.00 secs] 
86.389: Total time for which application threads were stopped: 0.0427510 seconds, Stopping threads took: 0.0406480 seconds
86.477: Application time: 0.0881250 seconds
86.551: [GC86.551: [ParNew: 7826K->7826K(8128K), 0.0000110 secs]86.551: [Tenured: 15136K->1878K(17924K), 0.0051320 secs] 22962K->1878K(26052K), [Perm : 5109K->5109K(21248K)], 0.0051870 secs] [Times: user=0.01 sys=0.00, real=0.00 secs] 
86.556: Total time for which application threads were stopped: 0.0795130 seconds, Stopping threads took: 0.0742520 seconds
86.557: Application time: 0.0010630 seconds
86.598: [GC86.598: [ParNew: 7048K->895K(8128K), 0.0019620 secs] 8927K->8243K(26052K), 0.0020020 secs] [Times: user=0.01 sys=0.00, real=0.00 secs] 
86.600: Total time for which application threads were stopped: 0.0422390 seconds, Stopping threads took: 0.0401750 seconds
86.681: Application time: 0.0812150 seconds
86.750: [GC86.750: [ParNew: 8119K->626K(8128K), 0.0003570 secs] 15467K->7982K(26052K), 0.0003880 secs] [Times: user=0.00 sys=0.00, real=0.00 secs] 
86.750: Total time for which application threads were stopped: 0.0690830 seconds, Stopping threads took: 0.0686190 seconds
86.751: Application time: 0.0009340 seconds
86.792: [GC86.792: [ParNew: 7772K->895K(8128K), 0.0019640 secs] 15128K->13002K(26052K), 0.0020000 secs] [Times: user=0.02 sys=0.00, real=0.00 secs] 
86.794: Total time for which application threads were stopped: 0.0433530 seconds, Stopping threads took: 0.0412760 seconds
86.873: Application time: 0.0789640 seconds
86.915: [GC86.915: [ParNew: 7943K->7943K(8128K), 0.0000100 secs]86.915: [Tenured: 12107K->2690K(17924K), 0.0051000 secs] 20051K->2690K(26052K), [Perm : 5109K->5109K(21248K)], 0.0051560 secs] [Times: user=0.01 sys=0.00, real=0.01 secs] 
86.920: Total time for which application threads were stopped: 0.0470350 seconds, Stopping threads took: 0.0418090 seconds
86.921: Application time: 0.0011270 seconds
86.962: [GC86.962: [ParNew: 7146K->895K(8128K), 0.0020340 secs] 9836K->8468K(26052K), 0.0020720 secs] [Times: user=0.01 sys=0.00, real=0.00 secs] 
86.964: Total time for which application threads were stopped: 0.0429680 seconds, Stopping threads took: 0.0408160 seconds
87.046: Application time: 0.0812420 seconds
87.112: [GC87.112: [ParNew: 8041K->16K(8128K), 0.0004920 secs] 15614K->7613K(26052K), 0.0005230 secs] [Times: user=0.00 sys=0.00, real=0.00 secs] 
87.113: Total time for which application threads were stopped: 0.0673070 seconds, Stopping threads took: 0.0667000 seconds
87.114: Application time: 0.0008590 seconds
87.114: [GC87.114: [ParNew: 7162K->895K(8128K), 0.0022250 secs] 14759K->14743K(26052K), 0.0022600 secs] [Times: user=0.02 sys=0.00, real=0.00 secs] 
87.116: Total time for which application threads were stopped: 0.0025130 seconds, Stopping threads took: 0.0001760 seconds
87.198: Application time: 0.0812730 seconds
87.260: [GC87.261: [ParNew: 7943K->7943K(8128K), 0.0000100 secs]87.261: [Tenured: 13848K->2559K(17924K), 0.0045240 secs] 21791K->2559K(26052K), [Perm : 5109K->5109K(21248K)], 0.0045810 secs] [Times: user=0.01 sys=0.00, real=0.00 secs] 
87.265: Total time for which application threads were stopped: 0.0674910 seconds, Stopping threads took: 0.0628500 seconds
87.266: Application time: 0.0011510 seconds
87.319: [GC87.319: [ParNew: 7146K->895K(8128K), 0.0019950 secs] 9705K->8825K(26052K), 0.0020300 secs] [Times: user=0.02 sys=0.00, real=0.00 secs] 
87.321: Total time for which application threads were stopped: 0.0543650 seconds, Stopping threads took: 0.0522760 seconds
87.402: Application time: 0.0817380 seconds
87.472: [GC87.472: [ParNew: 7943K->404K(8128K), 0.0006460 secs] 15874K->8367K(26052K), 0.0006770 secs] [Times: user=0.00 sys=0.00, real=0.00 secs] 
87.472: Total time for which application threads were stopped: 0.0699040 seconds, Stopping threads took: 0.0691530 seconds
87.473: Application time: 0.0008660 seconds
87.514: [GC87.514: [ParNew: 7453K->895K(8128K), 0.0019100 secs] 15415K->14326K(26052K), 0.0019460 secs] [Times: user=0.02 sys=0.00, real=0.00 secs] 
87.516: Total time for which application threads were stopped: 0.0427260 seconds, Stopping threads took: 0.0407010 seconds
87.602: Application time: 0.0864780 seconds
87.667: [GC87.667: [ParNew: 7943K->7943K(8128K), 0.0000090 secs]87.667: [Tenured: 13431K->2852K(17924K), 0.0051780 secs] 21374K->2852K(26052K), [Perm : 5109K->5109K(21248K)], 0.0052330 secs] [Times: user=0.01 sys=0.00, real=0.00 secs] 
87.672: Total time for which application threads were stopped: 0.0694660 seconds, Stopping threads took: 0.0641410 seconds
87.759: Application time: 0.0876210 seconds
87.767: [GC87.767: [ParNew: 7048K->14K(8128K), 0.0006280 secs] 9900K->2866K(26052K), 0.0006570 secs] [Times: user=0.00 sys=0.00, real=0.00 secs] 
87.767: Total time for which application threads were stopped: 0.0077600 seconds, Stopping threads took: 0.0070310 seconds
87.768: Application time: 0.0007770 seconds
87.768: [GC87.768: [ParNew: 7160K->895K(8128K), 0.0023570 secs] 10012K->9997K(26052K), 0.0023920 secs] [Times: user=0.02 sys=0.00, real=0.00 secs] 
87.771: Total time for which application threads were stopped: 0.0027790 seconds, Stopping threads took: 0.0003120 seconds
87.852: Application time: 0.0813200 seconds
87.920: [GC87.920: [ParNew: 8123K->779K(8128K), 0.0006280 secs] 17226K->10500K(26052K), 0.0006600 secs] [Times: user=0.00 sys=0.00, real=0.00 secs] 
87.920: Total time for which application threads were stopped: 0.0683840 seconds, Stopping threads took: 0.0676580 seconds
87.922: Application time: 0.0013730 seconds
87.998: [GC87.998: [ParNew: 7939K->881K(8128K), 0.0009010 secs] 17659K->11682K(26052K), 0.0009320 secs] [Times: user=0.01 sys=0.00, real=0.00 secs] 
87.999: Total time for which application threads were stopped: 0.0768470 seconds, Stopping threads took: 0.0758600 seconds
88.074: Application time: 0.0748550 seconds
88.083: [GC88.083: [ParNew: 7930K->205K(8128K), 0.0003050 secs] 18731K->11138K(26052K), 0.0003440 secs] [Times: user=0.00 sys=0.00, real=0.00 secs] 
88.083: Total time for which application threads were stopped: 0.0093730 seconds, Stopping threads took: 0.0089530 seconds
88.084: Application time: 0.0008140 seconds
88.137: [GC88.137: [ParNew: 7429K->895K(8128K), 0.0020710 secs] 18363K->17227K(26052K), 0.0021070 secs] [Times: user=0.01 sys=0.00, real=0.01 secs] 
88.139: Total time for which application threads were stopped: 0.0555930 seconds, Stopping threads took: 0.0534090 seconds
88.231: Application time: 0.0915250 seconds
88.301: [GC88.301: [ParNew: 8021K->8021K(8128K), 0.0000100 secs]88.301: [Tenured: 16332K->1879K(17924K), 0.0051410 secs] 24354K->1879K(26052K), [Perm : 5110K->5110K(21248K)], 0.0051960 secs] [Times: user=0.01 sys=0.00, real=0.01 secs] 
88.306: Total time for which application threads were stopped: 0.0751130 seconds, Stopping threads took: 0.0698280 seconds
88.307: Application time: 0.0012960 seconds
88.348: [GC88.348: [ParNew: 7146K->893K(8128K), 0.0016710 secs] 9025K->7264K(26052K), 0.0017040 secs] [Times: user=0.01 sys=0.00, real=0.00 secs] 
88.350: Total time for which application threads were stopped: 0.0424550 seconds, Stopping threads took: 0.0406860 seconds
88.429: Application time: 0.0791870 seconds
88.471: [GC88.471: [ParNew: 8039K->795K(8128K), 0.0009150 secs] 14410K->8175K(26052K), 0.0009490 secs] [Times: user=0.00 sys=0.00, real=0.00 secs] 
88.472: Total time for which application threads were stopped: 0.0433780 seconds, Stopping threads took: 0.0423510 seconds
88.562: Application time: 0.0898190 seconds
88.572: [GC88.572: [ParNew: 7843K->207K(8128K), 0.0005030 secs] 15224K->7603K(26052K), 0.0005350 secs] [Times: user=0.00 sys=0.00, real=0.00 secs] 
88.573: Total time for which application threads were stopped: 0.0105330 seconds, Stopping threads took: 0.0099320 seconds
88.573: Application time: 0.0007210 seconds
88.574: [GC88.574: [ParNew: 7353K->895K(8128K), 0.0023980 secs] 14749K->14737K(26052K), 0.0024310 secs] [Times: user=0.02 sys=0.00, real=0.00 secs] 
88.576: Total time for which application threads were stopped: 0.0027680 seconds, Stopping threads took: 0.0002760 seconds
88.660: Application time: 0.0842020 seconds
88.735: [GC88.735: [ParNew: 8118K->8118K(8128K), 0.0000090 secs]88.735: [Tenured: 13842K->4546K(17924K), 0.0055690 secs] 21961K->4546K(26052K), [Perm : 5110K->5110K(21248K)], 0.0056260 secs] [Times: user=0.01 sys=0.00, real=0.01 secs] 
88.741: Total time for which application threads were stopped: 0.0804280 seconds, Stopping threads took: 0.0747180 seconds
88.827: Application time: 0.0858960 seconds
88.879: [GC88.879: [ParNew: 7048K->14K(8128K), 0.0005480 secs] 11594K->4560K(26052K), 0.0005780 secs] [Times: user=0.00 sys=0.00, real=0.00 secs] 
88.880: Total time for which application threads were stopped: 0.0528620 seconds, Stopping threads took: 0.0522020 seconds
88.880: Application time: 0.0008940 seconds
88.881: [GC88.881: [ParNew: 7160K->895K(8128K), 0.0021940 secs] 11706K->11691K(26052K), 0.0022290 secs] [Times: user=0.01 sys=0.00, real=0.00 secs] 
88.883: Total time for which application threads were stopped: 0.0024460 seconds, Stopping threads took: 0.0001610 seconds
88.964: Application time: 0.0809690 seconds
89.031: [GC89.031: [ParNew: 7943K->891K(8128K), 0.0005070 secs] 18739K->12102K(26052K), 0.0005380 secs] [Times: user=0.00 sys=0.00, real=0.00 secs] 
89.032: Total time for which application threads were stopped: 0.0677400 seconds, Stopping threads took: 0.0671450 seconds
89.033: Application time: 0.0010460 seconds
89.098: [GC89.098: [ParNew: 8037K->8037K(8128K), 0.0000080 secs]89.098: [Tenured: 11211K->6465K(17924K), 0.0054680 secs] 19248K->6465K(26052K), [Perm : 5110K->5110K(21248K)], 0.0055160 secs] [Times: user=0.01 sys=0.00, real=0.00 secs] 
89.103: Total time for which application threads were stopped: 0.0706290 seconds, Stopping threads took: 0.0650530 seconds
89.185: Application time: 0.0812230 seconds
89.235: [GC89.235: [ParNew: 7048K->404K(8128K), 0.0006180 secs] 13514K->6870K(26052K), 0.0006560 secs] [Times: user=0.00 sys=0.00, real=0.00 secs] 
89.236: Total time for which application threads were stopped: 0.0510940 seconds, Stopping threads took: 0.0503650 seconds
89.237: Application time: 0.0009940 seconds
89.277: [GC89.277: [ParNew: 7550K->895K(8128K), 0.0021580 secs] 14016K->12927K(26052K), 0.0021950 secs] [Times: user=0.01 sys=0.00, real=0.01 secs] 
89.279: Total time for which application threads were stopped: 0.0427830 seconds, Stopping threads took: 0.0405130 seconds
89.362: Application time: 0.0823990 seconds
89.425: [GC89.425: [ParNew: 7748K->7748K(8128K), 0.0000100 secs]89.425: [Tenured: 12032K->1680K(17924K), 0.0044550 secs] 19780K->1680K(26052K), [Perm : 5110K->5110K(21248K)], 0.0045090 secs] [Times: user=0.00 sys=0.00, real=0.01 secs] 
89.430: Total time for which application threads were stopped: 0.0678700 seconds, Stopping threads took: 0.0632820 seconds
89.431: Application time: 0.0010570 seconds
89.471: [GC89.471: [ParNew: 7146K->893K(8128K), 0.0020420 secs] 8826K->8140K(26052K), 0.0020790 secs] [Times: user=0.01 sys=0.00, real=0.00 secs] 
89.473: Total time for which application threads were stopped: 0.0418940 seconds, Stopping threads took: 0.0397340 seconds
89.553: Application time: 0.0800890 seconds
89.620: [GC89.620: [ParNew: 7824K->434K(8128K), 0.0006450 secs] 15071K->7706K(26052K), 0.0006740 secs] [Times: user=0.00 sys=0.00, real=0.00 secs] 
89.621: Total time for which application threads were stopped: 0.0684590 seconds, Stopping threads took: 0.0677290 seconds
89.622: Application time: 0.0010220 seconds
89.663: [GC89.663: [ParNew: 7639K->895K(8128K), 0.0019430 secs] 14911K->13719K(26052K), 0.0019820 secs] [Times: user=0.01 sys=0.00, real=0.00 secs] 
89.665: Total time for which application threads were stopped: 0.0425850 seconds, Stopping threads took: 0.0405250 seconds
89.744: Application time: 0.0790070 seconds
89.785: [GC89.785: [ParNew: 7923K->7923K(8128K), 0.0000140 secs]89.787: [Tenured: 12824K->2868K(17924K), 0.0053850 secs] 20748K->2868K(26052K), [Perm : 5110K->5110K(21248K)], 0.0069980 secs] [Times: user=0.01 sys=0.00, real=0.01 secs] 
89.792: Total time for which application threads were stopped: 0.0486910 seconds, Stopping threads took: 0.0416190 seconds
89.880: Application time: 0.0879780 seconds
89.890: [GC89.890: [ParNew: 7224K->42K(8128K), 0.0006310 secs] 10093K->2910K(26052K), 0.0006620 secs] [Times: user=0.00 sys=0.00, real=0.00 secs] 
89.891: Total time for which application threads were stopped: 0.0103140 seconds, Stopping threads took: 0.0095780 seconds
89.892: Application time: 0.0008270 seconds
89.892: [GC89.892: [ParNew: 7266K->895K(8128K), 0.0024220 secs] 10135K->10070K(26052K), 0.0024560 secs] [Times: user=0.02 sys=0.00, real=0.00 secs] 
89.894: Total time for which application threads were stopped: 0.0028210 seconds, Stopping threads took: 0.0003100 seconds
89.977: Application time: 0.0820820 seconds
90.044: [GC90.044: [ParNew: 7943K->891K(8128K), 0.0006960 secs] 17118K->10505K(26052K), 0.0007280 secs] [Times: user=0.01 sys=0.00, real=0.00 secs] 
90.044: Total time for which application threads were stopped: 0.0679110 seconds, Stopping threads took: 0.0671070 seconds
90.046: Application time: 0.0015390 seconds
90.123: [GC90.123: [ParNew: 8017K->823K(8128K), 0.0004140 secs] 17631K->10469K(26052K), 0.0004450 secs] [Times: user=0.01 sys=0.00, real=0.00 secs] 
90.123: Total time for which application threads were stopped: 0.0770980 seconds, Stopping threads took: 0.0765870 seconds
90.124: Application time: 0.0009440 seconds
90.178: [GC90.178: [ParNew: 7969K->895K(8128K), 0.0020450 secs] 17615K->15488K(26052K), 0.0020850 secs] [Times: user=0.01 sys=0.00, real=0.00 secs] 
90.180: Total time for which application threads were stopped: 0.0562520 seconds, Stopping threads took: 0.0540940 seconds
90.269: Application time: 0.0886810 seconds
90.342: [GC90.342: [ParNew: 8041K->8041K(8128K), 0.0000090 secs]90.342: [Tenured: 14593K->1489K(17924K), 0.0043120 secs] 22634K->1489K(26052K), [Perm : 5110K->5110K(21248K)], 0.0043770 secs] [Times: user=0.00 sys=0.01, real=0.01 secs] 
90.346: Total time for which application threads were stopped: 0.0770980 seconds, Stopping threads took: 0.0726530 seconds
90.347: Application time: 0.0010470 seconds
90.347: [GC90.347: [ParNew: 7224K->895K(8128K), 0.0021370 secs] 8713K->8662K(26052K), 0.0021750 secs] [Times: user=0.02 sys=0.00, real=0.00 secs] 
90.350: Total time for which application threads were stopped: 0.0025390 seconds, Stopping threads took: 0.0003010 seconds
90.431: Application time: 0.0809130 seconds
90.494: [GC90.494: [ParNew: 7845K->791K(8128K), 0.0007340 secs] 15613K->9005K(26052K), 0.0007670 secs] [Times: user=0.00 sys=0.00, real=0.00 secs] 
90.495: Total time for which application threads were stopped: 0.0641810 seconds, Stopping threads took: 0.0633480 seconds
90.496: Application time: 0.0010980 seconds
90.537: [GC90.537: [ParNew: 7937K->895K(8128K), 0.0019380 secs] 16151K->14399K(26052K), 0.0019750 secs] [Times: user=0.01 sys=0.00, real=0.01 secs] 
90.539: Total time for which application threads were stopped: 0.0429730 seconds, Stopping threads took: 0.0409200 seconds
90.620: Application time: 0.0811000 seconds
90.689: [GC90.689: [ParNew: 8041K->8041K(8128K), 0.0000110 secs]90.689: [Tenured: 13503K->1681K(17924K), 0.0051170 secs] 21545K->1681K(26052K), [Perm : 5110K->5110K(21248K)], 0.0051710 secs] [Times: user=0.01 sys=0.00, real=0.00 secs] 
90.694: Total time for which application threads were stopped: 0.0745080 seconds, Stopping threads took: 0.0692460 seconds
90.696: Application time: 0.0010870 seconds
90.737: [GC90.737: [ParNew: 7146K->895K(8128K), 0.0021560 secs] 8827K->8143K(26052K), 0.0021930 secs] [Times: user=0.01 sys=0.00, real=0.01 secs] 
90.739: Total time for which application threads were stopped: 0.0435810 seconds, Stopping threads took: 0.0413090 seconds
90.821: Application time: 0.0814100 seconds
90.888: [GC90.888: [ParNew: 7747K->404K(8128K), 0.0004370 secs] 14996K->7668K(26052K), 0.0004690 secs] [Times: user=0.00 sys=0.00, real=0.00 secs] 
90.889: Total time for which application threads were stopped: 0.0680000 seconds, Stopping threads took: 0.0674640 seconds
90.889: Application time: 0.0008600 seconds
90.930: [GC90.930: [ParNew: 7453K->895K(8128K), 0.0020910 secs] 14717K->13628K(26052K), 0.0021240 secs] [Times: user=0.02 sys=0.00, real=0.00 secs] 
90.932: Total time for which application threads were stopped: 0.0429050 seconds, Stopping threads took: 0.0407040 seconds
91.013: Application time: 0.0808260 seconds
91.074: [GC91.074: [ParNew: 7845K->7845K(8128K), 0.0000100 secs]91.074: [Tenured: 12733K->1681K(17924K), 0.0049730 secs] 20578K->1681K(26052K), [Perm : 5110K->5110K(21248K)], 0.0050270 secs] [Times: user=0.01 sys=0.00, real=0.01 secs] 
91.079: Total time for which application threads were stopped: 0.0657420 seconds, Stopping threads took: 0.0606340 seconds
91.080: Application time: 0.0011280 seconds
91.121: [GC91.121: [ParNew: 7146K->895K(8128K), 0.0016810 secs] 8827K->7068K(26052K), 0.0017170 secs] [Times: user=0.01 sys=0.00, real=0.00 secs] 
91.123: Total time for which application threads were stopped: 0.0425450 seconds, Stopping threads took: 0.0407690 seconds
91.203: Application time: 0.0806010 seconds
91.256: [GC91.256: [ParNew: 8021K->628K(8128K), 0.0003300 secs] 14195K->6833K(26052K), 0.0003590 secs] [Times: user=0.00 sys=0.00, real=0.00 secs] 
91.256: Total time for which application threads were stopped: 0.0528550 seconds, Stopping threads took: 0.0524340 seconds
91.257: Application time: 0.0008650 seconds
91.309: [GC91.309: [ParNew: 7774K->895K(8128K), 0.0018060 secs] 13980K->11860K(26052K), 0.0018420 secs] [Times: user=0.01 sys=0.00, real=0.00 secs] 
91.310: Total time for which application threads were stopped: 0.0536100 seconds, Stopping threads took: 0.0517110 seconds
91.390: Application time: 0.0794220 seconds
91.432: [GC91.432: [ParNew: 7943K->797K(8128K), 0.0004910 secs] 18908K->11787K(26052K), 0.0005240 secs] [Times: user=0.00 sys=0.00, real=0.00 secs] 
91.432: Total time for which application threads were stopped: 0.0422180 seconds, Stopping threads took: 0.0416170 seconds
91.433: Application time: 0.0010360 seconds
91.509: [GC91.509: [ParNew: 8021K->825K(8128K), 0.0015400 secs] 19011K->15737K(26052K), 0.0015840 secs] [Times: user=0.01 sys=0.00, real=0.00 secs] 
91.510: Total time for which application threads were stopped: 0.0770840 seconds, Stopping threads took: 0.0754420 seconds
91.599: Application time: 0.0885150 seconds
91.652: [GC91.652: [ParNew: 7952K->7952K(8128K), 0.0000100 secs]91.652: [Tenured: 14912K->2352K(17924K), 0.0052560 secs] 22864K->2352K(26052K), [Perm : 5110K->5110K(21248K)], 0.0053080 secs] [Times: user=0.00 sys=0.00, real=0.00 secs] 
91.657: Total time for which application threads were stopped: 0.0583610 seconds, Stopping threads took: 0.0529920 seconds
91.658: Application time: 0.0013440 seconds
91.721: [GC91.721: [ParNew: 7126K->893K(8128K), 0.0016590 secs] 9479K->7180K(26052K), 0.0016930 secs] [Times: user=0.01 sys=0.00, real=0.00 secs] 
91.723: Total time for which application threads were stopped: 0.0646250 seconds, Stopping threads took: 0.0628640 seconds
91.802: Application time: 0.0792980 seconds
91.845: [GC91.845: [ParNew: 8000K->658K(8128K), 0.0007000 secs] 14287K->7391K(26052K), 0.0007330 secs] [Times: user=0.00 sys=0.00, real=0.01 secs] 
91.846: Total time for which application threads were stopped: 0.0437040 seconds, Stopping threads took: 0.0428870 seconds
91.847: Application time: 0.0011410 seconds
91.902: [GC91.902: [ParNew: 7804K->895K(8128K), 0.0017570 secs] 14537K->11721K(26052K), 0.0017920 secs] [Times: user=0.01 sys=0.00, real=0.00 secs] 
91.904: Total time for which application threads were stopped: 0.0564120 seconds, Stopping threads took: 0.0545630 seconds
91.983: Application time: 0.0794580 seconds
92.025: [GC92.025: [ParNew: 8021K->823K(8128K), 0.0005240 secs] 18847K->12064K(26052K), 0.0005560 secs] [Times: user=0.01 sys=0.00, real=0.00 secs] 
92.025: Total time for which application threads were stopped: 0.0420040 seconds, Stopping threads took: 0.0413720 seconds
92.026: Application time: 0.0011670 seconds
92.102: [GC92.102: [ParNew: 7969K->7969K(8128K), 0.0000100 secs]92.102: [Tenured: 11240K->5495K(17924K), 0.0059560 secs] 19210K->5495K(26052K), [Perm : 5111K->5111K(21248K)], 0.0060100 secs] [Times: user=0.01 sys=0.00, real=0.01 secs] 
92.108: Total time for which application threads were stopped: 0.0816540 seconds, Stopping threads took: 0.0755620 seconds
92.187: Application time: 0.0791180 seconds
92.229: [GC92.229: [ParNew: 7146K->406K(8128K), 0.0006350 secs] 12641K->5901K(26052K), 0.0006670 secs] [Times: user=0.00 sys=0.00, real=0.00 secs] 
92.230: Total time for which application threads were stopped: 0.0429850 seconds, Stopping threads took: 0.0422400 seconds
92.231: Application time: 0.0010140 seconds
92.272: [GC92.272: [ParNew: 7552K->895K(8128K), 0.0020340 secs] 13047K->11956K(26052K), 0.0020620 secs] [Times: user=0.01 sys=0.01, real=0.00 secs] 
92.274: Total time for which application threads were stopped: 0.0426920 seconds, Stopping threads took: 0.0405570 seconds
92.355: Application time: 0.0810240 seconds
92.423: [GC92.423: [ParNew: 7826K->434K(8128K), 0.0006220 secs] 18887K->11536K(26052K), 0.0006530 secs] [Times: user=0.01 sys=0.00, real=0.00 secs] 
92.424: Total time for which application threads were stopped: 0.0689210 seconds, Stopping threads took: 0.0681930 seconds
92.425: Application time: 0.0008230 seconds
92.425: [GC92.425: [ParNew: 7483K->895K(8128K), 0.0024980 secs] 18585K->18568K(26052K), 0.0025330 secs] [Times: user=0.02 sys=0.00, real=0.01 secs] 
92.427: Total time for which application threads were stopped: 0.0028730 seconds, Stopping threads took: 0.0002850 seconds
92.513: Application time: 0.0851760 seconds
92.588: [GC92.588: [ParNew: 8040K->8040K(8128K), 0.0000110 secs]92.588: [Tenured: 17673K->1877K(17924K), 0.0053660 secs] 25714K->1877K(26052K), [Perm : 5111K->5111K(21248K)], 0.0054190 secs] [Times: user=0.00 sys=0.00, real=0.00 secs] 
92.593: Total time for which application threads were stopped: 0.0804480 seconds, Stopping threads took: 0.0749690 seconds
92.594: Application time: 0.0013730 seconds
92.636: [GC92.636: [ParNew: 7146K->895K(8128K), 0.0018170 secs] 9023K->7460K(26052K), 0.0018570 secs] [Times: user=0.01 sys=0.00, real=0.00 secs] 
92.638: Total time for which application threads were stopped: 0.0431060 seconds, Stopping threads took: 0.0411680 seconds
92.716: Application time: 0.0787870 seconds
92.759: [GC92.759: [ParNew: 8041K->795K(8128K), 0.0008930 secs] 14605K->8572K(26052K), 0.0009270 secs] [Times: user=0.01 sys=0.01, real=0.00 secs] 
92.760: Total time for which application threads were stopped: 0.0435470 seconds, Stopping threads took: 0.0425420 seconds
92.847: Application time: 0.0869320 seconds
92.862: [GC92.862: [ParNew: 7922K->432K(8128K), 0.0003350 secs] 15699K->8225K(26052K), 0.0003680 secs] [Times: user=0.00 sys=0.00, real=0.00 secs] 
92.863: Total time for which application threads were stopped: 0.0158400 seconds, Stopping threads took: 0.0153950 seconds
92.863: Application time: 0.0008430 seconds
92.904: [GC92.904: [ParNew: 7578K->895K(8128K), 0.0015500 secs] 15371K->13208K(26052K), 0.0015830 secs] [Times: user=0.01 sys=0.00, real=0.01 secs] 
92.906: Total time for which application threads were stopped: 0.0424100 seconds, Stopping threads took: 0.0407680 seconds
92.986: Application time: 0.0796510 seconds
93.027: [GC93.027: [ParNew: 8041K->8041K(8128K), 0.0000100 secs]93.027: [Tenured: 12313K->3665K(17924K), 0.0050890 secs] 20354K->3665K(26052K), [Perm : 5111K->5111K(21248K)], 0.0051480 secs] [Times: user=0.01 sys=0.00, real=0.00 secs] 
93.032: Total time for which application threads were stopped: 0.0462710 seconds, Stopping threads took: 0.0410500 seconds
93.117: Application time: 0.0855330 seconds
93.125: [GC93.125: [ParNew: 7048K->209K(8128K), 0.0004770 secs] 10713K->3874K(26052K), 0.0005070 secs] [Times: user=0.00 sys=0.00, real=0.00 secs] 
93.126: Total time for which application threads were stopped: 0.0082630 seconds, Stopping threads took: 0.0077030 seconds
93.126: Application time: 0.0007820 seconds
93.179: [GC93.179: [ParNew: 7355K->895K(8128K), 0.0019050 secs] 11020K->9931K(26052K), 0.0019430 secs] [Times: user=0.02 sys=0.00, real=0.00 secs] 
93.181: Total time for which application threads were stopped: 0.0541860 seconds, Stopping threads took: 0.0521790 seconds
93.262: Application time: 0.0812670 seconds
93.329: [GC93.329: [ParNew: 7943K->402K(8128K), 0.0006510 secs] 16980K->9471K(26052K), 0.0006840 secs] [Times: user=0.00 sys=0.00, real=0.00 secs] 
93.329: Total time for which application threads were stopped: 0.0674950 seconds, Stopping threads took: 0.0667460 seconds
93.330: Application time: 0.0009140 seconds
93.330: [GC93.330: [ParNew: 7627K->895K(8128K), 0.0022660 secs] 16696K->16633K(26052K), 0.0023030 secs] [Times: user=0.01 sys=0.00, real=0.00 secs] 
93.333: Total time for which application threads were stopped: 0.0024370 seconds, Stopping threads took: 0.0000780 seconds
93.425: Application time: 0.0925350 seconds
93.496: [GC93.496: [ParNew: 8001K->8001K(8128K), 0.0000100 secs]93.496: [Tenured: 15737K->3555K(17924K), 0.0048960 secs] 23739K->3555K(26052K), [Perm : 5112K->5112K(21248K)], 0.0049560 secs] [Times: user=0.00 sys=0.00, real=0.01 secs] 
93.501: Total time for which application threads were stopped: 0.0760340 seconds, Stopping threads took: 0.0710160 seconds
93.582: Application time: 0.0806240 seconds
93.586: [GC93.586: [ParNew: 7126K->40K(8128K), 0.0003090 secs] 10682K->3595K(26052K), 0.0003380 secs] [Times: user=0.00 sys=0.00, real=0.00 secs] 
93.587: Total time for which application threads were stopped: 0.0047750 seconds, Stopping threads took: 0.0043740 seconds
93.587: Application time: 0.0007610 seconds
93.588: [GC93.588: [ParNew: 7186K->895K(8128K), 0.0021790 secs] 10741K->10728K(26052K), 0.0022140 secs] [Times: user=0.01 sys=0.00, real=0.00 secs] 
93.590: Total time for which application threads were stopped: 0.0024470 seconds, Stopping threads took: 0.0001790 seconds
93.671: Application time: 0.0814870 seconds
93.739: [GC93.739: [ParNew: 8021K->727K(8128K), 0.0005100 secs] 17855K->11187K(26052K), 0.0005400 secs] [Times: user=0.01 sys=0.00, real=0.00 secs] 
93.740: Total time for which application threads were stopped: 0.0680930 seconds, Stopping threads took: 0.0674990 seconds
93.741: Application time: 0.0013970 seconds
93.817: [GC93.817: [ParNew: 7854K->823K(8128K), 0.0004190 secs] 18314K->11347K(26052K), 0.0004480 secs] [Times: user=0.00 sys=0.00, real=0.00 secs] 
93.818: Total time for which application threads were stopped: 0.0767840 seconds, Stopping threads took: 0.0762740 seconds
93.819: Application time: 0.0009820 seconds
93.870: [GC93.870: [ParNew: 7969K->893K(8128K), 0.0018020 secs] 18493K->16364K(26052K), 0.0018410 secs] [Times: user=0.01 sys=0.00, real=0.00 secs] 
93.872: Total time for which application threads were stopped: 0.0533000 seconds, Stopping threads took: 0.0513980 seconds
93.961: Application time: 0.0891670 seconds
94.016: [GC94.016: [ParNew: 7746K->7746K(8128K), 0.0000100 secs]94.016: [Tenured: 15470K->2860K(17924K), 0.0048420 secs] 23217K->2860K(26052K), [Perm : 5112K->5112K(21248K)], 0.0048980 secs] [Times: user=0.00 sys=0.00, real=0.01 secs] 
94.021: Total time for which application threads were stopped: 0.0596740 seconds, Stopping threads took: 0.0547140 seconds
94.022: Application time: 0.0012410 seconds
94.062: [GC94.062: [ParNew: 7224K->895K(8128K), 0.0019770 secs] 10085K->8667K(26052K), 0.0020140 secs] [Times: user=0.01 sys=0.00, real=0.00 secs] 
94.064: Total time for which application threads were stopped: 0.0423040 seconds, Stopping threads took: 0.0402200 seconds
94.146: Application time: 0.0820020 seconds
94.213: [GC94.213: [ParNew: 8041K->10K(8128K), 0.0005940 secs] 15813K->7838K(26052K), 0.0006240 secs] [Times: user=0.00 sys=0.00, real=0.00 secs] 
94.214: Total time for which application threads were stopped: 0.0673040 seconds, Stopping threads took: 0.0665910 seconds
94.215: Application time: 0.0009150 seconds
94.215: [GC94.215: [ParNew: 7156K->895K(8128K), 0.0022890 secs] 14984K->14973K(26052K), 0.0023250 secs] [Times: user=0.01 sys=0.00, real=0.00 secs] 
94.217: Total time for which application threads were stopped: 0.0026850 seconds, Stopping threads took: 0.0002830 seconds
94.314: Application time: 0.0966980 seconds
94.386: [GC94.386: [ParNew: 7943K->7943K(8128K), 0.0000100 secs]94.386: [Tenured: 14078K->1487K(17924K), 0.0051010 secs] 22021K->1487K(26052K), [Perm : 5112K->5112K(21248K)], 0.0051550 secs] [Times: user=0.01 sys=0.00, real=0.00 secs] 
94.391: Total time for which application threads were stopped: 0.0774890 seconds, Stopping threads took: 0.0722730 seconds
94.393: Application time: 0.0012560 seconds
94.451: [GC94.451: [ParNew: 7224K->825K(8128K), 0.0012360 secs] 8711K->5633K(26052K), 0.0012660 secs] [Times: user=0.01 sys=0.00, real=0.00 secs] 
94.452: Total time for which application threads were stopped: 0.0593580 seconds, Stopping threads took: 0.0580340 seconds
94.530: Application time: 0.0780870 seconds
94.572: [GC94.572: [ParNew: 7971K->789K(8128K), 0.0006300 secs] 12779K->6458K(26052K), 0.0006610 secs] [Times: user=0.01 sys=0.00, real=0.00 secs] 
94.573: Total time for which application threads were stopped: 0.0428390 seconds, Stopping threads took: 0.0421210 seconds
94.653: Application time: 0.0801890 seconds
94.656: [GC94.656: [ParNew: 7837K->14K(8128K), 0.0003570 secs] 13506K->5715K(26052K), 0.0003850 secs] [Times: user=0.00 sys=0.00, real=0.00 secs] 
94.656: Total time for which application threads were stopped: 0.0032310 seconds, Stopping threads took: 0.0027940 seconds
94.657: Application time: 0.0008250 seconds
94.657: [GC94.658: [ParNew: 7160K->895K(8128K), 0.0020550 secs] 12861K->12846K(26052K), 0.0020870 secs] [Times: user=0.02 sys=0.00, real=0.01 secs] 
94.660: Total time for which application threads were stopped: 0.0023220 seconds, Stopping threads took: 0.0001830 seconds
94.748: Application time: 0.0882830 seconds
94.819: [GC94.819: [ParNew: 7845K->7845K(8128K), 0.0000130 secs]94.820: [Tenured: 11951K->2492K(17924K), 0.0052910 secs] 19796K->2492K(26052K), [Perm : 5113K->5113K(21248K)], 0.0067970 secs] [Times: user=0.01 sys=0.00, real=0.00 secs] 
94.826: Total time for which application threads were stopped: 0.0776370 seconds, Stopping threads took: 0.0707600 seconds
94.827: Application time: 0.0013090 seconds
94.882: [GC94.882: [ParNew: 7146K->895K(8128K), 0.0017790 secs] 9638K->7586K(26052K), 0.0018180 secs] [Times: user=0.01 sys=0.00, real=0.00 secs] 
94.883: Total time for which application threads were stopped: 0.0565920 seconds, Stopping threads took: 0.0547140 seconds
94.962: Application time: 0.0789910 seconds
95.004: [GC95.004: [ParNew: 8041K->398K(8128K), 0.0006150 secs] 14732K->7122K(26052K), 0.0006460 secs] [Times: user=0.00 sys=0.00, real=0.00 secs] 
95.005: Total time for which application threads were stopped: 0.0422180 seconds, Stopping threads took: 0.0414980 seconds
95.006: Application time: 0.0010860 seconds
95.059: [GC95.059: [ParNew: 7623K->895K(8128K), 0.0020420 secs] 14346K->13213K(26052K), 0.0020760 secs] [Times: user=0.01 sys=0.01, real=0.00 secs] 
95.061: Total time for which application threads were stopped: 0.0549800 seconds, Stopping threads took: 0.0528280 seconds
95.140: Application time: 0.0789920 seconds
95.209: [GC95.209: [ParNew: 7826K->7826K(8128K), 0.0000100 secs]95.209: [Tenured: 12318K->1767K(17924K), 0.0045590 secs] 20144K->1767K(26052K), [Perm : 5113K->5113K(21248K)], 0.0046180 secs] [Times: user=0.01 sys=0.00, real=0.00 secs] 
95.213: Total time for which application threads were stopped: 0.0734720 seconds, Stopping threads took: 0.0687710 seconds
95.214: Application time: 0.0011350 seconds
95.258: [GC95.258: [ParNew: 7224K->895K(8128K), 0.0017080 secs] 8992K->7183K(26052K), 0.0017460 secs] [Times: user=0.02 sys=0.00, real=0.00 secs] 
95.260: Total time for which application threads were stopped: 0.0455230 seconds, Stopping threads took: 0.0437160 seconds
95.349: Application time: 0.0892540 seconds
95.422: [GC95.422: [ParNew: 8099K->656K(8128K), 0.0003650 secs] 14388K->6984K(26052K), 0.0003970 secs] [Times: user=0.00 sys=0.00, real=0.00 secs] 
95.422: Total time for which application threads were stopped: 0.0729490 seconds, Stopping threads took: 0.0724710 seconds
95.423: Application time: 0.0009090 seconds
95.475: [GC95.475: [ParNew: 7802K->893K(8128K), 0.0019790 secs] 14130K->12005K(26052K), 0.0020140 secs] [Times: user=0.01 sys=0.00, real=0.00 secs] 
95.477: Total time for which application threads were stopped: 0.0540150 seconds, Stopping threads took: 0.0519230 seconds
95.557: Application time: 0.0795510 seconds
95.598: [GC95.598: [ParNew: 8019K->823K(8128K), 0.0005980 secs] 19131K->11967K(26052K), 0.0006300 secs] [Times: user=0.00 sys=0.00, real=0.00 secs] 
95.599: Total time for which application threads were stopped: 0.0423730 seconds, Stopping threads took: 0.0416770 seconds
95.600: Application time: 0.0009220 seconds
95.640: [GC95.640: [ParNew: 7967K->891K(8128K), 0.0023170 secs] 19111K->18040K(26052K), 0.0023530 secs] [Times: user=0.02 sys=0.00, real=0.00 secs] 
95.643: Total time for which application threads were stopped: 0.0429280 seconds, Stopping threads took: 0.0405200 seconds
95.735: Application time: 0.0920890 seconds
95.808: [GC95.808: [ParNew: 8115K->8115K(8128K), 0.0000100 secs]95.808: [Tenured: 17149K->1911K(17924K), 0.0048000 secs] 25264K->1911K(26052K), [Perm : 5113K->5113K(21248K)], 0.0048550 secs] [Times: user=0.00 sys=0.00, real=0.00 secs] 
95.813: Total time for which application threads were stopped: 0.0776490 seconds, Stopping threads took: 0.0727120 seconds
95.814: Application time: 0.0012540 seconds
95.814: [GC95.814: [ParNew: 7146K->893K(8128K), 0.0020480 secs] 9058K->9055K(26052K), 0.0020840 secs] [Times: user=0.02 sys=0.00, real=0.00 secs] 
95.816: Total time for which application threads were stopped: 0.0022730 seconds, Stopping threads took: 0.0001120 seconds
95.897: Application time: 0.0808380 seconds
95.961: [GC95.961: [ParNew: 7941K->893K(8128K), 0.0006990 secs] 16103K->9470K(26052K), 0.0007310 secs] [Times: user=0.00 sys=0.00, real=0.00 secs] 
95.962: Total time for which application threads were stopped: 0.0651590 seconds, Stopping threads took: 0.0643430 seconds
95.963: Application time: 0.0011880 seconds
96.006: [GC96.006: [ParNew: 8039K->893K(8128K), 0.0015810 secs] 16616K->13799K(26052K), 0.0016250 secs] [Times: user=0.01 sys=0.00, real=0.00 secs] 
96.008: Total time for which application threads were stopped: 0.0446410 seconds, Stopping threads took: 0.0429380 seconds
96.102: Application time: 0.0944350 seconds
96.162: [GC96.162: [ParNew: 8019K->8019K(8128K), 0.0000100 secs]96.162: [Tenured: 12906K->1683K(17924K), 0.0045440 secs] 20925K->1683K(26052K), [Perm : 5113K->5113K(21248K)], 0.0046020 secs] [Times: user=0.00 sys=0.00, real=0.01 secs] 
96.166: Total time for which application threads were stopped: 0.0639070 seconds, Stopping threads took: 0.0592410 seconds
96.167: Application time: 0.0010910 seconds
96.208: [GC96.208: [ParNew: 7048K->895K(8128K), 0.0019780 secs] 8731K->8047K(26052K), 0.0020190 secs] [Times: user=0.01 sys=0.00, real=0.00 secs] 
96.210: Total time for which application threads were stopped: 0.0427980 seconds, Stopping threads took: 0.0407190 seconds
96.290: Application time: 0.0800100 seconds
96.342: [GC96.342: [ParNew: 7943K->795K(8128K), 0.0005890 secs] 15095K->8784K(26052K), 0.0006230 secs] [Times: user=0.01 sys=0.00, real=0.00 secs] 
96.343: Total time for which application threads were stopped: 0.0524050 seconds, Stopping threads took: 0.0517150 seconds
96.425: Application time: 0.0826940 seconds
96.430: [GC96.430: [ParNew: 7843K->14K(8128K), 0.0002760 secs] 15833K->8011K(26052K), 0.0003060 secs] [Times: user=0.00 sys=0.00, real=0.00 secs] 
96.430: Total time for which application threads were stopped: 0.0050870 seconds, Stopping threads took: 0.0047280 seconds
96.431: Application time: 0.0008060 seconds
96.431: [GC96.431: [ParNew: 7160K->895K(8128K), 0.0020950 secs] 15157K->15142K(26052K), 0.0021250 secs] [Times: user=0.02 sys=0.00, real=0.00 secs] 
96.433: Total time for which application threads were stopped: 0.0023070 seconds, Stopping threads took: 0.0001290 seconds
96.519: Application time: 0.0854950 seconds
96.588: [GC96.588: [ParNew: 8040K->8040K(8128K), 0.0000100 secs]96.588: [Tenured: 14247K->2660K(17924K), 0.0053140 secs] 22288K->2660K(26052K), [Perm : 5113K->5113K(21248K)], 0.0053680 secs] [Times: user=0.00 sys=0.00, real=0.00 secs] 
96.593: Total time for which application threads were stopped: 0.0740540 seconds, Stopping threads took: 0.0686160 seconds
96.594: Application time: 0.0012460 seconds
96.634: [GC96.634: [ParNew: 7146K->895K(8128K), 0.0024790 secs] 9806K->9708K(26052K), 0.0025160 secs] [Times: user=0.01 sys=0.00, real=0.00 secs] 
96.637: Total time for which application threads were stopped: 0.0425980 seconds, Stopping threads took: 0.0400000 seconds
96.718: Application time: 0.0810810 seconds
96.785: [GC96.785: [ParNew: 7923K->434K(8128K), 0.0006480 secs] 16737K->9264K(26052K), 0.0006810 secs] [Times: user=0.01 sys=0.00, real=0.00 secs] 
96.785: Total time for which application threads were stopped: 0.0673480 seconds, Stopping threads took: 0.0665900 seconds
96.786: Application time: 0.0007430 seconds
96.786: [GC96.786: [ParNew: 7580K->895K(8128K), 0.0024070 secs] 16410K->16393K(26052K), 0.0024390 secs] [Times: user=0.02 sys=0.00, real=0.00 secs] 
96.789: Total time for which application threads were stopped: 0.0027570 seconds, Stopping threads took: 0.0002660 seconds
96.880: Application time: 0.0913580 seconds
96.947: [GC96.947: [ParNew: 7826K->7826K(8128K), 0.0000100 secs]96.947: [Tenured: 15498K->2815K(17924K), 0.0052350 secs] 23324K->2815K(26052K), [Perm : 5113K->5113K(21248K)], 0.0052930 secs] [Times: user=0.01 sys=0.00, real=0.00 secs] 
96.952: Total time for which application threads were stopped: 0.0718280 seconds, Stopping threads took: 0.0664520 seconds
97.032: Application time: 0.0795980 seconds
97.036: [GC97.036: [ParNew: 7224K->44K(8128K), 0.0005900 secs] 10039K->2859K(26052K), 0.0006200 secs] [Times: user=0.00 sys=0.00, real=0.00 secs] 
97.037: Total time for which application threads were stopped: 0.0054140 seconds, Stopping threads took: 0.0047200 seconds
97.038: Application time: 0.0008700 seconds
97.038: [GC97.038: [ParNew: 7268K->895K(8128K), 0.0021630 secs] 10083K->10016K(26052K), 0.0022050 secs] [Times: user=0.01 sys=0.00, real=0.00 secs] 
97.040: Total time for which application threads were stopped: 0.0026290 seconds, Stopping threads took: 0.0003470 seconds
97.122: Application time: 0.0814990 seconds
97.191: [GC97.191: [ParNew: 7943K->209K(8128K), 0.0005430 secs] 17064K->9387K(26052K), 0.0005770 secs] [Times: user=0.00 sys=0.00, real=0.00 secs] 
97.192: Total time for which application threads were stopped: 0.0695990 seconds, Stopping threads took: 0.0689330 seconds
97.192: Application time: 0.0009040 seconds
97.193: [GC97.193: [ParNew: 7355K->895K(8128K), 0.0023600 secs] 16533K->16518K(26052K), 0.0023950 secs] [Times: user=0.02 sys=0.00, real=0.00 secs] 
97.195: Total time for which application threads were stopped: 0.0026980 seconds, Stopping threads took: 0.0002460 seconds
97.284: Application time: 0.0893010 seconds
97.359: [GC97.359: [ParNew: 8021K->8021K(8128K), 0.0000100 secs]97.359: [Tenured: 15623K->1827K(17924K), 0.0051330 secs] 23644K->1827K(26052K), [Perm : 5113K->5113K(21248K)], 0.0051850 secs] [Times: user=0.00 sys=0.00, real=0.00 secs] 
97.364: Total time for which application threads were stopped: 0.0796020 seconds, Stopping threads took: 0.0743330 seconds
97.365: Application time: 0.0013050 seconds
97.429: [GC97.429: [ParNew: 7224K->895K(8128K), 0.0015230 secs] 9052K->6169K(26052K), 0.0015580 secs] [Times: user=0.01 sys=0.00, real=0.00 secs] 
97.430: Total time for which application threads were stopped: 0.0649020 seconds, Stopping threads took: 0.0632870 seconds
97.509: Application time: 0.0788160 seconds
97.552: [GC97.552: [ParNew: 7748K->404K(8128K), 0.0005450 secs] 13022K->5726K(26052K), 0.0005760 secs] [Times: user=0.00 sys=0.00, real=0.00 secs] 
97.553: Total time for which application threads were stopped: 0.0434190 seconds, Stopping threads took: 0.0427650 seconds
97.554: Application time: 0.0009580 seconds
97.594: [GC97.594: [ParNew: 7453K->895K(8128K), 0.0021600 secs] 12775K->11686K(26052K), 0.0021950 secs] [Times: user=0.02 sys=0.00, real=0.00 secs] 
97.597: Total time for which application threads were stopped: 0.0431360 seconds, Stopping threads took: 0.0408640 seconds
97.678: Application time: 0.0813150 seconds
97.744: [GC97.744: [ParNew: 7845K->404K(8128K), 0.0004540 secs] 18636K->11219K(26052K), 0.0004840 secs] [Times: user=0.00 sys=0.00, real=0.00 secs] 
97.745: Total time for which application threads were stopped: 0.0669740 seconds, Stopping threads took: 0.0664050 seconds
97.746: Application time: 0.0010930 seconds
97.787: [GC97.787: [ParNew: 7629K->895K(8128K), 0.0020710 secs] 18444K->17304K(26052K), 0.0021080 secs] [Times: user=0.01 sys=0.00, real=0.00 secs] 
97.789: Total time for which application threads were stopped: 0.0430230 seconds, Stopping threads took: 0.0408370 seconds
97.879: Application time: 0.0902580 seconds
97.929: [GC97.929: [ParNew: 8021K->8021K(8128K), 0.0000100 secs]97.929: [Tenured: 16409K->4027K(17924K), 0.0050640 secs] 24431K->4027K(26052K), [Perm : 5113K->5113K(21248K)], 0.0051210 secs] [Times: user=0.00 sys=0.00, real=0.00 secs] 
97.934: Total time for which application threads were stopped: 0.0543350 seconds, Stopping threads took: 0.0491300 seconds
98.012: Application time: 0.0785510 seconds
98.055: [GC98.055: [ParNew: 7145K->207K(8128K), 0.0005390 secs] 11173K->4234K(26052K), 0.0005690 secs] [Times: user=0.00 sys=0.00, real=0.00 secs] 
98.055: Total time for which application threads were stopped: 0.0430570 seconds, Stopping threads took: 0.0424150 seconds
98.056: Application time: 0.0009090 seconds
98.097: [GC98.097: [ParNew: 7353K->895K(8128K), 0.0018810 secs] 11380K->10293K(26052K), 0.0019180 secs] [Times: user=0.02 sys=0.00, real=0.01 secs] 
98.099: Total time for which application threads were stopped: 0.0426890 seconds, Stopping threads took: 0.0407120 seconds
98.180: Application time: 0.0812960 seconds
98.248: [GC98.248: [ParNew: 7943K->404K(8128K), 0.0006660 secs] 17341K->9835K(26052K), 0.0006980 secs] [Times: user=0.00 sys=0.00, real=0.00 secs] 
98.248: Total time for which application threads were stopped: 0.0680750 seconds, Stopping threads took: 0.0672960 seconds
98.249: Application time: 0.0009610 seconds
98.290: [GC98.290: [ParNew: 7550K->895K(8128K), 0.0019460 secs] 16981K->15892K(26052K), 0.0019840 secs] [Times: user=0.01 sys=0.00, real=0.00 secs] 
98.292: Total time for which application threads were stopped: 0.0428520 seconds, Stopping threads took: 0.0408120 seconds
98.379: Application time: 0.0869310 seconds
98.450: [GC98.450: [ParNew: 7943K->7943K(8128K), 0.0000100 secs]98.450: [Tenured: 14997K->1879K(17924K), 0.0050380 secs] 22940K->1879K(26052K), [Perm : 5114K->5114K(21248K)], 0.0050940 secs] [Times: user=0.00 sys=0.00, real=0.00 secs] 
98.456: Total time for which application threads were stopped: 0.0765540 seconds, Stopping threads took: 0.0713780 seconds
98.457: Application time: 0.0011770 seconds
98.498: [GC98.498: [ParNew: 7224K->895K(8128K), 0.0019200 secs] 9104K->7490K(26052K), 0.0019560 secs] [Times: user=0.01 sys=0.00, real=0.01 secs] 
98.500: Total time for which application threads were stopped: 0.0428570 seconds, Stopping threads took: 0.0408210 seconds
98.579: Application time: 0.0792870 seconds
98.621: [GC98.621: [ParNew: 8021K->823K(8128K), 0.0004090 secs] 14617K->7467K(26052K), 0.0004380 secs] [Times: user=0.01 sys=0.00, real=0.00 secs] 
98.621: Total time for which application threads were stopped: 0.0422890 seconds, Stopping threads took: 0.0417860 seconds
98.622: Application time: 0.0009460 seconds
98.663: [GC98.663: [ParNew: 7969K->895K(8128K), 0.0022190 secs] 14613K->13560K(26052K), 0.0022570 secs] [Times: user=0.01 sys=0.00, real=0.00 secs] 
98.665: Total time for which application threads were stopped: 0.0429220 seconds, Stopping threads took: 0.0405870 seconds
98.760: Application time: 0.0950600 seconds
98.830: [GC98.830: [ParNew: 8119K->8119K(8128K), 0.0000100 secs]98.830: [Tenured: 12665K->1379K(17924K), 0.0043040 secs] 20784K->1379K(26052K), [Perm : 5114K->5114K(21248K)], 0.0043590 secs] [Times: user=0.00 sys=0.00, real=0.00 secs] 
98.835: Total time for which application threads were stopped: 0.0747360 seconds, Stopping threads took: 0.0703110 seconds
98.836: Application time: 0.0010150 seconds
98.836: [GC98.836: [ParNew: 7146K->895K(8128K), 0.0023680 secs] 8525K->8524K(26052K), 0.0024040 secs] [Times: user=0.02 sys=0.00, real=0.01 secs] 
98.839: Total time for which application threads were stopped: 0.0026770 seconds, Stopping threads took: 0.0002150 seconds
98.920: Application time: 0.0814890 seconds
98.977: [GC98.977: [ParNew: 7845K->793K(8128K), 0.0006140 secs] 15475K->8837K(26052K), 0.0006470 secs] [Times: user=0.01 sys=0.00, real=0.01 secs] 
98.978: Total time for which application threads were stopped: 0.0576890 seconds, Stopping threads took: 0.0569660 seconds
98.979: Application time: 0.0012790 seconds
99.051: [GC99.051: [ParNew: 8017K->825K(8128K), 0.0011140 secs] 16062K->11042K(26052K), 0.0011480 secs] [Times: user=0.01 sys=0.00, real=0.00 secs] 
99.052: Total time for which application threads were stopped: 0.0727390 seconds, Stopping threads took: 0.0715320 seconds
99.130: Application time: 0.0784550 seconds
99.172: [GC99.172: [ParNew: 8049K->434K(8128K), 0.0004060 secs] 18266K->10723K(26052K), 0.0004360 secs] [Times: user=0.00 sys=0.00, real=0.00 secs] 
99.172: Total time for which application threads were stopped: 0.0418510 seconds, Stopping threads took: 0.0413590 seconds
99.173: Application time: 0.0011640 seconds
99.214: [GC99.214: [ParNew: 7483K->895K(8128K), 0.0019250 secs] 17772K->16681K(26052K), 0.0019650 secs] [Times: user=0.01 sys=0.00, real=0.00 secs] 
99.216: Total time for which application threads were stopped: 0.0424050 seconds, Stopping threads took: 0.0403810 seconds
99.305: Application time: 0.0894910 seconds
99.378: [GC99.378: [ParNew: 7845K->7845K(8128K), 0.0000100 secs]99.378: [Tenured: 15786K->1828K(17924K), 0.0043910 secs] 23631K->1828K(26052K), [Perm : 5115K->5115K(21248K)], 0.0044460 secs] [Times: user=0.01 sys=0.00, real=0.00 secs] 
99.383: Total time for which application threads were stopped: 0.0777300 seconds, Stopping threads took: 0.0732060 seconds
99.384: Application time: 0.0011720 seconds
99.425: [GC99.426: [ParNew: 7205K->853K(8128K), 0.0019630 secs] 9033K->7174K(26052K), 0.0020010 secs] [Times: user=0.01 sys=0.00, real=0.01 secs] 
99.428: Total time for which application threads were stopped: 0.0434970 seconds, Stopping threads took: 0.0414170 seconds
99.506: Application time: 0.0788290 seconds
99.549: [GC99.549: [ParNew: 7901K->791K(8128K), 0.0008580 secs] 14222K->8005K(26052K), 0.0008920 secs] [Times: user=0.01 sys=0.00, real=0.00 secs] 
99.550: Total time for which application threads were stopped: 0.0435610 seconds, Stopping threads took: 0.0426110 seconds
99.638: Application time: 0.0876050 seconds
99.644: [GC99.644: [ParNew: 7839K->12K(8128K), 0.0004830 secs] 15054K->7250K(26052K), 0.0005120 secs] [Times: user=0.01 sys=0.00, real=0.00 secs] 
99.644: Total time for which application threads were stopped: 0.0065240 seconds, Stopping threads took: 0.0059370 seconds
99.645: Application time: 0.0007760 seconds
99.645: [GC99.645: [ParNew: 7236K->895K(8128K), 0.0021560 secs] 14475K->14412K(26052K), 0.0021920 secs] [Times: user=0.02 sys=0.00, real=0.01 secs] 
99.647: Total time for which application threads were stopped: 0.0025130 seconds, Stopping threads took: 0.0002550 seconds
99.731: Application time: 0.0841060 seconds
99.806: [GC99.806: [ParNew: 7943K->7943K(8128K), 0.0000100 secs]99.806: [Tenured: 13516K->1488K(17924K), 0.0051340 secs] 21460K->1488K(26052K), [Perm : 5115K->5115K(21248K)], 0.0051900 secs] [Times: user=0.00 sys=0.00, real=0.00 secs] 
99.812: Total time for which application threads were stopped: 0.0800840 seconds, Stopping threads took: 0.0748310 seconds
99.813: Application time: 0.0011280 seconds
99.813: [GC99.813: [ParNew: 7146K->895K(8128K), 0.0022220 secs] 8635K->8634K(26052K), 0.0022580 secs] [Times: user=0.02 sys=0.00, real=0.00 secs] 
99.815: Total time for which application threads were stopped: 0.0025070 seconds, Stopping threads took: 0.0001700 seconds
99.896: Application time: 0.0806860 seconds
99.960: [GC99.960: [ParNew: 8040K->795K(8128K), 0.0021720 secs] 15780K->9348K(26052K), 0.0022100 secs] [Times: user=0.00 sys=0.00, real=0.00 secs] 
99.962: Total time for which application threads were stopped: 0.0665730 seconds, Stopping threads took: 0.0642840 seconds
100.049: Application time: 0.0866880 seconds
100.054: [GC100.054: [ParNew: 7843K->14K(8128K), 0.0003270 secs] 16396K->8582K(26052K), 0.0003540 secs] [Times: user=0.00 sys=0.00, real=0.00 secs] 
100.054: Total time for which application threads were stopped: 0.0052200 seconds, Stopping threads took: 0.0048150 seconds
100.055: Application time: 0.0007550 seconds
100.055: [GC100.055: [ParNew: 7160K->895K(8128K), 0.0021310 secs] 15728K->15714K(26052K), 0.0021630 secs] [Times: user=0.02 sys=0.00, real=0.00 secs] 
100.058: Total time for which application threads were stopped: 0.0024010 seconds, Stopping threads took: 0.0001840 seconds
100.154: Application time: 0.0962800 seconds
100.225: [GC100.225: [ParNew: 8021K->8021K(8128K), 0.0000110 secs]100.225: [Tenured: 14819K->1714K(17924K), 0.0050760 secs] 22840K->1714K(26052K), [Perm : 5115K->5115K(21248K)], 0.0051270 secs] [Times: user=0.01 sys=0.00, real=0.01 secs] 
100.230: Total time for which application threads were stopped: 0.0762560 seconds, Stopping threads took: 0.0710680 seconds
100.231: Application time: 0.0013590 seconds
100.232: [GC100.232: [ParNew: 7146K->895K(8128K), 0.0019040 secs] 8860K->8860K(26052K), 0.0019320 secs] [Times: user=0.01 sys=0.00, real=0.00 secs] 
100.234: Total time for which application threads were stopped: 0.0020790 seconds, Stopping threads took: 0.0000910 seconds
100.315: Application time: 0.0814410 seconds
100.384: [GC100.384: [ParNew: 8040K->795K(8128K), 0.0007290 secs] 16005K->9573K(26052K), 0.0007600 secs] [Times: user=0.00 sys=0.00, real=0.00 secs] 
100.385: Total time for which application threads were stopped: 0.0696500 seconds, Stopping threads took: 0.0688350 seconds
100.465: Application time: 0.0799800 seconds
100.467: [GC100.467: [ParNew: 7922K->44K(8128K), 0.0003150 secs] 16700K->8830K(26052K), 0.0003500 secs] [Times: user=0.00 sys=0.00, real=0.00 secs] 
100.468: Total time for which application threads were stopped: 0.0030280 seconds, Stopping threads took: 0.0026210 seconds
100.468: Application time: 0.0008110 seconds
100.508: [GC100.508: [ParNew: 7188K->895K(8128K), 0.0018040 secs] 15974K->14885K(26052K), 0.0018470 secs] [Times: user=0.01 sys=0.00, real=0.00 secs] 
100.510: Total time for which application threads were stopped: 0.0413040 seconds, Stopping threads took: 0.0394000 seconds
100.591: Application time: 0.0813240 seconds
100.659: [GC100.659: [ParNew: 7943K->7943K(8128K), 0.0000110 secs]100.659: [Tenured: 13990K->1744K(17924K), 0.0049910 secs] 21933K->1744K(26052K), [Perm : 5115K->5115K(21248K)], 0.0050450 secs] [Times: user=0.00 sys=0.00, real=0.00 secs] 
100.664: Total time for which application threads were stopped: 0.0729320 seconds, Stopping threads took: 0.0678040 seconds
100.665: Application time: 0.0012630 seconds
100.707: [GC100.707: [ParNew: 7146K->797K(8128K), 0.0019000 secs] 8890K->8011K(26052K), 0.0019390 secs] [Times: user=0.02 sys=0.00, real=0.00 secs] 
100.709: Total time for which application threads were stopped: 0.0439330 seconds, Stopping threads took: 0.0419340 seconds
100.790: Application time: 0.0804160 seconds
100.850: [GC100.850: [ParNew: 8002K->462K(8128K), 0.0002930 secs] 15215K->7708K(26052K), 0.0003240 secs] [Times: user=0.00 sys=0.00, real=0.00 secs] 
100.850: Total time for which application threads were stopped: 0.0607670 seconds, Stopping threads took: 0.0603650 seconds
100.851: Application time: 0.0009730 seconds
100.906: [GC100.906: [ParNew: 7687K->895K(8128K), 0.0017050 secs] 14932K->12765K(26052K), 0.0017430 secs] [Times: user=0.01 sys=0.00, real=0.00 secs] 
100.908: Total time for which application threads were stopped: 0.0565590 seconds, Stopping threads took: 0.0547370 seconds
100.986: Application time: 0.0781880 seconds
101.028: [GC101.028: [ParNew: 7826K->7826K(8128K), 0.0000110 secs]101.028: [Tenured: 11870K->4399K(17924K), 0.0050970 secs] 19696K->4399K(26052K), [Perm : 5115K->5115K(21248K)], 0.0051570 secs] [Times: user=0.00 sys=0.00, real=0.00 secs] 
101.033: Total time for which application threads were stopped: 0.0468660 seconds, Stopping threads took: 0.0416180 seconds
101.110: Application time: 0.0771430 seconds
101.114: [GC101.114: [ParNew: 6853K->793K(8128K), 0.0007140 secs] 11252K->5192K(26052K), 0.0007450 secs] [Times: user=0.00 sys=0.00, real=0.00 secs] 
101.114: Total time for which application threads were stopped: 0.0042700 seconds, Stopping threads took: 0.0034500 seconds
101.115: Application time: 0.0009040 seconds
101.169: [GC101.169: [ParNew: 8017K->825K(8128K), 0.0018760 secs] 12417K->9163K(26052K), 0.0019180 secs] [Times: user=0.01 sys=0.00, real=0.00 secs] 
101.171: Total time for which application threads were stopped: 0.0554650 seconds, Stopping threads took: 0.0534840 seconds
101.250: Application time: 0.0792320 seconds
101.251: [GC101.251: [ParNew: 7971K->895K(8128K), 0.0012050 secs] 16309K->11640K(26052K), 0.0012370 secs] [Times: user=0.01 sys=0.00, real=0.00 secs] 
101.252: Total time for which application threads were stopped: 0.0021680 seconds, Stopping threads took: 0.0008640 seconds
101.342: Application time: 0.0903350 seconds
101.387: [GC101.387: [ParNew: 7748K->398K(8128K), 0.0003220 secs] 18493K->11176K(26052K), 0.0003490 secs] [Times: user=0.00 sys=0.00, real=0.00 secs] 
101.387: Total time for which application threads were stopped: 0.0445670 seconds, Stopping threads took: 0.0441560 seconds
101.388: Application time: 0.0011250 seconds
101.429: [GC101.429: [ParNew: 7623K->895K(8128K), 0.0018530 secs] 18400K->16193K(26052K), 0.0018910 secs] [Times: user=0.02 sys=0.00, real=0.00 secs] 
101.431: Total time for which application threads were stopped: 0.0427220 seconds, Stopping threads took: 0.0407490 seconds
101.520: Application time: 0.0888430 seconds
101.560: [GC101.560: [ParNew: 8119K->8119K(8128K), 0.0000170 secs]101.560: [Tenured: 15298K->3051K(17924K), 0.0054020 secs] 23417K->3051K(26052K), [Perm : 5115K->5115K(21248K)], 0.0054670 secs] [Times: user=0.00 sys=0.00, real=0.00 secs] 
101.565: Total time for which application threads were stopped: 0.0453490 seconds, Stopping threads took: 0.0397900 seconds
101.653: Application time: 0.0877070 seconds
101.658: [GC101.658: [ParNew: 7048K->207K(8128K), 0.0005190 secs] 10100K->3259K(26052K), 0.0005490 secs] [Times: user=0.00 sys=0.00, real=0.00 secs] 
101.659: Total time for which application threads were stopped: 0.0057130 seconds, Stopping threads took: 0.0050900 seconds
101.659: Application time: 0.0008440 seconds
101.660: [GC101.660: [ParNew: 7353K->895K(8128K), 0.0024220 secs] 10405K->10392K(26052K), 0.0024550 secs] [Times: user=0.02 sys=0.00, real=0.00 secs] 
101.662: Total time for which application threads were stopped: 0.0026950 seconds, Stopping threads took: 0.0001750 seconds
101.744: Application time: 0.0820090 seconds
101.817: [GC101.817: [ParNew: 7943K->402K(8128K), 0.0004550 secs] 17440K->9924K(26052K), 0.0004890 secs] [Times: user=0.00 sys=0.00, real=0.00 secs] 
101.817: Total time for which application threads were stopped: 0.0733870 seconds, Stopping threads took: 0.0728450 seconds
101.818: Application time: 0.0008570 seconds
101.819: [GC101.819: [ParNew: 7548K->895K(8128K), 0.0024100 secs] 17070K->17057K(26052K), 0.0024460 secs] [Times: user=0.02 sys=0.00, real=0.00 secs] 
101.821: Total time for which application threads were stopped: 0.0027140 seconds, Stopping threads took: 0.0001910 seconds
101.912: Application time: 0.0906220 seconds
101.983: [GC101.983: [ParNew: 8040K->8040K(8128K), 0.0000100 secs]101.983: [Tenured: 16162K->3053K(17924K), 0.0054150 secs] 24203K->3053K(26052K), [Perm : 5115K->5115K(21248K)], 0.0054730 secs] [Times: user=0.01 sys=0.00, real=0.01 secs] 
101.988: Total time for which application threads were stopped: 0.0763180 seconds, Stopping threads took: 0.0707620 seconds
102.068: Application time: 0.0799930 seconds
102.074: [GC102.074: [ParNew: 7048K->211K(8128K), 0.0007180 secs] 10102K->3264K(26052K), 0.0007470 secs] [Times: user=0.00 sys=0.00, real=0.00 secs] 
102.075: Total time for which application threads were stopped: 0.0068060 seconds, Stopping threads took: 0.0059780 seconds
102.082: Application time: 0.0069030 seconds
102.149: [GC102.149: [ParNew: 7433K->825K(8128K), 0.0007130 secs] 10487K->5050K(26052K), 0.0007440 secs] [Times: user=0.01 sys=0.00, real=0.00 secs] 
102.150: Total time for which application threads were stopped: 0.0679730 seconds, Stopping threads took: 0.0671440 seconds
102.235: Application time: 0.0854380 seconds
102.238: [GC102.238: [ParNew: 7873K->400K(8128K), 0.0004220 secs] 12099K->4698K(26052K), 0.0004520 secs] [Times: user=0.00 sys=0.00, real=0.00 secs] 
102.239: Total time for which application threads were stopped: 0.0035600 seconds, Stopping threads took: 0.0030520 seconds
102.240: Application time: 0.0008780 seconds
102.291: [GC102.291: [ParNew: 7546K->895K(8128K), 0.0017050 secs] 11844K->9685K(26052K), 0.0017380 secs] [Times: user=0.01 sys=0.01, real=0.00 secs] 
102.293: Total time for which application threads were stopped: 0.0531350 seconds, Stopping threads took: 0.0513210 seconds
102.371: Application time: 0.0781810 seconds
102.413: [GC102.413: [ParNew: 7748K->404K(8128K), 0.0006450 secs] 16538K->9218K(26052K), 0.0006770 secs] [Times: user=0.00 sys=0.00, real=0.00 secs] 
102.413: Total time for which application threads were stopped: 0.0424390 seconds, Stopping threads took: 0.0416870 seconds
102.418: Application time: 0.0044370 seconds
102.491: [GC102.491: [ParNew: 7629K->44K(8128K), 0.0006370 secs] 16443K->8858K(26052K), 0.0006650 secs] [Times: user=0.00 sys=0.00, real=0.00 secs] 
102.492: Total time for which application threads were stopped: 0.0738960 seconds, Stopping threads took: 0.0731710 seconds
102.492: Application time: 0.0007200 seconds
102.493: [GC102.493: [ParNew: 7268K->895K(8128K), 0.0020100 secs] 16082K->16015K(26052K), 0.0020430 secs] [Times: user=0.01 sys=0.00, real=0.00 secs] 
102.495: Total time for which application threads were stopped: 0.0024370 seconds, Stopping threads took: 0.0003110 seconds
102.592: Application time: 0.0974640 seconds
102.662: [GC102.662: [ParNew: 8021K->8021K(8128K), 0.0000090 secs]102.662: [Tenured: 15120K->1604K(17924K), 0.0048370 secs] 23141K->1604K(26052K), [Perm : 5115K->5115K(21248K)], 0.0048910 secs] [Times: user=0.00 sys=0.00, real=0.01 secs] 
102.667: Total time for which application threads were stopped: 0.0750620 seconds, Stopping threads took: 0.0700820 seconds
102.668: Application time: 0.0011240 seconds
102.710: [GC102.710: [ParNew: 7146K->797K(8128K), 0.0019110 secs] 8750K->7871K(26052K), 0.0019490 secs] [Times: user=0.01 sys=0.01, real=0.00 secs] 
102.712: Total time for which application threads were stopped: 0.0434470 seconds, Stopping threads took: 0.0414360 seconds
102.793: Application time: 0.0815510 seconds
102.861: [GC102.861: [ParNew: 7923K->434K(8128K), 0.0004820 secs] 14997K->7548K(26052K), 0.0005120 secs] [Times: user=0.00 sys=0.00, real=0.00 secs] 
102.861: Total time for which application threads were stopped: 0.0677540 seconds, Stopping threads took: 0.0671760 seconds
102.862: Application time: 0.0010500 seconds
102.903: [GC102.903: [ParNew: 7659K->895K(8128K), 0.0019920 secs] 14773K->13631K(26052K), 0.0020260 secs] [Times: user=0.02 sys=0.00, real=0.00 secs] 
102.905: Total time for which application threads were stopped: 0.0426670 seconds, Stopping threads took: 0.0405630 seconds
102.986: Application time: 0.0812040 seconds
103.051: [GC103.051: [ParNew: 7826K->7826K(8128K), 0.0000100 secs]103.051: [Tenured: 12736K->2082K(17924K), 0.0045370 secs] 20562K->2082K(26052K), [Perm : 5115K->5115K(21248K)], 0.0045910 secs] [Times: user=0.00 sys=0.00, real=0.00 secs] 
103.056: Total time for which application threads were stopped: 0.0694780 seconds, Stopping threads took: 0.0648150 seconds
103.057: Application time: 0.0010990 seconds
103.112: [GC103.112: [ParNew: 7146K->895K(8128K), 0.0016860 secs] 9228K->7470K(26052K), 0.0017230 secs] [Times: user=0.01 sys=0.00, real=0.00 secs] 
103.114: Total time for which application threads were stopped: 0.0571070 seconds, Stopping threads took: 0.0553270 seconds
103.192: Application time: 0.0779370 seconds
103.237: [GC103.237: [ParNew: 7826K->895K(8128K), 0.0006280 secs] 14401K->8120K(26052K), 0.0006610 secs] [Times: user=0.00 sys=0.00, real=0.01 secs] 
103.238: Total time for which application threads were stopped: 0.0459130 seconds, Stopping threads took: 0.0451680 seconds
103.317: Application time: 0.0791230 seconds
103.320: [GC103.320: [ParNew: 8041K->12K(8128K), 0.0003700 secs] 15266K->7277K(26052K), 0.0004010 secs] [Times: user=0.00 sys=0.00, real=0.00 secs] 
103.320: Total time for which application threads were stopped: 0.0032110 seconds, Stopping threads took: 0.0027380 seconds
103.321: Application time: 0.0007970 seconds
103.321: [GC103.321: [ParNew: 7158K->895K(8128K), 0.0022610 secs] 14423K->14410K(26052K), 0.0022920 secs] [Times: user=0.01 sys=0.00, real=0.00 secs] 
103.323: Total time for which application threads were stopped: 0.0024450 seconds, Stopping threads took: 0.0000770 seconds
103.416: Application time: 0.0922450 seconds
103.490: [GC103.490: [ParNew: 7845K->7845K(8128K), 0.0000100 secs]103.490: [Tenured: 13515K->2466K(17924K), 0.0051520 secs] 21361K->2466K(26052K), [Perm : 5115K->5115K(21248K)], 0.0052090 secs] [Times: user=0.01 sys=0.00, real=0.00 secs] 
103.495: Total time for which application threads were stopped: 0.0795340 seconds, Stopping threads took: 0.0742630 seconds
103.496: Application time: 0.0012290 seconds
103.560: [GC103.560: [ParNew: 7146K->893K(8128K), 0.0019670 secs] 9612K->7559K(26052K), 0.0020040 secs] [Times: user=0.02 sys=0.00, real=0.00 secs] 
103.562: Total time for which application threads were stopped: 0.0654590 seconds, Stopping threads took: 0.0633850 seconds
103.641: Application time: 0.0790560 seconds
103.683: [GC103.683: [ParNew: 7746K->793K(8128K), 0.0007270 secs] 14412K->7874K(26052K), 0.0007590 secs] [Times: user=0.00 sys=0.00, real=0.00 secs] 
103.683: Total time for which application threads were stopped: 0.0425470 seconds, Stopping threads took: 0.0417040 seconds
103.685: Application time: 0.0012060 seconds
103.737: [GC103.737: [ParNew: 7939K->793K(8128K), 0.0016540 secs] 15020K->12203K(26052K), 0.0016930 secs] [Times: user=0.01 sys=0.00, real=0.01 secs] 
103.739: Total time for which application threads were stopped: 0.0541610 seconds, Stopping threads took: 0.0523880 seconds
103.818: Application time: 0.0791270 seconds
103.859: [GC103.859: [ParNew: 8017K->8017K(8128K), 0.0000110 secs]103.859: [Tenured: 11409K->1713K(17924K), 0.0050990 secs] 19427K->1713K(26052K), [Perm : 5115K->5115K(21248K)], 0.0051560 secs] [Times: user=0.01 sys=0.00, real=0.00 secs] 
103.865: Total time for which application threads were stopped: 0.0467700 seconds, Stopping threads took: 0.0415250 seconds
103.866: Application time: 0.0010660 seconds
103.918: [GC103.918: [ParNew: 7048K->895K(8128K), 0.0020580 secs] 8762K->8078K(26052K), 0.0020960 secs] [Times: user=0.01 sys=0.00, real=0.00 secs] 
103.920: Total time for which application threads were stopped: 0.0547660 seconds, Stopping threads took: 0.0525900 seconds
104.000: Application time: 0.0794110 seconds
104.065: [GC104.065: [ParNew: 7845K->402K(8128K), 0.0004940 secs] 15028K->7633K(26052K), 0.0005270 secs] [Times: user=0.00 sys=0.00, real=0.00 secs] 
104.065: Total time for which application threads were stopped: 0.0653320 seconds, Stopping threads took: 0.0647400 seconds
104.066: Application time: 0.0009680 seconds
104.108: [GC104.108: [ParNew: 7548K->895K(8128K), 0.0021350 secs] 14779K->13692K(26052K), 0.0021730 secs] [Times: user=0.02 sys=0.00, real=0.00 secs] 
104.110: Total time for which application threads were stopped: 0.0442650 seconds, Stopping threads took: 0.0420170 seconds
104.192: Application time: 0.0819720 seconds
104.261: [GC104.261: [ParNew: 7748K->7748K(8128K), 0.0000100 secs]104.261: [Tenured: 12797K->1715K(17924K), 0.0051140 secs] 20545K->1715K(26052K), [Perm : 5115K->5115K(21248K)], 0.0051690 secs] [Times: user=0.00 sys=0.00, real=0.01 secs] 
104.266: Total time for which application threads were stopped: 0.0737190 seconds, Stopping threads took: 0.0684680 seconds
104.267: Application time: 0.0010890 seconds
104.308: [GC104.308: [ParNew: 7205K->895K(8128K), 0.0020530 secs] 8920K->8135K(26052K), 0.0020920 secs] [Times: user=0.01 sys=0.00, real=0.00 secs] 
104.310: Total time for which application threads were stopped: 0.0426000 seconds, Stopping threads took: 0.0404290 seconds
104.390: Application time: 0.0797290 seconds
104.459: [GC104.459: [ParNew: 7845K->402K(8128K), 0.0005790 secs] 15085K->7699K(26052K), 0.0006060 secs] [Times: user=0.00 sys=0.00, real=0.00 secs] 
104.460: Total time for which application threads were stopped: 0.0704250 seconds, Stopping threads took: 0.0697300 seconds
104.461: Application time: 0.0010070 seconds
104.502: [GC104.502: [ParNew: 7627K->895K(8128K), 0.0016740 secs] 14923K->12712K(26052K), 0.0017110 secs] [Times: user=0.02 sys=0.00, real=0.00 secs] 
104.504: Total time for which application threads were stopped: 0.0426500 seconds, Stopping threads took: 0.0408570 seconds
104.583: Application time: 0.0789320 seconds
104.624: [GC104.624: [ParNew: 7826K->7826K(8128K), 0.0000100 secs]104.624: [Tenured: 11816K->1828K(17924K), 0.0051630 secs] 19643K->1828K(26052K), [Perm : 5115K->5115K(21248K)], 0.0052190 secs] [Times: user=0.00 sys=0.00, real=0.01 secs] 
104.630: Total time for which application threads were stopped: 0.0469040 seconds, Stopping threads took: 0.0416020 seconds
104.631: Application time: 0.0013140 seconds
104.671: [GC104.671: [ParNew: 7146K->895K(8128K), 0.0021420 secs] 8975K->8290K(26052K), 0.0021750 secs] [Times: user=0.01 sys=0.00, real=0.00 secs] 
104.673: Total time for which application threads were stopped: 0.0424400 seconds, Stopping threads took: 0.0401880 seconds
104.754: Application time: 0.0809510 seconds
104.823: [GC104.823: [ParNew: 7943K->600K(8128K), 0.0006510 secs] 15339K->8027K(26052K), 0.0006820 secs] [Times: user=0.00 sys=0.00, real=0.00 secs] 
104.824: Total time for which application threads were stopped: 0.0695800 seconds, Stopping threads took: 0.0688160 seconds
104.825: Application time: 0.0008990 seconds
104.866: [GC104.866: [ParNew: 7824K->895K(8128K), 0.0018950 secs] 15252K->13062K(26052K), 0.0019320 secs] [Times: user=0.01 sys=0.01, real=0.01 secs] 
104.867: Total time for which application threads were stopped: 0.0427580 seconds, Stopping threads took: 0.0407680 seconds
104.959: Application time: 0.0919660 seconds
105.023: [GC105.023: [ParNew: 8021K->8021K(8128K), 0.0000120 secs]105.023: [Tenured: 12167K->2076K(17924K), 0.0051230 secs] 20189K->2076K(26052K), [Perm : 5115K->5115K(21248K)], 0.0051880 secs] [Times: user=0.00 sys=0.00, real=0.01 secs] 
105.028: Total time for which application threads were stopped: 0.0688660 seconds, Stopping threads took: 0.0635840 seconds
105.029: Application time: 0.0011450 seconds
105.081: [GC105.081: [ParNew: 7146K->895K(8128K), 0.0019770 secs] 9222K->7854K(26052K), 0.0020160 secs] [Times: user=0.01 sys=0.00, real=0.00 secs] 
105.083: Total time for which application threads were stopped: 0.0536530 seconds, Stopping threads took: 0.0515780 seconds
105.165: Application time: 0.0817670 seconds
105.234: [GC105.234: [ParNew: 8041K->893K(8128K), 0.0007290 secs] 15000K->8088K(26052K), 0.0007580 secs] [Times: user=0.00 sys=0.00, real=0.00 secs] 
105.235: Total time for which application threads were stopped: 0.0696460 seconds, Stopping threads took: 0.0688110 seconds
105.236: Application time: 0.0010790 seconds
105.277: [GC105.277: [ParNew: 8117K->895K(8128K), 0.0019820 secs] 15312K->13318K(26052K), 0.0020240 secs] [Times: user=0.01 sys=0.00, real=0.01 secs] 
105.279: Total time for which application threads were stopped: 0.0434000 seconds, Stopping threads took: 0.0413180 seconds
105.359: Application time: 0.0802300 seconds
105.417: [GC105.417: [ParNew: 8021K->8021K(8128K), 0.0000100 secs]105.417: [Tenured: 12423K->2330K(17924K), 0.0050720 secs] 20444K->2330K(26052K), [Perm : 5115K->5115K(21248K)], 0.0051280 secs] [Times: user=0.01 sys=0.00, real=0.01 secs] 
105.422: Total time for which application threads were stopped: 0.0629070 seconds, Stopping threads took: 0.0577190 seconds
105.423: Application time: 0.0010680 seconds
105.464: [GC105.464: [ParNew: 7146K->895K(8128K), 0.0019310 secs] 9476K->8597K(26052K), 0.0019710 secs] [Times: user=0.00 sys=0.02, real=0.01 secs] 
105.466: Total time for which application threads were stopped: 0.0425970 seconds, Stopping threads took: 0.0405450 seconds
105.549: Application time: 0.0831210 seconds
105.616: [GC105.616: [ParNew: 7943K->404K(8128K), 0.0004630 secs] 15645K->8122K(26052K), 0.0004920 secs] [Times: user=0.01 sys=0.00, real=0.00 secs] 
105.617: Total time for which application threads were stopped: 0.0677510 seconds, Stopping threads took: 0.0671870 seconds
105.617: Application time: 0.0007960 seconds
105.618: [GC105.618: [ParNew: 7548K->895K(8128K), 0.0025240 secs] 15266K->15254K(26052K), 0.0025590 secs] [Times: user=0.02 sys=0.00, real=0.00 secs] 
105.621: Total time for which application threads were stopped: 0.0032080 seconds, Stopping threads took: 0.0005720 seconds
105.712: Application time: 0.0908810 seconds
105.782: [GC105.782: [ParNew: 7747K->7747K(8128K), 0.0000100 secs]105.782: [Tenured: 14359K->3601K(17924K), 0.0058490 secs] 22107K->3601K(26052K), [Perm : 5115K->5115K(21248K)], 0.0059050 secs] [Times: user=0.00 sys=0.00, real=0.01 secs] 
105.788: Total time for which application threads were stopped: 0.0764130 seconds, Stopping threads took: 0.0704260 seconds
105.873: Application time: 0.0845540 seconds
105.882: [GC105.882: [ParNew: 7146K->14K(8128K), 0.0005170 secs] 10748K->3615K(26052K), 0.0005470 secs] [Times: user=0.00 sys=0.00, real=0.00 secs] 
105.883: Total time for which application threads were stopped: 0.0103170 seconds, Stopping threads took: 0.0096950 seconds
105.884: Application time: 0.0007310 seconds
105.884: [GC105.884: [ParNew: 7160K->895K(8128K), 0.0022710 secs] 10762K->10747K(26052K), 0.0023050 secs] [Times: user=0.02 sys=0.00, real=0.01 secs] 
105.886: Total time for which application threads were stopped: 0.0026920 seconds, Stopping threads took: 0.0003020 seconds
105.968: Application time: 0.0815090 seconds
106.041: [GC106.041: [ParNew: 7943K->207K(8128K), 0.0004970 secs] 17795K->10083K(26052K), 0.0005280 secs] [Times: user=0.01 sys=0.00, real=0.00 secs] 
106.042: Total time for which application threads were stopped: 0.0737020 seconds, Stopping threads took: 0.0731000 seconds
106.042: Application time: 0.0008770 seconds
106.094: [GC106.094: [ParNew: 7353K->795K(8128K), 0.0020500 secs] 17229K->16140K(26052K), 0.0020840 secs] [Times: user=0.01 sys=0.00, real=0.00 secs] 
106.096: Total time for which application threads were stopped: 0.0540500 seconds, Stopping threads took: 0.0518880 seconds
106.182: Application time: 0.0852900 seconds
106.257: [GC106.257: [ParNew: 8000K->8000K(8128K), 0.0000100 secs]106.257: [Tenured: 15345K->1800K(17924K), 0.0051350 secs] 23345K->1800K(26052K), [Perm : 5115K->5115K(21248K)], 0.0051900 secs] [Times: user=0.01 sys=0.00, real=0.01 secs] 
106.262: Total time for which application threads were stopped: 0.0803900 seconds, Stopping threads took: 0.0751130 seconds
106.263: Application time: 0.0010790 seconds
106.304: [GC106.304: [ParNew: 7126K->895K(8128K), 0.0019070 secs] 8927K->8192K(26052K), 0.0019470 secs] [Times: user=0.02 sys=0.00, real=0.00 secs] 
106.306: Total time for which application threads were stopped: 0.0424790 seconds, Stopping threads took: 0.0404390 seconds
106.385: Application time: 0.0797110 seconds
106.453: [GC106.453: [ParNew: 7845K->400K(8128K), 0.0005090 secs] 15143K->7754K(26052K), 0.0005400 secs] [Times: user=0.01 sys=0.00, real=0.00 secs] 
106.453: Total time for which application threads were stopped: 0.0678380 seconds, Stopping threads took: 0.0672210 seconds
106.454: Application time: 0.0009160 seconds
106.495: [GC106.495: [ParNew: 7546K->895K(8128K), 0.0019450 secs] 14900K->13815K(26052K), 0.0019800 secs] [Times: user=0.01 sys=0.00, real=0.00 secs] 
106.497: Total time for which application threads were stopped: 0.0428350 seconds, Stopping threads took: 0.0407780 seconds
106.578: Application time: 0.0805870 seconds
106.645: [GC106.645: [ParNew: 8021K->8021K(8128K), 0.0000100 secs]106.645: [Tenured: 12920K->1881K(17924K), 0.0052220 secs] 20942K->1881K(26052K), [Perm : 5115K->5115K(21248K)], 0.0052760 secs] [Times: user=0.00 sys=0.00, real=0.01 secs] 
106.650: Total time for which application threads were stopped: 0.0725360 seconds, Stopping threads took: 0.0671770 seconds
106.651: Application time: 0.0011460 seconds
106.696: [GC106.696: [ParNew: 7224K->825K(8128K), 0.0014770 secs] 9105K->6418K(26052K), 0.0015110 secs] [Times: user=0.01 sys=0.01, real=0.00 secs] 
106.698: Total time for which application threads were stopped: 0.0463360 seconds, Stopping threads took: 0.0447460 seconds
106.776: Application time: 0.0788420 seconds
106.817: [GC106.817: [ParNew: 8049K->823K(8128K), 0.0007630 secs] 13642K->7660K(26052K), 0.0007930 secs] [Times: user=0.00 sys=0.00, real=0.01 secs] 
106.818: Total time for which application threads were stopped: 0.0416440 seconds, Stopping threads took: 0.0407880 seconds
106.904: Application time: 0.0857140 seconds
106.916: [GC106.916: [ParNew: 7950K->432K(8128K), 0.0003070 secs] 14786K->7333K(26052K), 0.0003370 secs] [Times: user=0.00 sys=0.00, real=0.00 secs] 
106.916: Total time for which application threads were stopped: 0.0123630 seconds, Stopping threads took: 0.0119720 seconds
106.917: Application time: 0.0007810 seconds
106.958: [GC106.958: [ParNew: 7481K->895K(8128K), 0.0019520 secs] 14382K->13293K(26052K), 0.0019850 secs] [Times: user=0.02 sys=0.00, real=0.00 secs] 
106.960: Total time for which application threads were stopped: 0.0427530 seconds, Stopping threads took: 0.0407140 seconds
107.041: Application time: 0.0814790 seconds
107.105: [GC107.105: [ParNew: 7845K->7845K(8128K), 0.0000100 secs]107.105: [Tenured: 12397K->1773K(17924K), 0.0046200 secs] 20243K->1773K(26052K), [Perm : 5116K->5116K(21248K)], 0.0046730 secs] [Times: user=0.01 sys=0.00, real=0.01 secs] 
107.110: Total time for which application threads were stopped: 0.0684420 seconds, Stopping threads took: 0.0636790 seconds
107.111: Application time: 0.0011070 seconds
107.154: [GC107.154: [ParNew: 7146K->893K(8128K), 0.0023200 secs] 8919K->8232K(26052K), 0.0023690 secs] [Times: user=0.02 sys=0.00, real=0.00 secs] 
107.157: Total time for which application threads were stopped: 0.0459930 seconds, Stopping threads took: 0.0435480 seconds
107.237: Application time: 0.0800570 seconds
107.307: [GC107.307: [ParNew: 7745K->402K(8128K), 0.0005160 secs] 15085K->7766K(26052K), 0.0005470 secs] [Times: user=0.00 sys=0.00, real=0.00 secs] 
107.307: Total time for which application threads were stopped: 0.0703110 seconds, Stopping threads took: 0.0696880 seconds
107.308: Application time: 0.0008930 seconds
107.349: [GC107.349: [ParNew: 7548K->895K(8128K), 0.0022070 secs] 14912K->13825K(26052K), 0.0022420 secs] [Times: user=0.02 sys=0.00, real=0.00 secs] 
107.352: Total time for which application threads were stopped: 0.0435650 seconds, Stopping threads took: 0.0412390 seconds
107.440: Application time: 0.0888790 seconds
107.511: [GC107.511: [ParNew: 7826K->7826K(8128K), 0.0000100 secs]107.511: [Tenured: 12930K->2194K(17924K), 0.0043970 secs] 20756K->2194K(26052K), [Perm : 5116K->5116K(21248K)], 0.0044530 secs] [Times: user=0.00 sys=0.00, real=0.00 secs] 
107.516: Total time for which application threads were stopped: 0.0754470 seconds, Stopping threads took: 0.0709320 seconds
107.517: Application time: 0.0010940 seconds
107.558: [GC107.558: [ParNew: 7146K->895K(8128K), 0.0019070 secs] 9340K->7581K(26052K), 0.0019440 secs] [Times: user=0.01 sys=0.00, real=0.01 secs] 
107.560: Total time for which application threads were stopped: 0.0425950 seconds, Stopping threads took: 0.0405910 seconds
107.638: Application time: 0.0787110 seconds
107.680: [GC107.680: [ParNew: 8041K->893K(8128K), 0.0011100 secs] 14727K->9572K(26052K), 0.0011460 secs] [Times: user=0.01 sys=0.00, real=0.00 secs] 
107.682: Total time for which application threads were stopped: 0.0432230 seconds, Stopping threads took: 0.0419980 seconds
107.760: Application time: 0.0789500 seconds
107.763: [GC107.763: [ParNew: 7843K->795K(8128K), 0.0004500 secs] 16523K->9889K(26052K), 0.0004780 secs] [Times: user=0.00 sys=0.00, real=0.00 secs] 
107.763: Total time for which application threads were stopped: 0.0025820 seconds, Stopping threads took: 0.0020310 seconds
107.764: Application time: 0.0011610 seconds
107.837: [GC107.837: [ParNew: 7941K->797K(8128K), 0.0015700 secs] 17036K->14205K(26052K), 0.0016010 secs] [Times: user=0.01 sys=0.00, real=0.01 secs] 
107.839: Total time for which application threads were stopped: 0.0744840 seconds, Stopping threads took: 0.0728280 seconds
107.928: Application time: 0.0891440 seconds
107.997: [GC107.997: [ParNew: 8021K->8021K(8128K), 0.0000100 secs]107.997: [Tenured: 13407K->2223K(17924K), 0.0051390 secs] 21429K->2223K(26052K), [Perm : 5116K->5116K(21248K)], 0.0051940 secs] [Times: user=0.01 sys=0.00, real=0.01 secs] 
108.002: Total time for which application threads were stopped: 0.0740740 seconds, Stopping threads took: 0.0688110 seconds
108.003: Application time: 0.0010860 seconds
108.058: [GC108.058: [ParNew: 7126K->895K(8128K), 0.0014720 secs] 9350K->6467K(26052K), 0.0015070 secs] [Times: user=0.01 sys=0.00, real=0.00 secs] 
108.059: Total time for which application threads were stopped: 0.0563720 seconds, Stopping threads took: 0.0548070 seconds
108.138: Application time: 0.0787570 seconds
108.180: [GC108.180: [ParNew: 8021K->825K(8128K), 0.0006110 secs] 13593K->7227K(26052K), 0.0006420 secs] [Times: user=0.00 sys=0.00, real=0.00 secs] 
108.181: Total time for which application threads were stopped: 0.0424490 seconds, Stopping threads took: 0.0417470 seconds
108.267: Application time: 0.0859920 seconds
108.277: [GC108.277: [ParNew: 7952K->42K(8128K), 0.0003680 secs] 14353K->6515K(26052K), 0.0003970 secs] [Times: user=0.00 sys=0.00, real=0.00 secs] 
108.277: Total time for which application threads were stopped: 0.0103070 seconds, Stopping threads took: 0.0098560 seconds
108.278: Application time: 0.0008040 seconds
108.278: [GC108.278: [ParNew: 7188K->895K(8128K), 0.0021940 secs] 13661K->13647K(26052K), 0.0022360 secs] [Times: user=0.02 sys=0.00, real=0.00 secs] 
108.280: Total time for which application threads were stopped: 0.0024730 seconds, Stopping threads took: 0.0001810 seconds
108.363: Application time: 0.0825110 seconds
108.433: [GC108.433: [ParNew: 7943K->7943K(8128K), 0.0000110 secs]108.433: [Tenured: 12752K->1491K(17924K), 0.0051980 secs] 20695K->1491K(26052K), [Perm : 5116K->5116K(21248K)], 0.0052510 secs] [Times: user=0.01 sys=0.00, real=0.01 secs] 
108.438: Total time for which application threads were stopped: 0.0753110 seconds, Stopping threads took: 0.0699990 seconds
108.439: Application time: 0.0012920 seconds
108.479: [GC108.479: [ParNew: 7146K->893K(8128K), 0.0018590 secs] 8637K->7756K(26052K), 0.0018940 secs] [Times: user=0.01 sys=0.00, real=0.00 secs] 
108.481: Total time for which application threads were stopped: 0.0420190 seconds, Stopping threads took: 0.0400680 seconds
108.562: Application time: 0.0804050 seconds
108.629: [GC108.629: [ParNew: 8019K->432K(8128K), 0.0004830 secs] 14882K->7303K(26052K), 0.0005160 secs] [Times: user=0.00 sys=0.00, real=0.00 secs] 
108.629: Total time for which application threads were stopped: 0.0676780 seconds, Stopping threads took: 0.0670990 seconds
108.630: Application time: 0.0009100 seconds
108.671: [GC108.671: [ParNew: 7578K->895K(8128K), 0.0018340 secs] 14449K->13360K(26052K), 0.0018680 secs] [Times: user=0.01 sys=0.00, real=0.00 secs] 
108.673: Total time for which application threads were stopped: 0.0424760 seconds, Stopping threads took: 0.0405330 seconds
108.753: Application time: 0.0805280 seconds
108.822: [GC108.822: [ParNew: 7826K->7826K(8128K), 0.0000100 secs]108.822: [Tenured: 12465K->1941K(17924K), 0.0051210 secs] 20292K->1941K(26052K), [Perm : 5116K->5116K(21248K)], 0.0051770 secs] [Times: user=0.01 sys=0.00, real=0.01 secs] 
108.828: Total time for which application threads were stopped: 0.0741730 seconds, Stopping threads took: 0.0689130 seconds
108.829: Application time: 0.0011110 seconds
108.872: [GC108.872: [ParNew: 7146K->895K(8128K), 0.0021580 secs] 9087K->8402K(26052K), 0.0021960 secs] [Times: user=0.01 sys=0.00, real=0.00 secs] 
108.874: Total time for which application threads were stopped: 0.0454920 seconds, Stopping threads took: 0.0432290 seconds
108.955: Application time: 0.0805620 seconds
109.023: [GC109.023: [ParNew: 7748K->400K(8128K), 0.0005860 secs] 15255K->7924K(26052K), 0.0006180 secs] [Times: user=0.01 sys=0.00, real=0.00 secs] 
109.024: Total time for which application threads were stopped: 0.0691430 seconds, Stopping threads took: 0.0684480 seconds
109.025: Application time: 0.0008050 seconds
109.065: [GC109.065: [ParNew: 7546K->895K(8128K), 0.0019830 secs] 15070K->13985K(26052K), 0.0020170 secs] [Times: user=0.02 sys=0.00, real=0.01 secs] 
109.067: Total time for which application threads were stopped: 0.0421290 seconds, Stopping threads took: 0.0400360 seconds
109.149: Application time: 0.0821550 seconds
109.218: [GC109.218: [ParNew: 7826K->7826K(8128K), 0.0000100 secs]109.218: [Tenured: 13090K->2362K(17924K), 0.0050370 secs] 20916K->2362K(26052K), [Perm : 5116K->5116K(21248K)], 0.0050920 secs] [Times: user=0.01 sys=0.00, real=0.00 secs] 
109.223: Total time for which application threads were stopped: 0.0739950 seconds, Stopping threads took: 0.0688120 seconds
109.224: Application time: 0.0010760 seconds
109.264: [GC109.264: [ParNew: 7146K->895K(8128K), 0.0020130 secs] 9508K->8823K(26052K), 0.0020500 secs] [Times: user=0.02 sys=0.00, real=0.01 secs] 
109.266: Total time for which application threads were stopped: 0.0423890 seconds, Stopping threads took: 0.0402680 seconds
109.347: Application time: 0.0804360 seconds
109.413: [GC109.413: [ParNew: 7826K->430K(8128K), 0.0005210 secs] 15755K->8391K(26052K), 0.0005530 secs] [Times: user=0.00 sys=0.00, real=0.00 secs] 
109.414: Total time for which application threads were stopped: 0.0666900 seconds, Stopping threads took: 0.0660620 seconds
109.418: Application time: 0.0042230 seconds
109.492: [GC109.492: [ParNew: 7577K->44K(8128K), 0.0002070 secs] 15537K->8005K(26052K), 0.0002470 secs] [Times: user=0.00 sys=0.00, real=0.00 secs] 
109.492: Total time for which application threads were stopped: 0.0745660 seconds, Stopping threads took: 0.0742570 seconds
109.493: Application time: 0.0007030 seconds
109.493: [GC109.493: [ParNew: 7190K->895K(8128K), 0.0019920 secs] 15151K->15134K(26052K), 0.0020270 secs] [Times: user=0.01 sys=0.00, real=0.00 secs] 
109.495: Total time for which application threads were stopped: 0.0023960 seconds, Stopping threads took: 0.0002930 seconds
109.589: Application time: 0.0932840 seconds
109.659: [GC109.659: [ParNew: 7845K->7845K(8128K), 0.0000100 secs]109.659: [Tenured: 14239K->3173K(17924K), 0.0052800 secs] 22084K->3173K(26052K), [Perm : 5116K->5116K(21248K)], 0.0053310 secs] [Times: user=0.01 sys=0.00, real=0.00 secs] 
109.664: Total time for which application threads were stopped: 0.0751930 seconds, Stopping threads took: 0.0697810 seconds
109.665: Application time: 0.0012500 seconds
109.736: [GC109.736: [ParNew: 7146K->893K(8128K), 0.0017650 secs] 10319K->8265K(26052K), 0.0018030 secs] [Times: user=0.01 sys=0.00, real=0.00 secs] 
109.738: Total time for which application threads were stopped: 0.0724690 seconds, Stopping threads took: 0.0705860 seconds
109.817: Application time: 0.0791300 seconds
109.858: [GC109.858: [ParNew: 7824K->823K(8128K), 0.0005480 secs] 15196K->8610K(26052K), 0.0005780 secs] [Times: user=0.01 sys=0.00, real=0.00 secs] 
109.859: Total time for which application threads were stopped: 0.0419130 seconds, Stopping threads took: 0.0412780 seconds
109.860: Application time: 0.0011700 seconds
109.936: [GC109.936: [ParNew: 8028K->853K(8128K), 0.0013680 secs] 15815K->11838K(26052K), 0.0013990 secs] [Times: user=0.00 sys=0.00, real=0.00 secs] 
109.937: Total time for which application threads were stopped: 0.0771310 seconds, Stopping threads took: 0.0756760 seconds
110.015: Application time: 0.0782260 seconds
110.056: [GC110.056: [ParNew: 7882K->825K(8128K), 0.0007170 secs] 18867K->12288K(26052K), 0.0016610 secs] [Times: user=0.00 sys=0.00, real=0.01 secs] 
110.058: Total time for which application threads were stopped: 0.0429250 seconds, Stopping threads took: 0.0412050 seconds
110.059: Application time: 0.0011250 seconds
110.131: [GC110.131: [ParNew: 7971K->7971K(8128K), 0.0000080 secs]110.131: [Tenured: 11463K->6374K(17924K), 0.0054990 secs] 19434K->6374K(26052K), [Perm : 5116K->5116K(21248K)], 0.0055530 secs] [Times: user=0.01 sys=0.00, real=0.00 secs] 
110.136: Total time for which application threads were stopped: 0.0770210 seconds, Stopping threads took: 0.0714060 seconds
110.216: Application time: 0.0799110 seconds
110.260: [GC110.260: [ParNew: 7224K->432K(8128K), 0.0003070 secs] 13599K->6807K(26052K), 0.0003330 secs] [Times: user=0.00 sys=0.00, real=0.00 secs] 
110.261: Total time for which application threads were stopped: 0.0445590 seconds, Stopping threads took: 0.0441640 seconds
110.262: Application time: 0.0010050 seconds
110.302: [GC110.302: [ParNew: 7481K->895K(8128K), 0.0021800 secs] 13856K->12767K(26052K), 0.0022160 secs] [Times: user=0.01 sys=0.00, real=0.00 secs] 
110.305: Total time for which application threads were stopped: 0.0428900 seconds, Stopping threads took: 0.0406070 seconds
110.385: Application time: 0.0808050 seconds
110.452: [GC110.453: [ParNew: 7845K->7845K(8128K), 0.0000100 secs]110.453: [Tenured: 11872K->1715K(17924K), 0.0045830 secs] 19717K->1715K(26052K), [Perm : 5116K->5116K(21248K)], 0.0046370 secs] [Times: user=0.00 sys=0.00, real=0.00 secs] 
110.457: Total time for which application threads were stopped: 0.0716830 seconds, Stopping threads took: 0.0669660 seconds
110.458: Application time: 0.0013250 seconds
110.504: [GC110.504: [ParNew: 7146K->895K(8128K), 0.0019420 secs] 8862K->8177K(26052K), 0.0019800 secs] [Times: user=0.00 sys=0.01, real=0.01 secs] 
110.506: Total time for which application threads were stopped: 0.0472920 seconds, Stopping threads took: 0.0452310 seconds
110.586: Application time: 0.0807250 seconds
110.655: [GC110.655: [ParNew: 7826K->434K(8128K), 0.0003330 secs] 15108K->7741K(26052K), 0.0003680 secs] [Times: user=0.00 sys=0.00, real=0.00 secs] 
110.656: Total time for which application threads were stopped: 0.0691320 seconds, Stopping threads took: 0.0686970 seconds
110.656: Application time: 0.0008150 seconds
110.657: [GC110.657: [ParNew: 7483K->895K(8128K), 0.0022260 secs] 14789K->14773K(26052K), 0.0022610 secs] [Times: user=0.02 sys=0.00, real=0.01 secs] 
110.659: Total time for which application threads were stopped: 0.0024990 seconds, Stopping threads took: 0.0001800 seconds
110.739: Application time: 0.0805210 seconds
110.807: [GC110.807: [ParNew: 7943K->7943K(8128K), 0.0000090 secs]110.807: [Tenured: 13878K->3308K(17924K), 0.0046090 secs] 21821K->3308K(26052K), [Perm : 5116K->5116K(21248K)], 0.0046640 secs] [Times: user=0.00 sys=0.00, real=0.00 secs] 
110.812: Total time for which application threads were stopped: 0.0722830 seconds, Stopping threads took: 0.0675480 seconds
110.899: Application time: 0.0876960 seconds
110.904: [GC110.904: [ParNew: 7048K->12K(8128K), 0.0003890 secs] 10357K->3320K(26052K), 0.0004170 secs] [Times: user=0.00 sys=0.00, real=0.00 secs] 
110.904: Total time for which application threads were stopped: 0.0046310 seconds, Stopping threads took: 0.0041620 seconds
110.905: Application time: 0.0007850 seconds
110.905: [GC110.905: [ParNew: 7158K->895K(8128K), 0.0023210 secs] 10467K->10454K(26052K), 0.0023570 secs] [Times: user=0.02 sys=0.00, real=0.01 secs] 
110.908: Total time for which application threads were stopped: 0.0027030 seconds, Stopping threads took: 0.0002690 seconds
110.989: Application time: 0.0816250 seconds
111.046: [GC111.046: [ParNew: 7943K->891K(8128K), 0.0005220 secs] 17502K->10856K(26052K), 0.0005530 secs] [Times: user=0.00 sys=0.00, real=0.00 secs] 
111.047: Total time for which application threads were stopped: 0.0578240 seconds, Stopping threads took: 0.0572000 seconds
111.048: Application time: 0.0010930 seconds
111.101: [GC111.101: [ParNew: 8037K->893K(8128K), 0.0018250 secs] 18002K->15196K(26052K), 0.0018620 secs] [Times: user=0.01 sys=0.00, real=0.00 secs] 
111.102: Total time for which application threads were stopped: 0.0542760 seconds, Stopping threads took: 0.0523470 seconds
111.194: Application time: 0.0918370 seconds
111.247: [GC111.247: [ParNew: 8019K->8019K(8128K), 0.0000100 secs]111.247: [Tenured: 14302K->2165K(17924K), 0.0048550 secs] 22322K->2165K(26052K), [Perm : 5116K->5116K(21248K)], 0.0049070 secs] [Times: user=0.01 sys=0.00, real=0.00 secs] 
111.252: Total time for which application threads were stopped: 0.0576810 seconds, Stopping threads took: 0.0526940 seconds
111.253: Application time: 0.0011020 seconds
111.294: [GC111.294: [ParNew: 7204K->895K(8128K), 0.0019800 secs] 9369K->8585K(26052K), 0.0020180 secs] [Times: user=0.01 sys=0.00, real=0.00 secs] 
111.296: Total time for which application threads were stopped: 0.0429310 seconds, Stopping threads took: 0.0408420 seconds
111.377: Application time: 0.0814850 seconds
111.444: [GC111.444: [ParNew: 8040K->602K(8128K), 0.0006050 secs] 15731K->8348K(26052K), 0.0006360 secs] [Times: user=0.01 sys=0.00, real=0.00 secs] 
111.445: Total time for which application threads were stopped: 0.0675570 seconds, Stopping threads took: 0.0668540 seconds
111.446: Application time: 0.0010310 seconds
111.498: [GC111.498: [ParNew: 7748K->893K(8128K), 0.0017770 secs] 15494K->13351K(26052K), 0.0018140 secs] [Times: user=0.01 sys=0.00, real=0.00 secs] 
111.500: Total time for which application threads were stopped: 0.0541790 seconds, Stopping threads took: 0.0522850 seconds
111.582: Application time: 0.0821980 seconds
111.625: [GC111.626: [ParNew: 8019K->8019K(8128K), 0.0000100 secs]111.626: [Tenured: 12458K->3152K(17924K), 0.0046760 secs] 20477K->3152K(26052K), [Perm : 5116K->5116K(21248K)], 0.0047350 secs] [Times: user=0.01 sys=0.00, real=0.01 secs] 
111.630: Total time for which application threads were stopped: 0.0478190 seconds, Stopping threads took: 0.0430200 seconds
111.709: Application time: 0.0785860 seconds
111.712: [GC111.712: [ParNew: 7146K->406K(8128K), 0.0006640 secs] 10298K->3559K(26052K), 0.0007050 secs] [Times: user=0.00 sys=0.00, real=0.00 secs] 
111.713: Total time for which application threads were stopped: 0.0036670 seconds, Stopping threads took: 0.0028890 seconds
111.713: Application time: 0.0009140 seconds
111.754: [GC111.754: [ParNew: 7631K->895K(8128K), 0.0020990 secs] 10783K->9642K(26052K), 0.0021340 secs] [Times: user=0.01 sys=0.00, real=0.00 secs] 
111.756: Total time for which application threads were stopped: 0.0422940 seconds, Stopping threads took: 0.0401050 seconds
111.836: Application time: 0.0801920 seconds
111.905: [GC111.905: [ParNew: 7826K->432K(8128K), 0.0003360 secs] 16573K->9220K(26052K), 0.0003680 secs] [Times: user=0.01 sys=0.00, real=0.00 secs] 
111.905: Total time for which application threads were stopped: 0.0691230 seconds, Stopping threads took: 0.0686870 seconds
111.906: Application time: 0.0008520 seconds
111.953: [GC111.953: [ParNew: 7578K->825K(8128K), 0.0021700 secs] 16366K->15277K(26052K), 0.0022110 secs] [Times: user=0.01 sys=0.00, real=0.00 secs] 
111.956: Total time for which application threads were stopped: 0.0496540 seconds, Stopping threads took: 0.0473660 seconds
112.046: Application time: 0.0905090 seconds
112.116: [GC112.117: [ParNew: 7834K->7834K(8128K), 0.0000100 secs]112.117: [Tenured: 14451K->1803K(17924K), 0.0048120 secs] 22286K->1803K(26052K), [Perm : 5116K->5116K(21248K)], 0.0048690 secs] [Times: user=0.00 sys=0.00, real=0.01 secs] 
112.121: Total time for which application threads were stopped: 0.0753120 seconds, Stopping threads took: 0.0703820 seconds
112.122: Application time: 0.0010560 seconds
112.170: [GC112.170: [ParNew: 7146K->895K(8128K), 0.0019890 secs] 8949K->8265K(26052K), 0.0020320 secs] [Times: user=0.01 sys=0.00, real=0.00 secs] 
112.172: Total time for which application threads were stopped: 0.0499850 seconds, Stopping threads took: 0.0478680 seconds
112.255: Application time: 0.0828900 seconds
112.324: [GC112.324: [ParNew: 7943K->600K(8128K), 0.0005980 secs] 15313K->7986K(26052K), 0.0006270 secs] [Times: user=0.01 sys=0.00, real=0.00 secs] 
112.324: Total time for which application threads were stopped: 0.0688900 seconds, Stopping threads took: 0.0681880 seconds
112.325: Application time: 0.0008920 seconds
112.325: [GC112.325: [ParNew: 7746K->895K(8128K), 0.0023670 secs] 15132K->15141K(26052K), 0.0024040 secs] [Times: user=0.02 sys=0.01, real=0.01 secs] 
112.328: Total time for which application threads were stopped: 0.0027670 seconds, Stopping threads took: 0.0003050 seconds
112.420: Application time: 0.0923090 seconds
112.495: [GC112.495: [ParNew: 7943K->7943K(8128K), 0.0000100 secs]112.495: [Tenured: 14246K->2586K(17924K), 0.0050970 secs] 22189K->2586K(26052K), [Perm : 5116K->5116K(21248K)], 0.0051540 secs] [Times: user=0.00 sys=0.00, real=0.01 secs] 
112.500: Total time for which application threads were stopped: 0.0795710 seconds, Stopping threads took: 0.0743250 seconds
112.501: Application time: 0.0011270 seconds
112.542: [GC112.542: [ParNew: 7146K->893K(8128K), 0.0021140 secs] 9732K->9436K(26052K), 0.0021550 secs] [Times: user=0.01 sys=0.01, real=0.00 secs] 
112.544: Total time for which application threads were stopped: 0.0428500 seconds, Stopping threads took: 0.0406140 seconds
112.625: Application time: 0.0812950 seconds
112.696: [GC112.696: [ParNew: 8039K->12K(8128K), 0.0005350 secs] 16582K->8571K(26052K), 0.0005660 secs] [Times: user=0.00 sys=0.00, real=0.00 secs] 
112.696: Total time for which application threads were stopped: 0.0713720 seconds, Stopping threads took: 0.0707320 seconds
112.697: Application time: 0.0008840 seconds
112.698: [GC112.698: [ParNew: 7158K->895K(8128K), 0.0023030 secs] 15718K->15705K(26052K), 0.0023380 secs] [Times: user=0.02 sys=0.00, real=0.01 secs] 
112.700: Total time for which application threads were stopped: 0.0026340 seconds, Stopping threads took: 0.0002410 seconds
112.797: Application time: 0.0969340 seconds
112.868: [GC112.868: [ParNew: 7943K->7943K(8128K), 0.0000100 secs]112.868: [Tenured: 14810K->2000K(17924K), 0.0050140 secs] 22753K->2000K(26052K), [Perm : 5116K->5116K(21248K)], 0.0050790 secs] [Times: user=0.00 sys=0.00, real=0.00 secs] 
112.874: Total time for which application threads were stopped: 0.0766720 seconds, Stopping threads took: 0.0715110 seconds
112.875: Application time: 0.0011290 seconds
112.915: [GC112.915: [ParNew: 7146K->797K(8128K), 0.0020690 secs] 9146K->8267K(26052K), 0.0021070 secs] [Times: user=0.02 sys=0.01, real=0.00 secs] 
112.917: Total time for which application threads were stopped: 0.0426320 seconds, Stopping threads took: 0.0404660 seconds
112.998: Application time: 0.0802180 seconds
113.067: [GC113.067: [ParNew: 7845K->402K(8128K), 0.0007490 secs] 15315K->7904K(26052K), 0.0007810 secs] [Times: user=0.00 sys=0.00, real=0.00 secs] 
113.068: Total time for which application threads were stopped: 0.0699960 seconds, Stopping threads took: 0.0691310 seconds
113.068: Application time: 0.0009230 seconds
113.109: [GC113.109: [ParNew: 7627K->895K(8128K), 0.0019690 secs] 15128K->13991K(26052K), 0.0020060 secs] [Times: user=0.02 sys=0.00, real=0.00 secs] 
113.111: Total time for which application threads were stopped: 0.0428030 seconds, Stopping threads took: 0.0407370 seconds
113.192: Application time: 0.0807950 seconds
113.260: [GC113.260: [ParNew: 7943K->7943K(8128K), 0.0000110 secs]113.260: [Tenured: 13096K->1883K(17924K), 0.0051870 secs] 21039K->1883K(26052K), [Perm : 5116K->5116K(21248K)], 0.0052430 secs] [Times: user=0.00 sys=0.00, real=0.00 secs] 
113.265: Total time for which application threads were stopped: 0.0731520 seconds, Stopping threads took: 0.0678260 seconds
113.266: Application time: 0.0011990 seconds
113.309: [GC113.309: [ParNew: 7224K->895K(8128K), 0.0017620 secs] 9107K->7494K(26052K), 0.0018000 secs] [Times: user=0.02 sys=0.00, real=0.00 secs] 
113.311: Total time for which application threads were stopped: 0.0442590 seconds, Stopping threads took: 0.0423790 seconds
113.390: Application time: 0.0793750 seconds
113.432: [GC113.432: [ParNew: 8099K->849K(8128K), 0.0006040 secs] 14699K->7496K(26052K), 0.0006360 secs] [Times: user=0.00 sys=0.00, real=0.00 secs] 
113.432: Total time for which application threads were stopped: 0.0423930 seconds, Stopping threads took: 0.0416800 seconds
113.434: Application time: 0.0011950 seconds
113.473: [GC113.474: [ParNew: 8074K->893K(8128K), 0.0023110 secs] 14721K->13622K(26052K), 0.0023440 secs] [Times: user=0.01 sys=0.00, real=0.00 secs] 
113.476: Total time for which application threads were stopped: 0.0422310 seconds, Stopping threads took: 0.0398110 seconds
113.558: Application time: 0.0821570 seconds
113.628: [GC113.628: [ParNew: 8038K->8038K(8128K), 0.0000100 secs]113.628: [Tenured: 12728K->1999K(17924K), 0.0056650 secs] 20767K->1999K(26052K), [Perm : 5116K->5116K(21248K)], 0.0057190 secs] [Times: user=0.00 sys=0.00, real=0.00 secs] 
113.634: Total time for which application threads were stopped: 0.0757930 seconds, Stopping threads took: 0.0699850 seconds
113.635: Application time: 0.0011220 seconds
113.635: [GC113.635: [ParNew: 7146K->893K(8128K), 0.0022820 secs] 9145K->9142K(26052K), 0.0023170 secs] [Times: user=0.01 sys=0.01, real=0.01 secs] 
113.638: Total time for which application threads were stopped: 0.0027660 seconds, Stopping threads took: 0.0003600 seconds
113.719: Application time: 0.0814320 seconds
113.788: [GC113.788: [ParNew: 8019K->725K(8128K), 0.0007170 secs] 16268K->9585K(26052K), 0.0007520 secs] [Times: user=0.00 sys=0.00, real=0.00 secs] 
113.788: Total time for which application threads were stopped: 0.0693490 seconds, Stopping threads took: 0.0685180 seconds
113.790: Application time: 0.0014010 seconds
113.867: [GC113.867: [ParNew: 7852K->821K(8128K), 0.0004230 secs] 16712K->9753K(26052K), 0.0004520 secs] [Times: user=0.01 sys=0.00, real=0.00 secs] 
113.867: Total time for which application threads were stopped: 0.0775210 seconds, Stopping threads took: 0.0770040 seconds
113.868: Application time: 0.0010280 seconds
113.908: [GC113.908: [ParNew: 8045K->895K(8128K), 0.0022520 secs] 16977K->15876K(26052K), 0.0022950 secs] [Times: user=0.01 sys=0.00, real=0.00 secs] 
113.911: Total time for which application threads were stopped: 0.0422230 seconds, Stopping threads took: 0.0398510 seconds
113.999: Application time: 0.0878420 seconds
114.067: [GC114.067: [ParNew: 8041K->8041K(8128K), 0.0000100 secs]114.068: [Tenured: 14981K->3160K(17924K), 0.0050980 secs] 23022K->3160K(26052K), [Perm : 5116K->5116K(21248K)], 0.0051540 secs] [Times: user=0.01 sys=0.00, real=0.00 secs] 
114.073: Total time for which application threads were stopped: 0.0741380 seconds, Stopping threads took: 0.0689020 seconds
114.074: Application time: 0.0011340 seconds
114.114: [GC114.114: [ParNew: 7146K->893K(8128K), 0.0019520 secs] 10306K->9230K(26052K), 0.0019900 secs] [Times: user=0.01 sys=0.00, real=0.00 secs] 
114.116: Total time for which application threads were stopped: 0.0426950 seconds, Stopping threads took: 0.0406220 seconds
114.196: Application time: 0.0799180 seconds
114.265: [GC114.265: [ParNew: 7941K->205K(8128K), 0.0005120 secs] 16278K->8574K(26052K), 0.0005410 secs] [Times: user=0.00 sys=0.00, real=0.00 secs] 
114.265: Total time for which application threads were stopped: 0.0687480 seconds, Stopping threads took: 0.0681250 seconds
114.266: Application time: 0.0010590 seconds
114.307: [GC114.307: [ParNew: 7351K->797K(8128K), 0.0020160 secs] 15720K->14635K(26052K), 0.0020510 secs] [Times: user=0.01 sys=0.00, real=0.00 secs] 
114.309: Total time for which application threads were stopped: 0.0427810 seconds, Stopping threads took: 0.0406740 seconds
114.390: Application time: 0.0807840 seconds
114.457: [GC114.457: [ParNew: 7845K->7845K(8128K), 0.0000100 secs]114.457: [Tenured: 13838K->2477K(17924K), 0.0051370 secs] 21683K->2477K(26052K), [Perm : 5116K->5116K(21248K)], 0.0051920 secs] [Times: user=0.00 sys=0.00, real=0.01 secs] 
114.462: Total time for which application threads were stopped: 0.0724820 seconds, Stopping threads took: 0.0672290 seconds
114.464: Application time: 0.0012960 seconds
114.504: [GC114.504: [ParNew: 7146K->797K(8128K), 0.0018590 secs] 9623K->8939K(26052K), 0.0018920 secs] [Times: user=0.01 sys=0.00, real=0.01 secs] 
114.506: Total time for which application threads were stopped: 0.0423530 seconds, Stopping threads took: 0.0404000 seconds
114.586: Application time: 0.0799690 seconds
114.655: [GC114.655: [ParNew: 7650K->402K(8128K), 0.0005990 secs] 15791K->8576K(26052K), 0.0006290 secs] [Times: user=0.00 sys=0.00, real=0.00 secs] 
114.656: Total time for which application threads were stopped: 0.0700770 seconds, Stopping threads took: 0.0693940 seconds
114.657: Application time: 0.0008970 seconds
114.701: [GC114.701: [ParNew: 7548K->895K(8128K), 0.0022070 secs] 15722K->14635K(26052K), 0.0022450 secs] [Times: user=0.02 sys=0.00, real=0.00 secs] 
114.704: Total time for which application threads were stopped: 0.0467330 seconds, Stopping threads took: 0.0444100 seconds
114.785: Application time: 0.0818310 seconds
114.853: [GC114.853: [ParNew: 7748K->7748K(8128K), 0.0000100 secs]114.853: [Tenured: 13740K->1688K(17924K), 0.0051380 secs] 21488K->1688K(26052K), [Perm : 5116K->5116K(21248K)], 0.0051900 secs] [Times: user=0.01 sys=0.00, real=0.01 secs] 
114.858: Total time for which application threads were stopped: 0.0724260 seconds, Stopping threads took: 0.0671590 seconds
114.859: Application time: 0.0012790 seconds
114.902: [GC114.902: [ParNew: 7146K->895K(8128K), 0.0021820 secs] 8834K->8150K(26052K), 0.0022210 secs] [Times: user=0.01 sys=0.00, real=0.00 secs] 
114.904: Total time for which application threads were stopped: 0.0447560 seconds, Stopping threads took: 0.0424770 seconds
114.984: Application time: 0.0801910 seconds
115.052: [GC115.052: [ParNew: 7904K->462K(8128K), 0.0007650 secs] 15159K->7742K(26052K), 0.0007970 secs] [Times: user=0.00 sys=0.00, real=0.00 secs] 
115.053: Total time for which application threads were stopped: 0.0690030 seconds, Stopping threads took: 0.0681410 seconds
115.054: Application time: 0.0009930 seconds
115.095: [GC115.095: [ParNew: 7687K->895K(8128K), 0.0019600 secs] 14966K->13853K(26052K), 0.0020050 secs] [Times: user=0.02 sys=0.00, real=0.00 secs] 
115.097: Total time for which application threads were stopped: 0.0432290 seconds, Stopping threads took: 0.0411440 seconds
115.178: Application time: 0.0811710 seconds
115.247: [GC115.247: [ParNew: 7748K->7748K(8128K), 0.0000100 secs]115.247: [Tenured: 12958K->1774K(17924K), 0.0051230 secs] 20706K->1774K(26052K), [Perm : 5116K->5116K(21248K)], 0.0051790 secs] [Times: user=0.00 sys=0.00, real=0.00 secs] 
115.252: Total time for which application threads were stopped: 0.0737300 seconds, Stopping threads took: 0.0684690 seconds
115.253: Application time: 0.0011630 seconds
115.295: [GC115.295: [ParNew: 7205K->895K(8128K), 0.0016990 secs] 8979K->7128K(26052K), 0.0017330 secs] [Times: user=0.01 sys=0.00, real=0.00 secs] 
115.297: Total time for which application threads were stopped: 0.0432260 seconds, Stopping threads took: 0.0414350 seconds
115.376: Application time: 0.0789310 seconds
115.417: [GC115.417: [ParNew: 8040K->795K(8128K), 0.0011350 secs] 14273K->9037K(26052K), 0.0011670 secs] [Times: user=0.00 sys=0.00, real=0.01 secs] 
115.419: Total time for which application threads were stopped: 0.0430790 seconds, Stopping threads took: 0.0418480 seconds
115.497: Application time: 0.0785320 seconds
115.502: [GC115.502: [ParNew: 7843K->797K(8128K), 0.0005600 secs] 16086K->9438K(26052K), 0.0005900 secs] [Times: user=0.00 sys=0.00, real=0.00 secs] 
115.503: Total time for which application threads were stopped: 0.0055510 seconds, Stopping threads took: 0.0048880 seconds
115.504: Application time: 0.0012690 seconds
115.580: [GC115.580: [ParNew: 8021K->825K(8128K), 0.0005280 secs] 16662K->9490K(26052K), 0.0005590 secs] [Times: user=0.01 sys=0.00, real=0.00 secs] 
115.581: Total time for which application threads were stopped: 0.0770600 seconds, Stopping threads took: 0.0764250 seconds
115.582: Application time: 0.0009400 seconds
115.622: [GC115.622: [ParNew: 8049K->895K(8128K), 0.0019980 secs] 16714K->15613K(26052K), 0.0020290 secs] [Times: user=0.02 sys=0.00, real=0.00 secs] 
115.624: Total time for which application threads were stopped: 0.0424080 seconds, Stopping threads took: 0.0403220 seconds
115.715: Application time: 0.0906120 seconds
115.783: [GC115.783: [ParNew: 7943K->7943K(8128K), 0.0000100 secs]115.783: [Tenured: 14718K->2866K(17924K), 0.0046460 secs] 22661K->2866K(26052K), [Perm : 5116K->5116K(21248K)], 0.0047030 secs] [Times: user=0.00 sys=0.00, real=0.01 secs] 
115.788: Total time for which application threads were stopped: 0.0729660 seconds, Stopping threads took: 0.0682000 seconds
115.789: Application time: 0.0012620 seconds
115.849: [GC115.849: [ParNew: 7146K->895K(8128K), 0.0015900 secs] 10012K->7765K(26052K), 0.0016320 secs] [Times: user=0.01 sys=0.00, real=0.00 secs] 
115.850: Total time for which application threads were stopped: 0.0611940 seconds, Stopping threads took: 0.0594820 seconds
115.930: Application time: 0.0791630 seconds
115.971: [GC115.971: [ParNew: 8041K->207K(8128K), 0.0005420 secs] 14911K->7109K(26052K), 0.0005730 secs] [Times: user=0.01 sys=0.00, real=0.00 secs] 
115.972: Total time for which application threads were stopped: 0.0420490 seconds, Stopping threads took: 0.0413920 seconds
115.973: Application time: 0.0009030 seconds
116.013: [GC116.013: [ParNew: 7431K->825K(8128K), 0.0019360 secs] 14334K->13197K(26052K), 0.0019730 secs] [Times: user=0.01 sys=0.00, real=0.00 secs] 
116.015: Total time for which application threads were stopped: 0.0422140 seconds, Stopping threads took: 0.0401620 seconds
116.096: Application time: 0.0812540 seconds
116.163: [GC116.163: [ParNew: 7873K->7873K(8128K), 0.0000100 secs]116.163: [Tenured: 12371K->2308K(17924K), 0.0047850 secs] 20245K->2308K(26052K), [Perm : 5116K->5116K(21248K)], 0.0048410 secs] [Times: user=0.00 sys=0.00, real=0.01 secs] 
116.168: Total time for which application threads were stopped: 0.0720460 seconds, Stopping threads took: 0.0671200 seconds
116.169: Application time: 0.0011080 seconds
116.211: [GC116.211: [ParNew: 7146K->895K(8128K), 0.0016850 secs] 9454K->7696K(26052K), 0.0017330 secs] [Times: user=0.01 sys=0.00, real=0.00 secs] 
116.213: Total time for which application threads were stopped: 0.0434500 seconds, Stopping threads took: 0.0416450 seconds
116.292: Application time: 0.0791970 seconds
116.334: [GC116.334: [ParNew: 7748K->889K(8128K), 0.0007070 secs] 14549K->8300K(26052K), 0.0007400 secs] [Times: user=0.00 sys=0.00, real=0.00 secs] 
116.334: Total time for which application threads were stopped: 0.0425560 seconds, Stopping threads took: 0.0417600 seconds
116.413: Application time: 0.0784800 seconds
116.417: [GC116.417: [ParNew: 8035K->16K(8128K), 0.0006180 secs] 15446K->7443K(26052K), 0.0006470 secs] [Times: user=0.00 sys=0.00, real=0.00 secs] 
116.417: Total time for which application threads were stopped: 0.0042790 seconds, Stopping threads took: 0.0035580 seconds
116.418: Application time: 0.0007330 seconds
116.418: [GC116.418: [ParNew: 7162K->895K(8128K), 0.0019660 secs] 14589K->14572K(26052K), 0.0020000 secs] [Times: user=0.01 sys=0.00, real=0.00 secs] 
116.420: Total time for which application threads were stopped: 0.0022330 seconds, Stopping threads took: 0.0001800 seconds
116.504: Application time: 0.0835890 seconds
116.574: [GC116.574: [ParNew: 7943K->7943K(8128K), 0.0000100 secs]116.574: [Tenured: 13677K->1493K(17924K), 0.0044870 secs] 21620K->1493K(26052K), [Perm : 5116K->5116K(21248K)], 0.0045400 secs] [Times: user=0.01 sys=0.00, real=0.01 secs] 
116.578: Total time for which application threads were stopped: 0.0744180 seconds, Stopping threads took: 0.0697880 seconds
116.580: Application time: 0.0013690 seconds
116.621: [GC116.621: [ParNew: 7224K->895K(8128K), 0.0016910 secs] 8718K->6714K(26052K), 0.0017230 secs] [Times: user=0.01 sys=0.00, real=0.00 secs] 
116.623: Total time for which application threads were stopped: 0.0431040 seconds, Stopping threads took: 0.0413060 seconds
116.702: Application time: 0.0793500 seconds
116.747: [GC116.747: [ParNew: 8119K->825K(8128K), 0.0007700 secs] 13938K->7481K(26052K), 0.0008020 secs] [Times: user=0.01 sys=0.00, real=0.00 secs] 
116.747: Total time for which application threads were stopped: 0.0454760 seconds, Stopping threads took: 0.0445970 seconds
116.831: Application time: 0.0833630 seconds
116.834: [GC116.834: [ParNew: 7874K->12K(8128K), 0.0002520 secs] 14530K->6740K(26052K), 0.0002810 secs] [Times: user=0.00 sys=0.00, real=0.00 secs] 
116.835: Total time for which application threads were stopped: 0.0039540 seconds, Stopping threads took: 0.0036200 seconds
116.836: Application time: 0.0007770 seconds
116.876: [GC116.876: [ParNew: 7236K->895K(8128K), 0.0018580 secs] 13965K->12827K(26052K), 0.0018950 secs] [Times: user=0.02 sys=0.00, real=0.01 secs] 
116.878: Total time for which application threads were stopped: 0.0422880 seconds, Stopping threads took: 0.0403170 seconds
116.958: Application time: 0.0796990 seconds
117.027: [GC117.027: [ParNew: 8021K->8021K(8128K), 0.0000110 secs]117.027: [Tenured: 11932K->1607K(17924K), 0.0047760 secs] 19954K->1607K(26052K), [Perm : 5116K->5116K(21248K)], 0.0048310 secs] [Times: user=0.01 sys=0.00, real=0.00 secs] 
117.032: Total time for which application threads were stopped: 0.0742600 seconds, Stopping threads took: 0.0693690 seconds
117.033: Application time: 0.0010770 seconds
117.033: [GC117.033: [ParNew: 7146K->895K(8128K), 0.0021840 secs] 8753K->8753K(26052K), 0.0022240 secs] [Times: user=0.02 sys=0.00, real=0.00 secs] 
117.035: Total time for which application threads were stopped: 0.0025280 seconds, Stopping threads took: 0.0002140 seconds
117.117: Application time: 0.0814760 seconds
117.179: [GC117.179: [ParNew: 8021K->895K(8128K), 0.0006140 secs] 15879K->9403K(26052K), 0.0006450 secs] [Times: user=0.00 sys=0.00, real=0.00 secs] 
117.180: Total time for which application threads were stopped: 0.0629940 seconds, Stopping threads took: 0.0622620 seconds
117.258: Application time: 0.0785900 seconds
117.261: [GC117.261: [ParNew: 8119K->42K(8128K), 0.0003600 secs] 16627K->8590K(26052K), 0.0003860 secs] [Times: user=0.00 sys=0.00, real=0.00 secs] 
117.262: Total time for which application threads were stopped: 0.0030730 seconds, Stopping threads took: 0.0026280 seconds
117.262: Application time: 0.0007740 seconds
117.262: [GC117.262: [ParNew: 7188K->895K(8128K), 0.0019540 secs] 15736K->15721K(26052K), 0.0019880 secs] [Times: user=0.01 sys=0.00, real=0.00 secs] 
117.265: Total time for which application threads were stopped: 0.0021690 seconds, Stopping threads took: 0.0001260 seconds
117.359: Application time: 0.0947820 seconds
117.425: [GC117.425: [ParNew: 7923K->7923K(8128K), 0.0000100 secs]117.425: [Tenured: 14826K->2866K(17924K), 0.0046860 secs] 22750K->2866K(26052K), [Perm : 5116K->5116K(21248K)], 0.0047420 secs] [Times: user=0.00 sys=0.01, real=0.01 secs] 
117.430: Total time for which application threads were stopped: 0.0704140 seconds, Stopping threads took: 0.0656000 seconds
117.431: Application time: 0.0012560 seconds
117.501: [GC117.501: [ParNew: 7146K->893K(8128K), 0.0015430 secs] 10012K->6885K(26052K), 0.0015810 secs] [Times: user=0.01 sys=0.00, real=0.00 secs] 
117.503: Total time for which application threads were stopped: 0.0715460 seconds, Stopping threads took: 0.0698850 seconds
117.581: Application time: 0.0780050 seconds
117.622: [GC117.622: [ParNew: 7941K->795K(8128K), 0.0008280 secs] 13933K->7413K(26052K), 0.0008590 secs] [Times: user=0.00 sys=0.00, real=0.00 secs] 
117.623: Total time for which application threads were stopped: 0.0425720 seconds, Stopping threads took: 0.0416380 seconds
117.624: Application time: 0.0013510 seconds
117.665: [GC117.666: [ParNew: 7941K->797K(8128K), 0.0017920 secs] 14559K->11931K(26052K), 0.0018260 secs] [Times: user=0.01 sys=0.00, real=0.01 secs] 
117.667: Total time for which application threads were stopped: 0.0429070 seconds, Stopping threads took: 0.0410040 seconds
117.746: Application time: 0.0785840 seconds
117.789: [GC117.789: [ParNew: 7748K->793K(8128K), 0.0010900 secs] 18882K->13725K(26052K), 0.0011240 secs] [Times: user=0.01 sys=0.00, real=0.00 secs] 
117.790: Total time for which application threads were stopped: 0.0442840 seconds, Stopping threads took: 0.0430760 seconds
117.874: Application time: 0.0840590 seconds
117.927: [GC117.927: [ParNew: 8017K->8017K(8128K), 0.0000090 secs]117.927: [Tenured: 12932K->1724K(17924K), 0.0050470 secs] 20949K->1724K(26052K), [Perm : 5116K->5116K(21248K)], 0.0051000 secs] [Times: user=0.00 sys=0.00, real=0.00 secs] 
117.932: Total time for which application threads were stopped: 0.0575400 seconds, Stopping threads took: 0.0523600 seconds
117.933: Application time: 0.0010970 seconds
117.933: [GC117.933: [ParNew: 7146K->895K(8128K), 0.0023810 secs] 8870K->8870K(26052K), 0.0024180 secs] [Times: user=0.02 sys=0.00, real=0.00 secs] 
117.936: Total time for which application threads were stopped: 0.0026550 seconds, Stopping threads took: 0.0001770 seconds
118.017: Application time: 0.0815960 seconds
118.088: [GC118.088: [ParNew: 7943K->207K(8128K), 0.0006050 secs] 15918K->8198K(26052K), 0.0006390 secs] [Times: user=0.01 sys=0.00, real=0.00 secs] 
118.089: Total time for which application threads were stopped: 0.0715450 seconds, Stopping threads took: 0.0708270 seconds
118.090: Application time: 0.0008250 seconds
118.143: [GC118.143: [ParNew: 7353K->895K(8128K), 0.0019720 secs] 15344K->14257K(26052K), 0.0020030 secs] [Times: user=0.01 sys=0.01, real=0.00 secs] 
118.145: Total time for which application threads were stopped: 0.0551370 seconds, Stopping threads took: 0.0530580 seconds
118.227: Application time: 0.0823390 seconds
118.292: [GC118.292: [ParNew: 7943K->7943K(8128K), 0.0000100 secs]118.292: [Tenured: 13362K->1689K(17924K), 0.0044780 secs] 21305K->1689K(26052K), [Perm : 5116K->5116K(21248K)], 0.0045320 secs] [Times: user=0.01 sys=0.00, real=0.00 secs] 
118.297: Total time for which application threads were stopped: 0.0699990 seconds, Stopping threads took: 0.0653950 seconds
118.298: Application time: 0.0011440 seconds
118.341: [GC118.341: [ParNew: 7224K->895K(8128K), 0.0016930 secs] 8914K->7105K(26052K), 0.0017330 secs] [Times: user=0.01 sys=0.00, real=0.00 secs] 
118.343: Total time for which application threads were stopped: 0.0447550 seconds, Stopping threads took: 0.0429340 seconds
118.422: Application time: 0.0786620 seconds
118.472: [GC118.472: [ParNew: 7826K->823K(8128K), 0.0009970 secs] 14036K->8839K(26052K), 0.0010310 secs] [Times: user=0.01 sys=0.00, real=0.00 secs] 
118.473: Total time for which application threads were stopped: 0.0517530 seconds, Stopping threads took: 0.0506440 seconds
118.551: Application time: 0.0773840 seconds
118.556: [GC118.556: [ParNew: 8047K->893K(8128K), 0.0007670 secs] 16064K->9192K(26052K), 0.0007970 secs] [Times: user=0.00 sys=0.00, real=0.00 secs] 
118.556: Total time for which application threads were stopped: 0.0056050 seconds, Stopping threads took: 0.0047320 seconds
118.557: Application time: 0.0009220 seconds
118.598: [GC118.598: [ParNew: 8039K->895K(8128K), 0.0022500 secs] 16338K->15477K(26052K), 0.0022870 secs] [Times: user=0.02 sys=0.00, real=0.01 secs] 
118.600: Total time for which application threads were stopped: 0.0426970 seconds, Stopping threads took: 0.0403550 seconds
118.692: Application time: 0.0915770 seconds
118.766: [GC118.766: [ParNew: 8040K->8040K(8128K), 0.0000100 secs]118.766: [Tenured: 14582K->2751K(17924K), 0.0052470 secs] 22623K->2751K(26052K), [Perm : 5116K->5116K(21248K)], 0.0053010 secs] [Times: user=0.00 sys=0.00, real=0.01 secs] 
118.771: Total time for which application threads were stopped: 0.0793930 seconds, Stopping threads took: 0.0740330 seconds
118.772: Application time: 0.0013160 seconds
118.848: [GC118.848: [ParNew: 7224K->895K(8128K), 0.0019480 secs] 9975K->8069K(26052K), 0.0019870 secs] [Times: user=0.01 sys=0.00, real=0.00 secs] 
118.850: Total time for which application threads were stopped: 0.0773010 seconds, Stopping threads took: 0.0752220 seconds
118.929: Application time: 0.0794310 seconds
118.971: [GC118.971: [ParNew: 8002K->462K(8128K), 0.0005320 secs] 15176K->7693K(26052K), 0.0005640 secs] [Times: user=0.00 sys=0.00, real=0.00 secs] 
118.972: Total time for which application threads were stopped: 0.0430400 seconds, Stopping threads took: 0.0424110 seconds
118.973: Application time: 0.0008890 seconds
119.014: [GC119.014: [ParNew: 7609K->895K(8128K), 0.0020060 secs] 14839K->13780K(26052K), 0.0020460 secs] [Times: user=0.02 sys=0.00, real=0.00 secs] 
119.016: Total time for which application threads were stopped: 0.0427770 seconds, Stopping threads took: 0.0406530 seconds
119.106: Application time: 0.0902330 seconds
119.166: [GC119.166: [ParNew: 7748K->7748K(8128K), 0.0000100 secs]119.166: [Tenured: 12885K->2934K(17924K), 0.0052470 secs] 20633K->2934K(26052K), [Perm : 5116K->5116K(21248K)], 0.0053060 secs] [Times: user=0.01 sys=0.00, real=0.00 secs] 
119.171: Total time for which application threads were stopped: 0.0654650 seconds, Stopping threads took: 0.0600730 seconds
119.251: Application time: 0.0796950 seconds
119.255: [GC119.255: [ParNew: 7146K->14K(8128K), 0.0005040 secs] 10080K->2948K(26052K), 0.0005340 secs] [Times: user=0.01 sys=0.00, real=0.00 secs] 
119.256: Total time for which application threads were stopped: 0.0046950 seconds, Stopping threads took: 0.0040880 seconds
119.257: Application time: 0.0008070 seconds
119.257: [GC119.257: [ParNew: 7160K->895K(8128K), 0.0022100 secs] 10095K->10080K(26052K), 0.0022430 secs] [Times: user=0.02 sys=0.00, real=0.01 secs] 
119.259: Total time for which application threads were stopped: 0.0024670 seconds, Stopping threads took: 0.0001680 seconds
119.341: Application time: 0.0819840 seconds
119.405: [GC119.405: [ParNew: 8119K->825K(8128K), 0.0005660 secs] 17304K->10604K(26052K), 0.0005920 secs] [Times: user=0.00 sys=0.00, real=0.00 secs] 
119.405: Total time for which application threads were stopped: 0.0642940 seconds, Stopping threads took: 0.0636370 seconds
119.406: Application time: 0.0010680 seconds
119.447: [GC119.447: [ParNew: 7971K->797K(8128K), 0.0018010 secs] 17750K->15149K(26052K), 0.0018380 secs] [Times: user=0.01 sys=0.00, real=0.00 secs] 
119.449: Total time for which application threads were stopped: 0.0425340 seconds, Stopping threads took: 0.0406140 seconds
119.536: Application time: 0.0868510 seconds
119.593: [GC119.593: [ParNew: 7748K->7748K(8128K), 0.0000100 secs]119.593: [Tenured: 14351K->1888K(17924K), 0.0050930 secs] 22099K->1888K(26052K), [Perm : 5116K->5116K(21248K)], 0.0051560 secs] [Times: user=0.01 sys=0.00, real=0.01 secs] 
119.599: Total time for which application threads were stopped: 0.0627790 seconds, Stopping threads took: 0.0575410 seconds
119.600: Application time: 0.0010870 seconds
119.641: [GC119.641: [ParNew: 7048K->895K(8128K), 0.0019340 secs] 8937K->8253K(26052K), 0.0019760 secs] [Times: user=0.02 sys=0.00, real=0.00 secs] 
119.643: Total time for which application threads were stopped: 0.0428360 seconds, Stopping threads took: 0.0407890 seconds
119.725: Application time: 0.0824940 seconds
119.794: [GC119.794: [ParNew: 7869K->430K(8128K), 0.0007280 secs] 15227K->7820K(26052K), 0.0007630 secs] [Times: user=0.00 sys=0.00, real=0.00 secs] 
119.794: Total time for which application threads were stopped: 0.0694180 seconds, Stopping threads took: 0.0685810 seconds
119.795: Application time: 0.0008660 seconds
119.836: [GC119.836: [ParNew: 7629K->895K(8128K), 0.0021860 secs] 15019K->13879K(26052K), 0.0022210 secs] [Times: user=0.02 sys=0.00, real=0.01 secs] 
119.838: Total time for which application threads were stopped: 0.0426620 seconds, Stopping threads took: 0.0403630 seconds
119.930: Application time: 0.0923490 seconds
119.999: [GC119.999: [ParNew: 7748K->7748K(8128K), 0.0000100 secs]119.999: [Tenured: 12984K->1690K(17924K), 0.0058770 secs] 20732K->1690K(26052K), [Perm : 5116K->5116K(21248K)], 0.0059290 secs] [Times: user=0.01 sys=0.00, real=0.00 secs] 
120.005: Total time for which application threads were stopped: 0.0742690 seconds, Stopping threads took: 0.0682690 seconds
120.006: Application time: 0.0011880 seconds
120.049: [GC120.049: [ParNew: 7048K->895K(8128K), 0.0020400 secs] 8738K->8054K(26052K), 0.0020760 secs] [Times: user=0.01 sys=0.00, real=0.00 secs] 
120.051: Total time for which application threads were stopped: 0.0448940 seconds, Stopping threads took: 0.0427400 seconds
120.131: Application time: 0.0801260 seconds
120.200: [GC120.200: [ParNew: 8119K->628K(8128K), 0.0004170 secs] 15278K->7819K(26052K), 0.0016440 secs] [Times: user=0.00 sys=0.00, real=0.00 secs] 
120.201: Total time for which application threads were stopped: 0.0705360 seconds, Stopping threads took: 0.0688110 seconds
120.202: Application time: 0.0010110 seconds
120.255: [GC120.255: [ParNew: 7852K->895K(8128K), 0.0017800 secs] 15044K->12866K(26052K), 0.0018170 secs] [Times: user=0.02 sys=0.00, real=0.00 secs] 
120.256: Total time for which application threads were stopped: 0.0540060 seconds, Stopping threads took: 0.0521310 seconds
120.335: Application time: 0.0791390 seconds
120.377: [GC120.377: [ParNew: 8021K->8021K(8128K), 0.0000110 secs]120.377: [Tenured: 11971K->3633K(17924K), 0.0052850 secs] 19993K->3633K(26052K), [Perm : 5116K->5116K(21248K)], 0.0053430 secs] [Times: user=0.01 sys=0.00, real=0.01 secs] 
120.383: Total time for which application threads were stopped: 0.0472320 seconds, Stopping threads took: 0.0418060 seconds
120.460: Application time: 0.0776650 seconds
120.463: [GC120.463: [ParNew: 7146K->404K(8128K), 0.0005920 secs] 10779K->4037K(26052K), 0.0006230 secs] [Times: user=0.01 sys=0.00, real=0.00 secs] 
120.464: Total time for which application threads were stopped: 0.0032550 seconds, Stopping threads took: 0.0025560 seconds
120.464: Application time: 0.0008350 seconds
120.465: [GC120.465: [ParNew: 7453K->895K(8128K), 0.0021220 secs] 11086K->11071K(26052K), 0.0021560 secs] [Times: user=0.02 sys=0.00, real=0.01 secs] 
120.467: Total time for which application threads were stopped: 0.0025500 seconds, Stopping threads took: 0.0003290 seconds
120.549: Application time: 0.0815530 seconds
120.616: [GC120.616: [ParNew: 8021K->823K(8128K), 0.0007380 secs] 18197K->11805K(26052K), 0.0007700 secs] [Times: user=0.01 sys=0.00, real=0.00 secs] 
120.617: Total time for which application threads were stopped: 0.0680710 seconds, Stopping threads took: 0.0672170 seconds
120.702: Application time: 0.0849630 seconds
120.709: [GC120.709: [ParNew: 7871K->10K(8128K), 0.0003630 secs] 18853K->11071K(26052K), 0.0004000 secs] [Times: user=0.00 sys=0.00, real=0.00 secs] 
120.709: Total time for which application threads were stopped: 0.0073210 seconds, Stopping threads took: 0.0068650 seconds
120.710: Application time: 0.0007600 seconds
120.710: [GC120.710: [ParNew: 7156K->895K(8128K), 0.0021540 secs] 18218K->18207K(26052K), 0.0021900 secs] [Times: user=0.01 sys=0.00, real=0.00 secs] 
120.712: Total time for which application threads were stopped: 0.0024930 seconds, Stopping threads took: 0.0002460 seconds
120.794: Application time: 0.0820630 seconds
120.860: [GC120.860: [ParNew: 8118K->8118K(8128K), 0.0000100 secs]120.860: [Tenured: 17312K->3203K(17924K), 0.0052750 secs] 25431K->3203K(26052K), [Perm : 5116K->5116K(21248K)], 0.0053330 secs] [Times: user=0.00 sys=0.00, real=0.00 secs] 
120.865: Total time for which application threads were stopped: 0.0711500 seconds, Stopping threads took: 0.0657560 seconds
120.867: Application time: 0.0014960 seconds
120.944: [GC120.944: [ParNew: 7224K->825K(8128K), 0.0008480 secs] 10427K->4224K(26052K), 0.0008810 secs] [Times: user=0.01 sys=0.00, real=0.00 secs] 
120.945: Total time for which application threads were stopped: 0.0780730 seconds, Stopping threads took: 0.0771250 seconds
120.946: Application time: 0.0010820 seconds
120.998: [GC120.998: [ParNew: 8050K->895K(8128K), 0.0025170 secs] 11448K->10530K(26052K), 0.0025540 secs] [Times: user=0.02 sys=0.00, real=0.00 secs] 
121.001: Total time for which application threads were stopped: 0.0545920 seconds, Stopping threads took: 0.0519600 seconds
121.083: Application time: 0.0825100 seconds
121.155: [GC121.155: [ParNew: 8041K->205K(8128K), 0.0005190 secs] 17676K->9872K(26052K), 0.0005510 secs] [Times: user=0.01 sys=0.00, real=0.00 secs] 
121.155: Total time for which application threads were stopped: 0.0719330 seconds, Stopping threads took: 0.0712990 seconds
121.156: Application time: 0.0012620 seconds
121.198: [GC121.198: [ParNew: 7349K->891K(8128K), 0.0016040 secs] 17016K->14855K(26052K), 0.0016440 secs] [Times: user=0.01 sys=0.00, real=0.01 secs] 
121.199: Total time for which application threads were stopped: 0.0427890 seconds, Stopping threads took: 0.0410620 seconds
121.287: Application time: 0.0879920 seconds
121.345: [GC121.345: [ParNew: 7939K->7939K(8128K), 0.0000100 secs]121.345: [Tenured: 13964K->2284K(17924K), 0.0051280 secs] 21903K->2284K(26052K), [Perm : 5116K->5116K(21248K)], 0.0051850 secs] [Times: user=0.01 sys=0.00, real=0.01 secs] 
121.350: Total time for which application threads were stopped: 0.0629240 seconds, Stopping threads took: 0.0576790 seconds
121.351: Application time: 0.0011250 seconds
121.403: [GC121.403: [ParNew: 7146K->895K(8128K), 0.0019380 secs] 9431K->7672K(26052K), 0.0019740 secs] [Times: user=0.01 sys=0.00, real=0.00 secs] 
121.405: Total time for which application threads were stopped: 0.0538800 seconds, Stopping threads took: 0.0518260 seconds
121.484: Application time: 0.0785070 seconds
121.526: [GC121.526: [ParNew: 7826K->430K(8128K), 0.0004110 secs] 14603K->7232K(26052K), 0.0004430 secs] [Times: user=0.00 sys=0.00, real=0.00 secs] 
121.527: Total time for which application threads were stopped: 0.0429900 seconds, Stopping threads took: 0.0424810 seconds
121.527: Application time: 0.0007970 seconds
121.528: [GC121.528: [ParNew: 7479K->895K(8128K), 0.0022090 secs] 14280K->14267K(26052K), 0.0022440 secs] [Times: user=0.02 sys=0.00, real=0.00 secs] 
121.530: Total time for which application threads were stopped: 0.0025080 seconds, Stopping threads took: 0.0002080 seconds
121.624: Application time: 0.0937220 seconds
121.696: [GC121.696: [ParNew: 7845K->7845K(8128K), 0.0000100 secs]121.696: [Tenured: 13372K->1691K(17924K), 0.0044020 secs] 21218K->1691K(26052K), [Perm : 5116K->5116K(21248K)], 0.0044580 secs] [Times: user=0.01 sys=0.00, real=0.01 secs] 
121.700: Total time for which application threads were stopped: 0.0765480 seconds, Stopping threads took: 0.0720210 seconds
121.701: Application time: 0.0011340 seconds
121.742: [GC121.742: [ParNew: 7205K->853K(8128K), 0.0016640 secs] 8896K->7036K(26052K), 0.0017070 secs] [Times: user=0.01 sys=0.00, real=0.00 secs] 
121.743: Total time for which application threads were stopped: 0.0419180 seconds, Stopping threads took: 0.0401520 seconds
121.835: Application time: 0.0913320 seconds
121.890: [GC121.890: [ParNew: 7804K->400K(8128K), 0.0005620 secs] 13987K->6688K(26052K), 0.0005920 secs] [Times: user=0.00 sys=0.00, real=0.00 secs] 
121.890: Total time for which application threads were stopped: 0.0556120 seconds, Stopping threads took: 0.0549650 seconds
121.891: Application time: 0.0009790 seconds
121.943: [GC121.943: [ParNew: 7546K->895K(8128K), 0.0016710 secs] 13834K->11675K(26052K), 0.0017070 secs] [Times: user=0.02 sys=0.00, real=0.00 secs] 
121.945: Total time for which application threads were stopped: 0.0538190 seconds, Stopping threads took: 0.0520550 seconds
122.024: Application time: 0.0790090 seconds
122.065: [GC122.066: [ParNew: 8041K->793K(8128K), 0.0008640 secs] 18821K->12574K(26052K), 0.0009010 secs] [Times: user=0.00 sys=0.01, real=0.01 secs] 
122.066: Total time for which application threads were stopped: 0.0423920 seconds, Stopping threads took: 0.0414350 seconds
122.154: Application time: 0.0872190 seconds
122.159: [GC122.159: [ParNew: 7841K->7841K(8128K), 0.0000100 secs]122.159: [Tenured: 11780K->1945K(17924K), 0.0047530 secs] 19622K->1945K(26052K), [Perm : 5116K->5116K(21248K)], 0.0048100 secs] [Times: user=0.01 sys=0.00, real=0.00 secs] 
122.164: Total time for which application threads were stopped: 0.0102240 seconds, Stopping threads took: 0.0053290 seconds
122.165: Application time: 0.0011160 seconds
122.213: [GC122.213: [ParNew: 7146K->895K(8128K), 0.0018710 secs] 9091K->7137K(26052K), 0.0019090 secs] [Times: user=0.02 sys=0.00, real=0.00 secs] 
122.215: Total time for which application threads were stopped: 0.0499410 seconds, Stopping threads took: 0.0479460 seconds
122.294: Application time: 0.0794480 seconds
122.337: [GC122.337: [ParNew: 8021K->895K(8128K), 0.0006440 secs] 14263K->7795K(26052K), 0.0006740 secs] [Times: user=0.01 sys=0.00, real=0.01 secs] 
122.338: Total time for which application threads were stopped: 0.0434760 seconds, Stopping threads took: 0.0427250 seconds
122.426: Application time: 0.0880810 seconds
122.437: [GC122.437: [ParNew: 8119K->42K(8128K), 0.0004680 secs] 15019K->6982K(26052K), 0.0004970 secs] [Times: user=0.00 sys=0.00, real=0.00 secs] 
122.437: Total time for which application threads were stopped: 0.0113080 seconds, Stopping threads took: 0.0107390 seconds
122.438: Application time: 0.0007280 seconds
122.438: [GC122.438: [ParNew: 7188K->895K(8128K), 0.0022030 secs] 14128K->14113K(26052K), 0.0022380 secs] [Times: user=0.01 sys=0.00, real=0.00 secs] 
122.441: Total time for which application threads were stopped: 0.0025810 seconds, Stopping threads took: 0.0002870 seconds
122.523: Application time: 0.0819880 seconds
122.596: [GC122.596: [ParNew: 8021K->8021K(8128K), 0.0000110 secs]122.596: [Tenured: 13218K->2030K(17924K), 0.0054200 secs] 21240K->2030K(26052K), [Perm : 5116K->5116K(21248K)], 0.0054750 secs] [Times: user=0.00 sys=0.00, real=0.01 secs] 
122.602: Total time for which application threads were stopped: 0.0793100 seconds, Stopping threads took: 0.0737540 seconds
122.603: Application time: 0.0014050 seconds
122.644: [GC122.644: [ParNew: 7224K->825K(8128K), 0.0018030 secs] 9254K->8324K(26052K), 0.0018340 secs] [Times: user=0.02 sys=0.00, real=0.01 secs] 
122.646: Total time for which application threads were stopped: 0.0425330 seconds, Stopping threads took: 0.0406240 seconds
122.727: Application time: 0.0813950 seconds
122.795: [GC122.795: [ParNew: 7873K->402K(8128K), 0.0005680 secs] 15373K->7982K(26052K), 0.0005990 secs] [Times: user=0.00 sys=0.00, real=0.00 secs] 
122.796: Total time for which application threads were stopped: 0.0687680 seconds, Stopping threads took: 0.0680850 seconds
122.797: Application time: 0.0009820 seconds
122.837: [GC122.837: [ParNew: 7548K->895K(8128K), 0.0021190 secs] 15128K->14041K(26052K), 0.0021590 secs] [Times: user=0.02 sys=0.00, real=0.01 secs] 
122.840: Total time for which application threads were stopped: 0.0426200 seconds, Stopping threads took: 0.0404070 seconds
122.921: Application time: 0.0819030 seconds
122.990: [GC122.990: [ParNew: 7748K->7748K(8128K), 0.0000100 secs]122.990: [Tenured: 13146K->2451K(17924K), 0.0051100 secs] 20894K->2451K(26052K), [Perm : 5116K->5116K(21248K)], 0.0051660 secs] [Times: user=0.00 sys=0.00, real=0.00 secs] 
122.995: Total time for which application threads were stopped: 0.0738340 seconds, Stopping threads took: 0.0685870 seconds
122.996: Application time: 0.0010680 seconds
123.037: [GC123.037: [ParNew: 7224K->825K(8128K), 0.0020190 secs] 9676K->8941K(26052K), 0.0020600 secs] [Times: user=0.02 sys=0.00, real=0.01 secs] 
123.039: Total time for which application threads were stopped: 0.0429220 seconds, Stopping threads took: 0.0407810 seconds
123.121: Application time: 0.0816230 seconds
123.181: [GC123.181: [ParNew: 7873K->598K(8128K), 0.0003970 secs] 15989K->8794K(26052K), 0.0004250 secs] [Times: user=0.00 sys=0.00, real=0.00 secs] 
123.182: Total time for which application threads were stopped: 0.0607100 seconds, Stopping threads took: 0.0602280 seconds
123.183: Application time: 0.0010520 seconds
123.224: [GC123.224: [ParNew: 7822K->895K(8128K), 0.0018040 secs] 16018K->13826K(26052K), 0.0018380 secs] [Times: user=0.02 sys=0.00, real=0.00 secs] 
123.226: Total time for which application threads were stopped: 0.0428610 seconds, Stopping threads took: 0.0409460 seconds
123.313: Application time: 0.0873020 seconds
123.372: [GC123.372: [ParNew: 8041K->8041K(8128K), 0.0000100 secs]123.372: [Tenured: 12931K->3253K(17924K), 0.0054550 secs] 20972K->3253K(26052K), [Perm : 5116K->5116K(21248K)], 0.0055130 secs] [Times: user=0.01 sys=0.00, real=0.01 secs] 
123.378: Total time for which application threads were stopped: 0.0651210 seconds, Stopping threads took: 0.0595170 seconds
123.466: Application time: 0.0878430 seconds
123.472: [GC123.472: [ParNew: 7048K->402K(8128K), 0.0008070 secs] 10302K->3656K(26052K), 0.0008350 secs] [Times: user=0.01 sys=0.00, real=0.00 secs] 
123.473: Total time for which application threads were stopped: 0.0070880 seconds, Stopping threads took: 0.0061890 seconds
123.474: Application time: 0.0008020 seconds
123.474: [GC123.474: [ParNew: 7451K->895K(8128K), 0.0024750 secs] 10705K->10692K(26052K), 0.0025090 secs] [Times: user=0.02 sys=0.00, real=0.00 secs] 
123.477: Total time for which application threads were stopped: 0.0028900 seconds, Stopping threads took: 0.0003040 seconds
123.559: Application time: 0.0821890 seconds
123.625: [GC123.625: [ParNew: 7923K->895K(8128K), 0.0007170 secs] 17721K->11350K(26052K), 0.0007500 secs] [Times: user=0.00 sys=0.00, real=0.00 secs] 
123.626: Total time for which application threads were stopped: 0.0667850 seconds, Stopping threads took: 0.0659670 seconds
123.715: Application time: 0.0891020 seconds
123.723: [GC123.723: [ParNew: 8119K->42K(8128K), 0.0002590 secs] 18574K->10545K(26052K), 0.0002880 secs] [Times: user=0.01 sys=0.00, real=0.00 secs] 
123.723: Total time for which application threads were stopped: 0.0086390 seconds, Stopping threads took: 0.0082740 seconds
123.724: Application time: 0.0007930 seconds
123.724: [GC123.724: [ParNew: 7188K->895K(8128K), 0.0023860 secs] 17691K->17676K(26052K), 0.0024190 secs] [Times: user=0.02 sys=0.00, real=0.01 secs] 
123.727: Total time for which application threads were stopped: 0.0025830 seconds, Stopping threads took: 0.0000870 seconds
123.818: Application time: 0.0915600 seconds
123.893: [GC123.894: [ParNew: 7943K->7943K(8128K), 0.0000100 secs]123.894: [Tenured: 16781K->1553K(17924K), 0.0057220 secs] 24725K->1553K(26052K), [Perm : 5116K->5116K(21248K)], 0.0057740 secs] [Times: user=0.00 sys=0.00, real=0.01 secs] 
123.899: Total time for which application threads were stopped: 0.0809870 seconds, Stopping threads took: 0.0751450 seconds
123.901: Application time: 0.0012580 seconds
123.952: [GC123.952: [ParNew: 7146K->895K(8128K), 0.0019940 secs] 8699K->7819K(26052K), 0.0020360 secs] [Times: user=0.01 sys=0.00, real=0.00 secs] 
123.954: Total time for which application threads were stopped: 0.0535810 seconds, Stopping threads took: 0.0514670 seconds
124.035: Application time: 0.0804460 seconds
124.102: [GC124.102: [ParNew: 8021K->434K(8128K), 0.0003380 secs] 14946K->7383K(26052K), 0.0003660 secs] [Times: user=0.00 sys=0.00, real=0.00 secs] 
124.102: Total time for which application threads were stopped: 0.0674590 seconds, Stopping threads took: 0.0670380 seconds
124.103: Application time: 0.0009470 seconds
124.144: [GC124.144: [ParNew: 7659K->853K(8128K), 0.0019770 secs] 14607K->12392K(26052K), 0.0020120 secs] [Times: user=0.02 sys=0.00, real=0.01 secs] 
124.146: Total time for which application threads were stopped: 0.0428450 seconds, Stopping threads took: 0.0407790 seconds
124.224: Application time: 0.0783580 seconds
124.266: [GC124.266: [ParNew: 8077K->8077K(8128K), 0.0000100 secs]124.266: [Tenured: 11538K->4472K(17924K), 0.0055760 secs] 19616K->4472K(26052K), [Perm : 5116K->5116K(21248K)], 0.0056330 secs] [Times: user=0.01 sys=0.00, real=0.00 secs] 
124.272: Total time for which application threads were stopped: 0.0473900 seconds, Stopping threads took: 0.0416730 seconds
124.349: Application time: 0.0777190 seconds
124.392: [GC124.392: [ParNew: 7048K->211K(8128K), 0.0006800 secs] 11520K->4683K(26052K), 0.0007100 secs] [Times: user=0.00 sys=0.00, real=0.00 secs] 
124.393: Total time for which application threads were stopped: 0.0435400 seconds, Stopping threads took: 0.0427550 seconds
124.394: Application time: 0.0009040 seconds
124.434: [GC124.434: [ParNew: 7435K->895K(8128K), 0.0019320 secs] 11908K->10766K(26052K), 0.0019680 secs] [Times: user=0.01 sys=0.00, real=0.00 secs] 
124.436: Total time for which application threads were stopped: 0.0423260 seconds, Stopping threads took: 0.0402730 seconds
124.517: Application time: 0.0806310 seconds
124.584: [GC124.584: [ParNew: 7943K->402K(8128K), 0.0007260 secs] 17815K->10338K(26052K), 0.0007560 secs] [Times: user=0.00 sys=0.00, real=0.00 secs] 
124.585: Total time for which application threads were stopped: 0.0682870 seconds, Stopping threads took: 0.0674530 seconds
124.586: Application time: 0.0010320 seconds
124.626: [GC124.626: [ParNew: 7548K->895K(8128K), 0.0020240 secs] 17484K->16397K(26052K), 0.0020560 secs] [Times: user=0.01 sys=0.00, real=0.00 secs] 
124.629: Total time for which application threads were stopped: 0.0424990 seconds, Stopping threads took: 0.0403880 seconds
124.718: Application time: 0.0890940 seconds
124.788: [GC124.788: [ParNew: 7943K->7943K(8128K), 0.0000110 secs]124.788: [Tenured: 15502K->2255K(17924K), 0.0058120 secs] 23445K->2255K(26052K), [Perm : 5116K->5116K(21248K)], 0.0058650 secs] [Times: user=0.00 sys=0.00, real=0.00 secs] 
124.794: Total time for which application threads were stopped: 0.0765080 seconds, Stopping threads took: 0.0705610 seconds
124.795: Application time: 0.0013130 seconds
124.836: [GC124.836: [ParNew: 7146K->895K(8128K), 0.0019820 secs] 9401K->7838K(26052K), 0.0020180 secs] [Times: user=0.02 sys=0.00, real=0.01 secs] 
124.838: Total time for which application threads were stopped: 0.0430090 seconds, Stopping threads took: 0.0409120 seconds
124.917: Application time: 0.0789870 seconds
124.960: [GC124.960: [ParNew: 7943K->893K(8128K), 0.0007150 secs] 14886K->8852K(26052K), 0.0007470 secs] [Times: user=0.01 sys=0.00, real=0.00 secs] 
124.960: Total time for which application threads were stopped: 0.0429610 seconds, Stopping threads took: 0.0421250 seconds
125.038: Application time: 0.0777030 seconds
125.042: [GC125.042: [ParNew: 8039K->400K(8128K), 0.0006030 secs] 15999K->8376K(26052K), 0.0006340 secs] [Times: user=0.00 sys=0.00, real=0.00 secs] 
125.043: Total time for which application threads were stopped: 0.0044720 seconds, Stopping threads took: 0.0037630 seconds
125.043: Application time: 0.0008360 seconds
125.095: [GC125.095: [ParNew: 7546K->895K(8128K), 0.0019000 secs] 15522K->14437K(26052K), 0.0019380 secs] [Times: user=0.01 sys=0.00, real=0.00 secs] 
125.097: Total time for which application threads were stopped: 0.0531630 seconds, Stopping threads took: 0.0511610 seconds
125.183: Application time: 0.0868650 seconds
125.242: [GC125.242: [ParNew: 7826K->7826K(8128K), 0.0000130 secs]125.242: [Tenured: 13542K->2766K(17924K), 0.0054350 secs] 21368K->2766K(26052K), [Perm : 5116K->5116K(21248K)], 0.0055030 secs] [Times: user=0.00 sys=0.00, real=0.01 secs] 
125.247: Total time for which application threads were stopped: 0.0639310 seconds, Stopping threads took: 0.0583670 seconds
125.325: Application time: 0.0780370 seconds
125.328: [GC125.328: [ParNew: 7224K->44K(8128K), 0.0003290 secs] 9990K->2810K(26052K), 0.0003570 secs] [Times: user=0.00 sys=0.00, real=0.00 secs] 
125.329: Total time for which application threads were stopped: 0.0034060 seconds, Stopping threads took: 0.0029960 seconds
125.330: Application time: 0.0007560 seconds
125.330: [GC125.330: [ParNew: 7268K->895K(8128K), 0.0018610 secs] 10034K->9967K(26052K), 0.0018900 secs] [Times: user=0.01 sys=0.00, real=0.00 secs] 
125.332: Total time for which application threads were stopped: 0.0020830 seconds, Stopping threads took: 0.0001400 seconds
125.414: Application time: 0.0819320 seconds
125.477: [GC125.477: [ParNew: 8040K->795K(8128K), 0.0006530 secs] 17113K->10502K(26052K), 0.0006820 secs] [Times: user=0.00 sys=0.00, real=0.00 secs] 
125.478: Total time for which application threads were stopped: 0.0638970 seconds, Stopping threads took: 0.0631410 seconds
125.479: Application time: 0.0013410 seconds
125.555: [GC125.555: [ParNew: 8019K->823K(8128K), 0.0090600 secs] 17726K->10749K(26052K), 0.0090890 secs] [Times: user=0.06 sys=0.00, real=0.01 secs] 
125.564: Total time for which application threads were stopped: 0.0855490 seconds, Stopping threads took: 0.0764070 seconds
125.566: Application time: 0.0012720 seconds
125.606: [GC125.606: [ParNew: 7969K->795K(8128K), 0.0024170 secs] 17895K->17043K(26052K), 0.0024530 secs] [Times: user=0.02 sys=0.00, real=0.00 secs] 
125.608: Total time for which application threads were stopped: 0.0425860 seconds, Stopping threads took: 0.0400550 seconds
125.702: Application time: 0.0935500 seconds
125.772: [GC125.772: [ParNew: 8019K->8019K(8128K), 0.0000100 secs]125.772: [Tenured: 16248K->1611K(17924K), 0.0058100 secs] 24268K->1611K(26052K), [Perm : 5116K->5116K(21248K)], 0.0058620 secs] [Times: user=0.00 sys=0.00, real=0.01 secs] 
125.778: Total time for which application threads were stopped: 0.0760540 seconds, Stopping threads took: 0.0701100 seconds
125.779: Application time: 0.0012360 seconds
125.828: [GC125.828: [ParNew: 7146K->895K(8128K), 0.0019660 secs] 8757K->7878K(26052K), 0.0020010 secs] [Times: user=0.01 sys=0.00, real=0.00 secs] 
125.830: Total time for which application threads were stopped: 0.0505530 seconds, Stopping threads took: 0.0484640 seconds
125.912: Application time: 0.0821320 seconds
125.979: [GC125.979: [ParNew: 8021K->432K(8128K), 0.0004690 secs] 15004K->7439K(26052K), 0.0005000 secs] [Times: user=0.00 sys=0.00, real=0.00 secs] 
125.980: Total time for which application threads were stopped: 0.0677950 seconds, Stopping threads took: 0.0672090 seconds
125.981: Application time: 0.0009380 seconds
126.021: [GC126.021: [ParNew: 7578K->895K(8128K), 0.0020250 secs] 14586K->13497K(26052K), 0.0020580 secs] [Times: user=0.01 sys=0.00, real=0.00 secs] 
126.023: Total time for which application threads were stopped: 0.0422470 seconds, Stopping threads took: 0.0401330 seconds
126.119: Application time: 0.0966300 seconds
126.187: [GC126.187: [ParNew: 7826K->7826K(8128K), 0.0000100 secs]126.187: [Tenured: 12601K->1865K(17924K), 0.0045110 secs] 20428K->1865K(26052K), [Perm : 5116K->5116K(21248K)], 0.0045680 secs] [Times: user=0.01 sys=0.00, real=0.00 secs] 
126.191: Total time for which application threads were stopped: 0.0719710 seconds, Stopping threads took: 0.0673280 seconds
126.193: Application time: 0.0011580 seconds
126.233: [GC126.233: [ParNew: 7224K->895K(8128K), 0.0020120 secs] 9089K->8355K(26052K), 0.0020510 secs] [Times: user=0.01 sys=0.00, real=0.00 secs] 
126.235: Total time for which application threads were stopped: 0.0423430 seconds, Stopping threads took: 0.0402110 seconds
126.316: Application time: 0.0811690 seconds
126.384: [GC126.384: [ParNew: 7748K->398K(8128K), 0.0005820 secs] 15208K->7914K(26052K), 0.0006120 secs] [Times: user=0.00 sys=0.00, real=0.00 secs] 
126.384: Total time for which application threads were stopped: 0.0680750 seconds, Stopping threads took: 0.0673880 seconds
126.385: Application time: 0.0009240 seconds
126.426: [GC126.426: [ParNew: 7447K->893K(8128K), 0.0021310 secs] 14963K->13878K(26052K), 0.0021670 secs] [Times: user=0.02 sys=0.00, real=0.00 secs] 
126.428: Total time for which application threads were stopped: 0.0429470 seconds, Stopping threads took: 0.0407030 seconds
126.506: Application time: 0.0782540 seconds
126.582: [GC126.582: [ParNew: 7941K->7941K(8128K), 0.0000100 secs]126.582: [Tenured: 12985K->3458K(17924K), 0.0052740 secs] 20926K->3458K(26052K), [Perm : 5116K->5116K(21248K)], 0.0053300 secs] [Times: user=0.01 sys=0.00, real=0.01 secs] 
126.588: Total time for which application threads were stopped: 0.0813480 seconds, Stopping threads took: 0.0759220 seconds
126.673: Application time: 0.0854480 seconds
126.681: [GC126.681: [ParNew: 7048K->14K(8128K), 0.0005020 secs] 10506K->3472K(26052K), 0.0005300 secs] [Times: user=0.00 sys=0.00, real=0.00 secs] 
126.682: Total time for which application threads were stopped: 0.0086690 seconds, Stopping threads took: 0.0080650 seconds
126.683: Application time: 0.0007920 seconds
126.683: [GC126.683: [ParNew: 7160K->895K(8128K), 0.0021140 secs] 10618K->10603K(26052K), 0.0021480 secs] [Times: user=0.02 sys=0.00, real=0.00 secs] 
126.685: Total time for which application threads were stopped: 0.0023970 seconds, Stopping threads took: 0.0001920 seconds
126.767: Application time: 0.0818940 seconds
126.824: [GC126.824: [ParNew: 8040K->797K(8128K), 0.0006000 secs] 17749K->11115K(26052K), 0.0006350 secs] [Times: user=0.00 sys=0.00, real=0.00 secs] 
126.824: Total time for which application threads were stopped: 0.0574090 seconds, Stopping threads took: 0.0567190 seconds
126.826: Application time: 0.0013800 seconds
126.902: [GC126.902: [ParNew: 8021K->823K(8128K), 0.0004570 secs] 18340K->11369K(26052K), 0.0004880 secs] [Times: user=0.01 sys=0.00, real=0.00 secs] 
126.903: Total time for which application threads were stopped: 0.0770610 seconds, Stopping threads took: 0.0765190 seconds
126.904: Application time: 0.0010190 seconds
126.954: [GC126.954: [ParNew: 7969K->893K(8128K), 0.0019780 secs] 18515K->16565K(26052K), 0.0020150 secs] [Times: user=0.02 sys=0.00, real=0.00 secs] 
126.956: Total time for which application threads were stopped: 0.0527610 seconds, Stopping threads took: 0.0506890 seconds
127.050: Application time: 0.0938840 seconds
127.117: [GC127.117: [ParNew: 8039K->8039K(8128K), 0.0000100 secs]127.117: [Tenured: 15672K->1497K(17924K), 0.0051360 secs] 23711K->1497K(26052K), [Perm : 5116K->5116K(21248K)], 0.0051890 secs] [Times: user=0.01 sys=0.00, real=0.01 secs] 
127.123: Total time for which application threads were stopped: 0.0722280 seconds, Stopping threads took: 0.0669480 seconds
127.124: Application time: 0.0011030 seconds
127.169: [GC127.169: [ParNew: 7224K->895K(8128K), 0.0018850 secs] 8721K->6717K(26052K), 0.0019250 secs] [Times: user=0.01 sys=0.00, real=0.00 secs] 
127.171: Total time for which application threads were stopped: 0.0474490 seconds, Stopping threads took: 0.0454610 seconds
127.249: Application time: 0.0782960 seconds
127.292: [GC127.292: [ParNew: 8099K->462K(8128K), 0.0003200 secs] 13922K->6349K(26052K), 0.0003530 secs] [Times: user=0.01 sys=0.00, real=0.00 secs] 
127.293: Total time for which application threads were stopped: 0.0431130 seconds, Stopping threads took: 0.0426800 seconds
127.294: Application time: 0.0009420 seconds
127.334: [GC127.334: [ParNew: 7609K->895K(8128K), 0.0017040 secs] 13495K->11354K(26052K), 0.0017370 secs] [Times: user=0.01 sys=0.01, real=0.00 secs] 
127.336: Total time for which application threads were stopped: 0.0426740 seconds, Stopping threads took: 0.0408720 seconds
127.414: Application time: 0.0779120 seconds
127.458: [GC127.458: [ParNew: 7826K->432K(8128K), 0.0004990 secs] 18285K->10907K(26052K), 0.0005340 secs] [Times: user=0.00 sys=0.00, real=0.01 secs] 
127.458: Total time for which application threads were stopped: 0.0440940 seconds, Stopping threads took: 0.0435050 seconds
127.459: Application time: 0.0010170 seconds
127.500: [GC127.500: [ParNew: 7657K->895K(8128K), 0.0018720 secs] 18132K->16992K(26052K), 0.0019080 secs] [Times: user=0.01 sys=0.00, real=0.00 secs] 
127.502: Total time for which application threads were stopped: 0.0425030 seconds, Stopping threads took: 0.0405200 seconds
127.592: Application time: 0.0905840 seconds
127.642: [GC127.642: [ParNew: 8040K->8040K(8128K), 0.0000100 secs]127.642: [Tenured: 16097K->3201K(17924K), 0.0053240 secs] 24138K->3201K(26052K), [Perm : 5116K->5116K(21248K)], 0.0053820 secs] [Times: user=0.00 sys=0.00, real=0.01 secs] 
127.647: Total time for which application threads were stopped: 0.0550630 seconds, Stopping threads took: 0.0495900 seconds
127.735: Application time: 0.0871460 seconds
127.739: [GC127.739: [ParNew: 7048K->207K(8128K), 0.0004560 secs] 10250K->3409K(26052K), 0.0004870 secs] [Times: user=0.01 sys=0.00, real=0.00 secs] 
127.740: Total time for which application threads were stopped: 0.0053780 seconds, Stopping threads took: 0.0048160 seconds
127.741: Application time: 0.0007850 seconds
127.781: [GC127.781: [ParNew: 7353K->797K(8128K), 0.0020990 secs] 10555K->9468K(26052K), 0.0021360 secs] [Times: user=0.02 sys=0.00, real=0.00 secs] 
127.783: Total time for which application threads were stopped: 0.0427820 seconds, Stopping threads took: 0.0405880 seconds
127.864: Application time: 0.0804180 seconds
127.932: [GC127.932: [ParNew: 7923K->432K(8128K), 0.0006760 secs] 16594K->9127K(26052K), 0.0007050 secs] [Times: user=0.00 sys=0.00, real=0.00 secs] 
127.932: Total time for which application threads were stopped: 0.0684830 seconds, Stopping threads took: 0.0677170 seconds
127.933: Application time: 0.0009110 seconds
127.934: [GC127.934: [ParNew: 7481K->895K(8128K), 0.0022500 secs] 16176K->16161K(26052K), 0.0022940 secs] [Times: user=0.01 sys=0.01, real=0.00 secs] 
127.936: Total time for which application threads were stopped: 0.0026820 seconds, Stopping threads took: 0.0003100 seconds
128.021: Application time: 0.0849970 seconds
128.096: [GC128.096: [ParNew: 8040K->8040K(8128K), 0.0000100 secs]128.096: [Tenured: 15266K->4206K(17924K), 0.0056770 secs] 23307K->4206K(26052K), [Perm : 5116K->5116K(21248K)], 0.0057350 secs] [Times: user=0.01 sys=0.00, real=0.01 secs] 
128.102: Total time for which application threads were stopped: 0.0806420 seconds, Stopping threads took: 0.0748460 seconds
128.180: Application time: 0.0786910 seconds
128.183: [GC128.183: [ParNew: 7048K->795K(8128K), 0.0008230 secs] 11255K->5392K(26052K), 0.0008560 secs] [Times: user=0.00 sys=0.00, real=0.00 secs] 
128.184: Total time for which application threads were stopped: 0.0035540 seconds, Stopping threads took: 0.0026120 seconds
128.185: Application time: 0.0010100 seconds
128.256: [GC128.256: [ParNew: 7941K->895K(8128K), 0.0013710 secs] 12539K->8649K(26052K), 0.0014060 secs] [Times: user=0.01 sys=0.00, real=0.00 secs] 
128.258: Total time for which application threads were stopped: 0.0727630 seconds, Stopping threads took: 0.0712790 seconds
128.336: Application time: 0.0780830 seconds
128.378: [GC128.378: [ParNew: 8119K->434K(8128K), 0.0003090 secs] 15874K->8213K(26052K), 0.0003400 secs] [Times: user=0.00 sys=0.00, real=0.00 secs] 
128.378: Total time for which application threads were stopped: 0.0426470 seconds, Stopping threads took: 0.0422310 seconds
128.379: Application time: 0.0010050 seconds
128.420: [GC128.420: [ParNew: 7581K->825K(8128K), 0.0022230 secs] 15359K->14268K(26052K), 0.0022610 secs] [Times: user=0.02 sys=0.00, real=0.00 secs] 
128.422: Total time for which application threads were stopped: 0.0430330 seconds, Stopping threads took: 0.0407180 seconds
128.512: Application time: 0.0900110 seconds
128.586: [GC128.586: [ParNew: 7971K->7971K(8128K), 0.0000100 secs]128.586: [Tenured: 13443K->3258K(17924K), 0.0046720 secs] 21414K->3258K(26052K), [Perm : 5116K->5116K(21248K)], 0.0047350 secs] [Times: user=0.00 sys=0.00, real=0.00 secs] 
128.591: Total time for which application threads were stopped: 0.0787140 seconds, Stopping threads took: 0.0739170 seconds
128.680: Application time: 0.0887300 seconds
128.685: [GC128.685: [ParNew: 7048K->209K(8128K), 0.0004380 secs] 10307K->3468K(26052K), 0.0004690 secs] [Times: user=0.00 sys=0.00, real=0.00 secs] 
128.685: Total time for which application threads were stopped: 0.0051110 seconds, Stopping threads took: 0.0045560 seconds
128.686: Application time: 0.0008750 seconds
128.727: [GC128.727: [ParNew: 7414K->895K(8128K), 0.0020560 secs] 10673K->9483K(26052K), 0.0020910 secs] [Times: user=0.02 sys=0.00, real=0.00 secs] 
128.729: Total time for which application threads were stopped: 0.0429380 seconds, Stopping threads took: 0.0407680 seconds
128.809: Application time: 0.0803130 seconds
128.878: [GC128.878: [ParNew: 8040K->402K(8128K), 0.0004950 secs] 16629K->9031K(26052K), 0.0005270 secs] [Times: user=0.00 sys=0.00, real=0.00 secs] 
128.879: Total time for which application threads were stopped: 0.0697360 seconds, Stopping threads took: 0.0691550 seconds
128.880: Application time: 0.0009870 seconds
128.920: [GC128.920: [ParNew: 7548K->895K(8128K), 0.0019840 secs] 16177K->15090K(26052K), 0.0020220 secs] [Times: user=0.01 sys=0.00, real=0.00 secs] 
128.923: Total time for which application threads were stopped: 0.0426660 seconds, Stopping threads took: 0.0405660 seconds
129.017: Application time: 0.0947860 seconds
129.086: [GC129.086: [ParNew: 7748K->7748K(8128K), 0.0000100 secs]129.086: [Tenured: 14195K->1693K(17924K), 0.0050710 secs] 21943K->1693K(26052K), [Perm : 5116K->5116K(21248K)], 0.0051260 secs] [Times: user=0.00 sys=0.00, real=0.01 secs] 
129.091: Total time for which application threads were stopped: 0.0734240 seconds, Stopping threads took: 0.0682170 seconds
129.092: Application time: 0.0011510 seconds
129.132: [GC129.132: [ParNew: 7185K->881K(8128K), 0.0019530 secs] 8878K->8043K(26052K), 0.0019930 secs] [Times: user=0.01 sys=0.00, real=0.00 secs] 
129.134: Total time for which application threads were stopped: 0.0425510 seconds, Stopping threads took: 0.0404750 seconds
129.215: Application time: 0.0807980 seconds
129.284: [GC129.284: [ParNew: 7929K->400K(8128K), 0.0003820 secs] 15092K->7703K(26052K), 0.0004140 secs] [Times: user=0.00 sys=0.00, real=0.00 secs] 
129.284: Total time for which application threads were stopped: 0.0689040 seconds, Stopping threads took: 0.0684280 seconds
129.285: Application time: 0.0009890 seconds
129.325: [GC129.325: [ParNew: 7625K->895K(8128K), 0.0020080 secs] 14927K->13792K(26052K), 0.0020470 secs] [Times: user=0.02 sys=0.00, real=0.01 secs] 
129.328: Total time for which application threads were stopped: 0.0423650 seconds, Stopping threads took: 0.0402370 seconds
129.407: Application time: 0.0792740 seconds
129.476: [GC129.476: [ParNew: 7748K->7748K(8128K), 0.0000110 secs]129.476: [Tenured: 12897K->1807K(17924K), 0.0051600 secs] 20645K->1807K(26052K), [Perm : 5116K->5116K(21248K)], 0.0052170 secs] [Times: user=0.00 sys=0.00, real=0.01 secs] 
129.481: Total time for which application threads were stopped: 0.0744200 seconds, Stopping threads took: 0.0691210 seconds
129.482: Application time: 0.0011040 seconds
129.525: [GC129.525: [ParNew: 7146K->895K(8128K), 0.0023050 secs] 8953K->8268K(26052K), 0.0023430 secs] [Times: user=0.02 sys=0.00, real=0.01 secs] 
129.527: Total time for which application threads were stopped: 0.0445920 seconds, Stopping threads took: 0.0421690 seconds
129.608: Application time: 0.0814120 seconds
129.676: [GC129.676: [ParNew: 7943K->602K(8128K), 0.0004940 secs] 15317K->7991K(26052K), 0.0005260 secs] [Times: user=0.00 sys=0.00, real=0.00 secs] 
129.676: Total time for which application threads were stopped: 0.0679500 seconds, Stopping threads took: 0.0673710 seconds
129.677: Application time: 0.0008840 seconds
129.718: [GC129.718: [ParNew: 7748K->895K(8128K), 0.0020320 secs] 15137K->14087K(26052K), 0.0020780 secs] [Times: user=0.01 sys=0.00, real=0.01 secs] 
129.720: Total time for which application threads were stopped: 0.0425960 seconds, Stopping threads took: 0.0404610 seconds
129.802: Application time: 0.0823250 seconds
129.871: [GC129.871: [ParNew: 7943K->7943K(8128K), 0.0000100 secs]129.871: [Tenured: 13191K->2590K(17924K), 0.0052250 secs] 21135K->2590K(26052K), [Perm : 5116K->5116K(21248K)], 0.0052790 secs] [Times: user=0.00 sys=0.00, real=0.00 secs] 
129.876: Total time for which application threads were stopped: 0.0740440 seconds, Stopping threads took: 0.0686760 seconds
129.877: Application time: 0.0011350 seconds
129.920: [GC129.920: [ParNew: 7146K->895K(8128K), 0.0021370 secs] 9736K->9442K(26052K), 0.0021770 secs] [Times: user=0.01 sys=0.00, real=0.00 secs] 
129.923: Total time for which application threads were stopped: 0.0452500 seconds, Stopping threads took: 0.0429920 seconds
130.003: Application time: 0.0807560 seconds
130.072: [GC130.072: [ParNew: 8099K->853K(8128K), 0.0004880 secs] 16647K->9620K(26052K), 0.0005210 secs] [Times: user=0.00 sys=0.00, real=0.00 secs] 
130.072: Total time for which application threads were stopped: 0.0688000 seconds, Stopping threads took: 0.0682120 seconds
130.073: Application time: 0.0010630 seconds
130.114: [GC130.114: [ParNew: 7999K->895K(8128K), 0.0021220 secs] 16766K->15903K(26052K), 0.0021640 secs] [Times: user=0.01 sys=0.00, real=0.00 secs] 
130.116: Total time for which application threads were stopped: 0.0426120 seconds, Stopping threads took: 0.0403880 seconds
130.213: Application time: 0.0977350 seconds
130.283: [GC130.283: [ParNew: 8041K->8041K(8128K), 0.0000130 secs]130.284: [Tenured: 15007K->2061K(17924K), 0.0051540 secs] 23048K->2061K(26052K), [Perm : 5116K->5116K(21248K)], 0.0066800 secs] [Times: user=0.01 sys=0.00, real=0.01 secs] 
130.290: Total time for which application threads were stopped: 0.0761480 seconds, Stopping threads took: 0.0694070 seconds
130.291: Application time: 0.0012770 seconds
130.332: [GC130.332: [ParNew: 7146K->895K(8128K), 0.0014800 secs] 9207K->7253K(26052K), 0.0015140 secs] [Times: user=0.01 sys=0.00, real=0.00 secs] 
130.333: Total time for which application threads were stopped: 0.0421960 seconds, Stopping threads took: 0.0406230 seconds
130.412: Application time: 0.0791120 seconds
130.456: [GC130.456: [ParNew: 7943K->404K(8128K), 0.0006840 secs] 14301K->6795K(26052K), 0.0007140 secs] [Times: user=0.00 sys=0.00, real=0.00 secs] 
130.457: Total time for which application threads were stopped: 0.0445220 seconds, Stopping threads took: 0.0437440 seconds
130.458: Application time: 0.0009880 seconds
130.499: [GC130.499: [ParNew: 7629K->895K(8128K), 0.0019970 secs] 14019K->12880K(26052K), 0.0020360 secs] [Times: user=0.01 sys=0.00, real=0.00 secs] 
130.501: Total time for which application threads were stopped: 0.0428800 seconds, Stopping threads took: 0.0407870 seconds
130.581: Application time: 0.0802920 seconds
130.649: [GC130.649: [ParNew: 7826K->7826K(8128K), 0.0000100 secs]130.649: [Tenured: 11985K->1693K(17924K), 0.0045420 secs] 19811K->1693K(26052K), [Perm : 5116K->5116K(21248K)], 0.0045970 secs] [Times: user=0.00 sys=0.00, real=0.00 secs] 
130.653: Total time for which application threads were stopped: 0.0725350 seconds, Stopping threads took: 0.0678560 seconds
130.655: Application time: 0.0011010 seconds
130.694: [GC130.694: [ParNew: 7146K->893K(8128K), 0.0021770 secs] 8839K->8153K(26052K), 0.0022150 secs] [Times: user=0.01 sys=0.00, real=0.00 secs] 
130.696: Total time for which application threads were stopped: 0.0413120 seconds, Stopping threads took: 0.0390370 seconds
130.777: Application time: 0.0814450 seconds
130.845: [GC130.845: [ParNew: 7941K->598K(8128K), 0.0006080 secs] 15201K->7890K(26052K), 0.0006400 secs] [Times: user=0.00 sys=0.00, real=0.00 secs] 
130.846: Total time for which application threads were stopped: 0.0683390 seconds, Stopping threads took: 0.0676220 seconds
130.847: Application time: 0.0009980 seconds
130.916: [GC130.916: [ParNew: 7822K->895K(8128K), 0.0016120 secs] 15114K->11837K(26052K), 0.0016560 secs] [Times: user=0.01 sys=0.00, real=0.01 secs] 
130.918: Total time for which application threads were stopped: 0.0712600 seconds, Stopping threads took: 0.0695260 seconds
130.997: Application time: 0.0787930 seconds
131.038: [GC131.038: [ParNew: 7943K->791K(8128K), 0.0006500 secs] 18885K->11789K(26052K), 0.0006820 secs] [Times: user=0.00 sys=0.00, real=0.00 secs] 
131.039: Total time for which application threads were stopped: 0.0420220 seconds, Stopping threads took: 0.0412570 seconds
131.040: Application time: 0.0010390 seconds
131.080: [GC131.080: [ParNew: 7937K->895K(8128K), 0.0019820 secs] 18935K->16808K(26052K), 0.0020200 secs] [Times: user=0.01 sys=0.00, real=0.00 secs] 
131.082: Total time for which application threads were stopped: 0.0422920 seconds, Stopping threads took: 0.0401930 seconds
131.175: Application time: 0.0934010 seconds
131.235: [GC131.235: [ParNew: 8119K->8119K(8128K), 0.0000110 secs]131.235: [Tenured: 15913K->2826K(17924K), 0.0052410 secs] 24032K->2826K(26052K), [Perm : 5116K->5116K(21248K)], 0.0052970 secs] [Times: user=0.01 sys=0.00, real=0.01 secs] 
131.241: Total time for which application threads were stopped: 0.0651290 seconds, Stopping threads took: 0.0597500 seconds
131.242: Application time: 0.0011700 seconds
131.305: [GC131.305: [ParNew: 7107K->895K(8128K), 0.0017820 secs] 9933K->7684K(26052K), 0.0018220 secs] [Times: user=0.01 sys=0.00, real=0.01 secs] 
131.307: Total time for which application threads were stopped: 0.0647720 seconds, Stopping threads took: 0.0628710 seconds
131.385: Application time: 0.0787730 seconds
131.427: [GC131.427: [ParNew: 7943K->889K(8128K), 0.0005570 secs] 14732K->7929K(26052K), 0.0005880 secs] [Times: user=0.00 sys=0.00, real=0.00 secs] 
131.428: Total time for which application threads were stopped: 0.0423520 seconds, Stopping threads took: 0.0416890 seconds
131.429: Application time: 0.0012190 seconds
131.469: [GC131.469: [ParNew: 8035K->893K(8128K), 0.0020720 secs] 15075K->14200K(26052K), 0.0021060 secs] [Times: user=0.02 sys=0.00, real=0.00 secs] 
131.472: Total time for which application threads were stopped: 0.0425920 seconds, Stopping threads took: 0.0404060 seconds
131.565: Application time: 0.0930150 seconds
131.637: [GC131.637: [ParNew: 7941K->7941K(8128K), 0.0000100 secs]131.637: [Tenured: 13306K->2005K(17924K), 0.0055970 secs] 21248K->2005K(26052K), [Perm : 5116K->5116K(21248K)], 0.0056490 secs] [Times: user=0.01 sys=0.00, real=0.01 secs] 
131.643: Total time for which application threads were stopped: 0.0784000 seconds, Stopping threads took: 0.0726620 seconds
131.644: Application time: 0.0012270 seconds
131.685: [GC131.685: [ParNew: 7146K->895K(8128K), 0.0018440 secs] 9151K->8272K(26052K), 0.0018800 secs] [Times: user=0.01 sys=0.00, real=0.01 secs] 
131.686: Total time for which application threads were stopped: 0.0423060 seconds, Stopping threads took: 0.0403460 seconds
131.767: Application time: 0.0808150 seconds
131.836: [GC131.836: [ParNew: 8021K->432K(8128K), 0.0003120 secs] 15398K->7833K(26052K), 0.0003420 secs] [Times: user=0.00 sys=0.00, real=0.00 secs] 
131.836: Total time for which application threads were stopped: 0.0686510 seconds, Stopping threads took: 0.0682310 seconds
131.837: Application time: 0.0009780 seconds
131.877: [GC131.877: [ParNew: 7578K->825K(8128K), 0.0019490 secs] 14979K->13891K(26052K), 0.0019850 secs] [Times: user=0.01 sys=0.00, real=0.01 secs] 
131.879: Total time for which application threads were stopped: 0.0425160 seconds, Stopping threads took: 0.0404760 seconds
131.973: Application time: 0.0937310 seconds
132.044: [GC132.044: [ParNew: 7678K->7678K(8128K), 0.0000100 secs]132.044: [Tenured: 13065K->2229K(17924K), 0.0043930 secs] 20743K->2229K(26052K), [Perm : 5116K->5116K(21248K)], 0.0044490 secs] [Times: user=0.00 sys=0.00, real=0.01 secs] 
132.048: Total time for which application threads were stopped: 0.0749500 seconds, Stopping threads took: 0.0704400 seconds
132.049: Application time: 0.0010560 seconds
132.097: [GC132.097: [ParNew: 7048K->895K(8128K), 0.0019550 secs] 9278K->8593K(26052K), 0.0020010 secs] [Times: user=0.01 sys=0.00, real=0.01 secs] 
132.099: Total time for which application threads were stopped: 0.0499340 seconds, Stopping threads took: 0.0478740 seconds
132.181: Application time: 0.0823800 seconds
132.220: [GC132.220: [ParNew: 7943K->795K(8128K), 0.0007550 secs] 15641K->9291K(26052K), 0.0007850 secs] [Times: user=0.00 sys=0.00, real=0.00 secs] 
132.221: Total time for which application threads were stopped: 0.0397090 seconds, Stopping threads took: 0.0388640 seconds
132.307: Application time: 0.0853220 seconds
132.314: [GC132.314: [ParNew: 7843K->14K(8128K), 0.0005110 secs] 16339K->8533K(26052K), 0.0005430 secs] [Times: user=0.01 sys=0.00, real=0.00 secs] 
132.315: Total time for which application threads were stopped: 0.0084810 seconds, Stopping threads took: 0.0078660 seconds
132.316: Application time: 0.0008530 seconds
132.316: [GC132.316: [ParNew: 7219K->895K(8128K), 0.0024130 secs] 15739K->15623K(26052K), 0.0024480 secs] [Times: user=0.02 sys=0.00, real=0.01 secs] 
132.319: Total time for which application threads were stopped: 0.0027520 seconds, Stopping threads took: 0.0002270 seconds
132.411: Application time: 0.0919170 seconds
132.484: [GC132.484: [ParNew: 8040K->8040K(8128K), 0.0000110 secs]132.484: [Tenured: 14728K->1498K(17924K), 0.0051230 secs] 22769K->1498K(26052K), [Perm : 5116K->5116K(21248K)], 0.0051760 secs] [Times: user=0.01 sys=0.00, real=0.01 secs] 
132.489: Total time for which application threads were stopped: 0.0786530 seconds, Stopping threads took: 0.0734040 seconds
132.490: Application time: 0.0012710 seconds
132.545: [GC132.545: [ParNew: 7224K->895K(8128K), 0.0018050 secs] 8723K->6719K(26052K), 0.0018390 secs] [Times: user=0.01 sys=0.00, real=0.01 secs] 
132.547: Total time for which application threads were stopped: 0.0565580 seconds, Stopping threads took: 0.0546390 seconds
132.625: Application time: 0.0784120 seconds
132.668: [GC132.668: [ParNew: 8040K->893K(8128K), 0.0010610 secs] 13865K->8539K(26052K), 0.0010930 secs] [Times: user=0.00 sys=0.00, real=0.00 secs] 
132.669: Total time for which application threads were stopped: 0.0436700 seconds, Stopping threads took: 0.0424990 seconds
132.748: Application time: 0.0786820 seconds
132.751: [GC132.751: [ParNew: 8117K->825K(8128K), 0.0004790 secs] 15763K->8878K(26052K), 0.0005100 secs] [Times: user=0.00 sys=0.00, real=0.00 secs] 
132.751: Total time for which application threads were stopped: 0.0034390 seconds, Stopping threads took: 0.0028480 seconds
132.752: Application time: 0.0010180 seconds
132.793: [GC132.793: [ParNew: 7971K->795K(8128K), 0.0017680 secs] 16024K->13201K(26052K), 0.0018030 secs] [Times: user=0.01 sys=0.00, real=0.00 secs] 
132.795: Total time for which application threads were stopped: 0.0427400 seconds, Stopping threads took: 0.0408610 seconds
132.875: Application time: 0.0798700 seconds
132.918: [GC132.918: [ParNew: 7941K->7941K(8128K), 0.0000100 secs]132.918: [Tenured: 12405K->1948K(17924K), 0.0050310 secs] 20347K->1948K(26052K), [Perm : 5116K->5116K(21248K)], 0.0050840 secs] [Times: user=0.01 sys=0.00, real=0.01 secs] 
132.923: Total time for which application threads were stopped: 0.0478600 seconds, Stopping threads took: 0.0426920 seconds
132.924: Application time: 0.0012960 seconds
132.965: [GC132.965: [ParNew: 7224K->895K(8128K), 0.0018400 secs] 9172K->7364K(26052K), 0.0018750 secs] [Times: user=0.01 sys=0.00, real=0.01 secs] 
132.967: Total time for which application threads were stopped: 0.0424840 seconds, Stopping threads took: 0.0405420 seconds
133.045: Application time: 0.0780410 seconds
133.087: [GC133.087: [ParNew: 8119K->825K(8128K), 0.0008330 secs] 14588K->8319K(26052K), 0.0008670 secs] [Times: user=0.00 sys=0.00, real=0.00 secs] 
133.088: Total time for which application threads were stopped: 0.0430170 seconds, Stopping threads took: 0.0420720 seconds
133.174: Application time: 0.0860260 seconds
133.184: [GC133.184: [ParNew: 7952K->239K(8128K), 0.0003050 secs] 15445K->7821K(26052K), 0.0003450 secs] [Times: user=0.00 sys=0.00, real=0.00 secs] 
133.184: Total time for which application threads were stopped: 0.0107800 seconds, Stopping threads took: 0.0103790 seconds
133.185: Application time: 0.0007590 seconds
133.186: [GC133.186: [ParNew: 7385K->895K(8128K), 0.0021420 secs] 14967K->14950K(26052K), 0.0021770 secs] [Times: user=0.01 sys=0.00, real=0.01 secs] 
133.188: Total time for which application threads were stopped: 0.0026250 seconds, Stopping threads took: 0.0003660 seconds
133.269: Application time: 0.0811480 seconds
133.336: [GC133.336: [ParNew: 7943K->7943K(8128K), 0.0000100 secs]133.336: [Tenured: 14055K->3107K(17924K), 0.0047000 secs] 21998K->3107K(26052K), [Perm : 5116K->5116K(21248K)], 0.0047580 secs] [Times: user=0.00 sys=0.00, real=0.01 secs] 
133.341: Total time for which application threads were stopped: 0.0722460 seconds, Stopping threads took: 0.0674050 seconds
133.427: Application time: 0.0856660 seconds
133.432: [GC133.432: [ParNew: 7146K->14K(8128K), 0.0005870 secs] 10253K->3121K(26052K), 0.0006170 secs] [Times: user=0.00 sys=0.00, real=0.00 secs] 
133.433: Total time for which application threads were stopped: 0.0062320 seconds, Stopping threads took: 0.0055390 seconds
133.434: Application time: 0.0008480 seconds
133.474: [GC133.474: [ParNew: 7238K->825K(8128K), 0.0018320 secs] 10346K->9207K(26052K), 0.0018680 secs] [Times: user=0.01 sys=0.00, real=0.00 secs] 
133.476: Total time for which application threads were stopped: 0.0422010 seconds, Stopping threads took: 0.0402760 seconds
133.557: Application time: 0.0808860 seconds
133.624: [GC133.624: [ParNew: 7873K->207K(8128K), 0.0002880 secs] 16255K->8677K(26052K), 0.0003180 secs] [Times: user=0.00 sys=0.00, real=0.00 secs] 
133.625: Total time for which application threads were stopped: 0.0677410 seconds, Stopping threads took: 0.0673460 seconds
133.626: Application time: 0.0008640 seconds
133.626: [GC133.626: [ParNew: 7353K->895K(8128K), 0.0022030 secs] 15823K->15810K(26052K), 0.0022400 secs] [Times: user=0.02 sys=0.00, real=0.00 secs] 
133.628: Total time for which application threads were stopped: 0.0024380 seconds, Stopping threads took: 0.0001430 seconds
133.714: Application time: 0.0856810 seconds
133.754: [GC133.754: [ParNew: 8040K->8040K(8128K), 0.0000090 secs]133.754: [Tenured: 14915K->6456K(17924K), 0.0053280 secs] 22956K->6456K(26052K), [Perm : 5116K->5116K(21248K)], 0.0053860 secs] [Times: user=0.01 sys=0.00, real=0.01 secs] 
133.759: Total time for which application threads were stopped: 0.0454010 seconds, Stopping threads took: 0.0399520 seconds
133.838: Application time: 0.0788890 seconds
133.880: [GC133.880: [ParNew: 7224K->825K(8128K), 0.0006860 secs] 13680K->7672K(26052K), 0.0007210 secs] [Times: user=0.01 sys=0.00, real=0.00 secs] 
133.881: Total time for which application threads were stopped: 0.0425160 seconds, Stopping threads took: 0.0417100 seconds
133.882: Application time: 0.0011320 seconds
133.935: [GC133.935: [ParNew: 7971K->797K(8128K), 0.0018360 secs] 14818K->12005K(26052K), 0.0018710 secs] [Times: user=0.01 sys=0.00, real=0.00 secs] 
133.937: Total time for which application threads were stopped: 0.0552590 seconds, Stopping threads took: 0.0533110 seconds
134.015: Application time: 0.0784980 seconds
134.057: [GC134.057: [ParNew: 8021K->8021K(8128K), 0.0000100 secs]134.057: [Tenured: 11208K->3843K(17924K), 0.0049340 secs] 19230K->3843K(26052K), [Perm : 5116K->5116K(21248K)], 0.0049910 secs] [Times: user=0.00 sys=0.00, real=0.01 secs] 
134.062: Total time for which application threads were stopped: 0.0464350 seconds, Stopping threads took: 0.0413820 seconds
134.140: Application time: 0.0778720 seconds
134.143: [GC134.143: [ParNew: 7048K->600K(8128K), 0.0005890 secs] 10891K->4833K(26052K), 0.0006170 secs] [Times: user=0.01 sys=0.00, real=0.00 secs] 
134.144: Total time for which application threads were stopped: 0.0039550 seconds, Stopping threads took: 0.0032620 seconds
134.145: Application time: 0.0010000 seconds
134.198: [GC134.198: [ParNew: 7824K->895K(8128K), 0.0018340 secs] 12058K->10271K(26052K), 0.0018820 secs] [Times: user=0.01 sys=0.00, real=0.00 secs] 
134.200: Total time for which application threads were stopped: 0.0550920 seconds, Stopping threads took: 0.0531360 seconds
134.282: Application time: 0.0819810 seconds
134.350: [GC134.350: [ParNew: 8119K->235K(8128K), 0.0002900 secs] 17495K->9651K(26052K), 0.0003200 secs] [Times: user=0.00 sys=0.00, real=0.00 secs] 
134.351: Total time for which application threads were stopped: 0.0688700 seconds, Stopping threads took: 0.0684760 seconds
134.352: Application time: 0.0011090 seconds
134.393: [GC134.393: [ParNew: 7381K->895K(8128K), 0.0018950 secs] 16797K->15710K(26052K), 0.0019340 secs] [Times: user=0.02 sys=0.00, real=0.00 secs] 
134.395: Total time for which application threads were stopped: 0.0427470 seconds, Stopping threads took: 0.0407490 seconds
134.485: Application time: 0.0906190 seconds
134.554: [GC134.554: [ParNew: 8040K->8040K(8128K), 0.0000100 secs]134.554: [Tenured: 14815K->2924K(17924K), 0.0052450 secs] 22856K->2924K(26052K), [Perm : 5116K->5116K(21248K)], 0.0053030 secs] [Times: user=0.01 sys=0.00, real=0.01 secs] 
134.559: Total time for which application threads were stopped: 0.0737800 seconds, Stopping threads took: 0.0684150 seconds
134.645: Application time: 0.0865080 seconds
134.656: [GC134.656: [ParNew: 7048K->12K(8128K), 0.0004380 secs] 9973K->2936K(26052K), 0.0004690 secs] [Times: user=0.00 sys=0.00, real=0.00 secs] 
134.656: Total time for which application threads were stopped: 0.0105460 seconds, Stopping threads took: 0.0100030 seconds
134.657: Application time: 0.0007550 seconds
134.657: [GC134.657: [ParNew: 7158K->895K(8128K), 0.0023710 secs] 10082K->10070K(26052K), 0.0024050 secs] [Times: user=0.01 sys=0.00, real=0.01 secs] 
134.659: Total time for which application threads were stopped: 0.0026950 seconds, Stopping threads took: 0.0002350 seconds
134.741: Application time: 0.0818920 seconds
134.808: [GC134.808: [ParNew: 7943K->209K(8128K), 0.0003670 secs] 17118K->9416K(26052K), 0.0004010 secs] [Times: user=0.00 sys=0.00, real=0.00 secs] 
134.808: Total time for which application threads were stopped: 0.0669450 seconds, Stopping threads took: 0.0664890 seconds
134.809: Application time: 0.0010540 seconds
134.885: [GC134.885: [ParNew: 7334K->825K(8128K), 0.0003990 secs] 16541K->10032K(26052K), 0.0004280 secs] [Times: user=0.00 sys=0.00, real=0.01 secs] 
134.886: Total time for which application threads were stopped: 0.0764450 seconds, Stopping threads took: 0.0759630 seconds
134.890: Application time: 0.0041620 seconds
134.964: [GC134.964: [ParNew: 7932K->265K(8128K), 0.0004260 secs] 17140K->9536K(26052K), 0.0004550 secs] [Times: user=0.00 sys=0.00, real=0.00 secs] 
134.964: Total time for which application threads were stopped: 0.0741070 seconds, Stopping threads took: 0.0735820 seconds
134.965: Application time: 0.0008310 seconds
135.005: [GC135.005: [ParNew: 7314K->895K(8128K), 0.0020850 secs] 16585K->15496K(26052K), 0.0021170 secs] [Times: user=0.01 sys=0.00, real=0.01 secs] 
135.007: Total time for which application threads were stopped: 0.0425800 seconds, Stopping threads took: 0.0403870 seconds
135.100: Application time: 0.0920890 seconds
135.167: [GC135.167: [ParNew: 8040K->8040K(8128K), 0.0000100 secs]135.167: [Tenured: 14601K->1838K(17924K), 0.0051070 secs] 22641K->1838K(26052K), [Perm : 5116K->5116K(21248K)], 0.0051630 secs] [Times: user=0.01 sys=0.00, real=0.00 secs] 
135.173: Total time for which application threads were stopped: 0.0729510 seconds, Stopping threads took: 0.0677060 seconds
135.174: Application time: 0.0010510 seconds
135.215: [GC135.215: [ParNew: 7146K->895K(8128K), 0.0019800 secs] 8984K->8300K(26052K), 0.0020200 secs] [Times: user=0.02 sys=0.00, real=0.00 secs] 
135.217: Total time for which application threads were stopped: 0.0429740 seconds, Stopping threads took: 0.0408740 seconds
135.298: Application time: 0.0810850 seconds
135.365: [GC135.365: [ParNew: 8021K->630K(8128K), 0.0003450 secs] 15426K->8067K(26052K), 0.0015660 secs] [Times: user=0.00 sys=0.00, real=0.01 secs] 
135.366: Total time for which application threads were stopped: 0.0684420 seconds, Stopping threads took: 0.0667970 seconds
135.367: Application time: 0.0009640 seconds
135.412: [GC135.412: [ParNew: 7854K->895K(8128K), 0.0017520 secs] 15291K->13107K(26052K), 0.0017870 secs] [Times: user=0.01 sys=0.00, real=0.00 secs] 
135.413: Total time for which application threads were stopped: 0.0462630 seconds, Stopping threads took: 0.0444180 seconds
135.504: Application time: 0.0907810 seconds
135.556: [GC135.556: [ParNew: 7943K->7943K(8128K), 0.0000100 secs]135.556: [Tenured: 12212K->2678K(17924K), 0.0048260 secs] 20156K->2678K(26052K), [Perm : 5116K->5116K(21248K)], 0.0048830 secs] [Times: user=0.00 sys=0.00, real=0.01 secs] 
135.561: Total time for which application threads were stopped: 0.0564740 seconds, Stopping threads took: 0.0515220 seconds
135.562: Application time: 0.0014870 seconds
135.638: [GC135.638: [ParNew: 6853K->797K(8128K), 0.0007720 secs] 9531K->3866K(26052K), 0.0008020 secs] [Times: user=0.00 sys=0.00, real=0.00 secs] 
135.639: Total time for which application threads were stopped: 0.0766540 seconds, Stopping threads took: 0.0757770 seconds
135.640: Application time: 0.0009860 seconds
135.696: [GC135.696: [ParNew: 7943K->895K(8128K), 0.0016290 secs] 11012K->8179K(26052K), 0.0016610 secs] [Times: user=0.02 sys=0.00, real=0.00 secs] 
135.697: Total time for which application threads were stopped: 0.0577230 seconds, Stopping threads took: 0.0560050 seconds
135.778: Application time: 0.0806360 seconds
135.819: [GC135.819: [ParNew: 8119K->434K(8128K), 0.0003280 secs] 15403K->7751K(26052K), 0.0003600 secs] [Times: user=0.00 sys=0.00, real=0.00 secs] 
135.820: Total time for which application threads were stopped: 0.0417300 seconds, Stopping threads took: 0.0413030 seconds
135.821: Application time: 0.0009700 seconds
135.862: [GC135.862: [ParNew: 7580K->895K(8128K), 0.0019900 secs] 14897K->13806K(26052K), 0.0020280 secs] [Times: user=0.01 sys=0.00, real=0.00 secs] 
135.864: Total time for which application threads were stopped: 0.0427960 seconds, Stopping threads took: 0.0406880 seconds
135.953: Application time: 0.0891630 seconds
136.024: [GC136.024: [ParNew: 7748K->7748K(8128K), 0.0000100 secs]136.024: [Tenured: 12911K->1695K(17924K), 0.0050370 secs] 20659K->1695K(26052K), [Perm : 5116K->5116K(21248K)], 0.0050930 secs] [Times: user=0.01 sys=0.00, real=0.01 secs] 
136.029: Total time for which application threads were stopped: 0.0758840 seconds, Stopping threads took: 0.0707090 seconds
136.030: Application time: 0.0010660 seconds
136.083: [GC136.083: [ParNew: 7048K->895K(8128K), 0.0021380 secs] 8743K->8059K(26052K), 0.0021760 secs] [Times: user=0.01 sys=0.00, real=0.00 secs] 
136.085: Total time for which application threads were stopped: 0.0550290 seconds, Stopping threads took: 0.0527660 seconds
136.166: Application time: 0.0814160 seconds
136.224: [GC136.224: [ParNew: 8099K->853K(8128K), 0.0007800 secs] 15264K->8831K(26052K), 0.0008120 secs] [Times: user=0.00 sys=0.00, real=0.00 secs] 
136.224: Total time for which application threads were stopped: 0.0583330 seconds, Stopping threads took: 0.0574450 seconds
136.302: Application time: 0.0773210 seconds
136.304: [GC136.304: [ParNew: 7901K->10K(8128K), 0.0004270 secs] 15879K->8091K(26052K), 0.0004560 secs] [Times: user=0.00 sys=0.00, real=0.00 secs] 
136.304: Total time for which application threads were stopped: 0.0025520 seconds, Stopping threads took: 0.0020210 seconds
136.305: Application time: 0.0007470 seconds
136.356: [GC136.356: [ParNew: 7156K->895K(8128K), 0.0017790 secs] 15238K->14153K(26052K), 0.0018130 secs] [Times: user=0.02 sys=0.00, real=0.01 secs] 
136.358: Total time for which application threads were stopped: 0.0529380 seconds, Stopping threads took: 0.0510480 seconds
136.439: Application time: 0.0804940 seconds
136.506: [GC136.506: [ParNew: 7943K->7943K(8128K), 0.0000100 secs]136.506: [Tenured: 13257K->1949K(17924K), 0.0050240 secs] 21201K->1949K(26052K), [Perm : 5116K->5116K(21248K)], 0.0050790 secs] [Times: user=0.00 sys=0.00, real=0.00 secs] 
136.511: Total time for which application threads were stopped: 0.0724410 seconds, Stopping threads took: 0.0672720 seconds
136.514: Application time: 0.0032650 seconds
136.588: [GC136.588: [ParNew: 6911K->853K(8128K), 0.0005770 secs] 8861K->3584K(26052K), 0.0006060 secs] [Times: user=0.00 sys=0.00, real=0.00 secs] 
136.588: Total time for which application threads were stopped: 0.0741320 seconds, Stopping threads took: 0.0734410 seconds
136.673: Application time: 0.0841570 seconds
136.682: [GC136.682: [ParNew: 7901K->14K(8128K), 0.0003460 secs] 10632K->2856K(26052K), 0.0003760 secs] [Times: user=0.00 sys=0.00, real=0.00 secs] 
136.682: Total time for which application threads were stopped: 0.0095020 seconds, Stopping threads took: 0.0090740 seconds
136.683: Application time: 0.0008010 seconds
136.733: [GC136.733: [ParNew: 7208K->797K(8128K), 0.0020110 secs] 10051K->8913K(26052K), 0.0020430 secs] [Times: user=0.01 sys=0.00, real=0.00 secs] 
136.735: Total time for which application threads were stopped: 0.0523600 seconds, Stopping threads took: 0.0502620 seconds
136.813: Application time: 0.0778760 seconds
136.854: [GC136.854: [ParNew: 7843K->891K(8128K), 0.0007210 secs] 15960K->9414K(26052K), 0.0007520 secs] [Times: user=0.00 sys=0.00, real=0.00 secs] 
136.855: Total time for which application threads were stopped: 0.0415540 seconds, Stopping threads took: 0.0407240 seconds
136.896: Application time: 0.0416680 seconds
136.933: [GC136.933: [ParNew: 7937K->795K(8128K), 0.0003960 secs] 16460K->9342K(26052K), 0.0004240 secs] [Times: user=0.00 sys=0.00, real=0.00 secs] 
136.933: Total time for which application threads were stopped: 0.0367630 seconds, Stopping threads took: 0.0362870 seconds
136.974: Application time: 0.0412730 seconds
137.010: [GC137.010: [ParNew: 7939K->404K(8128K), 0.0005250 secs] 16486K->8951K(26052K), 0.0005550 secs] [Times: user=0.00 sys=0.00, real=0.00 secs] 
137.011: Total time for which application threads were stopped: 0.0366020 seconds, Stopping threads took: 0.0359740 seconds
137.052: Application time: 0.0410240 seconds
137.089: [GC137.089: [ParNew: 7597K->893K(8128K), 0.0004380 secs] 16144K->9635K(26052K), 0.0004670 secs] [Times: user=0.00 sys=0.00, real=0.00 secs] 
137.090: Total time for which application threads were stopped: 0.0376520 seconds, Stopping threads took: 0.0371040 seconds
137.166: Application time: 0.0767680 seconds
137.172: [GC137.172: [ParNew: 7792K->402K(8128K), 0.0003130 secs] 16534K->9161K(26052K), 0.0003410 secs] [Times: user=0.00 sys=0.00, real=0.00 secs] 
137.173: Total time for which application threads were stopped: 0.0063310 seconds, Stopping threads took: 0.0059380 seconds
137.233: Application time: 0.0600720 seconds
137.255: [GC137.255: [ParNew: 7444K->598K(8128K), 0.0006620 secs] 16203K->9747K(26052K), 0.0006880 secs] [Times: user=0.00 sys=0.00, real=0.00 secs] 
137.256: Total time for which application threads were stopped: 0.0227020 seconds, Stopping threads took: 0.0219690 seconds
137.332: Application time: 0.0767740 seconds
137.338: [GC137.338: [ParNew: 7592K->402K(8128K), 0.0004730 secs] 16741K->9559K(26052K), 0.0004970 secs] [Times: user=0.00 sys=0.00, real=0.01 secs] 
137.338: Total time for which application threads were stopped: 0.0057650 seconds, Stopping threads took: 0.0052010 seconds
137.420: Application time: 0.0815850 seconds
137.449: [GC137.449: [ParNew: 7590K->10K(8128K), 0.0004790 secs] 16747K->9167K(26052K), 0.0005020 secs] [Times: user=0.00 sys=0.00, real=0.00 secs] 
137.450: Total time for which application threads were stopped: 0.0303320 seconds, Stopping threads took: 0.0297630 seconds
137.532: Application time: 0.0816710 seconds
137.532: [GC137.532: [ParNew: 7195K->793K(8128K), 0.0008080 secs] 16352K->10927K(26052K), 0.0008310 secs] [Times: user=0.00 sys=0.00, real=0.00 secs] 
137.533: Total time for which application threads were stopped: 0.0010080 seconds, Stopping threads took: 0.0001310 seconds
137.722: Application time: 0.1894850 seconds
137.722: Total time for which application threads were stopped: 0.0000480 seconds, Stopping threads took: 0.0000180 seconds
137.722: Application time: 0.0000780 seconds
137.722: [GC137.722: [ParNew: 8004K->134K(8128K), 0.0003900 secs] 18138K->10276K(26052K), 0.0004140 secs] [Times: user=0.01 sys=0.00, real=0.00 secs] 
137.723: Total time for which application threads were stopped: 0.0005420 seconds, Stopping threads took: 0.0000840 seconds
137.726: Application time: 0.0033350 seconds
137.800: [GC137.800: [ParNew: 7171K->654K(8128K), 0.0004240 secs] 17313K->10795K(26052K), 0.0004530 secs] [Times: user=0.01 sys=0.00, real=0.00 secs] 
137.800: Total time for which application threads were stopped: 0.0742240 seconds, Stopping threads took: 0.0737180 seconds
137.801: Application time: 0.0009570 seconds
137.842: [GC137.842: [ParNew: 7832K->844K(8128K), 0.0019680 secs] 17974K->16841K(26052K), 0.0019960 secs] [Times: user=0.01 sys=0.01, real=0.00 secs] 
137.844: Total time for which application threads were stopped: 0.0427010 seconds, Stopping threads took: 0.0406540 seconds
137.935: Application time: 0.0913220 seconds
138.006: [GC138.006: [ParNew: 7967K->7967K(8128K), 0.0000100 secs]138.006: [Tenured: 15996K->3530K(17924K), 0.0055150 secs] 23964K->3530K(26052K), [Perm : 5140K->5140K(21248K)], 0.0055730 secs] [Times: user=0.00 sys=0.00, real=0.00 secs] 
138.012: Total time for which application threads were stopped: 0.0766440 seconds, Stopping threads took: 0.0709880 seconds
138.096: Application time: 0.0844320 seconds
138.103: [GC138.103: [ParNew: 7092K->14K(8128K), 0.0004950 secs] 10622K->3544K(26052K), 0.0005240 secs] [Times: user=0.00 sys=0.00, real=0.00 secs] 
138.103: Total time for which application threads were stopped: 0.0067200 seconds, Stopping threads took: 0.0061220 seconds
138.104: Application time: 0.0008410 seconds
138.104: [GC138.104: [ParNew: 7183K->895K(8128K), 0.0024130 secs] 10713K->10676K(26052K), 0.0024470 secs] [Times: user=0.02 sys=0.00, real=0.01 secs] 
138.107: Total time for which application threads were stopped: 0.0028080 seconds, Stopping threads took: 0.0002840 seconds
138.188: Application time: 0.0807040 seconds
138.255: [GC138.255: [ParNew: 7952K->891K(8128K), 0.0005300 secs] 17733K->11094K(26052K), 0.0005640 secs] [Times: user=0.00 sys=0.00, real=0.00 secs] 
138.256: Total time for which application threads were stopped: 0.0685430 seconds, Stopping threads took: 0.0678900 seconds
138.262: Application time: 0.0061110 seconds
138.334: [GC138.334: [ParNew: 7941K->598K(8128K), 0.0005600 secs] 18145K->11012K(26052K), 0.0005900 secs] [Times: user=0.00 sys=0.00, real=0.00 secs] 
138.335: Total time for which application threads were stopped: 0.0728230 seconds, Stopping threads took: 0.0721590 seconds
138.336: Application time: 0.0010360 seconds
138.381: [GC138.381: [ParNew: 7744K->895K(8128K), 0.0018640 secs] 18159K->16193K(26052K), 0.0018970 secs] [Times: user=0.01 sys=0.00, real=0.00 secs] 
138.383: Total time for which application threads were stopped: 0.0470740 seconds, Stopping threads took: 0.0451220 seconds
138.473: Application time: 0.0899120 seconds
138.524: [GC138.524: [ParNew: 8041K->8041K(8128K), 0.0000100 secs]138.524: [Tenured: 15298K->4117K(17924K), 0.0055900 secs] 23339K->4117K(26052K), [Perm : 5140K->5140K(21248K)], 0.0056460 secs] [Times: user=0.01 sys=0.00, real=0.01 secs] 
138.530: Total time for which application threads were stopped: 0.0571050 seconds, Stopping threads took: 0.0513970 seconds
138.613: Application time: 0.0828880 seconds
138.615: [GC138.615: [ParNew: 6853K->404K(8128K), 0.0005610 secs] 10970K->4521K(26052K), 0.0005920 secs] [Times: user=0.00 sys=0.00, real=0.00 secs] 
138.615: Total time for which application threads were stopped: 0.0024320 seconds, Stopping threads took: 0.0017750 seconds
138.616: Application time: 0.0007610 seconds
138.617: [GC138.617: [ParNew: 7453K->895K(8128K), 0.0025040 secs] 11570K->11555K(26052K), 0.0025400 secs] [Times: user=0.02 sys=0.00, real=0.01 secs] 
138.619: Total time for which application threads were stopped: 0.0029230 seconds, Stopping threads took: 0.0003270 seconds
138.700: Application time: 0.0811310 seconds
138.772: [GC138.772: [ParNew: 7845K->404K(8128K), 0.0004760 secs] 18506K->11089K(26052K), 0.0005180 secs] [Times: user=0.00 sys=0.00, real=0.00 secs] 
138.772: Total time for which application threads were stopped: 0.0717920 seconds, Stopping threads took: 0.0712100 seconds
138.774: Application time: 0.0020050 seconds
138.850: [GC138.850: [ParNew: 7550K->16K(8128K), 0.0002880 secs] 18235K->10700K(26052K), 0.0003160 secs] [Times: user=0.00 sys=0.00, real=0.00 secs] 
138.850: Total time for which application threads were stopped: 0.0758240 seconds, Stopping threads took: 0.0754590 seconds
138.851: Application time: 0.0008220 seconds
138.891: [GC138.891: [ParNew: 7162K->895K(8128K), 0.0017880 secs] 17846K->16755K(26052K), 0.0018220 secs] [Times: user=0.01 sys=0.00, real=0.00 secs] 
138.893: Total time for which application threads were stopped: 0.0425390 seconds, Stopping threads took: 0.0406600 seconds
138.984: Application time: 0.0908450 seconds
139.058: [GC139.058: [ParNew: 7943K->7943K(8128K), 0.0000110 secs]139.058: [Tenured: 15860K->1536K(17924K), 0.0052840 secs] 23803K->1536K(26052K), [Perm : 5140K->5140K(21248K)], 0.0053400 secs] [Times: user=0.00 sys=0.00, real=0.00 secs] 
139.063: Total time for which application threads were stopped: 0.0792240 seconds, Stopping threads took: 0.0738220 seconds
139.064: Application time: 0.0011080 seconds
139.105: [GC139.105: [ParNew: 7146K->797K(8128K), 0.0022130 secs] 8682K->7802K(26052K), 0.0022510 secs] [Times: user=0.02 sys=0.00, real=0.01 secs] 
139.108: Total time for which application threads were stopped: 0.0431920 seconds, Stopping threads took: 0.0408630 seconds
139.191: Application time: 0.0831460 seconds
139.262: [GC139.262: [ParNew: 7845K->402K(8128K), 0.0006570 secs] 14850K->7439K(26052K), 0.0006900 secs] [Times: user=0.00 sys=0.00, real=0.00 secs] 
139.263: Total time for which application threads were stopped: 0.0723230 seconds, Stopping threads took: 0.0715580 seconds
139.264: Application time: 0.0010200 seconds
139.316: [GC139.316: [ParNew: 7627K->825K(8128K), 0.0022080 secs] 14664K->13527K(26052K), 0.0022460 secs] [Times: user=0.01 sys=0.00, real=0.01 secs] 
139.318: Total time for which application threads were stopped: 0.0539570 seconds, Stopping threads took: 0.0516270 seconds
139.399: Application time: 0.0806460 seconds
139.471: [GC139.471: [ParNew: 7756K->7756K(8128K), 0.0000110 secs]139.471: [Tenured: 12701K->1788K(17924K), 0.0052430 secs] 20458K->1788K(26052K), [Perm : 5140K->5140K(21248K)], 0.0053000 secs] [Times: user=0.01 sys=0.00, real=0.00 secs] 
139.476: Total time for which application threads were stopped: 0.0772550 seconds, Stopping threads took: 0.0718750 seconds
139.477: Application time: 0.0011120 seconds
139.520: [GC139.520: [ParNew: 7107K->895K(8128K), 0.0019550 secs] 8896K->8111K(26052K), 0.0019940 secs] [Times: user=0.01 sys=0.00, real=0.00 secs] 
139.522: Total time for which application threads were stopped: 0.0444780 seconds, Stopping threads took: 0.0424250 seconds
139.601: Application time: 0.0796210 seconds
139.671: [GC139.671: [ParNew: 7943K->893K(8128K), 0.0007350 secs] 15159K->8751K(26052K), 0.0007680 secs] [Times: user=0.00 sys=0.00, real=0.00 secs] 
139.672: Total time for which application threads were stopped: 0.0708720 seconds, Stopping threads took: 0.0700250 seconds
139.674: Application time: 0.0016130 seconds
139.749: [GC139.749: [ParNew: 8058K->895K(8128K), 0.0013640 secs] 15917K->12022K(26052K), 0.0014010 secs] [Times: user=0.01 sys=0.00, real=0.00 secs] 
139.750: Total time for which application threads were stopped: 0.0764500 seconds, Stopping threads took: 0.0749930 seconds
139.828: Application time: 0.0782830 seconds
139.834: [GC139.834: [ParNew: 8041K->8041K(8128K), 0.0000110 secs]139.834: [Tenured: 11127K->4501K(17924K), 0.0056430 secs] 19168K->4501K(26052K), [Perm : 5140K->5140K(21248K)], 0.0057010 secs] [Times: user=0.01 sys=0.00, real=0.01 secs] 
139.839: Total time for which application threads were stopped: 0.0108330 seconds, Stopping threads took: 0.0050610 seconds
139.918: Application time: 0.0788930 seconds
139.922: [GC139.922: [ParNew: 6853K->793K(8128K), 0.0005670 secs] 11354K->5294K(26052K), 0.0006060 secs] [Times: user=0.00 sys=0.00, real=0.00 secs] 
139.923: Total time for which application threads were stopped: 0.0045040 seconds, Stopping threads took: 0.0038430 seconds
139.924: Application time: 0.0009230 seconds
139.977: [GC139.977: [ParNew: 7939K->895K(8128K), 0.0020370 secs] 12440K->10295K(26052K), 0.0020730 secs] [Times: user=0.02 sys=0.00, real=0.01 secs] 
139.979: Total time for which application threads were stopped: 0.0555930 seconds, Stopping threads took: 0.0534630 seconds
140.060: Application time: 0.0807850 seconds
140.129: [GC140.129: [ParNew: 8041K->10K(8128K), 0.0003460 secs] 17441K->9418K(26052K), 0.0003780 secs] [Times: user=0.00 sys=0.00, real=0.00 secs] 
140.129: Total time for which application threads were stopped: 0.0692060 seconds, Stopping threads took: 0.0687520 seconds
140.130: Application time: 0.0009290 seconds
140.130: [GC140.130: [ParNew: 7156K->895K(8128K), 0.0021780 secs] 16564K->16554K(26052K), 0.0022100 secs] [Times: user=0.01 sys=0.00, real=0.00 secs] 
140.133: Total time for which application threads were stopped: 0.0024290 seconds, Stopping threads took: 0.0001420 seconds
140.225: Application time: 0.0919770 seconds
140.296: [GC140.296: [ParNew: 7943K->7943K(8128K), 0.0000100 secs]140.296: [Tenured: 15658K->2157K(17924K), 0.0051990 secs] 23602K->2157K(26052K), [Perm : 5140K->5140K(21248K)], 0.0052550 secs] [Times: user=0.00 sys=0.00, real=0.01 secs] 
140.301: Total time for which application threads were stopped: 0.0767410 seconds, Stopping threads took: 0.0714260 seconds
140.302: Application time: 0.0010600 seconds
140.342: [GC140.342: [ParNew: 7146K->797K(8128K), 0.0020070 secs] 9303K->8424K(26052K), 0.0020430 secs] [Times: user=0.01 sys=0.01, real=0.00 secs] 
140.344: Total time for which application threads were stopped: 0.0418470 seconds, Stopping threads took: 0.0397150 seconds
140.426: Application time: 0.0820520 seconds
140.489: [GC140.489: [ParNew: 7845K->402K(8128K), 0.0005250 secs] 15472K->8045K(26052K), 0.0016870 secs] [Times: user=0.00 sys=0.00, real=0.00 secs] 
140.490: Total time for which application threads were stopped: 0.0641910 seconds, Stopping threads took: 0.0624220 seconds
140.491: Application time: 0.0009830 seconds
140.492: [GC140.492: [ParNew: 7546K->895K(8128K), 0.0023250 secs] 15189K->15179K(26052K), 0.0023590 secs] [Times: user=0.02 sys=0.00, real=0.00 secs] 
140.494: Total time for which application threads were stopped: 0.0026270 seconds, Stopping threads took: 0.0001880 seconds
140.581: Application time: 0.0874110 seconds
140.654: [GC140.654: [ParNew: 8040K->8040K(8128K), 0.0000110 secs]140.654: [Tenured: 14283K->3100K(17924K), 0.0050710 secs] 22324K->3100K(26052K), [Perm : 5140K->5140K(21248K)], 0.0051270 secs] [Times: user=0.00 sys=0.00, real=0.01 secs] 
140.659: Total time for which application threads were stopped: 0.0772750 seconds, Stopping threads took: 0.0720850 seconds
140.745: Application time: 0.0862670 seconds
140.756: [GC140.756: [ParNew: 7048K->209K(8128K), 0.0005550 secs] 10149K->3310K(26052K), 0.0005860 secs] [Times: user=0.01 sys=0.00, real=0.00 secs] 
140.757: Total time for which application threads were stopped: 0.0117530 seconds, Stopping threads took: 0.0111130 seconds
140.758: Application time: 0.0008570 seconds
140.798: [GC140.798: [ParNew: 7355K->797K(8128K), 0.0021420 secs] 10456K->9367K(26052K), 0.0021770 secs] [Times: user=0.01 sys=0.00, real=0.00 secs] 
140.800: Total time for which application threads were stopped: 0.0424250 seconds, Stopping threads took: 0.0401920 seconds
140.881: Application time: 0.0806430 seconds
140.949: [GC140.949: [ParNew: 7845K->406K(8128K), 0.0004080 secs] 16415K->9000K(26052K), 0.0004400 secs] [Times: user=0.00 sys=0.00, real=0.00 secs] 
140.949: Total time for which application threads were stopped: 0.0685840 seconds, Stopping threads took: 0.0680670 seconds
140.950: Application time: 0.0009170 seconds
141.002: [GC141.002: [ParNew: 7552K->895K(8128K), 0.0019580 secs] 16146K->15055K(26052K), 0.0020030 secs] [Times: user=0.01 sys=0.00, real=0.00 secs] 
141.004: Total time for which application threads were stopped: 0.0541640 seconds, Stopping threads took: 0.0520810 seconds
141.090: Application time: 0.0853850 seconds
141.147: [GC141.147: [ParNew: 8040K->8040K(8128K), 0.0000100 secs]141.147: [Tenured: 14160K->4174K(17924K), 0.0057550 secs] 22201K->4174K(26052K), [Perm : 5140K->5140K(21248K)], 0.0058120 secs] [Times: user=0.00 sys=0.00, real=0.00 secs] 
141.153: Total time for which application threads were stopped: 0.0632240 seconds, Stopping threads took: 0.0573510 seconds
141.231: Application time: 0.0784570 seconds
141.236: [GC141.236: [ParNew: 7185K->881K(8128K), 0.0006320 secs] 11360K->5446K(26052K), 0.0006660 secs] [Times: user=0.00 sys=0.00, real=0.00 secs] 
141.237: Total time for which application threads were stopped: 0.0053340 seconds, Stopping threads took: 0.0045920 seconds
141.238: Application time: 0.0014420 seconds
141.315: [GC141.315: [ParNew: 8105K->825K(8128K), 0.0005820 secs] 12671K->5518K(26052K), 0.0006140 secs] [Times: user=0.00 sys=0.00, real=0.00 secs] 
141.316: Total time for which application threads were stopped: 0.0774600 seconds, Stopping threads took: 0.0767690 seconds
141.317: Application time: 0.0009460 seconds
141.386: [GC141.386: [ParNew: 8050K->825K(8128K), 0.0016000 secs] 12743K->9481K(26052K), 0.0016340 secs] [Times: user=0.01 sys=0.00, real=0.01 secs] 
141.387: Total time for which application threads were stopped: 0.0705800 seconds, Stopping threads took: 0.0688910 seconds
141.467: Application time: 0.0794020 seconds
141.507: [GC141.507: [ParNew: 7951K->630K(8128K), 0.0006320 secs] 16607K->9732K(26052K), 0.0006640 secs] [Times: user=0.01 sys=0.00, real=0.00 secs] 
141.508: Total time for which application threads were stopped: 0.0412020 seconds, Stopping threads took: 0.0404520 seconds
141.509: Application time: 0.0008710 seconds
141.550: [GC141.550: [ParNew: 7854K->895K(8128K), 0.0019600 secs] 16957K->15164K(26052K), 0.0019960 secs] [Times: user=0.01 sys=0.00, real=0.00 secs] 
141.552: Total time for which application threads were stopped: 0.0428430 seconds, Stopping threads took: 0.0407690 seconds
141.631: Application time: 0.0797030 seconds
141.699: [GC141.699: [ParNew: 8041K->8041K(8128K), 0.0000110 secs]141.699: [Tenured: 14269K->1736K(17924K), 0.0052530 secs] 22310K->1736K(26052K), [Perm : 5140K->5140K(21248K)], 0.0053080 secs] [Times: user=0.00 sys=0.00, real=0.00 secs] 
141.705: Total time for which application threads were stopped: 0.0735290 seconds, Stopping threads took: 0.0681390 seconds
141.706: Application time: 0.0011000 seconds
141.706: [GC141.706: [ParNew: 7146K->895K(8128K), 0.0025720 secs] 8882K->8882K(26052K), 0.0026090 secs] [Times: user=0.02 sys=0.00, real=0.00 secs] 
141.709: Total time for which application threads were stopped: 0.0029090 seconds, Stopping threads took: 0.0002140 seconds
141.790: Application time: 0.0807500 seconds
141.849: [GC141.849: [ParNew: 8119K->825K(8128K), 0.0007630 secs] 16106K->9626K(26052K), 0.0007940 secs] [Times: user=0.00 sys=0.00, real=0.00 secs] 
141.850: Total time for which application threads were stopped: 0.0607030 seconds, Stopping threads took: 0.0598310 seconds
141.929: Application time: 0.0790390 seconds
141.933: [GC141.933: [ParNew: 7874K->12K(8128K), 0.0002520 secs] 16674K->8876K(26052K), 0.0002790 secs] [Times: user=0.01 sys=0.00, real=0.00 secs] 
141.933: Total time for which application threads were stopped: 0.0038600 seconds, Stopping threads took: 0.0035040 seconds
141.934: Application time: 0.0007770 seconds
141.934: [GC141.934: [ParNew: 7158K->895K(8128K), 0.0020700 secs] 16022K->16010K(26052K), 0.0021070 secs] [Times: user=0.02 sys=0.00, real=0.00 secs] 
141.936: Total time for which application threads were stopped: 0.0024400 seconds, Stopping threads took: 0.0002550 seconds
142.032: Application time: 0.0958720 seconds
142.102: [GC142.102: [ParNew: 7943K->7943K(8128K), 0.0000100 secs]142.102: [Tenured: 15114K->1962K(17924K), 0.0044330 secs] 23058K->1962K(26052K), [Perm : 5140K->5140K(21248K)], 0.0044990 secs] [Times: user=0.00 sys=0.00, real=0.01 secs] 
142.107: Total time for which application threads were stopped: 0.0747100 seconds, Stopping threads took: 0.0701220 seconds
142.108: Application time: 0.0013460 seconds
142.149: [GC142.149: [ParNew: 7048K->795K(8128K), 0.0017550 secs] 9011K->7055K(26052K), 0.0017910 secs] [Times: user=0.01 sys=0.00, real=0.00 secs] 
142.151: Total time for which application threads were stopped: 0.0425300 seconds, Stopping threads took: 0.0406810 seconds
142.233: Application time: 0.0822240 seconds
142.288: [GC142.288: [ParNew: 7941K->404K(8128K), 0.0006030 secs] 14201K->6696K(26052K), 0.0006340 secs] [Times: user=0.00 sys=0.00, real=0.00 secs] 
142.289: Total time for which application threads were stopped: 0.0555670 seconds, Stopping threads took: 0.0548570 seconds
142.291: Application time: 0.0024030 seconds
142.367: [GC142.367: [ParNew: 7550K->12K(8128K), 0.0004600 secs] 13842K->6303K(26052K), 0.0004880 secs] [Times: user=0.00 sys=0.00, real=0.00 secs] 
142.368: Total time for which application threads were stopped: 0.0765670 seconds, Stopping threads took: 0.0760170 seconds
142.368: Application time: 0.0007580 seconds
142.369: [GC142.369: [ParNew: 7158K->895K(8128K), 0.0022830 secs] 13450K->13437K(26052K), 0.0023170 secs] [Times: user=0.01 sys=0.00, real=0.00 secs] 
142.371: Total time for which application threads were stopped: 0.0026690 seconds, Stopping threads took: 0.0002970 seconds
142.453: Application time: 0.0817920 seconds
142.524: [GC142.524: [ParNew: 7943K->7943K(8128K), 0.0000110 secs]142.524: [Tenured: 12542K->1538K(17924K), 0.0059240 secs] 20485K->1538K(26052K), [Perm : 5140K->5140K(21248K)], 0.0059780 secs] [Times: user=0.01 sys=0.00, real=0.01 secs] 
142.530: Total time for which application threads were stopped: 0.0768330 seconds, Stopping threads took: 0.0707930 seconds
142.531: Application time: 0.0014550 seconds
142.571: [GC142.571: [ParNew: 7146K->797K(8128K), 0.0019720 secs] 8684K->7805K(26052K), 0.0020020 secs] [Times: user=0.02 sys=0.00, real=0.00 secs] 
142.573: Total time for which application threads were stopped: 0.0416210 seconds, Stopping threads took: 0.0395420 seconds
142.655: Application time: 0.0819470 seconds
142.722: [GC142.722: [ParNew: 7845K->402K(8128K), 0.0006010 secs] 14853K->7434K(26052K), 0.0006320 secs] [Times: user=0.00 sys=0.00, real=0.00 secs] 
142.723: Total time for which application threads were stopped: 0.0679720 seconds, Stopping threads took: 0.0672580 seconds
142.724: Application time: 0.0009950 seconds
142.764: [GC142.764: [ParNew: 7626K->823K(8128K), 0.0018810 secs] 14658K->13519K(26052K), 0.0019160 secs] [Times: user=0.02 sys=0.00, real=0.01 secs] 
142.766: Total time for which application threads were stopped: 0.0426380 seconds, Stopping threads took: 0.0406400 seconds
142.856: Application time: 0.0896210 seconds
142.925: [GC142.925: [ParNew: 7832K->7832K(8128K), 0.0000100 secs]142.925: [Tenured: 12696K->1819K(17924K), 0.0045920 secs] 20528K->1819K(26052K), [Perm : 5142K->5142K(21248K)], 0.0046470 secs] [Times: user=0.00 sys=0.00, real=0.01 secs] 
142.930: Total time for which application threads were stopped: 0.0739950 seconds, Stopping threads took: 0.0692670 seconds
142.931: Application time: 0.0010680 seconds
142.977: [GC142.977: [ParNew: 7048K->895K(8128K), 0.0016700 secs] 8867K->7109K(26052K), 0.0017070 secs] [Times: user=0.01 sys=0.00, real=0.01 secs] 
142.979: Total time for which application threads were stopped: 0.0481130 seconds, Stopping threads took: 0.0463470 seconds
143.057: Application time: 0.0782710 seconds
143.099: [GC143.099: [ParNew: 7923K->825K(8128K), 0.0009200 secs] 14138K->8821K(26052K), 0.0009540 secs] [Times: user=0.01 sys=0.00, real=0.00 secs] 
143.100: Total time for which application threads were stopped: 0.0421450 seconds, Stopping threads took: 0.0411340 seconds
143.187: Application time: 0.0873020 seconds
143.198: [GC143.198: [ParNew: 8030K->851K(8128K), 0.0005140 secs] 16026K->9122K(26052K), 0.0005460 secs] [Times: user=0.01 sys=0.00, real=0.00 secs] 
143.199: Total time for which application threads were stopped: 0.0118030 seconds, Stopping threads took: 0.0111920 seconds
143.200: Application time: 0.0009910 seconds
143.240: [GC143.240: [ParNew: 7997K->895K(8128K), 0.0024340 secs] 16269K->15415K(26052K), 0.0024730 secs] [Times: user=0.02 sys=0.00, real=0.00 secs] 
143.243: Total time for which application threads were stopped: 0.0432680 seconds, Stopping threads took: 0.0407090 seconds
143.339: Application time: 0.0958390 seconds
143.408: [GC143.408: [ParNew: 8119K->8119K(8128K), 0.0000100 secs]143.408: [Tenured: 14520K->2130K(17924K), 0.0052030 secs] 22639K->2130K(26052K), [Perm : 5142K->5142K(21248K)], 0.0052600 secs] [Times: user=0.01 sys=0.00, real=0.00 secs] 
143.413: Total time for which application threads were stopped: 0.0745230 seconds, Stopping threads took: 0.0691780 seconds
143.415: Application time: 0.0012750 seconds
143.415: [GC143.415: [ParNew: 7146K->895K(8128K), 0.0022340 secs] 9276K->9275K(26052K), 0.0022650 secs] [Times: user=0.01 sys=0.00, real=0.00 secs] 
143.417: Total time for which application threads were stopped: 0.0024900 seconds, Stopping threads took: 0.0001720 seconds
143.499: Application time: 0.0815470 seconds
143.571: [GC143.571: [ParNew: 8021K->428K(8128K), 0.0005850 secs] 16402K->8833K(26052K), 0.0006150 secs] [Times: user=0.01 sys=0.00, real=0.00 secs] 
143.572: Total time for which application threads were stopped: 0.0729620 seconds, Stopping threads took: 0.0722700 seconds
143.572: Application time: 0.0008230 seconds
143.624: [GC143.624: [ParNew: 7574K->825K(8128K), 0.0019620 secs] 15979K->14894K(26052K), 0.0019970 secs] [Times: user=0.01 sys=0.00, real=0.01 secs] 
143.626: Total time for which application threads were stopped: 0.0536870 seconds, Stopping threads took: 0.0516150 seconds
143.718: Application time: 0.0922030 seconds
143.792: [GC143.792: [ParNew: 7678K->7678K(8128K), 0.0000110 secs]143.792: [Tenured: 14069K->2355K(17924K), 0.0058340 secs] 21747K->2355K(26052K), [Perm : 5142K->5142K(21248K)], 0.0058860 secs] [Times: user=0.01 sys=0.00, real=0.00 secs] 
143.798: Total time for which application threads were stopped: 0.0794190 seconds, Stopping threads took: 0.0734390 seconds
143.799: Application time: 0.0012530 seconds
143.839: [GC143.839: [ParNew: 7048K->797K(8128K), 0.0017390 secs] 9404K->7645K(26052K), 0.0017700 secs] [Times: user=0.01 sys=0.00, real=0.00 secs] 
143.841: Total time for which application threads were stopped: 0.0420050 seconds, Stopping threads took: 0.0401590 seconds
143.919: Application time: 0.0785050 seconds
143.961: [GC143.961: [ParNew: 7748K->795K(8128K), 0.0009330 secs] 14596K->9449K(26052K), 0.0009670 secs] [Times: user=0.01 sys=0.00, real=0.00 secs] 
143.962: Total time for which application threads were stopped: 0.0422110 seconds, Stopping threads took: 0.0411640 seconds
144.039: Application time: 0.0777010 seconds
144.042: [GC144.042: [ParNew: 7941K->891K(8128K), 0.0006530 secs] 16595K->9748K(26052K), 0.0006870 secs] [Times: user=0.01 sys=0.00, real=0.00 secs] 
144.043: Total time for which application threads were stopped: 0.0036300 seconds, Stopping threads took: 0.0028650 seconds
144.044: Application time: 0.0009710 seconds
144.084: [GC144.084: [ParNew: 8037K->895K(8128K), 0.0022010 secs] 16894K->16019K(26052K), 0.0022380 secs] [Times: user=0.02 sys=0.00, real=0.01 secs] 
144.086: Total time for which application threads were stopped: 0.0419350 seconds, Stopping threads took: 0.0396180 seconds
144.179: Application time: 0.0933470 seconds
144.250: [GC144.250: [ParNew: 7943K->7943K(8128K), 0.0000100 secs]144.250: [Tenured: 15124K->1539K(17924K), 0.0052250 secs] 23067K->1539K(26052K), [Perm : 5142K->5142K(21248K)], 0.0052770 secs] [Times: user=0.00 sys=0.00, real=0.00 secs] 
144.255: Total time for which application threads were stopped: 0.0755590 seconds, Stopping threads took: 0.0702220 seconds
144.256: Application time: 0.0013120 seconds
144.297: [GC144.297: [ParNew: 7146K->895K(8128K), 0.0018980 secs] 8685K->6731K(26052K), 0.0019310 secs] [Times: user=0.01 sys=0.00, real=0.01 secs] 
144.299: Total time for which application threads were stopped: 0.0426160 seconds, Stopping threads took: 0.0405920 seconds
144.377: Application time: 0.0787040 seconds
144.420: [GC144.420: [ParNew: 8041K->795K(8128K), 0.0006110 secs] 13877K->7444K(26052K), 0.0006430 secs] [Times: user=0.00 sys=0.00, real=0.00 secs] 
144.420: Total time for which application threads were stopped: 0.0427660 seconds, Stopping threads took: 0.0420450 seconds
144.507: Application time: 0.0868610 seconds
144.512: [GC144.512: [ParNew: 7922K->44K(8128K), 0.0003350 secs] 14571K->6717K(26052K), 0.0003640 secs] [Times: user=0.00 sys=0.00, real=0.00 secs] 
144.513: Total time for which application threads were stopped: 0.0056860 seconds, Stopping threads took: 0.0052480 seconds
144.513: Application time: 0.0007250 seconds
144.514: [GC144.514: [ParNew: 7190K->895K(8128K), 0.0020830 secs] 13863K->13847K(26052K), 0.0021190 secs] [Times: user=0.01 sys=0.00, real=0.00 secs] 
144.516: Total time for which application threads were stopped: 0.0023970 seconds, Stopping threads took: 0.0002220 seconds
144.609: Application time: 0.0927070 seconds
144.680: [GC144.680: [ParNew: 8099K->8099K(8128K), 0.0000110 secs]144.680: [Tenured: 12952K->1624K(17924K), 0.0051490 secs] 21051K->1624K(26052K), [Perm : 5142K->5142K(21248K)], 0.0052010 secs] [Times: user=0.01 sys=0.00, real=0.00 secs] 
144.685: Total time for which application threads were stopped: 0.0764050 seconds, Stopping threads took: 0.0711440 seconds
144.686: Application time: 0.0012570 seconds
144.728: [GC144.728: [ParNew: 7146K->797K(8128K), 0.0018790 secs] 8770K->7891K(26052K), 0.0019140 secs] [Times: user=0.01 sys=0.00, real=0.00 secs] 
144.730: Total time for which application threads were stopped: 0.0433620 seconds, Stopping threads took: 0.0413680 seconds
144.810: Application time: 0.0804600 seconds
144.876: [GC144.876: [ParNew: 7845K->402K(8128K), 0.0003380 secs] 14939K->7528K(26052K), 0.0003700 secs] [Times: user=0.00 sys=0.00, real=0.00 secs] 
144.876: Total time for which application threads were stopped: 0.0659990 seconds, Stopping threads took: 0.0655400 seconds
144.877: Application time: 0.0009510 seconds
144.918: [GC144.918: [ParNew: 7627K->893K(8128K), 0.0019370 secs] 14752K->13613K(26052K), 0.0019740 secs] [Times: user=0.02 sys=0.00, real=0.01 secs] 
144.920: Total time for which application threads were stopped: 0.0425080 seconds, Stopping threads took: 0.0404510 seconds
145.000: Application time: 0.0802440 seconds
145.068: [GC145.068: [ParNew: 7824K->7824K(8128K), 0.0000100 secs]145.068: [Tenured: 12720K->2074K(17924K), 0.0052740 secs] 20544K->2074K(26052K), [Perm : 5142K->5142K(21248K)], 0.0053300 secs] [Times: user=0.01 sys=0.00, real=0.00 secs] 
145.073: Total time for which application threads were stopped: 0.0732440 seconds, Stopping threads took: 0.0678530 seconds
145.074: Application time: 0.0013340 seconds
145.117: [GC145.117: [ParNew: 7126K->895K(8128K), 0.0020710 secs] 9200K->8466K(26052K), 0.0021070 secs] [Times: user=0.01 sys=0.00, real=0.01 secs] 
145.119: Total time for which application threads were stopped: 0.0449040 seconds, Stopping threads took: 0.0427170 seconds
145.200: Application time: 0.0805770 seconds
145.270: [GC145.270: [ParNew: 7923K->432K(8128K), 0.0003930 secs] 15494K->8051K(26052K), 0.0004230 secs] [Times: user=0.00 sys=0.00, real=0.00 secs] 
145.270: Total time for which application threads were stopped: 0.0704140 seconds, Stopping threads took: 0.0699380 seconds
145.271: Application time: 0.0009790 seconds
145.312: [GC145.312: [ParNew: 7657K->853K(8128K), 0.0021440 secs] 15276K->14137K(26052K), 0.0021790 secs] [Times: user=0.02 sys=0.00, real=0.00 secs] 
145.314: Total time for which application threads were stopped: 0.0427450 seconds, Stopping threads took: 0.0405110 seconds
145.406: Application time: 0.0915680 seconds
145.446: [GC145.446: [ParNew: 7999K->7999K(8128K), 0.0000100 secs]145.446: [Tenured: 13283K->3919K(17924K), 0.0047710 secs] 21283K->3919K(26052K), [Perm : 5142K->5142K(21248K)], 0.0048270 secs] [Times: user=0.01 sys=0.00, real=0.00 secs] 
145.451: Total time for which application threads were stopped: 0.0453610 seconds, Stopping threads took: 0.0404430 seconds
145.529: Application time: 0.0785170 seconds
145.535: [GC145.535: [ParNew: 7048K->207K(8128K), 0.0004400 secs] 10967K->4126K(26052K), 0.0015690 secs] [Times: user=0.00 sys=0.00, real=0.00 secs] 
145.536: Total time for which application threads were stopped: 0.0068440 seconds, Stopping threads took: 0.0051960 seconds
145.537: Application time: 0.0007760 seconds
145.537: [GC145.537: [ParNew: 7353K->895K(8128K), 0.0023120 secs] 11272K->11259K(26052K), 0.0023470 secs] [Times: user=0.01 sys=0.00, real=0.01 secs] 
145.540: Total time for which application threads were stopped: 0.0025750 seconds, Stopping threads took: 0.0001720 seconds
145.621: Application time: 0.0815930 seconds
145.689: [GC145.689: [ParNew: 8040K->795K(8128K), 0.0007340 secs] 18405K->11981K(26052K), 0.0007700 secs] [Times: user=0.00 sys=0.00, real=0.00 secs] 
145.690: Total time for which application threads were stopped: 0.0689580 seconds, Stopping threads took: 0.0681310 seconds
145.772: Application time: 0.0818320 seconds
145.774: [GC145.774: [ParNew: 7843K->12K(8128K), 0.0004980 secs] 19030K->11206K(26052K), 0.0005270 secs] [Times: user=0.01 sys=0.00, real=0.00 secs] 
145.774: Total time for which application threads were stopped: 0.0023170 seconds, Stopping threads took: 0.0017390 seconds
145.775: Application time: 0.0007740 seconds
145.775: [GC145.775: [ParNew: 7158K->895K(8128K), 0.0021580 secs] 18352K->18339K(26052K), 0.0021910 secs] [Times: user=0.02 sys=0.00, real=0.00 secs] 
145.778: Total time for which application threads were stopped: 0.0024270 seconds, Stopping threads took: 0.0001810 seconds
145.868: Application time: 0.0907420 seconds
145.942: [GC145.942: [ParNew: 7943K->7943K(8128K), 0.0000100 secs]145.942: [Tenured: 17444K->1539K(17924K), 0.0052670 secs] 25387K->1539K(26052K), [Perm : 5142K->5142K(21248K)], 0.0053200 secs] [Times: user=0.00 sys=0.00, real=0.01 secs] 
145.948: Total time for which application threads were stopped: 0.0792020 seconds, Stopping threads took: 0.0738220 seconds
145.949: Application time: 0.0012440 seconds
145.949: [GC145.949: [ParNew: 7145K->891K(8128K), 0.0022770 secs] 8685K->8681K(26052K), 0.0023070 secs] [Times: user=0.02 sys=0.00, real=0.00 secs] 
145.951: Total time for which application threads were stopped: 0.0026420 seconds, Stopping threads took: 0.0002520 seconds
146.032: Application time: 0.0810470 seconds
146.102: [GC146.102: [ParNew: 8036K->797K(8128K), 0.0007940 secs] 15826K->9376K(26052K), 0.0008260 secs] [Times: user=0.01 sys=0.00, real=0.00 secs] 
146.103: Total time for which application threads were stopped: 0.0702920 seconds, Stopping threads took: 0.0693870 seconds
146.181: Application time: 0.0779520 seconds
146.186: [GC146.186: [ParNew: 7922K->42K(8128K), 0.0002630 secs] 16501K->8645K(26052K), 0.0002920 secs] [Times: user=0.00 sys=0.00, real=0.00 secs] 
146.186: Total time for which application threads were stopped: 0.0055480 seconds, Stopping threads took: 0.0051770 seconds
146.187: Application time: 0.0008290 seconds
146.188: [GC146.188: [ParNew: 7188K->895K(8128K), 0.0020710 secs] 15791K->15776K(26052K), 0.0021030 secs] [Times: user=0.02 sys=0.00, real=0.00 secs] 
146.190: Total time for which application threads were stopped: 0.0025300 seconds, Stopping threads took: 0.0003740 seconds
146.281: Application time: 0.0909830 seconds
146.353: [GC146.353: [ParNew: 8119K->8119K(8128K), 0.0000100 secs]146.353: [Tenured: 14881K->2768K(17924K), 0.0047630 secs] 23000K->2768K(26052K), [Perm : 5142K->5142K(21248K)], 0.0048190 secs] [Times: user=0.01 sys=0.00, real=0.01 secs] 
146.358: Total time for which application threads were stopped: 0.0771900 seconds, Stopping threads took: 0.0723090 seconds
146.359: Application time: 0.0013380 seconds
146.427: [GC146.427: [ParNew: 7146K->895K(8128K), 0.0014100 secs] 9914K->6984K(26052K), 0.0014460 secs] [Times: user=0.01 sys=0.00, real=0.00 secs] 
146.428: Total time for which application threads were stopped: 0.0692330 seconds, Stopping threads took: 0.0677250 seconds
146.518: Application time: 0.0896950 seconds
146.559: [GC146.559: [ParNew: 7943K->793K(8128K), 0.0009120 secs] 14032K->7687K(26052K), 0.0009520 secs] [Times: user=0.00 sys=0.00, real=0.00 secs] 
146.560: Total time for which application threads were stopped: 0.0417300 seconds, Stopping threads took: 0.0407060 seconds
146.646: Application time: 0.0862750 seconds
146.657: [GC146.657: [ParNew: 7998K->72K(8128K), 0.0004300 secs] 14892K->6990K(26052K), 0.0004590 secs] [Times: user=0.00 sys=0.00, real=0.00 secs] 
146.658: Total time for which application threads were stopped: 0.0115080 seconds, Stopping threads took: 0.0109960 seconds
146.658: Application time: 0.0008000 seconds
146.659: [GC146.659: [ParNew: 7296K->895K(8128K), 0.0021370 secs] 14215K->14148K(26052K), 0.0021720 secs] [Times: user=0.02 sys=0.00, real=0.00 secs] 
146.661: Total time for which application threads were stopped: 0.0025380 seconds, Stopping threads took: 0.0002880 seconds
146.742: Application time: 0.0807990 seconds
146.808: [GC146.808: [ParNew: 7943K->7943K(8128K), 0.0000090 secs]146.808: [Tenured: 13252K->2756K(17924K), 0.0046530 secs] 21196K->2756K(26052K), [Perm : 5142K->5142K(21248K)], 0.0047130 secs] [Times: user=0.00 sys=0.00, real=0.00 secs] 
146.813: Total time for which application threads were stopped: 0.0713720 seconds, Stopping threads took: 0.0665970 seconds
146.815: Application time: 0.0015750 seconds
146.891: [GC146.891: [ParNew: 7204K->895K(8128K), 0.0010100 secs] 9961K->4684K(26052K), 0.0010430 secs] [Times: user=0.01 sys=0.00, real=0.00 secs] 
146.892: Total time for which application threads were stopped: 0.0777590 seconds, Stopping threads took: 0.0766400 seconds
146.979: Application time: 0.0862720 seconds
146.987: [GC146.987: [ParNew: 8119K->434K(8128K), 0.0003240 secs] 11908K->4287K(26052K), 0.0003530 secs] [Times: user=0.00 sys=0.00, real=0.00 secs] 
146.987: Total time for which application threads were stopped: 0.0082070 seconds, Stopping threads took: 0.0077810 seconds
146.988: Application time: 0.0009380 seconds
147.028: [GC147.028: [ParNew: 7580K->895K(8128K), 0.0016800 secs] 11433K->9268K(26052K), 0.0017170 secs] [Times: user=0.01 sys=0.00, real=0.00 secs] 
147.030: Total time for which application threads were stopped: 0.0422760 seconds, Stopping threads took: 0.0404820 seconds
147.109: Application time: 0.0792550 seconds
147.152: [GC147.152: [ParNew: 7748K->404K(8128K), 0.0006600 secs] 16121K->8818K(26052K), 0.0006930 secs] [Times: user=0.00 sys=0.00, real=0.00 secs] 
147.152: Total time for which application threads were stopped: 0.0428430 seconds, Stopping threads took: 0.0420880 seconds
147.153: Application time: 0.0009430 seconds
147.203: [GC147.203: [ParNew: 7550K->895K(8128K), 0.0022300 secs] 15964K->14875K(26052K), 0.0022660 secs] [Times: user=0.01 sys=0.00, real=0.00 secs] 
147.205: Total time for which application threads were stopped: 0.0518520 seconds, Stopping threads took: 0.0495040 seconds
147.295: Application time: 0.0896320 seconds
147.366: [GC147.366: [ParNew: 7748K->7748K(8128K), 0.0000100 secs]147.366: [Tenured: 13980K->1962K(17924K), 0.0044940 secs] 21728K->1962K(26052K), [Perm : 5142K->5142K(21248K)], 0.0045510 secs] [Times: user=0.01 sys=0.00, real=0.01 secs] 
147.370: Total time for which application threads were stopped: 0.0754390 seconds, Stopping threads took: 0.0708050 seconds
147.371: Application time: 0.0011220 seconds
147.420: [GC147.420: [ParNew: 7146K->893K(8128K), 0.0019960 secs] 9108K->8422K(26052K), 0.0020360 secs] [Times: user=0.01 sys=0.00, real=0.00 secs] 
147.422: Total time for which application threads were stopped: 0.0504920 seconds, Stopping threads took: 0.0483770 seconds
147.504: Application time: 0.0818640 seconds
147.573: [GC147.573: [ParNew: 7941K->600K(8128K), 0.0006140 secs] 15470K->8153K(26052K), 0.0006420 secs] [Times: user=0.00 sys=0.00, real=0.00 secs] 
147.574: Total time for which application threads were stopped: 0.0699440 seconds, Stopping threads took: 0.0692260 seconds
147.575: Application time: 0.0010450 seconds
147.615: [GC147.615: [ParNew: 7824K->895K(8128K), 0.0017580 secs] 15377K->13180K(26052K), 0.0018030 secs] [Times: user=0.01 sys=0.01, real=0.00 secs] 
147.616: Total time for which application threads were stopped: 0.0418680 seconds, Stopping threads took: 0.0399840 seconds
147.708: Application time: 0.0917000 seconds
147.772: [GC147.772: [ParNew: 7943K->7943K(8128K), 0.0000110 secs]147.772: [Tenured: 12285K->2126K(17924K), 0.0048140 secs] 20228K->2126K(26052K), [Perm : 5142K->5142K(21248K)], 0.0048720 secs] [Times: user=0.00 sys=0.00, real=0.00 secs] 
147.777: Total time for which application threads were stopped: 0.0689420 seconds, Stopping threads took: 0.0639990 seconds
147.778: Application time: 0.0011250 seconds
147.819: [GC147.819: [ParNew: 7146K->895K(8128K), 0.0023230 secs] 9272K->8978K(26052K), 0.0023610 secs] [Times: user=0.01 sys=0.00, real=0.00 secs] 
147.821: Total time for which application threads were stopped: 0.0429230 seconds, Stopping threads took: 0.0404830 seconds
147.901: Application time: 0.0802810 seconds
147.972: [GC147.972: [ParNew: 8040K->12K(8128K), 0.0005680 secs] 16124K->8127K(26052K), 0.0006010 secs] [Times: user=0.00 sys=0.00, real=0.00 secs] 
147.973: Total time for which application threads were stopped: 0.0712270 seconds, Stopping threads took: 0.0705480 seconds
147.974: Application time: 0.0009130 seconds
147.974: [GC147.974: [ParNew: 7158K->895K(8128K), 0.0017590 secs] 15274K->15261K(26052K), 0.0017880 secs] [Times: user=0.01 sys=0.00, real=0.00 secs] 
147.976: Total time for which application threads were stopped: 0.0021940 seconds, Stopping threads took: 0.0003310 seconds
148.071: Application time: 0.0950410 seconds
148.139: [GC148.139: [ParNew: 8040K->8040K(8128K), 0.0000100 secs]148.139: [Tenured: 14366K->3495K(17924K), 0.0051060 secs] 22407K->3495K(26052K), [Perm : 5142K->5142K(21248K)], 0.0051690 secs] [Times: user=0.00 sys=0.00, real=0.00 secs] 
148.144: Total time for which application threads were stopped: 0.0731440 seconds, Stopping threads took: 0.0678920 seconds
148.145: Application time: 0.0015320 seconds
148.226: [GC148.226: [ParNew: 7224K->825K(8128K), 0.0006860 secs] 10719K->4516K(26052K), 0.0007190 secs] [Times: user=0.00 sys=0.00, real=0.00 secs] 
148.227: Total time for which application threads were stopped: 0.0812420 seconds, Stopping threads took: 0.0804420 seconds
148.228: Application time: 0.0010350 seconds
148.275: [GC148.275: [ParNew: 8050K->825K(8128K), 0.0016430 secs] 11740K->8682K(26052K), 0.0016810 secs] [Times: user=0.01 sys=0.00, real=0.00 secs] 
148.277: Total time for which application threads were stopped: 0.0487560 seconds, Stopping threads took: 0.0469830 seconds
148.356: Application time: 0.0791560 seconds
148.397: [GC148.397: [ParNew: 7971K->203K(8128K), 0.0002920 secs] 15828K->8140K(26052K), 0.0003240 secs] [Times: user=0.00 sys=0.00, real=0.01 secs] 
148.398: Total time for which application threads were stopped: 0.0420950 seconds, Stopping threads took: 0.0416950 seconds
148.399: Application time: 0.0008720 seconds
148.399: [GC148.399: [ParNew: 7349K->895K(8128K), 0.0022390 secs] 15286K->15277K(26052K), 0.0022730 secs] [Times: user=0.02 sys=0.00, real=0.00 secs] 
148.401: Total time for which application threads were stopped: 0.0026040 seconds, Stopping threads took: 0.0002750 seconds
148.482: Application time: 0.0802340 seconds
148.549: [GC148.549: [ParNew: 8118K->8118K(8128K), 0.0000100 secs]148.549: [Tenured: 14382K->3776K(17924K), 0.0047040 secs] 22501K->3776K(26052K), [Perm : 5142K->5142K(21248K)], 0.0047620 secs] [Times: user=0.00 sys=0.00, real=0.00 secs] 
148.554: Total time for which application threads were stopped: 0.0722790 seconds, Stopping threads took: 0.0674560 seconds
148.643: Application time: 0.0896290 seconds
148.659: [GC148.659: [ParNew: 7126K->44K(8128K), 0.0002610 secs] 10902K->3820K(26052K), 0.0002890 secs] [Times: user=0.00 sys=0.00, real=0.00 secs] 
148.660: Total time for which application threads were stopped: 0.0162950 seconds, Stopping threads took: 0.0159320 seconds
148.661: Application time: 0.0008780 seconds
148.661: [GC148.661: [ParNew: 7249K->895K(8128K), 0.0021670 secs] 11025K->10908K(26052K), 0.0022150 secs] [Times: user=0.02 sys=0.00, real=0.00 secs] 
148.663: Total time for which application threads were stopped: 0.0023970 seconds, Stopping threads took: 0.0001230 seconds
148.745: Application time: 0.0818450 seconds
148.818: [GC148.818: [ParNew: 8040K->209K(8128K), 0.0004110 secs] 18053K->10286K(26052K), 0.0004440 secs] [Times: user=0.00 sys=0.00, real=0.01 secs] 
148.818: Total time for which application threads were stopped: 0.0731550 seconds, Stopping threads took: 0.0726480 seconds
148.819: Application time: 0.0009340 seconds
148.860: [GC148.860: [ParNew: 7433K->895K(8128K), 0.0014670 secs] 17510K->15297K(26052K), 0.0014960 secs] [Times: user=0.01 sys=0.00, real=0.00 secs] 
148.861: Total time for which application threads were stopped: 0.0424090 seconds, Stopping threads took: 0.0408580 seconds
148.947: Application time: 0.0858540 seconds
149.004: [GC149.004: [ParNew: 7943K->7943K(8128K), 0.0000100 secs]149.004: [Tenured: 14402K->1934K(17924K), 0.0045060 secs] 22345K->1934K(26052K), [Perm : 5142K->5142K(21248K)], 0.0045620 secs] [Times: user=0.01 sys=0.00, real=0.01 secs] 
149.008: Total time for which application threads were stopped: 0.0610060 seconds, Stopping threads took: 0.0563810 seconds
149.009: Application time: 0.0010540 seconds
149.060: [GC149.060: [ParNew: 7146K->895K(8128K), 0.0022320 secs] 9081K->8396K(26052K), 0.0022690 secs] [Times: user=0.01 sys=0.00, real=0.00 secs] 
149.062: Total time for which application threads were stopped: 0.0530290 seconds, Stopping threads took: 0.0506810 seconds
149.144: Application time: 0.0814570 seconds
149.208: [GC149.208: [ParNew: 7943K->596K(8128K), 0.0003320 secs] 15444K->8113K(26052K), 0.0003650 secs] [Times: user=0.00 sys=0.00, real=0.00 secs] 
149.208: Total time for which application threads were stopped: 0.0644820 seconds, Stopping threads took: 0.0640390 seconds
149.209: Application time: 0.0009430 seconds
149.253: [GC149.253: [ParNew: 7820K->895K(8128K), 0.0019100 secs] 15337K->13160K(26052K), 0.0019470 secs] [Times: user=0.01 sys=0.00, real=0.00 secs] 
149.255: Total time for which application threads were stopped: 0.0457240 seconds, Stopping threads took: 0.0437210 seconds
149.334: Application time: 0.0786650 seconds
149.336: [GC149.336: [ParNew: 7943K->7943K(8128K), 0.0000100 secs]149.336: [Tenured: 12265K->5349K(17924K), 0.0060950 secs] 20208K->5349K(26052K), [Perm : 5142K->5142K(21248K)], 0.0061530 secs] [Times: user=0.01 sys=0.00, real=0.01 secs] 
149.343: Total time for which application threads were stopped: 0.0089230 seconds, Stopping threads took: 0.0026780 seconds
149.420: Application time: 0.0778510 seconds
149.463: [GC149.463: [ParNew: 6853K->793K(8128K), 0.0007430 secs] 12202K->6533K(26052K), 0.0007770 secs] [Times: user=0.01 sys=0.00, real=0.00 secs] 
149.464: Total time for which application threads were stopped: 0.0435860 seconds, Stopping threads took: 0.0427280 seconds
149.465: Application time: 0.0010290 seconds
149.517: [GC149.517: [ParNew: 7939K->795K(8128K), 0.0017220 secs] 13679K->10872K(26052K), 0.0017580 secs] [Times: user=0.02 sys=0.00, real=0.01 secs] 
149.519: Total time for which application threads were stopped: 0.0540590 seconds, Stopping threads took: 0.0522410 seconds
149.598: Application time: 0.0785080 seconds
149.639: [GC149.639: [ParNew: 7648K->893K(8128K), 0.0009520 secs] 17725K->12369K(26052K), 0.0009860 secs] [Times: user=0.01 sys=0.00, real=0.00 secs] 
149.640: Total time for which application threads were stopped: 0.0429180 seconds, Stopping threads took: 0.0418530 seconds
149.726: Application time: 0.0850920 seconds
149.733: [GC149.733: [ParNew: 8039K->8039K(8128K), 0.0000100 secs]149.733: [Tenured: 11476K->2126K(17924K), 0.0051540 secs] 19515K->2126K(26052K), [Perm : 5142K->5142K(21248K)], 0.0052100 secs] [Times: user=0.00 sys=0.00, real=0.01 secs] 
149.739: Total time for which application threads were stopped: 0.0130620 seconds, Stopping threads took: 0.0077920 seconds
149.742: Application time: 0.0033520 seconds
149.817: [GC149.817: [ParNew: 7146K->404K(8128K), 0.0006430 secs] 9273K->2531K(26052K), 0.0006830 secs] [Times: user=0.00 sys=0.00, real=0.00 secs] 
149.818: Total time for which application threads were stopped: 0.0755580 seconds, Stopping threads took: 0.0748080 seconds
149.818: Application time: 0.0008130 seconds
149.872: [GC149.872: [ParNew: 7550K->797K(8128K), 0.0018710 secs] 9677K->8588K(26052K), 0.0019020 secs] [Times: user=0.01 sys=0.00, real=0.00 secs] 
149.874: Total time for which application threads were stopped: 0.0558910 seconds, Stopping threads took: 0.0539010 seconds
149.956: Application time: 0.0813370 seconds
150.024: [GC150.024: [ParNew: 7923K->628K(8128K), 0.0003600 secs] 15715K->8435K(26052K), 0.0003890 secs] [Times: user=0.00 sys=0.00, real=0.00 secs] 
150.025: Total time for which application threads were stopped: 0.0692730 seconds, Stopping threads took: 0.0688070 seconds
150.026: Application time: 0.0009560 seconds
150.068: [GC150.068: [ParNew: 7774K->895K(8128K), 0.0020080 secs] 15581K->14544K(26052K), 0.0020400 secs] [Times: user=0.02 sys=0.00, real=0.00 secs] 
150.070: Total time for which application threads were stopped: 0.0442460 seconds, Stopping threads took: 0.0421530 seconds
150.151: Application time: 0.0813180 seconds
150.221: [GC150.221: [ParNew: 8021K->8021K(8128K), 0.0000100 secs]150.221: [Tenured: 13649K->2183K(17924K), 0.0045350 secs] 21671K->2183K(26052K), [Perm : 5142K->5142K(21248K)], 0.0045910 secs] [Times: user=0.01 sys=0.00, real=0.00 secs] 
150.225: Total time for which application threads were stopped: 0.0739000 seconds, Stopping threads took: 0.0692440 seconds
150.227: Application time: 0.0012130 seconds
150.267: [GC150.268: [ParNew: 7224K->895K(8128K), 0.0020050 secs] 9408K->7990K(26052K), 0.0020430 secs] [Times: user=0.02 sys=0.00, real=0.00 secs] 
150.270: Total time for which application threads were stopped: 0.0430390 seconds, Stopping threads took: 0.0409160 seconds
150.350: Application time: 0.0806110 seconds
150.419: [GC150.419: [ParNew: 8119K->42K(8128K), 0.0006000 secs] 15214K->7185K(26052K), 0.0006310 secs] [Times: user=0.01 sys=0.00, real=0.00 secs] 
150.419: Total time for which application threads were stopped: 0.0691580 seconds, Stopping threads took: 0.0684440 seconds
150.420: Application time: 0.0009340 seconds
150.421: [GC150.421: [ParNew: 7266K->895K(8128K), 0.0023440 secs] 14409K->14344K(26052K), 0.0023800 secs] [Times: user=0.02 sys=0.00, real=0.00 secs] 
150.423: Total time for which application threads were stopped: 0.0027310 seconds, Stopping threads took: 0.0002710 seconds
150.505: Application time: 0.0820710 seconds
150.576: [GC150.576: [ParNew: 8021K->8021K(8128K), 0.0000100 secs]150.576: [Tenured: 13449K->1713K(17924K), 0.0044920 secs] 21471K->1713K(26052K), [Perm : 5142K->5142K(21248K)], 0.0045530 secs] [Times: user=0.00 sys=0.00, real=0.01 secs] 
150.580: Total time for which application threads were stopped: 0.0752370 seconds, Stopping threads took: 0.0706250 seconds
150.582: Application time: 0.0012670 seconds
150.622: [GC150.622: [ParNew: 7146K->797K(8128K), 0.0017750 secs] 8859K->7979K(26052K), 0.0018090 secs] [Times: user=0.01 sys=0.00, real=0.00 secs] 
150.624: Total time for which application threads were stopped: 0.0424300 seconds, Stopping threads took: 0.0405420 seconds
150.705: Application time: 0.0812640 seconds
150.774: [GC150.774: [ParNew: 7845K->404K(8128K), 0.0006330 secs] 15027K->7610K(26052K), 0.0006650 secs] [Times: user=0.00 sys=0.00, real=0.00 secs] 
150.775: Total time for which application threads were stopped: 0.0694720 seconds, Stopping threads took: 0.0687310 seconds
150.776: Application time: 0.0009360 seconds
150.816: [GC150.816: [ParNew: 7609K->853K(8128K), 0.0022110 secs] 14816K->13626K(26052K), 0.0022460 secs] [Times: user=0.02 sys=0.00, real=0.01 secs] 
150.819: Total time for which application threads were stopped: 0.0430100 seconds, Stopping threads took: 0.0406870 seconds
150.900: Application time: 0.0817720 seconds
150.970: [GC150.970: [ParNew: 7999K->7999K(8128K), 0.0000100 secs]150.970: [Tenured: 12772K->1932K(17924K), 0.0053010 secs] 20772K->1932K(26052K), [Perm : 5142K->5142K(21248K)], 0.0053650 secs] [Times: user=0.01 sys=0.00, real=0.00 secs] 
150.975: Total time for which application threads were stopped: 0.0745930 seconds, Stopping threads took: 0.0691540 seconds
150.976: Application time: 0.0012570 seconds
151.017: [GC151.017: [ParNew: 7146K->893K(8128K), 0.0022120 secs] 9078K->8391K(26052K), 0.0022470 secs] [Times: user=0.02 sys=0.00, real=0.01 secs] 
151.020: Total time for which application threads were stopped: 0.0433280 seconds, Stopping threads took: 0.0410020 seconds
151.101: Application time: 0.0812680 seconds
151.160: [GC151.160: [ParNew: 7941K->793K(8128K), 0.0004470 secs] 15440K->8316K(26052K), 0.0004790 secs] [Times: user=0.00 sys=0.00, real=0.00 secs] 
151.161: Total time for which application threads were stopped: 0.0596820 seconds, Stopping threads took: 0.0591430 seconds
151.162: Application time: 0.0012410 seconds
151.202: [GC151.202: [ParNew: 7939K->797K(8128K), 0.0021590 secs] 15462K->14383K(26052K), 0.0021910 secs] [Times: user=0.02 sys=0.00, real=0.00 secs] 
151.204: Total time for which application threads were stopped: 0.0424010 seconds, Stopping threads took: 0.0401340 seconds
151.296: Application time: 0.0914810 seconds
151.370: [GC151.370: [ParNew: 7943K->7943K(8128K), 0.0000100 secs]151.370: [Tenured: 13585K->1934K(17924K), 0.0045120 secs] 21529K->1934K(26052K), [Perm : 5142K->5142K(21248K)], 0.0045640 secs] [Times: user=0.00 sys=0.00, real=0.00 secs] 
151.375: Total time for which application threads were stopped: 0.0788770 seconds, Stopping threads took: 0.0742530 seconds
151.376: Application time: 0.0010430 seconds
151.376: [GC151.376: [ParNew: 7146K->895K(8128K), 0.0022470 secs] 9080K->9079K(26052K), 0.0022820 secs] [Times: user=0.02 sys=0.00, real=0.01 secs] 
151.378: Total time for which application threads were stopped: 0.0025690 seconds, Stopping threads took: 0.0002280 seconds
151.460: Application time: 0.0819750 seconds
151.529: [GC151.529: [ParNew: 7943K->891K(8128K), 0.0006030 secs] 16127K->9482K(26052K), 0.0006340 secs] [Times: user=0.00 sys=0.00, real=0.00 secs] 
151.529: Total time for which application threads were stopped: 0.0691680 seconds, Stopping threads took: 0.0684680 seconds
151.531: Application time: 0.0011940 seconds
151.606: [GC151.606: [ParNew: 8017K->895K(8128K), 0.0008420 secs] 16608K->10510K(26052K), 0.0008750 secs] [Times: user=0.01 sys=0.00, real=0.00 secs] 
151.607: Total time for which application threads were stopped: 0.0766780 seconds, Stopping threads took: 0.0757260 seconds
151.696: Application time: 0.0885840 seconds
151.706: [GC151.706: [ParNew: 8041K->402K(8128K), 0.0002970 secs] 17656K->10066K(26052K), 0.0003290 secs] [Times: user=0.00 sys=0.00, real=0.01 secs] 
151.706: Total time for which application threads were stopped: 0.0100800 seconds, Stopping threads took: 0.0096760 seconds
151.707: Application time: 0.0008300 seconds
151.747: [GC151.747: [ParNew: 7451K->895K(8128K), 0.0019020 secs] 17114K->16027K(26052K), 0.0019350 secs] [Times: user=0.01 sys=0.00, real=0.00 secs] 
151.748: Total time for which application threads were stopped: 0.0417270 seconds, Stopping threads took: 0.0397350 seconds
151.839: Application time: 0.0900380 seconds
151.912: [GC151.912: [ParNew: 7845K->7845K(8128K), 0.0000100 secs]151.912: [Tenured: 15132K->2353K(17924K), 0.0051030 secs] 22978K->2353K(26052K), [Perm : 5142K->5142K(21248K)], 0.0051600 secs] [Times: user=0.01 sys=0.00, real=0.00 secs] 
151.917: Total time for which application threads were stopped: 0.0786530 seconds, Stopping threads took: 0.0734110 seconds
151.918: Application time: 0.0011560 seconds
151.970: [GC151.970: [ParNew: 7224K->895K(8128K), 0.0020210 secs] 9577K->8843K(26052K), 0.0020610 secs] [Times: user=0.01 sys=0.00, real=0.00 secs] 
151.972: Total time for which application threads were stopped: 0.0541310 seconds, Stopping threads took: 0.0519890 seconds
152.053: Application time: 0.0803580 seconds
152.123: [GC152.123: [ParNew: 7943K->596K(8128K), 0.0006390 secs] 15891K->8576K(26052K), 0.0006780 secs] [Times: user=0.00 sys=0.00, real=0.00 secs] 
152.123: Total time for which application threads were stopped: 0.0704960 seconds, Stopping threads took: 0.0697340 seconds
152.124: Application time: 0.0010850 seconds
152.165: [GC152.165: [ParNew: 7820K->895K(8128K), 0.0017740 secs] 15800K->13606K(26052K), 0.0018170 secs] [Times: user=0.01 sys=0.00, real=0.01 secs] 
152.167: Total time for which application threads were stopped: 0.0425240 seconds, Stopping threads took: 0.0406220 seconds
152.259: Application time: 0.0915580 seconds
152.328: [GC152.328: [ParNew: 8021K->8021K(8128K), 0.0000100 secs]152.328: [Tenured: 12711K->2829K(17924K), 0.0046840 secs] 20733K->2829K(26052K), [Perm : 5142K->5142K(21248K)], 0.0047380 secs] [Times: user=0.01 sys=0.00, real=0.00 secs] 
152.333: Total time for which application threads were stopped: 0.0742020 seconds, Stopping threads took: 0.0694050 seconds
152.334: Application time: 0.0011720 seconds
152.374: [GC152.374: [ParNew: 7224K->895K(8128K), 0.0021780 secs] 10053K->9709K(26052K), 0.0022150 secs] [Times: user=0.01 sys=0.00, real=0.00 secs] 
152.376: Total time for which application threads were stopped: 0.0422310 seconds, Stopping threads took: 0.0399570 seconds
152.457: Application time: 0.0809280 seconds
152.527: [GC152.527: [ParNew: 7943K->600K(8128K), 0.0006360 secs] 16757K->9853K(26052K), 0.0006690 secs] [Times: user=0.00 sys=0.00, real=0.00 secs] 
152.527: Total time for which application threads were stopped: 0.0702750 seconds, Stopping threads took: 0.0695270 seconds
152.529: Application time: 0.0013760 seconds
152.604: [GC152.604: [ParNew: 7785K->881K(8128K), 0.0009430 secs] 17039K->11900K(26052K), 0.0009780 secs] [Times: user=0.00 sys=0.00, real=0.00 secs] 
152.605: Total time for which application threads were stopped: 0.0767340 seconds, Stopping threads took: 0.0756790 seconds
152.683: Application time: 0.0776390 seconds
152.726: [GC152.726: [ParNew: 8027K->10K(8128K), 0.0003570 secs] 19046K->11161K(26052K), 0.0003870 secs] [Times: user=0.00 sys=0.00, real=0.00 secs] 
152.726: Total time for which application threads were stopped: 0.0430770 seconds, Stopping threads took: 0.0426020 seconds
152.727: Application time: 0.0008260 seconds
152.727: [GC152.727: [ParNew: 7156K->895K(8128K), 0.0023130 secs] 18307K->18296K(26052K), 0.0023470 secs] [Times: user=0.02 sys=0.01, real=0.00 secs] 
152.730: Total time for which application threads were stopped: 0.0026660 seconds, Stopping threads took: 0.0002630 seconds
152.811: Application time: 0.0808940 seconds
152.879: [GC152.879: [ParNew: 8040K->8040K(8128K), 0.0000100 secs]152.879: [Tenured: 17401K->2713K(17924K), 0.0054440 secs] 25442K->2713K(26052K), [Perm : 5142K->5142K(21248K)], 0.0055020 secs] [Times: user=0.00 sys=0.00, real=0.00 secs] 
152.885: Total time for which application threads were stopped: 0.0741670 seconds, Stopping threads took: 0.0686050 seconds
152.886: Application time: 0.0012420 seconds
152.961: [GC152.961: [ParNew: 7146K->895K(8128K), 0.0013940 secs] 9859K->6929K(26052K), 0.0014340 secs] [Times: user=0.01 sys=0.00, real=0.00 secs] 
152.963: Total time for which application threads were stopped: 0.0768580 seconds, Stopping threads took: 0.0753640 seconds
153.040: Application time: 0.0775330 seconds
153.045: [GC153.045: [ParNew: 7943K->895K(8128K), 0.0008560 secs] 13977K->8703K(26052K), 0.0008880 secs] [Times: user=0.01 sys=0.00, real=0.01 secs] 
153.046: Total time for which application threads were stopped: 0.0060200 seconds, Stopping threads took: 0.0050760 seconds
153.125: Application time: 0.0788020 seconds
153.128: [GC153.128: [ParNew: 8041K->793K(8128K), 0.0005640 secs] 15849K->9016K(26052K), 0.0005940 secs] [Times: user=0.00 sys=0.00, real=0.00 secs] 
153.128: Total time for which application threads were stopped: 0.0031050 seconds, Stopping threads took: 0.0024380 seconds
153.129: Application time: 0.0011010 seconds
153.170: [GC153.170: [ParNew: 7939K->895K(8128K), 0.0020820 secs] 16162K->14415K(26052K), 0.0021200 secs] [Times: user=0.01 sys=0.00, real=0.00 secs] 
153.172: Total time for which application threads were stopped: 0.0427140 seconds, Stopping threads took: 0.0405050 seconds
153.256: Application time: 0.0834870 seconds
153.321: [GC153.321: [ParNew: 8041K->8041K(8128K), 0.0000100 secs]153.321: [Tenured: 13520K->1737K(17924K), 0.0046330 secs] 21561K->1737K(26052K), [Perm : 5142K->5142K(21248K)], 0.0046890 secs] [Times: user=0.00 sys=0.00, real=0.01 secs] 
153.326: Total time for which application threads were stopped: 0.0703940 seconds, Stopping threads took: 0.0656160 seconds
153.327: Application time: 0.0010940 seconds
153.367: [GC153.367: [ParNew: 7146K->895K(8128K), 0.0018890 secs] 8883K->7124K(26052K), 0.0019250 secs] [Times: user=0.02 sys=0.00, real=0.00 secs] 
153.369: Total time for which application threads were stopped: 0.0419970 seconds, Stopping threads took: 0.0399930 seconds
153.448: Application time: 0.0785450 seconds
153.490: [GC153.490: [ParNew: 8041K->895K(8128K), 0.0010790 secs] 14270K->9118K(26052K), 0.0011130 secs] [Times: user=0.01 sys=0.00, real=0.00 secs] 
153.491: Total time for which application threads were stopped: 0.0430650 seconds, Stopping threads took: 0.0418970 seconds
153.572: Application time: 0.0810560 seconds
153.574: [GC153.574: [ParNew: 7845K->793K(8128K), 0.0007530 secs] 16068K->9423K(26052K), 0.0007860 secs] [Times: user=0.00 sys=0.00, real=0.00 secs] 
153.575: Total time for which application threads were stopped: 0.0028730 seconds, Stopping threads took: 0.0020110 seconds
153.576: Application time: 0.0011660 seconds
153.617: [GC153.617: [ParNew: 7939K->895K(8128K), 0.0021150 secs] 16569K->14814K(26052K), 0.0021500 secs] [Times: user=0.01 sys=0.00, real=0.01 secs] 
153.619: Total time for which application threads were stopped: 0.0429360 seconds, Stopping threads took: 0.0407070 seconds
153.699: Application time: 0.0801340 seconds
153.768: [GC153.768: [ParNew: 8002K->8002K(8128K), 0.0000100 secs]153.768: [Tenured: 13919K->1598K(17924K), 0.0054360 secs] 21921K->1598K(26052K), [Perm : 5142K->5142K(21248K)], 0.0054930 secs] [Times: user=0.00 sys=0.00, real=0.00 secs] 
153.773: Total time for which application threads were stopped: 0.0742250 seconds, Stopping threads took: 0.0686500 seconds
153.774: Application time: 0.0011860 seconds
153.820: [GC153.820: [ParNew: 7146K->797K(8128K), 0.0021060 secs] 8744K->7865K(26052K), 0.0021420 secs] [Times: user=0.01 sys=0.00, real=0.00 secs] 
153.822: Total time for which application threads were stopped: 0.0480080 seconds, Stopping threads took: 0.0458100 seconds
153.903: Application time: 0.0806780 seconds
153.972: [GC153.972: [ParNew: 7845K->402K(8128K), 0.0002780 secs] 14913K->7494K(26052K), 0.0003050 secs] [Times: user=0.00 sys=0.00, real=0.00 secs] 
153.972: Total time for which application threads were stopped: 0.0689640 seconds, Stopping threads took: 0.0685860 seconds
153.973: Application time: 0.0010200 seconds
153.973: [GC153.973: [ParNew: 7588K->895K(8128K), 0.0022480 secs] 14680K->14516K(26052K), 0.0022840 secs] [Times: user=0.01 sys=0.01, real=0.00 secs] 
153.976: Total time for which application threads were stopped: 0.0027740 seconds, Stopping threads took: 0.0004110 seconds
154.058: Application time: 0.0823520 seconds
154.117: [GC154.117: [ParNew: 8040K->8040K(8128K), 0.0000090 secs]154.117: [Tenured: 13621K->3053K(17924K), 0.0047070 secs] 21662K->3053K(26052K), [Perm : 5142K->5142K(21248K)], 0.0047640 secs] [Times: user=0.00 sys=0.00, real=0.01 secs] 
154.122: Total time for which application threads were stopped: 0.0640780 seconds, Stopping threads took: 0.0592420 seconds
154.204: Application time: 0.0813860 seconds
154.210: [GC154.210: [ParNew: 7126K->44K(8128K), 0.0002610 secs] 10179K->3097K(26052K), 0.0002910 secs] [Times: user=0.01 sys=0.00, real=0.00 secs] 
154.210: Total time for which application threads were stopped: 0.0066130 seconds, Stopping threads took: 0.0062480 seconds
154.211: Application time: 0.0007790 seconds
154.211: [GC154.211: [ParNew: 7190K->895K(8128K), 0.0022680 secs] 10243K->10226K(26052K), 0.0022980 secs] [Times: user=0.02 sys=0.00, real=0.00 secs] 
154.214: Total time for which application threads were stopped: 0.0026320 seconds, Stopping threads took: 0.0002460 seconds
154.296: Application time: 0.0819430 seconds
154.363: [GC154.363: [ParNew: 7845K->795K(8128K), 0.0007250 secs] 17177K->10557K(26052K), 0.0007590 secs] [Times: user=0.01 sys=0.00, real=0.00 secs] 
154.364: Total time for which application threads were stopped: 0.0684010 seconds, Stopping threads took: 0.0675750 seconds
154.365: Application time: 0.0014760 seconds
154.442: [GC154.442: [ParNew: 8019K->823K(8128K), 0.0004210 secs] 17781K->10601K(26052K), 0.0004520 secs] [Times: user=0.00 sys=0.00, real=0.00 secs] 
154.442: Total time for which application threads were stopped: 0.0767270 seconds, Stopping threads took: 0.0762150 seconds
154.443: Application time: 0.0010600 seconds
154.488: [GC154.488: [ParNew: 8047K->895K(8128K), 0.0022790 secs] 17826K->16722K(26052K), 0.0023170 secs] [Times: user=0.01 sys=0.00, real=0.00 secs] 
154.491: Total time for which application threads were stopped: 0.0473280 seconds, Stopping threads took: 0.0449260 seconds
154.581: Application time: 0.0903680 seconds
154.655: [GC154.655: [ParNew: 7943K->7943K(8128K), 0.0000100 secs]154.655: [Tenured: 15827K->2323K(17924K), 0.0052500 secs] 23771K->2323K(26052K), [Perm : 5142K->5142K(21248K)], 0.0053060 secs] [Times: user=0.01 sys=0.00, real=0.01 secs] 
154.661: Total time for which application threads were stopped: 0.0798860 seconds, Stopping threads took: 0.0745190 seconds
154.662: Application time: 0.0012520 seconds
154.704: [GC154.704: [ParNew: 7146K->895K(8128K), 0.0016150 secs] 9469K->7223K(26052K), 0.0016550 secs] [Times: user=0.01 sys=0.00, real=0.01 secs] 
154.706: Total time for which application threads were stopped: 0.0436830 seconds, Stopping threads took: 0.0419470 seconds
154.786: Application time: 0.0797710 seconds
154.827: [GC154.827: [ParNew: 7943K->793K(8128K), 0.0006230 secs] 14271K->7544K(26052K), 0.0006560 secs] [Times: user=0.00 sys=0.00, real=0.00 secs] 
154.828: Total time for which application threads were stopped: 0.0420820 seconds, Stopping threads took: 0.0413490 seconds
154.829: Application time: 0.0012040 seconds
154.881: [GC154.881: [ParNew: 7939K->795K(8128K), 0.0016980 secs] 14690K->11851K(26052K), 0.0017360 secs] [Times: user=0.01 sys=0.00, real=0.00 secs] 
154.883: Total time for which application threads were stopped: 0.0538470 seconds, Stopping threads took: 0.0520320 seconds
154.961: Application time: 0.0782480 seconds
155.003: [GC155.003: [ParNew: 7941K->895K(8128K), 0.0007690 secs] 18997K->12568K(26052K), 0.0008010 secs] [Times: user=0.01 sys=0.01, real=0.00 secs] 
155.003: Total time for which application threads were stopped: 0.0424770 seconds, Stopping threads took: 0.0415920 seconds
155.092: Application time: 0.0881350 seconds
155.098: [GC155.099: [ParNew: 8041K->8041K(8128K), 0.0000090 secs]155.099: [Tenured: 11673K->1347K(17924K), 0.0044240 secs] 19714K->1347K(26052K), [Perm : 5142K->5142K(21248K)], 0.0044750 secs] [Times: user=0.00 sys=0.00, real=0.00 secs] 
155.103: Total time for which application threads were stopped: 0.0114750 seconds, Stopping threads took: 0.0069310 seconds
155.104: Application time: 0.0010230 seconds
155.104: [GC155.104: [ParNew: 7146K->895K(8128K), 0.0023110 secs] 8493K->8492K(26052K), 0.0023490 secs] [Times: user=0.02 sys=0.00, real=0.01 secs] 
155.107: Total time for which application threads were stopped: 0.0027660 seconds, Stopping threads took: 0.0003580 seconds
155.188: Application time: 0.0815180 seconds
155.263: [GC155.263: [ParNew: 7943K->207K(8128K), 0.0005370 secs] 15540K->7845K(26052K), 0.0005680 secs] [Times: user=0.00 sys=0.00, real=0.00 secs] 
155.263: Total time for which application threads were stopped: 0.0751320 seconds, Stopping threads took: 0.0744900 seconds
155.264: Application time: 0.0009410 seconds
155.318: [GC155.318: [ParNew: 7431K->895K(8128K), 0.0018060 secs] 15069K->13932K(26052K), 0.0018400 secs] [Times: user=0.01 sys=0.00, real=0.01 secs] 
155.319: Total time for which application threads were stopped: 0.0550880 seconds, Stopping threads took: 0.0531940 seconds
155.401: Application time: 0.0810580 seconds
155.468: [GC155.468: [ParNew: 8021K->8021K(8128K), 0.0000100 secs]155.468: [Tenured: 13037K->1794K(17924K), 0.0052420 secs] 21058K->1794K(26052K), [Perm : 5142K->5142K(21248K)], 0.0053040 secs] [Times: user=0.00 sys=0.00, real=0.00 secs] 
155.474: Total time for which application threads were stopped: 0.0732110 seconds, Stopping threads took: 0.0678260 seconds
155.475: Application time: 0.0011290 seconds
155.515: [GC155.515: [ParNew: 7146K->895K(8128K), 0.0021960 secs] 8940K->8256K(26052K), 0.0022350 secs] [Times: user=0.02 sys=0.00, real=0.00 secs] 
155.518: Total time for which application threads were stopped: 0.0427960 seconds, Stopping threads took: 0.0404840 seconds
155.599: Application time: 0.0809340 seconds
155.660: [GC155.660: [ParNew: 8119K->825K(8128K), 0.0008440 secs] 15480K->9203K(26052K), 0.0015830 secs] [Times: user=0.01 sys=0.00, real=0.00 secs] 
155.662: Total time for which application threads were stopped: 0.0631070 seconds, Stopping threads took: 0.0614410 seconds
155.746: Application time: 0.0840210 seconds
155.752: [GC155.752: [ParNew: 7874K->205K(8128K), 0.0002900 secs] 16252K->8655K(26052K), 0.0003210 secs] [Times: user=0.01 sys=0.00, real=0.00 secs] 
155.752: Total time for which application threads were stopped: 0.0061970 seconds, Stopping threads took: 0.0058000 seconds
155.753: Application time: 0.0008430 seconds
155.798: [GC155.798: [ParNew: 7429K->895K(8128K), 0.0019750 secs] 15880K->14744K(26052K), 0.0020170 secs] [Times: user=0.01 sys=0.00, real=0.01 secs] 
155.800: Total time for which application threads were stopped: 0.0468250 seconds, Stopping threads took: 0.0447490 seconds
155.880: Application time: 0.0799050 seconds
155.919: [GC155.919: [ParNew: 8119K->8119K(8128K), 0.0000100 secs]155.919: [Tenured: 13849K->4518K(17924K), 0.0049400 secs] 21968K->4518K(26052K), [Perm : 5142K->5142K(21248K)], 0.0049970 secs] [Times: user=0.00 sys=0.00, real=0.00 secs] 
155.924: Total time for which application threads were stopped: 0.0449510 seconds, Stopping threads took: 0.0398910 seconds
156.009: Application time: 0.0846820 seconds
156.015: [GC156.015: [ParNew: 7224K->823K(8128K), 0.0005550 secs] 11742K->5732K(26052K), 0.0005880 secs] [Times: user=0.00 sys=0.00, real=0.00 secs] 
156.016: Total time for which application threads were stopped: 0.0065480 seconds, Stopping threads took: 0.0059030 seconds
156.017: Application time: 0.0010980 seconds
156.092: [GC156.092: [ParNew: 7969K->893K(8128K), 0.0016290 secs] 12878K->8991K(26052K), 0.0016670 secs] [Times: user=0.01 sys=0.00, real=0.00 secs] 
156.094: Total time for which application threads were stopped: 0.0772120 seconds, Stopping threads took: 0.0754690 seconds
156.173: Application time: 0.0791380 seconds
156.214: [GC156.214: [ParNew: 8019K->825K(8128K), 0.0008400 secs] 16118K->9533K(26052K), 0.0008750 secs] [Times: user=0.01 sys=0.00, real=0.00 secs] 
156.215: Total time for which application threads were stopped: 0.0416700 seconds, Stopping threads took: 0.0407380 seconds
156.216: Application time: 0.0016030 seconds
156.294: [GC156.294: [ParNew: 8049K->823K(8128K), 0.0006050 secs] 16758K->9798K(26052K), 0.0006420 secs] [Times: user=0.00 sys=0.00, real=0.00 secs] 
156.294: Total time for which application threads were stopped: 0.0778730 seconds, Stopping threads took: 0.0771760 seconds
156.295: Application time: 0.0010100 seconds
156.354: [GC156.354: [ParNew: 7969K->895K(8128K), 0.0018970 secs] 16945K->15005K(26052K), 0.0019350 secs] [Times: user=0.01 sys=0.00, real=0.00 secs] 
156.356: Total time for which application threads were stopped: 0.0602590 seconds, Stopping threads took: 0.0582510 seconds
156.436: Application time: 0.0800690 seconds
156.501: [GC156.501: [ParNew: 8041K->8041K(8128K), 0.0000100 secs]156.501: [Tenured: 14109K->1542K(17924K), 0.0046290 secs] 22151K->1542K(26052K), [Perm : 5142K->5142K(21248K)], 0.0046860 secs] [Times: user=0.00 sys=0.00, real=0.00 secs] 
156.505: Total time for which application threads were stopped: 0.0696620 seconds, Stopping threads took: 0.0649160 seconds
156.506: Application time: 0.0010950 seconds
156.507: [GC156.507: [ParNew: 7146K->893K(8128K), 0.0023740 secs] 8688K->8685K(26052K), 0.0024230 secs] [Times: user=0.02 sys=0.00, real=0.00 secs] 
156.509: Total time for which application threads were stopped: 0.0028730 seconds, Stopping threads took: 0.0003690 seconds
156.590: Application time: 0.0807380 seconds
156.651: [GC156.651: [ParNew: 8038K->795K(8128K), 0.0005850 secs] 15831K->9393K(26052K), 0.0006170 secs] [Times: user=0.00 sys=0.00, real=0.00 secs] 
156.651: Total time for which application threads were stopped: 0.0611990 seconds, Stopping threads took: 0.0605080 seconds
156.727: Application time: 0.0758640 seconds
156.734: [GC156.734: [ParNew: 7843K->14K(8128K), 0.0004880 secs] 16441K->8628K(26052K), 0.0005110 secs] [Times: user=0.00 sys=0.00, real=0.00 secs] 
156.735: Total time for which application threads were stopped: 0.0078550 seconds, Stopping threads took: 0.0072690 seconds
156.736: Application time: 0.0008700 seconds
156.736: [GC156.736: [ParNew: 7160K->895K(8128K), 0.0022870 secs] 15774K->15759K(26052K), 0.0023220 secs] [Times: user=0.02 sys=0.00, real=0.01 secs] 
156.738: Total time for which application threads were stopped: 0.0026380 seconds, Stopping threads took: 0.0002400 seconds
156.834: Application time: 0.0957810 seconds
156.903: [GC156.903: [ParNew: 7943K->7943K(8128K), 0.0000100 secs]156.903: [Tenured: 14864K->1542K(17924K), 0.0051810 secs] 22807K->1542K(26052K), [Perm : 5142K->5142K(21248K)], 0.0052360 secs] [Times: user=0.00 sys=0.00, real=0.01 secs] 
156.908: Total time for which application threads were stopped: 0.0739520 seconds, Stopping threads took: 0.0686580 seconds
156.910: Application time: 0.0013110 seconds
156.950: [GC156.950: [ParNew: 7224K->895K(8128K), 0.0018030 secs] 8766K->7837K(26052K), 0.0018370 secs] [Times: user=0.01 sys=0.00, real=0.00 secs] 
156.952: Total time for which application threads were stopped: 0.0424690 seconds, Stopping threads took: 0.0405540 seconds
157.033: Application time: 0.0806030 seconds
157.100: [GC157.100: [ParNew: 7943K->404K(8128K), 0.0003010 secs] 14885K->7402K(26052K), 0.0003310 secs] [Times: user=0.00 sys=0.00, real=0.00 secs] 
157.101: Total time for which application threads were stopped: 0.0679480 seconds, Stopping threads took: 0.0675590 seconds
157.101: Application time: 0.0008670 seconds
157.142: [GC157.142: [ParNew: 7550K->895K(8128K), 0.0020070 secs] 14548K->13459K(26052K), 0.0020420 secs] [Times: user=0.02 sys=0.00, real=0.00 secs] 
157.144: Total time for which application threads were stopped: 0.0421850 seconds, Stopping threads took: 0.0400890 seconds
157.225: Application time: 0.0818690 seconds
157.294: [GC157.294: [ParNew: 8021K->8021K(8128K), 0.0000100 secs]157.294: [Tenured: 12564K->1989K(17924K), 0.0045020 secs] 20586K->1989K(26052K), [Perm : 5142K->5142K(21248K)], 0.0045570 secs] [Times: user=0.00 sys=0.00, real=0.01 secs] 
157.298: Total time for which application threads were stopped: 0.0726550 seconds, Stopping threads took: 0.0680290 seconds
157.299: Application time: 0.0011000 seconds
157.341: [GC157.341: [ParNew: 7224K->825K(8128K), 0.0015230 secs] 9214K->6526K(26052K), 0.0015580 secs] [Times: user=0.01 sys=0.00, real=0.00 secs] 
157.343: Total time for which application threads were stopped: 0.0436690 seconds, Stopping threads took: 0.0420500 seconds
157.421: Application time: 0.0781780 seconds
157.463: [GC157.463: [ParNew: 7873K->797K(8128K), 0.0005050 secs] 13574K->6570K(26052K), 0.0005360 secs] [Times: user=0.00 sys=0.00, real=0.00 secs] 
157.464: Total time for which application threads were stopped: 0.0427820 seconds, Stopping threads took: 0.0421690 seconds
157.465: Application time: 0.0010160 seconds
157.506: [GC157.506: [ParNew: 7943K->895K(8128K), 0.0021300 secs] 13716K->12641K(26052K), 0.0021670 secs] [Times: user=0.01 sys=0.00, real=0.01 secs] 
157.508: Total time for which application threads were stopped: 0.0429290 seconds, Stopping threads took: 0.0407030 seconds
157.601: Application time: 0.0928230 seconds
157.671: [GC157.671: [ParNew: 8099K->8099K(8128K), 0.0000110 secs]157.671: [Tenured: 11746K->2466K(17924K), 0.0053190 secs] 19846K->2466K(26052K), [Perm : 5142K->5142K(21248K)], 0.0053840 secs] [Times: user=0.00 sys=0.00, real=0.00 secs] 
157.676: Total time for which application threads were stopped: 0.0754590 seconds, Stopping threads took: 0.0699920 seconds
157.677: Application time: 0.0011330 seconds
157.731: [GC157.731: [ParNew: 7048K->895K(8128K), 0.0016540 secs] 9514K->7267K(26052K), 0.0016920 secs] [Times: user=0.01 sys=0.00, real=0.00 secs] 
157.733: Total time for which application threads were stopped: 0.0555900 seconds, Stopping threads took: 0.0538180 seconds
157.812: Application time: 0.0788800 seconds
157.853: [GC157.853: [ParNew: 8021K->42K(8128K), 0.0003020 secs] 14394K->6446K(26052K), 0.0003320 secs] [Times: user=0.00 sys=0.00, real=0.00 secs] 
157.854: Total time for which application threads were stopped: 0.0418920 seconds, Stopping threads took: 0.0414990 seconds
157.855: Application time: 0.0009050 seconds
157.855: [GC157.855: [ParNew: 7188K->895K(8128K), 0.0021800 secs] 13593K->13578K(26052K), 0.0022140 secs] [Times: user=0.02 sys=0.00, real=0.00 secs] 
157.857: Total time for which application threads were stopped: 0.0023670 seconds, Stopping threads took: 0.0000990 seconds
157.939: Application time: 0.0823360 seconds
158.010: [GC158.010: [ParNew: 8099K->8099K(8128K), 0.0000100 secs]158.010: [Tenured: 12683K->1542K(17924K), 0.0045920 secs] 20782K->1542K(26052K), [Perm : 5142K->5142K(21248K)], 0.0046480 secs] [Times: user=0.01 sys=0.00, real=0.00 secs] 
158.015: Total time for which application threads were stopped: 0.0758260 seconds, Stopping threads took: 0.0711160 seconds
158.016: Application time: 0.0010250 seconds
158.016: [GC158.016: [ParNew: 7146K->895K(8128K), 0.0023200 secs] 8688K->8688K(26052K), 0.0023570 secs] [Times: user=0.01 sys=0.00, real=0.01 secs] 
158.019: Total time for which application threads were stopped: 0.0027060 seconds, Stopping threads took: 0.0002680 seconds
158.100: Application time: 0.0816250 seconds
158.169: [GC158.169: [ParNew: 7943K->891K(8128K), 0.0006370 secs] 15736K->9294K(26052K), 0.0006700 secs] [Times: user=0.01 sys=0.00, real=0.00 secs] 
158.170: Total time for which application threads were stopped: 0.0690960 seconds, Stopping threads took: 0.0683440 seconds
158.247: Application time: 0.0777470 seconds
158.250: [GC158.250: [ParNew: 8037K->10K(8128K), 0.0002530 secs] 16440K->8429K(26052K), 0.0002830 secs] [Times: user=0.00 sys=0.00, real=0.00 secs] 
158.251: Total time for which application threads were stopped: 0.0032720 seconds, Stopping threads took: 0.0029130 seconds
158.251: Application time: 0.0007360 seconds
158.252: [GC158.252: [ParNew: 7156K->895K(8128K), 0.0020290 secs] 15575K->15564K(26052K), 0.0020570 secs] [Times: user=0.01 sys=0.00, real=0.00 secs] 
158.254: Total time for which application threads were stopped: 0.0023310 seconds, Stopping threads took: 0.0001990 seconds
158.347: Application time: 0.0932940 seconds
158.412: [GC158.412: [ParNew: 7943K->7943K(8128K), 0.0000110 secs]158.413: [Tenured: 14669K->2813K(17924K), 0.0053390 secs] 22612K->2813K(26052K), [Perm : 5142K->5142K(21248K)], 0.0053960 secs] [Times: user=0.01 sys=0.00, real=0.01 secs] 
158.418: Total time for which application threads were stopped: 0.0709950 seconds, Stopping threads took: 0.0655290 seconds
158.419: Application time: 0.0014790 seconds
158.496: [GC158.496: [ParNew: 7126K->825K(8128K), 0.0004410 secs] 9939K->3638K(26052K), 0.0004730 secs] [Times: user=0.00 sys=0.00, real=0.00 secs] 
158.497: Total time for which application threads were stopped: 0.0774670 seconds, Stopping threads took: 0.0769250 seconds
158.498: Application time: 0.0009120 seconds
158.538: [GC158.538: [ParNew: 7971K->895K(8128K), 0.0018220 secs] 10784K->9737K(26052K), 0.0018510 secs] [Times: user=0.01 sys=0.01, real=0.01 secs] 
158.539: Total time for which application threads were stopped: 0.0417090 seconds, Stopping threads took: 0.0398090 seconds
158.621: Application time: 0.0820000 seconds
158.690: [GC158.690: [ParNew: 7943K->596K(8128K), 0.0006180 secs] 16785K->9837K(26052K), 0.0006550 secs] [Times: user=0.00 sys=0.00, real=0.00 secs] 
158.691: Total time for which application threads were stopped: 0.0695550 seconds, Stopping threads took: 0.0688250 seconds
158.692: Application time: 0.0010320 seconds
158.732: [GC158.732: [ParNew: 7742K->895K(8128K), 0.0020890 secs] 16983K->15230K(26052K), 0.0021280 secs] [Times: user=0.02 sys=0.00, real=0.00 secs] 
158.735: Total time for which application threads were stopped: 0.0424820 seconds, Stopping threads took: 0.0402750 seconds
158.824: Application time: 0.0897930 seconds
158.895: [GC158.895: [ParNew: 8041K->8041K(8128K), 0.0000100 secs]158.895: [Tenured: 14335K->1767K(17924K), 0.0051880 secs] 22376K->1767K(26052K), [Perm : 5142K->5142K(21248K)], 0.0052430 secs] [Times: user=0.00 sys=0.00, real=0.01 secs] 
158.900: Total time for which application threads were stopped: 0.0755130 seconds, Stopping threads took: 0.0701860 seconds
158.901: Application time: 0.0012220 seconds
158.901: [GC158.901: [ParNew: 7146K->895K(8128K), 0.0021790 secs] 8913K->8912K(26052K), 0.0022110 secs] [Times: user=0.02 sys=0.00, real=0.00 secs] 
158.904: Total time for which application threads were stopped: 0.0025620 seconds, Stopping threads took: 0.0002740 seconds
158.985: Application time: 0.0813990 seconds
159.054: [GC159.054: [ParNew: 8099K->462K(8128K), 0.0004560 secs] 16117K->8504K(26052K), 0.0004870 secs] [Times: user=0.01 sys=0.00, real=0.00 secs] 
159.054: Total time for which application threads were stopped: 0.0691460 seconds, Stopping threads took: 0.0685950 seconds
159.055: Application time: 0.0008380 seconds
159.055: [GC159.055: [ParNew: 7608K->893K(8128K), 0.0023450 secs] 15650K->15680K(26052K), 0.0023790 secs] [Times: user=0.02 sys=0.00, real=0.00 secs] 
159.058: Total time for which application threads were stopped: 0.0025910 seconds, Stopping threads took: 0.0001560 seconds
159.154: Application time: 0.0961170 seconds
159.230: [GC159.230: [ParNew: 7824K->7824K(8128K), 0.0000100 secs]159.230: [Tenured: 14786K->2048K(17924K), 0.0052050 secs] 22610K->2048K(26052K), [Perm : 5142K->5142K(21248K)], 0.0052660 secs] [Times: user=0.00 sys=0.00, real=0.00 secs] 
159.235: Total time for which application threads were stopped: 0.0812120 seconds, Stopping threads took: 0.0758860 seconds
159.236: Application time: 0.0010970 seconds
159.284: [GC159.284: [ParNew: 7146K->895K(8128K), 0.0017410 secs] 9194K->7435K(26052K), 0.0017800 secs] [Times: user=0.01 sys=0.01, real=0.01 secs] 
159.286: Total time for which application threads were stopped: 0.0497520 seconds, Stopping threads took: 0.0479100 seconds
159.364: Application time: 0.0786010 seconds
159.407: [GC159.407: [ParNew: 8041K->793K(8128K), 0.0008020 secs] 14581K->8342K(26052K), 0.0008360 secs] [Times: user=0.01 sys=0.00, real=0.00 secs] 
159.408: Total time for which application threads were stopped: 0.0433380 seconds, Stopping threads took: 0.0424460 seconds
159.494: Application time: 0.0862320 seconds
159.502: [GC159.502: [ParNew: 7920K->239K(8128K), 0.0002670 secs] 15469K->7804K(26052K), 0.0002980 secs] [Times: user=0.00 sys=0.00, real=0.00 secs] 
159.502: Total time for which application threads were stopped: 0.0079730 seconds, Stopping threads took: 0.0076220 seconds
159.503: Application time: 0.0008290 seconds
159.555: [GC159.555: [ParNew: 7463K->895K(8128K), 0.0019280 secs] 15029K->13887K(26052K), 0.0019650 secs] [Times: user=0.01 sys=0.00, real=0.00 secs] 
159.557: Total time for which application threads were stopped: 0.0540300 seconds, Stopping threads took: 0.0519740 seconds
159.641: Application time: 0.0845340 seconds
159.716: [GC159.716: [ParNew: 8021K->8021K(8128K), 0.0000100 secs]159.716: [Tenured: 12992K->1738K(17924K), 0.0051700 secs] 21014K->1738K(26052K), [Perm : 5142K->5142K(21248K)], 0.0052250 secs] [Times: user=0.01 sys=0.00, real=0.01 secs] 
159.721: Total time for which application threads were stopped: 0.0794060 seconds, Stopping threads took: 0.0741000 seconds
159.722: Application time: 0.0010990 seconds
159.775: [GC159.775: [ParNew: 7145K->797K(8128K), 0.0019150 secs] 8884K->8005K(26052K), 0.0019620 secs] [Times: user=0.01 sys=0.00, real=0.00 secs] 
159.777: Total time for which application threads were stopped: 0.0547240 seconds, Stopping threads took: 0.0526990 seconds
159.857: Application time: 0.0804130 seconds
159.925: [GC159.925: [ParNew: 7728K->430K(8128K), 0.0005250 secs] 14936K->7662K(26052K), 0.0005570 secs] [Times: user=0.01 sys=0.00, real=0.00 secs] 
159.925: Total time for which application threads were stopped: 0.0682430 seconds, Stopping threads took: 0.0676210 seconds
159.926: Application time: 0.0008650 seconds
159.978: [GC159.978: [ParNew: 7479K->895K(8128K), 0.0019950 secs] 14711K->13624K(26052K), 0.0020300 secs] [Times: user=0.02 sys=0.00, real=0.00 secs] 
159.980: Total time for which application threads were stopped: 0.0541660 seconds, Stopping threads took: 0.0520820 seconds
160.076: Application time: 0.0954210 seconds
160.142: [GC160.142: [ParNew: 7943K->7943K(8128K), 0.0000100 secs]160.143: [Tenured: 12728K->3330K(17924K), 0.0054620 secs] 20672K->3330K(26052K), [Perm : 5142K->5142K(21248K)], 0.0055180 secs] [Times: user=0.01 sys=0.00, real=0.01 secs] 
160.148: Total time for which application threads were stopped: 0.0723060 seconds, Stopping threads took: 0.0667150 seconds
160.226: Application time: 0.0783950 seconds
160.231: [GC160.231: [ParNew: 7048K->12K(8128K), 0.0005120 secs] 10378K->3342K(26052K), 0.0005420 secs] [Times: user=0.00 sys=0.00, real=0.00 secs] 
160.232: Total time for which application threads were stopped: 0.0053820 seconds, Stopping threads took: 0.0047670 seconds
160.233: Application time: 0.0007340 seconds
160.273: [GC160.273: [ParNew: 7236K->895K(8128K), 0.0019260 secs] 10566K->9429K(26052K), 0.0019620 secs] [Times: user=0.01 sys=0.00, real=0.00 secs] 
160.275: Total time for which application threads were stopped: 0.0427270 seconds, Stopping threads took: 0.0406870 seconds
160.355: Application time: 0.0800570 seconds
160.424: [GC160.424: [ParNew: 7943K->207K(8128K), 0.0005140 secs] 16477K->8806K(26052K), 0.0005450 secs] [Times: user=0.00 sys=0.00, real=0.00 secs] 
160.424: Total time for which application threads were stopped: 0.0691330 seconds, Stopping threads took: 0.0685240 seconds
160.425: Application time: 0.0009460 seconds
160.466: [GC160.466: [ParNew: 7353K->895K(8128K), 0.0021740 secs] 15952K->14865K(26052K), 0.0022090 secs] [Times: user=0.02 sys=0.00, real=0.01 secs] 
160.468: Total time for which application threads were stopped: 0.0423630 seconds, Stopping threads took: 0.0400760 seconds
160.548: Application time: 0.0799150 seconds
160.616: [GC160.616: [ParNew: 7943K->7943K(8128K), 0.0000110 secs]160.616: [Tenured: 13970K->2187K(17924K), 0.0052270 secs] 21913K->2187K(26052K), [Perm : 5142K->5142K(21248K)], 0.0052830 secs] [Times: user=0.01 sys=0.00, real=0.01 secs] 
160.622: Total time for which application threads were stopped: 0.0738790 seconds, Stopping threads took: 0.0685140 seconds
160.623: Application time: 0.0010890 seconds
160.676: [GC160.676: [ParNew: 7146K->895K(8128K), 0.0018400 secs] 9333K->7574K(26052K), 0.0018800 secs] [Times: user=0.01 sys=0.00, real=0.01 secs] 
160.678: Total time for which application threads were stopped: 0.0553030 seconds, Stopping threads took: 0.0533320 seconds
160.757: Application time: 0.0785620 seconds
160.799: [GC160.799: [ParNew: 7826K->432K(8128K), 0.0004400 secs] 14505K->7136K(26052K), 0.0004700 secs] [Times: user=0.00 sys=0.00, real=0.00 secs] 
160.799: Total time for which application threads were stopped: 0.0426060 seconds, Stopping threads took: 0.0420830 seconds
160.800: Application time: 0.0009600 seconds
160.851: [GC160.851: [ParNew: 7578K->895K(8128K), 0.0020680 secs] 14282K->13193K(26052K), 0.0020990 secs] [Times: user=0.01 sys=0.00, real=0.00 secs] 
160.853: Total time for which application threads were stopped: 0.0533110 seconds, Stopping threads took: 0.0511600 seconds
160.943: Application time: 0.0892550 seconds
161.015: [GC161.015: [ParNew: 7826K->7826K(8128K), 0.0000100 secs]161.015: [Tenured: 12298K->2244K(17924K), 0.0051050 secs] 20124K->2244K(26052K), [Perm : 5142K->5142K(21248K)], 0.0051700 secs] [Times: user=0.00 sys=0.00, real=0.01 secs] 
161.020: Total time for which application threads were stopped: 0.0770690 seconds, Stopping threads took: 0.0718150 seconds
161.021: Application time: 0.0010630 seconds
161.061: [GC161.061: [ParNew: 7146K->895K(8128K), 0.0019920 secs] 9390K->8705K(26052K), 0.0020300 secs] [Times: user=0.01 sys=0.00, real=0.00 secs] 
161.063: Total time for which application threads were stopped: 0.0420760 seconds, Stopping threads took: 0.0399680 seconds
161.145: Application time: 0.0822130 seconds
161.207: [GC161.207: [ParNew: 7826K->430K(8128K), 0.0004420 secs] 15637K->8265K(26052K), 0.0004750 secs] [Times: user=0.00 sys=0.00, real=0.00 secs] 
161.207: Total time for which application threads were stopped: 0.0619240 seconds, Stopping threads took: 0.0613720 seconds
161.208: Application time: 0.0009460 seconds
161.248: [GC161.248: [ParNew: 7576K->895K(8128K), 0.0019920 secs] 15411K->14324K(26052K), 0.0020240 secs] [Times: user=0.01 sys=0.01, real=0.00 secs] 
161.250: Total time for which application threads were stopped: 0.0419400 seconds, Stopping threads took: 0.0398600 seconds
161.341: Application time: 0.0910490 seconds
161.415: [GC161.415: [ParNew: 7748K->7748K(8128K), 0.0000100 secs]161.415: [Tenured: 13429K->1738K(17924K), 0.0051460 secs] 21177K->1738K(26052K), [Perm : 5142K->5142K(21248K)], 0.0052010 secs] [Times: user=0.00 sys=0.00, real=0.01 secs] 
161.420: Total time for which application threads were stopped: 0.0790320 seconds, Stopping threads took: 0.0737480 seconds
161.421: Application time: 0.0011080 seconds
161.472: [GC161.472: [ParNew: 7048K->797K(8128K), 0.0017460 secs] 8787K->7028K(26052K), 0.0017820 secs] [Times: user=0.01 sys=0.00, real=0.00 secs] 
161.474: Total time for which application threads were stopped: 0.0529710 seconds, Stopping threads took: 0.0511090 seconds
161.553: Application time: 0.0789470 seconds
161.597: [GC161.597: [ParNew: 7826K->434K(8128K), 0.0005200 secs] 14057K->6690K(26052K), 0.0005540 secs] [Times: user=0.00 sys=0.00, real=0.01 secs] 
161.598: Total time for which application threads were stopped: 0.0446620 seconds, Stopping threads took: 0.0440340 seconds
161.599: Application time: 0.0008610 seconds
161.639: [GC161.639: [ParNew: 7659K->895K(8128K), 0.0019990 secs] 13914K->12773K(26052K), 0.0020300 secs] [Times: user=0.01 sys=0.00, real=0.00 secs] 
161.641: Total time for which application threads were stopped: 0.0424260 seconds, Stopping threads took: 0.0403390 seconds
161.723: Application time: 0.0818350 seconds
161.790: [GC161.790: [ParNew: 7826K->7826K(8128K), 0.0000100 secs]161.790: [Tenured: 11878K->2215K(17924K), 0.0044860 secs] 19704K->2215K(26052K), [Perm : 5142K->5142K(21248K)], 0.0045400 secs] [Times: user=0.00 sys=0.00, real=0.00 secs] 
161.795: Total time for which application threads were stopped: 0.0721350 seconds, Stopping threads took: 0.0675140 seconds
161.796: Application time: 0.0011060 seconds
161.839: [GC161.839: [ParNew: 7224K->895K(8128K), 0.0021970 secs] 9440K->8705K(26052K), 0.0022370 secs] [Times: user=0.01 sys=0.00, real=0.00 secs] 
161.842: Total time for which application threads were stopped: 0.0455210 seconds, Stopping threads took: 0.0432050 seconds
161.923: Application time: 0.0812730 seconds
161.991: [GC161.991: [ParNew: 7943K->598K(8128K), 0.0003470 secs] 15753K->8448K(26052K), 0.0003740 secs] [Times: user=0.00 sys=0.00, real=0.00 secs] 
161.991: Total time for which application threads were stopped: 0.0684260 seconds, Stopping threads took: 0.0680020 seconds
161.992: Application time: 0.0009180 seconds
162.033: [GC162.033: [ParNew: 7744K->893K(8128K), 0.0021850 secs] 15594K->14529K(26052K), 0.0022220 secs] [Times: user=0.01 sys=0.00, real=0.00 secs] 
162.035: Total time for which application threads were stopped: 0.0428620 seconds, Stopping threads took: 0.0405830 seconds
162.116: Application time: 0.0813380 seconds
162.184: [GC162.184: [ParNew: 7941K->7941K(8128K), 0.0000100 secs]162.184: [Tenured: 13636K->2635K(17924K), 0.0052040 secs] 21577K->2635K(26052K), [Perm : 5142K->5142K(21248K)], 0.0052710 secs] [Times: user=0.01 sys=0.00, real=0.01 secs] 
162.189: Total time for which application threads were stopped: 0.0727870 seconds, Stopping threads took: 0.0674310 seconds
162.190: Application time: 0.0011960 seconds
162.234: [GC162.234: [ParNew: 7224K->895K(8128K), 0.0020540 secs] 9859K->8441K(26052K), 0.0020920 secs] [Times: user=0.01 sys=0.00, real=0.00 secs] 
162.236: Total time for which application threads were stopped: 0.0452960 seconds, Stopping threads took: 0.0431230 seconds
162.316: Application time: 0.0807290 seconds
162.384: [GC162.384: [ParNew: 8041K->8K(8128K), 0.0004960 secs] 15587K->7594K(26052K), 0.0005270 secs] [Times: user=0.00 sys=0.00, real=0.00 secs] 
162.385: Total time for which application threads were stopped: 0.0685630 seconds, Stopping threads took: 0.0679540 seconds
162.386: Application time: 0.0008950 seconds
162.386: [GC162.386: [ParNew: 7154K->895K(8128K), 0.0022250 secs] 14740K->14732K(26052K), 0.0022570 secs] [Times: user=0.01 sys=0.00, real=0.00 secs] 
162.388: Total time for which application threads were stopped: 0.0025620 seconds, Stopping threads took: 0.0002310 seconds
162.470: Application time: 0.0813180 seconds
162.538: [GC162.538: [ParNew: 8040K->8040K(8128K), 0.0000100 secs]162.538: [Tenured: 13837K->3250K(17924K), 0.0053950 secs] 21877K->3250K(26052K), [Perm : 5142K->5142K(21248K)], 0.0054520 secs] [Times: user=0.01 sys=0.00, real=0.00 secs] 
162.543: Total time for which application threads were stopped: 0.0736150 seconds, Stopping threads took: 0.0681000 seconds
162.547: Application time: 0.0032210 seconds
162.622: [GC162.622: [ParNew: 7107K->853K(8128K), 0.0003910 secs] 10357K->4103K(26052K), 0.0004220 secs] [Times: user=0.01 sys=0.00, real=0.00 secs] 
162.622: Total time for which application threads were stopped: 0.0758080 seconds, Stopping threads took: 0.0753180 seconds
162.623: Application time: 0.0010240 seconds
162.678: [GC162.678: [ParNew: 7999K->891K(8128K), 0.0018000 secs] 11249K->9120K(26052K), 0.0018290 secs] [Times: user=0.01 sys=0.00, real=0.00 secs] 
162.680: Total time for which application threads were stopped: 0.0564340 seconds, Stopping threads took: 0.0545500 seconds
162.761: Application time: 0.0812960 seconds
162.828: [GC162.828: [ParNew: 8037K->14K(8128K), 0.0003530 secs] 16266K->8267K(26052K), 0.0003840 secs] [Times: user=0.00 sys=0.00, real=0.00 secs] 
162.829: Total time for which application threads were stopped: 0.0674770 seconds, Stopping threads took: 0.0670380 seconds
162.830: Application time: 0.0010580 seconds
162.830: [GC162.830: [ParNew: 7160K->895K(8128K), 0.0021720 secs] 15413K->15398K(26052K), 0.0022020 secs] [Times: user=0.01 sys=0.00, real=0.00 secs] 
162.832: Total time for which application threads were stopped: 0.0023600 seconds, Stopping threads took: 0.0001040 seconds
162.925: Application time: 0.0929000 seconds
162.998: [GC162.998: [ParNew: 7943K->7943K(8128K), 0.0000100 secs]162.998: [Tenured: 14503K->1511K(17924K), 0.0049590 secs] 22446K->1511K(26052K), [Perm : 5142K->5142K(21248K)], 0.0050150 secs] [Times: user=0.01 sys=0.00, real=0.00 secs] 
163.003: Total time for which application threads were stopped: 0.0777300 seconds, Stopping threads took: 0.0726200 seconds
163.004: Application time: 0.0013140 seconds
163.045: [GC163.045: [ParNew: 7224K->895K(8128K), 0.0016870 secs] 8735K->6735K(26052K), 0.0017170 secs] [Times: user=0.02 sys=0.00, real=0.01 secs] 
163.047: Total time for which application threads were stopped: 0.0425830 seconds, Stopping threads took: 0.0407930 seconds
163.127: Application time: 0.0807680 seconds
163.169: [GC163.169: [ParNew: 8021K->434K(8128K), 0.0005150 secs] 13862K->6315K(26052K), 0.0005460 secs] [Times: user=0.00 sys=0.00, real=0.00 secs] 
163.169: Total time for which application threads were stopped: 0.0419200 seconds, Stopping threads took: 0.0413070 seconds
163.170: Application time: 0.0010000 seconds
163.211: [GC163.211: [ParNew: 7483K->895K(8128K), 0.0020490 secs] 13363K->12272K(26052K), 0.0020840 secs] [Times: user=0.02 sys=0.00, real=0.00 secs] 
163.213: Total time for which application threads were stopped: 0.0430190 seconds, Stopping threads took: 0.0408490 seconds
163.294: Application time: 0.0805990 seconds
163.364: [GC163.364: [ParNew: 7923K->7923K(8128K), 0.0000110 secs]163.364: [Tenured: 11377K->1791K(17924K), 0.0051530 secs] 19301K->1791K(26052K), [Perm : 5142K->5142K(21248K)], 0.0052070 secs] [Times: user=0.01 sys=0.00, real=0.01 secs] 
163.369: Total time for which application threads were stopped: 0.0753120 seconds, Stopping threads took: 0.0700250 seconds
163.370: Application time: 0.0010870 seconds
163.414: [GC163.414: [ParNew: 7224K->895K(8128K), 0.0019640 secs] 9016K->7207K(26052K), 0.0020000 secs] [Times: user=0.02 sys=0.00, real=0.00 secs] 
163.416: Total time for which application threads were stopped: 0.0457750 seconds, Stopping threads took: 0.0437160 seconds
163.495: Application time: 0.0787430 seconds
163.537: [GC163.537: [ParNew: 7748K->889K(8128K), 0.0007480 secs] 14060K->7835K(26052K), 0.0007830 secs] [Times: user=0.00 sys=0.00, real=0.00 secs] 
163.537: Total time for which application threads were stopped: 0.0425620 seconds, Stopping threads took: 0.0416930 seconds
163.615: Application time: 0.0775180 seconds
163.619: [GC163.619: [ParNew: 8035K->14K(8128K), 0.0004410 secs] 14981K->6968K(26052K), 0.0004700 secs] [Times: user=0.00 sys=0.00, real=0.00 secs] 
163.619: Total time for which application threads were stopped: 0.0044630 seconds, Stopping threads took: 0.0039190 seconds
163.620: Application time: 0.0007510 seconds
163.620: [GC163.620: [ParNew: 7238K->895K(8128K), 0.0020210 secs] 14192K->14127K(26052K), 0.0020500 secs] [Times: user=0.01 sys=0.00, real=0.00 secs] 
163.623: Total time for which application threads were stopped: 0.0023720 seconds, Stopping threads took: 0.0002480 seconds
163.704: Application time: 0.0819470 seconds
163.778: [GC163.778: [ParNew: 7943K->7943K(8128K), 0.0000110 secs]163.778: [Tenured: 13232K->2045K(17924K), 0.0050060 secs] 21176K->2045K(26052K), [Perm : 5142K->5142K(21248K)], 0.0050630 secs] [Times: user=0.01 sys=0.00, real=0.00 secs] 
163.783: Total time for which application threads were stopped: 0.0787720 seconds, Stopping threads took: 0.0736460 seconds
163.784: Application time: 0.0010980 seconds
163.785: [GC163.785: [ParNew: 7146K->895K(8128K), 0.0022260 secs] 9191K->9190K(26052K), 0.0022610 secs] [Times: user=0.01 sys=0.00, real=0.01 secs] 
163.787: Total time for which application threads were stopped: 0.0024640 seconds, Stopping threads took: 0.0001440 seconds
163.868: Application time: 0.0808810 seconds
163.932: [GC163.932: [ParNew: 8040K->795K(8128K), 0.0006330 secs] 16336K->9888K(26052K), 0.0006660 secs] [Times: user=0.01 sys=0.00, real=0.00 secs] 
163.933: Total time for which application threads were stopped: 0.0651660 seconds, Stopping threads took: 0.0644240 seconds
164.023: Application time: 0.0902580 seconds
164.032: [GC164.032: [ParNew: 7843K->12K(8128K), 0.0003070 secs] 16936K->9120K(26052K), 0.0003340 secs] [Times: user=0.00 sys=0.00, real=0.00 secs] 
164.032: Total time for which application threads were stopped: 0.0089900 seconds, Stopping threads took: 0.0085930 seconds
164.033: Application time: 0.0008160 seconds
164.079: [GC164.079: [ParNew: 7156K->893K(8128K), 0.0017880 secs] 16264K->15178K(26052K), 0.0018240 secs] [Times: user=0.01 sys=0.00, real=0.00 secs] 
164.081: Total time for which application threads were stopped: 0.0477390 seconds, Stopping threads took: 0.0458290 seconds
164.161: Application time: 0.0800720 seconds
164.228: [GC164.228: [ParNew: 8019K->8019K(8128K), 0.0000100 secs]164.228: [Tenured: 14284K->2269K(17924K), 0.0051420 secs] 22304K->2269K(26052K), [Perm : 5142K->5142K(21248K)], 0.0051990 secs] [Times: user=0.00 sys=0.00, real=0.00 secs] 
164.234: Total time for which application threads were stopped: 0.0727520 seconds, Stopping threads took: 0.0674680 seconds
164.235: Application time: 0.0012520 seconds
164.282: [GC164.282: [ParNew: 7146K->895K(8128K), 0.0021440 secs] 9415K->8536K(26052K), 0.0021780 secs] [Times: user=0.01 sys=0.00, real=0.00 secs] 
164.284: Total time for which application threads were stopped: 0.0494150 seconds, Stopping threads took: 0.0471510 seconds
164.366: Application time: 0.0823090 seconds
164.433: [GC164.433: [ParNew: 7943K->404K(8128K), 0.0004990 secs] 15584K->8070K(26052K), 0.0005290 secs] [Times: user=0.00 sys=0.00, real=0.00 secs] 
164.433: Total time for which application threads were stopped: 0.0666580 seconds, Stopping threads took: 0.0660560 seconds
164.434: Application time: 0.0008740 seconds
164.476: [GC164.476: [ParNew: 7607K->895K(8128K), 0.0019680 secs] 15272K->14085K(26052K), 0.0020060 secs] [Times: user=0.01 sys=0.00, real=0.00 secs] 
164.478: Total time for which application threads were stopped: 0.0435830 seconds, Stopping threads took: 0.0415180 seconds
164.558: Application time: 0.0801750 seconds
164.625: [GC164.625: [ParNew: 7923K->7923K(8128K), 0.0000110 secs]164.625: [Tenured: 13190K->1707K(17924K), 0.0046580 secs] 21114K->1707K(26052K), [Perm : 5142K->5142K(21248K)], 0.0047140 secs] [Times: user=0.01 sys=0.00, real=0.01 secs] 
164.630: Total time for which application threads were stopped: 0.0717720 seconds, Stopping threads took: 0.0669880 seconds
164.631: Application time: 0.0013530 seconds
164.673: [GC164.673: [ParNew: 7224K->895K(8128K), 0.0018260 secs] 8931K->7122K(26052K), 0.0018590 secs] [Times: user=0.02 sys=0.00, real=0.00 secs] 
164.675: Total time for which application threads were stopped: 0.0438810 seconds, Stopping threads took: 0.0419450 seconds
164.753: Application time: 0.0782280 seconds
164.796: [GC164.796: [ParNew: 7748K->889K(8128K), 0.0007690 secs] 13975K->7750K(26052K), 0.0008020 secs] [Times: user=0.01 sys=0.00, real=0.00 secs] 
164.797: Total time for which application threads were stopped: 0.0437190 seconds, Stopping threads took: 0.0428630 seconds
164.883: Application time: 0.0866670 seconds
164.889: [GC164.890: [ParNew: 8035K->10K(8128K), 0.0005120 secs] 14896K->6887K(26052K), 0.0005400 secs] [Times: user=0.00 sys=0.00, real=0.00 secs] 
164.890: Total time for which application threads were stopped: 0.0066080 seconds, Stopping threads took: 0.0060170 seconds
164.891: Application time: 0.0007290 seconds
164.891: [GC164.891: [ParNew: 7234K->895K(8128K), 0.0021480 secs] 14112K->14051K(26052K), 0.0021830 secs] [Times: user=0.02 sys=0.00, real=0.00 secs] 
164.893: Total time for which application threads were stopped: 0.0024540 seconds, Stopping threads took: 0.0002150 seconds
164.975: Application time: 0.0813360 seconds
165.041: [GC165.041: [ParNew: 8040K->8040K(8128K), 0.0000100 secs]165.041: [Tenured: 13156K->3132K(17924K), 0.0047300 secs] 21196K->3132K(26052K), [Perm : 5142K->5142K(21248K)], 0.0047880 secs] [Times: user=0.01 sys=0.00, real=0.01 secs] 
165.046: Total time for which application threads were stopped: 0.0713160 seconds, Stopping threads took: 0.0664460 seconds
165.047: Application time: 0.0013730 seconds
165.123: [GC165.123: [ParNew: 7146K->893K(8128K), 0.0015840 secs] 10278K->7345K(26052K), 0.0016200 secs] [Times: user=0.01 sys=0.00, real=0.00 secs] 
165.124: Total time for which application threads were stopped: 0.0771250 seconds, Stopping threads took: 0.0754450 seconds
165.202: Application time: 0.0776840 seconds
165.246: [GC165.246: [ParNew: 7941K->791K(8128K), 0.0006250 secs] 14394K->8041K(26052K), 0.0006570 secs] [Times: user=0.00 sys=0.00, real=0.00 secs] 
165.247: Total time for which application threads were stopped: 0.0444810 seconds, Stopping threads took: 0.0437600 seconds
165.330: Application time: 0.0838410 seconds
165.338: [GC165.338: [ParNew: 7839K->12K(8128K), 0.0004790 secs] 15089K->7278K(26052K), 0.0005080 secs] [Times: user=0.00 sys=0.00, real=0.00 secs] 
165.338: Total time for which application threads were stopped: 0.0078230 seconds, Stopping threads took: 0.0072590 seconds
165.339: Application time: 0.0007850 seconds
165.339: [GC165.339: [ParNew: 7158K->895K(8128K), 0.0021450 secs] 14424K->14411K(26052K), 0.0021770 secs] [Times: user=0.02 sys=0.00, real=0.00 secs] 
165.341: Total time for which application threads were stopped: 0.0023190 seconds, Stopping threads took: 0.0000900 seconds
165.423: Application time: 0.0814990 seconds
165.489: [GC165.489: [ParNew: 7923K->7923K(8128K), 0.0000110 secs]165.489: [Tenured: 13516K->2965K(17924K), 0.0053300 secs] 21440K->2965K(26052K), [Perm : 5142K->5142K(21248K)], 0.0053940 secs] [Times: user=0.01 sys=0.00, real=0.00 secs] 
165.494: Total time for which application threads were stopped: 0.0715230 seconds, Stopping threads took: 0.0660450 seconds
165.496: Application time: 0.0015510 seconds
165.573: [GC165.573: [ParNew: 7224K->893K(8128K), 0.0010170 secs] 10189K->4863K(26052K), 0.0010500 secs] [Times: user=0.01 sys=0.00, real=0.00 secs] 
165.574: Total time for which application threads were stopped: 0.0784070 seconds, Stopping threads took: 0.0772790 seconds
165.661: Application time: 0.0869430 seconds
165.668: [GC165.668: [ParNew: 8039K->402K(8128K), 0.0006410 secs] 12009K->4412K(26052K), 0.0006690 secs] [Times: user=0.00 sys=0.00, real=0.00 secs] 
165.669: Total time for which application threads were stopped: 0.0076470 seconds, Stopping threads took: 0.0069030 seconds
165.670: Application time: 0.0009000 seconds
165.711: [GC165.711: [ParNew: 7548K->891K(8128K), 0.0019160 secs] 11558K->9393K(26052K), 0.0019540 secs] [Times: user=0.01 sys=0.00, real=0.00 secs] 
165.713: Total time for which application threads were stopped: 0.0427160 seconds, Stopping threads took: 0.0406840 seconds
165.791: Application time: 0.0784760 seconds
165.833: [GC165.833: [ParNew: 8036K->793K(8128K), 0.0009090 secs] 16539K->10280K(26052K), 0.0009430 secs] [Times: user=0.01 sys=0.00, real=0.00 secs] 
165.834: Total time for which application threads were stopped: 0.0430400 seconds, Stopping threads took: 0.0420140 seconds
165.923: Application time: 0.0892360 seconds
165.929: [GC165.929: [ParNew: 7920K->239K(8128K), 0.0004720 secs] 17407K->9742K(26052K), 0.0005010 secs] [Times: user=0.00 sys=0.00, real=0.00 secs] 
165.930: Total time for which application threads were stopped: 0.0062720 seconds, Stopping threads took: 0.0056950 seconds
165.930: Application time: 0.0008910 seconds
165.971: [GC165.971: [ParNew: 7385K->825K(8128K), 0.0017160 secs] 16888K->14723K(26052K), 0.0017470 secs] [Times: user=0.01 sys=0.00, real=0.00 secs] 
165.973: Total time for which application threads were stopped: 0.0424450 seconds, Stopping threads took: 0.0406220 seconds
166.051: Application time: 0.0782140 seconds
166.092: [GC166.092: [ParNew: 7951K->7951K(8128K), 0.0000110 secs]166.092: [Tenured: 13897K->4418K(17924K), 0.0055270 secs] 21849K->4418K(26052K), [Perm : 5142K->5142K(21248K)], 0.0055830 secs] [Times: user=0.00 sys=0.00, real=0.01 secs] 
166.098: Total time for which application threads were stopped: 0.0468430 seconds, Stopping threads took: 0.0411990 seconds
166.186: Application time: 0.0882020 seconds
166.230: [GC166.230: [ParNew: 7224K->42K(8128K), 0.0002650 secs] 11643K->4460K(26052K), 0.0002950 secs] [Times: user=0.00 sys=0.00, real=0.00 secs] 
166.230: Total time for which application threads were stopped: 0.0437800 seconds, Stopping threads took: 0.0434190 seconds
166.231: Application time: 0.0008070 seconds
166.272: [GC166.272: [ParNew: 7266K->851K(8128K), 0.0017460 secs] 11685K->10544K(26052K), 0.0017790 secs] [Times: user=0.02 sys=0.00, real=0.00 secs] 
166.274: Total time for which application threads were stopped: 0.0427860 seconds, Stopping threads took: 0.0409300 seconds
166.355: Application time: 0.0810750 seconds
166.423: [GC166.423: [ParNew: 7977K->239K(8128K), 0.0003520 secs] 17670K->10028K(26052K), 0.0003830 secs] [Times: user=0.00 sys=0.00, real=0.00 secs] 
166.423: Total time for which application threads were stopped: 0.0684750 seconds, Stopping threads took: 0.0680290 seconds
166.424: Application time: 0.0009940 seconds
166.465: [GC166.465: [ParNew: 7385K->895K(8128K), 0.0017720 secs] 17174K->16083K(26052K), 0.0018060 secs] [Times: user=0.02 sys=0.00, real=0.01 secs] 
166.466: Total time for which application threads were stopped: 0.0422950 seconds, Stopping threads took: 0.0404320 seconds
166.558: Application time: 0.0921180 seconds
166.627: [GC166.627: [ParNew: 8021K->8021K(8128K), 0.0000100 secs]166.627: [Tenured: 15188K->1707K(17924K), 0.0052020 secs] 23209K->1707K(26052K), [Perm : 5142K->5142K(21248K)], 0.0052680 secs] [Times: user=0.00 sys=0.00, real=0.00 secs] 
166.632: Total time for which application threads were stopped: 0.0737260 seconds, Stopping threads took: 0.0683950 seconds
166.633: Application time: 0.0010560 seconds
166.686: [GC166.686: [ParNew: 7146K->895K(8128K), 0.0018630 secs] 8854K->7095K(26052K), 0.0018980 secs] [Times: user=0.02 sys=0.00, real=0.00 secs] 
166.688: Total time for which application threads were stopped: 0.0544630 seconds, Stopping threads took: 0.0525070 seconds
166.766: Application time: 0.0786020 seconds
166.808: [GC166.808: [ParNew: 8041K->791K(8128K), 0.0008330 secs] 14241K->7992K(26052K), 0.0008650 secs] [Times: user=0.01 sys=0.00, real=0.00 secs] 
166.809: Total time for which application threads were stopped: 0.0425480 seconds, Stopping threads took: 0.0416070 seconds
166.888: Application time: 0.0791480 seconds
166.893: [GC166.893: [ParNew: 7839K->207K(8128K), 0.0005320 secs] 15040K->7416K(26052K), 0.0005620 secs] [Times: user=0.00 sys=0.00, real=0.00 secs] 
166.893: Total time for which application threads were stopped: 0.0052940 seconds, Stopping threads took: 0.0046570 seconds
166.894: Application time: 0.0007450 seconds
166.949: [GC166.949: [ParNew: 7353K->895K(8128K), 0.0022480 secs] 14562K->13475K(26052K), 0.0022830 secs] [Times: user=0.02 sys=0.00, real=0.00 secs] 
166.951: Total time for which application threads were stopped: 0.0567050 seconds, Stopping threads took: 0.0543380 seconds
167.031: Application time: 0.0806330 seconds
167.099: [GC167.099: [ParNew: 7943K->7943K(8128K), 0.0000100 secs]167.099: [Tenured: 12580K->2099K(17924K), 0.0051870 secs] 20523K->2099K(26052K), [Perm : 5142K->5142K(21248K)], 0.0052440 secs] [Times: user=0.01 sys=0.00, real=0.00 secs] 
167.104: Total time for which application threads were stopped: 0.0727940 seconds, Stopping threads took: 0.0674880 seconds
167.106: Application time: 0.0013190 seconds
167.147: [GC167.147: [ParNew: 7224K->825K(8128K), 0.0019430 secs] 9324K->8589K(26052K), 0.0019780 secs] [Times: user=0.01 sys=0.00, real=0.00 secs] 
167.149: Total time for which application threads were stopped: 0.0437100 seconds, Stopping threads took: 0.0416650 seconds
167.230: Application time: 0.0808610 seconds
167.297: [GC167.297: [ParNew: 7678K->402K(8128K), 0.0004680 secs] 15442K->8238K(26052K), 0.0004990 secs] [Times: user=0.00 sys=0.00, real=0.01 secs] 
167.298: Total time for which application threads were stopped: 0.0677730 seconds, Stopping threads took: 0.0672190 seconds
167.299: Application time: 0.0008350 seconds
167.339: [GC167.340: [ParNew: 7548K->795K(8128K), 0.0020190 secs] 15384K->14295K(26052K), 0.0020550 secs] [Times: user=0.01 sys=0.00, real=0.00 secs] 
167.342: Total time for which application threads were stopped: 0.0428120 seconds, Stopping threads took: 0.0407010 seconds
167.423: Application time: 0.0810290 seconds
167.493: [GC167.493: [ParNew: 7726K->7726K(8128K), 0.0000090 secs]167.493: [Tenured: 13500K->2156K(17924K), 0.0051640 secs] 21227K->2156K(26052K), [Perm : 5142K->5142K(21248K)], 0.0052190 secs] [Times: user=0.00 sys=0.00, real=0.01 secs] 
167.498: Total time for which application threads were stopped: 0.0751530 seconds, Stopping threads took: 0.0698430 seconds
167.499: Application time: 0.0011140 seconds
167.542: [GC167.542: [ParNew: 7126K->825K(8128K), 0.0018860 secs] 9283K->7474K(26052K), 0.0019220 secs] [Times: user=0.02 sys=0.00, real=0.00 secs] 
167.544: Total time for which application threads were stopped: 0.0447620 seconds, Stopping threads took: 0.0427760 seconds
167.623: Application time: 0.0789730 seconds
167.664: [GC167.664: [ParNew: 7776K->402K(8128K), 0.0002950 secs] 14424K->7123K(26052K), 0.0003240 secs] [Times: user=0.00 sys=0.00, real=0.00 secs] 
167.664: Total time for which application threads were stopped: 0.0418220 seconds, Stopping threads took: 0.0414220 seconds
167.665: Application time: 0.0008800 seconds
167.706: [GC167.706: [ParNew: 7548K->893K(8128K), 0.0019440 secs] 14269K->13180K(26052K), 0.0019810 secs] [Times: user=0.01 sys=0.00, real=0.00 secs] 
167.708: Total time for which application threads were stopped: 0.0429120 seconds, Stopping threads took: 0.0408800 seconds
167.790: Application time: 0.0815050 seconds
167.857: [GC167.857: [ParNew: 7745K->7745K(8128K), 0.0000110 secs]167.857: [Tenured: 12287K->2185K(17924K), 0.0051570 secs] 20033K->2185K(26052K), [Perm : 5142K->5142K(21248K)], 0.0052090 secs] [Times: user=0.01 sys=0.00, real=0.01 secs] 
167.862: Total time for which application threads were stopped: 0.0722340 seconds, Stopping threads took: 0.0669440 seconds
167.863: Application time: 0.0010480 seconds
167.863: [GC167.863: [ParNew: 7048K->895K(8128K), 0.0022660 secs] 9234K->9233K(26052K), 0.0023040 secs] [Times: user=0.01 sys=0.00, real=0.00 secs] 
167.866: Total time for which application threads were stopped: 0.0025870 seconds, Stopping threads took: 0.0002210 seconds
167.947: Application time: 0.0813960 seconds
168.014: [GC168.014: [ParNew: 7943K->793K(8128K), 0.0007530 secs] 16281K->9937K(26052K), 0.0007860 secs] [Times: user=0.00 sys=0.00, real=0.00 secs] 
168.014: Total time for which application threads were stopped: 0.0672970 seconds, Stopping threads took: 0.0664260 seconds
168.095: Application time: 0.0809580 seconds
168.101: [GC168.101: [ParNew: 7920K->42K(8128K), 0.0002500 secs] 17063K->9201K(26052K), 0.0002810 secs] [Times: user=0.00 sys=0.01, real=0.00 secs] 
168.102: Total time for which application threads were stopped: 0.0062400 seconds, Stopping threads took: 0.0058830 seconds
168.102: Application time: 0.0008280 seconds
168.103: [GC168.103: [ParNew: 7266K->895K(8128K), 0.0019940 secs] 16426K->16361K(26052K), 0.0020300 secs] [Times: user=0.02 sys=0.00, real=0.00 secs] 
168.105: Total time for which application threads were stopped: 0.0023650 seconds, Stopping threads took: 0.0002570 seconds
168.196: Application time: 0.0909670 seconds
168.269: [GC168.269: [ParNew: 8021K->8021K(8128K), 0.0000100 secs]168.269: [Tenured: 15466K->1513K(17924K), 0.0051260 secs] 23487K->1513K(26052K), [Perm : 5142K->5142K(21248K)], 0.0051790 secs] [Times: user=0.01 sys=0.00, real=0.00 secs] 
168.274: Total time for which application threads were stopped: 0.0786150 seconds, Stopping threads took: 0.0733760 seconds
168.276: Application time: 0.0013830 seconds
168.316: [GC168.316: [ParNew: 7146K->795K(8128K), 0.0019130 secs] 8659K->7777K(26052K), 0.0019440 secs] [Times: user=0.01 sys=0.00, real=0.01 secs] 
168.318: Total time for which application threads were stopped: 0.0420860 seconds, Stopping threads took: 0.0400880 seconds
168.400: Application time: 0.0817570 seconds
168.467: [GC168.467: [ParNew: 7921K->432K(8128K), 0.0006510 secs] 14903K->7430K(26052K), 0.0006790 secs] [Times: user=0.00 sys=0.00, real=0.00 secs] 
168.467: Total time for which application threads were stopped: 0.0678030 seconds, Stopping threads took: 0.0670710 seconds
168.468: Application time: 0.0009480 seconds
168.509: [GC168.509: [ParNew: 7578K->895K(8128K), 0.0019950 secs] 14577K->13488K(26052K), 0.0020300 secs] [Times: user=0.01 sys=0.00, real=0.00 secs] 
168.511: Total time for which application threads were stopped: 0.0427750 seconds, Stopping threads took: 0.0406650 seconds
168.591: Application time: 0.0803900 seconds
168.659: [GC168.659: [ParNew: 7747K->7747K(8128K), 0.0000090 secs]168.659: [Tenured: 12592K->1933K(17924K), 0.0045470 secs] 20340K->1933K(26052K), [Perm : 5142K->5142K(21248K)], 0.0046040 secs] [Times: user=0.00 sys=0.00, real=0.00 secs] 
168.664: Total time for which application threads were stopped: 0.0724400 seconds, Stopping threads took: 0.0677660 seconds
168.665: Application time: 0.0010870 seconds
168.717: [GC168.717: [ParNew: 7205K->895K(8128K), 0.0018380 secs] 9138K->7279K(26052K), 0.0018760 secs] [Times: user=0.02 sys=0.00, real=0.01 secs] 
168.719: Total time for which application threads were stopped: 0.0540460 seconds, Stopping threads took: 0.0521110 seconds
168.802: Application time: 0.0833140 seconds
168.848: [GC168.848: [ParNew: 7943K->793K(8128K), 0.0006500 secs] 14327K->8006K(26052K), 0.0006900 secs] [Times: user=0.00 sys=0.00, real=0.00 secs] 
168.849: Total time for which application threads were stopped: 0.0468340 seconds, Stopping threads took: 0.0460670 seconds
168.936: Application time: 0.0868290 seconds
168.945: [GC168.945: [ParNew: 7841K->12K(8128K), 0.0003380 secs] 15055K->7241K(26052K), 0.0003660 secs] [Times: user=0.01 sys=0.00, real=0.00 secs] 
168.946: Total time for which application threads were stopped: 0.0096130 seconds, Stopping threads took: 0.0091740 seconds
168.946: Application time: 0.0007100 seconds
168.947: [GC168.947: [ParNew: 7138K->895K(8128K), 0.0021240 secs] 14368K->14305K(26052K), 0.0021590 secs] [Times: user=0.01 sys=0.00, real=0.00 secs] 
168.949: Total time for which application threads were stopped: 0.0024490 seconds, Stopping threads took: 0.0002330 seconds
169.032: Application time: 0.0828190 seconds
169.097: [GC169.097: [ParNew: 7943K->7943K(8128K), 0.0000100 secs]169.097: [Tenured: 13410K->3191K(17924K), 0.0052690 secs] 21353K->3191K(26052K), [Perm : 5142K->5142K(21248K)], 0.0053240 secs] [Times: user=0.00 sys=0.00, real=0.01 secs] 
169.103: Total time for which application threads were stopped: 0.0709310 seconds, Stopping threads took: 0.0655440 seconds
169.104: Application time: 0.0013930 seconds
169.145: [GC169.145: [ParNew: 7146K->795K(8128K), 0.0015840 secs] 10337K->8283K(26052K), 0.0016220 secs] [Times: user=0.02 sys=0.00, real=0.01 secs] 
169.147: Total time for which application threads were stopped: 0.0428400 seconds, Stopping threads took: 0.0411590 seconds
169.225: Application time: 0.0780790 seconds
169.229: [GC169.229: [ParNew: 7941K->893K(8128K), 0.0011960 secs] 15430K->11140K(26052K), 0.0012310 secs] [Times: user=0.01 sys=0.00, real=0.00 secs] 
169.231: Total time for which application threads were stopped: 0.0057970 seconds, Stopping threads took: 0.0044780 seconds
169.310: Application time: 0.0788660 seconds
169.351: [GC169.351: [ParNew: 7746K->795K(8128K), 0.0004840 secs] 17993K->11050K(26052K), 0.0005160 secs] [Times: user=0.01 sys=0.00, real=0.00 secs] 
169.351: Total time for which application threads were stopped: 0.0418540 seconds, Stopping threads took: 0.0412820 seconds
169.352: Application time: 0.0008590 seconds
169.393: [GC169.393: [ParNew: 8019K->895K(8128K), 0.0019850 secs] 18274K->16077K(26052K), 0.0020210 secs] [Times: user=0.02 sys=0.00, real=0.00 secs] 
169.395: Total time for which application threads were stopped: 0.0429670 seconds, Stopping threads took: 0.0408890 seconds
169.482: Application time: 0.0869910 seconds
169.540: [GC169.540: [ParNew: 7943K->7943K(8128K), 0.0000110 secs]169.540: [Tenured: 15182K->3024K(17924K), 0.0054510 secs] 23125K->3024K(26052K), [Perm : 5142K->5142K(21248K)], 0.0055040 secs] [Times: user=0.00 sys=0.00, real=0.00 secs] 
169.545: Total time for which application threads were stopped: 0.0630390 seconds, Stopping threads took: 0.0574530 seconds
169.547: Application time: 0.0013730 seconds
169.599: [GC169.599: [ParNew: 7146K->895K(8128K), 0.0017840 secs] 10170K->8998K(26052K), 0.0018210 secs] [Times: user=0.01 sys=0.00, real=0.00 secs] 
169.601: Total time for which application threads were stopped: 0.0540250 seconds, Stopping threads took: 0.0521220 seconds
169.682: Application time: 0.0812580 seconds
169.748: [GC169.748: [ParNew: 8041K->205K(8128K), 0.0002910 secs] 16144K->8324K(26052K), 0.0003220 secs] [Times: user=0.00 sys=0.00, real=0.00 secs] 
169.749: Total time for which application threads were stopped: 0.0668790 seconds, Stopping threads took: 0.0664860 seconds
169.750: Application time: 0.0009440 seconds
169.750: [GC169.750: [ParNew: 7312K->895K(8128K), 0.0020020 secs] 15431K->15320K(26052K), 0.0020370 secs] [Times: user=0.02 sys=0.00, real=0.00 secs] 
169.752: Total time for which application threads were stopped: 0.0024570 seconds, Stopping threads took: 0.0003390 seconds
169.847: Application time: 0.0947500 seconds
169.918: [GC169.918: [ParNew: 8021K->8021K(8128K), 0.0000100 secs]169.918: [Tenured: 14425K->2587K(17924K), 0.0047310 secs] 22446K->2587K(26052K), [Perm : 5142K->5142K(21248K)], 0.0047930 secs] [Times: user=0.01 sys=0.00, real=0.01 secs] 
169.922: Total time for which application threads were stopped: 0.0754980 seconds, Stopping threads took: 0.0706440 seconds
169.924: Application time: 0.0012870 seconds
169.973: [GC169.973: [ParNew: 7146K->893K(8128K), 0.0019360 secs] 9733K->7778K(26052K), 0.0019750 secs] [Times: user=0.02 sys=0.00, real=0.00 secs] 
169.975: Total time for which application threads were stopped: 0.0508990 seconds, Stopping threads took: 0.0488460 seconds
170.053: Application time: 0.0787770 seconds
170.095: [GC170.095: [ParNew: 7941K->891K(8128K), 0.0007730 secs] 14826K->8401K(26052K), 0.0008040 secs] [Times: user=0.01 sys=0.00, real=0.00 secs] 
170.096: Total time for which application threads were stopped: 0.0420890 seconds, Stopping threads took: 0.0412070 seconds
170.176: Application time: 0.0803700 seconds
170.179: [GC170.179: [ParNew: 8115K->40K(8128K), 0.0005000 secs] 15626K->7559K(26052K), 0.0005300 secs] [Times: user=0.00 sys=0.00, real=0.00 secs] 
170.179: Total time for which application threads were stopped: 0.0033330 seconds, Stopping threads took: 0.0027310 seconds
170.180: Application time: 0.0007990 seconds
170.180: [GC170.180: [ParNew: 7186K->895K(8128K), 0.0019370 secs] 14705K->14692K(26052K), 0.0019720 secs] [Times: user=0.01 sys=0.00, real=0.00 secs] 
170.182: Total time for which application threads were stopped: 0.0020520 seconds, Stopping threads took: 0.0000260 seconds
170.262: Application time: 0.0797220 seconds
170.331: [GC170.331: [ParNew: 7943K->7943K(8128K), 0.0000100 secs]170.331: [Tenured: 13797K->2616K(17924K), 0.0047000 secs] 21740K->2616K(26052K), [Perm : 5142K->5142K(21248K)], 0.0047570 secs] [Times: user=0.00 sys=0.00, real=0.00 secs] 
170.336: Total time for which application threads were stopped: 0.0742530 seconds, Stopping threads took: 0.0694240 seconds
170.337: Application time: 0.0012310 seconds
170.389: [GC170.389: [ParNew: 7146K->893K(8128K), 0.0018510 secs] 9763K->7807K(26052K), 0.0018880 secs] [Times: user=0.02 sys=0.00, real=0.00 secs] 
170.391: Total time for which application threads were stopped: 0.0540210 seconds, Stopping threads took: 0.0520750 seconds
170.469: Application time: 0.0781100 seconds
170.511: [GC170.511: [ParNew: 8019K->432K(8128K), 0.0006110 secs] 14933K->7370K(26052K), 0.0006430 secs] [Times: user=0.00 sys=0.00, real=0.00 secs] 
170.512: Total time for which application threads were stopped: 0.0424320 seconds, Stopping threads took: 0.0417130 seconds
170.513: Application time: 0.0009090 seconds
170.557: [GC170.557: [ParNew: 7657K->895K(8128K), 0.0020320 secs] 14595K->13456K(26052K), 0.0020700 secs] [Times: user=0.02 sys=0.00, real=0.01 secs] 
170.559: Total time for which application threads were stopped: 0.0463430 seconds, Stopping threads took: 0.0441940 seconds
170.641: Application time: 0.0820100 seconds
170.705: [GC170.705: [ParNew: 7748K->7748K(8128K), 0.0000110 secs]170.705: [Tenured: 12560K->1794K(17924K), 0.0058590 secs] 20308K->1794K(26052K), [Perm : 5142K->5142K(21248K)], 0.0059160 secs] [Times: user=0.01 sys=0.00, real=0.01 secs] 
170.712: Total time for which application threads were stopped: 0.0709970 seconds, Stopping threads took: 0.0635590 seconds
170.713: Application time: 0.0012260 seconds
170.754: [GC170.754: [ParNew: 7146K->893K(8128K), 0.0021660 secs] 8940K->8254K(26052K), 0.0021980 secs] [Times: user=0.01 sys=0.00, real=0.00 secs] 
170.756: Total time for which application threads were stopped: 0.0427950 seconds, Stopping threads took: 0.0405170 seconds
170.837: Application time: 0.0808270 seconds
170.898: [GC170.898: [ParNew: 7824K->430K(8128K), 0.0002850 secs] 15185K->7824K(26052K), 0.0003130 secs] [Times: user=0.01 sys=0.00, real=0.00 secs] 
170.898: Total time for which application threads were stopped: 0.0613400 seconds, Stopping threads took: 0.0609450 seconds
170.899: Application time: 0.0008800 seconds
170.940: [GC170.940: [ParNew: 7479K->895K(8128K), 0.0019930 secs] 14872K->13785K(26052K), 0.0020390 secs] [Times: user=0.02 sys=0.00, real=0.00 secs] 
170.942: Total time for which application threads were stopped: 0.0426830 seconds, Stopping threads took: 0.0405640 seconds
171.022: Application time: 0.0800060 seconds
171.091: [GC171.091: [ParNew: 7845K->7845K(8128K), 0.0000100 secs]171.091: [Tenured: 12890K->2214K(17924K), 0.0045490 secs] 20736K->2214K(26052K), [Perm : 5142K->5142K(21248K)], 0.0046060 secs] [Times: user=0.01 sys=0.00, real=0.00 secs] 
171.095: Total time for which application threads were stopped: 0.0736060 seconds, Stopping threads took: 0.0689400 seconds
171.097: Application time: 0.0010530 seconds
171.144: [GC171.144: [ParNew: 7146K->895K(8128K), 0.0021860 secs] 9360K->8676K(26052K), 0.0022230 secs] [Times: user=0.02 sys=0.00, real=0.01 secs] 
171.146: Total time for which application threads were stopped: 0.0499440 seconds, Stopping threads took: 0.0476620 seconds
171.227: Application time: 0.0802120 seconds
171.295: [GC171.295: [ParNew: 7748K->400K(8128K), 0.0005870 secs] 15529K->8206K(26052K), 0.0006190 secs] [Times: user=0.01 sys=0.00, real=0.00 secs] 
171.296: Total time for which application threads were stopped: 0.0693200 seconds, Stopping threads took: 0.0686230 seconds
171.297: Application time: 0.0008190 seconds
171.337: [GC171.337: [ParNew: 7546K->893K(8128K), 0.0019690 secs] 15352K->14265K(26052K), 0.0020040 secs] [Times: user=0.01 sys=0.00, real=0.01 secs] 
171.339: Total time for which application threads were stopped: 0.0422530 seconds, Stopping threads took: 0.0401910 seconds
171.430: Application time: 0.0905120 seconds
171.501: [GC171.501: [ParNew: 7902K->7902K(8128K), 0.0000110 secs]171.501: [Tenured: 13372K->1709K(17924K), 0.0045020 secs] 21274K->1709K(26052K), [Perm : 5142K->5142K(21248K)], 0.0045590 secs] [Times: user=0.01 sys=0.00, real=0.00 secs] 
171.505: Total time for which application threads were stopped: 0.0757770 seconds, Stopping threads took: 0.0711430 seconds
171.506: Application time: 0.0010600 seconds
171.547: [GC171.547: [ParNew: 7126K->895K(8128K), 0.0020910 secs] 8836K->8101K(26052K), 0.0021290 secs] [Times: user=0.02 sys=0.00, real=0.00 secs] 
171.549: Total time for which application threads were stopped: 0.0425550 seconds, Stopping threads took: 0.0403470 seconds
171.639: Application time: 0.0898430 seconds
171.708: [GC171.708: [ParNew: 7845K->402K(8128K), 0.0005560 secs] 15052K->7665K(26052K), 0.0005860 secs] [Times: user=0.00 sys=0.00, real=0.00 secs] 
171.708: Total time for which application threads were stopped: 0.0692690 seconds, Stopping threads took: 0.0686190 seconds
171.709: Application time: 0.0009420 seconds
171.750: [GC171.750: [ParNew: 7529K->895K(8128K), 0.0019290 secs] 14791K->13654K(26052K), 0.0019630 secs] [Times: user=0.02 sys=0.00, real=0.00 secs] 
171.752: Total time for which application threads were stopped: 0.0426410 seconds, Stopping threads took: 0.0406200 seconds
171.833: Application time: 0.0813650 seconds
171.900: [GC171.900: [ParNew: 8040K->8040K(8128K), 0.0000100 secs]171.900: [Tenured: 12759K->1962K(17924K), 0.0050980 secs] 20800K->1962K(26052K), [Perm : 5142K->5142K(21248K)], 0.0051560 secs] [Times: user=0.01 sys=0.00, real=0.00 secs] 
171.905: Total time for which application threads were stopped: 0.0722600 seconds, Stopping threads took: 0.0670220 seconds
171.907: Application time: 0.0011700 seconds
171.948: [GC171.948: [ParNew: 7146K->895K(8128K), 0.0017880 secs] 9108K->7545K(26052K), 0.0018270 secs] [Times: user=0.01 sys=0.00, real=0.00 secs] 
171.950: Total time for which application threads were stopped: 0.0436120 seconds, Stopping threads took: 0.0417060 seconds
172.029: Application time: 0.0792260 seconds
172.073: [GC172.073: [ParNew: 7943K->793K(8128K), 0.0005460 secs] 14593K->7467K(26052K), 0.0005790 secs] [Times: user=0.00 sys=0.00, real=0.00 secs] 
172.074: Total time for which application threads were stopped: 0.0441630 seconds, Stopping threads took: 0.0435160 seconds
172.075: Application time: 0.0011100 seconds
172.115: [GC172.115: [ParNew: 7939K->797K(8128K), 0.0021330 secs] 14613K->13534K(26052K), 0.0021760 secs] [Times: user=0.02 sys=0.00, real=0.00 secs] 
172.118: Total time for which application threads were stopped: 0.0429570 seconds, Stopping threads took: 0.0407030 seconds
172.214: Application time: 0.0961540 seconds
172.284: [GC172.284: [ParNew: 8021K->8021K(8128K), 0.0000100 secs]172.284: [Tenured: 12737K->1991K(17924K), 0.0050640 secs] 20758K->1991K(26052K), [Perm : 5142K->5142K(21248K)], 0.0051180 secs] [Times: user=0.01 sys=0.00, real=0.01 secs] 
172.289: Total time for which application threads were stopped: 0.0753940 seconds, Stopping threads took: 0.0701950 seconds
172.290: Application time: 0.0011350 seconds
172.331: [GC172.331: [ParNew: 7224K->821K(8128K), 0.0022150 secs] 9216K->8087K(26052K), 0.0022500 secs] [Times: user=0.02 sys=0.00, real=0.00 secs] 
172.333: Total time for which application threads were stopped: 0.0427110 seconds, Stopping threads took: 0.0404020 seconds
172.415: Application time: 0.0817110 seconds
172.479: [GC172.479: [ParNew: 7947K->237K(8128K), 0.0002910 secs] 15213K->7567K(26052K), 0.0003200 secs] [Times: user=0.00 sys=0.00, real=0.00 secs] 
172.480: Total time for which application threads were stopped: 0.0649660 seconds, Stopping threads took: 0.0645700 seconds
172.481: Application time: 0.0009140 seconds
172.521: [GC172.521: [ParNew: 7383K->895K(8128K), 0.0021420 secs] 14713K->13624K(26052K), 0.0021790 secs] [Times: user=0.02 sys=0.00, real=0.00 secs] 
172.523: Total time for which application threads were stopped: 0.0421690 seconds, Stopping threads took: 0.0399110 seconds
172.604: Application time: 0.0808650 seconds
172.672: [GC172.672: [ParNew: 8021K->8021K(8128K), 0.0000100 secs]172.672: [Tenured: 12729K->2468K(17924K), 0.0044420 secs] 20750K->2468K(26052K), [Perm : 5142K->5142K(21248K)], 0.0044990 secs] [Times: user=0.01 sys=0.00, real=0.00 secs] 
172.676: Total time for which application threads were stopped: 0.0725390 seconds, Stopping threads took: 0.0679580 seconds
172.677: Application time: 0.0010380 seconds
172.727: [GC172.727: [ParNew: 7048K->895K(8128K), 0.0019550 secs] 9517K->8833K(26052K), 0.0019930 secs] [Times: user=0.01 sys=0.00, real=0.00 secs] 
172.729: Total time for which application threads were stopped: 0.0521900 seconds, Stopping threads took: 0.0501140 seconds
172.811: Application time: 0.0819120 seconds
172.880: [GC172.880: [ParNew: 7845K->398K(8128K), 0.0006830 secs] 15783K->8368K(26052K), 0.0007150 secs] [Times: user=0.00 sys=0.00, real=0.00 secs] 
172.881: Total time for which application threads were stopped: 0.0694790 seconds, Stopping threads took: 0.0686900 seconds
172.882: Application time: 0.0009340 seconds
172.923: [GC172.923: [ParNew: 7544K->797K(8128K), 0.0019850 secs] 15514K->14431K(26052K), 0.0020220 secs] [Times: user=0.01 sys=0.00, real=0.00 secs] 
172.925: Total time for which application threads were stopped: 0.0428600 seconds, Stopping threads took: 0.0407620 seconds
173.005: Application time: 0.0800400 seconds
173.069: [GC173.069: [ParNew: 7650K->7650K(8128K), 0.0000100 secs]173.069: [Tenured: 13634K->1709K(17924K), 0.0051740 secs] 21284K->1709K(26052K), [Perm : 5142K->5142K(21248K)], 0.0052310 secs] [Times: user=0.00 sys=0.00, real=0.00 secs] 
173.075: Total time for which application threads were stopped: 0.0699520 seconds, Stopping threads took: 0.0646390 seconds
173.076: Application time: 0.0011330 seconds
173.116: [GC173.116: [ParNew: 7146K->895K(8128K), 0.0018760 secs] 8855K->7097K(26052K), 0.0019150 secs] [Times: user=0.02 sys=0.00, real=0.01 secs] 
173.118: Total time for which application threads were stopped: 0.0426140 seconds, Stopping threads took: 0.0406180 seconds
173.197: Application time: 0.0786090 seconds
173.239: [GC173.239: [ParNew: 8119K->893K(8128K), 0.0011560 secs] 14321K->9096K(26052K), 0.0011930 secs] [Times: user=0.00 sys=0.00, real=0.00 secs] 
173.241: Total time for which application threads were stopped: 0.0436890 seconds, Stopping threads took: 0.0424100 seconds
173.320: Application time: 0.0795070 seconds
173.322: [GC173.322: [ParNew: 8039K->795K(8128K), 0.0005630 secs] 16242K->9624K(26052K), 0.0006060 secs] [Times: user=0.01 sys=0.00, real=0.00 secs] 
173.322: Total time for which application threads were stopped: 0.0020680 seconds, Stopping threads took: 0.0014040 seconds
173.323: Application time: 0.0009230 seconds
173.376: [GC173.376: [ParNew: 7941K->893K(8128K), 0.0020540 secs] 16770K->15207K(26052K), 0.0020890 secs] [Times: user=0.02 sys=0.00, real=0.01 secs] 
173.378: Total time for which application threads were stopped: 0.0551000 seconds, Stopping threads took: 0.0529530 seconds
173.459: Application time: 0.0810860 seconds
173.527: [GC173.527: [ParNew: 7976K->7976K(8128K), 0.0000100 secs]173.527: [Tenured: 14314K->1770K(17924K), 0.0051070 secs] 22290K->1770K(26052K), [Perm : 5142K->5142K(21248K)], 0.0051630 secs] [Times: user=0.01 sys=0.00, real=0.00 secs] 
173.532: Total time for which application threads were stopped: 0.0731270 seconds, Stopping threads took: 0.0679030 seconds
173.534: Application time: 0.0010860 seconds
173.586: [GC173.586: [ParNew: 7150K->895K(8128K), 0.0018430 secs] 8921K->7112K(26052K), 0.0018800 secs] [Times: user=0.02 sys=0.00, real=0.00 secs] 
173.588: Total time for which application threads were stopped: 0.0541490 seconds, Stopping threads took: 0.0521900 seconds
173.666: Application time: 0.0786100 seconds
173.708: [GC173.708: [ParNew: 7943K->795K(8128K), 0.0006400 secs] 14160K->7842K(26052K), 0.0006720 secs] [Times: user=0.00 sys=0.00, real=0.00 secs] 
173.709: Total time for which application threads were stopped: 0.0424090 seconds, Stopping threads took: 0.0416590 seconds
173.793: Application time: 0.0838540 seconds
173.798: [GC173.798: [ParNew: 7843K->14K(8128K), 0.0002370 secs] 14890K->7076K(26052K), 0.0002670 secs] [Times: user=0.00 sys=0.00, real=0.00 secs] 
173.798: Total time for which application threads were stopped: 0.0058760 seconds, Stopping threads took: 0.0055360 seconds
173.799: Application time: 0.0007050 seconds
173.799: [GC173.799: [ParNew: 7160K->895K(8128K), 0.0020140 secs] 14223K->14208K(26052K), 0.0020460 secs] [Times: user=0.01 sys=0.00, real=0.00 secs] 
173.801: Total time for which application threads were stopped: 0.0022830 seconds, Stopping threads took: 0.0001840 seconds
173.899: Application time: 0.0973610 seconds
173.971: [GC173.971: [ParNew: 7943K->7943K(8128K), 0.0000100 secs]173.971: [Tenured: 13313K->2019K(17924K), 0.0051310 secs] 21256K->2019K(26052K), [Perm : 5142K->5142K(21248K)], 0.0051870 secs] [Times: user=0.00 sys=0.00, real=0.00 secs] 
173.976: Total time for which application threads were stopped: 0.0769220 seconds, Stopping threads took: 0.0716740 seconds
173.977: Application time: 0.0012660 seconds
174.019: [GC174.019: [ParNew: 7224K->895K(8128K), 0.0019430 secs] 9244K->8314K(26052K), 0.0019750 secs] [Times: user=0.02 sys=0.00, real=0.00 secs] 
174.021: Total time for which application threads were stopped: 0.0436760 seconds, Stopping threads took: 0.0416240 seconds
174.102: Application time: 0.0817660 seconds
174.169: [GC174.169: [ParNew: 8021K->430K(8128K), 0.0003420 secs] 15440K->7889K(26052K), 0.0003740 secs] [Times: user=0.00 sys=0.00, real=0.00 secs] 
174.169: Total time for which application threads were stopped: 0.0669190 seconds, Stopping threads took: 0.0664670 seconds
174.171: Application time: 0.0011450 seconds
174.219: [GC174.219: [ParNew: 7655K->895K(8128K), 0.0021780 secs] 15114K->13977K(26052K), 0.0022160 secs] [Times: user=0.01 sys=0.00, real=0.00 secs] 
174.221: Total time for which application threads were stopped: 0.0508340 seconds, Stopping threads took: 0.0485390 seconds
174.301: Application time: 0.0800680 seconds
174.369: [GC174.369: [ParNew: 7747K->7747K(8128K), 0.0000110 secs]174.369: [Tenured: 13081K->2300K(17924K), 0.0051730 secs] 20829K->2300K(26052K), [Perm : 5142K->5142K(21248K)], 0.0052290 secs] [Times: user=0.01 sys=0.00, real=0.00 secs] 
174.374: Total time for which application threads were stopped: 0.0727700 seconds, Stopping threads took: 0.0674510 seconds
174.375: Application time: 0.0010730 seconds
174.422: [GC174.422: [ParNew: 7146K->797K(8128K), 0.0020430 secs] 9446K->8762K(26052K), 0.0020870 secs] [Times: user=0.02 sys=0.00, real=0.00 secs] 
174.424: Total time for which application threads were stopped: 0.0489160 seconds, Stopping threads took: 0.0467710 seconds
174.517: Application time: 0.0926930 seconds
174.583: [GC174.583: [ParNew: 7845K->596K(8128K), 0.0007090 secs] 15810K->8584K(26052K), 0.0007390 secs] [Times: user=0.01 sys=0.00, real=0.00 secs] 
174.584: Total time for which application threads were stopped: 0.0670810 seconds, Stopping threads took: 0.0662650 seconds
174.585: Application time: 0.0009570 seconds
174.630: [GC174.630: [ParNew: 7820K->895K(8128K), 0.0019370 secs] 15809K->13615K(26052K), 0.0019740 secs] [Times: user=0.01 sys=0.00, real=0.00 secs] 
174.632: Total time for which application threads were stopped: 0.0466660 seconds, Stopping threads took: 0.0446130 seconds
174.712: Application time: 0.0801290 seconds
174.755: [GC174.755: [ParNew: 7943K->7943K(8128K), 0.0000100 secs]174.755: [Tenured: 12720K->2100K(17924K), 0.0048780 secs] 20663K->2100K(26052K), [Perm : 5142K->5142K(21248K)], 0.0049360 secs] [Times: user=0.01 sys=0.00, real=0.01 secs] 
174.760: Total time for which application threads were stopped: 0.0484800 seconds, Stopping threads took: 0.0434610 seconds
174.761: Application time: 0.0011930 seconds
174.802: [GC174.802: [ParNew: 7224K->895K(8128K), 0.0019490 secs] 9325K->7907K(26052K), 0.0019870 secs] [Times: user=0.01 sys=0.00, real=0.00 secs] 
174.804: Total time for which application threads were stopped: 0.0426990 seconds, Stopping threads took: 0.0406310 seconds
174.884: Application time: 0.0803790 seconds
174.953: [GC174.953: [ParNew: 8041K->10K(8128K), 0.0004320 secs] 15053K->7078K(26052K), 0.0004610 secs] [Times: user=0.00 sys=0.00, real=0.00 secs] 
174.953: Total time for which application threads were stopped: 0.0687610 seconds, Stopping threads took: 0.0682250 seconds
174.954: Application time: 0.0008820 seconds
174.954: [GC174.954: [ParNew: 7156K->895K(8128K), 0.0021280 secs] 14224K->14213K(26052K), 0.0021590 secs] [Times: user=0.02 sys=0.00, real=0.00 secs] 
174.956: Total time for which application threads were stopped: 0.0023350 seconds, Stopping threads took: 0.0001210 seconds
175.046: Application time: 0.0896840 seconds
175.117: [GC175.117: [ParNew: 7943K->7943K(8128K), 0.0000090 secs]175.117: [Tenured: 13318K->3399K(17924K), 0.0051340 secs] 21261K->3399K(26052K), [Perm : 5142K->5142K(21248K)], 0.0051900 secs] [Times: user=0.01 sys=0.00, real=0.01 secs] 
175.122: Total time for which application threads were stopped: 0.0759250 seconds, Stopping threads took: 0.0706750 seconds
175.123: Application time: 0.0012550 seconds
175.193: [GC175.193: [ParNew: 7146K->895K(8128K), 0.0017650 secs] 10545K->8592K(26052K), 0.0018040 secs] [Times: user=0.01 sys=0.00, real=0.00 secs] 
175.195: Total time for which application threads were stopped: 0.0711640 seconds, Stopping threads took: 0.0693010 seconds
175.272: Application time: 0.0778500 seconds
175.315: [GC175.315: [ParNew: 8021K->825K(8128K), 0.0008850 secs] 15718K->10288K(26052K), 0.0009180 secs] [Times: user=0.01 sys=0.00, real=0.00 secs] 
175.316: Total time for which application threads were stopped: 0.0431860 seconds, Stopping threads took: 0.0422120 seconds
175.407: Application time: 0.0912240 seconds
175.453: [GC175.453: [ParNew: 8049K->44K(8128K), 0.0003770 secs] 17512K->9579K(26052K), 0.0004060 secs] [Times: user=0.00 sys=0.00, real=0.00 secs] 
175.454: Total time for which application threads were stopped: 0.0468610 seconds, Stopping threads took: 0.0464010 seconds
175.455: Application time: 0.0008850 seconds
175.455: [GC175.455: [ParNew: 7170K->853K(8128K), 0.0019320 secs] 16705K->16638K(26052K), 0.0019670 secs] [Times: user=0.01 sys=0.00, real=0.00 secs] 
175.457: Total time for which application threads were stopped: 0.0021940 seconds, Stopping threads took: 0.0001640 seconds
175.552: Application time: 0.0954110 seconds
175.625: [GC175.625: [ParNew: 7999K->7999K(8128K), 0.0000090 secs]175.625: [Tenured: 15785K->2410K(17924K), 0.0045410 secs] 23784K->2410K(26052K), [Perm : 5142K->5142K(21248K)], 0.0045950 secs] [Times: user=0.00 sys=0.00, real=0.01 secs] 
175.629: Total time for which application threads were stopped: 0.0770510 seconds, Stopping threads took: 0.0723860 seconds
175.630: Application time: 0.0012950 seconds
175.671: [GC175.671: [ParNew: 7146K->895K(8128K), 0.0017000 secs] 9556K->7603K(26052K), 0.0017290 secs] [Times: user=0.01 sys=0.00, real=0.00 secs] 
175.673: Total time for which application threads were stopped: 0.0423960 seconds, Stopping threads took: 0.0405930 seconds
175.752: Application time: 0.0791510 seconds
175.795: [GC175.795: [ParNew: 8041K->793K(8128K), 0.0006690 secs] 14748K->8306K(26052K), 0.0016010 secs] [Times: user=0.00 sys=0.00, real=0.00 secs] 
175.796: Total time for which application threads were stopped: 0.0443020 seconds, Stopping threads took: 0.0426210 seconds
175.883: Application time: 0.0862960 seconds
175.888: [GC175.888: [ParNew: 7841K->12K(8128K), 0.0005360 secs] 15355K->7533K(26052K), 0.0005660 secs] [Times: user=0.01 sys=0.00, real=0.00 secs] 
175.888: Total time for which application threads were stopped: 0.0055710 seconds, Stopping threads took: 0.0049310 seconds
175.889: Application time: 0.0008030 seconds
175.889: [GC175.889: [ParNew: 7236K->895K(8128K), 0.0021550 secs] 14757K->14694K(26052K), 0.0021900 secs] [Times: user=0.02 sys=0.00, real=0.00 secs] 
175.892: Total time for which application threads were stopped: 0.0024800 seconds, Stopping threads took: 0.0002140 seconds
175.972: Application time: 0.0809340 seconds
176.042: [GC176.042: [ParNew: 8021K->8021K(8128K), 0.0000100 secs]176.042: [Tenured: 13799K->1685K(17924K), 0.0045670 secs] 21821K->1685K(26052K), [Perm : 5142K->5142K(21248K)], 0.0046230 secs] [Times: user=0.00 sys=0.00, real=0.01 secs] 
176.046: Total time for which application threads were stopped: 0.0740010 seconds, Stopping threads took: 0.0693090 seconds
176.048: Application time: 0.0013040 seconds
176.088: [GC176.088: [ParNew: 7224K->895K(8128K), 0.0017420 secs] 8910K->7980K(26052K), 0.0017700 secs] [Times: user=0.02 sys=0.00, real=0.00 secs] 
176.090: Total time for which application threads were stopped: 0.0418460 seconds, Stopping threads took: 0.0400220 seconds
176.170: Application time: 0.0801430 seconds
176.239: [GC176.239: [ParNew: 7943K->402K(8128K), 0.0005840 secs] 15028K->7535K(26052K), 0.0006160 secs] [Times: user=0.01 sys=0.00, real=0.00 secs] 
176.240: Total time for which application threads were stopped: 0.0699630 seconds, Stopping threads took: 0.0692820 seconds
176.241: Application time: 0.0008860 seconds
176.281: [GC176.281: [ParNew: 7548K->895K(8128K), 0.0019330 secs] 14682K->13595K(26052K), 0.0019720 secs] [Times: user=0.02 sys=0.00, real=0.00 secs] 
176.283: Total time for which application threads were stopped: 0.0421340 seconds, Stopping threads took: 0.0401040 seconds
176.376: Application time: 0.0928700 seconds
176.449: [GC176.449: [ParNew: 8021K->8021K(8128K), 0.0000100 secs]176.449: [Tenured: 12699K->1906K(17924K), 0.0046310 secs] 20721K->1906K(26052K), [Perm : 5142K->5142K(21248K)], 0.0046870 secs] [Times: user=0.01 sys=0.00, real=0.00 secs] 
176.454: Total time for which application threads were stopped: 0.0781560 seconds, Stopping threads took: 0.0733970 seconds
176.455: Application time: 0.0012510 seconds
176.507: [GC176.507: [ParNew: 7146K->895K(8128K), 0.0017290 secs] 9052K->7489K(26052K), 0.0017630 secs] [Times: user=0.01 sys=0.00, real=0.00 secs] 
176.508: Total time for which application threads were stopped: 0.0533660 seconds, Stopping threads took: 0.0515260 seconds
176.587: Application time: 0.0789240 seconds
176.590: [GC176.590: [ParNew: 8041K->889K(8128K), 0.0015190 secs] 14635K->10730K(26052K), 0.0015570 secs] [Times: user=0.01 sys=0.00, real=0.00 secs] 
176.591: Total time for which application threads were stopped: 0.0039500 seconds, Stopping threads took: 0.0023170 seconds
176.671: Application time: 0.0793560 seconds
176.713: [GC176.713: [ParNew: 8015K->432K(8128K), 0.0003430 secs] 17856K->10281K(26052K), 0.0003730 secs] [Times: user=0.00 sys=0.00, real=0.00 secs] 
176.713: Total time for which application threads were stopped: 0.0426860 seconds, Stopping threads took: 0.0422280 seconds
176.714: Application time: 0.0009010 seconds
176.755: [GC176.755: [ParNew: 7578K->895K(8128K), 0.0021860 secs] 17427K->16338K(26052K), 0.0022220 secs] [Times: user=0.01 sys=0.00, real=0.00 secs] 
176.757: Total time for which application threads were stopped: 0.0429220 seconds, Stopping threads took: 0.0406450 seconds
176.844: Application time: 0.0867390 seconds
176.885: [GC176.885: [ParNew: 8040K->8040K(8128K), 0.0000110 secs]176.885: [Tenured: 15443K->4181K(17924K), 0.0056590 secs] 23484K->4181K(26052K), [Perm : 5142K->5142K(21248K)], 0.0057160 secs] [Times: user=0.01 sys=0.00, real=0.01 secs] 
176.890: Total time for which application threads were stopped: 0.0466050 seconds, Stopping threads took: 0.0408270 seconds
176.968: Application time: 0.0777070 seconds
176.981: [GC176.981: [ParNew: 7048K->893K(8128K), 0.0007030 secs] 11229K->5465K(26052K), 0.0007380 secs] [Times: user=0.01 sys=0.00, real=0.00 secs] 
176.982: Total time for which application threads were stopped: 0.0138200 seconds, Stopping threads took: 0.0130060 seconds
176.983: Application time: 0.0014250 seconds
177.060: [GC177.060: [ParNew: 8019K->823K(8128K), 0.0005480 secs] 12591K->5419K(26052K), 0.0005790 secs] [Times: user=0.00 sys=0.00, real=0.00 secs] 
177.061: Total time for which application threads were stopped: 0.0771080 seconds, Stopping threads took: 0.0764750 seconds
177.062: Application time: 0.0009520 seconds
177.112: [GC177.112: [ParNew: 7969K->893K(8128K), 0.0017810 secs] 12565K->10428K(26052K), 0.0018120 secs] [Times: user=0.01 sys=0.00, real=0.00 secs] 
177.113: Total time for which application threads were stopped: 0.0519470 seconds, Stopping threads took: 0.0500620 seconds
177.195: Application time: 0.0820230 seconds
177.263: [GC177.263: [ParNew: 8117K->44K(8128K), 0.0002150 secs] 17652K->9595K(26052K), 0.0002440 secs] [Times: user=0.00 sys=0.00, real=0.00 secs] 
177.263: Total time for which application threads were stopped: 0.0674210 seconds, Stopping threads took: 0.0671240 seconds
177.264: Application time: 0.0009460 seconds
177.264: [GC177.264: [ParNew: 7190K->895K(8128K), 0.0021170 secs] 16741K->16724K(26052K), 0.0021530 secs] [Times: user=0.02 sys=0.00, real=0.01 secs] 
177.266: Total time for which application threads were stopped: 0.0023940 seconds, Stopping threads took: 0.0001860 seconds
177.357: Application time: 0.0912090 seconds
177.430: [GC177.430: [ParNew: 8021K->8021K(8128K), 0.0000100 secs]177.430: [Tenured: 15829K->1630K(17924K), 0.0050070 secs] 23850K->1630K(26052K), [Perm : 5142K->5142K(21248K)], 0.0050640 secs] [Times: user=0.01 sys=0.00, real=0.00 secs] 
177.435: Total time for which application threads were stopped: 0.0774410 seconds, Stopping threads took: 0.0723170 seconds
177.436: Application time: 0.0010640 seconds
177.477: [GC177.477: [ParNew: 7107K->895K(8128K), 0.0018360 secs] 8737K->7757K(26052K), 0.0018720 secs] [Times: user=0.02 sys=0.00, real=0.01 secs] 
177.479: Total time for which application threads were stopped: 0.0427400 seconds, Stopping threads took: 0.0408080 seconds
177.559: Application time: 0.0803070 seconds
177.627: [GC177.627: [ParNew: 7943K->203K(8128K), 0.0005150 secs] 14805K->7113K(26052K), 0.0005460 secs] [Times: user=0.00 sys=0.00, real=0.00 secs] 
177.628: Total time for which application threads were stopped: 0.0686930 seconds, Stopping threads took: 0.0680870 seconds
177.629: Application time: 0.0009220 seconds
177.629: [GC177.629: [ParNew: 7349K->895K(8128K), 0.0022720 secs] 14259K->14251K(26052K), 0.0023080 secs] [Times: user=0.01 sys=0.00, real=0.00 secs] 
177.631: Total time for which application threads were stopped: 0.0026020 seconds, Stopping threads took: 0.0002160 seconds
177.713: Application time: 0.0821750 seconds
177.784: [GC177.784: [ParNew: 7943K->7943K(8128K), 0.0000100 secs]177.784: [Tenured: 13356K->2078K(17924K), 0.0050580 secs] 21299K->2078K(26052K), [Perm : 5142K->5142K(21248K)], 0.0051150 secs] [Times: user=0.01 sys=0.00, real=0.01 secs] 
177.789: Total time for which application threads were stopped: 0.0753440 seconds, Stopping threads took: 0.0701590 seconds
177.790: Application time: 0.0010470 seconds
177.844: [GC177.844: [ParNew: 7048K->895K(8128K), 0.0022230 secs] 9127K->8442K(26052K), 0.0022620 secs] [Times: user=0.02 sys=0.00, real=0.01 secs] 
177.847: Total time for which application threads were stopped: 0.0568050 seconds, Stopping threads took: 0.0544850 seconds
177.927: Application time: 0.0804400 seconds
177.996: [GC177.996: [ParNew: 7845K->404K(8128K), 0.0006720 secs] 15393K->7976K(26052K), 0.0007040 secs] [Times: user=0.00 sys=0.00, real=0.00 secs] 
177.996: Total time for which application threads were stopped: 0.0693730 seconds, Stopping threads took: 0.0685950 seconds
177.997: Application time: 0.0009130 seconds
178.048: [GC178.048: [ParNew: 7607K->895K(8128K), 0.0022340 secs] 15179K->13992K(26052K), 0.0022700 secs] [Times: user=0.01 sys=0.00, real=0.00 secs] 
178.051: Total time for which application threads were stopped: 0.0531640 seconds, Stopping threads took: 0.0508160 seconds
178.133: Application time: 0.0823400 seconds
178.200: [GC178.200: [ParNew: 8040K->8040K(8128K), 0.0000100 secs]178.200: [Tenured: 13096K->1906K(17924K), 0.0051970 secs] 21137K->1906K(26052K), [Perm : 5142K->5142K(21248K)], 0.0052530 secs] [Times: user=0.00 sys=0.00, real=0.00 secs] 
178.205: Total time for which application threads were stopped: 0.0721930 seconds, Stopping threads took: 0.0668460 seconds
178.206: Application time: 0.0012470 seconds
178.260: [GC178.260: [ParNew: 7145K->795K(8128K), 0.0015780 secs] 9052K->6413K(26052K), 0.0016140 secs] [Times: user=0.01 sys=0.00, real=0.00 secs] 
178.262: Total time for which application threads were stopped: 0.0554050 seconds, Stopping threads took: 0.0536990 seconds
178.340: Application time: 0.0784810 seconds
178.344: [GC178.344: [ParNew: 7941K->895K(8128K), 0.0010440 secs] 13559K->8677K(26052K), 0.0010780 secs] [Times: user=0.00 sys=0.00, real=0.00 secs] 
178.345: Total time for which application threads were stopped: 0.0044810 seconds, Stopping threads took: 0.0033240 seconds
178.434: Application time: 0.0890830 seconds
178.486: [GC178.486: [ParNew: 7943K->404K(8128K), 0.0003680 secs] 15726K->8203K(26052K), 0.0003970 secs] [Times: user=0.00 sys=0.00, real=0.00 secs] 
178.487: Total time for which application threads were stopped: 0.0529880 seconds, Stopping threads took: 0.0525380 seconds
178.488: Application time: 0.0008600 seconds
178.488: [GC178.488: [ParNew: 7453K->895K(8128K), 0.0022750 secs] 15251K->15237K(26052K), 0.0023090 secs] [Times: user=0.01 sys=0.00, real=0.00 secs] 
178.490: Total time for which application threads were stopped: 0.0025730 seconds, Stopping threads took: 0.0002070 seconds
178.572: Application time: 0.0818530 seconds
178.643: [GC178.643: [ParNew: 7845K->7845K(8128K), 0.0000090 secs]178.643: [Tenured: 14341K->2298K(17924K), 0.0043840 secs] 22187K->2298K(26052K), [Perm : 5142K->5142K(21248K)], 0.0044380 secs] [Times: user=0.00 sys=0.01, real=0.01 secs] 
178.648: Total time for which application threads were stopped: 0.0755560 seconds, Stopping threads took: 0.0710560 seconds
178.649: Application time: 0.0012700 seconds
178.689: [GC178.689: [ParNew: 7224K->895K(8128K), 0.0017060 secs] 9522K->7714K(26052K), 0.0017360 secs] [Times: user=0.01 sys=0.00, real=0.00 secs] 
178.691: Total time for which application threads were stopped: 0.0423110 seconds, Stopping threads took: 0.0405000 seconds
178.770: Application time: 0.0790480 seconds
178.813: [GC178.813: [ParNew: 7826K->434K(8128K), 0.0004960 secs] 14645K->7301K(26052K), 0.0005260 secs] [Times: user=0.00 sys=0.00, real=0.00 secs] 
178.813: Total time for which application threads were stopped: 0.0431660 seconds, Stopping threads took: 0.0425520 seconds
178.814: Application time: 0.0009340 seconds
178.855: [GC178.855: [ParNew: 7483K->825K(8128K), 0.0016440 secs] 14350K->12184K(26052K), 0.0016770 secs] [Times: user=0.01 sys=0.00, real=0.00 secs] 
178.857: Total time for which application threads were stopped: 0.0423900 seconds, Stopping threads took: 0.0406330 seconds
178.937: Application time: 0.0798850 seconds
178.979: [GC178.979: [ParNew: 8049K->8049K(8128K), 0.0000100 secs]178.979: [Tenured: 11359K->3653K(17924K), 0.0054860 secs] 19409K->3653K(26052K), [Perm : 5142K->5142K(21248K)], 0.0055520 secs] [Times: user=0.01 sys=0.00, real=0.00 secs] 
178.984: Total time for which application threads were stopped: 0.0475190 seconds, Stopping threads took: 0.0418840 seconds
179.070: Application time: 0.0860970 seconds
179.078: [GC179.078: [ParNew: 7146K->209K(8128K), 0.0005650 secs] 10799K->3862K(26052K), 0.0005940 secs] [Times: user=0.01 sys=0.00, real=0.00 secs] 
179.078: Total time for which application threads were stopped: 0.0081990 seconds, Stopping threads took: 0.0075300 seconds
179.079: Application time: 0.0008130 seconds
179.131: [GC179.131: [ParNew: 7433K->895K(8128K), 0.0019500 secs] 11087K->9948K(26052K), 0.0019850 secs] [Times: user=0.01 sys=0.00, real=0.00 secs] 
179.133: Total time for which application threads were stopped: 0.0539680 seconds, Stopping threads took: 0.0519040 seconds
179.215: Application time: 0.0822090 seconds
179.283: [GC179.283: [ParNew: 7943K->400K(8128K), 0.0004570 secs] 16996K->9485K(26052K), 0.0004900 secs] [Times: user=0.00 sys=0.00, real=0.00 secs] 
179.283: Total time for which application threads were stopped: 0.0678320 seconds, Stopping threads took: 0.0672860 seconds
179.284: Application time: 0.0009030 seconds
179.324: [GC179.324: [ParNew: 7449K->893K(8128K), 0.0022350 secs] 16534K->15447K(26052K), 0.0022720 secs] [Times: user=0.02 sys=0.00, real=0.01 secs] 
179.327: Total time for which application threads were stopped: 0.0425230 seconds, Stopping threads took: 0.0401650 seconds
179.416: Application time: 0.0894170 seconds
179.486: [GC179.486: [ParNew: 7999K->7999K(8128K), 0.0000110 secs]179.486: [Tenured: 14554K->2470K(17924K), 0.0051950 secs] 22554K->2470K(26052K), [Perm : 5142K->5142K(21248K)], 0.0052500 secs] [Times: user=0.00 sys=0.00, real=0.00 secs] 
179.492: Total time for which application threads were stopped: 0.0754410 seconds, Stopping threads took: 0.0701100 seconds
179.493: Application time: 0.0010520 seconds
179.533: [GC179.533: [ParNew: 7146K->795K(8128K), 0.0022330 secs] 9616K->8930K(26052K), 0.0022710 secs] [Times: user=0.01 sys=0.00, real=0.00 secs] 
179.535: Total time for which application threads were stopped: 0.0425070 seconds, Stopping threads took: 0.0401550 seconds
179.616: Application time: 0.0808700 seconds
179.684: [GC179.684: [ParNew: 7843K->598K(8128K), 0.0005810 secs] 15978K->8756K(26052K), 0.0006130 secs] [Times: user=0.00 sys=0.00, real=0.00 secs] 
179.684: Total time for which application threads were stopped: 0.0683360 seconds, Stopping threads took: 0.0676460 seconds
179.685: Application time: 0.0009750 seconds
179.726: [GC179.726: [ParNew: 7744K->891K(8128K), 0.0017060 secs] 15902K->13745K(26052K), 0.0017460 secs] [Times: user=0.01 sys=0.00, real=0.00 secs] 
179.728: Total time for which application threads were stopped: 0.0426010 seconds, Stopping threads took: 0.0407990 seconds
179.817: Application time: 0.0895010 seconds
179.859: [GC179.859: [ParNew: 8017K->8017K(8128K), 0.0000100 secs]179.859: [Tenured: 12854K->2102K(17924K), 0.0052500 secs] 20871K->2102K(26052K), [Perm : 5142K->5142K(21248K)], 0.0053070 secs] [Times: user=0.00 sys=0.00, real=0.00 secs] 
179.864: Total time for which application threads were stopped: 0.0469160 seconds, Stopping threads took: 0.0415170 seconds
179.865: Application time: 0.0011010 seconds
179.906: [GC179.906: [ParNew: 7146K->893K(8128K), 0.0020980 secs] 9248K->7878K(26052K), 0.0021360 secs] [Times: user=0.01 sys=0.00, real=0.00 secs] 
179.908: Total time for which application threads were stopped: 0.0428580 seconds, Stopping threads took: 0.0406620 seconds
179.988: Application time: 0.0798240 seconds
180.057: [GC180.057: [ParNew: 8117K->44K(8128K), 0.0004790 secs] 15102K->7053K(26052K), 0.0005090 secs] [Times: user=0.00 sys=0.00, real=0.00 secs] 
180.057: Total time for which application threads were stopped: 0.0691450 seconds, Stopping threads took: 0.0685600 seconds
180.058: Application time: 0.0009530 seconds
180.058: [GC180.058: [ParNew: 7190K->895K(8128K), 0.0024140 secs] 14199K->14183K(26052K), 0.0024590 secs] [Times: user=0.02 sys=0.00, real=0.00 secs] 
180.061: Total time for which application threads were stopped: 0.0027230 seconds, Stopping threads took: 0.0001890 seconds
180.142: Application time: 0.0808660 seconds
180.200: [GC180.200: [ParNew: 7845K->7845K(8128K), 0.0000100 secs]180.200: [Tenured: 13287K->2522K(17924K), 0.0053210 secs] 21133K->2522K(26052K), [Perm : 5142K->5142K(21248K)], 0.0053790 secs] [Times: user=0.00 sys=0.00, real=0.00 secs] 
180.205: Total time for which application threads were stopped: 0.0633850 seconds, Stopping threads took: 0.0579220 seconds
180.206: Application time: 0.0011710 seconds
180.247: [GC180.247: [ParNew: 7146K->893K(8128K), 0.0016600 secs] 9668K->7614K(26052K), 0.0017000 secs] [Times: user=0.01 sys=0.00, real=0.00 secs] 
180.249: Total time for which application threads were stopped: 0.0427800 seconds, Stopping threads took: 0.0409970 seconds
180.327: Application time: 0.0781430 seconds
180.370: [GC180.370: [ParNew: 8039K->891K(8128K), 0.0007210 secs] 14760K->8214K(26052K), 0.0007550 secs] [Times: user=0.01 sys=0.00, real=0.00 secs] 
180.371: Total time for which application threads were stopped: 0.0433370 seconds, Stopping threads took: 0.0424950 seconds
180.451: Application time: 0.0798870 seconds
180.453: [GC180.453: [ParNew: 8037K->10K(8128K), 0.0004920 secs] 15360K->7341K(26052K), 0.0005200 secs] [Times: user=0.01 sys=0.00, real=0.00 secs] 
180.453: Total time for which application threads were stopped: 0.0027800 seconds, Stopping threads took: 0.0021850 seconds
180.454: Application time: 0.0008490 seconds
180.454: [GC180.454: [ParNew: 7234K->895K(8128K), 0.0020960 secs] 14566K->14505K(26052K), 0.0021310 secs] [Times: user=0.02 sys=0.00, real=0.00 secs] 
180.456: Total time for which application threads were stopped: 0.0023290 seconds, Stopping threads took: 0.0001430 seconds
180.539: Application time: 0.0821670 seconds
180.610: [GC180.610: [ParNew: 7943K->7943K(8128K), 0.0000100 secs]180.610: [Tenured: 13610K->1574K(17924K), 0.0050560 secs] 21553K->1574K(26052K), [Perm : 5142K->5142K(21248K)], 0.0051110 secs] [Times: user=0.00 sys=0.00, real=0.00 secs] 
180.615: Total time for which application threads were stopped: 0.0768450 seconds, Stopping threads took: 0.0716740 seconds
180.617: Application time: 0.0011060 seconds
180.668: [GC180.668: [ParNew: 7205K->895K(8128K), 0.0021260 secs] 8779K->7799K(26052K), 0.0021640 secs] [Times: user=0.01 sys=0.00, real=0.00 secs] 
180.670: Total time for which application threads were stopped: 0.0537830 seconds, Stopping threads took: 0.0515370 seconds
180.751: Application time: 0.0805550 seconds
180.820: [GC180.820: [ParNew: 8040K->406K(8128K), 0.0006010 secs] 14945K->7374K(26052K), 0.0015860 secs] [Times: user=0.00 sys=0.00, real=0.00 secs] 
180.822: Total time for which application threads were stopped: 0.0709830 seconds, Stopping threads took: 0.0693360 seconds
180.823: Application time: 0.0010120 seconds
180.862: [GC180.862: [ParNew: 7611K->893K(8128K), 0.0017800 secs] 14579K->13386K(26052K), 0.0018080 secs] [Times: user=0.01 sys=0.00, real=0.00 secs] 
180.864: Total time for which application threads were stopped: 0.0412850 seconds, Stopping threads took: 0.0393990 seconds
180.945: Application time: 0.0811110 seconds
181.013: [GC181.013: [ParNew: 8039K->8039K(8128K), 0.0000100 secs]181.013: [Tenured: 12493K->2274K(17924K), 0.0051570 secs] 20532K->2274K(26052K), [Perm : 5142K->5142K(21248K)], 0.0052120 secs] [Times: user=0.01 sys=0.00, real=0.01 secs] 
181.018: Total time for which application threads were stopped: 0.0728580 seconds, Stopping threads took: 0.0675570 seconds
181.019: Application time: 0.0010990 seconds
181.071: [GC181.071: [ParNew: 7146K->893K(8128K), 0.0017590 secs] 9421K->7855K(26052K), 0.0017970 secs] [Times: user=0.02 sys=0.00, real=0.00 secs] 
181.073: Total time for which application threads were stopped: 0.0536740 seconds, Stopping threads took: 0.0517950 seconds
181.152: Application time: 0.0791750 seconds
181.196: [GC181.196: [ParNew: 7941K->793K(8128K), 0.0004260 secs] 14904K->7772K(26052K), 0.0004650 secs] [Times: user=0.00 sys=0.00, real=0.00 secs] 
181.196: Total time for which application threads were stopped: 0.0439120 seconds, Stopping threads took: 0.0433670 seconds
181.197: Application time: 0.0009720 seconds
181.238: [GC181.238: [ParNew: 8017K->895K(8128K), 0.0022020 secs] 14996K->13867K(26052K), 0.0022400 secs] [Times: user=0.02 sys=0.01, real=0.01 secs] 
181.240: Total time for which application threads were stopped: 0.0428500 seconds, Stopping threads took: 0.0405520 seconds
181.332: Application time: 0.0917500 seconds
181.403: [GC181.403: [ParNew: 7747K->7747K(8128K), 0.0000100 secs]181.403: [Tenured: 12972K->2103K(17924K), 0.0051820 secs] 20720K->2103K(26052K), [Perm : 5142K->5142K(21248K)], 0.0052400 secs] [Times: user=0.00 sys=0.00, real=0.01 secs] 
181.408: Total time for which application threads were stopped: 0.0761360 seconds, Stopping threads took: 0.0708120 seconds
181.409: Application time: 0.0012500 seconds
181.457: [GC181.457: [ParNew: 7146K->893K(8128K), 0.0019440 secs] 9249K->7879K(26052K), 0.0019830 secs] [Times: user=0.01 sys=0.00, real=0.01 secs] 
181.459: Total time for which application threads were stopped: 0.0496550 seconds, Stopping threads took: 0.0476120 seconds
181.537: Application time: 0.0786760 seconds
181.579: [GC181.579: [ParNew: 8097K->851K(8128K), 0.0006590 secs] 15084K->8049K(26052K), 0.0006920 secs] [Times: user=0.00 sys=0.00, real=0.00 secs] 
181.580: Total time for which application threads were stopped: 0.0425950 seconds, Stopping threads took: 0.0418170 seconds
181.581: Application time: 0.0010020 seconds
181.622: [GC181.622: [ParNew: 7997K->893K(8128K), 0.0019540 secs] 15195K->13249K(26052K), 0.0019890 secs] [Times: user=0.01 sys=0.00, real=0.00 secs] 
181.624: Total time for which application threads were stopped: 0.0427980 seconds, Stopping threads took: 0.0407300 seconds
181.705: Application time: 0.0807740 seconds
181.770: [GC181.770: [ParNew: 8039K->8039K(8128K), 0.0000110 secs]181.770: [Tenured: 12356K->2356K(17924K), 0.0048900 secs] 20395K->2356K(26052K), [Perm : 5142K->5142K(21248K)], 0.0049450 secs] [Times: user=0.00 sys=0.00, real=0.00 secs] 
181.775: Total time for which application threads were stopped: 0.0708040 seconds, Stopping threads took: 0.0657760 seconds
181.776: Application time: 0.0010710 seconds
181.817: [GC181.817: [ParNew: 7146K->797K(8128K), 0.0019030 secs] 9502K->8622K(26052K), 0.0019420 secs] [Times: user=0.01 sys=0.00, real=0.01 secs] 
181.819: Total time for which application threads were stopped: 0.0427340 seconds, Stopping threads took: 0.0407100 seconds
181.899: Application time: 0.0795760 seconds
181.967: [GC181.967: [ParNew: 7845K->398K(8128K), 0.0006870 secs] 15671K->8240K(26052K), 0.0007170 secs] [Times: user=0.01 sys=0.00, real=0.00 secs] 
181.968: Total time for which application threads were stopped: 0.0693790 seconds, Stopping threads took: 0.0685850 seconds
181.969: Application time: 0.0009090 seconds
181.969: [GC181.969: [ParNew: 7544K->895K(8128K), 0.0025900 secs] 15386K->15377K(26052K), 0.0026270 secs] [Times: user=0.02 sys=0.00, real=0.00 secs] 
181.972: Total time for which application threads were stopped: 0.0029100 seconds, Stopping threads took: 0.0002050 seconds
182.063: Application time: 0.0907320 seconds
182.136: [GC182.136: [ParNew: 7747K->7747K(8128K), 0.0000110 secs]182.136: [Tenured: 14482K->2551K(17924K), 0.0051640 secs] 22230K->2551K(26052K), [Perm : 5142K->5142K(21248K)], 0.0052180 secs] [Times: user=0.00 sys=0.01, real=0.01 secs] 
182.141: Total time for which application threads were stopped: 0.0780560 seconds, Stopping threads took: 0.0727480 seconds
182.142: Application time: 0.0011350 seconds
182.207: [GC182.207: [ParNew: 7146K->795K(8128K), 0.0016970 secs] 9697K->6862K(26052K), 0.0017370 secs] [Times: user=0.01 sys=0.00, real=0.00 secs] 
182.208: Total time for which application threads were stopped: 0.0665170 seconds, Stopping threads took: 0.0646980 seconds
182.287: Application time: 0.0786490 seconds
182.329: [GC182.329: [ParNew: 7843K->891K(8128K), 0.0007710 secs] 13911K->7763K(26052K), 0.0008070 secs] [Times: user=0.01 sys=0.00, real=0.00 secs] 
182.330: Total time for which application threads were stopped: 0.0431120 seconds, Stopping threads took: 0.0422270 seconds
182.419: Application time: 0.0883810 seconds
182.424: [GC182.424: [ParNew: 8115K->237K(8128K), 0.0004100 secs] 14988K->7126K(26052K), 0.0004390 secs] [Times: user=0.00 sys=0.00, real=0.00 secs] 
182.425: Total time for which application threads were stopped: 0.0062800 seconds, Stopping threads took: 0.0057680 seconds
182.426: Application time: 0.0009250 seconds
182.478: [GC182.478: [ParNew: 7461K->853K(8128K), 0.0021000 secs] 14350K->13211K(26052K), 0.0021340 secs] [Times: user=0.01 sys=0.00, real=0.00 secs] 
182.480: Total time for which application threads were stopped: 0.0545700 seconds, Stopping threads took: 0.0523710 seconds
182.562: Application time: 0.0815100 seconds
182.629: [GC182.629: [ParNew: 8058K->8058K(8128K), 0.0000100 secs]182.629: [Tenured: 12357K->1883K(17924K), 0.0051910 secs] 20416K->1883K(26052K), [Perm : 5142K->5142K(21248K)], 0.0052440 secs] [Times: user=0.00 sys=0.00, real=0.00 secs] 
182.634: Total time for which application threads were stopped: 0.0724280 seconds, Stopping threads took: 0.0671020 seconds
182.635: Application time: 0.0010930 seconds
182.689: [GC182.689: [ParNew: 7048K->895K(8128K), 0.0021690 secs] 8931K->8247K(26052K), 0.0022060 secs] [Times: user=0.01 sys=0.00, real=0.00 secs] 
182.691: Total time for which application threads were stopped: 0.0559810 seconds, Stopping threads took: 0.0536890 seconds
182.772: Application time: 0.0811370 seconds
182.840: [GC182.840: [ParNew: 7845K->396K(8128K), 0.0006450 secs] 15197K->7772K(26052K), 0.0006760 secs] [Times: user=0.00 sys=0.00, real=0.00 secs] 
182.841: Total time for which application threads were stopped: 0.0682460 seconds, Stopping threads took: 0.0674950 seconds
182.842: Application time: 0.0009550 seconds
182.883: [GC182.883: [ParNew: 7621K->895K(8128K), 0.0020040 secs] 14997K->13866K(26052K), 0.0020400 secs] [Times: user=0.02 sys=0.00, real=0.00 secs] 
182.885: Total time for which application threads were stopped: 0.0429070 seconds, Stopping threads took: 0.0407880 seconds
182.969: Application time: 0.0843300 seconds
183.040: [GC183.040: [ParNew: 8040K->8040K(8128K), 0.0000100 secs]183.040: [Tenured: 12971K->3079K(17924K), 0.0054500 secs] 21012K->3079K(26052K), [Perm : 5142K->5142K(21248K)], 0.0055080 secs] [Times: user=0.01 sys=0.00, real=0.00 secs] 
183.045: Total time for which application threads were stopped: 0.0764430 seconds, Stopping threads took: 0.0708510 seconds
183.123: Application time: 0.0773130 seconds
183.127: [GC183.127: [ParNew: 7048K->207K(8128K), 0.0006270 secs] 10128K->3287K(26052K), 0.0006580 secs] [Times: user=0.00 sys=0.00, real=0.00 secs] 
183.127: Total time for which application threads were stopped: 0.0045790 seconds, Stopping threads took: 0.0038450 seconds
183.128: Application time: 0.0007240 seconds
183.128: [GC183.128: [ParNew: 7353K->895K(8128K), 0.0023470 secs] 10433K->10420K(26052K), 0.0023780 secs] [Times: user=0.01 sys=0.00, real=0.00 secs] 
183.131: Total time for which application threads were stopped: 0.0027560 seconds, Stopping threads took: 0.0003000 seconds
183.213: Application time: 0.0826380 seconds
183.277: [GC183.277: [ParNew: 8127K->833K(8128K), 0.0007030 secs] 17652K->11148K(26052K), 0.0007370 secs] [Times: user=0.01 sys=0.00, real=0.00 secs] 
183.277: Total time for which application threads were stopped: 0.0640310 seconds, Stopping threads took: 0.0632090 seconds
183.364: Application time: 0.0861720 seconds
183.374: [GC183.374: [ParNew: 7950K->42K(8128K), 0.0002620 secs] 18265K->10437K(26052K), 0.0002910 secs] [Times: user=0.00 sys=0.00, real=0.00 secs] 
183.374: Total time for which application threads were stopped: 0.0102750 seconds, Stopping threads took: 0.0099080 seconds
183.375: Application time: 0.0007860 seconds
183.375: [GC183.375: [ParNew: 7188K->895K(8128K), 0.0020850 secs] 17583K->17568K(26052K), 0.0021320 secs] [Times: user=0.01 sys=0.00, real=0.00 secs] 
183.377: Total time for which application threads were stopped: 0.0023140 seconds, Stopping threads took: 0.0001260 seconds
183.466: Application time: 0.0894540 seconds
183.541: [GC183.541: [ParNew: 8040K->8040K(8128K), 0.0000100 secs]183.541: [Tenured: 16673K->2746K(17924K), 0.0047890 secs] 24714K->2746K(26052K), [Perm : 5142K->5142K(21248K)], 0.0048450 secs] [Times: user=0.01 sys=0.00, real=0.01 secs] 
183.546: Total time for which application threads were stopped: 0.0794510 seconds, Stopping threads took: 0.0745460 seconds
183.547: Application time: 0.0012740 seconds
183.588: [GC183.588: [ParNew: 7146K->795K(8128K), 0.0019030 secs] 9892K->8034K(26052K), 0.0019430 secs] [Times: user=0.02 sys=0.00, real=0.00 secs] 
183.590: Total time for which application threads were stopped: 0.0428210 seconds, Stopping threads took: 0.0407980 seconds
183.670: Application time: 0.0798090 seconds
183.712: [GC183.712: [ParNew: 7824K->893K(8128K), 0.0007310 secs] 15063K->8773K(26052K), 0.0007650 secs] [Times: user=0.00 sys=0.00, real=0.00 secs] 
183.713: Total time for which application threads were stopped: 0.0429110 seconds, Stopping threads took: 0.0420690 seconds
183.791: Application time: 0.0778520 seconds
183.793: [GC183.793: [ParNew: 8039K->12K(8128K), 0.0004900 secs] 15920K->7924K(26052K), 0.0005180 secs] [Times: user=0.00 sys=0.00, real=0.00 secs] 
183.793: Total time for which application threads were stopped: 0.0026790 seconds, Stopping threads took: 0.0020800 seconds
183.794: Application time: 0.0008060 seconds
183.794: [GC183.794: [ParNew: 7158K->895K(8128K), 0.0021190 secs] 15071K->15058K(26052K), 0.0021540 secs] [Times: user=0.01 sys=0.00, real=0.00 secs] 
183.796: Total time for which application threads were stopped: 0.0023940 seconds, Stopping threads took: 0.0001870 seconds
183.879: Application time: 0.0828890 seconds
183.950: [GC183.950: [ParNew: 7943K->7943K(8128K), 0.0000100 secs]183.950: [Tenured: 14163K->1602K(17924K), 0.0050890 secs] 22106K->1602K(26052K), [Perm : 5142K->5142K(21248K)], 0.0051450 secs] [Times: user=0.01 sys=0.00, real=0.00 secs] 
183.955: Total time for which application threads were stopped: 0.0757430 seconds, Stopping threads took: 0.0705370 seconds
183.956: Application time: 0.0012980 seconds
183.997: [GC183.997: [ParNew: 7146K->895K(8128K), 0.0021930 secs] 8749K->7869K(26052K), 0.0022300 secs] [Times: user=0.02 sys=0.00, real=0.01 secs] 
183.999: Total time for which application threads were stopped: 0.0431030 seconds, Stopping threads took: 0.0407930 seconds
184.080: Application time: 0.0803560 seconds
184.148: [GC184.148: [ParNew: 8099K->460K(8128K), 0.0003500 secs] 15074K->7459K(26052K), 0.0003820 secs] [Times: user=0.01 sys=0.00, real=0.00 secs] 
184.148: Total time for which application threads were stopped: 0.0681410 seconds, Stopping threads took: 0.0676810 seconds
184.158: Application time: 0.0099250 seconds
184.226: [GC184.226: [ParNew: 7685K->44K(8128K), 0.0002770 secs] 14683K->7146K(26052K), 0.0003110 secs] [Times: user=0.00 sys=0.00, real=0.00 secs] 
184.227: Total time for which application threads were stopped: 0.0687950 seconds, Stopping threads took: 0.0684030 seconds
184.227: Application time: 0.0007550 seconds
184.228: [GC184.228: [ParNew: 7190K->895K(8128K), 0.0020960 secs] 14292K->14276K(26052K), 0.0021280 secs] [Times: user=0.01 sys=0.01, real=0.00 secs] 
184.230: Total time for which application threads were stopped: 0.0023840 seconds, Stopping threads took: 0.0001800 seconds
184.326: Application time: 0.0962640 seconds
184.399: [GC184.399: [ParNew: 8021K->8021K(8128K), 0.0000100 secs]184.399: [Tenured: 13380K->1716K(17924K), 0.0045170 secs] 21402K->1716K(26052K), [Perm : 5142K->5142K(21248K)], 0.0045710 secs] [Times: user=0.00 sys=0.00, real=0.00 secs] 
184.404: Total time for which application threads were stopped: 0.0776060 seconds, Stopping threads took: 0.0729670 seconds
184.405: Application time: 0.0009880 seconds
184.405: [GC184.405: [ParNew: 7146K->895K(8128K), 0.0021150 secs] 8862K->8862K(26052K), 0.0021590 secs] [Times: user=0.01 sys=0.00, real=0.01 secs] 
184.407: Total time for which application threads were stopped: 0.0024010 seconds, Stopping threads took: 0.0001820 seconds
184.488: Application time: 0.0808240 seconds
184.563: [GC184.563: [ParNew: 7943K->402K(8128K), 0.0003350 secs] 15910K->8393K(26052K), 0.0003680 secs] [Times: user=0.00 sys=0.00, real=0.00 secs] 
184.563: Total time for which application threads were stopped: 0.0752340 seconds, Stopping threads took: 0.0747870 seconds
184.564: Application time: 0.0009790 seconds
184.604: [GC184.604: [ParNew: 7627K->895K(8128K), 0.0019030 secs] 15618K->14481K(26052K), 0.0019370 secs] [Times: user=0.01 sys=0.00, real=0.01 secs] 
184.606: Total time for which application threads were stopped: 0.0421490 seconds, Stopping threads took: 0.0401320 seconds
184.687: Application time: 0.0802630 seconds
184.755: [GC184.755: [ParNew: 7748K->7748K(8128K), 0.0000110 secs]184.755: [Tenured: 13585K->1713K(17924K), 0.0048250 secs] 21333K->1713K(26052K), [Perm : 5142K->5142K(21248K)], 0.0048840 secs] [Times: user=0.01 sys=0.00, real=0.01 secs] 
184.760: Total time for which application threads were stopped: 0.0736040 seconds, Stopping threads took: 0.0686360 seconds
184.761: Application time: 0.0011050 seconds
184.809: [GC184.809: [ParNew: 7146K->895K(8128K), 0.0016510 secs] 8859K->7101K(26052K), 0.0016880 secs] [Times: user=0.02 sys=0.00, real=0.00 secs] 
184.811: Total time for which application threads were stopped: 0.0492060 seconds, Stopping threads took: 0.0474580 seconds
184.889: Application time: 0.0788630 seconds
184.931: [GC184.931: [ParNew: 8040K->795K(8128K), 0.0008840 secs] 14246K->8009K(26052K), 0.0009170 secs] [Times: user=0.00 sys=0.00, real=0.00 secs] 
184.932: Total time for which application threads were stopped: 0.0425350 seconds, Stopping threads took: 0.0415300 seconds
185.017: Application time: 0.0852730 seconds
185.024: [GC185.024: [ParNew: 7922K->237K(8128K), 0.0002790 secs] 15136K->7460K(26052K), 0.0003070 secs] [Times: user=0.00 sys=0.00, real=0.00 secs] 
185.024: Total time for which application threads were stopped: 0.0072260 seconds, Stopping threads took: 0.0068480 seconds
185.025: Application time: 0.0009250 seconds
185.066: [GC185.066: [ParNew: 7383K->895K(8128K), 0.0021640 secs] 14606K->13517K(26052K), 0.0022000 secs] [Times: user=0.01 sys=0.00, real=0.00 secs] 
185.068: Total time for which application threads were stopped: 0.0429910 seconds, Stopping threads took: 0.0407140 seconds
185.148: Application time: 0.0797350 seconds
185.216: [GC185.216: [ParNew: 8099K->8099K(8128K), 0.0000100 secs]185.216: [Tenured: 12622K->2190K(17924K), 0.0044670 secs] 20721K->2190K(26052K), [Perm : 5142K->5142K(21248K)], 0.0045220 secs] [Times: user=0.00 sys=0.00, real=0.01 secs] 
185.221: Total time for which application threads were stopped: 0.0727000 seconds, Stopping threads took: 0.0681160 seconds
185.222: Application time: 0.0012810 seconds
185.275: [GC185.275: [ParNew: 7146K->893K(8128K), 0.0021110 secs] 9336K->8650K(26052K), 0.0021480 secs] [Times: user=0.01 sys=0.00, real=0.00 secs] 
185.277: Total time for which application threads were stopped: 0.0546860 seconds, Stopping threads took: 0.0524820 seconds
185.358: Application time: 0.0809990 seconds
185.417: [GC185.417: [ParNew: 7745K->404K(8128K), 0.0004390 secs] 15503K->8185K(26052K), 0.0004720 secs] [Times: user=0.00 sys=0.00, real=0.01 secs] 
185.418: Total time for which application threads were stopped: 0.0599640 seconds, Stopping threads took: 0.0594170 seconds
185.419: Application time: 0.0008070 seconds
185.419: [GC185.419: [ParNew: 7453K->895K(8128K), 0.0025010 secs] 15234K->15219K(26052K), 0.0025350 secs] [Times: user=0.02 sys=0.01, real=0.00 secs] 
185.421: Total time for which application threads were stopped: 0.0029270 seconds, Stopping threads took: 0.0003150 seconds
185.511: Application time: 0.0897260 seconds
185.582: [GC185.582: [ParNew: 7845K->7845K(8128K), 0.0000100 secs]185.582: [Tenured: 14324K->2582K(17924K), 0.0044190 secs] 22170K->2582K(26052K), [Perm : 5142K->5142K(21248K)], 0.0044840 secs] [Times: user=0.01 sys=0.00, real=0.01 secs] 
185.587: Total time for which application threads were stopped: 0.0755400 seconds, Stopping threads took: 0.0709810 seconds
185.588: Application time: 0.0013220 seconds
185.629: [GC185.629: [ParNew: 7224K->895K(8128K), 0.0020610 secs] 9806K->9072K(26052K), 0.0020930 secs] [Times: user=0.02 sys=0.00, real=0.00 secs] 
185.631: Total time for which application threads were stopped: 0.0425770 seconds, Stopping threads took: 0.0404070 seconds
185.712: Application time: 0.0810580 seconds
185.781: [GC185.781: [ParNew: 7748K->404K(8128K), 0.0006820 secs] 15924K->8621K(26052K), 0.0007120 secs] [Times: user=0.00 sys=0.00, real=0.00 secs] 
185.782: Total time for which application threads were stopped: 0.0701420 seconds, Stopping threads took: 0.0693540 seconds
185.783: Application time: 0.0008990 seconds
185.824: [GC185.824: [ParNew: 7550K->893K(8128K), 0.0020840 secs] 15767K->14676K(26052K), 0.0021230 secs] [Times: user=0.02 sys=0.00, real=0.01 secs] 
185.827: Total time for which application threads were stopped: 0.0438010 seconds, Stopping threads took: 0.0416230 seconds
185.907: Application time: 0.0807460 seconds
185.975: [GC185.975: [ParNew: 8019K->8019K(8128K), 0.0000100 secs]185.975: [Tenured: 13783K->2443K(17924K), 0.0050730 secs] 21803K->2443K(26052K), [Perm : 5142K->5142K(21248K)], 0.0051290 secs] [Times: user=0.00 sys=0.00, real=0.01 secs] 
185.980: Total time for which application threads were stopped: 0.0730780 seconds, Stopping threads took: 0.0678780 seconds
185.992: Application time: 0.0117470 seconds
186.058: [GC186.058: [ParNew: 7146K->211K(8128K), 0.0002560 secs] 9589K->2655K(26052K), 0.0002860 secs] [Times: user=0.00 sys=0.00, real=0.00 secs] 
186.059: Total time for which application threads were stopped: 0.0666550 seconds, Stopping threads took: 0.0663150 seconds
186.060: Application time: 0.0007810 seconds
186.100: [GC186.100: [ParNew: 7435K->893K(8128K), 0.0020950 secs] 9879K->8736K(26052K), 0.0021310 secs] [Times: user=0.01 sys=0.00, real=0.00 secs] 
186.102: Total time for which application threads were stopped: 0.0426080 seconds, Stopping threads took: 0.0404110 seconds
186.183: Application time: 0.0811480 seconds
186.252: [GC186.252: [ParNew: 8019K->432K(8128K), 0.0003010 secs] 15862K->8315K(26052K), 0.0003320 secs] [Times: user=0.00 sys=0.00, real=0.00 secs] 
186.252: Total time for which application threads were stopped: 0.0686110 seconds, Stopping threads took: 0.0682220 seconds
186.253: Application time: 0.0008960 seconds
186.304: [GC186.304: [ParNew: 7578K->895K(8128K), 0.0020020 secs] 15462K->14373K(26052K), 0.0020390 secs] [Times: user=0.02 sys=0.00, real=0.01 secs] 
186.306: Total time for which application threads were stopped: 0.0532970 seconds, Stopping threads took: 0.0511790 seconds
186.387: Application time: 0.0806140 seconds
186.440: [GC186.440: [ParNew: 8040K->8040K(8128K), 0.0000090 secs]186.440: [Tenured: 13477K->3081K(17924K), 0.0054520 secs] 21518K->3081K(26052K), [Perm : 5142K->5142K(21248K)], 0.0055090 secs] [Times: user=0.01 sys=0.00, real=0.00 secs] 
186.445: Total time for which application threads were stopped: 0.0586790 seconds, Stopping threads took: 0.0530870 seconds
186.523: Application time: 0.0780480 seconds
186.526: [GC186.526: [ParNew: 7126K->237K(8128K), 0.0002460 secs] 10207K->3318K(26052K), 0.0002760 secs] [Times: user=0.00 sys=0.00, real=0.00 secs] 
186.527: Total time for which application threads were stopped: 0.0032290 seconds, Stopping threads took: 0.0028790 seconds
186.527: Application time: 0.0007100 seconds
186.528: [GC186.528: [ParNew: 7383K->895K(8128K), 0.0020660 secs] 10464K->10449K(26052K), 0.0020990 secs] [Times: user=0.01 sys=0.00, real=0.00 secs] 
186.530: Total time for which application threads were stopped: 0.0025150 seconds, Stopping threads took: 0.0003620 seconds
186.612: Application time: 0.0822870 seconds
186.679: [GC186.679: [ParNew: 8040K->791K(8128K), 0.0006390 secs] 17595K->11167K(26052K), 0.0006690 secs] [Times: user=0.00 sys=0.00, real=0.00 secs] 
186.680: Total time for which application threads were stopped: 0.0678660 seconds, Stopping threads took: 0.0671090 seconds
186.758: Application time: 0.0776850 seconds
186.762: [GC186.762: [ParNew: 7918K->42K(8128K), 0.0004930 secs] 18294K->10434K(26052K), 0.0005240 secs] [Times: user=0.00 sys=0.00, real=0.00 secs] 
186.763: Total time for which application threads were stopped: 0.0051280 seconds, Stopping threads took: 0.0045260 seconds
186.764: Application time: 0.0007760 seconds
186.764: [GC186.764: [ParNew: 7188K->895K(8128K), 0.0020060 secs] 17580K->17565K(26052K), 0.0020370 secs] [Times: user=0.02 sys=0.00, real=0.01 secs] 
186.766: Total time for which application threads were stopped: 0.0023490 seconds, Stopping threads took: 0.0002570 seconds
186.860: Application time: 0.0941950 seconds
186.933: [GC186.934: [ParNew: 8021K->8021K(8128K), 0.0000100 secs]186.934: [Tenured: 16670K->1603K(17924K), 0.0049920 secs] 24692K->1603K(26052K), [Perm : 5142K->5142K(21248K)], 0.0050460 secs] [Times: user=0.01 sys=0.00, real=0.01 secs] 
186.939: Total time for which application threads were stopped: 0.0783310 seconds, Stopping threads took: 0.0732040 seconds
186.940: Application time: 0.0010180 seconds
186.940: [GC186.940: [ParNew: 7146K->895K(8128K), 0.0022900 secs] 8750K->8749K(26052K), 0.0023270 secs] [Times: user=0.01 sys=0.00, real=0.00 secs] 
186.942: Total time for which application threads were stopped: 0.0025890 seconds, Stopping threads took: 0.0002040 seconds
187.036: Application time: 0.0939090 seconds
187.106: [GC187.106: [ParNew: 8119K->823K(8128K), 0.0007510 secs] 15973K->9483K(26052K), 0.0007850 secs] [Times: user=0.01 sys=0.00, real=0.00 secs] 
187.107: Total time for which application threads were stopped: 0.0710460 seconds, Stopping threads took: 0.0701830 seconds
187.186: Application time: 0.0789050 seconds
187.190: [GC187.190: [ParNew: 7950K->42K(8128K), 0.0004580 secs] 16609K->8773K(26052K), 0.0004880 secs] [Times: user=0.00 sys=0.00, real=0.00 secs] 
187.190: Total time for which application threads were stopped: 0.0039780 seconds, Stopping threads took: 0.0034300 seconds
187.191: Application time: 0.0008600 seconds
187.241: [GC187.241: [ParNew: 7186K->825K(8128K), 0.0019990 secs] 15918K->14830K(26052K), 0.0020320 secs] [Times: user=0.01 sys=0.00, real=0.00 secs] 
187.243: Total time for which application threads were stopped: 0.0525480 seconds, Stopping threads took: 0.0504400 seconds
187.324: Application time: 0.0809210 seconds
187.392: [GC187.392: [ParNew: 7873K->7873K(8128K), 0.0000110 secs]187.392: [Tenured: 14005K->1857K(17924K), 0.0046510 secs] 21879K->1857K(26052K), [Perm : 5142K->5142K(21248K)], 0.0047070 secs] [Times: user=0.01 sys=0.00, real=0.00 secs] 
187.397: Total time for which application threads were stopped: 0.0721970 seconds, Stopping threads took: 0.0674080 seconds
187.398: Application time: 0.0010590 seconds
187.446: [GC187.446: [ParNew: 7146K->893K(8128K), 0.0019140 secs] 9003K->8121K(26052K), 0.0019530 secs] [Times: user=0.02 sys=0.01, real=0.00 secs] 
187.448: Total time for which application threads were stopped: 0.0508100 seconds, Stopping threads took: 0.0487730 seconds
187.530: Application time: 0.0815270 seconds
187.599: [GC187.599: [ParNew: 7941K->402K(8128K), 0.0006510 secs] 15169K->7655K(26052K), 0.0006810 secs] [Times: user=0.01 sys=0.00, real=0.00 secs] 
187.600: Total time for which application threads were stopped: 0.0697800 seconds, Stopping threads took: 0.0690470 seconds
187.601: Application time: 0.0009270 seconds
187.641: [GC187.641: [ParNew: 7451K->893K(8128K), 0.0016420 secs] 14703K->12540K(26052K), 0.0016810 secs] [Times: user=0.01 sys=0.00, real=0.00 secs] 
187.643: Total time for which application threads were stopped: 0.0424110 seconds, Stopping threads took: 0.0406700 seconds
187.723: Application time: 0.0795400 seconds
187.764: [GC187.764: [ParNew: 7843K->7843K(8128K), 0.0000100 secs]187.764: [Tenured: 11647K->2248K(17924K), 0.0051510 secs] 19491K->2248K(26052K), [Perm : 5142K->5142K(21248K)], 0.0052070 secs] [Times: user=0.00 sys=0.00, real=0.01 secs] 
187.769: Total time for which application threads were stopped: 0.0467590 seconds, Stopping threads took: 0.0414470 seconds
187.771: Application time: 0.0013800 seconds
187.823: [GC187.823: [ParNew: 7205K->895K(8128K), 0.0018210 secs] 9453K->7594K(26052K), 0.0018550 secs] [Times: user=0.01 sys=0.00, real=0.00 secs] 
187.824: Total time for which application threads were stopped: 0.0536260 seconds, Stopping threads took: 0.0516940 seconds
187.904: Application time: 0.0791750 seconds
187.947: [GC187.947: [ParNew: 7923K->432K(8128K), 0.0006870 secs] 14623K->7188K(26052K), 0.0007180 secs] [Times: user=0.01 sys=0.00, real=0.00 secs] 
187.948: Total time for which application threads were stopped: 0.0440330 seconds, Stopping threads took: 0.0432390 seconds
187.948: Application time: 0.0009030 seconds
187.989: [GC187.989: [ParNew: 7578K->823K(8128K), 0.0022110 secs] 14334K->13243K(26052K), 0.0022500 secs] [Times: user=0.02 sys=0.00, real=0.00 secs] 
187.991: Total time for which application threads were stopped: 0.0425750 seconds, Stopping threads took: 0.0402480 seconds
188.072: Application time: 0.0812500 seconds
188.139: [GC188.139: [ParNew: 7676K->7676K(8128K), 0.0000110 secs]188.139: [Tenured: 12420K->1714K(17924K), 0.0054140 secs] 20096K->1714K(26052K), [Perm : 5142K->5142K(21248K)], 0.0054670 secs] [Times: user=0.01 sys=0.00, real=0.00 secs] 
188.145: Total time for which application threads were stopped: 0.0725150 seconds, Stopping threads took: 0.0669640 seconds
188.146: Application time: 0.0013250 seconds
188.189: [GC188.189: [ParNew: 7146K->797K(8128K), 0.0022160 secs] 8860K->8176K(26052K), 0.0022550 secs] [Times: user=0.01 sys=0.00, real=0.00 secs] 
188.192: Total time for which application threads were stopped: 0.0453680 seconds, Stopping threads took: 0.0430500 seconds
188.272: Application time: 0.0805860 seconds
188.340: [GC188.340: [ParNew: 7650K->402K(8128K), 0.0003240 secs] 15029K->7797K(26052K), 0.0003570 secs] [Times: user=0.01 sys=0.00, real=0.00 secs] 
188.341: Total time for which application threads were stopped: 0.0686670 seconds, Stopping threads took: 0.0682240 seconds
188.342: Application time: 0.0009340 seconds
188.394: [GC188.394: [ParNew: 7627K->823K(8128K), 0.0018110 secs] 15022K->12808K(26052K), 0.0018440 secs] [Times: user=0.01 sys=0.00, real=0.00 secs] 
188.396: Total time for which application threads were stopped: 0.0543130 seconds, Stopping threads took: 0.0523930 seconds
188.476: Application time: 0.0794620 seconds
188.479: [GC188.479: [ParNew: 7969K->7969K(8128K), 0.0000100 secs]188.479: [Tenured: 11985K->5650K(17924K), 0.0057150 secs] 19954K->5650K(26052K), [Perm : 5142K->5142K(21248K)], 0.0057750 secs] [Times: user=0.00 sys=0.00, real=0.00 secs] 
188.485: Total time for which application threads were stopped: 0.0094530 seconds, Stopping threads took: 0.0036160 seconds
188.563: Application time: 0.0781240 seconds
188.607: [GC188.607: [ParNew: 7126K->727K(8128K), 0.0005980 secs] 12776K->6963K(26052K), 0.0006310 secs] [Times: user=0.00 sys=0.00, real=0.00 secs] 
188.607: Total time for which application threads were stopped: 0.0443780 seconds, Stopping threads took: 0.0436680 seconds
188.609: Application time: 0.0013750 seconds
188.685: [GC188.685: [ParNew: 7854K->825K(8128K), 0.0004550 secs] 14090K->7141K(26052K), 0.0004830 secs] [Times: user=0.00 sys=0.00, real=0.00 secs] 
188.686: Total time for which application threads were stopped: 0.0767310 seconds, Stopping threads took: 0.0761830 seconds
188.687: Application time: 0.0009650 seconds
188.727: [GC188.727: [ParNew: 7971K->895K(8128K), 0.0021740 secs] 14287K->13232K(26052K), 0.0022080 secs] [Times: user=0.01 sys=0.00, real=0.00 secs] 
188.729: Total time for which application threads were stopped: 0.0428080 seconds, Stopping threads took: 0.0405440 seconds
188.811: Application time: 0.0814700 seconds
188.885: [GC188.885: [ParNew: 8127K->8127K(8128K), 0.0000110 secs]188.885: [Tenured: 12337K->1837K(17924K), 0.0057970 secs] 20464K->1837K(26052K), [Perm : 5142K->5142K(21248K)], 0.0058500 secs] [Times: user=0.01 sys=0.00, real=0.01 secs] 
188.891: Total time for which application threads were stopped: 0.0797570 seconds, Stopping threads took: 0.0738330 seconds
188.892: Application time: 0.0012570 seconds
188.892: [GC188.892: [ParNew: 7214K->895K(8128K), 0.0020410 secs] 9051K->9011K(26052K), 0.0020770 secs] [Times: user=0.01 sys=0.00, real=0.00 secs] 
188.894: Total time for which application threads were stopped: 0.0024170 seconds, Stopping threads took: 0.0002690 seconds
188.976: Application time: 0.0816560 seconds
189.049: [GC189.049: [ParNew: 7943K->207K(8128K), 0.0005290 secs] 16059K->8363K(26052K), 0.0005610 secs] [Times: user=0.00 sys=0.00, real=0.00 secs] 
189.049: Total time for which application threads were stopped: 0.0733850 seconds, Stopping threads took: 0.0727480 seconds
189.050: Application time: 0.0008510 seconds
189.050: [GC189.050: [ParNew: 7353K->895K(8128K), 0.0020460 secs] 15509K->15496K(26052K), 0.0020750 secs] [Times: user=0.01 sys=0.00, real=0.00 secs] 
189.052: Total time for which application threads were stopped: 0.0023090 seconds, Stopping threads took: 0.0001820 seconds
189.135: Application time: 0.0820870 seconds
189.201: [GC189.201: [ParNew: 7943K->7943K(8128K), 0.0000100 secs]189.201: [Tenured: 14601K->3323K(17924K), 0.0047670 secs] 22544K->3323K(26052K), [Perm : 5142K->5142K(21248K)], 0.0048240 secs] [Times: user=0.01 sys=0.00, real=0.01 secs] 
189.206: Total time for which application threads were stopped: 0.0715660 seconds, Stopping threads took: 0.0666570 seconds
189.285: Application time: 0.0789430 seconds
189.289: [GC189.289: [ParNew: 7146K->14K(8128K), 0.0005130 secs] 10469K->3338K(26052K), 0.0005400 secs] [Times: user=0.01 sys=0.00, real=0.00 secs] 
189.289: Total time for which application threads were stopped: 0.0041610 seconds, Stopping threads took: 0.0035490 seconds
189.290: Application time: 0.0007290 seconds
189.290: [GC189.290: [ParNew: 7160K->895K(8128K), 0.0019880 secs] 10484K->10469K(26052K), 0.0020220 secs] [Times: user=0.02 sys=0.00, real=0.00 secs] 
189.292: Total time for which application threads were stopped: 0.0022770 seconds, Stopping threads took: 0.0002000 seconds
189.374: Application time: 0.0818160 seconds
189.440: [GC189.440: [ParNew: 8040K->795K(8128K), 0.0008310 secs] 17615K->10971K(26052K), 0.0008620 secs] [Times: user=0.00 sys=0.00, real=0.00 secs] 
189.441: Total time for which application threads were stopped: 0.0671260 seconds, Stopping threads took: 0.0662020 seconds
189.443: Application time: 0.0013060 seconds
189.518: [GC189.518: [ParNew: 8000K->853K(8128K), 0.0010120 secs] 18176K->12217K(26052K), 0.0010450 secs] [Times: user=0.00 sys=0.00, real=0.00 secs] 
189.520: Total time for which application threads were stopped: 0.0770240 seconds, Stopping threads took: 0.0758970 seconds
189.606: Application time: 0.0868940 seconds
189.615: [GC189.615: [ParNew: 7902K->7902K(8128K), 0.0000100 secs]189.615: [Tenured: 11364K->1715K(17924K), 0.0045040 secs] 19266K->1715K(26052K), [Perm : 5142K->5142K(21248K)], 0.0045590 secs] [Times: user=0.00 sys=0.00, real=0.01 secs] 
189.619: Total time for which application threads were stopped: 0.0129320 seconds, Stopping threads took: 0.0083100 seconds
189.621: Application time: 0.0011660 seconds
189.661: [GC189.661: [ParNew: 7224K->895K(8128K), 0.0022520 secs] 8939K->8205K(26052K), 0.0022900 secs] [Times: user=0.02 sys=0.00, real=0.00 secs] 
189.663: Total time for which application threads were stopped: 0.0425900 seconds, Stopping threads took: 0.0402410 seconds
189.745: Application time: 0.0816690 seconds
189.812: [GC189.812: [ParNew: 7943K->598K(8128K), 0.0006510 secs] 15253K->7947K(26052K), 0.0006830 secs] [Times: user=0.00 sys=0.00, real=0.00 secs] 
189.813: Total time for which application threads were stopped: 0.0679810 seconds, Stopping threads took: 0.0672230 seconds
189.814: Application time: 0.0008840 seconds
189.814: [GC189.814: [ParNew: 7744K->895K(8128K), 0.0026270 secs] 15093K->15097K(26052K), 0.0026620 secs] [Times: user=0.02 sys=0.00, real=0.00 secs] 
189.817: Total time for which application threads were stopped: 0.0029080 seconds, Stopping threads took: 0.0001710 seconds
189.898: Application time: 0.0818170 seconds
189.966: [GC189.966: [ParNew: 7943K->7943K(8128K), 0.0000110 secs]189.966: [Tenured: 14202K->2525K(17924K), 0.0051380 secs] 22145K->2525K(26052K), [Perm : 5142K->5142K(21248K)], 0.0052030 secs] [Times: user=0.01 sys=0.00, real=0.00 secs] 
189.972: Total time for which application threads were stopped: 0.0731490 seconds, Stopping threads took: 0.0678780 seconds
189.973: Application time: 0.0011540 seconds
190.025: [GC190.025: [ParNew: 7146K->795K(8128K), 0.0019430 secs] 9671K->7227K(26052K), 0.0019810 secs] [Times: user=0.01 sys=0.00, real=0.01 secs] 
190.027: Total time for which application threads were stopped: 0.0542900 seconds, Stopping threads took: 0.0522490 seconds
190.106: Application time: 0.0791960 seconds
190.148: [GC190.148: [ParNew: 8019K->40K(8128K), 0.0004220 secs] 14451K->6496K(26052K), 0.0004530 secs] [Times: user=0.01 sys=0.00, real=0.00 secs] 
190.148: Total time for which application threads were stopped: 0.0422370 seconds, Stopping threads took: 0.0417080 seconds
190.149: Application time: 0.0008680 seconds
190.150: [GC190.150: [ParNew: 7186K->895K(8128K), 0.0021330 secs] 13642K->13629K(26052K), 0.0021730 secs] [Times: user=0.02 sys=0.00, real=0.00 secs] 
190.152: Total time for which application threads were stopped: 0.0024540 seconds, Stopping threads took: 0.0002020 seconds
190.234: Application time: 0.0823240 seconds
190.301: [GC190.301: [ParNew: 8001K->8001K(8128K), 0.0000100 secs]190.301: [Tenured: 12734K->3001K(17924K), 0.0046500 secs] 20736K->3001K(26052K), [Perm : 5142K->5142K(21248K)], 0.0047070 secs] [Times: user=0.01 sys=0.00, real=0.00 secs] 
190.306: Total time for which application threads were stopped: 0.0715000 seconds, Stopping threads took: 0.0667200 seconds
190.307: Application time: 0.0013350 seconds
190.383: [GC190.383: [ParNew: 7224K->825K(8128K), 0.0012160 secs] 10226K->5975K(26052K), 0.0012520 secs] [Times: user=0.01 sys=0.00, real=0.00 secs] 
190.384: Total time for which application threads were stopped: 0.0769860 seconds, Stopping threads took: 0.0756530 seconds
190.471: Application time: 0.0874550 seconds
190.511: [GC190.511: [ParNew: 7971K->404K(8128K), 0.0003190 secs] 13121K->5627K(26052K), 0.0003480 secs] [Times: user=0.00 sys=0.00, real=0.00 secs] 
190.512: Total time for which application threads were stopped: 0.0403190 seconds, Stopping threads took: 0.0398900 seconds
190.513: Application time: 0.0009530 seconds
190.558: [GC190.558: [ParNew: 7550K->895K(8128K), 0.0018660 secs] 12773K->10609K(26052K), 0.0019050 secs] [Times: user=0.01 sys=0.01, real=0.01 secs] 
190.559: Total time for which application threads were stopped: 0.0467910 seconds, Stopping threads took: 0.0448260 seconds
190.639: Application time: 0.0790800 seconds
190.680: [GC190.680: [ParNew: 8041K->791K(8128K), 0.0008620 secs] 17755K->11498K(26052K), 0.0008900 secs] [Times: user=0.00 sys=0.00, real=0.00 secs] 
190.681: Total time for which application threads were stopped: 0.0426150 seconds, Stopping threads took: 0.0416710 seconds
190.766: Application time: 0.0846640 seconds
190.779: [GC190.779: [ParNew: 7918K->237K(8128K), 0.0003460 secs] 18625K->10952K(26052K), 0.0003790 secs] [Times: user=0.01 sys=0.00, real=0.00 secs] 
190.780: Total time for which application threads were stopped: 0.0137250 seconds, Stopping threads took: 0.0132930 seconds
190.780: Application time: 0.0007820 seconds
190.820: [GC190.820: [ParNew: 7383K->823K(8128K), 0.0019730 secs] 18099K->17007K(26052K), 0.0020050 secs] [Times: user=0.01 sys=0.00, real=0.00 secs] 
190.822: Total time for which application threads were stopped: 0.0421310 seconds, Stopping threads took: 0.0400710 seconds
190.915: Application time: 0.0923530 seconds
190.987: [GC190.987: [ParNew: 7871K->7871K(8128K), 0.0000120 secs]190.989: [Tenured: 16184K->2278K(17924K), 0.0052400 secs] 24056K->2278K(26052K), [Perm : 5142K->5142K(21248K)], 0.0068750 secs] [Times: user=0.01 sys=0.00, real=0.00 secs] 
190.994: Total time for which application threads were stopped: 0.0793690 seconds, Stopping threads took: 0.0724340 seconds
190.995: Application time: 0.0011200 seconds
191.036: [GC191.036: [ParNew: 7224K->895K(8128K), 0.0022460 secs] 9502K->8767K(26052K), 0.0022930 secs] [Times: user=0.02 sys=0.00, real=0.01 secs] 
191.039: Total time for which application threads were stopped: 0.0431980 seconds, Stopping threads took: 0.0408390 seconds
191.119: Application time: 0.0806380 seconds
191.189: [GC191.189: [ParNew: 7943K->596K(8128K), 0.0006190 secs] 15816K->8524K(26052K), 0.0006520 secs] [Times: user=0.00 sys=0.00, real=0.00 secs] 
191.189: Total time for which application threads were stopped: 0.0702010 seconds, Stopping threads took: 0.0694700 seconds
191.190: Application time: 0.0009640 seconds
191.230: [GC191.230: [ParNew: 7820K->825K(8128K), 0.0020600 secs] 15749K->14630K(26052K), 0.0020980 secs] [Times: user=0.01 sys=0.00, real=0.00 secs] 
191.233: Total time for which application threads were stopped: 0.0422700 seconds, Stopping threads took: 0.0400900 seconds
191.315: Application time: 0.0823120 seconds
191.383: [GC191.383: [ParNew: 7873K->7873K(8128K), 0.0000100 secs]191.383: [Tenured: 13804K->2106K(17924K), 0.0051950 secs] 21678K->2106K(26052K), [Perm : 5142K->5142K(21248K)], 0.0052520 secs] [Times: user=0.01 sys=0.00, real=0.01 secs] 
191.388: Total time for which application threads were stopped: 0.0731960 seconds, Stopping threads took: 0.0678630 seconds
191.389: Application time: 0.0011650 seconds
191.430: [GC191.430: [ParNew: 7146K->893K(8128K), 0.0023490 secs] 9252K->8956K(26052K), 0.0023890 secs] [Times: user=0.01 sys=0.00, real=0.00 secs] 
191.432: Total time for which application threads were stopped: 0.0430570 seconds, Stopping threads took: 0.0405870 seconds
191.514: Application time: 0.0812780 seconds
191.586: [GC191.586: [ParNew: 8039K->10K(8128K), 0.0006230 secs] 16102K->8097K(26052K), 0.0006560 secs] [Times: user=0.00 sys=0.00, real=0.00 secs] 
191.587: Total time for which application threads were stopped: 0.0732010 seconds, Stopping threads took: 0.0724590 seconds
191.588: Application time: 0.0008890 seconds
191.588: [GC191.588: [ParNew: 7234K->895K(8128K), 0.0022470 secs] 15322K->15261K(26052K), 0.0022810 secs] [Times: user=0.01 sys=0.00, real=0.00 secs] 
191.590: Total time for which application threads were stopped: 0.0026680 seconds, Stopping threads took: 0.0003090 seconds
191.680: Application time: 0.0898080 seconds
191.749: [GC191.749: [ParNew: 7943K->7943K(8128K), 0.0000100 secs]191.749: [Tenured: 14365K->3405K(17924K), 0.0053030 secs] 22309K->3405K(26052K), [Perm : 5142K->5142K(21248K)], 0.0053600 secs] [Times: user=0.01 sys=0.00, real=0.00 secs] 
191.754: Total time for which application threads were stopped: 0.0740280 seconds, Stopping threads took: 0.0686070 seconds
191.755: Application time: 0.0012060 seconds
191.831: [GC191.831: [ParNew: 7126K->825K(8128K), 0.0012990 secs] 10531K->6379K(26052K), 0.0013360 secs] [Times: user=0.01 sys=0.00, real=0.00 secs] 
191.833: Total time for which application threads were stopped: 0.0770870 seconds, Stopping threads took: 0.0756910 seconds
191.911: Application time: 0.0781730 seconds
191.914: [GC191.914: [ParNew: 7873K->789K(8128K), 0.0005490 secs] 13427K->7001K(26052K), 0.0005800 secs] [Times: user=0.01 sys=0.00, real=0.00 secs] 
191.915: Total time for which application threads were stopped: 0.0040340 seconds, Stopping threads took: 0.0033790 seconds
191.916: Application time: 0.0010400 seconds
191.992: [GC191.992: [ParNew: 7935K->893K(8128K), 0.0018240 secs] 14147K->11515K(26052K), 0.0018610 secs] [Times: user=0.01 sys=0.01, real=0.00 secs] 
191.994: Total time for which application threads were stopped: 0.0777540 seconds, Stopping threads took: 0.0758340 seconds
192.072: Application time: 0.0784980 seconds
192.119: [GC192.119: [ParNew: 7843K->891K(8128K), 0.0005550 secs] 18466K->12115K(26052K), 0.0005870 secs] [Times: user=0.00 sys=0.00, real=0.00 secs] 
192.119: Total time for which application threads were stopped: 0.0472090 seconds, Stopping threads took: 0.0465350 seconds
192.205: Application time: 0.0861590 seconds
192.212: [GC192.212: [ParNew: 8123K->8123K(8128K), 0.0000100 secs]192.212: [Tenured: 11224K->2200K(17924K), 0.0047430 secs] 19347K->2200K(26052K), [Perm : 5142K->5142K(21248K)], 0.0048040 secs] [Times: user=0.00 sys=0.00, real=0.00 secs] 
192.217: Total time for which application threads were stopped: 0.0111190 seconds, Stopping threads took: 0.0062320 seconds
192.218: Application time: 0.0010610 seconds
192.258: [GC192.258: [ParNew: 7195K->895K(8128K), 0.0018650 secs] 9395K->8230K(26052K), 0.0019040 secs] [Times: user=0.01 sys=0.00, real=0.00 secs] 
192.260: Total time for which application threads were stopped: 0.0421040 seconds, Stopping threads took: 0.0401370 seconds
192.342: Application time: 0.0821020 seconds
192.409: [GC192.409: [ParNew: 8119K->237K(8128K), 0.0005150 secs] 15454K->7636K(26052K), 0.0005470 secs] [Times: user=0.00 sys=0.00, real=0.00 secs] 
192.409: Total time for which application threads were stopped: 0.0675120 seconds, Stopping threads took: 0.0668900 seconds
192.410: Application time: 0.0009120 seconds
192.455: [GC192.455: [ParNew: 7383K->895K(8128K), 0.0018140 secs] 14782K->13693K(26052K), 0.0018440 secs] [Times: user=0.02 sys=0.00, real=0.00 secs] 
192.457: Total time for which application threads were stopped: 0.0468140 seconds, Stopping threads took: 0.0448960 seconds
192.537: Application time: 0.0803230 seconds
192.595: [GC192.595: [ParNew: 7943K->7943K(8128K), 0.0000090 secs]192.595: [Tenured: 12798K->1886K(17924K), 0.0044590 secs] 20741K->1886K(26052K), [Perm : 5142K->5142K(21248K)], 0.0045110 secs] [Times: user=0.00 sys=0.00, real=0.01 secs] 
192.599: Total time for which application threads were stopped: 0.0617700 seconds, Stopping threads took: 0.0572000 seconds
192.600: Application time: 0.0012860 seconds
192.641: [GC192.641: [ParNew: 7146K->895K(8128K), 0.0019800 secs] 9032K->8348K(26052K), 0.0020160 secs] [Times: user=0.01 sys=0.00, real=0.00 secs] 
192.643: Total time for which application threads were stopped: 0.0426650 seconds, Stopping threads took: 0.0405640 seconds
192.724: Application time: 0.0813520 seconds
192.792: [GC192.792: [ParNew: 7748K->404K(8128K), 0.0005810 secs] 15201K->7889K(26052K), 0.0006130 secs] [Times: user=0.00 sys=0.00, real=0.00 secs] 
192.793: Total time for which application threads were stopped: 0.0683570 seconds, Stopping threads took: 0.0676660 seconds
192.794: Application time: 0.0009040 seconds
192.846: [GC192.846: [ParNew: 7629K->895K(8128K), 0.0018820 secs] 15114K->12900K(26052K), 0.0019170 secs] [Times: user=0.01 sys=0.00, real=0.00 secs] 
192.848: Total time for which application threads were stopped: 0.0543030 seconds, Stopping threads took: 0.0523060 seconds
192.927: Application time: 0.0789580 seconds
192.968: [GC192.968: [ParNew: 8041K->8041K(8128K), 0.0000100 secs]192.968: [Tenured: 12005K->4157K(17924K), 0.0056500 secs] 20046K->4157K(26052K), [Perm : 5142K->5142K(21248K)], 0.0057080 secs] [Times: user=0.00 sys=0.00, real=0.00 secs] 
192.974: Total time for which application threads were stopped: 0.0472190 seconds, Stopping threads took: 0.0414280 seconds
193.052: Application time: 0.0775180 seconds
193.056: [GC193.056: [ParNew: 7029K->825K(8128K), 0.0007670 secs] 11186K->5373K(26052K), 0.0007990 secs] [Times: user=0.00 sys=0.00, real=0.00 secs] 
193.057: Total time for which application threads were stopped: 0.0053740 seconds, Stopping threads took: 0.0044970 seconds
193.058: Application time: 0.0010120 seconds
193.099: [GC193.099: [ParNew: 7971K->891K(8128K), 0.0020870 secs] 12519K->10776K(26052K), 0.0021230 secs] [Times: user=0.01 sys=0.00, real=0.00 secs] 
193.101: Total time for which application threads were stopped: 0.0429700 seconds, Stopping threads took: 0.0407700 seconds
193.183: Application time: 0.0816140 seconds
193.251: [GC193.251: [ParNew: 8037K->400K(8128K), 0.0006280 secs] 17922K->10302K(26052K), 0.0006610 secs] [Times: user=0.00 sys=0.00, real=0.00 secs] 
193.252: Total time for which application threads were stopped: 0.0688440 seconds, Stopping threads took: 0.0680960 seconds
193.253: Application time: 0.0009920 seconds
193.293: [GC193.293: [ParNew: 7546K->797K(8128K), 0.0021770 secs] 17448K->16363K(26052K), 0.0022210 secs] [Times: user=0.01 sys=0.00, real=0.00 secs] 
193.295: Total time for which application threads were stopped: 0.0427850 seconds, Stopping threads took: 0.0404980 seconds
193.389: Application time: 0.0934190 seconds
193.460: [GC193.460: [ParNew: 8002K->8002K(8128K), 0.0000100 secs]193.460: [Tenured: 15566K->1996K(17924K), 0.0050920 secs] 23568K->1996K(26052K), [Perm : 5142K->5142K(21248K)], 0.0051480 secs] [Times: user=0.00 sys=0.00, real=0.00 secs] 
193.465: Total time for which application threads were stopped: 0.0759800 seconds, Stopping threads took: 0.0707500 seconds
193.466: Application time: 0.0011180 seconds
193.541: [GC193.541: [ParNew: 7146K->891K(8128K), 0.0014950 secs] 9142K->6501K(26052K), 0.0015370 secs] [Times: user=0.01 sys=0.00, real=0.00 secs] 
193.543: Total time for which application threads were stopped: 0.0771380 seconds, Stopping threads took: 0.0755300 seconds
193.621: Application time: 0.0781290 seconds
193.665: [GC193.665: [ParNew: 8037K->797K(8128K), 0.0006780 secs] 13647K->7587K(26052K), 0.0007120 secs] [Times: user=0.00 sys=0.00, real=0.01 secs] 
193.666: Total time for which application threads were stopped: 0.0448970 seconds, Stopping threads took: 0.0441080 seconds
193.752: Application time: 0.0863670 seconds
193.763: [GC193.763: [ParNew: 7845K->404K(8128K), 0.0006410 secs] 14636K->7211K(26052K), 0.0006730 secs] [Times: user=0.01 sys=0.00, real=0.00 secs] 
193.764: Total time for which application threads were stopped: 0.0114880 seconds, Stopping threads took: 0.0107310 seconds
193.765: Application time: 0.0008240 seconds
193.816: [GC193.816: [ParNew: 7550K->895K(8128K), 0.0021560 secs] 14357K->13268K(26052K), 0.0021910 secs] [Times: user=0.01 sys=0.00, real=0.01 secs] 
193.818: Total time for which application threads were stopped: 0.0535140 seconds, Stopping threads took: 0.0512450 seconds
193.899: Application time: 0.0808140 seconds
193.939: [GC193.939: [ParNew: 7943K->7943K(8128K), 0.0000090 secs]193.939: [Tenured: 12373K->3071K(17924K), 0.0046580 secs] 20316K->3071K(26052K), [Perm : 5142K->5142K(21248K)], 0.0047140 secs] [Times: user=0.01 sys=0.00, real=0.00 secs] 
193.944: Total time for which application threads were stopped: 0.0445620 seconds, Stopping threads took: 0.0397860 seconds
194.022: Application time: 0.0783590 seconds
194.025: [GC194.025: [ParNew: 7107K->70K(8128K), 0.0003900 secs] 10179K->3142K(26052K), 0.0004200 secs] [Times: user=0.00 sys=0.00, real=0.00 secs] 
194.026: Total time for which application threads were stopped: 0.0037150 seconds, Stopping threads took: 0.0032210 seconds
194.026: Application time: 0.0007470 seconds
194.027: [GC194.027: [ParNew: 7216K->895K(8128K), 0.0019490 secs] 10288K->10273K(26052K), 0.0019790 secs] [Times: user=0.01 sys=0.00, real=0.00 secs] 
194.029: Total time for which application threads were stopped: 0.0021540 seconds, Stopping threads took: 0.0001210 seconds
194.111: Application time: 0.0827130 seconds
194.182: [GC194.183: [ParNew: 7943K->205K(8128K), 0.0003180 secs] 17321K->9639K(26052K), 0.0003490 secs] [Times: user=0.00 sys=0.00, real=0.00 secs] 
194.183: Total time for which application threads were stopped: 0.0715700 seconds, Stopping threads took: 0.0711630 seconds
194.184: Application time: 0.0008940 seconds
194.184: [GC194.184: [ParNew: 7351K->895K(8128K), 0.0022800 secs] 16785K->16775K(26052K), 0.0023130 secs] [Times: user=0.01 sys=0.00, real=0.01 secs] 
194.186: Total time for which application threads were stopped: 0.0025890 seconds, Stopping threads took: 0.0002190 seconds
194.282: Application time: 0.0951880 seconds
194.354: [GC194.354: [ParNew: 8021K->8021K(8128K), 0.0000110 secs]194.354: [Tenured: 15880K->1887K(17924K), 0.0050740 secs] 23901K->1887K(26052K), [Perm : 5142K->5142K(21248K)], 0.0051290 secs] [Times: user=0.00 sys=0.00, real=0.01 secs] 
194.359: Total time for which application threads were stopped: 0.0776450 seconds, Stopping threads took: 0.0724250 seconds
194.361: Application time: 0.0013580 seconds
194.414: [GC194.414: [ParNew: 7224K->825K(8128K), 0.0022140 secs] 9111K->8377K(26052K), 0.0022550 secs] [Times: user=0.02 sys=0.00, real=0.00 secs] 
194.416: Total time for which application threads were stopped: 0.0555280 seconds, Stopping threads took: 0.0531950 seconds
194.498: Application time: 0.0822670 seconds
194.565: [GC194.565: [ParNew: 7873K->598K(8128K), 0.0005140 secs] 15425K->8222K(26052K), 0.0005440 secs] [Times: user=0.00 sys=0.00, real=0.00 secs] 
194.566: Total time for which application threads were stopped: 0.0672340 seconds, Stopping threads took: 0.0666240 seconds
194.567: Application time: 0.0009690 seconds
194.610: [GC194.610: [ParNew: 7822K->825K(8128K), 0.0019790 secs] 15446K->13251K(26052K), 0.0020150 secs] [Times: user=0.01 sys=0.00, real=0.00 secs] 
194.612: Total time for which application threads were stopped: 0.0457720 seconds, Stopping threads took: 0.0436790 seconds
194.702: Application time: 0.0899200 seconds
194.758: [GC194.758: [ParNew: 7873K->7873K(8128K), 0.0000100 secs]194.758: [Tenured: 12425K->2107K(17924K), 0.0052700 secs] 20299K->2107K(26052K), [Perm : 5142K->5142K(21248K)], 0.0053260 secs] [Times: user=0.01 sys=0.00, real=0.00 secs] 
194.763: Total time for which application threads were stopped: 0.0609790 seconds, Stopping threads took: 0.0555710 seconds
194.764: Application time: 0.0011270 seconds
194.805: [GC194.805: [ParNew: 7146K->895K(8128K), 0.0018680 secs] 9253K->7885K(26052K), 0.0019080 secs] [Times: user=0.02 sys=0.00, real=0.01 secs] 
194.807: Total time for which application threads were stopped: 0.0425040 seconds, Stopping threads took: 0.0405350 seconds
194.889: Application time: 0.0822260 seconds
194.956: [GC194.956: [ParNew: 8119K->42K(8128K), 0.0004480 secs] 15109K->7064K(26052K), 0.0004770 secs] [Times: user=0.00 sys=0.00, real=0.00 secs] 
194.956: Total time for which application threads were stopped: 0.0672910 seconds, Stopping threads took: 0.0667550 seconds
194.957: Application time: 0.0009800 seconds
194.957: [GC194.958: [ParNew: 7188K->895K(8128K), 0.0022510 secs] 14210K->14195K(26052K), 0.0022840 secs] [Times: user=0.01 sys=0.00, real=0.01 secs] 
194.960: Total time for which application threads were stopped: 0.0024570 seconds, Stopping threads took: 0.0001190 seconds
195.041: Application time: 0.0816680 seconds
195.113: [GC195.113: [ParNew: 8021K->8021K(8128K), 0.0000100 secs]195.114: [Tenured: 13300K->2360K(17924K), 0.0051790 secs] 21322K->2360K(26052K), [Perm : 5142K->5142K(21248K)], 0.0052320 secs] [Times: user=0.01 sys=0.00, real=0.01 secs] 
195.119: Total time for which application threads were stopped: 0.0772510 seconds, Stopping threads took: 0.0719600 seconds
195.120: Application time: 0.0012320 seconds
195.161: [GC195.161: [ParNew: 7146K->893K(8128K), 0.0021360 secs] 9506K->8624K(26052K), 0.0021750 secs] [Times: user=0.02 sys=0.00, real=0.00 secs] 
195.163: Total time for which application threads were stopped: 0.0428170 seconds, Stopping threads took: 0.0405580 seconds
195.244: Application time: 0.0808860 seconds
195.312: [GC195.312: [ParNew: 7941K->402K(8128K), 0.0003310 secs] 15673K->8158K(26052K), 0.0003620 secs] [Times: user=0.00 sys=0.00, real=0.00 secs] 
195.313: Total time for which application threads were stopped: 0.0691180 seconds, Stopping threads took: 0.0687000 seconds
195.314: Application time: 0.0008820 seconds
195.314: [GC195.314: [ParNew: 7451K->895K(8128K), 0.0026340 secs] 15207K->15194K(26052K), 0.0026700 secs] [Times: user=0.02 sys=0.00, real=0.00 secs] 
195.317: Total time for which application threads were stopped: 0.0029970 seconds, Stopping threads took: 0.0002620 seconds
195.406: Application time: 0.0896360 seconds
195.481: [GC195.481: [ParNew: 7845K->7845K(8128K), 0.0000100 secs]195.481: [Tenured: 14299K->2556K(17924K), 0.0045310 secs] 22144K->2556K(26052K), [Perm : 5142K->5142K(21248K)], 0.0045860 secs] [Times: user=0.00 sys=0.00, real=0.01 secs] 
195.486: Total time for which application threads were stopped: 0.0796400 seconds, Stopping threads took: 0.0749830 seconds
195.487: Application time: 0.0010960 seconds
195.528: [GC195.528: [ParNew: 7146K->893K(8128K), 0.0018920 secs] 9702K->7942K(26052K), 0.0019370 secs] [Times: user=0.01 sys=0.00, real=0.00 secs] 
195.530: Total time for which application threads were stopped: 0.0431610 seconds, Stopping threads took: 0.0411440 seconds
195.609: Application time: 0.0784170 seconds
195.613: [GC195.613: [ParNew: 8039K->795K(8128K), 0.0014050 secs] 15087K->10993K(26052K), 0.0014430 secs] [Times: user=0.01 sys=0.00, real=0.00 secs] 
195.614: Total time for which application threads were stopped: 0.0055940 seconds, Stopping threads took: 0.0040700 seconds
195.693: Application time: 0.0789800 seconds
195.735: [GC195.735: [ParNew: 7922K->235K(8128K), 0.0002570 secs] 18120K->10449K(26052K), 0.0002890 secs] [Times: user=0.01 sys=0.00, real=0.00 secs] 
195.735: Total time for which application threads were stopped: 0.0418030 seconds, Stopping threads took: 0.0414390 seconds
195.736: Application time: 0.0007600 seconds
195.736: [GC195.736: [ParNew: 7381K->895K(8128K), 0.0023150 secs] 17595K->17583K(26052K), 0.0023510 secs] [Times: user=0.02 sys=0.00, real=0.01 secs] 
195.739: Total time for which application threads were stopped: 0.0027410 seconds, Stopping threads took: 0.0003150 seconds
195.831: Application time: 0.0926390 seconds
195.901: [GC195.902: [ParNew: 8099K->8099K(8128K), 0.0000100 secs]195.902: [Tenured: 16687K->2933K(17924K), 0.0053100 secs] 24787K->2933K(26052K), [Perm : 5142K->5142K(21248K)], 0.0053660 secs] [Times: user=0.00 sys=0.00, real=0.01 secs] 
195.907: Total time for which application threads were stopped: 0.0757000 seconds, Stopping threads took: 0.0702740 seconds
195.985: Application time: 0.0781470 seconds
195.989: [GC195.989: [ParNew: 7224K->44K(8128K), 0.0019630 secs] 10157K->2977K(26052K), 0.0019990 secs] [Times: user=0.01 sys=0.00, real=0.00 secs] 
195.991: Total time for which application threads were stopped: 0.0062480 seconds, Stopping threads took: 0.0041650 seconds
195.992: Application time: 0.0008490 seconds
196.033: [GC196.033: [ParNew: 7268K->895K(8128K), 0.0017100 secs] 10201K->9060K(26052K), 0.0017420 secs] [Times: user=0.01 sys=0.00, real=0.00 secs] 
196.034: Total time for which application threads were stopped: 0.0423580 seconds, Stopping threads took: 0.0405630 seconds
196.114: Application time: 0.0800090 seconds
196.184: [GC196.184: [ParNew: 8021K->235K(8128K), 0.0004840 secs] 16186K->8448K(26052K), 0.0005150 secs] [Times: user=0.00 sys=0.00, real=0.00 secs] 
196.184: Total time for which application threads were stopped: 0.0697580 seconds, Stopping threads took: 0.0691680 seconds
196.185: Application time: 0.0011230 seconds
196.227: [GC196.227: [ParNew: 7381K->893K(8128K), 0.0018850 secs] 15595K->14506K(26052K), 0.0019200 secs] [Times: user=0.02 sys=0.00, real=0.00 secs] 
196.229: Total time for which application threads were stopped: 0.0432440 seconds, Stopping threads took: 0.0412420 seconds
196.309: Application time: 0.0807820 seconds
196.376: [GC196.376: [ParNew: 7941K->7941K(8128K), 0.0000100 secs]196.376: [Tenured: 13612K->1717K(17924K), 0.0052040 secs] 21554K->1717K(26052K), [Perm : 5142K->5142K(21248K)], 0.0052600 secs] [Times: user=0.01 sys=0.00, real=0.01 secs] 
196.382: Total time for which application threads were stopped: 0.0723290 seconds, Stopping threads took: 0.0670090 seconds
196.383: Application time: 0.0010480 seconds
196.431: [GC196.431: [ParNew: 7048K->895K(8128K), 0.0020380 secs] 8765K->8081K(26052K), 0.0020740 secs] [Times: user=0.01 sys=0.00, real=0.00 secs] 
196.433: Total time for which application threads were stopped: 0.0502140 seconds, Stopping threads took: 0.0480810 seconds
196.514: Application time: 0.0806510 seconds
196.581: [GC196.581: [ParNew: 7845K->400K(8128K), 0.0003710 secs] 15031K->7619K(26052K), 0.0003990 secs] [Times: user=0.00 sys=0.00, real=0.00 secs] 
196.581: Total time for which application threads were stopped: 0.0677940 seconds, Stopping threads took: 0.0673350 seconds
196.582: Application time: 0.0010350 seconds
196.623: [GC196.623: [ParNew: 7625K->895K(8128K), 0.0017400 secs] 14843K->12633K(26052K), 0.0017830 secs] [Times: user=0.02 sys=0.00, real=0.00 secs] 
196.625: Total time for which application threads were stopped: 0.0422040 seconds, Stopping threads took: 0.0403650 seconds
196.703: Application time: 0.0787520 seconds
196.745: [GC196.745: [ParNew: 7748K->7748K(8128K), 0.0000100 secs]196.745: [Tenured: 11738K->2137K(17924K), 0.0044790 secs] 19486K->2137K(26052K), [Perm : 5142K->5142K(21248K)], 0.0045350 secs] [Times: user=0.01 sys=0.00, real=0.01 secs] 
196.750: Total time for which application threads were stopped: 0.0464020 seconds, Stopping threads took: 0.0417830 seconds
196.751: Application time: 0.0013240 seconds
196.803: [GC196.803: [ParNew: 7146K->893K(8128K), 0.0017760 secs] 9283K->7522K(26052K), 0.0018090 secs] [Times: user=0.01 sys=0.00, real=0.00 secs] 
196.805: Total time for which application threads were stopped: 0.0541040 seconds, Stopping threads took: 0.0522170 seconds
196.884: Application time: 0.0784970 seconds
196.926: [GC196.926: [ParNew: 8039K->891K(8128K), 0.0011080 secs] 14668K->9497K(26052K), 0.0011400 secs] [Times: user=0.01 sys=0.00, real=0.00 secs] 
196.927: Total time for which application threads were stopped: 0.0432090 seconds, Stopping threads took: 0.0419920 seconds
197.008: Application time: 0.0810580 seconds
197.050: [GC197.050: [ParNew: 8017K->235K(8128K), 0.0005270 secs] 16624K->8858K(26052K), 0.0005550 secs] [Times: user=0.01 sys=0.00, real=0.00 secs] 
197.051: Total time for which application threads were stopped: 0.0429760 seconds, Stopping threads took: 0.0423500 seconds
197.052: Application time: 0.0008280 seconds
197.052: [GC197.052: [ParNew: 7381K->895K(8128K), 0.0023780 secs] 16004K->15991K(26052K), 0.0024120 secs] [Times: user=0.02 sys=0.00, real=0.00 secs] 
197.055: Total time for which application threads were stopped: 0.0027710 seconds, Stopping threads took: 0.0002930 seconds
197.149: Application time: 0.0938950 seconds
197.218: [GC197.218: [ParNew: 7943K->7943K(8128K), 0.0000100 secs]197.218: [Tenured: 15096K->2557K(17924K), 0.0045260 secs] 23039K->2557K(26052K), [Perm : 5142K->5142K(21248K)], 0.0045810 secs] [Times: user=0.01 sys=0.00, real=0.00 secs] 
197.223: Total time for which application threads were stopped: 0.0741740 seconds, Stopping threads took: 0.0695120 seconds
197.224: Application time: 0.0011500 seconds
197.279: [GC197.279: [ParNew: 7146K->895K(8128K), 0.0018650 secs] 9703K->7944K(26052K), 0.0019020 secs] [Times: user=0.01 sys=0.00, real=0.00 secs] 
197.281: Total time for which application threads were stopped: 0.0572420 seconds, Stopping threads took: 0.0552590 seconds
197.360: Application time: 0.0787230 seconds
197.401: [GC197.401: [ParNew: 7748K->398K(8128K), 0.0006030 secs] 14797K->7472K(26052K), 0.0006350 secs] [Times: user=0.00 sys=0.00, real=0.00 secs] 
197.402: Total time for which application threads were stopped: 0.0419720 seconds, Stopping threads took: 0.0412710 seconds
197.403: Application time: 0.0009930 seconds
197.444: [GC197.444: [ParNew: 7525K->895K(8128K), 0.0017390 secs] 14599K->12391K(26052K), 0.0017730 secs] [Times: user=0.01 sys=0.00, real=0.00 secs] 
197.445: Total time for which application threads were stopped: 0.0426870 seconds, Stopping threads took: 0.0408360 seconds
197.524: Application time: 0.0784430 seconds
197.567: [GC197.567: [ParNew: 8119K->8119K(8128K), 0.0000110 secs]197.567: [Tenured: 11496K->4566K(17924K), 0.0056950 secs] 19615K->4566K(26052K), [Perm : 5142K->5142K(21248K)], 0.0057540 secs] [Times: user=0.00 sys=0.00, real=0.00 secs] 
197.573: Total time for which application threads were stopped: 0.0485730 seconds, Stopping threads took: 0.0427350 seconds
197.660: Application time: 0.0871460 seconds
197.701: [GC197.701: [ParNew: 7224K->237K(8128K), 0.0005350 secs] 11790K->4803K(26052K), 0.0005670 secs] [Times: user=0.00 sys=0.00, real=0.00 secs] 
197.701: Total time for which application threads were stopped: 0.0414540 seconds, Stopping threads took: 0.0408090 seconds
197.702: Application time: 0.0008750 seconds
197.742: [GC197.742: [ParNew: 7461K->853K(8128K), 0.0020600 secs] 12028K->10888K(26052K), 0.0021000 secs] [Times: user=0.01 sys=0.00, real=0.00 secs] 
197.745: Total time for which application threads were stopped: 0.0425540 seconds, Stopping threads took: 0.0403900 seconds
197.826: Application time: 0.0813720 seconds
197.893: [GC197.893: [ParNew: 7901K->400K(8128K), 0.0004570 secs] 17936K->10539K(26052K), 0.0004890 secs] [Times: user=0.00 sys=0.00, real=0.00 secs] 
197.893: Total time for which application threads were stopped: 0.0671940 seconds, Stopping threads took: 0.0666310 seconds
197.894: Application time: 0.0009600 seconds
197.947: [GC197.947: [ParNew: 7605K->853K(8128K), 0.0016440 secs] 17744K->15485K(26052K), 0.0016790 secs] [Times: user=0.01 sys=0.00, real=0.00 secs] 
197.948: Total time for which application threads were stopped: 0.0543840 seconds, Stopping threads took: 0.0526260 seconds
198.037: Application time: 0.0881740 seconds
198.107: [GC198.107: [ParNew: 7999K->7999K(8128K), 0.0000090 secs]198.107: [Tenured: 14631K->1913K(17924K), 0.0051480 secs] 22631K->1913K(26052K), [Perm : 5142K->5142K(21248K)], 0.0052010 secs] [Times: user=0.00 sys=0.00, real=0.00 secs] 
198.112: Total time for which application threads were stopped: 0.0758400 seconds, Stopping threads took: 0.0705600 seconds
198.114: Application time: 0.0011010 seconds
198.154: [GC198.154: [ParNew: 7146K->893K(8128K), 0.0020480 secs] 9059K->7494K(26052K), 0.0020980 secs] [Times: user=0.01 sys=0.00, real=0.00 secs] 
198.156: Total time for which application threads were stopped: 0.0426170 seconds, Stopping threads took: 0.0404440 seconds
198.236: Application time: 0.0801080 seconds
198.278: [GC198.278: [ParNew: 7941K->791K(8128K), 0.0005500 secs] 14542K->7416K(26052K), 0.0005840 secs] [Times: user=0.01 sys=0.00, real=0.00 secs] 
198.279: Total time for which application threads were stopped: 0.0421900 seconds, Stopping threads took: 0.0415430 seconds
198.280: Application time: 0.0010650 seconds
198.320: [GC198.320: [ParNew: 7937K->895K(8128K), 0.0024510 secs] 14562K->13485K(26052K), 0.0024870 secs] [Times: user=0.02 sys=0.00, real=0.00 secs] 
198.323: Total time for which application threads were stopped: 0.0429890 seconds, Stopping threads took: 0.0404230 seconds
198.404: Application time: 0.0817250 seconds
198.476: [GC198.476: [ParNew: 8041K->8041K(8128K), 0.0000110 secs]198.476: [Tenured: 12590K->1914K(17924K), 0.0058050 secs] 20631K->1914K(26052K), [Perm : 5142K->5142K(21248K)], 0.0058590 secs] [Times: user=0.00 sys=0.00, real=0.01 secs] 
198.481: Total time for which application threads were stopped: 0.0771750 seconds, Stopping threads took: 0.0712350 seconds
198.483: Application time: 0.0014580 seconds
198.483: [GC198.483: [ParNew: 7224K->893K(8128K), 0.0018970 secs] 9138K->9085K(26052K), 0.0019250 secs] [Times: user=0.01 sys=0.00, real=0.00 secs] 
198.485: Total time for which application threads were stopped: 0.0021740 seconds, Stopping threads took: 0.0001740 seconds
198.567: Application time: 0.0821430 seconds
198.639: [GC198.639: [ParNew: 7941K->205K(8128K), 0.0004990 secs] 16133K->8429K(26052K), 0.0005350 secs] [Times: user=0.00 sys=0.00, real=0.00 secs] 
198.639: Total time for which application threads were stopped: 0.0720600 seconds, Stopping threads took: 0.0714590 seconds
198.640: Application time: 0.0008650 seconds
198.640: [GC198.640: [ParNew: 7351K->895K(8128K), 0.0021050 secs] 15576K->15565K(26052K), 0.0021370 secs] [Times: user=0.02 sys=0.00, real=0.00 secs] 
198.642: Total time for which application threads were stopped: 0.0023000 seconds, Stopping threads took: 0.0001090 seconds
198.732: Application time: 0.0890760 seconds
198.800: [GC198.800: [ParNew: 8021K->8021K(8128K), 0.0000100 secs]198.800: [Tenured: 14670K->3435K(17924K), 0.0046870 secs] 22691K->3435K(26052K), [Perm : 5142K->5142K(21248K)], 0.0047440 secs] [Times: user=0.01 sys=0.00, real=0.00 secs] 
198.805: Total time for which application threads were stopped: 0.0734800 seconds, Stopping threads took: 0.0686460 seconds
198.883: Application time: 0.0783870 seconds
198.886: [GC198.886: [ParNew: 7146K->14K(8128K), 0.0002470 secs] 10582K->3450K(26052K), 0.0002840 secs] [Times: user=0.01 sys=0.00, real=0.00 secs] 
198.886: Total time for which application threads were stopped: 0.0027270 seconds, Stopping threads took: 0.0023690 seconds
198.887: Application time: 0.0007840 seconds
198.887: [GC198.887: [ParNew: 7160K->895K(8128K), 0.0019960 secs] 10596K->10581K(26052K), 0.0020280 secs] [Times: user=0.02 sys=0.00, real=0.00 secs] 
198.889: Total time for which application threads were stopped: 0.0022710 seconds, Stopping threads took: 0.0001890 seconds
198.971: Application time: 0.0821170 seconds
199.041: [GC199.041: [ParNew: 7943K->205K(8128K), 0.0002680 secs] 17629K->9899K(26052K), 0.0003000 secs] [Times: user=0.00 sys=0.00, real=0.00 secs] 
199.041: Total time for which application threads were stopped: 0.0696510 seconds, Stopping threads took: 0.0692950 seconds
199.042: Application time: 0.0008620 seconds
199.042: [GC199.042: [ParNew: 7351K->895K(8128K), 0.0020480 secs] 17045K->17035K(26052K), 0.0020810 secs] [Times: user=0.02 sys=0.00, real=0.00 secs] 
199.044: Total time for which application threads were stopped: 0.0022750 seconds, Stopping threads took: 0.0001400 seconds
199.130: Application time: 0.0858520 seconds
199.205: [GC199.205: [ParNew: 7943K->7943K(8128K), 0.0000110 secs]199.205: [Tenured: 16140K->2362K(17924K), 0.0044030 secs] 24083K->2362K(26052K), [Perm : 5142K->5142K(21248K)], 0.0044600 secs] [Times: user=0.00 sys=0.00, real=0.01 secs] 
199.209: Total time for which application threads were stopped: 0.0793570 seconds, Stopping threads took: 0.0748330 seconds
199.210: Application time: 0.0010710 seconds
199.251: [GC199.251: [ParNew: 7124K->825K(8128K), 0.0018330 secs] 9487K->7680K(26052K), 0.0018680 secs] [Times: user=0.01 sys=0.00, real=0.00 secs] 
199.253: Total time for which application threads were stopped: 0.0426170 seconds, Stopping threads took: 0.0406690 seconds
199.332: Application time: 0.0788430 seconds
199.375: [GC199.375: [ParNew: 7776K->404K(8128K), 0.0003410 secs] 14631K->7331K(26052K), 0.0003720 secs] [Times: user=0.00 sys=0.00, real=0.00 secs] 
199.375: Total time for which application threads were stopped: 0.0433780 seconds, Stopping threads took: 0.0429240 seconds
199.376: Application time: 0.0009700 seconds
199.376: [GC199.377: [ParNew: 7588K->895K(8128K), 0.0024760 secs] 14515K->14352K(26052K), 0.0025100 secs] [Times: user=0.02 sys=0.00, real=0.01 secs] 
199.379: Total time for which application threads were stopped: 0.0028010 seconds, Stopping threads took: 0.0002250 seconds
199.460: Application time: 0.0809840 seconds
199.528: [GC199.528: [ParNew: 8021K->8021K(8128K), 0.0000110 secs]199.528: [Tenured: 13457K->2792K(17924K), 0.0046650 secs] 21478K->2792K(26052K), [Perm : 5142K->5142K(21248K)], 0.0047240 secs] [Times: user=0.01 sys=0.00, real=0.00 secs] 
199.533: Total time for which application threads were stopped: 0.0727290 seconds, Stopping threads took: 0.0679330 seconds
199.612: Application time: 0.0793340 seconds
199.619: [GC199.619: [ParNew: 7146K->14K(8128K), 0.0006080 secs] 9938K->2806K(26052K), 0.0006390 secs] [Times: user=0.00 sys=0.00, real=0.00 secs] 
199.619: Total time for which application threads were stopped: 0.0072590 seconds, Stopping threads took: 0.0065450 seconds
199.620: Application time: 0.0008830 seconds
199.620: [GC199.621: [ParNew: 7160K->895K(8128K), 0.0022100 secs] 9952K->9938K(26052K), 0.0022410 secs] [Times: user=0.02 sys=0.00, real=0.00 secs] 
199.623: Total time for which application threads were stopped: 0.0025310 seconds, Stopping threads took: 0.0002130 seconds
199.704: Application time: 0.0815640 seconds
199.768: [GC199.768: [ParNew: 8040K->795K(8128K), 0.0006520 secs] 17083K->10448K(26052K), 0.0006850 secs] [Times: user=0.01 sys=0.00, real=0.00 secs] 
199.769: Total time for which application threads were stopped: 0.0647010 seconds, Stopping threads took: 0.0639620 seconds
199.770: Application time: 0.0010130 seconds
199.812: [GC199.812: [ParNew: 7941K->795K(8128K), 0.0018140 secs] 17594K->14956K(26052K), 0.0018480 secs] [Times: user=0.02 sys=0.00, real=0.00 secs] 
199.814: Total time for which application threads were stopped: 0.0440470 seconds, Stopping threads took: 0.0421120 seconds
199.901: Application time: 0.0871960 seconds
199.955: [GC199.955: [ParNew: 7843K->7843K(8128K), 0.0000090 secs]199.955: [Tenured: 14161K->2890K(17924K), 0.0054100 secs] 22005K->2890K(26052K), [Perm : 5142K->5142K(21248K)], 0.0054660 secs] [Times: user=0.01 sys=0.00, real=0.01 secs] 
199.960: Total time for which application threads were stopped: 0.0588870 seconds, Stopping threads took: 0.0533310 seconds
200.039: Application time: 0.0790270 seconds
200.043: [GC200.043: [ParNew: 7126K->44K(8128K), 0.0005100 secs] 10017K->2934K(26052K), 0.0005390 secs] [Times: user=0.00 sys=0.00, real=0.00 secs] 
200.044: Total time for which application threads were stopped: 0.0045750 seconds, Stopping threads took: 0.0039630 seconds
200.045: Application time: 0.0007840 seconds
200.045: [GC200.045: [ParNew: 7268K->895K(8128K), 0.0020310 secs] 10159K->10092K(26052K), 0.0020640 secs] [Times: user=0.01 sys=0.00, real=0.01 secs] 
200.047: Total time for which application threads were stopped: 0.0023430 seconds, Stopping threads took: 0.0002020 seconds
200.129: Application time: 0.0821140 seconds
200.195: [GC200.195: [ParNew: 8040K->795K(8128K), 0.0005630 secs] 17238K->10634K(26052K), 0.0005970 secs] [Times: user=0.00 sys=0.00, real=0.00 secs] 
200.196: Total time for which application threads were stopped: 0.0667560 seconds, Stopping threads took: 0.0661000 seconds
200.197: Application time: 0.0013030 seconds
200.273: [GC200.273: [ParNew: 7941K->891K(8128K), 0.0009090 secs] 17780K->11918K(26052K), 0.0009400 secs] [Times: user=0.00 sys=0.00, real=0.00 secs] 
200.274: Total time for which application threads were stopped: 0.0763940 seconds, Stopping threads took: 0.0753990 seconds
200.361: Application time: 0.0873010 seconds
200.374: [GC200.374: [ParNew: 7920K->432K(8128K), 0.0003160 secs] 18947K->11467K(26052K), 0.0003450 secs] [Times: user=0.00 sys=0.00, real=0.00 secs] 
200.375: Total time for which application threads were stopped: 0.0139340 seconds, Stopping threads took: 0.0135310 seconds
200.376: Application time: 0.0008930 seconds
200.416: [GC200.416: [ParNew: 7578K->825K(8128K), 0.0019730 secs] 18614K->17525K(26052K), 0.0020120 secs] [Times: user=0.01 sys=0.00, real=0.01 secs] 
200.418: Total time for which application threads were stopped: 0.0427070 seconds, Stopping threads took: 0.0406380 seconds
200.506: Application time: 0.0880410 seconds
200.575: [GC200.575: [ParNew: 7678K->7678K(8128K), 0.0000100 secs]200.575: [Tenured: 16699K->1804K(17924K), 0.0047790 secs] 24377K->1804K(26052K), [Perm : 5142K->5142K(21248K)], 0.0048340 secs] [Times: user=0.01 sys=0.00, real=0.01 secs] 
200.580: Total time for which application threads were stopped: 0.0739350 seconds, Stopping threads took: 0.0690280 seconds
200.581: Application time: 0.0010460 seconds
200.622: [GC200.622: [ParNew: 7146K->895K(8128K), 0.0016830 secs] 8950K->7191K(26052K), 0.0017210 secs] [Times: user=0.01 sys=0.00, real=0.00 secs] 
200.624: Total time for which application threads were stopped: 0.0426520 seconds, Stopping threads took: 0.0408500 seconds
200.703: Application time: 0.0789450 seconds
200.745: [GC200.745: [ParNew: 8041K->795K(8128K), 0.0008390 secs] 14337K->8092K(26052K), 0.0008740 secs] [Times: user=0.00 sys=0.00, real=0.01 secs] 
200.746: Total time for which application threads were stopped: 0.0428150 seconds, Stopping threads took: 0.0418740 seconds
200.832: Application time: 0.0859120 seconds
200.842: [GC200.842: [ParNew: 7922K->237K(8128K), 0.0003240 secs] 15219K->7550K(26052K), 0.0003540 secs] [Times: user=0.00 sys=0.00, real=0.00 secs] 
200.842: Total time for which application threads were stopped: 0.0102990 seconds, Stopping threads took: 0.0098930 seconds
200.843: Application time: 0.0008020 seconds
200.883: [GC200.883: [ParNew: 7383K->895K(8128K), 0.0018710 secs] 14697K->13608K(26052K), 0.0019080 secs] [Times: user=0.02 sys=0.00, real=0.00 secs] 
200.885: Total time for which application threads were stopped: 0.0423560 seconds, Stopping threads took: 0.0403910 seconds
200.965: Application time: 0.0800380 seconds
201.033: [GC201.033: [ParNew: 8021K->8021K(8128K), 0.0000140 secs]201.033: [Tenured: 12712K->2252K(17924K), 0.0052790 secs] 20734K->2252K(26052K), [Perm : 5142K->5142K(21248K)], 0.0053510 secs] [Times: user=0.01 sys=0.00, real=0.01 secs] 
201.038: Total time for which application threads were stopped: 0.0729290 seconds, Stopping threads took: 0.0674950 seconds
201.039: Application time: 0.0012170 seconds
201.086: [GC201.086: [ParNew: 7146K->893K(8128K), 0.0021850 secs] 9399K->8712K(26052K), 0.0022230 secs] [Times: user=0.01 sys=0.00, real=0.00 secs] 
201.088: Total time for which application threads were stopped: 0.0487860 seconds, Stopping threads took: 0.0464900 seconds
201.170: Application time: 0.0820420 seconds
201.238: [GC201.238: [ParNew: 8097K->658K(8128K), 0.0006080 secs] 15917K->8493K(26052K), 0.0006390 secs] [Times: user=0.01 sys=0.00, real=0.00 secs] 
201.239: Total time for which application threads were stopped: 0.0686140 seconds, Stopping threads took: 0.0679100 seconds
201.240: Application time: 0.0009910 seconds
201.281: [GC201.281: [ParNew: 7804K->895K(8128K), 0.0019920 secs] 15639K->13522K(26052K), 0.0020290 secs] [Times: user=0.02 sys=0.00, real=0.00 secs] 
201.283: Total time for which application threads were stopped: 0.0429220 seconds, Stopping threads took: 0.0408140 seconds
201.379: Application time: 0.0961720 seconds
201.419: [GC201.419: [ParNew: 8021K->8021K(8128K), 0.0000100 secs]201.419: [Tenured: 12627K->3183K(17924K), 0.0054690 secs] 20649K->3183K(26052K), [Perm : 5142K->5142K(21248K)], 0.0055280 secs] [Times: user=0.00 sys=0.00, real=0.00 secs] 
201.425: Total time for which application threads were stopped: 0.0460680 seconds, Stopping threads took: 0.0404790 seconds
201.504: Application time: 0.0787560 seconds
201.507: [GC201.507: [ParNew: 7146K->406K(8128K), 0.0003900 secs] 10329K->3590K(26052K), 0.0004210 secs] [Times: user=0.00 sys=0.00, real=0.00 secs] 
201.507: Total time for which application threads were stopped: 0.0034310 seconds, Stopping threads took: 0.0029560 seconds
201.508: Application time: 0.0007900 seconds
201.547: [GC201.547: [ParNew: 7552K->795K(8128K), 0.0019050 secs] 10736K->9643K(26052K), 0.0019350 secs] [Times: user=0.02 sys=0.00, real=0.00 secs] 
201.549: Total time for which application threads were stopped: 0.0410690 seconds, Stopping threads took: 0.0390780 seconds
201.628: Application time: 0.0794380 seconds
201.698: [GC201.698: [ParNew: 7648K->404K(8128K), 0.0006610 secs] 16496K->9284K(26052K), 0.0006930 secs] [Times: user=0.00 sys=0.00, real=0.00 secs] 
201.699: Total time for which application threads were stopped: 0.0705410 seconds, Stopping threads took: 0.0697660 seconds
201.700: Application time: 0.0008470 seconds
201.700: [GC201.700: [ParNew: 7629K->895K(8128K), 0.0023040 secs] 16509K->16444K(26052K), 0.0023410 secs] [Times: user=0.02 sys=0.00, real=0.00 secs] 
201.702: Total time for which application threads were stopped: 0.0025630 seconds, Stopping threads took: 0.0001670 seconds
201.794: Application time: 0.0918570 seconds
201.866: [GC201.867: [ParNew: 8021K->8021K(8128K), 0.0000090 secs]201.867: [Tenured: 15549K->1971K(17924K), 0.0051050 secs] 23570K->1971K(26052K), [Perm : 5142K->5142K(21248K)], 0.0051610 secs] [Times: user=0.01 sys=0.00, real=0.00 secs] 
201.872: Total time for which application threads were stopped: 0.0773850 seconds, Stopping threads took: 0.0721630 seconds
201.873: Application time: 0.0013630 seconds
201.914: [GC201.914: [ParNew: 7146K->895K(8128K), 0.0019200 secs] 9117K->7554K(26052K), 0.0019530 secs] [Times: user=0.01 sys=0.00, real=0.00 secs] 
201.916: Total time for which application threads were stopped: 0.0425230 seconds, Stopping threads took: 0.0404900 seconds
201.995: Application time: 0.0793930 seconds
202.037: [GC202.037: [ParNew: 7943K->793K(8128K), 0.0003760 secs] 14602K->7476K(26052K), 0.0004090 secs] [Times: user=0.00 sys=0.00, real=0.00 secs] 
202.037: Total time for which application threads were stopped: 0.0424000 seconds, Stopping threads took: 0.0419350 seconds
202.038: Application time: 0.0010610 seconds
202.079: [GC202.079: [ParNew: 8017K->895K(8128K), 0.0019940 secs] 14701K->12497K(26052K), 0.0020390 secs] [Times: user=0.02 sys=0.00, real=0.00 secs] 
202.081: Total time for which application threads were stopped: 0.0430580 seconds, Stopping threads took: 0.0409400 seconds
202.162: Application time: 0.0804100 seconds
202.229: [GC202.229: [ParNew: 8041K->8041K(8128K), 0.0000110 secs]202.229: [Tenured: 11602K->2000K(17924K), 0.0050950 secs] 19643K->2000K(26052K), [Perm : 5142K->5142K(21248K)], 0.0051480 secs] [Times: user=0.00 sys=0.00, real=0.00 secs] 
202.235: Total time for which application threads were stopped: 0.0726770 seconds, Stopping threads took: 0.0674400 seconds
202.236: Application time: 0.0010630 seconds
202.236: [GC202.236: [ParNew: 7146K->895K(8128K), 0.0022690 secs] 9147K->9146K(26052K), 0.0023120 secs] [Times: user=0.01 sys=0.00, real=0.01 secs] 
202.238: Total time for which application threads were stopped: 0.0026610 seconds, Stopping threads took: 0.0002690 seconds
202.321: Application time: 0.0826240 seconds
202.391: [GC202.391: [ParNew: 8021K->237K(8128K), 0.0002670 secs] 16272K->8504K(26052K), 0.0003010 secs] [Times: user=0.00 sys=0.00, real=0.00 secs] 
202.392: Total time for which application threads were stopped: 0.0708610 seconds, Stopping threads took: 0.0705010 seconds
202.393: Application time: 0.0008960 seconds
202.447: [GC202.447: [ParNew: 7381K->895K(8128K), 0.0017760 secs] 15648K->13487K(26052K), 0.0018100 secs] [Times: user=0.01 sys=0.00, real=0.00 secs] 
202.449: Total time for which application threads were stopped: 0.0564090 seconds, Stopping threads took: 0.0545210 seconds
202.530: Application time: 0.0806700 seconds
202.572: [GC202.572: [ParNew: 8041K->8041K(8128K), 0.0000100 secs]202.572: [Tenured: 12592K->3592K(17924K), 0.0049050 secs] 20633K->3592K(26052K), [Perm : 5142K->5142K(21248K)], 0.0049630 secs] [Times: user=0.00 sys=0.00, real=0.00 secs] 
202.577: Total time for which application threads were stopped: 0.0469300 seconds, Stopping threads took: 0.0418860 seconds
202.667: Application time: 0.0898230 seconds
202.676: [GC202.676: [ParNew: 7126K->44K(8128K), 0.0004770 secs] 10719K->3636K(26052K), 0.0005050 secs] [Times: user=0.01 sys=0.00, real=0.00 secs] 
202.676: Total time for which application threads were stopped: 0.0095140 seconds, Stopping threads took: 0.0089330 seconds
202.677: Application time: 0.0008220 seconds
202.677: [GC202.677: [ParNew: 7190K->895K(8128K), 0.0022310 secs] 10783K->10766K(26052K), 0.0022660 secs] [Times: user=0.02 sys=0.00, real=0.01 secs] 
202.679: Total time for which application threads were stopped: 0.0024420 seconds, Stopping threads took: 0.0001200 seconds
202.761: Application time: 0.0812560 seconds
202.828: [GC202.828: [ParNew: 7845K->797K(8128K), 0.0004670 secs] 17716K->11099K(26052K), 0.0004970 secs] [Times: user=0.00 sys=0.01, real=0.00 secs] 
202.828: Total time for which application threads were stopped: 0.0674830 seconds, Stopping threads took: 0.0669230 seconds
202.830: Application time: 0.0023860 seconds
202.904: [GC202.904: [ParNew: 8021K->825K(8128K), 0.0012930 secs] 18323K->13283K(26052K), 0.0013270 secs] [Times: user=0.01 sys=0.00, real=0.00 secs] 
202.905: Total time for which application threads were stopped: 0.0745170 seconds, Stopping threads took: 0.0731110 seconds
202.992: Application time: 0.0865720 seconds
203.043: [GC203.043: [ParNew: 8049K->8049K(8128K), 0.0000100 secs]203.043: [Tenured: 12458K->1719K(17924K), 0.0045870 secs] 20508K->1719K(26052K), [Perm : 5142K->5142K(21248K)], 0.0046430 secs] [Times: user=0.00 sys=0.00, real=0.01 secs] 
203.048: Total time for which application threads were stopped: 0.0561200 seconds, Stopping threads took: 0.0514150 seconds
203.049: Application time: 0.0010500 seconds
203.090: [GC203.090: [ParNew: 7146K->895K(8128K), 0.0021380 secs] 8865K->8181K(26052K), 0.0021750 secs] [Times: user=0.02 sys=0.00, real=0.00 secs] 
203.092: Total time for which application threads were stopped: 0.0430910 seconds, Stopping threads took: 0.0408460 seconds
203.175: Application time: 0.0833910 seconds
203.243: [GC203.243: [ParNew: 7943K->596K(8128K), 0.0006260 secs] 15229K->7898K(26052K), 0.0006630 secs] [Times: user=0.00 sys=0.00, real=0.00 secs] 
203.244: Total time for which application threads were stopped: 0.0683130 seconds, Stopping threads took: 0.0675740 seconds
203.244: Application time: 0.0008520 seconds
203.285: [GC203.285: [ParNew: 7820K->895K(8128K), 0.0020490 secs] 15122K->14003K(26052K), 0.0020870 secs] [Times: user=0.01 sys=0.00, real=0.01 secs] 
203.287: Total time for which application threads were stopped: 0.0427760 seconds, Stopping threads took: 0.0406210 seconds
203.371: Application time: 0.0836150 seconds
203.444: [GC203.444: [ParNew: 7943K->7943K(8128K), 0.0000100 secs]203.444: [Tenured: 13108K->2529K(17924K), 0.0059780 secs] 21051K->2529K(26052K), [Perm : 5142K->5142K(21248K)], 0.0060280 secs] [Times: user=0.01 sys=0.00, real=0.01 secs] 
203.450: Total time for which application threads were stopped: 0.0790400 seconds, Stopping threads took: 0.0729210 seconds
203.451: Application time: 0.0013050 seconds
203.492: [GC203.492: [ParNew: 7146K->895K(8128K), 0.0023700 secs] 9676K->9382K(26052K), 0.0024080 secs] [Times: user=0.02 sys=0.00, real=0.00 secs] 
203.494: Total time for which application threads were stopped: 0.0431920 seconds, Stopping threads took: 0.0407150 seconds
203.576: Application time: 0.0814630 seconds
203.644: [GC203.644: [ParNew: 7943K->791K(8128K), 0.0005620 secs] 16430K->9498K(26052K), 0.0005960 secs] [Times: user=0.01 sys=0.00, real=0.00 secs] 
203.644: Total time for which application threads were stopped: 0.0685850 seconds, Stopping threads took: 0.0679300 seconds
203.645: Application time: 0.0010820 seconds
203.686: [GC203.686: [ParNew: 8015K->895K(8128K), 0.0018450 secs] 16722K->14712K(26052K), 0.0018840 secs] [Times: user=0.01 sys=0.00, real=0.00 secs] 
203.688: Total time for which application threads were stopped: 0.0427560 seconds, Stopping threads took: 0.0407910 seconds
203.770: Application time: 0.0814800 seconds
203.824: [GC203.824: [ParNew: 8021K->8021K(8128K), 0.0000110 secs]203.824: [Tenured: 13817K->2977K(17924K), 0.0046070 secs] 21838K->2977K(26052K), [Perm : 5142K->5142K(21248K)], 0.0046650 secs] [Times: user=0.00 sys=0.00, real=0.01 secs] 
203.829: Total time for which application threads were stopped: 0.0589020 seconds, Stopping threads took: 0.0541760 seconds
203.830: Application time: 0.0012730 seconds
203.905: [GC203.905: [ParNew: 7224K->895K(8128K), 0.0015250 secs] 10201K->7025K(26052K), 0.0015620 secs] [Times: user=0.01 sys=0.00, real=0.01 secs] 
203.907: Total time for which application threads were stopped: 0.0770340 seconds, Stopping threads took: 0.0753920 seconds
203.996: Application time: 0.0890480 seconds
204.037: [GC204.037: [ParNew: 7748K->789K(8128K), 0.0008430 secs] 13879K->7350K(26052K), 0.0008750 secs] [Times: user=0.00 sys=0.00, real=0.01 secs] 
204.038: Total time for which application threads were stopped: 0.0417660 seconds, Stopping threads took: 0.0408060 seconds
204.039: Application time: 0.0009430 seconds
204.080: [GC204.080: [ParNew: 7935K->895K(8128K), 0.0017350 secs] 14496K->11664K(26052K), 0.0017720 secs] [Times: user=0.01 sys=0.00, real=0.00 secs] 
204.081: Total time for which application threads were stopped: 0.0427180 seconds, Stopping threads took: 0.0408660 seconds
204.161: Application time: 0.0797980 seconds
204.203: [GC204.203: [ParNew: 8021K->823K(8128K), 0.0007890 secs] 18790K->12194K(26052K), 0.0008190 secs] [Times: user=0.00 sys=0.00, real=0.00 secs] 
204.204: Total time for which application threads were stopped: 0.0424460 seconds, Stopping threads took: 0.0415510 seconds
204.205: Application time: 0.0012560 seconds
204.281: [GC204.281: [ParNew: 7969K->7969K(8128K), 0.0000090 secs]204.281: [Tenured: 11370K->4987K(17924K), 0.0057130 secs] 19340K->4987K(26052K), [Perm : 5142K->5142K(21248K)], 0.0057670 secs] [Times: user=0.00 sys=0.00, real=0.01 secs] 
204.287: Total time for which application threads were stopped: 0.0816270 seconds, Stopping threads took: 0.0757780 seconds
204.374: Application time: 0.0877260 seconds
204.380: [GC204.380: [ParNew: 6950K->895K(8128K), 0.0007880 secs] 11938K->6468K(26052K), 0.0008290 secs] [Times: user=0.01 sys=0.00, real=0.00 secs] 
204.380: Total time for which application threads were stopped: 0.0062430 seconds, Stopping threads took: 0.0053480 seconds
204.458: Application time: 0.0776620 seconds
204.462: [GC204.462: [ParNew: 8041K->10K(8128K), 0.0006970 secs] 13614K->5623K(26052K), 0.0007260 secs] [Times: user=0.01 sys=0.00, real=0.00 secs] 
204.463: Total time for which application threads were stopped: 0.0049220 seconds, Stopping threads took: 0.0041220 seconds
204.464: Application time: 0.0008070 seconds
204.464: [GC204.464: [ParNew: 7234K->895K(8128K), 0.0022780 secs] 12847K->12787K(26052K), 0.0023090 secs] [Times: user=0.02 sys=0.00, real=0.01 secs] 
204.466: Total time for which application threads were stopped: 0.0024940 seconds, Stopping threads took: 0.0001090 seconds
204.548: Application time: 0.0815150 seconds
204.615: [GC204.615: [ParNew: 7845K->7845K(8128K), 0.0000090 secs]204.615: [Tenured: 11891K->2500K(17924K), 0.0047210 secs] 19737K->2500K(26052K), [Perm : 5142K->5142K(21248K)], 0.0047780 secs] [Times: user=0.01 sys=0.00, real=0.01 secs] 
204.620: Total time for which application threads were stopped: 0.0723770 seconds, Stopping threads took: 0.0675180 seconds
204.621: Application time: 0.0011850 seconds
204.688: [GC204.688: [ParNew: 7146K->797K(8128K), 0.0016750 secs] 9647K->7595K(26052K), 0.0017160 secs] [Times: user=0.01 sys=0.00, real=0.00 secs] 
204.690: Total time for which application threads were stopped: 0.0686460 seconds, Stopping threads took: 0.0668490 seconds
204.770: Application time: 0.0800730 seconds
204.823: [GC204.823: [ParNew: 7943K->402K(8128K), 0.0005780 secs] 14741K->7224K(26052K), 0.0006090 secs] [Times: user=0.00 sys=0.00, real=0.00 secs] 
204.823: Total time for which application threads were stopped: 0.0532090 seconds, Stopping threads took: 0.0525340 seconds
204.824: Application time: 0.0008730 seconds
204.865: [GC204.865: [ParNew: 7607K->895K(8128K), 0.0021940 secs] 14429K->13242K(26052K), 0.0022320 secs] [Times: user=0.02 sys=0.00, real=0.01 secs] 
204.867: Total time for which application threads were stopped: 0.0431700 seconds, Stopping threads took: 0.0408830 seconds
204.952: Application time: 0.0849180 seconds
205.003: [GC205.003: [ParNew: 8119K->8119K(8128K), 0.0000100 secs]205.003: [Tenured: 12347K->4148K(17924K), 0.0052410 secs] 20466K->4148K(26052K), [Perm : 5142K->5142K(21248K)], 0.0053010 secs] [Times: user=0.01 sys=0.00, real=0.01 secs] 
205.009: Total time for which application threads were stopped: 0.0563220 seconds, Stopping threads took: 0.0509480 seconds
205.087: Application time: 0.0780000 seconds
205.089: [GC205.089: [ParNew: 7048K->795K(8128K), 0.0004890 secs] 11197K->5334K(26052K), 0.0005200 secs] [Times: user=0.00 sys=0.00, real=0.00 secs] 
205.090: Total time for which application threads were stopped: 0.0030090 seconds, Stopping threads took: 0.0024020 seconds
205.091: Application time: 0.0010610 seconds
205.131: [GC205.131: [ParNew: 7941K->893K(8128K), 0.0018030 secs] 12480K->10730K(26052K), 0.0018390 secs] [Times: user=0.01 sys=0.00, real=0.00 secs] 
205.133: Total time for which application threads were stopped: 0.0420780 seconds, Stopping threads took: 0.0401450 seconds
205.214: Application time: 0.0816460 seconds
205.283: [GC205.283: [ParNew: 8039K->402K(8128K), 0.0003850 secs] 17876K->10255K(26052K), 0.0004170 secs] [Times: user=0.00 sys=0.00, real=0.00 secs] 
205.284: Total time for which application threads were stopped: 0.0690720 seconds, Stopping threads took: 0.0685800 seconds
205.284: Application time: 0.0008950 seconds
205.325: [GC205.325: [ParNew: 7548K->895K(8128K), 0.0021210 secs] 17401K->16314K(26052K), 0.0021570 secs] [Times: user=0.02 sys=0.00, real=0.01 secs] 
205.327: Total time for which application threads were stopped: 0.0425530 seconds, Stopping threads took: 0.0403390 seconds
205.408: Application time: 0.0809540 seconds
205.457: [GC205.457: [ParNew: 8119K->8119K(8128K), 0.0000110 secs]205.457: [Tenured: 15419K->4275K(17924K), 0.0056850 secs] 23538K->4275K(26052K), [Perm : 5142K->5142K(21248K)], 0.0057510 secs] [Times: user=0.01 sys=0.00, real=0.01 secs] 
205.463: Total time for which application threads were stopped: 0.0549320 seconds, Stopping threads took: 0.0490980 seconds
205.553: Application time: 0.0896310 seconds
205.593: [GC205.593: [ParNew: 7126K->239K(8128K), 0.0002830 secs] 11402K->4515K(26052K), 0.0003120 secs] [Times: user=0.00 sys=0.00, real=0.00 secs] 
205.593: Total time for which application threads were stopped: 0.0404840 seconds, Stopping threads took: 0.0400950 seconds
205.598: Application time: 0.0053930 seconds
205.671: [GC205.671: [ParNew: 7366K->851K(8128K), 0.0006230 secs] 11641K->5127K(26052K), 0.0006540 secs] [Times: user=0.00 sys=0.00, real=0.00 secs] 
205.672: Total time for which application threads were stopped: 0.0732870 seconds, Stopping threads took: 0.0725440 seconds
205.673: Application time: 0.0009650 seconds
205.713: [GC205.713: [ParNew: 7997K->893K(8128K), 0.0022370 secs] 12273K->11222K(26052K), 0.0022740 secs] [Times: user=0.01 sys=0.00, real=0.00 secs] 
205.715: Total time for which application threads were stopped: 0.0427600 seconds, Stopping threads took: 0.0404080 seconds
205.797: Application time: 0.0816470 seconds
205.868: [GC205.868: [ParNew: 8038K->14K(8128K), 0.0003440 secs] 18368K->10351K(26052K), 0.0003770 secs] [Times: user=0.00 sys=0.00, real=0.00 secs] 
205.868: Total time for which application threads were stopped: 0.0708420 seconds, Stopping threads took: 0.0704100 seconds
205.869: Application time: 0.0007360 seconds
205.869: [GC205.869: [ParNew: 7160K->895K(8128K), 0.0020120 secs] 17497K->17482K(26052K), 0.0020470 secs] [Times: user=0.01 sys=0.00, real=0.00 secs] 
205.871: Total time for which application threads were stopped: 0.0023380 seconds, Stopping threads took: 0.0002360 seconds
205.965: Application time: 0.0935510 seconds
206.037: [GC206.037: [ParNew: 7943K->7943K(8128K), 0.0000120 secs]206.037: [Tenured: 16587K->1696K(17924K), 0.0045260 secs] 24530K->1696K(26052K), [Perm : 5142K->5142K(21248K)], 0.0045910 secs] [Times: user=0.00 sys=0.00, real=0.01 secs] 
206.041: Total time for which application threads were stopped: 0.0765870 seconds, Stopping threads took: 0.0719350 seconds
206.042: Application time: 0.0010640 seconds
206.083: [GC206.083: [ParNew: 7224K->893K(8128K), 0.0019290 secs] 8920K->7989K(26052K), 0.0019650 secs] [Times: user=0.01 sys=0.00, real=0.00 secs] 
206.085: Total time for which application threads were stopped: 0.0426320 seconds, Stopping threads took: 0.0406070 seconds
206.167: Application time: 0.0819360 seconds
206.235: [GC206.235: [ParNew: 7941K->402K(8128K), 0.0006400 secs] 15037K->7554K(26052K), 0.0006700 secs] [Times: user=0.00 sys=0.00, real=0.00 secs] 
206.235: Total time for which application threads were stopped: 0.0684690 seconds, Stopping threads took: 0.0677270 seconds
206.236: Application time: 0.0009300 seconds
206.277: [GC206.277: [ParNew: 7627K->895K(8128K), 0.0021650 secs] 14779K->13641K(26052K), 0.0022000 secs] [Times: user=0.01 sys=0.00, real=0.01 secs] 
206.279: Total time for which application threads were stopped: 0.0430690 seconds, Stopping threads took: 0.0408120 seconds
206.361: Application time: 0.0813520 seconds
206.427: [GC206.427: [ParNew: 7943K->7943K(8128K), 0.0000090 secs]206.427: [Tenured: 12746K->1915K(17924K), 0.0044980 secs] 20690K->1915K(26052K), [Perm : 5142K->5142K(21248K)], 0.0045540 secs] [Times: user=0.00 sys=0.00, real=0.00 secs] 
206.432: Total time for which application threads were stopped: 0.0713610 seconds, Stopping threads took: 0.0667360 seconds
206.433: Application time: 0.0011160 seconds
206.481: [GC206.481: [ParNew: 7204K->895K(8128K), 0.0016570 secs] 9120K->6382K(26052K), 0.0016940 secs] [Times: user=0.01 sys=0.00, real=0.00 secs] 
206.483: Total time for which application threads were stopped: 0.0497650 seconds, Stopping threads took: 0.0479920 seconds
206.562: Application time: 0.0790810 seconds
206.604: [GC206.604: [ParNew: 8041K->791K(8128K), 0.0003980 secs] 13528K->6342K(26052K), 0.0004350 secs] [Times: user=0.00 sys=0.00, real=0.00 secs] 
206.605: Total time for which application threads were stopped: 0.0427050 seconds, Stopping threads took: 0.0421940 seconds
206.606: Application time: 0.0009810 seconds
206.646: [GC206.646: [ParNew: 7937K->795K(8128K), 0.0022860 secs] 13489K->12410K(26052K), 0.0023180 secs] [Times: user=0.01 sys=0.00, real=0.00 secs] 
206.648: Total time for which application threads were stopped: 0.0425410 seconds, Stopping threads took: 0.0401690 seconds
206.730: Application time: 0.0815850 seconds
206.800: [GC206.800: [ParNew: 7941K->7941K(8128K), 0.0000110 secs]206.800: [Tenured: 11614K->1973K(17924K), 0.0057950 secs] 19555K->1973K(26052K), [Perm : 5142K->5142K(21248K)], 0.0058480 secs] [Times: user=0.00 sys=0.00, real=0.01 secs] 
206.806: Total time for which application threads were stopped: 0.0761150 seconds, Stopping threads took: 0.0701760 seconds
206.807: Application time: 0.0011860 seconds
206.807: [GC206.807: [ParNew: 7146K->893K(8128K), 0.0022800 secs] 9119K->9117K(26052K), 0.0023140 secs] [Times: user=0.01 sys=0.00, real=0.00 secs] 
206.810: Total time for which application threads were stopped: 0.0026650 seconds, Stopping threads took: 0.0002740 seconds
206.891: Application time: 0.0816710 seconds
206.963: [GC206.963: [ParNew: 7941K->207K(8128K), 0.0006220 secs] 16165K->8447K(26052K), 0.0006550 secs] [Times: user=0.00 sys=0.00, real=0.00 secs] 
206.964: Total time for which application threads were stopped: 0.0721230 seconds, Stopping threads took: 0.0713930 seconds
206.964: Application time: 0.0009430 seconds
207.005: [GC207.005: [ParNew: 7412K->895K(8128K), 0.0020420 secs] 15652K->14464K(26052K), 0.0020770 secs] [Times: user=0.02 sys=0.00, real=0.01 secs] 
207.007: Total time for which application threads were stopped: 0.0421210 seconds, Stopping threads took: 0.0399650 seconds
207.090: Application time: 0.0831230 seconds
207.131: [GC207.131: [ParNew: 8040K->8040K(8128K), 0.0000100 secs]207.131: [Tenured: 13569K->3495K(17924K), 0.0057320 secs] 21610K->3495K(26052K), [Perm : 5142K->5142K(21248K)], 0.0057870 secs] [Times: user=0.00 sys=0.00, real=0.00 secs] 
207.137: Total time for which application threads were stopped: 0.0472040 seconds, Stopping threads took: 0.0413340 seconds
207.215: Application time: 0.0779010 seconds
207.220: [GC207.220: [ParNew: 7146K->12K(8128K), 0.0004360 secs] 10641K->3507K(26052K), 0.0004660 secs] [Times: user=0.00 sys=0.00, real=0.00 secs] 
207.220: Total time for which application threads were stopped: 0.0053950 seconds, Stopping threads took: 0.0048570 seconds
207.221: Application time: 0.0007530 seconds
207.221: [GC207.221: [ParNew: 7158K->895K(8128K), 0.0019700 secs] 10653K->10641K(26052K), 0.0020020 secs] [Times: user=0.02 sys=0.00, real=0.00 secs] 
207.223: Total time for which application threads were stopped: 0.0023250 seconds, Stopping threads took: 0.0002460 seconds
207.305: Application time: 0.0820370 seconds
207.372: [GC207.372: [ParNew: 8021K->727K(8128K), 0.0006990 secs] 17767K->11083K(26052K), 0.0007310 secs] [Times: user=0.01 sys=0.00, real=0.00 secs] 
207.373: Total time for which application threads were stopped: 0.0676330 seconds, Stopping threads took: 0.0668170 seconds
207.374: Application time: 0.0010660 seconds
207.446: [GC207.446: [ParNew: 7873K->893K(8128K), 0.0016650 secs] 18229K->15610K(26052K), 0.0017030 secs] [Times: user=0.01 sys=0.00, real=0.00 secs] 
207.448: Total time for which application threads were stopped: 0.0739450 seconds, Stopping threads took: 0.0721820 seconds
207.533: Application time: 0.0852780 seconds
207.585: [GC207.585: [ParNew: 8019K->8019K(8128K), 0.0000100 secs]207.585: [Tenured: 14717K->3552K(17924K), 0.0054100 secs] 22736K->3552K(26052K), [Perm : 5142K->5142K(21248K)], 0.0054690 secs] [Times: user=0.00 sys=0.00, real=0.01 secs] 
207.591: Total time for which application threads were stopped: 0.0576250 seconds, Stopping threads took: 0.0520720 seconds
207.669: Application time: 0.0784600 seconds
207.673: [GC207.673: [ParNew: 7146K->14K(8128K), 0.0002900 secs] 10698K->3566K(26052K), 0.0003290 secs] [Times: user=0.00 sys=0.01, real=0.00 secs] 
207.674: Total time for which application threads were stopped: 0.0043800 seconds, Stopping threads took: 0.0039770 seconds
207.674: Application time: 0.0007140 seconds
207.675: [GC207.675: [ParNew: 7160K->895K(8128K), 0.0020210 secs] 10712K->10697K(26052K), 0.0020520 secs] [Times: user=0.02 sys=0.00, real=0.00 secs] 
207.677: Total time for which application threads were stopped: 0.0023700 seconds, Stopping threads took: 0.0002430 seconds
207.759: Application time: 0.0820090 seconds
207.830: [GC207.830: [ParNew: 7943K->205K(8128K), 0.0002940 secs] 17745K->10032K(26052K), 0.0003250 secs] [Times: user=0.00 sys=0.00, real=0.00 secs] 
207.830: Total time for which application threads were stopped: 0.0715000 seconds, Stopping threads took: 0.0711200 seconds
207.831: Application time: 0.0008060 seconds
207.872: [GC207.872: [ParNew: 7429K->895K(8128K), 0.0019300 secs] 17256K->16121K(26052K), 0.0019670 secs] [Times: user=0.01 sys=0.00, real=0.00 secs] 
207.874: Total time for which application threads were stopped: 0.0426460 seconds, Stopping threads took: 0.0406230 seconds
207.961: Application time: 0.0871970 seconds
208.014: [GC208.014: [ParNew: 8119K->8119K(8128K), 0.0000110 secs]208.014: [Tenured: 15226K->2892K(17924K), 0.0046640 secs] 23345K->2892K(26052K), [Perm : 5142K->5142K(21248K)], 0.0047210 secs] [Times: user=0.00 sys=0.00, real=0.01 secs] 
208.018: Total time for which application threads were stopped: 0.0574330 seconds, Stopping threads took: 0.0526400 seconds
208.104: Application time: 0.0860330 seconds
208.115: [GC208.115: [ParNew: 7048K->12K(8128K), 0.0002490 secs] 9941K->2904K(26052K), 0.0002800 secs] [Times: user=0.00 sys=0.00, real=0.00 secs] 
208.115: Total time for which application threads were stopped: 0.0103440 seconds, Stopping threads took: 0.0099910 seconds
208.116: Application time: 0.0007730 seconds
208.116: [GC208.116: [ParNew: 7217K->895K(8128K), 0.0024110 secs] 10109K->9996K(26052K), 0.0024450 secs] [Times: user=0.01 sys=0.00, real=0.01 secs] 
208.118: Total time for which application threads were stopped: 0.0028010 seconds, Stopping threads took: 0.0002820 seconds
208.201: Application time: 0.0830280 seconds
208.269: [GC208.269: [ParNew: 8040K->205K(8128K), 0.0002920 secs] 17142K->9362K(26052K), 0.0003220 secs] [Times: user=0.00 sys=0.00, real=0.00 secs] 
208.270: Total time for which application threads were stopped: 0.0682740 seconds, Stopping threads took: 0.0678760 seconds
208.270: Application time: 0.0007660 seconds
208.271: [GC208.271: [ParNew: 7351K->895K(8128K), 0.0021040 secs] 16509K->16498K(26052K), 0.0021370 secs] [Times: user=0.02 sys=0.00, real=0.00 secs] 
208.273: Total time for which application threads were stopped: 0.0025340 seconds, Stopping threads took: 0.0003210 seconds
208.362: Application time: 0.0892620 seconds
208.435: [GC208.435: [ParNew: 7943K->7943K(8128K), 0.0000100 secs]208.435: [Tenured: 15603K->1778K(17924K), 0.0048290 secs] 23546K->1778K(26052K), [Perm : 5142K->5142K(21248K)], 0.0048850 secs] [Times: user=0.01 sys=0.00, real=0.01 secs] 
208.440: Total time for which application threads were stopped: 0.0778330 seconds, Stopping threads took: 0.0728650 seconds
208.441: Application time: 0.0011120 seconds
208.483: [GC208.483: [ParNew: 7048K->895K(8128K), 0.0021550 secs] 8826K->8142K(26052K), 0.0021920 secs] [Times: user=0.02 sys=0.00, real=0.00 secs] 
208.485: Total time for which application threads were stopped: 0.0440630 seconds, Stopping threads took: 0.0417920 seconds
208.576: Application time: 0.0902820 seconds
208.649: [GC208.649: [ParNew: 7845K->887K(8128K), 0.0008390 secs] 15093K->8744K(26052K), 0.0008690 secs] [Times: user=0.00 sys=0.00, real=0.00 secs] 
208.650: Total time for which application threads were stopped: 0.0746290 seconds, Stopping threads took: 0.0736770 seconds
208.729: Application time: 0.0783370 seconds
208.731: [GC208.731: [ParNew: 8111K->42K(8128K), 0.0002550 secs] 15968K->7907K(26052K), 0.0002920 secs] [Times: user=0.00 sys=0.00, real=0.00 secs] 
208.731: Total time for which application threads were stopped: 0.0023690 seconds, Stopping threads took: 0.0020030 seconds
208.732: Application time: 0.0008940 seconds
208.732: [GC208.732: [ParNew: 7266K->895K(8128K), 0.0021050 secs] 15132K->15067K(26052K), 0.0021360 secs] [Times: user=0.02 sys=0.00, real=0.00 secs] 
208.734: Total time for which application threads were stopped: 0.0024610 seconds, Stopping threads took: 0.0002510 seconds
208.816: Application time: 0.0819760 seconds
208.889: [GC208.889: [ParNew: 7943K->7943K(8128K), 0.0000100 secs]208.889: [Tenured: 14171K->1639K(17924K), 0.0051140 secs] 22115K->1639K(26052K), [Perm : 5142K->5142K(21248K)], 0.0051680 secs] [Times: user=0.01 sys=0.00, real=0.00 secs] 
208.894: Total time for which application threads were stopped: 0.0776380 seconds, Stopping threads took: 0.0724110 seconds
208.895: Application time: 0.0012550 seconds
208.935: [GC208.935: [ParNew: 7146K->895K(8128K), 0.0019130 secs] 8786K->7906K(26052K), 0.0019460 secs] [Times: user=0.02 sys=0.00, real=0.00 secs] 
208.937: Total time for which application threads were stopped: 0.0421750 seconds, Stopping threads took: 0.0401720 seconds
209.018: Application time: 0.0808240 seconds
209.085: [GC209.085: [ParNew: 8021K->430K(8128K), 0.0005270 secs] 15032K->7474K(26052K), 0.0005590 secs] [Times: user=0.00 sys=0.00, real=0.00 secs] 
209.085: Total time for which application threads were stopped: 0.0672640 seconds, Stopping threads took: 0.0666390 seconds
209.086: Application time: 0.0008330 seconds
209.086: [GC209.086: [ParNew: 7576K->895K(8128K), 0.0021160 secs] 14620K->14607K(26052K), 0.0021500 secs] [Times: user=0.01 sys=0.00, real=0.00 secs] 
209.089: Total time for which application threads were stopped: 0.0023920 seconds, Stopping threads took: 0.0001650 seconds
209.169: Application time: 0.0807500 seconds
209.227: [GC209.227: [ParNew: 7747K->7747K(8128K), 0.0000090 secs]209.227: [Tenured: 13712K->3134K(17924K), 0.0046400 secs] 21460K->3134K(26052K), [Perm : 5142K->5142K(21248K)], 0.0046960 secs] [Times: user=0.01 sys=0.00, real=0.00 secs] 
209.231: Total time for which application threads were stopped: 0.0618720 seconds, Stopping threads took: 0.0570950 seconds
209.314: Application time: 0.0828320 seconds
209.318: [GC209.318: [ParNew: 7224K->44K(8128K), 0.0002770 secs] 10358K->3178K(26052K), 0.0003070 secs] [Times: user=0.00 sys=0.00, real=0.00 secs] 
209.318: Total time for which application threads were stopped: 0.0043800 seconds, Stopping threads took: 0.0040200 seconds
209.319: Application time: 0.0007810 seconds
209.373: [GC209.373: [ParNew: 7188K->895K(8128K), 0.0019030 secs] 10322K->9233K(26052K), 0.0019380 secs] [Times: user=0.01 sys=0.00, real=0.00 secs] 
209.375: Total time for which application threads were stopped: 0.0553720 seconds, Stopping threads took: 0.0533780 seconds
209.455: Application time: 0.0801340 seconds
209.524: [GC209.524: [ParNew: 8021K->237K(8128K), 0.0004390 secs] 16359K->8607K(26052K), 0.0004700 secs] [Times: user=0.00 sys=0.00, real=0.00 secs] 
209.524: Total time for which application threads were stopped: 0.0696010 seconds, Stopping threads took: 0.0690550 seconds
209.525: Application time: 0.0008260 seconds
209.566: [GC209.566: [ParNew: 7383K->895K(8128K), 0.0019160 secs] 15754K->14664K(26052K), 0.0019550 secs] [Times: user=0.01 sys=0.00, real=0.01 secs] 
209.568: Total time for which application threads were stopped: 0.0423540 seconds, Stopping threads took: 0.0403200 seconds
209.648: Application time: 0.0802940 seconds
209.716: [GC209.716: [ParNew: 8021K->8021K(8128K), 0.0000100 secs]209.716: [Tenured: 13769K->1721K(17924K), 0.0051050 secs] 21791K->1721K(26052K), [Perm : 5142K->5142K(21248K)], 0.0051620 secs] [Times: user=0.00 sys=0.00, real=0.01 secs] 
209.721: Total time for which application threads were stopped: 0.0732880 seconds, Stopping threads took: 0.0680650 seconds
209.722: Application time: 0.0011150 seconds
209.765: [GC209.765: [ParNew: 7146K->795K(8128K), 0.0019700 secs] 8867K->8181K(26052K), 0.0020180 secs] [Times: user=0.02 sys=0.00, real=0.01 secs] 
209.767: Total time for which application threads were stopped: 0.0444120 seconds, Stopping threads took: 0.0423270 seconds
209.847: Application time: 0.0800450 seconds
209.908: [GC209.908: [ParNew: 7648K->396K(8128K), 0.0006060 secs] 15034K->7806K(26052K), 0.0006360 secs] [Times: user=0.00 sys=0.00, real=0.00 secs] 
209.909: Total time for which application threads were stopped: 0.0621600 seconds, Stopping threads took: 0.0614490 seconds
209.910: Application time: 0.0008860 seconds
209.962: [GC209.962: [ParNew: 7621K->895K(8128K), 0.0021480 secs] 15030K->13899K(26052K), 0.0021840 secs] [Times: user=0.01 sys=0.00, real=0.00 secs] 
209.964: Total time for which application threads were stopped: 0.0544310 seconds, Stopping threads took: 0.0521690 seconds
210.047: Application time: 0.0831680 seconds
210.115: [GC210.115: [ParNew: 7826K->7826K(8128K), 0.0000100 secs]210.115: [Tenured: 13004K->2169K(17924K), 0.0047920 secs] 20830K->2169K(26052K), [Perm : 5142K->5142K(21248K)], 0.0048480 secs] [Times: user=0.00 sys=0.00, real=0.01 secs] 
210.120: Total time for which application threads were stopped: 0.0723660 seconds, Stopping threads took: 0.0674360 seconds
210.121: Application time: 0.0011040 seconds
210.167: [GC210.167: [ParNew: 7146K->895K(8128K), 0.0018080 secs] 9316K->7557K(26052K), 0.0018470 secs] [Times: user=0.01 sys=0.00, real=0.00 secs] 
210.168: Total time for which application threads were stopped: 0.0475600 seconds, Stopping threads took: 0.0456290 seconds
210.247: Application time: 0.0785540 seconds
210.289: [GC210.289: [ParNew: 7748K->891K(8128K), 0.0005740 secs] 14410K->8163K(26052K), 0.0006040 secs] [Times: user=0.00 sys=0.00, real=0.00 secs] 
210.290: Total time for which application threads were stopped: 0.0429140 seconds, Stopping threads took: 0.0422260 seconds
210.377: Application time: 0.0869920 seconds
210.385: [GC210.385: [ParNew: 8037K->12K(8128K), 0.0004710 secs] 15309K->7300K(26052K), 0.0005000 secs] [Times: user=0.00 sys=0.00, real=0.00 secs] 
210.385: Total time for which application threads were stopped: 0.0082140 seconds, Stopping threads took: 0.0076410 seconds
210.386: Application time: 0.0008340 seconds
210.386: [GC210.386: [ParNew: 7158K->895K(8128K), 0.0023250 secs] 14446K->14433K(26052K), 0.0023610 secs] [Times: user=0.01 sys=0.00, real=0.00 secs] 
210.389: Total time for which application threads were stopped: 0.0025680 seconds, Stopping threads took: 0.0001510 seconds
210.469: Application time: 0.0805650 seconds
210.534: [GC210.534: [ParNew: 8040K->8040K(8128K), 0.0000100 secs]210.534: [Tenured: 13538K->3538K(17924K), 0.0060700 secs] 21579K->3538K(26052K), [Perm : 5142K->5142K(21248K)], 0.0061250 secs] [Times: user=0.00 sys=0.00, real=0.01 secs] 
210.540: Total time for which application threads were stopped: 0.0711250 seconds, Stopping threads took: 0.0649180 seconds
210.542: Application time: 0.0014290 seconds
210.617: [GC210.617: [ParNew: 7204K->853K(8128K), 0.0015960 secs] 10743K->7712K(26052K), 0.0016350 secs] [Times: user=0.01 sys=0.00, real=0.01 secs] 
210.619: Total time for which application threads were stopped: 0.0771070 seconds, Stopping threads took: 0.0753920 seconds
210.696: Application time: 0.0775970 seconds
210.740: [GC210.740: [ParNew: 7902K->889K(8128K), 0.0007610 secs] 14760K->8445K(26052K), 0.0007930 secs] [Times: user=0.00 sys=0.00, real=0.00 secs] 
210.740: Total time for which application threads were stopped: 0.0440520 seconds, Stopping threads took: 0.0431810 seconds
210.824: Application time: 0.0839600 seconds
210.829: [GC210.829: [ParNew: 8035K->12K(8128K), 0.0003410 secs] 15591K->7576K(26052K), 0.0003700 secs] [Times: user=0.00 sys=0.00, real=0.00 secs] 
210.830: Total time for which application threads were stopped: 0.0052640 seconds, Stopping threads took: 0.0048360 seconds
210.830: Application time: 0.0006830 seconds
210.831: [GC210.831: [ParNew: 7158K->895K(8128K), 0.0021290 secs] 14722K->14710K(26052K), 0.0021630 secs] [Times: user=0.02 sys=0.00, real=0.00 secs] 
210.833: Total time for which application threads were stopped: 0.0024630 seconds, Stopping threads took: 0.0002460 seconds
210.913: Application time: 0.0807030 seconds
210.984: [GC210.984: [ParNew: 7943K->7943K(8128K), 0.0000100 secs]210.984: [Tenured: 13815K->2032K(17924K), 0.0050190 secs] 21758K->2032K(26052K), [Perm : 5142K->5142K(21248K)], 0.0050790 secs] [Times: user=0.01 sys=0.00, real=0.01 secs] 
210.989: Total time for which application threads were stopped: 0.0755190 seconds, Stopping threads took: 0.0703790 seconds
210.990: Application time: 0.0012380 seconds
210.991: [GC210.991: [ParNew: 7224K->895K(8128K), 0.0020240 secs] 9256K->9205K(26052K), 0.0020580 secs] [Times: user=0.01 sys=0.00, real=0.00 secs] 
210.993: Total time for which application threads were stopped: 0.0023980 seconds, Stopping threads took: 0.0002590 seconds
211.075: Application time: 0.0819420 seconds
211.146: [GC211.146: [ParNew: 8099K->460K(8128K), 0.0002940 secs] 16410K->8827K(26052K), 0.0015650 secs] [Times: user=0.00 sys=0.00, real=0.01 secs] 
211.147: Total time for which application threads were stopped: 0.0726610 seconds, Stopping threads took: 0.0710170 seconds
211.148: Application time: 0.0010110 seconds
211.200: [GC211.200: [ParNew: 7606K->895K(8128K), 0.0018060 secs] 15973K->13850K(26052K), 0.0018460 secs] [Times: user=0.01 sys=0.00, real=0.00 secs] 
211.202: Total time for which application threads were stopped: 0.0536340 seconds, Stopping threads took: 0.0517050 seconds
211.282: Application time: 0.0801220 seconds
211.323: [GC211.323: [ParNew: 7826K->7826K(8128K), 0.0000110 secs]211.323: [Tenured: 12955K->1722K(17924K), 0.0052200 secs] 20781K->1722K(26052K), [Perm : 5142K->5142K(21248K)], 0.0052770 secs] [Times: user=0.01 sys=0.00, real=0.01 secs] 
211.328: Total time for which application threads were stopped: 0.0462940 seconds, Stopping threads took: 0.0409340 seconds
211.329: Application time: 0.0010390 seconds
211.370: [GC211.370: [ParNew: 7146K->895K(8128K), 0.0021970 secs] 8868K->8183K(26052K), 0.0022320 secs] [Times: user=0.01 sys=0.00, real=0.00 secs] 
211.372: Total time for which application threads were stopped: 0.0427200 seconds, Stopping threads took: 0.0404190 seconds
211.453: Application time: 0.0810190 seconds
211.520: [GC211.520: [ParNew: 7747K->402K(8128K), 0.0005710 secs] 15036K->7715K(26052K), 0.0006020 secs] [Times: user=0.01 sys=0.00, real=0.00 secs] 
211.521: Total time for which application threads were stopped: 0.0677840 seconds, Stopping threads took: 0.0671060 seconds
211.522: Application time: 0.0008810 seconds
211.563: [GC211.563: [ParNew: 7625K->895K(8128K), 0.0018020 secs] 14937K->12728K(26052K), 0.0018370 secs] [Times: user=0.01 sys=0.00, real=0.00 secs] 
211.565: Total time for which application threads were stopped: 0.0428050 seconds, Stopping threads took: 0.0408900 seconds
211.644: Application time: 0.0794190 seconds
211.686: [GC211.686: [ParNew: 7748K->7748K(8128K), 0.0000100 secs]211.686: [Tenured: 11833K->1751K(17924K), 0.0044910 secs] 19581K->1751K(26052K), [Perm : 5142K->5142K(21248K)], 0.0045490 secs] [Times: user=0.00 sys=0.00, real=0.01 secs] 
211.690: Total time for which application threads were stopped: 0.0462130 seconds, Stopping threads took: 0.0416040 seconds
211.691: Application time: 0.0011190 seconds
211.743: [GC211.743: [ParNew: 7048K->795K(8128K), 0.0016410 secs] 8799K->7039K(26052K), 0.0016790 secs] [Times: user=0.01 sys=0.00, real=0.00 secs] 
211.745: Total time for which application threads were stopped: 0.0537080 seconds, Stopping threads took: 0.0519500 seconds
211.823: Application time: 0.0780740 seconds
211.866: [GC211.866: [ParNew: 7746K->398K(8128K), 0.0006860 secs] 13989K->6666K(26052K), 0.0007170 secs] [Times: user=0.00 sys=0.00, real=0.00 secs] 
211.866: Total time for which application threads were stopped: 0.0432960 seconds, Stopping threads took: 0.0425190 seconds
211.867: Application time: 0.0009340 seconds
211.908: [GC211.908: [ParNew: 7544K->797K(8128K), 0.0022670 secs] 13812K->12729K(26052K), 0.0023020 secs] [Times: user=0.02 sys=0.00, real=0.00 secs] 
211.910: Total time for which application threads were stopped: 0.0431210 seconds, Stopping threads took: 0.0407320 seconds
211.998: Application time: 0.0871410 seconds
212.065: [GC212.065: [ParNew: 8021K->8021K(8128K), 0.0000100 secs]212.065: [Tenured: 11932K->3538K(17924K), 0.0053510 secs] 19953K->3538K(26052K), [Perm : 5142K->5142K(21248K)], 0.0054160 secs] [Times: user=0.00 sys=0.00, real=0.01 secs] 
212.070: Total time for which application threads were stopped: 0.0725510 seconds, Stopping threads took: 0.0670530 seconds
212.159: Application time: 0.0887380 seconds
212.165: [GC212.165: [ParNew: 7126K->239K(8128K), 0.0004030 secs] 10664K->3777K(26052K), 0.0004320 secs] [Times: user=0.00 sys=0.00, real=0.00 secs] 
212.165: Total time for which application threads were stopped: 0.0065380 seconds, Stopping threads took: 0.0060300 seconds
212.166: Application time: 0.0008210 seconds
212.167: [GC212.167: [ParNew: 7463K->895K(8128K), 0.0022200 secs] 11002K->10935K(26052K), 0.0022600 secs] [Times: user=0.02 sys=0.00, real=0.00 secs] 
212.169: Total time for which application threads were stopped: 0.0025710 seconds, Stopping threads took: 0.0002330 seconds
212.251: Application time: 0.0816800 seconds
212.306: [GC212.306: [ParNew: 7943K->893K(8128K), 0.0006050 secs] 17983K->11567K(26052K), 0.0006340 secs] [Times: user=0.01 sys=0.00, real=0.00 secs] 
212.307: Total time for which application threads were stopped: 0.0562060 seconds, Stopping threads took: 0.0555130 seconds
212.384: Application time: 0.0771040 seconds
212.388: [GC212.388: [ParNew: 8039K->12K(8128K), 0.0003030 secs] 18713K->10702K(26052K), 0.0003300 secs] [Times: user=0.00 sys=0.00, real=0.00 secs] 
212.388: Total time for which application threads were stopped: 0.0043710 seconds, Stopping threads took: 0.0039910 seconds
212.389: Application time: 0.0007880 seconds
212.389: [GC212.389: [ParNew: 7158K->895K(8128K), 0.0017820 secs] 17848K->17835K(26052K), 0.0018110 secs] [Times: user=0.02 sys=0.00, real=0.00 secs] 
212.391: Total time for which application threads were stopped: 0.0019770 seconds, Stopping threads took: 0.0001140 seconds
212.480: Application time: 0.0886380 seconds
212.533: [GC212.533: [ParNew: 7845K->7845K(8128K), 0.0000100 secs]212.533: [Tenured: 16940K->4084K(17924K), 0.0048170 secs] 24786K->4084K(26052K), [Perm : 5142K->5142K(21248K)], 0.0048730 secs] [Times: user=0.00 sys=0.00, real=0.01 secs] 
212.538: Total time for which application threads were stopped: 0.0583200 seconds, Stopping threads took: 0.0533780 seconds
212.623: Application time: 0.0850770 seconds
212.625: [GC212.625: [ParNew: 7146K->797K(8128K), 0.0004980 secs] 11230K->4881K(26052K), 0.0005290 secs] [Times: user=0.00 sys=0.00, real=0.01 secs] 
212.626: Total time for which application threads were stopped: 0.0027490 seconds, Stopping threads took: 0.0021540 seconds
212.627: Application time: 0.0010540 seconds
212.667: [GC212.667: [ParNew: 8021K->895K(8128K), 0.0018400 secs] 12106K->9914K(26052K), 0.0018780 secs] [Times: user=0.01 sys=0.00, real=0.00 secs] 
212.669: Total time for which application threads were stopped: 0.0424190 seconds, Stopping threads took: 0.0404610 seconds
212.752: Application time: 0.0823330 seconds
212.819: [GC212.819: [ParNew: 8041K->14K(8128K), 0.0005350 secs] 17060K->9065K(26052K), 0.0005650 secs] [Times: user=0.00 sys=0.00, real=0.00 secs] 
212.819: Total time for which application threads were stopped: 0.0677220 seconds, Stopping threads took: 0.0670930 seconds
212.820: Application time: 0.0009020 seconds
212.820: [GC212.820: [ParNew: 7238K->895K(8128K), 0.0021310 secs] 16290K->16225K(26052K), 0.0021690 secs] [Times: user=0.01 sys=0.00, real=0.00 secs] 
212.823: Total time for which application threads were stopped: 0.0023870 seconds, Stopping threads took: 0.0001600 seconds
212.915: Application time: 0.0924250 seconds
212.989: [GC212.989: [ParNew: 8021K->8021K(8128K), 0.0000100 secs]212.989: [Tenured: 15329K->1527K(17924K), 0.0051470 secs] 23351K->1527K(26052K), [Perm : 5142K->5142K(21248K)], 0.0052010 secs] [Times: user=0.00 sys=0.00, real=0.00 secs] 
212.995: Total time for which application threads were stopped: 0.0795470 seconds, Stopping threads took: 0.0742870 seconds
212.996: Application time: 0.0012530 seconds
212.996: [GC212.996: [ParNew: 7146K->895K(8128K), 0.0021100 secs] 8673K->8672K(26052K), 0.0021490 secs] [Times: user=0.02 sys=0.00, real=0.01 secs] 
212.998: Total time for which application threads were stopped: 0.0023500 seconds, Stopping threads took: 0.0001480 seconds
213.079: Application time: 0.0812200 seconds
213.148: [GC213.148: [ParNew: 7806K->853K(8128K), 0.0005860 secs] 15584K->9037K(26052K), 0.0006180 secs] [Times: user=0.00 sys=0.00, real=0.00 secs] 
213.148: Total time for which application threads were stopped: 0.0689520 seconds, Stopping threads took: 0.0682670 seconds
213.149: Application time: 0.0010160 seconds
213.190: [GC213.190: [ParNew: 7999K->895K(8128K), 0.0019740 secs] 16183K->14445K(26052K), 0.0020140 secs] [Times: user=0.01 sys=0.00, real=0.00 secs] 
213.192: Total time for which application threads were stopped: 0.0424690 seconds, Stopping threads took: 0.0403950 seconds
213.274: Application time: 0.0821680 seconds
213.341: [GC213.341: [ParNew: 8041K->8041K(8128K), 0.0000110 secs]213.341: [Tenured: 13550K->1975K(17924K), 0.0046880 secs] 21591K->1975K(26052K), [Perm : 5142K->5142K(21248K)], 0.0047440 secs] [Times: user=0.00 sys=0.00, real=0.00 secs] 
213.345: Total time for which application threads were stopped: 0.0713370 seconds, Stopping threads took: 0.0665120 seconds
213.346: Application time: 0.0011040 seconds
213.388: [GC213.388: [ParNew: 7146K->893K(8128K), 0.0018340 secs] 9121K->7361K(26052K), 0.0018710 secs] [Times: user=0.01 sys=0.00, real=0.00 secs] 
213.390: Total time for which application threads were stopped: 0.0437620 seconds, Stopping threads took: 0.0418320 seconds
213.469: Application time: 0.0786870 seconds
213.511: [GC213.511: [ParNew: 8039K->793K(8128K), 0.0009640 secs] 14507K->8262K(26052K), 0.0009960 secs] [Times: user=0.01 sys=0.00, real=0.00 secs] 
213.512: Total time for which application threads were stopped: 0.0433580 seconds, Stopping threads took: 0.0422840 seconds
213.600: Application time: 0.0880490 seconds
213.609: [GC213.609: [ParNew: 7841K->209K(8128K), 0.0003720 secs] 15310K->7686K(26052K), 0.0004030 secs] [Times: user=0.00 sys=0.00, real=0.00 secs] 
213.610: Total time for which application threads were stopped: 0.0094250 seconds, Stopping threads took: 0.0089670 seconds
213.611: Application time: 0.0007780 seconds
213.611: [GC213.611: [ParNew: 7355K->895K(8128K), 0.0020960 secs] 14832K->14817K(26052K), 0.0021270 secs] [Times: user=0.01 sys=0.00, real=0.00 secs] 
213.613: Total time for which application threads were stopped: 0.0023330 seconds, Stopping threads took: 0.0001520 seconds
213.695: Application time: 0.0817270 seconds
213.769: [GC213.769: [ParNew: 8099K->8099K(8128K), 0.0000090 secs]213.769: [Tenured: 13922K->2032K(17924K), 0.0045740 secs] 22022K->2032K(26052K), [Perm : 5142K->5142K(21248K)], 0.0046260 secs] [Times: user=0.00 sys=0.00, real=0.00 secs] 
213.774: Total time for which application threads were stopped: 0.0790790 seconds, Stopping threads took: 0.0743770 seconds
213.775: Application time: 0.0011900 seconds
213.815: [GC213.815: [ParNew: 7146K->895K(8128K), 0.0018310 secs] 9178K->7420K(26052K), 0.0018650 secs] [Times: user=0.02 sys=0.00, real=0.00 secs] 
213.817: Total time for which application threads were stopped: 0.0423400 seconds, Stopping threads took: 0.0404170 seconds
213.896: Application time: 0.0791040 seconds
213.941: [GC213.941: [ParNew: 7826K->432K(8128K), 0.0003830 secs] 14351K->6981K(26052K), 0.0004110 secs] [Times: user=0.00 sys=0.00, real=0.00 secs] 
213.942: Total time for which application threads were stopped: 0.0453460 seconds, Stopping threads took: 0.0448780 seconds
213.943: Application time: 0.0009390 seconds
213.983: [GC213.983: [ParNew: 7578K->895K(8128K), 0.0021220 secs] 14128K->13038K(26052K), 0.0021590 secs] [Times: user=0.02 sys=0.00, real=0.00 secs] 
213.985: Total time for which application threads were stopped: 0.0428300 seconds, Stopping threads took: 0.0405930 seconds
214.066: Application time: 0.0804210 seconds
214.133: [GC214.133: [ParNew: 7748K->7748K(8128K), 0.0000100 secs]214.133: [Tenured: 12143K->2061K(17924K), 0.0044510 secs] 19891K->2061K(26052K), [Perm : 5142K->5142K(21248K)], 0.0045160 secs] [Times: user=0.00 sys=0.00, real=0.00 secs] 
214.137: Total time for which application threads were stopped: 0.0715220 seconds, Stopping threads took: 0.0669250 seconds
214.138: Application time: 0.0010760 seconds
214.179: [GC214.179: [ParNew: 7126K->895K(8128K), 0.0019780 secs] 9188K->8454K(26052K), 0.0020210 secs] [Times: user=0.02 sys=0.00, real=0.00 secs] 
214.181: Total time for which application threads were stopped: 0.0428850 seconds, Stopping threads took: 0.0407790 seconds
214.262: Application time: 0.0804030 seconds
214.329: [GC214.329: [ParNew: 8040K->594K(8128K), 0.0005110 secs] 15599K->8200K(26052K), 0.0005400 secs] [Times: user=0.00 sys=0.00, real=0.00 secs] 
214.329: Total time for which application threads were stopped: 0.0675150 seconds, Stopping threads took: 0.0668910 seconds
214.330: Application time: 0.0010640 seconds
214.376: [GC214.376: [ParNew: 7740K->895K(8128K), 0.0018020 secs] 15347K->13205K(26052K), 0.0018370 secs] [Times: user=0.01 sys=0.00, real=0.01 secs] 
214.378: Total time for which application threads were stopped: 0.0473800 seconds, Stopping threads took: 0.0454670 seconds
214.466: Application time: 0.0879850 seconds
214.523: [GC214.523: [ParNew: 7943K->7943K(8128K), 0.0000110 secs]214.523: [Tenured: 12310K->2113K(17924K), 0.0045370 secs] 20254K->2113K(26052K), [Perm : 5142K->5142K(21248K)], 0.0045910 secs] [Times: user=0.01 sys=0.00, real=0.01 secs] 
214.527: Total time for which application threads were stopped: 0.0616520 seconds, Stopping threads took: 0.0570000 seconds
214.529: Application time: 0.0011290 seconds
214.569: [GC214.569: [ParNew: 7224K->895K(8128K), 0.0020670 secs] 9338K->7919K(26052K), 0.0021050 secs] [Times: user=0.02 sys=0.00, real=0.00 secs] 
214.571: Total time for which application threads were stopped: 0.0427350 seconds, Stopping threads took: 0.0405500 seconds
214.652: Application time: 0.0806190 seconds
214.717: [GC214.717: [ParNew: 8041K->10K(8128K), 0.0004700 secs] 15065K->7074K(26052K), 0.0004970 secs] [Times: user=0.00 sys=0.00, real=0.00 secs] 
214.717: Total time for which application threads were stopped: 0.0651640 seconds, Stopping threads took: 0.0645940 seconds
214.718: Application time: 0.0009810 seconds
214.718: [GC214.718: [ParNew: 7232K->895K(8128K), 0.0021300 secs] 14297K->14238K(26052K), 0.0021660 secs] [Times: user=0.02 sys=0.00, real=0.00 secs] 
214.720: Total time for which application threads were stopped: 0.0024760 seconds, Stopping threads took: 0.0002530 seconds
214.819: Application time: 0.0986920 seconds
214.888: [GC214.888: [ParNew: 8021K->8021K(8128K), 0.0000100 secs]214.888: [Tenured: 13343K->1612K(17924K), 0.0043860 secs] 21364K->1612K(26052K), [Perm : 5142K->5142K(21248K)], 0.0044420 secs] [Times: user=0.01 sys=0.00, real=0.00 secs] 
214.893: Total time for which application threads were stopped: 0.0734390 seconds, Stopping threads took: 0.0689180 seconds
214.894: Application time: 0.0012620 seconds
214.894: [GC214.894: [ParNew: 7146K->895K(8128K), 0.0021860 secs] 8759K->8758K(26052K), 0.0022170 secs] [Times: user=0.01 sys=0.00, real=0.00 secs] 
214.896: Total time for which application threads were stopped: 0.0024810 seconds, Stopping threads took: 0.0001860 seconds
214.979: Application time: 0.0823260 seconds
215.050: [GC215.050: [ParNew: 7943K->404K(8128K), 0.0006650 secs] 15806K->8300K(26052K), 0.0006960 secs] [Times: user=0.00 sys=0.00, real=0.00 secs] 
215.051: Total time for which application threads were stopped: 0.0724380 seconds, Stopping threads took: 0.0716660 seconds
215.052: Application time: 0.0008400 seconds
215.092: [GC215.092: [ParNew: 7453K->895K(8128K), 0.0021980 secs] 15348K->14259K(26052K), 0.0022340 secs] [Times: user=0.02 sys=0.00, real=0.00 secs] 
215.094: Total time for which application threads were stopped: 0.0424860 seconds, Stopping threads took: 0.0401750 seconds
215.183: Application time: 0.0888480 seconds
215.257: [GC215.257: [ParNew: 7899K->7899K(8128K), 0.0000100 secs]215.257: [Tenured: 13364K->2008K(17924K), 0.0051190 secs] 21264K->2008K(26052K), [Perm : 5142K->5142K(21248K)], 0.0051820 secs] [Times: user=0.01 sys=0.00, real=0.01 secs] 
215.262: Total time for which application threads were stopped: 0.0789460 seconds, Stopping threads took: 0.0736830 seconds
215.263: Application time: 0.0010930 seconds
215.304: [GC215.304: [ParNew: 7072K->895K(8128K), 0.0018850 secs] 9081K->7322K(26052K), 0.0019240 secs] [Times: user=0.01 sys=0.00, real=0.01 secs] 
215.306: Total time for which application threads were stopped: 0.0428630 seconds, Stopping threads took: 0.0408810 seconds
215.385: Application time: 0.0790760 seconds
215.427: [GC215.427: [ParNew: 8021K->823K(8128K), 0.0007830 secs] 14449K->8056K(26052K), 0.0008150 secs] [Times: user=0.00 sys=0.00, real=0.00 secs] 
215.428: Total time for which application threads were stopped: 0.0422800 seconds, Stopping threads took: 0.0413820 seconds
215.514: Application time: 0.0865970 seconds
215.528: [GC215.528: [ParNew: 7871K->10K(8128K), 0.0006240 secs] 15104K->7307K(26052K), 0.0006560 secs] [Times: user=0.00 sys=0.00, real=0.00 secs] 
215.529: Total time for which application threads were stopped: 0.0145590 seconds, Stopping threads took: 0.0138290 seconds
215.529: Application time: 0.0007560 seconds
215.530: [GC215.530: [ParNew: 7234K->895K(8128K), 0.0019710 secs] 14531K->14470K(26052K), 0.0020030 secs] [Times: user=0.01 sys=0.00, real=0.00 secs] 
215.532: Total time for which application threads were stopped: 0.0022190 seconds, Stopping threads took: 0.0001520 seconds
215.613: Application time: 0.0812270 seconds
215.681: [GC215.681: [ParNew: 7923K->7923K(8128K), 0.0000090 secs]215.681: [Tenured: 13575K->3291K(17924K), 0.0046920 secs] 21499K->3291K(26052K), [Perm : 5142K->5142K(21248K)], 0.0047500 secs] [Times: user=0.01 sys=0.00, real=0.01 secs] 
215.686: Total time for which application threads were stopped: 0.0729040 seconds, Stopping threads took: 0.0680830 seconds
215.687: Application time: 0.0015480 seconds
215.764: [GC215.764: [ParNew: 7224K->893K(8128K), 0.0008740 secs] 10515K->5188K(26052K), 0.0009050 secs] [Times: user=0.01 sys=0.00, real=0.00 secs] 
215.765: Total time for which application threads were stopped: 0.0774980 seconds, Stopping threads took: 0.0765370 seconds
215.851: Application time: 0.0858530 seconds
215.854: [GC215.854: [ParNew: 8039K->404K(8128K), 0.0005270 secs] 12335K->4740K(26052K), 0.0005570 secs] [Times: user=0.00 sys=0.00, real=0.00 secs] 
215.854: Total time for which application threads were stopped: 0.0033640 seconds, Stopping threads took: 0.0027540 seconds
215.855: Application time: 0.0007800 seconds
215.904: [GC215.904: [ParNew: 7453K->893K(8128K), 0.0022480 secs] 11788K->10697K(26052K), 0.0022840 secs] [Times: user=0.01 sys=0.00, real=0.01 secs] 
215.906: Total time for which application threads were stopped: 0.0513140 seconds, Stopping threads took: 0.0489750 seconds
215.986: Application time: 0.0798320 seconds
216.053: [GC216.053: [ParNew: 7843K->400K(8128K), 0.0003860 secs] 17648K->10221K(26052K), 0.0004170 secs] [Times: user=0.00 sys=0.00, real=0.00 secs] 
216.054: Total time for which application threads were stopped: 0.0676050 seconds, Stopping threads took: 0.0671100 seconds
216.055: Application time: 0.0009150 seconds
216.107: [GC216.107: [ParNew: 7546K->895K(8128K), 0.0020390 secs] 17367K->16282K(26052K), 0.0020730 secs] [Times: user=0.01 sys=0.01, real=0.00 secs] 
216.109: Total time for which application threads were stopped: 0.0543480 seconds, Stopping threads took: 0.0521980 seconds
216.198: Application time: 0.0895520 seconds
216.273: [GC216.273: [ParNew: 7943K->7943K(8128K), 0.0000140 secs]216.275: [Tenured: 15387K->1918K(17924K), 0.0059890 secs] 23330K->1918K(26052K), [Perm : 5142K->5142K(21248K)], 0.0075290 secs] [Times: user=0.01 sys=0.01, real=0.01 secs] 
216.281: Total time for which application threads were stopped: 0.0823550 seconds, Stopping threads took: 0.0747630 seconds
216.282: Application time: 0.0012690 seconds
216.323: [GC216.323: [ParNew: 7224K->895K(8128K), 0.0018180 secs] 9143K->7529K(26052K), 0.0018600 secs] [Times: user=0.01 sys=0.00, real=0.00 secs] 
216.325: Total time for which application threads were stopped: 0.0427740 seconds, Stopping threads took: 0.0408350 seconds
216.404: Application time: 0.0792030 seconds
216.445: [GC216.445: [ParNew: 8021K->825K(8128K), 0.0011920 secs] 14656K->9648K(26052K), 0.0012280 secs] [Times: user=0.01 sys=0.00, real=0.01 secs] 
216.447: Total time for which application threads were stopped: 0.0424490 seconds, Stopping threads took: 0.0411410 seconds
216.534: Application time: 0.0878990 seconds
216.575: [GC216.575: [ParNew: 7971K->400K(8128K), 0.0003350 secs] 16794K->9288K(26052K), 0.0003640 secs] [Times: user=0.00 sys=0.00, real=0.00 secs] 
216.575: Total time for which application threads were stopped: 0.0408960 seconds, Stopping threads took: 0.0404480 seconds
216.576: Application time: 0.0009020 seconds
216.629: [GC216.629: [ParNew: 7546K->893K(8128K), 0.0020890 secs] 16434K->15347K(26052K), 0.0021260 secs] [Times: user=0.01 sys=0.00, real=0.00 secs] 
216.632: Total time for which application threads were stopped: 0.0553780 seconds, Stopping threads took: 0.0531950 seconds
216.720: Application time: 0.0883800 seconds
216.790: [GC216.790: [ParNew: 7824K->7824K(8128K), 0.0000100 secs]216.790: [Tenured: 14454K->1808K(17924K), 0.0047850 secs] 22278K->1808K(26052K), [Perm : 5142K->5142K(21248K)], 0.0048400 secs] [Times: user=0.01 sys=0.00, real=0.00 secs] 
216.795: Total time for which application threads were stopped: 0.0749240 seconds, Stopping threads took: 0.0700040 seconds
216.796: Application time: 0.0010720 seconds
216.837: [GC216.837: [ParNew: 7048K->893K(8128K), 0.0019680 secs] 8857K->8170K(26052K), 0.0020070 secs] [Times: user=0.01 sys=0.00, real=0.01 secs] 
216.839: Total time for which application threads were stopped: 0.0431680 seconds, Stopping threads took: 0.0411010 seconds
216.920: Application time: 0.0807310 seconds
216.990: [GC216.990: [ParNew: 7843K->398K(8128K), 0.0006230 secs] 15121K->7708K(26052K), 0.0006550 secs] [Times: user=0.01 sys=0.00, real=0.00 secs] 
216.991: Total time for which application threads were stopped: 0.0706400 seconds, Stopping threads took: 0.0699100 seconds
216.991: Application time: 0.0008730 seconds
217.043: [GC217.043: [ParNew: 7544K->795K(8128K), 0.0021160 secs] 14854K->13769K(26052K), 0.0021510 secs] [Times: user=0.01 sys=0.00, real=0.00 secs] 
217.046: Total time for which application threads were stopped: 0.0540580 seconds, Stopping threads took: 0.0518510 seconds
217.127: Application time: 0.0819410 seconds
217.196: [GC217.196: [ParNew: 7921K->7921K(8128K), 0.0000100 secs]217.196: [Tenured: 12974K->2033K(17924K), 0.0051760 secs] 20896K->2033K(26052K), [Perm : 5142K->5142K(21248K)], 0.0052330 secs] [Times: user=0.00 sys=0.00, real=0.01 secs] 
217.201: Total time for which application threads were stopped: 0.0734780 seconds, Stopping threads took: 0.0681550 seconds
217.202: Application time: 0.0011300 seconds
217.250: [GC217.250: [ParNew: 7224K->895K(8128K), 0.0019250 secs] 9257K->7644K(26052K), 0.0019620 secs] [Times: user=0.01 sys=0.01, real=0.00 secs] 
217.252: Total time for which application threads were stopped: 0.0495330 seconds, Stopping threads took: 0.0475120 seconds
217.330: Application time: 0.0789010 seconds
217.373: [GC217.373: [ParNew: 7943K->789K(8128K), 0.0006330 secs] 14692K->7586K(26052K), 0.0006670 secs] [Times: user=0.00 sys=0.00, real=0.00 secs] 
217.373: Total time for which application threads were stopped: 0.0428970 seconds, Stopping threads took: 0.0421750 seconds
217.374: Application time: 0.0009290 seconds
217.414: [GC217.414: [ParNew: 7935K->893K(8128K), 0.0021250 secs] 14732K->13655K(26052K), 0.0021620 secs] [Times: user=0.01 sys=0.00, real=0.00 secs] 
217.417: Total time for which application threads were stopped: 0.0422960 seconds, Stopping threads took: 0.0400520 seconds
217.498: Application time: 0.0811500 seconds
217.565: [GC217.565: [ParNew: 8019K->8019K(8128K), 0.0000180 secs]217.565: [Tenured: 12762K->2481K(17924K), 0.0053410 secs] 20782K->2481K(26052K), [Perm : 5142K->5142K(21248K)], 0.0054060 secs] [Times: user=0.00 sys=0.00, real=0.01 secs] 
217.570: Total time for which application threads were stopped: 0.0721770 seconds, Stopping threads took: 0.0666890 seconds
217.571: Application time: 0.0011900 seconds
217.639: [GC217.639: [ParNew: 7146K->797K(8128K), 0.0017320 secs] 9627K->7380K(26052K), 0.0017690 secs] [Times: user=0.01 sys=0.00, real=0.00 secs] 
217.641: Total time for which application threads were stopped: 0.0695500 seconds, Stopping threads took: 0.0677000 seconds
217.720: Application time: 0.0795530 seconds
217.765: [GC217.765: [ParNew: 8021K->235K(8128K), 0.0004390 secs] 14605K->6850K(26052K), 0.0004710 secs] [Times: user=0.00 sys=0.00, real=0.01 secs] 
217.766: Total time for which application threads were stopped: 0.0456190 seconds, Stopping threads took: 0.0450660 seconds
217.767: Application time: 0.0008960 seconds
217.767: [GC217.767: [ParNew: 7381K->895K(8128K), 0.0024140 secs] 13997K->13984K(26052K), 0.0024480 secs] [Times: user=0.01 sys=0.00, real=0.00 secs] 
217.770: Total time for which application threads were stopped: 0.0027730 seconds, Stopping threads took: 0.0002470 seconds
217.851: Application time: 0.0811430 seconds
217.920: [GC217.920: [ParNew: 7943K->7943K(8128K), 0.0000110 secs]217.920: [Tenured: 13089K->1723K(17924K), 0.0051730 secs] 21032K->1723K(26052K), [Perm : 5142K->5142K(21248K)], 0.0052290 secs] [Times: user=0.01 sys=0.00, real=0.00 secs] 
217.926: Total time for which application threads were stopped: 0.0749340 seconds, Stopping threads took: 0.0696240 seconds
217.927: Application time: 0.0010760 seconds
217.967: [GC217.967: [ParNew: 7126K->895K(8128K), 0.0019560 secs] 8850K->8116K(26052K), 0.0019980 secs] [Times: user=0.02 sys=0.00, real=0.00 secs] 
217.969: Total time for which application threads were stopped: 0.0426800 seconds, Stopping threads took: 0.0406020 seconds
218.049: Application time: 0.0798840 seconds
218.115: [GC218.115: [ParNew: 7845K->398K(8128K), 0.0006100 secs] 15066K->7675K(26052K), 0.0006400 secs] [Times: user=0.00 sys=0.00, real=0.00 secs] 
218.116: Total time for which application threads were stopped: 0.0668080 seconds, Stopping threads took: 0.0660880 seconds
218.117: Application time: 0.0010550 seconds
218.168: [GC218.168: [ParNew: 7622K->895K(8128K), 0.0022820 secs] 14900K->13767K(26052K), 0.0023240 secs] [Times: user=0.02 sys=0.00, real=0.00 secs] 
218.171: Total time for which application threads were stopped: 0.0535280 seconds, Stopping threads took: 0.0511220 seconds
218.262: Application time: 0.0914100 seconds
218.331: [GC218.331: [ParNew: 7748K->7748K(8128K), 0.0000100 secs]218.331: [Tenured: 12871K->2172K(17924K), 0.0051480 secs] 20619K->2172K(26052K), [Perm : 5142K->5142K(21248K)], 0.0052020 secs] [Times: user=0.00 sys=0.00, real=0.00 secs] 
218.336: Total time for which application threads were stopped: 0.0744040 seconds, Stopping threads took: 0.0691120 seconds
218.338: Application time: 0.0010820 seconds
218.379: [GC218.379: [ParNew: 7224K->895K(8128K), 0.0020100 secs] 9396K->8662K(26052K), 0.0020480 secs] [Times: user=0.01 sys=0.00, real=0.00 secs] 
218.381: Total time for which application threads were stopped: 0.0430680 seconds, Stopping threads took: 0.0409390 seconds
218.464: Application time: 0.0829740 seconds
218.531: [GC218.531: [ParNew: 7747K->400K(8128K), 0.0004970 secs] 15515K->8216K(26052K), 0.0005290 secs] [Times: user=0.00 sys=0.00, real=0.00 secs] 
218.531: Total time for which application threads were stopped: 0.0676290 seconds, Stopping threads took: 0.0670360 seconds
218.532: Application time: 0.0008850 seconds
218.573: [GC218.573: [ParNew: 7625K->895K(8128K), 0.0019840 secs] 15440K->14305K(26052K), 0.0020210 secs] [Times: user=0.02 sys=0.00, real=0.00 secs] 
218.575: Total time for which application threads were stopped: 0.0425190 seconds, Stopping threads took: 0.0404400 seconds
218.655: Application time: 0.0807580 seconds
218.722: [GC218.722: [ParNew: 7748K->7748K(8128K), 0.0000180 secs]218.722: [Tenured: 13410K->2229K(17924K), 0.0045730 secs] 21158K->2229K(26052K), [Perm : 5142K->5142K(21248K)], 0.0046340 secs] [Times: user=0.01 sys=0.00, real=0.01 secs] 
218.726: Total time for which application threads were stopped: 0.0710220 seconds, Stopping threads took: 0.0663280 seconds
218.728: Application time: 0.0010780 seconds
218.768: [GC218.768: [ParNew: 7146K->895K(8128K), 0.0022060 secs] 9375K->8691K(26052K), 0.0022430 secs] [Times: user=0.01 sys=0.00, real=0.00 secs] 
218.770: Total time for which application threads were stopped: 0.0429680 seconds, Stopping threads took: 0.0406550 seconds
218.851: Application time: 0.0801680 seconds
218.920: [GC218.920: [ParNew: 7748K->402K(8128K), 0.0004940 secs] 15544K->8230K(26052K), 0.0005260 secs] [Times: user=0.00 sys=0.00, real=0.00 secs] 
218.920: Total time for which application threads were stopped: 0.0694770 seconds, Stopping threads took: 0.0688750 seconds
218.921: Application time: 0.0008510 seconds
218.967: [GC218.967: [ParNew: 7625K->895K(8128K), 0.0021670 secs] 15453K->14317K(26052K), 0.0022010 secs] [Times: user=0.01 sys=0.00, real=0.00 secs] 
218.969: Total time for which application threads were stopped: 0.0479530 seconds, Stopping threads took: 0.0456950 seconds
219.050: Application time: 0.0809500 seconds
219.116: [GC219.117: [ParNew: 7826K->7826K(8128K), 0.0000100 secs]219.117: [Tenured: 13422K->2286K(17924K), 0.0051260 secs] 21249K->2286K(26052K), [Perm : 5142K->5142K(21248K)], 0.0051910 secs] [Times: user=0.00 sys=0.00, real=0.01 secs] 
219.122: Total time for which application threads were stopped: 0.0718050 seconds, Stopping threads took: 0.0665310 seconds
219.123: Application time: 0.0010840 seconds
219.163: [GC219.163: [ParNew: 7146K->893K(8128K), 0.0021930 secs] 9432K->8746K(26052K), 0.0022330 secs] [Times: user=0.01 sys=0.00, real=0.01 secs] 
219.166: Total time for which application threads were stopped: 0.0429090 seconds, Stopping threads took: 0.0405830 seconds
219.247: Application time: 0.0811690 seconds
219.315: [GC219.315: [ParNew: 8019K->628K(8128K), 0.0003800 secs] 15872K->8497K(26052K), 0.0004150 secs] [Times: user=0.00 sys=0.00, real=0.00 secs] 
219.315: Total time for which application threads were stopped: 0.0685350 seconds, Stopping threads took: 0.0680420 seconds
219.316: Application time: 0.0008920 seconds
219.317: [GC219.317: [ParNew: 7774K->895K(8128K), 0.0021720 secs] 15643K->15680K(26052K), 0.0022050 secs] [Times: user=0.01 sys=0.00, real=0.01 secs] 
219.319: Total time for which application threads were stopped: 0.0025760 seconds, Stopping threads took: 0.0002930 seconds
219.409: Application time: 0.0896370 seconds
219.481: [GC219.481: [ParNew: 7943K->7943K(8128K), 0.0000100 secs]219.481: [Tenured: 14785K->2115K(17924K), 0.0045160 secs] 22728K->2115K(26052K), [Perm : 5142K->5142K(21248K)], 0.0045730 secs] [Times: user=0.01 sys=0.00, real=0.00 secs] 
219.486: Total time for which application threads were stopped: 0.0771530 seconds, Stopping threads took: 0.0724960 seconds
219.487: Application time: 0.0011820 seconds
219.544: [GC219.544: [ParNew: 7146K->795K(8128K), 0.0015050 secs] 9261K->6816K(26052K), 0.0015450 secs] [Times: user=0.01 sys=0.00, real=0.00 secs] 
219.546: Total time for which application threads were stopped: 0.0586930 seconds, Stopping threads took: 0.0570680 seconds
219.627: Application time: 0.0814450 seconds
219.681: [GC219.681: [ParNew: 7843K->793K(8128K), 0.0005980 secs] 13865K->7034K(26052K), 0.0006300 secs] [Times: user=0.00 sys=0.00, real=0.00 secs] 
219.681: Total time for which application threads were stopped: 0.0542080 seconds, Stopping threads took: 0.0535120 seconds
219.682: Application time: 0.0010120 seconds
219.754: [GC219.754: [ParNew: 8017K->895K(8128K), 0.0015340 secs] 14258K->10109K(26052K), 0.0015710 secs] [Times: user=0.01 sys=0.01, real=0.00 secs] 
219.756: Total time for which application threads were stopped: 0.0734090 seconds, Stopping threads took: 0.0717600 seconds
219.834: Application time: 0.0786750 seconds
219.876: [GC219.876: [ParNew: 8021K->823K(8128K), 0.0005120 secs] 17236K->10484K(26052K), 0.0005450 secs] [Times: user=0.00 sys=0.00, real=0.00 secs] 
219.877: Total time for which application threads were stopped: 0.0427250 seconds, Stopping threads took: 0.0421020 seconds
219.878: Application time: 0.0014090 seconds
219.954: [GC219.954: [ParNew: 7969K->895K(8128K), 0.0006870 secs] 17630K->11597K(26052K), 0.0007180 secs] [Times: user=0.00 sys=0.00, real=0.00 secs] 
219.955: Total time for which application threads were stopped: 0.0763170 seconds, Stopping threads took: 0.0755210 seconds
220.042: Application time: 0.0876070 seconds
220.059: [GC220.059: [ParNew: 8002K->265K(8128K), 0.0004100 secs] 18704K->10983K(26052K), 0.0004390 secs] [Times: user=0.00 sys=0.00, real=0.00 secs] 
220.060: Total time for which application threads were stopped: 0.0175340 seconds, Stopping threads took: 0.0170340 seconds
220.061: Application time: 0.0007870 seconds
220.107: [GC220.107: [ParNew: 7411K->893K(8128K), 0.0017420 secs] 18129K->15964K(26052K), 0.0017790 secs] [Times: user=0.01 sys=0.00, real=0.00 secs] 
220.109: Total time for which application threads were stopped: 0.0478160 seconds, Stopping threads took: 0.0459810 seconds
220.200: Application time: 0.0919350 seconds
220.262: [GC220.262: [ParNew: 7941K->7941K(8128K), 0.0000110 secs]220.262: [Tenured: 15071K->1838K(17924K), 0.0051890 secs] 23012K->1838K(26052K), [Perm : 5142K->5142K(21248K)], 0.0052470 secs] [Times: user=0.01 sys=0.00, real=0.01 secs] 
220.268: Total time for which application threads were stopped: 0.0672240 seconds, Stopping threads took: 0.0618940 seconds
220.269: Application time: 0.0010910 seconds
220.320: [GC220.320: [ParNew: 7146K->797K(8128K), 0.0022190 secs] 8984K->8300K(26052K), 0.0022560 secs] [Times: user=0.01 sys=0.00, real=0.00 secs] 
220.322: Total time for which application threads were stopped: 0.0536040 seconds, Stopping threads took: 0.0512880 seconds
220.403: Application time: 0.0805660 seconds
220.471: [GC220.471: [ParNew: 7650K->400K(8128K), 0.0007540 secs] 15152K->7935K(26052K), 0.0007860 secs] [Times: user=0.00 sys=0.00, real=0.00 secs] 
220.472: Total time for which application threads were stopped: 0.0692960 seconds, Stopping threads took: 0.0684350 seconds
220.473: Application time: 0.0008670 seconds
220.523: [GC220.523: [ParNew: 7449K->895K(8128K), 0.0019370 secs] 14983K->13898K(26052K), 0.0019730 secs] [Times: user=0.01 sys=0.00, real=0.00 secs] 
220.525: Total time for which application threads were stopped: 0.0516280 seconds, Stopping threads took: 0.0495730 seconds
220.606: Application time: 0.0810040 seconds
220.673: [GC220.673: [ParNew: 7845K->7845K(8128K), 0.0000100 secs]220.673: [Tenured: 13003K->2229K(17924K), 0.0051610 secs] 20849K->2229K(26052K), [Perm : 5142K->5142K(21248K)], 0.0052160 secs] [Times: user=0.00 sys=0.00, real=0.01 secs] 
220.678: Total time for which application threads were stopped: 0.0722600 seconds, Stopping threads took: 0.0669490 seconds
220.679: Application time: 0.0010470 seconds
220.679: [GC220.679: [ParNew: 7048K->895K(8128K), 0.0022700 secs] 9278K->9277K(26052K), 0.0023150 secs] [Times: user=0.02 sys=0.00, real=0.00 secs] 
220.682: Total time for which application threads were stopped: 0.0026440 seconds, Stopping threads took: 0.0002440 seconds
220.764: Application time: 0.0819360 seconds
220.833: [GC220.833: [ParNew: 8001K->462K(8128K), 0.0005890 secs] 16384K->8869K(26052K), 0.0006210 secs] [Times: user=0.01 sys=0.00, real=0.00 secs] 
220.833: Total time for which application threads were stopped: 0.0695320 seconds, Stopping threads took: 0.0688330 seconds
220.834: Application time: 0.0008700 seconds
220.834: [GC220.834: [ParNew: 7511K->895K(8128K), 0.0022210 secs] 15917K->15949K(26052K), 0.0022560 secs] [Times: user=0.02 sys=0.00, real=0.00 secs] 
220.837: Total time for which application threads were stopped: 0.0026020 seconds, Stopping threads took: 0.0002670 seconds
220.924: Application time: 0.0874760 seconds
220.999: [GC220.999: [ParNew: 7845K->7845K(8128K), 0.0000100 secs]220.999: [Tenured: 15053K->2286K(17924K), 0.0050540 secs] 22899K->2286K(26052K), [Perm : 5142K->5142K(21248K)], 0.0051210 secs] [Times: user=0.00 sys=0.00, real=0.00 secs] 
221.004: Total time for which application threads were stopped: 0.0800190 seconds, Stopping threads took: 0.0748160 seconds
221.005: Application time: 0.0010880 seconds
221.046: [GC221.046: [ParNew: 7146K->893K(8128K), 0.0021260 secs] 9432K->8746K(26052K), 0.0021620 secs] [Times: user=0.01 sys=0.00, real=0.00 secs] 
221.048: Total time for which application threads were stopped: 0.0430240 seconds, Stopping threads took: 0.0407830 seconds
221.129: Application time: 0.0812210 seconds
221.197: [GC221.197: [ParNew: 7745K->400K(8128K), 0.0006970 secs] 15599K->8278K(26052K), 0.0007280 secs] [Times: user=0.00 sys=0.00, real=0.00 secs] 
221.197: Total time for which application threads were stopped: 0.0678190 seconds, Stopping threads took: 0.0670060 seconds
221.198: Application time: 0.0010160 seconds
221.239: [GC221.239: [ParNew: 7586K->895K(8128K), 0.0019100 secs] 15463K->14228K(26052K), 0.0019490 secs] [Times: user=0.01 sys=0.00, real=0.00 secs] 
221.241: Total time for which application threads were stopped: 0.0424260 seconds, Stopping threads took: 0.0403960 seconds
221.321: Application time: 0.0797550 seconds
221.389: [GC221.389: [ParNew: 7943K->7943K(8128K), 0.0000120 secs]221.390: [Tenured: 13333K->1725K(17924K), 0.0052610 secs] 21276K->1725K(26052K), [Perm : 5142K->5142K(21248K)], 0.0068730 secs] [Times: user=0.01 sys=0.00, real=0.00 secs] 
221.395: Total time for which application threads were stopped: 0.0749340 seconds, Stopping threads took: 0.0679880 seconds
221.398: Application time: 0.0023170 seconds
221.475: [GC221.475: [ParNew: 7224K->44K(8128K), 0.0005350 secs] 8949K->1769K(26052K), 0.0005650 secs] [Times: user=0.00 sys=0.00, real=0.00 secs] 
221.476: Total time for which application threads were stopped: 0.0779520 seconds, Stopping threads took: 0.0773220 seconds
221.476: Application time: 0.0007510 seconds
221.477: [GC221.477: [ParNew: 7190K->895K(8128K), 0.0022050 secs] 8915K->8898K(26052K), 0.0022360 secs] [Times: user=0.02 sys=0.00, real=0.01 secs] 
221.479: Total time for which application threads were stopped: 0.0025910 seconds, Stopping threads took: 0.0002790 seconds
221.560: Application time: 0.0809580 seconds
221.631: [GC221.631: [ParNew: 7943K->203K(8128K), 0.0004990 secs] 15946K->8254K(26052K), 0.0005300 secs] [Times: user=0.00 sys=0.00, real=0.00 secs] 
221.631: Total time for which application threads were stopped: 0.0714480 seconds, Stopping threads took: 0.0708440 seconds
221.632: Application time: 0.0008460 seconds
221.633: [GC221.633: [ParNew: 7349K->895K(8128K), 0.0024710 secs] 15401K->15392K(26052K), 0.0025060 secs] [Times: user=0.02 sys=0.00, real=0.00 secs] 
221.635: Total time for which application threads were stopped: 0.0027710 seconds, Stopping threads took: 0.0002090 seconds
221.723: Application time: 0.0877050 seconds
221.775: [GC221.775: [ParNew: 7943K->7943K(8128K), 0.0000100 secs]221.775: [Tenured: 14497K->4293K(17924K), 0.0055700 secs] 22440K->4293K(26052K), [Perm : 5142K->5142K(21248K)], 0.0056260 secs] [Times: user=0.01 sys=0.00, real=0.01 secs] 
221.781: Total time for which application threads were stopped: 0.0583020 seconds, Stopping threads took: 0.0525820 seconds
221.862: Application time: 0.0813470 seconds
221.865: [GC221.865: [ParNew: 7048K->797K(8128K), 0.0005980 secs] 11341K->5286K(26052K), 0.0006270 secs] [Times: user=0.00 sys=0.00, real=0.00 secs] 
221.866: Total time for which application threads were stopped: 0.0031040 seconds, Stopping threads took: 0.0024030 seconds
221.867: Application time: 0.0009400 seconds
221.936: [GC221.936: [ParNew: 8021K->895K(8128K), 0.0018370 secs] 12510K->9436K(26052K), 0.0018750 secs] [Times: user=0.01 sys=0.00, real=0.01 secs] 
221.938: Total time for which application threads were stopped: 0.0717160 seconds, Stopping threads took: 0.0697620 seconds
222.018: Application time: 0.0795830 seconds
222.058: [GC222.059: [ParNew: 8119K->825K(8128K), 0.0009240 secs] 16660K->10961K(26052K), 0.0009570 secs] [Times: user=0.01 sys=0.00, real=0.00 secs] 
222.059: Total time for which application threads were stopped: 0.0416440 seconds, Stopping threads took: 0.0406020 seconds
222.147: Application time: 0.0873860 seconds
222.152: [GC222.152: [ParNew: 7873K->793K(8128K), 0.0004420 secs] 18009K->11000K(26052K), 0.0004740 secs] [Times: user=0.01 sys=0.00, real=0.00 secs] 
222.152: Total time for which application threads were stopped: 0.0053390 seconds, Stopping threads took: 0.0048080 seconds
222.153: Application time: 0.0009650 seconds
222.207: [GC222.207: [ParNew: 7939K->893K(8128K), 0.0020340 secs] 18147K->15999K(26052K), 0.0020750 secs] [Times: user=0.01 sys=0.00, real=0.00 secs] 
222.209: Total time for which application threads were stopped: 0.0558440 seconds, Stopping threads took: 0.0537060 seconds
222.300: Application time: 0.0911990 seconds
222.368: [GC222.368: [ParNew: 8039K->8039K(8128K), 0.0000090 secs]222.368: [Tenured: 15106K->1811K(17924K), 0.0051260 secs] 23145K->1811K(26052K), [Perm : 5142K->5142K(21248K)], 0.0051800 secs] [Times: user=0.01 sys=0.00, real=0.00 secs] 
222.373: Total time for which application threads were stopped: 0.0730770 seconds, Stopping threads took: 0.0678080 seconds
222.374: Application time: 0.0010720 seconds
222.415: [GC222.415: [ParNew: 7205K->895K(8128K), 0.0018350 secs] 9016K->7841K(26052K), 0.0018740 secs] [Times: user=0.01 sys=0.00, real=0.00 secs] 
222.417: Total time for which application threads were stopped: 0.0426320 seconds, Stopping threads took: 0.0406750 seconds
222.498: Application time: 0.0806410 seconds
222.565: [GC222.565: [ParNew: 8040K->209K(8128K), 0.0005870 secs] 14986K->7203K(26052K), 0.0006170 secs] [Times: user=0.00 sys=0.00, real=0.01 secs] 
222.566: Total time for which application threads were stopped: 0.0681220 seconds, Stopping threads took: 0.0674510 seconds
222.567: Application time: 0.0009260 seconds
222.607: [GC222.607: [ParNew: 7355K->795K(8128K), 0.0018920 secs] 14349K->13258K(26052K), 0.0019300 secs] [Times: user=0.01 sys=0.00, real=0.00 secs] 
222.609: Total time for which application threads were stopped: 0.0421750 seconds, Stopping threads took: 0.0401670 seconds
222.689: Application time: 0.0804170 seconds
222.749: [GC222.749: [ParNew: 7843K->7843K(8128K), 0.0000100 secs]222.749: [Tenured: 12463K->2258K(17924K), 0.0044480 secs] 20306K->2258K(26052K), [Perm : 5142K->5142K(21248K)], 0.0045010 secs] [Times: user=0.01 sys=0.00, real=0.00 secs] 
222.754: Total time for which application threads were stopped: 0.0645790 seconds, Stopping threads took: 0.0600180 seconds
222.755: Application time: 0.0010090 seconds
222.796: [GC222.796: [ParNew: 7048K->893K(8128K), 0.0021710 secs] 9307K->8621K(26052K), 0.0022080 secs] [Times: user=0.01 sys=0.01, real=0.01 secs] 
222.798: Total time for which application threads were stopped: 0.0431410 seconds, Stopping threads took: 0.0408510 seconds
222.880: Application time: 0.0817650 seconds
222.947: [GC222.947: [ParNew: 8038K->596K(8128K), 0.0006060 secs] 15767K->8332K(26052K), 0.0006360 secs] [Times: user=0.00 sys=0.00, real=0.00 secs] 
222.948: Total time for which application threads were stopped: 0.0677150 seconds, Stopping threads took: 0.0670070 seconds
222.948: Application time: 0.0009210 seconds
222.989: [GC222.990: [ParNew: 7820K->893K(8128K), 0.0019880 secs] 15556K->13357K(26052K), 0.0020250 secs] [Times: user=0.02 sys=0.00, real=0.00 secs] 
222.992: Total time for which application threads were stopped: 0.0431110 seconds, Stopping threads took: 0.0410080 seconds
223.074: Application time: 0.0821510 seconds
223.126: [GC223.126: [ParNew: 8019K->8019K(8128K), 0.0000090 secs]223.126: [Tenured: 12463K->2116K(17924K), 0.0050330 secs] 20483K->2116K(26052K), [Perm : 5142K->5142K(21248K)], 0.0050880 secs] [Times: user=0.01 sys=0.00, real=0.00 secs] 
223.131: Total time for which application threads were stopped: 0.0572690 seconds, Stopping threads took: 0.0521210 seconds
223.132: Application time: 0.0012390 seconds
223.173: [GC223.173: [ParNew: 7205K->853K(8128K), 0.0019240 secs] 9321K->7852K(26052K), 0.0019660 secs] [Times: user=0.02 sys=0.00, real=0.00 secs] 
223.175: Total time for which application threads were stopped: 0.0423750 seconds, Stopping threads took: 0.0403160 seconds
223.258: Application time: 0.0832040 seconds
223.297: [GC223.297: [ParNew: 7999K->797K(8128K), 0.0009780 secs] 14998K->10228K(26052K), 0.0010130 secs] [Times: user=0.01 sys=0.00, real=0.01 secs] 
223.298: Total time for which application threads were stopped: 0.0406910 seconds, Stopping threads took: 0.0396230 seconds
223.388: Application time: 0.0898030 seconds
223.430: [GC223.431: [ParNew: 7748K->400K(8128K), 0.0005370 secs] 17179K->9847K(26052K), 0.0005670 secs] [Times: user=0.01 sys=0.00, real=0.00 secs] 
223.431: Total time for which application threads were stopped: 0.0427860 seconds, Stopping threads took: 0.0421400 seconds
223.432: Application time: 0.0008520 seconds
223.473: [GC223.473: [ParNew: 7546K->895K(8128K), 0.0020460 secs] 16994K->15908K(26052K), 0.0020830 secs] [Times: user=0.02 sys=0.00, real=0.00 secs] 
223.475: Total time for which application threads were stopped: 0.0428790 seconds, Stopping threads took: 0.0407320 seconds
223.561: Application time: 0.0860690 seconds
223.631: [GC223.631: [ParNew: 7943K->7943K(8128K), 0.0000100 secs]223.631: [Tenured: 15013K->2759K(17924K), 0.0051270 secs] 22957K->2759K(26052K), [Perm : 5142K->5142K(21248K)], 0.0051840 secs] [Times: user=0.00 sys=0.00, real=0.00 secs] 
223.636: Total time for which application threads were stopped: 0.0754450 seconds, Stopping threads took: 0.0701790 seconds
223.638: Application time: 0.0011730 seconds
223.678: [GC223.678: [ParNew: 7146K->797K(8128K), 0.0015460 secs] 9906K->7268K(26052K), 0.0015820 secs] [Times: user=0.01 sys=0.00, real=0.00 secs] 
223.680: Total time for which application threads were stopped: 0.0425270 seconds, Stopping threads took: 0.0408870 seconds
223.759: Application time: 0.0787770 seconds
223.801: [GC223.801: [ParNew: 7923K->893K(8128K), 0.0009310 secs] 14395K->8384K(26052K), 0.0009630 secs] [Times: user=0.01 sys=0.00, real=0.00 secs] 
223.802: Total time for which application threads were stopped: 0.0433530 seconds, Stopping threads took: 0.0423150 seconds
223.881: Application time: 0.0786140 seconds
223.884: [GC223.884: [ParNew: 8039K->400K(8128K), 0.0005990 secs] 15530K->7940K(26052K), 0.0006290 secs] [Times: user=0.00 sys=0.00, real=0.00 secs] 
223.884: Total time for which application threads were stopped: 0.0036870 seconds, Stopping threads took: 0.0029830 seconds
223.885: Application time: 0.0008300 seconds
223.926: [GC223.926: [ParNew: 7546K->797K(8128K), 0.0020080 secs] 15086K->14001K(26052K), 0.0020420 secs] [Times: user=0.01 sys=0.01, real=0.01 secs] 
223.928: Total time for which application threads were stopped: 0.0423000 seconds, Stopping threads took: 0.0402030 seconds
224.008: Application time: 0.0805940 seconds
224.076: [GC224.076: [ParNew: 7806K->7806K(8128K), 0.0000100 secs]224.076: [Tenured: 13204K->1868K(17924K), 0.0050580 secs] 21011K->1868K(26052K), [Perm : 5142K->5142K(21248K)], 0.0051130 secs] [Times: user=0.00 sys=0.00, real=0.01 secs] 
224.081: Total time for which application threads were stopped: 0.0731630 seconds, Stopping threads took: 0.0679590 seconds
224.082: Application time: 0.0011070 seconds
224.135: [GC224.135: [ParNew: 7224K->895K(8128K), 0.0018220 secs] 9093K->7284K(26052K), 0.0018590 secs] [Times: user=0.01 sys=0.00, real=0.00 secs] 
224.137: Total time for which application threads were stopped: 0.0545900 seconds, Stopping threads took: 0.0526490 seconds
224.215: Application time: 0.0782700 seconds
224.259: [GC224.259: [ParNew: 7748K->400K(8128K), 0.0005260 secs] 14137K->6829K(26052K), 0.0005570 secs] [Times: user=0.00 sys=0.00, real=0.00 secs] 
224.259: Total time for which application threads were stopped: 0.0440790 seconds, Stopping threads took: 0.0434540 seconds
224.260: Application time: 0.0009080 seconds
224.301: [GC224.301: [ParNew: 7546K->895K(8128K), 0.0021810 secs] 13975K->12890K(26052K), 0.0022170 secs] [Times: user=0.01 sys=0.00, real=0.00 secs] 
224.303: Total time for which application threads were stopped: 0.0429870 seconds, Stopping threads took: 0.0406930 seconds
224.384: Application time: 0.0803850 seconds
224.454: [GC224.454: [ParNew: 7748K->7748K(8128K), 0.0000100 secs]224.454: [Tenured: 11995K->1897K(17924K), 0.0044250 secs] 19743K->1897K(26052K), [Perm : 5142K->5142K(21248K)], 0.0044900 secs] [Times: user=0.00 sys=0.00, real=0.01 secs] 
224.459: Total time for which application threads were stopped: 0.0750680 seconds, Stopping threads took: 0.0705070 seconds
224.460: Application time: 0.0010860 seconds
224.501: [GC224.501: [ParNew: 7146K->895K(8128K), 0.0020250 secs] 9044K->8359K(26052K), 0.0020640 secs] [Times: user=0.02 sys=0.00, real=0.00 secs] 
224.503: Total time for which application threads were stopped: 0.0433540 seconds, Stopping threads took: 0.0412100 seconds
224.584: Application time: 0.0809140 seconds
224.652: [GC224.652: [ParNew: 7748K->400K(8128K), 0.0002870 secs] 15212K->7889K(26052K), 0.0003190 secs] [Times: user=0.00 sys=0.00, real=0.00 secs] 
224.652: Total time for which application threads were stopped: 0.0682600 seconds, Stopping threads took: 0.0678590 seconds
224.653: Application time: 0.0010200 seconds
224.704: [GC224.704: [ParNew: 7625K->823K(8128K), 0.0020600 secs] 15113K->13976K(26052K), 0.0020970 secs] [Times: user=0.01 sys=0.00, real=0.01 secs] 
224.706: Total time for which application threads were stopped: 0.0529640 seconds, Stopping threads took: 0.0507890 seconds
224.791: Application time: 0.0848680 seconds
224.849: [GC224.849: [ParNew: 7969K->7969K(8128K), 0.0000090 secs]224.849: [Tenured: 13153K->3093K(17924K), 0.0054830 secs] 21122K->3093K(26052K), [Perm : 5142K->5142K(21248K)], 0.0055390 secs] [Times: user=0.00 sys=0.00, real=0.00 secs] 
224.854: Total time for which application threads were stopped: 0.0632190 seconds, Stopping threads took: 0.0575970 seconds
224.942: Application time: 0.0873100 seconds
224.949: [GC224.949: [ParNew: 7126K->237K(8128K), 0.0002930 secs] 10219K->3330K(26052K), 0.0003220 secs] [Times: user=0.00 sys=0.00, real=0.00 secs] 
224.950: Total time for which application threads were stopped: 0.0077570 seconds, Stopping threads took: 0.0073600 seconds
224.950: Application time: 0.0007900 seconds
224.999: [GC224.999: [ParNew: 7383K->895K(8128K), 0.0021260 secs] 10476K->9387K(26052K), 0.0021590 secs] [Times: user=0.01 sys=0.00, real=0.00 secs] 
225.001: Total time for which application threads were stopped: 0.0509890 seconds, Stopping threads took: 0.0487510 seconds
225.081: Application time: 0.0797980 seconds
225.151: [GC225.151: [ParNew: 8021K->432K(8128K), 0.0006130 secs] 16514K->8981K(26052K), 0.0006410 secs] [Times: user=0.00 sys=0.00, real=0.00 secs] 
225.151: Total time for which application threads were stopped: 0.0700610 seconds, Stopping threads took: 0.0693430 seconds
225.152: Application time: 0.0008350 seconds
225.192: [GC225.192: [ParNew: 7578K->895K(8128K), 0.0021840 secs] 16127K->15038K(26052K), 0.0022250 secs] [Times: user=0.02 sys=0.00, real=0.00 secs] 
225.195: Total time for which application threads were stopped: 0.0426630 seconds, Stopping threads took: 0.0403450 seconds
225.285: Application time: 0.0904940 seconds
225.337: [GC225.337: [ParNew: 8040K->8040K(8128K), 0.0000100 secs]225.337: [Tenured: 14143K->4224K(17924K), 0.0057000 secs] 22184K->4224K(26052K), [Perm : 5142K->5142K(21248K)], 0.0057570 secs] [Times: user=0.00 sys=0.00, real=0.01 secs] 
225.342: Total time for which application threads were stopped: 0.0571770 seconds, Stopping threads took: 0.0513560 seconds
225.422: Application time: 0.0795100 seconds
225.463: [GC225.463: [ParNew: 7126K->239K(8128K), 0.0004700 secs] 11351K->4463K(26052K), 0.0005000 secs] [Times: user=0.01 sys=0.00, real=0.00 secs] 
225.464: Total time for which application threads were stopped: 0.0416180 seconds, Stopping threads took: 0.0410430 seconds
225.464: Application time: 0.0007820 seconds
225.465: [GC225.465: [ParNew: 7385K->895K(8128K), 0.0022270 secs] 11609K->11593K(26052K), 0.0022620 secs] [Times: user=0.02 sys=0.00, real=0.01 secs] 
225.467: Total time for which application threads were stopped: 0.0025130 seconds, Stopping threads took: 0.0001840 seconds
225.548: Application time: 0.0812460 seconds
225.619: [GC225.619: [ParNew: 7943K->398K(8128K), 0.0003880 secs] 18641K->11152K(26052K), 0.0004250 secs] [Times: user=0.01 sys=0.00, real=0.00 secs] 
225.620: Total time for which application threads were stopped: 0.0715240 seconds, Stopping threads took: 0.0710440 seconds
225.620: Application time: 0.0008590 seconds
225.661: [GC225.661: [ParNew: 7603K->895K(8128K), 0.0019620 secs] 18357K->17174K(26052K), 0.0019990 secs] [Times: user=0.02 sys=0.00, real=0.00 secs] 
225.663: Total time for which application threads were stopped: 0.0421110 seconds, Stopping threads took: 0.0400540 seconds
225.750: Application time: 0.0872350 seconds
225.818: [GC225.818: [ParNew: 7943K->7943K(8128K), 0.0000100 secs]225.818: [Tenured: 16279K->3040K(17924K), 0.0054450 secs] 24222K->3040K(26052K), [Perm : 5142K->5142K(21248K)], 0.0055030 secs] [Times: user=0.00 sys=0.00, real=0.00 secs] 
225.824: Total time for which application threads were stopped: 0.0740000 seconds, Stopping threads took: 0.0684270 seconds
225.911: Application time: 0.0869350 seconds
225.914: [GC225.914: [ParNew: 7048K->14K(8128K), 0.0002040 secs] 10088K->3054K(26052K), 0.0002320 secs] [Times: user=0.00 sys=0.00, real=0.00 secs] 
225.915: Total time for which application threads were stopped: 0.0037860 seconds, Stopping threads took: 0.0035030 seconds
225.915: Application time: 0.0008190 seconds
225.916: [GC225.916: [ParNew: 7219K->895K(8128K), 0.0024010 secs] 10259K->10143K(26052K), 0.0024370 secs] [Times: user=0.02 sys=0.00, real=0.01 secs] 
225.918: Total time for which application threads were stopped: 0.0027980 seconds, Stopping threads took: 0.0002840 seconds
226.000: Application time: 0.0821150 seconds
226.071: [GC226.071: [ParNew: 8040K->201K(8128K), 0.0005550 secs] 17289K->9514K(26052K), 0.0005910 secs] [Times: user=0.00 sys=0.00, real=0.00 secs] 
226.072: Total time for which application threads were stopped: 0.0716240 seconds, Stopping threads took: 0.0709670 seconds
226.073: Application time: 0.0008390 seconds
226.073: [GC226.073: [ParNew: 7347K->895K(8128K), 0.0020630 secs] 16660K->16653K(26052K), 0.0020970 secs] [Times: user=0.01 sys=0.00, real=0.00 secs] 
226.075: Total time for which application threads were stopped: 0.0024740 seconds, Stopping threads took: 0.0003010 seconds
226.160: Application time: 0.0849930 seconds
226.235: [GC226.235: [ParNew: 7943K->7943K(8128K), 0.0000100 secs]226.235: [Tenured: 15758K->1925K(17924K), 0.0050700 secs] 23701K->1925K(26052K), [Perm : 5142K->5142K(21248K)], 0.0051260 secs] [Times: user=0.01 sys=0.00, real=0.01 secs] 
226.241: Total time for which application threads were stopped: 0.0803860 seconds, Stopping threads took: 0.0751770 seconds
226.242: Application time: 0.0010630 seconds
226.294: [GC226.294: [ParNew: 7048K->797K(8128K), 0.0018900 secs] 8973K->7215K(26052K), 0.0019250 secs] [Times: user=0.01 sys=0.00, real=0.00 secs] 
226.296: Total time for which application threads were stopped: 0.0546080 seconds, Stopping threads took: 0.0526020 seconds
226.375: Application time: 0.0788160 seconds
226.417: [GC226.417: [ParNew: 7845K->793K(8128K), 0.0022550 secs] 14263K->8024K(26052K), 0.0022920 secs] [Times: user=0.01 sys=0.00, real=0.01 secs] 
226.419: Total time for which application threads were stopped: 0.0441230 seconds, Stopping threads took: 0.0417450 seconds
226.509: Application time: 0.0898160 seconds
226.514: [GC226.514: [ParNew: 7841K->16K(8128K), 0.0004290 secs] 15072K->7255K(26052K), 0.0004570 secs] [Times: user=0.00 sys=0.00, real=0.00 secs] 
226.515: Total time for which application threads were stopped: 0.0055560 seconds, Stopping threads took: 0.0050500 seconds
226.515: Application time: 0.0008220 seconds
226.516: [GC226.516: [ParNew: 7240K->895K(8128K), 0.0021830 secs] 14479K->14412K(26052K), 0.0022180 secs] [Times: user=0.01 sys=0.00, real=0.01 secs] 
226.518: Total time for which application threads were stopped: 0.0025880 seconds, Stopping threads took: 0.0002930 seconds
226.599: Application time: 0.0810820 seconds
226.663: [GC226.663: [ParNew: 7943K->7943K(8128K), 0.0000110 secs]226.663: [Tenured: 13517K->2605K(17924K), 0.0054240 secs] 21460K->2605K(26052K), [Perm : 5142K->5142K(21248K)], 0.0054890 secs] [Times: user=0.00 sys=0.00, real=0.01 secs] 
226.669: Total time for which application threads were stopped: 0.0694620 seconds, Stopping threads took: 0.0639110 seconds
226.670: Application time: 0.0012470 seconds
226.725: [GC226.725: [ParNew: 7048K->895K(8128K), 0.0020010 secs] 9654K->8579K(26052K), 0.0020360 secs] [Times: user=0.01 sys=0.00, real=0.01 secs] 
226.727: Total time for which application threads were stopped: 0.0569070 seconds, Stopping threads took: 0.0547950 seconds
226.808: Application time: 0.0809940 seconds
226.876: [GC226.876: [ParNew: 8041K->398K(8128K), 0.0006050 secs] 15725K->8106K(26052K), 0.0006360 secs] [Times: user=0.00 sys=0.00, real=0.00 secs] 
226.876: Total time for which application threads were stopped: 0.0686250 seconds, Stopping threads took: 0.0679140 seconds
226.877: Application time: 0.0009510 seconds
226.918: [GC226.918: [ParNew: 7603K->895K(8128K), 0.0021260 secs] 15311K->14128K(26052K), 0.0021610 secs] [Times: user=0.01 sys=0.00, real=0.00 secs] 
226.920: Total time for which application threads were stopped: 0.0431920 seconds, Stopping threads took: 0.0409450 seconds
227.002: Application time: 0.0810590 seconds
227.069: [GC227.069: [ParNew: 8119K->8119K(8128K), 0.0000110 secs]227.069: [Tenured: 13233K->2007K(17924K), 0.0045450 secs] 21352K->2007K(26052K), [Perm : 5142K->5142K(21248K)], 0.0046000 secs] [Times: user=0.00 sys=0.00, real=0.00 secs] 
227.073: Total time for which application threads were stopped: 0.0716820 seconds, Stopping threads took: 0.0670210 seconds
227.074: Application time: 0.0011570 seconds
227.115: [GC227.115: [ParNew: 7145K->893K(8128K), 0.0019540 secs] 9153K->7588K(26052K), 0.0019910 secs] [Times: user=0.01 sys=0.00, real=0.00 secs] 
227.117: Total time for which application threads were stopped: 0.0426750 seconds, Stopping threads took: 0.0406150 seconds
227.196: Application time: 0.0785860 seconds
227.248: [GC227.248: [ParNew: 7941K->791K(8128K), 0.0004160 secs] 14636K->7510K(26052K), 0.0004460 secs] [Times: user=0.01 sys=0.00, real=0.00 secs] 
227.248: Total time for which application threads were stopped: 0.0524410 seconds, Stopping threads took: 0.0519200 seconds
227.249: Application time: 0.0010270 seconds
227.290: [GC227.290: [ParNew: 7937K->893K(8128K), 0.0019500 secs] 14656K->12503K(26052K), 0.0019880 secs] [Times: user=0.01 sys=0.00, real=0.00 secs] 
227.292: Total time for which application threads were stopped: 0.0427420 seconds, Stopping threads took: 0.0406960 seconds
227.372: Application time: 0.0802190 seconds
227.440: [GC227.440: [ParNew: 8117K->8117K(8128K), 0.0000100 secs]227.440: [Tenured: 11610K->2036K(17924K), 0.0045100 secs] 19727K->2036K(26052K), [Perm : 5142K->5142K(21248K)], 0.0045650 secs] [Times: user=0.00 sys=0.00, real=0.00 secs] 
227.445: Total time for which application threads were stopped: 0.0726090 seconds, Stopping threads took: 0.0679590 seconds
227.446: Application time: 0.0013030 seconds
227.446: [GC227.446: [ParNew: 7224K->895K(8128K), 0.0020060 secs] 9261K->9210K(26052K), 0.0020370 secs] [Times: user=0.02 sys=0.00, real=0.00 secs] 
227.448: Total time for which application threads were stopped: 0.0023910 seconds, Stopping threads took: 0.0002720 seconds
227.529: Application time: 0.0809180 seconds
227.590: [GC227.590: [ParNew: 8021K->727K(8128K), 0.0005030 secs] 16336K->9661K(26052K), 0.0005350 secs] [Times: user=0.00 sys=0.00, real=0.00 secs] 
227.590: Total time for which application threads were stopped: 0.0611690 seconds, Stopping threads took: 0.0605580 seconds
227.592: Application time: 0.0012920 seconds
227.669: [GC227.669: [ParNew: 7854K->823K(8128K), 0.0006270 secs] 16787K->9820K(26052K), 0.0006560 secs] [Times: user=0.00 sys=0.00, real=0.00 secs] 
227.670: Total time for which application threads were stopped: 0.0778150 seconds, Stopping threads took: 0.0771050 seconds
227.678: Application time: 0.0084110 seconds
227.747: [GC227.747: [ParNew: 7969K->402K(8128K), 0.0004720 secs] 16966K->9463K(26052K), 0.0005080 secs] [Times: user=0.01 sys=0.00, real=0.00 secs] 
227.748: Total time for which application threads were stopped: 0.0696330 seconds, Stopping threads took: 0.0690510 seconds
227.748: Application time: 0.0008470 seconds
227.789: [GC227.789: [ParNew: 7548K->893K(8128K), 0.0020710 secs] 16610K->15521K(26052K), 0.0021070 secs] [Times: user=0.02 sys=0.00, real=0.00 secs] 
227.791: Total time for which application threads were stopped: 0.0425910 seconds, Stopping threads took: 0.0404070 seconds
227.884: Application time: 0.0924730 seconds
227.955: [GC227.955: [ParNew: 7745K->7745K(8128K), 0.0000100 secs]227.955: [Tenured: 14627K->2513K(17924K), 0.0044830 secs] 22373K->2513K(26052K), [Perm : 5142K->5142K(21248K)], 0.0045390 secs] [Times: user=0.00 sys=0.00, real=0.01 secs] 
227.960: Total time for which application threads were stopped: 0.0760860 seconds, Stopping threads took: 0.0714550 seconds
227.961: Application time: 0.0010640 seconds
228.009: [GC228.009: [ParNew: 7146K->797K(8128K), 0.0022830 secs] 9659K->8975K(26052K), 0.0023200 secs] [Times: user=0.02 sys=0.00, real=0.00 secs] 
228.011: Total time for which application threads were stopped: 0.0503970 seconds, Stopping threads took: 0.0479980 seconds
228.092: Application time: 0.0805710 seconds
228.160: [GC228.160: [ParNew: 7845K->598K(8128K), 0.0006490 secs] 16023K->8783K(26052K), 0.0006800 secs] [Times: user=0.00 sys=0.00, real=0.00 secs] 
228.160: Total time for which application threads were stopped: 0.0686500 seconds, Stopping threads took: 0.0678860 seconds
228.162: Application time: 0.0012430 seconds
228.202: [GC228.202: [ParNew: 7744K->895K(8128K), 0.0017550 secs] 15929K->13776K(26052K), 0.0017910 secs] [Times: user=0.01 sys=0.00, real=0.00 secs] 
228.204: Total time for which application threads were stopped: 0.0423840 seconds, Stopping threads took: 0.0405130 seconds
228.292: Application time: 0.0882980 seconds
228.362: [GC228.362: [ParNew: 7943K->7943K(8128K), 0.0000090 secs]228.362: [Tenured: 12881K->2117K(17924K), 0.0052880 secs] 20824K->2117K(26052K), [Perm : 5142K->5142K(21248K)], 0.0053440 secs] [Times: user=0.01 sys=0.00, real=0.01 secs] 
228.368: Total time for which application threads were stopped: 0.0754830 seconds, Stopping threads took: 0.0700560 seconds
228.369: Application time: 0.0011830 seconds
228.414: [GC228.414: [ParNew: 7146K->893K(8128K), 0.0019930 secs] 9263K->7893K(26052K), 0.0020310 secs] [Times: user=0.02 sys=0.00, real=0.00 secs] 
228.416: Total time for which application threads were stopped: 0.0468360 seconds, Stopping threads took: 0.0447460 seconds
228.507: Application time: 0.0910070 seconds
228.560: [GC228.560: [ParNew: 7941K->889K(8128K), 0.0007200 secs] 14942K->9085K(26052K), 0.0007510 secs] [Times: user=0.01 sys=0.00, real=0.00 secs] 
228.561: Total time for which application threads were stopped: 0.0539020 seconds, Stopping threads took: 0.0530730 seconds
228.647: Application time: 0.0863070 seconds
228.652: [GC228.652: [ParNew: 7917K->434K(8128K), 0.0002950 secs] 16114K->8647K(26052K), 0.0003230 secs] [Times: user=0.01 sys=0.00, real=0.00 secs] 
228.652: Total time for which application threads were stopped: 0.0052630 seconds, Stopping threads took: 0.0048650 seconds
228.653: Application time: 0.0008010 seconds
228.694: [GC228.694: [ParNew: 7483K->895K(8128K), 0.0020980 secs] 15695K->14604K(26052K), 0.0021340 secs] [Times: user=0.01 sys=0.00, real=0.00 secs] 
228.696: Total time for which application threads were stopped: 0.0426920 seconds, Stopping threads took: 0.0405020 seconds
228.777: Application time: 0.0808030 seconds
228.846: [GC228.846: [ParNew: 8001K->8001K(8128K), 0.0000100 secs]228.846: [Tenured: 13709K->1812K(17924K), 0.0044380 secs] 21711K->1812K(26052K), [Perm : 5142K->5142K(21248K)], 0.0044920 secs] [Times: user=0.00 sys=0.00, real=0.00 secs] 
228.851: Total time for which application threads were stopped: 0.0741060 seconds, Stopping threads took: 0.0695540 seconds
228.852: Application time: 0.0012720 seconds
228.893: [GC228.893: [ParNew: 7146K->893K(8128K), 0.0019700 secs] 8958K->8272K(26052K), 0.0020150 secs] [Times: user=0.02 sys=0.00, real=0.00 secs] 
228.895: Total time for which application threads were stopped: 0.0430000 seconds, Stopping threads took: 0.0409050 seconds
228.977: Application time: 0.0816610 seconds
229.044: [GC229.044: [ParNew: 7941K->596K(8128K), 0.0006930 secs] 15320K->7991K(26052K), 0.0007180 secs] [Times: user=0.01 sys=0.00, real=0.00 secs] 
229.045: Total time for which application threads were stopped: 0.0682870 seconds, Stopping threads took: 0.0675060 seconds
229.046: Application time: 0.0009490 seconds
229.098: [GC229.098: [ParNew: 7820K->895K(8128K), 0.0017600 secs] 15215K->13022K(26052K), 0.0017970 secs] [Times: user=0.01 sys=0.00, real=0.00 secs] 
229.100: Total time for which application threads were stopped: 0.0541170 seconds, Stopping threads took: 0.0522330 seconds
229.192: Application time: 0.0916910 seconds
229.248: [GC229.248: [ParNew: 8021K->8021K(8128K), 0.0000100 secs]229.248: [Tenured: 12127K->2651K(17924K), 0.0044950 secs] 20148K->2651K(26052K), [Perm : 5142K->5142K(21248K)], 0.0045530 secs] [Times: user=0.01 sys=0.00, real=0.00 secs] 
229.253: Total time for which application threads were stopped: 0.0610740 seconds, Stopping threads took: 0.0564590 seconds
229.254: Application time: 0.0011350 seconds
229.294: [GC229.294: [ParNew: 7224K->895K(8128K), 0.0023030 secs] 9875K->9532K(26052K), 0.0023410 secs] [Times: user=0.02 sys=0.00, real=0.00 secs] 
229.297: Total time for which application threads were stopped: 0.0429780 seconds, Stopping threads took: 0.0405550 seconds
229.379: Application time: 0.0821330 seconds
229.450: [GC229.450: [ParNew: 8119K->42K(8128K), 0.0003420 secs] 16756K->8719K(26052K), 0.0003740 secs] [Times: user=0.00 sys=0.00, real=0.00 secs] 
229.451: Total time for which application threads were stopped: 0.0715780 seconds, Stopping threads took: 0.0711270 seconds
229.451: Application time: 0.0009010 seconds
229.452: [GC229.452: [ParNew: 7266K->895K(8128K), 0.0019730 secs] 15943K->15878K(26052K), 0.0020060 secs] [Times: user=0.01 sys=0.00, real=0.00 secs] 
229.454: Total time for which application threads were stopped: 0.0023000 seconds, Stopping threads took: 0.0002390 seconds
229.544: Application time: 0.0904810 seconds
229.602: [GC229.602: [ParNew: 7943K->7943K(8128K), 0.0000100 secs]229.602: [Tenured: 14983K->4300K(17924K), 0.0054260 secs] 22926K->4300K(26052K), [Perm : 5142K->5142K(21248K)], 0.0054840 secs] [Times: user=0.00 sys=0.00, real=0.01 secs] 
229.608: Total time for which application threads were stopped: 0.0636550 seconds, Stopping threads took: 0.0580970 seconds
229.692: Application time: 0.0843510 seconds
229.697: [GC229.697: [ParNew: 7048K->795K(8128K), 0.0004270 secs] 11348K->5095K(26052K), 0.0004600 secs] [Times: user=0.00 sys=0.00, real=0.00 secs] 
229.698: Total time for which application threads were stopped: 0.0054060 seconds, Stopping threads took: 0.0048800 seconds
229.699: Application time: 0.0009840 seconds
229.739: [GC229.739: [ParNew: 7941K->797K(8128K), 0.0021740 secs] 12241K->11176K(26052K), 0.0022070 secs] [Times: user=0.01 sys=0.00, real=0.00 secs] 
229.741: Total time for which application threads were stopped: 0.0426730 seconds, Stopping threads took: 0.0404110 seconds
229.822: Application time: 0.0806190 seconds
229.894: [GC229.894: [ParNew: 7943K->10K(8128K), 0.0003860 secs] 18322K->10397K(26052K), 0.0004160 secs] [Times: user=0.00 sys=0.00, real=0.00 secs] 
229.894: Total time for which application threads were stopped: 0.0725440 seconds, Stopping threads took: 0.0720640 seconds
229.895: Application time: 0.0008580 seconds
229.896: [GC229.896: [ParNew: 7156K->895K(8128K), 0.0022480 secs] 17543K->17532K(26052K), 0.0022840 secs] [Times: user=0.02 sys=0.00, real=0.01 secs] 
229.898: Total time for which application threads were stopped: 0.0026120 seconds, Stopping threads took: 0.0002510 seconds
229.989: Application time: 0.0914790 seconds
230.064: [GC230.064: [ParNew: 7943K->7943K(8128K), 0.0000100 secs]230.064: [Tenured: 16637K->1532K(17924K), 0.0051810 secs] 24580K->1532K(26052K), [Perm : 5142K->5142K(21248K)], 0.0052470 secs] [Times: user=0.00 sys=0.00, real=0.01 secs] 
230.069: Total time for which application threads were stopped: 0.0798260 seconds, Stopping threads took: 0.0744980 seconds
230.071: Application time: 0.0012650 seconds
230.111: [GC230.111: [ParNew: 7146K->895K(8128K), 0.0017650 secs] 8678K->7798K(26052K), 0.0017950 secs] [Times: user=0.01 sys=0.00, real=0.00 secs] 
230.113: Total time for which application threads were stopped: 0.0423210 seconds, Stopping threads took: 0.0404440 seconds
230.195: Application time: 0.0817540 seconds
230.263: [GC230.263: [ParNew: 8021K->432K(8128K), 0.0006050 secs] 14925K->7352K(26052K), 0.0006360 secs] [Times: user=0.00 sys=0.00, real=0.00 secs] 
230.264: Total time for which application threads were stopped: 0.0694330 seconds, Stopping threads took: 0.0687250 seconds
230.265: Application time: 0.0007450 seconds
230.265: [GC230.265: [ParNew: 7461K->895K(8128K), 0.0024660 secs] 14381K->14316K(26052K), 0.0025020 secs] [Times: user=0.01 sys=0.00, real=0.01 secs] 
230.268: Total time for which application threads were stopped: 0.0028420 seconds, Stopping threads took: 0.0002620 seconds
230.350: Application time: 0.0821340 seconds
230.406: [GC230.406: [ParNew: 8040K->8040K(8128K), 0.0000110 secs]230.406: [Tenured: 13421K->2956K(17924K), 0.0059190 secs] 21462K->2956K(26052K), [Perm : 5142K->5142K(21248K)], 0.0059730 secs] [Times: user=0.00 sys=0.00, real=0.01 secs] 
230.412: Total time for which application threads were stopped: 0.0618240 seconds, Stopping threads took: 0.0557910 seconds
230.497: Application time: 0.0857690 seconds
230.503: [GC230.503: [ParNew: 7048K->14K(8128K), 0.0005520 secs] 10004K->2970K(26052K), 0.0005800 secs] [Times: user=0.00 sys=0.00, real=0.00 secs] 
230.503: Total time for which application threads were stopped: 0.0061010 seconds, Stopping threads took: 0.0054600 seconds
230.504: Application time: 0.0007000 seconds
230.504: [GC230.504: [ParNew: 7160K->895K(8128K), 0.0023760 secs] 10116K->10102K(26052K), 0.0024110 secs] [Times: user=0.01 sys=0.00, real=0.01 secs] 
230.507: Total time for which application threads were stopped: 0.0027060 seconds, Stopping threads took: 0.0002190 seconds
230.588: Application time: 0.0807890 seconds
230.659: [GC230.659: [ParNew: 7943K->207K(8128K), 0.0002790 secs] 17150K->9430K(26052K), 0.0003090 secs] [Times: user=0.00 sys=0.00, real=0.00 secs] 
230.659: Total time for which application threads were stopped: 0.0718030 seconds, Stopping threads took: 0.0714120 seconds
230.660: Application time: 0.0008500 seconds
230.701: [GC230.701: [ParNew: 7431K->825K(8128K), 0.0019780 secs] 16654K->15517K(26052K), 0.0020150 secs] [Times: user=0.01 sys=0.00, real=0.00 secs] 
230.703: Total time for which application threads were stopped: 0.0423470 seconds, Stopping threads took: 0.0402760 seconds
230.793: Application time: 0.0900150 seconds
230.866: [GC230.866: [ParNew: 7873K->7873K(8128K), 0.0000100 secs]230.866: [Tenured: 14691K->1813K(17924K), 0.0049310 secs] 22565K->1813K(26052K), [Perm : 5142K->5142K(21248K)], 0.0049880 secs] [Times: user=0.00 sys=0.00, real=0.00 secs] 
230.871: Total time for which application threads were stopped: 0.0787230 seconds, Stopping threads took: 0.0736750 seconds
230.872: Application time: 0.0010740 seconds
230.914: [GC230.914: [ParNew: 7185K->895K(8128K), 0.0022600 secs] 8998K->8163K(26052K), 0.0022980 secs] [Times: user=0.01 sys=0.00, real=0.00 secs] 
230.917: Total time for which application threads were stopped: 0.0442740 seconds, Stopping threads took: 0.0418960 seconds
230.997: Application time: 0.0799740 seconds
231.064: [GC231.064: [ParNew: 7943K->400K(8128K), 0.0003380 secs] 15211K->7725K(26052K), 0.0003700 secs] [Times: user=0.00 sys=0.00, real=0.00 secs] 
231.065: Total time for which application threads were stopped: 0.0680250 seconds, Stopping threads took: 0.0675780 seconds
231.066: Application time: 0.0009710 seconds
231.112: [GC231.112: [ParNew: 7546K->797K(8128K), 0.0021030 secs] 14871K->13786K(26052K), 0.0021460 secs] [Times: user=0.01 sys=0.00, real=0.00 secs] 
231.114: Total time for which application threads were stopped: 0.0480170 seconds, Stopping threads took: 0.0457930 seconds
231.195: Application time: 0.0812030 seconds
231.264: [GC231.264: [ParNew: 7728K->7728K(8128K), 0.0000100 secs]231.264: [Tenured: 12988K->2318K(17924K), 0.0050870 secs] 20717K->2318K(26052K), [Perm : 5142K->5142K(21248K)], 0.0051420 secs] [Times: user=0.01 sys=0.00, real=0.01 secs] 
231.269: Total time for which application threads were stopped: 0.0745270 seconds, Stopping threads took: 0.0692970 seconds
231.271: Application time: 0.0010680 seconds
231.271: [GC231.271: [ParNew: 7146K->895K(8128K), 0.0024000 secs] 9464K->9463K(26052K), 0.0024360 secs] [Times: user=0.02 sys=0.00, real=0.00 secs] 
231.273: Total time for which application threads were stopped: 0.0028050 seconds, Stopping threads took: 0.0002880 seconds
231.355: Application time: 0.0818770 seconds
231.423: [GC231.423: [ParNew: 7943K->596K(8128K), 0.0007340 secs] 16512K->9180K(26052K), 0.0015600 secs] [Times: user=0.00 sys=0.00, real=0.00 secs] 
231.425: Total time for which application threads were stopped: 0.0694730 seconds, Stopping threads took: 0.0678160 seconds
231.426: Application time: 0.0010580 seconds
231.477: [GC231.477: [ParNew: 7742K->895K(8128K), 0.0017060 secs] 16326K->14183K(26052K), 0.0017410 secs] [Times: user=0.01 sys=0.00, real=0.01 secs] 
231.479: Total time for which application threads were stopped: 0.0527630 seconds, Stopping threads took: 0.0509430 seconds
231.567: Application time: 0.0882410 seconds
231.618: [GC231.618: [ParNew: 8021K->8021K(8128K), 0.0000150 secs]231.618: [Tenured: 13288K->3193K(17924K), 0.0055120 secs] 21310K->3193K(26052K), [Perm : 5142K->5142K(21248K)], 0.0055750 secs] [Times: user=0.00 sys=0.00, real=0.01 secs] 
231.623: Total time for which application threads were stopped: 0.0564450 seconds, Stopping threads took: 0.0507850 seconds
231.701: Application time: 0.0781090 seconds
231.705: [GC231.705: [ParNew: 7146K->402K(8128K), 0.0006410 secs] 10339K->3595K(26052K), 0.0006720 secs] [Times: user=0.00 sys=0.00, real=0.00 secs] 
231.705: Total time for which application threads were stopped: 0.0040380 seconds, Stopping threads took: 0.0032910 seconds
231.706: Application time: 0.0008390 seconds
231.747: [GC231.747: [ParNew: 7548K->895K(8128K), 0.0022160 secs] 10741K->9654K(26052K), 0.0022460 secs] [Times: user=0.02 sys=0.00, real=0.00 secs] 
231.749: Total time for which application threads were stopped: 0.0426790 seconds, Stopping threads took: 0.0403600 seconds
231.830: Application time: 0.0807400 seconds
231.897: [GC231.897: [ParNew: 7748K->404K(8128K), 0.0005040 secs] 16507K->9180K(26052K), 0.0005370 secs] [Times: user=0.00 sys=0.00, real=0.00 secs] 
231.897: Total time for which application threads were stopped: 0.0675420 seconds, Stopping threads took: 0.0669310 seconds
231.898: Application time: 0.0008850 seconds
231.951: [GC231.951: [ParNew: 7550K->895K(8128K), 0.0020480 secs] 16326K->15237K(26052K), 0.0020830 secs] [Times: user=0.01 sys=0.00, real=0.00 secs] 
231.953: Total time for which application threads were stopped: 0.0547190 seconds, Stopping threads took: 0.0525810 seconds
232.044: Application time: 0.0909220 seconds
232.117: [GC232.117: [ParNew: 7747K->7747K(8128K), 0.0000100 secs]232.117: [Tenured: 14342K->1728K(17924K), 0.0045010 secs] 22090K->1728K(26052K), [Perm : 5142K->5142K(21248K)], 0.0045580 secs] [Times: user=0.01 sys=0.00, real=0.01 secs] 
232.122: Total time for which application threads were stopped: 0.0782310 seconds, Stopping threads took: 0.0736120 seconds
232.123: Application time: 0.0010510 seconds
232.164: [GC232.164: [ParNew: 7205K->895K(8128K), 0.0021460 secs] 8934K->8149K(26052K), 0.0021880 secs] [Times: user=0.02 sys=0.00, real=0.01 secs] 
232.166: Total time for which application threads were stopped: 0.0430490 seconds, Stopping threads took: 0.0407970 seconds
232.246: Application time: 0.0794510 seconds
232.310: [GC232.310: [ParNew: 7845K->402K(8128K), 0.0006630 secs] 15099K->7704K(26052K), 0.0007010 secs] [Times: user=0.01 sys=0.00, real=0.00 secs] 
232.311: Total time for which application threads were stopped: 0.0652590 seconds, Stopping threads took: 0.0644820 seconds
232.312: Application time: 0.0009720 seconds
232.352: [GC232.352: [ParNew: 7627K->895K(8128K), 0.0018700 secs] 14929K->12717K(26052K), 0.0019050 secs] [Times: user=0.02 sys=0.00, real=0.00 secs] 
232.354: Total time for which application threads were stopped: 0.0423800 seconds, Stopping threads took: 0.0403970 seconds
232.446: Application time: 0.0920610 seconds
232.519: [GC232.519: [ParNew: 7748K->7748K(8128K), 0.0000100 secs]232.519: [Tenured: 11822K->1814K(17924K), 0.0051790 secs] 19570K->1814K(26052K), [Perm : 5142K->5142K(21248K)], 0.0052350 secs] [Times: user=0.00 sys=0.00, real=0.00 secs] 
232.524: Total time for which application threads were stopped: 0.0781660 seconds, Stopping threads took: 0.0728630 seconds
232.525: Application time: 0.0010460 seconds
232.566: [GC232.566: [ParNew: 7048K->895K(8128K), 0.0019220 secs] 8862K->8178K(26052K), 0.0019620 secs] [Times: user=0.01 sys=0.00, real=0.00 secs] 
232.568: Total time for which application threads were stopped: 0.0425600 seconds, Stopping threads took: 0.0405350 seconds
232.649: Application time: 0.0810240 seconds
232.717: [GC232.717: [ParNew: 7923K->434K(8128K), 0.0005330 secs] 15207K->7750K(26052K), 0.0005640 secs] [Times: user=0.00 sys=0.00, real=0.00 secs] 
232.717: Total time for which application threads were stopped: 0.0682500 seconds, Stopping threads took: 0.0676110 seconds
232.718: Application time: 0.0009890 seconds
232.759: [GC232.759: [ParNew: 7581K->825K(8128K), 0.0021220 secs] 14896K->13805K(26052K), 0.0021570 secs] [Times: user=0.01 sys=0.00, real=0.00 secs] 
232.761: Total time for which application threads were stopped: 0.0424620 seconds, Stopping threads took: 0.0402270 seconds
232.841: Application time: 0.0805420 seconds
232.910: [GC232.910: [ParNew: 7678K->7678K(8128K), 0.0000100 secs]232.910: [Tenured: 12979K->2234K(17924K), 0.0051130 secs] 20658K->2234K(26052K), [Perm : 5142K->5142K(21248K)], 0.0051690 secs] [Times: user=0.00 sys=0.00, real=0.00 secs] 
232.916: Total time for which application threads were stopped: 0.0742990 seconds, Stopping threads took: 0.0690470 seconds
232.917: Application time: 0.0012970 seconds
232.989: [GC232.989: [ParNew: 7224K->825K(8128K), 0.0013360 secs] 9458K->6575K(26052K), 0.0013680 secs] [Times: user=0.01 sys=0.00, real=0.00 secs] 
232.991: Total time for which application threads were stopped: 0.0739300 seconds, Stopping threads took: 0.0725040 seconds
233.070: Application time: 0.0788200 seconds
233.112: [GC233.112: [ParNew: 8049K->825K(8128K), 0.0007230 secs] 13799K->7624K(26052K), 0.0007560 secs] [Times: user=0.00 sys=0.00, real=0.00 secs] 
233.112: Total time for which application threads were stopped: 0.0428260 seconds, Stopping threads took: 0.0419840 seconds
233.197: Application time: 0.0850650 seconds
233.207: [GC233.207: [ParNew: 7952K->235K(8128K), 0.0004620 secs] 14751K->7106K(26052K), 0.0004930 secs] [Times: user=0.01 sys=0.00, real=0.00 secs] 
233.208: Total time for which application threads were stopped: 0.0099930 seconds, Stopping threads took: 0.0094470 seconds
233.208: Application time: 0.0007610 seconds
233.256: [GC233.256: [ParNew: 7459K->853K(8128K), 0.0022150 secs] 14330K->13193K(26052K), 0.0022510 secs] [Times: user=0.01 sys=0.00, real=0.01 secs] 
233.259: Total time for which application threads were stopped: 0.0504650 seconds, Stopping threads took: 0.0481370 seconds
233.344: Application time: 0.0856860 seconds
233.411: [GC233.411: [ParNew: 7999K->7999K(8128K), 0.0000110 secs]233.411: [Tenured: 12339K->2900K(17924K), 0.0050160 secs] 20339K->2900K(26052K), [Perm : 5142K->5142K(21248K)], 0.0050740 secs] [Times: user=0.01 sys=0.00, real=0.00 secs] 
233.416: Total time for which application threads were stopped: 0.0717660 seconds, Stopping threads took: 0.0666090 seconds
233.503: Application time: 0.0871020 seconds
233.512: [GC233.512: [ParNew: 7048K->14K(8128K), 0.0002180 secs] 9948K->2914K(26052K), 0.0002570 secs] [Times: user=0.00 sys=0.00, real=0.00 secs] 
233.512: Total time for which application threads were stopped: 0.0087430 seconds, Stopping threads took: 0.0084230 seconds
233.513: Application time: 0.0006540 seconds
233.513: [GC233.513: [ParNew: 7160K->895K(8128K), 0.0021370 secs] 10060K->10046K(26052K), 0.0021700 secs] [Times: user=0.02 sys=0.00, real=0.00 secs] 
233.515: Total time for which application threads were stopped: 0.0026950 seconds, Stopping threads took: 0.0004690 seconds
233.597: Application time: 0.0814580 seconds
233.661: [GC233.661: [ParNew: 7845K->795K(8128K), 0.0006110 secs] 16996K->10368K(26052K), 0.0006460 secs] [Times: user=0.01 sys=0.00, real=0.00 secs] 
233.661: Total time for which application threads were stopped: 0.0646360 seconds, Stopping threads took: 0.0639070 seconds
233.663: Application time: 0.0011100 seconds
233.734: [GC233.734: [ParNew: 7941K->793K(8128K), 0.0016450 secs] 17515K->14680K(26052K), 0.0016820 secs] [Times: user=0.01 sys=0.00, real=0.00 secs] 
233.736: Total time for which application threads were stopped: 0.0735730 seconds, Stopping threads took: 0.0718290 seconds
233.823: Application time: 0.0867510 seconds
233.893: [GC233.893: [ParNew: 7939K->7939K(8128K), 0.0000090 secs]233.893: [Tenured: 13886K->1728K(17924K), 0.0046010 secs] 21826K->1728K(26052K), [Perm : 5142K->5142K(21248K)], 0.0046670 secs] [Times: user=0.01 sys=0.00, real=0.01 secs] 
233.898: Total time for which application threads were stopped: 0.0748030 seconds, Stopping threads took: 0.0700750 seconds
233.899: Application time: 0.0010430 seconds
233.939: [GC233.939: [ParNew: 7146K->895K(8128K), 0.0019970 secs] 8875K->8190K(26052K), 0.0020350 secs] [Times: user=0.01 sys=0.00, real=0.00 secs] 
233.941: Total time for which application threads were stopped: 0.0426680 seconds, Stopping threads took: 0.0405500 seconds
234.022: Application time: 0.0809840 seconds
234.089: [GC234.089: [ParNew: 7943K->598K(8128K), 0.0005260 secs] 15238K->7909K(26052K), 0.0005570 secs] [Times: user=0.01 sys=0.00, real=0.00 secs] 
234.090: Total time for which application threads were stopped: 0.0676220 seconds, Stopping threads took: 0.0670110 seconds
234.091: Application time: 0.0008840 seconds
234.132: [GC234.132: [ParNew: 7822K->895K(8128K), 0.0017370 secs] 15134K->12934K(26052K), 0.0017710 secs] [Times: user=0.01 sys=0.01, real=0.00 secs] 
234.134: Total time for which application threads were stopped: 0.0426010 seconds, Stopping threads took: 0.0407500 seconds
234.213: Application time: 0.0799020 seconds
234.256: [GC234.256: [ParNew: 7943K->7943K(8128K), 0.0000110 secs]234.256: [Tenured: 12039K->3221K(17924K), 0.0048090 secs] 19982K->3221K(26052K), [Perm : 5142K->5142K(21248K)], 0.0048690 secs] [Times: user=0.01 sys=0.00, real=0.01 secs] 
234.261: Total time for which application threads were stopped: 0.0478090 seconds, Stopping threads took: 0.0428670 seconds
234.339: Application time: 0.0781640 seconds
234.346: [GC234.346: [ParNew: 7107K->267K(8128K), 0.0004810 secs] 10329K->3489K(26052K), 0.0005120 secs] [Times: user=0.00 sys=0.00, real=0.00 secs] 
234.347: Total time for which application threads were stopped: 0.0074060 seconds, Stopping threads took: 0.0068200 seconds
234.348: Application time: 0.0007780 seconds
234.348: [GC234.348: [ParNew: 7413K->895K(8128K), 0.0022600 secs] 10635K->10618K(26052K), 0.0022930 secs] [Times: user=0.02 sys=0.00, real=0.00 secs] 
234.350: Total time for which application threads were stopped: 0.0025480 seconds, Stopping threads took: 0.0002040 seconds
234.431: Application time: 0.0805170 seconds
234.501: [GC234.501: [ParNew: 7943K->404K(8128K), 0.0005190 secs] 17667K->10192K(26052K), 0.0005530 secs] [Times: user=0.00 sys=0.00, real=0.00 secs] 
234.501: Total time for which application threads were stopped: 0.0706740 seconds, Stopping threads took: 0.0700430 seconds
234.502: Application time: 0.0009040 seconds
234.558: [GC234.558: [ParNew: 7629K->895K(8128K), 0.0018540 secs] 17416K->15203K(26052K), 0.0018860 secs] [Times: user=0.02 sys=0.00, real=0.00 secs] 
234.560: Total time for which application threads were stopped: 0.0579190 seconds, Stopping threads took: 0.0559690 seconds
234.648: Application time: 0.0873330 seconds
234.718: [GC234.718: [ParNew: 8021K->8021K(8128K), 0.0000100 secs]234.718: [Tenured: 14308K->2066K(17924K), 0.0051120 secs] 22329K->2066K(26052K), [Perm : 5142K->5142K(21248K)], 0.0051670 secs] [Times: user=0.01 sys=0.00, real=0.00 secs] 
234.723: Total time for which application threads were stopped: 0.0758020 seconds, Stopping threads took: 0.0705730 seconds
234.724: Application time: 0.0010570 seconds
234.775: [GC234.775: [ParNew: 7146K->893K(8128K), 0.0020210 secs] 9212K->7647K(26052K), 0.0020570 secs] [Times: user=0.01 sys=0.00, real=0.00 secs] 
234.777: Total time for which application threads were stopped: 0.0525010 seconds, Stopping threads took: 0.0503560 seconds
234.864: Application time: 0.0875480 seconds
234.933: [GC234.933: [ParNew: 8097K->851K(8128K), 0.0003990 secs] 14851K->7629K(26052K), 0.0004390 secs] [Times: user=0.00 sys=0.01, real=0.00 secs] 
234.934: Total time for which application threads were stopped: 0.0692750 seconds, Stopping threads took: 0.0687590 seconds
234.935: Application time: 0.0011430 seconds
234.976: [GC234.976: [ParNew: 8075K->895K(8128K), 0.0020690 secs] 14854K->13746K(26052K), 0.0021030 secs] [Times: user=0.01 sys=0.00, real=0.01 secs] 
234.978: Total time for which application threads were stopped: 0.0431480 seconds, Stopping threads took: 0.0409910 seconds
235.078: Application time: 0.1002800 seconds
235.148: [GC235.148: [ParNew: 8041K->8041K(8128K), 0.0000110 secs]235.148: [Tenured: 12851K->1338K(17924K), 0.0057570 secs] 20892K->1338K(26052K), [Perm : 5142K->5142K(21248K)], 0.0058110 secs] [Times: user=0.00 sys=0.00, real=0.00 secs] 
235.154: Total time for which application threads were stopped: 0.0754080 seconds, Stopping threads took: 0.0695090 seconds
235.155: Application time: 0.0012610 seconds
235.155: [GC235.155: [ParNew: 7146K->893K(8128K), 0.0023170 secs] 8484K->8482K(26052K), 0.0023640 secs] [Times: user=0.01 sys=0.00, real=0.00 secs] 
235.158: Total time for which application threads were stopped: 0.0027380 seconds, Stopping threads took: 0.0002900 seconds
235.240: Application time: 0.0820300 seconds
235.279: [GC235.279: [ParNew: 7843K->893K(8128K), 0.0009310 secs] 15432K->9865K(26052K), 0.0009610 secs] [Times: user=0.00 sys=0.00, real=0.00 secs] 
235.280: Total time for which application threads were stopped: 0.0405770 seconds, Stopping threads took: 0.0395330 seconds
235.362: Application time: 0.0814630 seconds
235.366: [GC235.366: [ParNew: 8039K->791K(8128K), 0.0005990 secs] 17011K->9771K(26052K), 0.0006290 secs] [Times: user=0.00 sys=0.00, real=0.00 secs] 
235.367: Total time for which application threads were stopped: 0.0050660 seconds, Stopping threads took: 0.0043610 seconds
235.368: Application time: 0.0009940 seconds
235.408: [GC235.408: [ParNew: 7937K->895K(8128K), 0.0020200 secs] 16917K->15848K(26052K), 0.0020550 secs] [Times: user=0.02 sys=0.00, real=0.00 secs] 
235.410: Total time for which application threads were stopped: 0.0426480 seconds, Stopping threads took: 0.0405160 seconds
235.503: Application time: 0.0929150 seconds
235.576: [GC235.576: [ParNew: 7943K->7943K(8128K), 0.0000100 secs]235.576: [Tenured: 14953K->2316K(17924K), 0.0052650 secs] 22897K->2316K(26052K), [Perm : 5142K->5142K(21248K)], 0.0053220 secs] [Times: user=0.00 sys=0.00, real=0.01 secs] 
235.582: Total time for which application threads were stopped: 0.0782060 seconds, Stopping threads took: 0.0728020 seconds
235.583: Application time: 0.0011770 seconds
235.623: [GC235.623: [ParNew: 7146K->893K(8128K), 0.0019210 secs] 9462K->8287K(26052K), 0.0019590 secs] [Times: user=0.02 sys=0.00, real=0.00 secs] 
235.625: Total time for which application threads were stopped: 0.0425840 seconds, Stopping threads took: 0.0405650 seconds
235.705: Application time: 0.0793870 seconds
235.775: [GC235.775: [ParNew: 8039K->207K(8128K), 0.0006000 secs] 15433K->7618K(26052K), 0.0006300 secs] [Times: user=0.00 sys=0.00, real=0.00 secs] 
235.775: Total time for which application threads were stopped: 0.0705180 seconds, Stopping threads took: 0.0698050 seconds
235.776: Application time: 0.0008810 seconds
235.828: [GC235.828: [ParNew: 7353K->895K(8128K), 0.0021270 secs] 14764K->13677K(26052K), 0.0021650 secs] [Times: user=0.01 sys=0.01, real=0.00 secs] 
235.830: Total time for which application threads were stopped: 0.0538120 seconds, Stopping threads took: 0.0515650 seconds
235.915: Application time: 0.0848060 seconds
235.984: [GC235.984: [ParNew: 7943K->7943K(8128K), 0.0000100 secs]235.984: [Tenured: 12782K->1730K(17924K), 0.0044290 secs] 20725K->1730K(26052K), [Perm : 5142K->5142K(21248K)], 0.0044850 secs] [Times: user=0.00 sys=0.00, real=0.01 secs] 
235.989: Total time for which application threads were stopped: 0.0737270 seconds, Stopping threads took: 0.0691700 seconds
235.990: Application time: 0.0010870 seconds
236.030: [GC236.030: [ParNew: 7126K->895K(8128K), 0.0019790 secs] 8857K->8122K(26052K), 0.0020180 secs] [Times: user=0.01 sys=0.00, real=0.00 secs] 
236.032: Total time for which application threads were stopped: 0.0423800 seconds, Stopping threads took: 0.0402810 seconds
236.112: Application time: 0.0802250 seconds
236.180: [GC236.180: [ParNew: 8001K->462K(8128K), 0.0003380 secs] 15229K->7730K(26052K), 0.0003670 secs] [Times: user=0.00 sys=0.00, real=0.00 secs] 
236.181: Total time for which application threads were stopped: 0.0684470 seconds, Stopping threads took: 0.0680220 seconds
236.182: Application time: 0.0010660 seconds
236.223: [GC236.223: [ParNew: 7609K->797K(8128K), 0.0019600 secs] 14876K->13825K(26052K), 0.0019990 secs] [Times: user=0.01 sys=0.00, real=0.00 secs] 
236.225: Total time for which application threads were stopped: 0.0428410 seconds, Stopping threads took: 0.0407860 seconds
236.311: Application time: 0.0866330 seconds
236.387: [GC236.387: [ParNew: 7650K->7650K(8128K), 0.0000100 secs]236.387: [Tenured: 13027K->1815K(17924K), 0.0050990 secs] 20678K->1815K(26052K), [Perm : 5142K->5142K(21248K)], 0.0051560 secs] [Times: user=0.00 sys=0.00, real=0.00 secs] 
236.392: Total time for which application threads were stopped: 0.0806180 seconds, Stopping threads took: 0.0753940 seconds
236.393: Application time: 0.0010940 seconds
236.444: [GC236.444: [ParNew: 7048K->895K(8128K), 0.0019580 secs] 8864K->8179K(26052K), 0.0020000 secs] [Times: user=0.02 sys=0.00, real=0.01 secs] 
236.446: Total time for which application threads were stopped: 0.0533180 seconds, Stopping threads took: 0.0512600 seconds
236.528: Application time: 0.0820320 seconds
236.595: [GC236.595: [ParNew: 8040K->598K(8128K), 0.0006570 secs] 15325K->7914K(26052K), 0.0006850 secs] [Times: user=0.00 sys=0.00, real=0.00 secs] 
236.596: Total time for which application threads were stopped: 0.0678970 seconds, Stopping threads took: 0.0671370 seconds
236.597: Application time: 0.0009540 seconds
236.638: [GC236.638: [ParNew: 7803K->895K(8128K), 0.0017450 secs] 15119K->12874K(26052K), 0.0017810 secs] [Times: user=0.01 sys=0.00, real=0.00 secs] 
236.640: Total time for which application threads were stopped: 0.0426780 seconds, Stopping threads took: 0.0408190 seconds
236.718: Application time: 0.0786540 seconds
236.760: [GC236.760: [ParNew: 7806K->7806K(8128K), 0.0000110 secs]236.760: [Tenured: 11978K->1729K(17924K), 0.0046480 secs] 19785K->1729K(26052K), [Perm : 5142K->5142K(21248K)], 0.0047050 secs] [Times: user=0.01 sys=0.00, real=0.00 secs] 
236.765: Total time for which application threads were stopped: 0.0466640 seconds, Stopping threads took: 0.0418760 seconds
236.766: Application time: 0.0010960 seconds
236.819: [GC236.819: [ParNew: 7146K->895K(8128K), 0.0020890 secs] 8875K->7117K(26052K), 0.0021260 secs] [Times: user=0.01 sys=0.00, real=0.00 secs] 
236.821: Total time for which application threads were stopped: 0.0546280 seconds, Stopping threads took: 0.0524210 seconds
236.900: Application time: 0.0789350 seconds
236.942: [GC236.942: [ParNew: 8041K->789K(8128K), 0.0006420 secs] 14263K->8020K(26052K), 0.0006740 secs] [Times: user=0.00 sys=0.00, real=0.00 secs] 
236.943: Total time for which application threads were stopped: 0.0428130 seconds, Stopping threads took: 0.0420650 seconds
237.030: Application time: 0.0876770 seconds
237.041: [GC237.041: [ParNew: 7916K->237K(8128K), 0.0005630 secs] 15147K->7484K(26052K), 0.0005920 secs] [Times: user=0.00 sys=0.00, real=0.00 secs] 
237.042: Total time for which application threads were stopped: 0.0112690 seconds, Stopping threads took: 0.0106020 seconds
237.046: Application time: 0.0041650 seconds
237.118: [GC237.118: [ParNew: 7381K->823K(8128K), 0.0007480 secs] 14628K->9242K(26052K), 0.0007750 secs] [Times: user=0.00 sys=0.00, real=0.00 secs] 
237.119: Total time for which application threads were stopped: 0.0732770 seconds, Stopping threads took: 0.0724520 seconds
237.205: Application time: 0.0860250 seconds
237.209: [GC237.209: [ParNew: 7871K->402K(8128K), 0.0003220 secs] 16290K->8893K(26052K), 0.0003510 secs] [Times: user=0.00 sys=0.00, real=0.00 secs] 
237.210: Total time for which application threads were stopped: 0.0045270 seconds, Stopping threads took: 0.0041010 seconds
237.210: Application time: 0.0009260 seconds
237.251: [GC237.251: [ParNew: 7548K->797K(8128K), 0.0019380 secs] 16039K->14952K(26052K), 0.0019730 secs] [Times: user=0.01 sys=0.00, real=0.00 secs] 
237.253: Total time for which application threads were stopped: 0.0421540 seconds, Stopping threads took: 0.0401250 seconds
237.333: Application time: 0.0807650 seconds
237.404: [GC237.404: [ParNew: 7650K->7650K(8128K), 0.0000100 secs]237.404: [Tenured: 14155K->2149K(17924K), 0.0051550 secs] 21805K->2149K(26052K), [Perm : 5142K->5142K(21248K)], 0.0052080 secs] [Times: user=0.01 sys=0.00, real=0.01 secs] 
237.409: Total time for which application threads were stopped: 0.0758080 seconds, Stopping threads took: 0.0705200 seconds
237.410: Application time: 0.0010730 seconds
237.451: [GC237.451: [ParNew: 7048K->893K(8128K), 0.0020530 secs] 9198K->8512K(26052K), 0.0020920 secs] [Times: user=0.02 sys=0.00, real=0.00 secs] 
237.453: Total time for which application threads were stopped: 0.0424870 seconds, Stopping threads took: 0.0403140 seconds
237.534: Application time: 0.0816110 seconds
237.603: [GC237.603: [ParNew: 8038K->596K(8128K), 0.0004750 secs] 15657K->8239K(26052K), 0.0005060 secs] [Times: user=0.00 sys=0.00, real=0.00 secs] 
237.603: Total time for which application threads were stopped: 0.0687500 seconds, Stopping threads took: 0.0681800 seconds
237.604: Application time: 0.0010280 seconds
237.645: [GC237.645: [ParNew: 7742K->893K(8128K), 0.0017360 secs] 15385K->13239K(26052K), 0.0017750 secs] [Times: user=0.01 sys=0.00, real=0.01 secs] 
237.647: Total time for which application threads were stopped: 0.0423570 seconds, Stopping threads took: 0.0405240 seconds
237.736: Application time: 0.0898100 seconds
237.807: [GC237.807: [ParNew: 7941K->7941K(8128K), 0.0000100 secs]237.807: [Tenured: 12346K->2540K(17924K), 0.0046500 secs] 20288K->2540K(26052K), [Perm : 5142K->5142K(21248K)], 0.0047060 secs] [Times: user=0.01 sys=0.00, real=0.00 secs] 
237.812: Total time for which application threads were stopped: 0.0756790 seconds, Stopping threads took: 0.0709120 seconds
237.813: Application time: 0.0011690 seconds
237.864: [GC237.864: [ParNew: 7146K->893K(8128K), 0.0015510 secs] 9686K->7242K(26052K), 0.0015860 secs] [Times: user=0.01 sys=0.00, real=0.00 secs] 
237.865: Total time for which application threads were stopped: 0.0520040 seconds, Stopping threads took: 0.0503600 seconds
237.947: Application time: 0.0813220 seconds
237.988: [GC237.988: [ParNew: 8098K->851K(8128K), 0.0006060 secs] 14447K->7419K(26052K), 0.0006380 secs] [Times: user=0.00 sys=0.00, real=0.00 secs] 
237.989: Total time for which application threads were stopped: 0.0421290 seconds, Stopping threads took: 0.0414170 seconds
237.990: Application time: 0.0010960 seconds
238.043: [GC238.043: [ParNew: 7997K->895K(8128K), 0.0021490 secs] 14566K->12638K(26052K), 0.0021850 secs] [Times: user=0.01 sys=0.00, real=0.00 secs] 
238.046: Total time for which application threads were stopped: 0.0558830 seconds, Stopping threads took: 0.0536410 seconds
238.126: Application time: 0.0806660 seconds
238.193: [GC238.193: [ParNew: 8119K->8119K(8128K), 0.0000090 secs]238.193: [Tenured: 11742K->2039K(17924K), 0.0045350 secs] 19862K->2039K(26052K), [Perm : 5142K->5142K(21248K)], 0.0045990 secs] [Times: user=0.01 sys=0.00, real=0.00 secs] 
238.198: Total time for which application threads were stopped: 0.0712970 seconds, Stopping threads took: 0.0666240 seconds
238.199: Application time: 0.0010480 seconds
238.199: [GC238.199: [ParNew: 7146K->895K(8128K), 0.0021550 secs] 9185K->9185K(26052K), 0.0021930 secs] [Times: user=0.01 sys=0.00, real=0.00 secs] 
238.201: Total time for which application threads were stopped: 0.0025280 seconds, Stopping threads took: 0.0002590 seconds
238.283: Application time: 0.0822650 seconds
238.358: [GC238.358: [ParNew: 7943K->402K(8128K), 0.0003880 secs] 16233K->8717K(26052K), 0.0004170 secs] [Times: user=0.00 sys=0.00, real=0.01 secs] 
238.358: Total time for which application threads were stopped: 0.0745380 seconds, Stopping threads took: 0.0740670 seconds
238.359: Application time: 0.0008200 seconds
238.399: [GC238.399: [ParNew: 7529K->893K(8128K), 0.0019050 secs] 15843K->14704K(26052K), 0.0019420 secs] [Times: user=0.01 sys=0.00, real=0.00 secs] 
238.401: Total time for which application threads were stopped: 0.0425050 seconds, Stopping threads took: 0.0405060 seconds
238.482: Application time: 0.0808630 seconds
238.549: [GC238.549: [ParNew: 7843K->7843K(8128K), 0.0000110 secs]238.549: [Tenured: 13811K->1730K(17924K), 0.0051330 secs] 21655K->1730K(26052K), [Perm : 5142K->5142K(21248K)], 0.0051880 secs] [Times: user=0.01 sys=0.00, real=0.00 secs] 
238.555: Total time for which application threads were stopped: 0.0723530 seconds, Stopping threads took: 0.0670760 seconds
238.556: Application time: 0.0011240 seconds
238.600: [GC238.600: [ParNew: 7068K->895K(8128K), 0.0019980 secs] 8798K->7913K(26052K), 0.0020370 secs] [Times: user=0.01 sys=0.00, real=0.00 secs] 
238.602: Total time for which application threads were stopped: 0.0464860 seconds, Stopping threads took: 0.0443700 seconds
238.681: Application time: 0.0790940 seconds
238.749: [GC238.749: [ParNew: 7943K->203K(8128K), 0.0005570 secs] 14961K->7285K(26052K), 0.0005860 secs] [Times: user=0.00 sys=0.00, real=0.00 secs] 
238.750: Total time for which application threads were stopped: 0.0684390 seconds, Stopping threads took: 0.0677890 seconds
238.751: Application time: 0.0009150 seconds
238.791: [GC238.791: [ParNew: 7349K->893K(8128K), 0.0020030 secs] 14431K->13346K(26052K), 0.0020380 secs] [Times: user=0.02 sys=0.00, real=0.00 secs] 
238.793: Total time for which application threads were stopped: 0.0421500 seconds, Stopping threads took: 0.0400570 seconds
238.888: Application time: 0.0957110 seconds
238.957: [GC238.957: [ParNew: 7941K->7941K(8128K), 0.0000100 secs]238.957: [Tenured: 12453K->3309K(17924K), 0.0054080 secs] 20395K->3309K(26052K), [Perm : 5142K->5142K(21248K)], 0.0054650 secs] [Times: user=0.01 sys=0.00, real=0.01 secs] 
238.962: Total time for which application threads were stopped: 0.0737630 seconds, Stopping threads took: 0.0682140 seconds
239.041: Application time: 0.0782720 seconds
239.044: [GC239.044: [ParNew: 7146K->14K(8128K), 0.0005520 secs] 10455K->3323K(26052K), 0.0005800 secs] [Times: user=0.00 sys=0.00, real=0.00 secs] 
239.044: Total time for which application threads were stopped: 0.0039420 seconds, Stopping threads took: 0.0032890 seconds
239.045: Application time: 0.0007790 seconds
239.045: [GC239.045: [ParNew: 7160K->895K(8128K), 0.0023530 secs] 10470K->10455K(26052K), 0.0023870 secs] [Times: user=0.01 sys=0.00, real=0.01 secs] 
239.048: Total time for which application threads were stopped: 0.0026370 seconds, Stopping threads took: 0.0001960 seconds
239.130: Application time: 0.0822110 seconds
239.200: [GC239.200: [ParNew: 7943K->205K(8128K), 0.0005310 secs] 17503K->9789K(26052K), 0.0005630 secs] [Times: user=0.00 sys=0.00, real=0.00 secs] 
239.201: Total time for which application threads were stopped: 0.0708230 seconds, Stopping threads took: 0.0701710 seconds
239.202: Application time: 0.0008520 seconds
239.202: [GC239.202: [ParNew: 7351K->895K(8128K), 0.0026100 secs] 16935K->16924K(26052K), 0.0026540 secs] [Times: user=0.02 sys=0.00, real=0.00 secs] 
239.205: Total time for which application threads were stopped: 0.0029780 seconds, Stopping threads took: 0.0002470 seconds
239.292: Application time: 0.0876720 seconds
239.366: [GC239.366: [ParNew: 7943K->7943K(8128K), 0.0000090 secs]239.366: [Tenured: 16029K->2235K(17924K), 0.0050850 secs] 23973K->2235K(26052K), [Perm : 5142K->5142K(21248K)], 0.0051400 secs] [Times: user=0.01 sys=0.00, real=0.00 secs] 
239.372: Total time for which application threads were stopped: 0.0791020 seconds, Stopping threads took: 0.0738810 seconds
239.373: Application time: 0.0011250 seconds
239.440: [GC239.440: [ParNew: 7146K->797K(8128K), 0.0015160 secs] 9381K->6548K(26052K), 0.0015520 secs] [Times: user=0.01 sys=0.00, real=0.00 secs] 
239.441: Total time for which application threads were stopped: 0.0686800 seconds, Stopping threads took: 0.0670480 seconds
239.520: Application time: 0.0787160 seconds
239.562: [GC239.562: [ParNew: 7845K->891K(8128K), 0.0006110 secs] 13597K->7447K(26052K), 0.0006430 secs] [Times: user=0.00 sys=0.00, real=0.00 secs] 
239.563: Total time for which application threads were stopped: 0.0426250 seconds, Stopping threads took: 0.0419030 seconds
239.650: Application time: 0.0871520 seconds
239.655: [GC239.655: [ParNew: 7998K->72K(8128K), 0.0002560 secs] 14554K->6644K(26052K), 0.0002850 secs] [Times: user=0.01 sys=0.00, real=0.00 secs] 
239.655: Total time for which application threads were stopped: 0.0049940 seconds, Stopping threads took: 0.0046340 seconds
239.656: Application time: 0.0007470 seconds
239.656: [GC239.656: [ParNew: 7218K->895K(8128K), 0.0022670 secs] 13791K->13774K(26052K), 0.0023020 secs] [Times: user=0.02 sys=0.00, real=0.01 secs] 
239.658: Total time for which application threads were stopped: 0.0025310 seconds, Stopping threads took: 0.0001730 seconds
239.752: Application time: 0.0943100 seconds
239.822: [GC239.822: [ParNew: 7943K->7943K(8128K), 0.0000100 secs]239.822: [Tenured: 12879K->2097K(17924K), 0.0049480 secs] 20822K->2097K(26052K), [Perm : 5142K->5142K(21248K)], 0.0050040 secs] [Times: user=0.01 sys=0.00, real=0.01 secs] 
239.827: Total time for which application threads were stopped: 0.0747690 seconds, Stopping threads took: 0.0696930 seconds
239.828: Application time: 0.0010180 seconds
239.828: [GC239.828: [ParNew: 7146K->895K(8128K), 0.0021600 secs] 9243K->9242K(26052K), 0.0021980 secs] [Times: user=0.02 sys=0.00, real=0.00 secs] 
239.831: Total time for which application threads were stopped: 0.0024240 seconds, Stopping threads took: 0.0001660 seconds
239.912: Application time: 0.0817470 seconds
239.985: [GC239.985: [ParNew: 7943K->402K(8128K), 0.0003700 secs] 16290K->8766K(26052K), 0.0004000 secs] [Times: user=0.01 sys=0.00, real=0.00 secs] 
239.985: Total time for which application threads were stopped: 0.0729500 seconds, Stopping threads took: 0.0724990 seconds
239.986: Application time: 0.0008410 seconds
240.038: [GC240.038: [ParNew: 7627K->895K(8128K), 0.0019780 secs] 15990K->14853K(26052K), 0.0020170 secs] [Times: user=0.02 sys=0.01, real=0.00 secs] 
240.041: Total time for which application threads were stopped: 0.0543120 seconds, Stopping threads took: 0.0522380 seconds
240.121: Application time: 0.0800450 seconds
240.190: [GC240.190: [ParNew: 7826K->7826K(8128K), 0.0000100 secs]240.190: [Tenured: 13958K->1730K(17924K), 0.0051360 secs] 21784K->1730K(26052K), [Perm : 5142K->5142K(21248K)], 0.0051910 secs] [Times: user=0.01 sys=0.00, real=0.00 secs] 
240.195: Total time for which application threads were stopped: 0.0747770 seconds, Stopping threads took: 0.0695240 seconds
240.196: Application time: 0.0010830 seconds
240.240: [GC240.240: [ParNew: 7126K->825K(8128K), 0.0018450 secs] 8857K->7048K(26052K), 0.0018830 secs] [Times: user=0.01 sys=0.00, real=0.00 secs] 
240.242: Total time for which application threads were stopped: 0.0456570 seconds, Stopping threads took: 0.0437040 seconds
240.321: Application time: 0.0788500 seconds
240.363: [GC240.363: [ParNew: 7854K->895K(8128K), 0.0007420 secs] 14077K->7792K(26052K), 0.0007830 secs] [Times: user=0.01 sys=0.00, real=0.00 secs] 
240.364: Total time for which application threads were stopped: 0.0425770 seconds, Stopping threads took: 0.0417200 seconds
240.448: Application time: 0.0840510 seconds
240.460: [GC240.460: [ParNew: 8119K->42K(8128K), 0.0002550 secs] 15016K->6987K(26052K), 0.0002840 secs] [Times: user=0.00 sys=0.00, real=0.00 secs] 
240.460: Total time for which application threads were stopped: 0.0124000 seconds, Stopping threads took: 0.0120410 seconds
240.461: Application time: 0.0008410 seconds
240.461: [GC240.461: [ParNew: 7266K->895K(8128K), 0.0022460 secs] 14211K->14146K(26052K), 0.0022810 secs] [Times: user=0.01 sys=0.00, real=0.00 secs] 
240.463: Total time for which application threads were stopped: 0.0025200 seconds, Stopping threads took: 0.0001620 seconds
240.544: Application time: 0.0810500 seconds
240.613: [GC240.613: [ParNew: 7845K->7845K(8128K), 0.0000110 secs]240.613: [Tenured: 13251K->3017K(17924K), 0.0050020 secs] 21097K->3017K(26052K), [Perm : 5142K->5142K(21248K)], 0.0050590 secs] [Times: user=0.01 sys=0.00, real=0.01 secs] 
240.618: Total time for which application threads were stopped: 0.0737300 seconds, Stopping threads took: 0.0686100 seconds
240.619: Application time: 0.0012200 seconds
240.695: [GC240.695: [ParNew: 7146K->895K(8128K), 0.0019160 secs] 10163K->8112K(26052K), 0.0019540 secs] [Times: user=0.01 sys=0.00, real=0.00 secs] 
240.697: Total time for which application threads were stopped: 0.0779180 seconds, Stopping threads took: 0.0759040 seconds
240.776: Application time: 0.0782940 seconds
240.818: [GC240.818: [ParNew: 8041K->400K(8128K), 0.0006280 secs] 15258K->7641K(26052K), 0.0006600 secs] [Times: user=0.00 sys=0.00, real=0.00 secs] 
240.819: Total time for which application threads were stopped: 0.0430050 seconds, Stopping threads took: 0.0422920 seconds
240.819: Application time: 0.0008490 seconds
240.860: [GC240.860: [ParNew: 7546K->893K(8128K), 0.0019950 secs] 14787K->13700K(26052K), 0.0020330 secs] [Times: user=0.01 sys=0.00, real=0.00 secs] 
240.862: Total time for which application threads were stopped: 0.0426130 seconds, Stopping threads took: 0.0405020 seconds
240.943: Application time: 0.0809680 seconds
241.012: [GC241.012: [ParNew: 7745K->7745K(8128K), 0.0000110 secs]241.012: [Tenured: 12807K->2236K(17924K), 0.0044480 secs] 20553K->2236K(26052K), [Perm : 5142K->5142K(21248K)], 0.0045040 secs] [Times: user=0.00 sys=0.00, real=0.00 secs] 
241.016: Total time for which application threads were stopped: 0.0730690 seconds, Stopping threads took: 0.0684850 seconds
241.017: Application time: 0.0010970 seconds
241.069: [GC241.069: [ParNew: 7146K->895K(8128K), 0.0017140 secs] 9382K->7623K(26052K), 0.0017540 secs] [Times: user=0.01 sys=0.00, real=0.00 secs] 
241.071: Total time for which application threads were stopped: 0.0537030 seconds, Stopping threads took: 0.0518690 seconds
241.150: Application time: 0.0790780 seconds
241.192: [GC241.192: [ParNew: 8041K->793K(8128K), 0.0007280 secs] 14769K->8530K(26052K), 0.0015410 secs] [Times: user=0.00 sys=0.00, real=0.00 secs] 
241.193: Total time for which application threads were stopped: 0.0433060 seconds, Stopping threads took: 0.0416830 seconds
241.271: Application time: 0.0779400 seconds
241.275: [GC241.275: [ParNew: 7841K->207K(8128K), 0.0006100 secs] 15579K->7952K(26052K), 0.0006390 secs] [Times: user=0.00 sys=0.00, real=0.00 secs] 
241.276: Total time for which application threads were stopped: 0.0044510 seconds, Stopping threads took: 0.0037370 seconds
241.276: Application time: 0.0007900 seconds
241.277: [GC241.277: [ParNew: 7353K->895K(8128K), 0.0023420 secs] 15098K->15086K(26052K), 0.0023750 secs] [Times: user=0.01 sys=0.00, real=0.01 secs] 
241.279: Total time for which application threads were stopped: 0.0025680 seconds, Stopping threads took: 0.0001390 seconds
241.360: Application time: 0.0807990 seconds
241.424: [GC241.424: [ParNew: 8040K->8040K(8128K), 0.0000090 secs]241.424: [Tenured: 14190K->3407K(17924K), 0.0047390 secs] 22231K->3407K(26052K), [Perm : 5142K->5142K(21248K)], 0.0048050 secs] [Times: user=0.01 sys=0.00, real=0.01 secs] 
241.429: Total time for which application threads were stopped: 0.0693200 seconds, Stopping threads took: 0.0644420 seconds
241.518: Application time: 0.0888730 seconds
241.528: [GC241.528: [ParNew: 7126K->42K(8128K), 0.0003120 secs] 10534K->3450K(26052K), 0.0003420 secs] [Times: user=0.00 sys=0.00, real=0.00 secs] 
241.528: Total time for which application threads were stopped: 0.0101970 seconds, Stopping threads took: 0.0097840 seconds
241.529: Application time: 0.0007890 seconds
241.529: [GC241.529: [ParNew: 7247K->895K(8128K), 0.0022890 secs] 10655K->10539K(26052K), 0.0023220 secs] [Times: user=0.02 sys=0.00, real=0.00 secs] 
241.531: Total time for which application threads were stopped: 0.0024850 seconds, Stopping threads took: 0.0001080 seconds
241.614: Application time: 0.0821040 seconds
241.677: [GC241.677: [ParNew: 8040K->891K(8128K), 0.0006290 secs] 17685K->10990K(26052K), 0.0006630 secs] [Times: user=0.00 sys=0.00, real=0.01 secs] 
241.678: Total time for which application threads were stopped: 0.0642280 seconds, Stopping threads took: 0.0635080 seconds
241.679: Application time: 0.0011060 seconds
241.749: [GC241.749: [ParNew: 8037K->893K(8128K), 0.0018280 secs] 18136K->15305K(26052K), 0.0018660 secs] [Times: user=0.01 sys=0.00, real=0.00 secs] 
241.751: Total time for which application threads were stopped: 0.0718010 seconds, Stopping threads took: 0.0698570 seconds
241.839: Application time: 0.0883720 seconds
241.909: [GC241.909: [ParNew: 8019K->8019K(8128K), 0.0000100 secs]241.909: [Tenured: 14412K->1731K(17924K), 0.0045690 secs] 22432K->1731K(26052K), [Perm : 5142K->5142K(21248K)], 0.0046210 secs] [Times: user=0.01 sys=0.00, real=0.00 secs] 
241.914: Total time for which application threads were stopped: 0.0746690 seconds, Stopping threads took: 0.0699780 seconds
241.915: Application time: 0.0010420 seconds
241.967: [GC241.967: [ParNew: 7205K->895K(8128K), 0.0019310 secs] 8936K->7077K(26052K), 0.0019690 secs] [Times: user=0.02 sys=0.00, real=0.00 secs] 
241.969: Total time for which application threads were stopped: 0.0543620 seconds, Stopping threads took: 0.0523340 seconds
242.048: Application time: 0.0785200 seconds
242.090: [GC242.090: [ParNew: 7943K->791K(8128K), 0.0007000 secs] 14125K->7810K(26052K), 0.0007340 secs] [Times: user=0.01 sys=0.00, real=0.00 secs] 
242.090: Total time for which application threads were stopped: 0.0427380 seconds, Stopping threads took: 0.0419140 seconds
242.176: Application time: 0.0854520 seconds
242.183: [GC242.183: [ParNew: 7839K->12K(8128K), 0.0004930 secs] 14859K->7039K(26052K), 0.0005230 secs] [Times: user=0.00 sys=0.00, real=0.00 secs] 
242.184: Total time for which application threads were stopped: 0.0079840 seconds, Stopping threads took: 0.0073870 seconds
242.185: Application time: 0.0007390 seconds
242.185: [GC242.185: [ParNew: 7236K->895K(8128K), 0.0022490 secs] 14264K->14201K(26052K), 0.0022840 secs] [Times: user=0.02 sys=0.00, real=0.01 secs] 
242.187: Total time for which application threads were stopped: 0.0026870 seconds, Stopping threads took: 0.0003270 seconds
242.271: Application time: 0.0839310 seconds
242.341: [GC242.341: [ParNew: 8021K->8021K(8128K), 0.0000100 secs]242.341: [Tenured: 13305K->1650K(17924K), 0.0047150 secs] 21327K->1650K(26052K), [Perm : 5142K->5142K(21248K)], 0.0047690 secs] [Times: user=0.00 sys=0.00, real=0.00 secs] 
242.345: Total time for which application threads were stopped: 0.0741370 seconds, Stopping threads took: 0.0693070 seconds
242.346: Application time: 0.0010660 seconds
242.389: [GC242.389: [ParNew: 7146K->797K(8128K), 0.0019200 secs] 8796K->7916K(26052K), 0.0019600 secs] [Times: user=0.02 sys=0.00, real=0.00 secs] 
242.391: Total time for which application threads were stopped: 0.0441230 seconds, Stopping threads took: 0.0420830 seconds
242.471: Application time: 0.0803230 seconds
242.540: [GC242.540: [ParNew: 7845K->404K(8128K), 0.0004010 secs] 14965K->7540K(26052K), 0.0004400 secs] [Times: user=0.00 sys=0.00, real=0.00 secs] 
242.540: Total time for which application threads were stopped: 0.0691600 seconds, Stopping threads took: 0.0686540 seconds
242.541: Application time: 0.0009220 seconds
242.582: [GC242.582: [ParNew: 7453K->893K(8128K), 0.0021500 secs] 14588K->13497K(26052K), 0.0021850 secs] [Times: user=0.01 sys=0.00, real=0.00 secs] 
242.584: Total time for which application threads were stopped: 0.0429190 seconds, Stopping threads took: 0.0406520 seconds
242.665: Application time: 0.0806850 seconds
242.726: [GC242.726: [ParNew: 8038K->8038K(8128K), 0.0000130 secs]242.726: [Tenured: 12604K->2237K(17924K), 0.0045760 secs] 20643K->2237K(26052K), [Perm : 5142K->5142K(21248K)], 0.0046380 secs] [Times: user=0.01 sys=0.00, real=0.00 secs] 
242.730: Total time for which application threads were stopped: 0.0658810 seconds, Stopping threads took: 0.0611670 seconds
242.732: Application time: 0.0011590 seconds
242.784: [GC242.784: [ParNew: 7144K->893K(8128K), 0.0018000 secs] 9381K->7427K(26052K), 0.0018360 secs] [Times: user=0.01 sys=0.00, real=0.00 secs] 
242.785: Total time for which application threads were stopped: 0.0537260 seconds, Stopping threads took: 0.0518330 seconds
242.864: Application time: 0.0784290 seconds
242.906: [GC242.906: [ParNew: 7941K->793K(8128K), 0.0004350 secs] 14475K->7343K(26052K), 0.0004680 secs] [Times: user=0.00 sys=0.00, real=0.00 secs] 
242.907: Total time for which application threads were stopped: 0.0429210 seconds, Stopping threads took: 0.0423750 seconds
242.908: Application time: 0.0010310 seconds
242.948: [GC242.948: [ParNew: 7939K->891K(8128K), 0.0018150 secs] 14490K->12332K(26052K), 0.0018530 secs] [Times: user=0.01 sys=0.01, real=0.00 secs] 
242.950: Total time for which application threads were stopped: 0.0418860 seconds, Stopping threads took: 0.0399760 seconds
243.031: Application time: 0.0817840 seconds
243.100: [GC243.100: [ParNew: 8115K->8115K(8128K), 0.0000090 secs]243.100: [Tenured: 11441K->1679K(17924K), 0.0051290 secs] 19556K->1679K(26052K), [Perm : 5142K->5142K(21248K)], 0.0051820 secs] [Times: user=0.00 sys=0.00, real=0.00 secs] 
243.105: Total time for which application threads were stopped: 0.0734990 seconds, Stopping threads took: 0.0682580 seconds
243.106: Application time: 0.0010480 seconds
243.106: [GC243.106: [ParNew: 7146K->895K(8128K), 0.0021220 secs] 8825K->8825K(26052K), 0.0021580 secs] [Times: user=0.02 sys=0.00, real=0.00 secs] 
243.108: Total time for which application threads were stopped: 0.0024090 seconds, Stopping threads took: 0.0001880 seconds
243.190: Application time: 0.0817910 seconds
243.263: [GC243.263: [ParNew: 7943K->209K(8128K), 0.0004010 secs] 15873K->8163K(26052K), 0.0004300 secs] [Times: user=0.00 sys=0.00, real=0.00 secs] 
243.263: Total time for which application threads were stopped: 0.0731260 seconds, Stopping threads took: 0.0726340 seconds
243.264: Application time: 0.0008900 seconds
243.316: [GC243.316: [ParNew: 7355K->895K(8128K), 0.0017680 secs] 15309K->14220K(26052K), 0.0018030 secs] [Times: user=0.01 sys=0.00, real=0.00 secs] 
243.318: Total time for which application threads were stopped: 0.0534130 seconds, Stopping threads took: 0.0515530 seconds
243.397: Application time: 0.0795780 seconds
243.466: [GC243.466: [ParNew: 8099K->8099K(8128K), 0.0000100 secs]243.466: [Tenured: 13325K->1731K(17924K), 0.0052050 secs] 21425K->1731K(26052K), [Perm : 5142K->5142K(21248K)], 0.0052590 secs] [Times: user=0.00 sys=0.00, real=0.00 secs] 
243.471: Total time for which application threads were stopped: 0.0738150 seconds, Stopping threads took: 0.0684980 seconds
243.472: Application time: 0.0010860 seconds
243.514: [GC243.514: [ParNew: 7146K->895K(8128K), 0.0019820 secs] 8877K->8193K(26052K), 0.0020190 secs] [Times: user=0.02 sys=0.00, real=0.00 secs] 
243.516: Total time for which application threads were stopped: 0.0440110 seconds, Stopping threads took: 0.0419110 seconds
243.596: Application time: 0.0802580 seconds
243.664: [GC243.664: [ParNew: 7826K->432K(8128K), 0.0005340 secs] 15124K->7755K(26052K), 0.0005720 secs] [Times: user=0.00 sys=0.00, real=0.00 secs] 
243.665: Total time for which application threads were stopped: 0.0681710 seconds, Stopping threads took: 0.0675220 seconds
243.665: Application time: 0.0008800 seconds
243.706: [GC243.706: [ParNew: 7578K->895K(8128K), 0.0019660 secs] 14901K->13812K(26052K), 0.0020020 secs] [Times: user=0.01 sys=0.01, real=0.00 secs] 
243.708: Total time for which application threads were stopped: 0.0423440 seconds, Stopping threads took: 0.0402860 seconds
243.791: Application time: 0.0830130 seconds
243.856: [GC243.856: [ParNew: 7943K->7943K(8128K), 0.0000110 secs]243.856: [Tenured: 12917K->1956K(17924K), 0.0052190 secs] 20860K->1956K(26052K), [Perm : 5142K->5142K(21248K)], 0.0052750 secs] [Times: user=0.01 sys=0.00, real=0.01 secs] 
243.861: Total time for which application threads were stopped: 0.0706360 seconds, Stopping threads took: 0.0652910 seconds
243.863: Application time: 0.0011550 seconds
243.905: [GC243.905: [ParNew: 7205K->895K(8128K), 0.0019460 secs] 9161K->8376K(26052K), 0.0019860 secs] [Times: user=0.01 sys=0.00, real=0.01 secs] 
243.907: Total time for which application threads were stopped: 0.0443810 seconds, Stopping threads took: 0.0423340 seconds
243.989: Application time: 0.0822780 seconds
244.056: [GC244.056: [ParNew: 8040K->795K(8128K), 0.0004900 secs] 15522K->8332K(26052K), 0.0005220 secs] [Times: user=0.00 sys=0.00, real=0.00 secs] 
244.056: Total time for which application threads were stopped: 0.0669740 seconds, Stopping threads took: 0.0663960 seconds
244.057: Application time: 0.0009730 seconds
244.097: [GC244.097: [ParNew: 7941K->895K(8128K), 0.0021030 secs] 15479K->14398K(26052K), 0.0021440 secs] [Times: user=0.01 sys=0.00, real=0.01 secs] 
244.100: Total time for which application threads were stopped: 0.0424310 seconds, Stopping threads took: 0.0402290 seconds
244.181: Application time: 0.0818490 seconds
244.254: [GC244.254: [ParNew: 8127K->8127K(8128K), 0.0000090 secs]244.254: [Tenured: 13503K->2050K(17924K), 0.0050130 secs] 21630K->2050K(26052K), [Perm : 5142K->5142K(21248K)], 0.0050680 secs] [Times: user=0.01 sys=0.00, real=0.01 secs] 
244.259: Total time for which application threads were stopped: 0.0771430 seconds, Stopping threads took: 0.0720160 seconds
244.260: Application time: 0.0012680 seconds
244.260: [GC244.260: [ParNew: 7214K->895K(8128K), 0.0023060 secs] 9265K->9224K(26052K), 0.0023390 secs] [Times: user=0.01 sys=0.00, real=0.00 secs] 
244.262: Total time for which application threads were stopped: 0.0025990 seconds, Stopping threads took: 0.0002040 seconds
244.344: Application time: 0.0818160 seconds
244.416: [GC244.416: [ParNew: 7943K->209K(8128K), 0.0004690 secs] 16272K->8578K(26052K), 0.0005000 secs] [Times: user=0.00 sys=0.00, real=0.00 secs] 
244.416: Total time for which application threads were stopped: 0.0717660 seconds, Stopping threads took: 0.0711850 seconds
244.417: Application time: 0.0008110 seconds
244.417: [GC244.417: [ParNew: 7355K->895K(8128K), 0.0020640 secs] 15724K->15710K(26052K), 0.0020960 secs] [Times: user=0.01 sys=0.00, real=0.01 secs] 
244.419: Total time for which application threads were stopped: 0.0024050 seconds, Stopping threads took: 0.0002460 seconds
244.508: Application time: 0.0883600 seconds
244.582: [GC244.582: [ParNew: 8119K->8119K(8128K), 0.0000090 secs]244.582: [Tenured: 14815K->3663K(17924K), 0.0047720 secs] 22934K->3663K(26052K), [Perm : 5142K->5142K(21248K)], 0.0048270 secs] [Times: user=0.01 sys=0.00, real=0.01 secs] 
244.587: Total time for which application threads were stopped: 0.0792020 seconds, Stopping threads took: 0.0743150 seconds
244.675: Application time: 0.0880890 seconds
244.682: [GC244.682: [ParNew: 7048K->16K(8128K), 0.0002140 secs] 10711K->3679K(26052K), 0.0002390 secs] [Times: user=0.00 sys=0.00, real=0.00 secs] 
244.683: Total time for which application threads were stopped: 0.0076110 seconds, Stopping threads took: 0.0073220 seconds
244.683: Application time: 0.0007070 seconds
244.684: [GC244.684: [ParNew: 7162K->895K(8128K), 0.0021880 secs] 10825K->10808K(26052K), 0.0022310 secs] [Times: user=0.01 sys=0.00, real=0.01 secs] 
244.686: Total time for which application threads were stopped: 0.0025280 seconds, Stopping threads took: 0.0002310 seconds
244.768: Application time: 0.0825360 seconds
244.839: [GC244.839: [ParNew: 7943K->209K(8128K), 0.0005310 secs] 17856K->10146K(26052K), 0.0005610 secs] [Times: user=0.00 sys=0.00, real=0.00 secs] 
244.839: Total time for which application threads were stopped: 0.0710960 seconds, Stopping threads took: 0.0704820 seconds
244.840: Application time: 0.0007810 seconds
244.892: [GC244.892: [ParNew: 7257K->891K(8128K), 0.0017440 secs] 17195K->15028K(26052K), 0.0017780 secs] [Times: user=0.01 sys=0.00, real=0.00 secs] 
244.894: Total time for which application threads were stopped: 0.0533350 seconds, Stopping threads took: 0.0514800 seconds
244.982: Application time: 0.0887330 seconds
245.051: [GC245.051: [ParNew: 8037K->8037K(8128K), 0.0000100 secs]245.051: [Tenured: 14137K->1732K(17924K), 0.0044620 secs] 22174K->1732K(26052K), [Perm : 5142K->5142K(21248K)], 0.0045180 secs] [Times: user=0.00 sys=0.00, real=0.00 secs] 
245.055: Total time for which application threads were stopped: 0.0729410 seconds, Stopping threads took: 0.0683430 seconds
245.056: Application time: 0.0010900 seconds
245.097: [GC245.097: [ParNew: 7224K->895K(8128K), 0.0019340 secs] 8956K->7147K(26052K), 0.0019740 secs] [Times: user=0.02 sys=0.00, real=0.01 secs] 
245.099: Total time for which application threads were stopped: 0.0423440 seconds, Stopping threads took: 0.0403120 seconds
245.177: Application time: 0.0787590 seconds
245.220: [GC245.220: [ParNew: 7826K->895K(8128K), 0.0007950 secs] 14078K->7805K(26052K), 0.0008270 secs] [Times: user=0.00 sys=0.00, real=0.00 secs] 
245.221: Total time for which application threads were stopped: 0.0431610 seconds, Stopping threads took: 0.0422580 seconds
245.299: Application time: 0.0786890 seconds
245.301: [GC245.301: [ParNew: 8041K->10K(8128K), 0.0004430 secs] 14951K->6960K(26052K), 0.0004750 secs] [Times: user=0.00 sys=0.00, real=0.00 secs] 
245.302: Total time for which application threads were stopped: 0.0022560 seconds, Stopping threads took: 0.0017070 seconds
245.302: Application time: 0.0007450 seconds
245.302: [GC245.302: [ParNew: 7234K->895K(8128K), 0.0017740 secs] 14185K->14124K(26052K), 0.0018030 secs] [Times: user=0.01 sys=0.00, real=0.00 secs] 
245.304: Total time for which application threads were stopped: 0.0019460 seconds, Stopping threads took: 0.0000870 seconds
245.386: Application time: 0.0822190 seconds
245.453: [GC245.453: [ParNew: 8040K->8040K(8128K), 0.0000100 secs]245.453: [Tenured: 13229K->2794K(17924K), 0.0054000 secs] 21270K->2794K(26052K), [Perm : 5142K->5142K(21248K)], 0.0054550 secs] [Times: user=0.00 sys=0.00, real=0.01 secs] 
245.458: Total time for which application threads were stopped: 0.0715420 seconds, Stopping threads took: 0.0660040 seconds
245.459: Application time: 0.0014200 seconds
245.535: [GC245.535: [ParNew: 7146K->895K(8128K), 0.0016100 secs] 9940K->7009K(26052K), 0.0016470 secs] [Times: user=0.01 sys=0.00, real=0.00 secs] 
245.537: Total time for which application threads were stopped: 0.0773340 seconds, Stopping threads took: 0.0756050 seconds
245.619: Application time: 0.0826480 seconds
245.672: [GC245.672: [ParNew: 7924K->432K(8128K), 0.0003430 secs] 14038K->6571K(26052K), 0.0003740 secs] [Times: user=0.00 sys=0.00, real=0.00 secs] 
245.673: Total time for which application threads were stopped: 0.0533660 seconds, Stopping threads took: 0.0529100 seconds
245.674: Application time: 0.0009330 seconds
245.715: [GC245.715: [ParNew: 7657K->895K(8128K), 0.0020170 secs] 13795K->12656K(26052K), 0.0020520 secs] [Times: user=0.01 sys=0.00, real=0.00 secs] 
245.717: Total time for which application threads were stopped: 0.0428840 seconds, Stopping threads took: 0.0407510 seconds
245.797: Application time: 0.0799270 seconds
245.865: [GC245.865: [ParNew: 8021K->8021K(8128K), 0.0000100 secs]245.865: [Tenured: 11761K->2098K(17924K), 0.0052570 secs] 19783K->2098K(26052K), [Perm : 5142K->5142K(21248K)], 0.0053220 secs] [Times: user=0.01 sys=0.00, real=0.01 secs] 
245.870: Total time for which application threads were stopped: 0.0738390 seconds, Stopping threads took: 0.0684560 seconds
245.872: Application time: 0.0012420 seconds
245.912: [GC245.912: [ParNew: 7146K->895K(8128K), 0.0021480 secs] 9244K->8560K(26052K), 0.0021860 secs] [Times: user=0.02 sys=0.00, real=0.00 secs] 
245.914: Total time for which application threads were stopped: 0.0428100 seconds, Stopping threads took: 0.0405660 seconds
245.996: Application time: 0.0811290 seconds
246.064: [GC246.064: [ParNew: 7943K->791K(8128K), 0.0005550 secs] 15608K->8472K(26052K), 0.0005870 secs] [Times: user=0.00 sys=0.00, real=0.00 secs] 
246.064: Total time for which application threads were stopped: 0.0686320 seconds, Stopping threads took: 0.0679670 seconds
246.065: Application time: 0.0009090 seconds
246.111: [GC246.111: [ParNew: 8015K->895K(8128K), 0.0019660 secs] 15696K->14577K(26052K), 0.0019980 secs] [Times: user=0.01 sys=0.00, real=0.00 secs] 
246.113: Total time for which application threads were stopped: 0.0477900 seconds, Stopping threads took: 0.0457370 seconds
246.197: Application time: 0.0846040 seconds
246.270: [GC246.270: [ParNew: 8040K->8040K(8128K), 0.0000110 secs]246.270: [Tenured: 13682K->2127K(17924K), 0.0051320 secs] 21723K->2127K(26052K), [Perm : 5142K->5142K(21248K)], 0.0051920 secs] [Times: user=0.01 sys=0.00, real=0.00 secs] 
246.275: Total time for which application threads were stopped: 0.0772790 seconds, Stopping threads took: 0.0719950 seconds
246.276: Application time: 0.0010920 seconds
246.317: [GC246.317: [ParNew: 7146K->797K(8128K), 0.0019930 secs] 9273K->8198K(26052K), 0.0020310 secs] [Times: user=0.01 sys=0.00, real=0.01 secs] 
246.319: Total time for which application threads were stopped: 0.0427560 seconds, Stopping threads took: 0.0406450 seconds
246.399: Application time: 0.0801490 seconds
246.468: [GC246.468: [ParNew: 7845K->207K(8128K), 0.0005630 secs] 15247K->7632K(26052K), 0.0005910 secs] [Times: user=0.00 sys=0.00, real=0.00 secs] 
246.468: Total time for which application threads were stopped: 0.0696860 seconds, Stopping threads took: 0.0690210 seconds
246.469: Application time: 0.0009650 seconds
246.510: [GC246.510: [ParNew: 7353K->893K(8128K), 0.0022170 secs] 14778K->13689K(26052K), 0.0022520 secs] [Times: user=0.02 sys=0.00, real=0.00 secs] 
246.512: Total time for which application threads were stopped: 0.0426560 seconds, Stopping threads took: 0.0403270 seconds
246.597: Application time: 0.0851410 seconds
246.668: [GC246.668: [ParNew: 7941K->7941K(8128K), 0.0000100 secs]246.668: [Tenured: 12796K->2807K(17924K), 0.0049220 secs] 20738K->2807K(26052K), [Perm : 5142K->5142K(21248K)], 0.0049800 secs] [Times: user=0.00 sys=0.00, real=0.00 secs] 
246.673: Total time for which application threads were stopped: 0.0756740 seconds, Stopping threads took: 0.0706110 seconds
246.762: Application time: 0.0890350 seconds
246.771: [GC246.771: [ParNew: 7224K->40K(8128K), 0.0004300 secs] 10031K->2847K(26052K), 0.0004590 secs] [Times: user=0.00 sys=0.00, real=0.00 secs] 
246.771: Total time for which application threads were stopped: 0.0092740 seconds, Stopping threads took: 0.0087310 seconds
246.772: Application time: 0.0008130 seconds
246.772: [GC246.772: [ParNew: 7186K->895K(8128K), 0.0022060 secs] 9993K->9980K(26052K), 0.0022390 secs] [Times: user=0.01 sys=0.00, real=0.00 secs] 
246.775: Total time for which application threads were stopped: 0.0025040 seconds, Stopping threads took: 0.0002110 seconds
246.857: Application time: 0.0820840 seconds
246.927: [GC246.927: [ParNew: 8021K->235K(8128K), 0.0004030 secs] 17106K->9352K(26052K), 0.0004320 secs] [Times: user=0.00 sys=0.00, real=0.00 secs] 
246.928: Total time for which application threads were stopped: 0.0711890 seconds, Stopping threads took: 0.0706960 seconds
246.929: Application time: 0.0008020 seconds
246.969: [GC246.969: [ParNew: 7459K->895K(8128K), 0.0021480 secs] 16577K->15440K(26052K), 0.0021830 secs] [Times: user=0.02 sys=0.00, real=0.00 secs] 
246.971: Total time for which application threads were stopped: 0.0427180 seconds, Stopping threads took: 0.0404710 seconds
247.052: Application time: 0.0803850 seconds
247.120: [GC247.120: [ParNew: 7991K->7991K(8128K), 0.0000100 secs]247.120: [Tenured: 14545K->1866K(17924K), 0.0046840 secs] 22536K->1866K(26052K), [Perm : 5142K->5142K(21248K)], 0.0047390 secs] [Times: user=0.00 sys=0.00, real=0.00 secs] 
247.125: Total time for which application threads were stopped: 0.0729470 seconds, Stopping threads took: 0.0681480 seconds
247.126: Application time: 0.0012050 seconds
247.168: [GC247.168: [ParNew: 7174K->895K(8128K), 0.0020270 secs] 9040K->8356K(26052K), 0.0020690 secs] [Times: user=0.01 sys=0.00, real=0.00 secs] 
247.170: Total time for which application threads were stopped: 0.0444200 seconds, Stopping threads took: 0.0422660 seconds
247.252: Application time: 0.0814300 seconds
247.319: [GC247.319: [ParNew: 7748K->400K(8128K), 0.0003720 secs] 15209K->7886K(26052K), 0.0004010 secs] [Times: user=0.00 sys=0.00, real=0.00 secs] 
247.320: Total time for which application threads were stopped: 0.0681100 seconds, Stopping threads took: 0.0676360 seconds
247.321: Application time: 0.0008840 seconds
247.361: [GC247.361: [ParNew: 7625K->893K(8128K), 0.0020290 secs] 15110K->13973K(26052K), 0.0020670 secs] [Times: user=0.01 sys=0.00, real=0.00 secs] 
247.363: Total time for which application threads were stopped: 0.0423850 seconds, Stopping threads took: 0.0402600 seconds
247.446: Application time: 0.0830050 seconds
247.512: [GC247.512: [ParNew: 8019K->8019K(8128K), 0.0000100 secs]247.512: [Tenured: 13080K->2539K(17924K), 0.0052600 secs] 21099K->2539K(26052K), [Perm : 5142K->5142K(21248K)], 0.0053170 secs] [Times: user=0.00 sys=0.00, real=0.00 secs] 
247.517: Total time for which application threads were stopped: 0.0709660 seconds, Stopping threads took: 0.0655670 seconds
247.518: Application time: 0.0010730 seconds
247.559: [GC247.560: [ParNew: 7146K->895K(8128K), 0.0022720 secs] 9685K->9001K(26052K), 0.0023100 secs] [Times: user=0.01 sys=0.00, real=0.00 secs] 
247.562: Total time for which application threads were stopped: 0.0436390 seconds, Stopping threads took: 0.0412590 seconds
247.644: Application time: 0.0821010 seconds
247.712: [GC247.712: [ParNew: 8021K->821K(8128K), 0.0007300 secs] 16127K->8951K(26052K), 0.0007610 secs] [Times: user=0.01 sys=0.00, real=0.00 secs] 
247.713: Total time for which application threads were stopped: 0.0691710 seconds, Stopping threads took: 0.0683560 seconds
247.714: Application time: 0.0010340 seconds
247.767: [GC247.767: [ParNew: 7967K->791K(8128K), 0.0017180 secs] 16097K->12907K(26052K), 0.0017530 secs] [Times: user=0.01 sys=0.00, real=0.00 secs] 
247.769: Total time for which application threads were stopped: 0.0550690 seconds, Stopping threads took: 0.0532600 seconds
247.848: Application time: 0.0792740 seconds
247.892: [GC247.892: [ParNew: 7839K->7839K(8128K), 0.0000100 secs]247.892: [Tenured: 12116K->2958K(17924K), 0.0053140 secs] 19956K->2958K(26052K), [Perm : 5142K->5142K(21248K)], 0.0053700 secs] [Times: user=0.00 sys=0.00, real=0.01 secs] 
247.898: Total time for which application threads were stopped: 0.0493430 seconds, Stopping threads took: 0.0438850 seconds
247.899: Application time: 0.0011910 seconds
247.944: [GC247.944: [ParNew: 7146K->795K(8128K), 0.0016880 secs] 10104K->7856K(26052K), 0.0017280 secs] [Times: user=0.01 sys=0.00, real=0.00 secs] 
247.946: Total time for which application threads were stopped: 0.0464770 seconds, Stopping threads took: 0.0446680 seconds
248.025: Application time: 0.0793900 seconds
248.066: [GC248.066: [ParNew: 8019K->235K(8128K), 0.0005220 secs] 15080K->7328K(26052K), 0.0005530 secs] [Times: user=0.00 sys=0.00, real=0.00 secs] 
248.067: Total time for which application threads were stopped: 0.0420340 seconds, Stopping threads took: 0.0414110 seconds
248.068: Application time: 0.0010070 seconds
248.108: [GC248.108: [ParNew: 7381K->823K(8128K), 0.0018720 secs] 14474K->13385K(26052K), 0.0019040 secs] [Times: user=0.01 sys=0.00, real=0.00 secs] 
248.110: Total time for which application threads were stopped: 0.0422380 seconds, Stopping threads took: 0.0402520 seconds
248.205: Application time: 0.0945290 seconds
248.273: [GC248.273: [ParNew: 7969K->7969K(8128K), 0.0000100 secs]248.273: [Tenured: 12561K->2905K(17924K), 0.0054490 secs] 20530K->2905K(26052K), [Perm : 5142K->5142K(21248K)], 0.0055060 secs] [Times: user=0.00 sys=0.00, real=0.01 secs] 
248.278: Total time for which application threads were stopped: 0.0737360 seconds, Stopping threads took: 0.0681690 seconds
248.368: Application time: 0.0894900 seconds
248.375: [GC248.375: [ParNew: 7048K->14K(8128K), 0.0002220 secs] 9953K->2919K(26052K), 0.0002530 secs] [Times: user=0.00 sys=0.00, real=0.00 secs] 
248.375: Total time for which application threads were stopped: 0.0075380 seconds, Stopping threads took: 0.0072110 seconds
248.376: Application time: 0.0008400 seconds
248.377: [GC248.377: [ParNew: 7238K->895K(8128K), 0.0023850 secs] 10143K->10078K(26052K), 0.0024200 secs] [Times: user=0.02 sys=0.00, real=0.01 secs] 
248.379: Total time for which application threads were stopped: 0.0027690 seconds, Stopping threads took: 0.0002710 seconds
248.476: Application time: 0.0973460 seconds
248.545: [GC248.545: [ParNew: 7943K->207K(8128K), 0.0003660 secs] 17126K->9446K(26052K), 0.0003990 secs] [Times: user=0.00 sys=0.00, real=0.00 secs] 
248.545: Total time for which application threads were stopped: 0.0689420 seconds, Stopping threads took: 0.0684790 seconds
248.546: Application time: 0.0008760 seconds
248.546: [GC248.546: [ParNew: 7353K->895K(8128K), 0.0022440 secs] 16593K->16580K(26052K), 0.0022780 secs] [Times: user=0.02 sys=0.00, real=0.00 secs] 
248.549: Total time for which application threads were stopped: 0.0025100 seconds, Stopping threads took: 0.0001760 seconds
248.641: Application time: 0.0925530 seconds
248.713: [GC248.713: [ParNew: 7943K->7943K(8128K), 0.0000100 secs]248.713: [Tenured: 15685K->1761K(17924K), 0.0045280 secs] 23628K->1761K(26052K), [Perm : 5142K->5142K(21248K)], 0.0045830 secs] [Times: user=0.01 sys=0.00, real=0.00 secs] 
248.718: Total time for which application threads were stopped: 0.0762030 seconds, Stopping threads took: 0.0715590 seconds
248.719: Application time: 0.0010550 seconds
248.761: [GC248.761: [ParNew: 7048K->895K(8128K), 0.0020290 secs] 8810K->8126K(26052K), 0.0020640 secs] [Times: user=0.02 sys=0.00, real=0.00 secs] 
248.763: Total time for which application threads were stopped: 0.0446140 seconds, Stopping threads took: 0.0424910 seconds
248.845: Application time: 0.0815130 seconds
248.912: [GC248.912: [ParNew: 7923K->432K(8128K), 0.0003320 secs] 15154K->7687K(26052K), 0.0003620 secs] [Times: user=0.01 sys=0.00, real=0.00 secs] 
248.912: Total time for which application threads were stopped: 0.0675720 seconds, Stopping threads took: 0.0671350 seconds
248.913: Application time: 0.0009420 seconds
248.954: [GC248.954: [ParNew: 7657K->895K(8128K), 0.0019860 secs] 14912K->13772K(26052K), 0.0020230 secs] [Times: user=0.02 sys=0.00, real=0.00 secs] 
248.956: Total time for which application threads were stopped: 0.0423800 seconds, Stopping threads took: 0.0403000 seconds
249.041: Application time: 0.0858590 seconds
249.093: [GC249.093: [ParNew: 8119K->8119K(8128K), 0.0000100 secs]249.093: [Tenured: 12877K->3214K(17924K), 0.0054520 secs] 20996K->3214K(26052K), [Perm : 5142K->5142K(21248K)], 0.0055090 secs] [Times: user=0.00 sys=0.00, real=0.01 secs] 
249.099: Total time for which application threads were stopped: 0.0572420 seconds, Stopping threads took: 0.0516640 seconds
249.188: Application time: 0.0891800 seconds
249.194: [GC249.194: [ParNew: 7126K->237K(8128K), 0.0006430 secs] 10340K->3451K(26052K), 0.0006730 secs] [Times: user=0.00 sys=0.00, real=0.00 secs] 
249.194: Total time for which application threads were stopped: 0.0064570 seconds, Stopping threads took: 0.0057290 seconds
249.195: Application time: 0.0007800 seconds
249.195: [GC249.195: [ParNew: 7383K->895K(8128K), 0.0022210 secs] 10597K->10582K(26052K), 0.0022560 secs] [Times: user=0.01 sys=0.00, real=0.00 secs] 
249.198: Total time for which application threads were stopped: 0.0024850 seconds, Stopping threads took: 0.0001650 seconds
249.279: Application time: 0.0815600 seconds
249.345: [GC249.345: [ParNew: 8029K->895K(8128K), 0.0006400 secs] 17717K->11240K(26052K), 0.0006730 secs] [Times: user=0.01 sys=0.00, real=0.00 secs] 
249.346: Total time for which application threads were stopped: 0.0664710 seconds, Stopping threads took: 0.0657160 seconds
249.434: Application time: 0.0882710 seconds
249.440: [GC249.440: [ParNew: 8109K->40K(8128K), 0.0003250 secs] 18454K->10401K(26052K), 0.0003520 secs] [Times: user=0.00 sys=0.00, real=0.00 secs] 
249.441: Total time for which application threads were stopped: 0.0065970 seconds, Stopping threads took: 0.0061900 seconds
249.441: Application time: 0.0009070 seconds
249.486: [GC249.486: [ParNew: 7184K->825K(8128K), 0.0019610 secs] 17545K->16461K(26052K), 0.0019950 secs] [Times: user=0.01 sys=0.00, real=0.00 secs] 
249.488: Total time for which application threads were stopped: 0.0468170 seconds, Stopping threads took: 0.0447610 seconds
249.578: Application time: 0.0896880 seconds
249.649: [GC249.649: [ParNew: 7873K->7873K(8128K), 0.0000100 secs]249.649: [Tenured: 15635K->1737K(17924K), 0.0044100 secs] 23509K->1737K(26052K), [Perm : 5142K->5142K(21248K)], 0.0044650 secs] [Times: user=0.00 sys=0.00, real=0.00 secs] 
249.653: Total time for which application threads were stopped: 0.0755070 seconds, Stopping threads took: 0.0709720 seconds
249.655: Application time: 0.0010650 seconds
249.696: [GC249.696: [ParNew: 7146K->797K(8128K), 0.0020330 secs] 8883K->8004K(26052K), 0.0020710 secs] [Times: user=0.01 sys=0.00, real=0.01 secs] 
249.698: Total time for which application threads were stopped: 0.0437370 seconds, Stopping threads took: 0.0415960 seconds
249.778: Application time: 0.0795180 seconds
249.840: [GC249.840: [ParNew: 7923K->434K(8128K), 0.0006440 secs] 15130K->7665K(26052K), 0.0006750 secs] [Times: user=0.01 sys=0.00, real=0.00 secs] 
249.841: Total time for which application threads were stopped: 0.0627540 seconds, Stopping threads took: 0.0620010 seconds
249.841: Application time: 0.0008820 seconds
249.882: [GC249.882: [ParNew: 7581K->895K(8128K), 0.0021370 secs] 14811K->13720K(26052K), 0.0021720 secs] [Times: user=0.01 sys=0.00, real=0.00 secs] 
249.884: Total time for which application threads were stopped: 0.0428260 seconds, Stopping threads took: 0.0405760 seconds
249.963: Application time: 0.0787660 seconds
250.006: [GC250.006: [ParNew: 8040K->8040K(8128K), 0.0000100 secs]250.006: [Tenured: 12825K->4175K(17924K), 0.0057450 secs] 20866K->4175K(26052K), [Perm : 5142K->5142K(21248K)], 0.0058040 secs] [Times: user=0.00 sys=0.01, real=0.01 secs] 
250.011: Total time for which application threads were stopped: 0.0484240 seconds, Stopping threads took: 0.0425570 seconds
250.090: Application time: 0.0781380 seconds
250.094: [GC250.094: [ParNew: 7146K->795K(8128K), 0.0005930 secs] 11321K->5556K(26052K), 0.0006230 secs] [Times: user=0.01 sys=0.00, real=0.00 secs] 
250.095: Total time for which application threads were stopped: 0.0051520 seconds, Stopping threads took: 0.0044540 seconds
250.096: Application time: 0.0012090 seconds
250.169: [GC250.169: [ParNew: 7941K->889K(8128K), 0.0015540 secs] 12702K->9010K(26052K), 0.0015960 secs] [Times: user=0.01 sys=0.00, real=0.00 secs] 
250.171: Total time for which application threads were stopped: 0.0747460 seconds, Stopping threads took: 0.0730580 seconds
250.250: Application time: 0.0789740 seconds
250.260: [GC250.260: [ParNew: 8113K->825K(8128K), 0.0010860 secs] 16235K->10900K(26052K), 0.0011200 secs] [Times: user=0.01 sys=0.00, real=0.00 secs] 
250.261: Total time for which application threads were stopped: 0.0115190 seconds, Stopping threads took: 0.0103200 seconds
250.339: Application time: 0.0780240 seconds
250.342: [GC250.342: [ParNew: 7873K->789K(8128K), 0.0004670 secs] 17948K->11318K(26052K), 0.0004960 secs] [Times: user=0.00 sys=0.00, real=0.00 secs] 
250.342: Total time for which application threads were stopped: 0.0028920 seconds, Stopping threads took: 0.0023420 seconds
250.343: Application time: 0.0010740 seconds
250.419: [GC250.419: [ParNew: 7935K->793K(8128K), 0.0011630 secs] 18464K->13495K(26052K), 0.0012050 secs] [Times: user=0.01 sys=0.00, real=0.00 secs] 
250.420: Total time for which application threads were stopped: 0.0769560 seconds, Stopping threads took: 0.0756720 seconds
250.508: Application time: 0.0873660 seconds
250.558: [GC250.558: [ParNew: 8017K->8017K(8128K), 0.0000100 secs]250.558: [Tenured: 12702K->1790K(17924K), 0.0044560 secs] 20719K->1790K(26052K), [Perm : 5142K->5142K(21248K)], 0.0045120 secs] [Times: user=0.01 sys=0.00, real=0.01 secs] 
250.562: Total time for which application threads were stopped: 0.0545780 seconds, Stopping threads took: 0.0500050 seconds
250.563: Application time: 0.0010660 seconds
250.604: [GC250.604: [ParNew: 7126K->895K(8128K), 0.0021430 secs] 8917K->8183K(26052K), 0.0021810 secs] [Times: user=0.02 sys=0.00, real=0.01 secs] 
250.606: Total time for which application threads were stopped: 0.0430660 seconds, Stopping threads took: 0.0408260 seconds
250.687: Application time: 0.0812410 seconds
250.756: [GC250.756: [ParNew: 7845K->402K(8128K), 0.0004650 secs] 15133K->7738K(26052K), 0.0004930 secs] [Times: user=0.01 sys=0.00, real=0.00 secs] 
250.757: Total time for which application threads were stopped: 0.0694540 seconds, Stopping threads took: 0.0688770 seconds
250.758: Application time: 0.0009200 seconds
250.758: [GC250.758: [ParNew: 7548K->895K(8128K), 0.0023780 secs] 14884K->14872K(26052K), 0.0024110 secs] [Times: user=0.02 sys=0.00, real=0.00 secs] 
250.761: Total time for which application threads were stopped: 0.0026280 seconds, Stopping threads took: 0.0001430 seconds
250.843: Application time: 0.0820540 seconds
250.911: [GC250.911: [ParNew: 8119K->8119K(8128K), 0.0000090 secs]250.911: [Tenured: 13976K->3215K(17924K), 0.0047450 secs] 22096K->3215K(26052K), [Perm : 5142K->5142K(21248K)], 0.0048020 secs] [Times: user=0.01 sys=0.00, real=0.00 secs] 
250.915: Total time for which application threads were stopped: 0.0729030 seconds, Stopping threads took: 0.0680400 seconds
251.000: Application time: 0.0845490 seconds
251.007: [GC251.007: [ParNew: 7048K->211K(8128K), 0.0004150 secs] 10264K->3427K(26052K), 0.0004480 secs] [Times: user=0.00 sys=0.00, real=0.00 secs] 
251.008: Total time for which application threads were stopped: 0.0076060 seconds, Stopping threads took: 0.0070930 seconds
251.008: Application time: 0.0007540 seconds
251.009: [GC251.009: [ParNew: 7435K->895K(8128K), 0.0025200 secs] 10651K->10584K(26052K), 0.0025530 secs] [Times: user=0.02 sys=0.00, real=0.00 secs] 
251.011: Total time for which application threads were stopped: 0.0029110 seconds, Stopping threads took: 0.0002930 seconds
251.092: Application time: 0.0808970 seconds
251.160: [GC251.160: [ParNew: 8021K->893K(8128K), 0.0008110 secs] 17710K->11240K(26052K), 0.0008450 secs] [Times: user=0.01 sys=0.00, real=0.00 secs] 
251.161: Total time for which application threads were stopped: 0.0686360 seconds, Stopping threads took: 0.0677100 seconds
251.245: Application time: 0.0838890 seconds
251.254: [GC251.254: [ParNew: 8117K->42K(8128K), 0.0004710 secs] 18464K->10437K(26052K), 0.0004980 secs] [Times: user=0.00 sys=0.00, real=0.00 secs] 
251.255: Total time for which application threads were stopped: 0.0097840 seconds, Stopping threads took: 0.0092130 seconds
251.255: Application time: 0.0007540 seconds
251.256: [GC251.256: [ParNew: 7188K->895K(8128K), 0.0021030 secs] 17583K->17568K(26052K), 0.0021360 secs] [Times: user=0.02 sys=0.00, real=0.01 secs] 
251.258: Total time for which application threads were stopped: 0.0030820 seconds, Stopping threads took: 0.0008890 seconds
251.350: Application time: 0.0914000 seconds
251.418: [GC251.418: [ParNew: 7943K->7943K(8128K), 0.0000100 secs]251.418: [Tenured: 16673K->2812K(17924K), 0.0053660 secs] 24617K->2812K(26052K), [Perm : 5142K->5142K(21248K)], 0.0054240 secs] [Times: user=0.00 sys=0.00, real=0.00 secs] 
251.424: Total time for which application threads were stopped: 0.0738510 seconds, Stopping threads took: 0.0683580 seconds
251.425: Application time: 0.0011000 seconds
251.501: [GC251.501: [ParNew: 7146K->893K(8128K), 0.0018810 secs] 9959K->8003K(26052K), 0.0019220 secs] [Times: user=0.01 sys=0.00, real=0.00 secs] 
251.503: Total time for which application threads were stopped: 0.0784730 seconds, Stopping threads took: 0.0764690 seconds
251.583: Application time: 0.0793380 seconds
251.624: [GC251.624: [ParNew: 8019K->434K(8128K), 0.0003370 secs] 15129K->7568K(26052K), 0.0003690 secs] [Times: user=0.00 sys=0.00, real=0.00 secs] 
251.625: Total time for which application threads were stopped: 0.0420630 seconds, Stopping threads took: 0.0416170 seconds
251.625: Application time: 0.0008350 seconds
251.666: [GC251.666: [ParNew: 7483K->895K(8128K), 0.0024410 secs] 14617K->13526K(26052K), 0.0024760 secs] [Times: user=0.01 sys=0.00, real=0.00 secs] 
251.669: Total time for which application threads were stopped: 0.0434120 seconds, Stopping threads took: 0.0408600 seconds
251.750: Application time: 0.0810510 seconds
251.817: [GC251.817: [ParNew: 7845K->7845K(8128K), 0.0000100 secs]251.817: [Tenured: 12631K->1734K(17924K), 0.0045870 secs] 20476K->1734K(26052K), [Perm : 5142K->5142K(21248K)], 0.0046430 secs] [Times: user=0.00 sys=0.00, real=0.01 secs] 
251.821: Total time for which application threads were stopped: 0.0715800 seconds, Stopping threads took: 0.0668650 seconds
251.823: Application time: 0.0010900 seconds
251.864: [GC251.864: [ParNew: 7146K->895K(8128K), 0.0022520 secs] 8880K->8196K(26052K), 0.0022890 secs] [Times: user=0.01 sys=0.00, real=0.01 secs] 
251.866: Total time for which application threads were stopped: 0.0435970 seconds, Stopping threads took: 0.0412270 seconds
251.947: Application time: 0.0811490 seconds
252.016: [GC252.016: [ParNew: 7748K->402K(8128K), 0.0007410 secs] 15049K->7727K(26052K), 0.0007730 secs] [Times: user=0.01 sys=0.00, real=0.00 secs] 
252.016: Total time for which application threads were stopped: 0.0690290 seconds, Stopping threads took: 0.0681720 seconds
252.017: Application time: 0.0008640 seconds
252.018: [GC252.018: [ParNew: 7510K->895K(8128K), 0.0024700 secs] 14835K->14722K(26052K), 0.0025080 secs] [Times: user=0.02 sys=0.00, real=0.01 secs] 
252.020: Total time for which application threads were stopped: 0.0028430 seconds, Stopping threads took: 0.0002560 seconds
252.102: Application time: 0.0817150 seconds
252.170: [GC252.170: [ParNew: 7943K->7943K(8128K), 0.0000110 secs]252.170: [Tenured: 13827K->2182K(17924K), 0.0058940 secs] 21770K->2182K(26052K), [Perm : 5142K->5142K(21248K)], 0.0059490 secs] [Times: user=0.01 sys=0.00, real=0.00 secs] 
252.176: Total time for which application threads were stopped: 0.0745240 seconds, Stopping threads took: 0.0684920 seconds
252.177: Application time: 0.0011990 seconds
252.218: [GC252.218: [ParNew: 7048K->895K(8128K), 0.0019140 secs] 9231K->8351K(26052K), 0.0019440 secs] [Times: user=0.01 sys=0.00, real=0.00 secs] 
252.220: Total time for which application threads were stopped: 0.0422750 seconds, Stopping threads took: 0.0402740 seconds
252.301: Application time: 0.0808610 seconds
252.369: [GC252.369: [ParNew: 7845K->404K(8128K), 0.0004300 secs] 15302K->7877K(26052K), 0.0004600 secs] [Times: user=0.00 sys=0.00, real=0.00 secs] 
252.370: Total time for which application threads were stopped: 0.0690880 seconds, Stopping threads took: 0.0685520 seconds
252.371: Application time: 0.0008920 seconds
252.411: [GC252.411: [ParNew: 7531K->893K(8128K), 0.0019680 secs] 15004K->13863K(26052K), 0.0020040 secs] [Times: user=0.02 sys=0.00, real=0.00 secs] 
252.413: Total time for which application threads were stopped: 0.0427850 seconds, Stopping threads took: 0.0407000 seconds
252.501: Application time: 0.0880290 seconds
252.574: [GC252.574: [ParNew: 7921K->7921K(8128K), 0.0000110 secs]252.574: [Tenured: 12969K->2239K(17924K), 0.0058800 secs] 20891K->2239K(26052K), [Perm : 5142K->5142K(21248K)], 0.0059340 secs] [Times: user=0.01 sys=0.00, real=0.01 secs] 
252.580: Total time for which application threads were stopped: 0.0781140 seconds, Stopping threads took: 0.0721130 seconds
252.581: Application time: 0.0012810 seconds
252.621: [GC252.621: [ParNew: 7146K->797K(8128K), 0.0018780 secs] 9385K->8701K(26052K), 0.0019200 secs] [Times: user=0.01 sys=0.00, real=0.00 secs] 
252.623: Total time for which application threads were stopped: 0.0425790 seconds, Stopping threads took: 0.0405790 seconds
252.705: Application time: 0.0815330 seconds
252.774: [GC252.774: [ParNew: 7650K->404K(8128K), 0.0007550 secs] 15554K->8332K(26052K), 0.0007870 secs] [Times: user=0.00 sys=0.00, real=0.00 secs] 
252.774: Total time for which application threads were stopped: 0.0694370 seconds, Stopping threads took: 0.0685740 seconds
252.775: Application time: 0.0008730 seconds
252.826: [GC252.826: [ParNew: 7629K->895K(8128K), 0.0018960 secs] 15557K->13343K(26052K), 0.0019320 secs] [Times: user=0.01 sys=0.01, real=0.01 secs] 
252.827: Total time for which application threads were stopped: 0.0521910 seconds, Stopping threads took: 0.0501810 seconds
252.907: Application time: 0.0794850 seconds
252.950: [GC252.950: [ParNew: 7826K->7826K(8128K), 0.0000090 secs]252.950: [Tenured: 12448K->2297K(17924K), 0.0045530 secs] 20274K->2297K(26052K), [Perm : 5142K->5142K(21248K)], 0.0046070 secs] [Times: user=0.01 sys=0.00, real=0.00 secs] 
252.954: Total time for which application threads were stopped: 0.0472060 seconds, Stopping threads took: 0.0425370 seconds
252.955: Application time: 0.0013340 seconds
252.995: [GC252.995: [ParNew: 7146K->895K(8128K), 0.0021020 secs] 9443K->8759K(26052K), 0.0021350 secs] [Times: user=0.02 sys=0.00, real=0.00 secs] 
252.998: Total time for which application threads were stopped: 0.0421150 seconds, Stopping threads took: 0.0399040 seconds
253.079: Application time: 0.0817030 seconds
253.123: [GC253.123: [ParNew: 8040K->891K(8128K), 0.0010190 secs] 15905K->10724K(26052K), 0.0010530 secs] [Times: user=0.01 sys=0.00, real=0.00 secs] 
253.124: Total time for which application threads were stopped: 0.0446240 seconds, Stopping threads took: 0.0434830 seconds
253.202: Application time: 0.0781170 seconds
253.207: [GC253.207: [ParNew: 7919K->821K(8128K), 0.0006840 secs] 17753K->11053K(26052K), 0.0007150 secs] [Times: user=0.00 sys=0.00, real=0.00 secs] 
253.207: Total time for which application threads were stopped: 0.0052200 seconds, Stopping threads took: 0.0044290 seconds
253.208: Application time: 0.0009290 seconds
253.258: [GC253.258: [ParNew: 7967K->895K(8128K), 0.0019380 secs] 18199K->16456K(26052K), 0.0019770 secs] [Times: user=0.01 sys=0.00, real=0.00 secs] 
253.260: Total time for which application threads were stopped: 0.0516460 seconds, Stopping threads took: 0.0496110 seconds
253.350: Application time: 0.0898870 seconds
253.419: [GC253.419: [ParNew: 8041K->8041K(8128K), 0.0000100 secs]253.419: [Tenured: 15561K->1734K(17924K), 0.0050930 secs] 23602K->1734K(26052K), [Perm : 5142K->5142K(21248K)], 0.0051500 secs] [Times: user=0.00 sys=0.00, real=0.00 secs] 
253.425: Total time for which application threads were stopped: 0.0747740 seconds, Stopping threads took: 0.0695420 seconds
253.426: Application time: 0.0010200 seconds
253.426: [GC253.426: [ParNew: 7048K->797K(8128K), 0.0024840 secs] 8783K->8782K(26052K), 0.0025200 secs] [Times: user=0.02 sys=0.00, real=0.00 secs] 
253.428: Total time for which application threads were stopped: 0.0027990 seconds, Stopping threads took: 0.0002190 seconds
253.509: Application time: 0.0802850 seconds
253.566: [GC253.566: [ParNew: 7747K->889K(8128K), 0.0007570 secs] 15733K->9484K(26052K), 0.0007900 secs] [Times: user=0.01 sys=0.00, real=0.00 secs] 
253.567: Total time for which application threads were stopped: 0.0583710 seconds, Stopping threads took: 0.0575140 seconds
253.645: Application time: 0.0778720 seconds
253.648: [GC253.648: [ParNew: 8121K->52K(8128K), 0.0004800 secs] 16716K->8655K(26052K), 0.0005080 secs] [Times: user=0.00 sys=0.00, real=0.00 secs] 
253.649: Total time for which application threads were stopped: 0.0038650 seconds, Stopping threads took: 0.0032980 seconds
253.650: Application time: 0.0008540 seconds
253.650: [GC253.650: [ParNew: 7266K->895K(8128K), 0.0020480 secs] 15869K->15804K(26052K), 0.0020850 secs] [Times: user=0.01 sys=0.00, real=0.00 secs] 
253.652: Total time for which application threads were stopped: 0.0022540 seconds, Stopping threads took: 0.0001160 seconds
253.740: Application time: 0.0884850 seconds
253.811: [GC253.811: [ParNew: 8040K->8040K(8128K), 0.0000110 secs]253.811: [Tenured: 14909K->2768K(17924K), 0.0054010 secs] 22950K->2768K(26052K), [Perm : 5142K->5142K(21248K)], 0.0054590 secs] [Times: user=0.00 sys=0.00, real=0.00 secs] 
253.817: Total time for which application threads were stopped: 0.0763470 seconds, Stopping threads took: 0.0708260 seconds
253.818: Application time: 0.0013350 seconds
253.890: [GC253.890: [ParNew: 7224K->825K(8128K), 0.0017290 secs] 9992K->8086K(26052K), 0.0017680 secs] [Times: user=0.01 sys=0.00, real=0.00 secs] 
253.892: Total time for which application threads were stopped: 0.0737980 seconds, Stopping threads took: 0.0719690 seconds
253.970: Application time: 0.0786570 seconds
254.013: [GC254.013: [ParNew: 7854K->893K(8128K), 0.0007380 secs] 15115K->8828K(26052K), 0.0007660 secs] [Times: user=0.00 sys=0.00, real=0.00 secs] 
254.013: Total time for which application threads were stopped: 0.0429250 seconds, Stopping threads took: 0.0420860 seconds
254.091: Application time: 0.0779440 seconds
254.093: [GC254.093: [ParNew: 8039K->14K(8128K), 0.0003590 secs] 15974K->7989K(26052K), 0.0003860 secs] [Times: user=0.00 sys=0.00, real=0.00 secs] 
254.094: Total time for which application threads were stopped: 0.0022520 seconds, Stopping threads took: 0.0018070 seconds
254.095: Application time: 0.0008910 seconds
254.095: [GC254.095: [ParNew: 7238K->895K(8128K), 0.0020370 secs] 15213K->15148K(26052K), 0.0020660 secs] [Times: user=0.01 sys=0.00, real=0.00 secs] 
254.097: Total time for which application threads were stopped: 0.0022850 seconds, Stopping threads took: 0.0001660 seconds
254.179: Application time: 0.0823590 seconds
254.254: [GC254.254: [ParNew: 7943K->7943K(8128K), 0.0000100 secs]254.254: [Tenured: 14253K->1681K(17924K), 0.0048800 secs] 22196K->1681K(26052K), [Perm : 5142K->5142K(21248K)], 0.0049370 secs] [Times: user=0.01 sys=0.00, real=0.01 secs] 
254.259: Total time for which application threads were stopped: 0.0793980 seconds, Stopping threads took: 0.0743910 seconds
254.260: Application time: 0.0012470 seconds
254.301: [GC254.301: [ParNew: 7145K->893K(8128K), 0.0019780 secs] 8827K->7946K(26052K), 0.0020150 secs] [Times: user=0.01 sys=0.00, real=0.00 secs] 
254.303: Total time for which application threads were stopped: 0.0427570 seconds, Stopping threads took: 0.0406590 seconds
254.383: Application time: 0.0805400 seconds
254.451: [GC254.451: [ParNew: 7941K->400K(8128K), 0.0006070 secs] 14994K->7478K(26052K), 0.0006360 secs] [Times: user=0.00 sys=0.00, real=0.00 secs] 
254.452: Total time for which application threads were stopped: 0.0688910 seconds, Stopping threads took: 0.0681880 seconds
254.453: Application time: 0.0008780 seconds
254.494: [GC254.494: [ParNew: 7546K->795K(8128K), 0.0019240 secs] 14624K->13537K(26052K), 0.0019610 secs] [Times: user=0.01 sys=0.00, real=0.00 secs] 
254.496: Total time for which application threads were stopped: 0.0427240 seconds, Stopping threads took: 0.0407070 seconds
254.594: Application time: 0.0979180 seconds
254.663: [GC254.663: [ParNew: 7843K->7843K(8128K), 0.0000100 secs]254.663: [Tenured: 12741K->2268K(17924K), 0.0044720 secs] 20585K->2268K(26052K), [Perm : 5142K->5142K(21248K)], 0.0045280 secs] [Times: user=0.01 sys=0.00, real=0.01 secs] 
254.667: Total time for which application threads were stopped: 0.0738230 seconds, Stopping threads took: 0.0692330 seconds
254.668: Application time: 0.0011130 seconds
254.712: [GC254.712: [ParNew: 7146K->893K(8128K), 0.0017590 secs] 9414K->7849K(26052K), 0.0017970 secs] [Times: user=0.01 sys=0.00, real=0.00 secs] 
254.713: Total time for which application threads were stopped: 0.0450050 seconds, Stopping threads took: 0.0431260 seconds
254.793: Application time: 0.0794270 seconds
254.835: [GC254.835: [ParNew: 8019K->825K(8128K), 0.0005890 secs] 14976K->7814K(26052K), 0.0006280 secs] [Times: user=0.00 sys=0.00, real=0.00 secs] 
254.836: Total time for which application threads were stopped: 0.0429430 seconds, Stopping threads took: 0.0422260 seconds
254.837: Application time: 0.0010220 seconds
254.877: [GC254.877: [ParNew: 8049K->895K(8128K), 0.0023240 secs] 15038K->13913K(26052K), 0.0023620 secs] [Times: user=0.01 sys=0.01, real=0.01 secs] 
254.880: Total time for which application threads were stopped: 0.0429670 seconds, Stopping threads took: 0.0405480 seconds
254.974: Application time: 0.0941860 seconds
255.045: [GC255.045: [ParNew: 7748K->7748K(8128K), 0.0000110 secs]255.045: [Tenured: 13018K->3200K(17924K), 0.0055270 secs] 20766K->3200K(26052K), [Perm : 5142K->5142K(21248K)], 0.0055840 secs] [Times: user=0.00 sys=0.00, real=0.01 secs] 
255.051: Total time for which application threads were stopped: 0.0765290 seconds, Stopping threads took: 0.0708840 seconds
255.136: Application time: 0.0853480 seconds
255.140: [GC255.140: [ParNew: 7224K->432K(8128K), 0.0003280 secs] 10424K->3633K(26052K), 0.0003570 secs] [Times: user=0.00 sys=0.00, real=0.00 secs] 
255.140: Total time for which application threads were stopped: 0.0042120 seconds, Stopping threads took: 0.0037790 seconds
255.141: Application time: 0.0007660 seconds
255.181: [GC255.181: [ParNew: 7578K->825K(8128K), 0.0020100 secs] 10779K->9690K(26052K), 0.0020530 secs] [Times: user=0.01 sys=0.00, real=0.00 secs] 
255.183: Total time for which application threads were stopped: 0.0424180 seconds, Stopping threads took: 0.0402800 seconds
255.264: Application time: 0.0809320 seconds
255.332: [GC255.332: [ParNew: 7678K->402K(8128K), 0.0003230 secs] 16543K->9339K(26052K), 0.0003550 secs] [Times: user=0.00 sys=0.00, real=0.00 secs] 
255.332: Total time for which application threads were stopped: 0.0678260 seconds, Stopping threads took: 0.0673940 seconds
255.333: Application time: 0.0009700 seconds
255.373: [GC255.373: [ParNew: 7627K->895K(8128K), 0.0021080 secs] 16563K->15426K(26052K), 0.0021440 secs] [Times: user=0.01 sys=0.00, real=0.00 secs] 
255.375: Total time for which application threads were stopped: 0.0420080 seconds, Stopping threads took: 0.0397990 seconds
255.466: Application time: 0.0905830 seconds
255.537: [GC255.537: [ParNew: 7826K->7826K(8128K), 0.0000100 secs]255.537: [Tenured: 14531K->1820K(17924K), 0.0052260 secs] 22357K->1820K(26052K), [Perm : 5142K->5142K(21248K)], 0.0052790 secs] [Times: user=0.00 sys=0.00, real=0.01 secs] 
255.543: Total time for which application threads were stopped: 0.0769450 seconds, Stopping threads took: 0.0715850 seconds
255.544: Application time: 0.0011070 seconds
255.584: [GC255.584: [ParNew: 7146K->895K(8128K), 0.0017290 secs] 8966K->7208K(26052K), 0.0017690 secs] [Times: user=0.02 sys=0.00, real=0.01 secs] 
255.586: Total time for which application threads were stopped: 0.0425090 seconds, Stopping threads took: 0.0406600 seconds
255.665: Application time: 0.0786850 seconds
255.708: [GC255.708: [ParNew: 8041K->791K(8128K), 0.0008780 secs] 14354K->8105K(26052K), 0.0009100 secs] [Times: user=0.00 sys=0.00, real=0.00 secs] 
255.709: Total time for which application threads were stopped: 0.0439050 seconds, Stopping threads took: 0.0429180 seconds
255.788: Application time: 0.0790210 seconds
255.791: [GC255.791: [ParNew: 7839K->209K(8128K), 0.0004490 secs] 15153K->7539K(26052K), 0.0004770 secs] [Times: user=0.00 sys=0.00, real=0.00 secs] 
255.792: Total time for which application threads were stopped: 0.0040020 seconds, Stopping threads took: 0.0034520 seconds
255.793: Application time: 0.0008690 seconds
255.793: [GC255.793: [ParNew: 7316K->895K(8128K), 0.0020350 secs] 14646K->14531K(26052K), 0.0020650 secs] [Times: user=0.02 sys=0.00, real=0.00 secs] 
255.795: Total time for which application threads were stopped: 0.0023950 seconds, Stopping threads took: 0.0002550 seconds
255.877: Application time: 0.0814730 seconds
255.940: [GC255.940: [ParNew: 8005K->8005K(8128K), 0.0000100 secs]255.940: [Tenured: 13636K->3160K(17924K), 0.0053820 secs] 21641K->3160K(26052K), [Perm : 5142K->5142K(21248K)], 0.0054480 secs] [Times: user=0.00 sys=0.00, real=0.00 secs] 
255.946: Total time for which application threads were stopped: 0.0690460 seconds, Stopping threads took: 0.0635050 seconds
255.947: Application time: 0.0012830 seconds
255.989: [GC255.989: [ParNew: 7162K->893K(8128K), 0.0020370 secs] 10322K->8366K(26052K), 0.0020770 secs] [Times: user=0.01 sys=0.00, real=0.00 secs] 
255.991: Total time for which application threads were stopped: 0.0443720 seconds, Stopping threads took: 0.0422150 seconds
256.069: Application time: 0.0779690 seconds
256.073: [GC256.073: [ParNew: 8039K->891K(8128K), 0.0013060 secs] 15512K->11220K(26052K), 0.0013430 secs] [Times: user=0.01 sys=0.00, real=0.00 secs] 
256.074: Total time for which application threads were stopped: 0.0050020 seconds, Stopping threads took: 0.0035790 seconds
256.160: Application time: 0.0862120 seconds
256.212: [GC256.212: [ParNew: 8037K->793K(8128K), 0.0007230 secs] 18366K->11529K(26052K), 0.0016330 secs] [Times: user=0.00 sys=0.00, real=0.00 secs] 
256.214: Total time for which application threads were stopped: 0.0531390 seconds, Stopping threads took: 0.0514260 seconds
256.215: Application time: 0.0011030 seconds
256.256: [GC256.256: [ParNew: 7939K->891K(8128K), 0.0019730 secs] 18675K->16909K(26052K), 0.0020120 secs] [Times: user=0.01 sys=0.01, real=0.01 secs] 
256.258: Total time for which application threads were stopped: 0.0430210 seconds, Stopping threads took: 0.0409300 seconds
256.352: Application time: 0.0942490 seconds
256.406: [GC256.406: [ParNew: 7744K->7744K(8128K), 0.0000100 secs]256.406: [Tenured: 16018K->3078K(17924K), 0.0051420 secs] 23762K->3078K(26052K), [Perm : 5142K->5142K(21248K)], 0.0052000 secs] [Times: user=0.00 sys=0.00, real=0.00 secs] 
256.411: Total time for which application threads were stopped: 0.0593770 seconds, Stopping threads took: 0.0540950 seconds
256.413: Application time: 0.0011820 seconds
256.482: [GC256.482: [ParNew: 7146K->797K(8128K), 0.0017870 secs] 10224K->8173K(26052K), 0.0018240 secs] [Times: user=0.01 sys=0.00, real=0.00 secs] 
256.484: Total time for which application threads were stopped: 0.0709820 seconds, Stopping threads took: 0.0690670 seconds
256.563: Application time: 0.0797330 seconds
256.605: [GC256.605: [ParNew: 8021K->432K(8128K), 0.0002930 secs] 15397K->7824K(26052K), 0.0003250 secs] [Times: user=0.00 sys=0.00, real=0.00 secs] 
256.605: Total time for which application threads were stopped: 0.0419060 seconds, Stopping threads took: 0.0415250 seconds
256.606: Application time: 0.0009950 seconds
256.647: [GC256.647: [ParNew: 7637K->895K(8128K), 0.0022840 secs] 15029K->13840K(26052K), 0.0023200 secs] [Times: user=0.01 sys=0.00, real=0.00 secs] 
256.649: Total time for which application threads were stopped: 0.0429480 seconds, Stopping threads took: 0.0405510 seconds
256.728: Application time: 0.0791790 seconds
256.786: [GC256.786: [ParNew: 7943K->7943K(8128K), 0.0000100 secs]256.786: [Tenured: 12945K->2907K(17924K), 0.0054730 secs] 20888K->2907K(26052K), [Perm : 5142K->5142K(21248K)], 0.0055320 secs] [Times: user=0.00 sys=0.00, real=0.00 secs] 
256.792: Total time for which application threads were stopped: 0.0635430 seconds, Stopping threads took: 0.0579260 seconds
256.877: Application time: 0.0856110 seconds
256.885: [GC256.885: [ParNew: 7048K->10K(8128K), 0.0005060 secs] 9956K->2918K(26052K), 0.0005340 secs] [Times: user=0.00 sys=0.00, real=0.00 secs] 
256.886: Total time for which application threads were stopped: 0.0081410 seconds, Stopping threads took: 0.0075330 seconds
256.886: Application time: 0.0007760 seconds
256.887: [GC256.887: [ParNew: 7156K->895K(8128K), 0.0025600 secs] 10064K->10053K(26052K), 0.0025940 secs] [Times: user=0.02 sys=0.00, real=0.00 secs] 
256.889: Total time for which application threads were stopped: 0.0029220 seconds, Stopping threads took: 0.0002520 seconds
256.972: Application time: 0.0826160 seconds
257.047: [GC257.047: [ParNew: 8021K->239K(8128K), 0.0006500 secs] 17179K->9413K(26052K), 0.0006860 secs] [Times: user=0.00 sys=0.00, real=0.00 secs] 
257.047: Total time for which application threads were stopped: 0.0753350 seconds, Stopping threads took: 0.0745880 seconds
257.048: Application time: 0.0008910 seconds
257.048: [GC257.048: [ParNew: 7385K->895K(8128K), 0.0020350 secs] 16559K->16543K(26052K), 0.0020690 secs] [Times: user=0.01 sys=0.00, real=0.00 secs] 
257.050: Total time for which application threads were stopped: 0.0022860 seconds, Stopping threads took: 0.0001610 seconds
257.143: Application time: 0.0920900 seconds
257.215: [GC257.215: [ParNew: 7943K->7943K(8128K), 0.0000100 secs]257.215: [Tenured: 15648K->1764K(17924K), 0.0051170 secs] 23591K->1764K(26052K), [Perm : 5142K->5142K(21248K)], 0.0051730 secs] [Times: user=0.01 sys=0.00, real=0.01 secs] 
257.221: Total time for which application threads were stopped: 0.0781100 seconds, Stopping threads took: 0.0728530 seconds
257.222: Application time: 0.0012350 seconds
257.272: [GC257.272: [ParNew: 7048K->895K(8128K), 0.0019300 secs] 8813K->8128K(26052K), 0.0019630 secs] [Times: user=0.00 sys=0.01, real=0.00 secs] 
257.274: Total time for which application threads were stopped: 0.0519530 seconds, Stopping threads took: 0.0499130 seconds
257.356: Application time: 0.0818550 seconds
257.424: [GC257.424: [ParNew: 7845K->402K(8128K), 0.0006670 secs] 15079K->7660K(26052K), 0.0006980 secs] [Times: user=0.01 sys=0.00, real=0.00 secs] 
257.425: Total time for which application threads were stopped: 0.0690620 seconds, Stopping threads took: 0.0682920 seconds
257.426: Application time: 0.0010000 seconds
257.466: [GC257.466: [ParNew: 7625K->895K(8128K), 0.0021480 secs] 14882K->13747K(26052K), 0.0021850 secs] [Times: user=0.02 sys=0.00, real=0.00 secs] 
257.468: Total time for which application threads were stopped: 0.0423840 seconds, Stopping threads took: 0.0401430 seconds
257.550: Application time: 0.0815410 seconds
257.617: [GC257.617: [ParNew: 8021K->8021K(8128K), 0.0000110 secs]257.617: [Tenured: 12852K->2408K(17924K), 0.0052370 secs] 20874K->2408K(26052K), [Perm : 5142K->5142K(21248K)], 0.0052900 secs] [Times: user=0.00 sys=0.00, real=0.01 secs] 
257.622: Total time for which application threads were stopped: 0.0724580 seconds, Stopping threads took: 0.0670790 seconds
257.623: Application time: 0.0011760 seconds
257.664: [GC257.664: [ParNew: 7224K->895K(8128K), 0.0019740 secs] 9632K->8019K(26052K), 0.0020120 secs] [Times: user=0.02 sys=0.00, real=0.01 secs] 
257.666: Total time for which application threads were stopped: 0.0428950 seconds, Stopping threads took: 0.0408030 seconds
257.745: Application time: 0.0790130 seconds
257.787: [GC257.787: [ParNew: 7943K->795K(8128K), 0.0011480 secs] 15067K->10108K(26052K), 0.0011800 secs] [Times: user=0.01 sys=0.00, real=0.00 secs] 
257.788: Total time for which application threads were stopped: 0.0428570 seconds, Stopping threads took: 0.0416000 seconds
257.865: Application time: 0.0770580 seconds
257.870: [GC257.870: [ParNew: 7726K->823K(8128K), 0.0004800 secs] 17039K->10534K(26052K), 0.0005140 secs] [Times: user=0.00 sys=0.01, real=0.00 secs] 
257.870: Total time for which application threads were stopped: 0.0050210 seconds, Stopping threads took: 0.0044290 seconds
257.871: Application time: 0.0009210 seconds
257.912: [GC257.912: [ParNew: 7969K->893K(8128K), 0.0021640 secs] 17681K->15942K(26052K), 0.0022010 secs] [Times: user=0.01 sys=0.00, real=0.00 secs] 
257.914: Total time for which application threads were stopped: 0.0430890 seconds, Stopping threads took: 0.0408110 seconds
258.001: Application time: 0.0870110 seconds
258.074: [GC258.074: [ParNew: 8039K->8039K(8128K), 0.0000090 secs]258.074: [Tenured: 15049K->2270K(17924K), 0.0050720 secs] 23088K->2270K(26052K), [Perm : 5142K->5142K(21248K)], 0.0051290 secs] [Times: user=0.00 sys=0.00, real=0.01 secs] 
258.079: Total time for which application threads were stopped: 0.0776210 seconds, Stopping threads took: 0.0724060 seconds
258.080: Application time: 0.0013030 seconds
258.123: [GC258.123: [ParNew: 7224K->895K(8128K), 0.0017730 secs] 9495K->7686K(26052K), 0.0018150 secs] [Times: user=0.01 sys=0.01, real=0.00 secs] 
258.124: Total time for which application threads were stopped: 0.0442790 seconds, Stopping threads took: 0.0423900 seconds
258.207: Application time: 0.0825150 seconds
258.257: [GC258.257: [ParNew: 7748K->400K(8128K), 0.0003980 secs] 14539K->7239K(26052K), 0.0004280 secs] [Times: user=0.01 sys=0.00, real=0.00 secs] 
258.258: Total time for which application threads were stopped: 0.0507220 seconds, Stopping threads took: 0.0502200 seconds
258.258: Application time: 0.0008020 seconds
258.299: [GC258.299: [ParNew: 7546K->797K(8128K), 0.0019920 secs] 14386K->13301K(26052K), 0.0020300 secs] [Times: user=0.02 sys=0.00, real=0.00 secs] 
258.301: Total time for which application threads were stopped: 0.0427800 seconds, Stopping threads took: 0.0406700 seconds
258.383: Application time: 0.0821480 seconds
258.451: [GC258.451: [ParNew: 7650K->7650K(8128K), 0.0000100 secs]258.451: [Tenured: 12503K->1736K(17924K), 0.0044560 secs] 20153K->1736K(26052K), [Perm : 5142K->5142K(21248K)], 0.0045130 secs] [Times: user=0.00 sys=0.00, real=0.00 secs] 
258.456: Total time for which application threads were stopped: 0.0723220 seconds, Stopping threads took: 0.0677500 seconds
258.457: Application time: 0.0011200 seconds
258.504: [GC258.504: [ParNew: 7205K->893K(8128K), 0.0017080 secs] 8941K->7080K(26052K), 0.0017470 secs] [Times: user=0.01 sys=0.00, real=0.00 secs] 
258.505: Total time for which application threads were stopped: 0.0484380 seconds, Stopping threads took: 0.0466290 seconds
258.583: Application time: 0.0780080 seconds
258.625: [GC258.625: [ParNew: 7843K->891K(8128K), 0.0005630 secs] 14031K->7728K(26052K), 0.0005950 secs] [Times: user=0.01 sys=0.00, real=0.00 secs] 
258.625: Total time for which application threads were stopped: 0.0420820 seconds, Stopping threads took: 0.0414240 seconds
258.704: Application time: 0.0782690 seconds
258.707: [GC258.707: [ParNew: 8037K->8K(8128K), 0.0005210 secs] 14874K->6861K(26052K), 0.0005510 secs] [Times: user=0.00 sys=0.00, real=0.00 secs] 
258.708: Total time for which application threads were stopped: 0.0042650 seconds, Stopping threads took: 0.0036380 seconds
258.709: Application time: 0.0007720 seconds
258.709: [GC258.709: [ParNew: 7154K->895K(8128K), 0.0020540 secs] 14007K->13998K(26052K), 0.0020830 secs] [Times: user=0.01 sys=0.00, real=0.00 secs] 
258.711: Total time for which application threads were stopped: 0.0024740 seconds, Stopping threads took: 0.0003250 seconds
258.793: Application time: 0.0817100 seconds
258.857: [GC258.857: [ParNew: 8021K->8021K(8128K), 0.0000100 secs]258.857: [Tenured: 13103K->2700K(17924K), 0.0053280 secs] 21125K->2700K(26052K), [Perm : 5142K->5142K(21248K)], 0.0053860 secs] [Times: user=0.00 sys=0.00, real=0.01 secs] 
258.862: Total time for which application threads were stopped: 0.0692470 seconds, Stopping threads took: 0.0637780 seconds
258.863: Application time: 0.0013120 seconds
258.939: [GC258.939: [ParNew: 7048K->891K(8128K), 0.0015330 secs] 9749K->6717K(26052K), 0.0015690 secs] [Times: user=0.01 sys=0.00, real=0.00 secs] 
258.941: Total time for which application threads were stopped: 0.0774640 seconds, Stopping threads took: 0.0758140 seconds
259.019: Application time: 0.0783460 seconds
259.062: [GC259.062: [ParNew: 8037K->400K(8128K), 0.0007520 secs] 13863K->6242K(26052K), 0.0007840 secs] [Times: user=0.01 sys=0.00, real=0.00 secs] 
259.062: Total time for which application threads were stopped: 0.0432210 seconds, Stopping threads took: 0.0423590 seconds
259.063: Application time: 0.0009760 seconds
259.104: [GC259.104: [ParNew: 7546K->893K(8128K), 0.0019790 secs] 13388K->12301K(26052K), 0.0020170 secs] [Times: user=0.02 sys=0.00, real=0.01 secs] 
259.106: Total time for which application threads were stopped: 0.0427880 seconds, Stopping threads took: 0.0406930 seconds
259.188: Application time: 0.0820710 seconds
259.227: [GC259.227: [ParNew: 7745K->7745K(8128K), 0.0000100 secs]259.227: [Tenured: 11408K->3678K(17924K), 0.0055030 secs] 19154K->3678K(26052K), [Perm : 5142K->5142K(21248K)], 0.0055620 secs] [Times: user=0.01 sys=0.00, real=0.00 secs] 
259.233: Total time for which application threads were stopped: 0.0446580 seconds, Stopping threads took: 0.0390170 seconds
259.235: Application time: 0.0016120 seconds
259.310: [GC259.310: [ParNew: 7204K->893K(8128K), 0.0010340 secs] 10883K->5799K(26052K), 0.0010660 secs] [Times: user=0.01 sys=0.00, real=0.00 secs] 
259.312: Total time for which application threads were stopped: 0.0769640 seconds, Stopping threads took: 0.0758190 seconds
259.399: Application time: 0.0878330 seconds
259.407: [GC259.407: [ParNew: 7922K->432K(8128K), 0.0005050 secs] 12828K->5403K(26052K), 0.0005360 secs] [Times: user=0.00 sys=0.00, real=0.00 secs] 
259.408: Total time for which application threads were stopped: 0.0085740 seconds, Stopping threads took: 0.0079710 seconds
259.409: Application time: 0.0008120 seconds
259.450: [GC259.450: [ParNew: 7578K->825K(8128K), 0.0021270 secs] 12549K->11460K(26052K), 0.0021640 secs] [Times: user=0.02 sys=0.00, real=0.00 secs] 
259.452: Total time for which application threads were stopped: 0.0429110 seconds, Stopping threads took: 0.0406680 seconds
259.532: Application time: 0.0800120 seconds
259.600: [GC259.600: [ParNew: 7756K->432K(8128K), 0.0003790 secs] 18391K->11123K(26052K), 0.0004090 secs] [Times: user=0.00 sys=0.00, real=0.00 secs] 
259.600: Total time for which application threads were stopped: 0.0685940 seconds, Stopping threads took: 0.0681300 seconds
259.601: Application time: 0.0008380 seconds
259.601: [GC259.601: [ParNew: 7578K->895K(8128K), 0.0023180 secs] 18269K->18255K(26052K), 0.0023530 secs] [Times: user=0.02 sys=0.00, real=0.00 secs] 
259.604: Total time for which application threads were stopped: 0.0025700 seconds, Stopping threads took: 0.0001500 seconds
259.686: Application time: 0.0821910 seconds
259.727: [GC259.727: [ParNew: 8040K->8040K(8128K), 0.0000100 secs]259.727: [Tenured: 17359K->4376K(17924K), 0.0049870 secs] 25400K->4376K(26052K), [Perm : 5142K->5142K(21248K)], 0.0050460 secs] [Times: user=0.00 sys=0.00, real=0.00 secs] 
259.732: Total time for which application threads were stopped: 0.0458470 seconds, Stopping threads took: 0.0407380 seconds
259.810: Application time: 0.0778920 seconds
259.852: [GC259.852: [ParNew: 7048K->207K(8128K), 0.0004950 secs] 11425K->4584K(26052K), 0.0005240 secs] [Times: user=0.00 sys=0.00, real=0.00 secs] 
259.852: Total time for which application threads were stopped: 0.0424390 seconds, Stopping threads took: 0.0418320 seconds
259.853: Application time: 0.0010040 seconds
259.894: [GC259.894: [ParNew: 7353K->895K(8128K), 0.0020610 secs] 11730K->10643K(26052K), 0.0020930 secs] [Times: user=0.01 sys=0.00, real=0.00 secs] 
259.896: Total time for which application threads were stopped: 0.0429380 seconds, Stopping threads took: 0.0407680 seconds
259.977: Application time: 0.0810720 seconds
260.044: [GC260.044: [ParNew: 8021K->432K(8128K), 0.0004850 secs] 17769K->10205K(26052K), 0.0005120 secs] [Times: user=0.00 sys=0.00, real=0.00 secs] 
260.045: Total time for which application threads were stopped: 0.0677520 seconds, Stopping threads took: 0.0671670 seconds
260.046: Application time: 0.0010030 seconds
260.092: [GC260.092: [ParNew: 7657K->895K(8128K), 0.0020440 secs] 17429K->16290K(26052K), 0.0020810 secs] [Times: user=0.02 sys=0.00, real=0.00 secs] 
260.094: Total time for which application threads were stopped: 0.0480310 seconds, Stopping threads took: 0.0458710 seconds
260.181: Application time: 0.0868170 seconds
260.255: [GC260.255: [ParNew: 7748K->7748K(8128K), 0.0000100 secs]260.255: [Tenured: 15395K->1737K(17924K), 0.0045050 secs] 23143K->1737K(26052K), [Perm : 5142K->5142K(21248K)], 0.0045600 secs] [Times: user=0.01 sys=0.00, real=0.01 secs] 
260.259: Total time for which application threads were stopped: 0.0785110 seconds, Stopping threads took: 0.0738810 seconds
260.260: Application time: 0.0010840 seconds
260.315: [GC260.315: [ParNew: 7224K->825K(8128K), 0.0019590 secs] 8961K->7152K(26052K), 0.0019950 secs] [Times: user=0.01 sys=0.00, real=0.00 secs] 
260.317: Total time for which application threads were stopped: 0.0567260 seconds, Stopping threads took: 0.0546420 seconds
260.396: Application time: 0.0790440 seconds
260.438: [GC260.438: [ParNew: 7971K->891K(8128K), 0.0010860 secs] 14298K->9235K(26052K), 0.0011190 secs] [Times: user=0.00 sys=0.00, real=0.01 secs] 
260.439: Total time for which application threads were stopped: 0.0425440 seconds, Stopping threads took: 0.0413370 seconds
260.518: Application time: 0.0796050 seconds
260.561: [GC260.561: [ParNew: 7939K->207K(8128K), 0.0005960 secs] 16284K->8567K(26052K), 0.0006260 secs] [Times: user=0.00 sys=0.00, real=0.00 secs] 
260.562: Total time for which application threads were stopped: 0.0434910 seconds, Stopping threads took: 0.0428140 seconds
260.563: Application time: 0.0009390 seconds
260.615: [GC260.615: [ParNew: 7353K->895K(8128K), 0.0017730 secs] 15713K->14627K(26052K), 0.0018080 secs] [Times: user=0.01 sys=0.00, real=0.00 secs] 
260.617: Total time for which application threads were stopped: 0.0540500 seconds, Stopping threads took: 0.0521650 seconds
260.698: Application time: 0.0809880 seconds
260.765: [GC260.765: [ParNew: 7943K->7943K(8128K), 0.0000100 secs]260.765: [Tenured: 13731K->2157K(17924K), 0.0052210 secs] 21675K->2157K(26052K), [Perm : 5142K->5142K(21248K)], 0.0052770 secs] [Times: user=0.01 sys=0.00, real=0.01 secs] 
260.770: Total time for which application threads were stopped: 0.0727210 seconds, Stopping threads took: 0.0673620 seconds
260.772: Application time: 0.0010830 seconds
260.824: [GC260.824: [ParNew: 7146K->893K(8128K), 0.0019860 secs] 9303K->8617K(26052K), 0.0020250 secs] [Times: user=0.01 sys=0.00, real=0.00 secs] 
260.826: Total time for which application threads were stopped: 0.0540230 seconds, Stopping threads took: 0.0519170 seconds
260.906: Application time: 0.0805260 seconds
260.976: [GC260.976: [ParNew: 7824K->432K(8128K), 0.0004990 secs] 15548K->8180K(26052K), 0.0005280 secs] [Times: user=0.00 sys=0.00, real=0.00 secs] 
260.977: Total time for which application threads were stopped: 0.0705830 seconds, Stopping threads took: 0.0699690 seconds
260.978: Application time: 0.0009800 seconds
261.018: [GC261.018: [ParNew: 7637K->881K(8128K), 0.0018400 secs] 15385K->13122K(26052K), 0.0018760 secs] [Times: user=0.01 sys=0.00, real=0.00 secs] 
261.020: Total time for which application threads were stopped: 0.0424240 seconds, Stopping threads took: 0.0404920 seconds
261.099: Application time: 0.0786980 seconds
261.140: [GC261.140: [ParNew: 7929K->7929K(8128K), 0.0000100 secs]261.140: [Tenured: 12240K->4488K(17924K), 0.0057460 secs] 20170K->4488K(26052K), [Perm : 5142K->5142K(21248K)], 0.0058050 secs] [Times: user=0.00 sys=0.00, real=0.01 secs] 
261.146: Total time for which application threads were stopped: 0.0472970 seconds, Stopping threads took: 0.0414090 seconds
261.234: Application time: 0.0875690 seconds
261.239: [GC261.239: [ParNew: 7146K->795K(8128K), 0.0005410 secs] 11634K->5674K(26052K), 0.0015660 secs] [Times: user=0.00 sys=0.00, real=0.00 secs] 
261.240: Total time for which application threads were stopped: 0.0068390 seconds, Stopping threads took: 0.0051990 seconds
261.242: Application time: 0.0011240 seconds
261.317: [GC261.317: [ParNew: 7941K->893K(8128K), 0.0013110 secs] 12820K->8921K(26052K), 0.0013510 secs] [Times: user=0.01 sys=0.00, real=0.01 secs] 
261.319: Total time for which application threads were stopped: 0.0770580 seconds, Stopping threads took: 0.0756260 seconds
261.398: Application time: 0.0791580 seconds
261.439: [GC261.439: [ParNew: 8039K->895K(8128K), 0.0007720 secs] 16067K->9525K(26052K), 0.0008060 secs] [Times: user=0.00 sys=0.01, real=0.00 secs] 
261.439: Total time for which application threads were stopped: 0.0416030 seconds, Stopping threads took: 0.0407180 seconds
261.441: Application time: 0.0015380 seconds
261.518: [GC261.518: [ParNew: 8100K->895K(8128K), 0.0010260 secs] 16730K->10757K(26052K), 0.0010580 secs] [Times: user=0.00 sys=0.00, real=0.00 secs] 
261.519: Total time for which application threads were stopped: 0.0781880 seconds, Stopping threads took: 0.0770620 seconds
261.607: Application time: 0.0875410 seconds
261.618: [GC261.619: [ParNew: 7845K->404K(8128K), 0.0006460 secs] 17708K->10315K(26052K), 0.0006830 secs] [Times: user=0.00 sys=0.00, real=0.00 secs] 
261.619: Total time for which application threads were stopped: 0.0124670 seconds, Stopping threads took: 0.0117320 seconds
261.620: Application time: 0.0009160 seconds
261.661: [GC261.661: [ParNew: 7550K->795K(8128K), 0.0022270 secs] 17461K->16370K(26052K), 0.0022640 secs] [Times: user=0.01 sys=0.00, real=0.00 secs] 
261.663: Total time for which application threads were stopped: 0.0429870 seconds, Stopping threads took: 0.0406460 seconds
261.753: Application time: 0.0895370 seconds
261.827: [GC261.827: [ParNew: 7922K->7922K(8128K), 0.0000100 secs]261.827: [Tenured: 15574K->3597K(17924K), 0.0047790 secs] 23496K->3597K(26052K), [Perm : 5142K->5142K(21248K)], 0.0048380 secs] [Times: user=0.00 sys=0.00, real=0.00 secs] 
261.831: Total time for which application threads were stopped: 0.0787910 seconds, Stopping threads took: 0.0738800 seconds
261.917: Application time: 0.0852910 seconds
261.920: [GC261.920: [ParNew: 7146K->207K(8128K), 0.0004930 secs] 10743K->3804K(26052K), 0.0005220 secs] [Times: user=0.00 sys=0.00, real=0.00 secs] 
261.920: Total time for which application threads were stopped: 0.0035460 seconds, Stopping threads took: 0.0029610 seconds
261.921: Application time: 0.0010680 seconds
261.997: [GC261.997: [ParNew: 7332K->825K(8128K), 0.0004420 secs] 10929K->4422K(26052K), 0.0004690 secs] [Times: user=0.00 sys=0.00, real=0.00 secs] 
261.998: Total time for which application threads were stopped: 0.0763290 seconds, Stopping threads took: 0.0757840 seconds
261.999: Application time: 0.0009740 seconds
262.059: [GC262.059: [ParNew: 7971K->891K(8128K), 0.0021200 secs] 11569K->9427K(26052K), 0.0021560 secs] [Times: user=0.02 sys=0.00, real=0.00 secs] 
262.061: Total time for which application threads were stopped: 0.0628230 seconds, Stopping threads took: 0.0606050 seconds
262.142: Application time: 0.0806830 seconds
262.209: [GC262.209: [ParNew: 8115K->42K(8128K), 0.0003410 secs] 16651K->8586K(26052K), 0.0003720 secs] [Times: user=0.00 sys=0.00, real=0.00 secs] 
262.209: Total time for which application threads were stopped: 0.0672020 seconds, Stopping threads took: 0.0667750 seconds
262.210: Application time: 0.0010360 seconds
262.211: [GC262.211: [ParNew: 7188K->895K(8128K), 0.0022610 secs] 15732K->15718K(26052K), 0.0022940 secs] [Times: user=0.01 sys=0.00, real=0.00 secs] 
262.213: Total time for which application threads were stopped: 0.0025580 seconds, Stopping threads took: 0.0002100 seconds
262.305: Application time: 0.0919270 seconds
262.366: [GC262.366: [ParNew: 7943K->7943K(8128K), 0.0000110 secs]262.366: [Tenured: 14823K->3690K(17924K), 0.0050980 secs] 22766K->3690K(26052K), [Perm : 5142K->5142K(21248K)], 0.0051560 secs] [Times: user=0.00 sys=0.00, real=0.00 secs] 
262.372: Total time for which application threads were stopped: 0.0667180 seconds, Stopping threads took: 0.0614770 seconds
262.457: Application time: 0.0854500 seconds
262.465: [GC262.465: [ParNew: 7048K->795K(8128K), 0.0004190 secs] 10739K->4486K(26052K), 0.0004500 secs] [Times: user=0.00 sys=0.00, real=0.01 secs] 
262.466: Total time for which application threads were stopped: 0.0088900 seconds, Stopping threads took: 0.0083620 seconds
262.470: Application time: 0.0044920 seconds
262.535: [GC262.535: [ParNew: 7941K->893K(8128K), 0.0013050 secs] 11632K->7326K(26052K), 0.0013390 secs] [Times: user=0.00 sys=0.00, real=0.00 secs] 
262.537: Total time for which application threads were stopped: 0.0663680 seconds, Stopping threads took: 0.0649500 seconds
262.625: Application time: 0.0882230 seconds
262.679: [GC262.679: [ParNew: 8039K->10K(8128K), 0.0006160 secs] 14472K->6451K(26052K), 0.0006470 secs] [Times: user=0.00 sys=0.00, real=0.00 secs] 
262.680: Total time for which application threads were stopped: 0.0546010 seconds, Stopping threads took: 0.0538700 seconds
262.681: Application time: 0.0009330 seconds
262.721: [GC262.721: [ParNew: 7234K->893K(8128K), 0.0020960 secs] 13675K->12538K(26052K), 0.0021400 secs] [Times: user=0.01 sys=0.00, real=0.00 secs] 
262.724: Total time for which application threads were stopped: 0.0429690 seconds, Stopping threads took: 0.0407750 seconds
262.805: Application time: 0.0811110 seconds
262.847: [GC262.847: [ParNew: 8019K->8019K(8128K), 0.0000100 secs]262.848: [Tenured: 11645K->2673K(17924K), 0.0059940 secs] 19664K->2673K(26052K), [Perm : 5142K->5142K(21248K)], 0.0060500 secs] [Times: user=0.01 sys=0.00, real=0.00 secs] 
262.854: Total time for which application threads were stopped: 0.0488950 seconds, Stopping threads took: 0.0427640 seconds
262.855: Application time: 0.0014140 seconds
262.930: [GC262.930: [ParNew: 7126K->895K(8128K), 0.0018260 secs] 9800K->7796K(26052K), 0.0018630 secs] [Times: user=0.01 sys=0.00, real=0.00 secs] 
262.932: Total time for which application threads were stopped: 0.0771660 seconds, Stopping threads took: 0.0752260 seconds
263.011: Application time: 0.0785610 seconds
263.056: [GC263.056: [ParNew: 7748K->791K(8128K), 0.0005120 secs] 14649K->8139K(26052K), 0.0005400 secs] [Times: user=0.00 sys=0.00, real=0.00 secs] 
263.057: Total time for which application threads were stopped: 0.0461750 seconds, Stopping threads took: 0.0455600 seconds
263.058: Application time: 0.0011550 seconds
263.099: [GC263.099: [ParNew: 7937K->893K(8128K), 0.0021240 secs] 15285K->13530K(26052K), 0.0021580 secs] [Times: user=0.01 sys=0.01, real=0.00 secs] 
263.101: Total time for which application threads were stopped: 0.0430630 seconds, Stopping threads took: 0.0408290 seconds
263.181: Application time: 0.0800500 seconds
263.249: [GC263.249: [ParNew: 8039K->8039K(8128K), 0.0000110 secs]263.249: [Tenured: 12637K->1823K(17924K), 0.0051660 secs] 20676K->1823K(26052K), [Perm : 5142K->5142K(21248K)], 0.0052200 secs] [Times: user=0.00 sys=0.00, real=0.00 secs] 
263.254: Total time for which application threads were stopped: 0.0732050 seconds, Stopping threads took: 0.0678950 seconds
263.256: Application time: 0.0012800 seconds
263.298: [GC263.298: [ParNew: 7146K->895K(8128K), 0.0016660 secs] 8970K->7211K(26052K), 0.0017020 secs] [Times: user=0.01 sys=0.00, real=0.00 secs] 
263.300: Total time for which application threads were stopped: 0.0445210 seconds, Stopping threads took: 0.0427370 seconds
263.380: Application time: 0.0798420 seconds
263.421: [GC263.421: [ParNew: 7826K->434K(8128K), 0.0005730 secs] 14142K->6775K(26052K), 0.0006050 secs] [Times: user=0.01 sys=0.00, real=0.00 secs] 
263.422: Total time for which application threads were stopped: 0.0415790 seconds, Stopping threads took: 0.0409180 seconds
263.423: Application time: 0.0009440 seconds
263.463: [GC263.463: [ParNew: 7659K->893K(8128K), 0.0016880 secs] 13999K->11782K(26052K), 0.0017250 secs] [Times: user=0.01 sys=0.00, real=0.00 secs] 
263.465: Total time for which application threads were stopped: 0.0421030 seconds, Stopping threads took: 0.0402990 seconds
263.543: Application time: 0.0782710 seconds
263.584: [GC263.585: [ParNew: 8039K->891K(8128K), 0.0010660 secs] 18927K->13781K(26052K), 0.0011010 secs] [Times: user=0.00 sys=0.00, real=0.00 secs] 
263.586: Total time for which application threads were stopped: 0.0427000 seconds, Stopping threads took: 0.0415210 seconds
263.672: Application time: 0.0868490 seconds
263.679: [GC263.679: [ParNew: 8017K->8017K(8128K), 0.0000100 secs]263.679: [Tenured: 12890K->2788K(17924K), 0.0050190 secs] 20907K->2788K(26052K), [Perm : 5142K->5142K(21248K)], 0.0050770 secs] [Times: user=0.00 sys=0.00, real=0.00 secs] 
263.684: Total time for which application threads were stopped: 0.0118100 seconds, Stopping threads took: 0.0066720 seconds
263.686: Application time: 0.0012250 seconds
263.760: [GC263.760: [ParNew: 7126K->895K(8128K), 0.0014270 secs] 9914K->6836K(26052K), 0.0014640 secs] [Times: user=0.01 sys=0.00, real=0.00 secs] 
263.761: Total time for which application threads were stopped: 0.0756670 seconds, Stopping threads took: 0.0741320 seconds
263.840: Application time: 0.0785070 seconds
263.881: [GC263.881: [ParNew: 8041K->398K(8128K), 0.0005150 secs] 13982K->6396K(26052K), 0.0005550 secs] [Times: user=0.00 sys=0.00, real=0.00 secs] 
263.882: Total time for which application threads were stopped: 0.0422630 seconds, Stopping threads took: 0.0416530 seconds
263.883: Application time: 0.0009810 seconds
263.924: [GC263.924: [ParNew: 7623K->825K(8128K), 0.0020140 secs] 13620K->12487K(26052K), 0.0020510 secs] [Times: user=0.01 sys=0.00, real=0.00 secs] 
263.926: Total time for which application threads were stopped: 0.0427180 seconds, Stopping threads took: 0.0405890 seconds
264.023: Application time: 0.0975630 seconds
264.089: [GC264.089: [ParNew: 7678K->7678K(8128K), 0.0000110 secs]264.089: [Tenured: 11661K->1738K(17924K), 0.0045080 secs] 19340K->1738K(26052K), [Perm : 5142K->5142K(21248K)], 0.0045640 secs] [Times: user=0.01 sys=0.00, real=0.00 secs] 
264.094: Total time for which application threads were stopped: 0.0703230 seconds, Stopping threads took: 0.0656880 seconds
264.095: Application time: 0.0011180 seconds
264.149: [GC264.149: [ParNew: 7146K->895K(8128K), 0.0019190 secs] 8884K->7125K(26052K), 0.0019560 secs] [Times: user=0.01 sys=0.00, real=0.00 secs] 
264.151: Total time for which application threads were stopped: 0.0566890 seconds, Stopping threads took: 0.0546730 seconds
264.231: Application time: 0.0792440 seconds
264.275: [GC264.275: [ParNew: 8041K->793K(8128K), 0.0008360 secs] 14271K->8024K(26052K), 0.0008700 secs] [Times: user=0.00 sys=0.00, real=0.00 secs] 
264.276: Total time for which application threads were stopped: 0.0450490 seconds, Stopping threads took: 0.0440950 seconds
264.362: Application time: 0.0863480 seconds
264.376: [GC264.376: [ParNew: 7841K->207K(8128K), 0.0006330 secs] 15073K->7454K(26052K), 0.0006610 secs] [Times: user=0.00 sys=0.00, real=0.00 secs] 
264.376: Total time for which application threads were stopped: 0.0143970 seconds, Stopping threads took: 0.0136730 seconds
264.377: Application time: 0.0009100 seconds
264.417: [GC264.417: [ParNew: 7431K->825K(8128K), 0.0019100 secs] 14679K->13541K(26052K), 0.0019480 secs] [Times: user=0.01 sys=0.00, real=0.01 secs] 
264.419: Total time for which application threads were stopped: 0.0417640 seconds, Stopping threads took: 0.0397370 seconds
264.500: Application time: 0.0811960 seconds
264.541: [GC264.541: [ParNew: 7873K->7873K(8128K), 0.0000110 secs]264.541: [Tenured: 12716K->3232K(17924K), 0.0048430 secs] 20590K->3232K(26052K), [Perm : 5142K->5142K(21248K)], 0.0049010 secs] [Times: user=0.01 sys=0.00, real=0.01 secs] 
264.546: Total time for which application threads were stopped: 0.0457670 seconds, Stopping threads took: 0.0407830 seconds
264.623: Application time: 0.0770270 seconds
264.630: [GC264.630: [ParNew: 7224K->42K(8128K), 0.0002200 secs] 10457K->3274K(26052K), 0.0002500 secs] [Times: user=0.00 sys=0.00, real=0.00 secs] 
264.631: Total time for which application threads were stopped: 0.0076110 seconds, Stopping threads took: 0.0072830 seconds
264.631: Application time: 0.0007810 seconds
264.632: [GC264.632: [ParNew: 7266K->895K(8128K), 0.0021260 secs] 10499K->10434K(26052K), 0.0021580 secs] [Times: user=0.01 sys=0.01, real=0.00 secs] 
264.634: Total time for which application threads were stopped: 0.0023790 seconds, Stopping threads took: 0.0001690 seconds
264.715: Application time: 0.0815020 seconds
264.780: [GC264.780: [ParNew: 7943K->889K(8128K), 0.0005040 secs] 17482K->10866K(26052K), 0.0005380 secs] [Times: user=0.01 sys=0.00, real=0.00 secs] 
264.780: Total time for which application threads were stopped: 0.0647980 seconds, Stopping threads took: 0.0641940 seconds
264.781: Application time: 0.0011050 seconds
264.823: [GC264.823: [ParNew: 8035K->893K(8128K), 0.0020150 secs] 18012K->16250K(26052K), 0.0020470 secs] [Times: user=0.01 sys=0.00, real=0.00 secs] 
264.825: Total time for which application threads were stopped: 0.0437360 seconds, Stopping threads took: 0.0416100 seconds
264.913: Application time: 0.0875870 seconds
264.983: [GC264.983: [ParNew: 7941K->7941K(8128K), 0.0000110 secs]264.984: [Tenured: 15357K->2215K(17924K), 0.0050420 secs] 23298K->2215K(26052K), [Perm : 5142K->5142K(21248K)], 0.0051000 secs] [Times: user=0.01 sys=0.00, real=0.01 secs] 
264.989: Total time for which application threads were stopped: 0.0760130 seconds, Stopping threads took: 0.0708290 seconds
264.990: Application time: 0.0011380 seconds
265.030: [GC265.030: [ParNew: 7224K->895K(8128K), 0.0020170 secs] 9439K->8705K(26052K), 0.0020560 secs] [Times: user=0.01 sys=0.00, real=0.00 secs] 
265.032: Total time for which application threads were stopped: 0.0427020 seconds, Stopping threads took: 0.0405650 seconds
265.114: Application time: 0.0814800 seconds
265.180: [GC265.180: [ParNew: 7943K->602K(8128K), 0.0004490 secs] 15753K->8452K(26052K), 0.0004790 secs] [Times: user=0.00 sys=0.00, real=0.00 secs] 
265.181: Total time for which application threads were stopped: 0.0669090 seconds, Stopping threads took: 0.0663750 seconds
265.182: Application time: 0.0011670 seconds
265.223: [GC265.223: [ParNew: 7826K->895K(8128K), 0.0019040 secs] 15676K->13476K(26052K), 0.0019420 secs] [Times: user=0.01 sys=0.00, real=0.00 secs] 
265.225: Total time for which application threads were stopped: 0.0428220 seconds, Stopping threads took: 0.0408020 seconds
265.304: Application time: 0.0795300 seconds
265.346: [GC265.346: [ParNew: 7943K->7943K(8128K), 0.0000110 secs]265.346: [Tenured: 12581K->2662K(17924K), 0.0051730 secs] 20525K->2662K(26052K), [Perm : 5142K->5142K(21248K)], 0.0052300 secs] [Times: user=0.01 sys=0.00, real=0.00 secs] 
265.352: Total time for which application threads were stopped: 0.0473060 seconds, Stopping threads took: 0.0419840 seconds
265.353: Application time: 0.0011310 seconds
265.394: [GC265.394: [ParNew: 7146K->895K(8128K), 0.0019670 secs] 9808K->8440K(26052K), 0.0020060 secs] [Times: user=0.01 sys=0.00, real=0.00 secs] 
265.396: Total time for which application threads were stopped: 0.0429160 seconds, Stopping threads took: 0.0408480 seconds
265.477: Application time: 0.0808240 seconds
265.545: [GC265.545: [ParNew: 8119K->40K(8128K), 0.0002760 secs] 15665K->7601K(26052K), 0.0003050 secs] [Times: user=0.00 sys=0.00, real=0.00 secs] 
265.545: Total time for which application threads were stopped: 0.0684140 seconds, Stopping threads took: 0.0680540 seconds
265.546: Application time: 0.0010120 seconds
265.546: [GC265.546: [ParNew: 7264K->895K(8128K), 0.0020560 secs] 14826K->14763K(26052K), 0.0020900 secs] [Times: user=0.02 sys=0.00, real=0.00 secs] 
265.548: Total time for which application threads were stopped: 0.0022690 seconds, Stopping threads took: 0.0001240 seconds
265.630: Application time: 0.0815360 seconds
265.698: [GC265.699: [ParNew: 7943K->7943K(8128K), 0.0000110 secs]265.699: [Tenured: 13868K->1543K(17924K), 0.0051150 secs] 21811K->1543K(26052K), [Perm : 5142K->5142K(21248K)], 0.0051710 secs] [Times: user=0.01 sys=0.00, real=0.00 secs] 
265.704: Total time for which application threads were stopped: 0.0739080 seconds, Stopping threads took: 0.0686540 seconds
265.705: Application time: 0.0013030 seconds
265.745: [GC265.745: [ParNew: 7224K->895K(8128K), 0.0016040 secs] 8767K->6763K(26052K), 0.0016360 secs] [Times: user=0.01 sys=0.00, real=0.01 secs] 
265.747: Total time for which application threads were stopped: 0.0418420 seconds, Stopping threads took: 0.0401500 seconds
265.826: Application time: 0.0788030 seconds
265.868: [GC265.868: [ParNew: 7943K->893K(8128K), 0.0007370 secs] 13812K->7395K(26052K), 0.0007680 secs] [Times: user=0.00 sys=0.00, real=0.00 secs] 
265.869: Total time for which application threads were stopped: 0.0430610 seconds, Stopping threads took: 0.0422290 seconds
265.953: Application time: 0.0847490 seconds
265.963: [GC265.963: [ParNew: 8039K->12K(8128K), 0.0004590 secs] 14541K->6522K(26052K), 0.0004900 secs] [Times: user=0.00 sys=0.00, real=0.00 secs] 
265.963: Total time for which application threads were stopped: 0.0099770 seconds, Stopping threads took: 0.0094130 seconds
265.964: Application time: 0.0006790 seconds
265.964: [GC265.964: [ParNew: 7158K->895K(8128K), 0.0021490 secs] 13668K->13656K(26052K), 0.0021810 secs] [Times: user=0.01 sys=0.00, real=0.01 secs] 
265.967: Total time for which application threads were stopped: 0.0025660 seconds, Stopping threads took: 0.0003210 seconds
266.049: Application time: 0.0826890 seconds
266.121: [GC266.121: [ParNew: 7943K->7943K(8128K), 0.0000110 secs]266.121: [Tenured: 12761K->1768K(17924K), 0.0057590 secs] 20704K->1768K(26052K), [Perm : 5142K->5142K(21248K)], 0.0058130 secs] [Times: user=0.01 sys=0.00, real=0.01 secs] 
266.127: Total time for which application threads were stopped: 0.0779190 seconds, Stopping threads took: 0.0720470 seconds
266.129: Application time: 0.0012420 seconds
266.129: [GC266.129: [ParNew: 7224K->895K(8128K), 0.0021290 secs] 8992K->8941K(26052K), 0.0021660 secs] [Times: user=0.02 sys=0.00, real=0.00 secs] 
266.131: Total time for which application threads were stopped: 0.0025430 seconds, Stopping threads took: 0.0002970 seconds
266.214: Application time: 0.0827390 seconds
266.284: [GC266.284: [ParNew: 8099K->458K(8128K), 0.0003220 secs] 16146K->8545K(26052K), 0.0015890 secs] [Times: user=0.00 sys=0.00, real=0.00 secs] 
266.286: Total time for which application threads were stopped: 0.0718570 seconds, Stopping threads took: 0.0701840 seconds
266.287: Application time: 0.0009680 seconds
266.327: [GC266.327: [ParNew: 7604K->893K(8128K), 0.0015080 secs] 15691K->13584K(26052K), 0.0015360 secs] [Times: user=0.01 sys=0.00, real=0.00 secs] 
266.329: Total time for which application threads were stopped: 0.0422230 seconds, Stopping threads took: 0.0406110 seconds
266.409: Application time: 0.0806170 seconds
266.453: [GC266.453: [ParNew: 7746K->7746K(8128K), 0.0000100 secs]266.453: [Tenured: 12691K->2048K(17924K), 0.0052400 secs] 20437K->2048K(26052K), [Perm : 5142K->5142K(21248K)], 0.0052940 secs] [Times: user=0.01 sys=0.00, real=0.01 secs] 
266.459: Total time for which application threads were stopped: 0.0491640 seconds, Stopping threads took: 0.0437810 seconds
266.460: Application time: 0.0012180 seconds
266.501: [GC266.501: [ParNew: 7146K->895K(8128K), 0.0018600 secs] 9195K->7436K(26052K), 0.0018970 secs] [Times: user=0.02 sys=0.00, real=0.00 secs] 
266.503: Total time for which application threads were stopped: 0.0427280 seconds, Stopping threads took: 0.0407530 seconds
266.582: Application time: 0.0792780 seconds
266.624: [GC266.624: [ParNew: 7748K->893K(8128K), 0.0007330 secs] 14289K->8036K(26052K), 0.0007650 secs] [Times: user=0.00 sys=0.00, real=0.00 secs] 
266.625: Total time for which application threads were stopped: 0.0429420 seconds, Stopping threads took: 0.0421000 seconds
266.703: Application time: 0.0784540 seconds
266.706: [GC266.706: [ParNew: 8117K->42K(8128K), 0.0005800 secs] 15260K->7193K(26052K), 0.0006100 secs] [Times: user=0.00 sys=0.00, real=0.00 secs] 
266.707: Total time for which application threads were stopped: 0.0032370 seconds, Stopping threads took: 0.0025500 seconds
266.707: Application time: 0.0007100 seconds
266.708: [GC266.708: [ParNew: 7188K->895K(8128K), 0.0017920 secs] 14339K->14324K(26052K), 0.0018200 secs] [Times: user=0.01 sys=0.00, real=0.00 secs] 
266.709: Total time for which application threads were stopped: 0.0022000 seconds, Stopping threads took: 0.0003150 seconds
266.795: Application time: 0.0851600 seconds
266.868: [GC266.868: [ParNew: 7845K->7845K(8128K), 0.0000110 secs]266.868: [Tenured: 13429K->2858K(17924K), 0.0055770 secs] 21275K->2858K(26052K), [Perm : 5142K->5142K(21248K)], 0.0056380 secs] [Times: user=0.00 sys=0.00, real=0.00 secs] 
266.874: Total time for which application threads were stopped: 0.0790070 seconds, Stopping threads took: 0.0732840 seconds
266.875: Application time: 0.0013440 seconds
266.921: [GC266.921: [ParNew: 7146K->893K(8128K), 0.0021560 secs] 10004K->9025K(26052K), 0.0021940 secs] [Times: user=0.01 sys=0.00, real=0.00 secs] 
266.923: Total time for which application threads were stopped: 0.0481370 seconds, Stopping threads took: 0.0458720 seconds
267.011: Application time: 0.0875330 seconds
267.086: [GC267.086: [ParNew: 8117K->432K(8128K), 0.0005690 secs] 16249K->8581K(26052K), 0.0006010 secs] [Times: user=0.01 sys=0.00, real=0.01 secs] 
267.086: Total time for which application threads were stopped: 0.0755850 seconds, Stopping threads took: 0.0749110 seconds
267.087: Application time: 0.0008190 seconds
267.087: [GC267.087: [ParNew: 7481K->895K(8128K), 0.0024240 secs] 15629K->15614K(26052K), 0.0024600 secs] [Times: user=0.02 sys=0.00, real=0.00 secs] 
267.090: Total time for which application threads were stopped: 0.0028060 seconds, Stopping threads took: 0.0002670 seconds
267.190: Application time: 0.1006540 seconds
267.271: [GC267.271: [ParNew: 7845K->7845K(8128K), 0.0000100 secs]267.271: [Tenured: 14719K->1739K(17924K), 0.0052360 secs] 22565K->1739K(26052K), [Perm : 5142K->5142K(21248K)], 0.0052900 secs] [Times: user=0.01 sys=0.00, real=0.00 secs] 
267.277: Total time for which application threads were stopped: 0.0860440 seconds, Stopping threads took: 0.0806900 seconds
267.278: Application time: 0.0010920 seconds
267.329: [GC267.329: [ParNew: 7224K->825K(8128K), 0.0020850 secs] 8963K->8229K(26052K), 0.0021220 secs] [Times: user=0.02 sys=0.00, real=0.00 secs] 
267.331: Total time for which application threads were stopped: 0.0538100 seconds, Stopping threads took: 0.0516290 seconds
267.419: Application time: 0.0879950 seconds
267.494: [GC267.494: [ParNew: 7834K->458K(8128K), 0.0004560 secs] 15238K->7918K(26052K), 0.0004910 secs] [Times: user=0.00 sys=0.00, real=0.00 secs] 
267.494: Total time for which application threads were stopped: 0.0746600 seconds, Stopping threads took: 0.0740890 seconds
267.495: Application time: 0.0008820 seconds
267.540: [GC267.540: [ParNew: 7605K->893K(8128K), 0.0018530 secs] 15064K->14007K(26052K), 0.0018880 secs] [Times: user=0.01 sys=0.00, real=0.00 secs] 
267.542: Total time for which application threads were stopped: 0.0468720 seconds, Stopping threads took: 0.0449240 seconds
267.630: Application time: 0.0878990 seconds
267.681: [GC267.681: [ParNew: 8038K->8038K(8128K), 0.0000100 secs]267.681: [Tenured: 13114K->4657K(17924K), 0.0059670 secs] 21153K->4657K(26052K), [Perm : 5142K->5142K(21248K)], 0.0060260 secs] [Times: user=0.00 sys=0.00, real=0.01 secs] 
267.687: Total time for which application threads were stopped: 0.0568790 seconds, Stopping threads took: 0.0507820 seconds
267.779: Application time: 0.0926080 seconds
267.780: [GC267.780: [ParNew: 7145K->797K(8128K), 0.0006090 secs] 11803K->6040K(26052K), 0.0006420 secs] [Times: user=0.00 sys=0.00, real=0.00 secs] 
267.781: Total time for which application threads were stopped: 0.0017740 seconds, Stopping threads took: 0.0010760 seconds
267.782: Application time: 0.0013140 seconds
267.867: [GC267.867: [ParNew: 8021K->821K(8128K), 0.0006470 secs] 13265K->6300K(26052K), 0.0006790 secs] [Times: user=0.01 sys=0.00, real=0.00 secs] 
267.868: Total time for which application threads were stopped: 0.0854470 seconds, Stopping threads took: 0.0846900 seconds
267.869: Application time: 0.0010590 seconds
267.929: [GC267.929: [ParNew: 7967K->895K(8128K), 0.0020090 secs] 13446K->11500K(26052K), 0.0020450 secs] [Times: user=0.02 sys=0.00, real=0.00 secs] 
267.931: Total time for which application threads were stopped: 0.0620510 seconds, Stopping threads took: 0.0599380 seconds
268.019: Application time: 0.0885590 seconds
268.095: [GC268.095: [ParNew: 8119K->235K(8128K), 0.0004860 secs] 18724K->10848K(26052K), 0.0005170 secs] [Times: user=0.00 sys=0.00, real=0.00 secs] 
268.095: Total time for which application threads were stopped: 0.0757450 seconds, Stopping threads took: 0.0751510 seconds
268.096: Application time: 0.0009390 seconds
268.153: [GC268.153: [ParNew: 7459K->895K(8128K), 0.0041460 secs] 18073K->16935K(26052K), 0.0041810 secs] [Times: user=0.03 sys=0.00, real=0.00 secs] 
268.157: Total time for which application threads were stopped: 0.0610810 seconds, Stopping threads took: 0.0568420 seconds
268.253: Application time: 0.0961670 seconds
268.331: [GC268.331: [ParNew: 8040K->8040K(8128K), 0.0000100 secs]268.331: [Tenured: 16040K->3473K(17924K), 0.0057620 secs] 24081K->3473K(26052K), [Perm : 5142K->5142K(21248K)], 0.0058190 secs] [Times: user=0.01 sys=0.00, real=0.00 secs] 
268.337: Total time for which application threads were stopped: 0.0832400 seconds, Stopping threads took: 0.0773180 seconds
268.425: Application time: 0.0887180 seconds
268.428: [GC268.428: [ParNew: 7048K->16K(8128K), 0.0005050 secs] 10521K->3489K(26052K), 0.0005360 secs] [Times: user=0.00 sys=0.00, real=0.00 secs] 
268.429: Total time for which application threads were stopped: 0.0032080 seconds, Stopping threads took: 0.0025970 seconds
268.429: Application time: 0.0007870 seconds
268.430: [GC268.430: [ParNew: 7162K->895K(8128K), 0.0023560 secs] 10635K->10618K(26052K), 0.0023910 secs] [Times: user=0.01 sys=0.00, real=0.00 secs] 
268.432: Total time for which application threads were stopped: 0.0027290 seconds, Stopping threads took: 0.0002720 seconds
268.521: Application time: 0.0886750 seconds
268.594: [GC268.594: [ParNew: 7845K->791K(8128K), 0.0007890 secs] 17569K->10929K(26052K), 0.0008210 secs] [Times: user=0.00 sys=0.00, real=0.00 secs] 
268.595: Total time for which application threads were stopped: 0.0739870 seconds, Stopping threads took: 0.0731070 seconds
268.596: Application time: 0.0010470 seconds
268.641: [GC268.641: [ParNew: 7937K->893K(8128K), 0.0019590 secs] 18075K->16313K(26052K), 0.0020010 secs] [Times: user=0.02 sys=0.00, real=0.00 secs] 
268.643: Total time for which application threads were stopped: 0.0468600 seconds, Stopping threads took: 0.0447780 seconds
268.740: Application time: 0.0969380 seconds
268.814: [GC268.814: [ParNew: 8117K->8117K(8128K), 0.0000110 secs]268.814: [Tenured: 15420K->2329K(17924K), 0.0053220 secs] 23537K->2329K(26052K), [Perm : 5142K->5142K(21248K)], 0.0053810 secs] [Times: user=0.01 sys=0.00, real=0.01 secs] 
268.820: Total time for which application threads were stopped: 0.0801730 seconds, Stopping threads took: 0.0747070 seconds
268.821: Application time: 0.0011320 seconds
268.892: [GC268.892: [ParNew: 7146K->795K(8128K), 0.0015000 secs] 9475K->6641K(26052K), 0.0015360 secs] [Times: user=0.01 sys=0.00, real=0.00 secs] 
268.894: Total time for which application threads were stopped: 0.0725860 seconds, Stopping threads took: 0.0709610 seconds
268.979: Application time: 0.0858190 seconds
268.983: [GC268.983: [ParNew: 8019K->893K(8128K), 0.0012480 secs] 13865K->8756K(26052K), 0.0012820 secs] [Times: user=0.01 sys=0.00, real=0.00 secs] 
268.984: Total time for which application threads were stopped: 0.0046110 seconds, Stopping threads took: 0.0032490 seconds
269.073: Application time: 0.0894900 seconds
269.077: [GC269.077: [ParNew: 7843K->793K(8128K), 0.0006170 secs] 15706K->9079K(26052K), 0.0006500 secs] [Times: user=0.00 sys=0.00, real=0.00 secs] 
269.078: Total time for which application threads were stopped: 0.0042270 seconds, Stopping threads took: 0.0034910 seconds
269.079: Application time: 0.0009840 seconds
269.138: [GC269.138: [ParNew: 7939K->793K(8128K), 0.0016300 secs] 16225K->13392K(26052K), 0.0016710 secs] [Times: user=0.01 sys=0.00, real=0.00 secs] 
269.140: Total time for which application threads were stopped: 0.0609140 seconds, Stopping threads took: 0.0591570 seconds
269.236: Application time: 0.0960490 seconds
269.294: [GC269.294: [ParNew: 7900K->7900K(8128K), 0.0000100 secs]269.294: [Tenured: 12598K->1544K(17924K), 0.0053480 secs] 20499K->1544K(26052K), [Perm : 5142K->5142K(21248K)], 0.0054040 secs] [Times: user=0.00 sys=0.00, real=0.01 secs] 
269.299: Total time for which application threads were stopped: 0.0635940 seconds, Stopping threads took: 0.0581260 seconds
269.300: Application time: 0.0010980 seconds
269.356: [GC269.356: [ParNew: 7224K->825K(8128K), 0.0019540 secs] 8768K->7839K(26052K), 0.0019950 secs] [Times: user=0.02 sys=0.00, real=0.01 secs] 
269.358: Total time for which application threads were stopped: 0.0576420 seconds, Stopping threads took: 0.0555640 seconds
269.446: Application time: 0.0878770 seconds
269.519: [GC269.519: [ParNew: 7873K->400K(8128K), 0.0003480 secs] 14887K->7486K(26052K), 0.0003790 secs] [Times: user=0.00 sys=0.00, real=0.00 secs] 
269.520: Total time for which application threads were stopped: 0.0736750 seconds, Stopping threads took: 0.0732110 seconds
269.520: Application time: 0.0008850 seconds
269.521: [GC269.521: [ParNew: 7449K->895K(8128K), 0.0023550 secs] 14534K->14524K(26052K), 0.0023990 secs] [Times: user=0.01 sys=0.00, real=0.00 secs] 
269.523: Total time for which application threads were stopped: 0.0026930 seconds, Stopping threads took: 0.0002360 seconds
269.611: Application time: 0.0878550 seconds
269.685: [GC269.685: [ParNew: 7943K->7943K(8128K), 0.0000110 secs]269.685: [Tenured: 13629K->2940K(17924K), 0.0050350 secs] 21572K->2940K(26052K), [Perm : 5142K->5142K(21248K)], 0.0050930 secs] [Times: user=0.00 sys=0.00, real=0.01 secs] 
269.690: Total time for which application threads were stopped: 0.0793010 seconds, Stopping threads took: 0.0741350 seconds
269.782: Application time: 0.0919310 seconds
269.789: [GC269.789: [ParNew: 7048K->14K(8128K), 0.0005830 secs] 9989K->2954K(26052K), 0.0006120 secs] [Times: user=0.00 sys=0.00, real=0.00 secs] 
269.789: Total time for which application threads were stopped: 0.0069480 seconds, Stopping threads took: 0.0062580 seconds
269.790: Application time: 0.0007660 seconds
269.790: [GC269.790: [ParNew: 7160K->895K(8128K), 0.0022790 secs] 10100K->10086K(26052K), 0.0023150 secs] [Times: user=0.02 sys=0.00, real=0.00 secs] 
269.793: Total time for which application threads were stopped: 0.0026290 seconds, Stopping threads took: 0.0002360 seconds
269.881: Application time: 0.0887630 seconds
269.954: [GC269.954: [ParNew: 8079K->881K(8128K), 0.0005460 secs] 17271K->10487K(26052K), 0.0005790 secs] [Times: user=0.00 sys=0.00, real=0.00 secs] 
269.955: Total time for which application threads were stopped: 0.0733930 seconds, Stopping threads took: 0.0727520 seconds
269.956: Application time: 0.0010920 seconds
270.000: [GC270.000: [ParNew: 8027K->895K(8128K), 0.0020590 secs] 17633K->15894K(26052K), 0.0020900 secs] [Times: user=0.02 sys=0.00, real=0.00 secs] 
270.003: Total time for which application threads were stopped: 0.0467230 seconds, Stopping threads took: 0.0445750 seconds
270.093: Application time: 0.0904060 seconds
270.150: [GC270.150: [ParNew: 7943K->7943K(8128K), 0.0000100 secs]270.150: [Tenured: 14999K->3905K(17924K), 0.0054020 secs] 22943K->3905K(26052K), [Perm : 5144K->5144K(21248K)], 0.0054610 secs] [Times: user=0.01 sys=0.00, real=0.00 secs] 
270.156: Total time for which application threads were stopped: 0.0625720 seconds, Stopping threads took: 0.0570360 seconds
270.245: Application time: 0.0894230 seconds
270.247: [GC270.247: [ParNew: 7146K->600K(8128K), 0.0007060 secs] 11051K->4895K(26052K), 0.0007370 secs] [Times: user=0.00 sys=0.00, real=0.00 secs] 
270.248: Total time for which application threads were stopped: 0.0031650 seconds, Stopping threads took: 0.0023750 seconds
270.249: Application time: 0.0009660 seconds
270.309: [GC270.309: [ParNew: 7744K->887K(8128K), 0.0019920 secs] 12039K->9902K(26052K), 0.0020300 secs] [Times: user=0.02 sys=0.00, real=0.00 secs] 
270.311: Total time for which application threads were stopped: 0.0620000 seconds, Stopping threads took: 0.0598910 seconds
270.398: Application time: 0.0873500 seconds
270.470: [GC270.470: [ParNew: 8033K->207K(8128K), 0.0004770 secs] 17048K->9231K(26052K), 0.0005100 secs] [Times: user=0.00 sys=0.00, real=0.00 secs] 
270.470: Total time for which application threads were stopped: 0.0716440 seconds, Stopping threads took: 0.0710550 seconds
270.471: Application time: 0.0009850 seconds
270.515: [GC270.515: [ParNew: 7353K->797K(8128K), 0.0018270 secs] 16377K->15290K(26052K), 0.0018600 secs] [Times: user=0.02 sys=0.00, real=0.00 secs] 
270.517: Total time for which application threads were stopped: 0.0458780 seconds, Stopping threads took: 0.0439390 seconds
270.609: Application time: 0.0921850 seconds
270.654: [GC270.654: [ParNew: 7923K->7923K(8128K), 0.0000100 secs]270.654: [Tenured: 14492K->4031K(17924K), 0.0057860 secs] 22416K->4031K(26052K), [Perm : 5144K->5144K(21248K)], 0.0058460 secs] [Times: user=0.01 sys=0.00, real=0.01 secs] 
270.660: Total time for which application threads were stopped: 0.0506970 seconds, Stopping threads took: 0.0447570 seconds
270.745: Application time: 0.0856240 seconds
270.788: [GC270.788: [ParNew: 7146K->14K(8128K), 0.0003670 secs] 11177K->4045K(26052K), 0.0004020 secs] [Times: user=0.00 sys=0.00, real=0.00 secs] 
270.789: Total time for which application threads were stopped: 0.0431640 seconds, Stopping threads took: 0.0427090 seconds
270.790: Application time: 0.0009000 seconds
270.844: [GC270.844: [ParNew: 7238K->895K(8128K), 0.0017780 secs] 11269K->10130K(26052K), 0.0018130 secs] [Times: user=0.01 sys=0.01, real=0.01 secs] 
270.846: Total time for which application threads were stopped: 0.0562360 seconds, Stopping threads took: 0.0543490 seconds
270.927: Application time: 0.0810830 seconds
270.993: [GC270.993: [ParNew: 7943K->201K(8128K), 0.0003580 secs] 17178K->9492K(26052K), 0.0003880 secs] [Times: user=0.00 sys=0.00, real=0.00 secs] 
270.993: Total time for which application threads were stopped: 0.0665520 seconds, Stopping threads took: 0.0661120 seconds
270.994: Application time: 0.0009000 seconds
271.035: [GC271.035: [ParNew: 7347K->895K(8128K), 0.0020300 secs] 16638K->15558K(26052K), 0.0020660 secs] [Times: user=0.02 sys=0.00, real=0.00 secs] 
271.037: Total time for which application threads were stopped: 0.0425560 seconds, Stopping threads took: 0.0404140 seconds
271.126: Application time: 0.0896050 seconds
271.196: [GC271.196: [ParNew: 7943K->7943K(8128K), 0.0000090 secs]271.196: [Tenured: 14662K->1740K(17924K), 0.0045960 secs] 22606K->1740K(26052K), [Perm : 5144K->5144K(21248K)], 0.0046520 secs] [Times: user=0.00 sys=0.00, real=0.01 secs] 
271.200: Total time for which application threads were stopped: 0.0738930 seconds, Stopping threads took: 0.0691710 seconds
271.202: Application time: 0.0011880 seconds
271.243: [GC271.243: [ParNew: 7224K->895K(8128K), 0.0018910 secs] 8964K->7155K(26052K), 0.0019280 secs] [Times: user=0.01 sys=0.00, real=0.00 secs] 
271.245: Total time for which application threads were stopped: 0.0434020 seconds, Stopping threads took: 0.0413930 seconds
271.324: Application time: 0.0791870 seconds
271.368: [GC271.368: [ParNew: 7904K->460K(8128K), 0.0006820 secs] 14165K->6777K(26052K), 0.0015770 secs] [Times: user=0.01 sys=0.00, real=0.00 secs] 
271.369: Total time for which application threads were stopped: 0.0452160 seconds, Stopping threads took: 0.0435530 seconds
271.370: Application time: 0.0009280 seconds
271.411: [GC271.411: [ParNew: 7607K->893K(8128K), 0.0021020 secs] 13923K->12864K(26052K), 0.0021380 secs] [Times: user=0.01 sys=0.01, real=0.00 secs] 
271.413: Total time for which application threads were stopped: 0.0428500 seconds, Stopping threads took: 0.0406350 seconds
271.494: Application time: 0.0805850 seconds
271.563: [GC271.563: [ParNew: 7745K->7745K(8128K), 0.0000100 secs]271.563: [Tenured: 11971K->1825K(17924K), 0.0044820 secs] 19717K->1825K(26052K), [Perm : 5144K->5144K(21248K)], 0.0045350 secs] [Times: user=0.01 sys=0.00, real=0.01 secs] 
271.567: Total time for which application threads were stopped: 0.0735490 seconds, Stopping threads took: 0.0689420 seconds
271.568: Application time: 0.0010730 seconds
271.610: [GC271.610: [ParNew: 7146K->895K(8128K), 0.0021410 secs] 8971K->8287K(26052K), 0.0021810 secs] [Times: user=0.01 sys=0.00, real=0.00 secs] 
271.612: Total time for which application threads were stopped: 0.0440400 seconds, Stopping threads took: 0.0418000 seconds
271.693: Application time: 0.0802430 seconds
271.761: [GC271.761: [ParNew: 7748K->400K(8128K), 0.0004230 secs] 15140K->7825K(26052K), 0.0004540 secs] [Times: user=0.00 sys=0.00, real=0.00 secs] 
271.761: Total time for which application threads were stopped: 0.0685170 seconds, Stopping threads took: 0.0679880 seconds
271.762: Application time: 0.0008480 seconds
271.803: [GC271.803: [ParNew: 7546K->797K(8128K), 0.0019800 secs] 14971K->13886K(26052K), 0.0020160 secs] [Times: user=0.01 sys=0.00, real=0.00 secs] 
271.805: Total time for which application threads were stopped: 0.0427400 seconds, Stopping threads took: 0.0406670 seconds
271.894: Application time: 0.0893980 seconds
271.965: [GC271.965: [ParNew: 8021K->8021K(8128K), 0.0000100 secs]271.965: [Tenured: 13088K->3221K(17924K), 0.0054550 secs] 21110K->3221K(26052K), [Perm : 5144K->5144K(21248K)], 0.0055190 secs] [Times: user=0.01 sys=0.00, real=0.01 secs] 
271.970: Total time for which application threads were stopped: 0.0761460 seconds, Stopping threads took: 0.0705640 seconds
272.059: Application time: 0.0889330 seconds
272.061: [GC272.061: [ParNew: 7205K->267K(8128K), 0.0003140 secs] 10426K->3488K(26052K), 0.0003440 secs] [Times: user=0.00 sys=0.00, real=0.00 secs] 
272.061: Total time for which application threads were stopped: 0.0021440 seconds, Stopping threads took: 0.0017480 seconds
272.062: Application time: 0.0008100 seconds
272.103: [GC272.103: [ParNew: 7413K->851K(8128K), 0.0020460 secs] 10634K->9541K(26052K), 0.0020820 secs] [Times: user=0.01 sys=0.00, real=0.00 secs] 
272.105: Total time for which application threads were stopped: 0.0427650 seconds, Stopping threads took: 0.0406230 seconds
272.186: Application time: 0.0805820 seconds
272.255: [GC272.255: [ParNew: 7899K->402K(8128K), 0.0003770 secs] 16589K->9189K(26052K), 0.0004070 secs] [Times: user=0.00 sys=0.00, real=0.00 secs] 
272.256: Total time for which application threads were stopped: 0.0702190 seconds, Stopping threads took: 0.0697590 seconds
272.257: Application time: 0.0009420 seconds
272.310: [GC272.310: [ParNew: 7627K->893K(8128K), 0.0017080 secs] 16413K->14199K(26052K), 0.0017460 secs] [Times: user=0.01 sys=0.00, real=0.00 secs] 
272.312: Total time for which application threads were stopped: 0.0550320 seconds, Stopping threads took: 0.0531970 seconds
272.400: Application time: 0.0885660 seconds
272.459: [GC272.459: [ParNew: 8039K->8039K(8128K), 0.0000100 secs]272.459: [Tenured: 13306K->3306K(17924K), 0.0053320 secs] 21345K->3306K(26052K), [Perm : 5144K->5144K(21248K)], 0.0053920 secs] [Times: user=0.01 sys=0.00, real=0.00 secs] 
272.464: Total time for which application threads were stopped: 0.0640480 seconds, Stopping threads took: 0.0585930 seconds
272.543: Application time: 0.0782130 seconds
272.545: [GC272.545: [ParNew: 7048K->207K(8128K), 0.0006850 secs] 10355K->3514K(26052K), 0.0007150 secs] [Times: user=0.00 sys=0.00, real=0.01 secs] 
272.546: Total time for which application threads were stopped: 0.0036020 seconds, Stopping threads took: 0.0028340 seconds
272.547: Application time: 0.0008360 seconds
272.547: [GC272.547: [ParNew: 7353K->895K(8128K), 0.0021400 secs] 10660K->10647K(26052K), 0.0021720 secs] [Times: user=0.02 sys=0.00, real=0.00 secs] 
272.550: Total time for which application threads were stopped: 0.0025040 seconds, Stopping threads took: 0.0002560 seconds
272.631: Application time: 0.0815240 seconds
272.699: [GC272.699: [ParNew: 8021K->895K(8128K), 0.0006160 secs] 17774K->11289K(26052K), 0.0006500 secs] [Times: user=0.00 sys=0.00, real=0.00 secs] 
272.700: Total time for which application threads were stopped: 0.0688600 seconds, Stopping threads took: 0.0681420 seconds
272.778: Application time: 0.0785870 seconds
272.782: [GC272.782: [ParNew: 8041K->12K(8128K), 0.0002610 secs] 18435K->10438K(26052K), 0.0002890 secs] [Times: user=0.00 sys=0.00, real=0.00 secs] 
272.783: Total time for which application threads were stopped: 0.0041610 seconds, Stopping threads took: 0.0038200 seconds
272.783: Application time: 0.0007190 seconds
272.835: [GC272.835: [ParNew: 7158K->893K(8128K), 0.0018250 secs] 17584K->16495K(26052K), 0.0018560 secs] [Times: user=0.02 sys=0.00, real=0.00 secs] 
272.837: Total time for which application threads were stopped: 0.0536000 seconds, Stopping threads took: 0.0516810 seconds
272.927: Application time: 0.0896450 seconds
273.000: [GC273.000: [ParNew: 7941K->7941K(8128K), 0.0000100 secs]273.000: [Tenured: 15602K->1545K(17924K), 0.0051240 secs] 23544K->1545K(26052K), [Perm : 5144K->5144K(21248K)], 0.0051800 secs] [Times: user=0.00 sys=0.00, real=0.00 secs] 
273.005: Total time for which application threads were stopped: 0.0783710 seconds, Stopping threads took: 0.0731090 seconds
273.006: Application time: 0.0012560 seconds
273.048: [GC273.048: [ParNew: 7224K->895K(8128K), 0.0017860 secs] 8769K->6765K(26052K), 0.0018310 secs] [Times: user=0.01 sys=0.00, real=0.00 secs] 
273.050: Total time for which application threads were stopped: 0.0440010 seconds, Stopping threads took: 0.0420920 seconds
273.130: Application time: 0.0798110 seconds
273.172: [GC273.172: [ParNew: 8021K->430K(8128K), 0.0006500 secs] 13892K->6341K(26052K), 0.0006810 secs] [Times: user=0.00 sys=0.00, real=0.00 secs] 
273.173: Total time for which application threads were stopped: 0.0429700 seconds, Stopping threads took: 0.0422100 seconds
273.174: Application time: 0.0010420 seconds
273.215: [GC273.215: [ParNew: 7655K->853K(8128K), 0.0021720 secs] 13565K->12428K(26052K), 0.0022080 secs] [Times: user=0.01 sys=0.00, real=0.00 secs] 
273.217: Total time for which application threads were stopped: 0.0428870 seconds, Stopping threads took: 0.0406240 seconds
273.298: Application time: 0.0809040 seconds
273.367: [GC273.367: [ParNew: 7706K->7706K(8128K), 0.0000100 secs]273.367: [Tenured: 11575K->1826K(17924K), 0.0048120 secs] 19281K->1826K(26052K), [Perm : 5144K->5144K(21248K)], 0.0048700 secs] [Times: user=0.00 sys=0.00, real=0.00 secs] 
273.372: Total time for which application threads were stopped: 0.0740430 seconds, Stopping threads took: 0.0691020 seconds
273.373: Application time: 0.0011790 seconds
273.416: [GC273.416: [ParNew: 7048K->895K(8128K), 0.0021060 secs] 8874K->8190K(26052K), 0.0021420 secs] [Times: user=0.01 sys=0.00, real=0.01 secs] 
273.419: Total time for which application threads were stopped: 0.0454200 seconds, Stopping threads took: 0.0432100 seconds
273.500: Application time: 0.0817670 seconds
273.569: [GC273.569: [ParNew: 8119K->628K(8128K), 0.0005720 secs] 15414K->7939K(26052K), 0.0006020 secs] [Times: user=0.00 sys=0.00, real=0.00 secs] 
273.570: Total time for which application threads were stopped: 0.0692940 seconds, Stopping threads took: 0.0686150 seconds
273.571: Application time: 0.0009250 seconds
273.571: [GC273.571: [ParNew: 7774K->895K(8128K), 0.0023050 secs] 15085K->15114K(26052K), 0.0023430 secs] [Times: user=0.02 sys=0.00, real=0.00 secs] 
273.573: Total time for which application threads were stopped: 0.0027360 seconds, Stopping threads took: 0.0003130 seconds
273.654: Application time: 0.0802680 seconds
273.720: [GC273.720: [ParNew: 7943K->7943K(8128K), 0.0000100 secs]273.720: [Tenured: 14219K->3711K(17924K), 0.0055220 secs] 22163K->3711K(26052K), [Perm : 5144K->5144K(21248K)], 0.0055790 secs] [Times: user=0.01 sys=0.00, real=0.01 secs] 
273.726: Total time for which application threads were stopped: 0.0724460 seconds, Stopping threads took: 0.0667850 seconds
273.811: Application time: 0.0850080 seconds
273.819: [GC273.819: [ParNew: 7224K->432K(8128K), 0.0003200 secs] 10935K->4143K(26052K), 0.0003500 secs] [Times: user=0.00 sys=0.00, real=0.00 secs] 
273.819: Total time for which application threads were stopped: 0.0082190 seconds, Stopping threads took: 0.0078120 seconds
273.820: Application time: 0.0007750 seconds
273.863: [GC273.863: [ParNew: 7559K->895K(8128K), 0.0018630 secs] 11270K->9057K(26052K), 0.0018980 secs] [Times: user=0.01 sys=0.00, real=0.00 secs] 
273.865: Total time for which application threads were stopped: 0.0447580 seconds, Stopping threads took: 0.0428030 seconds
273.943: Application time: 0.0787660 seconds
273.985: [GC273.985: [ParNew: 8021K->823K(8128K), 0.0006290 secs] 16183K->9830K(26052K), 0.0006610 secs] [Times: user=0.01 sys=0.00, real=0.01 secs] 
273.986: Total time for which application threads were stopped: 0.0425210 seconds, Stopping threads took: 0.0417930 seconds
274.069: Application time: 0.0830400 seconds
274.082: [GC274.082: [ParNew: 7871K->14K(8128K), 0.0004530 secs] 16879K->9093K(26052K), 0.0004820 secs] [Times: user=0.00 sys=0.00, real=0.00 secs] 
274.083: Total time for which application threads were stopped: 0.0135610 seconds, Stopping threads took: 0.0130040 seconds
274.083: Application time: 0.0007630 seconds
274.084: [GC274.084: [ParNew: 7160K->895K(8128K), 0.0019460 secs] 16239K->16224K(26052K), 0.0019790 secs] [Times: user=0.02 sys=0.00, real=0.00 secs] 
274.086: Total time for which application threads were stopped: 0.0021890 seconds, Stopping threads took: 0.0001550 seconds
274.182: Application time: 0.0963900 seconds
274.251: [GC274.251: [ParNew: 7943K->7943K(8128K), 0.0000110 secs]274.251: [Tenured: 15329K->2136K(17924K), 0.0052750 secs] 23272K->2136K(26052K), [Perm : 5144K->5144K(21248K)], 0.0053290 secs] [Times: user=0.01 sys=0.00, real=0.00 secs] 
274.256: Total time for which application threads were stopped: 0.0741640 seconds, Stopping threads took: 0.0687540 seconds
274.257: Application time: 0.0010830 seconds
274.308: [GC274.308: [ParNew: 7146K->895K(8128K), 0.0019290 secs] 9282K->8402K(26052K), 0.0019660 secs] [Times: user=0.02 sys=0.00, real=0.00 secs] 
274.310: Total time for which application threads were stopped: 0.0528900 seconds, Stopping threads took: 0.0508440 seconds
274.390: Application time: 0.0795610 seconds
274.459: [GC274.459: [ParNew: 7943K->402K(8128K), 0.0006380 secs] 15451K->7934K(26052K), 0.0006680 secs] [Times: user=0.01 sys=0.00, real=0.00 secs] 
274.460: Total time for which application threads were stopped: 0.0699870 seconds, Stopping threads took: 0.0692530 seconds
274.461: Application time: 0.0009400 seconds
274.512: [GC274.512: [ParNew: 7548K->795K(8128K), 0.0022340 secs] 15080K->13991K(26052K), 0.0022690 secs] [Times: user=0.01 sys=0.00, real=0.00 secs] 
274.514: Total time for which application threads were stopped: 0.0535860 seconds, Stopping threads took: 0.0512330 seconds
274.594: Application time: 0.0801260 seconds
274.664: [GC274.664: [ParNew: 7804K->7804K(8128K), 0.0000100 secs]274.664: [Tenured: 13196K->1741K(17924K), 0.0052210 secs] 21001K->1741K(26052K), [Perm : 5144K->5144K(21248K)], 0.0052760 secs] [Times: user=0.01 sys=0.00, real=0.01 secs] 
274.669: Total time for which application threads were stopped: 0.0745680 seconds, Stopping threads took: 0.0692090 seconds
274.670: Application time: 0.0010840 seconds
274.670: [GC274.670: [ParNew: 7048K->895K(8128K), 0.0024290 secs] 8790K->8789K(26052K), 0.0024650 secs] [Times: user=0.01 sys=0.00, real=0.00 secs] 
274.673: Total time for which application threads were stopped: 0.0028560 seconds, Stopping threads took: 0.0003310 seconds
274.755: Application time: 0.0817800 seconds
274.824: [GC274.824: [ParNew: 8040K->598K(8128K), 0.0007150 secs] 15935K->8516K(26052K), 0.0007430 secs] [Times: user=0.00 sys=0.00, real=0.00 secs] 
274.825: Total time for which application threads were stopped: 0.0705910 seconds, Stopping threads took: 0.0697730 seconds
274.826: Application time: 0.0008240 seconds
274.867: [GC274.867: [ParNew: 7744K->893K(8128K), 0.0021530 secs] 15662K->14589K(26052K), 0.0021860 secs] [Times: user=0.01 sys=0.00, real=0.00 secs] 
274.869: Total time for which application threads were stopped: 0.0430490 seconds, Stopping threads took: 0.0408100 seconds
274.952: Application time: 0.0831490 seconds
275.019: [GC275.019: [ParNew: 7941K->7941K(8128K), 0.0000100 secs]275.019: [Tenured: 13696K->2132K(17924K), 0.0051910 secs] 21637K->2132K(26052K), [Perm : 5144K->5144K(21248K)], 0.0052480 secs] [Times: user=0.01 sys=0.00, real=0.00 secs] 
275.025: Total time for which application threads were stopped: 0.0722630 seconds, Stopping threads took: 0.0669230 seconds
275.026: Application time: 0.0012020 seconds
275.068: [GC275.068: [ParNew: 7224K->893K(8128K), 0.0019970 secs] 9357K->7937K(26052K), 0.0020360 secs] [Times: user=0.01 sys=0.00, real=0.00 secs] 
275.070: Total time for which application threads were stopped: 0.0442830 seconds, Stopping threads took: 0.0421680 seconds
275.152: Application time: 0.0823940 seconds
275.213: [GC275.213: [ParNew: 8039K->8K(8128K), 0.0002460 secs] 15083K->7092K(26052K), 0.0002750 secs] [Times: user=0.01 sys=0.00, real=0.00 secs] 
275.214: Total time for which application threads were stopped: 0.0610990 seconds, Stopping threads took: 0.0607480 seconds
275.214: Application time: 0.0009970 seconds
275.215: [GC275.215: [ParNew: 7232K->895K(8128K), 0.0021230 secs] 14316K->14257K(26052K), 0.0021560 secs] [Times: user=0.02 sys=0.00, real=0.00 secs] 
275.217: Total time for which application threads were stopped: 0.0023980 seconds, Stopping threads took: 0.0001820 seconds
275.314: Application time: 0.0968100 seconds
275.382: [GC275.382: [ParNew: 7943K->7943K(8128K), 0.0000110 secs]275.382: [Tenured: 13362K->1603K(17924K), 0.0057800 secs] 21305K->1603K(26052K), [Perm : 5144K->5144K(21248K)], 0.0058350 secs] [Times: user=0.01 sys=0.00, real=0.01 secs] 
275.388: Total time for which application threads were stopped: 0.0741060 seconds, Stopping threads took: 0.0681880 seconds
275.389: Application time: 0.0012450 seconds
275.430: [GC275.430: [ParNew: 7146K->895K(8128K), 0.0018420 secs] 8750K->7870K(26052K), 0.0018770 secs] [Times: user=0.01 sys=0.00, real=0.00 secs] 
275.431: Total time for which application threads were stopped: 0.0424180 seconds, Stopping threads took: 0.0404830 seconds
275.513: Application time: 0.0813080 seconds
275.580: [GC275.580: [ParNew: 8021K->434K(8128K), 0.0003320 secs] 14996K->7434K(26052K), 0.0003630 secs] [Times: user=0.00 sys=0.00, real=0.00 secs] 
275.581: Total time for which application threads were stopped: 0.0677590 seconds, Stopping threads took: 0.0673130 seconds
275.582: Application time: 0.0009590 seconds
275.622: [GC275.622: [ParNew: 7659K->853K(8128K), 0.0017640 secs] 14658K->12443K(26052K), 0.0017980 secs] [Times: user=0.01 sys=0.00, real=0.00 secs] 
275.624: Total time for which application threads were stopped: 0.0425400 seconds, Stopping threads took: 0.0406640 seconds
275.702: Application time: 0.0784290 seconds
275.744: [GC275.744: [ParNew: 7999K->7999K(8128K), 0.0000090 secs]275.744: [Tenured: 11589K->4493K(17924K), 0.0049990 secs] 19588K->4493K(26052K), [Perm : 5144K->5144K(21248K)], 0.0050580 secs] [Times: user=0.00 sys=0.00, real=0.01 secs] 
275.749: Total time for which application threads were stopped: 0.0464700 seconds, Stopping threads took: 0.0413480 seconds
275.837: Application time: 0.0883590 seconds
275.890: [GC275.890: [ParNew: 7205K->267K(8128K), 0.0004720 secs] 11698K->4761K(26052K), 0.0005020 secs] [Times: user=0.00 sys=0.00, real=0.00 secs] 
275.891: Total time for which application threads were stopped: 0.0535080 seconds, Stopping threads took: 0.0529290 seconds
275.892: Application time: 0.0009570 seconds
275.932: [GC275.932: [ParNew: 7413K->895K(8128K), 0.0019310 secs] 11907K->10816K(26052K), 0.0019700 secs] [Times: user=0.01 sys=0.00, real=0.00 secs] 
275.934: Total time for which application threads were stopped: 0.0425410 seconds, Stopping threads took: 0.0405130 seconds
276.017: Application time: 0.0822130 seconds
276.084: [GC276.084: [ParNew: 7943K->402K(8128K), 0.0004490 secs] 17864K->10372K(26052K), 0.0004790 secs] [Times: user=0.00 sys=0.00, real=0.00 secs] 
276.084: Total time for which application threads were stopped: 0.0677550 seconds, Stopping threads took: 0.0672150 seconds
276.086: Application time: 0.0014750 seconds
276.163: [GC276.163: [ParNew: 7548K->12K(8128K), 0.0006180 secs] 17518K->9981K(26052K), 0.0006520 secs] [Times: user=0.00 sys=0.00, real=0.00 secs] 
276.164: Total time for which application threads were stopped: 0.0780090 seconds, Stopping threads took: 0.0772860 seconds
276.165: Application time: 0.0007600 seconds
276.204: [GC276.204: [ParNew: 7236K->895K(8128K), 0.0019190 secs] 17205K->16068K(26052K), 0.0019520 secs] [Times: user=0.02 sys=0.00, real=0.01 secs] 
276.206: Total time for which application threads were stopped: 0.0418310 seconds, Stopping threads took: 0.0398020 seconds
276.295: Application time: 0.0888590 seconds
276.348: [GC276.349: [ParNew: 8040K->8040K(8128K), 0.0000100 secs]276.349: [Tenured: 15173K->2718K(17924K), 0.0047910 secs] 23214K->2718K(26052K), [Perm : 5144K->5144K(21248K)], 0.0048490 secs] [Times: user=0.00 sys=0.00, real=0.00 secs] 
276.353: Total time for which application threads were stopped: 0.0581170 seconds, Stopping threads took: 0.0532050 seconds
276.355: Application time: 0.0014600 seconds
276.432: [GC276.432: [ParNew: 7224K->825K(8128K), 0.0022490 secs] 9942K->3739K(26052K), 0.0022840 secs] [Times: user=0.00 sys=0.00, real=0.00 secs] 
276.434: Total time for which application threads were stopped: 0.0796310 seconds, Stopping threads took: 0.0772750 seconds
276.436: Application time: 0.0010650 seconds
276.490: [GC276.490: [ParNew: 7971K->895K(8128K), 0.0019170 secs] 10885K->8927K(26052K), 0.0019550 secs] [Times: user=0.01 sys=0.00, real=0.00 secs] 
276.492: Total time for which application threads were stopped: 0.0564200 seconds, Stopping threads took: 0.0544060 seconds
276.571: Application time: 0.0795070 seconds
276.613: [GC276.613: [ParNew: 7943K->793K(8128K), 0.0006780 secs] 15975K->9232K(26052K), 0.0007110 secs] [Times: user=0.01 sys=0.00, real=0.00 secs] 
276.613: Total time for which application threads were stopped: 0.0419760 seconds, Stopping threads took: 0.0411800 seconds
276.615: Application time: 0.0011720 seconds
276.690: [GC276.690: [ParNew: 7939K->797K(8128K), 0.0016150 secs] 16378K->13549K(26052K), 0.0016550 secs] [Times: user=0.01 sys=0.00, real=0.00 secs] 
276.692: Total time for which application threads were stopped: 0.0771680 seconds, Stopping threads took: 0.0754280 seconds
276.787: Application time: 0.0950560 seconds
276.841: [GC276.841: [ParNew: 7943K->7943K(8128K), 0.0000100 secs]276.841: [Tenured: 12752K->1770K(17924K), 0.0044630 secs] 20695K->1770K(26052K), [Perm : 5144K->5144K(21248K)], 0.0045160 secs] [Times: user=0.01 sys=0.00, real=0.01 secs] 
276.846: Total time for which application threads were stopped: 0.0590350 seconds, Stopping threads took: 0.0544590 seconds
276.847: Application time: 0.0011060 seconds
276.899: [GC276.899: [ParNew: 7224K->895K(8128K), 0.0020080 secs] 8994K->8260K(26052K), 0.0020470 secs] [Times: user=0.02 sys=0.00, real=0.00 secs] 
276.901: Total time for which application threads were stopped: 0.0542580 seconds, Stopping threads took: 0.0521490 seconds
276.982: Application time: 0.0806650 seconds
277.051: [GC277.051: [ParNew: 7943K->596K(8128K), 0.0006800 secs] 15308K->8009K(26052K), 0.0007110 secs] [Times: user=0.00 sys=0.00, real=0.00 secs] 
277.051: Total time for which application threads were stopped: 0.0695330 seconds, Stopping threads took: 0.0687460 seconds
277.052: Application time: 0.0009780 seconds
277.093: [GC277.093: [ParNew: 7820K->895K(8128K), 0.0018810 secs] 15233K->13032K(26052K), 0.0019190 secs] [Times: user=0.02 sys=0.00, real=0.00 secs] 
277.095: Total time for which application threads were stopped: 0.0424680 seconds, Stopping threads took: 0.0404700 seconds
277.185: Application time: 0.0903300 seconds
277.246: [GC277.246: [ParNew: 7943K->7943K(8128K), 0.0000110 secs]277.246: [Tenured: 12137K->2217K(17924K), 0.0052970 secs] 20080K->2217K(26052K), [Perm : 5144K->5144K(21248K)], 0.0053530 secs] [Times: user=0.00 sys=0.00, real=0.00 secs] 
277.252: Total time for which application threads were stopped: 0.0664310 seconds, Stopping threads took: 0.0609860 seconds
277.253: Application time: 0.0011670 seconds
277.294: [GC277.294: [ParNew: 7146K->895K(8128K), 0.0020360 secs] 9364K->7996K(26052K), 0.0020730 secs] [Times: user=0.01 sys=0.00, real=0.00 secs] 
277.296: Total time for which application threads were stopped: 0.0430190 seconds, Stopping threads took: 0.0408660 seconds
277.375: Application time: 0.0796270 seconds
277.445: [GC277.445: [ParNew: 8119K->40K(8128K), 0.0002690 secs] 15220K->7173K(26052K), 0.0002990 secs] [Times: user=0.00 sys=0.00, real=0.00 secs] 
277.445: Total time for which application threads were stopped: 0.0693600 seconds, Stopping threads took: 0.0689810 seconds
277.446: Application time: 0.0010360 seconds
277.486: [GC277.486: [ParNew: 7264K->895K(8128K), 0.0017120 secs] 14397K->13260K(26052K), 0.0017450 secs] [Times: user=0.02 sys=0.00, real=0.00 secs] 
277.488: Total time for which application threads were stopped: 0.0419600 seconds, Stopping threads took: 0.0401380 seconds
277.569: Application time: 0.0807230 seconds
277.637: [GC277.637: [ParNew: 8021K->8021K(8128K), 0.0000100 secs]277.637: [Tenured: 12365K->1717K(17924K), 0.0051430 secs] 20386K->1717K(26052K), [Perm : 5144K->5144K(21248K)], 0.0052080 secs] [Times: user=0.01 sys=0.00, real=0.01 secs] 
277.642: Total time for which application threads were stopped: 0.0733310 seconds, Stopping threads took: 0.0680420 seconds
277.643: Application time: 0.0011780 seconds
277.684: [GC277.684: [ParNew: 7224K->895K(8128K), 0.0019100 secs] 8941K->8012K(26052K), 0.0019490 secs] [Times: user=0.01 sys=0.00, real=0.00 secs] 
277.686: Total time for which application threads were stopped: 0.0424910 seconds, Stopping threads took: 0.0404830 seconds
277.766: Application time: 0.0807090 seconds
277.835: [GC277.835: [ParNew: 7943K->400K(8128K), 0.0005730 secs] 15060K->7557K(26052K), 0.0006050 secs] [Times: user=0.01 sys=0.00, real=0.00 secs] 
277.836: Total time for which application threads were stopped: 0.0694870 seconds, Stopping threads took: 0.0688100 seconds
277.837: Application time: 0.0009740 seconds
277.877: [GC277.877: [ParNew: 7546K->895K(8128K), 0.0023300 secs] 14703K->13618K(26052K), 0.0023660 secs] [Times: user=0.01 sys=0.00, real=0.01 secs] 
277.880: Total time for which application threads were stopped: 0.0430990 seconds, Stopping threads took: 0.0406560 seconds
277.961: Application time: 0.0808290 seconds
278.028: [GC278.028: [ParNew: 8021K->8021K(8128K), 0.0000100 secs]278.028: [Tenured: 12723K->1937K(17924K), 0.0046620 secs] 20745K->1937K(26052K), [Perm : 5144K->5144K(21248K)], 0.0047170 secs] [Times: user=0.00 sys=0.00, real=0.00 secs] 
278.033: Total time for which application threads were stopped: 0.0725260 seconds, Stopping threads took: 0.0677380 seconds
278.034: Application time: 0.0011170 seconds
278.076: [GC278.076: [ParNew: 7146K->895K(8128K), 0.0018240 secs] 9084K->7520K(26052K), 0.0018600 secs] [Times: user=0.02 sys=0.00, real=0.00 secs] 
278.078: Total time for which application threads were stopped: 0.0432550 seconds, Stopping threads took: 0.0413160 seconds
278.158: Application time: 0.0807150 seconds
278.210: [GC278.210: [ParNew: 7943K->891K(8128K), 0.0007230 secs] 14569K->8509K(26052K), 0.0007590 secs] [Times: user=0.00 sys=0.00, real=0.00 secs] 
278.211: Total time for which application threads were stopped: 0.0522120 seconds, Stopping threads took: 0.0513900 seconds
278.301: Application time: 0.0904500 seconds
278.307: [GC278.307: [ParNew: 8037K->398K(8128K), 0.0005290 secs] 15655K->8033K(26052K), 0.0005590 secs] [Times: user=0.00 sys=0.00, real=0.00 secs] 
278.307: Total time for which application threads were stopped: 0.0061960 seconds, Stopping threads took: 0.0055620 seconds
278.308: Application time: 0.0008610 seconds
278.361: [GC278.361: [ParNew: 7544K->891K(8128K), 0.0018430 secs] 15179K->13017K(26052K), 0.0018790 secs] [Times: user=0.02 sys=0.00, real=0.00 secs] 
278.363: Total time for which application threads were stopped: 0.0551950 seconds, Stopping threads took: 0.0532510 seconds
278.453: Application time: 0.0895940 seconds
278.520: [GC278.520: [ParNew: 7822K->7822K(8128K), 0.0000100 secs]278.520: [Tenured: 12126K->1771K(17924K), 0.0051840 secs] 19949K->1771K(26052K), [Perm : 5144K->5144K(21248K)], 0.0052380 secs] [Times: user=0.01 sys=0.00, real=0.00 secs] 
278.525: Total time for which application threads were stopped: 0.0722940 seconds, Stopping threads took: 0.0669730 seconds
278.526: Application time: 0.0010840 seconds
278.568: [GC278.568: [ParNew: 7048K->893K(8128K), 0.0019280 secs] 8820K->8134K(26052K), 0.0019650 secs] [Times: user=0.02 sys=0.00, real=0.00 secs] 
278.570: Total time for which application threads were stopped: 0.0439710 seconds, Stopping threads took: 0.0419260 seconds
278.651: Application time: 0.0805980 seconds
278.717: [GC278.717: [ParNew: 8038K->598K(8128K), 0.0006780 secs] 15279K->7855K(26052K), 0.0007100 secs] [Times: user=0.00 sys=0.00, real=0.01 secs] 
278.718: Total time for which application threads were stopped: 0.0671400 seconds, Stopping threads took: 0.0663550 seconds
278.719: Application time: 0.0010400 seconds
278.771: [GC278.771: [ParNew: 7822K->895K(8128K), 0.0018550 secs] 15079K->12883K(26052K), 0.0018900 secs] [Times: user=0.01 sys=0.00, real=0.00 secs] 
278.773: Total time for which application threads were stopped: 0.0538030 seconds, Stopping threads took: 0.0518250 seconds
278.851: Application time: 0.0779050 seconds
278.893: [GC278.893: [ParNew: 7943K->7943K(8128K), 0.0000100 secs]278.893: [Tenured: 11988K->2191K(17924K), 0.0046970 secs] 19932K->2191K(26052K), [Perm : 5144K->5144K(21248K)], 0.0047540 secs] [Times: user=0.01 sys=0.00, real=0.01 secs] 
278.898: Total time for which application threads were stopped: 0.0473660 seconds, Stopping threads took: 0.0425230 seconds
278.899: Application time: 0.0011370 seconds
278.953: [GC278.953: [ParNew: 7146K->893K(8128K), 0.0020370 secs] 9338K->7968K(26052K), 0.0020760 secs] [Times: user=0.01 sys=0.00, real=0.00 secs] 
278.955: Total time for which application threads were stopped: 0.0559530 seconds, Stopping threads took: 0.0537980 seconds
279.036: Application time: 0.0803890 seconds
279.105: [GC279.105: [ParNew: 8039K->14K(8128K), 0.0004950 secs] 15113K->7104K(26052K), 0.0005250 secs] [Times: user=0.01 sys=0.00, real=0.00 secs] 
279.106: Total time for which application threads were stopped: 0.0700980 seconds, Stopping threads took: 0.0694990 seconds
279.107: Application time: 0.0009160 seconds
279.107: [GC279.107: [ParNew: 7238K->895K(8128K), 0.0023400 secs] 14329K->14264K(26052K), 0.0023750 secs] [Times: user=0.02 sys=0.00, real=0.00 secs] 
279.109: Total time for which application threads were stopped: 0.0026330 seconds, Stopping threads took: 0.0002030 seconds
279.207: Application time: 0.0973390 seconds
279.277: [GC279.277: [ParNew: 7943K->7943K(8128K), 0.0000120 secs]279.277: [Tenured: 13369K->2416K(17924K), 0.0056750 secs] 21312K->2416K(26052K), [Perm : 5144K->5144K(21248K)], 0.0057300 secs] [Times: user=0.01 sys=0.00, real=0.01 secs] 
279.283: Total time for which application threads were stopped: 0.0766130 seconds, Stopping threads took: 0.0708010 seconds
279.284: Application time: 0.0012060 seconds
279.324: [GC279.324: [ParNew: 7146K->795K(8128K), 0.0018780 secs] 9562K->8681K(26052K), 0.0019130 secs] [Times: user=0.01 sys=0.00, real=0.01 secs] 
279.326: Total time for which application threads were stopped: 0.0420660 seconds, Stopping threads took: 0.0400750 seconds
279.407: Application time: 0.0801140 seconds
279.467: [GC279.467: [ParNew: 8000K->460K(8128K), 0.0005050 secs] 15885K->8362K(26052K), 0.0005350 secs] [Times: user=0.00 sys=0.00, real=0.00 secs] 
279.467: Total time for which application threads were stopped: 0.0605660 seconds, Stopping threads took: 0.0599690 seconds
279.468: Application time: 0.0009190 seconds
279.519: [GC279.519: [ParNew: 7606K->795K(8128K), 0.0022400 secs] 15508K->14465K(26052K), 0.0022750 secs] [Times: user=0.01 sys=0.00, real=0.00 secs] 
279.522: Total time for which application threads were stopped: 0.0536830 seconds, Stopping threads took: 0.0513430 seconds
279.603: Application time: 0.0809180 seconds
279.672: [GC279.672: [ParNew: 8000K->8000K(8128K), 0.0000100 secs]279.672: [Tenured: 13670K->1938K(17924K), 0.0052880 secs] 21670K->1938K(26052K), [Perm : 5144K->5144K(21248K)], 0.0053410 secs] [Times: user=0.00 sys=0.00, real=0.00 secs] 
279.678: Total time for which application threads were stopped: 0.0749170 seconds, Stopping threads took: 0.0694950 seconds
279.679: Application time: 0.0014690 seconds
279.755: [GC279.755: [ParNew: 7224K->825K(8128K), 0.0010280 secs] 9162K->4326K(26052K), 0.0010610 secs] [Times: user=0.00 sys=0.00, real=0.00 secs] 
279.756: Total time for which application threads were stopped: 0.0768680 seconds, Stopping threads took: 0.0757280 seconds
279.840: Application time: 0.0838880 seconds
279.842: [GC279.842: [ParNew: 7873K->791K(8128K), 0.0006420 secs] 11374K->4364K(26052K), 0.0006730 secs] [Times: user=0.00 sys=0.00, real=0.00 secs] 
279.843: Total time for which application threads were stopped: 0.0030890 seconds, Stopping threads took: 0.0023370 seconds
279.844: Application time: 0.0008860 seconds
279.883: [GC279.883: [ParNew: 7937K->895K(8128K), 0.0022240 secs] 11510K->10433K(26052K), 0.0022590 secs] [Times: user=0.01 sys=0.00, real=0.00 secs] 
279.886: Total time for which application threads were stopped: 0.0419090 seconds, Stopping threads took: 0.0395820 seconds
279.967: Application time: 0.0813350 seconds
280.033: [GC280.033: [ParNew: 7943K->598K(8128K), 0.0004610 secs] 17481K->10535K(26052K), 0.0004940 secs] [Times: user=0.00 sys=0.00, real=0.00 secs] 
280.033: Total time for which application threads were stopped: 0.0661970 seconds, Stopping threads took: 0.0656130 seconds
280.034: Application time: 0.0010200 seconds
280.108: [GC280.108: [ParNew: 7627K->825K(8128K), 0.0015340 secs] 17564K->14685K(26052K), 0.0015720 secs] [Times: user=0.01 sys=0.00, real=0.00 secs] 
280.110: Total time for which application threads were stopped: 0.0755190 seconds, Stopping threads took: 0.0738690 seconds
280.199: Application time: 0.0897350 seconds
280.242: [GC280.242: [ParNew: 7873K->7873K(8128K), 0.0000100 secs]280.242: [Tenured: 13859K->2582K(17924K), 0.0052840 secs] 21733K->2582K(26052K), [Perm : 5144K->5144K(21248K)], 0.0053360 secs] [Times: user=0.00 sys=0.00, real=0.01 secs] 
280.247: Total time for which application threads were stopped: 0.0479600 seconds, Stopping threads took: 0.0425620 seconds
280.249: Application time: 0.0013520 seconds
280.290: [GC280.290: [ParNew: 7048K->895K(8128K), 0.0019810 secs] 9630K->8458K(26052K), 0.0020140 secs] [Times: user=0.01 sys=0.00, real=0.00 secs] 
280.292: Total time for which application threads were stopped: 0.0433590 seconds, Stopping threads took: 0.0412650 seconds
280.373: Application time: 0.0812970 seconds
280.442: [GC280.442: [ParNew: 8021K->40K(8128K), 0.0005840 secs] 15584K->7635K(26052K), 0.0006150 secs] [Times: user=0.00 sys=0.00, real=0.00 secs] 
280.443: Total time for which application threads were stopped: 0.0695960 seconds, Stopping threads took: 0.0689070 seconds
280.444: Application time: 0.0008530 seconds
280.444: [GC280.444: [ParNew: 7186K->895K(8128K), 0.0021420 secs] 14781K->14768K(26052K), 0.0021780 secs] [Times: user=0.01 sys=0.00, real=0.01 secs] 
280.446: Total time for which application threads were stopped: 0.0025010 seconds, Stopping threads took: 0.0002440 seconds
280.527: Application time: 0.0802830 seconds
280.595: [GC280.595: [ParNew: 7943K->7943K(8128K), 0.0000100 secs]280.595: [Tenured: 13873K->1829K(17924K), 0.0050320 secs] 21816K->1829K(26052K), [Perm : 5144K->5144K(21248K)], 0.0050880 secs] [Times: user=0.00 sys=0.00, real=0.01 secs] 
280.600: Total time for which application threads were stopped: 0.0737840 seconds, Stopping threads took: 0.0686250 seconds
280.602: Application time: 0.0010400 seconds
280.602: [GC280.602: [ParNew: 7146K->895K(8128K), 0.0023420 secs] 8975K->8974K(26052K), 0.0023780 secs] [Times: user=0.02 sys=0.00, real=0.00 secs] 
280.604: Total time for which application threads were stopped: 0.0026120 seconds, Stopping threads took: 0.0001730 seconds
280.685: Application time: 0.0810270 seconds
280.749: [GC280.749: [ParNew: 8040K->793K(8128K), 0.0007740 secs] 16120K->9670K(26052K), 0.0008080 secs] [Times: user=0.01 sys=0.00, real=0.00 secs] 
280.750: Total time for which application threads were stopped: 0.0651140 seconds, Stopping threads took: 0.0642510 seconds
280.835: Application time: 0.0849810 seconds
280.840: [GC280.840: [ParNew: 7841K->12K(8128K), 0.0006020 secs] 16718K->8905K(26052K), 0.0006320 secs] [Times: user=0.00 sys=0.00, real=0.00 secs] 
280.840: Total time for which application threads were stopped: 0.0051470 seconds, Stopping threads took: 0.0044400 seconds
280.841: Application time: 0.0008010 seconds
280.882: [GC280.882: [ParNew: 7236K->825K(8128K), 0.0017920 secs] 16129K->14992K(26052K), 0.0018240 secs] [Times: user=0.01 sys=0.00, real=0.00 secs] 
280.884: Total time for which application threads were stopped: 0.0423350 seconds, Stopping threads took: 0.0404420 seconds
280.963: Application time: 0.0799150 seconds
281.032: [GC281.032: [ParNew: 7951K->7951K(8128K), 0.0000100 secs]281.032: [Tenured: 14166K->2082K(17924K), 0.0051980 secs] 22118K->2082K(26052K), [Perm : 5144K->5144K(21248K)], 0.0052530 secs] [Times: user=0.00 sys=0.00, real=0.00 secs] 
281.037: Total time for which application threads were stopped: 0.0740220 seconds, Stopping threads took: 0.0686790 seconds
281.039: Application time: 0.0010600 seconds
281.079: [GC281.079: [ParNew: 7146K->895K(8128K), 0.0019280 secs] 9228K->8349K(26052K), 0.0019660 secs] [Times: user=0.01 sys=0.00, real=0.00 secs] 
281.081: Total time for which application threads were stopped: 0.0426580 seconds, Stopping threads took: 0.0406190 seconds
281.162: Application time: 0.0808590 seconds
281.232: [GC281.232: [ParNew: 7943K->402K(8128K), 0.0006310 secs] 15397K->7880K(26052K), 0.0006600 secs] [Times: user=0.00 sys=0.00, real=0.00 secs] 
281.233: Total time for which application threads were stopped: 0.0708580 seconds, Stopping threads took: 0.0701380 seconds
281.234: Application time: 0.0009980 seconds
281.274: [GC281.274: [ParNew: 7548K->895K(8128K), 0.0021780 secs] 15026K->13939K(26052K), 0.0022140 secs] [Times: user=0.02 sys=0.00, real=0.00 secs] 
281.276: Total time for which application threads were stopped: 0.0425240 seconds, Stopping threads took: 0.0402270 seconds
281.356: Application time: 0.0799730 seconds
281.425: [GC281.425: [ParNew: 7826K->7826K(8128K), 0.0000100 secs]281.425: [Tenured: 13044K->1743K(17924K), 0.0052520 secs] 20870K->1743K(26052K), [Perm : 5144K->5144K(21248K)], 0.0053100 secs] [Times: user=0.00 sys=0.00, real=0.01 secs] 
281.432: Total time for which application threads were stopped: 0.0756810 seconds, Stopping threads took: 0.0687930 seconds
281.433: Application time: 0.0011640 seconds
281.486: [GC281.487: [ParNew: 7224K->825K(8128K), 0.0015740 secs] 8968K->6084K(26052K), 0.0016090 secs] [Times: user=0.01 sys=0.00, real=0.00 secs] 
281.488: Total time for which application threads were stopped: 0.0548480 seconds, Stopping threads took: 0.0531570 seconds
281.566: Application time: 0.0780330 seconds
281.570: [GC281.570: [ParNew: 8049K->895K(8128K), 0.0011690 secs] 13309K->8203K(26052K), 0.0012030 secs] [Times: user=0.00 sys=0.01, real=0.00 secs] 
281.571: Total time for which application threads were stopped: 0.0046430 seconds, Stopping threads took: 0.0033640 seconds
281.650: Application time: 0.0789430 seconds
281.703: [GC281.703: [ParNew: 7943K->203K(8128K), 0.0002950 secs] 15252K->7560K(26052K), 0.0003260 secs] [Times: user=0.00 sys=0.00, real=0.00 secs] 
281.703: Total time for which application threads were stopped: 0.0531880 seconds, Stopping threads took: 0.0527830 seconds
281.704: Application time: 0.0008050 seconds
281.704: [GC281.704: [ParNew: 7427K->893K(8128K), 0.0021610 secs] 14784K->14723K(26052K), 0.0021960 secs] [Times: user=0.02 sys=0.00, real=0.01 secs] 
281.707: Total time for which application threads were stopped: 0.0027870 seconds, Stopping threads took: 0.0005290 seconds
281.788: Application time: 0.0811330 seconds
281.859: [GC281.859: [ParNew: 8019K->8019K(8128K), 0.0000100 secs]281.859: [Tenured: 13830K->1858K(17924K), 0.0052250 secs] 21849K->1858K(26052K), [Perm : 5144K->5144K(21248K)], 0.0052810 secs] [Times: user=0.00 sys=0.00, real=0.00 secs] 
281.864: Total time for which application threads were stopped: 0.0763880 seconds, Stopping threads took: 0.0710160 seconds
281.865: Application time: 0.0012800 seconds
281.922: [GC281.922: [ParNew: 7224K->895K(8128K), 0.0016770 secs] 9082K->7273K(26052K), 0.0017130 secs] [Times: user=0.01 sys=0.00, real=0.00 secs] 
281.924: Total time for which application threads were stopped: 0.0582290 seconds, Stopping threads took: 0.0564370 seconds
282.003: Application time: 0.0792860 seconds
282.045: [GC282.045: [ParNew: 8041K->789K(8128K), 0.0008320 secs] 14419K->8176K(26052K), 0.0008670 secs] [Times: user=0.00 sys=0.00, real=0.01 secs] 
282.046: Total time for which application threads were stopped: 0.0432680 seconds, Stopping threads took: 0.0423220 seconds
282.133: Application time: 0.0866600 seconds
282.145: [GC282.145: [ParNew: 7837K->207K(8128K), 0.0005630 secs] 15225K->7610K(26052K), 0.0005910 secs] [Times: user=0.00 sys=0.00, real=0.00 secs] 
282.145: Total time for which application threads were stopped: 0.0126110 seconds, Stopping threads took: 0.0119450 seconds
282.146: Application time: 0.0008510 seconds
282.147: [GC282.147: [ParNew: 7353K->895K(8128K), 0.0023520 secs] 14756K->14744K(26052K), 0.0023960 secs] [Times: user=0.02 sys=0.00, real=0.00 secs] 
282.149: Total time for which application threads were stopped: 0.0026620 seconds, Stopping threads took: 0.0001910 seconds
282.230: Application time: 0.0808080 seconds
282.297: [GC282.297: [ParNew: 8040K->8040K(8128K), 0.0000100 secs]282.297: [Tenured: 13849K->4524K(17924K), 0.0048950 secs] 21889K->4524K(26052K), [Perm : 5144K->5144K(21248K)], 0.0049520 secs] [Times: user=0.00 sys=0.00, real=0.01 secs] 
282.302: Total time for which application threads were stopped: 0.0725130 seconds, Stopping threads took: 0.0674860 seconds
282.380: Application time: 0.0781100 seconds
282.384: [GC282.384: [ParNew: 7146K->795K(8128K), 0.0004960 secs] 11670K->5710K(26052K), 0.0005260 secs] [Times: user=0.00 sys=0.00, real=0.00 secs] 
282.384: Total time for which application threads were stopped: 0.0040510 seconds, Stopping threads took: 0.0034410 seconds
282.386: Application time: 0.0011660 seconds
282.442: [GC282.442: [ParNew: 7941K->793K(8128K), 0.0017550 secs] 12856K->10029K(26052K), 0.0017910 secs] [Times: user=0.01 sys=0.00, real=0.00 secs] 
282.444: Total time for which application threads were stopped: 0.0583040 seconds, Stopping threads took: 0.0564570 seconds
282.523: Application time: 0.0795580 seconds
282.564: [GC282.564: [ParNew: 7939K->793K(8128K), 0.0010870 secs] 17175K->11795K(26052K), 0.0011200 secs] [Times: user=0.01 sys=0.00, real=0.00 secs] 
282.565: Total time for which application threads were stopped: 0.0419210 seconds, Stopping threads took: 0.0407220 seconds
282.644: Application time: 0.0782050 seconds
282.647: [GC282.647: [ParNew: 7841K->793K(8128K), 0.0007160 secs] 18843K->12006K(26052K), 0.0007450 secs] [Times: user=0.01 sys=0.00, real=0.00 secs] 
282.648: Total time for which application threads were stopped: 0.0043010 seconds, Stopping threads took: 0.0034820 seconds
282.649: Application time: 0.0010690 seconds
282.724: [GC282.725: [ParNew: 7939K->7939K(8128K), 0.0000090 secs]282.725: [Tenured: 11213K->5696K(17924K), 0.0058840 secs] 19152K->5696K(26052K), [Perm : 5144K->5144K(21248K)], 0.0059410 secs] [Times: user=0.00 sys=0.00, real=0.01 secs] 
282.730: Total time for which application threads were stopped: 0.0814990 seconds, Stopping threads took: 0.0754960 seconds
282.809: Application time: 0.0788840 seconds
282.852: [GC282.852: [ParNew: 7048K->795K(8128K), 0.0005220 secs] 12744K->6882K(26052K), 0.0005530 secs] [Times: user=0.00 sys=0.00, real=0.00 secs] 
282.853: Total time for which application threads were stopped: 0.0433480 seconds, Stopping threads took: 0.0427190 seconds
282.854: Application time: 0.0014830 seconds
282.931: [GC282.931: [ParNew: 8019K->823K(8128K), 0.0005340 secs] 14106K->6950K(26052K), 0.0005640 secs] [Times: user=0.00 sys=0.00, real=0.00 secs] 
282.932: Total time for which application threads were stopped: 0.0774850 seconds, Stopping threads took: 0.0768460 seconds
282.933: Application time: 0.0009730 seconds
282.992: [GC282.993: [ParNew: 8047K->895K(8128K), 0.0020150 secs] 14174K->11981K(26052K), 0.0020520 secs] [Times: user=0.02 sys=0.00, real=0.00 secs] 
282.995: Total time for which application threads were stopped: 0.0619290 seconds, Stopping threads took: 0.0597980 seconds
283.076: Application time: 0.0816690 seconds
283.144: [GC283.144: [ParNew: 8119K->8119K(8128K), 0.0000110 secs]283.144: [Tenured: 11085K->1353K(17924K), 0.0044300 secs] 19205K->1353K(26052K), [Perm : 5144K->5144K(21248K)], 0.0044860 secs] [Times: user=0.01 sys=0.00, real=0.01 secs] 
283.149: Total time for which application threads were stopped: 0.0722550 seconds, Stopping threads took: 0.0676960 seconds
283.150: Application time: 0.0012400 seconds
283.150: [GC283.150: [ParNew: 7107K->893K(8128K), 0.0019400 secs] 8460K->8357K(26052K), 0.0019730 secs] [Times: user=0.01 sys=0.00, real=0.00 secs] 
283.152: Total time for which application threads were stopped: 0.0024480 seconds, Stopping threads took: 0.0003960 seconds
283.235: Application time: 0.0830230 seconds
283.303: [GC283.303: [ParNew: 8038K->791K(8128K), 0.0004600 secs] 15503K->8686K(26052K), 0.0004990 secs] [Times: user=0.01 sys=0.00, real=0.00 secs] 
283.304: Total time for which application threads were stopped: 0.0684520 seconds, Stopping threads took: 0.0678740 seconds
283.310: Application time: 0.0066380 seconds
283.381: [GC283.381: [ParNew: 7937K->795K(8128K), 0.0004130 secs] 15832K->8706K(26052K), 0.0004430 secs] [Times: user=0.00 sys=0.00, real=0.00 secs] 
283.382: Total time for which application threads were stopped: 0.0712340 seconds, Stopping threads took: 0.0707250 seconds
283.383: Application time: 0.0010500 seconds
283.423: [GC283.423: [ParNew: 8019K->895K(8128K), 0.0021580 secs] 15931K->14799K(26052K), 0.0021950 secs] [Times: user=0.01 sys=0.00, real=0.00 secs] 
283.425: Total time for which application threads were stopped: 0.0427150 seconds, Stopping threads took: 0.0404410 seconds
283.509: Application time: 0.0840760 seconds
283.580: [GC283.580: [ParNew: 8041K->8041K(8128K), 0.0000100 secs]283.580: [Tenured: 13904K->1439K(17924K), 0.0051530 secs] 21945K->1439K(26052K), [Perm : 5144K->5144K(21248K)], 0.0052070 secs] [Times: user=0.00 sys=0.00, real=0.00 secs] 
283.585: Total time for which application threads were stopped: 0.0753990 seconds, Stopping threads took: 0.0701000 seconds
283.586: Application time: 0.0011270 seconds
283.632: [GC283.632: [ParNew: 7224K->823K(8128K), 0.0018800 secs] 8664K->7536K(26052K), 0.0019200 secs] [Times: user=0.01 sys=0.00, real=0.00 secs] 
283.633: Total time for which application threads were stopped: 0.0475440 seconds, Stopping threads took: 0.0455410 seconds
283.715: Application time: 0.0817440 seconds
283.783: [GC283.783: [ParNew: 7949K->237K(8128K), 0.0004090 secs] 14663K->7014K(26052K), 0.0004400 secs] [Times: user=0.00 sys=0.00, real=0.00 secs] 
283.784: Total time for which application threads were stopped: 0.0685010 seconds, Stopping threads took: 0.0679970 seconds
283.785: Application time: 0.0007970 seconds
283.838: [GC283.838: [ParNew: 7381K->893K(8128K), 0.0014250 secs] 14159K->11995K(26052K), 0.0014530 secs] [Times: user=0.00 sys=0.00, real=0.01 secs] 
283.839: Total time for which application threads were stopped: 0.0545250 seconds, Stopping threads took: 0.0530200 seconds
283.918: Application time: 0.0787110 seconds
283.960: [GC283.960: [ParNew: 7941K->402K(8128K), 0.0005840 secs] 19044K->11529K(26052K), 0.0006170 secs] [Times: user=0.00 sys=0.00, real=0.00 secs] 
283.960: Total time for which application threads were stopped: 0.0426370 seconds, Stopping threads took: 0.0419430 seconds
283.961: Application time: 0.0008790 seconds
284.002: [GC284.002: [ParNew: 7548K->795K(8128K), 0.0019790 secs] 18675K->17586K(26052K), 0.0020170 secs] [Times: user=0.02 sys=0.00, real=0.00 secs] 
284.004: Total time for which application threads were stopped: 0.0428160 seconds, Stopping threads took: 0.0407200 seconds
284.091: Application time: 0.0871740 seconds
284.131: [GC284.131: [ParNew: 7941K->7941K(8128K), 0.0000110 secs]284.131: [Tenured: 16791K->4329K(17924K), 0.0057080 secs] 24732K->4329K(26052K), [Perm : 5144K->5144K(21248K)], 0.0057670 secs] [Times: user=0.00 sys=0.00, real=0.00 secs] 
284.137: Total time for which application threads were stopped: 0.0458830 seconds, Stopping threads took: 0.0400280 seconds
284.216: Application time: 0.0786710 seconds
284.263: [GC284.263: [ParNew: 7048K->209K(8128K), 0.0005300 secs] 11377K->4538K(26052K), 0.0005600 secs] [Times: user=0.00 sys=0.00, real=0.00 secs] 
284.264: Total time for which application threads were stopped: 0.0478840 seconds, Stopping threads took: 0.0472490 seconds
284.265: Application time: 0.0009250 seconds
284.305: [GC284.305: [ParNew: 7355K->795K(8128K), 0.0019440 secs] 11685K->10594K(26052K), 0.0019810 secs] [Times: user=0.01 sys=0.00, real=0.01 secs] 
284.307: Total time for which application threads were stopped: 0.0421220 seconds, Stopping threads took: 0.0400730 seconds
284.388: Application time: 0.0811070 seconds
284.455: [GC284.455: [ParNew: 7843K->402K(8128K), 0.0003810 secs] 17642K->10225K(26052K), 0.0004200 secs] [Times: user=0.00 sys=0.00, real=0.00 secs] 
284.456: Total time for which application threads were stopped: 0.0679530 seconds, Stopping threads took: 0.0674780 seconds
284.457: Application time: 0.0008860 seconds
284.510: [GC284.510: [ParNew: 7548K->893K(8128K), 0.0015380 secs] 17371K->15208K(26052K), 0.0015730 secs] [Times: user=0.01 sys=0.00, real=0.00 secs] 
284.511: Total time for which application threads were stopped: 0.0545530 seconds, Stopping threads took: 0.0529240 seconds
284.599: Application time: 0.0876290 seconds
284.656: [GC284.656: [ParNew: 8117K->8117K(8128K), 0.0000110 secs]284.656: [Tenured: 14315K->3283K(17924K), 0.0046860 secs] 22432K->3283K(26052K), [Perm : 5144K->5144K(21248K)], 0.0047450 secs] [Times: user=0.00 sys=0.00, real=0.01 secs] 
284.660: Total time for which application threads were stopped: 0.0615100 seconds, Stopping threads took: 0.0566940 seconds
284.747: Application time: 0.0868050 seconds
284.755: [GC284.755: [ParNew: 7126K->237K(8128K), 0.0006270 secs] 10410K->3521K(26052K), 0.0006570 secs] [Times: user=0.00 sys=0.00, real=0.00 secs] 
284.756: Total time for which application threads were stopped: 0.0088010 seconds, Stopping threads took: 0.0080900 seconds
284.757: Application time: 0.0007970 seconds
284.757: [GC284.757: [ParNew: 7461K->895K(8128K), 0.0024420 secs] 10745K->10680K(26052K), 0.0024760 secs] [Times: user=0.02 sys=0.00, real=0.01 secs] 
284.760: Total time for which application threads were stopped: 0.0028700 seconds, Stopping threads took: 0.0003160 seconds
284.841: Application time: 0.0817450 seconds
284.912: [GC284.912: [ParNew: 8021K->434K(8128K), 0.0006490 secs] 17806K->10284K(26052K), 0.0006790 secs] [Times: user=0.00 sys=0.00, real=0.00 secs] 
284.913: Total time for which application threads were stopped: 0.0713210 seconds, Stopping threads took: 0.0705660 seconds
284.914: Application time: 0.0008720 seconds
284.954: [GC284.954: [ParNew: 7483K->895K(8128K), 0.0019320 secs] 17332K->16241K(26052K), 0.0019670 secs] [Times: user=0.01 sys=0.00, real=0.00 secs] 
284.956: Total time for which application threads were stopped: 0.0423900 seconds, Stopping threads took: 0.0403520 seconds
285.044: Application time: 0.0878420 seconds
285.105: [GC285.105: [ParNew: 8021K->8021K(8128K), 0.0000100 secs]285.105: [Tenured: 15346K->2916K(17924K), 0.0055130 secs] 23368K->2916K(26052K), [Perm : 5144K->5144K(21248K)], 0.0055700 secs] [Times: user=0.01 sys=0.00, real=0.01 secs] 
285.111: Total time for which application threads were stopped: 0.0670080 seconds, Stopping threads took: 0.0613550 seconds
285.199: Application time: 0.0882460 seconds
285.207: [GC285.207: [ParNew: 7048K->12K(8128K), 0.0004720 secs] 9965K->2928K(26052K), 0.0005020 secs] [Times: user=0.00 sys=0.00, real=0.00 secs] 
285.208: Total time for which application threads were stopped: 0.0086930 seconds, Stopping threads took: 0.0081180 seconds
285.209: Application time: 0.0008340 seconds
285.209: [GC285.209: [ParNew: 7158K->895K(8128K), 0.0022290 secs] 10074K->10062K(26052K), 0.0022630 secs] [Times: user=0.01 sys=0.00, real=0.00 secs] 
285.211: Total time for which application threads were stopped: 0.0024180 seconds, Stopping threads took: 0.0000770 seconds
285.293: Application time: 0.0823960 seconds
285.358: [GC285.358: [ParNew: 7943K->889K(8128K), 0.0005490 secs] 17110K->10470K(26052K), 0.0005810 secs] [Times: user=0.00 sys=0.00, real=0.00 secs] 
285.359: Total time for which application threads were stopped: 0.0650550 seconds, Stopping threads took: 0.0644180 seconds
285.360: Application time: 0.0010110 seconds
285.424: [GC285.424: [ParNew: 8035K->895K(8128K), 0.0017660 secs] 17616K->14790K(26052K), 0.0018000 secs] [Times: user=0.01 sys=0.00, real=0.00 secs] 
285.425: Total time for which application threads were stopped: 0.0657780 seconds, Stopping threads took: 0.0639190 seconds
285.507: Application time: 0.0821450 seconds
285.548: [GC285.548: [ParNew: 8021K->8021K(8128K), 0.0000100 secs]285.548: [Tenured: 13894K->1774K(17924K), 0.0044550 secs] 21916K->1774K(26052K), [Perm : 5144K->5144K(21248K)], 0.0045180 secs] [Times: user=0.01 sys=0.00, real=0.00 secs] 
285.552: Total time for which application threads were stopped: 0.0449330 seconds, Stopping threads took: 0.0403550 seconds
285.553: Application time: 0.0010400 seconds
285.605: [GC285.605: [ParNew: 7126K->895K(8128K), 0.0021520 secs] 8900K->8166K(26052K), 0.0021890 secs] [Times: user=0.01 sys=0.00, real=0.01 secs] 
285.607: Total time for which application threads were stopped: 0.0534470 seconds, Stopping threads took: 0.0511780 seconds
285.688: Application time: 0.0807190 seconds
285.756: [GC285.756: [ParNew: 7923K->434K(8128K), 0.0005910 secs] 15195K->7746K(26052K), 0.0006190 secs] [Times: user=0.00 sys=0.00, real=0.00 secs] 
285.756: Total time for which application threads were stopped: 0.0688390 seconds, Stopping threads took: 0.0681370 seconds
285.757: Application time: 0.0009480 seconds
285.798: [GC285.798: [ParNew: 7580K->895K(8128K), 0.0020590 secs] 14892K->13801K(26052K), 0.0020950 secs] [Times: user=0.02 sys=0.00, real=0.01 secs] 
285.800: Total time for which application threads were stopped: 0.0423210 seconds, Stopping threads took: 0.0401470 seconds
285.880: Application time: 0.0798910 seconds
285.950: [GC285.950: [ParNew: 7748K->7748K(8128K), 0.0000100 secs]285.950: [Tenured: 12906K->1831K(17924K), 0.0051850 secs] 20654K->1831K(26052K), [Perm : 5144K->5144K(21248K)], 0.0052410 secs] [Times: user=0.00 sys=0.00, real=0.00 secs] 
285.955: Total time for which application threads were stopped: 0.0752140 seconds, Stopping threads took: 0.0698910 seconds
285.956: Application time: 0.0011060 seconds
285.997: [GC285.997: [ParNew: 7048K->797K(8128K), 0.0017990 secs] 8880K->7121K(26052K), 0.0018370 secs] [Times: user=0.02 sys=0.00, real=0.01 secs] 
285.999: Total time for which application threads were stopped: 0.0427010 seconds, Stopping threads took: 0.0408060 seconds
286.077: Application time: 0.0788220 seconds
286.122: [GC286.122: [ParNew: 7943K->797K(8128K), 0.0010880 secs] 14267K->9098K(26052K), 0.0011250 secs] [Times: user=0.01 sys=0.00, real=0.00 secs] 
286.123: Total time for which application threads were stopped: 0.0453730 seconds, Stopping threads took: 0.0441640 seconds
286.203: Application time: 0.0797230 seconds
286.207: [GC286.207: [ParNew: 7845K->797K(8128K), 0.0006400 secs] 16147K->9513K(26052K), 0.0006720 secs] [Times: user=0.00 sys=0.00, real=0.00 secs] 
286.208: Total time for which application threads were stopped: 0.0049890 seconds, Stopping threads took: 0.0042400 seconds
286.209: Application time: 0.0011060 seconds
286.285: [GC286.285: [ParNew: 7943K->893K(8128K), 0.0013690 secs] 16659K->12750K(26052K), 0.0014030 secs] [Times: user=0.00 sys=0.01, real=0.01 secs] 
286.286: Total time for which application threads were stopped: 0.0774730 seconds, Stopping threads took: 0.0759960 seconds
286.378: Application time: 0.0915920 seconds
286.426: [GC286.426: [ParNew: 8000K->8000K(8128K), 0.0000090 secs]286.426: [Tenured: 11857K->2084K(17924K), 0.0050890 secs] 19857K->2084K(26052K), [Perm : 5144K->5144K(21248K)], 0.0051460 secs] [Times: user=0.01 sys=0.00, real=0.00 secs] 
286.431: Total time for which application threads were stopped: 0.0535380 seconds, Stopping threads took: 0.0483040 seconds
286.432: Application time: 0.0011220 seconds
286.473: [GC286.473: [ParNew: 7224K->825K(8128K), 0.0014880 secs] 9309K->6230K(26052K), 0.0015220 secs] [Times: user=0.01 sys=0.00, real=0.00 secs] 
286.475: Total time for which application threads were stopped: 0.0423890 seconds, Stopping threads took: 0.0408080 seconds
286.553: Application time: 0.0780270 seconds
286.594: [GC286.595: [ParNew: 7923K->747K(8128K), 0.0008310 secs] 13329K->7022K(26052K), 0.0008610 secs] [Times: user=0.01 sys=0.00, real=0.00 secs] 
286.595: Total time for which application threads were stopped: 0.0425160 seconds, Stopping threads took: 0.0415800 seconds
286.677: Application time: 0.0815060 seconds
286.682: [GC286.682: [ParNew: 7922K->42K(8128K), 0.0004840 secs] 14196K->6332K(26052K), 0.0005210 secs] [Times: user=0.00 sys=0.00, real=0.00 secs] 
286.682: Total time for which application threads were stopped: 0.0053670 seconds, Stopping threads took: 0.0047780 seconds
286.683: Application time: 0.0008250 seconds
286.683: [GC286.683: [ParNew: 7188K->895K(8128K), 0.0021060 secs] 13478K->13464K(26052K), 0.0021410 secs] [Times: user=0.02 sys=0.00, real=0.00 secs] 
286.685: Total time for which application threads were stopped: 0.0023940 seconds, Stopping threads took: 0.0001740 seconds
286.772: Application time: 0.0867260 seconds
286.848: [GC286.848: [ParNew: 7943K->7943K(8128K), 0.0000110 secs]286.848: [Tenured: 12569K->1549K(17924K), 0.0051340 secs] 20512K->1549K(26052K), [Perm : 5144K->5144K(21248K)], 0.0051870 secs] [Times: user=0.00 sys=0.00, real=0.00 secs] 
286.853: Total time for which application threads were stopped: 0.0805870 seconds, Stopping threads took: 0.0753280 seconds
286.854: Application time: 0.0013840 seconds
286.854: [GC286.854: [ParNew: 7146K->895K(8128K), 0.0019770 secs] 8696K->8695K(26052K), 0.0020070 secs] [Times: user=0.02 sys=0.00, real=0.00 secs] 
286.856: Total time for which application threads were stopped: 0.0021750 seconds, Stopping threads took: 0.0001130 seconds
286.939: Application time: 0.0822200 seconds
287.006: [GC287.007: [ParNew: 7943K->398K(8128K), 0.0005310 secs] 15743K->8223K(26052K), 0.0005620 secs] [Times: user=0.00 sys=0.00, real=0.00 secs] 
287.007: Total time for which application threads were stopped: 0.0684970 seconds, Stopping threads took: 0.0678820 seconds
287.008: Application time: 0.0009440 seconds
287.048: [GC287.048: [ParNew: 7447K->895K(8128K), 0.0018290 secs] 15271K->13114K(26052K), 0.0018650 secs] [Times: user=0.01 sys=0.00, real=0.00 secs] 
287.050: Total time for which application threads were stopped: 0.0423400 seconds, Stopping threads took: 0.0403980 seconds
287.129: Application time: 0.0786860 seconds
287.171: [GC287.171: [ParNew: 8119K->8119K(8128K), 0.0000110 secs]287.171: [Tenured: 12219K->4313K(17924K), 0.0055750 secs] 20338K->4313K(26052K), [Perm : 5144K->5144K(21248K)], 0.0056350 secs] [Times: user=0.01 sys=0.00, real=0.00 secs] 
287.177: Total time for which application threads were stopped: 0.0480170 seconds, Stopping threads took: 0.0422960 seconds
287.264: Application time: 0.0867080 seconds
287.306: [GC287.306: [ParNew: 7224K->237K(8128K), 0.0005290 secs] 11537K->4551K(26052K), 0.0005600 secs] [Times: user=0.00 sys=0.00, real=0.00 secs] 
287.306: Total time for which application threads were stopped: 0.0426080 seconds, Stopping threads took: 0.0419970 seconds
287.307: Application time: 0.0008430 seconds
287.347: [GC287.347: [ParNew: 7342K->895K(8128K), 0.0018520 secs] 11656K->10468K(26052K), 0.0018900 secs] [Times: user=0.02 sys=0.00, real=0.00 secs] 
287.349: Total time for which application threads were stopped: 0.0419170 seconds, Stopping threads took: 0.0399450 seconds
287.431: Application time: 0.0813960 seconds
287.499: [GC287.499: [ParNew: 7943K->209K(8128K), 0.0003570 secs] 17517K->9831K(26052K), 0.0003880 secs] [Times: user=0.00 sys=0.00, real=0.00 secs] 
287.499: Total time for which application threads were stopped: 0.0686880 seconds, Stopping threads took: 0.0682140 seconds
287.500: Application time: 0.0009660 seconds
287.540: [GC287.541: [ParNew: 7355K->893K(8128K), 0.0018780 secs] 16977K->15886K(26052K), 0.0019140 secs] [Times: user=0.02 sys=0.00, real=0.00 secs] 
287.542: Total time for which application threads were stopped: 0.0422330 seconds, Stopping threads took: 0.0402420 seconds
287.631: Application time: 0.0884500 seconds
287.705: [GC287.705: [ParNew: 7941K->7941K(8128K), 0.0000110 secs]287.705: [Tenured: 14993K->2055K(17924K), 0.0052000 secs] 22934K->2055K(26052K), [Perm : 5144K->5144K(21248K)], 0.0052550 secs] [Times: user=0.00 sys=0.00, real=0.01 secs] 
287.710: Total time for which application threads were stopped: 0.0793730 seconds, Stopping threads took: 0.0740570 seconds
287.711: Application time: 0.0010750 seconds
287.764: [GC287.764: [ParNew: 7048K->795K(8128K), 0.0016600 secs] 9104K->7343K(26052K), 0.0017070 secs] [Times: user=0.01 sys=0.00, real=0.00 secs] 
287.766: Total time for which application threads were stopped: 0.0542920 seconds, Stopping threads took: 0.0525050 seconds
287.844: Application time: 0.0782230 seconds
287.886: [GC287.886: [ParNew: 7941K->795K(8128K), 0.0009680 secs] 14489K->9312K(26052K), 0.0010050 secs] [Times: user=0.00 sys=0.00, real=0.01 secs] 
287.887: Total time for which application threads were stopped: 0.0428250 seconds, Stopping threads took: 0.0417620 seconds
287.968: Application time: 0.0809310 seconds
287.972: [GC287.972: [ParNew: 7941K->891K(8128K), 0.0007420 secs] 16459K->9807K(26052K), 0.0007730 secs] [Times: user=0.00 sys=0.00, real=0.00 secs] 
287.972: Total time for which application threads were stopped: 0.0048570 seconds, Stopping threads took: 0.0040070 seconds
287.974: Application time: 0.0014110 seconds
288.050: [GC288.050: [ParNew: 8017K->825K(8128K), 0.0005640 secs] 16934K->9749K(26052K), 0.0005950 secs] [Times: user=0.00 sys=0.00, real=0.00 secs] 
288.051: Total time for which application threads were stopped: 0.0770460 seconds, Stopping threads took: 0.0763610 seconds
288.052: Application time: 0.0009440 seconds
288.103: [GC288.103: [ParNew: 7971K->893K(8128K), 0.0018720 secs] 16895K->14756K(26052K), 0.0019040 secs] [Times: user=0.01 sys=0.00, real=0.00 secs] 
288.105: Total time for which application threads were stopped: 0.0528850 seconds, Stopping threads took: 0.0509030 seconds
288.185: Application time: 0.0802030 seconds
288.238: [GC288.238: [ParNew: 8039K->8039K(8128K), 0.0000090 secs]288.238: [Tenured: 13863K->3841K(17924K), 0.0047210 secs] 21902K->3841K(26052K), [Perm : 5144K->5144K(21248K)], 0.0047780 secs] [Times: user=0.01 sys=0.00, real=0.00 secs] 
288.243: Total time for which application threads were stopped: 0.0575780 seconds, Stopping threads took: 0.0527370 seconds
288.330: Application time: 0.0870780 seconds
288.341: [GC288.341: [ParNew: 6931K->432K(8128K), 0.0003390 secs] 10773K->4274K(26052K), 0.0003690 secs] [Times: user=0.00 sys=0.01, real=0.00 secs] 
288.342: Total time for which application threads were stopped: 0.0120930 seconds, Stopping threads took: 0.0116480 seconds
288.342: Application time: 0.0007510 seconds
288.397: [GC288.397: [ParNew: 7559K->895K(8128K), 0.0021630 secs] 11401K->10262K(26052K), 0.0022010 secs] [Times: user=0.02 sys=0.00, real=0.01 secs] 
288.399: Total time for which application threads were stopped: 0.0562790 seconds, Stopping threads took: 0.0540230 seconds
288.480: Application time: 0.0813430 seconds
288.549: [GC288.549: [ParNew: 8040K->598K(8128K), 0.0006740 secs] 17408K->10029K(26052K), 0.0007060 secs] [Times: user=0.01 sys=0.00, real=0.00 secs] 
288.550: Total time for which application threads were stopped: 0.0700490 seconds, Stopping threads took: 0.0692680 seconds
288.551: Application time: 0.0010360 seconds
288.592: [GC288.592: [ParNew: 7822K->895K(8128K), 0.0021030 secs] 17253K->16124K(26052K), 0.0021390 secs] [Times: user=0.01 sys=0.00, real=0.00 secs] 
288.594: Total time for which application threads were stopped: 0.0424980 seconds, Stopping threads took: 0.0402860 seconds
288.682: Application time: 0.0884130 seconds
288.755: [GC288.755: [ParNew: 7943K->7943K(8128K), 0.0000100 secs]288.755: [Tenured: 15229K->2136K(17924K), 0.0045530 secs] 23172K->2136K(26052K), [Perm : 5144K->5144K(21248K)], 0.0046090 secs] [Times: user=0.00 sys=0.00, real=0.01 secs] 
288.760: Total time for which application threads were stopped: 0.0775850 seconds, Stopping threads took: 0.0729150 seconds
288.761: Application time: 0.0011030 seconds
288.802: [GC288.802: [ParNew: 7146K->895K(8128K), 0.0021040 secs] 9282K->8988K(26052K), 0.0021460 secs] [Times: user=0.02 sys=0.00, real=0.00 secs] 
288.804: Total time for which application threads were stopped: 0.0435660 seconds, Stopping threads took: 0.0413380 seconds
288.887: Application time: 0.0824000 seconds
288.952: [GC288.953: [ParNew: 8021K->630K(8128K), 0.0006430 secs] 16115K->9122K(26052K), 0.0006740 secs] [Times: user=0.00 sys=0.00, real=0.00 secs] 
288.953: Total time for which application threads were stopped: 0.0664280 seconds, Stopping threads took: 0.0656710 seconds
288.955: Application time: 0.0013170 seconds
289.030: [GC289.030: [ParNew: 7835K->851K(8128K), 0.0008360 secs] 16327K->10189K(26052K), 0.0008670 secs] [Times: user=0.01 sys=0.00, real=0.00 secs] 
289.031: Total time for which application threads were stopped: 0.0768510 seconds, Stopping threads took: 0.0759080 seconds
289.117: Application time: 0.0854320 seconds
289.123: [GC289.123: [ParNew: 7900K->14K(8128K), 0.0003890 secs] 17237K->9447K(26052K), 0.0004190 secs] [Times: user=0.00 sys=0.00, real=0.00 secs] 
289.124: Total time for which application threads were stopped: 0.0068820 seconds, Stopping threads took: 0.0063800 seconds
289.124: Application time: 0.0007480 seconds
289.125: [GC289.125: [ParNew: 7160K->895K(8128K), 0.0021870 secs] 16594K->16579K(26052K), 0.0022200 secs] [Times: user=0.01 sys=0.00, real=0.01 secs] 
289.127: Total time for which application threads were stopped: 0.0025110 seconds, Stopping threads took: 0.0002370 seconds
289.220: Application time: 0.0934760 seconds
289.293: [GC289.293: [ParNew: 7943K->7943K(8128K), 0.0000110 secs]289.293: [Tenured: 15684K->2418K(17924K), 0.0051440 secs] 23627K->2418K(26052K), [Perm : 5144K->5144K(21248K)], 0.0051980 secs] [Times: user=0.00 sys=0.00, real=0.01 secs] 
289.298: Total time for which application threads were stopped: 0.0777930 seconds, Stopping threads took: 0.0725130 seconds
289.300: Application time: 0.0013710 seconds
289.340: [GC289.340: [ParNew: 7224K->825K(8128K), 0.0017640 secs] 9642K->8712K(26052K), 0.0017980 secs] [Times: user=0.01 sys=0.00, real=0.00 secs] 
289.342: Total time for which application threads were stopped: 0.0419850 seconds, Stopping threads took: 0.0401100 seconds
289.424: Application time: 0.0823650 seconds
289.491: [GC289.491: [ParNew: 7873K->396K(8128K), 0.0006450 secs] 15760K->8355K(26052K), 0.0006750 secs] [Times: user=0.00 sys=0.00, real=0.00 secs] 
289.492: Total time for which application threads were stopped: 0.0679590 seconds, Stopping threads took: 0.0672110 seconds
289.493: Application time: 0.0009540 seconds
289.534: [GC289.534: [ParNew: 7542K->795K(8128K), 0.0021610 secs] 15501K->14419K(26052K), 0.0021980 secs] [Times: user=0.01 sys=0.00, real=0.00 secs] 
289.536: Total time for which application threads were stopped: 0.0429600 seconds, Stopping threads took: 0.0406840 seconds
289.619: Application time: 0.0832210 seconds
289.685: [GC289.685: [ParNew: 7648K->7648K(8128K), 0.0000100 secs]289.685: [Tenured: 13623K->2641K(17924K), 0.0050300 secs] 21271K->2641K(26052K), [Perm : 5144K->5144K(21248K)], 0.0050860 secs] [Times: user=0.01 sys=0.00, real=0.01 secs] 
289.690: Total time for which application threads were stopped: 0.0714080 seconds, Stopping threads took: 0.0662310 seconds
289.692: Application time: 0.0011520 seconds
289.732: [GC289.732: [ParNew: 7048K->893K(8128K), 0.0022500 secs] 9690K->9003K(26052K), 0.0022850 secs] [Times: user=0.01 sys=0.00, real=0.00 secs] 
289.734: Total time for which application threads were stopped: 0.0424830 seconds, Stopping threads took: 0.0401190 seconds
289.815: Application time: 0.0808200 seconds
289.883: [GC289.883: [ParNew: 8038K->600K(8128K), 0.0005590 secs] 16149K->8734K(26052K), 0.0005910 secs] [Times: user=0.00 sys=0.00, real=0.00 secs] 
289.884: Total time for which application threads were stopped: 0.0689090 seconds, Stopping threads took: 0.0682450 seconds
289.885: Application time: 0.0009750 seconds
289.925: [GC289.925: [ParNew: 7746K->891K(8128K), 0.0019040 secs] 15880K->13729K(26052K), 0.0019390 secs] [Times: user=0.02 sys=0.00, real=0.01 secs] 
289.927: Total time for which application threads were stopped: 0.0426300 seconds, Stopping threads took: 0.0406330 seconds
290.007: Application time: 0.0796420 seconds
290.051: [GC290.051: [ParNew: 7939K->7939K(8128K), 0.0000110 secs]290.051: [Tenured: 12838K->3032K(17924K), 0.0049790 secs] 20777K->3032K(26052K), [Perm : 5144K->5144K(21248K)], 0.0050360 secs] [Times: user=0.01 sys=0.00, real=0.00 secs] 
290.056: Total time for which application threads were stopped: 0.0486850 seconds, Stopping threads took: 0.0435580 seconds
290.057: Application time: 0.0011430 seconds
290.097: [GC290.097: [ParNew: 7146K->895K(8128K), 0.0025090 secs] 10178K->9884K(26052K), 0.0025480 secs] [Times: user=0.02 sys=0.00, real=0.01 secs] 
290.100: Total time for which application threads were stopped: 0.0430860 seconds, Stopping threads took: 0.0404580 seconds
290.182: Application time: 0.0820190 seconds
290.252: [GC290.252: [ParNew: 8099K->853K(8128K), 0.0006650 secs] 17089K->10054K(26052K), 0.0006950 secs] [Times: user=0.01 sys=0.00, real=0.00 secs] 
290.253: Total time for which application threads were stopped: 0.0705970 seconds, Stopping threads took: 0.0698190 seconds
290.254: Application time: 0.0013010 seconds
290.315: [GC290.315: [ParNew: 8058K->895K(8128K), 0.0021250 secs] 17259K->15225K(26052K), 0.0021610 secs] [Times: user=0.01 sys=0.00, real=0.00 secs] 
290.317: Total time for which application threads were stopped: 0.0630420 seconds, Stopping threads took: 0.0608040 seconds
290.406: Application time: 0.0889230 seconds
290.459: [GC290.459: [ParNew: 8041K->8041K(8128K), 0.0000100 secs]290.459: [Tenured: 14330K->2527K(17924K), 0.0054150 secs] 22371K->2527K(26052K), [Perm : 5144K->5144K(21248K)], 0.0054670 secs] [Times: user=0.00 sys=0.00, real=0.00 secs] 
290.464: Total time for which application threads were stopped: 0.0583000 seconds, Stopping threads took: 0.0527720 seconds
290.466: Application time: 0.0013040 seconds
290.538: [GC290.538: [ParNew: 7146K->893K(8128K), 0.0018310 secs] 9673K->7620K(26052K), 0.0018690 secs] [Times: user=0.01 sys=0.00, real=0.00 secs] 
290.540: Total time for which application threads were stopped: 0.0741790 seconds, Stopping threads took: 0.0722290 seconds
290.618: Application time: 0.0781620 seconds
290.660: [GC290.660: [ParNew: 8039K->793K(8128K), 0.0009800 secs] 14766K->9302K(26052K), 0.0010130 secs] [Times: user=0.00 sys=0.00, real=0.00 secs] 
290.661: Total time for which application threads were stopped: 0.0433710 seconds, Stopping threads took: 0.0422820 seconds
290.751: Application time: 0.0901370 seconds
290.792: [GC290.792: [ParNew: 8017K->44K(8128K), 0.0006530 secs] 16526K->8561K(26052K), 0.0006810 secs] [Times: user=0.00 sys=0.00, real=0.00 secs] 
290.793: Total time for which application threads were stopped: 0.0411750 seconds, Stopping threads took: 0.0404130 seconds
290.793: Application time: 0.0009200 seconds
290.848: [GC290.848: [ParNew: 7268K->895K(8128K), 0.0017840 secs] 15785K->14644K(26052K), 0.0018150 secs] [Times: user=0.01 sys=0.00, real=0.00 secs] 
290.850: Total time for which application threads were stopped: 0.0561800 seconds, Stopping threads took: 0.0542910 seconds
290.938: Application time: 0.0880450 seconds
291.009: [GC291.009: [ParNew: 8021K->8021K(8128K), 0.0000100 secs]291.009: [Tenured: 13749K->1636K(17924K), 0.0051340 secs] 21770K->1636K(26052K), [Perm : 5144K->5144K(21248K)], 0.0051890 secs] [Times: user=0.00 sys=0.00, real=0.00 secs] 
291.014: Total time for which application threads were stopped: 0.0763260 seconds, Stopping threads took: 0.0710550 seconds
291.015: Application time: 0.0011080 seconds
291.056: [GC291.056: [ParNew: 7224K->895K(8128K), 0.0017040 secs] 8860K->6856K(26052K), 0.0017420 secs] [Times: user=0.01 sys=0.00, real=0.01 secs] 
291.058: Total time for which application threads were stopped: 0.0426190 seconds, Stopping threads took: 0.0408190 seconds
291.136: Application time: 0.0787080 seconds
291.178: [GC291.178: [ParNew: 8041K->889K(8128K), 0.0010830 secs] 14002K->8648K(26052K), 0.0011130 secs] [Times: user=0.01 sys=0.00, real=0.00 secs] 
291.179: Total time for which application threads were stopped: 0.0423570 seconds, Stopping threads took: 0.0411800 seconds
291.258: Application time: 0.0792560 seconds
291.261: [GC291.261: [ParNew: 8035K->791K(8128K), 0.0004780 secs] 15794K->8949K(26052K), 0.0005070 secs] [Times: user=0.00 sys=0.00, real=0.00 secs] 
291.261: Total time for which application threads were stopped: 0.0032060 seconds, Stopping threads took: 0.0026480 seconds
291.262: Application time: 0.0011680 seconds
291.316: [GC291.316: [ParNew: 7937K->893K(8128K), 0.0019250 secs] 16095K->14349K(26052K), 0.0019690 secs] [Times: user=0.01 sys=0.00, real=0.00 secs] 
291.318: Total time for which application threads were stopped: 0.0551380 seconds, Stopping threads took: 0.0531080 seconds
291.399: Application time: 0.0812070 seconds
291.467: [GC291.467: [ParNew: 8039K->8039K(8128K), 0.0000150 secs]291.467: [Tenured: 13455K->2056K(17924K), 0.0044720 secs] 21495K->2056K(26052K), [Perm : 5144K->5144K(21248K)], 0.0045370 secs] [Times: user=0.00 sys=0.00, real=0.00 secs] 
291.472: Total time for which application threads were stopped: 0.0731310 seconds, Stopping threads took: 0.0685340 seconds
291.473: Application time: 0.0010470 seconds
291.524: [GC291.524: [ParNew: 7146K->895K(8128K), 0.0019920 secs] 9202K->8518K(26052K), 0.0020300 secs] [Times: user=0.02 sys=0.00, real=0.01 secs] 
291.526: Total time for which application threads were stopped: 0.0532870 seconds, Stopping threads took: 0.0511970 seconds
291.606: Application time: 0.0801280 seconds
291.675: [GC291.675: [ParNew: 7748K->404K(8128K), 0.0004300 secs] 15371K->8059K(26052K), 0.0004620 secs] [Times: user=0.00 sys=0.00, real=0.00 secs] 
291.676: Total time for which application threads were stopped: 0.0693620 seconds, Stopping threads took: 0.0688460 seconds
291.677: Application time: 0.0008840 seconds
291.677: [GC291.677: [ParNew: 7453K->895K(8128K), 0.0022410 secs] 15108K->15093K(26052K), 0.0022760 secs] [Times: user=0.02 sys=0.00, real=0.01 secs] 
291.679: Total time for which application threads were stopped: 0.0024790 seconds, Stopping threads took: 0.0001490 seconds
291.761: Application time: 0.0814960 seconds
291.828: [GC291.828: [ParNew: 8040K->8040K(8128K), 0.0000100 secs]291.828: [Tenured: 14198K->3326K(17924K), 0.0054710 secs] 22239K->3326K(26052K), [Perm : 5144K->5144K(21248K)], 0.0055260 secs] [Times: user=0.00 sys=0.00, real=0.00 secs] 
291.833: Total time for which application threads were stopped: 0.0726900 seconds, Stopping threads took: 0.0670950 seconds
291.922: Application time: 0.0885680 seconds
291.931: [GC291.931: [ParNew: 7146K->209K(8128K), 0.0002800 secs] 10472K->3535K(26052K), 0.0003080 secs] [Times: user=0.00 sys=0.00, real=0.00 secs] 
291.931: Total time for which application threads were stopped: 0.0095790 seconds, Stopping threads took: 0.0091980 seconds
291.932: Application time: 0.0007570 seconds
291.973: [GC291.973: [ParNew: 7433K->895K(8128K), 0.0019670 secs] 10759K->9620K(26052K), 0.0020020 secs] [Times: user=0.02 sys=0.00, real=0.00 secs] 
291.975: Total time for which application threads were stopped: 0.0423110 seconds, Stopping threads took: 0.0402420 seconds
292.054: Application time: 0.0798200 seconds
292.124: [GC292.124: [ParNew: 7943K->402K(8128K), 0.0004030 secs] 16668K->9168K(26052K), 0.0004320 secs] [Times: user=0.00 sys=0.00, real=0.00 secs] 
292.124: Total time for which application threads were stopped: 0.0695930 seconds, Stopping threads took: 0.0690960 seconds
292.125: Application time: 0.0010360 seconds
292.166: [GC292.166: [ParNew: 7607K->895K(8128K), 0.0021410 secs] 16373K->15185K(26052K), 0.0021790 secs] [Times: user=0.01 sys=0.00, real=0.00 secs] 
292.168: Total time for which application threads were stopped: 0.0430480 seconds, Stopping threads took: 0.0407890 seconds
292.261: Application time: 0.0932180 seconds
292.336: [GC292.336: [ParNew: 8001K->8001K(8128K), 0.0000100 secs]292.336: [Tenured: 14290K->1747K(17924K), 0.0052130 secs] 22292K->1747K(26052K), [Perm : 5144K->5144K(21248K)], 0.0052680 secs] [Times: user=0.01 sys=0.00, real=0.01 secs] 
292.341: Total time for which application threads were stopped: 0.0797750 seconds, Stopping threads took: 0.0744170 seconds
292.342: Application time: 0.0011370 seconds
292.384: [GC292.384: [ParNew: 7048K->893K(8128K), 0.0018070 secs] 8795K->7034K(26052K), 0.0018450 secs] [Times: user=0.02 sys=0.00, real=0.01 secs] 
292.386: Total time for which application threads were stopped: 0.0440360 seconds, Stopping threads took: 0.0421330 seconds
292.465: Application time: 0.0786820 seconds
292.506: [GC292.506: [ParNew: 7941K->793K(8128K), 0.0008000 secs] 14083K->7732K(26052K), 0.0008400 secs] [Times: user=0.01 sys=0.00, real=0.00 secs] 
292.507: Total time for which application threads were stopped: 0.0420670 seconds, Stopping threads took: 0.0411500 seconds
292.596: Application time: 0.0888510 seconds
292.599: [GC292.599: [ParNew: 7841K->14K(8128K), 0.0004460 secs] 14780K->6969K(26052K), 0.0004730 secs] [Times: user=0.00 sys=0.00, real=0.00 secs] 
292.600: Total time for which application threads were stopped: 0.0038270 seconds, Stopping threads took: 0.0032790 seconds
292.600: Application time: 0.0007130 seconds
292.602: [GC292.602: [ParNew: 7160K->895K(8128K), 0.0024310 secs] 14115K->14100K(26052K), 0.0024660 secs] [Times: user=0.02 sys=0.00, real=0.00 secs] 
292.605: Total time for which application threads were stopped: 0.0041280 seconds, Stopping threads took: 0.0015850 seconds
292.685: Application time: 0.0809150 seconds
292.753: [GC292.753: [ParNew: 8001K->8001K(8128K), 0.0000100 secs]292.753: [Tenured: 13205K->2976K(17924K), 0.0047700 secs] 21207K->2976K(26052K), [Perm : 5144K->5144K(21248K)], 0.0048280 secs] [Times: user=0.01 sys=0.00, real=0.00 secs] 
292.758: Total time for which application threads were stopped: 0.0721220 seconds, Stopping threads took: 0.0672310 seconds
292.759: Application time: 0.0013630 seconds
292.802: [GC292.803: [ParNew: 7146K->893K(8128K), 0.0020530 secs] 10122K->9143K(26052K), 0.0020870 secs] [Times: user=0.02 sys=0.00, real=0.00 secs] 
292.805: Total time for which application threads were stopped: 0.0456860 seconds, Stopping threads took: 0.0435410 seconds
292.885: Application time: 0.0806920 seconds
292.954: [GC292.954: [ParNew: 8039K->404K(8128K), 0.0005330 secs] 16289K->8671K(26052K), 0.0005630 secs] [Times: user=0.00 sys=0.00, real=0.00 secs] 
292.955: Total time for which application threads were stopped: 0.0695770 seconds, Stopping threads took: 0.0689410 seconds
292.956: Application time: 0.0007740 seconds
292.956: [GC292.956: [ParNew: 7550K->895K(8128K), 0.0025920 secs] 15817K->15802K(26052K), 0.0026270 secs] [Times: user=0.01 sys=0.00, real=0.01 secs] 
292.959: Total time for which application threads were stopped: 0.0029780 seconds, Stopping threads took: 0.0002730 seconds
293.053: Application time: 0.0944810 seconds
293.127: [GC293.127: [ParNew: 7747K->7747K(8128K), 0.0000110 secs]293.127: [Tenured: 14907K->2196K(17924K), 0.0044510 secs] 22655K->2196K(26052K), [Perm : 5144K->5144K(21248K)], 0.0045070 secs] [Times: user=0.00 sys=0.00, real=0.00 secs] 
293.131: Total time for which application threads were stopped: 0.0779420 seconds, Stopping threads took: 0.0733740 seconds
293.132: Application time: 0.0010390 seconds
293.173: [GC293.173: [ParNew: 7048K->893K(8128K), 0.0023050 secs] 9244K->8558K(26052K), 0.0023450 secs] [Times: user=0.01 sys=0.00, real=0.00 secs] 
293.175: Total time for which application threads were stopped: 0.0432450 seconds, Stopping threads took: 0.0408160 seconds
293.255: Application time: 0.0798660 seconds
293.324: [GC293.324: [ParNew: 7921K->432K(8128K), 0.0006120 secs] 15587K->8130K(26052K), 0.0006420 secs] [Times: user=0.00 sys=0.00, real=0.00 secs] 
293.324: Total time for which application threads were stopped: 0.0690750 seconds, Stopping threads took: 0.0683590 seconds
293.325: Application time: 0.0008650 seconds
293.325: [GC293.325: [ParNew: 7481K->895K(8128K), 0.0024910 secs] 15178K->15163K(26052K), 0.0025260 secs] [Times: user=0.02 sys=0.00, real=0.01 secs] 
293.328: Total time for which application threads were stopped: 0.0027930 seconds, Stopping threads took: 0.0001890 seconds
293.413: Application time: 0.0851300 seconds
293.487: [GC293.487: [ParNew: 7943K->7943K(8128K), 0.0000090 secs]293.487: [Tenured: 14268K->3396K(17924K), 0.0054180 secs] 22212K->3396K(26052K), [Perm : 5144K->5144K(21248K)], 0.0054760 secs] [Times: user=0.01 sys=0.00, real=0.00 secs] 
293.493: Total time for which application threads were stopped: 0.0798700 seconds, Stopping threads took: 0.0743250 seconds
293.579: Application time: 0.0861630 seconds
293.583: [GC293.583: [ParNew: 7048K->12K(8128K), 0.0004580 secs] 10444K->3408K(26052K), 0.0004970 secs] [Times: user=0.00 sys=0.00, real=0.00 secs] 
293.583: Total time for which application threads were stopped: 0.0041610 seconds, Stopping threads took: 0.0036010 seconds
293.584: Application time: 0.0007370 seconds
293.584: [GC293.584: [ParNew: 7158K->895K(8128K), 0.0026030 secs] 10554K->10542K(26052K), 0.0026370 secs] [Times: user=0.02 sys=0.00, real=0.01 secs] 
293.587: Total time for which application threads were stopped: 0.0028690 seconds, Stopping threads took: 0.0001650 seconds
293.668: Application time: 0.0814310 seconds
293.739: [GC293.739: [ParNew: 8021K->239K(8128K), 0.0003040 secs] 17668K->9910K(26052K), 0.0003380 secs] [Times: user=0.00 sys=0.00, real=0.00 secs] 
293.740: Total time for which application threads were stopped: 0.0714930 seconds, Stopping threads took: 0.0710770 seconds
293.741: Application time: 0.0007850 seconds
293.741: [GC293.741: [ParNew: 7385K->895K(8128K), 0.0023270 secs] 17056K->17039K(26052K), 0.0023620 secs] [Times: user=0.02 sys=0.00, real=0.00 secs] 
293.743: Total time for which application threads were stopped: 0.0025940 seconds, Stopping threads took: 0.0001770 seconds
293.837: Application time: 0.0938720 seconds
293.907: [GC293.908: [ParNew: 8021K->8021K(8128K), 0.0000100 secs]293.908: [Tenured: 16144K->2821K(17924K), 0.0053530 secs] 24166K->2821K(26052K), [Perm : 5144K->5144K(21248K)], 0.0054110 secs] [Times: user=0.00 sys=0.00, real=0.00 secs] 
293.913: Total time for which application threads were stopped: 0.0758370 seconds, Stopping threads took: 0.0703640 seconds
293.914: Application time: 0.0013690 seconds
293.989: [GC293.989: [ParNew: 7185K->881K(8128K), 0.0017160 secs] 10007K->7023K(26052K), 0.0017540 secs] [Times: user=0.01 sys=0.00, real=0.00 secs] 
293.991: Total time for which application threads were stopped: 0.0769350 seconds, Stopping threads took: 0.0751090 seconds
294.069: Application time: 0.0780090 seconds
294.112: [GC294.112: [ParNew: 8027K->797K(8128K), 0.0008330 secs] 14169K->7856K(26052K), 0.0008650 secs] [Times: user=0.01 sys=0.00, real=0.00 secs] 
294.113: Total time for which application threads were stopped: 0.0436710 seconds, Stopping threads took: 0.0427300 seconds
294.199: Application time: 0.0864420 seconds
294.204: [GC294.204: [ParNew: 7845K->14K(8128K), 0.0004090 secs] 14905K->7081K(26052K), 0.0004390 secs] [Times: user=0.00 sys=0.00, real=0.00 secs] 
294.204: Total time for which application threads were stopped: 0.0051110 seconds, Stopping threads took: 0.0045960 seconds
294.205: Application time: 0.0007040 seconds
294.205: [GC294.205: [ParNew: 7160K->895K(8128K), 0.0020990 secs] 14227K->14213K(26052K), 0.0021330 secs] [Times: user=0.01 sys=0.00, real=0.01 secs] 
294.208: Total time for which application threads were stopped: 0.0024420 seconds, Stopping threads took: 0.0002320 seconds
294.304: Application time: 0.0959350 seconds
294.375: [GC294.375: [ParNew: 7943K->7943K(8128K), 0.0000110 secs]294.375: [Tenured: 13317K->1638K(17924K), 0.0050710 secs] 21261K->1638K(26052K), [Perm : 5144K->5144K(21248K)], 0.0051260 secs] [Times: user=0.00 sys=0.00, real=0.01 secs] 
294.380: Total time for which application threads were stopped: 0.0768200 seconds, Stopping threads took: 0.0716330 seconds
294.382: Application time: 0.0014050 seconds
294.423: [GC294.423: [ParNew: 7224K->895K(8128K), 0.0016840 secs] 8862K->7932K(26052K), 0.0017140 secs] [Times: user=0.02 sys=0.00, real=0.00 secs] 
294.425: Total time for which application threads were stopped: 0.0432040 seconds, Stopping threads took: 0.0414320 seconds
294.506: Application time: 0.0809090 seconds
294.573: [GC294.573: [ParNew: 7943K->402K(8128K), 0.0004610 secs] 14980K->7488K(26052K), 0.0004920 secs] [Times: user=0.00 sys=0.00, real=0.00 secs] 
294.573: Total time for which application threads were stopped: 0.0671870 seconds, Stopping threads took: 0.0666090 seconds
294.574: Application time: 0.0008510 seconds
294.574: [GC294.574: [ParNew: 7548K->895K(8128K), 0.0024410 secs] 14634K->14621K(26052K), 0.0024850 secs] [Times: user=0.02 sys=0.00, real=0.00 secs] 
294.577: Total time for which application threads were stopped: 0.0026830 seconds, Stopping threads took: 0.0001320 seconds
294.658: Application time: 0.0815020 seconds
294.727: [GC294.727: [ParNew: 8119K->8119K(8128K), 0.0000100 secs]294.727: [Tenured: 13726K->3257K(17924K), 0.0047990 secs] 21845K->3257K(26052K), [Perm : 5144K->5144K(21248K)], 0.0048560 secs] [Times: user=0.01 sys=0.00, real=0.00 secs] 
294.732: Total time for which application threads were stopped: 0.0733840 seconds, Stopping threads took: 0.0684550 seconds
294.816: Application time: 0.0841420 seconds
294.827: [GC294.827: [ParNew: 7048K->207K(8128K), 0.0005860 secs] 10305K->3464K(26052K), 0.0006170 secs] [Times: user=0.00 sys=0.00, real=0.00 secs] 
294.828: Total time for which application threads were stopped: 0.0122340 seconds, Stopping threads took: 0.0115630 seconds
294.829: Application time: 0.0008070 seconds
294.829: [GC294.829: [ParNew: 7353K->895K(8128K), 0.0023090 secs] 10610K->10598K(26052K), 0.0023400 secs] [Times: user=0.01 sys=0.00, real=0.00 secs] 
294.831: Total time for which application threads were stopped: 0.0026180 seconds, Stopping threads took: 0.0002240 seconds
294.913: Application time: 0.0816780 seconds
294.980: [GC294.980: [ParNew: 8088K->843K(8128K), 0.0007010 secs] 17791K->11335K(26052K), 0.0007320 secs] [Times: user=0.00 sys=0.00, real=0.00 secs] 
294.981: Total time for which application threads were stopped: 0.0677120 seconds, Stopping threads took: 0.0669260 seconds
295.067: Application time: 0.0865360 seconds
295.075: [GC295.075: [ParNew: 7919K->42K(8128K), 0.0002560 secs] 18412K->10550K(26052K), 0.0002860 secs] [Times: user=0.00 sys=0.00, real=0.00 secs] 
295.075: Total time for which application threads were stopped: 0.0081760 seconds, Stopping threads took: 0.0078030 seconds
295.076: Application time: 0.0007520 seconds
295.076: [GC295.076: [ParNew: 7188K->895K(8128K), 0.0020850 secs] 17696K->17681K(26052K), 0.0021210 secs] [Times: user=0.02 sys=0.00, real=0.01 secs] 
295.079: Total time for which application threads were stopped: 0.0024440 seconds, Stopping threads took: 0.0002430 seconds
295.174: Application time: 0.0948670 seconds
295.243: [GC295.243: [ParNew: 8021K->8021K(8128K), 0.0000100 secs]295.243: [Tenured: 16786K->1752K(17924K), 0.0053290 secs] 24808K->1752K(26052K), [Perm : 5144K->5144K(21248K)], 0.0053810 secs] [Times: user=0.01 sys=0.00, real=0.01 secs] 
295.249: Total time for which application threads were stopped: 0.0753170 seconds, Stopping threads took: 0.0698550 seconds
295.250: Application time: 0.0012600 seconds
295.303: [GC295.303: [ParNew: 7146K->895K(8128K), 0.0014880 secs] 8898K->6944K(26052K), 0.0015200 secs] [Times: user=0.01 sys=0.00, real=0.00 secs] 
295.305: Total time for which application threads were stopped: 0.0547230 seconds, Stopping threads took: 0.0531430 seconds
295.384: Application time: 0.0794780 seconds
295.426: [GC295.426: [ParNew: 7943K->402K(8128K), 0.0005760 secs] 13993K->6476K(26052K), 0.0006070 secs] [Times: user=0.00 sys=0.00, real=0.00 secs] 
295.427: Total time for which application threads were stopped: 0.0424110 seconds, Stopping threads took: 0.0417360 seconds
295.428: Application time: 0.0010300 seconds
295.468: [GC295.468: [ParNew: 7548K->893K(8128K), 0.0018960 secs] 13622K->12533K(26052K), 0.0019300 secs] [Times: user=0.01 sys=0.00, real=0.00 secs] 
295.470: Total time for which application threads were stopped: 0.0426400 seconds, Stopping threads took: 0.0406560 seconds
295.552: Application time: 0.0816020 seconds
295.619: [GC295.619: [ParNew: 8019K->8019K(8128K), 0.0000100 secs]295.619: [Tenured: 11640K->1943K(17924K), 0.0052630 secs] 19659K->1943K(26052K), [Perm : 5144K->5144K(21248K)], 0.0053160 secs] [Times: user=0.00 sys=0.00, real=0.00 secs] 
295.625: Total time for which application threads were stopped: 0.0726760 seconds, Stopping threads took: 0.0672670 seconds
295.626: Application time: 0.0011080 seconds
295.669: [GC295.669: [ParNew: 7224K->895K(8128K), 0.0022140 secs] 9167K->8433K(26052K), 0.0022600 secs] [Times: user=0.01 sys=0.00, real=0.00 secs] 
295.671: Total time for which application threads were stopped: 0.0454180 seconds, Stopping threads took: 0.0430790 seconds
295.753: Application time: 0.0818170 seconds
295.821: [GC295.821: [ParNew: 8021K->823K(8128K), 0.0006720 secs] 15559K->8409K(26052K), 0.0007040 secs] [Times: user=0.01 sys=0.00, real=0.00 secs] 
295.821: Total time for which application threads were stopped: 0.0682250 seconds, Stopping threads took: 0.0674430 seconds
295.822: Application time: 0.0010720 seconds
295.863: [GC295.863: [ParNew: 8047K->895K(8128K), 0.0021280 secs] 15634K->14526K(26052K), 0.0021650 secs] [Times: user=0.02 sys=0.00, real=0.00 secs] 
295.865: Total time for which application threads were stopped: 0.0426070 seconds, Stopping threads took: 0.0403850 seconds
295.946: Application time: 0.0808100 seconds
296.013: [GC296.013: [ParNew: 7943K->7943K(8128K), 0.0000100 secs]296.013: [Tenured: 13631K->2419K(17924K), 0.0053780 secs] 21575K->2419K(26052K), [Perm : 5144K->5144K(21248K)], 0.0054350 secs] [Times: user=0.01 sys=0.00, real=0.01 secs] 
296.018: Total time for which application threads were stopped: 0.0724060 seconds, Stopping threads took: 0.0669110 seconds
296.019: Application time: 0.0013320 seconds
296.061: [GC296.061: [ParNew: 7126K->895K(8128K), 0.0019880 secs] 9546K->8323K(26052K), 0.0020260 secs] [Times: user=0.02 sys=0.00, real=0.00 secs] 
296.063: Total time for which application threads were stopped: 0.0434860 seconds, Stopping threads took: 0.0413800 seconds
296.146: Application time: 0.0830250 seconds
296.206: [GC296.206: [ParNew: 7943K->8K(8128K), 0.0005090 secs] 15372K->7476K(26052K), 0.0005390 secs] [Times: user=0.00 sys=0.00, real=0.01 secs] 
296.206: Total time for which application threads were stopped: 0.0602000 seconds, Stopping threads took: 0.0595870 seconds
296.207: Application time: 0.0009550 seconds
296.207: [GC296.207: [ParNew: 7154K->895K(8128K), 0.0022720 secs] 14622K->14614K(26052K), 0.0023140 secs] [Times: user=0.02 sys=0.01, real=0.00 secs] 
296.210: Total time for which application threads were stopped: 0.0025750 seconds, Stopping threads took: 0.0001970 seconds
296.298: Application time: 0.0884270 seconds
296.371: [GC296.371: [ParNew: 7943K->7943K(8128K), 0.0000110 secs]296.371: [Tenured: 13719K->1667K(17924K), 0.0057640 secs] 21662K->1667K(26052K), [Perm : 5144K->5144K(21248K)], 0.0058190 secs] [Times: user=0.01 sys=0.00, real=0.00 secs] 
296.377: Total time for which application threads were stopped: 0.0788140 seconds, Stopping threads took: 0.0729340 seconds
296.378: Application time: 0.0012680 seconds
296.431: [GC296.431: [ParNew: 7224K->825K(8128K), 0.0013780 secs] 8891K->5813K(26052K), 0.0014090 secs] [Times: user=0.01 sys=0.00, real=0.00 secs] 
296.432: Total time for which application threads were stopped: 0.0539850 seconds, Stopping threads took: 0.0525210 seconds
296.511: Application time: 0.0785760 seconds
296.552: [GC296.552: [ParNew: 7873K->891K(8128K), 0.0007680 secs] 12861K->6520K(26052K), 0.0015720 secs] [Times: user=0.00 sys=0.00, real=0.00 secs] 
296.554: Total time for which application threads were stopped: 0.0428400 seconds, Stopping threads took: 0.0411880 seconds
296.643: Application time: 0.0892530 seconds
296.654: [GC296.654: [ParNew: 8037K->10K(8128K), 0.0003500 secs] 13666K->5655K(26052K), 0.0003780 secs] [Times: user=0.00 sys=0.00, real=0.00 secs] 
296.654: Total time for which application threads were stopped: 0.0114090 seconds, Stopping threads took: 0.0109780 seconds
296.655: Application time: 0.0007510 seconds
296.655: [GC296.655: [ParNew: 7156K->895K(8128K), 0.0022780 secs] 12801K->12791K(26052K), 0.0023120 secs] [Times: user=0.02 sys=0.00, real=0.00 secs] 
296.658: Total time for which application threads were stopped: 0.0026090 seconds, Stopping threads took: 0.0002120 seconds
296.749: Application time: 0.0916160 seconds
296.822: [GC296.822: [ParNew: 7943K->7943K(8128K), 0.0000090 secs]296.822: [Tenured: 11895K->1695K(17924K), 0.0044040 secs] 19839K->1695K(26052K), [Perm : 5144K->5144K(21248K)], 0.0044700 secs] [Times: user=0.00 sys=0.00, real=0.01 secs] 
296.827: Total time for which application threads were stopped: 0.0773390 seconds, Stopping threads took: 0.0728000 seconds
296.828: Application time: 0.0010530 seconds
296.868: [GC296.868: [ParNew: 7146K->895K(8128K), 0.0019040 secs] 8841K->7962K(26052K), 0.0019440 secs] [Times: user=0.02 sys=0.00, real=0.00 secs] 
296.870: Total time for which application threads were stopped: 0.0426280 seconds, Stopping threads took: 0.0406250 seconds
296.951: Application time: 0.0809050 seconds
297.020: [GC297.020: [ParNew: 7943K->402K(8128K), 0.0005560 secs] 15010K->7493K(26052K), 0.0005900 secs] [Times: user=0.00 sys=0.00, real=0.00 secs] 
297.021: Total time for which application threads were stopped: 0.0696270 seconds, Stopping threads took: 0.0689600 seconds
297.022: Application time: 0.0009530 seconds
297.064: [GC297.064: [ParNew: 7548K->795K(8128K), 0.0022090 secs] 14639K->13550K(26052K), 0.0022430 secs] [Times: user=0.02 sys=0.00, real=0.01 secs] 
297.066: Total time for which application threads were stopped: 0.0443920 seconds, Stopping threads took: 0.0420940 seconds
297.165: Application time: 0.0985600 seconds
297.233: [GC297.233: [ParNew: 7804K->7804K(8128K), 0.0000100 secs]297.233: [Tenured: 12755K->1748K(17924K), 0.0044560 secs] 20560K->1748K(26052K), [Perm : 5144K->5144K(21248K)], 0.0045090 secs] [Times: user=0.01 sys=0.00, real=0.01 secs] 
297.238: Total time for which application threads were stopped: 0.0732270 seconds, Stopping threads took: 0.0686440 seconds
297.239: Application time: 0.0010970 seconds
297.284: [GC297.284: [ParNew: 7146K->893K(8128K), 0.0017530 secs] 8894K->7134K(26052K), 0.0017900 secs] [Times: user=0.02 sys=0.00, real=0.01 secs] 
297.286: Total time for which application threads were stopped: 0.0466590 seconds, Stopping threads took: 0.0447890 seconds
297.366: Application time: 0.0806550 seconds
297.408: [GC297.408: [ParNew: 7746K->402K(8128K), 0.0006070 secs] 13986K->6667K(26052K), 0.0006370 secs] [Times: user=0.01 sys=0.00, real=0.00 secs] 
297.409: Total time for which application threads were stopped: 0.0421460 seconds, Stopping threads took: 0.0414330 seconds
297.410: Application time: 0.0009760 seconds
297.450: [GC297.450: [ParNew: 7607K->895K(8128K), 0.0021750 secs] 13872K->12685K(26052K), 0.0022110 secs] [Times: user=0.01 sys=0.00, real=0.00 secs] 
297.452: Total time for which application threads were stopped: 0.0427220 seconds, Stopping threads took: 0.0404530 seconds
297.534: Application time: 0.0816070 seconds
297.600: [GC297.600: [ParNew: 8119K->8119K(8128K), 0.0000100 secs]297.600: [Tenured: 11790K->2029K(17924K), 0.0052770 secs] 19909K->2029K(26052K), [Perm : 5144K->5144K(21248K)], 0.0053330 secs] [Times: user=0.00 sys=0.00, real=0.01 secs] 
297.606: Total time for which application threads were stopped: 0.0718800 seconds, Stopping threads took: 0.0664640 seconds
297.607: Application time: 0.0012040 seconds
297.648: [GC297.648: [ParNew: 7204K->853K(8128K), 0.0018120 secs] 9234K->7571K(26052K), 0.0018500 secs] [Times: user=0.01 sys=0.00, real=0.00 secs] 
297.650: Total time for which application threads were stopped: 0.0427780 seconds, Stopping threads took: 0.0408680 seconds
297.729: Application time: 0.0789990 seconds
297.771: [GC297.771: [ParNew: 7999K->793K(8128K), 0.0006590 secs] 14717K->7607K(26052K), 0.0006910 secs] [Times: user=0.01 sys=0.00, real=0.00 secs] 
297.772: Total time for which application threads were stopped: 0.0433300 seconds, Stopping threads took: 0.0425630 seconds
297.773: Application time: 0.0010380 seconds
297.814: [GC297.814: [ParNew: 7939K->893K(8128K), 0.0023150 secs] 14753K->13672K(26052K), 0.0023510 secs] [Times: user=0.02 sys=0.00, real=0.00 secs] 
297.816: Total time for which application threads were stopped: 0.0431140 seconds, Stopping threads took: 0.0406850 seconds
297.898: Application time: 0.0814290 seconds
297.966: [GC297.966: [ParNew: 7746K->7746K(8128K), 0.0000100 secs]297.966: [Tenured: 12779K->2869K(17924K), 0.0053460 secs] 20525K->2869K(26052K), [Perm : 5144K->5144K(21248K)], 0.0054090 secs] [Times: user=0.01 sys=0.00, real=0.00 secs] 
297.971: Total time for which application threads were stopped: 0.0735560 seconds, Stopping threads took: 0.0680580 seconds
297.972: Application time: 0.0012280 seconds
298.013: [GC298.013: [ParNew: 7146K->893K(8128K), 0.0020930 secs] 10015K->8645K(26052K), 0.0021320 secs] [Times: user=0.02 sys=0.00, real=0.00 secs] 
298.016: Total time for which application threads were stopped: 0.0430490 seconds, Stopping threads took: 0.0408380 seconds
298.096: Application time: 0.0807050 seconds
298.166: [GC298.166: [ParNew: 8039K->12K(8128K), 0.0004480 secs] 15791K->7788K(26052K), 0.0004770 secs] [Times: user=0.00 sys=0.00, real=0.00 secs] 
298.166: Total time for which application threads were stopped: 0.0699940 seconds, Stopping threads took: 0.0694610 seconds
298.167: Application time: 0.0011030 seconds
298.167: [GC298.168: [ParNew: 7158K->895K(8128K), 0.0021210 secs] 14934K->14921K(26052K), 0.0021570 secs] [Times: user=0.02 sys=0.00, real=0.00 secs] 
298.170: Total time for which application threads were stopped: 0.0023520 seconds, Stopping threads took: 0.0001310 seconds
298.252: Application time: 0.0823200 seconds
298.325: [GC298.325: [ParNew: 7943K->7943K(8128K), 0.0000090 secs]298.325: [Tenured: 14026K->2283K(17924K), 0.0044880 secs] 21969K->2283K(26052K), [Perm : 5144K->5144K(21248K)], 0.0045420 secs] [Times: user=0.01 sys=0.00, real=0.01 secs] 
298.329: Total time for which application threads were stopped: 0.0773080 seconds, Stopping threads took: 0.0727050 seconds
298.330: Application time: 0.0010530 seconds
298.331: [GC298.331: [ParNew: 7146K->895K(8128K), 0.0024070 secs] 9429K->9428K(26052K), 0.0024440 secs] [Times: user=0.01 sys=0.00, real=0.00 secs] 
298.333: Total time for which application threads were stopped: 0.0026740 seconds, Stopping threads took: 0.0001710 seconds
298.415: Application time: 0.0820930 seconds
298.485: [GC298.485: [ParNew: 8021K->430K(8128K), 0.0005760 secs] 16554K->8988K(26052K), 0.0006070 secs] [Times: user=0.00 sys=0.00, real=0.00 secs] 
298.486: Total time for which application threads were stopped: 0.0704370 seconds, Stopping threads took: 0.0697460 seconds
298.487: Application time: 0.0009520 seconds
298.527: [GC298.527: [ParNew: 7576K->895K(8128K), 0.0020040 secs] 16134K->15047K(26052K), 0.0020410 secs] [Times: user=0.01 sys=0.01, real=0.00 secs] 
298.529: Total time for which application threads were stopped: 0.0424800 seconds, Stopping threads took: 0.0403590 seconds
298.611: Application time: 0.0815020 seconds
298.679: [GC298.679: [ParNew: 7748K->7748K(8128K), 0.0000100 secs]298.679: [Tenured: 14152K->1748K(17924K), 0.0051320 secs] 21900K->1748K(26052K), [Perm : 5144K->5144K(21248K)], 0.0051860 secs] [Times: user=0.00 sys=0.00, real=0.00 secs] 
298.684: Total time for which application threads were stopped: 0.0739400 seconds, Stopping threads took: 0.0686720 seconds
298.686: Application time: 0.0012670 seconds
298.726: [GC298.726: [ParNew: 7205K->895K(8128K), 0.0019760 secs] 8953K->8169K(26052K), 0.0020070 secs] [Times: user=0.01 sys=0.00, real=0.00 secs] 
298.728: Total time for which application threads were stopped: 0.0424860 seconds, Stopping threads took: 0.0403990 seconds
298.808: Application time: 0.0796570 seconds
298.868: [GC298.868: [ParNew: 8040K->891K(8128K), 0.0007930 secs] 15314K->9010K(26052K), 0.0008260 secs] [Times: user=0.01 sys=0.00, real=0.00 secs] 
298.869: Total time for which application threads were stopped: 0.0609790 seconds, Stopping threads took: 0.0600960 seconds
298.951: Application time: 0.0818250 seconds
298.954: [GC298.954: [ParNew: 8037K->209K(8128K), 0.0006370 secs] 16156K->8344K(26052K), 0.0006670 secs] [Times: user=0.00 sys=0.00, real=0.00 secs] 
298.955: Total time for which application threads were stopped: 0.0041290 seconds, Stopping threads took: 0.0033890 seconds
298.956: Application time: 0.0007160 seconds
298.996: [GC298.996: [ParNew: 7355K->797K(8128K), 0.0019440 secs] 15490K->14401K(26052K), 0.0019790 secs] [Times: user=0.01 sys=0.00, real=0.00 secs] 
298.998: Total time for which application threads were stopped: 0.0420430 seconds, Stopping threads took: 0.0399930 seconds
299.080: Application time: 0.0825920 seconds
299.149: [GC299.149: [ParNew: 8002K->8002K(8128K), 0.0000100 secs]299.149: [Tenured: 13604K->2254K(17924K), 0.0053370 secs] 21606K->2254K(26052K), [Perm : 5144K->5144K(21248K)], 0.0053920 secs] [Times: user=0.01 sys=0.00, real=0.00 secs] 
299.154: Total time for which application threads were stopped: 0.0741500 seconds, Stopping threads took: 0.0686720 seconds
299.158: Application time: 0.0036120 seconds
299.233: [GC299.233: [ParNew: 7146K->12K(8128K), 0.0003030 secs] 9400K->2266K(26052K), 0.0003330 secs] [Times: user=0.00 sys=0.00, real=0.00 secs] 
299.233: Total time for which application threads were stopped: 0.0753510 seconds, Stopping threads took: 0.0749540 seconds
299.234: Application time: 0.0007390 seconds
299.234: [GC299.234: [ParNew: 7236K->895K(8128K), 0.0024180 secs] 9490K->9427K(26052K), 0.0024540 secs] [Times: user=0.02 sys=0.00, real=0.00 secs] 
299.237: Total time for which application threads were stopped: 0.0027010 seconds, Stopping threads took: 0.0001680 seconds
299.319: Application time: 0.0827410 seconds
299.387: [GC299.387: [ParNew: 7943K->209K(8128K), 0.0005390 secs] 16476K->8782K(26052K), 0.0005720 secs] [Times: user=0.00 sys=0.00, real=0.00 secs] 
299.388: Total time for which application threads were stopped: 0.0681950 seconds, Stopping threads took: 0.0675440 seconds
299.389: Application time: 0.0009000 seconds
299.429: [GC299.429: [ParNew: 7355K->893K(8128K), 0.0018130 secs] 15928K->14837K(26052K), 0.0018500 secs] [Times: user=0.01 sys=0.00, real=0.00 secs] 
299.431: Total time for which application threads were stopped: 0.0419570 seconds, Stopping threads took: 0.0400260 seconds
299.512: Application time: 0.0812500 seconds
299.581: [GC299.581: [ParNew: 7941K->7941K(8128K), 0.0000100 secs]299.581: [Tenured: 13944K->2283K(17924K), 0.0052210 secs] 21885K->2283K(26052K), [Perm : 5144K->5144K(21248K)], 0.0052760 secs] [Times: user=0.00 sys=0.00, real=0.01 secs] 
299.586: Total time for which application threads were stopped: 0.0740580 seconds, Stopping threads took: 0.0686900 seconds
299.587: Application time: 0.0011170 seconds
299.627: [GC299.627: [ParNew: 7205K->895K(8128K), 0.0020950 secs] 9488K->8508K(26052K), 0.0021320 secs] [Times: user=0.02 sys=0.00, real=0.00 secs] 
299.629: Total time for which application threads were stopped: 0.0424400 seconds, Stopping threads took: 0.0402270 seconds
299.710: Application time: 0.0804080 seconds
299.777: [GC299.777: [ParNew: 8040K->598K(8128K), 0.0005370 secs] 15654K->8267K(26052K), 0.0005680 secs] [Times: user=0.01 sys=0.00, real=0.00 secs] 
299.777: Total time for which application threads were stopped: 0.0675460 seconds, Stopping threads took: 0.0669140 seconds
299.778: Application time: 0.0009000 seconds
299.819: [GC299.819: [ParNew: 7744K->893K(8128K), 0.0021140 secs] 15413K->14340K(26052K), 0.0021490 secs] [Times: user=0.02 sys=0.00, real=0.00 secs] 
299.821: Total time for which application threads were stopped: 0.0427910 seconds, Stopping threads took: 0.0405780 seconds
299.915: Application time: 0.0940380 seconds
299.989: [GC299.989: [ParNew: 7941K->7941K(8128K), 0.0000110 secs]299.989: [Tenured: 13447K->2730K(17924K), 0.0060140 secs] 21388K->2730K(26052K), [Perm : 5144K->5144K(21248K)], 0.0060680 secs] [Times: user=0.00 sys=0.00, real=0.00 secs] 
299.995: Total time for which application threads were stopped: 0.0798620 seconds, Stopping threads took: 0.0737140 seconds
299.996: Application time: 0.0013420 seconds
300.044: [GC300.044: [ParNew: 7146K->895K(8128K), 0.0018370 secs] 9877K->8509K(26052K), 0.0018730 secs] [Times: user=0.01 sys=0.00, real=0.01 secs] 
300.046: Total time for which application threads were stopped: 0.0495130 seconds, Stopping threads took: 0.0475620 seconds
300.127: Application time: 0.0811300 seconds
300.195: [GC300.195: [ParNew: 8119K->44K(8128K), 0.0005320 secs] 15733K->7682K(26052K), 0.0005610 secs] [Times: user=0.00 sys=0.00, real=0.00 secs] 
300.196: Total time for which application threads were stopped: 0.0686030 seconds, Stopping threads took: 0.0679500 seconds
300.197: Application time: 0.0010150 seconds
300.197: [GC300.197: [ParNew: 7190K->895K(8128K), 0.0021410 secs] 14828K->14811K(26052K), 0.0021780 secs] [Times: user=0.01 sys=0.00, real=0.01 secs] 
300.199: Total time for which application threads were stopped: 0.0024730 seconds, Stopping threads took: 0.0002190 seconds
300.287: Application time: 0.0883540 seconds
300.362: [GC300.362: [ParNew: 7943K->7943K(8128K), 0.0000110 secs]300.362: [Tenured: 13916K->1554K(17924K), 0.0055900 secs] 21859K->1554K(26052K), [Perm : 5144K->5144K(21248K)], 0.0056430 secs] [Times: user=0.01 sys=0.00, real=0.01 secs] 
300.368: Total time for which application threads were stopped: 0.0801470 seconds, Stopping threads took: 0.0744240 seconds
300.369: Application time: 0.0013100 seconds
300.409: [GC300.409: [ParNew: 7224K->825K(8128K), 0.0018670 secs] 8778K->7848K(26052K), 0.0019050 secs] [Times: user=0.01 sys=0.00, real=0.00 secs] 
300.411: Total time for which application threads were stopped: 0.0423810 seconds, Stopping threads took: 0.0404060 seconds
300.491: Application time: 0.0796840 seconds
300.544: [GC300.544: [ParNew: 7873K->791K(8128K), 0.0009830 secs] 14896K->9644K(26052K), 0.0010170 secs] [Times: user=0.01 sys=0.00, real=0.00 secs] 
300.545: Total time for which application threads were stopped: 0.0544670 seconds, Stopping threads took: 0.0533730 seconds
300.624: Application time: 0.0784840 seconds
300.625: [GC300.626: [ParNew: 7839K->795K(8128K), 0.0004640 secs] 16692K->9851K(26052K), 0.0004970 secs] [Times: user=0.00 sys=0.00, real=0.01 secs] 
300.626: Total time for which application threads were stopped: 0.0021200 seconds, Stopping threads took: 0.0015430 seconds
300.630: Application time: 0.0039840 seconds
300.704: [GC300.704: [ParNew: 7746K->400K(8128K), 0.0005900 secs] 16802K->9473K(26052K), 0.0006190 secs] [Times: user=0.00 sys=0.00, real=0.00 secs] 
300.705: Total time for which application threads were stopped: 0.0750780 seconds, Stopping threads took: 0.0743750 seconds
300.706: Application time: 0.0008700 seconds
300.747: [GC300.747: [ParNew: 7625K->895K(8128K), 0.0020030 secs] 16697K->15562K(26052K), 0.0020420 secs] [Times: user=0.02 sys=0.00, real=0.00 secs] 
300.749: Total time for which application threads were stopped: 0.0427510 seconds, Stopping threads took: 0.0406310 seconds
300.839: Application time: 0.0898380 seconds
300.910: [GC300.910: [ParNew: 7747K->7747K(8128K), 0.0000090 secs]300.910: [Tenured: 14667K->2002K(17924K), 0.0044610 secs] 22415K->2002K(26052K), [Perm : 5144K->5144K(21248K)], 0.0045170 secs] [Times: user=0.00 sys=0.00, real=0.00 secs] 
300.915: Total time for which application threads were stopped: 0.0761860 seconds, Stopping threads took: 0.0715960 seconds
300.916: Application time: 0.0013060 seconds
300.957: [GC300.957: [ParNew: 7224K->895K(8128K), 0.0020170 secs] 9227K->8492K(26052K), 0.0020510 secs] [Times: user=0.01 sys=0.00, real=0.01 secs] 
300.959: Total time for which application threads were stopped: 0.0427970 seconds, Stopping threads took: 0.0406710 seconds
301.040: Application time: 0.0812370 seconds
301.108: [GC301.108: [ParNew: 7748K->400K(8128K), 0.0006650 secs] 15345K->8038K(26052K), 0.0006960 secs] [Times: user=0.00 sys=0.00, real=0.00 secs] 
301.109: Total time for which application threads were stopped: 0.0685640 seconds, Stopping threads took: 0.0677930 seconds
301.110: Application time: 0.0009700 seconds
301.163: [GC301.163: [ParNew: 7625K->895K(8128K), 0.0018820 secs] 15262K->13053K(26052K), 0.0019230 secs] [Times: user=0.02 sys=0.00, real=0.00 secs] 
301.165: Total time for which application threads were stopped: 0.0549240 seconds, Stopping threads took: 0.0529180 seconds
301.257: Application time: 0.0923740 seconds
301.305: [GC301.305: [ParNew: 8002K->8002K(8128K), 0.0000110 secs]301.305: [Tenured: 12158K->3679K(17924K), 0.0054820 secs] 20160K->3679K(26052K), [Perm : 5144K->5144K(21248K)], 0.0055400 secs] [Times: user=0.01 sys=0.00, real=0.01 secs] 
301.310: Total time for which application threads were stopped: 0.0533280 seconds, Stopping threads took: 0.0476910 seconds
301.395: Application time: 0.0850120 seconds
301.400: [GC301.400: [ParNew: 7048K->14K(8128K), 0.0002540 secs] 10728K->3693K(26052K), 0.0002830 secs] [Times: user=0.00 sys=0.00, real=0.00 secs] 
301.401: Total time for which application threads were stopped: 0.0053570 seconds, Stopping threads took: 0.0049980 seconds
301.401: Application time: 0.0007210 seconds
301.402: [GC301.402: [ParNew: 7160K->895K(8128K), 0.0020310 secs] 10840K->10825K(26052K), 0.0020610 secs] [Times: user=0.01 sys=0.00, real=0.00 secs] 
301.404: Total time for which application threads were stopped: 0.0023910 seconds, Stopping threads took: 0.0002530 seconds
301.485: Application time: 0.0815100 seconds
301.556: [GC301.556: [ParNew: 7943K->209K(8128K), 0.0004220 secs] 17873K->10147K(26052K), 0.0004540 secs] [Times: user=0.00 sys=0.00, real=0.00 secs] 
301.556: Total time for which application threads were stopped: 0.0707750 seconds, Stopping threads took: 0.0702690 seconds
301.557: Application time: 0.0009140 seconds
301.598: [GC301.598: [ParNew: 7433K->825K(8128K), 0.0021490 secs] 17371K->16232K(26052K), 0.0021850 secs] [Times: user=0.01 sys=0.00, real=0.01 secs] 
301.600: Total time for which application threads were stopped: 0.0427830 seconds, Stopping threads took: 0.0405400 seconds
301.687: Application time: 0.0872560 seconds
301.758: [GC301.758: [ParNew: 7873K->7873K(8128K), 0.0000100 secs]301.758: [Tenured: 15407K->2537K(17924K), 0.0052430 secs] 23281K->2537K(26052K), [Perm : 5144K->5144K(21248K)], 0.0052980 secs] [Times: user=0.00 sys=0.00, real=0.00 secs] 
301.763: Total time for which application threads were stopped: 0.0763850 seconds, Stopping threads took: 0.0710040 seconds
301.764: Application time: 0.0010610 seconds
301.811: [GC301.811: [ParNew: 7126K->895K(8128K), 0.0018330 secs] 9663K->7855K(26052K), 0.0018690 secs] [Times: user=0.01 sys=0.00, real=0.00 secs] 
301.813: Total time for which application threads were stopped: 0.0480880 seconds, Stopping threads took: 0.0461290 seconds
301.892: Application time: 0.0791240 seconds
301.934: [GC301.934: [ParNew: 7845K->887K(8128K), 0.0009160 secs] 14805K->8481K(26052K), 0.0009490 secs] [Times: user=0.00 sys=0.00, real=0.00 secs] 
301.935: Total time for which application threads were stopped: 0.0429700 seconds, Stopping threads took: 0.0419440 seconds
302.013: Application time: 0.0779490 seconds
302.015: [GC302.015: [ParNew: 8033K->14K(8128K), 0.0004750 secs] 15627K->7616K(26052K), 0.0005050 secs] [Times: user=0.00 sys=0.00, real=0.00 secs] 
302.015: Total time for which application threads were stopped: 0.0026460 seconds, Stopping threads took: 0.0020640 seconds
302.016: Application time: 0.0007650 seconds
302.016: [GC302.016: [ParNew: 7160K->895K(8128K), 0.0021360 secs] 14762K->14747K(26052K), 0.0021690 secs] [Times: user=0.02 sys=0.00, real=0.01 secs] 
302.018: Total time for which application threads were stopped: 0.0024000 seconds, Stopping threads took: 0.0001770 seconds
302.099: Application time: 0.0802490 seconds
302.168: [GC302.168: [ParNew: 7923K->7923K(8128K), 0.0000100 secs]302.168: [Tenured: 13852K->2531K(17924K), 0.0052520 secs] 21776K->2531K(26052K), [Perm : 5144K->5144K(21248K)], 0.0053080 secs] [Times: user=0.00 sys=0.00, real=0.00 secs] 
302.174: Total time for which application threads were stopped: 0.0749880 seconds, Stopping threads took: 0.0696180 seconds
302.175: Application time: 0.0012860 seconds
302.235: [GC302.235: [ParNew: 7146K->797K(8128K), 0.0019370 secs] 9677K->7625K(26052K), 0.0019730 secs] [Times: user=0.01 sys=0.00, real=0.00 secs] 
302.237: Total time for which application threads were stopped: 0.0622880 seconds, Stopping threads took: 0.0602570 seconds
302.316: Application time: 0.0787110 seconds
302.361: [GC302.361: [ParNew: 7943K->400K(8128K), 0.0004790 secs] 14771K->7245K(26052K), 0.0005070 secs] [Times: user=0.01 sys=0.00, real=0.00 secs] 
302.361: Total time for which application threads were stopped: 0.0452140 seconds, Stopping threads took: 0.0446350 seconds
302.362: Application time: 0.0010420 seconds
302.403: [GC302.403: [ParNew: 7625K->895K(8128K), 0.0022250 secs] 14469K->13334K(26052K), 0.0022690 secs] [Times: user=0.02 sys=0.00, real=0.00 secs] 
302.405: Total time for which application threads were stopped: 0.0426490 seconds, Stopping threads took: 0.0403010 seconds
302.488: Application time: 0.0833910 seconds
302.555: [GC302.555: [ParNew: 7943K->7943K(8128K), 0.0000100 secs]302.555: [Tenured: 12439K->1974K(17924K), 0.0052100 secs] 20382K->1974K(26052K), [Perm : 5144K->5144K(21248K)], 0.0052680 secs] [Times: user=0.00 sys=0.00, real=0.01 secs] 
302.560: Total time for which application threads were stopped: 0.0719010 seconds, Stopping threads took: 0.0665730 seconds
302.561: Application time: 0.0010760 seconds
302.635: [GC302.635: [ParNew: 7224K->895K(8128K), 0.0017910 secs] 9198K->6511K(26052K), 0.0018270 secs] [Times: user=0.01 sys=0.00, real=0.00 secs] 
302.637: Total time for which application threads were stopped: 0.0756450 seconds, Stopping threads took: 0.0737390 seconds
302.715: Application time: 0.0785150 seconds
302.759: [GC302.759: [ParNew: 7943K->789K(8128K), 0.0006110 secs] 13559K->6461K(26052K), 0.0006410 secs] [Times: user=0.00 sys=0.00, real=0.00 secs] 
302.760: Total time for which application threads were stopped: 0.0443170 seconds, Stopping threads took: 0.0436010 seconds
302.761: Application time: 0.0009600 seconds
302.801: [GC302.801: [ParNew: 7935K->893K(8128K), 0.0022940 secs] 13607K->12530K(26052K), 0.0023290 secs] [Times: user=0.02 sys=0.00, real=0.00 secs] 
302.803: Total time for which application threads were stopped: 0.0426800 seconds, Stopping threads took: 0.0402740 seconds
302.885: Application time: 0.0811960 seconds
302.954: [GC302.954: [ParNew: 8019K->8019K(8128K), 0.0000100 secs]302.954: [Tenured: 11637K->3008K(17924K), 0.0051940 secs] 19657K->3008K(26052K), [Perm : 5144K->5144K(21248K)], 0.0052520 secs] [Times: user=0.01 sys=0.00, real=0.01 secs] 
302.959: Total time for which application threads were stopped: 0.0746350 seconds, Stopping threads took: 0.0693140 seconds
302.960: Application time: 0.0011920 seconds
303.002: [GC303.002: [ParNew: 7224K->895K(8128K), 0.0017680 secs] 10233K->7936K(26052K), 0.0018060 secs] [Times: user=0.01 sys=0.00, real=0.00 secs] 
303.004: Total time for which application threads were stopped: 0.0432320 seconds, Stopping threads took: 0.0413460 seconds
303.084: Application time: 0.0805470 seconds
303.135: [GC303.135: [ParNew: 8041K->891K(8128K), 0.0005730 secs] 15082K->8370K(26052K), 0.0006050 secs] [Times: user=0.00 sys=0.00, real=0.00 secs] 
303.136: Total time for which application threads were stopped: 0.0516650 seconds, Stopping threads took: 0.0509820 seconds
303.137: Application time: 0.0010260 seconds
303.212: [GC303.212: [ParNew: 8037K->793K(8128K), 0.0014550 secs] 15516K->11609K(26052K), 0.0014960 secs] [Times: user=0.01 sys=0.00, real=0.00 secs] 
303.214: Total time for which application threads were stopped: 0.0769080 seconds, Stopping threads took: 0.0753290 seconds
303.292: Application time: 0.0784140 seconds
303.334: [GC303.334: [ParNew: 7998K->462K(8128K), 0.0003560 secs] 18814K->11295K(26052K), 0.0003870 secs] [Times: user=0.00 sys=0.00, real=0.00 secs] 
303.335: Total time for which application threads were stopped: 0.0426460 seconds, Stopping threads took: 0.0421810 seconds
303.336: Application time: 0.0010290 seconds
303.377: [GC303.377: [ParNew: 7606K->795K(8128K), 0.0021270 secs] 18439K->17388K(26052K), 0.0021620 secs] [Times: user=0.02 sys=0.00, real=0.01 secs] 
303.379: Total time for which application threads were stopped: 0.0432660 seconds, Stopping threads took: 0.0410290 seconds
303.471: Application time: 0.0914550 seconds
303.525: [GC303.525: [ParNew: 7941K->7941K(8128K), 0.0000100 secs]303.525: [Tenured: 16592K->4950K(17924K), 0.0057660 secs] 24534K->4950K(26052K), [Perm : 5144K->5144K(21248K)], 0.0058240 secs] [Times: user=0.00 sys=0.00, real=0.01 secs] 
303.531: Total time for which application threads were stopped: 0.0605860 seconds, Stopping threads took: 0.0546680 seconds
303.609: Application time: 0.0782880 seconds
303.613: [GC303.613: [ParNew: 7146K->795K(8128K), 0.0006840 secs] 12096K->6331K(26052K), 0.0007250 secs] [Times: user=0.01 sys=0.00, real=0.00 secs] 
303.614: Total time for which application threads were stopped: 0.0045810 seconds, Stopping threads took: 0.0037780 seconds
303.615: Application time: 0.0011490 seconds
303.678: [GC303.678: [ParNew: 7941K->891K(8128K), 0.0018640 secs] 13477K->10846K(26052K), 0.0019010 secs] [Times: user=0.02 sys=0.00, real=0.00 secs] 
303.680: Total time for which application threads were stopped: 0.0644890 seconds, Stopping threads took: 0.0625070 seconds
303.758: Application time: 0.0785680 seconds
303.801: [GC303.801: [ParNew: 7939K->793K(8128K), 0.0008680 secs] 17894K->11545K(26052K), 0.0009000 secs] [Times: user=0.01 sys=0.00, real=0.00 secs] 
303.802: Total time for which application threads were stopped: 0.0434200 seconds, Stopping threads took: 0.0424430 seconds
303.888: Application time: 0.0859740 seconds
303.896: [GC303.896: [ParNew: 7920K->44K(8128K), 0.0002650 secs] 18672K->10812K(26052K), 0.0002950 secs] [Times: user=0.00 sys=0.00, real=0.00 secs] 
303.896: Total time for which application threads were stopped: 0.0088490 seconds, Stopping threads took: 0.0084790 seconds
303.897: Application time: 0.0008050 seconds
303.897: [GC303.897: [ParNew: 7268K->895K(8128K), 0.0023310 secs] 18037K->17969K(26052K), 0.0023670 secs] [Times: user=0.01 sys=0.01, real=0.01 secs] 
303.900: Total time for which application threads were stopped: 0.0025960 seconds, Stopping threads took: 0.0001510 seconds
303.989: Application time: 0.0895860 seconds
304.062: [GC304.062: [ParNew: 8040K->8040K(8128K), 0.0000100 secs]304.062: [Tenured: 17074K->2727K(17924K), 0.0054320 secs] 25115K->2727K(26052K), [Perm : 5144K->5144K(21248K)], 0.0054890 secs] [Times: user=0.01 sys=0.00, real=0.01 secs] 
304.068: Total time for which application threads were stopped: 0.0783940 seconds, Stopping threads took: 0.0728370 seconds
304.069: Application time: 0.0011830 seconds
304.109: [GC304.109: [ParNew: 7146K->895K(8128K), 0.0022330 secs] 9873K->9091K(26052K), 0.0022730 secs] [Times: user=0.02 sys=0.00, real=0.00 secs] 
304.112: Total time for which application threads were stopped: 0.0425900 seconds, Stopping threads took: 0.0402360 seconds
304.192: Application time: 0.0808100 seconds
304.234: [GC304.234: [ParNew: 7924K->895K(8128K), 0.0007120 secs] 16120K->9725K(26052K), 0.0007460 secs] [Times: user=0.01 sys=0.00, real=0.00 secs] 
304.235: Total time for which application threads were stopped: 0.0423620 seconds, Stopping threads took: 0.0415380 seconds
304.313: Application time: 0.0781180 seconds
304.319: [GC304.319: [ParNew: 8119K->42K(8128K), 0.0003640 secs] 16949K->8920K(26052K), 0.0003920 secs] [Times: user=0.00 sys=0.00, real=0.00 secs] 
304.319: Total time for which application threads were stopped: 0.0063360 seconds, Stopping threads took: 0.0058830 seconds
304.320: Application time: 0.0007380 seconds
304.320: [GC304.320: [ParNew: 7188K->895K(8128K), 0.0019780 secs] 16066K->16051K(26052K), 0.0020070 secs] [Times: user=0.02 sys=0.00, real=0.00 secs] 
304.323: Total time for which application threads were stopped: 0.0025010 seconds, Stopping threads took: 0.0004200 seconds
304.416: Application time: 0.0937810 seconds
304.488: [GC304.488: [ParNew: 7943K->7943K(8128K), 0.0000120 secs]304.488: [Tenured: 15156K->1612K(17924K), 0.0050320 secs] 23099K->1612K(26052K), [Perm : 5144K->5144K(21248K)], 0.0050860 secs] [Times: user=0.01 sys=0.00, real=0.00 secs] 
304.493: Total time for which application threads were stopped: 0.0769580 seconds, Stopping threads took: 0.0717920 seconds
304.494: Application time: 0.0011890 seconds
304.495: [GC304.495: [ParNew: 7146K->895K(8128K), 0.0023330 secs] 8758K->8757K(26052K), 0.0023640 secs] [Times: user=0.01 sys=0.00, real=0.00 secs] 
304.497: Total time for which application threads were stopped: 0.0025950 seconds, Stopping threads took: 0.0001530 seconds
304.595: Application time: 0.0984260 seconds
304.664: [GC304.665: [ParNew: 8021K->430K(8128K), 0.0004100 secs] 15884K->8301K(26052K), 0.0004510 secs] [Times: user=0.00 sys=0.00, real=0.00 secs] 
304.665: Total time for which application threads were stopped: 0.0695000 seconds, Stopping threads took: 0.0689670 seconds
304.666: Application time: 0.0009110 seconds
304.707: [GC304.707: [ParNew: 7576K->895K(8128K), 0.0017720 secs] 15447K->14360K(26052K), 0.0018070 secs] [Times: user=0.01 sys=0.00, real=0.00 secs] 
304.708: Total time for which application threads were stopped: 0.0424570 seconds, Stopping threads took: 0.0405950 seconds
304.790: Application time: 0.0811770 seconds
304.857: [GC304.857: [ParNew: 7747K->7747K(8128K), 0.0000100 secs]304.857: [Tenured: 13465K->2032K(17924K), 0.0052300 secs] 21213K->2032K(26052K), [Perm : 5144K->5144K(21248K)], 0.0052830 secs] [Times: user=0.01 sys=0.00, real=0.01 secs] 
304.862: Total time for which application threads were stopped: 0.0725960 seconds, Stopping threads took: 0.0672320 seconds
304.863: Application time: 0.0011060 seconds
304.908: [GC304.908: [ParNew: 7126K->895K(8128K), 0.0018190 secs] 9159K->7350K(26052K), 0.0018560 secs] [Times: user=0.01 sys=0.00, real=0.00 secs] 
304.910: Total time for which application threads were stopped: 0.0464340 seconds, Stopping threads took: 0.0444960 seconds
304.988: Application time: 0.0784310 seconds
305.031: [GC305.031: [ParNew: 7943K->795K(8128K), 0.0005910 secs] 14398K->8079K(26052K), 0.0006220 secs] [Times: user=0.00 sys=0.00, real=0.00 secs] 
305.031: Total time for which application threads were stopped: 0.0430960 seconds, Stopping threads took: 0.0423950 seconds
305.118: Application time: 0.0866060 seconds
305.126: [GC305.126: [ParNew: 7922K->42K(8128K), 0.0004410 secs] 15206K->7334K(26052K), 0.0004710 secs] [Times: user=0.00 sys=0.00, real=0.00 secs] 
305.126: Total time for which application threads were stopped: 0.0086510 seconds, Stopping threads took: 0.0081050 seconds
305.127: Application time: 0.0007350 seconds
305.127: [GC305.127: [ParNew: 7188K->895K(8128K), 0.0021840 secs] 14480K->14465K(26052K), 0.0022260 secs] [Times: user=0.01 sys=0.01, real=0.00 secs] 
305.130: Total time for which application threads were stopped: 0.0025140 seconds, Stopping threads took: 0.0002310 seconds
305.222: Application time: 0.0922520 seconds
305.292: [GC305.292: [ParNew: 8118K->8118K(8128K), 0.0000110 secs]305.292: [Tenured: 13570K->3485K(17924K), 0.0060140 secs] 21689K->3485K(26052K), [Perm : 5144K->5144K(21248K)], 0.0060700 secs] [Times: user=0.01 sys=0.00, real=0.01 secs] 
305.298: Total time for which application threads were stopped: 0.0762750 seconds, Stopping threads took: 0.0701150 seconds
305.300: Application time: 0.0013750 seconds
305.371: [GC305.371: [ParNew: 7146K->797K(8128K), 0.0016550 secs] 10631K->8775K(26052K), 0.0016890 secs] [Times: user=0.01 sys=0.00, real=0.00 secs] 
305.373: Total time for which application threads were stopped: 0.0731320 seconds, Stopping threads took: 0.0713750 seconds
305.452: Application time: 0.0790120 seconds
305.494: [GC305.494: [ParNew: 7748K->402K(8128K), 0.0006040 secs] 15726K->8396K(26052K), 0.0006360 secs] [Times: user=0.01 sys=0.00, real=0.00 secs] 
305.495: Total time for which application threads were stopped: 0.0431110 seconds, Stopping threads took: 0.0423990 seconds
305.496: Application time: 0.0008580 seconds
305.547: [GC305.547: [ParNew: 7627K->825K(8128K), 0.0020090 secs] 15621K->14484K(26052K), 0.0020450 secs] [Times: user=0.01 sys=0.00, real=0.00 secs] 
305.549: Total time for which application threads were stopped: 0.0536430 seconds, Stopping threads took: 0.0515180 seconds
305.630: Application time: 0.0808240 seconds
305.699: [GC305.699: [ParNew: 7678K->7678K(8128K), 0.0000110 secs]305.699: [Tenured: 13658K->1751K(17924K), 0.0052680 secs] 21336K->1751K(26052K), [Perm : 5144K->5144K(21248K)], 0.0053250 secs] [Times: user=0.01 sys=0.00, real=0.00 secs] 
305.704: Total time for which application threads were stopped: 0.0741460 seconds, Stopping threads took: 0.0687380 seconds
305.705: Application time: 0.0011320 seconds
305.749: [GC305.749: [ParNew: 7224K->895K(8128K), 0.0018360 secs] 8975K->7166K(26052K), 0.0018820 secs] [Times: user=0.01 sys=0.00, real=0.00 secs] 
305.751: Total time for which application threads were stopped: 0.0451170 seconds, Stopping threads took: 0.0431770 seconds
305.830: Application time: 0.0790130 seconds
305.873: [GC305.873: [ParNew: 7748K->400K(8128K), 0.0004100 secs] 14019K->6720K(26052K), 0.0004420 secs] [Times: user=0.00 sys=0.00, real=0.00 secs] 
305.873: Total time for which application threads were stopped: 0.0437920 seconds, Stopping threads took: 0.0432650 seconds
305.874: Application time: 0.0009690 seconds
305.915: [GC305.915: [ParNew: 7625K->895K(8128K), 0.0016560 secs] 13944K->11735K(26052K), 0.0016900 secs] [Times: user=0.02 sys=0.00, real=0.00 secs] 
305.917: Total time for which application threads were stopped: 0.0423470 seconds, Stopping threads took: 0.0405780 seconds
305.995: Application time: 0.0782940 seconds
306.037: [GC306.037: [ParNew: 7826K->895K(8128K), 0.0007340 secs] 18666K->12385K(26052K), 0.0007680 secs] [Times: user=0.00 sys=0.00, real=0.00 secs] 
306.038: Total time for which application threads were stopped: 0.0426240 seconds, Stopping threads took: 0.0417960 seconds
306.124: Application time: 0.0860460 seconds
306.129: [GC306.129: [ParNew: 8041K->8041K(8128K), 0.0000100 secs]306.129: [Tenured: 11490K->1837K(17924K), 0.0058340 secs] 19531K->1837K(26052K), [Perm : 5144K->5144K(21248K)], 0.0058860 secs] [Times: user=0.01 sys=0.00, real=0.00 secs] 
306.135: Total time for which application threads were stopped: 0.0115880 seconds, Stopping threads took: 0.0056420 seconds
306.137: Application time: 0.0012030 seconds
306.177: [GC306.177: [ParNew: 7146K->893K(8128K), 0.0018980 secs] 8983K->7906K(26052K), 0.0019390 secs] [Times: user=0.02 sys=0.00, real=0.01 secs] 
306.179: Total time for which application threads were stopped: 0.0427140 seconds, Stopping threads took: 0.0406900 seconds
306.260: Application time: 0.0808150 seconds
306.328: [GC306.328: [ParNew: 8019K->237K(8128K), 0.0003860 secs] 15032K->7274K(26052K), 0.0004180 secs] [Times: user=0.00 sys=0.00, real=0.00 secs] 
306.328: Total time for which application threads were stopped: 0.0682620 seconds, Stopping threads took: 0.0677670 seconds
306.329: Application time: 0.0008600 seconds
306.329: [GC306.329: [ParNew: 7383K->895K(8128K), 0.0020450 secs] 14421K->14406K(26052K), 0.0020780 secs] [Times: user=0.02 sys=0.00, real=0.00 secs] 
306.331: Total time for which application threads were stopped: 0.0022040 seconds, Stopping threads took: 0.0000730 seconds
306.415: Application time: 0.0831960 seconds
306.473: [GC306.473: [ParNew: 8040K->8040K(8128K), 0.0000100 secs]306.473: [Tenured: 13511K->3429K(17924K), 0.0053810 secs] 21552K->3429K(26052K), [Perm : 5144K->5144K(21248K)], 0.0054370 secs] [Times: user=0.01 sys=0.00, real=0.01 secs] 
306.479: Total time for which application threads were stopped: 0.0641470 seconds, Stopping threads took: 0.0586400 seconds
306.569: Application time: 0.0899300 seconds
306.575: [GC306.575: [ParNew: 7048K->12K(8128K), 0.0003330 secs] 10477K->3441K(26052K), 0.0015210 secs] [Times: user=0.00 sys=0.00, real=0.00 secs] 
306.576: Total time for which application threads were stopped: 0.0076290 seconds, Stopping threads took: 0.0060520 seconds
306.577: Application time: 0.0008350 seconds
306.577: [GC306.577: [ParNew: 7236K->895K(8128K), 0.0021430 secs] 10665K->10602K(26052K), 0.0021770 secs] [Times: user=0.01 sys=0.00, real=0.01 secs] 
306.580: Total time for which application threads were stopped: 0.0024620 seconds, Stopping threads took: 0.0002290 seconds
306.662: Application time: 0.0823180 seconds
306.732: [GC306.732: [ParNew: 7943K->209K(8128K), 0.0003930 secs] 17651K->9957K(26052K), 0.0004240 secs] [Times: user=0.00 sys=0.00, real=0.00 secs] 
306.733: Total time for which application threads were stopped: 0.0706360 seconds, Stopping threads took: 0.0701360 seconds
306.733: Application time: 0.0007510 seconds
306.733: [GC306.734: [ParNew: 7355K->895K(8128K), 0.0022810 secs] 17103K->17088K(26052K), 0.0023240 secs] [Times: user=0.01 sys=0.00, real=0.00 secs] 
306.736: Total time for which application threads were stopped: 0.0025520 seconds, Stopping threads took: 0.0001720 seconds
306.831: Application time: 0.0954860 seconds
306.905: [GC306.905: [ParNew: 7943K->7943K(8128K), 0.0000100 secs]306.905: [Tenured: 16193K->2285K(17924K), 0.0045920 secs] 24136K->2285K(26052K), [Perm : 5144K->5144K(21248K)], 0.0046480 secs] [Times: user=0.01 sys=0.00, real=0.01 secs] 
306.909: Total time for which application threads were stopped: 0.0778340 seconds, Stopping threads took: 0.0731260 seconds
306.910: Application time: 0.0012860 seconds
306.951: [GC306.951: [ParNew: 7048K->893K(8128K), 0.0020630 secs] 9334K->8648K(26052K), 0.0020960 secs] [Times: user=0.02 sys=0.00, real=0.00 secs] 
306.953: Total time for which application threads were stopped: 0.0427120 seconds, Stopping threads took: 0.0405360 seconds
307.034: Application time: 0.0810080 seconds
307.093: [GC307.093: [ParNew: 7921K->434K(8128K), 0.0003260 secs] 15676K->8221K(26052K), 0.0003560 secs] [Times: user=0.01 sys=0.00, real=0.00 secs] 
307.093: Total time for which application threads were stopped: 0.0592280 seconds, Stopping threads took: 0.0587950 seconds
307.094: Application time: 0.0010560 seconds
307.135: [GC307.135: [ParNew: 7580K->895K(8128K), 0.0021360 secs] 15367K->14276K(26052K), 0.0021700 secs] [Times: user=0.01 sys=0.00, real=0.00 secs] 
307.137: Total time for which application threads were stopped: 0.0428190 seconds, Stopping threads took: 0.0405860 seconds
307.221: Application time: 0.0834020 seconds
307.288: [GC307.288: [ParNew: 8001K->8001K(8128K), 0.0000090 secs]307.288: [Tenured: 13381K->2923K(17924K), 0.0047310 secs] 21383K->2923K(26052K), [Perm : 5144K->5144K(21248K)], 0.0047880 secs] [Times: user=0.01 sys=0.00, real=0.00 secs] 
307.293: Total time for which application threads were stopped: 0.0719660 seconds, Stopping threads took: 0.0671050 seconds
307.381: Application time: 0.0881340 seconds
307.388: [GC307.388: [ParNew: 7048K->12K(8128K), 0.0002510 secs] 9971K->2935K(26052K), 0.0002790 secs] [Times: user=0.01 sys=0.00, real=0.00 secs] 
307.388: Total time for which application threads were stopped: 0.0072950 seconds, Stopping threads took: 0.0069500 seconds
307.389: Application time: 0.0007350 seconds
307.389: [GC307.389: [ParNew: 7158K->895K(8128K), 0.0021390 secs] 10081K->10068K(26052K), 0.0021760 secs] [Times: user=0.02 sys=0.00, real=0.00 secs] 
307.391: Total time for which application threads were stopped: 0.0025030 seconds, Stopping threads took: 0.0002490 seconds
307.475: Application time: 0.0835920 seconds
307.544: [GC307.544: [ParNew: 8021K->237K(8128K), 0.0002840 secs] 17195K->9427K(26052K), 0.0003160 secs] [Times: user=0.00 sys=0.00, real=0.00 secs] 
307.544: Total time for which application threads were stopped: 0.0690040 seconds, Stopping threads took: 0.0686350 seconds
307.545: Application time: 0.0009010 seconds
307.545: [GC307.545: [ParNew: 7461K->895K(8128K), 0.0020900 secs] 16651K->16586K(26052K), 0.0021250 secs] [Times: user=0.01 sys=0.00, real=0.01 secs] 
307.547: Total time for which application threads were stopped: 0.0024200 seconds, Stopping threads took: 0.0002170 seconds
307.633: Application time: 0.0857750 seconds
307.703: [GC307.703: [ParNew: 8099K->8099K(8128K), 0.0000100 secs]307.703: [Tenured: 15691K->2940K(17924K), 0.0053100 secs] 23791K->2940K(26052K), [Perm : 5144K->5144K(21248K)], 0.0053680 secs] [Times: user=0.01 sys=0.00, real=0.01 secs] 
307.709: Total time for which application threads were stopped: 0.0755620 seconds, Stopping threads took: 0.0701020 seconds
307.785: Application time: 0.0768460 seconds
307.790: [GC307.790: [ParNew: 7146K->16K(8128K), 0.0004670 secs] 10086K->2956K(26052K), 0.0004990 secs] [Times: user=0.00 sys=0.00, real=0.00 secs] 
307.790: Total time for which application threads were stopped: 0.0049220 seconds, Stopping threads took: 0.0043480 seconds
307.791: Application time: 0.0006870 seconds
307.791: [GC307.791: [ParNew: 7162K->895K(8128K), 0.0020690 secs] 10102K->10085K(26052K), 0.0021100 secs] [Times: user=0.01 sys=0.00, real=0.00 secs] 
307.794: Total time for which application threads were stopped: 0.0024860 seconds, Stopping threads took: 0.0002960 seconds
307.874: Application time: 0.0807000 seconds
307.949: [GC307.949: [ParNew: 7943K->205K(8128K), 0.0004870 secs] 17133K->9412K(26052K), 0.0005200 secs] [Times: user=0.00 sys=0.00, real=0.00 secs] 
307.950: Total time for which application threads were stopped: 0.0752940 seconds, Stopping threads took: 0.0746960 seconds
307.950: Application time: 0.0008470 seconds
307.992: [GC307.992: [ParNew: 7351K->893K(8128K), 0.0020020 secs] 16558K->15471K(26052K), 0.0020380 secs] [Times: user=0.02 sys=0.00, real=0.00 secs] 
307.994: Total time for which application threads were stopped: 0.0437670 seconds, Stopping threads took: 0.0416740 seconds
308.087: Application time: 0.0928540 seconds
308.141: [GC308.141: [ParNew: 7941K->7941K(8128K), 0.0000100 secs]308.141: [Tenured: 14578K->2941K(17924K), 0.0053940 secs] 22519K->2941K(26052K), [Perm : 5144K->5144K(21248K)], 0.0054510 secs] [Times: user=0.01 sys=0.00, real=0.01 secs] 
308.147: Total time for which application threads were stopped: 0.0595520 seconds, Stopping threads took: 0.0540390 seconds
308.224: Application time: 0.0775570 seconds
308.229: [GC308.229: [ParNew: 7146K->16K(8128K), 0.0005540 secs] 10087K->2957K(26052K), 0.0005850 secs] [Times: user=0.00 sys=0.00, real=0.00 secs] 
308.230: Total time for which application threads were stopped: 0.0058800 seconds, Stopping threads took: 0.0052120 seconds
308.231: Application time: 0.0007500 seconds
308.231: [GC308.231: [ParNew: 7162K->895K(8128K), 0.0022900 secs] 10103K->10086K(26052K), 0.0023220 secs] [Times: user=0.02 sys=0.00, real=0.00 secs] 
308.233: Total time for which application threads were stopped: 0.0026860 seconds, Stopping threads took: 0.0002880 seconds
308.315: Application time: 0.0812330 seconds
308.381: [GC308.381: [ParNew: 8040K->789K(8128K), 0.0005930 secs] 17232K->10590K(26052K), 0.0006230 secs] [Times: user=0.01 sys=0.00, real=0.00 secs] 
308.382: Total time for which application threads were stopped: 0.0673910 seconds, Stopping threads took: 0.0667050 seconds
308.384: Application time: 0.0015520 seconds
308.459: [GC308.459: [ParNew: 7994K->853K(8128K), 0.0008280 secs] 17795K->11843K(26052K), 0.0008630 secs] [Times: user=0.00 sys=0.00, real=0.00 secs] 
308.460: Total time for which application threads were stopped: 0.0763910 seconds, Stopping threads took: 0.0754710 seconds
308.538: Application time: 0.0781200 seconds
308.543: [GC308.543: [ParNew: 7902K->400K(8128K), 0.0003680 secs] 18891K->11494K(26052K), 0.0003980 secs] [Times: user=0.00 sys=0.00, real=0.00 secs] 
308.543: Total time for which application threads were stopped: 0.0049070 seconds, Stopping threads took: 0.0044550 seconds
308.544: Application time: 0.0009530 seconds
308.596: [GC308.596: [ParNew: 7546K->893K(8128K), 0.0017010 secs] 18640K->16479K(26052K), 0.0017370 secs] [Times: user=0.01 sys=0.00, real=0.00 secs] 
308.597: Total time for which application threads were stopped: 0.0532870 seconds, Stopping threads took: 0.0514690 seconds
308.687: Application time: 0.0895420 seconds
308.739: [GC308.739: [ParNew: 7746K->7746K(8128K), 0.0000100 secs]308.739: [Tenured: 15586K->1923K(17924K), 0.0051140 secs] 23332K->1923K(26052K), [Perm : 5144K->5144K(21248K)], 0.0051680 secs] [Times: user=0.01 sys=0.00, real=0.00 secs] 
308.744: Total time for which application threads were stopped: 0.0572920 seconds, Stopping threads took: 0.0520450 seconds
308.745: Application time: 0.0012910 seconds
308.786: [GC308.786: [ParNew: 7224K->823K(8128K), 0.0018630 secs] 9148K->8411K(26052K), 0.0019000 secs] [Times: user=0.01 sys=0.00, real=0.00 secs] 
308.788: Total time for which application threads were stopped: 0.0421710 seconds, Stopping threads took: 0.0402050 seconds
308.869: Application time: 0.0810690 seconds
308.938: [GC308.938: [ParNew: 7676K->400K(8128K), 0.0006250 secs] 15264K->8061K(26052K), 0.0006570 secs] [Times: user=0.01 sys=0.00, real=0.00 secs] 
308.939: Total time for which application threads were stopped: 0.0699080 seconds, Stopping threads took: 0.0691670 seconds
308.939: Application time: 0.0008960 seconds
308.940: [GC308.940: [ParNew: 7546K->895K(8128K), 0.0025760 secs] 15207K->15196K(26052K), 0.0026110 secs] [Times: user=0.02 sys=0.00, real=0.00 secs] 
308.942: Total time for which application threads were stopped: 0.0028590 seconds, Stopping threads took: 0.0001920 seconds
309.031: Application time: 0.0887640 seconds
309.104: [GC309.104: [ParNew: 7747K->7747K(8128K), 0.0000100 secs]309.104: [Tenured: 14301K->2826K(17924K), 0.0050920 secs] 22049K->2826K(26052K), [Perm : 5144K->5144K(21248K)], 0.0051500 secs] [Times: user=0.00 sys=0.00, real=0.01 secs] 
309.110: Total time for which application threads were stopped: 0.0784720 seconds, Stopping threads took: 0.0732400 seconds
309.188: Application time: 0.0781490 seconds
309.193: [GC309.193: [ParNew: 7224K->44K(8128K), 0.0002190 secs] 10050K->2870K(26052K), 0.0002490 secs] [Times: user=0.00 sys=0.00, real=0.00 secs] 
309.193: Total time for which application threads were stopped: 0.0050560 seconds, Stopping threads took: 0.0047320 seconds
309.194: Application time: 0.0008310 seconds
309.194: [GC309.194: [ParNew: 7268K->895K(8128K), 0.0020020 secs] 10095K->10028K(26052K), 0.0020330 secs] [Times: user=0.01 sys=0.01, real=0.00 secs] 
309.196: Total time for which application threads were stopped: 0.0021950 seconds, Stopping threads took: 0.0001070 seconds
309.278: Application time: 0.0826080 seconds
309.345: [GC309.345: [ParNew: 8001K->853K(8128K), 0.0006330 secs] 17134K->10433K(26052K), 0.0006640 secs] [Times: user=0.01 sys=0.00, real=0.00 secs] 
309.345: Total time for which application threads were stopped: 0.0668180 seconds, Stopping threads took: 0.0660870 seconds
309.347: Application time: 0.0014600 seconds
309.423: [GC309.423: [ParNew: 8077K->821K(8128K), 0.0006170 secs] 17657K->10501K(26052K), 0.0006480 secs] [Times: user=0.00 sys=0.00, real=0.00 secs] 
309.424: Total time for which application threads were stopped: 0.0771250 seconds, Stopping threads took: 0.0764110 seconds
309.425: Application time: 0.0009570 seconds
309.472: [GC309.472: [ParNew: 7967K->891K(8128K), 0.0017640 secs] 17647K->15509K(26052K), 0.0018010 secs] [Times: user=0.02 sys=0.00, real=0.00 secs] 
309.473: Total time for which application threads were stopped: 0.0486860 seconds, Stopping threads took: 0.0468070 seconds
309.563: Application time: 0.0894430 seconds
309.630: [GC309.630: [ParNew: 7939K->7939K(8128K), 0.0000100 secs]309.630: [Tenured: 14618K->2480K(17924K), 0.0052290 secs] 22558K->2480K(26052K), [Perm : 5144K->5144K(21248K)], 0.0052860 secs] [Times: user=0.01 sys=0.00, real=0.00 secs] 
309.635: Total time for which application threads were stopped: 0.0720730 seconds, Stopping threads took: 0.0667010 seconds
309.636: Application time: 0.0011340 seconds
309.712: [GC309.712: [ParNew: 7048K->895K(8128K), 0.0015560 secs] 9528K->7281K(26052K), 0.0015940 secs] [Times: user=0.01 sys=0.00, real=0.00 secs] 
309.713: Total time for which application threads were stopped: 0.0772530 seconds, Stopping threads took: 0.0755770 seconds
309.794: Application time: 0.0802800 seconds
309.836: [GC309.836: [ParNew: 7943K->10K(8128K), 0.0004780 secs] 14330K->6428K(26052K), 0.0005100 secs] [Times: user=0.00 sys=0.00, real=0.00 secs] 
309.836: Total time for which application threads were stopped: 0.0424660 seconds, Stopping threads took: 0.0418810 seconds
309.837: Application time: 0.0008160 seconds
309.837: [GC309.837: [ParNew: 7156K->895K(8128K), 0.0023690 secs] 13574K->13564K(26052K), 0.0024040 secs] [Times: user=0.02 sys=0.00, real=0.01 secs] 
309.840: Total time for which application threads were stopped: 0.0027890 seconds, Stopping threads took: 0.0003060 seconds
309.922: Application time: 0.0822280 seconds
309.990: [GC309.990: [ParNew: 7845K->7845K(8128K), 0.0000100 secs]309.990: [Tenured: 12669K->2675K(17924K), 0.0047280 secs] 20514K->2675K(26052K), [Perm : 5144K->5144K(21248K)], 0.0047840 secs] [Times: user=0.00 sys=0.00, real=0.00 secs] 
309.995: Total time for which application threads were stopped: 0.0729040 seconds, Stopping threads took: 0.0680280 seconds
309.996: Application time: 0.0012880 seconds
310.037: [GC310.037: [ParNew: 7146K->893K(8128K), 0.0023500 secs] 9821K->9526K(26052K), 0.0023850 secs] [Times: user=0.02 sys=0.00, real=0.01 secs] 
310.039: Total time for which application threads were stopped: 0.0429120 seconds, Stopping threads took: 0.0404480 seconds
310.122: Application time: 0.0824120 seconds
310.188: [GC310.188: [ParNew: 8039K->893K(8128K), 0.0006500 secs] 16672K->10136K(26052K), 0.0006830 secs] [Times: user=0.00 sys=0.00, real=0.00 secs] 
310.189: Total time for which application threads were stopped: 0.0672470 seconds, Stopping threads took: 0.0664860 seconds
310.279: Application time: 0.0904570 seconds
310.288: [GC310.288: [ParNew: 8117K->44K(8128K), 0.0005160 secs] 17360K->9295K(26052K), 0.0005450 secs] [Times: user=0.00 sys=0.00, real=0.00 secs] 
310.289: Total time for which application threads were stopped: 0.0093780 seconds, Stopping threads took: 0.0087580 seconds
310.289: Application time: 0.0007730 seconds
310.330: [GC310.330: [ParNew: 7268K->895K(8128K), 0.0018580 secs] 16519K->15378K(26052K), 0.0018960 secs] [Times: user=0.02 sys=0.00, real=0.00 secs] 
310.332: Total time for which application threads were stopped: 0.0427280 seconds, Stopping threads took: 0.0407770 seconds
310.420: Application time: 0.0878790 seconds
310.494: [GC310.494: [ParNew: 8021K->8021K(8128K), 0.0000100 secs]310.494: [Tenured: 14483K->1784K(17924K), 0.0049430 secs] 22504K->1784K(26052K), [Perm : 5144K->5144K(21248K)], 0.0049990 secs] [Times: user=0.01 sys=0.00, real=0.01 secs] 
310.499: Total time for which application threads were stopped: 0.0792540 seconds, Stopping threads took: 0.0741670 seconds
310.500: Application time: 0.0010550 seconds
310.541: [GC310.541: [ParNew: 7145K->795K(8128K), 0.0018970 secs] 8930K->8049K(26052K), 0.0019330 secs] [Times: user=0.02 sys=0.00, real=0.00 secs] 
310.543: Total time for which application threads were stopped: 0.0426060 seconds, Stopping threads took: 0.0406170 seconds
310.622: Application time: 0.0792490 seconds
310.691: [GC310.691: [ParNew: 7843K->404K(8128K), 0.0004900 secs] 15097K->7674K(26052K), 0.0005190 secs] [Times: user=0.00 sys=0.00, real=0.00 secs] 
310.692: Total time for which application threads were stopped: 0.0698120 seconds, Stopping threads took: 0.0692160 seconds
310.693: Application time: 0.0009440 seconds
310.734: [GC310.734: [ParNew: 7550K->893K(8128K), 0.0019870 secs] 14820K->13729K(26052K), 0.0020250 secs] [Times: user=0.01 sys=0.01, real=0.00 secs] 
310.736: Total time for which application threads were stopped: 0.0426740 seconds, Stopping threads took: 0.0405920 seconds
310.817: Application time: 0.0812250 seconds
310.884: [GC310.884: [ParNew: 7902K->7902K(8128K), 0.0000100 secs]310.885: [Tenured: 12836K->1752K(17924K), 0.0052680 secs] 20738K->1752K(26052K), [Perm : 5144K->5144K(21248K)], 0.0053230 secs] [Times: user=0.01 sys=0.00, real=0.01 secs] 
310.890: Total time for which application threads were stopped: 0.0729930 seconds, Stopping threads took: 0.0675880 seconds
310.891: Application time: 0.0010790 seconds
310.931: [GC310.931: [ParNew: 7048K->895K(8128K), 0.0019250 secs] 8801K->8117K(26052K), 0.0019600 secs] [Times: user=0.01 sys=0.00, real=0.00 secs] 
310.933: Total time for which application threads were stopped: 0.0422180 seconds, Stopping threads took: 0.0401960 seconds
311.015: Application time: 0.0816160 seconds
311.084: [GC311.084: [ParNew: 8040K->602K(8128K), 0.0006430 secs] 15262K->7848K(26052K), 0.0006730 secs] [Times: user=0.00 sys=0.00, real=0.00 secs] 
311.084: Total time for which application threads were stopped: 0.0695460 seconds, Stopping threads took: 0.0687900 seconds
311.085: Application time: 0.0009600 seconds
311.141: [GC311.141: [ParNew: 7748K->893K(8128K), 0.0019870 secs] 14994K->12842K(26052K), 0.0020230 secs] [Times: user=0.01 sys=0.00, real=0.00 secs] 
311.143: Total time for which application threads were stopped: 0.0580800 seconds, Stopping threads took: 0.0559780 seconds
311.228: Application time: 0.0850830 seconds
311.281: [GC311.281: [ParNew: 8039K->8039K(8128K), 0.0000100 secs]311.281: [Tenured: 11949K->3315K(17924K), 0.0055590 secs] 19988K->3315K(26052K), [Perm : 5144K->5144K(21248K)], 0.0056200 secs] [Times: user=0.00 sys=0.00, real=0.01 secs] 
311.286: Total time for which application threads were stopped: 0.0578510 seconds, Stopping threads took: 0.0521480 seconds
311.372: Application time: 0.0858480 seconds
311.374: [GC311.374: [ParNew: 7126K->432K(8128K), 0.0007180 secs] 10442K->3748K(26052K), 0.0007480 secs] [Times: user=0.00 sys=0.00, real=0.00 secs] 
311.375: Total time for which application threads were stopped: 0.0030340 seconds, Stopping threads took: 0.0022120 seconds
311.376: Application time: 0.0008750 seconds
311.376: [GC311.376: [ParNew: 7655K->893K(8128K), 0.0024220 secs] 10971K->10906K(26052K), 0.0024580 secs] [Times: user=0.01 sys=0.00, real=0.01 secs] 
311.379: Total time for which application threads were stopped: 0.0026590 seconds, Stopping threads took: 0.0001410 seconds
311.460: Application time: 0.0811720 seconds
311.533: [GC311.533: [ParNew: 7745K->402K(8128K), 0.0004230 secs] 17759K->10463K(26052K), 0.0004540 secs] [Times: user=0.00 sys=0.00, real=0.00 secs] 
311.534: Total time for which application threads were stopped: 0.0737910 seconds, Stopping threads took: 0.0732820 seconds
311.535: Application time: 0.0008560 seconds
311.574: [GC311.574: [ParNew: 7627K->825K(8128K), 0.0018630 secs] 17688K->16551K(26052K), 0.0018990 secs] [Times: user=0.01 sys=0.00, real=0.00 secs] 
311.576: Total time for which application threads were stopped: 0.0416810 seconds, Stopping threads took: 0.0397270 seconds
311.666: Application time: 0.0899490 seconds
311.740: [GC311.740: [ParNew: 7678K->7678K(8128K), 0.0000110 secs]311.740: [Tenured: 15725K->1838K(17924K), 0.0058640 secs] 23403K->1838K(26052K), [Perm : 5144K->5144K(21248K)], 0.0059180 secs] [Times: user=0.00 sys=0.00, real=0.01 secs] 
311.746: Total time for which application threads were stopped: 0.0800790 seconds, Stopping threads took: 0.0740930 seconds
311.747: Application time: 0.0012560 seconds
311.788: [GC311.788: [ParNew: 7146K->895K(8128K), 0.0017180 secs] 8984K->7226K(26052K), 0.0017540 secs] [Times: user=0.01 sys=0.00, real=0.00 secs] 
311.790: Total time for which application threads were stopped: 0.0425410 seconds, Stopping threads took: 0.0407290 seconds
311.869: Application time: 0.0786380 seconds
311.911: [GC311.911: [ParNew: 7748K->793K(8128K), 0.0009110 secs] 14079K->8906K(26052K), 0.0009460 secs] [Times: user=0.00 sys=0.00, real=0.00 secs] 
311.912: Total time for which application threads were stopped: 0.0429830 seconds, Stopping threads took: 0.0419590 seconds
311.992: Application time: 0.0800960 seconds
312.033: [GC312.033: [ParNew: 7939K->14K(8128K), 0.0003210 secs] 16052K->8143K(26052K), 0.0003490 secs] [Times: user=0.00 sys=0.00, real=0.00 secs] 
312.033: Total time for which application threads were stopped: 0.0412520 seconds, Stopping threads took: 0.0408530 seconds
312.034: Application time: 0.0008880 seconds
312.034: [GC312.034: [ParNew: 7238K->895K(8128K), 0.0020000 secs] 15367K->15302K(26052K), 0.0020370 secs] [Times: user=0.01 sys=0.00, real=0.00 secs] 
312.036: Total time for which application threads were stopped: 0.0023130 seconds, Stopping threads took: 0.0002210 seconds
312.121: Application time: 0.0847280 seconds
312.196: [GC312.196: [ParNew: 8021K->8021K(8128K), 0.0000100 secs]312.196: [Tenured: 14407K->2092K(17924K), 0.0044530 secs] 22429K->2092K(26052K), [Perm : 5144K->5144K(21248K)], 0.0045110 secs] [Times: user=0.01 sys=0.00, real=0.01 secs] 
312.201: Total time for which application threads were stopped: 0.0795580 seconds, Stopping threads took: 0.0749830 seconds
312.202: Application time: 0.0010560 seconds
312.242: [GC312.242: [ParNew: 7224K->895K(8128K), 0.0019100 secs] 9316K->8386K(26052K), 0.0019490 secs] [Times: user=0.01 sys=0.00, real=0.00 secs] 
312.244: Total time for which application threads were stopped: 0.0424810 seconds, Stopping threads took: 0.0404650 seconds
312.325: Application time: 0.0807170 seconds
312.392: [GC312.392: [ParNew: 7943K->400K(8128K), 0.0004680 secs] 15434K->7940K(26052K), 0.0005080 secs] [Times: user=0.01 sys=0.00, real=0.00 secs] 
312.393: Total time for which application threads were stopped: 0.0681280 seconds, Stopping threads took: 0.0675460 seconds
312.394: Application time: 0.0009770 seconds
312.435: [GC312.435: [ParNew: 7546K->893K(8128K), 0.0017050 secs] 15086K->12925K(26052K), 0.0017400 secs] [Times: user=0.01 sys=0.00, real=0.00 secs] 
312.436: Total time for which application threads were stopped: 0.0423910 seconds, Stopping threads took: 0.0405950 seconds
312.516: Application time: 0.0802100 seconds
312.558: [GC312.558: [ParNew: 7902K->7902K(8128K), 0.0000100 secs]312.558: [Tenured: 12031K->1753K(17924K), 0.0052550 secs] 19934K->1753K(26052K), [Perm : 5144K->5144K(21248K)], 0.0053120 secs] [Times: user=0.01 sys=0.00, real=0.00 secs] 
312.563: Total time for which application threads were stopped: 0.0469740 seconds, Stopping threads took: 0.0415790 seconds
312.565: Application time: 0.0011420 seconds
312.616: [GC312.616: [ParNew: 7146K->893K(8128K), 0.0017900 secs] 8899K->7139K(26052K), 0.0018280 secs] [Times: user=0.01 sys=0.00, real=0.00 secs] 
312.618: Total time for which application threads were stopped: 0.0529750 seconds, Stopping threads took: 0.0510690 seconds
312.697: Application time: 0.0796300 seconds
312.739: [GC312.739: [ParNew: 8039K->795K(8128K), 0.0008230 secs] 14284K->8033K(26052K), 0.0008560 secs] [Times: user=0.00 sys=0.00, real=0.00 secs] 
312.739: Total time for which application threads were stopped: 0.0422710 seconds, Stopping threads took: 0.0413470 seconds
312.830: Application time: 0.0902780 seconds
312.834: [GC312.834: [ParNew: 7843K->205K(8128K), 0.0004110 secs] 15082K->7459K(26052K), 0.0004400 secs] [Times: user=0.01 sys=0.00, real=0.00 secs] 
312.835: Total time for which application threads were stopped: 0.0048960 seconds, Stopping threads took: 0.0043740 seconds
312.835: Application time: 0.0008050 seconds
312.876: [GC312.876: [ParNew: 7351K->797K(8128K), 0.0019230 secs] 14606K->13521K(26052K), 0.0019590 secs] [Times: user=0.02 sys=0.00, real=0.00 secs] 
312.878: Total time for which application threads were stopped: 0.0421750 seconds, Stopping threads took: 0.0401600 seconds
312.959: Application time: 0.0814920 seconds
313.024: [GC313.024: [ParNew: 7845K->7845K(8128K), 0.0000100 secs]313.024: [Tenured: 12723K->1754K(17924K), 0.0044860 secs] 20569K->1754K(26052K), [Perm : 5144K->5144K(21248K)], 0.0045430 secs] [Times: user=0.00 sys=0.00, real=0.01 secs] 
313.028: Total time for which application threads were stopped: 0.0689700 seconds, Stopping threads took: 0.0643650 seconds
313.029: Application time: 0.0011000 seconds
313.082: [GC313.082: [ParNew: 7146K->893K(8128K), 0.0018730 secs] 8900K->7139K(26052K), 0.0019110 secs] [Times: user=0.01 sys=0.01, real=0.00 secs] 
313.084: Total time for which application threads were stopped: 0.0551750 seconds, Stopping threads took: 0.0531850 seconds
313.177: Application time: 0.0921370 seconds
313.233: [GC313.233: [ParNew: 7824K->428K(8128K), 0.0004030 secs] 14071K->6699K(26052K), 0.0004330 secs] [Times: user=0.01 sys=0.00, real=0.00 secs] 
313.233: Total time for which application threads were stopped: 0.0567370 seconds, Stopping threads took: 0.0562500 seconds
313.234: Application time: 0.0009550 seconds
313.275: [GC313.275: [ParNew: 7574K->825K(8128K), 0.0019570 secs] 13845K->12760K(26052K), 0.0019940 secs] [Times: user=0.02 sys=0.00, real=0.00 secs] 
313.277: Total time for which application threads were stopped: 0.0426860 seconds, Stopping threads took: 0.0406340 seconds
313.358: Application time: 0.0815330 seconds
313.425: [GC313.425: [ParNew: 7951K->7951K(8128K), 0.0000100 secs]313.425: [Tenured: 11935K->2006K(17924K), 0.0052370 secs] 19887K->2006K(26052K), [Perm : 5144K->5144K(21248K)], 0.0052920 secs] [Times: user=0.01 sys=0.00, real=0.01 secs] 
313.431: Total time for which application threads were stopped: 0.0721220 seconds, Stopping threads took: 0.0667350 seconds
313.432: Application time: 0.0011980 seconds
313.501: [GC313.501: [ParNew: 7224K->895K(8128K), 0.0013340 secs] 9231K->5469K(26052K), 0.0013780 secs] [Times: user=0.01 sys=0.00, real=0.00 secs] 
313.503: Total time for which application threads were stopped: 0.0708980 seconds, Stopping threads took: 0.0694410 seconds
313.588: Application time: 0.0853990 seconds
313.595: [GC313.595: [ParNew: 8041K->793K(8128K), 0.0007060 secs] 12615K->6571K(26052K), 0.0007400 secs] [Times: user=0.00 sys=0.00, real=0.00 secs] 
313.595: Total time for which application threads were stopped: 0.0072190 seconds, Stopping threads took: 0.0063980 seconds
313.686: Application time: 0.0910110 seconds
313.694: [GC313.694: [ParNew: 7841K->402K(8128K), 0.0005120 secs] 13619K->6188K(26052K), 0.0005450 secs] [Times: user=0.00 sys=0.00, real=0.00 secs] 
313.694: Total time for which application threads were stopped: 0.0080480 seconds, Stopping threads took: 0.0074240 seconds
313.695: Application time: 0.0007970 seconds
313.736: [GC313.736: [ParNew: 7451K->893K(8128K), 0.0017720 secs] 13237K->12148K(26052K), 0.0018070 secs] [Times: user=0.02 sys=0.00, real=0.00 secs] 
313.737: Total time for which application threads were stopped: 0.0423210 seconds, Stopping threads took: 0.0404570 seconds
313.820: Application time: 0.0824910 seconds
313.890: [GC313.890: [ParNew: 7999K->7999K(8128K), 0.0000100 secs]313.890: [Tenured: 11254K->2483K(17924K), 0.0052420 secs] 19254K->2483K(26052K), [Perm : 5144K->5144K(21248K)], 0.0052950 secs] [Times: user=0.00 sys=0.00, real=0.00 secs] 
313.895: Total time for which application threads were stopped: 0.0750250 seconds, Stopping threads took: 0.0696680 seconds
313.896: Application time: 0.0010720 seconds
313.936: [GC313.936: [ParNew: 7224K->893K(8128K), 0.0025870 secs] 9708K->8576K(26052K), 0.0026240 secs] [Times: user=0.02 sys=0.00, real=0.01 secs] 
313.939: Total time for which application threads were stopped: 0.0429180 seconds, Stopping threads took: 0.0402040 seconds
314.020: Application time: 0.0806650 seconds
314.088: [GC314.089: [ParNew: 7745K->398K(8128K), 0.0004180 secs] 15429K->8122K(26052K), 0.0004440 secs] [Times: user=0.00 sys=0.00, real=0.00 secs] 
314.089: Total time for which application threads were stopped: 0.0692860 seconds, Stopping threads took: 0.0687640 seconds
314.090: Application time: 0.0009700 seconds
314.131: [GC314.131: [ParNew: 7544K->795K(8128K), 0.0021810 secs] 15268K->14183K(26052K), 0.0022170 secs] [Times: user=0.02 sys=0.00, real=0.00 secs] 
314.133: Total time for which application threads were stopped: 0.0430230 seconds, Stopping threads took: 0.0407490 seconds
314.214: Application time: 0.0807360 seconds
314.283: [GC314.283: [ParNew: 7648K->7648K(8128K), 0.0000110 secs]314.283: [Tenured: 13388K->1753K(17924K), 0.0053320 secs] 21036K->1753K(26052K), [Perm : 5144K->5144K(21248K)], 0.0053880 secs] [Times: user=0.01 sys=0.00, real=0.01 secs] 
314.288: Total time for which application threads were stopped: 0.0745440 seconds, Stopping threads took: 0.0690740 seconds
314.289: Application time: 0.0011300 seconds
314.332: [GC314.332: [ParNew: 7224K->825K(8128K), 0.0014450 secs] 8978K->6095K(26052K), 0.0014800 secs] [Times: user=0.01 sys=0.00, real=0.00 secs] 
314.333: Total time for which application threads were stopped: 0.0439890 seconds, Stopping threads took: 0.0424520 seconds
314.411: Application time: 0.0779510 seconds
314.453: [GC314.453: [ParNew: 7971K->791K(8128K), 0.0009260 secs] 13241K->7117K(26052K), 0.0009530 secs] [Times: user=0.00 sys=0.00, real=0.00 secs] 
314.453: Total time for which application threads were stopped: 0.0421660 seconds, Stopping threads took: 0.0411280 seconds
314.538: Application time: 0.0841630 seconds
314.542: [GC314.542: [ParNew: 7918K->239K(8128K), 0.0002920 secs] 14244K->6589K(26052K), 0.0003240 secs] [Times: user=0.01 sys=0.00, real=0.00 secs] 
314.542: Total time for which application threads were stopped: 0.0043100 seconds, Stopping threads took: 0.0039210 seconds
314.543: Application time: 0.0008730 seconds
314.595: [GC314.595: [ParNew: 7385K->895K(8128K), 0.0016860 secs] 13736K->11570K(26052K), 0.0017290 secs] [Times: user=0.02 sys=0.00, real=0.00 secs] 
314.597: Total time for which application threads were stopped: 0.0539330 seconds, Stopping threads took: 0.0521450 seconds
314.676: Application time: 0.0789610 seconds
314.718: [GC314.718: [ParNew: 7943K->402K(8128K), 0.0007290 secs] 18618K->11126K(26052K), 0.0007600 secs] [Times: user=0.00 sys=0.00, real=0.00 secs] 
314.719: Total time for which application threads were stopped: 0.0429420 seconds, Stopping threads took: 0.0421080 seconds
314.720: Application time: 0.0010140 seconds
314.761: [GC314.761: [ParNew: 7627K->895K(8128K), 0.0018460 secs] 18350K->16139K(26052K), 0.0018820 secs] [Times: user=0.01 sys=0.00, real=0.00 secs] 
314.762: Total time for which application threads were stopped: 0.0427650 seconds, Stopping threads took: 0.0408060 seconds
314.848: Application time: 0.0859160 seconds
314.904: [GC314.904: [ParNew: 7943K->7943K(8128K), 0.0000100 secs]314.904: [Tenured: 15244K->2034K(17924K), 0.0052220 secs] 23187K->2034K(26052K), [Perm : 5144K->5144K(21248K)], 0.0052800 secs] [Times: user=0.01 sys=0.00, real=0.01 secs] 
314.910: Total time for which application threads were stopped: 0.0612280 seconds, Stopping threads took: 0.0558670 seconds
314.911: Application time: 0.0011490 seconds
314.987: [GC314.987: [ParNew: 7146K->893K(8128K), 0.0016410 secs] 9180K->6541K(26052K), 0.0016800 secs] [Times: user=0.01 sys=0.00, real=0.00 secs] 
314.989: Total time for which application threads were stopped: 0.0780980 seconds, Stopping threads took: 0.0763300 seconds
315.067: Application time: 0.0784160 seconds
315.109: [GC315.109: [ParNew: 7941K->795K(8128K), 0.0005940 secs] 13589K->6459K(26052K), 0.0006250 secs] [Times: user=0.00 sys=0.00, real=0.00 secs] 
315.110: Total time for which application threads were stopped: 0.0426860 seconds, Stopping threads took: 0.0419840 seconds
315.111: Application time: 0.0011000 seconds
315.166: [GC315.166: [ParNew: 7941K->895K(8128K), 0.0020410 secs] 13605K->11458K(26052K), 0.0020810 secs] [Times: user=0.02 sys=0.00, real=0.00 secs] 
315.168: Total time for which application threads were stopped: 0.0570780 seconds, Stopping threads took: 0.0549130 seconds
315.249: Application time: 0.0812010 seconds
315.317: [GC315.317: [ParNew: 8119K->42K(8128K), 0.0003960 secs] 18682K->10621K(26052K), 0.0004280 secs] [Times: user=0.00 sys=0.00, real=0.00 secs] 
315.317: Total time for which application threads were stopped: 0.0680450 seconds, Stopping threads took: 0.0675430 seconds
315.318: Application time: 0.0009880 seconds
315.319: [GC315.319: [ParNew: 7188K->895K(8128K), 0.0022350 secs] 17767K->17752K(26052K), 0.0022710 secs] [Times: user=0.02 sys=0.00, real=0.00 secs] 
315.321: Total time for which application threads were stopped: 0.0024740 seconds, Stopping threads took: 0.0001260 seconds
315.415: Application time: 0.0936630 seconds
315.483: [GC315.483: [ParNew: 8040K->8040K(8128K), 0.0000100 secs]315.483: [Tenured: 16857K->3431K(17924K), 0.0053930 secs] 24898K->3431K(26052K), [Perm : 5144K->5144K(21248K)], 0.0054490 secs] [Times: user=0.01 sys=0.00, real=0.01 secs] 
315.488: Total time for which application threads were stopped: 0.0737540 seconds, Stopping threads took: 0.0682220 seconds
315.490: Application time: 0.0013120 seconds
315.558: [GC315.558: [ParNew: 7107K->853K(8128K), 0.0010930 secs] 10538K->6042K(26052K), 0.0011280 secs] [Times: user=0.01 sys=0.00, real=0.00 secs] 
315.559: Total time for which application threads were stopped: 0.0697370 seconds, Stopping threads took: 0.0685440 seconds
315.638: Application time: 0.0786060 seconds
315.680: [GC315.680: [ParNew: 8077K->434K(8128K), 0.0005380 secs] 13266K->5732K(26052K), 0.0005680 secs] [Times: user=0.00 sys=0.00, real=0.00 secs] 
315.680: Total time for which application threads were stopped: 0.0425370 seconds, Stopping threads took: 0.0418940 seconds
315.681: Application time: 0.0008390 seconds
315.682: [GC315.682: [ParNew: 7483K->895K(8128K), 0.0024170 secs] 12780K->12763K(26052K), 0.0024530 secs] [Times: user=0.01 sys=0.01, real=0.00 secs] 
315.684: Total time for which application threads were stopped: 0.0027740 seconds, Stopping threads took: 0.0002570 seconds
315.766: Application time: 0.0815200 seconds
315.833: [GC315.833: [ParNew: 7943K->7943K(8128K), 0.0000100 secs]315.833: [Tenured: 11868K->3711K(17924K), 0.0048770 secs] 19811K->3711K(26052K), [Perm : 5144K->5144K(21248K)], 0.0049340 secs] [Times: user=0.01 sys=0.00, real=0.00 secs] 
315.837: Total time for which application threads were stopped: 0.0718430 seconds, Stopping threads took: 0.0668270 seconds
315.927: Application time: 0.0895650 seconds
315.935: [GC315.935: [ParNew: 7204K->72K(8128K), 0.0002590 secs] 10916K->3783K(26052K), 0.0002890 secs] [Times: user=0.00 sys=0.00, real=0.00 secs] 
315.935: Total time for which application threads were stopped: 0.0081070 seconds, Stopping threads took: 0.0077530 seconds
315.936: Application time: 0.0007690 seconds
315.936: [GC315.936: [ParNew: 7218K->895K(8128K), 0.0021190 secs] 10930K->10913K(26052K), 0.0021520 secs] [Times: user=0.01 sys=0.00, real=0.01 secs] 
315.938: Total time for which application threads were stopped: 0.0024160 seconds, Stopping threads took: 0.0002100 seconds
316.020: Application time: 0.0819230 seconds
316.087: [GC316.087: [ParNew: 7899K->799K(8128K), 0.0005650 secs] 17917K->11264K(26052K), 0.0005970 secs] [Times: user=0.01 sys=0.00, real=0.00 secs] 
316.088: Total time for which application threads were stopped: 0.0677730 seconds, Stopping threads took: 0.0671170 seconds
316.089: Application time: 0.0011420 seconds
316.162: [GC316.162: [ParNew: 7969K->819K(8128K), 0.0018360 secs] 18434K->15621K(26052K), 0.0018790 secs] [Times: user=0.01 sys=0.00, real=0.00 secs] 
316.163: Total time for which application threads were stopped: 0.0742420 seconds, Stopping threads took: 0.0722990 seconds
316.254: Application time: 0.0907540 seconds
316.309: [GC316.309: [ParNew: 7965K->7965K(8128K), 0.0000110 secs]316.309: [Tenured: 14801K->1754K(17924K), 0.0051660 secs] 22767K->1754K(26052K), [Perm : 5144K->5144K(21248K)], 0.0052230 secs] [Times: user=0.01 sys=0.00, real=0.00 secs] 
316.315: Total time for which application threads were stopped: 0.0605390 seconds, Stopping threads took: 0.0552330 seconds
316.316: Application time: 0.0011380 seconds
316.368: [GC316.368: [ParNew: 7146K->895K(8128K), 0.0022090 secs] 8900K->8216K(26052K), 0.0022470 secs] [Times: user=0.01 sys=0.01, real=0.00 secs] 
316.370: Total time for which application threads were stopped: 0.0541300 seconds, Stopping threads took: 0.0518030 seconds
316.451: Application time: 0.0808830 seconds
316.516: [GC316.516: [ParNew: 7747K->404K(8128K), 0.0006790 secs] 15069K->7742K(26052K), 0.0007110 secs] [Times: user=0.00 sys=0.00, real=0.00 secs] 
316.517: Total time for which application threads were stopped: 0.0658400 seconds, Stopping threads took: 0.0650510 seconds
316.518: Application time: 0.0008690 seconds
316.518: [GC316.518: [ParNew: 7453K->895K(8128K), 0.0021950 secs] 14790K->14775K(26052K), 0.0022330 secs] [Times: user=0.01 sys=0.00, real=0.00 secs] 
316.520: Total time for which application threads were stopped: 0.0026020 seconds, Stopping threads took: 0.0002910 seconds
316.601: Application time: 0.0812640 seconds
316.668: [GC316.668: [ParNew: 8040K->8040K(8128K), 0.0000130 secs]316.670: [Tenured: 13880K->3415K(17924K), 0.0055080 secs] 21921K->3415K(26052K), [Perm : 5144K->5144K(21248K)], 0.0070570 secs] [Times: user=0.00 sys=0.00, real=0.00 secs] 
316.675: Total time for which application threads were stopped: 0.0738610 seconds, Stopping threads took: 0.0667140 seconds
316.761: Application time: 0.0856200 seconds
316.766: [GC316.766: [ParNew: 7224K->239K(8128K), 0.0005020 secs] 10640K->3655K(26052K), 0.0005340 secs] [Times: user=0.00 sys=0.00, real=0.01 secs] 
316.766: Total time for which application threads were stopped: 0.0051180 seconds, Stopping threads took: 0.0045080 seconds
316.767: Application time: 0.0007950 seconds
316.807: [GC316.807: [ParNew: 7385K->895K(8128K), 0.0020330 secs] 10801K->9710K(26052K), 0.0020670 secs] [Times: user=0.01 sys=0.00, real=0.00 secs] 
316.809: Total time for which application threads were stopped: 0.0424770 seconds, Stopping threads took: 0.0403250 seconds
316.889: Application time: 0.0800060 seconds
316.957: [GC316.957: [ParNew: 8021K->432K(8128K), 0.0006210 secs] 16836K->9296K(26052K), 0.0006540 secs] [Times: user=0.01 sys=0.00, real=0.00 secs] 
316.957: Total time for which application threads were stopped: 0.0678950 seconds, Stopping threads took: 0.0671860 seconds
316.958: Application time: 0.0009240 seconds
316.999: [GC316.999: [ParNew: 7481K->893K(8128K), 0.0020110 secs] 16344K->15253K(26052K), 0.0020470 secs] [Times: user=0.02 sys=0.00, real=0.00 secs] 
317.001: Total time for which application threads were stopped: 0.0426560 seconds, Stopping threads took: 0.0405320 seconds
317.086: Application time: 0.0850540 seconds
317.141: [GC317.141: [ParNew: 7941K->7941K(8128K), 0.0000110 secs]317.141: [Tenured: 14360K->3374K(17924K), 0.0051570 secs] 22301K->3374K(26052K), [Perm : 5144K->5144K(21248K)], 0.0052150 secs] [Times: user=0.00 sys=0.00, real=0.01 secs] 
317.146: Total time for which application threads were stopped: 0.0601500 seconds, Stopping threads took: 0.0548530 seconds
317.231: Application time: 0.0853470 seconds
317.236: [GC317.236: [ParNew: 7048K->10K(8128K), 0.0005050 secs] 10423K->3384K(26052K), 0.0005350 secs] [Times: user=0.00 sys=0.00, real=0.00 secs] 
317.236: Total time for which application threads were stopped: 0.0050020 seconds, Stopping threads took: 0.0043850 seconds
317.237: Application time: 0.0007800 seconds
317.237: [GC317.237: [ParNew: 7156K->895K(8128K), 0.0024120 secs] 10530K->10520K(26052K), 0.0024460 secs] [Times: user=0.01 sys=0.00, real=0.01 secs] 
317.240: Total time for which application threads were stopped: 0.0026930 seconds, Stopping threads took: 0.0001930 seconds
317.322: Application time: 0.0816510 seconds
317.392: [GC317.392: [ParNew: 7943K->205K(8128K), 0.0003480 secs] 17568K->9846K(26052K), 0.0003820 secs] [Times: user=0.01 sys=0.00, real=0.00 secs] 
317.392: Total time for which application threads were stopped: 0.0706290 seconds, Stopping threads took: 0.0701920 seconds
317.393: Application time: 0.0008250 seconds
317.434: [GC317.434: [ParNew: 7410K->895K(8128K), 0.0019210 secs] 17051K->15866K(26052K), 0.0019490 secs] [Times: user=0.01 sys=0.00, real=0.00 secs] 
317.436: Total time for which application threads were stopped: 0.0425680 seconds, Stopping threads took: 0.0405650 seconds
317.524: Application time: 0.0885710 seconds
317.575: [GC317.575: [ParNew: 7747K->7747K(8128K), 0.0000100 secs]317.575: [Tenured: 14971K->4115K(17924K), 0.0048260 secs] 22719K->4115K(26052K), [Perm : 5144K->5144K(21248K)], 0.0048850 secs] [Times: user=0.00 sys=0.00, real=0.01 secs] 
317.580: Total time for which application threads were stopped: 0.0558890 seconds, Stopping threads took: 0.0509320 seconds
317.669: Application time: 0.0886980 seconds
317.672: [GC317.672: [ParNew: 7224K->823K(8128K), 0.0005830 secs] 11339K->4938K(26052K), 0.0006140 secs] [Times: user=0.00 sys=0.00, real=0.00 secs] 
317.673: Total time for which application threads were stopped: 0.0039640 seconds, Stopping threads took: 0.0032950 seconds
317.674: Application time: 0.0010980 seconds
317.714: [GC317.714: [ParNew: 8028K->895K(8128K), 0.0019460 secs] 12143K->9916K(26052K), 0.0019830 secs] [Times: user=0.02 sys=0.00, real=0.00 secs] 
317.716: Total time for which application threads were stopped: 0.0424180 seconds, Stopping threads took: 0.0403670 seconds
317.795: Application time: 0.0785040 seconds
317.836: [GC317.836: [ParNew: 8041K->793K(8128K), 0.0011090 secs] 17062K->12206K(26052K), 0.0011450 secs] [Times: user=0.01 sys=0.00, real=0.00 secs] 
317.837: Total time for which application threads were stopped: 0.0427370 seconds, Stopping threads took: 0.0415070 seconds
317.927: Application time: 0.0891150 seconds
317.968: [GC317.968: [ParNew: 7744K->7744K(8128K), 0.0000100 secs]317.968: [Tenured: 11412K->1755K(17924K), 0.0044810 secs] 19157K->1755K(26052K), [Perm : 5144K->5144K(21248K)], 0.0045360 secs] [Times: user=0.01 sys=0.00, real=0.00 secs] 
317.973: Total time for which application threads were stopped: 0.0461520 seconds, Stopping threads took: 0.0415460 seconds
317.974: Application time: 0.0012610 seconds
318.015: [GC318.015: [ParNew: 7224K->895K(8128K), 0.0017430 secs] 8979K->7170K(26052K), 0.0017730 secs] [Times: user=0.01 sys=0.00, real=0.00 secs] 
318.016: Total time for which application threads were stopped: 0.0424090 seconds, Stopping threads took: 0.0405810 seconds
318.095: Application time: 0.0786420 seconds
318.137: [GC318.137: [ParNew: 8041K->795K(8128K), 0.0008330 secs] 14316K->8095K(26052K), 0.0008690 secs] [Times: user=0.00 sys=0.00, real=0.01 secs] 
318.138: Total time for which application threads were stopped: 0.0431980 seconds, Stopping threads took: 0.0422500 seconds
318.226: Application time: 0.0877140 seconds
318.236: [GC318.236: [ParNew: 7922K->239K(8128K), 0.0005280 secs] 15222K->7547K(26052K), 0.0005590 secs] [Times: user=0.00 sys=0.00, real=0.00 secs] 
318.237: Total time for which application threads were stopped: 0.0106040 seconds, Stopping threads took: 0.0099660 seconds
318.237: Application time: 0.0007660 seconds
318.238: [GC318.238: [ParNew: 7385K->895K(8128K), 0.0021750 secs] 14693K->14677K(26052K), 0.0022090 secs] [Times: user=0.01 sys=0.00, real=0.01 secs] 
318.240: Total time for which application threads were stopped: 0.0024810 seconds, Stopping threads took: 0.0001940 seconds
318.320: Application time: 0.0797620 seconds
318.391: [GC318.391: [ParNew: 7943K->7943K(8128K), 0.0000100 secs]318.391: [Tenured: 13781K->1811K(17924K), 0.0049250 secs] 21725K->1811K(26052K), [Perm : 5144K->5144K(21248K)], 0.0049820 secs] [Times: user=0.01 sys=0.00, real=0.00 secs] 
318.396: Total time for which application threads were stopped: 0.0763380 seconds, Stopping threads took: 0.0712890 seconds
318.397: Application time: 0.0010410 seconds
318.438: [GC318.438: [ParNew: 7048K->895K(8128K), 0.0019540 secs] 8860K->8176K(26052K), 0.0019910 secs] [Times: user=0.02 sys=0.00, real=0.01 secs] 
318.440: Total time for which application threads were stopped: 0.0426390 seconds, Stopping threads took: 0.0405640 seconds
318.520: Application time: 0.0806630 seconds
318.588: [GC318.588: [ParNew: 7845K->400K(8128K), 0.0004120 secs] 15126K->7705K(26052K), 0.0004420 secs] [Times: user=0.00 sys=0.00, real=0.00 secs] 
318.588: Total time for which application threads were stopped: 0.0681490 seconds, Stopping threads took: 0.0676300 seconds
318.589: Application time: 0.0009040 seconds
318.590: [GC318.590: [ParNew: 7546K->895K(8128K), 0.0022420 secs] 14851K->14841K(26052K), 0.0022750 secs] [Times: user=0.01 sys=0.00, real=0.00 secs] 
318.592: Total time for which application threads were stopped: 0.0024940 seconds, Stopping threads took: 0.0001440 seconds
318.673: Application time: 0.0811010 seconds
318.744: [GC318.744: [ParNew: 8021K->8021K(8128K), 0.0000110 secs]318.744: [Tenured: 13946K->2427K(17924K), 0.0059590 secs] 21967K->2427K(26052K), [Perm : 5144K->5144K(21248K)], 0.0060110 secs] [Times: user=0.01 sys=0.00, real=0.01 secs] 
318.750: Total time for which application threads were stopped: 0.0766810 seconds, Stopping threads took: 0.0706090 seconds
318.751: Application time: 0.0011860 seconds
318.793: [GC318.793: [ParNew: 7146K->797K(8128K), 0.0021120 secs] 9573K->8889K(26052K), 0.0021470 secs] [Times: user=0.01 sys=0.00, real=0.00 secs] 
318.795: Total time for which application threads were stopped: 0.0441130 seconds, Stopping threads took: 0.0419090 seconds
318.877: Application time: 0.0825750 seconds
318.946: [GC318.946: [ParNew: 7923K->823K(8128K), 0.0004750 secs] 16015K->8939K(26052K), 0.0005030 secs] [Times: user=0.00 sys=0.00, real=0.00 secs] 
318.947: Total time for which application threads were stopped: 0.0691840 seconds, Stopping threads took: 0.0686010 seconds
318.948: Application time: 0.0010960 seconds
318.989: [GC318.989: [ParNew: 8047K->893K(8128K), 0.0019310 secs] 16163K->13992K(26052K), 0.0019690 secs] [Times: user=0.02 sys=0.00, real=0.00 secs] 
318.991: Total time for which application threads were stopped: 0.0429020 seconds, Stopping threads took: 0.0408540 seconds
319.073: Application time: 0.0818980 seconds
319.140: [GC319.140: [ParNew: 8039K->8039K(8128K), 0.0000100 secs]319.140: [Tenured: 13098K->1898K(17924K), 0.0051820 secs] 21137K->1898K(26052K), [Perm : 5144K->5144K(21248K)], 0.0052440 secs] [Times: user=0.01 sys=0.00, real=0.00 secs] 
319.146: Total time for which application threads were stopped: 0.0729480 seconds, Stopping threads took: 0.0676210 seconds
319.147: Application time: 0.0010780 seconds
319.147: [GC319.147: [ParNew: 7146K->895K(8128K), 0.0021250 secs] 9044K->9044K(26052K), 0.0021620 secs] [Times: user=0.02 sys=0.00, real=0.00 secs] 
319.149: Total time for which application threads were stopped: 0.0023560 seconds, Stopping threads took: 0.0001340 seconds
319.230: Application time: 0.0811170 seconds
319.270: [GC319.270: [ParNew: 8040K->893K(8128K), 0.0009890 secs] 16190K->10612K(26052K), 0.0010210 secs] [Times: user=0.00 sys=0.00, real=0.00 secs] 
319.271: Total time for which application threads were stopped: 0.0409570 seconds, Stopping threads took: 0.0398590 seconds
319.348: Application time: 0.0774040 seconds
319.353: [GC319.353: [ParNew: 8039K->795K(8128K), 0.0006630 secs] 17758K->10734K(26052K), 0.0006960 secs] [Times: user=0.00 sys=0.00, real=0.00 secs] 
319.354: Total time for which application threads were stopped: 0.0052580 seconds, Stopping threads took: 0.0044800 seconds
319.355: Application time: 0.0010720 seconds
319.395: [GC319.395: [ParNew: 8019K->893K(8128K), 0.0021630 secs] 17959K->17021K(26052K), 0.0022000 secs] [Times: user=0.02 sys=0.00, real=0.00 secs] 
319.397: Total time for which application threads were stopped: 0.0425700 seconds, Stopping threads took: 0.0402890 seconds
319.495: Application time: 0.0980400 seconds
319.563: [GC319.563: [ParNew: 8039K->8039K(8128K), 0.0000100 secs]319.563: [Tenured: 16128K->2634K(17924K), 0.0046540 secs] 24167K->2634K(26052K), [Perm : 5144K->5144K(21248K)], 0.0047130 secs] [Times: user=0.01 sys=0.00, real=0.01 secs] 
319.568: Total time for which application threads were stopped: 0.0723530 seconds, Stopping threads took: 0.0675600 seconds
319.569: Application time: 0.0010660 seconds
319.610: [GC319.610: [ParNew: 7048K->893K(8128K), 0.0021720 secs] 9682K->8801K(26052K), 0.0022110 secs] [Times: user=0.02 sys=0.00, real=0.00 secs] 
319.612: Total time for which application threads were stopped: 0.0431190 seconds, Stopping threads took: 0.0408460 seconds
319.693: Application time: 0.0809490 seconds
319.760: [GC319.760: [ParNew: 8117K->430K(8128K), 0.0005280 secs] 16025K->8354K(26052K), 0.0005600 secs] [Times: user=0.01 sys=0.00, real=0.00 secs] 
319.761: Total time for which application threads were stopped: 0.0680380 seconds, Stopping threads took: 0.0674040 seconds
319.762: Application time: 0.0010100 seconds
319.762: [GC319.762: [ParNew: 7555K->895K(8128K), 0.0023190 secs] 15479K->15418K(26052K), 0.0023530 secs] [Times: user=0.02 sys=0.00, real=0.00 secs] 
319.765: Total time for which application threads were stopped: 0.0027310 seconds, Stopping threads took: 0.0003230 seconds
319.851: Application time: 0.0862630 seconds
319.926: [GC319.926: [ParNew: 8021K->8021K(8128K), 0.0000110 secs]319.926: [Tenured: 14523K->3012K(17924K), 0.0053850 secs] 22544K->3012K(26052K), [Perm : 5144K->5144K(21248K)], 0.0054440 secs] [Times: user=0.00 sys=0.00, real=0.00 secs] 
319.932: Total time for which application threads were stopped: 0.0808490 seconds, Stopping threads took: 0.0753200 seconds
320.019: Application time: 0.0873150 seconds
320.026: [GC320.026: [ParNew: 7048K->16K(8128K), 0.0003030 secs] 10060K->3028K(26052K), 0.0003330 secs] [Times: user=0.00 sys=0.00, real=0.00 secs] 
320.026: Total time for which application threads were stopped: 0.0069670 seconds, Stopping threads took: 0.0065810 seconds
320.027: Application time: 0.0007140 seconds
320.027: [GC320.027: [ParNew: 7162K->895K(8128K), 0.0021490 secs] 10174K->10157K(26052K), 0.0021830 secs] [Times: user=0.02 sys=0.00, real=0.00 secs] 
320.029: Total time for which application threads were stopped: 0.0024410 seconds, Stopping threads took: 0.0002020 seconds
320.110: Application time: 0.0810620 seconds
320.177: [GC320.177: [ParNew: 8001K->853K(8128K), 0.0006050 secs] 17264K->10531K(26052K), 0.0006440 secs] [Times: user=0.00 sys=0.00, real=0.00 secs] 
320.178: Total time for which application threads were stopped: 0.0672630 seconds, Stopping threads took: 0.0665570 seconds
320.179: Application time: 0.0012430 seconds
320.243: [GC320.243: [ParNew: 7999K->893K(8128K), 0.0017740 secs] 17677K->14870K(26052K), 0.0018100 secs] [Times: user=0.01 sys=0.00, real=0.00 secs] 
320.245: Total time for which application threads were stopped: 0.0660900 seconds, Stopping threads took: 0.0642010 seconds
320.323: Application time: 0.0785440 seconds
320.366: [GC320.366: [ParNew: 8039K->8039K(8128K), 0.0000100 secs]320.366: [Tenured: 13977K->3167K(17924K), 0.0054670 secs] 22016K->3167K(26052K), [Perm : 5144K->5144K(21248K)], 0.0055240 secs] [Times: user=0.00 sys=0.00, real=0.00 secs] 
320.371: Total time for which application threads were stopped: 0.0480630 seconds, Stopping threads took: 0.0424560 seconds
320.450: Application time: 0.0780700 seconds
320.456: [GC320.456: [ParNew: 7146K->14K(8128K), 0.0006000 secs] 10313K->3181K(26052K), 0.0006280 secs] [Times: user=0.00 sys=0.00, real=0.00 secs] 
320.457: Total time for which application threads were stopped: 0.0069540 seconds, Stopping threads took: 0.0062520 seconds
320.457: Application time: 0.0008920 seconds
320.458: [GC320.458: [ParNew: 7160K->895K(8128K), 0.0022920 secs] 10328K->10313K(26052K), 0.0023270 secs] [Times: user=0.01 sys=0.01, real=0.01 secs] 
320.460: Total time for which application threads were stopped: 0.0024890 seconds, Stopping threads took: 0.0001060 seconds
320.542: Application time: 0.0817870 seconds
320.612: [GC320.612: [ParNew: 8021K->239K(8128K), 0.0002560 secs] 17439K->9681K(26052K), 0.0002860 secs] [Times: user=0.00 sys=0.00, real=0.00 secs] 
320.612: Total time for which application threads were stopped: 0.0706100 seconds, Stopping threads took: 0.0702680 seconds
320.613: Application time: 0.0009130 seconds
320.614: [GC320.614: [ParNew: 7385K->895K(8128K), 0.0020230 secs] 16827K->16811K(26052K), 0.0020550 secs] [Times: user=0.02 sys=0.00, real=0.00 secs] 
320.616: Total time for which application threads were stopped: 0.0023860 seconds, Stopping threads took: 0.0002760 seconds
320.712: Application time: 0.0963830 seconds
320.782: [GC320.782: [ParNew: 8040K->8040K(8128K), 0.0000100 secs]320.782: [Tenured: 15916K->3293K(17924K), 0.0047970 secs] 23956K->3293K(26052K), [Perm : 5144K->5144K(21248K)], 0.0048550 secs] [Times: user=0.00 sys=0.00, real=0.01 secs] 
320.786: Total time for which application threads were stopped: 0.0744700 seconds, Stopping threads took: 0.0695430 seconds
320.864: Application time: 0.0773790 seconds
320.868: [GC320.868: [ParNew: 7126K->44K(8128K), 0.0002310 secs] 10420K->3337K(26052K), 0.0002600 secs] [Times: user=0.00 sys=0.00, real=0.00 secs] 
320.869: Total time for which application threads were stopped: 0.0046740 seconds, Stopping threads took: 0.0043570 seconds
320.869: Application time: 0.0007270 seconds
320.869: [GC320.869: [ParNew: 7190K->895K(8128K), 0.0019930 secs] 10484K->10467K(26052K), 0.0020250 secs] [Times: user=0.01 sys=0.00, real=0.00 secs] 
320.871: Total time for which application threads were stopped: 0.0022090 seconds, Stopping threads took: 0.0001290 seconds
320.954: Application time: 0.0822810 seconds
321.024: [GC321.024: [ParNew: 7943K->207K(8128K), 0.0003700 secs] 17515K->9827K(26052K), 0.0004000 secs] [Times: user=0.00 sys=0.00, real=0.00 secs] 
321.024: Total time for which application threads were stopped: 0.0702710 seconds, Stopping threads took: 0.0698160 seconds
321.025: Application time: 0.0008480 seconds
321.025: [GC321.025: [ParNew: 7353K->895K(8128K), 0.0022780 secs] 16973K->16961K(26052K), 0.0023120 secs] [Times: user=0.01 sys=0.00, real=0.01 secs] 
321.027: Total time for which application threads were stopped: 0.0025020 seconds, Stopping threads took: 0.0001330 seconds
321.122: Application time: 0.0942750 seconds
321.192: [GC321.192: [ParNew: 8021K->8021K(8128K), 0.0000110 secs]321.192: [Tenured: 16065K->1756K(17924K), 0.0047990 secs] 24087K->1756K(26052K), [Perm : 5144K->5144K(21248K)], 0.0048630 secs] [Times: user=0.00 sys=0.00, real=0.00 secs] 
321.197: Total time for which application threads were stopped: 0.0748680 seconds, Stopping threads took: 0.0699430 seconds
321.198: Application time: 0.0012790 seconds
321.238: [GC321.238: [ParNew: 7048K->893K(8128K), 0.0018350 secs] 8804K->8118K(26052K), 0.0018670 secs] [Times: user=0.01 sys=0.00, real=0.00 secs] 
321.240: Total time for which application threads were stopped: 0.0425890 seconds, Stopping threads took: 0.0406540 seconds
321.322: Application time: 0.0816030 seconds
321.389: [GC321.389: [ParNew: 7921K->434K(8128K), 0.0005590 secs] 15147K->7675K(26052K), 0.0005910 secs] [Times: user=0.00 sys=0.00, real=0.00 secs] 
321.389: Total time for which application threads were stopped: 0.0672980 seconds, Stopping threads took: 0.0666200 seconds
321.390: Application time: 0.0009120 seconds
321.431: [GC321.431: [ParNew: 7639K->895K(8128K), 0.0022160 secs] 14880K->13689K(26052K), 0.0022520 secs] [Times: user=0.02 sys=0.00, real=0.00 secs] 
321.433: Total time for which application threads were stopped: 0.0430180 seconds, Stopping threads took: 0.0406910 seconds
321.514: Application time: 0.0810950 seconds
321.581: [GC321.581: [ParNew: 8041K->8041K(8128K), 0.0000100 secs]321.581: [Tenured: 12794K->2037K(17924K), 0.0045710 secs] 20835K->2037K(26052K), [Perm : 5144K->5144K(21248K)], 0.0046270 secs] [Times: user=0.00 sys=0.00, real=0.01 secs] 
321.586: Total time for which application threads were stopped: 0.0715620 seconds, Stopping threads took: 0.0668620 seconds
321.587: Application time: 0.0012650 seconds
321.628: [GC321.628: [ParNew: 7146K->895K(8128K), 0.0020320 secs] 9183K->7620K(26052K), 0.0020680 secs] [Times: user=0.01 sys=0.01, real=0.00 secs] 
321.630: Total time for which application threads were stopped: 0.0428920 seconds, Stopping threads took: 0.0407470 seconds
321.709: Application time: 0.0785820 seconds
321.750: [GC321.750: [ParNew: 7943K->893K(8128K), 0.0007990 secs] 14668K->8610K(26052K), 0.0008420 secs] [Times: user=0.00 sys=0.00, real=0.00 secs] 
321.751: Total time for which application threads were stopped: 0.0426200 seconds, Stopping threads took: 0.0417140 seconds
321.840: Application time: 0.0889570 seconds
321.850: [GC321.850: [ParNew: 8000K->265K(8128K), 0.0002640 secs] 15718K->7999K(26052K), 0.0002920 secs] [Times: user=0.00 sys=0.00, real=0.00 secs] 
321.850: Total time for which application threads were stopped: 0.0098410 seconds, Stopping threads took: 0.0094730 seconds
321.851: Application time: 0.0008100 seconds
321.891: [GC321.891: [ParNew: 7411K->853K(8128K), 0.0020510 secs] 15145K->14056K(26052K), 0.0020850 secs] [Times: user=0.01 sys=0.00, real=0.00 secs] 
321.893: Total time for which application threads were stopped: 0.0421820 seconds, Stopping threads took: 0.0400100 seconds
321.973: Application time: 0.0802770 seconds
322.041: [GC322.041: [ParNew: 7901K->7901K(8128K), 0.0000100 secs]322.041: [Tenured: 13202K->2485K(17924K), 0.0045870 secs] 21104K->2485K(26052K), [Perm : 5144K->5144K(21248K)], 0.0046440 secs] [Times: user=0.01 sys=0.00, real=0.00 secs] 
322.046: Total time for which application threads were stopped: 0.0721930 seconds, Stopping threads took: 0.0674640 seconds
322.047: Application time: 0.0012320 seconds
322.089: [GC322.089: [ParNew: 7146K->797K(8128K), 0.0019720 secs] 9631K->8947K(26052K), 0.0020090 secs] [Times: user=0.01 sys=0.01, real=0.00 secs] 
322.092: Total time for which application threads were stopped: 0.0447460 seconds, Stopping threads took: 0.0426570 seconds
322.173: Application time: 0.0819190 seconds
322.240: [GC322.240: [ParNew: 7728K->434K(8128K), 0.0005710 secs] 15878K->8609K(26052K), 0.0006030 secs] [Times: user=0.00 sys=0.00, real=0.00 secs] 
322.241: Total time for which application threads were stopped: 0.0673600 seconds, Stopping threads took: 0.0666800 seconds
322.242: Application time: 0.0009380 seconds
322.282: [GC322.283: [ParNew: 7580K->895K(8128K), 0.0023050 secs] 15755K->14664K(26052K), 0.0023460 secs] [Times: user=0.01 sys=0.00, real=0.00 secs] 
322.285: Total time for which application threads were stopped: 0.0431400 seconds, Stopping threads took: 0.0407180 seconds
322.366: Application time: 0.0808620 seconds
322.433: [GC322.433: [ParNew: 7748K->7748K(8128K), 0.0000100 secs]322.433: [Tenured: 13769K->2514K(17924K), 0.0045710 secs] 21517K->2514K(26052K), [Perm : 5144K->5144K(21248K)], 0.0046250 secs] [Times: user=0.00 sys=0.00, real=0.01 secs] 
322.438: Total time for which application threads were stopped: 0.0720140 seconds, Stopping threads took: 0.0673080 seconds
322.439: Application time: 0.0010500 seconds
322.480: [GC322.480: [ParNew: 7146K->895K(8128K), 0.0021400 secs] 9660K->8976K(26052K), 0.0021770 secs] [Times: user=0.02 sys=0.00, real=0.00 secs] 
322.482: Total time for which application threads were stopped: 0.0430260 seconds, Stopping threads took: 0.0407680 seconds
322.563: Application time: 0.0806980 seconds
322.632: [GC322.632: [ParNew: 7748K->402K(8128K), 0.0006780 secs] 15829K->8499K(26052K), 0.0007090 secs] [Times: user=0.00 sys=0.00, real=0.00 secs] 
322.633: Total time for which application threads were stopped: 0.0702620 seconds, Stopping threads took: 0.0694760 seconds
322.634: Application time: 0.0009040 seconds
322.675: [GC322.675: [ParNew: 7627K->893K(8128K), 0.0019930 secs] 15724K->14584K(26052K), 0.0020310 secs] [Times: user=0.02 sys=0.00, real=0.00 secs] 
322.677: Total time for which application threads were stopped: 0.0429380 seconds, Stopping threads took: 0.0408290 seconds
322.756: Application time: 0.0793980 seconds
322.826: [GC322.826: [ParNew: 7745K->7745K(8128K), 0.0000110 secs]322.826: [Tenured: 13691K->1756K(17924K), 0.0048790 secs] 21437K->1756K(26052K), [Perm : 5144K->5144K(21248K)], 0.0049340 secs] [Times: user=0.01 sys=0.00, real=0.00 secs] 
322.831: Total time for which application threads were stopped: 0.0750440 seconds, Stopping threads took: 0.0700280 seconds
322.832: Application time: 0.0011350 seconds
322.873: [GC322.873: [ParNew: 7224K->895K(8128K), 0.0018730 secs] 8981K->7172K(26052K), 0.0019100 secs] [Times: user=0.01 sys=0.00, real=0.00 secs] 
322.875: Total time for which application threads were stopped: 0.0424030 seconds, Stopping threads took: 0.0404130 seconds
322.956: Application time: 0.0810890 seconds
322.999: [GC322.999: [ParNew: 7748K->400K(8128K), 0.0004220 secs] 14025K->6725K(26052K), 0.0004530 secs] [Times: user=0.00 sys=0.00, real=0.00 secs] 
322.999: Total time for which application threads were stopped: 0.0433920 seconds, Stopping threads took: 0.0428740 seconds
323.000: Application time: 0.0009350 seconds
323.052: [GC323.052: [ParNew: 7625K->895K(8128K), 0.0018230 secs] 13950K->11740K(26052K), 0.0018590 secs] [Times: user=0.02 sys=0.00, real=0.00 secs] 
323.054: Total time for which application threads were stopped: 0.0535120 seconds, Stopping threads took: 0.0515740 seconds
323.132: Application time: 0.0781040 seconds
323.138: [GC323.138: [ParNew: 8041K->791K(8128K), 0.0013840 secs] 18886K->14794K(26052K), 0.0014190 secs] [Times: user=0.01 sys=0.00, real=0.00 secs] 
323.140: Total time for which application threads were stopped: 0.0082360 seconds, Stopping threads took: 0.0067380 seconds
323.230: Application time: 0.0903620 seconds
323.282: [GC323.282: [ParNew: 7839K->7839K(8128K), 0.0000100 secs]323.282: [Tenured: 14002K->2009K(17924K), 0.0051680 secs] 21842K->2009K(26052K), [Perm : 5144K->5144K(21248K)], 0.0052220 secs] [Times: user=0.01 sys=0.00, real=0.01 secs] 
323.288: Total time for which application threads were stopped: 0.0574140 seconds, Stopping threads took: 0.0521100 seconds
323.289: Application time: 0.0010270 seconds
323.289: [GC323.289: [ParNew: 7146K->895K(8128K), 0.0023290 secs] 9155K->9155K(26052K), 0.0023660 secs] [Times: user=0.02 sys=0.00, real=0.00 secs] 
323.291: Total time for which application threads were stopped: 0.0026850 seconds, Stopping threads took: 0.0002390 seconds
323.372: Application time: 0.0807010 seconds
323.440: [GC323.440: [ParNew: 8099K->895K(8128K), 0.0007520 secs] 16359K->9821K(26052K), 0.0007950 secs] [Times: user=0.00 sys=0.00, real=0.00 secs] 
323.441: Total time for which application threads were stopped: 0.0687680 seconds, Stopping threads took: 0.0678970 seconds
323.528: Application time: 0.0873070 seconds
323.539: [GC323.539: [ParNew: 8041K->10K(8128K), 0.0005270 secs] 16967K->8984K(26052K), 0.0005560 secs] [Times: user=0.00 sys=0.00, real=0.00 secs] 
323.540: Total time for which application threads were stopped: 0.0113730 seconds, Stopping threads took: 0.0107340 seconds
323.542: Application time: 0.0021670 seconds
323.616: [GC323.616: [ParNew: 7154K->795K(8128K), 0.0007510 secs] 16128K->10746K(26052K), 0.0007790 secs] [Times: user=0.00 sys=0.00, real=0.00 secs] 
323.617: Total time for which application threads were stopped: 0.0752950 seconds, Stopping threads took: 0.0744450 seconds
323.705: Application time: 0.0875720 seconds
323.709: [GC323.709: [ParNew: 7921K->235K(8128K), 0.0004320 secs] 17872K->10202K(26052K), 0.0004620 secs] [Times: user=0.00 sys=0.00, real=0.00 secs] 
323.710: Total time for which application threads were stopped: 0.0053000 seconds, Stopping threads took: 0.0047750 seconds
323.711: Application time: 0.0008310 seconds
323.751: [GC323.751: [ParNew: 7459K->853K(8128K), 0.0019960 secs] 17426K->16289K(26052K), 0.0020320 secs] [Times: user=0.01 sys=0.00, real=0.00 secs] 
323.753: Total time for which application threads were stopped: 0.0426960 seconds, Stopping threads took: 0.0405880 seconds
323.839: Application time: 0.0860540 seconds
323.908: [GC323.908: [ParNew: 7979K->7979K(8128K), 0.0000100 secs]323.908: [Tenured: 15435K->2347K(17924K), 0.0052550 secs] 23415K->2347K(26052K), [Perm : 5144K->5144K(21248K)], 0.0053110 secs] [Times: user=0.00 sys=0.00, real=0.00 secs] 
323.913: Total time for which application threads were stopped: 0.0737560 seconds, Stopping threads took: 0.0683830 seconds
323.914: Application time: 0.0010930 seconds
323.955: [GC323.955: [ParNew: 7146K->895K(8128K), 0.0019640 secs] 9493K->8809K(26052K), 0.0020010 secs] [Times: user=0.02 sys=0.00, real=0.00 secs] 
323.957: Total time for which application threads were stopped: 0.0427370 seconds, Stopping threads took: 0.0406510 seconds
324.041: Application time: 0.0835330 seconds
324.107: [GC324.107: [ParNew: 7748K->402K(8128K), 0.0005380 secs] 15662K->8340K(26052K), 0.0005690 secs] [Times: user=0.01 sys=0.00, real=0.00 secs] 
324.108: Total time for which application threads were stopped: 0.0671930 seconds, Stopping threads took: 0.0665410 seconds
324.109: Application time: 0.0008490 seconds
324.149: [GC324.149: [ParNew: 7548K->893K(8128K), 0.0020950 secs] 15486K->14397K(26052K), 0.0021310 secs] [Times: user=0.01 sys=0.01, real=0.00 secs] 
324.152: Total time for which application threads were stopped: 0.0429670 seconds, Stopping threads took: 0.0407810 seconds
324.232: Application time: 0.0803340 seconds
324.302: [GC324.302: [ParNew: 7745K->7745K(8128K), 0.0000100 secs]324.302: [Tenured: 13504K->2348K(17924K), 0.0058980 secs] 21250K->2348K(26052K), [Perm : 5144K->5144K(21248K)], 0.0059490 secs] [Times: user=0.00 sys=0.00, real=0.01 secs] 
324.308: Total time for which application threads were stopped: 0.0761330 seconds, Stopping threads took: 0.0701020 seconds
324.309: Application time: 0.0012750 seconds
324.350: [GC324.350: [ParNew: 7146K->895K(8128K), 0.0019130 secs] 9494K->8810K(26052K), 0.0019480 secs] [Times: user=0.01 sys=0.00, real=0.00 secs] 
324.352: Total time for which application threads were stopped: 0.0424350 seconds, Stopping threads took: 0.0404020 seconds
324.433: Application time: 0.0807370 seconds
324.502: [GC324.502: [ParNew: 7748K->400K(8128K), 0.0002870 secs] 15662K->8339K(26052K), 0.0003170 secs] [Times: user=0.00 sys=0.00, real=0.00 secs] 
324.502: Total time for which application threads were stopped: 0.0698860 seconds, Stopping threads took: 0.0695120 seconds
324.503: Application time: 0.0009270 seconds
324.544: [GC324.544: [ParNew: 7605K->895K(8128K), 0.0020650 secs] 15544K->14359K(26052K), 0.0021020 secs] [Times: user=0.01 sys=0.00, real=0.01 secs] 
324.546: Total time for which application threads were stopped: 0.0428720 seconds, Stopping threads took: 0.0407140 seconds
324.629: Application time: 0.0823410 seconds
324.688: [GC324.688: [ParNew: 8040K->8040K(8128K), 0.0000100 secs]324.688: [Tenured: 13464K->1952K(17924K), 0.0051530 secs] 21505K->1952K(26052K), [Perm : 5144K->5144K(21248K)], 0.0052100 secs] [Times: user=0.01 sys=0.00, real=0.00 secs] 
324.694: Total time for which application threads were stopped: 0.0650250 seconds, Stopping threads took: 0.0597450 seconds
324.695: Application time: 0.0011110 seconds
324.735: [GC324.735: [ParNew: 7224K->895K(8128K), 0.0016680 secs] 9176K->6489K(26052K), 0.0017060 secs] [Times: user=0.01 sys=0.00, real=0.00 secs] 
324.737: Total time for which application threads were stopped: 0.0421030 seconds, Stopping threads took: 0.0403180 seconds
324.815: Application time: 0.0778660 seconds
324.819: [GC324.819: [ParNew: 8041K->889K(8128K), 0.0011680 secs] 13635K->8679K(26052K), 0.0012020 secs] [Times: user=0.00 sys=0.00, real=0.00 secs] 
324.820: Total time for which application threads were stopped: 0.0054060 seconds, Stopping threads took: 0.0041250 seconds
324.910: Application time: 0.0902630 seconds
324.969: [GC324.969: [ParNew: 7937K->402K(8128K), 0.0005820 secs] 15728K->8201K(26052K), 0.0006120 secs] [Times: user=0.00 sys=0.00, real=0.00 secs] 
324.970: Total time for which application threads were stopped: 0.0596230 seconds, Stopping threads took: 0.0589360 seconds
324.971: Application time: 0.0008000 seconds
324.971: [GC324.971: [ParNew: 7548K->895K(8128K), 0.0022360 secs] 15347K->15334K(26052K), 0.0022720 secs] [Times: user=0.02 sys=0.00, real=0.00 secs] 
324.973: Total time for which application threads were stopped: 0.0025640 seconds, Stopping threads took: 0.0002130 seconds
325.064: Application time: 0.0908530 seconds
325.137: [GC325.137: [ParNew: 7747K->7747K(8128K), 0.0000110 secs]325.137: [Tenured: 14439K->2372K(17924K), 0.0051940 secs] 22187K->2372K(26052K), [Perm : 5144K->5144K(21248K)], 0.0052490 secs] [Times: user=0.00 sys=0.00, real=0.01 secs] 
325.142: Total time for which application threads were stopped: 0.0781990 seconds, Stopping threads took: 0.0728910 seconds
325.144: Application time: 0.0012220 seconds
325.185: [GC325.185: [ParNew: 7224K->895K(8128K), 0.0018510 secs] 9597K->7788K(26052K), 0.0018880 secs] [Times: user=0.01 sys=0.00, real=0.01 secs] 
325.187: Total time for which application threads were stopped: 0.0432130 seconds, Stopping threads took: 0.0412420 seconds
325.266: Application time: 0.0791410 seconds
325.308: [GC325.308: [ParNew: 8119K->895K(8128K), 0.0011570 secs] 15012K->9805K(26052K), 0.0011920 secs] [Times: user=0.00 sys=0.00, real=0.00 secs] 
325.309: Total time for which application threads were stopped: 0.0433670 seconds, Stopping threads took: 0.0420910 seconds
325.388: Application time: 0.0789010 seconds
325.391: [GC325.391: [ParNew: 7943K->893K(8128K), 0.0005340 secs] 16853K->10218K(26052K), 0.0005650 secs] [Times: user=0.00 sys=0.00, real=0.00 secs] 
325.391: Total time for which application threads were stopped: 0.0031200 seconds, Stopping threads took: 0.0024750 seconds
325.392: Application time: 0.0010670 seconds
325.433: [GC325.433: [ParNew: 8039K->893K(8128K), 0.0021020 secs] 17364K->15613K(26052K), 0.0021370 secs] [Times: user=0.02 sys=0.00, real=0.00 secs] 
325.435: Total time for which application threads were stopped: 0.0427670 seconds, Stopping threads took: 0.0405650 seconds
325.524: Application time: 0.0892040 seconds
325.580: [GC325.580: [ParNew: 8019K->8019K(8128K), 0.0000100 secs]325.580: [Tenured: 14720K->3532K(17924K), 0.0047530 secs] 22740K->3532K(26052K), [Perm : 5144K->5144K(21248K)], 0.0048110 secs] [Times: user=0.00 sys=0.00, real=0.00 secs] 
325.585: Total time for which application threads were stopped: 0.0603230 seconds, Stopping threads took: 0.0554490 seconds
325.664: Application time: 0.0794870 seconds
325.667: [GC325.667: [ParNew: 7224K->42K(8128K), 0.0004740 secs] 10756K->3574K(26052K), 0.0005020 secs] [Times: user=0.00 sys=0.00, real=0.00 secs] 
325.668: Total time for which application threads were stopped: 0.0033770 seconds, Stopping threads took: 0.0028000 seconds
325.668: Application time: 0.0007530 seconds
325.669: [GC325.669: [ParNew: 7188K->895K(8128K), 0.0023670 secs] 10720K->10705K(26052K), 0.0024010 secs] [Times: user=0.01 sys=0.00, real=0.00 secs] 
325.671: Total time for which application threads were stopped: 0.0027980 seconds, Stopping threads took: 0.0003190 seconds
325.753: Application time: 0.0816530 seconds
325.818: [GC325.818: [ParNew: 8119K->825K(8128K), 0.0007480 secs] 17929K->11286K(26052K), 0.0007810 secs] [Times: user=0.00 sys=0.00, real=0.00 secs] 
325.819: Total time for which application threads were stopped: 0.0659390 seconds, Stopping threads took: 0.0650930 seconds
325.820: Application time: 0.0011240 seconds
325.895: [GC325.895: [ParNew: 7971K->893K(8128K), 0.0017190 secs] 18432K->14746K(26052K), 0.0017550 secs] [Times: user=0.01 sys=0.00, real=0.00 secs] 
325.897: Total time for which application threads were stopped: 0.0772580 seconds, Stopping threads took: 0.0754240 seconds
325.985: Application time: 0.0878120 seconds
326.042: [GC326.042: [ParNew: 7843K->7843K(8128K), 0.0000100 secs]326.042: [Tenured: 13853K->2515K(17924K), 0.0051620 secs] 21697K->2515K(26052K), [Perm : 5144K->5144K(21248K)], 0.0052190 secs] [Times: user=0.01 sys=0.00, real=0.01 secs] 
326.047: Total time for which application threads were stopped: 0.0620510 seconds, Stopping threads took: 0.0567710 seconds
326.048: Application time: 0.0011510 seconds
326.103: [GC326.103: [ParNew: 7146K->795K(8128K), 0.0015910 secs] 9661K->6826K(26052K), 0.0016260 secs] [Times: user=0.01 sys=0.00, real=0.00 secs] 
326.104: Total time for which application threads were stopped: 0.0560030 seconds, Stopping threads took: 0.0542980 seconds
326.183: Application time: 0.0783890 seconds
326.227: [GC326.227: [ParNew: 8019K->823K(8128K), 0.0007650 secs] 14050K->7847K(26052K), 0.0007980 secs] [Times: user=0.01 sys=0.00, real=0.00 secs] 
326.228: Total time for which application threads were stopped: 0.0453500 seconds, Stopping threads took: 0.0444750 seconds
326.307: Application time: 0.0787360 seconds
326.312: [GC326.312: [ParNew: 7871K->207K(8128K), 0.0004720 secs] 14895K->7311K(26052K), 0.0005020 secs] [Times: user=0.00 sys=0.00, real=0.00 secs] 
326.312: Total time for which application threads were stopped: 0.0053900 seconds, Stopping threads took: 0.0048360 seconds
326.313: Application time: 0.0008500 seconds
326.313: [GC326.313: [ParNew: 7353K->895K(8128K), 0.0020670 secs] 14457K->14444K(26052K), 0.0021000 secs] [Times: user=0.02 sys=0.00, real=0.00 secs] 
326.315: Total time for which application threads were stopped: 0.0023810 seconds, Stopping threads took: 0.0002220 seconds
326.397: Application time: 0.0815760 seconds
326.465: [GC326.465: [ParNew: 8021K->8021K(8128K), 0.0000100 secs]326.465: [Tenured: 13549K->1757K(17924K), 0.0052290 secs] 21570K->1757K(26052K), [Perm : 5144K->5144K(21248K)], 0.0052860 secs] [Times: user=0.01 sys=0.00, real=0.01 secs] 
326.470: Total time for which application threads were stopped: 0.0735380 seconds, Stopping threads took: 0.0681640 seconds
326.472: Application time: 0.0010810 seconds
326.512: [GC326.512: [ParNew: 7126K->825K(8128K), 0.0020500 secs] 8884K->7075K(26052K), 0.0020900 secs] [Times: user=0.01 sys=0.00, real=0.00 secs] 
326.515: Total time for which application threads were stopped: 0.0430490 seconds, Stopping threads took: 0.0408790 seconds
326.593: Application time: 0.0781830 seconds
326.635: [GC326.635: [ParNew: 7776K->889K(8128K), 0.0008290 secs] 14026K->7797K(26052K), 0.0008630 secs] [Times: user=0.00 sys=0.00, real=0.00 secs] 
326.636: Total time for which application threads were stopped: 0.0436090 seconds, Stopping threads took: 0.0426660 seconds
326.717: Application time: 0.0803720 seconds
326.722: [GC326.722: [ParNew: 8035K->16K(8128K), 0.0004710 secs] 14943K->6940K(26052K), 0.0005000 secs] [Times: user=0.01 sys=0.00, real=0.00 secs] 
326.722: Total time for which application threads were stopped: 0.0054970 seconds, Stopping threads took: 0.0049380 seconds
326.723: Application time: 0.0007800 seconds
326.723: [GC326.723: [ParNew: 7162K->895K(8128K), 0.0022940 secs] 14086K->14069K(26052K), 0.0023280 secs] [Times: user=0.02 sys=0.00, real=0.00 secs] 
326.726: Total time for which application threads were stopped: 0.0026750 seconds, Stopping threads took: 0.0002600 seconds
326.809: Application time: 0.0830670 seconds
326.880: [GC326.880: [ParNew: 8021K->8021K(8128K), 0.0000170 secs]326.880: [Tenured: 13174K->1620K(17924K), 0.0045540 secs] 21195K->1620K(26052K), [Perm : 5144K->5144K(21248K)], 0.0046200 secs] [Times: user=0.00 sys=0.00, real=0.00 secs] 
326.884: Total time for which application threads were stopped: 0.0754220 seconds, Stopping threads took: 0.0707440 seconds
326.885: Application time: 0.0012550 seconds
326.936: [GC326.936: [ParNew: 7224K->895K(8128K), 0.0015500 secs] 8844K->6840K(26052K), 0.0015830 secs] [Times: user=0.01 sys=0.00, real=0.00 secs] 
326.938: Total time for which application threads were stopped: 0.0522140 seconds, Stopping threads took: 0.0505740 seconds
327.017: Application time: 0.0790890 seconds
327.061: [GC327.061: [ParNew: 7943K->402K(8128K), 0.0003290 secs] 13888K->6388K(26052K), 0.0003600 secs] [Times: user=0.00 sys=0.00, real=0.00 secs] 
327.061: Total time for which application threads were stopped: 0.0442650 seconds, Stopping threads took: 0.0438180 seconds
327.062: Application time: 0.0009340 seconds
327.115: [GC327.115: [ParNew: 7548K->893K(8128K), 0.0018680 secs] 13534K->12445K(26052K), 0.0019000 secs] [Times: user=0.01 sys=0.01, real=0.00 secs] 
327.117: Total time for which application threads were stopped: 0.0545580 seconds, Stopping threads took: 0.0525810 seconds
327.198: Application time: 0.0816520 seconds
327.265: [GC327.265: [ParNew: 7745K->7745K(8128K), 0.0000110 secs]327.265: [Tenured: 11552K->1844K(17924K), 0.0046540 secs] 19298K->1844K(26052K), [Perm : 5144K->5144K(21248K)], 0.0047100 secs] [Times: user=0.00 sys=0.00, real=0.01 secs] 
327.270: Total time for which application threads were stopped: 0.0714480 seconds, Stopping threads took: 0.0666770 seconds
327.271: Application time: 0.0011220 seconds
327.311: [GC327.311: [ParNew: 7224K->895K(8128K), 0.0020230 secs] 9069K->8334K(26052K), 0.0020630 secs] [Times: user=0.02 sys=0.00, real=0.00 secs] 
327.313: Total time for which application threads were stopped: 0.0421710 seconds, Stopping threads took: 0.0400270 seconds
327.394: Application time: 0.0812160 seconds
327.462: [GC327.462: [ParNew: 7747K->402K(8128K), 0.0006150 secs] 15187K->7890K(26052K), 0.0006470 secs] [Times: user=0.01 sys=0.00, real=0.00 secs] 
327.463: Total time for which application threads were stopped: 0.0689820 seconds, Stopping threads took: 0.0682790 seconds
327.464: Application time: 0.0009240 seconds
327.505: [GC327.505: [ParNew: 7607K->895K(8128K), 0.0022980 secs] 15095K->13907K(26052K), 0.0023330 secs] [Times: user=0.01 sys=0.00, real=0.01 secs] 
327.507: Total time for which application threads were stopped: 0.0429350 seconds, Stopping threads took: 0.0405230 seconds
327.588: Application time: 0.0807900 seconds
327.649: [GC327.649: [ParNew: 8041K->8041K(8128K), 0.0000100 secs]327.649: [Tenured: 13012K->2125K(17924K), 0.0052950 secs] 21053K->2125K(26052K), [Perm : 5144K->5144K(21248K)], 0.0053500 secs] [Times: user=0.01 sys=0.00, real=0.00 secs] 
327.654: Total time for which application threads were stopped: 0.0664930 seconds, Stopping threads took: 0.0610540 seconds
327.655: Application time: 0.0010780 seconds
327.696: [GC327.696: [ParNew: 7146K->895K(8128K), 0.0019720 secs] 9271K->7708K(26052K), 0.0020090 secs] [Times: user=0.01 sys=0.00, real=0.01 secs] 
327.698: Total time for which application threads were stopped: 0.0429010 seconds, Stopping threads took: 0.0408240 seconds
327.777: Application time: 0.0790860 seconds
327.819: [GC327.819: [ParNew: 8021K->821K(8128K), 0.0004520 secs] 14834K->7658K(26052K), 0.0004830 secs] [Times: user=0.00 sys=0.00, real=0.00 secs] 
327.820: Total time for which application threads were stopped: 0.0421690 seconds, Stopping threads took: 0.0415980 seconds
327.821: Application time: 0.0010830 seconds
327.861: [GC327.861: [ParNew: 7967K->893K(8128K), 0.0019310 secs] 14804K->12677K(26052K), 0.0019660 secs] [Times: user=0.01 sys=0.00, real=0.00 secs] 
327.863: Total time for which application threads were stopped: 0.0426460 seconds, Stopping threads took: 0.0406260 seconds
327.956: Application time: 0.0924580 seconds
328.026: [GC328.026: [ParNew: 8117K->8117K(8128K), 0.0000110 secs]328.026: [Tenured: 11784K->1367K(17924K), 0.0046090 secs] 19901K->1367K(26052K), [Perm : 5144K->5144K(21248K)], 0.0046630 secs] [Times: user=0.01 sys=0.00, real=0.00 secs] 
328.031: Total time for which application threads were stopped: 0.0752760 seconds, Stopping threads took: 0.0705320 seconds
328.032: Application time: 0.0010510 seconds
328.032: [GC328.032: [ParNew: 7146K->893K(8128K), 0.0023630 secs] 8513K->8511K(26052K), 0.0023990 secs] [Times: user=0.02 sys=0.00, real=0.00 secs] 
328.035: Total time for which application threads were stopped: 0.0028070 seconds, Stopping threads took: 0.0003290 seconds
328.117: Application time: 0.0819550 seconds
328.187: [GC328.187: [ParNew: 7941K->205K(8128K), 0.0006250 secs] 15559K->7839K(26052K), 0.0006550 secs] [Times: user=0.00 sys=0.00, real=0.00 secs] 
328.188: Total time for which application threads were stopped: 0.0711140 seconds, Stopping threads took: 0.0703730 seconds
328.189: Application time: 0.0008960 seconds
328.189: [GC328.189: [ParNew: 7351K->895K(8128K), 0.0023410 secs] 14985K->14974K(26052K), 0.0023710 secs] [Times: user=0.02 sys=0.00, real=0.00 secs] 
328.191: Total time for which application threads were stopped: 0.0026870 seconds, Stopping threads took: 0.0002400 seconds
328.276: Application time: 0.0844970 seconds
328.352: [GC328.352: [ParNew: 7943K->7943K(8128K), 0.0000100 secs]328.352: [Tenured: 14079K->1759K(17924K), 0.0051980 secs] 22022K->1759K(26052K), [Perm : 5144K->5144K(21248K)], 0.0052530 secs] [Times: user=0.01 sys=0.00, real=0.00 secs] 
328.357: Total time for which application threads were stopped: 0.0808230 seconds, Stopping threads took: 0.0755090 seconds
328.358: Application time: 0.0010980 seconds
328.399: [GC328.399: [ParNew: 7224K->895K(8128K), 0.0019290 secs] 8983K->7174K(26052K), 0.0019670 secs] [Times: user=0.01 sys=0.00, real=0.00 secs] 
328.401: Total time for which application threads were stopped: 0.0427710 seconds, Stopping threads took: 0.0407280 seconds
328.480: Application time: 0.0796170 seconds
328.522: [GC328.522: [ParNew: 7748K->402K(8128K), 0.0002990 secs] 14027K->6738K(26052K), 0.0003310 secs] [Times: user=0.00 sys=0.00, real=0.00 secs] 
328.522: Total time for which application threads were stopped: 0.0416410 seconds, Stopping threads took: 0.0412540 seconds
328.523: Application time: 0.0010050 seconds
328.564: [GC328.564: [ParNew: 7548K->895K(8128K), 0.0019500 secs] 13884K->12797K(26052K), 0.0019850 secs] [Times: user=0.02 sys=0.00, real=0.00 secs] 
328.566: Total time for which application threads were stopped: 0.0427320 seconds, Stopping threads took: 0.0406590 seconds
328.647: Application time: 0.0812520 seconds
328.715: [GC328.715: [ParNew: 7747K->7747K(8128K), 0.0000100 secs]328.715: [Tenured: 11902K->1787K(17924K), 0.0051260 secs] 19650K->1787K(26052K), [Perm : 5144K->5144K(21248K)], 0.0051810 secs] [Times: user=0.00 sys=0.00, real=0.01 secs] 
328.720: Total time for which application threads were stopped: 0.0733950 seconds, Stopping threads took: 0.0681200 seconds
328.721: Application time: 0.0011000 seconds
328.765: [GC328.765: [ParNew: 7224K->895K(8128K), 0.0020420 secs] 9012K->8277K(26052K), 0.0020820 secs] [Times: user=0.01 sys=0.00, real=0.01 secs] 
328.767: Total time for which application threads were stopped: 0.0453120 seconds, Stopping threads took: 0.0431490 seconds
328.848: Application time: 0.0814970 seconds
328.916: [GC328.916: [ParNew: 7943K->594K(8128K), 0.0006300 secs] 15325K->8024K(26052K), 0.0006610 secs] [Times: user=0.00 sys=0.00, real=0.00 secs] 
328.917: Total time for which application threads were stopped: 0.0682300 seconds, Stopping threads took: 0.0674850 seconds
328.917: Application time: 0.0009280 seconds
328.968: [GC328.968: [ParNew: 7799K->853K(8128K), 0.0018670 secs] 15229K->12987K(26052K), 0.0019040 secs] [Times: user=0.01 sys=0.00, real=0.00 secs] 
328.970: Total time for which application threads were stopped: 0.0528440 seconds, Stopping threads took: 0.0508620 seconds
329.061: Application time: 0.0907300 seconds
329.131: [GC329.131: [ParNew: 8077K->8077K(8128K), 0.0000100 secs]329.131: [Tenured: 12134K->2291K(17924K), 0.0053010 secs] 20212K->2291K(26052K), [Perm : 5144K->5144K(21248K)], 0.0053600 secs] [Times: user=0.00 sys=0.00, real=0.00 secs] 
329.137: Total time for which application threads were stopped: 0.0755820 seconds, Stopping threads took: 0.0701600 seconds
329.138: Application time: 0.0012240 seconds
329.191: [GC329.191: [ParNew: 7146K->797K(8128K), 0.0015290 secs] 9438K->6995K(26052K), 0.0015700 secs] [Times: user=0.01 sys=0.00, real=0.00 secs] 
329.193: Total time for which application threads were stopped: 0.0550240 seconds, Stopping threads took: 0.0533760 seconds
329.284: Application time: 0.0912730 seconds
329.353: [GC329.353: [ParNew: 7943K->12K(8128K), 0.0005260 secs] 14141K->6242K(26052K), 0.0005570 secs] [Times: user=0.00 sys=0.00, real=0.00 secs] 
329.354: Total time for which application threads were stopped: 0.0695260 seconds, Stopping threads took: 0.0688940 seconds
329.355: Application time: 0.0009330 seconds
329.395: [GC329.395: [ParNew: 7236K->825K(8128K), 0.0020420 secs] 13466K->12329K(26052K), 0.0020770 secs] [Times: user=0.01 sys=0.00, real=0.00 secs] 
329.397: Total time for which application threads were stopped: 0.0428360 seconds, Stopping threads took: 0.0406820 seconds
329.480: Application time: 0.0822360 seconds
329.547: [GC329.547: [ParNew: 7873K->7873K(8128K), 0.0000100 secs]329.547: [Tenured: 11504K->1563K(17924K), 0.0052480 secs] 19377K->1563K(26052K), [Perm : 5144K->5144K(21248K)], 0.0053040 secs] [Times: user=0.01 sys=0.00, real=0.00 secs] 
329.553: Total time for which application threads were stopped: 0.0729230 seconds, Stopping threads took: 0.0675370 seconds
329.554: Application time: 0.0013070 seconds
329.554: [GC329.554: [ParNew: 7146K->895K(8128K), 0.0021780 secs] 8709K->8708K(26052K), 0.0022110 secs] [Times: user=0.01 sys=0.00, real=0.00 secs] 
329.556: Total time for which application threads were stopped: 0.0024620 seconds, Stopping threads took: 0.0001880 seconds
329.637: Application time: 0.0809270 seconds
329.710: [GC329.710: [ParNew: 7943K->402K(8128K), 0.0005980 secs] 15757K->8232K(26052K), 0.0006290 secs] [Times: user=0.00 sys=0.00, real=0.00 secs] 
329.711: Total time for which application threads were stopped: 0.0732470 seconds, Stopping threads took: 0.0725410 seconds
329.711: Application time: 0.0008980 seconds
329.752: [GC329.752: [ParNew: 7627K->893K(8128K), 0.0021850 secs] 15456K->14317K(26052K), 0.0022200 secs] [Times: user=0.01 sys=0.00, real=0.00 secs] 
329.754: Total time for which application threads were stopped: 0.0429880 seconds, Stopping threads took: 0.0407100 seconds
329.835: Application time: 0.0803570 seconds
329.904: [GC329.904: [ParNew: 7745K->7745K(8128K), 0.0000100 secs]329.904: [Tenured: 13424K->1983K(17924K), 0.0051580 secs] 21170K->1983K(26052K), [Perm : 5144K->5144K(21248K)], 0.0052150 secs] [Times: user=0.00 sys=0.00, real=0.01 secs] 
329.910: Total time for which application threads were stopped: 0.0748090 seconds, Stopping threads took: 0.0695030 seconds
329.911: Application time: 0.0011070 seconds
329.951: [GC329.951: [ParNew: 7224K->893K(8128K), 0.0020210 secs] 9207K->8471K(26052K), 0.0020600 secs] [Times: user=0.02 sys=0.00, real=0.00 secs] 
329.954: Total time for which application threads were stopped: 0.0428140 seconds, Stopping threads took: 0.0406720 seconds
330.035: Application time: 0.0809970 seconds
330.103: [GC330.103: [ParNew: 7941K->598K(8128K), 0.0005850 secs] 15519K->8216K(26052K), 0.0006160 secs] [Times: user=0.00 sys=0.00, real=0.00 secs] 
330.103: Total time for which application threads were stopped: 0.0689090 seconds, Stopping threads took: 0.0682080 seconds
330.106: Application time: 0.0028950 seconds
330.180: [GC330.180: [ParNew: 7744K->793K(8128K), 0.0009820 secs] 15362K->9990K(26052K), 0.0010170 secs] [Times: user=0.00 sys=0.00, real=0.00 secs] 
330.181: Total time for which application threads were stopped: 0.0749330 seconds, Stopping threads took: 0.0738560 seconds
330.269: Application time: 0.0877760 seconds
330.275: [GC330.275: [ParNew: 7841K->795K(8128K), 0.0004050 secs] 17038K->10008K(26052K), 0.0004360 secs] [Times: user=0.00 sys=0.00, real=0.00 secs] 
330.275: Total time for which application threads were stopped: 0.0060090 seconds, Stopping threads took: 0.0054970 seconds
330.276: Application time: 0.0009410 seconds
330.316: [GC330.316: [ParNew: 7941K->895K(8128K), 0.0022380 secs] 17154K->16073K(26052K), 0.0022770 secs] [Times: user=0.01 sys=0.00, real=0.01 secs] 
330.319: Total time for which application threads were stopped: 0.0425440 seconds, Stopping threads took: 0.0401890 seconds
330.407: Application time: 0.0888130 seconds
330.482: [GC330.482: [ParNew: 8041K->8041K(8128K), 0.0000110 secs]330.482: [Tenured: 15178K->2013K(17924K), 0.0050600 secs] 23219K->2013K(26052K), [Perm : 5144K->5144K(21248K)], 0.0051120 secs] [Times: user=0.00 sys=0.00, real=0.01 secs] 
330.487: Total time for which application threads were stopped: 0.0793660 seconds, Stopping threads took: 0.0741650 seconds
330.488: Application time: 0.0012480 seconds
330.528: [GC330.528: [ParNew: 7202K->895K(8128K), 0.0019500 secs] 9215K->8050K(26052K), 0.0019840 secs] [Times: user=0.01 sys=0.00, real=0.00 secs] 
330.530: Total time for which application threads were stopped: 0.0423320 seconds, Stopping threads took: 0.0402900 seconds
330.611: Application time: 0.0811560 seconds
330.680: [GC330.680: [ParNew: 8040K->205K(8128K), 0.0006770 secs] 15196K->7417K(26052K), 0.0007070 secs] [Times: user=0.00 sys=0.00, real=0.00 secs] 
330.681: Total time for which application threads were stopped: 0.0691470 seconds, Stopping threads took: 0.0683650 seconds
330.682: Application time: 0.0009600 seconds
330.735: [GC330.735: [ParNew: 7429K->895K(8128K), 0.0022110 secs] 14641K->13506K(26052K), 0.0022470 secs] [Times: user=0.02 sys=0.00, real=0.00 secs] 
330.737: Total time for which application threads were stopped: 0.0551900 seconds, Stopping threads took: 0.0528660 seconds
330.819: Application time: 0.0821890 seconds
330.885: [GC330.885: [ParNew: 8021K->8021K(8128K), 0.0000110 secs]330.885: [Tenured: 12611K->2517K(17924K), 0.0053090 secs] 20632K->2517K(26052K), [Perm : 5144K->5144K(21248K)], 0.0053640 secs] [Times: user=0.01 sys=0.00, real=0.01 secs] 
330.891: Total time for which application threads were stopped: 0.0715500 seconds, Stopping threads took: 0.0661030 seconds
330.892: Application time: 0.0012840 seconds
330.933: [GC330.933: [ParNew: 7224K->895K(8128K), 0.0017300 secs] 9741K->7932K(26052K), 0.0017660 secs] [Times: user=0.01 sys=0.00, real=0.00 secs] 
330.935: Total time for which application threads were stopped: 0.0428620 seconds, Stopping threads took: 0.0410390 seconds
331.014: Application time: 0.0789450 seconds
331.056: [GC331.056: [ParNew: 7748K->398K(8128K), 0.0003190 secs] 14785K->7492K(26052K), 0.0003460 secs] [Times: user=0.00 sys=0.00, real=0.00 secs] 
331.056: Total time for which application threads were stopped: 0.0427260 seconds, Stopping threads took: 0.0422940 seconds
331.057: Application time: 0.0010110 seconds
331.098: [GC331.098: [ParNew: 7544K->895K(8128K), 0.0021940 secs] 14638K->13555K(26052K), 0.0022290 secs] [Times: user=0.01 sys=0.00, real=0.00 secs] 
331.100: Total time for which application threads were stopped: 0.0430010 seconds, Stopping threads took: 0.0406920 seconds
331.181: Application time: 0.0801750 seconds
331.249: [GC331.249: [ParNew: 7826K->7826K(8128K), 0.0000100 secs]331.249: [Tenured: 12660K->1759K(17924K), 0.0045910 secs] 20486K->1759K(26052K), [Perm : 5144K->5144K(21248K)], 0.0046480 secs] [Times: user=0.01 sys=0.00, real=0.00 secs] 
331.254: Total time for which application threads were stopped: 0.0730650 seconds, Stopping threads took: 0.0683350 seconds
331.255: Application time: 0.0010950 seconds
331.299: [GC331.299: [ParNew: 7146K->895K(8128K), 0.0019370 secs] 8905K->7146K(26052K), 0.0019760 secs] [Times: user=0.01 sys=0.00, real=0.00 secs] 
331.301: Total time for which application threads were stopped: 0.0463910 seconds, Stopping threads took: 0.0443570 seconds
331.380: Application time: 0.0788550 seconds
331.422: [GC331.422: [ParNew: 8041K->791K(8128K), 0.0008200 secs] 14292K->8043K(26052K), 0.0008530 secs] [Times: user=0.00 sys=0.00, real=0.00 secs] 
331.423: Total time for which application threads were stopped: 0.0425920 seconds, Stopping threads took: 0.0416790 seconds
331.512: Application time: 0.0893020 seconds
331.521: [GC331.521: [ParNew: 7839K->207K(8128K), 0.0002510 secs] 15092K->7467K(26052K), 0.0002830 secs] [Times: user=0.00 sys=0.01, real=0.00 secs] 
331.521: Total time for which application threads were stopped: 0.0095500 seconds, Stopping threads took: 0.0092120 seconds
331.522: Application time: 0.0007710 seconds
331.522: [GC331.522: [ParNew: 7353K->895K(8128K), 0.0023050 secs] 14613K->14601K(26052K), 0.0023380 secs] [Times: user=0.02 sys=0.00, real=0.00 secs] 
331.525: Total time for which application threads were stopped: 0.0025220 seconds, Stopping threads took: 0.0001060 seconds
331.605: Application time: 0.0807550 seconds
331.673: [GC331.673: [ParNew: 8119K->8119K(8128K), 0.0000090 secs]331.673: [Tenured: 13706K->2960K(17924K), 0.0046830 secs] 21825K->2960K(26052K), [Perm : 5144K->5144K(21248K)], 0.0047400 secs] [Times: user=0.00 sys=0.00, real=0.01 secs] 
331.678: Total time for which application threads were stopped: 0.0726900 seconds, Stopping threads took: 0.0678680 seconds
331.756: Application time: 0.0779410 seconds
331.761: [GC331.761: [ParNew: 7048K->14K(8128K), 0.0004180 secs] 10008K->2974K(26052K), 0.0004470 secs] [Times: user=0.00 sys=0.00, real=0.00 secs] 
331.761: Total time for which application threads were stopped: 0.0053350 seconds, Stopping threads took: 0.0048120 seconds
331.762: Application time: 0.0007850 seconds
331.763: [GC331.763: [ParNew: 7238K->895K(8128K), 0.0021820 secs] 10198K->10133K(26052K), 0.0022130 secs] [Times: user=0.01 sys=0.00, real=0.00 secs] 
331.765: Total time for which application threads were stopped: 0.0025780 seconds, Stopping threads took: 0.0002890 seconds
331.847: Application time: 0.0819750 seconds
331.915: [GC331.915: [ParNew: 7943K->891K(8128K), 0.0006660 secs] 17181K->10560K(26052K), 0.0015280 secs] [Times: user=0.00 sys=0.00, real=0.00 secs] 
331.916: Total time for which application threads were stopped: 0.0693860 seconds, Stopping threads took: 0.0677780 seconds
331.917: Application time: 0.0011390 seconds
331.986: [GC331.986: [ParNew: 8037K->891K(8128K), 0.0018210 secs] 17706K->14873K(26052K), 0.0018580 secs] [Times: user=0.01 sys=0.00, real=0.00 secs] 
331.988: Total time for which application threads were stopped: 0.0705650 seconds, Stopping threads took: 0.0686280 seconds
332.067: Application time: 0.0787630 seconds
332.108: [GC332.108: [ParNew: 7939K->7939K(8128K), 0.0000110 secs]332.108: [Tenured: 13982K->1817K(17924K), 0.0052160 secs] 21921K->1817K(26052K), [Perm : 5144K->5144K(21248K)], 0.0052710 secs] [Times: user=0.01 sys=0.00, real=0.00 secs] 
332.113: Total time for which application threads were stopped: 0.0462860 seconds, Stopping threads took: 0.0409320 seconds
332.114: Application time: 0.0010980 seconds
332.155: [GC332.155: [ParNew: 7146K->893K(8128K), 0.0018560 secs] 8963K->7203K(26052K), 0.0019100 secs] [Times: user=0.01 sys=0.00, real=0.00 secs] 
332.157: Total time for which application threads were stopped: 0.0427230 seconds, Stopping threads took: 0.0407390 seconds
332.238: Application time: 0.0811630 seconds
332.278: [GC332.278: [ParNew: 7746K->404K(8128K), 0.0006350 secs] 14055K->6738K(26052K), 0.0006660 secs] [Times: user=0.00 sys=0.00, real=0.00 secs] 
332.279: Total time for which application threads were stopped: 0.0408610 seconds, Stopping threads took: 0.0401120 seconds
332.280: Application time: 0.0010070 seconds
332.320: [GC332.320: [ParNew: 7629K->895K(8128K), 0.0019120 secs] 13963K->11749K(26052K), 0.0019550 secs] [Times: user=0.01 sys=0.00, real=0.00 secs] 
332.322: Total time for which application threads were stopped: 0.0425410 seconds, Stopping threads took: 0.0405090 seconds
332.401: Application time: 0.0787480 seconds
332.443: [GC332.443: [ParNew: 8119K->825K(8128K), 0.0008320 secs] 18973K->12688K(26052K), 0.0008640 secs] [Times: user=0.01 sys=0.00, real=0.00 secs] 
332.444: Total time for which application threads were stopped: 0.0432340 seconds, Stopping threads took: 0.0422910 seconds
332.529: Application time: 0.0841900 seconds
332.544: [GC332.544: [ParNew: 7913K->7913K(8128K), 0.0000100 secs]332.544: [Tenured: 11863K->1569K(17924K), 0.0051460 secs] 19776K->1569K(26052K), [Perm : 5144K->5144K(21248K)], 0.0052000 secs] [Times: user=0.00 sys=0.00, real=0.01 secs] 
332.549: Total time for which application threads were stopped: 0.0205280 seconds, Stopping threads took: 0.0152450 seconds
332.550: Application time: 0.0010450 seconds
332.550: [GC332.550: [ParNew: 7146K->895K(8128K), 0.0023720 secs] 8715K->8714K(26052K), 0.0024100 secs] [Times: user=0.02 sys=0.00, real=0.00 secs] 
332.553: Total time for which application threads were stopped: 0.0027630 seconds, Stopping threads took: 0.0002830 seconds
332.634: Application time: 0.0808470 seconds
332.704: [GC332.704: [ParNew: 8021K->239K(8128K), 0.0005740 secs] 15840K->8083K(26052K), 0.0006080 secs] [Times: user=0.00 sys=0.00, real=0.00 secs] 
332.704: Total time for which application threads were stopped: 0.0704560 seconds, Stopping threads took: 0.0697720 seconds
332.705: Application time: 0.0008660 seconds
332.705: [GC332.705: [ParNew: 7385K->895K(8128K), 0.0023330 secs] 15229K->15212K(26052K), 0.0023650 secs] [Times: user=0.01 sys=0.00, real=0.01 secs] 
332.708: Total time for which application threads were stopped: 0.0027370 seconds, Stopping threads took: 0.0002960 seconds
332.789: Application time: 0.0814570 seconds
332.858: [GC332.858: [ParNew: 7943K->7943K(8128K), 0.0000100 secs]332.858: [Tenured: 14317K->1759K(17924K), 0.0044890 secs] 22260K->1759K(26052K), [Perm : 5144K->5144K(21248K)], 0.0045420 secs] [Times: user=0.01 sys=0.00, real=0.00 secs] 
332.863: Total time for which application threads were stopped: 0.0734330 seconds, Stopping threads took: 0.0688030 seconds
332.864: Application time: 0.0010980 seconds
332.904: [GC332.904: [ParNew: 7146K->895K(8128K), 0.0022550 secs] 8905K->8221K(26052K), 0.0022930 secs] [Times: user=0.02 sys=0.00, real=0.01 secs] 
332.907: Total time for which application threads were stopped: 0.0427500 seconds, Stopping threads took: 0.0403980 seconds
332.989: Application time: 0.0822600 seconds
333.053: [GC333.053: [ParNew: 7748K->400K(8128K), 0.0006610 secs] 15074K->7743K(26052K), 0.0006930 secs] [Times: user=0.00 sys=0.00, real=0.00 secs] 
333.053: Total time for which application threads were stopped: 0.0644840 seconds, Stopping threads took: 0.0637160 seconds
333.054: Application time: 0.0008700 seconds
333.054: [GC333.054: [ParNew: 7546K->895K(8128K), 0.0024110 secs] 14889K->14878K(26052K), 0.0024470 secs] [Times: user=0.02 sys=0.00, real=0.00 secs] 
333.057: Total time for which application threads were stopped: 0.0026710 seconds, Stopping threads took: 0.0001690 seconds
333.138: Application time: 0.0811730 seconds
333.210: [GC333.210: [ParNew: 7826K->7826K(8128K), 0.0000100 secs]333.210: [Tenured: 13983K->2179K(17924K), 0.0051290 secs] 21809K->2179K(26052K), [Perm : 5144K->5144K(21248K)], 0.0051860 secs] [Times: user=0.00 sys=0.00, real=0.00 secs] 
333.216: Total time for which application threads were stopped: 0.0776030 seconds, Stopping threads took: 0.0723330 seconds
333.217: Application time: 0.0010390 seconds
333.257: [GC333.257: [ParNew: 7146K->797K(8128K), 0.0021230 secs] 9325K->8641K(26052K), 0.0021620 secs] [Times: user=0.01 sys=0.00, real=0.01 secs] 
333.259: Total time for which application threads were stopped: 0.0426700 seconds, Stopping threads took: 0.0404280 seconds
333.341: Application time: 0.0819110 seconds
333.410: [GC333.410: [ParNew: 7650K->400K(8128K), 0.0005260 secs] 15494K->8268K(26052K), 0.0005650 secs] [Times: user=0.00 sys=0.00, real=0.00 secs] 
333.411: Total time for which application threads were stopped: 0.0697090 seconds, Stopping threads took: 0.0690600 seconds
333.412: Application time: 0.0008890 seconds
333.452: [GC333.453: [ParNew: 7449K->893K(8128K), 0.0021190 secs] 15317K->14230K(26052K), 0.0021560 secs] [Times: user=0.01 sys=0.00, real=0.00 secs] 
333.455: Total time for which application threads were stopped: 0.0428680 seconds, Stopping threads took: 0.0406370 seconds
333.535: Application time: 0.0805570 seconds
333.604: [GC333.604: [ParNew: 7843K->7843K(8128K), 0.0000100 secs]333.604: [Tenured: 13337K->2180K(17924K), 0.0052410 secs] 21180K->2180K(26052K), [Perm : 5144K->5144K(21248K)], 0.0052990 secs] [Times: user=0.00 sys=0.00, real=0.01 secs] 
333.610: Total time for which application threads were stopped: 0.0744540 seconds, Stopping threads took: 0.0690630 seconds
333.611: Application time: 0.0010350 seconds
333.652: [GC333.652: [ParNew: 7048K->895K(8128K), 0.0021700 secs] 9228K->8544K(26052K), 0.0022070 secs] [Times: user=0.02 sys=0.00, real=0.00 secs] 
333.655: Total time for which application threads were stopped: 0.0439330 seconds, Stopping threads took: 0.0416470 seconds
333.735: Application time: 0.0805060 seconds
333.803: [GC333.803: [ParNew: 7845K->400K(8128K), 0.0005720 secs] 15495K->8074K(26052K), 0.0006010 secs] [Times: user=0.01 sys=0.00, real=0.00 secs] 
333.804: Total time for which application threads were stopped: 0.0686890 seconds, Stopping threads took: 0.0680240 seconds
333.805: Application time: 0.0009440 seconds
333.845: [GC333.845: [ParNew: 7624K->895K(8128K), 0.0022000 secs] 15298K->14163K(26052K), 0.0022380 secs] [Times: user=0.01 sys=0.00, real=0.01 secs] 
333.847: Total time for which application threads were stopped: 0.0423640 seconds, Stopping threads took: 0.0400470 seconds
333.937: Application time: 0.0900850 seconds
334.012: [GC334.012: [ParNew: 7826K->7826K(8128K), 0.0000100 secs]334.012: [Tenured: 13268K->2237K(17924K), 0.0045130 secs] 21094K->2237K(26052K), [Perm : 5144K->5144K(21248K)], 0.0045690 secs] [Times: user=0.01 sys=0.00, real=0.00 secs] 
334.017: Total time for which application threads were stopped: 0.0797200 seconds, Stopping threads took: 0.0750710 seconds
334.018: Application time: 0.0011000 seconds
334.063: [GC334.063: [ParNew: 7224K->895K(8128K), 0.0016660 secs] 9461K->7652K(26052K), 0.0017030 secs] [Times: user=0.01 sys=0.00, real=0.00 secs] 
334.065: Total time for which application threads were stopped: 0.0468670 seconds, Stopping threads took: 0.0451070 seconds
334.144: Application time: 0.0790350 seconds
334.186: [GC334.186: [ParNew: 8041K->791K(8128K), 0.0008520 secs] 14798K->8573K(26052K), 0.0008830 secs] [Times: user=0.01 sys=0.00, real=0.00 secs] 
334.187: Total time for which application threads were stopped: 0.0429960 seconds, Stopping threads took: 0.0420350 seconds
334.266: Application time: 0.0788720 seconds
334.269: [GC334.269: [ParNew: 7918K->239K(8128K), 0.0003320 secs] 15700K->8029K(26052K), 0.0003680 secs] [Times: user=0.00 sys=0.00, real=0.00 secs] 
334.270: Total time for which application threads were stopped: 0.0038220 seconds, Stopping threads took: 0.0033790 seconds
334.271: Application time: 0.0008200 seconds
334.271: [GC334.271: [ParNew: 7463K->895K(8128K), 0.0020290 secs] 15254K->15187K(26052K), 0.0020610 secs] [Times: user=0.01 sys=0.00, real=0.00 secs] 
334.273: Total time for which application threads were stopped: 0.0022930 seconds, Stopping threads took: 0.0001740 seconds
334.353: Application time: 0.0805980 seconds
334.428: [GC334.428: [ParNew: 8021K->8021K(8128K), 0.0000110 secs]334.428: [Tenured: 14292K->1760K(17924K), 0.0052760 secs] 22313K->1760K(26052K), [Perm : 5144K->5144K(21248K)], 0.0053300 secs] [Times: user=0.00 sys=0.00, real=0.00 secs] 
334.433: Total time for which application threads were stopped: 0.0797940 seconds, Stopping threads took: 0.0744020 seconds
334.434: Application time: 0.0010510 seconds
334.434: [GC334.434: [ParNew: 7146K->895K(8128K), 0.0020980 secs] 8906K->8905K(26052K), 0.0021450 secs] [Times: user=0.01 sys=0.00, real=0.00 secs] 
334.437: Total time for which application threads were stopped: 0.0023780 seconds, Stopping threads took: 0.0001740 seconds
334.518: Application time: 0.0813040 seconds
334.588: [GC334.588: [ParNew: 8021K->628K(8128K), 0.0004500 secs] 16032K->8654K(26052K), 0.0004820 secs] [Times: user=0.00 sys=0.00, real=0.00 secs] 
334.589: Total time for which application threads were stopped: 0.0706190 seconds, Stopping threads took: 0.0700730 seconds
334.589: Application time: 0.0008860 seconds
334.630: [GC334.630: [ParNew: 7774K->895K(8128K), 0.0016840 secs] 15800K->13657K(26052K), 0.0017180 secs] [Times: user=0.02 sys=0.00, real=0.00 secs] 
334.632: Total time for which application threads were stopped: 0.0422150 seconds, Stopping threads took: 0.0404410 seconds
334.731: Application time: 0.0990730 seconds
334.782: [GC334.782: [ParNew: 8021K->8021K(8128K), 0.0000110 secs]334.782: [Tenured: 12762K->2599K(17924K), 0.0046900 secs] 20784K->2599K(26052K), [Perm : 5144K->5144K(21248K)], 0.0047460 secs] [Times: user=0.00 sys=0.00, real=0.01 secs] 
334.787: Total time for which application threads were stopped: 0.0557860 seconds, Stopping threads took: 0.0509800 seconds
334.788: Application time: 0.0011410 seconds
334.828: [GC334.828: [ParNew: 7146K->895K(8128K), 0.0024320 secs] 9745K->9451K(26052K), 0.0024690 secs] [Times: user=0.02 sys=0.00, real=0.00 secs] 
334.830: Total time for which application threads were stopped: 0.0426490 seconds, Stopping threads took: 0.0401010 seconds
334.912: Application time: 0.0814360 seconds
334.979: [GC334.979: [ParNew: 7943K->598K(8128K), 0.0006540 secs] 16500K->9561K(26052K), 0.0006860 secs] [Times: user=0.00 sys=0.00, real=0.00 secs] 
334.980: Total time for which application threads were stopped: 0.0679940 seconds, Stopping threads took: 0.0672330 seconds
334.981: Application time: 0.0010690 seconds
335.021: [GC335.021: [ParNew: 7744K->893K(8128K), 0.0021820 secs] 16707K->16025K(26052K), 0.0022180 secs] [Times: user=0.02 sys=0.00, real=0.00 secs] 
335.023: Total time for which application threads were stopped: 0.0421410 seconds, Stopping threads took: 0.0398450 seconds
335.124: Application time: 0.1009410 seconds
335.191: [GC335.191: [ParNew: 8039K->8039K(8128K), 0.0000120 secs]335.191: [Tenured: 15132K->2014K(17924K), 0.0053760 secs] 23171K->2014K(26052K), [Perm : 5144K->5144K(21248K)], 0.0054300 secs] [Times: user=0.01 sys=0.00, real=0.00 secs] 
335.197: Total time for which application threads were stopped: 0.0728290 seconds, Stopping threads took: 0.0673310 seconds
335.198: Application time: 0.0012490 seconds
335.238: [GC335.238: [ParNew: 7146K->795K(8128K), 0.0020160 secs] 9160K->8278K(26052K), 0.0020520 secs] [Times: user=0.01 sys=0.00, real=0.00 secs] 
335.240: Total time for which application threads were stopped: 0.0420990 seconds, Stopping threads took: 0.0399660 seconds
335.321: Application time: 0.0806060 seconds
335.389: [GC335.389: [ParNew: 7843K->404K(8128K), 0.0005850 secs] 15326K->7904K(26052K), 0.0006170 secs] [Times: user=0.00 sys=0.00, real=0.00 secs] 
335.389: Total time for which application threads were stopped: 0.0685680 seconds, Stopping threads took: 0.0678740 seconds
335.390: Application time: 0.0009210 seconds
335.432: [GC335.432: [ParNew: 7550K->895K(8128K), 0.0023800 secs] 15050K->13961K(26052K), 0.0024140 secs] [Times: user=0.01 sys=0.00, real=0.00 secs] 
335.434: Total time for which application threads were stopped: 0.0439360 seconds, Stopping threads took: 0.0414450 seconds
335.515: Application time: 0.0805750 seconds
335.584: [GC335.584: [ParNew: 7748K->7748K(8128K), 0.0000100 secs]335.584: [Tenured: 13066K->2209K(17924K), 0.0051970 secs] 20814K->2209K(26052K), [Perm : 5144K->5144K(21248K)], 0.0052500 secs] [Times: user=0.00 sys=0.00, real=0.01 secs] 
335.589: Total time for which application threads were stopped: 0.0746270 seconds, Stopping threads took: 0.0692970 seconds
335.591: Application time: 0.0013190 seconds
335.646: [GC335.646: [ParNew: 7146K->895K(8128K), 0.0017630 secs] 9355K->7597K(26052K), 0.0018020 secs] [Times: user=0.01 sys=0.00, real=0.00 secs] 
335.648: Total time for which application threads were stopped: 0.0573270 seconds, Stopping threads took: 0.0554510 seconds
335.729: Application time: 0.0809660 seconds
335.770: [GC335.770: [ParNew: 7748K->402K(8128K), 0.0006290 secs] 14450K->7120K(26052K), 0.0006590 secs] [Times: user=0.00 sys=0.00, real=0.00 secs] 
335.770: Total time for which application threads were stopped: 0.0413090 seconds, Stopping threads took: 0.0405670 seconds
335.771: Application time: 0.0009020 seconds
335.812: [GC335.812: [ParNew: 7548K->891K(8128K), 0.0019680 secs] 14266K->12101K(26052K), 0.0020040 secs] [Times: user=0.00 sys=0.01, real=0.00 secs] 
335.814: Total time for which application threads were stopped: 0.0428810 seconds, Stopping threads took: 0.0408220 seconds
335.893: Application time: 0.0786790 seconds
335.934: [GC335.934: [ParNew: 7978K->7978K(8128K), 0.0000110 secs]335.934: [Tenured: 11210K->1760K(17924K), 0.0050940 secs] 19189K->1760K(26052K), [Perm : 5144K->5144K(21248K)], 0.0051510 secs] [Times: user=0.00 sys=0.00, real=0.01 secs] 
335.939: Total time for which application threads were stopped: 0.0464620 seconds, Stopping threads took: 0.0412290 seconds
335.940: Application time: 0.0011140 seconds
335.981: [GC335.981: [ParNew: 7146K->895K(8128K), 0.0018820 secs] 8906K->7148K(26052K), 0.0019200 secs] [Times: user=0.01 sys=0.00, real=0.00 secs] 
335.983: Total time for which application threads were stopped: 0.0427700 seconds, Stopping threads took: 0.0407720 seconds
336.062: Application time: 0.0788230 seconds
336.104: [GC336.104: [ParNew: 7982K->895K(8128K), 0.0007010 secs] 14235K->7842K(26052K), 0.0007340 secs] [Times: user=0.00 sys=0.00, real=0.00 secs] 
336.105: Total time for which application threads were stopped: 0.0432210 seconds, Stopping threads took: 0.0424100 seconds
336.195: Application time: 0.0898170 seconds
336.203: [GC336.203: [ParNew: 8041K->10K(8128K), 0.0004210 secs] 14988K->7013K(26052K), 0.0004530 secs] [Times: user=0.00 sys=0.00, real=0.00 secs] 
336.203: Total time for which application threads were stopped: 0.0082660 seconds, Stopping threads took: 0.0077470 seconds
336.204: Application time: 0.0007500 seconds
336.204: [GC336.204: [ParNew: 7234K->895K(8128K), 0.0020740 secs] 14237K->14176K(26052K), 0.0021080 secs] [Times: user=0.02 sys=0.00, real=0.01 secs] 
336.206: Total time for which application threads were stopped: 0.0023450 seconds, Stopping threads took: 0.0001810 seconds
336.295: Application time: 0.0882160 seconds
336.369: [GC336.369: [ParNew: 7943K->7943K(8128K), 0.0000110 secs]336.369: [Tenured: 13281K->1679K(17924K), 0.0052260 secs] 21224K->1679K(26052K), [Perm : 5144K->5144K(21248K)], 0.0052820 secs] [Times: user=0.01 sys=0.00, real=0.00 secs] 
336.374: Total time for which application threads were stopped: 0.0793950 seconds, Stopping threads took: 0.0740420 seconds
336.375: Application time: 0.0012640 seconds
336.375: [GC336.375: [ParNew: 7146K->895K(8128K), 0.0021850 secs] 8826K->8825K(26052K), 0.0022150 secs] [Times: user=0.01 sys=0.00, real=0.00 secs] 
336.378: Total time for which application threads were stopped: 0.0024090 seconds, Stopping threads took: 0.0001370 seconds
336.459: Application time: 0.0817200 seconds
336.531: [GC336.531: [ParNew: 7943K->400K(8128K), 0.0006180 secs] 15873K->8355K(26052K), 0.0006490 secs] [Times: user=0.00 sys=0.00, real=0.00 secs] 
336.532: Total time for which application threads were stopped: 0.0724450 seconds, Stopping threads took: 0.0717200 seconds
336.533: Application time: 0.0008400 seconds
336.584: [GC336.584: [ParNew: 7527K->893K(8128K), 0.0019260 secs] 15481K->14344K(26052K), 0.0019630 secs] [Times: user=0.01 sys=0.00, real=0.01 secs] 
336.586: Total time for which application threads were stopped: 0.0533600 seconds, Stopping threads took: 0.0513140 seconds
336.666: Application time: 0.0799690 seconds
336.736: [GC336.736: [ParNew: 7843K->7843K(8128K), 0.0000110 secs]336.736: [Tenured: 13451K->2099K(17924K), 0.0052150 secs] 21295K->2099K(26052K), [Perm : 5144K->5144K(21248K)], 0.0052780 secs] [Times: user=0.01 sys=0.00, real=0.01 secs] 
336.741: Total time for which application threads were stopped: 0.0751700 seconds, Stopping threads took: 0.0698080 seconds
336.742: Application time: 0.0011880 seconds
336.788: [GC336.788: [ParNew: 7146K->895K(8128K), 0.0017130 secs] 9246K->7487K(26052K), 0.0017520 secs] [Times: user=0.01 sys=0.00, real=0.00 secs] 
336.790: Total time for which application threads were stopped: 0.0473700 seconds, Stopping threads took: 0.0455290 seconds
336.868: Application time: 0.0787780 seconds
336.910: [GC336.910: [ParNew: 7748K->400K(8128K), 0.0005810 secs] 14340K->7017K(26052K), 0.0006110 secs] [Times: user=0.00 sys=0.00, real=0.00 secs] 
336.911: Total time for which application threads were stopped: 0.0421220 seconds, Stopping threads took: 0.0414280 seconds
336.912: Application time: 0.0009760 seconds
336.912: [GC336.912: [ParNew: 7546K->895K(8128K), 0.0024970 secs] 14163K->14152K(26052K), 0.0025300 secs] [Times: user=0.01 sys=0.00, real=0.00 secs] 
336.914: Total time for which application threads were stopped: 0.0027490 seconds, Stopping threads took: 0.0001440 seconds
337.002: Application time: 0.0877740 seconds
337.078: [GC337.078: [ParNew: 8040K->8040K(8128K), 0.0000100 secs]337.078: [Tenured: 13257K->3858K(17924K), 0.0053000 secs] 21298K->3858K(26052K), [Perm : 5144K->5144K(21248K)], 0.0053560 secs] [Times: user=0.00 sys=0.00, real=0.00 secs] 
337.083: Total time for which application threads were stopped: 0.0813110 seconds, Stopping threads took: 0.0758740 seconds
337.163: Application time: 0.0797700 seconds
337.169: [GC337.169: [ParNew: 7048K->207K(8128K), 0.0004520 secs] 10907K->4065K(26052K), 0.0004840 secs] [Times: user=0.00 sys=0.00, real=0.00 secs] 
337.170: Total time for which application threads were stopped: 0.0066780 seconds, Stopping threads took: 0.0061200 seconds
337.171: Application time: 0.0007700 seconds
337.226: [GC337.226: [ParNew: 7351K->893K(8128K), 0.0020230 secs] 11210K->9048K(26052K), 0.0020570 secs] [Times: user=0.02 sys=0.00, real=0.00 secs] 
337.228: Total time for which application threads were stopped: 0.0575200 seconds, Stopping threads took: 0.0553840 seconds
337.306: Application time: 0.0779090 seconds
337.349: [GC337.349: [ParNew: 8019K->895K(8128K), 0.0007690 secs] 16175K->9688K(26052K), 0.0008030 secs] [Times: user=0.00 sys=0.00, real=0.00 secs] 
337.350: Total time for which application threads were stopped: 0.0440650 seconds, Stopping threads took: 0.0432070 seconds
337.427: Application time: 0.0770360 seconds
337.455: [GC337.455: [ParNew: 8041K->10K(8128K), 0.0004610 secs] 16835K->8859K(26052K), 0.0004900 secs] [Times: user=0.00 sys=0.00, real=0.00 secs] 
337.455: Total time for which application threads were stopped: 0.0281730 seconds, Stopping threads took: 0.0276040 seconds
337.456: Application time: 0.0009000 seconds
337.456: [GC337.457: [ParNew: 7234K->895K(8128K), 0.0019550 secs] 16084K->16023K(26052K), 0.0019870 secs] [Times: user=0.01 sys=0.00, real=0.01 secs] 
337.459: Total time for which application threads were stopped: 0.0022540 seconds, Stopping threads took: 0.0001880 seconds
337.552: Application time: 0.0936310 seconds
337.627: [GC337.627: [ParNew: 8021K->8021K(8128K), 0.0000110 secs]337.627: [Tenured: 15128K->1565K(17924K), 0.0059280 secs] 23149K->1565K(26052K), [Perm : 5144K->5144K(21248K)], 0.0059830 secs] [Times: user=0.00 sys=0.00, real=0.00 secs] 
337.633: Total time for which application threads were stopped: 0.0807380 seconds, Stopping threads took: 0.0746930 seconds
337.634: Application time: 0.0012600 seconds
337.688: [GC337.688: [ParNew: 7224K->895K(8128K), 0.0016080 secs] 8790K->6786K(26052K), 0.0016410 secs] [Times: user=0.01 sys=0.00, real=0.00 secs] 
337.690: Total time for which application threads were stopped: 0.0554270 seconds, Stopping threads took: 0.0537280 seconds
337.768: Application time: 0.0787690 seconds
337.810: [GC337.810: [ParNew: 8119K->823K(8128K), 0.0007670 secs] 14010K->7543K(26052K), 0.0008070 secs] [Times: user=0.00 sys=0.00, real=0.00 secs] 
337.811: Total time for which application threads were stopped: 0.0421810 seconds, Stopping threads took: 0.0413170 seconds
337.895: Application time: 0.0849150 seconds
337.898: [GC337.899: [ParNew: 7871K->12K(8128K), 0.0003880 secs] 14592K->6804K(26052K), 0.0004170 secs] [Times: user=0.00 sys=0.00, real=0.00 secs] 
337.899: Total time for which application threads were stopped: 0.0034700 seconds, Stopping threads took: 0.0030000 seconds
337.900: Application time: 0.0008460 seconds
337.957: [GC337.957: [ParNew: 7234K->895K(8128K), 0.0019900 secs] 14026K->12891K(26052K), 0.0020250 secs] [Times: user=0.02 sys=0.00, real=0.01 secs] 
337.959: Total time for which application threads were stopped: 0.0588640 seconds, Stopping threads took: 0.0567550 seconds
338.039: Application time: 0.0808250 seconds
338.108: [GC338.109: [ParNew: 7943K->7943K(8128K), 0.0000090 secs]338.109: [Tenured: 11996K->1847K(17924K), 0.0051750 secs] 19940K->1847K(26052K), [Perm : 5144K->5144K(21248K)], 0.0052300 secs] [Times: user=0.01 sys=0.00, real=0.00 secs] 
338.114: Total time for which application threads were stopped: 0.0742820 seconds, Stopping threads took: 0.0689720 seconds
338.115: Application time: 0.0011210 seconds
338.156: [GC338.156: [ParNew: 7146K->893K(8128K), 0.0022820 secs] 8993K->8112K(26052K), 0.0023330 secs] [Times: user=0.02 sys=0.00, real=0.01 secs] 
338.158: Total time for which application threads were stopped: 0.0430140 seconds, Stopping threads took: 0.0406110 seconds
338.239: Application time: 0.0807770 seconds
338.305: [GC338.306: [ParNew: 7941K->400K(8128K), 0.0005530 secs] 15160K->7643K(26052K), 0.0005840 secs] [Times: user=0.00 sys=0.00, real=0.01 secs] 
338.306: Total time for which application threads were stopped: 0.0674250 seconds, Stopping threads took: 0.0667650 seconds
338.307: Application time: 0.0009080 seconds
338.349: [GC338.349: [ParNew: 7625K->893K(8128K), 0.0017650 secs] 14868K->12656K(26052K), 0.0018000 secs] [Times: user=0.02 sys=0.00, real=0.00 secs] 
338.351: Total time for which application threads were stopped: 0.0435380 seconds, Stopping threads took: 0.0416820 seconds
338.429: Application time: 0.0787570 seconds
338.472: [GC338.472: [ParNew: 7746K->7746K(8128K), 0.0000100 secs]338.472: [Tenured: 11763K->2267K(17924K), 0.0044810 secs] 19509K->2267K(26052K), [Perm : 5144K->5144K(21248K)], 0.0045380 secs] [Times: user=0.00 sys=0.00, real=0.00 secs] 
338.476: Total time for which application threads were stopped: 0.0470130 seconds, Stopping threads took: 0.0424070 seconds
338.477: Application time: 0.0011150 seconds
338.518: [GC338.518: [ParNew: 7146K->895K(8128K), 0.0017950 secs] 9413K->7655K(26052K), 0.0018330 secs] [Times: user=0.01 sys=0.00, real=0.00 secs] 
338.520: Total time for which application threads were stopped: 0.0424750 seconds, Stopping threads took: 0.0405820 seconds
338.599: Application time: 0.0786320 seconds
338.646: [GC338.646: [ParNew: 8041K->889K(8128K), 0.0010600 secs] 14801K->9626K(26052K), 0.0011010 secs] [Times: user=0.00 sys=0.00, real=0.01 secs] 
338.647: Total time for which application threads were stopped: 0.0482250 seconds, Stopping threads took: 0.0470670 seconds
338.725: Application time: 0.0785380 seconds
338.767: [GC338.767: [ParNew: 7937K->207K(8128K), 0.0005970 secs] 16674K->8952K(26052K), 0.0006280 secs] [Times: user=0.00 sys=0.00, real=0.00 secs] 
338.767: Total time for which application threads were stopped: 0.0421600 seconds, Stopping threads took: 0.0414540 seconds
338.768: Application time: 0.0006770 seconds
338.769: [GC338.769: [ParNew: 7353K->895K(8128K), 0.0023280 secs] 16098K->16086K(26052K), 0.0023600 secs] [Times: user=0.01 sys=0.00, real=0.00 secs] 
338.771: Total time for which application threads were stopped: 0.0027930 seconds, Stopping threads took: 0.0003770 seconds
338.861: Application time: 0.0897960 seconds
338.931: [GC338.931: [ParNew: 8021K->8021K(8128K), 0.0000100 secs]338.931: [Tenured: 15191K->2296K(17924K), 0.0048040 secs] 23212K->2296K(26052K), [Perm : 5144K->5144K(21248K)], 0.0048590 secs] [Times: user=0.01 sys=0.00, real=0.00 secs] 
338.936: Total time for which application threads were stopped: 0.0754920 seconds, Stopping threads took: 0.0705500 seconds
338.937: Application time: 0.0011610 seconds
338.978: [GC338.978: [ParNew: 7205K->895K(8128K), 0.0019750 secs] 9501K->7642K(26052K), 0.0020110 secs] [Times: user=0.01 sys=0.00, real=0.00 secs] 
338.980: Total time for which application threads were stopped: 0.0429520 seconds, Stopping threads took: 0.0408540 seconds
339.058: Application time: 0.0780340 seconds
339.101: [GC339.101: [ParNew: 7845K->793K(8128K), 0.0010200 secs] 14592K->9346K(26052K), 0.0010550 secs] [Times: user=0.00 sys=0.00, real=0.00 secs] 
339.102: Total time for which application threads were stopped: 0.0436710 seconds, Stopping threads took: 0.0425380 seconds
339.181: Application time: 0.0788070 seconds
339.187: [GC339.187: [ParNew: 7939K->891K(8128K), 0.0004770 secs] 16492K->9647K(26052K), 0.0005100 secs] [Times: user=0.00 sys=0.00, real=0.00 secs] 
339.187: Total time for which application threads were stopped: 0.0064130 seconds, Stopping threads took: 0.0058250 seconds
339.188: Application time: 0.0009650 seconds
339.228: [GC339.228: [ParNew: 8037K->891K(8128K), 0.0024230 secs] 16793K->15913K(26052K), 0.0024610 secs] [Times: user=0.02 sys=0.00, real=0.00 secs] 
339.231: Total time for which application threads were stopped: 0.0423950 seconds, Stopping threads took: 0.0398550 seconds
339.322: Application time: 0.0915130 seconds
339.393: [GC339.393: [ParNew: 7939K->7939K(8128K), 0.0000100 secs]339.393: [Tenured: 15022K->2640K(17924K), 0.0054240 secs] 22962K->2640K(26052K), [Perm : 5144K->5144K(21248K)], 0.0054810 secs] [Times: user=0.01 sys=0.00, real=0.01 secs] 
339.399: Total time for which application threads were stopped: 0.0764370 seconds, Stopping threads took: 0.0708730 seconds
339.400: Application time: 0.0016570 seconds
339.477: [GC339.477: [ParNew: 7126K->823K(8128K), 0.0006860 secs] 9767K->3464K(26052K), 0.0007180 secs] [Times: user=0.00 sys=0.00, real=0.01 secs] 
339.478: Total time for which application threads were stopped: 0.0777340 seconds, Stopping threads took: 0.0769510 seconds
339.479: Application time: 0.0010270 seconds
339.519: [GC339.519: [ParNew: 8047K->895K(8128K), 0.0021190 secs] 10688K->9581K(26052K), 0.0021520 secs] [Times: user=0.02 sys=0.00, real=0.00 secs] 
339.521: Total time for which application threads were stopped: 0.0423880 seconds, Stopping threads took: 0.0401720 seconds
339.602: Application time: 0.0805280 seconds
339.671: [GC339.671: [ParNew: 8021K->628K(8128K), 0.0005110 secs] 16707K->9744K(26052K), 0.0005430 secs] [Times: user=0.01 sys=0.00, real=0.00 secs] 
339.672: Total time for which application threads were stopped: 0.0697580 seconds, Stopping threads took: 0.0691600 seconds
339.673: Application time: 0.0011790 seconds
339.713: [GC339.713: [ParNew: 7852K->895K(8128K), 0.0020970 secs] 16969K->15182K(26052K), 0.0021340 secs] [Times: user=0.01 sys=0.01, real=0.00 secs] 
339.716: Total time for which application threads were stopped: 0.0427340 seconds, Stopping threads took: 0.0405400 seconds
339.806: Application time: 0.0900580 seconds
339.875: [GC339.875: [ParNew: 8041K->8041K(8128K), 0.0000100 secs]339.875: [Tenured: 14287K->1680K(17924K), 0.0044530 secs] 22328K->1680K(26052K), [Perm : 5144K->5144K(21248K)], 0.0045100 secs] [Times: user=0.00 sys=0.00, real=0.01 secs] 
339.880: Total time for which application threads were stopped: 0.0741220 seconds, Stopping threads took: 0.0695420 seconds
339.881: Application time: 0.0010210 seconds
339.881: [GC339.881: [ParNew: 7146K->895K(8128K), 0.0021960 secs] 8826K->8825K(26052K), 0.0022340 secs] [Times: user=0.01 sys=0.00, real=0.00 secs] 
339.883: Total time for which application threads were stopped: 0.0025730 seconds, Stopping threads took: 0.0002770 seconds
339.964: Application time: 0.0807020 seconds
340.038: [GC340.038: [ParNew: 8021K->430K(8128K), 0.0002950 secs] 15951K->8385K(26052K), 0.0003280 secs] [Times: user=0.01 sys=0.00, real=0.00 secs] 
340.039: Total time for which application threads were stopped: 0.0747100 seconds, Stopping threads took: 0.0742980 seconds
340.040: Application time: 0.0008650 seconds
340.080: [GC340.080: [ParNew: 7576K->895K(8128K), 0.0018160 secs] 15531K->13374K(26052K), 0.0018510 secs] [Times: user=0.01 sys=0.00, real=0.00 secs] 
340.082: Total time for which application threads were stopped: 0.0425850 seconds, Stopping threads took: 0.0406790 seconds
340.164: Application time: 0.0818490 seconds
340.231: [GC340.231: [ParNew: 7943K->7943K(8128K), 0.0000100 secs]340.231: [Tenured: 12479K->2295K(17924K), 0.0052490 secs] 20422K->2295K(26052K), [Perm : 5144K->5144K(21248K)], 0.0053060 secs] [Times: user=0.00 sys=0.00, real=0.00 secs] 
340.237: Total time for which application threads were stopped: 0.0723960 seconds, Stopping threads took: 0.0670290 seconds
340.238: Application time: 0.0010920 seconds
340.280: [GC340.280: [ParNew: 7146K->895K(8128K), 0.0018780 secs] 9441K->7878K(26052K), 0.0019150 secs] [Times: user=0.01 sys=0.00, real=0.00 secs] 
340.282: Total time for which application threads were stopped: 0.0442150 seconds, Stopping threads took: 0.0422420 seconds
340.361: Application time: 0.0793230 seconds
340.403: [GC340.403: [ParNew: 7943K->793K(8128K), 0.0011780 secs] 14926K->9941K(26052K), 0.0012120 secs] [Times: user=0.01 sys=0.00, real=0.00 secs] 
340.404: Total time for which application threads were stopped: 0.0430570 seconds, Stopping threads took: 0.0417660 seconds
340.493: Application time: 0.0884650 seconds
340.533: [GC340.533: [ParNew: 7939K->404K(8128K), 0.0005110 secs] 17087K->9560K(26052K), 0.0005430 secs] [Times: user=0.01 sys=0.00, real=0.00 secs] 
340.534: Total time for which application threads were stopped: 0.0409340 seconds, Stopping threads took: 0.0403280 seconds
340.535: Application time: 0.0009000 seconds
340.575: [GC340.575: [ParNew: 7629K->825K(8128K), 0.0022350 secs] 16785K->15645K(26052K), 0.0022660 secs] [Times: user=0.01 sys=0.00, real=0.00 secs] 
340.577: Total time for which application threads were stopped: 0.0423460 seconds, Stopping threads took: 0.0400130 seconds
340.663: Application time: 0.0865920 seconds
340.729: [GC340.729: [ParNew: 7971K->7971K(8128K), 0.0000100 secs]340.729: [Tenured: 14820K->3495K(17924K), 0.0054540 secs] 22791K->3495K(26052K), [Perm : 5144K->5144K(21248K)], 0.0055100 secs] [Times: user=0.01 sys=0.00, real=0.00 secs] 
340.734: Total time for which application threads were stopped: 0.0706460 seconds, Stopping threads took: 0.0650530 seconds
340.806: Application time: 0.0717080 seconds
340.821: [GC340.821: [ParNew: 7048K->207K(8128K), 0.0005420 secs] 10544K->3703K(26052K), 0.0005710 secs] [Times: user=0.00 sys=0.00, real=0.00 secs] 
340.821: Total time for which application threads were stopped: 0.0154180 seconds, Stopping threads took: 0.0147720 seconds
340.822: Application time: 0.0008060 seconds
340.822: [GC340.822: [ParNew: 7353K->895K(8128K), 0.0022780 secs] 10849K->10836K(26052K), 0.0023100 secs] [Times: user=0.01 sys=0.00, real=0.00 secs] 
340.825: Total time for which application threads were stopped: 0.0026290 seconds, Stopping threads took: 0.0002660 seconds
340.907: Application time: 0.0823450 seconds
340.979: [GC340.979: [ParNew: 7943K->402K(8128K), 0.0006130 secs] 17884K->10352K(26052K), 0.0006430 secs] [Times: user=0.00 sys=0.00, real=0.00 secs] 
340.979: Total time for which application threads were stopped: 0.0723600 seconds, Stopping threads took: 0.0716430 seconds
340.980: Application time: 0.0008280 seconds
341.032: [GC341.032: [ParNew: 7527K->895K(8128K), 0.0019160 secs] 17476K->16341K(26052K), 0.0019530 secs] [Times: user=0.02 sys=0.00, real=0.00 secs] 
341.034: Total time for which application threads were stopped: 0.0537020 seconds, Stopping threads took: 0.0516920 seconds
341.123: Application time: 0.0890280 seconds
341.193: [GC341.193: [ParNew: 8119K->8119K(8128K), 0.0000110 secs]341.193: [Tenured: 15446K->1957K(17924K), 0.0052590 secs] 23565K->1957K(26052K), [Perm : 5144K->5144K(21248K)], 0.0053150 secs] [Times: user=0.00 sys=0.00, real=0.01 secs] 
341.199: Total time for which application threads were stopped: 0.0756650 seconds, Stopping threads took: 0.0702460 seconds
341.200: Application time: 0.0011920 seconds
341.241: [GC341.241: [ParNew: 7224K->895K(8128K), 0.0018690 secs] 9182K->7568K(26052K), 0.0019070 secs] [Times: user=0.01 sys=0.00, real=0.00 secs] 
341.242: Total time for which application threads were stopped: 0.0426450 seconds, Stopping threads took: 0.0406580 seconds
341.322: Application time: 0.0794220 seconds
341.364: [GC341.364: [ParNew: 8099K->851K(8128K), 0.0006260 secs] 14773K->7573K(26052K), 0.0006590 secs] [Times: user=0.00 sys=0.00, real=0.00 secs] 
341.364: Total time for which application threads were stopped: 0.0423810 seconds, Stopping threads took: 0.0416450 seconds
341.365: Application time: 0.0010310 seconds
341.406: [GC341.406: [ParNew: 7997K->895K(8128K), 0.0024250 secs] 14719K->13654K(26052K), 0.0024600 secs] [Times: user=0.02 sys=0.00, real=0.01 secs] 
341.408: Total time for which application threads were stopped: 0.0427290 seconds, Stopping threads took: 0.0402120 seconds
341.503: Application time: 0.0952120 seconds
341.573: [GC341.573: [ParNew: 7943K->7943K(8128K), 0.0000100 secs]341.573: [Tenured: 12759K->3020K(17924K), 0.0053070 secs] 20702K->3020K(26052K), [Perm : 5144K->5144K(21248K)], 0.0053610 secs] [Times: user=0.01 sys=0.00, real=0.01 secs] 
341.578: Total time for which application threads were stopped: 0.0751590 seconds, Stopping threads took: 0.0697160 seconds
341.580: Application time: 0.0011620 seconds
341.620: [GC341.620: [ParNew: 7126K->895K(8128K), 0.0019490 secs] 10147K->8924K(26052K), 0.0019890 secs] [Times: user=0.02 sys=0.00, real=0.00 secs] 
341.622: Total time for which application threads were stopped: 0.0422740 seconds, Stopping threads took: 0.0402140 seconds
341.707: Application time: 0.0853320 seconds
341.759: [GC341.759: [ParNew: 8041K->791K(8128K), 0.0007050 secs] 16070K->9259K(26052K), 0.0007340 secs] [Times: user=0.00 sys=0.00, real=0.00 secs] 
341.760: Total time for which application threads were stopped: 0.0525680 seconds, Stopping threads took: 0.0517610 seconds
341.761: Application time: 0.0011400 seconds
341.801: [GC341.801: [ParNew: 7937K->895K(8128K), 0.0019270 secs] 16405K->14661K(26052K), 0.0019670 secs] [Times: user=0.01 sys=0.00, real=0.00 secs] 
341.803: Total time for which application threads were stopped: 0.0418630 seconds, Stopping threads took: 0.0398330 seconds
341.884: Application time: 0.0815580 seconds
341.952: [GC341.952: [ParNew: 8119K->8119K(8128K), 0.0000130 secs]341.953: [Tenured: 13765K->2491K(17924K), 0.0046370 secs] 21885K->2491K(26052K), [Perm : 5144K->5144K(21248K)], 0.0062220 secs] [Times: user=0.00 sys=0.00, real=0.01 secs] 
341.958: Total time for which application threads were stopped: 0.0737110 seconds, Stopping threads took: 0.0674060 seconds
341.959: Application time: 0.0010600 seconds
342.006: [GC342.006: [ParNew: 7146K->895K(8128K), 0.0022740 secs] 9637K->8953K(26052K), 0.0023110 secs] [Times: user=0.02 sys=0.01, real=0.00 secs] 
342.008: Total time for which application threads were stopped: 0.0491540 seconds, Stopping threads took: 0.0467620 seconds
342.089: Application time: 0.0810320 seconds
342.162: [GC342.162: [ParNew: 7747K->402K(8128K), 0.0005890 secs] 15806K->8485K(26052K), 0.0006200 secs] [Times: user=0.01 sys=0.00, real=0.00 secs] 
342.162: Total time for which application threads were stopped: 0.0729680 seconds, Stopping threads took: 0.0722910 seconds
342.163: Application time: 0.0010640 seconds
342.204: [GC342.204: [ParNew: 7548K->893K(8128K), 0.0016880 secs] 15631K->13467K(26052K), 0.0017250 secs] [Times: user=0.01 sys=0.00, real=0.00 secs] 
342.206: Total time for which application threads were stopped: 0.0423730 seconds, Stopping threads took: 0.0405800 seconds
342.285: Application time: 0.0789670 seconds
342.327: [GC342.327: [ParNew: 8039K->8039K(8128K), 0.0000100 secs]342.327: [Tenured: 12574K->4933K(17924K), 0.0056700 secs] 20613K->4933K(26052K), [Perm : 5144K->5144K(21248K)], 0.0057280 secs] [Times: user=0.00 sys=0.00, real=0.00 secs] 
342.333: Total time for which application threads were stopped: 0.0480350 seconds, Stopping threads took: 0.0422070 seconds
342.416: Application time: 0.0837550 seconds
342.456: [GC342.456: [ParNew: 7126K->237K(8128K), 0.0002840 secs] 12060K->5171K(26052K), 0.0003140 secs] [Times: user=0.00 sys=0.00, real=0.00 secs] 
342.456: Total time for which application threads were stopped: 0.0397450 seconds, Stopping threads took: 0.0393590 seconds
342.457: Application time: 0.0007630 seconds
342.497: [GC342.497: [ParNew: 7383K->825K(8128K), 0.0021200 secs] 12317K->11228K(26052K), 0.0021550 secs] [Times: user=0.01 sys=0.00, real=0.01 secs] 
342.499: Total time for which application threads were stopped: 0.0424350 seconds, Stopping threads took: 0.0402130 seconds
342.581: Application time: 0.0812160 seconds
342.648: [GC342.648: [ParNew: 7873K->398K(8128K), 0.0003040 secs] 18276K->10865K(26052K), 0.0003340 secs] [Times: user=0.00 sys=0.00, real=0.00 secs] 
342.648: Total time for which application threads were stopped: 0.0674310 seconds, Stopping threads took: 0.0670190 seconds
342.649: Application time: 0.0009640 seconds
342.690: [GC342.690: [ParNew: 7544K->895K(8128K), 0.0021880 secs] 18011K->16928K(26052K), 0.0022220 secs] [Times: user=0.02 sys=0.01, real=0.00 secs] 
342.692: Total time for which application threads were stopped: 0.0431310 seconds, Stopping threads took: 0.0408320 seconds
342.786: Application time: 0.0937320 seconds
342.855: [GC342.855: [ParNew: 7747K->7747K(8128K), 0.0000100 secs]342.855: [Tenured: 16033K->1762K(17924K), 0.0052910 secs] 23781K->1762K(26052K), [Perm : 5144K->5144K(21248K)], 0.0053470 secs] [Times: user=0.01 sys=0.00, real=0.01 secs] 
342.860: Total time for which application threads were stopped: 0.0743300 seconds, Stopping threads took: 0.0688950 seconds
342.861: Application time: 0.0010510 seconds
342.913: [GC342.913: [ParNew: 7048K->893K(8128K), 0.0021550 secs] 8811K->8124K(26052K), 0.0021920 secs] [Times: user=0.02 sys=0.00, real=0.00 secs] 
342.915: Total time for which application threads were stopped: 0.0537030 seconds, Stopping threads took: 0.0514320 seconds
342.997: Application time: 0.0816280 seconds
343.065: [GC343.066: [ParNew: 7999K->462K(8128K), 0.0006160 secs] 15231K->7710K(26052K), 0.0006470 secs] [Times: user=0.00 sys=0.00, real=0.01 secs] 
343.066: Total time for which application threads were stopped: 0.0695400 seconds, Stopping threads took: 0.0688170 seconds
343.067: Application time: 0.0009950 seconds
343.108: [GC343.108: [ParNew: 7667K->895K(8128K), 0.0019750 secs] 14915K->13760K(26052K), 0.0020170 secs] [Times: user=0.01 sys=0.00, real=0.00 secs] 
343.110: Total time for which application threads were stopped: 0.0427550 seconds, Stopping threads took: 0.0406570 seconds
343.203: Application time: 0.0928940 seconds
343.273: [GC343.273: [ParNew: 7923K->7923K(8128K), 0.0000100 secs]343.273: [Tenured: 12865K->1904K(17924K), 0.0052790 secs] 20788K->1904K(26052K), [Perm : 5144K->5144K(21248K)], 0.0053360 secs] [Times: user=0.01 sys=0.00, real=0.01 secs] 
343.278: Total time for which application threads were stopped: 0.0754680 seconds, Stopping threads took: 0.0700510 seconds
343.279: Application time: 0.0010780 seconds
343.331: [GC343.331: [ParNew: 7146K->893K(8128K), 0.0019690 secs] 9050K->8364K(26052K), 0.0020070 secs] [Times: user=0.01 sys=0.01, real=0.00 secs] 
343.333: Total time for which application threads were stopped: 0.0539450 seconds, Stopping threads took: 0.0518540 seconds
343.414: Application time: 0.0810870 seconds
343.481: [GC343.481: [ParNew: 7745K->400K(8128K), 0.0004520 secs] 15217K->7896K(26052K), 0.0004820 secs] [Times: user=0.00 sys=0.00, real=0.00 secs] 
343.482: Total time for which application threads were stopped: 0.0673860 seconds, Stopping threads took: 0.0668190 seconds
343.483: Application time: 0.0009020 seconds
343.523: [GC343.523: [ParNew: 7625K->895K(8128K), 0.0019940 secs] 15120K->13985K(26052K), 0.0020310 secs] [Times: user=0.01 sys=0.00, real=0.00 secs] 
343.525: Total time for which application threads were stopped: 0.0425440 seconds, Stopping threads took: 0.0404570 seconds
343.607: Application time: 0.0814000 seconds
343.675: [GC343.675: [ParNew: 7748K->7748K(8128K), 0.0000100 secs]343.675: [Tenured: 13090K->2324K(17924K), 0.0050960 secs] 20838K->2324K(26052K), [Perm : 5144K->5144K(21248K)], 0.0051600 secs] [Times: user=0.00 sys=0.00, real=0.01 secs] 
343.680: Total time for which application threads were stopped: 0.0734040 seconds, Stopping threads took: 0.0681630 seconds
343.681: Application time: 0.0010910 seconds
343.724: [GC343.724: [ParNew: 7146K->895K(8128K), 0.0022250 secs] 9471K->8786K(26052K), 0.0022630 secs] [Times: user=0.01 sys=0.00, real=0.01 secs] 
343.726: Total time for which application threads were stopped: 0.0448390 seconds, Stopping threads took: 0.0424960 seconds
343.808: Application time: 0.0819650 seconds
343.875: [GC343.875: [ParNew: 8021K->630K(8128K), 0.0003330 secs] 15913K->8545K(26052K), 0.0003640 secs] [Times: user=0.00 sys=0.00, real=0.00 secs] 
343.876: Total time for which application threads were stopped: 0.0677460 seconds, Stopping threads took: 0.0673030 seconds
343.877: Application time: 0.0008870 seconds
343.930: [GC343.930: [ParNew: 7776K->895K(8128K), 0.0017510 secs] 15691K->13554K(26052K), 0.0017860 secs] [Times: user=0.02 sys=0.00, real=0.00 secs] 
343.932: Total time for which application threads were stopped: 0.0553690 seconds, Stopping threads took: 0.0535050 seconds
344.011: Application time: 0.0790650 seconds
344.054: [GC344.054: [ParNew: 7943K->7943K(8128K), 0.0000110 secs]344.054: [Tenured: 12659K->2743K(17924K), 0.0057220 secs] 20602K->2743K(26052K), [Perm : 5144K->5144K(21248K)], 0.0057780 secs] [Times: user=0.01 sys=0.00, real=0.01 secs] 
344.060: Total time for which application threads were stopped: 0.0487220 seconds, Stopping threads took: 0.0428510 seconds
344.061: Application time: 0.0014770 seconds
344.112: [GC344.112: [ParNew: 7146K->895K(8128K), 0.0019750 secs] 9890K->8522K(26052K), 0.0020090 secs] [Times: user=0.01 sys=0.00, real=0.00 secs] 
344.114: Total time for which application threads were stopped: 0.0525740 seconds, Stopping threads took: 0.0504860 seconds
344.195: Application time: 0.0816160 seconds
344.235: [GC344.235: [ParNew: 7748K->795K(8128K), 0.0006940 secs] 15375K->8454K(26052K), 0.0007280 secs] [Times: user=0.00 sys=0.00, real=0.00 secs] 
344.235: Total time for which application threads were stopped: 0.0399740 seconds, Stopping threads took: 0.0391680 seconds
344.236: Application time: 0.0009670 seconds
344.277: [GC344.277: [ParNew: 7843K->797K(8128K), 0.0017150 secs] 15502K->13355K(26052K), 0.0017490 secs] [Times: user=0.02 sys=0.00, real=0.01 secs] 
344.279: Total time for which application threads were stopped: 0.0426390 seconds, Stopping threads took: 0.0408310 seconds
344.370: Application time: 0.0908270 seconds
344.428: [GC344.428: [ParNew: 7943K->7943K(8128K), 0.0000100 secs]344.428: [Tenured: 12558K->2348K(17924K), 0.0053870 secs] 20501K->2348K(26052K), [Perm : 5144K->5144K(21248K)], 0.0054430 secs] [Times: user=0.00 sys=0.00, real=0.00 secs] 
344.434: Total time for which application threads were stopped: 0.0640320 seconds, Stopping threads took: 0.0585070 seconds
344.435: Application time: 0.0013100 seconds
344.475: [GC344.475: [ParNew: 7146K->895K(8128K), 0.0018870 secs] 9495K->8322K(26052K), 0.0019240 secs] [Times: user=0.01 sys=0.00, real=0.00 secs] 
344.477: Total time for which application threads were stopped: 0.0420610 seconds, Stopping threads took: 0.0400570 seconds
344.559: Application time: 0.0816810 seconds
344.625: [GC344.625: [ParNew: 8041K->209K(8128K), 0.0003200 secs] 15468K->7652K(26052K), 0.0003480 secs] [Times: user=0.00 sys=0.00, real=0.00 secs] 
344.625: Total time for which application threads were stopped: 0.0664260 seconds, Stopping threads took: 0.0660210 seconds
344.626: Application time: 0.0011470 seconds
344.667: [GC344.667: [ParNew: 7355K->895K(8128K), 0.0017440 secs] 14798K->13709K(26052K), 0.0017730 secs] [Times: user=0.02 sys=0.00, real=0.00 secs] 
344.669: Total time for which application threads were stopped: 0.0423230 seconds, Stopping threads took: 0.0404990 seconds
344.750: Application time: 0.0809740 seconds
344.816: [GC344.816: [ParNew: 8021K->8021K(8128K), 0.0000100 secs]344.816: [Tenured: 12814K->1791K(17924K), 0.0051400 secs] 20836K->1791K(26052K), [Perm : 5144K->5144K(21248K)], 0.0052040 secs] [Times: user=0.00 sys=0.00, real=0.01 secs] 
344.822: Total time for which application threads were stopped: 0.0718190 seconds, Stopping threads took: 0.0665320 seconds
344.823: Application time: 0.0010940 seconds
344.864: [GC344.864: [ParNew: 7185K->895K(8128K), 0.0023210 secs] 8977K->8142K(26052K), 0.0023600 secs] [Times: user=0.01 sys=0.00, real=0.01 secs] 
344.866: Total time for which application threads were stopped: 0.0432770 seconds, Stopping threads took: 0.0408360 seconds
344.947: Application time: 0.0805840 seconds
345.015: [GC345.015: [ParNew: 7943K->402K(8128K), 0.0005610 secs] 15190K->7714K(26052K), 0.0005930 secs] [Times: user=0.00 sys=0.00, real=0.00 secs] 
345.016: Total time for which application threads were stopped: 0.0692200 seconds, Stopping threads took: 0.0685470 seconds
345.017: Application time: 0.0010350 seconds
345.057: [GC345.057: [ParNew: 7627K->895K(8128K), 0.0019570 secs] 14938K->13801K(26052K), 0.0019920 secs] [Times: user=0.02 sys=0.00, real=0.01 secs] 
345.059: Total time for which application threads were stopped: 0.0424700 seconds, Stopping threads took: 0.0404230 seconds
345.139: Application time: 0.0798850 seconds
345.210: [GC345.210: [ParNew: 7748K->7748K(8128K), 0.0000100 secs]345.210: [Tenured: 12906K->1906K(17924K), 0.0045470 secs] 20654K->1906K(26052K), [Perm : 5144K->5144K(21248K)], 0.0046010 secs] [Times: user=0.00 sys=0.00, real=0.00 secs] 
345.214: Total time for which application threads were stopped: 0.0751780 seconds, Stopping threads took: 0.0705060 seconds
345.215: Application time: 0.0010950 seconds
345.258: [GC345.258: [ParNew: 7146K->893K(8128K), 0.0017790 secs] 9052K->7291K(26052K), 0.0018150 secs] [Times: user=0.02 sys=0.00, real=0.00 secs] 
345.260: Total time for which application threads were stopped: 0.0440950 seconds, Stopping threads took: 0.0422010 seconds
345.338: Application time: 0.0783070 seconds
345.380: [GC345.380: [ParNew: 7902K->895K(8128K), 0.0006500 secs] 14300K->7959K(26052K), 0.0006820 secs] [Times: user=0.01 sys=0.00, real=0.00 secs] 
345.380: Total time for which application threads were stopped: 0.0424600 seconds, Stopping threads took: 0.0417020 seconds
345.457: Application time: 0.0768850 seconds
345.462: [GC345.462: [ParNew: 8041K->6K(8128K), 0.0006000 secs] 15105K->7126K(26052K), 0.0006290 secs] [Times: user=0.01 sys=0.00, real=0.00 secs] 
345.462: Total time for which application threads were stopped: 0.0052320 seconds, Stopping threads took: 0.0045510 seconds
345.463: Application time: 0.0007200 seconds
345.463: [GC345.463: [ParNew: 7230K->895K(8128K), 0.0021250 secs] 14351K->14294K(26052K), 0.0021610 secs] [Times: user=0.02 sys=0.00, real=0.00 secs] 
345.466: Total time for which application threads were stopped: 0.0023600 seconds, Stopping threads took: 0.0001440 seconds
345.547: Application time: 0.0811620 seconds
345.615: [GC345.615: [ParNew: 7845K->7845K(8128K), 0.0000100 secs]345.615: [Tenured: 13399K->3164K(17924K), 0.0054090 secs] 21244K->3164K(26052K), [Perm : 5144K->5144K(21248K)], 0.0054660 secs] [Times: user=0.00 sys=0.00, real=0.01 secs] 
345.620: Total time for which application threads were stopped: 0.0733730 seconds, Stopping threads took: 0.0678430 seconds
345.621: Application time: 0.0013540 seconds
345.694: [GC345.694: [ParNew: 7146K->895K(8128K), 0.0016970 secs] 10310K->8258K(26052K), 0.0017320 secs] [Times: user=0.01 sys=0.00, real=0.00 secs] 
345.696: Total time for which application threads were stopped: 0.0748050 seconds, Stopping threads took: 0.0730140 seconds
345.775: Application time: 0.0783710 seconds
345.819: [GC345.819: [ParNew: 8041K->404K(8128K), 0.0003500 secs] 15404K->7784K(26052K), 0.0003810 secs] [Times: user=0.00 sys=0.00, real=0.00 secs] 
345.819: Total time for which application threads were stopped: 0.0444350 seconds, Stopping threads took: 0.0439910 seconds
345.820: Application time: 0.0009130 seconds
345.860: [GC345.860: [ParNew: 7550K->895K(8128K), 0.0020880 secs] 14930K->13841K(26052K), 0.0021320 secs] [Times: user=0.02 sys=0.00, real=0.00 secs] 
345.862: Total time for which application threads were stopped: 0.0424980 seconds, Stopping threads took: 0.0402890 seconds
345.956: Application time: 0.0935550 seconds
346.030: [GC346.030: [ParNew: 7748K->7748K(8128K), 0.0000100 secs]346.030: [Tenured: 12946K->1763K(17924K), 0.0045910 secs] 20694K->1763K(26052K), [Perm : 5144K->5144K(21248K)], 0.0046470 secs] [Times: user=0.00 sys=0.00, real=0.00 secs] 
346.035: Total time for which application threads were stopped: 0.0785900 seconds, Stopping threads took: 0.0738730 seconds
346.036: Application time: 0.0010960 seconds
346.087: [GC346.087: [ParNew: 7048K->895K(8128K), 0.0016470 secs] 8812K->7053K(26052K), 0.0016830 secs] [Times: user=0.01 sys=0.00, real=0.00 secs] 
346.089: Total time for which application threads were stopped: 0.0534620 seconds, Stopping threads took: 0.0516980 seconds
346.169: Application time: 0.0803230 seconds
346.212: [GC346.212: [ParNew: 7845K->402K(8128K), 0.0004360 secs] 14004K->6585K(26052K), 0.0004680 secs] [Times: user=0.00 sys=0.00, real=0.00 secs] 
346.213: Total time for which application threads were stopped: 0.0431240 seconds, Stopping threads took: 0.0425810 seconds
346.226: Application time: 0.0132760 seconds
346.290: [GC346.290: [ParNew: 7451K->795K(8128K), 0.0005240 secs] 13633K->7173K(26052K), 0.0005530 secs] [Times: user=0.01 sys=0.00, real=0.00 secs] 
346.290: Total time for which application threads were stopped: 0.0644970 seconds, Stopping threads took: 0.0638920 seconds
346.291: Application time: 0.0009440 seconds
346.346: [GC346.346: [ParNew: 7941K->895K(8128K), 0.0014840 secs] 14319K->11293K(26052K), 0.0015160 secs] [Times: user=0.01 sys=0.00, real=0.00 secs] 
346.348: Total time for which application threads were stopped: 0.0561720 seconds, Stopping threads took: 0.0545900 seconds
346.428: Application time: 0.0802270 seconds
346.468: [GC346.468: [ParNew: 8041K->797K(8128K), 0.0010630 secs] 18439K->12766K(26052K), 0.0010940 secs] [Times: user=0.00 sys=0.00, real=0.00 secs] 
346.469: Total time for which application threads were stopped: 0.0415150 seconds, Stopping threads took: 0.0403630 seconds
346.555: Application time: 0.0856460 seconds
346.559: [GC346.559: [ParNew: 7924K->7924K(8128K), 0.0000100 secs]346.559: [Tenured: 11968K->2182K(17924K), 0.0045790 secs] 19892K->2182K(26052K), [Perm : 5144K->5144K(21248K)], 0.0046340 secs] [Times: user=0.01 sys=0.00, real=0.00 secs] 
346.564: Total time for which application threads were stopped: 0.0090340 seconds, Stopping threads took: 0.0043280 seconds
346.565: Application time: 0.0012630 seconds
346.617: [GC346.617: [ParNew: 7185K->895K(8128K), 0.0015350 secs] 9368K->6775K(26052K), 0.0015710 secs] [Times: user=0.01 sys=0.00, real=0.01 secs] 
346.618: Total time for which application threads were stopped: 0.0529120 seconds, Stopping threads took: 0.0512610 seconds
346.697: Application time: 0.0785980 seconds
346.739: [GC346.739: [ParNew: 8021K->823K(8128K), 0.0004520 secs] 13902K->6752K(26052K), 0.0004830 secs] [Times: user=0.00 sys=0.00, real=0.00 secs] 
346.740: Total time for which application threads were stopped: 0.0429090 seconds, Stopping threads took: 0.0423480 seconds
346.741: Application time: 0.0010870 seconds
346.781: [GC346.781: [ParNew: 7969K->893K(8128K), 0.0021370 secs] 13898K->12843K(26052K), 0.0021700 secs] [Times: user=0.01 sys=0.00, real=0.00 secs] 
346.784: Total time for which application threads were stopped: 0.0429430 seconds, Stopping threads took: 0.0406930 seconds
346.865: Application time: 0.0817930 seconds
346.940: [GC346.940: [ParNew: 8038K->8038K(8128K), 0.0000100 secs]346.940: [Tenured: 11950K->1711K(17924K), 0.0058710 secs] 19989K->1711K(26052K), [Perm : 5144K->5144K(21248K)], 0.0059260 secs] [Times: user=0.01 sys=0.00, real=0.01 secs] 
346.946: Total time for which application threads were stopped: 0.0802720 seconds, Stopping threads took: 0.0742550 seconds
346.947: Application time: 0.0013000 seconds
346.947: [GC346.947: [ParNew: 7146K->893K(8128K), 0.0022710 secs] 8857K->8855K(26052K), 0.0023080 secs] [Times: user=0.01 sys=0.00, real=0.00 secs] 
346.949: Total time for which application threads were stopped: 0.0024270 seconds, Stopping threads took: 0.0000640 seconds
347.031: Application time: 0.0812570 seconds
347.103: [GC347.103: [ParNew: 8019K->237K(8128K), 0.0005040 secs] 15981K->8207K(26052K), 0.0015700 secs] [Times: user=0.00 sys=0.00, real=0.00 secs] 
347.104: Total time for which application threads were stopped: 0.0733930 seconds, Stopping threads took: 0.0717430 seconds
347.105: Application time: 0.0009470 seconds
347.146: [GC347.146: [ParNew: 7383K->895K(8128K), 0.0020310 secs] 15353K->14264K(26052K), 0.0020600 secs] [Times: user=0.01 sys=0.00, real=0.00 secs] 
347.148: Total time for which application threads were stopped: 0.0428150 seconds, Stopping threads took: 0.0407010 seconds
347.230: Application time: 0.0817070 seconds
347.297: [GC347.297: [ParNew: 8021K->8021K(8128K), 0.0000100 secs]347.297: [Tenured: 13369K->2159K(17924K), 0.0052220 secs] 21391K->2159K(26052K), [Perm : 5144K->5144K(21248K)], 0.0052790 secs] [Times: user=0.00 sys=0.00, real=0.01 secs] 
347.302: Total time for which application threads were stopped: 0.0724180 seconds, Stopping threads took: 0.0670560 seconds
347.303: Application time: 0.0012420 seconds
347.346: [GC347.346: [ParNew: 7048K->895K(8128K), 0.0019470 secs] 9207K->8523K(26052K), 0.0019810 secs] [Times: user=0.01 sys=0.00, real=0.00 secs] 
347.348: Total time for which application threads were stopped: 0.0445440 seconds, Stopping threads took: 0.0425060 seconds
347.429: Application time: 0.0814330 seconds
347.496: [GC347.496: [ParNew: 7845K->402K(8128K), 0.0005250 secs] 15474K->8055K(26052K), 0.0005570 secs] [Times: user=0.00 sys=0.00, real=0.00 secs] 
347.497: Total time for which application threads were stopped: 0.0677540 seconds, Stopping threads took: 0.0671130 seconds
347.498: Application time: 0.0008570 seconds
347.542: [GC347.542: [ParNew: 7548K->893K(8128K), 0.0022040 secs] 15201K->14112K(26052K), 0.0022400 secs] [Times: user=0.01 sys=0.00, real=0.00 secs] 
347.544: Total time for which application threads were stopped: 0.0461560 seconds, Stopping threads took: 0.0438380 seconds
347.625: Application time: 0.0814050 seconds
347.693: [GC347.693: [ParNew: 8038K->8038K(8128K), 0.0000100 secs]347.693: [Tenured: 13219K->3131K(17924K), 0.0054980 secs] 21258K->3131K(26052K), [Perm : 5144K->5144K(21248K)], 0.0055520 secs] [Times: user=0.01 sys=0.00, real=0.01 secs] 
347.698: Total time for which application threads were stopped: 0.0728480 seconds, Stopping threads took: 0.0672130 seconds
347.777: Application time: 0.0783870 seconds
347.781: [GC347.781: [ParNew: 7048K->209K(8128K), 0.0005030 secs] 10179K->3340K(26052K), 0.0005340 secs] [Times: user=0.00 sys=0.00, real=0.00 secs] 
347.781: Total time for which application threads were stopped: 0.0045050 seconds, Stopping threads took: 0.0038950 seconds
347.782: Application time: 0.0008630 seconds
347.782: [GC347.782: [ParNew: 7433K->895K(8128K), 0.0021240 secs] 10565K->10500K(26052K), 0.0021580 secs] [Times: user=0.02 sys=0.00, real=0.00 secs] 
347.784: Total time for which application threads were stopped: 0.0022640 seconds, Stopping threads took: 0.0000490 seconds
347.867: Application time: 0.0824620 seconds
347.933: [GC347.933: [ParNew: 7943K->891K(8128K), 0.0007060 secs] 17548K->11114K(26052K), 0.0007410 secs] [Times: user=0.01 sys=0.00, real=0.00 secs] 
347.933: Total time for which application threads were stopped: 0.0665770 seconds, Stopping threads took: 0.0657570 seconds
348.020: Application time: 0.0869470 seconds
348.034: [GC348.034: [ParNew: 8037K->14K(8128K), 0.0003230 secs] 18260K->10261K(26052K), 0.0003500 secs] [Times: user=0.00 sys=0.00, real=0.00 secs] 
348.034: Total time for which application threads were stopped: 0.0138630 seconds, Stopping threads took: 0.0134490 seconds
348.035: Application time: 0.0007940 seconds
348.035: [GC348.035: [ParNew: 7238K->895K(8128K), 0.0022610 secs] 17485K->17420K(26052K), 0.0023010 secs] [Times: user=0.01 sys=0.00, real=0.00 secs] 
348.038: Total time for which application threads were stopped: 0.0025590 seconds, Stopping threads took: 0.0002030 seconds
348.121: Application time: 0.0837710 seconds
348.197: [GC348.197: [ParNew: 8021K->8021K(8128K), 0.0000110 secs]348.197: [Tenured: 16525K->1654K(17924K), 0.0058120 secs] 24547K->1654K(26052K), [Perm : 5144K->5144K(21248K)], 0.0058640 secs] [Times: user=0.00 sys=0.00, real=0.01 secs] 
348.203: Total time for which application threads were stopped: 0.0816870 seconds, Stopping threads took: 0.0757610 seconds
348.204: Application time: 0.0013210 seconds
348.247: [GC348.247: [ParNew: 7224K->825K(8128K), 0.0018120 secs] 8878K->7948K(26052K), 0.0018480 secs] [Times: user=0.01 sys=0.00, real=0.00 secs] 
348.249: Total time for which application threads were stopped: 0.0444110 seconds, Stopping threads took: 0.0425060 seconds
348.329: Application time: 0.0807500 seconds
348.398: [GC348.398: [ParNew: 7951K->432K(8128K), 0.0005720 secs] 15075K->7636K(26052K), 0.0006030 secs] [Times: user=0.00 sys=0.00, real=0.00 secs] 
348.399: Total time for which application threads were stopped: 0.0695390 seconds, Stopping threads took: 0.0688600 seconds
348.400: Application time: 0.0009280 seconds
348.441: [GC348.441: [ParNew: 7578K->895K(8128K), 0.0019790 secs] 14782K->12619K(26052K), 0.0020150 secs] [Times: user=0.01 sys=0.00, real=0.00 secs] 
348.443: Total time for which application threads were stopped: 0.0428160 seconds, Stopping threads took: 0.0407440 seconds
348.522: Application time: 0.0792790 seconds
348.563: [GC348.563: [ParNew: 7748K->7748K(8128K), 0.0000100 secs]348.563: [Tenured: 11723K->3177K(17924K), 0.0047240 secs] 19472K->3177K(26052K), [Perm : 5144K->5144K(21248K)], 0.0047810 secs] [Times: user=0.01 sys=0.00, real=0.01 secs] 
348.568: Total time for which application threads were stopped: 0.0460330 seconds, Stopping threads took: 0.0411790 seconds
348.647: Application time: 0.0785070 seconds
348.649: [GC348.649: [ParNew: 7146K->14K(8128K), 0.0003360 secs] 10323K->3191K(26052K), 0.0003630 secs] [Times: user=0.00 sys=0.00, real=0.00 secs] 
348.650: Total time for which application threads were stopped: 0.0030240 seconds, Stopping threads took: 0.0025880 seconds
348.650: Application time: 0.0008850 seconds
348.651: [GC348.651: [ParNew: 7238K->895K(8128K), 0.0021260 secs] 10415K->10350K(26052K), 0.0021570 secs] [Times: user=0.01 sys=0.01, real=0.00 secs] 
348.653: Total time for which application threads were stopped: 0.0023290 seconds, Stopping threads took: 0.0001190 seconds
348.734: Application time: 0.0811600 seconds
348.800: [GC348.800: [ParNew: 8040K->791K(8128K), 0.0005170 secs] 17496K->10888K(26052K), 0.0005510 secs] [Times: user=0.01 sys=0.00, real=0.00 secs] 
348.801: Total time for which application threads were stopped: 0.0667210 seconds, Stopping threads took: 0.0661090 seconds
348.802: Application time: 0.0010840 seconds
348.842: [GC348.842: [ParNew: 7937K->895K(8128K), 0.0019710 secs] 18034K->16477K(26052K), 0.0020080 secs] [Times: user=0.02 sys=0.00, real=0.00 secs] 
348.844: Total time for which application threads were stopped: 0.0425350 seconds, Stopping threads took: 0.0404690 seconds
348.932: Application time: 0.0874460 seconds
348.985: [GC348.985: [ParNew: 8119K->8119K(8128K), 0.0000100 secs]348.985: [Tenured: 15582K->3429K(17924K), 0.0047300 secs] 23701K->3429K(26052K), [Perm : 5144K->5144K(21248K)], 0.0047880 secs] [Times: user=0.00 sys=0.00, real=0.01 secs] 
348.990: Total time for which application threads were stopped: 0.0582750 seconds, Stopping threads took: 0.0534270 seconds
349.077: Application time: 0.0867600 seconds
349.083: [GC349.083: [ParNew: 7146K->207K(8128K), 0.0005920 secs] 10575K->3636K(26052K), 0.0006200 secs] [Times: user=0.00 sys=0.00, real=0.00 secs] 
349.084: Total time for which application threads were stopped: 0.0069780 seconds, Stopping threads took: 0.0062860 seconds
349.085: Application time: 0.0008130 seconds
349.085: [GC349.085: [ParNew: 7353K->895K(8128K), 0.0024770 secs] 10782K->10770K(26052K), 0.0025200 secs] [Times: user=0.01 sys=0.00, real=0.01 secs] 
349.087: Total time for which application threads were stopped: 0.0028550 seconds, Stopping threads took: 0.0002790 seconds
349.169: Application time: 0.0818210 seconds
349.243: [GC349.243: [ParNew: 7943K->398K(8128K), 0.0006680 secs] 17818K->10305K(26052K), 0.0006980 secs] [Times: user=0.01 sys=0.00, real=0.00 secs] 
349.244: Total time for which application threads were stopped: 0.0748930 seconds, Stopping threads took: 0.0741190 seconds
349.245: Application time: 0.0008420 seconds
349.285: [GC349.285: [ParNew: 7447K->895K(8128K), 0.0021180 secs] 17354K->16271K(26052K), 0.0021530 secs] [Times: user=0.01 sys=0.00, real=0.01 secs] 
349.288: Total time for which application threads were stopped: 0.0424980 seconds, Stopping threads took: 0.0402880 seconds
349.375: Application time: 0.0872590 seconds
349.426: [GC349.426: [ParNew: 7923K->7923K(8128K), 0.0000110 secs]349.426: [Tenured: 15376K->3913K(17924K), 0.0056740 secs] 23299K->3913K(26052K), [Perm : 5144K->5144K(21248K)], 0.0057330 secs] [Times: user=0.01 sys=0.00, real=0.00 secs] 
349.432: Total time for which application threads were stopped: 0.0572000 seconds, Stopping threads took: 0.0513820 seconds
349.512: Application time: 0.0798030 seconds
349.555: [GC349.555: [ParNew: 7224K->42K(8128K), 0.0002610 secs] 11137K->3955K(26052K), 0.0002910 secs] [Times: user=0.00 sys=0.00, real=0.00 secs] 
349.556: Total time for which application threads were stopped: 0.0437490 seconds, Stopping threads took: 0.0433830 seconds
349.556: Application time: 0.0007820 seconds
349.557: [GC349.557: [ParNew: 7168K->895K(8128K), 0.0020820 secs] 11082K->11017K(26052K), 0.0021120 secs] [Times: user=0.01 sys=0.00, real=0.01 secs] 
349.559: Total time for which application threads were stopped: 0.0023970 seconds, Stopping threads took: 0.0002330 seconds
349.641: Application time: 0.0824150 seconds
349.707: [GC349.707: [ParNew: 8021K->825K(8128K), 0.0004850 secs] 18143K->11386K(26052K), 0.0005180 secs] [Times: user=0.00 sys=0.00, real=0.00 secs] 
349.708: Total time for which application threads were stopped: 0.0667930 seconds, Stopping threads took: 0.0662110 seconds
349.709: Application time: 0.0014700 seconds
349.786: [GC349.786: [ParNew: 8049K->819K(8128K), 0.0006370 secs] 18610K->11444K(26052K), 0.0006680 secs] [Times: user=0.00 sys=0.00, real=0.00 secs] 
349.787: Total time for which application threads were stopped: 0.0771290 seconds, Stopping threads took: 0.0764050 seconds
349.787: Application time: 0.0009100 seconds
349.842: [GC349.842: [ParNew: 7965K->893K(8128K), 0.0018600 secs] 18590K->16465K(26052K), 0.0018920 secs] [Times: user=0.01 sys=0.00, real=0.00 secs] 
349.844: Total time for which application threads were stopped: 0.0565510 seconds, Stopping threads took: 0.0545830 seconds
349.934: Application time: 0.0900790 seconds
350.006: [GC350.006: [ParNew: 8039K->8039K(8128K), 0.0000110 secs]350.006: [Tenured: 15571K->1487K(17924K), 0.0059330 secs] 23611K->1487K(26052K), [Perm : 5144K->5144K(21248K)], 0.0059880 secs] [Times: user=0.01 sys=0.00, real=0.00 secs] 
350.012: Total time for which application threads were stopped: 0.0778760 seconds, Stopping threads took: 0.0718070 seconds
350.013: Application time: 0.0011460 seconds
350.013: [GC350.013: [ParNew: 7146K->895K(8128K), 0.0024150 secs] 8634K->8633K(26052K), 0.0024490 secs] [Times: user=0.01 sys=0.00, real=0.00 secs] 
350.016: Total time for which application threads were stopped: 0.0028220 seconds, Stopping threads took: 0.0002950 seconds
350.098: Application time: 0.0817840 seconds
350.168: [GC350.168: [ParNew: 8021K->235K(8128K), 0.0005810 secs] 15759K->7989K(26052K), 0.0006120 secs] [Times: user=0.00 sys=0.00, real=0.00 secs] 
350.169: Total time for which application threads were stopped: 0.0709510 seconds, Stopping threads took: 0.0702610 seconds
350.170: Application time: 0.0010620 seconds
350.210: [GC350.210: [ParNew: 7381K->895K(8128K), 0.0018580 secs] 15135K->14048K(26052K), 0.0018960 secs] [Times: user=0.01 sys=0.00, real=0.00 secs] 
350.212: Total time for which application threads were stopped: 0.0424790 seconds, Stopping threads took: 0.0404980 seconds
350.296: Application time: 0.0840780 seconds
350.348: [GC350.348: [ParNew: 8040K->8040K(8128K), 0.0000090 secs]350.348: [Tenured: 13153K->4153K(17924K), 0.0050030 secs] 21194K->4153K(26052K), [Perm : 5144K->5144K(21248K)], 0.0050600 secs] [Times: user=0.01 sys=0.00, real=0.00 secs] 
350.354: Total time for which application threads were stopped: 0.0572460 seconds, Stopping threads took: 0.0521220 seconds
350.431: Application time: 0.0777730 seconds
350.435: [GC350.435: [ParNew: 7146K->797K(8128K), 0.0004720 secs] 11299K->5341K(26052K), 0.0005030 secs] [Times: user=0.00 sys=0.00, real=0.00 secs] 
350.435: Total time for which application threads were stopped: 0.0039670 seconds, Stopping threads took: 0.0033830 seconds
350.437: Application time: 0.0013500 seconds
350.513: [GC350.513: [ParNew: 8021K->823K(8128K), 0.0006200 secs] 12565K->5383K(26052K), 0.0006540 secs] [Times: user=0.00 sys=0.00, real=0.00 secs] 
350.514: Total time for which application threads were stopped: 0.0773020 seconds, Stopping threads took: 0.0765700 seconds
350.515: Application time: 0.0009540 seconds
350.564: [GC350.564: [ParNew: 7969K->895K(8128K), 0.0017750 secs] 12529K->10402K(26052K), 0.0018110 secs] [Times: user=0.01 sys=0.00, real=0.01 secs] 
350.566: Total time for which application threads were stopped: 0.0513110 seconds, Stopping threads took: 0.0494210 seconds
350.649: Application time: 0.0830100 seconds
350.715: [GC350.715: [ParNew: 8065K->34K(8128K), 0.0004700 secs] 17572K->9541K(26052K), 0.0004980 secs] [Times: user=0.01 sys=0.00, real=0.00 secs] 
350.716: Total time for which application threads were stopped: 0.0663810 seconds, Stopping threads took: 0.0658020 seconds
350.717: Application time: 0.0009620 seconds
350.717: [GC350.717: [ParNew: 7232K->895K(8128K), 0.0021330 secs] 16739K->16680K(26052K), 0.0021710 secs] [Times: user=0.02 sys=0.00, real=0.01 secs] 
350.719: Total time for which application threads were stopped: 0.0023450 seconds, Stopping threads took: 0.0001080 seconds
350.815: Application time: 0.0957040 seconds
350.886: [GC350.886: [ParNew: 7943K->7943K(8128K), 0.0000110 secs]350.886: [Tenured: 15785K->1768K(17924K), 0.0059130 secs] 23728K->1768K(26052K), [Perm : 5144K->5144K(21248K)], 0.0059660 secs] [Times: user=0.01 sys=0.00, real=0.00 secs] 
350.892: Total time for which application threads were stopped: 0.0776050 seconds, Stopping threads took: 0.0715800 seconds
350.893: Application time: 0.0011740 seconds
350.937: [GC350.937: [ParNew: 7146K->797K(8128K), 0.0018660 secs] 8914K->8035K(26052K), 0.0019010 secs] [Times: user=0.02 sys=0.00, real=0.01 secs] 
350.939: Total time for which application threads were stopped: 0.0456480 seconds, Stopping threads took: 0.0436890 seconds
351.021: Application time: 0.0817190 seconds
351.088: [GC351.088: [ParNew: 7845K->400K(8128K), 0.0006370 secs] 15083K->7662K(26052K), 0.0006680 secs] [Times: user=0.00 sys=0.00, real=0.00 secs] 
351.089: Total time for which application threads were stopped: 0.0679680 seconds, Stopping threads took: 0.0672470 seconds
351.090: Application time: 0.0008830 seconds
351.141: [GC351.141: [ParNew: 7546K->797K(8128K), 0.0020900 secs] 14808K->13723K(26052K), 0.0021270 secs] [Times: user=0.02 sys=0.00, real=0.00 secs] 
351.143: Total time for which application threads were stopped: 0.0532090 seconds, Stopping threads took: 0.0510040 seconds
351.235: Application time: 0.0919990 seconds
351.310: [GC351.310: [ParNew: 7923K->7923K(8128K), 0.0000100 secs]351.310: [Tenured: 12926K->1960K(17924K), 0.0052870 secs] 20849K->1960K(26052K), [Perm : 5144K->5144K(21248K)], 0.0053420 secs] [Times: user=0.01 sys=0.00, real=0.00 secs] 
351.315: Total time for which application threads were stopped: 0.0803750 seconds, Stopping threads took: 0.0749430 seconds
351.316: Application time: 0.0011860 seconds
351.357: [GC351.357: [ParNew: 7204K->895K(8128K), 0.0018450 secs] 9165K->7502K(26052K), 0.0018920 secs] [Times: user=0.01 sys=0.00, real=0.01 secs] 
351.359: Total time for which application threads were stopped: 0.0424850 seconds, Stopping threads took: 0.0405230 seconds
351.437: Application time: 0.0782450 seconds
351.480: [GC351.480: [ParNew: 8119K->823K(8128K), 0.0005870 secs] 14726K->7494K(26052K), 0.0006200 secs] [Times: user=0.00 sys=0.00, real=0.00 secs] 
351.481: Total time for which application threads were stopped: 0.0434330 seconds, Stopping threads took: 0.0427360 seconds
351.482: Application time: 0.0010380 seconds
351.533: [GC351.533: [ParNew: 8047K->895K(8128K), 0.0020190 secs] 14718K->12533K(26052K), 0.0020570 secs] [Times: user=0.02 sys=0.00, real=0.00 secs] 
351.535: Total time for which application threads were stopped: 0.0530750 seconds, Stopping threads took: 0.0509410 seconds
351.629: Application time: 0.0938170 seconds
351.700: [GC351.700: [ParNew: 8041K->8041K(8128K), 0.0000100 secs]351.700: [Tenured: 11638K->1489K(17924K), 0.0051620 secs] 19679K->1489K(26052K), [Perm : 5144K->5144K(21248K)], 0.0052190 secs] [Times: user=0.01 sys=0.00, real=0.00 secs] 
351.706: Total time for which application threads were stopped: 0.0771230 seconds, Stopping threads took: 0.0718200 seconds
351.707: Application time: 0.0011030 seconds
351.749: [GC351.749: [ParNew: 7146K->893K(8128K), 0.0020210 secs] 8635K->7558K(26052K), 0.0020580 secs] [Times: user=0.01 sys=0.00, real=0.00 secs] 
351.751: Total time for which application threads were stopped: 0.0443670 seconds, Stopping threads took: 0.0422300 seconds
351.831: Application time: 0.0803100 seconds
351.899: [GC351.900: [ParNew: 7941K->205K(8128K), 0.0004950 secs] 14606K->6894K(26052K), 0.0005230 secs] [Times: user=0.01 sys=0.00, real=0.00 secs] 
351.900: Total time for which application threads were stopped: 0.0685880 seconds, Stopping threads took: 0.0679960 seconds
351.901: Application time: 0.0009730 seconds
351.941: [GC351.941: [ParNew: 7429K->895K(8128K), 0.0020430 secs] 14119K->12984K(26052K), 0.0020770 secs] [Times: user=0.02 sys=0.00, real=0.00 secs] 
351.943: Total time for which application threads were stopped: 0.0422890 seconds, Stopping threads took: 0.0401350 seconds
352.038: Application time: 0.0943280 seconds
352.111: [GC352.111: [ParNew: 7943K->7943K(8128K), 0.0000130 secs]352.112: [Tenured: 12088K->1909K(17924K), 0.0059900 secs] 20032K->1909K(26052K), [Perm : 5144K->5144K(21248K)], 0.0075570 secs] [Times: user=0.01 sys=0.00, real=0.01 secs] 
352.118: Total time for which application threads were stopped: 0.0805390 seconds, Stopping threads took: 0.0729210 seconds
352.120: Application time: 0.0013400 seconds
352.160: [GC352.160: [ParNew: 7146K->795K(8128K), 0.0023450 secs] 9055K->8369K(26052K), 0.0023850 secs] [Times: user=0.01 sys=0.00, real=0.00 secs] 
352.162: Total time for which application threads were stopped: 0.0425060 seconds, Stopping threads took: 0.0400620 seconds
352.242: Application time: 0.0804730 seconds
352.308: [GC352.308: [ParNew: 7648K->402K(8128K), 0.0006000 secs] 15222K->7992K(26052K), 0.0006310 secs] [Times: user=0.00 sys=0.00, real=0.00 secs] 
352.308: Total time for which application threads were stopped: 0.0658840 seconds, Stopping threads took: 0.0651770 seconds
352.309: Application time: 0.0009900 seconds
352.350: [GC352.350: [ParNew: 7627K->895K(8128K), 0.0019650 secs] 15217K->14079K(26052K), 0.0020040 secs] [Times: user=0.01 sys=0.00, real=0.00 secs] 
352.352: Total time for which application threads were stopped: 0.0429810 seconds, Stopping threads took: 0.0409200 seconds
352.433: Application time: 0.0809160 seconds
352.486: [GC352.486: [ParNew: 8040K->8040K(8128K), 0.0000100 secs]352.486: [Tenured: 13184K->3696K(17924K), 0.0055220 secs] 21225K->3696K(26052K), [Perm : 5144K->5144K(21248K)], 0.0055790 secs] [Times: user=0.01 sys=0.00, real=0.01 secs] 
352.491: Total time for which application threads were stopped: 0.0578630 seconds, Stopping threads took: 0.0521940 seconds
352.578: Application time: 0.0873370 seconds
352.588: [GC352.588: [ParNew: 7048K->209K(8128K), 0.0004430 secs] 10744K->3905K(26052K), 0.0004810 secs] [Times: user=0.00 sys=0.00, real=0.00 secs] 
352.589: Total time for which application threads were stopped: 0.0104030 seconds, Stopping threads took: 0.0098480 seconds
352.590: Application time: 0.0007270 seconds
352.590: [GC352.590: [ParNew: 7355K->895K(8128K), 0.0022090 secs] 11052K->11037K(26052K), 0.0022450 secs] [Times: user=0.02 sys=0.00, real=0.00 secs] 
352.592: Total time for which application threads were stopped: 0.0025920 seconds, Stopping threads took: 0.0002690 seconds
352.673: Application time: 0.0812830 seconds
352.748: [GC352.748: [ParNew: 8021K->434K(8128K), 0.0003560 secs] 18163K->10593K(26052K), 0.0003880 secs] [Times: user=0.00 sys=0.00, real=0.00 secs] 
352.749: Total time for which application threads were stopped: 0.0752520 seconds, Stopping threads took: 0.0748080 seconds
352.754: Application time: 0.0050180 seconds
352.826: [GC352.826: [ParNew: 7580K->42K(8128K), 0.0003670 secs] 17739K->10200K(26052K), 0.0003960 secs] [Times: user=0.01 sys=0.00, real=0.00 secs] 
352.827: Total time for which application threads were stopped: 0.0730880 seconds, Stopping threads took: 0.0726180 seconds
352.828: Application time: 0.0007810 seconds
352.828: [GC352.828: [ParNew: 7188K->895K(8128K), 0.0020320 secs] 17346K->17331K(26052K), 0.0020640 secs] [Times: user=0.02 sys=0.00, real=0.00 secs] 
352.830: Total time for which application threads were stopped: 0.0023330 seconds, Stopping threads took: 0.0002150 seconds
352.924: Application time: 0.0938210 seconds
352.998: [GC352.998: [ParNew: 7943K->7943K(8128K), 0.0000100 secs]352.998: [Tenured: 16436K->1570K(17924K), 0.0044970 secs] 24379K->1570K(26052K), [Perm : 5144K->5144K(21248K)], 0.0045510 secs] [Times: user=0.01 sys=0.00, real=0.00 secs] 
353.002: Total time for which application threads were stopped: 0.0785970 seconds, Stopping threads took: 0.0739790 seconds
353.003: Application time: 0.0010610 seconds
353.044: [GC353.044: [ParNew: 7224K->895K(8128K), 0.0017930 secs] 8794K->6790K(26052K), 0.0018300 secs] [Times: user=0.01 sys=0.00, real=0.01 secs] 
353.046: Total time for which application threads were stopped: 0.0425450 seconds, Stopping threads took: 0.0406560 seconds
353.125: Application time: 0.0789300 seconds
353.166: [GC353.166: [ParNew: 8119K->895K(8128K), 0.0010930 secs] 14014K->8624K(26052K), 0.0011260 secs] [Times: user=0.01 sys=0.00, real=0.00 secs] 
353.167: Total time for which application threads were stopped: 0.0423800 seconds, Stopping threads took: 0.0411740 seconds
353.249: Application time: 0.0817760 seconds
353.253: [GC353.253: [ParNew: 8021K->893K(8128K), 0.0005830 secs] 15751K->8874K(26052K), 0.0006150 secs] [Times: user=0.01 sys=0.00, real=0.00 secs] 
353.254: Total time for which application threads were stopped: 0.0050200 seconds, Stopping threads took: 0.0043470 seconds
353.256: Application time: 0.0014330 seconds
353.332: [GC353.332: [ParNew: 8039K->789K(8128K), 0.0009020 secs] 16020K->9794K(26052K), 0.0009330 secs] [Times: user=0.01 sys=0.00, real=0.00 secs] 
353.333: Total time for which application threads were stopped: 0.0769780 seconds, Stopping threads took: 0.0759710 seconds
353.420: Application time: 0.0870780 seconds
353.427: [GC353.427: [ParNew: 7994K->267K(8128K), 0.0004340 secs] 16999K->9273K(26052K), 0.0004650 secs] [Times: user=0.00 sys=0.00, real=0.00 secs] 
353.428: Total time for which application threads were stopped: 0.0081530 seconds, Stopping threads took: 0.0076330 seconds
353.428: Application time: 0.0007370 seconds
353.429: [GC353.429: [ParNew: 7413K->895K(8128K), 0.0022360 secs] 16419K->16402K(26052K), 0.0022680 secs] [Times: user=0.02 sys=0.00, real=0.00 secs] 
353.431: Total time for which application threads were stopped: 0.0026030 seconds, Stopping threads took: 0.0002580 seconds
353.522: Application time: 0.0910030 seconds
353.595: [GC353.595: [ParNew: 7943K->7943K(8128K), 0.0000100 secs]353.595: [Tenured: 15507K->2104K(17924K), 0.0051520 secs] 23450K->2104K(26052K), [Perm : 5144K->5144K(21248K)], 0.0052080 secs] [Times: user=0.01 sys=0.00, real=0.01 secs] 
353.601: Total time for which application threads were stopped: 0.0784540 seconds, Stopping threads took: 0.0731480 seconds
353.602: Application time: 0.0012940 seconds
353.642: [GC353.642: [ParNew: 7146K->895K(8128K), 0.0018860 secs] 9250K->8566K(26052K), 0.0019210 secs] [Times: user=0.01 sys=0.00, real=0.00 secs] 
353.644: Total time for which application threads were stopped: 0.0425140 seconds, Stopping threads took: 0.0405150 seconds
353.726: Application time: 0.0812540 seconds
353.792: [GC353.792: [ParNew: 7943K->598K(8128K), 0.0005850 secs] 15614K->8285K(26052K), 0.0006180 secs] [Times: user=0.00 sys=0.00, real=0.00 secs] 
353.793: Total time for which application threads were stopped: 0.0674500 seconds, Stopping threads took: 0.0667570 seconds
353.794: Application time: 0.0009380 seconds
353.835: [GC353.835: [ParNew: 7744K->893K(8128K), 0.0018890 secs] 15431K->14366K(26052K), 0.0019230 secs] [Times: user=0.01 sys=0.00, real=0.00 secs] 
353.837: Total time for which application threads were stopped: 0.0425570 seconds, Stopping threads took: 0.0405640 seconds
353.920: Application time: 0.0837580 seconds
353.990: [GC353.991: [ParNew: 8097K->8097K(8128K), 0.0000100 secs]353.991: [Tenured: 13473K->2943K(17924K), 0.0051990 secs] 21570K->2943K(26052K), [Perm : 5144K->5144K(21248K)], 0.0052560 secs] [Times: user=0.01 sys=0.00, real=0.00 secs] 
353.996: Total time for which application threads were stopped: 0.0754290 seconds, Stopping threads took: 0.0701130 seconds
353.997: Application time: 0.0011330 seconds
354.039: [GC354.039: [ParNew: 7146K->895K(8128K), 0.0018540 secs] 10089K->8721K(26052K), 0.0018900 secs] [Times: user=0.01 sys=0.00, real=0.00 secs] 
354.041: Total time for which application threads were stopped: 0.0443030 seconds, Stopping threads took: 0.0423550 seconds
354.123: Application time: 0.0814930 seconds
354.191: [GC354.191: [ParNew: 8041K->14K(8128K), 0.0004550 secs] 15867K->7864K(26052K), 0.0004860 secs] [Times: user=0.00 sys=0.00, real=0.00 secs] 
354.192: Total time for which application threads were stopped: 0.0691920 seconds, Stopping threads took: 0.0686210 seconds
354.193: Application time: 0.0009970 seconds
354.193: [GC354.193: [ParNew: 7160K->895K(8128K), 0.0021260 secs] 15010K->14995K(26052K), 0.0021640 secs] [Times: user=0.02 sys=0.00, real=0.00 secs] 
354.195: Total time for which application threads were stopped: 0.0024760 seconds, Stopping threads took: 0.0002310 seconds
354.288: Application time: 0.0927720 seconds
354.362: [GC354.362: [ParNew: 7923K->7923K(8128K), 0.0000100 secs]354.362: [Tenured: 14100K->3362K(17924K), 0.0046530 secs] 22024K->3362K(26052K), [Perm : 5144K->5144K(21248K)], 0.0047090 secs] [Times: user=0.00 sys=0.00, real=0.01 secs] 
354.366: Total time for which application threads were stopped: 0.0781570 seconds, Stopping threads took: 0.0733850 seconds
354.368: Application time: 0.0012590 seconds
354.426: [GC354.426: [ParNew: 7146K->797K(8128K), 0.0016750 secs] 10508K->8457K(26052K), 0.0017140 secs] [Times: user=0.02 sys=0.00, real=0.00 secs] 
354.428: Total time for which application threads were stopped: 0.0601540 seconds, Stopping threads took: 0.0583580 seconds
354.507: Application time: 0.0794230 seconds
354.549: [GC354.549: [ParNew: 8021K->428K(8128K), 0.0003260 secs] 15681K->8112K(26052K), 0.0003570 secs] [Times: user=0.00 sys=0.00, real=0.00 secs] 
354.549: Total time for which application threads were stopped: 0.0421120 seconds, Stopping threads took: 0.0416800 seconds
354.550: Application time: 0.0010680 seconds
354.591: [GC354.591: [ParNew: 7574K->895K(8128K), 0.0021990 secs] 15258K->14173K(26052K), 0.0022350 secs] [Times: user=0.01 sys=0.00, real=0.00 secs] 
354.593: Total time for which application threads were stopped: 0.0428780 seconds, Stopping threads took: 0.0405660 seconds
354.681: Application time: 0.0874840 seconds
354.735: [GC354.735: [ParNew: 8040K->8040K(8128K), 0.0000110 secs]354.735: [Tenured: 13278K->4207K(17924K), 0.0057650 secs] 21319K->4207K(26052K), [Perm : 5144K->5144K(21248K)], 0.0058250 secs] [Times: user=0.00 sys=0.00, real=0.01 secs] 
354.740: Total time for which application threads were stopped: 0.0597420 seconds, Stopping threads took: 0.0538330 seconds
354.827: Application time: 0.0863970 seconds
354.831: [GC354.831: [ParNew: 7224K->823K(8128K), 0.0006500 secs] 11431K->5617K(26052K), 0.0006840 secs] [Times: user=0.00 sys=0.00, real=0.00 secs] 
354.831: Total time for which application threads were stopped: 0.0045960 seconds, Stopping threads took: 0.0038350 seconds
354.833: Application time: 0.0011280 seconds
354.908: [GC354.908: [ParNew: 7969K->893K(8128K), 0.0016020 secs] 12763K->9063K(26052K), 0.0016390 secs] [Times: user=0.01 sys=0.00, real=0.00 secs] 
354.910: Total time for which application threads were stopped: 0.0772360 seconds, Stopping threads took: 0.0755160 seconds
354.989: Application time: 0.0789650 seconds
355.031: [GC355.031: [ParNew: 7941K->795K(8128K), 0.0007880 secs] 16111K->9754K(26052K), 0.0008220 secs] [Times: user=0.00 sys=0.00, real=0.00 secs] 
355.032: Total time for which application threads were stopped: 0.0431910 seconds, Stopping threads took: 0.0422920 seconds
355.118: Application time: 0.0859340 seconds
355.122: [GC355.122: [ParNew: 7843K->10K(8128K), 0.0002090 secs] 16803K->8977K(26052K), 0.0002360 secs] [Times: user=0.00 sys=0.00, real=0.00 secs] 
355.122: Total time for which application threads were stopped: 0.0042360 seconds, Stopping threads took: 0.0039250 seconds
355.123: Application time: 0.0008160 seconds
355.177: [GC355.177: [ParNew: 7232K->893K(8128K), 0.0015900 secs] 16200K->13990K(26052K), 0.0016310 secs] [Times: user=0.01 sys=0.00, real=0.01 secs] 
355.178: Total time for which application threads were stopped: 0.0552370 seconds, Stopping threads took: 0.0535410 seconds
355.273: Application time: 0.0945220 seconds
355.331: [GC355.331: [ParNew: 8019K->8019K(8128K), 0.0000100 secs]355.331: [Tenured: 13097K->1656K(17924K), 0.0054700 secs] 21117K->1656K(26052K), [Perm : 5144K->5144K(21248K)], 0.0055240 secs] [Times: user=0.01 sys=0.00, real=0.00 secs] 
355.336: Total time for which application threads were stopped: 0.0637430 seconds, Stopping threads took: 0.0581500 seconds
355.338: Application time: 0.0012940 seconds
355.393: [GC355.393: [ParNew: 7224K->895K(8128K), 0.0016210 secs] 8880K->6876K(26052K), 0.0016570 secs] [Times: user=0.01 sys=0.00, real=0.00 secs] 
355.395: Total time for which application threads were stopped: 0.0568230 seconds, Stopping threads took: 0.0551080 seconds
355.474: Application time: 0.0795880 seconds
355.517: [GC355.517: [ParNew: 7943K->402K(8128K), 0.0005220 secs] 13925K->6432K(26052K), 0.0005530 secs] [Times: user=0.01 sys=0.00, real=0.00 secs] 
355.517: Total time for which application threads were stopped: 0.0432610 seconds, Stopping threads took: 0.0426430 seconds
355.518: Application time: 0.0008910 seconds
355.571: [GC355.571: [ParNew: 7548K->795K(8128K), 0.0022270 secs] 13578K->12489K(26052K), 0.0022620 secs] [Times: user=0.01 sys=0.00, real=0.00 secs] 
355.573: Total time for which application threads were stopped: 0.0545340 seconds, Stopping threads took: 0.0521940 seconds
355.662: Application time: 0.0890470 seconds
355.717: [GC355.717: [ParNew: 8019K->8019K(8128K), 0.0000100 secs]355.717: [Tenured: 11694K->3472K(17924K), 0.0049880 secs] 19713K->3472K(26052K), [Perm : 5144K->5144K(21248K)], 0.0050460 secs] [Times: user=0.01 sys=0.00, real=0.01 secs] 
355.722: Total time for which application threads were stopped: 0.0597770 seconds, Stopping threads took: 0.0546540 seconds
355.807: Application time: 0.0851260 seconds
355.815: [GC355.816: [ParNew: 7126K->237K(8128K), 0.0005460 secs] 10598K->3709K(26052K), 0.0005780 secs] [Times: user=0.01 sys=0.00, real=0.00 secs] 
355.816: Total time for which application threads were stopped: 0.0092630 seconds, Stopping threads took: 0.0086100 seconds
355.817: Application time: 0.0007990 seconds
355.873: [GC355.873: [ParNew: 7383K->895K(8128K), 0.0019580 secs] 10855K->9766K(26052K), 0.0019930 secs] [Times: user=0.01 sys=0.00, real=0.00 secs] 
355.875: Total time for which application threads were stopped: 0.0582920 seconds, Stopping threads took: 0.0562290 seconds
355.956: Application time: 0.0809540 seconds
356.025: [GC356.025: [ParNew: 7943K->404K(8128K), 0.0003030 secs] 16814K->9324K(26052K), 0.0003430 secs] [Times: user=0.00 sys=0.00, real=0.00 secs] 
356.025: Total time for which application threads were stopped: 0.0687980 seconds, Stopping threads took: 0.0683790 seconds
356.026: Application time: 0.0010040 seconds
356.067: [GC356.067: [ParNew: 7550K->893K(8128K), 0.0016980 secs] 16470K->14305K(26052K), 0.0017300 secs] [Times: user=0.01 sys=0.00, real=0.00 secs] 
356.068: Total time for which application threads were stopped: 0.0424360 seconds, Stopping threads took: 0.0406510 seconds
356.147: Application time: 0.0781790 seconds
356.190: [GC356.190: [ParNew: 7746K->7746K(8128K), 0.0000100 secs]356.190: [Tenured: 13411K->2134K(17924K), 0.0045050 secs] 21158K->2134K(26052K), [Perm : 5144K->5144K(21248K)], 0.0045620 secs] [Times: user=0.01 sys=0.00, real=0.00 secs] 
356.195: Total time for which application threads were stopped: 0.0481800 seconds, Stopping threads took: 0.0435350 seconds
356.196: Application time: 0.0010610 seconds
356.236: [GC356.236: [ParNew: 7146K->895K(8128K), 0.0021150 secs] 9280K->8595K(26052K), 0.0021510 secs] [Times: user=0.01 sys=0.00, real=0.01 secs] 
356.238: Total time for which application threads were stopped: 0.0426760 seconds, Stopping threads took: 0.0404440 seconds
356.319: Application time: 0.0806640 seconds
356.388: [GC356.388: [ParNew: 7826K->434K(8128K), 0.0005160 secs] 15527K->8151K(26052K), 0.0005470 secs] [Times: user=0.00 sys=0.00, real=0.00 secs] 
356.389: Total time for which application threads were stopped: 0.0697070 seconds, Stopping threads took: 0.0690750 seconds
356.390: Application time: 0.0008770 seconds
356.390: [GC356.390: [ParNew: 7483K->895K(8128K), 0.0022340 secs] 15200K->15183K(26052K), 0.0022710 secs] [Times: user=0.02 sys=0.00, real=0.00 secs] 
356.392: Total time for which application threads were stopped: 0.0026300 seconds, Stopping threads took: 0.0002800 seconds
356.479: Application time: 0.0867860 seconds
356.548: [GC356.548: [ParNew: 8021K->8021K(8128K), 0.0000100 secs]356.548: [Tenured: 14288K->2938K(17924K), 0.0054900 secs] 22309K->2938K(26052K), [Perm : 5144K->5144K(21248K)], 0.0055620 secs] [Times: user=0.00 sys=0.00, real=0.00 secs] 
356.554: Total time for which application threads were stopped: 0.0745580 seconds, Stopping threads took: 0.0689340 seconds
356.640: Application time: 0.0867220 seconds
356.650: [GC356.650: [ParNew: 7048K->14K(8128K), 0.0006040 secs] 9987K->2952K(26052K), 0.0006330 secs] [Times: user=0.00 sys=0.00, real=0.00 secs] 
356.650: Total time for which application threads were stopped: 0.0099560 seconds, Stopping threads took: 0.0092710 seconds
356.651: Application time: 0.0008100 seconds
356.652: [GC356.652: [ParNew: 7238K->895K(8128K), 0.0024020 secs] 10177K->10112K(26052K), 0.0024370 secs] [Times: user=0.00 sys=0.02, real=0.00 secs] 
356.654: Total time for which application threads were stopped: 0.0027680 seconds, Stopping threads took: 0.0002760 seconds
356.737: Application time: 0.0832270 seconds
356.811: [GC356.811: [ParNew: 7943K->203K(8128K), 0.0005180 secs] 17160K->9484K(26052K), 0.0005490 secs] [Times: user=0.00 sys=0.00, real=0.00 secs] 
356.811: Total time for which application threads were stopped: 0.0739330 seconds, Stopping threads took: 0.0733080 seconds
356.812: Application time: 0.0008650 seconds
356.853: [GC356.853: [ParNew: 7427K->895K(8128K), 0.0019440 secs] 16709K->15575K(26052K), 0.0019760 secs] [Times: user=0.01 sys=0.00, real=0.00 secs] 
356.855: Total time for which application threads were stopped: 0.0427890 seconds, Stopping threads took: 0.0407380 seconds
356.951: Application time: 0.0958530 seconds
357.023: [GC357.023: [ParNew: 8040K->8040K(8128K), 0.0000110 secs]357.023: [Tenured: 14680K->3191K(17924K), 0.0056500 secs] 22721K->3191K(26052K), [Perm : 5144K->5144K(21248K)], 0.0057010 secs] [Times: user=0.01 sys=0.00, real=0.01 secs] 
357.028: Total time for which application threads were stopped: 0.0777270 seconds, Stopping threads took: 0.0719320 seconds
357.106: Application time: 0.0776290 seconds
357.110: [GC357.110: [ParNew: 7126K->44K(8128K), 0.0019390 secs] 10318K->3235K(26052K), 0.0019800 secs] [Times: user=0.00 sys=0.00, real=0.00 secs] 
357.112: Total time for which application threads were stopped: 0.0060730 seconds, Stopping threads took: 0.0040170 seconds
357.113: Application time: 0.0008220 seconds
357.113: [GC357.113: [ParNew: 7190K->895K(8128K), 0.0022060 secs] 10381K->10365K(26052K), 0.0022370 secs] [Times: user=0.02 sys=0.00, real=0.00 secs] 
357.116: Total time for which application threads were stopped: 0.0026770 seconds, Stopping threads took: 0.0003630 seconds
357.198: Application time: 0.0824680 seconds
357.270: [GC357.270: [ParNew: 7943K->201K(8128K), 0.0005900 secs] 17413K->9711K(26052K), 0.0006210 secs] [Times: user=0.01 sys=0.00, real=0.00 secs] 
357.271: Total time for which application threads were stopped: 0.0727330 seconds, Stopping threads took: 0.0720460 seconds
357.272: Application time: 0.0009590 seconds
357.327: [GC357.327: [ParNew: 7425K->895K(8128K), 0.0019120 secs] 16935K->15804K(26052K), 0.0019500 secs] [Times: user=0.01 sys=0.00, real=0.00 secs] 
357.329: Total time for which application threads were stopped: 0.0572240 seconds, Stopping threads took: 0.0551900 seconds
357.422: Application time: 0.0932080 seconds
357.494: [GC357.494: [ParNew: 8099K->8099K(8128K), 0.0000100 secs]357.494: [Tenured: 14909K->2133K(17924K), 0.0045070 secs] 23009K->2133K(26052K), [Perm : 5144K->5144K(21248K)], 0.0045610 secs] [Times: user=0.00 sys=0.00, real=0.01 secs] 
357.498: Total time for which application threads were stopped: 0.0759470 seconds, Stopping threads took: 0.0713270 seconds
357.499: Application time: 0.0012130 seconds
357.551: [GC357.551: [ParNew: 7145K->895K(8128K), 0.0017200 secs] 9279K->7521K(26052K), 0.0017560 secs] [Times: user=0.01 sys=0.01, real=0.00 secs] 
357.553: Total time for which application threads were stopped: 0.0536220 seconds, Stopping threads took: 0.0518020 seconds
357.632: Application time: 0.0791630 seconds
357.673: [GC357.673: [ParNew: 8041K->795K(8128K), 0.0008190 secs] 14667K->8422K(26052K), 0.0008530 secs] [Times: user=0.00 sys=0.00, real=0.00 secs] 
357.674: Total time for which application threads were stopped: 0.0421540 seconds, Stopping threads took: 0.0412240 seconds
357.753: Application time: 0.0791630 seconds
357.756: [GC357.756: [ParNew: 7843K->205K(8128K), 0.0004670 secs] 15470K->7840K(26052K), 0.0004960 secs] [Times: user=0.00 sys=0.00, real=0.00 secs] 
357.757: Total time for which application threads were stopped: 0.0032560 seconds, Stopping threads took: 0.0026820 seconds
357.758: Application time: 0.0007640 seconds
357.797: [GC357.797: [ParNew: 7351K->895K(8128K), 0.0018550 secs] 14986K->13901K(26052K), 0.0018870 secs] [Times: user=0.01 sys=0.00, real=0.01 secs] 
357.799: Total time for which application threads were stopped: 0.0417090 seconds, Stopping threads took: 0.0397690 seconds
357.881: Application time: 0.0821340 seconds
357.948: [GC357.948: [ParNew: 7943K->7943K(8128K), 0.0000090 secs]357.948: [Tenured: 13006K->2525K(17924K), 0.0050790 secs] 20949K->2525K(26052K), [Perm : 5144K->5144K(21248K)], 0.0051350 secs] [Times: user=0.00 sys=0.00, real=0.00 secs] 
357.953: Total time for which application threads were stopped: 0.0716980 seconds, Stopping threads took: 0.0665020 seconds
357.954: Application time: 0.0011370 seconds
357.997: [GC357.997: [ParNew: 7146K->895K(8128K), 0.0019150 secs] 9671K->7912K(26052K), 0.0019510 secs] [Times: user=0.02 sys=0.00, real=0.01 secs] 
357.999: Total time for which application threads were stopped: 0.0448030 seconds, Stopping threads took: 0.0427740 seconds
358.079: Application time: 0.0797500 seconds
358.120: [GC358.120: [ParNew: 8119K->819K(8128K), 0.0008270 secs] 15137K->8837K(26052K), 0.0008600 secs] [Times: user=0.01 sys=0.00, real=0.00 secs] 
358.121: Total time for which application threads were stopped: 0.0424300 seconds, Stopping threads took: 0.0414960 seconds
358.200: Application time: 0.0785680 seconds
358.205: [GC358.205: [ParNew: 7867K->209K(8128K), 0.0003370 secs] 15886K->8307K(26052K), 0.0003750 secs] [Times: user=0.00 sys=0.00, real=0.00 secs] 
358.205: Total time for which application threads were stopped: 0.0052600 seconds, Stopping threads took: 0.0048270 seconds
358.206: Application time: 0.0009860 seconds
358.246: [GC358.246: [ParNew: 7355K->895K(8128K), 0.0019300 secs] 15454K->14365K(26052K), 0.0019650 secs] [Times: user=0.01 sys=0.00, real=0.00 secs] 
358.248: Total time for which application threads were stopped: 0.0421970 seconds, Stopping threads took: 0.0401750 seconds
358.330: Application time: 0.0820860 seconds
358.397: [GC358.397: [ParNew: 8021K->8021K(8128K), 0.0000100 secs]358.397: [Tenured: 13469K->1767K(17924K), 0.0045400 secs] 21491K->1767K(26052K), [Perm : 5144K->5144K(21248K)], 0.0045940 secs] [Times: user=0.01 sys=0.00, real=0.01 secs] 
358.401: Total time for which application threads were stopped: 0.0709700 seconds, Stopping threads took: 0.0663150 seconds
358.402: Application time: 0.0011460 seconds
358.445: [GC358.445: [ParNew: 7224K->895K(8128K), 0.0021980 secs] 8992K->8257K(26052K), 0.0022350 secs] [Times: user=0.02 sys=0.00, real=0.01 secs] 
358.447: Total time for which application threads were stopped: 0.0445270 seconds, Stopping threads took: 0.0422120 seconds
358.527: Application time: 0.0805530 seconds
358.595: [GC358.595: [ParNew: 7748K->402K(8128K), 0.0005820 secs] 15110K->7813K(26052K), 0.0006120 secs] [Times: user=0.00 sys=0.00, real=0.00 secs] 
358.596: Total time for which application threads were stopped: 0.0685080 seconds, Stopping threads took: 0.0678200 seconds
358.597: Application time: 0.0008600 seconds
358.650: [GC358.650: [ParNew: 7548K->893K(8128K), 0.0016870 secs] 14959K->12796K(26052K), 0.0017230 secs] [Times: user=0.01 sys=0.00, real=0.00 secs] 
358.652: Total time for which application threads were stopped: 0.0548630 seconds, Stopping threads took: 0.0530540 seconds
358.730: Application time: 0.0787780 seconds
358.772: [GC358.772: [ParNew: 7824K->7824K(8128K), 0.0000100 secs]358.772: [Tenured: 11902K->2899K(17924K), 0.0048930 secs] 19727K->2899K(26052K), [Perm : 5144K->5144K(21248K)], 0.0049510 secs] [Times: user=0.01 sys=0.00, real=0.00 secs] 
358.777: Total time for which application threads were stopped: 0.0465150 seconds, Stopping threads took: 0.0415010 seconds
358.864: Application time: 0.0871980 seconds
358.870: [GC358.870: [ParNew: 7224K->42K(8128K), 0.0003210 secs] 10123K->2941K(26052K), 0.0003500 secs] [Times: user=0.00 sys=0.00, real=0.00 secs] 
358.870: Total time for which application threads were stopped: 0.0061170 seconds, Stopping threads took: 0.0057120 seconds
358.871: Application time: 0.0007960 seconds
358.871: [GC358.871: [ParNew: 7188K->895K(8128K), 0.0021740 secs] 10087K->10072K(26052K), 0.0022080 secs] [Times: user=0.01 sys=0.00, real=0.00 secs] 
358.874: Total time for which application threads were stopped: 0.0025050 seconds, Stopping threads took: 0.0002410 seconds
358.955: Application time: 0.0817310 seconds
359.027: [GC359.027: [ParNew: 7943K->209K(8128K), 0.0003180 secs] 17121K->9435K(26052K), 0.0003460 secs] [Times: user=0.00 sys=0.00, real=0.00 secs] 
359.027: Total time for which application threads were stopped: 0.0715010 seconds, Stopping threads took: 0.0710990 seconds
359.028: Application time: 0.0008760 seconds
359.028: [GC359.028: [ParNew: 7433K->895K(8128K), 0.0022030 secs] 16659K->16594K(26052K), 0.0022400 secs] [Times: user=0.02 sys=0.00, real=0.00 secs] 
359.030: Total time for which application threads were stopped: 0.0025400 seconds, Stopping threads took: 0.0002430 seconds
359.128: Application time: 0.0973160 seconds
359.200: [GC359.200: [ParNew: 7943K->7943K(8128K), 0.0000100 secs]359.200: [Tenured: 15699K->2664K(17924K), 0.0044920 secs] 23642K->2664K(26052K), [Perm : 5144K->5144K(21248K)], 0.0045490 secs] [Times: user=0.01 sys=0.00, real=0.00 secs] 
359.205: Total time for which application threads were stopped: 0.0768990 seconds, Stopping threads took: 0.0722800 seconds
359.206: Application time: 0.0013140 seconds
359.246: [GC359.246: [ParNew: 7048K->797K(8128K), 0.0017020 secs] 9712K->7953K(26052K), 0.0017400 secs] [Times: user=0.01 sys=0.00, real=0.00 secs] 
359.248: Total time for which application threads were stopped: 0.0420210 seconds, Stopping threads took: 0.0402250 seconds
359.327: Application time: 0.0792730 seconds
359.370: [GC359.370: [ParNew: 7748K->402K(8128K), 0.0006310 secs] 14904K->7591K(26052K), 0.0006610 secs] [Times: user=0.00 sys=0.00, real=0.00 secs] 
359.370: Total time for which application threads were stopped: 0.0432390 seconds, Stopping threads took: 0.0425200 seconds
359.371: Application time: 0.0009250 seconds
359.423: [GC359.423: [ParNew: 7529K->895K(8128K), 0.0019330 secs] 14718K->13580K(26052K), 0.0019670 secs] [Times: user=0.01 sys=0.00, real=0.00 secs] 
359.425: Total time for which application threads were stopped: 0.0539970 seconds, Stopping threads took: 0.0519490 seconds
359.507: Application time: 0.0815170 seconds
359.576: [GC359.576: [ParNew: 7923K->7923K(8128K), 0.0000110 secs]359.576: [Tenured: 12685K->1938K(17924K), 0.0054930 secs] 20609K->1938K(26052K), [Perm : 5144K->5144K(21248K)], 0.0055500 secs] [Times: user=0.01 sys=0.00, real=0.01 secs] 
359.582: Total time for which application threads were stopped: 0.0749760 seconds, Stopping threads took: 0.0693430 seconds
359.583: Application time: 0.0012190 seconds
359.625: [GC359.625: [ParNew: 7126K->825K(8128K), 0.0018530 secs] 9065K->7256K(26052K), 0.0018900 secs] [Times: user=0.02 sys=0.00, real=0.01 secs] 
359.627: Total time for which application threads were stopped: 0.0441250 seconds, Stopping threads took: 0.0421560 seconds
359.706: Application time: 0.0785410 seconds
359.748: [GC359.748: [ParNew: 7971K->793K(8128K), 0.0010840 secs] 14402K->9249K(26052K), 0.0011150 secs] [Times: user=0.01 sys=0.00, real=0.00 secs] 
359.749: Total time for which application threads were stopped: 0.0435780 seconds, Stopping threads took: 0.0423810 seconds
359.827: Application time: 0.0777460 seconds
359.831: [GC359.831: [ParNew: 7841K->793K(8128K), 0.0004800 secs] 16298K->9640K(26052K), 0.0005090 secs] [Times: user=0.00 sys=0.00, real=0.00 secs] 
359.832: Total time for which application threads were stopped: 0.0049560 seconds, Stopping threads took: 0.0043710 seconds
359.833: Application time: 0.0010710 seconds
359.909: [GC359.909: [ParNew: 8017K->823K(8128K), 0.0011950 secs] 16864K->11843K(26052K), 0.0012300 secs] [Times: user=0.00 sys=0.00, real=0.00 secs] 
359.910: Total time for which application threads were stopped: 0.0769420 seconds, Stopping threads took: 0.0756430 seconds
360.000: Application time: 0.0898250 seconds
360.012: [GC360.012: [ParNew: 7871K->789K(8128K), 0.0007120 secs] 18891K->12451K(26052K), 0.0007420 secs] [Times: user=0.00 sys=0.00, real=0.00 secs] 
360.013: Total time for which application threads were stopped: 0.0128870 seconds, Stopping threads took: 0.0120680 seconds
360.014: Application time: 0.0011150 seconds
360.086: [GC360.086: [ParNew: 7935K->7935K(8128K), 0.0000090 secs]360.086: [Tenured: 11661K->5576K(17924K), 0.0053840 secs] 19597K->5576K(26052K), [Perm : 5144K->5144K(21248K)], 0.0054380 secs] [Times: user=0.01 sys=0.00, real=0.00 secs] 
360.092: Total time for which application threads were stopped: 0.0777270 seconds, Stopping threads took: 0.0722270 seconds
360.180: Application time: 0.0880130 seconds
360.240: [GC360.240: [ParNew: 7028K->434K(8128K), 0.0003260 secs] 12605K->6011K(26052K), 0.0003570 secs] [Times: user=0.01 sys=0.00, real=0.00 secs] 
360.240: Total time for which application threads were stopped: 0.0608870 seconds, Stopping threads took: 0.0604500 seconds
360.241: Application time: 0.0009140 seconds
360.282: [GC360.282: [ParNew: 7659K->895K(8128K), 0.0018370 secs] 13235K->11020K(26052K), 0.0018710 secs] [Times: user=0.02 sys=0.00, real=0.00 secs] 
360.284: Total time for which application threads were stopped: 0.0428080 seconds, Stopping threads took: 0.0408630 seconds
360.363: Application time: 0.0785850 seconds
360.405: [GC360.405: [ParNew: 7748K->795K(8128K), 0.0010460 secs] 17873K->12734K(26052K), 0.0010880 secs] [Times: user=0.00 sys=0.00, real=0.01 secs] 
360.406: Total time for which application threads were stopped: 0.0434760 seconds, Stopping threads took: 0.0423110 seconds
360.495: Application time: 0.0891540 seconds
360.535: [GC360.535: [ParNew: 7941K->7941K(8128K), 0.0000090 secs]360.535: [Tenured: 11939K->1434K(17924K), 0.0050800 secs] 19880K->1434K(26052K), [Perm : 5144K->5144K(21248K)], 0.0051310 secs] [Times: user=0.00 sys=0.00, real=0.01 secs] 
360.540: Total time for which application threads were stopped: 0.0446740 seconds, Stopping threads took: 0.0394610 seconds
360.541: Application time: 0.0010800 seconds
360.582: [GC360.582: [ParNew: 7224K->823K(8128K), 0.0020420 secs] 8658K->7531K(26052K), 0.0020800 secs] [Times: user=0.01 sys=0.00, real=0.00 secs] 
360.584: Total time for which application threads were stopped: 0.0426850 seconds, Stopping threads took: 0.0405250 seconds
360.664: Application time: 0.0806060 seconds
360.734: [GC360.734: [ParNew: 7871K->207K(8128K), 0.0002990 secs] 14579K->6987K(26052K), 0.0003330 secs] [Times: user=0.00 sys=0.00, real=0.00 secs] 
360.734: Total time for which application threads were stopped: 0.0694390 seconds, Stopping threads took: 0.0690270 seconds
360.735: Application time: 0.0009640 seconds
360.776: [GC360.776: [ParNew: 7353K->895K(8128K), 0.0019100 secs] 14133K->13046K(26052K), 0.0019440 secs] [Times: user=0.01 sys=0.00, real=0.00 secs] 
360.778: Total time for which application threads were stopped: 0.0427170 seconds, Stopping threads took: 0.0406940 seconds
360.858: Application time: 0.0807450 seconds
360.926: [GC360.926: [ParNew: 7943K->7943K(8128K), 0.0000100 secs]360.926: [Tenured: 12151K->1853K(17924K), 0.0045110 secs] 20094K->1853K(26052K), [Perm : 5144K->5144K(21248K)], 0.0045660 secs] [Times: user=0.01 sys=0.00, real=0.01 secs] 
360.930: Total time for which application threads were stopped: 0.0717960 seconds, Stopping threads took: 0.0671490 seconds
360.931: Application time: 0.0010280 seconds
360.973: [GC360.973: [ParNew: 7146K->895K(8128K), 0.0022590 secs] 8999K->8315K(26052K), 0.0022960 secs] [Times: user=0.01 sys=0.00, real=0.00 secs] 
360.975: Total time for which application threads were stopped: 0.0436890 seconds, Stopping threads took: 0.0413240 seconds
361.056: Application time: 0.0811770 seconds
361.126: [GC361.126: [ParNew: 7826K->432K(8128K), 0.0003100 secs] 15246K->7877K(26052K), 0.0003410 secs] [Times: user=0.00 sys=0.00, real=0.01 secs] 
361.126: Total time for which application threads were stopped: 0.0698430 seconds, Stopping threads took: 0.0694490 seconds
361.127: Application time: 0.0009120 seconds
361.127: [GC361.127: [ParNew: 7559K->895K(8128K), 0.0022590 secs] 15003K->14938K(26052K), 0.0022940 secs] [Times: user=0.02 sys=0.00, real=0.00 secs] 
361.129: Total time for which application threads were stopped: 0.0026530 seconds, Stopping threads took: 0.0002790 seconds
361.211: Application time: 0.0817840 seconds
361.270: [GC361.270: [ParNew: 7943K->7943K(8128K), 0.0000100 secs]361.270: [Tenured: 14043K->3082K(17924K), 0.0054830 secs] 21986K->3082K(26052K), [Perm : 5144K->5144K(21248K)], 0.0055380 secs] [Times: user=0.01 sys=0.00, real=0.00 secs] 
361.276: Total time for which application threads were stopped: 0.0643110 seconds, Stopping threads took: 0.0587120 seconds
361.354: Application time: 0.0785960 seconds
361.356: [GC361.356: [ParNew: 7126K->44K(8128K), 0.0004670 secs] 10208K->3126K(26052K), 0.0004940 secs] [Times: user=0.00 sys=0.00, real=0.00 secs] 
361.357: Total time for which application threads were stopped: 0.0027130 seconds, Stopping threads took: 0.0021680 seconds
361.358: Application time: 0.0007460 seconds
361.358: [GC361.358: [ParNew: 7190K->895K(8128K), 0.0020090 secs] 10272K->10255K(26052K), 0.0020430 secs] [Times: user=0.02 sys=0.00, real=0.00 secs] 
361.360: Total time for which application threads were stopped: 0.0024410 seconds, Stopping threads took: 0.0003430 seconds
361.443: Application time: 0.0830240 seconds
361.505: [GC361.505: [ParNew: 8099K->753K(8128K), 0.0007930 secs] 17460K->10740K(26052K), 0.0008350 secs] [Times: user=0.00 sys=0.00, real=0.01 secs] 
361.506: Total time for which application threads were stopped: 0.0631790 seconds, Stopping threads took: 0.0622580 seconds
361.510: Application time: 0.0041120 seconds
361.584: [GC361.584: [ParNew: 7802K->791K(8128K), 0.0006110 secs] 17788K->10881K(26052K), 0.0006390 secs] [Times: user=0.00 sys=0.00, real=0.00 secs] 
361.585: Total time for which application threads were stopped: 0.0744630 seconds, Stopping threads took: 0.0737680 seconds
361.586: Application time: 0.0009070 seconds
361.625: [GC361.625: [ParNew: 7937K->895K(8128K), 0.0025230 secs] 18028K->16951K(26052K), 0.0025580 secs] [Times: user=0.02 sys=0.00, real=0.01 secs] 
361.628: Total time for which application threads were stopped: 0.0421890 seconds, Stopping threads took: 0.0395730 seconds
361.717: Application time: 0.0888650 seconds
361.792: [GC361.792: [ParNew: 8041K->8041K(8128K), 0.0000100 secs]361.792: [Tenured: 16056K->1378K(17924K), 0.0052370 secs] 24097K->1378K(26052K), [Perm : 5144K->5144K(21248K)], 0.0052930 secs] [Times: user=0.00 sys=0.00, real=0.00 secs] 
361.797: Total time for which application threads were stopped: 0.0804410 seconds, Stopping threads took: 0.0750630 seconds
361.798: Application time: 0.0011320 seconds
361.840: [GC361.840: [ParNew: 7146K->891K(8128K), 0.0018990 secs] 8524K->7445K(26052K), 0.0019340 secs] [Times: user=0.02 sys=0.00, real=0.00 secs] 
361.842: Total time for which application threads were stopped: 0.0433010 seconds, Stopping threads took: 0.0413000 seconds
361.938: Application time: 0.0958470 seconds
362.008: [GC362.008: [ParNew: 7939K->205K(8128K), 0.0005180 secs] 14493K->6775K(26052K), 0.0005500 secs] [Times: user=0.00 sys=0.00, real=0.00 secs] 
362.009: Total time for which application threads were stopped: 0.0714710 seconds, Stopping threads took: 0.0708600 seconds
362.010: Application time: 0.0009450 seconds
362.050: [GC362.050: [ParNew: 7429K->895K(8128K), 0.0020630 secs] 14000K->12864K(26052K), 0.0020990 secs] [Times: user=0.01 sys=0.00, real=0.00 secs] 
362.052: Total time for which application threads were stopped: 0.0422710 seconds, Stopping threads took: 0.0401180 seconds
362.132: Application time: 0.0802760 seconds
362.193: [GC362.194: [ParNew: 7943K->7943K(8128K), 0.0000110 secs]362.195: [Tenured: 11969K->1797K(17924K), 0.0045540 secs] 19912K->1797K(26052K), [Perm : 5144K->5144K(21248K)], 0.0060620 secs] [Times: user=0.01 sys=0.00, real=0.01 secs] 
362.200: Total time for which application threads were stopped: 0.0670590 seconds, Stopping threads took: 0.0609330 seconds
362.201: Application time: 0.0010970 seconds
362.253: [GC362.253: [ParNew: 7224K->823K(8128K), 0.0015870 secs] 9021K->6136K(26052K), 0.0016220 secs] [Times: user=0.01 sys=0.00, real=0.00 secs] 
362.255: Total time for which application threads were stopped: 0.0542720 seconds, Stopping threads took: 0.0525920 seconds
362.333: Application time: 0.0778590 seconds
362.375: [GC362.375: [ParNew: 7969K->795K(8128K), 0.0008300 secs] 13282K->7165K(26052K), 0.0008630 secs] [Times: user=0.00 sys=0.00, real=0.00 secs] 
362.375: Total time for which application threads were stopped: 0.0426420 seconds, Stopping threads took: 0.0417260 seconds
362.459: Application time: 0.0838490 seconds
362.463: [GC362.463: [ParNew: 7843K->205K(8128K), 0.0004150 secs] 14213K->6583K(26052K), 0.0004460 secs] [Times: user=0.01 sys=0.00, real=0.00 secs] 
362.463: Total time for which application threads were stopped: 0.0037630 seconds, Stopping threads took: 0.0032660 seconds
362.464: Application time: 0.0008020 seconds
362.504: [GC362.504: [ParNew: 7351K->895K(8128K), 0.0019750 secs] 13729K->12644K(26052K), 0.0020120 secs] [Times: user=0.01 sys=0.00, real=0.01 secs] 
362.506: Total time for which application threads were stopped: 0.0423840 seconds, Stopping threads took: 0.0403070 seconds
362.588: Application time: 0.0814630 seconds
362.657: [GC362.657: [ParNew: 7943K->7943K(8128K), 0.0000100 secs]362.657: [Tenured: 11749K->2217K(17924K), 0.0052390 secs] 19692K->2217K(26052K), [Perm : 5144K->5144K(21248K)], 0.0052950 secs] [Times: user=0.00 sys=0.00, real=0.01 secs] 
362.662: Total time for which application threads were stopped: 0.0742830 seconds, Stopping threads took: 0.0689090 seconds
362.663: Application time: 0.0011210 seconds
362.703: [GC362.703: [ParNew: 7224K->895K(8128K), 0.0018590 secs] 9441K->7632K(26052K), 0.0018950 secs] [Times: user=0.01 sys=0.00, real=0.00 secs] 
362.705: Total time for which application threads were stopped: 0.0420580 seconds, Stopping threads took: 0.0401030 seconds
362.784: Application time: 0.0784450 seconds
362.830: [GC362.830: [ParNew: 7826K->895K(8128K), 0.0007300 secs] 14564K->8290K(26052K), 0.0007640 secs] [Times: user=0.01 sys=0.00, real=0.00 secs] 
362.831: Total time for which application threads were stopped: 0.0473190 seconds, Stopping threads took: 0.0464760 seconds
362.909: Application time: 0.0783010 seconds
362.912: [GC362.912: [ParNew: 8041K->8K(8128K), 0.0004940 secs] 15436K->7443K(26052K), 0.0005210 secs] [Times: user=0.00 sys=0.00, real=0.00 secs] 
362.912: Total time for which application threads were stopped: 0.0031250 seconds, Stopping threads took: 0.0025310 seconds
362.913: Application time: 0.0008680 seconds
362.913: [GC362.913: [ParNew: 7232K->895K(8128K), 0.0019850 secs] 14668K->14609K(26052K), 0.0020180 secs] [Times: user=0.02 sys=0.00, real=0.00 secs] 
362.915: Total time for which application threads were stopped: 0.0022090 seconds, Stopping threads took: 0.0001370 seconds
362.998: Application time: 0.0820970 seconds
363.064: [GC363.064: [ParNew: 8040K->8040K(8128K), 0.0000100 secs]363.064: [Tenured: 13714K->3279K(17924K), 0.0047140 secs] 21755K->3279K(26052K), [Perm : 5144K->5144K(21248K)], 0.0047710 secs] [Times: user=0.01 sys=0.00, real=0.01 secs] 
363.069: Total time for which application threads were stopped: 0.0712740 seconds, Stopping threads took: 0.0664290 seconds
363.070: Application time: 0.0015570 seconds
363.147: [GC363.147: [ParNew: 7224K->825K(8128K), 0.0006350 secs] 10503K->4299K(26052K), 0.0006670 secs] [Times: user=0.00 sys=0.00, real=0.00 secs] 
363.147: Total time for which application threads were stopped: 0.0769390 seconds, Stopping threads took: 0.0762050 seconds
363.148: Application time: 0.0010030 seconds
363.195: [GC363.195: [ParNew: 7971K->893K(8128K), 0.0018770 secs] 11446K->9494K(26052K), 0.0019200 secs] [Times: user=0.02 sys=0.00, real=0.00 secs] 
363.197: Total time for which application threads were stopped: 0.0488150 seconds, Stopping threads took: 0.0468110 seconds
363.277: Application time: 0.0801570 seconds
363.346: [GC363.346: [ParNew: 8000K->72K(8128K), 0.0003330 secs] 16601K->8681K(26052K), 0.0003670 secs] [Times: user=0.00 sys=0.00, real=0.00 secs] 
363.347: Total time for which application threads were stopped: 0.0694100 seconds, Stopping threads took: 0.0689880 seconds
363.348: Application time: 0.0008930 seconds
363.348: [GC363.348: [ParNew: 7218K->895K(8128K), 0.0020980 secs] 15827K->15810K(26052K), 0.0021320 secs] [Times: user=0.02 sys=0.00, real=0.00 secs] 
363.350: Total time for which application threads were stopped: 0.0023100 seconds, Stopping threads took: 0.0001250 seconds
363.438: Application time: 0.0881620 seconds
363.513: [GC363.513: [ParNew: 7943K->7943K(8128K), 0.0000100 secs]363.513: [Tenured: 14915K->1574K(17924K), 0.0045930 secs] 22858K->1574K(26052K), [Perm : 5144K->5144K(21248K)], 0.0046480 secs] [Times: user=0.00 sys=0.00, real=0.00 secs] 
363.517: Total time for which application threads were stopped: 0.0793340 seconds, Stopping threads took: 0.0746250 seconds
363.519: Application time: 0.0010920 seconds
363.559: [GC363.559: [ParNew: 7146K->797K(8128K), 0.0021250 secs] 8720K->7840K(26052K), 0.0021600 secs] [Times: user=0.01 sys=0.00, real=0.00 secs] 
363.561: Total time for which application threads were stopped: 0.0429510 seconds, Stopping threads took: 0.0407110 seconds
363.641: Application time: 0.0800090 seconds
363.709: [GC363.709: [ParNew: 7845K->404K(8128K), 0.0004660 secs] 14888K->7463K(26052K), 0.0004970 secs] [Times: user=0.00 sys=0.00, real=0.00 secs] 
363.710: Total time for which application threads were stopped: 0.0681880 seconds, Stopping threads took: 0.0675910 seconds
363.711: Application time: 0.0009040 seconds
363.751: [GC363.751: [ParNew: 7550K->893K(8128K), 0.0016510 secs] 14609K->12444K(26052K), 0.0016870 secs] [Times: user=0.01 sys=0.00, real=0.00 secs] 
363.753: Total time for which application threads were stopped: 0.0422960 seconds, Stopping threads took: 0.0405300 seconds
363.832: Application time: 0.0788680 seconds
363.873: [GC363.873: [ParNew: 7824K->7824K(8128K), 0.0000100 secs]363.873: [Tenured: 11551K->3068K(17924K), 0.0053810 secs] 19375K->3068K(26052K), [Perm : 5144K->5144K(21248K)], 0.0054370 secs] [Times: user=0.01 sys=0.00, real=0.01 secs] 
363.879: Total time for which application threads were stopped: 0.0467600 seconds, Stopping threads took: 0.0412610 seconds
363.963: Application time: 0.0843110 seconds
363.967: [GC363.967: [ParNew: 7224K->42K(8128K), 0.0004320 secs] 10292K->3110K(26052K), 0.0004610 secs] [Times: user=0.01 sys=0.00, real=0.00 secs] 
363.967: Total time for which application threads were stopped: 0.0044390 seconds, Stopping threads took: 0.0039030 seconds
363.968: Application time: 0.0007660 seconds
363.968: [GC363.968: [ParNew: 7188K->895K(8128K), 0.0023580 secs] 10256K->10241K(26052K), 0.0023910 secs] [Times: user=0.02 sys=0.00, real=0.00 secs] 
363.971: Total time for which application threads were stopped: 0.0026660 seconds, Stopping threads took: 0.0002090 seconds
364.053: Application time: 0.0818440 seconds
364.120: [GC364.120: [ParNew: 8040K->791K(8128K), 0.0007400 secs] 17387K->10764K(26052K), 0.0007710 secs] [Times: user=0.00 sys=0.00, real=0.00 secs] 
364.121: Total time for which application threads were stopped: 0.0680900 seconds, Stopping threads took: 0.0672540 seconds
364.122: Application time: 0.0011180 seconds
364.198: [GC364.198: [ParNew: 7937K->891K(8128K), 0.0015010 secs] 17910K->14200K(26052K), 0.0015420 secs] [Times: user=0.01 sys=0.00, real=0.01 secs] 
364.199: Total time for which application threads were stopped: 0.0773330 seconds, Stopping threads took: 0.0757060 seconds
364.286: Application time: 0.0869170 seconds
364.326: [GC364.326: [ParNew: 7939K->7939K(8128K), 0.0000100 secs]364.326: [Tenured: 13309K->3194K(17924K), 0.0051910 secs] 21248K->3194K(26052K), [Perm : 5144K->5144K(21248K)], 0.0052480 secs] [Times: user=0.01 sys=0.00, real=0.00 secs] 
364.332: Total time for which application threads were stopped: 0.0455370 seconds, Stopping threads took: 0.0401990 seconds
364.417: Application time: 0.0858140 seconds
364.421: [GC364.421: [ParNew: 7126K->42K(8128K), 0.0004820 secs] 10321K->3237K(26052K), 0.0005110 secs] [Times: user=0.01 sys=0.00, real=0.00 secs] 
364.422: Total time for which application threads were stopped: 0.0041550 seconds, Stopping threads took: 0.0035930 seconds
364.422: Application time: 0.0007800 seconds
364.423: [GC364.423: [ParNew: 7188K->895K(8128K), 0.0021350 secs] 10383K->10368K(26052K), 0.0021730 secs] [Times: user=0.02 sys=0.00, real=0.00 secs] 
364.425: Total time for which application threads were stopped: 0.0025330 seconds, Stopping threads took: 0.0003020 seconds
364.508: Application time: 0.0835810 seconds
364.580: [GC364.580: [ParNew: 7943K->203K(8128K), 0.0005100 secs] 17416K->9716K(26052K), 0.0005450 secs] [Times: user=0.00 sys=0.00, real=0.00 secs] 
364.581: Total time for which application threads were stopped: 0.0725780 seconds, Stopping threads took: 0.0719570 seconds
364.582: Application time: 0.0008630 seconds
364.582: [GC364.582: [ParNew: 7427K->895K(8128K), 0.0021470 secs] 16941K->16882K(26052K), 0.0021830 secs] [Times: user=0.02 sys=0.00, real=0.00 secs] 
364.584: Total time for which application threads were stopped: 0.0024520 seconds, Stopping threads took: 0.0001910 seconds
364.678: Application time: 0.0937710 seconds
364.750: [GC364.750: [ParNew: 8021K->8021K(8128K), 0.0000100 secs]364.750: [Tenured: 15987K->2108K(17924K), 0.0052400 secs] 24008K->2108K(26052K), [Perm : 5144K->5144K(21248K)], 0.0052950 secs] [Times: user=0.00 sys=0.00, real=0.00 secs] 
364.755: Total time for which application threads were stopped: 0.0769200 seconds, Stopping threads took: 0.0715320 seconds
364.756: Application time: 0.0013560 seconds
364.796: [GC364.796: [ParNew: 7224K->825K(8128K), 0.0020440 secs] 9333K->8598K(26052K), 0.0020800 secs] [Times: user=0.02 sys=0.00, real=0.01 secs] 
364.798: Total time for which application threads were stopped: 0.0419800 seconds, Stopping threads took: 0.0398430 seconds
364.881: Application time: 0.0823900 seconds
364.948: [GC364.948: [ParNew: 7756K->432K(8128K), 0.0005010 secs] 15529K->8269K(26052K), 0.0005300 secs] [Times: user=0.00 sys=0.00, real=0.00 secs] 
364.948: Total time for which application threads were stopped: 0.0675050 seconds, Stopping threads took: 0.0668920 seconds
364.949: Application time: 0.0008830 seconds
364.990: [GC364.990: [ParNew: 7657K->895K(8128K), 0.0018820 secs] 15494K->13280K(26052K), 0.0019160 secs] [Times: user=0.01 sys=0.00, real=0.00 secs] 
364.992: Total time for which application threads were stopped: 0.0427820 seconds, Stopping threads took: 0.0408080 seconds
365.071: Application time: 0.0793160 seconds
365.113: [GC365.113: [ParNew: 8041K->8041K(8128K), 0.0000110 secs]365.113: [Tenured: 12385K->3136K(17924K), 0.0055240 secs] 20426K->3136K(26052K), [Perm : 5144K->5144K(21248K)], 0.0055820 secs] [Times: user=0.00 sys=0.00, real=0.01 secs] 
365.119: Total time for which application threads were stopped: 0.0476920 seconds, Stopping threads took: 0.0420250 seconds
365.196: Application time: 0.0770890 seconds
365.203: [GC365.203: [ParNew: 7048K->207K(8128K), 0.0005480 secs] 10185K->3344K(26052K), 0.0005780 secs] [Times: user=0.00 sys=0.00, real=0.00 secs] 
365.204: Total time for which application threads were stopped: 0.0075950 seconds, Stopping threads took: 0.0069630 seconds
365.204: Application time: 0.0007750 seconds
365.205: [GC365.205: [ParNew: 7353K->895K(8128K), 0.0023000 secs] 10490K->10477K(26052K), 0.0023330 secs] [Times: user=0.02 sys=0.00, real=0.01 secs] 
365.207: Total time for which application threads were stopped: 0.0025910 seconds, Stopping threads took: 0.0001810 seconds
365.288: Application time: 0.0811550 seconds
365.359: [GC365.359: [ParNew: 8021K->430K(8128K), 0.0004710 secs] 17603K->10037K(26052K), 0.0005010 secs] [Times: user=0.01 sys=0.00, real=0.00 secs] 
365.360: Total time for which application threads were stopped: 0.0716920 seconds, Stopping threads took: 0.0711170 seconds
365.361: Application time: 0.0009070 seconds
365.411: [GC365.411: [ParNew: 7576K->823K(8128K), 0.0020290 secs] 17183K->16094K(26052K), 0.0020570 secs] [Times: user=0.01 sys=0.01, real=0.00 secs] 
365.413: Total time for which application threads were stopped: 0.0527100 seconds, Stopping threads took: 0.0506030 seconds
365.502: Application time: 0.0889660 seconds
365.557: [GC365.557: [ParNew: 7969K->7969K(8128K), 0.0000100 secs]365.557: [Tenured: 15270K->3165K(17924K), 0.0055140 secs] 23240K->3165K(26052K), [Perm : 5144K->5144K(21248K)], 0.0055710 secs] [Times: user=0.01 sys=0.00, real=0.01 secs] 
365.563: Total time for which application threads were stopped: 0.0601780 seconds, Stopping threads took: 0.0545150 seconds
365.649: Application time: 0.0866980 seconds
365.660: [GC365.660: [ParNew: 7126K->237K(8128K), 0.0002860 secs] 10292K->3402K(26052K), 0.0003160 secs] [Times: user=0.00 sys=0.00, real=0.00 secs] 
365.660: Total time for which application threads were stopped: 0.0108170 seconds, Stopping threads took: 0.0104230 seconds
365.661: Application time: 0.0007650 seconds
365.661: [GC365.661: [ParNew: 7383K->895K(8128K), 0.0022300 secs] 10549K->10534K(26052K), 0.0022670 secs] [Times: user=0.02 sys=0.00, real=0.00 secs] 
365.663: Total time for which application threads were stopped: 0.0025460 seconds, Stopping threads took: 0.0002010 seconds
365.744: Application time: 0.0810330 seconds
365.814: [GC365.814: [ParNew: 7943K->404K(8128K), 0.0004590 secs] 17582K->10083K(26052K), 0.0004870 secs] [Times: user=0.00 sys=0.00, real=0.00 secs] 
365.815: Total time for which application threads were stopped: 0.0700160 seconds, Stopping threads took: 0.0694650 seconds
365.815: Application time: 0.0009030 seconds
365.867: [GC365.867: [ParNew: 7550K->893K(8128K), 0.0019820 secs] 17230K->16139K(26052K), 0.0020280 secs] [Times: user=0.02 sys=0.00, real=0.00 secs] 
365.869: Total time for which application threads were stopped: 0.0538480 seconds, Stopping threads took: 0.0517640 seconds
365.962: Application time: 0.0926650 seconds
366.032: [GC366.032: [ParNew: 7745K->7745K(8128K), 0.0000110 secs]366.032: [Tenured: 15245K->1826K(17924K), 0.0050980 secs] 22991K->1826K(26052K), [Perm : 5144K->5144K(21248K)], 0.0051540 secs] [Times: user=0.01 sys=0.01, real=0.00 secs] 
366.037: Total time for which application threads were stopped: 0.0753290 seconds, Stopping threads took: 0.0700910 seconds
366.038: Application time: 0.0010880 seconds
366.085: [GC366.085: [ParNew: 7048K->895K(8128K), 0.0022140 secs] 8875K->8191K(26052K), 0.0022530 secs] [Times: user=0.02 sys=0.00, real=0.01 secs] 
366.087: Total time for which application threads were stopped: 0.0489410 seconds, Stopping threads took: 0.0466010 seconds
366.169: Application time: 0.0818660 seconds
366.237: [GC366.237: [ParNew: 7845K->402K(8128K), 0.0006720 secs] 15141K->7722K(26052K), 0.0007020 secs] [Times: user=0.00 sys=0.00, real=0.00 secs] 
366.238: Total time for which application threads were stopped: 0.0684390 seconds, Stopping threads took: 0.0676600 seconds
366.239: Application time: 0.0009570 seconds
366.296: [GC366.296: [ParNew: 7627K->895K(8128K), 0.0017190 secs] 14947K->12735K(26052K), 0.0017560 secs] [Times: user=0.01 sys=0.00, real=0.01 secs] 
366.298: Total time for which application threads were stopped: 0.0593090 seconds, Stopping threads took: 0.0574710 seconds
366.377: Application time: 0.0788740 seconds
366.420: [GC366.420: [ParNew: 7748K->7748K(8128K), 0.0000100 secs]366.420: [Tenured: 11840K->1855K(17924K), 0.0051360 secs] 19588K->1855K(26052K), [Perm : 5144K->5144K(21248K)], 0.0051920 secs] [Times: user=0.00 sys=0.00, real=0.00 secs] 
366.426: Total time for which application threads were stopped: 0.0488450 seconds, Stopping threads took: 0.0435690 seconds
366.427: Application time: 0.0011150 seconds
366.467: [GC366.467: [ParNew: 7205K->895K(8128K), 0.0020180 secs] 9060K->8275K(26052K), 0.0020530 secs] [Times: user=0.01 sys=0.00, real=0.00 secs] 
366.469: Total time for which application threads were stopped: 0.0425400 seconds, Stopping threads took: 0.0404280 seconds
366.552: Application time: 0.0829680 seconds
366.619: [GC366.619: [ParNew: 7845K->402K(8128K), 0.0006210 secs] 15226K->7847K(26052K), 0.0006530 secs] [Times: user=0.00 sys=0.00, real=0.00 secs] 
366.620: Total time for which application threads were stopped: 0.0673790 seconds, Stopping threads took: 0.0666430 seconds
366.621: Application time: 0.0009300 seconds
366.660: [GC366.660: [ParNew: 7627K->825K(8128K), 0.0022080 secs] 15071K->13934K(26052K), 0.0022440 secs] [Times: user=0.02 sys=0.00, real=0.00 secs] 
366.663: Total time for which application threads were stopped: 0.0421840 seconds, Stopping threads took: 0.0398840 seconds
366.754: Application time: 0.0912890 seconds
366.806: [GC366.806: [ParNew: 7971K->7971K(8128K), 0.0000110 secs]366.806: [Tenured: 13108K->3137K(17924K), 0.0054220 secs] 21080K->3137K(26052K), [Perm : 5144K->5144K(21248K)], 0.0054810 secs] [Times: user=0.00 sys=0.00, real=0.00 secs] 
366.811: Total time for which application threads were stopped: 0.0574000 seconds, Stopping threads took: 0.0518350 seconds
366.902: Application time: 0.0905060 seconds
366.911: [GC366.911: [ParNew: 7126K->237K(8128K), 0.0002880 secs] 10264K->3374K(26052K), 0.0003190 secs] [Times: user=0.00 sys=0.00, real=0.00 secs] 
366.911: Total time for which application threads were stopped: 0.0089330 seconds, Stopping threads took: 0.0085380 seconds
366.912: Application time: 0.0008440 seconds
366.952: [GC366.952: [ParNew: 7461K->895K(8128K), 0.0020730 secs] 10599K->9459K(26052K), 0.0021090 secs] [Times: user=0.02 sys=0.00, real=0.00 secs] 
366.955: Total time for which application threads were stopped: 0.0429060 seconds, Stopping threads took: 0.0407200 seconds
367.035: Application time: 0.0808280 seconds
367.104: [GC367.104: [ParNew: 7943K->402K(8128K), 0.0006340 secs] 16508K->9023K(26052K), 0.0006690 secs] [Times: user=0.00 sys=0.00, real=0.00 secs] 
367.105: Total time for which application threads were stopped: 0.0696700 seconds, Stopping threads took: 0.0689310 seconds
367.106: Application time: 0.0008970 seconds
367.106: [GC367.107: [ParNew: 7622K->895K(8128K), 0.0023890 secs] 16243K->16185K(26052K), 0.0024250 secs] [Times: user=0.01 sys=0.00, real=0.00 secs] 
367.109: Total time for which application threads were stopped: 0.0029250 seconds, Stopping threads took: 0.0004210 seconds
367.198: Application time: 0.0890660 seconds
367.271: [GC367.271: [ParNew: 7747K->7747K(8128K), 0.0000130 secs]367.272: [Tenured: 15290K->1855K(17924K), 0.0051590 secs] 23037K->1855K(26052K), [Perm : 5144K->5144K(21248K)], 0.0066950 secs] [Times: user=0.00 sys=0.00, real=0.00 secs] 
367.278: Total time for which application threads were stopped: 0.0795620 seconds, Stopping threads took: 0.0728000 seconds
367.279: Application time: 0.0012560 seconds
367.336: [GC367.336: [ParNew: 7224K->895K(8128K), 0.0019360 secs] 9080K->7271K(26052K), 0.0019720 secs] [Times: user=0.01 sys=0.00, real=0.01 secs] 
367.338: Total time for which application threads were stopped: 0.0594890 seconds, Stopping threads took: 0.0574370 seconds
367.418: Application time: 0.0797290 seconds
367.460: [GC367.460: [ParNew: 8041K->793K(8128K), 0.0006460 secs] 14417K->8186K(26052K), 0.0006790 secs] [Times: user=0.00 sys=0.00, real=0.00 secs] 
367.460: Total time for which application threads were stopped: 0.0422650 seconds, Stopping threads took: 0.0415090 seconds
367.542: Application time: 0.0812450 seconds
367.546: [GC367.546: [ParNew: 7841K->205K(8128K), 0.0002680 secs] 15234K->7598K(26052K), 0.0002990 secs] [Times: user=0.00 sys=0.00, real=0.00 secs] 
367.546: Total time for which application threads were stopped: 0.0048180 seconds, Stopping threads took: 0.0044460 seconds
367.547: Application time: 0.0007990 seconds
367.588: [GC367.588: [ParNew: 7351K->895K(8128K), 0.0018700 secs] 14744K->13659K(26052K), 0.0019040 secs] [Times: user=0.01 sys=0.00, real=0.00 secs] 
367.590: Total time for which application threads were stopped: 0.0427130 seconds, Stopping threads took: 0.0407320 seconds
367.673: Application time: 0.0826410 seconds
367.740: [GC367.740: [ParNew: 7943K->7943K(8128K), 0.0000100 secs]367.740: [Tenured: 12764K->2275K(17924K), 0.0052250 secs] 20707K->2275K(26052K), [Perm : 5144K->5144K(21248K)], 0.0052810 secs] [Times: user=0.01 sys=0.00, real=0.00 secs] 
367.745: Total time for which application threads were stopped: 0.0726930 seconds, Stopping threads took: 0.0673290 seconds
367.746: Application time: 0.0010310 seconds
367.788: [GC367.788: [ParNew: 7048K->895K(8128K), 0.0021680 secs] 9324K->8639K(26052K), 0.0022070 secs] [Times: user=0.02 sys=0.00, real=0.00 secs] 
367.790: Total time for which application threads were stopped: 0.0439380 seconds, Stopping threads took: 0.0416640 seconds
367.871: Application time: 0.0804470 seconds
367.940: [GC367.940: [ParNew: 7923K->434K(8128K), 0.0003240 secs] 15668K->8203K(26052K), 0.0003560 secs] [Times: user=0.00 sys=0.00, real=0.00 secs] 
367.940: Total time for which application threads were stopped: 0.0693310 seconds, Stopping threads took: 0.0689070 seconds
367.941: Application time: 0.0009360 seconds
367.994: [GC367.994: [ParNew: 7580K->895K(8128K), 0.0023400 secs] 15349K->14258K(26052K), 0.0023750 secs] [Times: user=0.01 sys=0.01, real=0.00 secs] 
367.996: Total time for which application threads were stopped: 0.0553800 seconds, Stopping threads took: 0.0529290 seconds
368.081: Application time: 0.0844530 seconds
368.151: [GC368.151: [ParNew: 7748K->7748K(8128K), 0.0000100 secs]368.151: [Tenured: 13363K->2304K(17924K), 0.0059210 secs] 21111K->2304K(26052K), [Perm : 5144K->5144K(21248K)], 0.0059830 secs] [Times: user=0.01 sys=0.00, real=0.00 secs] 
368.157: Total time for which application threads were stopped: 0.0766110 seconds, Stopping threads took: 0.0705450 seconds
368.158: Application time: 0.0010330 seconds
368.204: [GC368.204: [ParNew: 7048K->895K(8128K), 0.0022650 secs] 9352K->8668K(26052K), 0.0023090 secs] [Times: user=0.01 sys=0.00, real=0.01 secs] 
368.206: Total time for which application threads were stopped: 0.0478330 seconds, Stopping threads took: 0.0454450 seconds
368.288: Application time: 0.0814710 seconds
368.356: [GC368.356: [ParNew: 8040K->594K(8128K), 0.0003730 secs] 15814K->8391K(26052K), 0.0004070 secs] [Times: user=0.00 sys=0.00, real=0.00 secs] 
368.356: Total time for which application threads were stopped: 0.0684530 seconds, Stopping threads took: 0.0679600 seconds
368.357: Application time: 0.0009840 seconds
368.399: [GC368.399: [ParNew: 7720K->895K(8128K), 0.0016490 secs] 15518K->13318K(26052K), 0.0016850 secs] [Times: user=0.01 sys=0.00, real=0.00 secs] 
368.401: Total time for which application threads were stopped: 0.0435940 seconds, Stopping threads took: 0.0418410 seconds
368.480: Application time: 0.0796300 seconds
368.522: [GC368.522: [ParNew: 8041K->8041K(8128K), 0.0000100 secs]368.522: [Tenured: 12423K->3235K(17924K), 0.0054460 secs] 20464K->3235K(26052K), [Perm : 5144K->5144K(21248K)], 0.0055030 secs] [Times: user=0.01 sys=0.00, real=0.01 secs] 
368.527: Total time for which application threads were stopped: 0.0468310 seconds, Stopping threads took: 0.0412660 seconds
368.614: Application time: 0.0863690 seconds
368.628: [GC368.629: [ParNew: 7107K->267K(8128K), 0.0006320 secs] 10342K->3502K(26052K), 0.0006630 secs] [Times: user=0.00 sys=0.00, real=0.00 secs] 
368.629: Total time for which application threads were stopped: 0.0155570 seconds, Stopping threads took: 0.0148190 seconds
368.630: Application time: 0.0008000 seconds
368.671: [GC368.671: [ParNew: 7394K->895K(8128K), 0.0019670 secs] 10629K->9488K(26052K), 0.0019970 secs] [Times: user=0.01 sys=0.00, real=0.00 secs] 
368.673: Total time for which application threads were stopped: 0.0429020 seconds, Stopping threads took: 0.0408280 seconds
368.753: Application time: 0.0803770 seconds
368.823: [GC368.823: [ParNew: 8119K->432K(8128K), 0.0003530 secs] 16712K->9090K(26052K), 0.0003850 secs] [Times: user=0.01 sys=0.00, real=0.00 secs] 
368.823: Total time for which application threads were stopped: 0.0701870 seconds, Stopping threads took: 0.0697260 seconds
368.824: Application time: 0.0009830 seconds
368.865: [GC368.865: [ParNew: 7578K->895K(8128K), 0.0020200 secs] 16236K->15147K(26052K), 0.0020540 secs] [Times: user=0.01 sys=0.00, real=0.01 secs] 
368.867: Total time for which application threads were stopped: 0.0427830 seconds, Stopping threads took: 0.0406690 seconds
368.956: Application time: 0.0884360 seconds
369.004: [GC369.004: [ParNew: 7748K->7748K(8128K), 0.0000090 secs]369.004: [Tenured: 14252K->2958K(17924K), 0.0053380 secs] 22000K->2958K(26052K), [Perm : 5144K->5144K(21248K)], 0.0053980 secs] [Times: user=0.00 sys=0.00, real=0.01 secs] 
369.009: Total time for which application threads were stopped: 0.0534910 seconds, Stopping threads took: 0.0480320 seconds
369.087: Application time: 0.0781950 seconds
369.090: [GC369.090: [ParNew: 7146K->12K(8128K), 0.0005680 secs] 10104K->2970K(26052K), 0.0005990 secs] [Times: user=0.00 sys=0.00, real=0.00 secs] 
369.091: Total time for which application threads were stopped: 0.0034310 seconds, Stopping threads took: 0.0027560 seconds
369.092: Application time: 0.0008110 seconds
369.132: [GC369.132: [ParNew: 7236K->895K(8128K), 0.0016490 secs] 10195K->9058K(26052K), 0.0016810 secs] [Times: user=0.02 sys=0.00, real=0.00 secs] 
369.134: Total time for which application threads were stopped: 0.0419460 seconds, Stopping threads took: 0.0402080 seconds
369.215: Application time: 0.0811160 seconds
369.255: [GC369.255: [ParNew: 8119K->825K(8128K), 0.0007660 secs] 16282K->9622K(26052K), 0.0007980 secs] [Times: user=0.00 sys=0.00, real=0.00 secs] 
369.256: Total time for which application threads were stopped: 0.0416500 seconds, Stopping threads took: 0.0407970 seconds
369.257: Application time: 0.0011570 seconds
369.311: [GC369.311: [ParNew: 7971K->891K(8128K), 0.0017770 secs] 16768K->14146K(26052K), 0.0018160 secs] [Times: user=0.01 sys=0.00, real=0.00 secs] 
369.313: Total time for which application threads were stopped: 0.0556540 seconds, Stopping threads took: 0.0537820 seconds
369.400: Application time: 0.0864260 seconds
369.467: [GC369.467: [ParNew: 7841K->7841K(8128K), 0.0000100 secs]369.467: [Tenured: 13255K->1941K(17924K), 0.0052430 secs] 21097K->1941K(26052K), [Perm : 5144K->5144K(21248K)], 0.0053010 secs] [Times: user=0.00 sys=0.00, real=0.00 secs] 
369.473: Total time for which application threads were stopped: 0.0731790 seconds, Stopping threads took: 0.0677850 seconds
369.474: Application time: 0.0010810 seconds
369.515: [GC369.515: [ParNew: 7048K->895K(8128K), 0.0021960 secs] 8989K->8305K(26052K), 0.0022320 secs] [Times: user=0.01 sys=0.00, real=0.00 secs] 
369.517: Total time for which application threads were stopped: 0.0431120 seconds, Stopping threads took: 0.0407990 seconds
369.598: Application time: 0.0813920 seconds
369.666: [GC369.666: [ParNew: 8119K->626K(8128K), 0.0003700 secs] 15529K->8060K(26052K), 0.0003990 secs] [Times: user=0.00 sys=0.00, real=0.00 secs] 
369.666: Total time for which application threads were stopped: 0.0678080 seconds, Stopping threads took: 0.0673300 seconds
369.667: Application time: 0.0009040 seconds
369.667: [GC369.667: [ParNew: 7772K->895K(8128K), 0.0026100 secs] 15206K->15238K(26052K), 0.0026450 secs] [Times: user=0.01 sys=0.00, real=0.00 secs] 
369.670: Total time for which application threads were stopped: 0.0029880 seconds, Stopping threads took: 0.0002670 seconds
369.757: Application time: 0.0874830 seconds
369.833: [GC369.833: [ParNew: 7943K->7943K(8128K), 0.0000100 secs]369.833: [Tenured: 14342K->3434K(17924K), 0.0055510 secs] 22286K->3434K(26052K), [Perm : 5144K->5144K(21248K)], 0.0056100 secs] [Times: user=0.01 sys=0.00, real=0.01 secs] 
369.839: Total time for which application threads were stopped: 0.0813850 seconds, Stopping threads took: 0.0756920 seconds
369.918: Application time: 0.0788710 seconds
369.921: [GC369.921: [ParNew: 7146K->404K(8128K), 0.0006560 secs] 10580K->3839K(26052K), 0.0006860 secs] [Times: user=0.00 sys=0.00, real=0.00 secs] 
369.921: Total time for which application threads were stopped: 0.0034640 seconds, Stopping threads took: 0.0027270 seconds
369.922: Application time: 0.0009040 seconds
369.963: [GC369.963: [ParNew: 7627K->825K(8128K), 0.0019240 secs] 11061K->9924K(26052K), 0.0019600 secs] [Times: user=0.02 sys=0.00, real=0.00 secs] 
369.965: Total time for which application threads were stopped: 0.0429190 seconds, Stopping threads took: 0.0408810 seconds
370.047: Application time: 0.0821960 seconds
370.107: [GC370.107: [ParNew: 7873K->598K(8128K), 0.0003160 secs] 16972K->9761K(26052K), 0.0003480 secs] [Times: user=0.00 sys=0.00, real=0.00 secs] 
370.107: Total time for which application threads were stopped: 0.0600790 seconds, Stopping threads took: 0.0596450 seconds
370.108: Application time: 0.0009800 seconds
370.162: [GC370.162: [ParNew: 7724K->825K(8128K), 0.0017520 secs] 16888K->14692K(26052K), 0.0017960 secs] [Times: user=0.01 sys=0.01, real=0.00 secs] 
370.163: Total time for which application threads were stopped: 0.0551550 seconds, Stopping threads took: 0.0532960 seconds
370.246: Application time: 0.0825300 seconds
370.303: [GC370.303: [ParNew: 7971K->7971K(8128K), 0.0000100 secs]370.303: [Tenured: 13866K->3236K(17924K), 0.0047920 secs] 21838K->3236K(26052K), [Perm : 5144K->5144K(21248K)], 0.0048470 secs] [Times: user=0.00 sys=0.00, real=0.01 secs] 
370.308: Total time for which application threads were stopped: 0.0623050 seconds, Stopping threads took: 0.0573870 seconds
370.390: Application time: 0.0814290 seconds
370.396: [GC370.396: [ParNew: 7224K->432K(8128K), 0.0004050 secs] 10460K->3668K(26052K), 0.0004350 secs] [Times: user=0.00 sys=0.00, real=0.00 secs] 
370.396: Total time for which application threads were stopped: 0.0062310 seconds, Stopping threads took: 0.0057220 seconds
370.397: Application time: 0.0008190 seconds
370.453: [GC370.453: [ParNew: 7578K->893K(8128K), 0.0016940 secs] 10815K->8649K(26052K), 0.0017370 secs] [Times: user=0.02 sys=0.00, real=0.00 secs] 
370.455: Total time for which application threads were stopped: 0.0583210 seconds, Stopping threads took: 0.0565040 seconds
370.537: Application time: 0.0817130 seconds
370.577: [GC370.577: [ParNew: 8019K->628K(8128K), 0.0004880 secs] 15776K->8432K(26052K), 0.0005180 secs] [Times: user=0.00 sys=0.00, real=0.01 secs] 
370.578: Total time for which application threads were stopped: 0.0410760 seconds, Stopping threads took: 0.0405050 seconds
370.579: Application time: 0.0008720 seconds
370.631: [GC370.631: [ParNew: 7774K->893K(8128K), 0.0020580 secs] 15578K->14531K(26052K), 0.0020930 secs] [Times: user=0.02 sys=0.00, real=0.00 secs] 
370.633: Total time for which application threads were stopped: 0.0544400 seconds, Stopping threads took: 0.0522810 seconds
370.728: Application time: 0.0944540 seconds
370.800: [GC370.800: [ParNew: 7941K->7941K(8128K), 0.0000100 secs]370.800: [Tenured: 13638K->2218K(17924K), 0.0045430 secs] 21580K->2218K(26052K), [Perm : 5144K->5144K(21248K)], 0.0045990 secs] [Times: user=0.00 sys=0.00, real=0.00 secs] 
370.804: Total time for which application threads were stopped: 0.0767890 seconds, Stopping threads took: 0.0721280 seconds
370.806: Application time: 0.0011330 seconds
370.846: [GC370.846: [ParNew: 7224K->895K(8128K), 0.0020960 secs] 9443K->8025K(26052K), 0.0021330 secs] [Times: user=0.02 sys=0.00, real=0.00 secs] 
370.848: Total time for which application threads were stopped: 0.0424680 seconds, Stopping threads took: 0.0402550 seconds
370.930: Application time: 0.0821120 seconds
370.997: [GC370.997: [ParNew: 8041K->12K(8128K), 0.0003750 secs] 15170K->7205K(26052K), 0.0004020 secs] [Times: user=0.00 sys=0.00, real=0.00 secs] 
370.997: Total time for which application threads were stopped: 0.0670380 seconds, Stopping threads took: 0.0665830 seconds
370.998: Application time: 0.0009720 seconds
370.998: [GC370.998: [ParNew: 7236K->895K(8128K), 0.0021340 secs] 14430K->14367K(26052K), 0.0021720 secs] [Times: user=0.01 sys=0.00, real=0.00 secs] 
371.001: Total time for which application threads were stopped: 0.0023940 seconds, Stopping threads took: 0.0001650 seconds
371.083: Application time: 0.0825480 seconds
371.151: [GC371.151: [ParNew: 8021K->8021K(8128K), 0.0000100 secs]371.151: [Tenured: 13472K->1718K(17924K), 0.0046590 secs] 21493K->1718K(26052K), [Perm : 5144K->5144K(21248K)], 0.0047140 secs] [Times: user=0.01 sys=0.00, real=0.00 secs] 
371.155: Total time for which application threads were stopped: 0.0721140 seconds, Stopping threads took: 0.0673310 seconds
371.157: Application time: 0.0013000 seconds
371.197: [GC371.197: [ParNew: 7146K->795K(8128K), 0.0014900 secs] 8864K->5834K(26052K), 0.0015270 secs] [Times: user=0.01 sys=0.00, real=0.01 secs] 
371.199: Total time for which application threads were stopped: 0.0424190 seconds, Stopping threads took: 0.0408300 seconds
371.277: Application time: 0.0781610 seconds
371.279: [GC371.279: [ParNew: 7941K->891K(8128K), 0.0009800 secs] 12980K->7711K(26052K), 0.0010130 secs] [Times: user=0.00 sys=0.00, real=0.00 secs] 
371.280: Total time for which application threads were stopped: 0.0031400 seconds, Stopping threads took: 0.0020500 seconds
371.358: Application time: 0.0772740 seconds
371.361: [GC371.361: [ParNew: 7939K->889K(8128K), 0.0005460 secs] 14760K->7921K(26052K), 0.0005770 secs] [Times: user=0.01 sys=0.00, real=0.00 secs] 
371.362: Total time for which application threads were stopped: 0.0040460 seconds, Stopping threads took: 0.0034150 seconds
371.363: Application time: 0.0010170 seconds
371.423: [GC371.423: [ParNew: 8113K->895K(8128K), 0.0019100 secs] 15145K->13143K(26052K), 0.0019490 secs] [Times: user=0.01 sys=0.01, real=0.00 secs] 
371.425: Total time for which application threads were stopped: 0.0624500 seconds, Stopping threads took: 0.0604200 seconds
371.507: Application time: 0.0818370 seconds
371.575: [GC371.575: [ParNew: 7943K->7943K(8128K), 0.0000100 secs]371.575: [Tenured: 12248K->1943K(17924K), 0.0051130 secs] 20191K->1943K(26052K), [Perm : 5144K->5144K(21248K)], 0.0051680 secs] [Times: user=0.00 sys=0.00, real=0.01 secs] 
371.580: Total time for which application threads were stopped: 0.0731130 seconds, Stopping threads took: 0.0678640 seconds
371.581: Application time: 0.0011730 seconds
371.652: [GC371.652: [ParNew: 7224K->895K(8128K), 0.0014600 secs] 9167K->6089K(26052K), 0.0014940 secs] [Times: user=0.01 sys=0.00, real=0.00 secs] 
371.654: Total time for which application threads were stopped: 0.0723920 seconds, Stopping threads took: 0.0708110 seconds
371.732: Application time: 0.0779180 seconds
371.774: [GC371.774: [ParNew: 7943K->889K(8128K), 0.0008210 secs] 13137K->6716K(26052K), 0.0008540 secs] [Times: user=0.00 sys=0.00, real=0.00 secs] 
371.775: Total time for which application threads were stopped: 0.0430910 seconds, Stopping threads took: 0.0421600 seconds
371.853: Application time: 0.0779100 seconds
371.860: [GC371.860: [ParNew: 8035K->12K(8128K), 0.0004750 secs] 13863K->5847K(26052K), 0.0005040 secs] [Times: user=0.00 sys=0.00, real=0.00 secs] 
371.861: Total time for which application threads were stopped: 0.0080160 seconds, Stopping threads took: 0.0074370 seconds
371.861: Application time: 0.0007230 seconds
371.861: [GC371.861: [ParNew: 7158K->895K(8128K), 0.0021690 secs] 12994K->12981K(26052K), 0.0022000 secs] [Times: user=0.01 sys=0.00, real=0.00 secs] 
371.864: Total time for which application threads were stopped: 0.0024240 seconds, Stopping threads took: 0.0001690 seconds
371.947: Application time: 0.0831820 seconds
372.021: [GC372.021: [ParNew: 7943K->7943K(8128K), 0.0000100 secs]372.021: [Tenured: 12086K->1576K(17924K), 0.0051680 secs] 20029K->1576K(26052K), [Perm : 5144K->5144K(21248K)], 0.0052240 secs] [Times: user=0.00 sys=0.00, real=0.01 secs] 
372.026: Total time for which application threads were stopped: 0.0795140 seconds, Stopping threads took: 0.0742070 seconds
372.028: Application time: 0.0013470 seconds
372.069: [GC372.069: [ParNew: 7224K->895K(8128K), 0.0017960 secs] 8800K->7871K(26052K), 0.0018260 secs] [Times: user=0.02 sys=0.00, real=0.00 secs] 
372.070: Total time for which application threads were stopped: 0.0426250 seconds, Stopping threads took: 0.0407240 seconds
372.152: Application time: 0.0813570 seconds
372.222: [GC372.222: [ParNew: 7943K->404K(8128K), 0.0004530 secs] 14919K->7436K(26052K), 0.0004810 secs] [Times: user=0.01 sys=0.00, real=0.00 secs] 
372.223: Total time for which application threads were stopped: 0.0710780 seconds, Stopping threads took: 0.0705360 seconds
372.224: Application time: 0.0009400 seconds
372.264: [GC372.264: [ParNew: 7453K->893K(8128K), 0.0020010 secs] 14485K->13394K(26052K), 0.0020370 secs] [Times: user=0.02 sys=0.00, real=0.01 secs] 
372.267: Total time for which application threads were stopped: 0.0427510 seconds, Stopping threads took: 0.0406360 seconds
372.348: Application time: 0.0817650 seconds
372.415: [GC372.415: [ParNew: 8000K->8000K(8128K), 0.0000090 secs]372.415: [Tenured: 12501K->1857K(17924K), 0.0051340 secs] 20501K->1857K(26052K), [Perm : 5144K->5144K(21248K)], 0.0051860 secs] [Times: user=0.01 sys=0.00, real=0.01 secs] 
372.420: Total time for which application threads were stopped: 0.0717700 seconds, Stopping threads took: 0.0665210 seconds
372.421: Application time: 0.0011320 seconds
372.464: [GC372.464: [ParNew: 7224K->895K(8128K), 0.0021510 secs] 9081K->8347K(26052K), 0.0021910 secs] [Times: user=0.01 sys=0.00, real=0.01 secs] 
372.467: Total time for which application threads were stopped: 0.0453070 seconds, Stopping threads took: 0.0430580 seconds
372.548: Application time: 0.0815300 seconds
372.615: [GC372.615: [ParNew: 7943K->598K(8128K), 0.0007050 secs] 15395K->8106K(26052K), 0.0007370 secs] [Times: user=0.00 sys=0.00, real=0.00 secs] 
372.616: Total time for which application threads were stopped: 0.0680740 seconds, Stopping threads took: 0.0672610 seconds
372.617: Application time: 0.0009090 seconds
372.658: [GC372.658: [ParNew: 7822K->895K(8128K), 0.0018410 secs] 15330K->13134K(26052K), 0.0018770 secs] [Times: user=0.01 sys=0.00, real=0.00 secs] 
372.660: Total time for which application threads were stopped: 0.0427280 seconds, Stopping threads took: 0.0407650 seconds
372.739: Application time: 0.0797000 seconds
372.782: [GC372.782: [ParNew: 8021K->8021K(8128K), 0.0000090 secs]372.782: [Tenured: 12239K->2333K(17924K), 0.0045730 secs] 20261K->2333K(26052K), [Perm : 5144K->5144K(21248K)], 0.0046280 secs] [Times: user=0.00 sys=0.00, real=0.01 secs] 
372.786: Total time for which application threads were stopped: 0.0468000 seconds, Stopping threads took: 0.0421030 seconds
372.787: Application time: 0.0011450 seconds
372.828: [GC372.828: [ParNew: 7146K->895K(8128K), 0.0018270 secs] 9479K->8112K(26052K), 0.0018680 secs] [Times: user=0.01 sys=0.00, real=0.00 secs] 
372.829: Total time for which application threads were stopped: 0.0420130 seconds, Stopping threads took: 0.0400640 seconds
372.911: Application time: 0.0813160 seconds
372.967: [GC372.967: [ParNew: 7943K->598K(8128K), 0.0004430 secs] 15160K->8229K(26052K), 0.0004740 secs] [Times: user=0.00 sys=0.00, real=0.00 secs] 
372.967: Total time for which application threads were stopped: 0.0563260 seconds, Stopping threads took: 0.0557760 seconds
372.968: Application time: 0.0010600 seconds
373.028: [GC373.028: [ParNew: 7822K->895K(8128K), 0.0016280 secs] 15453K->12570K(26052K), 0.0016650 secs] [Times: user=0.01 sys=0.00, real=0.00 secs] 
373.030: Total time for which application threads were stopped: 0.0615190 seconds, Stopping threads took: 0.0597980 seconds
373.109: Application time: 0.0791200 seconds
373.152: [GC373.152: [ParNew: 8041K->8041K(8128K), 0.0000100 secs]373.152: [Tenured: 11675K->1777K(17924K), 0.0059060 secs] 19716K->1777K(26052K), [Perm : 5144K->5144K(21248K)], 0.0059620 secs] [Times: user=0.01 sys=0.00, real=0.01 secs] 
373.158: Total time for which application threads were stopped: 0.0491710 seconds, Stopping threads took: 0.0431500 seconds
373.159: Application time: 0.0010350 seconds
373.199: [GC373.199: [ParNew: 7146K->895K(8128K), 0.0019270 secs] 8923K->8043K(26052K), 0.0019650 secs] [Times: user=0.02 sys=0.00, real=0.00 secs] 
373.201: Total time for which application threads were stopped: 0.0424380 seconds, Stopping threads took: 0.0404110 seconds
373.282: Application time: 0.0803600 seconds
373.352: [GC373.352: [ParNew: 7943K->398K(8128K), 0.0006430 secs] 15091K->7571K(26052K), 0.0006740 secs] [Times: user=0.00 sys=0.00, real=0.00 secs] 
373.353: Total time for which application threads were stopped: 0.0708100 seconds, Stopping threads took: 0.0700520 seconds
373.353: Application time: 0.0009020 seconds
373.394: [GC373.394: [ParNew: 7447K->893K(8128K), 0.0019530 secs] 14619K->13534K(26052K), 0.0019910 secs] [Times: user=0.01 sys=0.00, real=0.00 secs] 
373.396: Total time for which application threads were stopped: 0.0423700 seconds, Stopping threads took: 0.0402990 seconds
373.476: Application time: 0.0799740 seconds
373.546: [GC373.546: [ParNew: 7843K->7843K(8128K), 0.0000110 secs]373.546: [Tenured: 12641K->1772K(17924K), 0.0051800 secs] 20485K->1772K(26052K), [Perm : 5144K->5144K(21248K)], 0.0052400 secs] [Times: user=0.01 sys=0.00, real=0.01 secs] 
373.551: Total time for which application threads were stopped: 0.0750750 seconds, Stopping threads took: 0.0697740 seconds
373.552: Application time: 0.0011230 seconds
373.604: [GC373.604: [ParNew: 7146K->893K(8128K), 0.0018400 secs] 8918K->7157K(26052K), 0.0018780 secs] [Times: user=0.01 sys=0.00, real=0.01 secs] 
373.606: Total time for which application threads were stopped: 0.0542640 seconds, Stopping threads took: 0.0523050 seconds
373.685: Application time: 0.0783400 seconds
373.727: [GC373.727: [ParNew: 8117K->895K(8128K), 0.0009580 secs] 14381K->9173K(26052K), 0.0009920 secs] [Times: user=0.01 sys=0.00, real=0.00 secs] 
373.728: Total time for which application threads were stopped: 0.0429320 seconds, Stopping threads took: 0.0418600 seconds
373.807: Application time: 0.0789790 seconds
373.808: [GC373.808: [ParNew: 7943K->889K(8128K), 0.0005150 secs] 16221K->9597K(26052K), 0.0005480 secs] [Times: user=0.00 sys=0.00, real=0.00 secs] 
373.809: Total time for which application threads were stopped: 0.0024930 seconds, Stopping threads took: 0.0018790 seconds
373.810: Application time: 0.0011200 seconds
373.850: [GC373.850: [ParNew: 8035K->891K(8128K), 0.0019990 secs] 16743K->14987K(26052K), 0.0020320 secs] [Times: user=0.02 sys=0.00, real=0.00 secs] 
373.852: Total time for which application threads were stopped: 0.0422790 seconds, Stopping threads took: 0.0401800 seconds
373.934: Application time: 0.0817940 seconds
374.001: [GC374.001: [ParNew: 7939K->7939K(8128K), 0.0000090 secs]374.001: [Tenured: 14096K->1800K(17924K), 0.0051310 secs] 22035K->1800K(26052K), [Perm : 5144K->5144K(21248K)], 0.0051850 secs] [Times: user=0.00 sys=0.00, real=0.01 secs] 
374.006: Total time for which application threads were stopped: 0.0721650 seconds, Stopping threads took: 0.0668920 seconds
374.008: Application time: 0.0011050 seconds
374.049: [GC374.049: [ParNew: 7146K->895K(8128K), 0.0019260 secs] 8946K->7188K(26052K), 0.0019640 secs] [Times: user=0.01 sys=0.00, real=0.00 secs] 
374.051: Total time for which application threads were stopped: 0.0436350 seconds, Stopping threads took: 0.0415930 seconds
374.144: Application time: 0.0928220 seconds
374.215: [GC374.215: [ParNew: 7748K->400K(8128K), 0.0006220 secs] 14041K->6725K(26052K), 0.0006530 secs] [Times: user=0.00 sys=0.00, real=0.00 secs] 
374.216: Total time for which application threads were stopped: 0.0716380 seconds, Stopping threads took: 0.0709080 seconds
374.217: Application time: 0.0010700 seconds
374.258: [GC374.258: [ParNew: 7625K->895K(8128K), 0.0019870 secs] 13950K->12815K(26052K), 0.0020270 secs] [Times: user=0.01 sys=0.01, real=0.01 secs] 
374.260: Total time for which application threads were stopped: 0.0429350 seconds, Stopping threads took: 0.0408490 seconds
374.340: Application time: 0.0804750 seconds
374.408: [GC374.408: [ParNew: 8060K->8060K(8128K), 0.0000100 secs]374.408: [Tenured: 11920K->1942K(17924K), 0.0051770 secs] 19980K->1942K(26052K), [Perm : 5144K->5144K(21248K)], 0.0052320 secs] [Times: user=0.00 sys=0.00, real=0.00 secs] 
374.413: Total time for which application threads were stopped: 0.0728970 seconds, Stopping threads took: 0.0675940 seconds
374.414: Application time: 0.0012490 seconds
374.456: [GC374.456: [ParNew: 7224K->893K(8128K), 0.0018280 secs] 9167K->7356K(26052K), 0.0018610 secs] [Times: user=0.01 sys=0.00, real=0.00 secs] 
374.457: Total time for which application threads were stopped: 0.0431700 seconds, Stopping threads took: 0.0412510 seconds
374.536: Application time: 0.0785480 seconds
374.579: [GC374.579: [ParNew: 7746K->795K(8128K), 0.0009950 secs] 14209K->9048K(26052K), 0.0010280 secs] [Times: user=0.01 sys=0.00, real=0.00 secs] 
374.580: Total time for which application threads were stopped: 0.0437500 seconds, Stopping threads took: 0.0426300 seconds
374.661: Application time: 0.0810670 seconds
374.701: [GC374.701: [ParNew: 7941K->12K(8128K), 0.0002880 secs] 16194K->8281K(26052K), 0.0003130 secs] [Times: user=0.00 sys=0.00, real=0.00 secs] 
374.702: Total time for which application threads were stopped: 0.0407880 seconds, Stopping threads took: 0.0404250 seconds
374.702: Application time: 0.0008450 seconds
374.703: [GC374.703: [ParNew: 7158K->895K(8128K), 0.0019880 secs] 15427K->15414K(26052K), 0.0020200 secs] [Times: user=0.01 sys=0.00, real=0.00 secs] 
374.705: Total time for which application threads were stopped: 0.0022960 seconds, Stopping threads took: 0.0002230 seconds
374.796: Application time: 0.0915270 seconds
374.869: [GC374.869: [ParNew: 8021K->8021K(8128K), 0.0000100 secs]374.869: [Tenured: 14519K->2196K(17924K), 0.0045640 secs] 22541K->2196K(26052K), [Perm : 5144K->5144K(21248K)], 0.0046170 secs] [Times: user=0.00 sys=0.00, real=0.00 secs] 
374.874: Total time for which application threads were stopped: 0.0775570 seconds, Stopping threads took: 0.0728800 seconds
374.875: Application time: 0.0012680 seconds
374.916: [GC374.916: [ParNew: 7146K->893K(8128K), 0.0019820 secs] 9342K->8460K(26052K), 0.0020140 secs] [Times: user=0.01 sys=0.00, real=0.01 secs] 
374.918: Total time for which application threads were stopped: 0.0428100 seconds, Stopping threads took: 0.0407330 seconds
374.998: Application time: 0.0805500 seconds
375.069: [GC375.069: [ParNew: 7941K->402K(8128K), 0.0006410 secs] 15508K->7994K(26052K), 0.0006710 secs] [Times: user=0.00 sys=0.00, real=0.00 secs] 
375.070: Total time for which application threads were stopped: 0.0713100 seconds, Stopping threads took: 0.0705640 seconds
375.071: Application time: 0.0008890 seconds
375.125: [GC375.125: [ParNew: 7451K->895K(8128K), 0.0019080 secs] 15042K->13955K(26052K), 0.0019440 secs] [Times: user=0.01 sys=0.00, real=0.01 secs] 
375.126: Total time for which application threads were stopped: 0.0558080 seconds, Stopping threads took: 0.0538000 seconds
375.221: Application time: 0.0947320 seconds
375.292: [GC375.292: [ParNew: 7877K->7877K(8128K), 0.0000100 secs]375.292: [Tenured: 13060K->1781K(17924K), 0.0045710 secs] 20938K->1781K(26052K), [Perm : 5144K->5144K(21248K)], 0.0046250 secs] [Times: user=0.00 sys=0.00, real=0.00 secs] 
375.297: Total time for which application threads were stopped: 0.0753910 seconds, Stopping threads took: 0.0706950 seconds
375.298: Application time: 0.0010950 seconds
375.342: [GC375.342: [ParNew: 7092K->895K(8128K), 0.0022660 secs] 8873K->8173K(26052K), 0.0023040 secs] [Times: user=0.02 sys=0.00, real=0.00 secs] 
375.344: Total time for which application threads were stopped: 0.0463550 seconds, Stopping threads took: 0.0439720 seconds
375.426: Application time: 0.0817330 seconds
375.493: [GC375.493: [ParNew: 7845K->404K(8128K), 0.0006360 secs] 15123K->7715K(26052K), 0.0006670 secs] [Times: user=0.00 sys=0.00, real=0.00 secs] 
375.494: Total time for which application threads were stopped: 0.0678210 seconds, Stopping threads took: 0.0670790 seconds
375.495: Application time: 0.0009480 seconds
375.547: [GC375.547: [ParNew: 7550K->895K(8128K), 0.0019820 secs] 14861K->13772K(26052K), 0.0020180 secs] [Times: user=0.02 sys=0.00, real=0.00 secs] 
375.549: Total time for which application threads were stopped: 0.0540570 seconds, Stopping threads took: 0.0519590 seconds
375.630: Application time: 0.0811820 seconds
375.698: [GC375.698: [ParNew: 7747K->7747K(8128K), 0.0000100 secs]375.698: [Tenured: 12877K->1777K(17924K), 0.0049570 secs] 20625K->1777K(26052K), [Perm : 5144K->5144K(21248K)], 0.0050130 secs] [Times: user=0.00 sys=0.00, real=0.00 secs] 
375.703: Total time for which application threads were stopped: 0.0735680 seconds, Stopping threads took: 0.0684840 seconds
375.704: Application time: 0.0010290 seconds
375.753: [GC375.753: [ParNew: 7048K->895K(8128K), 0.0021840 secs] 8825K->8141K(26052K), 0.0022210 secs] [Times: user=0.01 sys=0.00, real=0.00 secs] 
375.755: Total time for which application threads were stopped: 0.0507850 seconds, Stopping threads took: 0.0484850 seconds
375.837: Application time: 0.0816380 seconds
375.906: [GC375.906: [ParNew: 7845K->400K(8128K), 0.0006550 secs] 15091K->7662K(26052K), 0.0006890 secs] [Times: user=0.01 sys=0.00, real=0.01 secs] 
375.906: Total time for which application threads were stopped: 0.0694310 seconds, Stopping threads took: 0.0686630 seconds
375.907: Application time: 0.0009910 seconds
375.948: [GC375.948: [ParNew: 7625K->895K(8128K), 0.0017610 secs] 14887K->12677K(26052K), 0.0017970 secs] [Times: user=0.01 sys=0.00, real=0.00 secs] 
375.950: Total time for which application threads were stopped: 0.0427150 seconds, Stopping threads took: 0.0408420 seconds
376.030: Application time: 0.0795330 seconds
376.071: [GC376.071: [ParNew: 8041K->8041K(8128K), 0.0000100 secs]376.071: [Tenured: 11782K->3172K(17924K), 0.0053750 secs] 19823K->3172K(26052K), [Perm : 5144K->5144K(21248K)], 0.0054330 secs] [Times: user=0.01 sys=0.00, real=0.00 secs] 
376.076: Total time for which application threads were stopped: 0.0469180 seconds, Stopping threads took: 0.0414220 seconds
376.161: Application time: 0.0845410 seconds
376.169: [GC376.169: [ParNew: 7126K->237K(8128K), 0.0002790 secs] 10299K->3409K(26052K), 0.0003100 secs] [Times: user=0.00 sys=0.00, real=0.00 secs] 
376.170: Total time for which application threads were stopped: 0.0088120 seconds, Stopping threads took: 0.0084370 seconds
376.171: Application time: 0.0008290 seconds
376.212: [GC376.212: [ParNew: 7462K->895K(8128K), 0.0019270 secs] 10634K->9495K(26052K), 0.0019650 secs] [Times: user=0.01 sys=0.01, real=0.00 secs] 
376.214: Total time for which application threads were stopped: 0.0429110 seconds, Stopping threads took: 0.0408570 seconds
376.295: Application time: 0.0811840 seconds
376.361: [GC376.361: [ParNew: 7943K->402K(8128K), 0.0004040 secs] 16543K->9066K(26052K), 0.0004330 secs] [Times: user=0.00 sys=0.00, real=0.00 secs] 
376.362: Total time for which application threads were stopped: 0.0669430 seconds, Stopping threads took: 0.0664440 seconds
376.363: Application time: 0.0008970 seconds
376.404: [GC376.404: [ParNew: 7607K->893K(8128K), 0.0020570 secs] 16271K->15082K(26052K), 0.0020930 secs] [Times: user=0.01 sys=0.00, real=0.01 secs] 
376.406: Total time for which application threads were stopped: 0.0431650 seconds, Stopping threads took: 0.0409950 seconds
376.486: Application time: 0.0806570 seconds
376.547: [GC376.547: [ParNew: 8117K->8117K(8128K), 0.0000110 secs]376.547: [Tenured: 14189K->2143K(17924K), 0.0053250 secs] 22306K->2143K(26052K), [Perm : 5144K->5144K(21248K)], 0.0053800 secs] [Times: user=0.01 sys=0.00, real=0.00 secs] 
376.553: Total time for which application threads were stopped: 0.0662030 seconds, Stopping threads took: 0.0607400 seconds
376.554: Application time: 0.0011890 seconds
376.607: [GC376.607: [ParNew: 7146K->893K(8128K), 0.0020140 secs] 9289K->7723K(26052K), 0.0020520 secs] [Times: user=0.01 sys=0.00, real=0.00 secs] 
376.609: Total time for which application threads were stopped: 0.0548290 seconds, Stopping threads took: 0.0526980 seconds
376.690: Application time: 0.0812100 seconds
376.733: [GC376.733: [ParNew: 7941K->891K(8128K), 0.0008800 secs] 14772K->8722K(26052K), 0.0009140 secs] [Times: user=0.01 sys=0.00, real=0.00 secs] 
376.734: Total time for which application threads were stopped: 0.0440380 seconds, Stopping threads took: 0.0430490 seconds
376.819: Application time: 0.0848980 seconds
376.826: [GC376.826: [ParNew: 8037K->402K(8128K), 0.0004650 secs] 15868K->8242K(26052K), 0.0004960 secs] [Times: user=0.00 sys=0.00, real=0.01 secs] 
376.826: Total time for which application threads were stopped: 0.0072810 seconds, Stopping threads took: 0.0067300 seconds
376.827: Application time: 0.0007850 seconds
376.868: [GC376.868: [ParNew: 7529K->895K(8128K), 0.0020410 secs] 15369K->14231K(26052K), 0.0020750 secs] [Times: user=0.01 sys=0.00, real=0.00 secs] 
376.870: Total time for which application threads were stopped: 0.0427740 seconds, Stopping threads took: 0.0406440 seconds
376.962: Application time: 0.0924700 seconds
377.032: [GC377.032: [ParNew: 7845K->7845K(8128K), 0.0000090 secs]377.032: [Tenured: 13336K->1773K(17924K), 0.0056990 secs] 21182K->1773K(26052K), [Perm : 5144K->5144K(21248K)], 0.0057560 secs] [Times: user=0.00 sys=0.00, real=0.00 secs] 
377.037: Total time for which application threads were stopped: 0.0752980 seconds, Stopping threads took: 0.0694750 seconds
377.058: Application time: 0.0203650 seconds
377.127: [GC377.127: [ParNew: 7224K->44K(8128K), 0.0002490 secs] 8997K->1817K(26052K), 0.0002800 secs] [Times: user=0.00 sys=0.00, real=0.00 secs] 
377.127: Total time for which application threads were stopped: 0.0693390 seconds, Stopping threads took: 0.0689820 seconds
377.130: Application time: 0.0031740 seconds
377.180: [GC377.180: [ParNew: 7190K->825K(8128K), 0.0015150 secs] 8963K->5724K(26052K), 0.0015550 secs] [Times: user=0.01 sys=0.00, real=0.00 secs] 
377.181: Total time for which application threads were stopped: 0.0511600 seconds, Stopping threads took: 0.0495220 seconds
377.262: Application time: 0.0803300 seconds
377.304: [GC377.304: [ParNew: 7873K->891K(8128K), 0.0007360 secs] 12772K->6252K(26052K), 0.0007680 secs] [Times: user=0.00 sys=0.00, real=0.00 secs] 
377.305: Total time for which application threads were stopped: 0.0434420 seconds, Stopping threads took: 0.0425870 seconds
377.306: Application time: 0.0012060 seconds
377.361: [GC377.361: [ParNew: 8037K->891K(8128K), 0.0022500 secs] 13398K->11639K(26052K), 0.0022940 secs] [Times: user=0.01 sys=0.00, real=0.00 secs] 
377.364: Total time for which application threads were stopped: 0.0573530 seconds, Stopping threads took: 0.0549800 seconds
377.444: Application time: 0.0806080 seconds
377.512: [GC377.512: [ParNew: 7939K->398K(8128K), 0.0006620 secs] 18688K->11155K(26052K), 0.0006930 secs] [Times: user=0.00 sys=0.00, real=0.00 secs] 
377.512: Total time for which application threads were stopped: 0.0679710 seconds, Stopping threads took: 0.0672130 seconds
377.513: Application time: 0.0008200 seconds
377.514: [GC377.514: [ParNew: 7447K->895K(8128K), 0.0024360 secs] 18203K->18195K(26052K), 0.0024700 secs] [Times: user=0.02 sys=0.00, real=0.00 secs] 
377.516: Total time for which application threads were stopped: 0.0028200 seconds, Stopping threads took: 0.0002960 seconds
377.604: Application time: 0.0877770 seconds
377.677: [GC377.677: [ParNew: 7845K->7845K(8128K), 0.0000110 secs]377.677: [Tenured: 17300K->3267K(17924K), 0.0049220 secs] 25145K->3267K(26052K), [Perm : 5144K->5144K(21248K)], 0.0049790 secs] [Times: user=0.00 sys=0.00, real=0.01 secs] 
377.682: Total time for which application threads were stopped: 0.0780210 seconds, Stopping threads took: 0.0729810 seconds
377.683: Application time: 0.0012730 seconds
377.754: [GC377.754: [ParNew: 7205K->895K(8128K), 0.0016960 secs] 10472K->7539K(26052K), 0.0017340 secs] [Times: user=0.01 sys=0.00, real=0.00 secs] 
377.756: Total time for which application threads were stopped: 0.0731130 seconds, Stopping threads took: 0.0712980 seconds
377.834: Application time: 0.0779860 seconds
377.879: [GC377.879: [ParNew: 7845K->400K(8128K), 0.0006130 secs] 14490K->7101K(26052K), 0.0006420 secs] [Times: user=0.00 sys=0.00, real=0.00 secs] 
377.880: Total time for which application threads were stopped: 0.0456440 seconds, Stopping threads took: 0.0449200 seconds
377.881: Application time: 0.0009840 seconds
377.921: [GC377.921: [ParNew: 7546K->797K(8128K), 0.0022120 secs] 14247K->13162K(26052K), 0.0022480 secs] [Times: user=0.02 sys=0.00, real=0.00 secs] 
377.923: Total time for which application threads were stopped: 0.0422980 seconds, Stopping threads took: 0.0399730 seconds
378.010: Application time: 0.0872640 seconds
378.080: [GC378.080: [ParNew: 7650K->7650K(8128K), 0.0000110 secs]378.080: [Tenured: 12364K->2250K(17924K), 0.0059700 secs] 20015K->2250K(26052K), [Perm : 5144K->5144K(21248K)], 0.0060210 secs] [Times: user=0.00 sys=0.00, real=0.01 secs] 
378.086: Total time for which application threads were stopped: 0.0757640 seconds, Stopping threads took: 0.0696610 seconds
378.087: Application time: 0.0012520 seconds
378.130: [GC378.130: [ParNew: 7146K->895K(8128K), 0.0021190 secs] 9396K->8712K(26052K), 0.0021530 secs] [Times: user=0.01 sys=0.00, real=0.00 secs] 
378.132: Total time for which application threads were stopped: 0.0446970 seconds, Stopping threads took: 0.0424650 seconds
378.214: Application time: 0.0815510 seconds
378.281: [GC378.281: [ParNew: 8099K->656K(8128K), 0.0004990 secs] 15916K->8497K(26052K), 0.0005310 secs] [Times: user=0.01 sys=0.00, real=0.00 secs] 
378.281: Total time for which application threads were stopped: 0.0676400 seconds, Stopping threads took: 0.0670440 seconds
378.282: Application time: 0.0010060 seconds
378.335: [GC378.335: [ParNew: 7861K->895K(8128K), 0.0018570 secs] 15702K->13478K(26052K), 0.0018940 secs] [Times: user=0.02 sys=0.00, real=0.00 secs] 
378.337: Total time for which application threads were stopped: 0.0543130 seconds, Stopping threads took: 0.0523400 seconds
378.415: Application time: 0.0786740 seconds
378.458: [GC378.458: [ParNew: 8041K->8041K(8128K), 0.0000100 secs]378.458: [Tenured: 12583K->2754K(17924K), 0.0053420 secs] 20624K->2754K(26052K), [Perm : 5144K->5144K(21248K)], 0.0053990 secs] [Times: user=0.00 sys=0.00, real=0.00 secs] 
378.463: Total time for which application threads were stopped: 0.0480470 seconds, Stopping threads took: 0.0425570 seconds
378.465: Application time: 0.0013330 seconds
378.506: [GC378.506: [ParNew: 7146K->895K(8128K), 0.0017300 secs] 9900K->8532K(26052K), 0.0017720 secs] [Times: user=0.02 sys=0.00, real=0.01 secs] 
378.507: Total time for which application threads were stopped: 0.0427020 seconds, Stopping threads took: 0.0408520 seconds
378.589: Application time: 0.0812580 seconds
378.656: [GC378.656: [ParNew: 8041K->12K(8128K), 0.0005300 secs] 15678K->7673K(26052K), 0.0005580 secs] [Times: user=0.01 sys=0.00, real=0.00 secs] 
378.656: Total time for which application threads were stopped: 0.0675180 seconds, Stopping threads took: 0.0669080 seconds
378.657: Application time: 0.0009090 seconds
378.657: [GC378.657: [ParNew: 7158K->895K(8128K), 0.0020910 secs] 14819K->14807K(26052K), 0.0021290 secs] [Times: user=0.02 sys=0.00, real=0.01 secs] 
378.659: Total time for which application threads were stopped: 0.0023920 seconds, Stopping threads took: 0.0002090 seconds
378.740: Application time: 0.0810290 seconds
378.801: [GC378.801: [ParNew: 8040K->8040K(8128K), 0.0000100 secs]378.801: [Tenured: 13912K->2750K(17924K), 0.0047750 secs] 21952K->2750K(26052K), [Perm : 5144K->5144K(21248K)], 0.0048320 secs] [Times: user=0.00 sys=0.00, real=0.00 secs] 
378.806: Total time for which application threads were stopped: 0.0650090 seconds, Stopping threads took: 0.0601150 seconds
378.807: Application time: 0.0014600 seconds
378.879: [GC378.879: [ParNew: 7146K->893K(8128K), 0.0015750 secs] 9896K->6964K(26052K), 0.0016110 secs] [Times: user=0.01 sys=0.00, real=0.00 secs] 
378.880: Total time for which application threads were stopped: 0.0731720 seconds, Stopping threads took: 0.0715020 seconds
378.958: Application time: 0.0775450 seconds
378.962: [GC378.962: [ParNew: 7941K->891K(8128K), 0.0010370 secs] 14012K->8736K(26052K), 0.0010710 secs] [Times: user=0.01 sys=0.00, real=0.00 secs] 
378.963: Total time for which application threads were stopped: 0.0057550 seconds, Stopping threads took: 0.0045980 seconds
379.043: Application time: 0.0794870 seconds
379.045: [GC379.045: [ParNew: 8123K->833K(8128K), 0.0008300 secs] 15968K->9093K(26052K), 0.0008590 secs] [Times: user=0.01 sys=0.00, real=0.01 secs] 
379.046: Total time for which application threads were stopped: 0.0033980 seconds, Stopping threads took: 0.0024860 seconds
379.048: Application time: 0.0011790 seconds
379.123: [GC379.123: [ParNew: 8047K->895K(8128K), 0.0012870 secs] 16307K->12368K(26052K), 0.0013180 secs] [Times: user=0.00 sys=0.00, real=0.00 secs] 
379.124: Total time for which application threads were stopped: 0.0768060 seconds, Stopping threads took: 0.0754280 seconds
379.215: Application time: 0.0909170 seconds
379.255: [GC379.255: [ParNew: 7748K->7748K(8128K), 0.0000090 secs]379.255: [Tenured: 11472K->2612K(17924K), 0.0052570 secs] 19221K->2612K(26052K), [Perm : 5144K->5144K(21248K)], 0.0053150 secs] [Times: user=0.00 sys=0.00, real=0.01 secs] 
379.260: Total time for which application threads were stopped: 0.0450110 seconds, Stopping threads took: 0.0396140 seconds
379.261: Application time: 0.0012200 seconds
379.337: [GC379.337: [ParNew: 7224K->895K(8128K), 0.0015260 secs] 9836K->6660K(26052K), 0.0015640 secs] [Times: user=0.01 sys=0.00, real=0.01 secs] 
379.339: Total time for which application threads were stopped: 0.0773140 seconds, Stopping threads took: 0.0756690 seconds
379.416: Application time: 0.0769830 seconds
379.427: [GC379.427: [ParNew: 7796K->891K(8128K), 0.0008720 secs] 13561K->8071K(26052K), 0.0009040 secs] [Times: user=0.00 sys=0.01, real=0.00 secs] 
379.428: Total time for which application threads were stopped: 0.0120410 seconds, Stopping threads took: 0.0110590 seconds
379.505: Application time: 0.0770800 seconds
379.513: [GC379.513: [ParNew: 8035K->793K(8128K), 0.0005960 secs] 15215K->8005K(26052K), 0.0006250 secs] [Times: user=0.00 sys=0.00, real=0.00 secs] 
379.514: Total time for which application threads were stopped: 0.0088540 seconds, Stopping threads took: 0.0081470 seconds
379.555: Application time: 0.0413650 seconds
379.591: [GC379.591: [ParNew: 7937K->400K(8128K), 0.0006130 secs] 15149K->7621K(26052K), 0.0006490 secs] [Times: user=0.01 sys=0.00, real=0.00 secs] 
379.592: Total time for which application threads were stopped: 0.0366480 seconds, Stopping threads took: 0.0359260 seconds
379.632: Application time: 0.0404760 seconds
379.669: [GC379.669: [ParNew: 7544K->10K(8128K), 0.0004330 secs] 14765K->7230K(26052K), 0.0004590 secs] [Times: user=0.00 sys=0.00, real=0.00 secs] 
379.670: Total time for which application threads were stopped: 0.0373850 seconds, Stopping threads took: 0.0368530 seconds
379.710: Application time: 0.0408450 seconds
379.746: [GC379.746: [ParNew: 7104K->598K(8128K), 0.0003950 secs] 14325K->7818K(26052K), 0.0004180 secs] [Times: user=0.01 sys=0.00, real=0.00 secs] 
379.747: Total time for which application threads were stopped: 0.0363200 seconds, Stopping threads took: 0.0358570 seconds
379.788: Application time: 0.0411380 seconds
379.850: [GC379.850: [ParNew: 7740K->207K(8128K), 0.0005180 secs] 14960K->7443K(26052K), 0.0005480 secs] [Times: user=0.00 sys=0.00, real=0.00 secs] 
379.850: Total time for which application threads were stopped: 0.0621830 seconds, Stopping threads took: 0.0615880 seconds
379.904: Application time: 0.0540710 seconds
379.934: [GC379.934: [ParNew: 7349K->795K(8128K), 0.0003400 secs] 14586K->8031K(26052K), 0.0003650 secs] [Times: user=0.01 sys=0.00, real=0.00 secs] 
379.934: Total time for which application threads were stopped: 0.0302910 seconds, Stopping threads took: 0.0298810 seconds
380.032: Application time: 0.0978780 seconds
380.057: [GC380.057: [ParNew: 7981K->400K(8128K), 0.0005270 secs] 15217K->7661K(26052K), 0.0005510 secs] [Times: user=0.00 sys=0.00, real=0.00 secs] 
380.058: Total time for which application threads were stopped: 0.0252860 seconds, Stopping threads took: 0.0246590 seconds
380.140: Application time: 0.0819470 seconds
380.179: [GC380.179: [ParNew: 7536K->10K(8128K), 0.0002550 secs] 14796K->7270K(26052K), 0.0002850 secs] [Times: user=0.00 sys=0.00, real=0.00 secs] 
380.179: Total time for which application threads were stopped: 0.0394540 seconds, Stopping threads took: 0.0391150 seconds
380.330: Application time: 0.1505690 seconds
380.330: [GC380.330: [ParNew: 7242K->42K(8128K), 0.0005300 secs] 14502K->7302K(26052K), 0.0005480 secs] [Times: user=0.00 sys=0.00, real=0.00 secs] 
380.330: Total time for which application threads were stopped: 0.0006270 seconds, Stopping threads took: 0.0000210 seconds
380.463: Application time: 0.1327090 seconds
380.463: Total time for which application threads were stopped: 0.0000500 seconds, Stopping threads took: 0.0000080 seconds
380.463: Application time: 0.0001990 seconds
380.463: [GC380.463: [ParNew: 7274K->896K(8128K), 0.0013850 secs] 14534K->9975K(26052K), 0.0014170 secs] [Times: user=0.00 sys=0.00, real=0.00 secs] 
380.465: Total time for which application threads were stopped: 0.0014630 seconds, Stopping threads took: 0.0000040 seconds
380.580: Application time: 0.1149400 seconds
380.580: [GC380.580: [ParNew: 8128K->896K(8128K), 0.0019140 secs] 17207K->12511K(26052K), 0.0019450 secs] [Times: user=0.01 sys=0.00, real=0.00 secs] 
380.582: Total time for which application threads were stopped: 0.0020340 seconds, Stopping threads took: 0.0000080 seconds
380.582: Application time: 0.0002810 seconds
380.582: Total time for which application threads were stopped: 0.0000750 seconds, Stopping threads took: 0.0000550 seconds
380.582: Application time: 0.0000810 seconds
380.582: Total time for which application threads were stopped: 0.0000500 seconds, Stopping threads took: 0.0000370 seconds
380.619: Application time: 0.0365310 seconds
380.619: [GC380.619: [ParNew: 8126K->776K(8128K), 0.0024040 secs]380.621: [Tenured: 18820K->6647K(19136K), 0.0160850 secs] 19741K->6647K(27264K), [Perm : 12484K->12484K(21248K)], 0.0186050 secs] [Times: user=0.03 sys=0.00, real=0.01 secs] 
380.637: Total time for which application threads were stopped: 0.0186710 seconds, Stopping threads took: 0.0000090 seconds
380.760: Application time: 0.1226030 seconds
380.760: Total time for which application threads were stopped: 0.0000790 seconds, Stopping threads took: 0.0000370 seconds
380.767: Application time: 0.0064900 seconds
380.767: [GC380.767: [ParNew: 6218K->824K(8128K), 0.0010230 secs] 12865K->7471K(26052K), 0.0010450 secs] [Times: user=0.01 sys=0.00, real=0.00 secs] 
380.768: Total time for which application threads were stopped: 0.0011030 seconds, Stopping threads took: 0.0000180 seconds
380.768: Application time: 0.0001430 seconds
380.768: Total time for which application threads were stopped: 0.0002320 seconds, Stopping threads took: 0.0001910 seconds
380.883: Application time: 0.1153360 seconds
380.883: [GC380.883: [ParNew: 8052K->577K(8128K), 0.0020620 secs] 14699K->14296K(26052K), 0.0020880 secs] [Times: user=0.01 sys=0.00, real=0.00 secs] 
380.886: Total time for which application threads were stopped: 0.0021650 seconds, Stopping threads took: 0.0000100 seconds
380.927: Application time: 0.0410250 seconds
380.927: Total time for which application threads were stopped: 0.0000360 seconds, Stopping threads took: 0.0000140 seconds
Heap
 par new generation   total 8128K, used 7204K [0x00000000f9200000, 0x00000000f9ad0000, 0x00000000f9b50000)
  eden space 7232K,  91% used [0x00000000f9200000, 0x00000000f9878e78, 0x00000000f9910000)
  from space 896K,  64% used [0x00000000f99f0000, 0x00000000f9a804c0, 0x00000000f9ad0000)
  to   space 896K,   0% used [0x00000000f9910000, 0x00000000f9910000, 0x00000000f99f0000)
 tenured generation   total 17924K, used 13719K [0x00000000f9b50000, 0x00000000facd1000, 0x00000000fae00000)
   the space 17924K,  76% used [0x00000000f9b50000, 0x00000000fa8b5d40, 0x00000000fa8b5e00, 0x00000000facd1000)
 compacting perm gen  total 21248K, used 12848K [0x00000000fae00000, 0x00000000fc2c0000, 0x0000000100000000)
   the space 21248K,  60% used [0x00000000fae00000, 0x00000000fba8c3b0, 0x00000000fba8c400, 0x00000000fc2c0000)
No shared spaces configured.
380.927: Application time: 0.0001970 seconds
