Java HotSpot(TM) 64-Bit Server VM (24.80-b11) for linux-amd64 JRE (1.7.0_80-b15), built on Apr 10 2015 19:53:14 by "java_re" with gcc 4.3.0 20080428 (Red Hat 4.3.0-8)
Memory: 4k page, physical 8000092k(6107688k free), swap 8218620k(8218620k free)
CommandLine flags: -XX:InitialHeapSize=565019648 -XX:MaxHeapSize=565019648 -XX:+PrintGC -XX:+PrintGCApplicationConcurrentTime -XX:+PrintGCApplicationStoppedTime -XX:+PrintGCDetails -XX:+PrintGCTimeStamps -XX:-UseAdaptiveSizePolicy -XX:+UseCompressedOops -XX:+UseParallelGC 
1.010: Application time: 0.9832050 seconds
1.010: Total time for which application threads were stopped: 0.0000420 seconds, Stopping threads took: 0.0000100 seconds
4.033: Application time: 3.0221530 seconds
4.033: Total time for which application threads were stopped: 0.0000660 seconds, Stopping threads took: 0.0000100 seconds
14.879: Application time: 10.8461560 seconds
14.879: Total time for which application threads were stopped: 0.0000220 seconds, Stopping threads took: 0.0000080 seconds
14.879: Application time: 0.0000630 seconds
14.879: Total time for which application threads were stopped: 0.0000230 seconds, Stopping threads took: 0.0000080 seconds
14.880: Application time: 0.0015260 seconds
14.880: Total time for which application threads were stopped: 0.0000100 seconds, Stopping threads took: 0.0000040 seconds
14.899: Application time: 0.0183750 seconds
14.899: Total time for which application threads were stopped: 0.0000410 seconds, Stopping threads took: 0.0000100 seconds
14.913: Application time: 0.0140410 seconds
14.913: [GC [PSYoungGen: 16752K->3392K(161280K)] 16752K->3400K(529408K), 0.0024450 secs] [Times: user=0.02 sys=0.00, real=0.01 secs] 
14.915: [Full GC [PSYoungGen: 3392K->0K(161280K)] [ParOldGen: 8K->3145K(368128K)] 3400K->3145K(529408K) [PSPermGen: 5075K->5074K(21504K)], 0.0111540 secs] [Times: user=0.04 sys=0.00, real=0.01 secs] 
14.927: Total time for which application threads were stopped: 0.0137340 seconds, Stopping threads took: 0.0000170 seconds
14.927: Application time: 0.0000870 seconds
14.927: [GC [PSYoungGen: 0K->0K(161280K)] 3145K->3145K(529408K), 0.0003080 secs] [Times: user=0.00 sys=0.00, real=0.00 secs] 
14.927: [Full GC [PSYoungGen: 0K->0K(161280K)] [ParOldGen: 3145K->3145K(368128K)] 3145K->3145K(529408K) [PSPermGen: 5074K->5074K(21504K)], 0.0039950 secs] [Times: user=0.01 sys=0.00, real=0.00 secs] 
14.931: Total time for which application threads were stopped: 0.0043980 seconds, Stopping threads took: 0.0000070 seconds
14.931: Application time: 0.0000680 seconds
14.931: Total time for which application threads were stopped: 0.0000290 seconds, Stopping threads took: 0.0000190 seconds
14.931: Application time: 0.0000260 seconds
14.931: Total time for which application threads were stopped: 0.0000170 seconds, Stopping threads took: 0.0000130 seconds
14.931: Application time: 0.0000130 seconds
14.931: Total time for which application threads were stopped: 0.0000140 seconds, Stopping threads took: 0.0000100 seconds
14.931: Application time: 0.0000380 seconds
14.931: Total time for which application threads were stopped: 0.0000200 seconds, Stopping threads took: 0.0000160 seconds
14.931: Application time: 0.0000120 seconds
14.931: Total time for which application threads were stopped: 0.0000160 seconds, Stopping threads took: 0.0000120 seconds
14.931: Application time: 0.0000110 seconds
14.931: Total time for which application threads were stopped: 0.0000160 seconds, Stopping threads took: 0.0000120 seconds
14.931: Application time: 0.0000090 seconds
14.931: Total time for which application threads were stopped: 0.0000150 seconds, Stopping threads took: 0.0000110 seconds
14.931: Application time: 0.0000110 seconds
14.931: Total time for which application threads were stopped: 0.0000150 seconds, Stopping threads took: 0.0000110 seconds
14.931: Application time: 0.0000100 seconds
14.931: Total time for which application threads were stopped: 0.0000160 seconds, Stopping threads took: 0.0000120 seconds
14.931: Application time: 0.0000160 seconds
14.931: Total time for which application threads were stopped: 0.0000090 seconds, Stopping threads took: 0.0000050 seconds
14.932: Application time: 0.0000140 seconds
14.932: Total time for which application threads were stopped: 0.0000180 seconds, Stopping threads took: 0.0000140 seconds
14.932: Application time: 0.0000130 seconds
14.932: Total time for which application threads were stopped: 0.0000220 seconds, Stopping threads took: 0.0000190 seconds
14.932: Application time: 0.0000130 seconds
14.932: Total time for which application threads were stopped: 0.0000120 seconds, Stopping threads took: 0.0000090 seconds
14.932: Application time: 0.0000140 seconds
14.932: Total time for which application threads were stopped: 0.0000170 seconds, Stopping threads took: 0.0000140 seconds
14.932: Application time: 0.0000980 seconds
14.932: Total time for which application threads were stopped: 0.0000140 seconds, Stopping threads took: 0.0000100 seconds
14.932: Application time: 0.0000140 seconds
14.932: Total time for which application threads were stopped: 0.0000080 seconds, Stopping threads took: 0.0000050 seconds
14.932: Application time: 0.0000110 seconds
14.932: Total time for which application threads were stopped: 0.0000130 seconds, Stopping threads took: 0.0000090 seconds
14.932: Application time: 0.0000110 seconds
14.932: Total time for which application threads were stopped: 0.0000130 seconds, Stopping threads took: 0.0000100 seconds
14.932: Application time: 0.0000110 seconds
14.932: Total time for which application threads were stopped: 0.0000130 seconds, Stopping threads took: 0.0000090 seconds
14.932: Application time: 0.0000100 seconds
14.932: Total time for which application threads were stopped: 0.0000290 seconds, Stopping threads took: 0.0000210 seconds
14.932: Application time: 0.0004300 seconds
14.932: Total time for which application threads were stopped: 0.0000150 seconds, Stopping threads took: 0.0000100 seconds
15.239: Application time: 0.3067620 seconds
15.239: Total time for which application threads were stopped: 0.0000790 seconds, Stopping threads took: 0.0000200 seconds
15.263: Application time: 0.0234160 seconds
15.263: Total time for which application threads were stopped: 0.0000420 seconds, Stopping threads took: 0.0000190 seconds
15.287: Application time: 0.0240420 seconds
15.287: Total time for which application threads were stopped: 0.0000380 seconds, Stopping threads took: 0.0000180 seconds
15.319: Application time: 0.0318790 seconds
15.319: Total time for which application threads were stopped: 0.0000420 seconds, Stopping threads took: 0.0000120 seconds
15.319: Application time: 0.0000380 seconds
15.319: Total time for which application threads were stopped: 0.0000280 seconds, Stopping threads took: 0.0000070 seconds
15.332: Application time: 0.0128230 seconds
15.332: Total time for which application threads were stopped: 0.0000390 seconds, Stopping threads took: 0.0000190 seconds
15.334: Application time: 0.0022780 seconds
15.334: Total time for which application threads were stopped: 0.0000350 seconds, Stopping threads took: 0.0000180 seconds
15.335: Application time: 0.0008290 seconds
15.335: Total time for which application threads were stopped: 0.0000470 seconds, Stopping threads took: 0.0000190 seconds
15.389: Application time: 0.0538470 seconds
15.389: Total time for which application threads were stopped: 0.0000470 seconds, Stopping threads took: 0.0000100 seconds
15.389: Application time: 0.0000390 seconds
15.389: Total time for which application threads were stopped: 0.0000270 seconds, Stopping threads took: 0.0000070 seconds
15.400: Application time: 0.0112950 seconds
15.400: Total time for which application threads were stopped: 0.0000420 seconds, Stopping threads took: 0.0000180 seconds
15.417: Application time: 0.0173060 seconds
15.417: Total time for which application threads were stopped: 0.0000360 seconds, Stopping threads took: 0.0000180 seconds
15.418: Application time: 0.0008330 seconds
15.418: Total time for which application threads were stopped: 0.0000370 seconds, Stopping threads took: 0.0000190 seconds
15.532: Application time: 0.1133740 seconds
15.532: Total time for which application threads were stopped: 0.0000570 seconds, Stopping threads took: 0.0000130 seconds
15.535: Application time: 0.0029850 seconds
15.535: Total time for which application threads were stopped: 0.0000290 seconds, Stopping threads took: 0.0000090 seconds
15.543: Application time: 0.0081090 seconds
15.543: Total time for which application threads were stopped: 0.0000350 seconds, Stopping threads took: 0.0000100 seconds
15.553: Application time: 0.0099620 seconds
15.553: Total time for which application threads were stopped: 0.0000400 seconds, Stopping threads took: 0.0000180 seconds
15.877: Application time: 0.3245570 seconds
15.878: Total time for which application threads were stopped: 0.0000470 seconds, Stopping threads took: 0.0000100 seconds
16.050: Application time: 0.1724980 seconds
16.050: Total time for which application threads were stopped: 0.0001100 seconds, Stopping threads took: 0.0000200 seconds
16.050: Application time: 0.0000790 seconds
16.050: Total time for which application threads were stopped: 0.0000340 seconds, Stopping threads took: 0.0000180 seconds
16.050: Application time: 0.0000680 seconds
16.050: Total time for which application threads were stopped: 0.0000320 seconds, Stopping threads took: 0.0000180 seconds
16.051: Application time: 0.0009860 seconds
16.051: Total time for which application threads were stopped: 0.0000320 seconds, Stopping threads took: 0.0000180 seconds
16.051: Application time: 0.0000770 seconds
16.052: Total time for which application threads were stopped: 0.0000310 seconds, Stopping threads took: 0.0000180 seconds
16.052: Application time: 0.0000400 seconds
16.052: Total time for which application threads were stopped: 0.0000170 seconds, Stopping threads took: 0.0000040 seconds
16.052: Application time: 0.0000090 seconds
16.052: Total time for which application threads were stopped: 0.0000130 seconds, Stopping threads took: 0.0000030 seconds
16.052: Application time: 0.0000570 seconds
16.052: Total time for which application threads were stopped: 0.0000170 seconds, Stopping threads took: 0.0000040 seconds
16.052: Application time: 0.0000190 seconds
16.052: Total time for which application threads were stopped: 0.0000140 seconds, Stopping threads took: 0.0000030 seconds
16.052: Application time: 0.0000550 seconds
16.052: Total time for which application threads were stopped: 0.0000130 seconds, Stopping threads took: 0.0000030 seconds
16.052: Application time: 0.0000110 seconds
16.052: Total time for which application threads were stopped: 0.0000130 seconds, Stopping threads took: 0.0000030 seconds
16.052: Application time: 0.0000460 seconds
16.052: Total time for which application threads were stopped: 0.0000130 seconds, Stopping threads took: 0.0000030 seconds
16.052: Application time: 0.0000440 seconds
16.052: Total time for which application threads were stopped: 0.0000120 seconds, Stopping threads took: 0.0000020 seconds
16.052: Application time: 0.0000650 seconds
16.052: Total time for which application threads were stopped: 0.0000120 seconds, Stopping threads took: 0.0000020 seconds
16.052: Application time: 0.0000520 seconds
16.052: Total time for which application threads were stopped: 0.0000120 seconds, Stopping threads took: 0.0000020 seconds
16.052: Application time: 0.0000980 seconds
16.052: Total time for which application threads were stopped: 0.0000130 seconds, Stopping threads took: 0.0000030 seconds
16.052: Application time: 0.0000580 seconds
16.052: Total time for which application threads were stopped: 0.0000120 seconds, Stopping threads took: 0.0000020 seconds
16.053: Application time: 0.0004330 seconds
16.053: Total time for which application threads were stopped: 0.0000130 seconds, Stopping threads took: 0.0000030 seconds
16.053: Application time: 0.0000520 seconds
16.053: Total time for which application threads were stopped: 0.0000130 seconds, Stopping threads took: 0.0000030 seconds
16.053: Application time: 0.0001850 seconds
16.053: Total time for which application threads were stopped: 0.0000120 seconds, Stopping threads took: 0.0000020 seconds
16.053: Application time: 0.0000210 seconds
16.053: Total time for which application threads were stopped: 0.0000130 seconds, Stopping threads took: 0.0000030 seconds
16.053: Application time: 0.0000150 seconds
16.053: Total time for which application threads were stopped: 0.0000140 seconds, Stopping threads took: 0.0000040 seconds
16.053: Application time: 0.0000270 seconds
16.053: Total time for which application threads were stopped: 0.0000140 seconds, Stopping threads took: 0.0000040 seconds
16.054: Application time: 0.0010950 seconds
16.054: Total time for which application threads were stopped: 0.0000140 seconds, Stopping threads took: 0.0000040 seconds
16.054: Application time: 0.0000620 seconds
16.054: Total time for which application threads were stopped: 0.0000130 seconds, Stopping threads took: 0.0000030 seconds
16.054: Application time: 0.0000860 seconds
16.054: Total time for which application threads were stopped: 0.0000140 seconds, Stopping threads took: 0.0000030 seconds
16.054: Application time: 0.0000480 seconds
16.054: Total time for which application threads were stopped: 0.0000130 seconds, Stopping threads took: 0.0000030 seconds
16.055: Application time: 0.0001390 seconds
16.055: Total time for which application threads were stopped: 0.0000130 seconds, Stopping threads took: 0.0000030 seconds
16.055: Application time: 0.0003520 seconds
16.055: Total time for which application threads were stopped: 0.0000140 seconds, Stopping threads took: 0.0000030 seconds
16.056: Application time: 0.0007930 seconds
16.056: Total time for which application threads were stopped: 0.0000160 seconds, Stopping threads took: 0.0000040 seconds
16.056: Application time: 0.0000880 seconds
16.056: Total time for which application threads were stopped: 0.0000140 seconds, Stopping threads took: 0.0000030 seconds
16.056: Application time: 0.0002200 seconds
16.056: Total time for which application threads were stopped: 0.0000150 seconds, Stopping threads took: 0.0000040 seconds
16.056: Application time: 0.0000320 seconds
16.056: Total time for which application threads were stopped: 0.0000140 seconds, Stopping threads took: 0.0000030 seconds
16.056: Application time: 0.0000520 seconds
16.056: Total time for which application threads were stopped: 0.0000130 seconds, Stopping threads took: 0.0000030 seconds
16.056: Application time: 0.0000990 seconds
16.056: Total time for which application threads were stopped: 0.0000140 seconds, Stopping threads took: 0.0000040 seconds
16.056: Application time: 0.0000330 seconds
16.056: Total time for which application threads were stopped: 0.0000130 seconds, Stopping threads took: 0.0000030 seconds
16.061: Application time: 0.0046230 seconds
16.061: Total time for which application threads were stopped: 0.0000310 seconds, Stopping threads took: 0.0000100 seconds
16.061: Application time: 0.0000760 seconds
16.061: Total time for which application threads were stopped: 0.0000240 seconds, Stopping threads took: 0.0000070 seconds
16.061: Application time: 0.0000360 seconds
16.061: Total time for which application threads were stopped: 0.0000210 seconds, Stopping threads took: 0.0000070 seconds
16.061: Application time: 0.0000360 seconds
16.061: Total time for which application threads were stopped: 0.0000200 seconds, Stopping threads took: 0.0000070 seconds
16.061: Application time: 0.0000360 seconds
16.061: Total time for which application threads were stopped: 0.0000200 seconds, Stopping threads took: 0.0000070 seconds
16.061: Application time: 0.0000700 seconds
16.061: Total time for which application threads were stopped: 0.0000170 seconds, Stopping threads took: 0.0000060 seconds
16.061: Application time: 0.0000190 seconds
16.061: Total time for which application threads were stopped: 0.0000170 seconds, Stopping threads took: 0.0000050 seconds
16.061: Application time: 0.0000290 seconds
16.061: Total time for which application threads were stopped: 0.0000160 seconds, Stopping threads took: 0.0000050 seconds
16.062: Application time: 0.0001200 seconds
16.062: Total time for which application threads were stopped: 0.0000200 seconds, Stopping threads took: 0.0000050 seconds
16.062: Application time: 0.0000230 seconds
16.062: Total time for which application threads were stopped: 0.0000160 seconds, Stopping threads took: 0.0000050 seconds
16.062: Application time: 0.0000550 seconds
16.062: Total time for which application threads were stopped: 0.0000180 seconds, Stopping threads took: 0.0000050 seconds
16.062: Application time: 0.0000200 seconds
16.062: Total time for which application threads were stopped: 0.0000160 seconds, Stopping threads took: 0.0000060 seconds
16.062: Application time: 0.0006380 seconds
16.062: Total time for which application threads were stopped: 0.0000170 seconds, Stopping threads took: 0.0000060 seconds
16.062: Application time: 0.0000150 seconds
16.062: Total time for which application threads were stopped: 0.0000170 seconds, Stopping threads took: 0.0000050 seconds
16.062: Application time: 0.0000160 seconds
16.062: Total time for which application threads were stopped: 0.0000170 seconds, Stopping threads took: 0.0000050 seconds
16.083: Application time: 0.0204380 seconds
16.083: Total time for which application threads were stopped: 0.0000330 seconds, Stopping threads took: 0.0000090 seconds
16.097: Application time: 0.0137000 seconds
16.097: Total time for which application threads were stopped: 0.0000340 seconds, Stopping threads took: 0.0000050 seconds
16.257: Application time: 0.1603980 seconds
16.257: Total time for which application threads were stopped: 0.0000990 seconds, Stopping threads took: 0.0000210 seconds
16.333: Application time: 0.0753120 seconds
16.333: Total time for which application threads were stopped: 0.0000930 seconds, Stopping threads took: 0.0000150 seconds
16.344: Application time: 0.0118300 seconds
16.344: Total time for which application threads were stopped: 0.0000620 seconds, Stopping threads took: 0.0000140 seconds
16.638: Application time: 0.2930910 seconds
16.638: [GC [PSYoungGen: 138240K->21699K(161280K)] 141385K->24852K(529408K), 0.0111640 secs] [Times: user=0.07 sys=0.00, real=0.01 secs] 
16.649: Total time for which application threads were stopped: 0.0114470 seconds, Stopping threads took: 0.0000150 seconds
16.649: Application time: 0.0001010 seconds
16.649: Total time for which application threads were stopped: 0.0001380 seconds, Stopping threads took: 0.0000360 seconds
16.649: Application time: 0.0000290 seconds
16.649: Total time for which application threads were stopped: 0.0000300 seconds, Stopping threads took: 0.0000130 seconds
16.649: Application time: 0.0000330 seconds
16.649: Total time for which application threads were stopped: 0.0000430 seconds, Stopping threads took: 0.0000270 seconds
16.649: Application time: 0.0000550 seconds
16.650: Total time for which application threads were stopped: 0.0000330 seconds, Stopping threads took: 0.0000160 seconds
16.650: Application time: 0.0000270 seconds
16.650: Total time for which application threads were stopped: 0.0000310 seconds, Stopping threads took: 0.0000150 seconds
16.650: Application time: 0.0000120 seconds
16.650: Total time for which application threads were stopped: 0.0000310 seconds, Stopping threads took: 0.0000120 seconds
16.650: Application time: 0.0000210 seconds
16.650: Total time for which application threads were stopped: 0.0000320 seconds, Stopping threads took: 0.0000160 seconds
16.650: Application time: 0.0000130 seconds
16.650: Total time for which application threads were stopped: 0.0000350 seconds, Stopping threads took: 0.0000190 seconds
16.650: Application time: 0.0000120 seconds
16.650: Total time for which application threads were stopped: 0.0000320 seconds, Stopping threads took: 0.0000160 seconds
16.650: Application time: 0.0000120 seconds
16.650: Total time for which application threads were stopped: 0.0000300 seconds, Stopping threads took: 0.0000130 seconds
16.650: Application time: 0.0000190 seconds
16.650: Total time for which application threads were stopped: 0.0000360 seconds, Stopping threads took: 0.0000190 seconds
16.650: Application time: 0.0000120 seconds
16.650: Total time for which application threads were stopped: 0.0000320 seconds, Stopping threads took: 0.0000160 seconds
16.650: Application time: 0.0000110 seconds
16.650: Total time for which application threads were stopped: 0.0000300 seconds, Stopping threads took: 0.0000140 seconds
16.650: Application time: 0.0000120 seconds
16.650: Total time for which application threads were stopped: 0.0000320 seconds, Stopping threads took: 0.0000160 seconds
16.650: Application time: 0.0000110 seconds
16.650: Total time for which application threads were stopped: 0.0000310 seconds, Stopping threads took: 0.0000160 seconds
16.650: Application time: 0.0000280 seconds
16.650: Total time for which application threads were stopped: 0.0000670 seconds, Stopping threads took: 0.0000520 seconds
16.650: Application time: 0.0000140 seconds
16.650: Total time for which application threads were stopped: 0.0000310 seconds, Stopping threads took: 0.0000110 seconds
16.650: Application time: 0.0000290 seconds
16.650: Total time for which application threads were stopped: 0.0000270 seconds, Stopping threads took: 0.0000110 seconds
16.650: Application time: 0.0000170 seconds
16.650: Total time for which application threads were stopped: 0.0000330 seconds, Stopping threads took: 0.0000180 seconds
16.650: Application time: 0.0000120 seconds
16.650: Total time for which application threads were stopped: 0.0000290 seconds, Stopping threads took: 0.0000140 seconds
16.650: Application time: 0.0000300 seconds
16.650: Total time for which application threads were stopped: 0.0000460 seconds, Stopping threads took: 0.0000200 seconds
16.651: Application time: 0.0010060 seconds
16.651: Total time for which application threads were stopped: 0.0000350 seconds, Stopping threads took: 0.0000130 seconds
16.760: Application time: 0.1084430 seconds
16.760: Total time for which application threads were stopped: 0.0001780 seconds, Stopping threads took: 0.0000120 seconds
16.995: Application time: 0.2348340 seconds
16.995: Total time for which application threads were stopped: 0.0002920 seconds, Stopping threads took: 0.0000470 seconds
17.203: Application time: 0.2074930 seconds
17.203: Total time for which application threads were stopped: 0.0003840 seconds, Stopping threads took: 0.0000100 seconds
17.383: Application time: 0.1796240 seconds
17.383: [GC [PSYoungGen: 159939K->23025K(161280K)] 163092K->29515K(529408K), 0.0097940 secs] [Times: user=0.06 sys=0.01, real=0.01 secs] 
17.393: Total time for which application threads were stopped: 0.0101350 seconds, Stopping threads took: 0.0000110 seconds
17.534: Application time: 0.1415640 seconds
17.535: Total time for which application threads were stopped: 0.0002890 seconds, Stopping threads took: 0.0000130 seconds
17.535: Application time: 0.0001310 seconds
17.535: Total time for which application threads were stopped: 0.0000420 seconds, Stopping threads took: 0.0000070 seconds
17.535: Application time: 0.0000150 seconds
17.535: Total time for which application threads were stopped: 0.0000340 seconds, Stopping threads took: 0.0000060 seconds
17.535: Application time: 0.0000140 seconds
17.535: Total time for which application threads were stopped: 0.0000340 seconds, Stopping threads took: 0.0000050 seconds
17.535: Application time: 0.0000130 seconds
17.535: Total time for which application threads were stopped: 0.0000340 seconds, Stopping threads took: 0.0000060 seconds
17.535: Application time: 0.0000140 seconds
17.535: Total time for which application threads were stopped: 0.0000340 seconds, Stopping threads took: 0.0000050 seconds
17.535: Application time: 0.0002620 seconds
17.535: Total time for which application threads were stopped: 0.0000420 seconds, Stopping threads took: 0.0000040 seconds
17.557: Application time: 0.0220620 seconds
17.558: Total time for which application threads were stopped: 0.0002140 seconds, Stopping threads took: 0.0000190 seconds
17.558: Application time: 0.0001070 seconds
17.558: Total time for which application threads were stopped: 0.0000390 seconds, Stopping threads took: 0.0000060 seconds
17.558: Application time: 0.0000710 seconds
17.558: Total time for which application threads were stopped: 0.0000340 seconds, Stopping threads took: 0.0000040 seconds
17.558: Application time: 0.0001900 seconds
17.558: Total time for which application threads were stopped: 0.0000390 seconds, Stopping threads took: 0.0000070 seconds
17.558: Application time: 0.0001730 seconds
17.558: Total time for which application threads were stopped: 0.0000360 seconds, Stopping threads took: 0.0000060 seconds
17.558: Application time: 0.0001180 seconds
17.559: Total time for which application threads were stopped: 0.0000400 seconds, Stopping threads took: 0.0000090 seconds
17.559: Application time: 0.0000750 seconds
17.559: Total time for which application threads were stopped: 0.0000350 seconds, Stopping threads took: 0.0000060 seconds
17.559: Application time: 0.0001220 seconds
17.559: Total time for which application threads were stopped: 0.0000350 seconds, Stopping threads took: 0.0000050 seconds
17.562: Application time: 0.0032040 seconds
17.562: Total time for which application threads were stopped: 0.0000340 seconds, Stopping threads took: 0.0000060 seconds
17.562: Application time: 0.0000830 seconds
17.562: Total time for which application threads were stopped: 0.0000320 seconds, Stopping threads took: 0.0000050 seconds
17.562: Application time: 0.0000900 seconds
17.562: Total time for which application threads were stopped: 0.0000420 seconds, Stopping threads took: 0.0000140 seconds
17.562: Application time: 0.0000500 seconds
17.562: Total time for which application threads were stopped: 0.0000370 seconds, Stopping threads took: 0.0000070 seconds
17.563: Application time: 0.0001730 seconds
17.563: Total time for which application threads were stopped: 0.0000360 seconds, Stopping threads took: 0.0000070 seconds
17.563: Application time: 0.0000500 seconds
17.563: Total time for which application threads were stopped: 0.0000420 seconds, Stopping threads took: 0.0000130 seconds
17.563: Application time: 0.0000480 seconds
17.563: Total time for which application threads were stopped: 0.0000380 seconds, Stopping threads took: 0.0000090 seconds
17.563: Application time: 0.0000480 seconds
17.563: Total time for which application threads were stopped: 0.0000360 seconds, Stopping threads took: 0.0000070 seconds
17.563: Application time: 0.0000330 seconds
17.563: Total time for which application threads were stopped: 0.0000320 seconds, Stopping threads took: 0.0000050 seconds
17.563: Application time: 0.0000320 seconds
17.563: Total time for which application threads were stopped: 0.0000310 seconds, Stopping threads took: 0.0000040 seconds
17.563: Application time: 0.0000340 seconds
17.563: Total time for which application threads were stopped: 0.0000310 seconds, Stopping threads took: 0.0000040 seconds
17.563: Application time: 0.0000480 seconds
17.563: Total time for which application threads were stopped: 0.0000350 seconds, Stopping threads took: 0.0000080 seconds
17.563: Application time: 0.0000640 seconds
17.563: Total time for which application threads were stopped: 0.0000330 seconds, Stopping threads took: 0.0000060 seconds
17.563: Application time: 0.0000330 seconds
17.563: Total time for which application threads were stopped: 0.0000290 seconds, Stopping threads took: 0.0000030 seconds
17.563: Application time: 0.0000320 seconds
17.563: Total time for which application threads were stopped: 0.0000520 seconds, Stopping threads took: 0.0000030 seconds
17.564: Application time: 0.0001260 seconds
17.564: Total time for which application threads were stopped: 0.0000300 seconds, Stopping threads took: 0.0000030 seconds
17.564: Application time: 0.0000790 seconds
17.564: Total time for which application threads were stopped: 0.0000290 seconds, Stopping threads took: 0.0000030 seconds
17.574: Application time: 0.0103140 seconds
17.574: Total time for which application threads were stopped: 0.0000390 seconds, Stopping threads took: 0.0000050 seconds
17.582: Application time: 0.0083110 seconds
17.582: Total time for which application threads were stopped: 0.0000540 seconds, Stopping threads took: 0.0000070 seconds
17.590: Application time: 0.0078950 seconds
17.590: Total time for which application threads were stopped: 0.0000420 seconds, Stopping threads took: 0.0000060 seconds
17.606: Application time: 0.0158800 seconds
17.606: Total time for which application threads were stopped: 0.0000580 seconds, Stopping threads took: 0.0000250 seconds
17.607: Application time: 0.0009550 seconds
17.607: Total time for which application threads were stopped: 0.0000390 seconds, Stopping threads took: 0.0000070 seconds
17.614: Application time: 0.0064030 seconds
17.614: Total time for which application threads were stopped: 0.0000380 seconds, Stopping threads took: 0.0000060 seconds
17.614: Application time: 0.0007120 seconds
17.614: Total time for which application threads were stopped: 0.0000390 seconds, Stopping threads took: 0.0000090 seconds
17.615: Application time: 0.0006340 seconds
17.615: Total time for which application threads were stopped: 0.0000500 seconds, Stopping threads took: 0.0000200 seconds
17.616: Application time: 0.0006910 seconds
17.616: Total time for which application threads were stopped: 0.0000500 seconds, Stopping threads took: 0.0000200 seconds
17.617: Application time: 0.0006940 seconds
17.617: Total time for which application threads were stopped: 0.0000400 seconds, Stopping threads took: 0.0000070 seconds
17.622: Application time: 0.0051620 seconds
17.622: Total time for which application threads were stopped: 0.0000460 seconds, Stopping threads took: 0.0000090 seconds
17.623: Application time: 0.0007540 seconds
17.623: Total time for which application threads were stopped: 0.0000560 seconds, Stopping threads took: 0.0000220 seconds
17.623: Application time: 0.0006290 seconds
17.623: Total time for which application threads were stopped: 0.0000410 seconds, Stopping threads took: 0.0000100 seconds
17.635: Application time: 0.0118480 seconds
17.635: Total time for which application threads were stopped: 0.0000450 seconds, Stopping threads took: 0.0000120 seconds
17.636: Application time: 0.0007510 seconds
17.636: Total time for which application threads were stopped: 0.0000390 seconds, Stopping threads took: 0.0000080 seconds
17.637: Application time: 0.0006400 seconds
17.637: Total time for which application threads were stopped: 0.0000360 seconds, Stopping threads took: 0.0000060 seconds
17.637: Application time: 0.0007800 seconds
17.638: Total time for which application threads were stopped: 0.0001030 seconds, Stopping threads took: 0.0000380 seconds
18.101: Application time: 0.4633400 seconds
18.101: [GC [PSYoungGen: 161265K->23025K(161280K)] 167755K->38373K(529408K), 0.0125740 secs] [Times: user=0.08 sys=0.01, real=0.02 secs] 
18.114: Total time for which application threads were stopped: 0.0131800 seconds, Stopping threads took: 0.0000110 seconds
18.213: Application time: 0.0987450 seconds
18.213: Total time for which application threads were stopped: 0.0003280 seconds, Stopping threads took: 0.0000120 seconds
18.213: Application time: 0.0000390 seconds
18.213: Total time for which application threads were stopped: 0.0000540 seconds, Stopping threads took: 0.0000040 seconds
18.562: Application time: 0.3488750 seconds
18.563: Total time for which application threads were stopped: 0.0005680 seconds, Stopping threads took: 0.0000130 seconds
18.641: Application time: 0.0784730 seconds
18.641: Total time for which application threads were stopped: 0.0003240 seconds, Stopping threads took: 0.0000110 seconds
18.772: Application time: 0.1308560 seconds
18.773: [GC [PSYoungGen: 161265K->23026K(161280K)] 176613K->48235K(529408K), 0.0130330 secs] [Times: user=0.10 sys=0.00, real=0.02 secs] 
18.786: Total time for which application threads were stopped: 0.0134690 seconds, Stopping threads took: 0.0000120 seconds
18.786: Application time: 0.0001250 seconds
18.786: Total time for which application threads were stopped: 0.0003750 seconds, Stopping threads took: 0.0000620 seconds
19.388: Application time: 0.6012830 seconds
19.388: [GC [PSYoungGen: 161243K->23026K(161280K)] 186451K->57257K(529408K), 0.0130120 secs] [Times: user=0.09 sys=0.00, real=0.01 secs] 
19.402: Total time for which application threads were stopped: 0.0138930 seconds, Stopping threads took: 0.0000100 seconds
19.566: Application time: 0.1648600 seconds
19.567: Total time for which application threads were stopped: 0.0004910 seconds, Stopping threads took: 0.0000110 seconds
20.066: Application time: 0.4987810 seconds
20.067: [GC [PSYoungGen: 161266K->23010K(161280K)] 195497K->67498K(529408K), 0.0136130 secs] [Times: user=0.10 sys=0.00, real=0.01 secs] 
20.080: Total time for which application threads were stopped: 0.0145290 seconds, Stopping threads took: 0.0000110 seconds
20.080: Application time: 0.0000780 seconds
20.081: Total time for which application threads were stopped: 0.0004000 seconds, Stopping threads took: 0.0000120 seconds
20.494: Application time: 0.4132660 seconds
20.495: Total time for which application threads were stopped: 0.0007340 seconds, Stopping threads took: 0.0000130 seconds
20.675: Application time: 0.1805990 seconds
20.676: Total time for which application threads were stopped: 0.0005530 seconds, Stopping threads took: 0.0000120 seconds
20.721: Application time: 0.0449030 seconds
20.721: [GC [PSYoungGen: 161250K->23010K(161280K)] 205738K->76701K(529408K), 0.0134180 secs] [Times: user=0.11 sys=0.00, real=0.02 secs] 
20.735: Total time for which application threads were stopped: 0.0139340 seconds, Stopping threads took: 0.0000130 seconds
21.363: Application time: 0.6281520 seconds
21.364: [GC [PSYoungGen: 161250K->23034K(161280K)] 214941K->86788K(529408K), 0.0140870 secs] [Times: user=0.09 sys=0.01, real=0.02 secs] 
21.378: Total time for which application threads were stopped: 0.0152460 seconds, Stopping threads took: 0.0000110 seconds
21.378: Application time: 0.0000910 seconds
21.379: Total time for which application threads were stopped: 0.0005350 seconds, Stopping threads took: 0.0000100 seconds
21.446: Application time: 0.0672540 seconds
21.447: Total time for which application threads were stopped: 0.0006100 seconds, Stopping threads took: 0.0000120 seconds
21.467: Application time: 0.0205190 seconds
21.468: Total time for which application threads were stopped: 0.0005010 seconds, Stopping threads took: 0.0000120 seconds
22.013: Application time: 0.5450450 seconds
22.013: [GC [PSYoungGen: 161274K->23014K(161280K)] 225028K->94910K(529408K), 0.0136530 secs] [Times: user=0.10 sys=0.01, real=0.02 secs] 
22.027: Total time for which application threads were stopped: 0.0145640 seconds, Stopping threads took: 0.0000130 seconds
22.503: Application time: 0.4760180 seconds
22.504: Total time for which application threads were stopped: 0.0009510 seconds, Stopping threads took: 0.0000120 seconds
22.692: Application time: 0.1877640 seconds
22.693: [GC [PSYoungGen: 161254K->23030K(161280K)] 233150K->104772K(529408K), 0.0139820 secs] [Times: user=0.11 sys=0.00, real=0.02 secs] 
22.707: Total time for which application threads were stopped: 0.0146930 seconds, Stopping threads took: 0.0000130 seconds
23.326: Application time: 0.6190380 seconds
23.327: [GC [PSYoungGen: 161270K->23030K(161280K)] 243012K->114949K(529408K), 0.0145790 secs] [Times: user=0.11 sys=0.00, real=0.01 secs] 
23.341: Total time for which application threads were stopped: 0.0158030 seconds, Stopping threads took: 0.0000130 seconds
23.431: Application time: 0.0891610 seconds
23.431: Total time for which application threads were stopped: 0.0006310 seconds, Stopping threads took: 0.0000130 seconds
23.996: Application time: 0.5645310 seconds
23.997: [GC [PSYoungGen: 161270K->23014K(161280K)] 253189K->124958K(529408K), 0.0142450 secs] [Times: user=0.10 sys=0.00, real=0.01 secs] 
24.011: Total time for which application threads were stopped: 0.0152990 seconds, Stopping threads took: 0.0000130 seconds
24.410: Application time: 0.3987520 seconds
24.411: Total time for which application threads were stopped: 0.0008160 seconds, Stopping threads took: 0.0000120 seconds
24.411: Application time: 0.0000430 seconds
24.411: Total time for which application threads were stopped: 0.0001370 seconds, Stopping threads took: 0.0000190 seconds
24.411: Application time: 0.0001360 seconds
24.411: Total time for which application threads were stopped: 0.0000940 seconds, Stopping threads took: 0.0000080 seconds
24.411: Application time: 0.0000730 seconds
24.411: Total time for which application threads were stopped: 0.0000940 seconds, Stopping threads took: 0.0000170 seconds
24.411: Application time: 0.0000850 seconds
24.411: Total time for which application threads were stopped: 0.0000930 seconds, Stopping threads took: 0.0000080 seconds
24.412: Application time: 0.0000820 seconds
24.412: Total time for which application threads were stopped: 0.0000850 seconds, Stopping threads took: 0.0000040 seconds
24.476: Application time: 0.0642740 seconds
24.476: Total time for which application threads were stopped: 0.0005820 seconds, Stopping threads took: 0.0000170 seconds
24.481: Application time: 0.0042730 seconds
24.481: Total time for which application threads were stopped: 0.0004860 seconds, Stopping threads took: 0.0000130 seconds
24.483: Application time: 0.0015870 seconds
24.483: Total time for which application threads were stopped: 0.0004380 seconds, Stopping threads took: 0.0000080 seconds
24.661: Application time: 0.1781900 seconds
24.662: [GC [PSYoungGen: 161254K->23014K(161280K)] 263198K->134172K(529408K), 0.0138260 secs] [Times: user=0.10 sys=0.01, real=0.02 secs] 
24.676: Total time for which application threads were stopped: 0.0145460 seconds, Stopping threads took: 0.0000150 seconds
25.317: Application time: 0.6410840 seconds
25.318: [GC [PSYoungGen: 161254K->23014K(161280K)] 272412K->143359K(529408K), 0.0143870 secs] [Times: user=0.11 sys=0.01, real=0.01 secs] 
25.333: Total time for which application threads were stopped: 0.0155360 seconds, Stopping threads took: 0.0000160 seconds
25.503: Application time: 0.1706150 seconds
25.504: Total time for which application threads were stopped: 0.0006210 seconds, Stopping threads took: 0.0000110 seconds
25.531: Application time: 0.0266660 seconds
25.531: Total time for which application threads were stopped: 0.0004120 seconds, Stopping threads took: 0.0000460 seconds
25.531: Application time: 0.0001980 seconds
25.531: Total time for which application threads were stopped: 0.0001110 seconds, Stopping threads took: 0.0000220 seconds
26.000: Application time: 0.4684200 seconds
26.001: [GC [PSYoungGen: 161254K->23014K(161280K)] 281599K->152996K(529408K), 0.0144290 secs] [Times: user=0.11 sys=0.00, real=0.02 secs] 
26.015: Total time for which application threads were stopped: 0.0153370 seconds, Stopping threads took: 0.0000120 seconds
26.480: Application time: 0.4648560 seconds
26.481: Total time for which application threads were stopped: 0.0009070 seconds, Stopping threads took: 0.0000120 seconds
26.685: Application time: 0.2045060 seconds
26.686: [GC [PSYoungGen: 161254K->23030K(161280K)] 291236K->163118K(529408K), 0.0149130 secs] [Times: user=0.11 sys=0.01, real=0.01 secs] 
26.701: Total time for which application threads were stopped: 0.0156430 seconds, Stopping threads took: 0.0000130 seconds
26.701: Application time: 0.0000910 seconds
26.702: Total time for which application threads were stopped: 0.0005110 seconds, Stopping threads took: 0.0000100 seconds
27.346: Application time: 0.6441330 seconds
27.347: [GC [PSYoungGen: 161270K->23030K(161280K)] 301358K->174390K(529408K), 0.0131690 secs] [Times: user=0.10 sys=0.00, real=0.01 secs] 
27.360: Total time for which application threads were stopped: 0.0142070 seconds, Stopping threads took: 0.0000120 seconds
27.519: Application time: 0.1588480 seconds
27.519: Total time for which application threads were stopped: 0.0006390 seconds, Stopping threads took: 0.0000120 seconds
28.007: Application time: 0.4875860 seconds
28.008: [GC [PSYoungGen: 161270K->23029K(161280K)] 312630K->186856K(529408K), 0.0134910 secs] [Times: user=0.10 sys=0.01, real=0.01 secs] 
28.021: Total time for which application threads were stopped: 0.0145010 seconds, Stopping threads took: 0.0000120 seconds
28.022: Application time: 0.0000750 seconds
28.022: Total time for which application threads were stopped: 0.0005380 seconds, Stopping threads took: 0.0000220 seconds
28.474: Application time: 0.4521650 seconds
28.475: Total time for which application threads were stopped: 0.0008450 seconds, Stopping threads took: 0.0000120 seconds
28.711: Application time: 0.2361620 seconds
28.712: [GC [PSYoungGen: 161269K->23028K(161280K)] 325096K->198207K(529408K), 0.0134270 secs] [Times: user=0.10 sys=0.01, real=0.01 secs] 
28.725: Total time for which application threads were stopped: 0.0141530 seconds, Stopping threads took: 0.0000120 seconds
29.334: Application time: 0.6084660 seconds
29.335: [GC [PSYoungGen: 161268K->23012K(161280K)] 336447K->210783K(529408K), 0.0137610 secs] [Times: user=0.10 sys=0.00, real=0.01 secs] 
29.349: Total time for which application threads were stopped: 0.0149190 seconds, Stopping threads took: 0.0000120 seconds
29.349: Application time: 0.0001230 seconds
29.349: Total time for which application threads were stopped: 0.0005270 seconds, Stopping threads took: 0.0000100 seconds
29.440: Application time: 0.0907530 seconds
29.441: Total time for which application threads were stopped: 0.0005640 seconds, Stopping threads took: 0.0000120 seconds
30.004: Application time: 0.5630920 seconds
30.005: [GC [PSYoungGen: 161252K->23013K(161280K)] 349023K->219269K(529408K), 0.0135420 secs] [Times: user=0.10 sys=0.00, real=0.02 secs] 
30.018: Total time for which application threads were stopped: 0.0144150 seconds, Stopping threads took: 0.0000130 seconds
30.548: Application time: 0.5299580 seconds
30.549: Total time for which application threads were stopped: 0.0009690 seconds, Stopping threads took: 0.0000120 seconds
30.702: Application time: 0.1524210 seconds
30.702: [GC [PSYoungGen: 161253K->23013K(161280K)] 357509K->230860K(529408K), 0.0139600 secs] [Times: user=0.10 sys=0.01, real=0.02 secs] 
30.716: Total time for which application threads were stopped: 0.0146080 seconds, Stopping threads took: 0.0000120 seconds
31.344: Application time: 0.6280500 seconds
31.345: [GC [PSYoungGen: 161253K->23030K(161280K)] 369100K->241479K(529408K), 0.0150030 secs] [Times: user=0.10 sys=0.01, real=0.02 secs] 
31.361: Total time for which application threads were stopped: 0.0162330 seconds, Stopping threads took: 0.0000130 seconds
31.361: Application time: 0.0000980 seconds
31.361: Total time for which application threads were stopped: 0.0005960 seconds, Stopping threads took: 0.0000580 seconds
31.473: Application time: 0.1112950 seconds
31.473: Total time for which application threads were stopped: 0.0005970 seconds, Stopping threads took: 0.0000130 seconds
32.042: Application time: 0.5693400 seconds
32.044: [GC [PSYoungGen: 161270K->23037K(161280K)] 379719K->251481K(529408K), 0.0138940 secs] [Times: user=0.10 sys=0.00, real=0.02 secs] 
32.057: Total time for which application threads were stopped: 0.0149750 seconds, Stopping threads took: 0.0000130 seconds
32.440: Application time: 0.3826930 seconds
32.441: Total time for which application threads were stopped: 0.0007890 seconds, Stopping threads took: 0.0000110 seconds
32.442: Application time: 0.0007150 seconds
32.442: Total time for which application threads were stopped: 0.0001750 seconds, Stopping threads took: 0.0000190 seconds
32.443: Application time: 0.0013240 seconds
32.443: Total time for which application threads were stopped: 0.0001900 seconds, Stopping threads took: 0.0000180 seconds
32.445: Application time: 0.0016320 seconds
32.445: Total time for which application threads were stopped: 0.0001130 seconds, Stopping threads took: 0.0000190 seconds
32.453: Application time: 0.0081360 seconds
32.454: Total time for which application threads were stopped: 0.0002670 seconds, Stopping threads took: 0.0000120 seconds
32.479: Application time: 0.0251760 seconds
32.479: Total time for which application threads were stopped: 0.0004640 seconds, Stopping threads took: 0.0000110 seconds
32.496: Application time: 0.0165440 seconds
32.496: Total time for which application threads were stopped: 0.0001330 seconds, Stopping threads took: 0.0000180 seconds
32.514: Application time: 0.0178160 seconds
32.514: Total time for which application threads were stopped: 0.0001000 seconds, Stopping threads took: 0.0000180 seconds
32.517: Application time: 0.0032610 seconds
32.517: Total time for which application threads were stopped: 0.0001030 seconds, Stopping threads took: 0.0000180 seconds
33.101: Application time: 0.5836340 seconds
33.101: Total time for which application threads were stopped: 0.0004020 seconds, Stopping threads took: 0.0000090 seconds
33.578: Application time: 0.4766730 seconds
33.578: Total time for which application threads were stopped: 0.0003410 seconds, Stopping threads took: 0.0000100 seconds
33.587: Application time: 0.0084750 seconds
33.587: Total time for which application threads were stopped: 0.0002150 seconds, Stopping threads took: 0.0000180 seconds
33.591: Application time: 0.0042730 seconds
33.591: Total time for which application threads were stopped: 0.0002740 seconds, Stopping threads took: 0.0000990 seconds
33.592: Application time: 0.0004860 seconds
33.592: Total time for which application threads were stopped: 0.0001320 seconds, Stopping threads took: 0.0000050 seconds
33.592: Application time: 0.0000170 seconds
33.592: Total time for which application threads were stopped: 0.0001280 seconds, Stopping threads took: 0.0000210 seconds
33.592: Application time: 0.0000400 seconds
33.592: Total time for which application threads were stopped: 0.0000870 seconds, Stopping threads took: 0.0000130 seconds
33.593: Application time: 0.0001400 seconds
33.593: Total time for which application threads were stopped: 0.0000950 seconds, Stopping threads took: 0.0000200 seconds
33.593: Application time: 0.0000300 seconds
33.593: Total time for which application threads were stopped: 0.0001060 seconds, Stopping threads took: 0.0000320 seconds
33.593: Application time: 0.0000200 seconds
33.593: Total time for which application threads were stopped: 0.0000930 seconds, Stopping threads took: 0.0000210 seconds
33.593: Application time: 0.0000330 seconds
33.593: Total time for which application threads were stopped: 0.0000810 seconds, Stopping threads took: 0.0000090 seconds
33.593: Application time: 0.0001400 seconds
33.593: Total time for which application threads were stopped: 0.0000860 seconds, Stopping threads took: 0.0000150 seconds
33.593: Application time: 0.0001650 seconds
33.593: Total time for which application threads were stopped: 0.0000890 seconds, Stopping threads took: 0.0000150 seconds
33.594: Application time: 0.0002230 seconds
33.594: Total time for which application threads were stopped: 0.0001570 seconds, Stopping threads took: 0.0000500 seconds
33.594: Application time: 0.0002260 seconds
33.594: Total time for which application threads were stopped: 0.0002100 seconds, Stopping threads took: 0.0000490 seconds
33.594: Application time: 0.0000120 seconds
33.594: Total time for which application threads were stopped: 0.0000910 seconds, Stopping threads took: 0.0000120 seconds
33.594: Application time: 0.0000380 seconds
33.595: Total time for which application threads were stopped: 0.0001580 seconds, Stopping threads took: 0.0000420 seconds
33.595: Application time: 0.0000860 seconds
33.595: Total time for which application threads were stopped: 0.0001060 seconds, Stopping threads took: 0.0000260 seconds
33.595: Application time: 0.0000730 seconds
33.595: Total time for which application threads were stopped: 0.0001070 seconds, Stopping threads took: 0.0000280 seconds
33.595: Application time: 0.0000930 seconds
33.595: Total time for which application threads were stopped: 0.0000930 seconds, Stopping threads took: 0.0000130 seconds
33.595: Application time: 0.0000150 seconds
33.595: Total time for which application threads were stopped: 0.0000960 seconds, Stopping threads took: 0.0000190 seconds
33.599: Application time: 0.0038340 seconds
33.599: Total time for which application threads were stopped: 0.0001550 seconds, Stopping threads took: 0.0000110 seconds
33.599: Application time: 0.0000540 seconds
33.599: Total time for which application threads were stopped: 0.0001170 seconds, Stopping threads took: 0.0000080 seconds
33.602: Application time: 0.0030160 seconds
33.603: Total time for which application threads were stopped: 0.0001840 seconds, Stopping threads took: 0.0000090 seconds
33.603: Application time: 0.0008130 seconds
33.604: Total time for which application threads were stopped: 0.0001460 seconds, Stopping threads took: 0.0000180 seconds
33.604: Application time: 0.0004230 seconds
33.604: Total time for which application threads were stopped: 0.0001150 seconds, Stopping threads took: 0.0000080 seconds
33.605: Application time: 0.0003600 seconds
33.605: Total time for which application threads were stopped: 0.0001300 seconds, Stopping threads took: 0.0000250 seconds
33.605: Application time: 0.0005550 seconds
33.605: Total time for which application threads were stopped: 0.0001260 seconds, Stopping threads took: 0.0000230 seconds
33.606: Application time: 0.0004680 seconds
33.606: Total time for which application threads were stopped: 0.0001130 seconds, Stopping threads took: 0.0000160 seconds
33.608: Application time: 0.0018190 seconds
33.608: Total time for which application threads were stopped: 0.0001450 seconds, Stopping threads took: 0.0000100 seconds
33.608: Application time: 0.0004450 seconds
33.608: Total time for which application threads were stopped: 0.0001140 seconds, Stopping threads took: 0.0000070 seconds
33.609: Application time: 0.0006520 seconds
33.609: Total time for which application threads were stopped: 0.0001310 seconds, Stopping threads took: 0.0000210 seconds
33.611: Application time: 0.0013220 seconds
33.611: Total time for which application threads were stopped: 0.0001380 seconds, Stopping threads took: 0.0000310 seconds
33.611: Application time: 0.0000270 seconds
33.611: Total time for which application threads were stopped: 0.0000960 seconds, Stopping threads took: 0.0000080 seconds
33.611: Application time: 0.0000990 seconds
33.611: Total time for which application threads were stopped: 0.0001090 seconds, Stopping threads took: 0.0000190 seconds
33.612: Application time: 0.0004920 seconds
33.612: Total time for which application threads were stopped: 0.0001090 seconds, Stopping threads took: 0.0000200 seconds
33.612: Application time: 0.0002810 seconds
33.612: Total time for which application threads were stopped: 0.0001560 seconds, Stopping threads took: 0.0000150 seconds
33.616: Application time: 0.0041800 seconds
33.616: Total time for which application threads were stopped: 0.0002620 seconds, Stopping threads took: 0.0000090 seconds
33.617: Application time: 0.0005930 seconds
33.617: Total time for which application threads were stopped: 0.0001830 seconds, Stopping threads took: 0.0000240 seconds
33.617: Application time: 0.0001450 seconds
33.618: Total time for which application threads were stopped: 0.0001790 seconds, Stopping threads took: 0.0000460 seconds
33.618: Application time: 0.0001160 seconds
33.618: Total time for which application threads were stopped: 0.0001220 seconds, Stopping threads took: 0.0000260 seconds
33.618: Application time: 0.0002430 seconds
33.618: Total time for which application threads were stopped: 0.0001090 seconds, Stopping threads took: 0.0000160 seconds
33.618: Application time: 0.0000980 seconds
33.618: Total time for which application threads were stopped: 0.0001140 seconds, Stopping threads took: 0.0000240 seconds
33.618: Application time: 0.0000710 seconds
33.619: Total time for which application threads were stopped: 0.0000980 seconds, Stopping threads took: 0.0000130 seconds
33.619: Application time: 0.0000810 seconds
33.619: Total time for which application threads were stopped: 0.0000980 seconds, Stopping threads took: 0.0000200 seconds
33.619: Application time: 0.0000570 seconds
33.619: Total time for which application threads were stopped: 0.0000880 seconds, Stopping threads took: 0.0000070 seconds
33.619: Application time: 0.0000670 seconds
33.619: Total time for which application threads were stopped: 0.0000940 seconds, Stopping threads took: 0.0000120 seconds
33.619: Application time: 0.0001300 seconds
33.619: Total time for which application threads were stopped: 0.0000970 seconds, Stopping threads took: 0.0000140 seconds
33.620: Application time: 0.0003720 seconds
33.620: Total time for which application threads were stopped: 0.0000860 seconds, Stopping threads took: 0.0000070 seconds
33.620: Application time: 0.0000290 seconds
33.620: Total time for which application threads were stopped: 0.0000960 seconds, Stopping threads took: 0.0000150 seconds
33.620: Application time: 0.0000480 seconds
33.620: Total time for which application threads were stopped: 0.0000930 seconds, Stopping threads took: 0.0000130 seconds
33.620: Application time: 0.0000130 seconds
33.620: Total time for which application threads were stopped: 0.0000890 seconds, Stopping threads took: 0.0000090 seconds
33.620: Application time: 0.0001690 seconds
33.620: Total time for which application threads were stopped: 0.0000960 seconds, Stopping threads took: 0.0000140 seconds
33.620: Application time: 0.0000660 seconds
33.621: Total time for which application threads were stopped: 0.0000920 seconds, Stopping threads took: 0.0000120 seconds
33.621: Application time: 0.0000100 seconds
33.621: Total time for which application threads were stopped: 0.0000910 seconds, Stopping threads took: 0.0000120 seconds
33.621: Application time: 0.0000120 seconds
33.621: Total time for which application threads were stopped: 0.0000910 seconds, Stopping threads took: 0.0000120 seconds
33.621: Application time: 0.0004620 seconds
33.621: Total time for which application threads were stopped: 0.0001030 seconds, Stopping threads took: 0.0000170 seconds
33.622: Application time: 0.0002820 seconds
33.622: Total time for which application threads were stopped: 0.0001130 seconds, Stopping threads took: 0.0000070 seconds
33.622: Application time: 0.0000390 seconds
33.622: Total time for which application threads were stopped: 0.0000980 seconds, Stopping threads took: 0.0000200 seconds
33.624: Application time: 0.0025340 seconds
33.625: Total time for which application threads were stopped: 0.0002860 seconds, Stopping threads took: 0.0000450 seconds
33.625: Application time: 0.0007580 seconds
33.626: Total time for which application threads were stopped: 0.0001590 seconds, Stopping threads took: 0.0000130 seconds
33.626: Application time: 0.0008290 seconds
33.627: Total time for which application threads were stopped: 0.0002190 seconds, Stopping threads took: 0.0000650 seconds
33.627: Application time: 0.0007020 seconds
33.628: Total time for which application threads were stopped: 0.0001640 seconds, Stopping threads took: 0.0000300 seconds
33.629: Application time: 0.0019440 seconds
33.630: Total time for which application threads were stopped: 0.0001860 seconds, Stopping threads took: 0.0000190 seconds
33.630: Application time: 0.0000550 seconds
33.630: Total time for which application threads were stopped: 0.0001310 seconds, Stopping threads took: 0.0000130 seconds
33.631: Application time: 0.0010860 seconds
33.631: Total time for which application threads were stopped: 0.0001360 seconds, Stopping threads took: 0.0000100 seconds
33.632: Application time: 0.0007190 seconds
33.632: Total time for which application threads were stopped: 0.0001280 seconds, Stopping threads took: 0.0000110 seconds
33.632: Application time: 0.0000640 seconds
33.632: Total time for which application threads were stopped: 0.0001380 seconds, Stopping threads took: 0.0000330 seconds
33.636: Application time: 0.0035050 seconds
33.636: Total time for which application threads were stopped: 0.0002410 seconds, Stopping threads took: 0.0000250 seconds
33.636: Application time: 0.0000770 seconds
33.636: Total time for which application threads were stopped: 0.0001270 seconds, Stopping threads took: 0.0000190 seconds
33.639: Application time: 0.0025800 seconds
33.639: Total time for which application threads were stopped: 0.0003030 seconds, Stopping threads took: 0.0000630 seconds
33.641: Application time: 0.0018000 seconds
33.641: Total time for which application threads were stopped: 0.0003120 seconds, Stopping threads took: 0.0001460 seconds
33.641: Application time: 0.0000830 seconds
33.641: Total time for which application threads were stopped: 0.0001530 seconds, Stopping threads took: 0.0000560 seconds
33.642: Application time: 0.0011190 seconds
33.643: Total time for which application threads were stopped: 0.0001770 seconds, Stopping threads took: 0.0000650 seconds
33.643: Application time: 0.0000730 seconds
33.643: Total time for which application threads were stopped: 0.0001390 seconds, Stopping threads took: 0.0000450 seconds
33.643: Application time: 0.0003620 seconds
33.643: Total time for which application threads were stopped: 0.0001590 seconds, Stopping threads took: 0.0000600 seconds
33.644: Application time: 0.0002560 seconds
33.644: Total time for which application threads were stopped: 0.0001470 seconds, Stopping threads took: 0.0000610 seconds
33.644: Application time: 0.0000510 seconds
33.644: Total time for which application threads were stopped: 0.0001410 seconds, Stopping threads took: 0.0000610 seconds
33.720: Application time: 0.0763930 seconds
33.722: Total time for which application threads were stopped: 0.0017500 seconds, Stopping threads took: 0.0012050 seconds
33.726: Application time: 0.0036030 seconds
33.726: Total time for which application threads were stopped: 0.0005010 seconds, Stopping threads took: 0.0000520 seconds
33.727: Application time: 0.0009950 seconds
33.728: Total time for which application threads were stopped: 0.0003180 seconds, Stopping threads took: 0.0000520 seconds
33.728: Application time: 0.0001790 seconds
33.728: Total time for which application threads were stopped: 0.0002080 seconds, Stopping threads took: 0.0000300 seconds
33.728: Application time: 0.0005370 seconds
33.729: Total time for which application threads were stopped: 0.0002140 seconds, Stopping threads took: 0.0000440 seconds
33.729: Application time: 0.0001570 seconds
33.729: Total time for which application threads were stopped: 0.0001880 seconds, Stopping threads took: 0.0000560 seconds
33.729: Application time: 0.0001310 seconds
33.729: Total time for which application threads were stopped: 0.0002500 seconds, Stopping threads took: 0.0000640 seconds
33.754: Application time: 0.0246990 seconds
33.755: [GC [PSYoungGen: 161277K->23022K(161280K)] 389721K->273938K(529408K), 0.0169350 secs] [Times: user=0.12 sys=0.01, real=0.01 secs] 
33.772: Total time for which application threads were stopped: 0.0176140 seconds, Stopping threads took: 0.0000680 seconds
33.773: Application time: 0.0008800 seconds
33.773: Total time for which application threads were stopped: 0.0005750 seconds, Stopping threads took: 0.0001000 seconds
34.138: Application time: 0.3643580 seconds
34.138: [GC [PSYoungGen: 161262K->23022K(161280K)] 412178K->280714K(529408K), 0.0128360 secs] [Times: user=0.08 sys=0.01, real=0.01 secs] 
34.151: Total time for which application threads were stopped: 0.0135530 seconds, Stopping threads took: 0.0000610 seconds
34.300: Application time: 0.1484260 seconds
34.300: [GC [PSYoungGen: 161262K->23022K(161280K)] 418954K->286693K(529408K), 0.0120120 secs] [Times: user=0.09 sys=0.00, real=0.01 secs] 
34.312: Total time for which application threads were stopped: 0.0126990 seconds, Stopping threads took: 0.0001070 seconds
34.377: Application time: 0.0648400 seconds
34.378: Total time for which application threads were stopped: 0.0006360 seconds, Stopping threads took: 0.0000810 seconds
34.393: Application time: 0.0152460 seconds
34.394: Total time for which application threads were stopped: 0.0006110 seconds, Stopping threads took: 0.0000810 seconds
34.399: Application time: 0.0058650 seconds
34.400: Total time for which application threads were stopped: 0.0006820 seconds, Stopping threads took: 0.0001130 seconds
34.406: Application time: 0.0054470 seconds
34.406: [GC [PSYoungGen: 161262K->23039K(161280K)] 424933K->292587K(529408K), 0.0115930 secs] [Times: user=0.08 sys=0.00, real=0.01 secs] 
34.418: Total time for which application threads were stopped: 0.0123170 seconds, Stopping threads took: 0.0001050 seconds
34.507: Application time: 0.0890150 seconds
34.508: [GC [PSYoungGen: 161279K->23022K(161280K)] 430827K->298900K(529408K), 0.0113080 secs] [Times: user=0.09 sys=0.00, real=0.01 secs] 
34.519: Total time for which application threads were stopped: 0.0119950 seconds, Stopping threads took: 0.0000630 seconds
34.554: Application time: 0.0355310 seconds
34.555: [GC [PSYoungGen: 161262K->23031K(161280K)] 437140K->304859K(529408K), 0.0113600 secs] [Times: user=0.09 sys=0.00, real=0.01 secs] 
34.566: Total time for which application threads were stopped: 0.0120070 seconds, Stopping threads took: 0.0000470 seconds
34.596: Application time: 0.0291180 seconds
34.597: Total time for which application threads were stopped: 0.0018880 seconds, Stopping threads took: 0.0013600 seconds
34.604: Application time: 0.0066880 seconds
34.605: [GC [PSYoungGen: 161271K->23031K(161280K)] 443099K->312097K(529408K), 0.0116280 secs] [Times: user=0.09 sys=0.00, real=0.02 secs] 
34.616: Total time for which application threads were stopped: 0.0122600 seconds, Stopping threads took: 0.0000520 seconds
34.651: Application time: 0.0349370 seconds
34.652: [GC [PSYoungGen: 161271K->23031K(161280K)] 450337K->319324K(529408K), 0.0117460 secs] [Times: user=0.09 sys=0.00, real=0.01 secs] 
34.664: Total time for which application threads were stopped: 0.0124370 seconds, Stopping threads took: 0.0000540 seconds
34.699: Application time: 0.0355440 seconds
34.700: [GC [PSYoungGen: 161271K->23015K(161280K)] 457564K->325212K(529408K), 0.0113640 secs] [Times: user=0.08 sys=0.01, real=0.01 secs] 
34.711: Total time for which application threads were stopped: 0.0120130 seconds, Stopping threads took: 0.0000650 seconds
34.744: Application time: 0.0327650 seconds
34.745: Total time for which application threads were stopped: 0.0005860 seconds, Stopping threads took: 0.0000370 seconds
34.746: Application time: 0.0009200 seconds
34.746: [GC [PSYoungGen: 161255K->23031K(161280K)] 463452K->331838K(529408K), 0.0114300 secs] [Times: user=0.09 sys=0.00, real=0.01 secs] 
34.758: Total time for which application threads were stopped: 0.0119180 seconds, Stopping threads took: 0.0000350 seconds
34.791: Application time: 0.0334180 seconds
34.792: [GC [PSYoungGen: 161271K->23031K(161280K)] 470078K->338356K(529408K), 0.0113060 secs] [Times: user=0.09 sys=0.00, real=0.01 secs] 
34.803: Total time for which application threads were stopped: 0.0119440 seconds, Stopping threads took: 0.0000470 seconds
34.840: Application time: 0.0371810 seconds
34.841: [GC [PSYoungGen: 161271K->23031K(161280K)] 476596K->345838K(529408K), 0.0121850 secs] [Times: user=0.09 sys=0.00, real=0.01 secs] 
34.853: Total time for which application threads were stopped: 0.0129030 seconds, Stopping threads took: 0.0000660 seconds
34.877: Application time: 0.0240520 seconds
34.878: Total time for which application threads were stopped: 0.0006870 seconds, Stopping threads took: 0.0000520 seconds
34.893: Application time: 0.0155580 seconds
34.894: [GC [PSYoungGen: 161271K->23015K(161280K)] 484078K->352752K(529408K), 0.0124860 secs] [Times: user=0.09 sys=0.00, real=0.01 secs] 
34.906: Total time for which application threads were stopped: 0.0131680 seconds, Stopping threads took: 0.0000570 seconds
34.948: Application time: 0.0411700 seconds
34.948: [GC [PSYoungGen: 161255K->23015K(161280K)] 490992K->360369K(529408K), 0.0115920 secs] [Times: user=0.09 sys=0.00, real=0.01 secs] 
34.960: Total time for which application threads were stopped: 0.0122580 seconds, Stopping threads took: 0.0000540 seconds
34.992: Application time: 0.0325360 seconds
34.993: [GC [PSYoungGen: 161255K->23031K(161280K)] 498609K->366000K(529408K), 0.0115720 secs] [Times: user=0.09 sys=0.00, real=0.01 secs] 
35.005: Total time for which application threads were stopped: 0.0122290 seconds, Stopping threads took: 0.0000510 seconds
35.039: Application time: 0.0343710 seconds
35.040: [GC [PSYoungGen: 161271K->23015K(161280K)] 504240K->373031K(529408K), 0.0118560 secs] [Times: user=0.10 sys=0.00, real=0.01 secs] 
35.052: Total time for which application threads were stopped: 0.0125000 seconds, Stopping threads took: 0.0000500 seconds
35.085: Application time: 0.0337020 seconds
35.086: [GC [PSYoungGen: 161255K->23014K(161280K)] 511271K->381250K(529408K), 0.0120490 secs] [Times: user=0.09 sys=0.00, real=0.01 secs] 
35.098: [Full GC [PSYoungGen: 23014K->0K(161280K)] [ParOldGen: 358235K->336628K(368128K)] 381250K->336628K(529408K) [PSPermGen: 13536K->13527K(24576K)], 0.1860860 secs] [Times: user=1.31 sys=0.01, real=0.18 secs] 
35.284: Total time for which application threads were stopped: 0.1990540 seconds, Stopping threads took: 0.0002520 seconds
35.318: Application time: 0.0338950 seconds
35.319: [GC [PSYoungGen: 138240K->7010K(161280K)] 474868K->343639K(529408K), 0.0034950 secs] [Times: user=0.03 sys=0.00, real=0.00 secs] 
35.322: Total time for which application threads were stopped: 0.0041750 seconds, Stopping threads took: 0.0000530 seconds
35.356: Application time: 0.0338310 seconds
35.357: [GC [PSYoungGen: 145250K->16229K(161280K)] 481879K->352858K(529408K), 0.0061400 secs] [Times: user=0.05 sys=0.00, real=0.00 secs] 
35.363: Total time for which application threads were stopped: 0.0067870 seconds, Stopping threads took: 0.0000440 seconds
35.398: Application time: 0.0348730 seconds
35.399: [GC [PSYoungGen: 154469K->23016K(161280K)] 491098K->361414K(529408K), 0.0085050 secs] [Times: user=0.07 sys=0.00, real=0.01 secs] 
35.407: Total time for which application threads were stopped: 0.0092100 seconds, Stopping threads took: 0.0000790 seconds
35.440: Application time: 0.0329840 seconds
35.441: [GC [PSYoungGen: 161256K->23015K(161280K)] 499654K->364863K(529408K), 0.0092390 secs] [Times: user=0.07 sys=0.00, real=0.01 secs] 
35.450: Total time for which application threads were stopped: 0.0099010 seconds, Stopping threads took: 0.0000590 seconds
35.483: Application time: 0.0330230 seconds
35.484: [GC [PSYoungGen: 161255K->23015K(161280K)] 503103K->369889K(529408K), 0.0101210 secs] [Times: user=0.08 sys=0.00, real=0.02 secs] 
35.494: Total time for which application threads were stopped: 0.0107670 seconds, Stopping threads took: 0.0000550 seconds
35.526: Application time: 0.0323330 seconds
35.527: [GC [PSYoungGen: 161255K->23015K(161280K)] 508129K->376593K(529408K), 0.0108070 secs] [Times: user=0.08 sys=0.00, real=0.01 secs] 
35.538: Total time for which application threads were stopped: 0.0114380 seconds, Stopping threads took: 0.0000430 seconds
35.571: Application time: 0.0330070 seconds
35.571: [GC [PSYoungGen: 161255K->23015K(161280K)] 514833K->384764K(529408K), 0.0110860 secs] [Times: user=0.08 sys=0.00, real=0.01 secs] 
35.582: [Full GC [PSYoungGen: 23015K->9690K(161280K)] [ParOldGen: 361748K->367831K(368128K)] 384764K->377521K(529408K) [PSPermGen: 13554K->13553K(24576K)], 0.2672740 secs] [Times: user=2.00 sys=0.00, real=0.27 secs] 
35.850: Total time for which application threads were stopped: 0.2790730 seconds, Stopping threads took: 0.0000440 seconds
35.865: Application time: 0.0150000 seconds
35.865: Total time for which application threads were stopped: 0.0007110 seconds, Stopping threads took: 0.0000820 seconds
35.877: Application time: 0.0115300 seconds
35.878: Total time for which application threads were stopped: 0.0006540 seconds, Stopping threads took: 0.0000670 seconds
35.886: Application time: 0.0081480 seconds
35.886: [Full GC [PSYoungGen: 147930K->15644K(161280K)] [ParOldGen: 367831K->368057K(368128K)] 515761K->383701K(529408K) [PSPermGen: 13554K->13554K(24064K)], 0.2260760 secs] [Times: user=1.69 sys=0.00, real=0.22 secs] 
36.112: Total time for which application threads were stopped: 0.2267480 seconds, Stopping threads took: 0.0000740 seconds
36.145: Application time: 0.0322160 seconds
36.145: [Full GC [PSYoungGen: 138240K->20584K(161280K)] [ParOldGen: 368057K->368030K(368128K)] 506297K->388615K(529408K) [PSPermGen: 13564K->13564K(23040K)], 0.2110910 secs] [Times: user=1.57 sys=0.00, real=0.22 secs] 
36.357: Total time for which application threads were stopped: 0.2118290 seconds, Stopping threads took: 0.0000900 seconds
36.358: Application time: 0.0016040 seconds
36.359: Total time for which application threads were stopped: 0.0006400 seconds, Stopping threads took: 0.0001340 seconds
36.385: Application time: 0.0266400 seconds
36.386: [Full GC [PSYoungGen: 138240K->25589K(161280K)] [ParOldGen: 368030K->368014K(368128K)] 506270K->393603K(529408K) [PSPermGen: 13564K->13564K(22528K)], 0.2117660 secs] [Times: user=1.54 sys=0.04, real=0.21 secs] 
36.598: Total time for which application threads were stopped: 0.2124570 seconds, Stopping threads took: 0.0000660 seconds
36.625: Application time: 0.0274580 seconds
36.626: [Full GC [PSYoungGen: 138240K->28118K(161280K)] [ParOldGen: 368014K->368012K(368128K)] 506254K->396130K(529408K) [PSPermGen: 13564K->13564K(21504K)], 0.2115720 secs] [Times: user=1.57 sys=0.00, real=0.21 secs] 
36.838: Total time for which application threads were stopped: 0.2122230 seconds, Stopping threads took: 0.0000540 seconds
36.865: Application time: 0.0275790 seconds
36.866: [Full GC [PSYoungGen: 138240K->29853K(161280K)] [ParOldGen: 368012K->367993K(368128K)] 506252K->397846K(529408K) [PSPermGen: 13564K->13564K(21504K)], 0.2058400 secs] [Times: user=1.53 sys=0.01, real=0.20 secs] 
37.072: Total time for which application threads were stopped: 0.2065500 seconds, Stopping threads took: 0.0000560 seconds
37.092: Application time: 0.0200570 seconds
37.092: Total time for which application threads were stopped: 0.0006250 seconds, Stopping threads took: 0.0000850 seconds
37.111: Application time: 0.0181580 seconds
37.111: [Full GC [PSYoungGen: 138240K->31931K(161280K)] [ParOldGen: 367993K->367775K(368128K)] 506233K->399706K(529408K) [PSPermGen: 13568K->13568K(21504K)], 0.2460290 secs] [Times: user=1.83 sys=0.01, real=0.25 secs] 
37.357: Total time for which application threads were stopped: 0.2467040 seconds, Stopping threads took: 0.0000850 seconds
37.385: Application time: 0.0282260 seconds
37.386: [Full GC [PSYoungGen: 138240K->33450K(161280K)] [ParOldGen: 367775K->367727K(368128K)] 506015K->401178K(529408K) [PSPermGen: 13568K->13568K(21504K)], 0.2177540 secs] [Times: user=1.61 sys=0.01, real=0.21 secs] 
37.604: Total time for which application threads were stopped: 0.2184470 seconds, Stopping threads took: 0.0000840 seconds
37.616: Application time: 0.0117150 seconds
37.616: Total time for which application threads were stopped: 0.0006060 seconds, Stopping threads took: 0.0001160 seconds
37.646: Application time: 0.0293800 seconds
37.646: [Full GC [PSYoungGen: 138240K->33876K(161280K)] [ParOldGen: 367727K->367804K(368128K)] 505967K->401681K(529408K) [PSPermGen: 13569K->13569K(21504K)], 0.2965430 secs] [Times: user=2.23 sys=0.00, real=0.29 secs] 
37.943: Total time for which application threads were stopped: 0.2972820 seconds, Stopping threads took: 0.0000730 seconds
37.950: Application time: 0.0066200 seconds
37.950: Total time for which application threads were stopped: 0.0006090 seconds, Stopping threads took: 0.0001010 seconds
37.950: Application time: 0.0000370 seconds
37.950: Total time for which application threads were stopped: 0.0001880 seconds, Stopping threads took: 0.0000240 seconds
37.950: Application time: 0.0000400 seconds
37.951: Total time for which application threads were stopped: 0.0001450 seconds, Stopping threads took: 0.0000190 seconds
37.988: Application time: 0.0371590 seconds
37.988: [Full GC [PSYoungGen: 138240K->33943K(161280K)] [ParOldGen: 367804K->367649K(368128K)] 506044K->401593K(529408K) [PSPermGen: 13570K->13570K(21504K)], 0.1677860 secs] [Times: user=1.24 sys=0.01, real=0.17 secs] 
38.156: Total time for which application threads were stopped: 0.1685430 seconds, Stopping threads took: 0.0000920 seconds
38.157: Application time: 0.0006890 seconds
38.158: Total time for which application threads were stopped: 0.0007830 seconds, Stopping threads took: 0.0000760 seconds
38.187: Application time: 0.0292880 seconds
38.188: [Full GC [PSYoungGen: 138240K->33960K(161280K)] [ParOldGen: 367649K->367633K(368128K)] 505889K->401594K(529408K) [PSPermGen: 13570K->13570K(21504K)], 0.1276250 secs] [Times: user=0.94 sys=0.00, real=0.13 secs] 
38.315: Total time for which application threads were stopped: 0.1283940 seconds, Stopping threads took: 0.0000960 seconds
38.341: Application time: 0.0253050 seconds
38.341: [Full GC [PSYoungGen: 138240K->33980K(161280K)] [ParOldGen: 367633K->367631K(368128K)] 505873K->401611K(529408K) [PSPermGen: 13570K->13570K(21504K)], 0.1065360 secs] [Times: user=0.77 sys=0.00, real=0.11 secs] 
38.448: Total time for which application threads were stopped: 0.1072420 seconds, Stopping threads took: 0.0000750 seconds
38.473: Application time: 0.0251420 seconds
38.474: [Full GC [PSYoungGen: 138240K->33998K(161280K)] [ParOldGen: 367631K->367628K(368128K)] 505871K->401627K(529408K) [PSPermGen: 13570K->13570K(21504K)], 0.1069530 secs] [Times: user=0.78 sys=0.01, real=0.10 secs] 
38.581: Total time for which application threads were stopped: 0.1076350 seconds, Stopping threads took: 0.0000650 seconds
38.606: Application time: 0.0250480 seconds
38.606: [Full GC [PSYoungGen: 138240K->34014K(161280K)] [ParOldGen: 367628K->367626K(368128K)] 505868K->401640K(529408K) [PSPermGen: 13570K->13570K(21504K)], 0.1043310 secs] [Times: user=0.76 sys=0.00, real=0.10 secs] 
38.711: Total time for which application threads were stopped: 0.1050310 seconds, Stopping threads took: 0.0000730 seconds
38.737: Application time: 0.0258250 seconds
38.737: [Full GC [PSYoungGen: 138240K->34033K(161280K)] [ParOldGen: 367626K->367623K(368128K)] 505866K->401656K(529408K) [PSPermGen: 13570K->13570K(21504K)], 0.1043850 secs] [Times: user=0.76 sys=0.00, real=0.10 secs] 
38.842: Total time for which application threads were stopped: 0.1050840 seconds, Stopping threads took: 0.0000640 seconds
38.867: Application time: 0.0248960 seconds
38.867: [Full GC [PSYoungGen: 138240K->34049K(161280K)] [ParOldGen: 367623K->367621K(368128K)] 505863K->401670K(529408K) [PSPermGen: 13570K->13570K(21504K)], 0.1083980 secs] [Times: user=0.78 sys=0.00, real=0.11 secs] 
38.976: Total time for which application threads were stopped: 0.1090860 seconds, Stopping threads took: 0.0000820 seconds
39.003: Application time: 0.0273920 seconds
39.004: [Full GC [PSYoungGen: 138240K->34067K(161280K)] [ParOldGen: 367621K->367618K(368128K)] 505861K->401686K(529408K) [PSPermGen: 13570K->13570K(21504K)], 0.1006040 secs] [Times: user=0.73 sys=0.00, real=0.10 secs] 
39.104: Total time for which application threads were stopped: 0.1013080 seconds, Stopping threads took: 0.0000760 seconds
39.130: Application time: 0.0259410 seconds
39.131: [Full GC [PSYoungGen: 138240K->34082K(161280K)] [ParOldGen: 367618K->367616K(368128K)] 505858K->401698K(529408K) [PSPermGen: 13570K->13570K(21504K)], 0.1002170 secs] [Times: user=0.72 sys=0.00, real=0.10 secs] 
39.231: Total time for which application threads were stopped: 0.1009110 seconds, Stopping threads took: 0.0000910 seconds
39.257: Application time: 0.0252610 seconds
39.257: [Full GC [PSYoungGen: 138240K->34101K(161280K)] [ParOldGen: 367616K->367613K(368128K)] 505856K->401715K(529408K) [PSPermGen: 13570K->13570K(21504K)], 0.0835020 secs] [Times: user=0.60 sys=0.00, real=0.08 secs] 
39.341: Total time for which application threads were stopped: 0.0842120 seconds, Stopping threads took: 0.0000630 seconds
39.366: Application time: 0.0252870 seconds
39.367: [Full GC [PSYoungGen: 138240K->34120K(161280K)] [ParOldGen: 367613K->367611K(368128K)] 505853K->401731K(529408K) [PSPermGen: 13570K->13570K(21504K)], 0.0950570 secs] [Times: user=0.69 sys=0.00, real=0.09 secs] 
39.462: Total time for which application threads were stopped: 0.0957180 seconds, Stopping threads took: 0.0000630 seconds
39.487: Application time: 0.0250740 seconds
39.488: [Full GC [PSYoungGen: 138240K->34136K(161280K)] [ParOldGen: 367611K->367608K(368128K)] 505851K->401745K(529408K) [PSPermGen: 13570K->13570K(21504K)], 0.0844010 secs] [Times: user=0.60 sys=0.00, real=0.08 secs] 
39.572: Total time for which application threads were stopped: 0.0850730 seconds, Stopping threads took: 0.0000420 seconds
39.597: Application time: 0.0254020 seconds
39.598: [Full GC [PSYoungGen: 138240K->34153K(161280K)] [ParOldGen: 367608K->367606K(368128K)] 505848K->401759K(529408K) [PSPermGen: 13570K->13570K(21504K)], 0.0842830 secs] [Times: user=0.60 sys=0.00, real=0.08 secs] 
39.682: Total time for which application threads were stopped: 0.0850030 seconds, Stopping threads took: 0.0000900 seconds
39.708: Application time: 0.0252210 seconds
39.708: [Full GC [PSYoungGen: 138240K->33646K(161280K)] [ParOldGen: 367606K->368126K(368128K)] 505846K->401772K(529408K) [PSPermGen: 13570K->13570K(21504K)], 0.1063330 secs] [Times: user=0.78 sys=0.00, real=0.11 secs] 
39.815: Total time for which application threads were stopped: 0.1070080 seconds, Stopping threads took: 0.0000800 seconds
39.841: Application time: 0.0260120 seconds
39.841: [Full GC [PSYoungGen: 138240K->33666K(161280K)] [ParOldGen: 368126K->368123K(368128K)] 506366K->401790K(529408K) [PSPermGen: 13570K->13570K(21504K)], 0.0846200 secs] [Times: user=0.61 sys=0.00, real=0.09 secs] 
39.926: Total time for which application threads were stopped: 0.0853240 seconds, Stopping threads took: 0.0000560 seconds
39.951: Application time: 0.0255340 seconds
39.952: [Full GC [PSYoungGen: 138240K->33682K(161280K)] [ParOldGen: 368123K->368121K(368128K)] 506363K->401803K(529408K) [PSPermGen: 13570K->13570K(21504K)], 0.0856240 secs] [Times: user=0.61 sys=0.00, real=0.09 secs] 
40.038: Total time for which application threads were stopped: 0.0863090 seconds, Stopping threads took: 0.0000760 seconds
40.069: Application time: 0.0313860 seconds
40.070: [Full GC [PSYoungGen: 138240K->33702K(161280K)] [ParOldGen: 368121K->368118K(368128K)] 506361K->401821K(529408K) [PSPermGen: 13570K->13570K(21504K)], 0.0862010 secs] [Times: user=0.61 sys=0.01, real=0.09 secs] 
40.156: Total time for which application threads were stopped: 0.0870500 seconds, Stopping threads took: 0.0000820 seconds
40.184: Application time: 0.0275690 seconds
40.184: [Full GC [PSYoungGen: 138240K->33719K(161280K)] [ParOldGen: 368118K->368116K(368128K)] 506358K->401835K(529408K) [PSPermGen: 13570K->13570K(21504K)], 0.0848350 secs] [Times: user=0.61 sys=0.00, real=0.09 secs] 
40.269: Total time for which application threads were stopped: 0.0855370 seconds, Stopping threads took: 0.0000720 seconds
40.294: Application time: 0.0249640 seconds
40.295: [Full GC [PSYoungGen: 138240K->33731K(161280K)] [ParOldGen: 368116K->368113K(368128K)] 506356K->401844K(529408K) [PSPermGen: 13570K->13570K(21504K)], 0.0855920 secs] [Times: user=0.61 sys=0.00, real=0.08 secs] 
40.381: Total time for which application threads were stopped: 0.0862300 seconds, Stopping threads took: 0.0000810 seconds
40.406: Application time: 0.0252530 seconds
40.406: [Full GC [PSYoungGen: 138240K->33754K(161280K)] [ParOldGen: 368113K->368111K(368128K)] 506353K->401865K(529408K) [PSPermGen: 13570K->13570K(21504K)], 0.0865360 secs] [Times: user=0.62 sys=0.00, real=0.08 secs] 
40.493: Total time for which application threads were stopped: 0.0872150 seconds, Stopping threads took: 0.0000460 seconds
40.519: Application time: 0.0259690 seconds
40.520: [Full GC [PSYoungGen: 138240K->33770K(161280K)] [ParOldGen: 368111K->368108K(368128K)] 506351K->401879K(529408K) [PSPermGen: 13570K->13570K(21504K)], 0.0857050 secs] [Times: user=0.62 sys=0.00, real=0.08 secs] 
40.605: Total time for which application threads were stopped: 0.0864130 seconds, Stopping threads took: 0.0000620 seconds
40.631: Application time: 0.0250940 seconds
40.631: [Full GC [PSYoungGen: 138240K->33785K(161280K)] [ParOldGen: 368108K->368106K(368128K)] 506348K->401891K(529408K) [PSPermGen: 13570K->13570K(21504K)], 0.0752710 secs] [Times: user=0.53 sys=0.00, real=0.08 secs] 
40.706: Total time for which application threads were stopped: 0.0758730 seconds, Stopping threads took: 0.0000570 seconds
40.732: Application time: 0.0257310 seconds
40.733: [Full GC [PSYoungGen: 138240K->33806K(161280K)] [ParOldGen: 368106K->368103K(368128K)] 506346K->401909K(529408K) [PSPermGen: 13570K->13570K(21504K)], 0.0775970 secs] [Times: user=0.55 sys=0.00, real=0.08 secs] 
40.810: Total time for which application threads were stopped: 0.0782130 seconds, Stopping threads took: 0.0000180 seconds
40.840: Application time: 0.0299280 seconds
40.841: [Full GC [PSYoungGen: 138240K->33824K(161280K)] [ParOldGen: 368103K->368101K(368128K)] 506343K->401925K(529408K) [PSPermGen: 13570K->13570K(21504K)], 0.0750920 secs] [Times: user=0.53 sys=0.00, real=0.08 secs] 
40.916: Total time for which application threads were stopped: 0.0758270 seconds, Stopping threads took: 0.0001200 seconds
40.947: Application time: 0.0305340 seconds
40.947: [Full GC [PSYoungGen: 138240K->33838K(161280K)] [ParOldGen: 368101K->368098K(368128K)] 506341K->401937K(529408K) [PSPermGen: 13583K->13583K(21504K)], 0.0743220 secs] [Times: user=0.53 sys=0.00, real=0.07 secs] 
41.022: Total time for which application threads were stopped: 0.0750230 seconds, Stopping threads took: 0.0000820 seconds
41.050: Application time: 0.0283620 seconds
41.051: [Full GC [PSYoungGen: 138240K->33853K(161280K)] [ParOldGen: 368098K->368096K(368128K)] 506338K->401950K(529408K) [PSPermGen: 13583K->13583K(21504K)], 0.0772860 secs] [Times: user=0.55 sys=0.00, real=0.08 secs] 
41.128: Total time for which application threads were stopped: 0.0780670 seconds, Stopping threads took: 0.0000910 seconds
41.154: Application time: 0.0262140 seconds
41.155: [Full GC [PSYoungGen: 138240K->33873K(161280K)] [ParOldGen: 368096K->368093K(368128K)] 506336K->401967K(529408K) [PSPermGen: 13583K->13583K(21504K)], 0.0749000 secs] [Times: user=0.53 sys=0.00, real=0.07 secs] 
41.230: Total time for which application threads were stopped: 0.0756020 seconds, Stopping threads took: 0.0000690 seconds
41.255: Application time: 0.0254050 seconds
41.256: [Full GC [PSYoungGen: 138240K->33890K(161280K)] [ParOldGen: 368093K->368091K(368128K)] 506333K->401981K(529408K) [PSPermGen: 13583K->13583K(21504K)], 0.0749910 secs] [Times: user=0.53 sys=0.00, real=0.07 secs] 
41.331: Total time for which application threads were stopped: 0.0756170 seconds, Stopping threads took: 0.0000590 seconds
41.356: Application time: 0.0248820 seconds
41.356: [Full GC [PSYoungGen: 138240K->33908K(161280K)] [ParOldGen: 368091K->368089K(368128K)] 506331K->401997K(529408K) [PSPermGen: 13583K->13583K(21504K)], 0.0902310 secs] [Times: user=0.65 sys=0.00, real=0.09 secs] 
41.447: Total time for which application threads were stopped: 0.0908790 seconds, Stopping threads took: 0.0000930 seconds
41.471: Application time: 0.0246940 seconds
41.472: [Full GC [PSYoungGen: 138240K->33918K(161280K)] [ParOldGen: 368089K->368088K(368128K)] 506329K->402007K(529408K) [PSPermGen: 13583K->13583K(21504K)], 0.0832350 secs] [Times: user=0.60 sys=0.00, real=0.09 secs] 
41.555: Total time for which application threads were stopped: 0.0839620 seconds, Stopping threads took: 0.0000750 seconds
41.580: Application time: 0.0242770 seconds
41.580: [Full GC [PSYoungGen: 138240K->33940K(161280K)] [ParOldGen: 368088K->368088K(368128K)] 506328K->402028K(529408K) [PSPermGen: 13583K->13583K(21504K)], 0.0966180 secs] [Times: user=0.69 sys=0.00, real=0.10 secs] 
41.677: Total time for which application threads were stopped: 0.0972260 seconds, Stopping threads took: 0.0000560 seconds
41.702: Application time: 0.0247740 seconds
41.702: [Full GC [PSYoungGen: 138240K->33957K(161280K)] [ParOldGen: 368088K->368087K(368128K)] 506328K->402045K(529408K) [PSPermGen: 13583K->13583K(21504K)], 0.1007350 secs] [Times: user=0.73 sys=0.00, real=0.10 secs] 
41.803: Total time for which application threads were stopped: 0.1014250 seconds, Stopping threads took: 0.0000730 seconds
41.828: Application time: 0.0250690 seconds
41.829: [Full GC [PSYoungGen: 138240K->33975K(161280K)] [ParOldGen: 368087K->368087K(368128K)] 506327K->402063K(529408K) [PSPermGen: 13583K->13583K(21504K)], 0.0923190 secs] [Times: user=0.67 sys=0.00, real=0.09 secs] 
41.921: Total time for which application threads were stopped: 0.0930330 seconds, Stopping threads took: 0.0000750 seconds
41.947: Application time: 0.0256890 seconds
41.947: [Full GC [PSYoungGen: 138240K->33990K(161280K)] [ParOldGen: 368087K->368087K(368128K)] 506327K->402078K(529408K) [PSPermGen: 13583K->13583K(21504K)], 0.0810970 secs] [Times: user=0.58 sys=0.00, real=0.08 secs] 
42.029: Total time for which application threads were stopped: 0.0817110 seconds, Stopping threads took: 0.0000590 seconds
42.057: Application time: 0.0286330 seconds
42.058: [Full GC [PSYoungGen: 138240K->33948K(161280K)] [ParOldGen: 368087K->368087K(368128K)] 506327K->402036K(529408K) [PSPermGen: 13583K->13583K(21504K)], 0.0796930 secs] [Times: user=0.56 sys=0.00, real=0.08 secs] 
42.138: Total time for which application threads were stopped: 0.0804310 seconds, Stopping threads took: 0.0000780 seconds
42.142: Application time: 0.0041150 seconds
42.142: Total time for which application threads were stopped: 0.0006020 seconds, Stopping threads took: 0.0000770 seconds
42.167: Application time: 0.0250080 seconds
42.168: [Full GC [PSYoungGen: 138240K->33948K(161280K)] [ParOldGen: 368087K->368087K(368128K)] 506327K->402036K(529408K) [PSPermGen: 13583K->13583K(21504K)], 0.0750330 secs] [Times: user=0.54 sys=0.00, real=0.07 secs] 
42.243: Total time for which application threads were stopped: 0.0757630 seconds, Stopping threads took: 0.0000980 seconds
42.273: Application time: 0.0294900 seconds
42.273: [Full GC [PSYoungGen: 138240K->33798K(161280K)] [ParOldGen: 368087K->368087K(368128K)] 506327K->401886K(529408K) [PSPermGen: 13583K->13583K(21504K)], 0.0767350 secs] [Times: user=0.55 sys=0.00, real=0.08 secs] 
42.350: Total time for which application threads were stopped: 0.0774830 seconds, Stopping threads took: 0.0000840 seconds
42.351: Application time: 0.0013250 seconds
42.352: Total time for which application threads were stopped: 0.0006930 seconds, Stopping threads took: 0.0000730 seconds
42.352: Application time: 0.0000680 seconds
42.352: Total time for which application threads were stopped: 0.0002290 seconds, Stopping threads took: 0.0000530 seconds
42.353: Application time: 0.0000330 seconds
42.353: Total time for which application threads were stopped: 0.0001230 seconds, Stopping threads took: 0.0000290 seconds
42.364: Application time: 0.0112110 seconds
42.365: Total time for which application threads were stopped: 0.0006460 seconds, Stopping threads took: 0.0001180 seconds
42.377: Application time: 0.0123170 seconds
42.377: [Full GC [PSYoungGen: 138240K->33652K(161280K)] [ParOldGen: 368087K->368087K(368128K)] 506327K->401740K(529408K) [PSPermGen: 13584K->13583K(21504K)], 0.0732040 secs] [Times: user=0.52 sys=0.00, real=0.07 secs] 
42.451: Total time for which application threads were stopped: 0.0738850 seconds, Stopping threads took: 0.0000640 seconds
42.451: Application time: 0.0002390 seconds
42.452: Total time for which application threads were stopped: 0.0006390 seconds, Stopping threads took: 0.0000610 seconds
42.452: Application time: 0.0000230 seconds
42.452: Total time for which application threads were stopped: 0.0001270 seconds, Stopping threads took: 0.0000390 seconds
42.476: Application time: 0.0245060 seconds
42.477: [Full GC [PSYoungGen: 138240K->33530K(161280K)] [ParOldGen: 368087K->368087K(368128K)] 506327K->401618K(529408K) [PSPermGen: 13583K->13583K(21504K)], 0.0748520 secs] [Times: user=0.53 sys=0.00, real=0.07 secs] 
42.552: Total time for which application threads were stopped: 0.0754810 seconds, Stopping threads took: 0.0000820 seconds
42.552: Application time: 0.0003780 seconds
42.553: Total time for which application threads were stopped: 0.0005630 seconds, Stopping threads took: 0.0000500 seconds
42.553: Application time: 0.0000480 seconds
42.553: Total time for which application threads were stopped: 0.0003240 seconds, Stopping threads took: 0.0000920 seconds
42.577: Application time: 0.0239330 seconds
42.578: [Full GC [PSYoungGen: 138240K->33514K(161280K)] [ParOldGen: 368087K->368087K(368128K)] 506327K->401602K(529408K) [PSPermGen: 13586K->13586K(21504K)], 0.0733520 secs] [Times: user=0.52 sys=0.00, real=0.07 secs] 
42.651: Total time for which application threads were stopped: 0.0740950 seconds, Stopping threads took: 0.0000810 seconds
42.676: Application time: 0.0250240 seconds
42.677: [Full GC [PSYoungGen: 138240K->33529K(161280K)] [ParOldGen: 368087K->368087K(368128K)] 506327K->401617K(529408K) [PSPermGen: 13588K->13588K(21504K)], 0.0736950 secs] [Times: user=0.52 sys=0.00, real=0.07 secs] 
42.750: Total time for which application threads were stopped: 0.0743530 seconds, Stopping threads took: 0.0000550 seconds
42.776: Application time: 0.0251170 seconds
42.776: [Full GC [PSYoungGen: 138240K->33540K(161280K)] [ParOldGen: 368087K->368087K(368128K)] 506327K->401628K(529408K) [PSPermGen: 13588K->13588K(21504K)], 0.0731190 secs] [Times: user=0.52 sys=0.00, real=0.07 secs] 
42.849: Total time for which application threads were stopped: 0.0737840 seconds, Stopping threads took: 0.0000670 seconds
42.875: Application time: 0.0251600 seconds
42.875: [Full GC [PSYoungGen: 138240K->33560K(161280K)] [ParOldGen: 368087K->368087K(368128K)] 506327K->401648K(529408K) [PSPermGen: 13588K->13588K(21504K)], 0.0738820 secs] [Times: user=0.52 sys=0.00, real=0.07 secs] 
42.949: Total time for which application threads were stopped: 0.0745620 seconds, Stopping threads took: 0.0000450 seconds
42.976: Application time: 0.0272090 seconds
42.977: [Full GC [PSYoungGen: 138240K->33572K(161280K)] [ParOldGen: 368087K->368087K(368128K)] 506327K->401660K(529408K) [PSPermGen: 13589K->13589K(21504K)], 0.0731890 secs] [Times: user=0.51 sys=0.00, real=0.07 secs] 
43.050: Total time for which application threads were stopped: 0.0738580 seconds, Stopping threads took: 0.0000630 seconds
43.076: Application time: 0.0257360 seconds
43.077: [Full GC [PSYoungGen: 138240K->33589K(161280K)] [ParOldGen: 368087K->368087K(368128K)] 506327K->401677K(529408K) [PSPermGen: 13589K->13589K(21504K)], 0.0752890 secs] [Times: user=0.52 sys=0.00, real=0.07 secs] 
43.152: Total time for which application threads were stopped: 0.0759870 seconds, Stopping threads took: 0.0000700 seconds
43.152: Application time: 0.0000790 seconds
43.153: Total time for which application threads were stopped: 0.0006050 seconds, Stopping threads took: 0.0000850 seconds
43.177: Application time: 0.0245200 seconds
43.178: [Full GC [PSYoungGen: 138240K->33604K(161280K)] [ParOldGen: 368087K->368087K(368128K)] 506327K->401692K(529408K) [PSPermGen: 13589K->13589K(21504K)], 0.0739070 secs] [Times: user=0.52 sys=0.00, real=0.07 secs] 
43.252: Total time for which application threads were stopped: 0.0745420 seconds, Stopping threads took: 0.0000470 seconds
43.276: Application time: 0.0247600 seconds
43.277: [Full GC [PSYoungGen: 138240K->33618K(161280K)] [ParOldGen: 368087K->368087K(368128K)] 506327K->401706K(529408K) [PSPermGen: 13589K->13589K(21504K)], 0.0740260 secs] [Times: user=0.52 sys=0.00, real=0.07 secs] 
43.351: Total time for which application threads were stopped: 0.0747330 seconds, Stopping threads took: 0.0000790 seconds
43.376: Application time: 0.0248870 seconds
43.377: [Full GC [PSYoungGen: 138240K->33634K(161280K)] [ParOldGen: 368087K->368087K(368128K)] 506327K->401722K(529408K) [PSPermGen: 13589K->13589K(21504K)], 0.0773530 secs] [Times: user=0.54 sys=0.00, real=0.08 secs] 
43.454: Total time for which application threads were stopped: 0.0779840 seconds, Stopping threads took: 0.0000760 seconds
43.479: Application time: 0.0247330 seconds
43.479: [Full GC [PSYoungGen: 138240K->33649K(161280K)] [ParOldGen: 368087K->368087K(368128K)] 506327K->401737K(529408K) [PSPermGen: 13590K->13590K(21504K)], 0.0749380 secs] [Times: user=0.53 sys=0.00, real=0.08 secs] 
43.554: Total time for which application threads were stopped: 0.0756490 seconds, Stopping threads took: 0.0000880 seconds
43.579: Application time: 0.0247750 seconds
43.580: [Full GC [PSYoungGen: 138240K->33663K(161280K)] [ParOldGen: 368087K->368087K(368128K)] 506327K->401751K(529408K) [PSPermGen: 13592K->13592K(21504K)], 0.0746020 secs] [Times: user=0.53 sys=0.00, real=0.08 secs] 
43.655: Total time for which application threads were stopped: 0.0753160 seconds, Stopping threads took: 0.0000560 seconds
43.679: Application time: 0.0249460 seconds
43.680: [Full GC [PSYoungGen: 138240K->33676K(161280K)] [ParOldGen: 368087K->368087K(368128K)] 506327K->401764K(529408K) [PSPermGen: 13592K->13592K(21504K)], 0.0746240 secs] [Times: user=0.53 sys=0.00, real=0.08 secs] 
43.755: Total time for which application threads were stopped: 0.0752510 seconds, Stopping threads took: 0.0000530 seconds
43.782: Application time: 0.0273800 seconds
43.783: [Full GC [PSYoungGen: 138240K->33690K(161280K)] [ParOldGen: 368087K->368087K(368128K)] 506327K->401778K(529408K) [PSPermGen: 13592K->13592K(21504K)], 0.0755430 secs] [Times: user=0.53 sys=0.00, real=0.08 secs] 
43.858: Total time for which application threads were stopped: 0.0762200 seconds, Stopping threads took: 0.0000690 seconds
43.883: Application time: 0.0251260 seconds
43.884: [Full GC [PSYoungGen: 138240K->33708K(161280K)] [ParOldGen: 368087K->368087K(368128K)] 506327K->401796K(529408K) [PSPermGen: 13592K->13592K(21504K)], 0.0744240 secs] [Times: user=0.53 sys=0.00, real=0.08 secs] 
43.959: Total time for which application threads were stopped: 0.0751210 seconds, Stopping threads took: 0.0000680 seconds
43.983: Application time: 0.0249110 seconds
43.984: [Full GC [PSYoungGen: 138240K->33722K(161280K)] [ParOldGen: 368087K->368087K(368128K)] 506327K->401810K(529408K) [PSPermGen: 13592K->13592K(21504K)], 0.0738690 secs] [Times: user=0.53 sys=0.00, real=0.08 secs] 
44.058: Total time for which application threads were stopped: 0.0745520 seconds, Stopping threads took: 0.0000530 seconds
44.083: Application time: 0.0254260 seconds
44.084: [Full GC [PSYoungGen: 138240K->33736K(161280K)] [ParOldGen: 368087K->368087K(368128K)] 506327K->401824K(529408K) [PSPermGen: 13592K->13592K(21504K)], 0.0745200 secs] [Times: user=0.52 sys=0.00, real=0.08 secs] 
44.159: Total time for which application threads were stopped: 0.0751240 seconds, Stopping threads took: 0.0000560 seconds
44.187: Application time: 0.0279880 seconds
44.187: [Full GC [PSYoungGen: 138240K->33753K(161280K)] [ParOldGen: 368087K->368087K(368128K)] 506327K->401841K(529408K) [PSPermGen: 13592K->13592K(21504K)], 0.0752610 secs] [Times: user=0.54 sys=0.00, real=0.07 secs] 
44.263: Total time for which application threads were stopped: 0.0760380 seconds, Stopping threads took: 0.0000710 seconds
44.289: Application time: 0.0259230 seconds
44.289: [Full GC [PSYoungGen: 138240K->33765K(161280K)] [ParOldGen: 368087K->368087K(368128K)] 506327K->401853K(529408K) [PSPermGen: 13592K->13592K(21504K)], 0.0745450 secs] [Times: user=0.52 sys=0.00, real=0.07 secs] 
44.364: Total time for which application threads were stopped: 0.0753120 seconds, Stopping threads took: 0.0000800 seconds
44.390: Application time: 0.0261970 seconds
44.391: [Full GC [PSYoungGen: 138240K->33783K(161280K)] [ParOldGen: 368087K->368087K(368128K)] 506327K->401871K(529408K) [PSPermGen: 13592K->13592K(21504K)], 0.0734660 secs] [Times: user=0.52 sys=0.00, real=0.07 secs] 
44.464: Total time for which application threads were stopped: 0.0742230 seconds, Stopping threads took: 0.0001210 seconds
44.489: Application time: 0.0243050 seconds
44.489: [Full GC [PSYoungGen: 138240K->33797K(161280K)] [ParOldGen: 368087K->368087K(368128K)] 506327K->401885K(529408K) [PSPermGen: 13592K->13592K(21504K)], 0.0739570 secs] [Times: user=0.53 sys=0.00, real=0.07 secs] 
44.563: Total time for which application threads were stopped: 0.0746440 seconds, Stopping threads took: 0.0000630 seconds
44.588: Application time: 0.0243300 seconds
44.588: [Full GC [PSYoungGen: 138240K->33813K(161280K)] [ParOldGen: 368087K->368087K(368128K)] 506327K->401901K(529408K) [PSPermGen: 13592K->13592K(21504K)], 0.0739720 secs] [Times: user=0.52 sys=0.00, real=0.07 secs] 
44.662: Total time for which application threads were stopped: 0.0746750 seconds, Stopping threads took: 0.0000660 seconds
44.686: Application time: 0.0240990 seconds
44.687: [Full GC [PSYoungGen: 138240K->33824K(161280K)] [ParOldGen: 368087K->368087K(368128K)] 506327K->401912K(529408K) [PSPermGen: 13592K->13592K(21504K)], 0.0745390 secs] [Times: user=0.53 sys=0.00, real=0.07 secs] 
44.762: Total time for which application threads were stopped: 0.0751730 seconds, Stopping threads took: 0.0000760 seconds
44.786: Application time: 0.0245320 seconds
44.787: [Full GC [PSYoungGen: 138240K->33840K(161280K)] [ParOldGen: 368087K->368087K(368128K)] 506327K->401928K(529408K) [PSPermGen: 13592K->13592K(21504K)], 0.0748340 secs] [Times: user=0.53 sys=0.00, real=0.07 secs] 
44.862: Total time for which application threads were stopped: 0.0754660 seconds, Stopping threads took: 0.0000400 seconds
44.886: Application time: 0.0241130 seconds
44.886: [Full GC [PSYoungGen: 138240K->33855K(161280K)] [ParOldGen: 368087K->368087K(368128K)] 506327K->401943K(529408K) [PSPermGen: 13592K->13592K(21504K)], 0.0803720 secs] [Times: user=0.56 sys=0.00, real=0.08 secs] 
44.967: Total time for which application threads were stopped: 0.0810100 seconds, Stopping threads took: 0.0000700 seconds
44.991: Application time: 0.0245720 seconds
44.992: [Full GC [PSYoungGen: 138240K->33869K(161280K)] [ParOldGen: 368087K->368087K(368128K)] 506327K->401957K(529408K) [PSPermGen: 13592K->13592K(21504K)], 0.0738960 secs] [Times: user=0.52 sys=0.00, real=0.08 secs] 
45.066: Total time for which application threads were stopped: 0.0745650 seconds, Stopping threads took: 0.0000470 seconds
45.090: Application time: 0.0246630 seconds
45.091: [Full GC [PSYoungGen: 138240K->33886K(161280K)] [ParOldGen: 368087K->368087K(368128K)] 506327K->401974K(529408K) [PSPermGen: 13592K->13592K(21504K)], 0.0750230 secs] [Times: user=0.52 sys=0.00, real=0.08 secs] 
45.166: Total time for which application threads were stopped: 0.0756480 seconds, Stopping threads took: 0.0000720 seconds
45.190: Application time: 0.0242560 seconds
45.191: [Full GC [PSYoungGen: 138240K->33901K(161280K)] [ParOldGen: 368087K->368087K(368128K)] 506327K->401989K(529408K) [PSPermGen: 13592K->13592K(21504K)], 0.0738730 secs] [Times: user=0.52 sys=0.00, real=0.07 secs] 
45.265: Total time for which application threads were stopped: 0.0745730 seconds, Stopping threads took: 0.0000590 seconds
45.289: Application time: 0.0244120 seconds
45.290: [Full GC [PSYoungGen: 138240K->33916K(161280K)] [ParOldGen: 368087K->368087K(368128K)] 506327K->402004K(529408K) [PSPermGen: 13592K->13592K(21504K)], 0.0745310 secs] [Times: user=0.52 sys=0.00, real=0.07 secs] 
45.365: Total time for which application threads were stopped: 0.0751680 seconds, Stopping threads took: 0.0000490 seconds
45.389: Application time: 0.0245630 seconds
45.390: [Full GC [PSYoungGen: 138240K->33934K(161280K)] [ParOldGen: 368087K->368087K(368128K)] 506327K->402022K(529408K) [PSPermGen: 13592K->13592K(21504K)], 0.0775260 secs] [Times: user=0.55 sys=0.00, real=0.08 secs] 
45.467: Total time for which application threads were stopped: 0.0781820 seconds, Stopping threads took: 0.0000450 seconds
45.492: Application time: 0.0243550 seconds
45.492: [Full GC [PSYoungGen: 138240K->33945K(161280K)] [ParOldGen: 368087K->368087K(368128K)] 506327K->402033K(529408K) [PSPermGen: 13592K->13592K(21504K)], 0.0744790 secs] [Times: user=0.52 sys=0.00, real=0.08 secs] 
45.567: Total time for which application threads were stopped: 0.0751780 seconds, Stopping threads took: 0.0000600 seconds
45.591: Application time: 0.0242340 seconds
45.592: [Full GC [PSYoungGen: 138240K->33963K(161280K)] [ParOldGen: 368087K->368087K(368128K)] 506327K->402051K(529408K) [PSPermGen: 13592K->13592K(21504K)], 0.0740740 secs] [Times: user=0.52 sys=0.00, real=0.08 secs] 
45.666: Total time for which application threads were stopped: 0.0747770 seconds, Stopping threads took: 0.0000690 seconds
45.691: Application time: 0.0247400 seconds
45.691: [Full GC [PSYoungGen: 138240K->33978K(161280K)] [ParOldGen: 368087K->368087K(368128K)] 506327K->402065K(529408K) [PSPermGen: 13592K->13592K(21504K)], 0.0748750 secs] [Times: user=0.53 sys=0.00, real=0.08 secs] 
45.766: Total time for which application threads were stopped: 0.0755720 seconds, Stopping threads took: 0.0000550 seconds
45.791: Application time: 0.0249990 seconds
45.792: [Full GC [PSYoungGen: 138240K->33996K(161280K)] [ParOldGen: 368087K->368087K(368128K)] 506327K->402084K(529408K) [PSPermGen: 13592K->13592K(21504K)], 0.0747430 secs] [Times: user=0.53 sys=0.00, real=0.08 secs] 
45.867: Total time for which application threads were stopped: 0.0754720 seconds, Stopping threads took: 0.0000660 seconds
45.890: Application time: 0.0228960 seconds
45.890: Total time for which application threads were stopped: 0.0005900 seconds, Stopping threads took: 0.0000670 seconds
45.893: Application time: 0.0025730 seconds
45.893: [Full GC [PSYoungGen: 138240K->33886K(161280K)] [ParOldGen: 368087K->368087K(368128K)] 506327K->401974K(529408K) [PSPermGen: 13593K->13593K(21504K)], 0.0737950 secs] [Times: user=0.52 sys=0.00, real=0.08 secs] 
45.967: Total time for which application threads were stopped: 0.0744740 seconds, Stopping threads took: 0.0000710 seconds
45.967: Application time: 0.0002740 seconds
45.968: Total time for which application threads were stopped: 0.0007490 seconds, Stopping threads took: 0.0000650 seconds
45.993: Application time: 0.0246750 seconds
45.994: [Full GC [PSYoungGen: 138240K->33773K(161280K)] [ParOldGen: 368087K->368087K(368128K)] 506327K->401861K(529408K) [PSPermGen: 13593K->13593K(21504K)], 0.0732940 secs] [Times: user=0.52 sys=0.00, real=0.07 secs] 
46.067: Total time for which application threads were stopped: 0.0739830 seconds, Stopping threads took: 0.0000750 seconds
46.070: Application time: 0.0028200 seconds
46.070: Total time for which application threads were stopped: 0.0005770 seconds, Stopping threads took: 0.0000870 seconds
46.070: Application time: 0.0000320 seconds
46.071: Total time for which application threads were stopped: 0.0002730 seconds, Stopping threads took: 0.0000390 seconds
46.092: Application time: 0.0218650 seconds
46.093: [Full GC [PSYoungGen: 138240K->33705K(161280K)] [ParOldGen: 368087K->368087K(368128K)] 506327K->401793K(529408K) [PSPermGen: 13602K->13602K(21504K)], 0.0886240 secs] [Times: user=0.63 sys=0.00, real=0.09 secs] 
46.182: Total time for which application threads were stopped: 0.0892880 seconds, Stopping threads took: 0.0000430 seconds
46.182: Application time: 0.0002490 seconds
46.183: Total time for which application threads were stopped: 0.0005460 seconds, Stopping threads took: 0.0000560 seconds
46.207: Application time: 0.0249060 seconds
46.208: [Full GC [PSYoungGen: 138240K->33641K(161280K)] [ParOldGen: 368087K->368087K(368128K)] 506327K->401729K(529408K) [PSPermGen: 13602K->13601K(21504K)], 0.0739240 secs] [Times: user=0.52 sys=0.00, real=0.07 secs] 
46.282: Total time for which application threads were stopped: 0.0745880 seconds, Stopping threads took: 0.0000610 seconds
46.283: Application time: 0.0007840 seconds
46.284: Total time for which application threads were stopped: 0.0006550 seconds, Stopping threads took: 0.0000660 seconds
46.308: Application time: 0.0240850 seconds
46.308: Total time for which application threads were stopped: 0.0006170 seconds, Stopping threads took: 0.0000620 seconds
46.308: Application time: 0.0000610 seconds
46.308: [Full GC [PSYoungGen: 138240K->33573K(161280K)] [ParOldGen: 368087K->368087K(368128K)] 506327K->401661K(529408K) [PSPermGen: 13602K->13602K(21504K)], 0.0734110 secs] [Times: user=0.52 sys=0.00, real=0.07 secs] 
46.382: Total time for which application threads were stopped: 0.0736650 seconds, Stopping threads took: 0.0000480 seconds
46.403: Application time: 0.0209150 seconds
46.404: Total time for which application threads were stopped: 0.0006560 seconds, Stopping threads took: 0.0001050 seconds
46.409: Application time: 0.0058830 seconds
46.410: [Full GC [PSYoungGen: 138240K->33523K(161280K)] [ParOldGen: 368087K->368087K(368128K)] 506327K->401611K(529408K) [PSPermGen: 13611K->13611K(21504K)], 0.0891940 secs] [Times: user=0.63 sys=0.00, real=0.09 secs] 
46.499: Total time for which application threads were stopped: 0.0899170 seconds, Stopping threads took: 0.0001090 seconds
46.503: Application time: 0.0033140 seconds
46.503: Total time for which application threads were stopped: 0.0005440 seconds, Stopping threads took: 0.0000750 seconds
46.524: Application time: 0.0210400 seconds
46.525: [Full GC [PSYoungGen: 138240K->33541K(161280K)] [ParOldGen: 368087K->368087K(368128K)] 506327K->401629K(529408K) [PSPermGen: 13611K->13611K(21504K)], 0.0740520 secs] [Times: user=0.52 sys=0.01, real=0.08 secs] 
46.599: Total time for which application threads were stopped: 0.0747470 seconds, Stopping threads took: 0.0000710 seconds
46.623: Application time: 0.0239820 seconds
46.624: [Full GC [PSYoungGen: 138240K->33556K(161280K)] [ParOldGen: 368087K->368087K(368128K)] 506327K->401644K(529408K) [PSPermGen: 13611K->13611K(21504K)], 0.0737180 secs] [Times: user=0.52 sys=0.00, real=0.08 secs] 
46.697: Total time for which application threads were stopped: 0.0743960 seconds, Stopping threads took: 0.0000620 seconds
46.722: Application time: 0.0241740 seconds
46.722: [Full GC [PSYoungGen: 138240K->33572K(161280K)] [ParOldGen: 368087K->368087K(368128K)] 506327K->401660K(529408K) [PSPermGen: 13611K->13611K(21504K)], 0.0738430 secs] [Times: user=0.53 sys=0.00, real=0.08 secs] 
46.796: Total time for which application threads were stopped: 0.0745340 seconds, Stopping threads took: 0.0000560 seconds
46.820: Application time: 0.0242400 seconds
46.821: [Full GC [PSYoungGen: 138240K->33586K(161280K)] [ParOldGen: 368087K->368087K(368128K)] 506327K->401674K(529408K) [PSPermGen: 13611K->13611K(21504K)], 0.0740280 secs] [Times: user=0.53 sys=0.00, real=0.08 secs] 
46.895: Total time for which application threads were stopped: 0.0747360 seconds, Stopping threads took: 0.0000490 seconds
46.919: Application time: 0.0242210 seconds
46.920: [Full GC [PSYoungGen: 138240K->33601K(161280K)] [ParOldGen: 368087K->368087K(368128K)] 506327K->401689K(529408K) [PSPermGen: 13611K->13611K(21504K)], 0.0744000 secs] [Times: user=0.53 sys=0.00, real=0.08 secs] 
46.994: Total time for which application threads were stopped: 0.0750100 seconds, Stopping threads took: 0.0000580 seconds
47.019: Application time: 0.0244010 seconds
47.019: [Full GC [PSYoungGen: 138240K->33616K(161280K)] [ParOldGen: 368087K->368087K(368128K)] 506327K->401704K(529408K) [PSPermGen: 13611K->13611K(21504K)], 0.0736470 secs] [Times: user=0.52 sys=0.00, real=0.07 secs] 
47.093: Total time for which application threads were stopped: 0.0743230 seconds, Stopping threads took: 0.0000430 seconds
47.117: Application time: 0.0244220 seconds
47.118: [Full GC [PSYoungGen: 138240K->33632K(161280K)] [ParOldGen: 368087K->368087K(368128K)] 506327K->401720K(529408K) [PSPermGen: 13614K->13614K(21504K)], 0.0747620 secs] [Times: user=0.52 sys=0.00, real=0.07 secs] 
47.193: Total time for which application threads were stopped: 0.0753810 seconds, Stopping threads took: 0.0000590 seconds
47.217: Application time: 0.0244160 seconds
47.218: [Full GC [PSYoungGen: 138240K->33647K(161280K)] [ParOldGen: 368087K->368087K(368128K)] 506327K->401734K(529408K) [PSPermGen: 13615K->13615K(21504K)], 0.0740740 secs] [Times: user=0.53 sys=0.00, real=0.07 secs] 
47.292: Total time for which application threads were stopped: 0.0747010 seconds, Stopping threads took: 0.0000500 seconds
47.317: Application time: 0.0245860 seconds
47.317: [Full GC [PSYoungGen: 138240K->33658K(161280K)] [ParOldGen: 368087K->368087K(368128K)] 506327K->401746K(529408K) [PSPermGen: 13616K->13616K(21504K)], 0.0738770 secs] [Times: user=0.52 sys=0.00, real=0.07 secs] 
47.391: Total time for which application threads were stopped: 0.0745780 seconds, Stopping threads took: 0.0000690 seconds
47.415: Application time: 0.0242220 seconds
47.416: [Full GC [PSYoungGen: 138240K->33676K(161280K)] [ParOldGen: 368087K->368087K(368128K)] 506327K->401764K(529408K) [PSPermGen: 13619K->13619K(21504K)], 0.0741510 secs] [Times: user=0.52 sys=0.00, real=0.07 secs] 
47.490: Total time for which application threads were stopped: 0.0748770 seconds, Stopping threads took: 0.0000650 seconds
47.515: Application time: 0.0246650 seconds
47.515: [Full GC [PSYoungGen: 138240K->33690K(161280K)] [ParOldGen: 368087K->368087K(368128K)] 506327K->401778K(529408K) [PSPermGen: 13619K->13619K(21504K)], 0.0743780 secs] [Times: user=0.53 sys=0.00, real=0.07 secs] 
47.590: Total time for which application threads were stopped: 0.0749980 seconds, Stopping threads took: 0.0000530 seconds
47.614: Application time: 0.0243080 seconds
47.615: [Full GC [PSYoungGen: 138240K->33704K(161280K)] [ParOldGen: 368087K->368087K(368128K)] 506327K->401792K(529408K) [PSPermGen: 13619K->13619K(21504K)], 0.0745600 secs] [Times: user=0.52 sys=0.00, real=0.07 secs] 
47.690: Total time for which application threads were stopped: 0.0752680 seconds, Stopping threads took: 0.0000670 seconds
47.714: Application time: 0.0243800 seconds
47.714: [Full GC [PSYoungGen: 138240K->33719K(161280K)] [ParOldGen: 368087K->368087K(368128K)] 506327K->401807K(529408K) [PSPermGen: 13619K->13619K(21504K)], 0.0750220 secs] [Times: user=0.52 sys=0.00, real=0.07 secs] 
47.790: Total time for which application threads were stopped: 0.0756840 seconds, Stopping threads took: 0.0000950 seconds
47.814: Application time: 0.0244710 seconds
47.815: [Full GC [PSYoungGen: 138240K->33736K(161280K)] [ParOldGen: 368087K->368087K(368128K)] 506327K->401824K(529408K) [PSPermGen: 13619K->13619K(21504K)], 0.0747610 secs] [Times: user=0.53 sys=0.00, real=0.07 secs] 
47.889: Total time for which application threads were stopped: 0.0753740 seconds, Stopping threads took: 0.0000550 seconds
47.913: Application time: 0.0239710 seconds
47.914: [Full GC [PSYoungGen: 138240K->33750K(161280K)] [ParOldGen: 368087K->368087K(368128K)] 506327K->401838K(529408K) [PSPermGen: 13619K->13619K(21504K)], 0.0743060 secs] [Times: user=0.52 sys=0.01, real=0.07 secs] 
47.988: Total time for which application threads were stopped: 0.0750130 seconds, Stopping threads took: 0.0000610 seconds
48.013: Application time: 0.0250820 seconds
48.014: [Full GC [PSYoungGen: 138240K->33765K(161280K)] [ParOldGen: 368087K->368087K(368128K)] 506327K->401853K(529408K) [PSPermGen: 13619K->13619K(21504K)], 0.0743460 secs] [Times: user=0.52 sys=0.00, real=0.07 secs] 
48.089: Total time for which application threads were stopped: 0.0750890 seconds, Stopping threads took: 0.0000790 seconds
48.113: Application time: 0.0241770 seconds
48.113: [Full GC [PSYoungGen: 138240K->33781K(161280K)] [ParOldGen: 368087K->368087K(368128K)] 506327K->401869K(529408K) [PSPermGen: 13619K->13619K(21504K)], 0.0749290 secs] [Times: user=0.52 sys=0.00, real=0.08 secs] 
48.188: Total time for which application threads were stopped: 0.0756240 seconds, Stopping threads took: 0.0000460 seconds
48.213: Application time: 0.0242510 seconds
48.213: [Full GC [PSYoungGen: 138240K->33795K(161280K)] [ParOldGen: 368087K->368087K(368128K)] 506327K->401883K(529408K) [PSPermGen: 13619K->13619K(21504K)], 0.0746570 secs] [Times: user=0.53 sys=0.00, real=0.08 secs] 
48.288: Total time for which application threads were stopped: 0.0753320 seconds, Stopping threads took: 0.0000470 seconds
48.312: Application time: 0.0242240 seconds
48.313: [Full GC [PSYoungGen: 138240K->33811K(161280K)] [ParOldGen: 368087K->368087K(368128K)] 506327K->401898K(529408K) [PSPermGen: 13619K->13619K(21504K)], 0.0743710 secs] [Times: user=0.53 sys=0.00, real=0.08 secs] 
48.387: Total time for which application threads were stopped: 0.0750770 seconds, Stopping threads took: 0.0000650 seconds
48.411: Application time: 0.0239860 seconds
48.412: [Full GC [PSYoungGen: 138240K->33824K(161280K)] [ParOldGen: 368087K->368087K(368128K)] 506327K->401912K(529408K) [PSPermGen: 13619K->13619K(21504K)], 0.0749790 secs] [Times: user=0.52 sys=0.00, real=0.08 secs] 
48.487: Total time for which application threads were stopped: 0.0756940 seconds, Stopping threads took: 0.0000700 seconds
48.512: Application time: 0.0250510 seconds
48.513: [Full GC [PSYoungGen: 138240K->33838K(161280K)] [ParOldGen: 368087K->368087K(368128K)] 506327K->401926K(529408K) [PSPermGen: 13619K->13619K(21504K)], 0.0743740 secs] [Times: user=0.53 sys=0.00, real=0.08 secs] 
48.587: Total time for which application threads were stopped: 0.0750750 seconds, Stopping threads took: 0.0000670 seconds
48.611: Application time: 0.0242250 seconds
48.612: [Full GC [PSYoungGen: 138240K->33853K(161280K)] [ParOldGen: 368087K->368087K(368128K)] 506327K->401941K(529408K) [PSPermGen: 13619K->13619K(21504K)], 0.0745630 secs] [Times: user=0.53 sys=0.00, real=0.08 secs] 
48.688: Total time for which application threads were stopped: 0.0768840 seconds, Stopping threads took: 0.0001260 seconds
48.712: Application time: 0.0242050 seconds
48.713: [Full GC [PSYoungGen: 138240K->33867K(161280K)] [ParOldGen: 368087K->368087K(368128K)] 506327K->401955K(529408K) [PSPermGen: 13619K->13619K(21504K)], 0.0759580 secs] [Times: user=0.52 sys=0.00, real=0.08 secs] 
48.789: Total time for which application threads were stopped: 0.0766660 seconds, Stopping threads took: 0.0000840 seconds
48.813: Application time: 0.0243480 seconds
48.814: [Full GC [PSYoungGen: 138240K->33884K(161280K)] [ParOldGen: 368087K->368087K(368128K)] 506327K->401971K(529408K) [PSPermGen: 13619K->13619K(21504K)], 0.0742740 secs] [Times: user=0.52 sys=0.00, real=0.07 secs] 
48.888: Total time for which application threads were stopped: 0.0749810 seconds, Stopping threads took: 0.0000680 seconds
48.913: Application time: 0.0248080 seconds
48.914: [Full GC [PSYoungGen: 138240K->33896K(161280K)] [ParOldGen: 368087K->368087K(368128K)] 506327K->401984K(529408K) [PSPermGen: 13619K->13619K(21504K)], 0.0742410 secs] [Times: user=0.52 sys=0.00, real=0.07 secs] 
48.988: Total time for which application threads were stopped: 0.0749540 seconds, Stopping threads took: 0.0000630 seconds
49.013: Application time: 0.0247390 seconds
49.014: [Full GC [PSYoungGen: 138240K->33911K(161280K)] [ParOldGen: 368087K->368087K(368128K)] 506327K->401999K(529408K) [PSPermGen: 13619K->13619K(21504K)], 0.0753800 secs] [Times: user=0.52 sys=0.00, real=0.07 secs] 
49.089: Total time for which application threads were stopped: 0.0760930 seconds, Stopping threads took: 0.0000670 seconds
49.114: Application time: 0.0248110 seconds
49.114: [Full GC [PSYoungGen: 138240K->33928K(161280K)] [ParOldGen: 368087K->368087K(368128K)] 506327K->402016K(529408K) [PSPermGen: 13619K->13619K(21504K)], 0.0747610 secs] [Times: user=0.53 sys=0.00, real=0.07 secs] 
49.189: Total time for which application threads were stopped: 0.0754100 seconds, Stopping threads took: 0.0000610 seconds
49.214: Application time: 0.0248270 seconds
49.215: [Full GC [PSYoungGen: 138240K->33943K(161280K)] [ParOldGen: 368087K->368087K(368128K)] 506327K->402031K(529408K) [PSPermGen: 13619K->13619K(21504K)], 0.0745840 secs] [Times: user=0.53 sys=0.00, real=0.07 secs] 
49.289: Total time for which application threads were stopped: 0.0752750 seconds, Stopping threads took: 0.0000820 seconds
49.314: Application time: 0.0245300 seconds
49.314: [Full GC [PSYoungGen: 138240K->33957K(161280K)] [ParOldGen: 368087K->368087K(368128K)] 506327K->402045K(529408K) [PSPermGen: 13621K->13621K(21504K)], 0.0751230 secs] [Times: user=0.52 sys=0.00, real=0.07 secs] 
49.390: Total time for which application threads were stopped: 0.0757510 seconds, Stopping threads took: 0.0000740 seconds
49.415: Application time: 0.0249380 seconds
49.415: [Full GC [PSYoungGen: 138240K->33975K(161280K)] [ParOldGen: 368087K->368087K(368128K)] 506327K->402063K(529408K) [PSPermGen: 13622K->13622K(21504K)], 0.0750120 secs] [Times: user=0.53 sys=0.00, real=0.07 secs] 
49.490: Total time for which application threads were stopped: 0.0756330 seconds, Stopping threads took: 0.0000660 seconds
49.516: Application time: 0.0262020 seconds
49.517: [Full GC [PSYoungGen: 138240K->33982K(161280K)] [ParOldGen: 368087K->368087K(368128K)] 506327K->402070K(529408K) [PSPermGen: 13622K->13622K(21504K)], 0.0736460 secs] [Times: user=0.52 sys=0.00, real=0.07 secs] 
49.591: Total time for which application threads were stopped: 0.0743280 seconds, Stopping threads took: 0.0000540 seconds
49.617: Application time: 0.0259340 seconds
49.617: [Full GC [PSYoungGen: 138240K->33829K(161280K)] [ParOldGen: 368087K->368087K(368128K)] 506327K->401917K(529408K) [PSPermGen: 13622K->13622K(21504K)], 0.0735470 secs] [Times: user=0.52 sys=0.00, real=0.07 secs] 
49.691: Total time for which application threads were stopped: 0.0742800 seconds, Stopping threads took: 0.0000770 seconds
49.691: Application time: 0.0001330 seconds
49.692: Total time for which application threads were stopped: 0.0007150 seconds, Stopping threads took: 0.0001360 seconds
49.692: Application time: 0.0000220 seconds
49.692: Total time for which application threads were stopped: 0.0001040 seconds, Stopping threads took: 0.0000190 seconds
49.692: Application time: 0.0000290 seconds
49.692: Total time for which application threads were stopped: 0.0001030 seconds, Stopping threads took: 0.0000260 seconds
49.716: Application time: 0.0241900 seconds
49.717: [Full GC [PSYoungGen: 138240K->33810K(161280K)] [ParOldGen: 368087K->368087K(368128K)] 506327K->401898K(529408K) [PSPermGen: 13622K->13622K(21504K)], 0.0745180 secs] [Times: user=0.52 sys=0.00, real=0.07 secs] 
49.791: Total time for which application threads were stopped: 0.0751600 seconds, Stopping threads took: 0.0000860 seconds
49.816: Application time: 0.0245220 seconds
49.817: [Full GC [PSYoungGen: 138240K->33824K(161280K)] [ParOldGen: 368087K->368087K(368128K)] 506327K->401912K(529408K) [PSPermGen: 13622K->13622K(21504K)], 0.0731480 secs] [Times: user=0.52 sys=0.00, real=0.07 secs] 
49.890: Total time for which application threads were stopped: 0.0738280 seconds, Stopping threads took: 0.0000720 seconds
49.915: Application time: 0.0254420 seconds
49.916: [Full GC [PSYoungGen: 138240K->33775K(161280K)] [ParOldGen: 368087K->368087K(368128K)] 506327K->401863K(529408K) [PSPermGen: 13622K->13622K(21504K)], 0.0737300 secs] [Times: user=0.53 sys=0.00, real=0.07 secs] 
49.990: Total time for which application threads were stopped: 0.0743820 seconds, Stopping threads took: 0.0000340 seconds
49.990: Application time: 0.0001130 seconds
49.990: Total time for which application threads were stopped: 0.0006050 seconds, Stopping threads took: 0.0000850 seconds
50.015: Application time: 0.0245560 seconds
50.016: [Full GC [PSYoungGen: 138240K->33716K(161280K)] [ParOldGen: 368087K->368087K(368128K)] 506327K->401804K(529408K) [PSPermGen: 13622K->13622K(21504K)], 0.0738220 secs] [Times: user=0.53 sys=0.00, real=0.07 secs] 
50.089: Total time for which application threads were stopped: 0.0745230 seconds, Stopping threads took: 0.0000730 seconds
50.090: Application time: 0.0001630 seconds
50.090: Total time for which application threads were stopped: 0.0006280 seconds, Stopping threads took: 0.0000520 seconds
50.115: Application time: 0.0243990 seconds
50.115: [Full GC [PSYoungGen: 138240K->33598K(161280K)] [ParOldGen: 368087K->368087K(368128K)] 506327K->401686K(529408K) [PSPermGen: 13622K->13622K(21504K)], 0.0739700 secs] [Times: user=0.52 sys=0.00, real=0.07 secs] 
50.189: Total time for which application threads were stopped: 0.0746100 seconds, Stopping threads took: 0.0000440 seconds
50.189: Application time: 0.0001420 seconds
50.190: Total time for which application threads were stopped: 0.0005830 seconds, Stopping threads took: 0.0000470 seconds
50.190: Application time: 0.0000310 seconds
50.190: Total time for which application threads were stopped: 0.0003370 seconds, Stopping threads took: 0.0000730 seconds
50.215: Application time: 0.0242120 seconds
50.215: [Full GC [PSYoungGen: 138240K->33546K(161280K)] [ParOldGen: 368087K->368087K(368128K)] 506327K->401634K(529408K) [PSPermGen: 13622K->13622K(21504K)], 0.0732530 secs] [Times: user=0.52 sys=0.00, real=0.07 secs] 
50.289: Total time for which application threads were stopped: 0.0739470 seconds, Stopping threads took: 0.0000720 seconds
50.290: Application time: 0.0010870 seconds
50.290: Total time for which application threads were stopped: 0.0005640 seconds, Stopping threads took: 0.0000790 seconds
50.314: Application time: 0.0233560 seconds
50.314: [Full GC [PSYoungGen: 138240K->33544K(161280K)] [ParOldGen: 368087K->368087K(368128K)] 506327K->401632K(529408K) [PSPermGen: 13623K->13623K(21504K)], 0.0738810 secs] [Times: user=0.51 sys=0.00, real=0.07 secs] 
50.388: Total time for which application threads were stopped: 0.0745150 seconds, Stopping threads took: 0.0000730 seconds
50.413: Application time: 0.0244620 seconds
50.413: [Full GC [PSYoungGen: 138240K->33562K(161280K)] [ParOldGen: 368087K->368087K(368128K)] 506327K->401650K(529408K) [PSPermGen: 13623K->13623K(21504K)], 0.0742500 secs] [Times: user=0.52 sys=0.00, real=0.08 secs] 
50.487: Total time for which application threads were stopped: 0.0749310 seconds, Stopping threads took: 0.0000610 seconds
50.512: Application time: 0.0246550 seconds
50.513: [Full GC [PSYoungGen: 138240K->33577K(161280K)] [ParOldGen: 368087K->368087K(368128K)] 506327K->401665K(529408K) [PSPermGen: 13623K->13623K(21504K)], 0.0731030 secs] [Times: user=0.52 sys=0.00, real=0.08 secs] 
50.586: Total time for which application threads were stopped: 0.0737790 seconds, Stopping threads took: 0.0000470 seconds
50.610: Application time: 0.0242910 seconds
50.611: [Full GC [PSYoungGen: 138240K->33591K(161280K)] [ParOldGen: 368087K->368087K(368128K)] 506327K->401679K(529408K) [PSPermGen: 13623K->13623K(21504K)], 0.0741000 secs] [Times: user=0.52 sys=0.00, real=0.07 secs] 
50.685: Total time for which application threads were stopped: 0.0747790 seconds, Stopping threads took: 0.0000490 seconds
50.709: Application time: 0.0242540 seconds
50.710: [Full GC [PSYoungGen: 138240K->33607K(161280K)] [ParOldGen: 368087K->368087K(368128K)] 506327K->401695K(529408K) [PSPermGen: 13623K->13623K(21504K)], 0.0739360 secs] [Times: user=0.51 sys=0.00, real=0.07 secs] 
50.784: Total time for which application threads were stopped: 0.0745700 seconds, Stopping threads took: 0.0000530 seconds
50.808: Application time: 0.0242640 seconds
50.809: [Full GC [PSYoungGen: 138240K->33617K(161280K)] [ParOldGen: 368087K->368087K(368128K)] 506327K->401704K(529408K) [PSPermGen: 13623K->13623K(21504K)], 0.0748170 secs] [Times: user=0.52 sys=0.00, real=0.07 secs] 
50.884: Total time for which application threads were stopped: 0.0754520 seconds, Stopping threads took: 0.0000750 seconds
50.908: Application time: 0.0244490 seconds
50.909: [Full GC [PSYoungGen: 138240K->33633K(161280K)] [ParOldGen: 368087K->368087K(368128K)] 506327K->401721K(529408K) [PSPermGen: 13623K->13623K(21504K)], 0.0744450 secs] [Times: user=0.52 sys=0.00, real=0.07 secs] 
50.983: Total time for which application threads were stopped: 0.0750550 seconds, Stopping threads took: 0.0000550 seconds
51.008: Application time: 0.0244690 seconds
51.008: [Full GC [PSYoungGen: 138240K->33652K(161280K)] [ParOldGen: 368087K->368087K(368128K)] 506327K->401740K(529408K) [PSPermGen: 13623K->13623K(21504K)], 0.0747910 secs] [Times: user=0.52 sys=0.00, real=0.07 secs] 
51.083: Total time for which application threads were stopped: 0.0755050 seconds, Stopping threads took: 0.0000750 seconds
51.107: Application time: 0.0241770 seconds
51.108: [Full GC [PSYoungGen: 138240K->33665K(161280K)] [ParOldGen: 368087K->368087K(368128K)] 506327K->401753K(529408K) [PSPermGen: 13623K->13623K(21504K)], 0.0737660 secs] [Times: user=0.52 sys=0.00, real=0.07 secs] 
51.182: Total time for which application threads were stopped: 0.0744690 seconds, Stopping threads took: 0.0000670 seconds
51.206: Application time: 0.0242120 seconds
51.207: [Full GC [PSYoungGen: 138240K->33681K(161280K)] [ParOldGen: 368087K->368087K(368128K)] 506327K->401769K(529408K) [PSPermGen: 13623K->13623K(21504K)], 0.0742930 secs] [Times: user=0.52 sys=0.00, real=0.07 secs] 
51.281: Total time for which application threads were stopped: 0.0749940 seconds, Stopping threads took: 0.0000590 seconds
51.305: Application time: 0.0243010 seconds
51.306: [Full GC [PSYoungGen: 138240K->33696K(161280K)] [ParOldGen: 368087K->368087K(368128K)] 506327K->401784K(529408K) [PSPermGen: 13623K->13623K(21504K)], 0.0741450 secs] [Times: user=0.52 sys=0.00, real=0.07 secs] 
51.380: Total time for which application threads were stopped: 0.0748790 seconds, Stopping threads took: 0.0000590 seconds
51.404: Application time: 0.0240420 seconds
51.405: [Full GC [PSYoungGen: 138240K->33710K(161280K)] [ParOldGen: 368087K->368087K(368128K)] 506327K->401798K(529408K) [PSPermGen: 13623K->13623K(21504K)], 0.0740810 secs] [Times: user=0.53 sys=0.00, real=0.08 secs] 
51.479: Total time for which application threads were stopped: 0.0747760 seconds, Stopping threads took: 0.0000570 seconds
51.503: Application time: 0.0242920 seconds
51.504: [Full GC [PSYoungGen: 138240K->33727K(161280K)] [ParOldGen: 368087K->368087K(368128K)] 506327K->401815K(529408K) [PSPermGen: 13623K->13623K(21504K)], 0.0744870 secs] [Times: user=0.53 sys=0.00, real=0.08 secs] 
51.578: Total time for which application threads were stopped: 0.0750960 seconds, Stopping threads took: 0.0000480 seconds
51.603: Application time: 0.0242590 seconds
51.603: [Full GC [PSYoungGen: 138240K->33733K(161280K)] [ParOldGen: 368087K->368087K(368128K)] 506327K->401821K(529408K) [PSPermGen: 13623K->13623K(21504K)], 0.0745420 secs] [Times: user=0.52 sys=0.00, real=0.08 secs] 
51.678: Total time for which application threads were stopped: 0.0751570 seconds, Stopping threads took: 0.0000560 seconds
51.702: Application time: 0.0243670 seconds
51.703: [Full GC [PSYoungGen: 138240K->33756K(161280K)] [ParOldGen: 368087K->368087K(368128K)] 506327K->401844K(529408K) [PSPermGen: 13623K->13623K(21504K)], 0.0743690 secs] [Times: user=0.53 sys=0.00, real=0.08 secs] 
51.777: Total time for which application threads were stopped: 0.0749940 seconds, Stopping threads took: 0.0000510 seconds
51.801: Application time: 0.0239720 seconds
51.802: [Full GC [PSYoungGen: 138240K->33769K(161280K)] [ParOldGen: 368087K->368087K(368128K)] 506327K->401857K(529408K) [PSPermGen: 13623K->13623K(21504K)], 0.0758200 secs] [Times: user=0.53 sys=0.01, real=0.08 secs] 
51.878: Total time for which application threads were stopped: 0.0765270 seconds, Stopping threads took: 0.0000440 seconds
51.901: Application time: 0.0239040 seconds
51.902: [Full GC [PSYoungGen: 138240K->33785K(161280K)] [ParOldGen: 368087K->368087K(368128K)] 506327K->401873K(529408K) [PSPermGen: 13623K->13623K(21504K)], 0.0749320 secs] [Times: user=0.52 sys=0.00, real=0.08 secs] 
51.977: Total time for which application threads were stopped: 0.0755810 seconds, Stopping threads took: 0.0000520 seconds
52.001: Application time: 0.0237700 seconds
52.001: [Full GC [PSYoungGen: 138240K->33799K(161280K)] [ParOldGen: 368087K->368087K(368128K)] 506327K->401887K(529408K) [PSPermGen: 13623K->13623K(21504K)], 0.0750620 secs] [Times: user=0.53 sys=0.00, real=0.08 secs] 
52.077: Total time for which application threads were stopped: 0.0757540 seconds, Stopping threads took: 0.0000490 seconds
52.101: Application time: 0.0241110 seconds
52.101: [Full GC [PSYoungGen: 138240K->33816K(161280K)] [ParOldGen: 368087K->368087K(368128K)] 506327K->401903K(529408K) [PSPermGen: 13623K->13623K(21504K)], 0.0745590 secs] [Times: user=0.52 sys=0.00, real=0.08 secs] 
52.176: Total time for which application threads were stopped: 0.0752410 seconds, Stopping threads took: 0.0000540 seconds
52.200: Application time: 0.0241090 seconds
52.201: [Full GC [PSYoungGen: 138240K->33829K(161280K)] [ParOldGen: 368087K->368087K(368128K)] 506327K->401917K(529408K) [PSPermGen: 13623K->13623K(21504K)], 0.0745030 secs] [Times: user=0.52 sys=0.00, real=0.08 secs] 
52.275: Total time for which application threads were stopped: 0.0751170 seconds, Stopping threads took: 0.0000610 seconds
52.299: Application time: 0.0242450 seconds
52.300: [Full GC [PSYoungGen: 138240K->33844K(161280K)] [ParOldGen: 368087K->368087K(368128K)] 506327K->401932K(529408K) [PSPermGen: 13623K->13623K(21504K)], 0.0743150 secs] [Times: user=0.52 sys=0.00, real=0.08 secs] 
52.374: Total time for which application threads were stopped: 0.0749900 seconds, Stopping threads took: 0.0000480 seconds
52.399: Application time: 0.0242120 seconds
52.399: [Full GC [PSYoungGen: 138240K->33859K(161280K)] [ParOldGen: 368087K->368087K(368128K)] 506327K->401947K(529408K) [PSPermGen: 13623K->13623K(21504K)], 0.0752050 secs] [Times: user=0.53 sys=0.00, real=0.08 secs] 
52.474: Total time for which application threads were stopped: 0.0758010 seconds, Stopping threads took: 0.0000420 seconds
52.499: Application time: 0.0240980 seconds
52.499: [Full GC [PSYoungGen: 138240K->33874K(161280K)] [ParOldGen: 368087K->368087K(368128K)] 506327K->401962K(529408K) [PSPermGen: 13623K->13623K(21504K)], 0.0760300 secs] [Times: user=0.53 sys=0.00, real=0.08 secs] 
52.575: Total time for which application threads were stopped: 0.0766840 seconds, Stopping threads took: 0.0000800 seconds
52.599: Application time: 0.0242490 seconds
52.600: [Full GC [PSYoungGen: 138240K->33890K(161280K)] [ParOldGen: 368087K->368087K(368128K)] 506327K->401978K(529408K) [PSPermGen: 13623K->13623K(21504K)], 0.0740830 secs] [Times: user=0.53 sys=0.00, real=0.08 secs] 
52.674: Total time for which application threads were stopped: 0.0747810 seconds, Stopping threads took: 0.0000610 seconds
52.699: Application time: 0.0242540 seconds
52.699: [Full GC [PSYoungGen: 138240K->33905K(161280K)] [ParOldGen: 368087K->368087K(368128K)] 506327K->401993K(529408K) [PSPermGen: 13623K->13623K(21504K)], 0.0744680 secs] [Times: user=0.53 sys=0.00, real=0.08 secs] 
52.774: Total time for which application threads were stopped: 0.0751150 seconds, Stopping threads took: 0.0000420 seconds
52.798: Application time: 0.0240890 seconds
52.798: [Full GC [PSYoungGen: 138240K->33919K(161280K)] [ParOldGen: 368087K->368087K(368128K)] 506327K->402007K(529408K) [PSPermGen: 13623K->13623K(21504K)], 0.0749960 secs] [Times: user=0.53 sys=0.00, real=0.07 secs] 
52.873: Total time for which application threads were stopped: 0.0756020 seconds, Stopping threads took: 0.0000540 seconds
52.898: Application time: 0.0242850 seconds
52.898: [Full GC [PSYoungGen: 138240K->33936K(161280K)] [ParOldGen: 368087K->368087K(368128K)] 506327K->402023K(529408K) [PSPermGen: 13623K->13623K(21504K)], 0.0750250 secs] [Times: user=0.53 sys=0.00, real=0.07 secs] 
52.973: Total time for which application threads were stopped: 0.0756270 seconds, Stopping threads took: 0.0000480 seconds
52.998: Application time: 0.0246900 seconds
52.999: [Full GC [PSYoungGen: 138240K->33946K(161280K)] [ParOldGen: 368087K->368087K(368128K)] 506327K->402034K(529408K) [PSPermGen: 13623K->13623K(21504K)], 0.0755160 secs] [Times: user=0.53 sys=0.00, real=0.08 secs] 
53.074: Total time for which application threads were stopped: 0.0761420 seconds, Stopping threads took: 0.0000670 seconds
53.098: Application time: 0.0243380 seconds
53.099: [Full GC [PSYoungGen: 138240K->33965K(161280K)] [ParOldGen: 368087K->368087K(368128K)] 506327K->402053K(529408K) [PSPermGen: 13623K->13623K(21504K)], 0.0750260 secs] [Times: user=0.52 sys=0.00, real=0.08 secs] 
53.174: Total time for which application threads were stopped: 0.0757040 seconds, Stopping threads took: 0.0000460 seconds
53.200: Application time: 0.0257230 seconds
53.201: [Full GC [PSYoungGen: 138240K->33918K(161280K)] [ParOldGen: 368087K->368087K(368128K)] 506327K->402006K(529408K) [PSPermGen: 13623K->13623K(21504K)], 0.0739700 secs] [Times: user=0.52 sys=0.00, real=0.08 secs] 
53.275: Total time for which application threads were stopped: 0.0746490 seconds, Stopping threads took: 0.0000630 seconds
53.276: Application time: 0.0017300 seconds
53.277: Total time for which application threads were stopped: 0.0005610 seconds, Stopping threads took: 0.0000890 seconds
53.300: Application time: 0.0228790 seconds
53.300: [Full GC [PSYoungGen: 138240K->33814K(161280K)] [ParOldGen: 368087K->368087K(368128K)] 506327K->401902K(529408K) [PSPermGen: 13623K->13623K(21504K)], 0.0738670 secs] [Times: user=0.52 sys=0.00, real=0.08 secs] 
53.374: Total time for which application threads were stopped: 0.0744700 seconds, Stopping threads took: 0.0000550 seconds
53.374: Application time: 0.0001800 seconds
53.375: Total time for which application threads were stopped: 0.0005760 seconds, Stopping threads took: 0.0000670 seconds
53.375: Application time: 0.0000280 seconds
53.375: Total time for which application threads were stopped: 0.0003030 seconds, Stopping threads took: 0.0000800 seconds
53.399: Application time: 0.0236550 seconds
53.400: [Full GC [PSYoungGen: 138240K->33800K(161280K)] [ParOldGen: 368087K->368087K(368128K)] 506327K->401888K(529408K) [PSPermGen: 13623K->13623K(21504K)], 0.0743910 secs] [Times: user=0.53 sys=0.00, real=0.08 secs] 
53.474: Total time for which application threads were stopped: 0.0750240 seconds, Stopping threads took: 0.0000670 seconds
53.498: Application time: 0.0245270 seconds
53.499: [Full GC [PSYoungGen: 138240K->33753K(161280K)] [ParOldGen: 368087K->368087K(368128K)] 506327K->401841K(529408K) [PSPermGen: 13623K->13623K(21504K)], 0.0749590 secs] [Times: user=0.52 sys=0.01, real=0.08 secs] 
53.574: Total time for which application threads were stopped: 0.0755680 seconds, Stopping threads took: 0.0000550 seconds
53.574: Application time: 0.0003830 seconds
53.575: Total time for which application threads were stopped: 0.0005790 seconds, Stopping threads took: 0.0000630 seconds
53.599: Application time: 0.0235710 seconds
53.599: [Full GC [PSYoungGen: 138240K->33758K(161280K)] [ParOldGen: 368087K->368087K(368128K)] 506327K->401846K(529408K) [PSPermGen: 13623K->13623K(21504K)], 0.0736880 secs] [Times: user=0.52 sys=0.00, real=0.07 secs] 
53.673: Total time for which application threads were stopped: 0.0743660 seconds, Stopping threads took: 0.0000550 seconds
53.697: Application time: 0.0243300 seconds
53.698: [Full GC [PSYoungGen: 138240K->33776K(161280K)] [ParOldGen: 368087K->368087K(368128K)] 506327K->401864K(529408K) [PSPermGen: 13623K->13623K(21504K)], 0.0733950 secs] [Times: user=0.52 sys=0.00, real=0.07 secs] 
53.771: Total time for which application threads were stopped: 0.0741260 seconds, Stopping threads took: 0.0000700 seconds
53.798: Application time: 0.0261810 seconds
53.798: [Full GC [PSYoungGen: 138240K->33715K(161280K)] [ParOldGen: 368087K->368087K(368128K)] 506327K->401802K(529408K) [PSPermGen: 13623K->13623K(21504K)], 0.0746720 secs] [Times: user=0.52 sys=0.00, real=0.07 secs] 
53.873: Total time for which application threads were stopped: 0.0753650 seconds, Stopping threads took: 0.0000520 seconds
53.898: Application time: 0.0250530 seconds
53.899: [Full GC [PSYoungGen: 138240K->33572K(161280K)] [ParOldGen: 368087K->368087K(368128K)] 506327K->401660K(529408K) [PSPermGen: 13623K->13623K(21504K)], 0.0746510 secs] [Times: user=0.53 sys=0.00, real=0.07 secs] 
53.973: Total time for which application threads were stopped: 0.0753580 seconds, Stopping threads took: 0.0000700 seconds
53.974: Application time: 0.0003470 seconds
53.974: Total time for which application threads were stopped: 0.0006480 seconds, Stopping threads took: 0.0000760 seconds
53.974: Application time: 0.0000170 seconds
53.975: Total time for which application threads were stopped: 0.0001580 seconds, Stopping threads took: 0.0000060 seconds
53.998: Application time: 0.0238510 seconds
53.999: [Full GC [PSYoungGen: 138240K->33538K(161280K)] [ParOldGen: 368087K->368087K(368128K)] 506327K->401626K(529408K) [PSPermGen: 13623K->13623K(21504K)], 0.0737610 secs] [Times: user=0.52 sys=0.00, real=0.07 secs] 
54.073: Total time for which application threads were stopped: 0.0744630 seconds, Stopping threads took: 0.0000650 seconds
54.097: Application time: 0.0241260 seconds
54.098: [Full GC [PSYoungGen: 138240K->33553K(161280K)] [ParOldGen: 368087K->368087K(368128K)] 506327K->401640K(529408K) [PSPermGen: 13623K->13623K(21504K)], 0.0739570 secs] [Times: user=0.53 sys=0.00, real=0.07 secs] 
54.172: Total time for which application threads were stopped: 0.0746710 seconds, Stopping threads took: 0.0000520 seconds
54.196: Application time: 0.0241320 seconds
54.196: [Full GC [PSYoungGen: 138240K->33568K(161280K)] [ParOldGen: 368087K->368087K(368128K)] 506327K->401656K(529408K) [PSPermGen: 13623K->13623K(21504K)], 0.0740110 secs] [Times: user=0.53 sys=0.00, real=0.07 secs] 
54.271: Total time for which application threads were stopped: 0.0747150 seconds, Stopping threads took: 0.0000570 seconds
54.295: Application time: 0.0241470 seconds
54.295: [Full GC [PSYoungGen: 138240K->33583K(161280K)] [ParOldGen: 368087K->368087K(368128K)] 506327K->401670K(529408K) [PSPermGen: 13623K->13623K(21504K)], 0.0747560 secs] [Times: user=0.52 sys=0.00, real=0.07 secs] 
54.370: Total time for which application threads were stopped: 0.0754800 seconds, Stopping threads took: 0.0000560 seconds
54.394: Application time: 0.0239370 seconds
54.395: [Full GC [PSYoungGen: 138240K->33598K(161280K)] [ParOldGen: 368087K->368087K(368128K)] 506327K->401685K(529408K) [PSPermGen: 13623K->13623K(21504K)], 0.0739480 secs] [Times: user=0.52 sys=0.00, real=0.07 secs] 
54.469: Total time for which application threads were stopped: 0.0745800 seconds, Stopping threads took: 0.0000740 seconds
54.493: Application time: 0.0238980 seconds
54.493: [Full GC [PSYoungGen: 138240K->33612K(161280K)] [ParOldGen: 368087K->368087K(368128K)] 506327K->401699K(529408K) [PSPermGen: 13623K->13623K(21504K)], 0.0744770 secs] [Times: user=0.52 sys=0.01, real=0.08 secs] 
54.568: Total time for which application threads were stopped: 0.0750810 seconds, Stopping threads took: 0.0000430 seconds
54.591: Application time: 0.0237790 seconds
54.592: [Full GC [PSYoungGen: 138240K->33627K(161280K)] [ParOldGen: 368087K->368087K(368128K)] 506327K->401715K(529408K) [PSPermGen: 13623K->13623K(21504K)], 0.0742140 secs] [Times: user=0.53 sys=0.00, real=0.08 secs] 
54.666: Total time for which application threads were stopped: 0.0748210 seconds, Stopping threads took: 0.0000490 seconds
54.690: Application time: 0.0240460 seconds
54.691: [Full GC [PSYoungGen: 138240K->33642K(161280K)] [ParOldGen: 368087K->368087K(368128K)] 506327K->401730K(529408K) [PSPermGen: 13623K->13623K(21504K)], 0.0761690 secs] [Times: user=0.51 sys=0.00, real=0.08 secs] 
54.767: Total time for which application threads were stopped: 0.0767680 seconds, Stopping threads took: 0.0000460 seconds
54.793: Application time: 0.0255500 seconds
54.793: [Full GC [PSYoungGen: 138240K->33658K(161280K)] [ParOldGen: 368087K->368087K(368128K)] 506327K->401746K(529408K) [PSPermGen: 13623K->13623K(21504K)], 0.0742160 secs] [Times: user=0.52 sys=0.00, real=0.08 secs] 
54.868: Total time for which application threads were stopped: 0.0748370 seconds, Stopping threads took: 0.0000580 seconds
54.892: Application time: 0.0239910 seconds
54.894: [Full GC [PSYoungGen: 138240K->33671K(161280K)] [ParOldGen: 368087K->368087K(368128K)] 506327K->401759K(529408K) [PSPermGen: 13623K->13623K(21504K)], 0.0739690 secs] [Times: user=0.53 sys=0.00, real=0.07 secs] 
54.968: Total time for which application threads were stopped: 0.0766750 seconds, Stopping threads took: 0.0020380 seconds
54.993: Application time: 0.0244050 seconds
54.993: [Full GC [PSYoungGen: 138240K->33686K(161280K)] [ParOldGen: 368087K->368087K(368128K)] 506327K->401774K(529408K) [PSPermGen: 13623K->13623K(21504K)], 0.0745220 secs] [Times: user=0.51 sys=0.00, real=0.08 secs] 
55.068: Total time for which application threads were stopped: 0.0752090 seconds, Stopping threads took: 0.0000470 seconds
55.092: Application time: 0.0244700 seconds
55.093: [Full GC [PSYoungGen: 138240K->33701K(161280K)] [ParOldGen: 368087K->368087K(368128K)] 506327K->401789K(529408K) [PSPermGen: 13623K->13623K(21504K)], 0.0751080 secs] [Times: user=0.53 sys=0.00, real=0.08 secs] 
55.168: Total time for which application threads were stopped: 0.0757220 seconds, Stopping threads took: 0.0000540 seconds
55.192: Application time: 0.0243880 seconds
55.193: [Full GC [PSYoungGen: 138240K->33716K(161280K)] [ParOldGen: 368087K->368087K(368128K)] 506327K->401803K(529408K) [PSPermGen: 13623K->13623K(21504K)], 0.0752190 secs] [Times: user=0.53 sys=0.00, real=0.08 secs] 
55.268: Total time for which application threads were stopped: 0.0758380 seconds, Stopping threads took: 0.0000670 seconds
55.293: Application time: 0.0251930 seconds
55.294: [Full GC [PSYoungGen: 138240K->33732K(161280K)] [ParOldGen: 368087K->368087K(368128K)] 506327K->401820K(529408K) [PSPermGen: 13623K->13623K(21504K)], 0.0738560 secs] [Times: user=0.53 sys=0.00, real=0.07 secs] 
55.368: Total time for which application threads were stopped: 0.0745530 seconds, Stopping threads took: 0.0000730 seconds
55.393: Application time: 0.0247160 seconds
55.393: [Full GC [PSYoungGen: 138240K->33747K(161280K)] [ParOldGen: 368087K->368087K(368128K)] 506327K->401835K(529408K) [PSPermGen: 13623K->13623K(21504K)], 0.0749750 secs] [Times: user=0.53 sys=0.00, real=0.08 secs] 
55.468: Total time for which application threads were stopped: 0.0756910 seconds, Stopping threads took: 0.0000680 seconds
55.493: Application time: 0.0242420 seconds
55.493: [Full GC [PSYoungGen: 138240K->33762K(161280K)] [ParOldGen: 368087K->368087K(368128K)] 506327K->401850K(529408K) [PSPermGen: 13623K->13623K(21504K)], 0.0743550 secs] [Times: user=0.50 sys=0.00, real=0.08 secs] 
55.568: Total time for which application threads were stopped: 0.0749800 seconds, Stopping threads took: 0.0000420 seconds
55.592: Application time: 0.0239410 seconds
55.592: [Full GC [PSYoungGen: 138240K->33774K(161280K)] [ParOldGen: 368087K->368087K(368128K)] 506327K->401862K(529408K) [PSPermGen: 13623K->13623K(21504K)], 0.0745110 secs] [Times: user=0.52 sys=0.00, real=0.08 secs] 
55.667: Total time for which application threads were stopped: 0.0752000 seconds, Stopping threads took: 0.0000550 seconds
55.691: Application time: 0.0240920 seconds
55.692: [Full GC [PSYoungGen: 138240K->33788K(161280K)] [ParOldGen: 368087K->368087K(368128K)] 506327K->401876K(529408K) [PSPermGen: 13623K->13623K(21504K)], 0.0746000 secs] [Times: user=0.52 sys=0.00, real=0.08 secs] 
55.766: Total time for which application threads were stopped: 0.0752950 seconds, Stopping threads took: 0.0000510 seconds
55.791: Application time: 0.0245850 seconds
55.791: [Full GC [PSYoungGen: 138240K->33804K(161280K)] [ParOldGen: 368087K->368087K(368128K)] 506327K->401892K(529408K) [PSPermGen: 13623K->13623K(21504K)], 0.0755930 secs] [Times: user=0.53 sys=0.00, real=0.08 secs] 
55.867: Total time for which application threads were stopped: 0.0763480 seconds, Stopping threads took: 0.0000610 seconds
55.891: Application time: 0.0238910 seconds
55.892: [Full GC [PSYoungGen: 138240K->33819K(161280K)] [ParOldGen: 368087K->368087K(368128K)] 506327K->401907K(529408K) [PSPermGen: 13623K->13623K(21504K)], 0.0750870 secs] [Times: user=0.52 sys=0.00, real=0.08 secs] 
55.967: Total time for which application threads were stopped: 0.0757360 seconds, Stopping threads took: 0.0000790 seconds
55.990: Application time: 0.0235790 seconds
55.991: [Full GC [PSYoungGen: 138240K->33837K(161280K)] [ParOldGen: 368087K->368087K(368128K)] 506327K->401924K(529408K) [PSPermGen: 13623K->13623K(21504K)], 0.0743810 secs] [Times: user=0.53 sys=0.00, real=0.07 secs] 
56.065: Total time for which application threads were stopped: 0.0750060 seconds, Stopping threads took: 0.0000620 seconds
56.089: Application time: 0.0239170 seconds
56.090: [Full GC [PSYoungGen: 138240K->33851K(161280K)] [ParOldGen: 368087K->368087K(368128K)] 506327K->401938K(529408K) [PSPermGen: 13623K->13623K(21504K)], 0.0752550 secs] [Times: user=0.52 sys=0.00, real=0.07 secs] 
56.165: Total time for which application threads were stopped: 0.0759950 seconds, Stopping threads took: 0.0000660 seconds
56.189: Application time: 0.0237700 seconds
56.190: [Full GC [PSYoungGen: 138240K->33865K(161280K)] [ParOldGen: 368087K->368087K(368128K)] 506327K->401952K(529408K) [PSPermGen: 13623K->13623K(21504K)], 0.0747990 secs] [Times: user=0.53 sys=0.00, real=0.07 secs] 
56.264: Total time for which application threads were stopped: 0.0754280 seconds, Stopping threads took: 0.0000540 seconds
56.288: Application time: 0.0238520 seconds
56.289: [Full GC [PSYoungGen: 138240K->33877K(161280K)] [ParOldGen: 368087K->368087K(368128K)] 506327K->401965K(529408K) [PSPermGen: 13623K->13623K(21504K)], 0.0741310 secs] [Times: user=0.52 sys=0.00, real=0.07 secs] 
56.363: Total time for which application threads were stopped: 0.0748090 seconds, Stopping threads took: 0.0000410 seconds
56.387: Application time: 0.0238210 seconds
56.388: [Full GC [PSYoungGen: 138240K->33897K(161280K)] [ParOldGen: 368087K->368087K(368128K)] 506327K->401985K(529408K) [PSPermGen: 13623K->13623K(21504K)], 0.0756050 secs] [Times: user=0.53 sys=0.00, real=0.07 secs] 
56.463: Total time for which application threads were stopped: 0.0762410 seconds, Stopping threads took: 0.0000610 seconds
56.488: Application time: 0.0248850 seconds
56.489: [Full GC [PSYoungGen: 138240K->33912K(161280K)] [ParOldGen: 368087K->368087K(368128K)] 506327K->401999K(529408K) [PSPermGen: 13623K->13623K(21504K)], 0.0745440 secs] [Times: user=0.53 sys=0.00, real=0.07 secs] 
56.563: Total time for which application threads were stopped: 0.0752660 seconds, Stopping threads took: 0.0000730 seconds
56.587: Application time: 0.0239700 seconds
56.588: [Full GC [PSYoungGen: 138240K->33926K(161280K)] [ParOldGen: 368087K->368087K(368128K)] 506327K->402014K(529408K) [PSPermGen: 13623K->13623K(21504K)], 0.0737440 secs] [Times: user=0.52 sys=0.00, real=0.07 secs] 
56.662: Total time for which application threads were stopped: 0.0744270 seconds, Stopping threads took: 0.0000470 seconds
56.686: Application time: 0.0237970 seconds
56.686: [Full GC [PSYoungGen: 138240K->33941K(161280K)] [ParOldGen: 368087K->368087K(368128K)] 506327K->402029K(529408K) [PSPermGen: 13623K->13623K(21504K)], 0.0746070 secs] [Times: user=0.52 sys=0.00, real=0.07 secs] 
56.761: Total time for which application threads were stopped: 0.0753260 seconds, Stopping threads took: 0.0000440 seconds
56.785: Application time: 0.0238290 seconds
56.785: [Full GC [PSYoungGen: 138240K->33956K(161280K)] [ParOldGen: 368087K->368087K(368128K)] 506327K->402044K(529408K) [PSPermGen: 13623K->13623K(21504K)], 0.0768440 secs] [Times: user=0.55 sys=0.00, real=0.08 secs] 
56.862: Total time for which application threads were stopped: 0.0774530 seconds, Stopping threads took: 0.0000530 seconds
56.886: Application time: 0.0239890 seconds
56.887: [Full GC [PSYoungGen: 138240K->33970K(161280K)] [ParOldGen: 368087K->368087K(368128K)] 506327K->402057K(529408K) [PSPermGen: 13623K->13623K(21504K)], 0.0742560 secs] [Times: user=0.51 sys=0.00, real=0.07 secs] 
56.961: Total time for which application threads were stopped: 0.0749590 seconds, Stopping threads took: 0.0000700 seconds
56.987: Application time: 0.0255860 seconds
56.987: [Full GC [PSYoungGen: 138240K->33875K(161280K)] [ParOldGen: 368087K->368087K(368128K)] 506327K->401962K(529408K) [PSPermGen: 13624K->13624K(21504K)], 0.0737080 secs] [Times: user=0.52 sys=0.00, real=0.07 secs] 
57.061: Total time for which application threads were stopped: 0.0744130 seconds, Stopping threads took: 0.0000700 seconds
57.086: Application time: 0.0253470 seconds
57.087: [Full GC [PSYoungGen: 138240K->33806K(161280K)] [ParOldGen: 368087K->368087K(368128K)] 506327K->401894K(529408K) [PSPermGen: 13624K->13624K(21504K)], 0.0741870 secs] [Times: user=0.52 sys=0.00, real=0.07 secs] 
57.161: Total time for which application threads were stopped: 0.0748740 seconds, Stopping threads took: 0.0000620 seconds
57.186: Application time: 0.0248890 seconds
57.187: [Full GC [PSYoungGen: 138240K->33807K(161280K)] [ParOldGen: 368087K->368087K(368128K)] 506327K->401895K(529408K) [PSPermGen: 13624K->13624K(21504K)], 0.0751780 secs] [Times: user=0.53 sys=0.01, real=0.07 secs] 
57.262: Total time for which application threads were stopped: 0.0759100 seconds, Stopping threads took: 0.0000610 seconds
57.287: Application time: 0.0246930 seconds
57.287: [Full GC [PSYoungGen: 138240K->33768K(161280K)] [ParOldGen: 368087K->368087K(368128K)] 506327K->401855K(529408K) [PSPermGen: 13624K->13624K(21504K)], 0.0747000 secs] [Times: user=0.53 sys=0.00, real=0.07 secs] 
57.362: Total time for which application threads were stopped: 0.0753110 seconds, Stopping threads took: 0.0000560 seconds
57.386: Application time: 0.0240460 seconds
57.387: [Full GC [PSYoungGen: 138240K->33765K(161280K)] [ParOldGen: 368087K->368087K(368128K)] 506327K->401853K(529408K) [PSPermGen: 13624K->13624K(21504K)], 0.0743920 secs] [Times: user=0.52 sys=0.00, real=0.07 secs] 
57.461: Total time for which application threads were stopped: 0.0750220 seconds, Stopping threads took: 0.0000620 seconds
57.485: Application time: 0.0240040 seconds
57.486: [Full GC [PSYoungGen: 138240K->33780K(161280K)] [ParOldGen: 368087K->368087K(368128K)] 506327K->401868K(529408K) [PSPermGen: 13624K->13624K(21504K)], 0.0738940 secs] [Times: user=0.52 sys=0.00, real=0.07 secs] 
57.560: Total time for which application threads were stopped: 0.0745940 seconds, Stopping threads took: 0.0000490 seconds
57.584: Application time: 0.0240990 seconds
57.585: [Full GC [PSYoungGen: 138240K->33795K(161280K)] [ParOldGen: 368087K->368087K(368128K)] 506327K->401883K(529408K) [PSPermGen: 13624K->13624K(21504K)], 0.0737910 secs] [Times: user=0.52 sys=0.00, real=0.08 secs] 
57.658: Total time for which application threads were stopped: 0.0744740 seconds, Stopping threads took: 0.0000470 seconds
57.683: Application time: 0.0250560 seconds
57.684: [Full GC [PSYoungGen: 138240K->33701K(161280K)] [ParOldGen: 368087K->368087K(368128K)] 506327K->401789K(529408K) [PSPermGen: 13624K->13624K(21504K)], 0.0736160 secs] [Times: user=0.51 sys=0.00, real=0.08 secs] 
57.758: Total time for which application threads were stopped: 0.0743020 seconds, Stopping threads took: 0.0000510 seconds
57.782: Application time: 0.0242960 seconds
57.783: [Full GC [PSYoungGen: 138240K->33577K(161280K)] [ParOldGen: 368087K->368087K(368128K)] 506327K->401665K(529408K) [PSPermGen: 13624K->13624K(21504K)], 0.0769760 secs] [Times: user=0.54 sys=0.00, real=0.08 secs] 
57.860: Total time for which application threads were stopped: 0.0776890 seconds, Stopping threads took: 0.0000440 seconds
57.884: Application time: 0.0239850 seconds
57.884: [Full GC [PSYoungGen: 138240K->33559K(161280K)] [ParOldGen: 368087K->368087K(368128K)] 506327K->401646K(529408K) [PSPermGen: 13624K->13624K(21504K)], 0.0742310 secs] [Times: user=0.49 sys=0.03, real=0.08 secs] 
57.959: Total time for which application threads were stopped: 0.0748670 seconds, Stopping threads took: 0.0000560 seconds
57.982: Application time: 0.0238060 seconds
57.983: [Full GC [PSYoungGen: 138240K->33573K(161280K)] [ParOldGen: 368087K->368087K(368128K)] 506327K->401660K(529408K) [PSPermGen: 13624K->13624K(21504K)], 0.0745640 secs] [Times: user=0.53 sys=0.00, real=0.08 secs] 
58.058: Total time for which application threads were stopped: 0.0752610 seconds, Stopping threads took: 0.0000550 seconds
58.082: Application time: 0.0240500 seconds
58.082: [Full GC [PSYoungGen: 138240K->33589K(161280K)] [ParOldGen: 368087K->368087K(368128K)] 506327K->401676K(529408K) [PSPermGen: 13624K->13624K(21504K)], 0.0739570 secs] [Times: user=0.52 sys=0.00, real=0.08 secs] 
58.156: Total time for which application threads were stopped: 0.0746590 seconds, Stopping threads took: 0.0000530 seconds
58.181: Application time: 0.0246360 seconds
58.182: [Full GC [PSYoungGen: 138240K->33600K(161280K)] [ParOldGen: 368087K->368087K(368128K)] 506327K->401688K(529408K) [PSPermGen: 13624K->13624K(21504K)], 0.0737000 secs] [Times: user=0.53 sys=0.00, real=0.08 secs] 
58.255: Total time for which application threads were stopped: 0.0743830 seconds, Stopping threads took: 0.0000520 seconds
58.280: Application time: 0.0245400 seconds
58.281: [Full GC [PSYoungGen: 138240K->33615K(161280K)] [ParOldGen: 368087K->368087K(368128K)] 506327K->401703K(529408K) [PSPermGen: 13624K->13624K(21504K)], 0.0740510 secs] [Times: user=0.51 sys=0.00, real=0.08 secs] 
58.355: Total time for which application threads were stopped: 0.0747360 seconds, Stopping threads took: 0.0000500 seconds
58.379: Application time: 0.0238650 seconds
58.379: [Full GC [PSYoungGen: 138240K->33633K(161280K)] [ParOldGen: 368087K->368087K(368128K)] 506327K->401721K(529408K) [PSPermGen: 13624K->13624K(21504K)], 0.0741630 secs] [Times: user=0.52 sys=0.00, real=0.07 secs] 
58.453: Total time for which application threads were stopped: 0.0748720 seconds, Stopping threads took: 0.0000480 seconds
58.477: Application time: 0.0237550 seconds
58.478: [Full GC [PSYoungGen: 138240K->33648K(161280K)] [ParOldGen: 368087K->368087K(368128K)] 506327K->401736K(529408K) [PSPermGen: 13624K->13624K(21504K)], 0.0742820 secs] [Times: user=0.51 sys=0.00, real=0.07 secs] 
58.552: Total time for which application threads were stopped: 0.0749860 seconds, Stopping threads took: 0.0000580 seconds
58.576: Application time: 0.0237730 seconds
58.577: [Full GC [PSYoungGen: 138240K->33664K(161280K)] [ParOldGen: 368087K->368087K(368128K)] 506327K->401751K(529408K) [PSPermGen: 13624K->13624K(21504K)], 0.0755110 secs] [Times: user=0.53 sys=0.00, real=0.07 secs] 
58.652: Total time for which application threads were stopped: 0.0762050 seconds, Stopping threads took: 0.0000490 seconds
58.676: Application time: 0.0237710 seconds
58.677: [Full GC [PSYoungGen: 138240K->33680K(161280K)] [ParOldGen: 368087K->368087K(368128K)] 506327K->401767K(529408K) [PSPermGen: 13624K->13624K(21504K)], 0.0743130 secs] [Times: user=0.52 sys=0.00, real=0.07 secs] 
58.751: Total time for which application threads were stopped: 0.0749760 seconds, Stopping threads took: 0.0000520 seconds
58.775: Application time: 0.0238680 seconds
58.775: [Full GC [PSYoungGen: 138240K->33690K(161280K)] [ParOldGen: 368087K->368087K(368128K)] 506327K->401778K(529408K) [PSPermGen: 13624K->13624K(21504K)], 0.0750510 secs] [Times: user=0.52 sys=0.00, real=0.07 secs] 
58.851: Total time for which application threads were stopped: 0.0757610 seconds, Stopping threads took: 0.0000650 seconds
58.874: Application time: 0.0238130 seconds
58.875: [Full GC [PSYoungGen: 138240K->33700K(161280K)] [ParOldGen: 368087K->368087K(368128K)] 506327K->401788K(529408K) [PSPermGen: 13624K->13624K(21504K)], 0.0744370 secs] [Times: user=0.52 sys=0.00, real=0.07 secs] 
58.950: Total time for which application threads were stopped: 0.0751080 seconds, Stopping threads took: 0.0000410 seconds
58.973: Application time: 0.0238740 seconds
58.974: [Full GC [PSYoungGen: 138240K->33722K(161280K)] [ParOldGen: 368087K->368087K(368128K)] 506327K->401810K(529408K) [PSPermGen: 13624K->13624K(21504K)], 0.0745030 secs] [Times: user=0.52 sys=0.00, real=0.07 secs] 
59.049: Total time for which application threads were stopped: 0.0751170 seconds, Stopping threads took: 0.0000280 seconds
59.073: Application time: 0.0240050 seconds
59.073: [Full GC [PSYoungGen: 138240K->33737K(161280K)] [ParOldGen: 368087K->368087K(368128K)] 506327K->401825K(529408K) [PSPermGen: 13624K->13624K(21504K)], 0.0747150 secs] [Times: user=0.52 sys=0.00, real=0.08 secs] 
59.148: Total time for which application threads were stopped: 0.0753100 seconds, Stopping threads took: 0.0000370 seconds
59.172: Application time: 0.0237440 seconds
59.172: [Full GC [PSYoungGen: 138240K->33752K(161280K)] [ParOldGen: 368087K->368087K(368128K)] 506327K->401840K(529408K) [PSPermGen: 13624K->13624K(21504K)], 0.0743450 secs] [Times: user=0.52 sys=0.00, real=0.08 secs] 
59.247: Total time for which application threads were stopped: 0.0750240 seconds, Stopping threads took: 0.0000540 seconds
59.271: Application time: 0.0240210 seconds
59.271: [Full GC [PSYoungGen: 138240K->33768K(161280K)] [ParOldGen: 368087K->368087K(368128K)] 506327K->401856K(529408K) [PSPermGen: 13624K->13624K(21504K)], 0.0738970 secs] [Times: user=0.52 sys=0.00, real=0.07 secs] 
59.345: Total time for which application threads were stopped: 0.0745930 seconds, Stopping threads took: 0.0000550 seconds
59.369: Application time: 0.0238210 seconds
59.370: [Full GC [PSYoungGen: 138240K->33781K(161280K)] [ParOldGen: 368087K->368087K(368128K)] 506327K->401869K(529408K) [PSPermGen: 13624K->13624K(21504K)], 0.0740870 secs] [Times: user=0.53 sys=0.00, real=0.07 secs] 
59.444: Total time for which application threads were stopped: 0.0747980 seconds, Stopping threads took: 0.0000530 seconds
59.468: Application time: 0.0237970 seconds
59.468: [Full GC [PSYoungGen: 138240K->33796K(161280K)] [ParOldGen: 368087K->368087K(368128K)] 506327K->401884K(529408K) [PSPermGen: 13624K->13624K(21504K)], 0.0745370 secs] [Times: user=0.52 sys=0.00, real=0.07 secs] 
59.543: Total time for which application threads were stopped: 0.0752220 seconds, Stopping threads took: 0.0000500 seconds
59.567: Application time: 0.0239000 seconds
59.567: [Full GC [PSYoungGen: 138240K->33809K(161280K)] [ParOldGen: 368087K->368087K(368128K)] 506327K->401897K(529408K) [PSPermGen: 13624K->13624K(21504K)], 0.0744700 secs] [Times: user=0.53 sys=0.00, real=0.07 secs] 
59.642: Total time for which application threads were stopped: 0.0751980 seconds, Stopping threads took: 0.0000520 seconds
59.666: Application time: 0.0240750 seconds
59.667: [Full GC [PSYoungGen: 138240K->33825K(161280K)] [ParOldGen: 368087K->368087K(368128K)] 506327K->401913K(529408K) [PSPermGen: 13624K->13624K(21504K)], 0.0761750 secs] [Times: user=0.53 sys=0.00, real=0.07 secs] 
59.743: Total time for which application threads were stopped: 0.0767900 seconds, Stopping threads took: 0.0000480 seconds
59.767: Application time: 0.0238830 seconds
59.767: [Full GC [PSYoungGen: 138240K->33842K(161280K)] [ParOldGen: 368087K->368087K(368128K)] 506327K->401930K(529408K) [PSPermGen: 13624K->13624K(21504K)], 0.0752840 secs] [Times: user=0.54 sys=0.00, real=0.07 secs] 
59.843: Total time for which application threads were stopped: 0.0759760 seconds, Stopping threads took: 0.0000470 seconds
59.867: Application time: 0.0240990 seconds
59.867: [Full GC [PSYoungGen: 138240K->33856K(161280K)] [ParOldGen: 368087K->368087K(368128K)] 506327K->401944K(529408K) [PSPermGen: 13624K->13624K(21504K)], 0.0749220 secs] [Times: user=0.53 sys=0.00, real=0.07 secs] 
59.942: Total time for which application threads were stopped: 0.0755430 seconds, Stopping threads took: 0.0000570 seconds
59.966: Application time: 0.0237700 seconds
59.967: [Full GC [PSYoungGen: 138240K->33871K(161280K)] [ParOldGen: 368087K->368087K(368128K)] 506327K->401959K(529408K) [PSPermGen: 13624K->13624K(21504K)], 0.0760270 secs] [Times: user=0.52 sys=0.00, real=0.07 secs] 
60.043: Total time for which application threads were stopped: 0.0766510 seconds, Stopping threads took: 0.0000580 seconds
60.067: Application time: 0.0237190 seconds
60.067: [Full GC [PSYoungGen: 138240K->33888K(161280K)] [ParOldGen: 368087K->368087K(368128K)] 506327K->401976K(529408K) [PSPermGen: 13624K->13624K(21504K)], 0.0762670 secs] [Times: user=0.53 sys=0.00, real=0.07 secs] 
60.143: Total time for which application threads were stopped: 0.0768830 seconds, Stopping threads took: 0.0000550 seconds
60.167: Application time: 0.0239490 seconds
60.168: [Full GC [PSYoungGen: 138240K->33902K(161280K)] [ParOldGen: 368087K->368087K(368128K)] 506327K->401990K(529408K) [PSPermGen: 13624K->13624K(21504K)], 0.0740050 secs] [Times: user=0.53 sys=0.00, real=0.07 secs] 
60.242: Total time for which application threads were stopped: 0.0746450 seconds, Stopping threads took: 0.0000530 seconds
60.266: Application time: 0.0241660 seconds
60.267: [Full GC [PSYoungGen: 138240K->33916K(161280K)] [ParOldGen: 368087K->368087K(368128K)] 506327K->402004K(529408K) [PSPermGen: 13624K->13624K(21504K)], 0.0745670 secs] [Times: user=0.52 sys=0.00, real=0.07 secs] 
60.341: Total time for which application threads were stopped: 0.0751680 seconds, Stopping threads took: 0.0000410 seconds
60.366: Application time: 0.0245300 seconds
60.367: [Full GC [PSYoungGen: 138240K->33933K(161280K)] [ParOldGen: 368087K->368087K(368128K)] 506327K->402021K(529408K) [PSPermGen: 13624K->13624K(21504K)], 0.0742420 secs] [Times: user=0.53 sys=0.00, real=0.07 secs] 
60.441: Total time for which application threads were stopped: 0.0749410 seconds, Stopping threads took: 0.0000460 seconds
60.466: Application time: 0.0248080 seconds
60.466: [Full GC [PSYoungGen: 138240K->33943K(161280K)] [ParOldGen: 368087K->368087K(368128K)] 506327K->402031K(529408K) [PSPermGen: 13624K->13624K(21504K)], 0.0752470 secs] [Times: user=0.53 sys=0.00, real=0.07 secs] 
60.542: Total time for which application threads were stopped: 0.0759230 seconds, Stopping threads took: 0.0000330 seconds
60.567: Application time: 0.0257400 seconds
60.568: [Full GC [PSYoungGen: 138240K->33851K(161280K)] [ParOldGen: 368087K->368087K(368128K)] 506327K->401939K(529408K) [PSPermGen: 13624K->13624K(21504K)], 0.0738470 secs] [Times: user=0.52 sys=0.00, real=0.07 secs] 
60.642: Total time for which application threads were stopped: 0.0745640 seconds, Stopping threads took: 0.0000890 seconds
60.666: Application time: 0.0237640 seconds
60.666: [Full GC [PSYoungGen: 138240K->33833K(161280K)] [ParOldGen: 368087K->368087K(368128K)] 506327K->401920K(529408K) [PSPermGen: 13624K->13624K(21504K)], 0.0742540 secs] [Times: user=0.51 sys=0.00, real=0.07 secs] 
60.741: Total time for which application threads were stopped: 0.0749510 seconds, Stopping threads took: 0.0000560 seconds
60.765: Application time: 0.0243940 seconds
60.766: [Full GC [PSYoungGen: 138240K->33795K(161280K)] [ParOldGen: 368087K->368087K(368128K)] 506327K->401882K(529408K) [PSPermGen: 13624K->13624K(21504K)], 0.0773060 secs] [Times: user=0.54 sys=0.00, real=0.07 secs] 
60.843: Total time for which application threads were stopped: 0.0779250 seconds, Stopping threads took: 0.0000470 seconds
60.867: Application time: 0.0243070 seconds
60.868: [Full GC [PSYoungGen: 138240K->33796K(161280K)] [ParOldGen: 368087K->368087K(368128K)] 506327K->401884K(529408K) [PSPermGen: 13624K->13624K(21504K)], 0.0750830 secs] [Times: user=0.53 sys=0.00, real=0.07 secs] 
60.943: Total time for which application threads were stopped: 0.0756980 seconds, Stopping threads took: 0.0000590 seconds
60.967: Application time: 0.0241500 seconds
60.968: [Full GC [PSYoungGen: 138240K->33812K(161280K)] [ParOldGen: 368087K->368087K(368128K)] 506327K->401900K(529408K) [PSPermGen: 13624K->13624K(21504K)], 0.0743950 secs] [Times: user=0.53 sys=0.00, real=0.07 secs] 
61.042: Total time for which application threads were stopped: 0.0750000 seconds, Stopping threads took: 0.0000450 seconds
61.066: Application time: 0.0243250 seconds
61.067: [Full GC [PSYoungGen: 138240K->33770K(161280K)] [ParOldGen: 368087K->368087K(368128K)] 506327K->401857K(529408K) [PSPermGen: 13624K->13624K(21504K)], 0.0878350 secs] [Times: user=0.60 sys=0.00, real=0.09 secs] 
61.155: Total time for which application threads were stopped: 0.0884540 seconds, Stopping threads took: 0.0000640 seconds
61.179: Application time: 0.0243000 seconds
61.180: [Full GC [PSYoungGen: 138240K->33771K(161280K)] [ParOldGen: 368087K->368087K(368128K)] 506327K->401859K(529408K) [PSPermGen: 13624K->13624K(21504K)], 0.0744690 secs] [Times: user=0.52 sys=0.00, real=0.08 secs] 
61.254: Total time for which application threads were stopped: 0.0750500 seconds, Stopping threads took: 0.0000460 seconds
61.278: Application time: 0.0239870 seconds
61.279: [Full GC [PSYoungGen: 138240K->33785K(161280K)] [ParOldGen: 368087K->368087K(368128K)] 506327K->401873K(529408K) [PSPermGen: 13624K->13624K(21504K)], 0.0736870 secs] [Times: user=0.52 sys=0.00, real=0.07 secs] 
61.353: Total time for which application threads were stopped: 0.0744070 seconds, Stopping threads took: 0.0000410 seconds
61.377: Application time: 0.0241740 seconds
61.377: [Full GC [PSYoungGen: 138240K->33801K(161280K)] [ParOldGen: 368087K->368087K(368128K)] 506327K->401889K(529408K) [PSPermGen: 13624K->13624K(21504K)], 0.0744450 secs] [Times: user=0.52 sys=0.00, real=0.07 secs] 
61.452: Total time for which application threads were stopped: 0.0751040 seconds, Stopping threads took: 0.0000410 seconds
61.476: Application time: 0.0240910 seconds
61.477: [Full GC [PSYoungGen: 138240K->33816K(161280K)] [ParOldGen: 368087K->368087K(368128K)] 506327K->401903K(529408K) [PSPermGen: 13624K->13624K(21504K)], 0.0761050 secs] [Times: user=0.52 sys=0.01, real=0.07 secs] 
61.553: Total time for which application threads were stopped: 0.0767490 seconds, Stopping threads took: 0.0000490 seconds
61.579: Application time: 0.0260910 seconds
61.579: [Full GC [PSYoungGen: 138240K->33721K(161280K)] [ParOldGen: 368087K->368087K(368128K)] 506327K->401809K(529408K) [PSPermGen: 13624K->13624K(21504K)], 0.0748970 secs] [Times: user=0.51 sys=0.00, real=0.08 secs] 
61.654: Total time for which application threads were stopped: 0.0755620 seconds, Stopping threads took: 0.0000610 seconds
61.679: Application time: 0.0248180 seconds
61.680: [Full GC [PSYoungGen: 138240K->33591K(161280K)] [ParOldGen: 368087K->368087K(368128K)] 506327K->401679K(529408K) [PSPermGen: 13624K->13624K(21504K)], 0.0743890 secs] [Times: user=0.52 sys=0.00, real=0.08 secs] 
61.754: Total time for which application threads were stopped: 0.0749990 seconds, Stopping threads took: 0.0000600 seconds
61.779: Application time: 0.0242610 seconds
61.779: [Full GC [PSYoungGen: 138240K->33579K(161280K)] [ParOldGen: 368087K->368087K(368128K)] 506327K->401667K(529408K) [PSPermGen: 13624K->13624K(21504K)], 0.0743810 secs] [Times: user=0.51 sys=0.01, real=0.08 secs] 
61.854: Total time for which application threads were stopped: 0.0750720 seconds, Stopping threads took: 0.0000500 seconds
61.878: Application time: 0.0243060 seconds
61.879: [Full GC [PSYoungGen: 138240K->33595K(161280K)] [ParOldGen: 368087K->368087K(368128K)] 506327K->401683K(529408K) [PSPermGen: 13624K->13624K(21504K)], 0.0742720 secs] [Times: user=0.52 sys=0.00, real=0.07 secs] 
61.953: Total time for which application threads were stopped: 0.0749910 seconds, Stopping threads took: 0.0000450 seconds
61.977: Application time: 0.0240760 seconds
61.978: [Full GC [PSYoungGen: 138240K->33610K(161280K)] [ParOldGen: 368087K->368087K(368128K)] 506327K->401697K(529408K) [PSPermGen: 13624K->13624K(21504K)], 0.0788300 secs] [Times: user=0.51 sys=0.00, real=0.08 secs] 
62.057: Total time for which application threads were stopped: 0.0795320 seconds, Stopping threads took: 0.0000510 seconds
62.080: Application time: 0.0238830 seconds
62.081: [Full GC [PSYoungGen: 138240K->33625K(161280K)] [ParOldGen: 368087K->368087K(368128K)] 506327K->401713K(529408K) [PSPermGen: 13624K->13624K(21504K)], 0.0746120 secs] [Times: user=0.53 sys=0.00, real=0.08 secs] 
62.156: Total time for which application threads were stopped: 0.0752960 seconds, Stopping threads took: 0.0000740 seconds
62.180: Application time: 0.0240600 seconds
62.180: [Full GC [PSYoungGen: 138240K->33634K(161280K)] [ParOldGen: 368087K->368087K(368128K)] 506327K->401721K(529408K) [PSPermGen: 13624K->13624K(21504K)], 0.0742520 secs] [Times: user=0.52 sys=0.00, real=0.08 secs] 
62.255: Total time for which application threads were stopped: 0.0749270 seconds, Stopping threads took: 0.0000460 seconds
62.279: Application time: 0.0238250 seconds
62.279: [Full GC [PSYoungGen: 138240K->33652K(161280K)] [ParOldGen: 368087K->368087K(368128K)] 506327K->401740K(529408K) [PSPermGen: 13624K->13624K(21504K)], 0.0748850 secs] [Times: user=0.53 sys=0.00, real=0.08 secs] 
62.354: Total time for which application threads were stopped: 0.0754880 seconds, Stopping threads took: 0.0000440 seconds
62.378: Application time: 0.0238230 seconds
62.378: [Full GC [PSYoungGen: 138240K->33670K(161280K)] [ParOldGen: 368087K->368087K(368128K)] 506327K->401758K(529408K) [PSPermGen: 13624K->13624K(21504K)], 0.0746020 secs] [Times: user=0.51 sys=0.00, real=0.07 secs] 
62.453: Total time for which application threads were stopped: 0.0752790 seconds, Stopping threads took: 0.0000450 seconds
62.477: Application time: 0.0238750 seconds
62.478: [Full GC [PSYoungGen: 138240K->33680K(161280K)] [ParOldGen: 368087K->368087K(368128K)] 506327K->401768K(529408K) [PSPermGen: 13624K->13624K(21504K)], 0.0743320 secs] [Times: user=0.51 sys=0.00, real=0.07 secs] 
62.552: Total time for which application threads were stopped: 0.0750420 seconds, Stopping threads took: 0.0000490 seconds
62.576: Application time: 0.0239740 seconds
62.577: [Full GC [PSYoungGen: 138240K->33699K(161280K)] [ParOldGen: 368087K->368087K(368128K)] 506327K->401786K(529408K) [PSPermGen: 13624K->13624K(21504K)], 0.0741620 secs] [Times: user=0.52 sys=0.00, real=0.07 secs] 
62.651: Total time for which application threads were stopped: 0.0747790 seconds, Stopping threads took: 0.0000490 seconds
62.675: Application time: 0.0240750 seconds
62.675: [Full GC [PSYoungGen: 138240K->33713K(161280K)] [ParOldGen: 368087K->368087K(368128K)] 506327K->401801K(529408K) [PSPermGen: 13624K->13624K(21504K)], 0.0747020 secs] [Times: user=0.52 sys=0.00, real=0.07 secs] 
62.750: Total time for which application threads were stopped: 0.0753260 seconds, Stopping threads took: 0.0000620 seconds
62.774: Application time: 0.0241800 seconds
62.775: [Full GC [PSYoungGen: 138240K->33727K(161280K)] [ParOldGen: 368087K->368087K(368128K)] 506327K->401815K(529408K) [PSPermGen: 13624K->13624K(21504K)], 0.0744020 secs] [Times: user=0.52 sys=0.00, real=0.07 secs] 
62.850: Total time for which application threads were stopped: 0.0751070 seconds, Stopping threads took: 0.0000450 seconds
62.873: Application time: 0.0239920 seconds
62.874: [Full GC [PSYoungGen: 138240K->33743K(161280K)] [ParOldGen: 368087K->368087K(368128K)] 506327K->401830K(529408K) [PSPermGen: 13624K->13624K(21504K)], 0.0755410 secs] [Times: user=0.51 sys=0.00, real=0.07 secs] 
62.950: Total time for which application threads were stopped: 0.0762280 seconds, Stopping threads took: 0.0000550 seconds
62.974: Application time: 0.0242360 seconds
62.975: [Full GC [PSYoungGen: 138240K->33759K(161280K)] [ParOldGen: 368087K->368087K(368128K)] 506327K->401847K(529408K) [PSPermGen: 13624K->13624K(21504K)], 0.0742460 secs] [Times: user=0.53 sys=0.00, real=0.07 secs] 
63.049: Total time for which application threads were stopped: 0.0749510 seconds, Stopping threads took: 0.0000520 seconds
63.073: Application time: 0.0239510 seconds
63.074: [Full GC [PSYoungGen: 138240K->33768K(161280K)] [ParOldGen: 368087K->368087K(368128K)] 506327K->401855K(529408K) [PSPermGen: 13624K->13624K(21504K)], 0.0806710 secs] [Times: user=0.56 sys=0.01, real=0.08 secs] 
63.154: Total time for which application threads were stopped: 0.0813860 seconds, Stopping threads took: 0.0000530 seconds
63.178: Application time: 0.0241340 seconds
63.179: [Full GC [PSYoungGen: 138240K->33790K(161280K)] [ParOldGen: 368087K->368087K(368128K)] 506327K->401877K(529408K) [PSPermGen: 13624K->13624K(21504K)], 0.0747170 secs] [Times: user=0.52 sys=0.00, real=0.08 secs] 
63.254: Total time for which application threads were stopped: 0.0753430 seconds, Stopping threads took: 0.0000600 seconds
63.278: Application time: 0.0240240 seconds
63.278: [Full GC [PSYoungGen: 138240K->33801K(161280K)] [ParOldGen: 368087K->368087K(368128K)] 506327K->401888K(529408K) [PSPermGen: 13624K->13624K(21504K)], 0.0750000 secs] [Times: user=0.53 sys=0.00, real=0.07 secs] 
63.353: Total time for which application threads were stopped: 0.0756020 seconds, Stopping threads took: 0.0000400 seconds
63.377: Application time: 0.0239060 seconds
63.378: [Full GC [PSYoungGen: 138240K->33816K(161280K)] [ParOldGen: 368087K->368087K(368128K)] 506327K->401904K(529408K) [PSPermGen: 13624K->13624K(21504K)], 0.0750710 secs] [Times: user=0.52 sys=0.00, real=0.07 secs] 
63.453: Total time for which application threads were stopped: 0.0757790 seconds, Stopping threads took: 0.0000650 seconds
63.477: Application time: 0.0238550 seconds
63.478: [Full GC [PSYoungGen: 138240K->33833K(161280K)] [ParOldGen: 368087K->368087K(368128K)] 506327K->401920K(529408K) [PSPermGen: 13624K->13624K(21504K)], 0.0739470 secs] [Times: user=0.52 sys=0.00, real=0.07 secs] 
63.552: Total time for which application threads were stopped: 0.0746340 seconds, Stopping threads took: 0.0000510 seconds
63.575: Application time: 0.0238530 seconds
63.576: [Full GC [PSYoungGen: 138240K->33845K(161280K)] [ParOldGen: 368087K->368087K(368128K)] 506327K->401933K(529408K) [PSPermGen: 13624K->13624K(21504K)], 0.0747090 secs] [Times: user=0.52 sys=0.00, real=0.07 secs] 
63.651: Total time for which application threads were stopped: 0.0753510 seconds, Stopping threads took: 0.0000690 seconds
63.675: Application time: 0.0240690 seconds
63.675: [Full GC [PSYoungGen: 138240K->33864K(161280K)] [ParOldGen: 368087K->368087K(368128K)] 506327K->401951K(529408K) [PSPermGen: 13624K->13624K(21504K)], 0.0742990 secs] [Times: user=0.53 sys=0.00, real=0.07 secs] 
63.750: Total time for which application threads were stopped: 0.0749290 seconds, Stopping threads took: 0.0000590 seconds
63.774: Application time: 0.0237920 seconds
63.774: [Full GC [PSYoungGen: 138240K->33878K(161280K)] [ParOldGen: 368087K->368087K(368128K)] 506327K->401966K(529408K) [PSPermGen: 13624K->13624K(21504K)], 0.0746660 secs] [Times: user=0.52 sys=0.00, real=0.07 secs] 
63.849: Total time for which application threads were stopped: 0.0753580 seconds, Stopping threads took: 0.0000540 seconds
63.873: Application time: 0.0239680 seconds
63.873: [Full GC [PSYoungGen: 138240K->33892K(161280K)] [ParOldGen: 368087K->368087K(368128K)] 506327K->401980K(529408K) [PSPermGen: 13624K->13624K(21504K)], 0.0764620 secs] [Times: user=0.52 sys=0.00, real=0.08 secs] 
63.950: Total time for which application threads were stopped: 0.0770720 seconds, Stopping threads took: 0.0000470 seconds
63.974: Application time: 0.0238630 seconds
63.974: [Full GC [PSYoungGen: 138240K->33907K(161280K)] [ParOldGen: 368087K->368087K(368128K)] 506327K->401995K(529408K) [PSPermGen: 13624K->13624K(21504K)], 0.0769410 secs] [Times: user=0.54 sys=0.00, real=0.07 secs] 
64.051: Total time for which application threads were stopped: 0.0775510 seconds, Stopping threads took: 0.0000480 seconds
64.076: Application time: 0.0241110 seconds
64.076: [Full GC [PSYoungGen: 138240K->33922K(161280K)] [ParOldGen: 368087K->368087K(368128K)] 506327K->402009K(529408K) [PSPermGen: 13624K->13624K(21504K)], 0.0753120 secs] [Times: user=0.53 sys=0.00, real=0.07 secs] 
64.151: Total time for which application threads were stopped: 0.0759200 seconds, Stopping threads took: 0.0000550 seconds
64.176: Application time: 0.0245790 seconds
64.177: [Full GC [PSYoungGen: 138240K->33928K(161280K)] [ParOldGen: 368087K->368087K(368128K)] 506327K->402016K(529408K) [PSPermGen: 13624K->13624K(21504K)], 0.0749200 secs] [Times: user=0.52 sys=0.00, real=0.07 secs] 
64.252: Total time for which application threads were stopped: 0.0755350 seconds, Stopping threads took: 0.0000370 seconds
64.276: Application time: 0.0246480 seconds
64.277: [Full GC [PSYoungGen: 138240K->33830K(161280K)] [ParOldGen: 368087K->368087K(368128K)] 506327K->401918K(529408K) [PSPermGen: 13624K->13624K(21504K)], 0.1232360 secs] [Times: user=0.90 sys=0.00, real=0.12 secs] 
64.400: Total time for which application threads were stopped: 0.1239330 seconds, Stopping threads took: 0.0000600 seconds
64.424: Application time: 0.0241920 seconds
64.425: [Full GC [PSYoungGen: 138240K->33825K(161280K)] [ParOldGen: 368087K->368087K(368128K)] 506327K->401913K(529408K) [PSPermGen: 13624K->13624K(21504K)], 0.0743510 secs] [Times: user=0.52 sys=0.00, real=0.08 secs] 
64.499: Total time for which application threads were stopped: 0.0749590 seconds, Stopping threads took: 0.0000600 seconds
64.524: Application time: 0.0246330 seconds
64.525: [Full GC [PSYoungGen: 138240K->33787K(161280K)] [ParOldGen: 368087K->368087K(368128K)] 506327K->401874K(529408K) [PSPermGen: 13624K->13624K(21504K)], 0.0746560 secs] [Times: user=0.53 sys=0.00, real=0.08 secs] 
64.599: Total time for which application threads were stopped: 0.0753650 seconds, Stopping threads took: 0.0000650 seconds
64.624: Application time: 0.0245020 seconds
64.624: [Full GC [PSYoungGen: 138240K->33785K(161280K)] [ParOldGen: 368087K->368087K(368128K)] 506327K->401872K(529408K) [PSPermGen: 13624K->13624K(21504K)], 0.0748260 secs] [Times: user=0.51 sys=0.00, real=0.08 secs] 
64.699: Total time for which application threads were stopped: 0.0754590 seconds, Stopping threads took: 0.0000540 seconds
64.723: Application time: 0.0242100 seconds
64.724: [Full GC [PSYoungGen: 138240K->33799K(161280K)] [ParOldGen: 368087K->368087K(368128K)] 506327K->401886K(529408K) [PSPermGen: 13624K->13624K(21504K)], 0.0741690 secs] [Times: user=0.52 sys=0.00, real=0.08 secs] 
64.798: Total time for which application threads were stopped: 0.0747930 seconds, Stopping threads took: 0.0000560 seconds
64.823: Application time: 0.0247980 seconds
64.824: [Full GC [PSYoungGen: 138240K->33764K(161280K)] [ParOldGen: 368087K->368087K(368128K)] 506327K->401851K(529408K) [PSPermGen: 13624K->13624K(21504K)], 0.0739240 secs] [Times: user=0.53 sys=0.00, real=0.08 secs] 
64.898: Total time for which application threads were stopped: 0.0745990 seconds, Stopping threads took: 0.0000520 seconds
64.922: Application time: 0.0239660 seconds
64.922: [Full GC [PSYoungGen: 138240K->33762K(161280K)] [ParOldGen: 368087K->368087K(368128K)] 506327K->401849K(529408K) [PSPermGen: 13624K->13624K(21504K)], 0.0740250 secs] [Times: user=0.53 sys=0.00, real=0.08 secs] 
64.996: Total time for which application threads were stopped: 0.0747170 seconds, Stopping threads took: 0.0000530 seconds
65.021: Application time: 0.0246150 seconds
65.022: [Full GC [PSYoungGen: 138240K->33779K(161280K)] [ParOldGen: 368087K->368087K(368128K)] 506327K->401866K(529408K) [PSPermGen: 13624K->13624K(21504K)], 0.0741500 secs] [Times: user=0.53 sys=0.00, real=0.08 secs] 
65.096: Total time for which application threads were stopped: 0.0748590 seconds, Stopping threads took: 0.0000530 seconds
65.121: Application time: 0.0247040 seconds
65.121: [Full GC [PSYoungGen: 138240K->33793K(161280K)] [ParOldGen: 368087K->368087K(368128K)] 506327K->401880K(529408K) [PSPermGen: 13624K->13624K(21504K)], 0.0742660 secs] [Times: user=0.53 sys=0.00, real=0.08 secs] 
65.196: Total time for which application threads were stopped: 0.0749530 seconds, Stopping threads took: 0.0000530 seconds
65.220: Application time: 0.0245780 seconds
65.221: [Full GC [PSYoungGen: 138240K->33808K(161280K)] [ParOldGen: 368087K->368087K(368128K)] 506327K->401896K(529408K) [PSPermGen: 13624K->13624K(21504K)], 0.0741370 secs] [Times: user=0.53 sys=0.00, real=0.08 secs] 
65.295: Total time for which application threads were stopped: 0.0748080 seconds, Stopping threads took: 0.0000470 seconds
65.320: Application time: 0.0246630 seconds
65.320: [Full GC [PSYoungGen: 138240K->33823K(161280K)] [ParOldGen: 368087K->368087K(368128K)] 506327K->401911K(529408K) [PSPermGen: 13624K->13624K(21504K)], 0.0740400 secs] [Times: user=0.53 sys=0.00, real=0.08 secs] 
65.394: Total time for which application threads were stopped: 0.0747450 seconds, Stopping threads took: 0.0000400 seconds
65.420: Application time: 0.0258550 seconds
65.421: [Full GC [PSYoungGen: 138240K->33601K(161280K)] [ParOldGen: 368087K->368086K(368128K)] 506327K->401688K(529408K) [PSPermGen: 13624K->13624K(21504K)], 0.1240560 secs] [Times: user=0.90 sys=0.00, real=0.12 secs] 
65.545: Total time for which application threads were stopped: 0.1246670 seconds, Stopping threads took: 0.0000610 seconds
65.569: Application time: 0.0244230 seconds
65.570: [Full GC [PSYoungGen: 138240K->33571K(161280K)] [ParOldGen: 368086K->368086K(368128K)] 506326K->401658K(529408K) [PSPermGen: 13624K->13624K(21504K)], 0.0738990 secs] [Times: user=0.52 sys=0.01, real=0.07 secs] 
65.644: Total time for which application threads were stopped: 0.0746060 seconds, Stopping threads took: 0.0000540 seconds
65.668: Application time: 0.0241840 seconds
65.669: [Full GC [PSYoungGen: 138240K->33586K(161280K)] [ParOldGen: 368086K->368086K(368128K)] 506326K->401673K(529408K) [PSPermGen: 13624K->13624K(21504K)], 0.0747750 secs] [Times: user=0.52 sys=0.00, real=0.07 secs] 
65.743: Total time for which application threads were stopped: 0.0753910 seconds, Stopping threads took: 0.0000480 seconds
65.768: Application time: 0.0243500 seconds
65.768: [Full GC [PSYoungGen: 138240K->33601K(161280K)] [ParOldGen: 368086K->368086K(368128K)] 506326K->401688K(529408K) [PSPermGen: 13624K->13624K(21504K)], 0.0738770 secs] [Times: user=0.52 sys=0.00, real=0.07 secs] 
65.842: Total time for which application threads were stopped: 0.0745840 seconds, Stopping threads took: 0.0000630 seconds
65.867: Application time: 0.0242710 seconds
65.867: [Full GC [PSYoungGen: 138240K->33615K(161280K)] [ParOldGen: 368086K->368086K(368128K)] 506326K->401702K(529408K) [PSPermGen: 13624K->13624K(21504K)], 0.0746090 secs] [Times: user=0.53 sys=0.00, real=0.07 secs] 
65.942: Total time for which application threads were stopped: 0.0752420 seconds, Stopping threads took: 0.0000500 seconds
65.966: Application time: 0.0244220 seconds
65.967: [Full GC [PSYoungGen: 138240K->33631K(161280K)] [ParOldGen: 368086K->368086K(368128K)] 506326K->401718K(529408K) [PSPermGen: 13624K->13624K(21504K)], 0.0742080 secs] [Times: user=0.52 sys=0.00, real=0.07 secs] 
66.041: Total time for which application threads were stopped: 0.0748200 seconds, Stopping threads took: 0.0000510 seconds
66.065: Application time: 0.0242610 seconds
66.066: [Full GC [PSYoungGen: 138240K->33646K(161280K)] [ParOldGen: 368086K->368086K(368128K)] 506326K->401732K(529408K) [PSPermGen: 13624K->13624K(21504K)], 0.0797790 secs] [Times: user=0.55 sys=0.00, real=0.08 secs] 
66.146: Total time for which application threads were stopped: 0.0804760 seconds, Stopping threads took: 0.0000570 seconds
66.170: Application time: 0.0238940 seconds
66.170: [Full GC [PSYoungGen: 138240K->33661K(161280K)] [ParOldGen: 368086K->368086K(368128K)] 506326K->401748K(529408K) [PSPermGen: 13624K->13624K(21504K)], 0.0771530 secs] [Times: user=0.54 sys=0.00, real=0.08 secs] 
66.248: Total time for which application threads were stopped: 0.0777730 seconds, Stopping threads took: 0.0000660 seconds
66.271: Application time: 0.0238450 seconds
66.272: [Full GC [PSYoungGen: 138240K->33675K(161280K)] [ParOldGen: 368086K->368086K(368128K)] 506326K->401762K(529408K) [PSPermGen: 13624K->13624K(21504K)], 0.0741420 secs] [Times: user=0.52 sys=0.00, real=0.08 secs] 
66.346: Total time for which application threads were stopped: 0.0747670 seconds, Stopping threads took: 0.0000620 seconds
66.370: Application time: 0.0242920 seconds
66.371: [Full GC [PSYoungGen: 138240K->33691K(161280K)] [ParOldGen: 368086K->368086K(368128K)] 506326K->401778K(529408K) [PSPermGen: 13624K->13624K(21504K)], 0.0738370 secs] [Times: user=0.52 sys=0.00, real=0.07 secs] 
66.445: Total time for which application threads were stopped: 0.0745670 seconds, Stopping threads took: 0.0000620 seconds
66.469: Application time: 0.0240170 seconds
66.470: [Full GC [PSYoungGen: 138240K->33706K(161280K)] [ParOldGen: 368086K->368086K(368128K)] 506326K->401793K(529408K) [PSPermGen: 13624K->13624K(21504K)], 0.0740840 secs] [Times: user=0.52 sys=0.00, real=0.07 secs] 
66.544: Total time for which application threads were stopped: 0.0748090 seconds, Stopping threads took: 0.0000760 seconds
66.568: Application time: 0.0240950 seconds
66.569: [Full GC [PSYoungGen: 138240K->33719K(161280K)] [ParOldGen: 368086K->368086K(368128K)] 506326K->401806K(529408K) [PSPermGen: 13624K->13624K(21504K)], 0.0745030 secs] [Times: user=0.53 sys=0.00, real=0.07 secs] 
66.643: Total time for which application threads were stopped: 0.0752140 seconds, Stopping threads took: 0.0000650 seconds
66.667: Application time: 0.0241210 seconds
66.668: [Full GC [PSYoungGen: 138240K->33735K(161280K)] [ParOldGen: 368086K->368086K(368128K)] 506326K->401822K(529408K) [PSPermGen: 13624K->13624K(21504K)], 0.0748230 secs] [Times: user=0.53 sys=0.00, real=0.07 secs] 
66.743: Total time for which application threads were stopped: 0.0754450 seconds, Stopping threads took: 0.0000570 seconds
66.767: Application time: 0.0240480 seconds
66.767: [Full GC [PSYoungGen: 138240K->33750K(161280K)] [ParOldGen: 368086K->368086K(368128K)] 506326K->401837K(529408K) [PSPermGen: 13624K->13624K(21504K)], 0.0743990 secs] [Times: user=0.52 sys=0.00, real=0.07 secs] 
66.842: Total time for which application threads were stopped: 0.0750840 seconds, Stopping threads took: 0.0000540 seconds
66.866: Application time: 0.0240570 seconds
66.867: [Full GC [PSYoungGen: 138240K->33764K(161280K)] [ParOldGen: 368086K->368086K(368128K)] 506326K->401851K(529408K) [PSPermGen: 13624K->13624K(21504K)], 0.0744840 secs] [Times: user=0.52 sys=0.00, real=0.07 secs] 
66.941: Total time for which application threads were stopped: 0.0751880 seconds, Stopping threads took: 0.0000660 seconds
66.965: Application time: 0.0239360 seconds
66.966: [Full GC [PSYoungGen: 138240K->33778K(161280K)] [ParOldGen: 368086K->368086K(368128K)] 506326K->401864K(529408K) [PSPermGen: 13624K->13624K(21504K)], 0.0739310 secs] [Times: user=0.53 sys=0.00, real=0.07 secs] 
67.040: Total time for which application threads were stopped: 0.0746770 seconds, Stopping threads took: 0.0000540 seconds
67.064: Application time: 0.0238690 seconds
67.066: [Full GC [PSYoungGen: 138240K->33791K(161280K)] [ParOldGen: 368086K->368086K(368128K)] 506326K->401878K(529408K) [PSPermGen: 13624K->13624K(21504K)], 0.0747870 secs] [Times: user=0.52 sys=0.00, real=0.07 secs] 
67.141: Total time for which application threads were stopped: 0.0772330 seconds, Stopping threads took: 0.0018860 seconds
67.165: Application time: 0.0239760 seconds
67.165: [Full GC [PSYoungGen: 138240K->33807K(161280K)] [ParOldGen: 368086K->368086K(368128K)] 506326K->401894K(529408K) [PSPermGen: 13624K->13624K(21504K)], 0.0750450 secs] [Times: user=0.53 sys=0.00, real=0.08 secs] 
67.241: Total time for which application threads were stopped: 0.0756610 seconds, Stopping threads took: 0.0000540 seconds
67.265: Application time: 0.0240260 seconds
67.265: [Full GC [PSYoungGen: 138240K->33821K(161280K)] [ParOldGen: 368086K->368086K(368128K)] 506326K->401908K(529408K) [PSPermGen: 13624K->13624K(21504K)], 0.0755020 secs] [Times: user=0.51 sys=0.00, real=0.08 secs] 
67.341: Total time for which application threads were stopped: 0.0761160 seconds, Stopping threads took: 0.0000540 seconds
67.365: Application time: 0.0240580 seconds
67.365: [Full GC [PSYoungGen: 138240K->33840K(161280K)] [ParOldGen: 368086K->368086K(368128K)] 506326K->401927K(529408K) [PSPermGen: 13624K->13624K(21504K)], 0.0747780 secs] [Times: user=0.52 sys=0.01, real=0.08 secs] 
67.440: Total time for which application threads were stopped: 0.0753980 seconds, Stopping threads took: 0.0000630 seconds
67.465: Application time: 0.0243620 seconds
67.465: [Full GC [PSYoungGen: 138240K->33851K(161280K)] [ParOldGen: 368086K->368086K(368128K)] 506326K->401938K(529408K) [PSPermGen: 13624K->13624K(21504K)], 0.0742790 secs] [Times: user=0.52 sys=0.00, real=0.08 secs] 
67.540: Total time for which application threads were stopped: 0.0750030 seconds, Stopping threads took: 0.0000620 seconds
67.563: Application time: 0.0238830 seconds
67.564: [Full GC [PSYoungGen: 138240K->33870K(161280K)] [ParOldGen: 368086K->368086K(368128K)] 506326K->401957K(529408K) [PSPermGen: 13624K->13624K(21504K)], 0.0738230 secs] [Times: user=0.52 sys=0.00, real=0.08 secs] 
67.638: Total time for which application threads were stopped: 0.0745440 seconds, Stopping threads took: 0.0000460 seconds
67.663: Application time: 0.0251340 seconds
67.664: [Full GC [PSYoungGen: 138240K->33886K(161280K)] [ParOldGen: 368086K->368086K(368128K)] 506326K->401973K(529408K) [PSPermGen: 13624K->13624K(21504K)], 0.0748130 secs] [Times: user=0.52 sys=0.00, real=0.08 secs] 
67.739: Total time for which application threads were stopped: 0.0755250 seconds, Stopping threads took: 0.0000760 seconds
67.762: Application time: 0.0237480 seconds
67.763: [Full GC [PSYoungGen: 138240K->33900K(161280K)] [ParOldGen: 368086K->368086K(368128K)] 506326K->401987K(529408K) [PSPermGen: 13624K->13624K(21504K)], 0.0745300 secs] [Times: user=0.53 sys=0.00, real=0.08 secs] 
67.838: Total time for which application threads were stopped: 0.0751930 seconds, Stopping threads took: 0.0000780 seconds
67.861: Application time: 0.0237550 seconds
67.862: [Full GC [PSYoungGen: 138240K->33914K(161280K)] [ParOldGen: 368086K->368086K(368128K)] 506326K->402001K(529408K) [PSPermGen: 13624K->13624K(21504K)], 0.0738600 secs] [Times: user=0.52 sys=0.00, real=0.08 secs] 
67.936: Total time for which application threads were stopped: 0.0745560 seconds, Stopping threads took: 0.0000640 seconds
67.961: Application time: 0.0252020 seconds
67.962: [Full GC [PSYoungGen: 138240K->33857K(161280K)] [ParOldGen: 368086K->368086K(368128K)] 506326K->401944K(529408K) [PSPermGen: 13624K->13624K(21504K)], 0.0744720 secs] [Times: user=0.53 sys=0.00, real=0.08 secs] 
68.036: Total time for which application threads were stopped: 0.0751970 seconds, Stopping threads took: 0.0000860 seconds
68.061: Application time: 0.0244840 seconds
68.061: [Full GC [PSYoungGen: 138240K->33812K(161280K)] [ParOldGen: 368086K->368086K(368128K)] 506326K->401899K(529408K) [PSPermGen: 13624K->13624K(21504K)], 0.0749850 secs] [Times: user=0.52 sys=0.00, real=0.08 secs] 
68.136: Total time for which application threads were stopped: 0.0756750 seconds, Stopping threads took: 0.0000660 seconds
68.161: Application time: 0.0243220 seconds
68.161: [Full GC [PSYoungGen: 138240K->33817K(161280K)] [ParOldGen: 368086K->368086K(368128K)] 506326K->401903K(529408K) [PSPermGen: 13624K->13624K(21504K)], 0.0754450 secs] [Times: user=0.52 sys=0.00, real=0.08 secs] 
68.237: Total time for which application threads were stopped: 0.0761870 seconds, Stopping threads took: 0.0000690 seconds
68.261: Application time: 0.0239470 seconds
68.262: [Full GC [PSYoungGen: 138240K->33833K(161280K)] [ParOldGen: 368086K->368086K(368128K)] 506326K->401920K(529408K) [PSPermGen: 13624K->13624K(21504K)], 0.0750270 secs] [Times: user=0.52 sys=0.00, real=0.08 secs] 
68.337: Total time for which application threads were stopped: 0.0756430 seconds, Stopping threads took: 0.0000630 seconds
68.361: Application time: 0.0243400 seconds
68.362: [Full GC [PSYoungGen: 138240K->33792K(161280K)] [ParOldGen: 368086K->368086K(368128K)] 506326K->401879K(529408K) [PSPermGen: 13624K->13624K(21504K)], 0.0749970 secs] [Times: user=0.52 sys=0.01, real=0.08 secs] 
68.437: Total time for which application threads were stopped: 0.0756330 seconds, Stopping threads took: 0.0000520 seconds
68.461: Application time: 0.0241160 seconds
68.461: [Full GC [PSYoungGen: 138240K->33793K(161280K)] [ParOldGen: 368086K->368086K(368128K)] 506326K->401880K(529408K) [PSPermGen: 13624K->13624K(21504K)], 0.0744460 secs] [Times: user=0.51 sys=0.00, real=0.08 secs] 
68.536: Total time for which application threads were stopped: 0.0751300 seconds, Stopping threads took: 0.0000510 seconds
68.560: Application time: 0.0241290 seconds
68.561: [Full GC [PSYoungGen: 138240K->33753K(161280K)] [ParOldGen: 368086K->368086K(368128K)] 506326K->401840K(529408K) [PSPermGen: 13626K->13626K(21504K)], 0.0749510 secs] [Times: user=0.51 sys=0.01, real=0.08 secs] 
68.636: Total time for which application threads were stopped: 0.0756130 seconds, Stopping threads took: 0.0000420 seconds
68.660: Application time: 0.0241420 seconds
68.660: [Full GC [PSYoungGen: 138240K->33753K(161280K)] [ParOldGen: 368086K->368086K(368128K)] 506326K->401840K(529408K) [PSPermGen: 13626K->13626K(21504K)], 0.0738880 secs] [Times: user=0.53 sys=0.00, real=0.08 secs] 
68.734: Total time for which application threads were stopped: 0.0745620 seconds, Stopping threads took: 0.0000460 seconds
68.758: Application time: 0.0239720 seconds
68.759: [Full GC [PSYoungGen: 138240K->33770K(161280K)] [ParOldGen: 368086K->368086K(368128K)] 506326K->401856K(529408K) [PSPermGen: 13626K->13626K(21504K)], 0.0748530 secs] [Times: user=0.51 sys=0.00, real=0.08 secs] 
68.834: Total time for which application threads were stopped: 0.0755670 seconds, Stopping threads took: 0.0000560 seconds
68.858: Application time: 0.0241920 seconds
68.859: [Full GC [PSYoungGen: 138240K->33786K(161280K)] [ParOldGen: 368086K->368086K(368128K)] 506326K->401872K(529408K) [PSPermGen: 13626K->13626K(21504K)], 0.0740360 secs] [Times: user=0.52 sys=0.01, real=0.07 secs] 
68.933: Total time for which application threads were stopped: 0.0747520 seconds, Stopping threads took: 0.0000570 seconds
68.957: Application time: 0.0241670 seconds
68.958: [Full GC [PSYoungGen: 138240K->33799K(161280K)] [ParOldGen: 368086K->368086K(368128K)] 506326K->401885K(529408K) [PSPermGen: 13626K->13626K(21504K)], 0.0738010 secs] [Times: user=0.52 sys=0.00, real=0.07 secs] 
69.031: Total time for which application threads were stopped: 0.0744880 seconds, Stopping threads took: 0.0000430 seconds
69.056: Application time: 0.0242450 seconds
69.056: [Full GC [PSYoungGen: 138240K->33815K(161280K)] [ParOldGen: 368086K->368086K(368128K)] 506326K->401901K(529408K) [PSPermGen: 13626K->13626K(21504K)], 0.0739380 secs] [Times: user=0.52 sys=0.00, real=0.07 secs] 
69.130: Total time for which application threads were stopped: 0.0746330 seconds, Stopping threads took: 0.0000600 seconds
69.155: Application time: 0.0243070 seconds
69.155: [Full GC [PSYoungGen: 138240K->33826K(161280K)] [ParOldGen: 368086K->368086K(368128K)] 506326K->401913K(529408K) [PSPermGen: 13626K->13626K(21504K)], 0.0748190 secs] [Times: user=0.52 sys=0.00, real=0.07 secs] 
69.230: Total time for which application threads were stopped: 0.0754790 seconds, Stopping threads took: 0.0000400 seconds
69.255: Application time: 0.0249790 seconds
69.256: [Full GC [PSYoungGen: 138240K->33837K(161280K)] [ParOldGen: 368086K->368086K(368128K)] 506326K->401923K(529408K) [PSPermGen: 13626K->13626K(21504K)], 0.1220810 secs] [Times: user=0.88 sys=0.01, real=0.12 secs] 
69.378: Total time for which application threads were stopped: 0.1227440 seconds, Stopping threads took: 0.0000480 seconds
69.392: Application time: 0.0141020 seconds
69.393: Total time for which application threads were stopped: 0.0005910 seconds, Stopping threads took: 0.0000740 seconds
69.405: Application time: 0.0125470 seconds
69.406: [Full GC [PSYoungGen: 138240K->33719K(161280K)] [ParOldGen: 368086K->367989K(368128K)] 506326K->401709K(529408K) [PSPermGen: 13626K->13626K(21504K)], 0.1233010 secs] [Times: user=0.90 sys=0.00, real=0.12 secs] 
69.529: Total time for which application threads were stopped: 0.1239160 seconds, Stopping threads took: 0.0000490 seconds
69.553: Application time: 0.0242620 seconds
69.554: [Full GC [PSYoungGen: 138240K->33689K(161280K)] [ParOldGen: 367989K->367989K(368128K)] 506229K->401678K(529408K) [PSPermGen: 13626K->13626K(21504K)], 0.0745170 secs] [Times: user=0.53 sys=0.00, real=0.07 secs] 
69.628: Total time for which application threads were stopped: 0.0751390 seconds, Stopping threads took: 0.0000520 seconds
69.652: Application time: 0.0240610 seconds
69.653: [Full GC [PSYoungGen: 138240K->33704K(161280K)] [ParOldGen: 367989K->367989K(368128K)] 506229K->401693K(529408K) [PSPermGen: 13626K->13626K(21504K)], 0.0749530 secs] [Times: user=0.52 sys=0.00, real=0.08 secs] 
69.728: Total time for which application threads were stopped: 0.0755780 seconds, Stopping threads took: 0.0000680 seconds
69.753: Application time: 0.0244610 seconds
69.753: [Full GC [PSYoungGen: 138240K->33718K(161280K)] [ParOldGen: 367989K->367989K(368128K)] 506229K->401708K(529408K) [PSPermGen: 13626K->13626K(21504K)], 0.0739860 secs] [Times: user=0.52 sys=0.00, real=0.08 secs] 
69.827: Total time for which application threads were stopped: 0.0746750 seconds, Stopping threads took: 0.0000490 seconds
69.851: Application time: 0.0241100 seconds
69.852: [Full GC [PSYoungGen: 138240K->33731K(161280K)] [ParOldGen: 367989K->367989K(368128K)] 506229K->401720K(529408K) [PSPermGen: 13626K->13626K(21504K)], 0.0742580 secs] [Times: user=0.52 sys=0.00, real=0.08 secs] 
69.926: Total time for which application threads were stopped: 0.0749880 seconds, Stopping threads took: 0.0000890 seconds
69.950: Application time: 0.0240520 seconds
69.951: [Full GC [PSYoungGen: 138240K->33748K(161280K)] [ParOldGen: 367989K->367989K(368128K)] 506229K->401738K(529408K) [PSPermGen: 13626K->13626K(21504K)], 0.0746690 secs] [Times: user=0.53 sys=0.00, real=0.08 secs] 
70.026: Total time for which application threads were stopped: 0.0753830 seconds, Stopping threads took: 0.0000620 seconds
70.050: Application time: 0.0239370 seconds
70.050: [Full GC [PSYoungGen: 138240K->33763K(161280K)] [ParOldGen: 367989K->367989K(368128K)] 506229K->401753K(529408K) [PSPermGen: 13626K->13626K(21504K)], 0.0748330 secs] [Times: user=0.52 sys=0.00, real=0.07 secs] 
70.125: Total time for which application threads were stopped: 0.0754990 seconds, Stopping threads took: 0.0000530 seconds
70.149: Application time: 0.0240540 seconds
70.150: [Full GC [PSYoungGen: 138240K->33779K(161280K)] [ParOldGen: 367989K->367989K(368128K)] 506229K->401769K(529408K) [PSPermGen: 13626K->13626K(21504K)], 0.0737100 secs] [Times: user=0.52 sys=0.00, real=0.07 secs] 
70.224: Total time for which application threads were stopped: 0.0744230 seconds, Stopping threads took: 0.0000540 seconds
70.248: Application time: 0.0239500 seconds
70.248: [Full GC [PSYoungGen: 138240K->33793K(161280K)] [ParOldGen: 367989K->367989K(368128K)] 506229K->401783K(529408K) [PSPermGen: 13626K->13626K(21504K)], 0.0741600 secs] [Times: user=0.52 sys=0.00, real=0.07 secs] 
70.322: Total time for which application threads were stopped: 0.0748370 seconds, Stopping threads took: 0.0000580 seconds
70.347: Application time: 0.0240540 seconds
70.347: [Full GC [PSYoungGen: 138240K->33807K(161280K)] [ParOldGen: 367989K->367989K(368128K)] 506229K->401797K(529408K) [PSPermGen: 13626K->13626K(21504K)], 0.0741410 secs] [Times: user=0.52 sys=0.00, real=0.07 secs] 
70.421: Total time for which application threads were stopped: 0.0747630 seconds, Stopping threads took: 0.0000620 seconds
70.445: Application time: 0.0240280 seconds
70.446: [Full GC [PSYoungGen: 138240K->33822K(161280K)] [ParOldGen: 367989K->367989K(368128K)] 506229K->401811K(529408K) [PSPermGen: 13626K->13626K(21504K)], 0.0750200 secs] [Times: user=0.53 sys=0.00, real=0.07 secs] 
70.521: Total time for which application threads were stopped: 0.0756590 seconds, Stopping threads took: 0.0000750 seconds
70.545: Application time: 0.0241540 seconds
70.546: [Full GC [PSYoungGen: 138240K->33837K(161280K)] [ParOldGen: 367989K->367989K(368128K)] 506229K->401827K(529408K) [PSPermGen: 13626K->13626K(21504K)], 0.0739460 secs] [Times: user=0.53 sys=0.00, real=0.07 secs] 
70.620: Total time for which application threads were stopped: 0.0746710 seconds, Stopping threads took: 0.0000600 seconds
70.644: Application time: 0.0242870 seconds
70.645: [Full GC [PSYoungGen: 138240K->33851K(161280K)] [ParOldGen: 367989K->367989K(368128K)] 506229K->401840K(529408K) [PSPermGen: 13626K->13626K(21504K)], 0.0757640 secs] [Times: user=0.52 sys=0.00, real=0.08 secs] 
70.721: Total time for which application threads were stopped: 0.0764590 seconds, Stopping threads took: 0.0000550 seconds
70.745: Application time: 0.0240040 seconds
70.745: [Full GC [PSYoungGen: 138240K->33866K(161280K)] [ParOldGen: 367989K->367989K(368128K)] 506229K->401856K(529408K) [PSPermGen: 13626K->13626K(21504K)], 0.0742480 secs] [Times: user=0.53 sys=0.00, real=0.08 secs] 
70.820: Total time for which application threads were stopped: 0.0749590 seconds, Stopping threads took: 0.0000720 seconds
70.844: Application time: 0.0241380 seconds
70.844: [Full GC [PSYoungGen: 138240K->33880K(161280K)] [ParOldGen: 367989K->367989K(368128K)] 506229K->401870K(529408K) [PSPermGen: 13626K->13626K(21504K)], 0.0740040 secs] [Times: user=0.52 sys=0.00, real=0.08 secs] 
70.918: Total time for which application threads were stopped: 0.0746840 seconds, Stopping threads took: 0.0000450 seconds
70.942: Application time: 0.0238810 seconds
70.943: [Full GC [PSYoungGen: 138240K->33896K(161280K)] [ParOldGen: 367989K->367989K(368128K)] 506229K->401885K(529408K) [PSPermGen: 13626K->13626K(21504K)], 0.0743550 secs] [Times: user=0.52 sys=0.00, real=0.08 secs] 
71.017: Total time for which application threads were stopped: 0.0750250 seconds, Stopping threads took: 0.0000460 seconds
71.041: Application time: 0.0238670 seconds
71.042: [Full GC [PSYoungGen: 138240K->33912K(161280K)] [ParOldGen: 367989K->367989K(368128K)] 506229K->401902K(529408K) [PSPermGen: 13626K->13626K(21504K)], 0.0739800 secs] [Times: user=0.52 sys=0.00, real=0.08 secs] 
71.116: Total time for which application threads were stopped: 0.0746850 seconds, Stopping threads took: 0.0000700 seconds
71.140: Application time: 0.0246010 seconds
71.142: [Full GC [PSYoungGen: 138240K->33927K(161280K)] [ParOldGen: 367989K->367989K(368128K)] 506229K->401917K(529408K) [PSPermGen: 13626K->13626K(21504K)], 0.0738660 secs] [Times: user=0.52 sys=0.00, real=0.08 secs] 
71.216: Total time for which application threads were stopped: 0.0756630 seconds, Stopping threads took: 0.0011430 seconds
71.240: Application time: 0.0240720 seconds
71.241: [Full GC [PSYoungGen: 138240K->33939K(161280K)] [ParOldGen: 367989K->367989K(368128K)] 506229K->401928K(529408K) [PSPermGen: 13626K->13626K(21504K)], 0.0741580 secs] [Times: user=0.52 sys=0.00, real=0.08 secs] 
71.315: Total time for which application threads were stopped: 0.0747750 seconds, Stopping threads took: 0.0000560 seconds
71.339: Application time: 0.0243860 seconds
71.340: [Full GC [PSYoungGen: 138240K->33958K(161280K)] [ParOldGen: 367989K->367989K(368128K)] 506229K->401948K(529408K) [PSPermGen: 13626K->13626K(21504K)], 0.0743420 secs] [Times: user=0.53 sys=0.00, real=0.08 secs] 
71.414: Total time for which application threads were stopped: 0.0750440 seconds, Stopping threads took: 0.0000650 seconds
71.439: Application time: 0.0241910 seconds
71.439: [Full GC [PSYoungGen: 138240K->33970K(161280K)] [ParOldGen: 367989K->367989K(368128K)] 506229K->401960K(529408K) [PSPermGen: 13626K->13626K(21504K)], 0.0748020 secs] [Times: user=0.52 sys=0.00, real=0.08 secs] 
71.514: Total time for which application threads were stopped: 0.0754650 seconds, Stopping threads took: 0.0000880 seconds
71.538: Application time: 0.0242200 seconds
71.539: [Full GC [PSYoungGen: 138240K->33986K(161280K)] [ParOldGen: 367989K->367989K(368128K)] 506229K->401976K(529408K) [PSPermGen: 13626K->13626K(21504K)], 0.0738970 secs] [Times: user=0.52 sys=0.00, real=0.07 secs] 
71.613: Total time for which application threads were stopped: 0.0745680 seconds, Stopping threads took: 0.0000510 seconds
71.637: Application time: 0.0245760 seconds
71.638: [Full GC [PSYoungGen: 138240K->34002K(161280K)] [ParOldGen: 367989K->367989K(368128K)] 506229K->401991K(529408K) [PSPermGen: 13626K->13626K(21504K)], 0.0742080 secs] [Times: user=0.53 sys=0.00, real=0.07 secs] 
71.712: Total time for which application threads were stopped: 0.0748870 seconds, Stopping threads took: 0.0000230 seconds
71.737: Application time: 0.0249270 seconds
71.738: [Full GC [PSYoungGen: 138240K->33962K(161280K)] [ParOldGen: 367989K->367989K(368128K)] 506229K->401951K(529408K) [PSPermGen: 13626K->13626K(21504K)], 0.0748900 secs] [Times: user=0.52 sys=0.00, real=0.07 secs] 
71.813: Total time for which application threads were stopped: 0.0756300 seconds, Stopping threads took: 0.0000610 seconds
71.837: Application time: 0.0242300 seconds
71.838: [Full GC [PSYoungGen: 138240K->33906K(161280K)] [ParOldGen: 367989K->367989K(368128K)] 506229K->401896K(529408K) [PSPermGen: 13626K->13626K(21504K)], 0.0741430 secs] [Times: user=0.53 sys=0.00, real=0.07 secs] 
71.912: Total time for which application threads were stopped: 0.0747690 seconds, Stopping threads took: 0.0000590 seconds
71.936: Application time: 0.0243320 seconds
71.937: [Full GC [PSYoungGen: 138240K->33881K(161280K)] [ParOldGen: 367989K->367989K(368128K)] 506229K->401871K(529408K) [PSPermGen: 13626K->13626K(21504K)], 0.0747840 secs] [Times: user=0.53 sys=0.00, real=0.07 secs] 
72.012: Total time for which application threads were stopped: 0.0754040 seconds, Stopping threads took: 0.0000650 seconds
72.036: Application time: 0.0246370 seconds
72.037: [Full GC [PSYoungGen: 138240K->33851K(161280K)] [ParOldGen: 367989K->367989K(368128K)] 506229K->401840K(529408K) [PSPermGen: 13626K->13626K(21504K)], 0.0747450 secs] [Times: user=0.52 sys=0.00, real=0.07 secs] 
72.112: Total time for which application threads were stopped: 0.0753950 seconds, Stopping threads took: 0.0000670 seconds
72.137: Application time: 0.0249590 seconds
72.137: [Full GC [PSYoungGen: 138240K->33867K(161280K)] [ParOldGen: 367989K->367989K(368128K)] 506229K->401856K(529408K) [PSPermGen: 13626K->13626K(21504K)], 0.0744370 secs] [Times: user=0.51 sys=0.00, real=0.07 secs] 
72.212: Total time for which application threads were stopped: 0.0750570 seconds, Stopping threads took: 0.0000460 seconds
72.236: Application time: 0.0243360 seconds
72.237: [Full GC [PSYoungGen: 138240K->33880K(161280K)] [ParOldGen: 367989K->367989K(368128K)] 506229K->401869K(529408K) [PSPermGen: 13626K->13626K(21504K)], 0.0752280 secs] [Times: user=0.53 sys=0.00, real=0.07 secs] 
72.312: Total time for which application threads were stopped: 0.0759080 seconds, Stopping threads took: 0.0000570 seconds
72.336: Application time: 0.0244880 seconds
72.338: [Full GC [PSYoungGen: 138240K->33841K(161280K)] [ParOldGen: 367989K->367989K(368128K)] 506229K->401830K(529408K) [PSPermGen: 13626K->13626K(21504K)], 0.0745070 secs] [Times: user=0.52 sys=0.00, real=0.07 secs] 
72.413: Total time for which application threads were stopped: 0.0762410 seconds, Stopping threads took: 0.0011640 seconds
72.437: Application time: 0.0241590 seconds
72.437: [Full GC [PSYoungGen: 138240K->33838K(161280K)] [ParOldGen: 367989K->367989K(368128K)] 506229K->401828K(529408K) [PSPermGen: 13626K->13626K(21504K)], 0.0755640 secs] [Times: user=0.53 sys=0.01, real=0.07 secs] 
72.513: Total time for which application threads were stopped: 0.0762460 seconds, Stopping threads took: 0.0000520 seconds
72.537: Application time: 0.0242460 seconds
72.538: [Full GC [PSYoungGen: 138240K->33854K(161280K)] [ParOldGen: 367989K->367989K(368128K)] 506229K->401844K(529408K) [PSPermGen: 13626K->13626K(21504K)], 0.0745500 secs] [Times: user=0.52 sys=0.00, real=0.07 secs] 
72.613: Total time for which application threads were stopped: 0.0752200 seconds, Stopping threads took: 0.0000470 seconds
72.637: Application time: 0.0241450 seconds
72.637: [Full GC [PSYoungGen: 138240K->33871K(161280K)] [ParOldGen: 367989K->367989K(368128K)] 506229K->401861K(529408K) [PSPermGen: 13626K->13626K(21504K)], 0.0746490 secs] [Times: user=0.52 sys=0.00, real=0.07 secs] 
72.712: Total time for which application threads were stopped: 0.0752750 seconds, Stopping threads took: 0.0000590 seconds
72.736: Application time: 0.0241180 seconds
72.737: [Full GC [PSYoungGen: 138240K->33888K(161280K)] [ParOldGen: 367989K->367989K(368128K)] 506229K->401877K(529408K) [PSPermGen: 13626K->13626K(21504K)], 0.0745740 secs] [Times: user=0.53 sys=0.00, real=0.07 secs] 
72.811: Total time for which application threads were stopped: 0.0751840 seconds, Stopping threads took: 0.0000520 seconds
72.835: Application time: 0.0241780 seconds
72.836: [Full GC [PSYoungGen: 138240K->33898K(161280K)] [ParOldGen: 367989K->367989K(368128K)] 506229K->401888K(529408K) [PSPermGen: 13626K->13626K(21504K)], 0.0747580 secs] [Times: user=0.52 sys=0.00, real=0.07 secs] 
72.911: Total time for which application threads were stopped: 0.0753810 seconds, Stopping threads took: 0.0000650 seconds
72.935: Application time: 0.0239790 seconds
72.935: [Full GC [PSYoungGen: 138240K->33916K(161280K)] [ParOldGen: 367989K->367989K(368128K)] 506229K->401906K(529408K) [PSPermGen: 13626K->13626K(21504K)], 0.0743610 secs] [Times: user=0.51 sys=0.00, real=0.07 secs] 
73.010: Total time for which application threads were stopped: 0.0750270 seconds, Stopping threads took: 0.0000460 seconds
73.034: Application time: 0.0241990 seconds
73.035: [Full GC [PSYoungGen: 138240K->33931K(161280K)] [ParOldGen: 367989K->367989K(368128K)] 506229K->401920K(529408K) [PSPermGen: 13626K->13626K(21504K)], 0.0746250 secs] [Times: user=0.52 sys=0.00, real=0.07 secs] 
73.109: Total time for which application threads were stopped: 0.0752230 seconds, Stopping threads took: 0.0000510 seconds
73.134: Application time: 0.0248280 seconds
73.135: [Full GC [PSYoungGen: 138240K->33945K(161280K)] [ParOldGen: 367989K->367989K(368128K)] 506229K->401935K(529408K) [PSPermGen: 13626K->13626K(21504K)], 0.0732470 secs] [Times: user=0.51 sys=0.00, real=0.07 secs] 
73.208: Total time for which application threads were stopped: 0.0738950 seconds, Stopping threads took: 0.0000410 seconds
73.233: Application time: 0.0250230 seconds
73.234: [Full GC [PSYoungGen: 138240K->33851K(161280K)] [ParOldGen: 367989K->367989K(368128K)] 506229K->401840K(529408K) [PSPermGen: 13626K->13626K(21504K)], 0.0737260 secs] [Times: user=0.52 sys=0.00, real=0.07 secs] 
73.307: Total time for which application threads were stopped: 0.0744360 seconds, Stopping threads took: 0.0000790 seconds
73.332: Application time: 0.0246810 seconds
73.333: [Full GC [PSYoungGen: 138240K->33726K(161280K)] [ParOldGen: 367989K->367989K(368128K)] 506229K->401716K(529408K) [PSPermGen: 13626K->13626K(21504K)], 0.0740130 secs] [Times: user=0.53 sys=0.00, real=0.08 secs] 
73.407: Total time for which application threads were stopped: 0.0747040 seconds, Stopping threads took: 0.0000650 seconds
73.431: Application time: 0.0242430 seconds
73.432: [Full GC [PSYoungGen: 138240K->33707K(161280K)] [ParOldGen: 367989K->367989K(368128K)] 506229K->401697K(529408K) [PSPermGen: 13626K->13626K(21504K)], 0.0742470 secs] [Times: user=0.53 sys=0.00, real=0.08 secs] 
73.506: Total time for which application threads were stopped: 0.0749050 seconds, Stopping threads took: 0.0001020 seconds
73.530: Application time: 0.0240690 seconds
73.531: [Full GC [PSYoungGen: 138240K->33723K(161280K)] [ParOldGen: 367989K->367989K(368128K)] 506229K->401712K(529408K) [PSPermGen: 13626K->13626K(21504K)], 0.0743690 secs] [Times: user=0.53 sys=0.00, real=0.07 secs] 
73.605: Total time for which application threads were stopped: 0.0750080 seconds, Stopping threads took: 0.0000510 seconds
73.629: Application time: 0.0242100 seconds
73.630: [Full GC [PSYoungGen: 138240K->33736K(161280K)] [ParOldGen: 367989K->367989K(368128K)] 506229K->401725K(529408K) [PSPermGen: 13626K->13626K(21504K)], 0.0740770 secs] [Times: user=0.52 sys=0.00, real=0.07 secs] 
73.704: Total time for which application threads were stopped: 0.0747760 seconds, Stopping threads took: 0.0000450 seconds
73.729: Application time: 0.0246810 seconds
73.729: [Full GC [PSYoungGen: 138240K->33754K(161280K)] [ParOldGen: 367989K->367989K(368128K)] 506229K->401743K(529408K) [PSPermGen: 13626K->13626K(21504K)], 0.0736680 secs] [Times: user=0.52 sys=0.00, real=0.07 secs] 
73.803: Total time for which application threads were stopped: 0.0743430 seconds, Stopping threads took: 0.0000680 seconds
73.827: Application time: 0.0242690 seconds
73.828: [Full GC [PSYoungGen: 138240K->33768K(161280K)] [ParOldGen: 367989K->367989K(368128K)] 506229K->401758K(529408K) [PSPermGen: 13626K->13626K(21504K)], 0.0738410 secs] [Times: user=0.52 sys=0.00, real=0.07 secs] 
73.902: Total time for which application threads were stopped: 0.0744870 seconds, Stopping threads took: 0.0000420 seconds
73.926: Application time: 0.0240170 seconds
73.927: [Full GC [PSYoungGen: 138240K->33783K(161280K)] [ParOldGen: 367989K->367989K(368128K)] 506229K->401773K(529408K) [PSPermGen: 13626K->13626K(21504K)], 0.0734610 secs] [Times: user=0.51 sys=0.00, real=0.07 secs] 
74.000: Total time for which application threads were stopped: 0.0741170 seconds, Stopping threads took: 0.0000370 seconds
74.024: Application time: 0.0242760 seconds
74.025: [Full GC [PSYoungGen: 138240K->33795K(161280K)] [ParOldGen: 367989K->367989K(368128K)] 506229K->401785K(529408K) [PSPermGen: 13626K->13626K(21504K)], 0.0742310 secs] [Times: user=0.52 sys=0.00, real=0.08 secs] 
74.099: Total time for which application threads were stopped: 0.0749500 seconds, Stopping threads took: 0.0000810 seconds
74.124: Application time: 0.0251680 seconds
74.125: [Full GC [PSYoungGen: 138240K->33814K(161280K)] [ParOldGen: 367989K->367989K(368128K)] 506229K->401804K(529408K) [PSPermGen: 13626K->13626K(21504K)], 0.0745680 secs] [Times: user=0.52 sys=0.00, real=0.08 secs] 
74.200: Total time for which application threads were stopped: 0.0753370 seconds, Stopping threads took: 0.0000500 seconds
74.224: Application time: 0.0245180 seconds
74.225: [Full GC [PSYoungGen: 138240K->33829K(161280K)] [ParOldGen: 367989K->367989K(368128K)] 506229K->401819K(529408K) [PSPermGen: 13626K->13626K(21504K)], 0.0763660 secs] [Times: user=0.54 sys=0.00, real=0.08 secs] 
74.301: Total time for which application threads were stopped: 0.0770390 seconds, Stopping threads took: 0.0000420 seconds
74.326: Application time: 0.0243540 seconds
74.326: [Full GC [PSYoungGen: 138240K->33837K(161280K)] [ParOldGen: 367989K->367989K(368128K)] 506229K->401827K(529408K) [PSPermGen: 13626K->13626K(21504K)], 0.0742510 secs] [Times: user=0.53 sys=0.00, real=0.07 secs] 
74.401: Total time for which application threads were stopped: 0.0749740 seconds, Stopping threads took: 0.0000560 seconds
74.425: Application time: 0.0243260 seconds
74.426: [Full GC [PSYoungGen: 138240K->33856K(161280K)] [ParOldGen: 367989K->367989K(368128K)] 506229K->401845K(529408K) [PSPermGen: 13626K->13626K(21504K)], 0.0745330 secs] [Times: user=0.53 sys=0.00, real=0.07 secs] 
74.500: Total time for which application threads were stopped: 0.0751670 seconds, Stopping threads took: 0.0000650 seconds
74.525: Application time: 0.0243810 seconds
74.525: [Full GC [PSYoungGen: 138240K->33870K(161280K)] [ParOldGen: 367989K->367989K(368128K)] 506229K->401860K(529408K) [PSPermGen: 13626K->13626K(21504K)], 0.0742580 secs] [Times: user=0.53 sys=0.00, real=0.08 secs] 
74.600: Total time for which application threads were stopped: 0.0749940 seconds, Stopping threads took: 0.0001030 seconds
74.624: Application time: 0.0241510 seconds
74.624: [Full GC [PSYoungGen: 138240K->33886K(161280K)] [ParOldGen: 367989K->367989K(368128K)] 506229K->401875K(529408K) [PSPermGen: 13626K->13626K(21504K)], 0.0743150 secs] [Times: user=0.53 sys=0.00, real=0.08 secs] 
74.699: Total time for which application threads were stopped: 0.0749170 seconds, Stopping threads took: 0.0000470 seconds
74.723: Application time: 0.0242050 seconds
74.723: [Full GC [PSYoungGen: 138240K->33901K(161280K)] [ParOldGen: 367989K->367989K(368128K)] 506229K->401891K(529408K) [PSPermGen: 13626K->13626K(21504K)], 0.0740150 secs] [Times: user=0.52 sys=0.00, real=0.08 secs] 
74.798: Total time for which application threads were stopped: 0.0747360 seconds, Stopping threads took: 0.0000430 seconds
74.822: Application time: 0.0240520 seconds
74.822: [Full GC [PSYoungGen: 138240K->33912K(161280K)] [ParOldGen: 367989K->367989K(368128K)] 506229K->401902K(529408K) [PSPermGen: 13626K->13626K(21504K)], 0.0744920 secs] [Times: user=0.53 sys=0.01, real=0.08 secs] 
74.897: Total time for which application threads were stopped: 0.0750990 seconds, Stopping threads took: 0.0000500 seconds
74.921: Application time: 0.0238420 seconds
74.921: [Full GC [PSYoungGen: 138240K->33933K(161280K)] [ParOldGen: 367989K->367989K(368128K)] 506229K->401922K(529408K) [PSPermGen: 13626K->13626K(21504K)], 0.0743630 secs] [Times: user=0.52 sys=0.00, real=0.08 secs] 
74.996: Total time for which application threads were stopped: 0.0749790 seconds, Stopping threads took: 0.0000590 seconds
75.019: Application time: 0.0239340 seconds
75.020: [Full GC [PSYoungGen: 138240K->33948K(161280K)] [ParOldGen: 367989K->367989K(368128K)] 506229K->401938K(529408K) [PSPermGen: 13626K->13626K(21504K)], 0.0745790 secs] [Times: user=0.52 sys=0.00, real=0.08 secs] 
75.095: Total time for which application threads were stopped: 0.0752020 seconds, Stopping threads took: 0.0000640 seconds
75.119: Application time: 0.0238820 seconds
75.119: [Full GC [PSYoungGen: 138240K->33962K(161280K)] [ParOldGen: 367989K->367989K(368128K)] 506229K->401952K(529408K) [PSPermGen: 13626K->13626K(21504K)], 0.0741070 secs] [Times: user=0.52 sys=0.00, real=0.07 secs] 
75.193: Total time for which application threads were stopped: 0.0747290 seconds, Stopping threads took: 0.0000680 seconds
75.217: Application time: 0.0239760 seconds
75.218: [Full GC [PSYoungGen: 138240K->33976K(161280K)] [ParOldGen: 367989K->367989K(368128K)] 506229K->401965K(529408K) [PSPermGen: 13626K->13626K(21504K)], 0.0751100 secs] [Times: user=0.52 sys=0.00, real=0.07 secs] 
75.293: Total time for which application threads were stopped: 0.0758300 seconds, Stopping threads took: 0.0000520 seconds
75.317: Application time: 0.0242190 seconds
75.318: [Full GC [PSYoungGen: 138240K->33984K(161280K)] [ParOldGen: 367989K->367989K(368128K)] 506229K->401974K(529408K) [PSPermGen: 13626K->13626K(21504K)], 0.0747640 secs] [Times: user=0.53 sys=0.00, real=0.07 secs] 
75.393: Total time for which application threads were stopped: 0.0754410 seconds, Stopping threads took: 0.0000300 seconds
75.417: Application time: 0.0245900 seconds
75.418: [Full GC [PSYoungGen: 138240K->33941K(161280K)] [ParOldGen: 367989K->367989K(368128K)] 506229K->401931K(529408K) [PSPermGen: 13626K->13626K(21504K)], 0.0740940 secs] [Times: user=0.53 sys=0.00, real=0.07 secs] 
75.492: Total time for which application threads were stopped: 0.0748470 seconds, Stopping threads took: 0.0001050 seconds
75.517: Application time: 0.0244230 seconds
75.517: [Full GC [PSYoungGen: 138240K->33900K(161280K)] [ParOldGen: 367989K->367989K(368128K)] 506229K->401889K(529408K) [PSPermGen: 13626K->13626K(21504K)], 0.0741490 secs] [Times: user=0.52 sys=0.00, real=0.07 secs] 
75.592: Total time for which application threads were stopped: 0.0748600 seconds, Stopping threads took: 0.0000640 seconds
75.615: Application time: 0.0238080 seconds
75.616: [Full GC [PSYoungGen: 138240K->33896K(161280K)] [ParOldGen: 367989K->367989K(368128K)] 506229K->401885K(529408K) [PSPermGen: 13626K->13626K(21504K)], 0.0754130 secs] [Times: user=0.54 sys=0.00, real=0.07 secs] 
75.691: Total time for which application threads were stopped: 0.0761200 seconds, Stopping threads took: 0.0000540 seconds
75.716: Application time: 0.0242450 seconds
75.716: [Full GC [PSYoungGen: 138240K->33911K(161280K)] [ParOldGen: 367989K->367989K(368128K)] 506229K->401901K(529408K) [PSPermGen: 13626K->13626K(21504K)], 0.0745820 secs] [Times: user=0.52 sys=0.00, real=0.07 secs] 
75.791: Total time for which application threads were stopped: 0.0753080 seconds, Stopping threads took: 0.0000840 seconds
75.816: Application time: 0.0246750 seconds
75.816: [Full GC [PSYoungGen: 138240K->33872K(161280K)] [ParOldGen: 367989K->367989K(368128K)] 506229K->401862K(529408K) [PSPermGen: 13626K->13626K(21504K)], 0.0738630 secs] [Times: user=0.52 sys=0.01, real=0.07 secs] 
75.890: Total time for which application threads were stopped: 0.0745600 seconds, Stopping threads took: 0.0000570 seconds
75.914: Application time: 0.0241300 seconds
75.915: [Full GC [PSYoungGen: 138240K->33871K(161280K)] [ParOldGen: 367989K->367989K(368128K)] 506229K->401861K(529408K) [PSPermGen: 13626K->13626K(21504K)], 0.0765100 secs] [Times: user=0.54 sys=0.00, real=0.07 secs] 
75.992: Total time for which application threads were stopped: 0.0772170 seconds, Stopping threads took: 0.0000420 seconds
76.016: Application time: 0.0244810 seconds
76.017: [Full GC [PSYoungGen: 138240K->33829K(161280K)] [ParOldGen: 367989K->367989K(368128K)] 506229K->401819K(529408K) [PSPermGen: 13626K->13626K(21504K)], 0.0743760 secs] [Times: user=0.53 sys=0.00, real=0.07 secs] 
76.091: Total time for which application threads were stopped: 0.0750740 seconds, Stopping threads took: 0.0000540 seconds
76.116: Application time: 0.0244150 seconds
76.116: [Full GC [PSYoungGen: 138240K->33828K(161280K)] [ParOldGen: 367989K->367989K(368128K)] 506229K->401818K(529408K) [PSPermGen: 13626K->13626K(21504K)], 0.0755730 secs] [Times: user=0.53 sys=0.00, real=0.07 secs] 
76.192: Total time for which application threads were stopped: 0.0762510 seconds, Stopping threads took: 0.0000340 seconds
76.216: Application time: 0.0240540 seconds
76.217: [Full GC [PSYoungGen: 138240K->33847K(161280K)] [ParOldGen: 367989K->367989K(368128K)] 506229K->401836K(529408K) [PSPermGen: 13626K->13626K(21504K)], 0.0744610 secs] [Times: user=0.52 sys=0.00, real=0.07 secs] 
76.291: Total time for which application threads were stopped: 0.0751490 seconds, Stopping threads took: 0.0000530 seconds
76.315: Application time: 0.0243370 seconds
76.316: [Full GC [PSYoungGen: 138240K->33859K(161280K)] [ParOldGen: 367989K->367989K(368128K)] 506229K->401849K(529408K) [PSPermGen: 13626K->13626K(21504K)], 0.0739510 secs] [Times: user=0.52 sys=0.00, real=0.07 secs] 
76.390: Total time for which application threads were stopped: 0.0746460 seconds, Stopping threads took: 0.0000570 seconds
76.414: Application time: 0.0238610 seconds
76.415: [Full GC [PSYoungGen: 138240K->33876K(161280K)] [ParOldGen: 367989K->367989K(368128K)] 506229K->401866K(529408K) [PSPermGen: 13626K->13626K(21504K)], 0.0738320 secs] [Times: user=0.52 sys=0.00, real=0.07 secs] 
76.488: Total time for which application threads were stopped: 0.0744820 seconds, Stopping threads took: 0.0000460 seconds
76.513: Application time: 0.0242920 seconds
76.513: [Full GC [PSYoungGen: 138240K->33892K(161280K)] [ParOldGen: 367989K->367989K(368128K)] 506229K->401882K(529408K) [PSPermGen: 13626K->13626K(21504K)], 0.0738130 secs] [Times: user=0.52 sys=0.00, real=0.08 secs] 
76.587: Total time for which application threads were stopped: 0.0744960 seconds, Stopping threads took: 0.0000420 seconds
76.611: Application time: 0.0239910 seconds
76.612: [Full GC [PSYoungGen: 138240K->33908K(161280K)] [ParOldGen: 367989K->367989K(368128K)] 506229K->401897K(529408K) [PSPermGen: 13626K->13626K(21504K)], 0.0764470 secs] [Times: user=0.54 sys=0.00, real=0.08 secs] 
76.688: Total time for which application threads were stopped: 0.0771100 seconds, Stopping threads took: 0.0000420 seconds
76.712: Application time: 0.0241500 seconds
76.713: [Full GC [PSYoungGen: 138240K->33922K(161280K)] [ParOldGen: 367989K->367989K(368128K)] 506229K->401912K(529408K) [PSPermGen: 13626K->13626K(21504K)], 0.0750560 secs] [Times: user=0.52 sys=0.01, real=0.08 secs] 
76.788: Total time for which application threads were stopped: 0.0757450 seconds, Stopping threads took: 0.0000530 seconds
76.812: Application time: 0.0242060 seconds
76.813: [Full GC [PSYoungGen: 138240K->33936K(161280K)] [ParOldGen: 367989K->367989K(368128K)] 506229K->401925K(529408K) [PSPermGen: 13626K->13626K(21504K)], 0.0746350 secs] [Times: user=0.53 sys=0.00, real=0.08 secs] 
76.888: Total time for which application threads were stopped: 0.0752450 seconds, Stopping threads took: 0.0000580 seconds
76.912: Application time: 0.0243380 seconds
76.913: [Full GC [PSYoungGen: 138240K->33951K(161280K)] [ParOldGen: 367989K->367989K(368128K)] 506229K->401940K(529408K) [PSPermGen: 13626K->13626K(21504K)], 0.0773130 secs] [Times: user=0.55 sys=0.00, real=0.08 secs] 
76.990: Total time for which application threads were stopped: 0.0779340 seconds, Stopping threads took: 0.0000620 seconds
77.015: Application time: 0.0254120 seconds
77.016: [Full GC [PSYoungGen: 138240K->33857K(161280K)] [ParOldGen: 367989K->367989K(368128K)] 506229K->401847K(529408K) [PSPermGen: 13626K->13626K(21504K)], 0.0744260 secs] [Times: user=0.52 sys=0.00, real=0.07 secs] 
77.090: Total time for which application threads were stopped: 0.0750700 seconds, Stopping threads took: 0.0000550 seconds
77.115: Application time: 0.0247340 seconds
77.116: [Full GC [PSYoungGen: 138240K->33729K(161280K)] [ParOldGen: 367989K->367989K(368128K)] 506229K->401719K(529408K) [PSPermGen: 13626K->13626K(21504K)], 0.0748060 secs] [Times: user=0.52 sys=0.00, real=0.07 secs] 
77.191: Total time for which application threads were stopped: 0.0755050 seconds, Stopping threads took: 0.0000650 seconds
77.215: Application time: 0.0244410 seconds
77.216: [Full GC [PSYoungGen: 138240K->33713K(161280K)] [ParOldGen: 367989K->367989K(368128K)] 506229K->401702K(529408K) [PSPermGen: 13626K->13626K(21504K)], 0.0744860 secs] [Times: user=0.53 sys=0.00, real=0.07 secs] 
77.290: Total time for which application threads were stopped: 0.0751050 seconds, Stopping threads took: 0.0000540 seconds
77.314: Application time: 0.0240760 seconds
77.315: [Full GC [PSYoungGen: 138240K->33729K(161280K)] [ParOldGen: 367989K->367989K(368128K)] 506229K->401719K(529408K) [PSPermGen: 13626K->13626K(21504K)], 0.0752320 secs] [Times: user=0.53 sys=0.00, real=0.07 secs] 
77.390: Total time for which application threads were stopped: 0.0758530 seconds, Stopping threads took: 0.0000610 seconds
77.414: Application time: 0.0242820 seconds
77.415: [Full GC [PSYoungGen: 138240K->33744K(161280K)] [ParOldGen: 367989K->367989K(368128K)] 506229K->401734K(529408K) [PSPermGen: 13626K->13626K(21504K)], 0.0740780 secs] [Times: user=0.52 sys=0.00, real=0.07 secs] 
77.489: Total time for which application threads were stopped: 0.0746740 seconds, Stopping threads took: 0.0000340 seconds
77.513: Application time: 0.0239670 seconds
77.514: [Full GC [PSYoungGen: 138240K->33757K(161280K)] [ParOldGen: 367989K->367989K(368128K)] 506229K->401746K(529408K) [PSPermGen: 13626K->13626K(21504K)], 0.0738230 secs] [Times: user=0.53 sys=0.00, real=0.07 secs] 
77.588: Total time for which application threads were stopped: 0.0745240 seconds, Stopping threads took: 0.0000560 seconds
77.612: Application time: 0.0241260 seconds
77.612: [Full GC [PSYoungGen: 138240K->33773K(161280K)] [ParOldGen: 367989K->367989K(368128K)] 506229K->401763K(529408K) [PSPermGen: 13626K->13626K(21504K)], 0.0738860 secs] [Times: user=0.52 sys=0.00, real=0.08 secs] 
77.686: Total time for which application threads were stopped: 0.0745880 seconds, Stopping threads took: 0.0000610 seconds
77.711: Application time: 0.0242940 seconds
77.711: [Full GC [PSYoungGen: 138240K->33787K(161280K)] [ParOldGen: 367989K->367989K(368128K)] 506229K->401777K(529408K) [PSPermGen: 13626K->13626K(21504K)], 0.0737870 secs] [Times: user=0.53 sys=0.00, real=0.07 secs] 
77.785: Total time for which application threads were stopped: 0.0744220 seconds, Stopping threads took: 0.0000530 seconds
77.809: Application time: 0.0241790 seconds
77.810: [Full GC [PSYoungGen: 138240K->33803K(161280K)] [ParOldGen: 367989K->367989K(368128K)] 506229K->401793K(529408K) [PSPermGen: 13626K->13626K(21504K)], 0.0740400 secs] [Times: user=0.53 sys=0.00, real=0.07 secs] 
77.884: Total time for which application threads were stopped: 0.0747580 seconds, Stopping threads took: 0.0000830 seconds
77.908: Application time: 0.0242110 seconds
77.909: [Full GC [PSYoungGen: 138240K->33816K(161280K)] [ParOldGen: 367989K->367989K(368128K)] 506229K->401806K(529408K) [PSPermGen: 13626K->13626K(21504K)], 0.0747660 secs] [Times: user=0.51 sys=0.00, real=0.07 secs] 
77.984: Total time for which application threads were stopped: 0.0754520 seconds, Stopping threads took: 0.0000580 seconds
78.008: Application time: 0.0243610 seconds
78.009: [Full GC [PSYoungGen: 138240K->33834K(161280K)] [ParOldGen: 367989K->367989K(368128K)] 506229K->401824K(529408K) [PSPermGen: 13626K->13626K(21504K)], 0.0743970 secs] [Times: user=0.53 sys=0.00, real=0.07 secs] 
78.083: Total time for which application threads were stopped: 0.0751110 seconds, Stopping threads took: 0.0000760 seconds
78.107: Application time: 0.0241400 seconds
78.108: [Full GC [PSYoungGen: 138240K->33847K(161280K)] [ParOldGen: 367989K->367989K(368128K)] 506229K->401836K(529408K) [PSPermGen: 13626K->13626K(21504K)], 0.0743640 secs] [Times: user=0.52 sys=0.01, real=0.07 secs] 
78.182: Total time for which application threads were stopped: 0.0750820 seconds, Stopping threads took: 0.0000680 seconds
78.207: Application time: 0.0241860 seconds
78.207: [Full GC [PSYoungGen: 138240K->33861K(161280K)] [ParOldGen: 367989K->367989K(368128K)] 506229K->401851K(529408K) [PSPermGen: 13626K->13626K(21504K)], 0.0760750 secs] [Times: user=0.53 sys=0.00, real=0.07 secs] 
78.283: Total time for which application threads were stopped: 0.0767830 seconds, Stopping threads took: 0.0000510 seconds
78.308: Application time: 0.0243130 seconds
78.308: [Full GC [PSYoungGen: 138240K->33872K(161280K)] [ParOldGen: 367989K->367989K(368128K)] 506229K->401862K(529408K) [PSPermGen: 13626K->13626K(21504K)], 0.0741900 secs] [Times: user=0.52 sys=0.00, real=0.07 secs] 
78.382: Total time for which application threads were stopped: 0.0748040 seconds, Stopping threads took: 0.0000530 seconds
78.407: Application time: 0.0241340 seconds
78.407: [Full GC [PSYoungGen: 138240K->33891K(161280K)] [ParOldGen: 367989K->367989K(368128K)] 506229K->401880K(529408K) [PSPermGen: 13626K->13626K(21504K)], 0.0741320 secs] [Times: user=0.53 sys=0.00, real=0.07 secs] 
78.481: Total time for which application threads were stopped: 0.0748280 seconds, Stopping threads took: 0.0000500 seconds
78.506: Application time: 0.0241270 seconds
78.506: [Full GC [PSYoungGen: 138240K->33905K(161280K)] [ParOldGen: 367989K->367989K(368128K)] 506229K->401895K(529408K) [PSPermGen: 13626K->13626K(21504K)], 0.0741150 secs] [Times: user=0.53 sys=0.00, real=0.07 secs] 
78.580: Total time for which application threads were stopped: 0.0748130 seconds, Stopping threads took: 0.0000600 seconds
78.604: Application time: 0.0239690 seconds
78.605: [Full GC [PSYoungGen: 138240K->33922K(161280K)] [ParOldGen: 367989K->367989K(368128K)] 506229K->401912K(529408K) [PSPermGen: 13626K->13626K(21504K)], 0.0741480 secs] [Times: user=0.52 sys=0.00, real=0.08 secs] 
78.679: Total time for which application threads were stopped: 0.0748540 seconds, Stopping threads took: 0.0000610 seconds
78.703: Application time: 0.0239480 seconds
78.704: [Full GC [PSYoungGen: 138240K->33937K(161280K)] [ParOldGen: 367989K->367989K(368128K)] 506229K->401927K(529408K) [PSPermGen: 13626K->13626K(21504K)], 0.0743670 secs] [Times: user=0.53 sys=0.00, real=0.08 secs] 
78.778: Total time for which application threads were stopped: 0.0750890 seconds, Stopping threads took: 0.0000750 seconds
78.802: Application time: 0.0240870 seconds
78.803: [Full GC [PSYoungGen: 138240K->33948K(161280K)] [ParOldGen: 367989K->367989K(368128K)] 506229K->401938K(529408K) [PSPermGen: 13626K->13626K(21504K)], 0.0742060 secs] [Times: user=0.52 sys=0.00, real=0.08 secs] 
78.877: Total time for which application threads were stopped: 0.0748330 seconds, Stopping threads took: 0.0000340 seconds
78.903: Application time: 0.0260490 seconds
78.904: [Full GC [PSYoungGen: 138240K->33967K(161280K)] [ParOldGen: 367989K->367989K(368128K)] 506229K->401957K(529408K) [PSPermGen: 13626K->13626K(21504K)], 0.0741330 secs] [Times: user=0.52 sys=0.00, real=0.08 secs] 
78.978: Total time for which application threads were stopped: 0.0748300 seconds, Stopping threads took: 0.0000630 seconds
79.003: Application time: 0.0249580 seconds
79.004: [Full GC [PSYoungGen: 138240K->33979K(161280K)] [ParOldGen: 367989K->367989K(368128K)] 506229K->401969K(529408K) [PSPermGen: 13626K->13626K(21504K)], 0.0739110 secs] [Times: user=0.52 sys=0.00, real=0.08 secs] 
79.078: Total time for which application threads were stopped: 0.0746320 seconds, Stopping threads took: 0.0000720 seconds
79.102: Application time: 0.0243820 seconds
79.103: [Full GC [PSYoungGen: 138240K->34000K(161280K)] [ParOldGen: 367989K->367989K(368128K)] 506229K->401990K(529408K) [PSPermGen: 13626K->13626K(21504K)], 0.0737510 secs] [Times: user=0.52 sys=0.00, real=0.08 secs] 
79.176: Total time for which application threads were stopped: 0.0744210 seconds, Stopping threads took: 0.0000490 seconds
79.203: Application time: 0.0268630 seconds
79.204: [Full GC [PSYoungGen: 138240K->34054K(161280K)] [ParOldGen: 367989K->367892K(368128K)] 506229K->401946K(529408K) [PSPermGen: 13626K->13626K(21504K)], 0.1237120 secs] [Times: user=0.89 sys=0.00, real=0.13 secs] 
79.328: Total time for which application threads were stopped: 0.1243700 seconds, Stopping threads took: 0.0000400 seconds
79.352: Application time: 0.0242370 seconds
79.353: [Full GC [PSYoungGen: 138240K->33999K(161280K)] [ParOldGen: 367892K->367892K(368128K)] 506132K->401892K(529408K) [PSPermGen: 13626K->13626K(21504K)], 0.0739980 secs] [Times: user=0.53 sys=0.00, real=0.08 secs] 
79.427: Total time for which application threads were stopped: 0.0747340 seconds, Stopping threads took: 0.0000630 seconds
79.451: Application time: 0.0239530 seconds
79.451: [Full GC [PSYoungGen: 138240K->33997K(161280K)] [ParOldGen: 367892K->367892K(368128K)] 506132K->401890K(529408K) [PSPermGen: 13626K->13626K(21504K)], 0.0751360 secs] [Times: user=0.52 sys=0.00, real=0.08 secs] 
79.526: Total time for which application threads were stopped: 0.0757550 seconds, Stopping threads took: 0.0000590 seconds
79.551: Application time: 0.0242890 seconds
79.554: [Full GC [PSYoungGen: 138240K->34013K(161280K)] [ParOldGen: 367892K->367892K(368128K)] 506132K->401906K(529408K) [PSPermGen: 13626K->13626K(21504K)], 0.0748000 secs] [Times: user=0.53 sys=0.00, real=0.07 secs] 
79.629: Total time for which application threads were stopped: 0.0782310 seconds, Stopping threads took: 0.0028760 seconds
79.651: Application time: 0.0220170 seconds
79.651: Total time for which application threads were stopped: 0.0005490 seconds, Stopping threads took: 0.0000550 seconds
79.653: Application time: 0.0019560 seconds
79.654: [Full GC [PSYoungGen: 138240K->34024K(161280K)] [ParOldGen: 367892K->367892K(368128K)] 506132K->401917K(529408K) [PSPermGen: 13626K->13626K(21504K)], 0.0739910 secs] [Times: user=0.52 sys=0.00, real=0.07 secs] 
79.728: Total time for which application threads were stopped: 0.0746180 seconds, Stopping threads took: 0.0000550 seconds
79.753: Application time: 0.0249250 seconds
79.754: [Full GC [PSYoungGen: 138240K->33919K(161280K)] [ParOldGen: 367892K->367892K(368128K)] 506132K->401812K(529408K) [PSPermGen: 13626K->13626K(21504K)], 0.0747860 secs] [Times: user=0.52 sys=0.00, real=0.07 secs] 
79.829: Total time for which application threads were stopped: 0.0755670 seconds, Stopping threads took: 0.0000950 seconds
79.854: Application time: 0.0249750 seconds
79.854: [Full GC [PSYoungGen: 138240K->33914K(161280K)] [ParOldGen: 367892K->367892K(368128K)] 506132K->401807K(529408K) [PSPermGen: 13626K->13626K(21504K)], 0.0743390 secs] [Times: user=0.53 sys=0.00, real=0.07 secs] 
79.929: Total time for which application threads were stopped: 0.0751000 seconds, Stopping threads took: 0.0000810 seconds
79.953: Application time: 0.0239430 seconds
79.953: [Full GC [PSYoungGen: 138240K->33929K(161280K)] [ParOldGen: 367892K->367892K(368128K)] 506132K->401822K(529408K) [PSPermGen: 13626K->13626K(21504K)], 0.0745520 secs] [Times: user=0.53 sys=0.00, real=0.08 secs] 
80.028: Total time for which application threads were stopped: 0.0751880 seconds, Stopping threads took: 0.0000760 seconds
80.052: Application time: 0.0240920 seconds
80.052: [Full GC [PSYoungGen: 138240K->33946K(161280K)] [ParOldGen: 367892K->367892K(368128K)] 506132K->401838K(529408K) [PSPermGen: 13626K->13626K(21504K)], 0.0754500 secs] [Times: user=0.52 sys=0.00, real=0.08 secs] 
80.128: Total time for which application threads were stopped: 0.0760590 seconds, Stopping threads took: 0.0000540 seconds
80.152: Application time: 0.0237400 seconds
80.152: [Full GC [PSYoungGen: 138240K->33962K(161280K)] [ParOldGen: 367892K->367892K(368128K)] 506132K->401855K(529408K) [PSPermGen: 13626K->13626K(21504K)], 0.0741840 secs] [Times: user=0.52 sys=0.00, real=0.08 secs] 
80.227: Total time for which application threads were stopped: 0.0748750 seconds, Stopping threads took: 0.0000510 seconds
80.251: Application time: 0.0240390 seconds
80.251: [Full GC [PSYoungGen: 138240K->33977K(161280K)] [ParOldGen: 367892K->367892K(368128K)] 506132K->401869K(529408K) [PSPermGen: 13626K->13626K(21504K)], 0.0754000 secs] [Times: user=0.53 sys=0.00, real=0.08 secs] 
80.327: Total time for which application threads were stopped: 0.0760760 seconds, Stopping threads took: 0.0000440 seconds
80.351: Application time: 0.0239900 seconds
80.351: [Full GC [PSYoungGen: 138240K->33993K(161280K)] [ParOldGen: 367892K->367892K(368128K)] 506132K->401886K(529408K) [PSPermGen: 13626K->13626K(21504K)], 0.0736920 secs] [Times: user=0.52 sys=0.00, real=0.07 secs] 
80.425: Total time for which application threads were stopped: 0.0743760 seconds, Stopping threads took: 0.0000520 seconds
80.449: Application time: 0.0241500 seconds
80.454: [Full GC [PSYoungGen: 138240K->34008K(161280K)] [ParOldGen: 367892K->367892K(368128K)] 506132K->401901K(529408K) [PSPermGen: 13626K->13626K(21504K)], 0.0754600 secs] [Times: user=0.54 sys=0.00, real=0.07 secs] 
80.530: Total time for which application threads were stopped: 0.0803840 seconds, Stopping threads took: 0.0043450 seconds
80.554: Application time: 0.0247140 seconds
80.558: [Full GC [PSYoungGen: 138240K->34022K(161280K)] [ParOldGen: 367892K->367892K(368128K)] 506132K->401915K(529408K) [PSPermGen: 13626K->13626K(21504K)], 0.0741700 secs] [Times: user=0.52 sys=0.00, real=0.07 secs] 
80.632: Total time for which application threads were stopped: 0.0779890 seconds, Stopping threads took: 0.0032480 seconds
80.656: Application time: 0.0239990 seconds
80.657: [Full GC [PSYoungGen: 138240K->34038K(161280K)] [ParOldGen: 367892K->367892K(368128K)] 506132K->401930K(529408K) [PSPermGen: 13626K->13626K(21504K)], 0.0740350 secs] [Times: user=0.52 sys=0.00, real=0.07 secs] 
80.731: Total time for which application threads were stopped: 0.0746970 seconds, Stopping threads took: 0.0000530 seconds
80.755: Application time: 0.0236940 seconds
80.755: [Full GC [PSYoungGen: 138240K->34052K(161280K)] [ParOldGen: 367892K->367892K(368128K)] 506132K->401945K(529408K) [PSPermGen: 13626K->13626K(21504K)], 0.0740280 secs] [Times: user=0.53 sys=0.00, real=0.07 secs] 
80.829: Total time for which application threads were stopped: 0.0747100 seconds, Stopping threads took: 0.0000470 seconds
80.855: Application time: 0.0251330 seconds
80.855: [Full GC [PSYoungGen: 138240K->33846K(161280K)] [ParOldGen: 367892K->367892K(368128K)] 506132K->401739K(529408K) [PSPermGen: 13626K->13626K(21504K)], 0.1216180 secs] [Times: user=0.88 sys=0.00, real=0.12 secs] 
80.977: Total time for which application threads were stopped: 0.1223040 seconds, Stopping threads took: 0.0000610 seconds
81.001: Application time: 0.0240930 seconds
81.002: [Full GC [PSYoungGen: 138240K->33801K(161280K)] [ParOldGen: 367892K->367892K(368128K)] 506132K->401693K(529408K) [PSPermGen: 13626K->13626K(21504K)], 0.0743910 secs] [Times: user=0.52 sys=0.01, real=0.08 secs] 
81.076: Total time for which application threads were stopped: 0.0750310 seconds, Stopping threads took: 0.0000540 seconds
81.100: Application time: 0.0238960 seconds
81.100: [Full GC [PSYoungGen: 138240K->33815K(161280K)] [ParOldGen: 367892K->367892K(368128K)] 506132K->401708K(529408K) [PSPermGen: 13626K->13626K(21504K)], 0.0768010 secs] [Times: user=0.54 sys=0.00, real=0.08 secs] 
81.177: Total time for which application threads were stopped: 0.0773990 seconds, Stopping threads took: 0.0000390 seconds
81.201: Application time: 0.0238760 seconds
81.202: [Full GC [PSYoungGen: 138240K->33832K(161280K)] [ParOldGen: 367892K->367892K(368128K)] 506132K->401724K(529408K) [PSPermGen: 13626K->13626K(21504K)], 0.0775930 secs] [Times: user=0.53 sys=0.00, real=0.08 secs] 
81.279: Total time for which application threads were stopped: 0.0781870 seconds, Stopping threads took: 0.0000390 seconds
81.303: Application time: 0.0239870 seconds
81.304: [Full GC [PSYoungGen: 138240K->33846K(161280K)] [ParOldGen: 367892K->367892K(368128K)] 506132K->401738K(529408K) [PSPermGen: 13626K->13626K(21504K)], 0.0745510 secs] [Times: user=0.53 sys=0.00, real=0.08 secs] 
81.379: Total time for which application threads were stopped: 0.0751730 seconds, Stopping threads took: 0.0000600 seconds
81.402: Application time: 0.0238990 seconds
81.406: [Full GC [PSYoungGen: 138240K->33860K(161280K)] [ParOldGen: 367892K->367892K(368128K)] 506132K->401753K(529408K) [PSPermGen: 13626K->13626K(21504K)], 0.0742540 secs] [Times: user=0.53 sys=0.00, real=0.07 secs] 
81.480: Total time for which application threads were stopped: 0.0779390 seconds, Stopping threads took: 0.0031300 seconds
81.504: Application time: 0.0237740 seconds
81.505: [Full GC [PSYoungGen: 138240K->33874K(161280K)] [ParOldGen: 367892K->367892K(368128K)] 506132K->401767K(529408K) [PSPermGen: 13626K->13626K(21504K)], 0.0731910 secs] [Times: user=0.52 sys=0.00, real=0.08 secs] 
81.578: Total time for which application threads were stopped: 0.0738830 seconds, Stopping threads took: 0.0000520 seconds
81.602: Application time: 0.0237470 seconds
81.606: [Full GC [PSYoungGen: 138240K->33890K(161280K)] [ParOldGen: 367892K->367892K(368128K)] 506132K->401782K(529408K) [PSPermGen: 13626K->13626K(21504K)], 0.0742580 secs] [Times: user=0.52 sys=0.00, real=0.07 secs] 
81.680: Total time for which application threads were stopped: 0.0786660 seconds, Stopping threads took: 0.0037650 seconds
81.704: Application time: 0.0239460 seconds
81.705: [Full GC [PSYoungGen: 138240K->33906K(161280K)] [ParOldGen: 367892K->367892K(368128K)] 506132K->401799K(529408K) [PSPermGen: 13626K->13626K(21504K)], 0.0739000 secs] [Times: user=0.53 sys=0.00, real=0.08 secs] 
81.779: Total time for which application threads were stopped: 0.0745960 seconds, Stopping threads took: 0.0000550 seconds
81.803: Application time: 0.0240940 seconds
81.804: [Full GC [PSYoungGen: 138240K->33920K(161280K)] [ParOldGen: 367892K->367892K(368128K)] 506132K->401813K(529408K) [PSPermGen: 13626K->13626K(21504K)], 0.0754320 secs] [Times: user=0.53 sys=0.00, real=0.08 secs] 
81.879: Total time for which application threads were stopped: 0.0760350 seconds, Stopping threads took: 0.0000480 seconds
81.903: Application time: 0.0238450 seconds
81.904: [Full GC [PSYoungGen: 138240K->33934K(161280K)] [ParOldGen: 367892K->367892K(368128K)] 506132K->401827K(529408K) [PSPermGen: 13626K->13626K(21504K)], 0.0745150 secs] [Times: user=0.52 sys=0.00, real=0.08 secs] 
81.978: Total time for which application threads were stopped: 0.0752030 seconds, Stopping threads took: 0.0000420 seconds
82.002: Application time: 0.0235960 seconds
82.002: [Full GC [PSYoungGen: 138240K->33949K(161280K)] [ParOldGen: 367892K->367892K(368128K)] 506132K->401842K(529408K) [PSPermGen: 13626K->13626K(21504K)], 0.0738300 secs] [Times: user=0.53 sys=0.00, real=0.08 secs] 
82.076: Total time for which application threads were stopped: 0.0745420 seconds, Stopping threads took: 0.0000570 seconds
82.100: Application time: 0.0236660 seconds
82.102: [Full GC [PSYoungGen: 138240K->33964K(161280K)] [ParOldGen: 367892K->367892K(368128K)] 506132K->401856K(529408K) [PSPermGen: 13626K->13626K(21504K)], 0.0739800 secs] [Times: user=0.52 sys=0.00, real=0.08 secs] 
82.176: Total time for which application threads were stopped: 0.0761990 seconds, Stopping threads took: 0.0015530 seconds
82.200: Application time: 0.0238420 seconds
82.201: [Full GC [PSYoungGen: 138240K->33978K(161280K)] [ParOldGen: 367892K->367892K(368128K)] 506132K->401870K(529408K) [PSPermGen: 13626K->13626K(21504K)], 0.0748200 secs] [Times: user=0.53 sys=0.00, real=0.08 secs] 
82.275: Total time for which application threads were stopped: 0.0754290 seconds, Stopping threads took: 0.0000530 seconds
82.299: Application time: 0.0239070 seconds
82.300: [Full GC [PSYoungGen: 138240K->33992K(161280K)] [ParOldGen: 367892K->367892K(368128K)] 506132K->401885K(529408K) [PSPermGen: 13626K->13626K(21504K)], 0.0748600 secs] [Times: user=0.52 sys=0.00, real=0.08 secs] 
82.375: Total time for which application threads were stopped: 0.0754780 seconds, Stopping threads took: 0.0000550 seconds
82.399: Application time: 0.0240560 seconds
82.400: [Full GC [PSYoungGen: 138240K->34008K(161280K)] [ParOldGen: 367892K->367892K(368128K)] 506132K->401900K(529408K) [PSPermGen: 13626K->13626K(21504K)], 0.0742830 secs] [Times: user=0.53 sys=0.00, real=0.08 secs] 
82.474: Total time for which application threads were stopped: 0.0749730 seconds, Stopping threads took: 0.0000500 seconds
82.498: Application time: 0.0238520 seconds
82.502: [Full GC [PSYoungGen: 138240K->34024K(161280K)] [ParOldGen: 367892K->367892K(368128K)] 506132K->401916K(529408K) [PSPermGen: 13626K->13626K(21504K)], 0.0744370 secs] [Times: user=0.52 sys=0.01, real=0.08 secs] 
82.577: Total time for which application threads were stopped: 0.0788030 seconds, Stopping threads took: 0.0038050 seconds
82.601: Application time: 0.0240550 seconds
82.602: [Full GC [PSYoungGen: 138240K->34038K(161280K)] [ParOldGen: 367892K->367892K(368128K)] 506132K->401931K(529408K) [PSPermGen: 13626K->13626K(21504K)], 0.0741910 secs] [Times: user=0.53 sys=0.00, real=0.08 secs] 
82.676: Total time for which application threads were stopped: 0.0757100 seconds, Stopping threads took: 0.0009400 seconds
82.700: Application time: 0.0238350 seconds
82.701: [Full GC [PSYoungGen: 138240K->34051K(161280K)] [ParOldGen: 367892K->367892K(368128K)] 506132K->401943K(529408K) [PSPermGen: 13626K->13626K(21504K)], 0.0745880 secs] [Times: user=0.53 sys=0.00, real=0.08 secs] 
82.775: Total time for which application threads were stopped: 0.0753100 seconds, Stopping threads took: 0.0000520 seconds
82.801: Application time: 0.0252540 seconds
82.801: [Full GC [PSYoungGen: 138240K->34069K(161280K)] [ParOldGen: 367892K->367892K(368128K)] 506132K->401962K(529408K) [PSPermGen: 13626K->13626K(21504K)], 0.0744730 secs] [Times: user=0.52 sys=0.00, real=0.08 secs] 
82.876: Total time for which application threads were stopped: 0.0751160 seconds, Stopping threads took: 0.0000820 seconds
82.900: Application time: 0.0238630 seconds
82.900: [Full GC [PSYoungGen: 138240K->34084K(161280K)] [ParOldGen: 367892K->367892K(368128K)] 506132K->401977K(529408K) [PSPermGen: 13626K->13626K(21504K)], 0.0747200 secs] [Times: user=0.52 sys=0.00, real=0.08 secs] 
82.975: Total time for which application threads were stopped: 0.0753300 seconds, Stopping threads took: 0.0000520 seconds
83.000: Application time: 0.0246690 seconds
83.000: [Full GC [PSYoungGen: 138240K->33990K(161280K)] [ParOldGen: 367892K->367892K(368128K)] 506132K->401882K(529408K) [PSPermGen: 13626K->13626K(21504K)], 0.0742720 secs] [Times: user=0.52 sys=0.00, real=0.08 secs] 
83.075: Total time for which application threads were stopped: 0.0749690 seconds, Stopping threads took: 0.0000620 seconds
83.099: Application time: 0.0242210 seconds
83.100: [Full GC [PSYoungGen: 138240K->33970K(161280K)] [ParOldGen: 367892K->367892K(368128K)] 506132K->401862K(529408K) [PSPermGen: 13626K->13626K(21504K)], 0.0753290 secs] [Times: user=0.53 sys=0.00, real=0.08 secs] 
83.175: Total time for which application threads were stopped: 0.0759650 seconds, Stopping threads took: 0.0000640 seconds
83.199: Application time: 0.0239720 seconds
83.200: [Full GC [PSYoungGen: 138240K->33989K(161280K)] [ParOldGen: 367892K->367892K(368128K)] 506132K->401881K(529408K) [PSPermGen: 13626K->13626K(21504K)], 0.0746770 secs] [Times: user=0.53 sys=0.00, real=0.08 secs] 
83.274: Total time for which application threads were stopped: 0.0753800 seconds, Stopping threads took: 0.0000630 seconds
83.298: Application time: 0.0241810 seconds
83.299: [Full GC [PSYoungGen: 138240K->33930K(161280K)] [ParOldGen: 367892K->367892K(368128K)] 506132K->401822K(529408K) [PSPermGen: 13626K->13626K(21504K)], 0.0743190 secs] [Times: user=0.52 sys=0.00, real=0.07 secs] 
83.373: Total time for which application threads were stopped: 0.0749320 seconds, Stopping threads took: 0.0000420 seconds
83.398: Application time: 0.0241790 seconds
83.398: [Full GC [PSYoungGen: 138240K->33950K(161280K)] [ParOldGen: 367892K->367892K(368128K)] 506132K->401842K(529408K) [PSPermGen: 13626K->13626K(21504K)], 0.0744150 secs] [Times: user=0.53 sys=0.00, real=0.07 secs] 
83.473: Total time for which application threads were stopped: 0.0750110 seconds, Stopping threads took: 0.0000390 seconds
83.496: Application time: 0.0238600 seconds
83.497: [Full GC [PSYoungGen: 138240K->33962K(161280K)] [ParOldGen: 367892K->367892K(368128K)] 506132K->401854K(529408K) [PSPermGen: 13626K->13626K(21504K)], 0.0741910 secs] [Times: user=0.52 sys=0.00, real=0.07 secs] 
83.571: Total time for which application threads were stopped: 0.0748720 seconds, Stopping threads took: 0.0000370 seconds
83.595: Application time: 0.0238680 seconds
83.596: [Full GC [PSYoungGen: 138240K->33921K(161280K)] [ParOldGen: 367892K->367892K(368128K)] 506132K->401813K(529408K) [PSPermGen: 13626K->13626K(21504K)], 0.0746370 secs] [Times: user=0.52 sys=0.00, real=0.07 secs] 
83.670: Total time for which application threads were stopped: 0.0752420 seconds, Stopping threads took: 0.0000500 seconds
83.694: Application time: 0.0239050 seconds
83.695: [Full GC [PSYoungGen: 138240K->33921K(161280K)] [ParOldGen: 367892K->367892K(368128K)] 506132K->401814K(529408K) [PSPermGen: 13626K->13626K(21504K)], 0.0738340 secs] [Times: user=0.52 sys=0.00, real=0.07 secs] 
83.769: Total time for which application threads were stopped: 0.0745170 seconds, Stopping threads took: 0.0000440 seconds
83.793: Application time: 0.0239990 seconds
83.794: [Full GC [PSYoungGen: 138240K->33933K(161280K)] [ParOldGen: 367892K->367892K(368128K)] 506132K->401826K(529408K) [PSPermGen: 13626K->13626K(21504K)], 0.0752920 secs] [Times: user=0.51 sys=0.00, real=0.07 secs] 
83.870: Total time for which application threads were stopped: 0.0766480 seconds, Stopping threads took: 0.0007100 seconds
83.894: Application time: 0.0245180 seconds
83.895: [Full GC [PSYoungGen: 138240K->33948K(161280K)] [ParOldGen: 367892K->367892K(368128K)] 506132K->401840K(529408K) [PSPermGen: 13626K->13626K(21504K)], 0.0743810 secs] [Times: user=0.53 sys=0.00, real=0.07 secs] 
83.969: Total time for which application threads were stopped: 0.0750900 seconds, Stopping threads took: 0.0000420 seconds
83.993: Application time: 0.0238610 seconds
83.994: [Full GC [PSYoungGen: 138240K->33968K(161280K)] [ParOldGen: 367892K->367892K(368128K)] 506132K->401860K(529408K) [PSPermGen: 13626K->13626K(21504K)], 0.0744300 secs] [Times: user=0.52 sys=0.00, real=0.07 secs] 
84.068: Total time for which application threads were stopped: 0.0751250 seconds, Stopping threads took: 0.0000530 seconds
84.092: Application time: 0.0237970 seconds
84.093: [Full GC [PSYoungGen: 138240K->33982K(161280K)] [ParOldGen: 367892K->367892K(368128K)] 506132K->401874K(529408K) [PSPermGen: 13626K->13626K(21504K)], 0.0744500 secs] [Times: user=0.52 sys=0.00, real=0.08 secs] 
84.167: Total time for which application threads were stopped: 0.0751350 seconds, Stopping threads took: 0.0000540 seconds
84.191: Application time: 0.0239730 seconds
84.192: [Full GC [PSYoungGen: 138240K->34000K(161280K)] [ParOldGen: 367892K->367892K(368128K)] 506132K->401892K(529408K) [PSPermGen: 13626K->13626K(21504K)], 0.0743700 secs] [Times: user=0.53 sys=0.00, real=0.08 secs] 
84.266: Total time for which application threads were stopped: 0.0749900 seconds, Stopping threads took: 0.0000390 seconds
84.290: Application time: 0.0240240 seconds
84.294: [Full GC [PSYoungGen: 138240K->34016K(161280K)] [ParOldGen: 367892K->367892K(368128K)] 506132K->401908K(529408K) [PSPermGen: 13626K->13626K(21504K)], 0.0750100 secs] [Times: user=0.52 sys=0.00, real=0.07 secs] 
84.369: Total time for which application threads were stopped: 0.0791070 seconds, Stopping threads took: 0.0035180 seconds
84.393: Application time: 0.0241590 seconds
84.394: [Full GC [PSYoungGen: 138240K->34026K(161280K)] [ParOldGen: 367892K->367892K(368128K)] 506132K->401919K(529408K) [PSPermGen: 13626K->13626K(21504K)], 0.0745000 secs] [Times: user=0.53 sys=0.00, real=0.07 secs] 
84.469: Total time for which application threads were stopped: 0.0751920 seconds, Stopping threads took: 0.0000460 seconds
84.492: Application time: 0.0239700 seconds
84.493: [Full GC [PSYoungGen: 138240K->34044K(161280K)] [ParOldGen: 367892K->367892K(368128K)] 506132K->401937K(529408K) [PSPermGen: 13626K->13626K(21504K)], 0.0748530 secs] [Times: user=0.52 sys=0.00, real=0.08 secs] 
84.568: Total time for which application threads were stopped: 0.0754920 seconds, Stopping threads took: 0.0000570 seconds
84.592: Application time: 0.0240360 seconds
84.593: [Full GC [PSYoungGen: 138240K->34058K(161280K)] [ParOldGen: 367892K->367892K(368128K)] 506132K->401951K(529408K) [PSPermGen: 13626K->13626K(21504K)], 0.0746120 secs] [Times: user=0.53 sys=0.00, real=0.08 secs] 
84.667: Total time for which application threads were stopped: 0.0752250 seconds, Stopping threads took: 0.0000580 seconds
84.691: Application time: 0.0240750 seconds
84.692: [Full GC [PSYoungGen: 138240K->34063K(161280K)] [ParOldGen: 367892K->367892K(368128K)] 506132K->401956K(529408K) [PSPermGen: 13626K->13626K(21504K)], 0.0741930 secs] [Times: user=0.52 sys=0.01, real=0.08 secs] 
84.766: Total time for which application threads were stopped: 0.0748830 seconds, Stopping threads took: 0.0000380 seconds
84.791: Application time: 0.0252700 seconds
84.792: [Full GC [PSYoungGen: 138240K->33856K(161280K)] [ParOldGen: 367892K->367892K(368128K)] 506132K->401748K(529408K) [PSPermGen: 13626K->13626K(21504K)], 0.0747990 secs] [Times: user=0.53 sys=0.00, real=0.08 secs] 
84.867: Total time for which application threads were stopped: 0.0754920 seconds, Stopping threads took: 0.0000490 seconds
84.891: Application time: 0.0238630 seconds
84.891: [Full GC [PSYoungGen: 138240K->33819K(161280K)] [ParOldGen: 367892K->367892K(368128K)] 506132K->401712K(529408K) [PSPermGen: 13626K->13626K(21504K)], 0.0744630 secs] [Times: user=0.52 sys=0.00, real=0.08 secs] 
84.966: Total time for which application threads were stopped: 0.0751420 seconds, Stopping threads took: 0.0000560 seconds
84.990: Application time: 0.0241850 seconds
84.991: [Full GC [PSYoungGen: 138240K->33834K(161280K)] [ParOldGen: 367892K->367892K(368128K)] 506132K->401726K(529408K) [PSPermGen: 13626K->13626K(21504K)], 0.0741730 secs] [Times: user=0.51 sys=0.00, real=0.07 secs] 
85.065: Total time for which application threads were stopped: 0.0748680 seconds, Stopping threads took: 0.0000430 seconds
85.089: Application time: 0.0239590 seconds
85.090: [Full GC [PSYoungGen: 138240K->33849K(161280K)] [ParOldGen: 367892K->367892K(368128K)] 506132K->401741K(529408K) [PSPermGen: 13626K->13626K(21504K)], 0.0752430 secs] [Times: user=0.53 sys=0.00, real=0.07 secs] 
85.165: Total time for which application threads were stopped: 0.0758850 seconds, Stopping threads took: 0.0000500 seconds
85.189: Application time: 0.0238950 seconds
85.189: [Full GC [PSYoungGen: 138240K->33864K(161280K)] [ParOldGen: 367892K->367892K(368128K)] 506132K->401756K(529408K) [PSPermGen: 13626K->13626K(21504K)], 0.0739100 secs] [Times: user=0.52 sys=0.00, real=0.07 secs] 
85.263: Total time for which application threads were stopped: 0.0746420 seconds, Stopping threads took: 0.0000890 seconds
85.287: Application time: 0.0236780 seconds
85.288: [Full GC [PSYoungGen: 138240K->33879K(161280K)] [ParOldGen: 367892K->367892K(368128K)] 506132K->401771K(529408K) [PSPermGen: 13626K->13626K(21504K)], 0.0748370 secs] [Times: user=0.53 sys=0.00, real=0.07 secs] 
85.363: Total time for which application threads were stopped: 0.0754540 seconds, Stopping threads took: 0.0000590 seconds
85.386: Application time: 0.0238400 seconds
85.387: [Full GC [PSYoungGen: 138240K->33893K(161280K)] [ParOldGen: 367892K->367892K(368128K)] 506132K->401786K(529408K) [PSPermGen: 13626K->13626K(21504K)], 0.0737980 secs] [Times: user=0.52 sys=0.00, real=0.07 secs] 
85.461: Total time for which application threads were stopped: 0.0744970 seconds, Stopping threads took: 0.0000500 seconds
85.485: Application time: 0.0238200 seconds
85.485: [Full GC [PSYoungGen: 138240K->33907K(161280K)] [ParOldGen: 367892K->367892K(368128K)] 506132K->401799K(529408K) [PSPermGen: 13626K->13626K(21504K)], 0.0746080 secs] [Times: user=0.53 sys=0.00, real=0.08 secs] 
85.560: Total time for which application threads were stopped: 0.0752190 seconds, Stopping threads took: 0.0000530 seconds
85.584: Application time: 0.0238540 seconds
85.584: [Full GC [PSYoungGen: 138240K->33925K(161280K)] [ParOldGen: 367892K->367892K(368128K)] 506132K->401817K(529408K) [PSPermGen: 13626K->13626K(21504K)], 0.0743060 secs] [Times: user=0.53 sys=0.00, real=0.08 secs] 
85.659: Total time for which application threads were stopped: 0.0749130 seconds, Stopping threads took: 0.0000550 seconds
85.683: Application time: 0.0240980 seconds
85.683: [Full GC [PSYoungGen: 138240K->33939K(161280K)] [ParOldGen: 367892K->367892K(368128K)] 506132K->401832K(529408K) [PSPermGen: 13626K->13626K(21504K)], 0.0743710 secs] [Times: user=0.53 sys=0.00, real=0.08 secs] 
85.758: Total time for which application threads were stopped: 0.0750750 seconds, Stopping threads took: 0.0000530 seconds
85.782: Application time: 0.0240170 seconds
85.782: [Full GC [PSYoungGen: 138240K->33953K(161280K)] [ParOldGen: 367892K->367892K(368128K)] 506132K->401845K(529408K) [PSPermGen: 13626K->13626K(21504K)], 0.0755520 secs] [Times: user=0.52 sys=0.00, real=0.08 secs] 
85.858: Total time for which application threads were stopped: 0.0761590 seconds, Stopping threads took: 0.0000440 seconds
85.882: Application time: 0.0241140 seconds
85.883: [Full GC [PSYoungGen: 138240K->33968K(161280K)] [ParOldGen: 367892K->367892K(368128K)] 506132K->401860K(529408K) [PSPermGen: 13626K->13626K(21504K)], 0.0739410 secs] [Times: user=0.52 sys=0.00, real=0.08 secs] 
85.957: Total time for which application threads were stopped: 0.0746330 seconds, Stopping threads took: 0.0000440 seconds
85.981: Application time: 0.0238800 seconds
85.981: [Full GC [PSYoungGen: 138240K->33982K(161280K)] [ParOldGen: 367892K->367892K(368128K)] 506132K->401874K(529408K) [PSPermGen: 13626K->13626K(21504K)], 0.0745880 secs] [Times: user=0.53 sys=0.00, real=0.08 secs] 
86.056: Total time for which application threads were stopped: 0.0752060 seconds, Stopping threads took: 0.0000510 seconds
86.080: Application time: 0.0238500 seconds
86.080: [Full GC [PSYoungGen: 138240K->33999K(161280K)] [ParOldGen: 367892K->367892K(368128K)] 506132K->401892K(529408K) [PSPermGen: 13626K->13626K(21504K)], 0.0745520 secs] [Times: user=0.53 sys=0.00, real=0.08 secs] 
86.155: Total time for which application threads were stopped: 0.0752440 seconds, Stopping threads took: 0.0000550 seconds
86.179: Application time: 0.0237870 seconds
86.179: [Full GC [PSYoungGen: 138240K->34012K(161280K)] [ParOldGen: 367892K->367892K(368128K)] 506132K->401905K(529408K) [PSPermGen: 13626K->13626K(21504K)], 0.0750270 secs] [Times: user=0.51 sys=0.00, real=0.08 secs] 
86.254: Total time for which application threads were stopped: 0.0756470 seconds, Stopping threads took: 0.0000640 seconds
86.278: Application time: 0.0239460 seconds
86.279: [Full GC [PSYoungGen: 138240K->34027K(161280K)] [ParOldGen: 367892K->367892K(368128K)] 506132K->401920K(529408K) [PSPermGen: 13626K->13626K(21504K)], 0.0741310 secs] [Times: user=0.53 sys=0.00, real=0.07 secs] 
86.353: Total time for which application threads were stopped: 0.0748490 seconds, Stopping threads took: 0.0000580 seconds
86.377: Application time: 0.0236630 seconds
86.378: [Full GC [PSYoungGen: 138240K->34044K(161280K)] [ParOldGen: 367892K->367892K(368128K)] 506132K->401937K(529408K) [PSPermGen: 13626K->13626K(21504K)], 0.0742810 secs] [Times: user=0.52 sys=0.00, real=0.07 secs] 
86.452: Total time for which application threads were stopped: 0.0749800 seconds, Stopping threads took: 0.0000450 seconds
86.476: Application time: 0.0235840 seconds
86.476: [Full GC [PSYoungGen: 138240K->34060K(161280K)] [ParOldGen: 367892K->367892K(368128K)] 506132K->401953K(529408K) [PSPermGen: 13626K->13626K(21504K)], 0.0746530 secs] [Times: user=0.52 sys=0.00, real=0.07 secs] 
86.551: Total time for which application threads were stopped: 0.0752770 seconds, Stopping threads took: 0.0000560 seconds
86.576: Application time: 0.0249660 seconds
86.578: [Full GC [PSYoungGen: 138240K->33950K(161280K)] [ParOldGen: 367892K->367892K(368128K)] 506132K->401843K(529408K) [PSPermGen: 13626K->13626K(21504K)], 0.0744890 secs] [Times: user=0.52 sys=0.00, real=0.07 secs] 
86.653: Total time for which application threads were stopped: 0.0768440 seconds, Stopping threads took: 0.0017880 seconds
86.677: Application time: 0.0239860 seconds
86.677: [Full GC [PSYoungGen: 138240K->33950K(161280K)] [ParOldGen: 367892K->367892K(368128K)] 506132K->401842K(529408K) [PSPermGen: 13626K->13626K(21504K)], 0.0742750 secs] [Times: user=0.53 sys=0.00, real=0.07 secs] 
86.752: Total time for which application threads were stopped: 0.0749960 seconds, Stopping threads took: 0.0000840 seconds
86.776: Application time: 0.0241950 seconds
86.776: [Full GC [PSYoungGen: 138240K->33964K(161280K)] [ParOldGen: 367892K->367892K(368128K)] 506132K->401857K(529408K) [PSPermGen: 13626K->13626K(21504K)], 0.0748720 secs] [Times: user=0.53 sys=0.00, real=0.07 secs] 
86.851: Total time for which application threads were stopped: 0.0755220 seconds, Stopping threads took: 0.0000910 seconds
86.876: Application time: 0.0243300 seconds
86.876: [Full GC [PSYoungGen: 138240K->33979K(161280K)] [ParOldGen: 367892K->367892K(368128K)] 506132K->401872K(529408K) [PSPermGen: 13626K->13626K(21504K)], 0.0739290 secs] [Times: user=0.52 sys=0.01, real=0.07 secs] 
86.950: Total time for which application threads were stopped: 0.0746510 seconds, Stopping threads took: 0.0000780 seconds
86.974: Application time: 0.0240740 seconds
86.975: [Full GC [PSYoungGen: 138240K->33994K(161280K)] [ParOldGen: 367892K->367892K(368128K)] 506132K->401887K(529408K) [PSPermGen: 13626K->13626K(21504K)], 0.0740340 secs] [Times: user=0.53 sys=0.00, real=0.07 secs] 
87.049: Total time for which application threads were stopped: 0.0747240 seconds, Stopping threads took: 0.0000560 seconds
87.073: Application time: 0.0240510 seconds
87.074: [Full GC [PSYoungGen: 138240K->33953K(161280K)] [ParOldGen: 367892K->367892K(368128K)] 506132K->401846K(529408K) [PSPermGen: 13626K->13626K(21504K)], 0.0753110 secs] [Times: user=0.52 sys=0.00, real=0.07 secs] 
87.149: Total time for which application threads were stopped: 0.0759320 seconds, Stopping threads took: 0.0000570 seconds
87.173: Application time: 0.0239690 seconds
87.174: [Full GC [PSYoungGen: 138240K->33952K(161280K)] [ParOldGen: 367892K->367892K(368128K)] 506132K->401844K(529408K) [PSPermGen: 13626K->13626K(21504K)], 0.0758080 secs] [Times: user=0.51 sys=0.00, real=0.07 secs] 
87.250: Total time for which application threads were stopped: 0.0764550 seconds, Stopping threads took: 0.0000670 seconds
87.274: Application time: 0.0248910 seconds
87.275: [Full GC [PSYoungGen: 138240K->33966K(161280K)] [ParOldGen: 367892K->367892K(368128K)] 506132K->401859K(529408K) [PSPermGen: 13626K->13626K(21504K)], 0.0823010 secs] [Times: user=0.58 sys=0.00, real=0.08 secs] 
87.357: Total time for which application threads were stopped: 0.0829260 seconds, Stopping threads took: 0.0000480 seconds
87.382: Application time: 0.0243560 seconds
87.382: [Full GC [PSYoungGen: 138240K->33926K(161280K)] [ParOldGen: 367892K->367892K(368128K)] 506132K->401819K(529408K) [PSPermGen: 13626K->13626K(21504K)], 0.0746110 secs] [Times: user=0.53 sys=0.00, real=0.08 secs] 
87.457: Total time for which application threads were stopped: 0.0753300 seconds, Stopping threads took: 0.0000530 seconds
87.481: Application time: 0.0243650 seconds
87.482: [Full GC [PSYoungGen: 138240K->33926K(161280K)] [ParOldGen: 367892K->367892K(368128K)] 506132K->401818K(529408K) [PSPermGen: 13626K->13626K(21504K)], 0.0739280 secs] [Times: user=0.53 sys=0.00, real=0.08 secs] 
87.556: Total time for which application threads were stopped: 0.0746350 seconds, Stopping threads took: 0.0000580 seconds
87.580: Application time: 0.0243140 seconds
87.581: [Full GC [PSYoungGen: 138240K->33940K(161280K)] [ParOldGen: 367892K->367892K(368128K)] 506132K->401833K(529408K) [PSPermGen: 13626K->13626K(21504K)], 0.0750060 secs] [Times: user=0.53 sys=0.00, real=0.08 secs] 
87.656: Total time for which application threads were stopped: 0.0756140 seconds, Stopping threads took: 0.0000580 seconds
87.680: Application time: 0.0243890 seconds
87.681: [Full GC [PSYoungGen: 138240K->33956K(161280K)] [ParOldGen: 367892K->367892K(368128K)] 506132K->401849K(529408K) [PSPermGen: 13626K->13626K(21504K)], 0.0739300 secs] [Times: user=0.52 sys=0.00, real=0.08 secs] 
87.755: Total time for which application threads were stopped: 0.0746330 seconds, Stopping threads took: 0.0000650 seconds
87.779: Application time: 0.0241930 seconds
87.780: [Full GC [PSYoungGen: 138240K->33970K(161280K)] [ParOldGen: 367892K->367892K(368128K)] 506132K->401862K(529408K) [PSPermGen: 13626K->13626K(21504K)], 0.0742280 secs] [Times: user=0.52 sys=0.00, real=0.08 secs] 
87.854: Total time for which application threads were stopped: 0.0749090 seconds, Stopping threads took: 0.0000610 seconds
87.878: Application time: 0.0243440 seconds
87.879: [Full GC [PSYoungGen: 138240K->33987K(161280K)] [ParOldGen: 367892K->367892K(368128K)] 506132K->401879K(529408K) [PSPermGen: 13626K->13626K(21504K)], 0.0748310 secs] [Times: user=0.53 sys=0.00, real=0.08 secs] 
87.954: Total time for which application threads were stopped: 0.0755160 seconds, Stopping threads took: 0.0000530 seconds
87.978: Application time: 0.0242330 seconds
87.979: [Full GC [PSYoungGen: 138240K->34000K(161280K)] [ParOldGen: 367892K->367892K(368128K)] 506132K->401892K(529408K) [PSPermGen: 13626K->13626K(21504K)], 0.0733490 secs] [Times: user=0.52 sys=0.00, real=0.07 secs] 
88.052: Total time for which application threads were stopped: 0.0740460 seconds, Stopping threads took: 0.0000450 seconds
88.076: Application time: 0.0241090 seconds
88.077: [Full GC [PSYoungGen: 138240K->34016K(161280K)] [ParOldGen: 367892K->367892K(368128K)] 506132K->401908K(529408K) [PSPermGen: 13626K->13626K(21504K)], 0.0750890 secs] [Times: user=0.52 sys=0.00, real=0.07 secs] 
88.152: Total time for which application threads were stopped: 0.0758010 seconds, Stopping threads took: 0.0000750 seconds
88.177: Application time: 0.0245670 seconds
88.177: [Full GC [PSYoungGen: 138240K->34034K(161280K)] [ParOldGen: 367892K->367892K(368128K)] 506132K->401926K(529408K) [PSPermGen: 13626K->13626K(21504K)], 0.0743130 secs] [Times: user=0.52 sys=0.01, real=0.07 secs] 
88.252: Total time for which application threads were stopped: 0.0749180 seconds, Stopping threads took: 0.0000400 seconds
88.276: Application time: 0.0244030 seconds
88.277: [Full GC [PSYoungGen: 138240K->34049K(161280K)] [ParOldGen: 367892K->367892K(368128K)] 506132K->401941K(529408K) [PSPermGen: 13626K->13626K(21504K)], 0.0742390 secs] [Times: user=0.53 sys=0.00, real=0.07 secs] 
88.351: Total time for which application threads were stopped: 0.0749390 seconds, Stopping threads took: 0.0000610 seconds
88.375: Application time: 0.0243230 seconds
88.376: [Full GC [PSYoungGen: 138240K->34061K(161280K)] [ParOldGen: 367892K->367892K(368128K)] 506132K->401954K(529408K) [PSPermGen: 13626K->13626K(21504K)], 0.0742910 secs] [Times: user=0.52 sys=0.00, real=0.07 secs] 
88.450: Total time for which application threads were stopped: 0.0748830 seconds, Stopping threads took: 0.0000430 seconds
88.476: Application time: 0.0255500 seconds
88.476: [Full GC [PSYoungGen: 138240K->33951K(161280K)] [ParOldGen: 367892K->367892K(368128K)] 506132K->401843K(529408K) [PSPermGen: 13626K->13626K(21504K)], 0.0739230 secs] [Times: user=0.52 sys=0.00, real=0.07 secs] 
88.550: Total time for which application threads were stopped: 0.0746000 seconds, Stopping threads took: 0.0000650 seconds
88.575: Application time: 0.0245270 seconds
88.576: [Full GC [PSYoungGen: 138240K->33876K(161280K)] [ParOldGen: 367892K->367892K(368128K)] 506132K->401768K(529408K) [PSPermGen: 13626K->13626K(21504K)], 0.0740270 secs] [Times: user=0.52 sys=0.00, real=0.07 secs] 
88.650: Total time for which application threads were stopped: 0.0747230 seconds, Stopping threads took: 0.0000520 seconds
88.674: Application time: 0.0247010 seconds
88.675: [Full GC [PSYoungGen: 138240K->33843K(161280K)] [ParOldGen: 367892K->367892K(368128K)] 506132K->401735K(529408K) [PSPermGen: 13626K->13626K(21504K)], 0.0744810 secs] [Times: user=0.52 sys=0.00, real=0.07 secs] 
88.749: Total time for which application threads were stopped: 0.0750930 seconds, Stopping threads took: 0.0000640 seconds
88.774: Application time: 0.0246140 seconds
88.775: [Full GC [PSYoungGen: 138240K->33838K(161280K)] [ParOldGen: 367892K->367892K(368128K)] 506132K->401731K(529408K) [PSPermGen: 13626K->13626K(21504K)], 0.0748910 secs] [Times: user=0.51 sys=0.00, real=0.07 secs] 
88.850: Total time for which application threads were stopped: 0.0755110 seconds, Stopping threads took: 0.0000490 seconds
88.874: Application time: 0.0245850 seconds
88.875: [Full GC [PSYoungGen: 138240K->33855K(161280K)] [ParOldGen: 367892K->367892K(368128K)] 506132K->401747K(529408K) [PSPermGen: 13626K->13626K(21504K)], 0.0745090 secs] [Times: user=0.53 sys=0.00, real=0.07 secs] 
88.949: Total time for which application threads were stopped: 0.0751510 seconds, Stopping threads took: 0.0000730 seconds
88.974: Application time: 0.0244390 seconds
88.974: [Full GC [PSYoungGen: 138240K->33868K(161280K)] [ParOldGen: 367892K->367892K(368128K)] 506132K->401761K(529408K) [PSPermGen: 13626K->13626K(21504K)], 0.0747400 secs] [Times: user=0.53 sys=0.00, real=0.07 secs] 
89.049: Total time for which application threads were stopped: 0.0754290 seconds, Stopping threads took: 0.0000540 seconds
89.074: Application time: 0.0244860 seconds
89.074: [Full GC [PSYoungGen: 138240K->33883K(161280K)] [ParOldGen: 367892K->367892K(368128K)] 506132K->401775K(529408K) [PSPermGen: 13626K->13626K(21504K)], 0.0745460 secs] [Times: user=0.52 sys=0.00, real=0.07 secs] 
89.149: Total time for which application threads were stopped: 0.0752430 seconds, Stopping threads took: 0.0000530 seconds
89.173: Application time: 0.0244420 seconds
89.174: [Full GC [PSYoungGen: 138240K->33898K(161280K)] [ParOldGen: 367892K->367892K(368128K)] 506132K->401791K(529408K) [PSPermGen: 13626K->13626K(21504K)], 0.0740220 secs] [Times: user=0.53 sys=0.00, real=0.07 secs] 
89.248: Total time for which application threads were stopped: 0.0747410 seconds, Stopping threads took: 0.0000510 seconds
89.273: Application time: 0.0245050 seconds
89.273: [Full GC [PSYoungGen: 138240K->33914K(161280K)] [ParOldGen: 367892K->367892K(368128K)] 506132K->401807K(529408K) [PSPermGen: 13626K->13626K(21504K)], 0.0746140 secs] [Times: user=0.53 sys=0.00, real=0.08 secs] 
89.348: Total time for which application threads were stopped: 0.0753220 seconds, Stopping threads took: 0.0000630 seconds
89.372: Application time: 0.0243530 seconds
89.373: [Full GC [PSYoungGen: 138240K->33925K(161280K)] [ParOldGen: 367892K->367892K(368128K)] 506132K->401818K(529408K) [PSPermGen: 13626K->13626K(21504K)], 0.0749130 secs] [Times: user=0.52 sys=0.00, real=0.08 secs] 
89.448: Total time for which application threads were stopped: 0.0755360 seconds, Stopping threads took: 0.0000500 seconds
89.472: Application time: 0.0241650 seconds
89.473: [Full GC [PSYoungGen: 138240K->33944K(161280K)] [ParOldGen: 367892K->367892K(368128K)] 506132K->401836K(529408K) [PSPermGen: 13626K->13626K(21504K)], 0.0740950 secs] [Times: user=0.53 sys=0.00, real=0.08 secs] 
89.547: Total time for which application threads were stopped: 0.0747800 seconds, Stopping threads took: 0.0000450 seconds
89.571: Application time: 0.0240910 seconds
89.572: [Full GC [PSYoungGen: 138240K->33960K(161280K)] [ParOldGen: 367892K->367892K(368128K)] 506132K->401853K(529408K) [PSPermGen: 13626K->13626K(21504K)], 0.0743110 secs] [Times: user=0.52 sys=0.00, real=0.08 secs] 
89.646: Total time for which application threads were stopped: 0.0750040 seconds, Stopping threads took: 0.0000570 seconds
89.670: Application time: 0.0241390 seconds
89.671: [Full GC [PSYoungGen: 138240K->33975K(161280K)] [ParOldGen: 367892K->367892K(368128K)] 506132K->401867K(529408K) [PSPermGen: 13626K->13626K(21504K)], 0.0753070 secs] [Times: user=0.52 sys=0.00, real=0.08 secs] 
89.746: Total time for which application threads were stopped: 0.0759830 seconds, Stopping threads took: 0.0000530 seconds
89.770: Application time: 0.0242980 seconds
89.771: [Full GC [PSYoungGen: 138240K->33990K(161280K)] [ParOldGen: 367892K->367892K(368128K)] 506132K->401882K(529408K) [PSPermGen: 13626K->13626K(21504K)], 0.0741650 secs] [Times: user=0.53 sys=0.00, real=0.07 secs] 
89.845: Total time for which application threads were stopped: 0.0748770 seconds, Stopping threads took: 0.0000570 seconds
89.869: Application time: 0.0241360 seconds
89.870: [Full GC [PSYoungGen: 138240K->34001K(161280K)] [ParOldGen: 367892K->367892K(368128K)] 506132K->401894K(529408K) [PSPermGen: 13626K->13626K(21504K)], 0.0741450 secs] [Times: user=0.52 sys=0.00, real=0.07 secs] 
89.944: Total time for which application threads were stopped: 0.0748630 seconds, Stopping threads took: 0.0000610 seconds
89.968: Application time: 0.0242020 seconds
89.969: [Full GC [PSYoungGen: 138240K->34018K(161280K)] [ParOldGen: 367892K->367892K(368128K)] 506132K->401910K(529408K) [PSPermGen: 13626K->13626K(21504K)], 0.0746050 secs] [Times: user=0.52 sys=0.00, real=0.07 secs] 
90.044: Total time for which application threads were stopped: 0.0752160 seconds, Stopping threads took: 0.0000490 seconds
90.068: Application time: 0.0241920 seconds
90.068: [Full GC [PSYoungGen: 138240K->34032K(161280K)] [ParOldGen: 367892K->367892K(368128K)] 506132K->401925K(529408K) [PSPermGen: 13626K->13626K(21504K)], 0.0750380 secs] [Times: user=0.52 sys=0.00, real=0.07 secs] 
90.144: Total time for which application threads were stopped: 0.0757200 seconds, Stopping threads took: 0.0000420 seconds
90.168: Application time: 0.0241010 seconds
90.168: [Full GC [PSYoungGen: 138240K->34048K(161280K)] [ParOldGen: 367892K->367892K(368128K)] 506132K->401940K(529408K) [PSPermGen: 13626K->13626K(21504K)], 0.0747170 secs] [Times: user=0.52 sys=0.00, real=0.07 secs] 
90.243: Total time for which application threads were stopped: 0.0754060 seconds, Stopping threads took: 0.0000480 seconds
90.268: Application time: 0.0250120 seconds
90.269: [Full GC [PSYoungGen: 138240K->33953K(161280K)] [ParOldGen: 367892K->367892K(368128K)] 506132K->401845K(529408K) [PSPermGen: 13626K->13626K(21504K)], 0.0748070 secs] [Times: user=0.52 sys=0.00, real=0.07 secs] 
90.344: Total time for which application threads were stopped: 0.0755190 seconds, Stopping threads took: 0.0000680 seconds
90.369: Application time: 0.0251770 seconds
90.369: [Full GC [PSYoungGen: 138240K->33937K(161280K)] [ParOldGen: 367892K->367892K(368128K)] 506132K->401830K(529408K) [PSPermGen: 13626K->13626K(21504K)], 0.0741400 secs] [Times: user=0.52 sys=0.00, real=0.07 secs] 
90.444: Total time for which application threads were stopped: 0.0747830 seconds, Stopping threads took: 0.0000590 seconds
90.468: Application time: 0.0243020 seconds
90.468: [Full GC [PSYoungGen: 138240K->33954K(161280K)] [ParOldGen: 367892K->367892K(368128K)] 506132K->401846K(529408K) [PSPermGen: 13626K->13626K(21504K)], 0.0748110 secs] [Times: user=0.52 sys=0.00, real=0.07 secs] 
90.543: Total time for which application threads were stopped: 0.0754260 seconds, Stopping threads took: 0.0000490 seconds
90.568: Application time: 0.0243450 seconds
90.568: [Full GC [PSYoungGen: 138240K->33967K(161280K)] [ParOldGen: 367892K->367892K(368128K)] 506132K->401860K(529408K) [PSPermGen: 13626K->13626K(21504K)], 0.0738730 secs] [Times: user=0.52 sys=0.00, real=0.07 secs] 
90.642: Total time for which application threads were stopped: 0.0745890 seconds, Stopping threads took: 0.0000750 seconds
90.667: Application time: 0.0242540 seconds
90.667: [Full GC [PSYoungGen: 138240K->33984K(161280K)] [ParOldGen: 367892K->367892K(368128K)] 506132K->401876K(529408K) [PSPermGen: 13626K->13626K(21504K)], 0.0738690 secs] [Times: user=0.52 sys=0.00, real=0.07 secs] 
90.741: Total time for which application threads were stopped: 0.0744820 seconds, Stopping threads took: 0.0000430 seconds
90.765: Application time: 0.0239790 seconds
90.766: [Full GC [PSYoungGen: 138240K->33997K(161280K)] [ParOldGen: 367892K->367892K(368128K)] 506132K->401890K(529408K) [PSPermGen: 13626K->13626K(21504K)], 0.0744910 secs] [Times: user=0.53 sys=0.00, real=0.07 secs] 
90.840: Total time for which application threads were stopped: 0.0751210 seconds, Stopping threads took: 0.0000530 seconds
90.864: Application time: 0.0240220 seconds
90.865: [Full GC [PSYoungGen: 138240K->34013K(161280K)] [ParOldGen: 367892K->367892K(368128K)] 506132K->401905K(529408K) [PSPermGen: 13626K->13626K(21504K)], 0.0743260 secs] [Times: user=0.52 sys=0.00, real=0.08 secs] 
90.939: Total time for which application threads were stopped: 0.0750310 seconds, Stopping threads took: 0.0000590 seconds
90.963: Application time: 0.0242470 seconds
90.964: [Full GC [PSYoungGen: 138240K->33953K(161280K)] [ParOldGen: 367892K->367892K(368128K)] 506132K->401845K(529408K) [PSPermGen: 13626K->13626K(21504K)], 0.0750610 secs] [Times: user=0.52 sys=0.00, real=0.08 secs] 
91.039: Total time for which application threads were stopped: 0.0757650 seconds, Stopping threads took: 0.0000420 seconds
91.064: Application time: 0.0243550 seconds
91.064: [Full GC [PSYoungGen: 138240K->33973K(161280K)] [ParOldGen: 367892K->367892K(368128K)] 506132K->401866K(529408K) [PSPermGen: 13626K->13626K(21504K)], 0.0759980 secs] [Times: user=0.52 sys=0.00, real=0.08 secs] 
91.140: Total time for which application threads were stopped: 0.0766900 seconds, Stopping threads took: 0.0000550 seconds
91.164: Application time: 0.0240130 seconds
91.165: [Full GC [PSYoungGen: 138240K->33985K(161280K)] [ParOldGen: 367892K->367892K(368128K)] 506132K->401877K(529408K) [PSPermGen: 13626K->13626K(21504K)], 0.0740220 secs] [Times: user=0.52 sys=0.00, real=0.08 secs] 
91.239: Total time for which application threads were stopped: 0.0746490 seconds, Stopping threads took: 0.0000580 seconds
91.263: Application time: 0.0244320 seconds
91.264: [Full GC [PSYoungGen: 138240K->33946K(161280K)] [ParOldGen: 367892K->367892K(368128K)] 506132K->401838K(529408K) [PSPermGen: 13626K->13626K(21504K)], 0.0746230 secs] [Times: user=0.53 sys=0.00, real=0.08 secs] 
91.339: Total time for which application threads were stopped: 0.0752520 seconds, Stopping threads took: 0.0000570 seconds
91.363: Application time: 0.0241850 seconds
91.363: [Full GC [PSYoungGen: 138240K->33945K(161280K)] [ParOldGen: 367892K->367892K(368128K)] 506132K->401837K(529408K) [PSPermGen: 13626K->13626K(21504K)], 0.0750240 secs] [Times: user=0.53 sys=0.00, real=0.08 secs] 
91.439: Total time for which application threads were stopped: 0.0757010 seconds, Stopping threads took: 0.0000470 seconds
91.463: Application time: 0.0249550 seconds
91.464: [Full GC [PSYoungGen: 138240K->33959K(161280K)] [ParOldGen: 367892K->367892K(368128K)] 506132K->401851K(529408K) [PSPermGen: 13626K->13626K(21504K)], 0.0744740 secs] [Times: user=0.52 sys=0.00, real=0.08 secs] 
91.539: Total time for which application threads were stopped: 0.0751460 seconds, Stopping threads took: 0.0001180 seconds
91.563: Application time: 0.0245100 seconds
91.564: [Full GC [PSYoungGen: 138240K->33977K(161280K)] [ParOldGen: 367892K->367892K(368128K)] 506132K->401869K(529408K) [PSPermGen: 13626K->13626K(21504K)], 0.0745820 secs] [Times: user=0.52 sys=0.00, real=0.08 secs] 
91.638: Total time for which application threads were stopped: 0.0753040 seconds, Stopping threads took: 0.0000630 seconds
91.663: Application time: 0.0249240 seconds
91.664: [Full GC [PSYoungGen: 138240K->33992K(161280K)] [ParOldGen: 367892K->367892K(368128K)] 506132K->401884K(529408K) [PSPermGen: 13626K->13626K(21504K)], 0.0738180 secs] [Times: user=0.52 sys=0.00, real=0.08 secs] 
91.738: Total time for which application threads were stopped: 0.0745570 seconds, Stopping threads took: 0.0000940 seconds
91.763: Application time: 0.0248250 seconds
91.763: [Full GC [PSYoungGen: 138240K->34007K(161280K)] [ParOldGen: 367892K->367892K(368128K)] 506132K->401899K(529408K) [PSPermGen: 13626K->13626K(21504K)], 0.0740340 secs] [Times: user=0.51 sys=0.01, real=0.08 secs] 
91.837: Total time for which application threads were stopped: 0.0747500 seconds, Stopping threads took: 0.0000780 seconds
91.863: Application time: 0.0253650 seconds
91.863: [Full GC [PSYoungGen: 138240K->34021K(161280K)] [ParOldGen: 367892K->367892K(368128K)] 506132K->401914K(529408K) [PSPermGen: 13626K->13626K(21504K)], 0.0749100 secs] [Times: user=0.52 sys=0.00, real=0.08 secs] 
91.938: Total time for which application threads were stopped: 0.0755950 seconds, Stopping threads took: 0.0000990 seconds
91.963: Application time: 0.0248200 seconds
91.964: [Full GC [PSYoungGen: 138240K->34036K(161280K)] [ParOldGen: 367892K->367892K(368128K)] 506132K->401929K(529408K) [PSPermGen: 13626K->13626K(21504K)], 0.0738900 secs] [Times: user=0.52 sys=0.00, real=0.08 secs] 
92.038: Total time for which application threads were stopped: 0.0745610 seconds, Stopping threads took: 0.0000660 seconds
92.062: Application time: 0.0244230 seconds
92.063: [Full GC [PSYoungGen: 138240K->34049K(161280K)] [ParOldGen: 367892K->367892K(368128K)] 506132K->401942K(529408K) [PSPermGen: 13626K->13626K(21504K)], 0.0744890 secs] [Times: user=0.52 sys=0.00, real=0.08 secs] 
92.137: Total time for which application threads were stopped: 0.0751800 seconds, Stopping threads took: 0.0000630 seconds
92.161: Application time: 0.0237870 seconds
92.162: [Full GC [PSYoungGen: 138240K->34067K(161280K)] [ParOldGen: 367892K->367892K(368128K)] 506132K->401959K(529408K) [PSPermGen: 13626K->13626K(21504K)], 0.0732860 secs] [Times: user=0.52 sys=0.01, real=0.08 secs] 
92.235: Total time for which application threads were stopped: 0.0739950 seconds, Stopping threads took: 0.0000530 seconds
92.262: Application time: 0.0265100 seconds
92.262: [Full GC [PSYoungGen: 138240K->34016K(161280K)] [ParOldGen: 367892K->367892K(368128K)] 506132K->401908K(529408K) [PSPermGen: 13626K->13626K(21504K)], 0.0762770 secs] [Times: user=0.53 sys=0.01, real=0.08 secs] 
92.339: Total time for which application threads were stopped: 0.0769330 seconds, Stopping threads took: 0.0000500 seconds
92.364: Application time: 0.0251110 seconds
92.364: [Full GC [PSYoungGen: 138240K->33907K(161280K)] [ParOldGen: 367892K->367892K(368128K)] 506132K->401800K(529408K) [PSPermGen: 13626K->13626K(21504K)], 0.0739640 secs] [Times: user=0.52 sys=0.00, real=0.08 secs] 
92.438: Total time for which application threads were stopped: 0.0746520 seconds, Stopping threads took: 0.0000690 seconds
92.463: Application time: 0.0246060 seconds
92.464: [Full GC [PSYoungGen: 138240K->33899K(161280K)] [ParOldGen: 367892K->367892K(368128K)] 506132K->401791K(529408K) [PSPermGen: 13626K->13626K(21504K)], 0.0752470 secs] [Times: user=0.53 sys=0.00, real=0.08 secs] 
92.539: Total time for which application threads were stopped: 0.0758600 seconds, Stopping threads took: 0.0000640 seconds
92.564: Application time: 0.0246310 seconds
92.564: [Full GC [PSYoungGen: 138240K->33861K(161280K)] [ParOldGen: 367892K->367892K(368128K)] 506132K->401753K(529408K) [PSPermGen: 13626K->13626K(21504K)], 0.0743350 secs] [Times: user=0.52 sys=0.00, real=0.08 secs] 
92.639: Total time for which application threads were stopped: 0.0750210 seconds, Stopping threads took: 0.0000570 seconds
92.663: Application time: 0.0240680 seconds
92.663: [Full GC [PSYoungGen: 138240K->33857K(161280K)] [ParOldGen: 367892K->367892K(368128K)] 506132K->401750K(529408K) [PSPermGen: 13626K->13626K(21504K)], 0.0742680 secs] [Times: user=0.53 sys=0.00, real=0.08 secs] 
92.738: Total time for which application threads were stopped: 0.0749160 seconds, Stopping threads took: 0.0000680 seconds
92.762: Application time: 0.0247020 seconds
92.763: [Full GC [PSYoungGen: 138240K->33872K(161280K)] [ParOldGen: 367892K->367892K(368128K)] 506132K->401765K(529408K) [PSPermGen: 13626K->13626K(21504K)], 0.0741410 secs] [Times: user=0.53 sys=0.00, real=0.08 secs] 
92.837: Total time for which application threads were stopped: 0.0747610 seconds, Stopping threads took: 0.0000560 seconds
92.861: Application time: 0.0242960 seconds
92.862: [Full GC [PSYoungGen: 138240K->33889K(161280K)] [ParOldGen: 367892K->367892K(368128K)] 506132K->401781K(529408K) [PSPermGen: 13626K->13626K(21504K)], 0.0766630 secs] [Times: user=0.54 sys=0.00, real=0.08 secs] 
92.939: Total time for which application threads were stopped: 0.0773750 seconds, Stopping threads took: 0.0000660 seconds
92.963: Application time: 0.0243360 seconds
92.964: [Full GC [PSYoungGen: 138240K->33904K(161280K)] [ParOldGen: 367892K->367892K(368128K)] 506132K->401797K(529408K) [PSPermGen: 13626K->13626K(21504K)], 0.0749350 secs] [Times: user=0.52 sys=0.00, real=0.08 secs] 
93.039: Total time for which application threads were stopped: 0.0755350 seconds, Stopping threads took: 0.0000500 seconds
93.063: Application time: 0.0241830 seconds
93.063: [Full GC [PSYoungGen: 138240K->33919K(161280K)] [ParOldGen: 367892K->367892K(368128K)] 506132K->401811K(529408K) [PSPermGen: 13626K->13626K(21504K)], 0.0748040 secs] [Times: user=0.51 sys=0.00, real=0.08 secs] 
93.138: Total time for which application threads were stopped: 0.0754970 seconds, Stopping threads took: 0.0000650 seconds
93.162: Application time: 0.0240680 seconds
93.163: [Full GC [PSYoungGen: 138240K->33931K(161280K)] [ParOldGen: 367892K->367892K(368128K)] 506132K->401823K(529408K) [PSPermGen: 13626K->13626K(21504K)], 0.0742870 secs] [Times: user=0.53 sys=0.00, real=0.08 secs] 
93.237: Total time for which application threads were stopped: 0.0749870 seconds, Stopping threads took: 0.0000640 seconds
93.261: Application time: 0.0240930 seconds
93.262: [Full GC [PSYoungGen: 138240K->33950K(161280K)] [ParOldGen: 367892K->367892K(368128K)] 506132K->401842K(529408K) [PSPermGen: 13626K->13626K(21504K)], 0.0737780 secs] [Times: user=0.52 sys=0.00, real=0.08 secs] 
93.336: Total time for which application threads were stopped: 0.0745060 seconds, Stopping threads took: 0.0000680 seconds
93.360: Application time: 0.0241760 seconds
93.361: [Full GC [PSYoungGen: 138240K->33963K(161280K)] [ParOldGen: 367892K->367892K(368128K)] 506132K->401855K(529408K) [PSPermGen: 13626K->13626K(21504K)], 0.0750830 secs] [Times: user=0.52 sys=0.00, real=0.08 secs] 
93.436: Total time for which application threads were stopped: 0.0757830 seconds, Stopping threads took: 0.0000580 seconds
93.460: Application time: 0.0242820 seconds
93.461: [Full GC [PSYoungGen: 138240K->33980K(161280K)] [ParOldGen: 367892K->367892K(368128K)] 506132K->401872K(529408K) [PSPermGen: 13626K->13626K(21504K)], 0.0739910 secs] [Times: user=0.52 sys=0.00, real=0.08 secs] 
93.535: Total time for which application threads were stopped: 0.0746850 seconds, Stopping threads took: 0.0000600 seconds
93.559: Application time: 0.0242180 seconds
93.560: [Full GC [PSYoungGen: 138240K->33994K(161280K)] [ParOldGen: 367892K->367892K(368128K)] 506132K->401886K(529408K) [PSPermGen: 13626K->13626K(21504K)], 0.0747120 secs] [Times: user=0.53 sys=0.00, real=0.08 secs] 
93.634: Total time for which application threads were stopped: 0.0753260 seconds, Stopping threads took: 0.0000660 seconds
93.659: Application time: 0.0244070 seconds
93.659: [Full GC [PSYoungGen: 138240K->34008K(161280K)] [ParOldGen: 367892K->367892K(368128K)] 506132K->401901K(529408K) [PSPermGen: 13626K->13626K(21504K)], 0.0750020 secs] [Times: user=0.53 sys=0.00, real=0.08 secs] 
93.734: Total time for which application threads were stopped: 0.0756130 seconds, Stopping threads took: 0.0000540 seconds
93.759: Application time: 0.0243060 seconds
93.759: [Full GC [PSYoungGen: 138240K->34021K(161280K)] [ParOldGen: 367892K->367892K(368128K)] 506132K->401913K(529408K) [PSPermGen: 13626K->13626K(21504K)], 0.0744860 secs] [Times: user=0.53 sys=0.00, real=0.08 secs] 
93.834: Total time for which application threads were stopped: 0.0750920 seconds, Stopping threads took: 0.0000540 seconds
93.859: Application time: 0.0251010 seconds
93.860: [Full GC [PSYoungGen: 138240K->33927K(161280K)] [ParOldGen: 367892K->367892K(368128K)] 506132K->401819K(529408K) [PSPermGen: 13626K->13626K(21504K)], 0.0745900 secs] [Times: user=0.52 sys=0.00, real=0.08 secs] 
93.934: Total time for which application threads were stopped: 0.0752680 seconds, Stopping threads took: 0.0001030 seconds
93.959: Application time: 0.0244020 seconds
93.959: [Full GC [PSYoungGen: 138240K->33914K(161280K)] [ParOldGen: 367892K->367892K(368128K)] 506132K->401806K(529408K) [PSPermGen: 13626K->13626K(21504K)], 0.0753760 secs] [Times: user=0.53 sys=0.00, real=0.08 secs] 
94.035: Total time for which application threads were stopped: 0.0760050 seconds, Stopping threads took: 0.0000660 seconds
94.059: Application time: 0.0243560 seconds
94.060: [Full GC [PSYoungGen: 138240K->33928K(161280K)] [ParOldGen: 367892K->367892K(368128K)] 506132K->401821K(529408K) [PSPermGen: 13626K->13626K(21504K)], 0.0752000 secs] [Times: user=0.52 sys=0.00, real=0.08 secs] 
94.135: Total time for which application threads were stopped: 0.0758160 seconds, Stopping threads took: 0.0000710 seconds
94.159: Application time: 0.0246540 seconds
94.160: [Full GC [PSYoungGen: 138240K->33941K(161280K)] [ParOldGen: 367892K->367892K(368128K)] 506132K->401833K(529408K) [PSPermGen: 13626K->13626K(21504K)], 0.0745910 secs] [Times: user=0.53 sys=0.00, real=0.08 secs] 
94.235: Total time for which application threads were stopped: 0.0752160 seconds, Stopping threads took: 0.0000710 seconds
94.259: Application time: 0.0245700 seconds
94.260: [Full GC [PSYoungGen: 138240K->33958K(161280K)] [ParOldGen: 367892K->367892K(368128K)] 506132K->401851K(529408K) [PSPermGen: 13626K->13626K(21504K)], 0.0745060 secs] [Times: user=0.52 sys=0.01, real=0.08 secs] 
94.335: Total time for which application threads were stopped: 0.0752170 seconds, Stopping threads took: 0.0000760 seconds
94.359: Application time: 0.0245820 seconds
94.360: [Full GC [PSYoungGen: 138240K->33973K(161280K)] [ParOldGen: 367892K->367892K(368128K)] 506132K->401865K(529408K) [PSPermGen: 13626K->13626K(21504K)], 0.0747180 secs] [Times: user=0.53 sys=0.00, real=0.08 secs] 
94.435: Total time for which application threads were stopped: 0.0754020 seconds, Stopping threads took: 0.0000420 seconds
94.459: Application time: 0.0245570 seconds
94.460: [Full GC [PSYoungGen: 138240K->33986K(161280K)] [ParOldGen: 367892K->367892K(368128K)] 506132K->401879K(529408K) [PSPermGen: 13626K->13626K(21504K)], 0.0750270 secs] [Times: user=0.52 sys=0.00, real=0.08 secs] 
94.535: Total time for which application threads were stopped: 0.0756620 seconds, Stopping threads took: 0.0000590 seconds
94.560: Application time: 0.0249980 seconds
94.560: [Full GC [PSYoungGen: 138240K->33940K(161280K)] [ParOldGen: 367892K->367892K(368128K)] 506132K->401833K(529408K) [PSPermGen: 13626K->13626K(21504K)], 0.0739570 secs] [Times: user=0.52 sys=0.01, real=0.08 secs] 
94.634: Total time for which application threads were stopped: 0.0746400 seconds, Stopping threads took: 0.0000610 seconds
94.659: Application time: 0.0246120 seconds
94.660: [Full GC [PSYoungGen: 138240K->33948K(161280K)] [ParOldGen: 367892K->367892K(368128K)] 506132K->401840K(529408K) [PSPermGen: 13626K->13626K(21504K)], 0.0741220 secs] [Times: user=0.53 sys=0.00, real=0.08 secs] 
94.734: Total time for which application threads were stopped: 0.0748080 seconds, Stopping threads took: 0.0000520 seconds
94.758: Application time: 0.0242040 seconds
94.759: [Full GC [PSYoungGen: 138240K->33961K(161280K)] [ParOldGen: 367892K->367892K(368128K)] 506132K->401853K(529408K) [PSPermGen: 13626K->13626K(21504K)], 0.0744400 secs] [Times: user=0.52 sys=0.00, real=0.07 secs] 
94.833: Total time for which application threads were stopped: 0.0751180 seconds, Stopping threads took: 0.0000480 seconds
94.858: Application time: 0.0245960 seconds
94.858: [Full GC [PSYoungGen: 138240K->33913K(161280K)] [ParOldGen: 367892K->367892K(368128K)] 506132K->401805K(529408K) [PSPermGen: 13626K->13626K(21504K)], 0.0755230 secs] [Times: user=0.52 sys=0.00, real=0.08 secs] 
94.934: Total time for which application threads were stopped: 0.0761190 seconds, Stopping threads took: 0.0000460 seconds
94.958: Application time: 0.0242460 seconds
94.959: [Full GC [PSYoungGen: 138240K->33920K(161280K)] [ParOldGen: 367892K->367892K(368128K)] 506132K->401813K(529408K) [PSPermGen: 13626K->13626K(21504K)], 0.0739530 secs] [Times: user=0.52 sys=0.00, real=0.07 secs] 
95.033: Total time for which application threads were stopped: 0.0746510 seconds, Stopping threads took: 0.0000670 seconds
95.057: Application time: 0.0244490 seconds
95.058: [Full GC [PSYoungGen: 138240K->33936K(161280K)] [ParOldGen: 367892K->367892K(368128K)] 506132K->401828K(529408K) [PSPermGen: 13626K->13626K(21504K)], 0.0757270 secs] [Times: user=0.53 sys=0.00, real=0.08 secs] 
95.134: Total time for which application threads were stopped: 0.0763760 seconds, Stopping threads took: 0.0000580 seconds
95.158: Application time: 0.0243960 seconds
95.159: [Full GC [PSYoungGen: 138240K->33948K(161280K)] [ParOldGen: 367892K->367892K(368128K)] 506132K->401841K(529408K) [PSPermGen: 13626K->13626K(21504K)], 0.0741310 secs] [Times: user=0.52 sys=0.00, real=0.07 secs] 
95.233: Total time for which application threads were stopped: 0.0748340 seconds, Stopping threads took: 0.0000600 seconds
95.257: Application time: 0.0243870 seconds
95.258: [Full GC [PSYoungGen: 138240K->33965K(161280K)] [ParOldGen: 367892K->367892K(368128K)] 506132K->401858K(529408K) [PSPermGen: 13626K->13626K(21504K)], 0.0746480 secs] [Times: user=0.52 sys=0.00, real=0.07 secs] 
95.333: Total time for which application threads were stopped: 0.0753520 seconds, Stopping threads took: 0.0000520 seconds
95.357: Application time: 0.0245740 seconds
95.358: [Full GC [PSYoungGen: 138240K->33981K(161280K)] [ParOldGen: 367892K->367892K(368128K)] 506132K->401874K(529408K) [PSPermGen: 13626K->13626K(21504K)], 0.0739200 secs] [Times: user=0.52 sys=0.00, real=0.07 secs] 
95.432: Total time for which application threads were stopped: 0.0746240 seconds, Stopping threads took: 0.0000470 seconds
95.456: Application time: 0.0243430 seconds
95.457: [Full GC [PSYoungGen: 138240K->33996K(161280K)] [ParOldGen: 367892K->367892K(368128K)] 506132K->401888K(529408K) [PSPermGen: 13626K->13626K(21504K)], 0.0744380 secs] [Times: user=0.52 sys=0.00, real=0.07 secs] 
95.531: Total time for which application threads were stopped: 0.0751210 seconds, Stopping threads took: 0.0000580 seconds
95.556: Application time: 0.0245440 seconds
95.556: [Full GC [PSYoungGen: 138240K->34009K(161280K)] [ParOldGen: 367892K->367892K(368128K)] 506132K->401901K(529408K) [PSPermGen: 13626K->13626K(21504K)], 0.0737200 secs] [Times: user=0.53 sys=0.00, real=0.07 secs] 
95.630: Total time for which application threads were stopped: 0.0744380 seconds, Stopping threads took: 0.0000940 seconds
95.655: Application time: 0.0245050 seconds
95.655: [Full GC [PSYoungGen: 138240K->34026K(161280K)] [ParOldGen: 367892K->367892K(368128K)] 506132K->401919K(529408K) [PSPermGen: 13626K->13626K(21504K)], 0.0753180 secs] [Times: user=0.53 sys=0.00, real=0.07 secs] 
95.731: Total time for which application threads were stopped: 0.0759900 seconds, Stopping threads took: 0.0001000 seconds
95.755: Application time: 0.0246370 seconds
95.756: [Full GC [PSYoungGen: 138240K->34042K(161280K)] [ParOldGen: 367892K->367892K(368128K)] 506132K->401935K(529408K) [PSPermGen: 13626K->13626K(21504K)], 0.0732980 secs] [Times: user=0.52 sys=0.00, real=0.07 secs] 
95.829: Total time for which application threads were stopped: 0.0740290 seconds, Stopping threads took: 0.0000890 seconds
95.854: Application time: 0.0246390 seconds
95.855: [Full GC [PSYoungGen: 138240K->34056K(161280K)] [ParOldGen: 367892K->367892K(368128K)] 506132K->401949K(529408K) [PSPermGen: 13626K->13626K(21504K)], 0.0737040 secs] [Times: user=0.52 sys=0.00, real=0.07 secs] 
95.928: Total time for which application threads were stopped: 0.0743960 seconds, Stopping threads took: 0.0000690 seconds
95.953: Application time: 0.0247350 seconds
95.954: [Full GC [PSYoungGen: 138240K->34070K(161280K)] [ParOldGen: 367892K->367892K(368128K)] 506132K->401963K(529408K) [PSPermGen: 13626K->13626K(21504K)], 0.0742910 secs] [Times: user=0.52 sys=0.00, real=0.07 secs] 
96.028: Total time for which application threads were stopped: 0.0749030 seconds, Stopping threads took: 0.0000440 seconds
96.053: Application time: 0.0250020 seconds
96.054: [Full GC [PSYoungGen: 138240K->34076K(161280K)] [ParOldGen: 367892K->367892K(368128K)] 506132K->401969K(529408K) [PSPermGen: 13626K->13626K(21504K)], 0.0745030 secs] [Times: user=0.51 sys=0.00, real=0.07 secs] 
96.128: Total time for which application threads were stopped: 0.0751250 seconds, Stopping threads took: 0.0000540 seconds
96.153: Application time: 0.0249770 seconds
96.154: [Full GC [PSYoungGen: 138240K->33962K(161280K)] [ParOldGen: 367892K->367892K(368128K)] 506132K->401854K(529408K) [PSPermGen: 13626K->13626K(21504K)], 0.0737390 secs] [Times: user=0.53 sys=0.00, real=0.07 secs] 
96.228: Total time for which application threads were stopped: 0.0744790 seconds, Stopping threads took: 0.0000730 seconds
96.252: Application time: 0.0246990 seconds
96.253: [Full GC [PSYoungGen: 138240K->33972K(161280K)] [ParOldGen: 367892K->367892K(368128K)] 506132K->401864K(529408K) [PSPermGen: 13626K->13626K(21504K)], 0.0743240 secs] [Times: user=0.53 sys=0.00, real=0.08 secs] 
96.327: Total time for which application threads were stopped: 0.0749700 seconds, Stopping threads took: 0.0000610 seconds
96.352: Application time: 0.0251440 seconds
96.353: [Full GC [PSYoungGen: 138240K->33921K(161280K)] [ParOldGen: 367892K->367892K(368128K)] 506132K->401814K(529408K) [PSPermGen: 13626K->13626K(21504K)], 0.0751510 secs] [Times: user=0.52 sys=0.00, real=0.08 secs] 
96.428: Total time for which application threads were stopped: 0.0757520 seconds, Stopping threads took: 0.0000460 seconds
96.453: Application time: 0.0247280 seconds
96.454: [Full GC [PSYoungGen: 138240K->33933K(161280K)] [ParOldGen: 367892K->367892K(368128K)] 506132K->401826K(529408K) [PSPermGen: 13626K->13626K(21504K)], 0.0747670 secs] [Times: user=0.53 sys=0.01, real=0.07 secs] 
96.528: Total time for which application threads were stopped: 0.0754760 seconds, Stopping threads took: 0.0000630 seconds
96.553: Application time: 0.0244690 seconds
96.554: [Full GC [PSYoungGen: 138240K->33947K(161280K)] [ParOldGen: 367892K->367892K(368128K)] 506132K->401840K(529408K) [PSPermGen: 13626K->13626K(21504K)], 0.0746180 secs] [Times: user=0.53 sys=0.00, real=0.07 secs] 
96.628: Total time for which application threads were stopped: 0.0752710 seconds, Stopping threads took: 0.0000640 seconds
96.653: Application time: 0.0248130 seconds
96.654: [Full GC [PSYoungGen: 138240K->33900K(161280K)] [ParOldGen: 367892K->367892K(368128K)] 506132K->401792K(529408K) [PSPermGen: 13626K->13626K(21504K)], 0.0746130 secs] [Times: user=0.52 sys=0.00, real=0.07 secs] 
96.728: Total time for which application threads were stopped: 0.0753440 seconds, Stopping threads took: 0.0000930 seconds
96.753: Application time: 0.0246720 seconds
96.754: [Full GC [PSYoungGen: 138240K->33907K(161280K)] [ParOldGen: 367892K->367892K(368128K)] 506132K->401800K(529408K) [PSPermGen: 13626K->13626K(21504K)], 0.0739080 secs] [Times: user=0.52 sys=0.00, real=0.07 secs] 
96.828: Total time for which application threads were stopped: 0.0746480 seconds, Stopping threads took: 0.0000600 seconds
96.852: Application time: 0.0245450 seconds
96.853: [Full GC [PSYoungGen: 138240K->33925K(161280K)] [ParOldGen: 367892K->367892K(368128K)] 506132K->401818K(529408K) [PSPermGen: 13626K->13626K(21504K)], 0.0740980 secs] [Times: user=0.52 sys=0.00, real=0.08 secs] 
96.927: Total time for which application threads were stopped: 0.0748060 seconds, Stopping threads took: 0.0000680 seconds
96.952: Application time: 0.0245970 seconds
96.952: [Full GC [PSYoungGen: 138240K->33939K(161280K)] [ParOldGen: 367892K->367892K(368128K)] 506132K->401832K(529408K) [PSPermGen: 13626K->13626K(21504K)], 0.0739830 secs] [Times: user=0.52 sys=0.00, real=0.08 secs] 
97.026: Total time for which application threads were stopped: 0.0747040 seconds, Stopping threads took: 0.0000860 seconds
97.051: Application time: 0.0245340 seconds
97.052: [Full GC [PSYoungGen: 138240K->33954K(161280K)] [ParOldGen: 367892K->367892K(368128K)] 506132K->401847K(529408K) [PSPermGen: 13626K->13626K(21504K)], 0.0745960 secs] [Times: user=0.52 sys=0.00, real=0.08 secs] 
97.126: Total time for which application threads were stopped: 0.0752770 seconds, Stopping threads took: 0.0000560 seconds
97.150: Application time: 0.0241200 seconds
97.151: [Full GC [PSYoungGen: 138240K->33969K(161280K)] [ParOldGen: 367892K->367892K(368128K)] 506132K->401862K(529408K) [PSPermGen: 13626K->13626K(21504K)], 0.0741600 secs] [Times: user=0.53 sys=0.00, real=0.07 secs] 
97.225: Total time for which application threads were stopped: 0.0748690 seconds, Stopping threads took: 0.0000600 seconds
97.250: Application time: 0.0248480 seconds
97.251: [Full GC [PSYoungGen: 138240K->33980K(161280K)] [ParOldGen: 367892K->367892K(368128K)] 506132K->401873K(529408K) [PSPermGen: 13626K->13626K(21504K)], 0.0743500 secs] [Times: user=0.53 sys=0.00, real=0.07 secs] 
97.325: Total time for which application threads were stopped: 0.0749840 seconds, Stopping threads took: 0.0000800 seconds
97.350: Application time: 0.0245880 seconds
97.350: [Full GC [PSYoungGen: 138240K->33997K(161280K)] [ParOldGen: 367892K->367892K(368128K)] 506132K->401890K(529408K) [PSPermGen: 13626K->13626K(21504K)], 0.0741120 secs] [Times: user=0.53 sys=0.00, real=0.07 secs] 
97.424: Total time for which application threads were stopped: 0.0748540 seconds, Stopping threads took: 0.0000760 seconds
97.449: Application time: 0.0249520 seconds
97.450: [Full GC [PSYoungGen: 138240K->33900K(161280K)] [ParOldGen: 367892K->367892K(368128K)] 506132K->401792K(529408K) [PSPermGen: 13626K->13626K(21504K)], 0.0746040 secs] [Times: user=0.52 sys=0.00, real=0.07 secs] 
97.525: Total time for which application threads were stopped: 0.0752390 seconds, Stopping threads took: 0.0000790 seconds
97.549: Application time: 0.0244330 seconds
97.550: [Full GC [PSYoungGen: 138240K->33886K(161280K)] [ParOldGen: 367892K->367892K(368128K)] 506132K->401778K(529408K) [PSPermGen: 13626K->13626K(21504K)], 0.0745850 secs] [Times: user=0.52 sys=0.00, real=0.07 secs] 
97.624: Total time for which application threads were stopped: 0.0752220 seconds, Stopping threads took: 0.0000740 seconds
97.649: Application time: 0.0243080 seconds
97.649: [Full GC [PSYoungGen: 138240K->33902K(161280K)] [ParOldGen: 367892K->367892K(368128K)] 506132K->401794K(529408K) [PSPermGen: 13626K->13626K(21504K)], 0.0743160 secs] [Times: user=0.53 sys=0.00, real=0.07 secs] 
97.724: Total time for which application threads were stopped: 0.0749400 seconds, Stopping threads took: 0.0000660 seconds
97.748: Application time: 0.0243190 seconds
97.749: [Full GC [PSYoungGen: 138240K->33917K(161280K)] [ParOldGen: 367892K->367892K(368128K)] 506132K->401810K(529408K) [PSPermGen: 13626K->13626K(21504K)], 0.0740940 secs] [Times: user=0.52 sys=0.00, real=0.07 secs] 
97.823: Total time for which application threads were stopped: 0.0747770 seconds, Stopping threads took: 0.0000470 seconds
97.847: Application time: 0.0243690 seconds
97.848: [Full GC [PSYoungGen: 138240K->33931K(161280K)] [ParOldGen: 367892K->367892K(368128K)] 506132K->401823K(529408K) [PSPermGen: 13626K->13626K(21504K)], 0.0763540 secs] [Times: user=0.52 sys=0.00, real=0.07 secs] 
97.924: Total time for which application threads were stopped: 0.0770500 seconds, Stopping threads took: 0.0000580 seconds
97.948: Application time: 0.0243450 seconds
97.949: [Full GC [PSYoungGen: 138240K->33947K(161280K)] [ParOldGen: 367892K->367892K(368128K)] 506132K->401839K(529408K) [PSPermGen: 13626K->13626K(21504K)], 0.0743970 secs] [Times: user=0.52 sys=0.00, real=0.07 secs] 
98.024: Total time for which application threads were stopped: 0.0750490 seconds, Stopping threads took: 0.0000600 seconds
98.048: Application time: 0.0241580 seconds
98.048: [Full GC [PSYoungGen: 138240K->33963K(161280K)] [ParOldGen: 367892K->367892K(368128K)] 506132K->401855K(529408K) [PSPermGen: 13626K->13626K(21504K)], 0.0745870 secs] [Times: user=0.52 sys=0.00, real=0.07 secs] 
98.123: Total time for which application threads were stopped: 0.0752920 seconds, Stopping threads took: 0.0000670 seconds
98.148: Application time: 0.0245500 seconds
98.148: [Full GC [PSYoungGen: 138240K->33977K(161280K)] [ParOldGen: 367892K->367892K(368128K)] 506132K->401870K(529408K) [PSPermGen: 13626K->13626K(21504K)], 0.0738030 secs] [Times: user=0.52 sys=0.00, real=0.07 secs] 
98.222: Total time for which application threads were stopped: 0.0745110 seconds, Stopping threads took: 0.0000740 seconds
98.247: Application time: 0.0244780 seconds
98.247: [Full GC [PSYoungGen: 138240K->33990K(161280K)] [ParOldGen: 367892K->367892K(368128K)] 506132K->401882K(529408K) [PSPermGen: 13626K->13626K(21504K)], 0.0742070 secs] [Times: user=0.52 sys=0.00, real=0.07 secs] 
98.321: Total time for which application threads were stopped: 0.0749070 seconds, Stopping threads took: 0.0000570 seconds
98.346: Application time: 0.0247220 seconds
98.347: [Full GC [PSYoungGen: 138240K->33952K(161280K)] [ParOldGen: 367892K->367892K(368128K)] 506132K->401845K(529408K) [PSPermGen: 13626K->13626K(21504K)], 0.0750500 secs] [Times: user=0.53 sys=0.00, real=0.07 secs] 
98.422: Total time for which application threads were stopped: 0.0757450 seconds, Stopping threads took: 0.0000700 seconds
98.447: Application time: 0.0247400 seconds
98.447: [Full GC [PSYoungGen: 138240K->33896K(161280K)] [ParOldGen: 367892K->367892K(368128K)] 506132K->401789K(529408K) [PSPermGen: 13626K->13626K(21504K)], 0.0739820 secs] [Times: user=0.52 sys=0.00, real=0.07 secs] 
98.521: Total time for which application threads were stopped: 0.0747000 seconds, Stopping threads took: 0.0000590 seconds
98.546: Application time: 0.0244270 seconds
98.546: [Full GC [PSYoungGen: 138240K->33890K(161280K)] [ParOldGen: 367892K->367892K(368128K)] 506132K->401782K(529408K) [PSPermGen: 13626K->13626K(21504K)], 0.0742190 secs] [Times: user=0.52 sys=0.00, real=0.07 secs] 
98.621: Total time for which application threads were stopped: 0.0748770 seconds, Stopping threads took: 0.0000740 seconds
98.645: Application time: 0.0246400 seconds
98.646: [Full GC [PSYoungGen: 138240K->33909K(161280K)] [ParOldGen: 367892K->367892K(368128K)] 506132K->401801K(529408K) [PSPermGen: 13626K->13626K(21504K)], 0.0743500 secs] [Times: user=0.52 sys=0.00, real=0.07 secs] 
98.720: Total time for which application threads were stopped: 0.0750040 seconds, Stopping threads took: 0.0000820 seconds
98.745: Application time: 0.0246480 seconds
98.746: [Full GC [PSYoungGen: 138240K->33925K(161280K)] [ParOldGen: 367892K->367892K(368128K)] 506132K->401818K(529408K) [PSPermGen: 13626K->13626K(21504K)], 0.0745810 secs] [Times: user=0.52 sys=0.00, real=0.07 secs] 
98.820: Total time for which application threads were stopped: 0.0752850 seconds, Stopping threads took: 0.0000580 seconds
98.845: Application time: 0.0244140 seconds
98.845: [Full GC [PSYoungGen: 138240K->33939K(161280K)] [ParOldGen: 367892K->367892K(368128K)] 506132K->401831K(529408K) [PSPermGen: 13626K->13626K(21504K)], 0.0744040 secs] [Times: user=0.52 sys=0.00, real=0.08 secs] 
98.920: Total time for which application threads were stopped: 0.0751020 seconds, Stopping threads took: 0.0000680 seconds
98.944: Application time: 0.0244220 seconds
98.945: [Full GC [PSYoungGen: 138240K->33955K(161280K)] [ParOldGen: 367892K->367892K(368128K)] 506132K->401847K(529408K) [PSPermGen: 13626K->13626K(21504K)], 0.0748750 secs] [Times: user=0.52 sys=0.00, real=0.08 secs] 
99.020: Total time for which application threads were stopped: 0.0755070 seconds, Stopping threads took: 0.0000530 seconds
99.044: Application time: 0.0244790 seconds
99.045: [Full GC [PSYoungGen: 138240K->33966K(161280K)] [ParOldGen: 367892K->367892K(368128K)] 506132K->401859K(529408K) [PSPermGen: 13626K->13626K(21504K)], 0.0747700 secs] [Times: user=0.52 sys=0.00, real=0.08 secs] 
99.120: Total time for which application threads were stopped: 0.0753990 seconds, Stopping threads took: 0.0000700 seconds
99.145: Application time: 0.0254180 seconds
99.146: [Full GC [PSYoungGen: 138240K->33985K(161280K)] [ParOldGen: 367892K->367892K(368128K)] 506132K->401878K(529408K) [PSPermGen: 13626K->13626K(21504K)], 0.0741660 secs] [Times: user=0.52 sys=0.00, real=0.07 secs] 
99.220: Total time for which application threads were stopped: 0.0748640 seconds, Stopping threads took: 0.0000550 seconds
99.245: Application time: 0.0247230 seconds
99.245: [Full GC [PSYoungGen: 138240K->34000K(161280K)] [ParOldGen: 367892K->367892K(368128K)] 506132K->401893K(529408K) [PSPermGen: 13626K->13626K(21504K)], 0.0745150 secs] [Times: user=0.53 sys=0.00, real=0.08 secs] 
99.320: Total time for which application threads were stopped: 0.0752110 seconds, Stopping threads took: 0.0000640 seconds
99.344: Application time: 0.0243280 seconds
99.345: [Full GC [PSYoungGen: 138240K->34015K(161280K)] [ParOldGen: 367892K->367892K(368128K)] 506132K->401907K(529408K) [PSPermGen: 13626K->13626K(21504K)], 0.0735230 secs] [Times: user=0.52 sys=0.00, real=0.08 secs] 
99.418: Total time for which application threads were stopped: 0.0742220 seconds, Stopping threads took: 0.0000740 seconds
99.444: Application time: 0.0257050 seconds
99.445: [Full GC [PSYoungGen: 138240K->34030K(161280K)] [ParOldGen: 367892K->367892K(368128K)] 506132K->401922K(529408K) [PSPermGen: 13626K->13626K(21504K)], 0.0761070 secs] [Times: user=0.54 sys=0.00, real=0.08 secs] 
99.521: Total time for which application threads were stopped: 0.0768000 seconds, Stopping threads took: 0.0000700 seconds
99.546: Application time: 0.0246330 seconds
99.546: [Full GC [PSYoungGen: 138240K->34043K(161280K)] [ParOldGen: 367892K->367892K(368128K)] 506132K->401935K(529408K) [PSPermGen: 13626K->13626K(21504K)], 0.0741380 secs] [Times: user=0.52 sys=0.00, real=0.07 secs] 
99.620: Total time for which application threads were stopped: 0.0748150 seconds, Stopping threads took: 0.0000500 seconds
99.645: Application time: 0.0244880 seconds
99.645: [Full GC [PSYoungGen: 138240K->34059K(161280K)] [ParOldGen: 367892K->367892K(368128K)] 506132K->401952K(529408K) [PSPermGen: 13626K->13626K(21504K)], 0.0745800 secs] [Times: user=0.53 sys=0.00, real=0.08 secs] 
99.720: Total time for which application threads were stopped: 0.0752160 seconds, Stopping threads took: 0.0000650 seconds
99.745: Application time: 0.0245580 seconds
99.745: [Full GC [PSYoungGen: 138240K->34075K(161280K)] [ParOldGen: 367892K->367892K(368128K)] 506132K->401968K(529408K) [PSPermGen: 13626K->13626K(21504K)], 0.0747990 secs] [Times: user=0.53 sys=0.00, real=0.08 secs] 
99.820: Total time for which application threads were stopped: 0.0754400 seconds, Stopping threads took: 0.0000620 seconds
99.845: Application time: 0.0251410 seconds
99.846: [Full GC [PSYoungGen: 138240K->34035K(161280K)] [ParOldGen: 367892K->367892K(368128K)] 506132K->401928K(529408K) [PSPermGen: 13626K->13626K(21504K)], 0.0740960 secs] [Times: user=0.52 sys=0.00, real=0.07 secs] 
99.920: Total time for which application threads were stopped: 0.0747980 seconds, Stopping threads took: 0.0000380 seconds
99.945: Application time: 0.0245660 seconds
99.945: [Full GC [PSYoungGen: 138240K->33962K(161280K)] [ParOldGen: 367892K->367892K(368128K)] 506132K->401855K(529408K) [PSPermGen: 13626K->13626K(21504K)], 0.0742000 secs] [Times: user=0.52 sys=0.00, real=0.08 secs] 
100.019: Total time for which application threads were stopped: 0.0748930 seconds, Stopping threads took: 0.0000580 seconds
100.044: Application time: 0.0244080 seconds
100.044: [Full GC [PSYoungGen: 138240K->33979K(161280K)] [ParOldGen: 367892K->367892K(368128K)] 506132K->401872K(529408K) [PSPermGen: 13626K->13626K(21504K)], 0.0749460 secs] [Times: user=0.53 sys=0.00, real=0.08 secs] 
100.119: Total time for which application threads were stopped: 0.0755810 seconds, Stopping threads took: 0.0000790 seconds
100.145: Application time: 0.0253200 seconds
100.145: [Full GC [PSYoungGen: 138240K->33994K(161280K)] [ParOldGen: 367892K->367892K(368128K)] 506132K->401886K(529408K) [PSPermGen: 13626K->13626K(21504K)], 0.0749840 secs] [Times: user=0.54 sys=0.00, real=0.08 secs] 
100.220: Total time for which application threads were stopped: 0.0756850 seconds, Stopping threads took: 0.0000550 seconds
100.245: Application time: 0.0244320 seconds
100.246: [Full GC [PSYoungGen: 138240K->34007K(161280K)] [ParOldGen: 367892K->367892K(368128K)] 506132K->401900K(529408K) [PSPermGen: 13626K->13626K(21504K)], 0.0741050 secs] [Times: user=0.52 sys=0.00, real=0.08 secs] 
100.320: Total time for which application threads were stopped: 0.0747470 seconds, Stopping threads took: 0.0000820 seconds
100.344: Application time: 0.0246420 seconds
100.345: [Full GC [PSYoungGen: 138240K->33969K(161280K)] [ParOldGen: 367892K->367892K(368128K)] 506132K->401862K(529408K) [PSPermGen: 13626K->13626K(21504K)], 0.0733760 secs] [Times: user=0.52 sys=0.00, real=0.08 secs] 
100.418: Total time for which application threads were stopped: 0.0740520 seconds, Stopping threads took: 0.0000360 seconds
100.443: Application time: 0.0246830 seconds
100.444: [Full GC [PSYoungGen: 138240K->33915K(161280K)] [ParOldGen: 367892K->367892K(368128K)] 506132K->401807K(529408K) [PSPermGen: 13626K->13626K(21504K)], 0.0735770 secs] [Times: user=0.52 sys=0.00, real=0.08 secs] 
100.517: Total time for which application threads were stopped: 0.0742900 seconds, Stopping threads took: 0.0000670 seconds
100.542: Application time: 0.0243230 seconds
100.542: [Full GC [PSYoungGen: 138240K->33914K(161280K)] [ParOldGen: 367892K->367892K(368128K)] 506132K->401806K(529408K) [PSPermGen: 13626K->13626K(21504K)], 0.0744310 secs] [Times: user=0.52 sys=0.00, real=0.08 secs] 
100.617: Total time for which application threads were stopped: 0.0751400 seconds, Stopping threads took: 0.0000750 seconds
100.641: Application time: 0.0244060 seconds
100.642: [Full GC [PSYoungGen: 138240K->33930K(161280K)] [ParOldGen: 367892K->367892K(368128K)] 506132K->401822K(529408K) [PSPermGen: 13626K->13626K(21504K)], 0.0747570 secs] [Times: user=0.52 sys=0.01, real=0.08 secs] 
100.717: Total time for which application threads were stopped: 0.0754980 seconds, Stopping threads took: 0.0001050 seconds
100.741: Application time: 0.0246270 seconds
100.742: [Full GC [PSYoungGen: 138240K->33943K(161280K)] [ParOldGen: 367892K->367892K(368128K)] 506132K->401836K(529408K) [PSPermGen: 13626K->13626K(21504K)], 0.0751690 secs] [Times: user=0.53 sys=0.00, real=0.08 secs] 
100.817: Total time for which application threads were stopped: 0.0757990 seconds, Stopping threads took: 0.0000600 seconds
100.842: Application time: 0.0246210 seconds
100.842: [Full GC [PSYoungGen: 138240K->33960K(161280K)] [ParOldGen: 367892K->367892K(368128K)] 506132K->401852K(529408K) [PSPermGen: 13626K->13626K(21504K)], 0.0742460 secs] [Times: user=0.52 sys=0.00, real=0.08 secs] 
100.917: Total time for which application threads were stopped: 0.0748940 seconds, Stopping threads took: 0.0000950 seconds
100.942: Application time: 0.0251440 seconds
100.942: [Full GC [PSYoungGen: 138240K->33973K(161280K)] [ParOldGen: 367892K->367892K(368128K)] 506132K->401865K(529408K) [PSPermGen: 13626K->13626K(21504K)], 0.0749040 secs] [Times: user=0.52 sys=0.00, real=0.08 secs] 
101.017: Total time for which application threads were stopped: 0.0755820 seconds, Stopping threads took: 0.0000640 seconds
101.043: Application time: 0.0254520 seconds
101.043: [Full GC [PSYoungGen: 138240K->33866K(161280K)] [ParOldGen: 367892K->367892K(368128K)] 506132K->401758K(529408K) [PSPermGen: 13626K->13626K(21504K)], 0.0742150 secs] [Times: user=0.52 sys=0.00, real=0.08 secs] 
101.118: Total time for which application threads were stopped: 0.0749000 seconds, Stopping threads took: 0.0000630 seconds
101.143: Application time: 0.0257040 seconds
101.144: [Full GC [PSYoungGen: 138240K->33861K(161280K)] [ParOldGen: 367892K->367892K(368128K)] 506132K->401753K(529408K) [PSPermGen: 13626K->13626K(21504K)], 0.0736360 secs] [Times: user=0.53 sys=0.00, real=0.08 secs] 
101.218: Total time for which application threads were stopped: 0.0743250 seconds, Stopping threads took: 0.0000550 seconds
101.242: Application time: 0.0246790 seconds
101.243: [Full GC [PSYoungGen: 138240K->33876K(161280K)] [ParOldGen: 367892K->367892K(368128K)] 506132K->401768K(529408K) [PSPermGen: 13626K->13626K(21504K)], 0.0761400 secs] [Times: user=0.54 sys=0.00, real=0.08 secs] 
101.319: Total time for which application threads were stopped: 0.0768410 seconds, Stopping threads took: 0.0000600 seconds
101.344: Application time: 0.0246930 seconds
101.345: [Full GC [PSYoungGen: 138240K->33892K(161280K)] [ParOldGen: 367892K->367892K(368128K)] 506132K->401784K(529408K) [PSPermGen: 13626K->13626K(21504K)], 0.0741000 secs] [Times: user=0.53 sys=0.00, real=0.08 secs] 
101.419: Total time for which application threads were stopped: 0.0747940 seconds, Stopping threads took: 0.0000550 seconds
101.443: Application time: 0.0244240 seconds
101.444: [Full GC [PSYoungGen: 138240K->33907K(161280K)] [ParOldGen: 367892K->367892K(368128K)] 506132K->401800K(529408K) [PSPermGen: 13626K->13626K(21504K)], 0.0743910 secs] [Times: user=0.53 sys=0.00, real=0.08 secs] 
101.518: Total time for which application threads were stopped: 0.0751270 seconds, Stopping threads took: 0.0000630 seconds
101.543: Application time: 0.0241420 seconds
101.543: [Full GC [PSYoungGen: 138240K->33921K(161280K)] [ParOldGen: 367892K->367892K(368128K)] 506132K->401813K(529408K) [PSPermGen: 13626K->13626K(21504K)], 0.0743020 secs] [Times: user=0.53 sys=0.00, real=0.08 secs] 
101.618: Total time for which application threads were stopped: 0.0750230 seconds, Stopping threads took: 0.0000620 seconds
101.642: Application time: 0.0244590 seconds
101.643: [Full GC [PSYoungGen: 138240K->33938K(161280K)] [ParOldGen: 367892K->367892K(368128K)] 506132K->401830K(529408K) [PSPermGen: 13626K->13626K(21504K)], 0.0743060 secs] [Times: user=0.53 sys=0.00, real=0.08 secs] 
101.717: Total time for which application threads were stopped: 0.0750030 seconds, Stopping threads took: 0.0000520 seconds
101.741: Application time: 0.0242970 seconds
101.742: [Full GC [PSYoungGen: 138240K->33952K(161280K)] [ParOldGen: 367892K->367892K(368128K)] 506132K->401844K(529408K) [PSPermGen: 13626K->13626K(21504K)], 0.0745650 secs] [Times: user=0.53 sys=0.00, real=0.08 secs] 
101.817: Total time for which application threads were stopped: 0.0751890 seconds, Stopping threads took: 0.0000550 seconds
101.841: Application time: 0.0245040 seconds
101.842: [Full GC [PSYoungGen: 138240K->33966K(161280K)] [ParOldGen: 367892K->367892K(368128K)] 506132K->401858K(529408K) [PSPermGen: 13626K->13626K(21504K)], 0.0750190 secs] [Times: user=0.52 sys=0.00, real=0.08 secs] 
101.917: Total time for which application threads were stopped: 0.0757130 seconds, Stopping threads took: 0.0000460 seconds
101.941: Application time: 0.0241190 seconds
101.941: [Full GC [PSYoungGen: 138240K->33982K(161280K)] [ParOldGen: 367892K->367892K(368128K)] 506132K->401874K(529408K) [PSPermGen: 13626K->13626K(21504K)], 0.0739300 secs] [Times: user=0.52 sys=0.01, real=0.08 secs] 
102.015: Total time for which application threads were stopped: 0.0746140 seconds, Stopping threads took: 0.0000370 seconds
102.040: Application time: 0.0241270 seconds
102.040: [Full GC [PSYoungGen: 138240K->33996K(161280K)] [ParOldGen: 367892K->367892K(368128K)] 506132K->401889K(529408K) [PSPermGen: 13626K->13626K(21504K)], 0.0740980 secs] [Times: user=0.52 sys=0.00, real=0.08 secs] 
102.114: Total time for which application threads were stopped: 0.0747890 seconds, Stopping threads took: 0.0000500 seconds
102.140: Application time: 0.0252760 seconds
102.140: [Full GC [PSYoungGen: 138240K->33900K(161280K)] [ParOldGen: 367892K->367892K(368128K)] 506132K->401792K(529408K) [PSPermGen: 13626K->13626K(21504K)], 0.0741650 secs] [Times: user=0.52 sys=0.00, real=0.08 secs] 
102.214: Total time for which application threads were stopped: 0.0748170 seconds, Stopping threads took: 0.0001040 seconds
102.239: Application time: 0.0242660 seconds
102.239: [Full GC [PSYoungGen: 138240K->33885K(161280K)] [ParOldGen: 367892K->367892K(368128K)] 506132K->401778K(529408K) [PSPermGen: 13626K->13626K(21504K)], 0.0741070 secs] [Times: user=0.53 sys=0.00, real=0.07 secs] 
102.313: Total time for which application threads were stopped: 0.0747160 seconds, Stopping threads took: 0.0000570 seconds
102.338: Application time: 0.0245710 seconds
102.339: [Full GC [PSYoungGen: 138240K->33900K(161280K)] [ParOldGen: 367892K->367892K(368128K)] 506132K->401792K(529408K) [PSPermGen: 13626K->13626K(21504K)], 0.0735380 secs] [Times: user=0.52 sys=0.00, real=0.07 secs] 
102.412: Total time for which application threads were stopped: 0.0742280 seconds, Stopping threads took: 0.0000530 seconds
102.437: Application time: 0.0245960 seconds
102.437: [Full GC [PSYoungGen: 138240K->33913K(161280K)] [ParOldGen: 367892K->367892K(368128K)] 506132K->401805K(529408K) [PSPermGen: 13626K->13626K(21504K)], 0.0760710 secs] [Times: user=0.52 sys=0.00, real=0.08 secs] 
102.514: Total time for which application threads were stopped: 0.0767140 seconds, Stopping threads took: 0.0000820 seconds
102.538: Application time: 0.0244520 seconds
102.539: [Full GC [PSYoungGen: 138240K->33932K(161280K)] [ParOldGen: 367892K->367892K(368128K)] 506132K->401825K(529408K) [PSPermGen: 13626K->13626K(21504K)], 0.0746270 secs] [Times: user=0.53 sys=0.00, real=0.07 secs] 
102.613: Total time for which application threads were stopped: 0.0752310 seconds, Stopping threads took: 0.0000460 seconds
102.638: Application time: 0.0244310 seconds
102.638: [Full GC [PSYoungGen: 138240K->33944K(161280K)] [ParOldGen: 367892K->367892K(368128K)] 506132K->401836K(529408K) [PSPermGen: 13626K->13626K(21504K)], 0.0738100 secs] [Times: user=0.52 sys=0.01, real=0.07 secs] 
102.712: Total time for which application threads were stopped: 0.0745570 seconds, Stopping threads took: 0.0000730 seconds
102.737: Application time: 0.0244450 seconds
102.737: [Full GC [PSYoungGen: 138240K->33959K(161280K)] [ParOldGen: 367892K->367892K(368128K)] 506132K->401852K(529408K) [PSPermGen: 13626K->13626K(21504K)], 0.0738390 secs] [Times: user=0.53 sys=0.00, real=0.07 secs] 
102.811: Total time for which application threads were stopped: 0.0745500 seconds, Stopping threads took: 0.0000770 seconds
102.835: Application time: 0.0241180 seconds
102.836: [Full GC [PSYoungGen: 138240K->33976K(161280K)] [ParOldGen: 367892K->367892K(368128K)] 506132K->401868K(529408K) [PSPermGen: 13626K->13626K(21504K)], 0.0746570 secs] [Times: user=0.52 sys=0.00, real=0.07 secs] 
102.911: Total time for which application threads were stopped: 0.0752830 seconds, Stopping threads took: 0.0000750 seconds
102.935: Application time: 0.0242670 seconds
102.936: [Full GC [PSYoungGen: 138240K->33990K(161280K)] [ParOldGen: 367892K->367892K(368128K)] 506132K->401882K(529408K) [PSPermGen: 13626K->13626K(21504K)], 0.0751010 secs] [Times: user=0.52 sys=0.00, real=0.07 secs] 
103.011: Total time for which application threads were stopped: 0.0758020 seconds, Stopping threads took: 0.0000630 seconds
103.035: Application time: 0.0242610 seconds
103.036: [Full GC [PSYoungGen: 138240K->34004K(161280K)] [ParOldGen: 367892K->367892K(368128K)] 506132K->401897K(529408K) [PSPermGen: 13626K->13626K(21504K)], 0.0737420 secs] [Times: user=0.52 sys=0.00, real=0.07 secs] 
103.109: Total time for which application threads were stopped: 0.0744430 seconds, Stopping threads took: 0.0000520 seconds
103.134: Application time: 0.0249790 seconds
103.135: [Full GC [PSYoungGen: 138240K->34021K(161280K)] [ParOldGen: 367892K->367892K(368128K)] 506132K->401913K(529408K) [PSPermGen: 13626K->13626K(21504K)], 0.0738770 secs] [Times: user=0.51 sys=0.00, real=0.07 secs] 
103.209: Total time for which application threads were stopped: 0.0745860 seconds, Stopping threads took: 0.0000670 seconds
103.234: Application time: 0.0244790 seconds
103.234: [Full GC [PSYoungGen: 138240K->34033K(161280K)] [ParOldGen: 367892K->367892K(368128K)] 506132K->401926K(529408K) [PSPermGen: 13626K->13626K(21504K)], 0.0748500 secs] [Times: user=0.52 sys=0.00, real=0.07 secs] 
103.309: Total time for which application threads were stopped: 0.0755600 seconds, Stopping threads took: 0.0000520 seconds
103.334: Application time: 0.0245670 seconds
103.334: [Full GC [PSYoungGen: 138240K->34049K(161280K)] [ParOldGen: 367892K->367892K(368128K)] 506132K->401941K(529408K) [PSPermGen: 13626K->13626K(21504K)], 0.0742900 secs] [Times: user=0.52 sys=0.01, real=0.07 secs] 
103.409: Total time for which application threads were stopped: 0.0749990 seconds, Stopping threads took: 0.0000600 seconds
103.433: Application time: 0.0246270 seconds
103.434: [Full GC [PSYoungGen: 138240K->34065K(161280K)] [ParOldGen: 367892K->367892K(368128K)] 506132K->401957K(529408K) [PSPermGen: 13626K->13626K(21504K)], 0.0747040 secs] [Times: user=0.51 sys=0.00, real=0.07 secs] 
103.509: Total time for which application threads were stopped: 0.0753510 seconds, Stopping threads took: 0.0000800 seconds
103.533: Application time: 0.0248280 seconds
103.534: [Full GC [PSYoungGen: 138240K->34078K(161280K)] [ParOldGen: 367892K->367892K(368128K)] 506132K->401970K(529408K) [PSPermGen: 13626K->13626K(21504K)], 0.0742450 secs] [Times: user=0.53 sys=0.00, real=0.07 secs] 
103.608: Total time for which application threads were stopped: 0.0748710 seconds, Stopping threads took: 0.0000710 seconds
103.634: Application time: 0.0253960 seconds
103.634: [Full GC [PSYoungGen: 138240K->34029K(161280K)] [ParOldGen: 367892K->367892K(368128K)] 506132K->401922K(529408K) [PSPermGen: 13626K->13626K(21504K)], 0.0744240 secs] [Times: user=0.52 sys=0.00, real=0.07 secs] 
103.709: Total time for which application threads were stopped: 0.0751450 seconds, Stopping threads took: 0.0000920 seconds
103.734: Application time: 0.0248520 seconds
103.734: [Full GC [PSYoungGen: 138240K->33983K(161280K)] [ParOldGen: 367892K->367892K(368128K)] 506132K->401876K(529408K) [PSPermGen: 13626K->13626K(21504K)], 0.0754970 secs] [Times: user=0.51 sys=0.00, real=0.07 secs] 
103.810: Total time for which application threads were stopped: 0.0761110 seconds, Stopping threads took: 0.0000490 seconds
103.834: Application time: 0.0245250 seconds
103.835: [Full GC [PSYoungGen: 138240K->33982K(161280K)] [ParOldGen: 367892K->367892K(368128K)] 506132K->401874K(529408K) [PSPermGen: 13626K->13626K(21504K)], 0.0740200 secs] [Times: user=0.53 sys=0.00, real=0.07 secs] 
103.909: Total time for which application threads were stopped: 0.0747200 seconds, Stopping threads took: 0.0000510 seconds
103.933: Application time: 0.0243430 seconds
103.934: [Full GC [PSYoungGen: 138240K->33999K(161280K)] [ParOldGen: 367892K->367892K(368128K)] 506132K->401891K(529408K) [PSPermGen: 13626K->13626K(21504K)], 0.0759430 secs] [Times: user=0.53 sys=0.00, real=0.07 secs] 
104.010: Total time for which application threads were stopped: 0.0766390 seconds, Stopping threads took: 0.0000630 seconds
104.035: Application time: 0.0244300 seconds
104.035: [Full GC [PSYoungGen: 138240K->34012K(161280K)] [ParOldGen: 367892K->367892K(368128K)] 506132K->401905K(529408K) [PSPermGen: 13626K->13626K(21504K)], 0.0746790 secs] [Times: user=0.53 sys=0.00, real=0.07 secs] 
104.110: Total time for which application threads were stopped: 0.0753710 seconds, Stopping threads took: 0.0000560 seconds
104.135: Application time: 0.0251420 seconds
104.136: [Full GC [PSYoungGen: 138240K->34030K(161280K)] [ParOldGen: 367892K->367892K(368128K)] 506132K->401923K(529408K) [PSPermGen: 13626K->13626K(21504K)], 0.0754670 secs] [Times: user=0.53 sys=0.00, real=0.07 secs] 
104.211: Total time for which application threads were stopped: 0.0761480 seconds, Stopping threads took: 0.0000700 seconds
104.236: Application time: 0.0244590 seconds
104.236: [Full GC [PSYoungGen: 138240K->34039K(161280K)] [ParOldGen: 367892K->367892K(368128K)] 506132K->401931K(529408K) [PSPermGen: 13626K->13626K(21504K)], 0.0743440 secs] [Times: user=0.52 sys=0.00, real=0.07 secs] 
104.311: Total time for which application threads were stopped: 0.0749950 seconds, Stopping threads took: 0.0000480 seconds
104.335: Application time: 0.0244810 seconds
104.336: [Full GC [PSYoungGen: 138240K->33999K(161280K)] [ParOldGen: 367892K->367892K(368128K)] 506132K->401891K(529408K) [PSPermGen: 13626K->13626K(21504K)], 0.0742540 secs] [Times: user=0.52 sys=0.00, real=0.07 secs] 
104.410: Total time for which application threads were stopped: 0.0749360 seconds, Stopping threads took: 0.0000540 seconds
104.435: Application time: 0.0245680 seconds
104.435: [Full GC [PSYoungGen: 138240K->34002K(161280K)] [ParOldGen: 367892K->367892K(368128K)] 506132K->401894K(529408K) [PSPermGen: 13626K->13626K(21504K)], 0.0740200 secs] [Times: user=0.52 sys=0.00, real=0.07 secs] 
104.509: Total time for which application threads were stopped: 0.0746310 seconds, Stopping threads took: 0.0000600 seconds
104.534: Application time: 0.0246660 seconds
104.535: [Full GC [PSYoungGen: 138240K->33965K(161280K)] [ParOldGen: 367892K->367892K(368128K)] 506132K->401857K(529408K) [PSPermGen: 13626K->13626K(21504K)], 0.0741420 secs] [Times: user=0.52 sys=0.01, real=0.07 secs] 
104.609: Total time for which application threads were stopped: 0.0748180 seconds, Stopping threads took: 0.0000440 seconds
104.634: Application time: 0.0254500 seconds
104.635: [Full GC [PSYoungGen: 138240K->33853K(161280K)] [ParOldGen: 367892K->367892K(368128K)] 506132K->401745K(529408K) [PSPermGen: 13626K->13626K(21504K)], 0.0745080 secs] [Times: user=0.53 sys=0.00, real=0.07 secs] 
104.709: Total time for which application threads were stopped: 0.0752230 seconds, Stopping threads took: 0.0000580 seconds
104.734: Application time: 0.0243930 seconds
104.734: [Full GC [PSYoungGen: 138240K->33833K(161280K)] [ParOldGen: 367892K->367892K(368128K)] 506132K->401725K(529408K) [PSPermGen: 13626K->13626K(21504K)], 0.0742650 secs] [Times: user=0.51 sys=0.01, real=0.07 secs] 
104.809: Total time for which application threads were stopped: 0.0749250 seconds, Stopping threads took: 0.0000740 seconds
104.833: Application time: 0.0242260 seconds
104.834: [Full GC [PSYoungGen: 138240K->33851K(161280K)] [ParOldGen: 367892K->367892K(368128K)] 506132K->401744K(529408K) [PSPermGen: 13626K->13626K(21504K)], 0.0740040 secs] [Times: user=0.52 sys=0.00, real=0.07 secs] 
104.908: Total time for which application threads were stopped: 0.0747020 seconds, Stopping threads took: 0.0000550 seconds
104.932: Application time: 0.0243500 seconds
104.933: [Full GC [PSYoungGen: 138240K->33867K(161280K)] [ParOldGen: 367892K->367892K(368128K)] 506132K->401759K(529408K) [PSPermGen: 13626K->13626K(21504K)], 0.0742230 secs] [Times: user=0.53 sys=0.00, real=0.08 secs] 
105.007: Total time for which application threads were stopped: 0.0749480 seconds, Stopping threads took: 0.0000720 seconds
105.031: Application time: 0.0241350 seconds
105.032: [Full GC [PSYoungGen: 138240K->33880K(161280K)] [ParOldGen: 367892K->367892K(368128K)] 506132K->401773K(529408K) [PSPermGen: 13626K->13626K(21504K)], 0.0741010 secs] [Times: user=0.52 sys=0.00, real=0.08 secs] 
105.106: Total time for which application threads were stopped: 0.0748020 seconds, Stopping threads took: 0.0000700 seconds
105.131: Application time: 0.0250570 seconds
105.132: [Full GC [PSYoungGen: 138240K->33897K(161280K)] [ParOldGen: 367892K->367892K(368128K)] 506132K->401790K(529408K) [PSPermGen: 13626K->13626K(21504K)], 0.0753070 secs] [Times: user=0.54 sys=0.00, real=0.08 secs] 
105.207: Total time for which application threads were stopped: 0.0759310 seconds, Stopping threads took: 0.0000700 seconds
105.231: Application time: 0.0241870 seconds
105.232: [Full GC [PSYoungGen: 138240K->33909K(161280K)] [ParOldGen: 367892K->367892K(368128K)] 506132K->401801K(529408K) [PSPermGen: 13626K->13626K(21504K)], 0.0748940 secs] [Times: user=0.52 sys=0.01, real=0.08 secs] 
105.307: Total time for which application threads were stopped: 0.0755970 seconds, Stopping threads took: 0.0000520 seconds
105.331: Application time: 0.0241140 seconds
105.331: [Full GC [PSYoungGen: 138240K->33927K(161280K)] [ParOldGen: 367892K->367892K(368128K)] 506132K->401820K(529408K) [PSPermGen: 13626K->13626K(21504K)], 0.0741710 secs] [Times: user=0.52 sys=0.00, real=0.08 secs] 
105.406: Total time for which application threads were stopped: 0.0748610 seconds, Stopping threads took: 0.0000600 seconds
105.430: Application time: 0.0242270 seconds
105.431: [Full GC [PSYoungGen: 138240K->33943K(161280K)] [ParOldGen: 367892K->367892K(368128K)] 506132K->401835K(529408K) [PSPermGen: 13626K->13626K(21504K)], 0.0744690 secs] [Times: user=0.52 sys=0.00, real=0.07 secs] 
105.505: Total time for which application threads were stopped: 0.0751600 seconds, Stopping threads took: 0.0000510 seconds
105.530: Application time: 0.0244490 seconds
105.530: [Full GC [PSYoungGen: 138240K->33955K(161280K)] [ParOldGen: 367892K->367892K(368128K)] 506132K->401847K(529408K) [PSPermGen: 13626K->13626K(21504K)], 0.0740970 secs] [Times: user=0.52 sys=0.00, real=0.07 secs] 
105.604: Total time for which application threads were stopped: 0.0748050 seconds, Stopping threads took: 0.0000420 seconds
105.629: Application time: 0.0241530 seconds
105.629: [Full GC [PSYoungGen: 138240K->33971K(161280K)] [ParOldGen: 367892K->367892K(368128K)] 506132K->401864K(529408K) [PSPermGen: 13626K->13626K(21504K)], 0.0750580 secs] [Times: user=0.53 sys=0.00, real=0.07 secs] 
105.704: Total time for which application threads were stopped: 0.0757710 seconds, Stopping threads took: 0.0000850 seconds
105.728: Application time: 0.0241720 seconds
105.729: [Full GC [PSYoungGen: 138240K->33986K(161280K)] [ParOldGen: 367892K->367892K(368128K)] 506132K->401879K(529408K) [PSPermGen: 13626K->13626K(21504K)], 0.0753630 secs] [Times: user=0.53 sys=0.00, real=0.07 secs] 
105.804: Total time for which application threads were stopped: 0.0759910 seconds, Stopping threads took: 0.0000570 seconds
105.829: Application time: 0.0246010 seconds
105.830: [Full GC [PSYoungGen: 138240K->33892K(161280K)] [ParOldGen: 367892K->367892K(368128K)] 506132K->401784K(529408K) [PSPermGen: 13626K->13626K(21504K)], 0.0742910 secs] [Times: user=0.52 sys=0.00, real=0.07 secs] 
105.904: Total time for which application threads were stopped: 0.0750290 seconds, Stopping threads took: 0.0000930 seconds
105.928: Application time: 0.0241890 seconds
105.929: [Full GC [PSYoungGen: 138240K->33874K(161280K)] [ParOldGen: 367892K->367892K(368128K)] 506132K->401766K(529408K) [PSPermGen: 13626K->13626K(21504K)], 0.0744670 secs] [Times: user=0.53 sys=0.00, real=0.07 secs] 
106.003: Total time for which application threads were stopped: 0.0751550 seconds, Stopping threads took: 0.0000510 seconds
106.028: Application time: 0.0242100 seconds
106.028: [Full GC [PSYoungGen: 138240K->33887K(161280K)] [ParOldGen: 367892K->367892K(368128K)] 506132K->401780K(529408K) [PSPermGen: 13626K->13626K(21504K)], 0.0744110 secs] [Times: user=0.52 sys=0.00, real=0.07 secs] 
106.103: Total time for which application threads were stopped: 0.0750110 seconds, Stopping threads took: 0.0000430 seconds
106.128: Application time: 0.0251520 seconds
106.128: [Full GC [PSYoungGen: 138240K->33904K(161280K)] [ParOldGen: 367892K->367892K(368128K)] 506132K->401797K(529408K) [PSPermGen: 13626K->13626K(21504K)], 0.0746640 secs] [Times: user=0.52 sys=0.00, real=0.07 secs] 
106.203: Total time for which application threads were stopped: 0.0753010 seconds, Stopping threads took: 0.0000820 seconds
106.228: Application time: 0.0243850 seconds
106.228: [Full GC [PSYoungGen: 138240K->33920K(161280K)] [ParOldGen: 367892K->367892K(368128K)] 506132K->401813K(529408K) [PSPermGen: 13626K->13626K(21504K)], 0.0739420 secs] [Times: user=0.52 sys=0.00, real=0.07 secs] 
106.302: Total time for which application threads were stopped: 0.0745480 seconds, Stopping threads took: 0.0000500 seconds
106.326: Application time: 0.0242510 seconds
106.327: [Full GC [PSYoungGen: 138240K->33934K(161280K)] [ParOldGen: 367892K->367892K(368128K)] 506132K->401826K(529408K) [PSPermGen: 13626K->13626K(21504K)], 0.0741770 secs] [Times: user=0.52 sys=0.00, real=0.07 secs] 
106.401: Total time for which application threads were stopped: 0.0748910 seconds, Stopping threads took: 0.0000590 seconds
106.426: Application time: 0.0245320 seconds
106.426: [Full GC [PSYoungGen: 138240K->33949K(161280K)] [ParOldGen: 367892K->367892K(368128K)] 506132K->401841K(529408K) [PSPermGen: 13626K->13626K(21504K)], 0.0737260 secs] [Times: user=0.52 sys=0.00, real=0.07 secs] 
106.500: Total time for which application threads were stopped: 0.0744280 seconds, Stopping threads took: 0.0000600 seconds
106.525: Application time: 0.0246090 seconds
106.525: [Full GC [PSYoungGen: 138240K->33965K(161280K)] [ParOldGen: 367892K->367892K(368128K)] 506132K->401857K(529408K) [PSPermGen: 13626K->13626K(21504K)], 0.0742910 secs] [Times: user=0.53 sys=0.00, real=0.08 secs] 
106.600: Total time for which application threads were stopped: 0.0749740 seconds, Stopping threads took: 0.0000640 seconds
106.624: Application time: 0.0243320 seconds
106.625: [Full GC [PSYoungGen: 138240K->33979K(161280K)] [ParOldGen: 367892K->367892K(368128K)] 506132K->401872K(529408K) [PSPermGen: 13626K->13626K(21504K)], 0.0738230 secs] [Times: user=0.53 sys=0.00, real=0.08 secs] 
106.699: Total time for which application threads were stopped: 0.0745260 seconds, Stopping threads took: 0.0000670 seconds
106.723: Application time: 0.0243210 seconds
106.724: [Full GC [PSYoungGen: 138240K->33994K(161280K)] [ParOldGen: 367892K->367892K(368128K)] 506132K->401887K(529408K) [PSPermGen: 13626K->13626K(21504K)], 0.0732890 secs] [Times: user=0.52 sys=0.00, real=0.08 secs] 
106.797: Total time for which application threads were stopped: 0.0739900 seconds, Stopping threads took: 0.0000500 seconds
106.821: Application time: 0.0244660 seconds
106.822: [Full GC [PSYoungGen: 138240K->34011K(161280K)] [ParOldGen: 367892K->367892K(368128K)] 506132K->401904K(529408K) [PSPermGen: 13626K->13626K(21504K)], 0.0754740 secs] [Times: user=0.52 sys=0.01, real=0.08 secs] 
106.898: Total time for which application threads were stopped: 0.0761710 seconds, Stopping threads took: 0.0000500 seconds
106.922: Application time: 0.0240900 seconds
106.922: [Full GC [PSYoungGen: 138240K->34023K(161280K)] [ParOldGen: 367892K->367892K(368128K)] 506132K->401916K(529408K) [PSPermGen: 13626K->13626K(21504K)], 0.0762820 secs] [Times: user=0.52 sys=0.00, real=0.08 secs] 
106.999: Total time for which application threads were stopped: 0.0769850 seconds, Stopping threads took: 0.0000630 seconds
107.023: Application time: 0.0245900 seconds
107.024: [Full GC [PSYoungGen: 138240K->34039K(161280K)] [ParOldGen: 367892K->367892K(368128K)] 506132K->401931K(529408K) [PSPermGen: 13626K->13626K(21504K)], 0.0753660 secs] [Times: user=0.53 sys=0.00, real=0.08 secs] 
107.099: Total time for which application threads were stopped: 0.0760010 seconds, Stopping threads took: 0.0000770 seconds
107.124: Application time: 0.0251350 seconds
107.125: [Full GC [PSYoungGen: 138240K->34053K(161280K)] [ParOldGen: 367892K->367892K(368128K)] 506132K->401946K(529408K) [PSPermGen: 13626K->13626K(21504K)], 0.0742200 secs] [Times: user=0.52 sys=0.00, real=0.08 secs] 
107.199: Total time for which application threads were stopped: 0.0750280 seconds, Stopping threads took: 0.0001040 seconds
107.224: Application time: 0.0246470 seconds
107.225: [Full GC [PSYoungGen: 138240K->34067K(161280K)] [ParOldGen: 367892K->367892K(368128K)] 506132K->401959K(529408K) [PSPermGen: 13626K->13626K(21504K)], 0.0744690 secs] [Times: user=0.52 sys=0.00, real=0.08 secs] 
107.299: Total time for which application threads were stopped: 0.0751620 seconds, Stopping threads took: 0.0000670 seconds
107.324: Application time: 0.0247120 seconds
107.325: [Full GC [PSYoungGen: 138240K->34084K(161280K)] [ParOldGen: 367892K->367892K(368128K)] 506132K->401976K(529408K) [PSPermGen: 13626K->13626K(21504K)], 0.0743560 secs] [Times: user=0.53 sys=0.00, real=0.08 secs] 
107.399: Total time for which application threads were stopped: 0.0750770 seconds, Stopping threads took: 0.0000830 seconds
107.424: Application time: 0.0249290 seconds
107.425: [Full GC [PSYoungGen: 138240K->34088K(161280K)] [ParOldGen: 367892K->367892K(368128K)] 506132K->401980K(529408K) [PSPermGen: 13626K->13626K(21504K)], 0.0744080 secs] [Times: user=0.53 sys=0.00, real=0.08 secs] 
107.499: Total time for which application threads were stopped: 0.0751070 seconds, Stopping threads took: 0.0000540 seconds
107.524: Application time: 0.0252350 seconds
107.525: [Full GC [PSYoungGen: 138240K->34041K(161280K)] [ParOldGen: 367892K->367892K(368128K)] 506132K->401933K(529408K) [PSPermGen: 13627K->13627K(21504K)], 0.0747920 secs] [Times: user=0.53 sys=0.00, real=0.08 secs] 
107.600: Total time for which application threads were stopped: 0.0755010 seconds, Stopping threads took: 0.0000620 seconds
107.625: Application time: 0.0247480 seconds
107.625: [Full GC [PSYoungGen: 138240K->33990K(161280K)] [ParOldGen: 367892K->367892K(368128K)] 506132K->401882K(529408K) [PSPermGen: 13627K->13627K(21504K)], 0.0746830 secs] [Times: user=0.53 sys=0.00, real=0.08 secs] 
107.700: Total time for which application threads were stopped: 0.0753200 seconds, Stopping threads took: 0.0000570 seconds
107.725: Application time: 0.0246610 seconds
107.725: [Full GC [PSYoungGen: 138240K->34003K(161280K)] [ParOldGen: 367892K->367892K(368128K)] 506132K->401895K(529408K) [PSPermGen: 13627K->13627K(21504K)], 0.0744950 secs] [Times: user=0.52 sys=0.00, real=0.08 secs] 
107.800: Total time for which application threads were stopped: 0.0751110 seconds, Stopping threads took: 0.0000580 seconds
107.825: Application time: 0.0249120 seconds
107.825: [Full GC [PSYoungGen: 138240K->34018K(161280K)] [ParOldGen: 367892K->367892K(368128K)] 506132K->401910K(529408K) [PSPermGen: 13627K->13627K(21504K)], 0.0745000 secs] [Times: user=0.53 sys=0.00, real=0.08 secs] 
107.900: Total time for which application threads were stopped: 0.0751420 seconds, Stopping threads took: 0.0000660 seconds
107.925: Application time: 0.0248160 seconds
107.925: [Full GC [PSYoungGen: 138240K->34034K(161280K)] [ParOldGen: 367892K->367892K(368128K)] 506132K->401926K(529408K) [PSPermGen: 13627K->13627K(21504K)], 0.0744190 secs] [Times: user=0.53 sys=0.00, real=0.08 secs] 
108.000: Total time for which application threads were stopped: 0.0751270 seconds, Stopping threads took: 0.0000630 seconds
108.024: Application time: 0.0245920 seconds
108.025: [Full GC [PSYoungGen: 138240K->34046K(161280K)] [ParOldGen: 367892K->367892K(368128K)] 506132K->401938K(529408K) [PSPermGen: 13627K->13627K(21504K)], 0.0749050 secs] [Times: user=0.52 sys=0.00, real=0.08 secs] 
108.100: Total time for which application threads were stopped: 0.0755300 seconds, Stopping threads took: 0.0000650 seconds
108.125: Application time: 0.0252930 seconds
108.126: [Full GC [PSYoungGen: 138240K->34063K(161280K)] [ParOldGen: 367892K->367892K(368128K)] 506132K->401956K(529408K) [PSPermGen: 13627K->13627K(21504K)], 0.0740230 secs] [Times: user=0.52 sys=0.00, real=0.07 secs] 
108.200: Total time for which application threads were stopped: 0.0747840 seconds, Stopping threads took: 0.0000650 seconds
108.225: Application time: 0.0246160 seconds
108.225: [Full GC [PSYoungGen: 138240K->34075K(161280K)] [ParOldGen: 367892K->367892K(368128K)] 506132K->401967K(529408K) [PSPermGen: 13627K->13627K(21504K)], 0.0748000 secs] [Times: user=0.52 sys=0.00, real=0.08 secs] 
108.300: Total time for which application threads were stopped: 0.0754580 seconds, Stopping threads took: 0.0000430 seconds
108.326: Application time: 0.0256550 seconds
108.326: [Full GC [PSYoungGen: 138240K->33914K(161280K)] [ParOldGen: 367892K->367892K(368128K)] 506132K->401806K(529408K) [PSPermGen: 13627K->13627K(21504K)], 0.0742780 secs] [Times: user=0.52 sys=0.00, real=0.07 secs] 
108.401: Total time for which application threads were stopped: 0.0750190 seconds, Stopping threads took: 0.0000730 seconds
108.426: Application time: 0.0248720 seconds
108.426: [Full GC [PSYoungGen: 138240K->33897K(161280K)] [ParOldGen: 367892K->367892K(368128K)] 506132K->401789K(529408K) [PSPermGen: 13627K->13627K(21504K)], 0.0743070 secs] [Times: user=0.52 sys=0.00, real=0.07 secs] 
108.500: Total time for which application threads were stopped: 0.0749360 seconds, Stopping threads took: 0.0000570 seconds
108.526: Application time: 0.0259970 seconds
108.527: [Full GC [PSYoungGen: 138240K->33856K(161280K)] [ParOldGen: 367892K->367892K(368128K)] 506132K->401749K(529408K) [PSPermGen: 13627K->13627K(21504K)], 0.0745500 secs] [Times: user=0.52 sys=0.00, real=0.07 secs] 
108.602: Total time for which application threads were stopped: 0.0752370 seconds, Stopping threads took: 0.0001380 seconds
108.626: Application time: 0.0244180 seconds
108.627: [Full GC [PSYoungGen: 138240K->33855K(161280K)] [ParOldGen: 367892K->367892K(368128K)] 506132K->401748K(529408K) [PSPermGen: 13627K->13627K(21504K)], 0.0744590 secs] [Times: user=0.52 sys=0.00, real=0.07 secs] 
108.701: Total time for which application threads were stopped: 0.0750790 seconds, Stopping threads took: 0.0000670 seconds
108.725: Application time: 0.0242310 seconds
108.726: [Full GC [PSYoungGen: 138240K->33870K(161280K)] [ParOldGen: 367892K->367892K(368128K)] 506132K->401762K(529408K) [PSPermGen: 13627K->13627K(21504K)], 0.0739580 secs] [Times: user=0.52 sys=0.01, real=0.07 secs] 
108.800: Total time for which application threads were stopped: 0.0745920 seconds, Stopping threads took: 0.0000610 seconds
108.825: Application time: 0.0250280 seconds
108.826: [Full GC [PSYoungGen: 138240K->33887K(161280K)] [ParOldGen: 367892K->367892K(368128K)] 506132K->401779K(529408K) [PSPermGen: 13627K->13627K(21504K)], 0.0747790 secs] [Times: user=0.53 sys=0.00, real=0.07 secs] 
108.901: Total time for which application threads were stopped: 0.0754990 seconds, Stopping threads took: 0.0000590 seconds
108.925: Application time: 0.0247770 seconds
108.926: [Full GC [PSYoungGen: 138240K->33902K(161280K)] [ParOldGen: 367892K->367892K(368128K)] 506132K->401794K(529408K) [PSPermGen: 13627K->13627K(21504K)], 0.0758050 secs] [Times: user=0.52 sys=0.00, real=0.07 secs] 
109.002: Total time for which application threads were stopped: 0.0764630 seconds, Stopping threads took: 0.0000570 seconds
109.027: Application time: 0.0246700 seconds
109.027: [Full GC [PSYoungGen: 138240K->33915K(161280K)] [ParOldGen: 367892K->367892K(368128K)] 506132K->401808K(529408K) [PSPermGen: 13627K->13627K(21504K)], 0.0736560 secs] [Times: user=0.52 sys=0.00, real=0.07 secs] 
109.101: Total time for which application threads were stopped: 0.0743360 seconds, Stopping threads took: 0.0000430 seconds
109.126: Application time: 0.0248100 seconds
109.126: [Full GC [PSYoungGen: 138240K->33929K(161280K)] [ParOldGen: 367892K->367892K(368128K)] 506132K->401821K(529408K) [PSPermGen: 13627K->13627K(21504K)], 0.0736260 secs] [Times: user=0.51 sys=0.00, real=0.07 secs] 
109.200: Total time for which application threads were stopped: 0.0744080 seconds, Stopping threads took: 0.0000580 seconds
109.225: Application time: 0.0246680 seconds
109.225: [Full GC [PSYoungGen: 138240K->33945K(161280K)] [ParOldGen: 367892K->367892K(368128K)] 506132K->401838K(529408K) [PSPermGen: 13627K->13627K(21504K)], 0.0755690 secs] [Times: user=0.53 sys=0.00, real=0.08 secs] 
109.301: Total time for which application threads were stopped: 0.0761800 seconds, Stopping threads took: 0.0000550 seconds
109.325: Application time: 0.0245130 seconds
109.326: [Full GC [PSYoungGen: 138240K->33963K(161280K)] [ParOldGen: 367892K->367892K(368128K)] 506132K->401855K(529408K) [PSPermGen: 13627K->13627K(21504K)], 0.0745870 secs] [Times: user=0.53 sys=0.00, real=0.07 secs] 
109.401: Total time for which application threads were stopped: 0.0752980 seconds, Stopping threads took: 0.0000590 seconds
109.426: Application time: 0.0251500 seconds
109.427: [Full GC [PSYoungGen: 138240K->33867K(161280K)] [ParOldGen: 367892K->367892K(368128K)] 506132K->401759K(529408K) [PSPermGen: 13628K->13628K(21504K)], 0.0739720 secs] [Times: user=0.52 sys=0.00, real=0.07 secs] 
109.501: Total time for which application threads were stopped: 0.0746630 seconds, Stopping threads took: 0.0000490 seconds
109.525: Application time: 0.0244160 seconds
109.526: [Full GC [PSYoungGen: 138240K->33849K(161280K)] [ParOldGen: 367892K->367892K(368128K)] 506132K->401742K(529408K) [PSPermGen: 13628K->13628K(21504K)], 0.0745350 secs] [Times: user=0.53 sys=0.00, real=0.07 secs] 
109.600: Total time for which application threads were stopped: 0.0752640 seconds, Stopping threads took: 0.0000550 seconds
109.625: Application time: 0.0245330 seconds
109.625: [Full GC [PSYoungGen: 138240K->33866K(161280K)] [ParOldGen: 367892K->367892K(368128K)] 506132K->401758K(529408K) [PSPermGen: 13628K->13628K(21504K)], 0.0737340 secs] [Times: user=0.52 sys=0.00, real=0.08 secs] 
109.699: Total time for which application threads were stopped: 0.0744370 seconds, Stopping threads took: 0.0000620 seconds
109.724: Application time: 0.0244740 seconds
109.724: [Full GC [PSYoungGen: 138240K->33875K(161280K)] [ParOldGen: 367892K->367892K(368128K)] 506132K->401768K(529408K) [PSPermGen: 13628K->13628K(21504K)], 0.0745560 secs] [Times: user=0.53 sys=0.00, real=0.08 secs] 
109.799: Total time for which application threads were stopped: 0.0751700 seconds, Stopping threads took: 0.0000610 seconds
109.823: Application time: 0.0246070 seconds
109.824: [Full GC [PSYoungGen: 138240K->33895K(161280K)] [ParOldGen: 367892K->367892K(368128K)] 506132K->401788K(529408K) [PSPermGen: 13628K->13628K(21504K)], 0.0743730 secs] [Times: user=0.53 sys=0.00, real=0.08 secs] 
109.899: Total time for which application threads were stopped: 0.0750830 seconds, Stopping threads took: 0.0000690 seconds
109.923: Application time: 0.0242500 seconds
109.923: [Full GC [PSYoungGen: 138240K->33908K(161280K)] [ParOldGen: 367892K->367892K(368128K)] 506132K->401800K(529408K) [PSPermGen: 13628K->13628K(21504K)], 0.0746850 secs] [Times: user=0.52 sys=0.00, real=0.08 secs] 
109.998: Total time for which application threads were stopped: 0.0753090 seconds, Stopping threads took: 0.0000520 seconds
110.023: Application time: 0.0253140 seconds
110.024: [Full GC [PSYoungGen: 138240K->33925K(161280K)] [ParOldGen: 367892K->367892K(368128K)] 506132K->401817K(529408K) [PSPermGen: 13628K->13628K(21504K)], 0.0746740 secs] [Times: user=0.51 sys=0.00, real=0.08 secs] 
110.099: Total time for which application threads were stopped: 0.0753330 seconds, Stopping threads took: 0.0000720 seconds
110.124: Application time: 0.0248590 seconds
110.124: [Full GC [PSYoungGen: 138240K->33940K(161280K)] [ParOldGen: 367892K->367892K(368128K)] 506132K->401832K(529408K) [PSPermGen: 13628K->13628K(21504K)], 0.0741110 secs] [Times: user=0.52 sys=0.00, real=0.08 secs] 
110.199: Total time for which application threads were stopped: 0.0749970 seconds, Stopping threads took: 0.0000920 seconds
110.223: Application time: 0.0247140 seconds
110.224: [Full GC [PSYoungGen: 138240K->33954K(161280K)] [ParOldGen: 367892K->367892K(368128K)] 506132K->401847K(529408K) [PSPermGen: 13628K->13628K(21504K)], 0.0745030 secs] [Times: user=0.53 sys=0.00, real=0.08 secs] 
110.298: Total time for which application threads were stopped: 0.0750900 seconds, Stopping threads took: 0.0000390 seconds
110.323: Application time: 0.0245840 seconds
110.324: [Full GC [PSYoungGen: 138240K->33970K(161280K)] [ParOldGen: 367892K->367892K(368128K)] 506132K->401862K(529408K) [PSPermGen: 13628K->13628K(21504K)], 0.0740530 secs] [Times: user=0.52 sys=0.01, real=0.08 secs] 
110.398: Total time for which application threads were stopped: 0.0747910 seconds, Stopping threads took: 0.0001040 seconds
110.422: Application time: 0.0245780 seconds
110.423: [Full GC [PSYoungGen: 138240K->33984K(161280K)] [ParOldGen: 367892K->367892K(368128K)] 506132K->401877K(529408K) [PSPermGen: 13628K->13628K(21504K)], 0.0740160 secs] [Times: user=0.53 sys=0.00, real=0.08 secs] 
110.497: Total time for which application threads were stopped: 0.0747810 seconds, Stopping threads took: 0.0001280 seconds
110.522: Application time: 0.0245300 seconds
110.522: [Full GC [PSYoungGen: 138240K->33998K(161280K)] [ParOldGen: 367892K->367892K(368128K)] 506132K->401891K(529408K) [PSPermGen: 13628K->13628K(21504K)], 0.0757530 secs] [Times: user=0.54 sys=0.00, real=0.08 secs] 
110.598: Total time for which application threads were stopped: 0.0763910 seconds, Stopping threads took: 0.0000690 seconds
110.623: Application time: 0.0249100 seconds
110.624: [Full GC [PSYoungGen: 138240K->34013K(161280K)] [ParOldGen: 367892K->367892K(368128K)] 506132K->401905K(529408K) [PSPermGen: 13628K->13628K(21504K)], 0.0738760 secs] [Times: user=0.51 sys=0.00, real=0.08 secs] 
110.698: Total time for which application threads were stopped: 0.0745230 seconds, Stopping threads took: 0.0000550 seconds
110.722: Application time: 0.0247220 seconds
110.723: [Full GC [PSYoungGen: 138240K->34028K(161280K)] [ParOldGen: 367892K->367892K(368128K)] 506132K->401920K(529408K) [PSPermGen: 13628K->13628K(21504K)], 0.0745230 secs] [Times: user=0.53 sys=0.00, real=0.08 secs] 
110.797: Total time for which application threads were stopped: 0.0751840 seconds, Stopping threads took: 0.0000620 seconds
110.822: Application time: 0.0246900 seconds
110.823: [Full GC [PSYoungGen: 138240K->34043K(161280K)] [ParOldGen: 367892K->367892K(368128K)] 506132K->401935K(529408K) [PSPermGen: 13628K->13628K(21504K)], 0.0751340 secs] [Times: user=0.53 sys=0.00, real=0.08 secs] 
110.898: Total time for which application threads were stopped: 0.0757450 seconds, Stopping threads took: 0.0000630 seconds
110.922: Application time: 0.0245030 seconds
110.923: [Full GC [PSYoungGen: 138240K->34058K(161280K)] [ParOldGen: 367892K->367892K(368128K)] 506132K->401951K(529408K) [PSPermGen: 13628K->13628K(21504K)], 0.0742680 secs] [Times: user=0.52 sys=0.00, real=0.08 secs] 
110.997: Total time for which application threads were stopped: 0.0749970 seconds, Stopping threads took: 0.0000950 seconds
111.022: Application time: 0.0246380 seconds
111.023: [Full GC [PSYoungGen: 138240K->34073K(161280K)] [ParOldGen: 367892K->367892K(368128K)] 506132K->401965K(529408K) [PSPermGen: 13628K->13628K(21504K)], 0.0746670 secs] [Times: user=0.53 sys=0.00, real=0.08 secs] 
111.097: Total time for which application threads were stopped: 0.0753410 seconds, Stopping threads took: 0.0000550 seconds
111.122: Application time: 0.0249780 seconds
111.123: [Full GC [PSYoungGen: 138240K->34088K(161280K)] [ParOldGen: 367892K->367892K(368128K)] 506132K->401981K(529408K) [PSPermGen: 13628K->13628K(21504K)], 0.0746270 secs] [Times: user=0.52 sys=0.00, real=0.08 secs] 
111.198: Total time for which application threads were stopped: 0.0754980 seconds, Stopping threads took: 0.0000700 seconds
111.222: Application time: 0.0244020 seconds
111.223: [Full GC [PSYoungGen: 138240K->34101K(161280K)] [ParOldGen: 367892K->367892K(368128K)] 506132K->401994K(529408K) [PSPermGen: 13628K->13628K(21504K)], 0.0747820 secs] [Times: user=0.52 sys=0.00, real=0.08 secs] 
111.298: Total time for which application threads were stopped: 0.0753930 seconds, Stopping threads took: 0.0000610 seconds
111.322: Application time: 0.0243810 seconds
111.323: [Full GC [PSYoungGen: 138240K->34118K(161280K)] [ParOldGen: 367892K->367892K(368128K)] 506132K->402010K(529408K) [PSPermGen: 13628K->13628K(21504K)], 0.0742300 secs] [Times: user=0.52 sys=0.00, real=0.08 secs] 
111.397: Total time for which application threads were stopped: 0.0749380 seconds, Stopping threads took: 0.0000590 seconds
111.421: Application time: 0.0243840 seconds
111.422: [Full GC [PSYoungGen: 138240K->34134K(161280K)] [ParOldGen: 367892K->367892K(368128K)] 506132K->402027K(529408K) [PSPermGen: 13628K->13628K(21504K)], 0.0744610 secs] [Times: user=0.52 sys=0.00, real=0.08 secs] 
111.496: Total time for which application threads were stopped: 0.0750750 seconds, Stopping threads took: 0.0000590 seconds
111.522: Application time: 0.0256080 seconds
111.523: [Full GC [PSYoungGen: 138240K->33995K(161280K)] [ParOldGen: 367892K->367892K(368128K)] 506132K->401888K(529408K) [PSPermGen: 13628K->13628K(21504K)], 0.0757240 secs] [Times: user=0.53 sys=0.00, real=0.08 secs] 
111.598: Total time for which application threads were stopped: 0.0763500 seconds, Stopping threads took: 0.0000920 seconds
111.623: Application time: 0.0249420 seconds
111.624: [Full GC [PSYoungGen: 138240K->34021K(161280K)] [ParOldGen: 367892K->367892K(368128K)] 506132K->401913K(529408K) [PSPermGen: 13628K->13628K(21504K)], 0.0746320 secs] [Times: user=0.52 sys=0.00, real=0.08 secs] 
111.699: Total time for which application threads were stopped: 0.0752680 seconds, Stopping threads took: 0.0000800 seconds
111.723: Application time: 0.0246670 seconds
111.724: [Full GC [PSYoungGen: 138240K->34037K(161280K)] [ParOldGen: 367892K->367892K(368128K)] 506132K->401929K(529408K) [PSPermGen: 13628K->13628K(21504K)], 0.0736080 secs] [Times: user=0.52 sys=0.00, real=0.08 secs] 
111.798: Total time for which application threads were stopped: 0.0742920 seconds, Stopping threads took: 0.0000540 seconds
111.822: Application time: 0.0243060 seconds
111.823: [Full GC [PSYoungGen: 138240K->34054K(161280K)] [ParOldGen: 367892K->367892K(368128K)] 506132K->401946K(529408K) [PSPermGen: 13628K->13628K(21504K)], 0.0751210 secs] [Times: user=0.52 sys=0.00, real=0.08 secs] 
111.898: Total time for which application threads were stopped: 0.0757450 seconds, Stopping threads took: 0.0000750 seconds
111.923: Application time: 0.0257310 seconds
111.924: [Full GC [PSYoungGen: 138240K->33951K(161280K)] [ParOldGen: 367892K->367892K(368128K)] 506132K->401844K(529408K) [PSPermGen: 13628K->13628K(21504K)], 0.0763180 secs] [Times: user=0.54 sys=0.00, real=0.08 secs] 
112.000: Total time for which application threads were stopped: 0.0770650 seconds, Stopping threads took: 0.0000840 seconds
112.025: Application time: 0.0245020 seconds
112.026: [Full GC [PSYoungGen: 138240K->33936K(161280K)] [ParOldGen: 367892K->367892K(368128K)] 506132K->401829K(529408K) [PSPermGen: 13628K->13628K(21504K)], 0.0742140 secs] [Times: user=0.52 sys=0.00, real=0.07 secs] 
112.100: Total time for which application threads were stopped: 0.0748550 seconds, Stopping threads took: 0.0000640 seconds
112.129: Application time: 0.0287930 seconds
112.129: [Full GC [PSYoungGen: 138240K->33887K(161280K)] [ParOldGen: 367892K->367892K(368128K)] 506132K->401779K(529408K) [PSPermGen: 13628K->13628K(21504K)], 0.0741220 secs] [Times: user=0.52 sys=0.00, real=0.07 secs] 
112.203: Total time for which application threads were stopped: 0.0748080 seconds, Stopping threads took: 0.0000930 seconds
112.228: Application time: 0.0243830 seconds
112.229: [Full GC [PSYoungGen: 138240K->33900K(161280K)] [ParOldGen: 367892K->367892K(368128K)] 506132K->401792K(529408K) [PSPermGen: 13628K->13628K(21504K)], 0.0740480 secs] [Times: user=0.52 sys=0.00, real=0.07 secs] 
112.303: Total time for which application threads were stopped: 0.0747680 seconds, Stopping threads took: 0.0000850 seconds
112.327: Application time: 0.0242780 seconds
112.327: [Full GC [PSYoungGen: 138240K->33916K(161280K)] [ParOldGen: 367892K->367892K(368128K)] 506132K->401808K(529408K) [PSPermGen: 13628K->13628K(21504K)], 0.0742400 secs] [Times: user=0.53 sys=0.00, real=0.07 secs] 
112.402: Total time for which application threads were stopped: 0.0748540 seconds, Stopping threads took: 0.0000590 seconds
112.426: Application time: 0.0245780 seconds
112.427: [Full GC [PSYoungGen: 138240K->33931K(161280K)] [ParOldGen: 367892K->367892K(368128K)] 506132K->401824K(529408K) [PSPermGen: 13628K->13628K(21504K)], 0.0736510 secs] [Times: user=0.52 sys=0.00, real=0.07 secs] 
112.501: Total time for which application threads were stopped: 0.0743450 seconds, Stopping threads took: 0.0000430 seconds
112.525: Application time: 0.0247060 seconds
112.526: [Full GC [PSYoungGen: 138240K->33892K(161280K)] [ParOldGen: 367892K->367892K(368128K)] 506132K->401785K(529408K) [PSPermGen: 13628K->13628K(21504K)], 0.0746470 secs] [Times: user=0.53 sys=0.00, real=0.07 secs] 
112.601: Total time for which application threads were stopped: 0.0752770 seconds, Stopping threads took: 0.0000710 seconds
112.625: Application time: 0.0243760 seconds
112.626: [Full GC [PSYoungGen: 138240K->33890K(161280K)] [ParOldGen: 367892K->367892K(368128K)] 506132K->401782K(529408K) [PSPermGen: 13628K->13628K(21504K)], 0.0742060 secs] [Times: user=0.52 sys=0.00, real=0.07 secs] 
112.700: Total time for which application threads were stopped: 0.0749380 seconds, Stopping threads took: 0.0000720 seconds
112.724: Application time: 0.0240140 seconds
112.725: [Full GC [PSYoungGen: 138240K->33904K(161280K)] [ParOldGen: 367892K->367892K(368128K)] 506132K->401796K(529408K) [PSPermGen: 13628K->13628K(21504K)], 0.0741940 secs] [Times: user=0.52 sys=0.00, real=0.08 secs] 
112.799: Total time for which application threads were stopped: 0.0748380 seconds, Stopping threads took: 0.0000720 seconds
112.823: Application time: 0.0241790 seconds
112.824: [Full GC [PSYoungGen: 138240K->33920K(161280K)] [ParOldGen: 367892K->367892K(368128K)] 506132K->401813K(529408K) [PSPermGen: 13628K->13628K(21504K)], 0.0742250 secs] [Times: user=0.53 sys=0.00, real=0.08 secs] 
112.898: Total time for which application threads were stopped: 0.0749240 seconds, Stopping threads took: 0.0000690 seconds
112.922: Application time: 0.0243590 seconds
112.923: [Full GC [PSYoungGen: 138240K->33934K(161280K)] [ParOldGen: 367892K->367892K(368128K)] 506132K->401826K(529408K) [PSPermGen: 13628K->13628K(21504K)], 0.0744830 secs] [Times: user=0.52 sys=0.00, real=0.08 secs] 
112.997: Total time for which application threads were stopped: 0.0750990 seconds, Stopping threads took: 0.0000580 seconds
113.022: Application time: 0.0249820 seconds
113.023: [Full GC [PSYoungGen: 138240K->33842K(161280K)] [ParOldGen: 367892K->367892K(368128K)] 506132K->401734K(529408K) [PSPermGen: 13628K->13628K(21504K)], 0.0761630 secs] [Times: user=0.52 sys=0.00, real=0.08 secs] 
113.099: Total time for which application threads were stopped: 0.0768120 seconds, Stopping threads took: 0.0000650 seconds
113.124: Application time: 0.0248640 seconds
113.125: [Full GC [PSYoungGen: 138240K->33823K(161280K)] [ParOldGen: 367892K->367892K(368128K)] 506132K->401715K(529408K) [PSPermGen: 13628K->13628K(21504K)], 0.0743410 secs] [Times: user=0.52 sys=0.00, real=0.08 secs] 
113.199: Total time for which application threads were stopped: 0.0751050 seconds, Stopping threads took: 0.0000960 seconds
113.223: Application time: 0.0242950 seconds
113.224: [Full GC [PSYoungGen: 138240K->33839K(161280K)] [ParOldGen: 367892K->367892K(368128K)] 506132K->401731K(529408K) [PSPermGen: 13628K->13628K(21504K)], 0.0745970 secs] [Times: user=0.53 sys=0.00, real=0.08 secs] 
113.299: Total time for which application threads were stopped: 0.0751980 seconds, Stopping threads took: 0.0000460 seconds
113.323: Application time: 0.0243410 seconds
113.324: [Full GC [PSYoungGen: 138240K->33856K(161280K)] [ParOldGen: 367892K->367892K(368128K)] 506132K->401748K(529408K) [PSPermGen: 13628K->13628K(21504K)], 0.0741830 secs] [Times: user=0.52 sys=0.00, real=0.08 secs] 
113.398: Total time for which application threads were stopped: 0.0747880 seconds, Stopping threads took: 0.0000490 seconds
113.422: Application time: 0.0243070 seconds
113.423: [Full GC [PSYoungGen: 138240K->33868K(161280K)] [ParOldGen: 367892K->367892K(368128K)] 506132K->401761K(529408K) [PSPermGen: 13628K->13628K(21504K)], 0.0739230 secs] [Times: user=0.52 sys=0.00, real=0.08 secs] 
113.497: Total time for which application threads were stopped: 0.0745450 seconds, Stopping threads took: 0.0000480 seconds
113.521: Application time: 0.0242450 seconds
113.522: [Full GC [PSYoungGen: 138240K->33884K(161280K)] [ParOldGen: 367892K->367892K(368128K)] 506132K->401776K(529408K) [PSPermGen: 13628K->13628K(21504K)], 0.0739870 secs] [Times: user=0.51 sys=0.01, real=0.08 secs] 
113.596: Total time for which application threads were stopped: 0.0746190 seconds, Stopping threads took: 0.0000590 seconds
113.620: Application time: 0.0240730 seconds
113.620: [Full GC [PSYoungGen: 138240K->33895K(161280K)] [ParOldGen: 367892K->367892K(368128K)] 506132K->401788K(529408K) [PSPermGen: 13628K->13628K(21504K)], 0.0746490 secs] [Times: user=0.53 sys=0.00, real=0.08 secs] 
113.695: Total time for which application threads were stopped: 0.0753700 seconds, Stopping threads took: 0.0000520 seconds
113.719: Application time: 0.0240040 seconds
113.720: [Full GC [PSYoungGen: 138240K->33912K(161280K)] [ParOldGen: 367892K->367892K(368128K)] 506132K->401805K(529408K) [PSPermGen: 13628K->13628K(21504K)], 0.0744230 secs] [Times: user=0.52 sys=0.00, real=0.08 secs] 
113.794: Total time for which application threads were stopped: 0.0751350 seconds, Stopping threads took: 0.0000560 seconds
113.818: Application time: 0.0242120 seconds
113.819: [Full GC [PSYoungGen: 138240K->33929K(161280K)] [ParOldGen: 367892K->367892K(368128K)] 506132K->401821K(529408K) [PSPermGen: 13628K->13628K(21504K)], 0.0738460 secs] [Times: user=0.52 sys=0.00, real=0.07 secs] 
113.893: Total time for which application threads were stopped: 0.0745420 seconds, Stopping threads took: 0.0000420 seconds
113.917: Application time: 0.0242550 seconds
113.918: [Full GC [PSYoungGen: 138240K->33945K(161280K)] [ParOldGen: 367892K->367892K(368128K)] 506132K->401837K(529408K) [PSPermGen: 13628K->13628K(21504K)], 0.0743390 secs] [Times: user=0.53 sys=0.00, real=0.07 secs] 
113.992: Total time for which application threads were stopped: 0.0750610 seconds, Stopping threads took: 0.0000610 seconds
114.016: Application time: 0.0242440 seconds
114.017: [Full GC [PSYoungGen: 138240K->33958K(161280K)] [ParOldGen: 367892K->367892K(368128K)] 506132K->401850K(529408K) [PSPermGen: 13628K->13628K(21504K)], 0.0745900 secs] [Times: user=0.53 sys=0.00, real=0.07 secs] 
114.092: Total time for which application threads were stopped: 0.0753010 seconds, Stopping threads took: 0.0000690 seconds
114.116: Application time: 0.0243590 seconds
114.117: [Full GC [PSYoungGen: 138240K->33974K(161280K)] [ParOldGen: 367892K->367892K(368128K)] 506132K->401866K(529408K) [PSPermGen: 13628K->13628K(21504K)], 0.0739740 secs] [Times: user=0.52 sys=0.00, real=0.07 secs] 
114.191: Total time for which application threads were stopped: 0.0746680 seconds, Stopping threads took: 0.0000500 seconds
114.215: Application time: 0.0244460 seconds
114.216: [Full GC [PSYoungGen: 138240K->33989K(161280K)] [ParOldGen: 367892K->367892K(368128K)] 506132K->401881K(529408K) [PSPermGen: 13628K->13628K(21504K)], 0.0750870 secs] [Times: user=0.52 sys=0.00, real=0.07 secs] 
114.291: Total time for which application threads were stopped: 0.0757010 seconds, Stopping threads took: 0.0000430 seconds
114.315: Application time: 0.0242620 seconds
114.316: [Full GC [PSYoungGen: 138240K->34003K(161280K)] [ParOldGen: 367892K->367892K(368128K)] 506132K->401895K(529408K) [PSPermGen: 13628K->13628K(21504K)], 0.0745960 secs] [Times: user=0.53 sys=0.00, real=0.07 secs] 
114.390: Total time for which application threads were stopped: 0.0752020 seconds, Stopping threads took: 0.0000560 seconds
114.415: Application time: 0.0244240 seconds
114.415: [Full GC [PSYoungGen: 138240K->34016K(161280K)] [ParOldGen: 367892K->367892K(368128K)] 506132K->401909K(529408K) [PSPermGen: 13628K->13628K(21504K)], 0.0743740 secs] [Times: user=0.53 sys=0.00, real=0.07 secs] 
114.490: Total time for which application threads were stopped: 0.0750380 seconds, Stopping threads took: 0.0000490 seconds
114.514: Application time: 0.0243520 seconds
114.515: [Full GC [PSYoungGen: 138240K->34032K(161280K)] [ParOldGen: 367892K->367892K(368128K)] 506132K->401924K(529408K) [PSPermGen: 13628K->13628K(21504K)], 0.0768910 secs] [Times: user=0.54 sys=0.00, real=0.07 secs] 
114.592: Total time for which application threads were stopped: 0.0775720 seconds, Stopping threads took: 0.0000450 seconds
114.616: Application time: 0.0244810 seconds
114.617: [Full GC [PSYoungGen: 138240K->34045K(161280K)] [ParOldGen: 367892K->367892K(368128K)] 506132K->401938K(529408K) [PSPermGen: 13628K->13628K(21504K)], 0.0741610 secs] [Times: user=0.52 sys=0.00, real=0.07 secs] 
114.691: Total time for which application threads were stopped: 0.0748310 seconds, Stopping threads took: 0.0000420 seconds
114.716: Application time: 0.0243840 seconds
114.716: [Full GC [PSYoungGen: 138240K->34061K(161280K)] [ParOldGen: 367892K->367892K(368128K)] 506132K->401953K(529408K) [PSPermGen: 13628K->13628K(21504K)], 0.0741050 secs] [Times: user=0.52 sys=0.00, real=0.07 secs] 
114.790: Total time for which application threads were stopped: 0.0748070 seconds, Stopping threads took: 0.0000520 seconds
114.815: Application time: 0.0243130 seconds
114.815: [Full GC [PSYoungGen: 138240K->34077K(161280K)] [ParOldGen: 367892K->367892K(368128K)] 506132K->401969K(529408K) [PSPermGen: 13628K->13628K(21504K)], 0.0740410 secs] [Times: user=0.52 sys=0.01, real=0.07 secs] 
114.889: Total time for which application threads were stopped: 0.0747580 seconds, Stopping threads took: 0.0000820 seconds
114.914: Application time: 0.0242070 seconds
114.914: [Full GC [PSYoungGen: 138240K->34091K(161280K)] [ParOldGen: 367892K->367892K(368128K)] 506132K->401984K(529408K) [PSPermGen: 13628K->13628K(21504K)], 0.0748870 secs] [Times: user=0.53 sys=0.00, real=0.07 secs] 
114.989: Total time for which application threads were stopped: 0.0755010 seconds, Stopping threads took: 0.0000550 seconds
115.014: Application time: 0.0244050 seconds
115.014: [Full GC [PSYoungGen: 138240K->34109K(161280K)] [ParOldGen: 367892K->367892K(368128K)] 506132K->402001K(529408K) [PSPermGen: 13628K->13628K(21504K)], 0.0744730 secs] [Times: user=0.53 sys=0.00, real=0.07 secs] 
115.089: Total time for which application threads were stopped: 0.0751600 seconds, Stopping threads took: 0.0000460 seconds
115.113: Application time: 0.0242530 seconds
115.114: [Full GC [PSYoungGen: 138240K->34121K(161280K)] [ParOldGen: 367892K->367892K(368128K)] 506132K->402014K(529408K) [PSPermGen: 13628K->13628K(21504K)], 0.0746880 secs] [Times: user=0.53 sys=0.00, real=0.07 secs] 
115.189: Total time for which application threads were stopped: 0.0759180 seconds, Stopping threads took: 0.0005940 seconds
115.213: Application time: 0.0243820 seconds
115.214: [Full GC [PSYoungGen: 138240K->34139K(161280K)] [ParOldGen: 367892K->367892K(368128K)] 506132K->402031K(529408K) [PSPermGen: 13628K->13628K(21504K)], 0.0745180 secs] [Times: user=0.52 sys=0.00, real=0.07 secs] 
115.289: Total time for which application threads were stopped: 0.0752340 seconds, Stopping threads took: 0.0000660 seconds
115.311: Application time: 0.0220490 seconds
115.311: Total time for which application threads were stopped: 0.0006690 seconds, Stopping threads took: 0.0001070 seconds
115.314: Application time: 0.0028670 seconds
115.315: [Full GC [PSYoungGen: 138240K->34142K(161280K)] [ParOldGen: 367892K->367892K(368128K)] 506132K->402035K(529408K) [PSPermGen: 13628K->13628K(21504K)], 0.0744910 secs] [Times: user=0.52 sys=0.00, real=0.07 secs] 
115.389: Total time for which application threads were stopped: 0.0751650 seconds, Stopping threads took: 0.0000560 seconds
115.414: Application time: 0.0250590 seconds
115.415: [Full GC [PSYoungGen: 138240K->34040K(161280K)] [ParOldGen: 367892K->367892K(368128K)] 506132K->401933K(529408K) [PSPermGen: 13629K->13629K(21504K)], 0.0738570 secs] [Times: user=0.53 sys=0.00, real=0.07 secs] 
115.489: Total time for which application threads were stopped: 0.0746060 seconds, Stopping threads took: 0.0000840 seconds
115.513: Application time: 0.0243660 seconds
115.514: [Full GC [PSYoungGen: 138240K->34043K(161280K)] [ParOldGen: 367892K->367892K(368128K)] 506132K->401935K(529408K) [PSPermGen: 13629K->13629K(21504K)], 0.0744890 secs] [Times: user=0.53 sys=0.00, real=0.07 secs] 
115.589: Total time for which application threads were stopped: 0.0752240 seconds, Stopping threads took: 0.0001030 seconds
115.614: Application time: 0.0255880 seconds
115.615: [Full GC [PSYoungGen: 138240K->33946K(161280K)] [ParOldGen: 367892K->367892K(368128K)] 506132K->401839K(529408K) [PSPermGen: 13629K->13629K(21504K)], 0.0742170 secs] [Times: user=0.52 sys=0.00, real=0.07 secs] 
115.689: Total time for which application threads were stopped: 0.0749290 seconds, Stopping threads took: 0.0000890 seconds
115.714: Application time: 0.0246400 seconds
115.714: [Full GC [PSYoungGen: 138240K->33928K(161280K)] [ParOldGen: 367892K->367892K(368128K)] 506132K->401820K(529408K) [PSPermGen: 13629K->13629K(21504K)], 0.0748430 secs] [Times: user=0.52 sys=0.00, real=0.07 secs] 
115.789: Total time for which application threads were stopped: 0.0755610 seconds, Stopping threads took: 0.0000610 seconds
115.814: Application time: 0.0245630 seconds
115.814: [Full GC [PSYoungGen: 138240K->33947K(161280K)] [ParOldGen: 367892K->367892K(368128K)] 506132K->401839K(529408K) [PSPermGen: 13629K->13629K(21504K)], 0.0746870 secs] [Times: user=0.53 sys=0.00, real=0.07 secs] 
115.889: Total time for which application threads were stopped: 0.0753210 seconds, Stopping threads took: 0.0000790 seconds
115.914: Application time: 0.0246020 seconds
115.914: [Full GC [PSYoungGen: 138240K->33961K(161280K)] [ParOldGen: 367892K->367892K(368128K)] 506132K->401853K(529408K) [PSPermGen: 13629K->13629K(21504K)], 0.0755190 secs] [Times: user=0.53 sys=0.00, real=0.07 secs] 
115.990: Total time for which application threads were stopped: 0.0761310 seconds, Stopping threads took: 0.0000580 seconds
116.014: Application time: 0.0245550 seconds
116.015: [Full GC [PSYoungGen: 138240K->33978K(161280K)] [ParOldGen: 367892K->367892K(368128K)] 506132K->401870K(529408K) [PSPermGen: 13629K->13629K(21504K)], 0.0749060 secs] [Times: user=0.52 sys=0.00, real=0.07 secs] 
116.090: Total time for which application threads were stopped: 0.0755650 seconds, Stopping threads took: 0.0000920 seconds
116.115: Application time: 0.0246680 seconds
116.115: [Full GC [PSYoungGen: 138240K->33990K(161280K)] [ParOldGen: 367892K->367892K(368128K)] 506132K->401882K(529408K) [PSPermGen: 13629K->13629K(21504K)], 0.0749130 secs] [Times: user=0.52 sys=0.00, real=0.07 secs] 
116.190: Total time for which application threads were stopped: 0.0755600 seconds, Stopping threads took: 0.0000680 seconds
116.215: Application time: 0.0247750 seconds
116.216: [Full GC [PSYoungGen: 138240K->33939K(161280K)] [ParOldGen: 367892K->367892K(368128K)] 506132K->401831K(529408K) [PSPermGen: 13629K->13629K(21504K)], 0.0739250 secs] [Times: user=0.53 sys=0.00, real=0.07 secs] 
116.290: Total time for which application threads were stopped: 0.0746340 seconds, Stopping threads took: 0.0000560 seconds
116.314: Application time: 0.0245530 seconds
116.315: [Full GC [PSYoungGen: 138240K->33951K(161280K)] [ParOldGen: 367892K->367892K(368128K)] 506132K->401844K(529408K) [PSPermGen: 13629K->13629K(21504K)], 0.0741000 secs] [Times: user=0.53 sys=0.00, real=0.07 secs] 
116.389: Total time for which application threads were stopped: 0.0748020 seconds, Stopping threads took: 0.0000690 seconds
116.414: Application time: 0.0246720 seconds
116.414: [Full GC [PSYoungGen: 138240K->33910K(161280K)] [ParOldGen: 367892K->367892K(368128K)] 506132K->401803K(529408K) [PSPermGen: 13629K->13629K(21504K)], 0.0741610 secs] [Times: user=0.53 sys=0.00, real=0.07 secs] 
116.489: Total time for which application threads were stopped: 0.0748450 seconds, Stopping threads took: 0.0000500 seconds
116.513: Application time: 0.0243620 seconds
116.513: [Full GC [PSYoungGen: 138240K->33910K(161280K)] [ParOldGen: 367892K->367892K(368128K)] 506132K->401802K(529408K) [PSPermGen: 13629K->13629K(21504K)], 0.0741670 secs] [Times: user=0.51 sys=0.00, real=0.08 secs] 
116.588: Total time for which application threads were stopped: 0.0747970 seconds, Stopping threads took: 0.0000680 seconds
116.613: Application time: 0.0248610 seconds
116.613: [Full GC [PSYoungGen: 138240K->33835K(161280K)] [ParOldGen: 367892K->367892K(368128K)] 506132K->401727K(529408K) [PSPermGen: 13629K->13629K(21504K)], 0.0738570 secs] [Times: user=0.52 sys=0.00, real=0.08 secs] 
116.687: Total time for which application threads were stopped: 0.0745630 seconds, Stopping threads took: 0.0000650 seconds
116.712: Application time: 0.0249850 seconds
116.713: [Full GC [PSYoungGen: 138240K->33814K(161280K)] [ParOldGen: 367892K->367892K(368128K)] 506132K->401707K(529408K) [PSPermGen: 13629K->13629K(21504K)], 0.0739210 secs] [Times: user=0.52 sys=0.00, real=0.08 secs] 
116.787: Total time for which application threads were stopped: 0.0746060 seconds, Stopping threads took: 0.0000560 seconds
116.811: Application time: 0.0244370 seconds
116.812: [Full GC [PSYoungGen: 138240K->33815K(161280K)] [ParOldGen: 367892K->367892K(368128K)] 506132K->401707K(529408K) [PSPermGen: 13629K->13629K(21504K)], 0.0740580 secs] [Times: user=0.52 sys=0.00, real=0.08 secs] 
116.886: Total time for which application threads were stopped: 0.0747600 seconds, Stopping threads took: 0.0000620 seconds
116.911: Application time: 0.0248160 seconds
116.911: [Full GC [PSYoungGen: 138240K->33828K(161280K)] [ParOldGen: 367892K->367892K(368128K)] 506132K->401720K(529408K) [PSPermGen: 13629K->13629K(21504K)], 0.0739240 secs] [Times: user=0.53 sys=0.00, real=0.07 secs] 
116.985: Total time for which application threads were stopped: 0.0746340 seconds, Stopping threads took: 0.0000700 seconds
117.010: Application time: 0.0245740 seconds
117.011: [Full GC [PSYoungGen: 138240K->33843K(161280K)] [ParOldGen: 367892K->367892K(368128K)] 506132K->401736K(529408K) [PSPermGen: 13629K->13629K(21504K)], 0.0738510 secs] [Times: user=0.52 sys=0.00, real=0.07 secs] 
117.085: Total time for which application threads were stopped: 0.0745560 seconds, Stopping threads took: 0.0000590 seconds
117.109: Application time: 0.0242840 seconds
117.109: [Full GC [PSYoungGen: 138240K->33857K(161280K)] [ParOldGen: 367892K->367892K(368128K)] 506132K->401749K(529408K) [PSPermGen: 13629K->13629K(21504K)], 0.0746600 secs] [Times: user=0.52 sys=0.00, real=0.07 secs] 
117.184: Total time for which application threads were stopped: 0.0753010 seconds, Stopping threads took: 0.0000650 seconds
117.209: Application time: 0.0247890 seconds
117.210: [Full GC [PSYoungGen: 138240K->33875K(161280K)] [ParOldGen: 367892K->367892K(368128K)] 506132K->401767K(529408K) [PSPermGen: 13629K->13629K(21504K)], 0.0743090 secs] [Times: user=0.52 sys=0.00, real=0.07 secs] 
117.284: Total time for which application threads were stopped: 0.0749710 seconds, Stopping threads took: 0.0000730 seconds
117.308: Application time: 0.0245770 seconds
117.309: [Full GC [PSYoungGen: 138240K->33889K(161280K)] [ParOldGen: 367892K->367892K(368128K)] 506132K->401781K(529408K) [PSPermGen: 13629K->13629K(21504K)], 0.0742480 secs] [Times: user=0.53 sys=0.00, real=0.07 secs] 
117.383: Total time for which application threads were stopped: 0.0749590 seconds, Stopping threads took: 0.0000690 seconds
117.408: Application time: 0.0242910 seconds
117.408: [Full GC [PSYoungGen: 138240K->33904K(161280K)] [ParOldGen: 367892K->367892K(368128K)] 506132K->401796K(529408K) [PSPermGen: 13629K->13629K(21504K)], 0.0742050 secs] [Times: user=0.53 sys=0.00, real=0.07 secs] 
117.483: Total time for which application threads were stopped: 0.0748830 seconds, Stopping threads took: 0.0000610 seconds
117.507: Application time: 0.0244490 seconds
117.508: [Full GC [PSYoungGen: 138240K->33919K(161280K)] [ParOldGen: 367892K->367892K(368128K)] 506132K->401811K(529408K) [PSPermGen: 13629K->13629K(21504K)], 0.0792170 secs] [Times: user=0.55 sys=0.00, real=0.08 secs] 
117.587: Total time for which application threads were stopped: 0.0798240 seconds, Stopping threads took: 0.0000630 seconds
117.611: Application time: 0.0245200 seconds
117.612: [Full GC [PSYoungGen: 138240K->33933K(161280K)] [ParOldGen: 367892K->367892K(368128K)] 506132K->401826K(529408K) [PSPermGen: 13629K->13629K(21504K)], 0.0736440 secs] [Times: user=0.52 sys=0.00, real=0.08 secs] 
117.686: Total time for which application threads were stopped: 0.0743780 seconds, Stopping threads took: 0.0001070 seconds
117.710: Application time: 0.0243640 seconds
117.711: [Full GC [PSYoungGen: 138240K->33948K(161280K)] [ParOldGen: 367892K->367892K(368128K)] 506132K->401841K(529408K) [PSPermGen: 13629K->13629K(21504K)], 0.0742900 secs] [Times: user=0.53 sys=0.00, real=0.07 secs] 
117.785: Total time for which application threads were stopped: 0.0749290 seconds, Stopping threads took: 0.0000600 seconds
117.810: Application time: 0.0245060 seconds
117.810: [Full GC [PSYoungGen: 138240K->33964K(161280K)] [ParOldGen: 367892K->367892K(368128K)] 506132K->401856K(529408K) [PSPermGen: 13629K->13629K(21504K)], 0.0741510 secs] [Times: user=0.53 sys=0.00, real=0.07 secs] 
117.884: Total time for which application threads were stopped: 0.0747720 seconds, Stopping threads took: 0.0000570 seconds
117.909: Application time: 0.0245550 seconds
117.910: [Full GC [PSYoungGen: 138240K->33974K(161280K)] [ParOldGen: 367892K->367892K(368128K)] 506132K->401866K(529408K) [PSPermGen: 13629K->13629K(21504K)], 0.0747590 secs] [Times: user=0.53 sys=0.00, real=0.07 secs] 
117.984: Total time for which application threads were stopped: 0.0754950 seconds, Stopping threads took: 0.0000960 seconds
118.009: Application time: 0.0243490 seconds
118.009: [Full GC [PSYoungGen: 138240K->33992K(161280K)] [ParOldGen: 367892K->367892K(368128K)] 506132K->401885K(529408K) [PSPermGen: 13629K->13629K(21504K)], 0.0746200 secs] [Times: user=0.52 sys=0.00, real=0.07 secs] 
118.084: Total time for which application threads were stopped: 0.0753050 seconds, Stopping threads took: 0.0000510 seconds
118.109: Application time: 0.0244210 seconds
118.109: [Full GC [PSYoungGen: 138240K->34004K(161280K)] [ParOldGen: 367892K->367892K(368128K)] 506132K->401896K(529408K) [PSPermGen: 13629K->13629K(21504K)], 0.0760560 secs] [Times: user=0.52 sys=0.00, real=0.07 secs] 
118.185: Total time for which application threads were stopped: 0.0766720 seconds, Stopping threads took: 0.0000500 seconds
118.210: Application time: 0.0245650 seconds
118.210: [Full GC [PSYoungGen: 138240K->34022K(161280K)] [ParOldGen: 367892K->367892K(368128K)] 506132K->401915K(529408K) [PSPermGen: 13629K->13629K(21504K)], 0.0756920 secs] [Times: user=0.53 sys=0.00, real=0.08 secs] 
118.286: Total time for which application threads were stopped: 0.0763080 seconds, Stopping threads took: 0.0000470 seconds
118.312: Application time: 0.0258380 seconds
118.313: [Full GC [PSYoungGen: 138240K->34035K(161280K)] [ParOldGen: 367892K->367892K(368128K)] 506132K->401927K(529408K) [PSPermGen: 13629K->13629K(21504K)], 0.0741660 secs] [Times: user=0.52 sys=0.00, real=0.08 secs] 
118.387: Total time for which application threads were stopped: 0.0748780 seconds, Stopping threads took: 0.0000620 seconds
118.411: Application time: 0.0247140 seconds
118.412: [Full GC [PSYoungGen: 138240K->34051K(161280K)] [ParOldGen: 367892K->367892K(368128K)] 506132K->401944K(529408K) [PSPermGen: 13629K->13629K(21504K)], 0.0755680 secs] [Times: user=0.53 sys=0.00, real=0.08 secs] 
118.488: Total time for which application threads were stopped: 0.0762030 seconds, Stopping threads took: 0.0000780 seconds
118.512: Application time: 0.0246660 seconds
118.513: [Full GC [PSYoungGen: 138240K->34066K(161280K)] [ParOldGen: 367892K->367892K(368128K)] 506132K->401958K(529408K) [PSPermGen: 13629K->13629K(21504K)], 0.0744560 secs] [Times: user=0.53 sys=0.00, real=0.08 secs] 
118.587: Total time for which application threads were stopped: 0.0750940 seconds, Stopping threads took: 0.0000750 seconds
118.612: Application time: 0.0246490 seconds
118.613: [Full GC [PSYoungGen: 138240K->34082K(161280K)] [ParOldGen: 367892K->367892K(368128K)] 506132K->401974K(529408K) [PSPermGen: 13629K->13629K(21504K)], 0.0741780 secs] [Times: user=0.53 sys=0.00, real=0.08 secs] 
118.687: Total time for which application threads were stopped: 0.0748780 seconds, Stopping threads took: 0.0000680 seconds
118.711: Application time: 0.0244310 seconds
118.712: [Full GC [PSYoungGen: 138240K->34098K(161280K)] [ParOldGen: 367892K->367892K(368128K)] 506132K->401991K(529408K) [PSPermGen: 13629K->13629K(21504K)], 0.0745000 secs] [Times: user=0.53 sys=0.00, real=0.08 secs] 
118.787: Total time for which application threads were stopped: 0.0751920 seconds, Stopping threads took: 0.0000540 seconds
118.811: Application time: 0.0244130 seconds
118.812: [Full GC [PSYoungGen: 138240K->34113K(161280K)] [ParOldGen: 367892K->367892K(368128K)] 506132K->402006K(529408K) [PSPermGen: 13629K->13629K(21504K)], 0.0748070 secs] [Times: user=0.52 sys=0.00, real=0.08 secs] 
118.887: Total time for which application threads were stopped: 0.0755280 seconds, Stopping threads took: 0.0000920 seconds
118.911: Application time: 0.0246590 seconds
118.912: [Full GC [PSYoungGen: 138240K->34129K(161280K)] [ParOldGen: 367892K->367892K(368128K)] 506132K->402021K(529408K) [PSPermGen: 13629K->13629K(21504K)], 0.0740550 secs] [Times: user=0.53 sys=0.00, real=0.08 secs] 
118.986: Total time for which application threads were stopped: 0.0747610 seconds, Stopping threads took: 0.0000520 seconds
119.011: Application time: 0.0246340 seconds
119.011: [Full GC [PSYoungGen: 138240K->34143K(161280K)] [ParOldGen: 367892K->367892K(368128K)] 506132K->402035K(529408K) [PSPermGen: 13629K->13629K(21504K)], 0.0749110 secs] [Times: user=0.52 sys=0.00, real=0.08 secs] 
119.086: Total time for which application threads were stopped: 0.0755520 seconds, Stopping threads took: 0.0000720 seconds
119.112: Application time: 0.0259810 seconds
119.113: [Full GC [PSYoungGen: 138240K->34046K(161280K)] [ParOldGen: 367892K->367892K(368128K)] 506132K->401939K(529408K) [PSPermGen: 13629K->13629K(21504K)], 0.0750810 secs] [Times: user=0.52 sys=0.00, real=0.08 secs] 
119.188: Total time for which application threads were stopped: 0.0758110 seconds, Stopping threads took: 0.0000950 seconds
119.213: Application time: 0.0246340 seconds
119.213: [Full GC [PSYoungGen: 138240K->34030K(161280K)] [ParOldGen: 367892K->367892K(368128K)] 506132K->401923K(529408K) [PSPermGen: 13629K->13629K(21504K)], 0.0746250 secs] [Times: user=0.53 sys=0.00, real=0.08 secs] 
119.288: Total time for which application threads were stopped: 0.0752470 seconds, Stopping threads took: 0.0000670 seconds
119.314: Application time: 0.0259270 seconds
119.314: [Full GC [PSYoungGen: 138240K->33937K(161280K)] [ParOldGen: 367892K->367892K(368128K)] 506132K->401829K(529408K) [PSPermGen: 13629K->13629K(21504K)], 0.0742300 secs] [Times: user=0.52 sys=0.01, real=0.07 secs] 
119.389: Total time for which application threads were stopped: 0.0749600 seconds, Stopping threads took: 0.0000880 seconds
119.413: Application time: 0.0245650 seconds
119.414: [Full GC [PSYoungGen: 138240K->33920K(161280K)] [ParOldGen: 367892K->367892K(368128K)] 506132K->401812K(529408K) [PSPermGen: 13629K->13629K(21504K)], 0.0745630 secs] [Times: user=0.52 sys=0.00, real=0.07 secs] 
119.489: Total time for which application threads were stopped: 0.0752130 seconds, Stopping threads took: 0.0000620 seconds
119.513: Application time: 0.0243610 seconds
119.514: [Full GC [PSYoungGen: 138240K->33935K(161280K)] [ParOldGen: 367892K->367892K(368128K)] 506132K->401827K(529408K) [PSPermGen: 13629K->13629K(21504K)], 0.0739880 secs] [Times: user=0.52 sys=0.00, real=0.07 secs] 
119.588: Total time for which application threads were stopped: 0.0746910 seconds, Stopping threads took: 0.0000620 seconds
119.612: Application time: 0.0243010 seconds
119.613: [Full GC [PSYoungGen: 138240K->33949K(161280K)] [ParOldGen: 367892K->367892K(368128K)] 506132K->401842K(529408K) [PSPermGen: 13629K->13629K(21504K)], 0.0736710 secs] [Times: user=0.52 sys=0.00, real=0.08 secs] 
119.686: Total time for which application threads were stopped: 0.0743570 seconds, Stopping threads took: 0.0000490 seconds
119.711: Application time: 0.0242630 seconds
119.711: [Full GC [PSYoungGen: 138240K->33966K(161280K)] [ParOldGen: 367892K->367892K(368128K)] 506132K->401859K(529408K) [PSPermGen: 13629K->13629K(21504K)], 0.0739660 secs] [Times: user=0.52 sys=0.00, real=0.07 secs] 
119.785: Total time for which application threads were stopped: 0.0746810 seconds, Stopping threads took: 0.0000730 seconds
119.809: Application time: 0.0241960 seconds
119.810: [Full GC [PSYoungGen: 138240K->33982K(161280K)] [ParOldGen: 367892K->367892K(368128K)] 506132K->401874K(529408K) [PSPermGen: 13629K->13629K(21504K)], 0.0745280 secs] [Times: user=0.52 sys=0.01, real=0.07 secs] 
119.885: Total time for which application threads were stopped: 0.0752050 seconds, Stopping threads took: 0.0000450 seconds
119.909: Application time: 0.0245280 seconds
119.910: [Full GC [PSYoungGen: 138240K->33943K(161280K)] [ParOldGen: 367892K->367892K(368128K)] 506132K->401835K(529408K) [PSPermGen: 13629K->13629K(21504K)], 0.0748120 secs] [Times: user=0.53 sys=0.00, real=0.07 secs] 
119.985: Total time for which application threads were stopped: 0.0754440 seconds, Stopping threads took: 0.0000600 seconds
120.009: Application time: 0.0244160 seconds
120.010: [Full GC [PSYoungGen: 138240K->33942K(161280K)] [ParOldGen: 367892K->367892K(368128K)] 506132K->401834K(529408K) [PSPermGen: 13629K->13629K(21504K)], 0.0744300 secs] [Times: user=0.53 sys=0.00, real=0.07 secs] 
120.084: Total time for which application threads were stopped: 0.0751560 seconds, Stopping threads took: 0.0000640 seconds
120.109: Application time: 0.0244280 seconds
120.109: [Full GC [PSYoungGen: 138240K->33955K(161280K)] [ParOldGen: 367892K->367892K(368128K)] 506132K->401847K(529408K) [PSPermGen: 13629K->13629K(21504K)], 0.0738950 secs] [Times: user=0.52 sys=0.00, real=0.07 secs] 
120.183: Total time for which application threads were stopped: 0.0745150 seconds, Stopping threads took: 0.0000640 seconds
120.208: Application time: 0.0247410 seconds
120.208: [Full GC [PSYoungGen: 138240K->33972K(161280K)] [ParOldGen: 367892K->367892K(368128K)] 506132K->401864K(529408K) [PSPermGen: 13629K->13629K(21504K)], 0.0742860 secs] [Times: user=0.52 sys=0.00, real=0.07 secs] 
120.283: Total time for which application threads were stopped: 0.0749310 seconds, Stopping threads took: 0.0000850 seconds
120.307: Application time: 0.0246540 seconds
120.308: [Full GC [PSYoungGen: 138240K->33982K(161280K)] [ParOldGen: 367892K->367892K(368128K)] 506132K->401874K(529408K) [PSPermGen: 13629K->13629K(21504K)], 0.0747220 secs] [Times: user=0.53 sys=0.00, real=0.07 secs] 
120.383: Total time for which application threads were stopped: 0.0754080 seconds, Stopping threads took: 0.0000530 seconds
120.410: Application time: 0.0272680 seconds
120.411: [Full GC [PSYoungGen: 138240K->33821K(161280K)] [ParOldGen: 367892K->367892K(368128K)] 506132K->401713K(529408K) [PSPermGen: 13629K->13629K(21504K)], 0.0745680 secs] [Times: user=0.52 sys=0.00, real=0.07 secs] 
120.485: Total time for which application threads were stopped: 0.0752410 seconds, Stopping threads took: 0.0001100 seconds
120.510: Application time: 0.0243710 seconds
120.510: [Full GC [PSYoungGen: 138240K->33804K(161280K)] [ParOldGen: 367892K->367892K(368128K)] 506132K->401696K(529408K) [PSPermGen: 13629K->13629K(21504K)], 0.0739860 secs] [Times: user=0.52 sys=0.00, real=0.07 secs] 
120.584: Total time for which application threads were stopped: 0.0746740 seconds, Stopping threads took: 0.0000440 seconds
120.610: Application time: 0.0254010 seconds
120.610: [Full GC [PSYoungGen: 138240K->33818K(161280K)] [ParOldGen: 367892K->367892K(368128K)] 506132K->401710K(529408K) [PSPermGen: 13629K->13629K(21504K)], 0.0743800 secs] [Times: user=0.52 sys=0.00, real=0.07 secs] 
120.685: Total time for which application threads were stopped: 0.0750070 seconds, Stopping threads took: 0.0000600 seconds
120.709: Application time: 0.0242860 seconds
120.710: [Full GC [PSYoungGen: 138240K->33832K(161280K)] [ParOldGen: 367892K->367892K(368128K)] 506132K->401725K(529408K) [PSPermGen: 13629K->13629K(21504K)], 0.0740970 secs] [Times: user=0.52 sys=0.00, real=0.07 secs] 
120.784: Total time for which application threads were stopped: 0.0748150 seconds, Stopping threads took: 0.0000570 seconds
120.808: Application time: 0.0243950 seconds
120.809: [Full GC [PSYoungGen: 138240K->33849K(161280K)] [ParOldGen: 367892K->367892K(368128K)] 506132K->401741K(529408K) [PSPermGen: 13629K->13629K(21504K)], 0.0738820 secs] [Times: user=0.53 sys=0.00, real=0.07 secs] 
120.883: Total time for which application threads were stopped: 0.0745110 seconds, Stopping threads took: 0.0000600 seconds
120.907: Application time: 0.0243640 seconds
120.908: [Full GC [PSYoungGen: 138240K->33864K(161280K)] [ParOldGen: 367892K->367892K(368128K)] 506132K->401756K(529408K) [PSPermGen: 13629K->13629K(21504K)], 0.0736450 secs] [Times: user=0.52 sys=0.00, real=0.07 secs] 
120.982: Total time for which application threads were stopped: 0.0743440 seconds, Stopping threads took: 0.0000610 seconds
121.006: Application time: 0.0242450 seconds
121.006: [Full GC [PSYoungGen: 138240K->33876K(161280K)] [ParOldGen: 367892K->367892K(368128K)] 506132K->401768K(529408K) [PSPermGen: 13629K->13629K(21504K)], 0.0752770 secs] [Times: user=0.52 sys=0.00, real=0.07 secs] 
121.082: Total time for which application threads were stopped: 0.0759810 seconds, Stopping threads took: 0.0000740 seconds
121.106: Application time: 0.0243340 seconds
121.107: [Full GC [PSYoungGen: 138240K->33894K(161280K)] [ParOldGen: 367892K->367892K(368128K)] 506132K->401786K(529408K) [PSPermGen: 13629K->13629K(21504K)], 0.0742400 secs] [Times: user=0.52 sys=0.00, real=0.07 secs] 
121.181: Total time for which application threads were stopped: 0.0749640 seconds, Stopping threads took: 0.0000730 seconds
121.205: Application time: 0.0242380 seconds
121.206: [Full GC [PSYoungGen: 138240K->33910K(161280K)] [ParOldGen: 367892K->367892K(368128K)] 506132K->401802K(529408K) [PSPermGen: 13629K->13629K(21504K)], 0.0751710 secs] [Times: user=0.53 sys=0.00, real=0.07 secs] 
121.281: Total time for which application threads were stopped: 0.0758920 seconds, Stopping threads took: 0.0000540 seconds
121.306: Application time: 0.0242730 seconds
121.306: [Full GC [PSYoungGen: 138240K->33921K(161280K)] [ParOldGen: 367892K->367892K(368128K)] 506132K->401814K(529408K) [PSPermGen: 13629K->13629K(21504K)], 0.0733700 secs] [Times: user=0.52 sys=0.00, real=0.07 secs] 
121.380: Total time for which application threads were stopped: 0.0741050 seconds, Stopping threads took: 0.0000850 seconds
121.404: Application time: 0.0241980 seconds
121.405: [Full GC [PSYoungGen: 138240K->33939K(161280K)] [ParOldGen: 367892K->367892K(368128K)] 506132K->401831K(529408K) [PSPermGen: 13629K->13629K(21504K)], 0.0743540 secs] [Times: user=0.52 sys=0.00, real=0.08 secs] 
121.479: Total time for which application threads were stopped: 0.0750640 seconds, Stopping threads took: 0.0001400 seconds
121.503: Application time: 0.0241540 seconds
121.504: [Full GC [PSYoungGen: 138240K->33953K(161280K)] [ParOldGen: 367892K->367892K(368128K)] 506132K->401845K(529408K) [PSPermGen: 13629K->13629K(21504K)], 0.0742020 secs] [Times: user=0.52 sys=0.00, real=0.08 secs] 
121.578: Total time for which application threads were stopped: 0.0749120 seconds, Stopping threads took: 0.0000770 seconds
121.602: Application time: 0.0242400 seconds
121.603: [Full GC [PSYoungGen: 138240K->33968K(161280K)] [ParOldGen: 367892K->367892K(368128K)] 506132K->401860K(529408K) [PSPermGen: 13629K->13629K(21504K)], 0.0773300 secs] [Times: user=0.54 sys=0.00, real=0.08 secs] 
121.680: Total time for which application threads were stopped: 0.0779620 seconds, Stopping threads took: 0.0000730 seconds
121.705: Application time: 0.0244730 seconds
121.705: [Full GC [PSYoungGen: 138240K->33982K(161280K)] [ParOldGen: 367892K->367892K(368128K)] 506132K->401874K(529408K) [PSPermGen: 13629K->13629K(21504K)], 0.0743780 secs] [Times: user=0.52 sys=0.00, real=0.08 secs] 
121.780: Total time for which application threads were stopped: 0.0750200 seconds, Stopping threads took: 0.0000860 seconds
121.804: Application time: 0.0246540 seconds
121.805: [Full GC [PSYoungGen: 138240K->33997K(161280K)] [ParOldGen: 367892K->367892K(368128K)] 506132K->401889K(529408K) [PSPermGen: 13629K->13629K(21504K)], 0.0739050 secs] [Times: user=0.52 sys=0.00, real=0.08 secs] 
121.879: Total time for which application threads were stopped: 0.0746220 seconds, Stopping threads took: 0.0000520 seconds
121.903: Application time: 0.0244150 seconds
121.904: [Full GC [PSYoungGen: 138240K->34010K(161280K)] [ParOldGen: 367892K->367892K(368128K)] 506132K->401903K(529408K) [PSPermGen: 13629K->13629K(21504K)], 0.0739720 secs] [Times: user=0.52 sys=0.00, real=0.08 secs] 
121.978: Total time for which application threads were stopped: 0.0746480 seconds, Stopping threads took: 0.0000470 seconds
122.003: Application time: 0.0245490 seconds
122.003: [Full GC [PSYoungGen: 138240K->34027K(161280K)] [ParOldGen: 367892K->367892K(368128K)] 506132K->401919K(529408K) [PSPermGen: 13629K->13629K(21504K)], 0.0746210 secs] [Times: user=0.53 sys=0.00, real=0.08 secs] 
122.078: Total time for which application threads were stopped: 0.0752410 seconds, Stopping threads took: 0.0000570 seconds
122.102: Application time: 0.0246080 seconds
122.103: [Full GC [PSYoungGen: 138240K->34040K(161280K)] [ParOldGen: 367892K->367892K(368128K)] 506132K->401933K(529408K) [PSPermGen: 13629K->13629K(21504K)], 0.0755940 secs] [Times: user=0.52 sys=0.00, real=0.08 secs] 
122.179: Total time for which application threads were stopped: 0.0763010 seconds, Stopping threads took: 0.0000640 seconds
122.203: Application time: 0.0245370 seconds
122.204: [Full GC [PSYoungGen: 138240K->34056K(161280K)] [ParOldGen: 367892K->367892K(368128K)] 506132K->401948K(529408K) [PSPermGen: 13629K->13629K(21504K)], 0.0743930 secs] [Times: user=0.52 sys=0.00, real=0.08 secs] 
122.278: Total time for which application threads were stopped: 0.0750400 seconds, Stopping threads took: 0.0000900 seconds
122.303: Application time: 0.0246030 seconds
122.304: [Full GC [PSYoungGen: 138240K->34072K(161280K)] [ParOldGen: 367892K->367892K(368128K)] 506132K->401964K(529408K) [PSPermGen: 13629K->13629K(21504K)], 0.0739730 secs] [Times: user=0.51 sys=0.00, real=0.08 secs] 
122.378: Total time for which application threads were stopped: 0.0745920 seconds, Stopping threads took: 0.0000490 seconds
122.402: Application time: 0.0243300 seconds
122.402: [Full GC [PSYoungGen: 138240K->34089K(161280K)] [ParOldGen: 367892K->367892K(368128K)] 506132K->401981K(529408K) [PSPermGen: 13629K->13629K(21504K)], 0.0745370 secs] [Times: user=0.52 sys=0.00, real=0.08 secs] 
122.477: Total time for which application threads were stopped: 0.0751700 seconds, Stopping threads took: 0.0000560 seconds
122.501: Application time: 0.0243170 seconds
122.502: [Full GC [PSYoungGen: 138240K->34103K(161280K)] [ParOldGen: 367892K->367892K(368128K)] 506132K->401996K(529408K) [PSPermGen: 13629K->13629K(21504K)], 0.0772300 secs] [Times: user=0.55 sys=0.00, real=0.08 secs] 
122.579: Total time for which application threads were stopped: 0.0778580 seconds, Stopping threads took: 0.0000590 seconds
122.604: Application time: 0.0243200 seconds
122.604: [Full GC [PSYoungGen: 138240K->34118K(161280K)] [ParOldGen: 367892K->367892K(368128K)] 506132K->402011K(529408K) [PSPermGen: 13629K->13629K(21504K)], 0.0745250 secs] [Times: user=0.53 sys=0.00, real=0.08 secs] 
122.679: Total time for which application threads were stopped: 0.0751390 seconds, Stopping threads took: 0.0000610 seconds
122.703: Application time: 0.0247620 seconds
122.704: [Full GC [PSYoungGen: 138240K->34132K(161280K)] [ParOldGen: 367892K->367892K(368128K)] 506132K->402024K(529408K) [PSPermGen: 13629K->13629K(21504K)], 0.0741560 secs] [Times: user=0.52 sys=0.00, real=0.08 secs] 
122.778: Total time for which application threads were stopped: 0.0748430 seconds, Stopping threads took: 0.0000750 seconds
122.803: Application time: 0.0247660 seconds
122.804: [Full GC [PSYoungGen: 138240K->34147K(161280K)] [ParOldGen: 367892K->367892K(368128K)] 506132K->402040K(529408K) [PSPermGen: 13629K->13629K(21504K)], 0.0745320 secs] [Times: user=0.53 sys=0.00, real=0.08 secs] 
122.878: Total time for which application threads were stopped: 0.0752350 seconds, Stopping threads took: 0.0000890 seconds
122.898: Application time: 0.0201430 seconds
122.899: Total time for which application threads were stopped: 0.0006180 seconds, Stopping threads took: 0.0000620 seconds
122.904: Application time: 0.0050680 seconds
122.905: [Full GC [PSYoungGen: 138240K->34088K(161280K)] [ParOldGen: 367892K->367892K(368128K)] 506132K->401980K(529408K) [PSPermGen: 13629K->13629K(21504K)], 0.0745430 secs] [Times: user=0.52 sys=0.00, real=0.08 secs] 
122.979: Total time for which application threads were stopped: 0.0752130 seconds, Stopping threads took: 0.0000860 seconds
123.005: Application time: 0.0258340 seconds
123.006: [Full GC [PSYoungGen: 138240K->33933K(161280K)] [ParOldGen: 367892K->367892K(368128K)] 506132K->401825K(529408K) [PSPermGen: 13629K->13629K(21504K)], 0.0749800 secs] [Times: user=0.53 sys=0.00, real=0.07 secs] 
123.081: Total time for which application threads were stopped: 0.0756850 seconds, Stopping threads took: 0.0000780 seconds
123.106: Application time: 0.0249200 seconds
123.107: [Full GC [PSYoungGen: 138240K->33909K(161280K)] [ParOldGen: 367892K->367892K(368128K)] 506132K->401801K(529408K) [PSPermGen: 13629K->13629K(21504K)], 0.0745690 secs] [Times: user=0.52 sys=0.00, real=0.07 secs] 
123.181: Total time for which application threads were stopped: 0.0753390 seconds, Stopping threads took: 0.0001230 seconds
123.206: Application time: 0.0247500 seconds
123.207: [Full GC [PSYoungGen: 138240K->33922K(161280K)] [ParOldGen: 367892K->367892K(368128K)] 506132K->401815K(529408K) [PSPermGen: 13629K->13629K(21504K)], 0.0745280 secs] [Times: user=0.53 sys=0.00, real=0.07 secs] 
123.281: Total time for which application threads were stopped: 0.0752490 seconds, Stopping threads took: 0.0000760 seconds
123.306: Application time: 0.0247140 seconds
123.307: [Full GC [PSYoungGen: 138240K->33940K(161280K)] [ParOldGen: 367892K->367892K(368128K)] 506132K->401833K(529408K) [PSPermGen: 13629K->13629K(21504K)], 0.0740760 secs] [Times: user=0.52 sys=0.00, real=0.07 secs] 
123.381: Total time for which application threads were stopped: 0.0747780 seconds, Stopping threads took: 0.0000600 seconds
123.405: Application time: 0.0246600 seconds
123.406: [Full GC [PSYoungGen: 138240K->33955K(161280K)] [ParOldGen: 367892K->367892K(368128K)] 506132K->401848K(529408K) [PSPermGen: 13629K->13629K(21504K)], 0.0741660 secs] [Times: user=0.52 sys=0.01, real=0.07 secs] 
123.480: Total time for which application threads were stopped: 0.0748830 seconds, Stopping threads took: 0.0000500 seconds
123.505: Application time: 0.0245090 seconds
123.505: [Full GC [PSYoungGen: 138240K->33969K(161280K)] [ParOldGen: 367892K->367892K(368128K)] 506132K->401862K(529408K) [PSPermGen: 13629K->13629K(21504K)], 0.0738050 secs] [Times: user=0.52 sys=0.00, real=0.08 secs] 
123.579: Total time for which application threads were stopped: 0.0744960 seconds, Stopping threads took: 0.0000600 seconds
123.604: Application time: 0.0243510 seconds
123.604: [Full GC [PSYoungGen: 138240K->33987K(161280K)] [ParOldGen: 367892K->367892K(368128K)] 506132K->401879K(529408K) [PSPermGen: 13629K->13629K(21504K)], 0.0754440 secs] [Times: user=0.52 sys=0.00, real=0.08 secs] 
123.680: Total time for which application threads were stopped: 0.0761900 seconds, Stopping threads took: 0.0001090 seconds
123.704: Application time: 0.0245470 seconds
123.705: [Full GC [PSYoungGen: 138240K->34001K(161280K)] [ParOldGen: 367892K->367892K(368128K)] 506132K->401894K(529408K) [PSPermGen: 13629K->13629K(21504K)], 0.0743800 secs] [Times: user=0.52 sys=0.00, real=0.08 secs] 
123.779: Total time for which application threads were stopped: 0.0750340 seconds, Stopping threads took: 0.0000990 seconds
123.804: Application time: 0.0248080 seconds
123.805: [Full GC [PSYoungGen: 138240K->34015K(161280K)] [ParOldGen: 367892K->367892K(368128K)] 506132K->401908K(529408K) [PSPermGen: 13629K->13629K(21504K)], 0.0745030 secs] [Times: user=0.53 sys=0.00, real=0.08 secs] 
123.879: Total time for which application threads were stopped: 0.0752190 seconds, Stopping threads took: 0.0000830 seconds
123.904: Application time: 0.0249310 seconds
123.905: [Full GC [PSYoungGen: 138240K->33976K(161280K)] [ParOldGen: 367892K->367892K(368128K)] 506132K->401868K(529408K) [PSPermGen: 13629K->13629K(21504K)], 0.0743940 secs] [Times: user=0.52 sys=0.00, real=0.08 secs] 
123.979: Total time for which application threads were stopped: 0.0750880 seconds, Stopping threads took: 0.0000670 seconds
124.005: Application time: 0.0251660 seconds
124.005: [Full GC [PSYoungGen: 138240K->33866K(161280K)] [ParOldGen: 367892K->367892K(368128K)] 506132K->401758K(529408K) [PSPermGen: 13629K->13629K(21504K)], 0.0750900 secs] [Times: user=0.52 sys=0.00, real=0.08 secs] 
124.080: Total time for which application threads were stopped: 0.0757240 seconds, Stopping threads took: 0.0000930 seconds
124.105: Application time: 0.0246090 seconds
124.106: [Full GC [PSYoungGen: 138240K->33851K(161280K)] [ParOldGen: 367892K->367892K(368128K)] 506132K->401743K(529408K) [PSPermGen: 13629K->13629K(21504K)], 0.0751570 secs] [Times: user=0.52 sys=0.01, real=0.07 secs] 
124.181: Total time for which application threads were stopped: 0.0758230 seconds, Stopping threads took: 0.0000970 seconds
124.207: Application time: 0.0262980 seconds
124.208: [Full GC [PSYoungGen: 138240K->33860K(161280K)] [ParOldGen: 367892K->367892K(368128K)] 506132K->401753K(529408K) [PSPermGen: 13629K->13629K(21504K)], 0.0742250 secs] [Times: user=0.53 sys=0.00, real=0.07 secs] 
124.282: Total time for which application threads were stopped: 0.0749240 seconds, Stopping threads took: 0.0000920 seconds
124.307: Application time: 0.0248570 seconds
124.307: [Full GC [PSYoungGen: 138240K->33810K(161280K)] [ParOldGen: 367892K->367892K(368128K)] 506132K->401702K(529408K) [PSPermGen: 13629K->13629K(21504K)], 0.0754210 secs] [Times: user=0.53 sys=0.00, real=0.07 secs] 
124.383: Total time for which application threads were stopped: 0.0760910 seconds, Stopping threads took: 0.0001190 seconds
124.408: Application time: 0.0248360 seconds
124.409: [Full GC [PSYoungGen: 138240K->33822K(161280K)] [ParOldGen: 367892K->367892K(368128K)] 506132K->401715K(529408K) [PSPermGen: 13629K->13629K(21504K)], 0.0744300 secs] [Times: user=0.53 sys=0.00, real=0.07 secs] 
124.483: Total time for which application threads were stopped: 0.0752570 seconds, Stopping threads took: 0.0001780 seconds
124.508: Application time: 0.0246960 seconds
124.508: [Full GC [PSYoungGen: 138240K->33838K(161280K)] [ParOldGen: 367892K->367892K(368128K)] 506132K->401731K(529408K) [PSPermGen: 13629K->13629K(21504K)], 0.0746630 secs] [Times: user=0.53 sys=0.00, real=0.07 secs] 
124.583: Total time for which application threads were stopped: 0.0753150 seconds, Stopping threads took: 0.0000800 seconds
124.608: Application time: 0.0246310 seconds
124.608: [Full GC [PSYoungGen: 138240K->33852K(161280K)] [ParOldGen: 367892K->367892K(368128K)] 506132K->401744K(529408K) [PSPermGen: 13629K->13629K(21504K)], 0.0757120 secs] [Times: user=0.53 sys=0.01, real=0.07 secs] 
124.684: Total time for which application threads were stopped: 0.0764240 seconds, Stopping threads took: 0.0000690 seconds
124.709: Application time: 0.0246430 seconds
124.709: [Full GC [PSYoungGen: 138240K->33868K(161280K)] [ParOldGen: 367892K->367892K(368128K)] 506132K->401760K(529408K) [PSPermGen: 13629K->13629K(21504K)], 0.0739950 secs] [Times: user=0.53 sys=0.00, real=0.07 secs] 
124.784: Total time for which application threads were stopped: 0.0747320 seconds, Stopping threads took: 0.0000880 seconds
124.808: Application time: 0.0248480 seconds
124.809: [Full GC [PSYoungGen: 138240K->33882K(161280K)] [ParOldGen: 367892K->367892K(368128K)] 506132K->401774K(529408K) [PSPermGen: 13629K->13629K(21504K)], 0.0744560 secs] [Times: user=0.52 sys=0.00, real=0.07 secs] 
124.883: Total time for which application threads were stopped: 0.0751400 seconds, Stopping threads took: 0.0000620 seconds
124.908: Application time: 0.0247290 seconds
124.909: [Full GC [PSYoungGen: 138240K->33897K(161280K)] [ParOldGen: 367892K->367892K(368128K)] 506132K->401789K(529408K) [PSPermGen: 13629K->13629K(21504K)], 0.0742010 secs] [Times: user=0.52 sys=0.00, real=0.07 secs] 
124.983: Total time for which application threads were stopped: 0.0748150 seconds, Stopping threads took: 0.0000550 seconds
125.008: Application time: 0.0245670 seconds
125.008: [Full GC [PSYoungGen: 138240K->33912K(161280K)] [ParOldGen: 367892K->367892K(368128K)] 506132K->401804K(529408K) [PSPermGen: 13629K->13629K(21504K)], 0.0999760 secs] [Times: user=0.69 sys=0.01, real=0.10 secs] 
125.108: Total time for which application threads were stopped: 0.1006690 seconds, Stopping threads took: 0.0000490 seconds
125.134: Application time: 0.0259340 seconds
125.135: [Full GC [PSYoungGen: 138240K->33929K(161280K)] [ParOldGen: 367892K->367892K(368128K)] 506132K->401822K(529408K) [PSPermGen: 13629K->13629K(21504K)], 0.0752010 secs] [Times: user=0.51 sys=0.00, real=0.07 secs] 
125.210: Total time for which application threads were stopped: 0.0759580 seconds, Stopping threads took: 0.0000520 seconds
125.235: Application time: 0.0244920 seconds
125.235: [Full GC [PSYoungGen: 138240K->33941K(161280K)] [ParOldGen: 367892K->367892K(368128K)] 506132K->401834K(529408K) [PSPermGen: 13629K->13629K(21504K)], 0.0738020 secs] [Times: user=0.53 sys=0.00, real=0.07 secs] 
125.309: Total time for which application threads were stopped: 0.0744980 seconds, Stopping threads took: 0.0000540 seconds
125.334: Application time: 0.0244160 seconds
125.334: [Full GC [PSYoungGen: 138240K->33956K(161280K)] [ParOldGen: 367892K->367892K(368128K)] 506132K->401848K(529408K) [PSPermGen: 13629K->13629K(21504K)], 0.0777390 secs] [Times: user=0.55 sys=0.00, real=0.07 secs] 
125.412: Total time for which application threads were stopped: 0.0784480 seconds, Stopping threads took: 0.0000680 seconds
125.436: Application time: 0.0243510 seconds
125.437: [Full GC [PSYoungGen: 138240K->33971K(161280K)] [ParOldGen: 367892K->367892K(368128K)] 506132K->401863K(529408K) [PSPermGen: 13629K->13629K(21504K)], 0.0740660 secs] [Times: user=0.53 sys=0.00, real=0.07 secs] 
125.511: Total time for which application threads were stopped: 0.0747940 seconds, Stopping threads took: 0.0000860 seconds
125.535: Application time: 0.0242860 seconds
125.536: [Full GC [PSYoungGen: 138240K->33986K(161280K)] [ParOldGen: 367892K->367892K(368128K)] 506132K->401879K(529408K) [PSPermGen: 13629K->13629K(21504K)], 0.0737540 secs] [Times: user=0.52 sys=0.00, real=0.07 secs] 
125.610: Total time for which application threads were stopped: 0.0743840 seconds, Stopping threads took: 0.0000640 seconds
125.634: Application time: 0.0243610 seconds
125.635: [Full GC [PSYoungGen: 138240K->34000K(161280K)] [ParOldGen: 367892K->367892K(368128K)] 506132K->401893K(529408K) [PSPermGen: 13629K->13629K(21504K)], 0.0738830 secs] [Times: user=0.52 sys=0.00, real=0.07 secs] 
125.709: Total time for which application threads were stopped: 0.0745720 seconds, Stopping threads took: 0.0000460 seconds
125.733: Application time: 0.0246470 seconds
125.734: [Full GC [PSYoungGen: 138240K->34014K(161280K)] [ParOldGen: 367892K->367892K(368128K)] 506132K->401907K(529408K) [PSPermGen: 13629K->13629K(21504K)], 0.0745900 secs] [Times: user=0.52 sys=0.00, real=0.07 secs] 
125.809: Total time for which application threads were stopped: 0.0752520 seconds, Stopping threads took: 0.0000810 seconds
125.833: Application time: 0.0247650 seconds
125.838: [Full GC [PSYoungGen: 138240K->34026K(161280K)] [ParOldGen: 367892K->367892K(368128K)] 506132K->401919K(529408K) [PSPermGen: 13629K->13629K(21504K)], 0.0739970 secs] [Times: user=0.53 sys=0.00, real=0.07 secs] 
125.912: Total time for which application threads were stopped: 0.0787150 seconds, Stopping threads took: 0.0040770 seconds
125.937: Application time: 0.0245030 seconds
125.937: [Full GC [PSYoungGen: 138240K->34045K(161280K)] [ParOldGen: 367892K->367892K(368128K)] 506132K->401938K(529408K) [PSPermGen: 13629K->13629K(21504K)], 0.0743460 secs] [Times: user=0.53 sys=0.00, real=0.07 secs] 
126.012: Total time for which application threads were stopped: 0.0749570 seconds, Stopping threads took: 0.0000540 seconds
126.036: Application time: 0.0245300 seconds
126.037: [Full GC [PSYoungGen: 138240K->34063K(161280K)] [ParOldGen: 367892K->367892K(368128K)] 506132K->401955K(529408K) [PSPermGen: 13629K->13629K(21504K)], 0.0746440 secs] [Times: user=0.53 sys=0.00, real=0.07 secs] 
126.112: Total time for which application threads were stopped: 0.0753220 seconds, Stopping threads took: 0.0000470 seconds
126.137: Application time: 0.0253360 seconds
126.137: [Full GC [PSYoungGen: 138240K->34079K(161280K)] [ParOldGen: 367892K->367892K(368128K)] 506132K->401971K(529408K) [PSPermGen: 13629K->13629K(21504K)], 0.0757130 secs] [Times: user=0.53 sys=0.00, real=0.07 secs] 
126.213: Total time for which application threads were stopped: 0.0763250 seconds, Stopping threads took: 0.0000630 seconds
126.238: Application time: 0.0245780 seconds
126.238: [Full GC [PSYoungGen: 138240K->34093K(161280K)] [ParOldGen: 367892K->367892K(368128K)] 506132K->401985K(529408K) [PSPermGen: 13629K->13629K(21504K)], 0.0746470 secs] [Times: user=0.53 sys=0.00, real=0.07 secs] 
126.313: Total time for which application threads were stopped: 0.0752990 seconds, Stopping threads took: 0.0000650 seconds
126.338: Application time: 0.0246480 seconds
126.338: [Full GC [PSYoungGen: 138240K->34106K(161280K)] [ParOldGen: 367892K->367892K(368128K)] 506132K->401998K(529408K) [PSPermGen: 13629K->13629K(21504K)], 0.0749040 secs] [Times: user=0.52 sys=0.00, real=0.07 secs] 
126.413: Total time for which application threads were stopped: 0.0755990 seconds, Stopping threads took: 0.0000560 seconds
126.438: Application time: 0.0245310 seconds
126.438: [Full GC [PSYoungGen: 138240K->34123K(161280K)] [ParOldGen: 367892K->367892K(368128K)] 506132K->402016K(529408K) [PSPermGen: 13629K->13629K(21504K)], 0.0743520 secs] [Times: user=0.52 sys=0.00, real=0.07 secs] 
126.513: Total time for which application threads were stopped: 0.0749680 seconds, Stopping threads took: 0.0000640 seconds
126.539: Application time: 0.0264050 seconds
126.540: [Full GC [PSYoungGen: 138240K->34127K(161280K)] [ParOldGen: 367892K->367892K(368128K)] 506132K->402019K(529408K) [PSPermGen: 13629K->13629K(21504K)], 0.0746740 secs] [Times: user=0.53 sys=0.00, real=0.08 secs] 
126.615: Total time for which application threads were stopped: 0.0753460 seconds, Stopping threads took: 0.0000360 seconds
126.640: Application time: 0.0253310 seconds
126.641: [Full GC [PSYoungGen: 138240K->34014K(161280K)] [ParOldGen: 367892K->367892K(368128K)] 506132K->401907K(529408K) [PSPermGen: 13629K->13629K(21504K)], 0.0753810 secs] [Times: user=0.53 sys=0.00, real=0.08 secs] 
126.716: Total time for which application threads were stopped: 0.0760340 seconds, Stopping threads took: 0.0001030 seconds
126.740: Application time: 0.0243010 seconds
126.741: [Full GC [PSYoungGen: 138240K->34024K(161280K)] [ParOldGen: 367892K->367892K(368128K)] 506132K->401917K(529408K) [PSPermGen: 13629K->13629K(21504K)], 0.0739440 secs] [Times: user=0.53 sys=0.00, real=0.08 secs] 
126.815: Total time for which application threads were stopped: 0.0746540 seconds, Stopping threads took: 0.0000610 seconds
126.840: Application time: 0.0249860 seconds
126.841: [Full GC [PSYoungGen: 138240K->33916K(161280K)] [ParOldGen: 367892K->367892K(368128K)] 506132K->401809K(529408K) [PSPermGen: 13629K->13629K(21504K)], 0.0740790 secs] [Times: user=0.52 sys=0.00, real=0.08 secs] 
126.915: Total time for which application threads were stopped: 0.0747860 seconds, Stopping threads took: 0.0000770 seconds
126.939: Application time: 0.0244060 seconds
126.940: [Full GC [PSYoungGen: 138240K->33914K(161280K)] [ParOldGen: 367892K->367892K(368128K)] 506132K->401806K(529408K) [PSPermGen: 13629K->13629K(21504K)], 0.0749380 secs] [Times: user=0.53 sys=0.00, real=0.08 secs] 
127.015: Total time for which application threads were stopped: 0.0755890 seconds, Stopping threads took: 0.0000950 seconds
127.039: Application time: 0.0243480 seconds
127.040: [Full GC [PSYoungGen: 138240K->33930K(161280K)] [ParOldGen: 367892K->367892K(368128K)] 506132K->401822K(529408K) [PSPermGen: 13629K->13629K(21504K)], 0.0737890 secs] [Times: user=0.52 sys=0.00, real=0.07 secs] 
127.113: Total time for which application threads were stopped: 0.0744220 seconds, Stopping threads took: 0.0000660 seconds
127.140: Application time: 0.0261730 seconds
127.140: [Full GC [PSYoungGen: 138240K->33945K(161280K)] [ParOldGen: 367892K->367892K(368128K)] 506132K->401838K(529408K) [PSPermGen: 13629K->13629K(21504K)], 0.0742710 secs] [Times: user=0.53 sys=0.00, real=0.08 secs] 
127.215: Total time for which application threads were stopped: 0.0748680 seconds, Stopping threads took: 0.0000460 seconds
127.239: Application time: 0.0246700 seconds
127.240: [Full GC [PSYoungGen: 138240K->33960K(161280K)] [ParOldGen: 367892K->367892K(368128K)] 506132K->401852K(529408K) [PSPermGen: 13629K->13629K(21504K)], 0.0748650 secs] [Times: user=0.52 sys=0.00, real=0.08 secs] 
127.315: Total time for which application threads were stopped: 0.0754720 seconds, Stopping threads took: 0.0000560 seconds
127.339: Application time: 0.0245600 seconds
127.340: [Full GC [PSYoungGen: 138240K->33978K(161280K)] [ParOldGen: 367892K->367892K(368128K)] 506132K->401870K(529408K) [PSPermGen: 13629K->13629K(21504K)], 0.0738680 secs] [Times: user=0.52 sys=0.00, real=0.08 secs] 
127.414: Total time for which application threads were stopped: 0.0745740 seconds, Stopping threads took: 0.0000610 seconds
127.438: Application time: 0.0246600 seconds
127.439: [Full GC [PSYoungGen: 138240K->33990K(161280K)] [ParOldGen: 367892K->367892K(368128K)] 506132K->401882K(529408K) [PSPermGen: 13629K->13629K(21504K)], 0.0739960 secs] [Times: user=0.52 sys=0.00, real=0.07 secs] 
127.513: Total time for which application threads were stopped: 0.0746820 seconds, Stopping threads took: 0.0000470 seconds
127.537: Application time: 0.0243010 seconds
127.538: [Full GC [PSYoungGen: 138240K->34001K(161280K)] [ParOldGen: 367892K->367892K(368128K)] 506132K->401893K(529408K) [PSPermGen: 13629K->13629K(21504K)], 0.0736940 secs] [Times: user=0.52 sys=0.00, real=0.07 secs] 
127.612: Total time for which application threads were stopped: 0.0743770 seconds, Stopping threads took: 0.0000440 seconds
127.636: Application time: 0.0245510 seconds
127.637: [Full GC [PSYoungGen: 138240K->34019K(161280K)] [ParOldGen: 367892K->367892K(368128K)] 506132K->401912K(529408K) [PSPermGen: 13629K->13629K(21504K)], 0.0739500 secs] [Times: user=0.53 sys=0.00, real=0.07 secs] 
127.711: Total time for which application threads were stopped: 0.0746310 seconds, Stopping threads took: 0.0000550 seconds
127.736: Application time: 0.0251920 seconds
127.737: [Full GC [PSYoungGen: 138240K->33926K(161280K)] [ParOldGen: 367892K->367892K(368128K)] 506132K->401819K(529408K) [PSPermGen: 13629K->13629K(21504K)], 0.0743800 secs] [Times: user=0.53 sys=0.00, real=0.07 secs] 
127.811: Total time for which application threads were stopped: 0.0750530 seconds, Stopping threads took: 0.0000460 seconds
127.836: Application time: 0.0247110 seconds
127.837: [Full GC [PSYoungGen: 138240K->33855K(161280K)] [ParOldGen: 367892K->367892K(368128K)] 506132K->401747K(529408K) [PSPermGen: 13629K->13629K(21504K)], 0.0748380 secs] [Times: user=0.52 sys=0.00, real=0.07 secs] 
127.911: Total time for which application threads were stopped: 0.0754610 seconds, Stopping threads took: 0.0000610 seconds
127.936: Application time: 0.0245660 seconds
127.937: [Full GC [PSYoungGen: 138240K->33853K(161280K)] [ParOldGen: 367892K->367892K(368128K)] 506132K->401746K(529408K) [PSPermGen: 13629K->13629K(21504K)], 0.0740360 secs] [Times: user=0.52 sys=0.00, real=0.07 secs] 
128.011: Total time for which application threads were stopped: 0.0747530 seconds, Stopping threads took: 0.0000660 seconds
128.035: Application time: 0.0245600 seconds
128.036: [Full GC [PSYoungGen: 138240K->33868K(161280K)] [ParOldGen: 367892K->367892K(368128K)] 506132K->401760K(529408K) [PSPermGen: 13629K->13629K(21504K)], 0.0742230 secs] [Times: user=0.52 sys=0.00, real=0.07 secs] 
128.110: Total time for which application threads were stopped: 0.0748520 seconds, Stopping threads took: 0.0000720 seconds
128.136: Application time: 0.0255130 seconds
128.136: [Full GC [PSYoungGen: 138240K->33883K(161280K)] [ParOldGen: 367892K->367892K(368128K)] 506132K->401776K(529408K) [PSPermGen: 13629K->13629K(21504K)], 0.0755150 secs] [Times: user=0.51 sys=0.00, real=0.07 secs] 
128.212: Total time for which application threads were stopped: 0.0761960 seconds, Stopping threads took: 0.0000620 seconds
128.236: Application time: 0.0245750 seconds
128.237: [Full GC [PSYoungGen: 138240K->33898K(161280K)] [ParOldGen: 367892K->367892K(368128K)] 506132K->401791K(529408K) [PSPermGen: 13629K->13629K(21504K)], 0.0736790 secs] [Times: user=0.53 sys=0.00, real=0.07 secs] 
128.311: Total time for which application threads were stopped: 0.0743850 seconds, Stopping threads took: 0.0000760 seconds
128.335: Application time: 0.0245320 seconds
128.336: [Full GC [PSYoungGen: 138240K->33853K(161280K)] [ParOldGen: 367892K->367892K(368128K)] 506132K->401745K(529408K) [PSPermGen: 13629K->13629K(21504K)], 0.0742550 secs] [Times: user=0.53 sys=0.00, real=0.07 secs] 
128.410: Total time for which application threads were stopped: 0.0749490 seconds, Stopping threads took: 0.0000600 seconds
128.435: Application time: 0.0243080 seconds
128.435: [Full GC [PSYoungGen: 138240K->33857K(161280K)] [ParOldGen: 367892K->367892K(368128K)] 506132K->401750K(529408K) [PSPermGen: 13629K->13629K(21504K)], 0.0743050 secs] [Times: user=0.53 sys=0.00, real=0.07 secs] 
128.510: Total time for which application threads were stopped: 0.0750190 seconds, Stopping threads took: 0.0000790 seconds
128.534: Application time: 0.0244700 seconds
128.535: [Full GC [PSYoungGen: 138240K->33872K(161280K)] [ParOldGen: 367892K->367892K(368128K)] 506132K->401765K(529408K) [PSPermGen: 13629K->13629K(21504K)], 0.0740960 secs] [Times: user=0.52 sys=0.00, real=0.07 secs] 
128.609: Total time for which application threads were stopped: 0.0747990 seconds, Stopping threads took: 0.0000530 seconds
128.633: Application time: 0.0243580 seconds
128.634: [Full GC [PSYoungGen: 138240K->33887K(161280K)] [ParOldGen: 367892K->367892K(368128K)] 506132K->401780K(529408K) [PSPermGen: 13629K->13629K(21504K)], 0.0736590 secs] [Times: user=0.52 sys=0.00, real=0.07 secs] 
128.708: Total time for which application threads were stopped: 0.0743540 seconds, Stopping threads took: 0.0000490 seconds
128.732: Application time: 0.0243760 seconds
128.733: [Full GC [PSYoungGen: 138240K->33902K(161280K)] [ParOldGen: 367892K->367892K(368128K)] 506132K->401795K(529408K) [PSPermGen: 13629K->13629K(21504K)], 0.0743000 secs] [Times: user=0.52 sys=0.00, real=0.08 secs] 
128.807: Total time for which application threads were stopped: 0.0749190 seconds, Stopping threads took: 0.0000590 seconds
128.831: Application time: 0.0243890 seconds
128.832: [Full GC [PSYoungGen: 138240K->33917K(161280K)] [ParOldGen: 367892K->367892K(368128K)] 506132K->401809K(529408K) [PSPermGen: 13629K->13629K(21504K)], 0.0738070 secs] [Times: user=0.52 sys=0.00, real=0.08 secs] 
128.906: Total time for which application threads were stopped: 0.0744830 seconds, Stopping threads took: 0.0000460 seconds
128.930: Application time: 0.0242720 seconds
128.931: [Full GC [PSYoungGen: 138240K->33931K(161280K)] [ParOldGen: 367892K->367892K(368128K)] 506132K->401824K(529408K) [PSPermGen: 13629K->13629K(21504K)], 0.0748930 secs] [Times: user=0.52 sys=0.00, real=0.08 secs] 
129.006: Total time for which application threads were stopped: 0.0754970 seconds, Stopping threads took: 0.0000470 seconds
129.030: Application time: 0.0244050 seconds
129.031: [Full GC [PSYoungGen: 138240K->33947K(161280K)] [ParOldGen: 367892K->367892K(368128K)] 506132K->401839K(529408K) [PSPermGen: 13629K->13629K(21504K)], 0.0775250 secs] [Times: user=0.54 sys=0.00, real=0.08 secs] 
129.108: Total time for which application threads were stopped: 0.0781560 seconds, Stopping threads took: 0.0000670 seconds
129.134: Application time: 0.0255520 seconds
129.134: [Full GC [PSYoungGen: 138240K->33962K(161280K)] [ParOldGen: 367892K->367892K(368128K)] 506132K->401854K(529408K) [PSPermGen: 13629K->13629K(21504K)], 0.0746040 secs] [Times: user=0.53 sys=0.00, real=0.07 secs] 
129.209: Total time for which application threads were stopped: 0.0752760 seconds, Stopping threads took: 0.0000970 seconds
129.234: Application time: 0.0245180 seconds
129.234: [Full GC [PSYoungGen: 138240K->33974K(161280K)] [ParOldGen: 367892K->367892K(368128K)] 506132K->401866K(529408K) [PSPermGen: 13629K->13629K(21504K)], 0.0741450 secs] [Times: user=0.52 sys=0.00, real=0.07 secs] 
129.308: Total time for which application threads were stopped: 0.0748130 seconds, Stopping threads took: 0.0000910 seconds
129.333: Application time: 0.0246000 seconds
129.334: [Full GC [PSYoungGen: 138240K->33990K(161280K)] [ParOldGen: 367892K->367892K(368128K)] 506132K->401882K(529408K) [PSPermGen: 13629K->13629K(21504K)], 0.0745240 secs] [Times: user=0.53 sys=0.00, real=0.07 secs] 
129.408: Total time for which application threads were stopped: 0.0751500 seconds, Stopping threads took: 0.0000590 seconds
129.433: Application time: 0.0246090 seconds
129.433: [Full GC [PSYoungGen: 138240K->34004K(161280K)] [ParOldGen: 367892K->367892K(368128K)] 506132K->401896K(529408K) [PSPermGen: 13629K->13629K(21504K)], 0.0746020 secs] [Times: user=0.53 sys=0.01, real=0.08 secs] 
129.508: Total time for which application threads were stopped: 0.0753020 seconds, Stopping threads took: 0.0000610 seconds
129.533: Application time: 0.0246090 seconds
129.533: [Full GC [PSYoungGen: 138240K->34021K(161280K)] [ParOldGen: 367892K->367892K(368128K)] 506132K->401913K(529408K) [PSPermGen: 13629K->13629K(21504K)], 0.0742280 secs] [Times: user=0.53 sys=0.00, real=0.08 secs] 
129.608: Total time for which application threads were stopped: 0.0749240 seconds, Stopping threads took: 0.0000530 seconds
129.632: Application time: 0.0243490 seconds
129.632: [Full GC [PSYoungGen: 138240K->34037K(161280K)] [ParOldGen: 367892K->367892K(368128K)] 506132K->401929K(529408K) [PSPermGen: 13629K->13629K(21504K)], 0.0783840 secs] [Times: user=0.54 sys=0.00, real=0.08 secs] 
129.711: Total time for which application threads were stopped: 0.0789860 seconds, Stopping threads took: 0.0000510 seconds
129.735: Application time: 0.0244710 seconds
129.736: [Full GC [PSYoungGen: 138240K->34047K(161280K)] [ParOldGen: 367892K->367892K(368128K)] 506132K->401940K(529408K) [PSPermGen: 13629K->13629K(21504K)], 0.0744620 secs] [Times: user=0.53 sys=0.00, real=0.07 secs] 
129.811: Total time for which application threads were stopped: 0.0751620 seconds, Stopping threads took: 0.0000480 seconds
129.835: Application time: 0.0245240 seconds
129.836: [Full GC [PSYoungGen: 138240K->34067K(161280K)] [ParOldGen: 367892K->367892K(368128K)] 506132K->401960K(529408K) [PSPermGen: 13629K->13629K(21504K)], 0.0745140 secs] [Times: user=0.53 sys=0.00, real=0.07 secs] 
129.910: Total time for which application threads were stopped: 0.0752120 seconds, Stopping threads took: 0.0000610 seconds
129.935: Application time: 0.0245520 seconds
129.935: [Full GC [PSYoungGen: 138240K->34081K(161280K)] [ParOldGen: 367892K->367892K(368128K)] 506132K->401973K(529408K) [PSPermGen: 13629K->13629K(21504K)], 0.0739790 secs] [Times: user=0.52 sys=0.00, real=0.07 secs] 
130.010: Total time for which application threads were stopped: 0.0746320 seconds, Stopping threads took: 0.0000490 seconds
130.034: Application time: 0.0245990 seconds
130.035: [Full GC [PSYoungGen: 138240K->34097K(161280K)] [ParOldGen: 367892K->367892K(368128K)] 506132K->401989K(529408K) [PSPermGen: 13629K->13629K(21504K)], 0.0748350 secs] [Times: user=0.52 sys=0.01, real=0.07 secs] 
130.110: Total time for which application threads were stopped: 0.0754900 seconds, Stopping threads took: 0.0000460 seconds
130.135: Application time: 0.0254040 seconds
130.136: [Full GC [PSYoungGen: 138240K->34112K(161280K)] [ParOldGen: 367892K->367892K(368128K)] 506132K->402004K(529408K) [PSPermGen: 13629K->13629K(21504K)], 0.0747240 secs] [Times: user=0.53 sys=0.00, real=0.07 secs] 
130.210: Total time for which application threads were stopped: 0.0754350 seconds, Stopping threads took: 0.0000970 seconds
130.236: Application time: 0.0254160 seconds
130.236: [Full GC [PSYoungGen: 138240K->34017K(161280K)] [ParOldGen: 367892K->367892K(368128K)] 506132K->401910K(529408K) [PSPermGen: 13629K->13629K(21504K)], 0.0752240 secs] [Times: user=0.54 sys=0.00, real=0.07 secs] 
130.312: Total time for which application threads were stopped: 0.0759190 seconds, Stopping threads took: 0.0000620 seconds
130.337: Application time: 0.0249210 seconds
130.337: [Full GC [PSYoungGen: 138240K->34001K(161280K)] [ParOldGen: 367892K->367892K(368128K)] 506132K->401893K(529408K) [PSPermGen: 13629K->13629K(21504K)], 0.0744910 secs] [Times: user=0.52 sys=0.00, real=0.07 secs] 
130.412: Total time for which application threads were stopped: 0.0752090 seconds, Stopping threads took: 0.0000660 seconds
130.437: Application time: 0.0250180 seconds
130.438: [Full GC [PSYoungGen: 138240K->34015K(161280K)] [ParOldGen: 367892K->367892K(368128K)] 506132K->401908K(529408K) [PSPermGen: 13629K->13629K(21504K)], 0.0740750 secs] [Times: user=0.52 sys=0.01, real=0.07 secs] 
130.512: Total time for which application threads were stopped: 0.0747090 seconds, Stopping threads took: 0.0000690 seconds
130.537: Application time: 0.0248980 seconds
130.537: [Full GC [PSYoungGen: 138240K->34030K(161280K)] [ParOldGen: 367892K->367892K(368128K)] 506132K->401922K(529408K) [PSPermGen: 13629K->13629K(21504K)], 0.0752000 secs] [Times: user=0.53 sys=0.00, real=0.07 secs] 
130.612: Total time for which application threads were stopped: 0.0758090 seconds, Stopping threads took: 0.0000530 seconds
130.637: Application time: 0.0246190 seconds
130.638: [Full GC [PSYoungGen: 138240K->34044K(161280K)] [ParOldGen: 367892K->367892K(368128K)] 506132K->401936K(529408K) [PSPermGen: 13629K->13629K(21504K)], 0.0747000 secs] [Times: user=0.53 sys=0.00, real=0.07 secs] 
130.712: Total time for which application threads were stopped: 0.0753310 seconds, Stopping threads took: 0.0000690 seconds
130.738: Application time: 0.0253440 seconds
130.738: [Full GC [PSYoungGen: 138240K->33951K(161280K)] [ParOldGen: 367892K->367892K(368128K)] 506132K->401843K(529408K) [PSPermGen: 13629K->13629K(21504K)], 0.0747650 secs] [Times: user=0.52 sys=0.00, real=0.07 secs] 
130.813: Total time for which application threads were stopped: 0.0754030 seconds, Stopping threads took: 0.0000770 seconds
130.838: Application time: 0.0245970 seconds
130.838: [Full GC [PSYoungGen: 138240K->33934K(161280K)] [ParOldGen: 367892K->367892K(368128K)] 506132K->401827K(529408K) [PSPermGen: 13629K->13629K(21504K)], 0.0742020 secs] [Times: user=0.52 sys=0.00, real=0.07 secs] 
130.913: Total time for which application threads were stopped: 0.0749640 seconds, Stopping threads took: 0.0000980 seconds
130.937: Application time: 0.0247130 seconds
130.938: [Full GC [PSYoungGen: 138240K->33952K(161280K)] [ParOldGen: 367892K->367892K(368128K)] 506132K->401844K(529408K) [PSPermGen: 13629K->13629K(21504K)], 0.0740110 secs] [Times: user=0.52 sys=0.00, real=0.07 secs] 
131.012: Total time for which application threads were stopped: 0.0746190 seconds, Stopping threads took: 0.0000450 seconds
131.037: Application time: 0.0249600 seconds
131.038: [Full GC [PSYoungGen: 138240K->33965K(161280K)] [ParOldGen: 367892K->367892K(368128K)] 506132K->401858K(529408K) [PSPermGen: 13629K->13629K(21504K)], 0.0749020 secs] [Times: user=0.53 sys=0.00, real=0.07 secs] 
131.113: Total time for which application threads were stopped: 0.0755610 seconds, Stopping threads took: 0.0000970 seconds
131.138: Application time: 0.0255150 seconds
131.139: [Full GC [PSYoungGen: 138240K->33980K(161280K)] [ParOldGen: 367892K->367892K(368128K)] 506132K->401872K(529408K) [PSPermGen: 13629K->13629K(21504K)], 0.0804420 secs] [Times: user=0.56 sys=0.00, real=0.08 secs] 
131.219: Total time for which application threads were stopped: 0.0811240 seconds, Stopping threads took: 0.0000750 seconds
131.244: Application time: 0.0250790 seconds
131.245: [Full GC [PSYoungGen: 138240K->33995K(161280K)] [ParOldGen: 367892K->367892K(368128K)] 506132K->401887K(529408K) [PSPermGen: 13629K->13629K(21504K)], 0.0743770 secs] [Times: user=0.52 sys=0.01, real=0.08 secs] 
131.319: Total time for which application threads were stopped: 0.0750690 seconds, Stopping threads took: 0.0000480 seconds
131.344: Application time: 0.0248370 seconds
131.345: [Full GC [PSYoungGen: 138240K->33954K(161280K)] [ParOldGen: 367892K->367892K(368128K)] 506132K->401846K(529408K) [PSPermGen: 13629K->13629K(21504K)], 0.0737920 secs] [Times: user=0.52 sys=0.00, real=0.08 secs] 
131.419: Total time for which application threads were stopped: 0.0745040 seconds, Stopping threads took: 0.0000610 seconds
131.444: Application time: 0.0250690 seconds
131.444: [Full GC [PSYoungGen: 138240K->33900K(161280K)] [ParOldGen: 367892K->367892K(368128K)] 506132K->401792K(529408K) [PSPermGen: 13629K->13629K(21504K)], 0.0742460 secs] [Times: user=0.52 sys=0.00, real=0.08 secs] 
131.519: Total time for which application threads were stopped: 0.0748460 seconds, Stopping threads took: 0.0000460 seconds
131.543: Application time: 0.0248980 seconds
131.544: [Full GC [PSYoungGen: 138240K->33898K(161280K)] [ParOldGen: 367892K->367892K(368128K)] 506132K->401790K(529408K) [PSPermGen: 13629K->13629K(21504K)], 0.0739560 secs] [Times: user=0.52 sys=0.00, real=0.08 secs] 
131.618: Total time for which application threads were stopped: 0.0746610 seconds, Stopping threads took: 0.0000900 seconds
131.643: Application time: 0.0247330 seconds
131.643: [Full GC [PSYoungGen: 138240K->33913K(161280K)] [ParOldGen: 367892K->367892K(368128K)] 506132K->401806K(529408K) [PSPermGen: 13629K->13629K(21504K)], 0.0745520 secs] [Times: user=0.52 sys=0.00, real=0.08 secs] 
131.718: Total time for which application threads were stopped: 0.0752050 seconds, Stopping threads took: 0.0000960 seconds
131.743: Application time: 0.0249550 seconds
131.744: [Full GC [PSYoungGen: 138240K->33875K(161280K)] [ParOldGen: 367892K->367892K(368128K)] 506132K->401767K(529408K) [PSPermGen: 13629K->13629K(21504K)], 0.0755140 secs] [Times: user=0.53 sys=0.00, real=0.08 secs] 
131.819: Total time for which application threads were stopped: 0.0761380 seconds, Stopping threads took: 0.0000720 seconds
131.844: Application time: 0.0248060 seconds
131.845: [Full GC [PSYoungGen: 138240K->33874K(161280K)] [ParOldGen: 367892K->367892K(368128K)] 506132K->401766K(529408K) [PSPermGen: 13629K->13629K(21504K)], 0.0745190 secs] [Times: user=0.52 sys=0.00, real=0.08 secs] 
131.919: Total time for which application threads were stopped: 0.0751230 seconds, Stopping threads took: 0.0000530 seconds
131.944: Application time: 0.0247290 seconds
131.945: [Full GC [PSYoungGen: 138240K->33888K(161280K)] [ParOldGen: 367892K->367892K(368128K)] 506132K->401781K(529408K) [PSPermGen: 13629K->13629K(21504K)], 0.0762880 secs] [Times: user=0.54 sys=0.00, real=0.08 secs] 
132.021: Total time for which application threads were stopped: 0.0770230 seconds, Stopping threads took: 0.0000610 seconds
132.045: Application time: 0.0246150 seconds
132.046: [Full GC [PSYoungGen: 138240K->33902K(161280K)] [ParOldGen: 367892K->367892K(368128K)] 506132K->401795K(529408K) [PSPermGen: 13629K->13629K(21504K)], 0.0738060 secs] [Times: user=0.52 sys=0.00, real=0.07 secs] 
132.120: Total time for which application threads were stopped: 0.0745280 seconds, Stopping threads took: 0.0000870 seconds
132.145: Application time: 0.0254330 seconds
132.146: [Full GC [PSYoungGen: 138240K->33916K(161280K)] [ParOldGen: 367892K->367892K(368128K)] 506132K->401809K(529408K) [PSPermGen: 13629K->13629K(21504K)], 0.0733630 secs] [Times: user=0.52 sys=0.00, real=0.07 secs] 
132.220: Total time for which application threads were stopped: 0.0740480 seconds, Stopping threads took: 0.0000700 seconds
132.244: Application time: 0.0245610 seconds
132.245: [Full GC [PSYoungGen: 138240K->33931K(161280K)] [ParOldGen: 367892K->367892K(368128K)] 506132K->401823K(529408K) [PSPermGen: 13629K->13629K(21504K)], 0.0736390 secs] [Times: user=0.52 sys=0.00, real=0.08 secs] 
132.318: Total time for which application threads were stopped: 0.0743220 seconds, Stopping threads took: 0.0000600 seconds
132.343: Application time: 0.0248930 seconds
132.344: [Full GC [PSYoungGen: 138240K->33893K(161280K)] [ParOldGen: 367892K->367892K(368128K)] 506132K->401785K(529408K) [PSPermGen: 13629K->13629K(21504K)], 0.0735760 secs] [Times: user=0.52 sys=0.00, real=0.08 secs] 
132.418: Total time for which application threads were stopped: 0.0743020 seconds, Stopping threads took: 0.0000560 seconds
132.442: Application time: 0.0246150 seconds
132.443: [Full GC [PSYoungGen: 138240K->33892K(161280K)] [ParOldGen: 367892K->367892K(368128K)] 506132K->401785K(529408K) [PSPermGen: 13629K->13629K(21504K)], 0.0742110 secs] [Times: user=0.53 sys=0.00, real=0.08 secs] 
132.517: Total time for which application threads were stopped: 0.0748740 seconds, Stopping threads took: 0.0000880 seconds
132.542: Application time: 0.0244940 seconds
132.542: [Full GC [PSYoungGen: 138240K->33904K(161280K)] [ParOldGen: 367892K->367892K(368128K)] 506132K->401796K(529408K) [PSPermGen: 13629K->13629K(21504K)], 0.0738720 secs] [Times: user=0.52 sys=0.00, real=0.08 secs] 
132.616: Total time for which application threads were stopped: 0.0746060 seconds, Stopping threads took: 0.0000630 seconds
132.641: Application time: 0.0244800 seconds
132.641: [Full GC [PSYoungGen: 138240K->33920K(161280K)] [ParOldGen: 367892K->367892K(368128K)] 506132K->401812K(529408K) [PSPermGen: 13629K->13629K(21504K)], 0.0748760 secs] [Times: user=0.52 sys=0.00, real=0.08 secs] 
132.716: Total time for which application threads were stopped: 0.0755820 seconds, Stopping threads took: 0.0000700 seconds
132.741: Application time: 0.0246330 seconds
132.742: [Full GC [PSYoungGen: 138240K->33937K(161280K)] [ParOldGen: 367892K->367892K(368128K)] 506132K->401830K(529408K) [PSPermGen: 13629K->13629K(21504K)], 0.0746710 secs] [Times: user=0.53 sys=0.00, real=0.08 secs] 
132.816: Total time for which application threads were stopped: 0.0753650 seconds, Stopping threads took: 0.0000820 seconds
132.841: Application time: 0.0246280 seconds
132.841: [Full GC [PSYoungGen: 138240K->33948K(161280K)] [ParOldGen: 367892K->367892K(368128K)] 506132K->401840K(529408K) [PSPermGen: 13629K->13629K(21504K)], 0.0757940 secs] [Times: user=0.53 sys=0.00, real=0.08 secs] 
132.917: Total time for which application threads were stopped: 0.0764210 seconds, Stopping threads took: 0.0000710 seconds
132.942: Application time: 0.0244280 seconds
132.942: [Full GC [PSYoungGen: 138240K->33964K(161280K)] [ParOldGen: 367892K->367892K(368128K)] 506132K->401857K(529408K) [PSPermGen: 13629K->13629K(21504K)], 0.0745220 secs] [Times: user=0.53 sys=0.00, real=0.08 secs] 
133.017: Total time for which application threads were stopped: 0.0752110 seconds, Stopping threads took: 0.0000540 seconds
133.042: Application time: 0.0246170 seconds
133.042: [Full GC [PSYoungGen: 138240K->33981K(161280K)] [ParOldGen: 367892K->367892K(368128K)] 506132K->401873K(529408K) [PSPermGen: 13629K->13629K(21504K)], 0.0740670 secs] [Times: user=0.53 sys=0.01, real=0.08 secs] 
133.116: Total time for which application threads were stopped: 0.0747800 seconds, Stopping threads took: 0.0000730 seconds
133.142: Application time: 0.0253210 seconds
133.142: [Full GC [PSYoungGen: 138240K->33994K(161280K)] [ParOldGen: 367892K->367892K(368128K)] 506132K->401887K(529408K) [PSPermGen: 13629K->13629K(21504K)], 0.0748050 secs] [Times: user=0.53 sys=0.00, real=0.08 secs] 
133.217: Total time for which application threads were stopped: 0.0754430 seconds, Stopping threads took: 0.0000580 seconds
133.242: Application time: 0.0248780 seconds
133.243: [Full GC [PSYoungGen: 138240K->34010K(161280K)] [ParOldGen: 367892K->367892K(368128K)] 506132K->401902K(529408K) [PSPermGen: 13629K->13629K(21504K)], 0.0745540 secs] [Times: user=0.53 sys=0.00, real=0.08 secs] 
133.317: Total time for which application threads were stopped: 0.0752610 seconds, Stopping threads took: 0.0000700 seconds
133.342: Application time: 0.0247100 seconds
133.343: [Full GC [PSYoungGen: 138240K->34028K(161280K)] [ParOldGen: 367892K->367892K(368128K)] 506132K->401921K(529408K) [PSPermGen: 13629K->13629K(21504K)], 0.0746930 secs] [Times: user=0.53 sys=0.00, real=0.08 secs] 
133.417: Total time for which application threads were stopped: 0.0754030 seconds, Stopping threads took: 0.0000610 seconds
133.442: Application time: 0.0246500 seconds
133.443: [Full GC [PSYoungGen: 138240K->34043K(161280K)] [ParOldGen: 367892K->367892K(368128K)] 506132K->401935K(529408K) [PSPermGen: 13629K->13629K(21504K)], 0.0751620 secs] [Times: user=0.53 sys=0.00, real=0.08 secs] 
133.518: Total time for which application threads were stopped: 0.0758630 seconds, Stopping threads took: 0.0000760 seconds
133.543: Application time: 0.0247310 seconds
133.543: [Full GC [PSYoungGen: 138240K->34056K(161280K)] [ParOldGen: 367892K->367892K(368128K)] 506132K->401948K(529408K) [PSPermGen: 13629K->13629K(21504K)], 0.0749020 secs] [Times: user=0.53 sys=0.00, real=0.08 secs] 
133.618: Total time for which application threads were stopped: 0.0756290 seconds, Stopping threads took: 0.0000900 seconds
133.643: Application time: 0.0246240 seconds
133.644: [Full GC [PSYoungGen: 138240K->34070K(161280K)] [ParOldGen: 367892K->367892K(368128K)] 506132K->401962K(529408K) [PSPermGen: 13629K->13629K(21504K)], 0.0747680 secs] [Times: user=0.53 sys=0.00, real=0.08 secs] 
133.718: Total time for which application threads were stopped: 0.0754290 seconds, Stopping threads took: 0.0000880 seconds
133.743: Application time: 0.0247710 seconds
133.744: [Full GC [PSYoungGen: 138240K->34086K(161280K)] [ParOldGen: 367892K->367892K(368128K)] 506132K->401978K(529408K) [PSPermGen: 13629K->13629K(21504K)], 0.0744330 secs] [Times: user=0.53 sys=0.00, real=0.08 secs] 
133.818: Total time for which application threads were stopped: 0.0751250 seconds, Stopping threads took: 0.0000670 seconds
133.843: Application time: 0.0247160 seconds
133.844: [Full GC [PSYoungGen: 138240K->34096K(161280K)] [ParOldGen: 367892K->367892K(368128K)] 506132K->401988K(529408K) [PSPermGen: 13629K->13629K(21504K)], 0.0747310 secs] [Times: user=0.53 sys=0.00, real=0.08 secs] 
133.918: Total time for which application threads were stopped: 0.0754470 seconds, Stopping threads took: 0.0000830 seconds
133.944: Application time: 0.0257170 seconds
133.945: [Full GC [PSYoungGen: 138240K->34010K(161280K)] [ParOldGen: 367892K->367892K(368128K)] 506132K->401903K(529408K) [PSPermGen: 13629K->13629K(21504K)], 0.0748100 secs] [Times: user=0.52 sys=0.00, real=0.08 secs] 
134.020: Total time for which application threads were stopped: 0.0755180 seconds, Stopping threads took: 0.0000840 seconds
134.044: Application time: 0.0245330 seconds
134.045: [Full GC [PSYoungGen: 138240K->33990K(161280K)] [ParOldGen: 367892K->367892K(368128K)] 506132K->401882K(529408K) [PSPermGen: 13629K->13629K(21504K)], 0.0743960 secs] [Times: user=0.52 sys=0.00, real=0.08 secs] 
134.119: Total time for which application threads were stopped: 0.0750700 seconds, Stopping threads took: 0.0000490 seconds
134.145: Application time: 0.0256210 seconds
134.145: [Full GC [PSYoungGen: 138240K->34006K(161280K)] [ParOldGen: 367892K->367892K(368128K)] 506132K->401898K(529408K) [PSPermGen: 13629K->13629K(21504K)], 0.0781230 secs] [Times: user=0.54 sys=0.01, real=0.08 secs] 
134.224: Total time for which application threads were stopped: 0.0787740 seconds, Stopping threads took: 0.0000750 seconds
134.249: Application time: 0.0248600 seconds
134.249: [Full GC [PSYoungGen: 138240K->34019K(161280K)] [ParOldGen: 367892K->367892K(368128K)] 506132K->401911K(529408K) [PSPermGen: 13629K->13629K(21504K)], 0.0746250 secs] [Times: user=0.52 sys=0.00, real=0.07 secs] 
134.324: Total time for which application threads were stopped: 0.0752430 seconds, Stopping threads took: 0.0000640 seconds
134.349: Application time: 0.0249580 seconds
134.349: [Full GC [PSYoungGen: 138240K->34037K(161280K)] [ParOldGen: 367892K->367892K(368128K)] 506132K->401930K(529408K) [PSPermGen: 13629K->13629K(21504K)], 0.0752610 secs] [Times: user=0.53 sys=0.00, real=0.07 secs] 
134.425: Total time for which application threads were stopped: 0.0758840 seconds, Stopping threads took: 0.0000650 seconds
134.449: Application time: 0.0248730 seconds
134.450: [Full GC [PSYoungGen: 138240K->34051K(161280K)] [ParOldGen: 367892K->367892K(368128K)] 506132K->401943K(529408K) [PSPermGen: 13629K->13629K(21504K)], 0.0740790 secs] [Times: user=0.52 sys=0.00, real=0.07 secs] 
134.524: Total time for which application threads were stopped: 0.0747650 seconds, Stopping threads took: 0.0000530 seconds
134.549: Application time: 0.0246110 seconds
134.549: [Full GC [PSYoungGen: 138240K->34067K(161280K)] [ParOldGen: 367892K->367892K(368128K)] 506132K->401959K(529408K) [PSPermGen: 13629K->13629K(21504K)], 0.0759380 secs] [Times: user=0.53 sys=0.01, real=0.07 secs] 
134.625: Total time for which application threads were stopped: 0.0766150 seconds, Stopping threads took: 0.0000620 seconds
134.651: Application time: 0.0252300 seconds
134.651: [Full GC [PSYoungGen: 138240K->33951K(161280K)] [ParOldGen: 367892K->367892K(368128K)] 506132K->401844K(529408K) [PSPermGen: 13629K->13629K(21504K)], 0.0746660 secs] [Times: user=0.53 sys=0.00, real=0.08 secs] 
134.726: Total time for which application threads were stopped: 0.0753230 seconds, Stopping threads took: 0.0000780 seconds
134.751: Application time: 0.0248120 seconds
134.751: [Full GC [PSYoungGen: 138240K->33952K(161280K)] [ParOldGen: 367892K->367892K(368128K)] 506132K->401845K(529408K) [PSPermGen: 13629K->13629K(21504K)], 0.0748600 secs] [Times: user=0.52 sys=0.00, real=0.08 secs] 
134.826: Total time for which application threads were stopped: 0.0754790 seconds, Stopping threads took: 0.0000620 seconds
134.851: Application time: 0.0242890 seconds
134.851: [Full GC [PSYoungGen: 138240K->33970K(161280K)] [ParOldGen: 367892K->367892K(368128K)] 506132K->401863K(529408K) [PSPermGen: 13629K->13629K(21504K)], 0.0747060 secs] [Times: user=0.53 sys=0.00, real=0.08 secs] 
134.926: Total time for which application threads were stopped: 0.0753380 seconds, Stopping threads took: 0.0000770 seconds
134.951: Application time: 0.0250550 seconds
134.952: [Full GC [PSYoungGen: 138240K->33931K(161280K)] [ParOldGen: 367892K->367892K(368128K)] 506132K->401824K(529408K) [PSPermGen: 13629K->13629K(21504K)], 0.0749290 secs] [Times: user=0.53 sys=0.00, real=0.08 secs] 
135.027: Total time for which application threads were stopped: 0.0755680 seconds, Stopping threads took: 0.0000850 seconds
135.051: Application time: 0.0246920 seconds
135.052: [Full GC [PSYoungGen: 138240K->33871K(161280K)] [ParOldGen: 367892K->367892K(368128K)] 506132K->401764K(529408K) [PSPermGen: 13629K->13629K(21504K)], 0.0740130 secs] [Times: user=0.52 sys=0.00, real=0.08 secs] 
135.126: Total time for which application threads were stopped: 0.0746450 seconds, Stopping threads took: 0.0000550 seconds
135.150: Application time: 0.0241420 seconds
135.151: [Full GC [PSYoungGen: 138240K->33872K(161280K)] [ParOldGen: 367892K->367892K(368128K)] 506132K->401765K(529408K) [PSPermGen: 13629K->13629K(21504K)], 0.0739580 secs] [Times: user=0.52 sys=0.00, real=0.07 secs] 
135.225: Total time for which application threads were stopped: 0.0745940 seconds, Stopping threads took: 0.0000770 seconds
135.249: Application time: 0.0244390 seconds
135.250: [Full GC [PSYoungGen: 138240K->33888K(161280K)] [ParOldGen: 367892K->367892K(368128K)] 506132K->401780K(529408K) [PSPermGen: 13629K->13629K(21504K)], 0.0748410 secs] [Times: user=0.53 sys=0.00, real=0.07 secs] 
135.325: Total time for which application threads were stopped: 0.0754860 seconds, Stopping threads took: 0.0000520 seconds
135.349: Application time: 0.0244680 seconds
135.350: [Full GC [PSYoungGen: 138240K->33902K(161280K)] [ParOldGen: 367892K->367892K(368128K)] 506132K->401794K(529408K) [PSPermGen: 13629K->13629K(21504K)], 0.0749550 secs] [Times: user=0.52 sys=0.00, real=0.07 secs] 
135.425: Total time for which application threads were stopped: 0.0755760 seconds, Stopping threads took: 0.0000560 seconds
135.449: Application time: 0.0246710 seconds
135.450: [Full GC [PSYoungGen: 138240K->33919K(161280K)] [ParOldGen: 367892K->367892K(368128K)] 506132K->401811K(529408K) [PSPermGen: 13629K->13629K(21504K)], 0.0736310 secs] [Times: user=0.53 sys=0.00, real=0.07 secs] 
135.524: Total time for which application threads were stopped: 0.0743280 seconds, Stopping threads took: 0.0000510 seconds
135.549: Application time: 0.0248670 seconds
135.549: [Full GC [PSYoungGen: 138240K->33878K(161280K)] [ParOldGen: 367892K->367892K(368128K)] 506132K->401770K(529408K) [PSPermGen: 13629K->13629K(21504K)], 0.0736930 secs] [Times: user=0.53 sys=0.00, real=0.07 secs] 
135.623: Total time for which application threads were stopped: 0.0743860 seconds, Stopping threads took: 0.0000500 seconds
135.647: Application time: 0.0243220 seconds
135.648: [Full GC [PSYoungGen: 138240K->33875K(161280K)] [ParOldGen: 367892K->367892K(368128K)] 506132K->401767K(529408K) [PSPermGen: 13629K->13629K(21504K)], 0.0741080 secs] [Times: user=0.52 sys=0.00, real=0.07 secs] 
135.722: Total time for which application threads were stopped: 0.0748260 seconds, Stopping threads took: 0.0000700 seconds
135.747: Application time: 0.0252550 seconds
135.748: [Full GC [PSYoungGen: 138240K->33886K(161280K)] [ParOldGen: 367892K->367892K(368128K)] 506132K->401778K(529408K) [PSPermGen: 13629K->13629K(21504K)], 0.0738030 secs] [Times: user=0.52 sys=0.00, real=0.07 secs] 
135.822: Total time for which application threads were stopped: 0.0744950 seconds, Stopping threads took: 0.0000650 seconds
135.846: Application time: 0.0244060 seconds
135.847: [Full GC [PSYoungGen: 138240K->33909K(161280K)] [ParOldGen: 367892K->367892K(368128K)] 506132K->401801K(529408K) [PSPermGen: 13629K->13629K(21504K)], 0.0738740 secs] [Times: user=0.53 sys=0.00, real=0.07 secs] 
135.921: Total time for which application threads were stopped: 0.0746080 seconds, Stopping threads took: 0.0000710 seconds
135.945: Application time: 0.0244740 seconds
135.946: [Full GC [PSYoungGen: 138240K->33922K(161280K)] [ParOldGen: 367892K->367892K(368128K)] 506132K->401815K(529408K) [PSPermGen: 13629K->13629K(21504K)], 0.0745450 secs] [Times: user=0.52 sys=0.01, real=0.07 secs] 
136.021: Total time for which application threads were stopped: 0.0751680 seconds, Stopping threads took: 0.0000580 seconds
136.045: Application time: 0.0245500 seconds
136.046: [Full GC [PSYoungGen: 138240K->33936K(161280K)] [ParOldGen: 367892K->367892K(368128K)] 506132K->401829K(529408K) [PSPermGen: 13629K->13629K(21504K)], 0.0741990 secs] [Times: user=0.52 sys=0.00, real=0.07 secs] 
136.120: Total time for which application threads were stopped: 0.0748570 seconds, Stopping threads took: 0.0000930 seconds
136.145: Application time: 0.0255850 seconds
136.146: [Full GC [PSYoungGen: 138240K->33951K(161280K)] [ParOldGen: 367892K->367892K(368128K)] 506132K->401844K(529408K) [PSPermGen: 13629K->13629K(21504K)], 0.0738030 secs] [Times: user=0.52 sys=0.00, real=0.07 secs] 
136.220: Total time for which application threads were stopped: 0.0744940 seconds, Stopping threads took: 0.0000720 seconds
136.245: Application time: 0.0245400 seconds
136.245: [Full GC [PSYoungGen: 138240K->33966K(161280K)] [ParOldGen: 367892K->367892K(368128K)] 506132K->401858K(529408K) [PSPermGen: 13629K->13629K(21504K)], 0.0749440 secs] [Times: user=0.52 sys=0.00, real=0.08 secs] 
136.320: Total time for which application threads were stopped: 0.0755660 seconds, Stopping threads took: 0.0000630 seconds
136.345: Application time: 0.0245100 seconds
136.345: [Full GC [PSYoungGen: 138240K->33982K(161280K)] [ParOldGen: 367892K->367892K(368128K)] 506132K->401875K(529408K) [PSPermGen: 13629K->13629K(21504K)], 0.0742020 secs] [Times: user=0.52 sys=0.00, real=0.08 secs] 
136.420: Total time for which application threads were stopped: 0.0748970 seconds, Stopping threads took: 0.0000630 seconds
136.444: Application time: 0.0246530 seconds
136.445: [Full GC [PSYoungGen: 138240K->33942K(161280K)] [ParOldGen: 367892K->367892K(368128K)] 506132K->401834K(529408K) [PSPermGen: 13629K->13629K(21504K)], 0.0752290 secs] [Times: user=0.52 sys=0.00, real=0.08 secs] 
136.520: Total time for which application threads were stopped: 0.0758740 seconds, Stopping threads took: 0.0000780 seconds
136.545: Application time: 0.0247540 seconds
136.545: [Full GC [PSYoungGen: 138240K->33941K(161280K)] [ParOldGen: 367892K->367892K(368128K)] 506132K->401833K(529408K) [PSPermGen: 13629K->13629K(21504K)], 0.0745670 secs] [Times: user=0.52 sys=0.00, real=0.08 secs] 
136.620: Total time for which application threads were stopped: 0.0752050 seconds, Stopping threads took: 0.0000870 seconds
136.645: Application time: 0.0247800 seconds
136.645: [Full GC [PSYoungGen: 138240K->33956K(161280K)] [ParOldGen: 367892K->367892K(368128K)] 506132K->401848K(529408K) [PSPermGen: 13629K->13629K(21504K)], 0.0743770 secs] [Times: user=0.52 sys=0.01, real=0.08 secs] 
136.720: Total time for which application threads were stopped: 0.0750750 seconds, Stopping threads took: 0.0000590 seconds
136.744: Application time: 0.0244090 seconds
136.745: [Full GC [PSYoungGen: 138240K->33970K(161280K)] [ParOldGen: 367892K->367892K(368128K)] 506132K->401862K(529408K) [PSPermGen: 13629K->13629K(21504K)], 0.0743020 secs] [Times: user=0.52 sys=0.00, real=0.08 secs] 
136.819: Total time for which application threads were stopped: 0.0750280 seconds, Stopping threads took: 0.0000810 seconds
136.844: Application time: 0.0244680 seconds
136.844: [Full GC [PSYoungGen: 138240K->33987K(161280K)] [ParOldGen: 367892K->367892K(368128K)] 506132K->401879K(529408K) [PSPermGen: 13629K->13629K(21504K)], 0.0742520 secs] [Times: user=0.52 sys=0.00, real=0.08 secs] 
136.919: Total time for which application threads were stopped: 0.0748860 seconds, Stopping threads took: 0.0000780 seconds
136.943: Application time: 0.0245010 seconds
136.944: [Full GC [PSYoungGen: 138240K->34003K(161280K)] [ParOldGen: 367892K->367892K(368128K)] 506132K->401895K(529408K) [PSPermGen: 13629K->13629K(21504K)], 0.0743250 secs] [Times: user=0.53 sys=0.00, real=0.08 secs] 
137.018: Total time for which application threads were stopped: 0.0750310 seconds, Stopping threads took: 0.0000750 seconds
137.043: Application time: 0.0244790 seconds
137.043: [Full GC [PSYoungGen: 138240K->34017K(161280K)] [ParOldGen: 367892K->367892K(368128K)] 506132K->401909K(529408K) [PSPermGen: 13629K->13629K(21504K)], 0.0749530 secs] [Times: user=0.52 sys=0.00, real=0.08 secs] 
137.118: Total time for which application threads were stopped: 0.0757160 seconds, Stopping threads took: 0.0000800 seconds
137.144: Application time: 0.0253250 seconds
137.144: [Full GC [PSYoungGen: 138240K->34032K(161280K)] [ParOldGen: 367892K->367892K(368128K)] 506132K->401925K(529408K) [PSPermGen: 13629K->13629K(21504K)], 0.0745260 secs] [Times: user=0.53 sys=0.00, real=0.08 secs] 
137.219: Total time for which application threads were stopped: 0.0752170 seconds, Stopping threads took: 0.0000560 seconds
137.245: Application time: 0.0256290 seconds
137.245: [Full GC [PSYoungGen: 138240K->34046K(161280K)] [ParOldGen: 367892K->367892K(368128K)] 506132K->401938K(529408K) [PSPermGen: 13629K->13629K(21504K)], 0.0751820 secs] [Times: user=0.52 sys=0.00, real=0.08 secs] 
137.321: Total time for which application threads were stopped: 0.0758850 seconds, Stopping threads took: 0.0000840 seconds
137.345: Application time: 0.0246760 seconds
137.346: [Full GC [PSYoungGen: 138240K->34061K(161280K)] [ParOldGen: 367892K->367892K(368128K)] 506132K->401954K(529408K) [PSPermGen: 13629K->13629K(21504K)], 0.0762570 secs] [Times: user=0.54 sys=0.00, real=0.07 secs] 
137.422: Total time for which application threads were stopped: 0.0768810 seconds, Stopping threads took: 0.0000570 seconds
137.447: Application time: 0.0250040 seconds
137.448: [Full GC [PSYoungGen: 138240K->34010K(161280K)] [ParOldGen: 367892K->367892K(368128K)] 506132K->401903K(529408K) [PSPermGen: 13629K->13629K(21504K)], 0.0741620 secs] [Times: user=0.52 sys=0.00, real=0.07 secs] 
137.522: Total time for which application threads were stopped: 0.0748860 seconds, Stopping threads took: 0.0001160 seconds
137.547: Application time: 0.0249700 seconds
137.548: [Full GC [PSYoungGen: 138240K->33962K(161280K)] [ParOldGen: 367892K->367892K(368128K)] 506132K->401855K(529408K) [PSPermGen: 13629K->13629K(21504K)], 0.0751050 secs] [Times: user=0.52 sys=0.00, real=0.07 secs] 
137.623: Total time for which application threads were stopped: 0.0758040 seconds, Stopping threads took: 0.0001240 seconds
137.647: Application time: 0.0245500 seconds
137.648: [Full GC [PSYoungGen: 138240K->33964K(161280K)] [ParOldGen: 367892K->367892K(368128K)] 506132K->401856K(529408K) [PSPermGen: 13629K->13629K(21504K)], 0.0743260 secs] [Times: user=0.52 sys=0.00, real=0.07 secs] 
137.722: Total time for which application threads were stopped: 0.0749660 seconds, Stopping threads took: 0.0000820 seconds
137.747: Application time: 0.0247130 seconds
137.748: [Full GC [PSYoungGen: 138240K->33979K(161280K)] [ParOldGen: 367892K->367892K(368128K)] 506132K->401872K(529408K) [PSPermGen: 13629K->13629K(21504K)], 0.0758660 secs] [Times: user=0.53 sys=0.00, real=0.07 secs] 
137.824: Total time for which application threads were stopped: 0.0765650 seconds, Stopping threads took: 0.0000690 seconds
137.848: Application time: 0.0247300 seconds
137.849: [Full GC [PSYoungGen: 138240K->33995K(161280K)] [ParOldGen: 367892K->367892K(368128K)] 506132K->401888K(529408K) [PSPermGen: 13629K->13629K(21504K)], 0.0751220 secs] [Times: user=0.53 sys=0.00, real=0.07 secs] 
137.924: Total time for which application threads were stopped: 0.0758320 seconds, Stopping threads took: 0.0000630 seconds
137.949: Application time: 0.0247170 seconds
137.949: [Full GC [PSYoungGen: 138240K->34009K(161280K)] [ParOldGen: 367892K->367892K(368128K)] 506132K->401902K(529408K) [PSPermGen: 13629K->13629K(21504K)], 0.0739300 secs] [Times: user=0.52 sys=0.00, real=0.07 secs] 
138.023: Total time for which application threads were stopped: 0.0745420 seconds, Stopping threads took: 0.0000550 seconds
138.048: Application time: 0.0247130 seconds
138.049: [Full GC [PSYoungGen: 138240K->34025K(161280K)] [ParOldGen: 367892K->367892K(368128K)] 506132K->401918K(529408K) [PSPermGen: 13629K->13629K(21504K)], 0.0745390 secs] [Times: user=0.52 sys=0.00, real=0.07 secs] 
138.123: Total time for which application threads were stopped: 0.0751940 seconds, Stopping threads took: 0.0000600 seconds
138.148: Application time: 0.0248240 seconds
138.149: [Full GC [PSYoungGen: 138240K->34038K(161280K)] [ParOldGen: 367892K->367892K(368128K)] 506132K->401931K(529408K) [PSPermGen: 13629K->13629K(21504K)], 0.0741040 secs] [Times: user=0.52 sys=0.00, real=0.07 secs] 
138.223: Total time for which application threads were stopped: 0.0748070 seconds, Stopping threads took: 0.0000760 seconds
138.248: Application time: 0.0247580 seconds
138.248: [Full GC [PSYoungGen: 138240K->34056K(161280K)] [ParOldGen: 367892K->367892K(368128K)] 506132K->401948K(529408K) [PSPermGen: 13629K->13629K(21504K)], 0.0745070 secs] [Times: user=0.52 sys=0.00, real=0.07 secs] 
138.323: Total time for which application threads were stopped: 0.0751390 seconds, Stopping threads took: 0.0000730 seconds
138.348: Application time: 0.0249090 seconds
138.348: [Full GC [PSYoungGen: 138240K->34071K(161280K)] [ParOldGen: 367892K->367892K(368128K)] 506132K->401964K(529408K) [PSPermGen: 13629K->13629K(21504K)], 0.0745880 secs] [Times: user=0.53 sys=0.00, real=0.07 secs] 
138.423: Total time for which application threads were stopped: 0.0752820 seconds, Stopping threads took: 0.0000680 seconds
138.448: Application time: 0.0254270 seconds
138.449: [Full GC [PSYoungGen: 138240K->33962K(161280K)] [ParOldGen: 367892K->367892K(368128K)] 506132K->401855K(529408K) [PSPermGen: 13629K->13629K(21504K)], 0.0745220 secs] [Times: user=0.52 sys=0.00, real=0.07 secs] 
138.524: Total time for which application threads were stopped: 0.0751640 seconds, Stopping threads took: 0.0000800 seconds
138.549: Application time: 0.0249210 seconds
138.549: [Full GC [PSYoungGen: 138240K->33959K(161280K)] [ParOldGen: 367892K->367892K(368128K)] 506132K->401851K(529408K) [PSPermGen: 13629K->13629K(21504K)], 0.0741530 secs] [Times: user=0.52 sys=0.00, real=0.07 secs] 
138.623: Total time for which application threads were stopped: 0.0747970 seconds, Stopping threads took: 0.0000780 seconds
138.649: Application time: 0.0253550 seconds
138.649: [Full GC [PSYoungGen: 138240K->33919K(161280K)] [ParOldGen: 367892K->367892K(368128K)] 506132K->401811K(529408K) [PSPermGen: 13629K->13629K(21504K)], 0.0735390 secs] [Times: user=0.53 sys=0.00, real=0.07 secs] 
138.723: Total time for which application threads were stopped: 0.0742570 seconds, Stopping threads took: 0.0000570 seconds
138.748: Application time: 0.0247250 seconds
138.749: [Full GC [PSYoungGen: 138240K->33921K(161280K)] [ParOldGen: 367892K->367892K(368128K)] 506132K->401814K(529408K) [PSPermGen: 13629K->13629K(21504K)], 0.0761820 secs] [Times: user=0.53 sys=0.00, real=0.08 secs] 
138.826: Total time for which application threads were stopped: 0.0778790 seconds, Stopping threads took: 0.0011300 seconds
138.851: Application time: 0.0251580 seconds
138.851: [Full GC [PSYoungGen: 138240K->33867K(161280K)] [ParOldGen: 367892K->367892K(368128K)] 506132K->401759K(529408K) [PSPermGen: 13629K->13629K(21504K)], 0.0739410 secs] [Times: user=0.53 sys=0.00, real=0.07 secs] 
138.925: Total time for which application threads were stopped: 0.0745660 seconds, Stopping threads took: 0.0000630 seconds
138.950: Application time: 0.0249770 seconds
138.951: [Full GC [PSYoungGen: 138240K->33880K(161280K)] [ParOldGen: 367892K->367892K(368128K)] 506132K->401773K(529408K) [PSPermGen: 13629K->13629K(21504K)], 0.0747250 secs] [Times: user=0.52 sys=0.00, real=0.08 secs] 
139.026: Total time for which application threads were stopped: 0.0754200 seconds, Stopping threads took: 0.0000700 seconds
139.051: Application time: 0.0250550 seconds
139.051: [Full GC [PSYoungGen: 138240K->33894K(161280K)] [ParOldGen: 367892K->367892K(368128K)] 506132K->401787K(529408K) [PSPermGen: 13629K->13629K(21504K)], 0.0745700 secs] [Times: user=0.52 sys=0.00, real=0.08 secs] 
139.126: Total time for which application threads were stopped: 0.0752330 seconds, Stopping threads took: 0.0000420 seconds
139.151: Application time: 0.0249070 seconds
139.152: [Full GC [PSYoungGen: 138240K->33907K(161280K)] [ParOldGen: 367892K->367892K(368128K)] 506132K->401799K(529408K) [PSPermGen: 13629K->13629K(21504K)], 0.0740590 secs] [Times: user=0.53 sys=0.00, real=0.08 secs] 
139.226: Total time for which application threads were stopped: 0.0747930 seconds, Stopping threads took: 0.0000940 seconds
139.251: Application time: 0.0248770 seconds
139.251: [Full GC [PSYoungGen: 138240K->33924K(161280K)] [ParOldGen: 367892K->367892K(368128K)] 506132K->401816K(529408K) [PSPermGen: 13629K->13629K(21504K)], 0.0741060 secs] [Times: user=0.53 sys=0.00, real=0.07 secs] 
139.325: Total time for which application threads were stopped: 0.0747690 seconds, Stopping threads took: 0.0001050 seconds
139.350: Application time: 0.0249650 seconds
139.351: [Full GC [PSYoungGen: 138240K->33937K(161280K)] [ParOldGen: 367892K->367892K(368128K)] 506132K->401830K(529408K) [PSPermGen: 13629K->13629K(21504K)], 0.0741810 secs] [Times: user=0.53 sys=0.00, real=0.07 secs] 
139.425: Total time for which application threads were stopped: 0.0749170 seconds, Stopping threads took: 0.0000930 seconds
139.450: Application time: 0.0251390 seconds
139.451: [Full GC [PSYoungGen: 138240K->33895K(161280K)] [ParOldGen: 367892K->367892K(368128K)] 506132K->401787K(529408K) [PSPermGen: 13629K->13629K(21504K)], 0.0744150 secs] [Times: user=0.52 sys=0.00, real=0.07 secs] 
139.526: Total time for which application threads were stopped: 0.0751150 seconds, Stopping threads took: 0.0000600 seconds
139.550: Application time: 0.0246570 seconds
139.551: [Full GC [PSYoungGen: 138240K->33896K(161280K)] [ParOldGen: 367892K->367892K(368128K)] 506132K->401788K(529408K) [PSPermGen: 13629K->13629K(21504K)], 0.0743200 secs] [Times: user=0.51 sys=0.00, real=0.07 secs] 
139.625: Total time for which application threads were stopped: 0.0750150 seconds, Stopping threads took: 0.0000690 seconds
139.650: Application time: 0.0247760 seconds
139.651: [Full GC [PSYoungGen: 138240K->33911K(161280K)] [ParOldGen: 367892K->367892K(368128K)] 506132K->401804K(529408K) [PSPermGen: 13629K->13629K(21504K)], 0.0746150 secs] [Times: user=0.52 sys=0.00, real=0.07 secs] 
139.725: Total time for which application threads were stopped: 0.0752290 seconds, Stopping threads took: 0.0000590 seconds
139.750: Application time: 0.0248150 seconds
139.751: [Full GC [PSYoungGen: 138240K->33927K(161280K)] [ParOldGen: 367892K->367892K(368128K)] 506132K->401819K(529408K) [PSPermGen: 13629K->13629K(21504K)], 0.0741670 secs] [Times: user=0.53 sys=0.00, real=0.07 secs] 
139.825: Total time for which application threads were stopped: 0.0749130 seconds, Stopping threads took: 0.0000840 seconds
139.850: Application time: 0.0248930 seconds
139.850: [Full GC [PSYoungGen: 138240K->33942K(161280K)] [ParOldGen: 367892K->367892K(368128K)] 506132K->401835K(529408K) [PSPermGen: 13629K->13629K(21504K)], 0.0748410 secs] [Times: user=0.53 sys=0.00, real=0.07 secs] 
139.925: Total time for which application threads were stopped: 0.0754650 seconds, Stopping threads took: 0.0000650 seconds
139.950: Application time: 0.0248360 seconds
139.951: [Full GC [PSYoungGen: 138240K->33957K(161280K)] [ParOldGen: 367892K->367892K(368128K)] 506132K->401849K(529408K) [PSPermGen: 13629K->13629K(21504K)], 0.0736040 secs] [Times: user=0.52 sys=0.00, real=0.07 secs] 
140.024: Total time for which application threads were stopped: 0.0743040 seconds, Stopping threads took: 0.0000440 seconds
140.049: Application time: 0.0246320 seconds
140.050: [Full GC [PSYoungGen: 138240K->33971K(161280K)] [ParOldGen: 367892K->367892K(368128K)] 506132K->401864K(529408K) [PSPermGen: 13629K->13629K(21504K)], 0.0746710 secs] [Times: user=0.52 sys=0.00, real=0.07 secs] 
140.124: Total time for which application threads were stopped: 0.0753880 seconds, Stopping threads took: 0.0000540 seconds
140.149: Application time: 0.0248840 seconds
140.150: [Full GC [PSYoungGen: 138240K->33985K(161280K)] [ParOldGen: 367892K->367892K(368128K)] 506132K->401878K(529408K) [PSPermGen: 13629K->13629K(21504K)], 0.0747010 secs] [Times: user=0.52 sys=0.01, real=0.07 secs] 
140.225: Total time for which application threads were stopped: 0.0753560 seconds, Stopping threads took: 0.0000700 seconds
140.249: Application time: 0.0247020 seconds
140.250: [Full GC [PSYoungGen: 138240K->34002K(161280K)] [ParOldGen: 367892K->367892K(368128K)] 506132K->401894K(529408K) [PSPermGen: 13629K->13629K(21504K)], 0.0756050 secs] [Times: user=0.53 sys=0.00, real=0.08 secs] 
140.326: Total time for which application threads were stopped: 0.0763290 seconds, Stopping threads took: 0.0000670 seconds
140.351: Application time: 0.0247850 seconds
140.351: [Full GC [PSYoungGen: 138240K->34017K(161280K)] [ParOldGen: 367892K->367892K(368128K)] 506132K->401909K(529408K) [PSPermGen: 13629K->13629K(21504K)], 0.0745660 secs] [Times: user=0.53 sys=0.00, real=0.08 secs] 
140.426: Total time for which application threads were stopped: 0.0753110 seconds, Stopping threads took: 0.0000890 seconds
140.451: Application time: 0.0249280 seconds
140.451: [Full GC [PSYoungGen: 138240K->33976K(161280K)] [ParOldGen: 367892K->367892K(368128K)] 506132K->401869K(529408K) [PSPermGen: 13629K->13629K(21504K)], 0.0738890 secs] [Times: user=0.52 sys=0.00, real=0.07 secs] 
140.525: Total time for which application threads were stopped: 0.0746110 seconds, Stopping threads took: 0.0000860 seconds
140.550: Application time: 0.0246870 seconds
140.551: [Full GC [PSYoungGen: 138240K->33976K(161280K)] [ParOldGen: 367892K->367892K(368128K)] 506132K->401869K(529408K) [PSPermGen: 13629K->13629K(21504K)], 0.0750410 secs] [Times: user=0.52 sys=0.00, real=0.08 secs] 
140.626: Total time for which application threads were stopped: 0.0756820 seconds, Stopping threads took: 0.0000700 seconds
140.650: Application time: 0.0246310 seconds
140.651: [Full GC [PSYoungGen: 138240K->33991K(161280K)] [ParOldGen: 367892K->367892K(368128K)] 506132K->401884K(529408K) [PSPermGen: 13629K->13629K(21504K)], 0.0743900 secs] [Times: user=0.53 sys=0.00, real=0.07 secs] 
140.725: Total time for which application threads were stopped: 0.0750140 seconds, Stopping threads took: 0.0000690 seconds
140.750: Application time: 0.0248710 seconds
140.751: [Full GC [PSYoungGen: 138240K->34006K(161280K)] [ParOldGen: 367892K->367892K(368128K)] 506132K->401898K(529408K) [PSPermGen: 13629K->13629K(21504K)], 0.0737960 secs] [Times: user=0.52 sys=0.00, real=0.07 secs] 
140.825: Total time for which application threads were stopped: 0.0744960 seconds, Stopping threads took: 0.0000650 seconds
140.850: Application time: 0.0248720 seconds
140.850: [Full GC [PSYoungGen: 138240K->34021K(161280K)] [ParOldGen: 367892K->367892K(368128K)] 506132K->401914K(529408K) [PSPermGen: 13629K->13629K(21504K)], 0.0745240 secs] [Times: user=0.53 sys=0.00, real=0.07 secs] 
140.925: Total time for which application threads were stopped: 0.0752400 seconds, Stopping threads took: 0.0000800 seconds
140.950: Application time: 0.0249210 seconds
140.951: [Full GC [PSYoungGen: 138240K->34034K(161280K)] [ParOldGen: 367892K->367892K(368128K)] 506132K->401927K(529408K) [PSPermGen: 13629K->13629K(21504K)], 0.0751520 secs] [Times: user=0.52 sys=0.00, real=0.08 secs] 
141.026: Total time for which application threads were stopped: 0.0758840 seconds, Stopping threads took: 0.0000780 seconds
141.051: Application time: 0.0248300 seconds
141.051: [Full GC [PSYoungGen: 138240K->34051K(161280K)] [ParOldGen: 367892K->367892K(368128K)] 506132K->401944K(529408K) [PSPermGen: 13629K->13629K(21504K)], 0.0752880 secs] [Times: user=0.52 sys=0.00, real=0.08 secs] 
141.126: Total time for which application threads were stopped: 0.0759060 seconds, Stopping threads took: 0.0000650 seconds
141.151: Application time: 0.0246600 seconds
141.152: [Full GC [PSYoungGen: 138240K->34009K(161280K)] [ParOldGen: 367892K->367892K(368128K)] 506132K->401902K(529408K) [PSPermGen: 13629K->13629K(21504K)], 0.0733610 secs] [Times: user=0.52 sys=0.00, real=0.07 secs] 
141.225: Total time for which application threads were stopped: 0.0740400 seconds, Stopping threads took: 0.0000580 seconds
141.251: Application time: 0.0253440 seconds
141.251: [Full GC [PSYoungGen: 138240K->33954K(161280K)] [ParOldGen: 367892K->367892K(368128K)] 506132K->401847K(529408K) [PSPermGen: 13629K->13629K(21504K)], 0.0740700 secs] [Times: user=0.52 sys=0.00, real=0.07 secs] 
141.325: Total time for which application threads were stopped: 0.0747800 seconds, Stopping threads took: 0.0000710 seconds
141.350: Application time: 0.0248860 seconds
141.351: [Full GC [PSYoungGen: 138240K->33954K(161280K)] [ParOldGen: 367892K->367892K(368128K)] 506132K->401847K(529408K) [PSPermGen: 13629K->13629K(21504K)], 0.0747410 secs] [Times: user=0.53 sys=0.00, real=0.08 secs] 
141.426: Total time for which application threads were stopped: 0.0753940 seconds, Stopping threads took: 0.0000960 seconds
141.450: Application time: 0.0248320 seconds
141.451: [Full GC [PSYoungGen: 138240K->33966K(161280K)] [ParOldGen: 367892K->367892K(368128K)] 506132K->401858K(529408K) [PSPermGen: 13629K->13629K(21504K)], 0.0737150 secs] [Times: user=0.52 sys=0.00, real=0.07 secs] 
141.525: Total time for which application threads were stopped: 0.0744740 seconds, Stopping threads took: 0.0001130 seconds
141.550: Application time: 0.0250000 seconds
141.551: [Full GC [PSYoungGen: 138240K->33984K(161280K)] [ParOldGen: 367892K->367892K(368128K)] 506132K->401876K(529408K) [PSPermGen: 13629K->13629K(21504K)], 0.0743150 secs] [Times: user=0.52 sys=0.00, real=0.07 secs] 
141.625: Total time for which application threads were stopped: 0.0750020 seconds, Stopping threads took: 0.0000500 seconds
141.650: Application time: 0.0247350 seconds
141.650: [Full GC [PSYoungGen: 138240K->34001K(161280K)] [ParOldGen: 367892K->367892K(368128K)] 506132K->401893K(529408K) [PSPermGen: 13629K->13629K(21504K)], 0.0744770 secs] [Times: user=0.53 sys=0.00, real=0.07 secs] 
141.725: Total time for which application threads were stopped: 0.0751870 seconds, Stopping threads took: 0.0000690 seconds
141.750: Application time: 0.0247970 seconds
141.750: [Full GC [PSYoungGen: 138240K->34015K(161280K)] [ParOldGen: 367892K->367892K(368128K)] 506132K->401908K(529408K) [PSPermGen: 13629K->13629K(21504K)], 0.0757690 secs] [Times: user=0.53 sys=0.00, real=0.08 secs] 
141.826: Total time for which application threads were stopped: 0.0764020 seconds, Stopping threads took: 0.0000810 seconds
141.851: Application time: 0.0249450 seconds
141.852: [Full GC [PSYoungGen: 138240K->34028K(161280K)] [ParOldGen: 367892K->367892K(368128K)] 506132K->401920K(529408K) [PSPermGen: 13629K->13629K(21504K)], 0.0742330 secs] [Times: user=0.52 sys=0.00, real=0.08 secs] 
141.926: Total time for which application threads were stopped: 0.0748530 seconds, Stopping threads took: 0.0000680 seconds
141.951: Application time: 0.0250210 seconds
141.951: [Full GC [PSYoungGen: 138240K->34045K(161280K)] [ParOldGen: 367892K->367892K(368128K)] 506132K->401938K(529408K) [PSPermGen: 13629K->13629K(21504K)], 0.0746690 secs] [Times: user=0.52 sys=0.00, real=0.08 secs] 
142.026: Total time for which application threads were stopped: 0.0752700 seconds, Stopping threads took: 0.0000550 seconds
142.051: Application time: 0.0248790 seconds
142.052: [Full GC [PSYoungGen: 138240K->34062K(161280K)] [ParOldGen: 367892K->367892K(368128K)] 506132K->401954K(529408K) [PSPermGen: 13629K->13629K(21504K)], 0.0754650 secs] [Times: user=0.54 sys=0.00, real=0.08 secs] 
142.127: Total time for which application threads were stopped: 0.0761460 seconds, Stopping threads took: 0.0000910 seconds
142.152: Application time: 0.0251430 seconds
142.153: [Full GC [PSYoungGen: 138240K->34005K(161280K)] [ParOldGen: 367892K->367892K(368128K)] 506132K->401897K(529408K) [PSPermGen: 13629K->13629K(21504K)], 0.0743930 secs] [Times: user=0.53 sys=0.00, real=0.08 secs] 
142.227: Total time for which application threads were stopped: 0.0750850 seconds, Stopping threads took: 0.0000860 seconds
142.252: Application time: 0.0247980 seconds
142.253: [Full GC [PSYoungGen: 138240K->34013K(161280K)] [ParOldGen: 367892K->367892K(368128K)] 506132K->401906K(529408K) [PSPermGen: 13629K->13629K(21504K)], 0.0748840 secs] [Times: user=0.53 sys=0.00, real=0.08 secs] 
142.328: Total time for which application threads were stopped: 0.0755770 seconds, Stopping threads took: 0.0000750 seconds
142.353: Application time: 0.0253060 seconds
142.354: [Full GC [PSYoungGen: 138240K->33897K(161280K)] [ParOldGen: 367892K->367892K(368128K)] 506132K->401790K(529408K) [PSPermGen: 13629K->13629K(21504K)], 0.0743100 secs] [Times: user=0.52 sys=0.00, real=0.07 secs] 
142.428: Total time for which application threads were stopped: 0.0750320 seconds, Stopping threads took: 0.0000830 seconds
142.453: Application time: 0.0248440 seconds
142.454: [Full GC [PSYoungGen: 138240K->33909K(161280K)] [ParOldGen: 367892K->367892K(368128K)] 506132K->401802K(529408K) [PSPermGen: 13629K->13629K(21504K)], 0.0744370 secs] [Times: user=0.52 sys=0.00, real=0.07 secs] 
142.528: Total time for which application threads were stopped: 0.0751080 seconds, Stopping threads took: 0.0001040 seconds
142.553: Application time: 0.0248630 seconds
142.554: [Full GC [PSYoungGen: 138240K->33923K(161280K)] [ParOldGen: 367892K->367892K(368128K)] 506132K->401815K(529408K) [PSPermGen: 13629K->13629K(21504K)], 0.0744490 secs] [Times: user=0.53 sys=0.00, real=0.07 secs] 
142.628: Total time for which application threads were stopped: 0.0751800 seconds, Stopping threads took: 0.0000660 seconds
142.653: Application time: 0.0250850 seconds
142.654: [Full GC [PSYoungGen: 138240K->33882K(161280K)] [ParOldGen: 367892K->367892K(368128K)] 506132K->401774K(529408K) [PSPermGen: 13629K->13629K(21504K)], 0.0748390 secs] [Times: user=0.52 sys=0.00, real=0.07 secs] 
142.729: Total time for which application threads were stopped: 0.0754680 seconds, Stopping threads took: 0.0000610 seconds
142.754: Application time: 0.0248530 seconds
142.754: [Full GC [PSYoungGen: 138240K->33883K(161280K)] [ParOldGen: 367892K->367892K(368128K)] 506132K->401775K(529408K) [PSPermGen: 13629K->13629K(21504K)], 0.0738720 secs] [Times: user=0.52 sys=0.00, real=0.07 secs] 
142.828: Total time for which application threads were stopped: 0.0745040 seconds, Stopping threads took: 0.0000750 seconds
142.853: Application time: 0.0248540 seconds
142.854: [Full GC [PSYoungGen: 138240K->33899K(161280K)] [ParOldGen: 367892K->367892K(368128K)] 506132K->401791K(529408K) [PSPermGen: 13629K->13629K(21504K)], 0.0739840 secs] [Times: user=0.52 sys=0.00, real=0.07 secs] 
142.928: Total time for which application threads were stopped: 0.0746760 seconds, Stopping threads took: 0.0000490 seconds
142.952: Application time: 0.0248560 seconds
142.953: [Full GC [PSYoungGen: 138240K->33912K(161280K)] [ParOldGen: 367892K->367892K(368128K)] 506132K->401805K(529408K) [PSPermGen: 13629K->13629K(21504K)], 0.0744090 secs] [Times: user=0.53 sys=0.00, real=0.08 secs] 
143.028: Total time for which application threads were stopped: 0.0750400 seconds, Stopping threads took: 0.0000730 seconds
143.052: Application time: 0.0247670 seconds
143.053: [Full GC [PSYoungGen: 138240K->33928K(161280K)] [ParOldGen: 367892K->367892K(368128K)] 506132K->401821K(529408K) [PSPermGen: 13629K->13629K(21504K)], 0.0757270 secs] [Times: user=0.54 sys=0.00, real=0.08 secs] 
143.129: Total time for which application threads were stopped: 0.0764390 seconds, Stopping threads took: 0.0000740 seconds
143.153: Application time: 0.0247660 seconds
143.154: [Full GC [PSYoungGen: 138240K->33944K(161280K)] [ParOldGen: 367892K->367892K(368128K)] 506132K->401837K(529408K) [PSPermGen: 13629K->13629K(21504K)], 0.0740610 secs] [Times: user=0.52 sys=0.00, real=0.07 secs] 
143.228: Total time for which application threads were stopped: 0.0747160 seconds, Stopping threads took: 0.0000800 seconds
143.253: Application time: 0.0248720 seconds
143.254: [Full GC [PSYoungGen: 138240K->33957K(161280K)] [ParOldGen: 367892K->367892K(368128K)] 506132K->401850K(529408K) [PSPermGen: 13629K->13629K(21504K)], 0.0754340 secs] [Times: user=0.52 sys=0.00, real=0.07 secs] 
143.329: Total time for which application threads were stopped: 0.0761180 seconds, Stopping threads took: 0.0000590 seconds
143.355: Application time: 0.0254930 seconds
143.355: [Full GC [PSYoungGen: 138240K->33916K(161280K)] [ParOldGen: 367892K->367892K(368128K)] 506132K->401808K(529408K) [PSPermGen: 13629K->13629K(21504K)], 0.0739880 secs] [Times: user=0.53 sys=0.00, real=0.07 secs] 
143.429: Total time for which application threads were stopped: 0.0747150 seconds, Stopping threads took: 0.0000950 seconds
143.454: Application time: 0.0248550 seconds
143.455: [Full GC [PSYoungGen: 138240K->33917K(161280K)] [ParOldGen: 367892K->367892K(368128K)] 506132K->401809K(529408K) [PSPermGen: 13629K->13629K(21504K)], 0.0746200 secs] [Times: user=0.52 sys=0.00, real=0.07 secs] 
143.530: Total time for which application threads were stopped: 0.0752350 seconds, Stopping threads took: 0.0000670 seconds
143.554: Application time: 0.0248240 seconds
143.555: [Full GC [PSYoungGen: 138240K->33929K(161280K)] [ParOldGen: 367892K->367892K(368128K)] 506132K->401821K(529408K) [PSPermGen: 13629K->13629K(21504K)], 0.0746650 secs] [Times: user=0.52 sys=0.00, real=0.07 secs] 
143.630: Total time for which application threads were stopped: 0.0752930 seconds, Stopping threads took: 0.0000730 seconds
143.654: Application time: 0.0247000 seconds
143.655: [Full GC [PSYoungGen: 138240K->33946K(161280K)] [ParOldGen: 367892K->367892K(368128K)] 506132K->401839K(529408K) [PSPermGen: 13629K->13629K(21504K)], 0.0767140 secs] [Times: user=0.54 sys=0.00, real=0.07 secs] 
143.732: Total time for which application threads were stopped: 0.0773560 seconds, Stopping threads took: 0.0000610 seconds
143.756: Application time: 0.0247010 seconds
143.757: [Full GC [PSYoungGen: 138240K->33961K(161280K)] [ParOldGen: 367892K->367892K(368128K)] 506132K->401853K(529408K) [PSPermGen: 13629K->13629K(21504K)], 0.0738240 secs] [Times: user=0.52 sys=0.00, real=0.07 secs] 
143.831: Total time for which application threads were stopped: 0.0745320 seconds, Stopping threads took: 0.0000850 seconds
143.856: Application time: 0.0246930 seconds
143.856: [Full GC [PSYoungGen: 138240K->33976K(161280K)] [ParOldGen: 367892K->367892K(368128K)] 506132K->401869K(529408K) [PSPermGen: 13629K->13629K(21504K)], 0.0742320 secs] [Times: user=0.52 sys=0.00, real=0.07 secs] 
143.931: Total time for which application threads were stopped: 0.0749310 seconds, Stopping threads took: 0.0000640 seconds
143.955: Application time: 0.0246520 seconds
143.956: [Full GC [PSYoungGen: 138240K->33990K(161280K)] [ParOldGen: 367892K->367892K(368128K)] 506132K->401883K(529408K) [PSPermGen: 13629K->13629K(21504K)], 0.0750050 secs] [Times: user=0.52 sys=0.00, real=0.07 secs] 
144.031: Total time for which application threads were stopped: 0.0756280 seconds, Stopping threads took: 0.0000680 seconds
144.056: Application time: 0.0248660 seconds
144.056: [Full GC [PSYoungGen: 138240K->34006K(161280K)] [ParOldGen: 367892K->367892K(368128K)] 506132K->401898K(529408K) [PSPermGen: 13629K->13629K(21504K)], 0.0749350 secs] [Times: user=0.53 sys=0.00, real=0.07 secs] 
144.131: Total time for which application threads were stopped: 0.0756600 seconds, Stopping threads took: 0.0000890 seconds
144.156: Application time: 0.0245220 seconds
144.156: [Full GC [PSYoungGen: 138240K->34019K(161280K)] [ParOldGen: 367892K->367892K(368128K)] 506132K->401911K(529408K) [PSPermGen: 13629K->13629K(21504K)], 0.0742130 secs] [Times: user=0.52 sys=0.00, real=0.07 secs] 
144.231: Total time for which application threads were stopped: 0.0748430 seconds, Stopping threads took: 0.0000570 seconds
144.256: Application time: 0.0247990 seconds
144.256: [Full GC [PSYoungGen: 138240K->34037K(161280K)] [ParOldGen: 367892K->367892K(368128K)] 506132K->401930K(529408K) [PSPermGen: 13629K->13629K(21504K)], 0.0740550 secs] [Times: user=0.52 sys=0.00, real=0.07 secs] 
144.330: Total time for which application threads were stopped: 0.0747540 seconds, Stopping threads took: 0.0000570 seconds
144.355: Application time: 0.0249210 seconds
144.356: [Full GC [PSYoungGen: 138240K->33991K(161280K)] [ParOldGen: 367892K->367892K(368128K)] 506132K->401883K(529408K) [PSPermGen: 13629K->13629K(21504K)], 0.0743100 secs] [Times: user=0.53 sys=0.00, real=0.07 secs] 
144.430: Total time for which application threads were stopped: 0.0750250 seconds, Stopping threads took: 0.0000820 seconds
144.455: Application time: 0.0248320 seconds
144.456: [Full GC [PSYoungGen: 138240K->33995K(161280K)] [ParOldGen: 367892K->367892K(368128K)] 506132K->401887K(529408K) [PSPermGen: 13629K->13629K(21504K)], 0.0745110 secs] [Times: user=0.53 sys=0.00, real=0.07 secs] 
144.530: Total time for which application threads were stopped: 0.0752040 seconds, Stopping threads took: 0.0000550 seconds
144.555: Application time: 0.0247950 seconds
144.556: [Full GC [PSYoungGen: 138240K->34012K(161280K)] [ParOldGen: 367892K->367892K(368128K)] 506132K->401904K(529408K) [PSPermGen: 13629K->13629K(21504K)], 0.0747500 secs] [Times: user=0.53 sys=0.00, real=0.07 secs] 
144.630: Total time for which application threads were stopped: 0.0753630 seconds, Stopping threads took: 0.0000520 seconds
144.655: Application time: 0.0248540 seconds
144.656: [Full GC [PSYoungGen: 138240K->34027K(161280K)] [ParOldGen: 367892K->367892K(368128K)] 506132K->401919K(529408K) [PSPermGen: 13629K->13629K(21504K)], 0.0738610 secs] [Times: user=0.53 sys=0.00, real=0.07 secs] 
144.730: Total time for which application threads were stopped: 0.0745550 seconds, Stopping threads took: 0.0000690 seconds
144.755: Application time: 0.0251210 seconds
144.758: [Full GC [PSYoungGen: 138240K->33985K(161280K)] [ParOldGen: 367892K->367892K(368128K)] 506132K->401878K(529408K) [PSPermGen: 13629K->13629K(21504K)], 0.0768600 secs] [Times: user=0.54 sys=0.00, real=0.08 secs] 
144.835: Total time for which application threads were stopped: 0.0800060 seconds, Stopping threads took: 0.0025660 seconds
144.860: Application time: 0.0251210 seconds
144.861: [Full GC [PSYoungGen: 138240K->33924K(161280K)] [ParOldGen: 367892K->367892K(368128K)] 506132K->401816K(529408K) [PSPermGen: 13629K->13629K(21504K)], 0.0739030 secs] [Times: user=0.53 sys=0.00, real=0.08 secs] 
144.935: Total time for which application threads were stopped: 0.0745280 seconds, Stopping threads took: 0.0000600 seconds
144.960: Application time: 0.0248790 seconds
144.960: [Full GC [PSYoungGen: 138240K->33930K(161280K)] [ParOldGen: 367892K->367892K(368128K)] 506132K->401823K(529408K) [PSPermGen: 13629K->13629K(21504K)], 0.0741110 secs] [Times: user=0.52 sys=0.00, real=0.08 secs] 
145.034: Total time for which application threads were stopped: 0.0748320 seconds, Stopping threads took: 0.0000800 seconds
145.059: Application time: 0.0246040 seconds
145.060: [Full GC [PSYoungGen: 138240K->33944K(161280K)] [ParOldGen: 367892K->367892K(368128K)] 506132K->401836K(529408K) [PSPermGen: 13629K->13629K(21504K)], 0.0749010 secs] [Times: user=0.52 sys=0.00, real=0.08 secs] 
145.135: Total time for which application threads were stopped: 0.0755720 seconds, Stopping threads took: 0.0000500 seconds
145.159: Application time: 0.0247200 seconds
145.160: [Full GC [PSYoungGen: 138240K->33955K(161280K)] [ParOldGen: 367892K->367892K(368128K)] 506132K->401848K(529408K) [PSPermGen: 13629K->13629K(21504K)], 0.0741630 secs] [Times: user=0.53 sys=0.00, real=0.08 secs] 
145.234: Total time for which application threads were stopped: 0.0748610 seconds, Stopping threads took: 0.0000580 seconds
145.259: Application time: 0.0247060 seconds
145.260: [Full GC [PSYoungGen: 138240K->33973K(161280K)] [ParOldGen: 367892K->367892K(368128K)] 506132K->401866K(529408K) [PSPermGen: 13629K->13629K(21504K)], 0.0738510 secs] [Times: user=0.52 sys=0.00, real=0.07 secs] 
145.333: Total time for which application threads were stopped: 0.0745750 seconds, Stopping threads took: 0.0000850 seconds
145.358: Application time: 0.0249910 seconds
145.359: [Full GC [PSYoungGen: 138240K->33989K(161280K)] [ParOldGen: 367892K->367892K(368128K)] 506132K->401882K(529408K) [PSPermGen: 13629K->13629K(21504K)], 0.0755530 secs] [Times: user=0.54 sys=0.00, real=0.08 secs] 
145.435: Total time for which application threads were stopped: 0.0761660 seconds, Stopping threads took: 0.0000620 seconds
145.459: Application time: 0.0248740 seconds
145.460: [Full GC [PSYoungGen: 138240K->34005K(161280K)] [ParOldGen: 367892K->367892K(368128K)] 506132K->401898K(529408K) [PSPermGen: 13629K->13629K(21504K)], 0.0740970 secs] [Times: user=0.52 sys=0.00, real=0.08 secs] 
145.534: Total time for which application threads were stopped: 0.0747950 seconds, Stopping threads took: 0.0000680 seconds
145.559: Application time: 0.0245520 seconds
145.559: [Full GC [PSYoungGen: 138240K->34022K(161280K)] [ParOldGen: 367892K->367892K(368128K)] 506132K->401914K(529408K) [PSPermGen: 13629K->13629K(21504K)], 0.0743230 secs] [Times: user=0.53 sys=0.00, real=0.08 secs] 
145.634: Total time for which application threads were stopped: 0.0750370 seconds, Stopping threads took: 0.0000770 seconds
145.659: Application time: 0.0249680 seconds
145.659: [Full GC [PSYoungGen: 138240K->34036K(161280K)] [ParOldGen: 367892K->367892K(368128K)] 506132K->401928K(529408K) [PSPermGen: 13629K->13629K(21504K)], 0.0749250 secs] [Times: user=0.53 sys=0.00, real=0.08 secs] 
145.734: Total time for which application threads were stopped: 0.0755470 seconds, Stopping threads took: 0.0000750 seconds
145.760: Application time: 0.0251850 seconds
145.760: [Full GC [PSYoungGen: 138240K->34051K(161280K)] [ParOldGen: 367892K->367892K(368128K)] 506132K->401944K(529408K) [PSPermGen: 13629K->13629K(21504K)], 0.0744850 secs] [Times: user=0.53 sys=0.00, real=0.08 secs] 
145.835: Total time for which application threads were stopped: 0.0751980 seconds, Stopping threads took: 0.0000620 seconds
145.860: Application time: 0.0249370 seconds
145.860: [Full GC [PSYoungGen: 138240K->34064K(161280K)] [ParOldGen: 367892K->367892K(368128K)] 506132K->401957K(529408K) [PSPermGen: 13629K->13629K(21504K)], 0.0755440 secs] [Times: user=0.53 sys=0.00, real=0.08 secs] 
145.936: Total time for which application threads were stopped: 0.0762900 seconds, Stopping threads took: 0.0001060 seconds
145.961: Application time: 0.0251080 seconds
145.962: [Full GC [PSYoungGen: 138240K->34026K(161280K)] [ParOldGen: 367892K->367892K(368128K)] 506132K->401918K(529408K) [PSPermGen: 13629K->13629K(21504K)], 0.0746190 secs] [Times: user=0.53 sys=0.00, real=0.08 secs] 
146.037: Total time for which application threads were stopped: 0.0753730 seconds, Stopping threads took: 0.0001050 seconds
146.062: Application time: 0.0252200 seconds
146.062: [Full GC [PSYoungGen: 138240K->33947K(161280K)] [ParOldGen: 367892K->367892K(368128K)] 506132K->401839K(529408K) [PSPermGen: 13629K->13629K(21504K)], 0.0762930 secs] [Times: user=0.54 sys=0.00, real=0.08 secs] 
146.139: Total time for which application threads were stopped: 0.0769910 seconds, Stopping threads took: 0.0000530 seconds
146.164: Application time: 0.0251670 seconds
146.165: [Full GC [PSYoungGen: 138240K->33901K(161280K)] [ParOldGen: 367892K->367892K(368128K)] 506132K->401793K(529408K) [PSPermGen: 13629K->13629K(21504K)], 0.0744510 secs] [Times: user=0.53 sys=0.00, real=0.08 secs] 
146.239: Total time for which application threads were stopped: 0.0751410 seconds, Stopping threads took: 0.0000620 seconds
146.264: Application time: 0.0248730 seconds
146.265: [Full GC [PSYoungGen: 138240K->33913K(161280K)] [ParOldGen: 367892K->367892K(368128K)] 506132K->401806K(529408K) [PSPermGen: 13629K->13629K(21504K)], 0.0805140 secs] [Times: user=0.56 sys=0.00, real=0.08 secs] 
146.345: Total time for which application threads were stopped: 0.0811670 seconds, Stopping threads took: 0.0000660 seconds
146.370: Application time: 0.0252730 seconds
146.371: [Full GC [PSYoungGen: 138240K->33875K(161280K)] [ParOldGen: 367892K->367892K(368128K)] 506132K->401767K(529408K) [PSPermGen: 13629K->13629K(21504K)], 0.0737840 secs] [Times: user=0.52 sys=0.00, real=0.07 secs] 
146.445: Total time for which application threads were stopped: 0.0744750 seconds, Stopping threads took: 0.0000530 seconds
146.470: Application time: 0.0253790 seconds
146.471: [Full GC [PSYoungGen: 138240K->33873K(161280K)] [ParOldGen: 367892K->367892K(368128K)] 506132K->401765K(529408K) [PSPermGen: 13629K->13629K(21504K)], 0.0745670 secs] [Times: user=0.53 sys=0.00, real=0.07 secs] 
146.546: Total time for which application threads were stopped: 0.0752730 seconds, Stopping threads took: 0.0000600 seconds
146.570: Application time: 0.0247800 seconds
146.571: [Full GC [PSYoungGen: 138240K->33884K(161280K)] [ParOldGen: 367892K->367892K(368128K)] 506132K->401776K(529408K) [PSPermGen: 13629K->13629K(21504K)], 0.0742840 secs] [Times: user=0.52 sys=0.00, real=0.07 secs] 
146.645: Total time for which application threads were stopped: 0.0749300 seconds, Stopping threads took: 0.0000780 seconds
146.670: Application time: 0.0247490 seconds
146.671: [Full GC [PSYoungGen: 138240K->33903K(161280K)] [ParOldGen: 367892K->367892K(368128K)] 506132K->401796K(529408K) [PSPermGen: 13629K->13629K(21504K)], 0.0738560 secs] [Times: user=0.52 sys=0.00, real=0.07 secs] 
146.745: Total time for which application threads were stopped: 0.0745470 seconds, Stopping threads took: 0.0000650 seconds
146.769: Application time: 0.0248650 seconds
146.770: [Full GC [PSYoungGen: 138240K->33917K(161280K)] [ParOldGen: 367892K->367892K(368128K)] 506132K->401810K(529408K) [PSPermGen: 13629K->13629K(21504K)], 0.0737790 secs] [Times: user=0.51 sys=0.01, real=0.07 secs] 
146.844: Total time for which application threads were stopped: 0.0744880 seconds, Stopping threads took: 0.0000500 seconds
146.868: Application time: 0.0245230 seconds
146.869: [Full GC [PSYoungGen: 138240K->33932K(161280K)] [ParOldGen: 367892K->367892K(368128K)] 506132K->401825K(529408K) [PSPermGen: 13629K->13629K(21504K)], 0.0744070 secs] [Times: user=0.53 sys=0.00, real=0.07 secs] 
146.944: Total time for which application threads were stopped: 0.0751010 seconds, Stopping threads took: 0.0000600 seconds
146.968: Application time: 0.0243800 seconds
146.968: [Full GC [PSYoungGen: 138240K->33945K(161280K)] [ParOldGen: 367892K->367892K(368128K)] 506132K->401837K(529408K) [PSPermGen: 13629K->13629K(21504K)], 0.0748150 secs] [Times: user=0.52 sys=0.00, real=0.07 secs] 
147.043: Total time for which application threads were stopped: 0.0754540 seconds, Stopping threads took: 0.0000790 seconds
147.068: Application time: 0.0248250 seconds
147.069: [Full GC [PSYoungGen: 138240K->33961K(161280K)] [ParOldGen: 367892K->367892K(368128K)] 506132K->401854K(529408K) [PSPermGen: 13629K->13629K(21504K)], 0.0754610 secs] [Times: user=0.52 sys=0.00, real=0.07 secs] 
147.144: Total time for which application threads were stopped: 0.0761090 seconds, Stopping threads took: 0.0000900 seconds
147.169: Application time: 0.0251610 seconds
147.170: [Full GC [PSYoungGen: 138240K->33463K(161280K)] [ParOldGen: 367892K->367994K(368128K)] 506132K->401457K(529408K) [PSPermGen: 13629K->13629K(21504K)], 0.2475800 secs] [Times: user=1.82 sys=0.02, real=0.25 secs] 
147.418: Total time for which application threads were stopped: 0.2482060 seconds, Stopping threads took: 0.0000710 seconds
147.443: Application time: 0.0249590 seconds
147.443: [Full GC [PSYoungGen: 138240K->33425K(161280K)] [ParOldGen: 367994K->367994K(368128K)] 506234K->401420K(529408K) [PSPermGen: 13629K->13629K(21504K)], 0.0740430 secs] [Times: user=0.52 sys=0.00, real=0.08 secs] 
147.517: Total time for which application threads were stopped: 0.0747490 seconds, Stopping threads took: 0.0001000 seconds
147.542: Application time: 0.0245560 seconds
147.542: [Full GC [PSYoungGen: 138240K->33424K(161280K)] [ParOldGen: 367994K->367994K(368128K)] 506234K->401419K(529408K) [PSPermGen: 13629K->13629K(21504K)], 0.0737030 secs] [Times: user=0.52 sys=0.00, real=0.08 secs] 
147.616: Total time for which application threads were stopped: 0.0743250 seconds, Stopping threads took: 0.0000710 seconds
147.641: Application time: 0.0244930 seconds
147.641: [Full GC [PSYoungGen: 138240K->33439K(161280K)] [ParOldGen: 367994K->367994K(368128K)] 506234K->401433K(529408K) [PSPermGen: 13629K->13629K(21504K)], 0.0731330 secs] [Times: user=0.52 sys=0.01, real=0.08 secs] 
147.715: Total time for which application threads were stopped: 0.0738040 seconds, Stopping threads took: 0.0000530 seconds
147.739: Application time: 0.0243420 seconds
147.740: [Full GC [PSYoungGen: 138240K->33454K(161280K)] [ParOldGen: 367994K->367994K(368128K)] 506234K->401448K(529408K) [PSPermGen: 13629K->13629K(21504K)], 0.0727790 secs] [Times: user=0.51 sys=0.00, real=0.07 secs] 
147.812: Total time for which application threads were stopped: 0.0734580 seconds, Stopping threads took: 0.0000560 seconds
147.837: Application time: 0.0249020 seconds
147.838: [Full GC [PSYoungGen: 138240K->33468K(161280K)] [ParOldGen: 367994K->367994K(368128K)] 506234K->401463K(529408K) [PSPermGen: 13629K->13629K(21504K)], 0.0735480 secs] [Times: user=0.51 sys=0.01, real=0.07 secs] 
147.912: Total time for which application threads were stopped: 0.0742530 seconds, Stopping threads took: 0.0000680 seconds
147.936: Application time: 0.0241920 seconds
147.936: [Full GC [PSYoungGen: 138240K->33484K(161280K)] [ParOldGen: 367994K->367994K(368128K)] 506234K->401478K(529408K) [PSPermGen: 13629K->13629K(21504K)], 0.0730380 secs] [Times: user=0.51 sys=0.00, real=0.07 secs] 
148.009: Total time for which application threads were stopped: 0.0737660 seconds, Stopping threads took: 0.0001060 seconds
148.034: Application time: 0.0241470 seconds
148.034: [Full GC [PSYoungGen: 138240K->33498K(161280K)] [ParOldGen: 367994K->367994K(368128K)] 506234K->401493K(529408K) [PSPermGen: 13629K->13629K(21504K)], 0.0737060 secs] [Times: user=0.51 sys=0.00, real=0.07 secs] 
148.108: Total time for which application threads were stopped: 0.0743980 seconds, Stopping threads took: 0.0000480 seconds
148.133: Application time: 0.0248480 seconds
148.134: [Full GC [PSYoungGen: 138240K->33514K(161280K)] [ParOldGen: 367994K->367994K(368128K)] 506234K->401509K(529408K) [PSPermGen: 13629K->13629K(21504K)], 0.0729790 secs] [Times: user=0.51 sys=0.00, real=0.08 secs] 
148.207: Total time for which application threads were stopped: 0.0736560 seconds, Stopping threads took: 0.0000640 seconds
148.231: Application time: 0.0242550 seconds
148.231: [Full GC [PSYoungGen: 138240K->33531K(161280K)] [ParOldGen: 367994K->367994K(368128K)] 506234K->401525K(529408K) [PSPermGen: 13629K->13629K(21504K)], 0.0730160 secs] [Times: user=0.52 sys=0.00, real=0.07 secs] 
148.305: Total time for which application threads were stopped: 0.0736860 seconds, Stopping threads took: 0.0000480 seconds
148.329: Application time: 0.0241120 seconds
148.329: [Full GC [PSYoungGen: 138240K->33546K(161280K)] [ParOldGen: 367994K->367994K(368128K)] 506234K->401540K(529408K) [PSPermGen: 13629K->13629K(21504K)], 0.0728470 secs] [Times: user=0.51 sys=0.00, real=0.07 secs] 
148.402: Total time for which application threads were stopped: 0.0735510 seconds, Stopping threads took: 0.0000750 seconds
148.427: Application time: 0.0249550 seconds
148.428: [Full GC [PSYoungGen: 138240K->33560K(161280K)] [ParOldGen: 367994K->367994K(368128K)] 506234K->401555K(529408K) [PSPermGen: 13629K->13629K(21504K)], 0.0728580 secs] [Times: user=0.52 sys=0.00, real=0.07 secs] 
148.501: Total time for which application threads were stopped: 0.0735430 seconds, Stopping threads took: 0.0000710 seconds
148.525: Application time: 0.0245110 seconds
148.526: [Full GC [PSYoungGen: 138240K->33520K(161280K)] [ParOldGen: 367994K->367994K(368128K)] 506234K->401514K(529408K) [PSPermGen: 13629K->13629K(21504K)], 0.0728110 secs] [Times: user=0.51 sys=0.00, real=0.07 secs] 
148.599: Total time for which application threads were stopped: 0.0734940 seconds, Stopping threads took: 0.0000490 seconds
148.623: Application time: 0.0244530 seconds
148.624: [Full GC [PSYoungGen: 138240K->33465K(161280K)] [ParOldGen: 367994K->367994K(368128K)] 506234K->401460K(529408K) [PSPermGen: 13629K->13629K(21504K)], 0.0729510 secs] [Times: user=0.51 sys=0.00, real=0.08 secs] 
148.697: Total time for which application threads were stopped: 0.0736730 seconds, Stopping threads took: 0.0000720 seconds
148.721: Application time: 0.0243630 seconds
148.722: [Full GC [PSYoungGen: 138240K->33409K(161280K)] [ParOldGen: 367994K->367994K(368128K)] 506234K->401404K(529408K) [PSPermGen: 13629K->13629K(21504K)], 0.0730080 secs] [Times: user=0.52 sys=0.00, real=0.08 secs] 
148.795: Total time for which application threads were stopped: 0.0736340 seconds, Stopping threads took: 0.0000590 seconds
148.819: Application time: 0.0243510 seconds
148.820: [Full GC [PSYoungGen: 138240K->33408K(161280K)] [ParOldGen: 367994K->367994K(368128K)] 506234K->401403K(529408K) [PSPermGen: 13629K->13629K(21504K)], 0.0736990 secs] [Times: user=0.52 sys=0.00, real=0.07 secs] 
148.893: Total time for which application threads were stopped: 0.0743010 seconds, Stopping threads took: 0.0000580 seconds
148.918: Application time: 0.0245840 seconds
148.919: [Full GC [PSYoungGen: 138240K->33422K(161280K)] [ParOldGen: 367994K->367994K(368128K)] 506234K->401417K(529408K) [PSPermGen: 13629K->13629K(21504K)], 0.0733940 secs] [Times: user=0.52 sys=0.00, real=0.07 secs] 
148.992: Total time for which application threads were stopped: 0.0741110 seconds, Stopping threads took: 0.0000780 seconds
149.017: Application time: 0.0246090 seconds
149.017: [Full GC [PSYoungGen: 138240K->33439K(161280K)] [ParOldGen: 367994K->367994K(368128K)] 506234K->401433K(529408K) [PSPermGen: 13629K->13629K(21504K)], 0.0738570 secs] [Times: user=0.52 sys=0.00, real=0.07 secs] 
149.091: Total time for which application threads were stopped: 0.0744920 seconds, Stopping threads took: 0.0000430 seconds
149.116: Application time: 0.0242620 seconds
149.116: [Full GC [PSYoungGen: 138240K->33453K(161280K)] [ParOldGen: 367994K->367994K(368128K)] 506234K->401448K(529408K) [PSPermGen: 13629K->13629K(21504K)], 0.0734490 secs] [Times: user=0.52 sys=0.00, real=0.07 secs] 
149.190: Total time for which application threads were stopped: 0.0741510 seconds, Stopping threads took: 0.0000820 seconds
149.214: Application time: 0.0240830 seconds
149.214: [Full GC [PSYoungGen: 138240K->33463K(161280K)] [ParOldGen: 367994K->367994K(368128K)] 506234K->401458K(529408K) [PSPermGen: 13629K->13629K(21504K)], 0.0730270 secs] [Times: user=0.52 sys=0.00, real=0.07 secs] 
149.288: Total time for which application threads were stopped: 0.0737270 seconds, Stopping threads took: 0.0000580 seconds
149.312: Application time: 0.0243400 seconds
149.312: [Full GC [PSYoungGen: 138240K->33484K(161280K)] [ParOldGen: 367994K->367994K(368128K)] 506234K->401478K(529408K) [PSPermGen: 13629K->13629K(21504K)], 0.0742530 secs] [Times: user=0.52 sys=0.00, real=0.08 secs] 
149.387: Total time for which application threads were stopped: 0.0749280 seconds, Stopping threads took: 0.0000520 seconds
149.411: Application time: 0.0243090 seconds
149.412: [Full GC [PSYoungGen: 138240K->33498K(161280K)] [ParOldGen: 367994K->367994K(368128K)] 506234K->401493K(529408K) [PSPermGen: 13629K->13629K(21504K)], 0.0730000 secs] [Times: user=0.52 sys=0.00, real=0.07 secs] 
149.485: Total time for which application threads were stopped: 0.0736800 seconds, Stopping threads took: 0.0000490 seconds
149.509: Application time: 0.0241010 seconds
149.509: [Full GC [PSYoungGen: 138240K->33511K(161280K)] [ParOldGen: 367994K->367994K(368128K)] 506234K->401505K(529408K) [PSPermGen: 13629K->13629K(21504K)], 0.0731350 secs] [Times: user=0.51 sys=0.00, real=0.07 secs] 
149.583: Total time for which application threads were stopped: 0.0738010 seconds, Stopping threads took: 0.0000520 seconds
149.607: Application time: 0.0240970 seconds
149.607: [Full GC [PSYoungGen: 138240K->33527K(161280K)] [ParOldGen: 367994K->367994K(368128K)] 506234K->401522K(529408K) [PSPermGen: 13629K->13629K(21504K)], 0.0758110 secs] [Times: user=0.54 sys=0.00, real=0.07 secs] 
149.683: Total time for which application threads were stopped: 0.0764830 seconds, Stopping threads took: 0.0000460 seconds
149.708: Application time: 0.0245610 seconds
149.708: [Full GC [PSYoungGen: 138240K->33490K(161280K)] [ParOldGen: 367994K->367994K(368128K)] 506234K->401484K(529408K) [PSPermGen: 13629K->13629K(21504K)], 0.0728540 secs] [Times: user=0.52 sys=0.00, real=0.07 secs] 
149.781: Total time for which application threads were stopped: 0.0735280 seconds, Stopping threads took: 0.0000570 seconds
149.806: Application time: 0.0241460 seconds
149.806: [Full GC [PSYoungGen: 138240K->33489K(161280K)] [ParOldGen: 367994K->367994K(368128K)] 506234K->401484K(529408K) [PSPermGen: 13629K->13629K(21504K)], 0.0728760 secs] [Times: user=0.51 sys=0.00, real=0.07 secs] 
149.879: Total time for which application threads were stopped: 0.0735790 seconds, Stopping threads took: 0.0000730 seconds
149.903: Application time: 0.0243940 seconds
149.904: [Full GC [PSYoungGen: 138240K->33503K(161280K)] [ParOldGen: 367994K->367994K(368128K)] 506234K->401497K(529408K) [PSPermGen: 13629K->13629K(21504K)], 0.0740410 secs] [Times: user=0.52 sys=0.00, real=0.08 secs] 
149.978: Total time for which application threads were stopped: 0.0746620 seconds, Stopping threads took: 0.0000740 seconds
150.003: Application time: 0.0247030 seconds
150.003: [Full GC [PSYoungGen: 138240K->33520K(161280K)] [ParOldGen: 367994K->367994K(368128K)] 506234K->401514K(529408K) [PSPermGen: 13629K->13629K(21504K)], 0.0745430 secs] [Times: user=0.53 sys=0.00, real=0.08 secs] 
150.078: Total time for which application threads were stopped: 0.0751850 seconds, Stopping threads took: 0.0000760 seconds
150.103: Application time: 0.0253420 seconds
150.104: [Full GC [PSYoungGen: 138240K->33424K(161280K)] [ParOldGen: 367994K->367994K(368128K)] 506234K->401418K(529408K) [PSPermGen: 13629K->13629K(21504K)], 0.0744050 secs] [Times: user=0.52 sys=0.00, real=0.08 secs] 
150.179: Total time for which application threads were stopped: 0.0750920 seconds, Stopping threads took: 0.0001190 seconds
150.203: Application time: 0.0248360 seconds
150.204: [Full GC [PSYoungGen: 138240K->33344K(161280K)] [ParOldGen: 367994K->367994K(368128K)] 506234K->401339K(529408K) [PSPermGen: 13629K->13629K(21504K)], 0.0735050 secs] [Times: user=0.52 sys=0.00, real=0.08 secs] 
150.278: Total time for which application threads were stopped: 0.0742310 seconds, Stopping threads took: 0.0000600 seconds
150.302: Application time: 0.0248930 seconds
150.303: [Full GC [PSYoungGen: 138240K->33353K(161280K)] [ParOldGen: 367994K->367994K(368128K)] 506234K->401347K(529408K) [PSPermGen: 13629K->13629K(21504K)], 0.0731510 secs] [Times: user=0.51 sys=0.00, real=0.08 secs] 
150.376: Total time for which application threads were stopped: 0.0737770 seconds, Stopping threads took: 0.0000770 seconds
150.401: Application time: 0.0249930 seconds
150.402: [Full GC [PSYoungGen: 138240K->33367K(161280K)] [ParOldGen: 367994K->367994K(368128K)] 506234K->401361K(529408K) [PSPermGen: 13629K->13629K(21504K)], 0.0735170 secs] [Times: user=0.52 sys=0.00, real=0.08 secs] 
150.475: Total time for which application threads were stopped: 0.0742300 seconds, Stopping threads took: 0.0000660 seconds
150.500: Application time: 0.0250280 seconds
150.501: [Full GC [PSYoungGen: 138240K->33384K(161280K)] [ParOldGen: 367994K->367994K(368128K)] 506234K->401378K(529408K) [PSPermGen: 13629K->13629K(21504K)], 0.0732020 secs] [Times: user=0.52 sys=0.00, real=0.08 secs] 
150.574: Total time for which application threads were stopped: 0.0738440 seconds, Stopping threads took: 0.0000760 seconds
150.599: Application time: 0.0244730 seconds
150.599: [Full GC [PSYoungGen: 138240K->33399K(161280K)] [ParOldGen: 367994K->367994K(368128K)] 506234K->401393K(529408K) [PSPermGen: 13629K->13629K(21504K)], 0.0732860 secs] [Times: user=0.52 sys=0.00, real=0.07 secs] 
150.673: Total time for which application threads were stopped: 0.0739420 seconds, Stopping threads took: 0.0000800 seconds
150.697: Application time: 0.0242670 seconds
150.698: [Full GC [PSYoungGen: 138240K->33413K(161280K)] [ParOldGen: 367994K->367994K(368128K)] 506234K->401407K(529408K) [PSPermGen: 13629K->13629K(21504K)], 0.0734070 secs] [Times: user=0.51 sys=0.00, real=0.07 secs] 
150.771: Total time for which application threads were stopped: 0.0740900 seconds, Stopping threads took: 0.0000550 seconds
150.795: Application time: 0.0242180 seconds
150.796: [Full GC [PSYoungGen: 138240K->33428K(161280K)] [ParOldGen: 367994K->367994K(368128K)] 506234K->401422K(529408K) [PSPermGen: 13629K->13629K(21504K)], 0.0728110 secs] [Times: user=0.51 sys=0.00, real=0.07 secs] 
150.869: Total time for which application threads were stopped: 0.0734870 seconds, Stopping threads took: 0.0000460 seconds
150.893: Application time: 0.0242450 seconds
150.894: [Full GC [PSYoungGen: 138240K->33442K(161280K)] [ParOldGen: 367994K->367994K(368128K)] 506234K->401436K(529408K) [PSPermGen: 13629K->13629K(21504K)], 0.0728280 secs] [Times: user=0.52 sys=0.00, real=0.07 secs] 
150.967: Total time for which application threads were stopped: 0.0735140 seconds, Stopping threads took: 0.0000580 seconds
150.991: Application time: 0.0241730 seconds
150.991: [Full GC [PSYoungGen: 138240K->33457K(161280K)] [ParOldGen: 367994K->367994K(368128K)] 506234K->401451K(529408K) [PSPermGen: 13629K->13629K(21504K)], 0.0727790 secs] [Times: user=0.51 sys=0.00, real=0.07 secs] 
151.064: Total time for which application threads were stopped: 0.0734760 seconds, Stopping threads took: 0.0000530 seconds
151.089: Application time: 0.0242620 seconds
151.089: [Full GC [PSYoungGen: 138240K->33472K(161280K)] [ParOldGen: 367994K->367994K(368128K)] 506234K->401467K(529408K) [PSPermGen: 13629K->13629K(21504K)], 0.0729850 secs] [Times: user=0.52 sys=0.00, real=0.07 secs] 
151.162: Total time for which application threads were stopped: 0.0736620 seconds, Stopping threads took: 0.0000500 seconds
151.187: Application time: 0.0243990 seconds
151.187: [Full GC [PSYoungGen: 138240K->33432K(161280K)] [ParOldGen: 367994K->367994K(368128K)] 506234K->401427K(529408K) [PSPermGen: 13629K->13629K(21504K)], 0.0729960 secs] [Times: user=0.51 sys=0.00, real=0.07 secs] 
151.260: Total time for which application threads were stopped: 0.0736690 seconds, Stopping threads took: 0.0000540 seconds
151.284: Application time: 0.0241300 seconds
151.285: [Full GC [PSYoungGen: 138240K->33430K(161280K)] [ParOldGen: 367994K->367994K(368128K)] 506234K->401425K(529408K) [PSPermGen: 13629K->13629K(21504K)], 0.0729010 secs] [Times: user=0.51 sys=0.00, real=0.08 secs] 
151.358: Total time for which application threads were stopped: 0.0735730 seconds, Stopping threads took: 0.0000570 seconds
151.382: Application time: 0.0241240 seconds
151.383: [Full GC [PSYoungGen: 138240K->33447K(161280K)] [ParOldGen: 367994K->367994K(368128K)] 506234K->401442K(529408K) [PSPermGen: 13629K->13629K(21504K)], 0.0729570 secs] [Times: user=0.52 sys=0.00, real=0.08 secs] 
151.456: Total time for which application threads were stopped: 0.0736440 seconds, Stopping threads took: 0.0000730 seconds
151.480: Application time: 0.0243010 seconds
151.481: [Full GC [PSYoungGen: 138240K->33463K(161280K)] [ParOldGen: 367994K->367994K(368128K)] 506234K->401457K(529408K) [PSPermGen: 13629K->13629K(21504K)], 0.0733150 secs] [Times: user=0.52 sys=0.00, real=0.08 secs] 
151.554: Total time for which application threads were stopped: 0.0739840 seconds, Stopping threads took: 0.0000500 seconds
151.578: Application time: 0.0242190 seconds
151.579: [Full GC [PSYoungGen: 138240K->33477K(161280K)] [ParOldGen: 367994K->367994K(368128K)] 506234K->401471K(529408K) [PSPermGen: 13629K->13629K(21504K)], 0.0730520 secs] [Times: user=0.52 sys=0.01, real=0.07 secs] 
151.652: Total time for which application threads were stopped: 0.0737510 seconds, Stopping threads took: 0.0000530 seconds
151.676: Application time: 0.0242130 seconds
151.677: [Full GC [PSYoungGen: 138240K->33492K(161280K)] [ParOldGen: 367994K->367994K(368128K)] 506234K->401487K(529408K) [PSPermGen: 13629K->13629K(21504K)], 0.0732590 secs] [Times: user=0.52 sys=0.00, real=0.07 secs] 
151.750: Total time for which application threads were stopped: 0.0739500 seconds, Stopping threads took: 0.0000650 seconds
151.774: Application time: 0.0242740 seconds
151.775: [Full GC [PSYoungGen: 138240K->33507K(161280K)] [ParOldGen: 367994K->367994K(368128K)] 506234K->401502K(529408K) [PSPermGen: 13629K->13629K(21504K)], 0.0730340 secs] [Times: user=0.51 sys=0.00, real=0.07 secs] 
151.848: Total time for which application threads were stopped: 0.0737330 seconds, Stopping threads took: 0.0000680 seconds
151.872: Application time: 0.0242810 seconds
151.873: [Full GC [PSYoungGen: 138240K->33523K(161280K)] [ParOldGen: 367994K->367994K(368128K)] 506234K->401517K(529408K) [PSPermGen: 13629K->13629K(21504K)], 0.0730050 secs] [Times: user=0.51 sys=0.00, real=0.08 secs] 
151.946: Total time for which application threads were stopped: 0.0736810 seconds, Stopping threads took: 0.0000580 seconds
151.970: Application time: 0.0243220 seconds
151.971: [Full GC [PSYoungGen: 138240K->33537K(161280K)] [ParOldGen: 367994K->367994K(368128K)] 506234K->401532K(529408K) [PSPermGen: 13629K->13629K(21504K)], 0.0731170 secs] [Times: user=0.52 sys=0.00, real=0.07 secs] 
152.044: Total time for which application threads were stopped: 0.0737970 seconds, Stopping threads took: 0.0000530 seconds
152.069: Application time: 0.0242780 seconds
152.069: [Full GC [PSYoungGen: 138240K->33553K(161280K)] [ParOldGen: 367994K->367994K(368128K)] 506234K->401548K(529408K) [PSPermGen: 13629K->13629K(21504K)], 0.0730260 secs] [Times: user=0.51 sys=0.00, real=0.07 secs] 
152.142: Total time for which application threads were stopped: 0.0737180 seconds, Stopping threads took: 0.0000730 seconds
152.167: Application time: 0.0245370 seconds
152.168: [Full GC [PSYoungGen: 138240K->33513K(161280K)] [ParOldGen: 367994K->367994K(368128K)] 506234K->401508K(529408K) [PSPermGen: 13629K->13629K(21504K)], 0.0734380 secs] [Times: user=0.51 sys=0.00, real=0.07 secs] 
152.241: Total time for which application threads were stopped: 0.0741840 seconds, Stopping threads took: 0.0001140 seconds
152.266: Application time: 0.0247520 seconds
152.266: [Full GC [PSYoungGen: 138240K->33457K(161280K)] [ParOldGen: 367994K->367994K(368128K)] 506234K->401451K(529408K) [PSPermGen: 13629K->13629K(21504K)], 0.0734220 secs] [Times: user=0.52 sys=0.00, real=0.07 secs] 
152.340: Total time for which application threads were stopped: 0.0741690 seconds, Stopping threads took: 0.0001140 seconds
152.365: Application time: 0.0253190 seconds
152.366: [Full GC [PSYoungGen: 138240K->33456K(161280K)] [ParOldGen: 367994K->367994K(368128K)] 506234K->401451K(529408K) [PSPermGen: 13629K->13629K(21504K)], 0.0733350 secs] [Times: user=0.52 sys=0.00, real=0.07 secs] 
152.439: Total time for which application threads were stopped: 0.0740560 seconds, Stopping threads took: 0.0000830 seconds
152.464: Application time: 0.0248680 seconds
152.465: [Full GC [PSYoungGen: 138240K->33415K(161280K)] [ParOldGen: 367994K->367994K(368128K)] 506234K->401410K(529408K) [PSPermGen: 13629K->13629K(21504K)], 0.0730810 secs] [Times: user=0.51 sys=0.00, real=0.08 secs] 
152.538: Total time for which application threads were stopped: 0.0738030 seconds, Stopping threads took: 0.0001000 seconds
152.563: Application time: 0.0245500 seconds
152.563: [Full GC [PSYoungGen: 138240K->33415K(161280K)] [ParOldGen: 367994K->367994K(368128K)] 506234K->401410K(529408K) [PSPermGen: 13629K->13629K(21504K)], 0.0732820 secs] [Times: user=0.51 sys=0.00, real=0.08 secs] 
152.637: Total time for which application threads were stopped: 0.0740090 seconds, Stopping threads took: 0.0001020 seconds
152.661: Application time: 0.0244600 seconds
152.662: [Full GC [PSYoungGen: 138240K->33430K(161280K)] [ParOldGen: 367994K->367994K(368128K)] 506234K->401424K(529408K) [PSPermGen: 13629K->13629K(21504K)], 0.0739960 secs] [Times: user=0.52 sys=0.00, real=0.08 secs] 
152.736: Total time for which application threads were stopped: 0.0746980 seconds, Stopping threads took: 0.0000600 seconds
152.760: Application time: 0.0243060 seconds
152.761: [Full GC [PSYoungGen: 138240K->33444K(161280K)] [ParOldGen: 367994K->367994K(368128K)] 506234K->401439K(529408K) [PSPermGen: 13629K->13629K(21504K)], 0.0730170 secs] [Times: user=0.52 sys=0.00, real=0.08 secs] 
152.834: Total time for which application threads were stopped: 0.0737380 seconds, Stopping threads took: 0.0000840 seconds
152.858: Application time: 0.0241680 seconds
152.859: [Full GC [PSYoungGen: 138240K->33459K(161280K)] [ParOldGen: 367994K->367994K(368128K)] 506234K->401453K(529408K) [PSPermGen: 13629K->13629K(21504K)], 0.0724480 secs] [Times: user=0.51 sys=0.00, real=0.07 secs] 
152.931: Total time for which application threads were stopped: 0.0731290 seconds, Stopping threads took: 0.0000660 seconds
152.955: Application time: 0.0241940 seconds
152.956: [Full GC [PSYoungGen: 138240K->33475K(161280K)] [ParOldGen: 367994K->367994K(368128K)] 506234K->401470K(529408K) [PSPermGen: 13629K->13629K(21504K)], 0.0728140 secs] [Times: user=0.51 sys=0.00, real=0.07 secs] 
153.029: Total time for which application threads were stopped: 0.0734970 seconds, Stopping threads took: 0.0000670 seconds
153.053: Application time: 0.0242980 seconds
153.054: [Full GC [PSYoungGen: 138240K->33490K(161280K)] [ParOldGen: 367994K->367994K(368128K)] 506234K->401485K(529408K) [PSPermGen: 13629K->13629K(21504K)], 0.0728750 secs] [Times: user=0.51 sys=0.00, real=0.07 secs] 
153.127: Total time for which application threads were stopped: 0.0735730 seconds, Stopping threads took: 0.0000760 seconds
153.151: Application time: 0.0242170 seconds
153.151: [Full GC [PSYoungGen: 138240K->33506K(161280K)] [ParOldGen: 367994K->367994K(368128K)] 506234K->401501K(529408K) [PSPermGen: 13629K->13629K(21504K)], 0.0726610 secs] [Times: user=0.52 sys=0.00, real=0.07 secs] 
153.224: Total time for which application threads were stopped: 0.0733320 seconds, Stopping threads took: 0.0000510 seconds
153.249: Application time: 0.0243220 seconds
153.249: [Full GC [PSYoungGen: 138240K->33519K(161280K)] [ParOldGen: 367994K->367994K(368128K)] 506234K->401514K(529408K) [PSPermGen: 13629K->13629K(21504K)], 0.0728800 secs] [Times: user=0.51 sys=0.00, real=0.07 secs] 
153.322: Total time for which application threads were stopped: 0.0735400 seconds, Stopping threads took: 0.0000430 seconds
153.347: Application time: 0.0244750 seconds
153.347: [Full GC [PSYoungGen: 138240K->33469K(161280K)] [ParOldGen: 367994K->367994K(368128K)] 506234K->401463K(529408K) [PSPermGen: 13629K->13629K(21504K)], 0.0730240 secs] [Times: user=0.51 sys=0.00, real=0.07 secs] 
153.420: Total time for which application threads were stopped: 0.0737100 seconds, Stopping threads took: 0.0000490 seconds
153.445: Application time: 0.0242950 seconds
153.445: [Full GC [PSYoungGen: 138240K->33482K(161280K)] [ParOldGen: 367994K->367994K(368128K)] 506234K->401477K(529408K) [PSPermGen: 13629K->13629K(21504K)], 0.0727510 secs] [Times: user=0.51 sys=0.00, real=0.08 secs] 
153.518: Total time for which application threads were stopped: 0.0734400 seconds, Stopping threads took: 0.0000650 seconds
153.542: Application time: 0.0243210 seconds
153.543: [Full GC [PSYoungGen: 138240K->33497K(161280K)] [ParOldGen: 367994K->367994K(368128K)] 506234K->401491K(529408K) [PSPermGen: 13629K->13629K(21504K)], 0.0727250 secs] [Times: user=0.51 sys=0.00, real=0.08 secs] 
153.616: Total time for which application threads were stopped: 0.0734230 seconds, Stopping threads took: 0.0000830 seconds
153.640: Application time: 0.0245410 seconds
153.641: [Full GC [PSYoungGen: 138240K->33512K(161280K)] [ParOldGen: 367994K->367994K(368128K)] 506234K->401507K(529408K) [PSPermGen: 13629K->13629K(21504K)], 0.0742910 secs] [Times: user=0.52 sys=0.00, real=0.08 secs] 
153.715: Total time for which application threads were stopped: 0.0749100 seconds, Stopping threads took: 0.0000610 seconds
153.740: Application time: 0.0251320 seconds
153.741: [Full GC [PSYoungGen: 138240K->33526K(161280K)] [ParOldGen: 367994K->367994K(368128K)] 506234K->401520K(529408K) [PSPermGen: 13629K->13629K(21504K)], 0.0740190 secs] [Times: user=0.52 sys=0.00, real=0.08 secs] 
153.815: Total time for which application threads were stopped: 0.0747790 seconds, Stopping threads took: 0.0001210 seconds
153.841: Application time: 0.0254170 seconds
153.841: [Full GC [PSYoungGen: 138240K->33341K(161280K)] [ParOldGen: 367994K->367994K(368128K)] 506234K->401335K(529408K) [PSPermGen: 13629K->13629K(21504K)], 0.0744720 secs] [Times: user=0.52 sys=0.00, real=0.08 secs] 
153.916: Total time for which application threads were stopped: 0.0751680 seconds, Stopping threads took: 0.0000840 seconds
153.940: Application time: 0.0245130 seconds
153.941: [Full GC [PSYoungGen: 138240K->33343K(161280K)] [ParOldGen: 367994K->367994K(368128K)] 506234K->401338K(529408K) [PSPermGen: 13629K->13629K(21504K)], 0.0732900 secs] [Times: user=0.52 sys=0.00, real=0.08 secs] 
154.014: Total time for which application threads were stopped: 0.0740060 seconds, Stopping threads took: 0.0000730 seconds
154.039: Application time: 0.0243810 seconds
154.039: [Full GC [PSYoungGen: 138240K->33360K(161280K)] [ParOldGen: 367994K->367994K(368128K)] 506234K->401354K(529408K) [PSPermGen: 13629K->13629K(21504K)], 0.0726980 secs] [Times: user=0.51 sys=0.00, real=0.07 secs] 
154.112: Total time for which application threads were stopped: 0.0733710 seconds, Stopping threads took: 0.0000500 seconds
154.137: Application time: 0.0249740 seconds
154.138: [Full GC [PSYoungGen: 138240K->33374K(161280K)] [ParOldGen: 367994K->367994K(368128K)] 506234K->401369K(529408K) [PSPermGen: 13629K->13629K(21504K)], 0.0729280 secs] [Times: user=0.52 sys=0.00, real=0.07 secs] 
154.211: Total time for which application threads were stopped: 0.0736060 seconds, Stopping threads took: 0.0000550 seconds
154.235: Application time: 0.0241350 seconds
154.235: [Full GC [PSYoungGen: 138240K->33388K(161280K)] [ParOldGen: 367994K->367994K(368128K)] 506234K->401382K(529408K) [PSPermGen: 13629K->13629K(21504K)], 0.0729280 secs] [Times: user=0.52 sys=0.00, real=0.07 secs] 
154.308: Total time for which application threads were stopped: 0.0736440 seconds, Stopping threads took: 0.0000930 seconds
154.333: Application time: 0.0241970 seconds
154.333: [Full GC [PSYoungGen: 138240K->33404K(161280K)] [ParOldGen: 367994K->367994K(368128K)] 506234K->401398K(529408K) [PSPermGen: 13629K->13629K(21504K)], 0.0726190 secs] [Times: user=0.51 sys=0.00, real=0.08 secs] 
154.406: Total time for which application threads were stopped: 0.0733150 seconds, Stopping threads took: 0.0000820 seconds
154.430: Application time: 0.0242180 seconds
154.431: [Full GC [PSYoungGen: 138240K->33421K(161280K)] [ParOldGen: 367994K->367994K(368128K)] 506234K->401416K(529408K) [PSPermGen: 13629K->13629K(21504K)], 0.0729140 secs] [Times: user=0.52 sys=0.00, real=0.07 secs] 
154.504: Total time for which application threads were stopped: 0.0736070 seconds, Stopping threads took: 0.0000730 seconds
154.528: Application time: 0.0243830 seconds
154.529: [Full GC [PSYoungGen: 138240K->33435K(161280K)] [ParOldGen: 367994K->367994K(368128K)] 506234K->401430K(529408K) [PSPermGen: 13629K->13629K(21504K)], 0.0730320 secs] [Times: user=0.52 sys=0.00, real=0.07 secs] 
154.602: Total time for which application threads were stopped: 0.0737020 seconds, Stopping threads took: 0.0000410 seconds
154.626: Application time: 0.0243910 seconds
154.627: [Full GC [PSYoungGen: 138240K->33451K(161280K)] [ParOldGen: 367994K->367994K(368128K)] 506234K->401445K(529408K) [PSPermGen: 13629K->13629K(21504K)], 0.0724820 secs] [Times: user=0.52 sys=0.00, real=0.07 secs] 
154.699: Total time for which application threads were stopped: 0.0731380 seconds, Stopping threads took: 0.0000450 seconds
154.724: Application time: 0.0243150 seconds
154.724: [Full GC [PSYoungGen: 138240K->33464K(161280K)] [ParOldGen: 367994K->367994K(368128K)] 506234K->401458K(529408K) [PSPermGen: 13629K->13629K(21504K)], 0.0730160 secs] [Times: user=0.52 sys=0.00, real=0.08 secs] 
154.797: Total time for which application threads were stopped: 0.0736360 seconds, Stopping threads took: 0.0000600 seconds
154.823: Application time: 0.0252020 seconds
154.823: [Full GC [PSYoungGen: 138240K->33469K(161280K)] [ParOldGen: 367994K->367994K(368128K)] 506234K->401463K(529408K) [PSPermGen: 13629K->13629K(21504K)], 0.0734510 secs] [Times: user=0.52 sys=0.00, real=0.08 secs] 
154.897: Total time for which application threads were stopped: 0.0741440 seconds, Stopping threads took: 0.0000550 seconds
154.922: Application time: 0.0254230 seconds
154.923: [Full GC [PSYoungGen: 138240K->33425K(161280K)] [ParOldGen: 367994K->367994K(368128K)] 506234K->401420K(529408K) [PSPermGen: 13629K->13629K(21504K)], 0.0729670 secs] [Times: user=0.51 sys=0.00, real=0.08 secs] 
154.996: Total time for which application threads were stopped: 0.0736700 seconds, Stopping threads took: 0.0000840 seconds
155.021: Application time: 0.0247750 seconds
155.021: [Full GC [PSYoungGen: 138240K->33439K(161280K)] [ParOldGen: 367994K->367994K(368128K)] 506234K->401433K(529408K) [PSPermGen: 13629K->13629K(21504K)], 0.0738830 secs] [Times: user=0.52 sys=0.00, real=0.08 secs] 
155.095: Total time for which application threads were stopped: 0.0744870 seconds, Stopping threads took: 0.0000480 seconds
155.120: Application time: 0.0246600 seconds
155.120: [Full GC [PSYoungGen: 138240K->33454K(161280K)] [ParOldGen: 367994K->367994K(368128K)] 506234K->401448K(529408K) [PSPermGen: 13629K->13629K(21504K)], 0.0733200 secs] [Times: user=0.52 sys=0.00, real=0.08 secs] 
155.194: Total time for which application threads were stopped: 0.0740210 seconds, Stopping threads took: 0.0000560 seconds
155.218: Application time: 0.0241080 seconds
155.218: [Full GC [PSYoungGen: 138240K->33468K(161280K)] [ParOldGen: 367994K->367994K(368128K)] 506234K->401462K(529408K) [PSPermGen: 13629K->13629K(21504K)], 0.0734930 secs] [Times: user=0.51 sys=0.00, real=0.07 secs] 
155.292: Total time for which application threads were stopped: 0.0741830 seconds, Stopping threads took: 0.0000600 seconds
155.316: Application time: 0.0242280 seconds
155.317: [Full GC [PSYoungGen: 138240K->33482K(161280K)] [ParOldGen: 367994K->367994K(368128K)] 506234K->401477K(529408K) [PSPermGen: 13629K->13629K(21504K)], 0.0773170 secs] [Times: user=0.53 sys=0.01, real=0.08 secs] 
155.394: Total time for which application threads were stopped: 0.0779900 seconds, Stopping threads took: 0.0000490 seconds
155.418: Application time: 0.0242290 seconds
155.419: [Full GC [PSYoungGen: 138240K->33500K(161280K)] [ParOldGen: 367994K->367994K(368128K)] 506234K->401494K(529408K) [PSPermGen: 13629K->13629K(21504K)], 0.0728300 secs] [Times: user=0.51 sys=0.00, real=0.07 secs] 
155.492: Total time for which application threads were stopped: 0.0734990 seconds, Stopping threads took: 0.0000470 seconds
155.516: Application time: 0.0241270 seconds
155.517: [Full GC [PSYoungGen: 138240K->33514K(161280K)] [ParOldGen: 367994K->367994K(368128K)] 506234K->401509K(529408K) [PSPermGen: 13629K->13629K(21504K)], 0.0727190 secs] [Times: user=0.51 sys=0.00, real=0.07 secs] 
155.590: Total time for which application threads were stopped: 0.0733940 seconds, Stopping threads took: 0.0000610 seconds
155.614: Application time: 0.0244150 seconds
155.615: [Full GC [PSYoungGen: 138240K->33463K(161280K)] [ParOldGen: 367994K->367994K(368128K)] 506234K->401458K(529408K) [PSPermGen: 13629K->13629K(21504K)], 0.0728530 secs] [Times: user=0.52 sys=0.00, real=0.07 secs] 
155.687: Total time for which application threads were stopped: 0.0735110 seconds, Stopping threads took: 0.0000530 seconds
155.712: Application time: 0.0242160 seconds
155.712: [Full GC [PSYoungGen: 138240K->33474K(161280K)] [ParOldGen: 367994K->367994K(368128K)] 506234K->401469K(529408K) [PSPermGen: 13629K->13629K(21504K)], 0.0732080 secs] [Times: user=0.51 sys=0.00, real=0.08 secs] 
155.786: Total time for which application threads were stopped: 0.0739270 seconds, Stopping threads took: 0.0000610 seconds
155.810: Application time: 0.0243730 seconds
155.811: [Full GC [PSYoungGen: 138240K->33430K(161280K)] [ParOldGen: 367994K->367994K(368128K)] 506234K->401424K(529408K) [PSPermGen: 13629K->13629K(21504K)], 0.0729180 secs] [Times: user=0.52 sys=0.00, real=0.07 secs] 
155.884: Total time for which application threads were stopped: 0.0735890 seconds, Stopping threads took: 0.0000460 seconds
155.908: Application time: 0.0241550 seconds
155.908: [Full GC [PSYoungGen: 138240K->33434K(161280K)] [ParOldGen: 367994K->367994K(368128K)] 506234K->401428K(529408K) [PSPermGen: 13629K->13629K(21504K)], 0.0726720 secs] [Times: user=0.52 sys=0.00, real=0.07 secs] 
155.981: Total time for which application threads were stopped: 0.0733490 seconds, Stopping threads took: 0.0000560 seconds
156.005: Application time: 0.0242800 seconds
156.006: [Full GC [PSYoungGen: 138240K->33449K(161280K)] [ParOldGen: 367994K->367994K(368128K)] 506234K->401444K(529408K) [PSPermGen: 13629K->13629K(21504K)], 0.0746430 secs] [Times: user=0.53 sys=0.00, real=0.07 secs] 
156.081: Total time for which application threads were stopped: 0.0753380 seconds, Stopping threads took: 0.0000670 seconds
156.105: Application time: 0.0242340 seconds
156.106: [Full GC [PSYoungGen: 138240K->33464K(161280K)] [ParOldGen: 367994K->367994K(368128K)] 506234K->401459K(529408K) [PSPermGen: 13629K->13629K(21504K)], 0.0734340 secs] [Times: user=0.51 sys=0.01, real=0.08 secs] 
156.179: Total time for which application threads were stopped: 0.0740920 seconds, Stopping threads took: 0.0000380 seconds
156.203: Application time: 0.0241680 seconds
156.204: [Full GC [PSYoungGen: 138240K->33478K(161280K)] [ParOldGen: 367994K->367994K(368128K)] 506234K->401473K(529408K) [PSPermGen: 13629K->13629K(21504K)], 0.0725650 secs] [Times: user=0.51 sys=0.00, real=0.08 secs] 
156.276: Total time for which application threads were stopped: 0.0732360 seconds, Stopping threads took: 0.0000570 seconds
156.301: Application time: 0.0243350 seconds
156.301: [Full GC [PSYoungGen: 138240K->33439K(161280K)] [ParOldGen: 367994K->367994K(368128K)] 506234K->401433K(529408K) [PSPermGen: 13629K->13629K(21504K)], 0.0725110 secs] [Times: user=0.48 sys=0.03, real=0.08 secs] 
156.374: Total time for which application threads were stopped: 0.0732120 seconds, Stopping threads took: 0.0000630 seconds
156.398: Application time: 0.0241860 seconds
156.399: [Full GC [PSYoungGen: 138240K->33439K(161280K)] [ParOldGen: 367994K->367994K(368128K)] 506234K->401434K(529408K) [PSPermGen: 13629K->13629K(21504K)], 0.0729240 secs] [Times: user=0.52 sys=0.00, real=0.07 secs] 
156.472: Total time for which application threads were stopped: 0.0736090 seconds, Stopping threads took: 0.0000640 seconds
156.496: Application time: 0.0240300 seconds
156.496: [Full GC [PSYoungGen: 138240K->33454K(161280K)] [ParOldGen: 367994K->367994K(368128K)] 506234K->401448K(529408K) [PSPermGen: 13629K->13629K(21504K)], 0.0727030 secs] [Times: user=0.51 sys=0.00, real=0.07 secs] 
156.569: Total time for which application threads were stopped: 0.0733960 seconds, Stopping threads took: 0.0000780 seconds
156.593: Application time: 0.0241730 seconds
156.594: [Full GC [PSYoungGen: 138240K->33468K(161280K)] [ParOldGen: 367994K->367994K(368128K)] 506234K->401462K(529408K) [PSPermGen: 13629K->13629K(21504K)], 0.0729330 secs] [Times: user=0.52 sys=0.00, real=0.07 secs] 
156.667: Total time for which application threads were stopped: 0.0736040 seconds, Stopping threads took: 0.0000500 seconds
156.691: Application time: 0.0241740 seconds
156.692: [Full GC [PSYoungGen: 138240K->33482K(161280K)] [ParOldGen: 367994K->367994K(368128K)] 506234K->401477K(529408K) [PSPermGen: 13629K->13629K(21504K)], 0.0728130 secs] [Times: user=0.51 sys=0.00, real=0.07 secs] 
156.765: Total time for which application threads were stopped: 0.0735060 seconds, Stopping threads took: 0.0000700 seconds
156.789: Application time: 0.0242030 seconds
156.790: [Full GC [PSYoungGen: 138240K->33497K(161280K)] [ParOldGen: 367994K->367994K(368128K)] 506234K->401492K(529408K) [PSPermGen: 13629K->13629K(21504K)], 0.0733850 secs] [Times: user=0.50 sys=0.00, real=0.07 secs] 
156.863: Total time for which application threads were stopped: 0.0740640 seconds, Stopping threads took: 0.0000610 seconds
156.878: Application time: 0.0151520 seconds
156.879: Total time for which application threads were stopped: 0.0006000 seconds, Stopping threads took: 0.0000550 seconds
156.888: Application time: 0.0091630 seconds
156.888: [Full GC [PSYoungGen: 138240K->33409K(161280K)] [ParOldGen: 367994K->367993K(368128K)] 506234K->401403K(529408K) [PSPermGen: 13629K->13629K(21504K)], 0.1179120 secs] [Times: user=0.85 sys=0.01, real=0.12 secs] 
157.006: Total time for which application threads were stopped: 0.1185660 seconds, Stopping threads took: 0.0000470 seconds
157.031: Application time: 0.0245180 seconds
157.032: [Full GC [PSYoungGen: 138240K->33410K(161280K)] [ParOldGen: 367993K->367993K(368128K)] 506233K->401403K(529408K) [PSPermGen: 13629K->13629K(21504K)], 0.0883670 secs] [Times: user=0.63 sys=0.00, real=0.09 secs] 
157.120: Total time for which application threads were stopped: 0.0890760 seconds, Stopping threads took: 0.0000830 seconds
157.145: Application time: 0.0253730 seconds
157.146: [Full GC [PSYoungGen: 138240K->33425K(161280K)] [ParOldGen: 367993K->367993K(368128K)] 506233K->401419K(529408K) [PSPermGen: 13629K->13629K(21504K)], 0.0725610 secs] [Times: user=0.51 sys=0.00, real=0.07 secs] 
157.219: Total time for which application threads were stopped: 0.0732670 seconds, Stopping threads took: 0.0000690 seconds
157.243: Application time: 0.0246680 seconds
157.244: [Full GC [PSYoungGen: 138240K->33440K(161280K)] [ParOldGen: 367993K->367993K(368128K)] 506233K->401434K(529408K) [PSPermGen: 13629K->13629K(21504K)], 0.0732320 secs] [Times: user=0.52 sys=0.00, real=0.08 secs] 
157.317: Total time for which application threads were stopped: 0.0738990 seconds, Stopping threads took: 0.0000480 seconds
157.342: Application time: 0.0243340 seconds
157.342: [Full GC [PSYoungGen: 138240K->33453K(161280K)] [ParOldGen: 367993K->367993K(368128K)] 506233K->401446K(529408K) [PSPermGen: 13629K->13629K(21504K)], 0.0732610 secs] [Times: user=0.52 sys=0.00, real=0.08 secs] 
157.416: Total time for which application threads were stopped: 0.0739390 seconds, Stopping threads took: 0.0001240 seconds
157.440: Application time: 0.0246790 seconds
157.441: [Full GC [PSYoungGen: 138240K->33469K(161280K)] [ParOldGen: 367993K->367993K(368128K)] 506233K->401463K(529408K) [PSPermGen: 13629K->13629K(21504K)], 0.0744740 secs] [Times: user=0.53 sys=0.00, real=0.08 secs] 
157.515: Total time for which application threads were stopped: 0.0751820 seconds, Stopping threads took: 0.0000570 seconds
157.521: Application time: 0.0057650 seconds
157.522: Total time for which application threads were stopped: 0.0006070 seconds, Stopping threads took: 0.0000570 seconds
157.542: Application time: 0.0200140 seconds
157.542: [Full GC [PSYoungGen: 138240K->33378K(161280K)] [ParOldGen: 367993K->367993K(368128K)] 506233K->401371K(529408K) [PSPermGen: 13629K->13629K(21504K)], 0.1179900 secs] [Times: user=0.86 sys=0.00, real=0.12 secs] 
157.661: Total time for which application threads were stopped: 0.1186930 seconds, Stopping threads took: 0.0000670 seconds
157.686: Application time: 0.0257880 seconds
157.687: [Full GC [PSYoungGen: 138240K->33377K(161280K)] [ParOldGen: 367993K->367993K(368128K)] 506233K->401370K(529408K) [PSPermGen: 13629K->13629K(21504K)], 0.0890780 secs] [Times: user=0.64 sys=0.00, real=0.09 secs] 
157.776: Total time for which application threads were stopped: 0.0897920 seconds, Stopping threads took: 0.0000840 seconds
157.777: Application time: 0.0011710 seconds
157.778: Total time for which application threads were stopped: 0.0006510 seconds, Stopping threads took: 0.0000550 seconds
157.780: Application time: 0.0024110 seconds
157.781: Total time for which application threads were stopped: 0.0005860 seconds, Stopping threads took: 0.0000620 seconds
157.781: Application time: 0.0003870 seconds
157.781: Total time for which application threads were stopped: 0.0001830 seconds, Stopping threads took: 0.0000380 seconds
157.807: Application time: 0.0259950 seconds
157.808: [Full GC [PSYoungGen: 138240K->33182K(161280K)] [ParOldGen: 367993K->367992K(368128K)] 506233K->401175K(529408K) [PSPermGen: 13629K->13629K(21504K)], 0.1245710 secs] [Times: user=0.91 sys=0.00, real=0.12 secs] 
157.933: Total time for which application threads were stopped: 0.1253130 seconds, Stopping threads took: 0.0000810 seconds
157.962: Application time: 0.0287160 seconds
157.962: [Full GC [PSYoungGen: 138240K->33166K(161280K)] [ParOldGen: 367992K->367992K(368128K)] 506232K->401159K(529408K) [PSPermGen: 13629K->13629K(21504K)], 0.0726170 secs] [Times: user=0.52 sys=0.00, real=0.08 secs] 
158.035: Total time for which application threads were stopped: 0.0732970 seconds, Stopping threads took: 0.0000390 seconds
158.062: Application time: 0.0271360 seconds
158.063: [Full GC [PSYoungGen: 138240K->33182K(161280K)] [ParOldGen: 367992K->367992K(368128K)] 506232K->401175K(529408K) [PSPermGen: 13629K->13629K(21504K)], 0.0729490 secs] [Times: user=0.51 sys=0.00, real=0.08 secs] 
158.136: Total time for which application threads were stopped: 0.0736410 seconds, Stopping threads took: 0.0000750 seconds
158.165: Application time: 0.0291930 seconds
158.165: [Full GC [PSYoungGen: 138240K->33197K(161280K)] [ParOldGen: 367992K->367992K(368128K)] 506232K->401190K(529408K) [PSPermGen: 13629K->13629K(21504K)], 0.0725520 secs] [Times: user=0.51 sys=0.00, real=0.08 secs] 
158.238: Total time for which application threads were stopped: 0.0732330 seconds, Stopping threads took: 0.0000630 seconds
158.264: Application time: 0.0255380 seconds
158.264: [Full GC [PSYoungGen: 138240K->33213K(161280K)] [ParOldGen: 367992K->367992K(368128K)] 506232K->401206K(529408K) [PSPermGen: 13629K->13629K(21504K)], 0.0723940 secs] [Times: user=0.51 sys=0.00, real=0.08 secs] 
158.337: Total time for which application threads were stopped: 0.0730840 seconds, Stopping threads took: 0.0000670 seconds
158.351: Application time: 0.0143150 seconds
158.352: Total time for which application threads were stopped: 0.0006070 seconds, Stopping threads took: 0.0000870 seconds
158.372: Application time: 0.0201630 seconds
158.372: [Full GC [PSYoungGen: 138240K->33123K(161280K)] [ParOldGen: 367992K->367992K(368128K)] 506232K->401115K(529408K) [PSPermGen: 13629K->13629K(21504K)], 0.1266220 secs] [Times: user=0.92 sys=0.00, real=0.13 secs] 
158.499: Total time for which application threads were stopped: 0.1273480 seconds, Stopping threads took: 0.0000820 seconds
158.514: Application time: 0.0146000 seconds
158.514: Total time for which application threads were stopped: 0.0006440 seconds, Stopping threads took: 0.0000840 seconds
158.520: Application time: 0.0051610 seconds
158.520: Total time for which application threads were stopped: 0.0005940 seconds, Stopping threads took: 0.0000650 seconds
158.560: Application time: 0.0394050 seconds
158.560: [Full GC [PSYoungGen: 138240K->32911K(161280K)] [ParOldGen: 367992K->367990K(368128K)] 506232K->400902K(529408K) [PSPermGen: 13629K->13629K(21504K)], 0.1266050 secs] [Times: user=0.92 sys=0.00, real=0.13 secs] 
158.687: Total time for which application threads were stopped: 0.1272420 seconds, Stopping threads took: 0.0000150 seconds
158.769: Application time: 0.0823990 seconds
158.770: Total time for which application threads were stopped: 0.0005300 seconds, Stopping threads took: 0.0000270 seconds
158.773: Application time: 0.0030180 seconds
158.773: [Full GC [PSYoungGen: 138240K->33116K(161280K)] [ParOldGen: 367990K->367988K(368128K)] 506230K->401105K(529408K) [PSPermGen: 13644K->13644K(21504K)], 0.1272280 secs] [Times: user=0.93 sys=0.00, real=0.13 secs] 
158.901: Total time for which application threads were stopped: 0.1279210 seconds, Stopping threads took: 0.0000760 seconds
158.924: Application time: 0.0234200 seconds
158.925: [Full GC [PSYoungGen: 138240K->33196K(161280K)] [ParOldGen: 367988K->367988K(368128K)] 506228K->401185K(529408K) [PSPermGen: 13644K->13644K(21504K)], 0.0730360 secs] [Times: user=0.51 sys=0.00, real=0.08 secs] 
158.998: Total time for which application threads were stopped: 0.0737220 seconds, Stopping threads took: 0.0000480 seconds
159.021: Application time: 0.0229220 seconds
159.021: [Full GC [PSYoungGen: 138240K->33210K(161280K)] [ParOldGen: 367988K->367988K(368128K)] 506228K->401199K(529408K) [PSPermGen: 13644K->13644K(21504K)], 0.0747450 secs] [Times: user=0.51 sys=0.00, real=0.08 secs] 
159.096: Total time for which application threads were stopped: 0.0753860 seconds, Stopping threads took: 0.0000440 seconds
159.119: Application time: 0.0230800 seconds
159.120: [Full GC [PSYoungGen: 138240K->33225K(161280K)] [ParOldGen: 367988K->367988K(368128K)] 506228K->401213K(529408K) [PSPermGen: 13644K->13644K(21504K)], 0.0737640 secs] [Times: user=0.51 sys=0.00, real=0.08 secs] 
159.194: Total time for which application threads were stopped: 0.0744420 seconds, Stopping threads took: 0.0000410 seconds
159.217: Application time: 0.0231840 seconds
159.217: [Full GC [PSYoungGen: 138240K->33240K(161280K)] [ParOldGen: 367988K->367988K(368128K)] 506228K->401229K(529408K) [PSPermGen: 13644K->13644K(21504K)], 0.0735690 secs] [Times: user=0.52 sys=0.00, real=0.07 secs] 
159.291: Total time for which application threads were stopped: 0.0741750 seconds, Stopping threads took: 0.0000390 seconds
159.314: Application time: 0.0231290 seconds
159.315: [Full GC [PSYoungGen: 138240K->33250K(161280K)] [ParOldGen: 367988K->367988K(368128K)] 506228K->401239K(529408K) [PSPermGen: 13644K->13644K(21504K)], 0.0733670 secs] [Times: user=0.52 sys=0.00, real=0.07 secs] 
159.388: Total time for which application threads were stopped: 0.0739900 seconds, Stopping threads took: 0.0000350 seconds
159.412: Application time: 0.0236020 seconds
159.412: [Full GC [PSYoungGen: 138240K->33270K(161280K)] [ParOldGen: 367988K->367988K(368128K)] 506228K->401259K(529408K) [PSPermGen: 13644K->13644K(21504K)], 0.0733430 secs] [Times: user=0.52 sys=0.00, real=0.08 secs] 
159.486: Total time for which application threads were stopped: 0.0739340 seconds, Stopping threads took: 0.0000390 seconds
159.509: Application time: 0.0237570 seconds
159.510: [Full GC [PSYoungGen: 138240K->33285K(161280K)] [ParOldGen: 367988K->367988K(368128K)] 506228K->401274K(529408K) [PSPermGen: 13644K->13644K(21504K)], 0.0741240 secs] [Times: user=0.51 sys=0.00, real=0.07 secs] 
159.584: Total time for which application threads were stopped: 0.0748150 seconds, Stopping threads took: 0.0000550 seconds
159.607: Application time: 0.0232160 seconds
159.608: [Full GC [PSYoungGen: 138240K->33302K(161280K)] [ParOldGen: 367988K->367988K(368128K)] 506228K->401291K(529408K) [PSPermGen: 13644K->13644K(21504K)], 0.0742510 secs] [Times: user=0.52 sys=0.00, real=0.07 secs] 
159.682: Total time for which application threads were stopped: 0.0749470 seconds, Stopping threads took: 0.0000410 seconds
159.705: Application time: 0.0230540 seconds
159.706: [Full GC [PSYoungGen: 138240K->33315K(161280K)] [ParOldGen: 367988K->367988K(368128K)] 506228K->401304K(529408K) [PSPermGen: 13644K->13644K(21504K)], 0.0732310 secs] [Times: user=0.52 sys=0.00, real=0.07 secs] 
159.779: Total time for which application threads were stopped: 0.0739200 seconds, Stopping threads took: 0.0000400 seconds
159.802: Application time: 0.0231130 seconds
159.803: [Full GC [PSYoungGen: 138240K->33331K(161280K)] [ParOldGen: 367988K->367988K(368128K)] 506228K->401320K(529408K) [PSPermGen: 13644K->13644K(21504K)], 0.0760940 secs] [Times: user=0.53 sys=0.00, real=0.08 secs] 
159.879: Total time for which application threads were stopped: 0.0767880 seconds, Stopping threads took: 0.0000450 seconds
159.902: Application time: 0.0229460 seconds
159.903: [Full GC [PSYoungGen: 138240K->33346K(161280K)] [ParOldGen: 367988K->367988K(368128K)] 506228K->401335K(529408K) [PSPermGen: 13644K->13644K(21504K)], 0.0756330 secs] [Times: user=0.52 sys=0.01, real=0.08 secs] 
159.978: Total time for which application threads were stopped: 0.0762520 seconds, Stopping threads took: 0.0000410 seconds
160.002: Application time: 0.0230650 seconds
160.002: [Full GC [PSYoungGen: 138240K->33360K(161280K)] [ParOldGen: 367988K->367988K(368128K)] 506228K->401349K(529408K) [PSPermGen: 13644K->13644K(21504K)], 0.0739110 secs] [Times: user=0.51 sys=0.00, real=0.08 secs] 
160.076: Total time for which application threads were stopped: 0.0746210 seconds, Stopping threads took: 0.0000450 seconds
160.100: Application time: 0.0233730 seconds
160.100: [Full GC [PSYoungGen: 138240K->33376K(161280K)] [ParOldGen: 367988K->367988K(368128K)] 506228K->401364K(529408K) [PSPermGen: 13644K->13644K(21504K)], 0.0737680 secs] [Times: user=0.50 sys=0.02, real=0.08 secs] 
160.174: Total time for which application threads were stopped: 0.0744580 seconds, Stopping threads took: 0.0000440 seconds
160.197: Application time: 0.0232850 seconds
160.198: [Full GC [PSYoungGen: 138240K->33389K(161280K)] [ParOldGen: 367988K->367988K(368128K)] 506228K->401378K(529408K) [PSPermGen: 13644K->13644K(21504K)], 0.0737210 secs] [Times: user=0.52 sys=0.00, real=0.07 secs] 
160.272: Total time for which application threads were stopped: 0.0744420 seconds, Stopping threads took: 0.0000380 seconds
160.295: Application time: 0.0232130 seconds
160.298: [Full GC [PSYoungGen: 138240K->33404K(161280K)] [ParOldGen: 367988K->367988K(368128K)] 506228K->401393K(529408K) [PSPermGen: 13644K->13644K(21504K)], 0.0738870 secs] [Times: user=0.53 sys=0.00, real=0.07 secs] 
160.372: Total time for which application threads were stopped: 0.0771360 seconds, Stopping threads took: 0.0026000 seconds
160.395: Application time: 0.0233590 seconds
160.396: [Full GC [PSYoungGen: 138240K->33421K(161280K)] [ParOldGen: 367988K->367988K(368128K)] 506228K->401410K(529408K) [PSPermGen: 13644K->13644K(21504K)], 0.0738140 secs] [Times: user=0.52 sys=0.00, real=0.07 secs] 
160.470: Total time for which application threads were stopped: 0.0744730 seconds, Stopping threads took: 0.0000400 seconds
160.493: Application time: 0.0233590 seconds
160.494: [Full GC [PSYoungGen: 138240K->33434K(161280K)] [ParOldGen: 367988K->367988K(368128K)] 506228K->401423K(529408K) [PSPermGen: 13644K->13644K(21504K)], 0.0745050 secs] [Times: user=0.52 sys=0.00, real=0.07 secs] 
160.568: Total time for which application threads were stopped: 0.0751320 seconds, Stopping threads took: 0.0000440 seconds
160.592: Application time: 0.0233510 seconds
160.592: [Full GC [PSYoungGen: 138240K->33448K(161280K)] [ParOldGen: 367988K->367988K(368128K)] 506228K->401437K(529408K) [PSPermGen: 13644K->13644K(21504K)], 0.0738500 secs] [Times: user=0.52 sys=0.00, real=0.08 secs] 
160.666: Total time for which application threads were stopped: 0.0745270 seconds, Stopping threads took: 0.0000360 seconds
160.690: Application time: 0.0235000 seconds
160.694: [Full GC [PSYoungGen: 138240K->33464K(161280K)] [ParOldGen: 367988K->367988K(368128K)] 506228K->401453K(529408K) [PSPermGen: 13644K->13644K(21504K)], 0.0738670 secs] [Times: user=0.53 sys=0.01, real=0.07 secs] 
160.768: Total time for which application threads were stopped: 0.0782590 seconds, Stopping threads took: 0.0037430 seconds
160.791: Application time: 0.0233320 seconds
160.792: [Full GC [PSYoungGen: 138240K->33480K(161280K)] [ParOldGen: 367988K->367988K(368128K)] 506228K->401469K(529408K) [PSPermGen: 13644K->13644K(21504K)], 0.0747650 secs] [Times: user=0.51 sys=0.00, real=0.08 secs] 
160.867: Total time for which application threads were stopped: 0.0754060 seconds, Stopping threads took: 0.0000500 seconds
160.890: Application time: 0.0234520 seconds
160.891: [Full GC [PSYoungGen: 138240K->33496K(161280K)] [ParOldGen: 367988K->367988K(368128K)] 506228K->401485K(529408K) [PSPermGen: 13644K->13644K(21504K)], 0.0740240 secs] [Times: user=0.52 sys=0.00, real=0.07 secs] 
160.965: Total time for which application threads were stopped: 0.0746260 seconds, Stopping threads took: 0.0000380 seconds
160.988: Application time: 0.0231560 seconds
160.989: [Full GC [PSYoungGen: 138240K->33511K(161280K)] [ParOldGen: 367988K->367988K(368128K)] 506228K->401500K(529408K) [PSPermGen: 13644K->13644K(21504K)], 0.0740800 secs] [Times: user=0.52 sys=0.00, real=0.07 secs] 
161.063: Total time for which application threads were stopped: 0.0747160 seconds, Stopping threads took: 0.0000650 seconds
161.086: Application time: 0.0232280 seconds
161.087: [Full GC [PSYoungGen: 138240K->33525K(161280K)] [ParOldGen: 367988K->367988K(368128K)] 506228K->401514K(529408K) [PSPermGen: 13644K->13644K(21504K)], 0.0746360 secs] [Times: user=0.52 sys=0.00, real=0.07 secs] 
161.161: Total time for which application threads were stopped: 0.0752440 seconds, Stopping threads took: 0.0000420 seconds
161.185: Application time: 0.0234760 seconds
161.185: [Full GC [PSYoungGen: 138240K->33539K(161280K)] [ParOldGen: 367988K->367988K(368128K)] 506228K->401528K(529408K) [PSPermGen: 13644K->13644K(21504K)], 0.0740360 secs] [Times: user=0.52 sys=0.00, real=0.08 secs] 
161.259: Total time for which application threads were stopped: 0.0746570 seconds, Stopping threads took: 0.0000380 seconds
161.283: Application time: 0.0233490 seconds
161.286: [Full GC [PSYoungGen: 138240K->33548K(161280K)] [ParOldGen: 367988K->367988K(368128K)] 506228K->401537K(529408K) [PSPermGen: 13644K->13644K(21504K)], 0.0739240 secs] [Times: user=0.53 sys=0.00, real=0.07 secs] 
161.360: Total time for which application threads were stopped: 0.0773760 seconds, Stopping threads took: 0.0028000 seconds
161.383: Application time: 0.0233050 seconds
161.384: [Full GC [PSYoungGen: 138240K->33569K(161280K)] [ParOldGen: 367988K->367988K(368128K)] 506228K->401558K(529408K) [PSPermGen: 13644K->13644K(21504K)], 0.0759740 secs] [Times: user=0.52 sys=0.00, real=0.08 secs] 
161.460: Total time for which application threads were stopped: 0.0766890 seconds, Stopping threads took: 0.0000400 seconds
161.484: Application time: 0.0234840 seconds
161.484: [Full GC [PSYoungGen: 138240K->33583K(161280K)] [ParOldGen: 367988K->367988K(368128K)] 506228K->401572K(529408K) [PSPermGen: 13644K->13644K(21504K)], 0.0736570 secs] [Times: user=0.52 sys=0.00, real=0.08 secs] 
161.558: Total time for which application threads were stopped: 0.0743450 seconds, Stopping threads took: 0.0000490 seconds
161.581: Application time: 0.0234140 seconds
161.586: [Full GC [PSYoungGen: 138240K->33599K(161280K)] [ParOldGen: 367988K->367988K(368128K)] 506228K->401588K(529408K) [PSPermGen: 13644K->13644K(21504K)], 0.0744060 secs] [Times: user=0.52 sys=0.00, real=0.07 secs] 
161.661: Total time for which application threads were stopped: 0.0791550 seconds, Stopping threads took: 0.0041810 seconds
161.684: Application time: 0.0231080 seconds
161.686: [Full GC [PSYoungGen: 138240K->33611K(161280K)] [ParOldGen: 367988K->367988K(368128K)] 506228K->401600K(529408K) [PSPermGen: 13644K->13644K(21504K)], 0.0743520 secs] [Times: user=0.52 sys=0.00, real=0.07 secs] 
161.760: Total time for which application threads were stopped: 0.0768270 seconds, Stopping threads took: 0.0019140 seconds
161.784: Application time: 0.0232010 seconds
161.784: [Full GC [PSYoungGen: 138240K->33627K(161280K)] [ParOldGen: 367988K->367988K(368128K)] 506228K->401616K(529408K) [PSPermGen: 13644K->13644K(21504K)], 0.0742000 secs] [Times: user=0.53 sys=0.00, real=0.08 secs] 
161.858: Total time for which application threads were stopped: 0.0748080 seconds, Stopping threads took: 0.0000430 seconds
161.882: Application time: 0.0230820 seconds
161.882: [Full GC [PSYoungGen: 138240K->33646K(161280K)] [ParOldGen: 367988K->367988K(368128K)] 506228K->401635K(529408K) [PSPermGen: 13644K->13644K(21504K)], 0.0741660 secs] [Times: user=0.52 sys=0.00, real=0.08 secs] 
161.956: Total time for which application threads were stopped: 0.0748570 seconds, Stopping threads took: 0.0000420 seconds
161.980: Application time: 0.0232860 seconds
161.980: [Full GC [PSYoungGen: 138240K->33661K(161280K)] [ParOldGen: 367988K->367988K(368128K)] 506228K->401650K(529408K) [PSPermGen: 13644K->13644K(21504K)], 0.0765350 secs] [Times: user=0.53 sys=0.01, real=0.08 secs] 
162.057: Total time for which application threads were stopped: 0.0771660 seconds, Stopping threads took: 0.0000380 seconds
162.080: Application time: 0.0231280 seconds
162.081: [Full GC [PSYoungGen: 138240K->33679K(161280K)] [ParOldGen: 367988K->367879K(368128K)] 506228K->401558K(529408K) [PSPermGen: 13644K->13644K(21504K)], 0.2292660 secs] [Times: user=1.69 sys=0.00, real=0.23 secs] 
162.310: Total time for which application threads were stopped: 0.2299740 seconds, Stopping threads took: 0.0000480 seconds
162.333: Application time: 0.0233010 seconds
162.338: [Full GC [PSYoungGen: 138240K->33691K(161280K)] [ParOldGen: 367879K->367879K(368128K)] 506119K->401570K(529408K) [PSPermGen: 13644K->13644K(21504K)], 0.0732700 secs] [Times: user=0.52 sys=0.00, real=0.07 secs] 
162.411: Total time for which application threads were stopped: 0.0781740 seconds, Stopping threads took: 0.0042530 seconds
162.435: Application time: 0.0232330 seconds
162.435: [Full GC [PSYoungGen: 138240K->33707K(161280K)] [ParOldGen: 367879K->367879K(368128K)] 506119K->401586K(529408K) [PSPermGen: 13644K->13644K(21504K)], 0.0730490 secs] [Times: user=0.52 sys=0.00, real=0.07 secs] 
162.508: Total time for which application threads were stopped: 0.0737370 seconds, Stopping threads took: 0.0000420 seconds
162.532: Application time: 0.0233340 seconds
162.532: [Full GC [PSYoungGen: 138240K->33722K(161280K)] [ParOldGen: 367879K->367879K(368128K)] 506119K->401601K(529408K) [PSPermGen: 13644K->13644K(21504K)], 0.0728820 secs] [Times: user=0.52 sys=0.00, real=0.07 secs] 
162.605: Total time for which application threads were stopped: 0.0735780 seconds, Stopping threads took: 0.0000350 seconds
162.626: Application time: 0.0210850 seconds
162.630: Total time for which application threads were stopped: 0.0036260 seconds, Stopping threads took: 0.0030970 seconds
162.636: Application time: 0.0056080 seconds
162.638: [Full GC [PSYoungGen: 138240K->33518K(161280K)] [ParOldGen: 367879K->367879K(368128K)] 506119K->401397K(529408K) [PSPermGen: 13644K->13644K(21504K)], 0.0727380 secs] [Times: user=0.52 sys=0.00, real=0.07 secs] 
162.711: Total time for which application threads were stopped: 0.0752240 seconds, Stopping threads took: 0.0018730 seconds
162.734: Application time: 0.0234190 seconds
162.738: [Full GC [PSYoungGen: 138240K->33466K(161280K)] [ParOldGen: 367879K->367879K(368128K)] 506119K->401345K(529408K) [PSPermGen: 13644K->13644K(21504K)], 0.0726890 secs] [Times: user=0.51 sys=0.00, real=0.07 secs] 
162.811: Total time for which application threads were stopped: 0.0765260 seconds, Stopping threads took: 0.0032050 seconds
162.834: Application time: 0.0236080 seconds
162.835: [Full GC [PSYoungGen: 138240K->33254K(161280K)] [ParOldGen: 367879K->367879K(368128K)] 506119K->401133K(529408K) [PSPermGen: 13644K->13644K(21504K)], 0.0725730 secs] [Times: user=0.51 sys=0.00, real=0.07 secs] 
162.908: Total time for which application threads were stopped: 0.0732500 seconds, Stopping threads took: 0.0000430 seconds
162.931: Application time: 0.0232510 seconds
162.932: [Full GC [PSYoungGen: 138240K->33222K(161280K)] [ParOldGen: 367879K->367879K(368128K)] 506119K->401101K(529408K) [PSPermGen: 13644K->13644K(21504K)], 0.0737400 secs] [Times: user=0.51 sys=0.00, real=0.07 secs] 
163.005: Total time for which application threads were stopped: 0.0744270 seconds, Stopping threads took: 0.0000390 seconds
163.029: Application time: 0.0232440 seconds
163.029: [Full GC [PSYoungGen: 138240K->33235K(161280K)] [ParOldGen: 367879K->367879K(368128K)] 506119K->401115K(529408K) [PSPermGen: 13644K->13644K(21504K)], 0.0726470 secs] [Times: user=0.51 sys=0.00, real=0.07 secs] 
163.102: Total time for which application threads were stopped: 0.0733230 seconds, Stopping threads took: 0.0000390 seconds
163.125: Application time: 0.0233630 seconds
163.126: [Full GC [PSYoungGen: 138240K->33250K(161280K)] [ParOldGen: 367879K->367879K(368128K)] 506119K->401130K(529408K) [PSPermGen: 13644K->13644K(21504K)], 0.0728600 secs] [Times: user=0.51 sys=0.00, real=0.07 secs] 
163.199: Total time for which application threads were stopped: 0.0737280 seconds, Stopping threads took: 0.0001710 seconds
163.222: Application time: 0.0227220 seconds
163.222: [Full GC [PSYoungGen: 138240K->33267K(161280K)] [ParOldGen: 367879K->367879K(368128K)] 506119K->401146K(529408K) [PSPermGen: 13644K->13644K(21504K)], 0.0725280 secs] [Times: user=0.51 sys=0.00, real=0.08 secs] 
163.295: Total time for which application threads were stopped: 0.0732230 seconds, Stopping threads took: 0.0000420 seconds
163.318: Application time: 0.0229630 seconds
163.322: [Full GC [PSYoungGen: 138240K->33280K(161280K)] [ParOldGen: 367879K->367879K(368128K)] 506119K->401159K(529408K) [PSPermGen: 13644K->13644K(21504K)], 0.0723390 secs] [Times: user=0.51 sys=0.00, real=0.08 secs] 
163.395: Total time for which application threads were stopped: 0.0765190 seconds, Stopping threads took: 0.0035440 seconds
163.418: Application time: 0.0230350 seconds
163.422: [Full GC [PSYoungGen: 138240K->33297K(161280K)] [ParOldGen: 367879K->367879K(368128K)] 506119K->401176K(529408K) [PSPermGen: 13644K->13644K(21504K)], 0.0724510 secs] [Times: user=0.51 sys=0.00, real=0.08 secs] 
163.495: Total time for which application threads were stopped: 0.0770870 seconds, Stopping threads took: 0.0039960 seconds
163.518: Application time: 0.0232000 seconds
163.522: [Full GC [PSYoungGen: 138240K->33303K(161280K)] [ParOldGen: 367879K->367879K(368128K)] 506119K->401183K(529408K) [PSPermGen: 13644K->13644K(21504K)], 0.0734120 secs] [Times: user=0.51 sys=0.01, real=0.08 secs] 
163.596: Total time for which application threads were stopped: 0.0777660 seconds, Stopping threads took: 0.0036970 seconds
163.619: Application time: 0.0232840 seconds
163.622: [Full GC [PSYoungGen: 138240K->33329K(161280K)] [ParOldGen: 367879K->367879K(368128K)] 506119K->401208K(529408K) [PSPermGen: 13644K->13644K(21504K)], 0.0725160 secs] [Times: user=0.51 sys=0.00, real=0.08 secs] 
163.695: Total time for which application threads were stopped: 0.0758120 seconds, Stopping threads took: 0.0026550 seconds
163.718: Application time: 0.0231430 seconds
163.719: [Full GC [PSYoungGen: 138240K->33342K(161280K)] [ParOldGen: 367879K->367879K(368128K)] 506119K->401221K(529408K) [PSPermGen: 13644K->13644K(21504K)], 0.0725250 secs] [Times: user=0.52 sys=0.00, real=0.07 secs] 
163.791: Total time for which application threads were stopped: 0.0732290 seconds, Stopping threads took: 0.0000420 seconds
163.814: Application time: 0.0233000 seconds
163.818: [Full GC [PSYoungGen: 138240K->33356K(161280K)] [ParOldGen: 367879K->367879K(368128K)] 506119K->401235K(529408K) [PSPermGen: 13644K->13644K(21504K)], 0.0736150 secs] [Times: user=0.52 sys=0.00, real=0.07 secs] 
163.892: Total time for which application threads were stopped: 0.0774150 seconds, Stopping threads took: 0.0031590 seconds
163.915: Application time: 0.0232920 seconds
163.916: [Full GC [PSYoungGen: 138240K->33372K(161280K)] [ParOldGen: 367879K->367879K(368128K)] 506119K->401251K(529408K) [PSPermGen: 13644K->13644K(21504K)], 0.0732790 secs] [Times: user=0.51 sys=0.00, real=0.07 secs] 
163.989: Total time for which application threads were stopped: 0.0739750 seconds, Stopping threads took: 0.0000440 seconds
164.012: Application time: 0.0232170 seconds
164.013: [Full GC [PSYoungGen: 138240K->33384K(161280K)] [ParOldGen: 367879K->367879K(368128K)] 506119K->401263K(529408K) [PSPermGen: 13644K->13644K(21504K)], 0.0725240 secs] [Times: user=0.51 sys=0.00, real=0.07 secs] 
164.086: Total time for which application threads were stopped: 0.0731880 seconds, Stopping threads took: 0.0000430 seconds
164.108: Application time: 0.0229640 seconds
164.109: [Full GC [PSYoungGen: 138240K->33401K(161280K)] [ParOldGen: 367879K->367879K(368128K)] 506119K->401280K(529408K) [PSPermGen: 13644K->13644K(21504K)], 0.0729310 secs] [Times: user=0.51 sys=0.00, real=0.07 secs] 
164.182: Total time for which application threads were stopped: 0.0736130 seconds, Stopping threads took: 0.0000450 seconds
164.205: Application time: 0.0229800 seconds
164.206: [Full GC [PSYoungGen: 138240K->33414K(161280K)] [ParOldGen: 367879K->367879K(368128K)] 506119K->401293K(529408K) [PSPermGen: 13644K->13644K(21504K)], 0.0729760 secs] [Times: user=0.52 sys=0.00, real=0.07 secs] 
164.279: Total time for which application threads were stopped: 0.0736640 seconds, Stopping threads took: 0.0000390 seconds
164.302: Application time: 0.0229870 seconds
164.306: [Full GC [PSYoungGen: 138240K->33431K(161280K)] [ParOldGen: 367879K->367879K(368128K)] 506119K->401310K(529408K) [PSPermGen: 13644K->13644K(21504K)], 0.0730270 secs] [Times: user=0.51 sys=0.00, real=0.07 secs] 
164.379: Total time for which application threads were stopped: 0.0775210 seconds, Stopping threads took: 0.0038330 seconds
164.402: Application time: 0.0231180 seconds
164.403: [Full GC [PSYoungGen: 138240K->33437K(161280K)] [ParOldGen: 367879K->367879K(368128K)] 506119K->401316K(529408K) [PSPermGen: 13644K->13644K(21504K)], 0.0731820 secs] [Times: user=0.49 sys=0.00, real=0.08 secs] 
164.476: Total time for which application threads were stopped: 0.0738530 seconds, Stopping threads took: 0.0000330 seconds
164.499: Application time: 0.0230700 seconds
164.500: [Full GC [PSYoungGen: 138240K->33460K(161280K)] [ParOldGen: 367879K->367879K(368128K)] 506119K->401339K(529408K) [PSPermGen: 13644K->13644K(21504K)], 0.0727050 secs] [Times: user=0.51 sys=0.00, real=0.07 secs] 
164.573: Total time for which application threads were stopped: 0.0734050 seconds, Stopping threads took: 0.0000420 seconds
164.596: Application time: 0.0231710 seconds
164.598: [Full GC [PSYoungGen: 138240K->33476K(161280K)] [ParOldGen: 367879K->367879K(368128K)] 506119K->401356K(529408K) [PSPermGen: 13644K->13644K(21504K)], 0.0730290 secs] [Times: user=0.51 sys=0.00, real=0.07 secs] 
164.671: Total time for which application threads were stopped: 0.0753550 seconds, Stopping threads took: 0.0016930 seconds
164.694: Application time: 0.0231590 seconds
164.698: [Full GC [PSYoungGen: 138240K->33489K(161280K)] [ParOldGen: 367879K->367879K(368128K)] 506119K->401368K(529408K) [PSPermGen: 13644K->13644K(21504K)], 0.0732090 secs] [Times: user=0.52 sys=0.00, real=0.07 secs] 
164.771: Total time for which application threads were stopped: 0.0770170 seconds, Stopping threads took: 0.0031690 seconds
164.795: Application time: 0.0231280 seconds
164.798: [Full GC [PSYoungGen: 138240K->33506K(161280K)] [ParOldGen: 367879K->367879K(368128K)] 506119K->401386K(529408K) [PSPermGen: 13644K->13644K(21504K)], 0.0728500 secs] [Times: user=0.51 sys=0.00, real=0.07 secs] 
164.871: Total time for which application threads were stopped: 0.0764980 seconds, Stopping threads took: 0.0030170 seconds
164.894: Application time: 0.0233330 seconds
164.895: [Full GC [PSYoungGen: 138240K->33521K(161280K)] [ParOldGen: 367879K->367879K(368128K)] 506119K->401401K(529408K) [PSPermGen: 13644K->13644K(21504K)], 0.0727140 secs] [Times: user=0.51 sys=0.00, real=0.07 secs] 
164.968: Total time for which application threads were stopped: 0.0734060 seconds, Stopping threads took: 0.0000340 seconds
164.991: Application time: 0.0231810 seconds
164.992: [Full GC [PSYoungGen: 138240K->33533K(161280K)] [ParOldGen: 367879K->367879K(368128K)] 506119K->401412K(529408K) [PSPermGen: 13644K->13644K(21504K)], 0.0728480 secs] [Times: user=0.52 sys=0.00, real=0.07 secs] 
165.065: Total time for which application threads were stopped: 0.0735380 seconds, Stopping threads took: 0.0000430 seconds
165.087: Application time: 0.0229210 seconds
165.088: [Full GC [PSYoungGen: 138240K->33549K(161280K)] [ParOldGen: 367879K->367879K(368128K)] 506119K->401428K(529408K) [PSPermGen: 13644K->13644K(21504K)], 0.0746340 secs] [Times: user=0.50 sys=0.00, real=0.07 secs] 
165.163: Total time for which application threads were stopped: 0.0753160 seconds, Stopping threads took: 0.0000440 seconds
165.186: Application time: 0.0230250 seconds
165.186: [Full GC [PSYoungGen: 138240K->33565K(161280K)] [ParOldGen: 367879K->367879K(368128K)] 506119K->401444K(529408K) [PSPermGen: 13644K->13644K(21504K)], 0.0726210 secs] [Times: user=0.51 sys=0.00, real=0.07 secs] 
165.259: Total time for which application threads were stopped: 0.0733080 seconds, Stopping threads took: 0.0000460 seconds
165.282: Application time: 0.0231420 seconds
165.283: [Full GC [PSYoungGen: 138240K->33577K(161280K)] [ParOldGen: 367879K->367879K(368128K)] 506119K->401457K(529408K) [PSPermGen: 13644K->13644K(21504K)], 0.0729170 secs] [Times: user=0.51 sys=0.00, real=0.08 secs] 
165.356: Total time for which application threads were stopped: 0.0736030 seconds, Stopping threads took: 0.0000400 seconds
165.379: Application time: 0.0229910 seconds
165.379: [Full GC [PSYoungGen: 138240K->33593K(161280K)] [ParOldGen: 367879K->367879K(368128K)] 506119K->401472K(529408K) [PSPermGen: 13644K->13644K(21504K)], 0.0731250 secs] [Times: user=0.51 sys=0.00, real=0.07 secs] 
165.453: Total time for which application threads were stopped: 0.0737970 seconds, Stopping threads took: 0.0000410 seconds
165.476: Application time: 0.0231960 seconds
165.478: [Full GC [PSYoungGen: 138240K->33607K(161280K)] [ParOldGen: 367879K->367879K(368128K)] 506119K->401487K(529408K) [PSPermGen: 13644K->13644K(21504K)], 0.0733460 secs] [Times: user=0.51 sys=0.00, real=0.07 secs] 
165.552: Total time for which application threads were stopped: 0.0757290 seconds, Stopping threads took: 0.0017190 seconds
165.575: Application time: 0.0230410 seconds
165.578: [Full GC [PSYoungGen: 138240K->33624K(161280K)] [ParOldGen: 367879K->367879K(368128K)] 506119K->401503K(529408K) [PSPermGen: 13644K->13644K(21504K)], 0.0729140 secs] [Times: user=0.52 sys=0.00, real=0.07 secs] 
165.651: Total time for which application threads were stopped: 0.0764940 seconds, Stopping threads took: 0.0029490 seconds
165.674: Application time: 0.0230070 seconds
165.678: [Full GC [PSYoungGen: 138240K->33638K(161280K)] [ParOldGen: 367879K->367879K(368128K)] 506119K->401517K(529408K) [PSPermGen: 13644K->13644K(21504K)], 0.0728870 secs] [Times: user=0.51 sys=0.00, real=0.07 secs] 
165.751: Total time for which application threads were stopped: 0.0769710 seconds, Stopping threads took: 0.0034450 seconds
165.774: Application time: 0.0230560 seconds
165.775: [Full GC [PSYoungGen: 138240K->33655K(161280K)] [ParOldGen: 367879K->367879K(368128K)] 506119K->401535K(529408K) [PSPermGen: 13644K->13644K(21504K)], 0.0727270 secs] [Times: user=0.52 sys=0.00, real=0.07 secs] 
165.848: Total time for which application threads were stopped: 0.0734080 seconds, Stopping threads took: 0.0000400 seconds
165.870: Application time: 0.0228140 seconds
165.871: [Full GC [PSYoungGen: 138240K->33670K(161280K)] [ParOldGen: 367879K->367879K(368128K)] 506119K->401549K(529408K) [PSPermGen: 13644K->13644K(21504K)], 0.0727090 secs] [Times: user=0.52 sys=0.00, real=0.07 secs] 
165.944: Total time for which application threads were stopped: 0.0733790 seconds, Stopping threads took: 0.0000370 seconds
165.967: Application time: 0.0233600 seconds
165.970: [Full GC [PSYoungGen: 138240K->33689K(161280K)] [ParOldGen: 367879K->367879K(368128K)] 506119K->401569K(529408K) [PSPermGen: 13644K->13644K(21504K)], 0.0738550 secs] [Times: user=0.51 sys=0.01, real=0.07 secs] 
166.044: Total time for which application threads were stopped: 0.0769190 seconds, Stopping threads took: 0.0024350 seconds
166.067: Application time: 0.0233680 seconds
166.068: [Full GC [PSYoungGen: 138240K->33703K(161280K)] [ParOldGen: 367879K->367879K(368128K)] 506119K->401583K(529408K) [PSPermGen: 13644K->13644K(21504K)], 0.0731790 secs] [Times: user=0.51 sys=0.00, real=0.07 secs] 
166.141: Total time for which application threads were stopped: 0.0738880 seconds, Stopping threads took: 0.0000490 seconds
166.165: Application time: 0.0232620 seconds
166.165: [Full GC [PSYoungGen: 138240K->33716K(161280K)] [ParOldGen: 367879K->367879K(368128K)] 506119K->401596K(529408K) [PSPermGen: 13644K->13644K(21504K)], 0.0730070 secs] [Times: user=0.51 sys=0.00, real=0.08 secs] 
166.238: Total time for which application threads were stopped: 0.0736730 seconds, Stopping threads took: 0.0000370 seconds
166.262: Application time: 0.0241160 seconds
166.266: [Full GC [PSYoungGen: 138240K->33568K(161280K)] [ParOldGen: 367879K->367879K(368128K)] 506119K->401447K(529408K) [PSPermGen: 13644K->13644K(21504K)], 0.0727990 secs] [Times: user=0.52 sys=0.00, real=0.07 secs] 
166.339: Total time for which application threads were stopped: 0.0766330 seconds, Stopping threads took: 0.0032070 seconds
166.362: Application time: 0.0233000 seconds
166.363: [Full GC [PSYoungGen: 138240K->33480K(161280K)] [ParOldGen: 367879K->367879K(368128K)] 506119K->401359K(529408K) [PSPermGen: 13644K->13644K(21504K)], 0.0731600 secs] [Times: user=0.51 sys=0.00, real=0.08 secs] 
166.436: Total time for which application threads were stopped: 0.0738390 seconds, Stopping threads took: 0.0000460 seconds
166.459: Application time: 0.0231790 seconds
166.462: [Full GC [PSYoungGen: 138240K->33479K(161280K)] [ParOldGen: 367879K->367879K(368128K)] 506119K->401358K(529408K) [PSPermGen: 13644K->13644K(21504K)], 0.0731920 secs] [Times: user=0.51 sys=0.01, real=0.08 secs] 
166.535: Total time for which application threads were stopped: 0.0760650 seconds, Stopping threads took: 0.0022410 seconds
166.560: Application time: 0.0244120 seconds
166.560: [Full GC [PSYoungGen: 138240K->33268K(161280K)] [ParOldGen: 367879K->367879K(368128K)] 506119K->401147K(529408K) [PSPermGen: 13644K->13644K(21504K)], 0.0727360 secs] [Times: user=0.51 sys=0.00, real=0.07 secs] 
166.633: Total time for which application threads were stopped: 0.0734170 seconds, Stopping threads took: 0.0000590 seconds
166.656: Application time: 0.0231370 seconds
166.658: [Full GC [PSYoungGen: 138240K->33226K(161280K)] [ParOldGen: 367879K->367879K(368128K)] 506119K->401105K(529408K) [PSPermGen: 13644K->13644K(21504K)], 0.0729170 secs] [Times: user=0.50 sys=0.00, real=0.07 secs] 
166.731: Total time for which application threads were stopped: 0.0747710 seconds, Stopping threads took: 0.0012030 seconds
166.755: Application time: 0.0234430 seconds
166.758: [Full GC [PSYoungGen: 138240K->33242K(161280K)] [ParOldGen: 367879K->367879K(368128K)] 506119K->401121K(529408K) [PSPermGen: 13644K->13644K(21504K)], 0.0724720 secs] [Times: user=0.51 sys=0.00, real=0.07 secs] 
166.831: Total time for which application threads were stopped: 0.0760910 seconds, Stopping threads took: 0.0029760 seconds
166.854: Application time: 0.0233040 seconds
166.855: [Full GC [PSYoungGen: 138240K->33257K(161280K)] [ParOldGen: 367879K->367879K(368128K)] 506119K->401137K(529408K) [PSPermGen: 13644K->13644K(21504K)], 0.0733060 secs] [Times: user=0.50 sys=0.00, real=0.07 secs] 
166.928: Total time for which application threads were stopped: 0.0739870 seconds, Stopping threads took: 0.0000380 seconds
166.951: Application time: 0.0234380 seconds
166.952: [Full GC [PSYoungGen: 138240K->33275K(161280K)] [ParOldGen: 367879K->367879K(368128K)] 506119K->401154K(529408K) [PSPermGen: 13644K->13644K(21504K)], 0.0726390 secs] [Times: user=0.51 sys=0.00, real=0.07 secs] 
167.025: Total time for which application threads were stopped: 0.0733110 seconds, Stopping threads took: 0.0000370 seconds
167.048: Application time: 0.0236050 seconds
167.049: [Full GC [PSYoungGen: 138240K->33289K(161280K)] [ParOldGen: 367879K->367879K(368128K)] 506119K->401168K(529408K) [PSPermGen: 13644K->13644K(21504K)], 0.0724410 secs] [Times: user=0.52 sys=0.00, real=0.07 secs] 
167.121: Total time for which application threads were stopped: 0.0731120 seconds, Stopping threads took: 0.0000360 seconds
167.145: Application time: 0.0235740 seconds
167.146: [Full GC [PSYoungGen: 138240K->33304K(161280K)] [ParOldGen: 367879K->367879K(368128K)] 506119K->401184K(529408K) [PSPermGen: 13644K->13644K(21504K)], 0.0720790 secs] [Times: user=0.51 sys=0.00, real=0.07 secs] 
167.218: Total time for which application threads were stopped: 0.0727770 seconds, Stopping threads took: 0.0000480 seconds
167.241: Application time: 0.0231470 seconds
167.242: [Full GC [PSYoungGen: 138240K->33317K(161280K)] [ParOldGen: 367879K->367879K(368128K)] 506119K->401197K(529408K) [PSPermGen: 13644K->13644K(21504K)], 0.0722480 secs] [Times: user=0.51 sys=0.00, real=0.08 secs] 
167.314: Total time for which application threads were stopped: 0.0735240 seconds, Stopping threads took: 0.0006190 seconds
167.338: Application time: 0.0230600 seconds
167.338: [Full GC [PSYoungGen: 138240K->33328K(161280K)] [ParOldGen: 367879K->367879K(368128K)] 506119K->401208K(529408K) [PSPermGen: 13644K->13644K(21504K)], 0.0724320 secs] [Times: user=0.51 sys=0.00, real=0.07 secs] 
167.411: Total time for which application threads were stopped: 0.0731140 seconds, Stopping threads took: 0.0000430 seconds
167.434: Application time: 0.0231420 seconds
167.438: [Full GC [PSYoungGen: 138240K->33348K(161280K)] [ParOldGen: 367879K->367879K(368128K)] 506119K->401227K(529408K) [PSPermGen: 13644K->13644K(21504K)], 0.0727110 secs] [Times: user=0.50 sys=0.00, real=0.07 secs] 
167.511: Total time for which application threads were stopped: 0.0771010 seconds, Stopping threads took: 0.0037560 seconds
167.534: Application time: 0.0234760 seconds
167.535: [Full GC [PSYoungGen: 138240K->33363K(161280K)] [ParOldGen: 367879K->367879K(368128K)] 506119K->401242K(529408K) [PSPermGen: 13644K->13644K(21504K)], 0.0725630 secs] [Times: user=0.51 sys=0.00, real=0.07 secs] 
167.608: Total time for which application threads were stopped: 0.0732420 seconds, Stopping threads took: 0.0000450 seconds
167.631: Application time: 0.0231170 seconds
167.634: [Full GC [PSYoungGen: 138240K->33378K(161280K)] [ParOldGen: 367879K->367879K(368128K)] 506119K->401257K(529408K) [PSPermGen: 13644K->13644K(21504K)], 0.0726090 secs] [Times: user=0.52 sys=0.00, real=0.07 secs] 
167.707: Total time for which application threads were stopped: 0.0760600 seconds, Stopping threads took: 0.0028140 seconds
167.730: Application time: 0.0234890 seconds
167.731: [Full GC [PSYoungGen: 138240K->33393K(161280K)] [ParOldGen: 367879K->367879K(368128K)] 506119K->401272K(529408K) [PSPermGen: 13644K->13644K(21504K)], 0.0724250 secs] [Times: user=0.51 sys=0.00, real=0.07 secs] 
167.803: Total time for which application threads were stopped: 0.0731110 seconds, Stopping threads took: 0.0000420 seconds
167.826: Application time: 0.0230090 seconds
167.827: [Full GC [PSYoungGen: 138240K->33406K(161280K)] [ParOldGen: 367879K->367879K(368128K)] 506119K->401285K(529408K) [PSPermGen: 13644K->13644K(21504K)], 0.0733490 secs] [Times: user=0.51 sys=0.00, real=0.07 secs] 
167.900: Total time for which application threads were stopped: 0.0740580 seconds, Stopping threads took: 0.0000470 seconds
167.924: Application time: 0.0232330 seconds
167.926: [Full GC [PSYoungGen: 138240K->33421K(161280K)] [ParOldGen: 367879K->367879K(368128K)] 506119K->401301K(529408K) [PSPermGen: 13644K->13644K(21504K)], 0.0725210 secs] [Times: user=0.52 sys=0.00, real=0.07 secs] 
167.999: Total time for which application threads were stopped: 0.0750170 seconds, Stopping threads took: 0.0018550 seconds
168.022: Application time: 0.0232100 seconds
168.023: [Full GC [PSYoungGen: 138240K->33437K(161280K)] [ParOldGen: 367879K->367879K(368128K)] 506119K->401316K(529408K) [PSPermGen: 13644K->13644K(21504K)], 0.0727690 secs] [Times: user=0.51 sys=0.00, real=0.08 secs] 
168.095: Total time for which application threads were stopped: 0.0734460 seconds, Stopping threads took: 0.0000340 seconds
168.118: Application time: 0.0230120 seconds
168.119: [Full GC [PSYoungGen: 138240K->33451K(161280K)] [ParOldGen: 367879K->367879K(368128K)] 506119K->401330K(529408K) [PSPermGen: 13644K->13644K(21504K)], 0.0733160 secs] [Times: user=0.51 sys=0.00, real=0.07 secs] 
168.192: Total time for which application threads were stopped: 0.0739970 seconds, Stopping threads took: 0.0000420 seconds
168.215: Application time: 0.0229870 seconds
168.216: [Full GC [PSYoungGen: 138240K->33463K(161280K)] [ParOldGen: 367879K->367879K(368128K)] 506119K->401343K(529408K) [PSPermGen: 13644K->13644K(21504K)], 0.0724220 secs] [Times: user=0.51 sys=0.00, real=0.07 secs] 
168.289: Total time for which application threads were stopped: 0.0731160 seconds, Stopping threads took: 0.0000430 seconds
168.312: Application time: 0.0232610 seconds
168.314: [Full GC [PSYoungGen: 138240K->33478K(161280K)] [ParOldGen: 367879K->367879K(368128K)] 506119K->401357K(529408K) [PSPermGen: 13644K->13644K(21504K)], 0.0730600 secs] [Times: user=0.51 sys=0.00, real=0.07 secs] 
168.387: Total time for which application threads were stopped: 0.0754810 seconds, Stopping threads took: 0.0017810 seconds
168.410: Application time: 0.0231280 seconds
168.411: [Full GC [PSYoungGen: 138240K->33496K(161280K)] [ParOldGen: 367879K->367879K(368128K)] 506119K->401375K(529408K) [PSPermGen: 13644K->13644K(21504K)], 0.0725000 secs] [Times: user=0.51 sys=0.00, real=0.07 secs] 
168.484: Total time for which application threads were stopped: 0.0732110 seconds, Stopping threads took: 0.0000420 seconds
168.507: Application time: 0.0232020 seconds
168.510: [Full GC [PSYoungGen: 138240K->33512K(161280K)] [ParOldGen: 367879K->367879K(368128K)] 506119K->401391K(529408K) [PSPermGen: 13644K->13644K(21504K)], 0.0728910 secs] [Times: user=0.51 sys=0.00, real=0.07 secs] 
168.583: Total time for which application threads were stopped: 0.0762770 seconds, Stopping threads took: 0.0027400 seconds
168.606: Application time: 0.0231720 seconds
168.607: [Full GC [PSYoungGen: 138240K->33526K(161280K)] [ParOldGen: 367879K->367879K(368128K)] 506119K->401405K(529408K) [PSPermGen: 13644K->13644K(21504K)], 0.0727680 secs] [Times: user=0.52 sys=0.00, real=0.07 secs] 
168.680: Total time for which application threads were stopped: 0.0734420 seconds, Stopping threads took: 0.0000380 seconds
168.703: Application time: 0.0230870 seconds
168.706: [Full GC [PSYoungGen: 138240K->33541K(161280K)] [ParOldGen: 367879K->367879K(368128K)] 506119K->401420K(529408K) [PSPermGen: 13644K->13644K(21504K)], 0.0725920 secs] [Times: user=0.51 sys=0.00, real=0.07 secs] 
168.779: Total time for which application threads were stopped: 0.0759750 seconds, Stopping threads took: 0.0027520 seconds
168.802: Application time: 0.0230280 seconds
168.802: [Full GC [PSYoungGen: 138240K->33556K(161280K)] [ParOldGen: 367879K->367879K(368128K)] 506119K->401435K(529408K) [PSPermGen: 13644K->13644K(21504K)], 0.0732980 secs] [Times: user=0.51 sys=0.00, real=0.08 secs] 
168.876: Total time for which application threads were stopped: 0.0739760 seconds, Stopping threads took: 0.0000380 seconds
168.899: Application time: 0.0230240 seconds
168.902: [Full GC [PSYoungGen: 138240K->33565K(161280K)] [ParOldGen: 367879K->367879K(368128K)] 506119K->401444K(529408K) [PSPermGen: 13644K->13644K(21504K)], 0.0726440 secs] [Times: user=0.51 sys=0.00, real=0.08 secs] 
168.975: Total time for which application threads were stopped: 0.0760140 seconds, Stopping threads took: 0.0027390 seconds
168.998: Application time: 0.0233540 seconds
169.002: [Full GC [PSYoungGen: 138240K->33584K(161280K)] [ParOldGen: 367879K->367879K(368128K)] 506119K->401463K(529408K) [PSPermGen: 13644K->13644K(21504K)], 0.0742140 secs] [Times: user=0.51 sys=0.00, real=0.08 secs] 
169.076: Total time for which application threads were stopped: 0.0782380 seconds, Stopping threads took: 0.0033580 seconds
169.100: Application time: 0.0231070 seconds
169.100: [Full GC [PSYoungGen: 138240K->33599K(161280K)] [ParOldGen: 367879K->367879K(368128K)] 506119K->401479K(529408K) [PSPermGen: 13644K->13644K(21504K)], 0.0731430 secs] [Times: user=0.51 sys=0.00, real=0.07 secs] 
169.173: Total time for which application threads were stopped: 0.0738410 seconds, Stopping threads took: 0.0000640 seconds
169.197: Application time: 0.0231940 seconds
169.197: [Full GC [PSYoungGen: 138240K->33618K(161280K)] [ParOldGen: 367879K->367879K(368128K)] 506119K->401497K(529408K) [PSPermGen: 13644K->13644K(21504K)], 0.0729230 secs] [Times: user=0.51 sys=0.00, real=0.07 secs] 
169.270: Total time for which application threads were stopped: 0.0736080 seconds, Stopping threads took: 0.0000510 seconds
169.293: Application time: 0.0228210 seconds
169.294: [Full GC [PSYoungGen: 138240K->33633K(161280K)] [ParOldGen: 367879K->367879K(368128K)] 506119K->401512K(529408K) [PSPermGen: 13644K->13644K(21504K)], 0.0727200 secs] [Times: user=0.51 sys=0.00, real=0.07 secs] 
169.367: Total time for which application threads were stopped: 0.0738870 seconds, Stopping threads took: 0.0005420 seconds
169.390: Application time: 0.0231990 seconds
169.391: [Full GC [PSYoungGen: 138240K->33648K(161280K)] [ParOldGen: 367879K->367879K(368128K)] 506119K->401527K(529408K) [PSPermGen: 13644K->13644K(21504K)], 0.0729450 secs] [Times: user=0.52 sys=0.00, real=0.07 secs] 
169.464: Total time for which application threads were stopped: 0.0736100 seconds, Stopping threads took: 0.0000390 seconds
169.487: Application time: 0.0230420 seconds
169.487: [Full GC [PSYoungGen: 138240K->33654K(161280K)] [ParOldGen: 367879K->367879K(368128K)] 506119K->401533K(529408K) [PSPermGen: 13644K->13644K(21504K)], 0.0726050 secs] [Times: user=0.51 sys=0.00, real=0.07 secs] 
169.560: Total time for which application threads were stopped: 0.0732960 seconds, Stopping threads took: 0.0000390 seconds
169.583: Application time: 0.0232200 seconds
169.586: [Full GC [PSYoungGen: 138240K->33678K(161280K)] [ParOldGen: 367879K->367879K(368128K)] 506119K->401557K(529408K) [PSPermGen: 13644K->13644K(21504K)], 0.0729170 secs] [Times: user=0.52 sys=0.00, real=0.07 secs] 
169.659: Total time for which application threads were stopped: 0.0758600 seconds, Stopping threads took: 0.0022770 seconds
169.683: Application time: 0.0234260 seconds
169.686: [Full GC [PSYoungGen: 138240K->33690K(161280K)] [ParOldGen: 367879K->367879K(368128K)] 506119K->401570K(529408K) [PSPermGen: 13644K->13644K(21504K)], 0.0725800 secs] [Times: user=0.51 sys=0.00, real=0.07 secs] 
169.759: Total time for which application threads were stopped: 0.0761840 seconds, Stopping threads took: 0.0029790 seconds
169.782: Application time: 0.0233920 seconds
169.783: [Full GC [PSYoungGen: 138240K->33703K(161280K)] [ParOldGen: 367879K->367879K(368128K)] 506119K->401582K(529408K) [PSPermGen: 13644K->13644K(21504K)], 0.0725490 secs] [Times: user=0.52 sys=0.00, real=0.08 secs] 
169.855: Total time for which application threads were stopped: 0.0732190 seconds, Stopping threads took: 0.0000340 seconds
169.880: Application time: 0.0244720 seconds
169.880: [Full GC [PSYoungGen: 138240K->33484K(161280K)] [ParOldGen: 367879K->367879K(368128K)] 506119K->401363K(529408K) [PSPermGen: 13644K->13644K(21504K)], 0.0732260 secs] [Times: user=0.52 sys=0.00, real=0.08 secs] 
169.954: Total time for which application threads were stopped: 0.0738920 seconds, Stopping threads took: 0.0000430 seconds
169.977: Application time: 0.0232720 seconds
169.978: [Full GC [PSYoungGen: 138240K->33457K(161280K)] [ParOldGen: 367879K->367879K(368128K)] 506119K->401336K(529408K) [PSPermGen: 13644K->13644K(21504K)], 0.0726940 secs] [Times: user=0.52 sys=0.00, real=0.07 secs] 
170.051: Total time for which application threads were stopped: 0.0738590 seconds, Stopping threads took: 0.0005410 seconds
170.074: Application time: 0.0235540 seconds
170.075: [Full GC [PSYoungGen: 138240K->33466K(161280K)] [ParOldGen: 367879K->367879K(368128K)] 506119K->401345K(529408K) [PSPermGen: 13644K->13644K(21504K)], 0.0733970 secs] [Times: user=0.51 sys=0.00, real=0.07 secs] 
170.149: Total time for which application threads were stopped: 0.0740780 seconds, Stopping threads took: 0.0000360 seconds
170.172: Application time: 0.0235570 seconds
170.173: [Full GC [PSYoungGen: 138240K->33486K(161280K)] [ParOldGen: 367879K->367879K(368128K)] 506119K->401365K(529408K) [PSPermGen: 13644K->13644K(21504K)], 0.0730800 secs] [Times: user=0.51 sys=0.00, real=0.08 secs] 
170.246: Total time for which application threads were stopped: 0.0737720 seconds, Stopping threads took: 0.0000430 seconds
170.270: Application time: 0.0243920 seconds
170.271: [Full GC [PSYoungGen: 138240K->33433K(161280K)] [ParOldGen: 367879K->367879K(368128K)] 506119K->401313K(529408K) [PSPermGen: 13644K->13644K(21504K)], 0.0731110 secs] [Times: user=0.52 sys=0.00, real=0.07 secs] 
170.344: Total time for which application threads were stopped: 0.0737650 seconds, Stopping threads took: 0.0000290 seconds
170.368: Application time: 0.0235210 seconds
170.370: [Full GC [PSYoungGen: 138240K->33253K(161280K)] [ParOldGen: 367879K->367879K(368128K)] 506119K->401132K(529408K) [PSPermGen: 13644K->13644K(21504K)], 0.0727080 secs] [Times: user=0.51 sys=0.00, real=0.07 secs] 
170.443: Total time for which application threads were stopped: 0.0753570 seconds, Stopping threads took: 0.0020170 seconds
170.466: Application time: 0.0230330 seconds
170.470: [Full GC [PSYoungGen: 138240K->33249K(161280K)] [ParOldGen: 367879K->367879K(368128K)] 506119K->401129K(529408K) [PSPermGen: 13644K->13644K(21504K)], 0.0728460 secs] [Times: user=0.49 sys=0.00, real=0.07 secs] 
170.543: Total time for which application threads were stopped: 0.0771130 seconds, Stopping threads took: 0.0036150 seconds
170.566: Application time: 0.0231900 seconds
170.570: [Full GC [PSYoungGen: 138240K->33264K(161280K)] [ParOldGen: 367879K->367879K(368128K)] 506119K->401144K(529408K) [PSPermGen: 13644K->13644K(21504K)], 0.0728060 secs] [Times: user=0.51 sys=0.00, real=0.07 secs] 
170.643: Total time for which application threads were stopped: 0.0767570 seconds, Stopping threads took: 0.0033150 seconds
170.666: Application time: 0.0233470 seconds
170.667: [Full GC [PSYoungGen: 138240K->33282K(161280K)] [ParOldGen: 367879K->367879K(368128K)] 506119K->401161K(529408K) [PSPermGen: 13644K->13644K(21504K)], 0.0726520 secs] [Times: user=0.51 sys=0.00, real=0.07 secs] 
170.740: Total time for which application threads were stopped: 0.0733180 seconds, Stopping threads took: 0.0000300 seconds
170.763: Application time: 0.0231810 seconds
170.766: [Full GC [PSYoungGen: 138240K->33295K(161280K)] [ParOldGen: 367879K->367879K(368128K)] 506119K->401174K(529408K) [PSPermGen: 13644K->13644K(21504K)], 0.0726240 secs] [Times: user=0.51 sys=0.00, real=0.07 secs] 
170.839: Total time for which application threads were stopped: 0.0759910 seconds, Stopping threads took: 0.0027070 seconds
170.862: Application time: 0.0231970 seconds
170.863: [Full GC [PSYoungGen: 138240K->33311K(161280K)] [ParOldGen: 367879K->367879K(368128K)] 506119K->401190K(529408K) [PSPermGen: 13644K->13644K(21504K)], 0.0725690 secs] [Times: user=0.51 sys=0.00, real=0.08 secs] 
170.935: Total time for which application threads were stopped: 0.0732520 seconds, Stopping threads took: 0.0000540 seconds
170.958: Application time: 0.0229170 seconds
170.962: [Full GC [PSYoungGen: 138240K->33325K(161280K)] [ParOldGen: 367879K->367879K(368128K)] 506119K->401204K(529408K) [PSPermGen: 13644K->13644K(21504K)], 0.0725430 secs] [Times: user=0.51 sys=0.00, real=0.08 secs] 
171.035: Total time for which application threads were stopped: 0.0764880 seconds, Stopping threads took: 0.0033290 seconds
171.058: Application time: 0.0232980 seconds
171.059: [Full GC [PSYoungGen: 138240K->33340K(161280K)] [ParOldGen: 367879K->367879K(368128K)] 506119K->401219K(529408K) [PSPermGen: 13644K->13644K(21504K)], 0.0744000 secs] [Times: user=0.53 sys=0.00, real=0.07 secs] 
171.133: Total time for which application threads were stopped: 0.0750690 seconds, Stopping threads took: 0.0000430 seconds
171.156: Application time: 0.0233030 seconds
171.157: [Full GC [PSYoungGen: 138240K->33355K(161280K)] [ParOldGen: 367879K->367879K(368128K)] 506119K->401235K(529408K) [PSPermGen: 13644K->13644K(21504K)], 0.0732550 secs] [Times: user=0.51 sys=0.00, real=0.07 secs] 
171.230: Total time for which application threads were stopped: 0.0739360 seconds, Stopping threads took: 0.0000390 seconds
171.254: Application time: 0.0232140 seconds
171.254: [Full GC [PSYoungGen: 138240K->33368K(161280K)] [ParOldGen: 367879K->367879K(368128K)] 506119K->401247K(529408K) [PSPermGen: 13644K->13644K(21504K)], 0.0738230 secs] [Times: user=0.52 sys=0.00, real=0.07 secs] 
171.328: Total time for which application threads were stopped: 0.0745000 seconds, Stopping threads took: 0.0000410 seconds
171.351: Application time: 0.0231860 seconds
171.352: [Full GC [PSYoungGen: 138240K->33384K(161280K)] [ParOldGen: 367879K->367879K(368128K)] 506119K->401264K(529408K) [PSPermGen: 13644K->13644K(21504K)], 0.0725480 secs] [Times: user=0.51 sys=0.00, real=0.07 secs] 
171.425: Total time for which application threads were stopped: 0.0732930 seconds, Stopping threads took: 0.0000580 seconds
171.448: Application time: 0.0229950 seconds
171.450: [Full GC [PSYoungGen: 138240K->33398K(161280K)] [ParOldGen: 367879K->367879K(368128K)] 506119K->401277K(529408K) [PSPermGen: 13644K->13644K(21504K)], 0.0724140 secs] [Times: user=0.52 sys=0.00, real=0.07 secs] 
171.523: Total time for which application threads were stopped: 0.0750740 seconds, Stopping threads took: 0.0020270 seconds
171.546: Application time: 0.0233240 seconds
171.547: [Full GC [PSYoungGen: 138240K->33415K(161280K)] [ParOldGen: 367879K->367879K(368128K)] 506119K->401294K(529408K) [PSPermGen: 13644K->13644K(21504K)], 0.0734720 secs] [Times: user=0.50 sys=0.00, real=0.07 secs] 
171.620: Total time for which application threads were stopped: 0.0741440 seconds, Stopping threads took: 0.0000380 seconds
171.643: Application time: 0.0231360 seconds
171.646: [Full GC [PSYoungGen: 138240K->33429K(161280K)] [ParOldGen: 367879K->367879K(368128K)] 506119K->401308K(529408K) [PSPermGen: 13644K->13644K(21504K)], 0.0728980 secs] [Times: user=0.51 sys=0.00, real=0.07 secs] 
171.719: Total time for which application threads were stopped: 0.0758800 seconds, Stopping threads took: 0.0023460 seconds
171.742: Application time: 0.0232730 seconds
171.746: [Full GC [PSYoungGen: 138240K->33443K(161280K)] [ParOldGen: 367879K->367879K(368128K)] 506119K->401322K(529408K) [PSPermGen: 13644K->13644K(21504K)], 0.0729240 secs] [Times: user=0.51 sys=0.00, real=0.07 secs] 
171.819: Total time for which application threads were stopped: 0.0767360 seconds, Stopping threads took: 0.0031810 seconds
171.842: Application time: 0.0232650 seconds
171.846: [Full GC [PSYoungGen: 138240K->33455K(161280K)] [ParOldGen: 367879K->367879K(368128K)] 506119K->401335K(529408K) [PSPermGen: 13644K->13644K(21504K)], 0.0723920 secs] [Times: user=0.51 sys=0.00, real=0.07 secs] 
171.919: Total time for which application threads were stopped: 0.0762020 seconds, Stopping threads took: 0.0031740 seconds
171.942: Application time: 0.0231900 seconds
171.946: [Full GC [PSYoungGen: 138240K->33475K(161280K)] [ParOldGen: 367879K->367879K(368128K)] 506119K->401354K(529408K) [PSPermGen: 13644K->13644K(21504K)], 0.0727980 secs] [Times: user=0.51 sys=0.00, real=0.07 secs] 
172.019: Total time for which application threads were stopped: 0.0772270 seconds, Stopping threads took: 0.0037760 seconds
172.042: Application time: 0.0232270 seconds
172.043: [Full GC [PSYoungGen: 138240K->33489K(161280K)] [ParOldGen: 367879K->367879K(368128K)] 506119K->401368K(529408K) [PSPermGen: 13644K->13644K(21504K)], 0.0742400 secs] [Times: user=0.51 sys=0.00, real=0.08 secs] 
172.117: Total time for which application threads were stopped: 0.0749490 seconds, Stopping threads took: 0.0000380 seconds
172.141: Application time: 0.0236590 seconds
172.141: [Full GC [PSYoungGen: 138240K->33505K(161280K)] [ParOldGen: 367879K->367879K(368128K)] 506119K->401384K(529408K) [PSPermGen: 13644K->13644K(21504K)], 0.0725760 secs] [Times: user=0.51 sys=0.00, real=0.08 secs] 
172.214: Total time for which application threads were stopped: 0.0732450 seconds, Stopping threads took: 0.0000350 seconds
172.237: Application time: 0.0231800 seconds
172.238: [Full GC [PSYoungGen: 138240K->33519K(161280K)] [ParOldGen: 367879K->367879K(368128K)] 506119K->401399K(529408K) [PSPermGen: 13644K->13644K(21504K)], 0.0724750 secs] [Times: user=0.51 sys=0.00, real=0.07 secs] 
172.310: Total time for which application threads were stopped: 0.0731630 seconds, Stopping threads took: 0.0000430 seconds
172.334: Application time: 0.0231430 seconds
172.334: [Full GC [PSYoungGen: 138240K->33532K(161280K)] [ParOldGen: 367879K->367879K(368128K)] 506119K->401412K(529408K) [PSPermGen: 13644K->13644K(21504K)], 0.0731970 secs] [Times: user=0.51 sys=0.00, real=0.07 secs] 
172.407: Total time for which application threads were stopped: 0.0738680 seconds, Stopping threads took: 0.0000370 seconds
172.431: Application time: 0.0232960 seconds
172.434: [Full GC [PSYoungGen: 138240K->33548K(161280K)] [ParOldGen: 367879K->367879K(368128K)] 506119K->401428K(529408K) [PSPermGen: 13644K->13644K(21504K)], 0.0730410 secs] [Times: user=0.52 sys=0.00, real=0.07 secs] 
172.507: Total time for which application threads were stopped: 0.0764710 seconds, Stopping threads took: 0.0027990 seconds
172.530: Application time: 0.0229870 seconds
172.534: [Full GC [PSYoungGen: 138240K->33556K(161280K)] [ParOldGen: 367879K->367879K(368128K)] 506119K->401435K(529408K) [PSPermGen: 13644K->13644K(21504K)], 0.0726990 secs] [Times: user=0.52 sys=0.00, real=0.07 secs] 
172.607: Total time for which application threads were stopped: 0.0766980 seconds, Stopping threads took: 0.0033240 seconds
172.630: Application time: 0.0231620 seconds
172.634: [Full GC [PSYoungGen: 138240K->33576K(161280K)] [ParOldGen: 367879K->367879K(368128K)] 506119K->401455K(529408K) [PSPermGen: 13644K->13644K(21504K)], 0.0734280 secs] [Times: user=0.52 sys=0.00, real=0.07 secs] 
172.708: Total time for which application threads were stopped: 0.0775540 seconds, Stopping threads took: 0.0034670 seconds
172.731: Application time: 0.0230490 seconds
172.731: [Full GC [PSYoungGen: 138240K->33591K(161280K)] [ParOldGen: 367879K->367879K(368128K)] 506119K->401470K(529408K) [PSPermGen: 13644K->13644K(21504K)], 0.0727360 secs] [Times: user=0.52 sys=0.00, real=0.07 secs] 
172.804: Total time for which application threads were stopped: 0.0734150 seconds, Stopping threads took: 0.0000440 seconds
172.827: Application time: 0.0231110 seconds
172.828: [Full GC [PSYoungGen: 138240K->33606K(161280K)] [ParOldGen: 367879K->367879K(368128K)] 506119K->401485K(529408K) [PSPermGen: 13644K->13644K(21504K)], 0.0730500 secs] [Times: user=0.52 sys=0.00, real=0.07 secs] 
172.901: Total time for which application threads were stopped: 0.0737270 seconds, Stopping threads took: 0.0000380 seconds
172.924: Application time: 0.0230690 seconds
172.926: [Full GC [PSYoungGen: 138240K->33624K(161280K)] [ParOldGen: 367879K->367879K(368128K)] 506119K->401503K(529408K) [PSPermGen: 13644K->13644K(21504K)], 0.0727110 secs] [Times: user=0.51 sys=0.00, real=0.07 secs] 
172.999: Total time for which application threads were stopped: 0.0748840 seconds, Stopping threads took: 0.0015390 seconds
173.022: Application time: 0.0232550 seconds
173.023: [Full GC [PSYoungGen: 138240K->33638K(161280K)] [ParOldGen: 367879K->367879K(368128K)] 506119K->401517K(529408K) [PSPermGen: 13644K->13644K(21504K)], 0.0728440 secs] [Times: user=0.52 sys=0.00, real=0.08 secs] 
173.096: Total time for which application threads were stopped: 0.0735270 seconds, Stopping threads took: 0.0000420 seconds
173.119: Application time: 0.0231300 seconds
173.119: [Full GC [PSYoungGen: 138240K->33654K(161280K)] [ParOldGen: 367879K->367879K(368128K)] 506119K->401534K(529408K) [PSPermGen: 13644K->13644K(21504K)], 0.0734110 secs] [Times: user=0.52 sys=0.00, real=0.07 secs] 
173.193: Total time for which application threads were stopped: 0.0741100 seconds, Stopping threads took: 0.0000360 seconds
173.216: Application time: 0.0232150 seconds
173.218: [Full GC [PSYoungGen: 138240K->33670K(161280K)] [ParOldGen: 367879K->367879K(368128K)] 506119K->401549K(529408K) [PSPermGen: 13644K->13644K(21504K)], 0.0734990 secs] [Times: user=0.51 sys=0.00, real=0.07 secs] 
173.292: Total time for which application threads were stopped: 0.0755320 seconds, Stopping threads took: 0.0013990 seconds
173.315: Application time: 0.0231900 seconds
173.316: [Full GC [PSYoungGen: 138240K->33682K(161280K)] [ParOldGen: 367879K->367879K(368128K)] 506119K->401561K(529408K) [PSPermGen: 13644K->13644K(21504K)], 0.0731210 secs] [Times: user=0.52 sys=0.00, real=0.07 secs] 
173.389: Total time for which application threads were stopped: 0.0737940 seconds, Stopping threads took: 0.0000440 seconds
173.413: Application time: 0.0240040 seconds
173.413: [Full GC [PSYoungGen: 138240K->33574K(161280K)] [ParOldGen: 367879K->367879K(368128K)] 506119K->401453K(529408K) [PSPermGen: 13644K->13644K(21504K)], 0.0724850 secs] [Times: user=0.51 sys=0.00, real=0.08 secs] 
173.486: Total time for which application threads were stopped: 0.0731510 seconds, Stopping threads took: 0.0000410 seconds
173.509: Application time: 0.0235380 seconds
173.514: [Full GC [PSYoungGen: 138240K->33451K(161280K)] [ParOldGen: 367879K->367879K(368128K)] 506119K->401330K(529408K) [PSPermGen: 13644K->13644K(21504K)], 0.0752630 secs] [Times: user=0.52 sys=0.00, real=0.07 secs] 
173.589: Total time for which application threads were stopped: 0.0800520 seconds, Stopping threads took: 0.0041690 seconds
173.613: Application time: 0.0230920 seconds
173.614: [Full GC [PSYoungGen: 138240K->33450K(161280K)] [ParOldGen: 367879K->367879K(368128K)] 506119K->401329K(529408K) [PSPermGen: 13644K->13644K(21504K)], 0.0727010 secs] [Times: user=0.51 sys=0.00, real=0.07 secs] 
173.687: Total time for which application threads were stopped: 0.0743520 seconds, Stopping threads took: 0.0010190 seconds
173.710: Application time: 0.0233690 seconds
173.711: [Full GC [PSYoungGen: 138240K->33459K(161280K)] [ParOldGen: 367879K->367879K(368128K)] 506119K->401339K(529408K) [PSPermGen: 13644K->13644K(21504K)], 0.0727990 secs] [Times: user=0.51 sys=0.00, real=0.07 secs] 
173.784: Total time for which application threads were stopped: 0.0734930 seconds, Stopping threads took: 0.0000300 seconds
173.807: Application time: 0.0233190 seconds
173.808: [Full GC [PSYoungGen: 138240K->33479K(161280K)] [ParOldGen: 367879K->367879K(368128K)] 506119K->401358K(529408K) [PSPermGen: 13644K->13644K(21504K)], 0.0725170 secs] [Times: user=0.52 sys=0.00, real=0.07 secs] 
173.880: Total time for which application threads were stopped: 0.0731990 seconds, Stopping threads took: 0.0000400 seconds
173.904: Application time: 0.0235180 seconds
173.904: [Full GC [PSYoungGen: 138240K->33494K(161280K)] [ParOldGen: 367879K->367879K(368128K)] 506119K->401373K(529408K) [PSPermGen: 13644K->13644K(21504K)], 0.0728190 secs] [Times: user=0.51 sys=0.00, real=0.08 secs] 
173.977: Total time for which application threads were stopped: 0.0735000 seconds, Stopping threads took: 0.0000430 seconds
174.001: Application time: 0.0233460 seconds
174.001: [Full GC [PSYoungGen: 138240K->33504K(161280K)] [ParOldGen: 367879K->367879K(368128K)] 506119K->401383K(529408K) [PSPermGen: 13644K->13644K(21504K)], 0.0731150 secs] [Times: user=0.51 sys=0.00, real=0.08 secs] 
174.074: Total time for which application threads were stopped: 0.0737990 seconds, Stopping threads took: 0.0000440 seconds
174.099: Application time: 0.0241410 seconds
174.102: [Full GC [PSYoungGen: 138240K->33258K(161280K)] [ParOldGen: 367879K->367879K(368128K)] 506119K->401138K(529408K) [PSPermGen: 13644K->13644K(21504K)], 0.0731690 secs] [Times: user=0.51 sys=0.00, real=0.08 secs] 
174.175: Total time for which application threads were stopped: 0.0767440 seconds, Stopping threads took: 0.0029670 seconds
174.198: Application time: 0.0231310 seconds
174.202: [Full GC [PSYoungGen: 138240K->33258K(161280K)] [ParOldGen: 367879K->367879K(368128K)] 506119K->401137K(529408K) [PSPermGen: 13644K->13644K(21504K)], 0.0721810 secs] [Times: user=0.51 sys=0.00, real=0.08 secs] 
174.274: Total time for which application threads were stopped: 0.0758890 seconds, Stopping threads took: 0.0030680 seconds
174.298: Application time: 0.0233810 seconds
174.298: [Full GC [PSYoungGen: 138240K->33273K(161280K)] [ParOldGen: 367879K->367879K(368128K)] 506119K->401152K(529408K) [PSPermGen: 13644K->13644K(21504K)], 0.0725630 secs] [Times: user=0.52 sys=0.00, real=0.07 secs] 
174.371: Total time for which application threads were stopped: 0.0732620 seconds, Stopping threads took: 0.0000330 seconds
174.394: Application time: 0.0234120 seconds
174.398: [Full GC [PSYoungGen: 138240K->33285K(161280K)] [ParOldGen: 367879K->367879K(368128K)] 506119K->401165K(529408K) [PSPermGen: 13644K->13644K(21504K)], 0.0722180 secs] [Times: user=0.51 sys=0.00, real=0.07 secs] 
174.470: Total time for which application threads were stopped: 0.0759760 seconds, Stopping threads took: 0.0031310 seconds
174.494: Application time: 0.0233920 seconds
174.498: [Full GC [PSYoungGen: 138240K->33301K(161280K)] [ParOldGen: 367879K->367879K(368128K)] 506119K->401181K(529408K) [PSPermGen: 13644K->13644K(21504K)], 0.0726120 secs] [Times: user=0.51 sys=0.00, real=0.07 secs] 
174.571: Total time for which application threads were stopped: 0.0769870 seconds, Stopping threads took: 0.0037470 seconds
174.594: Application time: 0.0234900 seconds
174.598: [Full GC [PSYoungGen: 138240K->33318K(161280K)] [ParOldGen: 367879K->367879K(368128K)] 506119K->401198K(529408K) [PSPermGen: 13644K->13644K(21504K)], 0.0727330 secs] [Times: user=0.51 sys=0.00, real=0.07 secs] 
174.671: Total time for which application threads were stopped: 0.0766410 seconds, Stopping threads took: 0.0032670 seconds
174.694: Application time: 0.0232630 seconds
174.698: [Full GC [PSYoungGen: 138240K->33331K(161280K)] [ParOldGen: 367879K->367879K(368128K)] 506119K->401211K(529408K) [PSPermGen: 13644K->13644K(21504K)], 0.0735420 secs] [Times: user=0.51 sys=0.00, real=0.07 secs] 
174.772: Total time for which application threads were stopped: 0.0775250 seconds, Stopping threads took: 0.0033440 seconds
174.795: Application time: 0.0231270 seconds
174.795: [Full GC [PSYoungGen: 138240K->33346K(161280K)] [ParOldGen: 367879K->367879K(368128K)] 506119K->401225K(529408K) [PSPermGen: 13644K->13644K(21504K)], 0.0729040 secs] [Times: user=0.52 sys=0.00, real=0.07 secs] 
174.868: Total time for which application threads were stopped: 0.0735740 seconds, Stopping threads took: 0.0000460 seconds
174.892: Application time: 0.0236230 seconds
174.894: [Full GC [PSYoungGen: 138240K->33362K(161280K)] [ParOldGen: 367879K->367879K(368128K)] 506119K->401241K(529408K) [PSPermGen: 13644K->13644K(21504K)], 0.0728210 secs] [Times: user=0.51 sys=0.00, real=0.07 secs] 
174.967: Total time for which application threads were stopped: 0.0749720 seconds, Stopping threads took: 0.0015070 seconds
174.990: Application time: 0.0232900 seconds
174.994: [Full GC [PSYoungGen: 138240K->33375K(161280K)] [ParOldGen: 367879K->367879K(368128K)] 506119K->401255K(529408K) [PSPermGen: 13644K->13644K(21504K)], 0.0726530 secs] [Times: user=0.51 sys=0.00, real=0.07 secs] 
175.067: Total time for which application threads were stopped: 0.0765120 seconds, Stopping threads took: 0.0032350 seconds
175.090: Application time: 0.0236490 seconds
175.092: [Full GC [PSYoungGen: 138240K->33391K(161280K)] [ParOldGen: 367879K->367879K(368128K)] 506119K->401270K(529408K) [PSPermGen: 13644K->13644K(21504K)], 0.0728470 secs] [Times: user=0.50 sys=0.00, real=0.07 secs] 
175.164: Total time for which application threads were stopped: 0.0739940 seconds, Stopping threads took: 0.0005190 seconds
175.188: Application time: 0.0232880 seconds
175.190: [Full GC [PSYoungGen: 138240K->33407K(161280K)] [ParOldGen: 367879K->367879K(368128K)] 506119K->401286K(529408K) [PSPermGen: 13644K->13644K(21504K)], 0.0725260 secs] [Times: user=0.51 sys=0.00, real=0.07 secs] 
175.263: Total time for which application threads were stopped: 0.0749560 seconds, Stopping threads took: 0.0017850 seconds
175.286: Application time: 0.0234040 seconds
175.287: [Full GC [PSYoungGen: 138240K->33422K(161280K)] [ParOldGen: 367879K->367879K(368128K)] 506119K->401301K(529408K) [PSPermGen: 13644K->13644K(21504K)], 0.0726450 secs] [Times: user=0.51 sys=0.00, real=0.07 secs] 
175.359: Total time for which application threads were stopped: 0.0733310 seconds, Stopping threads took: 0.0000480 seconds
175.383: Application time: 0.0231410 seconds
175.383: [Full GC [PSYoungGen: 138240K->33438K(161280K)] [ParOldGen: 367879K->367879K(368128K)] 506119K->401317K(529408K) [PSPermGen: 13644K->13644K(21504K)], 0.0730500 secs] [Times: user=0.51 sys=0.00, real=0.08 secs] 
175.456: Total time for which application threads were stopped: 0.0737250 seconds, Stopping threads took: 0.0000340 seconds
175.480: Application time: 0.0233380 seconds
175.482: [Full GC [PSYoungGen: 138240K->33451K(161280K)] [ParOldGen: 367879K->367879K(368128K)] 506119K->401331K(529408K) [PSPermGen: 13644K->13644K(21504K)], 0.0729740 secs] [Times: user=0.52 sys=0.00, real=0.08 secs] 
175.555: Total time for which application threads were stopped: 0.0755020 seconds, Stopping threads took: 0.0018750 seconds
175.579: Application time: 0.0234420 seconds
175.582: [Full GC [PSYoungGen: 138240K->33466K(161280K)] [ParOldGen: 367879K->367879K(368128K)] 506119K->401345K(529408K) [PSPermGen: 13644K->13644K(21504K)], 0.0725100 secs] [Times: user=0.51 sys=0.00, real=0.08 secs] 
175.655: Total time for which application threads were stopped: 0.0760510 seconds, Stopping threads took: 0.0029250 seconds
175.678: Application time: 0.0232500 seconds
175.679: [Full GC [PSYoungGen: 138240K->33480K(161280K)] [ParOldGen: 367879K->367879K(368128K)] 506119K->401359K(529408K) [PSPermGen: 13644K->13644K(21504K)], 0.0730030 secs] [Times: user=0.52 sys=0.00, real=0.07 secs] 
175.752: Total time for which application threads were stopped: 0.0736780 seconds, Stopping threads took: 0.0000420 seconds
175.775: Application time: 0.0233290 seconds
175.776: [Full GC [PSYoungGen: 138240K->33495K(161280K)] [ParOldGen: 367879K->367879K(368128K)] 506119K->401374K(529408K) [PSPermGen: 13644K->13644K(21504K)], 0.0727520 secs] [Times: user=0.51 sys=0.00, real=0.07 secs] 
175.848: Total time for which application threads were stopped: 0.0734170 seconds, Stopping threads took: 0.0000330 seconds
175.872: Application time: 0.0234070 seconds
175.872: [Full GC [PSYoungGen: 138240K->33509K(161280K)] [ParOldGen: 367879K->367879K(368128K)] 506119K->401388K(529408K) [PSPermGen: 13644K->13644K(21504K)], 0.0730600 secs] [Times: user=0.51 sys=0.00, real=0.07 secs] 
175.946: Total time for which application threads were stopped: 0.0737260 seconds, Stopping threads took: 0.0000330 seconds
175.969: Application time: 0.0233940 seconds
175.970: [Full GC [PSYoungGen: 138240K->33526K(161280K)] [ParOldGen: 367879K->367879K(368128K)] 506119K->401405K(529408K) [PSPermGen: 13644K->13644K(21504K)], 0.0726120 secs] [Times: user=0.52 sys=0.00, real=0.07 secs] 
176.043: Total time for which application threads were stopped: 0.0739030 seconds, Stopping threads took: 0.0006620 seconds
176.066: Application time: 0.0229860 seconds
176.070: [Full GC [PSYoungGen: 138240K->33542K(161280K)] [ParOldGen: 367879K->367879K(368128K)] 506119K->401421K(529408K) [PSPermGen: 13644K->13644K(21504K)], 0.0732750 secs] [Times: user=0.51 sys=0.00, real=0.07 secs] 
176.143: Total time for which application threads were stopped: 0.0776800 seconds, Stopping threads took: 0.0037530 seconds
176.167: Application time: 0.0233070 seconds
176.170: [Full GC [PSYoungGen: 138240K->33555K(161280K)] [ParOldGen: 367879K->367879K(368128K)] 506119K->401435K(529408K) [PSPermGen: 13644K->13644K(21504K)], 0.0731430 secs] [Times: user=0.52 sys=0.00, real=0.07 secs] 
176.243: Total time for which application threads were stopped: 0.0765420 seconds, Stopping threads took: 0.0027600 seconds
176.266: Application time: 0.0231620 seconds
176.267: [Full GC [PSYoungGen: 138240K->33567K(161280K)] [ParOldGen: 367879K->367879K(368128K)] 506119K->401446K(529408K) [PSPermGen: 13644K->13644K(21504K)], 0.0725200 secs] [Times: user=0.51 sys=0.00, real=0.07 secs] 
176.340: Total time for which application threads were stopped: 0.0731960 seconds, Stopping threads took: 0.0000360 seconds
176.363: Application time: 0.0232240 seconds
176.364: [Full GC [PSYoungGen: 138240K->33583K(161280K)] [ParOldGen: 367879K->367879K(368128K)] 506119K->401462K(529408K) [PSPermGen: 13644K->13644K(21504K)], 0.0728910 secs] [Times: user=0.52 sys=0.00, real=0.08 secs] 
176.437: Total time for which application threads were stopped: 0.0735810 seconds, Stopping threads took: 0.0000410 seconds
176.460: Application time: 0.0232680 seconds
176.462: [Full GC [PSYoungGen: 138240K->33595K(161280K)] [ParOldGen: 367879K->367879K(368128K)] 506119K->401474K(529408K) [PSPermGen: 13644K->13644K(21504K)], 0.0731560 secs] [Times: user=0.52 sys=0.00, real=0.08 secs] 
176.535: Total time for which application threads were stopped: 0.0755790 seconds, Stopping threads took: 0.0017810 seconds
176.559: Application time: 0.0232390 seconds
176.562: [Full GC [PSYoungGen: 138240K->33617K(161280K)] [ParOldGen: 367879K->367879K(368128K)] 506119K->401496K(529408K) [PSPermGen: 13644K->13644K(21504K)], 0.0735440 secs] [Times: user=0.51 sys=0.00, real=0.08 secs] 
176.636: Total time for which application threads were stopped: 0.0771300 seconds, Stopping threads took: 0.0029530 seconds
176.659: Application time: 0.0234120 seconds
176.662: [Full GC [PSYoungGen: 138240K->33632K(161280K)] [ParOldGen: 367879K->367879K(368128K)] 506119K->401511K(529408K) [PSPermGen: 13644K->13644K(21504K)], 0.0725940 secs] [Times: user=0.51 sys=0.00, real=0.08 secs] 
176.735: Total time for which application threads were stopped: 0.0756520 seconds, Stopping threads took: 0.0024000 seconds
176.758: Application time: 0.0233130 seconds
176.762: [Full GC [PSYoungGen: 138240K->33646K(161280K)] [ParOldGen: 367879K->367879K(368128K)] 506119K->401525K(529408K) [PSPermGen: 13644K->13644K(21504K)], 0.0729320 secs] [Times: user=0.52 sys=0.00, real=0.08 secs] 
176.835: Total time for which application threads were stopped: 0.0769980 seconds, Stopping threads took: 0.0034330 seconds
176.859: Application time: 0.0234850 seconds
176.859: [Full GC [PSYoungGen: 138240K->33654K(161280K)] [ParOldGen: 367879K->367879K(368128K)] 506119K->401533K(529408K) [PSPermGen: 13644K->13644K(21504K)], 0.0729480 secs] [Times: user=0.51 sys=0.00, real=0.07 secs] 
176.932: Total time for which application threads were stopped: 0.0736000 seconds, Stopping threads took: 0.0000430 seconds
176.956: Application time: 0.0233830 seconds
176.958: [Full GC [PSYoungGen: 138240K->33677K(161280K)] [ParOldGen: 367879K->367879K(368128K)] 506119K->401556K(529408K) [PSPermGen: 13644K->13644K(21504K)], 0.0723190 secs] [Times: user=0.51 sys=0.00, real=0.07 secs] 
177.031: Total time for which application threads were stopped: 0.0749020 seconds, Stopping threads took: 0.0019630 seconds
177.055: Application time: 0.0245030 seconds
177.058: [Full GC [PSYoungGen: 138240K->33516K(161280K)] [ParOldGen: 367879K->367879K(368128K)] 506119K->401395K(529408K) [PSPermGen: 13644K->13644K(21504K)], 0.0730670 secs] [Times: user=0.51 sys=0.00, real=0.07 secs] 
177.131: Total time for which application threads were stopped: 0.0762240 seconds, Stopping threads took: 0.0025490 seconds
177.155: Application time: 0.0234640 seconds
177.155: [Full GC [PSYoungGen: 138240K->33439K(161280K)] [ParOldGen: 367879K->367879K(368128K)] 506119K->401318K(529408K) [PSPermGen: 13644K->13644K(21504K)], 0.0727510 secs] [Times: user=0.52 sys=0.00, real=0.07 secs] 
177.228: Total time for which application threads were stopped: 0.0734100 seconds, Stopping threads took: 0.0000360 seconds
177.251: Application time: 0.0230260 seconds
177.252: [Full GC [PSYoungGen: 138240K->33441K(161280K)] [ParOldGen: 367879K->367879K(368128K)] 506119K->401320K(529408K) [PSPermGen: 13644K->13644K(21504K)], 0.0733970 secs] [Times: user=0.51 sys=0.00, real=0.07 secs] 
177.325: Total time for which application threads were stopped: 0.0740960 seconds, Stopping threads took: 0.0000420 seconds
177.349: Application time: 0.0232670 seconds
177.349: [Full GC [PSYoungGen: 138240K->33458K(161280K)] [ParOldGen: 367879K->367879K(368128K)] 506119K->401337K(529408K) [PSPermGen: 13644K->13644K(21504K)], 0.0731190 secs] [Times: user=0.51 sys=0.00, real=0.07 secs] 
177.422: Total time for which application threads were stopped: 0.0737880 seconds, Stopping threads took: 0.0000390 seconds
177.446: Application time: 0.0232680 seconds
177.450: [Full GC [PSYoungGen: 138240K->33470K(161280K)] [ParOldGen: 367879K->367879K(368128K)] 506119K->401349K(529408K) [PSPermGen: 13644K->13644K(21504K)], 0.0724750 secs] [Times: user=0.52 sys=0.00, real=0.07 secs] 
177.523: Total time for which application threads were stopped: 0.0770680 seconds, Stopping threads took: 0.0039870 seconds
177.546: Application time: 0.0233520 seconds
177.547: [Full GC [PSYoungGen: 138240K->33487K(161280K)] [ParOldGen: 367879K->367879K(368128K)] 506119K->401367K(529408K) [PSPermGen: 13644K->13644K(21504K)], 0.0727940 secs] [Times: user=0.51 sys=0.00, real=0.07 secs] 
177.619: Total time for which application threads were stopped: 0.0734930 seconds, Stopping threads took: 0.0000560 seconds
177.643: Application time: 0.0230200 seconds
177.643: [Full GC [PSYoungGen: 138240K->33501K(161280K)] [ParOldGen: 367879K->367879K(368128K)] 506119K->401381K(529408K) [PSPermGen: 13644K->13644K(21504K)], 0.0732510 secs] [Times: user=0.51 sys=0.00, real=0.08 secs] 
177.716: Total time for which application threads were stopped: 0.0739270 seconds, Stopping threads took: 0.0000490 seconds
177.740: Application time: 0.0232690 seconds
177.742: [Full GC [PSYoungGen: 138240K->33512K(161280K)] [ParOldGen: 367879K->367879K(368128K)] 506119K->401391K(529408K) [PSPermGen: 13644K->13644K(21504K)], 0.0726540 secs] [Times: user=0.51 sys=0.00, real=0.08 secs] 
177.815: Total time for which application threads were stopped: 0.0751390 seconds, Stopping threads took: 0.0018470 seconds
177.839: Application time: 0.0240850 seconds
177.840: [Full GC [PSYoungGen: 138240K->33358K(161280K)] [ParOldGen: 367879K->367879K(368128K)] 506119K->401237K(529408K) [PSPermGen: 13644K->13644K(21504K)], 0.0724120 secs] [Times: user=0.51 sys=0.00, real=0.07 secs] 
177.912: Total time for which application threads were stopped: 0.0730990 seconds, Stopping threads took: 0.0000540 seconds
177.935: Application time: 0.0231500 seconds
177.938: [Full GC [PSYoungGen: 138240K->33279K(161280K)] [ParOldGen: 367879K->367879K(368128K)] 506119K->401158K(529408K) [PSPermGen: 13644K->13644K(21504K)], 0.0728220 secs] [Times: user=0.51 sys=0.00, real=0.07 secs] 
178.011: Total time for which application threads were stopped: 0.0758180 seconds, Stopping threads took: 0.0023650 seconds
178.034: Application time: 0.0233360 seconds
178.035: [Full GC [PSYoungGen: 138240K->33281K(161280K)] [ParOldGen: 367879K->367879K(368128K)] 506119K->401160K(529408K) [PSPermGen: 13644K->13644K(21504K)], 0.0733480 secs] [Times: user=0.50 sys=0.00, real=0.07 secs] 
178.108: Total time for which application threads were stopped: 0.0740180 seconds, Stopping threads took: 0.0000400 seconds
178.132: Application time: 0.0241270 seconds
178.133: [Full GC [PSYoungGen: 138240K->33294K(161280K)] [ParOldGen: 367879K->367879K(368128K)] 506119K->401174K(529408K) [PSPermGen: 13644K->13644K(21504K)], 0.0728730 secs] [Times: user=0.51 sys=0.00, real=0.08 secs] 
178.206: Total time for which application threads were stopped: 0.0735510 seconds, Stopping threads took: 0.0000490 seconds
178.229: Application time: 0.0232050 seconds
178.230: [Full GC [PSYoungGen: 138240K->33310K(161280K)] [ParOldGen: 367879K->367879K(368128K)] 506119K->401189K(529408K) [PSPermGen: 13644K->13644K(21504K)], 0.0736730 secs] [Times: user=0.50 sys=0.00, real=0.07 secs] 
178.304: Total time for which application threads were stopped: 0.0743620 seconds, Stopping threads took: 0.0000430 seconds
178.327: Application time: 0.0234300 seconds
178.328: [Full GC [PSYoungGen: 138240K->33323K(161280K)] [ParOldGen: 367879K->367879K(368128K)] 506119K->401202K(529408K) [PSPermGen: 13644K->13644K(21504K)], 0.0725590 secs] [Times: user=0.51 sys=0.00, real=0.07 secs] 
178.400: Total time for which application threads were stopped: 0.0732380 seconds, Stopping threads took: 0.0000460 seconds
178.424: Application time: 0.0232360 seconds
178.426: [Full GC [PSYoungGen: 138240K->33338K(161280K)] [ParOldGen: 367879K->367879K(368128K)] 506119K->401217K(529408K) [PSPermGen: 13644K->13644K(21504K)], 0.0727760 secs] [Times: user=0.52 sys=0.00, real=0.07 secs] 
178.499: Total time for which application threads were stopped: 0.0754450 seconds, Stopping threads took: 0.0020120 seconds
178.522: Application time: 0.0233900 seconds
178.523: [Full GC [PSYoungGen: 138240K->33352K(161280K)] [ParOldGen: 367879K->367879K(368128K)] 506119K->401231K(529408K) [PSPermGen: 13644K->13644K(21504K)], 0.0727470 secs] [Times: user=0.51 sys=0.00, real=0.08 secs] 
178.596: Total time for which application threads were stopped: 0.0734190 seconds, Stopping threads took: 0.0000410 seconds
178.619: Application time: 0.0233020 seconds
178.622: [Full GC [PSYoungGen: 138240K->33369K(161280K)] [ParOldGen: 367879K->367879K(368128K)] 506119K->401248K(529408K) [PSPermGen: 13644K->13644K(21504K)], 0.0726510 secs] [Times: user=0.51 sys=0.00, real=0.08 secs] 
178.695: Total time for which application threads were stopped: 0.0757110 seconds, Stopping threads took: 0.0024400 seconds
178.718: Application time: 0.0231310 seconds
178.719: [Full GC [PSYoungGen: 138240K->33382K(161280K)] [ParOldGen: 367879K->367879K(368128K)] 506119K->401261K(529408K) [PSPermGen: 13644K->13644K(21504K)], 0.0733660 secs] [Times: user=0.51 sys=0.00, real=0.07 secs] 
178.792: Total time for which application threads were stopped: 0.0740630 seconds, Stopping threads took: 0.0000510 seconds
178.815: Application time: 0.0231520 seconds
178.816: [Full GC [PSYoungGen: 138240K->33400K(161280K)] [ParOldGen: 367879K->367879K(368128K)] 506119K->401279K(529408K) [PSPermGen: 13644K->13644K(21504K)], 0.0722760 secs] [Times: user=0.51 sys=0.01, real=0.07 secs] 
178.888: Total time for which application threads were stopped: 0.0729540 seconds, Stopping threads took: 0.0000510 seconds
178.911: Application time: 0.0232000 seconds
178.914: [Full GC [PSYoungGen: 138240K->33413K(161280K)] [ParOldGen: 367879K->367879K(368128K)] 506119K->401292K(529408K) [PSPermGen: 13644K->13644K(21504K)], 0.0728880 secs] [Times: user=0.51 sys=0.00, real=0.07 secs] 
178.987: Total time for which application threads were stopped: 0.0757430 seconds, Stopping threads took: 0.0022170 seconds
179.011: Application time: 0.0234250 seconds
179.014: [Full GC [PSYoungGen: 138240K->33429K(161280K)] [ParOldGen: 367879K->367879K(368128K)] 506119K->401309K(529408K) [PSPermGen: 13644K->13644K(21504K)], 0.0727610 secs] [Times: user=0.51 sys=0.00, real=0.07 secs] 
179.087: Total time for which application threads were stopped: 0.0764550 seconds, Stopping threads took: 0.0030370 seconds
179.110: Application time: 0.0234330 seconds
179.114: [Full GC [PSYoungGen: 138240K->33445K(161280K)] [ParOldGen: 367879K->367879K(368128K)] 506119K->401324K(529408K) [PSPermGen: 13644K->13644K(21504K)], 0.0728110 secs] [Times: user=0.52 sys=0.00, real=0.07 secs] 
179.187: Total time for which application threads were stopped: 0.0765830 seconds, Stopping threads took: 0.0031420 seconds
179.210: Application time: 0.0232680 seconds
179.214: [Full GC [PSYoungGen: 138240K->33459K(161280K)] [ParOldGen: 367879K->367879K(368128K)] 506119K->401338K(529408K) [PSPermGen: 13644K->13644K(21504K)], 0.0725840 secs] [Times: user=0.51 sys=0.00, real=0.07 secs] 
179.287: Total time for which application threads were stopped: 0.0765090 seconds, Stopping threads took: 0.0032940 seconds
179.310: Application time: 0.0233470 seconds
179.311: [Full GC [PSYoungGen: 138240K->33473K(161280K)] [ParOldGen: 367879K->367879K(368128K)] 506119K->401353K(529408K) [PSPermGen: 13644K->13644K(21504K)], 0.0725610 secs] [Times: user=0.52 sys=0.00, real=0.07 secs] 
179.383: Total time for which application threads were stopped: 0.0732410 seconds, Stopping threads took: 0.0000410 seconds
179.406: Application time: 0.0230600 seconds
179.407: [Full GC [PSYoungGen: 138240K->33486K(161280K)] [ParOldGen: 367879K->367879K(368128K)] 506119K->401365K(529408K) [PSPermGen: 13644K->13644K(21504K)], 0.0728870 secs] [Times: user=0.52 sys=0.00, real=0.07 secs] 
179.480: Total time for which application threads were stopped: 0.0735690 seconds, Stopping threads took: 0.0000470 seconds
179.503: Application time: 0.0231530 seconds
179.504: [Full GC [PSYoungGen: 138240K->33502K(161280K)] [ParOldGen: 367879K->367879K(368128K)] 506119K->401381K(529408K) [PSPermGen: 13644K->13644K(21504K)], 0.1493450 secs] [Times: user=1.08 sys=0.00, real=0.15 secs] 
179.653: Total time for which application threads were stopped: 0.1500130 seconds, Stopping threads took: 0.0000350 seconds
179.676: Application time: 0.0231350 seconds
179.677: [Full GC [PSYoungGen: 138240K->33518K(161280K)] [ParOldGen: 367879K->367879K(368128K)] 506119K->401397K(529408K) [PSPermGen: 13644K->13644K(21504K)], 0.0730390 secs] [Times: user=0.51 sys=0.00, real=0.07 secs] 
179.750: Total time for which application threads were stopped: 0.0737340 seconds, Stopping threads took: 0.0000310 seconds
179.773: Application time: 0.0232630 seconds
179.774: [Full GC [PSYoungGen: 138240K->33532K(161280K)] [ParOldGen: 367879K->367879K(368128K)] 506119K->401411K(529408K) [PSPermGen: 13644K->13644K(21504K)], 0.0725340 secs] [Times: user=0.52 sys=0.00, real=0.07 secs] 
179.847: Total time for which application threads were stopped: 0.0732000 seconds, Stopping threads took: 0.0000380 seconds
179.870: Application time: 0.0232720 seconds
179.870: [Full GC [PSYoungGen: 138240K->33026K(161280K)] [ParOldGen: 367879K->367747K(368128K)] 506119K->400773K(529408K) [PSPermGen: 13644K->13642K(21504K)], 0.2558200 secs] [Times: user=1.93 sys=0.01, real=0.26 secs] 
180.126: Total time for which application threads were stopped: 0.2564790 seconds, Stopping threads took: 0.0000370 seconds
180.126: Application time: 0.0001810 seconds
180.127: Total time for which application threads were stopped: 0.0006640 seconds, Stopping threads took: 0.0001050 seconds
180.150: Application time: 0.0228840 seconds
180.151: [Full GC [PSYoungGen: 138240K->33042K(161280K)] [ParOldGen: 367747K->367741K(368128K)] 505987K->400784K(529408K) [PSPermGen: 13642K->13642K(21504K)], 0.1213620 secs] [Times: user=0.89 sys=0.00, real=0.12 secs] 
180.272: Total time for which application threads were stopped: 0.1220480 seconds, Stopping threads took: 0.0000450 seconds
180.296: Application time: 0.0234920 seconds
180.298: [Full GC [PSYoungGen: 138240K->33053K(161280K)] [ParOldGen: 367741K->367741K(368128K)] 505981K->400795K(529408K) [PSPermGen: 13642K->13642K(21504K)], 0.0733960 secs] [Times: user=0.51 sys=0.00, real=0.07 secs] 
180.372: Total time for which application threads were stopped: 0.0760750 seconds, Stopping threads took: 0.0020080 seconds
180.395: Application time: 0.0234400 seconds
180.396: [Full GC [PSYoungGen: 138240K->33074K(161280K)] [ParOldGen: 367741K->367741K(368128K)] 505981K->400815K(529408K) [PSPermGen: 13642K->13642K(21504K)], 0.0748570 secs] [Times: user=0.53 sys=0.00, real=0.07 secs] 
180.471: Total time for which application threads were stopped: 0.0755600 seconds, Stopping threads took: 0.0000590 seconds
180.494: Application time: 0.0234870 seconds
180.498: [Full GC [PSYoungGen: 138240K->33088K(161280K)] [ParOldGen: 367741K->367741K(368128K)] 505981K->400830K(529408K) [PSPermGen: 13642K->13642K(21504K)], 0.0729730 secs] [Times: user=0.51 sys=0.00, real=0.07 secs] 
180.571: Total time for which application threads were stopped: 0.0770330 seconds, Stopping threads took: 0.0034180 seconds
180.595: Application time: 0.0235400 seconds
180.595: [Full GC [PSYoungGen: 138240K->33104K(161280K)] [ParOldGen: 367741K->367741K(368128K)] 505981K->400845K(529408K) [PSPermGen: 13642K->13642K(21504K)], 0.0730700 secs] [Times: user=0.51 sys=0.00, real=0.07 secs] 
180.668: Total time for which application threads were stopped: 0.0737400 seconds, Stopping threads took: 0.0000510 seconds
180.692: Application time: 0.0238090 seconds
180.693: [Full GC [PSYoungGen: 138240K->33118K(161280K)] [ParOldGen: 367741K->367741K(368128K)] 505981K->400860K(529408K) [PSPermGen: 13642K->13642K(21504K)], 0.0728710 secs] [Times: user=0.51 sys=0.00, real=0.08 secs] 
180.766: Total time for which application threads were stopped: 0.0735490 seconds, Stopping threads took: 0.0000410 seconds
180.789: Application time: 0.0235720 seconds
180.790: [Full GC [PSYoungGen: 138240K->33131K(161280K)] [ParOldGen: 367741K->367741K(368128K)] 505981K->400872K(529408K) [PSPermGen: 13642K->13642K(21504K)], 0.0748410 secs] [Times: user=0.50 sys=0.00, real=0.07 secs] 
180.865: Total time for which application threads were stopped: 0.0755570 seconds, Stopping threads took: 0.0000710 seconds
180.889: Application time: 0.0237540 seconds
180.890: [Full GC [PSYoungGen: 138240K->33144K(161280K)] [ParOldGen: 367741K->367741K(368128K)] 505981K->400886K(529408K) [PSPermGen: 13642K->13642K(21504K)], 0.0737300 secs] [Times: user=0.52 sys=0.00, real=0.07 secs] 
180.964: Total time for which application threads were stopped: 0.0752170 seconds, Stopping threads took: 0.0008540 seconds
180.989: Application time: 0.0249970 seconds
180.990: [Full GC [PSYoungGen: 138240K->32982K(161280K)] [ParOldGen: 367741K->367741K(368128K)] 505981K->400724K(529408K) [PSPermGen: 13642K->13642K(21504K)], 0.0727740 secs] [Times: user=0.51 sys=0.00, real=0.07 secs] 
181.063: Total time for which application threads were stopped: 0.0740230 seconds, Stopping threads took: 0.0006300 seconds
181.088: Application time: 0.0248480 seconds
181.088: [Full GC [PSYoungGen: 138240K->32909K(161280K)] [ParOldGen: 367741K->367741K(368128K)] 505981K->400651K(529408K) [PSPermGen: 13642K->13642K(21504K)], 0.0746250 secs] [Times: user=0.51 sys=0.00, real=0.07 secs] 
181.163: Total time for which application threads were stopped: 0.0753240 seconds, Stopping threads took: 0.0000550 seconds
181.187: Application time: 0.0239850 seconds
181.188: [Full GC [PSYoungGen: 138240K->32912K(161280K)] [ParOldGen: 367741K->367741K(368128K)] 505981K->400653K(529408K) [PSPermGen: 13642K->13642K(21504K)], 0.0731390 secs] [Times: user=0.51 sys=0.00, real=0.07 secs] 
181.261: Total time for which application threads were stopped: 0.0737510 seconds, Stopping threads took: 0.0000470 seconds
181.285: Application time: 0.0240630 seconds
181.285: [Full GC [PSYoungGen: 138240K->32925K(161280K)] [ParOldGen: 367741K->367741K(368128K)] 505981K->400667K(529408K) [PSPermGen: 13642K->13642K(21504K)], 0.0735570 secs] [Times: user=0.51 sys=0.01, real=0.08 secs] 
181.359: Total time for which application threads were stopped: 0.0741490 seconds, Stopping threads took: 0.0000400 seconds
181.383: Application time: 0.0240400 seconds
181.384: [Full GC [PSYoungGen: 138240K->32942K(161280K)] [ParOldGen: 367741K->367741K(368128K)] 505981K->400683K(529408K) [PSPermGen: 13642K->13642K(21504K)], 0.0737060 secs] [Times: user=0.52 sys=0.00, real=0.08 secs] 
181.458: Total time for which application threads were stopped: 0.0744080 seconds, Stopping threads took: 0.0000630 seconds
181.482: Application time: 0.0242040 seconds
181.482: [Full GC [PSYoungGen: 138240K->32958K(161280K)] [ParOldGen: 367741K->367741K(368128K)] 505981K->400699K(529408K) [PSPermGen: 13642K->13642K(21504K)], 0.0732250 secs] [Times: user=0.52 sys=0.00, real=0.08 secs] 
181.556: Total time for which application threads were stopped: 0.0739410 seconds, Stopping threads took: 0.0000520 seconds
181.580: Application time: 0.0241890 seconds
181.582: [Full GC [PSYoungGen: 138240K->32973K(161280K)] [ParOldGen: 367741K->367741K(368128K)] 505981K->400715K(529408K) [PSPermGen: 13642K->13642K(21504K)], 0.0726440 secs] [Times: user=0.52 sys=0.00, real=0.08 secs] 
181.655: Total time for which application threads were stopped: 0.0749860 seconds, Stopping threads took: 0.0017080 seconds
181.679: Application time: 0.0240240 seconds
181.680: [Full GC [PSYoungGen: 138240K->32987K(161280K)] [ParOldGen: 367741K->367741K(368128K)] 505981K->400729K(529408K) [PSPermGen: 13642K->13642K(21504K)], 0.0728180 secs] [Times: user=0.52 sys=0.00, real=0.07 secs] 
181.752: Total time for which application threads were stopped: 0.0735060 seconds, Stopping threads took: 0.0000520 seconds
181.776: Application time: 0.0239540 seconds
181.777: [Full GC [PSYoungGen: 138240K->33005K(161280K)] [ParOldGen: 367741K->367741K(368128K)] 505981K->400746K(529408K) [PSPermGen: 13642K->13642K(21504K)], 0.0734300 secs] [Times: user=0.51 sys=0.00, real=0.07 secs] 
181.850: Total time for which application threads were stopped: 0.0741280 seconds, Stopping threads took: 0.0000570 seconds
181.875: Application time: 0.0247180 seconds
181.876: [Full GC [PSYoungGen: 138240K->32848K(161280K)] [ParOldGen: 367741K->367741K(368128K)] 505981K->400589K(529408K) [PSPermGen: 13642K->13642K(21504K)], 0.0729510 secs] [Times: user=0.51 sys=0.00, real=0.07 secs] 
181.949: Total time for which application threads were stopped: 0.0736370 seconds, Stopping threads took: 0.0000570 seconds
181.973: Application time: 0.0242320 seconds
181.974: [Full GC [PSYoungGen: 138240K->32823K(161280K)] [ParOldGen: 367741K->367741K(368128K)] 505981K->400564K(529408K) [PSPermGen: 13642K->13642K(21504K)], 0.0744780 secs] [Times: user=0.51 sys=0.00, real=0.07 secs] 
182.048: Total time for which application threads were stopped: 0.0751370 seconds, Stopping threads took: 0.0000800 seconds
182.072: Application time: 0.0242500 seconds
182.073: [Full GC [PSYoungGen: 138240K->32781K(161280K)] [ParOldGen: 367741K->367741K(368128K)] 505981K->400522K(529408K) [PSPermGen: 13642K->13642K(21504K)], 0.0735980 secs] [Times: user=0.52 sys=0.00, real=0.08 secs] 
182.147: Total time for which application threads were stopped: 0.0742990 seconds, Stopping threads took: 0.0000490 seconds
182.171: Application time: 0.0242420 seconds
182.172: [Full GC [PSYoungGen: 138240K->32782K(161280K)] [ParOldGen: 367741K->367741K(368128K)] 505981K->400523K(529408K) [PSPermGen: 13642K->13642K(21504K)], 0.0728660 secs] [Times: user=0.51 sys=0.00, real=0.07 secs] 
182.245: Total time for which application threads were stopped: 0.0735590 seconds, Stopping threads took: 0.0000560 seconds
182.269: Application time: 0.0241190 seconds
182.269: [Full GC [PSYoungGen: 138240K->32797K(161280K)] [ParOldGen: 367741K->367741K(368128K)] 505981K->400538K(529408K) [PSPermGen: 13642K->13642K(21504K)], 0.0727660 secs] [Times: user=0.51 sys=0.00, real=0.07 secs] 
182.342: Total time for which application threads were stopped: 0.0733680 seconds, Stopping threads took: 0.0000460 seconds
182.366: Application time: 0.0243370 seconds
182.367: [Full GC [PSYoungGen: 138240K->32814K(161280K)] [ParOldGen: 367741K->367741K(368128K)] 505981K->400555K(529408K) [PSPermGen: 13642K->13642K(21504K)], 0.0736200 secs] [Times: user=0.52 sys=0.00, real=0.07 secs] 
182.441: Total time for which application threads were stopped: 0.0742140 seconds, Stopping threads took: 0.0000410 seconds
182.465: Application time: 0.0239980 seconds
182.465: [Full GC [PSYoungGen: 138240K->32825K(161280K)] [ParOldGen: 367741K->367741K(368128K)] 505981K->400566K(529408K) [PSPermGen: 13642K->13642K(21504K)], 0.0732440 secs] [Times: user=0.52 sys=0.00, real=0.08 secs] 
182.539: Total time for which application threads were stopped: 0.0739390 seconds, Stopping threads took: 0.0000540 seconds
182.562: Application time: 0.0238170 seconds
182.563: [Full GC [PSYoungGen: 138240K->32841K(161280K)] [ParOldGen: 367741K->367741K(368128K)] 505981K->400582K(529408K) [PSPermGen: 13642K->13642K(21504K)], 0.0796170 secs] [Times: user=0.55 sys=0.00, real=0.08 secs] 
182.643: Total time for which application threads were stopped: 0.0802370 seconds, Stopping threads took: 0.0000610 seconds
182.666: Application time: 0.0235500 seconds
182.667: [Full GC [PSYoungGen: 138240K->32857K(161280K)] [ParOldGen: 367741K->367741K(368128K)] 505981K->400598K(529408K) [PSPermGen: 13642K->13642K(21504K)], 0.0730810 secs] [Times: user=0.52 sys=0.00, real=0.07 secs] 
182.740: Total time for which application threads were stopped: 0.0737370 seconds, Stopping threads took: 0.0000530 seconds
182.764: Application time: 0.0238000 seconds
182.764: [Full GC [PSYoungGen: 138240K->32873K(161280K)] [ParOldGen: 367741K->367741K(368128K)] 505981K->400614K(529408K) [PSPermGen: 13642K->13642K(21504K)], 0.0729000 secs] [Times: user=0.51 sys=0.00, real=0.08 secs] 
182.837: Total time for which application threads were stopped: 0.0735620 seconds, Stopping threads took: 0.0000310 seconds
182.861: Application time: 0.0238100 seconds
182.862: [Full GC [PSYoungGen: 138240K->32888K(161280K)] [ParOldGen: 367741K->367741K(368128K)] 505981K->400629K(529408K) [PSPermGen: 13642K->13642K(21504K)], 0.0736920 secs] [Times: user=0.51 sys=0.00, real=0.08 secs] 
182.935: Total time for which application threads were stopped: 0.0743780 seconds, Stopping threads took: 0.0000380 seconds
182.959: Application time: 0.0238160 seconds
182.960: [Full GC [PSYoungGen: 138240K->32900K(161280K)] [ParOldGen: 367741K->367741K(368128K)] 505981K->400642K(529408K) [PSPermGen: 13642K->13642K(21504K)], 0.0732980 secs] [Times: user=0.51 sys=0.00, real=0.07 secs] 
183.033: Total time for which application threads were stopped: 0.0739600 seconds, Stopping threads took: 0.0000460 seconds
183.057: Application time: 0.0238210 seconds
183.058: [Full GC [PSYoungGen: 138240K->32917K(161280K)] [ParOldGen: 367741K->367741K(368128K)] 505981K->400658K(529408K) [PSPermGen: 13642K->13642K(21504K)], 0.0754410 secs] [Times: user=0.53 sys=0.00, real=0.07 secs] 
183.133: Total time for which application threads were stopped: 0.0761320 seconds, Stopping threads took: 0.0000520 seconds
183.157: Application time: 0.0233950 seconds
183.157: [Full GC [PSYoungGen: 138240K->32932K(161280K)] [ParOldGen: 367741K->367741K(368128K)] 505981K->400673K(529408K) [PSPermGen: 13642K->13642K(21504K)], 0.0729490 secs] [Times: user=0.51 sys=0.00, real=0.07 secs] 
183.230: Total time for which application threads were stopped: 0.0736440 seconds, Stopping threads took: 0.0000570 seconds
183.254: Application time: 0.0237970 seconds
183.255: [Full GC [PSYoungGen: 138240K->32946K(161280K)] [ParOldGen: 367741K->367741K(368128K)] 505981K->400688K(529408K) [PSPermGen: 13642K->13642K(21504K)], 0.0740130 secs] [Times: user=0.52 sys=0.00, real=0.07 secs] 
183.329: Total time for which application threads were stopped: 0.0746470 seconds, Stopping threads took: 0.0000540 seconds
183.353: Application time: 0.0238430 seconds
183.353: [Full GC [PSYoungGen: 138240K->32959K(161280K)] [ParOldGen: 367741K->367741K(368128K)] 505981K->400701K(529408K) [PSPermGen: 13642K->13642K(21504K)], 0.0732270 secs] [Times: user=0.52 sys=0.00, real=0.08 secs] 
183.426: Total time for which application threads were stopped: 0.0739130 seconds, Stopping threads took: 0.0000520 seconds
183.450: Application time: 0.0236650 seconds
183.451: [Full GC [PSYoungGen: 138240K->32977K(161280K)] [ParOldGen: 367741K->367741K(368128K)] 505981K->400718K(529408K) [PSPermGen: 13642K->13642K(21504K)], 0.0731580 secs] [Times: user=0.51 sys=0.00, real=0.07 secs] 
183.524: Total time for which application threads were stopped: 0.0738270 seconds, Stopping threads took: 0.0000520 seconds
183.548: Application time: 0.0237270 seconds
183.548: [Full GC [PSYoungGen: 138240K->32990K(161280K)] [ParOldGen: 367741K->367741K(368128K)] 505981K->400732K(529408K) [PSPermGen: 13642K->13642K(21504K)], 0.0731770 secs] [Times: user=0.51 sys=0.01, real=0.07 secs] 
183.622: Total time for which application threads were stopped: 0.0738780 seconds, Stopping threads took: 0.0000430 seconds
183.645: Application time: 0.0234770 seconds
183.646: [Full GC [PSYoungGen: 138240K->33005K(161280K)] [ParOldGen: 367741K->367741K(368128K)] 505981K->400746K(529408K) [PSPermGen: 13642K->13642K(21504K)], 0.0740560 secs] [Times: user=0.52 sys=0.00, real=0.07 secs] 
183.720: Total time for which application threads were stopped: 0.0747480 seconds, Stopping threads took: 0.0000490 seconds
183.744: Application time: 0.0239030 seconds
183.744: [Full GC [PSYoungGen: 138240K->33022K(161280K)] [ParOldGen: 367741K->367741K(368128K)] 505981K->400763K(529408K) [PSPermGen: 13642K->13642K(21504K)], 0.0738150 secs] [Times: user=0.52 sys=0.00, real=0.08 secs] 
183.818: Total time for which application threads were stopped: 0.0745110 seconds, Stopping threads took: 0.0000570 seconds
183.842: Application time: 0.0235670 seconds
183.842: [Full GC [PSYoungGen: 138240K->33037K(161280K)] [ParOldGen: 367741K->367741K(368128K)] 505981K->400778K(529408K) [PSPermGen: 13642K->13642K(21504K)], 0.0734930 secs] [Times: user=0.51 sys=0.00, real=0.08 secs] 
183.916: Total time for which application threads were stopped: 0.0742120 seconds, Stopping threads took: 0.0000490 seconds
183.939: Application time: 0.0233770 seconds
183.940: [Full GC [PSYoungGen: 138240K->33054K(161280K)] [ParOldGen: 367741K->367741K(368128K)] 505981K->400795K(529408K) [PSPermGen: 13642K->13642K(21504K)], 0.0733470 secs] [Times: user=0.51 sys=0.00, real=0.07 secs] 
184.013: Total time for which application threads were stopped: 0.0740520 seconds, Stopping threads took: 0.0000630 seconds
184.037: Application time: 0.0236720 seconds
184.038: [Full GC [PSYoungGen: 138240K->33068K(161280K)] [ParOldGen: 367741K->367741K(368128K)] 505981K->400810K(529408K) [PSPermGen: 13642K->13642K(21504K)], 0.0732080 secs] [Times: user=0.51 sys=0.00, real=0.07 secs] 
184.111: Total time for which application threads were stopped: 0.0739230 seconds, Stopping threads took: 0.0000610 seconds
184.135: Application time: 0.0241970 seconds
184.136: [Full GC [PSYoungGen: 138240K->33085K(161280K)] [ParOldGen: 367741K->367741K(368128K)] 505981K->400826K(529408K) [PSPermGen: 13642K->13642K(21504K)], 0.0737000 secs] [Times: user=0.51 sys=0.00, real=0.07 secs] 
184.210: Total time for which application threads were stopped: 0.0743790 seconds, Stopping threads took: 0.0000420 seconds
184.233: Application time: 0.0235090 seconds
184.234: [Full GC [PSYoungGen: 138240K->33099K(161280K)] [ParOldGen: 367741K->367741K(368128K)] 505981K->400840K(529408K) [PSPermGen: 13642K->13642K(21504K)], 0.0733500 secs] [Times: user=0.52 sys=0.00, real=0.07 secs] 
184.307: Total time for which application threads were stopped: 0.0739700 seconds, Stopping threads took: 0.0000410 seconds
184.331: Application time: 0.0236590 seconds
184.331: [Full GC [PSYoungGen: 138240K->33112K(161280K)] [ParOldGen: 367741K->367741K(368128K)] 505981K->400853K(529408K) [PSPermGen: 13642K->13642K(21504K)], 0.0738690 secs] [Times: user=0.52 sys=0.00, real=0.07 secs] 
184.405: Total time for which application threads were stopped: 0.0744800 seconds, Stopping threads took: 0.0000550 seconds
184.429: Application time: 0.0238570 seconds
184.430: [Full GC [PSYoungGen: 138240K->33129K(161280K)] [ParOldGen: 367741K->367741K(368128K)] 505981K->400870K(529408K) [PSPermGen: 13642K->13642K(21504K)], 0.0736040 secs] [Times: user=0.52 sys=0.00, real=0.07 secs] 
184.503: Total time for which application threads were stopped: 0.0743010 seconds, Stopping threads took: 0.0000480 seconds
184.528: Application time: 0.0246030 seconds
184.529: [Full GC [PSYoungGen: 138240K->33005K(161280K)] [ParOldGen: 367741K->367741K(368128K)] 505981K->400747K(529408K) [PSPermGen: 13642K->13642K(21504K)], 0.0737150 secs] [Times: user=0.52 sys=0.00, real=0.07 secs] 
184.602: Total time for which application threads were stopped: 0.0743360 seconds, Stopping threads took: 0.0000790 seconds
184.627: Application time: 0.0241510 seconds
184.627: [Full GC [PSYoungGen: 138240K->32972K(161280K)] [ParOldGen: 367741K->367741K(368128K)] 505981K->400713K(529408K) [PSPermGen: 13642K->13642K(21504K)], 0.0737870 secs] [Times: user=0.52 sys=0.00, real=0.07 secs] 
184.701: Total time for which application threads were stopped: 0.0744210 seconds, Stopping threads took: 0.0000830 seconds
184.725: Application time: 0.0240260 seconds
184.726: [Full GC [PSYoungGen: 138240K->32895K(161280K)] [ParOldGen: 367741K->367741K(368128K)] 505981K->400637K(529408K) [PSPermGen: 13642K->13642K(21504K)], 0.0734160 secs] [Times: user=0.51 sys=0.00, real=0.07 secs] 
184.799: Total time for which application threads were stopped: 0.0740990 seconds, Stopping threads took: 0.0000530 seconds
184.823: Application time: 0.0237930 seconds
184.823: [Full GC [PSYoungGen: 138240K->32905K(161280K)] [ParOldGen: 367741K->367741K(368128K)] 505981K->400647K(529408K) [PSPermGen: 13642K->13642K(21504K)], 0.0734790 secs] [Times: user=0.52 sys=0.00, real=0.08 secs] 
184.897: Total time for which application threads were stopped: 0.0740800 seconds, Stopping threads took: 0.0000460 seconds
184.921: Application time: 0.0240560 seconds
184.922: [Full GC [PSYoungGen: 138240K->32921K(161280K)] [ParOldGen: 367741K->367741K(368128K)] 505981K->400662K(529408K) [PSPermGen: 13642K->13642K(21504K)], 0.0736060 secs] [Times: user=0.52 sys=0.00, real=0.08 secs] 
184.995: Total time for which application threads were stopped: 0.0741900 seconds, Stopping threads took: 0.0000480 seconds
185.019: Application time: 0.0237930 seconds
185.020: [Full GC [PSYoungGen: 138240K->32938K(161280K)] [ParOldGen: 367741K->367741K(368128K)] 505981K->400679K(529408K) [PSPermGen: 13642K->13642K(21504K)], 0.0734260 secs] [Times: user=0.52 sys=0.00, real=0.07 secs] 
185.093: Total time for which application threads were stopped: 0.0740450 seconds, Stopping threads took: 0.0000510 seconds
185.117: Application time: 0.0237350 seconds
185.117: [Full GC [PSYoungGen: 138240K->32953K(161280K)] [ParOldGen: 367741K->367741K(368128K)] 505981K->400694K(529408K) [PSPermGen: 13642K->13642K(21504K)], 0.0738400 secs] [Times: user=0.52 sys=0.00, real=0.07 secs] 
185.191: Total time for which application threads were stopped: 0.0745310 seconds, Stopping threads took: 0.0000520 seconds
185.215: Application time: 0.0240160 seconds
185.216: [Full GC [PSYoungGen: 138240K->32966K(161280K)] [ParOldGen: 367741K->367741K(368128K)] 505981K->400708K(529408K) [PSPermGen: 13642K->13642K(21504K)], 0.0732300 secs] [Times: user=0.52 sys=0.00, real=0.07 secs] 
185.289: Total time for which application threads were stopped: 0.0739220 seconds, Stopping threads took: 0.0000500 seconds
185.313: Application time: 0.0240140 seconds
185.314: [Full GC [PSYoungGen: 138240K->32984K(161280K)] [ParOldGen: 367741K->367741K(368128K)] 505981K->400725K(529408K) [PSPermGen: 13642K->13642K(21504K)], 0.0735040 secs] [Times: user=0.51 sys=0.01, real=0.07 secs] 
185.388: Total time for which application threads were stopped: 0.0742250 seconds, Stopping threads took: 0.0000670 seconds
185.412: Application time: 0.0242350 seconds
185.412: [Full GC [PSYoungGen: 138240K->32998K(161280K)] [ParOldGen: 367741K->367741K(368128K)] 505981K->400740K(529408K) [PSPermGen: 13642K->13642K(21504K)], 0.0736560 secs] [Times: user=0.52 sys=0.00, real=0.08 secs] 
185.486: Total time for which application threads were stopped: 0.0742630 seconds, Stopping threads took: 0.0000380 seconds
185.510: Application time: 0.0239340 seconds
185.511: [Full GC [PSYoungGen: 138240K->33014K(161280K)] [ParOldGen: 367741K->367741K(368128K)] 505981K->400755K(529408K) [PSPermGen: 13642K->13642K(21504K)], 0.0731310 secs] [Times: user=0.51 sys=0.00, real=0.07 secs] 
185.584: Total time for which application threads were stopped: 0.0738050 seconds, Stopping threads took: 0.0000440 seconds
185.609: Application time: 0.0247400 seconds
185.609: [Full GC [PSYoungGen: 138240K->32914K(161280K)] [ParOldGen: 367741K->367741K(368128K)] 505981K->400656K(529408K) [PSPermGen: 13642K->13642K(21504K)], 0.0747400 secs] [Times: user=0.51 sys=0.00, real=0.07 secs] 
185.684: Total time for which application threads were stopped: 0.0753930 seconds, Stopping threads took: 0.0000560 seconds
185.708: Application time: 0.0243320 seconds
185.709: [Full GC [PSYoungGen: 138240K->32848K(161280K)] [ParOldGen: 367741K->367741K(368128K)] 505981K->400589K(529408K) [PSPermGen: 13642K->13642K(21504K)], 0.0735650 secs] [Times: user=0.52 sys=0.00, real=0.07 secs] 
185.782: Total time for which application threads were stopped: 0.0741660 seconds, Stopping threads took: 0.0000440 seconds
185.806: Application time: 0.0240030 seconds
185.807: [Full GC [PSYoungGen: 138240K->32792K(161280K)] [ParOldGen: 367741K->367741K(368128K)] 505981K->400533K(529408K) [PSPermGen: 13642K->13642K(21504K)], 0.0732710 secs] [Times: user=0.51 sys=0.00, real=0.07 secs] 
185.880: Total time for which application threads were stopped: 0.0739760 seconds, Stopping threads took: 0.0000820 seconds
185.904: Application time: 0.0237150 seconds
185.905: [Full GC [PSYoungGen: 138240K->32792K(161280K)] [ParOldGen: 367741K->367741K(368128K)] 505981K->400533K(529408K) [PSPermGen: 13642K->13642K(21504K)], 0.0732390 secs] [Times: user=0.51 sys=0.00, real=0.08 secs] 
185.978: Total time for which application threads were stopped: 0.0738510 seconds, Stopping threads took: 0.0000520 seconds
186.002: Application time: 0.0237450 seconds
186.002: [Full GC [PSYoungGen: 138240K->32805K(161280K)] [ParOldGen: 367741K->367741K(368128K)] 505981K->400547K(529408K) [PSPermGen: 13642K->13642K(21504K)], 0.0738920 secs] [Times: user=0.52 sys=0.00, real=0.08 secs] 
186.076: Total time for which application threads were stopped: 0.0745630 seconds, Stopping threads took: 0.0000480 seconds
186.100: Application time: 0.0240010 seconds
186.101: [Full GC [PSYoungGen: 138240K->32818K(161280K)] [ParOldGen: 367741K->367741K(368128K)] 505981K->400559K(529408K) [PSPermGen: 13642K->13642K(21504K)], 0.0737240 secs] [Times: user=0.52 sys=0.00, real=0.08 secs] 
186.175: Total time for which application threads were stopped: 0.0744100 seconds, Stopping threads took: 0.0000480 seconds
186.199: Application time: 0.0241610 seconds
186.200: [Full GC [PSYoungGen: 138240K->32837K(161280K)] [ParOldGen: 367741K->367741K(368128K)] 505981K->400578K(529408K) [PSPermGen: 13642K->13642K(21504K)], 0.0731250 secs] [Times: user=0.52 sys=0.00, real=0.07 secs] 
186.273: Total time for which application threads were stopped: 0.0738260 seconds, Stopping threads took: 0.0000430 seconds
186.297: Application time: 0.0244040 seconds
186.298: [Full GC [PSYoungGen: 138240K->32852K(161280K)] [ParOldGen: 367741K->367741K(368128K)] 505981K->400593K(529408K) [PSPermGen: 13642K->13642K(21504K)], 0.0733400 secs] [Times: user=0.51 sys=0.00, real=0.07 secs] 
186.371: Total time for which application threads were stopped: 0.0740150 seconds, Stopping threads took: 0.0000530 seconds
186.395: Application time: 0.0238280 seconds
186.396: [Full GC [PSYoungGen: 138240K->32867K(161280K)] [ParOldGen: 367741K->367741K(368128K)] 505981K->400609K(529408K) [PSPermGen: 13642K->13642K(21504K)], 0.0730190 secs] [Times: user=0.52 sys=0.00, real=0.07 secs] 
186.469: Total time for which application threads were stopped: 0.0737170 seconds, Stopping threads took: 0.0000570 seconds
186.493: Application time: 0.0239130 seconds
186.493: [Full GC [PSYoungGen: 138240K->32881K(161280K)] [ParOldGen: 367741K->367741K(368128K)] 505981K->400623K(529408K) [PSPermGen: 13642K->13642K(21504K)], 0.0740270 secs] [Times: user=0.51 sys=0.00, real=0.08 secs] 
186.567: Total time for which application threads were stopped: 0.0746980 seconds, Stopping threads took: 0.0000440 seconds
186.591: Application time: 0.0236280 seconds
186.592: [Full GC [PSYoungGen: 138240K->32898K(161280K)] [ParOldGen: 367741K->367741K(368128K)] 505981K->400639K(529408K) [PSPermGen: 13642K->13642K(21504K)], 0.0726080 secs] [Times: user=0.52 sys=0.00, real=0.07 secs] 
186.664: Total time for which application threads were stopped: 0.0732750 seconds, Stopping threads took: 0.0000450 seconds
186.688: Application time: 0.0242200 seconds
186.689: [Full GC [PSYoungGen: 138240K->32911K(161280K)] [ParOldGen: 367741K->367741K(368128K)] 505981K->400652K(529408K) [PSPermGen: 13642K->13642K(21504K)], 0.0742520 secs] [Times: user=0.52 sys=0.00, real=0.07 secs] 
186.763: Total time for which application threads were stopped: 0.0748560 seconds, Stopping threads took: 0.0000390 seconds
186.787: Application time: 0.0241780 seconds
186.788: [Full GC [PSYoungGen: 138240K->32926K(161280K)] [ParOldGen: 367741K->367741K(368128K)] 505981K->400667K(529408K) [PSPermGen: 13642K->13642K(21504K)], 0.0733640 secs] [Times: user=0.52 sys=0.00, real=0.07 secs] 
186.862: Total time for which application threads were stopped: 0.0740740 seconds, Stopping threads took: 0.0000530 seconds
186.886: Application time: 0.0239990 seconds
186.886: [Full GC [PSYoungGen: 138240K->32941K(161280K)] [ParOldGen: 367741K->367741K(368128K)] 505981K->400683K(529408K) [PSPermGen: 13642K->13642K(21504K)], 0.0739890 secs] [Times: user=0.52 sys=0.00, real=0.07 secs] 
186.960: Total time for which application threads were stopped: 0.0745870 seconds, Stopping threads took: 0.0000400 seconds
186.984: Application time: 0.0242240 seconds
186.985: [Full GC [PSYoungGen: 138240K->32955K(161280K)] [ParOldGen: 367741K->367741K(368128K)] 505981K->400696K(529408K) [PSPermGen: 13642K->13642K(21504K)], 0.0734460 secs] [Times: user=0.51 sys=0.00, real=0.08 secs] 
187.058: Total time for which application threads were stopped: 0.0740500 seconds, Stopping threads took: 0.0000500 seconds
187.082: Application time: 0.0240720 seconds
187.083: [Full GC [PSYoungGen: 138240K->32968K(161280K)] [ParOldGen: 367741K->367741K(368128K)] 505981K->400710K(529408K) [PSPermGen: 13642K->13642K(21504K)], 0.0731360 secs] [Times: user=0.52 sys=0.00, real=0.08 secs] 
187.156: Total time for which application threads were stopped: 0.0738120 seconds, Stopping threads took: 0.0000380 seconds
187.182: Application time: 0.0253170 seconds
187.182: [Full GC [PSYoungGen: 138240K->32983K(161280K)] [ParOldGen: 367741K->367741K(368128K)] 505981K->400724K(529408K) [PSPermGen: 13642K->13642K(21504K)], 0.0746110 secs] [Times: user=0.51 sys=0.00, real=0.08 secs] 
187.257: Total time for which application threads were stopped: 0.0754890 seconds, Stopping threads took: 0.0002010 seconds
187.281: Application time: 0.0240490 seconds
187.282: [Full GC [PSYoungGen: 138240K->33000K(161280K)] [ParOldGen: 367741K->367741K(368128K)] 505981K->400742K(529408K) [PSPermGen: 13642K->13642K(21504K)], 0.0736350 secs] [Times: user=0.52 sys=0.00, real=0.08 secs] 
187.355: Total time for which application threads were stopped: 0.0742850 seconds, Stopping threads took: 0.0000710 seconds
187.379: Application time: 0.0237850 seconds
187.380: [Full GC [PSYoungGen: 138240K->33013K(161280K)] [ParOldGen: 367741K->367741K(368128K)] 505981K->400755K(529408K) [PSPermGen: 13642K->13642K(21504K)], 0.0731500 secs] [Times: user=0.51 sys=0.00, real=0.07 secs] 
187.453: Total time for which application threads were stopped: 0.0738810 seconds, Stopping threads took: 0.0000680 seconds
187.477: Application time: 0.0237340 seconds
187.478: [Full GC [PSYoungGen: 138240K->33029K(161280K)] [ParOldGen: 367741K->367741K(368128K)] 505981K->400770K(529408K) [PSPermGen: 13642K->13642K(21504K)], 0.0735390 secs] [Times: user=0.52 sys=0.00, real=0.07 secs] 
187.551: Total time for which application threads were stopped: 0.0742860 seconds, Stopping threads took: 0.0000990 seconds
187.575: Application time: 0.0234440 seconds
187.575: [Full GC [PSYoungGen: 138240K->33047K(161280K)] [ParOldGen: 367741K->367741K(368128K)] 505981K->400788K(529408K) [PSPermGen: 13642K->13642K(21504K)], 0.0740250 secs] [Times: user=0.52 sys=0.00, real=0.07 secs] 
187.649: Total time for which application threads were stopped: 0.0746470 seconds, Stopping threads took: 0.0000640 seconds
187.673: Application time: 0.0238760 seconds
187.674: [Full GC [PSYoungGen: 138240K->33065K(161280K)] [ParOldGen: 367741K->367741K(368128K)] 505981K->400806K(529408K) [PSPermGen: 13642K->13642K(21504K)], 0.0738070 secs] [Times: user=0.50 sys=0.00, real=0.07 secs] 
187.748: Total time for which application threads were stopped: 0.0745350 seconds, Stopping threads took: 0.0000500 seconds
187.771: Application time: 0.0235420 seconds
187.774: [Full GC [PSYoungGen: 138240K->33078K(161280K)] [ParOldGen: 367741K->367741K(368128K)] 505981K->400820K(529408K) [PSPermGen: 13642K->13642K(21504K)], 0.0733550 secs] [Times: user=0.51 sys=0.01, real=0.07 secs] 
187.848: Total time for which application threads were stopped: 0.0763190 seconds, Stopping threads took: 0.0023450 seconds
187.871: Application time: 0.0235990 seconds
187.872: [Full GC [PSYoungGen: 138240K->33093K(161280K)] [ParOldGen: 367741K->367741K(368128K)] 505981K->400835K(529408K) [PSPermGen: 13642K->13642K(21504K)], 0.0738630 secs] [Times: user=0.52 sys=0.00, real=0.08 secs] 
187.946: Total time for which application threads were stopped: 0.0744690 seconds, Stopping threads took: 0.0000520 seconds
187.970: Application time: 0.0243440 seconds
187.971: [Full GC [PSYoungGen: 138240K->33108K(161280K)] [ParOldGen: 367741K->367741K(368128K)] 505981K->400850K(529408K) [PSPermGen: 13642K->13642K(21504K)], 0.0980970 secs] [Times: user=0.67 sys=0.00, real=0.10 secs] 
188.069: Total time for which application threads were stopped: 0.0992520 seconds, Stopping threads took: 0.0005870 seconds
188.095: Application time: 0.0253760 seconds
188.095: [Full GC [PSYoungGen: 138240K->33122K(161280K)] [ParOldGen: 367741K->367741K(368128K)] 505981K->400863K(529408K) [PSPermGen: 13642K->13642K(21504K)], 0.0746200 secs] [Times: user=0.52 sys=0.01, real=0.07 secs] 
188.170: Total time for which application threads were stopped: 0.0752340 seconds, Stopping threads took: 0.0000620 seconds
188.195: Application time: 0.0247320 seconds
188.195: [Full GC [PSYoungGen: 138240K->33027K(161280K)] [ParOldGen: 367741K->367741K(368128K)] 505981K->400768K(529408K) [PSPermGen: 13642K->13642K(21504K)], 0.0742640 secs] [Times: user=0.52 sys=0.00, real=0.07 secs] 
188.270: Total time for which application threads were stopped: 0.0749490 seconds, Stopping threads took: 0.0000640 seconds
188.294: Application time: 0.0243130 seconds
188.294: [Full GC [PSYoungGen: 138240K->32903K(161280K)] [ParOldGen: 367741K->367741K(368128K)] 505981K->400644K(529408K) [PSPermGen: 13642K->13642K(21504K)], 0.0741020 secs] [Times: user=0.51 sys=0.00, real=0.07 secs] 
188.369: Total time for which application threads were stopped: 0.0747340 seconds, Stopping threads took: 0.0000670 seconds
188.392: Application time: 0.0238430 seconds
188.393: [Full GC [PSYoungGen: 138240K->32885K(161280K)] [ParOldGen: 367741K->367741K(368128K)] 505981K->400626K(529408K) [PSPermGen: 13642K->13642K(21504K)], 0.0745690 secs] [Times: user=0.52 sys=0.00, real=0.08 secs] 
188.468: Total time for which application threads were stopped: 0.0752620 seconds, Stopping threads took: 0.0000530 seconds
188.492: Application time: 0.0238700 seconds
188.492: [Full GC [PSYoungGen: 138240K->32901K(161280K)] [ParOldGen: 367741K->367741K(368128K)] 505981K->400642K(529408K) [PSPermGen: 13642K->13642K(21504K)], 0.0726840 secs] [Times: user=0.51 sys=0.00, real=0.07 secs] 
188.565: Total time for which application threads were stopped: 0.0733770 seconds, Stopping threads took: 0.0000350 seconds
188.589: Application time: 0.0239220 seconds
188.589: [Full GC [PSYoungGen: 138240K->32914K(161280K)] [ParOldGen: 367741K->367741K(368128K)] 505981K->400656K(529408K) [PSPermGen: 13642K->13642K(21504K)], 0.0735110 secs] [Times: user=0.52 sys=0.00, real=0.07 secs] 
188.663: Total time for which application threads were stopped: 0.0741110 seconds, Stopping threads took: 0.0000450 seconds
188.688: Application time: 0.0246650 seconds
188.690: [Full GC [PSYoungGen: 138240K->32929K(161280K)] [ParOldGen: 367741K->367741K(368128K)] 505981K->400670K(529408K) [PSPermGen: 13642K->13642K(21504K)], 0.0730120 secs] [Times: user=0.51 sys=0.00, real=0.07 secs] 
188.763: Total time for which application threads were stopped: 0.0755750 seconds, Stopping threads took: 0.0019340 seconds
188.787: Application time: 0.0239640 seconds
188.788: [Full GC [PSYoungGen: 138240K->32946K(161280K)] [ParOldGen: 367741K->367741K(368128K)] 505981K->400687K(529408K) [PSPermGen: 13642K->13642K(21504K)], 0.0732770 secs] [Times: user=0.52 sys=0.00, real=0.07 secs] 
188.861: Total time for which application threads were stopped: 0.0739570 seconds, Stopping threads took: 0.0000480 seconds
188.885: Application time: 0.0239740 seconds
188.886: [Full GC [PSYoungGen: 138240K->32962K(161280K)] [ParOldGen: 367741K->367741K(368128K)] 505981K->400703K(529408K) [PSPermGen: 13642K->13642K(21504K)], 0.0726380 secs] [Times: user=0.51 sys=0.00, real=0.07 secs] 
188.958: Total time for which application threads were stopped: 0.0733360 seconds, Stopping threads took: 0.0000510 seconds
188.982: Application time: 0.0240430 seconds
188.983: [Full GC [PSYoungGen: 138240K->32975K(161280K)] [ParOldGen: 367741K->367741K(368128K)] 505981K->400717K(529408K) [PSPermGen: 13642K->13642K(21504K)], 0.0731410 secs] [Times: user=0.52 sys=0.00, real=0.08 secs] 
189.056: Total time for which application threads were stopped: 0.0737380 seconds, Stopping threads took: 0.0000400 seconds
189.080: Application time: 0.0241510 seconds
189.081: [Full GC [PSYoungGen: 138240K->32994K(161280K)] [ParOldGen: 367741K->367741K(368128K)] 505981K->400735K(529408K) [PSPermGen: 13642K->13642K(21504K)], 0.0735930 secs] [Times: user=0.53 sys=0.00, real=0.08 secs] 
189.155: Total time for which application threads were stopped: 0.0743130 seconds, Stopping threads took: 0.0000590 seconds
189.179: Application time: 0.0241030 seconds
189.179: [Full GC [PSYoungGen: 138240K->33008K(161280K)] [ParOldGen: 367741K->367741K(368128K)] 505981K->400749K(529408K) [PSPermGen: 13642K->13642K(21504K)], 0.0738520 secs] [Times: user=0.51 sys=0.00, real=0.07 secs] 
189.253: Total time for which application threads were stopped: 0.0745580 seconds, Stopping threads took: 0.0000620 seconds
189.277: Application time: 0.0240450 seconds
189.278: [Full GC [PSYoungGen: 138240K->33017K(161280K)] [ParOldGen: 367741K->367741K(368128K)] 505981K->400758K(529408K) [PSPermGen: 13642K->13642K(21504K)], 0.0740030 secs] [Times: user=0.52 sys=0.00, real=0.07 secs] 
189.352: Total time for which application threads were stopped: 0.0746090 seconds, Stopping threads took: 0.0000460 seconds
189.377: Application time: 0.0248580 seconds
189.378: [Full GC [PSYoungGen: 138240K->32914K(161280K)] [ParOldGen: 367741K->367741K(368128K)] 505981K->400655K(529408K) [PSPermGen: 13642K->13642K(21504K)], 0.0733160 secs] [Times: user=0.52 sys=0.00, real=0.07 secs] 
189.451: Total time for which application threads were stopped: 0.0740310 seconds, Stopping threads took: 0.0000690 seconds
189.475: Application time: 0.0239610 seconds
189.475: [Full GC [PSYoungGen: 138240K->32911K(161280K)] [ParOldGen: 367741K->367741K(368128K)] 505981K->400653K(529408K) [PSPermGen: 13642K->13642K(21504K)], 0.0740240 secs] [Times: user=0.51 sys=0.00, real=0.07 secs] 
189.550: Total time for which application threads were stopped: 0.0746400 seconds, Stopping threads took: 0.0000480 seconds
189.574: Application time: 0.0242520 seconds
189.574: [Full GC [PSYoungGen: 138240K->32870K(161280K)] [ParOldGen: 367741K->367741K(368128K)] 505981K->400612K(529408K) [PSPermGen: 13642K->13642K(21504K)], 0.0732790 secs] [Times: user=0.52 sys=0.00, real=0.07 secs] 
189.648: Total time for which application threads were stopped: 0.0739540 seconds, Stopping threads took: 0.0000370 seconds
189.672: Application time: 0.0244690 seconds
189.673: [Full GC [PSYoungGen: 138240K->32817K(161280K)] [ParOldGen: 367741K->367741K(368128K)] 505981K->400558K(529408K) [PSPermGen: 13642K->13642K(21504K)], 0.0738350 secs] [Times: user=0.51 sys=0.00, real=0.08 secs] 
189.747: Total time for which application threads were stopped: 0.0744620 seconds, Stopping threads took: 0.0000360 seconds
189.771: Application time: 0.0241140 seconds
189.771: [Full GC [PSYoungGen: 138240K->32817K(161280K)] [ParOldGen: 367741K->367741K(368128K)] 505981K->400558K(529408K) [PSPermGen: 13642K->13642K(21504K)], 0.0732270 secs] [Times: user=0.52 sys=0.00, real=0.07 secs] 
189.845: Total time for which application threads were stopped: 0.0738280 seconds, Stopping threads took: 0.0000410 seconds
189.869: Application time: 0.0240740 seconds
189.869: [Full GC [PSYoungGen: 138240K->32830K(161280K)] [ParOldGen: 367741K->367741K(368128K)] 505981K->400572K(529408K) [PSPermGen: 13642K->13642K(21504K)], 0.0734490 secs] [Times: user=0.52 sys=0.00, real=0.07 secs] 
189.943: Total time for which application threads were stopped: 0.0740520 seconds, Stopping threads took: 0.0000450 seconds
189.967: Application time: 0.0241740 seconds
189.968: [Full GC [PSYoungGen: 138240K->32847K(161280K)] [ParOldGen: 367741K->367741K(368128K)] 505981K->400589K(529408K) [PSPermGen: 13642K->13642K(21504K)], 0.0780630 secs] [Times: user=0.56 sys=0.00, real=0.08 secs] 
190.046: Total time for which application threads were stopped: 0.0787630 seconds, Stopping threads took: 0.0000580 seconds
190.070: Application time: 0.0240930 seconds
190.070: [Full GC [PSYoungGen: 138240K->32863K(161280K)] [ParOldGen: 367741K->367741K(368128K)] 505981K->400605K(529408K) [PSPermGen: 13642K->13642K(21504K)], 0.0733600 secs] [Times: user=0.51 sys=0.00, real=0.07 secs] 
190.144: Total time for which application threads were stopped: 0.0739780 seconds, Stopping threads took: 0.0000450 seconds
190.167: Application time: 0.0236420 seconds
190.168: [Full GC [PSYoungGen: 138240K->32875K(161280K)] [ParOldGen: 367741K->367741K(368128K)] 505981K->400617K(529408K) [PSPermGen: 13642K->13642K(21504K)], 0.0742830 secs] [Times: user=0.50 sys=0.00, real=0.07 secs] 
190.242: Total time for which application threads were stopped: 0.0749380 seconds, Stopping threads took: 0.0000350 seconds
190.266: Application time: 0.0237840 seconds
190.267: [Full GC [PSYoungGen: 138240K->32891K(161280K)] [ParOldGen: 367741K->367741K(368128K)] 505981K->400632K(529408K) [PSPermGen: 13642K->13642K(21504K)], 0.0736090 secs] [Times: user=0.52 sys=0.00, real=0.07 secs] 
190.340: Total time for which application threads were stopped: 0.0742450 seconds, Stopping threads took: 0.0000500 seconds
190.364: Application time: 0.0238520 seconds
190.365: [Full GC [PSYoungGen: 138240K->32908K(161280K)] [ParOldGen: 367741K->367741K(368128K)] 505981K->400649K(529408K) [PSPermGen: 13642K->13642K(21504K)], 0.0733390 secs] [Times: user=0.52 sys=0.00, real=0.08 secs] 
190.438: Total time for which application threads were stopped: 0.0739500 seconds, Stopping threads took: 0.0000520 seconds
190.462: Application time: 0.0240360 seconds
190.463: [Full GC [PSYoungGen: 138240K->32921K(161280K)] [ParOldGen: 367741K->367741K(368128K)] 505981K->400663K(529408K) [PSPermGen: 13642K->13642K(21504K)], 0.0739920 secs] [Times: user=0.51 sys=0.00, real=0.08 secs] 
190.537: Total time for which application threads were stopped: 0.0746760 seconds, Stopping threads took: 0.0000420 seconds
190.561: Application time: 0.0238320 seconds
190.561: [Full GC [PSYoungGen: 138240K->32931K(161280K)] [ParOldGen: 367741K->367741K(368128K)] 505981K->400672K(529408K) [PSPermGen: 13642K->13642K(21504K)], 0.0731920 secs] [Times: user=0.51 sys=0.00, real=0.08 secs] 
190.635: Total time for which application threads were stopped: 0.0738820 seconds, Stopping threads took: 0.0000470 seconds
190.659: Application time: 0.0240120 seconds
190.659: [Full GC [PSYoungGen: 138240K->32952K(161280K)] [ParOldGen: 367741K->367741K(368128K)] 505981K->400693K(529408K) [PSPermGen: 13642K->13642K(21504K)], 0.0730300 secs] [Times: user=0.52 sys=0.00, real=0.07 secs] 
190.732: Total time for which application threads were stopped: 0.0736610 seconds, Stopping threads took: 0.0000630 seconds
190.756: Application time: 0.0241260 seconds
190.757: [Full GC [PSYoungGen: 138240K->32965K(161280K)] [ParOldGen: 367741K->367741K(368128K)] 505981K->400706K(529408K) [PSPermGen: 13642K->13642K(21504K)], 0.0733860 secs] [Times: user=0.52 sys=0.00, real=0.07 secs] 
190.831: Total time for which application threads were stopped: 0.0740840 seconds, Stopping threads took: 0.0000620 seconds
190.855: Application time: 0.0243310 seconds
190.855: [Full GC [PSYoungGen: 138240K->32980K(161280K)] [ParOldGen: 367741K->367741K(368128K)] 505981K->400722K(529408K) [PSPermGen: 13642K->13642K(21504K)], 0.0733130 secs] [Times: user=0.52 sys=0.00, real=0.07 secs] 
190.929: Total time for which application threads were stopped: 0.0739120 seconds, Stopping threads took: 0.0000390 seconds
190.953: Application time: 0.0244510 seconds
190.954: [Full GC [PSYoungGen: 138240K->32991K(161280K)] [ParOldGen: 367741K->367741K(368128K)] 505981K->400732K(529408K) [PSPermGen: 13642K->13642K(21504K)], 0.0731860 secs] [Times: user=0.52 sys=0.00, real=0.07 secs] 
191.027: Total time for which application threads were stopped: 0.0738810 seconds, Stopping threads took: 0.0000500 seconds
191.051: Application time: 0.0242090 seconds
191.052: [Full GC [PSYoungGen: 138240K->33009K(161280K)] [ParOldGen: 367741K->367741K(368128K)] 505981K->400750K(529408K) [PSPermGen: 13642K->13642K(21504K)], 0.0740930 secs] [Times: user=0.52 sys=0.00, real=0.08 secs] 
191.126: Total time for which application threads were stopped: 0.0747030 seconds, Stopping threads took: 0.0000520 seconds
191.150: Application time: 0.0240470 seconds
191.151: [Full GC [PSYoungGen: 138240K->33027K(161280K)] [ParOldGen: 367741K->367741K(368128K)] 505981K->400768K(529408K) [PSPermGen: 13642K->13642K(21504K)], 0.0730350 secs] [Times: user=0.52 sys=0.00, real=0.07 secs] 
191.224: Total time for which application threads were stopped: 0.0737580 seconds, Stopping threads took: 0.0000760 seconds
191.248: Application time: 0.0237710 seconds
191.248: [Full GC [PSYoungGen: 138240K->33040K(161280K)] [ParOldGen: 367741K->367741K(368128K)] 505981K->400782K(529408K) [PSPermGen: 13642K->13642K(21504K)], 0.0734360 secs] [Times: user=0.51 sys=0.00, real=0.07 secs] 
191.322: Total time for which application threads were stopped: 0.0740460 seconds, Stopping threads took: 0.0000560 seconds
191.346: Application time: 0.0239570 seconds
191.346: [Full GC [PSYoungGen: 138240K->33057K(161280K)] [ParOldGen: 367741K->367741K(368128K)] 505981K->400798K(529408K) [PSPermGen: 13642K->13642K(21504K)], 0.0743680 secs] [Times: user=0.52 sys=0.00, real=0.07 secs] 
191.421: Total time for which application threads were stopped: 0.0750790 seconds, Stopping threads took: 0.0000680 seconds
191.445: Application time: 0.0240860 seconds
191.445: [Full GC [PSYoungGen: 138240K->33073K(161280K)] [ParOldGen: 367741K->367741K(368128K)] 505981K->400814K(529408K) [PSPermGen: 13642K->13642K(21504K)], 0.0734710 secs] [Times: user=0.51 sys=0.01, real=0.08 secs] 
191.519: Total time for which application threads were stopped: 0.0741930 seconds, Stopping threads took: 0.0000430 seconds
191.543: Application time: 0.0238640 seconds
191.543: [Full GC [PSYoungGen: 138240K->33087K(161280K)] [ParOldGen: 367741K->367741K(368128K)] 505981K->400829K(529408K) [PSPermGen: 13642K->13642K(21504K)], 0.0735770 secs] [Times: user=0.52 sys=0.00, real=0.08 secs] 
191.617: Total time for which application threads were stopped: 0.0742050 seconds, Stopping threads took: 0.0000550 seconds
191.641: Application time: 0.0239380 seconds
191.642: [Full GC [PSYoungGen: 138240K->33102K(161280K)] [ParOldGen: 367741K->367741K(368128K)] 505981K->400843K(529408K) [PSPermGen: 13642K->13642K(21504K)], 0.0759150 secs] [Times: user=0.53 sys=0.00, real=0.08 secs] 
191.718: Total time for which application threads were stopped: 0.0766250 seconds, Stopping threads took: 0.0000740 seconds
191.742: Application time: 0.0244910 seconds
191.743: [Full GC [PSYoungGen: 138240K->33063K(161280K)] [ParOldGen: 367741K->367741K(368128K)] 505981K->400805K(529408K) [PSPermGen: 13642K->13642K(21504K)], 0.0731340 secs] [Times: user=0.51 sys=0.01, real=0.08 secs] 
191.816: Total time for which application threads were stopped: 0.0738650 seconds, Stopping threads took: 0.0001120 seconds
191.841: Application time: 0.0245710 seconds
191.841: [Full GC [PSYoungGen: 138240K->32898K(161280K)] [ParOldGen: 367741K->367741K(368128K)] 505981K->400640K(529408K) [PSPermGen: 13642K->13642K(21504K)], 0.0733540 secs] [Times: user=0.52 sys=0.00, real=0.08 secs] 
191.915: Total time for which application threads were stopped: 0.0739940 seconds, Stopping threads took: 0.0000790 seconds
191.938: Application time: 0.0238840 seconds
191.939: [Full GC [PSYoungGen: 138240K->32867K(161280K)] [ParOldGen: 367741K->367741K(368128K)] 505981K->400608K(529408K) [PSPermGen: 13642K->13642K(21504K)], 0.0729960 secs] [Times: user=0.51 sys=0.00, real=0.07 secs] 
192.012: Total time for which application threads were stopped: 0.0736820 seconds, Stopping threads took: 0.0000420 seconds
192.036: Application time: 0.0239480 seconds
192.037: [Full GC [PSYoungGen: 138240K->32881K(161280K)] [ParOldGen: 367741K->367741K(368128K)] 505981K->400622K(529408K) [PSPermGen: 13642K->13642K(21504K)], 0.0729520 secs] [Times: user=0.51 sys=0.00, real=0.07 secs] 
192.110: Total time for which application threads were stopped: 0.0736300 seconds, Stopping threads took: 0.0000430 seconds
192.134: Application time: 0.0245860 seconds
192.135: [Full GC [PSYoungGen: 138240K->32895K(161280K)] [ParOldGen: 367741K->367741K(368128K)] 505981K->400636K(529408K) [PSPermGen: 13642K->13642K(21504K)], 0.0730440 secs] [Times: user=0.51 sys=0.00, real=0.07 secs] 
192.208: Total time for which application threads were stopped: 0.0737150 seconds, Stopping threads took: 0.0000460 seconds
192.232: Application time: 0.0239000 seconds
192.233: [Full GC [PSYoungGen: 138240K->32909K(161280K)] [ParOldGen: 367741K->367741K(368128K)] 505981K->400651K(529408K) [PSPermGen: 13642K->13642K(21504K)], 0.0733660 secs] [Times: user=0.51 sys=0.00, real=0.08 secs] 
192.306: Total time for which application threads were stopped: 0.0740520 seconds, Stopping threads took: 0.0000450 seconds
192.330: Application time: 0.0238400 seconds
192.330: [Full GC [PSYoungGen: 138240K->32925K(161280K)] [ParOldGen: 367741K->367741K(368128K)] 505981K->400666K(529408K) [PSPermGen: 13642K->13642K(21504K)], 0.0734290 secs] [Times: user=0.51 sys=0.00, real=0.07 secs] 
192.404: Total time for which application threads were stopped: 0.0740960 seconds, Stopping threads took: 0.0000450 seconds
192.428: Application time: 0.0239950 seconds
192.429: [Full GC [PSYoungGen: 138240K->32942K(161280K)] [ParOldGen: 367741K->367741K(368128K)] 505981K->400684K(529408K) [PSPermGen: 13642K->13642K(21504K)], 0.0733540 secs] [Times: user=0.52 sys=0.00, real=0.07 secs] 
192.502: Total time for which application threads were stopped: 0.0740360 seconds, Stopping threads took: 0.0000470 seconds
192.526: Application time: 0.0238800 seconds
192.526: [Full GC [PSYoungGen: 138240K->32956K(161280K)] [ParOldGen: 367741K->367741K(368128K)] 505981K->400697K(529408K) [PSPermGen: 13642K->13642K(21504K)], 0.0746030 secs] [Times: user=0.51 sys=0.00, real=0.07 secs] 
192.601: Total time for which application threads were stopped: 0.0752260 seconds, Stopping threads took: 0.0000520 seconds
192.625: Application time: 0.0240580 seconds
192.626: [Full GC [PSYoungGen: 138240K->32973K(161280K)] [ParOldGen: 367741K->367741K(368128K)] 505981K->400714K(529408K) [PSPermGen: 13642K->13642K(21504K)], 0.0733050 secs] [Times: user=0.52 sys=0.00, real=0.07 secs] 
192.699: Total time for which application threads were stopped: 0.0739420 seconds, Stopping threads took: 0.0000450 seconds
192.723: Application time: 0.0239320 seconds
192.726: [Full GC [PSYoungGen: 138240K->32987K(161280K)] [ParOldGen: 367741K->367741K(368128K)] 505981K->400728K(529408K) [PSPermGen: 13642K->13642K(21504K)], 0.0726500 secs] [Times: user=0.52 sys=0.00, real=0.07 secs] 
192.799: Total time for which application threads were stopped: 0.0758380 seconds, Stopping threads took: 0.0025250 seconds
192.823: Application time: 0.0239720 seconds
192.823: [Full GC [PSYoungGen: 138240K->33004K(161280K)] [ParOldGen: 367741K->367741K(368128K)] 505981K->400746K(529408K) [PSPermGen: 13642K->13642K(21504K)], 0.0731870 secs] [Times: user=0.51 sys=0.00, real=0.08 secs] 
192.897: Total time for which application threads were stopped: 0.0738130 seconds, Stopping threads took: 0.0000460 seconds
192.920: Application time: 0.0238150 seconds
192.921: [Full GC [PSYoungGen: 138240K->33017K(161280K)] [ParOldGen: 367741K->367741K(368128K)] 505981K->400759K(529408K) [PSPermGen: 13642K->13642K(21504K)], 0.0735370 secs] [Times: user=0.52 sys=0.00, real=0.08 secs] 
192.995: Total time for which application threads were stopped: 0.0741460 seconds, Stopping threads took: 0.0000500 seconds
193.020: Application time: 0.0250420 seconds
193.020: [Full GC [PSYoungGen: 138240K->32925K(161280K)] [ParOldGen: 367741K->367741K(368128K)] 505981K->400666K(529408K) [PSPermGen: 13642K->13642K(21504K)], 0.0738270 secs] [Times: user=0.52 sys=0.00, real=0.08 secs] 
193.094: Total time for which application threads were stopped: 0.0744550 seconds, Stopping threads took: 0.0000600 seconds
193.118: Application time: 0.0241780 seconds
193.119: [Full GC [PSYoungGen: 138240K->32907K(161280K)] [ParOldGen: 367741K->367741K(368128K)] 505981K->400649K(529408K) [PSPermGen: 13642K->13642K(21504K)], 0.0761300 secs] [Times: user=0.53 sys=0.00, real=0.08 secs] 
193.195: Total time for which application threads were stopped: 0.0767460 seconds, Stopping threads took: 0.0000610 seconds
193.219: Application time: 0.0239860 seconds
193.220: [Full GC [PSYoungGen: 138240K->32922K(161280K)] [ParOldGen: 367741K->367741K(368128K)] 505981K->400663K(529408K) [PSPermGen: 13642K->13642K(21504K)], 0.0740050 secs] [Times: user=0.50 sys=0.01, real=0.08 secs] 
193.294: Total time for which application threads were stopped: 0.0747500 seconds, Stopping threads took: 0.0000730 seconds
193.318: Application time: 0.0241940 seconds
193.319: [Full GC [PSYoungGen: 138240K->32934K(161280K)] [ParOldGen: 367741K->367741K(368128K)] 505981K->400675K(529408K) [PSPermGen: 13642K->13642K(21504K)], 0.0735410 secs] [Times: user=0.52 sys=0.00, real=0.07 secs] 
193.392: Total time for which application threads were stopped: 0.0741760 seconds, Stopping threads took: 0.0000590 seconds
193.417: Application time: 0.0244110 seconds
193.417: [Full GC [PSYoungGen: 138240K->32841K(161280K)] [ParOldGen: 367741K->367741K(368128K)] 505981K->400583K(529408K) [PSPermGen: 13642K->13642K(21504K)], 0.0734240 secs] [Times: user=0.51 sys=0.00, real=0.07 secs] 
193.491: Total time for which application threads were stopped: 0.0740140 seconds, Stopping threads took: 0.0000370 seconds
193.515: Application time: 0.0239750 seconds
193.515: [Full GC [PSYoungGen: 138240K->32826K(161280K)] [ParOldGen: 367741K->367741K(368128K)] 505981K->400568K(529408K) [PSPermGen: 13642K->13642K(21504K)], 0.0736770 secs] [Times: user=0.51 sys=0.00, real=0.07 secs] 
193.589: Total time for which application threads were stopped: 0.0742980 seconds, Stopping threads took: 0.0000480 seconds
193.613: Application time: 0.0238480 seconds
193.613: [Full GC [PSYoungGen: 138240K->32842K(161280K)] [ParOldGen: 367741K->367741K(368128K)] 505981K->400583K(529408K) [PSPermGen: 13642K->13642K(21504K)], 0.0730330 secs] [Times: user=0.52 sys=0.00, real=0.08 secs] 
193.686: Total time for which application threads were stopped: 0.0736400 seconds, Stopping threads took: 0.0000510 seconds
193.710: Application time: 0.0236690 seconds
193.711: [Full GC [PSYoungGen: 138240K->32857K(161280K)] [ParOldGen: 367741K->367741K(368128K)] 505981K->400598K(529408K) [PSPermGen: 13642K->13642K(21504K)], 0.0728590 secs] [Times: user=0.52 sys=0.00, real=0.07 secs] 
193.784: Total time for which application threads were stopped: 0.0735370 seconds, Stopping threads took: 0.0000490 seconds
193.807: Application time: 0.0235670 seconds
193.810: [Full GC [PSYoungGen: 138240K->32872K(161280K)] [ParOldGen: 367741K->367741K(368128K)] 505981K->400614K(529408K) [PSPermGen: 13642K->13642K(21504K)], 0.0725160 secs] [Times: user=0.51 sys=0.01, real=0.07 secs] 
193.883: Total time for which application threads were stopped: 0.0755390 seconds, Stopping threads took: 0.0023900 seconds
193.906: Application time: 0.0237480 seconds
193.907: [Full GC [PSYoungGen: 138240K->32887K(161280K)] [ParOldGen: 367741K->367741K(368128K)] 505981K->400628K(529408K) [PSPermGen: 13642K->13642K(21504K)], 0.0726390 secs] [Times: user=0.52 sys=0.00, real=0.07 secs] 
193.980: Total time for which application threads were stopped: 0.0733180 seconds, Stopping threads took: 0.0000510 seconds
194.004: Application time: 0.0239020 seconds
194.004: [Full GC [PSYoungGen: 138240K->32901K(161280K)] [ParOldGen: 367741K->367741K(368128K)] 505981K->400643K(529408K) [PSPermGen: 13642K->13642K(21504K)], 0.0736390 secs] [Times: user=0.51 sys=0.00, real=0.08 secs] 
194.078: Total time for which application threads were stopped: 0.0742450 seconds, Stopping threads took: 0.0000540 seconds
194.102: Application time: 0.0238660 seconds
194.102: [Full GC [PSYoungGen: 138240K->32916K(161280K)] [ParOldGen: 367741K->367741K(368128K)] 505981K->400657K(529408K) [PSPermGen: 13642K->13642K(21504K)], 0.0733750 secs] [Times: user=0.52 sys=0.00, real=0.08 secs] 
194.176: Total time for which application threads were stopped: 0.0740600 seconds, Stopping threads took: 0.0000480 seconds
194.200: Application time: 0.0240570 seconds
194.201: [Full GC [PSYoungGen: 138240K->32931K(161280K)] [ParOldGen: 367741K->367741K(368128K)] 505981K->400673K(529408K) [PSPermGen: 13642K->13642K(21504K)], 0.0728140 secs] [Times: user=0.51 sys=0.00, real=0.07 secs] 
194.273: Total time for which application threads were stopped: 0.0735100 seconds, Stopping threads took: 0.0000570 seconds
194.297: Application time: 0.0237420 seconds
194.298: [Full GC [PSYoungGen: 138240K->32943K(161280K)] [ParOldGen: 367741K->367741K(368128K)] 505981K->400684K(529408K) [PSPermGen: 13642K->13642K(21504K)], 0.0737670 secs] [Times: user=0.52 sys=0.00, real=0.07 secs] 
194.372: Total time for which application threads were stopped: 0.0744000 seconds, Stopping threads took: 0.0000560 seconds
194.395: Application time: 0.0238280 seconds
194.396: [Full GC [PSYoungGen: 138240K->32961K(161280K)] [ParOldGen: 367741K->367741K(368128K)] 505981K->400702K(529408K) [PSPermGen: 13642K->13642K(21504K)], 0.0733800 secs] [Times: user=0.51 sys=0.00, real=0.07 secs] 
194.470: Total time for which application threads were stopped: 0.0740810 seconds, Stopping threads took: 0.0000530 seconds
194.493: Application time: 0.0238070 seconds
194.494: [Full GC [PSYoungGen: 138240K->32975K(161280K)] [ParOldGen: 367741K->367741K(368128K)] 505981K->400716K(529408K) [PSPermGen: 13642K->13642K(21504K)], 0.0735120 secs] [Times: user=0.52 sys=0.00, real=0.07 secs] 
194.567: Total time for which application threads were stopped: 0.0741380 seconds, Stopping threads took: 0.0000570 seconds
194.591: Application time: 0.0237960 seconds
194.592: [Full GC [PSYoungGen: 138240K->32989K(161280K)] [ParOldGen: 367741K->367741K(368128K)] 505981K->400730K(529408K) [PSPermGen: 13642K->13642K(21504K)], 0.0729410 secs] [Times: user=0.52 sys=0.00, real=0.07 secs] 
194.665: Total time for which application threads were stopped: 0.0736180 seconds, Stopping threads took: 0.0000410 seconds
194.688: Application time: 0.0235910 seconds
194.689: [Full GC [PSYoungGen: 138240K->33005K(161280K)] [ParOldGen: 367741K->367741K(368128K)] 505981K->400747K(529408K) [PSPermGen: 13642K->13642K(21504K)], 0.0740580 secs] [Times: user=0.51 sys=0.00, real=0.07 secs] 
194.763: Total time for which application threads were stopped: 0.0746630 seconds, Stopping threads took: 0.0000520 seconds
194.787: Application time: 0.0239690 seconds
194.788: [Full GC [PSYoungGen: 138240K->33020K(161280K)] [ParOldGen: 367741K->367741K(368128K)] 505981K->400762K(529408K) [PSPermGen: 13642K->13642K(21504K)], 0.0736170 secs] [Times: user=0.52 sys=0.00, real=0.07 secs] 
194.861: Total time for which application threads were stopped: 0.0743130 seconds, Stopping threads took: 0.0000530 seconds
194.885: Application time: 0.0238230 seconds
194.886: [Full GC [PSYoungGen: 138240K->33038K(161280K)] [ParOldGen: 367741K->367741K(368128K)] 505981K->400779K(529408K) [PSPermGen: 13642K->13642K(21504K)], 0.0736290 secs] [Times: user=0.51 sys=0.00, real=0.07 secs] 
194.959: Total time for which application threads were stopped: 0.0742460 seconds, Stopping threads took: 0.0000510 seconds
194.983: Application time: 0.0236150 seconds
194.984: [Full GC [PSYoungGen: 138240K->33055K(161280K)] [ParOldGen: 367741K->367741K(368128K)] 505981K->400796K(529408K) [PSPermGen: 13642K->13642K(21504K)], 0.0738060 secs] [Times: user=0.52 sys=0.00, real=0.08 secs] 
195.058: Total time for which application threads were stopped: 0.0745110 seconds, Stopping threads took: 0.0000500 seconds
195.081: Application time: 0.0236360 seconds
195.082: [Full GC [PSYoungGen: 138240K->33062K(161280K)] [ParOldGen: 367741K->367741K(368128K)] 505981K->400804K(529408K) [PSPermGen: 13642K->13642K(21504K)], 0.0748600 secs] [Times: user=0.50 sys=0.00, real=0.08 secs] 
195.157: Total time for which application threads were stopped: 0.0754760 seconds, Stopping threads took: 0.0000430 seconds
195.181: Application time: 0.0239030 seconds
195.181: [Full GC [PSYoungGen: 138240K->33078K(161280K)] [ParOldGen: 367741K->367741K(368128K)] 505981K->400819K(529408K) [PSPermGen: 13642K->13642K(21504K)], 0.0741890 secs] [Times: user=0.52 sys=0.00, real=0.08 secs] 
195.256: Total time for which application threads were stopped: 0.0748950 seconds, Stopping threads took: 0.0000630 seconds
195.279: Application time: 0.0238210 seconds
195.280: [Full GC [PSYoungGen: 138240K->33098K(161280K)] [ParOldGen: 367741K->367741K(368128K)] 505981K->400839K(529408K) [PSPermGen: 13642K->13642K(21504K)], 0.0735740 secs] [Times: user=0.52 sys=0.00, real=0.08 secs] 
195.354: Total time for which application threads were stopped: 0.0742520 seconds, Stopping threads took: 0.0000520 seconds
195.378: Application time: 0.0247560 seconds
195.379: [Full GC [PSYoungGen: 138240K->32925K(161280K)] [ParOldGen: 367741K->367741K(368128K)] 505981K->400666K(529408K) [PSPermGen: 13642K->13642K(21504K)], 0.0751270 secs] [Times: user=0.54 sys=0.00, real=0.08 secs] 
195.454: Total time for which application threads were stopped: 0.0757500 seconds, Stopping threads took: 0.0000510 seconds
195.478: Application time: 0.0242850 seconds
195.479: [Full GC [PSYoungGen: 138240K->32859K(161280K)] [ParOldGen: 367741K->367741K(368128K)] 505981K->400601K(529408K) [PSPermGen: 13642K->13642K(21504K)], 0.0739840 secs] [Times: user=0.52 sys=0.00, real=0.07 secs] 
195.553: Total time for which application threads were stopped: 0.0746910 seconds, Stopping threads took: 0.0000590 seconds
195.577: Application time: 0.0240820 seconds
195.578: [Full GC [PSYoungGen: 138240K->32858K(161280K)] [ParOldGen: 367741K->367741K(368128K)] 505981K->400600K(529408K) [PSPermGen: 13642K->13642K(21504K)], 0.0726420 secs] [Times: user=0.52 sys=0.00, real=0.07 secs] 
195.651: Total time for which application threads were stopped: 0.0733700 seconds, Stopping threads took: 0.0000430 seconds
195.675: Application time: 0.0241890 seconds
195.675: [Full GC [PSYoungGen: 138240K->32876K(161280K)] [ParOldGen: 367741K->367741K(368128K)] 505981K->400618K(529408K) [PSPermGen: 13642K->13642K(21504K)], 0.0729220 secs] [Times: user=0.51 sys=0.00, real=0.07 secs] 
195.748: Total time for which application threads were stopped: 0.0736100 seconds, Stopping threads took: 0.0000460 seconds
195.772: Application time: 0.0236780 seconds
195.773: [Full GC [PSYoungGen: 138240K->32891K(161280K)] [ParOldGen: 367741K->367741K(368128K)] 505981K->400632K(529408K) [PSPermGen: 13642K->13642K(21504K)], 0.0728060 secs] [Times: user=0.51 sys=0.00, real=0.08 secs] 
195.846: Total time for which application threads were stopped: 0.0735010 seconds, Stopping threads took: 0.0000500 seconds
195.870: Application time: 0.0239560 seconds
195.870: [Full GC [PSYoungGen: 138240K->32905K(161280K)] [ParOldGen: 367741K->367741K(368128K)] 505981K->400646K(529408K) [PSPermGen: 13642K->13642K(21504K)], 0.0737170 secs] [Times: user=0.51 sys=0.01, real=0.07 secs] 
195.944: Total time for which application threads were stopped: 0.0744080 seconds, Stopping threads took: 0.0000490 seconds
195.968: Application time: 0.0238530 seconds
195.968: [Full GC [PSYoungGen: 138240K->32921K(161280K)] [ParOldGen: 367741K->367741K(368128K)] 505981K->400662K(529408K) [PSPermGen: 13642K->13642K(21504K)], 0.0736060 secs] [Times: user=0.51 sys=0.00, real=0.07 secs] 
196.042: Total time for which application threads were stopped: 0.0742170 seconds, Stopping threads took: 0.0000500 seconds
196.066: Application time: 0.0238050 seconds
196.066: [Full GC [PSYoungGen: 138240K->32936K(161280K)] [ParOldGen: 367741K->367741K(368128K)] 505981K->400677K(529408K) [PSPermGen: 13642K->13642K(21504K)], 0.0741890 secs] [Times: user=0.51 sys=0.00, real=0.07 secs] 
196.141: Total time for which application threads were stopped: 0.0748220 seconds, Stopping threads took: 0.0000570 seconds
196.164: Application time: 0.0237130 seconds
196.165: [Full GC [PSYoungGen: 138240K->32950K(161280K)] [ParOldGen: 367741K->367741K(368128K)] 505981K->400691K(529408K) [PSPermGen: 13642K->13642K(21504K)], 0.0733730 secs] [Times: user=0.52 sys=0.01, real=0.08 secs] 
196.238: Total time for which application threads were stopped: 0.0740510 seconds, Stopping threads took: 0.0000410 seconds
196.263: Application time: 0.0248940 seconds
196.264: [Full GC [PSYoungGen: 138240K->32968K(161280K)] [ParOldGen: 367741K->367741K(368128K)] 505981K->400709K(529408K) [PSPermGen: 13642K->13642K(21504K)], 0.0738540 secs] [Times: user=0.51 sys=0.00, real=0.08 secs] 
196.338: Total time for which application threads were stopped: 0.0744670 seconds, Stopping threads took: 0.0000490 seconds
196.362: Application time: 0.0240860 seconds
196.362: [Full GC [PSYoungGen: 138240K->32981K(161280K)] [ParOldGen: 367741K->367741K(368128K)] 505981K->400723K(529408K) [PSPermGen: 13642K->13642K(21504K)], 0.0737260 secs] [Times: user=0.52 sys=0.01, real=0.08 secs] 
196.436: Total time for which application threads were stopped: 0.0743520 seconds, Stopping threads took: 0.0000670 seconds
196.460: Application time: 0.0242310 seconds
196.461: [Full GC [PSYoungGen: 138240K->32994K(161280K)] [ParOldGen: 367741K->367741K(368128K)] 505981K->400735K(529408K) [PSPermGen: 13642K->13642K(21504K)], 0.0729330 secs] [Times: user=0.52 sys=0.00, real=0.08 secs] 
196.534: Total time for which application threads were stopped: 0.0736320 seconds, Stopping threads took: 0.0000690 seconds
196.558: Application time: 0.0241330 seconds
196.559: [Full GC [PSYoungGen: 138240K->33012K(161280K)] [ParOldGen: 367741K->367741K(368128K)] 505981K->400753K(529408K) [PSPermGen: 13642K->13642K(21504K)], 0.0736260 secs] [Times: user=0.51 sys=0.00, real=0.07 secs] 
196.632: Total time for which application threads were stopped: 0.0742300 seconds, Stopping threads took: 0.0000510 seconds
196.657: Application time: 0.0243870 seconds
196.657: [Full GC [PSYoungGen: 138240K->33028K(161280K)] [ParOldGen: 367741K->367741K(368128K)] 505981K->400769K(529408K) [PSPermGen: 13642K->13642K(21504K)], 0.0765790 secs] [Times: user=0.54 sys=0.00, real=0.08 secs] 
196.734: Total time for which application threads were stopped: 0.0771830 seconds, Stopping threads took: 0.0000420 seconds
196.758: Application time: 0.0243490 seconds
196.759: [Full GC [PSYoungGen: 138240K->33043K(161280K)] [ParOldGen: 367741K->367741K(368128K)] 505981K->400785K(529408K) [PSPermGen: 13642K->13642K(21504K)], 0.0732270 secs] [Times: user=0.52 sys=0.00, real=0.07 secs] 
196.832: Total time for which application threads were stopped: 0.0739390 seconds, Stopping threads took: 0.0000500 seconds
196.858: Application time: 0.0253430 seconds
196.858: [Full GC [PSYoungGen: 138240K->33048K(161280K)] [ParOldGen: 367741K->367741K(368128K)] 505981K->400790K(529408K) [PSPermGen: 13642K->13642K(21504K)], 0.0734060 secs] [Times: user=0.52 sys=0.00, real=0.07 secs] 
196.932: Total time for which application threads were stopped: 0.0740750 seconds, Stopping threads took: 0.0000350 seconds
196.957: Application time: 0.0256560 seconds
196.958: [Full GC [PSYoungGen: 138240K->32940K(161280K)] [ParOldGen: 367741K->367741K(368128K)] 505981K->400681K(529408K) [PSPermGen: 13642K->13642K(21504K)], 0.0729730 secs] [Times: user=0.51 sys=0.00, real=0.07 secs] 
197.031: Total time for which application threads were stopped: 0.0736280 seconds, Stopping threads took: 0.0000580 seconds
197.055: Application time: 0.0241260 seconds
197.056: [Full GC [PSYoungGen: 138240K->32946K(161280K)] [ParOldGen: 367741K->367741K(368128K)] 505981K->400687K(529408K) [PSPermGen: 13642K->13642K(21504K)], 0.0740180 secs] [Times: user=0.52 sys=0.00, real=0.07 secs] 
197.130: Total time for which application threads were stopped: 0.0747050 seconds, Stopping threads took: 0.0000470 seconds
197.146: Application time: 0.0157810 seconds
197.146: Total time for which application threads were stopped: 0.0006270 seconds, Stopping threads took: 0.0000790 seconds
197.154: Application time: 0.0077450 seconds
197.155: [Full GC [PSYoungGen: 138240K->32853K(161280K)] [ParOldGen: 367741K->367741K(368128K)] 505981K->400594K(529408K) [PSPermGen: 13642K->13642K(21504K)], 0.0728480 secs] [Times: user=0.52 sys=0.00, real=0.07 secs] 
197.228: Total time for which application threads were stopped: 0.0735010 seconds, Stopping threads took: 0.0000280 seconds
197.251: Application time: 0.0234890 seconds
197.252: [Full GC [PSYoungGen: 138240K->32836K(161280K)] [ParOldGen: 367741K->367741K(368128K)] 505981K->400577K(529408K) [PSPermGen: 13642K->13642K(21504K)], 0.0732820 secs] [Times: user=0.52 sys=0.00, real=0.07 secs] 
197.325: Total time for which application threads were stopped: 0.0739710 seconds, Stopping threads took: 0.0000540 seconds
197.349: Application time: 0.0236450 seconds
197.349: [Full GC [PSYoungGen: 138240K->32851K(161280K)] [ParOldGen: 367741K->367741K(368128K)] 505981K->400592K(529408K) [PSPermGen: 13642K->13642K(21504K)], 0.0727400 secs] [Times: user=0.52 sys=0.00, real=0.07 secs] 
197.422: Total time for which application threads were stopped: 0.0734290 seconds, Stopping threads took: 0.0000390 seconds
197.446: Application time: 0.0238030 seconds
197.446: [Full GC [PSYoungGen: 138240K->32867K(161280K)] [ParOldGen: 367741K->367741K(368128K)] 505981K->400608K(529408K) [PSPermGen: 13642K->13642K(21504K)], 0.0744280 secs] [Times: user=0.52 sys=0.00, real=0.07 secs] 
197.521: Total time for which application threads were stopped: 0.0750490 seconds, Stopping threads took: 0.0000630 seconds
197.545: Application time: 0.0236160 seconds
197.545: [Full GC [PSYoungGen: 138240K->32881K(161280K)] [ParOldGen: 367741K->367741K(368128K)] 505981K->400622K(529408K) [PSPermGen: 13642K->13642K(21504K)], 0.0739800 secs] [Times: user=0.50 sys=0.00, real=0.08 secs] 
197.619: Total time for which application threads were stopped: 0.0745880 seconds, Stopping threads took: 0.0000520 seconds
197.643: Application time: 0.0235590 seconds
197.643: [Full GC [PSYoungGen: 138240K->32895K(161280K)] [ParOldGen: 367741K->367741K(368128K)] 505981K->400636K(529408K) [PSPermGen: 13642K->13642K(21504K)], 0.0739800 secs] [Times: user=0.52 sys=0.00, real=0.08 secs] 
197.717: Total time for which application threads were stopped: 0.0746070 seconds, Stopping threads took: 0.0000580 seconds
197.741: Application time: 0.0237190 seconds
197.742: [Full GC [PSYoungGen: 138240K->32912K(161280K)] [ParOldGen: 367741K->367741K(368128K)] 505981K->400653K(529408K) [PSPermGen: 13642K->13642K(21504K)], 0.0741670 secs] [Times: user=0.52 sys=0.00, real=0.08 secs] 
197.816: Total time for which application threads were stopped: 0.0748560 seconds, Stopping threads took: 0.0000390 seconds
197.840: Application time: 0.0242210 seconds
197.842: [Full GC [PSYoungGen: 138240K->32926K(161280K)] [ParOldGen: 367741K->367741K(368128K)] 505981K->400667K(529408K) [PSPermGen: 13642K->13642K(21504K)], 0.0734610 secs] [Times: user=0.51 sys=0.00, real=0.08 secs] 
197.916: Total time for which application threads were stopped: 0.0755090 seconds, Stopping threads took: 0.0014180 seconds
197.939: Application time: 0.0237120 seconds
197.940: [Full GC [PSYoungGen: 138240K->32939K(161280K)] [ParOldGen: 367741K->367741K(368128K)] 505981K->400680K(529408K) [PSPermGen: 13642K->13642K(21504K)], 0.0729570 secs] [Times: user=0.52 sys=0.00, real=0.07 secs] 
198.013: Total time for which application threads were stopped: 0.0736650 seconds, Stopping threads took: 0.0000530 seconds
198.037: Application time: 0.0242130 seconds
198.038: [Full GC [PSYoungGen: 138240K->32955K(161280K)] [ParOldGen: 367741K->367741K(368128K)] 505981K->400697K(529408K) [PSPermGen: 13642K->13642K(21504K)], 0.0735630 secs] [Times: user=0.52 sys=0.00, real=0.07 secs] 
198.111: Total time for which application threads were stopped: 0.0742020 seconds, Stopping threads took: 0.0000610 seconds
198.137: Application time: 0.0252090 seconds
198.137: [Full GC [PSYoungGen: 138240K->32970K(161280K)] [ParOldGen: 367741K->367741K(368128K)] 505981K->400711K(529408K) [PSPermGen: 13642K->13642K(21504K)], 0.0736640 secs] [Times: user=0.52 sys=0.00, real=0.07 secs] 
198.211: Total time for which application threads were stopped: 0.0743530 seconds, Stopping threads took: 0.0000580 seconds
198.235: Application time: 0.0241930 seconds
198.236: [Full GC [PSYoungGen: 138240K->32982K(161280K)] [ParOldGen: 367741K->367741K(368128K)] 505981K->400724K(529408K) [PSPermGen: 13642K->13642K(21504K)], 0.0736120 secs] [Times: user=0.52 sys=0.00, real=0.07 secs] 
198.310: Total time for which application threads were stopped: 0.0743310 seconds, Stopping threads took: 0.0000560 seconds
198.334: Application time: 0.0242210 seconds
198.334: [Full GC [PSYoungGen: 138240K->33001K(161280K)] [ParOldGen: 367741K->367741K(368128K)] 505981K->400742K(529408K) [PSPermGen: 13642K->13642K(21504K)], 0.0737400 secs] [Times: user=0.52 sys=0.00, real=0.07 secs] 
198.408: Total time for which application threads were stopped: 0.0744160 seconds, Stopping threads took: 0.0000400 seconds
198.432: Application time: 0.0240120 seconds
198.433: [Full GC [PSYoungGen: 138240K->33017K(161280K)] [ParOldGen: 367741K->367741K(368128K)] 505981K->400758K(529408K) [PSPermGen: 13642K->13642K(21504K)], 0.0724090 secs] [Times: user=0.51 sys=0.00, real=0.07 secs] 
198.505: Total time for which application threads were stopped: 0.0730830 seconds, Stopping threads took: 0.0000430 seconds
198.529: Application time: 0.0236720 seconds
198.530: [Full GC [PSYoungGen: 138240K->33034K(161280K)] [ParOldGen: 367741K->367741K(368128K)] 505981K->400775K(529408K) [PSPermGen: 13642K->13642K(21504K)], 0.0731990 secs] [Times: user=0.52 sys=0.00, real=0.07 secs] 
198.603: Total time for which application threads were stopped: 0.0744580 seconds, Stopping threads took: 0.0006160 seconds
198.627: Application time: 0.0235230 seconds
198.628: [Full GC [PSYoungGen: 138240K->33047K(161280K)] [ParOldGen: 367741K->367741K(368128K)] 505981K->400788K(529408K) [PSPermGen: 13642K->13642K(21504K)], 0.0735760 secs] [Times: user=0.51 sys=0.00, real=0.07 secs] 
198.701: Total time for which application threads were stopped: 0.0742460 seconds, Stopping threads took: 0.0000500 seconds
198.725: Application time: 0.0236290 seconds
198.725: [Full GC [PSYoungGen: 138240K->33060K(161280K)] [ParOldGen: 367741K->367741K(368128K)] 505981K->400801K(529408K) [PSPermGen: 13642K->13642K(21504K)], 0.0736140 secs] [Times: user=0.51 sys=0.00, real=0.08 secs] 
198.799: Total time for which application threads were stopped: 0.0743120 seconds, Stopping threads took: 0.0000500 seconds
198.823: Application time: 0.0234550 seconds
198.826: [Full GC [PSYoungGen: 138240K->33078K(161280K)] [ParOldGen: 367741K->367741K(368128K)] 505981K->400819K(529408K) [PSPermGen: 13642K->13642K(21504K)], 0.0732870 secs] [Times: user=0.52 sys=0.00, real=0.07 secs] 
198.899: Total time for which application threads were stopped: 0.0768720 seconds, Stopping threads took: 0.0029490 seconds
198.924: Application time: 0.0248510 seconds
198.925: [Full GC [PSYoungGen: 138240K->32855K(161280K)] [ParOldGen: 367741K->367741K(368128K)] 505981K->400596K(529408K) [PSPermGen: 13642K->13642K(21504K)], 0.0727840 secs] [Times: user=0.51 sys=0.00, real=0.08 secs] 
198.998: Total time for which application threads were stopped: 0.0734390 seconds, Stopping threads took: 0.0000500 seconds
199.021: Application time: 0.0236040 seconds
199.022: [Full GC [PSYoungGen: 138240K->32824K(161280K)] [ParOldGen: 367741K->367741K(368128K)] 505981K->400566K(529408K) [PSPermGen: 13642K->13642K(21504K)], 0.0721720 secs] [Times: user=0.51 sys=0.00, real=0.08 secs] 
199.094: Total time for which application threads were stopped: 0.0728630 seconds, Stopping threads took: 0.0000440 seconds
199.118: Application time: 0.0235730 seconds
199.118: [Full GC [PSYoungGen: 138240K->32841K(161280K)] [ParOldGen: 367741K->367741K(368128K)] 505981K->400583K(529408K) [PSPermGen: 13642K->13642K(21504K)], 0.0733880 secs] [Times: user=0.51 sys=0.00, real=0.07 secs] 
199.192: Total time for which application threads were stopped: 0.0740900 seconds, Stopping threads took: 0.0000440 seconds
199.216: Application time: 0.0237860 seconds
199.216: [Full GC [PSYoungGen: 138240K->32856K(161280K)] [ParOldGen: 367741K->367741K(368128K)] 505981K->400597K(529408K) [PSPermGen: 13642K->13642K(21504K)], 0.0736960 secs] [Times: user=0.50 sys=0.00, real=0.07 secs] 
199.290: Total time for which application threads were stopped: 0.0742810 seconds, Stopping threads took: 0.0000360 seconds
199.314: Application time: 0.0235350 seconds
199.314: [Full GC [PSYoungGen: 138240K->32870K(161280K)] [ParOldGen: 367741K->367741K(368128K)] 505981K->400612K(529408K) [PSPermGen: 13642K->13642K(21504K)], 0.0731730 secs] [Times: user=0.51 sys=0.00, real=0.07 secs] 
199.387: Total time for which application threads were stopped: 0.0738500 seconds, Stopping threads took: 0.0000400 seconds
199.411: Application time: 0.0236160 seconds
199.412: [Full GC [PSYoungGen: 138240K->32886K(161280K)] [ParOldGen: 367741K->367741K(368128K)] 505981K->400627K(529408K) [PSPermGen: 13642K->13642K(21504K)], 0.0738190 secs] [Times: user=0.51 sys=0.00, real=0.07 secs] 
199.485: Total time for which application threads were stopped: 0.0744260 seconds, Stopping threads took: 0.0000450 seconds
199.509: Application time: 0.0235360 seconds
199.510: [Full GC [PSYoungGen: 138240K->32902K(161280K)] [ParOldGen: 367741K->367741K(368128K)] 505981K->400643K(529408K) [PSPermGen: 13642K->13642K(21504K)], 0.0735980 secs] [Times: user=0.52 sys=0.00, real=0.07 secs] 
199.583: Total time for which application threads were stopped: 0.0742150 seconds, Stopping threads took: 0.0000440 seconds
199.607: Application time: 0.0238410 seconds
199.610: [Full GC [PSYoungGen: 138240K->32915K(161280K)] [ParOldGen: 367741K->367741K(368128K)] 505981K->400656K(529408K) [PSPermGen: 13642K->13642K(21504K)], 0.0729060 secs] [Times: user=0.51 sys=0.00, real=0.07 secs] 
199.683: Total time for which application threads were stopped: 0.0760080 seconds, Stopping threads took: 0.0025310 seconds
199.707: Application time: 0.0241540 seconds
199.708: [Full GC [PSYoungGen: 138240K->32930K(161280K)] [ParOldGen: 367741K->367741K(368128K)] 505981K->400671K(529408K) [PSPermGen: 13642K->13642K(21504K)], 0.0733510 secs] [Times: user=0.52 sys=0.00, real=0.07 secs] 
199.781: Total time for which application threads were stopped: 0.0740710 seconds, Stopping threads took: 0.0000580 seconds
199.805: Application time: 0.0235330 seconds
199.806: [Full GC [PSYoungGen: 138240K->32947K(161280K)] [ParOldGen: 367741K->367741K(368128K)] 505981K->400688K(529408K) [PSPermGen: 13642K->13642K(21504K)], 0.0738190 secs] [Times: user=0.51 sys=0.00, real=0.07 secs] 
199.880: Total time for which application threads were stopped: 0.0751960 seconds, Stopping threads took: 0.0007570 seconds
199.904: Application time: 0.0240290 seconds
199.905: [Full GC [PSYoungGen: 138240K->32960K(161280K)] [ParOldGen: 367741K->367741K(368128K)] 505981K->400701K(529408K) [PSPermGen: 13642K->13642K(21504K)], 0.0728250 secs] [Times: user=0.50 sys=0.01, real=0.08 secs] 
199.978: Total time for which application threads were stopped: 0.0735450 seconds, Stopping threads took: 0.0000660 seconds
200.002: Application time: 0.0240430 seconds
200.002: [Full GC [PSYoungGen: 138240K->32974K(161280K)] [ParOldGen: 367741K->367741K(368128K)] 505981K->400716K(529408K) [PSPermGen: 13642K->13642K(21504K)], 0.0733370 secs] [Times: user=0.51 sys=0.00, real=0.08 secs] 
200.076: Total time for which application threads were stopped: 0.0740140 seconds, Stopping threads took: 0.0000440 seconds
200.100: Application time: 0.0241990 seconds
200.100: [Full GC [PSYoungGen: 138240K->32989K(161280K)] [ParOldGen: 367741K->367741K(368128K)] 505981K->400730K(529408K) [PSPermGen: 13642K->13642K(21504K)], 0.0738640 secs] [Times: user=0.52 sys=0.00, real=0.08 secs] 
200.174: Total time for which application threads were stopped: 0.0744600 seconds, Stopping threads took: 0.0000390 seconds
200.198: Application time: 0.0241140 seconds
200.199: [Full GC [PSYoungGen: 138240K->33008K(161280K)] [ParOldGen: 367741K->367741K(368128K)] 505981K->400750K(529408K) [PSPermGen: 13642K->13642K(21504K)], 0.0733360 secs] [Times: user=0.51 sys=0.01, real=0.07 secs] 
200.272: Total time for which application threads were stopped: 0.0739540 seconds, Stopping threads took: 0.0000560 seconds
200.297: Application time: 0.0242950 seconds
200.297: [Full GC [PSYoungGen: 138240K->33023K(161280K)] [ParOldGen: 367741K->367741K(368128K)] 505981K->400765K(529408K) [PSPermGen: 13642K->13642K(21504K)], 0.0750070 secs] [Times: user=0.52 sys=0.00, real=0.07 secs] 
200.372: Total time for which application threads were stopped: 0.0756500 seconds, Stopping threads took: 0.0000680 seconds
200.396: Application time: 0.0239360 seconds
200.397: [Full GC [PSYoungGen: 138240K->33036K(161280K)] [ParOldGen: 367741K->367741K(368128K)] 505981K->400778K(529408K) [PSPermGen: 13642K->13642K(21504K)], 0.0737500 secs] [Times: user=0.52 sys=0.00, real=0.07 secs] 
200.471: Total time for which application threads were stopped: 0.0743540 seconds, Stopping threads took: 0.0000530 seconds
200.495: Application time: 0.0240620 seconds
200.495: [Full GC [PSYoungGen: 138240K->33054K(161280K)] [ParOldGen: 367741K->367741K(368128K)] 505981K->400795K(529408K) [PSPermGen: 13642K->13642K(21504K)], 0.0732570 secs] [Times: user=0.51 sys=0.00, real=0.07 secs] 
200.569: Total time for which application threads were stopped: 0.0738560 seconds, Stopping threads took: 0.0000430 seconds
200.593: Application time: 0.0239890 seconds
200.593: [Full GC [PSYoungGen: 138240K->33068K(161280K)] [ParOldGen: 367741K->367741K(368128K)] 505981K->400809K(529408K) [PSPermGen: 13642K->13642K(21504K)], 0.0733130 secs] [Times: user=0.52 sys=0.00, real=0.08 secs] 
200.667: Total time for which application threads were stopped: 0.0739960 seconds, Stopping threads took: 0.0000430 seconds
200.690: Application time: 0.0238230 seconds
200.691: [Full GC [PSYoungGen: 138240K->33080K(161280K)] [ParOldGen: 367741K->367741K(368128K)] 505981K->400821K(529408K) [PSPermGen: 13642K->13642K(21504K)], 0.0731740 secs] [Times: user=0.52 sys=0.00, real=0.07 secs] 
200.764: Total time for which application threads were stopped: 0.0738800 seconds, Stopping threads took: 0.0000630 seconds
200.789: Application time: 0.0247900 seconds
200.790: [Full GC [PSYoungGen: 138240K->32934K(161280K)] [ParOldGen: 367741K->367741K(368128K)] 505981K->400676K(529408K) [PSPermGen: 13642K->13642K(21504K)], 0.0750240 secs] [Times: user=0.51 sys=0.00, real=0.07 secs] 
200.865: Total time for which application threads were stopped: 0.0762150 seconds, Stopping threads took: 0.0005110 seconds
200.889: Application time: 0.0234200 seconds
200.890: [Full GC [PSYoungGen: 138240K->32840K(161280K)] [ParOldGen: 367741K->367741K(368128K)] 505981K->400582K(529408K) [PSPermGen: 13642K->13642K(21504K)], 0.0722980 secs] [Times: user=0.52 sys=0.00, real=0.07 secs] 
200.963: Total time for which application threads were stopped: 0.0738350 seconds, Stopping threads took: 0.0008900 seconds
200.986: Application time: 0.0237250 seconds
200.987: [Full GC [PSYoungGen: 138240K->32845K(161280K)] [ParOldGen: 367741K->367741K(368128K)] 505981K->400586K(529408K) [PSPermGen: 13642K->13642K(21504K)], 0.0732440 secs] [Times: user=0.52 sys=0.00, real=0.07 secs] 
201.060: Total time for which application threads were stopped: 0.0738570 seconds, Stopping threads took: 0.0000460 seconds
201.084: Application time: 0.0239660 seconds
201.085: [Full GC [PSYoungGen: 138240K->32861K(161280K)] [ParOldGen: 367741K->367741K(368128K)] 505981K->400603K(529408K) [PSPermGen: 13642K->13642K(21504K)], 0.0737410 secs] [Times: user=0.51 sys=0.00, real=0.08 secs] 
201.158: Total time for which application threads were stopped: 0.0743420 seconds, Stopping threads took: 0.0000430 seconds
201.182: Application time: 0.0237260 seconds
201.183: [Full GC [PSYoungGen: 138240K->32877K(161280K)] [ParOldGen: 367741K->367741K(368128K)] 505981K->400618K(529408K) [PSPermGen: 13642K->13642K(21504K)], 0.0730840 secs] [Times: user=0.51 sys=0.00, real=0.08 secs] 
201.256: Total time for which application threads were stopped: 0.0737630 seconds, Stopping threads took: 0.0000480 seconds
201.280: Application time: 0.0238330 seconds
201.280: [Full GC [PSYoungGen: 138240K->32891K(161280K)] [ParOldGen: 367741K->367741K(368128K)] 505981K->400632K(529408K) [PSPermGen: 13642K->13642K(21504K)], 0.0733400 secs] [Times: user=0.52 sys=0.00, real=0.08 secs] 
201.354: Total time for which application threads were stopped: 0.0739330 seconds, Stopping threads took: 0.0000340 seconds
201.377: Application time: 0.0235650 seconds
201.378: [Full GC [PSYoungGen: 138240K->32904K(161280K)] [ParOldGen: 367741K->367741K(368128K)] 505981K->400645K(529408K) [PSPermGen: 13642K->13642K(21504K)], 0.0729910 secs] [Times: user=0.51 sys=0.00, real=0.07 secs] 
201.451: Total time for which application threads were stopped: 0.0736920 seconds, Stopping threads took: 0.0000430 seconds
201.474: Application time: 0.0234370 seconds
201.475: [Full GC [PSYoungGen: 138240K->32920K(161280K)] [ParOldGen: 367741K->367741K(368128K)] 505981K->400661K(529408K) [PSPermGen: 13642K->13642K(21504K)], 0.0748130 secs] [Times: user=0.51 sys=0.00, real=0.07 secs] 
201.550: Total time for which application threads were stopped: 0.0754400 seconds, Stopping threads took: 0.0000460 seconds
201.574: Application time: 0.0239840 seconds
201.574: [Full GC [PSYoungGen: 138240K->32937K(161280K)] [ParOldGen: 367741K->367741K(368128K)] 505981K->400679K(529408K) [PSPermGen: 13642K->13642K(21504K)], 0.0731400 secs] [Times: user=0.52 sys=0.00, real=0.07 secs] 
201.648: Total time for which application threads were stopped: 0.0738330 seconds, Stopping threads took: 0.0000430 seconds
201.671: Application time: 0.0235960 seconds
201.672: [Full GC [PSYoungGen: 138240K->32952K(161280K)] [ParOldGen: 367741K->367741K(368128K)] 505981K->400693K(529408K) [PSPermGen: 13642K->13642K(21504K)], 0.0734430 secs] [Times: user=0.52 sys=0.01, real=0.07 secs] 
201.745: Total time for which application threads were stopped: 0.0741450 seconds, Stopping threads took: 0.0000520 seconds
201.769: Application time: 0.0234930 seconds
201.769: [Full GC [PSYoungGen: 138240K->32965K(161280K)] [ParOldGen: 367741K->367741K(368128K)] 505981K->400707K(529408K) [PSPermGen: 13642K->13642K(21504K)], 0.0746870 secs] [Times: user=0.50 sys=0.00, real=0.07 secs] 
201.844: Total time for which application threads were stopped: 0.0753170 seconds, Stopping threads took: 0.0000550 seconds
201.868: Application time: 0.0236680 seconds
201.868: [Full GC [PSYoungGen: 138240K->32981K(161280K)] [ParOldGen: 367741K->367741K(368128K)] 505981K->400722K(529408K) [PSPermGen: 13642K->13642K(21504K)], 0.0743800 secs] [Times: user=0.51 sys=0.01, real=0.07 secs] 
201.943: Total time for which application threads were stopped: 0.0749660 seconds, Stopping threads took: 0.0000490 seconds
201.967: Application time: 0.0239640 seconds
201.967: [Full GC [PSYoungGen: 138240K->32998K(161280K)] [ParOldGen: 367741K->367741K(368128K)] 505981K->400740K(529408K) [PSPermGen: 13642K->13642K(21504K)], 0.0742400 secs] [Times: user=0.51 sys=0.00, real=0.07 secs] 
202.042: Total time for which application threads were stopped: 0.0748500 seconds, Stopping threads took: 0.0000500 seconds
202.065: Application time: 0.0236150 seconds
202.066: [Full GC [PSYoungGen: 138240K->33013K(161280K)] [ParOldGen: 367741K->367741K(368128K)] 505981K->400754K(529408K) [PSPermGen: 13642K->13642K(21504K)], 0.0736920 secs] [Times: user=0.52 sys=0.00, real=0.07 secs] 
202.140: Total time for which application threads were stopped: 0.0743420 seconds, Stopping threads took: 0.0000570 seconds
202.163: Application time: 0.0237400 seconds
202.164: [Full GC [PSYoungGen: 138240K->33028K(161280K)] [ParOldGen: 367741K->367741K(368128K)] 505981K->400769K(529408K) [PSPermGen: 13642K->13642K(21504K)], 0.0738990 secs] [Times: user=0.52 sys=0.00, real=0.08 secs] 
202.238: Total time for which application threads were stopped: 0.0744990 seconds, Stopping threads took: 0.0000410 seconds
202.262: Application time: 0.0240280 seconds
202.262: [Full GC [PSYoungGen: 138240K->33042K(161280K)] [ParOldGen: 367741K->367741K(368128K)] 505981K->400784K(529408K) [PSPermGen: 13642K->13642K(21504K)], 0.0723290 secs] [Times: user=0.49 sys=0.00, real=0.08 secs] 
202.335: Total time for which application threads were stopped: 0.0729620 seconds, Stopping threads took: 0.0000430 seconds
202.359: Application time: 0.0237350 seconds
202.359: [Full GC [PSYoungGen: 138240K->33057K(161280K)] [ParOldGen: 367741K->367741K(368128K)] 505981K->400799K(529408K) [PSPermGen: 13642K->13642K(21504K)], 0.0728810 secs] [Times: user=0.51 sys=0.00, real=0.07 secs] 
202.432: Total time for which application threads were stopped: 0.0735570 seconds, Stopping threads took: 0.0000470 seconds
202.456: Application time: 0.0242880 seconds
202.457: [Full GC [PSYoungGen: 138240K->33065K(161280K)] [ParOldGen: 367741K->367741K(368128K)] 505981K->400806K(529408K) [PSPermGen: 13642K->13642K(21504K)], 0.0735330 secs] [Times: user=0.51 sys=0.00, real=0.07 secs] 
202.531: Total time for which application threads were stopped: 0.0742100 seconds, Stopping threads took: 0.0000380 seconds
202.538: Application time: 0.0069850 seconds
202.538: Total time for which application threads were stopped: 0.0006700 seconds, Stopping threads took: 0.0001230 seconds
202.557: Application time: 0.0186440 seconds
202.558: [Full GC [PSYoungGen: 138240K->32909K(161280K)] [ParOldGen: 367741K->367741K(368128K)] 505981K->400650K(529408K) [PSPermGen: 13647K->13647K(21504K)], 0.0733120 secs] [Times: user=0.52 sys=0.00, real=0.07 secs] 
202.631: Total time for which application threads were stopped: 0.0740150 seconds, Stopping threads took: 0.0000500 seconds
202.655: Application time: 0.0240230 seconds
202.656: [Full GC [PSYoungGen: 138240K->32838K(161280K)] [ParOldGen: 367741K->367741K(368128K)] 505981K->400579K(529408K) [PSPermGen: 13647K->13647K(21504K)], 0.0743650 secs] [Times: user=0.53 sys=0.00, real=0.07 secs] 
202.730: Total time for which application threads were stopped: 0.0750610 seconds, Stopping threads took: 0.0000490 seconds
202.754: Application time: 0.0239420 seconds
202.755: [Full GC [PSYoungGen: 138240K->32836K(161280K)] [ParOldGen: 367741K->367741K(368128K)] 505981K->400577K(529408K) [PSPermGen: 13647K->13647K(21504K)], 0.0769050 secs] [Times: user=0.54 sys=0.00, real=0.07 secs] 
202.832: Total time for which application threads were stopped: 0.0775250 seconds, Stopping threads took: 0.0000480 seconds
202.856: Application time: 0.0241530 seconds
202.856: [Full GC [PSYoungGen: 138240K->32849K(161280K)] [ParOldGen: 367741K->367741K(368128K)] 505981K->400590K(529408K) [PSPermGen: 13647K->13647K(21504K)], 0.0738950 secs] [Times: user=0.51 sys=0.00, real=0.07 secs] 
202.930: Total time for which application threads were stopped: 0.0745000 seconds, Stopping threads took: 0.0000520 seconds
202.954: Application time: 0.0238550 seconds
202.958: [Full GC [PSYoungGen: 138240K->32866K(161280K)] [ParOldGen: 367741K->367741K(368128K)] 505981K->400607K(529408K) [PSPermGen: 13647K->13647K(21504K)], 0.0730240 secs] [Times: user=0.52 sys=0.00, real=0.07 secs] 
203.031: Total time for which application threads were stopped: 0.0771290 seconds, Stopping threads took: 0.0034800 seconds
203.055: Application time: 0.0239370 seconds
203.058: [Full GC [PSYoungGen: 138240K->32882K(161280K)] [ParOldGen: 367741K->367741K(368128K)] 505981K->400623K(529408K) [PSPermGen: 13647K->13647K(21504K)], 0.0750040 secs] [Times: user=0.52 sys=0.00, real=0.07 secs] 
203.133: Total time for which application threads were stopped: 0.0779710 seconds, Stopping threads took: 0.0024020 seconds
203.157: Application time: 0.0237170 seconds
203.157: [Full GC [PSYoungGen: 138240K->32895K(161280K)] [ParOldGen: 367741K->367741K(368128K)] 505981K->400637K(529408K) [PSPermGen: 13647K->13647K(21504K)], 0.0740330 secs] [Times: user=0.51 sys=0.01, real=0.07 secs] 
203.232: Total time for which application threads were stopped: 0.0747240 seconds, Stopping threads took: 0.0000460 seconds
203.256: Application time: 0.0242200 seconds
203.256: [Full GC [PSYoungGen: 138240K->32910K(161280K)] [ParOldGen: 367741K->367741K(368128K)] 505981K->400652K(529408K) [PSPermGen: 13647K->13647K(21504K)], 0.0736620 secs] [Times: user=0.52 sys=0.00, real=0.07 secs] 
203.330: Total time for which application threads were stopped: 0.0742690 seconds, Stopping threads took: 0.0000420 seconds
203.354: Application time: 0.0239310 seconds
203.355: [Full GC [PSYoungGen: 138240K->32927K(161280K)] [ParOldGen: 367741K->367741K(368128K)] 505981K->400668K(529408K) [PSPermGen: 13647K->13647K(21504K)], 0.0725730 secs] [Times: user=0.51 sys=0.00, real=0.07 secs] 
203.427: Total time for which application threads were stopped: 0.0732570 seconds, Stopping threads took: 0.0000440 seconds
203.452: Application time: 0.0242940 seconds
203.452: [Full GC [PSYoungGen: 138240K->32941K(161280K)] [ParOldGen: 367741K->367741K(368128K)] 505981K->400682K(529408K) [PSPermGen: 13647K->13647K(21504K)], 0.0724900 secs] [Times: user=0.51 sys=0.00, real=0.07 secs] 
203.525: Total time for which application threads were stopped: 0.0731790 seconds, Stopping threads took: 0.0000480 seconds
203.549: Application time: 0.0243390 seconds
203.550: [Full GC [PSYoungGen: 138240K->32955K(161280K)] [ParOldGen: 367741K->367741K(368128K)] 505981K->400696K(529408K) [PSPermGen: 13647K->13647K(21504K)], 0.0735330 secs] [Times: user=0.51 sys=0.00, real=0.07 secs] 
203.623: Total time for which application threads were stopped: 0.0741600 seconds, Stopping threads took: 0.0000480 seconds
203.647: Application time: 0.0241570 seconds
203.648: [Full GC [PSYoungGen: 138240K->32970K(161280K)] [ParOldGen: 367741K->367741K(368128K)] 505981K->400712K(529408K) [PSPermGen: 13647K->13647K(21504K)], 0.0734970 secs] [Times: user=0.51 sys=0.01, real=0.07 secs] 
203.722: Total time for which application threads were stopped: 0.0741740 seconds, Stopping threads took: 0.0000350 seconds
203.745: Application time: 0.0238790 seconds
203.746: [Full GC [PSYoungGen: 138240K->32983K(161280K)] [ParOldGen: 367741K->367741K(368128K)] 505981K->400724K(529408K) [PSPermGen: 13647K->13647K(21504K)], 0.0739950 secs] [Times: user=0.52 sys=0.00, real=0.07 secs] 
203.820: Total time for which application threads were stopped: 0.0747330 seconds, Stopping threads took: 0.0000530 seconds
203.844: Application time: 0.0242880 seconds
203.845: [Full GC [PSYoungGen: 138240K->33001K(161280K)] [ParOldGen: 367741K->367741K(368128K)] 505981K->400743K(529408K) [PSPermGen: 13647K->13647K(21504K)], 0.0741670 secs] [Times: user=0.51 sys=0.00, real=0.08 secs] 
203.919: Total time for which application threads were stopped: 0.0748350 seconds, Stopping threads took: 0.0000470 seconds
203.943: Application time: 0.0240790 seconds
203.946: [Full GC [PSYoungGen: 138240K->33018K(161280K)] [ParOldGen: 367741K->367741K(368128K)] 505981K->400759K(529408K) [PSPermGen: 13647K->13647K(21504K)], 0.0743960 secs] [Times: user=0.52 sys=0.00, real=0.07 secs] 
204.021: Total time for which application threads were stopped: 0.0771130 seconds, Stopping threads took: 0.0021480 seconds
204.044: Application time: 0.0238080 seconds
204.045: [Full GC [PSYoungGen: 138240K->33031K(161280K)] [ParOldGen: 367741K->367741K(368128K)] 505981K->400772K(529408K) [PSPermGen: 13647K->13647K(21504K)], 0.0729700 secs] [Times: user=0.52 sys=0.00, real=0.08 secs] 
204.118: Total time for which application threads were stopped: 0.0736800 seconds, Stopping threads took: 0.0000570 seconds
204.143: Application time: 0.0246400 seconds
204.143: [Full GC [PSYoungGen: 138240K->33046K(161280K)] [ParOldGen: 367741K->367741K(368128K)] 505981K->400788K(529408K) [PSPermGen: 13647K->13647K(21504K)], 0.0738570 secs] [Times: user=0.51 sys=0.00, real=0.08 secs] 
204.217: Total time for which application threads were stopped: 0.0745460 seconds, Stopping threads took: 0.0000510 seconds
204.241: Application time: 0.0239640 seconds
204.242: [Full GC [PSYoungGen: 138240K->33060K(161280K)] [ParOldGen: 367741K->367741K(368128K)] 505981K->400802K(529408K) [PSPermGen: 13647K->13647K(21504K)], 0.0737210 secs] [Times: user=0.52 sys=0.00, real=0.08 secs] 
204.316: Total time for which application threads were stopped: 0.0743290 seconds, Stopping threads took: 0.0000460 seconds
204.340: Application time: 0.0242670 seconds
204.340: [Full GC [PSYoungGen: 138240K->33080K(161280K)] [ParOldGen: 367741K->367741K(368128K)] 505981K->400821K(529408K) [PSPermGen: 13647K->13647K(21504K)], 0.0737510 secs] [Times: user=0.52 sys=0.00, real=0.08 secs] 
204.414: Total time for which application threads were stopped: 0.0743810 seconds, Stopping threads took: 0.0000470 seconds
204.438: Application time: 0.0242160 seconds
204.439: [Full GC [PSYoungGen: 138240K->33091K(161280K)] [ParOldGen: 367741K->367741K(368128K)] 505981K->400833K(529408K) [PSPermGen: 13647K->13647K(21504K)], 0.0741090 secs] [Times: user=0.52 sys=0.00, real=0.07 secs] 
204.513: Total time for which application threads were stopped: 0.0747440 seconds, Stopping threads took: 0.0000580 seconds
204.538: Application time: 0.0248180 seconds
204.539: [Full GC [PSYoungGen: 138240K->32929K(161280K)] [ParOldGen: 367741K->367741K(368128K)] 505981K->400670K(529408K) [PSPermGen: 13647K->13647K(21504K)], 0.0729010 secs] [Times: user=0.51 sys=0.00, real=0.07 secs] 
204.612: Total time for which application threads were stopped: 0.0735930 seconds, Stopping threads took: 0.0000430 seconds
204.635: Application time: 0.0238660 seconds
204.636: [Full GC [PSYoungGen: 138240K->32913K(161280K)] [ParOldGen: 367741K->367741K(368128K)] 505981K->400654K(529408K) [PSPermGen: 13647K->13647K(21504K)], 0.0723000 secs] [Times: user=0.51 sys=0.01, real=0.07 secs] 
204.708: Total time for which application threads were stopped: 0.0729660 seconds, Stopping threads took: 0.0000430 seconds
204.732: Application time: 0.0239160 seconds
204.733: [Full GC [PSYoungGen: 138240K->32925K(161280K)] [ParOldGen: 367741K->367741K(368128K)] 505981K->400667K(529408K) [PSPermGen: 13647K->13647K(21504K)], 0.0728120 secs] [Times: user=0.52 sys=0.00, real=0.08 secs] 
204.806: Total time for which application threads were stopped: 0.0734920 seconds, Stopping threads took: 0.0000490 seconds
204.830: Application time: 0.0240570 seconds
204.830: [Full GC [PSYoungGen: 138240K->32941K(161280K)] [ParOldGen: 367741K->367741K(368128K)] 505981K->400683K(529408K) [PSPermGen: 13647K->13647K(21504K)], 0.0736550 secs] [Times: user=0.52 sys=0.00, real=0.07 secs] 
204.904: Total time for which application threads were stopped: 0.0742680 seconds, Stopping threads took: 0.0000360 seconds
204.928: Application time: 0.0242710 seconds
204.929: [Full GC [PSYoungGen: 138240K->32900K(161280K)] [ParOldGen: 367741K->367741K(368128K)] 505981K->400642K(529408K) [PSPermGen: 13647K->13647K(21504K)], 0.0735540 secs] [Times: user=0.52 sys=0.00, real=0.07 secs] 
205.003: Total time for which application threads were stopped: 0.0741710 seconds, Stopping threads took: 0.0000380 seconds
205.027: Application time: 0.0240350 seconds
205.027: [Full GC [PSYoungGen: 138240K->32899K(161280K)] [ParOldGen: 367741K->367741K(368128K)] 505981K->400641K(529408K) [PSPermGen: 13647K->13647K(21504K)], 0.0731790 secs] [Times: user=0.52 sys=0.00, real=0.07 secs] 
205.100: Total time for which application threads were stopped: 0.0738560 seconds, Stopping threads took: 0.0000490 seconds
205.125: Application time: 0.0246050 seconds
205.126: [Full GC [PSYoungGen: 138240K->32916K(161280K)] [ParOldGen: 367741K->367741K(368128K)] 505981K->400657K(529408K) [PSPermGen: 13647K->13647K(21504K)], 0.0736570 secs] [Times: user=0.51 sys=0.00, real=0.07 secs] 
205.200: Total time for which application threads were stopped: 0.0744400 seconds, Stopping threads took: 0.0000790 seconds
205.224: Application time: 0.0241040 seconds
205.224: [Full GC [PSYoungGen: 138240K->32931K(161280K)] [ParOldGen: 367741K->367741K(368128K)] 505981K->400672K(529408K) [PSPermGen: 13647K->13647K(21504K)], 0.0728570 secs] [Times: user=0.52 sys=0.00, real=0.08 secs] 
205.297: Total time for which application threads were stopped: 0.0735650 seconds, Stopping threads took: 0.0000730 seconds
205.321: Application time: 0.0241680 seconds
205.322: [Full GC [PSYoungGen: 138240K->32946K(161280K)] [ParOldGen: 367741K->367741K(368128K)] 505981K->400688K(529408K) [PSPermGen: 13647K->13647K(21504K)], 0.0741100 secs] [Times: user=0.51 sys=0.00, real=0.08 secs] 
205.396: Total time for which application threads were stopped: 0.0748150 seconds, Stopping threads took: 0.0000560 seconds
205.420: Application time: 0.0238190 seconds
205.421: [Full GC [PSYoungGen: 138240K->32962K(161280K)] [ParOldGen: 367741K->367741K(368128K)] 505981K->400703K(529408K) [PSPermGen: 13647K->13647K(21504K)], 0.0741370 secs] [Times: user=0.52 sys=0.01, real=0.08 secs] 
205.495: Total time for which application threads were stopped: 0.0747690 seconds, Stopping threads took: 0.0000730 seconds
205.519: Application time: 0.0239130 seconds
205.519: [Full GC [PSYoungGen: 138240K->32975K(161280K)] [ParOldGen: 367741K->367741K(368128K)] 505981K->400716K(529408K) [PSPermGen: 13647K->13647K(21504K)], 0.0738930 secs] [Times: user=0.52 sys=0.00, real=0.07 secs] 
205.593: Total time for which application threads were stopped: 0.0745440 seconds, Stopping threads took: 0.0000480 seconds
205.617: Application time: 0.0240170 seconds
205.618: [Full GC [PSYoungGen: 138240K->32993K(161280K)] [ParOldGen: 367741K->367741K(368128K)] 505981K->400735K(529408K) [PSPermGen: 13647K->13647K(21504K)], 0.0731920 secs] [Times: user=0.51 sys=0.00, real=0.07 secs] 
205.691: Total time for which application threads were stopped: 0.0738380 seconds, Stopping threads took: 0.0000610 seconds
205.715: Application time: 0.0241250 seconds
205.716: [Full GC [PSYoungGen: 138240K->33008K(161280K)] [ParOldGen: 367741K->367741K(368128K)] 505981K->400749K(529408K) [PSPermGen: 13647K->13647K(21504K)], 0.0738850 secs] [Times: user=0.51 sys=0.00, real=0.07 secs] 
205.790: Total time for which application threads were stopped: 0.0744920 seconds, Stopping threads took: 0.0000430 seconds
205.814: Application time: 0.0243030 seconds
205.815: [Full GC [PSYoungGen: 138240K->33022K(161280K)] [ParOldGen: 367741K->367741K(368128K)] 505981K->400763K(529408K) [PSPermGen: 13647K->13647K(21504K)], 0.0740480 secs] [Times: user=0.53 sys=0.00, real=0.07 secs] 
205.889: Total time for which application threads were stopped: 0.0746690 seconds, Stopping threads took: 0.0000570 seconds
205.913: Application time: 0.0244230 seconds
205.914: [Full GC [PSYoungGen: 138240K->33040K(161280K)] [ParOldGen: 367741K->367741K(368128K)] 505981K->400781K(529408K) [PSPermGen: 13647K->13647K(21504K)], 0.0740730 secs] [Times: user=0.52 sys=0.00, real=0.07 secs] 
205.988: Total time for which application threads were stopped: 0.0746960 seconds, Stopping threads took: 0.0000560 seconds
206.012: Application time: 0.0243800 seconds
206.013: [Full GC [PSYoungGen: 138240K->33046K(161280K)] [ParOldGen: 367741K->367741K(368128K)] 505981K->400787K(529408K) [PSPermGen: 13647K->13647K(21504K)], 0.0728070 secs] [Times: user=0.51 sys=0.00, real=0.08 secs] 
206.086: Total time for which application threads were stopped: 0.0734620 seconds, Stopping threads took: 0.0000340 seconds
206.111: Application time: 0.0256120 seconds
206.114: [Full GC [PSYoungGen: 138240K->32903K(161280K)] [ParOldGen: 367741K->367741K(368128K)] 505981K->400644K(529408K) [PSPermGen: 13647K->13647K(21504K)], 0.0744190 secs] [Times: user=0.52 sys=0.00, real=0.07 secs] 
206.189: Total time for which application threads were stopped: 0.0772770 seconds, Stopping threads took: 0.0022710 seconds
206.213: Application time: 0.0241930 seconds
206.213: [Full GC [PSYoungGen: 138240K->32869K(161280K)] [ParOldGen: 367741K->367741K(368128K)] 505981K->400610K(529408K) [PSPermGen: 13647K->13647K(21504K)], 0.0734720 secs] [Times: user=0.51 sys=0.00, real=0.08 secs] 
206.287: Total time for which application threads were stopped: 0.0741680 seconds, Stopping threads took: 0.0000630 seconds
206.311: Application time: 0.0241400 seconds
206.312: [Full GC [PSYoungGen: 138240K->32885K(161280K)] [ParOldGen: 367741K->367741K(368128K)] 505981K->400627K(529408K) [PSPermGen: 13647K->13647K(21504K)], 0.0737550 secs] [Times: user=0.50 sys=0.00, real=0.07 secs] 
206.386: Total time for which application threads were stopped: 0.0744470 seconds, Stopping threads took: 0.0000510 seconds
206.410: Application time: 0.0241350 seconds
206.410: [Full GC [PSYoungGen: 138240K->32846K(161280K)] [ParOldGen: 367741K->367741K(368128K)] 505981K->400587K(529408K) [PSPermGen: 13647K->13647K(21504K)], 0.0723490 secs] [Times: user=0.51 sys=0.00, real=0.07 secs] 
206.483: Total time for which application threads were stopped: 0.0730210 seconds, Stopping threads took: 0.0000470 seconds
206.507: Application time: 0.0240340 seconds
206.507: [Full GC [PSYoungGen: 138240K->32847K(161280K)] [ParOldGen: 367741K->367741K(368128K)] 505981K->400588K(529408K) [PSPermGen: 13647K->13647K(21504K)], 0.0731940 secs] [Times: user=0.51 sys=0.00, real=0.07 secs] 
206.581: Total time for which application threads were stopped: 0.0738590 seconds, Stopping threads took: 0.0000500 seconds
206.605: Application time: 0.0242110 seconds
206.605: [Full GC [PSYoungGen: 138240K->32862K(161280K)] [ParOldGen: 367741K->367741K(368128K)] 505981K->400603K(529408K) [PSPermGen: 13647K->13647K(21504K)], 0.0736980 secs] [Times: user=0.52 sys=0.00, real=0.08 secs] 
206.679: Total time for which application threads were stopped: 0.0743340 seconds, Stopping threads took: 0.0000760 seconds
206.703: Application time: 0.0241990 seconds
206.704: [Full GC [PSYoungGen: 138240K->32875K(161280K)] [ParOldGen: 367741K->367741K(368128K)] 505981K->400616K(529408K) [PSPermGen: 13647K->13647K(21504K)], 0.0735910 secs] [Times: user=0.51 sys=0.00, real=0.08 secs] 
206.778: Total time for which application threads were stopped: 0.0742880 seconds, Stopping threads took: 0.0000560 seconds
206.802: Application time: 0.0244180 seconds
206.803: [Full GC [PSYoungGen: 138240K->32893K(161280K)] [ParOldGen: 367741K->367741K(368128K)] 505981K->400634K(529408K) [PSPermGen: 13647K->13647K(21504K)], 0.0733290 secs] [Times: user=0.50 sys=0.00, real=0.08 secs] 
206.876: Total time for which application threads were stopped: 0.0740100 seconds, Stopping threads took: 0.0000490 seconds
206.900: Application time: 0.0242350 seconds
206.901: [Full GC [PSYoungGen: 138240K->32904K(161280K)] [ParOldGen: 367741K->367741K(368128K)] 505981K->400645K(529408K) [PSPermGen: 13647K->13647K(21504K)], 0.0729100 secs] [Times: user=0.51 sys=0.00, real=0.08 secs] 
206.974: Total time for which application threads were stopped: 0.0735390 seconds, Stopping threads took: 0.0000490 seconds
206.998: Application time: 0.0242430 seconds
207.002: [Full GC [PSYoungGen: 138240K->32921K(161280K)] [ParOldGen: 367741K->367741K(368128K)] 505981K->400662K(529408K) [PSPermGen: 13647K->13647K(21504K)], 0.0729880 secs] [Times: user=0.51 sys=0.00, real=0.08 secs] 
207.075: Total time for which application threads were stopped: 0.0770860 seconds, Stopping threads took: 0.0034750 seconds
207.099: Application time: 0.0242040 seconds
207.102: [Full GC [PSYoungGen: 138240K->32935K(161280K)] [ParOldGen: 367741K->367741K(368128K)] 505981K->400677K(529408K) [PSPermGen: 13647K->13647K(21504K)], 0.0730830 secs] [Times: user=0.52 sys=0.00, real=0.08 secs] 
207.175: Total time for which application threads were stopped: 0.0758690 seconds, Stopping threads took: 0.0021800 seconds
207.200: Application time: 0.0242700 seconds
207.200: [Full GC [PSYoungGen: 138240K->32951K(161280K)] [ParOldGen: 367741K->367741K(368128K)] 505981K->400693K(529408K) [PSPermGen: 13647K->13647K(21504K)], 0.0732800 secs] [Times: user=0.52 sys=0.00, real=0.07 secs] 
207.273: Total time for which application threads were stopped: 0.0738800 seconds, Stopping threads took: 0.0000390 seconds
207.298: Application time: 0.0245260 seconds
207.302: [Full GC [PSYoungGen: 138240K->32967K(161280K)] [ParOldGen: 367741K->367741K(368128K)] 505981K->400709K(529408K) [PSPermGen: 13647K->13647K(21504K)], 0.0728510 secs] [Times: user=0.52 sys=0.00, real=0.08 secs] 
207.375: Total time for which application threads were stopped: 0.0771250 seconds, Stopping threads took: 0.0036270 seconds
207.400: Application time: 0.0252980 seconds
207.401: [Full GC [PSYoungGen: 138240K->32983K(161280K)] [ParOldGen: 367741K->367741K(368128K)] 505981K->400724K(529408K) [PSPermGen: 13647K->13647K(21504K)], 0.0729580 secs] [Times: user=0.52 sys=0.00, real=0.08 secs] 
207.474: Total time for which application threads were stopped: 0.0736200 seconds, Stopping threads took: 0.0000580 seconds
207.499: Application time: 0.0246280 seconds
207.499: [Full GC [PSYoungGen: 138240K->32997K(161280K)] [ParOldGen: 367741K->367741K(368128K)] 505981K->400738K(529408K) [PSPermGen: 13647K->13647K(21504K)], 0.0729680 secs] [Times: user=0.52 sys=0.00, real=0.07 secs] 
207.572: Total time for which application threads were stopped: 0.0737030 seconds, Stopping threads took: 0.0000570 seconds
207.597: Application time: 0.0245250 seconds
207.597: [Full GC [PSYoungGen: 138240K->33012K(161280K)] [ParOldGen: 367741K->367741K(368128K)] 505981K->400753K(529408K) [PSPermGen: 13647K->13647K(21504K)], 0.0734030 secs] [Times: user=0.52 sys=0.00, real=0.07 secs] 
207.671: Total time for which application threads were stopped: 0.0740410 seconds, Stopping threads took: 0.0000810 seconds
207.696: Application time: 0.0246950 seconds
207.696: [Full GC [PSYoungGen: 138240K->33027K(161280K)] [ParOldGen: 367741K->367741K(368128K)] 505981K->400769K(529408K) [PSPermGen: 13647K->13647K(21504K)], 0.0739180 secs] [Times: user=0.52 sys=0.00, real=0.07 secs] 
207.770: Total time for which application threads were stopped: 0.0745360 seconds, Stopping threads took: 0.0000490 seconds
207.795: Application time: 0.0245620 seconds
207.795: [Full GC [PSYoungGen: 138240K->33042K(161280K)] [ParOldGen: 367741K->367741K(368128K)] 505981K->400783K(529408K) [PSPermGen: 13647K->13647K(21504K)], 0.0739820 secs] [Times: user=0.52 sys=0.00, real=0.07 secs] 
207.869: Total time for which application threads were stopped: 0.0745930 seconds, Stopping threads took: 0.0000480 seconds
207.894: Application time: 0.0245850 seconds
207.895: [Full GC [PSYoungGen: 138240K->33057K(161280K)] [ParOldGen: 367741K->367741K(368128K)] 505981K->400798K(529408K) [PSPermGen: 13647K->13647K(21504K)], 0.0737400 secs] [Times: user=0.52 sys=0.00, real=0.07 secs] 
207.968: Total time for which application threads were stopped: 0.0744650 seconds, Stopping threads took: 0.0000630 seconds
207.993: Application time: 0.0246820 seconds
207.994: [Full GC [PSYoungGen: 138240K->33073K(161280K)] [ParOldGen: 367741K->367741K(368128K)] 505981K->400814K(529408K) [PSPermGen: 13647K->13647K(21504K)], 0.0736570 secs] [Times: user=0.52 sys=0.00, real=0.07 secs] 
208.067: Total time for which application threads were stopped: 0.0742940 seconds, Stopping threads took: 0.0000590 seconds
208.092: Application time: 0.0251520 seconds
208.093: [Full GC [PSYoungGen: 138240K->32963K(161280K)] [ParOldGen: 367741K->367741K(368128K)] 505981K->400705K(529408K) [PSPermGen: 13647K->13647K(21504K)], 0.0739370 secs] [Times: user=0.52 sys=0.00, real=0.08 secs] 
208.167: Total time for which application threads were stopped: 0.0746110 seconds, Stopping threads took: 0.0000840 seconds
208.192: Application time: 0.0247450 seconds
208.192: [Full GC [PSYoungGen: 138240K->32963K(161280K)] [ParOldGen: 367741K->367741K(368128K)] 505981K->400705K(529408K) [PSPermGen: 13647K->13647K(21504K)], 0.0728390 secs] [Times: user=0.52 sys=0.00, real=0.07 secs] 
208.265: Total time for which application threads were stopped: 0.0735310 seconds, Stopping threads took: 0.0000540 seconds
208.290: Application time: 0.0246270 seconds
208.294: [Full GC [PSYoungGen: 138240K->32911K(161280K)] [ParOldGen: 367741K->367741K(368128K)] 505981K->400652K(529408K) [PSPermGen: 13647K->13647K(21504K)], 0.0795470 secs] [Times: user=0.54 sys=0.01, real=0.08 secs] 
208.374: Total time for which application threads were stopped: 0.0836940 seconds, Stopping threads took: 0.0035510 seconds
208.398: Application time: 0.0238960 seconds
208.398: [Full GC [PSYoungGen: 138240K->32921K(161280K)] [ParOldGen: 367741K->367741K(368128K)] 505981K->400662K(529408K) [PSPermGen: 13647K->13647K(21504K)], 0.0730980 secs] [Times: user=0.51 sys=0.00, real=0.07 secs] 
208.471: Total time for which application threads were stopped: 0.0737860 seconds, Stopping threads took: 0.0000450 seconds
208.496: Application time: 0.0244880 seconds
208.496: [Full GC [PSYoungGen: 138240K->32938K(161280K)] [ParOldGen: 367741K->367741K(368128K)] 505981K->400680K(529408K) [PSPermGen: 13647K->13647K(21504K)], 0.0730920 secs] [Times: user=0.51 sys=0.00, real=0.07 secs] 
208.570: Total time for which application threads were stopped: 0.0737740 seconds, Stopping threads took: 0.0000370 seconds
208.594: Application time: 0.0244610 seconds
208.595: [Full GC [PSYoungGen: 138240K->32951K(161280K)] [ParOldGen: 367741K->367741K(368128K)] 505981K->400692K(529408K) [PSPermGen: 13647K->13647K(21504K)], 0.0741630 secs] [Times: user=0.51 sys=0.00, real=0.07 secs] 
208.669: Total time for which application threads were stopped: 0.0747950 seconds, Stopping threads took: 0.0000560 seconds
208.693: Application time: 0.0242690 seconds
208.694: [Full GC [PSYoungGen: 138240K->32966K(161280K)] [ParOldGen: 367741K->367741K(368128K)] 505981K->400707K(529408K) [PSPermGen: 13647K->13647K(21504K)], 0.0732410 secs] [Times: user=0.52 sys=0.00, real=0.07 secs] 
208.767: Total time for which application threads were stopped: 0.0739140 seconds, Stopping threads took: 0.0000420 seconds
208.792: Application time: 0.0246850 seconds
208.792: [Full GC [PSYoungGen: 138240K->32925K(161280K)] [ParOldGen: 367741K->367741K(368128K)] 505981K->400667K(529408K) [PSPermGen: 13647K->13647K(21504K)], 0.0738890 secs] [Times: user=0.52 sys=0.00, real=0.08 secs] 
208.866: Total time for which application threads were stopped: 0.0745030 seconds, Stopping threads took: 0.0000580 seconds
208.891: Application time: 0.0244060 seconds
208.891: [Full GC [PSYoungGen: 138240K->32925K(161280K)] [ParOldGen: 367741K->367741K(368128K)] 505981K->400667K(529408K) [PSPermGen: 13647K->13647K(21504K)], 0.0737460 secs] [Times: user=0.52 sys=0.00, real=0.07 secs] 
208.965: Total time for which application threads were stopped: 0.0744240 seconds, Stopping threads took: 0.0000580 seconds
208.990: Application time: 0.0245210 seconds
208.990: [Full GC [PSYoungGen: 138240K->32940K(161280K)] [ParOldGen: 367741K->367741K(368128K)] 505981K->400682K(529408K) [PSPermGen: 13647K->13647K(21504K)], 0.0733870 secs] [Times: user=0.52 sys=0.00, real=0.07 secs] 
209.064: Total time for which application threads were stopped: 0.0741010 seconds, Stopping threads took: 0.0000550 seconds
209.088: Application time: 0.0241670 seconds
209.089: [Full GC [PSYoungGen: 138240K->32958K(161280K)] [ParOldGen: 367741K->367741K(368128K)] 505981K->400699K(529408K) [PSPermGen: 13647K->13647K(21504K)], 0.0735620 secs] [Times: user=0.52 sys=0.00, real=0.07 secs] 
209.162: Total time for which application threads were stopped: 0.0742610 seconds, Stopping threads took: 0.0000630 seconds
209.186: Application time: 0.0241890 seconds
209.187: [Full GC [PSYoungGen: 138240K->32970K(161280K)] [ParOldGen: 367741K->367741K(368128K)] 505981K->400711K(529408K) [PSPermGen: 13647K->13647K(21504K)], 0.0739140 secs] [Times: user=0.52 sys=0.00, real=0.07 secs] 
209.261: Total time for which application threads were stopped: 0.0745160 seconds, Stopping threads took: 0.0000450 seconds
209.285: Application time: 0.0243360 seconds
209.286: [Full GC [PSYoungGen: 138240K->32987K(161280K)] [ParOldGen: 367741K->367741K(368128K)] 505981K->400728K(529408K) [PSPermGen: 13647K->13647K(21504K)], 0.0727630 secs] [Times: user=0.52 sys=0.00, real=0.07 secs] 
209.359: Total time for which application threads were stopped: 0.0734670 seconds, Stopping threads took: 0.0000590 seconds
209.383: Application time: 0.0243280 seconds
209.384: [Full GC [PSYoungGen: 138240K->33001K(161280K)] [ParOldGen: 367741K->367741K(368128K)] 505981K->400742K(529408K) [PSPermGen: 13647K->13647K(21504K)], 0.0727990 secs] [Times: user=0.51 sys=0.00, real=0.08 secs] 
209.457: Total time for which application threads were stopped: 0.0734880 seconds, Stopping threads took: 0.0000500 seconds
209.481: Application time: 0.0243860 seconds
209.482: [Full GC [PSYoungGen: 138240K->33018K(161280K)] [ParOldGen: 367741K->367741K(368128K)] 505981K->400759K(529408K) [PSPermGen: 13647K->13647K(21504K)], 0.0730650 secs] [Times: user=0.52 sys=0.00, real=0.08 secs] 
209.555: Total time for which application threads were stopped: 0.0737600 seconds, Stopping threads took: 0.0000560 seconds
209.579: Application time: 0.0242760 seconds
209.580: [Full GC [PSYoungGen: 138240K->33033K(161280K)] [ParOldGen: 367741K->367741K(368128K)] 505981K->400774K(529408K) [PSPermGen: 13647K->13647K(21504K)], 0.0762970 secs] [Times: user=0.54 sys=0.00, real=0.08 secs] 
209.656: Total time for which application threads were stopped: 0.0770140 seconds, Stopping threads took: 0.0000550 seconds
209.682: Application time: 0.0260860 seconds
209.683: [Full GC [PSYoungGen: 138240K->32883K(161280K)] [ParOldGen: 367741K->367741K(368128K)] 505981K->400625K(529408K) [PSPermGen: 13647K->13647K(21504K)], 0.0763200 secs] [Times: user=0.54 sys=0.00, real=0.08 secs] 
209.759: Total time for which application threads were stopped: 0.0770250 seconds, Stopping threads took: 0.0000780 seconds
209.784: Application time: 0.0247260 seconds
209.784: [Full GC [PSYoungGen: 138240K->32851K(161280K)] [ParOldGen: 367741K->367741K(368128K)] 505981K->400592K(529408K) [PSPermGen: 13647K->13647K(21504K)], 0.0737240 secs] [Times: user=0.52 sys=0.00, real=0.08 secs] 
209.858: Total time for which application threads were stopped: 0.0743720 seconds, Stopping threads took: 0.0000960 seconds
209.884: Application time: 0.0260190 seconds
209.885: [Full GC [PSYoungGen: 138240K->32867K(161280K)] [ParOldGen: 367741K->367741K(368128K)] 505981K->400608K(529408K) [PSPermGen: 13647K->13647K(21504K)], 0.0730580 secs] [Times: user=0.52 sys=0.00, real=0.08 secs] 
209.958: Total time for which application threads were stopped: 0.0737730 seconds, Stopping threads took: 0.0000160 seconds
209.982: Application time: 0.0244250 seconds
209.983: [Full GC [PSYoungGen: 138240K->32884K(161280K)] [ParOldGen: 367741K->367741K(368128K)] 505981K->400625K(529408K) [PSPermGen: 13647K->13647K(21504K)], 0.0734250 secs] [Times: user=0.51 sys=0.00, real=0.08 secs] 
210.057: Total time for which application threads were stopped: 0.0741740 seconds, Stopping threads took: 0.0001070 seconds
210.081: Application time: 0.0242810 seconds
210.082: [Full GC [PSYoungGen: 138240K->32898K(161280K)] [ParOldGen: 367741K->367741K(368128K)] 505981K->400640K(529408K) [PSPermGen: 13647K->13647K(21504K)], 0.0740170 secs] [Times: user=0.52 sys=0.00, real=0.08 secs] 
210.156: Total time for which application threads were stopped: 0.0747330 seconds, Stopping threads took: 0.0000530 seconds
210.180: Application time: 0.0246420 seconds
210.181: [Full GC [PSYoungGen: 138240K->32857K(161280K)] [ParOldGen: 367741K->367741K(368128K)] 505981K->400599K(529408K) [PSPermGen: 13647K->13647K(21504K)], 0.0734100 secs] [Times: user=0.52 sys=0.00, real=0.08 secs] 
210.254: Total time for which application threads were stopped: 0.0740300 seconds, Stopping threads took: 0.0000630 seconds
210.279: Application time: 0.0246500 seconds
210.280: [Full GC [PSYoungGen: 138240K->32857K(161280K)] [ParOldGen: 367741K->367741K(368128K)] 505981K->400598K(529408K) [PSPermGen: 13647K->13647K(21504K)], 0.0733650 secs] [Times: user=0.52 sys=0.00, real=0.07 secs] 
210.353: Total time for which application threads were stopped: 0.0739950 seconds, Stopping threads took: 0.0000670 seconds
210.378: Application time: 0.0246200 seconds
210.378: [Full GC [PSYoungGen: 138240K->32873K(161280K)] [ParOldGen: 367741K->367741K(368128K)] 505981K->400614K(529408K) [PSPermGen: 13647K->13647K(21504K)], 0.0730950 secs] [Times: user=0.51 sys=0.00, real=0.07 secs] 
210.451: Total time for which application threads were stopped: 0.0738140 seconds, Stopping threads took: 0.0000730 seconds
210.476: Application time: 0.0243580 seconds
210.476: [Full GC [PSYoungGen: 138240K->32886K(161280K)] [ParOldGen: 367741K->367741K(368128K)] 505981K->400628K(529408K) [PSPermGen: 13647K->13647K(21504K)], 0.0728770 secs] [Times: user=0.51 sys=0.00, real=0.07 secs] 
210.549: Total time for which application threads were stopped: 0.0734970 seconds, Stopping threads took: 0.0000590 seconds
210.574: Application time: 0.0246290 seconds
210.575: [Full GC [PSYoungGen: 138240K->32901K(161280K)] [ParOldGen: 367741K->367741K(368128K)] 505981K->400642K(529408K) [PSPermGen: 13647K->13647K(21504K)], 0.0729280 secs] [Times: user=0.51 sys=0.00, real=0.07 secs] 
210.648: Total time for which application threads were stopped: 0.0736250 seconds, Stopping threads took: 0.0000560 seconds
210.672: Application time: 0.0245500 seconds
210.673: [Full GC [PSYoungGen: 138240K->32912K(161280K)] [ParOldGen: 367741K->367741K(368128K)] 505981K->400653K(529408K) [PSPermGen: 13647K->13647K(21504K)], 0.0743890 secs] [Times: user=0.51 sys=0.00, real=0.08 secs] 
210.747: Total time for which application threads were stopped: 0.0750190 seconds, Stopping threads took: 0.0000570 seconds
210.772: Application time: 0.0246840 seconds
210.772: [Full GC [PSYoungGen: 138240K->32931K(161280K)] [ParOldGen: 367741K->367741K(368128K)] 505981K->400672K(529408K) [PSPermGen: 13647K->13647K(21504K)], 0.0738690 secs] [Times: user=0.52 sys=0.00, real=0.08 secs] 
210.846: Total time for which application threads were stopped: 0.0745520 seconds, Stopping threads took: 0.0000610 seconds
210.871: Application time: 0.0246440 seconds
210.872: [Full GC [PSYoungGen: 138240K->32944K(161280K)] [ParOldGen: 367741K->367741K(368128K)] 505981K->400686K(529408K) [PSPermGen: 13647K->13647K(21504K)], 0.0737450 secs] [Times: user=0.52 sys=0.00, real=0.07 secs] 
210.945: Total time for which application threads were stopped: 0.0743770 seconds, Stopping threads took: 0.0000610 seconds
210.970: Application time: 0.0244460 seconds
210.970: [Full GC [PSYoungGen: 138240K->32960K(161280K)] [ParOldGen: 367741K->367741K(368128K)] 505981K->400701K(529408K) [PSPermGen: 13647K->13647K(21504K)], 0.0732800 secs] [Times: user=0.52 sys=0.00, real=0.07 secs] 
211.044: Total time for which application threads were stopped: 0.0739310 seconds, Stopping threads took: 0.0000440 seconds
211.069: Application time: 0.0250040 seconds
211.069: [Full GC [PSYoungGen: 138240K->32975K(161280K)] [ParOldGen: 367741K->367741K(368128K)] 505981K->400716K(529408K) [PSPermGen: 13647K->13647K(21504K)], 0.0740890 secs] [Times: user=0.52 sys=0.00, real=0.07 secs] 
211.144: Total time for which application threads were stopped: 0.0747870 seconds, Stopping threads took: 0.0000560 seconds
211.169: Application time: 0.0250030 seconds
211.169: [Full GC [PSYoungGen: 138240K->32992K(161280K)] [ParOldGen: 367741K->367741K(368128K)] 505981K->400733K(529408K) [PSPermGen: 13647K->13647K(21504K)], 0.0756560 secs] [Times: user=0.53 sys=0.00, real=0.07 secs] 
211.245: Total time for which application threads were stopped: 0.0763550 seconds, Stopping threads took: 0.0000570 seconds
211.270: Application time: 0.0247490 seconds
211.270: [Full GC [PSYoungGen: 138240K->33007K(161280K)] [ParOldGen: 367741K->367741K(368128K)] 505981K->400749K(529408K) [PSPermGen: 13647K->13647K(21504K)], 0.0732840 secs] [Times: user=0.51 sys=0.00, real=0.07 secs] 
211.344: Total time for which application threads were stopped: 0.0740060 seconds, Stopping threads took: 0.0000590 seconds
211.368: Application time: 0.0247460 seconds
211.369: [Full GC [PSYoungGen: 138240K->33022K(161280K)] [ParOldGen: 367741K->367741K(368128K)] 505981K->400764K(529408K) [PSPermGen: 13647K->13647K(21504K)], 0.0746640 secs] [Times: user=0.52 sys=0.00, real=0.07 secs] 
211.444: Total time for which application threads were stopped: 0.0753900 seconds, Stopping threads took: 0.0000760 seconds
211.469: Application time: 0.0249230 seconds
211.469: [Full GC [PSYoungGen: 138240K->33037K(161280K)] [ParOldGen: 367741K->367741K(368128K)] 505981K->400779K(529408K) [PSPermGen: 13647K->13647K(21504K)], 0.0735100 secs] [Times: user=0.52 sys=0.00, real=0.07 secs] 
211.543: Total time for which application threads were stopped: 0.0742010 seconds, Stopping threads took: 0.0000500 seconds
211.568: Application time: 0.0246280 seconds
211.568: [Full GC [PSYoungGen: 138240K->33052K(161280K)] [ParOldGen: 367741K->367741K(368128K)] 505981K->400794K(529408K) [PSPermGen: 13647K->13647K(21504K)], 0.0734890 secs] [Times: user=0.52 sys=0.00, real=0.07 secs] 
211.642: Total time for which application threads were stopped: 0.0741050 seconds, Stopping threads took: 0.0000590 seconds
211.666: Application time: 0.0246590 seconds
211.667: [Full GC [PSYoungGen: 138240K->33063K(161280K)] [ParOldGen: 367741K->367741K(368128K)] 505981K->400804K(529408K) [PSPermGen: 13647K->13647K(21504K)], 0.0744680 secs] [Times: user=0.51 sys=0.00, real=0.07 secs] 
211.742: Total time for which application threads were stopped: 0.0751910 seconds, Stopping threads took: 0.0000680 seconds
211.766: Application time: 0.0245970 seconds
211.767: [Full GC [PSYoungGen: 138240K->33083K(161280K)] [ParOldGen: 367741K->367741K(368128K)] 505981K->400825K(529408K) [PSPermGen: 13647K->13647K(21504K)], 0.0737160 secs] [Times: user=0.52 sys=0.00, real=0.07 secs] 
211.840: Total time for which application threads were stopped: 0.0743390 seconds, Stopping threads took: 0.0000640 seconds
211.866: Application time: 0.0258360 seconds
211.867: [Full GC [PSYoungGen: 138240K->32988K(161280K)] [ParOldGen: 367741K->367741K(368128K)] 505981K->400729K(529408K) [PSPermGen: 13647K->13647K(21504K)], 0.0731040 secs] [Times: user=0.51 sys=0.00, real=0.07 secs] 
211.940: Total time for which application threads were stopped: 0.0738320 seconds, Stopping threads took: 0.0000680 seconds
211.965: Application time: 0.0247740 seconds
211.966: [Full GC [PSYoungGen: 138240K->32970K(161280K)] [ParOldGen: 367741K->367741K(368128K)] 505981K->400711K(529408K) [PSPermGen: 13647K->13647K(21504K)], 0.0734540 secs] [Times: user=0.52 sys=0.00, real=0.07 secs] 
212.039: Total time for which application threads were stopped: 0.0741230 seconds, Stopping threads took: 0.0000490 seconds
212.064: Application time: 0.0245340 seconds
212.064: [Full GC [PSYoungGen: 138240K->32986K(161280K)] [ParOldGen: 367741K->367741K(368128K)] 505981K->400728K(529408K) [PSPermGen: 13647K->13647K(21504K)], 0.0734550 secs] [Times: user=0.51 sys=0.00, real=0.08 secs] 
212.138: Total time for which application threads were stopped: 0.0741530 seconds, Stopping threads took: 0.0000910 seconds
212.162: Application time: 0.0243220 seconds
212.163: [Full GC [PSYoungGen: 138240K->33003K(161280K)] [ParOldGen: 367741K->367741K(368128K)] 505981K->400744K(529408K) [PSPermGen: 13647K->13647K(21504K)], 0.0728780 secs] [Times: user=0.51 sys=0.00, real=0.08 secs] 
212.236: Total time for which application threads were stopped: 0.0735500 seconds, Stopping threads took: 0.0000670 seconds
212.260: Application time: 0.0247230 seconds
212.261: [Full GC [PSYoungGen: 138240K->33018K(161280K)] [ParOldGen: 367741K->367741K(368128K)] 505981K->400759K(529408K) [PSPermGen: 13647K->13647K(21504K)], 0.0734680 secs] [Times: user=0.52 sys=0.00, real=0.08 secs] 
212.334: Total time for which application threads were stopped: 0.0740730 seconds, Stopping threads took: 0.0000500 seconds
212.359: Application time: 0.0250560 seconds
212.360: [Full GC [PSYoungGen: 138240K->32976K(161280K)] [ParOldGen: 367741K->367741K(368128K)] 505981K->400718K(529408K) [PSPermGen: 13647K->13647K(21504K)], 0.0738890 secs] [Times: user=0.51 sys=0.00, real=0.08 secs] 
212.434: Total time for which application threads were stopped: 0.0745350 seconds, Stopping threads took: 0.0000900 seconds
212.459: Application time: 0.0245310 seconds
212.459: [Full GC [PSYoungGen: 138240K->32976K(161280K)] [ParOldGen: 367741K->367741K(368128K)] 505981K->400718K(529408K) [PSPermGen: 13647K->13647K(21504K)], 0.0741360 secs] [Times: user=0.52 sys=0.00, real=0.07 secs] 
212.533: Total time for which application threads were stopped: 0.0748010 seconds, Stopping threads took: 0.0000880 seconds
212.558: Application time: 0.0244950 seconds
212.558: [Full GC [PSYoungGen: 138240K->32990K(161280K)] [ParOldGen: 367741K->367741K(368128K)] 505981K->400732K(529408K) [PSPermGen: 13647K->13647K(21504K)], 0.0736680 secs] [Times: user=0.53 sys=0.00, real=0.07 secs] 
212.632: Total time for which application threads were stopped: 0.0743630 seconds, Stopping threads took: 0.0000540 seconds
212.657: Application time: 0.0243720 seconds
212.657: [Full GC [PSYoungGen: 138240K->33009K(161280K)] [ParOldGen: 367741K->367741K(368128K)] 505981K->400750K(529408K) [PSPermGen: 13647K->13647K(21504K)], 0.0734320 secs] [Times: user=0.51 sys=0.01, real=0.07 secs] 
212.731: Total time for which application threads were stopped: 0.0740520 seconds, Stopping threads took: 0.0000660 seconds
212.755: Application time: 0.0247910 seconds
212.756: [Full GC [PSYoungGen: 138240K->32967K(161280K)] [ParOldGen: 367741K->367741K(368128K)] 505981K->400709K(529408K) [PSPermGen: 13647K->13647K(21504K)], 0.0730490 secs] [Times: user=0.52 sys=0.00, real=0.07 secs] 
212.829: Total time for which application threads were stopped: 0.0737250 seconds, Stopping threads took: 0.0000360 seconds
212.854: Application time: 0.0244950 seconds
212.854: [Full GC [PSYoungGen: 138240K->32963K(161280K)] [ParOldGen: 367741K->367741K(368128K)] 505981K->400705K(529408K) [PSPermGen: 13647K->13647K(21504K)], 0.0739720 secs] [Times: user=0.50 sys=0.00, real=0.07 secs] 
212.928: Total time for which application threads were stopped: 0.0745850 seconds, Stopping threads took: 0.0000630 seconds
212.953: Application time: 0.0245440 seconds
212.953: [Full GC [PSYoungGen: 138240K->32980K(161280K)] [ParOldGen: 367741K->367741K(368128K)] 505981K->400721K(529408K) [PSPermGen: 13647K->13647K(21504K)], 0.0729790 secs] [Times: user=0.51 sys=0.00, real=0.08 secs] 
213.026: Total time for which application threads were stopped: 0.0735860 seconds, Stopping threads took: 0.0000490 seconds
213.051: Application time: 0.0247030 seconds
213.052: [Full GC [PSYoungGen: 138240K->32998K(161280K)] [ParOldGen: 367741K->367741K(368128K)] 505981K->400740K(529408K) [PSPermGen: 13647K->13647K(21504K)], 0.0735500 secs] [Times: user=0.51 sys=0.00, real=0.07 secs] 
213.125: Total time for which application threads were stopped: 0.0742640 seconds, Stopping threads took: 0.0000540 seconds
213.151: Application time: 0.0259640 seconds
213.152: [Full GC [PSYoungGen: 138240K->32901K(161280K)] [ParOldGen: 367741K->367741K(368128K)] 505981K->400643K(529408K) [PSPermGen: 13647K->13647K(21504K)], 0.0728550 secs] [Times: user=0.51 sys=0.00, real=0.07 secs] 
213.225: Total time for which application threads were stopped: 0.0735590 seconds, Stopping threads took: 0.0000700 seconds
213.250: Application time: 0.0251410 seconds
213.251: [Full GC [PSYoungGen: 138240K->32831K(161280K)] [ParOldGen: 367741K->367741K(368128K)] 505981K->400572K(529408K) [PSPermGen: 13647K->13647K(21504K)], 0.0735110 secs] [Times: user=0.52 sys=0.00, real=0.07 secs] 
213.324: Total time for which application threads were stopped: 0.0741250 seconds, Stopping threads took: 0.0000520 seconds
213.349: Application time: 0.0248070 seconds
213.350: [Full GC [PSYoungGen: 138240K->32832K(161280K)] [ParOldGen: 367741K->367741K(368128K)] 505981K->400573K(529408K) [PSPermGen: 13647K->13647K(21504K)], 0.0739200 secs] [Times: user=0.52 sys=0.00, real=0.07 secs] 
213.424: Total time for which application threads were stopped: 0.0745460 seconds, Stopping threads took: 0.0000590 seconds
213.448: Application time: 0.0246010 seconds
213.449: [Full GC [PSYoungGen: 138240K->32848K(161280K)] [ParOldGen: 367741K->367741K(368128K)] 505981K->400589K(529408K) [PSPermGen: 13647K->13647K(21504K)], 0.0729170 secs] [Times: user=0.51 sys=0.00, real=0.07 secs] 
213.522: Total time for which application threads were stopped: 0.0736020 seconds, Stopping threads took: 0.0000590 seconds
213.546: Application time: 0.0246420 seconds
213.547: [Full GC [PSYoungGen: 138240K->32863K(161280K)] [ParOldGen: 367741K->367741K(368128K)] 505981K->400605K(529408K) [PSPermGen: 13647K->13647K(21504K)], 0.0732430 secs] [Times: user=0.52 sys=0.00, real=0.07 secs] 
213.620: Total time for which application threads were stopped: 0.0739460 seconds, Stopping threads took: 0.0000660 seconds
213.645: Application time: 0.0247170 seconds
213.646: [Full GC [PSYoungGen: 138240K->32876K(161280K)] [ParOldGen: 367741K->367741K(368128K)] 505981K->400618K(529408K) [PSPermGen: 13647K->13647K(21504K)], 0.0732880 secs] [Times: user=0.51 sys=0.00, real=0.07 secs] 
213.719: Total time for which application threads were stopped: 0.0739390 seconds, Stopping threads took: 0.0000610 seconds
213.744: Application time: 0.0248260 seconds
213.744: [Full GC [PSYoungGen: 138240K->32892K(161280K)] [ParOldGen: 367741K->367741K(368128K)] 505981K->400633K(529408K) [PSPermGen: 13647K->13647K(21504K)], 0.0734960 secs] [Times: user=0.51 sys=0.01, real=0.08 secs] 
213.818: Total time for which application threads were stopped: 0.0741310 seconds, Stopping threads took: 0.0000650 seconds
213.843: Application time: 0.0249570 seconds
213.844: [Full GC [PSYoungGen: 138240K->32852K(161280K)] [ParOldGen: 367741K->367741K(368128K)] 505981K->400594K(529408K) [PSPermGen: 13647K->13647K(21504K)], 0.0745260 secs] [Times: user=0.53 sys=0.00, real=0.08 secs] 
213.918: Total time for which application threads were stopped: 0.0752450 seconds, Stopping threads took: 0.0000790 seconds
213.943: Application time: 0.0244950 seconds
213.943: [Full GC [PSYoungGen: 138240K->32851K(161280K)] [ParOldGen: 367741K->367741K(368128K)] 505981K->400592K(529408K) [PSPermGen: 13647K->13647K(21504K)], 0.0737220 secs] [Times: user=0.51 sys=0.00, real=0.08 secs] 
214.017: Total time for which application threads were stopped: 0.0743320 seconds, Stopping threads took: 0.0000590 seconds
214.041: Application time: 0.0243830 seconds
214.042: [Full GC [PSYoungGen: 138240K->32868K(161280K)] [ParOldGen: 367741K->367741K(368128K)] 505981K->400609K(529408K) [PSPermGen: 13647K->13647K(21504K)], 0.0731550 secs] [Times: user=0.51 sys=0.00, real=0.08 secs] 
214.115: Total time for which application threads were stopped: 0.0738610 seconds, Stopping threads took: 0.0000590 seconds
214.140: Application time: 0.0251380 seconds
214.141: [Full GC [PSYoungGen: 138240K->32880K(161280K)] [ParOldGen: 367741K->367741K(368128K)] 505981K->400622K(529408K) [PSPermGen: 13647K->13647K(21504K)], 0.0722440 secs] [Times: user=0.52 sys=0.00, real=0.07 secs] 
214.213: Total time for which application threads were stopped: 0.0729290 seconds, Stopping threads took: 0.0000500 seconds
214.238: Application time: 0.0244010 seconds
214.238: [Full GC [PSYoungGen: 138240K->32892K(161280K)] [ParOldGen: 367741K->367741K(368128K)] 505981K->400633K(529408K) [PSPermGen: 13647K->13647K(21504K)], 0.0731920 secs] [Times: user=0.51 sys=0.00, real=0.07 secs] 
214.312: Total time for which application threads were stopped: 0.0738410 seconds, Stopping threads took: 0.0000600 seconds
214.336: Application time: 0.0245760 seconds
214.337: [Full GC [PSYoungGen: 138240K->32911K(161280K)] [ParOldGen: 367741K->367741K(368128K)] 505981K->400653K(529408K) [PSPermGen: 13647K->13647K(21504K)], 0.0745930 secs] [Times: user=0.53 sys=0.00, real=0.07 secs] 
214.411: Total time for which application threads were stopped: 0.0752280 seconds, Stopping threads took: 0.0000650 seconds
214.437: Application time: 0.0254090 seconds
214.437: [Full GC [PSYoungGen: 138240K->32926K(161280K)] [ParOldGen: 367741K->367741K(368128K)] 505981K->400668K(529408K) [PSPermGen: 13647K->13647K(21504K)], 0.0734960 secs] [Times: user=0.52 sys=0.01, real=0.07 secs] 
214.511: Total time for which application threads were stopped: 0.0742070 seconds, Stopping threads took: 0.0000790 seconds
214.536: Application time: 0.0247200 seconds
214.536: [Full GC [PSYoungGen: 138240K->32940K(161280K)] [ParOldGen: 367741K->367741K(368128K)] 505981K->400682K(529408K) [PSPermGen: 13647K->13647K(21504K)], 0.0731130 secs] [Times: user=0.51 sys=0.00, real=0.07 secs] 
214.610: Total time for which application threads were stopped: 0.0738060 seconds, Stopping threads took: 0.0000590 seconds
214.634: Application time: 0.0244570 seconds
214.635: [Full GC [PSYoungGen: 138240K->32956K(161280K)] [ParOldGen: 367741K->367741K(368128K)] 505981K->400698K(529408K) [PSPermGen: 13647K->13647K(21504K)], 0.0727790 secs] [Times: user=0.51 sys=0.00, real=0.07 secs] 
214.707: Total time for which application threads were stopped: 0.0734850 seconds, Stopping threads took: 0.0000670 seconds
214.732: Application time: 0.0247770 seconds
214.733: [Full GC [PSYoungGen: 138240K->32970K(161280K)] [ParOldGen: 367741K->367741K(368128K)] 505981K->400712K(529408K) [PSPermGen: 13647K->13647K(21504K)], 0.0733580 secs] [Times: user=0.52 sys=0.01, real=0.08 secs] 
214.806: Total time for which application threads were stopped: 0.0740520 seconds, Stopping threads took: 0.0000610 seconds
214.831: Application time: 0.0249190 seconds
214.832: [Full GC [PSYoungGen: 138240K->32986K(161280K)] [ParOldGen: 367741K->367741K(368128K)] 505981K->400727K(529408K) [PSPermGen: 13647K->13647K(21504K)], 0.0739270 secs] [Times: user=0.52 sys=0.00, real=0.08 secs] 
214.906: Total time for which application threads were stopped: 0.0746280 seconds, Stopping threads took: 0.0000400 seconds
214.931: Application time: 0.0248870 seconds
214.931: [Full GC [PSYoungGen: 138240K->33002K(161280K)] [ParOldGen: 367741K->367741K(368128K)] 505981K->400743K(529408K) [PSPermGen: 13647K->13647K(21504K)], 0.0767660 secs] [Times: user=0.55 sys=0.00, real=0.08 secs] 
215.008: Total time for which application threads were stopped: 0.0773890 seconds, Stopping threads took: 0.0000510 seconds
215.033: Application time: 0.0248130 seconds
215.034: [Full GC [PSYoungGen: 138240K->33018K(161280K)] [ParOldGen: 367741K->367741K(368128K)] 505981K->400760K(529408K) [PSPermGen: 13647K->13647K(21504K)], 0.0739450 secs] [Times: user=0.52 sys=0.00, real=0.07 secs] 
215.108: Total time for which application threads were stopped: 0.0745730 seconds, Stopping threads took: 0.0000620 seconds
215.133: Application time: 0.0255510 seconds
215.134: [Full GC [PSYoungGen: 138240K->33033K(161280K)] [ParOldGen: 367741K->367741K(368128K)] 505981K->400774K(529408K) [PSPermGen: 13647K->13647K(21504K)], 0.0732820 secs] [Times: user=0.51 sys=0.00, real=0.07 secs] 
215.207: Total time for which application threads were stopped: 0.0739300 seconds, Stopping threads took: 0.0000660 seconds
215.232: Application time: 0.0249910 seconds
215.233: [Full GC [PSYoungGen: 138240K->33048K(161280K)] [ParOldGen: 367741K->367741K(368128K)] 505981K->400789K(529408K) [PSPermGen: 13647K->13647K(21504K)], 0.0739810 secs] [Times: user=0.52 sys=0.00, real=0.08 secs] 
215.307: Total time for which application threads were stopped: 0.0746640 seconds, Stopping threads took: 0.0000450 seconds
215.332: Application time: 0.0248090 seconds
215.332: [Full GC [PSYoungGen: 138240K->33061K(161280K)] [ParOldGen: 367741K->367741K(368128K)] 505981K->400802K(529408K) [PSPermGen: 13647K->13647K(21504K)], 0.0737100 secs] [Times: user=0.52 sys=0.00, real=0.08 secs] 
215.406: Total time for which application threads were stopped: 0.0743930 seconds, Stopping threads took: 0.0000400 seconds
215.431: Application time: 0.0247930 seconds
215.431: [Full GC [PSYoungGen: 138240K->33075K(161280K)] [ParOldGen: 367741K->367741K(368128K)] 505981K->400817K(529408K) [PSPermGen: 13647K->13647K(21504K)], 0.0741350 secs] [Times: user=0.52 sys=0.00, real=0.07 secs] 
215.505: Total time for which application threads were stopped: 0.0747590 seconds, Stopping threads took: 0.0000400 seconds
215.530: Application time: 0.0247350 seconds
215.531: [Full GC [PSYoungGen: 138240K->33090K(161280K)] [ParOldGen: 367741K->367741K(368128K)] 505981K->400831K(529408K) [PSPermGen: 13647K->13647K(21504K)], 0.0729340 secs] [Times: user=0.51 sys=0.00, real=0.07 secs] 
215.604: Total time for which application threads were stopped: 0.0736120 seconds, Stopping threads took: 0.0000420 seconds
215.629: Application time: 0.0254080 seconds
215.630: [Full GC [PSYoungGen: 138240K->32996K(161280K)] [ParOldGen: 367741K->367741K(368128K)] 505981K->400737K(529408K) [PSPermGen: 13647K->13647K(21504K)], 0.0739060 secs] [Times: user=0.51 sys=0.00, real=0.07 secs] 
215.704: Total time for which application threads were stopped: 0.0745520 seconds, Stopping threads took: 0.0000620 seconds
215.729: Application time: 0.0248450 seconds
215.729: [Full GC [PSYoungGen: 138240K->32981K(161280K)] [ParOldGen: 367741K->367741K(368128K)] 505981K->400723K(529408K) [PSPermGen: 13647K->13647K(21504K)], 0.0757450 secs] [Times: user=0.54 sys=0.00, real=0.07 secs] 
215.805: Total time for which application threads were stopped: 0.0764690 seconds, Stopping threads took: 0.0000840 seconds
215.830: Application time: 0.0246410 seconds
215.830: [Full GC [PSYoungGen: 138240K->32995K(161280K)] [ParOldGen: 367741K->367741K(368128K)] 505981K->400737K(529408K) [PSPermGen: 13647K->13647K(21504K)], 0.0735610 secs] [Times: user=0.52 sys=0.00, real=0.07 secs] 
215.904: Total time for which application threads were stopped: 0.0742930 seconds, Stopping threads took: 0.0000860 seconds
215.929: Application time: 0.0245650 seconds
215.929: [Full GC [PSYoungGen: 138240K->33008K(161280K)] [ParOldGen: 367741K->367741K(368128K)] 505981K->400749K(529408K) [PSPermGen: 13647K->13647K(21504K)], 0.0748150 secs] [Times: user=0.52 sys=0.00, real=0.07 secs] 
216.004: Total time for which application threads were stopped: 0.0755310 seconds, Stopping threads took: 0.0000730 seconds
216.029: Application time: 0.0248250 seconds
216.030: [Full GC [PSYoungGen: 138240K->33026K(161280K)] [ParOldGen: 367741K->367741K(368128K)] 505981K->400768K(529408K) [PSPermGen: 13647K->13647K(21504K)], 0.0734560 secs] [Times: user=0.52 sys=0.00, real=0.07 secs] 
216.103: Total time for which application threads were stopped: 0.0741770 seconds, Stopping threads took: 0.0000530 seconds
216.129: Application time: 0.0254400 seconds
216.129: [Full GC [PSYoungGen: 138240K->33042K(161280K)] [ParOldGen: 367741K->367741K(368128K)] 505981K->400783K(529408K) [PSPermGen: 13647K->13647K(21504K)], 0.0761070 secs] [Times: user=0.53 sys=0.01, real=0.07 secs] 
216.205: Total time for which application threads were stopped: 0.0767510 seconds, Stopping threads took: 0.0000380 seconds
216.230: Application time: 0.0247220 seconds
216.231: [Full GC [PSYoungGen: 138240K->33056K(161280K)] [ParOldGen: 367741K->367741K(368128K)] 505981K->400797K(529408K) [PSPermGen: 13647K->13647K(21504K)], 0.0734880 secs] [Times: user=0.52 sys=0.00, real=0.07 secs] 
216.304: Total time for which application threads were stopped: 0.0741870 seconds, Stopping threads took: 0.0000620 seconds
216.329: Application time: 0.0248700 seconds
216.330: [Full GC [PSYoungGen: 138240K->33019K(161280K)] [ParOldGen: 367741K->367741K(368128K)] 505981K->400761K(529408K) [PSPermGen: 13647K->13647K(21504K)], 0.0733240 secs] [Times: user=0.51 sys=0.00, real=0.07 secs] 
216.403: Total time for which application threads were stopped: 0.0740430 seconds, Stopping threads took: 0.0000640 seconds
216.428: Application time: 0.0243990 seconds
216.428: [Full GC [PSYoungGen: 138240K->33017K(161280K)] [ParOldGen: 367741K->367741K(368128K)] 505981K->400759K(529408K) [PSPermGen: 13647K->13647K(21504K)], 0.0733880 secs] [Times: user=0.52 sys=0.00, real=0.07 secs] 
216.502: Total time for which application threads were stopped: 0.0740690 seconds, Stopping threads took: 0.0000590 seconds
216.526: Application time: 0.0245850 seconds
216.527: [Full GC [PSYoungGen: 138240K->33033K(161280K)] [ParOldGen: 367741K->367741K(368128K)] 505981K->400774K(529408K) [PSPermGen: 13647K->13647K(21504K)], 0.0732460 secs] [Times: user=0.52 sys=0.00, real=0.07 secs] 
216.600: Total time for which application threads were stopped: 0.0739770 seconds, Stopping threads took: 0.0000580 seconds
216.626: Application time: 0.0257440 seconds
216.627: [Full GC [PSYoungGen: 138240K->32871K(161280K)] [ParOldGen: 367741K->367741K(368128K)] 505981K->400612K(529408K) [PSPermGen: 13647K->13647K(21504K)], 0.0733100 secs] [Times: user=0.51 sys=0.00, real=0.07 secs] 
216.700: Total time for which application threads were stopped: 0.0739800 seconds, Stopping threads took: 0.0000960 seconds
216.725: Application time: 0.0247390 seconds
216.725: [Full GC [PSYoungGen: 138240K->32852K(161280K)] [ParOldGen: 367741K->367741K(368128K)] 505981K->400593K(529408K) [PSPermGen: 13647K->13647K(21504K)], 0.0738090 secs] [Times: user=0.52 sys=0.00, real=0.08 secs] 
216.799: Total time for which application threads were stopped: 0.0744420 seconds, Stopping threads took: 0.0000800 seconds
216.824: Application time: 0.0247450 seconds
216.824: [Full GC [PSYoungGen: 138240K->32863K(161280K)] [ParOldGen: 367741K->367741K(368128K)] 505981K->400605K(529408K) [PSPermGen: 13647K->13647K(21504K)], 0.0735370 secs] [Times: user=0.52 sys=0.00, real=0.08 secs] 
216.898: Total time for which application threads were stopped: 0.0741640 seconds, Stopping threads took: 0.0000790 seconds
216.923: Application time: 0.0249440 seconds
216.924: [Full GC [PSYoungGen: 138240K->32813K(161280K)] [ParOldGen: 367741K->367741K(368128K)] 505981K->400555K(529408K) [PSPermGen: 13647K->13647K(21504K)], 0.0732400 secs] [Times: user=0.52 sys=0.00, real=0.08 secs] 
216.997: Total time for which application threads were stopped: 0.0739200 seconds, Stopping threads took: 0.0000510 seconds
217.022: Application time: 0.0255430 seconds
217.023: [Full GC [PSYoungGen: 138240K->32826K(161280K)] [ParOldGen: 367741K->367741K(368128K)] 505981K->400568K(529408K) [PSPermGen: 13647K->13647K(21504K)], 0.0731300 secs] [Times: user=0.51 sys=0.00, real=0.08 secs] 
217.096: Total time for which application threads were stopped: 0.0738360 seconds, Stopping threads took: 0.0000610 seconds
217.121: Application time: 0.0246780 seconds
217.122: [Full GC [PSYoungGen: 138240K->32844K(161280K)] [ParOldGen: 367741K->367741K(368128K)] 505981K->400585K(529408K) [PSPermGen: 13647K->13647K(21504K)], 0.0734160 secs] [Times: user=0.51 sys=0.00, real=0.08 secs] 
217.195: Total time for which application threads were stopped: 0.0741570 seconds, Stopping threads took: 0.0000770 seconds
217.220: Application time: 0.0244050 seconds
217.220: [Full GC [PSYoungGen: 138240K->32857K(161280K)] [ParOldGen: 367741K->367741K(368128K)] 505981K->400598K(529408K) [PSPermGen: 13647K->13647K(21504K)], 0.0731770 secs] [Times: user=0.52 sys=0.00, real=0.07 secs] 
217.293: Total time for which application threads were stopped: 0.0738950 seconds, Stopping threads took: 0.0000670 seconds
217.319: Application time: 0.0251100 seconds
217.319: [Full GC [PSYoungGen: 138240K->32871K(161280K)] [ParOldGen: 367741K->367741K(368128K)] 505981K->400612K(529408K) [PSPermGen: 13647K->13647K(21504K)], 0.0734860 secs] [Times: user=0.52 sys=0.00, real=0.07 secs] 
217.393: Total time for which application threads were stopped: 0.0742020 seconds, Stopping threads took: 0.0000720 seconds
217.418: Application time: 0.0249160 seconds
217.418: [Full GC [PSYoungGen: 138240K->32888K(161280K)] [ParOldGen: 367741K->367741K(368128K)] 505981K->400629K(529408K) [PSPermGen: 13647K->13647K(21504K)], 0.0747120 secs] [Times: user=0.52 sys=0.00, real=0.07 secs] 
217.493: Total time for which application threads were stopped: 0.0753480 seconds, Stopping threads took: 0.0000730 seconds
217.518: Application time: 0.0252520 seconds
217.519: [Full GC [PSYoungGen: 138240K->32848K(161280K)] [ParOldGen: 367741K->367741K(368128K)] 505981K->400589K(529408K) [PSPermGen: 13647K->13647K(21504K)], 0.0735590 secs] [Times: user=0.52 sys=0.00, real=0.07 secs] 
217.593: Total time for which application threads were stopped: 0.0742560 seconds, Stopping threads took: 0.0000640 seconds
217.617: Application time: 0.0245090 seconds
217.618: [Full GC [PSYoungGen: 138240K->32848K(161280K)] [ParOldGen: 367741K->367741K(368128K)] 505981K->400590K(529408K) [PSPermGen: 13647K->13647K(21504K)], 0.0730320 secs] [Times: user=0.52 sys=0.00, real=0.07 secs] 
217.691: Total time for which application threads were stopped: 0.0737770 seconds, Stopping threads took: 0.0000690 seconds
217.716: Application time: 0.0246670 seconds
217.716: [Full GC [PSYoungGen: 138240K->32863K(161280K)] [ParOldGen: 367741K->367741K(368128K)] 505981K->400604K(529408K) [PSPermGen: 13647K->13647K(21504K)], 0.0739930 secs] [Times: user=0.52 sys=0.00, real=0.07 secs] 
217.790: Total time for which application threads were stopped: 0.0746070 seconds, Stopping threads took: 0.0000600 seconds
217.815: Application time: 0.0247120 seconds
217.815: [Full GC [PSYoungGen: 138240K->32876K(161280K)] [ParOldGen: 367741K->367741K(368128K)] 505981K->400618K(529408K) [PSPermGen: 13647K->13647K(21504K)], 0.0738930 secs] [Times: user=0.51 sys=0.00, real=0.07 secs] 
217.889: Total time for which application threads were stopped: 0.0745660 seconds, Stopping threads took: 0.0000700 seconds
217.914: Application time: 0.0245220 seconds
217.915: [Full GC [PSYoungGen: 138240K->32890K(161280K)] [ParOldGen: 367741K->367741K(368128K)] 505981K->400632K(529408K) [PSPermGen: 13647K->13647K(21504K)], 0.0728100 secs] [Times: user=0.52 sys=0.00, real=0.07 secs] 
217.987: Total time for which application threads were stopped: 0.0735190 seconds, Stopping threads took: 0.0000580 seconds
218.012: Application time: 0.0246540 seconds
218.013: [Full GC [PSYoungGen: 138240K->32905K(161280K)] [ParOldGen: 367741K->367741K(368128K)] 505981K->400646K(529408K) [PSPermGen: 13647K->13647K(21504K)], 0.0732910 secs] [Times: user=0.51 sys=0.00, real=0.08 secs] 
218.086: Total time for which application threads were stopped: 0.0739900 seconds, Stopping threads took: 0.0000640 seconds
218.111: Application time: 0.0247280 seconds
218.111: [Full GC [PSYoungGen: 138240K->32920K(161280K)] [ParOldGen: 367741K->367741K(368128K)] 505981K->400661K(529408K) [PSPermGen: 13647K->13647K(21504K)], 0.0739900 secs] [Times: user=0.51 sys=0.00, real=0.07 secs] 
218.185: Total time for which application threads were stopped: 0.0746080 seconds, Stopping threads took: 0.0000630 seconds
218.210: Application time: 0.0250260 seconds
218.211: [Full GC [PSYoungGen: 138240K->32934K(161280K)] [ParOldGen: 367741K->367741K(368128K)] 505981K->400676K(529408K) [PSPermGen: 13647K->13647K(21504K)], 0.0735170 secs] [Times: user=0.51 sys=0.01, real=0.07 secs] 
218.285: Total time for which application threads were stopped: 0.0741600 seconds, Stopping threads took: 0.0000920 seconds
218.309: Application time: 0.0247660 seconds
218.310: [Full GC [PSYoungGen: 138240K->32949K(161280K)] [ParOldGen: 367741K->367741K(368128K)] 505981K->400691K(529408K) [PSPermGen: 13647K->13647K(21504K)], 0.0738170 secs] [Times: user=0.52 sys=0.00, real=0.07 secs] 
218.384: Total time for which application threads were stopped: 0.0744490 seconds, Stopping threads took: 0.0000670 seconds
218.409: Application time: 0.0248050 seconds
218.409: [Full GC [PSYoungGen: 138240K->32965K(161280K)] [ParOldGen: 367741K->367741K(368128K)] 505981K->400706K(529408K) [PSPermGen: 13647K->13647K(21504K)], 0.0732930 secs] [Times: user=0.52 sys=0.00, real=0.07 secs] 
218.483: Total time for which application threads were stopped: 0.0740610 seconds, Stopping threads took: 0.0000930 seconds
218.507: Application time: 0.0246610 seconds
218.508: [Full GC [PSYoungGen: 138240K->32982K(161280K)] [ParOldGen: 367741K->367741K(368128K)] 505981K->400723K(529408K) [PSPermGen: 13647K->13647K(21504K)], 0.0735930 secs] [Times: user=0.51 sys=0.00, real=0.07 secs] 
218.582: Total time for which application threads were stopped: 0.0742060 seconds, Stopping threads took: 0.0000620 seconds
218.607: Application time: 0.0249120 seconds
218.607: [Full GC [PSYoungGen: 138240K->32997K(161280K)] [ParOldGen: 367741K->367741K(368128K)] 505981K->400738K(529408K) [PSPermGen: 13647K->13647K(21504K)], 0.0732070 secs] [Times: user=0.52 sys=0.00, real=0.07 secs] 
218.680: Total time for which application threads were stopped: 0.0738880 seconds, Stopping threads took: 0.0000530 seconds
218.705: Application time: 0.0248830 seconds
218.706: [Full GC [PSYoungGen: 138240K->33010K(161280K)] [ParOldGen: 367741K->367741K(368128K)] 505981K->400752K(529408K) [PSPermGen: 13647K->13647K(21504K)], 0.0736920 secs] [Times: user=0.51 sys=0.00, real=0.07 secs] 
218.780: Total time for which application threads were stopped: 0.0743890 seconds, Stopping threads took: 0.0000540 seconds
218.805: Application time: 0.0249780 seconds
218.805: [Full GC [PSYoungGen: 138240K->33030K(161280K)] [ParOldGen: 367741K->367741K(368128K)] 505981K->400771K(529408K) [PSPermGen: 13647K->13647K(21504K)], 0.0733880 secs] [Times: user=0.52 sys=0.00, real=0.08 secs] 
218.879: Total time for which application threads were stopped: 0.0741090 seconds, Stopping threads took: 0.0000830 seconds
218.904: Application time: 0.0250440 seconds
218.904: [Full GC [PSYoungGen: 138240K->33041K(161280K)] [ParOldGen: 367741K->367741K(368128K)] 505981K->400782K(529408K) [PSPermGen: 13647K->13647K(21504K)], 0.0749500 secs] [Times: user=0.51 sys=0.00, real=0.08 secs] 
218.979: Total time for which application threads were stopped: 0.0755640 seconds, Stopping threads took: 0.0000590 seconds
219.005: Application time: 0.0252700 seconds
219.005: [Full GC [PSYoungGen: 138240K->33056K(161280K)] [ParOldGen: 367741K->367741K(368128K)] 505981K->400797K(529408K) [PSPermGen: 13647K->13647K(21504K)], 0.0742330 secs] [Times: user=0.52 sys=0.00, real=0.08 secs] 
219.080: Total time for which application threads were stopped: 0.0748660 seconds, Stopping threads took: 0.0000570 seconds
219.105: Application time: 0.0251890 seconds
219.105: [Full GC [PSYoungGen: 138240K->33069K(161280K)] [ParOldGen: 367741K->367741K(368128K)] 505981K->400811K(529408K) [PSPermGen: 13647K->13647K(21504K)], 0.0740420 secs] [Times: user=0.52 sys=0.00, real=0.08 secs] 
219.179: Total time for which application threads were stopped: 0.0746410 seconds, Stopping threads took: 0.0000460 seconds
219.205: Application time: 0.0251810 seconds
219.205: [Full GC [PSYoungGen: 138240K->33087K(161280K)] [ParOldGen: 367741K->367741K(368128K)] 505981K->400829K(529408K) [PSPermGen: 13647K->13647K(21504K)], 0.0737430 secs] [Times: user=0.52 sys=0.00, real=0.08 secs] 
219.279: Total time for which application threads were stopped: 0.0744020 seconds, Stopping threads took: 0.0000470 seconds
219.304: Application time: 0.0251220 seconds
219.305: [Full GC [PSYoungGen: 138240K->33100K(161280K)] [ParOldGen: 367741K->367741K(368128K)] 505981K->400841K(529408K) [PSPermGen: 13647K->13647K(21504K)], 0.0735540 secs] [Times: user=0.52 sys=0.00, real=0.08 secs] 
219.378: Total time for which application threads were stopped: 0.0742710 seconds, Stopping threads took: 0.0000880 seconds
219.404: Application time: 0.0259580 seconds
219.405: [Full GC [PSYoungGen: 138240K->33006K(161280K)] [ParOldGen: 367741K->367741K(368128K)] 505981K->400747K(529408K) [PSPermGen: 13647K->13647K(21504K)], 0.0731450 secs] [Times: user=0.51 sys=0.00, real=0.08 secs] 
219.478: Total time for which application threads were stopped: 0.0738490 seconds, Stopping threads took: 0.0000730 seconds
219.503: Application time: 0.0246950 seconds
219.503: [Full GC [PSYoungGen: 138240K->32990K(161280K)] [ParOldGen: 367741K->367741K(368128K)] 505981K->400732K(529408K) [PSPermGen: 13647K->13647K(21504K)], 0.0734150 secs] [Times: user=0.52 sys=0.00, real=0.08 secs] 
219.577: Total time for which application threads were stopped: 0.0740860 seconds, Stopping threads took: 0.0001120 seconds
219.602: Application time: 0.0247290 seconds
219.602: [Full GC [PSYoungGen: 138240K->33009K(161280K)] [ParOldGen: 367741K->367741K(368128K)] 505981K->400750K(529408K) [PSPermGen: 13647K->13647K(21504K)], 0.0731020 secs] [Times: user=0.51 sys=0.00, real=0.08 secs] 
219.676: Total time for which application threads were stopped: 0.0738260 seconds, Stopping threads took: 0.0000630 seconds
219.700: Application time: 0.0245820 seconds
219.701: [Full GC [PSYoungGen: 138240K->33022K(161280K)] [ParOldGen: 367741K->367741K(368128K)] 505981K->400764K(529408K) [PSPermGen: 13647K->13647K(21504K)], 0.0734910 secs] [Times: user=0.51 sys=0.00, real=0.08 secs] 
219.774: Total time for which application threads were stopped: 0.0741820 seconds, Stopping threads took: 0.0000600 seconds
219.799: Application time: 0.0247490 seconds
219.800: [Full GC [PSYoungGen: 138240K->33038K(161280K)] [ParOldGen: 367741K->367741K(368128K)] 505981K->400780K(529408K) [PSPermGen: 13647K->13647K(21504K)], 0.0728760 secs] [Times: user=0.52 sys=0.00, real=0.07 secs] 
219.873: Total time for which application threads were stopped: 0.0735640 seconds, Stopping threads took: 0.0000500 seconds
219.898: Application time: 0.0249900 seconds
219.898: [Full GC [PSYoungGen: 138240K->33051K(161280K)] [ParOldGen: 367741K->367741K(368128K)] 505981K->400793K(529408K) [PSPermGen: 13647K->13647K(21504K)], 0.0738790 secs] [Times: user=0.51 sys=0.00, real=0.07 secs] 
219.972: Total time for which application threads were stopped: 0.0745020 seconds, Stopping threads took: 0.0000680 seconds
219.997: Application time: 0.0249060 seconds
219.998: [Full GC [PSYoungGen: 138240K->33067K(161280K)] [ParOldGen: 367741K->367741K(368128K)] 505981K->400809K(529408K) [PSPermGen: 13647K->13647K(21504K)], 0.0737630 secs] [Times: user=0.52 sys=0.00, real=0.07 secs] 
220.071: Total time for which application threads were stopped: 0.0744200 seconds, Stopping threads took: 0.0000930 seconds
220.097: Application time: 0.0250990 seconds
220.097: [Full GC [PSYoungGen: 138240K->33028K(161280K)] [ParOldGen: 367741K->367741K(368128K)] 505981K->400770K(529408K) [PSPermGen: 13647K->13647K(21504K)], 0.0736240 secs] [Times: user=0.52 sys=0.00, real=0.07 secs] 
220.171: Total time for which application threads were stopped: 0.0743310 seconds, Stopping threads took: 0.0000700 seconds
220.197: Application time: 0.0260000 seconds
220.197: [Full GC [PSYoungGen: 138240K->32920K(161280K)] [ParOldGen: 367741K->367741K(368128K)] 505981K->400661K(529408K) [PSPermGen: 13647K->13647K(21504K)], 0.0739880 secs] [Times: user=0.51 sys=0.01, real=0.07 secs] 
220.272: Total time for which application threads were stopped: 0.0746290 seconds, Stopping threads took: 0.0000610 seconds
220.296: Application time: 0.0249690 seconds
220.297: [Full GC [PSYoungGen: 138240K->32901K(161280K)] [ParOldGen: 367741K->367741K(368128K)] 505981K->400643K(529408K) [PSPermGen: 13647K->13647K(21504K)], 0.0734630 secs] [Times: user=0.52 sys=0.00, real=0.07 secs] 
220.371: Total time for which application threads were stopped: 0.0741840 seconds, Stopping threads took: 0.0000990 seconds
220.396: Application time: 0.0249780 seconds
220.396: [Full GC [PSYoungGen: 138240K->32915K(161280K)] [ParOldGen: 367741K->367741K(368128K)] 505981K->400656K(529408K) [PSPermGen: 13647K->13647K(21504K)], 0.0738040 secs] [Times: user=0.52 sys=0.00, real=0.07 secs] 
220.470: Total time for which application threads were stopped: 0.0744300 seconds, Stopping threads took: 0.0000640 seconds
220.496: Application time: 0.0263910 seconds
220.497: [Full GC [PSYoungGen: 138240K->32859K(161280K)] [ParOldGen: 367741K->367741K(368128K)] 505981K->400601K(529408K) [PSPermGen: 13647K->13647K(21504K)], 0.0727570 secs] [Times: user=0.51 sys=0.00, real=0.07 secs] 
220.570: Total time for which application threads were stopped: 0.0734660 seconds, Stopping threads took: 0.0000750 seconds
220.595: Application time: 0.0251220 seconds
220.596: [Full GC [PSYoungGen: 138240K->32873K(161280K)] [ParOldGen: 367741K->367741K(368128K)] 505981K->400615K(529408K) [PSPermGen: 13647K->13647K(21504K)], 0.0735360 secs] [Times: user=0.52 sys=0.00, real=0.07 secs] 
220.669: Total time for which application threads were stopped: 0.0742390 seconds, Stopping threads took: 0.0000590 seconds
220.695: Application time: 0.0253510 seconds
220.695: [Full GC [PSYoungGen: 138240K->32823K(161280K)] [ParOldGen: 367741K->367741K(368128K)] 505981K->400565K(529408K) [PSPermGen: 13647K->13647K(21504K)], 0.0733980 secs] [Times: user=0.52 sys=0.00, real=0.07 secs] 
220.769: Total time for which application threads were stopped: 0.0740470 seconds, Stopping threads took: 0.0000530 seconds
220.794: Application time: 0.0251670 seconds
220.795: [Full GC [PSYoungGen: 138240K->32836K(161280K)] [ParOldGen: 367741K->367741K(368128K)] 505981K->400578K(529408K) [PSPermGen: 13647K->13647K(21504K)], 0.0735290 secs] [Times: user=0.51 sys=0.00, real=0.07 secs] 
220.868: Total time for which application threads were stopped: 0.0742720 seconds, Stopping threads took: 0.0000660 seconds
220.893: Application time: 0.0245340 seconds
220.893: [Full GC [PSYoungGen: 138240K->32853K(161280K)] [ParOldGen: 367741K->367741K(368128K)] 505981K->400594K(529408K) [PSPermGen: 13647K->13647K(21504K)], 0.0723800 secs] [Times: user=0.51 sys=0.00, real=0.08 secs] 
220.966: Total time for which application threads were stopped: 0.0730600 seconds, Stopping threads took: 0.0000540 seconds
220.990: Application time: 0.0243860 seconds
220.991: [Full GC [PSYoungGen: 138240K->32867K(161280K)] [ParOldGen: 367741K->367741K(368128K)] 505981K->400609K(529408K) [PSPermGen: 13647K->13647K(21504K)], 0.0727520 secs] [Times: user=0.52 sys=0.00, real=0.07 secs] 
221.064: Total time for which application threads were stopped: 0.0734320 seconds, Stopping threads took: 0.0000570 seconds
221.088: Application time: 0.0247060 seconds
221.089: [Full GC [PSYoungGen: 138240K->32883K(161280K)] [ParOldGen: 367741K->367741K(368128K)] 505981K->400624K(529408K) [PSPermGen: 13647K->13647K(21504K)], 0.0738690 secs] [Times: user=0.52 sys=0.00, real=0.07 secs] 
221.163: Total time for which application threads were stopped: 0.0745670 seconds, Stopping threads took: 0.0000640 seconds
221.188: Application time: 0.0248880 seconds
221.188: [Full GC [PSYoungGen: 138240K->32898K(161280K)] [ParOldGen: 367741K->367741K(368128K)] 505981K->400639K(529408K) [PSPermGen: 13647K->13647K(21504K)], 0.0734780 secs] [Times: user=0.52 sys=0.00, real=0.07 secs] 
221.262: Total time for which application threads were stopped: 0.0740940 seconds, Stopping threads took: 0.0000460 seconds
221.287: Application time: 0.0254670 seconds
221.288: [Full GC [PSYoungGen: 138240K->32858K(161280K)] [ParOldGen: 367741K->367741K(368128K)] 505981K->400599K(529408K) [PSPermGen: 13647K->13647K(21504K)], 0.0731760 secs] [Times: user=0.52 sys=0.00, real=0.07 secs] 
221.361: Total time for which application threads were stopped: 0.0738900 seconds, Stopping threads took: 0.0000760 seconds
221.386: Application time: 0.0247140 seconds
221.387: [Full GC [PSYoungGen: 138240K->32856K(161280K)] [ParOldGen: 367741K->367741K(368128K)] 505981K->400598K(529408K) [PSPermGen: 13647K->13647K(21504K)], 0.0728390 secs] [Times: user=0.51 sys=0.00, real=0.07 secs] 
221.459: Total time for which application threads were stopped: 0.0735590 seconds, Stopping threads took: 0.0000620 seconds
221.484: Application time: 0.0248390 seconds
221.485: [Full GC [PSYoungGen: 138240K->32871K(161280K)] [ParOldGen: 367741K->367741K(368128K)] 505981K->400613K(529408K) [PSPermGen: 13647K->13647K(21504K)], 0.0730960 secs] [Times: user=0.52 sys=0.00, real=0.08 secs] 
221.558: Total time for which application threads were stopped: 0.0737530 seconds, Stopping threads took: 0.0001060 seconds
221.583: Application time: 0.0249380 seconds
221.584: [Full GC [PSYoungGen: 138240K->32887K(161280K)] [ParOldGen: 367741K->367741K(368128K)] 505981K->400629K(529408K) [PSPermGen: 13647K->13647K(21504K)], 0.0734520 secs] [Times: user=0.51 sys=0.00, real=0.08 secs] 
221.657: Total time for which application threads were stopped: 0.0740720 seconds, Stopping threads took: 0.0000580 seconds
221.682: Application time: 0.0246580 seconds
221.682: [Full GC [PSYoungGen: 138240K->32900K(161280K)] [ParOldGen: 367741K->367741K(368128K)] 505981K->400641K(529408K) [PSPermGen: 13647K->13647K(21504K)], 0.0734180 secs] [Times: user=0.52 sys=0.00, real=0.08 secs] 
221.756: Total time for which application threads were stopped: 0.0741220 seconds, Stopping threads took: 0.0000650 seconds
221.781: Application time: 0.0246830 seconds
221.781: [Full GC [PSYoungGen: 138240K->32914K(161280K)] [ParOldGen: 367741K->367741K(368128K)] 505981K->400655K(529408K) [PSPermGen: 13647K->13647K(21504K)], 0.0728580 secs] [Times: user=0.52 sys=0.00, real=0.08 secs] 
221.854: Total time for which application threads were stopped: 0.0735810 seconds, Stopping threads took: 0.0000860 seconds
221.879: Application time: 0.0251580 seconds
221.880: [Full GC [PSYoungGen: 138240K->32930K(161280K)] [ParOldGen: 367741K->367741K(368128K)] 505981K->400671K(529408K) [PSPermGen: 13647K->13647K(21504K)], 0.0747400 secs] [Times: user=0.52 sys=0.00, real=0.08 secs] 
221.955: Total time for which application threads were stopped: 0.0753750 seconds, Stopping threads took: 0.0000800 seconds
221.979: Application time: 0.0246810 seconds
221.980: [Full GC [PSYoungGen: 138240K->32946K(161280K)] [ParOldGen: 367741K->367741K(368128K)] 505981K->400687K(529408K) [PSPermGen: 13647K->13647K(21504K)], 0.0746850 secs] [Times: user=0.52 sys=0.00, real=0.08 secs] 
222.055: Total time for which application threads were stopped: 0.0753550 seconds, Stopping threads took: 0.0000910 seconds
222.079: Application time: 0.0244330 seconds
222.080: [Full GC [PSYoungGen: 138240K->32962K(161280K)] [ParOldGen: 367741K->367741K(368128K)] 505981K->400703K(529408K) [PSPermGen: 13647K->13647K(21504K)], 0.0736980 secs] [Times: user=0.52 sys=0.00, real=0.07 secs] 
222.154: Total time for which application threads were stopped: 0.0743540 seconds, Stopping threads took: 0.0000980 seconds
222.178: Application time: 0.0244350 seconds
222.179: [Full GC [PSYoungGen: 138240K->32975K(161280K)] [ParOldGen: 367741K->367741K(368128K)] 505981K->400716K(529408K) [PSPermGen: 13647K->13647K(21504K)], 0.0728800 secs] [Times: user=0.52 sys=0.00, real=0.07 secs] 
222.252: Total time for which application threads were stopped: 0.0735690 seconds, Stopping threads took: 0.0000580 seconds
222.276: Application time: 0.0247300 seconds
222.277: [Full GC [PSYoungGen: 138240K->32993K(161280K)] [ParOldGen: 367741K->367741K(368128K)] 505981K->400734K(529408K) [PSPermGen: 13647K->13647K(21504K)], 0.0733390 secs] [Times: user=0.52 sys=0.00, real=0.07 secs] 
222.350: Total time for which application threads were stopped: 0.0739580 seconds, Stopping threads took: 0.0000660 seconds
222.375: Application time: 0.0247960 seconds
222.376: [Full GC [PSYoungGen: 138240K->33007K(161280K)] [ParOldGen: 367741K->367741K(368128K)] 505981K->400748K(529408K) [PSPermGen: 13647K->13647K(21504K)], 0.0737270 secs] [Times: user=0.52 sys=0.00, real=0.07 secs] 
222.449: Total time for which application threads were stopped: 0.0743490 seconds, Stopping threads took: 0.0000670 seconds
222.474: Application time: 0.0249070 seconds
222.475: [Full GC [PSYoungGen: 138240K->33020K(161280K)] [ParOldGen: 367741K->367741K(368128K)] 505981K->400762K(529408K) [PSPermGen: 13647K->13647K(21504K)], 0.0742640 secs] [Times: user=0.52 sys=0.01, real=0.07 secs] 
222.549: Total time for which application threads were stopped: 0.0749530 seconds, Stopping threads took: 0.0000720 seconds
222.574: Application time: 0.0250800 seconds
222.575: [Full GC [PSYoungGen: 138240K->33037K(161280K)] [ParOldGen: 367741K->367741K(368128K)] 505981K->400778K(529408K) [PSPermGen: 13647K->13647K(21504K)], 0.0741100 secs] [Times: user=0.52 sys=0.00, real=0.07 secs] 
222.649: Total time for which application threads were stopped: 0.0747510 seconds, Stopping threads took: 0.0000490 seconds
222.674: Application time: 0.0252520 seconds
222.675: [Full GC [PSYoungGen: 138240K->33053K(161280K)] [ParOldGen: 367741K->367741K(368128K)] 505981K->400794K(529408K) [PSPermGen: 13647K->13647K(21504K)], 0.0740680 secs] [Times: user=0.52 sys=0.00, real=0.07 secs] 
222.749: Total time for which application threads were stopped: 0.0747150 seconds, Stopping threads took: 0.0000750 seconds
222.774: Application time: 0.0250920 seconds
222.775: [Full GC [PSYoungGen: 138240K->33067K(161280K)] [ParOldGen: 367741K->367741K(368128K)] 505981K->400808K(529408K) [PSPermGen: 13647K->13647K(21504K)], 0.0743600 secs] [Times: user=0.52 sys=0.00, real=0.07 secs] 
222.849: Total time for which application threads were stopped: 0.0749860 seconds, Stopping threads took: 0.0000690 seconds
222.874: Application time: 0.0249570 seconds
222.875: [Full GC [PSYoungGen: 138240K->33081K(161280K)] [ParOldGen: 367741K->367741K(368128K)] 505981K->400823K(529408K) [PSPermGen: 13647K->13647K(21504K)], 0.0731820 secs] [Times: user=0.52 sys=0.00, real=0.07 secs] 
222.948: Total time for which application threads were stopped: 0.0739050 seconds, Stopping threads took: 0.0000800 seconds
222.973: Application time: 0.0249050 seconds
222.974: [Full GC [PSYoungGen: 138240K->33094K(161280K)] [ParOldGen: 367741K->367741K(368128K)] 505981K->400835K(529408K) [PSPermGen: 13647K->13647K(21504K)], 0.0732060 secs] [Times: user=0.52 sys=0.00, real=0.07 secs] 
223.047: Total time for which application threads were stopped: 0.0739310 seconds, Stopping threads took: 0.0000800 seconds
223.072: Application time: 0.0254050 seconds
223.073: [Full GC [PSYoungGen: 138240K->33034K(161280K)] [ParOldGen: 367741K->367741K(368128K)] 505981K->400775K(529408K) [PSPermGen: 13647K->13647K(21504K)], 0.0738270 secs] [Times: user=0.51 sys=0.00, real=0.08 secs] 
223.147: Total time for which application threads were stopped: 0.0745570 seconds, Stopping threads took: 0.0000860 seconds
223.172: Application time: 0.0252020 seconds
223.173: [Full GC [PSYoungGen: 138240K->32985K(161280K)] [ParOldGen: 367741K->367741K(368128K)] 505981K->400727K(529408K) [PSPermGen: 13647K->13647K(21504K)], 0.0733480 secs] [Times: user=0.52 sys=0.00, real=0.08 secs] 
223.246: Total time for which application threads were stopped: 0.0740870 seconds, Stopping threads took: 0.0000900 seconds
223.271: Application time: 0.0250680 seconds
223.272: [Full GC [PSYoungGen: 138240K->33004K(161280K)] [ParOldGen: 367741K->367741K(368128K)] 505981K->400745K(529408K) [PSPermGen: 13647K->13647K(21504K)], 0.0733280 secs] [Times: user=0.51 sys=0.01, real=0.07 secs] 
223.345: Total time for which application threads were stopped: 0.0740550 seconds, Stopping threads took: 0.0000820 seconds
223.370: Application time: 0.0248630 seconds
223.371: [Full GC [PSYoungGen: 138240K->33017K(161280K)] [ParOldGen: 367741K->367741K(368128K)] 505981K->400758K(529408K) [PSPermGen: 13647K->13647K(21504K)], 0.0729270 secs] [Times: user=0.52 sys=0.00, real=0.07 secs] 
223.444: Total time for which application threads were stopped: 0.0736270 seconds, Stopping threads took: 0.0000600 seconds
223.468: Application time: 0.0247530 seconds
223.469: [Full GC [PSYoungGen: 138240K->33031K(161280K)] [ParOldGen: 367741K->367741K(368128K)] 505981K->400772K(529408K) [PSPermGen: 13647K->13647K(21504K)], 0.0803780 secs] [Times: user=0.56 sys=0.00, real=0.08 secs] 
223.550: Total time for which application threads were stopped: 0.0811020 seconds, Stopping threads took: 0.0000720 seconds
223.574: Application time: 0.0248080 seconds
223.575: [Full GC [PSYoungGen: 138240K->33048K(161280K)] [ParOldGen: 367741K->367741K(368128K)] 505981K->400790K(529408K) [PSPermGen: 13647K->13647K(21504K)], 0.0738840 secs] [Times: user=0.52 sys=0.00, real=0.07 secs] 
223.649: Total time for which application threads were stopped: 0.0744970 seconds, Stopping threads took: 0.0000590 seconds
223.674: Application time: 0.0251050 seconds
223.675: [Full GC [PSYoungGen: 138240K->33063K(161280K)] [ParOldGen: 367741K->367741K(368128K)] 505981K->400804K(529408K) [PSPermGen: 13647K->13647K(21504K)], 0.0734740 secs] [Times: user=0.51 sys=0.00, real=0.07 secs] 
223.748: Total time for which application threads were stopped: 0.0741090 seconds, Stopping threads took: 0.0000610 seconds
223.774: Application time: 0.0261360 seconds
223.775: [Full GC [PSYoungGen: 138240K->32969K(161280K)] [ParOldGen: 367741K->367741K(368128K)] 505981K->400710K(529408K) [PSPermGen: 13647K->13647K(21504K)], 0.0734100 secs] [Times: user=0.52 sys=0.00, real=0.07 secs] 
223.848: Total time for which application threads were stopped: 0.0740320 seconds, Stopping threads took: 0.0000640 seconds
223.874: Application time: 0.0253410 seconds
223.874: [Full GC [PSYoungGen: 138240K->32896K(161280K)] [ParOldGen: 367741K->367741K(368128K)] 505981K->400637K(529408K) [PSPermGen: 13647K->13647K(21504K)], 0.0735580 secs] [Times: user=0.52 sys=0.00, real=0.07 secs] 
223.948: Total time for which application threads were stopped: 0.0742460 seconds, Stopping threads took: 0.0000680 seconds
223.973: Application time: 0.0249740 seconds
223.974: [Full GC [PSYoungGen: 138240K->32897K(161280K)] [ParOldGen: 367741K->367741K(368128K)] 505981K->400638K(529408K) [PSPermGen: 13647K->13647K(21504K)], 0.0727740 secs] [Times: user=0.52 sys=0.00, real=0.07 secs] 
224.046: Total time for which application threads were stopped: 0.0734950 seconds, Stopping threads took: 0.0000770 seconds
224.071: Application time: 0.0247200 seconds
224.072: [Full GC [PSYoungGen: 138240K->32913K(161280K)] [ParOldGen: 367741K->367741K(368128K)] 505981K->400655K(529408K) [PSPermGen: 13647K->13647K(21504K)], 0.0737050 secs] [Times: user=0.52 sys=0.00, real=0.07 secs] 
224.146: Total time for which application threads were stopped: 0.0744020 seconds, Stopping threads took: 0.0000580 seconds
224.170: Application time: 0.0249140 seconds
224.171: [Full GC [PSYoungGen: 138240K->32927K(161280K)] [ParOldGen: 367741K->367741K(368128K)] 505981K->400668K(529408K) [PSPermGen: 13647K->13647K(21504K)], 0.0729770 secs] [Times: user=0.52 sys=0.00, real=0.07 secs] 
224.244: Total time for which application threads were stopped: 0.0736650 seconds, Stopping threads took: 0.0000600 seconds
224.269: Application time: 0.0250780 seconds
224.270: [Full GC [PSYoungGen: 138240K->32888K(161280K)] [ParOldGen: 367741K->367741K(368128K)] 505981K->400629K(529408K) [PSPermGen: 13647K->13647K(21504K)], 0.0738820 secs] [Times: user=0.52 sys=0.00, real=0.07 secs] 
224.344: Total time for which application threads were stopped: 0.0745700 seconds, Stopping threads took: 0.0001020 seconds
224.369: Application time: 0.0248730 seconds
224.369: [Full GC [PSYoungGen: 138240K->32888K(161280K)] [ParOldGen: 367741K->367741K(368128K)] 505981K->400629K(529408K) [PSPermGen: 13647K->13647K(21504K)], 0.0742460 secs] [Times: user=0.52 sys=0.00, real=0.07 secs] 
224.443: Total time for which application threads were stopped: 0.0748670 seconds, Stopping threads took: 0.0000660 seconds
224.469: Application time: 0.0251250 seconds
224.469: [Full GC [PSYoungGen: 138240K->32903K(161280K)] [ParOldGen: 367741K->367741K(368128K)] 505981K->400645K(529408K) [PSPermGen: 13647K->13647K(21504K)], 0.0734220 secs] [Times: user=0.52 sys=0.00, real=0.07 secs] 
224.543: Total time for which application threads were stopped: 0.0741240 seconds, Stopping threads took: 0.0000670 seconds
224.568: Application time: 0.0251920 seconds
224.569: [Full GC [PSYoungGen: 138240K->32857K(161280K)] [ParOldGen: 367741K->367741K(368128K)] 505981K->400599K(529408K) [PSPermGen: 13647K->13647K(21504K)], 0.0733170 secs] [Times: user=0.52 sys=0.00, real=0.07 secs] 
224.642: Total time for which application threads were stopped: 0.0740010 seconds, Stopping threads took: 0.0000610 seconds
224.667: Application time: 0.0247410 seconds
224.667: [Full GC [PSYoungGen: 138240K->32861K(161280K)] [ParOldGen: 367741K->367741K(368128K)] 505981K->400602K(529408K) [PSPermGen: 13647K->13647K(21504K)], 0.0734610 secs] [Times: user=0.52 sys=0.00, real=0.07 secs] 
224.741: Total time for which application threads were stopped: 0.0741710 seconds, Stopping threads took: 0.0000670 seconds
224.766: Application time: 0.0255040 seconds
224.767: [Full GC [PSYoungGen: 138240K->32820K(161280K)] [ParOldGen: 367741K->367741K(368128K)] 505981K->400561K(529408K) [PSPermGen: 13647K->13647K(21504K)], 0.0733080 secs] [Times: user=0.52 sys=0.00, real=0.07 secs] 
224.840: Total time for which application threads were stopped: 0.0740220 seconds, Stopping threads took: 0.0000740 seconds
224.865: Application time: 0.0250780 seconds
224.866: [Full GC [PSYoungGen: 138240K->32821K(161280K)] [ParOldGen: 367741K->367741K(368128K)] 505981K->400562K(529408K) [PSPermGen: 13647K->13647K(21504K)], 0.0743020 secs] [Times: user=0.52 sys=0.00, real=0.07 secs] 
224.940: Total time for which application threads were stopped: 0.0749740 seconds, Stopping threads took: 0.0000950 seconds
224.965: Application time: 0.0250160 seconds
224.966: [Full GC [PSYoungGen: 138240K->32836K(161280K)] [ParOldGen: 367741K->367741K(368128K)] 505981K->400578K(529408K) [PSPermGen: 13647K->13647K(21504K)], 0.0748610 secs] [Times: user=0.51 sys=0.00, real=0.07 secs] 
225.041: Total time for which application threads were stopped: 0.0755840 seconds, Stopping threads took: 0.0000870 seconds
225.066: Application time: 0.0249740 seconds
225.067: [Full GC [PSYoungGen: 138240K->32852K(161280K)] [ParOldGen: 367741K->367741K(368128K)] 505981K->400593K(529408K) [PSPermGen: 13647K->13647K(21504K)], 0.0732970 secs] [Times: user=0.51 sys=0.00, real=0.07 secs] 
225.140: Total time for which application threads were stopped: 0.0740130 seconds, Stopping threads took: 0.0000700 seconds
225.165: Application time: 0.0248520 seconds
225.166: [Full GC [PSYoungGen: 138240K->32866K(161280K)] [ParOldGen: 367741K->367741K(368128K)] 505981K->400607K(529408K) [PSPermGen: 13647K->13647K(21504K)], 0.0728610 secs] [Times: user=0.52 sys=0.00, real=0.07 secs] 
225.239: Total time for which application threads were stopped: 0.0736000 seconds, Stopping threads took: 0.0001040 seconds
225.263: Application time: 0.0249240 seconds
225.264: [Full GC [PSYoungGen: 138240K->32881K(161280K)] [ParOldGen: 367741K->367741K(368128K)] 505981K->400623K(529408K) [PSPermGen: 13647K->13647K(21504K)], 0.0727900 secs] [Times: user=0.51 sys=0.00, real=0.08 secs] 
225.337: Total time for which application threads were stopped: 0.0734980 seconds, Stopping threads took: 0.0000760 seconds
225.362: Application time: 0.0249600 seconds
225.363: [Full GC [PSYoungGen: 138240K->32893K(161280K)] [ParOldGen: 367741K->367741K(368128K)] 505981K->400635K(529408K) [PSPermGen: 13647K->13647K(21504K)], 0.0738600 secs] [Times: user=0.51 sys=0.00, real=0.08 secs] 
225.436: Total time for which application threads were stopped: 0.0745490 seconds, Stopping threads took: 0.0001230 seconds
225.461: Application time: 0.0250200 seconds
225.462: [Full GC [PSYoungGen: 138240K->32910K(161280K)] [ParOldGen: 367741K->367741K(368128K)] 505981K->400652K(529408K) [PSPermGen: 13647K->13647K(21504K)], 0.0724610 secs] [Times: user=0.52 sys=0.00, real=0.08 secs] 
225.535: Total time for which application threads were stopped: 0.0731130 seconds, Stopping threads took: 0.0000660 seconds
225.559: Application time: 0.0247710 seconds
225.560: [Full GC [PSYoungGen: 138240K->32927K(161280K)] [ParOldGen: 367741K->367741K(368128K)] 505981K->400669K(529408K) [PSPermGen: 13647K->13647K(21504K)], 0.0729870 secs] [Times: user=0.52 sys=0.00, real=0.07 secs] 
225.633: Total time for which application threads were stopped: 0.0736930 seconds, Stopping threads took: 0.0000560 seconds
225.658: Application time: 0.0248550 seconds
225.659: [Full GC [PSYoungGen: 138240K->32942K(161280K)] [ParOldGen: 367741K->367741K(368128K)] 505981K->400684K(529408K) [PSPermGen: 13647K->13647K(21504K)], 0.0759660 secs] [Times: user=0.54 sys=0.00, real=0.08 secs] 
225.735: Total time for which application threads were stopped: 0.0766370 seconds, Stopping threads took: 0.0000450 seconds
225.759: Application time: 0.0247710 seconds
225.760: [Full GC [PSYoungGen: 138240K->32956K(161280K)] [ParOldGen: 367741K->367741K(368128K)] 505981K->400697K(529408K) [PSPermGen: 13647K->13647K(21504K)], 0.0740850 secs] [Times: user=0.52 sys=0.00, real=0.08 secs] 
225.834: Total time for which application threads were stopped: 0.0747490 seconds, Stopping threads took: 0.0000920 seconds
225.859: Application time: 0.0248940 seconds
225.860: [Full GC [PSYoungGen: 138240K->32971K(161280K)] [ParOldGen: 367741K->367741K(368128K)] 505981K->400712K(529408K) [PSPermGen: 13647K->13647K(21504K)], 0.0738470 secs] [Times: user=0.52 sys=0.00, real=0.07 secs] 
225.933: Total time for which application threads were stopped: 0.0744430 seconds, Stopping threads took: 0.0000410 seconds
225.958: Application time: 0.0249790 seconds
225.959: [Full GC [PSYoungGen: 138240K->32987K(161280K)] [ParOldGen: 367741K->367741K(368128K)] 505981K->400729K(529408K) [PSPermGen: 13647K->13647K(21504K)], 0.0729150 secs] [Times: user=0.52 sys=0.00, real=0.07 secs] 
226.032: Total time for which application threads were stopped: 0.0735830 seconds, Stopping threads took: 0.0000460 seconds
226.057: Application time: 0.0247710 seconds
226.057: [Full GC [PSYoungGen: 138240K->32999K(161280K)] [ParOldGen: 367741K->367741K(368128K)] 505981K->400741K(529408K) [PSPermGen: 13647K->13647K(21504K)], 0.0739020 secs] [Times: user=0.52 sys=0.00, real=0.07 secs] 
226.131: Total time for which application threads were stopped: 0.0745240 seconds, Stopping threads took: 0.0000480 seconds
226.156: Application time: 0.0244100 seconds
226.156: [Full GC [PSYoungGen: 138240K->33017K(161280K)] [ParOldGen: 367741K->367741K(368128K)] 505981K->400758K(529408K) [PSPermGen: 13647K->13647K(21504K)], 0.0728690 secs] [Times: user=0.52 sys=0.00, real=0.07 secs] 
226.229: Total time for which application threads were stopped: 0.0735660 seconds, Stopping threads took: 0.0000670 seconds
226.254: Application time: 0.0248570 seconds
226.255: [Full GC [PSYoungGen: 138240K->33034K(161280K)] [ParOldGen: 367741K->367741K(368128K)] 505981K->400775K(529408K) [PSPermGen: 13647K->13647K(21504K)], 0.0752540 secs] [Times: user=0.53 sys=0.00, real=0.07 secs] 
226.330: Total time for which application threads were stopped: 0.0758540 seconds, Stopping threads took: 0.0000440 seconds
226.355: Application time: 0.0248020 seconds
226.355: [Full GC [PSYoungGen: 138240K->33046K(161280K)] [ParOldGen: 367741K->367741K(368128K)] 505981K->400788K(529408K) [PSPermGen: 13647K->13647K(21504K)], 0.0734990 secs] [Times: user=0.52 sys=0.00, real=0.07 secs] 
226.429: Total time for which application threads were stopped: 0.0741790 seconds, Stopping threads took: 0.0000420 seconds
226.454: Application time: 0.0247810 seconds
226.454: [Full GC [PSYoungGen: 138240K->33062K(161280K)] [ParOldGen: 367741K->367741K(368128K)] 505981K->400803K(529408K) [PSPermGen: 13647K->13647K(21504K)], 0.0741230 secs] [Times: user=0.52 sys=0.00, real=0.07 secs] 
226.528: Total time for which application threads were stopped: 0.0747350 seconds, Stopping threads took: 0.0000600 seconds
226.555: Application time: 0.0260370 seconds
226.555: [Full GC [PSYoungGen: 138240K->33076K(161280K)] [ParOldGen: 367741K->367741K(368128K)] 505981K->400818K(529408K) [PSPermGen: 13647K->13647K(21504K)], 0.0748730 secs] [Times: user=0.53 sys=0.00, real=0.07 secs] 
226.630: Total time for which application threads were stopped: 0.0755120 seconds, Stopping threads took: 0.0000490 seconds
226.655: Application time: 0.0247920 seconds
226.656: [Full GC [PSYoungGen: 138240K->33091K(161280K)] [ParOldGen: 367741K->367741K(368128K)] 505981K->400833K(529408K) [PSPermGen: 13647K->13647K(21504K)], 0.0738740 secs] [Times: user=0.51 sys=0.00, real=0.07 secs] 
226.729: Total time for which application threads were stopped: 0.0746170 seconds, Stopping threads took: 0.0000820 seconds
226.755: Application time: 0.0256580 seconds
226.756: [Full GC [PSYoungGen: 138240K->32973K(161280K)] [ParOldGen: 367741K->367741K(368128K)] 505981K->400715K(529408K) [PSPermGen: 13647K->13647K(21504K)], 0.0749040 secs] [Times: user=0.53 sys=0.00, real=0.07 secs] 
226.831: Total time for which application threads were stopped: 0.0756780 seconds, Stopping threads took: 0.0000920 seconds
226.856: Application time: 0.0249730 seconds
226.856: [Full GC [PSYoungGen: 138240K->32982K(161280K)] [ParOldGen: 367741K->367741K(368128K)] 505981K->400724K(529408K) [PSPermGen: 13647K->13647K(21504K)], 0.0734760 secs] [Times: user=0.52 sys=0.00, real=0.07 secs] 
226.930: Total time for which application threads were stopped: 0.0741010 seconds, Stopping threads took: 0.0000690 seconds
226.955: Application time: 0.0249090 seconds
226.955: [Full GC [PSYoungGen: 138240K->32997K(161280K)] [ParOldGen: 367741K->367741K(368128K)] 505981K->400738K(529408K) [PSPermGen: 13647K->13647K(21504K)], 0.0734550 secs] [Times: user=0.51 sys=0.00, real=0.07 secs] 
227.029: Total time for which application threads were stopped: 0.0741140 seconds, Stopping threads took: 0.0000440 seconds
227.054: Application time: 0.0249190 seconds
227.054: [Full GC [PSYoungGen: 138240K->33010K(161280K)] [ParOldGen: 367741K->367741K(368128K)] 505981K->400751K(529408K) [PSPermGen: 13647K->13647K(21504K)], 0.0748680 secs] [Times: user=0.53 sys=0.00, real=0.07 secs] 
227.129: Total time for which application threads were stopped: 0.0755640 seconds, Stopping threads took: 0.0000610 seconds
227.154: Application time: 0.0249510 seconds
227.155: [Full GC [PSYoungGen: 138240K->33026K(161280K)] [ParOldGen: 367741K->367741K(368128K)] 505981K->400768K(529408K) [PSPermGen: 13647K->13647K(21504K)], 0.0733320 secs] [Times: user=0.52 sys=0.00, real=0.07 secs] 
227.228: Total time for which application threads were stopped: 0.0740290 seconds, Stopping threads took: 0.0000620 seconds
227.254: Application time: 0.0255410 seconds
227.255: [Full GC [PSYoungGen: 138240K->33032K(161280K)] [ParOldGen: 367741K->367741K(368128K)] 505981K->400773K(529408K) [PSPermGen: 13647K->13647K(21504K)], 0.0733710 secs] [Times: user=0.52 sys=0.00, real=0.07 secs] 
227.328: Total time for which application threads were stopped: 0.0740490 seconds, Stopping threads took: 0.0000390 seconds
227.354: Application time: 0.0258960 seconds
227.354: [Full GC [PSYoungGen: 138240K->32933K(161280K)] [ParOldGen: 367741K->367741K(368128K)] 505981K->400675K(529408K) [PSPermGen: 13647K->13647K(21504K)], 0.0735870 secs] [Times: user=0.52 sys=0.00, real=0.07 secs] 
227.428: Total time for which application threads were stopped: 0.0742310 seconds, Stopping threads took: 0.0000950 seconds
227.453: Application time: 0.0249760 seconds
227.454: [Full GC [PSYoungGen: 138240K->32930K(161280K)] [ParOldGen: 367741K->367741K(368128K)] 505981K->400672K(529408K) [PSPermGen: 13647K->13647K(21504K)], 0.0734800 secs] [Times: user=0.52 sys=0.00, real=0.07 secs] 
227.527: Total time for which application threads were stopped: 0.0741010 seconds, Stopping threads took: 0.0000570 seconds
227.552: Application time: 0.0252280 seconds
227.553: [Full GC [PSYoungGen: 138240K->32947K(161280K)] [ParOldGen: 367741K->367741K(368128K)] 505981K->400689K(529408K) [PSPermGen: 13647K->13647K(21504K)], 0.0732320 secs] [Times: user=0.52 sys=0.00, real=0.08 secs] 
227.626: Total time for which application threads were stopped: 0.0739310 seconds, Stopping threads took: 0.0000650 seconds
227.651: Application time: 0.0248860 seconds
227.652: [Full GC [PSYoungGen: 138240K->32962K(161280K)] [ParOldGen: 367741K->367741K(368128K)] 505981K->400704K(529408K) [PSPermGen: 13647K->13647K(21504K)], 0.0729930 secs] [Times: user=0.51 sys=0.00, real=0.07 secs] 
227.725: Total time for which application threads were stopped: 0.0736660 seconds, Stopping threads took: 0.0000470 seconds
227.750: Application time: 0.0248930 seconds
227.750: [Full GC [PSYoungGen: 138240K->32977K(161280K)] [ParOldGen: 367741K->367741K(368128K)] 505981K->400719K(529408K) [PSPermGen: 13647K->13647K(21504K)], 0.0731770 secs] [Times: user=0.52 sys=0.00, real=0.07 secs] 
227.824: Total time for which application threads were stopped: 0.0739300 seconds, Stopping threads took: 0.0001390 seconds
227.849: Application time: 0.0252480 seconds
227.850: [Full GC [PSYoungGen: 138240K->32995K(161280K)] [ParOldGen: 367741K->367741K(368128K)] 505981K->400736K(529408K) [PSPermGen: 13647K->13647K(21504K)], 0.0731520 secs] [Times: user=0.52 sys=0.00, real=0.07 secs] 
227.923: Total time for which application threads were stopped: 0.0738870 seconds, Stopping threads took: 0.0000590 seconds
227.948: Application time: 0.0253890 seconds
227.949: [Full GC [PSYoungGen: 138240K->32950K(161280K)] [ParOldGen: 367741K->367741K(368128K)] 505981K->400692K(529408K) [PSPermGen: 13647K->13647K(21504K)], 0.0740980 secs] [Times: user=0.52 sys=0.00, real=0.07 secs] 
228.023: Total time for which application threads were stopped: 0.0748250 seconds, Stopping threads took: 0.0000890 seconds
228.049: Application time: 0.0256500 seconds
228.049: [Full GC [PSYoungGen: 138240K->32898K(161280K)] [ParOldGen: 367741K->367741K(368128K)] 505981K->400639K(529408K) [PSPermGen: 13647K->13647K(21504K)], 0.0755800 secs] [Times: user=0.51 sys=0.00, real=0.07 secs] 
228.125: Total time for which application threads were stopped: 0.0762010 seconds, Stopping threads took: 0.0000580 seconds
228.150: Application time: 0.0249290 seconds
228.150: [Full GC [PSYoungGen: 138240K->32899K(161280K)] [ParOldGen: 367741K->367741K(368128K)] 505981K->400640K(529408K) [PSPermGen: 13647K->13647K(21504K)], 0.0726870 secs] [Times: user=0.52 sys=0.00, real=0.07 secs] 
228.223: Total time for which application threads were stopped: 0.0733660 seconds, Stopping threads took: 0.0000620 seconds
228.248: Application time: 0.0250110 seconds
228.249: [Full GC [PSYoungGen: 138240K->32913K(161280K)] [ParOldGen: 367741K->367741K(368128K)] 505981K->400654K(529408K) [PSPermGen: 13647K->13647K(21504K)], 0.0725690 secs] [Times: user=0.51 sys=0.00, real=0.07 secs] 
228.322: Total time for which application threads were stopped: 0.0732960 seconds, Stopping threads took: 0.0000850 seconds
228.347: Application time: 0.0251890 seconds
228.347: [Full GC [PSYoungGen: 138240K->32864K(161280K)] [ParOldGen: 367741K->367741K(368128K)] 505981K->400606K(529408K) [PSPermGen: 13647K->13647K(21504K)], 0.0736880 secs] [Times: user=0.51 sys=0.00, real=0.07 secs] 
228.421: Total time for which application threads were stopped: 0.0742950 seconds, Stopping threads took: 0.0000530 seconds
228.446: Application time: 0.0251450 seconds
228.447: [Full GC [PSYoungGen: 138240K->32872K(161280K)] [ParOldGen: 367741K->367741K(368128K)] 505981K->400614K(529408K) [PSPermGen: 13647K->13647K(21504K)], 0.0727360 secs] [Times: user=0.52 sys=0.00, real=0.07 secs] 
228.520: Total time for which application threads were stopped: 0.0734490 seconds, Stopping threads took: 0.0000530 seconds
228.545: Application time: 0.0252970 seconds
228.546: [Full GC [PSYoungGen: 138240K->32832K(161280K)] [ParOldGen: 367741K->367741K(368128K)] 505981K->400573K(529408K) [PSPermGen: 13647K->13647K(21504K)], 0.0736710 secs] [Times: user=0.52 sys=0.00, real=0.07 secs] 
228.619: Total time for which application threads were stopped: 0.0743870 seconds, Stopping threads took: 0.0000690 seconds
228.644: Application time: 0.0250260 seconds
228.645: [Full GC [PSYoungGen: 138240K->32831K(161280K)] [ParOldGen: 367741K->367741K(368128K)] 505981K->400573K(529408K) [PSPermGen: 13647K->13647K(21504K)], 0.0734750 secs] [Times: user=0.51 sys=0.00, real=0.08 secs] 
228.718: Total time for which application threads were stopped: 0.0740910 seconds, Stopping threads took: 0.0000630 seconds
228.743: Application time: 0.0248970 seconds
228.744: [Full GC [PSYoungGen: 138240K->32848K(161280K)] [ParOldGen: 367741K->367741K(368128K)] 505981K->400589K(529408K) [PSPermGen: 13647K->13647K(21504K)], 0.0731120 secs] [Times: user=0.52 sys=0.00, real=0.08 secs] 
228.817: Total time for which application threads were stopped: 0.0738100 seconds, Stopping threads took: 0.0000580 seconds
228.842: Application time: 0.0249190 seconds
228.843: [Full GC [PSYoungGen: 138240K->32862K(161280K)] [ParOldGen: 367741K->367741K(368128K)] 505981K->400603K(529408K) [PSPermGen: 13647K->13647K(21504K)], 0.0731080 secs] [Times: user=0.51 sys=0.00, real=0.08 secs] 
228.916: Total time for which application threads were stopped: 0.0738070 seconds, Stopping threads took: 0.0000600 seconds
228.941: Application time: 0.0250860 seconds
228.942: [Full GC [PSYoungGen: 138240K->32876K(161280K)] [ParOldGen: 367741K->367741K(368128K)] 505981K->400617K(529408K) [PSPermGen: 13647K->13647K(21504K)], 0.0736640 secs] [Times: user=0.52 sys=0.00, real=0.08 secs] 
229.015: Total time for which application threads were stopped: 0.0744160 seconds, Stopping threads took: 0.0000940 seconds
229.040: Application time: 0.0247280 seconds
229.041: [Full GC [PSYoungGen: 138240K->32887K(161280K)] [ParOldGen: 367741K->367741K(368128K)] 505981K->400628K(529408K) [PSPermGen: 13647K->13647K(21504K)], 0.0741570 secs] [Times: user=0.51 sys=0.00, real=0.08 secs] 
229.115: Total time for which application threads were stopped: 0.0748830 seconds, Stopping threads took: 0.0001280 seconds
229.140: Application time: 0.0252790 seconds
229.141: [Full GC [PSYoungGen: 138240K->32907K(161280K)] [ParOldGen: 367741K->367741K(368128K)] 505981K->400649K(529408K) [PSPermGen: 13647K->13647K(21504K)], 0.0735500 secs] [Times: user=0.52 sys=0.01, real=0.08 secs] 
229.215: Total time for which application threads were stopped: 0.0742170 seconds, Stopping threads took: 0.0000630 seconds
229.239: Application time: 0.0249320 seconds
229.240: [Full GC [PSYoungGen: 138240K->32922K(161280K)] [ParOldGen: 367741K->367741K(368128K)] 505981K->400664K(529408K) [PSPermGen: 13647K->13647K(21504K)], 0.0734130 secs] [Times: user=0.51 sys=0.00, real=0.07 secs] 
229.314: Total time for which application threads were stopped: 0.0740220 seconds, Stopping threads took: 0.0000460 seconds
229.338: Application time: 0.0249030 seconds
229.339: [Full GC [PSYoungGen: 138240K->32936K(161280K)] [ParOldGen: 367741K->367741K(368128K)] 505981K->400678K(529408K) [PSPermGen: 13647K->13647K(21504K)], 0.0728620 secs] [Times: user=0.51 sys=0.00, real=0.07 secs] 
229.412: Total time for which application threads were stopped: 0.0735680 seconds, Stopping threads took: 0.0000620 seconds
229.437: Application time: 0.0249070 seconds
229.438: [Full GC [PSYoungGen: 138240K->32951K(161280K)] [ParOldGen: 367741K->367741K(368128K)] 505981K->400692K(529408K) [PSPermGen: 13647K->13647K(21504K)], 0.0732710 secs] [Times: user=0.51 sys=0.01, real=0.07 secs] 
229.511: Total time for which application threads were stopped: 0.0739730 seconds, Stopping threads took: 0.0000620 seconds
229.536: Application time: 0.0246760 seconds
229.536: [Full GC [PSYoungGen: 138240K->32966K(161280K)] [ParOldGen: 367741K->367741K(368128K)] 505981K->400707K(529408K) [PSPermGen: 13647K->13647K(21504K)], 0.0748090 secs] [Times: user=0.52 sys=0.00, real=0.07 secs] 
229.611: Total time for which application threads were stopped: 0.0754950 seconds, Stopping threads took: 0.0000590 seconds
229.636: Application time: 0.0247600 seconds
229.636: [Full GC [PSYoungGen: 138240K->32980K(161280K)] [ParOldGen: 367741K->367741K(368128K)] 505981K->400721K(529408K) [PSPermGen: 13647K->13647K(21504K)], 0.0727740 secs] [Times: user=0.51 sys=0.00, real=0.07 secs] 
229.709: Total time for which application threads were stopped: 0.0735250 seconds, Stopping threads took: 0.0000900 seconds
229.734: Application time: 0.0247090 seconds
229.735: [Full GC [PSYoungGen: 138240K->32997K(161280K)] [ParOldGen: 367741K->367741K(368128K)] 505981K->400738K(529408K) [PSPermGen: 13647K->13647K(21504K)], 0.0735900 secs] [Times: user=0.52 sys=0.00, real=0.07 secs] 
229.808: Total time for which application threads were stopped: 0.0742000 seconds, Stopping threads took: 0.0000590 seconds
229.833: Application time: 0.0249320 seconds
229.834: [Full GC [PSYoungGen: 138240K->33010K(161280K)] [ParOldGen: 367741K->367741K(368128K)] 505981K->400751K(529408K) [PSPermGen: 13647K->13647K(21504K)], 0.0738440 secs] [Times: user=0.52 sys=0.00, real=0.07 secs] 
229.908: Total time for which application threads were stopped: 0.0744650 seconds, Stopping threads took: 0.0000550 seconds
229.932: Application time: 0.0245970 seconds
229.933: [Full GC [PSYoungGen: 138240K->33028K(161280K)] [ParOldGen: 367741K->367741K(368128K)] 505981K->400769K(529408K) [PSPermGen: 13647K->13647K(21504K)], 0.0738520 secs] [Times: user=0.52 sys=0.00, real=0.08 secs] 
230.007: Total time for which application threads were stopped: 0.0745180 seconds, Stopping threads took: 0.0000370 seconds
230.032: Application time: 0.0248030 seconds
230.032: [Full GC [PSYoungGen: 138240K->33041K(161280K)] [ParOldGen: 367741K->367741K(368128K)] 505981K->400783K(529408K) [PSPermGen: 13647K->13647K(21504K)], 0.0742580 secs] [Times: user=0.52 sys=0.00, real=0.08 secs] 
230.106: Total time for which application threads were stopped: 0.0748940 seconds, Stopping threads took: 0.0000700 seconds
230.132: Application time: 0.0257690 seconds
230.133: [Full GC [PSYoungGen: 138240K->33056K(161280K)] [ParOldGen: 367741K->367741K(368128K)] 505981K->400797K(529408K) [PSPermGen: 13647K->13647K(21504K)], 0.0730470 secs] [Times: user=0.51 sys=0.00, real=0.08 secs] 
230.206: Total time for which application threads were stopped: 0.0737220 seconds, Stopping threads took: 0.0000570 seconds
230.231: Application time: 0.0249300 seconds
230.231: [Full GC [PSYoungGen: 138240K->33072K(161280K)] [ParOldGen: 367741K->367741K(368128K)] 505981K->400814K(529408K) [PSPermGen: 13647K->13647K(21504K)], 0.0744720 secs] [Times: user=0.52 sys=0.00, real=0.08 secs] 
230.306: Total time for which application threads were stopped: 0.0751140 seconds, Stopping threads took: 0.0000500 seconds
230.331: Application time: 0.0247610 seconds
230.331: [Full GC [PSYoungGen: 138240K->33088K(161280K)] [ParOldGen: 367741K->367741K(368128K)] 505981K->400829K(529408K) [PSPermGen: 13647K->13647K(21504K)], 0.0737160 secs] [Times: user=0.52 sys=0.00, real=0.07 secs] 
230.405: Total time for which application threads were stopped: 0.0744380 seconds, Stopping threads took: 0.0000950 seconds
230.430: Application time: 0.0249240 seconds
230.431: [Full GC [PSYoungGen: 138240K->33102K(161280K)] [ParOldGen: 367741K->367741K(368128K)] 505981K->400844K(529408K) [PSPermGen: 13647K->13647K(21504K)], 0.0742490 secs] [Times: user=0.52 sys=0.00, real=0.07 secs] 
230.505: Total time for which application threads were stopped: 0.0748860 seconds, Stopping threads took: 0.0000710 seconds
230.531: Application time: 0.0258550 seconds
230.531: [Full GC [PSYoungGen: 138240K->33010K(161280K)] [ParOldGen: 367741K->367741K(368128K)] 505981K->400751K(529408K) [PSPermGen: 13647K->13647K(21504K)], 0.0744570 secs] [Times: user=0.52 sys=0.00, real=0.08 secs] 
230.606: Total time for which application threads were stopped: 0.0750710 seconds, Stopping threads took: 0.0000620 seconds
230.631: Application time: 0.0249180 seconds
230.632: [Full GC [PSYoungGen: 138240K->32990K(161280K)] [ParOldGen: 367741K->367741K(368128K)] 505981K->400732K(529408K) [PSPermGen: 13647K->13647K(21504K)], 0.0731580 secs] [Times: user=0.51 sys=0.01, real=0.07 secs] 
230.705: Total time for which application threads were stopped: 0.0738780 seconds, Stopping threads took: 0.0000810 seconds
230.730: Application time: 0.0248750 seconds
230.730: [Full GC [PSYoungGen: 138240K->33007K(161280K)] [ParOldGen: 367741K->367741K(368128K)] 505981K->400748K(529408K) [PSPermGen: 13647K->13647K(21504K)], 0.0735970 secs] [Times: user=0.52 sys=0.00, real=0.07 secs] 
230.804: Total time for which application threads were stopped: 0.0742250 seconds, Stopping threads took: 0.0000550 seconds
230.829: Application time: 0.0248070 seconds
230.829: [Full GC [PSYoungGen: 138240K->33021K(161280K)] [ParOldGen: 367741K->367741K(368128K)] 505981K->400763K(529408K) [PSPermGen: 13647K->13647K(21504K)], 0.0727540 secs] [Times: user=0.51 sys=0.00, real=0.07 secs] 
230.902: Total time for which application threads were stopped: 0.0734870 seconds, Stopping threads took: 0.0000710 seconds
230.928: Application time: 0.0258530 seconds
230.929: [Full GC [PSYoungGen: 138240K->32924K(161280K)] [ParOldGen: 367741K->367741K(368128K)] 505981K->400666K(529408K) [PSPermGen: 13647K->13647K(21504K)], 0.0739160 secs] [Times: user=0.52 sys=0.00, real=0.07 secs] 
231.003: Total time for which application threads were stopped: 0.0745670 seconds, Stopping threads took: 0.0000660 seconds
231.027: Application time: 0.0247730 seconds
231.028: [Full GC [PSYoungGen: 138240K->32911K(161280K)] [ParOldGen: 367741K->367741K(368128K)] 505981K->400653K(529408K) [PSPermGen: 13647K->13647K(21504K)], 0.0757590 secs] [Times: user=0.51 sys=0.00, real=0.07 secs] 
231.104: Total time for which application threads were stopped: 0.0764170 seconds, Stopping threads took: 0.0001070 seconds
231.129: Application time: 0.0256750 seconds
231.130: [Full GC [PSYoungGen: 138240K->32927K(161280K)] [ParOldGen: 367741K->367741K(368128K)] 505981K->400668K(529408K) [PSPermGen: 13647K->13647K(21504K)], 0.0721640 secs] [Times: user=0.51 sys=0.00, real=0.07 secs] 
231.202: Total time for which application threads were stopped: 0.0728530 seconds, Stopping threads took: 0.0000670 seconds
231.227: Application time: 0.0250760 seconds
231.228: [Full GC [PSYoungGen: 138240K->32942K(161280K)] [ParOldGen: 367741K->367741K(368128K)] 505981K->400683K(529408K) [PSPermGen: 13647K->13647K(21504K)], 0.0769360 secs] [Times: user=0.54 sys=0.00, real=0.07 secs] 
231.305: Total time for which application threads were stopped: 0.0776850 seconds, Stopping threads took: 0.0001290 seconds
231.330: Application time: 0.0251810 seconds
231.331: [Full GC [PSYoungGen: 138240K->32957K(161280K)] [ParOldGen: 367741K->367741K(368128K)] 505981K->400699K(529408K) [PSPermGen: 13647K->13647K(21504K)], 0.0738470 secs] [Times: user=0.51 sys=0.00, real=0.07 secs] 
231.405: Total time for which application threads were stopped: 0.0745770 seconds, Stopping threads took: 0.0000720 seconds
231.430: Application time: 0.0251290 seconds
231.431: [Full GC [PSYoungGen: 138240K->32972K(161280K)] [ParOldGen: 367741K->367741K(368128K)] 505981K->400714K(529408K) [PSPermGen: 13647K->13647K(21504K)], 0.0739230 secs] [Times: user=0.52 sys=0.00, real=0.07 secs] 
231.505: Total time for which application threads were stopped: 0.0746410 seconds, Stopping threads took: 0.0000860 seconds
231.530: Application time: 0.0253870 seconds
231.531: [Full GC [PSYoungGen: 138240K->32930K(161280K)] [ParOldGen: 367741K->367741K(368128K)] 505981K->400671K(529408K) [PSPermGen: 13647K->13647K(21504K)], 0.0740020 secs] [Times: user=0.51 sys=0.00, real=0.07 secs] 
231.605: Total time for which application threads were stopped: 0.0746610 seconds, Stopping threads took: 0.0000420 seconds
231.630: Application time: 0.0251980 seconds
231.630: [Full GC [PSYoungGen: 138240K->32933K(161280K)] [ParOldGen: 367741K->367741K(368128K)] 505981K->400674K(529408K) [PSPermGen: 13647K->13647K(21504K)], 0.0739350 secs] [Times: user=0.52 sys=0.00, real=0.07 secs] 
231.704: Total time for which application threads were stopped: 0.0745580 seconds, Stopping threads took: 0.0000590 seconds
231.730: Application time: 0.0251720 seconds
231.730: [Full GC [PSYoungGen: 138240K->32948K(161280K)] [ParOldGen: 367741K->367741K(368128K)] 505981K->400689K(529408K) [PSPermGen: 13647K->13647K(21504K)], 0.0738410 secs] [Times: user=0.52 sys=0.00, real=0.07 secs] 
231.804: Total time for which application threads were stopped: 0.0745310 seconds, Stopping threads took: 0.0000570 seconds
231.829: Application time: 0.0252960 seconds
231.830: [Full GC [PSYoungGen: 138240K->32896K(161280K)] [ParOldGen: 367741K->367741K(368128K)] 505981K->400637K(529408K) [PSPermGen: 13647K->13647K(21504K)], 0.0737540 secs] [Times: user=0.52 sys=0.00, real=0.07 secs] 
231.904: Total time for which application threads were stopped: 0.0744500 seconds, Stopping threads took: 0.0000620 seconds
231.929: Application time: 0.0252630 seconds
231.930: [Full GC [PSYoungGen: 138240K->32907K(161280K)] [ParOldGen: 367741K->367741K(368128K)] 505981K->400648K(529408K) [PSPermGen: 13647K->13647K(21504K)], 0.0737670 secs] [Times: user=0.52 sys=0.00, real=0.07 secs] 
232.004: Total time for which application threads were stopped: 0.0745000 seconds, Stopping threads took: 0.0000860 seconds
232.029: Application time: 0.0253990 seconds
232.030: [Full GC [PSYoungGen: 138240K->32869K(161280K)] [ParOldGen: 367741K->367741K(368128K)] 505981K->400610K(529408K) [PSPermGen: 13647K->13647K(21504K)], 0.0739390 secs] [Times: user=0.52 sys=0.00, real=0.07 secs] 
232.104: Total time for which application threads were stopped: 0.0746070 seconds, Stopping threads took: 0.0000850 seconds
232.129: Application time: 0.0257890 seconds
232.130: [Full GC [PSYoungGen: 138240K->32868K(161280K)] [ParOldGen: 367741K->367741K(368128K)] 505981K->400609K(529408K) [PSPermGen: 13647K->13647K(21504K)], 0.0731140 secs] [Times: user=0.52 sys=0.00, real=0.07 secs] 
232.203: Total time for which application threads were stopped: 0.0738150 seconds, Stopping threads took: 0.0000670 seconds
232.228: Application time: 0.0249870 seconds
232.229: [Full GC [PSYoungGen: 138240K->32882K(161280K)] [ParOldGen: 367741K->367741K(368128K)] 505981K->400623K(529408K) [PSPermGen: 13647K->13647K(21504K)], 0.0733560 secs] [Times: user=0.49 sys=0.00, real=0.07 secs] 
232.302: Total time for which application threads were stopped: 0.0740030 seconds, Stopping threads took: 0.0000830 seconds
232.328: Application time: 0.0261210 seconds
232.329: [Full GC [PSYoungGen: 138240K->32898K(161280K)] [ParOldGen: 367741K->367741K(368128K)] 505981K->400639K(529408K) [PSPermGen: 13647K->13647K(21504K)], 0.1006270 secs] [Times: user=0.67 sys=0.00, real=0.10 secs] 
232.430: Total time for which application threads were stopped: 0.1013380 seconds, Stopping threads took: 0.0000860 seconds
232.455: Application time: 0.0250430 seconds
232.455: [Full GC [PSYoungGen: 138240K->32912K(161280K)] [ParOldGen: 367741K->367741K(368128K)] 505981K->400653K(529408K) [PSPermGen: 13647K->13647K(21504K)], 0.0732180 secs] [Times: user=0.51 sys=0.00, real=0.07 secs] 
232.529: Total time for which application threads were stopped: 0.0739200 seconds, Stopping threads took: 0.0000660 seconds
232.554: Application time: 0.0250720 seconds
232.554: [Full GC [PSYoungGen: 138240K->32928K(161280K)] [ParOldGen: 367741K->367741K(368128K)] 505981K->400669K(529408K) [PSPermGen: 13647K->13647K(21504K)], 0.0743230 secs] [Times: user=0.49 sys=0.01, real=0.07 secs] 
232.629: Total time for which application threads were stopped: 0.0749300 seconds, Stopping threads took: 0.0000500 seconds
232.654: Application time: 0.0250830 seconds
232.654: [Full GC [PSYoungGen: 138240K->32939K(161280K)] [ParOldGen: 367741K->367741K(368128K)] 505981K->400681K(529408K) [PSPermGen: 13647K->13647K(21504K)], 0.0733770 secs] [Times: user=0.52 sys=0.00, real=0.07 secs] 
232.728: Total time for which application threads were stopped: 0.0740810 seconds, Stopping threads took: 0.0000680 seconds
232.753: Application time: 0.0248360 seconds
232.753: [Full GC [PSYoungGen: 138240K->32890K(161280K)] [ParOldGen: 367741K->367741K(368128K)] 505981K->400631K(529408K) [PSPermGen: 13647K->13647K(21504K)], 0.0737240 secs] [Times: user=0.52 sys=0.00, real=0.08 secs] 
232.827: Total time for which application threads were stopped: 0.0744070 seconds, Stopping threads took: 0.0000670 seconds
232.852: Application time: 0.0250440 seconds
232.853: [Full GC [PSYoungGen: 138240K->32902K(161280K)] [ParOldGen: 367741K->367741K(368128K)] 505981K->400644K(529408K) [PSPermGen: 13647K->13647K(21504K)], 0.0728880 secs] [Times: user=0.51 sys=0.00, real=0.08 secs] 
232.926: Total time for which application threads were stopped: 0.0735880 seconds, Stopping threads took: 0.0000660 seconds
232.951: Application time: 0.0253450 seconds
232.952: [Full GC [PSYoungGen: 138240K->32918K(161280K)] [ParOldGen: 367741K->367741K(368128K)] 505981K->400659K(529408K) [PSPermGen: 13647K->13647K(21504K)], 0.0730750 secs] [Times: user=0.52 sys=0.00, real=0.07 secs] 
233.025: Total time for which application threads were stopped: 0.0737490 seconds, Stopping threads took: 0.0000390 seconds
233.050: Application time: 0.0255470 seconds
233.051: [Full GC [PSYoungGen: 138240K->32932K(161280K)] [ParOldGen: 367741K->367741K(368128K)] 505981K->400674K(529408K) [PSPermGen: 13647K->13647K(21504K)], 0.0740660 secs] [Times: user=0.52 sys=0.00, real=0.07 secs] 
233.125: Total time for which application threads were stopped: 0.0747880 seconds, Stopping threads took: 0.0000600 seconds
233.150: Application time: 0.0250600 seconds
233.151: [Full GC [PSYoungGen: 138240K->32947K(161280K)] [ParOldGen: 367741K->367741K(368128K)] 505981K->400688K(529408K) [PSPermGen: 13647K->13647K(21504K)], 0.0734340 secs] [Times: user=0.51 sys=0.00, real=0.07 secs] 
233.224: Total time for which application threads were stopped: 0.0740620 seconds, Stopping threads took: 0.0000750 seconds
233.250: Application time: 0.0252080 seconds
233.250: [Full GC [PSYoungGen: 138240K->32960K(161280K)] [ParOldGen: 367741K->367741K(368128K)] 505981K->400701K(529408K) [PSPermGen: 13647K->13647K(21504K)], 0.0743420 secs] [Times: user=0.53 sys=0.00, real=0.07 secs] 
233.325: Total time for which application threads were stopped: 0.0749730 seconds, Stopping threads took: 0.0000650 seconds
233.350: Application time: 0.0250500 seconds
233.350: [Full GC [PSYoungGen: 138240K->32975K(161280K)] [ParOldGen: 367741K->367741K(368128K)] 505981K->400717K(529408K) [PSPermGen: 13647K->13647K(21504K)], 0.0735760 secs] [Times: user=0.52 sys=0.00, real=0.07 secs] 
233.424: Total time for which application threads were stopped: 0.0742110 seconds, Stopping threads took: 0.0000860 seconds
233.449: Application time: 0.0252410 seconds
233.450: [Full GC [PSYoungGen: 138240K->32990K(161280K)] [ParOldGen: 367741K->367741K(368128K)] 505981K->400731K(529408K) [PSPermGen: 13647K->13647K(21504K)], 0.0737120 secs] [Times: user=0.52 sys=0.00, real=0.07 secs] 
233.523: Total time for which application threads were stopped: 0.0744050 seconds, Stopping threads took: 0.0000700 seconds
233.549: Application time: 0.0250710 seconds
233.549: [Full GC [PSYoungGen: 138240K->33006K(161280K)] [ParOldGen: 367741K->367741K(368128K)] 505981K->400748K(529408K) [PSPermGen: 13647K->13647K(21504K)], 0.0740950 secs] [Times: user=0.52 sys=0.00, real=0.07 secs] 
233.623: Total time for which application threads were stopped: 0.0747880 seconds, Stopping threads took: 0.0000670 seconds
233.648: Application time: 0.0250690 seconds
233.649: [Full GC [PSYoungGen: 138240K->33022K(161280K)] [ParOldGen: 367741K->367741K(368128K)] 505981K->400763K(529408K) [PSPermGen: 13647K->13647K(21504K)], 0.0730240 secs] [Times: user=0.52 sys=0.00, real=0.07 secs] 
233.722: Total time for which application threads were stopped: 0.0738100 seconds, Stopping threads took: 0.0001310 seconds
233.747: Application time: 0.0251390 seconds
233.748: [Full GC [PSYoungGen: 138240K->33037K(161280K)] [ParOldGen: 367741K->367741K(368128K)] 505981K->400778K(529408K) [PSPermGen: 13647K->13647K(21504K)], 0.0730110 secs] [Times: user=0.51 sys=0.00, real=0.07 secs] 
233.821: Total time for which application threads were stopped: 0.0737230 seconds, Stopping threads took: 0.0000770 seconds
233.846: Application time: 0.0249630 seconds
233.847: [Full GC [PSYoungGen: 138240K->33053K(161280K)] [ParOldGen: 367741K->367741K(368128K)] 505981K->400794K(529408K) [PSPermGen: 13647K->13647K(21504K)], 0.0736210 secs] [Times: user=0.52 sys=0.00, real=0.07 secs] 
233.920: Total time for which application threads were stopped: 0.0743460 seconds, Stopping threads took: 0.0000890 seconds
233.945: Application time: 0.0249470 seconds
233.946: [Full GC [PSYoungGen: 138240K->33069K(161280K)] [ParOldGen: 367741K->367741K(368128K)] 505981K->400810K(529408K) [PSPermGen: 13647K->13647K(21504K)], 0.0739940 secs] [Times: user=0.52 sys=0.00, real=0.07 secs] 
234.020: Total time for which application threads were stopped: 0.0746830 seconds, Stopping threads took: 0.0000630 seconds
234.045: Application time: 0.0250840 seconds
234.046: [Full GC [PSYoungGen: 138240K->33082K(161280K)] [ParOldGen: 367741K->367741K(368128K)] 505981K->400823K(529408K) [PSPermGen: 13647K->13647K(21504K)], 0.0735060 secs] [Times: user=0.52 sys=0.00, real=0.07 secs] 
234.119: Total time for which application threads were stopped: 0.0742190 seconds, Stopping threads took: 0.0000770 seconds
234.146: Application time: 0.0266050 seconds
234.147: [Full GC [PSYoungGen: 138240K->33100K(161280K)] [ParOldGen: 367741K->367741K(368128K)] 505981K->400841K(529408K) [PSPermGen: 13647K->13647K(21504K)], 0.0735850 secs] [Times: user=0.52 sys=0.00, real=0.07 secs] 
234.220: Total time for which application threads were stopped: 0.0742540 seconds, Stopping threads took: 0.0000580 seconds
234.246: Application time: 0.0256150 seconds
234.247: [Full GC [PSYoungGen: 138240K->33049K(161280K)] [ParOldGen: 367741K->367741K(368128K)] 505981K->400790K(529408K) [PSPermGen: 13647K->13647K(21504K)], 0.0737620 secs] [Times: user=0.52 sys=0.00, real=0.07 secs] 
234.320: Total time for which application threads were stopped: 0.0745190 seconds, Stopping threads took: 0.0001030 seconds
234.346: Application time: 0.0252880 seconds
234.346: [Full GC [PSYoungGen: 138240K->33051K(161280K)] [ParOldGen: 367741K->367741K(368128K)] 505981K->400792K(529408K) [PSPermGen: 13647K->13647K(21504K)], 0.0735630 secs] [Times: user=0.52 sys=0.00, real=0.07 secs] 
234.420: Total time for which application threads were stopped: 0.0742110 seconds, Stopping threads took: 0.0000350 seconds
234.446: Application time: 0.0258840 seconds
234.446: [Full GC [PSYoungGen: 138240K->32892K(161280K)] [ParOldGen: 367741K->367741K(368128K)] 505981K->400633K(529408K) [PSPermGen: 13647K->13647K(21504K)], 0.0732840 secs] [Times: user=0.52 sys=0.00, real=0.07 secs] 
234.520: Total time for which application threads were stopped: 0.0740020 seconds, Stopping threads took: 0.0001010 seconds
234.545: Application time: 0.0251790 seconds
234.546: [Full GC [PSYoungGen: 138240K->32877K(161280K)] [ParOldGen: 367741K->367741K(368128K)] 505981K->400618K(529408K) [PSPermGen: 13647K->13647K(21504K)], 0.0730180 secs] [Times: user=0.51 sys=0.00, real=0.07 secs] 
234.619: Total time for which application threads were stopped: 0.0737360 seconds, Stopping threads took: 0.0000740 seconds
234.644: Application time: 0.0249830 seconds
234.644: [Full GC [PSYoungGen: 138240K->32890K(161280K)] [ParOldGen: 367741K->367741K(368128K)] 505981K->400632K(529408K) [PSPermGen: 13647K->13647K(21504K)], 0.0744910 secs] [Times: user=0.53 sys=0.00, real=0.08 secs] 
234.719: Total time for which application threads were stopped: 0.0751920 seconds, Stopping threads took: 0.0000740 seconds
234.744: Application time: 0.0250830 seconds
234.745: [Full GC [PSYoungGen: 138240K->32908K(161280K)] [ParOldGen: 367741K->367741K(368128K)] 505981K->400649K(529408K) [PSPermGen: 13647K->13647K(21504K)], 0.0732380 secs] [Times: user=0.51 sys=0.00, real=0.08 secs] 
234.818: Total time for which application threads were stopped: 0.0739060 seconds, Stopping threads took: 0.0000550 seconds
234.843: Application time: 0.0252930 seconds
234.844: [Full GC [PSYoungGen: 138240K->32922K(161280K)] [ParOldGen: 367741K->367741K(368128K)] 505981K->400663K(529408K) [PSPermGen: 13647K->13647K(21504K)], 0.0734630 secs] [Times: user=0.51 sys=0.00, real=0.08 secs] 
234.917: Total time for which application threads were stopped: 0.0741130 seconds, Stopping threads took: 0.0000640 seconds
234.943: Application time: 0.0253440 seconds
234.943: [Full GC [PSYoungGen: 138240K->32934K(161280K)] [ParOldGen: 367741K->367741K(368128K)] 505981K->400675K(529408K) [PSPermGen: 13647K->13647K(21504K)], 0.0734700 secs] [Times: user=0.51 sys=0.00, real=0.08 secs] 
235.017: Total time for which application threads were stopped: 0.0741420 seconds, Stopping threads took: 0.0000510 seconds
235.042: Application time: 0.0252180 seconds
235.043: [Full GC [PSYoungGen: 138240K->32952K(161280K)] [ParOldGen: 367741K->367741K(368128K)] 505981K->400694K(529408K) [PSPermGen: 13647K->13647K(21504K)], 0.0735790 secs] [Times: user=0.52 sys=0.00, real=0.08 secs] 
235.116: Total time for which application threads were stopped: 0.0742800 seconds, Stopping threads took: 0.0000640 seconds
235.142: Application time: 0.0260240 seconds
235.143: [Full GC [PSYoungGen: 138240K->32914K(161280K)] [ParOldGen: 367741K->367741K(368128K)] 505981K->400656K(529408K) [PSPermGen: 13647K->13647K(21504K)], 0.0738390 secs] [Times: user=0.52 sys=0.00, real=0.08 secs] 
235.217: Total time for which application threads were stopped: 0.0745210 seconds, Stopping threads took: 0.0000570 seconds
235.242: Application time: 0.0251230 seconds
235.242: [Full GC [PSYoungGen: 138240K->32914K(161280K)] [ParOldGen: 367741K->367741K(368128K)] 505981K->400655K(529408K) [PSPermGen: 13647K->13647K(21504K)], 0.0737800 secs] [Times: user=0.52 sys=0.00, real=0.08 secs] 
235.316: Total time for which application threads were stopped: 0.0744090 seconds, Stopping threads took: 0.0000630 seconds
235.341: Application time: 0.0250790 seconds
235.342: [Full GC [PSYoungGen: 138240K->32927K(161280K)] [ParOldGen: 367741K->367741K(368128K)] 505981K->400669K(529408K) [PSPermGen: 13647K->13647K(21504K)], 0.0736130 secs] [Times: user=0.52 sys=0.00, real=0.08 secs] 
235.416: Total time for which application threads were stopped: 0.0742480 seconds, Stopping threads took: 0.0000680 seconds
235.441: Application time: 0.0252380 seconds
235.442: [Full GC [PSYoungGen: 138240K->32942K(161280K)] [ParOldGen: 367741K->367741K(368128K)] 505981K->400684K(529408K) [PSPermGen: 13647K->13647K(21504K)], 0.0740540 secs] [Times: user=0.52 sys=0.00, real=0.08 secs] 
235.516: Total time for which application threads were stopped: 0.0747200 seconds, Stopping threads took: 0.0000850 seconds
235.541: Application time: 0.0252700 seconds
235.542: [Full GC [PSYoungGen: 138240K->32955K(161280K)] [ParOldGen: 367741K->367741K(368128K)] 505981K->400697K(529408K) [PSPermGen: 13647K->13647K(21504K)], 0.0733050 secs] [Times: user=0.51 sys=0.00, real=0.08 secs] 
235.615: Total time for which application threads were stopped: 0.0740100 seconds, Stopping threads took: 0.0000610 seconds
235.640: Application time: 0.0255480 seconds
235.641: [Full GC [PSYoungGen: 138240K->32918K(161280K)] [ParOldGen: 367741K->367741K(368128K)] 505981K->400659K(529408K) [PSPermGen: 13647K->13647K(21504K)], 0.0749260 secs] [Times: user=0.52 sys=0.00, real=0.08 secs] 
235.716: Total time for which application threads were stopped: 0.0755950 seconds, Stopping threads took: 0.0000830 seconds
235.742: Application time: 0.0256710 seconds
235.742: [Full GC [PSYoungGen: 138240K->32862K(161280K)] [ParOldGen: 367741K->367741K(368128K)] 505981K->400604K(529408K) [PSPermGen: 13647K->13647K(21504K)], 0.0736900 secs] [Times: user=0.51 sys=0.00, real=0.08 secs] 
235.816: Total time for which application threads were stopped: 0.0743390 seconds, Stopping threads took: 0.0000840 seconds
235.841: Application time: 0.0253410 seconds
235.842: [Full GC [PSYoungGen: 138240K->32862K(161280K)] [ParOldGen: 367741K->367741K(368128K)] 505981K->400603K(529408K) [PSPermGen: 13647K->13647K(21504K)], 0.0737490 secs] [Times: user=0.52 sys=0.00, real=0.08 secs] 
235.916: Total time for which application threads were stopped: 0.0744480 seconds, Stopping threads took: 0.0000650 seconds
235.941: Application time: 0.0251830 seconds
235.942: [Full GC [PSYoungGen: 138240K->32877K(161280K)] [ParOldGen: 367741K->367741K(368128K)] 505981K->400618K(529408K) [PSPermGen: 13647K->13647K(21504K)], 0.0730270 secs] [Times: user=0.51 sys=0.00, real=0.08 secs] 
236.015: Total time for which application threads were stopped: 0.0737190 seconds, Stopping threads took: 0.0000410 seconds
236.040: Application time: 0.0248730 seconds
236.040: [Full GC [PSYoungGen: 138240K->32892K(161280K)] [ParOldGen: 367741K->367741K(368128K)] 505981K->400634K(529408K) [PSPermGen: 13647K->13647K(21504K)], 0.0727710 secs] [Times: user=0.51 sys=0.00, real=0.07 secs] 
236.113: Total time for which application threads were stopped: 0.0734700 seconds, Stopping threads took: 0.0000730 seconds
236.139: Application time: 0.0256690 seconds
236.139: [Full GC [PSYoungGen: 138240K->32907K(161280K)] [ParOldGen: 367741K->367741K(368128K)] 505981K->400648K(529408K) [PSPermGen: 13647K->13647K(21504K)], 0.0732750 secs] [Times: user=0.52 sys=0.00, real=0.07 secs] 
236.213: Total time for which application threads were stopped: 0.0738730 seconds, Stopping threads took: 0.0000460 seconds
236.238: Application time: 0.0251350 seconds
236.238: [Full GC [PSYoungGen: 138240K->32923K(161280K)] [ParOldGen: 367741K->367741K(368128K)] 505981K->400665K(529408K) [PSPermGen: 13647K->13647K(21504K)], 0.0734590 secs] [Times: user=0.51 sys=0.00, real=0.07 secs] 
236.312: Total time for which application threads were stopped: 0.0741370 seconds, Stopping threads took: 0.0000920 seconds
236.337: Application time: 0.0248040 seconds
236.337: [Full GC [PSYoungGen: 138240K->32937K(161280K)] [ParOldGen: 367741K->367741K(368128K)] 505981K->400678K(529408K) [PSPermGen: 13647K->13647K(21504K)], 0.0733430 secs] [Times: user=0.51 sys=0.00, real=0.07 secs] 
236.411: Total time for which application threads were stopped: 0.0739670 seconds, Stopping threads took: 0.0000680 seconds
236.436: Application time: 0.0250710 seconds
236.436: [Full GC [PSYoungGen: 138240K->32952K(161280K)] [ParOldGen: 367741K->367741K(368128K)] 505981K->400693K(529408K) [PSPermGen: 13647K->13647K(21504K)], 0.0739570 secs] [Times: user=0.52 sys=0.00, real=0.07 secs] 
236.510: Total time for which application threads were stopped: 0.0745980 seconds, Stopping threads took: 0.0000780 seconds
236.536: Application time: 0.0252920 seconds
236.536: [Full GC [PSYoungGen: 138240K->32967K(161280K)] [ParOldGen: 367741K->367741K(368128K)] 505981K->400709K(529408K) [PSPermGen: 13647K->13647K(21504K)], 0.0727630 secs] [Times: user=0.51 sys=0.00, real=0.07 secs] 
236.609: Total time for which application threads were stopped: 0.0734930 seconds, Stopping threads took: 0.0000690 seconds
236.635: Application time: 0.0253150 seconds
236.635: [Full GC [PSYoungGen: 138240K->32924K(161280K)] [ParOldGen: 367741K->367741K(368128K)] 505981K->400665K(529408K) [PSPermGen: 13647K->13647K(21504K)], 0.0736430 secs] [Times: user=0.52 sys=0.00, real=0.07 secs] 
236.709: Total time for which application threads were stopped: 0.0743560 seconds, Stopping threads took: 0.0000740 seconds
236.734: Application time: 0.0248710 seconds
236.734: [Full GC [PSYoungGen: 138240K->32927K(161280K)] [ParOldGen: 367741K->367741K(368128K)] 505981K->400668K(529408K) [PSPermGen: 13647K->13647K(21504K)], 0.0734810 secs] [Times: user=0.51 sys=0.00, real=0.07 secs] 
236.808: Total time for which application threads were stopped: 0.0740930 seconds, Stopping threads took: 0.0000590 seconds
236.833: Application time: 0.0248750 seconds
236.833: [Full GC [PSYoungGen: 138240K->32942K(161280K)] [ParOldGen: 367741K->367741K(368128K)] 505981K->400683K(529408K) [PSPermGen: 13647K->13647K(21504K)], 0.0738240 secs] [Times: user=0.52 sys=0.00, real=0.08 secs] 
236.907: Total time for which application threads were stopped: 0.0744300 seconds, Stopping threads took: 0.0000500 seconds
236.932: Application time: 0.0248780 seconds
236.933: [Full GC [PSYoungGen: 138240K->32956K(161280K)] [ParOldGen: 367741K->367741K(368128K)] 505981K->400698K(529408K) [PSPermGen: 13647K->13647K(21504K)], 0.0731220 secs] [Times: user=0.51 sys=0.00, real=0.08 secs] 
237.006: Total time for which application threads were stopped: 0.0738390 seconds, Stopping threads took: 0.0000810 seconds
237.031: Application time: 0.0248190 seconds
237.031: [Full GC [PSYoungGen: 138240K->32972K(161280K)] [ParOldGen: 367741K->367741K(368128K)] 505981K->400714K(529408K) [PSPermGen: 13647K->13647K(21504K)], 0.0742040 secs] [Times: user=0.52 sys=0.00, real=0.08 secs] 
237.106: Total time for which application threads were stopped: 0.0748910 seconds, Stopping threads took: 0.0000570 seconds
237.131: Application time: 0.0255670 seconds
237.132: [Full GC [PSYoungGen: 138240K->32985K(161280K)] [ParOldGen: 367741K->367741K(368128K)] 505981K->400727K(529408K) [PSPermGen: 13647K->13647K(21504K)], 0.0758490 secs] [Times: user=0.52 sys=0.00, real=0.08 secs] 
237.208: Total time for which application threads were stopped: 0.0765130 seconds, Stopping threads took: 0.0000780 seconds
237.233: Application time: 0.0248790 seconds
237.233: [Full GC [PSYoungGen: 138240K->33000K(161280K)] [ParOldGen: 367741K->367741K(368128K)] 505981K->400742K(529408K) [PSPermGen: 13647K->13647K(21504K)], 0.0729540 secs] [Times: user=0.52 sys=0.00, real=0.08 secs] 
237.306: Total time for which application threads were stopped: 0.0736520 seconds, Stopping threads took: 0.0000610 seconds
237.331: Application time: 0.0247200 seconds
237.332: [Full GC [PSYoungGen: 138240K->33015K(161280K)] [ParOldGen: 367741K->367741K(368128K)] 505981K->400756K(529408K) [PSPermGen: 13647K->13647K(21504K)], 0.0740520 secs] [Times: user=0.52 sys=0.00, real=0.08 secs] 
237.406: Total time for which application threads were stopped: 0.0746660 seconds, Stopping threads took: 0.0000600 seconds
237.431: Application time: 0.0250090 seconds
237.431: [Full GC [PSYoungGen: 138240K->33033K(161280K)] [ParOldGen: 367741K->367741K(368128K)] 505981K->400774K(529408K) [PSPermGen: 13647K->13647K(21504K)], 0.0732500 secs] [Times: user=0.52 sys=0.00, real=0.07 secs] 
237.505: Total time for which application threads were stopped: 0.0739670 seconds, Stopping threads took: 0.0000840 seconds
237.529: Application time: 0.0248350 seconds
237.530: [Full GC [PSYoungGen: 138240K->33049K(161280K)] [ParOldGen: 367741K->367741K(368128K)] 505981K->400790K(529408K) [PSPermGen: 13647K->13647K(21504K)], 0.0732250 secs] [Times: user=0.51 sys=0.00, real=0.07 secs] 
237.603: Total time for which application threads were stopped: 0.0739400 seconds, Stopping threads took: 0.0000910 seconds
237.628: Application time: 0.0248390 seconds
237.629: [Full GC [PSYoungGen: 138240K->33065K(161280K)] [ParOldGen: 367741K->367741K(368128K)] 505981K->400806K(529408K) [PSPermGen: 13647K->13647K(21504K)], 0.0735540 secs] [Times: user=0.52 sys=0.00, real=0.07 secs] 
237.703: Total time for which application threads were stopped: 0.0743000 seconds, Stopping threads took: 0.0001100 seconds
237.728: Application time: 0.0250630 seconds
237.728: [Full GC [PSYoungGen: 138240K->33075K(161280K)] [ParOldGen: 367741K->367741K(368128K)] 505981K->400817K(529408K) [PSPermGen: 13647K->13647K(21504K)], 0.0733840 secs] [Times: user=0.52 sys=0.00, real=0.07 secs] 
237.802: Total time for which application threads were stopped: 0.0740920 seconds, Stopping threads took: 0.0000490 seconds
237.827: Application time: 0.0249270 seconds
237.827: [Full GC [PSYoungGen: 138240K->33094K(161280K)] [ParOldGen: 367741K->367741K(368128K)] 505981K->400836K(529408K) [PSPermGen: 13647K->13647K(21504K)], 0.0739440 secs] [Times: user=0.52 sys=0.00, real=0.07 secs] 
237.901: Total time for which application threads were stopped: 0.0745530 seconds, Stopping threads took: 0.0000490 seconds
237.926: Application time: 0.0250600 seconds
237.927: [Full GC [PSYoungGen: 138240K->33109K(161280K)] [ParOldGen: 367741K->367741K(368128K)] 505981K->400850K(529408K) [PSPermGen: 13647K->13647K(21504K)], 0.0737430 secs] [Times: user=0.51 sys=0.00, real=0.07 secs] 
238.001: Total time for which application threads were stopped: 0.0743590 seconds, Stopping threads took: 0.0000600 seconds
238.027: Application time: 0.0261760 seconds
238.027: [Full GC [PSYoungGen: 138240K->32958K(161280K)] [ParOldGen: 367741K->367741K(368128K)] 505981K->400700K(529408K) [PSPermGen: 13647K->13647K(21504K)], 0.0735200 secs] [Times: user=0.51 sys=0.00, real=0.07 secs] 
238.101: Total time for which application threads were stopped: 0.0742260 seconds, Stopping threads took: 0.0000720 seconds
238.127: Application time: 0.0260510 seconds
238.128: [Full GC [PSYoungGen: 138240K->32925K(161280K)] [ParOldGen: 367741K->367741K(368128K)] 505981K->400667K(529408K) [PSPermGen: 13647K->13647K(21504K)], 0.0730560 secs] [Times: user=0.51 sys=0.00, real=0.07 secs] 
238.201: Total time for which application threads were stopped: 0.0738480 seconds, Stopping threads took: 0.0000620 seconds
238.226: Application time: 0.0255260 seconds
238.227: [Full GC [PSYoungGen: 138240K->32886K(161280K)] [ParOldGen: 367741K->367741K(368128K)] 505981K->400627K(529408K) [PSPermGen: 13647K->13647K(21504K)], 0.0746630 secs] [Times: user=0.52 sys=0.00, real=0.07 secs] 
238.302: Total time for which application threads were stopped: 0.0753440 seconds, Stopping threads took: 0.0000580 seconds
238.327: Application time: 0.0249340 seconds
238.327: [Full GC [PSYoungGen: 138240K->32888K(161280K)] [ParOldGen: 367741K->367741K(368128K)] 505981K->400629K(529408K) [PSPermGen: 13647K->13647K(21504K)], 0.0729320 secs] [Times: user=0.52 sys=0.00, real=0.07 secs] 
238.400: Total time for which application threads were stopped: 0.0736710 seconds, Stopping threads took: 0.0000670 seconds
238.425: Application time: 0.0250260 seconds
238.426: [Full GC [PSYoungGen: 138240K->32902K(161280K)] [ParOldGen: 367741K->367741K(368128K)] 505981K->400644K(529408K) [PSPermGen: 13647K->13647K(21504K)], 0.0729200 secs] [Times: user=0.51 sys=0.01, real=0.07 secs] 
238.499: Total time for which application threads were stopped: 0.0736160 seconds, Stopping threads took: 0.0000520 seconds
238.524: Application time: 0.0248810 seconds
238.525: [Full GC [PSYoungGen: 138240K->32916K(161280K)] [ParOldGen: 367741K->367741K(368128K)] 505981K->400658K(529408K) [PSPermGen: 13647K->13647K(21504K)], 0.0738040 secs] [Times: user=0.52 sys=0.00, real=0.08 secs] 
238.598: Total time for which application threads were stopped: 0.0744770 seconds, Stopping threads took: 0.0000510 seconds
238.624: Application time: 0.0251350 seconds
238.624: [Full GC [PSYoungGen: 138240K->32932K(161280K)] [ParOldGen: 367741K->367741K(368128K)] 505981K->400673K(529408K) [PSPermGen: 13647K->13647K(21504K)], 0.0752180 secs] [Times: user=0.52 sys=0.00, real=0.08 secs] 
238.699: Total time for which application threads were stopped: 0.0758980 seconds, Stopping threads took: 0.0000460 seconds
238.724: Application time: 0.0250210 seconds
238.725: [Full GC [PSYoungGen: 138240K->32948K(161280K)] [ParOldGen: 367741K->367741K(368128K)] 505981K->400689K(529408K) [PSPermGen: 13647K->13647K(21504K)], 0.0737890 secs] [Times: user=0.51 sys=0.00, real=0.08 secs] 
238.799: Total time for which application threads were stopped: 0.0744040 seconds, Stopping threads took: 0.0000550 seconds
238.824: Application time: 0.0250930 seconds
238.825: [Full GC [PSYoungGen: 138240K->32964K(161280K)] [ParOldGen: 367741K->367741K(368128K)] 505981K->400705K(529408K) [PSPermGen: 13647K->13647K(21504K)], 0.0735270 secs] [Times: user=0.51 sys=0.00, real=0.08 secs] 
238.898: Total time for which application threads were stopped: 0.0741920 seconds, Stopping threads took: 0.0000620 seconds
238.924: Application time: 0.0254920 seconds
238.924: [Full GC [PSYoungGen: 138240K->32924K(161280K)] [ParOldGen: 367741K->367741K(368128K)] 505981K->400666K(529408K) [PSPermGen: 13647K->13647K(21504K)], 0.0734830 secs] [Times: user=0.52 sys=0.00, real=0.08 secs] 
238.998: Total time for which application threads were stopped: 0.0741160 seconds, Stopping threads took: 0.0000710 seconds
239.023: Application time: 0.0253760 seconds
239.024: [Full GC [PSYoungGen: 138240K->32923K(161280K)] [ParOldGen: 367741K->367741K(368128K)] 505981K->400664K(529408K) [PSPermGen: 13647K->13647K(21504K)], 0.0733110 secs] [Times: user=0.52 sys=0.00, real=0.08 secs] 
239.097: Total time for which application threads were stopped: 0.0740530 seconds, Stopping threads took: 0.0001060 seconds
239.123: Application time: 0.0256450 seconds
239.124: [Full GC [PSYoungGen: 138240K->32937K(161280K)] [ParOldGen: 367741K->367741K(368128K)] 505981K->400678K(529408K) [PSPermGen: 13647K->13647K(21504K)], 0.0744020 secs] [Times: user=0.51 sys=0.00, real=0.08 secs] 
239.198: Total time for which application threads were stopped: 0.0752330 seconds, Stopping threads took: 0.0001290 seconds
239.223: Application time: 0.0253660 seconds
239.224: [Full GC [PSYoungGen: 138240K->32952K(161280K)] [ParOldGen: 367741K->367741K(368128K)] 505981K->400693K(529408K) [PSPermGen: 13647K->13647K(21504K)], 0.0733320 secs] [Times: user=0.52 sys=0.00, real=0.08 secs] 
239.298: Total time for which application threads were stopped: 0.0740620 seconds, Stopping threads took: 0.0000830 seconds
239.323: Application time: 0.0254210 seconds
239.324: [Full GC [PSYoungGen: 138240K->32966K(161280K)] [ParOldGen: 367741K->367741K(368128K)] 505981K->400708K(529408K) [PSPermGen: 13647K->13647K(21504K)], 0.0739340 secs] [Times: user=0.52 sys=0.00, real=0.08 secs] 
239.398: Total time for which application threads were stopped: 0.0745830 seconds, Stopping threads took: 0.0000830 seconds
239.425: Application time: 0.0272730 seconds
239.425: [Full GC [PSYoungGen: 138240K->32865K(161280K)] [ParOldGen: 367741K->367741K(368128K)] 505981K->400606K(529408K) [PSPermGen: 13647K->13647K(21504K)], 0.0738640 secs] [Times: user=0.52 sys=0.00, real=0.08 secs] 
239.499: Total time for which application threads were stopped: 0.0745120 seconds, Stopping threads took: 0.0000860 seconds
239.525: Application time: 0.0256820 seconds
239.526: [Full GC [PSYoungGen: 138240K->32854K(161280K)] [ParOldGen: 367741K->367741K(368128K)] 505981K->400596K(529408K) [PSPermGen: 13647K->13647K(21504K)], 0.0741440 secs] [Times: user=0.52 sys=0.00, real=0.07 secs] 
239.600: Total time for which application threads were stopped: 0.0748530 seconds, Stopping threads took: 0.0000680 seconds
239.625: Application time: 0.0247730 seconds
239.625: [Full GC [PSYoungGen: 138240K->32870K(161280K)] [ParOldGen: 367741K->367741K(368128K)] 505981K->400612K(529408K) [PSPermGen: 13647K->13647K(21504K)], 0.0725840 secs] [Times: user=0.51 sys=0.00, real=0.08 secs] 
239.698: Total time for which application threads were stopped: 0.0732770 seconds, Stopping threads took: 0.0000830 seconds
239.723: Application time: 0.0249330 seconds
239.723: [Full GC [PSYoungGen: 138240K->32887K(161280K)] [ParOldGen: 367741K->367741K(368128K)] 505981K->400628K(529408K) [PSPermGen: 13647K->13647K(21504K)], 0.0725780 secs] [Times: user=0.51 sys=0.00, real=0.08 secs] 
239.796: Total time for which application threads were stopped: 0.0732530 seconds, Stopping threads took: 0.0000740 seconds
239.821: Application time: 0.0249210 seconds
239.822: [Full GC [PSYoungGen: 138240K->32903K(161280K)] [ParOldGen: 367741K->367741K(368128K)] 505981K->400644K(529408K) [PSPermGen: 13647K->13647K(21504K)], 0.0737350 secs] [Times: user=0.51 sys=0.00, real=0.08 secs] 
239.895: Total time for which application threads were stopped: 0.0744390 seconds, Stopping threads took: 0.0000840 seconds
239.921: Application time: 0.0251110 seconds
239.921: [Full GC [PSYoungGen: 138240K->32918K(161280K)] [ParOldGen: 367741K->367741K(368128K)] 505981K->400659K(529408K) [PSPermGen: 13647K->13647K(21504K)], 0.0735520 secs] [Times: user=0.52 sys=0.00, real=0.08 secs] 
239.995: Total time for which application threads were stopped: 0.0742610 seconds, Stopping threads took: 0.0000660 seconds
240.020: Application time: 0.0251740 seconds
240.021: [Full GC [PSYoungGen: 138240K->32932K(161280K)] [ParOldGen: 367741K->367741K(368128K)] 505981K->400673K(529408K) [PSPermGen: 13647K->13647K(21504K)], 0.0738900 secs] [Times: user=0.52 sys=0.01, real=0.08 secs] 
240.095: Total time for which application threads were stopped: 0.0745660 seconds, Stopping threads took: 0.0000800 seconds
240.120: Application time: 0.0252780 seconds
240.120: [Full GC [PSYoungGen: 138240K->32948K(161280K)] [ParOldGen: 367741K->367741K(368128K)] 505981K->400690K(529408K) [PSPermGen: 13647K->13647K(21504K)], 0.0758470 secs] [Times: user=0.52 sys=0.00, real=0.08 secs] 
240.196: Total time for which application threads were stopped: 0.0764660 seconds, Stopping threads took: 0.0000650 seconds
240.222: Application time: 0.0252390 seconds
240.222: [Full GC [PSYoungGen: 138240K->32962K(161280K)] [ParOldGen: 367741K->367741K(368128K)] 505981K->400704K(529408K) [PSPermGen: 13647K->13647K(21504K)], 0.0732910 secs] [Times: user=0.51 sys=0.00, real=0.08 secs] 
240.296: Total time for which application threads were stopped: 0.0739980 seconds, Stopping threads took: 0.0000790 seconds
240.321: Application time: 0.0249800 seconds
240.321: [Full GC [PSYoungGen: 138240K->32978K(161280K)] [ParOldGen: 367741K->367741K(368128K)] 505981K->400719K(529408K) [PSPermGen: 13647K->13647K(21504K)], 0.0736170 secs] [Times: user=0.52 sys=0.00, real=0.08 secs] 
240.395: Total time for which application threads were stopped: 0.0743020 seconds, Stopping threads took: 0.0001210 seconds
240.420: Application time: 0.0251260 seconds
240.421: [Full GC [PSYoungGen: 138240K->32992K(161280K)] [ParOldGen: 367741K->367741K(368128K)] 505981K->400733K(529408K) [PSPermGen: 13647K->13647K(21504K)], 0.0735320 secs] [Times: user=0.52 sys=0.00, real=0.08 secs] 
240.494: Total time for which application threads were stopped: 0.0742590 seconds, Stopping threads took: 0.0000890 seconds
240.519: Application time: 0.0249720 seconds
240.520: [Full GC [PSYoungGen: 138240K->33007K(161280K)] [ParOldGen: 367741K->367741K(368128K)] 505981K->400748K(529408K) [PSPermGen: 13647K->13647K(21504K)], 0.0731590 secs] [Times: user=0.52 sys=0.00, real=0.07 secs] 
240.593: Total time for which application threads were stopped: 0.0738680 seconds, Stopping threads took: 0.0000720 seconds
240.618: Application time: 0.0251030 seconds
240.619: [Full GC [PSYoungGen: 138240K->33023K(161280K)] [ParOldGen: 367741K->367741K(368128K)] 505981K->400764K(529408K) [PSPermGen: 13647K->13647K(21504K)], 0.0754770 secs] [Times: user=0.53 sys=0.00, real=0.08 secs] 
240.694: Total time for which application threads were stopped: 0.0761350 seconds, Stopping threads took: 0.0000760 seconds
240.720: Application time: 0.0255710 seconds
240.721: [Full GC [PSYoungGen: 138240K->32974K(161280K)] [ParOldGen: 367741K->367741K(368128K)] 505981K->400715K(529408K) [PSPermGen: 13647K->13647K(21504K)], 0.0733450 secs] [Times: user=0.52 sys=0.00, real=0.08 secs] 
240.794: Total time for which application threads were stopped: 0.0740780 seconds, Stopping threads took: 0.0001060 seconds
240.819: Application time: 0.0251160 seconds
240.820: [Full GC [PSYoungGen: 138240K->32981K(161280K)] [ParOldGen: 367741K->367741K(368128K)] 505981K->400722K(529408K) [PSPermGen: 13647K->13647K(21504K)], 0.0732120 secs] [Times: user=0.51 sys=0.00, real=0.07 secs] 
240.893: Total time for which application threads were stopped: 0.0738370 seconds, Stopping threads took: 0.0000660 seconds
240.918: Application time: 0.0250250 seconds
240.919: [Full GC [PSYoungGen: 138240K->32997K(161280K)] [ParOldGen: 367741K->367741K(368128K)] 505981K->400738K(529408K) [PSPermGen: 13647K->13647K(21504K)], 0.0755400 secs] [Times: user=0.53 sys=0.00, real=0.08 secs] 
240.994: Total time for which application threads were stopped: 0.0762030 seconds, Stopping threads took: 0.0001050 seconds
241.019: Application time: 0.0250800 seconds
241.020: [Full GC [PSYoungGen: 138240K->33013K(161280K)] [ParOldGen: 367741K->367741K(368128K)] 505981K->400755K(529408K) [PSPermGen: 13647K->13647K(21504K)], 0.0733990 secs] [Times: user=0.52 sys=0.00, real=0.07 secs] 
241.093: Total time for which application threads were stopped: 0.0740240 seconds, Stopping threads took: 0.0000650 seconds
241.118: Application time: 0.0251660 seconds
241.119: [Full GC [PSYoungGen: 138240K->33029K(161280K)] [ParOldGen: 367741K->367741K(368128K)] 505981K->400770K(529408K) [PSPermGen: 13647K->13647K(21504K)], 0.0736650 secs] [Times: user=0.52 sys=0.00, real=0.07 secs] 
241.193: Total time for which application threads were stopped: 0.0744110 seconds, Stopping threads took: 0.0001060 seconds
241.218: Application time: 0.0248740 seconds
241.218: [Full GC [PSYoungGen: 138240K->33042K(161280K)] [ParOldGen: 367741K->367741K(368128K)] 505981K->400783K(529408K) [PSPermGen: 13647K->13647K(21504K)], 0.0735160 secs] [Times: user=0.52 sys=0.00, real=0.07 secs] 
241.292: Total time for which application threads were stopped: 0.0741590 seconds, Stopping threads took: 0.0000610 seconds
241.317: Application time: 0.0251410 seconds
241.318: [Full GC [PSYoungGen: 138240K->33058K(161280K)] [ParOldGen: 367741K->367741K(368128K)] 505981K->400799K(529408K) [PSPermGen: 13647K->13647K(21504K)], 0.0739480 secs] [Times: user=0.52 sys=0.00, real=0.07 secs] 
241.392: Total time for which application threads were stopped: 0.0745880 seconds, Stopping threads took: 0.0000870 seconds
241.417: Application time: 0.0248790 seconds
241.417: [Full GC [PSYoungGen: 138240K->33072K(161280K)] [ParOldGen: 367741K->367741K(368128K)] 505981K->400813K(529408K) [PSPermGen: 13647K->13647K(21504K)], 0.0736530 secs] [Times: user=0.52 sys=0.00, real=0.07 secs] 
241.491: Total time for which application threads were stopped: 0.0743720 seconds, Stopping threads took: 0.0000870 seconds
241.516: Application time: 0.0253710 seconds
241.517: [Full GC [PSYoungGen: 138240K->33035K(161280K)] [ParOldGen: 367741K->367741K(368128K)] 505981K->400776K(529408K) [PSPermGen: 13647K->13647K(21504K)], 0.0731530 secs] [Times: user=0.52 sys=0.00, real=0.07 secs] 
241.590: Total time for which application threads were stopped: 0.0738720 seconds, Stopping threads took: 0.0000960 seconds
241.618: Application time: 0.0275140 seconds
241.618: [Full GC [PSYoungGen: 138240K->32979K(161280K)] [ParOldGen: 367741K->367741K(368128K)] 505981K->400720K(529408K) [PSPermGen: 13647K->13647K(21504K)], 0.0740650 secs] [Times: user=0.52 sys=0.00, real=0.07 secs] 
241.692: Total time for which application threads were stopped: 0.0747440 seconds, Stopping threads took: 0.0001240 seconds
241.719: Application time: 0.0264210 seconds
241.720: [Full GC [PSYoungGen: 138240K->32977K(161280K)] [ParOldGen: 367741K->367741K(368128K)] 505981K->400718K(529408K) [PSPermGen: 13647K->13647K(21504K)], 0.0741330 secs] [Times: user=0.52 sys=0.00, real=0.08 secs] 
241.794: Total time for which application threads were stopped: 0.0748630 seconds, Stopping threads took: 0.0000980 seconds
241.800: Application time: 0.0061130 seconds
241.800: Total time for which application threads were stopped: 0.0006200 seconds, Stopping threads took: 0.0000730 seconds
241.820: Application time: 0.0197790 seconds
241.821: [Full GC [PSYoungGen: 138240K->32938K(161280K)] [ParOldGen: 367741K->367741K(368128K)] 505981K->400679K(529408K) [PSPermGen: 13647K->13647K(21504K)], 0.0745780 secs] [Times: user=0.52 sys=0.00, real=0.08 secs] 
241.895: Total time for which application threads were stopped: 0.0752210 seconds, Stopping threads took: 0.0000870 seconds
241.921: Application time: 0.0255790 seconds
241.922: [Full GC [PSYoungGen: 138240K->32936K(161280K)] [ParOldGen: 367741K->367741K(368128K)] 505981K->400678K(529408K) [PSPermGen: 13647K->13647K(21504K)], 0.0733590 secs] [Times: user=0.52 sys=0.00, real=0.08 secs] 
241.995: Total time for which application threads were stopped: 0.0740810 seconds, Stopping threads took: 0.0000810 seconds
242.021: Application time: 0.0258250 seconds
242.022: [Full GC [PSYoungGen: 138240K->32897K(161280K)] [ParOldGen: 367741K->367741K(368128K)] 505981K->400638K(529408K) [PSPermGen: 13647K->13647K(21504K)], 0.0738560 secs] [Times: user=0.52 sys=0.00, real=0.08 secs] 
242.096: Total time for which application threads were stopped: 0.0745750 seconds, Stopping threads took: 0.0000900 seconds
242.121: Application time: 0.0255550 seconds
242.122: [Full GC [PSYoungGen: 138240K->32897K(161280K)] [ParOldGen: 367741K->367741K(368128K)] 505981K->400638K(529408K) [PSPermGen: 13647K->13647K(21504K)], 0.0743110 secs] [Times: user=0.52 sys=0.00, real=0.08 secs] 
242.196: Total time for which application threads were stopped: 0.0749430 seconds, Stopping threads took: 0.0000740 seconds
242.222: Application time: 0.0255270 seconds
242.222: [Full GC [PSYoungGen: 138240K->32910K(161280K)] [ParOldGen: 367741K->367741K(368128K)] 505981K->400652K(529408K) [PSPermGen: 13647K->13647K(21504K)], 0.0735740 secs] [Times: user=0.51 sys=0.00, real=0.08 secs] 
242.296: Total time for which application threads were stopped: 0.0742300 seconds, Stopping threads took: 0.0000760 seconds
242.321: Application time: 0.0253600 seconds
242.322: [Full GC [PSYoungGen: 138240K->32927K(161280K)] [ParOldGen: 367741K->367741K(368128K)] 505981K->400668K(529408K) [PSPermGen: 13647K->13647K(21504K)], 0.0732820 secs] [Times: user=0.51 sys=0.00, real=0.08 secs] 
242.395: Total time for which application threads were stopped: 0.0739040 seconds, Stopping threads took: 0.0000590 seconds
242.420: Application time: 0.0252120 seconds
242.421: [Full GC [PSYoungGen: 138240K->32942K(161280K)] [ParOldGen: 367741K->367741K(368128K)] 505981K->400683K(529408K) [PSPermGen: 13647K->13647K(21504K)], 0.0737270 secs] [Times: user=0.51 sys=0.00, real=0.08 secs] 
242.495: Total time for which application threads were stopped: 0.0743780 seconds, Stopping threads took: 0.0000950 seconds
242.520: Application time: 0.0257170 seconds
242.521: [Full GC [PSYoungGen: 138240K->32902K(161280K)] [ParOldGen: 367741K->367741K(368128K)] 505981K->400644K(529408K) [PSPermGen: 13647K->13647K(21504K)], 0.0741220 secs] [Times: user=0.52 sys=0.00, real=0.08 secs] 
242.595: Total time for which application threads were stopped: 0.0747550 seconds, Stopping threads took: 0.0000770 seconds
242.620: Application time: 0.0252070 seconds
242.621: [Full GC [PSYoungGen: 138240K->32904K(161280K)] [ParOldGen: 367741K->367741K(368128K)] 505981K->400645K(529408K) [PSPermGen: 13647K->13647K(21504K)], 0.0740880 secs] [Times: user=0.52 sys=0.00, real=0.08 secs] 
242.695: Total time for which application threads were stopped: 0.0747330 seconds, Stopping threads took: 0.0000870 seconds
242.720: Application time: 0.0252410 seconds
242.721: [Full GC [PSYoungGen: 138240K->32918K(161280K)] [ParOldGen: 367741K->367741K(368128K)] 505981K->400659K(529408K) [PSPermGen: 13647K->13647K(21504K)], 0.0759220 secs] [Times: user=0.54 sys=0.00, real=0.08 secs] 
242.797: Total time for which application threads were stopped: 0.0766280 seconds, Stopping threads took: 0.0000740 seconds
242.822: Application time: 0.0250800 seconds
242.823: [Full GC [PSYoungGen: 138240K->32933K(161280K)] [ParOldGen: 367741K->367741K(368128K)] 505981K->400674K(529408K) [PSPermGen: 13647K->13647K(21504K)], 0.0734280 secs] [Times: user=0.52 sys=0.00, real=0.08 secs] 
242.896: Total time for which application threads were stopped: 0.0741660 seconds, Stopping threads took: 0.0000860 seconds
242.922: Application time: 0.0253430 seconds
242.922: [Full GC [PSYoungGen: 138240K->32948K(161280K)] [ParOldGen: 367741K->367741K(368128K)] 505981K->400690K(529408K) [PSPermGen: 13647K->13647K(21504K)], 0.0736400 secs] [Times: user=0.52 sys=0.00, real=0.08 secs] 
242.996: Total time for which application threads were stopped: 0.0742800 seconds, Stopping threads took: 0.0000970 seconds
243.021: Application time: 0.0254250 seconds
243.022: [Full GC [PSYoungGen: 138240K->32962K(161280K)] [ParOldGen: 367741K->367741K(368128K)] 505981K->400704K(529408K) [PSPermGen: 13647K->13647K(21504K)], 0.0759530 secs] [Times: user=0.54 sys=0.00, real=0.08 secs] 
243.098: Total time for which application threads were stopped: 0.0765710 seconds, Stopping threads took: 0.0000590 seconds
243.103: Application time: 0.0052550 seconds
243.104: Total time for which application threads were stopped: 0.0006490 seconds, Stopping threads took: 0.0000940 seconds
243.124: Application time: 0.0204800 seconds
243.125: [Full GC [PSYoungGen: 138240K->32818K(161280K)] [ParOldGen: 367741K->367741K(368128K)] 505981K->400560K(529408K) [PSPermGen: 13647K->13647K(21504K)], 0.0735040 secs] [Times: user=0.52 sys=0.00, real=0.08 secs] 
243.199: Total time for which application threads were stopped: 0.0744010 seconds, Stopping threads took: 0.0001110 seconds
243.225: Application time: 0.0261510 seconds
243.226: [Full GC [PSYoungGen: 138240K->32851K(161280K)] [ParOldGen: 367741K->367741K(368128K)] 505981K->400593K(529408K) [PSPermGen: 13647K->13647K(21504K)], 0.0735250 secs] [Times: user=0.52 sys=0.00, real=0.08 secs] 
243.299: Total time for which application threads were stopped: 0.0742620 seconds, Stopping threads took: 0.0001170 seconds
243.324: Application time: 0.0252360 seconds
243.325: [Full GC [PSYoungGen: 138240K->32868K(161280K)] [ParOldGen: 367741K->367741K(368128K)] 505981K->400609K(529408K) [PSPermGen: 13647K->13647K(21504K)], 0.0729090 secs] [Times: user=0.52 sys=0.00, real=0.08 secs] 
243.398: Total time for which application threads were stopped: 0.0735910 seconds, Stopping threads took: 0.0000690 seconds
243.423: Application time: 0.0250870 seconds
243.424: [Full GC [PSYoungGen: 138240K->32883K(161280K)] [ParOldGen: 367741K->367741K(368128K)] 505981K->400624K(529408K) [PSPermGen: 13647K->13647K(21504K)], 0.0734590 secs] [Times: user=0.51 sys=0.00, real=0.08 secs] 
243.497: Total time for which application threads were stopped: 0.0741240 seconds, Stopping threads took: 0.0000560 seconds
243.522: Application time: 0.0247500 seconds
243.523: [Full GC [PSYoungGen: 138240K->32897K(161280K)] [ParOldGen: 367741K->367741K(368128K)] 505981K->400639K(529408K) [PSPermGen: 13647K->13647K(21504K)], 0.0725900 secs] [Times: user=0.51 sys=0.00, real=0.08 secs] 
243.595: Total time for which application threads were stopped: 0.0732690 seconds, Stopping threads took: 0.0000680 seconds
243.620: Application time: 0.0249350 seconds
243.621: [Full GC [PSYoungGen: 138240K->32912K(161280K)] [ParOldGen: 367741K->367741K(368128K)] 505981K->400654K(529408K) [PSPermGen: 13647K->13647K(21504K)], 0.0738790 secs] [Times: user=0.52 sys=0.00, real=0.08 secs] 
243.695: Total time for which application threads were stopped: 0.0745040 seconds, Stopping threads took: 0.0000740 seconds
243.720: Application time: 0.0254050 seconds
243.721: [Full GC [PSYoungGen: 138240K->32928K(161280K)] [ParOldGen: 367741K->367741K(368128K)] 505981K->400669K(529408K) [PSPermGen: 13647K->13647K(21504K)], 0.0739220 secs] [Times: user=0.52 sys=0.00, real=0.08 secs] 
243.795: Total time for which application threads were stopped: 0.0745430 seconds, Stopping threads took: 0.0000620 seconds
243.820: Application time: 0.0251560 seconds
243.820: [Full GC [PSYoungGen: 138240K->32941K(161280K)] [ParOldGen: 367741K->367741K(368128K)] 505981K->400682K(529408K) [PSPermGen: 13647K->13647K(21504K)], 0.0737190 secs] [Times: user=0.51 sys=0.00, real=0.08 secs] 
243.894: Total time for which application threads were stopped: 0.0743450 seconds, Stopping threads took: 0.0000720 seconds
243.919: Application time: 0.0253010 seconds
243.920: [Full GC [PSYoungGen: 138240K->32958K(161280K)] [ParOldGen: 367741K->367741K(368128K)] 505981K->400699K(529408K) [PSPermGen: 13647K->13647K(21504K)], 0.0736700 secs] [Times: user=0.51 sys=0.00, real=0.08 secs] 
243.994: Total time for which application threads were stopped: 0.0742920 seconds, Stopping threads took: 0.0000480 seconds
244.019: Application time: 0.0252290 seconds
244.019: [Full GC [PSYoungGen: 138240K->32970K(161280K)] [ParOldGen: 367741K->367741K(368128K)] 505981K->400711K(529408K) [PSPermGen: 13647K->13647K(21504K)], 0.0737380 secs] [Times: user=0.52 sys=0.00, real=0.07 secs] 
244.093: Total time for which application threads were stopped: 0.0743710 seconds, Stopping threads took: 0.0000790 seconds
244.118: Application time: 0.0250370 seconds
244.119: [Full GC [PSYoungGen: 138240K->32988K(161280K)] [ParOldGen: 367741K->367741K(368128K)] 505981K->400729K(529408K) [PSPermGen: 13647K->13647K(21504K)], 0.0741010 secs] [Times: user=0.52 sys=0.00, real=0.07 secs] 
244.193: Total time for which application threads were stopped: 0.0747140 seconds, Stopping threads took: 0.0000550 seconds
244.218: Application time: 0.0248890 seconds
244.219: [Full GC [PSYoungGen: 138240K->33003K(161280K)] [ParOldGen: 367741K->367741K(368128K)] 505981K->400744K(529408K) [PSPermGen: 13647K->13647K(21504K)], 0.0729340 secs] [Times: user=0.51 sys=0.00, real=0.07 secs] 
244.292: Total time for which application threads were stopped: 0.0736450 seconds, Stopping threads took: 0.0000650 seconds
244.316: Application time: 0.0248050 seconds
244.317: [Full GC [PSYoungGen: 138240K->33016K(161280K)] [ParOldGen: 367741K->367741K(368128K)] 505981K->400758K(529408K) [PSPermGen: 13647K->13647K(21504K)], 0.0735760 secs] [Times: user=0.52 sys=0.00, real=0.07 secs] 
244.391: Total time for which application threads were stopped: 0.0742170 seconds, Stopping threads took: 0.0000890 seconds
244.415: Application time: 0.0248190 seconds
244.416: [Full GC [PSYoungGen: 138240K->33031K(161280K)] [ParOldGen: 367741K->367741K(368128K)] 505981K->400773K(529408K) [PSPermGen: 13647K->13647K(21504K)], 0.0732670 secs] [Times: user=0.51 sys=0.00, real=0.07 secs] 
244.489: Total time for which application threads were stopped: 0.0739730 seconds, Stopping threads took: 0.0000690 seconds
244.514: Application time: 0.0249190 seconds
244.515: [Full GC [PSYoungGen: 138240K->33048K(161280K)] [ParOldGen: 367741K->367741K(368128K)] 505981K->400789K(529408K) [PSPermGen: 13647K->13647K(21504K)], 0.0739290 secs] [Times: user=0.52 sys=0.00, real=0.07 secs] 
244.589: Total time for which application threads were stopped: 0.0745840 seconds, Stopping threads took: 0.0000830 seconds
244.614: Application time: 0.0249820 seconds
244.615: [Full GC [PSYoungGen: 138240K->33059K(161280K)] [ParOldGen: 367741K->367741K(368128K)] 505981K->400800K(529408K) [PSPermGen: 13647K->13647K(21504K)], 0.0732480 secs] [Times: user=0.52 sys=0.00, real=0.07 secs] 
244.688: Total time for which application threads were stopped: 0.0739280 seconds, Stopping threads took: 0.0000590 seconds
244.713: Application time: 0.0251540 seconds
244.714: [Full GC [PSYoungGen: 138240K->33019K(161280K)] [ParOldGen: 367741K->367741K(368128K)] 505981K->400760K(529408K) [PSPermGen: 13647K->13647K(21504K)], 0.0741590 secs] [Times: user=0.51 sys=0.00, real=0.07 secs] 
244.788: Total time for which application threads were stopped: 0.0748400 seconds, Stopping threads took: 0.0000650 seconds
244.813: Application time: 0.0249130 seconds
244.813: [Full GC [PSYoungGen: 138240K->33022K(161280K)] [ParOldGen: 367741K->367741K(368128K)] 505981K->400763K(529408K) [PSPermGen: 13647K->13647K(21504K)], 0.0735910 secs] [Times: user=0.52 sys=0.00, real=0.08 secs] 
244.887: Total time for which application threads were stopped: 0.0742900 seconds, Stopping threads took: 0.0000660 seconds
244.912: Application time: 0.0250660 seconds
244.913: [Full GC [PSYoungGen: 138240K->33037K(161280K)] [ParOldGen: 367741K->367741K(368128K)] 505981K->400779K(529408K) [PSPermGen: 13647K->13647K(21504K)], 0.0737350 secs] [Times: user=0.52 sys=0.00, real=0.08 secs] 
244.986: Total time for which application threads were stopped: 0.0743560 seconds, Stopping threads took: 0.0000600 seconds
245.012: Application time: 0.0251220 seconds
245.012: [Full GC [PSYoungGen: 138240K->33053K(161280K)] [ParOldGen: 367741K->367741K(368128K)] 505981K->400794K(529408K) [PSPermGen: 13647K->13647K(21504K)], 0.0762050 secs] [Times: user=0.54 sys=0.00, real=0.08 secs] 
245.088: Total time for which application threads were stopped: 0.0768300 seconds, Stopping threads took: 0.0000670 seconds
245.114: Application time: 0.0255490 seconds
245.115: [Full GC [PSYoungGen: 138240K->33016K(161280K)] [ParOldGen: 367741K->367741K(368128K)] 505981K->400757K(529408K) [PSPermGen: 13647K->13647K(21504K)], 0.0740170 secs] [Times: user=0.51 sys=0.00, real=0.07 secs] 
245.189: Total time for which application threads were stopped: 0.0746870 seconds, Stopping threads took: 0.0000770 seconds
245.214: Application time: 0.0251380 seconds
245.214: [Full GC [PSYoungGen: 138240K->33009K(161280K)] [ParOldGen: 367741K->367741K(368128K)] 505981K->400750K(529408K) [PSPermGen: 13647K->13647K(21504K)], 0.0734770 secs] [Times: user=0.52 sys=0.00, real=0.07 secs] 
245.288: Total time for which application threads were stopped: 0.0741600 seconds, Stopping threads took: 0.0001080 seconds
245.313: Application time: 0.0252780 seconds
245.314: [Full GC [PSYoungGen: 138240K->32959K(161280K)] [ParOldGen: 367741K->367741K(368128K)] 505981K->400701K(529408K) [PSPermGen: 13647K->13647K(21504K)], 0.0731540 secs] [Times: user=0.51 sys=0.00, real=0.07 secs] 
245.387: Total time for which application threads were stopped: 0.0738630 seconds, Stopping threads took: 0.0000680 seconds
245.412: Application time: 0.0249650 seconds
245.413: [Full GC [PSYoungGen: 138240K->32971K(161280K)] [ParOldGen: 367741K->367741K(368128K)] 505981K->400713K(529408K) [PSPermGen: 13647K->13647K(21504K)], 0.0735920 secs] [Times: user=0.52 sys=0.00, real=0.08 secs] 
245.486: Total time for which application threads were stopped: 0.0742180 seconds, Stopping threads took: 0.0000650 seconds
245.511: Application time: 0.0249900 seconds
245.512: [Full GC [PSYoungGen: 138240K->32986K(161280K)] [ParOldGen: 367741K->367741K(368128K)] 505981K->400728K(529408K) [PSPermGen: 13647K->13647K(21504K)], 0.0732300 secs] [Times: user=0.52 sys=0.00, real=0.07 secs] 
245.585: Total time for which application threads were stopped: 0.0739210 seconds, Stopping threads took: 0.0000570 seconds
245.610: Application time: 0.0249400 seconds
245.611: [Full GC [PSYoungGen: 138240K->33002K(161280K)] [ParOldGen: 367741K->367741K(368128K)] 505981K->400743K(529408K) [PSPermGen: 13647K->13647K(21504K)], 0.0730780 secs] [Times: user=0.51 sys=0.00, real=0.07 secs] 
245.684: Total time for which application threads were stopped: 0.0737970 seconds, Stopping threads took: 0.0000710 seconds
245.710: Application time: 0.0256960 seconds
245.710: [Full GC [PSYoungGen: 138240K->32909K(161280K)] [ParOldGen: 367741K->367741K(368128K)] 505981K->400650K(529408K) [PSPermGen: 13647K->13647K(21504K)], 0.0734850 secs] [Times: user=0.51 sys=0.00, real=0.07 secs] 
245.784: Total time for which application threads were stopped: 0.0741820 seconds, Stopping threads took: 0.0000660 seconds
245.809: Application time: 0.0253260 seconds
245.810: [Full GC [PSYoungGen: 138240K->32890K(161280K)] [ParOldGen: 367741K->367741K(368128K)] 505981K->400632K(529408K) [PSPermGen: 13647K->13647K(21504K)], 0.0735150 secs] [Times: user=0.51 sys=0.00, real=0.07 secs] 
245.883: Total time for which application threads were stopped: 0.0742020 seconds, Stopping threads took: 0.0000520 seconds
245.909: Application time: 0.0252130 seconds
245.909: [Full GC [PSYoungGen: 138240K->32906K(161280K)] [ParOldGen: 367741K->367741K(368128K)] 505981K->400648K(529408K) [PSPermGen: 13647K->13647K(21504K)], 0.0738950 secs] [Times: user=0.52 sys=0.00, real=0.07 secs] 
245.983: Total time for which application threads were stopped: 0.0745050 seconds, Stopping threads took: 0.0000570 seconds
246.008: Application time: 0.0252730 seconds
246.009: [Full GC [PSYoungGen: 138240K->32922K(161280K)] [ParOldGen: 367741K->367741K(368128K)] 505981K->400664K(529408K) [PSPermGen: 13647K->13647K(21504K)], 0.0740530 secs] [Times: user=0.52 sys=0.00, real=0.07 secs] 
246.083: Total time for which application threads were stopped: 0.0747050 seconds, Stopping threads took: 0.0000970 seconds
246.108: Application time: 0.0252690 seconds
246.109: [Full GC [PSYoungGen: 138240K->32937K(161280K)] [ParOldGen: 367741K->367741K(368128K)] 505981K->400679K(529408K) [PSPermGen: 13647K->13647K(21504K)], 0.0743650 secs] [Times: user=0.52 sys=0.00, real=0.07 secs] 
246.183: Total time for which application threads were stopped: 0.0750880 seconds, Stopping threads took: 0.0000840 seconds
246.208: Application time: 0.0250330 seconds
246.209: [Full GC [PSYoungGen: 138240K->32949K(161280K)] [ParOldGen: 367741K->367741K(368128K)] 505981K->400691K(529408K) [PSPermGen: 13647K->13647K(21504K)], 0.0753110 secs] [Times: user=0.52 sys=0.00, real=0.07 secs] 
246.284: Total time for which application threads were stopped: 0.0759470 seconds, Stopping threads took: 0.0000740 seconds
246.310: Application time: 0.0255250 seconds
246.311: [Full GC [PSYoungGen: 138240K->32900K(161280K)] [ParOldGen: 367741K->367741K(368128K)] 505981K->400641K(529408K) [PSPermGen: 13647K->13647K(21504K)], 0.0739190 secs] [Times: user=0.51 sys=0.00, real=0.07 secs] 
246.385: Total time for which application threads were stopped: 0.0745720 seconds, Stopping threads took: 0.0000700 seconds
246.410: Application time: 0.0251940 seconds
246.410: [Full GC [PSYoungGen: 138240K->32911K(161280K)] [ParOldGen: 367741K->367741K(368128K)] 505981K->400652K(529408K) [PSPermGen: 13647K->13647K(21504K)], 0.0738070 secs] [Times: user=0.51 sys=0.00, real=0.07 secs] 
246.484: Total time for which application threads were stopped: 0.0744110 seconds, Stopping threads took: 0.0000450 seconds
246.509: Application time: 0.0251610 seconds
246.510: [Full GC [PSYoungGen: 138240K->32927K(161280K)] [ParOldGen: 367741K->367741K(368128K)] 505981K->400669K(529408K) [PSPermGen: 13647K->13647K(21504K)], 0.0736040 secs] [Times: user=0.51 sys=0.00, real=0.07 secs] 
246.584: Total time for which application threads were stopped: 0.0742430 seconds, Stopping threads took: 0.0000720 seconds
246.609: Application time: 0.0249600 seconds
246.609: [Full GC [PSYoungGen: 138240K->32942K(161280K)] [ParOldGen: 367741K->367741K(368128K)] 505981K->400684K(529408K) [PSPermGen: 13647K->13647K(21504K)], 0.0730520 secs] [Times: user=0.52 sys=0.00, real=0.07 secs] 
246.682: Total time for which application threads were stopped: 0.0737310 seconds, Stopping threads took: 0.0000830 seconds
246.708: Application time: 0.0253060 seconds
246.708: [Full GC [PSYoungGen: 138240K->32891K(161280K)] [ParOldGen: 367741K->367741K(368128K)] 505981K->400632K(529408K) [PSPermGen: 13647K->13647K(21504K)], 0.0734090 secs] [Times: user=0.51 sys=0.00, real=0.07 secs] 
246.782: Total time for which application threads were stopped: 0.0740790 seconds, Stopping threads took: 0.0001070 seconds
246.807: Application time: 0.0250100 seconds
246.807: [Full GC [PSYoungGen: 138240K->32901K(161280K)] [ParOldGen: 367741K->367741K(368128K)] 505981K->400642K(529408K) [PSPermGen: 13647K->13647K(21504K)], 0.0731600 secs] [Times: user=0.52 sys=0.00, real=0.07 secs] 
246.881: Total time for which application threads were stopped: 0.0738560 seconds, Stopping threads took: 0.0000560 seconds
246.906: Application time: 0.0257880 seconds
246.907: [Full GC [PSYoungGen: 138240K->32863K(161280K)] [ParOldGen: 367741K->367741K(368128K)] 505981K->400605K(529408K) [PSPermGen: 13647K->13647K(21504K)], 0.0742510 secs] [Times: user=0.51 sys=0.00, real=0.07 secs] 
246.981: Total time for which application threads were stopped: 0.0750710 seconds, Stopping threads took: 0.0002340 seconds
247.006: Application time: 0.0250330 seconds
247.007: [Full GC [PSYoungGen: 138240K->32862K(161280K)] [ParOldGen: 367741K->367741K(368128K)] 505981K->400603K(529408K) [PSPermGen: 13647K->13647K(21504K)], 0.0735890 secs] [Times: user=0.51 sys=0.00, real=0.07 secs] 
247.081: Total time for which application threads were stopped: 0.0742830 seconds, Stopping threads took: 0.0000870 seconds
247.106: Application time: 0.0249450 seconds
247.106: [Full GC [PSYoungGen: 138240K->32876K(161280K)] [ParOldGen: 367741K->367741K(368128K)] 505981K->400617K(529408K) [PSPermGen: 13647K->13647K(21504K)], 0.0737760 secs] [Times: user=0.52 sys=0.00, real=0.07 secs] 
247.180: Total time for which application threads were stopped: 0.0744610 seconds, Stopping threads took: 0.0000580 seconds
247.205: Application time: 0.0249960 seconds
247.206: [Full GC [PSYoungGen: 138240K->32891K(161280K)] [ParOldGen: 367741K->367741K(368128K)] 505981K->400632K(529408K) [PSPermGen: 13647K->13647K(21504K)], 0.0738800 secs] [Times: user=0.52 sys=0.00, real=0.07 secs] 
247.280: Total time for which application threads were stopped: 0.0745110 seconds, Stopping threads took: 0.0000720 seconds
247.305: Application time: 0.0251770 seconds
247.305: [Full GC [PSYoungGen: 138240K->32908K(161280K)] [ParOldGen: 367741K->367741K(368128K)] 505981K->400650K(529408K) [PSPermGen: 13647K->13647K(21504K)], 0.0730680 secs] [Times: user=0.51 sys=0.00, real=0.08 secs] 
247.379: Total time for which application threads were stopped: 0.0737580 seconds, Stopping threads took: 0.0000730 seconds
247.404: Application time: 0.0250140 seconds
247.404: [Full GC [PSYoungGen: 138240K->32923K(161280K)] [ParOldGen: 367741K->367741K(368128K)] 505981K->400665K(529408K) [PSPermGen: 13647K->13647K(21504K)], 0.0723860 secs] [Times: user=0.51 sys=0.00, real=0.08 secs] 
247.477: Total time for which application threads were stopped: 0.0731010 seconds, Stopping threads took: 0.0000750 seconds
247.502: Application time: 0.0251360 seconds
247.503: [Full GC [PSYoungGen: 138240K->32937K(161280K)] [ParOldGen: 367741K->367741K(368128K)] 505981K->400678K(529408K) [PSPermGen: 13647K->13647K(21504K)], 0.0733480 secs] [Times: user=0.52 sys=0.00, real=0.08 secs] 
247.576: Total time for which application threads were stopped: 0.0740820 seconds, Stopping threads took: 0.0000830 seconds
247.601: Application time: 0.0249310 seconds
247.601: [Full GC [PSYoungGen: 138240K->32951K(161280K)] [ParOldGen: 367741K->367741K(368128K)] 505981K->400693K(529408K) [PSPermGen: 13647K->13647K(21504K)], 0.0734470 secs] [Times: user=0.52 sys=0.00, real=0.08 secs] 
247.675: Total time for which application threads were stopped: 0.0740660 seconds, Stopping threads took: 0.0000680 seconds
247.700: Application time: 0.0251890 seconds
247.701: [Full GC [PSYoungGen: 138240K->32967K(161280K)] [ParOldGen: 367741K->367741K(368128K)] 505981K->400708K(529408K) [PSPermGen: 13647K->13647K(21504K)], 0.0743130 secs] [Times: user=0.50 sys=0.00, real=0.08 secs] 
247.775: Total time for which application threads were stopped: 0.0749410 seconds, Stopping threads took: 0.0000780 seconds
247.800: Application time: 0.0249630 seconds
247.801: [Full GC [PSYoungGen: 138240K->32982K(161280K)] [ParOldGen: 367741K->367741K(368128K)] 505981K->400723K(529408K) [PSPermGen: 13647K->13647K(21504K)], 0.0738000 secs] [Times: user=0.52 sys=0.00, real=0.08 secs] 
247.874: Total time for which application threads were stopped: 0.0744140 seconds, Stopping threads took: 0.0000570 seconds
247.900: Application time: 0.0251710 seconds
247.900: [Full GC [PSYoungGen: 138240K->32992K(161280K)] [ParOldGen: 367741K->367741K(368128K)] 505981K->400733K(529408K) [PSPermGen: 13647K->13647K(21504K)], 0.0736170 secs] [Times: user=0.52 sys=0.00, real=0.08 secs] 
247.974: Total time for which application threads were stopped: 0.0742250 seconds, Stopping threads took: 0.0000650 seconds
247.999: Application time: 0.0248970 seconds
247.999: [Full GC [PSYoungGen: 138240K->33012K(161280K)] [ParOldGen: 367741K->367741K(368128K)] 505981K->400753K(529408K) [PSPermGen: 13647K->13647K(21504K)], 0.0730560 secs] [Times: user=0.51 sys=0.00, real=0.07 secs] 
248.073: Total time for which application threads were stopped: 0.0737640 seconds, Stopping threads took: 0.0000710 seconds
248.098: Application time: 0.0250510 seconds
248.098: [Full GC [PSYoungGen: 138240K->33028K(161280K)] [ParOldGen: 367741K->367741K(368128K)] 505981K->400770K(529408K) [PSPermGen: 13647K->13647K(21504K)], 0.0736880 secs] [Times: user=0.52 sys=0.00, real=0.07 secs] 
248.172: Total time for which application threads were stopped: 0.0743990 seconds, Stopping threads took: 0.0000520 seconds
248.197: Application time: 0.0249500 seconds
248.198: [Full GC [PSYoungGen: 138240K->33043K(161280K)] [ParOldGen: 367741K->367741K(368128K)] 505981K->400784K(529408K) [PSPermGen: 13647K->13647K(21504K)], 0.0732520 secs] [Times: user=0.52 sys=0.00, real=0.07 secs] 
248.271: Total time for which application threads were stopped: 0.0739790 seconds, Stopping threads took: 0.0000820 seconds
248.296: Application time: 0.0251390 seconds
248.297: [Full GC [PSYoungGen: 138240K->33059K(161280K)] [ParOldGen: 367741K->367741K(368128K)] 505981K->400801K(529408K) [PSPermGen: 13647K->13647K(21504K)], 0.0727280 secs] [Times: user=0.51 sys=0.00, real=0.07 secs] 
248.370: Total time for which application threads were stopped: 0.0734440 seconds, Stopping threads took: 0.0000830 seconds
248.394: Application time: 0.0246610 seconds
248.395: [Full GC [PSYoungGen: 138240K->33074K(161280K)] [ParOldGen: 367741K->367741K(368128K)] 505981K->400815K(529408K) [PSPermGen: 13647K->13647K(21504K)], 0.0733840 secs] [Times: user=0.51 sys=0.00, real=0.07 secs] 
248.468: Total time for which application threads were stopped: 0.0740570 seconds, Stopping threads took: 0.0000580 seconds
248.493: Application time: 0.0249610 seconds
248.494: [Full GC [PSYoungGen: 138240K->33087K(161280K)] [ParOldGen: 367741K->367741K(368128K)] 505981K->400828K(529408K) [PSPermGen: 13647K->13647K(21504K)], 0.0733100 secs] [Times: user=0.52 sys=0.00, real=0.07 secs] 
248.567: Total time for which application threads were stopped: 0.0739930 seconds, Stopping threads took: 0.0000490 seconds
248.593: Application time: 0.0255160 seconds
248.593: [Full GC [PSYoungGen: 138240K->33047K(161280K)] [ParOldGen: 367741K->367741K(368128K)] 505981K->400789K(529408K) [PSPermGen: 13647K->13647K(21504K)], 0.0739860 secs] [Times: user=0.52 sys=0.00, real=0.08 secs] 
248.667: Total time for which application threads were stopped: 0.0746550 seconds, Stopping threads took: 0.0000610 seconds
248.693: Application time: 0.0253210 seconds
248.693: [Full GC [PSYoungGen: 138240K->33041K(161280K)] [ParOldGen: 367741K->367741K(368128K)] 505981K->400782K(529408K) [PSPermGen: 13647K->13647K(21504K)], 0.0733050 secs] [Times: user=0.52 sys=0.00, real=0.08 secs] 
248.767: Total time for which application threads were stopped: 0.0740380 seconds, Stopping threads took: 0.0000780 seconds
248.792: Application time: 0.0253690 seconds
248.793: [Full GC [PSYoungGen: 138240K->32927K(161280K)] [ParOldGen: 367741K->367741K(368128K)] 505981K->400669K(529408K) [PSPermGen: 13647K->13647K(21504K)], 0.0727190 secs] [Times: user=0.51 sys=0.00, real=0.07 secs] 
248.866: Total time for which application threads were stopped: 0.0734270 seconds, Stopping threads took: 0.0000690 seconds
248.891: Application time: 0.0250040 seconds
248.891: [Full GC [PSYoungGen: 138240K->32938K(161280K)] [ParOldGen: 367741K->367741K(368128K)] 505981K->400679K(529408K) [PSPermGen: 13647K->13647K(21504K)], 0.0732550 secs] [Times: user=0.52 sys=0.00, real=0.07 secs] 
248.964: Total time for which application threads were stopped: 0.0738740 seconds, Stopping threads took: 0.0000580 seconds
248.990: Application time: 0.0252540 seconds
248.990: [Full GC [PSYoungGen: 138240K->32955K(161280K)] [ParOldGen: 367741K->367741K(368128K)] 505981K->400697K(529408K) [PSPermGen: 13647K->13647K(21504K)], 0.0735810 secs] [Times: user=0.51 sys=0.00, real=0.07 secs] 
249.064: Total time for which application threads were stopped: 0.0742030 seconds, Stopping threads took: 0.0000700 seconds
249.089: Application time: 0.0255250 seconds
249.090: [Full GC [PSYoungGen: 138240K->32966K(161280K)] [ParOldGen: 367741K->367741K(368128K)] 505981K->400707K(529408K) [PSPermGen: 13647K->13647K(21504K)], 0.0737420 secs] [Times: user=0.52 sys=0.00, real=0.07 secs] 
249.164: Total time for which application threads were stopped: 0.0744380 seconds, Stopping threads took: 0.0000670 seconds
249.189: Application time: 0.0252960 seconds
249.190: [Full GC [PSYoungGen: 138240K->32981K(161280K)] [ParOldGen: 367741K->367741K(368128K)] 505981K->400723K(529408K) [PSPermGen: 13647K->13647K(21504K)], 0.0741660 secs] [Times: user=0.53 sys=0.00, real=0.07 secs] 
249.264: Total time for which application threads were stopped: 0.0749300 seconds, Stopping threads took: 0.0001290 seconds
249.290: Application time: 0.0262700 seconds
249.291: [Full GC [PSYoungGen: 138240K->32996K(161280K)] [ParOldGen: 367741K->367741K(368128K)] 505981K->400737K(529408K) [PSPermGen: 13647K->13647K(21504K)], 0.0736690 secs] [Times: user=0.52 sys=0.00, real=0.07 secs] 
249.365: Total time for which application threads were stopped: 0.0743800 seconds, Stopping threads took: 0.0000600 seconds
249.390: Application time: 0.0256880 seconds
249.391: [Full GC [PSYoungGen: 138240K->32947K(161280K)] [ParOldGen: 367741K->367741K(368128K)] 505981K->400688K(529408K) [PSPermGen: 13647K->13647K(21504K)], 0.0732180 secs] [Times: user=0.52 sys=0.00, real=0.07 secs] 
249.464: Total time for which application threads were stopped: 0.0739120 seconds, Stopping threads took: 0.0000770 seconds
249.490: Application time: 0.0254640 seconds
249.490: [Full GC [PSYoungGen: 138240K->32904K(161280K)] [ParOldGen: 367741K->367741K(368128K)] 505981K->400645K(529408K) [PSPermGen: 13647K->13647K(21504K)], 0.0732730 secs] [Times: user=0.51 sys=0.00, real=0.07 secs] 
249.564: Total time for which application threads were stopped: 0.0739760 seconds, Stopping threads took: 0.0000760 seconds
249.589: Application time: 0.0250800 seconds
249.589: [Full GC [PSYoungGen: 138240K->32900K(161280K)] [ParOldGen: 367741K->367741K(368128K)] 505981K->400641K(529408K) [PSPermGen: 13647K->13647K(21504K)], 0.0739480 secs] [Times: user=0.51 sys=0.00, real=0.07 secs] 
249.663: Total time for which application threads were stopped: 0.0745900 seconds, Stopping threads took: 0.0000850 seconds
249.689: Application time: 0.0251720 seconds
249.689: [Full GC [PSYoungGen: 138240K->32917K(161280K)] [ParOldGen: 367741K->367741K(368128K)] 505981K->400658K(529408K) [PSPermGen: 13647K->13647K(21504K)], 0.0734260 secs] [Times: user=0.51 sys=0.00, real=0.07 secs] 
249.763: Total time for which application threads were stopped: 0.0741070 seconds, Stopping threads took: 0.0000540 seconds
249.788: Application time: 0.0254440 seconds
249.789: [Full GC [PSYoungGen: 138240K->32933K(161280K)] [ParOldGen: 367741K->367741K(368128K)] 505981K->400674K(529408K) [PSPermGen: 13647K->13647K(21504K)], 0.0737830 secs] [Times: user=0.52 sys=0.00, real=0.07 secs] 
249.863: Total time for which application threads were stopped: 0.0743830 seconds, Stopping threads took: 0.0000380 seconds
249.888: Application time: 0.0254980 seconds
249.889: [Full GC [PSYoungGen: 138240K->32948K(161280K)] [ParOldGen: 367741K->367741K(368128K)] 505981K->400689K(529408K) [PSPermGen: 13647K->13647K(21504K)], 0.0731800 secs] [Times: user=0.51 sys=0.00, real=0.07 secs] 
249.962: Total time for which application threads were stopped: 0.0738400 seconds, Stopping threads took: 0.0000660 seconds
249.988: Application time: 0.0263180 seconds
249.989: [Full GC [PSYoungGen: 138240K->32908K(161280K)] [ParOldGen: 367741K->367741K(368128K)] 505981K->400649K(529408K) [PSPermGen: 13647K->13647K(21504K)], 0.0734930 secs] [Times: user=0.52 sys=0.00, real=0.07 secs] 
250.063: Total time for which application threads were stopped: 0.0742330 seconds, Stopping threads took: 0.0001140 seconds
250.088: Application time: 0.0250860 seconds
250.088: [Full GC [PSYoungGen: 138240K->32909K(161280K)] [ParOldGen: 367741K->367741K(368128K)] 505981K->400650K(529408K) [PSPermGen: 13647K->13647K(21504K)], 0.0919860 secs] [Times: user=0.64 sys=0.00, real=0.09 secs] 
250.180: Total time for which application threads were stopped: 0.0926360 seconds, Stopping threads took: 0.0000960 seconds
250.205: Application time: 0.0252550 seconds
250.206: [Full GC [PSYoungGen: 138240K->32923K(161280K)] [ParOldGen: 367741K->367741K(368128K)] 505981K->400665K(529408K) [PSPermGen: 13647K->13647K(21504K)], 0.0733730 secs] [Times: user=0.52 sys=0.00, real=0.07 secs] 
250.280: Total time for which application threads were stopped: 0.0740680 seconds, Stopping threads took: 0.0000650 seconds
250.305: Application time: 0.0251920 seconds
250.305: [Full GC [PSYoungGen: 138240K->32932K(161280K)] [ParOldGen: 367741K->367741K(368128K)] 505981K->400674K(529408K) [PSPermGen: 13647K->13647K(21504K)], 0.0739890 secs] [Times: user=0.52 sys=0.00, real=0.08 secs] 
250.379: Total time for which application threads were stopped: 0.0746020 seconds, Stopping threads took: 0.0000590 seconds
250.405: Application time: 0.0257260 seconds
250.406: [Full GC [PSYoungGen: 138240K->32898K(161280K)] [ParOldGen: 367741K->367741K(368128K)] 505981K->400639K(529408K) [PSPermGen: 13647K->13647K(21504K)], 0.0737720 secs] [Times: user=0.52 sys=0.00, real=0.07 secs] 
250.480: Total time for which application threads were stopped: 0.0744230 seconds, Stopping threads took: 0.0000650 seconds
250.505: Application time: 0.0250520 seconds
250.505: [Full GC [PSYoungGen: 138240K->32896K(161280K)] [ParOldGen: 367741K->367741K(368128K)] 505981K->400637K(529408K) [PSPermGen: 13647K->13647K(21504K)], 0.0732440 secs] [Times: user=0.52 sys=0.00, real=0.08 secs] 
250.579: Total time for which application threads were stopped: 0.0739360 seconds, Stopping threads took: 0.0000570 seconds
250.604: Application time: 0.0252440 seconds
250.604: [Full GC [PSYoungGen: 138240K->32857K(161280K)] [ParOldGen: 367741K->367741K(368128K)] 505981K->400599K(529408K) [PSPermGen: 13647K->13647K(21504K)], 0.0760560 secs] [Times: user=0.53 sys=0.00, real=0.08 secs] 
250.680: Total time for which application threads were stopped: 0.0766760 seconds, Stopping threads took: 0.0000690 seconds
250.705: Application time: 0.0250000 seconds
250.706: [Full GC [PSYoungGen: 138240K->32857K(161280K)] [ParOldGen: 367741K->367741K(368128K)] 505981K->400599K(529408K) [PSPermGen: 13647K->13647K(21504K)], 0.0735160 secs] [Times: user=0.51 sys=0.00, real=0.07 secs] 
250.780: Total time for which application threads were stopped: 0.0742510 seconds, Stopping threads took: 0.0000930 seconds
250.806: Application time: 0.0260510 seconds
250.806: [Full GC [PSYoungGen: 138240K->32872K(161280K)] [ParOldGen: 367741K->367741K(368128K)] 505981K->400614K(529408K) [PSPermGen: 13647K->13647K(21504K)], 0.0729770 secs] [Times: user=0.51 sys=0.00, real=0.07 secs] 
250.879: Total time for which application threads were stopped: 0.0736960 seconds, Stopping threads took: 0.0001210 seconds
250.905: Application time: 0.0251170 seconds
250.905: [Full GC [PSYoungGen: 138240K->32886K(161280K)] [ParOldGen: 367741K->367741K(368128K)] 505981K->400628K(529408K) [PSPermGen: 13647K->13647K(21504K)], 0.0745480 secs] [Times: user=0.52 sys=0.00, real=0.08 secs] 
250.980: Total time for which application threads were stopped: 0.0751670 seconds, Stopping threads took: 0.0000740 seconds
251.008: Application time: 0.0280610 seconds
251.009: [Full GC [PSYoungGen: 138240K->32902K(161280K)] [ParOldGen: 367741K->367741K(368128K)] 505981K->400643K(529408K) [PSPermGen: 13647K->13647K(21504K)], 0.0730580 secs] [Times: user=0.51 sys=0.00, real=0.07 secs] 
251.082: Total time for which application threads were stopped: 0.0738930 seconds, Stopping threads took: 0.0001130 seconds
251.107: Application time: 0.0250670 seconds
251.107: [Full GC [PSYoungGen: 138240K->32917K(161280K)] [ParOldGen: 367741K->367741K(368128K)] 505981K->400659K(529408K) [PSPermGen: 13647K->13647K(21504K)], 0.0735170 secs] [Times: user=0.52 sys=0.00, real=0.07 secs] 
251.181: Total time for which application threads were stopped: 0.0742550 seconds, Stopping threads took: 0.0001040 seconds
251.206: Application time: 0.0249490 seconds
251.207: [Full GC [PSYoungGen: 138240K->32932K(161280K)] [ParOldGen: 367741K->367741K(368128K)] 505981K->400673K(529408K) [PSPermGen: 13647K->13647K(21504K)], 0.0733430 secs] [Times: user=0.52 sys=0.00, real=0.07 secs] 
251.280: Total time for which application threads were stopped: 0.0740450 seconds, Stopping threads took: 0.0000650 seconds
251.305: Application time: 0.0247800 seconds
251.305: [Full GC [PSYoungGen: 138240K->32946K(161280K)] [ParOldGen: 367741K->367741K(368128K)] 505981K->400687K(529408K) [PSPermGen: 13647K->13647K(21504K)], 0.0739030 secs] [Times: user=0.52 sys=0.00, real=0.08 secs] 
251.379: Total time for which application threads were stopped: 0.0745260 seconds, Stopping threads took: 0.0000680 seconds
251.404: Application time: 0.0251100 seconds
251.405: [Full GC [PSYoungGen: 138240K->32962K(161280K)] [ParOldGen: 367741K->367741K(368128K)] 505981K->400704K(529408K) [PSPermGen: 13647K->13647K(21504K)], 0.0731880 secs] [Times: user=0.51 sys=0.00, real=0.08 secs] 
251.478: Total time for which application threads were stopped: 0.0738820 seconds, Stopping threads took: 0.0000550 seconds
251.503: Application time: 0.0248160 seconds
251.504: [Full GC [PSYoungGen: 138240K->32975K(161280K)] [ParOldGen: 367741K->367741K(368128K)] 505981K->400716K(529408K) [PSPermGen: 13647K->13647K(21504K)], 0.0740280 secs] [Times: user=0.52 sys=0.00, real=0.08 secs] 
251.578: Total time for which application threads were stopped: 0.0746560 seconds, Stopping threads took: 0.0000610 seconds
251.603: Application time: 0.0249200 seconds
251.603: [Full GC [PSYoungGen: 138240K->32992K(161280K)] [ParOldGen: 367741K->367741K(368128K)] 505981K->400733K(529408K) [PSPermGen: 13647K->13647K(21504K)], 0.0737400 secs] [Times: user=0.52 sys=0.00, real=0.08 secs] 
251.677: Total time for which application threads were stopped: 0.0743880 seconds, Stopping threads took: 0.0000650 seconds
251.702: Application time: 0.0252550 seconds
251.703: [Full GC [PSYoungGen: 138240K->33008K(161280K)] [ParOldGen: 367741K->367741K(368128K)] 505981K->400749K(529408K) [PSPermGen: 13647K->13647K(21504K)], 0.0736790 secs] [Times: user=0.51 sys=0.01, real=0.08 secs] 
251.777: Total time for which application threads were stopped: 0.0743760 seconds, Stopping threads took: 0.0000720 seconds
251.802: Application time: 0.0248160 seconds
251.802: [Full GC [PSYoungGen: 138240K->33023K(161280K)] [ParOldGen: 367741K->367741K(368128K)] 505981K->400764K(529408K) [PSPermGen: 13647K->13647K(21504K)], 0.0733450 secs] [Times: user=0.52 sys=0.00, real=0.08 secs] 
251.876: Total time for which application threads were stopped: 0.0740040 seconds, Stopping threads took: 0.0000830 seconds
251.901: Application time: 0.0250320 seconds
251.901: [Full GC [PSYoungGen: 138240K->33038K(161280K)] [ParOldGen: 367741K->367741K(368128K)] 505981K->400779K(529408K) [PSPermGen: 13647K->13647K(21504K)], 0.0737750 secs] [Times: user=0.52 sys=0.00, real=0.08 secs] 
251.975: Total time for which application threads were stopped: 0.0744900 seconds, Stopping threads took: 0.0000710 seconds
252.000: Application time: 0.0251040 seconds
252.001: [Full GC [PSYoungGen: 138240K->33054K(161280K)] [ParOldGen: 367741K->367741K(368128K)] 505981K->400796K(529408K) [PSPermGen: 13647K->13647K(21504K)], 0.0741950 secs] [Times: user=0.52 sys=0.00, real=0.08 secs] 
252.075: Total time for which application threads were stopped: 0.0748150 seconds, Stopping threads took: 0.0000520 seconds
252.100: Application time: 0.0250430 seconds
252.101: [Full GC [PSYoungGen: 138240K->33066K(161280K)] [ParOldGen: 367741K->367741K(368128K)] 505981K->400808K(529408K) [PSPermGen: 13647K->13647K(21504K)], 0.0733920 secs] [Times: user=0.52 sys=0.00, real=0.08 secs] 
252.174: Total time for which application threads were stopped: 0.0740990 seconds, Stopping threads took: 0.0000700 seconds
252.199: Application time: 0.0248130 seconds
252.200: [Full GC [PSYoungGen: 138240K->33079K(161280K)] [ParOldGen: 367741K->367741K(368128K)] 505981K->400821K(529408K) [PSPermGen: 13647K->13647K(21504K)], 0.0733110 secs] [Times: user=0.52 sys=0.00, real=0.07 secs] 
252.273: Total time for which application threads were stopped: 0.0740460 seconds, Stopping threads took: 0.0000660 seconds
252.298: Application time: 0.0250640 seconds
252.299: [Full GC [PSYoungGen: 138240K->33097K(161280K)] [ParOldGen: 367741K->367741K(368128K)] 505981K->400838K(529408K) [PSPermGen: 13647K->13647K(21504K)], 0.0753420 secs] [Times: user=0.51 sys=0.00, real=0.08 secs] 
252.374: Total time for which application threads were stopped: 0.0759880 seconds, Stopping threads took: 0.0000610 seconds
252.400: Application time: 0.0257840 seconds
252.400: [Full GC [PSYoungGen: 138240K->32999K(161280K)] [ParOldGen: 367741K->367741K(368128K)] 505981K->400740K(529408K) [PSPermGen: 13647K->13647K(21504K)], 0.0741450 secs] [Times: user=0.52 sys=0.00, real=0.08 secs] 
252.475: Total time for which application threads were stopped: 0.0747790 seconds, Stopping threads took: 0.0000700 seconds
252.500: Application time: 0.0255440 seconds
252.501: [Full GC [PSYoungGen: 138240K->32932K(161280K)] [ParOldGen: 367741K->367741K(368128K)] 505981K->400674K(529408K) [PSPermGen: 13647K->13647K(21504K)], 0.0738450 secs] [Times: user=0.52 sys=0.00, real=0.08 secs] 
252.575: Total time for which application threads were stopped: 0.0745490 seconds, Stopping threads took: 0.0000740 seconds
252.600: Application time: 0.0251630 seconds
252.601: [Full GC [PSYoungGen: 138240K->32930K(161280K)] [ParOldGen: 367741K->367741K(368128K)] 505981K->400672K(529408K) [PSPermGen: 13647K->13647K(21504K)], 0.0736540 secs] [Times: user=0.52 sys=0.00, real=0.08 secs] 
252.674: Total time for which application threads were stopped: 0.0742780 seconds, Stopping threads took: 0.0000710 seconds
252.699: Application time: 0.0250860 seconds
252.700: [Full GC [PSYoungGen: 138240K->32948K(161280K)] [ParOldGen: 367741K->367741K(368128K)] 505981K->400690K(529408K) [PSPermGen: 13647K->13647K(21504K)], 0.0741930 secs] [Times: user=0.50 sys=0.00, real=0.08 secs] 
252.774: Total time for which application threads were stopped: 0.0748290 seconds, Stopping threads took: 0.0000810 seconds
252.799: Application time: 0.0250610 seconds
252.800: [Full GC [PSYoungGen: 138240K->32963K(161280K)] [ParOldGen: 367741K->367741K(368128K)] 505981K->400704K(529408K) [PSPermGen: 13647K->13647K(21504K)], 0.0735100 secs] [Times: user=0.52 sys=0.00, real=0.07 secs] 
252.873: Total time for which application threads were stopped: 0.0742040 seconds, Stopping threads took: 0.0001170 seconds
252.898: Application time: 0.0250220 seconds
252.899: [Full GC [PSYoungGen: 138240K->32979K(161280K)] [ParOldGen: 367741K->367741K(368128K)] 505981K->400720K(529408K) [PSPermGen: 13647K->13647K(21504K)], 0.0731010 secs] [Times: user=0.51 sys=0.00, real=0.07 secs] 
252.972: Total time for which application threads were stopped: 0.0737400 seconds, Stopping threads took: 0.0000750 seconds
252.997: Application time: 0.0250980 seconds
252.998: [Full GC [PSYoungGen: 138240K->32993K(161280K)] [ParOldGen: 367741K->367741K(368128K)] 505981K->400734K(529408K) [PSPermGen: 13647K->13647K(21504K)], 0.0731340 secs] [Times: user=0.52 sys=0.00, real=0.07 secs] 
253.071: Total time for which application threads were stopped: 0.0738700 seconds, Stopping threads took: 0.0000920 seconds
253.096: Application time: 0.0250910 seconds
253.097: [Full GC [PSYoungGen: 138240K->33007K(161280K)] [ParOldGen: 367741K->367741K(368128K)] 505981K->400748K(529408K) [PSPermGen: 13647K->13647K(21504K)], 0.0744450 secs] [Times: user=0.51 sys=0.01, real=0.07 secs] 
253.171: Total time for which application threads were stopped: 0.0750770 seconds, Stopping threads took: 0.0000790 seconds
253.196: Application time: 0.0251250 seconds
253.197: [Full GC [PSYoungGen: 138240K->33021K(161280K)] [ParOldGen: 367741K->367741K(368128K)] 505981K->400763K(529408K) [PSPermGen: 13647K->13647K(21504K)], 0.0732990 secs] [Times: user=0.52 sys=0.00, real=0.07 secs] 
253.270: Total time for which application threads were stopped: 0.0740130 seconds, Stopping threads took: 0.0000850 seconds
253.296: Application time: 0.0254210 seconds
253.297: [Full GC [PSYoungGen: 138240K->32928K(161280K)] [ParOldGen: 367741K->367741K(368128K)] 505981K->400670K(529408K) [PSPermGen: 13647K->13647K(21504K)], 0.0737840 secs] [Times: user=0.52 sys=0.00, real=0.07 secs] 
253.370: Total time for which application threads were stopped: 0.0744680 seconds, Stopping threads took: 0.0000840 seconds
253.396: Application time: 0.0252600 seconds
253.396: [Full GC [PSYoungGen: 138240K->32910K(161280K)] [ParOldGen: 367741K->367741K(368128K)] 505981K->400652K(529408K) [PSPermGen: 13647K->13647K(21504K)], 0.0737730 secs] [Times: user=0.51 sys=0.00, real=0.07 secs] 
253.470: Total time for which application threads were stopped: 0.0744230 seconds, Stopping threads took: 0.0000750 seconds
253.495: Application time: 0.0251650 seconds
253.496: [Full GC [PSYoungGen: 138240K->32926K(161280K)] [ParOldGen: 367741K->367741K(368128K)] 505981K->400668K(529408K) [PSPermGen: 13647K->13647K(21504K)], 0.0734120 secs] [Times: user=0.51 sys=0.00, real=0.07 secs] 
253.569: Total time for which application threads were stopped: 0.0741090 seconds, Stopping threads took: 0.0000720 seconds
253.594: Application time: 0.0251360 seconds
253.595: [Full GC [PSYoungGen: 138240K->32943K(161280K)] [ParOldGen: 367741K->367741K(368128K)] 505981K->400684K(529408K) [PSPermGen: 13647K->13647K(21504K)], 0.0739440 secs] [Times: user=0.52 sys=0.00, real=0.07 secs] 
253.669: Total time for which application threads were stopped: 0.0745590 seconds, Stopping threads took: 0.0000550 seconds
253.694: Application time: 0.0252210 seconds
253.695: [Full GC [PSYoungGen: 138240K->32956K(161280K)] [ParOldGen: 367741K->367741K(368128K)] 505981K->400697K(529408K) [PSPermGen: 13647K->13647K(21504K)], 0.0732370 secs] [Times: user=0.51 sys=0.00, real=0.07 secs] 
253.768: Total time for which application threads were stopped: 0.0738510 seconds, Stopping threads took: 0.0000550 seconds
253.793: Application time: 0.0252440 seconds
253.794: [Full GC [PSYoungGen: 138240K->32918K(161280K)] [ParOldGen: 367741K->367741K(368128K)] 505981K->400659K(529408K) [PSPermGen: 13647K->13647K(21504K)], 0.0751270 secs] [Times: user=0.52 sys=0.00, real=0.07 secs] 
253.869: Total time for which application threads were stopped: 0.0757700 seconds, Stopping threads took: 0.0000800 seconds
253.894: Application time: 0.0250660 seconds
253.895: [Full GC [PSYoungGen: 138240K->32917K(161280K)] [ParOldGen: 367741K->367741K(368128K)] 505981K->400658K(529408K) [PSPermGen: 13647K->13647K(21504K)], 0.0751580 secs] [Times: user=0.52 sys=0.00, real=0.07 secs] 
253.970: Total time for which application threads were stopped: 0.0757760 seconds, Stopping threads took: 0.0000670 seconds
253.995: Application time: 0.0250920 seconds
253.996: [Full GC [PSYoungGen: 138240K->32934K(161280K)] [ParOldGen: 367741K->367741K(368128K)] 505981K->400675K(529408K) [PSPermGen: 13647K->13647K(21504K)], 0.0764960 secs] [Times: user=0.53 sys=0.00, real=0.07 secs] 
254.072: Total time for which application threads were stopped: 0.0772330 seconds, Stopping threads took: 0.0000610 seconds
254.098: Application time: 0.0253140 seconds
254.098: [Full GC [PSYoungGen: 138240K->32888K(161280K)] [ParOldGen: 367741K->367741K(368128K)] 505981K->400629K(529408K) [PSPermGen: 13647K->13647K(21504K)], 0.0740360 secs] [Times: user=0.51 sys=0.00, real=0.07 secs] 
254.172: Total time for which application threads were stopped: 0.0747120 seconds, Stopping threads took: 0.0001230 seconds
254.197: Application time: 0.0250860 seconds
254.198: [Full GC [PSYoungGen: 138240K->32891K(161280K)] [ParOldGen: 367741K->367741K(368128K)] 505981K->400632K(529408K) [PSPermGen: 13647K->13647K(21504K)], 0.0755400 secs] [Times: user=0.50 sys=0.00, real=0.08 secs] 
254.274: Total time for which application threads were stopped: 0.0761820 seconds, Stopping threads took: 0.0000610 seconds
254.299: Application time: 0.0252000 seconds
254.299: [Full GC [PSYoungGen: 138240K->32906K(161280K)] [ParOldGen: 367741K->367741K(368128K)] 505981K->400648K(529408K) [PSPermGen: 13647K->13647K(21504K)], 0.0732900 secs] [Times: user=0.51 sys=0.01, real=0.07 secs] 
254.373: Total time for which application threads were stopped: 0.0740070 seconds, Stopping threads took: 0.0000830 seconds
254.398: Application time: 0.0253970 seconds
254.399: [Full GC [PSYoungGen: 138240K->32866K(161280K)] [ParOldGen: 367741K->367741K(368128K)] 505981K->400608K(529408K) [PSPermGen: 13647K->13647K(21504K)], 0.0730550 secs] [Times: user=0.52 sys=0.00, real=0.07 secs] 
254.472: Total time for which application threads were stopped: 0.0737450 seconds, Stopping threads took: 0.0000690 seconds
254.497: Application time: 0.0253440 seconds
254.498: [Full GC [PSYoungGen: 138240K->32866K(161280K)] [ParOldGen: 367741K->367741K(368128K)] 505981K->400607K(529408K) [PSPermGen: 13647K->13647K(21504K)], 0.0731160 secs] [Times: user=0.52 sys=0.00, real=0.07 secs] 
254.571: Total time for which application threads were stopped: 0.0739000 seconds, Stopping threads took: 0.0001100 seconds
254.596: Application time: 0.0250560 seconds
254.597: [Full GC [PSYoungGen: 138240K->32879K(161280K)] [ParOldGen: 367741K->367741K(368128K)] 505981K->400620K(529408K) [PSPermGen: 13647K->13647K(21504K)], 0.0732510 secs] [Times: user=0.51 sys=0.00, real=0.07 secs] 
254.670: Total time for which application threads were stopped: 0.0739150 seconds, Stopping threads took: 0.0000610 seconds
254.695: Application time: 0.0252930 seconds
254.696: [Full GC [PSYoungGen: 138240K->32897K(161280K)] [ParOldGen: 367741K->367741K(368128K)] 505981K->400639K(529408K) [PSPermGen: 13647K->13647K(21504K)], 0.0741440 secs] [Times: user=0.51 sys=0.00, real=0.07 secs] 
254.770: Total time for which application threads were stopped: 0.0747790 seconds, Stopping threads took: 0.0000830 seconds
254.796: Application time: 0.0252750 seconds
254.796: [Full GC [PSYoungGen: 138240K->32909K(161280K)] [ParOldGen: 367741K->367741K(368128K)] 505981K->400650K(529408K) [PSPermGen: 13647K->13647K(21504K)], 0.0733040 secs] [Times: user=0.52 sys=0.00, real=0.07 secs] 
254.870: Total time for which application threads were stopped: 0.0740300 seconds, Stopping threads took: 0.0000760 seconds
254.895: Application time: 0.0251270 seconds
254.895: [Full GC [PSYoungGen: 138240K->32928K(161280K)] [ParOldGen: 367741K->367741K(368128K)] 505981K->400669K(529408K) [PSPermGen: 13647K->13647K(21504K)], 0.0736450 secs] [Times: user=0.51 sys=0.00, real=0.07 secs] 
254.969: Total time for which application threads were stopped: 0.0743650 seconds, Stopping threads took: 0.0001030 seconds
254.994: Application time: 0.0252460 seconds
254.995: [Full GC [PSYoungGen: 138240K->32940K(161280K)] [ParOldGen: 367741K->367741K(368128K)] 505981K->400681K(529408K) [PSPermGen: 13647K->13647K(21504K)], 0.0735160 secs] [Times: user=0.52 sys=0.00, real=0.07 secs] 
255.069: Total time for which application threads were stopped: 0.0742100 seconds, Stopping threads took: 0.0000720 seconds
255.094: Application time: 0.0252170 seconds
255.094: [Full GC [PSYoungGen: 138240K->32958K(161280K)] [ParOldGen: 367741K->367741K(368128K)] 505981K->400699K(529408K) [PSPermGen: 13647K->13647K(21504K)], 0.0743970 secs] [Times: user=0.52 sys=0.00, real=0.07 secs] 
255.169: Total time for which application threads were stopped: 0.0751410 seconds, Stopping threads took: 0.0001080 seconds
255.194: Application time: 0.0251580 seconds
255.195: [Full GC [PSYoungGen: 138240K->32971K(161280K)] [ParOldGen: 367741K->367741K(368128K)] 505981K->400712K(529408K) [PSPermGen: 13647K->13647K(21504K)], 0.0729500 secs] [Times: user=0.50 sys=0.00, real=0.07 secs] 
255.268: Total time for which application threads were stopped: 0.0735680 seconds, Stopping threads took: 0.0000640 seconds
255.293: Application time: 0.0252830 seconds
255.294: [Full GC [PSYoungGen: 138240K->32988K(161280K)] [ParOldGen: 367741K->367741K(368128K)] 505981K->400730K(529408K) [PSPermGen: 13647K->13647K(21504K)], 0.0746850 secs] [Times: user=0.51 sys=0.00, real=0.07 secs] 
255.368: Total time for which application threads were stopped: 0.0753640 seconds, Stopping threads took: 0.0000330 seconds
255.394: Application time: 0.0252420 seconds
255.394: [Full GC [PSYoungGen: 138240K->33003K(161280K)] [ParOldGen: 367741K->367741K(368128K)] 505981K->400744K(529408K) [PSPermGen: 13647K->13647K(21504K)], 0.0737820 secs] [Times: user=0.52 sys=0.00, real=0.07 secs] 
255.468: Total time for which application threads were stopped: 0.0744260 seconds, Stopping threads took: 0.0000910 seconds
255.493: Application time: 0.0249970 seconds
255.494: [Full GC [PSYoungGen: 138240K->33017K(161280K)] [ParOldGen: 367741K->367741K(368128K)] 505981K->400758K(529408K) [PSPermGen: 13647K->13647K(21504K)], 0.0737890 secs] [Times: user=0.52 sys=0.00, real=0.07 secs] 
255.567: Total time for which application threads were stopped: 0.0744550 seconds, Stopping threads took: 0.0001010 seconds
255.593: Application time: 0.0251130 seconds
255.593: [Full GC [PSYoungGen: 138240K->33033K(161280K)] [ParOldGen: 367741K->367741K(368128K)] 505981K->400774K(529408K) [PSPermGen: 13647K->13647K(21504K)], 0.0730940 secs] [Times: user=0.52 sys=0.00, real=0.08 secs] 
255.666: Total time for which application threads were stopped: 0.0738250 seconds, Stopping threads took: 0.0001090 seconds
255.692: Application time: 0.0253600 seconds
255.692: [Full GC [PSYoungGen: 138240K->33046K(161280K)] [ParOldGen: 367741K->367741K(368128K)] 505981K->400787K(529408K) [PSPermGen: 13647K->13647K(21504K)], 0.0739840 secs] [Times: user=0.52 sys=0.00, real=0.08 secs] 
255.766: Total time for which application threads were stopped: 0.0746260 seconds, Stopping threads took: 0.0000730 seconds
255.792: Application time: 0.0251570 seconds
255.792: [Full GC [PSYoungGen: 138240K->33063K(161280K)] [ParOldGen: 367741K->367741K(368128K)] 505981K->400804K(529408K) [PSPermGen: 13647K->13647K(21504K)], 0.0732270 secs] [Times: user=0.51 sys=0.00, real=0.08 secs] 
255.866: Total time for which application threads were stopped: 0.0740840 seconds, Stopping threads took: 0.0002350 seconds
255.891: Application time: 0.0251280 seconds
255.892: [Full GC [PSYoungGen: 138240K->33077K(161280K)] [ParOldGen: 367741K->367741K(368128K)] 505981K->400818K(529408K) [PSPermGen: 13647K->13647K(21504K)], 0.0737090 secs] [Times: user=0.52 sys=0.00, real=0.07 secs] 
255.965: Total time for which application threads were stopped: 0.0745440 seconds, Stopping threads took: 0.0001770 seconds
255.991: Application time: 0.0252890 seconds
255.991: [Full GC [PSYoungGen: 138240K->33038K(161280K)] [ParOldGen: 367741K->367741K(368128K)] 505981K->400779K(529408K) [PSPermGen: 13647K->13647K(21504K)], 0.0736180 secs] [Times: user=0.52 sys=0.00, real=0.07 secs] 
256.065: Total time for which application threads were stopped: 0.0743360 seconds, Stopping threads took: 0.0001120 seconds
256.090: Application time: 0.0252690 seconds
256.091: [Full GC [PSYoungGen: 138240K->33037K(161280K)] [ParOldGen: 367741K->367741K(368128K)] 505981K->400779K(529408K) [PSPermGen: 13647K->13647K(21504K)], 0.0748960 secs] [Times: user=0.52 sys=0.00, real=0.08 secs] 
256.166: Total time for which application threads were stopped: 0.0755730 seconds, Stopping threads took: 0.0001190 seconds
256.191: Application time: 0.0255320 seconds
256.192: [Full GC [PSYoungGen: 138240K->32990K(161280K)] [ParOldGen: 367741K->367741K(368128K)] 505981K->400732K(529408K) [PSPermGen: 13647K->13647K(21504K)], 0.0732560 secs] [Times: user=0.51 sys=0.00, real=0.07 secs] 
256.265: Total time for which application threads were stopped: 0.0739800 seconds, Stopping threads took: 0.0001130 seconds
256.291: Application time: 0.0252600 seconds
256.291: [Full GC [PSYoungGen: 138240K->32998K(161280K)] [ParOldGen: 367741K->367741K(368128K)] 505981K->400739K(529408K) [PSPermGen: 13647K->13647K(21504K)], 0.0732330 secs] [Times: user=0.51 sys=0.00, real=0.07 secs] 
256.365: Total time for which application threads were stopped: 0.0739690 seconds, Stopping threads took: 0.0000810 seconds
256.390: Application time: 0.0250900 seconds
256.390: [Full GC [PSYoungGen: 138240K->32957K(161280K)] [ParOldGen: 367741K->367741K(368128K)] 505981K->400698K(529408K) [PSPermGen: 13648K->13648K(21504K)], 0.0731420 secs] [Times: user=0.51 sys=0.00, real=0.07 secs] 
256.463: Total time for which application threads were stopped: 0.0738030 seconds, Stopping threads took: 0.0000530 seconds
256.489: Application time: 0.0255940 seconds
256.490: [Full GC [PSYoungGen: 138240K->32956K(161280K)] [ParOldGen: 367741K->367741K(368128K)] 505981K->400697K(529408K) [PSPermGen: 13648K->13648K(21504K)], 0.0740840 secs] [Times: user=0.52 sys=0.00, real=0.07 secs] 
256.564: Total time for which application threads were stopped: 0.0747940 seconds, Stopping threads took: 0.0001500 seconds
256.589: Application time: 0.0253120 seconds
256.590: [Full GC [PSYoungGen: 138240K->32973K(161280K)] [ParOldGen: 367741K->367741K(368128K)] 505981K->400715K(529408K) [PSPermGen: 13648K->13648K(21504K)], 0.0736990 secs] [Times: user=0.52 sys=0.00, real=0.07 secs] 
256.664: Total time for which application threads were stopped: 0.0744310 seconds, Stopping threads took: 0.0000920 seconds
256.689: Application time: 0.0250000 seconds
256.689: [Full GC [PSYoungGen: 138240K->32986K(161280K)] [ParOldGen: 367741K->367741K(368128K)] 505981K->400727K(529408K) [PSPermGen: 13648K->13648K(21504K)], 0.0727490 secs] [Times: user=0.52 sys=0.00, real=0.07 secs] 
256.762: Total time for which application threads were stopped: 0.0734710 seconds, Stopping threads took: 0.0001040 seconds
256.787: Application time: 0.0250930 seconds
256.788: [Full GC [PSYoungGen: 138240K->33002K(161280K)] [ParOldGen: 367741K->367741K(368128K)] 505981K->400743K(529408K) [PSPermGen: 13648K->13648K(21504K)], 0.0744430 secs] [Times: user=0.50 sys=0.00, real=0.07 secs] 
256.862: Total time for which application threads were stopped: 0.0751550 seconds, Stopping threads took: 0.0000880 seconds
256.888: Application time: 0.0252140 seconds
256.888: [Full GC [PSYoungGen: 138240K->33016K(161280K)] [ParOldGen: 367741K->367741K(368128K)] 505981K->400758K(529408K) [PSPermGen: 13648K->13648K(21504K)], 0.0732160 secs] [Times: user=0.51 sys=0.00, real=0.07 secs] 
256.961: Total time for which application threads were stopped: 0.0739520 seconds, Stopping threads took: 0.0000750 seconds
256.987: Application time: 0.0253510 seconds
256.987: [Full GC [PSYoungGen: 138240K->32906K(161280K)] [ParOldGen: 367741K->367741K(368128K)] 505981K->400647K(529408K) [PSPermGen: 13648K->13648K(21504K)], 0.0731660 secs] [Times: user=0.52 sys=0.00, real=0.07 secs] 
257.061: Total time for which application threads were stopped: 0.0738590 seconds, Stopping threads took: 0.0000710 seconds
257.086: Application time: 0.0251950 seconds
257.087: [Full GC [PSYoungGen: 138240K->32908K(161280K)] [ParOldGen: 367741K->367741K(368128K)] 505981K->400649K(529408K) [PSPermGen: 13648K->13648K(21504K)], 0.0747780 secs] [Times: user=0.52 sys=0.00, real=0.07 secs] 
257.161: Total time for which application threads were stopped: 0.0755150 seconds, Stopping threads took: 0.0001140 seconds
257.186: Application time: 0.0250770 seconds
257.187: [Full GC [PSYoungGen: 138240K->32923K(161280K)] [ParOldGen: 367741K->367741K(368128K)] 505981K->400664K(529408K) [PSPermGen: 13648K->13648K(21504K)], 0.0736160 secs] [Times: user=0.51 sys=0.01, real=0.07 secs] 
257.261: Total time for which application threads were stopped: 0.0742820 seconds, Stopping threads took: 0.0000490 seconds
257.286: Application time: 0.0250140 seconds
257.286: [Full GC [PSYoungGen: 138240K->32937K(161280K)] [ParOldGen: 367741K->367741K(368128K)] 505981K->400678K(529408K) [PSPermGen: 13648K->13648K(21504K)], 0.0728090 secs] [Times: user=0.52 sys=0.00, real=0.07 secs] 
257.359: Total time for which application threads were stopped: 0.0735060 seconds, Stopping threads took: 0.0000650 seconds
257.384: Application time: 0.0249080 seconds
257.385: [Full GC [PSYoungGen: 138240K->32953K(161280K)] [ParOldGen: 367741K->367741K(368128K)] 505981K->400695K(529408K) [PSPermGen: 13648K->13648K(21504K)], 0.0724080 secs] [Times: user=0.51 sys=0.00, real=0.08 secs] 
257.457: Total time for which application threads were stopped: 0.0730970 seconds, Stopping threads took: 0.0000520 seconds
257.482: Application time: 0.0248450 seconds
257.483: [Full GC [PSYoungGen: 138240K->32968K(161280K)] [ParOldGen: 367741K->367741K(368128K)] 505981K->400709K(529408K) [PSPermGen: 13648K->13648K(21504K)], 0.0739390 secs] [Times: user=0.51 sys=0.00, real=0.08 secs] 
257.557: Total time for which application threads were stopped: 0.0745810 seconds, Stopping threads took: 0.0000630 seconds
257.582: Application time: 0.0252630 seconds
257.583: [Full GC [PSYoungGen: 138240K->32925K(161280K)] [ParOldGen: 367741K->367741K(368128K)] 505981K->400666K(529408K) [PSPermGen: 13648K->13648K(21504K)], 0.0734530 secs] [Times: user=0.52 sys=0.00, real=0.08 secs] 
257.656: Total time for which application threads were stopped: 0.0741520 seconds, Stopping threads took: 0.0000640 seconds
257.681: Application time: 0.0253060 seconds
257.686: [Full GC [PSYoungGen: 138240K->32869K(161280K)] [ParOldGen: 367741K->367741K(368128K)] 505981K->400610K(529408K) [PSPermGen: 13648K->13648K(21504K)], 0.0735820 secs] [Times: user=0.51 sys=0.00, real=0.07 secs] 
257.760: Total time for which application threads were stopped: 0.0782940 seconds, Stopping threads took: 0.0040930 seconds
257.785: Application time: 0.0250910 seconds
257.786: [Full GC [PSYoungGen: 138240K->32872K(161280K)] [ParOldGen: 367741K->367741K(368128K)] 505981K->400613K(529408K) [PSPermGen: 13648K->13648K(21504K)], 0.0729760 secs] [Times: user=0.51 sys=0.01, real=0.08 secs] 
257.859: Total time for which application threads were stopped: 0.0736800 seconds, Stopping threads took: 0.0000700 seconds
257.883: Application time: 0.0248800 seconds
257.884: [Full GC [PSYoungGen: 138240K->32887K(161280K)] [ParOldGen: 367741K->367741K(368128K)] 505981K->400628K(529408K) [PSPermGen: 13648K->13648K(21504K)], 0.0733380 secs] [Times: user=0.51 sys=0.00, real=0.08 secs] 
257.957: Total time for which application threads were stopped: 0.0740330 seconds, Stopping threads took: 0.0000530 seconds
257.982: Application time: 0.0248840 seconds
257.983: [Full GC [PSYoungGen: 138240K->32902K(161280K)] [ParOldGen: 367741K->367741K(368128K)] 505981K->400644K(529408K) [PSPermGen: 13648K->13648K(21504K)], 0.0729030 secs] [Times: user=0.51 sys=0.00, real=0.08 secs] 
258.056: Total time for which application threads were stopped: 0.0736020 seconds, Stopping threads took: 0.0000560 seconds
258.082: Application time: 0.0261200 seconds
258.083: [Full GC [PSYoungGen: 138240K->32861K(161280K)] [ParOldGen: 367741K->367741K(368128K)] 505981K->400602K(529408K) [PSPermGen: 13648K->13648K(21504K)], 0.0743410 secs] [Times: user=0.52 sys=0.00, real=0.08 secs] 
258.157: Total time for which application threads were stopped: 0.0749780 seconds, Stopping threads took: 0.0000520 seconds
258.182: Application time: 0.0250060 seconds
258.183: [Full GC [PSYoungGen: 138240K->32860K(161280K)] [ParOldGen: 367741K->367741K(368128K)] 505981K->400601K(529408K) [PSPermGen: 13648K->13648K(21504K)], 0.0729390 secs] [Times: user=0.52 sys=0.00, real=0.08 secs] 
258.256: Total time for which application threads were stopped: 0.0736630 seconds, Stopping threads took: 0.0000660 seconds
258.281: Application time: 0.0248560 seconds
258.281: [Full GC [PSYoungGen: 138240K->32870K(161280K)] [ParOldGen: 367741K->367741K(368128K)] 505981K->400612K(529408K) [PSPermGen: 13648K->13648K(21504K)], 0.0781270 secs] [Times: user=0.55 sys=0.01, real=0.08 secs] 
258.359: Total time for which application threads were stopped: 0.0787610 seconds, Stopping threads took: 0.0000590 seconds
258.384: Application time: 0.0248910 seconds
258.385: [Full GC [PSYoungGen: 138240K->32891K(161280K)] [ParOldGen: 367741K->367741K(368128K)] 505981K->400633K(529408K) [PSPermGen: 13648K->13648K(21504K)], 0.0729420 secs] [Times: user=0.51 sys=0.00, real=0.08 secs] 
258.458: Total time for which application threads were stopped: 0.0736210 seconds, Stopping threads took: 0.0000610 seconds
258.483: Application time: 0.0248050 seconds
258.483: [Full GC [PSYoungGen: 138240K->32905K(161280K)] [ParOldGen: 367741K->367741K(368128K)] 505981K->400647K(529408K) [PSPermGen: 13648K->13648K(21504K)], 0.0740300 secs] [Times: user=0.51 sys=0.00, real=0.08 secs] 
258.557: Total time for which application threads were stopped: 0.0747560 seconds, Stopping threads took: 0.0000860 seconds
258.582: Application time: 0.0248460 seconds
258.583: [Full GC [PSYoungGen: 138240K->32922K(161280K)] [ParOldGen: 367741K->367741K(368128K)] 505981K->400663K(529408K) [PSPermGen: 13648K->13648K(21504K)], 0.0736820 secs] [Times: user=0.52 sys=0.00, real=0.08 secs] 
258.657: Total time for which application threads were stopped: 0.0743310 seconds, Stopping threads took: 0.0000960 seconds
258.682: Application time: 0.0249640 seconds
258.682: [Full GC [PSYoungGen: 138240K->32937K(161280K)] [ParOldGen: 367741K->367741K(368128K)] 505981K->400679K(529408K) [PSPermGen: 13648K->13648K(21504K)], 0.0737870 secs] [Times: user=0.52 sys=0.00, real=0.08 secs] 
258.756: Total time for which application threads were stopped: 0.0744350 seconds, Stopping threads took: 0.0000650 seconds
258.781: Application time: 0.0248760 seconds
258.782: [Full GC [PSYoungGen: 138240K->32953K(161280K)] [ParOldGen: 367741K->367741K(368128K)] 505981K->400694K(529408K) [PSPermGen: 13648K->13648K(21504K)], 0.0729890 secs] [Times: user=0.51 sys=0.00, real=0.08 secs] 
258.855: Total time for which application threads were stopped: 0.0737000 seconds, Stopping threads took: 0.0000650 seconds
258.881: Application time: 0.0263100 seconds
258.882: [Full GC [PSYoungGen: 138240K->32967K(161280K)] [ParOldGen: 367741K->367741K(368128K)] 505981K->400708K(529408K) [PSPermGen: 13648K->13648K(21504K)], 0.0733610 secs] [Times: user=0.52 sys=0.00, real=0.08 secs] 
258.955: Total time for which application threads were stopped: 0.0740990 seconds, Stopping threads took: 0.0000900 seconds
258.980: Application time: 0.0249550 seconds
258.981: [Full GC [PSYoungGen: 138240K->32982K(161280K)] [ParOldGen: 367741K->367741K(368128K)] 505981K->400723K(529408K) [PSPermGen: 13648K->13648K(21504K)], 0.0734660 secs] [Times: user=0.51 sys=0.00, real=0.08 secs] 
259.054: Total time for which application threads were stopped: 0.0741000 seconds, Stopping threads took: 0.0000830 seconds
259.079: Application time: 0.0252910 seconds
259.080: [Full GC [PSYoungGen: 138240K->32998K(161280K)] [ParOldGen: 367741K->367741K(368128K)] 505981K->400739K(529408K) [PSPermGen: 13648K->13648K(21504K)], 0.0739730 secs] [Times: user=0.52 sys=0.00, real=0.08 secs] 
259.154: Total time for which application threads were stopped: 0.0746770 seconds, Stopping threads took: 0.0000690 seconds
259.179: Application time: 0.0249640 seconds
259.180: [Full GC [PSYoungGen: 138240K->33012K(161280K)] [ParOldGen: 367741K->367741K(368128K)] 505981K->400753K(529408K) [PSPermGen: 13648K->13648K(21504K)], 0.0741440 secs] [Times: user=0.52 sys=0.00, real=0.08 secs] 
259.254: Total time for which application threads were stopped: 0.0747650 seconds, Stopping threads took: 0.0000700 seconds
259.279: Application time: 0.0249100 seconds
259.279: [Full GC [PSYoungGen: 138240K->33026K(161280K)] [ParOldGen: 367741K->367741K(368128K)] 505981K->400768K(529408K) [PSPermGen: 13648K->13648K(21504K)], 0.0734360 secs] [Times: user=0.52 sys=0.00, real=0.07 secs] 
259.353: Total time for which application threads were stopped: 0.0741970 seconds, Stopping threads took: 0.0001090 seconds
259.378: Application time: 0.0253390 seconds
259.379: [Full GC [PSYoungGen: 138240K->33043K(161280K)] [ParOldGen: 367741K->367741K(368128K)] 505981K->400785K(529408K) [PSPermGen: 13648K->13648K(21504K)], 0.0733420 secs] [Times: user=0.52 sys=0.00, real=0.07 secs] 
259.452: Total time for which application threads were stopped: 0.0740450 seconds, Stopping threads took: 0.0000640 seconds
259.477: Application time: 0.0251040 seconds
259.478: [Full GC [PSYoungGen: 138240K->33057K(161280K)] [ParOldGen: 367741K->367741K(368128K)] 505981K->400799K(529408K) [PSPermGen: 13648K->13648K(21504K)], 0.0734980 secs] [Times: user=0.52 sys=0.00, real=0.07 secs] 
259.552: Total time for which application threads were stopped: 0.0741890 seconds, Stopping threads took: 0.0000470 seconds
259.577: Application time: 0.0252210 seconds
259.577: [Full GC [PSYoungGen: 138240K->33075K(161280K)] [ParOldGen: 367741K->367741K(368128K)] 505981K->400816K(529408K) [PSPermGen: 13648K->13648K(21504K)], 0.0736640 secs] [Times: user=0.51 sys=0.01, real=0.07 secs] 
259.651: Total time for which application threads were stopped: 0.0743660 seconds, Stopping threads took: 0.0000860 seconds
259.677: Application time: 0.0255490 seconds
259.677: [Full GC [PSYoungGen: 138240K->33085K(161280K)] [ParOldGen: 367741K->367741K(368128K)] 505981K->400826K(529408K) [PSPermGen: 13648K->13648K(21504K)], 0.0739910 secs] [Times: user=0.52 sys=0.00, real=0.07 secs] 
259.751: Total time for which application threads were stopped: 0.0746280 seconds, Stopping threads took: 0.0000640 seconds
259.777: Application time: 0.0252720 seconds
259.777: [Full GC [PSYoungGen: 138240K->33034K(161280K)] [ParOldGen: 367741K->367741K(368128K)] 505981K->400775K(529408K) [PSPermGen: 13648K->13648K(21504K)], 0.0743810 secs] [Times: user=0.52 sys=0.00, real=0.07 secs] 
259.852: Total time for which application threads were stopped: 0.0750470 seconds, Stopping threads took: 0.0000560 seconds
259.878: Application time: 0.0258290 seconds
259.878: [Full GC [PSYoungGen: 138240K->33046K(161280K)] [ParOldGen: 367741K->367741K(368128K)] 505981K->400788K(529408K) [PSPermGen: 13648K->13648K(21504K)], 0.0728140 secs] [Times: user=0.52 sys=0.00, real=0.07 secs] 
259.951: Total time for which application threads were stopped: 0.0735510 seconds, Stopping threads took: 0.0000820 seconds
259.977: Application time: 0.0256080 seconds
259.977: [Full GC [PSYoungGen: 138240K->32937K(161280K)] [ParOldGen: 367741K->367741K(368128K)] 505981K->400679K(529408K) [PSPermGen: 13648K->13648K(21504K)], 0.0734480 secs] [Times: user=0.52 sys=0.00, real=0.07 secs] 
260.051: Total time for which application threads were stopped: 0.0741210 seconds, Stopping threads took: 0.0000570 seconds
260.076: Application time: 0.0253480 seconds
260.077: [Full GC [PSYoungGen: 138240K->32935K(161280K)] [ParOldGen: 367741K->367741K(368128K)] 505981K->400677K(529408K) [PSPermGen: 13648K->13648K(21504K)], 0.0739030 secs] [Times: user=0.51 sys=0.01, real=0.07 secs] 
260.151: Total time for which application threads were stopped: 0.0745980 seconds, Stopping threads took: 0.0000660 seconds
260.176: Application time: 0.0252740 seconds
260.177: [Full GC [PSYoungGen: 138240K->32950K(161280K)] [ParOldGen: 367741K->367741K(368128K)] 505981K->400691K(529408K) [PSPermGen: 13648K->13648K(21504K)], 0.0738770 secs] [Times: user=0.52 sys=0.00, real=0.07 secs] 
260.251: Total time for which application threads were stopped: 0.0745170 seconds, Stopping threads took: 0.0000890 seconds
260.276: Application time: 0.0252100 seconds
260.276: [Full GC [PSYoungGen: 138240K->32968K(161280K)] [ParOldGen: 367741K->367741K(368128K)] 505981K->400709K(529408K) [PSPermGen: 13648K->13648K(21504K)], 0.0735520 secs] [Times: user=0.52 sys=0.00, real=0.07 secs] 
260.350: Total time for which application threads were stopped: 0.0743030 seconds, Stopping threads took: 0.0001150 seconds
260.375: Application time: 0.0251650 seconds
260.376: [Full GC [PSYoungGen: 138240K->32981K(161280K)] [ParOldGen: 367741K->367741K(368128K)] 505981K->400722K(529408K) [PSPermGen: 13648K->13648K(21504K)], 0.0734810 secs] [Times: user=0.52 sys=0.00, real=0.07 secs] 
260.449: Total time for which application threads were stopped: 0.0741810 seconds, Stopping threads took: 0.0000580 seconds
260.474: Application time: 0.0248130 seconds
260.475: [Full GC [PSYoungGen: 138240K->32996K(161280K)] [ParOldGen: 367741K->367741K(368128K)] 505981K->400738K(529408K) [PSPermGen: 13648K->13648K(21504K)], 0.0733170 secs] [Times: user=0.51 sys=0.00, real=0.07 secs] 
260.548: Total time for which application threads were stopped: 0.0739490 seconds, Stopping threads took: 0.0000610 seconds
260.573: Application time: 0.0250890 seconds
260.574: [Full GC [PSYoungGen: 138240K->33013K(161280K)] [ParOldGen: 367741K->367741K(368128K)] 505981K->400754K(529408K) [PSPermGen: 13648K->13648K(21504K)], 0.0738600 secs] [Times: user=0.52 sys=0.00, real=0.07 secs] 
260.648: Total time for which application threads were stopped: 0.0745570 seconds, Stopping threads took: 0.0000520 seconds
260.673: Application time: 0.0256280 seconds
260.674: [Full GC [PSYoungGen: 138240K->32975K(161280K)] [ParOldGen: 367741K->367741K(368128K)] 505981K->400716K(529408K) [PSPermGen: 13648K->13648K(21504K)], 0.0740930 secs] [Times: user=0.51 sys=0.00, real=0.07 secs] 
260.748: Total time for which application threads were stopped: 0.0747530 seconds, Stopping threads took: 0.0001010 seconds
260.773: Application time: 0.0251410 seconds
260.774: [Full GC [PSYoungGen: 138240K->32972K(161280K)] [ParOldGen: 367741K->367741K(368128K)] 505981K->400713K(529408K) [PSPermGen: 13648K->13648K(21504K)], 0.0738510 secs] [Times: user=0.51 sys=0.00, real=0.07 secs] 
260.848: Total time for which application threads were stopped: 0.0745060 seconds, Stopping threads took: 0.0000720 seconds
260.873: Application time: 0.0253570 seconds
260.874: [Full GC [PSYoungGen: 138240K->32926K(161280K)] [ParOldGen: 367741K->367741K(368128K)] 505981K->400667K(529408K) [PSPermGen: 13648K->13648K(21504K)], 0.0736610 secs] [Times: user=0.51 sys=0.00, real=0.07 secs] 
260.948: Total time for which application threads were stopped: 0.0742850 seconds, Stopping threads took: 0.0000530 seconds
260.973: Application time: 0.0251260 seconds
260.973: [Full GC [PSYoungGen: 138240K->32932K(161280K)] [ParOldGen: 367741K->367741K(368128K)] 505981K->400673K(529408K) [PSPermGen: 13648K->13648K(21504K)], 0.0736440 secs] [Times: user=0.52 sys=0.00, real=0.08 secs] 
261.047: Total time for which application threads were stopped: 0.0743050 seconds, Stopping threads took: 0.0001060 seconds
261.072: Application time: 0.0252010 seconds
261.073: [Full GC [PSYoungGen: 138240K->32947K(161280K)] [ParOldGen: 367741K->367741K(368128K)] 505981K->400689K(529408K) [PSPermGen: 13648K->13648K(21504K)], 0.0746630 secs] [Times: user=0.52 sys=0.00, real=0.08 secs] 
261.148: Total time for which application threads were stopped: 0.0753140 seconds, Stopping threads took: 0.0000780 seconds
261.173: Application time: 0.0251910 seconds
261.173: [Full GC [PSYoungGen: 138240K->32962K(161280K)] [ParOldGen: 367741K->367741K(368128K)] 505981K->400703K(529408K) [PSPermGen: 13648K->13648K(21504K)], 0.0737120 secs] [Times: user=0.51 sys=0.01, real=0.08 secs] 
261.247: Total time for which application threads were stopped: 0.0743670 seconds, Stopping threads took: 0.0001010 seconds
261.273: Application time: 0.0260380 seconds
261.274: [Full GC [PSYoungGen: 138240K->32866K(161280K)] [ParOldGen: 367741K->367741K(368128K)] 505981K->400607K(529408K) [PSPermGen: 13648K->13648K(21504K)], 0.0737540 secs] [Times: user=0.51 sys=0.00, real=0.07 secs] 
261.348: Total time for which application threads were stopped: 0.0744120 seconds, Stopping threads took: 0.0000590 seconds
261.373: Application time: 0.0252760 seconds
261.373: [Full GC [PSYoungGen: 138240K->32850K(161280K)] [ParOldGen: 367741K->367741K(368128K)] 505981K->400591K(529408K) [PSPermGen: 13648K->13648K(21504K)], 0.0746280 secs] [Times: user=0.51 sys=0.01, real=0.08 secs] 
261.448: Total time for which application threads were stopped: 0.0753950 seconds, Stopping threads took: 0.0000850 seconds
261.473: Application time: 0.0249690 seconds
261.474: [Full GC [PSYoungGen: 138240K->32868K(161280K)] [ParOldGen: 367741K->367741K(368128K)] 505981K->400609K(529408K) [PSPermGen: 13648K->13648K(21504K)], 0.0736090 secs] [Times: user=0.52 sys=0.00, real=0.07 secs] 
261.548: Total time for which application threads were stopped: 0.0743260 seconds, Stopping threads took: 0.0000910 seconds
261.573: Application time: 0.0251420 seconds
261.573: [Full GC [PSYoungGen: 138240K->32882K(161280K)] [ParOldGen: 367741K->367741K(368128K)] 505981K->400624K(529408K) [PSPermGen: 13648K->13648K(21504K)], 0.0740070 secs] [Times: user=0.52 sys=0.00, real=0.08 secs] 
261.647: Total time for which application threads were stopped: 0.0746290 seconds, Stopping threads took: 0.0000680 seconds
261.672: Application time: 0.0250500 seconds
261.673: [Full GC [PSYoungGen: 138240K->32897K(161280K)] [ParOldGen: 367741K->367741K(368128K)] 505981K->400638K(529408K) [PSPermGen: 13648K->13648K(21504K)], 0.0738480 secs] [Times: user=0.52 sys=0.00, real=0.08 secs] 
261.747: Total time for which application threads were stopped: 0.0744910 seconds, Stopping threads took: 0.0000690 seconds
261.772: Application time: 0.0251350 seconds
261.773: [Full GC [PSYoungGen: 138240K->32913K(161280K)] [ParOldGen: 367741K->367741K(368128K)] 505981K->400654K(529408K) [PSPermGen: 13648K->13648K(21504K)], 0.0734220 secs] [Times: user=0.52 sys=0.00, real=0.08 secs] 
261.846: Total time for which application threads were stopped: 0.0741400 seconds, Stopping threads took: 0.0000970 seconds
261.871: Application time: 0.0247300 seconds
261.871: [Full GC [PSYoungGen: 138240K->32928K(161280K)] [ParOldGen: 367741K->367741K(368128K)] 505981K->400669K(529408K) [PSPermGen: 13648K->13648K(21504K)], 0.0729760 secs] [Times: user=0.52 sys=0.00, real=0.07 secs] 
261.945: Total time for which application threads were stopped: 0.0736690 seconds, Stopping threads took: 0.0000650 seconds
261.970: Application time: 0.0252070 seconds
261.970: [Full GC [PSYoungGen: 138240K->32942K(161280K)] [ParOldGen: 367741K->367741K(368128K)] 505981K->400683K(529408K) [PSPermGen: 13648K->13648K(21504K)], 0.0733310 secs] [Times: user=0.52 sys=0.00, real=0.07 secs] 
262.044: Total time for which application threads were stopped: 0.0740620 seconds, Stopping threads took: 0.0000930 seconds
262.069: Application time: 0.0254520 seconds
262.070: [Full GC [PSYoungGen: 138240K->32880K(161280K)] [ParOldGen: 367741K->367741K(368128K)] 505981K->400621K(529408K) [PSPermGen: 13648K->13648K(21504K)], 0.0749660 secs] [Times: user=0.52 sys=0.00, real=0.07 secs] 
262.145: Total time for which application threads were stopped: 0.0755890 seconds, Stopping threads took: 0.0000690 seconds
262.170: Application time: 0.0249570 seconds
262.170: [Full GC [PSYoungGen: 138240K->32898K(161280K)] [ParOldGen: 367741K->367741K(368128K)] 505981K->400639K(529408K) [PSPermGen: 13648K->13648K(21504K)], 0.0730390 secs] [Times: user=0.52 sys=0.00, real=0.07 secs] 
262.244: Total time for which application threads were stopped: 0.0736970 seconds, Stopping threads took: 0.0000530 seconds
262.269: Application time: 0.0250970 seconds
262.269: [Full GC [PSYoungGen: 138240K->32916K(161280K)] [ParOldGen: 367741K->367741K(368128K)] 505981K->400658K(529408K) [PSPermGen: 13648K->13648K(21504K)], 0.0738240 secs] [Times: user=0.52 sys=0.00, real=0.07 secs] 
262.343: Total time for which application threads were stopped: 0.0744750 seconds, Stopping threads took: 0.0000680 seconds
262.368: Application time: 0.0249350 seconds
262.369: [Full GC [PSYoungGen: 138240K->32933K(161280K)] [ParOldGen: 367741K->367741K(368128K)] 505981K->400674K(529408K) [PSPermGen: 13648K->13648K(21504K)], 0.0741180 secs] [Times: user=0.52 sys=0.00, real=0.07 secs] 
262.443: Total time for which application threads were stopped: 0.0748300 seconds, Stopping threads took: 0.0000880 seconds
262.468: Application time: 0.0250280 seconds
262.468: [Full GC [PSYoungGen: 138240K->32946K(161280K)] [ParOldGen: 367741K->367741K(368128K)] 505981K->400688K(529408K) [PSPermGen: 13648K->13648K(21504K)], 0.0738900 secs] [Times: user=0.52 sys=0.00, real=0.07 secs] 
262.542: Total time for which application threads were stopped: 0.0745240 seconds, Stopping threads took: 0.0000790 seconds
262.567: Application time: 0.0249550 seconds
262.568: [Full GC [PSYoungGen: 138240K->32962K(161280K)] [ParOldGen: 367741K->367741K(368128K)] 505981K->400703K(529408K) [PSPermGen: 13648K->13648K(21504K)], 0.0739620 secs] [Times: user=0.52 sys=0.00, real=0.07 secs] 
262.642: Total time for which application threads were stopped: 0.0746760 seconds, Stopping threads took: 0.0000870 seconds
262.667: Application time: 0.0250310 seconds
262.668: [Full GC [PSYoungGen: 138240K->32975K(161280K)] [ParOldGen: 367741K->367741K(368128K)] 505981K->400717K(529408K) [PSPermGen: 13648K->13648K(21504K)], 0.0754490 secs] [Times: user=0.53 sys=0.00, real=0.07 secs] 
262.743: Total time for which application threads were stopped: 0.0761740 seconds, Stopping threads took: 0.0000920 seconds
262.768: Application time: 0.0248970 seconds
262.769: [Full GC [PSYoungGen: 138240K->32992K(161280K)] [ParOldGen: 367741K->367741K(368128K)] 505981K->400734K(529408K) [PSPermGen: 13648K->13648K(21504K)], 0.0730530 secs] [Times: user=0.52 sys=0.00, real=0.07 secs] 
262.842: Total time for which application threads were stopped: 0.0738020 seconds, Stopping threads took: 0.0001160 seconds
262.867: Application time: 0.0250710 seconds
262.868: [Full GC [PSYoungGen: 138240K->33007K(161280K)] [ParOldGen: 367741K->367741K(368128K)] 505981K->400748K(529408K) [PSPermGen: 13648K->13648K(21504K)], 0.0736630 secs] [Times: user=0.51 sys=0.00, real=0.07 secs] 
262.941: Total time for which application threads were stopped: 0.0743500 seconds, Stopping threads took: 0.0000430 seconds
262.966: Application time: 0.0250070 seconds
262.967: [Full GC [PSYoungGen: 138240K->33023K(161280K)] [ParOldGen: 367741K->367741K(368128K)] 505981K->400764K(529408K) [PSPermGen: 13648K->13648K(21504K)], 0.0735520 secs] [Times: user=0.52 sys=0.00, real=0.07 secs] 
263.041: Total time for which application threads were stopped: 0.0741590 seconds, Stopping threads took: 0.0000580 seconds
263.066: Application time: 0.0250090 seconds
263.066: [Full GC [PSYoungGen: 138240K->33040K(161280K)] [ParOldGen: 367741K->367741K(368128K)] 505981K->400781K(529408K) [PSPermGen: 13648K->13648K(21504K)], 0.0748210 secs] [Times: user=0.51 sys=0.00, real=0.07 secs] 
263.141: Total time for which application threads were stopped: 0.0754200 seconds, Stopping threads took: 0.0000410 seconds
263.166: Application time: 0.0250920 seconds
263.167: [Full GC [PSYoungGen: 138240K->33053K(161280K)] [ParOldGen: 367741K->367741K(368128K)] 505981K->400794K(529408K) [PSPermGen: 13648K->13648K(21504K)], 0.0739970 secs] [Times: user=0.52 sys=0.00, real=0.07 secs] 
263.241: Total time for which application threads were stopped: 0.0746080 seconds, Stopping threads took: 0.0000550 seconds
263.266: Application time: 0.0253740 seconds
263.267: [Full GC [PSYoungGen: 138240K->32994K(161280K)] [ParOldGen: 367741K->367741K(368128K)] 505981K->400735K(529408K) [PSPermGen: 13648K->13648K(21504K)], 0.0736270 secs] [Times: user=0.51 sys=0.00, real=0.07 secs] 
263.340: Total time for which application threads were stopped: 0.0742070 seconds, Stopping threads took: 0.0000560 seconds
263.366: Application time: 0.0252670 seconds
263.366: [Full GC [PSYoungGen: 138240K->33014K(161280K)] [ParOldGen: 367741K->367741K(368128K)] 505981K->400756K(529408K) [PSPermGen: 13648K->13648K(21504K)], 0.0739410 secs] [Times: user=0.52 sys=0.00, real=0.07 secs] 
263.440: Total time for which application threads were stopped: 0.0745540 seconds, Stopping threads took: 0.0000560 seconds
263.465: Application time: 0.0252450 seconds
263.466: [Full GC [PSYoungGen: 138240K->33029K(161280K)] [ParOldGen: 367741K->367741K(368128K)] 505981K->400770K(529408K) [PSPermGen: 13648K->13648K(21504K)], 0.0729550 secs] [Times: user=0.51 sys=0.00, real=0.07 secs] 
263.539: Total time for which application threads were stopped: 0.0736780 seconds, Stopping threads took: 0.0000540 seconds
263.564: Application time: 0.0250130 seconds
263.565: [Full GC [PSYoungGen: 138240K->33042K(161280K)] [ParOldGen: 367741K->367741K(368128K)] 505981K->400784K(529408K) [PSPermGen: 13648K->13648K(21504K)], 0.0736610 secs] [Times: user=0.52 sys=0.00, real=0.08 secs] 
263.638: Total time for which application threads were stopped: 0.0743690 seconds, Stopping threads took: 0.0000930 seconds
263.664: Application time: 0.0254760 seconds
263.665: [Full GC [PSYoungGen: 138240K->33000K(161280K)] [ParOldGen: 367741K->367741K(368128K)] 505981K->400742K(529408K) [PSPermGen: 13648K->13648K(21504K)], 0.0749440 secs] [Times: user=0.53 sys=0.00, real=0.08 secs] 
263.740: Total time for which application threads were stopped: 0.0756370 seconds, Stopping threads took: 0.0000590 seconds
263.765: Application time: 0.0250160 seconds
263.765: [Full GC [PSYoungGen: 138240K->32933K(161280K)] [ParOldGen: 367741K->367741K(368128K)] 505981K->400674K(529408K) [PSPermGen: 13648K->13648K(21504K)], 0.0735110 secs] [Times: user=0.52 sys=0.00, real=0.08 secs] 
263.839: Total time for which application threads were stopped: 0.0742120 seconds, Stopping threads took: 0.0000770 seconds
263.864: Application time: 0.0249660 seconds
263.864: [Full GC [PSYoungGen: 138240K->32945K(161280K)] [ParOldGen: 367741K->367741K(368128K)] 505981K->400687K(529408K) [PSPermGen: 13648K->13648K(21504K)], 0.0743490 secs] [Times: user=0.52 sys=0.00, real=0.08 secs] 
263.939: Total time for which application threads were stopped: 0.0749680 seconds, Stopping threads took: 0.0000630 seconds
263.964: Application time: 0.0249630 seconds
263.964: [Full GC [PSYoungGen: 138240K->32961K(161280K)] [ParOldGen: 367741K->367741K(368128K)] 505981K->400702K(529408K) [PSPermGen: 13648K->13648K(21504K)], 0.0737160 secs] [Times: user=0.52 sys=0.00, real=0.08 secs] 
264.038: Total time for which application threads were stopped: 0.0743470 seconds, Stopping threads took: 0.0000710 seconds
264.063: Application time: 0.0251280 seconds
264.064: [Full GC [PSYoungGen: 138240K->32978K(161280K)] [ParOldGen: 367741K->367741K(368128K)] 505981K->400719K(529408K) [PSPermGen: 13648K->13648K(21504K)], 0.0736520 secs] [Times: user=0.50 sys=0.01, real=0.08 secs] 
264.138: Total time for which application threads were stopped: 0.0743710 seconds, Stopping threads took: 0.0000430 seconds
264.162: Application time: 0.0248230 seconds
264.163: [Full GC [PSYoungGen: 138240K->32992K(161280K)] [ParOldGen: 367741K->367741K(368128K)] 505981K->400733K(529408K) [PSPermGen: 13648K->13648K(21504K)], 0.0736630 secs] [Times: user=0.52 sys=0.00, real=0.08 secs] 
264.237: Total time for which application threads were stopped: 0.0743510 seconds, Stopping threads took: 0.0000680 seconds
264.262: Application time: 0.0250160 seconds
264.262: [Full GC [PSYoungGen: 138240K->33008K(161280K)] [ParOldGen: 367741K->367741K(368128K)] 505981K->400750K(529408K) [PSPermGen: 13648K->13648K(21504K)], 0.0765790 secs] [Times: user=0.54 sys=0.00, real=0.08 secs] 
264.339: Total time for which application threads were stopped: 0.0773000 seconds, Stopping threads took: 0.0000850 seconds
264.364: Application time: 0.0252660 seconds
264.365: [Full GC [PSYoungGen: 138240K->33022K(161280K)] [ParOldGen: 367741K->367741K(368128K)] 505981K->400764K(529408K) [PSPermGen: 13648K->13648K(21504K)], 0.0750050 secs] [Times: user=0.52 sys=0.00, real=0.08 secs] 
264.440: Total time for which application threads were stopped: 0.0757150 seconds, Stopping threads took: 0.0000590 seconds
264.467: Application time: 0.0269190 seconds
264.468: [Full GC [PSYoungGen: 138240K->32968K(161280K)] [ParOldGen: 367741K->367741K(368128K)] 505981K->400709K(529408K) [PSPermGen: 13648K->13648K(21504K)], 0.0731320 secs] [Times: user=0.52 sys=0.00, real=0.07 secs] 
264.541: Total time for which application threads were stopped: 0.0739350 seconds, Stopping threads took: 0.0001270 seconds
264.566: Application time: 0.0254770 seconds
264.567: [Full GC [PSYoungGen: 138240K->32983K(161280K)] [ParOldGen: 367741K->367741K(368128K)] 505981K->400725K(529408K) [PSPermGen: 13648K->13648K(21504K)], 0.0733200 secs] [Times: user=0.52 sys=0.00, real=0.07 secs] 
264.640: Total time for which application threads were stopped: 0.0741040 seconds, Stopping threads took: 0.0001360 seconds
264.666: Application time: 0.0255660 seconds
264.667: [Full GC [PSYoungGen: 138240K->32944K(161280K)] [ParOldGen: 367741K->367741K(368128K)] 505981K->400686K(529408K) [PSPermGen: 13648K->13648K(21504K)], 0.0744780 secs] [Times: user=0.52 sys=0.00, real=0.07 secs] 
264.741: Total time for which application threads were stopped: 0.0751440 seconds, Stopping threads took: 0.0001040 seconds
264.766: Application time: 0.0253270 seconds
264.767: [Full GC [PSYoungGen: 138240K->32941K(161280K)] [ParOldGen: 367741K->367741K(368128K)] 505981K->400682K(529408K) [PSPermGen: 13648K->13648K(21504K)], 0.0729430 secs] [Times: user=0.51 sys=0.00, real=0.07 secs] 
264.840: Total time for which application threads were stopped: 0.0735930 seconds, Stopping threads took: 0.0000990 seconds
264.866: Application time: 0.0255780 seconds
264.866: [Full GC [PSYoungGen: 138240K->32895K(161280K)] [ParOldGen: 367741K->367741K(368128K)] 505981K->400636K(529408K) [PSPermGen: 13648K->13648K(21504K)], 0.0738280 secs] [Times: user=0.52 sys=0.00, real=0.07 secs] 
264.940: Total time for which application threads were stopped: 0.0744470 seconds, Stopping threads took: 0.0000680 seconds
264.966: Application time: 0.0255820 seconds
264.966: [Full GC [PSYoungGen: 138240K->32848K(161280K)] [ParOldGen: 367741K->367741K(368128K)] 505981K->400589K(529408K) [PSPermGen: 13648K->13648K(21504K)], 0.0757900 secs] [Times: user=0.54 sys=0.00, real=0.07 secs] 
265.042: Total time for which application threads were stopped: 0.0765060 seconds, Stopping threads took: 0.0000880 seconds
265.068: Application time: 0.0253710 seconds
265.068: [Full GC [PSYoungGen: 138240K->32846K(161280K)] [ParOldGen: 367741K->367741K(368128K)] 505981K->400588K(529408K) [PSPermGen: 13648K->13648K(21504K)], 0.0742670 secs] [Times: user=0.52 sys=0.00, real=0.07 secs] 
265.143: Total time for which application threads were stopped: 0.0749970 seconds, Stopping threads took: 0.0000790 seconds
265.168: Application time: 0.0251650 seconds
265.168: [Full GC [PSYoungGen: 138240K->32862K(161280K)] [ParOldGen: 367741K->367741K(368128K)] 505981K->400603K(529408K) [PSPermGen: 13648K->13648K(21504K)], 0.0733110 secs] [Times: user=0.52 sys=0.00, real=0.07 secs] 
265.242: Total time for which application threads were stopped: 0.0740360 seconds, Stopping threads took: 0.0000950 seconds
265.267: Application time: 0.0249570 seconds
265.267: [Full GC [PSYoungGen: 138240K->32879K(161280K)] [ParOldGen: 367741K->367741K(368128K)] 505981K->400620K(529408K) [PSPermGen: 13648K->13648K(21504K)], 0.0733030 secs] [Times: user=0.51 sys=0.00, real=0.07 secs] 
265.341: Total time for which application threads were stopped: 0.0739570 seconds, Stopping threads took: 0.0000980 seconds
265.366: Application time: 0.0252120 seconds
265.367: [Full GC [PSYoungGen: 138240K->32893K(161280K)] [ParOldGen: 367741K->367741K(368128K)] 505981K->400634K(529408K) [PSPermGen: 13648K->13648K(21504K)], 0.0737030 secs] [Times: user=0.51 sys=0.00, real=0.07 secs] 
265.440: Total time for which application threads were stopped: 0.0743170 seconds, Stopping threads took: 0.0000650 seconds
265.465: Application time: 0.0249750 seconds
265.466: [Full GC [PSYoungGen: 138240K->32909K(161280K)] [ParOldGen: 367741K->367741K(368128K)] 505981K->400651K(529408K) [PSPermGen: 13648K->13648K(21504K)], 0.0740650 secs] [Times: user=0.52 sys=0.00, real=0.07 secs] 
265.540: Total time for which application threads were stopped: 0.0747070 seconds, Stopping threads took: 0.0000720 seconds
265.565: Application time: 0.0249730 seconds
265.566: [Full GC [PSYoungGen: 138240K->32922K(161280K)] [ParOldGen: 367741K->367741K(368128K)] 505981K->400663K(529408K) [PSPermGen: 13648K->13648K(21504K)], 0.0735910 secs] [Times: user=0.51 sys=0.01, real=0.08 secs] 
265.639: Total time for which application threads were stopped: 0.0742330 seconds, Stopping threads took: 0.0000780 seconds
265.664: Application time: 0.0251560 seconds
265.665: [Full GC [PSYoungGen: 138240K->32937K(161280K)] [ParOldGen: 367741K->367741K(368128K)] 505981K->400678K(529408K) [PSPermGen: 13648K->13648K(21504K)], 0.0734360 secs] [Times: user=0.52 sys=0.00, real=0.08 secs] 
265.739: Total time for which application threads were stopped: 0.0741720 seconds, Stopping threads took: 0.0000850 seconds
265.764: Application time: 0.0251520 seconds
265.764: [Full GC [PSYoungGen: 138240K->32953K(161280K)] [ParOldGen: 367741K->367741K(368128K)] 505981K->400694K(529408K) [PSPermGen: 13648K->13648K(21504K)], 0.0731240 secs] [Times: user=0.52 sys=0.00, real=0.08 secs] 
265.837: Total time for which application threads were stopped: 0.0738190 seconds, Stopping threads took: 0.0000670 seconds
265.863: Application time: 0.0252840 seconds
265.863: [Full GC [PSYoungGen: 138240K->32911K(161280K)] [ParOldGen: 367741K->367741K(368128K)] 505981K->400652K(529408K) [PSPermGen: 13648K->13648K(21504K)], 0.0734350 secs] [Times: user=0.51 sys=0.00, real=0.08 secs] 
265.937: Total time for which application threads were stopped: 0.0741550 seconds, Stopping threads took: 0.0000900 seconds
265.962: Application time: 0.0251300 seconds
265.963: [Full GC [PSYoungGen: 138240K->32913K(161280K)] [ParOldGen: 367741K->367741K(368128K)] 505981K->400654K(529408K) [PSPermGen: 13648K->13648K(21504K)], 0.0738750 secs] [Times: user=0.52 sys=0.00, real=0.08 secs] 
266.037: Total time for which application threads were stopped: 0.0745030 seconds, Stopping threads took: 0.0000790 seconds
266.062: Application time: 0.0251270 seconds
266.062: [Full GC [PSYoungGen: 138240K->32925K(161280K)] [ParOldGen: 367741K->367741K(368128K)] 505981K->400667K(529408K) [PSPermGen: 13648K->13648K(21504K)], 0.0740880 secs] [Times: user=0.52 sys=0.00, real=0.08 secs] 
266.136: Total time for which application threads were stopped: 0.0747950 seconds, Stopping threads took: 0.0000710 seconds
266.161: Application time: 0.0249950 seconds
266.162: [Full GC [PSYoungGen: 138240K->32943K(161280K)] [ParOldGen: 367741K->367741K(368128K)] 505981K->400684K(529408K) [PSPermGen: 13648K->13648K(21504K)], 0.0742810 secs] [Times: user=0.52 sys=0.00, real=0.08 secs] 
266.236: Total time for which application threads were stopped: 0.0749820 seconds, Stopping threads took: 0.0000760 seconds
266.262: Application time: 0.0251090 seconds
266.262: [Full GC [PSYoungGen: 138240K->32954K(161280K)] [ParOldGen: 367741K->367741K(368128K)] 505981K->400695K(529408K) [PSPermGen: 13648K->13648K(21504K)], 0.0734570 secs] [Times: user=0.51 sys=0.01, real=0.08 secs] 
266.336: Total time for which application threads were stopped: 0.0741640 seconds, Stopping threads took: 0.0000500 seconds
266.361: Application time: 0.0250230 seconds
266.361: [Full GC [PSYoungGen: 138240K->32971K(161280K)] [ParOldGen: 367741K->367741K(368128K)] 505981K->400712K(529408K) [PSPermGen: 13648K->13648K(21504K)], 0.0735960 secs] [Times: user=0.52 sys=0.00, real=0.08 secs] 
266.435: Total time for which application threads were stopped: 0.0742200 seconds, Stopping threads took: 0.0000690 seconds
266.460: Application time: 0.0251510 seconds
266.461: [Full GC [PSYoungGen: 138240K->32989K(161280K)] [ParOldGen: 367741K->367741K(368128K)] 505981K->400730K(529408K) [PSPermGen: 13648K->13648K(21504K)], 0.0736850 secs] [Times: user=0.52 sys=0.00, real=0.08 secs] 
266.535: Total time for which application threads were stopped: 0.0744000 seconds, Stopping threads took: 0.0000840 seconds
266.559: Application time: 0.0248450 seconds
266.560: [Full GC [PSYoungGen: 138240K->33002K(161280K)] [ParOldGen: 367741K->367741K(368128K)] 505981K->400743K(529408K) [PSPermGen: 13648K->13648K(21504K)], 0.0732240 secs] [Times: user=0.51 sys=0.01, real=0.07 secs] 
266.633: Total time for which application threads were stopped: 0.0739350 seconds, Stopping threads took: 0.0000670 seconds
266.658: Application time: 0.0250570 seconds
266.659: [Full GC [PSYoungGen: 138240K->33014K(161280K)] [ParOldGen: 367741K->367741K(368128K)] 505981K->400756K(529408K) [PSPermGen: 13648K->13648K(21504K)], 0.0741710 secs] [Times: user=0.51 sys=0.00, real=0.07 secs] 
266.733: Total time for which application threads were stopped: 0.0748220 seconds, Stopping threads took: 0.0000760 seconds
266.758: Application time: 0.0251730 seconds
266.759: [Full GC [PSYoungGen: 138240K->33032K(161280K)] [ParOldGen: 367741K->367741K(368128K)] 505981K->400774K(529408K) [PSPermGen: 13648K->13648K(21504K)], 0.0738580 secs] [Times: user=0.52 sys=0.00, real=0.07 secs] 
266.833: Total time for which application threads were stopped: 0.0744730 seconds, Stopping threads took: 0.0000540 seconds
266.858: Application time: 0.0250710 seconds
266.859: [Full GC [PSYoungGen: 138240K->33047K(161280K)] [ParOldGen: 367741K->367741K(368128K)] 505981K->400789K(529408K) [PSPermGen: 13648K->13648K(21504K)], 0.0736100 secs] [Times: user=0.52 sys=0.00, real=0.07 secs] 
266.932: Total time for which application threads were stopped: 0.0743090 seconds, Stopping threads took: 0.0001290 seconds
266.958: Application time: 0.0253230 seconds
266.958: [Full GC [PSYoungGen: 138240K->32990K(161280K)] [ParOldGen: 367741K->367741K(368128K)] 505981K->400731K(529408K) [PSPermGen: 13648K->13648K(21504K)], 0.0729980 secs] [Times: user=0.51 sys=0.00, real=0.07 secs] 
267.031: Total time for which application threads were stopped: 0.0736710 seconds, Stopping threads took: 0.0000600 seconds
267.057: Application time: 0.0254240 seconds
267.057: [Full GC [PSYoungGen: 138240K->33008K(161280K)] [ParOldGen: 367741K->367741K(368128K)] 505981K->400749K(529408K) [PSPermGen: 13648K->13648K(21504K)], 0.0742200 secs] [Times: user=0.52 sys=0.00, real=0.07 secs] 
267.132: Total time for which application threads were stopped: 0.0749730 seconds, Stopping threads took: 0.0001300 seconds
267.156: Application time: 0.0247610 seconds
267.157: [Full GC [PSYoungGen: 138240K->33024K(161280K)] [ParOldGen: 367741K->367741K(368128K)] 505981K->400765K(529408K) [PSPermGen: 13648K->13648K(21504K)], 0.0733590 secs] [Times: user=0.51 sys=0.00, real=0.07 secs] 
267.230: Total time for which application threads were stopped: 0.0740030 seconds, Stopping threads took: 0.0000930 seconds
267.256: Application time: 0.0253120 seconds
267.256: [Full GC [PSYoungGen: 138240K->33036K(161280K)] [ParOldGen: 367741K->367741K(368128K)] 505981K->400778K(529408K) [PSPermGen: 13648K->13648K(21504K)], 0.0730220 secs] [Times: user=0.51 sys=0.00, real=0.07 secs] 
267.330: Total time for which application threads were stopped: 0.0737330 seconds, Stopping threads took: 0.0000670 seconds
267.355: Application time: 0.0254410 seconds
267.356: [Full GC [PSYoungGen: 138240K->32997K(161280K)] [ParOldGen: 367741K->367741K(368128K)] 505981K->400738K(529408K) [PSPermGen: 13648K->13648K(21504K)], 0.0768960 secs] [Times: user=0.54 sys=0.00, real=0.07 secs] 
267.433: Total time for which application threads were stopped: 0.0775910 seconds, Stopping threads took: 0.0000570 seconds
267.458: Application time: 0.0252250 seconds
267.459: [Full GC [PSYoungGen: 138240K->32998K(161280K)] [ParOldGen: 367741K->367741K(368128K)] 505981K->400739K(529408K) [PSPermGen: 13648K->13648K(21504K)], 0.0735970 secs] [Times: user=0.52 sys=0.00, real=0.07 secs] 
267.532: Total time for which application threads were stopped: 0.0745240 seconds, Stopping threads took: 0.0002740 seconds
267.558: Application time: 0.0252460 seconds
267.558: [Full GC [PSYoungGen: 138240K->33012K(161280K)] [ParOldGen: 367741K->367741K(368128K)] 505981K->400753K(529408K) [PSPermGen: 13648K->13648K(21504K)], 0.0738460 secs] [Times: user=0.51 sys=0.00, real=0.07 secs] 
267.632: Total time for which application threads were stopped: 0.0747400 seconds, Stopping threads took: 0.0003240 seconds
267.658: Application time: 0.0257880 seconds
267.659: [Full GC [PSYoungGen: 138240K->32973K(161280K)] [ParOldGen: 367741K->367741K(368128K)] 505981K->400715K(529408K) [PSPermGen: 13648K->13648K(21504K)], 0.0736510 secs] [Times: user=0.52 sys=0.00, real=0.07 secs] 
267.733: Total time for which application threads were stopped: 0.0745990 seconds, Stopping threads took: 0.0002900 seconds
267.758: Application time: 0.0251380 seconds
267.759: [Full GC [PSYoungGen: 138240K->32973K(161280K)] [ParOldGen: 367741K->367741K(368128K)] 505981K->400714K(529408K) [PSPermGen: 13648K->13648K(21504K)], 0.0735260 secs] [Times: user=0.52 sys=0.00, real=0.07 secs] 
267.832: Total time for which application threads were stopped: 0.0742970 seconds, Stopping threads took: 0.0001350 seconds
267.857: Application time: 0.0252220 seconds
267.858: [Full GC [PSYoungGen: 138240K->32987K(161280K)] [ParOldGen: 367741K->367741K(368128K)] 505981K->400728K(529408K) [PSPermGen: 13648K->13648K(21504K)], 0.0734770 secs] [Times: user=0.52 sys=0.00, real=0.07 secs] 
267.932: Total time for which application threads were stopped: 0.0742220 seconds, Stopping threads took: 0.0001010 seconds
267.957: Application time: 0.0253730 seconds
267.958: [Full GC [PSYoungGen: 138240K->33000K(161280K)] [ParOldGen: 367741K->367741K(368128K)] 505981K->400741K(529408K) [PSPermGen: 13648K->13648K(21504K)], 0.0742320 secs] [Times: user=0.51 sys=0.01, real=0.07 secs] 
268.032: Total time for which application threads were stopped: 0.0748750 seconds, Stopping threads took: 0.0000770 seconds
268.057: Application time: 0.0252710 seconds
268.058: [Full GC [PSYoungGen: 138240K->33016K(161280K)] [ParOldGen: 367741K->367741K(368128K)] 505981K->400757K(529408K) [PSPermGen: 13648K->13648K(21504K)], 0.0740890 secs] [Times: user=0.52 sys=0.00, real=0.07 secs] 
268.132: Total time for which application threads were stopped: 0.0747590 seconds, Stopping threads took: 0.0000850 seconds
268.157: Application time: 0.0249460 seconds
268.157: [Full GC [PSYoungGen: 138240K->32979K(161280K)] [ParOldGen: 367741K->367741K(368128K)] 505981K->400720K(529408K) [PSPermGen: 13648K->13648K(21504K)], 0.0737250 secs] [Times: user=0.52 sys=0.00, real=0.07 secs] 
268.231: Total time for which application threads were stopped: 0.0743950 seconds, Stopping threads took: 0.0000670 seconds
268.257: Application time: 0.0253110 seconds
268.257: [Full GC [PSYoungGen: 138240K->32979K(161280K)] [ParOldGen: 367741K->367741K(368128K)] 505981K->400720K(529408K) [PSPermGen: 13648K->13648K(21504K)], 0.0749250 secs] [Times: user=0.52 sys=0.00, real=0.07 secs] 
268.332: Total time for which application threads were stopped: 0.0756280 seconds, Stopping threads took: 0.0000840 seconds
268.358: Application time: 0.0254740 seconds
268.358: [Full GC [PSYoungGen: 138240K->32936K(161280K)] [ParOldGen: 367741K->367741K(368128K)] 505981K->400677K(529408K) [PSPermGen: 13648K->13648K(21504K)], 0.0737290 secs] [Times: user=0.52 sys=0.00, real=0.07 secs] 
268.432: Total time for which application threads were stopped: 0.0743420 seconds, Stopping threads took: 0.0000600 seconds
268.457: Application time: 0.0253160 seconds
268.458: [Full GC [PSYoungGen: 138240K->32937K(161280K)] [ParOldGen: 367741K->367741K(368128K)] 505981K->400678K(529408K) [PSPermGen: 13648K->13648K(21504K)], 0.0751550 secs] [Times: user=0.53 sys=0.00, real=0.07 secs] 
268.533: Total time for which application threads were stopped: 0.0758060 seconds, Stopping threads took: 0.0000870 seconds
268.558: Application time: 0.0251530 seconds
268.559: [Full GC [PSYoungGen: 138240K->32951K(161280K)] [ParOldGen: 367741K->367741K(368128K)] 505981K->400692K(529408K) [PSPermGen: 13648K->13648K(21504K)], 0.0731680 secs] [Times: user=0.52 sys=0.00, real=0.07 secs] 
268.632: Total time for which application threads were stopped: 0.0738950 seconds, Stopping threads took: 0.0000770 seconds
268.658: Application time: 0.0254470 seconds
268.658: [Full GC [PSYoungGen: 138240K->32914K(161280K)] [ParOldGen: 367741K->367741K(368128K)] 505981K->400656K(529408K) [PSPermGen: 13648K->13648K(21504K)], 0.0738690 secs] [Times: user=0.52 sys=0.00, real=0.07 secs] 
268.732: Total time for which application threads were stopped: 0.0745560 seconds, Stopping threads took: 0.0001300 seconds
268.758: Application time: 0.0254380 seconds
268.758: [Full GC [PSYoungGen: 138240K->32856K(161280K)] [ParOldGen: 367741K->367741K(368128K)] 505981K->400598K(529408K) [PSPermGen: 13648K->13648K(21504K)], 0.0729080 secs] [Times: user=0.52 sys=0.00, real=0.07 secs] 
268.831: Total time for which application threads were stopped: 0.0736240 seconds, Stopping threads took: 0.0001020 seconds
268.857: Application time: 0.0254930 seconds
268.857: [Full GC [PSYoungGen: 138240K->32854K(161280K)] [ParOldGen: 367741K->367741K(368128K)] 505981K->400596K(529408K) [PSPermGen: 13648K->13648K(21504K)], 0.0738100 secs] [Times: user=0.52 sys=0.00, real=0.07 secs] 
268.931: Total time for which application threads were stopped: 0.0744370 seconds, Stopping threads took: 0.0000760 seconds
268.957: Application time: 0.0260710 seconds
268.958: [Full GC [PSYoungGen: 138240K->32873K(161280K)] [ParOldGen: 367741K->367741K(368128K)] 505981K->400615K(529408K) [PSPermGen: 13648K->13648K(21504K)], 0.0735110 secs] [Times: user=0.52 sys=0.00, real=0.07 secs] 
269.031: Total time for which application threads were stopped: 0.0742280 seconds, Stopping threads took: 0.0000720 seconds
269.056: Application time: 0.0248730 seconds
269.057: [Full GC [PSYoungGen: 138240K->32885K(161280K)] [ParOldGen: 367741K->367741K(368128K)] 505981K->400626K(529408K) [PSPermGen: 13648K->13648K(21504K)], 0.0746680 secs] [Times: user=0.52 sys=0.00, real=0.07 secs] 
269.132: Total time for which application threads were stopped: 0.0753770 seconds, Stopping threads took: 0.0000950 seconds
269.156: Application time: 0.0246600 seconds
269.157: [Full GC [PSYoungGen: 138240K->32903K(161280K)] [ParOldGen: 367741K->367741K(368128K)] 505981K->400644K(529408K) [PSPermGen: 13648K->13648K(21504K)], 0.0720650 secs] [Times: user=0.50 sys=0.01, real=0.07 secs] 
269.229: Total time for which application threads were stopped: 0.0727630 seconds, Stopping threads took: 0.0000610 seconds
269.254: Application time: 0.0250180 seconds
269.255: [Full GC [PSYoungGen: 138240K->32918K(161280K)] [ParOldGen: 367741K->367741K(368128K)] 505981K->400659K(529408K) [PSPermGen: 13648K->13648K(21504K)], 0.0726340 secs] [Times: user=0.52 sys=0.00, real=0.07 secs] 
269.328: Total time for which application threads were stopped: 0.0733320 seconds, Stopping threads took: 0.0000920 seconds
269.353: Application time: 0.0253200 seconds
269.353: [Full GC [PSYoungGen: 138240K->32929K(161280K)] [ParOldGen: 367741K->367741K(368128K)] 505981K->400670K(529408K) [PSPermGen: 13648K->13648K(21504K)], 0.0733650 secs] [Times: user=0.51 sys=0.00, real=0.08 secs] 
269.427: Total time for which application threads were stopped: 0.0740690 seconds, Stopping threads took: 0.0000740 seconds
269.452: Application time: 0.0254970 seconds
269.453: [Full GC [PSYoungGen: 138240K->32891K(161280K)] [ParOldGen: 367741K->367741K(368128K)] 505981K->400633K(529408K) [PSPermGen: 13648K->13648K(21504K)], 0.0736020 secs] [Times: user=0.52 sys=0.00, real=0.08 secs] 
269.527: Total time for which application threads were stopped: 0.0742350 seconds, Stopping threads took: 0.0000790 seconds
269.552: Application time: 0.0253770 seconds
269.553: [Full GC [PSYoungGen: 138240K->32891K(161280K)] [ParOldGen: 367741K->367741K(368128K)] 505981K->400633K(529408K) [PSPermGen: 13648K->13648K(21504K)], 0.0735980 secs] [Times: user=0.51 sys=0.00, real=0.08 secs] 
269.626: Total time for which application threads were stopped: 0.0743210 seconds, Stopping threads took: 0.0000890 seconds
269.652: Application time: 0.0252470 seconds
269.652: [Full GC [PSYoungGen: 138240K->32906K(161280K)] [ParOldGen: 367741K->367741K(368128K)] 505981K->400647K(529408K) [PSPermGen: 13648K->13648K(21504K)], 0.0735630 secs] [Times: user=0.52 sys=0.00, real=0.08 secs] 
269.726: Total time for which application threads were stopped: 0.0742820 seconds, Stopping threads took: 0.0000910 seconds
269.751: Application time: 0.0251660 seconds
269.752: [Full GC [PSYoungGen: 138240K->32921K(161280K)] [ParOldGen: 367741K->367741K(368128K)] 505981K->400662K(529408K) [PSPermGen: 13648K->13648K(21504K)], 0.0734280 secs] [Times: user=0.52 sys=0.00, real=0.07 secs] 
269.825: Total time for which application threads were stopped: 0.0741610 seconds, Stopping threads took: 0.0000650 seconds
269.850: Application time: 0.0250740 seconds
269.851: [Full GC [PSYoungGen: 138240K->32932K(161280K)] [ParOldGen: 367741K->367741K(368128K)] 505981K->400673K(529408K) [PSPermGen: 13648K->13648K(21504K)], 0.0743740 secs] [Times: user=0.53 sys=0.00, real=0.07 secs] 
269.925: Total time for which application threads were stopped: 0.0750700 seconds, Stopping threads took: 0.0000610 seconds
269.951: Application time: 0.0253050 seconds
269.951: [Full GC [PSYoungGen: 138240K->32950K(161280K)] [ParOldGen: 367741K->367741K(368128K)] 505981K->400692K(529408K) [PSPermGen: 13648K->13648K(21504K)], 0.0739710 secs] [Times: user=0.52 sys=0.00, real=0.07 secs] 
270.025: Total time for which application threads were stopped: 0.0746580 seconds, Stopping threads took: 0.0000640 seconds
270.051: Application time: 0.0252020 seconds
270.051: [Full GC [PSYoungGen: 138240K->32968K(161280K)] [ParOldGen: 367741K->367741K(368128K)] 505981K->400709K(529408K) [PSPermGen: 13648K->13648K(21504K)], 0.0750690 secs] [Times: user=0.52 sys=0.00, real=0.08 secs] 
270.126: Total time for which application threads were stopped: 0.0757750 seconds, Stopping threads took: 0.0000930 seconds
270.151: Application time: 0.0245270 seconds
270.152: [Full GC [PSYoungGen: 138240K->32983K(161280K)] [ParOldGen: 367741K->367741K(368128K)] 505981K->400724K(529408K) [PSPermGen: 13648K->13648K(21504K)], 0.0733280 secs] [Times: user=0.52 sys=0.00, real=0.07 secs] 
270.225: Total time for which application threads were stopped: 0.0741080 seconds, Stopping threads took: 0.0001440 seconds
270.250: Application time: 0.0249850 seconds
270.251: [Full GC [PSYoungGen: 138240K->32998K(161280K)] [ParOldGen: 367741K->367741K(368128K)] 505981K->400739K(529408K) [PSPermGen: 13648K->13648K(21504K)], 0.0745120 secs] [Times: user=0.53 sys=0.00, real=0.07 secs] 
270.325: Total time for which application threads were stopped: 0.0752190 seconds, Stopping threads took: 0.0000660 seconds
270.350: Application time: 0.0248280 seconds
270.351: [Full GC [PSYoungGen: 138240K->33013K(161280K)] [ParOldGen: 367741K->367741K(368128K)] 505981K->400754K(529408K) [PSPermGen: 13648K->13648K(21504K)], 0.0727300 secs] [Times: user=0.51 sys=0.00, real=0.07 secs] 
270.423: Total time for which application threads were stopped: 0.0734490 seconds, Stopping threads took: 0.0000810 seconds
270.449: Application time: 0.0251910 seconds
270.449: [Full GC [PSYoungGen: 138240K->33029K(161280K)] [ParOldGen: 367741K->367741K(368128K)] 505981K->400770K(529408K) [PSPermGen: 13648K->13648K(21504K)], 0.0742020 secs] [Times: user=0.52 sys=0.00, real=0.07 secs] 
270.524: Total time for which application threads were stopped: 0.0749630 seconds, Stopping threads took: 0.0000930 seconds
270.549: Application time: 0.0249640 seconds
270.549: [Full GC [PSYoungGen: 138240K->33040K(161280K)] [ParOldGen: 367741K->367741K(368128K)] 505981K->400781K(529408K) [PSPermGen: 13648K->13648K(21504K)], 0.0742960 secs] [Times: user=0.52 sys=0.00, real=0.07 secs] 
270.624: Total time for which application threads were stopped: 0.0749800 seconds, Stopping threads took: 0.0000670 seconds
270.649: Application time: 0.0253330 seconds
270.650: [Full GC [PSYoungGen: 138240K->32994K(161280K)] [ParOldGen: 367741K->367741K(368128K)] 505981K->400736K(529408K) [PSPermGen: 13648K->13648K(21504K)], 0.0731510 secs] [Times: user=0.52 sys=0.00, real=0.07 secs] 
270.723: Total time for which application threads were stopped: 0.0738420 seconds, Stopping threads took: 0.0000820 seconds
270.748: Application time: 0.0253370 seconds
270.749: [Full GC [PSYoungGen: 138240K->32946K(161280K)] [ParOldGen: 367741K->367741K(368128K)] 505981K->400687K(529408K) [PSPermGen: 13648K->13648K(21504K)], 0.0738160 secs] [Times: user=0.51 sys=0.00, real=0.07 secs] 
270.823: Total time for which application threads were stopped: 0.0744380 seconds, Stopping threads took: 0.0000700 seconds
270.848: Application time: 0.0251350 seconds
270.848: [Full GC [PSYoungGen: 138240K->32945K(161280K)] [ParOldGen: 367741K->367741K(368128K)] 505981K->400687K(529408K) [PSPermGen: 13648K->13648K(21504K)], 0.0737290 secs] [Times: user=0.52 sys=0.00, real=0.07 secs] 
270.922: Total time for which application threads were stopped: 0.0743940 seconds, Stopping threads took: 0.0000470 seconds
270.947: Application time: 0.0250380 seconds
270.948: [Full GC [PSYoungGen: 138240K->32963K(161280K)] [ParOldGen: 367741K->367741K(368128K)] 505981K->400704K(529408K) [PSPermGen: 13648K->13648K(21504K)], 0.0742260 secs] [Times: user=0.52 sys=0.00, real=0.07 secs] 
271.022: Total time for which application threads were stopped: 0.0749230 seconds, Stopping threads took: 0.0001310 seconds
271.047: Application time: 0.0252250 seconds
271.048: [Full GC [PSYoungGen: 138240K->32976K(161280K)] [ParOldGen: 367741K->367741K(368128K)] 505981K->400718K(529408K) [PSPermGen: 13648K->13648K(21504K)], 0.0731980 secs] [Times: user=0.52 sys=0.00, real=0.07 secs] 
271.121: Total time for which application threads were stopped: 0.0738980 seconds, Stopping threads took: 0.0000650 seconds
271.147: Application time: 0.0254590 seconds
271.147: [Full GC [PSYoungGen: 138240K->32992K(161280K)] [ParOldGen: 367741K->367741K(368128K)] 505981K->400733K(529408K) [PSPermGen: 13648K->13648K(21504K)], 0.0752390 secs] [Times: user=0.52 sys=0.00, real=0.07 secs] 
271.223: Total time for which application threads were stopped: 0.0759050 seconds, Stopping threads took: 0.0000730 seconds
271.248: Application time: 0.0250530 seconds
271.248: [Full GC [PSYoungGen: 138240K->33008K(161280K)] [ParOldGen: 367741K->367741K(368128K)] 505981K->400750K(529408K) [PSPermGen: 13648K->13648K(21504K)], 0.0751990 secs] [Times: user=0.53 sys=0.00, real=0.07 secs] 
271.323: Total time for which application threads were stopped: 0.0758870 seconds, Stopping threads took: 0.0000540 seconds
271.348: Application time: 0.0247630 seconds
271.349: [Full GC [PSYoungGen: 138240K->33022K(161280K)] [ParOldGen: 367741K->367741K(368128K)] 505981K->400763K(529408K) [PSPermGen: 13648K->13648K(21504K)], 0.0734910 secs] [Times: user=0.52 sys=0.00, real=0.07 secs] 
271.422: Total time for which application threads were stopped: 0.0741380 seconds, Stopping threads took: 0.0000840 seconds
271.447: Application time: 0.0251050 seconds
271.448: [Full GC [PSYoungGen: 138240K->33036K(161280K)] [ParOldGen: 367741K->367741K(368128K)] 505981K->400778K(529408K) [PSPermGen: 13648K->13648K(21504K)], 0.0743660 secs] [Times: user=0.52 sys=0.00, real=0.07 secs] 
271.522: Total time for which application threads were stopped: 0.0749660 seconds, Stopping threads took: 0.0000510 seconds
271.548: Application time: 0.0251410 seconds
271.548: [Full GC [PSYoungGen: 138240K->33053K(161280K)] [ParOldGen: 367741K->367741K(368128K)] 505981K->400794K(529408K) [PSPermGen: 13648K->13648K(21504K)], 0.0748720 secs] [Times: user=0.53 sys=0.00, real=0.07 secs] 
271.623: Total time for which application threads were stopped: 0.0756080 seconds, Stopping threads took: 0.0000810 seconds
271.648: Application time: 0.0247920 seconds
271.649: [Full GC [PSYoungGen: 138240K->33069K(161280K)] [ParOldGen: 367741K->367741K(368128K)] 505981K->400811K(529408K) [PSPermGen: 13648K->13648K(21504K)], 0.0737350 secs] [Times: user=0.52 sys=0.00, real=0.07 secs] 
271.722: Total time for which application threads were stopped: 0.0744260 seconds, Stopping threads took: 0.0000650 seconds
271.748: Application time: 0.0254170 seconds
271.748: [Full GC [PSYoungGen: 138240K->33029K(161280K)] [ParOldGen: 367741K->367741K(368128K)] 505981K->400770K(529408K) [PSPermGen: 13648K->13648K(21504K)], 0.0734180 secs] [Times: user=0.52 sys=0.01, real=0.07 secs] 
271.822: Total time for which application threads were stopped: 0.0741020 seconds, Stopping threads took: 0.0000600 seconds
271.847: Application time: 0.0247690 seconds
271.847: [Full GC [PSYoungGen: 138240K->33029K(161280K)] [ParOldGen: 367741K->367741K(368128K)] 505981K->400770K(529408K) [PSPermGen: 13648K->13648K(21504K)], 0.0736900 secs] [Times: user=0.52 sys=0.00, real=0.07 secs] 
271.921: Total time for which application threads were stopped: 0.0743580 seconds, Stopping threads took: 0.0000970 seconds
271.947: Application time: 0.0254240 seconds
271.947: [Full GC [PSYoungGen: 138240K->32987K(161280K)] [ParOldGen: 367741K->367741K(368128K)] 505981K->400728K(529408K) [PSPermGen: 13648K->13648K(21504K)], 0.0750130 secs] [Times: user=0.52 sys=0.00, real=0.07 secs] 
272.022: Total time for which application threads were stopped: 0.0756850 seconds, Stopping threads took: 0.0000840 seconds
272.047: Application time: 0.0251550 seconds
272.048: [Full GC [PSYoungGen: 138240K->32986K(161280K)] [ParOldGen: 367741K->367741K(368128K)] 505981K->400727K(529408K) [PSPermGen: 13648K->13648K(21504K)], 0.0732030 secs] [Times: user=0.51 sys=0.00, real=0.07 secs] 
272.121: Total time for which application threads were stopped: 0.0739450 seconds, Stopping threads took: 0.0001090 seconds
272.147: Application time: 0.0261790 seconds
272.148: [Full GC [PSYoungGen: 138240K->32948K(161280K)] [ParOldGen: 367741K->367741K(368128K)] 505981K->400690K(529408K) [PSPermGen: 13648K->13648K(21504K)], 0.0739720 secs] [Times: user=0.52 sys=0.00, real=0.07 secs] 
272.222: Total time for which application threads were stopped: 0.0746360 seconds, Stopping threads took: 0.0000730 seconds
272.248: Application time: 0.0255610 seconds
272.248: [Full GC [PSYoungGen: 138240K->32893K(161280K)] [ParOldGen: 367741K->367741K(368128K)] 505981K->400634K(529408K) [PSPermGen: 13648K->13648K(21504K)], 0.0731300 secs] [Times: user=0.52 sys=0.00, real=0.07 secs] 
272.322: Total time for which application threads were stopped: 0.0738470 seconds, Stopping threads took: 0.0000680 seconds
272.347: Application time: 0.0251240 seconds
272.347: [Full GC [PSYoungGen: 138240K->32888K(161280K)] [ParOldGen: 367741K->367741K(368128K)] 505981K->400630K(529408K) [PSPermGen: 13648K->13648K(21504K)], 0.0740410 secs] [Times: user=0.52 sys=0.00, real=0.07 secs] 
272.421: Total time for which application threads were stopped: 0.0746730 seconds, Stopping threads took: 0.0000690 seconds
272.447: Application time: 0.0254120 seconds
272.447: [Full GC [PSYoungGen: 138240K->32836K(161280K)] [ParOldGen: 367741K->367741K(368128K)] 505981K->400577K(529408K) [PSPermGen: 13648K->13648K(21504K)], 0.0731560 secs] [Times: user=0.52 sys=0.00, real=0.07 secs] 
272.521: Total time for which application threads were stopped: 0.0738710 seconds, Stopping threads took: 0.0000730 seconds
272.546: Application time: 0.0251380 seconds
272.546: [Full GC [PSYoungGen: 138240K->32850K(161280K)] [ParOldGen: 367741K->367741K(368128K)] 505981K->400592K(529408K) [PSPermGen: 13648K->13648K(21504K)], 0.0729040 secs] [Times: user=0.51 sys=0.00, real=0.07 secs] 
272.619: Total time for which application threads were stopped: 0.0735960 seconds, Stopping threads took: 0.0000690 seconds
272.645: Application time: 0.0252350 seconds
272.645: [Full GC [PSYoungGen: 138240K->32868K(161280K)] [ParOldGen: 367741K->367741K(368128K)] 505981K->400609K(529408K) [PSPermGen: 13648K->13648K(21504K)], 0.0734450 secs] [Times: user=0.51 sys=0.00, real=0.08 secs] 
272.719: Total time for which application threads were stopped: 0.0741330 seconds, Stopping threads took: 0.0000760 seconds
272.744: Application time: 0.0254600 seconds
272.745: [Full GC [PSYoungGen: 138240K->32882K(161280K)] [ParOldGen: 367741K->367741K(368128K)] 505981K->400623K(529408K) [PSPermGen: 13648K->13648K(21504K)], 0.0730890 secs] [Times: user=0.52 sys=0.00, real=0.08 secs] 
272.818: Total time for which application threads were stopped: 0.0738160 seconds, Stopping threads took: 0.0000800 seconds
272.843: Application time: 0.0251990 seconds
272.844: [Full GC [PSYoungGen: 138240K->32893K(161280K)] [ParOldGen: 367741K->367741K(368128K)] 505981K->400634K(529408K) [PSPermGen: 13648K->13648K(21504K)], 0.0735690 secs] [Times: user=0.51 sys=0.00, real=0.08 secs] 
272.917: Total time for which application threads were stopped: 0.0742270 seconds, Stopping threads took: 0.0001060 seconds
272.943: Application time: 0.0252140 seconds
272.943: [Full GC [PSYoungGen: 138240K->32911K(161280K)] [ParOldGen: 367741K->367741K(368128K)] 505981K->400653K(529408K) [PSPermGen: 13648K->13648K(21504K)], 0.0731820 secs] [Times: user=0.52 sys=0.00, real=0.08 secs] 
273.017: Total time for which application threads were stopped: 0.0738810 seconds, Stopping threads took: 0.0000840 seconds
273.042: Application time: 0.0252510 seconds
273.042: [Full GC [PSYoungGen: 138240K->32927K(161280K)] [ParOldGen: 367741K->367741K(368128K)] 505981K->400668K(529408K) [PSPermGen: 13648K->13648K(21504K)], 0.0734310 secs] [Times: user=0.51 sys=0.00, real=0.08 secs] 
273.116: Total time for which application threads were stopped: 0.0740810 seconds, Stopping threads took: 0.0000960 seconds
273.142: Application time: 0.0261290 seconds
273.143: [Full GC [PSYoungGen: 138240K->32943K(161280K)] [ParOldGen: 367741K->367741K(368128K)] 505981K->400684K(529408K) [PSPermGen: 13648K->13648K(21504K)], 0.0734290 secs] [Times: user=0.51 sys=0.00, real=0.08 secs] 
273.216: Total time for which application threads were stopped: 0.0741260 seconds, Stopping threads took: 0.0001000 seconds
273.242: Application time: 0.0253900 seconds
273.242: [Full GC [PSYoungGen: 138240K->32958K(161280K)] [ParOldGen: 367741K->367741K(368128K)] 505981K->400700K(529408K) [PSPermGen: 13648K->13648K(21504K)], 0.0760620 secs] [Times: user=0.53 sys=0.01, real=0.08 secs] 
273.318: Total time for which application threads were stopped: 0.0767350 seconds, Stopping threads took: 0.0000430 seconds
273.343: Application time: 0.0249140 seconds
273.344: [Full GC [PSYoungGen: 138240K->32972K(161280K)] [ParOldGen: 367741K->367741K(368128K)] 505981K->400713K(529408K) [PSPermGen: 13648K->13648K(21504K)], 0.0740110 secs] [Times: user=0.52 sys=0.00, real=0.08 secs] 
273.418: Total time for which application threads were stopped: 0.0746910 seconds, Stopping threads took: 0.0001110 seconds
273.443: Application time: 0.0254850 seconds
273.444: [Full GC [PSYoungGen: 138240K->32931K(161280K)] [ParOldGen: 367741K->367741K(368128K)] 505981K->400673K(529408K) [PSPermGen: 13648K->13648K(21504K)], 0.0748800 secs] [Times: user=0.52 sys=0.00, real=0.08 secs] 
273.519: Total time for which application threads were stopped: 0.0756140 seconds, Stopping threads took: 0.0001140 seconds
273.544: Application time: 0.0251780 seconds
273.545: [Full GC [PSYoungGen: 138240K->32930K(161280K)] [ParOldGen: 367741K->367741K(368128K)] 505981K->400671K(529408K) [PSPermGen: 13648K->13648K(21504K)], 0.0735180 secs] [Times: user=0.51 sys=0.00, real=0.08 secs] 
273.618: Total time for which application threads were stopped: 0.0741630 seconds, Stopping threads took: 0.0000890 seconds
273.644: Application time: 0.0252520 seconds
273.644: [Full GC [PSYoungGen: 138240K->32947K(161280K)] [ParOldGen: 367741K->367741K(368128K)] 505981K->400689K(529408K) [PSPermGen: 13648K->13648K(21504K)], 0.0740080 secs] [Times: user=0.52 sys=0.00, real=0.08 secs] 
273.718: Total time for which application threads were stopped: 0.0746760 seconds, Stopping threads took: 0.0001120 seconds
273.744: Application time: 0.0252550 seconds
273.744: [Full GC [PSYoungGen: 138240K->32962K(161280K)] [ParOldGen: 367741K->367741K(368128K)] 505981K->400703K(529408K) [PSPermGen: 13648K->13648K(21504K)], 0.0753600 secs] [Times: user=0.54 sys=0.00, real=0.08 secs] 
273.820: Total time for which application threads were stopped: 0.0760040 seconds, Stopping threads took: 0.0000890 seconds
273.845: Application time: 0.0252300 seconds
273.845: [Full GC [PSYoungGen: 138240K->32981K(161280K)] [ParOldGen: 367741K->367741K(368128K)] 505981K->400722K(529408K) [PSPermGen: 13648K->13648K(21504K)], 0.0729860 secs] [Times: user=0.51 sys=0.00, real=0.08 secs] 
273.919: Total time for which application threads were stopped: 0.0737110 seconds, Stopping threads took: 0.0000580 seconds
273.944: Application time: 0.0253100 seconds
273.944: [Full GC [PSYoungGen: 138240K->32992K(161280K)] [ParOldGen: 367741K->367741K(368128K)] 505981K->400733K(529408K) [PSPermGen: 13648K->13648K(21504K)], 0.0730040 secs] [Times: user=0.52 sys=0.00, real=0.08 secs] 
274.018: Total time for which application threads were stopped: 0.0737310 seconds, Stopping threads took: 0.0000710 seconds
274.043: Application time: 0.0254580 seconds
274.044: [Full GC [PSYoungGen: 138240K->33009K(161280K)] [ParOldGen: 367741K->367741K(368128K)] 505981K->400750K(529408K) [PSPermGen: 13648K->13648K(21504K)], 0.0734690 secs] [Times: user=0.52 sys=0.00, real=0.08 secs] 
274.117: Total time for which application threads were stopped: 0.0741860 seconds, Stopping threads took: 0.0000740 seconds
274.143: Application time: 0.0257890 seconds
274.144: [Full GC [PSYoungGen: 138240K->33023K(161280K)] [ParOldGen: 367741K->367741K(368128K)] 505981K->400764K(529408K) [PSPermGen: 13648K->13648K(21504K)], 0.0735650 secs] [Times: user=0.51 sys=0.01, real=0.08 secs] 
274.217: Total time for which application threads were stopped: 0.0742340 seconds, Stopping threads took: 0.0000670 seconds
274.243: Application time: 0.0255260 seconds
274.243: [Full GC [PSYoungGen: 138240K->32983K(161280K)] [ParOldGen: 367741K->367741K(368128K)] 505981K->400724K(529408K) [PSPermGen: 13648K->13648K(21504K)], 0.0734390 secs] [Times: user=0.52 sys=0.00, real=0.08 secs] 
274.317: Total time for which application threads were stopped: 0.0740830 seconds, Stopping threads took: 0.0000650 seconds
274.342: Application time: 0.0251660 seconds
274.343: [Full GC [PSYoungGen: 138240K->32981K(161280K)] [ParOldGen: 367741K->367741K(368128K)] 505981K->400723K(529408K) [PSPermGen: 13648K->13648K(21504K)], 0.0736420 secs] [Times: user=0.52 sys=0.00, real=0.08 secs] 
274.416: Total time for which application threads were stopped: 0.0743240 seconds, Stopping threads took: 0.0000620 seconds
274.442: Application time: 0.0255780 seconds
274.443: [Full GC [PSYoungGen: 138240K->32942K(161280K)] [ParOldGen: 367741K->367741K(368128K)] 505981K->400684K(529408K) [PSPermGen: 13648K->13648K(21504K)], 0.0736750 secs] [Times: user=0.52 sys=0.00, real=0.08 secs] 
274.516: Total time for which application threads were stopped: 0.0743620 seconds, Stopping threads took: 0.0000960 seconds
274.541: Application time: 0.0251470 seconds
274.542: [Full GC [PSYoungGen: 138240K->32942K(161280K)] [ParOldGen: 367741K->367741K(368128K)] 505981K->400683K(529408K) [PSPermGen: 13648K->13648K(21504K)], 0.0730140 secs] [Times: user=0.52 sys=0.00, real=0.08 secs] 
274.615: Total time for which application threads were stopped: 0.0737300 seconds, Stopping threads took: 0.0000770 seconds
274.640: Application time: 0.0251950 seconds
274.641: [Full GC [PSYoungGen: 138240K->32957K(161280K)] [ParOldGen: 367741K->367741K(368128K)] 505981K->400698K(529408K) [PSPermGen: 13648K->13648K(21504K)], 0.0736740 secs] [Times: user=0.52 sys=0.00, real=0.08 secs] 
274.715: Total time for which application threads were stopped: 0.0743230 seconds, Stopping threads took: 0.0000920 seconds
274.740: Application time: 0.0252610 seconds
274.741: [Full GC [PSYoungGen: 138240K->32970K(161280K)] [ParOldGen: 367741K->367741K(368128K)] 505981K->400711K(529408K) [PSPermGen: 13648K->13648K(21504K)], 0.0747040 secs] [Times: user=0.53 sys=0.00, real=0.08 secs] 
274.815: Total time for which application threads were stopped: 0.0753840 seconds, Stopping threads took: 0.0000600 seconds
274.840: Application time: 0.0250670 seconds
274.841: [Full GC [PSYoungGen: 138240K->32985K(161280K)] [ParOldGen: 367741K->367741K(368128K)] 505981K->400726K(529408K) [PSPermGen: 13648K->13648K(21504K)], 0.0738350 secs] [Times: user=0.52 sys=0.00, real=0.08 secs] 
274.915: Total time for which application threads were stopped: 0.0745170 seconds, Stopping threads took: 0.0001320 seconds
274.940: Application time: 0.0252200 seconds
274.941: [Full GC [PSYoungGen: 138240K->33003K(161280K)] [ParOldGen: 367741K->367741K(368128K)] 505981K->400744K(529408K) [PSPermGen: 13648K->13648K(21504K)], 0.0801260 secs] [Times: user=0.56 sys=0.00, real=0.08 secs] 
275.021: Total time for which application threads were stopped: 0.0808330 seconds, Stopping threads took: 0.0000720 seconds
275.046: Application time: 0.0253300 seconds
275.047: [Full GC [PSYoungGen: 138240K->33016K(161280K)] [ParOldGen: 367741K->367741K(368128K)] 505981K->400757K(529408K) [PSPermGen: 13648K->13648K(21504K)], 0.0739160 secs] [Times: user=0.52 sys=0.00, real=0.07 secs] 
275.121: Total time for which application threads were stopped: 0.0745560 seconds, Stopping threads took: 0.0000700 seconds
275.147: Application time: 0.0258800 seconds
275.147: [Full GC [PSYoungGen: 138240K->33032K(161280K)] [ParOldGen: 367741K->367741K(368128K)] 505981K->400774K(529408K) [PSPermGen: 13648K->13648K(21504K)], 0.0732500 secs] [Times: user=0.52 sys=0.00, real=0.07 secs] 
275.221: Total time for which application threads were stopped: 0.0739250 seconds, Stopping threads took: 0.0000760 seconds
275.246: Application time: 0.0252890 seconds
275.247: [Full GC [PSYoungGen: 138240K->33049K(161280K)] [ParOldGen: 367741K->367741K(368128K)] 505981K->400790K(529408K) [PSPermGen: 13648K->13648K(21504K)], 0.0732970 secs] [Times: user=0.52 sys=0.00, real=0.07 secs] 
275.320: Total time for which application threads were stopped: 0.0740210 seconds, Stopping threads took: 0.0000930 seconds
275.345: Application time: 0.0252390 seconds
275.346: [Full GC [PSYoungGen: 138240K->33061K(161280K)] [ParOldGen: 367741K->367741K(368128K)] 505981K->400802K(529408K) [PSPermGen: 13648K->13648K(21504K)], 0.0739990 secs] [Times: user=0.51 sys=0.01, real=0.07 secs] 
275.420: Total time for which application threads were stopped: 0.0746300 seconds, Stopping threads took: 0.0000620 seconds
275.445: Application time: 0.0254910 seconds
275.446: [Full GC [PSYoungGen: 138240K->33076K(161280K)] [ParOldGen: 367741K->367741K(368128K)] 505981K->400817K(529408K) [PSPermGen: 13648K->13648K(21504K)], 0.0741490 secs] [Times: user=0.52 sys=0.00, real=0.07 secs] 
275.520: Total time for which application threads were stopped: 0.0747630 seconds, Stopping threads took: 0.0000560 seconds
275.546: Application time: 0.0257450 seconds
275.546: [Full GC [PSYoungGen: 138240K->33039K(161280K)] [ParOldGen: 367741K->367741K(368128K)] 505981K->400780K(529408K) [PSPermGen: 13648K->13648K(21504K)], 0.0748570 secs] [Times: user=0.52 sys=0.00, real=0.07 secs] 
275.621: Total time for which application threads were stopped: 0.0754930 seconds, Stopping threads took: 0.0000850 seconds
275.647: Application time: 0.0255420 seconds
275.648: [Full GC [PSYoungGen: 138240K->32934K(161280K)] [ParOldGen: 367741K->367741K(368128K)] 505981K->400675K(529408K) [PSPermGen: 13648K->13648K(21504K)], 0.0739640 secs] [Times: user=0.52 sys=0.01, real=0.07 secs] 
275.722: Total time for which application threads were stopped: 0.0746350 seconds, Stopping threads took: 0.0000770 seconds
275.747: Application time: 0.0258150 seconds
275.748: [Full GC [PSYoungGen: 138240K->32927K(161280K)] [ParOldGen: 367741K->367741K(368128K)] 505981K->400668K(529408K) [PSPermGen: 13648K->13648K(21504K)], 0.0732170 secs] [Times: user=0.51 sys=0.00, real=0.07 secs] 
275.821: Total time for which application threads were stopped: 0.0738300 seconds, Stopping threads took: 0.0000630 seconds
275.847: Application time: 0.0255230 seconds
275.847: [Full GC [PSYoungGen: 138240K->32928K(161280K)] [ParOldGen: 367741K->367741K(368128K)] 505981K->400670K(529408K) [PSPermGen: 13648K->13648K(21504K)], 0.0733090 secs] [Times: user=0.52 sys=0.00, real=0.07 secs] 
275.921: Total time for which application threads were stopped: 0.0740340 seconds, Stopping threads took: 0.0001050 seconds
275.946: Application time: 0.0253880 seconds
275.947: [Full GC [PSYoungGen: 138240K->32942K(161280K)] [ParOldGen: 367741K->367741K(368128K)] 505981K->400683K(529408K) [PSPermGen: 13648K->13648K(21504K)], 0.0738820 secs] [Times: user=0.52 sys=0.00, real=0.07 secs] 
276.021: Total time for which application threads were stopped: 0.0744820 seconds, Stopping threads took: 0.0000510 seconds
276.046: Application time: 0.0250850 seconds
276.046: [Full GC [PSYoungGen: 138240K->32957K(161280K)] [ParOldGen: 367741K->367741K(368128K)] 505981K->400698K(529408K) [PSPermGen: 13648K->13648K(21504K)], 0.0732760 secs] [Times: user=0.51 sys=0.00, real=0.07 secs] 
276.120: Total time for which application threads were stopped: 0.0739010 seconds, Stopping threads took: 0.0000620 seconds
276.146: Application time: 0.0260990 seconds
276.146: [Full GC [PSYoungGen: 138240K->32863K(161280K)] [ParOldGen: 367741K->367741K(368128K)] 505981K->400604K(529408K) [PSPermGen: 13648K->13648K(21504K)], 0.0721650 secs] [Times: user=0.51 sys=0.00, real=0.07 secs] 
276.219: Total time for which application threads were stopped: 0.0728660 seconds, Stopping threads took: 0.0000860 seconds
276.244: Application time: 0.0249520 seconds
276.244: [Full GC [PSYoungGen: 138240K->32846K(161280K)] [ParOldGen: 367741K->367741K(368128K)] 505981K->400588K(529408K) [PSPermGen: 13648K->13648K(21504K)], 0.0726950 secs] [Times: user=0.52 sys=0.00, real=0.08 secs] 
276.317: Total time for which application threads were stopped: 0.0734040 seconds, Stopping threads took: 0.0001220 seconds
276.342: Application time: 0.0250140 seconds
276.343: [Full GC [PSYoungGen: 138240K->32862K(161280K)] [ParOldGen: 367741K->367741K(368128K)] 505981K->400603K(529408K) [PSPermGen: 13648K->13648K(21504K)], 0.0737360 secs] [Times: user=0.51 sys=0.00, real=0.08 secs] 
276.416: Total time for which application threads were stopped: 0.0743760 seconds, Stopping threads took: 0.0000830 seconds
276.441: Application time: 0.0250760 seconds
276.442: [Full GC [PSYoungGen: 138240K->32877K(161280K)] [ParOldGen: 367741K->367741K(368128K)] 505981K->400619K(529408K) [PSPermGen: 13648K->13648K(21504K)], 0.0742230 secs] [Times: user=0.51 sys=0.00, real=0.08 secs] 
276.516: Total time for which application threads were stopped: 0.0749750 seconds, Stopping threads took: 0.0001170 seconds
276.541: Application time: 0.0248640 seconds
276.542: [Full GC [PSYoungGen: 138240K->32891K(161280K)] [ParOldGen: 367741K->367741K(368128K)] 505981K->400633K(529408K) [PSPermGen: 13648K->13648K(21504K)], 0.0735490 secs] [Times: user=0.52 sys=0.00, real=0.08 secs] 
276.615: Total time for which application threads were stopped: 0.0741570 seconds, Stopping threads took: 0.0000510 seconds
276.641: Application time: 0.0251990 seconds
276.641: [Full GC [PSYoungGen: 138240K->32906K(161280K)] [ParOldGen: 367741K->367741K(368128K)] 505981K->400648K(529408K) [PSPermGen: 13648K->13648K(21504K)], 0.0736840 secs] [Times: user=0.52 sys=0.00, real=0.08 secs] 
276.715: Total time for which application threads were stopped: 0.0743090 seconds, Stopping threads took: 0.0000790 seconds
276.740: Application time: 0.0253750 seconds
276.741: [Full GC [PSYoungGen: 138240K->32923K(161280K)] [ParOldGen: 367741K->367741K(368128K)] 505981K->400664K(529408K) [PSPermGen: 13648K->13648K(21504K)], 0.0740480 secs] [Times: user=0.52 sys=0.00, real=0.08 secs] 
276.815: Total time for which application threads were stopped: 0.0746940 seconds, Stopping threads took: 0.0000950 seconds
276.840: Application time: 0.0251530 seconds
276.841: [Full GC [PSYoungGen: 138240K->32938K(161280K)] [ParOldGen: 367741K->367741K(368128K)] 505981K->400679K(529408K) [PSPermGen: 13648K->13648K(21504K)], 0.0735690 secs] [Times: user=0.52 sys=0.00, real=0.08 secs] 
276.915: Total time for which application threads were stopped: 0.0743170 seconds, Stopping threads took: 0.0000990 seconds
276.940: Application time: 0.0253730 seconds
276.941: [Full GC [PSYoungGen: 138240K->32952K(161280K)] [ParOldGen: 367741K->367741K(368128K)] 505981K->400693K(529408K) [PSPermGen: 13648K->13648K(21504K)], 0.0737180 secs] [Times: user=0.52 sys=0.00, real=0.08 secs] 
277.014: Total time for which application threads were stopped: 0.0743770 seconds, Stopping threads took: 0.0000490 seconds
277.039: Application time: 0.0251750 seconds
277.040: [Full GC [PSYoungGen: 138240K->32967K(161280K)] [ParOldGen: 367741K->367741K(368128K)] 505981K->400708K(529408K) [PSPermGen: 13648K->13648K(21504K)], 0.0741050 secs] [Times: user=0.52 sys=0.00, real=0.08 secs] 
277.114: Total time for which application threads were stopped: 0.0749310 seconds, Stopping threads took: 0.0000670 seconds
277.141: Application time: 0.0263830 seconds
277.141: [Full GC [PSYoungGen: 138240K->32980K(161280K)] [ParOldGen: 367741K->367741K(368128K)] 505981K->400721K(529408K) [PSPermGen: 13648K->13648K(21504K)], 0.0741730 secs] [Times: user=0.52 sys=0.00, real=0.08 secs] 
277.216: Total time for which application threads were stopped: 0.0748390 seconds, Stopping threads took: 0.0000940 seconds
277.241: Application time: 0.0256370 seconds
277.242: [Full GC [PSYoungGen: 138240K->32943K(161280K)] [ParOldGen: 367741K->367741K(368128K)] 505981K->400684K(529408K) [PSPermGen: 13648K->13648K(21504K)], 0.0741570 secs] [Times: user=0.52 sys=0.00, real=0.08 secs] 
277.316: Total time for which application threads were stopped: 0.0748040 seconds, Stopping threads took: 0.0000830 seconds
277.341: Application time: 0.0251680 seconds
277.342: [Full GC [PSYoungGen: 138240K->32939K(161280K)] [ParOldGen: 367741K->367741K(368128K)] 505981K->400681K(529408K) [PSPermGen: 13648K->13648K(21504K)], 0.0734860 secs] [Times: user=0.51 sys=0.00, real=0.08 secs] 
277.415: Total time for which application threads were stopped: 0.0742110 seconds, Stopping threads took: 0.0000640 seconds
277.441: Application time: 0.0253000 seconds
277.441: [Full GC [PSYoungGen: 138240K->32957K(161280K)] [ParOldGen: 367741K->367741K(368128K)] 505981K->400699K(529408K) [PSPermGen: 13648K->13648K(21504K)], 0.0740860 secs] [Times: user=0.52 sys=0.00, real=0.08 secs] 
277.515: Total time for which application threads were stopped: 0.0747050 seconds, Stopping threads took: 0.0000650 seconds
277.541: Application time: 0.0251980 seconds
277.541: [Full GC [PSYoungGen: 138240K->32974K(161280K)] [ParOldGen: 367741K->367741K(368128K)] 505981K->400715K(529408K) [PSPermGen: 13648K->13648K(21504K)], 0.0738090 secs] [Times: user=0.52 sys=0.00, real=0.08 secs] 
277.615: Total time for which application threads were stopped: 0.0745080 seconds, Stopping threads took: 0.0000770 seconds
277.640: Application time: 0.0251530 seconds
277.641: [Full GC [PSYoungGen: 138240K->32987K(161280K)] [ParOldGen: 367741K->367741K(368128K)] 505981K->400728K(529408K) [PSPermGen: 13648K->13648K(21504K)], 0.0735350 secs] [Times: user=0.52 sys=0.00, real=0.08 secs] 
277.715: Total time for which application threads were stopped: 0.0741670 seconds, Stopping threads took: 0.0000720 seconds
277.740: Application time: 0.0250290 seconds
277.740: [Full GC [PSYoungGen: 138240K->33004K(161280K)] [ParOldGen: 367741K->367741K(368128K)] 505981K->400745K(529408K) [PSPermGen: 13648K->13648K(21504K)], 0.0736950 secs] [Times: user=0.51 sys=0.00, real=0.08 secs] 
277.814: Total time for which application threads were stopped: 0.0743120 seconds, Stopping threads took: 0.0000630 seconds
277.839: Application time: 0.0252190 seconds
277.840: [Full GC [PSYoungGen: 138240K->33018K(161280K)] [ParOldGen: 367741K->367741K(368128K)] 505981K->400759K(529408K) [PSPermGen: 13648K->13648K(21504K)], 0.0731880 secs] [Times: user=0.52 sys=0.00, real=0.07 secs] 
277.913: Total time for which application threads were stopped: 0.0738650 seconds, Stopping threads took: 0.0000510 seconds
277.938: Application time: 0.0254920 seconds
277.939: [Full GC [PSYoungGen: 138240K->32978K(161280K)] [ParOldGen: 367741K->367741K(368128K)] 505981K->400720K(529408K) [PSPermGen: 13648K->13648K(21504K)], 0.0740010 secs] [Times: user=0.52 sys=0.00, real=0.07 secs] 
278.013: Total time for which application threads were stopped: 0.0746530 seconds, Stopping threads took: 0.0000740 seconds
278.039: Application time: 0.0258480 seconds
278.040: [Full GC [PSYoungGen: 138240K->32924K(161280K)] [ParOldGen: 367741K->367741K(368128K)] 505981K->400665K(529408K) [PSPermGen: 13648K->13648K(21504K)], 0.0743260 secs] [Times: user=0.52 sys=0.00, real=0.08 secs] 
278.114: Total time for which application threads were stopped: 0.0750150 seconds, Stopping threads took: 0.0000810 seconds
278.140: Application time: 0.0256660 seconds
278.140: [Full GC [PSYoungGen: 138240K->32923K(161280K)] [ParOldGen: 367741K->367741K(368128K)] 505981K->400664K(529408K) [PSPermGen: 13648K->13648K(21504K)], 0.0726770 secs] [Times: user=0.51 sys=0.00, real=0.07 secs] 
278.213: Total time for which application threads were stopped: 0.0734390 seconds, Stopping threads took: 0.0001410 seconds
278.238: Application time: 0.0252350 seconds
278.239: [Full GC [PSYoungGen: 138240K->32937K(161280K)] [ParOldGen: 367741K->367741K(368128K)] 505981K->400678K(529408K) [PSPermGen: 13648K->13648K(21504K)], 0.0729910 secs] [Times: user=0.51 sys=0.00, real=0.07 secs] 
278.312: Total time for which application threads were stopped: 0.0737190 seconds, Stopping threads took: 0.0000960 seconds
278.337: Application time: 0.0251700 seconds
278.338: [Full GC [PSYoungGen: 138240K->32952K(161280K)] [ParOldGen: 367741K->367741K(368128K)] 505981K->400694K(529408K) [PSPermGen: 13648K->13648K(21504K)], 0.0739750 secs] [Times: user=0.52 sys=0.00, real=0.07 secs] 
278.412: Total time for which application threads were stopped: 0.0746190 seconds, Stopping threads took: 0.0000820 seconds
278.437: Application time: 0.0249730 seconds
278.437: [Full GC [PSYoungGen: 138240K->32964K(161280K)] [ParOldGen: 367741K->367741K(368128K)] 505981K->400705K(529408K) [PSPermGen: 13648K->13648K(21504K)], 0.0743310 secs] [Times: user=0.51 sys=0.00, real=0.07 secs] 
278.512: Total time for which application threads were stopped: 0.0749730 seconds, Stopping threads took: 0.0000930 seconds
278.537: Application time: 0.0250030 seconds
278.537: [Full GC [PSYoungGen: 138240K->32981K(161280K)] [ParOldGen: 367741K->367741K(368128K)] 505981K->400723K(529408K) [PSPermGen: 13648K->13648K(21504K)], 0.0733670 secs] [Times: user=0.52 sys=0.00, real=0.07 secs] 
278.611: Total time for which application threads were stopped: 0.0741030 seconds, Stopping threads took: 0.0000760 seconds
278.636: Application time: 0.0251670 seconds
278.637: [Full GC [PSYoungGen: 138240K->32995K(161280K)] [ParOldGen: 367741K->367741K(368128K)] 505981K->400737K(529408K) [PSPermGen: 13648K->13648K(21504K)], 0.0729620 secs] [Times: user=0.52 sys=0.00, real=0.07 secs] 
278.710: Total time for which application threads were stopped: 0.0736540 seconds, Stopping threads took: 0.0000670 seconds
278.735: Application time: 0.0252420 seconds
278.736: [Full GC [PSYoungGen: 138240K->33011K(161280K)] [ParOldGen: 367741K->367741K(368128K)] 505981K->400752K(529408K) [PSPermGen: 13648K->13648K(21504K)], 0.0732250 secs] [Times: user=0.52 sys=0.00, real=0.07 secs] 
278.809: Total time for which application threads were stopped: 0.0739170 seconds, Stopping threads took: 0.0000700 seconds
278.834: Application time: 0.0254410 seconds
278.835: [Full GC [PSYoungGen: 138240K->33028K(161280K)] [ParOldGen: 367741K->367741K(368128K)] 505981K->400770K(529408K) [PSPermGen: 13648K->13648K(21504K)], 0.0736260 secs] [Times: user=0.52 sys=0.00, real=0.07 secs] 
278.909: Total time for which application threads were stopped: 0.0743610 seconds, Stopping threads took: 0.0001080 seconds
278.934: Application time: 0.0250150 seconds
278.934: [Full GC [PSYoungGen: 138240K->33043K(161280K)] [ParOldGen: 367741K->367741K(368128K)] 505981K->400784K(529408K) [PSPermGen: 13648K->13648K(21504K)], 0.0761450 secs] [Times: user=0.54 sys=0.00, real=0.07 secs] 
279.011: Total time for which application threads were stopped: 0.0768440 seconds, Stopping threads took: 0.0000610 seconds
279.035: Application time: 0.0248370 seconds
279.036: [Full GC [PSYoungGen: 138240K->33057K(161280K)] [ParOldGen: 367741K->367741K(368128K)] 505981K->400799K(529408K) [PSPermGen: 13648K->13648K(21504K)], 0.0741490 secs] [Times: user=0.52 sys=0.00, real=0.07 secs] 
279.110: Total time for which application threads were stopped: 0.0748840 seconds, Stopping threads took: 0.0001030 seconds
279.136: Application time: 0.0258020 seconds
279.137: [Full GC [PSYoungGen: 138240K->33073K(161280K)] [ParOldGen: 367741K->367741K(368128K)] 505981K->400815K(529408K) [PSPermGen: 13648K->13648K(21504K)], 0.0732740 secs] [Times: user=0.51 sys=0.00, real=0.07 secs] 
279.210: Total time for which application threads were stopped: 0.0739170 seconds, Stopping threads took: 0.0000580 seconds
279.235: Application time: 0.0249550 seconds
279.236: [Full GC [PSYoungGen: 138240K->33088K(161280K)] [ParOldGen: 367741K->367741K(368128K)] 505981K->400829K(529408K) [PSPermGen: 13648K->13648K(21504K)], 0.0743930 secs] [Times: user=0.53 sys=0.00, real=0.07 secs] 
279.310: Total time for which application threads were stopped: 0.0750270 seconds, Stopping threads took: 0.0000730 seconds
279.336: Application time: 0.0255140 seconds
279.336: [Full GC [PSYoungGen: 138240K->32980K(161280K)] [ParOldGen: 367741K->367741K(368128K)] 505981K->400721K(529408K) [PSPermGen: 13648K->13648K(21504K)], 0.0734680 secs] [Times: user=0.51 sys=0.00, real=0.07 secs] 
279.410: Total time for which application threads were stopped: 0.0741900 seconds, Stopping threads took: 0.0000960 seconds
279.435: Application time: 0.0253880 seconds
279.436: [Full GC [PSYoungGen: 138240K->32923K(161280K)] [ParOldGen: 367741K->367741K(368128K)] 505981K->400665K(529408K) [PSPermGen: 13648K->13648K(21504K)], 0.0737430 secs] [Times: user=0.51 sys=0.00, real=0.07 secs] 
279.509: Total time for which application threads were stopped: 0.0743650 seconds, Stopping threads took: 0.0000720 seconds
279.536: Application time: 0.0265610 seconds
279.537: [Full GC [PSYoungGen: 138240K->32922K(161280K)] [ParOldGen: 367741K->367741K(368128K)] 505981K->400663K(529408K) [PSPermGen: 13648K->13648K(21504K)], 0.0748890 secs] [Times: user=0.53 sys=0.00, real=0.07 secs] 
279.612: Total time for which application threads were stopped: 0.0756290 seconds, Stopping threads took: 0.0001010 seconds
279.637: Application time: 0.0249240 seconds
279.637: [Full GC [PSYoungGen: 138240K->32936K(161280K)] [ParOldGen: 367741K->367741K(368128K)] 505981K->400678K(529408K) [PSPermGen: 13648K->13648K(21504K)], 0.0734750 secs] [Times: user=0.52 sys=0.00, real=0.07 secs] 
279.711: Total time for which application threads were stopped: 0.0742070 seconds, Stopping threads took: 0.0000960 seconds
279.736: Application time: 0.0255210 seconds
279.737: [Full GC [PSYoungGen: 138240K->32889K(161280K)] [ParOldGen: 367741K->367741K(368128K)] 505981K->400631K(529408K) [PSPermGen: 13648K->13648K(21504K)], 0.0735910 secs] [Times: user=0.52 sys=0.00, real=0.07 secs] 
279.811: Total time for which application threads were stopped: 0.0742540 seconds, Stopping threads took: 0.0000900 seconds
279.836: Application time: 0.0254880 seconds
279.837: [Full GC [PSYoungGen: 138240K->32897K(161280K)] [ParOldGen: 367741K->367741K(368128K)] 505981K->400639K(529408K) [PSPermGen: 13648K->13648K(21504K)], 0.0730310 secs] [Times: user=0.51 sys=0.00, real=0.07 secs] 
279.910: Total time for which application threads were stopped: 0.0737340 seconds, Stopping threads took: 0.0000740 seconds
279.935: Application time: 0.0253770 seconds
279.936: [Full GC [PSYoungGen: 138240K->32910K(161280K)] [ParOldGen: 367741K->367741K(368128K)] 505981K->400651K(529408K) [PSPermGen: 13648K->13648K(21504K)], 0.0740940 secs] [Times: user=0.52 sys=0.00, real=0.07 secs] 
280.010: Total time for which application threads were stopped: 0.0747060 seconds, Stopping threads took: 0.0000700 seconds
280.036: Application time: 0.0256140 seconds
280.036: [Full GC [PSYoungGen: 138240K->32925K(161280K)] [ParOldGen: 367741K->367741K(368128K)] 505981K->400666K(529408K) [PSPermGen: 13648K->13648K(21504K)], 0.0739170 secs] [Times: user=0.51 sys=0.00, real=0.07 secs] 
280.110: Total time for which application threads were stopped: 0.0745600 seconds, Stopping threads took: 0.0000920 seconds
280.136: Application time: 0.0260080 seconds
280.137: [Full GC [PSYoungGen: 138240K->32874K(161280K)] [ParOldGen: 367741K->367741K(368128K)] 505981K->400615K(529408K) [PSPermGen: 13648K->13648K(21504K)], 0.0728520 secs] [Times: user=0.51 sys=0.00, real=0.07 secs] 
280.210: Total time for which application threads were stopped: 0.0735370 seconds, Stopping threads took: 0.0000820 seconds
280.235: Application time: 0.0254050 seconds
280.236: [Full GC [PSYoungGen: 138240K->32886K(161280K)] [ParOldGen: 367741K->367741K(368128K)] 505981K->400627K(529408K) [PSPermGen: 13648K->13648K(21504K)], 0.0751130 secs] [Times: user=0.52 sys=0.00, real=0.07 secs] 
280.311: Total time for which application threads were stopped: 0.0757800 seconds, Stopping threads took: 0.0001180 seconds
280.336: Application time: 0.0252650 seconds
280.337: [Full GC [PSYoungGen: 138240K->32903K(161280K)] [ParOldGen: 367741K->367741K(368128K)] 505981K->400645K(529408K) [PSPermGen: 13648K->13648K(21504K)], 0.0728650 secs] [Times: user=0.51 sys=0.00, real=0.07 secs] 
280.410: Total time for which application threads were stopped: 0.0736200 seconds, Stopping threads took: 0.0001090 seconds
280.435: Application time: 0.0254400 seconds
280.436: [Full GC [PSYoungGen: 138240K->32917K(161280K)] [ParOldGen: 367741K->367741K(368128K)] 505981K->400658K(529408K) [PSPermGen: 13648K->13648K(21504K)], 0.0737080 secs] [Times: user=0.52 sys=0.00, real=0.07 secs] 
280.510: Total time for which application threads were stopped: 0.0743550 seconds, Stopping threads took: 0.0000830 seconds
280.535: Application time: 0.0253470 seconds
280.536: [Full GC [PSYoungGen: 138240K->32933K(161280K)] [ParOldGen: 367741K->367741K(368128K)] 505981K->400675K(529408K) [PSPermGen: 13648K->13648K(21504K)], 0.0728810 secs] [Times: user=0.51 sys=0.00, real=0.07 secs] 
280.608: Total time for which application threads were stopped: 0.0735800 seconds, Stopping threads took: 0.0000600 seconds
280.634: Application time: 0.0254370 seconds
280.635: [Full GC [PSYoungGen: 138240K->32947K(161280K)] [ParOldGen: 367741K->367741K(368128K)] 505981K->400689K(529408K) [PSPermGen: 13648K->13648K(21504K)], 0.0738660 secs] [Times: user=0.52 sys=0.00, real=0.07 secs] 
280.708: Total time for which application threads were stopped: 0.0745720 seconds, Stopping threads took: 0.0000710 seconds
280.734: Application time: 0.0254250 seconds
280.735: [Full GC [PSYoungGen: 138240K->32962K(161280K)] [ParOldGen: 367741K->367741K(368128K)] 505981K->400704K(529408K) [PSPermGen: 13648K->13648K(21504K)], 0.0733320 secs] [Times: user=0.52 sys=0.01, real=0.07 secs] 
280.808: Total time for which application threads were stopped: 0.0740480 seconds, Stopping threads took: 0.0000660 seconds
280.833: Application time: 0.0254860 seconds
280.834: [Full GC [PSYoungGen: 138240K->32977K(161280K)] [ParOldGen: 367741K->367741K(368128K)] 505981K->400718K(529408K) [PSPermGen: 13648K->13648K(21504K)], 0.0737620 secs] [Times: user=0.51 sys=0.00, real=0.07 secs] 
280.908: Total time for which application threads were stopped: 0.0744200 seconds, Stopping threads took: 0.0000960 seconds
280.933: Application time: 0.0253820 seconds
280.934: [Full GC [PSYoungGen: 138240K->32993K(161280K)] [ParOldGen: 367741K->367741K(368128K)] 505981K->400734K(529408K) [PSPermGen: 13648K->13648K(21504K)], 0.0732080 secs] [Times: user=0.51 sys=0.00, real=0.07 secs] 
281.007: Total time for which application threads were stopped: 0.0739300 seconds, Stopping threads took: 0.0000640 seconds
281.033: Application time: 0.0253450 seconds
281.033: [Full GC [PSYoungGen: 138240K->33005K(161280K)] [ParOldGen: 367741K->367741K(368128K)] 505981K->400746K(529408K) [PSPermGen: 13648K->13648K(21504K)], 0.0752160 secs] [Times: user=0.52 sys=0.00, real=0.08 secs] 
281.108: Total time for which application threads were stopped: 0.0758370 seconds, Stopping threads took: 0.0000710 seconds
281.135: Application time: 0.0269140 seconds
281.136: [Full GC [PSYoungGen: 138240K->32954K(161280K)] [ParOldGen: 367741K->367741K(368128K)] 505981K->400696K(529408K) [PSPermGen: 13648K->13648K(21504K)], 0.0736500 secs] [Times: user=0.52 sys=0.00, real=0.07 secs] 
281.210: Total time for which application threads were stopped: 0.0743240 seconds, Stopping threads took: 0.0000610 seconds
281.235: Application time: 0.0250060 seconds
281.235: [Full GC [PSYoungGen: 138240K->32968K(161280K)] [ParOldGen: 367741K->367741K(368128K)] 505981K->400710K(529408K) [PSPermGen: 13648K->13648K(21504K)], 0.0738150 secs] [Times: user=0.51 sys=0.00, real=0.07 secs] 
281.309: Total time for which application threads were stopped: 0.0744770 seconds, Stopping threads took: 0.0001030 seconds
281.334: Application time: 0.0253320 seconds
281.335: [Full GC [PSYoungGen: 138240K->32981K(161280K)] [ParOldGen: 367741K->367741K(368128K)] 505981K->400722K(529408K) [PSPermGen: 13648K->13648K(21504K)], 0.0739120 secs] [Times: user=0.52 sys=0.00, real=0.07 secs] 
281.409: Total time for which application threads were stopped: 0.0745680 seconds, Stopping threads took: 0.0000910 seconds
281.434: Application time: 0.0251540 seconds
281.435: [Full GC [PSYoungGen: 138240K->33000K(161280K)] [ParOldGen: 367741K->367741K(368128K)] 505981K->400741K(529408K) [PSPermGen: 13648K->13648K(21504K)], 0.0749860 secs] [Times: user=0.52 sys=0.00, real=0.07 secs] 
281.510: Total time for which application threads were stopped: 0.0756330 seconds, Stopping threads took: 0.0000770 seconds
281.535: Application time: 0.0252180 seconds
281.536: [Full GC [PSYoungGen: 138240K->33011K(161280K)] [ParOldGen: 367741K->367741K(368128K)] 505981K->400752K(529408K) [PSPermGen: 13648K->13648K(21504K)], 0.0732860 secs] [Times: user=0.51 sys=0.00, real=0.07 secs] 
281.609: Total time for which application threads were stopped: 0.0739760 seconds, Stopping threads took: 0.0000670 seconds
281.635: Application time: 0.0262580 seconds
281.636: [Full GC [PSYoungGen: 138240K->32972K(161280K)] [ParOldGen: 367741K->367741K(368128K)] 505981K->400713K(529408K) [PSPermGen: 13648K->13648K(21504K)], 0.0746210 secs] [Times: user=0.53 sys=0.00, real=0.07 secs] 
281.711: Total time for which application threads were stopped: 0.0753350 seconds, Stopping threads took: 0.0001070 seconds
281.736: Application time: 0.0255020 seconds
281.737: [Full GC [PSYoungGen: 138240K->32917K(161280K)] [ParOldGen: 367741K->367741K(368128K)] 505981K->400659K(529408K) [PSPermGen: 13648K->13648K(21504K)], 0.0733610 secs] [Times: user=0.52 sys=0.00, real=0.07 secs] 
281.810: Total time for which application threads were stopped: 0.0739980 seconds, Stopping threads took: 0.0000720 seconds
281.835: Application time: 0.0250430 seconds
281.836: [Full GC [PSYoungGen: 138240K->32917K(161280K)] [ParOldGen: 367741K->367741K(368128K)] 505981K->400658K(529408K) [PSPermGen: 13648K->13648K(21504K)], 0.0733680 secs] [Times: user=0.52 sys=0.00, real=0.07 secs] 
281.909: Total time for which application threads were stopped: 0.0740890 seconds, Stopping threads took: 0.0000800 seconds
281.935: Application time: 0.0253090 seconds
281.935: [Full GC [PSYoungGen: 138240K->32932K(161280K)] [ParOldGen: 367741K->367741K(368128K)] 505981K->400674K(529408K) [PSPermGen: 13648K->13648K(21504K)], 0.0736200 secs] [Times: user=0.51 sys=0.00, real=0.07 secs] 
282.009: Total time for which application threads were stopped: 0.0742340 seconds, Stopping threads took: 0.0000600 seconds
282.034: Application time: 0.0252970 seconds
282.035: [Full GC [PSYoungGen: 138240K->32946K(161280K)] [ParOldGen: 367741K->367741K(368128K)] 505981K->400687K(529408K) [PSPermGen: 13648K->13648K(21504K)], 0.0743140 secs] [Times: user=0.52 sys=0.00, real=0.07 secs] 
282.109: Total time for which application threads were stopped: 0.0750500 seconds, Stopping threads took: 0.0000980 seconds
282.135: Application time: 0.0259000 seconds
282.136: [Full GC [PSYoungGen: 138240K->32962K(161280K)] [ParOldGen: 367741K->367741K(368128K)] 505981K->400703K(529408K) [PSPermGen: 13648K->13648K(21504K)], 0.0738570 secs] [Times: user=0.52 sys=0.01, real=0.07 secs] 
282.210: Total time for which application threads were stopped: 0.0745230 seconds, Stopping threads took: 0.0000990 seconds
282.235: Application time: 0.0251350 seconds
282.235: [Full GC [PSYoungGen: 138240K->32977K(161280K)] [ParOldGen: 367741K->367741K(368128K)] 505981K->400719K(529408K) [PSPermGen: 13648K->13648K(21504K)], 0.0734440 secs] [Times: user=0.51 sys=0.00, real=0.07 secs] 
282.309: Total time for which application threads were stopped: 0.0740780 seconds, Stopping threads took: 0.0000790 seconds
282.334: Application time: 0.0252220 seconds
282.335: [Full GC [PSYoungGen: 138240K->32990K(161280K)] [ParOldGen: 367741K->367741K(368128K)] 505981K->400732K(529408K) [PSPermGen: 13648K->13648K(21504K)], 0.0736490 secs] [Times: user=0.52 sys=0.00, real=0.07 secs] 
282.408: Total time for which application threads were stopped: 0.0742680 seconds, Stopping threads took: 0.0000670 seconds
282.434: Application time: 0.0253940 seconds
282.434: [Full GC [PSYoungGen: 138240K->33007K(161280K)] [ParOldGen: 367741K->367741K(368128K)] 505981K->400748K(529408K) [PSPermGen: 13648K->13648K(21504K)], 0.0735720 secs] [Times: user=0.51 sys=0.00, real=0.07 secs] 
282.508: Total time for which application threads were stopped: 0.0742100 seconds, Stopping threads took: 0.0000650 seconds
282.533: Application time: 0.0252890 seconds
282.534: [Full GC [PSYoungGen: 138240K->33020K(161280K)] [ParOldGen: 367741K->367741K(368128K)] 505981K->400761K(529408K) [PSPermGen: 13648K->13648K(21504K)], 0.0743370 secs] [Times: user=0.52 sys=0.00, real=0.07 secs] 
282.608: Total time for which application threads were stopped: 0.0750440 seconds, Stopping threads took: 0.0000730 seconds
282.633: Application time: 0.0249110 seconds
282.634: [Full GC [PSYoungGen: 138240K->33037K(161280K)] [ParOldGen: 367741K->367741K(368128K)] 505981K->400779K(529408K) [PSPermGen: 13648K->13648K(21504K)], 0.0734080 secs] [Times: user=0.52 sys=0.00, real=0.07 secs] 
282.707: Total time for which application threads were stopped: 0.0741730 seconds, Stopping threads took: 0.0000970 seconds
282.732: Application time: 0.0251240 seconds
282.733: [Full GC [PSYoungGen: 138240K->33052K(161280K)] [ParOldGen: 367741K->367741K(368128K)] 505981K->400793K(529408K) [PSPermGen: 13648K->13648K(21504K)], 0.0734550 secs] [Times: user=0.52 sys=0.00, real=0.08 secs] 
282.807: Total time for which application threads were stopped: 0.0741010 seconds, Stopping threads took: 0.0000950 seconds
282.832: Application time: 0.0253470 seconds
282.833: [Full GC [PSYoungGen: 138240K->33068K(161280K)] [ParOldGen: 367741K->367741K(368128K)] 505981K->400809K(529408K) [PSPermGen: 13648K->13648K(21504K)], 0.0734670 secs] [Times: user=0.52 sys=0.00, real=0.08 secs] 
282.906: Total time for which application threads were stopped: 0.0741860 seconds, Stopping threads took: 0.0000840 seconds
282.918: Application time: 0.0120780 seconds
282.919: Total time for which application threads were stopped: 0.0005570 seconds, Stopping threads took: 0.0000670 seconds
282.932: Application time: 0.0133930 seconds
282.933: [Full GC [PSYoungGen: 138240K->33030K(161280K)] [ParOldGen: 367741K->367741K(368128K)] 505981K->400771K(529408K) [PSPermGen: 13648K->13648K(21504K)], 0.0747260 secs] [Times: user=0.53 sys=0.00, real=0.08 secs] 
283.007: Total time for which application threads were stopped: 0.0753270 seconds, Stopping threads took: 0.0000480 seconds
283.033: Application time: 0.0251710 seconds
283.033: [Full GC [PSYoungGen: 138240K->33029K(161280K)] [ParOldGen: 367741K->367741K(368128K)] 505981K->400770K(529408K) [PSPermGen: 13648K->13648K(21504K)], 0.0738910 secs] [Times: user=0.52 sys=0.00, real=0.08 secs] 
283.107: Total time for which application threads were stopped: 0.0745150 seconds, Stopping threads took: 0.0000540 seconds
283.133: Application time: 0.0257070 seconds
283.133: [Full GC [PSYoungGen: 138240K->33042K(161280K)] [ParOldGen: 367741K->367741K(368128K)] 505981K->400783K(529408K) [PSPermGen: 13648K->13648K(21504K)], 0.0746110 secs] [Times: user=0.52 sys=0.00, real=0.08 secs] 
283.208: Total time for which application threads were stopped: 0.0752930 seconds, Stopping threads took: 0.0000590 seconds
283.233: Application time: 0.0250000 seconds
283.234: [Full GC [PSYoungGen: 138240K->33060K(161280K)] [ParOldGen: 367741K->367741K(368128K)] 505981K->400801K(529408K) [PSPermGen: 13648K->13648K(21504K)], 0.0741210 secs] [Times: user=0.52 sys=0.01, real=0.07 secs] 
283.308: Total time for which application threads were stopped: 0.0747680 seconds, Stopping threads took: 0.0000610 seconds
283.333: Application time: 0.0254840 seconds
283.334: [Full GC [PSYoungGen: 138240K->32952K(161280K)] [ParOldGen: 367741K->367741K(368128K)] 505981K->400694K(529408K) [PSPermGen: 13648K->13648K(21504K)], 0.0740660 secs] [Times: user=0.52 sys=0.00, real=0.07 secs] 
283.408: Total time for which application threads were stopped: 0.0746950 seconds, Stopping threads took: 0.0000740 seconds
283.416: Application time: 0.0078720 seconds
283.417: Total time for which application threads were stopped: 0.0006000 seconds, Stopping threads took: 0.0001090 seconds
283.434: Application time: 0.0173090 seconds
283.435: [Full GC [PSYoungGen: 138240K->32893K(161280K)] [ParOldGen: 367741K->367741K(368128K)] 505981K->400634K(529408K) [PSPermGen: 13648K->13648K(21504K)], 0.0737190 secs] [Times: user=0.52 sys=0.00, real=0.07 secs] 
283.508: Total time for which application threads were stopped: 0.0744730 seconds, Stopping threads took: 0.0001230 seconds
283.533: Application time: 0.0246310 seconds
283.534: [Full GC [PSYoungGen: 138240K->32892K(161280K)] [ParOldGen: 367741K->367741K(368128K)] 505981K->400634K(529408K) [PSPermGen: 13648K->13648K(21504K)], 0.0728860 secs] [Times: user=0.51 sys=0.00, real=0.07 secs] 
283.607: Total time for which application threads were stopped: 0.0736000 seconds, Stopping threads took: 0.0000950 seconds
283.632: Application time: 0.0249710 seconds
283.632: [Full GC [PSYoungGen: 138240K->32908K(161280K)] [ParOldGen: 367741K->367741K(368128K)] 505981K->400650K(529408K) [PSPermGen: 13648K->13648K(21504K)], 0.0733970 secs] [Times: user=0.52 sys=0.00, real=0.08 secs] 
283.706: Total time for which application threads were stopped: 0.0741220 seconds, Stopping threads took: 0.0000970 seconds
283.731: Application time: 0.0249340 seconds
283.731: [Full GC [PSYoungGen: 138240K->32918K(161280K)] [ParOldGen: 367741K->367741K(368128K)] 505981K->400659K(529408K) [PSPermGen: 13648K->13648K(21504K)], 0.0760380 secs] [Times: user=0.53 sys=0.00, real=0.08 secs] 
283.807: Total time for which application threads were stopped: 0.0767710 seconds, Stopping threads took: 0.0001100 seconds
283.832: Application time: 0.0250680 seconds
283.833: [Full GC [PSYoungGen: 138240K->32866K(161280K)] [ParOldGen: 367741K->367741K(368128K)] 505981K->400608K(529408K) [PSPermGen: 13648K->13648K(21504K)], 0.0733950 secs] [Times: user=0.52 sys=0.00, real=0.08 secs] 
283.907: Total time for which application threads were stopped: 0.0741060 seconds, Stopping threads took: 0.0000620 seconds
283.931: Application time: 0.0247530 seconds
283.932: [Full GC [PSYoungGen: 138240K->32879K(161280K)] [ParOldGen: 367741K->367741K(368128K)] 505981K->400620K(529408K) [PSPermGen: 13648K->13648K(21504K)], 0.0729410 secs] [Times: user=0.51 sys=0.00, real=0.07 secs] 
284.005: Total time for which application threads were stopped: 0.0736140 seconds, Stopping threads took: 0.0000490 seconds
284.030: Application time: 0.0249210 seconds
284.031: [Full GC [PSYoungGen: 138240K->32896K(161280K)] [ParOldGen: 367741K->367741K(368128K)] 505981K->400637K(529408K) [PSPermGen: 13648K->13648K(21504K)], 0.0741230 secs] [Times: user=0.52 sys=0.00, real=0.07 secs] 
284.105: Total time for which application threads were stopped: 0.0748120 seconds, Stopping threads took: 0.0000500 seconds
284.130: Application time: 0.0252040 seconds
284.131: [Full GC [PSYoungGen: 138240K->32910K(161280K)] [ParOldGen: 367741K->367741K(368128K)] 505981K->400652K(529408K) [PSPermGen: 13648K->13648K(21504K)], 0.0724270 secs] [Times: user=0.51 sys=0.00, real=0.07 secs] 
284.203: Total time for which application threads were stopped: 0.0730950 seconds, Stopping threads took: 0.0000570 seconds
284.228: Application time: 0.0248750 seconds
284.229: [Full GC [PSYoungGen: 138240K->32924K(161280K)] [ParOldGen: 367741K->367741K(368128K)] 505981K->400665K(529408K) [PSPermGen: 13648K->13648K(21504K)], 0.0736130 secs] [Times: user=0.52 sys=0.00, real=0.07 secs] 
284.302: Total time for which application threads were stopped: 0.0743060 seconds, Stopping threads took: 0.0000680 seconds
284.327: Application time: 0.0249160 seconds
284.328: [Full GC [PSYoungGen: 138240K->32938K(161280K)] [ParOldGen: 367741K->367741K(368128K)] 505981K->400680K(529408K) [PSPermGen: 13648K->13648K(21504K)], 0.0738600 secs] [Times: user=0.52 sys=0.00, real=0.07 secs] 
284.402: Total time for which application threads were stopped: 0.0744910 seconds, Stopping threads took: 0.0000760 seconds
284.427: Application time: 0.0249510 seconds
284.427: [Full GC [PSYoungGen: 138240K->32957K(161280K)] [ParOldGen: 367741K->367741K(368128K)] 505981K->400698K(529408K) [PSPermGen: 13648K->13648K(21504K)], 0.0771020 secs] [Times: user=0.55 sys=0.00, real=0.07 secs] 
284.504: Total time for which application threads were stopped: 0.0778370 seconds, Stopping threads took: 0.0000800 seconds
284.529: Application time: 0.0248280 seconds
284.530: [Full GC [PSYoungGen: 138240K->32972K(161280K)] [ParOldGen: 367741K->367741K(368128K)] 505981K->400713K(529408K) [PSPermGen: 13648K->13648K(21504K)], 0.0733750 secs] [Times: user=0.51 sys=0.00, real=0.07 secs] 
284.603: Total time for which application threads were stopped: 0.0740960 seconds, Stopping threads took: 0.0000960 seconds
284.628: Application time: 0.0249700 seconds
284.629: [Full GC [PSYoungGen: 138240K->32989K(161280K)] [ParOldGen: 367741K->367741K(368128K)] 505981K->400730K(529408K) [PSPermGen: 13648K->13648K(21504K)], 0.0739160 secs] [Times: user=0.52 sys=0.00, real=0.07 secs] 
284.703: Total time for which application threads were stopped: 0.0745830 seconds, Stopping threads took: 0.0001130 seconds
284.728: Application time: 0.0249850 seconds
284.729: [Full GC [PSYoungGen: 138240K->33002K(161280K)] [ParOldGen: 367741K->367741K(368128K)] 505981K->400744K(529408K) [PSPermGen: 13648K->13648K(21504K)], 0.0740020 secs] [Times: user=0.51 sys=0.01, real=0.07 secs] 
284.803: Total time for which application threads were stopped: 0.0747230 seconds, Stopping threads took: 0.0000900 seconds
284.828: Application time: 0.0251970 seconds
284.828: [Full GC [PSYoungGen: 138240K->32947K(161280K)] [ParOldGen: 367741K->367741K(368128K)] 505981K->400688K(529408K) [PSPermGen: 13648K->13648K(21504K)], 0.0740390 secs] [Times: user=0.52 sys=0.00, real=0.07 secs] 
284.903: Total time for which application threads were stopped: 0.0746700 seconds, Stopping threads took: 0.0000840 seconds
284.928: Application time: 0.0252380 seconds
284.928: [Full GC [PSYoungGen: 138240K->32962K(161280K)] [ParOldGen: 367741K->367741K(368128K)] 505981K->400703K(529408K) [PSPermGen: 13648K->13648K(21504K)], 0.0748820 secs] [Times: user=0.53 sys=0.00, real=0.07 secs] 
285.003: Total time for which application threads were stopped: 0.0756140 seconds, Stopping threads took: 0.0000730 seconds
285.028: Application time: 0.0249860 seconds
285.029: [Full GC [PSYoungGen: 138240K->32972K(161280K)] [ParOldGen: 367741K->367741K(368128K)] 505981K->400714K(529408K) [PSPermGen: 13648K->13648K(21504K)], 0.0738310 secs] [Times: user=0.52 sys=0.00, real=0.07 secs] 
285.103: Total time for which application threads were stopped: 0.0744840 seconds, Stopping threads took: 0.0000940 seconds
285.129: Application time: 0.0259160 seconds
285.129: [Full GC [PSYoungGen: 138240K->32991K(161280K)] [ParOldGen: 367741K->367741K(368128K)] 505981K->400732K(529408K) [PSPermGen: 13648K->13648K(21504K)], 0.0724890 secs] [Times: user=0.52 sys=0.00, real=0.07 secs] 
285.202: Total time for which application threads were stopped: 0.0731770 seconds, Stopping threads took: 0.0000780 seconds
285.228: Application time: 0.0257760 seconds
285.228: [Full GC [PSYoungGen: 138240K->32896K(161280K)] [ParOldGen: 367741K->367741K(368128K)] 505981K->400638K(529408K) [PSPermGen: 13650K->13650K(21504K)], 0.0735960 secs] [Times: user=0.51 sys=0.00, real=0.07 secs] 
285.302: Total time for which application threads were stopped: 0.0742230 seconds, Stopping threads took: 0.0000630 seconds
285.327: Application time: 0.0250260 seconds
285.328: [Full GC [PSYoungGen: 138240K->32883K(161280K)] [ParOldGen: 367741K->367741K(368128K)] 505981K->400624K(529408K) [PSPermGen: 13650K->13650K(21504K)], 0.0732910 secs] [Times: user=0.52 sys=0.00, real=0.07 secs] 
285.401: Total time for which application threads were stopped: 0.0739910 seconds, Stopping threads took: 0.0000590 seconds
285.426: Application time: 0.0249770 seconds
285.427: [Full GC [PSYoungGen: 138240K->32897K(161280K)] [ParOldGen: 367741K->367741K(368128K)] 505981K->400639K(529408K) [PSPermGen: 13650K->13650K(21504K)], 0.0729000 secs] [Times: user=0.51 sys=0.00, real=0.07 secs] 
285.500: Total time for which application threads were stopped: 0.0735950 seconds, Stopping threads took: 0.0000570 seconds
285.524: Application time: 0.0249130 seconds
285.525: [Full GC [PSYoungGen: 138240K->32911K(161280K)] [ParOldGen: 367741K->367741K(368128K)] 505981K->400653K(529408K) [PSPermGen: 13650K->13650K(21504K)], 0.0741230 secs] [Times: user=0.52 sys=0.00, real=0.08 secs] 
285.599: Total time for which application threads were stopped: 0.0747690 seconds, Stopping threads took: 0.0000670 seconds
285.624: Application time: 0.0251560 seconds
285.625: [Full GC [PSYoungGen: 138240K->32928K(161280K)] [ParOldGen: 367741K->367741K(368128K)] 505981K->400670K(529408K) [PSPermGen: 13650K->13650K(21504K)], 0.0737440 secs] [Times: user=0.51 sys=0.00, real=0.08 secs] 
285.699: Total time for which application threads were stopped: 0.0743740 seconds, Stopping threads took: 0.0000760 seconds
285.724: Application time: 0.0251780 seconds
285.725: [Full GC [PSYoungGen: 138240K->32940K(161280K)] [ParOldGen: 367741K->367741K(368128K)] 505981K->400681K(529408K) [PSPermGen: 13650K->13650K(21504K)], 0.0733480 secs] [Times: user=0.51 sys=0.00, real=0.08 secs] 
285.798: Total time for which application threads were stopped: 0.0740260 seconds, Stopping threads took: 0.0000580 seconds
285.823: Application time: 0.0251450 seconds
285.824: [Full GC [PSYoungGen: 138240K->32955K(161280K)] [ParOldGen: 367741K->367741K(368128K)] 505981K->400696K(529408K) [PSPermGen: 13650K->13650K(21504K)], 0.0731340 secs] [Times: user=0.52 sys=0.00, real=0.08 secs] 
285.897: Total time for which application threads were stopped: 0.0737370 seconds, Stopping threads took: 0.0000500 seconds
285.922: Application time: 0.0248660 seconds
285.922: [Full GC [PSYoungGen: 138240K->32972K(161280K)] [ParOldGen: 367741K->367741K(368128K)] 505981K->400713K(529408K) [PSPermGen: 13650K->13650K(21504K)], 0.0737470 secs] [Times: user=0.52 sys=0.00, real=0.08 secs] 
285.996: Total time for which application threads were stopped: 0.0743830 seconds, Stopping threads took: 0.0000730 seconds
286.021: Application time: 0.0251140 seconds
286.022: [Full GC [PSYoungGen: 138240K->32986K(161280K)] [ParOldGen: 367741K->367741K(368128K)] 505981K->400728K(529408K) [PSPermGen: 13650K->13650K(21504K)], 0.0765790 secs] [Times: user=0.54 sys=0.00, real=0.08 secs] 
286.098: Total time for which application threads were stopped: 0.0772220 seconds, Stopping threads took: 0.0000760 seconds
286.124: Application time: 0.0251630 seconds
286.124: [Full GC [PSYoungGen: 138240K->33001K(161280K)] [ParOldGen: 367741K->367741K(368128K)] 505981K->400743K(529408K) [PSPermGen: 13650K->13650K(21504K)], 0.0737750 secs] [Times: user=0.51 sys=0.00, real=0.08 secs] 
286.198: Total time for which application threads were stopped: 0.0745720 seconds, Stopping threads took: 0.0001010 seconds
286.223: Application time: 0.0251110 seconds
286.224: [Full GC [PSYoungGen: 138240K->33017K(161280K)] [ParOldGen: 367741K->367741K(368128K)] 505981K->400758K(529408K) [PSPermGen: 13650K->13650K(21504K)], 0.0731100 secs] [Times: user=0.52 sys=0.00, real=0.08 secs] 
286.297: Total time for which application threads were stopped: 0.0738390 seconds, Stopping threads took: 0.0001160 seconds
286.323: Application time: 0.0254030 seconds
286.323: [Full GC [PSYoungGen: 138240K->33032K(161280K)] [ParOldGen: 367741K->367741K(368128K)] 505981K->400773K(529408K) [PSPermGen: 13650K->13650K(21504K)], 0.0741270 secs] [Times: user=0.52 sys=0.01, real=0.08 secs] 
286.397: Total time for which application threads were stopped: 0.0748370 seconds, Stopping threads took: 0.0000760 seconds
286.423: Application time: 0.0251720 seconds
286.423: [Full GC [PSYoungGen: 138240K->33046K(161280K)] [ParOldGen: 367741K->367741K(368128K)] 505981K->400787K(529408K) [PSPermGen: 13650K->13650K(21504K)], 0.0740280 secs] [Times: user=0.51 sys=0.00, real=0.08 secs] 
286.497: Total time for which application threads were stopped: 0.0746980 seconds, Stopping threads took: 0.0001150 seconds
286.522: Application time: 0.0248490 seconds
286.523: [Full GC [PSYoungGen: 138240K->33063K(161280K)] [ParOldGen: 367741K->367741K(368128K)] 505981K->400804K(529408K) [PSPermGen: 13650K->13650K(21504K)], 0.0732350 secs] [Times: user=0.52 sys=0.00, real=0.08 secs] 
286.596: Total time for which application threads were stopped: 0.0738970 seconds, Stopping threads took: 0.0000600 seconds
286.621: Application time: 0.0253680 seconds
286.622: [Full GC [PSYoungGen: 138240K->33024K(161280K)] [ParOldGen: 367741K->367741K(368128K)] 505981K->400765K(529408K) [PSPermGen: 13650K->13650K(21504K)], 0.0740520 secs] [Times: user=0.52 sys=0.00, real=0.08 secs] 
286.696: Total time for which application threads were stopped: 0.0746860 seconds, Stopping threads took: 0.0000490 seconds
286.721: Application time: 0.0251630 seconds
286.722: [Full GC [PSYoungGen: 138240K->33022K(161280K)] [ParOldGen: 367741K->367741K(368128K)] 505981K->400764K(529408K) [PSPermGen: 13650K->13650K(21504K)], 0.0736740 secs] [Times: user=0.52 sys=0.00, real=0.08 secs] 
286.796: Total time for which application threads were stopped: 0.0743230 seconds, Stopping threads took: 0.0000600 seconds
286.821: Application time: 0.0253790 seconds
286.822: [Full GC [PSYoungGen: 138240K->33037K(161280K)] [ParOldGen: 367741K->367741K(368128K)] 505981K->400778K(529408K) [PSPermGen: 13650K->13650K(21504K)], 0.0732410 secs] [Times: user=0.52 sys=0.00, real=0.08 secs] 
286.895: Total time for which application threads were stopped: 0.0739550 seconds, Stopping threads took: 0.0000700 seconds
286.920: Application time: 0.0249820 seconds
286.920: [Full GC [PSYoungGen: 138240K->33053K(161280K)] [ParOldGen: 367741K->367741K(368128K)] 505981K->400794K(529408K) [PSPermGen: 13650K->13650K(21504K)], 0.0737090 secs] [Times: user=0.52 sys=0.00, real=0.08 secs] 
286.994: Total time for which application threads were stopped: 0.0742970 seconds, Stopping threads took: 0.0000380 seconds
287.019: Application time: 0.0249370 seconds
287.020: [Full GC [PSYoungGen: 138240K->33070K(161280K)] [ParOldGen: 367741K->367741K(368128K)] 505981K->400811K(529408K) [PSPermGen: 13650K->13650K(21504K)], 0.0743070 secs] [Times: user=0.50 sys=0.00, real=0.08 secs] 
287.094: Total time for which application threads were stopped: 0.0749330 seconds, Stopping threads took: 0.0000480 seconds
287.119: Application time: 0.0252810 seconds
287.120: [Full GC [PSYoungGen: 138240K->32975K(161280K)] [ParOldGen: 367741K->367741K(368128K)] 505981K->400716K(529408K) [PSPermGen: 13650K->13650K(21504K)], 0.0736420 secs] [Times: user=0.52 sys=0.00, real=0.08 secs] 
287.194: Total time for which application threads were stopped: 0.0743830 seconds, Stopping threads took: 0.0001140 seconds
287.219: Application time: 0.0252710 seconds
287.220: [Full GC [PSYoungGen: 138240K->32901K(161280K)] [ParOldGen: 367741K->367741K(368128K)] 505981K->400642K(529408K) [PSPermGen: 13650K->13650K(21504K)], 0.0742310 secs] [Times: user=0.52 sys=0.00, real=0.08 secs] 
287.294: Total time for which application threads were stopped: 0.0748700 seconds, Stopping threads took: 0.0000840 seconds
287.319: Application time: 0.0251440 seconds
287.320: [Full GC [PSYoungGen: 138240K->32902K(161280K)] [ParOldGen: 367741K->367741K(368128K)] 505981K->400643K(529408K) [PSPermGen: 13650K->13650K(21504K)], 0.0737920 secs] [Times: user=0.52 sys=0.00, real=0.07 secs] 
287.393: Total time for which application threads were stopped: 0.0744210 seconds, Stopping threads took: 0.0000570 seconds
287.418: Application time: 0.0248270 seconds
287.419: [Full GC [PSYoungGen: 138240K->32917K(161280K)] [ParOldGen: 367741K->367741K(368128K)] 505981K->400658K(529408K) [PSPermGen: 13650K->13650K(21504K)], 0.0727240 secs] [Times: user=0.51 sys=0.00, real=0.07 secs] 
287.492: Total time for which application threads were stopped: 0.0733980 seconds, Stopping threads took: 0.0000740 seconds
287.517: Application time: 0.0252990 seconds
287.518: [Full GC [PSYoungGen: 138240K->32932K(161280K)] [ParOldGen: 367741K->367741K(368128K)] 505981K->400674K(529408K) [PSPermGen: 13650K->13650K(21504K)], 0.0737180 secs] [Times: user=0.51 sys=0.00, real=0.07 secs] 
287.591: Total time for which application threads were stopped: 0.0743230 seconds, Stopping threads took: 0.0000350 seconds
287.617: Application time: 0.0252660 seconds
287.617: [Full GC [PSYoungGen: 138240K->32947K(161280K)] [ParOldGen: 367741K->367741K(368128K)] 505981K->400688K(529408K) [PSPermGen: 13650K->13650K(21504K)], 0.0735460 secs] [Times: user=0.51 sys=0.00, real=0.07 secs] 
287.691: Total time for which application threads were stopped: 0.0741760 seconds, Stopping threads took: 0.0000760 seconds
287.716: Application time: 0.0254330 seconds
287.717: [Full GC [PSYoungGen: 138240K->32906K(161280K)] [ParOldGen: 367741K->367741K(368128K)] 505981K->400647K(529408K) [PSPermGen: 13650K->13650K(21504K)], 0.0733070 secs] [Times: user=0.52 sys=0.00, real=0.07 secs] 
287.790: Total time for which application threads were stopped: 0.0740080 seconds, Stopping threads took: 0.0000680 seconds
287.815: Application time: 0.0249700 seconds
287.816: [Full GC [PSYoungGen: 138240K->32907K(161280K)] [ParOldGen: 367741K->367741K(368128K)] 505981K->400649K(529408K) [PSPermGen: 13650K->13650K(21504K)], 0.0732080 secs] [Times: user=0.52 sys=0.00, real=0.07 secs] 
287.889: Total time for which application threads were stopped: 0.0738630 seconds, Stopping threads took: 0.0000790 seconds
287.914: Application time: 0.0250760 seconds
287.915: [Full GC [PSYoungGen: 138240K->32920K(161280K)] [ParOldGen: 367741K->367741K(368128K)] 505981K->400661K(529408K) [PSPermGen: 13650K->13650K(21504K)], 0.0763160 secs] [Times: user=0.54 sys=0.00, real=0.07 secs] 
287.991: Total time for which application threads were stopped: 0.0770510 seconds, Stopping threads took: 0.0000790 seconds
288.016: Application time: 0.0248120 seconds
288.017: [Full GC [PSYoungGen: 138240K->32938K(161280K)] [ParOldGen: 367741K->367741K(368128K)] 505981K->400679K(529408K) [PSPermGen: 13650K->13650K(21504K)], 0.0735680 secs] [Times: user=0.52 sys=0.00, real=0.07 secs] 
288.090: Total time for which application threads were stopped: 0.0741750 seconds, Stopping threads took: 0.0000480 seconds
288.115: Application time: 0.0251330 seconds
288.116: [Full GC [PSYoungGen: 138240K->32953K(161280K)] [ParOldGen: 367741K->367741K(368128K)] 505981K->400694K(529408K) [PSPermGen: 13650K->13650K(21504K)], 0.0747060 secs] [Times: user=0.52 sys=0.00, real=0.07 secs] 
288.191: Total time for which application threads were stopped: 0.0753230 seconds, Stopping threads took: 0.0000630 seconds
288.216: Application time: 0.0250980 seconds
288.216: [Full GC [PSYoungGen: 138240K->32969K(161280K)] [ParOldGen: 367741K->367741K(368128K)] 505981K->400710K(529408K) [PSPermGen: 13650K->13650K(21504K)], 0.0736330 secs] [Times: user=0.52 sys=0.00, real=0.07 secs] 
288.290: Total time for which application threads were stopped: 0.0743460 seconds, Stopping threads took: 0.0000850 seconds
288.315: Application time: 0.0251300 seconds
288.316: [Full GC [PSYoungGen: 138240K->32982K(161280K)] [ParOldGen: 367741K->367741K(368128K)] 505981K->400724K(529408K) [PSPermGen: 13650K->13650K(21504K)], 0.0734860 secs] [Times: user=0.52 sys=0.00, real=0.07 secs] 
288.389: Total time for which application threads were stopped: 0.0741790 seconds, Stopping threads took: 0.0000430 seconds
288.414: Application time: 0.0249940 seconds
288.415: [Full GC [PSYoungGen: 138240K->32999K(161280K)] [ParOldGen: 367741K->367741K(368128K)] 505981K->400741K(529408K) [PSPermGen: 13650K->13650K(21504K)], 0.0731050 secs] [Times: user=0.51 sys=0.00, real=0.07 secs] 
288.488: Total time for which application threads were stopped: 0.0738200 seconds, Stopping threads took: 0.0000810 seconds
288.513: Application time: 0.0250530 seconds
288.514: [Full GC [PSYoungGen: 138240K->33014K(161280K)] [ParOldGen: 367741K->367741K(368128K)] 505981K->400755K(529408K) [PSPermGen: 13650K->13650K(21504K)], 0.0733020 secs] [Times: user=0.52 sys=0.00, real=0.07 secs] 
288.587: Total time for which application threads were stopped: 0.0740230 seconds, Stopping threads took: 0.0000630 seconds
288.614: Application time: 0.0262590 seconds
288.614: [Full GC [PSYoungGen: 138240K->33029K(161280K)] [ParOldGen: 367741K->367741K(368128K)] 505981K->400770K(529408K) [PSPermGen: 13650K->13650K(21504K)], 0.0738850 secs] [Times: user=0.52 sys=0.00, real=0.07 secs] 
288.688: Total time for which application threads were stopped: 0.0745080 seconds, Stopping threads took: 0.0000700 seconds
288.714: Application time: 0.0260170 seconds
288.715: [Full GC [PSYoungGen: 138240K->32879K(161280K)] [ParOldGen: 367741K->367741K(368128K)] 505981K->400620K(529408K) [PSPermGen: 13650K->13650K(21504K)], 0.0728770 secs] [Times: user=0.51 sys=0.00, real=0.07 secs] 
288.788: Total time for which application threads were stopped: 0.0735490 seconds, Stopping threads took: 0.0000520 seconds
288.813: Application time: 0.0249860 seconds
288.813: [Full GC [PSYoungGen: 138240K->32847K(161280K)] [ParOldGen: 367741K->367741K(368128K)] 505981K->400588K(529408K) [PSPermGen: 13650K->13650K(21504K)], 0.0744160 secs] [Times: user=0.53 sys=0.00, real=0.08 secs] 
288.888: Total time for which application threads were stopped: 0.0750430 seconds, Stopping threads took: 0.0000710 seconds
288.913: Application time: 0.0252090 seconds
288.914: [Full GC [PSYoungGen: 138240K->32860K(161280K)] [ParOldGen: 367741K->367741K(368128K)] 505981K->400602K(529408K) [PSPermGen: 13650K->13650K(21504K)], 0.0728830 secs] [Times: user=0.51 sys=0.00, real=0.07 secs] 
288.987: Total time for which application threads were stopped: 0.0735890 seconds, Stopping threads took: 0.0000740 seconds
289.012: Application time: 0.0251280 seconds
289.012: [Full GC [PSYoungGen: 138240K->32875K(161280K)] [ParOldGen: 367741K->367741K(368128K)] 505981K->400616K(529408K) [PSPermGen: 13650K->13650K(21504K)], 0.0731790 secs] [Times: user=0.52 sys=0.01, real=0.07 secs] 
289.086: Total time for which application threads were stopped: 0.0739120 seconds, Stopping threads took: 0.0000780 seconds
289.111: Application time: 0.0251920 seconds
289.111: [Full GC [PSYoungGen: 138240K->32894K(161280K)] [ParOldGen: 367741K->367741K(368128K)] 505981K->400635K(529408K) [PSPermGen: 13650K->13650K(21504K)], 0.0737670 secs] [Times: user=0.52 sys=0.00, real=0.07 secs] 
289.185: Total time for which application threads were stopped: 0.0744110 seconds, Stopping threads took: 0.0000560 seconds
289.210: Application time: 0.0252280 seconds
289.211: [Full GC [PSYoungGen: 138240K->32906K(161280K)] [ParOldGen: 367741K->367741K(368128K)] 505981K->400647K(529408K) [PSPermGen: 13650K->13650K(21504K)], 0.0732930 secs] [Times: user=0.52 sys=0.00, real=0.07 secs] 
289.284: Total time for which application threads were stopped: 0.0740060 seconds, Stopping threads took: 0.0000760 seconds
289.309: Application time: 0.0250220 seconds
289.310: [Full GC [PSYoungGen: 138240K->32921K(161280K)] [ParOldGen: 367741K->367741K(368128K)] 505981K->400663K(529408K) [PSPermGen: 13650K->13650K(21504K)], 0.0737850 secs] [Times: user=0.52 sys=0.00, real=0.07 secs] 
289.384: Total time for which application threads were stopped: 0.0744690 seconds, Stopping threads took: 0.0000590 seconds
289.409: Application time: 0.0252390 seconds
289.410: [Full GC [PSYoungGen: 138240K->32937K(161280K)] [ParOldGen: 367741K->367741K(368128K)] 505981K->400678K(529408K) [PSPermGen: 13650K->13650K(21504K)], 0.0741930 secs] [Times: user=0.52 sys=0.00, real=0.07 secs] 
289.484: Total time for which application threads were stopped: 0.0748210 seconds, Stopping threads took: 0.0000650 seconds
289.509: Application time: 0.0250160 seconds
289.510: [Full GC [PSYoungGen: 138240K->32951K(161280K)] [ParOldGen: 367741K->367741K(368128K)] 505981K->400692K(529408K) [PSPermGen: 13650K->13650K(21504K)], 0.0736230 secs] [Times: user=0.52 sys=0.00, real=0.07 secs] 
289.583: Total time for which application threads were stopped: 0.0743330 seconds, Stopping threads took: 0.0000670 seconds
289.608: Application time: 0.0251750 seconds
289.609: [Full GC [PSYoungGen: 138240K->32962K(161280K)] [ParOldGen: 367741K->367741K(368128K)] 505981K->400703K(529408K) [PSPermGen: 13650K->13650K(21504K)], 0.0747400 secs] [Times: user=0.52 sys=0.00, real=0.07 secs] 
289.684: Total time for which application threads were stopped: 0.0753810 seconds, Stopping threads took: 0.0000600 seconds
289.709: Application time: 0.0251150 seconds
289.710: [Full GC [PSYoungGen: 138240K->32982K(161280K)] [ParOldGen: 367741K->367741K(368128K)] 505981K->400723K(529408K) [PSPermGen: 13650K->13650K(21504K)], 0.0734060 secs] [Times: user=0.51 sys=0.00, real=0.07 secs] 
289.783: Total time for which application threads were stopped: 0.0741570 seconds, Stopping threads took: 0.0000890 seconds
289.808: Application time: 0.0249770 seconds
289.809: [Full GC [PSYoungGen: 138240K->32996K(161280K)] [ParOldGen: 367741K->367741K(368128K)] 505981K->400737K(529408K) [PSPermGen: 13650K->13650K(21504K)], 0.0736690 secs] [Times: user=0.52 sys=0.00, real=0.07 secs] 
289.882: Total time for which application threads were stopped: 0.0743210 seconds, Stopping threads took: 0.0001010 seconds
289.908: Application time: 0.0252800 seconds
289.908: [Full GC [PSYoungGen: 138240K->33010K(161280K)] [ParOldGen: 367741K->367741K(368128K)] 505981K->400752K(529408K) [PSPermGen: 13650K->13650K(21504K)], 0.0732900 secs] [Times: user=0.51 sys=0.00, real=0.07 secs] 
289.982: Total time for which application threads were stopped: 0.0739810 seconds, Stopping threads took: 0.0000670 seconds
290.007: Application time: 0.0250890 seconds
290.007: [Full GC [PSYoungGen: 138240K->33027K(161280K)] [ParOldGen: 367741K->367741K(368128K)] 505981K->400768K(529408K) [PSPermGen: 13650K->13650K(21504K)], 0.0736470 secs] [Times: user=0.52 sys=0.00, real=0.07 secs] 
290.081: Total time for which application threads were stopped: 0.0742770 seconds, Stopping threads took: 0.0000800 seconds
290.106: Application time: 0.0249670 seconds
290.107: [Full GC [PSYoungGen: 138240K->33041K(161280K)] [ParOldGen: 367741K->367741K(368128K)] 505981K->400782K(529408K) [PSPermGen: 13650K->13650K(21504K)], 0.0756230 secs] [Times: user=0.52 sys=0.00, real=0.07 secs] 
290.182: Total time for which application threads were stopped: 0.0762730 seconds, Stopping threads took: 0.0000970 seconds
290.207: Application time: 0.0248710 seconds
290.208: [Full GC [PSYoungGen: 138240K->33054K(161280K)] [ParOldGen: 367741K->367741K(368128K)] 505981K->400795K(529408K) [PSPermGen: 13650K->13650K(21504K)], 0.0737520 secs] [Times: user=0.52 sys=0.00, real=0.07 secs] 
290.282: Total time for which application threads were stopped: 0.0744830 seconds, Stopping threads took: 0.0001020 seconds
290.307: Application time: 0.0253290 seconds
290.308: [Full GC [PSYoungGen: 138240K->33018K(161280K)] [ParOldGen: 367741K->367741K(368128K)] 505981K->400759K(529408K) [PSPermGen: 13650K->13650K(21504K)], 0.0737140 secs] [Times: user=0.52 sys=0.00, real=0.07 secs] 
290.381: Total time for which application threads were stopped: 0.0743760 seconds, Stopping threads took: 0.0000680 seconds
290.406: Application time: 0.0250680 seconds
290.407: [Full GC [PSYoungGen: 138240K->33017K(161280K)] [ParOldGen: 367741K->367741K(368128K)] 505981K->400759K(529408K) [PSPermGen: 13650K->13650K(21504K)], 0.0743590 secs] [Times: user=0.52 sys=0.00, real=0.07 secs] 
290.482: Total time for which application threads were stopped: 0.0750830 seconds, Stopping threads took: 0.0000700 seconds
290.507: Application time: 0.0249430 seconds
290.507: [Full GC [PSYoungGen: 138240K->33033K(161280K)] [ParOldGen: 367741K->367741K(368128K)] 505981K->400774K(529408K) [PSPermGen: 13650K->13650K(21504K)], 0.0740170 secs] [Times: user=0.51 sys=0.00, real=0.07 secs] 
290.581: Total time for which application threads were stopped: 0.0746470 seconds, Stopping threads took: 0.0000740 seconds
290.606: Application time: 0.0251150 seconds
290.607: [Full GC [PSYoungGen: 138240K->33047K(161280K)] [ParOldGen: 367741K->367741K(368128K)] 505981K->400789K(529408K) [PSPermGen: 13650K->13650K(21504K)], 0.0735750 secs] [Times: user=0.52 sys=0.00, real=0.07 secs] 
290.681: Total time for which application threads were stopped: 0.0742460 seconds, Stopping threads took: 0.0000510 seconds
290.705: Application time: 0.0248890 seconds
290.706: [Full GC [PSYoungGen: 138240K->33063K(161280K)] [ParOldGen: 367741K->367741K(368128K)] 505981K->400804K(529408K) [PSPermGen: 13650K->13650K(21504K)], 0.0743020 secs] [Times: user=0.52 sys=0.00, real=0.07 secs] 
290.780: Total time for which application threads were stopped: 0.0749560 seconds, Stopping threads took: 0.0000990 seconds
290.806: Application time: 0.0255420 seconds
290.807: [Full GC [PSYoungGen: 138240K->33024K(161280K)] [ParOldGen: 367741K->367741K(368128K)] 505981K->400765K(529408K) [PSPermGen: 13650K->13650K(21504K)], 0.0733420 secs] [Times: user=0.52 sys=0.00, real=0.07 secs] 
290.880: Total time for which application threads were stopped: 0.0740650 seconds, Stopping threads took: 0.0000680 seconds
290.905: Application time: 0.0254760 seconds
290.906: [Full GC [PSYoungGen: 138240K->32960K(161280K)] [ParOldGen: 367741K->367741K(368128K)] 505981K->400701K(529408K) [PSPermGen: 13650K->13650K(21504K)], 0.0732340 secs] [Times: user=0.51 sys=0.00, real=0.07 secs] 
290.979: Total time for which application threads were stopped: 0.0739730 seconds, Stopping threads took: 0.0000840 seconds
291.005: Application time: 0.0252380 seconds
291.005: [Full GC [PSYoungGen: 138240K->32911K(161280K)] [ParOldGen: 367741K->367741K(368128K)] 505981K->400652K(529408K) [PSPermGen: 13650K->13650K(21504K)], 0.0727420 secs] [Times: user=0.52 sys=0.00, real=0.08 secs] 
291.078: Total time for which application threads were stopped: 0.0734660 seconds, Stopping threads took: 0.0001070 seconds
291.103: Application time: 0.0250930 seconds
291.104: [Full GC [PSYoungGen: 138240K->32912K(161280K)] [ParOldGen: 367741K->367741K(368128K)] 505981K->400653K(529408K) [PSPermGen: 13650K->13650K(21504K)], 0.0737800 secs] [Times: user=0.52 sys=0.00, real=0.08 secs] 
291.178: Total time for which application threads were stopped: 0.0744820 seconds, Stopping threads took: 0.0000610 seconds
291.203: Application time: 0.0249190 seconds
291.203: [Full GC [PSYoungGen: 138240K->32928K(161280K)] [ParOldGen: 367741K->367741K(368128K)] 505981K->400669K(529408K) [PSPermGen: 13650K->13650K(21504K)], 0.0735980 secs] [Times: user=0.51 sys=0.00, real=0.08 secs] 
291.277: Total time for which application threads were stopped: 0.0742940 seconds, Stopping threads took: 0.0000610 seconds
291.302: Application time: 0.0250900 seconds
291.303: [Full GC [PSYoungGen: 138240K->32942K(161280K)] [ParOldGen: 367741K->367741K(368128K)] 505981K->400684K(529408K) [PSPermGen: 13650K->13650K(21504K)], 0.0732600 secs] [Times: user=0.52 sys=0.00, real=0.08 secs] 
291.376: Total time for which application threads were stopped: 0.0739380 seconds, Stopping threads took: 0.0000640 seconds
291.401: Application time: 0.0249570 seconds
291.402: [Full GC [PSYoungGen: 138240K->32956K(161280K)] [ParOldGen: 367741K->367741K(368128K)] 505981K->400698K(529408K) [PSPermGen: 13650K->13650K(21504K)], 0.0737300 secs] [Times: user=0.52 sys=0.00, real=0.08 secs] 
291.475: Total time for which application threads were stopped: 0.0744270 seconds, Stopping threads took: 0.0000610 seconds
291.500: Application time: 0.0249080 seconds
291.501: [Full GC [PSYoungGen: 138240K->32971K(161280K)] [ParOldGen: 367741K->367741K(368128K)] 505981K->400713K(529408K) [PSPermGen: 13650K->13650K(21504K)], 0.0733510 secs] [Times: user=0.51 sys=0.00, real=0.08 secs] 
291.574: Total time for which application threads were stopped: 0.0740070 seconds, Stopping threads took: 0.0000860 seconds
291.600: Application time: 0.0252610 seconds
291.600: [Full GC [PSYoungGen: 138240K->32920K(161280K)] [ParOldGen: 367741K->367741K(368128K)] 505981K->400662K(529408K) [PSPermGen: 13650K->13650K(21504K)], 0.0744880 secs] [Times: user=0.52 sys=0.00, real=0.08 secs] 
291.675: Total time for which application threads were stopped: 0.0751800 seconds, Stopping threads took: 0.0000600 seconds
291.700: Application time: 0.0249470 seconds
291.700: [Full GC [PSYoungGen: 138240K->32932K(161280K)] [ParOldGen: 367741K->367741K(368128K)] 505981K->400673K(529408K) [PSPermGen: 13650K->13650K(21504K)], 0.0735060 secs] [Times: user=0.52 sys=0.00, real=0.08 secs] 
291.774: Total time for which application threads were stopped: 0.0742270 seconds, Stopping threads took: 0.0000700 seconds
291.799: Application time: 0.0249840 seconds
291.799: [Full GC [PSYoungGen: 138240K->32948K(161280K)] [ParOldGen: 367741K->367741K(368128K)] 505981K->400690K(529408K) [PSPermGen: 13650K->13650K(21504K)], 0.0738870 secs] [Times: user=0.52 sys=0.00, real=0.07 secs] 
291.873: Total time for which application threads were stopped: 0.0744990 seconds, Stopping threads took: 0.0000580 seconds
291.898: Application time: 0.0248450 seconds
291.899: [Full GC [PSYoungGen: 138240K->32963K(161280K)] [ParOldGen: 367741K->367741K(368128K)] 505981K->400705K(529408K) [PSPermGen: 13650K->13650K(21504K)], 0.0742110 secs] [Times: user=0.52 sys=0.00, real=0.07 secs] 
291.973: Total time for which application threads were stopped: 0.0748550 seconds, Stopping threads took: 0.0000530 seconds
291.998: Application time: 0.0249130 seconds
291.999: [Full GC [PSYoungGen: 138240K->32978K(161280K)] [ParOldGen: 367741K->367741K(368128K)] 505981K->400719K(529408K) [PSPermGen: 13650K->13650K(21504K)], 0.0736140 secs] [Times: user=0.52 sys=0.00, real=0.07 secs] 
292.072: Total time for which application threads were stopped: 0.0742860 seconds, Stopping threads took: 0.0000480 seconds
292.097: Application time: 0.0249150 seconds
292.098: [Full GC [PSYoungGen: 138240K->32989K(161280K)] [ParOldGen: 367741K->367741K(368128K)] 505981K->400730K(529408K) [PSPermGen: 13650K->13650K(21504K)], 0.0736990 secs] [Times: user=0.52 sys=0.01, real=0.07 secs] 
292.172: Total time for which application threads were stopped: 0.0744300 seconds, Stopping threads took: 0.0000650 seconds
292.197: Application time: 0.0252270 seconds
292.198: [Full GC [PSYoungGen: 138240K->33007K(161280K)] [ParOldGen: 367741K->367741K(368128K)] 505981K->400749K(529408K) [PSPermGen: 13650K->13650K(21504K)], 0.0741850 secs] [Times: user=0.50 sys=0.01, real=0.07 secs] 
292.272: Total time for which application threads were stopped: 0.0748240 seconds, Stopping threads took: 0.0000880 seconds
292.297: Application time: 0.0256430 seconds
292.298: [Full GC [PSYoungGen: 138240K->32913K(161280K)] [ParOldGen: 367741K->367741K(368128K)] 505981K->400655K(529408K) [PSPermGen: 13650K->13650K(21504K)], 0.0735580 secs] [Times: user=0.51 sys=0.00, real=0.07 secs] 
292.372: Total time for which application threads were stopped: 0.0742800 seconds, Stopping threads took: 0.0000860 seconds
292.397: Application time: 0.0249790 seconds
292.397: [Full GC [PSYoungGen: 138240K->32898K(161280K)] [ParOldGen: 367741K->367741K(368128K)] 505981K->400639K(529408K) [PSPermGen: 13650K->13650K(21504K)], 0.0732400 secs] [Times: user=0.52 sys=0.00, real=0.07 secs] 
292.471: Total time for which application threads were stopped: 0.0738610 seconds, Stopping threads took: 0.0000670 seconds
292.496: Application time: 0.0250590 seconds
292.496: [Full GC [PSYoungGen: 138240K->32857K(161280K)] [ParOldGen: 367741K->367741K(368128K)] 505981K->400598K(529408K) [PSPermGen: 13650K->13650K(21504K)], 0.0731420 secs] [Times: user=0.51 sys=0.00, real=0.07 secs] 
292.569: Total time for which application threads were stopped: 0.0738150 seconds, Stopping threads took: 0.0000650 seconds
292.594: Application time: 0.0247720 seconds
292.595: [Full GC [PSYoungGen: 138240K->32855K(161280K)] [ParOldGen: 367741K->367741K(368128K)] 505981K->400596K(529408K) [PSPermGen: 13650K->13650K(21504K)], 0.0733330 secs] [Times: user=0.51 sys=0.00, real=0.07 secs] 
292.668: Total time for which application threads were stopped: 0.0739550 seconds, Stopping threads took: 0.0000670 seconds
292.693: Application time: 0.0251690 seconds
292.694: [Full GC [PSYoungGen: 138240K->32869K(161280K)] [ParOldGen: 367741K->367741K(368128K)] 505981K->400610K(529408K) [PSPermGen: 13650K->13650K(21504K)], 0.0733940 secs] [Times: user=0.51 sys=0.00, real=0.07 secs] 
292.767: Total time for which application threads were stopped: 0.0740940 seconds, Stopping threads took: 0.0000630 seconds
292.792: Application time: 0.0248590 seconds
292.793: [Full GC [PSYoungGen: 138240K->32885K(161280K)] [ParOldGen: 367741K->367741K(368128K)] 505981K->400627K(529408K) [PSPermGen: 13650K->13650K(21504K)], 0.0732540 secs] [Times: user=0.52 sys=0.00, real=0.08 secs] 
292.866: Total time for which application threads were stopped: 0.0738600 seconds, Stopping threads took: 0.0000490 seconds
292.891: Application time: 0.0250280 seconds
292.892: [Full GC [PSYoungGen: 138240K->32901K(161280K)] [ParOldGen: 367741K->367741K(368128K)] 505981K->400642K(529408K) [PSPermGen: 13650K->13650K(21504K)], 0.0736130 secs] [Times: user=0.52 sys=0.00, real=0.07 secs] 
292.965: Total time for which application threads were stopped: 0.0742220 seconds, Stopping threads took: 0.0000510 seconds
292.990: Application time: 0.0248150 seconds
292.991: [Full GC [PSYoungGen: 138240K->32917K(161280K)] [ParOldGen: 367741K->367741K(368128K)] 505981K->400658K(529408K) [PSPermGen: 13650K->13650K(21504K)], 0.0732930 secs] [Times: user=0.52 sys=0.00, real=0.07 secs] 
293.064: Total time for which application threads were stopped: 0.0740100 seconds, Stopping threads took: 0.0000770 seconds
293.089: Application time: 0.0248720 seconds
293.090: [Full GC [PSYoungGen: 138240K->32934K(161280K)] [ParOldGen: 367741K->367741K(368128K)] 505981K->400676K(529408K) [PSPermGen: 13650K->13650K(21504K)], 0.0741260 secs] [Times: user=0.51 sys=0.00, real=0.07 secs] 
293.164: Total time for which application threads were stopped: 0.0748210 seconds, Stopping threads took: 0.0000700 seconds
293.189: Application time: 0.0251190 seconds
293.190: [Full GC [PSYoungGen: 138240K->32947K(161280K)] [ParOldGen: 367741K->367741K(368128K)] 505981K->400688K(529408K) [PSPermGen: 13650K->13650K(21504K)], 0.0738030 secs] [Times: user=0.52 sys=0.00, real=0.07 secs] 
293.263: Total time for which application threads were stopped: 0.0744250 seconds, Stopping threads took: 0.0000590 seconds
293.288: Application time: 0.0248160 seconds
293.289: [Full GC [PSYoungGen: 138240K->32962K(161280K)] [ParOldGen: 367741K->367741K(368128K)] 505981K->400704K(529408K) [PSPermGen: 13650K->13650K(21504K)], 0.0738890 secs] [Times: user=0.53 sys=0.00, real=0.07 secs] 
293.363: Total time for which application threads were stopped: 0.0745980 seconds, Stopping threads took: 0.0000540 seconds
293.388: Application time: 0.0250580 seconds
293.389: [Full GC [PSYoungGen: 138240K->32977K(161280K)] [ParOldGen: 367741K->367741K(368128K)] 505981K->400718K(529408K) [PSPermGen: 13650K->13650K(21504K)], 0.0734430 secs] [Times: user=0.51 sys=0.00, real=0.07 secs] 
293.462: Total time for which application threads were stopped: 0.0741510 seconds, Stopping threads took: 0.0000760 seconds
293.487: Application time: 0.0251490 seconds
293.488: [Full GC [PSYoungGen: 138240K->32992K(161280K)] [ParOldGen: 367741K->367741K(368128K)] 505981K->400733K(529408K) [PSPermGen: 13650K->13650K(21504K)], 0.0733370 secs] [Times: user=0.52 sys=0.00, real=0.07 secs] 
293.561: Total time for which application threads were stopped: 0.0740290 seconds, Stopping threads took: 0.0000560 seconds
293.586: Application time: 0.0251600 seconds
293.587: [Full GC [PSYoungGen: 138240K->33006K(161280K)] [ParOldGen: 367741K->367741K(368128K)] 505981K->400748K(529408K) [PSPermGen: 13650K->13650K(21504K)], 0.0736580 secs] [Times: user=0.51 sys=0.00, real=0.07 secs] 
293.661: Total time for which application threads were stopped: 0.0743070 seconds, Stopping threads took: 0.0000840 seconds
293.686: Application time: 0.0250700 seconds
293.686: [Full GC [PSYoungGen: 138240K->33022K(161280K)] [ParOldGen: 367741K->367741K(368128K)] 505981K->400763K(529408K) [PSPermGen: 13650K->13650K(21504K)], 0.0736090 secs] [Times: user=0.52 sys=0.00, real=0.07 secs] 
293.760: Total time for which application threads were stopped: 0.0742710 seconds, Stopping threads took: 0.0000890 seconds
293.785: Application time: 0.0251880 seconds
293.786: [Full GC [PSYoungGen: 138240K->33037K(161280K)] [ParOldGen: 367741K->367741K(368128K)] 505981K->400778K(529408K) [PSPermGen: 13650K->13650K(21504K)], 0.0730750 secs] [Times: user=0.52 sys=0.00, real=0.07 secs] 
293.859: Total time for which application threads were stopped: 0.0737970 seconds, Stopping threads took: 0.0000820 seconds
293.884: Application time: 0.0249780 seconds
293.885: [Full GC [PSYoungGen: 138240K->33051K(161280K)] [ParOldGen: 367741K->367741K(368128K)] 505981K->400793K(529408K) [PSPermGen: 13650K->13650K(21504K)], 0.0734730 secs] [Times: user=0.52 sys=0.00, real=0.08 secs] 
293.958: Total time for which application threads were stopped: 0.0742030 seconds, Stopping threads took: 0.0000690 seconds
293.984: Application time: 0.0253810 seconds
293.984: [Full GC [PSYoungGen: 138240K->33067K(161280K)] [ParOldGen: 367741K->367741K(368128K)] 505981K->400808K(529408K) [PSPermGen: 13650K->13650K(21504K)], 0.0733480 secs] [Times: user=0.52 sys=0.00, real=0.08 secs] 
294.058: Total time for which application threads were stopped: 0.0740460 seconds, Stopping threads took: 0.0000660 seconds
294.083: Application time: 0.0252820 seconds
294.084: [Full GC [PSYoungGen: 138240K->33026K(161280K)] [ParOldGen: 367741K->367741K(368128K)] 505981K->400768K(529408K) [PSPermGen: 13650K->13650K(21504K)], 0.0730350 secs] [Times: user=0.51 sys=0.00, real=0.08 secs] 
294.157: Total time for which application threads were stopped: 0.0736840 seconds, Stopping threads took: 0.0000540 seconds
294.182: Application time: 0.0250520 seconds
294.182: [Full GC [PSYoungGen: 138240K->33028K(161280K)] [ParOldGen: 367741K->367741K(368128K)] 505981K->400770K(529408K) [PSPermGen: 13650K->13650K(21504K)], 0.0735780 secs] [Times: user=0.52 sys=0.00, real=0.08 secs] 
294.256: Total time for which application threads were stopped: 0.0742100 seconds, Stopping threads took: 0.0000790 seconds
294.282: Application time: 0.0255950 seconds
294.282: [Full GC [PSYoungGen: 138240K->33044K(161280K)] [ParOldGen: 367741K->367741K(368128K)] 505981K->400785K(529408K) [PSPermGen: 13650K->13650K(21504K)], 0.0733640 secs] [Times: user=0.51 sys=0.00, real=0.08 secs] 
294.356: Total time for which application threads were stopped: 0.0740630 seconds, Stopping threads took: 0.0000610 seconds
294.381: Application time: 0.0251560 seconds
294.381: [Full GC [PSYoungGen: 138240K->33055K(161280K)] [ParOldGen: 367741K->367741K(368128K)] 505981K->400797K(529408K) [PSPermGen: 13650K->13650K(21504K)], 0.0738610 secs] [Times: user=0.52 sys=0.00, real=0.08 secs] 
294.455: Total time for which application threads were stopped: 0.0744960 seconds, Stopping threads took: 0.0000790 seconds
294.481: Application time: 0.0254590 seconds
294.481: [Full GC [PSYoungGen: 138240K->33069K(161280K)] [ParOldGen: 367741K->367741K(368128K)] 505981K->400811K(529408K) [PSPermGen: 13650K->13650K(21504K)], 0.0747240 secs] [Times: user=0.53 sys=0.00, real=0.08 secs] 
294.556: Total time for which application threads were stopped: 0.0754430 seconds, Stopping threads took: 0.0000720 seconds
294.581: Application time: 0.0253300 seconds
294.582: [Full GC [PSYoungGen: 138240K->33018K(161280K)] [ParOldGen: 367741K->367741K(368128K)] 505981K->400760K(529408K) [PSPermGen: 13650K->13650K(21504K)], 0.0793710 secs] [Times: user=0.56 sys=0.00, real=0.08 secs] 
294.662: Total time for which application threads were stopped: 0.0799950 seconds, Stopping threads took: 0.0000590 seconds
294.686: Application time: 0.0249520 seconds
294.687: [Full GC [PSYoungGen: 138240K->33032K(161280K)] [ParOldGen: 367741K->367741K(368128K)] 505981K->400774K(529408K) [PSPermGen: 13650K->13650K(21504K)], 0.0733230 secs] [Times: user=0.51 sys=0.00, real=0.07 secs] 
294.760: Total time for which application threads were stopped: 0.0740260 seconds, Stopping threads took: 0.0000720 seconds
294.786: Application time: 0.0260090 seconds
294.787: [Full GC [PSYoungGen: 138240K->32922K(161280K)] [ParOldGen: 367741K->367741K(368128K)] 505981K->400663K(529408K) [PSPermGen: 13650K->13650K(21504K)], 0.0730400 secs] [Times: user=0.51 sys=0.00, real=0.07 secs] 
294.860: Total time for which application threads were stopped: 0.0737210 seconds, Stopping threads took: 0.0000540 seconds
294.885: Application time: 0.0248230 seconds
294.886: [Full GC [PSYoungGen: 138240K->32921K(161280K)] [ParOldGen: 367741K->367741K(368128K)] 505981K->400663K(529408K) [PSPermGen: 13650K->13650K(21504K)], 0.0734090 secs] [Times: user=0.52 sys=0.00, real=0.07 secs] 
294.959: Total time for which application threads were stopped: 0.0741020 seconds, Stopping threads took: 0.0000630 seconds
294.984: Application time: 0.0250830 seconds
294.985: [Full GC [PSYoungGen: 138240K->32935K(161280K)] [ParOldGen: 367741K->367741K(368128K)] 505981K->400676K(529408K) [PSPermGen: 13650K->13650K(21504K)], 0.0731310 secs] [Times: user=0.51 sys=0.00, real=0.08 secs] 
295.058: Total time for which application threads were stopped: 0.0738530 seconds, Stopping threads took: 0.0000660 seconds
295.083: Application time: 0.0247790 seconds
295.083: [Full GC [PSYoungGen: 138240K->32950K(161280K)] [ParOldGen: 367741K->367741K(368128K)] 505981K->400692K(529408K) [PSPermGen: 13650K->13650K(21504K)], 0.0739600 secs] [Times: user=0.52 sys=0.00, real=0.08 secs] 
295.157: Total time for which application threads were stopped: 0.0745810 seconds, Stopping threads took: 0.0000620 seconds
295.182: Application time: 0.0248810 seconds
295.183: [Full GC [PSYoungGen: 138240K->32968K(161280K)] [ParOldGen: 367741K->367741K(368128K)] 505981K->400709K(529408K) [PSPermGen: 13650K->13650K(21504K)], 0.0735120 secs] [Times: user=0.52 sys=0.00, real=0.08 secs] 
295.256: Total time for which application threads were stopped: 0.0741440 seconds, Stopping threads took: 0.0000620 seconds
295.281: Application time: 0.0248480 seconds
295.282: [Full GC [PSYoungGen: 138240K->32983K(161280K)] [ParOldGen: 367741K->367741K(368128K)] 505981K->400725K(529408K) [PSPermGen: 13650K->13650K(21504K)], 0.0733530 secs] [Times: user=0.52 sys=0.00, real=0.08 secs] 
295.355: Total time for which application threads were stopped: 0.0740640 seconds, Stopping threads took: 0.0000610 seconds
295.380: Application time: 0.0247420 seconds
295.381: [Full GC [PSYoungGen: 138240K->32994K(161280K)] [ParOldGen: 367741K->367741K(368128K)] 505981K->400736K(529408K) [PSPermGen: 13650K->13650K(21504K)], 0.0731830 secs] [Times: user=0.52 sys=0.00, real=0.08 secs] 
295.454: Total time for which application threads were stopped: 0.0738950 seconds, Stopping threads took: 0.0000810 seconds
295.479: Application time: 0.0251860 seconds
295.480: [Full GC [PSYoungGen: 138240K->32958K(161280K)] [ParOldGen: 367741K->367741K(368128K)] 505981K->400699K(529408K) [PSPermGen: 13650K->13650K(21504K)], 0.0733620 secs] [Times: user=0.52 sys=0.00, real=0.07 secs] 
295.553: Total time for which application threads were stopped: 0.0740450 seconds, Stopping threads took: 0.0000450 seconds
295.578: Application time: 0.0248760 seconds
295.579: [Full GC [PSYoungGen: 138240K->32958K(161280K)] [ParOldGen: 367741K->367741K(368128K)] 505981K->400699K(529408K) [PSPermGen: 13650K->13650K(21504K)], 0.0732310 secs] [Times: user=0.51 sys=0.00, real=0.07 secs] 
295.652: Total time for which application threads were stopped: 0.0739610 seconds, Stopping threads took: 0.0000650 seconds
295.677: Application time: 0.0247150 seconds
295.677: [Full GC [PSYoungGen: 138240K->32972K(161280K)] [ParOldGen: 367741K->367741K(368128K)] 505981K->400713K(529408K) [PSPermGen: 13650K->13650K(21504K)], 0.0739690 secs] [Times: user=0.52 sys=0.01, real=0.07 secs] 
295.751: Total time for which application threads were stopped: 0.0746410 seconds, Stopping threads took: 0.0000450 seconds
295.777: Application time: 0.0254800 seconds
295.778: [Full GC [PSYoungGen: 138240K->32878K(161280K)] [ParOldGen: 367741K->367741K(368128K)] 505981K->400620K(529408K) [PSPermGen: 13650K->13650K(21504K)], 0.0740100 secs] [Times: user=0.52 sys=0.00, real=0.07 secs] 
295.852: Total time for which application threads were stopped: 0.0747350 seconds, Stopping threads took: 0.0000890 seconds
295.877: Application time: 0.0252260 seconds
295.878: [Full GC [PSYoungGen: 138240K->32863K(161280K)] [ParOldGen: 367741K->367741K(368128K)] 505981K->400604K(529408K) [PSPermGen: 13650K->13650K(21504K)], 0.0735890 secs] [Times: user=0.51 sys=0.00, real=0.07 secs] 
295.951: Total time for which application threads were stopped: 0.0742040 seconds, Stopping threads took: 0.0000580 seconds
295.976: Application time: 0.0250530 seconds
295.977: [Full GC [PSYoungGen: 138240K->32877K(161280K)] [ParOldGen: 367741K->367741K(368128K)] 505981K->400619K(529408K) [PSPermGen: 13650K->13650K(21504K)], 0.0735760 secs] [Times: user=0.51 sys=0.01, real=0.07 secs] 
296.050: Total time for which application threads were stopped: 0.0741850 seconds, Stopping threads took: 0.0000500 seconds
296.076: Application time: 0.0251620 seconds
296.076: [Full GC [PSYoungGen: 138240K->32891K(161280K)] [ParOldGen: 367741K->367741K(368128K)] 505981K->400633K(529408K) [PSPermGen: 13650K->13650K(21504K)], 0.0741750 secs] [Times: user=0.52 sys=0.00, real=0.07 secs] 
296.150: Total time for which application threads were stopped: 0.0748680 seconds, Stopping threads took: 0.0000580 seconds
296.176: Application time: 0.0260400 seconds
296.177: [Full GC [PSYoungGen: 138240K->32906K(161280K)] [ParOldGen: 367741K->367741K(368128K)] 505981K->400647K(529408K) [PSPermGen: 13650K->13650K(21504K)], 0.0733330 secs] [Times: user=0.52 sys=0.00, real=0.07 secs] 
296.250: Total time for which application threads were stopped: 0.0739950 seconds, Stopping threads took: 0.0000590 seconds
296.276: Application time: 0.0250940 seconds
296.276: [Full GC [PSYoungGen: 138240K->32920K(161280K)] [ParOldGen: 367741K->367741K(368128K)] 505981K->400661K(529408K) [PSPermGen: 13650K->13650K(21504K)], 0.0734080 secs] [Times: user=0.52 sys=0.00, real=0.07 secs] 
296.350: Total time for which application threads were stopped: 0.0740380 seconds, Stopping threads took: 0.0000710 seconds
296.375: Application time: 0.0249730 seconds
296.375: [Full GC [PSYoungGen: 138240K->32880K(161280K)] [ParOldGen: 367741K->367741K(368128K)] 505981K->400622K(529408K) [PSPermGen: 13650K->13650K(21504K)], 0.0726350 secs] [Times: user=0.51 sys=0.00, real=0.07 secs] 
296.448: Total time for which application threads were stopped: 0.0733010 seconds, Stopping threads took: 0.0000590 seconds
296.473: Application time: 0.0250770 seconds
296.474: [Full GC [PSYoungGen: 138240K->32884K(161280K)] [ParOldGen: 367741K->367741K(368128K)] 505981K->400625K(529408K) [PSPermGen: 13650K->13650K(21504K)], 0.0731840 secs] [Times: user=0.51 sys=0.00, real=0.07 secs] 
296.547: Total time for which application threads were stopped: 0.0738920 seconds, Stopping threads took: 0.0000610 seconds
296.572: Application time: 0.0249090 seconds
296.572: [Full GC [PSYoungGen: 138240K->32895K(161280K)] [ParOldGen: 367741K->367741K(368128K)] 505981K->400637K(529408K) [PSPermGen: 13650K->13650K(21504K)], 0.0745080 secs] [Times: user=0.52 sys=0.00, real=0.08 secs] 
296.647: Total time for which application threads were stopped: 0.0751260 seconds, Stopping threads took: 0.0000560 seconds
296.672: Application time: 0.0249850 seconds
296.672: [Full GC [PSYoungGen: 138240K->32912K(161280K)] [ParOldGen: 367741K->367741K(368128K)] 505981K->400654K(529408K) [PSPermGen: 13650K->13650K(21504K)], 0.0734630 secs] [Times: user=0.51 sys=0.00, real=0.08 secs] 
296.746: Total time for which application threads were stopped: 0.0741050 seconds, Stopping threads took: 0.0000560 seconds
296.771: Application time: 0.0250720 seconds
296.772: [Full GC [PSYoungGen: 138240K->32925K(161280K)] [ParOldGen: 367741K->367741K(368128K)] 505981K->400666K(529408K) [PSPermGen: 13650K->13650K(21504K)], 0.0735490 secs] [Times: user=0.52 sys=0.01, real=0.07 secs] 
296.845: Total time for which application threads were stopped: 0.0743040 seconds, Stopping threads took: 0.0000880 seconds
296.870: Application time: 0.0249720 seconds
296.871: [Full GC [PSYoungGen: 138240K->32943K(161280K)] [ParOldGen: 367741K->367741K(368128K)] 505981K->400684K(529408K) [PSPermGen: 13650K->13650K(21504K)], 0.0738820 secs] [Times: user=0.52 sys=0.00, real=0.07 secs] 
296.945: Total time for which application threads were stopped: 0.0745650 seconds, Stopping threads took: 0.0000610 seconds
296.970: Application time: 0.0247870 seconds
296.970: [Full GC [PSYoungGen: 138240K->32956K(161280K)] [ParOldGen: 367741K->367741K(368128K)] 505981K->400697K(529408K) [PSPermGen: 13650K->13650K(21504K)], 0.0748130 secs] [Times: user=0.52 sys=0.00, real=0.07 secs] 
297.045: Total time for which application threads were stopped: 0.0755220 seconds, Stopping threads took: 0.0000590 seconds
297.070: Application time: 0.0246160 seconds
297.070: [Full GC [PSYoungGen: 138240K->32973K(161280K)] [ParOldGen: 367741K->367741K(368128K)] 505981K->400714K(529408K) [PSPermGen: 13650K->13650K(21504K)], 0.0762560 secs] [Times: user=0.52 sys=0.00, real=0.08 secs] 
297.147: Total time for which application threads were stopped: 0.0769060 seconds, Stopping threads took: 0.0000860 seconds
297.172: Application time: 0.0248000 seconds
297.172: [Full GC [PSYoungGen: 138240K->32988K(161280K)] [ParOldGen: 367741K->367741K(368128K)] 505981K->400730K(529408K) [PSPermGen: 13650K->13650K(21504K)], 0.0738850 secs] [Times: user=0.52 sys=0.00, real=0.08 secs] 
297.246: Total time for which application threads were stopped: 0.0745160 seconds, Stopping threads took: 0.0000820 seconds
297.271: Application time: 0.0249060 seconds
297.272: [Full GC [PSYoungGen: 138240K->33002K(161280K)] [ParOldGen: 367741K->367741K(368128K)] 505981K->400743K(529408K) [PSPermGen: 13650K->13650K(21504K)], 0.0731210 secs] [Times: user=0.51 sys=0.00, real=0.07 secs] 
297.345: Total time for which application threads were stopped: 0.0737530 seconds, Stopping threads took: 0.0000680 seconds
297.370: Application time: 0.0250980 seconds
297.370: [Full GC [PSYoungGen: 138240K->33015K(161280K)] [ParOldGen: 367741K->367741K(368128K)] 505981K->400756K(529408K) [PSPermGen: 13650K->13650K(21504K)], 0.0738450 secs] [Times: user=0.52 sys=0.00, real=0.07 secs] 
297.444: Total time for which application threads were stopped: 0.0744850 seconds, Stopping threads took: 0.0000400 seconds
297.469: Application time: 0.0250420 seconds
297.470: [Full GC [PSYoungGen: 138240K->33029K(161280K)] [ParOldGen: 367741K->367741K(368128K)] 505981K->400771K(529408K) [PSPermGen: 13650K->13650K(21504K)], 0.0742070 secs] [Times: user=0.52 sys=0.00, real=0.07 secs] 
297.544: Total time for which application threads were stopped: 0.0749120 seconds, Stopping threads took: 0.0000510 seconds
297.569: Application time: 0.0249630 seconds
297.570: [Full GC [PSYoungGen: 138240K->33049K(161280K)] [ParOldGen: 367741K->367741K(368128K)] 505981K->400790K(529408K) [PSPermGen: 13650K->13650K(21504K)], 0.0734460 secs] [Times: user=0.52 sys=0.00, real=0.07 secs] 
297.643: Total time for which application threads were stopped: 0.0741490 seconds, Stopping threads took: 0.0000580 seconds
297.669: Application time: 0.0251010 seconds
297.669: [Full GC [PSYoungGen: 138240K->33062K(161280K)] [ParOldGen: 367741K->367741K(368128K)] 505981K->400804K(529408K) [PSPermGen: 13650K->13650K(21504K)], 0.0747240 secs] [Times: user=0.51 sys=0.00, real=0.07 secs] 
297.744: Total time for which application threads were stopped: 0.0754060 seconds, Stopping threads took: 0.0000550 seconds
297.769: Application time: 0.0253240 seconds
297.770: [Full GC [PSYoungGen: 138240K->33022K(161280K)] [ParOldGen: 367741K->367741K(368128K)] 505981K->400764K(529408K) [PSPermGen: 13650K->13650K(21504K)], 0.0733140 secs] [Times: user=0.52 sys=0.00, real=0.07 secs] 
297.843: Total time for which application threads were stopped: 0.0740140 seconds, Stopping threads took: 0.0000650 seconds
297.868: Application time: 0.0247830 seconds
297.869: [Full GC [PSYoungGen: 138240K->33023K(161280K)] [ParOldGen: 367741K->367741K(368128K)] 505981K->400764K(529408K) [PSPermGen: 13650K->13650K(21504K)], 0.0736830 secs] [Times: user=0.52 sys=0.00, real=0.07 secs] 
297.942: Total time for which application threads were stopped: 0.0742860 seconds, Stopping threads took: 0.0000510 seconds
297.967: Application time: 0.0246530 seconds
297.968: [Full GC [PSYoungGen: 138240K->33037K(161280K)] [ParOldGen: 367741K->367741K(368128K)] 505981K->400778K(529408K) [PSPermGen: 13650K->13650K(21504K)], 0.0731440 secs] [Times: user=0.51 sys=0.00, real=0.07 secs] 
298.041: Total time for which application threads were stopped: 0.0738370 seconds, Stopping threads took: 0.0000540 seconds
298.066: Application time: 0.0251700 seconds
298.067: [Full GC [PSYoungGen: 138240K->33050K(161280K)] [ParOldGen: 367741K->367741K(368128K)] 505981K->400791K(529408K) [PSPermGen: 13650K->13650K(21504K)], 0.0735250 secs] [Times: user=0.50 sys=0.00, real=0.07 secs] 
298.140: Total time for which application threads were stopped: 0.0742210 seconds, Stopping threads took: 0.0000490 seconds
298.165: Application time: 0.0252050 seconds
298.166: [Full GC [PSYoungGen: 138240K->33012K(161280K)] [ParOldGen: 367741K->367741K(368128K)] 505981K->400753K(529408K) [PSPermGen: 13650K->13650K(21504K)], 0.0735290 secs] [Times: user=0.52 sys=0.00, real=0.07 secs] 
298.240: Total time for which application threads were stopped: 0.0742420 seconds, Stopping threads took: 0.0000800 seconds
298.265: Application time: 0.0248510 seconds
298.265: [Full GC [PSYoungGen: 138240K->33010K(161280K)] [ParOldGen: 367741K->367741K(368128K)] 505981K->400752K(529408K) [PSPermGen: 13650K->13650K(21504K)], 0.0738940 secs] [Times: user=0.52 sys=0.00, real=0.08 secs] 
298.339: Total time for which application threads were stopped: 0.0745910 seconds, Stopping threads took: 0.0000710 seconds
298.364: Application time: 0.0250040 seconds
298.365: [Full GC [PSYoungGen: 138240K->33026K(161280K)] [ParOldGen: 367741K->367741K(368128K)] 505981K->400767K(529408K) [PSPermGen: 13650K->13650K(21504K)], 0.0735250 secs] [Times: user=0.52 sys=0.00, real=0.08 secs] 
298.438: Total time for which application threads were stopped: 0.0741500 seconds, Stopping threads took: 0.0000690 seconds
298.463: Application time: 0.0249490 seconds
298.464: [Full GC [PSYoungGen: 138240K->33043K(161280K)] [ParOldGen: 367741K->367741K(368128K)] 505981K->400785K(529408K) [PSPermGen: 13650K->13650K(21504K)], 0.0734180 secs] [Times: user=0.52 sys=0.00, real=0.08 secs] 
298.537: Total time for which application threads were stopped: 0.0741150 seconds, Stopping threads took: 0.0000570 seconds
298.562: Application time: 0.0251170 seconds
298.563: [Full GC [PSYoungGen: 138240K->33049K(161280K)] [ParOldGen: 367741K->367741K(368128K)] 505981K->400791K(529408K) [PSPermGen: 13650K->13650K(21504K)], 0.0738720 secs] [Times: user=0.52 sys=0.00, real=0.08 secs] 
298.637: Total time for which application threads were stopped: 0.0745080 seconds, Stopping threads took: 0.0000620 seconds
298.663: Application time: 0.0255630 seconds
298.663: [Full GC [PSYoungGen: 138240K->32935K(161280K)] [ParOldGen: 367741K->367741K(368128K)] 505981K->400676K(529408K) [PSPermGen: 13650K->13650K(21504K)], 0.0738020 secs] [Times: user=0.52 sys=0.00, real=0.08 secs] 
298.737: Total time for which application threads were stopped: 0.0744230 seconds, Stopping threads took: 0.0000680 seconds
298.762: Application time: 0.0249320 seconds
298.763: [Full GC [PSYoungGen: 138240K->32946K(161280K)] [ParOldGen: 367741K->367741K(368128K)] 505981K->400688K(529408K) [PSPermGen: 13650K->13650K(21504K)], 0.0737060 secs] [Times: user=0.52 sys=0.00, real=0.08 secs] 
298.836: Total time for which application threads were stopped: 0.0743600 seconds, Stopping threads took: 0.0000890 seconds
298.862: Application time: 0.0252520 seconds
298.862: [Full GC [PSYoungGen: 138240K->32964K(161280K)] [ParOldGen: 367741K->367741K(368128K)] 505981K->400705K(529408K) [PSPermGen: 13650K->13650K(21504K)], 0.0726660 secs] [Times: user=0.51 sys=0.00, real=0.08 secs] 
298.935: Total time for which application threads were stopped: 0.0733460 seconds, Stopping threads took: 0.0000540 seconds
298.960: Application time: 0.0251200 seconds
298.961: [Full GC [PSYoungGen: 138240K->32978K(161280K)] [ParOldGen: 367741K->367741K(368128K)] 505981K->400720K(529408K) [PSPermGen: 13650K->13650K(21504K)], 0.0738980 secs] [Times: user=0.52 sys=0.00, real=0.08 secs] 
299.035: Total time for which application threads were stopped: 0.0745140 seconds, Stopping threads took: 0.0000640 seconds
299.060: Application time: 0.0251840 seconds
299.060: [Full GC [PSYoungGen: 138240K->32994K(161280K)] [ParOldGen: 367741K->367741K(368128K)] 505981K->400736K(529408K) [PSPermGen: 13650K->13650K(21504K)], 0.0738070 secs] [Times: user=0.51 sys=0.01, real=0.08 secs] 
299.134: Total time for which application threads were stopped: 0.0745240 seconds, Stopping threads took: 0.0000720 seconds
299.159: Application time: 0.0249740 seconds
299.160: [Full GC [PSYoungGen: 138240K->33008K(161280K)] [ParOldGen: 367741K->367741K(368128K)] 505981K->400749K(529408K) [PSPermGen: 13650K->13650K(21504K)], 0.0746790 secs] [Times: user=0.52 sys=0.00, real=0.08 secs] 
299.235: Total time for which application threads were stopped: 0.0753970 seconds, Stopping threads took: 0.0000640 seconds
299.260: Application time: 0.0255210 seconds
299.261: [Full GC [PSYoungGen: 138240K->32887K(161280K)] [ParOldGen: 367741K->367741K(368128K)] 505981K->400628K(529408K) [PSPermGen: 13650K->13650K(21504K)], 0.0738790 secs] [Times: user=0.52 sys=0.00, real=0.08 secs] 
299.335: Total time for which application threads were stopped: 0.0745050 seconds, Stopping threads took: 0.0000840 seconds
299.360: Application time: 0.0254790 seconds
299.361: [Full GC [PSYoungGen: 138240K->32892K(161280K)] [ParOldGen: 367741K->367741K(368128K)] 505981K->400633K(529408K) [PSPermGen: 13650K->13650K(21504K)], 0.0739190 secs] [Times: user=0.52 sys=0.00, real=0.08 secs] 
299.435: Total time for which application threads were stopped: 0.0745390 seconds, Stopping threads took: 0.0000500 seconds
299.460: Application time: 0.0253950 seconds
299.461: [Full GC [PSYoungGen: 138240K->32843K(161280K)] [ParOldGen: 367741K->367741K(368128K)] 505981K->400584K(529408K) [PSPermGen: 13650K->13650K(21504K)], 0.0742110 secs] [Times: user=0.52 sys=0.00, real=0.08 secs] 
299.535: Total time for which application threads were stopped: 0.0748340 seconds, Stopping threads took: 0.0000590 seconds
299.560: Application time: 0.0249160 seconds
299.560: [Full GC [PSYoungGen: 138240K->32856K(161280K)] [ParOldGen: 367741K->367741K(368128K)] 505981K->400597K(529408K) [PSPermGen: 13650K->13650K(21504K)], 0.0736120 secs] [Times: user=0.52 sys=0.00, real=0.08 secs] 
299.634: Total time for which application threads were stopped: 0.0743090 seconds, Stopping threads took: 0.0000650 seconds
299.659: Application time: 0.0246830 seconds
299.659: [Full GC [PSYoungGen: 138240K->32872K(161280K)] [ParOldGen: 367741K->367741K(368128K)] 505981K->400613K(529408K) [PSPermGen: 13650K->13650K(21504K)], 0.0733510 secs] [Times: user=0.51 sys=0.00, real=0.07 secs] 
299.733: Total time for which application threads were stopped: 0.0739610 seconds, Stopping threads took: 0.0000570 seconds
299.758: Application time: 0.0249760 seconds
299.758: [Full GC [PSYoungGen: 138240K->32888K(161280K)] [ParOldGen: 367741K->367741K(368128K)] 505981K->400630K(529408K) [PSPermGen: 13650K->13650K(21504K)], 0.0739440 secs] [Times: user=0.52 sys=0.00, real=0.07 secs] 
299.832: Total time for which application threads were stopped: 0.0745890 seconds, Stopping threads took: 0.0000730 seconds
299.858: Application time: 0.0252980 seconds
299.858: [Full GC [PSYoungGen: 138240K->32901K(161280K)] [ParOldGen: 367741K->367741K(368128K)] 505981K->400642K(529408K) [PSPermGen: 13650K->13650K(21504K)], 0.0730180 secs] [Times: user=0.52 sys=0.00, real=0.07 secs] 
299.931: Total time for which application threads were stopped: 0.0737010 seconds, Stopping threads took: 0.0000470 seconds
299.956: Application time: 0.0251210 seconds
299.957: [Full GC [PSYoungGen: 138240K->32916K(161280K)] [ParOldGen: 367741K->367741K(368128K)] 505981K->400658K(529408K) [PSPermGen: 13650K->13650K(21504K)], 0.0735400 secs] [Times: user=0.52 sys=0.00, real=0.07 secs] 
300.031: Total time for which application threads were stopped: 0.0742190 seconds, Stopping threads took: 0.0000510 seconds
300.055: Application time: 0.0247140 seconds
300.056: [Full GC [PSYoungGen: 138240K->32932K(161280K)] [ParOldGen: 367741K->367741K(368128K)] 505981K->400673K(529408K) [PSPermGen: 13650K->13650K(21504K)], 0.0730320 secs] [Times: user=0.52 sys=0.00, real=0.07 secs] 
300.129: Total time for which application threads were stopped: 0.0737220 seconds, Stopping threads took: 0.0000630 seconds
300.154: Application time: 0.0243910 seconds
300.154: [Full GC [PSYoungGen: 138240K->32947K(161280K)] [ParOldGen: 367741K->367741K(368128K)] 505981K->400689K(529408K) [PSPermGen: 13650K->13650K(21504K)], 0.0728580 secs] [Times: user=0.51 sys=0.00, real=0.07 secs] 
300.227: Total time for which application threads were stopped: 0.0735350 seconds, Stopping threads took: 0.0000610 seconds
300.253: Application time: 0.0254430 seconds
300.253: [Full GC [PSYoungGen: 138240K->32897K(161280K)] [ParOldGen: 367741K->367741K(368128K)] 505981K->400638K(529408K) [PSPermGen: 13650K->13650K(21504K)], 0.0730390 secs] [Times: user=0.52 sys=0.00, real=0.08 secs] 
300.326: Total time for which application threads were stopped: 0.0736890 seconds, Stopping threads took: 0.0000420 seconds
300.351: Application time: 0.0248080 seconds
300.352: [Full GC [PSYoungGen: 138240K->32906K(161280K)] [ParOldGen: 367741K->367741K(368128K)] 505981K->400647K(529408K) [PSPermGen: 13650K->13650K(21504K)], 0.0731860 secs] [Times: user=0.51 sys=0.00, real=0.07 secs] 
300.425: Total time for which application threads were stopped: 0.0739370 seconds, Stopping threads took: 0.0000890 seconds
300.450: Application time: 0.0248800 seconds
300.450: [Full GC [PSYoungGen: 138240K->32919K(161280K)] [ParOldGen: 367741K->367741K(368128K)] 505981K->400660K(529408K) [PSPermGen: 13650K->13650K(21504K)], 0.0735670 secs] [Times: user=0.52 sys=0.00, real=0.07 secs] 
300.524: Total time for which application threads were stopped: 0.0741630 seconds, Stopping threads took: 0.0000450 seconds
300.549: Application time: 0.0250310 seconds
300.550: [Full GC [PSYoungGen: 138240K->32935K(161280K)] [ParOldGen: 367741K->367741K(368128K)] 505981K->400676K(529408K) [PSPermGen: 13650K->13650K(21504K)], 0.0735240 secs] [Times: user=0.52 sys=0.00, real=0.07 secs] 
300.623: Total time for which application threads were stopped: 0.0742390 seconds, Stopping threads took: 0.0000690 seconds
300.648: Application time: 0.0248290 seconds
300.649: [Full GC [PSYoungGen: 138240K->32951K(161280K)] [ParOldGen: 367741K->367741K(368128K)] 505981K->400693K(529408K) [PSPermGen: 13650K->13650K(21504K)], 0.0740650 secs] [Times: user=0.51 sys=0.00, real=0.07 secs] 
300.723: Total time for which application threads were stopped: 0.0747330 seconds, Stopping threads took: 0.0000460 seconds
300.748: Application time: 0.0248200 seconds
300.748: [Full GC [PSYoungGen: 138240K->32967K(161280K)] [ParOldGen: 367741K->367741K(368128K)] 505981K->400708K(529408K) [PSPermGen: 13650K->13650K(21504K)], 0.0741010 secs] [Times: user=0.52 sys=0.00, real=0.07 secs] 
300.822: Total time for which application threads were stopped: 0.0747730 seconds, Stopping threads took: 0.0000470 seconds
300.847: Application time: 0.0248620 seconds
300.848: [Full GC [PSYoungGen: 138240K->32982K(161280K)] [ParOldGen: 367741K->367741K(368128K)] 505981K->400723K(529408K) [PSPermGen: 13650K->13650K(21504K)], 0.0732830 secs] [Times: user=0.52 sys=0.00, real=0.07 secs] 
300.921: Total time for which application threads were stopped: 0.0739840 seconds, Stopping threads took: 0.0000650 seconds
300.946: Application time: 0.0247560 seconds
300.947: [Full GC [PSYoungGen: 138240K->32997K(161280K)] [ParOldGen: 367741K->367741K(368128K)] 505981K->400738K(529408K) [PSPermGen: 13650K->13650K(21504K)], 0.0737660 secs] [Times: user=0.51 sys=0.00, real=0.07 secs] 
301.021: Total time for which application threads were stopped: 0.0744860 seconds, Stopping threads took: 0.0000560 seconds
301.045: Application time: 0.0246850 seconds
301.046: [Full GC [PSYoungGen: 138240K->33010K(161280K)] [ParOldGen: 367741K->367741K(368128K)] 505981K->400752K(529408K) [PSPermGen: 13650K->13650K(21504K)], 0.0733720 secs] [Times: user=0.52 sys=0.00, real=0.07 secs] 
301.119: Total time for which application threads were stopped: 0.0740780 seconds, Stopping threads took: 0.0000640 seconds
301.145: Application time: 0.0251940 seconds
301.145: [Full GC [PSYoungGen: 138240K->33028K(161280K)] [ParOldGen: 367741K->367741K(368128K)] 505981K->400769K(529408K) [PSPermGen: 13650K->13650K(21504K)], 0.0729260 secs] [Times: user=0.52 sys=0.00, real=0.08 secs] 
301.218: Total time for which application threads were stopped: 0.0736160 seconds, Stopping threads took: 0.0000620 seconds
301.243: Application time: 0.0246260 seconds
301.243: [Full GC [PSYoungGen: 138240K->33043K(161280K)] [ParOldGen: 367741K->367741K(368128K)] 505981K->400784K(529408K) [PSPermGen: 13650K->13650K(21504K)], 0.0740790 secs] [Times: user=0.52 sys=0.00, real=0.08 secs] 
301.318: Total time for which application threads were stopped: 0.0747540 seconds, Stopping threads took: 0.0000510 seconds
301.343: Application time: 0.0254110 seconds
301.344: [Full GC [PSYoungGen: 138240K->33003K(161280K)] [ParOldGen: 367741K->367741K(368128K)] 505981K->400744K(529408K) [PSPermGen: 13650K->13650K(21504K)], 0.0735170 secs] [Times: user=0.51 sys=0.00, real=0.08 secs] 
301.417: Total time for which application threads were stopped: 0.0742130 seconds, Stopping threads took: 0.0000530 seconds
301.442: Application time: 0.0249750 seconds
301.443: [Full GC [PSYoungGen: 138240K->33000K(161280K)] [ParOldGen: 367741K->367741K(368128K)] 505981K->400742K(529408K) [PSPermGen: 13650K->13650K(21504K)], 0.0735600 secs] [Times: user=0.52 sys=0.00, real=0.08 secs] 
301.516: Total time for which application threads were stopped: 0.0742750 seconds, Stopping threads took: 0.0000720 seconds
301.541: Application time: 0.0247940 seconds
301.542: [Full GC [PSYoungGen: 138240K->33017K(161280K)] [ParOldGen: 367741K->367741K(368128K)] 505981K->400758K(529408K) [PSPermGen: 13650K->13650K(21504K)], 0.0735200 secs] [Times: user=0.51 sys=0.00, real=0.08 secs] 
301.615: Total time for which application threads were stopped: 0.0742560 seconds, Stopping threads took: 0.0000600 seconds
301.640: Application time: 0.0248310 seconds
301.641: [Full GC [PSYoungGen: 138240K->32957K(161280K)] [ParOldGen: 367741K->367741K(368128K)] 505981K->400698K(529408K) [PSPermGen: 13650K->13650K(21504K)], 0.0739150 secs] [Times: user=0.52 sys=0.00, real=0.08 secs] 
301.715: Total time for which application threads were stopped: 0.0745150 seconds, Stopping threads took: 0.0000500 seconds
301.740: Application time: 0.0252220 seconds
301.741: [Full GC [PSYoungGen: 138240K->32978K(161280K)] [ParOldGen: 367741K->367741K(368128K)] 505981K->400719K(529408K) [PSPermGen: 13650K->13650K(21504K)], 0.0736850 secs] [Times: user=0.52 sys=0.00, real=0.08 secs] 
301.816: Total time for which application threads were stopped: 0.0758020 seconds, Stopping threads took: 0.0000610 seconds
301.841: Application time: 0.0249140 seconds
301.841: [Full GC [PSYoungGen: 138240K->32993K(161280K)] [ParOldGen: 367741K->367741K(368128K)] 505981K->400734K(529408K) [PSPermGen: 13650K->13650K(21504K)], 0.0739970 secs] [Times: user=0.52 sys=0.00, real=0.08 secs] 
301.915: Total time for which application threads were stopped: 0.0746610 seconds, Stopping threads took: 0.0001050 seconds
301.940: Application time: 0.0249010 seconds
301.941: [Full GC [PSYoungGen: 138240K->33006K(161280K)] [ParOldGen: 367741K->367741K(368128K)] 505981K->400748K(529408K) [PSPermGen: 13650K->13650K(21504K)], 0.0739590 secs] [Times: user=0.52 sys=0.00, real=0.08 secs] 
302.015: Total time for which application threads were stopped: 0.0745560 seconds, Stopping threads took: 0.0000410 seconds
302.040: Application time: 0.0249160 seconds
302.040: [Full GC [PSYoungGen: 138240K->33022K(161280K)] [ParOldGen: 367741K->367741K(368128K)] 505981K->400763K(529408K) [PSPermGen: 13650K->13650K(21504K)], 0.0738130 secs] [Times: user=0.52 sys=0.00, real=0.08 secs] 
302.114: Total time for which application threads were stopped: 0.0744710 seconds, Stopping threads took: 0.0000930 seconds
302.140: Application time: 0.0258470 seconds
302.141: [Full GC [PSYoungGen: 138240K->33036K(161280K)] [ParOldGen: 367741K->367741K(368128K)] 505981K->400777K(529408K) [PSPermGen: 13650K->13650K(21504K)], 0.0737450 secs] [Times: user=0.52 sys=0.00, real=0.08 secs] 
302.215: Total time for which application threads were stopped: 0.0744030 seconds, Stopping threads took: 0.0000790 seconds
302.241: Application time: 0.0261180 seconds
302.241: [Full GC [PSYoungGen: 138240K->33054K(161280K)] [ParOldGen: 367741K->367741K(368128K)] 505981K->400796K(529408K) [PSPermGen: 13650K->13650K(21504K)], 0.0738180 secs] [Times: user=0.52 sys=0.00, real=0.08 secs] 
302.315: Total time for which application threads were stopped: 0.0744280 seconds, Stopping threads took: 0.0000590 seconds
302.340: Application time: 0.0248070 seconds
302.340: [Full GC [PSYoungGen: 138240K->33068K(161280K)] [ParOldGen: 367741K->367741K(368128K)] 505981K->400809K(529408K) [PSPermGen: 13650K->13650K(21504K)], 0.0741320 secs] [Times: user=0.52 sys=0.00, real=0.08 secs] 
302.415: Total time for which application threads were stopped: 0.0747440 seconds, Stopping threads took: 0.0000600 seconds
302.439: Application time: 0.0248220 seconds
302.440: [Full GC [PSYoungGen: 138240K->33083K(161280K)] [ParOldGen: 367741K->367741K(368128K)] 505981K->400824K(529408K) [PSPermGen: 13650K->13650K(21504K)], 0.0734380 secs] [Times: user=0.52 sys=0.00, real=0.08 secs] 
302.514: Total time for which application threads were stopped: 0.0741450 seconds, Stopping threads took: 0.0000800 seconds
302.539: Application time: 0.0252250 seconds
302.539: [Full GC [PSYoungGen: 138240K->32986K(161280K)] [ParOldGen: 367741K->367741K(368128K)] 505981K->400728K(529408K) [PSPermGen: 13650K->13650K(21504K)], 0.0734960 secs] [Times: user=0.51 sys=0.00, real=0.07 secs] 
302.613: Total time for which application threads were stopped: 0.0741870 seconds, Stopping threads took: 0.0000550 seconds
302.638: Application time: 0.0246400 seconds
302.638: [Full GC [PSYoungGen: 138240K->32972K(161280K)] [ParOldGen: 367741K->367741K(368128K)] 505981K->400714K(529408K) [PSPermGen: 13650K->13650K(21504K)], 0.0741640 secs] [Times: user=0.53 sys=0.00, real=0.07 secs] 
302.712: Total time for which application threads were stopped: 0.0747840 seconds, Stopping threads took: 0.0000600 seconds
302.737: Application time: 0.0248970 seconds
302.738: [Full GC [PSYoungGen: 138240K->32985K(161280K)] [ParOldGen: 367741K->367741K(368128K)] 505981K->400726K(529408K) [PSPermGen: 13650K->13650K(21504K)], 0.0737210 secs] [Times: user=0.52 sys=0.00, real=0.07 secs] 
302.812: Total time for which application threads were stopped: 0.0743520 seconds, Stopping threads took: 0.0000480 seconds
302.837: Application time: 0.0254970 seconds
302.838: [Full GC [PSYoungGen: 138240K->32876K(161280K)] [ParOldGen: 367741K->367741K(368128K)] 505981K->400617K(529408K) [PSPermGen: 13650K->13650K(21504K)], 0.0733380 secs] [Times: user=0.52 sys=0.00, real=0.07 secs] 
302.911: Total time for which application threads were stopped: 0.0740000 seconds, Stopping threads took: 0.0000620 seconds
302.936: Application time: 0.0251120 seconds
302.937: [Full GC [PSYoungGen: 138240K->32878K(161280K)] [ParOldGen: 367741K->367741K(368128K)] 505981K->400619K(529408K) [PSPermGen: 13650K->13650K(21504K)], 0.0735830 secs] [Times: user=0.52 sys=0.00, real=0.07 secs] 
303.011: Total time for which application threads were stopped: 0.0742290 seconds, Stopping threads took: 0.0000930 seconds
303.036: Application time: 0.0253000 seconds
303.036: [Full GC [PSYoungGen: 138240K->32836K(161280K)] [ParOldGen: 367741K->367741K(368128K)] 505981K->400577K(529408K) [PSPermGen: 13650K->13650K(21504K)], 0.0736900 secs] [Times: user=0.52 sys=0.00, real=0.07 secs] 
303.110: Total time for which application threads were stopped: 0.0743080 seconds, Stopping threads took: 0.0000560 seconds
303.136: Application time: 0.0258950 seconds
303.137: [Full GC [PSYoungGen: 138240K->32837K(161280K)] [ParOldGen: 367741K->367741K(368128K)] 505981K->400579K(529408K) [PSPermGen: 13650K->13650K(21504K)], 0.0729940 secs] [Times: user=0.51 sys=0.00, real=0.07 secs] 
303.210: Total time for which application threads were stopped: 0.0736880 seconds, Stopping threads took: 0.0000620 seconds
303.235: Application time: 0.0248170 seconds
303.235: [Full GC [PSYoungGen: 138240K->32852K(161280K)] [ParOldGen: 367741K->367741K(368128K)] 505981K->400593K(529408K) [PSPermGen: 13650K->13650K(21504K)], 0.0735660 secs] [Times: user=0.52 sys=0.00, real=0.07 secs] 
303.309: Total time for which application threads were stopped: 0.0742520 seconds, Stopping threads took: 0.0000690 seconds
303.334: Application time: 0.0249470 seconds
303.335: [Full GC [PSYoungGen: 138240K->32868K(161280K)] [ParOldGen: 367741K->367741K(368128K)] 505981K->400609K(529408K) [PSPermGen: 13650K->13650K(21504K)], 0.0736720 secs] [Times: user=0.53 sys=0.00, real=0.07 secs] 
303.408: Total time for which application threads were stopped: 0.0744410 seconds, Stopping threads took: 0.0001010 seconds
303.433: Application time: 0.0247720 seconds
303.434: [Full GC [PSYoungGen: 138240K->32881K(161280K)] [ParOldGen: 367741K->367741K(368128K)] 505981K->400623K(529408K) [PSPermGen: 13650K->13650K(21504K)], 0.0738940 secs] [Times: user=0.51 sys=0.00, real=0.07 secs] 
303.508: Total time for which application threads were stopped: 0.0745270 seconds, Stopping threads took: 0.0000670 seconds
303.533: Application time: 0.0249780 seconds
303.533: [Full GC [PSYoungGen: 138240K->32897K(161280K)] [ParOldGen: 367741K->367741K(368128K)] 505981K->400638K(529408K) [PSPermGen: 13650K->13650K(21504K)], 0.0739160 secs] [Times: user=0.52 sys=0.00, real=0.08 secs] 
303.607: Total time for which application threads were stopped: 0.0745130 seconds, Stopping threads took: 0.0000490 seconds
303.632: Application time: 0.0248270 seconds
303.633: [Full GC [PSYoungGen: 138240K->32912K(161280K)] [ParOldGen: 367741K->367741K(368128K)] 505981K->400653K(529408K) [PSPermGen: 13650K->13650K(21504K)], 0.0735390 secs] [Times: user=0.52 sys=0.00, real=0.08 secs] 
303.706: Total time for which application threads were stopped: 0.0742060 seconds, Stopping threads took: 0.0000480 seconds
303.731: Application time: 0.0252090 seconds
303.732: [Full GC [PSYoungGen: 138240K->32929K(161280K)] [ParOldGen: 367741K->367741K(368128K)] 505981K->400670K(529408K) [PSPermGen: 13650K->13650K(21504K)], 0.0748290 secs] [Times: user=0.52 sys=0.00, real=0.08 secs] 
303.807: Total time for which application threads were stopped: 0.0755440 seconds, Stopping threads took: 0.0000550 seconds
303.832: Application time: 0.0251230 seconds
303.833: [Full GC [PSYoungGen: 138240K->32942K(161280K)] [ParOldGen: 367741K->367741K(368128K)] 505981K->400683K(529408K) [PSPermGen: 13650K->13650K(21504K)], 0.0728970 secs] [Times: user=0.52 sys=0.00, real=0.08 secs] 
303.906: Total time for which application threads were stopped: 0.0736100 seconds, Stopping threads took: 0.0000740 seconds
303.931: Application time: 0.0252360 seconds
303.931: [Full GC [PSYoungGen: 138240K->32956K(161280K)] [ParOldGen: 367741K->367741K(368128K)] 505981K->400698K(529408K) [PSPermGen: 13650K->13650K(21504K)], 0.0740020 secs] [Times: user=0.52 sys=0.00, real=0.07 secs] 
304.006: Total time for which application threads were stopped: 0.0746490 seconds, Stopping threads took: 0.0000760 seconds
304.031: Application time: 0.0251200 seconds
304.031: [Full GC [PSYoungGen: 138240K->32971K(161280K)] [ParOldGen: 367741K->367741K(368128K)] 505981K->400712K(529408K) [PSPermGen: 13650K->13650K(21504K)], 0.0736520 secs] [Times: user=0.51 sys=0.00, real=0.07 secs] 
304.105: Total time for which application threads were stopped: 0.0742700 seconds, Stopping threads took: 0.0000550 seconds
304.131: Application time: 0.0262440 seconds
304.132: [Full GC [PSYoungGen: 138240K->32924K(161280K)] [ParOldGen: 367741K->367741K(368128K)] 505981K->400666K(529408K) [PSPermGen: 13650K->13650K(21504K)], 0.0739820 secs] [Times: user=0.52 sys=0.00, real=0.08 secs] 
304.206: Total time for which application threads were stopped: 0.0745730 seconds, Stopping threads took: 0.0000490 seconds
304.231: Application time: 0.0248720 seconds
304.231: [Full GC [PSYoungGen: 138240K->32931K(161280K)] [ParOldGen: 367741K->367741K(368128K)] 505981K->400672K(529408K) [PSPermGen: 13650K->13650K(21504K)], 0.0739740 secs] [Times: user=0.52 sys=0.00, real=0.07 secs] 
304.305: Total time for which application threads were stopped: 0.0746610 seconds, Stopping threads took: 0.0000630 seconds
304.330: Application time: 0.0249860 seconds
304.331: [Full GC [PSYoungGen: 138240K->32944K(161280K)] [ParOldGen: 367741K->367741K(368128K)] 505981K->400686K(529408K) [PSPermGen: 13650K->13650K(21504K)], 0.0732000 secs] [Times: user=0.52 sys=0.00, real=0.07 secs] 
304.404: Total time for which application threads were stopped: 0.0738990 seconds, Stopping threads took: 0.0000460 seconds
304.429: Application time: 0.0248270 seconds
304.430: [Full GC [PSYoungGen: 138240K->32961K(161280K)] [ParOldGen: 367741K->367741K(368128K)] 505981K->400702K(529408K) [PSPermGen: 13650K->13650K(21504K)], 0.0734270 secs] [Times: user=0.52 sys=0.00, real=0.07 secs] 
304.503: Total time for which application threads were stopped: 0.0741380 seconds, Stopping threads took: 0.0000670 seconds
304.528: Application time: 0.0247730 seconds
304.529: [Full GC [PSYoungGen: 138240K->32977K(161280K)] [ParOldGen: 367741K->367741K(368128K)] 505981K->400718K(529408K) [PSPermGen: 13650K->13650K(21504K)], 0.0732800 secs] [Times: user=0.52 sys=0.00, real=0.07 secs] 
304.602: Total time for which application threads were stopped: 0.0740170 seconds, Stopping threads took: 0.0000750 seconds
304.627: Application time: 0.0246830 seconds
304.627: [Full GC [PSYoungGen: 138240K->32991K(161280K)] [ParOldGen: 367741K->367741K(368128K)] 505981K->400732K(529408K) [PSPermGen: 13650K->13650K(21504K)], 0.0735730 secs] [Times: user=0.52 sys=0.00, real=0.07 secs] 
304.701: Total time for which application threads were stopped: 0.0742760 seconds, Stopping threads took: 0.0000680 seconds
304.725: Application time: 0.0246190 seconds
304.726: [Full GC [PSYoungGen: 138240K->33006K(161280K)] [ParOldGen: 367741K->367741K(368128K)] 505981K->400748K(529408K) [PSPermGen: 13650K->13650K(21504K)], 0.0730200 secs] [Times: user=0.52 sys=0.00, real=0.07 secs] 
304.799: Total time for which application threads were stopped: 0.0737170 seconds, Stopping threads took: 0.0000750 seconds
304.824: Application time: 0.0248540 seconds
304.825: [Full GC [PSYoungGen: 138240K->33022K(161280K)] [ParOldGen: 367741K->367741K(368128K)] 505981K->400763K(529408K) [PSPermGen: 13650K->13650K(21504K)], 0.0727660 secs] [Times: user=0.51 sys=0.00, real=0.08 secs] 
304.898: Total time for which application threads were stopped: 0.0734880 seconds, Stopping threads took: 0.0000720 seconds
304.923: Application time: 0.0250690 seconds
304.923: [Full GC [PSYoungGen: 138240K->32981K(161280K)] [ParOldGen: 367741K->367741K(368128K)] 505981K->400723K(529408K) [PSPermGen: 13650K->13650K(21504K)], 0.0739060 secs] [Times: user=0.52 sys=0.00, real=0.08 secs] 
304.997: Total time for which application threads were stopped: 0.0745500 seconds, Stopping threads took: 0.0000470 seconds
305.022: Application time: 0.0252140 seconds
305.023: [Full GC [PSYoungGen: 138240K->32981K(161280K)] [ParOldGen: 367741K->367741K(368128K)] 505981K->400722K(529408K) [PSPermGen: 13650K->13650K(21504K)], 0.0733290 secs] [Times: user=0.51 sys=0.00, real=0.08 secs] 
305.096: Total time for which application threads were stopped: 0.0740440 seconds, Stopping threads took: 0.0000860 seconds
305.121: Application time: 0.0248740 seconds
305.122: [Full GC [PSYoungGen: 138240K->32997K(161280K)] [ParOldGen: 367741K->367741K(368128K)] 505981K->400739K(529408K) [PSPermGen: 13650K->13650K(21504K)], 0.0740450 secs] [Times: user=0.52 sys=0.00, real=0.08 secs] 
305.196: Total time for which application threads were stopped: 0.0748680 seconds, Stopping threads took: 0.0000700 seconds
305.221: Application time: 0.0251280 seconds
305.222: [Full GC [PSYoungGen: 138240K->33013K(161280K)] [ParOldGen: 367741K->367741K(368128K)] 505981K->400754K(529408K) [PSPermGen: 13650K->13650K(21504K)], 0.0750100 secs] [Times: user=0.52 sys=0.00, real=0.08 secs] 
305.297: Total time for which application threads were stopped: 0.0756290 seconds, Stopping threads took: 0.0000490 seconds
305.322: Application time: 0.0249620 seconds
305.323: [Full GC [PSYoungGen: 138240K->33025K(161280K)] [ParOldGen: 367741K->367741K(368128K)] 505981K->400767K(529408K) [PSPermGen: 13650K->13650K(21504K)], 0.0735480 secs] [Times: user=0.52 sys=0.00, real=0.08 secs] 
305.396: Total time for which application threads were stopped: 0.0742410 seconds, Stopping threads took: 0.0000420 seconds
305.421: Application time: 0.0250620 seconds
305.422: [Full GC [PSYoungGen: 138240K->32987K(161280K)] [ParOldGen: 367741K->367741K(368128K)] 505981K->400728K(529408K) [PSPermGen: 13650K->13650K(21504K)], 0.0734710 secs] [Times: user=0.52 sys=0.00, real=0.08 secs] 
305.495: Total time for which application threads were stopped: 0.0741690 seconds, Stopping threads took: 0.0000480 seconds
305.520: Application time: 0.0247390 seconds
305.521: [Full GC [PSYoungGen: 138240K->32984K(161280K)] [ParOldGen: 367741K->367741K(368128K)] 505981K->400726K(529408K) [PSPermGen: 13650K->13650K(21504K)], 0.0734640 secs] [Times: user=0.52 sys=0.00, real=0.08 secs] 
305.594: Total time for which application threads were stopped: 0.0741550 seconds, Stopping threads took: 0.0000620 seconds
305.619: Application time: 0.0249970 seconds
305.620: [Full GC [PSYoungGen: 138240K->33000K(161280K)] [ParOldGen: 367741K->367741K(368128K)] 505981K->400741K(529408K) [PSPermGen: 13650K->13650K(21504K)], 0.0743930 secs] [Times: user=0.53 sys=0.00, real=0.08 secs] 
305.694: Total time for which application threads were stopped: 0.0750290 seconds, Stopping threads took: 0.0000800 seconds
305.719: Application time: 0.0250230 seconds
305.722: [Full GC [PSYoungGen: 138240K->33017K(161280K)] [ParOldGen: 367741K->367741K(368128K)] 505981K->400758K(529408K) [PSPermGen: 13650K->13650K(21504K)], 0.0739240 secs] [Times: user=0.52 sys=0.00, real=0.08 secs] 
305.796: Total time for which application threads were stopped: 0.0767150 seconds, Stopping threads took: 0.0021930 seconds
305.821: Application time: 0.0248890 seconds
305.822: [Full GC [PSYoungGen: 138240K->33032K(161280K)] [ParOldGen: 367741K->367741K(368128K)] 505981K->400774K(529408K) [PSPermGen: 13650K->13650K(21504K)], 0.0743410 secs] [Times: user=0.51 sys=0.00, real=0.08 secs] 
305.896: Total time for which application threads were stopped: 0.0750250 seconds, Stopping threads took: 0.0000500 seconds
305.921: Application time: 0.0248110 seconds
305.921: [Full GC [PSYoungGen: 138240K->33048K(161280K)] [ParOldGen: 367741K->367741K(368128K)] 505981K->400789K(529408K) [PSPermGen: 13650K->13650K(21504K)], 0.0740250 secs] [Times: user=0.52 sys=0.00, real=0.08 secs] 
305.995: Total time for which application threads were stopped: 0.0746380 seconds, Stopping threads took: 0.0000550 seconds
306.020: Application time: 0.0249980 seconds
306.021: [Full GC [PSYoungGen: 138240K->33063K(161280K)] [ParOldGen: 367741K->367741K(368128K)] 505981K->400804K(529408K) [PSPermGen: 13650K->13650K(21504K)], 0.0730780 secs] [Times: user=0.51 sys=0.00, real=0.08 secs] 
306.094: Total time for which application threads were stopped: 0.0737890 seconds, Stopping threads took: 0.0000740 seconds
306.119: Application time: 0.0248710 seconds
306.120: [Full GC [PSYoungGen: 138240K->33078K(161280K)] [ParOldGen: 367741K->367741K(368128K)] 505981K->400820K(529408K) [PSPermGen: 13650K->13650K(21504K)], 0.0743700 secs] [Times: user=0.52 sys=0.00, real=0.08 secs] 
306.194: Total time for which application threads were stopped: 0.0750020 seconds, Stopping threads took: 0.0000770 seconds
306.219: Application time: 0.0249880 seconds
306.220: [Full GC [PSYoungGen: 138240K->33093K(161280K)] [ParOldGen: 367741K->367741K(368128K)] 505981K->400834K(529408K) [PSPermGen: 13650K->13650K(21504K)], 0.0738870 secs] [Times: user=0.52 sys=0.00, real=0.08 secs] 
306.294: Total time for which application threads were stopped: 0.0745040 seconds, Stopping threads took: 0.0000550 seconds
306.319: Application time: 0.0254260 seconds
306.320: [Full GC [PSYoungGen: 138240K->32998K(161280K)] [ParOldGen: 367741K->367741K(368128K)] 505981K->400739K(529408K) [PSPermGen: 13650K->13650K(21504K)], 0.0733800 secs] [Times: user=0.52 sys=0.00, real=0.07 secs] 
306.393: Total time for which application threads were stopped: 0.0741060 seconds, Stopping threads took: 0.0000760 seconds
306.418: Application time: 0.0253240 seconds
306.419: [Full GC [PSYoungGen: 138240K->32873K(161280K)] [ParOldGen: 367741K->367741K(368128K)] 505981K->400615K(529408K) [PSPermGen: 13650K->13650K(21504K)], 0.0731790 secs] [Times: user=0.51 sys=0.00, real=0.07 secs] 
306.492: Total time for which application threads were stopped: 0.0738820 seconds, Stopping threads took: 0.0000500 seconds
306.517: Application time: 0.0246540 seconds
306.518: [Full GC [PSYoungGen: 138240K->32856K(161280K)] [ParOldGen: 367741K->367741K(368128K)] 505981K->400598K(529408K) [PSPermGen: 13650K->13650K(21504K)], 0.0737110 secs] [Times: user=0.52 sys=0.00, real=0.07 secs] 
306.591: Total time for which application threads were stopped: 0.0744230 seconds, Stopping threads took: 0.0000660 seconds
306.616: Application time: 0.0249820 seconds
306.617: [Full GC [PSYoungGen: 138240K->32872K(161280K)] [ParOldGen: 367741K->367741K(368128K)] 505981K->400613K(529408K) [PSPermGen: 13650K->13650K(21504K)], 0.0731510 secs] [Times: user=0.51 sys=0.00, real=0.07 secs] 
306.690: Total time for which application threads were stopped: 0.0737960 seconds, Stopping threads took: 0.0000770 seconds
306.715: Application time: 0.0247880 seconds
306.716: [Full GC [PSYoungGen: 138240K->32886K(161280K)] [ParOldGen: 367741K->367740K(368128K)] 505981K->400627K(529408K) [PSPermGen: 13650K->13650K(21504K)], 0.2132600 secs] [Times: user=1.57 sys=0.00, real=0.21 secs] 
306.929: Total time for which application threads were stopped: 0.2139130 seconds, Stopping threads took: 0.0000670 seconds
306.954: Application time: 0.0249940 seconds
306.955: [Full GC [PSYoungGen: 138240K->32901K(161280K)] [ParOldGen: 367740K->367740K(368128K)] 505980K->400642K(529408K) [PSPermGen: 13650K->13650K(21504K)], 0.0731850 secs] [Times: user=0.51 sys=0.00, real=0.07 secs] 
307.028: Total time for which application threads were stopped: 0.0738970 seconds, Stopping threads took: 0.0000390 seconds
307.053: Application time: 0.0250360 seconds
307.053: [Full GC [PSYoungGen: 138240K->32862K(161280K)] [ParOldGen: 367740K->367740K(368128K)] 505980K->400603K(529408K) [PSPermGen: 13650K->13650K(21504K)], 0.0743470 secs] [Times: user=0.51 sys=0.00, real=0.08 secs] 
307.128: Total time for which application threads were stopped: 0.0749790 seconds, Stopping threads took: 0.0000800 seconds
307.152: Application time: 0.0244290 seconds
307.153: [Full GC [PSYoungGen: 138240K->32860K(161280K)] [ParOldGen: 367740K->367740K(368128K)] 505980K->400601K(529408K) [PSPermGen: 13650K->13650K(21504K)], 0.0733960 secs] [Times: user=0.52 sys=0.00, real=0.08 secs] 
307.226: Total time for which application threads were stopped: 0.0741160 seconds, Stopping threads took: 0.0000900 seconds
307.251: Application time: 0.0249960 seconds
307.252: [Full GC [PSYoungGen: 138240K->32877K(161280K)] [ParOldGen: 367740K->367740K(368128K)] 505980K->400618K(529408K) [PSPermGen: 13650K->13650K(21504K)], 0.0736080 secs] [Times: user=0.52 sys=0.00, real=0.08 secs] 
307.326: Total time for which application threads were stopped: 0.0742130 seconds, Stopping threads took: 0.0000420 seconds
307.351: Application time: 0.0249510 seconds
307.351: [Full GC [PSYoungGen: 138240K->32892K(161280K)] [ParOldGen: 367740K->367740K(368128K)] 505980K->400633K(529408K) [PSPermGen: 13650K->13650K(21504K)], 0.0738770 secs] [Times: user=0.52 sys=0.00, real=0.07 secs] 
307.425: Total time for which application threads were stopped: 0.0745480 seconds, Stopping threads took: 0.0001190 seconds
307.450: Application time: 0.0249380 seconds
307.451: [Full GC [PSYoungGen: 138240K->32908K(161280K)] [ParOldGen: 367740K->367740K(368128K)] 505980K->400649K(529408K) [PSPermGen: 13650K->13650K(21504K)], 0.0733920 secs] [Times: user=0.52 sys=0.00, real=0.07 secs] 
307.524: Total time for which application threads were stopped: 0.0740830 seconds, Stopping threads took: 0.0000850 seconds
307.549: Application time: 0.0250270 seconds
307.550: [Full GC [PSYoungGen: 138240K->32923K(161280K)] [ParOldGen: 367740K->367740K(368128K)] 505980K->400664K(529408K) [PSPermGen: 13650K->13650K(21504K)], 0.0732540 secs] [Times: user=0.52 sys=0.00, real=0.07 secs] 
307.623: Total time for which application threads were stopped: 0.0739950 seconds, Stopping threads took: 0.0000700 seconds
307.648: Application time: 0.0248260 seconds
307.649: [Full GC [PSYoungGen: 138240K->32937K(161280K)] [ParOldGen: 367740K->367740K(368128K)] 505980K->400678K(529408K) [PSPermGen: 13650K->13650K(21504K)], 0.0726510 secs] [Times: user=0.51 sys=0.00, real=0.07 secs] 
307.721: Total time for which application threads were stopped: 0.0733560 seconds, Stopping threads took: 0.0000710 seconds
307.747: Application time: 0.0253380 seconds
307.747: [Full GC [PSYoungGen: 138240K->32952K(161280K)] [ParOldGen: 367740K->367740K(368128K)] 505980K->400693K(529408K) [PSPermGen: 13650K->13650K(21504K)], 0.0743970 secs] [Times: user=0.52 sys=0.00, real=0.07 secs] 
307.822: Total time for which application threads were stopped: 0.0751190 seconds, Stopping threads took: 0.0000960 seconds
307.847: Application time: 0.0251090 seconds
307.848: [Full GC [PSYoungGen: 138240K->32966K(161280K)] [ParOldGen: 367740K->367740K(368128K)] 505980K->400707K(529408K) [PSPermGen: 13650K->13650K(21504K)], 0.0736970 secs] [Times: user=0.51 sys=0.00, real=0.07 secs] 
307.921: Total time for which application threads were stopped: 0.0743430 seconds, Stopping threads took: 0.0000940 seconds
307.947: Application time: 0.0252050 seconds
307.947: [Full GC [PSYoungGen: 138240K->32976K(161280K)] [ParOldGen: 367740K->367740K(368128K)] 505980K->400717K(529408K) [PSPermGen: 13650K->13650K(21504K)], 0.0737160 secs] [Times: user=0.52 sys=0.00, real=0.07 secs] 
308.021: Total time for which application threads were stopped: 0.0743280 seconds, Stopping threads took: 0.0000560 seconds
308.046: Application time: 0.0249740 seconds
308.046: [Full GC [PSYoungGen: 138240K->32996K(161280K)] [ParOldGen: 367740K->367740K(368128K)] 505980K->400737K(529408K) [PSPermGen: 13650K->13650K(21504K)], 0.0734900 secs] [Times: user=0.52 sys=0.00, real=0.07 secs] 
308.120: Total time for which application threads were stopped: 0.0742190 seconds, Stopping threads took: 0.0000750 seconds
308.146: Application time: 0.0261610 seconds
308.147: [Full GC [PSYoungGen: 138240K->32957K(161280K)] [ParOldGen: 367740K->367740K(368128K)] 505980K->400698K(529408K) [PSPermGen: 13650K->13650K(21504K)], 0.0735780 secs] [Times: user=0.52 sys=0.00, real=0.07 secs] 
308.220: Total time for which application threads were stopped: 0.0742860 seconds, Stopping threads took: 0.0000550 seconds
308.246: Application time: 0.0250490 seconds
308.246: [Full GC [PSYoungGen: 138240K->32955K(161280K)] [ParOldGen: 367740K->367740K(368128K)] 505980K->400696K(529408K) [PSPermGen: 13650K->13650K(21504K)], 0.0747530 secs] [Times: user=0.51 sys=0.01, real=0.07 secs] 
308.321: Total time for which application threads were stopped: 0.0754760 seconds, Stopping threads took: 0.0000870 seconds
308.346: Application time: 0.0249180 seconds
308.347: [Full GC [PSYoungGen: 138240K->32971K(161280K)] [ParOldGen: 367740K->367740K(368128K)] 505980K->400712K(529408K) [PSPermGen: 13650K->13650K(21504K)], 0.0740430 secs] [Times: user=0.51 sys=0.00, real=0.07 secs] 
308.421: Total time for which application threads were stopped: 0.0747710 seconds, Stopping threads took: 0.0000890 seconds
308.445: Application time: 0.0246420 seconds
308.446: [Full GC [PSYoungGen: 138240K->32987K(161280K)] [ParOldGen: 367740K->367740K(368128K)] 505980K->400728K(529408K) [PSPermGen: 13650K->13650K(21504K)], 0.0735420 secs] [Times: user=0.51 sys=0.00, real=0.07 secs] 
308.520: Total time for which application threads were stopped: 0.0742250 seconds, Stopping threads took: 0.0000630 seconds
308.544: Application time: 0.0247500 seconds
308.545: [Full GC [PSYoungGen: 138240K->33002K(161280K)] [ParOldGen: 367740K->367740K(368128K)] 505980K->400743K(529408K) [PSPermGen: 13650K->13650K(21504K)], 0.0737170 secs] [Times: user=0.51 sys=0.00, real=0.08 secs] 
308.619: Total time for which application threads were stopped: 0.0743910 seconds, Stopping threads took: 0.0000570 seconds
308.644: Application time: 0.0250960 seconds
308.644: [Full GC [PSYoungGen: 138240K->33018K(161280K)] [ParOldGen: 367740K->367740K(368128K)] 505980K->400759K(529408K) [PSPermGen: 13650K->13650K(21504K)], 0.0742710 secs] [Times: user=0.51 sys=0.01, real=0.08 secs] 
308.719: Total time for which application threads were stopped: 0.0748990 seconds, Stopping threads took: 0.0000680 seconds
308.744: Application time: 0.0248440 seconds
308.744: [Full GC [PSYoungGen: 138240K->33030K(161280K)] [ParOldGen: 367740K->367740K(368128K)] 505980K->400771K(529408K) [PSPermGen: 13650K->13650K(21504K)], 0.0737750 secs] [Times: user=0.52 sys=0.00, real=0.08 secs] 
308.818: Total time for which application threads were stopped: 0.0745250 seconds, Stopping threads took: 0.0000870 seconds
308.843: Application time: 0.0253450 seconds
308.844: [Full GC [PSYoungGen: 138240K->32993K(161280K)] [ParOldGen: 367740K->367740K(368128K)] 505980K->400734K(529408K) [PSPermGen: 13650K->13650K(21504K)], 0.0734540 secs] [Times: user=0.51 sys=0.00, real=0.08 secs] 
308.918: Total time for which application threads were stopped: 0.0741870 seconds, Stopping threads took: 0.0001130 seconds
308.943: Application time: 0.0249780 seconds
308.943: [Full GC [PSYoungGen: 138240K->32992K(161280K)] [ParOldGen: 367740K->367740K(368128K)] 505980K->400733K(529408K) [PSPermGen: 13650K->13650K(21504K)], 0.0743070 secs] [Times: user=0.53 sys=0.00, real=0.08 secs] 
309.018: Total time for which application threads were stopped: 0.0749860 seconds, Stopping threads took: 0.0000660 seconds
309.043: Application time: 0.0250170 seconds
309.043: [Full GC [PSYoungGen: 138240K->33005K(161280K)] [ParOldGen: 367740K->367740K(368128K)] 505980K->400746K(529408K) [PSPermGen: 13650K->13650K(21504K)], 0.0724610 secs] [Times: user=0.50 sys=0.01, real=0.08 secs] 
309.116: Total time for which application threads were stopped: 0.0731410 seconds, Stopping threads took: 0.0000590 seconds
309.141: Application time: 0.0256160 seconds
309.142: [Full GC [PSYoungGen: 138240K->32960K(161280K)] [ParOldGen: 367740K->367740K(368128K)] 505980K->400701K(529408K) [PSPermGen: 13650K->13650K(21504K)], 0.0728120 secs] [Times: user=0.51 sys=0.00, real=0.08 secs] 
309.215: Total time for which application threads were stopped: 0.0734570 seconds, Stopping threads took: 0.0000560 seconds
309.240: Application time: 0.0249300 seconds
309.240: [Full GC [PSYoungGen: 138240K->32965K(161280K)] [ParOldGen: 367740K->367740K(368128K)] 505980K->400706K(529408K) [PSPermGen: 13650K->13650K(21504K)], 0.0748080 secs] [Times: user=0.53 sys=0.00, real=0.08 secs] 
309.315: Total time for which application threads were stopped: 0.0754260 seconds, Stopping threads took: 0.0000630 seconds
309.340: Application time: 0.0249800 seconds
309.341: [Full GC [PSYoungGen: 138240K->32980K(161280K)] [ParOldGen: 367740K->367740K(368128K)] 505980K->400720K(529408K) [PSPermGen: 13650K->13650K(21504K)], 0.0734940 secs] [Times: user=0.52 sys=0.00, real=0.08 secs] 
309.414: Total time for which application threads were stopped: 0.0742320 seconds, Stopping threads took: 0.0000590 seconds
309.439: Application time: 0.0248770 seconds
309.440: [Full GC [PSYoungGen: 138240K->32993K(161280K)] [ParOldGen: 367740K->367740K(368128K)] 505980K->400734K(529408K) [PSPermGen: 13650K->13650K(21504K)], 0.0736860 secs] [Times: user=0.52 sys=0.00, real=0.08 secs] 
309.514: Total time for which application threads were stopped: 0.0743670 seconds, Stopping threads took: 0.0000600 seconds
309.539: Application time: 0.0249610 seconds
309.539: [Full GC [PSYoungGen: 138240K->33013K(161280K)] [ParOldGen: 367740K->367740K(368128K)] 505980K->400754K(529408K) [PSPermGen: 13650K->13650K(21504K)], 0.0750230 secs] [Times: user=0.51 sys=0.00, real=0.08 secs] 
309.614: Total time for which application threads were stopped: 0.0757100 seconds, Stopping threads took: 0.0000610 seconds
309.639: Application time: 0.0250480 seconds
309.640: [Full GC [PSYoungGen: 138240K->33028K(161280K)] [ParOldGen: 367740K->367740K(368128K)] 505980K->400769K(529408K) [PSPermGen: 13650K->13650K(21504K)], 0.0739060 secs] [Times: user=0.52 sys=0.00, real=0.08 secs] 
309.714: Total time for which application threads were stopped: 0.0745860 seconds, Stopping threads took: 0.0000510 seconds
309.739: Application time: 0.0252500 seconds
309.740: [Full GC [PSYoungGen: 138240K->33042K(161280K)] [ParOldGen: 367740K->367740K(368128K)] 505980K->400783K(529408K) [PSPermGen: 13650K->13650K(21504K)], 0.0774260 secs] [Times: user=0.54 sys=0.00, real=0.08 secs] 
309.817: Total time for which application threads were stopped: 0.0781050 seconds, Stopping threads took: 0.0000530 seconds
309.842: Application time: 0.0249130 seconds
309.843: [Full GC [PSYoungGen: 138240K->33057K(161280K)] [ParOldGen: 367740K->367740K(368128K)] 505980K->400798K(529408K) [PSPermGen: 13650K->13650K(21504K)], 0.0737070 secs] [Times: user=0.51 sys=0.00, real=0.08 secs] 
309.917: Total time for which application threads were stopped: 0.0744210 seconds, Stopping threads took: 0.0000580 seconds
309.942: Application time: 0.0250090 seconds
309.942: [Full GC [PSYoungGen: 138240K->33072K(161280K)] [ParOldGen: 367740K->367740K(368128K)] 505980K->400813K(529408K) [PSPermGen: 13650K->13650K(21504K)], 0.0735670 secs] [Times: user=0.52 sys=0.00, real=0.08 secs] 
310.016: Total time for which application threads were stopped: 0.0741780 seconds, Stopping threads took: 0.0000480 seconds
310.041: Application time: 0.0248750 seconds
310.041: [Full GC [PSYoungGen: 138240K->33086K(161280K)] [ParOldGen: 367740K->367740K(368128K)] 505980K->400827K(529408K) [PSPermGen: 13650K->13650K(21504K)], 0.0739190 secs] [Times: user=0.52 sys=0.00, real=0.08 secs] 
310.115: Total time for which application threads were stopped: 0.0745240 seconds, Stopping threads took: 0.0000500 seconds
310.143: Application time: 0.0272240 seconds
310.143: [Full GC [PSYoungGen: 138240K->32990K(161280K)] [ParOldGen: 367740K->367740K(368128K)] 505980K->400731K(529408K) [PSPermGen: 13650K->13650K(21504K)], 0.0735620 secs] [Times: user=0.52 sys=0.00, real=0.08 secs] 
310.217: Total time for which application threads were stopped: 0.0742620 seconds, Stopping threads took: 0.0000930 seconds
310.242: Application time: 0.0253980 seconds
310.243: [Full GC [PSYoungGen: 138240K->32854K(161280K)] [ParOldGen: 367740K->367740K(368128K)] 505980K->400595K(529408K) [PSPermGen: 13650K->13650K(21504K)], 0.0732200 secs] [Times: user=0.51 sys=0.00, real=0.08 secs] 
310.316: Total time for which application threads were stopped: 0.0739070 seconds, Stopping threads took: 0.0000600 seconds
310.341: Application time: 0.0248560 seconds
310.342: [Full GC [PSYoungGen: 138240K->32853K(161280K)] [ParOldGen: 367740K->367740K(368128K)] 505980K->400593K(529408K) [PSPermGen: 13650K->13650K(21504K)], 0.0726210 secs] [Times: user=0.52 sys=0.00, real=0.08 secs] 
310.414: Total time for which application threads were stopped: 0.0732650 seconds, Stopping threads took: 0.0000640 seconds
310.439: Application time: 0.0249490 seconds
310.440: [Full GC [PSYoungGen: 138240K->32867K(161280K)] [ParOldGen: 367740K->367740K(368128K)] 505980K->400608K(529408K) [PSPermGen: 13650K->13650K(21504K)], 0.0730750 secs] [Times: user=0.52 sys=0.00, real=0.07 secs] 
310.513: Total time for which application threads were stopped: 0.0737710 seconds, Stopping threads took: 0.0000730 seconds
310.538: Application time: 0.0251750 seconds
310.539: [Full GC [PSYoungGen: 138240K->32883K(161280K)] [ParOldGen: 367740K->367740K(368128K)] 505980K->400624K(529408K) [PSPermGen: 13650K->13650K(21504K)], 0.0733160 secs] [Times: user=0.52 sys=0.00, real=0.07 secs] 
310.612: Total time for which application threads were stopped: 0.0740240 seconds, Stopping threads took: 0.0000740 seconds
310.637: Application time: 0.0251880 seconds
310.638: [Full GC [PSYoungGen: 138240K->32896K(161280K)] [ParOldGen: 367740K->367740K(368128K)] 505980K->400637K(529408K) [PSPermGen: 13650K->13650K(21504K)], 0.0733440 secs] [Times: user=0.51 sys=0.00, real=0.07 secs] 
310.711: Total time for which application threads were stopped: 0.0740490 seconds, Stopping threads took: 0.0000630 seconds
310.737: Application time: 0.0254480 seconds
310.737: [Full GC [PSYoungGen: 138240K->32911K(161280K)] [ParOldGen: 367740K->367740K(368128K)] 505980K->400652K(529408K) [PSPermGen: 13650K->13650K(21504K)], 0.0744860 secs] [Times: user=0.53 sys=0.01, real=0.07 secs] 
310.812: Total time for which application threads were stopped: 0.0751930 seconds, Stopping threads took: 0.0000560 seconds
310.837: Application time: 0.0251240 seconds
310.838: [Full GC [PSYoungGen: 138240K->32852K(161280K)] [ParOldGen: 367740K->367740K(368128K)] 505980K->400593K(529408K) [PSPermGen: 13650K->13650K(21504K)], 0.0736430 secs] [Times: user=0.52 sys=0.00, real=0.07 secs] 
310.912: Total time for which application threads were stopped: 0.0743400 seconds, Stopping threads took: 0.0000820 seconds
310.937: Application time: 0.0251400 seconds
310.937: [Full GC [PSYoungGen: 138240K->32870K(161280K)] [ParOldGen: 367740K->367740K(368128K)] 505980K->400611K(529408K) [PSPermGen: 13650K->13650K(21504K)], 0.0729670 secs] [Times: user=0.51 sys=0.00, real=0.07 secs] 
311.010: Total time for which application threads were stopped: 0.0736310 seconds, Stopping threads took: 0.0000490 seconds
311.035: Application time: 0.0250000 seconds
311.036: [Full GC [PSYoungGen: 138240K->32887K(161280K)] [ParOldGen: 367740K->367740K(368128K)] 505980K->400628K(529408K) [PSPermGen: 13650K->13650K(21504K)], 0.0740530 secs] [Times: user=0.52 sys=0.00, real=0.07 secs] 
311.110: Total time for which application threads were stopped: 0.0746740 seconds, Stopping threads took: 0.0000510 seconds
311.136: Application time: 0.0258180 seconds
311.136: [Full GC [PSYoungGen: 138240K->32903K(161280K)] [ParOldGen: 367740K->367740K(368128K)] 505980K->400644K(529408K) [PSPermGen: 13650K->13650K(21504K)], 0.0732910 secs] [Times: user=0.52 sys=0.00, real=0.07 secs] 
311.210: Total time for which application threads were stopped: 0.0739750 seconds, Stopping threads took: 0.0000850 seconds
311.235: Application time: 0.0251240 seconds
311.235: [Full GC [PSYoungGen: 138240K->32917K(161280K)] [ParOldGen: 367740K->367740K(368128K)] 505980K->400658K(529408K) [PSPermGen: 13650K->13650K(21504K)], 0.0735800 secs] [Times: user=0.50 sys=0.00, real=0.07 secs] 
311.309: Total time for which application threads were stopped: 0.0742030 seconds, Stopping threads took: 0.0000700 seconds
311.334: Application time: 0.0251930 seconds
311.335: [Full GC [PSYoungGen: 138240K->32931K(161280K)] [ParOldGen: 367740K->367740K(368128K)] 505980K->400672K(529408K) [PSPermGen: 13650K->13650K(21504K)], 0.0733000 secs] [Times: user=0.52 sys=0.00, real=0.07 secs] 
311.408: Total time for which application threads were stopped: 0.0739960 seconds, Stopping threads took: 0.0000600 seconds
311.433: Application time: 0.0251060 seconds
311.434: [Full GC [PSYoungGen: 138240K->32946K(161280K)] [ParOldGen: 367740K->367740K(368128K)] 505980K->400687K(529408K) [PSPermGen: 13650K->13650K(21504K)], 0.0738340 secs] [Times: user=0.51 sys=0.00, real=0.07 secs] 
311.508: Total time for which application threads were stopped: 0.0744650 seconds, Stopping threads took: 0.0000700 seconds
311.533: Application time: 0.0251330 seconds
311.534: [Full GC [PSYoungGen: 138240K->32960K(161280K)] [ParOldGen: 367740K->367740K(368128K)] 505980K->400701K(529408K) [PSPermGen: 13650K->13650K(21504K)], 0.0733980 secs] [Times: user=0.52 sys=0.00, real=0.07 secs] 
311.607: Total time for which application threads were stopped: 0.0740130 seconds, Stopping threads took: 0.0000560 seconds
311.632: Application time: 0.0248770 seconds
311.633: [Full GC [PSYoungGen: 138240K->32976K(161280K)] [ParOldGen: 367740K->367740K(368128K)] 505980K->400717K(529408K) [PSPermGen: 13650K->13650K(21504K)], 0.0731350 secs] [Times: user=0.52 sys=0.00, real=0.08 secs] 
311.706: Total time for which application threads were stopped: 0.0738860 seconds, Stopping threads took: 0.0001010 seconds
311.731: Application time: 0.0249820 seconds
311.731: [Full GC [PSYoungGen: 138240K->32991K(161280K)] [ParOldGen: 367740K->367740K(368128K)] 505980K->400732K(529408K) [PSPermGen: 13650K->13650K(21504K)], 0.0725950 secs] [Times: user=0.51 sys=0.00, real=0.07 secs] 
311.804: Total time for which application threads were stopped: 0.0732870 seconds, Stopping threads took: 0.0000650 seconds
311.829: Application time: 0.0245700 seconds
311.829: [Full GC [PSYoungGen: 138240K->33005K(161280K)] [ParOldGen: 367740K->367740K(368128K)] 505980K->400746K(529408K) [PSPermGen: 13650K->13650K(21504K)], 0.0742640 secs] [Times: user=0.51 sys=0.00, real=0.07 secs] 
311.904: Total time for which application threads were stopped: 0.0749600 seconds, Stopping threads took: 0.0000900 seconds
311.929: Application time: 0.0249800 seconds
311.929: [Full GC [PSYoungGen: 138240K->33020K(161280K)] [ParOldGen: 367740K->367740K(368128K)] 505980K->400761K(529408K) [PSPermGen: 13650K->13650K(21504K)], 0.0739020 secs] [Times: user=0.52 sys=0.00, real=0.07 secs] 
312.003: Total time for which application threads were stopped: 0.0745580 seconds, Stopping threads took: 0.0001010 seconds
312.029: Application time: 0.0253710 seconds
312.029: [Full GC [PSYoungGen: 138240K->32982K(161280K)] [ParOldGen: 367740K->367740K(368128K)] 505980K->400723K(529408K) [PSPermGen: 13650K->13650K(21504K)], 0.0741080 secs] [Times: user=0.53 sys=0.00, real=0.07 secs] 
312.103: Total time for which application threads were stopped: 0.0747160 seconds, Stopping threads took: 0.0000530 seconds
312.129: Application time: 0.0254540 seconds
312.129: [Full GC [PSYoungGen: 138240K->32982K(161280K)] [ParOldGen: 367740K->367740K(368128K)] 505980K->400723K(529408K) [PSPermGen: 13650K->13650K(21504K)], 0.0737520 secs] [Times: user=0.52 sys=0.00, real=0.07 secs] 
312.203: Total time for which application threads were stopped: 0.0744140 seconds, Stopping threads took: 0.0000680 seconds
312.228: Application time: 0.0249230 seconds
312.229: [Full GC [PSYoungGen: 138240K->32998K(161280K)] [ParOldGen: 367740K->367740K(368128K)] 505980K->400739K(529408K) [PSPermGen: 13650K->13650K(21504K)], 0.0729420 secs] [Times: user=0.52 sys=0.00, real=0.07 secs] 
312.302: Total time for which application threads were stopped: 0.0736560 seconds, Stopping threads took: 0.0000700 seconds
312.327: Application time: 0.0249670 seconds
312.327: [Full GC [PSYoungGen: 138240K->33010K(161280K)] [ParOldGen: 367740K->367740K(368128K)] 505980K->400751K(529408K) [PSPermGen: 13650K->13650K(21504K)], 0.0734390 secs] [Times: user=0.52 sys=0.00, real=0.07 secs] 
312.401: Total time for which application threads were stopped: 0.0741560 seconds, Stopping threads took: 0.0000900 seconds
312.426: Application time: 0.0248810 seconds
312.426: [Full GC [PSYoungGen: 138240K->33028K(161280K)] [ParOldGen: 367740K->367740K(368128K)] 505980K->400769K(529408K) [PSPermGen: 13650K->13650K(21504K)], 0.0739460 secs] [Times: user=0.52 sys=0.00, real=0.07 secs] 
312.500: Total time for which application threads were stopped: 0.0745430 seconds, Stopping threads took: 0.0000440 seconds
312.525: Application time: 0.0251220 seconds
312.526: [Full GC [PSYoungGen: 138240K->32978K(161280K)] [ParOldGen: 367740K->367740K(368128K)] 505980K->400719K(529408K) [PSPermGen: 13650K->13650K(21504K)], 0.0744610 secs] [Times: user=0.52 sys=0.01, real=0.07 secs] 
312.601: Total time for which application threads were stopped: 0.0751550 seconds, Stopping threads took: 0.0000680 seconds
312.626: Application time: 0.0251260 seconds
312.626: [Full GC [PSYoungGen: 138240K->32986K(161280K)] [ParOldGen: 367740K->367740K(368128K)] 505980K->400727K(529408K) [PSPermGen: 13650K->13650K(21504K)], 0.0735320 secs] [Times: user=0.52 sys=0.00, real=0.07 secs] 
312.700: Total time for which application threads were stopped: 0.0741590 seconds, Stopping threads took: 0.0000610 seconds
312.725: Application time: 0.0252270 seconds
312.726: [Full GC [PSYoungGen: 138240K->33001K(161280K)] [ParOldGen: 367740K->367740K(368128K)] 505980K->400742K(529408K) [PSPermGen: 13650K->13650K(21504K)], 0.0734090 secs] [Times: user=0.52 sys=0.00, real=0.07 secs] 
312.799: Total time for which application threads were stopped: 0.0741220 seconds, Stopping threads took: 0.0000700 seconds
312.825: Application time: 0.0262260 seconds
312.826: [Full GC [PSYoungGen: 138240K->33016K(161280K)] [ParOldGen: 367740K->367740K(368128K)] 505980K->400757K(529408K) [PSPermGen: 13650K->13650K(21504K)], 0.0737010 secs] [Times: user=0.52 sys=0.00, real=0.07 secs] 
312.900: Total time for which application threads were stopped: 0.0744290 seconds, Stopping threads took: 0.0000660 seconds
312.925: Application time: 0.0250870 seconds
312.926: [Full GC [PSYoungGen: 138240K->33031K(161280K)] [ParOldGen: 367740K->367740K(368128K)] 505980K->400772K(529408K) [PSPermGen: 13650K->13650K(21504K)], 0.0749540 secs] [Times: user=0.54 sys=0.00, real=0.07 secs] 
313.001: Total time for which application threads were stopped: 0.0756160 seconds, Stopping threads took: 0.0000350 seconds
313.026: Application time: 0.0254680 seconds
313.027: [Full GC [PSYoungGen: 138240K->32990K(161280K)] [ParOldGen: 367740K->367740K(368128K)] 505980K->400731K(529408K) [PSPermGen: 13650K->13650K(21504K)], 0.0737860 secs] [Times: user=0.52 sys=0.00, real=0.07 secs] 
313.100: Total time for which application threads were stopped: 0.0744120 seconds, Stopping threads took: 0.0000780 seconds
313.126: Application time: 0.0260420 seconds
313.127: [Full GC [PSYoungGen: 138240K->32993K(161280K)] [ParOldGen: 367740K->367740K(368128K)] 505980K->400734K(529408K) [PSPermGen: 13650K->13650K(21504K)], 0.0747590 secs] [Times: user=0.51 sys=0.00, real=0.07 secs] 
313.202: Total time for which application threads were stopped: 0.0755820 seconds, Stopping threads took: 0.0000820 seconds
313.227: Application time: 0.0249990 seconds
313.228: [Full GC [PSYoungGen: 138240K->33009K(161280K)] [ParOldGen: 367740K->367740K(368128K)] 505980K->400750K(529408K) [PSPermGen: 13650K->13650K(21504K)], 0.0733900 secs] [Times: user=0.52 sys=0.00, real=0.07 secs] 
313.301: Total time for which application threads were stopped: 0.0741350 seconds, Stopping threads took: 0.0001110 seconds
313.326: Application time: 0.0248570 seconds
313.327: [Full GC [PSYoungGen: 138240K->33019K(161280K)] [ParOldGen: 367740K->367740K(368128K)] 505980K->400760K(529408K) [PSPermGen: 13650K->13650K(21504K)], 0.0729690 secs] [Times: user=0.51 sys=0.00, real=0.07 secs] 
313.400: Total time for which application threads were stopped: 0.0736860 seconds, Stopping threads took: 0.0000700 seconds
313.425: Application time: 0.0249950 seconds
313.425: [Full GC [PSYoungGen: 138240K->33038K(161280K)] [ParOldGen: 367740K->367740K(368128K)] 505980K->400779K(529408K) [PSPermGen: 13650K->13650K(21504K)], 0.0733450 secs] [Times: user=0.52 sys=0.00, real=0.08 secs] 
313.499: Total time for which application threads were stopped: 0.0740480 seconds, Stopping threads took: 0.0000790 seconds
313.524: Application time: 0.0251790 seconds
313.525: [Full GC [PSYoungGen: 138240K->33054K(161280K)] [ParOldGen: 367740K->367740K(368128K)] 505980K->400795K(529408K) [PSPermGen: 13650K->13650K(21504K)], 0.0738590 secs] [Times: user=0.51 sys=0.00, real=0.08 secs] 
313.599: Total time for which application threads were stopped: 0.0745300 seconds, Stopping threads took: 0.0001160 seconds
313.624: Application time: 0.0253080 seconds
313.625: [Full GC [PSYoungGen: 138240K->33013K(161280K)] [ParOldGen: 367740K->367740K(368128K)] 505980K->400754K(529408K) [PSPermGen: 13650K->13650K(21504K)], 0.0734950 secs] [Times: user=0.51 sys=0.00, real=0.08 secs] 
313.698: Total time for which application threads were stopped: 0.0742230 seconds, Stopping threads took: 0.0001000 seconds
313.723: Application time: 0.0250190 seconds
313.724: [Full GC [PSYoungGen: 138240K->33013K(161280K)] [ParOldGen: 367740K->367740K(368128K)] 505980K->400754K(529408K) [PSPermGen: 13650K->13650K(21504K)], 0.0741890 secs] [Times: user=0.51 sys=0.00, real=0.08 secs] 
313.798: Total time for which application threads were stopped: 0.0748780 seconds, Stopping threads took: 0.0000520 seconds
313.823: Application time: 0.0253980 seconds
313.824: [Full GC [PSYoungGen: 138240K->32972K(161280K)] [ParOldGen: 367740K->367740K(368128K)] 505980K->400713K(529408K) [PSPermGen: 13650K->13650K(21504K)], 0.0737230 secs] [Times: user=0.51 sys=0.00, real=0.08 secs] 
313.898: Total time for which application threads were stopped: 0.0743620 seconds, Stopping threads took: 0.0000670 seconds
313.923: Application time: 0.0254740 seconds
313.924: [Full GC [PSYoungGen: 138240K->32917K(161280K)] [ParOldGen: 367740K->367740K(368128K)] 505980K->400658K(529408K) [PSPermGen: 13650K->13650K(21504K)], 0.0737080 secs] [Times: user=0.51 sys=0.00, real=0.08 secs] 
313.998: Total time for which application threads were stopped: 0.0743660 seconds, Stopping threads took: 0.0000520 seconds
314.023: Application time: 0.0252360 seconds
314.023: [Full GC [PSYoungGen: 138240K->32860K(161280K)] [ParOldGen: 367740K->367740K(368128K)] 505980K->400601K(529408K) [PSPermGen: 13650K->13650K(21504K)], 0.0780810 secs] [Times: user=0.49 sys=0.00, real=0.08 secs] 
314.102: Total time for which application threads were stopped: 0.0787860 seconds, Stopping threads took: 0.0000860 seconds
314.127: Application time: 0.0257830 seconds
314.128: [Full GC [PSYoungGen: 138240K->32862K(161280K)] [ParOldGen: 367740K->367740K(368128K)] 505980K->400603K(529408K) [PSPermGen: 13650K->13650K(21504K)], 0.0725700 secs] [Times: user=0.51 sys=0.00, real=0.07 secs] 
314.201: Total time for which application threads were stopped: 0.0732220 seconds, Stopping threads took: 0.0000700 seconds
314.226: Application time: 0.0254350 seconds
314.227: [Full GC [PSYoungGen: 138240K->32877K(161280K)] [ParOldGen: 367740K->367740K(368128K)] 505980K->400618K(529408K) [PSPermGen: 13650K->13650K(21504K)], 0.0738030 secs] [Times: user=0.51 sys=0.01, real=0.07 secs] 
314.301: Total time for which application threads were stopped: 0.0745030 seconds, Stopping threads took: 0.0001430 seconds
314.327: Application time: 0.0265420 seconds
314.328: [Full GC [PSYoungGen: 138240K->32892K(161280K)] [ParOldGen: 367740K->367740K(368128K)] 505980K->400633K(529408K) [PSPermGen: 13650K->13650K(21504K)], 0.0738740 secs] [Times: user=0.52 sys=0.00, real=0.07 secs] 
314.402: Total time for which application threads were stopped: 0.0745340 seconds, Stopping threads took: 0.0001190 seconds
314.427: Application time: 0.0253160 seconds
314.428: [Full GC [PSYoungGen: 138240K->32907K(161280K)] [ParOldGen: 367740K->367740K(368128K)] 505980K->400648K(529408K) [PSPermGen: 13650K->13650K(21504K)], 0.0736410 secs] [Times: user=0.52 sys=0.00, real=0.07 secs] 
314.501: Total time for which application threads were stopped: 0.0743910 seconds, Stopping threads took: 0.0001020 seconds
314.527: Application time: 0.0253030 seconds
314.527: [Full GC [PSYoungGen: 138240K->32922K(161280K)] [ParOldGen: 367740K->367740K(368128K)] 505980K->400663K(529408K) [PSPermGen: 13650K->13650K(21504K)], 0.0726850 secs] [Times: user=0.51 sys=0.00, real=0.07 secs] 
314.600: Total time for which application threads were stopped: 0.0734340 seconds, Stopping threads took: 0.0001180 seconds
314.625: Application time: 0.0251270 seconds
314.626: [Full GC [PSYoungGen: 138240K->32875K(161280K)] [ParOldGen: 367740K->367740K(368128K)] 505980K->400616K(529408K) [PSPermGen: 13650K->13650K(21504K)], 0.0761190 secs] [Times: user=0.54 sys=0.00, real=0.07 secs] 
314.702: Total time for which application threads were stopped: 0.0768330 seconds, Stopping threads took: 0.0000840 seconds
314.727: Application time: 0.0249650 seconds
314.728: [Full GC [PSYoungGen: 138240K->32881K(161280K)] [ParOldGen: 367740K->367740K(368128K)] 505980K->400622K(529408K) [PSPermGen: 13650K->13650K(21504K)], 0.0747380 secs] [Times: user=0.52 sys=0.00, real=0.07 secs] 
314.802: Total time for which application threads were stopped: 0.0754010 seconds, Stopping threads took: 0.0000540 seconds
314.828: Application time: 0.0250750 seconds
314.828: [Full GC [PSYoungGen: 138240K->32897K(161280K)] [ParOldGen: 367740K->367740K(368128K)] 505980K->400638K(529408K) [PSPermGen: 13650K->13650K(21504K)], 0.0735010 secs] [Times: user=0.52 sys=0.00, real=0.07 secs] 
314.902: Total time for which application threads were stopped: 0.0741130 seconds, Stopping threads took: 0.0000490 seconds
314.927: Application time: 0.0250900 seconds
314.927: [Full GC [PSYoungGen: 138240K->32912K(161280K)] [ParOldGen: 367740K->367740K(368128K)] 505980K->400652K(529408K) [PSPermGen: 13650K->13650K(21504K)], 0.0737010 secs] [Times: user=0.52 sys=0.00, real=0.07 secs] 
315.001: Total time for which application threads were stopped: 0.0743320 seconds, Stopping threads took: 0.0000710 seconds
315.026: Application time: 0.0248940 seconds
315.027: [Full GC [PSYoungGen: 138240K->32926K(161280K)] [ParOldGen: 367740K->367740K(368128K)] 505980K->400667K(529408K) [PSPermGen: 13650K->13650K(21504K)], 0.0739400 secs] [Times: user=0.52 sys=0.00, real=0.07 secs] 
315.101: Total time for which application threads were stopped: 0.0745910 seconds, Stopping threads took: 0.0000700 seconds
315.126: Application time: 0.0257460 seconds
315.127: [Full GC [PSYoungGen: 138240K->32941K(161280K)] [ParOldGen: 367740K->367740K(368128K)] 505980K->400682K(529408K) [PSPermGen: 13650K->13650K(21504K)], 0.0734730 secs] [Times: user=0.52 sys=0.00, real=0.07 secs] 
315.200: Total time for which application threads were stopped: 0.0740870 seconds, Stopping threads took: 0.0000760 seconds
315.226: Application time: 0.0252540 seconds
315.226: [Full GC [PSYoungGen: 138240K->32955K(161280K)] [ParOldGen: 367740K->367740K(368128K)] 505980K->400696K(529408K) [PSPermGen: 13650K->13650K(21504K)], 0.0741580 secs] [Times: user=0.53 sys=0.00, real=0.07 secs] 
315.301: Total time for which application threads were stopped: 0.0748720 seconds, Stopping threads took: 0.0000780 seconds
315.326: Application time: 0.0251760 seconds
315.326: [Full GC [PSYoungGen: 138240K->32973K(161280K)] [ParOldGen: 367740K->367740K(368128K)] 505980K->400714K(529408K) [PSPermGen: 13650K->13650K(21504K)], 0.0734680 secs] [Times: user=0.51 sys=0.00, real=0.07 secs] 
315.400: Total time for which application threads were stopped: 0.0741510 seconds, Stopping threads took: 0.0000570 seconds
315.425: Application time: 0.0248900 seconds
315.425: [Full GC [PSYoungGen: 138240K->32987K(161280K)] [ParOldGen: 367740K->367740K(368128K)] 505980K->400728K(529408K) [PSPermGen: 13650K->13650K(21504K)], 0.0739730 secs] [Times: user=0.52 sys=0.00, real=0.08 secs] 
315.499: Total time for which application threads were stopped: 0.0746100 seconds, Stopping threads took: 0.0000770 seconds
315.525: Application time: 0.0251720 seconds
315.525: [Full GC [PSYoungGen: 138240K->33002K(161280K)] [ParOldGen: 367740K->367740K(368128K)] 505980K->400743K(529408K) [PSPermGen: 13650K->13650K(21504K)], 0.0741550 secs] [Times: user=0.52 sys=0.01, real=0.08 secs] 
315.599: Total time for which application threads were stopped: 0.0748660 seconds, Stopping threads took: 0.0000890 seconds
315.624: Application time: 0.0249680 seconds
315.625: [Full GC [PSYoungGen: 138240K->33015K(161280K)] [ParOldGen: 367740K->367740K(368128K)] 505980K->400756K(529408K) [PSPermGen: 13650K->13650K(21504K)], 0.0739870 secs] [Times: user=0.52 sys=0.00, real=0.08 secs] 
315.699: Total time for which application threads were stopped: 0.0746060 seconds, Stopping threads took: 0.0000470 seconds
315.724: Application time: 0.0251400 seconds
315.725: [Full GC [PSYoungGen: 138240K->33032K(161280K)] [ParOldGen: 367740K->367740K(368128K)] 505980K->400773K(529408K) [PSPermGen: 13650K->13650K(21504K)], 0.0732230 secs] [Times: user=0.52 sys=0.00, real=0.08 secs] 
315.798: Total time for which application threads were stopped: 0.0739460 seconds, Stopping threads took: 0.0000920 seconds
315.823: Application time: 0.0249950 seconds
315.824: [Full GC [PSYoungGen: 138240K->32992K(161280K)] [ParOldGen: 367740K->367740K(368128K)] 505980K->400733K(529408K) [PSPermGen: 13650K->13650K(21504K)], 0.0745220 secs] [Times: user=0.52 sys=0.00, real=0.08 secs] 
315.898: Total time for which application threads were stopped: 0.0751560 seconds, Stopping threads took: 0.0000650 seconds
315.923: Application time: 0.0249550 seconds
315.924: [Full GC [PSYoungGen: 138240K->32991K(161280K)] [ParOldGen: 367740K->367740K(368128K)] 505980K->400732K(529408K) [PSPermGen: 13650K->13650K(21504K)], 0.0734480 secs] [Times: user=0.52 sys=0.00, real=0.08 secs] 
315.997: Total time for which application threads were stopped: 0.0741350 seconds, Stopping threads took: 0.0000540 seconds
316.022: Application time: 0.0250380 seconds
316.023: [Full GC [PSYoungGen: 138240K->33007K(161280K)] [ParOldGen: 367740K->367740K(368128K)] 505980K->400748K(529408K) [PSPermGen: 13650K->13650K(21504K)], 0.0736820 secs] [Times: user=0.51 sys=0.01, real=0.08 secs] 
316.097: Total time for which application threads were stopped: 0.0743650 seconds, Stopping threads took: 0.0000470 seconds
316.122: Application time: 0.0249500 seconds
316.123: [Full GC [PSYoungGen: 138240K->33021K(161280K)] [ParOldGen: 367740K->367740K(368128K)] 505980K->400762K(529408K) [PSPermGen: 13650K->13650K(21504K)], 0.0730540 secs] [Times: user=0.52 sys=0.00, real=0.08 secs] 
316.196: Total time for which application threads were stopped: 0.0739160 seconds, Stopping threads took: 0.0001050 seconds
316.221: Application time: 0.0249450 seconds
316.221: [Full GC [PSYoungGen: 138240K->33038K(161280K)] [ParOldGen: 367740K->367740K(368128K)] 505980K->400779K(529408K) [PSPermGen: 13650K->13650K(21504K)], 0.0738410 secs] [Times: user=0.51 sys=0.00, real=0.08 secs] 
316.295: Total time for which application threads were stopped: 0.0745310 seconds, Stopping threads took: 0.0000980 seconds
316.320: Application time: 0.0248540 seconds
316.321: [Full GC [PSYoungGen: 138240K->33049K(161280K)] [ParOldGen: 367740K->367740K(368128K)] 505980K->400790K(529408K) [PSPermGen: 13650K->13650K(21504K)], 0.0741140 secs] [Times: user=0.52 sys=0.00, real=0.08 secs] 
316.395: Total time for which application threads were stopped: 0.0747710 seconds, Stopping threads took: 0.0000760 seconds
316.421: Application time: 0.0263160 seconds
316.422: [Full GC [PSYoungGen: 138240K->33013K(161280K)] [ParOldGen: 367740K->367740K(368128K)] 505980K->400754K(529408K) [PSPermGen: 13650K->13650K(21504K)], 0.0734850 secs] [Times: user=0.52 sys=0.00, real=0.08 secs] 
316.495: Total time for which application threads were stopped: 0.0742150 seconds, Stopping threads took: 0.0000840 seconds
316.520: Application time: 0.0252060 seconds
316.521: [Full GC [PSYoungGen: 138240K->33009K(161280K)] [ParOldGen: 367740K->367740K(368128K)] 505980K->400750K(529408K) [PSPermGen: 13650K->13650K(21504K)], 0.0760700 secs] [Times: user=0.54 sys=0.00, real=0.08 secs] 
316.597: Total time for which application threads were stopped: 0.0767860 seconds, Stopping threads took: 0.0000910 seconds
316.623: Application time: 0.0258730 seconds
316.624: [Full GC [PSYoungGen: 138240K->32970K(161280K)] [ParOldGen: 367740K->367740K(368128K)] 505980K->400711K(529408K) [PSPermGen: 13650K->13650K(21504K)], 0.0735320 secs] [Times: user=0.52 sys=0.00, real=0.08 secs] 
316.698: Total time for which application threads were stopped: 0.0744000 seconds, Stopping threads took: 0.0002000 seconds
316.723: Application time: 0.0252200 seconds
316.723: [Full GC [PSYoungGen: 138240K->32968K(161280K)] [ParOldGen: 367740K->367740K(368128K)] 505980K->400709K(529408K) [PSPermGen: 13650K->13650K(21504K)], 0.0752010 secs] [Times: user=0.53 sys=0.00, real=0.08 secs] 
316.799: Total time for which application threads were stopped: 0.0758600 seconds, Stopping threads took: 0.0000840 seconds
316.824: Application time: 0.0253080 seconds
316.825: [Full GC [PSYoungGen: 138240K->32986K(161280K)] [ParOldGen: 367740K->367740K(368128K)] 505980K->400727K(529408K) [PSPermGen: 13650K->13650K(21504K)], 0.0734390 secs] [Times: user=0.52 sys=0.00, real=0.08 secs] 
316.898: Total time for which application threads were stopped: 0.0741490 seconds, Stopping threads took: 0.0000720 seconds
316.923: Application time: 0.0250020 seconds
316.924: [Full GC [PSYoungGen: 138240K->33001K(161280K)] [ParOldGen: 367740K->367740K(368128K)] 505980K->400742K(529408K) [PSPermGen: 13650K->13650K(21504K)], 0.0741640 secs] [Times: user=0.52 sys=0.00, real=0.08 secs] 
316.998: Total time for which application threads were stopped: 0.0749030 seconds, Stopping threads took: 0.0001080 seconds
317.023: Application time: 0.0252320 seconds
317.024: [Full GC [PSYoungGen: 138240K->33018K(161280K)] [ParOldGen: 367740K->367740K(368128K)] 505980K->400759K(529408K) [PSPermGen: 13650K->13650K(21504K)], 0.0735490 secs] [Times: user=0.52 sys=0.00, real=0.08 secs] 
317.098: Total time for which application threads were stopped: 0.0742580 seconds, Stopping threads took: 0.0000720 seconds
317.123: Application time: 0.0251730 seconds
317.124: [Full GC [PSYoungGen: 138240K->33033K(161280K)] [ParOldGen: 367740K->367740K(368128K)] 505980K->400774K(529408K) [PSPermGen: 13650K->13650K(21504K)], 0.0734300 secs] [Times: user=0.52 sys=0.00, real=0.08 secs] 
317.198: Total time for which application threads were stopped: 0.0751180 seconds, Stopping threads took: 0.0010760 seconds
317.223: Application time: 0.0253060 seconds
317.224: [Full GC [PSYoungGen: 138240K->33046K(161280K)] [ParOldGen: 367740K->367740K(368128K)] 505980K->400787K(529408K) [PSPermGen: 13650K->13650K(21504K)], 0.0737780 secs] [Times: user=0.52 sys=0.00, real=0.08 secs] 
317.298: Total time for which application threads were stopped: 0.0744330 seconds, Stopping threads took: 0.0000720 seconds
317.323: Application time: 0.0253090 seconds
317.324: [Full GC [PSYoungGen: 138240K->32995K(161280K)] [ParOldGen: 367740K->367740K(368128K)] 505980K->400736K(529408K) [PSPermGen: 13650K->13650K(21504K)], 0.0739710 secs] [Times: user=0.52 sys=0.00, real=0.08 secs] 
317.398: Total time for which application threads were stopped: 0.0747030 seconds, Stopping threads took: 0.0000920 seconds
317.423: Application time: 0.0250280 seconds
317.423: [Full GC [PSYoungGen: 138240K->33004K(161280K)] [ParOldGen: 367740K->367740K(368128K)] 505980K->400745K(529408K) [PSPermGen: 13650K->13650K(21504K)], 0.0731780 secs] [Times: user=0.52 sys=0.00, real=0.08 secs] 
317.496: Total time for which application threads were stopped: 0.0738840 seconds, Stopping threads took: 0.0000740 seconds
317.522: Application time: 0.0255210 seconds
317.523: [Full GC [PSYoungGen: 138240K->32968K(161280K)] [ParOldGen: 367740K->367740K(368128K)] 505980K->400709K(529408K) [PSPermGen: 13650K->13650K(21504K)], 0.0730010 secs] [Times: user=0.52 sys=0.00, real=0.08 secs] 
317.596: Total time for which application threads were stopped: 0.0737360 seconds, Stopping threads took: 0.0001070 seconds
317.621: Application time: 0.0250460 seconds
317.621: [Full GC [PSYoungGen: 138240K->32967K(161280K)] [ParOldGen: 367740K->367740K(368128K)] 505980K->400708K(529408K) [PSPermGen: 13650K->13650K(21504K)], 0.0737750 secs] [Times: user=0.52 sys=0.00, real=0.08 secs] 
317.695: Total time for which application threads were stopped: 0.0744270 seconds, Stopping threads took: 0.0000850 seconds
317.720: Application time: 0.0252490 seconds
317.721: [Full GC [PSYoungGen: 138240K->32979K(161280K)] [ParOldGen: 367740K->367740K(368128K)] 505980K->400719K(529408K) [PSPermGen: 13650K->13650K(21504K)], 0.0733980 secs] [Times: user=0.51 sys=0.00, real=0.08 secs] 
317.795: Total time for which application threads were stopped: 0.0740880 seconds, Stopping threads took: 0.0000650 seconds
317.820: Application time: 0.0258490 seconds
317.821: [Full GC [PSYoungGen: 138240K->32873K(161280K)] [ParOldGen: 367740K->367740K(368128K)] 505980K->400614K(529408K) [PSPermGen: 13650K->13650K(21504K)], 0.0731950 secs] [Times: user=0.52 sys=0.00, real=0.08 secs] 
317.894: Total time for which application threads were stopped: 0.0739380 seconds, Stopping threads took: 0.0000930 seconds
317.920: Application time: 0.0251850 seconds
317.920: [Full GC [PSYoungGen: 138240K->32871K(161280K)] [ParOldGen: 367740K->367740K(368128K)] 505980K->400612K(529408K) [PSPermGen: 13650K->13650K(21504K)], 0.0762460 secs] [Times: user=0.53 sys=0.00, real=0.08 secs] 
317.996: Total time for which application threads were stopped: 0.0769310 seconds, Stopping threads took: 0.0000750 seconds
318.022: Application time: 0.0253670 seconds
318.022: [Full GC [PSYoungGen: 138240K->32887K(161280K)] [ParOldGen: 367740K->367740K(368128K)] 505980K->400628K(529408K) [PSPermGen: 13650K->13650K(21504K)], 0.0737740 secs] [Times: user=0.52 sys=0.00, real=0.08 secs] 
318.096: Total time for which application threads were stopped: 0.0744170 seconds, Stopping threads took: 0.0000910 seconds
318.121: Application time: 0.0251890 seconds
318.122: [Full GC [PSYoungGen: 138240K->32900K(161280K)] [ParOldGen: 367740K->367740K(368128K)] 505980K->400641K(529408K) [PSPermGen: 13650K->13650K(21504K)], 0.0736960 secs] [Times: user=0.52 sys=0.00, real=0.08 secs] 
318.196: Total time for which application threads were stopped: 0.0744950 seconds, Stopping threads took: 0.0000950 seconds
318.221: Application time: 0.0252540 seconds
318.222: [Full GC [PSYoungGen: 138240K->32917K(161280K)] [ParOldGen: 367740K->367740K(368128K)] 505980K->400658K(529408K) [PSPermGen: 13650K->13650K(21504K)], 0.0735130 secs] [Times: user=0.52 sys=0.00, real=0.08 secs] 
318.295: Total time for which application threads were stopped: 0.0742040 seconds, Stopping threads took: 0.0000540 seconds
318.321: Application time: 0.0251540 seconds
318.321: [Full GC [PSYoungGen: 138240K->32933K(161280K)] [ParOldGen: 367740K->367740K(368128K)] 505980K->400674K(529408K) [PSPermGen: 13650K->13650K(21504K)], 0.0736140 secs] [Times: user=0.52 sys=0.00, real=0.08 secs] 
318.395: Total time for which application threads were stopped: 0.0743040 seconds, Stopping threads took: 0.0000750 seconds
318.420: Application time: 0.0251930 seconds
318.421: [Full GC [PSYoungGen: 138240K->32946K(161280K)] [ParOldGen: 367740K->367740K(368128K)] 505980K->400687K(529408K) [PSPermGen: 13650K->13650K(21504K)], 0.0733280 secs] [Times: user=0.52 sys=0.00, real=0.08 secs] 
318.494: Total time for which application threads were stopped: 0.0740590 seconds, Stopping threads took: 0.0000800 seconds
318.519: Application time: 0.0253020 seconds
318.520: [Full GC [PSYoungGen: 138240K->32963K(161280K)] [ParOldGen: 367740K->367740K(368128K)] 505980K->400704K(529408K) [PSPermGen: 13650K->13650K(21504K)], 0.0735170 secs] [Times: user=0.52 sys=0.00, real=0.08 secs] 
318.594: Total time for which application threads were stopped: 0.0741750 seconds, Stopping threads took: 0.0000690 seconds
318.619: Application time: 0.0255380 seconds
318.620: [Full GC [PSYoungGen: 138240K->32920K(161280K)] [ParOldGen: 367740K->367740K(368128K)] 505980K->400661K(529408K) [PSPermGen: 13650K->13650K(21504K)], 0.0735810 secs] [Times: user=0.52 sys=0.00, real=0.07 secs] 
318.693: Total time for which application threads were stopped: 0.0743000 seconds, Stopping threads took: 0.0000980 seconds
318.719: Application time: 0.0254160 seconds
318.720: [Full GC [PSYoungGen: 138240K->32921K(161280K)] [ParOldGen: 367740K->367740K(368128K)] 505980K->400662K(529408K) [PSPermGen: 13650K->13650K(21504K)], 0.0729990 secs] [Times: user=0.51 sys=0.00, real=0.07 secs] 
318.793: Total time for which application threads were stopped: 0.0736950 seconds, Stopping threads took: 0.0000710 seconds
318.818: Application time: 0.0250840 seconds
318.818: [Full GC [PSYoungGen: 138240K->32936K(161280K)] [ParOldGen: 367740K->367740K(368128K)] 505980K->400677K(529408K) [PSPermGen: 13650K->13650K(21504K)], 0.0776750 secs] [Times: user=0.54 sys=0.00, real=0.08 secs] 
318.896: Total time for which application threads were stopped: 0.0783040 seconds, Stopping threads took: 0.0000800 seconds
318.921: Application time: 0.0250480 seconds
318.922: [Full GC [PSYoungGen: 138240K->32949K(161280K)] [ParOldGen: 367740K->367740K(368128K)] 505980K->400690K(529408K) [PSPermGen: 13650K->13650K(21504K)], 0.0733670 secs] [Times: user=0.52 sys=0.00, real=0.08 secs] 
318.995: Total time for which application threads were stopped: 0.0741120 seconds, Stopping threads took: 0.0000920 seconds
319.020: Application time: 0.0251460 seconds
319.021: [Full GC [PSYoungGen: 138240K->32966K(161280K)] [ParOldGen: 367740K->367740K(368128K)] 505980K->400707K(529408K) [PSPermGen: 13650K->13650K(21504K)], 0.0732620 secs] [Times: user=0.50 sys=0.01, real=0.08 secs] 
319.094: Total time for which application threads were stopped: 0.0739370 seconds, Stopping threads took: 0.0000570 seconds
319.119: Application time: 0.0250770 seconds
319.120: [Full GC [PSYoungGen: 138240K->32981K(161280K)] [ParOldGen: 367740K->367740K(368128K)] 505980K->400722K(529408K) [PSPermGen: 13650K->13650K(21504K)], 0.0738030 secs] [Times: user=0.52 sys=0.00, real=0.08 secs] 
319.194: Total time for which application threads were stopped: 0.0745420 seconds, Stopping threads took: 0.0000730 seconds
319.219: Application time: 0.0251160 seconds
319.220: [Full GC [PSYoungGen: 138240K->32995K(161280K)] [ParOldGen: 367740K->367740K(368128K)] 505980K->400736K(529408K) [PSPermGen: 13650K->13650K(21504K)], 0.0739350 secs] [Times: user=0.52 sys=0.00, real=0.07 secs] 
319.294: Total time for which application threads were stopped: 0.0745680 seconds, Stopping threads took: 0.0000670 seconds
319.319: Application time: 0.0250230 seconds
319.319: [Full GC [PSYoungGen: 138240K->33011K(161280K)] [ParOldGen: 367740K->367740K(368128K)] 505980K->400752K(529408K) [PSPermGen: 13650K->13650K(21504K)], 0.0740290 secs] [Times: user=0.53 sys=0.00, real=0.07 secs] 
319.393: Total time for which application threads were stopped: 0.0747360 seconds, Stopping threads took: 0.0000700 seconds
319.418: Application time: 0.0250920 seconds
319.419: [Full GC [PSYoungGen: 138240K->33027K(161280K)] [ParOldGen: 367740K->367740K(368128K)] 505980K->400768K(529408K) [PSPermGen: 13650K->13650K(21504K)], 0.0734110 secs] [Times: user=0.52 sys=0.00, real=0.07 secs] 
319.493: Total time for which application threads were stopped: 0.0741370 seconds, Stopping threads took: 0.0000960 seconds
319.518: Application time: 0.0252040 seconds
319.518: [Full GC [PSYoungGen: 138240K->32988K(161280K)] [ParOldGen: 367740K->367740K(368128K)] 505980K->400729K(529408K) [PSPermGen: 13650K->13650K(21504K)], 0.0735250 secs] [Times: user=0.52 sys=0.00, real=0.07 secs] 
319.592: Total time for which application threads were stopped: 0.0742610 seconds, Stopping threads took: 0.0000820 seconds
319.617: Application time: 0.0251610 seconds
319.618: [Full GC [PSYoungGen: 138240K->32987K(161280K)] [ParOldGen: 367740K->367740K(368128K)] 505980K->400728K(529408K) [PSPermGen: 13650K->13650K(21504K)], 0.0736350 secs] [Times: user=0.52 sys=0.00, real=0.07 secs] 
319.692: Total time for which application threads were stopped: 0.0743660 seconds, Stopping threads took: 0.0000890 seconds
319.717: Application time: 0.0252180 seconds
319.717: [Full GC [PSYoungGen: 138240K->33002K(161280K)] [ParOldGen: 367740K->367740K(368128K)] 505980K->400742K(529408K) [PSPermGen: 13650K->13650K(21504K)], 0.0736330 secs] [Times: user=0.52 sys=0.00, real=0.07 secs] 
319.791: Total time for which application threads were stopped: 0.0742720 seconds, Stopping threads took: 0.0000830 seconds
319.816: Application time: 0.0250670 seconds
319.817: [Full GC [PSYoungGen: 138240K->33017K(161280K)] [ParOldGen: 367740K->367740K(368128K)] 505980K->400758K(529408K) [PSPermGen: 13650K->13650K(21504K)], 0.0739280 secs] [Times: user=0.52 sys=0.00, real=0.07 secs] 
319.891: Total time for which application threads were stopped: 0.0746530 seconds, Stopping threads took: 0.0000800 seconds
319.916: Application time: 0.0254270 seconds
319.917: [Full GC [PSYoungGen: 138240K->32975K(161280K)] [ParOldGen: 367740K->367740K(368128K)] 505980K->400716K(529408K) [PSPermGen: 13650K->13650K(21504K)], 0.0766280 secs] [Times: user=0.54 sys=0.00, real=0.07 secs] 
319.994: Total time for which application threads were stopped: 0.0773120 seconds, Stopping threads took: 0.0000580 seconds
320.019: Application time: 0.0250880 seconds
320.019: [Full GC [PSYoungGen: 138240K->32976K(161280K)] [ParOldGen: 367740K->367740K(368128K)] 505980K->400717K(529408K) [PSPermGen: 13650K->13650K(21504K)], 0.0729430 secs] [Times: user=0.51 sys=0.00, real=0.07 secs] 
320.092: Total time for which application threads were stopped: 0.0736900 seconds, Stopping threads took: 0.0001040 seconds
320.118: Application time: 0.0254320 seconds
320.118: [Full GC [PSYoungGen: 138240K->32928K(161280K)] [ParOldGen: 367740K->367740K(368128K)] 505980K->400668K(529408K) [PSPermGen: 13650K->13650K(21504K)], 0.0739340 secs] [Times: user=0.51 sys=0.00, real=0.07 secs] 
320.192: Total time for which application threads were stopped: 0.0746010 seconds, Stopping threads took: 0.0000700 seconds
320.218: Application time: 0.0252710 seconds
320.218: [Full GC [PSYoungGen: 138240K->32936K(161280K)] [ParOldGen: 367740K->367740K(368128K)] 505980K->400677K(529408K) [PSPermGen: 13650K->13650K(21504K)], 0.0733260 secs] [Times: user=0.51 sys=0.00, real=0.07 secs] 
320.292: Total time for which application threads were stopped: 0.0739950 seconds, Stopping threads took: 0.0000520 seconds
320.317: Application time: 0.0253630 seconds
320.318: [Full GC [PSYoungGen: 138240K->32951K(161280K)] [ParOldGen: 367740K->367740K(368128K)] 505980K->400692K(529408K) [PSPermGen: 13650K->13650K(21504K)], 0.0748010 secs] [Times: user=0.50 sys=0.00, real=0.07 secs] 
320.392: Total time for which application threads were stopped: 0.0754350 seconds, Stopping threads took: 0.0000680 seconds
320.418: Application time: 0.0254670 seconds
320.419: [Full GC [PSYoungGen: 138240K->32967K(161280K)] [ParOldGen: 367740K->367740K(368128K)] 505980K->400708K(529408K) [PSPermGen: 13650K->13650K(21504K)], 0.0733830 secs] [Times: user=0.52 sys=0.00, real=0.07 secs] 
320.492: Total time for which application threads were stopped: 0.0741110 seconds, Stopping threads took: 0.0000900 seconds
320.517: Application time: 0.0251400 seconds
320.518: [Full GC [PSYoungGen: 138240K->32981K(161280K)] [ParOldGen: 367740K->367740K(368128K)] 505980K->400722K(529408K) [PSPermGen: 13650K->13650K(21504K)], 0.0732400 secs] [Times: user=0.52 sys=0.00, real=0.07 secs] 
320.591: Total time for which application threads were stopped: 0.0739530 seconds, Stopping threads took: 0.0000700 seconds
320.616: Application time: 0.0249530 seconds
320.617: [Full GC [PSYoungGen: 138240K->32997K(161280K)] [ParOldGen: 367740K->367740K(368128K)] 505980K->400738K(529408K) [PSPermGen: 13650K->13650K(21504K)], 0.0737660 secs] [Times: user=0.52 sys=0.00, real=0.07 secs] 
320.691: Total time for which application threads were stopped: 0.0744770 seconds, Stopping threads took: 0.0000710 seconds
320.716: Application time: 0.0251190 seconds
320.716: [Full GC [PSYoungGen: 138240K->33012K(161280K)] [ParOldGen: 367740K->367740K(368128K)] 505980K->400753K(529408K) [PSPermGen: 13650K->13650K(21504K)], 0.0733960 secs] [Times: user=0.51 sys=0.00, real=0.07 secs] 
320.790: Total time for which application threads were stopped: 0.0740090 seconds, Stopping threads took: 0.0000650 seconds
320.815: Application time: 0.0248860 seconds
320.815: [Full GC [PSYoungGen: 138240K->33026K(161280K)] [ParOldGen: 367740K->367740K(368128K)] 505980K->400767K(529408K) [PSPermGen: 13650K->13650K(21504K)], 0.0735900 secs] [Times: user=0.52 sys=0.01, real=0.07 secs] 
320.889: Total time for which application threads were stopped: 0.0741910 seconds, Stopping threads took: 0.0000480 seconds
320.914: Application time: 0.0251330 seconds
320.915: [Full GC [PSYoungGen: 138240K->33040K(161280K)] [ParOldGen: 367740K->367740K(368128K)] 505980K->400781K(529408K) [PSPermGen: 13650K->13650K(21504K)], 0.0733880 secs] [Times: user=0.52 sys=0.00, real=0.07 secs] 
320.988: Total time for which application threads were stopped: 0.0740710 seconds, Stopping threads took: 0.0000590 seconds
321.013: Application time: 0.0250870 seconds
321.014: [Full GC [PSYoungGen: 138240K->32991K(161280K)] [ParOldGen: 367740K->367740K(368128K)] 505980K->400731K(529408K) [PSPermGen: 13650K->13650K(21504K)], 0.0732140 secs] [Times: user=0.51 sys=0.00, real=0.07 secs] 
321.087: Total time for which application threads were stopped: 0.0738990 seconds, Stopping threads took: 0.0000500 seconds
321.114: Application time: 0.0267770 seconds
321.114: [Full GC [PSYoungGen: 138240K->32928K(161280K)] [ParOldGen: 367740K->367740K(368128K)] 505980K->400669K(529408K) [PSPermGen: 13650K->13650K(21504K)], 0.0732940 secs] [Times: user=0.51 sys=0.00, real=0.07 secs] 
321.188: Total time for which application threads were stopped: 0.0739940 seconds, Stopping threads took: 0.0000830 seconds
321.213: Application time: 0.0252850 seconds
321.214: [Full GC [PSYoungGen: 138240K->32948K(161280K)] [ParOldGen: 367740K->367740K(368128K)] 505980K->400689K(529408K) [PSPermGen: 13650K->13650K(21504K)], 0.0769350 secs] [Times: user=0.54 sys=0.00, real=0.07 secs] 
321.291: Total time for which application threads were stopped: 0.0776600 seconds, Stopping threads took: 0.0000500 seconds
321.315: Application time: 0.0248130 seconds
321.316: [Full GC [PSYoungGen: 138240K->32960K(161280K)] [ParOldGen: 367740K->367740K(368128K)] 505980K->400701K(529408K) [PSPermGen: 13650K->13650K(21504K)], 0.0734210 secs] [Times: user=0.51 sys=0.01, real=0.07 secs] 
321.390: Total time for which application threads were stopped: 0.0740740 seconds, Stopping threads took: 0.0000800 seconds
321.415: Application time: 0.0249780 seconds
321.415: [Full GC [PSYoungGen: 138240K->32976K(161280K)] [ParOldGen: 367740K->367740K(368128K)] 505980K->400717K(529408K) [PSPermGen: 13650K->13650K(21504K)], 0.0738450 secs] [Times: user=0.52 sys=0.00, real=0.07 secs] 
321.489: Total time for which application threads were stopped: 0.0745080 seconds, Stopping threads took: 0.0000980 seconds
321.514: Application time: 0.0249290 seconds
321.515: [Full GC [PSYoungGen: 138240K->32991K(161280K)] [ParOldGen: 367740K->367740K(368128K)] 505980K->400732K(529408K) [PSPermGen: 13650K->13650K(21504K)], 0.0742890 secs] [Times: user=0.52 sys=0.00, real=0.07 secs] 
321.589: Total time for which application threads were stopped: 0.0749630 seconds, Stopping threads took: 0.0001150 seconds
321.615: Application time: 0.0259170 seconds
321.616: [Full GC [PSYoungGen: 138240K->32897K(161280K)] [ParOldGen: 367740K->367740K(368128K)] 505980K->400638K(529408K) [PSPermGen: 13650K->13650K(21504K)], 0.0741850 secs] [Times: user=0.52 sys=0.00, real=0.07 secs] 
321.690: Total time for which application threads were stopped: 0.0749200 seconds, Stopping threads took: 0.0001070 seconds
321.715: Application time: 0.0249940 seconds
321.716: [Full GC [PSYoungGen: 138240K->32881K(161280K)] [ParOldGen: 367740K->367740K(368128K)] 505980K->400622K(529408K) [PSPermGen: 13650K->13650K(21504K)], 0.0730340 secs] [Times: user=0.52 sys=0.00, real=0.07 secs] 
321.789: Total time for which application threads were stopped: 0.0738160 seconds, Stopping threads took: 0.0001160 seconds
321.814: Application time: 0.0251290 seconds
321.814: [Full GC [PSYoungGen: 138240K->32895K(161280K)] [ParOldGen: 367740K->367740K(368128K)] 505980K->400636K(529408K) [PSPermGen: 13650K->13650K(21504K)], 0.0767720 secs] [Times: user=0.53 sys=0.01, real=0.07 secs] 
321.891: Total time for which application threads were stopped: 0.0774870 seconds, Stopping threads took: 0.0000860 seconds
321.916: Application time: 0.0248040 seconds
321.917: [Full GC [PSYoungGen: 138240K->32912K(161280K)] [ParOldGen: 367740K->367740K(368128K)] 505980K->400653K(529408K) [PSPermGen: 13650K->13650K(21504K)], 0.0748710 secs] [Times: user=0.52 sys=0.00, real=0.07 secs] 
321.992: Total time for which application threads were stopped: 0.0755360 seconds, Stopping threads took: 0.0000540 seconds
322.017: Application time: 0.0249190 seconds
322.017: [Full GC [PSYoungGen: 138240K->32927K(161280K)] [ParOldGen: 367740K->367740K(368128K)] 505980K->400668K(529408K) [PSPermGen: 13650K->13650K(21504K)], 0.0732180 secs] [Times: user=0.52 sys=0.00, real=0.07 secs] 
322.090: Total time for which application threads were stopped: 0.0738960 seconds, Stopping threads took: 0.0000490 seconds
322.115: Application time: 0.0249260 seconds
322.116: [Full GC [PSYoungGen: 138240K->32943K(161280K)] [ParOldGen: 367740K->367740K(368128K)] 505980K->400683K(529408K) [PSPermGen: 13650K->13650K(21504K)], 0.0737380 secs] [Times: user=0.52 sys=0.00, real=0.07 secs] 
322.190: Total time for which application threads were stopped: 0.0743500 seconds, Stopping threads took: 0.0000610 seconds
322.215: Application time: 0.0248680 seconds
322.215: [Full GC [PSYoungGen: 138240K->32955K(161280K)] [ParOldGen: 367740K->367740K(368128K)] 505980K->400696K(529408K) [PSPermGen: 13650K->13650K(21504K)], 0.0740510 secs] [Times: user=0.52 sys=0.00, real=0.07 secs] 
322.289: Total time for which application threads were stopped: 0.0747010 seconds, Stopping threads took: 0.0000810 seconds
322.314: Application time: 0.0251090 seconds
322.315: [Full GC [PSYoungGen: 138240K->32972K(161280K)] [ParOldGen: 367740K->367740K(368128K)] 505980K->400713K(529408K) [PSPermGen: 13650K->13650K(21504K)], 0.0730090 secs] [Times: user=0.52 sys=0.00, real=0.07 secs] 
322.388: Total time for which application threads were stopped: 0.0737360 seconds, Stopping threads took: 0.0000650 seconds
322.413: Application time: 0.0249700 seconds
322.414: [Full GC [PSYoungGen: 138240K->32986K(161280K)] [ParOldGen: 367740K->367740K(368128K)] 505980K->400727K(529408K) [PSPermGen: 13650K->13650K(21504K)], 0.0755570 secs] [Times: user=0.54 sys=0.00, real=0.07 secs] 
322.489: Total time for which application threads were stopped: 0.0762930 seconds, Stopping threads took: 0.0000890 seconds
322.515: Application time: 0.0252730 seconds
322.515: [Full GC [PSYoungGen: 138240K->32947K(161280K)] [ParOldGen: 367740K->367740K(368128K)] 505980K->400688K(529408K) [PSPermGen: 13650K->13650K(21504K)], 0.0748150 secs] [Times: user=0.52 sys=0.00, real=0.07 secs] 
322.590: Total time for which application threads were stopped: 0.0754200 seconds, Stopping threads took: 0.0000560 seconds
322.615: Application time: 0.0250480 seconds
322.616: [Full GC [PSYoungGen: 138240K->32947K(161280K)] [ParOldGen: 367740K->367740K(368128K)] 505980K->400688K(529408K) [PSPermGen: 13650K->13650K(21504K)], 0.0738710 secs] [Times: user=0.52 sys=0.00, real=0.07 secs] 
322.690: Total time for which application threads were stopped: 0.0745540 seconds, Stopping threads took: 0.0000590 seconds
322.715: Application time: 0.0249420 seconds
322.715: [Full GC [PSYoungGen: 138240K->32959K(161280K)] [ParOldGen: 367740K->367740K(368128K)] 505980K->400700K(529408K) [PSPermGen: 13650K->13650K(21504K)], 0.0736990 secs] [Times: user=0.52 sys=0.00, real=0.07 secs] 
322.789: Total time for which application threads were stopped: 0.0743500 seconds, Stopping threads took: 0.0000750 seconds
322.814: Application time: 0.0251270 seconds
322.815: [Full GC [PSYoungGen: 138240K->32974K(161280K)] [ParOldGen: 367740K->367740K(368128K)] 505980K->400715K(529408K) [PSPermGen: 13650K->13650K(21504K)], 0.0732850 secs] [Times: user=0.52 sys=0.00, real=0.07 secs] 
322.888: Total time for which application threads were stopped: 0.0740000 seconds, Stopping threads took: 0.0000770 seconds
322.913: Application time: 0.0250380 seconds
322.914: [Full GC [PSYoungGen: 138240K->32991K(161280K)] [ParOldGen: 367740K->367740K(368128K)] 505980K->400732K(529408K) [PSPermGen: 13650K->13650K(21504K)], 0.0749180 secs] [Times: user=0.53 sys=0.00, real=0.07 secs] 
322.989: Total time for which application threads were stopped: 0.0756390 seconds, Stopping threads took: 0.0000710 seconds
323.014: Application time: 0.0251640 seconds
323.015: [Full GC [PSYoungGen: 138240K->33004K(161280K)] [ParOldGen: 367740K->367740K(368128K)] 505980K->400745K(529408K) [PSPermGen: 13650K->13650K(21504K)], 0.0736370 secs] [Times: user=0.51 sys=0.00, real=0.07 secs] 
323.088: Total time for which application threads were stopped: 0.0742710 seconds, Stopping threads took: 0.0000740 seconds
323.114: Application time: 0.0252500 seconds
323.114: [Full GC [PSYoungGen: 138240K->33018K(161280K)] [ParOldGen: 367740K->367740K(368128K)] 505980K->400759K(529408K) [PSPermGen: 13650K->13650K(21504K)], 0.0736220 secs] [Times: user=0.51 sys=0.00, real=0.07 secs] 
323.188: Total time for which application threads were stopped: 0.0742440 seconds, Stopping threads took: 0.0000570 seconds
323.213: Application time: 0.0251300 seconds
323.214: [Full GC [PSYoungGen: 138240K->33036K(161280K)] [ParOldGen: 367740K->367740K(368128K)] 505980K->400777K(529408K) [PSPermGen: 13650K->13650K(21504K)], 0.0733950 secs] [Times: user=0.51 sys=0.00, real=0.08 secs] 
323.287: Total time for which application threads were stopped: 0.0740640 seconds, Stopping threads took: 0.0000410 seconds
323.312: Application time: 0.0251980 seconds
323.313: [Full GC [PSYoungGen: 138240K->33048K(161280K)] [ParOldGen: 367740K->367740K(368128K)] 505980K->400789K(529408K) [PSPermGen: 13650K->13650K(21504K)], 0.0737200 secs] [Times: user=0.52 sys=0.00, real=0.08 secs] 
323.387: Total time for which application threads were stopped: 0.0743670 seconds, Stopping threads took: 0.0000870 seconds
323.414: Application time: 0.0272770 seconds
323.414: [Full GC [PSYoungGen: 138240K->32995K(161280K)] [ParOldGen: 367740K->367740K(368128K)] 505980K->400736K(529408K) [PSPermGen: 13650K->13650K(21504K)], 0.0731770 secs] [Times: user=0.52 sys=0.00, real=0.07 secs] 
323.488: Total time for which application threads were stopped: 0.0738840 seconds, Stopping threads took: 0.0000800 seconds
323.513: Application time: 0.0252790 seconds
323.514: [Full GC [PSYoungGen: 138240K->32956K(161280K)] [ParOldGen: 367740K->367740K(368128K)] 505980K->400697K(529408K) [PSPermGen: 13650K->13650K(21504K)], 0.0739080 secs] [Times: user=0.52 sys=0.00, real=0.07 secs] 
323.588: Total time for which application threads were stopped: 0.0746010 seconds, Stopping threads took: 0.0001120 seconds
323.612: Application time: 0.0248900 seconds
323.613: [Full GC [PSYoungGen: 138240K->32954K(161280K)] [ParOldGen: 367740K->367740K(368128K)] 505980K->400695K(529408K) [PSPermGen: 13650K->13650K(21504K)], 0.0734090 secs] [Times: user=0.51 sys=0.00, real=0.08 secs] 
323.687: Total time for which application threads were stopped: 0.0741420 seconds, Stopping threads took: 0.0001120 seconds
323.711: Application time: 0.0248310 seconds
323.712: [Full GC [PSYoungGen: 138240K->32972K(161280K)] [ParOldGen: 367740K->367740K(368128K)] 505980K->400713K(529408K) [PSPermGen: 13650K->13650K(21504K)], 0.0739330 secs] [Times: user=0.52 sys=0.00, real=0.08 secs] 
323.786: Total time for which application threads were stopped: 0.0745650 seconds, Stopping threads took: 0.0000770 seconds
323.811: Application time: 0.0252430 seconds
323.812: [Full GC [PSYoungGen: 138240K->32985K(161280K)] [ParOldGen: 367740K->367740K(368128K)] 505980K->400726K(529408K) [PSPermGen: 13650K->13650K(21504K)], 0.0739080 secs] [Times: user=0.52 sys=0.00, real=0.08 secs] 
323.886: Total time for which application threads were stopped: 0.0745530 seconds, Stopping threads took: 0.0000860 seconds
323.907: Application time: 0.0207370 seconds
323.907: Total time for which application threads were stopped: 0.0006080 seconds, Stopping threads took: 0.0001180 seconds
323.912: Application time: 0.0047020 seconds
323.912: [Full GC [PSYoungGen: 138240K->32938K(161280K)] [ParOldGen: 367740K->367740K(368128K)] 505980K->400679K(529408K) [PSPermGen: 13650K->13650K(21504K)], 0.0736500 secs] [Times: user=0.52 sys=0.00, real=0.08 secs] 
323.986: Total time for which application threads were stopped: 0.0743060 seconds, Stopping threads took: 0.0001160 seconds
324.011: Application time: 0.0251730 seconds
324.012: [Full GC [PSYoungGen: 138240K->32946K(161280K)] [ParOldGen: 367740K->367740K(368128K)] 505980K->400687K(529408K) [PSPermGen: 13650K->13650K(21504K)], 0.0747880 secs] [Times: user=0.53 sys=0.00, real=0.08 secs] 
324.087: Total time for which application threads were stopped: 0.0754150 seconds, Stopping threads took: 0.0000740 seconds
324.112: Application time: 0.0250780 seconds
324.113: [Full GC [PSYoungGen: 138240K->32963K(161280K)] [ParOldGen: 367740K->367740K(368128K)] 505980K->400704K(529408K) [PSPermGen: 13650K->13650K(21504K)], 0.0730890 secs] [Times: user=0.51 sys=0.00, real=0.08 secs] 
324.186: Total time for which application threads were stopped: 0.0738260 seconds, Stopping threads took: 0.0001010 seconds
324.211: Application time: 0.0251700 seconds
324.212: [Full GC [PSYoungGen: 138240K->32978K(161280K)] [ParOldGen: 367740K->367740K(368128K)] 505980K->400719K(529408K) [PSPermGen: 13650K->13650K(21504K)], 0.0729030 secs] [Times: user=0.52 sys=0.00, real=0.07 secs] 
324.285: Total time for which application threads were stopped: 0.0736380 seconds, Stopping threads took: 0.0001060 seconds
324.309: Application time: 0.0248970 seconds
324.310: [Full GC [PSYoungGen: 138240K->32992K(161280K)] [ParOldGen: 367740K->367740K(368128K)] 505980K->400733K(529408K) [PSPermGen: 13650K->13650K(21504K)], 0.0732360 secs] [Times: user=0.51 sys=0.00, real=0.07 secs] 
324.383: Total time for which application threads were stopped: 0.0739540 seconds, Stopping threads took: 0.0000980 seconds
324.409: Application time: 0.0251960 seconds
324.409: [Full GC [PSYoungGen: 138240K->33007K(161280K)] [ParOldGen: 367740K->367740K(368128K)] 505980K->400748K(529408K) [PSPermGen: 13650K->13650K(21504K)], 0.0739250 secs] [Times: user=0.52 sys=0.00, real=0.07 secs] 
324.483: Total time for which application threads were stopped: 0.0745690 seconds, Stopping threads took: 0.0000770 seconds
324.508: Application time: 0.0250500 seconds
324.509: [Full GC [PSYoungGen: 138240K->33019K(161280K)] [ParOldGen: 367740K->367740K(368128K)] 505980K->400760K(529408K) [PSPermGen: 13650K->13650K(21504K)], 0.0735950 secs] [Times: user=0.52 sys=0.00, real=0.07 secs] 
324.583: Total time for which application threads were stopped: 0.0743420 seconds, Stopping threads took: 0.0001070 seconds
324.608: Application time: 0.0255560 seconds
324.609: [Full GC [PSYoungGen: 138240K->32888K(161280K)] [ParOldGen: 367740K->367740K(368128K)] 505980K->400629K(529408K) [PSPermGen: 13650K->13650K(21504K)], 0.0729750 secs] [Times: user=0.51 sys=0.00, real=0.07 secs] 
324.682: Total time for which application threads were stopped: 0.0737040 seconds, Stopping threads took: 0.0001190 seconds
324.707: Application time: 0.0254740 seconds
324.708: [Full GC [PSYoungGen: 138240K->32910K(161280K)] [ParOldGen: 367740K->367740K(368128K)] 505980K->400651K(529408K) [PSPermGen: 13650K->13650K(21504K)], 0.0735980 secs] [Times: user=0.51 sys=0.00, real=0.07 secs] 
324.782: Total time for which application threads were stopped: 0.0743030 seconds, Stopping threads took: 0.0000700 seconds
324.807: Application time: 0.0252050 seconds
324.807: [Full GC [PSYoungGen: 138240K->32925K(161280K)] [ParOldGen: 367740K->367740K(368128K)] 505980K->400666K(529408K) [PSPermGen: 13650K->13650K(21504K)], 0.0731600 secs] [Times: user=0.52 sys=0.00, real=0.07 secs] 
324.881: Total time for which application threads were stopped: 0.0738560 seconds, Stopping threads took: 0.0000630 seconds
324.906: Application time: 0.0256900 seconds
324.907: [Full GC [PSYoungGen: 138240K->32941K(161280K)] [ParOldGen: 367740K->367740K(368128K)] 505980K->400682K(529408K) [PSPermGen: 13650K->13650K(21504K)], 0.0742130 secs] [Times: user=0.51 sys=0.00, real=0.07 secs] 
324.981: Total time for which application threads were stopped: 0.0749500 seconds, Stopping threads took: 0.0000780 seconds
325.006: Application time: 0.0251340 seconds
325.007: [Full GC [PSYoungGen: 138240K->32957K(161280K)] [ParOldGen: 367740K->367740K(368128K)] 505980K->400698K(529408K) [PSPermGen: 13650K->13650K(21504K)], 0.0732200 secs] [Times: user=0.52 sys=0.00, real=0.07 secs] 
325.080: Total time for which application threads were stopped: 0.0739340 seconds, Stopping threads took: 0.0000740 seconds
325.105: Application time: 0.0249870 seconds
325.106: [Full GC [PSYoungGen: 138240K->32971K(161280K)] [ParOldGen: 367740K->367740K(368128K)] 505980K->400712K(529408K) [PSPermGen: 13650K->13650K(21504K)], 0.0746010 secs] [Times: user=0.52 sys=0.00, real=0.07 secs] 
325.181: Total time for which application threads were stopped: 0.0752350 seconds, Stopping threads took: 0.0000670 seconds
325.205: Application time: 0.0247680 seconds
325.206: [Full GC [PSYoungGen: 138240K->32986K(161280K)] [ParOldGen: 367740K->367740K(368128K)] 505980K->400727K(529408K) [PSPermGen: 13650K->13650K(21504K)], 0.0733840 secs] [Times: user=0.52 sys=0.00, real=0.07 secs] 
325.279: Total time for which application threads were stopped: 0.0740800 seconds, Stopping threads took: 0.0000580 seconds
325.304: Application time: 0.0248840 seconds
325.305: [Full GC [PSYoungGen: 138240K->32998K(161280K)] [ParOldGen: 367740K->367740K(368128K)] 505980K->400739K(529408K) [PSPermGen: 13650K->13650K(21504K)], 0.0735270 secs] [Times: user=0.52 sys=0.00, real=0.08 secs] 
325.379: Total time for which application threads were stopped: 0.0742420 seconds, Stopping threads took: 0.0000560 seconds
325.394: Application time: 0.0155660 seconds
325.395: Total time for which application threads were stopped: 0.0006340 seconds, Stopping threads took: 0.0000750 seconds
325.405: Application time: 0.0097370 seconds
325.405: [Full GC [PSYoungGen: 138240K->32884K(161280K)] [ParOldGen: 367740K->367740K(368128K)] 505980K->400625K(529408K) [PSPermGen: 13650K->13650K(21504K)], 0.0736880 secs] [Times: user=0.51 sys=0.00, real=0.08 secs] 
325.479: Total time for which application threads were stopped: 0.0743220 seconds, Stopping threads took: 0.0000860 seconds
325.504: Application time: 0.0251380 seconds
325.505: [Full GC [PSYoungGen: 138240K->32891K(161280K)] [ParOldGen: 367740K->367740K(368128K)] 505980K->400632K(529408K) [PSPermGen: 13650K->13650K(21504K)], 0.0732740 secs] [Times: user=0.51 sys=0.00, real=0.08 secs] 
325.578: Total time for which application threads were stopped: 0.0739620 seconds, Stopping threads took: 0.0000670 seconds
325.603: Application time: 0.0245820 seconds
325.603: [Full GC [PSYoungGen: 138240K->32905K(161280K)] [ParOldGen: 367740K->367740K(368128K)] 505980K->400646K(529408K) [PSPermGen: 13650K->13650K(21504K)], 0.0732610 secs] [Times: user=0.51 sys=0.00, real=0.08 secs] 
325.677: Total time for which application threads were stopped: 0.0739460 seconds, Stopping threads took: 0.0000820 seconds
325.702: Application time: 0.0252050 seconds
325.702: [Full GC [PSYoungGen: 138240K->32921K(161280K)] [ParOldGen: 367740K->367740K(368128K)] 505980K->400662K(529408K) [PSPermGen: 13650K->13650K(21504K)], 0.0738010 secs] [Times: user=0.51 sys=0.00, real=0.08 secs] 
325.776: Total time for which application threads were stopped: 0.0744610 seconds, Stopping threads took: 0.0000790 seconds
325.801: Application time: 0.0248150 seconds
325.802: [Full GC [PSYoungGen: 138240K->32937K(161280K)] [ParOldGen: 367740K->367740K(368128K)] 505980K->400678K(529408K) [PSPermGen: 13650K->13650K(21504K)], 0.0733030 secs] [Times: user=0.52 sys=0.00, real=0.08 secs] 
325.875: Total time for which application threads were stopped: 0.0739760 seconds, Stopping threads took: 0.0000990 seconds
325.900: Application time: 0.0248020 seconds
325.900: [Full GC [PSYoungGen: 138240K->32951K(161280K)] [ParOldGen: 367740K->367740K(368128K)] 505980K->400692K(529408K) [PSPermGen: 13650K->13650K(21504K)], 0.0761660 secs] [Times: user=0.54 sys=0.00, real=0.08 secs] 
325.977: Total time for which application threads were stopped: 0.0768830 seconds, Stopping threads took: 0.0000620 seconds
326.002: Application time: 0.0248640 seconds
326.002: [Full GC [PSYoungGen: 138240K->32966K(161280K)] [ParOldGen: 367740K->367740K(368128K)] 505980K->400707K(529408K) [PSPermGen: 13650K->13650K(21504K)], 0.0733100 secs] [Times: user=0.52 sys=0.00, real=0.08 secs] 
326.076: Total time for which application threads were stopped: 0.0739900 seconds, Stopping threads took: 0.0000620 seconds
326.100: Application time: 0.0248780 seconds
326.101: [Full GC [PSYoungGen: 138240K->32977K(161280K)] [ParOldGen: 367740K->367740K(368128K)] 505980K->400718K(529408K) [PSPermGen: 13650K->13650K(21504K)], 0.0739270 secs] [Times: user=0.51 sys=0.00, real=0.08 secs] 
326.175: Total time for which application threads were stopped: 0.0746280 seconds, Stopping threads took: 0.0000640 seconds
326.200: Application time: 0.0249630 seconds
326.201: [Full GC [PSYoungGen: 138240K->32995K(161280K)] [ParOldGen: 367740K->367740K(368128K)] 505980K->400736K(529408K) [PSPermGen: 13650K->13650K(21504K)], 0.0742830 secs] [Times: user=0.52 sys=0.00, real=0.08 secs] 
326.275: Total time for which application threads were stopped: 0.0749210 seconds, Stopping threads took: 0.0000780 seconds
326.300: Application time: 0.0253360 seconds
326.301: [Full GC [PSYoungGen: 138240K->32954K(161280K)] [ParOldGen: 367740K->367740K(368128K)] 505980K->400695K(529408K) [PSPermGen: 13650K->13650K(21504K)], 0.0739380 secs] [Times: user=0.52 sys=0.00, real=0.08 secs] 
326.375: Total time for which application threads were stopped: 0.0745730 seconds, Stopping threads took: 0.0000760 seconds
326.400: Application time: 0.0250420 seconds
326.400: [Full GC [PSYoungGen: 138240K->32951K(161280K)] [ParOldGen: 367740K->367740K(368128K)] 505980K->400692K(529408K) [PSPermGen: 13650K->13650K(21504K)], 0.0745730 secs] [Times: user=0.51 sys=0.00, real=0.08 secs] 
326.475: Total time for which application threads were stopped: 0.0751970 seconds, Stopping threads took: 0.0000630 seconds
326.500: Application time: 0.0248380 seconds
326.501: [Full GC [PSYoungGen: 138240K->32971K(161280K)] [ParOldGen: 367740K->367740K(368128K)] 505980K->400712K(529408K) [PSPermGen: 13650K->13650K(21504K)], 0.0728910 secs] [Times: user=0.51 sys=0.00, real=0.07 secs] 
326.574: Total time for which application threads were stopped: 0.0736170 seconds, Stopping threads took: 0.0000630 seconds
326.599: Application time: 0.0251400 seconds
326.599: [Full GC [PSYoungGen: 138240K->32985K(161280K)] [ParOldGen: 367740K->367740K(368128K)] 505980K->400726K(529408K) [PSPermGen: 13650K->13650K(21504K)], 0.0729500 secs] [Times: user=0.52 sys=0.00, real=0.07 secs] 
326.672: Total time for which application threads were stopped: 0.0736310 seconds, Stopping threads took: 0.0000480 seconds
326.697: Application time: 0.0248700 seconds
326.698: [Full GC [PSYoungGen: 138240K->32999K(161280K)] [ParOldGen: 367740K->367740K(368128K)] 505980K->400740K(529408K) [PSPermGen: 13650K->13650K(21504K)], 0.0738150 secs] [Times: user=0.51 sys=0.00, real=0.07 secs] 
326.772: Total time for which application threads were stopped: 0.0744370 seconds, Stopping threads took: 0.0000600 seconds
326.797: Application time: 0.0250480 seconds
326.797: [Full GC [PSYoungGen: 138240K->33016K(161280K)] [ParOldGen: 367740K->367740K(368128K)] 505980K->400757K(529408K) [PSPermGen: 13650K->13650K(21504K)], 0.0733960 secs] [Times: user=0.52 sys=0.00, real=0.07 secs] 
326.871: Total time for which application threads were stopped: 0.0741110 seconds, Stopping threads took: 0.0000810 seconds
326.896: Application time: 0.0248720 seconds
326.896: [Full GC [PSYoungGen: 138240K->33029K(161280K)] [ParOldGen: 367740K->367740K(368128K)] 505980K->400770K(529408K) [PSPermGen: 13650K->13650K(21504K)], 0.0734070 secs] [Times: user=0.51 sys=0.00, real=0.07 secs] 
326.970: Total time for which application threads were stopped: 0.0740450 seconds, Stopping threads took: 0.0000630 seconds
326.994: Application time: 0.0247360 seconds
326.995: [Full GC [PSYoungGen: 138240K->33045K(161280K)] [ParOldGen: 367740K->367740K(368128K)] 505980K->400786K(529408K) [PSPermGen: 13650K->13650K(21504K)], 0.0735100 secs] [Times: user=0.52 sys=0.00, real=0.07 secs] 
327.069: Total time for which application threads were stopped: 0.0741990 seconds, Stopping threads took: 0.0000550 seconds
327.093: Application time: 0.0246980 seconds
327.094: [Full GC [PSYoungGen: 138240K->33060K(161280K)] [ParOldGen: 367740K->367740K(368128K)] 505980K->400801K(529408K) [PSPermGen: 13650K->13650K(21504K)], 0.0748590 secs] [Times: user=0.52 sys=0.00, real=0.07 secs] 
327.169: Total time for which application threads were stopped: 0.0755760 seconds, Stopping threads took: 0.0000600 seconds
327.196: Application time: 0.0269820 seconds
327.197: [Full GC [PSYoungGen: 138240K->32957K(161280K)] [ParOldGen: 367740K->367740K(368128K)] 505980K->400698K(529408K) [PSPermGen: 13650K->13650K(21504K)], 0.0743010 secs] [Times: user=0.52 sys=0.01, real=0.07 secs] 
327.271: Total time for which application threads were stopped: 0.0749320 seconds, Stopping threads took: 0.0000870 seconds
327.296: Application time: 0.0250850 seconds
327.297: [Full GC [PSYoungGen: 138240K->32952K(161280K)] [ParOldGen: 367740K->367740K(368128K)] 505980K->400693K(529408K) [PSPermGen: 13650K->13650K(21504K)], 0.0737080 secs] [Times: user=0.52 sys=0.00, real=0.07 secs] 
327.370: Total time for which application threads were stopped: 0.0743430 seconds, Stopping threads took: 0.0000700 seconds
327.395: Application time: 0.0248830 seconds
327.396: [Full GC [PSYoungGen: 138240K->32962K(161280K)] [ParOldGen: 367740K->367740K(368128K)] 505980K->400702K(529408K) [PSPermGen: 13650K->13650K(21504K)], 0.0732860 secs] [Times: user=0.52 sys=0.00, real=0.07 secs] 
327.469: Total time for which application threads were stopped: 0.0739930 seconds, Stopping threads took: 0.0000640 seconds
327.494: Application time: 0.0247410 seconds
327.494: [Full GC [PSYoungGen: 138240K->32979K(161280K)] [ParOldGen: 367740K->367740K(368128K)] 505980K->400720K(529408K) [PSPermGen: 13650K->13650K(21504K)], 0.0743770 secs] [Times: user=0.52 sys=0.00, real=0.07 secs] 
327.569: Total time for which application threads were stopped: 0.0749940 seconds, Stopping threads took: 0.0000590 seconds
327.594: Application time: 0.0249400 seconds
327.595: [Full GC [PSYoungGen: 138240K->32994K(161280K)] [ParOldGen: 367740K->367740K(368128K)] 505980K->400735K(529408K) [PSPermGen: 13650K->13650K(21504K)], 0.0729950 secs] [Times: user=0.51 sys=0.00, real=0.07 secs] 
327.668: Total time for which application threads were stopped: 0.0736940 seconds, Stopping threads took: 0.0000680 seconds
327.692: Application time: 0.0249160 seconds
327.693: [Full GC [PSYoungGen: 138240K->33012K(161280K)] [ParOldGen: 367740K->367740K(368128K)] 505980K->400753K(529408K) [PSPermGen: 13650K->13650K(21504K)], 0.0734020 secs] [Times: user=0.52 sys=0.00, real=0.08 secs] 
327.767: Total time for which application threads were stopped: 0.0741040 seconds, Stopping threads took: 0.0000460 seconds
327.792: Application time: 0.0250500 seconds
327.792: [Full GC [PSYoungGen: 138240K->32973K(161280K)] [ParOldGen: 367740K->367740K(368128K)] 505980K->400714K(529408K) [PSPermGen: 13650K->13650K(21504K)], 0.0737140 secs] [Times: user=0.51 sys=0.00, real=0.08 secs] 
327.866: Total time for which application threads were stopped: 0.0743850 seconds, Stopping threads took: 0.0000540 seconds
327.891: Application time: 0.0249160 seconds
327.891: [Full GC [PSYoungGen: 138240K->32970K(161280K)] [ParOldGen: 367740K->367740K(368128K)] 505980K->400711K(529408K) [PSPermGen: 13650K->13650K(21504K)], 0.0772210 secs] [Times: user=0.54 sys=0.00, real=0.08 secs] 
327.969: Total time for which application threads were stopped: 0.0778190 seconds, Stopping threads took: 0.0000460 seconds
327.994: Application time: 0.0248100 seconds
327.994: [Full GC [PSYoungGen: 138240K->32988K(161280K)] [ParOldGen: 367740K->367740K(368128K)] 505980K->400729K(529408K) [PSPermGen: 13650K->13650K(21504K)], 0.0748350 secs] [Times: user=0.53 sys=0.00, real=0.07 secs] 
328.069: Total time for which application threads were stopped: 0.0755100 seconds, Stopping threads took: 0.0000530 seconds
328.094: Application time: 0.0248250 seconds
328.095: [Full GC [PSYoungGen: 138240K->33001K(161280K)] [ParOldGen: 367740K->367740K(368128K)] 505980K->400742K(529408K) [PSPermGen: 13650K->13650K(21504K)], 0.0741910 secs] [Times: user=0.52 sys=0.00, real=0.07 secs] 
328.169: Total time for which application threads were stopped: 0.0748620 seconds, Stopping threads took: 0.0000500 seconds
328.194: Application time: 0.0252370 seconds
328.195: [Full GC [PSYoungGen: 138240K->32909K(161280K)] [ParOldGen: 367740K->367740K(368128K)] 505980K->400650K(529408K) [PSPermGen: 13650K->13650K(21504K)], 0.0730740 secs] [Times: user=0.51 sys=0.00, real=0.07 secs] 
328.268: Total time for which application threads were stopped: 0.0737800 seconds, Stopping threads took: 0.0000670 seconds
328.293: Application time: 0.0250640 seconds
328.293: [Full GC [PSYoungGen: 138240K->32890K(161280K)] [ParOldGen: 367740K->367740K(368128K)] 505980K->400631K(529408K) [PSPermGen: 13650K->13650K(21504K)], 0.0733820 secs] [Times: user=0.52 sys=0.00, real=0.08 secs] 
328.367: Total time for which application threads were stopped: 0.0739980 seconds, Stopping threads took: 0.0000610 seconds
328.392: Application time: 0.0251130 seconds
328.393: [Full GC [PSYoungGen: 138240K->32904K(161280K)] [ParOldGen: 367740K->367740K(368128K)] 505980K->400645K(529408K) [PSPermGen: 13650K->13650K(21504K)], 0.0733660 secs] [Times: user=0.52 sys=0.00, real=0.08 secs] 
328.468: Total time for which application threads were stopped: 0.0755500 seconds, Stopping threads took: 0.0000610 seconds
328.493: Application time: 0.0252100 seconds
328.493: [Full GC [PSYoungGen: 138240K->32921K(161280K)] [ParOldGen: 367740K->367740K(368128K)] 505980K->400662K(529408K) [PSPermGen: 13650K->13650K(21504K)], 0.0738070 secs] [Times: user=0.52 sys=0.00, real=0.08 secs] 
328.567: Total time for which application threads were stopped: 0.0744990 seconds, Stopping threads took: 0.0000510 seconds
328.592: Application time: 0.0247990 seconds
328.593: [Full GC [PSYoungGen: 138240K->32933K(161280K)] [ParOldGen: 367740K->367740K(368128K)] 505980K->400674K(529408K) [PSPermGen: 13650K->13650K(21504K)], 0.0736740 secs] [Times: user=0.52 sys=0.00, real=0.08 secs] 
328.666: Total time for which application threads were stopped: 0.0743620 seconds, Stopping threads took: 0.0000440 seconds
328.691: Application time: 0.0248470 seconds
328.692: [Full GC [PSYoungGen: 138240K->32953K(161280K)] [ParOldGen: 367740K->367740K(368128K)] 505980K->400694K(529408K) [PSPermGen: 13650K->13650K(21504K)], 0.0729370 secs] [Times: user=0.51 sys=0.00, real=0.07 secs] 
328.765: Total time for which application threads were stopped: 0.0736370 seconds, Stopping threads took: 0.0000720 seconds
328.790: Application time: 0.0248890 seconds
328.790: [Full GC [PSYoungGen: 138240K->32967K(161280K)] [ParOldGen: 367740K->367740K(368128K)] 505980K->400708K(529408K) [PSPermGen: 13650K->13650K(21504K)], 0.0735580 secs] [Times: user=0.52 sys=0.00, real=0.07 secs] 
328.864: Total time for which application threads were stopped: 0.0743250 seconds, Stopping threads took: 0.0001050 seconds
328.889: Application time: 0.0246480 seconds
328.889: [Full GC [PSYoungGen: 138240K->32981K(161280K)] [ParOldGen: 367740K->367740K(368128K)] 505980K->400721K(529408K) [PSPermGen: 13650K->13650K(21504K)], 0.0729510 secs] [Times: user=0.51 sys=0.00, real=0.07 secs] 
328.962: Total time for which application threads were stopped: 0.0735630 seconds, Stopping threads took: 0.0000430 seconds
328.987: Application time: 0.0248530 seconds
328.988: [Full GC [PSYoungGen: 138240K->32997K(161280K)] [ParOldGen: 367740K->367740K(368128K)] 505980K->400738K(529408K) [PSPermGen: 13650K->13650K(21504K)], 0.0733290 secs] [Times: user=0.52 sys=0.00, real=0.07 secs] 
329.061: Total time for which application threads were stopped: 0.0740260 seconds, Stopping threads took: 0.0000680 seconds
329.086: Application time: 0.0251050 seconds
329.087: [Full GC [PSYoungGen: 138240K->33008K(161280K)] [ParOldGen: 367740K->367740K(368128K)] 505980K->400749K(529408K) [PSPermGen: 13650K->13650K(21504K)], 0.0745660 secs] [Times: user=0.52 sys=0.00, real=0.07 secs] 
329.162: Total time for which application threads were stopped: 0.0752550 seconds, Stopping threads took: 0.0000490 seconds
329.187: Application time: 0.0254140 seconds
329.188: [Full GC [PSYoungGen: 138240K->32916K(161280K)] [ParOldGen: 367740K->367740K(368128K)] 505980K->400657K(529408K) [PSPermGen: 13650K->13650K(21504K)], 0.0740520 secs] [Times: user=0.52 sys=0.00, real=0.07 secs] 
329.262: Total time for which application threads were stopped: 0.0746750 seconds, Stopping threads took: 0.0000610 seconds
329.286: Application time: 0.0248150 seconds
329.287: [Full GC [PSYoungGen: 138240K->32897K(161280K)] [ParOldGen: 367740K->367740K(368128K)] 505980K->400638K(529408K) [PSPermGen: 13650K->13650K(21504K)], 0.0736260 secs] [Times: user=0.52 sys=0.00, real=0.07 secs] 
329.361: Total time for which application threads were stopped: 0.0743190 seconds, Stopping threads took: 0.0000720 seconds
329.386: Application time: 0.0251280 seconds
329.387: [Full GC [PSYoungGen: 138240K->32915K(161280K)] [ParOldGen: 367740K->367740K(368128K)] 505980K->400655K(529408K) [PSPermGen: 13650K->13650K(21504K)], 0.0745270 secs] [Times: user=0.51 sys=0.00, real=0.07 secs] 
329.461: Total time for which application threads were stopped: 0.0752460 seconds, Stopping threads took: 0.0000480 seconds
329.486: Application time: 0.0251420 seconds
329.487: [Full GC [PSYoungGen: 138240K->32930K(161280K)] [ParOldGen: 367740K->367740K(368128K)] 505980K->400671K(529408K) [PSPermGen: 13650K->13650K(21504K)], 0.0734210 secs] [Times: user=0.51 sys=0.00, real=0.07 secs] 
329.560: Total time for which application threads were stopped: 0.0740760 seconds, Stopping threads took: 0.0000820 seconds
329.585: Application time: 0.0249550 seconds
329.586: [Full GC [PSYoungGen: 138240K->32945K(161280K)] [ParOldGen: 367740K->367740K(368128K)] 505980K->400686K(529408K) [PSPermGen: 13650K->13650K(21504K)], 0.0737450 secs] [Times: user=0.52 sys=0.00, real=0.07 secs] 
329.660: Total time for which application threads were stopped: 0.0743730 seconds, Stopping threads took: 0.0000690 seconds
329.684: Application time: 0.0246860 seconds
329.685: [Full GC [PSYoungGen: 138240K->32961K(161280K)] [ParOldGen: 367740K->367740K(368128K)] 505980K->400702K(529408K) [PSPermGen: 13650K->13650K(21504K)], 0.0737220 secs] [Times: user=0.51 sys=0.01, real=0.08 secs] 
329.759: Total time for which application threads were stopped: 0.0744300 seconds, Stopping threads took: 0.0000740 seconds
329.784: Application time: 0.0248230 seconds
329.784: [Full GC [PSYoungGen: 138240K->32974K(161280K)] [ParOldGen: 367740K->367740K(368128K)] 505980K->400715K(529408K) [PSPermGen: 13650K->13650K(21504K)], 0.0737580 secs] [Times: user=0.52 sys=0.00, real=0.08 secs] 
329.858: Total time for which application threads were stopped: 0.0743800 seconds, Stopping threads took: 0.0000680 seconds
329.883: Application time: 0.0249160 seconds
329.884: [Full GC [PSYoungGen: 138240K->32991K(161280K)] [ParOldGen: 367740K->367740K(368128K)] 505980K->400732K(529408K) [PSPermGen: 13650K->13650K(21504K)], 0.0736160 secs] [Times: user=0.51 sys=0.00, real=0.08 secs] 
329.957: Total time for which application threads were stopped: 0.0742220 seconds, Stopping threads took: 0.0000490 seconds
329.982: Application time: 0.0248000 seconds
329.983: [Full GC [PSYoungGen: 138240K->33005K(161280K)] [ParOldGen: 367740K->367740K(368128K)] 505980K->400746K(529408K) [PSPermGen: 13650K->13650K(21504K)], 0.0735990 secs] [Times: user=0.52 sys=0.00, real=0.08 secs] 
330.056: Total time for which application threads were stopped: 0.0742460 seconds, Stopping threads took: 0.0000680 seconds
330.082: Application time: 0.0253870 seconds
330.082: [Full GC [PSYoungGen: 138240K->32966K(161280K)] [ParOldGen: 367740K->367740K(368128K)] 505980K->400707K(529408K) [PSPermGen: 13650K->13650K(21504K)], 0.0739630 secs] [Times: user=0.51 sys=0.00, real=0.08 secs] 
330.156: Total time for which application threads were stopped: 0.0746070 seconds, Stopping threads took: 0.0000620 seconds
330.181: Application time: 0.0246480 seconds
330.182: [Full GC [PSYoungGen: 138240K->32964K(161280K)] [ParOldGen: 367740K->367740K(368128K)] 505980K->400705K(529408K) [PSPermGen: 13650K->13650K(21504K)], 0.0756760 secs] [Times: user=0.53 sys=0.00, real=0.08 secs] 
330.257: Total time for which application threads were stopped: 0.0763540 seconds, Stopping threads took: 0.0000550 seconds
330.282: Application time: 0.0247580 seconds
330.283: [Full GC [PSYoungGen: 138240K->32979K(161280K)] [ParOldGen: 367740K->367740K(368128K)] 505980K->400720K(529408K) [PSPermGen: 13650K->13650K(21504K)], 0.0733190 secs] [Times: user=0.52 sys=0.00, real=0.08 secs] 
330.356: Total time for which application threads were stopped: 0.0740080 seconds, Stopping threads took: 0.0000570 seconds
330.381: Application time: 0.0247270 seconds
330.381: [Full GC [PSYoungGen: 138240K->32996K(161280K)] [ParOldGen: 367740K->367740K(368128K)] 505980K->400737K(529408K) [PSPermGen: 13650K->13650K(21504K)], 0.0734370 secs] [Times: user=0.51 sys=0.01, real=0.08 secs] 
330.455: Total time for which application threads were stopped: 0.0741390 seconds, Stopping threads took: 0.0000720 seconds
330.480: Application time: 0.0246580 seconds
330.480: [Full GC [PSYoungGen: 138240K->33010K(161280K)] [ParOldGen: 367740K->367740K(368128K)] 505980K->400751K(529408K) [PSPermGen: 13650K->13650K(21504K)], 0.0737010 secs] [Times: user=0.52 sys=0.00, real=0.08 secs] 
330.554: Total time for which application threads were stopped: 0.0743060 seconds, Stopping threads took: 0.0000500 seconds
330.579: Application time: 0.0249510 seconds
330.580: [Full GC [PSYoungGen: 138240K->33024K(161280K)] [ParOldGen: 367740K->367740K(368128K)] 505980K->400765K(529408K) [PSPermGen: 13650K->13650K(21504K)], 0.0733880 secs] [Times: user=0.51 sys=0.00, real=0.07 secs] 
330.653: Total time for which application threads were stopped: 0.0741030 seconds, Stopping threads took: 0.0000540 seconds
330.678: Application time: 0.0249850 seconds
330.679: [Full GC [PSYoungGen: 138240K->33041K(161280K)] [ParOldGen: 367740K->367740K(368128K)] 505980K->400782K(529408K) [PSPermGen: 13650K->13650K(21504K)], 0.0739760 secs] [Times: user=0.52 sys=0.00, real=0.07 secs] 
330.753: Total time for which application threads were stopped: 0.0746500 seconds, Stopping threads took: 0.0000570 seconds
330.777: Application time: 0.0248570 seconds
330.778: [Full GC [PSYoungGen: 138240K->33054K(161280K)] [ParOldGen: 367740K->367740K(368128K)] 505980K->400795K(529408K) [PSPermGen: 13650K->13650K(21504K)], 0.0731620 secs] [Times: user=0.52 sys=0.00, real=0.07 secs] 
330.851: Total time for which application threads were stopped: 0.0738350 seconds, Stopping threads took: 0.0000580 seconds
330.876: Application time: 0.0250770 seconds
330.877: [Full GC [PSYoungGen: 138240K->33060K(161280K)] [ParOldGen: 367740K->367740K(368128K)] 505980K->400801K(529408K) [PSPermGen: 13650K->13650K(21504K)], 0.0740360 secs] [Times: user=0.52 sys=0.00, real=0.07 secs] 
330.951: Total time for which application threads were stopped: 0.0747090 seconds, Stopping threads took: 0.0000620 seconds
330.978: Application time: 0.0268400 seconds
330.979: [Full GC [PSYoungGen: 138240K->33014K(161280K)] [ParOldGen: 367740K->367740K(368128K)] 505980K->400755K(529408K) [PSPermGen: 13650K->13650K(21504K)], 0.0742470 secs] [Times: user=0.51 sys=0.00, real=0.07 secs] 
331.053: Total time for which application threads were stopped: 0.0748700 seconds, Stopping threads took: 0.0000600 seconds
331.078: Application time: 0.0251020 seconds
331.079: [Full GC [PSYoungGen: 138240K->32962K(161280K)] [ParOldGen: 367740K->367740K(368128K)] 505980K->400703K(529408K) [PSPermGen: 13650K->13650K(21504K)], 0.0743190 secs] [Times: user=0.52 sys=0.00, real=0.07 secs] 
331.153: Total time for which application threads were stopped: 0.0750400 seconds, Stopping threads took: 0.0000840 seconds
331.178: Application time: 0.0247910 seconds
331.178: [Full GC [PSYoungGen: 138240K->32976K(161280K)] [ParOldGen: 367740K->367740K(368128K)] 505980K->400717K(529408K) [PSPermGen: 13650K->13650K(21504K)], 0.0741190 secs] [Times: user=0.53 sys=0.00, real=0.07 secs] 
331.253: Total time for which application threads were stopped: 0.0748180 seconds, Stopping threads took: 0.0000580 seconds
331.277: Application time: 0.0245340 seconds
331.278: [Full GC [PSYoungGen: 138240K->32992K(161280K)] [ParOldGen: 367740K->367740K(368128K)] 505980K->400733K(529408K) [PSPermGen: 13650K->13650K(21504K)], 0.0731090 secs] [Times: user=0.51 sys=0.00, real=0.07 secs] 
331.351: Total time for which application threads were stopped: 0.0738080 seconds, Stopping threads took: 0.0000830 seconds
331.376: Application time: 0.0249320 seconds
331.376: [Full GC [PSYoungGen: 138240K->33007K(161280K)] [ParOldGen: 367740K->367740K(368128K)] 505980K->400748K(529408K) [PSPermGen: 13650K->13650K(21504K)], 0.0737450 secs] [Times: user=0.52 sys=0.00, real=0.07 secs] 
331.450: Total time for which application threads were stopped: 0.0744040 seconds, Stopping threads took: 0.0000340 seconds
331.476: Application time: 0.0252370 seconds
331.476: [Full GC [PSYoungGen: 138240K->32952K(161280K)] [ParOldGen: 367740K->367740K(368128K)] 505980K->400693K(529408K) [PSPermGen: 13650K->13650K(21504K)], 0.0772360 secs] [Times: user=0.54 sys=0.00, real=0.07 secs] 
331.553: Total time for which application threads were stopped: 0.0779080 seconds, Stopping threads took: 0.0000560 seconds
331.578: Application time: 0.0249660 seconds
331.579: [Full GC [PSYoungGen: 138240K->32967K(161280K)] [ParOldGen: 367740K->367740K(368128K)] 505980K->400708K(529408K) [PSPermGen: 13650K->13650K(21504K)], 0.0754980 secs] [Times: user=0.54 sys=0.00, real=0.08 secs] 
331.655: Total time for which application threads were stopped: 0.0761690 seconds, Stopping threads took: 0.0000540 seconds
331.679: Application time: 0.0249290 seconds
331.680: [Full GC [PSYoungGen: 138240K->32983K(161280K)] [ParOldGen: 367740K->367740K(368128K)] 505980K->400724K(529408K) [PSPermGen: 13650K->13650K(21504K)], 0.0734550 secs] [Times: user=0.51 sys=0.00, real=0.08 secs] 
331.754: Total time for which application threads were stopped: 0.0741510 seconds, Stopping threads took: 0.0000750 seconds
331.779: Application time: 0.0254150 seconds
331.780: [Full GC [PSYoungGen: 138240K->32888K(161280K)] [ParOldGen: 367740K->367740K(368128K)] 505980K->400629K(529408K) [PSPermGen: 13650K->13650K(21504K)], 0.0737770 secs] [Times: user=0.53 sys=0.00, real=0.07 secs] 
331.854: Total time for which application threads were stopped: 0.0744680 seconds, Stopping threads took: 0.0000550 seconds
331.879: Application time: 0.0250710 seconds
331.879: [Full GC [PSYoungGen: 138240K->32870K(161280K)] [ParOldGen: 367740K->367740K(368128K)] 505980K->400611K(529408K) [PSPermGen: 13650K->13650K(21504K)], 0.0736020 secs] [Times: user=0.52 sys=0.00, real=0.07 secs] 
331.953: Total time for which application threads were stopped: 0.0743120 seconds, Stopping threads took: 0.0000720 seconds
331.978: Application time: 0.0249720 seconds
331.979: [Full GC [PSYoungGen: 138240K->32885K(161280K)] [ParOldGen: 367740K->367740K(368128K)] 505980K->400626K(529408K) [PSPermGen: 13650K->13650K(21504K)], 0.0729670 secs] [Times: user=0.51 sys=0.00, real=0.07 secs] 
332.052: Total time for which application threads were stopped: 0.0736550 seconds, Stopping threads took: 0.0000770 seconds
332.076: Application time: 0.0248310 seconds
332.077: [Full GC [PSYoungGen: 138240K->32901K(161280K)] [ParOldGen: 367740K->367740K(368128K)] 505980K->400642K(529408K) [PSPermGen: 13650K->13650K(21504K)], 0.0748810 secs] [Times: user=0.51 sys=0.00, real=0.07 secs] 
332.152: Total time for which application threads were stopped: 0.0754870 seconds, Stopping threads took: 0.0000640 seconds
332.177: Application time: 0.0248290 seconds
332.177: [Full GC [PSYoungGen: 138240K->32916K(161280K)] [ParOldGen: 367740K->367740K(368128K)] 505980K->400657K(529408K) [PSPermGen: 13650K->13650K(21504K)], 0.0732110 secs] [Times: user=0.52 sys=0.00, real=0.07 secs] 
332.251: Total time for which application threads were stopped: 0.0739140 seconds, Stopping threads took: 0.0000660 seconds
332.276: Application time: 0.0249050 seconds
332.276: [Full GC [PSYoungGen: 138240K->32928K(161280K)] [ParOldGen: 367740K->367740K(368128K)] 505980K->400669K(529408K) [PSPermGen: 13650K->13650K(21504K)], 0.0738510 secs] [Times: user=0.52 sys=0.00, real=0.07 secs] 
332.350: Total time for which application threads were stopped: 0.0744840 seconds, Stopping threads took: 0.0000510 seconds
332.375: Application time: 0.0245830 seconds
332.375: [Full GC [PSYoungGen: 138240K->32946K(161280K)] [ParOldGen: 367740K->367740K(368128K)] 505980K->400687K(529408K) [PSPermGen: 13650K->13650K(21504K)], 0.0736300 secs] [Times: user=0.51 sys=0.00, real=0.07 secs] 
332.449: Total time for which application threads were stopped: 0.0742290 seconds, Stopping threads took: 0.0000480 seconds
332.474: Application time: 0.0253410 seconds
332.475: [Full GC [PSYoungGen: 138240K->32962K(161280K)] [ParOldGen: 367740K->367740K(368128K)] 505980K->400703K(529408K) [PSPermGen: 13650K->13650K(21504K)], 0.0748810 secs] [Times: user=0.52 sys=0.00, real=0.07 secs] 
332.550: Total time for which application threads were stopped: 0.0755490 seconds, Stopping threads took: 0.0000790 seconds
332.575: Application time: 0.0249830 seconds
332.575: [Full GC [PSYoungGen: 138240K->32978K(161280K)] [ParOldGen: 367740K->367740K(368128K)] 505980K->400718K(529408K) [PSPermGen: 13650K->13650K(21504K)], 0.0740650 secs] [Times: user=0.52 sys=0.00, real=0.07 secs] 
332.649: Total time for which application threads were stopped: 0.0746950 seconds, Stopping threads took: 0.0000650 seconds
332.674: Application time: 0.0248460 seconds
332.675: [Full GC [PSYoungGen: 138240K->32988K(161280K)] [ParOldGen: 367740K->367740K(368128K)] 505980K->400729K(529408K) [PSPermGen: 13650K->13650K(21504K)], 0.0733380 secs] [Times: user=0.52 sys=0.00, real=0.07 secs] 
332.748: Total time for which application threads were stopped: 0.0740570 seconds, Stopping threads took: 0.0000690 seconds
332.773: Application time: 0.0245810 seconds
332.773: [Full GC [PSYoungGen: 138240K->33004K(161280K)] [ParOldGen: 367740K->367740K(368128K)] 505980K->400745K(529408K) [PSPermGen: 13650K->13650K(21504K)], 0.0754880 secs] [Times: user=0.53 sys=0.01, real=0.08 secs] 
332.849: Total time for which application threads were stopped: 0.0761170 seconds, Stopping threads took: 0.0000580 seconds
332.874: Application time: 0.0246150 seconds
332.874: [Full GC [PSYoungGen: 138240K->33021K(161280K)] [ParOldGen: 367740K->367740K(368128K)] 505980K->400762K(529408K) [PSPermGen: 13650K->13650K(21504K)], 0.0736520 secs] [Times: user=0.52 sys=0.00, real=0.07 secs] 
332.948: Total time for which application threads were stopped: 0.0743330 seconds, Stopping threads took: 0.0001050 seconds
332.973: Application time: 0.0246970 seconds
332.973: [Full GC [PSYoungGen: 138240K->33036K(161280K)] [ParOldGen: 367740K->367740K(368128K)] 505980K->400777K(529408K) [PSPermGen: 13650K->13650K(21504K)], 0.0734010 secs] [Times: user=0.52 sys=0.00, real=0.08 secs] 
333.047: Total time for which application threads were stopped: 0.0740990 seconds, Stopping threads took: 0.0000770 seconds
333.072: Application time: 0.0253340 seconds
333.073: [Full GC [PSYoungGen: 138240K->32942K(161280K)] [ParOldGen: 367740K->367740K(368128K)] 505980K->400683K(529408K) [PSPermGen: 13650K->13650K(21504K)], 0.0748710 secs] [Times: user=0.51 sys=0.00, real=0.08 secs] 
333.148: Total time for which application threads were stopped: 0.0754950 seconds, Stopping threads took: 0.0000700 seconds
333.172: Application time: 0.0246930 seconds
333.173: [Full GC [PSYoungGen: 138240K->32924K(161280K)] [ParOldGen: 367740K->367740K(368128K)] 505980K->400665K(529408K) [PSPermGen: 13650K->13650K(21504K)], 0.0736050 secs] [Times: user=0.52 sys=0.00, real=0.08 secs] 
333.247: Total time for which application threads were stopped: 0.0743010 seconds, Stopping threads took: 0.0000690 seconds
333.272: Application time: 0.0249390 seconds
333.272: [Full GC [PSYoungGen: 138240K->32941K(161280K)] [ParOldGen: 367740K->367740K(368128K)] 505980K->400682K(529408K) [PSPermGen: 13650K->13650K(21504K)], 0.0735770 secs] [Times: user=0.52 sys=0.00, real=0.08 secs] 
333.346: Total time for which application threads were stopped: 0.0742680 seconds, Stopping threads took: 0.0000760 seconds
333.371: Application time: 0.0248300 seconds
333.371: [Full GC [PSYoungGen: 138240K->32955K(161280K)] [ParOldGen: 367740K->367740K(368128K)] 505980K->400696K(529408K) [PSPermGen: 13650K->13650K(21504K)], 0.0733550 secs] [Times: user=0.52 sys=0.00, real=0.07 secs] 
333.445: Total time for which application threads were stopped: 0.0740530 seconds, Stopping threads took: 0.0000650 seconds
333.469: Application time: 0.0246980 seconds
333.470: [Full GC [PSYoungGen: 138240K->32971K(161280K)] [ParOldGen: 367740K->367740K(368128K)] 505980K->400712K(529408K) [PSPermGen: 13650K->13650K(21504K)], 0.0741470 secs] [Times: user=0.51 sys=0.00, real=0.07 secs] 
333.544: Total time for which application threads were stopped: 0.0748860 seconds, Stopping threads took: 0.0000650 seconds
333.569: Application time: 0.0248200 seconds
333.570: [Full GC [PSYoungGen: 138240K->32986K(161280K)] [ParOldGen: 367740K->367740K(368128K)] 505980K->400727K(529408K) [PSPermGen: 13650K->13650K(21504K)], 0.0731990 secs] [Times: user=0.52 sys=0.00, real=0.07 secs] 
333.643: Total time for which application threads were stopped: 0.0738910 seconds, Stopping threads took: 0.0000670 seconds
333.668: Application time: 0.0246620 seconds
333.668: [Full GC [PSYoungGen: 138240K->32999K(161280K)] [ParOldGen: 367740K->367740K(368128K)] 505980K->400740K(529408K) [PSPermGen: 13650K->13650K(21504K)], 0.0736480 secs] [Times: user=0.51 sys=0.00, real=0.07 secs] 
333.742: Total time for which application threads were stopped: 0.0742970 seconds, Stopping threads took: 0.0000820 seconds
333.767: Application time: 0.0250540 seconds
333.768: [Full GC [PSYoungGen: 138240K->32960K(161280K)] [ParOldGen: 367740K->367740K(368128K)] 505980K->400701K(529408K) [PSPermGen: 13650K->13650K(21504K)], 0.0735560 secs] [Times: user=0.52 sys=0.00, real=0.07 secs] 
333.841: Total time for which application threads were stopped: 0.0742400 seconds, Stopping threads took: 0.0000530 seconds
333.866: Application time: 0.0245650 seconds
333.866: [Full GC [PSYoungGen: 138240K->32961K(161280K)] [ParOldGen: 367740K->367740K(368128K)] 505980K->400702K(529408K) [PSPermGen: 13650K->13650K(21504K)], 0.0739690 secs] [Times: user=0.52 sys=0.00, real=0.07 secs] 
333.941: Total time for which application threads were stopped: 0.0746480 seconds, Stopping threads took: 0.0000450 seconds
333.965: Application time: 0.0245420 seconds
333.966: [Full GC [PSYoungGen: 138240K->32973K(161280K)] [ParOldGen: 367740K->367740K(368128K)] 505980K->400714K(529408K) [PSPermGen: 13650K->13650K(21504K)], 0.0737310 secs] [Times: user=0.51 sys=0.00, real=0.07 secs] 
334.039: Total time for which application threads were stopped: 0.0743630 seconds, Stopping threads took: 0.0000540 seconds
334.064: Application time: 0.0246800 seconds
334.065: [Full GC [PSYoungGen: 138240K->32991K(161280K)] [ParOldGen: 367740K->367740K(368128K)] 505980K->400732K(529408K) [PSPermGen: 13650K->13650K(21504K)], 0.0744420 secs] [Times: user=0.51 sys=0.00, real=0.08 secs] 
334.139: Total time for which application threads were stopped: 0.0751140 seconds, Stopping threads took: 0.0000840 seconds
334.164: Application time: 0.0245630 seconds
334.164: [Full GC [PSYoungGen: 138240K->33004K(161280K)] [ParOldGen: 367740K->367740K(368128K)] 505980K->400745K(529408K) [PSPermGen: 13650K->13650K(21504K)], 0.0737720 secs] [Times: user=0.51 sys=0.00, real=0.08 secs] 
334.238: Total time for which application threads were stopped: 0.0744130 seconds, Stopping threads took: 0.0000880 seconds
334.263: Application time: 0.0247470 seconds
334.264: [Full GC [PSYoungGen: 138240K->33019K(161280K)] [ParOldGen: 367740K->367740K(368128K)] 505980K->400760K(529408K) [PSPermGen: 13650K->13650K(21504K)], 0.0741490 secs] [Times: user=0.52 sys=0.00, real=0.08 secs] 
334.338: Total time for which application threads were stopped: 0.0748370 seconds, Stopping threads took: 0.0001440 seconds
334.363: Application time: 0.0247100 seconds
334.363: [Full GC [PSYoungGen: 138240K->33034K(161280K)] [ParOldGen: 367740K->367740K(368128K)] 505980K->400775K(529408K) [PSPermGen: 13650K->13650K(21504K)], 0.0730230 secs] [Times: user=0.52 sys=0.00, real=0.08 secs] 
334.436: Total time for which application threads were stopped: 0.0737110 seconds, Stopping threads took: 0.0000730 seconds
334.461: Application time: 0.0245120 seconds
334.461: [Full GC [PSYoungGen: 138240K->33047K(161280K)] [ParOldGen: 367740K->367740K(368128K)] 505980K->400788K(529408K) [PSPermGen: 13650K->13650K(21504K)], 0.0746570 secs] [Times: user=0.53 sys=0.00, real=0.08 secs] 
334.536: Total time for which application threads were stopped: 0.0752940 seconds, Stopping threads took: 0.0000830 seconds
334.561: Application time: 0.0246280 seconds
334.561: [Full GC [PSYoungGen: 138240K->33065K(161280K)] [ParOldGen: 367740K->367740K(368128K)] 505980K->400806K(529408K) [PSPermGen: 13650K->13650K(21504K)], 0.0740250 secs] [Times: user=0.52 sys=0.00, real=0.08 secs] 
334.635: Total time for which application threads were stopped: 0.0746510 seconds, Stopping threads took: 0.0000710 seconds
334.661: Application time: 0.0260120 seconds
334.662: [Full GC [PSYoungGen: 138240K->33027K(161280K)] [ParOldGen: 367740K->367740K(368128K)] 505980K->400768K(529408K) [PSPermGen: 13650K->13650K(21504K)], 0.0747250 secs] [Times: user=0.53 sys=0.00, real=0.08 secs] 
334.737: Total time for which application threads were stopped: 0.0753610 seconds, Stopping threads took: 0.0000510 seconds
334.761: Application time: 0.0245500 seconds
334.762: [Full GC [PSYoungGen: 138240K->33025K(161280K)] [ParOldGen: 367740K->367740K(368128K)] 505980K->400766K(529408K) [PSPermGen: 13650K->13650K(21504K)], 0.0743900 secs] [Times: user=0.52 sys=0.00, real=0.08 secs] 
334.836: Total time for which application threads were stopped: 0.0751020 seconds, Stopping threads took: 0.0000670 seconds
334.861: Application time: 0.0247870 seconds
334.862: [Full GC [PSYoungGen: 138240K->33040K(161280K)] [ParOldGen: 367740K->367740K(368128K)] 505980K->400781K(529408K) [PSPermGen: 13650K->13650K(21504K)], 0.0737340 secs] [Times: user=0.52 sys=0.00, real=0.08 secs] 
334.936: Total time for which application threads were stopped: 0.0743540 seconds, Stopping threads took: 0.0000570 seconds
334.960: Application time: 0.0249280 seconds
334.961: [Full GC [PSYoungGen: 138240K->33002K(161280K)] [ParOldGen: 367740K->367740K(368128K)] 505980K->400743K(529408K) [PSPermGen: 13650K->13650K(21504K)], 0.0733490 secs] [Times: user=0.52 sys=0.00, real=0.08 secs] 
335.035: Total time for which application threads were stopped: 0.0740620 seconds, Stopping threads took: 0.0000830 seconds
335.059: Application time: 0.0245260 seconds
335.062: [Full GC [PSYoungGen: 138240K->33000K(161280K)] [ParOldGen: 367740K->367740K(368128K)] 505980K->400741K(529408K) [PSPermGen: 13650K->13650K(21504K)], 0.0745730 secs] [Times: user=0.52 sys=0.00, real=0.08 secs] 
335.137: Total time for which application threads were stopped: 0.0776540 seconds, Stopping threads took: 0.0025190 seconds
335.162: Application time: 0.0249110 seconds
335.162: [Full GC [PSYoungGen: 138240K->32961K(161280K)] [ParOldGen: 367740K->367740K(368128K)] 505980K->400702K(529408K) [PSPermGen: 13650K->13650K(21504K)], 0.0735150 secs] [Times: user=0.52 sys=0.00, real=0.08 secs] 
335.236: Total time for which application threads were stopped: 0.0742180 seconds, Stopping threads took: 0.0000740 seconds
335.261: Application time: 0.0248790 seconds
335.261: [Full GC [PSYoungGen: 138240K->32887K(161280K)] [ParOldGen: 367740K->367740K(368128K)] 505980K->400628K(529408K) [PSPermGen: 13650K->13650K(21504K)], 0.0740390 secs] [Times: user=0.52 sys=0.00, real=0.08 secs] 
335.335: Total time for which application threads were stopped: 0.0746900 seconds, Stopping threads took: 0.0000710 seconds
335.361: Application time: 0.0253460 seconds
335.361: [Full GC [PSYoungGen: 138240K->32850K(161280K)] [ParOldGen: 367740K->367740K(368128K)] 505980K->400591K(529408K) [PSPermGen: 13650K->13650K(21504K)], 0.0733690 secs] [Times: user=0.52 sys=0.00, real=0.08 secs] 
335.435: Total time for which application threads were stopped: 0.0740140 seconds, Stopping threads took: 0.0000770 seconds
335.459: Application time: 0.0246040 seconds
335.460: [Full GC [PSYoungGen: 138240K->32844K(161280K)] [ParOldGen: 367740K->367740K(368128K)] 505980K->400585K(529408K) [PSPermGen: 13650K->13650K(21504K)], 0.0792050 secs] [Times: user=0.55 sys=0.00, real=0.08 secs] 
335.539: Total time for which application threads were stopped: 0.0798250 seconds, Stopping threads took: 0.0000600 seconds
335.564: Application time: 0.0248660 seconds
335.565: [Full GC [PSYoungGen: 138240K->32866K(161280K)] [ParOldGen: 367740K->367740K(368128K)] 505980K->400607K(529408K) [PSPermGen: 13650K->13650K(21504K)], 0.0737970 secs] [Times: user=0.51 sys=0.00, real=0.08 secs] 
335.639: Total time for which application threads were stopped: 0.0745120 seconds, Stopping threads took: 0.0000900 seconds
335.663: Application time: 0.0247110 seconds
335.664: [Full GC [PSYoungGen: 138240K->32878K(161280K)] [ParOldGen: 367740K->367740K(368128K)] 505980K->400619K(529408K) [PSPermGen: 13650K->13650K(21504K)], 0.0739370 secs] [Times: user=0.52 sys=0.00, real=0.08 secs] 
335.738: Total time for which application threads were stopped: 0.0746230 seconds, Stopping threads took: 0.0000530 seconds
335.763: Application time: 0.0248070 seconds
335.763: [Full GC [PSYoungGen: 138240K->32895K(161280K)] [ParOldGen: 367740K->367740K(368128K)] 505980K->400636K(529408K) [PSPermGen: 13650K->13650K(21504K)], 0.0738170 secs] [Times: user=0.51 sys=0.00, real=0.08 secs] 
335.837: Total time for which application threads were stopped: 0.0744720 seconds, Stopping threads took: 0.0000730 seconds
335.862: Application time: 0.0245950 seconds
335.862: [Full GC [PSYoungGen: 138240K->32910K(161280K)] [ParOldGen: 367740K->367740K(368128K)] 505980K->400651K(529408K) [PSPermGen: 13650K->13650K(21504K)], 0.0728470 secs] [Times: user=0.50 sys=0.00, real=0.08 secs] 
335.935: Total time for which application threads were stopped: 0.0735260 seconds, Stopping threads took: 0.0000650 seconds
335.960: Application time: 0.0246730 seconds
335.961: [Full GC [PSYoungGen: 138240K->32924K(161280K)] [ParOldGen: 367740K->367740K(368128K)] 505980K->400665K(529408K) [PSPermGen: 13650K->13650K(21504K)], 0.0731090 secs] [Times: user=0.52 sys=0.00, real=0.08 secs] 
336.034: Total time for which application threads were stopped: 0.0737960 seconds, Stopping threads took: 0.0000530 seconds
336.059: Application time: 0.0249140 seconds
336.059: [Full GC [PSYoungGen: 138240K->32941K(161280K)] [ParOldGen: 367740K->367740K(368128K)] 505980K->400682K(529408K) [PSPermGen: 13650K->13650K(21504K)], 0.0741740 secs] [Times: user=0.51 sys=0.00, real=0.07 secs] 
336.134: Total time for which application threads were stopped: 0.0747960 seconds, Stopping threads took: 0.0000560 seconds
336.158: Application time: 0.0248040 seconds
336.159: [Full GC [PSYoungGen: 138240K->32955K(161280K)] [ParOldGen: 367740K->367740K(368128K)] 505980K->400696K(529408K) [PSPermGen: 13650K->13650K(21504K)], 0.0737190 secs] [Times: user=0.52 sys=0.00, real=0.07 secs] 
336.233: Total time for which application threads were stopped: 0.0742980 seconds, Stopping threads took: 0.0000370 seconds
336.258: Application time: 0.0249910 seconds
336.258: [Full GC [PSYoungGen: 138240K->32970K(161280K)] [ParOldGen: 367740K->367740K(368128K)] 505980K->400711K(529408K) [PSPermGen: 13650K->13650K(21504K)], 0.0730070 secs] [Times: user=0.52 sys=0.00, real=0.07 secs] 
336.331: Total time for which application threads were stopped: 0.0737120 seconds, Stopping threads took: 0.0000690 seconds
336.356: Application time: 0.0250750 seconds
336.357: [Full GC [PSYoungGen: 138240K->32986K(161280K)] [ParOldGen: 367740K->367740K(368128K)] 505980K->400727K(529408K) [PSPermGen: 13650K->13650K(21504K)], 0.0734180 secs] [Times: user=0.52 sys=0.00, real=0.07 secs] 
336.431: Total time for which application threads were stopped: 0.0741420 seconds, Stopping threads took: 0.0000590 seconds
336.456: Application time: 0.0250980 seconds
336.456: [Full GC [PSYoungGen: 138240K->33001K(161280K)] [ParOldGen: 367740K->367740K(368128K)] 505980K->400742K(529408K) [PSPermGen: 13650K->13650K(21504K)], 0.0739730 secs] [Times: user=0.52 sys=0.00, real=0.07 secs] 
336.530: Total time for which application threads were stopped: 0.0745990 seconds, Stopping threads took: 0.0000740 seconds
336.555: Application time: 0.0249940 seconds
336.556: [Full GC [PSYoungGen: 138240K->33015K(161280K)] [ParOldGen: 367740K->367740K(368128K)] 505980K->400756K(529408K) [PSPermGen: 13650K->13650K(21504K)], 0.0729920 secs] [Times: user=0.52 sys=0.00, real=0.07 secs] 
336.629: Total time for which application threads were stopped: 0.0736740 seconds, Stopping threads took: 0.0000690 seconds
336.654: Application time: 0.0249260 seconds
336.654: [Full GC [PSYoungGen: 138240K->33031K(161280K)] [ParOldGen: 367740K->367740K(368128K)] 505980K->400772K(529408K) [PSPermGen: 13650K->13650K(21504K)], 0.0735860 secs] [Times: user=0.51 sys=0.00, real=0.07 secs] 
336.728: Total time for which application threads were stopped: 0.0742290 seconds, Stopping threads took: 0.0000840 seconds
336.753: Application time: 0.0247590 seconds
336.754: [Full GC [PSYoungGen: 138240K->33045K(161280K)] [ParOldGen: 367740K->367740K(368128K)] 505980K->400786K(529408K) [PSPermGen: 13650K->13650K(21504K)], 0.0738520 secs] [Times: user=0.52 sys=0.00, real=0.07 secs] 
336.827: Total time for which application threads were stopped: 0.0745870 seconds, Stopping threads took: 0.0000920 seconds
336.853: Application time: 0.0253570 seconds
336.854: [Full GC [PSYoungGen: 138240K->33003K(161280K)] [ParOldGen: 367740K->367740K(368128K)] 505980K->400744K(529408K) [PSPermGen: 13650K->13650K(21504K)], 0.0737780 secs] [Times: user=0.52 sys=0.00, real=0.08 secs] 
336.927: Total time for which application threads were stopped: 0.0745300 seconds, Stopping threads took: 0.0001100 seconds
336.952: Application time: 0.0250670 seconds
336.953: [Full GC [PSYoungGen: 138240K->32948K(161280K)] [ParOldGen: 367740K->367740K(368128K)] 505980K->400689K(529408K) [PSPermGen: 13650K->13650K(21504K)], 0.0732250 secs] [Times: user=0.49 sys=0.01, real=0.08 secs] 
337.026: Total time for which application threads were stopped: 0.0739180 seconds, Stopping threads took: 0.0000500 seconds
337.051: Application time: 0.0244590 seconds
337.051: [Full GC [PSYoungGen: 138240K->32953K(161280K)] [ParOldGen: 367740K->367740K(368128K)] 505980K->400694K(529408K) [PSPermGen: 13650K->13650K(21504K)], 0.0737360 secs] [Times: user=0.51 sys=0.00, real=0.07 secs] 
337.125: Total time for which application threads were stopped: 0.0744350 seconds, Stopping threads took: 0.0000730 seconds
337.150: Application time: 0.0244500 seconds
337.150: [Full GC [PSYoungGen: 138240K->32963K(161280K)] [ParOldGen: 367740K->367740K(368128K)] 505980K->400704K(529408K) [PSPermGen: 13650K->13650K(21504K)], 0.0732770 secs] [Times: user=0.50 sys=0.00, real=0.07 secs] 
337.224: Total time for which application threads were stopped: 0.0739330 seconds, Stopping threads took: 0.0000590 seconds
337.248: Application time: 0.0248510 seconds
337.249: [Full GC [PSYoungGen: 138240K->32983K(161280K)] [ParOldGen: 367740K->367740K(368128K)] 505980K->400724K(529408K) [PSPermGen: 13650K->13650K(21504K)], 0.0738460 secs] [Times: user=0.52 sys=0.00, real=0.07 secs] 
337.323: Total time for which application threads were stopped: 0.0745380 seconds, Stopping threads took: 0.0000790 seconds
337.348: Application time: 0.0249820 seconds
337.349: [Full GC [PSYoungGen: 138240K->32996K(161280K)] [ParOldGen: 367740K->367740K(368128K)] 505980K->400737K(529408K) [PSPermGen: 13650K->13650K(21504K)], 0.0734440 secs] [Times: user=0.52 sys=0.00, real=0.07 secs] 
337.422: Total time for which application threads were stopped: 0.0741340 seconds, Stopping threads took: 0.0000680 seconds
337.447: Application time: 0.0249280 seconds
337.448: [Full GC [PSYoungGen: 138240K->33008K(161280K)] [ParOldGen: 367740K->367740K(368128K)] 505980K->400749K(529408K) [PSPermGen: 13650K->13650K(21504K)], 0.0755010 secs] [Times: user=0.54 sys=0.00, real=0.07 secs] 
337.523: Total time for which application threads were stopped: 0.0762070 seconds, Stopping threads took: 0.0000680 seconds
337.548: Application time: 0.0248130 seconds
337.549: [Full GC [PSYoungGen: 138240K->33025K(161280K)] [ParOldGen: 367740K->367740K(368128K)] 505980K->400766K(529408K) [PSPermGen: 13650K->13650K(21504K)], 0.0740830 secs] [Times: user=0.52 sys=0.00, real=0.07 secs] 
337.623: Total time for which application threads were stopped: 0.0747150 seconds, Stopping threads took: 0.0000550 seconds
337.648: Application time: 0.0251040 seconds
337.649: [Full GC [PSYoungGen: 138240K->32985K(161280K)] [ParOldGen: 367740K->367740K(368128K)] 505980K->400726K(529408K) [PSPermGen: 13650K->13650K(21504K)], 0.0737860 secs] [Times: user=0.51 sys=0.00, real=0.07 secs] 
337.722: Total time for which application threads were stopped: 0.0744060 seconds, Stopping threads took: 0.0000650 seconds
337.747: Application time: 0.0246810 seconds
337.748: [Full GC [PSYoungGen: 138240K->32985K(161280K)] [ParOldGen: 367740K->367740K(368128K)] 505980K->400726K(529408K) [PSPermGen: 13650K->13650K(21504K)], 0.0732060 secs] [Times: user=0.52 sys=0.00, real=0.07 secs] 
337.821: Total time for which application threads were stopped: 0.0739260 seconds, Stopping threads took: 0.0000810 seconds
337.846: Application time: 0.0247400 seconds
337.846: [Full GC [PSYoungGen: 138240K->32998K(161280K)] [ParOldGen: 367740K->367740K(368128K)] 505980K->400739K(529408K) [PSPermGen: 13650K->13650K(21504K)], 0.0730870 secs] [Times: user=0.51 sys=0.00, real=0.07 secs] 
337.919: Total time for which application threads were stopped: 0.0737380 seconds, Stopping threads took: 0.0000720 seconds
337.944: Application time: 0.0248770 seconds
337.945: [Full GC [PSYoungGen: 138240K->33016K(161280K)] [ParOldGen: 367740K->367740K(368128K)] 505980K->400757K(529408K) [PSPermGen: 13650K->13650K(21504K)], 0.0738740 secs] [Times: user=0.52 sys=0.00, real=0.08 secs] 
338.019: Total time for which application threads were stopped: 0.0745970 seconds, Stopping threads took: 0.0000930 seconds
338.044: Application time: 0.0247720 seconds
338.044: [Full GC [PSYoungGen: 138240K->33028K(161280K)] [ParOldGen: 367740K->367740K(368128K)] 505980K->400769K(529408K) [PSPermGen: 13650K->13650K(21504K)], 0.0736530 secs] [Times: user=0.52 sys=0.00, real=0.08 secs] 
338.118: Total time for which application threads were stopped: 0.0742990 seconds, Stopping threads took: 0.0000760 seconds
338.144: Application time: 0.0256400 seconds
338.144: [Full GC [PSYoungGen: 138240K->33044K(161280K)] [ParOldGen: 367740K->367740K(368128K)] 505980K->400785K(529408K) [PSPermGen: 13650K->13650K(21504K)], 0.0736850 secs] [Times: user=0.51 sys=0.00, real=0.08 secs] 
338.218: Total time for which application threads were stopped: 0.0744210 seconds, Stopping threads took: 0.0000710 seconds
338.243: Application time: 0.0248390 seconds
338.244: [Full GC [PSYoungGen: 138240K->33060K(161280K)] [ParOldGen: 367740K->367740K(368128K)] 505980K->400801K(529408K) [PSPermGen: 13650K->13650K(21504K)], 0.0733460 secs] [Times: user=0.52 sys=0.00, real=0.08 secs] 
338.317: Total time for which application threads were stopped: 0.0740570 seconds, Stopping threads took: 0.0000610 seconds
338.342: Application time: 0.0252820 seconds
338.343: [Full GC [PSYoungGen: 138240K->33014K(161280K)] [ParOldGen: 367740K->367740K(368128K)] 505980K->400755K(529408K) [PSPermGen: 13650K->13650K(21504K)], 0.0737590 secs] [Times: user=0.52 sys=0.00, real=0.08 secs] 
338.417: Total time for which application threads were stopped: 0.0743950 seconds, Stopping threads took: 0.0000890 seconds
338.442: Application time: 0.0250130 seconds
338.442: [Full GC [PSYoungGen: 138240K->33022K(161280K)] [ParOldGen: 367740K->367740K(368128K)] 505980K->400763K(529408K) [PSPermGen: 13650K->13650K(21504K)], 0.0728850 secs] [Times: user=0.51 sys=0.00, real=0.08 secs] 
338.515: Total time for which application threads were stopped: 0.0735770 seconds, Stopping threads took: 0.0000360 seconds
338.541: Application time: 0.0257290 seconds
338.542: [Full GC [PSYoungGen: 138240K->33037K(161280K)] [ParOldGen: 367740K->367740K(368128K)] 505980K->400778K(529408K) [PSPermGen: 13650K->13650K(21504K)], 0.0733360 secs] [Times: user=0.51 sys=0.00, real=0.08 secs] 
338.615: Total time for which application threads were stopped: 0.0740560 seconds, Stopping threads took: 0.0000770 seconds
338.640: Application time: 0.0249800 seconds
338.641: [Full GC [PSYoungGen: 138240K->32997K(161280K)] [ParOldGen: 367740K->367740K(368128K)] 505980K->400738K(529408K) [PSPermGen: 13650K->13650K(21504K)], 0.0741590 secs] [Times: user=0.52 sys=0.00, real=0.08 secs] 
338.715: Total time for which application threads were stopped: 0.0748600 seconds, Stopping threads took: 0.0000720 seconds
338.740: Application time: 0.0250250 seconds
338.741: [Full GC [PSYoungGen: 138240K->32997K(161280K)] [ParOldGen: 367740K->367740K(368128K)] 505980K->400737K(529408K) [PSPermGen: 13650K->13650K(21504K)], 0.0733340 secs] [Times: user=0.52 sys=0.00, real=0.08 secs] 
338.814: Total time for which application threads were stopped: 0.0740130 seconds, Stopping threads took: 0.0000390 seconds
338.839: Application time: 0.0253920 seconds
338.840: [Full GC [PSYoungGen: 138240K->32902K(161280K)] [ParOldGen: 367740K->367740K(368128K)] 505980K->400643K(529408K) [PSPermGen: 13650K->13650K(21504K)], 0.0734450 secs] [Times: user=0.52 sys=0.00, real=0.07 secs] 
338.914: Total time for which application threads were stopped: 0.0741700 seconds, Stopping threads took: 0.0000850 seconds
338.938: Application time: 0.0248820 seconds
338.939: [Full GC [PSYoungGen: 138240K->32887K(161280K)] [ParOldGen: 367740K->367740K(368128K)] 505980K->400628K(529408K) [PSPermGen: 13650K->13650K(21504K)], 0.0733260 secs] [Times: user=0.52 sys=0.00, real=0.07 secs] 
339.012: Total time for which application threads were stopped: 0.0739600 seconds, Stopping threads took: 0.0000680 seconds
339.037: Application time: 0.0250440 seconds
339.038: [Full GC [PSYoungGen: 138240K->32844K(161280K)] [ParOldGen: 367740K->367740K(368128K)] 505980K->400585K(529408K) [PSPermGen: 13650K->13650K(21504K)], 0.0737760 secs] [Times: user=0.52 sys=0.00, real=0.07 secs] 
339.112: Total time for which application threads were stopped: 0.0744520 seconds, Stopping threads took: 0.0001190 seconds
339.137: Application time: 0.0256420 seconds
339.138: [Full GC [PSYoungGen: 138240K->32845K(161280K)] [ParOldGen: 367740K->367740K(368128K)] 505980K->400586K(529408K) [PSPermGen: 13650K->13650K(21504K)], 0.0732960 secs] [Times: user=0.51 sys=0.00, real=0.07 secs] 
339.211: Total time for which application threads were stopped: 0.0739800 seconds, Stopping threads took: 0.0000830 seconds
339.236: Application time: 0.0247370 seconds
339.237: [Full GC [PSYoungGen: 138240K->32860K(161280K)] [ParOldGen: 367740K->367740K(368128K)] 505980K->400601K(529408K) [PSPermGen: 13650K->13650K(21504K)], 0.0733730 secs] [Times: user=0.52 sys=0.00, real=0.07 secs] 
339.310: Total time for which application threads were stopped: 0.0740720 seconds, Stopping threads took: 0.0000830 seconds
339.335: Application time: 0.0247760 seconds
339.336: [Full GC [PSYoungGen: 138240K->32876K(161280K)] [ParOldGen: 367740K->367740K(368128K)] 505980K->400617K(529408K) [PSPermGen: 13650K->13650K(21504K)], 0.0733910 secs] [Times: user=0.52 sys=0.00, real=0.07 secs] 
339.409: Total time for which application threads were stopped: 0.0741210 seconds, Stopping threads took: 0.0000820 seconds
339.434: Application time: 0.0247300 seconds
339.435: [Full GC [PSYoungGen: 138240K->32892K(161280K)] [ParOldGen: 367740K->367740K(368128K)] 505980K->400633K(529408K) [PSPermGen: 13650K->13650K(21504K)], 0.0739350 secs] [Times: user=0.51 sys=0.00, real=0.07 secs] 
339.509: Total time for which application threads were stopped: 0.0745660 seconds, Stopping threads took: 0.0000800 seconds
339.533: Application time: 0.0249250 seconds
339.534: [Full GC [PSYoungGen: 138240K->32901K(161280K)] [ParOldGen: 367740K->367740K(368128K)] 505980K->400642K(529408K) [PSPermGen: 13650K->13650K(21504K)], 0.0735750 secs] [Times: user=0.52 sys=0.00, real=0.07 secs] 
339.608: Total time for which application threads were stopped: 0.0742960 seconds, Stopping threads took: 0.0000910 seconds
339.633: Application time: 0.0249610 seconds
339.633: [Full GC [PSYoungGen: 138240K->32920K(161280K)] [ParOldGen: 367740K->367740K(368128K)] 505980K->400661K(529408K) [PSPermGen: 13650K->13650K(21504K)], 0.0729770 secs] [Times: user=0.51 sys=0.00, real=0.08 secs] 
339.706: Total time for which application threads were stopped: 0.0736890 seconds, Stopping threads took: 0.0000820 seconds
339.731: Application time: 0.0249880 seconds
339.732: [Full GC [PSYoungGen: 138240K->32935K(161280K)] [ParOldGen: 367740K->367740K(368128K)] 505980K->400676K(529408K) [PSPermGen: 13650K->13650K(21504K)], 0.0734520 secs] [Times: user=0.52 sys=0.00, real=0.07 secs] 
339.805: Total time for which application threads were stopped: 0.0740740 seconds, Stopping threads took: 0.0000580 seconds
339.830: Application time: 0.0247370 seconds
339.831: [Full GC [PSYoungGen: 138240K->32950K(161280K)] [ParOldGen: 367740K->367740K(368128K)] 505980K->400691K(529408K) [PSPermGen: 13650K->13650K(21504K)], 0.0740820 secs] [Times: user=0.52 sys=0.00, real=0.07 secs] 
339.905: Total time for which application threads were stopped: 0.0746690 seconds, Stopping threads took: 0.0000460 seconds
339.930: Application time: 0.0250960 seconds
339.931: [Full GC [PSYoungGen: 138240K->32967K(161280K)] [ParOldGen: 367740K->367740K(368128K)] 505980K->400708K(529408K) [PSPermGen: 13650K->13650K(21504K)], 0.0738740 secs] [Times: user=0.52 sys=0.00, real=0.07 secs] 
340.005: Total time for which application threads were stopped: 0.0745400 seconds, Stopping threads took: 0.0000650 seconds
340.029: Application time: 0.0248910 seconds
340.030: [Full GC [PSYoungGen: 138240K->32980K(161280K)] [ParOldGen: 367740K->367740K(368128K)] 505980K->400721K(529408K) [PSPermGen: 13650K->13650K(21504K)], 0.0750330 secs] [Times: user=0.51 sys=0.00, real=0.07 secs] 
340.105: Total time for which application threads were stopped: 0.0756720 seconds, Stopping threads took: 0.0000690 seconds
340.131: Application time: 0.0260120 seconds
340.132: [Full GC [PSYoungGen: 138240K->32995K(161280K)] [ParOldGen: 367740K->367740K(368128K)] 505980K->400736K(529408K) [PSPermGen: 13650K->13650K(21504K)], 0.0735750 secs] [Times: user=0.51 sys=0.00, real=0.07 secs] 
340.205: Total time for which application threads were stopped: 0.0742640 seconds, Stopping threads took: 0.0000590 seconds
340.230: Application time: 0.0250250 seconds
340.231: [Full GC [PSYoungGen: 138240K->33011K(161280K)] [ParOldGen: 367740K->367740K(368128K)] 505980K->400752K(529408K) [PSPermGen: 13650K->13650K(21504K)], 0.0735720 secs] [Times: user=0.51 sys=0.00, real=0.07 secs] 
340.305: Total time for which application threads were stopped: 0.0742300 seconds, Stopping threads took: 0.0001030 seconds
340.330: Application time: 0.0250930 seconds
340.330: [Full GC [PSYoungGen: 138240K->33025K(161280K)] [ParOldGen: 367740K->367740K(368128K)] 505980K->400766K(529408K) [PSPermGen: 13650K->13650K(21504K)], 0.0732790 secs] [Times: user=0.52 sys=0.00, real=0.07 secs] 
340.404: Total time for which application threads were stopped: 0.0739710 seconds, Stopping threads took: 0.0000550 seconds
340.429: Application time: 0.0248250 seconds
340.429: [Full GC [PSYoungGen: 138240K->33042K(161280K)] [ParOldGen: 367740K->367740K(368128K)] 505980K->400783K(529408K) [PSPermGen: 13650K->13650K(21504K)], 0.0734590 secs] [Times: user=0.52 sys=0.00, real=0.07 secs] 
340.503: Total time for which application threads were stopped: 0.0741460 seconds, Stopping threads took: 0.0000600 seconds
340.528: Application time: 0.0250150 seconds
340.528: [Full GC [PSYoungGen: 138240K->33053K(161280K)] [ParOldGen: 367740K->367740K(368128K)] 505980K->400794K(529408K) [PSPermGen: 13650K->13650K(21504K)], 0.0739570 secs] [Times: user=0.52 sys=0.00, real=0.07 secs] 
340.602: Total time for which application threads were stopped: 0.0746640 seconds, Stopping threads took: 0.0000450 seconds
340.627: Application time: 0.0248920 seconds
340.628: [Full GC [PSYoungGen: 138240K->33071K(161280K)] [ParOldGen: 367740K->367740K(368128K)] 505980K->400812K(529408K) [PSPermGen: 13650K->13650K(21504K)], 0.0742860 secs] [Times: user=0.52 sys=0.00, real=0.07 secs] 
340.702: Total time for which application threads were stopped: 0.0748970 seconds, Stopping threads took: 0.0000590 seconds
340.727: Application time: 0.0250450 seconds
340.728: [Full GC [PSYoungGen: 138240K->33031K(161280K)] [ParOldGen: 367740K->367740K(368128K)] 505980K->400772K(529408K) [PSPermGen: 13650K->13650K(21504K)], 0.0735210 secs] [Times: user=0.52 sys=0.00, real=0.07 secs] 
340.801: Total time for which application threads were stopped: 0.0741660 seconds, Stopping threads took: 0.0000750 seconds
340.826: Application time: 0.0248510 seconds
340.827: [Full GC [PSYoungGen: 138240K->33030K(161280K)] [ParOldGen: 367740K->367740K(368128K)] 505980K->400771K(529408K) [PSPermGen: 13650K->13650K(21504K)], 0.0732990 secs] [Times: user=0.51 sys=0.00, real=0.07 secs] 
340.900: Total time for which application threads were stopped: 0.0740500 seconds, Stopping threads took: 0.0001150 seconds
340.925: Application time: 0.0251100 seconds
340.926: [Full GC [PSYoungGen: 138240K->32990K(161280K)] [ParOldGen: 367740K->367740K(368128K)] 505980K->400731K(529408K) [PSPermGen: 13650K->13650K(21504K)], 0.0745550 secs] [Times: user=0.51 sys=0.00, real=0.07 secs] 
341.001: Total time for which application threads were stopped: 0.0752030 seconds, Stopping threads took: 0.0000840 seconds
341.026: Application time: 0.0249770 seconds
341.026: [Full GC [PSYoungGen: 138240K->32991K(161280K)] [ParOldGen: 367740K->367740K(368128K)] 505980K->400732K(529408K) [PSPermGen: 13650K->13650K(21504K)], 0.0737770 secs] [Times: user=0.52 sys=0.00, real=0.07 secs] 
341.100: Total time for which application threads were stopped: 0.0744570 seconds, Stopping threads took: 0.0000640 seconds
341.126: Application time: 0.0258430 seconds
341.127: [Full GC [PSYoungGen: 138240K->33006K(161280K)] [ParOldGen: 367740K->367740K(368128K)] 505980K->400747K(529408K) [PSPermGen: 13650K->13650K(21504K)], 0.0734880 secs] [Times: user=0.51 sys=0.00, real=0.07 secs] 
341.200: Total time for which application threads were stopped: 0.0742460 seconds, Stopping threads took: 0.0000150 seconds
341.225: Application time: 0.0248310 seconds
341.226: [Full GC [PSYoungGen: 138240K->33020K(161280K)] [ParOldGen: 367740K->367740K(368128K)] 505980K->400761K(529408K) [PSPermGen: 13650K->13650K(21504K)], 0.0741280 secs] [Times: user=0.52 sys=0.00, real=0.07 secs] 
341.300: Total time for which application threads were stopped: 0.0748100 seconds, Stopping threads took: 0.0001180 seconds
341.325: Application time: 0.0250800 seconds
341.325: [Full GC [PSYoungGen: 138240K->32980K(161280K)] [ParOldGen: 367740K->367740K(368128K)] 505980K->400721K(529408K) [PSPermGen: 13650K->13650K(21504K)], 0.0737190 secs] [Times: user=0.52 sys=0.00, real=0.08 secs] 
341.399: Total time for which application threads were stopped: 0.0743760 seconds, Stopping threads took: 0.0001090 seconds
341.424: Application time: 0.0247610 seconds
341.425: [Full GC [PSYoungGen: 138240K->32980K(161280K)] [ParOldGen: 367740K->367740K(368128K)] 505980K->400721K(529408K) [PSPermGen: 13650K->13650K(21504K)], 0.0732790 secs] [Times: user=0.51 sys=0.00, real=0.08 secs] 
341.498: Total time for which application threads were stopped: 0.0740020 seconds, Stopping threads took: 0.0001040 seconds
341.523: Application time: 0.0246350 seconds
341.523: [Full GC [PSYoungGen: 138240K->32994K(161280K)] [ParOldGen: 367740K->367740K(368128K)] 505980K->400735K(529408K) [PSPermGen: 13650K->13650K(21504K)], 0.0752030 secs] [Times: user=0.52 sys=0.00, real=0.08 secs] 
341.598: Total time for which application threads were stopped: 0.0758360 seconds, Stopping threads took: 0.0000830 seconds
341.623: Application time: 0.0248910 seconds
341.624: [Full GC [PSYoungGen: 138240K->33011K(161280K)] [ParOldGen: 367740K->367740K(368128K)] 505980K->400752K(529408K) [PSPermGen: 13650K->13650K(21504K)], 0.0733740 secs] [Times: user=0.51 sys=0.00, real=0.08 secs] 
341.697: Total time for which application threads were stopped: 0.0740200 seconds, Stopping threads took: 0.0000920 seconds
341.722: Application time: 0.0247660 seconds
341.723: [Full GC [PSYoungGen: 138240K->33027K(161280K)] [ParOldGen: 367740K->367740K(368128K)] 505980K->400768K(529408K) [PSPermGen: 13650K->13650K(21504K)], 0.0735700 secs] [Times: user=0.51 sys=0.00, real=0.08 secs] 
341.797: Total time for which application threads were stopped: 0.0743320 seconds, Stopping threads took: 0.0001000 seconds
341.821: Application time: 0.0248700 seconds
341.822: [Full GC [PSYoungGen: 138240K->33042K(161280K)] [ParOldGen: 367740K->367740K(368128K)] 505980K->400783K(529408K) [PSPermGen: 13650K->13650K(21504K)], 0.0733360 secs] [Times: user=0.52 sys=0.00, real=0.08 secs] 
341.895: Total time for which application threads were stopped: 0.0740650 seconds, Stopping threads took: 0.0000780 seconds
341.921: Application time: 0.0251900 seconds
341.921: [Full GC [PSYoungGen: 138240K->33001K(161280K)] [ParOldGen: 367740K->367740K(368128K)] 505980K->400742K(529408K) [PSPermGen: 13650K->13650K(21504K)], 0.0741830 secs] [Times: user=0.52 sys=0.00, real=0.08 secs] 
341.996: Total time for which application threads were stopped: 0.0748720 seconds, Stopping threads took: 0.0000610 seconds
342.020: Application time: 0.0245940 seconds
342.021: [Full GC [PSYoungGen: 138240K->32999K(161280K)] [ParOldGen: 367740K->367740K(368128K)] 505980K->400740K(529408K) [PSPermGen: 13650K->13650K(21504K)], 0.0746870 secs] [Times: user=0.52 sys=0.00, real=0.08 secs] 
342.095: Total time for which application threads were stopped: 0.0753090 seconds, Stopping threads took: 0.0000640 seconds
342.120: Application time: 0.0249010 seconds
342.121: [Full GC [PSYoungGen: 138240K->33016K(161280K)] [ParOldGen: 367740K->367740K(368128K)] 505980K->400757K(529408K) [PSPermGen: 13650K->13650K(21504K)], 0.0744660 secs] [Times: user=0.50 sys=0.01, real=0.08 secs] 
342.195: Total time for which application threads were stopped: 0.0751630 seconds, Stopping threads took: 0.0000540 seconds
342.220: Application time: 0.0248110 seconds
342.221: [Full GC [PSYoungGen: 138240K->32967K(161280K)] [ParOldGen: 367740K->367740K(368128K)] 505980K->400708K(529408K) [PSPermGen: 13650K->13650K(21504K)], 0.0726880 secs] [Times: user=0.52 sys=0.00, real=0.08 secs] 
342.294: Total time for which application threads were stopped: 0.0733560 seconds, Stopping threads took: 0.0000620 seconds
342.319: Application time: 0.0251950 seconds
342.320: [Full GC [PSYoungGen: 138240K->32849K(161280K)] [ParOldGen: 367740K->367740K(368128K)] 505980K->400590K(529408K) [PSPermGen: 13650K->13650K(21504K)], 0.0728490 secs] [Times: user=0.51 sys=0.00, real=0.07 secs] 
342.392: Total time for which application threads were stopped: 0.0735780 seconds, Stopping threads took: 0.0000860 seconds
342.417: Application time: 0.0249230 seconds
342.418: [Full GC [PSYoungGen: 138240K->32850K(161280K)] [ParOldGen: 367740K->367740K(368128K)] 505980K->400591K(529408K) [PSPermGen: 13650K->13650K(21504K)], 0.0731470 secs] [Times: user=0.52 sys=0.00, real=0.07 secs] 
342.491: Total time for which application threads were stopped: 0.0738630 seconds, Stopping threads took: 0.0000860 seconds
342.516: Application time: 0.0247870 seconds
342.517: [Full GC [PSYoungGen: 138240K->32865K(161280K)] [ParOldGen: 367740K->367740K(368128K)] 505980K->400606K(529408K) [PSPermGen: 13650K->13650K(21504K)], 0.0736470 secs] [Times: user=0.52 sys=0.00, real=0.07 secs] 
342.590: Total time for which application threads were stopped: 0.0743430 seconds, Stopping threads took: 0.0000620 seconds
342.615: Application time: 0.0247820 seconds
342.616: [Full GC [PSYoungGen: 138240K->32878K(161280K)] [ParOldGen: 367740K->367740K(368128K)] 505980K->400619K(529408K) [PSPermGen: 13650K->13650K(21504K)], 0.0735600 secs] [Times: user=0.52 sys=0.00, real=0.07 secs] 
342.689: Total time for which application threads were stopped: 0.0742790 seconds, Stopping threads took: 0.0000960 seconds
342.714: Application time: 0.0245930 seconds
342.715: [Full GC [PSYoungGen: 138240K->32893K(161280K)] [ParOldGen: 367740K->367740K(368128K)] 505980K->400633K(529408K) [PSPermGen: 13650K->13650K(21504K)], 0.0736360 secs] [Times: user=0.52 sys=0.00, real=0.07 secs] 
342.788: Total time for which application threads were stopped: 0.0743870 seconds, Stopping threads took: 0.0001310 seconds
342.813: Application time: 0.0243650 seconds
342.813: [Full GC [PSYoungGen: 138240K->32910K(161280K)] [ParOldGen: 367740K->367740K(368128K)] 505980K->400651K(529408K) [PSPermGen: 13650K->13650K(21504K)], 0.0741700 secs] [Times: user=0.53 sys=0.00, real=0.08 secs] 
342.888: Total time for which application threads were stopped: 0.0748680 seconds, Stopping threads took: 0.0001450 seconds
342.912: Application time: 0.0247780 seconds
342.913: [Full GC [PSYoungGen: 138240K->32871K(161280K)] [ParOldGen: 367740K->367740K(368128K)] 505980K->400612K(529408K) [PSPermGen: 13650K->13650K(21504K)], 0.0735110 secs] [Times: user=0.52 sys=0.00, real=0.08 secs] 
342.987: Total time for which application threads were stopped: 0.0742150 seconds, Stopping threads took: 0.0000470 seconds
343.011: Application time: 0.0245570 seconds
343.012: [Full GC [PSYoungGen: 138240K->32871K(161280K)] [ParOldGen: 367740K->367740K(368128K)] 505980K->400612K(529408K) [PSPermGen: 13650K->13650K(21504K)], 0.0736620 secs] [Times: user=0.49 sys=0.01, real=0.08 secs] 
343.086: Total time for which application threads were stopped: 0.0743570 seconds, Stopping threads took: 0.0000440 seconds
343.110: Application time: 0.0246640 seconds
343.111: [Full GC [PSYoungGen: 138240K->32884K(161280K)] [ParOldGen: 367740K->367740K(368128K)] 505980K->400625K(529408K) [PSPermGen: 13650K->13650K(21504K)], 0.0734110 secs] [Times: user=0.51 sys=0.00, real=0.07 secs] 
343.184: Total time for which application threads were stopped: 0.0740890 seconds, Stopping threads took: 0.0000490 seconds
343.209: Application time: 0.0244470 seconds
343.209: [Full GC [PSYoungGen: 138240K->32900K(161280K)] [ParOldGen: 367740K->367740K(368128K)] 505980K->400641K(529408K) [PSPermGen: 13650K->13650K(21504K)], 0.0730980 secs] [Times: user=0.51 sys=0.00, real=0.07 secs] 
343.283: Total time for which application threads were stopped: 0.0738400 seconds, Stopping threads took: 0.0001180 seconds
343.307: Application time: 0.0245740 seconds
343.308: [Full GC [PSYoungGen: 138240K->32916K(161280K)] [ParOldGen: 367740K->367740K(368128K)] 505980K->400657K(529408K) [PSPermGen: 13650K->13650K(21504K)], 0.0731310 secs] [Times: user=0.51 sys=0.00, real=0.07 secs] 
343.381: Total time for which application threads were stopped: 0.0738480 seconds, Stopping threads took: 0.0000800 seconds
343.406: Application time: 0.0247300 seconds
343.406: [Full GC [PSYoungGen: 138240K->32928K(161280K)] [ParOldGen: 367740K->367740K(368128K)] 505980K->400669K(529408K) [PSPermGen: 13650K->13650K(21504K)], 0.0737240 secs] [Times: user=0.52 sys=0.00, real=0.07 secs] 
343.480: Total time for which application threads were stopped: 0.0743660 seconds, Stopping threads took: 0.0000690 seconds
343.505: Application time: 0.0246820 seconds
343.506: [Full GC [PSYoungGen: 138240K->32945K(161280K)] [ParOldGen: 367740K->367740K(368128K)] 505980K->400686K(529408K) [PSPermGen: 13650K->13650K(21504K)], 0.0737280 secs] [Times: user=0.51 sys=0.01, real=0.07 secs] 
343.579: Total time for which application threads were stopped: 0.0744960 seconds, Stopping threads took: 0.0000890 seconds
343.604: Application time: 0.0247880 seconds
343.605: [Full GC [PSYoungGen: 138240K->32961K(161280K)] [ParOldGen: 367740K->367740K(368128K)] 505980K->400702K(529408K) [PSPermGen: 13650K->13650K(21504K)], 0.0739380 secs] [Times: user=0.52 sys=0.00, real=0.08 secs] 
343.679: Total time for which application threads were stopped: 0.0745760 seconds, Stopping threads took: 0.0000840 seconds
343.703: Application time: 0.0247740 seconds
343.704: [Full GC [PSYoungGen: 138240K->32975K(161280K)] [ParOldGen: 367740K->367740K(368128K)] 505980K->400716K(529408K) [PSPermGen: 13650K->13650K(21504K)], 0.0731500 secs] [Times: user=0.51 sys=0.00, real=0.08 secs] 
343.777: Total time for which application threads were stopped: 0.0738420 seconds, Stopping threads took: 0.0000740 seconds
343.802: Application time: 0.0247060 seconds
343.803: [Full GC [PSYoungGen: 138240K->32989K(161280K)] [ParOldGen: 367740K->367740K(368128K)] 505980K->400730K(529408K) [PSPermGen: 13650K->13650K(21504K)], 0.0731820 secs] [Times: user=0.52 sys=0.00, real=0.08 secs] 
343.876: Total time for which application threads were stopped: 0.0738720 seconds, Stopping threads took: 0.0000550 seconds
343.901: Application time: 0.0246440 seconds
343.901: [Full GC [PSYoungGen: 138240K->33005K(161280K)] [ParOldGen: 367740K->367740K(368128K)] 505980K->400746K(529408K) [PSPermGen: 13650K->13650K(21504K)], 0.0730870 secs] [Times: user=0.52 sys=0.00, real=0.08 secs] 
343.974: Total time for which application threads were stopped: 0.0737020 seconds, Stopping threads took: 0.0000520 seconds
343.999: Application time: 0.0246530 seconds
344.000: [Full GC [PSYoungGen: 138240K->33018K(161280K)] [ParOldGen: 367740K->367740K(368128K)] 505980K->400758K(529408K) [PSPermGen: 13650K->13650K(21504K)], 0.0726790 secs] [Times: user=0.52 sys=0.00, real=0.07 secs] 
344.072: Total time for which application threads were stopped: 0.0733790 seconds, Stopping threads took: 0.0000630 seconds
344.097: Application time: 0.0246620 seconds
344.098: [Full GC [PSYoungGen: 138240K->33037K(161280K)] [ParOldGen: 367740K->367740K(368128K)] 505980K->400778K(529408K) [PSPermGen: 13650K->13650K(21504K)], 0.0738580 secs] [Times: user=0.52 sys=0.00, real=0.07 secs] 
344.172: Total time for which application threads were stopped: 0.0745500 seconds, Stopping threads took: 0.0000870 seconds
344.196: Application time: 0.0248670 seconds
344.197: [Full GC [PSYoungGen: 138240K->33052K(161280K)] [ParOldGen: 367740K->367740K(368128K)] 505980K->400793K(529408K) [PSPermGen: 13650K->13650K(21504K)], 0.0738000 secs] [Times: user=0.52 sys=0.00, real=0.07 secs] 
344.271: Total time for which application threads were stopped: 0.0744280 seconds, Stopping threads took: 0.0000630 seconds
344.295: Application time: 0.0245100 seconds
344.296: [Full GC [PSYoungGen: 138240K->33066K(161280K)] [ParOldGen: 367740K->367740K(368128K)] 505980K->400807K(529408K) [PSPermGen: 13650K->13650K(21504K)], 0.0728180 secs] [Times: user=0.51 sys=0.00, real=0.07 secs] 
344.369: Total time for which application threads were stopped: 0.0735410 seconds, Stopping threads took: 0.0000770 seconds
344.393: Application time: 0.0243440 seconds
344.394: [Full GC [PSYoungGen: 138240K->33082K(161280K)] [ParOldGen: 367740K->367740K(368128K)] 505980K->400823K(529408K) [PSPermGen: 13650K->13650K(21504K)], 0.0733790 secs] [Times: user=0.52 sys=0.00, real=0.07 secs] 
344.467: Total time for which application threads were stopped: 0.0740980 seconds, Stopping threads took: 0.0000660 seconds
344.492: Application time: 0.0246910 seconds
344.493: [Full GC [PSYoungGen: 138240K->33092K(161280K)] [ParOldGen: 367740K->367740K(368128K)] 505980K->400833K(529408K) [PSPermGen: 13650K->13650K(21504K)], 0.0732770 secs] [Times: user=0.52 sys=0.00, real=0.08 secs] 
344.566: Total time for which application threads were stopped: 0.0739410 seconds, Stopping threads took: 0.0000350 seconds
344.592: Application time: 0.0258150 seconds
344.592: [Full GC [PSYoungGen: 138240K->33056K(161280K)] [ParOldGen: 367740K->367740K(368128K)] 505980K->400797K(529408K) [PSPermGen: 13650K->13650K(21504K)], 0.0745260 secs] [Times: user=0.53 sys=0.00, real=0.08 secs] 
344.667: Total time for which application threads were stopped: 0.0751380 seconds, Stopping threads took: 0.0000640 seconds
344.691: Application time: 0.0245880 seconds
344.692: [Full GC [PSYoungGen: 138240K->32996K(161280K)] [ParOldGen: 367740K->367740K(368128K)] 505980K->400737K(529408K) [PSPermGen: 13650K->13650K(21504K)], 0.0731230 secs] [Times: user=0.52 sys=0.00, real=0.07 secs] 
344.765: Total time for which application threads were stopped: 0.0738250 seconds, Stopping threads took: 0.0000520 seconds
344.790: Application time: 0.0245170 seconds
344.790: [Full GC [PSYoungGen: 138240K->33000K(161280K)] [ParOldGen: 367740K->367740K(368128K)] 505980K->400741K(529408K) [PSPermGen: 13650K->13650K(21504K)], 0.0732190 secs] [Times: user=0.52 sys=0.00, real=0.07 secs] 
344.864: Total time for which application threads were stopped: 0.0739020 seconds, Stopping threads took: 0.0000590 seconds
344.888: Application time: 0.0243840 seconds
344.889: [Full GC [PSYoungGen: 138240K->33014K(161280K)] [ParOldGen: 367740K->367740K(368128K)] 505980K->400755K(529408K) [PSPermGen: 13650K->13650K(21504K)], 0.0730100 secs] [Times: user=0.52 sys=0.00, real=0.07 secs] 
344.962: Total time for which application threads were stopped: 0.0737170 seconds, Stopping threads took: 0.0000910 seconds
344.986: Application time: 0.0244270 seconds
344.987: [Full GC [PSYoungGen: 138240K->33031K(161280K)] [ParOldGen: 367740K->367740K(368128K)] 505980K->400772K(529408K) [PSPermGen: 13650K->13650K(21504K)], 0.0740100 secs] [Times: user=0.52 sys=0.00, real=0.07 secs] 
345.061: Total time for which application threads were stopped: 0.0747370 seconds, Stopping threads took: 0.0000980 seconds
345.086: Application time: 0.0247680 seconds
345.086: [Full GC [PSYoungGen: 138240K->32990K(161280K)] [ParOldGen: 367740K->367740K(368128K)] 505980K->400731K(529408K) [PSPermGen: 13650K->13650K(21504K)], 0.0760690 secs] [Times: user=0.53 sys=0.00, real=0.07 secs] 
345.162: Total time for which application threads were stopped: 0.0766790 seconds, Stopping threads took: 0.0000610 seconds
345.187: Application time: 0.0243020 seconds
345.187: [Full GC [PSYoungGen: 138240K->32992K(161280K)] [ParOldGen: 367740K->367740K(368128K)] 505980K->400733K(529408K) [PSPermGen: 13650K->13650K(21504K)], 0.0731170 secs] [Times: user=0.52 sys=0.00, real=0.07 secs] 
345.261: Total time for which application threads were stopped: 0.0738160 seconds, Stopping threads took: 0.0000620 seconds
345.285: Application time: 0.0244400 seconds
345.286: [Full GC [PSYoungGen: 138240K->33008K(161280K)] [ParOldGen: 367740K->367740K(368128K)] 505980K->400749K(529408K) [PSPermGen: 13650K->13650K(21504K)], 0.0740050 secs] [Times: user=0.51 sys=0.00, real=0.07 secs] 
345.360: Total time for which application threads were stopped: 0.0746300 seconds, Stopping threads took: 0.0000440 seconds
345.384: Application time: 0.0242720 seconds
345.385: [Full GC [PSYoungGen: 138240K->33023K(161280K)] [ParOldGen: 367740K->367740K(368128K)] 505980K->400764K(529408K) [PSPermGen: 13650K->13650K(21504K)], 0.0735640 secs] [Times: user=0.52 sys=0.00, real=0.08 secs] 
345.458: Total time for which application threads were stopped: 0.0742010 seconds, Stopping threads took: 0.0000770 seconds
345.483: Application time: 0.0246600 seconds
345.483: [Full GC [PSYoungGen: 138240K->33036K(161280K)] [ParOldGen: 367740K->367740K(368128K)] 505980K->400777K(529408K) [PSPermGen: 13650K->13650K(21504K)], 0.0742490 secs] [Times: user=0.52 sys=0.00, real=0.08 secs] 
345.558: Total time for which application threads were stopped: 0.0748650 seconds, Stopping threads took: 0.0000580 seconds
345.583: Application time: 0.0257270 seconds
345.584: [Full GC [PSYoungGen: 138240K->32987K(161280K)] [ParOldGen: 367740K->367740K(368128K)] 505980K->400728K(529408K) [PSPermGen: 13650K->13650K(21504K)], 0.0739690 secs] [Times: user=0.51 sys=0.00, real=0.08 secs] 
345.658: Total time for which application threads were stopped: 0.0745550 seconds, Stopping threads took: 0.0000430 seconds
345.683: Application time: 0.0248270 seconds
345.683: [Full GC [PSYoungGen: 138240K->32998K(161280K)] [ParOldGen: 367740K->367740K(368128K)] 505980K->400739K(529408K) [PSPermGen: 13650K->13650K(21504K)], 0.0734460 secs] [Times: user=0.52 sys=0.00, real=0.08 secs] 
345.757: Total time for which application threads were stopped: 0.0741560 seconds, Stopping threads took: 0.0000800 seconds
345.782: Application time: 0.0248330 seconds
345.782: [Full GC [PSYoungGen: 138240K->33012K(161280K)] [ParOldGen: 367740K->367740K(368128K)] 505980K->400752K(529408K) [PSPermGen: 13650K->13650K(21504K)], 0.0732930 secs] [Times: user=0.51 sys=0.00, real=0.08 secs] 
345.856: Total time for which application threads were stopped: 0.0739970 seconds, Stopping threads took: 0.0000750 seconds
345.881: Application time: 0.0256350 seconds
345.882: [Full GC [PSYoungGen: 138240K->32861K(161280K)] [ParOldGen: 367740K->367740K(368128K)] 505980K->400602K(529408K) [PSPermGen: 13650K->13650K(21504K)], 0.0729020 secs] [Times: user=0.52 sys=0.00, real=0.08 secs] 
345.955: Total time for which application threads were stopped: 0.0736290 seconds, Stopping threads took: 0.0000730 seconds
345.980: Application time: 0.0246200 seconds
345.980: [Full GC [PSYoungGen: 138240K->32830K(161280K)] [ParOldGen: 367740K->367740K(368128K)] 505980K->400571K(529408K) [PSPermGen: 13650K->13650K(21504K)], 0.0749470 secs] [Times: user=0.53 sys=0.00, real=0.08 secs] 
346.055: Total time for which application threads were stopped: 0.0755980 seconds, Stopping threads took: 0.0000990 seconds
346.080: Application time: 0.0246710 seconds
346.081: [Full GC [PSYoungGen: 138240K->32844K(161280K)] [ParOldGen: 367740K->367740K(368128K)] 505980K->400585K(529408K) [PSPermGen: 13650K->13650K(21504K)], 0.0739310 secs] [Times: user=0.51 sys=0.00, real=0.08 secs] 
346.155: Total time for which application threads were stopped: 0.0746300 seconds, Stopping threads took: 0.0000840 seconds
346.179: Application time: 0.0248230 seconds
346.180: [Full GC [PSYoungGen: 138240K->32857K(161280K)] [ParOldGen: 367740K->367740K(368128K)] 505980K->400598K(529408K) [PSPermGen: 13650K->13650K(21504K)], 0.0734370 secs] [Times: user=0.51 sys=0.00, real=0.07 secs] 
346.254: Total time for which application threads were stopped: 0.0740820 seconds, Stopping threads took: 0.0000820 seconds
346.278: Application time: 0.0247220 seconds
346.279: [Full GC [PSYoungGen: 138240K->32876K(161280K)] [ParOldGen: 367740K->367740K(368128K)] 505980K->400617K(529408K) [PSPermGen: 13650K->13650K(21504K)], 0.0737210 secs] [Times: user=0.52 sys=0.00, real=0.07 secs] 
346.353: Total time for which application threads were stopped: 0.0744170 seconds, Stopping threads took: 0.0000630 seconds
346.377: Application time: 0.0245980 seconds
346.378: [Full GC [PSYoungGen: 138240K->32890K(161280K)] [ParOldGen: 367740K->367740K(368128K)] 505980K->400631K(529408K) [PSPermGen: 13650K->13650K(21504K)], 0.0734330 secs] [Times: user=0.51 sys=0.00, real=0.07 secs] 
346.451: Total time for which application threads were stopped: 0.0741470 seconds, Stopping threads took: 0.0000730 seconds
346.476: Application time: 0.0247790 seconds
346.477: [Full GC [PSYoungGen: 138240K->32905K(161280K)] [ParOldGen: 367740K->367740K(368128K)] 505980K->400646K(529408K) [PSPermGen: 13650K->13650K(21504K)], 0.0738280 secs] [Times: user=0.52 sys=0.00, real=0.07 secs] 
346.551: Total time for which application threads were stopped: 0.0745350 seconds, Stopping threads took: 0.0000690 seconds
346.575: Application time: 0.0247170 seconds
346.576: [Full GC [PSYoungGen: 138240K->32921K(161280K)] [ParOldGen: 367740K->367740K(368128K)] 505980K->400662K(529408K) [PSPermGen: 13650K->13650K(21504K)], 0.0736340 secs] [Times: user=0.51 sys=0.00, real=0.07 secs] 
346.650: Total time for which application threads were stopped: 0.0742820 seconds, Stopping threads took: 0.0000970 seconds
346.675: Application time: 0.0254950 seconds
346.676: [Full GC [PSYoungGen: 138240K->32880K(161280K)] [ParOldGen: 367740K->367740K(368128K)] 505980K->400621K(529408K) [PSPermGen: 13650K->13650K(21504K)], 0.0738970 secs] [Times: user=0.52 sys=0.00, real=0.07 secs] 
346.750: Total time for which application threads were stopped: 0.0745100 seconds, Stopping threads took: 0.0000530 seconds
346.775: Application time: 0.0248970 seconds
346.775: [Full GC [PSYoungGen: 138240K->32883K(161280K)] [ParOldGen: 367740K->367740K(368128K)] 505980K->400624K(529408K) [PSPermGen: 13650K->13650K(21504K)], 0.0733310 secs] [Times: user=0.52 sys=0.00, real=0.07 secs] 
346.849: Total time for which application threads were stopped: 0.0740310 seconds, Stopping threads took: 0.0000700 seconds
346.873: Application time: 0.0247870 seconds
346.874: [Full GC [PSYoungGen: 138240K->32895K(161280K)] [ParOldGen: 367740K->367740K(368128K)] 505980K->400636K(529408K) [PSPermGen: 13650K->13650K(21504K)], 0.0732220 secs] [Times: user=0.51 sys=0.00, real=0.07 secs] 
346.947: Total time for which application threads were stopped: 0.0739290 seconds, Stopping threads took: 0.0000670 seconds
346.972: Application time: 0.0249700 seconds
346.973: [Full GC [PSYoungGen: 138240K->32910K(161280K)] [ParOldGen: 367740K->367740K(368128K)] 505980K->400651K(529408K) [PSPermGen: 13650K->13650K(21504K)], 0.0735780 secs] [Times: user=0.52 sys=0.00, real=0.08 secs] 
347.047: Total time for which application threads were stopped: 0.0742590 seconds, Stopping threads took: 0.0000540 seconds
347.072: Application time: 0.0250850 seconds
347.072: [Full GC [PSYoungGen: 138240K->32925K(161280K)] [ParOldGen: 367740K->367740K(368128K)] 505980K->400666K(529408K) [PSPermGen: 13650K->13650K(21504K)], 0.0743020 secs] [Times: user=0.52 sys=0.00, real=0.08 secs] 
347.147: Total time for which application threads were stopped: 0.0749440 seconds, Stopping threads took: 0.0000690 seconds
347.172: Application time: 0.0253040 seconds
347.173: [Full GC [PSYoungGen: 138240K->32938K(161280K)] [ParOldGen: 367740K->367740K(368128K)] 505980K->400679K(529408K) [PSPermGen: 13650K->13650K(21504K)], 0.0734880 secs] [Times: user=0.52 sys=0.00, real=0.08 secs] 
347.246: Total time for which application threads were stopped: 0.0742210 seconds, Stopping threads took: 0.0000860 seconds
347.271: Application time: 0.0248300 seconds
347.272: [Full GC [PSYoungGen: 138240K->32955K(161280K)] [ParOldGen: 367740K->367740K(368128K)] 505980K->400696K(529408K) [PSPermGen: 13650K->13650K(21504K)], 0.0731240 secs] [Times: user=0.51 sys=0.00, real=0.07 secs] 
347.345: Total time for which application threads were stopped: 0.0738000 seconds, Stopping threads took: 0.0000530 seconds
347.370: Application time: 0.0250950 seconds
347.371: [Full GC [PSYoungGen: 138240K->32969K(161280K)] [ParOldGen: 367740K->367740K(368128K)] 505980K->400710K(529408K) [PSPermGen: 13650K->13650K(21504K)], 0.0729750 secs] [Times: user=0.52 sys=0.00, real=0.07 secs] 
347.444: Total time for which application threads were stopped: 0.0736540 seconds, Stopping threads took: 0.0000460 seconds
347.468: Application time: 0.0247610 seconds
347.469: [Full GC [PSYoungGen: 138240K->32984K(161280K)] [ParOldGen: 367740K->367740K(368128K)] 505980K->400725K(529408K) [PSPermGen: 13650K->13650K(21504K)], 0.0732730 secs] [Times: user=0.52 sys=0.00, real=0.07 secs] 
347.542: Total time for which application threads were stopped: 0.0739420 seconds, Stopping threads took: 0.0000520 seconds
347.567: Application time: 0.0245300 seconds
347.567: [Full GC [PSYoungGen: 138240K->33001K(161280K)] [ParOldGen: 367740K->367740K(368128K)] 505980K->400741K(529408K) [PSPermGen: 13650K->13650K(21504K)], 0.0734570 secs] [Times: user=0.51 sys=0.00, real=0.07 secs] 
347.641: Total time for which application threads were stopped: 0.0741440 seconds, Stopping threads took: 0.0000540 seconds
347.665: Application time: 0.0243800 seconds
347.666: [Full GC [PSYoungGen: 138240K->33016K(161280K)] [ParOldGen: 367740K->367740K(368128K)] 505980K->400757K(529408K) [PSPermGen: 13650K->13650K(21504K)], 0.0732770 secs] [Times: user=0.51 sys=0.00, real=0.07 secs] 
347.739: Total time for which application threads were stopped: 0.0739920 seconds, Stopping threads took: 0.0000730 seconds
347.764: Application time: 0.0245470 seconds
347.765: [Full GC [PSYoungGen: 138240K->33032K(161280K)] [ParOldGen: 367740K->367740K(368128K)] 505980K->400773K(529408K) [PSPermGen: 13650K->13650K(21504K)], 0.0730200 secs] [Times: user=0.52 sys=0.00, real=0.08 secs] 
347.838: Total time for which application threads were stopped: 0.0737190 seconds, Stopping threads took: 0.0000860 seconds
347.862: Application time: 0.0248600 seconds
347.863: [Full GC [PSYoungGen: 138240K->33045K(161280K)] [ParOldGen: 367740K->367740K(368128K)] 505980K->400786K(529408K) [PSPermGen: 13650K->13650K(21504K)], 0.0738970 secs] [Times: user=0.52 sys=0.00, real=0.08 secs] 
347.937: Total time for which application threads were stopped: 0.0745990 seconds, Stopping threads took: 0.0000710 seconds
347.962: Application time: 0.0248690 seconds
347.963: [Full GC [PSYoungGen: 138240K->33061K(161280K)] [ParOldGen: 367740K->367740K(368128K)] 505980K->400802K(529408K) [PSPermGen: 13650K->13650K(21504K)], 0.0740040 secs] [Times: user=0.52 sys=0.00, real=0.08 secs] 
348.037: Total time for which application threads were stopped: 0.0746400 seconds, Stopping threads took: 0.0000810 seconds
348.061: Application time: 0.0246850 seconds
348.062: [Full GC [PSYoungGen: 138240K->33076K(161280K)] [ParOldGen: 367740K->367740K(368128K)] 505980K->400817K(529408K) [PSPermGen: 13650K->13650K(21504K)], 0.0738880 secs] [Times: user=0.50 sys=0.01, real=0.08 secs] 
348.136: Total time for which application threads were stopped: 0.0745720 seconds, Stopping threads took: 0.0000620 seconds
348.161: Application time: 0.0247120 seconds
348.161: [Full GC [PSYoungGen: 138240K->33092K(161280K)] [ParOldGen: 367740K->367740K(368128K)] 505980K->400833K(529408K) [PSPermGen: 13650K->13650K(21504K)], 0.0739870 secs] [Times: user=0.51 sys=0.00, real=0.08 secs] 
348.235: Total time for which application threads were stopped: 0.0746240 seconds, Stopping threads took: 0.0000790 seconds
348.260: Application time: 0.0251380 seconds
348.261: [Full GC [PSYoungGen: 138240K->33049K(161280K)] [ParOldGen: 367740K->367740K(368128K)] 505980K->400790K(529408K) [PSPermGen: 13650K->13650K(21504K)], 0.0744390 secs] [Times: user=0.53 sys=0.00, real=0.08 secs] 
348.335: Total time for which application threads were stopped: 0.0751080 seconds, Stopping threads took: 0.0000850 seconds
348.360: Application time: 0.0247090 seconds
348.361: [Full GC [PSYoungGen: 138240K->33049K(161280K)] [ParOldGen: 367740K->367740K(368128K)] 505980K->400790K(529408K) [PSPermGen: 13650K->13650K(21504K)], 0.0733710 secs] [Times: user=0.51 sys=0.01, real=0.08 secs] 
348.434: Total time for which application threads were stopped: 0.0740820 seconds, Stopping threads took: 0.0000690 seconds
348.459: Application time: 0.0244930 seconds
348.459: [Full GC [PSYoungGen: 138240K->33063K(161280K)] [ParOldGen: 367740K->367740K(368128K)] 505980K->400804K(529408K) [PSPermGen: 13650K->13650K(21504K)], 0.0741730 secs] [Times: user=0.52 sys=0.00, real=0.08 secs] 
348.534: Total time for which application threads were stopped: 0.0747870 seconds, Stopping threads took: 0.0000570 seconds
348.558: Application time: 0.0246500 seconds
348.559: [Full GC [PSYoungGen: 138240K->33080K(161280K)] [ParOldGen: 367740K->367740K(368128K)] 505980K->400821K(529408K) [PSPermGen: 13650K->13650K(21504K)], 0.0741430 secs] [Times: user=0.53 sys=0.00, real=0.07 secs] 
348.633: Total time for which application threads were stopped: 0.0748180 seconds, Stopping threads took: 0.0000960 seconds
348.658: Application time: 0.0248260 seconds
348.659: [Full GC [PSYoungGen: 138240K->33093K(161280K)] [ParOldGen: 367740K->367740K(368128K)] 505980K->400834K(529408K) [PSPermGen: 13650K->13650K(21504K)], 0.0736230 secs] [Times: user=0.52 sys=0.00, real=0.07 secs] 
348.732: Total time for which application threads were stopped: 0.0743170 seconds, Stopping threads took: 0.0000690 seconds
348.757: Application time: 0.0249640 seconds
348.758: [Full GC [PSYoungGen: 138240K->33105K(161280K)] [ParOldGen: 367740K->367740K(368128K)] 505980K->400846K(529408K) [PSPermGen: 13650K->13650K(21504K)], 0.0740410 secs] [Times: user=0.52 sys=0.00, real=0.07 secs] 
348.832: Total time for which application threads were stopped: 0.0746680 seconds, Stopping threads took: 0.0000420 seconds
348.857: Application time: 0.0254020 seconds
348.858: [Full GC [PSYoungGen: 138240K->33058K(161280K)] [ParOldGen: 367740K->367740K(368128K)] 505980K->400799K(529408K) [PSPermGen: 13650K->13650K(21504K)], 0.0731720 secs] [Times: user=0.51 sys=0.00, real=0.07 secs] 
348.931: Total time for which application threads were stopped: 0.0738880 seconds, Stopping threads took: 0.0000470 seconds
348.956: Application time: 0.0248150 seconds
348.957: [Full GC [PSYoungGen: 138240K->33072K(161280K)] [ParOldGen: 367740K->367740K(368128K)] 505980K->400813K(529408K) [PSPermGen: 13650K->13650K(21504K)], 0.0740120 secs] [Times: user=0.52 sys=0.00, real=0.07 secs] 
349.031: Total time for which application threads were stopped: 0.0746860 seconds, Stopping threads took: 0.0000600 seconds
349.056: Application time: 0.0253900 seconds
349.057: [Full GC [PSYoungGen: 138240K->33031K(161280K)] [ParOldGen: 367740K->367740K(368128K)] 505980K->400772K(529408K) [PSPermGen: 13650K->13650K(21504K)], 0.0745040 secs] [Times: user=0.51 sys=0.01, real=0.07 secs] 
349.131: Total time for which application threads were stopped: 0.0751750 seconds, Stopping threads took: 0.0000540 seconds
349.156: Application time: 0.0247860 seconds
349.157: [Full GC [PSYoungGen: 138240K->33029K(161280K)] [ParOldGen: 367740K->367740K(368128K)] 505980K->400769K(529408K) [PSPermGen: 13650K->13650K(21504K)], 0.0733290 secs] [Times: user=0.52 sys=0.00, real=0.07 secs] 
349.230: Total time for which application threads were stopped: 0.0740120 seconds, Stopping threads took: 0.0000730 seconds
349.255: Application time: 0.0251480 seconds
349.256: [Full GC [PSYoungGen: 138240K->32975K(161280K)] [ParOldGen: 367740K->367740K(368128K)] 505980K->400716K(529408K) [PSPermGen: 13650K->13650K(21504K)], 0.0740820 secs] [Times: user=0.52 sys=0.00, real=0.07 secs] 
349.330: Total time for which application threads were stopped: 0.0747070 seconds, Stopping threads took: 0.0000700 seconds
349.355: Application time: 0.0253600 seconds
349.356: [Full GC [PSYoungGen: 138240K->32877K(161280K)] [ParOldGen: 367740K->367740K(368128K)] 505980K->400618K(529408K) [PSPermGen: 13650K->13650K(21504K)], 0.0730940 secs] [Times: user=0.51 sys=0.00, real=0.07 secs] 
349.429: Total time for which application threads were stopped: 0.0737930 seconds, Stopping threads took: 0.0000640 seconds
349.454: Application time: 0.0251090 seconds
349.455: [Full GC [PSYoungGen: 138240K->32799K(161280K)] [ParOldGen: 367740K->367740K(368128K)] 505980K->400540K(529408K) [PSPermGen: 13650K->13650K(21504K)], 0.0733590 secs] [Times: user=0.51 sys=0.00, real=0.07 secs] 
349.528: Total time for which application threads were stopped: 0.0739790 seconds, Stopping threads took: 0.0000440 seconds
349.553: Application time: 0.0248790 seconds
349.554: [Full GC [PSYoungGen: 138240K->32809K(161280K)] [ParOldGen: 367740K->367740K(368128K)] 505980K->400550K(529408K) [PSPermGen: 13650K->13650K(21504K)], 0.0736450 secs] [Times: user=0.51 sys=0.00, real=0.07 secs] 
349.627: Total time for which application threads were stopped: 0.0743530 seconds, Stopping threads took: 0.0000810 seconds
349.652: Application time: 0.0247800 seconds
349.653: [Full GC [PSYoungGen: 138240K->32825K(161280K)] [ParOldGen: 367740K->367740K(368128K)] 505980K->400566K(529408K) [PSPermGen: 13650K->13650K(21504K)], 0.0727710 secs] [Times: user=0.50 sys=0.01, real=0.08 secs] 
349.726: Total time for which application threads were stopped: 0.0734420 seconds, Stopping threads took: 0.0000650 seconds
349.751: Application time: 0.0250780 seconds
349.751: [Full GC [PSYoungGen: 138240K->32840K(161280K)] [ParOldGen: 367740K->367740K(368128K)] 505980K->400581K(529408K) [PSPermGen: 13650K->13650K(21504K)], 0.0761750 secs] [Times: user=0.54 sys=0.00, real=0.08 secs] 
349.827: Total time for which application threads were stopped: 0.0768070 seconds, Stopping threads took: 0.0000610 seconds
349.852: Application time: 0.0248640 seconds
349.853: [Full GC [PSYoungGen: 138240K->32855K(161280K)] [ParOldGen: 367740K->367740K(368128K)] 505980K->400596K(529408K) [PSPermGen: 13650K->13650K(21504K)], 0.0734040 secs] [Times: user=0.52 sys=0.00, real=0.08 secs] 
349.926: Total time for which application threads were stopped: 0.0741100 seconds, Stopping threads took: 0.0000730 seconds
349.951: Application time: 0.0248750 seconds
349.952: [Full GC [PSYoungGen: 138240K->32866K(161280K)] [ParOldGen: 367740K->367740K(368128K)] 505980K->400607K(529408K) [PSPermGen: 13650K->13650K(21504K)], 0.0735380 secs] [Times: user=0.51 sys=0.00, real=0.07 secs] 
350.025: Total time for which application threads were stopped: 0.0741520 seconds, Stopping threads took: 0.0000560 seconds
350.050: Application time: 0.0249700 seconds
350.051: [Full GC [PSYoungGen: 138240K->32885K(161280K)] [ParOldGen: 367740K->367740K(368128K)] 505980K->400626K(529408K) [PSPermGen: 13650K->13650K(21504K)], 0.0744880 secs] [Times: user=0.52 sys=0.00, real=0.08 secs] 
350.126: Total time for which application threads were stopped: 0.0751920 seconds, Stopping threads took: 0.0000700 seconds
350.150: Application time: 0.0245340 seconds
350.151: [Full GC [PSYoungGen: 138240K->32899K(161280K)] [ParOldGen: 367740K->367740K(368128K)] 505980K->400640K(529408K) [PSPermGen: 13650K->13650K(21504K)], 0.0726510 secs] [Times: user=0.52 sys=0.00, real=0.07 secs] 
350.224: Total time for which application threads were stopped: 0.0733330 seconds, Stopping threads took: 0.0000600 seconds
350.249: Application time: 0.0249840 seconds
350.249: [Full GC [PSYoungGen: 138240K->32915K(161280K)] [ParOldGen: 367740K->367740K(368128K)] 505980K->400656K(529408K) [PSPermGen: 13650K->13650K(21504K)], 0.0734610 secs] [Times: user=0.52 sys=0.00, real=0.07 secs] 
350.323: Total time for which application threads were stopped: 0.0740770 seconds, Stopping threads took: 0.0000530 seconds
350.347: Application time: 0.0248790 seconds
350.348: [Full GC [PSYoungGen: 138240K->32928K(161280K)] [ParOldGen: 367740K->367740K(368128K)] 505980K->400669K(529408K) [PSPermGen: 13650K->13650K(21504K)], 0.0737040 secs] [Times: user=0.52 sys=0.00, real=0.07 secs] 
350.422: Total time for which application threads were stopped: 0.0743200 seconds, Stopping threads took: 0.0000600 seconds
350.447: Application time: 0.0249930 seconds
350.447: [Full GC [PSYoungGen: 138240K->32944K(161280K)] [ParOldGen: 367740K->367740K(368128K)] 505980K->400685K(529408K) [PSPermGen: 13650K->13650K(21504K)], 0.0740960 secs] [Times: user=0.51 sys=0.01, real=0.07 secs] 
350.522: Total time for which application threads were stopped: 0.0747420 seconds, Stopping threads took: 0.0000680 seconds
350.547: Application time: 0.0251460 seconds
350.547: [Full GC [PSYoungGen: 138240K->32958K(161280K)] [ParOldGen: 367740K->367740K(368128K)] 505980K->400699K(529408K) [PSPermGen: 13650K->13650K(21504K)], 0.0744790 secs] [Times: user=0.53 sys=0.00, real=0.07 secs] 
350.622: Total time for which application threads were stopped: 0.0752080 seconds, Stopping threads took: 0.0000880 seconds
350.648: Application time: 0.0264690 seconds
350.649: [Full GC [PSYoungGen: 138240K->32906K(161280K)] [ParOldGen: 367740K->367740K(368128K)] 505980K->400647K(529408K) [PSPermGen: 13650K->13650K(21504K)], 0.0738750 secs] [Times: user=0.52 sys=0.00, real=0.07 secs] 
350.723: Total time for which application threads were stopped: 0.0745080 seconds, Stopping threads took: 0.0000610 seconds
350.748: Application time: 0.0249290 seconds
350.748: [Full GC [PSYoungGen: 138240K->32920K(161280K)] [ParOldGen: 367740K->367740K(368128K)] 505980K->400661K(529408K) [PSPermGen: 13650K->13650K(21504K)], 0.0730240 secs] [Times: user=0.52 sys=0.00, real=0.07 secs] 
350.822: Total time for which application threads were stopped: 0.0737430 seconds, Stopping threads took: 0.0000670 seconds
350.846: Application time: 0.0248480 seconds
350.847: [Full GC [PSYoungGen: 138240K->32935K(161280K)] [ParOldGen: 367740K->367740K(368128K)] 505980K->400676K(529408K) [PSPermGen: 13650K->13650K(21504K)], 0.0731510 secs] [Times: user=0.52 sys=0.00, real=0.07 secs] 
350.920: Total time for which application threads were stopped: 0.0738560 seconds, Stopping threads took: 0.0000650 seconds
350.945: Application time: 0.0246700 seconds
350.946: [Full GC [PSYoungGen: 138240K->32948K(161280K)] [ParOldGen: 367740K->367740K(368128K)] 505980K->400689K(529408K) [PSPermGen: 13650K->13650K(21504K)], 0.0730380 secs] [Times: user=0.51 sys=0.01, real=0.07 secs] 
351.019: Total time for which application threads were stopped: 0.0737560 seconds, Stopping threads took: 0.0000810 seconds
351.044: Application time: 0.0250830 seconds
351.044: [Full GC [PSYoungGen: 138240K->32963K(161280K)] [ParOldGen: 367740K->367740K(368128K)] 505980K->400704K(529408K) [PSPermGen: 13650K->13650K(21504K)], 0.0736900 secs] [Times: user=0.51 sys=0.00, real=0.08 secs] 
351.118: Total time for which application threads were stopped: 0.0743100 seconds, Stopping threads took: 0.0000670 seconds
351.143: Application time: 0.0252650 seconds
351.144: [Full GC [PSYoungGen: 138240K->32979K(161280K)] [ParOldGen: 367740K->367740K(368128K)] 505980K->400720K(529408K) [PSPermGen: 13650K->13650K(21504K)], 0.0727190 secs] [Times: user=0.51 sys=0.00, real=0.08 secs] 
351.217: Total time for which application threads were stopped: 0.0734100 seconds, Stopping threads took: 0.0000600 seconds
351.242: Application time: 0.0247780 seconds
351.242: [Full GC [PSYoungGen: 138240K->32997K(161280K)] [ParOldGen: 367740K->367740K(368128K)] 505980K->400738K(529408K) [PSPermGen: 13650K->13650K(21504K)], 0.0732840 secs] [Times: user=0.51 sys=0.00, real=0.08 secs] 
351.316: Total time for which application threads were stopped: 0.0739830 seconds, Stopping threads took: 0.0000680 seconds
351.340: Application time: 0.0247820 seconds
351.341: [Full GC [PSYoungGen: 138240K->33011K(161280K)] [ParOldGen: 367740K->367740K(368128K)] 505980K->400752K(529408K) [PSPermGen: 13650K->13650K(21504K)], 0.0731990 secs] [Times: user=0.51 sys=0.00, real=0.08 secs] 
351.414: Total time for which application threads were stopped: 0.0738380 seconds, Stopping threads took: 0.0000720 seconds
351.439: Application time: 0.0249790 seconds
351.440: [Full GC [PSYoungGen: 138240K->33025K(161280K)] [ParOldGen: 367740K->367740K(368128K)] 505980K->400766K(529408K) [PSPermGen: 13650K->13650K(21504K)], 0.0733870 secs] [Times: user=0.52 sys=0.00, real=0.07 secs] 
351.513: Total time for which application threads were stopped: 0.0740660 seconds, Stopping threads took: 0.0000500 seconds
351.538: Application time: 0.0250060 seconds
351.539: [Full GC [PSYoungGen: 138240K->33041K(161280K)] [ParOldGen: 367740K->367740K(368128K)] 505980K->400782K(529408K) [PSPermGen: 13650K->13650K(21504K)], 0.0734980 secs] [Times: user=0.52 sys=0.00, real=0.07 secs] 
351.612: Total time for which application threads were stopped: 0.0741950 seconds, Stopping threads took: 0.0000590 seconds
351.637: Application time: 0.0248840 seconds
351.638: [Full GC [PSYoungGen: 138240K->33054K(161280K)] [ParOldGen: 367740K->367740K(368128K)] 505980K->400795K(529408K) [PSPermGen: 13650K->13650K(21504K)], 0.0743210 secs] [Times: user=0.51 sys=0.00, real=0.07 secs] 
351.712: Total time for which application threads were stopped: 0.0750350 seconds, Stopping threads took: 0.0000510 seconds
351.737: Application time: 0.0251160 seconds
351.738: [Full GC [PSYoungGen: 138240K->33069K(161280K)] [ParOldGen: 367740K->367740K(368128K)] 505980K->400810K(529408K) [PSPermGen: 13650K->13650K(21504K)], 0.0739900 secs] [Times: user=0.52 sys=0.00, real=0.07 secs] 
351.812: Total time for which application threads were stopped: 0.0746080 seconds, Stopping threads took: 0.0000640 seconds
351.837: Application time: 0.0250180 seconds
351.838: [Full GC [PSYoungGen: 138240K->33085K(161280K)] [ParOldGen: 367740K->367740K(368128K)] 505980K->400826K(529408K) [PSPermGen: 13650K->13650K(21504K)], 0.0742410 secs] [Times: user=0.52 sys=0.00, real=0.07 secs] 
351.912: Total time for which application threads were stopped: 0.0748970 seconds, Stopping threads took: 0.0000700 seconds
351.937: Application time: 0.0252160 seconds
351.938: [Full GC [PSYoungGen: 138240K->33099K(161280K)] [ParOldGen: 367740K->367740K(368128K)] 505980K->400840K(529408K) [PSPermGen: 13650K->13650K(21504K)], 0.0739900 secs] [Times: user=0.51 sys=0.00, real=0.07 secs] 
352.012: Total time for which application threads were stopped: 0.0746790 seconds, Stopping threads took: 0.0000480 seconds
352.037: Application time: 0.0253820 seconds
352.038: [Full GC [PSYoungGen: 138240K->33058K(161280K)] [ParOldGen: 367740K->367740K(368128K)] 505980K->400799K(529408K) [PSPermGen: 13650K->13650K(21504K)], 0.0739490 secs] [Times: user=0.52 sys=0.00, real=0.07 secs] 
352.112: Total time for which application threads were stopped: 0.0746430 seconds, Stopping threads took: 0.0000680 seconds
352.138: Application time: 0.0257900 seconds
352.138: [Full GC [PSYoungGen: 138240K->33060K(161280K)] [ParOldGen: 367740K->367740K(368128K)] 505980K->400801K(529408K) [PSPermGen: 13650K->13650K(21504K)], 0.0750580 secs] [Times: user=0.52 sys=0.00, real=0.07 secs] 
352.213: Total time for which application threads were stopped: 0.0756750 seconds, Stopping threads took: 0.0000570 seconds
352.238: Application time: 0.0248370 seconds
352.239: [Full GC [PSYoungGen: 138240K->33075K(161280K)] [ParOldGen: 367740K->367740K(368128K)] 505980K->400816K(529408K) [PSPermGen: 13650K->13650K(21504K)], 0.0737860 secs] [Times: user=0.52 sys=0.00, real=0.07 secs] 
352.313: Total time for which application threads were stopped: 0.0744210 seconds, Stopping threads took: 0.0000800 seconds
352.337: Application time: 0.0246940 seconds
352.338: [Full GC [PSYoungGen: 138240K->33093K(161280K)] [ParOldGen: 367740K->367740K(368128K)] 505980K->400834K(529408K) [PSPermGen: 13650K->13650K(21504K)], 0.0735800 secs] [Times: user=0.51 sys=0.00, real=0.07 secs] 
352.412: Total time for which application threads were stopped: 0.0742040 seconds, Stopping threads took: 0.0000650 seconds
352.436: Application time: 0.0247540 seconds
352.437: [Full GC [PSYoungGen: 138240K->33105K(161280K)] [ParOldGen: 367740K->367740K(368128K)] 505980K->400846K(529408K) [PSPermGen: 13650K->13650K(21504K)], 0.0736440 secs] [Times: user=0.51 sys=0.00, real=0.07 secs] 
352.511: Total time for which application threads were stopped: 0.0742680 seconds, Stopping threads took: 0.0000520 seconds
352.535: Application time: 0.0248900 seconds
352.536: [Full GC [PSYoungGen: 138240K->33123K(161280K)] [ParOldGen: 367740K->367740K(368128K)] 505980K->400864K(529408K) [PSPermGen: 13650K->13650K(21504K)], 0.0736310 secs] [Times: user=0.52 sys=0.00, real=0.07 secs] 
352.610: Total time for which application threads were stopped: 0.0743420 seconds, Stopping threads took: 0.0000670 seconds
352.635: Application time: 0.0250800 seconds
352.636: [Full GC [PSYoungGen: 138240K->33083K(161280K)] [ParOldGen: 367740K->367740K(368128K)] 505980K->400824K(529408K) [PSPermGen: 13650K->13650K(21504K)], 0.0735380 secs] [Times: user=0.51 sys=0.00, real=0.07 secs] 
352.709: Total time for which application threads were stopped: 0.0742330 seconds, Stopping threads took: 0.0000880 seconds
352.736: Application time: 0.0265770 seconds
352.736: [Full GC [PSYoungGen: 138240K->33027K(161280K)] [ParOldGen: 367740K->367740K(368128K)] 505980K->400768K(529408K) [PSPermGen: 13650K->13650K(21504K)], 0.0733120 secs] [Times: user=0.52 sys=0.00, real=0.07 secs] 
352.810: Total time for which application threads were stopped: 0.0739850 seconds, Stopping threads took: 0.0000520 seconds
352.835: Application time: 0.0249190 seconds
352.835: [Full GC [PSYoungGen: 138240K->33026K(161280K)] [ParOldGen: 367740K->367740K(368128K)] 505980K->400767K(529408K) [PSPermGen: 13650K->13650K(21504K)], 0.0729410 secs] [Times: user=0.52 sys=0.00, real=0.07 secs] 
352.908: Total time for which application threads were stopped: 0.0736040 seconds, Stopping threads took: 0.0000490 seconds
352.934: Application time: 0.0252990 seconds
352.934: [Full GC [PSYoungGen: 138240K->32932K(161280K)] [ParOldGen: 367740K->367740K(368128K)] 505980K->400673K(529408K) [PSPermGen: 13650K->13650K(21504K)], 0.0731820 secs] [Times: user=0.51 sys=0.01, real=0.07 secs] 
353.007: Total time for which application threads were stopped: 0.0738210 seconds, Stopping threads took: 0.0000550 seconds
353.032: Application time: 0.0249520 seconds
353.033: [Full GC [PSYoungGen: 138240K->32858K(161280K)] [ParOldGen: 367740K->367740K(368128K)] 505980K->400599K(529408K) [PSPermGen: 13650K->13650K(21504K)], 0.0740230 secs] [Times: user=0.52 sys=0.00, real=0.08 secs] 
353.107: Total time for which application threads were stopped: 0.0746630 seconds, Stopping threads took: 0.0000700 seconds
353.133: Application time: 0.0260250 seconds
353.134: [Full GC [PSYoungGen: 138240K->32805K(161280K)] [ParOldGen: 367740K->367740K(368128K)] 505980K->400546K(529408K) [PSPermGen: 13650K->13650K(21504K)], 0.0736470 secs] [Times: user=0.52 sys=0.00, real=0.07 secs] 
353.207: Total time for which application threads were stopped: 0.0743350 seconds, Stopping threads took: 0.0000910 seconds
353.232: Application time: 0.0246980 seconds
353.233: [Full GC [PSYoungGen: 138240K->32804K(161280K)] [ParOldGen: 367740K->367740K(368128K)] 505980K->400545K(529408K) [PSPermGen: 13650K->13650K(21504K)], 0.0737000 secs] [Times: user=0.51 sys=0.00, real=0.08 secs] 
353.306: Total time for which application threads were stopped: 0.0743030 seconds, Stopping threads took: 0.0000540 seconds
353.331: Application time: 0.0246740 seconds
353.332: [Full GC [PSYoungGen: 138240K->32820K(161280K)] [ParOldGen: 367740K->367740K(368128K)] 505980K->400561K(529408K) [PSPermGen: 13650K->13650K(21504K)], 0.0730580 secs] [Times: user=0.51 sys=0.00, real=0.07 secs] 
353.405: Total time for which application threads were stopped: 0.0737720 seconds, Stopping threads took: 0.0000790 seconds
353.429: Application time: 0.0246260 seconds
353.430: [Full GC [PSYoungGen: 138240K->32833K(161280K)] [ParOldGen: 367740K->367740K(368128K)] 505980K->400574K(529408K) [PSPermGen: 13650K->13650K(21504K)], 0.0736620 secs] [Times: user=0.51 sys=0.00, real=0.07 secs] 
353.504: Total time for which application threads were stopped: 0.0742930 seconds, Stopping threads took: 0.0000740 seconds
353.528: Application time: 0.0246190 seconds
353.529: [Full GC [PSYoungGen: 138240K->32849K(161280K)] [ParOldGen: 367740K->367740K(368128K)] 505980K->400590K(529408K) [PSPermGen: 13650K->13650K(21504K)], 0.0733850 secs] [Times: user=0.52 sys=0.00, real=0.07 secs] 
353.602: Total time for which application threads were stopped: 0.0740630 seconds, Stopping threads took: 0.0000540 seconds
353.627: Application time: 0.0247000 seconds
353.628: [Full GC [PSYoungGen: 138240K->32865K(161280K)] [ParOldGen: 367740K->367740K(368128K)] 505980K->400606K(529408K) [PSPermGen: 13650K->13650K(21504K)], 0.0752400 secs] [Times: user=0.52 sys=0.00, real=0.07 secs] 
353.703: Total time for which application threads were stopped: 0.0759700 seconds, Stopping threads took: 0.0000620 seconds
353.728: Application time: 0.0247120 seconds
353.728: [Full GC [PSYoungGen: 138240K->32879K(161280K)] [ParOldGen: 367740K->367740K(368128K)] 505980K->400620K(529408K) [PSPermGen: 13650K->13650K(21504K)], 0.0734360 secs] [Times: user=0.52 sys=0.00, real=0.07 secs] 
353.802: Total time for which application threads were stopped: 0.0740540 seconds, Stopping threads took: 0.0000660 seconds
353.827: Application time: 0.0249310 seconds
353.827: [Full GC [PSYoungGen: 138240K->32895K(161280K)] [ParOldGen: 367740K->367740K(368128K)] 505980K->400636K(529408K) [PSPermGen: 13650K->13650K(21504K)], 0.0758460 secs] [Times: user=0.54 sys=0.00, real=0.07 secs] 
353.903: Total time for which application threads were stopped: 0.0765290 seconds, Stopping threads took: 0.0000690 seconds
353.928: Application time: 0.0249230 seconds
353.929: [Full GC [PSYoungGen: 138240K->32910K(161280K)] [ParOldGen: 367740K->367740K(368128K)] 505980K->400651K(529408K) [PSPermGen: 13650K->13650K(21504K)], 0.0738410 secs] [Times: user=0.52 sys=0.00, real=0.07 secs] 
354.003: Total time for which application threads were stopped: 0.0744800 seconds, Stopping threads took: 0.0000860 seconds
354.028: Application time: 0.0248510 seconds
354.028: [Full GC [PSYoungGen: 138240K->32927K(161280K)] [ParOldGen: 367740K->367740K(368128K)] 505980K->400668K(529408K) [PSPermGen: 13650K->13650K(21504K)], 0.0731030 secs] [Times: user=0.51 sys=0.00, real=0.07 secs] 
354.101: Total time for which application threads were stopped: 0.0738070 seconds, Stopping threads took: 0.0000650 seconds
354.127: Application time: 0.0253560 seconds
354.128: [Full GC [PSYoungGen: 138240K->32941K(161280K)] [ParOldGen: 367740K->367740K(368128K)] 505980K->400681K(529408K) [PSPermGen: 13650K->13650K(21504K)], 0.0740810 secs] [Times: user=0.51 sys=0.00, real=0.07 secs] 
354.202: Total time for which application threads were stopped: 0.0748580 seconds, Stopping threads took: 0.0001180 seconds
354.226: Application time: 0.0246960 seconds
354.227: [Full GC [PSYoungGen: 138240K->32956K(161280K)] [ParOldGen: 367740K->367740K(368128K)] 505980K->400697K(529408K) [PSPermGen: 13650K->13650K(21504K)], 0.0732510 secs] [Times: user=0.52 sys=0.00, real=0.07 secs] 
354.300: Total time for which application threads were stopped: 0.0739880 seconds, Stopping threads took: 0.0000770 seconds
354.325: Application time: 0.0248050 seconds
354.326: [Full GC [PSYoungGen: 138240K->32969K(161280K)] [ParOldGen: 367740K->367740K(368128K)] 505980K->400710K(529408K) [PSPermGen: 13650K->13650K(21504K)], 0.0731240 secs] [Times: user=0.52 sys=0.00, real=0.07 secs] 
354.399: Total time for which application threads were stopped: 0.0738140 seconds, Stopping threads took: 0.0000420 seconds
354.424: Application time: 0.0245910 seconds
354.424: [Full GC [PSYoungGen: 138240K->32985K(161280K)] [ParOldGen: 367740K->367740K(368128K)] 505980K->400726K(529408K) [PSPermGen: 13650K->13650K(21504K)], 0.0733410 secs] [Times: user=0.51 sys=0.00, real=0.08 secs] 
354.498: Total time for which application threads were stopped: 0.0740230 seconds, Stopping threads took: 0.0000550 seconds
354.523: Application time: 0.0250330 seconds
354.523: [Full GC [PSYoungGen: 138240K->32945K(161280K)] [ParOldGen: 367740K->367740K(368128K)] 505980K->400686K(529408K) [PSPermGen: 13650K->13650K(21504K)], 0.0741020 secs] [Times: user=0.51 sys=0.01, real=0.08 secs] 
354.597: Total time for which application threads were stopped: 0.0747400 seconds, Stopping threads took: 0.0000780 seconds
354.622: Application time: 0.0244100 seconds
354.622: [Full GC [PSYoungGen: 138240K->32946K(161280K)] [ParOldGen: 367740K->367740K(368128K)] 505980K->400687K(529408K) [PSPermGen: 13650K->13650K(21504K)], 0.0729360 secs] [Times: user=0.50 sys=0.00, real=0.08 secs] 
354.695: Total time for which application threads were stopped: 0.0736040 seconds, Stopping threads took: 0.0000510 seconds
354.720: Application time: 0.0246720 seconds
354.721: [Full GC [PSYoungGen: 138240K->32961K(161280K)] [ParOldGen: 367740K->367740K(368128K)] 505980K->400702K(529408K) [PSPermGen: 13650K->13650K(21504K)], 0.0733370 secs] [Times: user=0.52 sys=0.00, real=0.08 secs] 
354.794: Total time for which application threads were stopped: 0.0740230 seconds, Stopping threads took: 0.0000570 seconds
354.819: Application time: 0.0248500 seconds
354.820: [Full GC [PSYoungGen: 138240K->32975K(161280K)] [ParOldGen: 367740K->367740K(368128K)] 505980K->400716K(529408K) [PSPermGen: 13650K->13650K(21504K)], 0.0735100 secs] [Times: user=0.51 sys=0.01, real=0.07 secs] 
354.893: Total time for which application threads were stopped: 0.0742390 seconds, Stopping threads took: 0.0000600 seconds
354.918: Application time: 0.0249840 seconds
354.919: [Full GC [PSYoungGen: 138240K->32990K(161280K)] [ParOldGen: 367740K->367740K(368128K)] 505980K->400731K(529408K) [PSPermGen: 13650K->13650K(21504K)], 0.0735290 secs] [Times: user=0.51 sys=0.00, real=0.07 secs] 
354.992: Total time for which application threads were stopped: 0.0741370 seconds, Stopping threads took: 0.0000500 seconds
355.017: Application time: 0.0249500 seconds
355.018: [Full GC [PSYoungGen: 138240K->33005K(161280K)] [ParOldGen: 367740K->367740K(368128K)] 505980K->400746K(529408K) [PSPermGen: 13650K->13650K(21504K)], 0.0735000 secs] [Times: user=0.52 sys=0.00, real=0.07 secs] 
355.091: Total time for which application threads were stopped: 0.0741930 seconds, Stopping threads took: 0.0000490 seconds
355.116: Application time: 0.0248930 seconds
355.117: [Full GC [PSYoungGen: 138240K->33021K(161280K)] [ParOldGen: 367740K->367740K(368128K)] 505980K->400762K(529408K) [PSPermGen: 13650K->13650K(21504K)], 0.0732070 secs] [Times: user=0.50 sys=0.00, real=0.07 secs] 
355.190: Total time for which application threads were stopped: 0.0738990 seconds, Stopping threads took: 0.0000610 seconds
355.215: Application time: 0.0247260 seconds
355.216: [Full GC [PSYoungGen: 138240K->33032K(161280K)] [ParOldGen: 367740K->367740K(368128K)] 505980K->400773K(529408K) [PSPermGen: 13650K->13650K(21504K)], 0.0731560 secs] [Times: user=0.52 sys=0.00, real=0.07 secs] 
355.289: Total time for which application threads were stopped: 0.0738750 seconds, Stopping threads took: 0.0000830 seconds
355.314: Application time: 0.0246880 seconds
355.314: [Full GC [PSYoungGen: 138240K->33050K(161280K)] [ParOldGen: 367740K->367740K(368128K)] 505980K->400791K(529408K) [PSPermGen: 13650K->13650K(21504K)], 0.0738620 secs] [Times: user=0.52 sys=0.00, real=0.07 secs] 
355.388: Total time for which application threads were stopped: 0.0744750 seconds, Stopping threads took: 0.0000600 seconds
355.413: Application time: 0.0246420 seconds
355.413: [Full GC [PSYoungGen: 138240K->33064K(161280K)] [ParOldGen: 367740K->367740K(368128K)] 505980K->400805K(529408K) [PSPermGen: 13650K->13650K(21504K)], 0.0742120 secs] [Times: user=0.52 sys=0.00, real=0.08 secs] 
355.488: Total time for which application threads were stopped: 0.0748560 seconds, Stopping threads took: 0.0000670 seconds
355.512: Application time: 0.0246780 seconds
355.513: [Full GC [PSYoungGen: 138240K->33079K(161280K)] [ParOldGen: 367740K->367740K(368128K)] 505980K->400820K(529408K) [PSPermGen: 13650K->13650K(21504K)], 0.0737860 secs] [Times: user=0.52 sys=0.00, real=0.08 secs] 
355.587: Total time for which application threads were stopped: 0.0744940 seconds, Stopping threads took: 0.0000750 seconds
355.612: Application time: 0.0248380 seconds
355.612: [Full GC [PSYoungGen: 138240K->33094K(161280K)] [ParOldGen: 367740K->367740K(368128K)] 505980K->400835K(529408K) [PSPermGen: 13650K->13650K(21504K)], 0.0735350 secs] [Times: user=0.52 sys=0.00, real=0.08 secs] 
355.686: Total time for which application threads were stopped: 0.0742240 seconds, Stopping threads took: 0.0000610 seconds
355.710: Application time: 0.0245580 seconds
355.711: [Full GC [PSYoungGen: 138240K->33109K(161280K)] [ParOldGen: 367740K->367740K(368128K)] 505980K->400850K(529408K) [PSPermGen: 13650K->13650K(21504K)], 0.0736750 secs] [Times: user=0.52 sys=0.00, real=0.07 secs] 
355.785: Total time for which application threads were stopped: 0.0744030 seconds, Stopping threads took: 0.0000920 seconds
355.809: Application time: 0.0246930 seconds
355.810: [Full GC [PSYoungGen: 138240K->33126K(161280K)] [ParOldGen: 367740K->367740K(368128K)] 505980K->400867K(529408K) [PSPermGen: 13650K->13650K(21504K)], 0.0737140 secs] [Times: user=0.51 sys=0.00, real=0.07 secs] 
355.884: Total time for which application threads were stopped: 0.0743530 seconds, Stopping threads took: 0.0000800 seconds
355.909: Application time: 0.0250290 seconds
355.909: [Full GC [PSYoungGen: 138240K->33143K(161280K)] [ParOldGen: 367740K->367740K(368128K)] 505980K->400883K(529408K) [PSPermGen: 13650K->13650K(21504K)], 0.0741680 secs] [Times: user=0.52 sys=0.00, real=0.07 secs] 
355.984: Total time for which application threads were stopped: 0.0747850 seconds, Stopping threads took: 0.0000620 seconds
356.008: Application time: 0.0248360 seconds
356.009: [Full GC [PSYoungGen: 138240K->33155K(161280K)] [ParOldGen: 367740K->367740K(368128K)] 505980K->400896K(529408K) [PSPermGen: 13650K->13650K(21504K)], 0.0742390 secs] [Times: user=0.53 sys=0.00, real=0.07 secs] 
356.083: Total time for which application threads were stopped: 0.0748720 seconds, Stopping threads took: 0.0000600 seconds
356.109: Application time: 0.0252080 seconds
356.109: [Full GC [PSYoungGen: 138240K->33116K(161280K)] [ParOldGen: 367740K->367740K(368128K)] 505980K->400857K(529408K) [PSPermGen: 13650K->13650K(21504K)], 0.0742440 secs] [Times: user=0.51 sys=0.00, real=0.07 secs] 
356.183: Total time for which application threads were stopped: 0.0748540 seconds, Stopping threads took: 0.0000650 seconds
356.209: Application time: 0.0251690 seconds
356.209: [Full GC [PSYoungGen: 138240K->33057K(161280K)] [ParOldGen: 367740K->367740K(368128K)] 505980K->400798K(529408K) [PSPermGen: 13650K->13650K(21504K)], 0.0737270 secs] [Times: user=0.52 sys=0.00, real=0.07 secs] 
356.283: Total time for which application threads were stopped: 0.0744330 seconds, Stopping threads took: 0.0000740 seconds
356.308: Application time: 0.0249600 seconds
356.309: [Full GC [PSYoungGen: 138240K->33062K(161280K)] [ParOldGen: 367740K->367740K(368128K)] 505980K->400803K(529408K) [PSPermGen: 13650K->13650K(21504K)], 0.0741410 secs] [Times: user=0.52 sys=0.00, real=0.07 secs] 
356.383: Total time for which application threads were stopped: 0.0748360 seconds, Stopping threads took: 0.0000800 seconds
356.408: Application time: 0.0251920 seconds
356.409: [Full GC [PSYoungGen: 138240K->33076K(161280K)] [ParOldGen: 367740K->367740K(368128K)] 505980K->400817K(529408K) [PSPermGen: 13650K->13650K(21504K)], 0.0739940 secs] [Times: user=0.52 sys=0.00, real=0.07 secs] 
356.483: Total time for which application threads were stopped: 0.0747280 seconds, Stopping threads took: 0.0001000 seconds
356.508: Application time: 0.0256760 seconds
356.509: [Full GC [PSYoungGen: 138240K->32980K(161280K)] [ParOldGen: 367740K->367740K(368128K)] 505980K->400721K(529408K) [PSPermGen: 13650K->13650K(21504K)], 0.0736500 secs] [Times: user=0.52 sys=0.00, real=0.07 secs] 
356.583: Total time for which application threads were stopped: 0.0742650 seconds, Stopping threads took: 0.0000430 seconds
356.608: Application time: 0.0252160 seconds
356.609: [Full GC [PSYoungGen: 138240K->32898K(161280K)] [ParOldGen: 367740K->367740K(368128K)] 505980K->400639K(529408K) [PSPermGen: 13650K->13650K(21504K)], 0.0739560 secs] [Times: user=0.51 sys=0.00, real=0.07 secs] 
356.683: Total time for which application threads were stopped: 0.0746140 seconds, Stopping threads took: 0.0000850 seconds
356.709: Application time: 0.0263410 seconds
356.709: [Full GC [PSYoungGen: 138240K->32854K(161280K)] [ParOldGen: 367740K->367740K(368128K)] 505980K->400595K(529408K) [PSPermGen: 13650K->13650K(21504K)], 0.0751950 secs] [Times: user=0.52 sys=0.00, real=0.07 secs] 
356.785: Total time for which application threads were stopped: 0.0758700 seconds, Stopping threads took: 0.0000250 seconds
356.810: Application time: 0.0250330 seconds
356.810: [Full GC [PSYoungGen: 138240K->32801K(161280K)] [ParOldGen: 367740K->367740K(368128K)] 505980K->400542K(529408K) [PSPermGen: 13650K->13650K(21504K)], 0.0728910 secs] [Times: user=0.52 sys=0.00, real=0.07 secs] 
356.883: Total time for which application threads were stopped: 0.0735680 seconds, Stopping threads took: 0.0000540 seconds
356.908: Application time: 0.0248980 seconds
356.909: [Full GC [PSYoungGen: 138240K->32800K(161280K)] [ParOldGen: 367740K->367740K(368128K)] 505980K->400541K(529408K) [PSPermGen: 13650K->13650K(21504K)], 0.0731220 secs] [Times: user=0.52 sys=0.00, real=0.07 secs] 
356.982: Total time for which application threads were stopped: 0.0738130 seconds, Stopping threads took: 0.0000690 seconds
357.007: Application time: 0.0248170 seconds
357.008: [Full GC [PSYoungGen: 138240K->32814K(161280K)] [ParOldGen: 367740K->367740K(368128K)] 505980K->400555K(529408K) [PSPermGen: 13650K->13650K(21504K)], 0.0727720 secs] [Times: user=0.51 sys=0.00, real=0.07 secs] 
357.080: Total time for which application threads were stopped: 0.0734900 seconds, Stopping threads took: 0.0000940 seconds
357.105: Application time: 0.0246110 seconds
357.106: [Full GC [PSYoungGen: 138240K->32830K(161280K)] [ParOldGen: 367740K->367740K(368128K)] 505980K->400571K(529408K) [PSPermGen: 13650K->13650K(21504K)], 0.0737780 secs] [Times: user=0.52 sys=0.00, real=0.07 secs] 
357.179: Total time for which application threads were stopped: 0.0744040 seconds, Stopping threads took: 0.0000680 seconds
357.204: Application time: 0.0247890 seconds
357.205: [Full GC [PSYoungGen: 138240K->32846K(161280K)] [ParOldGen: 367740K->367740K(368128K)] 505980K->400587K(529408K) [PSPermGen: 13650K->13650K(21504K)], 0.0732680 secs] [Times: user=0.52 sys=0.00, real=0.08 secs] 
357.278: Total time for which application threads were stopped: 0.0739280 seconds, Stopping threads took: 0.0000750 seconds
357.303: Application time: 0.0249330 seconds
357.304: [Full GC [PSYoungGen: 138240K->32859K(161280K)] [ParOldGen: 367740K->367740K(368128K)] 505980K->400600K(529408K) [PSPermGen: 13650K->13650K(21504K)], 0.0734310 secs] [Times: user=0.52 sys=0.00, real=0.08 secs] 
357.377: Total time for which application threads were stopped: 0.0741170 seconds, Stopping threads took: 0.0000530 seconds
357.402: Application time: 0.0248850 seconds
357.403: [Full GC [PSYoungGen: 138240K->32875K(161280K)] [ParOldGen: 367740K->367740K(368128K)] 505980K->400616K(529408K) [PSPermGen: 13650K->13650K(21504K)], 0.0738860 secs] [Times: user=0.52 sys=0.00, real=0.08 secs] 
357.477: Total time for which application threads were stopped: 0.0745780 seconds, Stopping threads took: 0.0000650 seconds
357.502: Application time: 0.0249590 seconds
357.502: [Full GC [PSYoungGen: 138240K->32889K(161280K)] [ParOldGen: 367740K->367740K(368128K)] 505980K->400630K(529408K) [PSPermGen: 13650K->13650K(21504K)], 0.0734590 secs] [Times: user=0.52 sys=0.00, real=0.08 secs] 
357.576: Total time for which application threads were stopped: 0.0740860 seconds, Stopping threads took: 0.0000760 seconds
357.601: Application time: 0.0252220 seconds
357.602: [Full GC [PSYoungGen: 138240K->32905K(161280K)] [ParOldGen: 367740K->367740K(368128K)] 505980K->400646K(529408K) [PSPermGen: 13650K->13650K(21504K)], 0.0731490 secs] [Times: user=0.51 sys=0.00, real=0.08 secs] 
357.675: Total time for which application threads were stopped: 0.0738700 seconds, Stopping threads took: 0.0000860 seconds
357.700: Application time: 0.0249100 seconds
357.700: [Full GC [PSYoungGen: 138240K->32920K(161280K)] [ParOldGen: 367740K->367740K(368128K)] 505980K->400661K(529408K) [PSPermGen: 13650K->13650K(21504K)], 0.0742740 secs] [Times: user=0.53 sys=0.00, real=0.08 secs] 
357.775: Total time for which application threads were stopped: 0.0749000 seconds, Stopping threads took: 0.0000780 seconds
357.800: Application time: 0.0249240 seconds
357.800: [Full GC [PSYoungGen: 138240K->32934K(161280K)] [ParOldGen: 367740K->367740K(368128K)] 505980K->400675K(529408K) [PSPermGen: 13650K->13650K(21504K)], 0.0738650 secs] [Times: user=0.52 sys=0.00, real=0.08 secs] 
357.874: Total time for which application threads were stopped: 0.0745210 seconds, Stopping threads took: 0.0000820 seconds
357.899: Application time: 0.0251670 seconds
357.900: [Full GC [PSYoungGen: 138240K->32948K(161280K)] [ParOldGen: 367740K->367740K(368128K)] 505980K->400689K(529408K) [PSPermGen: 13650K->13650K(21504K)], 0.0733810 secs] [Times: user=0.52 sys=0.00, real=0.07 secs] 
357.973: Total time for which application threads were stopped: 0.0740390 seconds, Stopping threads took: 0.0000970 seconds
357.998: Application time: 0.0249970 seconds
357.999: [Full GC [PSYoungGen: 138240K->32965K(161280K)] [ParOldGen: 367740K->367740K(368128K)] 505980K->400706K(529408K) [PSPermGen: 13650K->13650K(21504K)], 0.0752830 secs] [Times: user=0.53 sys=0.00, real=0.08 secs] 
358.074: Total time for which application threads were stopped: 0.0759170 seconds, Stopping threads took: 0.0000690 seconds
358.099: Application time: 0.0247000 seconds
358.100: [Full GC [PSYoungGen: 138240K->32979K(161280K)] [ParOldGen: 367740K->367740K(368128K)] 505980K->400720K(529408K) [PSPermGen: 13650K->13650K(21504K)], 0.0735610 secs] [Times: user=0.51 sys=0.00, real=0.07 secs] 
358.173: Total time for which application threads were stopped: 0.0742610 seconds, Stopping threads took: 0.0000840 seconds
358.198: Application time: 0.0252210 seconds
358.199: [Full GC [PSYoungGen: 138240K->32934K(161280K)] [ParOldGen: 367740K->367740K(368128K)] 505980K->400675K(529408K) [PSPermGen: 13650K->13650K(21504K)], 0.0747080 secs] [Times: user=0.52 sys=0.00, real=0.08 secs] 
358.274: Total time for which application threads were stopped: 0.0753960 seconds, Stopping threads took: 0.0000630 seconds
358.298: Application time: 0.0246430 seconds
358.299: [Full GC [PSYoungGen: 138240K->32937K(161280K)] [ParOldGen: 367740K->367740K(368128K)] 505980K->400678K(529408K) [PSPermGen: 13650K->13650K(21504K)], 0.0741050 secs] [Times: user=0.51 sys=0.00, real=0.07 secs] 
358.373: Total time for which application threads were stopped: 0.0747590 seconds, Stopping threads took: 0.0000770 seconds
358.398: Application time: 0.0245910 seconds
358.398: [Full GC [PSYoungGen: 138240K->32955K(161280K)] [ParOldGen: 367740K->367740K(368128K)] 505980K->400696K(529408K) [PSPermGen: 13650K->13650K(21504K)], 0.0731640 secs] [Times: user=0.52 sys=0.00, real=0.07 secs] 
358.472: Total time for which application threads were stopped: 0.0738710 seconds, Stopping threads took: 0.0000510 seconds
358.496: Application time: 0.0246750 seconds
358.497: [Full GC [PSYoungGen: 138240K->32964K(161280K)] [ParOldGen: 367740K->367740K(368128K)] 505980K->400705K(529408K) [PSPermGen: 13650K->13650K(21504K)], 0.0742260 secs] [Times: user=0.53 sys=0.00, real=0.07 secs] 
358.571: Total time for which application threads were stopped: 0.0748880 seconds, Stopping threads took: 0.0000560 seconds
358.596: Application time: 0.0247780 seconds
358.597: [Full GC [PSYoungGen: 138240K->32985K(161280K)] [ParOldGen: 367740K->367740K(368128K)] 505980K->400726K(529408K) [PSPermGen: 13650K->13650K(21504K)], 0.0731000 secs] [Times: user=0.52 sys=0.00, real=0.07 secs] 
358.670: Total time for which application threads were stopped: 0.0738340 seconds, Stopping threads took: 0.0001030 seconds
358.695: Application time: 0.0247960 seconds
358.695: [Full GC [PSYoungGen: 138240K->32999K(161280K)] [ParOldGen: 367740K->367740K(368128K)] 505980K->400740K(529408K) [PSPermGen: 13650K->13650K(21504K)], 0.0759410 secs] [Times: user=0.53 sys=0.01, real=0.07 secs] 
358.771: Total time for which application threads were stopped: 0.0766660 seconds, Stopping threads took: 0.0000640 seconds
358.796: Application time: 0.0246510 seconds
358.797: [Full GC [PSYoungGen: 138240K->33015K(161280K)] [ParOldGen: 367740K->367740K(368128K)] 505980K->400756K(529408K) [PSPermGen: 13650K->13650K(21504K)], 0.0737430 secs] [Times: user=0.52 sys=0.00, real=0.07 secs] 
358.870: Total time for which application threads were stopped: 0.0744730 seconds, Stopping threads took: 0.0000850 seconds
358.895: Application time: 0.0247580 seconds
358.896: [Full GC [PSYoungGen: 138240K->33029K(161280K)] [ParOldGen: 367740K->367740K(368128K)] 505980K->400770K(529408K) [PSPermGen: 13650K->13650K(21504K)], 0.0755540 secs] [Times: user=0.53 sys=0.00, real=0.07 secs] 
358.971: Total time for which application threads were stopped: 0.0762550 seconds, Stopping threads took: 0.0000620 seconds
358.996: Application time: 0.0248250 seconds
358.997: [Full GC [PSYoungGen: 138240K->33043K(161280K)] [ParOldGen: 367740K->367740K(368128K)] 505980K->400784K(529408K) [PSPermGen: 13650K->13650K(21504K)], 0.0742540 secs] [Times: user=0.53 sys=0.00, real=0.07 secs] 
359.071: Total time for which application threads were stopped: 0.0749580 seconds, Stopping threads took: 0.0000640 seconds
359.096: Application time: 0.0244580 seconds
359.096: [Full GC [PSYoungGen: 138240K->33057K(161280K)] [ParOldGen: 367740K->367740K(368128K)] 505980K->400798K(529408K) [PSPermGen: 13650K->13650K(21504K)], 0.0740190 secs] [Times: user=0.52 sys=0.00, real=0.07 secs] 
359.170: Total time for which application threads were stopped: 0.0747040 seconds, Stopping threads took: 0.0000600 seconds
359.195: Application time: 0.0247630 seconds
359.196: [Full GC [PSYoungGen: 138240K->33074K(161280K)] [ParOldGen: 367740K->367740K(368128K)] 505980K->400815K(529408K) [PSPermGen: 13650K->13650K(21504K)], 0.0732220 secs] [Times: user=0.51 sys=0.00, real=0.07 secs] 
359.269: Total time for which application threads were stopped: 0.0739260 seconds, Stopping threads took: 0.0000800 seconds
359.294: Application time: 0.0246230 seconds
359.294: [Full GC [PSYoungGen: 138240K->33086K(161280K)] [ParOldGen: 367740K->367740K(368128K)] 505980K->400827K(529408K) [PSPermGen: 13650K->13650K(21504K)], 0.0737240 secs] [Times: user=0.52 sys=0.00, real=0.07 secs] 
359.368: Total time for which application threads were stopped: 0.0744360 seconds, Stopping threads took: 0.0000780 seconds
359.393: Application time: 0.0247730 seconds
359.394: [Full GC [PSYoungGen: 138240K->33104K(161280K)] [ParOldGen: 367740K->367740K(368128K)] 505980K->400845K(529408K) [PSPermGen: 13650K->13650K(21504K)], 0.0733750 secs] [Times: user=0.52 sys=0.00, real=0.07 secs] 
359.467: Total time for which application threads were stopped: 0.0740850 seconds, Stopping threads took: 0.0000620 seconds
359.492: Application time: 0.0249090 seconds
359.493: [Full GC [PSYoungGen: 138240K->33122K(161280K)] [ParOldGen: 367740K->367740K(368128K)] 505980K->400863K(529408K) [PSPermGen: 13650K->13650K(21504K)], 0.0738110 secs] [Times: user=0.51 sys=0.00, real=0.08 secs] 
359.566: Total time for which application threads were stopped: 0.0744230 seconds, Stopping threads took: 0.0000590 seconds
359.591: Application time: 0.0250030 seconds
359.592: [Full GC [PSYoungGen: 138240K->33136K(161280K)] [ParOldGen: 367740K->367740K(368128K)] 505980K->400877K(529408K) [PSPermGen: 13650K->13650K(21504K)], 0.0740210 secs] [Times: user=0.52 sys=0.01, real=0.08 secs] 
359.666: Total time for which application threads were stopped: 0.0746720 seconds, Stopping threads took: 0.0000730 seconds
359.691: Application time: 0.0249450 seconds
359.692: [Full GC [PSYoungGen: 138240K->33150K(161280K)] [ParOldGen: 367740K->367740K(368128K)] 505980K->400891K(529408K) [PSPermGen: 13650K->13650K(21504K)], 0.0745230 secs] [Times: user=0.50 sys=0.00, real=0.08 secs] 
359.766: Total time for which application threads were stopped: 0.0751410 seconds, Stopping threads took: 0.0000670 seconds
359.792: Application time: 0.0254860 seconds
359.792: [Full GC [PSYoungGen: 138240K->33104K(161280K)] [ParOldGen: 367740K->367740K(368128K)] 505980K->400845K(529408K) [PSPermGen: 13650K->13650K(21504K)], 0.0730700 secs] [Times: user=0.52 sys=0.00, real=0.07 secs] 
359.865: Total time for which application threads were stopped: 0.0737830 seconds, Stopping threads took: 0.0000810 seconds
359.890: Application time: 0.0250320 seconds
359.891: [Full GC [PSYoungGen: 138240K->33052K(161280K)] [ParOldGen: 367740K->367740K(368128K)] 505980K->400793K(529408K) [PSPermGen: 13650K->13650K(21504K)], 0.0742680 secs] [Times: user=0.52 sys=0.00, real=0.07 secs] 
359.965: Total time for which application threads were stopped: 0.0748630 seconds, Stopping threads took: 0.0000400 seconds
359.990: Application time: 0.0247630 seconds
359.991: [Full GC [PSYoungGen: 138240K->33055K(161280K)] [ParOldGen: 367740K->367740K(368128K)] 505980K->400796K(529408K) [PSPermGen: 13650K->13650K(21504K)], 0.0736480 secs] [Times: user=0.52 sys=0.00, real=0.07 secs] 
360.064: Total time for which application threads were stopped: 0.0743140 seconds, Stopping threads took: 0.0000360 seconds
360.089: Application time: 0.0247300 seconds
360.090: [Full GC [PSYoungGen: 138240K->33071K(161280K)] [ParOldGen: 367740K->367740K(368128K)] 505980K->400812K(529408K) [PSPermGen: 13650K->13650K(21504K)], 0.0743440 secs] [Times: user=0.52 sys=0.00, real=0.07 secs] 
360.164: Total time for which application threads were stopped: 0.0749700 seconds, Stopping threads took: 0.0000680 seconds
360.192: Application time: 0.0277430 seconds
360.193: [Full GC [PSYoungGen: 138240K->32973K(161280K)] [ParOldGen: 367740K->367740K(368128K)] 505980K->400714K(529408K) [PSPermGen: 13650K->13650K(21504K)], 0.0745460 secs] [Times: user=0.53 sys=0.00, real=0.08 secs] 
360.267: Total time for which application threads were stopped: 0.0752480 seconds, Stopping threads took: 0.0000650 seconds
360.292: Application time: 0.0253360 seconds
360.293: [Full GC [PSYoungGen: 138240K->32959K(161280K)] [ParOldGen: 367740K->367740K(368128K)] 505980K->400700K(529408K) [PSPermGen: 13650K->13650K(21504K)], 0.0733210 secs] [Times: user=0.51 sys=0.00, real=0.08 secs] 
360.367: Total time for which application threads were stopped: 0.0740480 seconds, Stopping threads took: 0.0000920 seconds
360.392: Application time: 0.0257670 seconds
360.393: [Full GC [PSYoungGen: 138240K->32851K(161280K)] [ParOldGen: 367740K->367740K(368128K)] 505980K->400592K(529408K) [PSPermGen: 13650K->13650K(21504K)], 0.0736590 secs] [Times: user=0.52 sys=0.00, real=0.08 secs] 
360.467: Total time for which application threads were stopped: 0.0743800 seconds, Stopping threads took: 0.0000850 seconds
360.492: Application time: 0.0248600 seconds
360.492: [Full GC [PSYoungGen: 138240K->32847K(161280K)] [ParOldGen: 367740K->367740K(368128K)] 505980K->400588K(529408K) [PSPermGen: 13650K->13650K(21504K)], 0.0730070 secs] [Times: user=0.52 sys=0.00, real=0.07 secs] 
360.565: Total time for which application threads were stopped: 0.0737000 seconds, Stopping threads took: 0.0000530 seconds
360.590: Application time: 0.0251330 seconds
360.591: [Full GC [PSYoungGen: 138240K->32808K(161280K)] [ParOldGen: 367740K->367740K(368128K)] 505980K->400549K(529408K) [PSPermGen: 13650K->13650K(21504K)], 0.0742680 secs] [Times: user=0.53 sys=0.00, real=0.07 secs] 
360.665: Total time for which application threads were stopped: 0.0749360 seconds, Stopping threads took: 0.0001150 seconds
360.690: Application time: 0.0245650 seconds
360.691: [Full GC [PSYoungGen: 138240K->32810K(161280K)] [ParOldGen: 367740K->367740K(368128K)] 505980K->400551K(529408K) [PSPermGen: 13650K->13650K(21504K)], 0.0729490 secs] [Times: user=0.51 sys=0.00, real=0.07 secs] 
360.764: Total time for which application threads were stopped: 0.0736460 seconds, Stopping threads took: 0.0000770 seconds
360.788: Application time: 0.0245880 seconds
360.789: [Full GC [PSYoungGen: 138240K->32823K(161280K)] [ParOldGen: 367740K->367740K(368128K)] 505980K->400564K(529408K) [PSPermGen: 13650K->13650K(21504K)], 0.0731280 secs] [Times: user=0.51 sys=0.00, real=0.07 secs] 
360.862: Total time for which application threads were stopped: 0.0738370 seconds, Stopping threads took: 0.0000570 seconds
360.887: Application time: 0.0246510 seconds
360.887: [Full GC [PSYoungGen: 138240K->32839K(161280K)] [ParOldGen: 367740K->367740K(368128K)] 505980K->400580K(529408K) [PSPermGen: 13650K->13650K(21504K)], 0.0734080 secs] [Times: user=0.51 sys=0.00, real=0.07 secs] 
360.961: Total time for which application threads were stopped: 0.0740990 seconds, Stopping threads took: 0.0000630 seconds
360.986: Application time: 0.0251120 seconds
360.986: [Full GC [PSYoungGen: 138240K->32854K(161280K)] [ParOldGen: 367740K->367740K(368128K)] 505980K->400595K(529408K) [PSPermGen: 13650K->13650K(21504K)], 0.0748320 secs] [Times: user=0.52 sys=0.00, real=0.07 secs] 
361.061: Total time for which application threads were stopped: 0.0754590 seconds, Stopping threads took: 0.0000720 seconds
361.086: Application time: 0.0250790 seconds
361.087: [Full GC [PSYoungGen: 138240K->32870K(161280K)] [ParOldGen: 367740K->367740K(368128K)] 505980K->400611K(529408K) [PSPermGen: 13650K->13650K(21504K)], 0.0746480 secs] [Times: user=0.53 sys=0.00, real=0.07 secs] 
361.162: Total time for which application threads were stopped: 0.0752430 seconds, Stopping threads took: 0.0000430 seconds
361.187: Application time: 0.0250390 seconds
361.187: [Full GC [PSYoungGen: 138240K->32885K(161280K)] [ParOldGen: 367740K->367740K(368128K)] 505980K->400626K(529408K) [PSPermGen: 13650K->13650K(21504K)], 0.0825090 secs] [Times: user=0.57 sys=0.00, real=0.08 secs] 
361.270: Total time for which application threads were stopped: 0.0831460 seconds, Stopping threads took: 0.0000840 seconds
361.295: Application time: 0.0251610 seconds
361.296: [Full GC [PSYoungGen: 138240K->32897K(161280K)] [ParOldGen: 367740K->367740K(368128K)] 505980K->400638K(529408K) [PSPermGen: 13650K->13650K(21504K)], 0.0736340 secs] [Times: user=0.52 sys=0.00, real=0.07 secs] 
361.369: Total time for which application threads were stopped: 0.0743600 seconds, Stopping threads took: 0.0000610 seconds
361.394: Application time: 0.0250920 seconds
361.395: [Full GC [PSYoungGen: 138240K->32916K(161280K)] [ParOldGen: 367740K->367740K(368128K)] 505980K->400657K(529408K) [PSPermGen: 13650K->13650K(21504K)], 0.0734750 secs] [Times: user=0.52 sys=0.00, real=0.07 secs] 
361.469: Total time for which application threads were stopped: 0.0740940 seconds, Stopping threads took: 0.0000600 seconds
361.493: Application time: 0.0247360 seconds
361.494: [Full GC [PSYoungGen: 138240K->32925K(161280K)] [ParOldGen: 367740K->367740K(368128K)] 505980K->400666K(529408K) [PSPermGen: 13650K->13650K(21504K)], 0.0736400 secs] [Times: user=0.51 sys=0.00, real=0.07 secs] 
361.568: Total time for which application threads were stopped: 0.0742630 seconds, Stopping threads took: 0.0000640 seconds
361.592: Application time: 0.0248060 seconds
361.593: [Full GC [PSYoungGen: 138240K->32943K(161280K)] [ParOldGen: 367740K->367740K(368128K)] 505980K->400684K(529408K) [PSPermGen: 13650K->13650K(21504K)], 0.0731300 secs] [Times: user=0.52 sys=0.00, real=0.08 secs] 
361.666: Total time for which application threads were stopped: 0.0738180 seconds, Stopping threads took: 0.0000610 seconds
361.691: Application time: 0.0249870 seconds
361.692: [Full GC [PSYoungGen: 138240K->32954K(161280K)] [ParOldGen: 367740K->367740K(368128K)] 505980K->400695K(529408K) [PSPermGen: 13650K->13650K(21504K)], 0.0740580 secs] [Times: user=0.52 sys=0.00, real=0.08 secs] 
361.766: Total time for which application threads were stopped: 0.0746870 seconds, Stopping threads took: 0.0000720 seconds
361.791: Application time: 0.0249060 seconds
361.791: [Full GC [PSYoungGen: 138240K->32974K(161280K)] [ParOldGen: 367740K->367740K(368128K)] 505980K->400715K(529408K) [PSPermGen: 13650K->13650K(21504K)], 0.0745350 secs] [Times: user=0.53 sys=0.00, real=0.08 secs] 
361.866: Total time for which application threads were stopped: 0.0752380 seconds, Stopping threads took: 0.0000770 seconds
361.890: Application time: 0.0244460 seconds
361.891: [Full GC [PSYoungGen: 138240K->32986K(161280K)] [ParOldGen: 367740K->367740K(368128K)] 505980K->400727K(529408K) [PSPermGen: 13650K->13650K(21504K)], 0.0741390 secs] [Times: user=0.52 sys=0.00, real=0.07 secs] 
361.965: Total time for which application threads were stopped: 0.0748140 seconds, Stopping threads took: 0.0000890 seconds
361.990: Application time: 0.0247030 seconds
361.991: [Full GC [PSYoungGen: 138240K->33002K(161280K)] [ParOldGen: 367740K->367740K(368128K)] 505980K->400743K(529408K) [PSPermGen: 13650K->13650K(21504K)], 0.0734610 secs] [Times: user=0.52 sys=0.00, real=0.07 secs] 
362.064: Total time for which application threads were stopped: 0.0741170 seconds, Stopping threads took: 0.0000770 seconds
362.089: Application time: 0.0248940 seconds
362.090: [Full GC [PSYoungGen: 138240K->32964K(161280K)] [ParOldGen: 367740K->367740K(368128K)] 505980K->400704K(529408K) [PSPermGen: 13650K->13650K(21504K)], 0.0734970 secs] [Times: user=0.52 sys=0.00, real=0.07 secs] 
362.163: Total time for which application threads were stopped: 0.0742070 seconds, Stopping threads took: 0.0000650 seconds
362.188: Application time: 0.0246120 seconds
362.188: [Full GC [PSYoungGen: 138240K->32965K(161280K)] [ParOldGen: 367740K->367740K(368128K)] 505980K->400706K(529408K) [PSPermGen: 13650K->13650K(21504K)], 0.0736880 secs] [Times: user=0.52 sys=0.00, real=0.07 secs] 
362.262: Total time for which application threads were stopped: 0.0743670 seconds, Stopping threads took: 0.0000630 seconds
362.287: Application time: 0.0245570 seconds
362.287: [Full GC [PSYoungGen: 138240K->32980K(161280K)] [ParOldGen: 367740K->367740K(368128K)] 505980K->400721K(529408K) [PSPermGen: 13650K->13650K(21504K)], 0.0734520 secs] [Times: user=0.51 sys=0.00, real=0.07 secs] 
362.361: Total time for which application threads were stopped: 0.0741220 seconds, Stopping threads took: 0.0000580 seconds
362.386: Application time: 0.0246960 seconds
362.386: [Full GC [PSYoungGen: 138240K->32993K(161280K)] [ParOldGen: 367740K->367740K(368128K)] 505980K->400734K(529408K) [PSPermGen: 13650K->13650K(21504K)], 0.0730890 secs] [Times: user=0.52 sys=0.00, real=0.07 secs] 
362.459: Total time for which application threads were stopped: 0.0737950 seconds, Stopping threads took: 0.0000630 seconds
362.484: Application time: 0.0248150 seconds
362.485: [Full GC [PSYoungGen: 138240K->33010K(161280K)] [ParOldGen: 367740K->367740K(368128K)] 505980K->400751K(529408K) [PSPermGen: 13650K->13650K(21504K)], 0.0731070 secs] [Times: user=0.51 sys=0.00, real=0.08 secs] 
362.558: Total time for which application threads were stopped: 0.0738090 seconds, Stopping threads took: 0.0000550 seconds
362.583: Application time: 0.0249690 seconds
362.584: [Full GC [PSYoungGen: 138240K->33026K(161280K)] [ParOldGen: 367740K->367740K(368128K)] 505980K->400767K(529408K) [PSPermGen: 13650K->13650K(21504K)], 0.0745980 secs] [Times: user=0.53 sys=0.00, real=0.08 secs] 
362.658: Total time for which application threads were stopped: 0.0752180 seconds, Stopping threads took: 0.0000580 seconds
362.683: Application time: 0.0246570 seconds
362.683: [Full GC [PSYoungGen: 138240K->33038K(161280K)] [ParOldGen: 367740K->367740K(368128K)] 505980K->400779K(529408K) [PSPermGen: 13650K->13650K(21504K)], 0.0739390 secs] [Times: user=0.50 sys=0.00, real=0.08 secs] 
362.757: Total time for which application threads were stopped: 0.0745540 seconds, Stopping threads took: 0.0000670 seconds
362.782: Application time: 0.0247480 seconds
362.783: [Full GC [PSYoungGen: 138240K->33053K(161280K)] [ParOldGen: 367740K->367740K(368128K)] 505980K->400794K(529408K) [PSPermGen: 13650K->13650K(21504K)], 0.0745590 secs] [Times: user=0.52 sys=0.00, real=0.08 secs] 
362.857: Total time for which application threads were stopped: 0.0751760 seconds, Stopping threads took: 0.0000590 seconds
362.882: Application time: 0.0245400 seconds
362.883: [Full GC [PSYoungGen: 138240K->33068K(161280K)] [ParOldGen: 367740K->367740K(368128K)] 505980K->400809K(529408K) [PSPermGen: 13650K->13650K(21504K)], 0.0739440 secs] [Times: user=0.52 sys=0.00, real=0.08 secs] 
362.957: Total time for which application threads were stopped: 0.0746510 seconds, Stopping threads took: 0.0000820 seconds
362.982: Application time: 0.0250360 seconds
362.982: [Full GC [PSYoungGen: 138240K->33084K(161280K)] [ParOldGen: 367740K->367740K(368128K)] 505980K->400825K(529408K) [PSPermGen: 13650K->13650K(21504K)], 0.0740610 secs] [Times: user=0.51 sys=0.00, real=0.08 secs] 
363.056: Total time for which application threads were stopped: 0.0747780 seconds, Stopping threads took: 0.0000780 seconds
363.081: Application time: 0.0245770 seconds
363.082: [Full GC [PSYoungGen: 138240K->33099K(161280K)] [ParOldGen: 367740K->367740K(368128K)] 505980K->400840K(529408K) [PSPermGen: 13650K->13650K(21504K)], 0.0767840 secs] [Times: user=0.54 sys=0.01, real=0.08 secs] 
363.158: Total time for which application threads were stopped: 0.0775180 seconds, Stopping threads took: 0.0000760 seconds
363.183: Application time: 0.0247010 seconds
363.184: [Full GC [PSYoungGen: 138240K->33115K(161280K)] [ParOldGen: 367740K->367740K(368128K)] 505980K->400856K(529408K) [PSPermGen: 13650K->13650K(21504K)], 0.0739190 secs] [Times: user=0.52 sys=0.00, real=0.08 secs] 
363.258: Total time for which application threads were stopped: 0.0745450 seconds, Stopping threads took: 0.0000730 seconds
363.283: Application time: 0.0248830 seconds
363.283: [Full GC [PSYoungGen: 138240K->33130K(161280K)] [ParOldGen: 367740K->367740K(368128K)] 505980K->400871K(529408K) [PSPermGen: 13650K->13650K(21504K)], 0.0735470 secs] [Times: user=0.51 sys=0.00, real=0.08 secs] 
363.357: Total time for which application threads were stopped: 0.0742200 seconds, Stopping threads took: 0.0000510 seconds
363.382: Application time: 0.0248360 seconds
363.382: [Full GC [PSYoungGen: 138240K->33146K(161280K)] [ParOldGen: 367740K->367740K(368128K)] 505980K->400887K(529408K) [PSPermGen: 13650K->13650K(21504K)], 0.0738520 secs] [Times: user=0.52 sys=0.00, real=0.08 secs] 
363.456: Total time for which application threads were stopped: 0.0744730 seconds, Stopping threads took: 0.0000700 seconds
363.465: Application time: 0.0092950 seconds
363.466: Total time for which application threads were stopped: 0.0005690 seconds, Stopping threads took: 0.0000650 seconds
363.482: Application time: 0.0162300 seconds
363.483: [Full GC [PSYoungGen: 138240K->33109K(161280K)] [ParOldGen: 367740K->367740K(368128K)] 505980K->400850K(529408K) [PSPermGen: 13650K->13650K(21504K)], 0.0734490 secs] [Times: user=0.52 sys=0.00, real=0.08 secs] 
363.556: Total time for which application threads were stopped: 0.0741460 seconds, Stopping threads took: 0.0000680 seconds
363.581: Application time: 0.0250300 seconds
363.582: [Full GC [PSYoungGen: 138240K->33049K(161280K)] [ParOldGen: 367740K->367740K(368128K)] 505980K->400790K(529408K) [PSPermGen: 13650K->13650K(21504K)], 0.0736850 secs] [Times: user=0.51 sys=0.00, real=0.08 secs] 
363.656: Total time for which application threads were stopped: 0.0743700 seconds, Stopping threads took: 0.0000720 seconds
363.680: Application time: 0.0247150 seconds
363.681: [Full GC [PSYoungGen: 138240K->33052K(161280K)] [ParOldGen: 367740K->367740K(368128K)] 505980K->400793K(529408K) [PSPermGen: 13650K->13650K(21504K)], 0.0736600 secs] [Times: user=0.52 sys=0.00, real=0.08 secs] 
363.755: Total time for which application threads were stopped: 0.0743620 seconds, Stopping threads took: 0.0000700 seconds
363.780: Application time: 0.0248550 seconds
363.780: [Full GC [PSYoungGen: 138240K->33067K(161280K)] [ParOldGen: 367740K->367740K(368128K)] 505980K->400808K(529408K) [PSPermGen: 13650K->13650K(21504K)], 0.0734450 secs] [Times: user=0.51 sys=0.00, real=0.08 secs] 
363.854: Total time for which application threads were stopped: 0.0741420 seconds, Stopping threads took: 0.0000720 seconds
363.879: Application time: 0.0255480 seconds
363.880: [Full GC [PSYoungGen: 138240K->32971K(161280K)] [ParOldGen: 367740K->367740K(368128K)] 505980K->400712K(529408K) [PSPermGen: 13650K->13650K(21504K)], 0.0738680 secs] [Times: user=0.52 sys=0.00, real=0.08 secs] 
363.954: Total time for which application threads were stopped: 0.0745590 seconds, Stopping threads took: 0.0000800 seconds
363.979: Application time: 0.0253110 seconds
363.980: [Full GC [PSYoungGen: 138240K->32891K(161280K)] [ParOldGen: 367740K->367740K(368128K)] 505980K->400631K(529408K) [PSPermGen: 13650K->13650K(21504K)], 0.0733080 secs] [Times: user=0.52 sys=0.00, real=0.07 secs] 
364.053: Total time for which application threads were stopped: 0.0740070 seconds, Stopping threads took: 0.0000690 seconds
364.079: Application time: 0.0252770 seconds
364.079: [Full GC [PSYoungGen: 138240K->32846K(161280K)] [ParOldGen: 367740K->367740K(368128K)] 505980K->400587K(529408K) [PSPermGen: 13650K->13650K(21504K)], 0.0738360 secs] [Times: user=0.52 sys=0.00, real=0.07 secs] 
364.153: Total time for which application threads were stopped: 0.0745200 seconds, Stopping threads took: 0.0000670 seconds
364.178: Application time: 0.0247440 seconds
364.178: [Full GC [PSYoungGen: 138240K->32844K(161280K)] [ParOldGen: 367740K->367740K(368128K)] 505980K->400585K(529408K) [PSPermGen: 13650K->13650K(21504K)], 0.0736870 secs] [Times: user=0.52 sys=0.00, real=0.07 secs] 
364.252: Total time for which application threads were stopped: 0.0743810 seconds, Stopping threads took: 0.0000590 seconds
364.279: Application time: 0.0264040 seconds
364.279: [Full GC [PSYoungGen: 138240K->32859K(161280K)] [ParOldGen: 367740K->367740K(368128K)] 505980K->400600K(529408K) [PSPermGen: 13650K->13650K(21504K)], 0.0730800 secs] [Times: user=0.52 sys=0.00, real=0.07 secs] 
364.352: Total time for which application threads were stopped: 0.0737930 seconds, Stopping threads took: 0.0000610 seconds
364.378: Application time: 0.0251810 seconds
364.378: [Full GC [PSYoungGen: 138240K->32821K(161280K)] [ParOldGen: 367740K->367740K(368128K)] 505980K->400562K(529408K) [PSPermGen: 13650K->13650K(21504K)], 0.0739630 secs] [Times: user=0.52 sys=0.00, real=0.07 secs] 
364.452: Total time for which application threads were stopped: 0.0746090 seconds, Stopping threads took: 0.0000810 seconds
364.477: Application time: 0.0251600 seconds
364.478: [Full GC [PSYoungGen: 138240K->32821K(161280K)] [ParOldGen: 367740K->367740K(368128K)] 505980K->400562K(529408K) [PSPermGen: 13650K->13650K(21504K)], 0.0740090 secs] [Times: user=0.52 sys=0.00, real=0.07 secs] 
364.552: Total time for which application threads were stopped: 0.0746310 seconds, Stopping threads took: 0.0000520 seconds
364.577: Application time: 0.0250630 seconds
364.578: [Full GC [PSYoungGen: 138240K->32836K(161280K)] [ParOldGen: 367740K->367740K(368128K)] 505980K->400577K(529408K) [PSPermGen: 13650K->13650K(21504K)], 0.0731740 secs] [Times: user=0.52 sys=0.00, real=0.07 secs] 
364.651: Total time for which application threads were stopped: 0.0738670 seconds, Stopping threads took: 0.0000520 seconds
364.676: Application time: 0.0248520 seconds
364.676: [Full GC [PSYoungGen: 138240K->32848K(161280K)] [ParOldGen: 367740K->367740K(368128K)] 505980K->400589K(529408K) [PSPermGen: 13650K->13650K(21504K)], 0.0767220 secs] [Times: user=0.54 sys=0.00, real=0.07 secs] 
364.753: Total time for which application threads were stopped: 0.0773780 seconds, Stopping threads took: 0.0001020 seconds
364.778: Application time: 0.0250730 seconds
364.779: [Full GC [PSYoungGen: 138240K->32865K(161280K)] [ParOldGen: 367740K->367740K(368128K)] 505980K->400606K(529408K) [PSPermGen: 13650K->13650K(21504K)], 0.0733870 secs] [Times: user=0.52 sys=0.00, real=0.07 secs] 
364.852: Total time for which application threads were stopped: 0.0740760 seconds, Stopping threads took: 0.0000740 seconds
364.878: Application time: 0.0251390 seconds
364.878: [Full GC [PSYoungGen: 138240K->32878K(161280K)] [ParOldGen: 367740K->367740K(368128K)] 505980K->400619K(529408K) [PSPermGen: 13650K->13650K(21504K)], 0.0737170 secs] [Times: user=0.52 sys=0.00, real=0.07 secs] 
364.952: Total time for which application threads were stopped: 0.0743680 seconds, Stopping threads took: 0.0000750 seconds
364.977: Application time: 0.0250980 seconds
364.978: [Full GC [PSYoungGen: 138240K->32895K(161280K)] [ParOldGen: 367740K->367740K(368128K)] 505980K->400636K(529408K) [PSPermGen: 13650K->13650K(21504K)], 0.0735990 secs] [Times: user=0.52 sys=0.00, real=0.07 secs] 
365.051: Total time for which application threads were stopped: 0.0742230 seconds, Stopping threads took: 0.0000640 seconds
365.076: Application time: 0.0250440 seconds
365.077: [Full GC [PSYoungGen: 138240K->32908K(161280K)] [ParOldGen: 367740K->367740K(368128K)] 505980K->400649K(529408K) [PSPermGen: 13650K->13650K(21504K)], 0.0739650 secs] [Times: user=0.51 sys=0.00, real=0.07 secs] 
365.151: Total time for which application threads were stopped: 0.0746350 seconds, Stopping threads took: 0.0001010 seconds
365.176: Application time: 0.0249320 seconds
365.176: [Full GC [PSYoungGen: 138240K->32924K(161280K)] [ParOldGen: 367740K->367740K(368128K)] 505980K->400665K(529408K) [PSPermGen: 13650K->13650K(21504K)], 0.0729750 secs] [Times: user=0.52 sys=0.00, real=0.07 secs] 
365.250: Total time for which application threads were stopped: 0.0737230 seconds, Stopping threads took: 0.0000800 seconds
365.275: Application time: 0.0250680 seconds
365.275: [Full GC [PSYoungGen: 138240K->32940K(161280K)] [ParOldGen: 367740K->367740K(368128K)] 505980K->400681K(529408K) [PSPermGen: 13650K->13650K(21504K)], 0.0733680 secs] [Times: user=0.51 sys=0.00, real=0.07 secs] 
365.349: Total time for which application threads were stopped: 0.0740460 seconds, Stopping threads took: 0.0000530 seconds
365.374: Application time: 0.0249220 seconds
365.374: [Full GC [PSYoungGen: 138240K->32955K(161280K)] [ParOldGen: 367740K->367740K(368128K)] 505980K->400696K(529408K) [PSPermGen: 13650K->13650K(21504K)], 0.0734700 secs] [Times: user=0.52 sys=0.00, real=0.07 secs] 
365.448: Total time for which application threads were stopped: 0.0741410 seconds, Stopping threads took: 0.0000400 seconds
365.473: Application time: 0.0247820 seconds
365.473: [Full GC [PSYoungGen: 138240K->32969K(161280K)] [ParOldGen: 367740K->367740K(368128K)] 505980K->400710K(529408K) [PSPermGen: 13650K->13650K(21504K)], 0.0733120 secs] [Times: user=0.52 sys=0.00, real=0.08 secs] 
365.547: Total time for which application threads were stopped: 0.0739880 seconds, Stopping threads took: 0.0000920 seconds
365.571: Application time: 0.0248430 seconds
365.572: [Full GC [PSYoungGen: 138240K->32984K(161280K)] [ParOldGen: 367740K->367740K(368128K)] 505980K->400725K(529408K) [PSPermGen: 13650K->13650K(21504K)], 0.0732780 secs] [Times: user=0.52 sys=0.00, real=0.07 secs] 
365.645: Total time for which application threads were stopped: 0.0739950 seconds, Stopping threads took: 0.0000910 seconds
365.670: Application time: 0.0247970 seconds
365.671: [Full GC [PSYoungGen: 138240K->32998K(161280K)] [ParOldGen: 367740K->367740K(368128K)] 505980K->400739K(529408K) [PSPermGen: 13650K->13650K(21504K)], 0.0727650 secs] [Times: user=0.51 sys=0.00, real=0.07 secs] 
365.744: Total time for which application threads were stopped: 0.0734990 seconds, Stopping threads took: 0.0000990 seconds
365.768: Application time: 0.0246690 seconds
365.769: [Full GC [PSYoungGen: 138240K->33015K(161280K)] [ParOldGen: 367740K->367740K(368128K)] 505980K->400756K(529408K) [PSPermGen: 13650K->13650K(21504K)], 0.0744940 secs] [Times: user=0.51 sys=0.00, real=0.07 secs] 
365.844: Total time for which application threads were stopped: 0.0751850 seconds, Stopping threads took: 0.0000620 seconds
365.869: Application time: 0.0254360 seconds
365.870: [Full GC [PSYoungGen: 138240K->33021K(161280K)] [ParOldGen: 367740K->367740K(368128K)] 505980K->400762K(529408K) [PSPermGen: 13650K->13650K(21504K)], 0.0735350 secs] [Times: user=0.51 sys=0.00, real=0.07 secs] 
365.943: Total time for which application threads were stopped: 0.0742270 seconds, Stopping threads took: 0.0000670 seconds
365.969: Application time: 0.0257900 seconds
365.970: [Full GC [PSYoungGen: 138240K->32978K(161280K)] [ParOldGen: 367740K->367740K(368128K)] 505980K->400719K(529408K) [PSPermGen: 13650K->13650K(21504K)], 0.0730400 secs] [Times: user=0.51 sys=0.00, real=0.07 secs] 
366.043: Total time for which application threads were stopped: 0.0737770 seconds, Stopping threads took: 0.0001040 seconds
366.067: Application time: 0.0246230 seconds
366.068: [Full GC [PSYoungGen: 138240K->32989K(161280K)] [ParOldGen: 367740K->367740K(368128K)] 505980K->400729K(529408K) [PSPermGen: 13650K->13650K(21504K)], 0.0747680 secs] [Times: user=0.51 sys=0.00, real=0.07 secs] 
366.143: Total time for which application threads were stopped: 0.0754340 seconds, Stopping threads took: 0.0000610 seconds
366.167: Application time: 0.0246670 seconds
366.168: [Full GC [PSYoungGen: 138240K->33005K(161280K)] [ParOldGen: 367740K->367740K(368128K)] 505980K->400746K(529408K) [PSPermGen: 13650K->13650K(21504K)], 0.0731440 secs] [Times: user=0.52 sys=0.00, real=0.07 secs] 
366.241: Total time for which application threads were stopped: 0.0738290 seconds, Stopping threads took: 0.0000490 seconds
366.266: Application time: 0.0249570 seconds
366.267: [Full GC [PSYoungGen: 138240K->33020K(161280K)] [ParOldGen: 367740K->367740K(368128K)] 505980K->400761K(529408K) [PSPermGen: 13650K->13650K(21504K)], 0.0732730 secs] [Times: user=0.52 sys=0.00, real=0.07 secs] 
366.340: Total time for which application threads were stopped: 0.0739740 seconds, Stopping threads took: 0.0000640 seconds
366.366: Application time: 0.0255790 seconds
366.366: [Full GC [PSYoungGen: 138240K->33034K(161280K)] [ParOldGen: 367740K->367740K(368128K)] 505980K->400775K(529408K) [PSPermGen: 13650K->13650K(21504K)], 0.0736860 secs] [Times: user=0.52 sys=0.00, real=0.07 secs] 
366.440: Total time for which application threads were stopped: 0.0742940 seconds, Stopping threads took: 0.0000410 seconds
366.465: Application time: 0.0244920 seconds
366.465: [Full GC [PSYoungGen: 138240K->33048K(161280K)] [ParOldGen: 367740K->367740K(368128K)] 505980K->400789K(529408K) [PSPermGen: 13650K->13650K(21504K)], 0.0726740 secs] [Times: user=0.51 sys=0.00, real=0.08 secs] 
366.538: Total time for which application threads were stopped: 0.0733570 seconds, Stopping threads took: 0.0000680 seconds
366.563: Application time: 0.0247110 seconds
366.563: [Full GC [PSYoungGen: 138240K->33062K(161280K)] [ParOldGen: 367740K->367740K(368128K)] 505980K->400803K(529408K) [PSPermGen: 13650K->13650K(21504K)], 0.0742310 secs] [Times: user=0.52 sys=0.00, real=0.08 secs] 
366.638: Total time for which application threads were stopped: 0.0749080 seconds, Stopping threads took: 0.0000580 seconds
366.663: Application time: 0.0249300 seconds
366.663: [Full GC [PSYoungGen: 138240K->33080K(161280K)] [ParOldGen: 367740K->367740K(368128K)] 505980K->400821K(529408K) [PSPermGen: 13650K->13650K(21504K)], 0.0738730 secs] [Times: user=0.52 sys=0.00, real=0.08 secs] 
366.737: Total time for which application threads were stopped: 0.0745940 seconds, Stopping threads took: 0.0000770 seconds
366.762: Application time: 0.0248470 seconds
366.763: [Full GC [PSYoungGen: 138240K->33096K(161280K)] [ParOldGen: 367740K->367740K(368128K)] 505980K->400837K(529408K) [PSPermGen: 13650K->13650K(21504K)], 0.0738190 secs] [Times: user=0.52 sys=0.00, real=0.08 secs] 
366.837: Total time for which application threads were stopped: 0.0745120 seconds, Stopping threads took: 0.0000700 seconds
366.861: Application time: 0.0247290 seconds
366.862: [Full GC [PSYoungGen: 138240K->33111K(161280K)] [ParOldGen: 367740K->367740K(368128K)] 505980K->400852K(529408K) [PSPermGen: 13650K->13650K(21504K)], 0.0770280 secs] [Times: user=0.55 sys=0.00, real=0.08 secs] 
366.939: Total time for which application threads were stopped: 0.0776950 seconds, Stopping threads took: 0.0000440 seconds
366.964: Application time: 0.0248640 seconds
366.964: [Full GC [PSYoungGen: 138240K->33127K(161280K)] [ParOldGen: 367740K->367740K(368128K)] 505980K->400868K(529408K) [PSPermGen: 13650K->13650K(21504K)], 0.0740630 secs] [Times: user=0.52 sys=0.00, real=0.08 secs] 
367.039: Total time for which application threads were stopped: 0.0747100 seconds, Stopping threads took: 0.0000880 seconds
367.063: Application time: 0.0248570 seconds
367.064: [Full GC [PSYoungGen: 138240K->33140K(161280K)] [ParOldGen: 367740K->367740K(368128K)] 505980K->400881K(529408K) [PSPermGen: 13650K->13650K(21504K)], 0.0768010 secs] [Times: user=0.52 sys=0.00, real=0.08 secs] 
367.141: Total time for which application threads were stopped: 0.0774160 seconds, Stopping threads took: 0.0000470 seconds
367.166: Application time: 0.0254040 seconds
367.167: [Full GC [PSYoungGen: 138240K->33103K(161280K)] [ParOldGen: 367740K->367740K(368128K)] 505980K->400844K(529408K) [PSPermGen: 13650K->13650K(21504K)], 0.0730940 secs] [Times: user=0.52 sys=0.00, real=0.07 secs] 
367.240: Total time for which application threads were stopped: 0.0738270 seconds, Stopping threads took: 0.0000720 seconds
367.265: Application time: 0.0248140 seconds
367.265: [Full GC [PSYoungGen: 138240K->33100K(161280K)] [ParOldGen: 367740K->367740K(368128K)] 505980K->400841K(529408K) [PSPermGen: 13650K->13650K(21504K)], 0.0748230 secs] [Times: user=0.52 sys=0.00, real=0.08 secs] 
367.340: Total time for which application threads were stopped: 0.0754400 seconds, Stopping threads took: 0.0000610 seconds
367.365: Application time: 0.0247780 seconds
367.366: [Full GC [PSYoungGen: 138240K->33113K(161280K)] [ParOldGen: 367740K->367740K(368128K)] 505980K->400854K(529408K) [PSPermGen: 13650K->13650K(21504K)], 0.0740120 secs] [Times: user=0.52 sys=0.00, real=0.07 secs] 
367.440: Total time for which application threads were stopped: 0.0746230 seconds, Stopping threads took: 0.0000560 seconds
367.465: Application time: 0.0253270 seconds
367.466: [Full GC [PSYoungGen: 138240K->32953K(161280K)] [ParOldGen: 367740K->367740K(368128K)] 505980K->400694K(529408K) [PSPermGen: 13650K->13650K(21504K)], 0.0736100 secs] [Times: user=0.51 sys=0.00, real=0.07 secs] 
367.539: Total time for which application threads were stopped: 0.0743260 seconds, Stopping threads took: 0.0001020 seconds
367.565: Application time: 0.0252390 seconds
367.565: [Full GC [PSYoungGen: 138240K->32878K(161280K)] [ParOldGen: 367740K->367740K(368128K)] 505980K->400619K(529408K) [PSPermGen: 13650K->13650K(21504K)], 0.0736730 secs] [Times: user=0.52 sys=0.00, real=0.08 secs] 
367.639: Total time for which application threads were stopped: 0.0744040 seconds, Stopping threads took: 0.0001070 seconds
367.664: Application time: 0.0248200 seconds
367.664: [Full GC [PSYoungGen: 138240K->32878K(161280K)] [ParOldGen: 367740K->367740K(368128K)] 505980K->400619K(529408K) [PSPermGen: 13650K->13650K(21504K)], 0.0737740 secs] [Times: user=0.51 sys=0.00, real=0.08 secs] 
367.738: Total time for which application threads were stopped: 0.0744450 seconds, Stopping threads took: 0.0000540 seconds
367.763: Application time: 0.0249530 seconds
367.764: [Full GC [PSYoungGen: 138240K->32895K(161280K)] [ParOldGen: 367740K->367740K(368128K)] 505980K->400636K(529408K) [PSPermGen: 13650K->13650K(21504K)], 0.0737860 secs] [Times: user=0.52 sys=0.00, real=0.08 secs] 
367.838: Total time for which application threads were stopped: 0.0745190 seconds, Stopping threads took: 0.0000750 seconds
367.857: Application time: 0.0190960 seconds
367.857: Total time for which application threads were stopped: 0.0006210 seconds, Stopping threads took: 0.0000690 seconds
367.863: Application time: 0.0058820 seconds
367.864: [Full GC [PSYoungGen: 138240K->32843K(161280K)] [ParOldGen: 367740K->367740K(368128K)] 505980K->400583K(529408K) [PSPermGen: 13650K->13650K(21504K)], 0.0752990 secs] [Times: user=0.53 sys=0.00, real=0.08 secs] 
367.939: Total time for which application threads were stopped: 0.0759930 seconds, Stopping threads took: 0.0000760 seconds
367.964: Application time: 0.0245840 seconds
367.965: [Full GC [PSYoungGen: 138240K->32855K(161280K)] [ParOldGen: 367740K->367740K(368128K)] 505980K->400596K(529408K) [PSPermGen: 13650K->13650K(21504K)], 0.0731490 secs] [Times: user=0.52 sys=0.00, real=0.08 secs] 
368.038: Total time for which application threads were stopped: 0.0738560 seconds, Stopping threads took: 0.0000780 seconds
368.063: Application time: 0.0249850 seconds
368.063: [Full GC [PSYoungGen: 138240K->32867K(161280K)] [ParOldGen: 367740K->367740K(368128K)] 505980K->400608K(529408K) [PSPermGen: 13650K->13650K(21504K)], 0.0743490 secs] [Times: user=0.51 sys=0.00, real=0.08 secs] 
368.138: Total time for which application threads were stopped: 0.0750350 seconds, Stopping threads took: 0.0000770 seconds
368.163: Application time: 0.0247070 seconds
368.163: [Full GC [PSYoungGen: 138240K->32885K(161280K)] [ParOldGen: 367740K->367740K(368128K)] 505980K->400626K(529408K) [PSPermGen: 13650K->13650K(21504K)], 0.0732590 secs] [Times: user=0.51 sys=0.00, real=0.08 secs] 
368.236: Total time for which application threads were stopped: 0.0739380 seconds, Stopping threads took: 0.0000550 seconds
368.261: Application time: 0.0248220 seconds
368.262: [Full GC [PSYoungGen: 138240K->32901K(161280K)] [ParOldGen: 367740K->367740K(368128K)] 505980K->400642K(529408K) [PSPermGen: 13650K->13650K(21504K)], 0.0736890 secs] [Times: user=0.52 sys=0.00, real=0.08 secs] 
368.336: Total time for which application threads were stopped: 0.0744460 seconds, Stopping threads took: 0.0001100 seconds
368.361: Application time: 0.0251050 seconds
368.362: [Full GC [PSYoungGen: 138240K->32861K(161280K)] [ParOldGen: 367740K->367740K(368128K)] 505980K->400602K(529408K) [PSPermGen: 13650K->13650K(21504K)], 0.0729100 secs] [Times: user=0.52 sys=0.00, real=0.08 secs] 
368.435: Total time for which application threads were stopped: 0.0736500 seconds, Stopping threads took: 0.0000920 seconds
368.459: Application time: 0.0246760 seconds
368.460: [Full GC [PSYoungGen: 138240K->32861K(161280K)] [ParOldGen: 367740K->367740K(368128K)] 505980K->400602K(529408K) [PSPermGen: 13650K->13650K(21504K)], 0.0732740 secs] [Times: user=0.51 sys=0.00, real=0.07 secs] 
368.533: Total time for which application threads were stopped: 0.0739040 seconds, Stopping threads took: 0.0000620 seconds
368.558: Application time: 0.0249540 seconds
368.559: [Full GC [PSYoungGen: 138240K->32874K(161280K)] [ParOldGen: 367740K->367740K(368128K)] 505980K->400615K(529408K) [PSPermGen: 13650K->13650K(21504K)], 0.0732960 secs] [Times: user=0.52 sys=0.00, real=0.07 secs] 
368.632: Total time for which application threads were stopped: 0.0740010 seconds, Stopping threads took: 0.0000770 seconds
368.657: Application time: 0.0249190 seconds
368.658: [Full GC [PSYoungGen: 138240K->32890K(161280K)] [ParOldGen: 367740K->367740K(368128K)] 505980K->400631K(529408K) [PSPermGen: 13650K->13650K(21504K)], 0.0733050 secs] [Times: user=0.51 sys=0.00, real=0.07 secs] 
368.731: Total time for which application threads were stopped: 0.0740160 seconds, Stopping threads took: 0.0000720 seconds
368.756: Application time: 0.0249940 seconds
368.757: [Full GC [PSYoungGen: 138240K->32906K(161280K)] [ParOldGen: 367740K->367740K(368128K)] 505980K->400647K(529408K) [PSPermGen: 13650K->13650K(21504K)], 0.0796750 secs] [Times: user=0.56 sys=0.00, real=0.08 secs] 
368.836: Total time for which application threads were stopped: 0.0804110 seconds, Stopping threads took: 0.0001010 seconds
368.861: Application time: 0.0247480 seconds
368.862: [Full GC [PSYoungGen: 138240K->32921K(161280K)] [ParOldGen: 367740K->367740K(368128K)] 505980K->400662K(529408K) [PSPermGen: 13650K->13650K(21504K)], 0.0734920 secs] [Times: user=0.52 sys=0.00, real=0.08 secs] 
368.935: Total time for which application threads were stopped: 0.0741840 seconds, Stopping threads took: 0.0001070 seconds
368.960: Application time: 0.0249350 seconds
368.961: [Full GC [PSYoungGen: 138240K->32934K(161280K)] [ParOldGen: 367740K->367740K(368128K)] 505980K->400675K(529408K) [PSPermGen: 13650K->13650K(21504K)], 0.0737590 secs] [Times: user=0.51 sys=0.00, real=0.08 secs] 
369.035: Total time for which application threads were stopped: 0.0744040 seconds, Stopping threads took: 0.0000960 seconds
369.060: Application time: 0.0250000 seconds
369.060: [Full GC [PSYoungGen: 138240K->32949K(161280K)] [ParOldGen: 367740K->367740K(368128K)] 505980K->400690K(529408K) [PSPermGen: 13650K->13650K(21504K)], 0.0740990 secs] [Times: user=0.51 sys=0.00, real=0.08 secs] 
369.134: Total time for which application threads were stopped: 0.0747820 seconds, Stopping threads took: 0.0001090 seconds
369.159: Application time: 0.0245820 seconds
369.160: [Full GC [PSYoungGen: 138240K->32966K(161280K)] [ParOldGen: 367740K->367740K(368128K)] 505980K->400707K(529408K) [PSPermGen: 13650K->13650K(21504K)], 0.0737190 secs] [Times: user=0.52 sys=0.01, real=0.07 secs] 
369.234: Total time for which application threads were stopped: 0.0744340 seconds, Stopping threads took: 0.0001100 seconds
369.259: Application time: 0.0251200 seconds
369.259: [Full GC [PSYoungGen: 138240K->32980K(161280K)] [ParOldGen: 367740K->367740K(368128K)] 505980K->400721K(529408K) [PSPermGen: 13650K->13650K(21504K)], 0.0734310 secs] [Times: user=0.52 sys=0.01, real=0.07 secs] 
369.333: Total time for which application threads were stopped: 0.0741340 seconds, Stopping threads took: 0.0000740 seconds
369.358: Application time: 0.0248290 seconds
369.358: [Full GC [PSYoungGen: 138240K->32992K(161280K)] [ParOldGen: 367740K->367740K(368128K)] 505980K->400733K(529408K) [PSPermGen: 13650K->13650K(21504K)], 0.0727790 secs] [Times: user=0.51 sys=0.00, real=0.07 secs] 
369.431: Total time for which application threads were stopped: 0.0734950 seconds, Stopping threads took: 0.0000940 seconds
369.456: Application time: 0.0245960 seconds
369.456: [Full GC [PSYoungGen: 138240K->33009K(161280K)] [ParOldGen: 367740K->367740K(368128K)] 505980K->400750K(529408K) [PSPermGen: 13650K->13650K(21504K)], 0.0736220 secs] [Times: user=0.51 sys=0.00, real=0.07 secs] 
369.530: Total time for which application threads were stopped: 0.0743240 seconds, Stopping threads took: 0.0000710 seconds
369.555: Application time: 0.0248310 seconds
369.555: [Full GC [PSYoungGen: 138240K->33025K(161280K)] [ParOldGen: 367740K->367740K(368128K)] 505980K->400766K(529408K) [PSPermGen: 13650K->13650K(21504K)], 0.0743960 secs] [Times: user=0.52 sys=0.00, real=0.07 secs] 
369.630: Total time for which application threads were stopped: 0.0750270 seconds, Stopping threads took: 0.0000760 seconds
369.655: Application time: 0.0249910 seconds
369.655: [Full GC [PSYoungGen: 138240K->33036K(161280K)] [ParOldGen: 367740K->367740K(368128K)] 505980K->400777K(529408K) [PSPermGen: 13650K->13650K(21504K)], 0.0737380 secs] [Times: user=0.52 sys=0.00, real=0.07 secs] 
369.729: Total time for which application threads were stopped: 0.0743520 seconds, Stopping threads took: 0.0000610 seconds
369.754: Application time: 0.0252280 seconds
369.755: [Full GC [PSYoungGen: 138240K->32985K(161280K)] [ParOldGen: 367740K->367740K(368128K)] 505980K->400726K(529408K) [PSPermGen: 13650K->13650K(21504K)], 0.0735600 secs] [Times: user=0.51 sys=0.00, real=0.07 secs] 
369.829: Total time for which application threads were stopped: 0.0741920 seconds, Stopping threads took: 0.0000650 seconds
369.853: Application time: 0.0247960 seconds
369.854: [Full GC [PSYoungGen: 138240K->32999K(161280K)] [ParOldGen: 367740K->367740K(368128K)] 505980K->400740K(529408K) [PSPermGen: 13650K->13650K(21504K)], 0.0742510 secs] [Times: user=0.51 sys=0.01, real=0.07 secs] 
369.928: Total time for which application threads were stopped: 0.0749480 seconds, Stopping threads took: 0.0000550 seconds
369.953: Application time: 0.0246310 seconds
369.954: [Full GC [PSYoungGen: 138240K->33012K(161280K)] [ParOldGen: 367740K->367740K(368128K)] 505980K->400753K(529408K) [PSPermGen: 13650K->13650K(21504K)], 0.0728510 secs] [Times: user=0.51 sys=0.00, real=0.07 secs] 
370.027: Total time for which application threads were stopped: 0.0735470 seconds, Stopping threads took: 0.0000760 seconds
370.051: Application time: 0.0247430 seconds
370.052: [Full GC [PSYoungGen: 138240K->33029K(161280K)] [ParOldGen: 367740K->367740K(368128K)] 505980K->400770K(529408K) [PSPermGen: 13650K->13650K(21504K)], 0.0744020 secs] [Times: user=0.50 sys=0.00, real=0.08 secs] 
370.126: Total time for which application threads were stopped: 0.0750930 seconds, Stopping threads took: 0.0000410 seconds
370.151: Application time: 0.0245040 seconds
370.152: [Full GC [PSYoungGen: 138240K->33045K(161280K)] [ParOldGen: 367740K->367740K(368128K)] 505980K->400786K(529408K) [PSPermGen: 13650K->13650K(21504K)], 0.0747560 secs] [Times: user=0.53 sys=0.00, real=0.08 secs] 
370.226: Total time for which application threads were stopped: 0.0754550 seconds, Stopping threads took: 0.0000660 seconds
370.251: Application time: 0.0247880 seconds
370.252: [Full GC [PSYoungGen: 138240K->33060K(161280K)] [ParOldGen: 367740K->367740K(368128K)] 505980K->400801K(529408K) [PSPermGen: 13650K->13650K(21504K)], 0.0736680 secs] [Times: user=0.50 sys=0.01, real=0.08 secs] 
370.326: Total time for which application threads were stopped: 0.0744180 seconds, Stopping threads took: 0.0000850 seconds
370.350: Application time: 0.0247530 seconds
370.351: [Full GC [PSYoungGen: 138240K->33074K(161280K)] [ParOldGen: 367740K->367740K(368128K)] 505980K->400815K(529408K) [PSPermGen: 13650K->13650K(21504K)], 0.0730920 secs] [Times: user=0.51 sys=0.00, real=0.07 secs] 
370.424: Total time for which application threads were stopped: 0.0738140 seconds, Stopping threads took: 0.0000940 seconds
370.449: Application time: 0.0248890 seconds
370.450: [Full GC [PSYoungGen: 138240K->33090K(161280K)] [ParOldGen: 367740K->367740K(368128K)] 505980K->400831K(529408K) [PSPermGen: 13650K->13650K(21504K)], 0.0739940 secs] [Times: user=0.51 sys=0.00, real=0.07 secs] 
370.524: Total time for which application threads were stopped: 0.0746430 seconds, Stopping threads took: 0.0000820 seconds
370.548: Application time: 0.0245490 seconds
370.549: [Full GC [PSYoungGen: 138240K->33107K(161280K)] [ParOldGen: 367740K->367740K(368128K)] 505980K->400848K(529408K) [PSPermGen: 13650K->13650K(21504K)], 0.0733600 secs] [Times: user=0.51 sys=0.00, real=0.07 secs] 
370.622: Total time for which application threads were stopped: 0.0740380 seconds, Stopping threads took: 0.0000630 seconds
370.647: Application time: 0.0246660 seconds
370.648: [Full GC [PSYoungGen: 138240K->33122K(161280K)] [ParOldGen: 367740K->367740K(368128K)] 505980K->400863K(529408K) [PSPermGen: 13650K->13650K(21504K)], 0.0736050 secs] [Times: user=0.52 sys=0.00, real=0.07 secs] 
370.721: Total time for which application threads were stopped: 0.0742490 seconds, Stopping threads took: 0.0000480 seconds
370.748: Application time: 0.0264990 seconds
370.748: [Full GC [PSYoungGen: 138240K->33083K(161280K)] [ParOldGen: 367740K->367740K(368128K)] 505980K->400824K(529408K) [PSPermGen: 13650K->13650K(21504K)], 0.0740450 secs] [Times: user=0.52 sys=0.00, real=0.07 secs] 
370.822: Total time for which application threads were stopped: 0.0746780 seconds, Stopping threads took: 0.0000820 seconds
370.847: Application time: 0.0250520 seconds
370.848: [Full GC [PSYoungGen: 138240K->33081K(161280K)] [ParOldGen: 367740K->367740K(368128K)] 505980K->400822K(529408K) [PSPermGen: 13650K->13650K(21504K)], 0.0737560 secs] [Times: user=0.52 sys=0.00, real=0.07 secs] 
370.922: Total time for which application threads were stopped: 0.0743720 seconds, Stopping threads took: 0.0000530 seconds
370.947: Application time: 0.0247830 seconds
370.947: [Full GC [PSYoungGen: 138240K->33097K(161280K)] [ParOldGen: 367740K->367740K(368128K)] 505980K->400838K(529408K) [PSPermGen: 13650K->13650K(21504K)], 0.0738710 secs] [Times: user=0.52 sys=0.00, real=0.07 secs] 
371.021: Total time for which application threads were stopped: 0.0747210 seconds, Stopping threads took: 0.0000770 seconds
371.047: Application time: 0.0254700 seconds
371.047: [Full GC [PSYoungGen: 138240K->32937K(161280K)] [ParOldGen: 367740K->367740K(368128K)] 505980K->400678K(529408K) [PSPermGen: 13650K->13650K(21504K)], 0.0741000 secs] [Times: user=0.52 sys=0.01, real=0.07 secs] 
371.122: Total time for which application threads were stopped: 0.0747560 seconds, Stopping threads took: 0.0000910 seconds
371.147: Application time: 0.0256410 seconds
371.148: [Full GC [PSYoungGen: 138240K->32915K(161280K)] [ParOldGen: 367740K->367740K(368128K)] 505980K->400656K(529408K) [PSPermGen: 13650K->13650K(21504K)], 0.0731440 secs] [Times: user=0.51 sys=0.00, real=0.07 secs] 
371.221: Total time for which application threads were stopped: 0.0738580 seconds, Stopping threads took: 0.0000650 seconds
371.246: Application time: 0.0246730 seconds
371.246: [Full GC [PSYoungGen: 138240K->32930K(161280K)] [ParOldGen: 367740K->367740K(368128K)] 505980K->400671K(529408K) [PSPermGen: 13650K->13650K(21504K)], 0.0736930 secs] [Times: user=0.52 sys=0.00, real=0.07 secs] 
371.320: Total time for which application threads were stopped: 0.0743120 seconds, Stopping threads took: 0.0000630 seconds
371.345: Application time: 0.0248790 seconds
371.346: [Full GC [PSYoungGen: 138240K->32945K(161280K)] [ParOldGen: 367740K->367740K(368128K)] 505980K->400686K(529408K) [PSPermGen: 13650K->13650K(21504K)], 0.0734800 secs] [Times: user=0.52 sys=0.00, real=0.07 secs] 
371.419: Total time for which application threads were stopped: 0.0741940 seconds, Stopping threads took: 0.0000650 seconds
371.444: Application time: 0.0249510 seconds
371.445: [Full GC [PSYoungGen: 138240K->32906K(161280K)] [ParOldGen: 367740K->367740K(368128K)] 505980K->400647K(529408K) [PSPermGen: 13650K->13650K(21504K)], 0.0739120 secs] [Times: user=0.52 sys=0.00, real=0.08 secs] 
371.519: Total time for which application threads were stopped: 0.0746220 seconds, Stopping threads took: 0.0000980 seconds
371.544: Application time: 0.0249900 seconds
371.544: [Full GC [PSYoungGen: 138240K->32904K(161280K)] [ParOldGen: 367740K->367740K(368128K)] 505980K->400645K(529408K) [PSPermGen: 13650K->13650K(21504K)], 0.0744210 secs] [Times: user=0.53 sys=0.00, real=0.08 secs] 
371.619: Total time for which application threads were stopped: 0.0750440 seconds, Stopping threads took: 0.0000740 seconds
371.644: Application time: 0.0252330 seconds
371.645: [Full GC [PSYoungGen: 138240K->32864K(161280K)] [ParOldGen: 367740K->367740K(368128K)] 505980K->400605K(529408K) [PSPermGen: 13650K->13650K(21504K)], 0.0734430 secs] [Times: user=0.51 sys=0.00, real=0.08 secs] 
371.718: Total time for which application threads were stopped: 0.0740400 seconds, Stopping threads took: 0.0000480 seconds
371.743: Application time: 0.0249080 seconds
371.744: [Full GC [PSYoungGen: 138240K->32865K(161280K)] [ParOldGen: 367740K->367740K(368128K)] 505980K->400606K(529408K) [PSPermGen: 13650K->13650K(21504K)], 0.0751990 secs] [Times: user=0.53 sys=0.00, real=0.08 secs] 
371.819: Total time for which application threads were stopped: 0.0758560 seconds, Stopping threads took: 0.0000790 seconds
371.845: Application time: 0.0260650 seconds
371.846: [Full GC [PSYoungGen: 138240K->32876K(161280K)] [ParOldGen: 367740K->367740K(368128K)] 505980K->400617K(529408K) [PSPermGen: 13650K->13650K(21504K)], 0.0743750 secs] [Times: user=0.51 sys=0.01, real=0.08 secs] 
371.920: Total time for which application threads were stopped: 0.0750530 seconds, Stopping threads took: 0.0000870 seconds
371.945: Application time: 0.0248270 seconds
371.945: [Full GC [PSYoungGen: 138240K->32896K(161280K)] [ParOldGen: 367740K->367740K(368128K)] 505980K->400637K(529408K) [PSPermGen: 13650K->13650K(21504K)], 0.0737550 secs] [Times: user=0.52 sys=0.00, real=0.08 secs] 
372.019: Total time for which application threads were stopped: 0.0743900 seconds, Stopping threads took: 0.0000890 seconds
372.044: Application time: 0.0246700 seconds
372.044: [Full GC [PSYoungGen: 138240K->32908K(161280K)] [ParOldGen: 367740K->367740K(368128K)] 505980K->400649K(529408K) [PSPermGen: 13650K->13650K(21504K)], 0.0748260 secs] [Times: user=0.53 sys=0.00, real=0.08 secs] 
372.119: Total time for which application threads were stopped: 0.0754580 seconds, Stopping threads took: 0.0000700 seconds
372.145: Application time: 0.0255100 seconds
372.145: [Full GC [PSYoungGen: 138240K->32925K(161280K)] [ParOldGen: 367740K->367740K(368128K)] 505980K->400666K(529408K) [PSPermGen: 13650K->13650K(21504K)], 0.0740960 secs] [Times: user=0.52 sys=0.00, real=0.08 secs] 
372.220: Total time for which application threads were stopped: 0.0747860 seconds, Stopping threads took: 0.0000580 seconds
372.244: Application time: 0.0245280 seconds
372.245: [Full GC [PSYoungGen: 138240K->32941K(161280K)] [ParOldGen: 367740K->367740K(368128K)] 505980K->400682K(529408K) [PSPermGen: 13650K->13650K(21504K)], 0.0733020 secs] [Times: user=0.52 sys=0.00, real=0.08 secs] 
372.318: Total time for which application threads were stopped: 0.0740340 seconds, Stopping threads took: 0.0000870 seconds
372.343: Application time: 0.0248720 seconds
372.344: [Full GC [PSYoungGen: 138240K->32899K(161280K)] [ParOldGen: 367740K->367740K(368128K)] 505980K->400640K(529408K) [PSPermGen: 13650K->13650K(21504K)], 0.0728230 secs] [Times: user=0.52 sys=0.00, real=0.08 secs] 
372.417: Total time for which application threads were stopped: 0.0735320 seconds, Stopping threads took: 0.0000680 seconds
372.441: Application time: 0.0246150 seconds
372.442: [Full GC [PSYoungGen: 138240K->32899K(161280K)] [ParOldGen: 367740K->367740K(368128K)] 505980K->400640K(529408K) [PSPermGen: 13650K->13650K(21504K)], 0.0739780 secs] [Times: user=0.52 sys=0.00, real=0.08 secs] 
372.516: Total time for which application threads were stopped: 0.0746010 seconds, Stopping threads took: 0.0000600 seconds
372.540: Application time: 0.0244380 seconds
372.541: [Full GC [PSYoungGen: 138240K->32914K(161280K)] [ParOldGen: 367740K->367740K(368128K)] 505980K->400655K(529408K) [PSPermGen: 13650K->13650K(21504K)], 0.0735800 secs] [Times: user=0.51 sys=0.00, real=0.08 secs] 
372.614: Total time for which application threads were stopped: 0.0742010 seconds, Stopping threads took: 0.0000630 seconds
372.639: Application time: 0.0245840 seconds
372.640: [Full GC [PSYoungGen: 138240K->32929K(161280K)] [ParOldGen: 367740K->367740K(368128K)] 505980K->400670K(529408K) [PSPermGen: 13650K->13650K(21504K)], 0.0728170 secs] [Times: user=0.51 sys=0.00, real=0.07 secs] 
372.713: Total time for which application threads were stopped: 0.0735060 seconds, Stopping threads took: 0.0000580 seconds
372.737: Application time: 0.0249370 seconds
372.738: [Full GC [PSYoungGen: 138240K->32945K(161280K)] [ParOldGen: 367740K->367740K(368128K)] 505980K->400686K(529408K) [PSPermGen: 13650K->13650K(21504K)], 0.0731740 secs] [Times: user=0.51 sys=0.01, real=0.07 secs] 
372.811: Total time for which application threads were stopped: 0.0738460 seconds, Stopping threads took: 0.0000610 seconds
372.836: Application time: 0.0251050 seconds
372.837: [Full GC [PSYoungGen: 138240K->32961K(161280K)] [ParOldGen: 367740K->367740K(368128K)] 505980K->400702K(529408K) [PSPermGen: 13650K->13650K(21504K)], 0.0729790 secs] [Times: user=0.51 sys=0.00, real=0.07 secs] 
372.910: Total time for which application threads were stopped: 0.0736940 seconds, Stopping threads took: 0.0000520 seconds
372.935: Application time: 0.0245480 seconds
372.935: [Full GC [PSYoungGen: 138240K->32976K(161280K)] [ParOldGen: 367740K->367740K(368128K)] 505980K->400717K(529408K) [PSPermGen: 13650K->13650K(21504K)], 0.0727300 secs] [Times: user=0.51 sys=0.00, real=0.07 secs] 
373.008: Total time for which application threads were stopped: 0.0734140 seconds, Stopping threads took: 0.0000600 seconds
373.032: Application time: 0.0243730 seconds
373.033: [Full GC [PSYoungGen: 138240K->32990K(161280K)] [ParOldGen: 367740K->367740K(368128K)] 505980K->400731K(529408K) [PSPermGen: 13650K->13650K(21504K)], 0.0738260 secs] [Times: user=0.51 sys=0.00, real=0.08 secs] 
373.107: Total time for which application threads were stopped: 0.0744970 seconds, Stopping threads took: 0.0000700 seconds
373.132: Application time: 0.0252840 seconds
373.133: [Full GC [PSYoungGen: 138240K->33005K(161280K)] [ParOldGen: 367740K->367740K(368128K)] 505980K->400746K(529408K) [PSPermGen: 13650K->13650K(21504K)], 0.0730600 secs] [Times: user=0.51 sys=0.00, real=0.08 secs] 
373.206: Total time for which application threads were stopped: 0.0737270 seconds, Stopping threads took: 0.0000540 seconds
373.231: Application time: 0.0246290 seconds
373.231: [Full GC [PSYoungGen: 138240K->33020K(161280K)] [ParOldGen: 367740K->367740K(368128K)] 505980K->400761K(529408K) [PSPermGen: 13650K->13650K(21504K)], 0.0731190 secs] [Times: user=0.51 sys=0.00, real=0.07 secs] 
373.304: Total time for which application threads were stopped: 0.0737920 seconds, Stopping threads took: 0.0000540 seconds
373.329: Application time: 0.0245770 seconds
373.330: [Full GC [PSYoungGen: 138240K->33036K(161280K)] [ParOldGen: 367740K->367740K(368128K)] 505980K->400777K(529408K) [PSPermGen: 13650K->13650K(21504K)], 0.0743570 secs] [Times: user=0.51 sys=0.00, real=0.07 secs] 
373.404: Total time for which application threads were stopped: 0.0750680 seconds, Stopping threads took: 0.0000650 seconds
373.429: Application time: 0.0246170 seconds
373.429: [Full GC [PSYoungGen: 138240K->32995K(161280K)] [ParOldGen: 367740K->367740K(368128K)] 505980K->400736K(529408K) [PSPermGen: 13650K->13650K(21504K)], 0.0737470 secs] [Times: user=0.52 sys=0.00, real=0.07 secs] 
373.503: Total time for which application threads were stopped: 0.0744060 seconds, Stopping threads took: 0.0000750 seconds
373.527: Application time: 0.0243830 seconds
373.528: [Full GC [PSYoungGen: 138240K->32995K(161280K)] [ParOldGen: 367740K->367740K(368128K)] 505980K->400736K(529408K) [PSPermGen: 13650K->13650K(21504K)], 0.0732940 secs] [Times: user=0.52 sys=0.00, real=0.07 secs] 
373.602: Total time for which application threads were stopped: 0.0740140 seconds, Stopping threads took: 0.0000810 seconds
373.626: Application time: 0.0244530 seconds
373.627: [Full GC [PSYoungGen: 138240K->33009K(161280K)] [ParOldGen: 367740K->367740K(368128K)] 505980K->400750K(529408K) [PSPermGen: 13650K->13650K(21504K)], 0.0732320 secs] [Times: user=0.51 sys=0.00, real=0.07 secs] 
373.700: Total time for which application threads were stopped: 0.0739220 seconds, Stopping threads took: 0.0000510 seconds
373.724: Application time: 0.0242630 seconds
373.725: [Full GC [PSYoungGen: 138240K->33025K(161280K)] [ParOldGen: 367740K->367740K(368128K)] 505980K->400766K(529408K) [PSPermGen: 13650K->13650K(21504K)], 0.0739970 secs] [Times: user=0.52 sys=0.00, real=0.08 secs] 
373.799: Total time for which application threads were stopped: 0.0746160 seconds, Stopping threads took: 0.0000550 seconds
373.823: Application time: 0.0244290 seconds
373.824: [Full GC [PSYoungGen: 138240K->33039K(161280K)] [ParOldGen: 367740K->367740K(368128K)] 505980K->400780K(529408K) [PSPermGen: 13650K->13650K(21504K)], 0.0753020 secs] [Times: user=0.53 sys=0.00, real=0.08 secs] 
373.899: Total time for which application threads were stopped: 0.0759220 seconds, Stopping threads took: 0.0000550 seconds
373.923: Application time: 0.0243460 seconds
373.924: [Full GC [PSYoungGen: 138240K->33055K(161280K)] [ParOldGen: 367740K->367740K(368128K)] 505980K->400796K(529408K) [PSPermGen: 13650K->13650K(21504K)], 0.0732510 secs] [Times: user=0.51 sys=0.00, real=0.08 secs] 
373.997: Total time for which application threads were stopped: 0.0739410 seconds, Stopping threads took: 0.0000690 seconds
374.022: Application time: 0.0242720 seconds
374.022: [Full GC [PSYoungGen: 138240K->33071K(161280K)] [ParOldGen: 367740K->367740K(368128K)] 505980K->400812K(529408K) [PSPermGen: 13650K->13650K(21504K)], 0.0736060 secs] [Times: user=0.52 sys=0.00, real=0.08 secs] 
374.096: Total time for which application threads were stopped: 0.0743140 seconds, Stopping threads took: 0.0000510 seconds
374.120: Application time: 0.0242930 seconds
374.121: [Full GC [PSYoungGen: 138240K->33085K(161280K)] [ParOldGen: 367740K->367740K(368128K)] 505980K->400826K(529408K) [PSPermGen: 13650K->13650K(21504K)], 0.0745700 secs] [Times: user=0.52 sys=0.00, real=0.08 secs] 
374.196: Total time for which application threads were stopped: 0.0751970 seconds, Stopping threads took: 0.0000690 seconds
374.220: Application time: 0.0243840 seconds
374.220: [Full GC [PSYoungGen: 138240K->33104K(161280K)] [ParOldGen: 367740K->367740K(368128K)] 505980K->400845K(529408K) [PSPermGen: 13650K->13650K(21504K)], 0.0737600 secs] [Times: user=0.52 sys=0.00, real=0.08 secs] 
374.294: Total time for which application threads were stopped: 0.0743810 seconds, Stopping threads took: 0.0000640 seconds
374.319: Application time: 0.0244030 seconds
374.319: [Full GC [PSYoungGen: 138240K->33117K(161280K)] [ParOldGen: 367740K->367740K(368128K)] 505980K->400858K(529408K) [PSPermGen: 13650K->13650K(21504K)], 0.0733610 secs] [Times: user=0.52 sys=0.00, real=0.07 secs] 
374.393: Total time for which application threads were stopped: 0.0739840 seconds, Stopping threads took: 0.0000560 seconds
374.418: Application time: 0.0256640 seconds
374.419: [Full GC [PSYoungGen: 138240K->33075K(161280K)] [ParOldGen: 367740K->367740K(368128K)] 505980K->400816K(529408K) [PSPermGen: 13650K->13650K(21504K)], 0.0735920 secs] [Times: user=0.52 sys=0.00, real=0.07 secs] 
374.493: Total time for which application threads were stopped: 0.0742860 seconds, Stopping threads took: 0.0000650 seconds
374.517: Application time: 0.0245430 seconds
374.518: [Full GC [PSYoungGen: 138240K->33076K(161280K)] [ParOldGen: 367740K->367740K(368128K)] 505980K->400817K(529408K) [PSPermGen: 13650K->13650K(21504K)], 0.0733380 secs] [Times: user=0.52 sys=0.00, real=0.07 secs] 
374.591: Total time for which application threads were stopped: 0.0740350 seconds, Stopping threads took: 0.0000620 seconds
374.616: Application time: 0.0251940 seconds
374.617: [Full GC [PSYoungGen: 138240K->32900K(161280K)] [ParOldGen: 367740K->367740K(368128K)] 505980K->400641K(529408K) [PSPermGen: 13650K->13650K(21504K)], 0.0728060 secs] [Times: user=0.51 sys=0.00, real=0.07 secs] 
374.690: Total time for which application threads were stopped: 0.0735000 seconds, Stopping threads took: 0.0000600 seconds
374.714: Application time: 0.0243130 seconds
374.715: [Full GC [PSYoungGen: 138240K->32894K(161280K)] [ParOldGen: 367740K->367740K(368128K)] 505980K->400635K(529408K) [PSPermGen: 13650K->13650K(21504K)], 0.0733410 secs] [Times: user=0.52 sys=0.00, real=0.07 secs] 
374.788: Total time for which application threads were stopped: 0.0739910 seconds, Stopping threads took: 0.0000390 seconds
374.813: Application time: 0.0245060 seconds
374.813: [Full GC [PSYoungGen: 138240K->32910K(161280K)] [ParOldGen: 367740K->367740K(368128K)] 505980K->400651K(529408K) [PSPermGen: 13650K->13650K(21504K)], 0.0792890 secs] [Times: user=0.56 sys=0.00, real=0.08 secs] 
374.893: Total time for which application threads were stopped: 0.0799700 seconds, Stopping threads took: 0.0000580 seconds
374.917: Application time: 0.0245140 seconds
374.918: [Full GC [PSYoungGen: 138240K->32926K(161280K)] [ParOldGen: 367740K->367740K(368128K)] 505980K->400667K(529408K) [PSPermGen: 13650K->13650K(21504K)], 0.0737930 secs] [Times: user=0.52 sys=0.00, real=0.07 secs] 
374.992: Total time for which application threads were stopped: 0.0744000 seconds, Stopping threads took: 0.0000490 seconds
375.016: Application time: 0.0242900 seconds
375.017: [Full GC [PSYoungGen: 138240K->32939K(161280K)] [ParOldGen: 367740K->367740K(368128K)] 505980K->400680K(529408K) [PSPermGen: 13650K->13650K(21504K)], 0.0734560 secs] [Times: user=0.52 sys=0.00, real=0.07 secs] 
375.090: Total time for which application threads were stopped: 0.0741350 seconds, Stopping threads took: 0.0000540 seconds
375.115: Application time: 0.0246000 seconds
375.115: [Full GC [PSYoungGen: 138240K->32955K(161280K)] [ParOldGen: 367740K->367740K(368128K)] 505980K->400696K(529408K) [PSPermGen: 13650K->13650K(21504K)], 0.0739100 secs] [Times: user=0.51 sys=0.00, real=0.07 secs] 
375.189: Total time for which application threads were stopped: 0.0745280 seconds, Stopping threads took: 0.0000560 seconds
375.214: Application time: 0.0245940 seconds
375.214: [Full GC [PSYoungGen: 138240K->32969K(161280K)] [ParOldGen: 367740K->367740K(368128K)] 505980K->400710K(529408K) [PSPermGen: 13650K->13650K(21504K)], 0.0736500 secs] [Times: user=0.51 sys=0.01, real=0.07 secs] 
375.288: Total time for which application threads were stopped: 0.0743200 seconds, Stopping threads took: 0.0000790 seconds
375.313: Application time: 0.0250200 seconds
375.314: [Full GC [PSYoungGen: 138240K->32925K(161280K)] [ParOldGen: 367740K->367740K(368128K)] 505980K->400666K(529408K) [PSPermGen: 13650K->13650K(21504K)], 0.0737340 secs] [Times: user=0.52 sys=0.00, real=0.07 secs] 
375.388: Total time for which application threads were stopped: 0.0743690 seconds, Stopping threads took: 0.0000570 seconds
375.412: Application time: 0.0247460 seconds
375.413: [Full GC [PSYoungGen: 138240K->32857K(161280K)] [ParOldGen: 367740K->367740K(368128K)] 505980K->400598K(529408K) [PSPermGen: 13650K->13650K(21504K)], 0.0730640 secs] [Times: user=0.52 sys=0.00, real=0.08 secs] 
375.486: Total time for which application threads were stopped: 0.0737920 seconds, Stopping threads took: 0.0001020 seconds
375.511: Application time: 0.0244790 seconds
375.511: [Full GC [PSYoungGen: 138240K->32874K(161280K)] [ParOldGen: 367740K->367740K(368128K)] 505980K->400615K(529408K) [PSPermGen: 13650K->13650K(21504K)], 0.0735440 secs] [Times: user=0.52 sys=0.00, real=0.07 secs] 
375.585: Total time for which application threads were stopped: 0.0741470 seconds, Stopping threads took: 0.0000470 seconds
375.609: Application time: 0.0247130 seconds
375.610: [Full GC [PSYoungGen: 138240K->32890K(161280K)] [ParOldGen: 367740K->367740K(368128K)] 505980K->400631K(529408K) [PSPermGen: 13650K->13650K(21504K)], 0.0736150 secs] [Times: user=0.52 sys=0.00, real=0.07 secs] 
375.684: Total time for which application threads were stopped: 0.0743530 seconds, Stopping threads took: 0.0000970 seconds
375.708: Application time: 0.0245950 seconds
375.709: [Full GC [PSYoungGen: 138240K->32906K(161280K)] [ParOldGen: 367740K->367740K(368128K)] 505980K->400647K(529408K) [PSPermGen: 13650K->13650K(21504K)], 0.0735950 secs] [Times: user=0.51 sys=0.00, real=0.07 secs] 
375.783: Total time for which application threads were stopped: 0.0742110 seconds, Stopping threads took: 0.0000640 seconds
375.807: Application time: 0.0246210 seconds
375.808: [Full GC [PSYoungGen: 138240K->32922K(161280K)] [ParOldGen: 367740K->367740K(368128K)] 505980K->400663K(529408K) [PSPermGen: 13650K->13650K(21504K)], 0.0734530 secs] [Times: user=0.52 sys=0.00, real=0.07 secs] 
375.881: Total time for which application threads were stopped: 0.0741590 seconds, Stopping threads took: 0.0000570 seconds
375.906: Application time: 0.0247950 seconds
375.907: [Full GC [PSYoungGen: 138240K->32935K(161280K)] [ParOldGen: 367740K->367740K(368128K)] 505980K->400676K(529408K) [PSPermGen: 13650K->13650K(21504K)], 0.0735010 secs] [Times: user=0.51 sys=0.00, real=0.07 secs] 
375.980: Total time for which application threads were stopped: 0.0741800 seconds, Stopping threads took: 0.0000380 seconds
376.005: Application time: 0.0246280 seconds
376.006: [Full GC [PSYoungGen: 138240K->32949K(161280K)] [ParOldGen: 367740K->367740K(368128K)] 505980K->400690K(529408K) [PSPermGen: 13650K->13650K(21504K)], 0.0735350 secs] [Times: user=0.52 sys=0.00, real=0.07 secs] 
376.079: Total time for which application threads were stopped: 0.0742730 seconds, Stopping threads took: 0.0000640 seconds
376.104: Application time: 0.0247000 seconds
376.105: [Full GC [PSYoungGen: 138240K->32964K(161280K)] [ParOldGen: 367740K->367740K(368128K)] 505980K->400705K(529408K) [PSPermGen: 13650K->13650K(21504K)], 0.0753640 secs] [Times: user=0.53 sys=0.00, real=0.08 secs] 
376.180: Total time for which application threads were stopped: 0.0760460 seconds, Stopping threads took: 0.0000480 seconds
376.206: Application time: 0.0260680 seconds
376.207: [Full GC [PSYoungGen: 138240K->32976K(161280K)] [ParOldGen: 367740K->367740K(368128K)] 505980K->400717K(529408K) [PSPermGen: 13650K->13650K(21504K)], 0.0737180 secs] [Times: user=0.52 sys=0.00, real=0.07 secs] 
376.281: Total time for which application threads were stopped: 0.0744940 seconds, Stopping threads took: 0.0001190 seconds
376.306: Application time: 0.0250070 seconds
376.306: [Full GC [PSYoungGen: 138240K->32922K(161280K)] [ParOldGen: 367740K->367740K(368128K)] 505980K->400663K(529408K) [PSPermGen: 13650K->13650K(21504K)], 0.0738220 secs] [Times: user=0.50 sys=0.00, real=0.07 secs] 
376.380: Total time for which application threads were stopped: 0.0745340 seconds, Stopping threads took: 0.0000780 seconds
376.405: Application time: 0.0251090 seconds
376.406: [Full GC [PSYoungGen: 138240K->32937K(161280K)] [ParOldGen: 367740K->367740K(368128K)] 505980K->400678K(529408K) [PSPermGen: 13650K->13650K(21504K)], 0.0738540 secs] [Times: user=0.52 sys=0.00, real=0.07 secs] 
376.480: Total time for which application threads were stopped: 0.0745300 seconds, Stopping threads took: 0.0000760 seconds
376.505: Application time: 0.0247920 seconds
376.505: [Full GC [PSYoungGen: 138240K->32953K(161280K)] [ParOldGen: 367740K->367740K(368128K)] 505980K->400694K(529408K) [PSPermGen: 13650K->13650K(21504K)], 0.0726170 secs] [Times: user=0.51 sys=0.00, real=0.08 secs] 
376.578: Total time for which application threads were stopped: 0.0732810 seconds, Stopping threads took: 0.0000560 seconds
376.602: Application time: 0.0246590 seconds
376.603: [Full GC [PSYoungGen: 138240K->32970K(161280K)] [ParOldGen: 367740K->367740K(368128K)] 505980K->400710K(529408K) [PSPermGen: 13650K->13650K(21504K)], 0.0727930 secs] [Times: user=0.52 sys=0.00, real=0.08 secs] 
376.676: Total time for which application threads were stopped: 0.0734740 seconds, Stopping threads took: 0.0000570 seconds
376.701: Application time: 0.0248750 seconds
376.702: [Full GC [PSYoungGen: 138240K->32987K(161280K)] [ParOldGen: 367740K->367740K(368128K)] 505980K->400728K(529408K) [PSPermGen: 13650K->13650K(21504K)], 0.0742530 secs] [Times: user=0.52 sys=0.00, real=0.08 secs] 
376.776: Total time for which application threads were stopped: 0.0749830 seconds, Stopping threads took: 0.0000910 seconds
376.801: Application time: 0.0249400 seconds
376.801: [Full GC [PSYoungGen: 138240K->33000K(161280K)] [ParOldGen: 367740K->367740K(368128K)] 505980K->400741K(529408K) [PSPermGen: 13650K->13650K(21504K)], 0.0730970 secs] [Times: user=0.52 sys=0.00, real=0.08 secs] 
376.875: Total time for which application threads were stopped: 0.0737820 seconds, Stopping threads took: 0.0000500 seconds
376.899: Application time: 0.0246280 seconds
376.900: [Full GC [PSYoungGen: 138240K->33015K(161280K)] [ParOldGen: 367740K->367740K(368128K)] 505980K->400756K(529408K) [PSPermGen: 13650K->13650K(21504K)], 0.0738960 secs] [Times: user=0.51 sys=0.00, real=0.08 secs] 
376.974: Total time for which application threads were stopped: 0.0745570 seconds, Stopping threads took: 0.0000410 seconds
376.998: Application time: 0.0244600 seconds
376.999: [Full GC [PSYoungGen: 138240K->33030K(161280K)] [ParOldGen: 367740K->367740K(368128K)] 505980K->400771K(529408K) [PSPermGen: 13650K->13650K(21504K)], 0.1004520 secs] [Times: user=0.67 sys=0.00, real=0.10 secs] 
377.099: Total time for which application threads were stopped: 0.1011210 seconds, Stopping threads took: 0.0000640 seconds
377.125: Application time: 0.0252100 seconds
377.125: [Full GC [PSYoungGen: 138240K->33041K(161280K)] [ParOldGen: 367740K->367740K(368128K)] 505980K->400782K(529408K) [PSPermGen: 13650K->13650K(21504K)], 0.0735830 secs] [Times: user=0.51 sys=0.01, real=0.08 secs] 
377.199: Total time for which application threads were stopped: 0.0743240 seconds, Stopping threads took: 0.0000400 seconds
377.223: Application time: 0.0246070 seconds
377.224: [Full GC [PSYoungGen: 138240K->32989K(161280K)] [ParOldGen: 367740K->367740K(368128K)] 505980K->400730K(529408K) [PSPermGen: 13650K->13650K(21504K)], 0.0737670 secs] [Times: user=0.52 sys=0.00, real=0.08 secs] 
377.298: Total time for which application threads were stopped: 0.0744790 seconds, Stopping threads took: 0.0000840 seconds
377.322: Application time: 0.0243910 seconds
377.323: [Full GC [PSYoungGen: 138240K->33004K(161280K)] [ParOldGen: 367740K->367740K(368128K)] 505980K->400745K(529408K) [PSPermGen: 13650K->13650K(21504K)], 0.0738860 secs] [Times: user=0.51 sys=0.00, real=0.08 secs] 
377.397: Total time for which application threads were stopped: 0.0745880 seconds, Stopping threads took: 0.0000680 seconds
377.422: Application time: 0.0247300 seconds
377.422: [Full GC [PSYoungGen: 138240K->33021K(161280K)] [ParOldGen: 367740K->367740K(368128K)] 505980K->400762K(529408K) [PSPermGen: 13650K->13650K(21504K)], 0.0735510 secs] [Times: user=0.52 sys=0.00, real=0.08 secs] 
377.496: Total time for which application threads were stopped: 0.0742430 seconds, Stopping threads took: 0.0000640 seconds
377.520: Application time: 0.0245420 seconds
377.521: [Full GC [PSYoungGen: 138240K->33035K(161280K)] [ParOldGen: 367740K->367740K(368128K)] 505980K->400776K(529408K) [PSPermGen: 13650K->13650K(21504K)], 0.0735200 secs] [Times: user=0.52 sys=0.00, real=0.08 secs] 
377.595: Total time for which application threads were stopped: 0.0742590 seconds, Stopping threads took: 0.0000730 seconds
377.619: Application time: 0.0246480 seconds
377.620: [Full GC [PSYoungGen: 138240K->33049K(161280K)] [ParOldGen: 367740K->367740K(368128K)] 505980K->400790K(529408K) [PSPermGen: 13650K->13650K(21504K)], 0.0731700 secs] [Times: user=0.52 sys=0.00, real=0.07 secs] 
377.693: Total time for which application threads were stopped: 0.0738650 seconds, Stopping threads took: 0.0000440 seconds
377.718: Application time: 0.0245140 seconds
377.718: [Full GC [PSYoungGen: 138240K->33067K(161280K)] [ParOldGen: 367740K->367740K(368128K)] 505980K->400808K(529408K) [PSPermGen: 13650K->13650K(21504K)], 0.0732390 secs] [Times: user=0.51 sys=0.00, real=0.07 secs] 
377.792: Total time for which application threads were stopped: 0.0738970 seconds, Stopping threads took: 0.0000460 seconds
377.816: Application time: 0.0248410 seconds
377.817: [Full GC [PSYoungGen: 138240K->33081K(161280K)] [ParOldGen: 367740K->367740K(368128K)] 505980K->400822K(529408K) [PSPermGen: 13650K->13650K(21504K)], 0.0783310 secs] [Times: user=0.54 sys=0.00, real=0.08 secs] 
377.895: Total time for which application threads were stopped: 0.0789310 seconds, Stopping threads took: 0.0000490 seconds
377.920: Application time: 0.0244560 seconds
377.921: [Full GC [PSYoungGen: 138240K->33098K(161280K)] [ParOldGen: 367740K->367740K(368128K)] 505980K->400839K(529408K) [PSPermGen: 13650K->13650K(21504K)], 0.0739990 secs] [Times: user=0.52 sys=0.00, real=0.08 secs] 
377.995: Total time for which application threads were stopped: 0.0746800 seconds, Stopping threads took: 0.0000670 seconds
378.020: Application time: 0.0255520 seconds
378.021: [Full GC [PSYoungGen: 138240K->33056K(161280K)] [ParOldGen: 367740K->367740K(368128K)] 505980K->400797K(529408K) [PSPermGen: 13650K->13650K(21504K)], 0.0735110 secs] [Times: user=0.52 sys=0.00, real=0.08 secs] 
378.094: Total time for which application threads were stopped: 0.0742140 seconds, Stopping threads took: 0.0000660 seconds
378.119: Application time: 0.0248510 seconds
378.120: [Full GC [PSYoungGen: 138240K->33055K(161280K)] [ParOldGen: 367740K->367740K(368128K)] 505980K->400796K(529408K) [PSPermGen: 13650K->13650K(21504K)], 0.0734470 secs] [Times: user=0.52 sys=0.00, real=0.07 secs] 
378.193: Total time for which application threads were stopped: 0.0741540 seconds, Stopping threads took: 0.0000510 seconds
378.219: Application time: 0.0253750 seconds
378.219: [Full GC [PSYoungGen: 138240K->33007K(161280K)] [ParOldGen: 367740K->367740K(368128K)] 505980K->400748K(529408K) [PSPermGen: 13650K->13650K(21504K)], 0.0730770 secs] [Times: user=0.52 sys=0.00, real=0.07 secs] 
378.292: Total time for which application threads were stopped: 0.0737050 seconds, Stopping threads took: 0.0000630 seconds
378.318: Application time: 0.0254190 seconds
378.319: [Full GC [PSYoungGen: 138240K->32906K(161280K)] [ParOldGen: 367740K->367740K(368128K)] 505980K->400647K(529408K) [PSPermGen: 13650K->13650K(21504K)], 0.0729510 secs] [Times: user=0.51 sys=0.00, real=0.07 secs] 
378.392: Total time for which application threads were stopped: 0.0736670 seconds, Stopping threads took: 0.0000870 seconds
378.416: Application time: 0.0247670 seconds
378.418: [Full GC [PSYoungGen: 138240K->32890K(161280K)] [ParOldGen: 367740K->367740K(368128K)] 505980K->400631K(529408K) [PSPermGen: 13650K->13650K(21504K)], 0.0737220 secs] [Times: user=0.52 sys=0.00, real=0.07 secs] 
378.492: Total time for which application threads were stopped: 0.0756070 seconds, Stopping threads took: 0.0012670 seconds
378.516: Application time: 0.0245410 seconds
378.517: [Full GC [PSYoungGen: 138240K->32903K(161280K)] [ParOldGen: 367740K->367740K(368128K)] 505980K->400644K(529408K) [PSPermGen: 13650K->13650K(21504K)], 0.0740380 secs] [Times: user=0.52 sys=0.00, real=0.07 secs] 
378.591: Total time for which application threads were stopped: 0.0746860 seconds, Stopping threads took: 0.0000740 seconds
378.616: Application time: 0.0243940 seconds
378.616: [Full GC [PSYoungGen: 138240K->32921K(161280K)] [ParOldGen: 367740K->367740K(368128K)] 505980K->400661K(529408K) [PSPermGen: 13650K->13650K(21504K)], 0.0728260 secs] [Times: user=0.52 sys=0.00, real=0.07 secs] 
378.689: Total time for which application threads were stopped: 0.0734950 seconds, Stopping threads took: 0.0000510 seconds
378.713: Application time: 0.0243890 seconds
378.714: [Full GC [PSYoungGen: 138240K->32935K(161280K)] [ParOldGen: 367740K->367740K(368128K)] 505980K->400676K(529408K) [PSPermGen: 13650K->13650K(21504K)], 0.0732930 secs] [Times: user=0.52 sys=0.00, real=0.07 secs] 
378.787: Total time for which application threads were stopped: 0.0739460 seconds, Stopping threads took: 0.0000570 seconds
378.812: Application time: 0.0245180 seconds
378.813: [Full GC [PSYoungGen: 138240K->32951K(161280K)] [ParOldGen: 367740K->367740K(368128K)] 505980K->400691K(529408K) [PSPermGen: 13650K->13650K(21504K)], 0.0728170 secs] [Times: user=0.51 sys=0.00, real=0.07 secs] 
378.885: Total time for which application threads were stopped: 0.0735160 seconds, Stopping threads took: 0.0000700 seconds
378.910: Application time: 0.0245080 seconds
378.911: [Full GC [PSYoungGen: 138240K->32965K(161280K)] [ParOldGen: 367740K->367740K(368128K)] 505980K->400706K(529408K) [PSPermGen: 13650K->13650K(21504K)], 0.0734060 secs] [Times: user=0.51 sys=0.01, real=0.07 secs] 
378.984: Total time for which application threads were stopped: 0.0741140 seconds, Stopping threads took: 0.0000690 seconds
379.008: Application time: 0.0244320 seconds
379.009: [Full GC [PSYoungGen: 138240K->32980K(161280K)] [ParOldGen: 367740K->367740K(368128K)] 505980K->400721K(529408K) [PSPermGen: 13650K->13650K(21504K)], 0.0736100 secs] [Times: user=0.51 sys=0.00, real=0.07 secs] 
379.083: Total time for which application threads were stopped: 0.0742850 seconds, Stopping threads took: 0.0000570 seconds
379.108: Application time: 0.0248400 seconds
379.108: [Full GC [PSYoungGen: 138240K->32942K(161280K)] [ParOldGen: 367740K->367740K(368128K)] 505980K->400683K(529408K) [PSPermGen: 13650K->13650K(21504K)], 0.0753400 secs] [Times: user=0.52 sys=0.00, real=0.07 secs] 
379.184: Total time for which application threads were stopped: 0.0759530 seconds, Stopping threads took: 0.0000670 seconds
379.208: Application time: 0.0244810 seconds
379.209: [Full GC [PSYoungGen: 138240K->32940K(161280K)] [ParOldGen: 367740K->367740K(368128K)] 505980K->400681K(529408K) [PSPermGen: 13650K->13650K(21504K)], 0.0733650 secs] [Times: user=0.51 sys=0.00, real=0.07 secs] 
379.282: Total time for which application threads were stopped: 0.0739780 seconds, Stopping threads took: 0.0000600 seconds
379.307: Application time: 0.0250220 seconds
379.308: [Full GC [PSYoungGen: 138240K->32900K(161280K)] [ParOldGen: 367740K->367740K(368128K)] 505980K->400641K(529408K) [PSPermGen: 13650K->13650K(21504K)], 0.0734060 secs] [Times: user=0.51 sys=0.00, real=0.07 secs] 
379.381: Total time for which application threads were stopped: 0.0740300 seconds, Stopping threads took: 0.0000560 seconds
379.407: Application time: 0.0255430 seconds
379.407: [Full GC [PSYoungGen: 138240K->32901K(161280K)] [ParOldGen: 367740K->367740K(368128K)] 505980K->400642K(529408K) [PSPermGen: 13650K->13650K(21504K)], 0.0743450 secs] [Times: user=0.53 sys=0.00, real=0.07 secs] 
379.482: Total time for which application threads were stopped: 0.0750580 seconds, Stopping threads took: 0.0000580 seconds
379.506: Application time: 0.0245870 seconds
379.507: [Full GC [PSYoungGen: 138240K->32912K(161280K)] [ParOldGen: 367740K->367740K(368128K)] 505980K->400653K(529408K) [PSPermGen: 13650K->13650K(21504K)], 0.0739380 secs] [Times: user=0.52 sys=0.00, real=0.07 secs] 
379.581: Total time for which application threads were stopped: 0.0745330 seconds, Stopping threads took: 0.0000440 seconds
379.605: Application time: 0.0245850 seconds
379.606: [Full GC [PSYoungGen: 138240K->32928K(161280K)] [ParOldGen: 367740K->367740K(368128K)] 505980K->400669K(529408K) [PSPermGen: 13650K->13650K(21504K)], 0.0732540 secs] [Times: user=0.52 sys=0.00, real=0.07 secs] 
379.679: Total time for which application threads were stopped: 0.0739480 seconds, Stopping threads took: 0.0000560 seconds
379.704: Application time: 0.0245220 seconds
379.704: [Full GC [PSYoungGen: 138240K->32944K(161280K)] [ParOldGen: 367740K->367740K(368128K)] 505980K->400685K(529408K) [PSPermGen: 13650K->13650K(21504K)], 0.0734460 secs] [Times: user=0.51 sys=0.00, real=0.08 secs] 
379.778: Total time for which application threads were stopped: 0.0740890 seconds, Stopping threads took: 0.0000780 seconds
379.803: Application time: 0.0246420 seconds
379.803: [Full GC [PSYoungGen: 138240K->32959K(161280K)] [ParOldGen: 367740K->367740K(368128K)] 505980K->400700K(529408K) [PSPermGen: 13650K->13650K(21504K)], 0.0730250 secs] [Times: user=0.51 sys=0.00, real=0.08 secs] 
379.876: Total time for which application threads were stopped: 0.0736970 seconds, Stopping threads took: 0.0000520 seconds
379.901: Application time: 0.0246250 seconds
379.902: [Full GC [PSYoungGen: 138240K->32975K(161280K)] [ParOldGen: 367740K->367740K(368128K)] 505980K->400716K(529408K) [PSPermGen: 13650K->13650K(21504K)], 0.0733270 secs] [Times: user=0.52 sys=0.01, real=0.08 secs] 
379.975: Total time for which application threads were stopped: 0.0740430 seconds, Stopping threads took: 0.0000610 seconds
380.000: Application time: 0.0246400 seconds
380.000: [Full GC [PSYoungGen: 138240K->32990K(161280K)] [ParOldGen: 367740K->367740K(368128K)] 505980K->400731K(529408K) [PSPermGen: 13650K->13650K(21504K)], 0.0734400 secs] [Times: user=0.52 sys=0.00, real=0.08 secs] 
380.074: Total time for which application threads were stopped: 0.0741100 seconds, Stopping threads took: 0.0000620 seconds
380.098: Application time: 0.0246160 seconds
380.099: [Full GC [PSYoungGen: 138240K->33005K(161280K)] [ParOldGen: 367740K->367740K(368128K)] 505980K->400746K(529408K) [PSPermGen: 13650K->13650K(21504K)], 0.0740100 secs] [Times: user=0.51 sys=0.00, real=0.07 secs] 
380.173: Total time for which application threads were stopped: 0.0746780 seconds, Stopping threads took: 0.0000390 seconds
380.198: Application time: 0.0247450 seconds
380.198: [Full GC [PSYoungGen: 138240K->33022K(161280K)] [ParOldGen: 367740K->367740K(368128K)] 505980K->400763K(529408K) [PSPermGen: 13650K->13650K(21504K)], 0.0743050 secs] [Times: user=0.51 sys=0.00, real=0.07 secs] 
380.273: Total time for which application threads were stopped: 0.0750020 seconds, Stopping threads took: 0.0000570 seconds
380.298: Application time: 0.0249790 seconds
380.298: [Full GC [PSYoungGen: 138240K->32979K(161280K)] [ParOldGen: 367740K->367740K(368128K)] 505980K->400720K(529408K) [PSPermGen: 13650K->13650K(21504K)], 0.0731810 secs] [Times: user=0.52 sys=0.00, real=0.07 secs] 
380.372: Total time for which application threads were stopped: 0.0738680 seconds, Stopping threads took: 0.0000580 seconds
380.396: Application time: 0.0247840 seconds
380.397: [Full GC [PSYoungGen: 138240K->32981K(161280K)] [ParOldGen: 367740K->367740K(368128K)] 505980K->400722K(529408K) [PSPermGen: 13650K->13650K(21504K)], 0.0734300 secs] [Times: user=0.51 sys=0.00, real=0.07 secs] 
380.471: Total time for which application threads were stopped: 0.0741310 seconds, Stopping threads took: 0.0000620 seconds
380.495: Application time: 0.0244790 seconds
380.496: [Full GC [PSYoungGen: 138240K->32994K(161280K)] [ParOldGen: 367740K->367740K(368128K)] 505980K->400735K(529408K) [PSPermGen: 13650K->13650K(21504K)], 0.0737440 secs] [Times: user=0.52 sys=0.00, real=0.07 secs] 
380.569: Total time for which application threads were stopped: 0.0743740 seconds, Stopping threads took: 0.0000520 seconds
380.594: Application time: 0.0247540 seconds
380.595: [Full GC [PSYoungGen: 138240K->33010K(161280K)] [ParOldGen: 367740K->367740K(368128K)] 505980K->400750K(529408K) [PSPermGen: 13650K->13650K(21504K)], 0.0744130 secs] [Times: user=0.52 sys=0.00, real=0.07 secs] 
380.669: Total time for which application threads were stopped: 0.0750390 seconds, Stopping threads took: 0.0000750 seconds
380.694: Application time: 0.0246000 seconds
380.694: [Full GC [PSYoungGen: 138240K->33025K(161280K)] [ParOldGen: 367740K->367740K(368128K)] 505980K->400765K(529408K) [PSPermGen: 13650K->13650K(21504K)], 0.0736160 secs] [Times: user=0.52 sys=0.00, real=0.07 secs] 
380.768: Total time for which application threads were stopped: 0.0742700 seconds, Stopping threads took: 0.0000800 seconds
380.793: Application time: 0.0244720 seconds
380.793: [Full GC [PSYoungGen: 138240K->33039K(161280K)] [ParOldGen: 367740K->367740K(368128K)] 505980K->400780K(529408K) [PSPermGen: 13650K->13650K(21504K)], 0.0730220 secs] [Times: user=0.52 sys=0.00, real=0.08 secs] 
380.866: Total time for which application threads were stopped: 0.0737200 seconds, Stopping threads took: 0.0000690 seconds
380.891: Application time: 0.0246450 seconds
380.892: [Full GC [PSYoungGen: 138240K->33053K(161280K)] [ParOldGen: 367740K->367740K(368128K)] 505980K->400794K(529408K) [PSPermGen: 13650K->13650K(21504K)], 0.0747330 secs] [Times: user=0.52 sys=0.00, real=0.08 secs] 
380.966: Total time for which application threads were stopped: 0.0753780 seconds, Stopping threads took: 0.0000900 seconds
380.991: Application time: 0.0248380 seconds
380.992: [Full GC [PSYoungGen: 138240K->33014K(161280K)] [ParOldGen: 367740K->367740K(368128K)] 505980K->400755K(529408K) [PSPermGen: 13650K->13650K(21504K)], 0.0732850 secs] [Times: user=0.52 sys=0.00, real=0.07 secs] 
381.065: Total time for which application threads were stopped: 0.0739740 seconds, Stopping threads took: 0.0000560 seconds
381.090: Application time: 0.0246390 seconds
381.090: [Full GC [PSYoungGen: 138240K->33016K(161280K)] [ParOldGen: 367740K->367740K(368128K)] 505980K->400757K(529408K) [PSPermGen: 13650K->13650K(21504K)], 0.0740920 secs] [Times: user=0.52 sys=0.00, real=0.07 secs] 
381.165: Total time for which application threads were stopped: 0.0747190 seconds, Stopping threads took: 0.0000480 seconds
381.189: Application time: 0.0242620 seconds
381.189: [Full GC [PSYoungGen: 138240K->33030K(161280K)] [ParOldGen: 367740K->367740K(368128K)] 505980K->400771K(529408K) [PSPermGen: 13650K->13650K(21504K)], 0.0734950 secs] [Times: user=0.51 sys=0.00, real=0.07 secs] 
381.263: Total time for which application threads were stopped: 0.0741850 seconds, Stopping threads took: 0.0000670 seconds
381.288: Application time: 0.0246380 seconds
381.288: [Full GC [PSYoungGen: 138240K->33047K(161280K)] [ParOldGen: 367740K->367740K(368128K)] 505980K->400788K(529408K) [PSPermGen: 13650K->13650K(21504K)], 0.0737590 secs] [Times: user=0.52 sys=0.00, real=0.07 secs] 
381.362: Total time for which application threads were stopped: 0.0744370 seconds, Stopping threads took: 0.0000640 seconds
381.387: Application time: 0.0246110 seconds
381.387: [Full GC [PSYoungGen: 138240K->33063K(161280K)] [ParOldGen: 367740K->367740K(368128K)] 505980K->400803K(529408K) [PSPermGen: 13650K->13650K(21504K)], 0.0738370 secs] [Times: user=0.52 sys=0.00, real=0.07 secs] 
381.461: Total time for which application threads were stopped: 0.0744450 seconds, Stopping threads took: 0.0000570 seconds
381.486: Application time: 0.0246430 seconds
381.486: [Full GC [PSYoungGen: 138240K->33075K(161280K)] [ParOldGen: 367740K->367740K(368128K)] 505980K->400816K(529408K) [PSPermGen: 13650K->13650K(21504K)], 0.0738290 secs] [Times: user=0.52 sys=0.00, real=0.07 secs] 
381.560: Total time for which application threads were stopped: 0.0744660 seconds, Stopping threads took: 0.0000800 seconds
381.586: Application time: 0.0256460 seconds
381.586: [Full GC [PSYoungGen: 138240K->33016K(161280K)] [ParOldGen: 367740K->367740K(368128K)] 505980K->400757K(529408K) [PSPermGen: 13650K->13650K(21504K)], 0.0739030 secs] [Times: user=0.51 sys=0.01, real=0.07 secs] 
381.660: Total time for which application threads were stopped: 0.0745180 seconds, Stopping threads took: 0.0000750 seconds
381.685: Application time: 0.0247900 seconds
381.686: [Full GC [PSYoungGen: 138240K->33036K(161280K)] [ParOldGen: 367740K->367740K(368128K)] 505980K->400777K(529408K) [PSPermGen: 13650K->13650K(21504K)], 0.0732120 secs] [Times: user=0.52 sys=0.00, real=0.07 secs] 
381.759: Total time for which application threads were stopped: 0.0738530 seconds, Stopping threads took: 0.0000640 seconds
381.785: Application time: 0.0254530 seconds
381.785: [Full GC [PSYoungGen: 138240K->32932K(161280K)] [ParOldGen: 367740K->367740K(368128K)] 505980K->400673K(529408K) [PSPermGen: 13650K->13650K(21504K)], 0.0736950 secs] [Times: user=0.52 sys=0.00, real=0.08 secs] 
381.859: Total time for which application threads were stopped: 0.0744100 seconds, Stopping threads took: 0.0000840 seconds
381.884: Application time: 0.0250990 seconds
381.885: [Full GC [PSYoungGen: 138240K->32870K(161280K)] [ParOldGen: 367740K->367740K(368128K)] 505980K->400610K(529408K) [PSPermGen: 13650K->13650K(21504K)], 0.0729050 secs] [Times: user=0.52 sys=0.00, real=0.08 secs] 
381.958: Total time for which application threads were stopped: 0.0735880 seconds, Stopping threads took: 0.0000610 seconds
381.982: Application time: 0.0244310 seconds
381.983: [Full GC [PSYoungGen: 138240K->32870K(161280K)] [ParOldGen: 367740K->367740K(368128K)] 505980K->400610K(529408K) [PSPermGen: 13650K->13650K(21504K)], 0.0732780 secs] [Times: user=0.52 sys=0.00, real=0.08 secs] 
382.056: Total time for which application threads were stopped: 0.0740230 seconds, Stopping threads took: 0.0001000 seconds
382.081: Application time: 0.0246660 seconds
382.081: [Full GC [PSYoungGen: 138240K->32884K(161280K)] [ParOldGen: 367740K->367740K(368128K)] 505980K->400625K(529408K) [PSPermGen: 13650K->13650K(21504K)], 0.0733780 secs] [Times: user=0.51 sys=0.00, real=0.08 secs] 
382.155: Total time for which application threads were stopped: 0.0740030 seconds, Stopping threads took: 0.0000770 seconds
382.179: Application time: 0.0246090 seconds
382.180: [Full GC [PSYoungGen: 138240K->32900K(161280K)] [ParOldGen: 367740K->367740K(368128K)] 505980K->400641K(529408K) [PSPermGen: 13650K->13650K(21504K)], 0.0733930 secs] [Times: user=0.52 sys=0.00, real=0.07 secs] 
382.253: Total time for which application threads were stopped: 0.0740860 seconds, Stopping threads took: 0.0000770 seconds
382.278: Application time: 0.0246160 seconds
382.279: [Full GC [PSYoungGen: 138240K->32914K(161280K)] [ParOldGen: 367740K->367740K(368128K)] 505980K->400655K(529408K) [PSPermGen: 13650K->13650K(21504K)], 0.0731810 secs] [Times: user=0.52 sys=0.00, real=0.07 secs] 
382.352: Total time for which application threads were stopped: 0.0738990 seconds, Stopping threads took: 0.0000620 seconds
382.377: Application time: 0.0249900 seconds
382.378: [Full GC [PSYoungGen: 138240K->32930K(161280K)] [ParOldGen: 367740K->367740K(368128K)] 505980K->400671K(529408K) [PSPermGen: 13650K->13650K(21504K)], 0.0744400 secs] [Times: user=0.51 sys=0.00, real=0.07 secs] 
382.452: Total time for which application threads were stopped: 0.0750560 seconds, Stopping threads took: 0.0000590 seconds
382.477: Application time: 0.0248810 seconds
382.477: [Full GC [PSYoungGen: 138240K->32944K(161280K)] [ParOldGen: 367740K->367740K(368128K)] 505980K->400685K(529408K) [PSPermGen: 13650K->13650K(21504K)], 0.0735350 secs] [Times: user=0.51 sys=0.00, real=0.07 secs] 
382.551: Total time for which application threads were stopped: 0.0741260 seconds, Stopping threads took: 0.0000440 seconds
382.576: Application time: 0.0244740 seconds
382.576: [Full GC [PSYoungGen: 138240K->32960K(161280K)] [ParOldGen: 367740K->367740K(368128K)] 505980K->400701K(529408K) [PSPermGen: 13650K->13650K(21504K)], 0.0728550 secs] [Times: user=0.51 sys=0.00, real=0.07 secs] 
382.649: Total time for which application threads were stopped: 0.0735460 seconds, Stopping threads took: 0.0000580 seconds
382.674: Application time: 0.0244930 seconds
382.674: [Full GC [PSYoungGen: 138240K->32975K(161280K)] [ParOldGen: 367740K->367740K(368128K)] 505980K->400716K(529408K) [PSPermGen: 13650K->13650K(21504K)], 0.0734660 secs] [Times: user=0.51 sys=0.00, real=0.07 secs] 
382.748: Total time for which application threads were stopped: 0.0741450 seconds, Stopping threads took: 0.0000550 seconds
382.772: Application time: 0.0243290 seconds
382.773: [Full GC [PSYoungGen: 138240K->32987K(161280K)] [ParOldGen: 367740K->367740K(368128K)] 505980K->400728K(529408K) [PSPermGen: 13650K->13650K(21504K)], 0.0749390 secs] [Times: user=0.53 sys=0.01, real=0.08 secs] 
382.848: Total time for which application threads were stopped: 0.0755650 seconds, Stopping threads took: 0.0000560 seconds
382.872: Application time: 0.0248520 seconds
382.873: [Full GC [PSYoungGen: 138240K->32936K(161280K)] [ParOldGen: 367740K->367740K(368128K)] 505980K->400677K(529408K) [PSPermGen: 13650K->13650K(21504K)], 0.0736090 secs] [Times: user=0.52 sys=0.00, real=0.08 secs] 
382.947: Total time for which application threads were stopped: 0.0743460 seconds, Stopping threads took: 0.0000800 seconds
382.972: Application time: 0.0248700 seconds
382.972: [Full GC [PSYoungGen: 138240K->32894K(161280K)] [ParOldGen: 367740K->367740K(368128K)] 505980K->400635K(529408K) [PSPermGen: 13650K->13650K(21504K)], 0.0753440 secs] [Times: user=0.53 sys=0.00, real=0.08 secs] 
383.048: Total time for which application threads were stopped: 0.0759590 seconds, Stopping threads took: 0.0000610 seconds
383.072: Application time: 0.0247220 seconds
383.073: [Full GC [PSYoungGen: 138240K->32895K(161280K)] [ParOldGen: 367740K->367740K(368128K)] 505980K->400636K(529408K) [PSPermGen: 13650K->13650K(21504K)], 0.0762160 secs] [Times: user=0.53 sys=0.00, real=0.08 secs] 
383.149: Total time for which application threads were stopped: 0.0769290 seconds, Stopping threads took: 0.0000720 seconds
383.174: Application time: 0.0245460 seconds
383.175: [Full GC [PSYoungGen: 138240K->32909K(161280K)] [ParOldGen: 367740K->367740K(368128K)] 505980K->400650K(529408K) [PSPermGen: 13650K->13650K(21504K)], 0.0731470 secs] [Times: user=0.51 sys=0.00, real=0.07 secs] 
383.248: Total time for which application threads were stopped: 0.0738610 seconds, Stopping threads took: 0.0000870 seconds
383.272: Application time: 0.0245310 seconds
383.273: [Full GC [PSYoungGen: 138240K->32924K(161280K)] [ParOldGen: 367740K->367740K(368128K)] 505980K->400665K(529408K) [PSPermGen: 13650K->13650K(21504K)], 0.0734070 secs] [Times: user=0.51 sys=0.00, real=0.08 secs] 
383.346: Total time for which application threads were stopped: 0.0740250 seconds, Stopping threads took: 0.0000640 seconds
383.371: Application time: 0.0246840 seconds
383.372: [Full GC [PSYoungGen: 138240K->32939K(161280K)] [ParOldGen: 367740K->367740K(368128K)] 505980K->400680K(529408K) [PSPermGen: 13650K->13650K(21504K)], 0.0738220 secs] [Times: user=0.52 sys=0.00, real=0.07 secs] 
383.445: Total time for which application threads were stopped: 0.0744870 seconds, Stopping threads took: 0.0000410 seconds
383.470: Application time: 0.0248300 seconds
383.471: [Full GC [PSYoungGen: 138240K->32953K(161280K)] [ParOldGen: 367740K->367740K(368128K)] 505980K->400694K(529408K) [PSPermGen: 13650K->13650K(21504K)], 0.0738950 secs] [Times: user=0.52 sys=0.00, real=0.07 secs] 
383.545: Total time for which application threads were stopped: 0.0746140 seconds, Stopping threads took: 0.0000620 seconds
383.569: Application time: 0.0243950 seconds
383.570: [Full GC [PSYoungGen: 138240K->32970K(161280K)] [ParOldGen: 367740K->367740K(368128K)] 505980K->400711K(529408K) [PSPermGen: 13650K->13650K(21504K)], 0.0736510 secs] [Times: user=0.51 sys=0.00, real=0.07 secs] 
383.644: Total time for which application threads were stopped: 0.0743570 seconds, Stopping threads took: 0.0000890 seconds
383.668: Application time: 0.0244710 seconds
383.669: [Full GC [PSYoungGen: 138240K->32986K(161280K)] [ParOldGen: 367740K->367740K(368128K)] 505980K->400727K(529408K) [PSPermGen: 13650K->13650K(21504K)], 0.0728790 secs] [Times: user=0.51 sys=0.00, real=0.07 secs] 
383.742: Total time for which application threads were stopped: 0.0735630 seconds, Stopping threads took: 0.0000770 seconds
383.766: Application time: 0.0245430 seconds
383.767: [Full GC [PSYoungGen: 138240K->33001K(161280K)] [ParOldGen: 367740K->367740K(368128K)] 505980K->400742K(529408K) [PSPermGen: 13650K->13650K(21504K)], 0.0752110 secs] [Times: user=0.53 sys=0.00, real=0.07 secs] 
383.842: Total time for which application threads were stopped: 0.0758310 seconds, Stopping threads took: 0.0000780 seconds
383.867: Application time: 0.0246050 seconds
383.867: [Full GC [PSYoungGen: 138240K->33014K(161280K)] [ParOldGen: 367740K->367740K(368128K)] 505980K->400755K(529408K) [PSPermGen: 13650K->13650K(21504K)], 0.0732500 secs] [Times: user=0.51 sys=0.00, real=0.07 secs] 
383.941: Total time for which application threads were stopped: 0.0739180 seconds, Stopping threads took: 0.0000490 seconds
383.966: Application time: 0.0253490 seconds
383.967: [Full GC [PSYoungGen: 138240K->33029K(161280K)] [ParOldGen: 367740K->367740K(368128K)] 505980K->400770K(529408K) [PSPermGen: 13650K->13650K(21504K)], 0.0726000 secs] [Times: user=0.52 sys=0.00, real=0.07 secs] 
384.039: Total time for which application threads were stopped: 0.0732790 seconds, Stopping threads took: 0.0000560 seconds
384.064: Application time: 0.0248240 seconds
384.065: [Full GC [PSYoungGen: 138240K->33045K(161280K)] [ParOldGen: 367740K->367740K(368128K)] 505980K->400786K(529408K) [PSPermGen: 13650K->13650K(21504K)], 0.0741480 secs] [Times: user=0.52 sys=0.00, real=0.08 secs] 
384.139: Total time for which application threads were stopped: 0.0748060 seconds, Stopping threads took: 0.0000870 seconds
384.164: Application time: 0.0249730 seconds
384.164: [Full GC [PSYoungGen: 138240K->33059K(161280K)] [ParOldGen: 367740K->367740K(368128K)] 505980K->400800K(529408K) [PSPermGen: 13650K->13650K(21504K)], 0.0738390 secs] [Times: user=0.52 sys=0.00, real=0.08 secs] 
384.238: Total time for which application threads were stopped: 0.0744540 seconds, Stopping threads took: 0.0000660 seconds
384.263: Application time: 0.0248990 seconds
384.264: [Full GC [PSYoungGen: 138240K->33019K(161280K)] [ParOldGen: 367740K->367740K(368128K)] 505980K->400760K(529408K) [PSPermGen: 13650K->13650K(21504K)], 0.0731330 secs] [Times: user=0.52 sys=0.00, real=0.08 secs] 
384.337: Total time for which application threads were stopped: 0.0738630 seconds, Stopping threads took: 0.0000920 seconds
384.362: Application time: 0.0245080 seconds
384.362: [Full GC [PSYoungGen: 138240K->33019K(161280K)] [ParOldGen: 367740K->367740K(368128K)] 505980K->400760K(529408K) [PSPermGen: 13650K->13650K(21504K)], 0.0737600 secs] [Times: user=0.51 sys=0.00, real=0.08 secs] 
384.436: Total time for which application threads were stopped: 0.0743850 seconds, Stopping threads took: 0.0000620 seconds
384.460: Application time: 0.0244160 seconds
384.461: [Full GC [PSYoungGen: 138240K->33033K(161280K)] [ParOldGen: 367740K->367740K(368128K)] 505980K->400774K(529408K) [PSPermGen: 13650K->13650K(21504K)], 0.0735750 secs] [Times: user=0.52 sys=0.00, real=0.08 secs] 
384.535: Total time for which application threads were stopped: 0.0742870 seconds, Stopping threads took: 0.0000940 seconds
384.559: Application time: 0.0245670 seconds
384.560: [Full GC [PSYoungGen: 138240K->33045K(161280K)] [ParOldGen: 367740K->367740K(368128K)] 505980K->400786K(529408K) [PSPermGen: 13650K->13650K(21504K)], 0.0733180 secs] [Times: user=0.52 sys=0.00, real=0.07 secs] 
384.633: Total time for which application threads were stopped: 0.0740330 seconds, Stopping threads took: 0.0000800 seconds
384.658: Application time: 0.0244750 seconds
384.658: [Full GC [PSYoungGen: 138240K->33064K(161280K)] [ParOldGen: 367740K->367740K(368128K)] 505980K->400805K(529408K) [PSPermGen: 13650K->13650K(21504K)], 0.0743130 secs] [Times: user=0.52 sys=0.00, real=0.07 secs] 
384.733: Total time for which application threads were stopped: 0.0749950 seconds, Stopping threads took: 0.0001030 seconds
384.757: Application time: 0.0246860 seconds
384.758: [Full GC [PSYoungGen: 138240K->33079K(161280K)] [ParOldGen: 367740K->367740K(368128K)] 505980K->400820K(529408K) [PSPermGen: 13650K->13650K(21504K)], 0.0747600 secs] [Times: user=0.53 sys=0.00, real=0.07 secs] 
384.833: Total time for which application threads were stopped: 0.0754710 seconds, Stopping threads took: 0.0000820 seconds
384.858: Application time: 0.0247330 seconds
384.858: [Full GC [PSYoungGen: 138240K->33089K(161280K)] [ParOldGen: 367740K->367740K(368128K)] 505980K->400830K(529408K) [PSPermGen: 13650K->13650K(21504K)], 0.0737520 secs] [Times: user=0.52 sys=0.00, real=0.07 secs] 
384.932: Total time for which application threads were stopped: 0.0744790 seconds, Stopping threads took: 0.0000750 seconds
384.957: Application time: 0.0246180 seconds
384.957: [Full GC [PSYoungGen: 138240K->33045K(161280K)] [ParOldGen: 367740K->367740K(368128K)] 505980K->400786K(529408K) [PSPermGen: 13650K->13650K(21504K)], 0.0734920 secs] [Times: user=0.51 sys=0.01, real=0.07 secs] 
385.031: Total time for which application threads were stopped: 0.0742140 seconds, Stopping threads took: 0.0000930 seconds
385.055: Application time: 0.0244760 seconds
385.056: [Full GC [PSYoungGen: 138240K->33055K(161280K)] [ParOldGen: 367740K->367740K(368128K)] 505980K->400796K(529408K) [PSPermGen: 13650K->13650K(21504K)], 0.0738430 secs] [Times: user=0.52 sys=0.00, real=0.07 secs] 
385.130: Total time for which application threads were stopped: 0.0744600 seconds, Stopping threads took: 0.0000590 seconds
385.155: Application time: 0.0246020 seconds
385.155: [Full GC [PSYoungGen: 138240K->33070K(161280K)] [ParOldGen: 367740K->367740K(368128K)] 505980K->400811K(529408K) [PSPermGen: 13650K->13650K(21504K)], 0.0732480 secs] [Times: user=0.52 sys=0.00, real=0.07 secs] 
385.229: Total time for which application threads were stopped: 0.0739440 seconds, Stopping threads took: 0.0000690 seconds
385.254: Application time: 0.0254220 seconds
385.255: [Full GC [PSYoungGen: 138240K->33018K(161280K)] [ParOldGen: 367740K->367740K(368128K)] 505980K->400759K(529408K) [PSPermGen: 13650K->13650K(21504K)], 0.0730700 secs] [Times: user=0.51 sys=0.00, real=0.07 secs] 
385.328: Total time for which application threads were stopped: 0.0737810 seconds, Stopping threads took: 0.0000560 seconds
385.353: Application time: 0.0252300 seconds
385.354: [Full GC [PSYoungGen: 138240K->32922K(161280K)] [ParOldGen: 367740K->367740K(368128K)] 505980K->400663K(529408K) [PSPermGen: 13650K->13650K(21504K)], 0.0737040 secs] [Times: user=0.52 sys=0.00, real=0.07 secs] 
385.427: Total time for which application threads were stopped: 0.0743490 seconds, Stopping threads took: 0.0000790 seconds
385.452: Application time: 0.0247630 seconds
385.453: [Full GC [PSYoungGen: 138240K->32905K(161280K)] [ParOldGen: 367740K->367740K(368128K)] 505980K->400646K(529408K) [PSPermGen: 13650K->13650K(21504K)], 0.0744440 secs] [Times: user=0.51 sys=0.00, real=0.08 secs] 
385.527: Total time for which application threads were stopped: 0.0751570 seconds, Stopping threads took: 0.0000850 seconds
385.552: Application time: 0.0246950 seconds
385.552: [Full GC [PSYoungGen: 138240K->32856K(161280K)] [ParOldGen: 367740K->367740K(368128K)] 505980K->400597K(529408K) [PSPermGen: 13650K->13650K(21504K)], 0.0734490 secs] [Times: user=0.51 sys=0.00, real=0.08 secs] 
385.626: Total time for which application threads were stopped: 0.0740480 seconds, Stopping threads took: 0.0000560 seconds
385.651: Application time: 0.0246950 seconds
385.651: [Full GC [PSYoungGen: 138240K->32864K(161280K)] [ParOldGen: 367740K->367740K(368128K)] 505980K->400605K(529408K) [PSPermGen: 13650K->13650K(21504K)], 0.0736180 secs] [Times: user=0.52 sys=0.00, real=0.07 secs] 
385.725: Total time for which application threads were stopped: 0.0742320 seconds, Stopping threads took: 0.0000590 seconds
385.750: Application time: 0.0246290 seconds
385.750: [Full GC [PSYoungGen: 138240K->32880K(161280K)] [ParOldGen: 367740K->367740K(368128K)] 505980K->400621K(529408K) [PSPermGen: 13650K->13650K(21504K)], 0.0735290 secs] [Times: user=0.52 sys=0.00, real=0.07 secs] 
385.824: Total time for which application threads were stopped: 0.0742180 seconds, Stopping threads took: 0.0000710 seconds
385.849: Application time: 0.0247700 seconds
385.849: [Full GC [PSYoungGen: 138240K->32893K(161280K)] [ParOldGen: 367740K->367740K(368128K)] 505980K->400634K(529408K) [PSPermGen: 13650K->13650K(21504K)], 0.0729430 secs] [Times: user=0.51 sys=0.00, real=0.07 secs] 
385.922: Total time for which application threads were stopped: 0.0736460 seconds, Stopping threads took: 0.0000560 seconds
385.947: Application time: 0.0246250 seconds
385.947: [Full GC [PSYoungGen: 138240K->32910K(161280K)] [ParOldGen: 367740K->367740K(368128K)] 505980K->400650K(529408K) [PSPermGen: 13650K->13650K(21504K)], 0.0733160 secs] [Times: user=0.52 sys=0.00, real=0.07 secs] 
386.021: Total time for which application threads were stopped: 0.0740420 seconds, Stopping threads took: 0.0000890 seconds
386.046: Application time: 0.0251120 seconds
386.047: [Full GC [PSYoungGen: 138240K->32924K(161280K)] [ParOldGen: 367740K->367740K(368128K)] 505980K->400665K(529408K) [PSPermGen: 13650K->13650K(21504K)], 0.0734220 secs] [Times: user=0.51 sys=0.00, real=0.07 secs] 
386.120: Total time for which application threads were stopped: 0.0741500 seconds, Stopping threads took: 0.0001100 seconds
386.145: Application time: 0.0253570 seconds
386.146: [Full GC [PSYoungGen: 138240K->32941K(161280K)] [ParOldGen: 367740K->367740K(368128K)] 505980K->400681K(529408K) [PSPermGen: 13650K->13650K(21504K)], 0.0728890 secs] [Times: user=0.51 sys=0.00, real=0.07 secs] 
386.219: Total time for which application threads were stopped: 0.0735620 seconds, Stopping threads took: 0.0000820 seconds
386.244: Application time: 0.0250710 seconds
386.245: [Full GC [PSYoungGen: 138240K->32954K(161280K)] [ParOldGen: 367740K->367740K(368128K)] 505980K->400695K(529408K) [PSPermGen: 13650K->13650K(21504K)], 0.0739900 secs] [Times: user=0.52 sys=0.00, real=0.08 secs] 
386.319: Total time for which application threads were stopped: 0.0746180 seconds, Stopping threads took: 0.0000730 seconds
386.344: Application time: 0.0250180 seconds
386.344: [Full GC [PSYoungGen: 138240K->32972K(161280K)] [ParOldGen: 367740K->367740K(368128K)] 505980K->400713K(529408K) [PSPermGen: 13650K->13650K(21504K)], 0.0735020 secs] [Times: user=0.52 sys=0.01, real=0.08 secs] 
386.418: Total time for which application threads were stopped: 0.0741400 seconds, Stopping threads took: 0.0000680 seconds
386.443: Application time: 0.0249790 seconds
386.443: [Full GC [PSYoungGen: 138240K->32981K(161280K)] [ParOldGen: 367740K->367740K(368128K)] 505980K->400722K(529408K) [PSPermGen: 13650K->13650K(21504K)], 0.0737060 secs] [Times: user=0.51 sys=0.00, real=0.08 secs] 
386.517: Total time for which application threads were stopped: 0.0743490 seconds, Stopping threads took: 0.0000550 seconds
386.542: Application time: 0.0246830 seconds
386.542: [Full GC [PSYoungGen: 138240K->33000K(161280K)] [ParOldGen: 367740K->367740K(368128K)] 505980K->400741K(529408K) [PSPermGen: 13650K->13650K(21504K)], 0.0738210 secs] [Times: user=0.52 sys=0.00, real=0.08 secs] 
386.616: Total time for which application threads were stopped: 0.0744260 seconds, Stopping threads took: 0.0000520 seconds
386.641: Application time: 0.0251230 seconds
386.642: [Full GC [PSYoungGen: 138240K->32960K(161280K)] [ParOldGen: 367740K->367740K(368128K)] 505980K->400701K(529408K) [PSPermGen: 13650K->13650K(21504K)], 0.0739140 secs] [Times: user=0.52 sys=0.00, real=0.08 secs] 
386.716: Total time for which application threads were stopped: 0.0746020 seconds, Stopping threads took: 0.0000730 seconds
386.741: Application time: 0.0248130 seconds
386.741: [Full GC [PSYoungGen: 138240K->32958K(161280K)] [ParOldGen: 367740K->367740K(368128K)] 505980K->400699K(529408K) [PSPermGen: 13650K->13650K(21504K)], 0.0739400 secs] [Times: user=0.52 sys=0.00, real=0.08 secs] 
386.815: Total time for which application threads were stopped: 0.0745650 seconds, Stopping threads took: 0.0000700 seconds
386.840: Application time: 0.0249650 seconds
386.841: [Full GC [PSYoungGen: 138240K->32921K(161280K)] [ParOldGen: 367740K->367740K(368128K)] 505980K->400662K(529408K) [PSPermGen: 13650K->13650K(21504K)], 0.0735150 secs] [Times: user=0.52 sys=0.00, real=0.08 secs] 
386.915: Total time for which application threads were stopped: 0.0742090 seconds, Stopping threads took: 0.0000680 seconds
386.939: Application time: 0.0247820 seconds
386.940: [Full GC [PSYoungGen: 138240K->32920K(161280K)] [ParOldGen: 367740K->367740K(368128K)] 505980K->400661K(529408K) [PSPermGen: 13650K->13650K(21504K)], 0.0743700 secs] [Times: user=0.52 sys=0.00, real=0.08 secs] 
387.015: Total time for which application threads were stopped: 0.0750650 seconds, Stopping threads took: 0.0000740 seconds
387.039: Application time: 0.0246530 seconds
387.040: [Full GC [PSYoungGen: 138240K->32933K(161280K)] [ParOldGen: 367740K->367740K(368128K)] 505980K->400674K(529408K) [PSPermGen: 13650K->13650K(21504K)], 0.0755280 secs] [Times: user=0.53 sys=0.00, real=0.08 secs] 
387.115: Total time for which application threads were stopped: 0.0762390 seconds, Stopping threads took: 0.0000590 seconds
387.140: Application time: 0.0250200 seconds
387.141: [Full GC [PSYoungGen: 138240K->32948K(161280K)] [ParOldGen: 367740K->367740K(368128K)] 505980K->400689K(529408K) [PSPermGen: 13650K->13650K(21504K)], 0.0723680 secs] [Times: user=0.51 sys=0.00, real=0.07 secs] 
387.213: Total time for which application threads were stopped: 0.0730540 seconds, Stopping threads took: 0.0000710 seconds
387.238: Application time: 0.0246020 seconds
387.239: [Full GC [PSYoungGen: 138240K->32964K(161280K)] [ParOldGen: 367740K->367740K(368128K)] 505980K->400705K(529408K) [PSPermGen: 13650K->13650K(21504K)], 0.0734620 secs] [Times: user=0.51 sys=0.00, real=0.07 secs] 
387.312: Total time for which application threads were stopped: 0.0741100 seconds, Stopping threads took: 0.0000440 seconds
387.337: Application time: 0.0246840 seconds
387.338: [Full GC [PSYoungGen: 138240K->32979K(161280K)] [ParOldGen: 367740K->367740K(368128K)] 505980K->400719K(529408K) [PSPermGen: 13650K->13650K(21504K)], 0.0732030 secs] [Times: user=0.51 sys=0.01, real=0.07 secs] 
387.411: Total time for which application threads were stopped: 0.0738850 seconds, Stopping threads took: 0.0000470 seconds
387.435: Application time: 0.0245190 seconds
387.436: [Full GC [PSYoungGen: 138240K->32994K(161280K)] [ParOldGen: 367740K->367740K(368128K)] 505980K->400735K(529408K) [PSPermGen: 13650K->13650K(21504K)], 0.0732800 secs] [Times: user=0.51 sys=0.00, real=0.07 secs] 
387.509: Total time for which application threads were stopped: 0.0739590 seconds, Stopping threads took: 0.0000720 seconds
387.534: Application time: 0.0245940 seconds
387.535: [Full GC [PSYoungGen: 138240K->33009K(161280K)] [ParOldGen: 367740K->367740K(368128K)] 505980K->400750K(529408K) [PSPermGen: 13650K->13650K(21504K)], 0.0732000 secs] [Times: user=0.51 sys=0.00, real=0.07 secs] 
387.608: Total time for which application threads were stopped: 0.0738970 seconds, Stopping threads took: 0.0000790 seconds
387.633: Application time: 0.0248850 seconds
387.633: [Full GC [PSYoungGen: 138240K->33022K(161280K)] [ParOldGen: 367740K->367740K(368128K)] 505980K->400763K(529408K) [PSPermGen: 13650K->13650K(21504K)], 0.0735960 secs] [Times: user=0.52 sys=0.00, real=0.08 secs] 
387.707: Total time for which application threads were stopped: 0.0743630 seconds, Stopping threads took: 0.0000980 seconds
387.732: Application time: 0.0247250 seconds
387.732: [Full GC [PSYoungGen: 138240K->33037K(161280K)] [ParOldGen: 367740K->367740K(368128K)] 505980K->400778K(529408K) [PSPermGen: 13650K->13650K(21504K)], 0.0741310 secs] [Times: user=0.52 sys=0.00, real=0.08 secs] 
387.807: Total time for which application threads were stopped: 0.0747790 seconds, Stopping threads took: 0.0000980 seconds
387.831: Application time: 0.0247990 seconds
387.832: [Full GC [PSYoungGen: 138240K->33055K(161280K)] [ParOldGen: 367740K->367740K(368128K)] 505980K->400796K(529408K) [PSPermGen: 13650K->13650K(21504K)], 0.0738030 secs] [Times: user=0.51 sys=0.00, real=0.08 secs] 
387.906: Total time for which application threads were stopped: 0.0744090 seconds, Stopping threads took: 0.0000550 seconds
387.931: Application time: 0.0250220 seconds
387.931: [Full GC [PSYoungGen: 138240K->33012K(161280K)] [ParOldGen: 367740K->367740K(368128K)] 505980K->400753K(529408K) [PSPermGen: 13650K->13650K(21504K)], 0.0740960 secs] [Times: user=0.52 sys=0.00, real=0.07 secs] 
388.005: Total time for which application threads were stopped: 0.0747140 seconds, Stopping threads took: 0.0000610 seconds
388.030: Application time: 0.0247400 seconds
388.031: [Full GC [PSYoungGen: 138240K->33015K(161280K)] [ParOldGen: 367740K->367740K(368128K)] 505980K->400756K(529408K) [PSPermGen: 13650K->13650K(21504K)], 0.0729440 secs] [Times: user=0.52 sys=0.00, real=0.07 secs] 
388.104: Total time for which application threads were stopped: 0.0736540 seconds, Stopping threads took: 0.0000600 seconds
388.129: Application time: 0.0253810 seconds
388.130: [Full GC [PSYoungGen: 138240K->33030K(161280K)] [ParOldGen: 367740K->367740K(368128K)] 505980K->400770K(529408K) [PSPermGen: 13650K->13650K(21504K)], 0.0730020 secs] [Times: user=0.52 sys=0.00, real=0.07 secs] 
388.203: Total time for which application threads were stopped: 0.0737010 seconds, Stopping threads took: 0.0000650 seconds
388.228: Application time: 0.0246630 seconds
388.228: [Full GC [PSYoungGen: 138240K->33043K(161280K)] [ParOldGen: 367740K->367740K(368128K)] 505980K->400784K(529408K) [PSPermGen: 13650K->13650K(21504K)], 0.0737330 secs] [Times: user=0.52 sys=0.00, real=0.07 secs] 
388.302: Total time for which application threads were stopped: 0.0744930 seconds, Stopping threads took: 0.0001090 seconds
388.327: Application time: 0.0244860 seconds
388.327: [Full GC [PSYoungGen: 138240K->33061K(161280K)] [ParOldGen: 367740K->367740K(368128K)] 505980K->400802K(529408K) [PSPermGen: 13650K->13650K(21504K)], 0.0734660 secs] [Times: user=0.52 sys=0.00, real=0.07 secs] 
388.401: Total time for which application threads were stopped: 0.0742350 seconds, Stopping threads took: 0.0001420 seconds
388.426: Application time: 0.0247880 seconds
388.426: [Full GC [PSYoungGen: 138240K->33078K(161280K)] [ParOldGen: 367740K->367740K(368128K)] 505980K->400819K(529408K) [PSPermGen: 13650K->13650K(21504K)], 0.0741270 secs] [Times: user=0.49 sys=0.00, real=0.07 secs] 
388.500: Total time for which application threads were stopped: 0.0747170 seconds, Stopping threads took: 0.0000370 seconds
388.525: Application time: 0.0247200 seconds
388.526: [Full GC [PSYoungGen: 138240K->33092K(161280K)] [ParOldGen: 367740K->367740K(368128K)] 505980K->400833K(529408K) [PSPermGen: 13650K->13650K(21504K)], 0.0734210 secs] [Times: user=0.52 sys=0.00, real=0.07 secs] 
388.599: Total time for which application threads were stopped: 0.0741280 seconds, Stopping threads took: 0.0000610 seconds
388.624: Application time: 0.0248110 seconds
388.625: [Full GC [PSYoungGen: 138240K->33107K(161280K)] [ParOldGen: 367740K->367740K(368128K)] 505980K->400848K(529408K) [PSPermGen: 13650K->13650K(21504K)], 0.0735370 secs] [Times: user=0.52 sys=0.00, real=0.08 secs] 
388.698: Total time for which application threads were stopped: 0.0742230 seconds, Stopping threads took: 0.0000550 seconds
388.723: Application time: 0.0244770 seconds
388.723: [Full GC [PSYoungGen: 138240K->33121K(161280K)] [ParOldGen: 367740K->367740K(368128K)] 505980K->400862K(529408K) [PSPermGen: 13650K->13650K(21504K)], 0.0737700 secs] [Times: user=0.52 sys=0.00, real=0.08 secs] 
388.797: Total time for which application threads were stopped: 0.0744870 seconds, Stopping threads took: 0.0000870 seconds
388.824: Application time: 0.0264460 seconds
388.824: [Full GC [PSYoungGen: 138240K->32961K(161280K)] [ParOldGen: 367740K->367740K(368128K)] 505980K->400702K(529408K) [PSPermGen: 13650K->13650K(21504K)], 0.0736720 secs] [Times: user=0.52 sys=0.00, real=0.08 secs] 
388.898: Total time for which application threads were stopped: 0.0743700 seconds, Stopping threads took: 0.0000650 seconds
388.923: Application time: 0.0247520 seconds
388.923: [Full GC [PSYoungGen: 138240K->32887K(161280K)] [ParOldGen: 367740K->367740K(368128K)] 505980K->400628K(529408K) [PSPermGen: 13650K->13650K(21504K)], 0.0735490 secs] [Times: user=0.52 sys=0.00, real=0.08 secs] 
388.997: Total time for which application threads were stopped: 0.0742130 seconds, Stopping threads took: 0.0000800 seconds
389.022: Application time: 0.0247600 seconds
389.022: [Full GC [PSYoungGen: 138240K->32885K(161280K)] [ParOldGen: 367740K->367740K(368128K)] 505980K->400626K(529408K) [PSPermGen: 13650K->13650K(21504K)], 0.0728360 secs] [Times: user=0.52 sys=0.00, real=0.08 secs] 
389.095: Total time for which application threads were stopped: 0.0735200 seconds, Stopping threads took: 0.0000490 seconds
389.120: Application time: 0.0249250 seconds
389.121: [Full GC [PSYoungGen: 138240K->32846K(161280K)] [ParOldGen: 367740K->367740K(368128K)] 505980K->400587K(529408K) [PSPermGen: 13650K->13650K(21504K)], 0.0736240 secs] [Times: user=0.52 sys=0.00, real=0.08 secs] 
389.195: Total time for which application threads were stopped: 0.0743250 seconds, Stopping threads took: 0.0000790 seconds
389.219: Application time: 0.0247570 seconds
389.220: [Full GC [PSYoungGen: 138240K->32844K(161280K)] [ParOldGen: 367740K->367740K(368128K)] 505980K->400585K(529408K) [PSPermGen: 13650K->13650K(21504K)], 0.0735520 secs] [Times: user=0.52 sys=0.00, real=0.07 secs] 
389.294: Total time for which application threads were stopped: 0.0741670 seconds, Stopping threads took: 0.0000550 seconds
389.318: Application time: 0.0246250 seconds
389.319: [Full GC [PSYoungGen: 138240K->32857K(161280K)] [ParOldGen: 367740K->367740K(368128K)] 505980K->400598K(529408K) [PSPermGen: 13650K->13650K(21504K)], 0.0731150 secs] [Times: user=0.52 sys=0.00, real=0.07 secs] 
389.392: Total time for which application threads were stopped: 0.0738140 seconds, Stopping threads took: 0.0000590 seconds
389.417: Application time: 0.0248960 seconds
389.417: [Full GC [PSYoungGen: 138240K->32875K(161280K)] [ParOldGen: 367740K->367740K(368128K)] 505980K->400616K(529408K) [PSPermGen: 13650K->13650K(21504K)], 0.0730060 secs] [Times: user=0.51 sys=0.00, real=0.07 secs] 
389.491: Total time for which application threads were stopped: 0.0737100 seconds, Stopping threads took: 0.0000520 seconds
389.515: Application time: 0.0247720 seconds
389.516: [Full GC [PSYoungGen: 138240K->32890K(161280K)] [ParOldGen: 367740K->367740K(368128K)] 505980K->400631K(529408K) [PSPermGen: 13650K->13650K(21504K)], 0.0731900 secs] [Times: user=0.51 sys=0.00, real=0.07 secs] 
389.589: Total time for which application threads were stopped: 0.0738910 seconds, Stopping threads took: 0.0000710 seconds
389.614: Application time: 0.0246640 seconds
389.615: [Full GC [PSYoungGen: 138240K->32901K(161280K)] [ParOldGen: 367740K->367740K(368128K)] 505980K->400642K(529408K) [PSPermGen: 13650K->13650K(21504K)], 0.0730910 secs] [Times: user=0.52 sys=0.00, real=0.07 secs] 
389.688: Total time for which application threads were stopped: 0.0737960 seconds, Stopping threads took: 0.0000710 seconds
389.712: Application time: 0.0247370 seconds
389.713: [Full GC [PSYoungGen: 138240K->32920K(161280K)] [ParOldGen: 367740K->367740K(368128K)] 505980K->400661K(529408K) [PSPermGen: 13650K->13650K(21504K)], 0.0735060 secs] [Times: user=0.52 sys=0.00, real=0.08 secs] 
389.787: Total time for which application threads were stopped: 0.0742010 seconds, Stopping threads took: 0.0000610 seconds
389.811: Application time: 0.0247890 seconds
389.812: [Full GC [PSYoungGen: 138240K->32937K(161280K)] [ParOldGen: 367740K->367740K(368128K)] 505980K->400678K(529408K) [PSPermGen: 13650K->13650K(21504K)], 0.0731570 secs] [Times: user=0.52 sys=0.00, real=0.07 secs] 
389.885: Total time for which application threads were stopped: 0.0738570 seconds, Stopping threads took: 0.0000690 seconds
389.910: Application time: 0.0248860 seconds
389.911: [Full GC [PSYoungGen: 138240K->32950K(161280K)] [ParOldGen: 367740K->367740K(368128K)] 505980K->400691K(529408K) [PSPermGen: 13650K->13650K(21504K)], 0.0740720 secs] [Times: user=0.52 sys=0.00, real=0.07 secs] 
389.985: Total time for which application threads were stopped: 0.0747450 seconds, Stopping threads took: 0.0000480 seconds
390.010: Application time: 0.0254760 seconds
390.011: [Full GC [PSYoungGen: 138240K->32966K(161280K)] [ParOldGen: 367740K->367740K(368128K)] 505980K->400707K(529408K) [PSPermGen: 13650K->13650K(21504K)], 0.0735000 secs] [Times: user=0.51 sys=0.00, real=0.07 secs] 
390.085: Total time for which application threads were stopped: 0.0743540 seconds, Stopping threads took: 0.0000730 seconds
390.109: Application time: 0.0246030 seconds
390.110: [Full GC [PSYoungGen: 138240K->32980K(161280K)] [ParOldGen: 367740K->367740K(368128K)] 505980K->400721K(529408K) [PSPermGen: 13650K->13650K(21504K)], 0.0735650 secs] [Times: user=0.52 sys=0.00, real=0.07 secs] 
390.184: Total time for which application threads were stopped: 0.0742720 seconds, Stopping threads took: 0.0000630 seconds
390.208: Application time: 0.0246910 seconds
390.209: [Full GC [PSYoungGen: 138240K->32995K(161280K)] [ParOldGen: 367740K->367740K(368128K)] 505980K->400736K(529408K) [PSPermGen: 13650K->13650K(21504K)], 0.0736230 secs] [Times: user=0.52 sys=0.00, real=0.07 secs] 
390.283: Total time for which application threads were stopped: 0.0743130 seconds, Stopping threads took: 0.0000620 seconds
390.307: Application time: 0.0248230 seconds
390.308: [Full GC [PSYoungGen: 138240K->33006K(161280K)] [ParOldGen: 367740K->367740K(368128K)] 505980K->400747K(529408K) [PSPermGen: 13650K->13650K(21504K)], 0.0734430 secs] [Times: user=0.51 sys=0.01, real=0.07 secs] 
390.382: Total time for which application threads were stopped: 0.0741160 seconds, Stopping threads took: 0.0000430 seconds
390.406: Application time: 0.0248770 seconds
390.407: [Full GC [PSYoungGen: 138240K->33021K(161280K)] [ParOldGen: 367740K->367740K(368128K)] 505980K->400762K(529408K) [PSPermGen: 13650K->13650K(21504K)], 0.0731630 secs] [Times: user=0.51 sys=0.00, real=0.07 secs] 
390.480: Total time for which application threads were stopped: 0.0738750 seconds, Stopping threads took: 0.0000470 seconds
390.505: Application time: 0.0246280 seconds
390.506: [Full GC [PSYoungGen: 138240K->32972K(161280K)] [ParOldGen: 367740K->367740K(368128K)] 505980K->400713K(529408K) [PSPermGen: 13650K->13650K(21504K)], 0.0739030 secs] [Times: user=0.51 sys=0.00, real=0.07 secs] 
390.580: Total time for which application threads were stopped: 0.0745190 seconds, Stopping threads took: 0.0000540 seconds
390.604: Application time: 0.0244960 seconds
390.605: [Full GC [PSYoungGen: 138240K->32985K(161280K)] [ParOldGen: 367740K->367740K(368128K)] 505980K->400726K(529408K) [PSPermGen: 13650K->13650K(21504K)], 0.0737720 secs] [Times: user=0.52 sys=0.00, real=0.08 secs] 
390.678: Total time for which application threads were stopped: 0.0744930 seconds, Stopping threads took: 0.0000730 seconds
390.703: Application time: 0.0246080 seconds
390.704: [Full GC [PSYoungGen: 138240K->33001K(161280K)] [ParOldGen: 367740K->367740K(368128K)] 505980K->400742K(529408K) [PSPermGen: 13650K->13650K(21504K)], 0.0739380 secs] [Times: user=0.52 sys=0.00, real=0.08 secs] 
390.778: Total time for which application threads were stopped: 0.0745650 seconds, Stopping threads took: 0.0000620 seconds
390.803: Application time: 0.0249200 seconds
390.803: [Full GC [PSYoungGen: 138240K->32961K(161280K)] [ParOldGen: 367740K->367740K(368128K)] 505980K->400701K(529408K) [PSPermGen: 13650K->13650K(21504K)], 0.0739150 secs] [Times: user=0.51 sys=0.00, real=0.08 secs] 
390.877: Total time for which application threads were stopped: 0.0745600 seconds, Stopping threads took: 0.0000880 seconds
390.902: Application time: 0.0247050 seconds
390.902: [Full GC [PSYoungGen: 138240K->32960K(161280K)] [ParOldGen: 367740K->367740K(368128K)] 505980K->400701K(529408K) [PSPermGen: 13650K->13650K(21504K)], 0.0737260 secs] [Times: user=0.52 sys=0.00, real=0.08 secs] 
390.976: Total time for which application threads were stopped: 0.0743720 seconds, Stopping threads took: 0.0000500 seconds
391.001: Application time: 0.0248740 seconds
391.002: [Full GC [PSYoungGen: 138240K->32974K(161280K)] [ParOldGen: 367740K->367740K(368128K)] 505980K->400715K(529408K) [PSPermGen: 13650K->13650K(21504K)], 0.0733660 secs] [Times: user=0.51 sys=0.00, real=0.08 secs] 
391.075: Total time for which application threads were stopped: 0.0740570 seconds, Stopping threads took: 0.0000870 seconds
391.100: Application time: 0.0248790 seconds
391.101: [Full GC [PSYoungGen: 138240K->32988K(161280K)] [ParOldGen: 367740K->367740K(368128K)] 505980K->400729K(529408K) [PSPermGen: 13650K->13650K(21504K)], 0.0739810 secs] [Times: user=0.52 sys=0.00, real=0.08 secs] 
391.175: Total time for which application threads were stopped: 0.0746080 seconds, Stopping threads took: 0.0000630 seconds
391.199: Application time: 0.0247130 seconds
391.200: [Full GC [PSYoungGen: 138240K->33001K(161280K)] [ParOldGen: 367740K->367740K(368128K)] 505980K->400742K(529408K) [PSPermGen: 13650K->13650K(21504K)], 0.0735250 secs] [Times: user=0.52 sys=0.00, real=0.08 secs] 
391.274: Total time for which application threads were stopped: 0.0742760 seconds, Stopping threads took: 0.0000750 seconds
391.299: Application time: 0.0248980 seconds
391.299: [Full GC [PSYoungGen: 138240K->33020K(161280K)] [ParOldGen: 367740K->367740K(368128K)] 505980K->400761K(529408K) [PSPermGen: 13650K->13650K(21504K)], 0.0733210 secs] [Times: user=0.52 sys=0.00, real=0.07 secs] 
391.373: Total time for which application threads were stopped: 0.0740030 seconds, Stopping threads took: 0.0000450 seconds
391.397: Application time: 0.0247260 seconds
391.398: [Full GC [PSYoungGen: 138240K->33034K(161280K)] [ParOldGen: 367740K->367740K(368128K)] 505980K->400775K(529408K) [PSPermGen: 13650K->13650K(21504K)], 0.0740280 secs] [Times: user=0.52 sys=0.00, real=0.07 secs] 
391.472: Total time for which application threads were stopped: 0.0746390 seconds, Stopping threads took: 0.0000500 seconds
391.497: Application time: 0.0250140 seconds
391.498: [Full GC [PSYoungGen: 138240K->33050K(161280K)] [ParOldGen: 367740K->367740K(368128K)] 505980K->400791K(529408K) [PSPermGen: 13650K->13650K(21504K)], 0.0746500 secs] [Times: user=0.52 sys=0.00, real=0.07 secs] 
391.572: Total time for which application threads were stopped: 0.0753710 seconds, Stopping threads took: 0.0000780 seconds
391.597: Application time: 0.0249060 seconds
391.598: [Full GC [PSYoungGen: 138240K->33064K(161280K)] [ParOldGen: 367740K->367740K(368128K)] 505980K->400805K(529408K) [PSPermGen: 13650K->13650K(21504K)], 0.0736120 secs] [Times: user=0.51 sys=0.00, real=0.07 secs] 
391.672: Total time for which application threads were stopped: 0.0742690 seconds, Stopping threads took: 0.0000930 seconds
391.697: Application time: 0.0250750 seconds
391.697: [Full GC [PSYoungGen: 138240K->33079K(161280K)] [ParOldGen: 367740K->367740K(368128K)] 505980K->400820K(529408K) [PSPermGen: 13650K->13650K(21504K)], 0.0731940 secs] [Times: user=0.52 sys=0.00, real=0.07 secs] 
391.770: Total time for which application threads were stopped: 0.0738830 seconds, Stopping threads took: 0.0000530 seconds
391.795: Application time: 0.0249260 seconds
391.796: [Full GC [PSYoungGen: 138240K->33097K(161280K)] [ParOldGen: 367740K->367740K(368128K)] 505980K->400838K(529408K) [PSPermGen: 13650K->13650K(21504K)], 0.0733070 secs] [Times: user=0.52 sys=0.00, real=0.07 secs] 
391.869: Total time for which application threads were stopped: 0.0740070 seconds, Stopping threads took: 0.0000490 seconds
391.894: Application time: 0.0249990 seconds
391.895: [Full GC [PSYoungGen: 138240K->33107K(161280K)] [ParOldGen: 367740K->367740K(368128K)] 505980K->400848K(529408K) [PSPermGen: 13650K->13650K(21504K)], 0.0740130 secs] [Times: user=0.51 sys=0.00, real=0.07 secs] 
391.969: Total time for which application threads were stopped: 0.0747110 seconds, Stopping threads took: 0.0000640 seconds
391.994: Application time: 0.0251260 seconds
391.995: [Full GC [PSYoungGen: 138240K->33126K(161280K)] [ParOldGen: 367740K->367740K(368128K)] 505980K->400867K(529408K) [PSPermGen: 13650K->13650K(21504K)], 0.0736710 secs] [Times: user=0.53 sys=0.00, real=0.07 secs] 
392.069: Total time for which application threads were stopped: 0.0743840 seconds, Stopping threads took: 0.0000810 seconds
392.094: Application time: 0.0252960 seconds
392.095: [Full GC [PSYoungGen: 138240K->33087K(161280K)] [ParOldGen: 367740K->367740K(368128K)] 505980K->400828K(529408K) [PSPermGen: 13650K->13650K(21504K)], 0.0739580 secs] [Times: user=0.52 sys=0.00, real=0.07 secs] 
392.169: Total time for which application threads were stopped: 0.0746620 seconds, Stopping threads took: 0.0000550 seconds
392.193: Application time: 0.0248220 seconds
392.194: [Full GC [PSYoungGen: 138240K->33086K(161280K)] [ParOldGen: 367740K->367740K(368128K)] 505980K->400827K(529408K) [PSPermGen: 13650K->13650K(21504K)], 0.0739490 secs] [Times: user=0.52 sys=0.00, real=0.07 secs] 
392.268: Total time for which application threads were stopped: 0.0745930 seconds, Stopping threads took: 0.0000670 seconds
392.294: Application time: 0.0262240 seconds
392.295: [Full GC [PSYoungGen: 138240K->32977K(161280K)] [ParOldGen: 367740K->367740K(368128K)] 505980K->400718K(529408K) [PSPermGen: 13650K->13650K(21504K)], 0.0774760 secs] [Times: user=0.55 sys=0.00, real=0.07 secs] 
392.372: Total time for which application threads were stopped: 0.0781750 seconds, Stopping threads took: 0.0000670 seconds
392.397: Application time: 0.0250300 seconds
392.398: [Full GC [PSYoungGen: 138240K->32908K(161280K)] [ParOldGen: 367740K->367740K(368128K)] 505980K->400649K(529408K) [PSPermGen: 13650K->13650K(21504K)], 0.0732940 secs] [Times: user=0.52 sys=0.00, real=0.07 secs] 
392.472: Total time for which application threads were stopped: 0.0740310 seconds, Stopping threads took: 0.0000740 seconds
392.496: Application time: 0.0248910 seconds
392.497: [Full GC [PSYoungGen: 138240K->32919K(161280K)] [ParOldGen: 367740K->367740K(368128K)] 505980K->400660K(529408K) [PSPermGen: 13650K->13650K(21504K)], 0.0733400 secs] [Times: user=0.51 sys=0.00, real=0.07 secs] 
392.570: Total time for which application threads were stopped: 0.0739630 seconds, Stopping threads took: 0.0000620 seconds
392.595: Application time: 0.0249260 seconds
392.596: [Full GC [PSYoungGen: 138240K->32935K(161280K)] [ParOldGen: 367740K->367740K(368128K)] 505980K->400676K(529408K) [PSPermGen: 13650K->13650K(21504K)], 0.0740180 secs] [Times: user=0.53 sys=0.00, real=0.07 secs] 
392.670: Total time for which application threads were stopped: 0.0747130 seconds, Stopping threads took: 0.0000560 seconds
392.695: Application time: 0.0250070 seconds
392.696: [Full GC [PSYoungGen: 138240K->32897K(161280K)] [ParOldGen: 367740K->367740K(368128K)] 505980K->400637K(529408K) [PSPermGen: 13650K->13650K(21504K)], 0.0738020 secs] [Times: user=0.52 sys=0.00, real=0.07 secs] 
392.769: Total time for which application threads were stopped: 0.0744120 seconds, Stopping threads took: 0.0000580 seconds
392.795: Application time: 0.0251160 seconds
392.795: [Full GC [PSYoungGen: 138240K->32841K(161280K)] [ParOldGen: 367740K->367740K(368128K)] 505980K->400582K(529408K) [PSPermGen: 13650K->13650K(21504K)], 0.0723640 secs] [Times: user=0.51 sys=0.00, real=0.07 secs] 
392.868: Total time for which application threads were stopped: 0.0730540 seconds, Stopping threads took: 0.0000660 seconds
392.893: Application time: 0.0249950 seconds
392.893: [Full GC [PSYoungGen: 138240K->32838K(161280K)] [ParOldGen: 367740K->367740K(368128K)] 505980K->400579K(529408K) [PSPermGen: 13650K->13650K(21504K)], 0.0747540 secs] [Times: user=0.53 sys=0.00, real=0.08 secs] 
392.968: Total time for which application threads were stopped: 0.0753580 seconds, Stopping threads took: 0.0000510 seconds
392.993: Application time: 0.0250080 seconds
392.994: [Full GC [PSYoungGen: 138240K->32854K(161280K)] [ParOldGen: 367740K->367740K(368128K)] 505980K->400595K(529408K) [PSPermGen: 13650K->13650K(21504K)], 0.0770210 secs] [Times: user=0.53 sys=0.00, real=0.07 secs] 
393.071: Total time for which application threads were stopped: 0.0776580 seconds, Stopping threads took: 0.0000560 seconds
393.096: Application time: 0.0250420 seconds
393.096: [Full GC [PSYoungGen: 138240K->32871K(161280K)] [ParOldGen: 367740K->367740K(368128K)] 505980K->400612K(529408K) [PSPermGen: 13650K->13650K(21504K)], 0.0749220 secs] [Times: user=0.52 sys=0.00, real=0.07 secs] 
393.171: Total time for which application threads were stopped: 0.0756100 seconds, Stopping threads took: 0.0000560 seconds
393.196: Application time: 0.0248640 seconds
393.197: [Full GC [PSYoungGen: 138240K->32885K(161280K)] [ParOldGen: 367740K->367740K(368128K)] 505980K->400626K(529408K) [PSPermGen: 13650K->13650K(21504K)], 0.0732330 secs] [Times: user=0.52 sys=0.00, real=0.07 secs] 
393.270: Total time for which application threads were stopped: 0.0738540 seconds, Stopping threads took: 0.0000680 seconds
393.295: Application time: 0.0250720 seconds
393.296: [Full GC [PSYoungGen: 138240K->32899K(161280K)] [ParOldGen: 367740K->367740K(368128K)] 505980K->400640K(529408K) [PSPermGen: 13650K->13650K(21504K)], 0.0734420 secs] [Times: user=0.52 sys=0.00, real=0.07 secs] 
393.369: Total time for which application threads were stopped: 0.0740700 seconds, Stopping threads took: 0.0000670 seconds
393.394: Application time: 0.0251570 seconds
393.395: [Full GC [PSYoungGen: 138240K->32913K(161280K)] [ParOldGen: 367740K->367740K(368128K)] 505980K->400654K(529408K) [PSPermGen: 13650K->13650K(21504K)], 0.0739120 secs] [Times: user=0.52 sys=0.00, real=0.07 secs] 
393.469: Total time for which application threads were stopped: 0.0745900 seconds, Stopping threads took: 0.0000530 seconds
393.494: Application time: 0.0251090 seconds
393.495: [Full GC [PSYoungGen: 138240K->32929K(161280K)] [ParOldGen: 367740K->367740K(368128K)] 505980K->400670K(529408K) [PSPermGen: 13650K->13650K(21504K)], 0.0731910 secs] [Times: user=0.51 sys=0.00, real=0.07 secs] 
393.568: Total time for which application threads were stopped: 0.0739020 seconds, Stopping threads took: 0.0000580 seconds
393.593: Application time: 0.0248580 seconds
393.593: [Full GC [PSYoungGen: 138240K->32944K(161280K)] [ParOldGen: 367740K->367740K(368128K)] 505980K->400685K(529408K) [PSPermGen: 13650K->13650K(21504K)], 0.0734110 secs] [Times: user=0.51 sys=0.00, real=0.08 secs] 
393.667: Total time for which application threads were stopped: 0.0740370 seconds, Stopping threads took: 0.0000500 seconds
393.692: Application time: 0.0251960 seconds
393.693: [Full GC [PSYoungGen: 138240K->32959K(161280K)] [ParOldGen: 367740K->367740K(368128K)] 505980K->400700K(529408K) [PSPermGen: 13650K->13650K(21504K)], 0.0738700 secs] [Times: user=0.52 sys=0.00, real=0.08 secs] 
393.767: Total time for which application threads were stopped: 0.0745670 seconds, Stopping threads took: 0.0000680 seconds
393.792: Application time: 0.0253090 seconds
393.793: [Full GC [PSYoungGen: 138240K->32976K(161280K)] [ParOldGen: 367740K->367740K(368128K)] 505980K->400717K(529408K) [PSPermGen: 13650K->13650K(21504K)], 0.0731080 secs] [Times: user=0.52 sys=0.00, real=0.08 secs] 
393.866: Total time for which application threads were stopped: 0.0737930 seconds, Stopping threads took: 0.0000620 seconds
393.891: Application time: 0.0253600 seconds
393.892: [Full GC [PSYoungGen: 138240K->32990K(161280K)] [ParOldGen: 367740K->367740K(368128K)] 505980K->400731K(529408K) [PSPermGen: 13650K->13650K(21504K)], 0.0740020 secs] [Times: user=0.52 sys=0.00, real=0.08 secs] 
393.966: Total time for which application threads were stopped: 0.0746020 seconds, Stopping threads took: 0.0000490 seconds
393.991: Application time: 0.0253420 seconds
393.992: [Full GC [PSYoungGen: 138240K->33001K(161280K)] [ParOldGen: 367740K->367740K(368128K)] 505980K->400742K(529408K) [PSPermGen: 13650K->13650K(21504K)], 0.0731670 secs] [Times: user=0.52 sys=0.00, real=0.07 secs] 
394.065: Total time for which application threads were stopped: 0.0738540 seconds, Stopping threads took: 0.0000530 seconds
394.090: Application time: 0.0252350 seconds
394.091: [Full GC [PSYoungGen: 138240K->33020K(161280K)] [ParOldGen: 367740K->367740K(368128K)] 505980K->400761K(529408K) [PSPermGen: 13650K->13650K(21504K)], 0.0748030 secs] [Times: user=0.51 sys=0.01, real=0.08 secs] 
394.166: Total time for which application threads were stopped: 0.0754620 seconds, Stopping threads took: 0.0000590 seconds
394.191: Application time: 0.0252160 seconds
394.191: [Full GC [PSYoungGen: 138240K->33034K(161280K)] [ParOldGen: 367740K->367740K(368128K)] 505980K->400775K(529408K) [PSPermGen: 13650K->13650K(21504K)], 0.0732060 secs] [Times: user=0.51 sys=0.00, real=0.07 secs] 
394.265: Total time for which application threads were stopped: 0.0739100 seconds, Stopping threads took: 0.0000640 seconds
394.289: Application time: 0.0244870 seconds
394.290: [Full GC [PSYoungGen: 138240K->33050K(161280K)] [ParOldGen: 367740K->367740K(368128K)] 505980K->400791K(529408K) [PSPermGen: 13650K->13650K(21504K)], 0.0730480 secs] [Times: user=0.52 sys=0.00, real=0.07 secs] 
394.363: Total time for which application threads were stopped: 0.0737300 seconds, Stopping threads took: 0.0000740 seconds
394.388: Application time: 0.0249480 seconds
394.388: [Full GC [PSYoungGen: 138240K->33065K(161280K)] [ParOldGen: 367740K->367740K(368128K)] 505980K->400806K(529408K) [PSPermGen: 13650K->13650K(21504K)], 0.0744100 secs] [Times: user=0.52 sys=0.01, real=0.07 secs] 
394.463: Total time for which application threads were stopped: 0.0750320 seconds, Stopping threads took: 0.0000700 seconds
394.488: Application time: 0.0250710 seconds
394.489: [Full GC [PSYoungGen: 138240K->33026K(161280K)] [ParOldGen: 367740K->367740K(368128K)] 505980K->400767K(529408K) [PSPermGen: 13650K->13650K(21504K)], 0.0738370 secs] [Times: user=0.50 sys=0.00, real=0.07 secs] 
394.562: Total time for which application threads were stopped: 0.0744410 seconds, Stopping threads took: 0.0000560 seconds
394.587: Application time: 0.0249510 seconds
394.588: [Full GC [PSYoungGen: 138240K->33024K(161280K)] [ParOldGen: 367740K->367740K(368128K)] 505980K->400765K(529408K) [PSPermGen: 13650K->13650K(21504K)], 0.0734000 secs] [Times: user=0.52 sys=0.00, real=0.07 secs] 
394.661: Total time for which application threads were stopped: 0.0740790 seconds, Stopping threads took: 0.0000570 seconds
394.686: Application time: 0.0250200 seconds
394.687: [Full GC [PSYoungGen: 138240K->33040K(161280K)] [ParOldGen: 367740K->367740K(368128K)] 505980K->400781K(529408K) [PSPermGen: 13650K->13650K(21504K)], 0.0736770 secs] [Times: user=0.52 sys=0.00, real=0.07 secs] 
394.761: Total time for which application threads were stopped: 0.0744040 seconds, Stopping threads took: 0.0000660 seconds
394.786: Application time: 0.0251020 seconds
394.787: [Full GC [PSYoungGen: 138240K->32998K(161280K)] [ParOldGen: 367740K->367740K(368128K)] 505980K->400739K(529408K) [PSPermGen: 13650K->13650K(21504K)], 0.0731290 secs] [Times: user=0.52 sys=0.00, real=0.07 secs] 
394.860: Total time for which application threads were stopped: 0.0738010 seconds, Stopping threads took: 0.0000530 seconds
394.884: Application time: 0.0244490 seconds
394.885: [Full GC [PSYoungGen: 138240K->32997K(161280K)] [ParOldGen: 367740K->367740K(368128K)] 505980K->400738K(529408K) [PSPermGen: 13650K->13650K(21504K)], 0.0726800 secs] [Times: user=0.51 sys=0.00, real=0.08 secs] 
394.958: Total time for which application threads were stopped: 0.0733510 seconds, Stopping threads took: 0.0000570 seconds
394.982: Application time: 0.0247430 seconds
394.983: [Full GC [PSYoungGen: 138240K->33014K(161280K)] [ParOldGen: 367740K->367740K(368128K)] 505980K->400755K(529408K) [PSPermGen: 13650K->13650K(21504K)], 0.0741680 secs] [Times: user=0.52 sys=0.00, real=0.08 secs] 
395.057: Total time for which application threads were stopped: 0.0747720 seconds, Stopping threads took: 0.0000460 seconds
395.082: Application time: 0.0247030 seconds
395.082: [Full GC [PSYoungGen: 138240K->33023K(161280K)] [ParOldGen: 367740K->367740K(368128K)] 505980K->400764K(529408K) [PSPermGen: 13650K->13650K(21504K)], 0.0734400 secs] [Times: user=0.52 sys=0.00, real=0.08 secs] 
395.156: Total time for which application threads were stopped: 0.0740930 seconds, Stopping threads took: 0.0000920 seconds
395.181: Application time: 0.0247250 seconds
395.181: [Full GC [PSYoungGen: 138240K->33044K(161280K)] [ParOldGen: 367740K->367740K(368128K)] 505980K->400785K(529408K) [PSPermGen: 13650K->13650K(21504K)], 0.0737550 secs] [Times: user=0.53 sys=0.00, real=0.08 secs] 
395.255: Total time for which application threads were stopped: 0.0744390 seconds, Stopping threads took: 0.0000620 seconds
395.280: Application time: 0.0246710 seconds
395.280: [Full GC [PSYoungGen: 138240K->33060K(161280K)] [ParOldGen: 367740K->367740K(368128K)] 505980K->400801K(529408K) [PSPermGen: 13650K->13650K(21504K)], 0.0738390 secs] [Times: user=0.52 sys=0.00, real=0.08 secs] 
395.354: Total time for which application threads were stopped: 0.0744720 seconds, Stopping threads took: 0.0000560 seconds
395.379: Application time: 0.0247280 seconds
395.380: [Full GC [PSYoungGen: 138240K->33078K(161280K)] [ParOldGen: 367740K->367740K(368128K)] 505980K->400819K(529408K) [PSPermGen: 13650K->13650K(21504K)], 0.0734470 secs] [Times: user=0.52 sys=0.00, real=0.07 secs] 
395.453: Total time for which application threads were stopped: 0.0741380 seconds, Stopping threads took: 0.0000480 seconds
395.478: Application time: 0.0248800 seconds
395.479: [Full GC [PSYoungGen: 138240K->33091K(161280K)] [ParOldGen: 367740K->367740K(368128K)] 505980K->400832K(529408K) [PSPermGen: 13650K->13650K(21504K)], 0.0744140 secs] [Times: user=0.52 sys=0.00, real=0.07 secs] 
395.553: Total time for which application threads were stopped: 0.0750220 seconds, Stopping threads took: 0.0000580 seconds
395.578: Application time: 0.0246550 seconds
395.578: [Full GC [PSYoungGen: 138240K->33103K(161280K)] [ParOldGen: 367740K->367740K(368128K)] 505980K->400844K(529408K) [PSPermGen: 13650K->13650K(21504K)], 0.0733620 secs] [Times: user=0.52 sys=0.00, real=0.07 secs] 
395.652: Total time for which application threads were stopped: 0.0740560 seconds, Stopping threads took: 0.0000530 seconds
395.676: Application time: 0.0246130 seconds
395.677: [Full GC [PSYoungGen: 138240K->33121K(161280K)] [ParOldGen: 367740K->367740K(368128K)] 505980K->400862K(529408K) [PSPermGen: 13650K->13650K(21504K)], 0.0734140 secs] [Times: user=0.52 sys=0.00, real=0.07 secs] 
395.750: Total time for which application threads were stopped: 0.0740890 seconds, Stopping threads took: 0.0000520 seconds
395.776: Application time: 0.0252800 seconds
395.776: [Full GC [PSYoungGen: 138240K->33074K(161280K)] [ParOldGen: 367740K->367740K(368128K)] 505980K->400815K(529408K) [PSPermGen: 13650K->13650K(21504K)], 0.0734470 secs] [Times: user=0.52 sys=0.00, real=0.07 secs] 
395.850: Total time for which application threads were stopped: 0.0741200 seconds, Stopping threads took: 0.0000450 seconds
395.876: Application time: 0.0262180 seconds
395.877: [Full GC [PSYoungGen: 138240K->32902K(161280K)] [ParOldGen: 367740K->367740K(368128K)] 505980K->400643K(529408K) [PSPermGen: 13650K->13650K(21504K)], 0.0739510 secs] [Times: user=0.51 sys=0.01, real=0.07 secs] 
395.951: Total time for which application threads were stopped: 0.0746940 seconds, Stopping threads took: 0.0000810 seconds
395.976: Application time: 0.0249610 seconds
395.976: [Full GC [PSYoungGen: 138240K->32884K(161280K)] [ParOldGen: 367740K->367740K(368128K)] 505980K->400625K(529408K) [PSPermGen: 13650K->13650K(21504K)], 0.0728570 secs] [Times: user=0.52 sys=0.00, real=0.07 secs] 
396.049: Total time for which application threads were stopped: 0.0735480 seconds, Stopping threads took: 0.0000640 seconds
396.075: Application time: 0.0259430 seconds
396.076: [Full GC [PSYoungGen: 138240K->32899K(161280K)] [ParOldGen: 367740K->367740K(368128K)] 505980K->400640K(529408K) [PSPermGen: 13650K->13650K(21504K)], 0.0732860 secs] [Times: user=0.51 sys=0.00, real=0.07 secs] 
396.149: Total time for which application threads were stopped: 0.0739460 seconds, Stopping threads took: 0.0000430 seconds
396.174: Application time: 0.0249240 seconds
396.175: [Full GC [PSYoungGen: 138240K->32853K(161280K)] [ParOldGen: 367740K->367740K(368128K)] 505980K->400594K(529408K) [PSPermGen: 13650K->13650K(21504K)], 0.0723710 secs] [Times: user=0.51 sys=0.00, real=0.07 secs] 
396.247: Total time for which application threads were stopped: 0.0730390 seconds, Stopping threads took: 0.0000630 seconds
396.272: Application time: 0.0249510 seconds
396.273: [Full GC [PSYoungGen: 138240K->32860K(161280K)] [ParOldGen: 367740K->367740K(368128K)] 505980K->400601K(529408K) [PSPermGen: 13650K->13650K(21504K)], 0.0731240 secs] [Times: user=0.52 sys=0.00, real=0.08 secs] 
396.346: Total time for which application threads were stopped: 0.0738450 seconds, Stopping threads took: 0.0000700 seconds
396.371: Application time: 0.0247270 seconds
396.371: [Full GC [PSYoungGen: 138240K->32875K(161280K)] [ParOldGen: 367740K->367740K(368128K)] 505980K->400616K(529408K) [PSPermGen: 13650K->13650K(21504K)], 0.0737420 secs] [Times: user=0.52 sys=0.00, real=0.07 secs] 
396.445: Total time for which application threads were stopped: 0.0743500 seconds, Stopping threads took: 0.0000510 seconds
396.470: Application time: 0.0250490 seconds
396.471: [Full GC [PSYoungGen: 138240K->32886K(161280K)] [ParOldGen: 367740K->367740K(368128K)] 505980K->400627K(529408K) [PSPermGen: 13650K->13650K(21504K)], 0.0731970 secs] [Times: user=0.51 sys=0.00, real=0.07 secs] 
396.544: Total time for which application threads were stopped: 0.0739130 seconds, Stopping threads took: 0.0000640 seconds
396.569: Application time: 0.0249540 seconds
396.570: [Full GC [PSYoungGen: 138240K->32902K(161280K)] [ParOldGen: 367740K->367740K(368128K)] 505980K->400643K(529408K) [PSPermGen: 13650K->13650K(21504K)], 0.0734560 secs] [Times: user=0.51 sys=0.00, real=0.07 secs] 
396.643: Total time for which application threads were stopped: 0.0740750 seconds, Stopping threads took: 0.0000590 seconds
396.668: Application time: 0.0249280 seconds
396.669: [Full GC [PSYoungGen: 138240K->32919K(161280K)] [ParOldGen: 367740K->367740K(368128K)] 505980K->400660K(529408K) [PSPermGen: 13650K->13650K(21504K)], 0.0755690 secs] [Times: user=0.54 sys=0.00, real=0.07 secs] 
396.744: Total time for which application threads were stopped: 0.0762770 seconds, Stopping threads took: 0.0000780 seconds
396.769: Application time: 0.0247680 seconds
396.770: [Full GC [PSYoungGen: 138240K->32935K(161280K)] [ParOldGen: 367740K->367740K(368128K)] 505980K->400676K(529408K) [PSPermGen: 13650K->13650K(21504K)], 0.0741580 secs] [Times: user=0.52 sys=0.00, real=0.07 secs] 
396.844: Total time for which application threads were stopped: 0.0747890 seconds, Stopping threads took: 0.0000670 seconds
396.869: Application time: 0.0251690 seconds
396.870: [Full GC [PSYoungGen: 138240K->32895K(161280K)] [ParOldGen: 367740K->367740K(368128K)] 505980K->400636K(529408K) [PSPermGen: 13650K->13650K(21504K)], 0.0731700 secs] [Times: user=0.52 sys=0.01, real=0.07 secs] 
396.943: Total time for which application threads were stopped: 0.0738740 seconds, Stopping threads took: 0.0000500 seconds
396.968: Application time: 0.0246960 seconds
396.968: [Full GC [PSYoungGen: 138240K->32896K(161280K)] [ParOldGen: 367740K->367740K(368128K)] 505980K->400637K(529408K) [PSPermGen: 13650K->13650K(21504K)], 0.0733460 secs] [Times: user=0.52 sys=0.00, real=0.07 secs] 
397.042: Total time for which application threads were stopped: 0.0740450 seconds, Stopping threads took: 0.0000610 seconds
397.067: Application time: 0.0249170 seconds
397.067: [Full GC [PSYoungGen: 138240K->32909K(161280K)] [ParOldGen: 367740K->367740K(368128K)] 505980K->400650K(529408K) [PSPermGen: 13650K->13650K(21504K)], 0.0740740 secs] [Times: user=0.51 sys=0.00, real=0.07 secs] 
397.141: Total time for which application threads were stopped: 0.0747970 seconds, Stopping threads took: 0.0000670 seconds
397.166: Application time: 0.0246140 seconds
397.167: [Full GC [PSYoungGen: 138240K->32924K(161280K)] [ParOldGen: 367740K->367740K(368128K)] 505980K->400665K(529408K) [PSPermGen: 13650K->13650K(21504K)], 0.0743600 secs] [Times: user=0.52 sys=0.00, real=0.07 secs] 
397.241: Total time for which application threads were stopped: 0.0750130 seconds, Stopping threads took: 0.0000440 seconds
397.266: Application time: 0.0250270 seconds
397.267: [Full GC [PSYoungGen: 138240K->32940K(161280K)] [ParOldGen: 367740K->367740K(368128K)] 505980K->400681K(529408K) [PSPermGen: 13650K->13650K(21504K)], 0.0730910 secs] [Times: user=0.51 sys=0.00, real=0.07 secs] 
397.340: Total time for which application threads were stopped: 0.0737770 seconds, Stopping threads took: 0.0000540 seconds
397.365: Application time: 0.0249550 seconds
397.365: [Full GC [PSYoungGen: 138240K->32953K(161280K)] [ParOldGen: 367740K->367740K(368128K)] 505980K->400694K(529408K) [PSPermGen: 13650K->13650K(21504K)], 0.0734990 secs] [Times: user=0.52 sys=0.00, real=0.08 secs] 
397.439: Total time for which application threads were stopped: 0.0741860 seconds, Stopping threads took: 0.0000560 seconds
397.464: Application time: 0.0247260 seconds
397.464: [Full GC [PSYoungGen: 138240K->32970K(161280K)] [ParOldGen: 367740K->367740K(368128K)] 505980K->400711K(529408K) [PSPermGen: 13650K->13650K(21504K)], 0.0753880 secs] [Times: user=0.53 sys=0.00, real=0.08 secs] 
397.540: Total time for which application threads were stopped: 0.0760630 seconds, Stopping threads took: 0.0000350 seconds
397.564: Application time: 0.0246350 seconds
397.565: [Full GC [PSYoungGen: 138240K->32985K(161280K)] [ParOldGen: 367740K->367740K(368128K)] 505980K->400726K(529408K) [PSPermGen: 13650K->13650K(21504K)], 0.0743050 secs] [Times: user=0.51 sys=0.00, real=0.08 secs] 
397.639: Total time for which application threads were stopped: 0.0750030 seconds, Stopping threads took: 0.0000650 seconds
397.664: Application time: 0.0249130 seconds
397.665: [Full GC [PSYoungGen: 138240K->32999K(161280K)] [ParOldGen: 367740K->367740K(368128K)] 505980K->400740K(529408K) [PSPermGen: 13650K->13650K(21504K)], 0.0742050 secs] [Times: user=0.53 sys=0.00, real=0.08 secs] 
397.739: Total time for which application threads were stopped: 0.0749130 seconds, Stopping threads took: 0.0000590 seconds
397.764: Application time: 0.0245830 seconds
397.764: [Full GC [PSYoungGen: 138240K->33016K(161280K)] [ParOldGen: 367740K->367740K(368128K)] 505980K->400757K(529408K) [PSPermGen: 13650K->13650K(21504K)], 0.0729090 secs] [Times: user=0.52 sys=0.00, real=0.08 secs] 
397.837: Total time for which application threads were stopped: 0.0736230 seconds, Stopping threads took: 0.0000800 seconds
397.862: Application time: 0.0245510 seconds
397.863: [Full GC [PSYoungGen: 138240K->33029K(161280K)] [ParOldGen: 367740K->367740K(368128K)] 505980K->400770K(529408K) [PSPermGen: 13650K->13650K(21504K)], 0.0737660 secs] [Times: user=0.52 sys=0.00, real=0.08 secs] 
397.936: Total time for which application threads were stopped: 0.0743840 seconds, Stopping threads took: 0.0000670 seconds
397.961: Application time: 0.0247280 seconds
397.962: [Full GC [PSYoungGen: 138240K->33045K(161280K)] [ParOldGen: 367740K->367740K(368128K)] 505980K->400786K(529408K) [PSPermGen: 13650K->13650K(21504K)], 0.0743460 secs] [Times: user=0.52 sys=0.00, real=0.08 secs] 
398.036: Total time for which application threads were stopped: 0.0749850 seconds, Stopping threads took: 0.0000770 seconds
398.061: Application time: 0.0249220 seconds
398.062: [Full GC [PSYoungGen: 138240K->33061K(161280K)] [ParOldGen: 367740K->367740K(368128K)] 505980K->400801K(529408K) [PSPermGen: 13650K->13650K(21504K)], 0.0733910 secs] [Times: user=0.51 sys=0.00, real=0.08 secs] 
398.135: Total time for which application threads were stopped: 0.0740910 seconds, Stopping threads took: 0.0000540 seconds
398.159: Application time: 0.0243160 seconds
398.160: [Full GC [PSYoungGen: 138240K->33073K(161280K)] [ParOldGen: 367740K->367740K(368128K)] 505980K->400814K(529408K) [PSPermGen: 13650K->13650K(21504K)], 0.0742210 secs] [Times: user=0.53 sys=0.00, real=0.08 secs] 
398.234: Total time for which application threads were stopped: 0.0748970 seconds, Stopping threads took: 0.0000540 seconds
398.259: Application time: 0.0246400 seconds
398.260: [Full GC [PSYoungGen: 138240K->33090K(161280K)] [ParOldGen: 367740K->367740K(368128K)] 505980K->400831K(529408K) [PSPermGen: 13650K->13650K(21504K)], 0.0741650 secs] [Times: user=0.51 sys=0.00, real=0.08 secs] 
398.334: Total time for which application threads were stopped: 0.0749030 seconds, Stopping threads took: 0.0000800 seconds
398.359: Application time: 0.0249440 seconds
398.359: [Full GC [PSYoungGen: 138240K->33036K(161280K)] [ParOldGen: 367740K->367740K(368128K)] 505980K->400777K(529408K) [PSPermGen: 13650K->13650K(21504K)], 0.0738870 secs] [Times: user=0.52 sys=0.00, real=0.07 secs] 
398.433: Total time for which application threads were stopped: 0.0745720 seconds, Stopping threads took: 0.0000740 seconds
398.458: Application time: 0.0247520 seconds
398.459: [Full GC [PSYoungGen: 138240K->33046K(161280K)] [ParOldGen: 367740K->367740K(368128K)] 505980K->400787K(529408K) [PSPermGen: 13650K->13650K(21504K)], 0.0735300 secs] [Times: user=0.52 sys=0.00, real=0.07 secs] 
398.532: Total time for which application threads were stopped: 0.0741460 seconds, Stopping threads took: 0.0000650 seconds
398.558: Application time: 0.0256060 seconds
398.559: [Full GC [PSYoungGen: 138240K->33007K(161280K)] [ParOldGen: 367740K->367740K(368128K)] 505980K->400748K(529408K) [PSPermGen: 13650K->13650K(21504K)], 0.0731060 secs] [Times: user=0.52 sys=0.00, real=0.07 secs] 
398.632: Total time for which application threads were stopped: 0.0738190 seconds, Stopping threads took: 0.0000720 seconds
398.656: Application time: 0.0244700 seconds
398.657: [Full GC [PSYoungGen: 138240K->33008K(161280K)] [ParOldGen: 367740K->367740K(368128K)] 505980K->400749K(529408K) [PSPermGen: 13650K->13650K(21504K)], 0.0739290 secs] [Times: user=0.52 sys=0.00, real=0.07 secs] 
398.731: Total time for which application threads were stopped: 0.0746490 seconds, Stopping threads took: 0.0000930 seconds
398.756: Application time: 0.0247930 seconds
398.756: [Full GC [PSYoungGen: 138240K->33023K(161280K)] [ParOldGen: 367740K->367740K(368128K)] 505980K->400764K(529408K) [PSPermGen: 13650K->13650K(21504K)], 0.0740750 secs] [Times: user=0.52 sys=0.00, real=0.07 secs] 
398.830: Total time for which application threads were stopped: 0.0746890 seconds, Stopping threads took: 0.0000590 seconds
398.855: Application time: 0.0249630 seconds
398.856: [Full GC [PSYoungGen: 138240K->33042K(161280K)] [ParOldGen: 367740K->367740K(368128K)] 505980K->400783K(529408K) [PSPermGen: 13650K->13650K(21504K)], 0.0731390 secs] [Times: user=0.51 sys=0.01, real=0.07 secs] 
398.929: Total time for which application threads were stopped: 0.0738860 seconds, Stopping threads took: 0.0000820 seconds
398.954: Application time: 0.0245580 seconds
398.954: [Full GC [PSYoungGen: 138240K->33056K(161280K)] [ParOldGen: 367740K->367740K(368128K)] 505980K->400797K(529408K) [PSPermGen: 13650K->13650K(21504K)], 0.0741700 secs] [Times: user=0.53 sys=0.00, real=0.07 secs] 
399.029: Total time for which application threads were stopped: 0.0748060 seconds, Stopping threads took: 0.0000610 seconds
399.053: Application time: 0.0245620 seconds
399.054: [Full GC [PSYoungGen: 138240K->33064K(161280K)] [ParOldGen: 367740K->367740K(368128K)] 505980K->400805K(529408K) [PSPermGen: 13650K->13650K(21504K)], 0.0791420 secs] [Times: user=0.54 sys=0.01, real=0.07 secs] 
399.133: Total time for which application threads were stopped: 0.0798370 seconds, Stopping threads took: 0.0000500 seconds
399.157: Application time: 0.0245070 seconds
399.158: [Full GC [PSYoungGen: 138240K->33085K(161280K)] [ParOldGen: 367740K->367740K(368128K)] 505980K->400826K(529408K) [PSPermGen: 13650K->13650K(21504K)], 0.0736020 secs] [Times: user=0.51 sys=0.00, real=0.07 secs] 
399.232: Total time for which application threads were stopped: 0.0742700 seconds, Stopping threads took: 0.0001140 seconds
399.257: Application time: 0.0247950 seconds
399.257: [Full GC [PSYoungGen: 138240K->33102K(161280K)] [ParOldGen: 367740K->367740K(368128K)] 505980K->400843K(529408K) [PSPermGen: 13650K->13650K(21504K)], 0.0736370 secs] [Times: user=0.52 sys=0.00, real=0.07 secs] 
399.331: Total time for which application threads were stopped: 0.0743310 seconds, Stopping threads took: 0.0000730 seconds
399.356: Application time: 0.0254550 seconds
399.357: [Full GC [PSYoungGen: 138240K->33109K(161280K)] [ParOldGen: 367740K->367740K(368128K)] 505980K->400850K(529408K) [PSPermGen: 13650K->13650K(21504K)], 0.0736340 secs] [Times: user=0.52 sys=0.00, real=0.07 secs] 
399.431: Total time for which application threads were stopped: 0.0742380 seconds, Stopping threads took: 0.0000300 seconds
399.446: Application time: 0.0150750 seconds
399.446: Total time for which application threads were stopped: 0.0005610 seconds, Stopping threads took: 0.0000810 seconds
399.459: Application time: 0.0126580 seconds
399.459: [Full GC [PSYoungGen: 138240K->32953K(161280K)] [ParOldGen: 367740K->367740K(368128K)] 505980K->400694K(529408K) [PSPermGen: 13650K->13650K(21504K)], 0.0736660 secs] [Times: user=0.51 sys=0.00, real=0.07 secs] 
399.533: Total time for which application threads were stopped: 0.0742720 seconds, Stopping threads took: 0.0000470 seconds
399.558: Application time: 0.0249080 seconds
399.559: [Full GC [PSYoungGen: 138240K->32935K(161280K)] [ParOldGen: 367740K->367740K(368128K)] 505980K->400676K(529408K) [PSPermGen: 13650K->13650K(21504K)], 0.0735480 secs] [Times: user=0.52 sys=0.00, real=0.07 secs] 
399.632: Total time for which application threads were stopped: 0.0742330 seconds, Stopping threads took: 0.0000500 seconds
399.657: Application time: 0.0248950 seconds
399.658: [Full GC [PSYoungGen: 138240K->32894K(161280K)] [ParOldGen: 367740K->367740K(368128K)] 505980K->400635K(529408K) [PSPermGen: 13650K->13650K(21504K)], 0.0732680 secs] [Times: user=0.51 sys=0.00, real=0.07 secs] 
399.731: Total time for which application threads were stopped: 0.0739590 seconds, Stopping threads took: 0.0000500 seconds
399.756: Application time: 0.0249620 seconds
399.757: [Full GC [PSYoungGen: 138240K->32895K(161280K)] [ParOldGen: 367740K->367740K(368128K)] 505980K->400636K(529408K) [PSPermGen: 13650K->13650K(21504K)], 0.0737430 secs] [Times: user=0.52 sys=0.00, real=0.07 secs] 
399.830: Total time for which application threads were stopped: 0.0743550 seconds, Stopping threads took: 0.0000620 seconds
399.855: Application time: 0.0249190 seconds
399.856: [Full GC [PSYoungGen: 138240K->32858K(161280K)] [ParOldGen: 367740K->367740K(368128K)] 505980K->400599K(529408K) [PSPermGen: 13650K->13650K(21504K)], 0.0733920 secs] [Times: user=0.52 sys=0.00, real=0.07 secs] 
399.929: Total time for which application threads were stopped: 0.0740720 seconds, Stopping threads took: 0.0000590 seconds
399.954: Application time: 0.0248710 seconds
399.955: [Full GC [PSYoungGen: 138240K->32854K(161280K)] [ParOldGen: 367740K->367740K(368128K)] 505980K->400594K(529408K) [PSPermGen: 13650K->13650K(21504K)], 0.0736660 secs] [Times: user=0.52 sys=0.00, real=0.07 secs] 
400.029: Total time for which application threads were stopped: 0.0743900 seconds, Stopping threads took: 0.0000630 seconds
400.054: Application time: 0.0247730 seconds
400.054: [Full GC [PSYoungGen: 138240K->32864K(161280K)] [ParOldGen: 367740K->367740K(368128K)] 505980K->400605K(529408K) [PSPermGen: 13650K->13650K(21504K)], 0.0746270 secs] [Times: user=0.52 sys=0.00, real=0.07 secs] 
400.129: Total time for which application threads were stopped: 0.0752280 seconds, Stopping threads took: 0.0000450 seconds
400.153: Application time: 0.0243880 seconds
400.154: [Full GC [PSYoungGen: 138240K->32884K(161280K)] [ParOldGen: 367740K->367740K(368128K)] 505980K->400625K(529408K) [PSPermGen: 13650K->13650K(21504K)], 0.0735040 secs] [Times: user=0.52 sys=0.00, real=0.07 secs] 
400.227: Total time for which application threads were stopped: 0.0741870 seconds, Stopping threads took: 0.0000530 seconds
400.252: Application time: 0.0248840 seconds
400.253: [Full GC [PSYoungGen: 138240K->32898K(161280K)] [ParOldGen: 367740K->367740K(368128K)] 505980K->400639K(529408K) [PSPermGen: 13650K->13650K(21504K)], 0.0731350 secs] [Times: user=0.52 sys=0.00, real=0.08 secs] 
400.326: Total time for which application threads were stopped: 0.0738260 seconds, Stopping threads took: 0.0000710 seconds
400.351: Application time: 0.0249950 seconds
400.352: [Full GC [PSYoungGen: 138240K->32916K(161280K)] [ParOldGen: 367740K->367740K(368128K)] 505980K->400657K(529408K) [PSPermGen: 13650K->13650K(21504K)], 0.0739200 secs] [Times: user=0.52 sys=0.00, real=0.08 secs] 
400.426: Total time for which application threads were stopped: 0.0745880 seconds, Stopping threads took: 0.0000600 seconds
400.450: Application time: 0.0248040 seconds
400.451: [Full GC [PSYoungGen: 138240K->32931K(161280K)] [ParOldGen: 367740K->367740K(368128K)] 505980K->400672K(529408K) [PSPermGen: 13650K->13650K(21504K)], 0.0733480 secs] [Times: user=0.51 sys=0.00, real=0.07 secs] 
400.524: Total time for which application threads were stopped: 0.0740460 seconds, Stopping threads took: 0.0000570 seconds
400.549: Application time: 0.0247500 seconds
400.550: [Full GC [PSYoungGen: 138240K->32879K(161280K)] [ParOldGen: 367740K->367740K(368128K)] 505980K->400620K(529408K) [PSPermGen: 13650K->13650K(21504K)], 0.0736950 secs] [Times: user=0.50 sys=0.00, real=0.07 secs] 
400.624: Total time for which application threads were stopped: 0.0744280 seconds, Stopping threads took: 0.0000760 seconds
400.648: Application time: 0.0247270 seconds
400.649: [Full GC [PSYoungGen: 138240K->32891K(161280K)] [ParOldGen: 367740K->367740K(368128K)] 505980K->400632K(529408K) [PSPermGen: 13650K->13650K(21504K)], 0.0740860 secs] [Times: user=0.52 sys=0.00, real=0.07 secs] 
400.723: Total time for which application threads were stopped: 0.0747030 seconds, Stopping threads took: 0.0000570 seconds
400.748: Application time: 0.0246090 seconds
400.748: [Full GC [PSYoungGen: 138240K->32904K(161280K)] [ParOldGen: 367740K->367740K(368128K)] 505980K->400645K(529408K) [PSPermGen: 13650K->13650K(21504K)], 0.0730000 secs] [Times: user=0.52 sys=0.00, real=0.07 secs] 
400.821: Total time for which application threads were stopped: 0.0736840 seconds, Stopping threads took: 0.0000470 seconds
400.846: Application time: 0.0245280 seconds
400.847: [Full GC [PSYoungGen: 138240K->32919K(161280K)] [ParOldGen: 367740K->367740K(368128K)] 505980K->400660K(529408K) [PSPermGen: 13650K->13650K(21504K)], 0.0741360 secs] [Times: user=0.51 sys=0.00, real=0.07 secs] 
400.921: Total time for which application threads were stopped: 0.0747600 seconds, Stopping threads took: 0.0000690 seconds
400.945: Application time: 0.0246310 seconds
400.946: [Full GC [PSYoungGen: 138240K->32935K(161280K)] [ParOldGen: 367740K->367740K(368128K)] 505980K->400676K(529408K) [PSPermGen: 13650K->13650K(21504K)], 0.0728630 secs] [Times: user=0.51 sys=0.00, real=0.07 secs] 
401.019: Total time for which application threads were stopped: 0.0735520 seconds, Stopping threads took: 0.0000540 seconds
401.044: Application time: 0.0246170 seconds
401.044: [Full GC [PSYoungGen: 138240K->32949K(161280K)] [ParOldGen: 367740K->367740K(368128K)] 505980K->400690K(529408K) [PSPermGen: 13650K->13650K(21504K)], 0.0730220 secs] [Times: user=0.51 sys=0.00, real=0.08 secs] 
401.117: Total time for which application threads were stopped: 0.0737210 seconds, Stopping threads took: 0.0000640 seconds
401.142: Application time: 0.0252310 seconds
401.143: [Full GC [PSYoungGen: 138240K->32964K(161280K)] [ParOldGen: 367740K->367740K(368128K)] 505980K->400705K(529408K) [PSPermGen: 13650K->13650K(21504K)], 0.0730790 secs] [Times: user=0.52 sys=0.00, real=0.08 secs] 
401.216: Total time for which application threads were stopped: 0.0737610 seconds, Stopping threads took: 0.0000470 seconds
401.241: Application time: 0.0245570 seconds
401.241: [Full GC [PSYoungGen: 138240K->32979K(161280K)] [ParOldGen: 367740K->367740K(368128K)] 505980K->400720K(529408K) [PSPermGen: 13650K->13650K(21504K)], 0.0733590 secs] [Times: user=0.52 sys=0.00, real=0.08 secs] 
401.315: Total time for which application threads were stopped: 0.0740280 seconds, Stopping threads took: 0.0000550 seconds
401.339: Application time: 0.0245990 seconds
401.340: [Full GC [PSYoungGen: 138240K->32994K(161280K)] [ParOldGen: 367740K->367740K(368128K)] 505980K->400735K(529408K) [PSPermGen: 13650K->13650K(21504K)], 0.0733620 secs] [Times: user=0.52 sys=0.00, real=0.07 secs] 
401.414: Total time for which application threads were stopped: 0.0741030 seconds, Stopping threads took: 0.0000920 seconds
401.438: Application time: 0.0245820 seconds
401.439: [Full GC [PSYoungGen: 138240K->33010K(161280K)] [ParOldGen: 367740K->367740K(368128K)] 505980K->400751K(529408K) [PSPermGen: 13650K->13650K(21504K)], 0.0731020 secs] [Times: user=0.51 sys=0.00, real=0.07 secs] 
401.512: Total time for which application threads were stopped: 0.0738080 seconds, Stopping threads took: 0.0000700 seconds
401.536: Application time: 0.0245020 seconds
401.537: [Full GC [PSYoungGen: 138240K->33025K(161280K)] [ParOldGen: 367740K->367740K(368128K)] 505980K->400766K(529408K) [PSPermGen: 13650K->13650K(21504K)], 0.0740710 secs] [Times: user=0.52 sys=0.00, real=0.07 secs] 
401.611: Total time for which application threads were stopped: 0.0747000 seconds, Stopping threads took: 0.0000630 seconds
401.636: Application time: 0.0245650 seconds
401.636: [Full GC [PSYoungGen: 138240K->33040K(161280K)] [ParOldGen: 367740K->367740K(368128K)] 505980K->400781K(529408K) [PSPermGen: 13650K->13650K(21504K)], 0.0726490 secs] [Times: user=0.52 sys=0.00, real=0.07 secs] 
401.709: Total time for which application threads were stopped: 0.0733100 seconds, Stopping threads took: 0.0000560 seconds
401.734: Application time: 0.0245980 seconds
401.734: [Full GC [PSYoungGen: 138240K->33056K(161280K)] [ParOldGen: 367740K->367740K(368128K)] 505980K->400797K(529408K) [PSPermGen: 13650K->13650K(21504K)], 0.0738510 secs] [Times: user=0.52 sys=0.00, real=0.07 secs] 
401.808: Total time for which application threads were stopped: 0.0744820 seconds, Stopping threads took: 0.0000500 seconds
401.833: Application time: 0.0247220 seconds
401.833: [Full GC [PSYoungGen: 138240K->33069K(161280K)] [ParOldGen: 367740K->367740K(368128K)] 505980K->400810K(529408K) [PSPermGen: 13650K->13650K(21504K)], 0.0738650 secs] [Times: user=0.51 sys=0.00, real=0.08 secs] 
401.907: Total time for which application threads were stopped: 0.0745400 seconds, Stopping threads took: 0.0000590 seconds
401.932: Application time: 0.0247590 seconds
401.933: [Full GC [PSYoungGen: 138240K->33085K(161280K)] [ParOldGen: 367740K->367740K(368128K)] 505980K->400826K(529408K) [PSPermGen: 13650K->13650K(21504K)], 0.0735010 secs] [Times: user=0.52 sys=0.00, real=0.08 secs] 
402.006: Total time for which application threads were stopped: 0.0741960 seconds, Stopping threads took: 0.0000660 seconds
402.031: Application time: 0.0246100 seconds
402.032: [Full GC [PSYoungGen: 138240K->33097K(161280K)] [ParOldGen: 367740K->367740K(368128K)] 505980K->400838K(529408K) [PSPermGen: 13650K->13650K(21504K)], 0.0737050 secs] [Times: user=0.53 sys=0.00, real=0.07 secs] 
402.105: Total time for which application threads were stopped: 0.0743940 seconds, Stopping threads took: 0.0000580 seconds
402.132: Application time: 0.0264350 seconds
402.132: [Full GC [PSYoungGen: 138240K->33115K(161280K)] [ParOldGen: 367740K->367740K(368128K)] 505980K->400855K(529408K) [PSPermGen: 13650K->13650K(21504K)], 0.0748540 secs] [Times: user=0.53 sys=0.00, real=0.08 secs] 
402.207: Total time for which application threads were stopped: 0.0755860 seconds, Stopping threads took: 0.0000840 seconds
402.232: Application time: 0.0247080 seconds
402.233: [Full GC [PSYoungGen: 138240K->33125K(161280K)] [ParOldGen: 367740K->367740K(368128K)] 505980K->400866K(529408K) [PSPermGen: 13650K->13650K(21504K)], 0.0734580 secs] [Times: user=0.51 sys=0.00, real=0.08 secs] 
402.306: Total time for which application threads were stopped: 0.0741690 seconds, Stopping threads took: 0.0000840 seconds
402.329: Application time: 0.0226000 seconds
402.330: Total time for which application threads were stopped: 0.0006530 seconds, Stopping threads took: 0.0000750 seconds
402.332: Application time: 0.0022990 seconds
402.332: [Full GC [PSYoungGen: 138240K->32970K(161280K)] [ParOldGen: 367740K->367740K(368128K)] 505980K->400711K(529408K) [PSPermGen: 13650K->13650K(21504K)], 0.0739460 secs] [Times: user=0.51 sys=0.00, real=0.08 secs] 
402.406: Total time for which application threads were stopped: 0.0745730 seconds, Stopping threads took: 0.0001080 seconds
402.432: Application time: 0.0253200 seconds
402.432: [Full GC [PSYoungGen: 138240K->32970K(161280K)] [ParOldGen: 367740K->367740K(368128K)] 505980K->400711K(529408K) [PSPermGen: 13650K->13650K(21504K)], 0.0732030 secs] [Times: user=0.52 sys=0.00, real=0.08 secs] 
402.506: Total time for which application threads were stopped: 0.0739140 seconds, Stopping threads took: 0.0000760 seconds
402.531: Application time: 0.0250500 seconds
402.531: [Full GC [PSYoungGen: 138240K->32983K(161280K)] [ParOldGen: 367740K->367740K(368128K)] 505980K->400724K(529408K) [PSPermGen: 13650K->13650K(21504K)], 0.0735330 secs] [Times: user=0.52 sys=0.00, real=0.07 secs] 
402.605: Total time for which application threads were stopped: 0.0742260 seconds, Stopping threads took: 0.0000520 seconds
402.630: Application time: 0.0253660 seconds
402.631: [Full GC [PSYoungGen: 138240K->32999K(161280K)] [ParOldGen: 367740K->367740K(368128K)] 505980K->400740K(529408K) [PSPermGen: 13650K->13650K(21504K)], 0.0733010 secs] [Times: user=0.52 sys=0.00, real=0.07 secs] 
402.704: Total time for which application threads were stopped: 0.0740080 seconds, Stopping threads took: 0.0000520 seconds
402.730: Application time: 0.0252300 seconds
402.730: [Full GC [PSYoungGen: 138240K->33016K(161280K)] [ParOldGen: 367740K->367740K(368128K)] 505980K->400757K(529408K) [PSPermGen: 13650K->13650K(21504K)], 0.0736080 secs] [Times: user=0.52 sys=0.00, real=0.07 secs] 
402.804: Total time for which application threads were stopped: 0.0743140 seconds, Stopping threads took: 0.0000630 seconds
402.829: Application time: 0.0254680 seconds
402.830: [Full GC [PSYoungGen: 138240K->33030K(161280K)] [ParOldGen: 367740K->367740K(368128K)] 505980K->400771K(529408K) [PSPermGen: 13650K->13650K(21504K)], 0.0738580 secs] [Times: user=0.51 sys=0.00, real=0.07 secs] 
402.904: Total time for which application threads were stopped: 0.0745870 seconds, Stopping threads took: 0.0000560 seconds
402.918: Application time: 0.0141680 seconds
402.919: Total time for which application threads were stopped: 0.0008100 seconds, Stopping threads took: 0.0002690 seconds
402.923: Application time: 0.0040140 seconds
402.924: Total time for which application threads were stopped: 0.0007370 seconds, Stopping threads took: 0.0001820 seconds
402.935: Application time: 0.0112570 seconds
402.936: [Full GC [PSYoungGen: 138240K->32834K(161280K)] [ParOldGen: 367740K->367740K(368128K)] 505980K->400574K(529408K) [PSPermGen: 13650K->13650K(21504K)], 0.0737380 secs] [Times: user=0.52 sys=0.00, real=0.07 secs] 
403.009: Total time for which application threads were stopped: 0.0745060 seconds, Stopping threads took: 0.0001430 seconds
403.018: Application time: 0.0084940 seconds
403.019: Total time for which application threads were stopped: 0.0007520 seconds, Stopping threads took: 0.0001920 seconds
403.044: Application time: 0.0256100 seconds
403.045: [Full GC [PSYoungGen: 138240K->32607K(161280K)] [ParOldGen: 367740K->367740K(368128K)] 505980K->400348K(529408K) [PSPermGen: 13650K->13650K(21504K)], 0.0729340 secs] [Times: user=0.51 sys=0.00, real=0.08 secs] 
403.118: Total time for which application threads were stopped: 0.0736530 seconds, Stopping threads took: 0.0000780 seconds
403.144: Application time: 0.0257800 seconds
403.144: Total time for which application threads were stopped: 0.0005510 seconds, Stopping threads took: 0.0000340 seconds
403.165: Application time: 0.0206460 seconds
403.165: [Full GC [PSYoungGen: 138240K->32485K(161280K)] [ParOldGen: 367740K->367740K(368128K)] 505980K->400226K(529408K) [PSPermGen: 13650K->13650K(21504K)], 0.0726990 secs] [Times: user=0.50 sys=0.00, real=0.08 secs] 
403.238: Total time for which application threads were stopped: 0.0733230 seconds, Stopping threads took: 0.0000280 seconds
403.285: Application time: 0.0468800 seconds
403.286: [Full GC [PSYoungGen: 138240K->32485K(161280K)] [ParOldGen: 367740K->367740K(368128K)] 505980K->400226K(529408K) [PSPermGen: 13650K->13650K(21504K)], 0.0734980 secs] [Times: user=0.51 sys=0.01, real=0.07 secs] 
403.359: Total time for which application threads were stopped: 0.0741080 seconds, Stopping threads took: 0.0000550 seconds
403.406: Application time: 0.0470880 seconds
403.407: [Full GC [PSYoungGen: 138240K->32500K(161280K)] [ParOldGen: 367740K->367740K(368128K)] 505980K->400241K(529408K) [PSPermGen: 13650K->13650K(21504K)], 0.0734390 secs] [Times: user=0.52 sys=0.00, real=0.07 secs] 
403.480: Total time for which application threads were stopped: 0.0740560 seconds, Stopping threads took: 0.0000300 seconds
403.561: Application time: 0.0808400 seconds
403.562: [Full GC [PSYoungGen: 138240K->32409K(161280K)] [ParOldGen: 367740K->367740K(368128K)] 505980K->400150K(529408K) [PSPermGen: 13650K->13650K(21504K)], 0.0732560 secs] [Times: user=0.51 sys=0.00, real=0.08 secs] 
403.635: Total time for which application threads were stopped: 0.0739090 seconds, Stopping threads took: 0.0000160 seconds
403.722: Application time: 0.0868160 seconds
403.723: [Full GC [PSYoungGen: 138240K->32410K(161280K)] [ParOldGen: 367740K->367740K(368128K)] 505980K->400151K(529408K) [PSPermGen: 13650K->13650K(21504K)], 0.0729360 secs] [Times: user=0.51 sys=0.00, real=0.08 secs] 
403.796: Total time for which application threads were stopped: 0.0735730 seconds, Stopping threads took: 0.0000150 seconds
403.833: Application time: 0.0376920 seconds
403.834: Total time for which application threads were stopped: 0.0004990 seconds, Stopping threads took: 0.0000160 seconds
403.834: Application time: 0.0000480 seconds
403.834: Total time for which application threads were stopped: 0.0002270 seconds, Stopping threads took: 0.0000130 seconds
403.834: Application time: 0.0000450 seconds
403.834: Total time for which application threads were stopped: 0.0001810 seconds, Stopping threads took: 0.0000330 seconds
403.835: Application time: 0.0005000 seconds
403.835: Total time for which application threads were stopped: 0.0001390 seconds, Stopping threads took: 0.0000060 seconds
403.844: Application time: 0.0089560 seconds
403.844: Total time for which application threads were stopped: 0.0001520 seconds, Stopping threads took: 0.0000050 seconds
403.844: Application time: 0.0000720 seconds
403.844: Total time for which application threads were stopped: 0.0001400 seconds, Stopping threads took: 0.0000180 seconds
403.844: Application time: 0.0000720 seconds
403.844: Total time for which application threads were stopped: 0.0001320 seconds, Stopping threads took: 0.0000170 seconds
403.844: Application time: 0.0000410 seconds
403.845: Total time for which application threads were stopped: 0.0001130 seconds, Stopping threads took: 0.0000030 seconds
403.845: Application time: 0.0000350 seconds
403.845: Total time for which application threads were stopped: 0.0001090 seconds, Stopping threads took: 0.0000030 seconds
403.845: Application time: 0.0000270 seconds
403.845: Total time for which application threads were stopped: 0.0001050 seconds, Stopping threads took: 0.0000030 seconds
403.845: Application time: 0.0000250 seconds
403.845: Total time for which application threads were stopped: 0.0001030 seconds, Stopping threads took: 0.0000030 seconds
403.845: Application time: 0.0000170 seconds
403.845: Total time for which application threads were stopped: 0.0001010 seconds, Stopping threads took: 0.0000030 seconds
403.845: Application time: 0.0000220 seconds
403.845: Total time for which application threads were stopped: 0.0000990 seconds, Stopping threads took: 0.0000040 seconds
403.845: Application time: 0.0000170 seconds
403.845: Total time for which application threads were stopped: 0.0000980 seconds, Stopping threads took: 0.0000030 seconds
403.845: Application time: 0.0000120 seconds
403.845: Total time for which application threads were stopped: 0.0000950 seconds, Stopping threads took: 0.0000030 seconds
403.845: Application time: 0.0000130 seconds
403.846: Total time for which application threads were stopped: 0.0000960 seconds, Stopping threads took: 0.0000030 seconds
403.846: Application time: 0.0000150 seconds
403.846: Total time for which application threads were stopped: 0.0000740 seconds, Stopping threads took: 0.0000030 seconds
403.846: Application time: 0.0000350 seconds
403.846: Total time for which application threads were stopped: 0.0000730 seconds, Stopping threads took: 0.0000030 seconds
403.846: Application time: 0.0000350 seconds
403.846: Total time for which application threads were stopped: 0.0000730 seconds, Stopping threads took: 0.0000030 seconds
403.846: Application time: 0.0000350 seconds
403.846: Total time for which application threads were stopped: 0.0000730 seconds, Stopping threads took: 0.0000030 seconds
403.846: Application time: 0.0000350 seconds
403.846: Total time for which application threads were stopped: 0.0000730 seconds, Stopping threads took: 0.0000030 seconds
403.846: Application time: 0.0000190 seconds
403.846: Total time for which application threads were stopped: 0.0000730 seconds, Stopping threads took: 0.0000030 seconds
403.847: Application time: 0.0011390 seconds
403.847: Total time for which application threads were stopped: 0.0000930 seconds, Stopping threads took: 0.0000130 seconds
403.858: Application time: 0.0106400 seconds
403.858: Total time for which application threads were stopped: 0.0003130 seconds, Stopping threads took: 0.0000110 seconds
403.860: Application time: 0.0016260 seconds
403.860: Total time for which application threads were stopped: 0.0002540 seconds, Stopping threads took: 0.0000260 seconds
403.918: Application time: 0.0574210 seconds
403.918: Total time for which application threads were stopped: 0.0004850 seconds, Stopping threads took: 0.0000090 seconds
403.920: Application time: 0.0022850 seconds
403.921: Total time for which application threads were stopped: 0.0002580 seconds, Stopping threads took: 0.0000180 seconds
403.928: Application time: 0.0072500 seconds
403.928: Total time for which application threads were stopped: 0.0003330 seconds, Stopping threads took: 0.0000180 seconds
403.998: Application time: 0.0700720 seconds
403.999: Total time for which application threads were stopped: 0.0005320 seconds, Stopping threads took: 0.0000100 seconds
404.066: Application time: 0.0669160 seconds
404.066: Total time for which application threads were stopped: 0.0004740 seconds, Stopping threads took: 0.0000130 seconds
404.312: Application time: 0.2456680 seconds
404.312: Total time for which application threads were stopped: 0.0002470 seconds, Stopping threads took: 0.0000080 seconds
Heap
 PSYoungGen      total 161280K, used 102312K [0x00000000f4c00000, 0x0000000100000000, 0x0000000100000000)
  eden space 138240K, 74% used [0x00000000f4c00000,0x00000000fafea158,0x00000000fd300000)
  from space 23040K, 0% used [0x00000000fe980000,0x00000000fe980000,0x0000000100000000)
  to   space 23040K, 0% used [0x00000000fd300000,0x00000000fd300000,0x00000000fe980000)
 ParOldGen       total 368128K, used 367740K [0x00000000de400000, 0x00000000f4b80000, 0x00000000f4c00000)
  object space 368128K, 99% used [0x00000000de400000,0x00000000f4b1f3d8,0x00000000f4b80000)
 PSPermGen       total 21504K, used 20974K [0x00000000d9200000, 0x00000000da700000, 0x00000000de400000)
  object space 21504K, 97% used [0x00000000d9200000,0x00000000da67bbf0,0x00000000da700000)
404.312: Application time: 0.0001880 seconds
