Java HotSpot(TM) 64-Bit Server VM (24.80-b11) for linux-amd64 JRE (1.7.0_80-b15), built on Apr 10 2015 19:53:14 by "java_re" with gcc 4.3.0 20080428 (Red Hat 4.3.0-8)
Memory: 4k page, physical 8000092k(6115976k free), swap 8218620k(8218620k free)
CommandLine flags: -XX:InitialHeapSize=945552384 -XX:MaxHeapSize=945552384 -XX:+PrintGC -XX:+PrintGCApplicationConcurrentTime -XX:+PrintGCApplicationStoppedTime -XX:+PrintGCDetails -XX:+PrintGCTimeStamps -XX:-UseAdaptiveSizePolicy -XX:+UseCompressedOops -XX:+UseParallelGC 
1.008: Application time: 0.9868940 seconds
1.008: Total time for which application threads were stopped: 0.0000430 seconds, Stopping threads took: 0.0000100 seconds
4.025: Application time: 3.0174630 seconds
4.025: Total time for which application threads were stopped: 0.0000670 seconds, Stopping threads took: 0.0000110 seconds
14.667: Application time: 10.6416010 seconds
14.667: Total time for which application threads were stopped: 0.0000340 seconds, Stopping threads took: 0.0000190 seconds
14.667: Application time: 0.0000630 seconds
14.667: Total time for which application threads were stopped: 0.0000230 seconds, Stopping threads took: 0.0000070 seconds
14.668: Application time: 0.0015970 seconds
14.668: Total time for which application threads were stopped: 0.0000100 seconds, Stopping threads took: 0.0000040 seconds
14.686: Application time: 0.0174140 seconds
14.686: Total time for which application threads were stopped: 0.0000380 seconds, Stopping threads took: 0.0000100 seconds
14.698: Application time: 0.0120850 seconds
14.698: [GC [PSYoungGen: 23142K->3337K(269824K)] 23142K->3345K(885760K), 0.0023040 secs] [Times: user=0.00 sys=0.01, real=0.00 secs] 
14.700: [Full GC [PSYoungGen: 3337K->0K(269824K)] [ParOldGen: 8K->3145K(615936K)] 3345K->3145K(885760K) [PSPermGen: 5076K->5074K(21504K)], 0.0114370 secs] [Times: user=0.05 sys=0.00, real=0.01 secs] 
14.712: Total time for which application threads were stopped: 0.0138560 seconds, Stopping threads took: 0.0000050 seconds
14.712: Application time: 0.0000540 seconds
14.712: [GC [PSYoungGen: 0K->0K(269824K)] 3145K->3145K(885760K), 0.0002980 secs] [Times: user=0.00 sys=0.00, real=0.00 secs] 
14.712: [Full GC [PSYoungGen: 0K->0K(269824K)] [ParOldGen: 3145K->3145K(615936K)] 3145K->3145K(885760K) [PSPermGen: 5074K->5074K(21504K)], 0.0040180 secs] [Times: user=0.02 sys=0.00, real=0.01 secs] 
14.716: Total time for which application threads were stopped: 0.0044100 seconds, Stopping threads took: 0.0000070 seconds
14.716: Application time: 0.0000400 seconds
14.716: Total time for which application threads were stopped: 0.0000340 seconds, Stopping threads took: 0.0000240 seconds
14.716: Application time: 0.0000250 seconds
14.716: Total time for which application threads were stopped: 0.0000190 seconds, Stopping threads took: 0.0000150 seconds
14.716: Application time: 0.0000310 seconds
14.716: Total time for which application threads were stopped: 0.0000170 seconds, Stopping threads took: 0.0000140 seconds
14.716: Application time: 0.0000130 seconds
14.716: Total time for which application threads were stopped: 0.0000130 seconds, Stopping threads took: 0.0000090 seconds
14.717: Application time: 0.0000140 seconds
14.717: Total time for which application threads were stopped: 0.0000160 seconds, Stopping threads took: 0.0000120 seconds
14.717: Application time: 0.0000110 seconds
14.717: Total time for which application threads were stopped: 0.0000140 seconds, Stopping threads took: 0.0000100 seconds
14.717: Application time: 0.0000110 seconds
14.717: Total time for which application threads were stopped: 0.0000140 seconds, Stopping threads took: 0.0000110 seconds
14.717: Application time: 0.0000880 seconds
14.717: Total time for which application threads were stopped: 0.0000160 seconds, Stopping threads took: 0.0000130 seconds
14.717: Application time: 0.0000090 seconds
14.717: Total time for which application threads were stopped: 0.0000170 seconds, Stopping threads took: 0.0000140 seconds
14.717: Application time: 0.0000090 seconds
14.717: Total time for which application threads were stopped: 0.0000130 seconds, Stopping threads took: 0.0000100 seconds
14.717: Application time: 0.0000080 seconds
14.717: Total time for which application threads were stopped: 0.0000130 seconds, Stopping threads took: 0.0000090 seconds
14.717: Application time: 0.0000100 seconds
14.717: Total time for which application threads were stopped: 0.0000130 seconds, Stopping threads took: 0.0000100 seconds
14.717: Application time: 0.0000100 seconds
14.717: Total time for which application threads were stopped: 0.0000150 seconds, Stopping threads took: 0.0000120 seconds
14.717: Application time: 0.0000080 seconds
14.717: Total time for which application threads were stopped: 0.0000160 seconds, Stopping threads took: 0.0000120 seconds
14.717: Application time: 0.0000090 seconds
14.717: Total time for which application threads were stopped: 0.0000170 seconds, Stopping threads took: 0.0000130 seconds
14.717: Application time: 0.0000090 seconds
14.717: Total time for which application threads were stopped: 0.0000160 seconds, Stopping threads took: 0.0000130 seconds
14.717: Application time: 0.0000080 seconds
14.717: Total time for which application threads were stopped: 0.0000120 seconds, Stopping threads took: 0.0000090 seconds
14.717: Application time: 0.0000090 seconds
14.717: Total time for which application threads were stopped: 0.0000150 seconds, Stopping threads took: 0.0000120 seconds
14.717: Application time: 0.0000080 seconds
14.717: Total time for which application threads were stopped: 0.0000120 seconds, Stopping threads took: 0.0000090 seconds
14.717: Application time: 0.0000090 seconds
14.717: Total time for which application threads were stopped: 0.0000210 seconds, Stopping threads took: 0.0000100 seconds
14.717: Application time: 0.0004370 seconds
14.717: Total time for which application threads were stopped: 0.0000200 seconds, Stopping threads took: 0.0000130 seconds
14.719: Application time: 0.0020000 seconds
14.719: Total time for which application threads were stopped: 0.0000080 seconds, Stopping threads took: 0.0000040 seconds
14.720: Application time: 0.0003410 seconds
14.720: Total time for which application threads were stopped: 0.0000070 seconds, Stopping threads took: 0.0000040 seconds
15.117: Application time: 0.3973380 seconds
15.117: Total time for which application threads were stopped: 0.0000580 seconds, Stopping threads took: 0.0000100 seconds
16.056: Application time: 0.9387990 seconds
16.056: Total time for which application threads were stopped: 0.0001230 seconds, Stopping threads took: 0.0000160 seconds
16.294: Application time: 0.2376920 seconds
16.294: Total time for which application threads were stopped: 0.0000850 seconds, Stopping threads took: 0.0000170 seconds
16.607: Application time: 0.3134760 seconds
16.608: [GC [PSYoungGen: 231424K->38399K(269824K)] 234569K->55627K(885760K), 0.0228990 secs] [Times: user=0.09 sys=0.01, real=0.02 secs] 
16.630: Total time for which application threads were stopped: 0.0230940 seconds, Stopping threads took: 0.0000180 seconds
16.631: Application time: 0.0001010 seconds
16.631: Total time for which application threads were stopped: 0.0000380 seconds, Stopping threads took: 0.0000220 seconds
16.631: Application time: 0.0000790 seconds
16.631: Total time for which application threads were stopped: 0.0000470 seconds, Stopping threads took: 0.0000200 seconds
16.631: Application time: 0.0000410 seconds
16.631: Total time for which application threads were stopped: 0.0000220 seconds, Stopping threads took: 0.0000160 seconds
16.631: Application time: 0.0000280 seconds
16.631: Total time for which application threads were stopped: 0.0000270 seconds, Stopping threads took: 0.0000120 seconds
16.631: Application time: 0.0000500 seconds
16.631: Total time for which application threads were stopped: 0.0000250 seconds, Stopping threads took: 0.0000200 seconds
16.631: Application time: 0.0000130 seconds
16.631: Total time for which application threads were stopped: 0.0000140 seconds, Stopping threads took: 0.0000100 seconds
16.631: Application time: 0.0000120 seconds
16.631: Total time for which application threads were stopped: 0.0000230 seconds, Stopping threads took: 0.0000190 seconds
16.631: Application time: 0.0000110 seconds
16.631: Total time for which application threads were stopped: 0.0000190 seconds, Stopping threads took: 0.0000150 seconds
16.631: Application time: 0.0000100 seconds
16.631: Total time for which application threads were stopped: 0.0000160 seconds, Stopping threads took: 0.0000130 seconds
16.631: Application time: 0.0000100 seconds
16.631: Total time for which application threads were stopped: 0.0000180 seconds, Stopping threads took: 0.0000140 seconds
16.631: Application time: 0.0000100 seconds
16.631: Total time for which application threads were stopped: 0.0000160 seconds, Stopping threads took: 0.0000130 seconds
16.631: Application time: 0.0000100 seconds
16.631: Total time for which application threads were stopped: 0.0000210 seconds, Stopping threads took: 0.0000120 seconds
16.631: Application time: 0.0000330 seconds
16.631: Total time for which application threads were stopped: 0.0000170 seconds, Stopping threads took: 0.0000130 seconds
16.631: Application time: 0.0000110 seconds
16.631: Total time for which application threads were stopped: 0.0000130 seconds, Stopping threads took: 0.0000080 seconds
16.631: Application time: 0.0000100 seconds
16.631: Total time for which application threads were stopped: 0.0000140 seconds, Stopping threads took: 0.0000060 seconds
16.631: Application time: 0.0000110 seconds
16.631: Total time for which application threads were stopped: 0.0000170 seconds, Stopping threads took: 0.0000140 seconds
16.631: Application time: 0.0000190 seconds
16.631: Total time for which application threads were stopped: 0.0000180 seconds, Stopping threads took: 0.0000150 seconds
16.631: Application time: 0.0000100 seconds
16.631: Total time for which application threads were stopped: 0.0000190 seconds, Stopping threads took: 0.0000160 seconds
16.631: Application time: 0.0000120 seconds
16.631: Total time for which application threads were stopped: 0.0000180 seconds, Stopping threads took: 0.0000150 seconds
16.631: Application time: 0.0000100 seconds
16.631: Total time for which application threads were stopped: 0.0000160 seconds, Stopping threads took: 0.0000120 seconds
16.631: Application time: 0.0000110 seconds
16.631: Total time for which application threads were stopped: 0.0000190 seconds, Stopping threads took: 0.0000150 seconds
16.631: Application time: 0.0000110 seconds
16.631: Total time for which application threads were stopped: 0.0000160 seconds, Stopping threads took: 0.0000120 seconds
16.631: Application time: 0.0000150 seconds
16.632: Total time for which application threads were stopped: 0.0000220 seconds, Stopping threads took: 0.0000180 seconds
16.632: Application time: 0.0000100 seconds
16.632: Total time for which application threads were stopped: 0.0000410 seconds, Stopping threads took: 0.0000130 seconds
16.632: Application time: 0.0000160 seconds
16.632: Total time for which application threads were stopped: 0.0000330 seconds, Stopping threads took: 0.0000160 seconds
16.632: Application time: 0.0000110 seconds
16.632: Total time for which application threads were stopped: 0.0000270 seconds, Stopping threads took: 0.0000130 seconds
16.632: Application time: 0.0000130 seconds
16.632: Total time for which application threads were stopped: 0.0000290 seconds, Stopping threads took: 0.0000140 seconds
16.632: Application time: 0.0000140 seconds
16.632: Total time for which application threads were stopped: 0.0000170 seconds, Stopping threads took: 0.0000100 seconds
16.632: Application time: 0.0000230 seconds
16.632: Total time for which application threads were stopped: 0.0000230 seconds, Stopping threads took: 0.0000140 seconds
16.632: Application time: 0.0000250 seconds
16.632: Total time for which application threads were stopped: 0.0000290 seconds, Stopping threads took: 0.0000160 seconds
16.632: Application time: 0.0000120 seconds
16.632: Total time for which application threads were stopped: 0.0000280 seconds, Stopping threads took: 0.0000180 seconds
16.632: Application time: 0.0000200 seconds
16.632: Total time for which application threads were stopped: 0.0000230 seconds, Stopping threads took: 0.0000140 seconds
16.632: Application time: 0.0000130 seconds
16.632: Total time for which application threads were stopped: 0.0000230 seconds, Stopping threads took: 0.0000150 seconds
16.632: Application time: 0.0000140 seconds
16.632: Total time for which application threads were stopped: 0.0000260 seconds, Stopping threads took: 0.0000150 seconds
16.632: Application time: 0.0000150 seconds
16.632: Total time for which application threads were stopped: 0.0000260 seconds, Stopping threads took: 0.0000140 seconds
16.632: Application time: 0.0000210 seconds
16.632: Total time for which application threads were stopped: 0.0000220 seconds, Stopping threads took: 0.0000140 seconds
16.632: Application time: 0.0000240 seconds
16.632: Total time for which application threads were stopped: 0.0000210 seconds, Stopping threads took: 0.0000130 seconds
16.632: Application time: 0.0000200 seconds
16.632: Total time for which application threads were stopped: 0.0000200 seconds, Stopping threads took: 0.0000120 seconds
16.632: Application time: 0.0000230 seconds
16.632: Total time for which application threads were stopped: 0.0000300 seconds, Stopping threads took: 0.0000130 seconds
16.634: Application time: 0.0021170 seconds
16.634: Total time for which application threads were stopped: 0.0000540 seconds, Stopping threads took: 0.0000230 seconds
16.638: Application time: 0.0034840 seconds
16.638: Total time for which application threads were stopped: 0.0000870 seconds, Stopping threads took: 0.0000470 seconds
16.638: Application time: 0.0000370 seconds
16.638: Total time for which application threads were stopped: 0.0000470 seconds, Stopping threads took: 0.0000250 seconds
16.648: Application time: 0.0100980 seconds
16.648: Total time for which application threads were stopped: 0.0000640 seconds, Stopping threads took: 0.0000180 seconds
16.648: Application time: 0.0000390 seconds
16.648: Total time for which application threads were stopped: 0.0000270 seconds, Stopping threads took: 0.0000080 seconds
16.648: Application time: 0.0000370 seconds
16.648: Total time for which application threads were stopped: 0.0000320 seconds, Stopping threads took: 0.0000080 seconds
16.648: Application time: 0.0000370 seconds
16.648: Total time for which application threads were stopped: 0.0000240 seconds, Stopping threads took: 0.0000080 seconds
16.648: Application time: 0.0000360 seconds
16.648: Total time for which application threads were stopped: 0.0000260 seconds, Stopping threads took: 0.0000080 seconds
16.649: Application time: 0.0000390 seconds
16.649: Total time for which application threads were stopped: 0.0000380 seconds, Stopping threads took: 0.0000150 seconds
16.649: Application time: 0.0000340 seconds
16.649: Total time for which application threads were stopped: 0.0000260 seconds, Stopping threads took: 0.0000070 seconds
16.649: Application time: 0.0000180 seconds
16.649: Total time for which application threads were stopped: 0.0000320 seconds, Stopping threads took: 0.0000110 seconds
16.649: Application time: 0.0000170 seconds
16.649: Total time for which application threads were stopped: 0.0000260 seconds, Stopping threads took: 0.0000060 seconds
17.155: Application time: 0.5063390 seconds
17.155: Total time for which application threads were stopped: 0.0001480 seconds, Stopping threads took: 0.0000160 seconds
17.396: Application time: 0.2412400 seconds
17.397: Total time for which application threads were stopped: 0.0001160 seconds, Stopping threads took: 0.0000250 seconds
17.406: Application time: 0.0095130 seconds
17.406: Total time for which application threads were stopped: 0.0000530 seconds, Stopping threads took: 0.0000360 seconds
17.611: Application time: 0.2051280 seconds
17.611: [GC [PSYoungGen: 269823K->38379K(269824K)] 287051K->102366K(885760K), 0.0408830 secs] [Times: user=0.30 sys=0.01, real=0.04 secs] 
17.652: Total time for which application threads were stopped: 0.0411060 seconds, Stopping threads took: 0.0000900 seconds
18.101: Application time: 0.4482530 seconds
18.101: [GC [PSYoungGen: 269803K->38380K(269824K)] 333790K->184301K(885760K), 0.0623810 secs] [Times: user=0.46 sys=0.02, real=0.06 secs] 
18.163: Total time for which application threads were stopped: 0.0626450 seconds, Stopping threads took: 0.0000580 seconds
19.005: Application time: 0.8415720 seconds
19.005: [GC [PSYoungGen: 269804K->38374K(269824K)] 415725K->203768K(885760K), 0.0739730 secs] [Times: user=0.58 sys=0.00, real=0.07 secs] 
19.079: Total time for which application threads were stopped: 0.0742650 seconds, Stopping threads took: 0.0000430 seconds
19.733: Application time: 0.6542110 seconds
19.734: [GC [PSYoungGen: 269798K->38375K(269824K)] 435192K->227778K(885760K), 0.0769120 secs] [Times: user=0.59 sys=0.02, real=0.07 secs] 
19.811: Total time for which application threads were stopped: 0.0772650 seconds, Stopping threads took: 0.0000800 seconds
19.821: Application time: 0.0103290 seconds
19.821: Total time for which application threads were stopped: 0.0001090 seconds, Stopping threads took: 0.0000550 seconds
19.821: Application time: 0.0000180 seconds
19.821: Total time for which application threads were stopped: 0.0000290 seconds, Stopping threads took: 0.0000070 seconds
20.114: Application time: 0.2928920 seconds
20.114: [GC [PSYoungGen: 269799K->38387K(269824K)] 459202K->279075K(885760K), 0.0641000 secs] [Times: user=0.50 sys=0.01, real=0.06 secs] 
20.178: Total time for which application threads were stopped: 0.0643290 seconds, Stopping threads took: 0.0000600 seconds
20.178: Application time: 0.0000940 seconds
20.179: Total time for which application threads were stopped: 0.0000890 seconds, Stopping threads took: 0.0000540 seconds
20.314: Application time: 0.1355090 seconds
20.314: [GC [PSYoungGen: 269811K->38396K(269824K)] 510499K->347493K(885760K), 0.0897670 secs] [Times: user=0.70 sys=0.01, real=0.09 secs] 
20.404: Total time for which application threads were stopped: 0.0900040 seconds, Stopping threads took: 0.0001140 seconds
20.413: Application time: 0.0088880 seconds
20.413: Total time for which application threads were stopped: 0.0002760 seconds, Stopping threads took: 0.0002140 seconds
20.413: Application time: 0.0000250 seconds
20.413: Total time for which application threads were stopped: 0.0000910 seconds, Stopping threads took: 0.0000500 seconds
20.413: Application time: 0.0000300 seconds
20.413: Total time for which application threads were stopped: 0.0001240 seconds, Stopping threads took: 0.0000550 seconds
20.414: Application time: 0.0000360 seconds
20.414: Total time for which application threads were stopped: 0.0000710 seconds, Stopping threads took: 0.0000360 seconds
20.414: Application time: 0.0000140 seconds
20.414: Total time for which application threads were stopped: 0.0000430 seconds, Stopping threads took: 0.0000260 seconds
20.946: Application time: 0.5325020 seconds
20.946: [GC [PSYoungGen: 269820K->38392K(269824K)] 578917K->385249K(885760K), 0.0782280 secs] [Times: user=0.58 sys=0.02, real=0.08 secs] 
21.025: Total time for which application threads were stopped: 0.0785110 seconds, Stopping threads took: 0.0000790 seconds
21.472: Application time: 0.4473930 seconds
21.472: [GC [PSYoungGen: 269816K->38387K(269824K)] 616673K->406831K(885760K), 0.0671540 secs] [Times: user=0.51 sys=0.00, real=0.07 secs] 
21.540: Total time for which application threads were stopped: 0.0674310 seconds, Stopping threads took: 0.0000920 seconds
21.540: Application time: 0.0002170 seconds
21.540: Total time for which application threads were stopped: 0.0001200 seconds, Stopping threads took: 0.0000750 seconds
21.724: Application time: 0.1843580 seconds
21.724: [GC [PSYoungGen: 269811K->38385K(269824K)] 638255K->462002K(885760K), 0.0939700 secs] [Times: user=0.73 sys=0.02, real=0.09 secs] 
21.818: Total time for which application threads were stopped: 0.0942250 seconds, Stopping threads took: 0.0000990 seconds
21.820: Application time: 0.0015660 seconds
21.820: Total time for which application threads were stopped: 0.0001100 seconds, Stopping threads took: 0.0000690 seconds
21.820: Application time: 0.0000210 seconds
21.820: Total time for which application threads were stopped: 0.0000490 seconds, Stopping threads took: 0.0000290 seconds
21.820: Application time: 0.0000150 seconds
21.820: Total time for which application threads were stopped: 0.0000530 seconds, Stopping threads took: 0.0000360 seconds
21.979: Application time: 0.1587700 seconds
21.979: [GC [PSYoungGen: 269809K->38387K(269824K)] 693426K->530403K(885760K), 0.1098910 secs] [Times: user=0.82 sys=0.04, real=0.11 secs] 
22.089: Total time for which application threads were stopped: 0.1101040 seconds, Stopping threads took: 0.0000950 seconds
22.097: Application time: 0.0077200 seconds
22.097: Total time for which application threads were stopped: 0.0000980 seconds, Stopping threads took: 0.0000770 seconds
22.097: Application time: 0.0000290 seconds
22.097: Total time for which application threads were stopped: 0.0000640 seconds, Stopping threads took: 0.0000450 seconds
22.097: Application time: 0.0000170 seconds
22.097: Total time for which application threads were stopped: 0.0000520 seconds, Stopping threads took: 0.0000350 seconds
22.097: Application time: 0.0000140 seconds
22.097: Total time for which application threads were stopped: 0.0000510 seconds, Stopping threads took: 0.0000290 seconds
22.421: Application time: 0.3235910 seconds
22.421: [GC [PSYoungGen: 269811K->38389K(269824K)] 761827K->567997K(885760K), 0.1280300 secs] [Times: user=1.00 sys=0.01, real=0.12 secs] 
22.549: [Full GC [PSYoungGen: 38389K->0K(269824K)] [ParOldGen: 529607K->149915K(615936K)] 567997K->149915K(885760K) [PSPermGen: 8987K->8974K(21504K)], 0.2721770 secs] [Times: user=2.01 sys=0.02, real=0.28 secs] 
22.821: Total time for which application threads were stopped: 0.4004690 seconds, Stopping threads took: 0.0000940 seconds
22.836: Application time: 0.0147040 seconds
22.836: Total time for which application threads were stopped: 0.0002000 seconds, Stopping threads took: 0.0001260 seconds
22.836: Application time: 0.0000330 seconds
22.836: Total time for which application threads were stopped: 0.0000850 seconds, Stopping threads took: 0.0000530 seconds
22.836: Application time: 0.0000180 seconds
22.836: Total time for which application threads were stopped: 0.0000360 seconds, Stopping threads took: 0.0000140 seconds
22.836: Application time: 0.0000190 seconds
22.837: Total time for which application threads were stopped: 0.0001800 seconds, Stopping threads took: 0.0000290 seconds
22.997: Application time: 0.1602260 seconds
22.997: [GC [PSYoungGen: 231424K->18416K(269824K)] 381339K->168331K(885760K), 0.0285350 secs] [Times: user=0.23 sys=0.00, real=0.03 secs] 
23.026: Total time for which application threads were stopped: 0.0287560 seconds, Stopping threads took: 0.0001220 seconds
23.125: Application time: 0.0998340 seconds
23.128: [GC [PSYoungGen: 249840K->38384K(269824K)] 399755K->221536K(885760K), 0.0385680 secs] [Times: user=0.31 sys=0.00, real=0.04 secs] 
23.167: Total time for which application threads were stopped: 0.0414090 seconds, Stopping threads took: 0.0027530 seconds
23.276: Application time: 0.1091090 seconds
23.277: [GC [PSYoungGen: 269808K->38368K(269824K)] 452960K->289384K(885760K), 0.0621660 secs] [Times: user=0.48 sys=0.00, real=0.06 secs] 
23.339: Total time for which application threads were stopped: 0.0632790 seconds, Stopping threads took: 0.0010240 seconds
23.493: Application time: 0.1539410 seconds
23.493: [GC [PSYoungGen: 269792K->38384K(269824K)] 520808K->323928K(885760K), 0.0524180 secs] [Times: user=0.42 sys=0.00, real=0.05 secs] 
23.546: Total time for which application threads were stopped: 0.0526220 seconds, Stopping threads took: 0.0000910 seconds
23.718: Application time: 0.1724090 seconds
23.718: [GC [PSYoungGen: 269808K->38384K(269824K)] 555352K->339101K(885760K), 0.0493650 secs] [Times: user=0.39 sys=0.00, real=0.05 secs] 
23.768: Total time for which application threads were stopped: 0.0495430 seconds, Stopping threads took: 0.0000850 seconds
23.892: Application time: 0.1238560 seconds
23.892: [GC [PSYoungGen: 269808K->38368K(269824K)] 570525K->392065K(885760K), 0.0622060 secs] [Times: user=0.49 sys=0.00, real=0.07 secs] 
23.954: Total time for which application threads were stopped: 0.0625030 seconds, Stopping threads took: 0.0001080 seconds
24.068: Application time: 0.1141160 seconds
24.069: [GC [PSYoungGen: 269792K->38368K(269824K)] 623489K->456596K(885760K), 0.0714670 secs] [Times: user=0.56 sys=0.00, real=0.07 secs] 
24.141: Total time for which application threads were stopped: 0.0723570 seconds, Stopping threads took: 0.0007750 seconds
24.283: Application time: 0.1419990 seconds
24.283: [GC [PSYoungGen: 269792K->38384K(269824K)] 688020K->503942K(885760K), 0.0691490 secs] [Times: user=0.54 sys=0.00, real=0.06 secs] 
24.352: Total time for which application threads were stopped: 0.0694290 seconds, Stopping threads took: 0.0001260 seconds
24.507: Application time: 0.1547290 seconds
24.507: [GC [PSYoungGen: 269808K->38384K(269824K)] 735366K->525462K(885760K), 0.0552810 secs] [Times: user=0.44 sys=0.00, real=0.06 secs] 
24.562: Total time for which application threads were stopped: 0.0555660 seconds, Stopping threads took: 0.0001210 seconds
24.689: Application time: 0.1268780 seconds
24.689: [GC [PSYoungGen: 269808K->38384K(269824K)] 756886K->571602K(885760K), 0.0644970 secs] [Times: user=0.50 sys=0.00, real=0.07 secs] 
24.754: [Full GC [PSYoungGen: 38384K->0K(269824K)] [ParOldGen: 533217K->113160K(615936K)] 571602K->113160K(885760K) [PSPermGen: 9013K->9012K(21504K)], 0.1364700 secs] [Times: user=1.01 sys=0.00, real=0.13 secs] 
24.890: Total time for which application threads were stopped: 0.2012750 seconds, Stopping threads took: 0.0000730 seconds
24.997: Application time: 0.1066030 seconds
24.998: [GC [PSYoungGen: 231424K->38386K(269824K)] 344584K->175100K(885760K), 0.0318420 secs] [Times: user=0.25 sys=0.00, real=0.03 secs] 
25.030: Total time for which application threads were stopped: 0.0329540 seconds, Stopping threads took: 0.0010240 seconds
25.160: Application time: 0.1301360 seconds
25.160: [GC [PSYoungGen: 269810K->38384K(269824K)] 406524K->218436K(885760K), 0.0455340 secs] [Times: user=0.35 sys=0.00, real=0.05 secs] 
25.206: Total time for which application threads were stopped: 0.0458400 seconds, Stopping threads took: 0.0001550 seconds
25.359: Application time: 0.1528810 seconds
25.359: [GC [PSYoungGen: 269808K->38368K(269824K)] 449860K->236656K(885760K), 0.0405640 secs] [Times: user=0.32 sys=0.00, real=0.04 secs] 
25.400: Total time for which application threads were stopped: 0.0408110 seconds, Stopping threads took: 0.0001430 seconds
25.538: Application time: 0.1379520 seconds
25.538: [GC [PSYoungGen: 269792K->38368K(269824K)] 468080K->275730K(885760K), 0.0529900 secs] [Times: user=0.42 sys=0.00, real=0.05 secs] 
25.591: Total time for which application threads were stopped: 0.0531740 seconds, Stopping threads took: 0.0000840 seconds
25.697: Application time: 0.1060110 seconds
25.701: [GC [PSYoungGen: 269792K->38368K(269824K)] 507154K->339208K(885760K), 0.0642340 secs] [Times: user=0.50 sys=0.00, real=0.06 secs] 
25.765: Total time for which application threads were stopped: 0.0684350 seconds, Stopping threads took: 0.0040970 seconds
25.889: Application time: 0.1234810 seconds
25.890: [GC [PSYoungGen: 269792K->38368K(269824K)] 570632K->386344K(885760K), 0.0589030 secs] [Times: user=0.47 sys=0.00, real=0.06 secs] 
25.949: Total time for which application threads were stopped: 0.0604880 seconds, Stopping threads took: 0.0014570 seconds
26.085: Application time: 0.1357240 seconds
26.085: [GC [PSYoungGen: 269792K->38368K(269824K)] 617768K->403369K(885760K), 0.0595200 secs] [Times: user=0.47 sys=0.00, real=0.06 secs] 
26.145: Total time for which application threads were stopped: 0.0597360 seconds, Stopping threads took: 0.0001250 seconds
26.243: Application time: 0.0986050 seconds
26.243: [GC [PSYoungGen: 269792K->38368K(269824K)] 634793K->449101K(885760K), 0.0568200 secs] [Times: user=0.45 sys=0.00, real=0.05 secs] 
26.300: Total time for which application threads were stopped: 0.0570090 seconds, Stopping threads took: 0.0000880 seconds
26.380: Application time: 0.0801640 seconds
26.381: [GC [PSYoungGen: 269792K->38384K(269824K)] 680525K->520404K(885760K), 0.0687510 secs] [Times: user=0.55 sys=0.00, real=0.07 secs] 
26.449: Total time for which application threads were stopped: 0.0689350 seconds, Stopping threads took: 0.0000900 seconds
26.559: Application time: 0.1094790 seconds
26.561: [GC [PSYoungGen: 269808K->38368K(269824K)] 751828K->567724K(885760K), 0.0613520 secs] [Times: user=0.49 sys=0.00, real=0.06 secs] 
26.622: Total time for which application threads were stopped: 0.0635000 seconds, Stopping threads took: 0.0020470 seconds
26.753: Application time: 0.1301600 seconds
26.753: [GC [PSYoungGen: 269792K->38384K(269824K)] 799148K->584929K(885760K), 0.0498880 secs] [Times: user=0.39 sys=0.00, real=0.06 secs] 
26.803: [Full GC [PSYoungGen: 38384K->0K(269824K)] [ParOldGen: 546544K->122653K(615936K)] 584929K->122653K(885760K) [PSPermGen: 9020K->9020K(21504K)], 0.1528140 secs] [Times: user=1.12 sys=0.00, real=0.15 secs] 
26.956: Total time for which application threads were stopped: 0.2029870 seconds, Stopping threads took: 0.0001300 seconds
27.071: Application time: 0.1153090 seconds
27.071: [GC [PSYoungGen: 231424K->38389K(269824K)] 354077K->166163K(885760K), 0.0243890 secs] [Times: user=0.18 sys=0.00, real=0.03 secs] 
27.095: Total time for which application threads were stopped: 0.0245880 seconds, Stopping threads took: 0.0000910 seconds
27.173: Application time: 0.0772420 seconds
27.173: [GC [PSYoungGen: 269813K->38368K(269824K)] 397587K->231623K(885760K), 0.0501610 secs] [Times: user=0.40 sys=0.00, real=0.06 secs] 
27.223: Total time for which application threads were stopped: 0.0503230 seconds, Stopping threads took: 0.0000780 seconds
27.324: Application time: 0.1013340 seconds
27.324: [GC [PSYoungGen: 269792K->38384K(269824K)] 463047K->275549K(885760K), 0.0484270 secs] [Times: user=0.39 sys=0.00, real=0.05 secs] 
27.373: Total time for which application threads were stopped: 0.0485880 seconds, Stopping threads took: 0.0000750 seconds
27.497: Application time: 0.1240720 seconds
27.497: [GC [PSYoungGen: 269808K->38368K(269824K)] 506973K->284673K(885760K), 0.0375910 secs] [Times: user=0.30 sys=0.00, real=0.04 secs] 
27.535: Total time for which application threads were stopped: 0.0377370 seconds, Stopping threads took: 0.0000660 seconds
27.640: Application time: 0.1054610 seconds
27.641: [GC [PSYoungGen: 269792K->38384K(269824K)] 516097K->322679K(885760K), 0.0503190 secs] [Times: user=0.40 sys=0.00, real=0.05 secs] 
27.691: Total time for which application threads were stopped: 0.0509190 seconds, Stopping threads took: 0.0004920 seconds
27.771: Application time: 0.0796550 seconds
27.771: [GC [PSYoungGen: 269808K->38384K(269824K)] 554103K->393971K(885760K), 0.0664970 secs] [Times: user=0.53 sys=0.00, real=0.07 secs] 
27.837: Total time for which application threads were stopped: 0.0666810 seconds, Stopping threads took: 0.0000940 seconds
27.941: Application time: 0.1035420 seconds
27.941: [GC [PSYoungGen: 269808K->38384K(269824K)] 625395K->444309K(885760K), 0.0616450 secs] [Times: user=0.49 sys=0.00, real=0.06 secs] 
28.003: Total time for which application threads were stopped: 0.0618050 seconds, Stopping threads took: 0.0000730 seconds
28.137: Application time: 0.1343580 seconds
28.137: [GC [PSYoungGen: 269808K->38368K(269824K)] 675733K->462159K(885760K), 0.0486920 secs] [Times: user=0.38 sys=0.00, real=0.05 secs] 
28.186: Total time for which application threads were stopped: 0.0488440 seconds, Stopping threads took: 0.0000680 seconds
28.287: Application time: 0.1004950 seconds
28.289: [GC [PSYoungGen: 269792K->38368K(269824K)] 693583K->504754K(885760K), 0.0541040 secs] [Times: user=0.43 sys=0.00, real=0.06 secs] 
28.343: Total time for which application threads were stopped: 0.0565970 seconds, Stopping threads took: 0.0023860 seconds
28.425: Application time: 0.0816250 seconds
28.429: [GC [PSYoungGen: 269792K->38368K(269824K)] 736178K->574309K(885760K), 0.0679360 secs] [Times: user=0.53 sys=0.00, real=0.07 secs] 
28.497: [Full GC [PSYoungGen: 38368K->0K(269824K)] [ParOldGen: 535941K->132353K(615936K)] 574309K->132353K(885760K) [PSPermGen: 9034K->9034K(21504K)], 0.1507940 secs] [Times: user=1.11 sys=0.00, real=0.15 secs] 
28.648: Total time for which application threads were stopped: 0.2230320 seconds, Stopping threads took: 0.0041380 seconds
28.747: Application time: 0.0996850 seconds
28.748: [GC [PSYoungGen: 231424K->38368K(269824K)] 363777K->184967K(885760K), 0.0308780 secs] [Times: user=0.25 sys=0.00, real=0.03 secs] 
28.779: Total time for which application threads were stopped: 0.0310570 seconds, Stopping threads took: 0.0000890 seconds
28.901: Application time: 0.1226470 seconds
28.901: [GC [PSYoungGen: 269792K->38368K(269824K)] 416391K->194046K(885760K), 0.0332110 secs] [Times: user=0.26 sys=0.00, real=0.03 secs] 
28.935: Total time for which application threads were stopped: 0.0333850 seconds, Stopping threads took: 0.0000860 seconds
29.033: Application time: 0.0981370 seconds
29.033: [GC [PSYoungGen: 269792K->38368K(269824K)] 425470K->229187K(885760K), 0.0437880 secs] [Times: user=0.34 sys=0.00, real=0.05 secs] 
29.077: Total time for which application threads were stopped: 0.0439620 seconds, Stopping threads took: 0.0000870 seconds
29.156: Application time: 0.0788650 seconds
29.156: [GC [PSYoungGen: 269792K->38368K(269824K)] 460611K->292895K(885760K), 0.0601260 secs] [Times: user=0.48 sys=0.00, real=0.06 secs] 
29.216: Total time for which application threads were stopped: 0.0602940 seconds, Stopping threads took: 0.0000810 seconds
29.312: Application time: 0.0959510 seconds
29.312: [GC [PSYoungGen: 269792K->38384K(269824K)] 524319K->348476K(885760K), 0.0640250 secs] [Times: user=0.51 sys=0.00, real=0.07 secs] 
29.376: Total time for which application threads were stopped: 0.0641910 seconds, Stopping threads took: 0.0000790 seconds
29.499: Application time: 0.1234360 seconds
29.500: [GC [PSYoungGen: 269808K->38368K(269824K)] 579900K->365009K(885760K), 0.0490060 secs] [Times: user=0.39 sys=0.00, real=0.05 secs] 
29.549: Total time for which application threads were stopped: 0.0491870 seconds, Stopping threads took: 0.0000850 seconds
29.648: Application time: 0.0994290 seconds
29.648: [GC [PSYoungGen: 269792K->38368K(269824K)] 596433K->405010K(885760K), 0.0565690 secs] [Times: user=0.45 sys=0.00, real=0.06 secs] 
29.705: Total time for which application threads were stopped: 0.0567280 seconds, Stopping threads took: 0.0000690 seconds
29.787: Application time: 0.0819560 seconds
29.787: [GC [PSYoungGen: 269792K->38384K(269824K)] 636434K->473652K(885760K), 0.0713340 secs] [Times: user=0.57 sys=0.00, real=0.07 secs] 
29.858: Total time for which application threads were stopped: 0.0715070 seconds, Stopping threads took: 0.0000870 seconds
29.959: Application time: 0.1004940 seconds
29.959: [GC [PSYoungGen: 269808K->38368K(269824K)] 705076K->531122K(885760K), 0.0720600 secs] [Times: user=0.56 sys=0.00, real=0.07 secs] 
30.031: Total time for which application threads were stopped: 0.0722410 seconds, Stopping threads took: 0.0000940 seconds
30.164: Application time: 0.1330480 seconds
30.164: [GC [PSYoungGen: 269792K->38384K(269824K)] 762546K->547714K(885760K), 0.0529320 secs] [Times: user=0.43 sys=0.00, real=0.05 secs] 
30.217: Total time for which application threads were stopped: 0.0531040 seconds, Stopping threads took: 0.0000800 seconds
30.320: Application time: 0.1026820 seconds
30.320: [GC [PSYoungGen: 269808K->38384K(269824K)] 779138K->586302K(885760K), 0.0589690 secs] [Times: user=0.47 sys=0.00, real=0.06 secs] 
30.379: [Full GC [PSYoungGen: 38384K->0K(269824K)] [ParOldGen: 547918K->103279K(615936K)] 586302K->103279K(885760K) [PSPermGen: 9048K->9048K(21504K)], 0.1119690 secs] [Times: user=0.80 sys=0.00, real=0.11 secs] 
30.491: Total time for which application threads were stopped: 0.1711720 seconds, Stopping threads took: 0.0000890 seconds
30.571: Application time: 0.0802180 seconds
30.571: [GC [PSYoungGen: 231424K->38386K(269824K)] 334703K->171372K(885760K), 0.0341160 secs] [Times: user=0.27 sys=0.00, real=0.04 secs] 
30.606: Total time for which application threads were stopped: 0.0343020 seconds, Stopping threads took: 0.0000870 seconds
30.700: Application time: 0.0944060 seconds
30.700: [GC [PSYoungGen: 269810K->38368K(269824K)] 402796K->226009K(885760K), 0.0508470 secs] [Times: user=0.41 sys=0.00, real=0.05 secs] 
30.751: Total time for which application threads were stopped: 0.0510490 seconds, Stopping threads took: 0.0001030 seconds
30.875: Application time: 0.1238200 seconds
30.875: [GC [PSYoungGen: 269792K->38368K(269824K)] 457433K->234789K(885760K), 0.0360910 secs] [Times: user=0.28 sys=0.00, real=0.03 secs] 
30.911: Total time for which application threads were stopped: 0.0362800 seconds, Stopping threads took: 0.0001090 seconds
31.013: Application time: 0.1019700 seconds
31.013: [GC [PSYoungGen: 269792K->38368K(269824K)] 466213K->261625K(885760K), 0.0410320 secs] [Times: user=0.31 sys=0.00, real=0.04 secs] 
31.054: Total time for which application threads were stopped: 0.0411890 seconds, Stopping threads took: 0.0000670 seconds
31.132: Application time: 0.0782110 seconds
31.133: [GC [PSYoungGen: 269792K->38384K(269824K)] 493049K->325597K(885760K), 0.0574050 secs] [Times: user=0.45 sys=0.00, real=0.06 secs] 
31.190: Total time for which application threads were stopped: 0.0575660 seconds, Stopping threads took: 0.0000800 seconds
31.282: Application time: 0.0923980 seconds
31.283: [GC [PSYoungGen: 269808K->38368K(269824K)] 557021K->387195K(885760K), 0.0621500 secs] [Times: user=0.49 sys=0.00, real=0.06 secs] 
31.345: Total time for which application threads were stopped: 0.0629040 seconds, Stopping threads took: 0.0006580 seconds
31.470: Application time: 0.1248440 seconds
31.470: [GC [PSYoungGen: 269792K->38384K(269824K)] 618619K->406399K(885760K), 0.0452670 secs] [Times: user=0.36 sys=0.00, real=0.05 secs] 
31.516: Total time for which application threads were stopped: 0.0454480 seconds, Stopping threads took: 0.0001000 seconds
31.619: Application time: 0.1036070 seconds
31.619: [GC [PSYoungGen: 269808K->38384K(269824K)] 637823K->443212K(885760K), 0.0498730 secs] [Times: user=0.39 sys=0.00, real=0.05 secs] 
31.669: Total time for which application threads were stopped: 0.0500580 seconds, Stopping threads took: 0.0001000 seconds
31.748: Application time: 0.0789160 seconds
31.748: [GC [PSYoungGen: 269808K->38368K(269824K)] 674636K->507796K(885760K), 0.0595130 secs] [Times: user=0.47 sys=0.00, real=0.06 secs] 
31.808: Total time for which application threads were stopped: 0.0596700 seconds, Stopping threads took: 0.0000700 seconds
31.898: Application time: 0.0902200 seconds
31.898: [GC [PSYoungGen: 269792K->38384K(269824K)] 739220K->568899K(885760K), 0.0611010 secs] [Times: user=0.48 sys=0.00, real=0.06 secs] 
31.959: [Full GC [PSYoungGen: 38384K->0K(269824K)] [ParOldGen: 530514K->158579K(615936K)] 568899K->158579K(885760K) [PSPermGen: 9050K->9050K(21504K)], 0.1939080 secs] [Times: user=1.45 sys=0.00, real=0.20 secs] 
32.153: Total time for which application threads were stopped: 0.2552610 seconds, Stopping threads took: 0.0000860 seconds
32.280: Application time: 0.1263110 seconds
32.280: [GC [PSYoungGen: 231424K->19600K(269824K)] 390003K->178179K(885760K), 0.0192910 secs] [Times: user=0.15 sys=0.00, real=0.02 secs] 
32.299: Total time for which application threads were stopped: 0.0194550 seconds, Stopping threads took: 0.0000830 seconds
32.404: Application time: 0.1044460 seconds
32.404: [GC [PSYoungGen: 251024K->38386K(269824K)] 409603K->213021K(885760K), 0.0355280 secs] [Times: user=0.28 sys=0.00, real=0.03 secs] 
32.439: Total time for which application threads were stopped: 0.0357230 seconds, Stopping threads took: 0.0000940 seconds
32.519: Application time: 0.0793720 seconds
32.519: [GC [PSYoungGen: 269810K->38368K(269824K)] 444445K->273364K(885760K), 0.0549920 secs] [Times: user=0.43 sys=0.00, real=0.06 secs] 
32.574: Total time for which application threads were stopped: 0.0551680 seconds, Stopping threads took: 0.0000880 seconds
32.667: Application time: 0.0936220 seconds
32.668: [GC [PSYoungGen: 269792K->38368K(269824K)] 504788K->336401K(885760K), 0.0652890 secs] [Times: user=0.52 sys=0.00, real=0.07 secs] 
32.733: Total time for which application threads were stopped: 0.0654490 seconds, Stopping threads took: 0.0000770 seconds
32.856: Application time: 0.1227390 seconds
32.856: [GC [PSYoungGen: 269792K->38384K(269824K)] 567825K->356126K(885760K), 0.0482950 secs] [Times: user=0.39 sys=0.00, real=0.05 secs] 
32.904: Total time for which application threads were stopped: 0.0485360 seconds, Stopping threads took: 0.0001020 seconds
33.013: Application time: 0.1089400 seconds
33.013: [GC [PSYoungGen: 269808K->38384K(269824K)] 587550K->387159K(885760K), 0.0515080 secs] [Times: user=0.41 sys=0.00, real=0.05 secs] 
33.065: Total time for which application threads were stopped: 0.0516990 seconds, Stopping threads took: 0.0000870 seconds
33.136: Application time: 0.0711130 seconds
33.136: [GC [PSYoungGen: 269808K->38368K(269824K)] 618583K->457336K(885760K), 0.0654400 secs] [Times: user=0.52 sys=0.00, real=0.07 secs] 
33.202: Total time for which application threads were stopped: 0.0656150 seconds, Stopping threads took: 0.0000860 seconds
33.294: Application time: 0.0927820 seconds
33.297: [GC [PSYoungGen: 269792K->38368K(269824K)] 688760K->516543K(885760K), 0.0671970 secs] [Times: user=0.53 sys=0.00, real=0.07 secs] 
33.364: Total time for which application threads were stopped: 0.0697850 seconds, Stopping threads took: 0.0025000 seconds
33.488: Application time: 0.1238550 seconds
33.488: [GC [PSYoungGen: 269792K->38384K(269824K)] 747967K->538492K(885760K), 0.0530410 secs] [Times: user=0.41 sys=0.01, real=0.06 secs] 
33.541: Total time for which application threads were stopped: 0.0532400 seconds, Stopping threads took: 0.0001130 seconds
33.650: Application time: 0.1089200 seconds
33.650: [GC [PSYoungGen: 269808K->38384K(269824K)] 769916K->569037K(885760K), 0.0540640 secs] [Times: user=0.43 sys=0.00, real=0.06 secs] 
33.704: [Full GC [PSYoungGen: 38384K->0K(269824K)] [ParOldGen: 530653K->97643K(615936K)] 569037K->97643K(885760K) [PSPermGen: 9061K->9061K(21504K)], 0.1059740 secs] [Times: user=0.76 sys=0.00, real=0.10 secs] 
33.810: Total time for which application threads were stopped: 0.1602780 seconds, Stopping threads took: 0.0000800 seconds
33.881: Application time: 0.0701560 seconds
33.881: [GC [PSYoungGen: 231424K->38385K(269824K)] 329067K->168209K(885760K), 0.0331310 secs] [Times: user=0.26 sys=0.00, real=0.04 secs] 
33.914: Total time for which application threads were stopped: 0.0332910 seconds, Stopping threads took: 0.0000730 seconds
34.008: Application time: 0.0936420 seconds
34.008: [GC [PSYoungGen: 269809K->38384K(269824K)] 399633K->222187K(885760K), 0.0479530 secs] [Times: user=0.38 sys=0.00, real=0.05 secs] 
34.056: Total time for which application threads were stopped: 0.0481210 seconds, Stopping threads took: 0.0000760 seconds
34.176: Application time: 0.1205740 seconds
34.176: [GC [PSYoungGen: 269808K->38368K(269824K)] 453611K->236911K(885760K), 0.0345250 secs] [Times: user=0.27 sys=0.00, real=0.03 secs] 
34.211: Total time for which application threads were stopped: 0.0346960 seconds, Stopping threads took: 0.0000730 seconds
34.320: Application time: 0.1093010 seconds
34.320: [GC [PSYoungGen: 269792K->38368K(269824K)] 468335K->253400K(885760K), 0.0349300 secs] [Times: user=0.28 sys=0.00, real=0.04 secs] 
34.355: Total time for which application threads were stopped: 0.0351080 seconds, Stopping threads took: 0.0000910 seconds
34.426: Application time: 0.0702750 seconds
34.426: [GC [PSYoungGen: 269792K->38368K(269824K)] 484824K->323174K(885760K), 0.0573240 secs] [Times: user=0.45 sys=0.00, real=0.06 secs] 
34.483: Total time for which application threads were stopped: 0.0575150 seconds, Stopping threads took: 0.0001030 seconds
34.578: Application time: 0.0944630 seconds
34.578: [GC [PSYoungGen: 269792K->38368K(269824K)] 554598K->380130K(885760K), 0.0583020 secs] [Times: user=0.47 sys=0.00, real=0.06 secs] 
34.636: Total time for which application threads were stopped: 0.0584780 seconds, Stopping threads took: 0.0000900 seconds
34.754: Application time: 0.1181140 seconds
34.754: [GC [PSYoungGen: 269792K->38384K(269824K)] 611554K->405192K(885760K), 0.0456320 secs] [Times: user=0.36 sys=0.00, real=0.04 secs] 
34.800: Total time for which application threads were stopped: 0.0458270 seconds, Stopping threads took: 0.0000880 seconds
34.912: Application time: 0.1122650 seconds
34.912: [GC [PSYoungGen: 269808K->38384K(269824K)] 636616K->432943K(885760K), 0.0464860 secs] [Times: user=0.37 sys=0.00, real=0.05 secs] 
34.959: Total time for which application threads were stopped: 0.0466670 seconds, Stopping threads took: 0.0000830 seconds
35.029: Application time: 0.0703370 seconds
35.029: [GC [PSYoungGen: 269808K->38368K(269824K)] 664367K->503151K(885760K), 0.0585600 secs] [Times: user=0.46 sys=0.00, real=0.06 secs] 
35.088: Total time for which application threads were stopped: 0.0587130 seconds, Stopping threads took: 0.0000640 seconds
35.185: Application time: 0.0970860 seconds
35.185: [GC [PSYoungGen: 269792K->38384K(269824K)] 734575K->560800K(885760K), 0.0617520 secs] [Times: user=0.49 sys=0.00, real=0.06 secs] 
35.247: [Full GC [PSYoungGen: 38384K->0K(269824K)] [ParOldGen: 522416K->151298K(615936K)] 560800K->151298K(885760K) [PSPermGen: 9067K->9066K(21504K)], 0.1839580 secs] [Times: user=1.37 sys=0.00, real=0.18 secs] 
35.431: Total time for which application threads were stopped: 0.2459330 seconds, Stopping threads took: 0.0000750 seconds
35.551: Application time: 0.1198760 seconds
35.551: [GC [PSYoungGen: 231424K->26176K(269824K)] 382722K->177474K(885760K), 0.0208940 secs] [Times: user=0.16 sys=0.00, real=0.02 secs] 
35.572: Total time for which application threads were stopped: 0.0210770 seconds, Stopping threads took: 0.0000910 seconds
35.683: Application time: 0.1105130 seconds
35.683: [GC [PSYoungGen: 257600K->38391K(269824K)] 408898K->205283K(885760K), 0.0340770 secs] [Times: user=0.27 sys=0.00, real=0.03 secs] 
35.717: Total time for which application threads were stopped: 0.0342710 seconds, Stopping threads took: 0.0001030 seconds
35.795: Application time: 0.0777340 seconds
35.795: [GC [PSYoungGen: 269815K->38368K(269824K)] 436707K->269545K(885760K), 0.0562180 secs] [Times: user=0.45 sys=0.00, real=0.05 secs] 
35.851: Total time for which application threads were stopped: 0.0564760 seconds, Stopping threads took: 0.0001330 seconds
35.948: Application time: 0.0973440 seconds
35.948: [GC [PSYoungGen: 269792K->38384K(269824K)] 500969K->321794K(885760K), 0.0596670 secs] [Times: user=0.46 sys=0.00, real=0.06 secs] 
36.008: Total time for which application threads were stopped: 0.0598210 seconds, Stopping threads took: 0.0000700 seconds
36.122: Application time: 0.1137490 seconds
36.122: [GC [PSYoungGen: 269808K->38368K(269824K)] 553218K->351039K(885760K), 0.0524690 secs] [Times: user=0.40 sys=0.00, real=0.05 secs] 
36.175: Total time for which application threads were stopped: 0.0526550 seconds, Stopping threads took: 0.0000860 seconds
36.283: Application time: 0.1080600 seconds
36.283: [GC [PSYoungGen: 269792K->38368K(269824K)] 582463K->382931K(885760K), 0.0525580 secs] [Times: user=0.42 sys=0.00, real=0.05 secs] 
36.335: Total time for which application threads were stopped: 0.0527670 seconds, Stopping threads took: 0.0001190 seconds
36.419: Application time: 0.0832450 seconds
36.419: [GC [PSYoungGen: 269792K->38368K(269824K)] 614355K->447810K(885760K), 0.0674120 secs] [Times: user=0.54 sys=0.00, real=0.07 secs] 
36.486: Total time for which application threads were stopped: 0.0675980 seconds, Stopping threads took: 0.0000970 seconds
36.584: Application time: 0.0977960 seconds
36.584: [GC [PSYoungGen: 269792K->38368K(269824K)] 679234K->502551K(885760K), 0.0660340 secs] [Times: user=0.52 sys=0.00, real=0.06 secs] 
36.650: Total time for which application threads were stopped: 0.0661920 seconds, Stopping threads took: 0.0000730 seconds
36.762: Application time: 0.1121560 seconds
36.763: [GC [PSYoungGen: 269792K->38384K(269824K)] 733975K->531798K(885760K), 0.0537150 secs] [Times: user=0.42 sys=0.00, real=0.05 secs] 
36.816: Total time for which application threads were stopped: 0.0538920 seconds, Stopping threads took: 0.0000730 seconds
36.924: Application time: 0.1073450 seconds
36.924: [GC [PSYoungGen: 269808K->38368K(269824K)] 763222K->563045K(885760K), 0.0543660 secs] [Times: user=0.43 sys=0.00, real=0.05 secs] 
36.978: Total time for which application threads were stopped: 0.0545170 seconds, Stopping threads took: 0.0000660 seconds
37.063: Application time: 0.0851510 seconds
37.063: [GC [PSYoungGen: 269792K->38384K(269824K)] 794469K->627044K(885760K), 0.0659660 secs] [Times: user=0.52 sys=0.00, real=0.06 secs] 
37.129: [Full GC [PSYoungGen: 38384K->0K(269824K)] [ParOldGen: 588659K->130296K(615936K)] 627044K->130296K(885760K) [PSPermGen: 9072K->9072K(21504K)], 0.1482420 secs] [Times: user=1.08 sys=0.00, real=0.15 secs] 
37.278: Total time for which application threads were stopped: 0.2144490 seconds, Stopping threads took: 0.0000890 seconds
37.374: Application time: 0.0963210 seconds
37.374: [GC [PSYoungGen: 231424K->38379K(269824K)] 361720K->185375K(885760K), 0.0317450 secs] [Times: user=0.25 sys=0.00, real=0.03 secs] 
37.406: Total time for which application threads were stopped: 0.0319410 seconds, Stopping threads took: 0.0000980 seconds
37.518: Application time: 0.1116670 seconds
37.518: [GC [PSYoungGen: 269803K->38379K(269824K)] 416799K->211630K(885760K), 0.0404560 secs] [Times: user=0.32 sys=0.00, real=0.04 secs] 
37.558: Total time for which application threads were stopped: 0.0406230 seconds, Stopping threads took: 0.0000820 seconds
37.665: Application time: 0.1068730 seconds
37.665: [GC [PSYoungGen: 269803K->38379K(269824K)] 443054K->243075K(885760K), 0.0432420 secs] [Times: user=0.34 sys=0.00, real=0.04 secs] 
37.709: Total time for which application threads were stopped: 0.0434010 seconds, Stopping threads took: 0.0000720 seconds
37.797: Application time: 0.0880460 seconds
37.797: [GC [PSYoungGen: 269803K->38379K(269824K)] 474499K->300225K(885760K), 0.0566310 secs] [Times: user=0.44 sys=0.00, real=0.06 secs] 
37.854: Total time for which application threads were stopped: 0.0568090 seconds, Stopping threads took: 0.0000920 seconds
37.947: Application time: 0.0938070 seconds
37.947: [GC [PSYoungGen: 269803K->38395K(269824K)] 531649K->355009K(885760K), 0.0597060 secs] [Times: user=0.47 sys=0.00, real=0.06 secs] 
38.007: Total time for which application threads were stopped: 0.0598790 seconds, Stopping threads took: 0.0000780 seconds
38.118: Application time: 0.1105700 seconds
38.118: [GC [PSYoungGen: 269819K->38379K(269824K)] 586433K->385417K(885760K), 0.0495860 secs] [Times: user=0.40 sys=0.00, real=0.05 secs] 
38.168: Total time for which application threads were stopped: 0.0497430 seconds, Stopping threads took: 0.0000720 seconds
38.271: Application time: 0.1032960 seconds
38.271: [GC [PSYoungGen: 269803K->38395K(269824K)] 616841K->423519K(885760K), 0.0525070 secs] [Times: user=0.42 sys=0.00, real=0.06 secs] 
38.324: Total time for which application threads were stopped: 0.0526850 seconds, Stopping threads took: 0.0000920 seconds
38.413: Application time: 0.0892560 seconds
38.413: [GC [PSYoungGen: 269819K->38395K(269824K)] 654943K->480647K(885760K), 0.0597350 secs] [Times: user=0.47 sys=0.00, real=0.05 secs] 
38.473: Total time for which application threads were stopped: 0.0599110 seconds, Stopping threads took: 0.0000830 seconds
38.565: Application time: 0.0918940 seconds
38.565: [GC [PSYoungGen: 269819K->38379K(269824K)] 712071K->536202K(885760K), 0.0595080 secs] [Times: user=0.47 sys=0.00, real=0.06 secs] 
38.624: Total time for which application threads were stopped: 0.0596840 seconds, Stopping threads took: 0.0000760 seconds
38.736: Application time: 0.1117950 seconds
38.736: [GC [PSYoungGen: 269803K->38379K(269824K)] 767626K->566345K(885760K), 0.0504970 secs] [Times: user=0.40 sys=0.00, real=0.05 secs] 
38.787: Total time for which application threads were stopped: 0.0506750 seconds, Stopping threads took: 0.0000940 seconds
38.892: Application time: 0.1054610 seconds
38.892: [GC [PSYoungGen: 269803K->38379K(269824K)] 797769K->603577K(885760K), 0.0528940 secs] [Times: user=0.42 sys=0.00, real=0.06 secs] 
38.945: [Full GC [PSYoungGen: 38379K->0K(269824K)] [ParOldGen: 565197K->114421K(615936K)] 603577K->114421K(885760K) [PSPermGen: 9075K->9075K(21504K)], 0.1290030 secs] [Times: user=0.94 sys=0.00, real=0.13 secs] 
39.074: Total time for which application threads were stopped: 0.1821710 seconds, Stopping threads took: 0.0001280 seconds
39.162: Application time: 0.0877900 seconds
39.165: [GC [PSYoungGen: 231424K->38374K(269824K)] 345845K->173343K(885760K), 0.0312660 secs] [Times: user=0.25 sys=0.00, real=0.03 secs] 
39.196: Total time for which application threads were stopped: 0.0341570 seconds, Stopping threads took: 0.0027910 seconds
39.293: Application time: 0.0965790 seconds
39.297: [GC [PSYoungGen: 269798K->38384K(269824K)] 404767K->224268K(885760K), 0.0486270 secs] [Times: user=0.38 sys=0.00, real=0.05 secs] 
39.346: Total time for which application threads were stopped: 0.0527140 seconds, Stopping threads took: 0.0040050 seconds
39.460: Application time: 0.1143280 seconds
39.460: [GC [PSYoungGen: 269808K->38384K(269824K)] 455692K->247809K(885760K), 0.0432270 secs] [Times: user=0.34 sys=0.00, real=0.05 secs] 
39.503: Total time for which application threads were stopped: 0.0434090 seconds, Stopping threads took: 0.0000960 seconds
39.607: Application time: 0.1033080 seconds
39.607: [GC [PSYoungGen: 269808K->38368K(269824K)] 479233K->277420K(885760K), 0.0468060 secs] [Times: user=0.38 sys=0.00, real=0.05 secs] 
39.654: Total time for which application threads were stopped: 0.0469700 seconds, Stopping threads took: 0.0000810 seconds
39.746: Application time: 0.0921720 seconds
39.746: [GC [PSYoungGen: 269792K->38384K(269824K)] 508844K->333108K(885760K), 0.0609660 secs] [Times: user=0.49 sys=0.00, real=0.06 secs] 
39.807: Total time for which application threads were stopped: 0.0611590 seconds, Stopping threads took: 0.0000910 seconds
39.899: Application time: 0.0915850 seconds
39.899: [GC [PSYoungGen: 269808K->38368K(269824K)] 564532K->393087K(885760K), 0.0659490 secs] [Times: user=0.52 sys=0.00, real=0.07 secs] 
39.965: Total time for which application threads were stopped: 0.0661360 seconds, Stopping threads took: 0.0000990 seconds
40.081: Application time: 0.1162720 seconds
40.081: [GC [PSYoungGen: 269792K->38384K(269824K)] 624511K->422032K(885760K), 0.0529540 secs] [Times: user=0.42 sys=0.00, real=0.05 secs] 
40.134: Total time for which application threads were stopped: 0.0531260 seconds, Stopping threads took: 0.0000860 seconds
40.241: Application time: 0.1072240 seconds
40.241: [GC [PSYoungGen: 269808K->38384K(269824K)] 653456K->458273K(885760K), 0.0562530 secs] [Times: user=0.45 sys=0.00, real=0.05 secs] 
40.298: Total time for which application threads were stopped: 0.0564170 seconds, Stopping threads took: 0.0000780 seconds
40.388: Application time: 0.0899200 seconds
40.388: [GC [PSYoungGen: 269808K->38368K(269824K)] 689697K->516187K(885760K), 0.0634700 secs] [Times: user=0.49 sys=0.00, real=0.06 secs] 
40.451: Total time for which application threads were stopped: 0.0636450 seconds, Stopping threads took: 0.0000750 seconds
40.540: Application time: 0.0888750 seconds
40.540: [GC [PSYoungGen: 269792K->38368K(269824K)] 747611K->576975K(885760K), 0.0675080 secs] [Times: user=0.53 sys=0.00, real=0.07 secs] 
40.608: [Full GC [PSYoungGen: 38368K->0K(269824K)] [ParOldGen: 538606K->156950K(615936K)] 576975K->156950K(885760K) [PSPermGen: 9080K->9080K(21504K)], 0.1959400 secs] [Times: user=1.47 sys=0.00, real=0.20 secs] 
40.804: Total time for which application threads were stopped: 0.2637030 seconds, Stopping threads took: 0.0001050 seconds
40.918: Application time: 0.1142790 seconds
40.918: [GC [PSYoungGen: 231424K->28226K(269824K)] 388374K->185177K(885760K), 0.0210700 secs] [Times: user=0.16 sys=0.00, real=0.02 secs] 
40.940: Total time for which application threads were stopped: 0.0213220 seconds, Stopping threads took: 0.0000920 seconds
41.052: Application time: 0.1122140 seconds
41.052: [GC [PSYoungGen: 259650K->38368K(269824K)] 416601K->212072K(885760K), 0.0354880 secs] [Times: user=0.28 sys=0.00, real=0.04 secs] 
41.087: Total time for which application threads were stopped: 0.0356700 seconds, Stopping threads took: 0.0000960 seconds
41.173: Application time: 0.0851380 seconds
41.173: [GC [PSYoungGen: 269792K->38368K(269824K)] 443496K->265254K(885760K), 0.0523700 secs] [Times: user=0.41 sys=0.00, real=0.06 secs] 
41.225: Total time for which application threads were stopped: 0.0525450 seconds, Stopping threads took: 0.0000680 seconds
41.312: Application time: 0.0866990 seconds
41.312: [GC [PSYoungGen: 269792K->38384K(269824K)] 496678K->329530K(885760K), 0.0642160 secs] [Times: user=0.51 sys=0.00, real=0.07 secs] 
41.376: Total time for which application threads were stopped: 0.0643930 seconds, Stopping threads took: 0.0000930 seconds
41.489: Application time: 0.1127110 seconds
41.489: [GC [PSYoungGen: 269808K->38368K(269824K)] 560954K->357346K(885760K), 0.0506570 secs] [Times: user=0.40 sys=0.00, real=0.05 secs] 
41.540: Total time for which application threads were stopped: 0.0508100 seconds, Stopping threads took: 0.0000570 seconds
41.652: Application time: 0.1123030 seconds
41.652: [GC [PSYoungGen: 269792K->38384K(269824K)] 588770K->389390K(885760K), 0.0531580 secs] [Times: user=0.42 sys=0.01, real=0.06 secs] 
41.705: Total time for which application threads were stopped: 0.0533480 seconds, Stopping threads took: 0.0001030 seconds
41.791: Application time: 0.0860890 seconds
41.792: [GC [PSYoungGen: 269808K->38368K(269824K)] 620814K->444945K(885760K), 0.0606060 secs] [Times: user=0.48 sys=0.00, real=0.06 secs] 
41.852: Total time for which application threads were stopped: 0.0607770 seconds, Stopping threads took: 0.0000840 seconds
41.943: Application time: 0.0912320 seconds
41.945: [GC [PSYoungGen: 269792K->38384K(269824K)] 676369K->507531K(885760K), 0.0662710 secs] [Times: user=0.53 sys=0.00, real=0.06 secs] 
42.011: Total time for which application threads were stopped: 0.0678020 seconds, Stopping threads took: 0.0014430 seconds
42.122: Application time: 0.1108330 seconds
42.125: [GC [PSYoungGen: 269808K->38368K(269824K)] 738955K->541824K(885760K), 0.0558440 secs] [Times: user=0.45 sys=0.00, real=0.05 secs] 
42.181: Total time for which application threads were stopped: 0.0587230 seconds, Stopping threads took: 0.0027780 seconds
42.291: Application time: 0.1104770 seconds
42.291: [GC [PSYoungGen: 269792K->38368K(269824K)] 773248K->575523K(885760K), 0.0539180 secs] [Times: user=0.42 sys=0.00, real=0.06 secs] 
42.345: [Full GC [PSYoungGen: 38368K->0K(269824K)] [ParOldGen: 537155K->127274K(615936K)] 575523K->127274K(885760K) [PSPermGen: 9084K->9084K(21504K)], 0.1524800 secs] [Times: user=1.13 sys=0.00, real=0.15 secs] 
42.498: Total time for which application threads were stopped: 0.2066340 seconds, Stopping threads took: 0.0000870 seconds
42.584: Application time: 0.0856410 seconds
42.584: [GC [PSYoungGen: 231424K->38375K(269824K)] 358698K->179351K(885760K), 0.0270590 secs] [Times: user=0.22 sys=0.00, real=0.02 secs] 
42.611: Total time for which application threads were stopped: 0.0273070 seconds, Stopping threads took: 0.0001600 seconds
42.700: Application time: 0.0895560 seconds
42.701: [GC [PSYoungGen: 269799K->38384K(269824K)] 410775K->232371K(885760K), 0.0470950 secs] [Times: user=0.37 sys=0.00, real=0.05 secs] 
42.748: Total time for which application threads were stopped: 0.0472870 seconds, Stopping threads took: 0.0000920 seconds
42.859: Application time: 0.1116360 seconds
42.860: [GC [PSYoungGen: 269808K->38384K(269824K)] 463795K->260081K(885760K), 0.0430930 secs] [Times: user=0.34 sys=0.00, real=0.05 secs] 
42.903: Total time for which application threads were stopped: 0.0432640 seconds, Stopping threads took: 0.0000850 seconds
43.014: Application time: 0.1115440 seconds
43.014: [GC [PSYoungGen: 269808K->38368K(269824K)] 491505K->291947K(885760K), 0.0489730 secs] [Times: user=0.39 sys=0.00, real=0.05 secs] 
43.063: Total time for which application threads were stopped: 0.0491390 seconds, Stopping threads took: 0.0000770 seconds
43.152: Application time: 0.0890480 seconds
43.153: [GC [PSYoungGen: 269792K->38368K(269824K)] 523371K->341507K(885760K), 0.0521250 secs] [Times: user=0.41 sys=0.01, real=0.05 secs] 
43.205: Total time for which application threads were stopped: 0.0527330 seconds, Stopping threads took: 0.0005210 seconds
43.295: Application time: 0.0900340 seconds
43.295: [GC [PSYoungGen: 269792K->38384K(269824K)] 572931K->400907K(885760K), 0.0611980 secs] [Times: user=0.48 sys=0.00, real=0.06 secs] 
43.357: Total time for which application threads were stopped: 0.0614020 seconds, Stopping threads took: 0.0000960 seconds
43.468: Application time: 0.1109940 seconds
43.468: [GC [PSYoungGen: 269808K->38384K(269824K)] 632331K->435271K(885760K), 0.0518690 secs] [Times: user=0.41 sys=0.00, real=0.05 secs] 
43.520: Total time for which application threads were stopped: 0.0520260 seconds, Stopping threads took: 0.0000730 seconds
43.625: Application time: 0.1058970 seconds
43.626: [GC [PSYoungGen: 269808K->38368K(269824K)] 666695K->471443K(885760K), 0.0519680 secs] [Times: user=0.41 sys=0.00, real=0.05 secs] 
43.678: Total time for which application threads were stopped: 0.0521300 seconds, Stopping threads took: 0.0000780 seconds
43.765: Application time: 0.0877200 seconds
43.766: [GC [PSYoungGen: 269792K->38368K(269824K)] 702867K->523514K(885760K), 0.0563310 secs] [Times: user=0.45 sys=0.00, real=0.06 secs] 
43.822: Total time for which application threads were stopped: 0.0565740 seconds, Stopping threads took: 0.0001540 seconds
43.920: Application time: 0.0978900 seconds
43.920: [GC [PSYoungGen: 269792K->38368K(269824K)] 754938K->581172K(885760K), 0.0621020 secs] [Times: user=0.49 sys=0.00, real=0.07 secs] 
43.982: [Full GC [PSYoungGen: 38368K->0K(269824K)] [ParOldGen: 542803K->146308K(615936K)] 581172K->146308K(885760K) [PSPermGen: 9084K->9084K(21504K)], 0.1761510 secs] [Times: user=1.31 sys=0.00, real=0.17 secs] 
44.158: Total time for which application threads were stopped: 0.2384980 seconds, Stopping threads took: 0.0000830 seconds
44.268: Application time: 0.1099780 seconds
44.269: [GC [PSYoungGen: 231424K->33707K(269824K)] 377732K->180016K(885760K), 0.0229380 secs] [Times: user=0.18 sys=0.00, real=0.02 secs] 
44.292: Total time for which application threads were stopped: 0.0236440 seconds, Stopping threads took: 0.0006200 seconds
44.397: Application time: 0.1046980 seconds
44.397: [GC [PSYoungGen: 265131K->38368K(269824K)] 411440K->212590K(885760K), 0.0388680 secs] [Times: user=0.30 sys=0.00, real=0.04 secs] 
44.436: Total time for which application threads were stopped: 0.0390310 seconds, Stopping threads took: 0.0000750 seconds
44.524: Application time: 0.0886100 seconds
44.524: [GC [PSYoungGen: 269792K->38384K(269824K)] 444014K->262247K(885760K), 0.0504070 secs] [Times: user=0.40 sys=0.00, real=0.05 secs] 
44.575: Total time for which application threads were stopped: 0.0505850 seconds, Stopping threads took: 0.0000790 seconds
44.667: Application time: 0.0917930 seconds
44.669: [GC [PSYoungGen: 269808K->38384K(269824K)] 493671K->316338K(885760K), 0.0568400 secs] [Times: user=0.45 sys=0.00, real=0.06 secs] 
44.726: Total time for which application threads were stopped: 0.0591450 seconds, Stopping threads took: 0.0022190 seconds
44.834: Application time: 0.1082240 seconds
44.835: [GC [PSYoungGen: 269808K->38384K(269824K)] 547762K->352527K(885760K), 0.0506880 secs] [Times: user=0.41 sys=0.00, real=0.05 secs] 
44.886: Total time for which application threads were stopped: 0.0514960 seconds, Stopping threads took: 0.0007170 seconds
44.992: Application time: 0.1061920 seconds
44.993: [GC [PSYoungGen: 269808K->38384K(269824K)] 583951K->387919K(885760K), 0.0519640 secs] [Times: user=0.41 sys=0.00, real=0.05 secs] 
45.045: Total time for which application threads were stopped: 0.0532830 seconds, Stopping threads took: 0.0012070 seconds
45.134: Application time: 0.0893680 seconds
45.135: [GC [PSYoungGen: 269808K->38384K(269824K)] 619343K->439025K(885760K), 0.0562560 secs] [Times: user=0.44 sys=0.00, real=0.05 secs] 
45.191: Total time for which application threads were stopped: 0.0564650 seconds, Stopping threads took: 0.0001030 seconds
45.284: Application time: 0.0930580 seconds
45.284: [GC [PSYoungGen: 269808K->38384K(269824K)] 670449K->497446K(885760K), 0.0619520 secs] [Times: user=0.50 sys=0.00, real=0.06 secs] 
45.346: Total time for which application threads were stopped: 0.0621080 seconds, Stopping threads took: 0.0000700 seconds
45.454: Application time: 0.1078100 seconds
45.454: [GC [PSYoungGen: 269808K->38384K(269824K)] 728870K->533193K(885760K), 0.0524020 secs] [Times: user=0.41 sys=0.00, real=0.05 secs] 
45.506: Total time for which application threads were stopped: 0.0525760 seconds, Stopping threads took: 0.0000870 seconds
45.610: Application time: 0.1036610 seconds
45.610: [GC [PSYoungGen: 269808K->38384K(269824K)] 764617K->569086K(885760K), 0.0520470 secs] [Times: user=0.41 sys=0.00, real=0.06 secs] 
45.662: Total time for which application threads were stopped: 0.0522170 seconds, Stopping threads took: 0.0000850 seconds
45.750: Application time: 0.0879870 seconds
45.750: [GC [PSYoungGen: 269808K->38384K(269824K)] 800510K->620724K(885760K), 0.0573920 secs] [Times: user=0.45 sys=0.00, real=0.06 secs] 
45.808: [Full GC [PSYoungGen: 38384K->0K(269824K)] [ParOldGen: 582340K->123810K(615936K)] 620724K->123810K(885760K) [PSPermGen: 9087K->9087K(21504K)], 0.1319440 secs] [Times: user=0.96 sys=0.00, real=0.13 secs] 
45.940: Total time for which application threads were stopped: 0.1895890 seconds, Stopping threads took: 0.0000910 seconds
46.036: Application time: 0.0965660 seconds
46.037: [GC [PSYoungGen: 231424K->38384K(269824K)] 355234K->180193K(885760K), 0.0333570 secs] [Times: user=0.26 sys=0.00, real=0.03 secs] 
46.070: Total time for which application threads were stopped: 0.0335190 seconds, Stopping threads took: 0.0000750 seconds
46.177: Application time: 0.1068550 seconds
46.177: [GC [PSYoungGen: 269808K->38384K(269824K)] 411617K->214833K(885760K), 0.0436560 secs] [Times: user=0.34 sys=0.01, real=0.04 secs] 
46.221: Total time for which application threads were stopped: 0.0438290 seconds, Stopping threads took: 0.0000880 seconds
46.331: Application time: 0.1103450 seconds
46.331: [GC [PSYoungGen: 269808K->38368K(269824K)] 446257K->245097K(885760K), 0.0453180 secs] [Times: user=0.35 sys=0.00, real=0.05 secs] 
46.377: Total time for which application threads were stopped: 0.0455170 seconds, Stopping threads took: 0.0001020 seconds
46.465: Application time: 0.0882230 seconds
46.465: [GC [PSYoungGen: 269792K->38384K(269824K)] 476521K->293412K(885760K), 0.0526260 secs] [Times: user=0.41 sys=0.00, real=0.05 secs] 
46.518: Total time for which application threads were stopped: 0.0528010 seconds, Stopping threads took: 0.0000790 seconds
46.621: Application time: 0.1029600 seconds
46.621: [GC [PSYoungGen: 269808K->38368K(269824K)] 524836K->348699K(885760K), 0.0608650 secs] [Times: user=0.48 sys=0.00, real=0.07 secs] 
46.682: Total time for which application threads were stopped: 0.0610790 seconds, Stopping threads took: 0.0000580 seconds
46.786: Application time: 0.1047710 seconds
46.786: [GC [PSYoungGen: 269792K->38368K(269824K)] 580123K->386725K(885760K), 0.0523510 secs] [Times: user=0.41 sys=0.00, real=0.05 secs] 
46.839: Total time for which application threads were stopped: 0.0525120 seconds, Stopping threads took: 0.0000750 seconds
46.947: Application time: 0.1083210 seconds
46.947: [GC [PSYoungGen: 269792K->38368K(269824K)] 618149K->420730K(885760K), 0.0515190 secs] [Times: user=0.41 sys=0.00, real=0.05 secs] 
46.999: Total time for which application threads were stopped: 0.0517080 seconds, Stopping threads took: 0.0000900 seconds
47.086: Application time: 0.0870950 seconds
47.086: [GC [PSYoungGen: 269446K->38368K(269824K)] 651808K->473486K(885760K), 0.0576920 secs] [Times: user=0.44 sys=0.00, real=0.06 secs] 
47.144: Total time for which application threads were stopped: 0.0578760 seconds, Stopping threads took: 0.0000960 seconds
47.239: Application time: 0.0946670 seconds
47.239: [GC [PSYoungGen: 269792K->38384K(269824K)] 704910K->528329K(885760K), 0.0608610 secs] [Times: user=0.48 sys=0.00, real=0.06 secs] 
47.300: Total time for which application threads were stopped: 0.0610320 seconds, Stopping threads took: 0.0000870 seconds
47.408: Application time: 0.1085330 seconds
47.408: [GC [PSYoungGen: 269808K->38384K(269824K)] 759753K->565295K(885760K), 0.0532970 secs] [Times: user=0.42 sys=0.00, real=0.06 secs] 
47.462: Total time for which application threads were stopped: 0.0534530 seconds, Stopping threads took: 0.0000740 seconds
47.566: Application time: 0.1039430 seconds
47.566: [GC [PSYoungGen: 269808K->38384K(269824K)] 796719K->602687K(885760K), 0.0524230 secs] [Times: user=0.42 sys=0.00, real=0.05 secs] 
47.618: [Full GC [PSYoungGen: 38384K->0K(269824K)] [ParOldGen: 564303K->126565K(615936K)] 602687K->126565K(885760K) [PSPermGen: 9091K->9091K(21504K)], 0.1530320 secs] [Times: user=1.11 sys=0.01, real=0.15 secs] 
47.771: Total time for which application threads were stopped: 0.2056920 seconds, Stopping threads took: 0.0000760 seconds
47.858: Application time: 0.0865450 seconds
47.858: [GC [PSYoungGen: 231424K->38398K(269824K)] 357989K->178770K(885760K), 0.0271700 secs] [Times: user=0.22 sys=0.00, real=0.03 secs] 
47.885: Total time for which application threads were stopped: 0.0273440 seconds, Stopping threads took: 0.0000880 seconds
47.984: Application time: 0.0989170 seconds
47.985: [GC [PSYoungGen: 269822K->38368K(269824K)] 410194K->223711K(885760K), 0.0448700 secs] [Times: user=0.35 sys=0.00, real=0.04 secs] 
48.030: Total time for which application threads were stopped: 0.0457880 seconds, Stopping threads took: 0.0008240 seconds
48.138: Application time: 0.1078730 seconds
48.138: [GC [PSYoungGen: 269792K->38368K(269824K)] 455135K->253503K(885760K), 0.0448390 secs] [Times: user=0.36 sys=0.00, real=0.05 secs] 
48.183: Total time for which application threads were stopped: 0.0450110 seconds, Stopping threads took: 0.0000790 seconds
48.285: Application time: 0.1022020 seconds
48.285: [GC [PSYoungGen: 269792K->38384K(269824K)] 484927K->287817K(885760K), 0.0468780 secs] [Times: user=0.37 sys=0.00, real=0.04 secs] 
48.332: Total time for which application threads were stopped: 0.0470580 seconds, Stopping threads took: 0.0000930 seconds
48.420: Application time: 0.0879440 seconds
48.420: [GC [PSYoungGen: 269808K->38384K(269824K)] 519241K->338446K(885760K), 0.0550420 secs] [Times: user=0.44 sys=0.00, real=0.06 secs] 
48.475: Total time for which application threads were stopped: 0.0552180 seconds, Stopping threads took: 0.0000900 seconds
48.571: Application time: 0.0956040 seconds
48.571: [GC [PSYoungGen: 269808K->38384K(269824K)] 569870K->391637K(885760K), 0.0612790 secs] [Times: user=0.48 sys=0.00, real=0.06 secs] 
48.632: Total time for which application threads were stopped: 0.0614770 seconds, Stopping threads took: 0.0001120 seconds
48.738: Application time: 0.1060580 seconds
48.738: [GC [PSYoungGen: 269808K->38384K(269824K)] 623061K->427347K(885760K), 0.0528140 secs] [Times: user=0.42 sys=0.00, real=0.05 secs] 
48.791: Total time for which application threads were stopped: 0.0529920 seconds, Stopping threads took: 0.0000780 seconds
48.897: Application time: 0.1052810 seconds
48.897: [GC [PSYoungGen: 269808K->38384K(269824K)] 658771K->465047K(885760K), 0.0525450 secs] [Times: user=0.41 sys=0.00, real=0.05 secs] 
48.949: Total time for which application threads were stopped: 0.0526970 seconds, Stopping threads took: 0.0000680 seconds
49.037: Application time: 0.0873060 seconds
49.037: [GC [PSYoungGen: 269808K->38384K(269824K)] 696471K->515955K(885760K), 0.0565740 secs] [Times: user=0.45 sys=0.01, real=0.06 secs] 
49.093: Total time for which application threads were stopped: 0.0567470 seconds, Stopping threads took: 0.0000870 seconds
49.189: Application time: 0.0956060 seconds
49.192: [GC [PSYoungGen: 269808K->38368K(269824K)] 747379K->572505K(885760K), 0.0641050 secs] [Times: user=0.50 sys=0.00, real=0.07 secs] 
49.256: Total time for which application threads were stopped: 0.0671150 seconds, Stopping threads took: 0.0029210 seconds
49.367: Application time: 0.1104700 seconds
49.367: [GC [PSYoungGen: 269792K->38384K(269824K)] 803929K->607899K(885760K), 0.0543670 secs] [Times: user=0.43 sys=0.00, real=0.06 secs] 
49.421: [Full GC [PSYoungGen: 38384K->0K(269824K)] [ParOldGen: 569515K->138246K(615936K)] 607899K->138246K(885760K) [PSPermGen: 9093K->9093K(21504K)], 0.1707590 secs] [Times: user=1.26 sys=0.00, real=0.16 secs] 
49.592: Total time for which application threads were stopped: 0.2253550 seconds, Stopping threads took: 0.0000650 seconds
49.696: Application time: 0.1039570 seconds
49.696: [GC [PSYoungGen: 231424K->37038K(269824K)] 369670K->175284K(885760K), 0.0226810 secs] [Times: user=0.17 sys=0.00, real=0.02 secs] 
49.719: Total time for which application threads were stopped: 0.0228970 seconds, Stopping threads took: 0.0001320 seconds
49.808: Application time: 0.0897240 seconds
49.809: [GC [PSYoungGen: 268462K->38390K(269824K)] 406708K->220113K(885760K), 0.0426240 secs] [Times: user=0.33 sys=0.00, real=0.04 secs] 
49.851: Total time for which application threads were stopped: 0.0428130 seconds, Stopping threads took: 0.0001020 seconds
49.947: Application time: 0.0952970 seconds
49.947: [GC [PSYoungGen: 269814K->38384K(269824K)] 451537K->270424K(885760K), 0.0518270 secs] [Times: user=0.41 sys=0.00, real=0.05 secs] 
49.999: Total time for which application threads were stopped: 0.0520160 seconds, Stopping threads took: 0.0000910 seconds
50.107: Application time: 0.1086930 seconds
50.107: [GC [PSYoungGen: 269808K->38384K(269824K)] 501848K->303285K(885760K), 0.0515180 secs] [Times: user=0.40 sys=0.00, real=0.05 secs] 
50.159: Total time for which application threads were stopped: 0.0516940 seconds, Stopping threads took: 0.0000880 seconds
50.263: Application time: 0.1043470 seconds
50.263: [GC [PSYoungGen: 269808K->38384K(269824K)] 534709K->338760K(885760K), 0.0552060 secs] [Times: user=0.44 sys=0.00, real=0.05 secs] 
50.319: Total time for which application threads were stopped: 0.0553580 seconds, Stopping threads took: 0.0000630 seconds
50.411: Application time: 0.0925350 seconds
50.411: [GC [PSYoungGen: 269808K->38368K(269824K)] 570184K->389860K(885760K), 0.0620350 secs] [Times: user=0.49 sys=0.00, real=0.07 secs] 
50.473: Total time for which application threads were stopped: 0.0622050 seconds, Stopping threads took: 0.0000840 seconds
50.566: Application time: 0.0922660 seconds
50.566: [GC [PSYoungGen: 269792K->38384K(269824K)] 621284K->447742K(885760K), 0.0696240 secs] [Times: user=0.56 sys=0.00, real=0.07 secs] 
50.636: Total time for which application threads were stopped: 0.0698030 seconds, Stopping threads took: 0.0000820 seconds
50.744: Application time: 0.1087510 seconds
50.745: [GC [PSYoungGen: 269808K->38384K(269824K)] 679166K->484096K(885760K), 0.0613440 secs] [Times: user=0.49 sys=0.00, real=0.06 secs] 
50.806: Total time for which application threads were stopped: 0.0620480 seconds, Stopping threads took: 0.0006130 seconds
50.912: Application time: 0.1060980 seconds
50.921: [GC [PSYoungGen: 269808K->38384K(269824K)] 715520K->519891K(885760K), 0.0596080 secs] [Times: user=0.47 sys=0.00, real=0.06 secs] 
50.980: Total time for which application threads were stopped: 0.0677410 seconds, Stopping threads took: 0.0080490 seconds
51.080: Application time: 0.1001230 seconds
51.080: [GC [PSYoungGen: 269808K->38384K(269824K)] 751315K->570111K(885760K), 0.0646410 secs] [Times: user=0.51 sys=0.00, real=0.07 secs] 
51.145: Total time for which application threads were stopped: 0.0647940 seconds, Stopping threads took: 0.0000480 seconds
51.247: Application time: 0.1014490 seconds
51.247: [GC [PSYoungGen: 269808K->38368K(269824K)] 801535K->629243K(885760K), 0.0700850 secs] [Times: user=0.55 sys=0.00, real=0.07 secs] 
51.317: [Full GC [PSYoungGen: 38368K->0K(269824K)] [ParOldGen: 590875K->147199K(615936K)] 629243K->147199K(885760K) [PSPermGen: 9094K->9094K(21504K)], 0.1788560 secs] [Times: user=1.33 sys=0.00, real=0.18 secs] 
51.496: Total time for which application threads were stopped: 0.2491980 seconds, Stopping threads took: 0.0000910 seconds
51.604: Application time: 0.1083800 seconds
51.604: [GC [PSYoungGen: 231424K->36448K(269824K)] 378623K->183647K(885760K), 0.0244060 secs] [Times: user=0.19 sys=0.00, real=0.02 secs] 
51.629: Total time for which application threads were stopped: 0.0246220 seconds, Stopping threads took: 0.0001140 seconds
51.735: Application time: 0.1066760 seconds
51.736: [GC [PSYoungGen: 267872K->38373K(269824K)] 415071K->209413K(885760K), 0.0364700 secs] [Times: user=0.29 sys=0.00, real=0.03 secs] 
51.772: Total time for which application threads were stopped: 0.0366570 seconds, Stopping threads took: 0.0001010 seconds
51.861: Application time: 0.0887810 seconds
51.861: [GC [PSYoungGen: 269797K->38384K(269824K)] 440837K->259918K(885760K), 0.0521770 secs] [Times: user=0.41 sys=0.00, real=0.05 secs] 
51.913: Total time for which application threads were stopped: 0.0523320 seconds, Stopping threads took: 0.0000640 seconds
52.011: Application time: 0.0974810 seconds
52.011: [GC [PSYoungGen: 269808K->38384K(269824K)] 491342K->311853K(885760K), 0.0585830 secs] [Times: user=0.46 sys=0.00, real=0.06 secs] 
52.069: Total time for which application threads were stopped: 0.0587570 seconds, Stopping threads took: 0.0000900 seconds
52.173: Application time: 0.1035610 seconds
52.173: [GC [PSYoungGen: 269808K->38384K(269824K)] 543277K->352982K(885760K), 0.0555420 secs] [Times: user=0.44 sys=0.00, real=0.05 secs] 
52.229: Total time for which application threads were stopped: 0.0557170 seconds, Stopping threads took: 0.0000770 seconds
52.341: Application time: 0.1122420 seconds
52.341: [GC [PSYoungGen: 269808K->38368K(269824K)] 584406K->381289K(885760K), 0.0518350 secs] [Times: user=0.41 sys=0.00, real=0.05 secs] 
52.393: Total time for which application threads were stopped: 0.0520160 seconds, Stopping threads took: 0.0000950 seconds
52.479: Application time: 0.0860690 seconds
52.479: [GC [PSYoungGen: 269792K->38384K(269824K)] 612713K->441425K(885760K), 0.0650050 secs] [Times: user=0.52 sys=0.00, real=0.07 secs] 
52.544: Total time for which application threads were stopped: 0.0652120 seconds, Stopping threads took: 0.0001200 seconds
52.643: Application time: 0.0987730 seconds
52.643: [GC [PSYoungGen: 269808K->38384K(269824K)] 672849K->492251K(885760K), 0.0631140 secs] [Times: user=0.50 sys=0.00, real=0.06 secs] 
52.706: Total time for which application threads were stopped: 0.0632770 seconds, Stopping threads took: 0.0000750 seconds
52.808: Application time: 0.1013440 seconds
52.808: [GC [PSYoungGen: 269808K->38368K(269824K)] 723675K->534753K(885760K), 0.0588250 secs] [Times: user=0.46 sys=0.00, real=0.06 secs] 
52.867: Total time for which application threads were stopped: 0.0590080 seconds, Stopping threads took: 0.0000860 seconds
52.979: Application time: 0.1120890 seconds
52.979: [GC [PSYoungGen: 269792K->38384K(269824K)] 766177K->561582K(885760K), 0.0528660 secs] [Times: user=0.42 sys=0.00, real=0.05 secs] 
53.032: Total time for which application threads were stopped: 0.0530490 seconds, Stopping threads took: 0.0000950 seconds
53.118: Application time: 0.0860130 seconds
53.118: [GC [PSYoungGen: 269717K->38368K(269824K)] 792915K->621236K(885760K), 0.0661520 secs] [Times: user=0.51 sys=0.00, real=0.07 secs] 
53.184: [Full GC [PSYoungGen: 38368K->0K(269824K)] [ParOldGen: 582867K->129987K(615936K)] 621236K->129987K(885760K) [PSPermGen: 9097K->9097K(21504K)], 0.1531970 secs] [Times: user=1.12 sys=0.00, real=0.15 secs] 
53.337: Total time for which application threads were stopped: 0.2196170 seconds, Stopping threads took: 0.0001170 seconds
53.433: Application time: 0.0950460 seconds
53.433: [GC [PSYoungGen: 231424K->38394K(269824K)] 361411K->182223K(885760K), 0.0304830 secs] [Times: user=0.24 sys=0.00, real=0.04 secs] 
53.463: Total time for which application threads were stopped: 0.0306670 seconds, Stopping threads took: 0.0000900 seconds
53.566: Application time: 0.1024610 seconds
53.566: [GC [PSYoungGen: 269818K->38384K(269824K)] 413647K->219865K(885760K), 0.0447910 secs] [Times: user=0.35 sys=0.00, real=0.04 secs] 
53.611: Total time for which application threads were stopped: 0.0449680 seconds, Stopping threads took: 0.0000810 seconds
53.724: Application time: 0.1135000 seconds
53.724: [GC [PSYoungGen: 269808K->38384K(269824K)] 451289K->243489K(885760K), 0.0412660 secs] [Times: user=0.32 sys=0.00, real=0.04 secs] 
53.766: Total time for which application threads were stopped: 0.0414540 seconds, Stopping threads took: 0.0001020 seconds
53.850: Application time: 0.0839410 seconds
53.850: [GC [PSYoungGen: 269795K->38368K(269824K)] 474900K->295731K(885760K), 0.0517160 secs] [Times: user=0.41 sys=0.00, real=0.06 secs] 
53.901: Total time for which application threads were stopped: 0.0519030 seconds, Stopping threads took: 0.0000990 seconds
54.001: Application time: 0.0991390 seconds
54.001: [GC [PSYoungGen: 269792K->38368K(269824K)] 527155K->346246K(885760K), 0.0552970 secs] [Times: user=0.44 sys=0.00, real=0.06 secs] 
54.056: Total time for which application threads were stopped: 0.0554780 seconds, Stopping threads took: 0.0000800 seconds
54.154: Application time: 0.0977670 seconds
54.154: [GC [PSYoungGen: 269792K->38368K(269824K)] 577670K->390820K(885760K), 0.0518780 secs] [Times: user=0.42 sys=0.00, real=0.05 secs] 
54.206: Total time for which application threads were stopped: 0.0520580 seconds, Stopping threads took: 0.0000980 seconds
54.317: Application time: 0.1111770 seconds
54.321: [GC [PSYoungGen: 269792K->38384K(269824K)] 622244K->420845K(885760K), 0.0486970 secs] [Times: user=0.38 sys=0.00, real=0.04 secs] 
54.370: Total time for which application threads were stopped: 0.0526120 seconds, Stopping threads took: 0.0038250 seconds
54.457: Application time: 0.0877330 seconds
54.458: [GC [PSYoungGen: 269808K->38368K(269824K)] 652269K->476713K(885760K), 0.0573570 secs] [Times: user=0.45 sys=0.00, real=0.06 secs] 
54.515: Total time for which application threads were stopped: 0.0575240 seconds, Stopping threads took: 0.0000780 seconds
54.614: Application time: 0.0990200 seconds
54.614: [GC [PSYoungGen: 269792K->38368K(269824K)] 708137K->527324K(885760K), 0.0568530 secs] [Times: user=0.45 sys=0.00, real=0.05 secs] 
54.671: Total time for which application threads were stopped: 0.0570300 seconds, Stopping threads took: 0.0000790 seconds
54.770: Application time: 0.0991050 seconds
54.770: [GC [PSYoungGen: 269792K->38384K(269824K)] 758748K->572408K(885760K), 0.0534460 secs] [Times: user=0.42 sys=0.00, real=0.06 secs] 
54.824: Total time for which application threads were stopped: 0.0536210 seconds, Stopping threads took: 0.0000890 seconds
54.936: Application time: 0.1121710 seconds
54.937: [GC [PSYoungGen: 269808K->38368K(269824K)] 803832K->602411K(885760K), 0.0480520 secs] [Times: user=0.38 sys=0.00, real=0.05 secs] 
54.985: [Full GC [PSYoungGen: 38368K->0K(269824K)] [ParOldGen: 564043K->115144K(615936K)] 602411K->115144K(885760K) [PSPermGen: 9098K->9098K(21504K)], 0.1332670 secs] [Times: user=0.97 sys=0.00, real=0.13 secs] 
55.118: Total time for which application threads were stopped: 0.1824660 seconds, Stopping threads took: 0.0009970 seconds
55.206: Application time: 0.0872680 seconds
55.206: [GC [PSYoungGen: 231424K->38368K(269824K)] 346568K->174335K(885760K), 0.0329620 secs] [Times: user=0.26 sys=0.00, real=0.03 secs] 
55.239: Total time for which application threads were stopped: 0.0331600 seconds, Stopping threads took: 0.0001000 seconds
55.342: Application time: 0.1033890 seconds
55.342: [GC [PSYoungGen: 269792K->38368K(269824K)] 405759K->212670K(885760K), 0.0431850 secs] [Times: user=0.34 sys=0.00, real=0.04 secs] 
55.386: Total time for which application threads were stopped: 0.0433900 seconds, Stopping threads took: 0.0001170 seconds
55.486: Application time: 0.1004980 seconds
55.486: [GC [PSYoungGen: 269792K->38384K(269824K)] 444094K->255752K(885760K), 0.0484320 secs] [Times: user=0.38 sys=0.00, real=0.05 secs] 
55.535: Total time for which application threads were stopped: 0.0486850 seconds, Stopping threads took: 0.0001090 seconds
55.647: Application time: 0.1117690 seconds
55.647: [GC [PSYoungGen: 269808K->38384K(269824K)] 487176K->277609K(885760K), 0.0426990 secs] [Times: user=0.34 sys=0.00, real=0.04 secs] 
55.689: Total time for which application threads were stopped: 0.0428860 seconds, Stopping threads took: 0.0001010 seconds
55.772: Application time: 0.0826050 seconds
55.773: [GC [PSYoungGen: 269808K->38384K(269824K)] 509033K->339983K(885760K), 0.0592160 secs] [Times: user=0.46 sys=0.01, real=0.05 secs] 
55.832: Total time for which application threads were stopped: 0.0602210 seconds, Stopping threads took: 0.0009010 seconds
55.934: Application time: 0.1020810 seconds
55.934: [GC [PSYoungGen: 269808K->38368K(269824K)] 571407K->382986K(885760K), 0.0536020 secs] [Times: user=0.43 sys=0.00, real=0.05 secs] 
55.988: Total time for which application threads were stopped: 0.0537930 seconds, Stopping threads took: 0.0001040 seconds
56.084: Application time: 0.0960860 seconds
56.084: [GC [PSYoungGen: 269792K->38368K(269824K)] 614410K->426895K(885760K), 0.0530300 secs] [Times: user=0.43 sys=0.00, real=0.05 secs] 
56.137: Total time for which application threads were stopped: 0.0531980 seconds, Stopping threads took: 0.0000830 seconds
56.251: Application time: 0.1132150 seconds
56.251: [GC [PSYoungGen: 269792K->38384K(269824K)] 658319K->461729K(885760K), 0.0516770 secs] [Times: user=0.41 sys=0.00, real=0.06 secs] 
56.302: Total time for which application threads were stopped: 0.0518430 seconds, Stopping threads took: 0.0000800 seconds
56.388: Application time: 0.0859480 seconds
56.389: [GC [PSYoungGen: 269808K->38368K(269824K)] 693153K->522703K(885760K), 0.0612800 secs] [Times: user=0.49 sys=0.00, real=0.06 secs] 
56.450: Total time for which application threads were stopped: 0.0614710 seconds, Stopping threads took: 0.0000900 seconds
56.553: Application time: 0.1033180 seconds
56.553: [GC [PSYoungGen: 269792K->38368K(269824K)] 754127K->563486K(885760K), 0.0531710 secs] [Times: user=0.41 sys=0.00, real=0.05 secs] 
56.607: Total time for which application threads were stopped: 0.0533450 seconds, Stopping threads took: 0.0000890 seconds
56.703: Application time: 0.0967270 seconds
56.705: [GC [PSYoungGen: 269792K->38384K(269824K)] 794910K->608844K(885760K), 0.0542580 secs] [Times: user=0.43 sys=0.00, real=0.05 secs] 
56.759: [Full GC [PSYoungGen: 38384K->0K(269824K)] [ParOldGen: 570460K->140431K(615936K)] 608844K->140431K(885760K) [PSPermGen: 9100K->9100K(21504K)], 0.1689540 secs] [Times: user=1.26 sys=0.00, real=0.17 secs] 
56.928: Total time for which application threads were stopped: 0.2249650 seconds, Stopping threads took: 0.0016000 seconds
57.038: Application time: 0.1093270 seconds
57.038: [GC [PSYoungGen: 231424K->34048K(269824K)] 371855K->174480K(885760K), 0.0237060 secs] [Times: user=0.19 sys=0.00, real=0.03 secs] 
57.062: Total time for which application threads were stopped: 0.0238930 seconds, Stopping threads took: 0.0000810 seconds
57.147: Application time: 0.0856790 seconds
57.147: [GC [PSYoungGen: 265472K->38368K(269824K)] 405904K->231282K(885760K), 0.0486990 secs] [Times: user=0.39 sys=0.00, real=0.05 secs] 
57.196: Total time for which application threads were stopped: 0.0488910 seconds, Stopping threads took: 0.0001030 seconds
57.298: Application time: 0.1024070 seconds
57.299: [GC [PSYoungGen: 269792K->38384K(269824K)] 462706K->269870K(885760K), 0.0491860 secs] [Times: user=0.39 sys=0.00, real=0.05 secs] 
57.348: Total time for which application threads were stopped: 0.0493640 seconds, Stopping threads took: 0.0000930 seconds
57.442: Application time: 0.0942930 seconds
57.442: [GC [PSYoungGen: 269808K->38368K(269824K)] 501294K->314609K(885760K), 0.0554290 secs] [Times: user=0.44 sys=0.00, real=0.05 secs] 
57.498: Total time for which application threads were stopped: 0.0556040 seconds, Stopping threads took: 0.0000860 seconds
57.609: Application time: 0.1114330 seconds
57.613: [GC [PSYoungGen: 269792K->38368K(269824K)] 546033K->352517K(885760K), 0.0557120 secs] [Times: user=0.44 sys=0.00, real=0.05 secs] 
57.669: Total time for which application threads were stopped: 0.0595060 seconds, Stopping threads took: 0.0036900 seconds
57.755: Application time: 0.0864210 seconds
57.755: [GC [PSYoungGen: 269792K->38368K(269824K)] 583941K->406576K(885760K), 0.0620920 secs] [Times: user=0.50 sys=0.00, real=0.06 secs] 
57.817: Total time for which application threads were stopped: 0.0622590 seconds, Stopping threads took: 0.0000800 seconds
57.924: Application time: 0.1066380 seconds
57.924: [GC [PSYoungGen: 269792K->38368K(269824K)] 638000K->451044K(885760K), 0.0637350 secs] [Times: user=0.50 sys=0.00, real=0.06 secs] 
57.988: Total time for which application threads were stopped: 0.0639330 seconds, Stopping threads took: 0.0001100 seconds
58.084: Application time: 0.0961940 seconds
58.084: [GC [PSYoungGen: 269792K->38368K(269824K)] 682468K->498604K(885760K), 0.0614910 secs] [Times: user=0.49 sys=0.00, real=0.06 secs] 
58.146: Total time for which application threads were stopped: 0.0616680 seconds, Stopping threads took: 0.0000880 seconds
58.256: Application time: 0.1103410 seconds
58.256: [GC [PSYoungGen: 269792K->38368K(269824K)] 730028K->536437K(885760K), 0.0600110 secs] [Times: user=0.47 sys=0.00, real=0.06 secs] 
58.316: Total time for which application threads were stopped: 0.0601820 seconds, Stopping threads took: 0.0000710 seconds
58.409: Application time: 0.0931030 seconds
58.410: [GC [PSYoungGen: 269792K->38384K(269824K)] 767861K->588229K(885760K), 0.0639740 secs] [Times: user=0.51 sys=0.00, real=0.07 secs] 
58.474: Total time for which application threads were stopped: 0.0641400 seconds, Stopping threads took: 0.0000790 seconds
58.579: Application time: 0.1054610 seconds
58.579: [GC [PSYoungGen: 269808K->38368K(269824K)] 819653K->629110K(885760K), 0.0619000 secs] [Times: user=0.49 sys=0.01, real=0.07 secs] 
58.641: [Full GC [PSYoungGen: 38368K->0K(269824K)] [ParOldGen: 590741K->128072K(615936K)] 629110K->128072K(885760K) [PSPermGen: 9101K->9101K(21504K)], 0.1543470 secs] [Times: user=1.12 sys=0.00, real=0.15 secs] 
58.796: Total time for which application threads were stopped: 0.2164700 seconds, Stopping threads took: 0.0000760 seconds
58.893: Application time: 0.0973430 seconds
58.894: [GC [PSYoungGen: 231424K->38378K(269824K)] 359496K->175374K(885760K), 0.0268900 secs] [Times: user=0.21 sys=0.00, real=0.02 secs] 
58.920: Total time for which application threads were stopped: 0.0276020 seconds, Stopping threads took: 0.0006150 seconds
59.020: Application time: 0.0990560 seconds
59.020: [GC [PSYoungGen: 269802K->38368K(269824K)] 406798K->209535K(885760K), 0.0386840 secs] [Times: user=0.30 sys=0.00, real=0.04 secs] 
59.058: Total time for which application threads were stopped: 0.0388510 seconds, Stopping threads took: 0.0000800 seconds
59.157: Application time: 0.0983630 seconds
59.157: [GC [PSYoungGen: 269792K->38368K(269824K)] 440959K->251705K(885760K), 0.0473640 secs] [Times: user=0.38 sys=0.00, real=0.05 secs] 
59.204: Total time for which application threads were stopped: 0.0475550 seconds, Stopping threads took: 0.0001040 seconds
59.309: Application time: 0.1048740 seconds
59.309: [GC [PSYoungGen: 269792K->38384K(269824K)] 483129K->288200K(885760K), 0.0490360 secs] [Times: user=0.39 sys=0.00, real=0.05 secs] 
59.358: Total time for which application threads were stopped: 0.0492270 seconds, Stopping threads took: 0.0000990 seconds
59.458: Application time: 0.0992980 seconds
59.458: [GC [PSYoungGen: 269808K->38384K(269824K)] 519624K->331499K(885760K), 0.0515290 secs] [Times: user=0.40 sys=0.00, real=0.05 secs] 
59.509: Total time for which application threads were stopped: 0.0517140 seconds, Stopping threads took: 0.0000900 seconds
59.606: Application time: 0.0966590 seconds
59.606: [GC [PSYoungGen: 269808K->38384K(269824K)] 562923K->374353K(885760K), 0.0506980 secs] [Times: user=0.39 sys=0.00, real=0.05 secs] 
59.657: Total time for which application threads were stopped: 0.0508710 seconds, Stopping threads took: 0.0000880 seconds
59.754: Application time: 0.0971560 seconds
59.754: [GC [PSYoungGen: 269808K->38384K(269824K)] 605777K->421931K(885760K), 0.0544360 secs] [Times: user=0.43 sys=0.00, real=0.05 secs] 
59.809: Total time for which application threads were stopped: 0.0546150 seconds, Stopping threads took: 0.0000850 seconds
59.909: Application time: 0.1006110 seconds
59.913: [GC [PSYoungGen: 269808K->38384K(269824K)] 653355K->469680K(885760K), 0.0560180 secs] [Times: user=0.44 sys=0.00, real=0.05 secs] 
59.969: Total time for which application threads were stopped: 0.0596560 seconds, Stopping threads took: 0.0035450 seconds
60.070: Application time: 0.1010930 seconds
60.070: [GC [PSYoungGen: 269808K->38368K(269824K)] 701104K->512750K(885760K), 0.0522180 secs] [Times: user=0.42 sys=0.00, real=0.06 secs] 
60.123: Total time for which application threads were stopped: 0.0524110 seconds, Stopping threads took: 0.0000940 seconds
60.220: Application time: 0.0977410 seconds
60.220: [GC [PSYoungGen: 269734K->38368K(269824K)] 744116K->554070K(885760K), 0.0518510 secs] [Times: user=0.41 sys=0.00, real=0.05 secs] 
60.272: Total time for which application threads were stopped: 0.0520200 seconds, Stopping threads took: 0.0000830 seconds
60.368: Application time: 0.0953300 seconds
60.368: [GC [PSYoungGen: 269792K->38368K(269824K)] 785494K->602786K(885760K), 0.0554330 secs] [Times: user=0.43 sys=0.00, real=0.06 secs] 
60.423: [Full GC [PSYoungGen: 38368K->0K(269824K)] [ParOldGen: 564417K->131446K(615936K)] 602786K->131446K(885760K) [PSPermGen: 9102K->9102K(21504K)], 0.1549320 secs] [Times: user=1.15 sys=0.00, real=0.15 secs] 
60.578: Total time for which application threads were stopped: 0.2106060 seconds, Stopping threads took: 0.0000910 seconds
60.676: Application time: 0.0980220 seconds
60.677: [GC [PSYoungGen: 231424K->38384K(269824K)] 362870K->179100K(885760K), 0.0281790 secs] [Times: user=0.22 sys=0.00, real=0.03 secs] 
60.705: Total time for which application threads were stopped: 0.0289030 seconds, Stopping threads took: 0.0006230 seconds
60.807: Application time: 0.1021700 seconds
60.809: [GC [PSYoungGen: 269808K->38384K(269824K)] 410524K->217341K(885760K), 0.0430750 secs] [Times: user=0.34 sys=0.01, real=0.04 secs] 
60.852: Total time for which application threads were stopped: 0.0447120 seconds, Stopping threads took: 0.0015520 seconds
60.950: Application time: 0.0979000 seconds
60.953: [GC [PSYoungGen: 269808K->38384K(269824K)] 448765K->253062K(885760K), 0.0455830 secs] [Times: user=0.36 sys=0.00, real=0.04 secs] 
60.999: Total time for which application threads were stopped: 0.0486370 seconds, Stopping threads took: 0.0029660 seconds
61.095: Application time: 0.0960440 seconds
61.095: [GC [PSYoungGen: 269808K->38384K(269824K)] 484486K->300351K(885760K), 0.0542710 secs] [Times: user=0.43 sys=0.00, real=0.05 secs] 
61.149: Total time for which application threads were stopped: 0.0544550 seconds, Stopping threads took: 0.0000970 seconds
61.246: Application time: 0.0965080 seconds
61.246: [GC [PSYoungGen: 269808K->38384K(269824K)] 531775K->346859K(885760K), 0.0553600 secs] [Times: user=0.44 sys=0.00, real=0.06 secs] 
61.301: Total time for which application threads were stopped: 0.0555270 seconds, Stopping threads took: 0.0000680 seconds
61.402: Application time: 0.1012930 seconds
61.405: [GC [PSYoungGen: 269808K->38368K(269824K)] 578283K->392026K(885760K), 0.0579440 secs] [Times: user=0.46 sys=0.00, real=0.06 secs] 
61.463: Total time for which application threads were stopped: 0.0604840 seconds, Stopping threads took: 0.0024510 seconds
61.565: Application time: 0.1017290 seconds
61.565: [GC [PSYoungGen: 269792K->38384K(269824K)] 623450K->430151K(885760K), 0.0536270 secs] [Times: user=0.42 sys=0.00, real=0.05 secs] 
61.618: Total time for which application threads were stopped: 0.0538350 seconds, Stopping threads took: 0.0001000 seconds
61.718: Application time: 0.0991620 seconds
61.718: [GC [PSYoungGen: 269785K->38384K(269824K)] 661552K->479873K(885760K), 0.0608630 secs] [Times: user=0.48 sys=0.00, real=0.06 secs] 
61.779: Total time for which application threads were stopped: 0.0610300 seconds, Stopping threads took: 0.0000810 seconds
61.876: Application time: 0.0968770 seconds
61.877: [GC [PSYoungGen: 269808K->38368K(269824K)] 711297K->527409K(885760K), 0.0584750 secs] [Times: user=0.46 sys=0.00, real=0.06 secs] 
61.935: Total time for which application threads were stopped: 0.0599220 seconds, Stopping threads took: 0.0013420 seconds
62.036: Application time: 0.1010100 seconds
62.041: [GC [PSYoungGen: 269792K->38384K(269824K)] 758833K->573367K(885760K), 0.0589320 secs] [Times: user=0.47 sys=0.00, real=0.05 secs] 
62.100: Total time for which application threads were stopped: 0.0634140 seconds, Stopping threads took: 0.0043950 seconds
62.202: Application time: 0.1023160 seconds
62.202: [GC [PSYoungGen: 269808K->38368K(269824K)] 804791K->610246K(885760K), 0.0547920 secs] [Times: user=0.43 sys=0.00, real=0.05 secs] 
62.257: [Full GC [PSYoungGen: 38368K->0K(269824K)] [ParOldGen: 571878K->123239K(615936K)] 610246K->123239K(885760K) [PSPermGen: 9105K->9105K(21504K)], 0.1382490 secs] [Times: user=1.00 sys=0.00, real=0.14 secs] 
62.396: Total time for which application threads were stopped: 0.1933080 seconds, Stopping threads took: 0.0001150 seconds
62.494: Application time: 0.0987870 seconds
62.494: [GC [PSYoungGen: 231424K->38370K(269824K)] 354663K->174253K(885760K), 0.0305390 secs] [Times: user=0.24 sys=0.00, real=0.03 secs] 
62.525: Total time for which application threads were stopped: 0.0307140 seconds, Stopping threads took: 0.0000690 seconds
62.622: Application time: 0.0971750 seconds
62.625: [GC [PSYoungGen: 269794K->38379K(269824K)] 405677K->216018K(885760K), 0.0448470 secs] [Times: user=0.35 sys=0.00, real=0.04 secs] 
62.670: Total time for which application threads were stopped: 0.0476030 seconds, Stopping threads took: 0.0026700 seconds
62.770: Application time: 0.0997040 seconds
62.770: [GC [PSYoungGen: 269803K->38395K(269824K)] 447442K->256652K(885760K), 0.0472400 secs] [Times: user=0.37 sys=0.00, real=0.05 secs] 
62.817: Total time for which application threads were stopped: 0.0474300 seconds, Stopping threads took: 0.0001040 seconds
62.920: Application time: 0.1026790 seconds
62.920: [GC [PSYoungGen: 269819K->38395K(269824K)] 488076K->290912K(885760K), 0.0466300 secs] [Times: user=0.37 sys=0.00, real=0.05 secs] 
62.966: Total time for which application threads were stopped: 0.0468140 seconds, Stopping threads took: 0.0000960 seconds
63.067: Application time: 0.1001750 seconds
63.067: [GC [PSYoungGen: 269819K->38395K(269824K)] 522336K->340054K(885760K), 0.0554960 secs] [Times: user=0.44 sys=0.00, real=0.06 secs] 
63.122: Total time for which application threads were stopped: 0.0556990 seconds, Stopping threads took: 0.0001060 seconds
63.218: Application time: 0.0959500 seconds
63.218: [GC [PSYoungGen: 269819K->38395K(269824K)] 571478K->388799K(885760K), 0.0545550 secs] [Times: user=0.42 sys=0.00, real=0.06 secs] 
63.273: Total time for which application threads were stopped: 0.0547180 seconds, Stopping threads took: 0.0000780 seconds
63.371: Application time: 0.0976280 seconds
63.371: [GC [PSYoungGen: 269819K->38395K(269824K)] 620223K->432981K(885760K), 0.0527810 secs] [Times: user=0.41 sys=0.00, real=0.06 secs] 
63.424: Total time for which application threads were stopped: 0.0529440 seconds, Stopping threads took: 0.0000760 seconds
63.525: Application time: 0.1017810 seconds
63.526: [GC [PSYoungGen: 269817K->38379K(269824K)] 664403K->472238K(885760K), 0.0507340 secs] [Times: user=0.40 sys=0.00, real=0.05 secs] 
63.576: Total time for which application threads were stopped: 0.0509250 seconds, Stopping threads took: 0.0001010 seconds
63.675: Application time: 0.0985050 seconds
63.675: [GC [PSYoungGen: 269803K->38395K(269824K)] 703662K->522697K(885760K), 0.0572860 secs] [Times: user=0.45 sys=0.00, real=0.05 secs] 
63.732: Total time for which application threads were stopped: 0.0574990 seconds, Stopping threads took: 0.0001090 seconds
63.831: Application time: 0.0990480 seconds
63.832: [GC [PSYoungGen: 269819K->38395K(269824K)] 754121K->569307K(885760K), 0.0562680 secs] [Times: user=0.43 sys=0.00, real=0.06 secs] 
63.888: Total time for which application threads were stopped: 0.0564490 seconds, Stopping threads took: 0.0000930 seconds
63.989: Application time: 0.1016760 seconds
63.993: [GC [PSYoungGen: 269819K->38395K(269824K)] 800731K->613276K(885760K), 0.0563810 secs] [Times: user=0.44 sys=0.00, real=0.05 secs] 
64.049: [Full GC [PSYoungGen: 38395K->0K(269824K)] [ParOldGen: 574881K->139784K(615936K)] 613276K->139784K(885760K) [PSPermGen: 9105K->9105K(21504K)], 0.1729930 secs] [Times: user=1.28 sys=0.00, real=0.18 secs] 
64.222: Total time for which application threads were stopped: 0.2329150 seconds, Stopping threads took: 0.0033870 seconds
64.330: Application time: 0.1073290 seconds
64.330: [GC [PSYoungGen: 231424K->37721K(269824K)] 371208K->177506K(885760K), 0.0237650 secs] [Times: user=0.18 sys=0.00, real=0.03 secs] 
64.354: Total time for which application threads were stopped: 0.0239520 seconds, Stopping threads took: 0.0000900 seconds
64.450: Application time: 0.0958950 seconds
64.450: [GC [PSYoungGen: 269145K->38397K(269824K)] 408930K->225306K(885760K), 0.0462220 secs] [Times: user=0.37 sys=0.00, real=0.05 secs] 
64.496: Total time for which application threads were stopped: 0.0463990 seconds, Stopping threads took: 0.0000910 seconds
64.597: Application time: 0.1012650 seconds
64.597: [GC [PSYoungGen: 269821K->38384K(269824K)] 456730K->265210K(885760K), 0.0490370 secs] [Times: user=0.38 sys=0.00, real=0.05 secs] 
64.646: Total time for which application threads were stopped: 0.0492210 seconds, Stopping threads took: 0.0001010 seconds
64.744: Application time: 0.0972720 seconds
64.744: [GC [PSYoungGen: 269808K->38368K(269824K)] 496634K->309180K(885760K), 0.0554490 secs] [Times: user=0.44 sys=0.00, real=0.05 secs] 
64.799: Total time for which application threads were stopped: 0.0556230 seconds, Stopping threads took: 0.0000830 seconds
64.906: Application time: 0.1064110 seconds
64.906: [GC [PSYoungGen: 269514K->38384K(269824K)] 540327K->343177K(885760K), 0.0537390 secs] [Times: user=0.41 sys=0.00, real=0.05 secs] 
64.960: Total time for which application threads were stopped: 0.0539300 seconds, Stopping threads took: 0.0000870 seconds
65.047: Application time: 0.0870180 seconds
65.047: [GC [PSYoungGen: 269808K->38384K(269824K)] 574601K->401022K(885760K), 0.0665190 secs] [Times: user=0.53 sys=0.00, real=0.07 secs] 
65.113: Total time for which application threads were stopped: 0.0666770 seconds, Stopping threads took: 0.0000710 seconds
65.218: Application time: 0.1046470 seconds
65.218: [GC [PSYoungGen: 269808K->38384K(269824K)] 632446K->443118K(885760K), 0.0623590 secs] [Times: user=0.49 sys=0.00, real=0.06 secs] 
65.281: Total time for which application threads were stopped: 0.0625580 seconds, Stopping threads took: 0.0001110 seconds
65.375: Application time: 0.0947940 seconds
65.376: [GC [PSYoungGen: 269808K->38384K(269824K)] 674542K->491723K(885760K), 0.0625920 secs] [Times: user=0.50 sys=0.00, real=0.06 secs] 
65.438: Total time for which application threads were stopped: 0.0627810 seconds, Stopping threads took: 0.0001060 seconds
65.548: Application time: 0.1099480 seconds
65.549: [GC [PSYoungGen: 269808K->38368K(269824K)] 723147K->523953K(885760K), 0.0574420 secs] [Times: user=0.45 sys=0.00, real=0.06 secs] 
65.606: Total time for which application threads were stopped: 0.0582620 seconds, Stopping threads took: 0.0007220 seconds
65.692: Application time: 0.0856440 seconds
65.693: [GC [PSYoungGen: 269792K->38368K(269824K)] 755377K->583672K(885760K), 0.0665410 secs] [Times: user=0.53 sys=0.00, real=0.06 secs] 
65.760: Total time for which application threads were stopped: 0.0674420 seconds, Stopping threads took: 0.0008150 seconds
65.861: Application time: 0.1012010 seconds
65.861: [GC [PSYoungGen: 269792K->38384K(269824K)] 815096K->623994K(885760K), 0.0606710 secs] [Times: user=0.48 sys=0.00, real=0.06 secs] 
65.922: [Full GC [PSYoungGen: 38384K->0K(269824K)] [ParOldGen: 585610K->129204K(615936K)] 623994K->129204K(885760K) [PSPermGen: 9107K->9107K(21504K)], 0.1516290 secs] [Times: user=1.12 sys=0.01, real=0.15 secs] 
66.073: Total time for which application threads were stopped: 0.2125930 seconds, Stopping threads took: 0.0001530 seconds
66.172: Application time: 0.0987230 seconds
66.172: [GC [PSYoungGen: 231424K->38391K(269824K)] 360628K->177261K(885760K), 0.0277620 secs] [Times: user=0.22 sys=0.00, real=0.03 secs] 
66.200: Total time for which application threads were stopped: 0.0279880 seconds, Stopping threads took: 0.0001290 seconds
66.309: Application time: 0.1087790 seconds
66.309: [GC [PSYoungGen: 269803K->38391K(269824K)] 408673K->206530K(885760K), 0.0391220 secs] [Times: user=0.31 sys=0.00, real=0.04 secs] 
66.348: Total time for which application threads were stopped: 0.0392930 seconds, Stopping threads took: 0.0000840 seconds
66.436: Application time: 0.0881660 seconds
66.436: [GC [PSYoungGen: 269815K->38375K(269824K)] 437954K->260487K(885760K), 0.0517120 secs] [Times: user=0.41 sys=0.00, real=0.05 secs] 
66.488: Total time for which application threads were stopped: 0.0518730 seconds, Stopping threads took: 0.0000730 seconds
66.600: Application time: 0.1118590 seconds
66.600: [GC [PSYoungGen: 269799K->38391K(269824K)] 491911K->288870K(885760K), 0.0463240 secs] [Times: user=0.37 sys=0.00, real=0.05 secs] 
66.647: Total time for which application threads were stopped: 0.0465080 seconds, Stopping threads took: 0.0000920 seconds
66.736: Application time: 0.0899480 seconds
66.737: [GC [PSYoungGen: 269815K->38391K(269824K)] 520294K->342197K(885760K), 0.0545630 secs] [Times: user=0.43 sys=0.00, real=0.05 secs] 
66.791: Total time for which application threads were stopped: 0.0547500 seconds, Stopping threads took: 0.0000860 seconds
66.899: Application time: 0.1080880 seconds
66.899: [GC [PSYoungGen: 269815K->38375K(269824K)] 573621K->376024K(885760K), 0.0502500 secs] [Times: user=0.40 sys=0.00, real=0.05 secs] 
66.950: Total time for which application threads were stopped: 0.0504260 seconds, Stopping threads took: 0.0000910 seconds
67.039: Application time: 0.0895920 seconds
67.039: [GC [PSYoungGen: 269799K->38375K(269824K)] 607448K->432555K(885760K), 0.0581140 secs] [Times: user=0.46 sys=0.00, real=0.06 secs] 
67.098: Total time for which application threads were stopped: 0.0582730 seconds, Stopping threads took: 0.0000710 seconds
67.207: Application time: 0.1098050 seconds
67.208: [GC [PSYoungGen: 269799K->38375K(269824K)] 663979K->470248K(885760K), 0.0550430 secs] [Times: user=0.43 sys=0.00, real=0.06 secs] 
67.263: Total time for which application threads were stopped: 0.0552120 seconds, Stopping threads took: 0.0000900 seconds
67.356: Application time: 0.0932150 seconds
67.356: [GC [PSYoungGen: 269799K->38391K(269824K)] 701672K->520583K(885760K), 0.0552190 secs] [Times: user=0.44 sys=0.00, real=0.05 secs] 
67.411: Total time for which application threads were stopped: 0.0554270 seconds, Stopping threads took: 0.0001070 seconds
67.515: Application time: 0.1039710 seconds
67.515: [GC [PSYoungGen: 269815K->38375K(269824K)] 752007K->556584K(885760K), 0.0511850 secs] [Times: user=0.40 sys=0.00, real=0.05 secs] 
67.567: Total time for which application threads were stopped: 0.0513740 seconds, Stopping threads took: 0.0001010 seconds
67.652: Application time: 0.0857890 seconds
67.653: [GC [PSYoungGen: 269799K->38375K(269824K)] 788008K->614476K(885760K), 0.0587060 secs] [Times: user=0.47 sys=0.00, real=0.06 secs] 
67.711: [Full GC [PSYoungGen: 38375K->0K(269824K)] [ParOldGen: 576100K->137771K(615936K)] 614476K->137771K(885760K) [PSPermGen: 9107K->9107K(21504K)], 0.1606140 secs] [Times: user=1.19 sys=0.00, real=0.16 secs] 
67.872: Total time for which application threads were stopped: 0.2195520 seconds, Stopping threads took: 0.0000780 seconds
67.984: Application time: 0.1122420 seconds
67.985: [GC [PSYoungGen: 231424K->36224K(269824K)] 369195K->173995K(885760K), 0.0274970 secs] [Times: user=0.22 sys=0.00, real=0.02 secs] 
68.012: Total time for which application threads were stopped: 0.0282520 seconds, Stopping threads took: 0.0006590 seconds
68.107: Application time: 0.0943220 seconds
68.107: [GC [PSYoungGen: 267648K->38384K(269824K)] 405419K->219899K(885760K), 0.0447580 secs] [Times: user=0.36 sys=0.00, real=0.04 secs] 
68.152: Total time for which application threads were stopped: 0.0449430 seconds, Stopping threads took: 0.0001010 seconds
68.256: Application time: 0.1045530 seconds
68.256: [GC [PSYoungGen: 269808K->38368K(269824K)] 451323K->254601K(885760K), 0.0469810 secs] [Times: user=0.37 sys=0.00, real=0.05 secs] 
68.303: Total time for which application threads were stopped: 0.0471600 seconds, Stopping threads took: 0.0000930 seconds
68.388: Application time: 0.0844050 seconds
68.388: [GC [PSYoungGen: 269792K->38384K(269824K)] 486025K->311520K(885760K), 0.0559880 secs] [Times: user=0.44 sys=0.00, real=0.06 secs] 
68.444: Total time for which application threads were stopped: 0.0561450 seconds, Stopping threads took: 0.0000680 seconds
68.559: Application time: 0.1145910 seconds
68.559: [GC [PSYoungGen: 269808K->38368K(269824K)] 542944K->344935K(885760K), 0.0530750 secs] [Times: user=0.42 sys=0.00, real=0.05 secs] 
68.612: Total time for which application threads were stopped: 0.0532330 seconds, Stopping threads took: 0.0000720 seconds
68.708: Application time: 0.0961080 seconds
68.708: [GC [PSYoungGen: 269792K->38384K(269824K)] 576359K->386711K(885760K), 0.0515950 secs] [Times: user=0.41 sys=0.00, real=0.05 secs] 
68.760: Total time for which application threads were stopped: 0.0517660 seconds, Stopping threads took: 0.0000850 seconds
68.858: Application time: 0.0987310 seconds
68.861: [GC [PSYoungGen: 269808K->38368K(269824K)] 618135K->434249K(885760K), 0.0569790 secs] [Times: user=0.45 sys=0.00, real=0.05 secs] 
68.918: Total time for which application threads were stopped: 0.0594980 seconds, Stopping threads took: 0.0024330 seconds
69.001: Application time: 0.0834750 seconds
69.002: [GC [PSYoungGen: 269792K->38368K(269824K)] 665673K->492891K(885760K), 0.0586130 secs] [Times: user=0.46 sys=0.00, real=0.05 secs] 
69.060: Total time for which application threads were stopped: 0.0587700 seconds, Stopping threads took: 0.0000750 seconds
69.172: Application time: 0.1113610 seconds
69.172: [GC [PSYoungGen: 269792K->38384K(269824K)] 724315K->527118K(885760K), 0.0537640 secs] [Times: user=0.43 sys=0.00, real=0.06 secs] 
69.226: Total time for which application threads were stopped: 0.0539420 seconds, Stopping threads took: 0.0000870 seconds
69.323: Application time: 0.0973680 seconds
69.323: [GC [PSYoungGen: 269808K->38384K(269824K)] 758542K->566830K(885760K), 0.0517490 secs] [Times: user=0.41 sys=0.00, real=0.05 secs] 
69.375: Total time for which application threads were stopped: 0.0519320 seconds, Stopping threads took: 0.0000950 seconds
69.473: Application time: 0.0984660 seconds
69.473: [GC [PSYoungGen: 269808K->38368K(269824K)] 798254K->615763K(885760K), 0.0590450 secs] [Times: user=0.47 sys=0.00, real=0.05 secs] 
69.533: [Full GC [PSYoungGen: 38368K->0K(269824K)] [ParOldGen: 577395K->123754K(615936K)] 615763K->123754K(885760K) [PSPermGen: 9112K->9112K(21504K)], 0.1406460 secs] [Times: user=1.03 sys=0.00, real=0.15 secs] 
69.673: Total time for which application threads were stopped: 0.1999340 seconds, Stopping threads took: 0.0000940 seconds
69.757: Application time: 0.0840500 seconds
69.757: [GC [PSYoungGen: 231424K->38375K(269824K)] 355178K->183052K(885760K), 0.0308050 secs] [Times: user=0.24 sys=0.00, real=0.03 secs] 
69.788: Total time for which application threads were stopped: 0.0309940 seconds, Stopping threads took: 0.0000860 seconds
69.901: Application time: 0.1131620 seconds
69.905: [GC [PSYoungGen: 269799K->38384K(269824K)] 414476K->208729K(885760K), 0.0390120 secs] [Times: user=0.31 sys=0.00, real=0.04 secs] 
69.944: Total time for which application threads were stopped: 0.0425300 seconds, Stopping threads took: 0.0034380 seconds
70.043: Application time: 0.0988170 seconds
70.043: [GC [PSYoungGen: 269808K->38368K(269824K)] 440153K->241722K(885760K), 0.0448800 secs] [Times: user=0.35 sys=0.00, real=0.04 secs] 
70.088: Total time for which application threads were stopped: 0.0450500 seconds, Stopping threads took: 0.0000830 seconds
70.185: Application time: 0.0969510 seconds
70.185: [GC [PSYoungGen: 269792K->38384K(269824K)] 473146K->287992K(885760K), 0.0564910 secs] [Times: user=0.44 sys=0.00, real=0.06 secs] 
70.241: Total time for which application threads were stopped: 0.0566800 seconds, Stopping threads took: 0.0000950 seconds
70.326: Application time: 0.0847920 seconds
70.326: [GC [PSYoungGen: 269808K->38368K(269824K)] 519416K->347677K(885760K), 0.0618970 secs] [Times: user=0.49 sys=0.00, real=0.06 secs] 
70.388: Total time for which application threads were stopped: 0.0620910 seconds, Stopping threads took: 0.0000930 seconds
70.504: Application time: 0.1154210 seconds
70.504: [GC [PSYoungGen: 269792K->38368K(269824K)] 579101K->382081K(885760K), 0.0567990 secs] [Times: user=0.45 sys=0.00, real=0.05 secs] 
70.561: Total time for which application threads were stopped: 0.0569590 seconds, Stopping threads took: 0.0000770 seconds
70.663: Application time: 0.1017690 seconds
70.663: [GC [PSYoungGen: 269792K->38384K(269824K)] 613505K->418002K(885760K), 0.0538150 secs] [Times: user=0.42 sys=0.00, real=0.05 secs] 
70.717: Total time for which application threads were stopped: 0.0540000 seconds, Stopping threads took: 0.0000980 seconds
70.814: Application time: 0.0976250 seconds
70.814: [GC [PSYoungGen: 269808K->38384K(269824K)] 649426K->468161K(885760K), 0.0606480 secs] [Times: user=0.48 sys=0.00, real=0.06 secs] 
70.875: Total time for which application threads were stopped: 0.0608190 seconds, Stopping threads took: 0.0000840 seconds
70.961: Application time: 0.0857360 seconds
70.961: [GC [PSYoungGen: 269743K->38384K(269824K)] 699520K->529973K(885760K), 0.0640640 secs] [Times: user=0.50 sys=0.00, real=0.06 secs] 
71.025: Total time for which application threads were stopped: 0.0642570 seconds, Stopping threads took: 0.0000860 seconds
71.136: Application time: 0.1109530 seconds
71.136: [GC [PSYoungGen: 269808K->38384K(269824K)] 761397K->564227K(885760K), 0.0579840 secs] [Times: user=0.45 sys=0.00, real=0.06 secs] 
71.194: Total time for which application threads were stopped: 0.0581340 seconds, Stopping threads took: 0.0000670 seconds
71.298: Application time: 0.1036090 seconds
71.298: [GC [PSYoungGen: 269808K->38368K(269824K)] 795651K->599954K(885760K), 0.0539430 secs] [Times: user=0.43 sys=0.00, real=0.05 secs] 
71.352: [Full GC [PSYoungGen: 38368K->0K(269824K)] [ParOldGen: 561585K->119123K(615936K)] 599954K->119123K(885760K) [PSPermGen: 9113K->9113K(21504K)], 0.1327570 secs] [Times: user=0.96 sys=0.00, real=0.14 secs] 
71.485: Total time for which application threads were stopped: 0.1869560 seconds, Stopping threads took: 0.0000950 seconds
71.581: Application time: 0.0967440 seconds
71.582: [GC [PSYoungGen: 231424K->38395K(269824K)] 350547K->170452K(885760K), 0.0303280 secs] [Times: user=0.23 sys=0.00, real=0.02 secs] 
71.612: Total time for which application threads were stopped: 0.0305190 seconds, Stopping threads took: 0.0000940 seconds
71.703: Application time: 0.0906680 seconds
71.703: [GC [PSYoungGen: 269819K->38368K(269824K)] 401876K->221449K(885760K), 0.0477620 secs] [Times: user=0.37 sys=0.00, real=0.04 secs] 
71.751: Total time for which application threads were stopped: 0.0479540 seconds, Stopping threads took: 0.0001010 seconds
71.857: Application time: 0.1065990 seconds
71.857: [GC [PSYoungGen: 269792K->38384K(269824K)] 452873K->254935K(885760K), 0.0457240 secs] [Times: user=0.36 sys=0.00, real=0.05 secs] 
71.903: Total time for which application threads were stopped: 0.0458910 seconds, Stopping threads took: 0.0000830 seconds
72.003: Application time: 0.1000220 seconds
72.005: [GC [PSYoungGen: 269808K->38384K(269824K)] 486359K->285306K(885760K), 0.0421720 secs] [Times: user=0.34 sys=0.00, real=0.04 secs] 
72.047: Total time for which application threads were stopped: 0.0441030 seconds, Stopping threads took: 0.0018420 seconds
72.144: Application time: 0.0968430 seconds
72.144: [GC [PSYoungGen: 269808K->38368K(269824K)] 516730K->335273K(885760K), 0.0549290 secs] [Times: user=0.43 sys=0.00, real=0.05 secs] 
72.199: Total time for which application threads were stopped: 0.0551170 seconds, Stopping threads took: 0.0000910 seconds
72.290: Application time: 0.0907340 seconds
72.290: [GC [PSYoungGen: 269792K->38384K(269824K)] 566697K->387496K(885760K), 0.0545300 secs] [Times: user=0.44 sys=0.00, real=0.06 secs] 
72.345: Total time for which application threads were stopped: 0.0546940 seconds, Stopping threads took: 0.0000790 seconds
72.453: Application time: 0.1084710 seconds
72.457: [GC [PSYoungGen: 269808K->38368K(269824K)] 618920K->428375K(885760K), 0.0547820 secs] [Times: user=0.43 sys=0.00, real=0.05 secs] 
72.512: Total time for which application threads were stopped: 0.0587170 seconds, Stopping threads took: 0.0038460 seconds
72.615: Application time: 0.1035220 seconds
72.615: [GC [PSYoungGen: 269792K->38368K(269824K)] 659799K->465126K(885760K), 0.0497110 secs] [Times: user=0.39 sys=0.00, real=0.05 secs] 
72.665: Total time for which application threads were stopped: 0.0498860 seconds, Stopping threads took: 0.0000900 seconds
72.764: Application time: 0.0991510 seconds
72.765: [GC [PSYoungGen: 269724K->38384K(269824K)] 696482K->515158K(885760K), 0.0551410 secs] [Times: user=0.43 sys=0.00, real=0.05 secs] 
72.820: Total time for which application threads were stopped: 0.0558080 seconds, Stopping threads took: 0.0005700 seconds
72.911: Application time: 0.0912400 seconds
72.912: [GC [PSYoungGen: 269808K->38368K(269824K)] 746582K->569298K(885760K), 0.0563840 secs] [Times: user=0.45 sys=0.00, real=0.06 secs] 
72.968: Total time for which application threads were stopped: 0.0565710 seconds, Stopping threads took: 0.0000980 seconds
73.074: Application time: 0.1062700 seconds
73.074: [GC [PSYoungGen: 269792K->38384K(269824K)] 800722K->608864K(885760K), 0.0523690 secs] [Times: user=0.41 sys=0.00, real=0.05 secs] 
73.127: [Full GC [PSYoungGen: 38384K->0K(269824K)] [ParOldGen: 570479K->140816K(615936K)] 608864K->140816K(885760K) [PSPermGen: 9113K->9113K(21504K)], 0.1727210 secs] [Times: user=1.29 sys=0.00, real=0.17 secs] 
73.300: Total time for which application threads were stopped: 0.2253360 seconds, Stopping threads took: 0.0000920 seconds
73.402: Application time: 0.1021910 seconds
73.402: [GC [PSYoungGen: 231424K->38368K(269824K)] 372240K->179648K(885760K), 0.0243470 secs] [Times: user=0.19 sys=0.00, real=0.02 secs] 
73.426: Total time for which application threads were stopped: 0.0245110 seconds, Stopping threads took: 0.0000700 seconds
73.526: Application time: 0.0993470 seconds
73.526: [GC [PSYoungGen: 269792K->38395K(269824K)] 411072K->220960K(885760K), 0.0435550 secs] [Times: user=0.33 sys=0.01, real=0.04 secs] 
73.569: Total time for which application threads were stopped: 0.0437130 seconds, Stopping threads took: 0.0000730 seconds
73.658: Application time: 0.0883200 seconds
73.658: [GC [PSYoungGen: 269819K->38368K(269824K)] 452384K->270631K(885760K), 0.0510380 secs] [Times: user=0.41 sys=0.00, real=0.05 secs] 
73.709: Total time for which application threads were stopped: 0.0512050 seconds, Stopping threads took: 0.0000740 seconds
73.815: Application time: 0.1059120 seconds
73.815: [GC [PSYoungGen: 269792K->38384K(269824K)] 502055K->304556K(885760K), 0.0532570 secs] [Times: user=0.40 sys=0.00, real=0.05 secs] 
73.868: Total time for which application threads were stopped: 0.0534190 seconds, Stopping threads took: 0.0000800 seconds
73.973: Application time: 0.1051600 seconds
73.977: [GC [PSYoungGen: 269808K->38384K(269824K)] 535980K->344465K(885760K), 0.0543080 secs] [Times: user=0.42 sys=0.01, real=0.05 secs] 
74.031: Total time for which application threads were stopped: 0.0579560 seconds, Stopping threads took: 0.0035490 seconds
74.125: Application time: 0.0941840 seconds
74.126: [GC [PSYoungGen: 269808K->38368K(269824K)] 575889K->392649K(885760K), 0.0593500 secs] [Times: user=0.47 sys=0.00, real=0.06 secs] 
74.185: Total time for which application threads were stopped: 0.0595180 seconds, Stopping threads took: 0.0000810 seconds
74.279: Application time: 0.0936400 seconds
74.281: [GC [PSYoungGen: 269792K->38384K(269824K)] 624073K->446811K(885760K), 0.0636810 secs] [Times: user=0.49 sys=0.00, real=0.06 secs] 
74.345: Total time for which application threads were stopped: 0.0660110 seconds, Stopping threads took: 0.0022380 seconds
74.452: Application time: 0.1077160 seconds
74.453: [GC [PSYoungGen: 269808K->38384K(269824K)] 678235K->482056K(885760K), 0.0567310 secs] [Times: user=0.45 sys=0.01, real=0.06 secs] 
74.509: Total time for which application threads were stopped: 0.0569030 seconds, Stopping threads took: 0.0000870 seconds
74.608: Application time: 0.0984240 seconds
74.608: [GC [PSYoungGen: 269808K->38368K(269824K)] 713480K->525824K(885760K), 0.0584530 secs] [Times: user=0.46 sys=0.00, real=0.06 secs] 
74.666: Total time for which application threads were stopped: 0.0586190 seconds, Stopping threads took: 0.0000730 seconds
74.758: Application time: 0.0918040 seconds
74.758: [GC [PSYoungGen: 269792K->38368K(269824K)] 757248K->575629K(885760K), 0.0603170 secs] [Times: user=0.47 sys=0.00, real=0.06 secs] 
74.819: Total time for which application threads were stopped: 0.0605130 seconds, Stopping threads took: 0.0001080 seconds
74.912: Application time: 0.0934560 seconds
74.912: [GC [PSYoungGen: 269792K->38368K(269824K)] 807053K->626937K(885760K), 0.0626550 secs] [Times: user=0.49 sys=0.00, real=0.07 secs] 
74.975: [Full GC [PSYoungGen: 38368K->0K(269824K)] [ParOldGen: 588569K->141201K(615936K)] 626937K->141201K(885760K) [PSPermGen: 9114K->9114K(21504K)], 0.1838140 secs] [Times: user=1.33 sys=0.01, real=0.18 secs] 
75.159: Total time for which application threads were stopped: 0.2467140 seconds, Stopping threads took: 0.0000920 seconds
75.270: Application time: 0.1108230 seconds
75.270: [GC [PSYoungGen: 231424K->36683K(269824K)] 372625K->177884K(885760K), 0.0257030 secs] [Times: user=0.20 sys=0.00, real=0.03 secs] 
75.296: Total time for which application threads were stopped: 0.0259050 seconds, Stopping threads took: 0.0001020 seconds
75.396: Application time: 0.1000640 seconds
75.397: [GC [PSYoungGen: 268107K->38391K(269824K)] 409308K->217000K(885760K), 0.0425980 secs] [Times: user=0.34 sys=0.00, real=0.04 secs] 
75.440: Total time for which application threads were stopped: 0.0439340 seconds, Stopping threads took: 0.0012510 seconds
75.532: Application time: 0.0922460 seconds
75.532: [GC [PSYoungGen: 269815K->38368K(269824K)] 448424K->263411K(885760K), 0.0518120 secs] [Times: user=0.41 sys=0.00, real=0.06 secs] 
75.584: Total time for which application threads were stopped: 0.0519990 seconds, Stopping threads took: 0.0000970 seconds
75.679: Application time: 0.0953900 seconds
75.679: [GC [PSYoungGen: 269792K->38368K(269824K)] 494835K->312596K(885760K), 0.0534940 secs] [Times: user=0.42 sys=0.01, real=0.06 secs] 
75.733: Total time for which application threads were stopped: 0.0536830 seconds, Stopping threads took: 0.0000840 seconds
75.842: Application time: 0.1095540 seconds
75.843: [GC [PSYoungGen: 269792K->38384K(269824K)] 544020K->349174K(885760K), 0.0527700 secs] [Times: user=0.42 sys=0.00, real=0.05 secs] 
75.895: Total time for which application threads were stopped: 0.0529710 seconds, Stopping threads took: 0.0001030 seconds
75.999: Application time: 0.1037670 seconds
75.999: [GC [PSYoungGen: 269808K->38368K(269824K)] 580598K->393418K(885760K), 0.0537270 secs] [Times: user=0.42 sys=0.00, real=0.06 secs] 
76.053: Total time for which application threads were stopped: 0.0538890 seconds, Stopping threads took: 0.0000760 seconds
76.145: Application time: 0.0923460 seconds
76.146: [GC [PSYoungGen: 269792K->38368K(269824K)] 624842K->441072K(885760K), 0.0555390 secs] [Times: user=0.44 sys=0.00, real=0.06 secs] 
76.201: Total time for which application threads were stopped: 0.0557220 seconds, Stopping threads took: 0.0000940 seconds
76.298: Application time: 0.0970240 seconds
76.298: [GC [PSYoungGen: 269792K->38368K(269824K)] 672496K->494220K(885760K), 0.0590200 secs] [Times: user=0.46 sys=0.00, real=0.06 secs] 
76.357: Total time for which application threads were stopped: 0.0591920 seconds, Stopping threads took: 0.0000870 seconds
76.464: Application time: 0.1070130 seconds
76.465: [GC [PSYoungGen: 269792K->38368K(269824K)] 725644K->532942K(885760K), 0.0538790 secs] [Times: user=0.42 sys=0.00, real=0.05 secs] 
76.518: Total time for which application threads were stopped: 0.0540890 seconds, Stopping threads took: 0.0001010 seconds
76.617: Application time: 0.0982220 seconds
76.617: [GC [PSYoungGen: 269792K->38368K(269824K)] 764366K->574896K(885760K), 0.0524970 secs] [Times: user=0.41 sys=0.00, real=0.05 secs] 
76.669: Total time for which application threads were stopped: 0.0526470 seconds, Stopping threads took: 0.0000640 seconds
76.766: Application time: 0.0966860 seconds
76.766: [GC [PSYoungGen: 269792K->38368K(269824K)] 806320K->619455K(885760K), 0.0543510 secs] [Times: user=0.43 sys=0.00, real=0.05 secs] 
76.821: [Full GC [PSYoungGen: 38368K->0K(269824K)] [ParOldGen: 581086K->126715K(615936K)] 619455K->126715K(885760K) [PSPermGen: 9114K->9114K(21504K)], 0.1442820 secs] [Times: user=1.06 sys=0.00, real=0.15 secs] 
76.965: Total time for which application threads were stopped: 0.1988560 seconds, Stopping threads took: 0.0000610 seconds
77.060: Application time: 0.0948950 seconds
77.060: [GC [PSYoungGen: 231424K->38368K(269824K)] 358139K->183083K(885760K), 0.0324430 secs] [Times: user=0.25 sys=0.00, real=0.03 secs] 
77.092: Total time for which application threads were stopped: 0.0326460 seconds, Stopping threads took: 0.0001050 seconds
77.197: Application time: 0.1046730 seconds
77.197: [GC [PSYoungGen: 269792K->38384K(269824K)] 414507K->214967K(885760K), 0.0407430 secs] [Times: user=0.31 sys=0.00, real=0.04 secs] 
77.238: Total time for which application threads were stopped: 0.0409030 seconds, Stopping threads took: 0.0000750 seconds
77.340: Application time: 0.1023950 seconds
77.341: [GC [PSYoungGen: 269808K->38384K(269824K)] 446391K->254175K(885760K), 0.0488980 secs] [Times: user=0.39 sys=0.00, real=0.04 secs] 
77.390: Total time for which application threads were stopped: 0.0494660 seconds, Stopping threads took: 0.0004820 seconds
77.487: Application time: 0.0975480 seconds
77.488: [GC [PSYoungGen: 269808K->38368K(269824K)] 485599K->299137K(885760K), 0.0538420 secs] [Times: user=0.42 sys=0.00, real=0.06 secs] 
77.542: Total time for which application threads were stopped: 0.0540420 seconds, Stopping threads took: 0.0001100 seconds
77.638: Application time: 0.0966180 seconds
77.638: [GC [PSYoungGen: 269792K->38368K(269824K)] 530561K->353505K(885760K), 0.0602410 secs] [Times: user=0.47 sys=0.00, real=0.06 secs] 
77.699: Total time for which application threads were stopped: 0.0604460 seconds, Stopping threads took: 0.0001070 seconds
77.802: Application time: 0.1039160 seconds
77.803: [GC [PSYoungGen: 269792K->38384K(269824K)] 584929K->392630K(885760K), 0.0546130 secs] [Times: user=0.42 sys=0.01, real=0.05 secs] 
77.857: Total time for which application threads were stopped: 0.0547830 seconds, Stopping threads took: 0.0000840 seconds
77.959: Application time: 0.1020300 seconds
77.959: [GC [PSYoungGen: 269808K->38368K(269824K)] 624054K->433629K(885760K), 0.0545980 secs] [Times: user=0.43 sys=0.00, real=0.06 secs] 
78.014: Total time for which application threads were stopped: 0.0547910 seconds, Stopping threads took: 0.0001070 seconds
78.113: Application time: 0.0992150 seconds
78.117: [GC [PSYoungGen: 269792K->38384K(269824K)] 665053K->476976K(885760K), 0.0564540 secs] [Times: user=0.44 sys=0.00, real=0.06 secs] 
78.173: Total time for which application threads were stopped: 0.0601600 seconds, Stopping threads took: 0.0036210 seconds
78.265: Application time: 0.0910430 seconds
78.265: [GC [PSYoungGen: 269808K->38384K(269824K)] 708400K->533125K(885760K), 0.0616830 secs] [Times: user=0.48 sys=0.00, real=0.06 secs] 
78.326: Total time for which application threads were stopped: 0.0618760 seconds, Stopping threads took: 0.0000950 seconds
78.430: Application time: 0.1037380 seconds
78.430: [GC [PSYoungGen: 269808K->38384K(269824K)] 764549K->573637K(885760K), 0.0557640 secs] [Times: user=0.44 sys=0.00, real=0.06 secs] 
78.486: Total time for which application threads were stopped: 0.0559530 seconds, Stopping threads took: 0.0001010 seconds
78.588: Application time: 0.1019600 seconds
78.589: [GC [PSYoungGen: 269808K->38368K(269824K)] 805061K->613104K(885760K), 0.0549490 secs] [Times: user=0.43 sys=0.00, real=0.06 secs] 
78.644: [Full GC [PSYoungGen: 38368K->0K(269824K)] [ParOldGen: 574735K->129867K(615936K)] 613104K->129867K(885760K) [PSPermGen: 9115K->9115K(21504K)], 0.1525210 secs] [Times: user=1.12 sys=0.00, real=0.15 secs] 
78.797: Total time for which application threads were stopped: 0.2084350 seconds, Stopping threads took: 0.0008140 seconds
78.900: Application time: 0.1038440 seconds
78.900: [GC [PSYoungGen: 231424K->38384K(269824K)] 361291K->173580K(885760K), 0.0274660 secs] [Times: user=0.21 sys=0.00, real=0.03 secs] 
78.928: Total time for which application threads were stopped: 0.0276590 seconds, Stopping threads took: 0.0000940 seconds
79.018: Application time: 0.0899960 seconds
79.018: [GC [PSYoungGen: 269808K->38384K(269824K)] 405004K->222358K(885760K), 0.0455910 secs] [Times: user=0.36 sys=0.00, real=0.05 secs] 
79.064: Total time for which application threads were stopped: 0.0457490 seconds, Stopping threads took: 0.0000710 seconds
79.165: Application time: 0.1012810 seconds
79.165: [GC [PSYoungGen: 269808K->38384K(269824K)] 453782K->261686K(885760K), 0.0473210 secs] [Times: user=0.38 sys=0.00, real=0.04 secs] 
79.213: Total time for which application threads were stopped: 0.0474700 seconds, Stopping threads took: 0.0000640 seconds
79.313: Application time: 0.0999970 seconds
79.313: [GC [PSYoungGen: 269808K->38368K(269824K)] 493110K->301015K(885760K), 0.0480760 secs] [Times: user=0.38 sys=0.00, real=0.05 secs] 
79.361: Total time for which application threads were stopped: 0.0482510 seconds, Stopping threads took: 0.0000820 seconds
79.463: Application time: 0.1026670 seconds
79.464: [GC [PSYoungGen: 269792K->38368K(269824K)] 532439K->344498K(885760K), 0.0534690 secs] [Times: user=0.43 sys=0.00, real=0.05 secs] 
79.517: Total time for which application threads were stopped: 0.0536680 seconds, Stopping threads took: 0.0001010 seconds
79.604: Application time: 0.0871460 seconds
79.604: [GC [PSYoungGen: 269792K->38368K(269824K)] 575922K->396331K(885760K), 0.0540320 secs] [Times: user=0.43 sys=0.00, real=0.05 secs] 
79.658: Total time for which application threads were stopped: 0.0542010 seconds, Stopping threads took: 0.0000780 seconds
79.761: Application time: 0.1025200 seconds
79.765: [GC [PSYoungGen: 269792K->38368K(269824K)] 627755K->440846K(885760K), 0.0551380 secs] [Times: user=0.43 sys=0.00, real=0.05 secs] 
79.820: Total time for which application threads were stopped: 0.0591600 seconds, Stopping threads took: 0.0039360 seconds
79.925: Application time: 0.1046720 seconds
79.925: [GC [PSYoungGen: 269433K->38384K(269824K)] 671911K->478281K(885760K), 0.0508320 secs] [Times: user=0.40 sys=0.00, real=0.05 secs] 
79.976: Total time for which application threads were stopped: 0.0510550 seconds, Stopping threads took: 0.0001360 seconds
80.074: Application time: 0.0981950 seconds
80.074: [GC [PSYoungGen: 269808K->38368K(269824K)] 709705K->525136K(885760K), 0.0548790 secs] [Times: user=0.43 sys=0.00, real=0.05 secs] 
80.129: Total time for which application threads were stopped: 0.0550520 seconds, Stopping threads took: 0.0000750 seconds
80.219: Application time: 0.0899690 seconds
80.219: [GC [PSYoungGen: 269792K->38384K(269824K)] 756560K->575851K(885760K), 0.0551120 secs] [Times: user=0.44 sys=0.00, real=0.06 secs] 
80.274: Total time for which application threads were stopped: 0.0552890 seconds, Stopping threads took: 0.0000890 seconds
80.374: Application time: 0.0991380 seconds
80.374: [GC [PSYoungGen: 269808K->38384K(269824K)] 807275K->621574K(885760K), 0.0553000 secs] [Times: user=0.44 sys=0.00, real=0.05 secs] 
80.429: [Full GC [PSYoungGen: 38384K->0K(269824K)] [ParOldGen: 583189K->138927K(615936K)] 621574K->138927K(885760K) [PSPermGen: 9115K->9115K(21504K)], 0.1697330 secs] [Times: user=1.25 sys=0.00, real=0.17 secs] 
80.599: Total time for which application threads were stopped: 0.2252790 seconds, Stopping threads took: 0.0000950 seconds
80.705: Application time: 0.1058360 seconds
80.705: [GC [PSYoungGen: 231424K->36898K(269824K)] 370351K->175825K(885760K), 0.0230190 secs] [Times: user=0.18 sys=0.00, real=0.02 secs] 
80.728: Total time for which application threads were stopped: 0.0232020 seconds, Stopping threads took: 0.0000850 seconds
80.834: Application time: 0.1062040 seconds
80.834: [GC [PSYoungGen: 268322K->38384K(269824K)] 407249K->218769K(885760K), 0.0456680 secs] [Times: user=0.35 sys=0.00, real=0.04 secs] 
80.880: Total time for which application threads were stopped: 0.0458830 seconds, Stopping threads took: 0.0000760 seconds
80.996: Application time: 0.1164040 seconds
80.996: [GC [PSYoungGen: 269808K->38384K(269824K)] 450193K->260574K(885760K), 0.0513090 secs] [Times: user=0.39 sys=0.00, real=0.05 secs] 
81.048: Total time for which application threads were stopped: 0.0514810 seconds, Stopping threads took: 0.0000870 seconds
81.148: Application time: 0.1002020 seconds
81.148: [GC [PSYoungGen: 269808K->38368K(269824K)] 491998K->311999K(885760K), 0.0561900 secs] [Times: user=0.45 sys=0.00, real=0.06 secs] 
81.204: Total time for which application threads were stopped: 0.0563670 seconds, Stopping threads took: 0.0000850 seconds
81.313: Application time: 0.1084320 seconds
81.313: [GC [PSYoungGen: 269792K->38368K(269824K)] 543423K->348920K(885760K), 0.0551530 secs] [Times: user=0.43 sys=0.00, real=0.05 secs] 
81.368: Total time for which application threads were stopped: 0.0553470 seconds, Stopping threads took: 0.0000960 seconds
81.474: Application time: 0.1058070 seconds
81.474: [GC [PSYoungGen: 269792K->38384K(269824K)] 580344K->386945K(885760K), 0.0557460 secs] [Times: user=0.44 sys=0.00, real=0.05 secs] 
81.530: Total time for which application threads were stopped: 0.0559080 seconds, Stopping threads took: 0.0000770 seconds
81.625: Application time: 0.0952540 seconds
81.625: [GC [PSYoungGen: 269808K->38368K(269824K)] 618369K->433966K(885760K), 0.0605560 secs] [Times: user=0.47 sys=0.00, real=0.06 secs] 
81.686: Total time for which application threads were stopped: 0.0607240 seconds, Stopping threads took: 0.0000800 seconds
81.775: Application time: 0.0886610 seconds
81.775: [GC [PSYoungGen: 269792K->38384K(269824K)] 665390K->492767K(885760K), 0.0643580 secs] [Times: user=0.51 sys=0.00, real=0.06 secs] 
81.839: Total time for which application threads were stopped: 0.0645490 seconds, Stopping threads took: 0.0000870 seconds
81.947: Application time: 0.1081880 seconds
81.947: [GC [PSYoungGen: 269808K->38368K(269824K)] 724191K->530061K(885760K), 0.0586220 secs] [Times: user=0.46 sys=0.00, real=0.06 secs] 
82.006: Total time for which application threads were stopped: 0.0588230 seconds, Stopping threads took: 0.0000980 seconds
82.109: Application time: 0.1027990 seconds
82.109: [GC [PSYoungGen: 269792K->38368K(269824K)] 761485K->569984K(885760K), 0.0576340 secs] [Times: user=0.46 sys=0.00, real=0.06 secs] 
82.167: Total time for which application threads were stopped: 0.0578090 seconds, Stopping threads took: 0.0000900 seconds
82.260: Application time: 0.0929070 seconds
82.260: [GC [PSYoungGen: 269792K->38384K(269824K)] 801408K->615440K(885760K), 0.0598320 secs] [Times: user=0.44 sys=0.00, real=0.06 secs] 
82.320: [Full GC [PSYoungGen: 38384K->0K(269824K)] [ParOldGen: 577055K->124245K(615936K)] 615440K->124245K(885760K) [PSPermGen: 9115K->9115K(21504K)], 0.1389840 secs] [Times: user=1.01 sys=0.00, real=0.14 secs] 
82.459: Total time for which application threads were stopped: 0.1990800 seconds, Stopping threads took: 0.0001120 seconds
82.550: Application time: 0.0909490 seconds
82.550: [GC [PSYoungGen: 231424K->38384K(269824K)] 355669K->183424K(885760K), 0.0337330 secs] [Times: user=0.26 sys=0.00, real=0.04 secs] 
82.584: Total time for which application threads were stopped: 0.0339280 seconds, Stopping threads took: 0.0000970 seconds
82.696: Application time: 0.1121080 seconds
82.696: [GC [PSYoungGen: 269808K->38384K(269824K)] 414848K->213701K(885760K), 0.0411770 secs] [Times: user=0.33 sys=0.00, real=0.04 secs] 
82.737: Total time for which application threads were stopped: 0.0413690 seconds, Stopping threads took: 0.0001040 seconds
82.842: Application time: 0.1044960 seconds
82.842: [GC [PSYoungGen: 269808K->38368K(269824K)] 445125K->250813K(885760K), 0.0470430 secs] [Times: user=0.37 sys=0.00, real=0.04 secs] 
82.889: Total time for which application threads were stopped: 0.0472050 seconds, Stopping threads took: 0.0000760 seconds
82.981: Application time: 0.0921270 seconds
82.981: [GC [PSYoungGen: 269792K->38384K(269824K)] 482237K->292051K(885760K), 0.0472230 secs] [Times: user=0.37 sys=0.00, real=0.04 secs] 
83.028: Total time for which application threads were stopped: 0.0474230 seconds, Stopping threads took: 0.0001120 seconds
83.118: Application time: 0.0894090 seconds
83.118: [GC [PSYoungGen: 269808K->38368K(269824K)] 523475K->349856K(885760K), 0.0583530 secs] [Times: user=0.46 sys=0.00, real=0.06 secs] 
83.176: Total time for which application threads were stopped: 0.0585400 seconds, Stopping threads took: 0.0000870 seconds
83.286: Application time: 0.1094670 seconds
83.286: [GC [PSYoungGen: 269792K->38368K(269824K)] 581280K->386523K(885760K), 0.0503310 secs] [Times: user=0.40 sys=0.00, real=0.05 secs] 
83.336: Total time for which application threads were stopped: 0.0504820 seconds, Stopping threads took: 0.0000640 seconds
83.438: Application time: 0.1017620 seconds
83.438: [GC [PSYoungGen: 269792K->38384K(269824K)] 617947K->428256K(885760K), 0.0517670 secs] [Times: user=0.40 sys=0.00, real=0.05 secs] 
83.490: Total time for which application threads were stopped: 0.0519300 seconds, Stopping threads took: 0.0000780 seconds
83.582: Application time: 0.0921060 seconds
83.582: [GC [PSYoungGen: 269747K->38384K(269824K)] 659619K->474876K(885760K), 0.0530320 secs] [Times: user=0.42 sys=0.00, real=0.05 secs] 
83.635: Total time for which application threads were stopped: 0.0532180 seconds, Stopping threads took: 0.0001020 seconds
83.724: Application time: 0.0883200 seconds
83.724: [GC [PSYoungGen: 269808K->38384K(269824K)] 706300K->531533K(885760K), 0.0582800 secs] [Times: user=0.47 sys=0.00, real=0.06 secs] 
83.782: Total time for which application threads were stopped: 0.0584610 seconds, Stopping threads took: 0.0000840 seconds
83.891: Application time: 0.1084940 seconds
83.891: [GC [PSYoungGen: 269808K->38368K(269824K)] 762957K->567645K(885760K), 0.0513360 secs] [Times: user=0.41 sys=0.00, real=0.06 secs] 
83.942: Total time for which application threads were stopped: 0.0515360 seconds, Stopping threads took: 0.0001090 seconds
84.046: Application time: 0.1034980 seconds
84.046: [GC [PSYoungGen: 269792K->38368K(269824K)] 799069K->609116K(885760K), 0.0521230 secs] [Times: user=0.41 sys=0.00, real=0.05 secs] 
84.098: [Full GC [PSYoungGen: 38368K->0K(269824K)] [ParOldGen: 570747K->130020K(615936K)] 609116K->130020K(885760K) [PSPermGen: 9115K->9115K(21504K)], 0.1577170 secs] [Times: user=1.16 sys=0.00, real=0.16 secs] 
84.256: Total time for which application threads were stopped: 0.2100790 seconds, Stopping threads took: 0.0000840 seconds
84.350: Application time: 0.0945140 seconds
84.350: [GC [PSYoungGen: 231424K->38390K(269824K)] 361444K->175842K(885760K), 0.0260160 secs] [Times: user=0.20 sys=0.00, real=0.03 secs] 
84.376: Total time for which application threads were stopped: 0.0262160 seconds, Stopping threads took: 0.0001000 seconds
84.466: Application time: 0.0897780 seconds
84.466: [GC [PSYoungGen: 269814K->38368K(269824K)] 407266K->224440K(885760K), 0.0444780 secs] [Times: user=0.35 sys=0.00, real=0.04 secs] 
84.511: Total time for which application threads were stopped: 0.0447320 seconds, Stopping threads took: 0.0001720 seconds
84.614: Application time: 0.1031930 seconds
84.614: [GC [PSYoungGen: 269792K->38384K(269824K)] 455864K->260459K(885760K), 0.0463820 secs] [Times: user=0.36 sys=0.00, real=0.04 secs] 
84.661: Total time for which application threads were stopped: 0.0465530 seconds, Stopping threads took: 0.0000810 seconds
84.764: Application time: 0.1036280 seconds
84.764: [GC [PSYoungGen: 269808K->38368K(269824K)] 491883K->294587K(885760K), 0.0484330 secs] [Times: user=0.39 sys=0.00, real=0.05 secs] 
84.813: Total time for which application threads were stopped: 0.0486200 seconds, Stopping threads took: 0.0000900 seconds
84.908: Application time: 0.0952880 seconds
84.908: [GC [PSYoungGen: 269792K->38368K(269824K)] 526011K->337652K(885760K), 0.0519980 secs] [Times: user=0.41 sys=0.00, real=0.05 secs] 
84.960: Total time for which application threads were stopped: 0.0521810 seconds, Stopping threads took: 0.0000860 seconds
85.050: Application time: 0.0897640 seconds
85.053: [GC [PSYoungGen: 269792K->38384K(269824K)] 569076K->394537K(885760K), 0.0615560 secs] [Times: user=0.49 sys=0.00, real=0.06 secs] 
85.115: Total time for which application threads were stopped: 0.0643770 seconds, Stopping threads took: 0.0027310 seconds
85.223: Application time: 0.1079790 seconds
85.225: [GC [PSYoungGen: 269808K->38384K(269824K)] 625961K->434490K(885760K), 0.0562430 secs] [Times: user=0.44 sys=0.00, real=0.06 secs] 
85.281: Total time for which application threads were stopped: 0.0586930 seconds, Stopping threads took: 0.0023610 seconds
85.387: Application time: 0.1061500 seconds
85.389: [GC [PSYoungGen: 269808K->38384K(269824K)] 665914K->474950K(885760K), 0.0562570 secs] [Times: user=0.45 sys=0.00, real=0.06 secs] 
85.445: Total time for which application threads were stopped: 0.0578840 seconds, Stopping threads took: 0.0015360 seconds
85.543: Application time: 0.0976490 seconds
85.543: [GC [PSYoungGen: 269808K->38384K(269824K)] 706374K->518593K(885760K), 0.0546840 secs] [Times: user=0.44 sys=0.00, real=0.05 secs] 
85.598: Total time for which application threads were stopped: 0.0548700 seconds, Stopping threads took: 0.0000890 seconds
85.685: Application time: 0.0877050 seconds
85.686: [GC [PSYoungGen: 269808K->38384K(269824K)] 750017K->575754K(885760K), 0.0608530 secs] [Times: user=0.47 sys=0.00, real=0.06 secs] 
85.747: Total time for which application threads were stopped: 0.0610200 seconds, Stopping threads took: 0.0000790 seconds
85.850: Application time: 0.1034210 seconds
85.850: [GC [PSYoungGen: 269808K->38384K(269824K)] 807178K->614605K(885760K), 0.0547200 secs] [Times: user=0.44 sys=0.00, real=0.06 secs] 
85.905: [Full GC [PSYoungGen: 38384K->0K(269824K)] [ParOldGen: 576221K->130542K(615936K)] 614605K->130542K(885760K) [PSPermGen: 9115K->9115K(21504K)], 0.1513740 secs] [Times: user=1.10 sys=0.00, real=0.15 secs] 
86.056: Total time for which application threads were stopped: 0.2063230 seconds, Stopping threads took: 0.0000760 seconds
86.161: Application time: 0.1045580 seconds
86.161: [GC [PSYoungGen: 231424K->38374K(269824K)] 361966K->170379K(885760K), 0.0254420 secs] [Times: user=0.20 sys=0.01, real=0.02 secs] 
86.187: Total time for which application threads were stopped: 0.0256860 seconds, Stopping threads took: 0.0001470 seconds
86.285: Application time: 0.0989170 seconds
86.286: [GC [PSYoungGen: 269798K->38368K(269824K)] 401803K->209181K(885760K), 0.0428240 secs] [Times: user=0.34 sys=0.00, real=0.04 secs] 
86.328: Total time for which application threads were stopped: 0.0430020 seconds, Stopping threads took: 0.0000920 seconds
86.414: Application time: 0.0859200 seconds
86.415: [GC [PSYoungGen: 269792K->38368K(269824K)] 440605K->265757K(885760K), 0.0544860 secs] [Times: user=0.43 sys=0.00, real=0.05 secs] 
86.469: Total time for which application threads were stopped: 0.0546730 seconds, Stopping threads took: 0.0000940 seconds
86.580: Application time: 0.1111250 seconds
86.580: [GC [PSYoungGen: 269792K->38368K(269824K)] 497181K->296121K(885760K), 0.0475300 secs] [Times: user=0.38 sys=0.00, real=0.05 secs] 
86.628: Total time for which application threads were stopped: 0.0477070 seconds, Stopping threads took: 0.0000890 seconds
86.735: Application time: 0.1068890 seconds
86.735: [GC [PSYoungGen: 269792K->38385K(269824K)] 527545K->334832K(885760K), 0.0531760 secs] [Times: user=0.42 sys=0.00, real=0.05 secs] 
86.788: Total time for which application threads were stopped: 0.0533750 seconds, Stopping threads took: 0.0001010 seconds
86.883: Application time: 0.0946470 seconds
86.883: [GC [PSYoungGen: 269809K->38385K(269824K)] 566256K->380762K(885760K), 0.0533270 secs] [Times: user=0.42 sys=0.00, real=0.05 secs] 
86.936: Total time for which application threads were stopped: 0.0535130 seconds, Stopping threads took: 0.0000970 seconds
87.019: Application time: 0.0823240 seconds
87.019: [GC [PSYoungGen: 269809K->38385K(269824K)] 612186K->442240K(885760K), 0.0623430 secs] [Times: user=0.49 sys=0.00, real=0.07 secs] 
87.081: Total time for which application threads were stopped: 0.0625050 seconds, Stopping threads took: 0.0000750 seconds
87.195: Application time: 0.1139460 seconds
87.195: [GC [PSYoungGen: 269809K->38385K(269824K)] 673664K->477389K(885760K), 0.0540180 secs] [Times: user=0.42 sys=0.00, real=0.05 secs] 
87.249: Total time for which application threads were stopped: 0.0541780 seconds, Stopping threads took: 0.0000760 seconds
87.355: Application time: 0.1056860 seconds
87.357: [GC [PSYoungGen: 269809K->38369K(269824K)] 708813K->516278K(885760K), 0.0535420 secs] [Times: user=0.42 sys=0.00, real=0.05 secs] 
87.411: Total time for which application threads were stopped: 0.0555730 seconds, Stopping threads took: 0.0019300 seconds
87.504: Application time: 0.0937030 seconds
87.504: [GC [PSYoungGen: 269793K->38369K(269824K)] 747702K->562345K(885760K), 0.0534170 secs] [Times: user=0.42 sys=0.00, real=0.05 secs] 
87.558: Total time for which application threads were stopped: 0.0535860 seconds, Stopping threads took: 0.0000830 seconds
87.639: Application time: 0.0811150 seconds
87.639: [GC [PSYoungGen: 269793K->38385K(269824K)] 793769K->626845K(885760K), 0.0619290 secs] [Times: user=0.49 sys=0.00, real=0.07 secs] 
87.701: [Full GC [PSYoungGen: 38385K->0K(269824K)] [ParOldGen: 588460K->152237K(615936K)] 626845K->152237K(885760K) [PSPermGen: 9116K->9116K(21504K)], 0.1865830 secs] [Times: user=1.39 sys=0.00, real=0.18 secs] 
87.888: Total time for which application threads were stopped: 0.2487510 seconds, Stopping threads took: 0.0000950 seconds
88.004: Application time: 0.1165840 seconds
88.004: [GC [PSYoungGen: 231424K->28154K(269824K)] 383661K->180392K(885760K), 0.0225670 secs] [Times: user=0.18 sys=0.00, real=0.02 secs] 
88.027: Total time for which application threads were stopped: 0.0227790 seconds, Stopping threads took: 0.0001150 seconds
88.126: Application time: 0.0988680 seconds
88.126: [GC [PSYoungGen: 259578K->38384K(269824K)] 411816K->219649K(885760K), 0.0403820 secs] [Times: user=0.32 sys=0.00, real=0.04 secs] 
88.166: Total time for which application threads were stopped: 0.0405490 seconds, Stopping threads took: 0.0000850 seconds
88.261: Application time: 0.0945020 seconds
88.261: [GC [PSYoungGen: 269808K->38384K(269824K)] 451073K->262317K(885760K), 0.0490300 secs] [Times: user=0.39 sys=0.00, real=0.04 secs] 
88.310: Total time for which application threads were stopped: 0.0491990 seconds, Stopping threads took: 0.0000820 seconds
88.391: Application time: 0.0810260 seconds
88.393: [GC [PSYoungGen: 269808K->38384K(269824K)] 493741K->324915K(885760K), 0.0604540 secs] [Times: user=0.48 sys=0.00, real=0.06 secs] 
88.453: Total time for which application threads were stopped: 0.0622030 seconds, Stopping threads took: 0.0016640 seconds
88.572: Application time: 0.1180910 seconds
88.572: [GC [PSYoungGen: 269808K->38384K(269824K)] 556339K->355154K(885760K), 0.0511360 secs] [Times: user=0.41 sys=0.00, real=0.06 secs] 
88.623: Total time for which application threads were stopped: 0.0513300 seconds, Stopping threads took: 0.0000990 seconds
88.723: Application time: 0.1004980 seconds
88.723: [GC [PSYoungGen: 269808K->38368K(269824K)] 586578K->398782K(885760K), 0.0533230 secs] [Times: user=0.42 sys=0.00, real=0.05 secs] 
88.777: Total time for which application threads were stopped: 0.0534910 seconds, Stopping threads took: 0.0000770 seconds
88.875: Application time: 0.0981850 seconds
88.875: [GC [PSYoungGen: 269792K->38368K(269824K)] 630206K->441896K(885760K), 0.0535680 secs] [Times: user=0.42 sys=0.00, real=0.05 secs] 
88.929: Total time for which application threads were stopped: 0.0537580 seconds, Stopping threads took: 0.0000990 seconds
89.013: Application time: 0.0837740 seconds
89.013: [GC [PSYoungGen: 269707K->38384K(269824K)] 673236K->507017K(885760K), 0.0629710 secs] [Times: user=0.50 sys=0.00, real=0.07 secs] 
89.076: Total time for which application threads were stopped: 0.0631540 seconds, Stopping threads took: 0.0000940 seconds
89.193: Application time: 0.1170920 seconds
89.193: [GC [PSYoungGen: 269808K->38384K(269824K)] 738441K->536666K(885760K), 0.0535490 secs] [Times: user=0.42 sys=0.00, real=0.05 secs] 
89.247: Total time for which application threads were stopped: 0.0537270 seconds, Stopping threads took: 0.0000830 seconds
89.346: Application time: 0.0998810 seconds
89.347: [GC [PSYoungGen: 269808K->38368K(269824K)] 768090K->580157K(885760K), 0.0549730 secs] [Times: user=0.43 sys=0.00, real=0.06 secs] 
89.402: Total time for which application threads were stopped: 0.0551570 seconds, Stopping threads took: 0.0000940 seconds
89.497: Application time: 0.0958930 seconds
89.498: [GC [PSYoungGen: 269792K->38384K(269824K)] 811581K->623581K(885760K), 0.0542940 secs] [Times: user=0.42 sys=0.00, real=0.05 secs] 
89.552: [Full GC [PSYoungGen: 38384K->0K(269824K)] [ParOldGen: 585197K->116041K(615936K)] 623581K->116041K(885760K) [PSPermGen: 9116K->9116K(21504K)], 0.1247650 secs] [Times: user=0.90 sys=0.00, real=0.13 secs] 
89.677: Total time for which application threads were stopped: 0.1793000 seconds, Stopping threads took: 0.0000860 seconds
89.765: Application time: 0.0882830 seconds
89.765: [GC [PSYoungGen: 231424K->38384K(269824K)] 347465K->180633K(885760K), 0.0344720 secs] [Times: user=0.27 sys=0.00, real=0.03 secs] 
89.800: Total time for which application threads were stopped: 0.0348010 seconds, Stopping threads took: 0.0002240 seconds
89.911: Application time: 0.1108450 seconds
89.913: [GC [PSYoungGen: 269808K->38384K(269824K)] 412057K->209422K(885760K), 0.0405920 secs] [Times: user=0.32 sys=0.00, real=0.04 secs] 
89.954: Total time for which application threads were stopped: 0.0428350 seconds, Stopping threads took: 0.0021590 seconds
90.055: Application time: 0.1011390 seconds
90.055: [GC [PSYoungGen: 269808K->38368K(269824K)] 440846K->243489K(885760K), 0.0445040 secs] [Times: user=0.35 sys=0.00, real=0.04 secs] 
90.099: Total time for which application threads were stopped: 0.0446720 seconds, Stopping threads took: 0.0000810 seconds
90.194: Application time: 0.0947220 seconds
90.194: [GC [PSYoungGen: 269792K->38368K(269824K)] 474913K->279004K(885760K), 0.0459480 secs] [Times: user=0.36 sys=0.00, real=0.04 secs] 
90.240: Total time for which application threads were stopped: 0.0461160 seconds, Stopping threads took: 0.0000820 seconds
90.325: Application time: 0.0846710 seconds
90.329: [GC [PSYoungGen: 269792K->38368K(269824K)] 510428K->344180K(885760K), 0.0624100 secs] [Times: user=0.49 sys=0.00, real=0.06 secs] 
90.391: Total time for which application threads were stopped: 0.0664860 seconds, Stopping threads took: 0.0039730 seconds
90.502: Application time: 0.1107800 seconds
90.502: [GC [PSYoungGen: 269792K->38384K(269824K)] 575604K->378079K(885760K), 0.0515300 secs] [Times: user=0.40 sys=0.00, real=0.05 secs] 
90.554: Total time for which application threads were stopped: 0.0517330 seconds, Stopping threads took: 0.0001220 seconds
90.655: Application time: 0.1014270 seconds
90.655: [GC [PSYoungGen: 269808K->38368K(269824K)] 609503K->418279K(885760K), 0.0525550 secs] [Times: user=0.42 sys=0.00, real=0.05 secs] 
90.708: Total time for which application threads were stopped: 0.0527450 seconds, Stopping threads took: 0.0001040 seconds
90.804: Application time: 0.0963580 seconds
90.805: [GC [PSYoungGen: 269792K->38384K(269824K)] 649703K->459331K(885760K), 0.0533710 secs] [Times: user=0.42 sys=0.00, real=0.05 secs] 
90.858: Total time for which application threads were stopped: 0.0535570 seconds, Stopping threads took: 0.0001020 seconds
90.944: Application time: 0.0861350 seconds
90.944: [GC [PSYoungGen: 269808K->38368K(269824K)] 690755K->523480K(885760K), 0.0629350 secs] [Times: user=0.50 sys=0.00, real=0.06 secs] 
91.007: Total time for which application threads were stopped: 0.0631460 seconds, Stopping threads took: 0.0001010 seconds
91.120: Application time: 0.1124700 seconds
91.120: [GC [PSYoungGen: 269792K->38384K(269824K)] 754904K->559526K(885760K), 0.0553010 secs] [Times: user=0.43 sys=0.00, real=0.06 secs] 
91.175: Total time for which application threads were stopped: 0.0554660 seconds, Stopping threads took: 0.0000850 seconds
91.276: Application time: 0.1010950 seconds
91.276: [GC [PSYoungGen: 269808K->38384K(269824K)] 790950K->601076K(885760K), 0.0533800 secs] [Times: user=0.43 sys=0.00, real=0.05 secs] 
91.330: [Full GC [PSYoungGen: 38384K->0K(269824K)] [ParOldGen: 562692K->134669K(615936K)] 601076K->134669K(885760K) [PSPermGen: 9116K->9116K(21504K)], 0.1669390 secs] [Times: user=1.23 sys=0.00, real=0.17 secs] 
91.497: Total time for which application threads were stopped: 0.2205450 seconds, Stopping threads took: 0.0000630 seconds
91.601: Application time: 0.1042330 seconds
91.601: [GC [PSYoungGen: 231424K->38396K(269824K)] 366093K->175621K(885760K), 0.0244810 secs] [Times: user=0.20 sys=0.00, real=0.02 secs] 
91.626: Total time for which application threads were stopped: 0.0246470 seconds, Stopping threads took: 0.0000600 seconds
91.710: Application time: 0.0843650 seconds
91.710: [GC [PSYoungGen: 269820K->38384K(269824K)] 407045K->233836K(885760K), 0.0488790 secs] [Times: user=0.39 sys=0.00, real=0.05 secs] 
91.759: Total time for which application threads were stopped: 0.0490440 seconds, Stopping threads took: 0.0000760 seconds
91.873: Application time: 0.1136240 seconds
91.873: [GC [PSYoungGen: 269808K->38379K(269824K)] 465260K->262041K(885760K), 0.0456430 secs] [Times: user=0.36 sys=0.00, real=0.04 secs] 
91.919: Total time for which application threads were stopped: 0.0458140 seconds, Stopping threads took: 0.0000850 seconds
92.018: Application time: 0.0993340 seconds
92.018: [GC [PSYoungGen: 269803K->38395K(269824K)] 493465K->302500K(885760K), 0.0503190 secs] [Times: user=0.40 sys=0.00, real=0.05 secs] 
92.068: Total time for which application threads were stopped: 0.0504980 seconds, Stopping threads took: 0.0000920 seconds
92.165: Application time: 0.0967380 seconds
92.165: [GC [PSYoungGen: 269819K->38395K(269824K)] 533924K->341286K(885760K), 0.0507140 secs] [Times: user=0.40 sys=0.00, real=0.05 secs] 
92.216: Total time for which application threads were stopped: 0.0509660 seconds, Stopping threads took: 0.0001550 seconds
92.299: Application time: 0.0827660 seconds
92.299: [GC [PSYoungGen: 269819K->38379K(269824K)] 572710K->400768K(885760K), 0.0611650 secs] [Times: user=0.48 sys=0.00, real=0.06 secs] 
92.360: Total time for which application threads were stopped: 0.0613290 seconds, Stopping threads took: 0.0000790 seconds
92.473: Application time: 0.1123980 seconds
92.473: [GC [PSYoungGen: 269803K->38379K(269824K)] 632192K->437569K(885760K), 0.0581190 secs] [Times: user=0.45 sys=0.00, real=0.06 secs] 
92.531: Total time for which application threads were stopped: 0.0582840 seconds, Stopping threads took: 0.0000830 seconds
92.628: Application time: 0.0972890 seconds
92.628: [GC [PSYoungGen: 269803K->38379K(269824K)] 668993K->478846K(885760K), 0.0545080 secs] [Times: user=0.43 sys=0.00, real=0.06 secs] 
92.683: Total time for which application threads were stopped: 0.0547260 seconds, Stopping threads took: 0.0001280 seconds
92.779: Application time: 0.0957470 seconds
92.779: [GC [PSYoungGen: 269762K->38379K(269824K)] 710229K->522699K(885760K), 0.0557300 secs] [Times: user=0.45 sys=0.00, real=0.06 secs] 
92.835: Total time for which application threads were stopped: 0.0559250 seconds, Stopping threads took: 0.0000940 seconds
92.921: Application time: 0.0861520 seconds
92.925: [GC [PSYoungGen: 269803K->38379K(269824K)] 754123K->581593K(885760K), 0.0621570 secs] [Times: user=0.49 sys=0.00, real=0.06 secs] 
92.987: Total time for which application threads were stopped: 0.0664110 seconds, Stopping threads took: 0.0041000 seconds
93.096: Application time: 0.1086510 seconds
93.096: [GC [PSYoungGen: 269803K->38395K(269824K)] 813017K->619976K(885760K), 0.0571130 secs] [Times: user=0.45 sys=0.00, real=0.06 secs] 
93.153: [Full GC [PSYoungGen: 38395K->0K(269824K)] [ParOldGen: 581581K->138811K(615936K)] 619976K->138811K(885760K) [PSPermGen: 9117K->9117K(21504K)], 0.1708990 secs] [Times: user=1.26 sys=0.00, real=0.17 secs] 
93.324: Total time for which application threads were stopped: 0.2282670 seconds, Stopping threads took: 0.0000990 seconds
93.422: Application time: 0.0979900 seconds
93.422: [GC [PSYoungGen: 231424K->38384K(269824K)] 370235K->178509K(885760K), 0.0238960 secs] [Times: user=0.18 sys=0.00, real=0.02 secs] 
93.446: Total time for which application threads were stopped: 0.0240800 seconds, Stopping threads took: 0.0000800 seconds
93.543: Application time: 0.0963650 seconds
93.543: [GC [PSYoungGen: 269808K->38378K(269824K)] 409933K->217058K(885760K), 0.0398880 secs] [Times: user=0.31 sys=0.00, real=0.04 secs] 
93.583: Total time for which application threads were stopped: 0.0400720 seconds, Stopping threads took: 0.0000970 seconds
93.674: Application time: 0.0909040 seconds
93.674: [GC [PSYoungGen: 269802K->38384K(269824K)] 448482K->263141K(885760K), 0.0477250 secs] [Times: user=0.37 sys=0.00, real=0.05 secs] 
93.721: Total time for which application threads were stopped: 0.0479000 seconds, Stopping threads took: 0.0000890 seconds
93.827: Application time: 0.1058860 seconds
93.828: [GC [PSYoungGen: 269808K->38384K(269824K)] 494565K->300916K(885760K), 0.0522820 secs] [Times: user=0.41 sys=0.00, real=0.05 secs] 
93.880: Total time for which application threads were stopped: 0.0524810 seconds, Stopping threads took: 0.0001100 seconds
93.979: Application time: 0.0992390 seconds
93.981: [GC [PSYoungGen: 269808K->38368K(269824K)] 532340K->338140K(885760K), 0.0523450 secs] [Times: user=0.42 sys=0.00, real=0.05 secs] 
94.033: Total time for which application threads were stopped: 0.0542630 seconds, Stopping threads took: 0.0018170 seconds
94.131: Application time: 0.0980280 seconds
94.133: [GC [PSYoungGen: 269792K->38368K(269824K)] 569564K->379873K(885760K), 0.0561260 secs] [Times: user=0.45 sys=0.00, real=0.05 secs] 
94.189: Total time for which application threads were stopped: 0.0577380 seconds, Stopping threads took: 0.0015180 seconds
94.277: Application time: 0.0881010 seconds
94.281: [GC [PSYoungGen: 269792K->38368K(269824K)] 611297K->436716K(885760K), 0.0640370 secs] [Times: user=0.51 sys=0.00, real=0.06 secs] 
94.345: Total time for which application threads were stopped: 0.0677870 seconds, Stopping threads took: 0.0036630 seconds
94.449: Application time: 0.1039250 seconds
94.449: [GC [PSYoungGen: 269792K->38384K(269824K)] 668140K->479402K(885760K), 0.0601120 secs] [Times: user=0.48 sys=0.00, real=0.06 secs] 
94.509: Total time for which application threads were stopped: 0.0602670 seconds, Stopping threads took: 0.0000740 seconds
94.610: Application time: 0.1008340 seconds
94.610: [GC [PSYoungGen: 269808K->38384K(269824K)] 710826K->518647K(885760K), 0.0592540 secs] [Times: user=0.47 sys=0.00, real=0.06 secs] 
94.669: Total time for which application threads were stopped: 0.0594450 seconds, Stopping threads took: 0.0000910 seconds
94.777: Application time: 0.1076010 seconds
94.777: [GC [PSYoungGen: 269808K->38368K(269824K)] 750071K->559793K(885760K), 0.0599880 secs] [Times: user=0.47 sys=0.00, real=0.06 secs] 
94.837: Total time for which application threads were stopped: 0.0602690 seconds, Stopping threads took: 0.0001940 seconds
94.924: Application time: 0.0868160 seconds
94.924: [GC [PSYoungGen: 269792K->38368K(269824K)] 791217K->619142K(885760K), 0.0659320 secs] [Times: user=0.49 sys=0.00, real=0.06 secs] 
94.990: [Full GC [PSYoungGen: 38368K->0K(269824K)] [ParOldGen: 580774K->139039K(615936K)] 619142K->139039K(885760K) [PSPermGen: 9117K->9117K(21504K)], 0.1610570 secs] [Times: user=1.20 sys=0.00, real=0.16 secs] 
95.151: Total time for which application threads were stopped: 0.2272190 seconds, Stopping threads took: 0.0000770 seconds
95.256: Application time: 0.1041760 seconds
95.256: [GC [PSYoungGen: 231424K->38384K(269824K)] 370463K->180363K(885760K), 0.0263200 secs] [Times: user=0.21 sys=0.00, real=0.03 secs] 
95.282: Total time for which application threads were stopped: 0.0265310 seconds, Stopping threads took: 0.0001020 seconds
95.383: Application time: 0.1006370 seconds
95.383: [GC [PSYoungGen: 269808K->38368K(269824K)] 411787K->212916K(885760K), 0.0394290 secs] [Times: user=0.32 sys=0.00, real=0.04 secs] 
95.422: Total time for which application threads were stopped: 0.0396120 seconds, Stopping threads took: 0.0000970 seconds
95.526: Application time: 0.1041030 seconds
95.527: [GC [PSYoungGen: 269716K->38368K(269824K)] 444264K->251955K(885760K), 0.0489290 secs] [Times: user=0.39 sys=0.00, real=0.05 secs] 
95.576: Total time for which application threads were stopped: 0.0491080 seconds, Stopping threads took: 0.0000930 seconds
95.661: Application time: 0.0853180 seconds
95.661: [GC [PSYoungGen: 269792K->38368K(269824K)] 483379K->308562K(885760K), 0.0562620 secs] [Times: user=0.44 sys=0.00, real=0.05 secs] 
95.717: Total time for which application threads were stopped: 0.0564260 seconds, Stopping threads took: 0.0000760 seconds
95.821: Application time: 0.1038620 seconds
95.821: [GC [PSYoungGen: 269792K->38384K(269824K)] 539986K->352071K(885760K), 0.0550100 secs] [Times: user=0.44 sys=0.00, real=0.05 secs] 
95.876: Total time for which application threads were stopped: 0.0552110 seconds, Stopping threads took: 0.0000990 seconds
95.976: Application time: 0.0993770 seconds
95.976: [GC [PSYoungGen: 269808K->38368K(269824K)] 583495K->387934K(885760K), 0.0496620 secs] [Times: user=0.39 sys=0.00, real=0.05 secs] 
96.026: Total time for which application threads were stopped: 0.0498400 seconds, Stopping threads took: 0.0000920 seconds
96.128: Application time: 0.1020740 seconds
96.129: [GC [PSYoungGen: 269556K->38368K(269824K)] 619122K->433472K(885760K), 0.0558460 secs] [Times: user=0.44 sys=0.00, real=0.06 secs] 
96.185: Total time for which application threads were stopped: 0.0571160 seconds, Stopping threads took: 0.0011840 seconds
96.270: Application time: 0.0856720 seconds
96.271: [GC [PSYoungGen: 269792K->38368K(269824K)] 664896K->488067K(885760K), 0.0565730 secs] [Times: user=0.45 sys=0.00, real=0.06 secs] 
96.327: Total time for which application threads were stopped: 0.0567480 seconds, Stopping threads took: 0.0000900 seconds
96.429: Application time: 0.1016130 seconds
96.433: [GC [PSYoungGen: 269792K->38384K(269824K)] 719491K->533391K(885760K), 0.0567960 secs] [Times: user=0.45 sys=0.00, real=0.05 secs] 
96.490: Total time for which application threads were stopped: 0.0609400 seconds, Stopping threads took: 0.0040460 seconds
96.593: Application time: 0.1036210 seconds
96.594: [GC [PSYoungGen: 269731K->38384K(269824K)] 764739K->569109K(885760K), 0.0508160 secs] [Times: user=0.40 sys=0.00, real=0.05 secs] 
96.644: Total time for which application threads were stopped: 0.0509860 seconds, Stopping threads took: 0.0000800 seconds
96.744: Application time: 0.0994010 seconds
96.744: [GC [PSYoungGen: 269808K->38368K(269824K)] 800533K->614591K(885760K), 0.0558930 secs] [Times: user=0.44 sys=0.00, real=0.05 secs] 
96.800: [Full GC [PSYoungGen: 38368K->0K(269824K)] [ParOldGen: 576222K->127887K(615936K)] 614591K->127887K(885760K) [PSPermGen: 9119K->9119K(21504K)], 0.1538680 secs] [Times: user=1.13 sys=0.00, real=0.16 secs] 
96.954: Total time for which application threads were stopped: 0.2099820 seconds, Stopping threads took: 0.0000750 seconds
97.038: Application time: 0.0837360 seconds
97.038: [GC [PSYoungGen: 231424K->38395K(269824K)] 359311K->182664K(885760K), 0.0285030 secs] [Times: user=0.22 sys=0.00, real=0.03 secs] 
97.066: Total time for which application threads were stopped: 0.0287020 seconds, Stopping threads took: 0.0000840 seconds
97.170: Application time: 0.1036300 seconds
97.170: [GC [PSYoungGen: 269819K->38368K(269824K)] 414088K->217858K(885760K), 0.0409460 secs] [Times: user=0.33 sys=0.00, real=0.04 secs] 
97.211: Total time for which application threads were stopped: 0.0411060 seconds, Stopping threads took: 0.0000730 seconds
97.315: Application time: 0.1037280 seconds
97.315: [GC [PSYoungGen: 269792K->38368K(269824K)] 449282K->250480K(885760K), 0.0444600 secs] [Times: user=0.35 sys=0.00, real=0.04 secs] 
97.359: Total time for which application threads were stopped: 0.0446410 seconds, Stopping threads took: 0.0000920 seconds
97.465: Application time: 0.1054560 seconds
97.465: [GC [PSYoungGen: 269792K->38368K(269824K)] 481904K->288814K(885760K), 0.0514100 secs] [Times: user=0.40 sys=0.00, real=0.05 secs] 
97.516: Total time for which application threads were stopped: 0.0515880 seconds, Stopping threads took: 0.0000940 seconds
97.600: Application time: 0.0837840 seconds
97.600: [GC [PSYoungGen: 269792K->38384K(269824K)] 520238K->346308K(885760K), 0.0582670 secs] [Times: user=0.46 sys=0.00, real=0.06 secs] 
97.659: Total time for which application threads were stopped: 0.0584560 seconds, Stopping threads took: 0.0000890 seconds
97.763: Application time: 0.1044680 seconds
97.763: [GC [PSYoungGen: 269808K->38384K(269824K)] 577732K->388383K(885760K), 0.0570820 secs] [Times: user=0.44 sys=0.00, real=0.05 secs] 
97.820: Total time for which application threads were stopped: 0.0572470 seconds, Stopping threads took: 0.0000760 seconds
97.925: Application time: 0.1046100 seconds
97.925: [GC [PSYoungGen: 269808K->38384K(269824K)] 619807K->426942K(885760K), 0.0542400 secs] [Times: user=0.43 sys=0.00, real=0.05 secs] 
97.979: Total time for which application threads were stopped: 0.0544450 seconds, Stopping threads took: 0.0001190 seconds
98.083: Application time: 0.1037840 seconds
98.083: [GC [PSYoungGen: 269808K->38368K(269824K)] 658366K->469623K(885760K), 0.0569080 secs] [Times: user=0.45 sys=0.00, real=0.05 secs] 
98.140: Total time for which application threads were stopped: 0.0570780 seconds, Stopping threads took: 0.0000850 seconds
98.226: Application time: 0.0857110 seconds
98.226: [GC [PSYoungGen: 269792K->38384K(269824K)] 701047K->526860K(885760K), 0.0605950 secs] [Times: user=0.48 sys=0.00, real=0.06 secs] 
98.287: Total time for which application threads were stopped: 0.0607900 seconds, Stopping threads took: 0.0000960 seconds
98.385: Application time: 0.0982340 seconds
98.385: [GC [PSYoungGen: 269808K->38384K(269824K)] 758284K->571290K(885760K), 0.0571430 secs] [Times: user=0.45 sys=0.00, real=0.06 secs] 
98.442: Total time for which application threads were stopped: 0.0573050 seconds, Stopping threads took: 0.0000790 seconds
98.548: Application time: 0.1056230 seconds
98.548: [GC [PSYoungGen: 269808K->38384K(269824K)] 802714K->608800K(885760K), 0.0540120 secs] [Times: user=0.43 sys=0.00, real=0.06 secs] 
98.602: [Full GC [PSYoungGen: 38384K->0K(269824K)] [ParOldGen: 570416K->129845K(615936K)] 608800K->129845K(885760K) [PSPermGen: 9119K->9119K(21504K)], 0.1492810 secs] [Times: user=1.10 sys=0.00, real=0.14 secs] 
98.751: Total time for which application threads were stopped: 0.2035190 seconds, Stopping threads took: 0.0000760 seconds
98.853: Application time: 0.1018210 seconds
98.853: [GC [PSYoungGen: 231424K->38399K(269824K)] 361269K->173035K(885760K), 0.0274010 secs] [Times: user=0.22 sys=0.00, real=0.03 secs] 
98.881: Total time for which application threads were stopped: 0.0276080 seconds, Stopping threads took: 0.0001080 seconds
98.967: Application time: 0.0859990 seconds
98.967: [GC [PSYoungGen: 269823K->38368K(269824K)] 404459K->225857K(885760K), 0.0471970 secs] [Times: user=0.38 sys=0.00, real=0.05 secs] 
99.014: Total time for which application threads were stopped: 0.0473640 seconds, Stopping threads took: 0.0000840 seconds
99.114: Application time: 0.0993400 seconds
99.114: [GC [PSYoungGen: 269792K->38368K(269824K)] 457281K->268294K(885760K), 0.0503210 secs] [Times: user=0.40 sys=0.00, real=0.05 secs] 
99.164: Total time for which application threads were stopped: 0.0504910 seconds, Stopping threads took: 0.0000840 seconds
99.272: Application time: 0.1079400 seconds
99.272: [GC [PSYoungGen: 269785K->38368K(269824K)] 499711K->302806K(885760K), 0.0480750 secs] [Times: user=0.38 sys=0.00, real=0.05 secs] 
99.320: Total time for which application threads were stopped: 0.0482520 seconds, Stopping threads took: 0.0000900 seconds
99.422: Application time: 0.1019470 seconds
99.422: [GC [PSYoungGen: 269792K->38384K(269824K)] 534230K->348792K(885760K), 0.0551790 secs] [Times: user=0.43 sys=0.00, real=0.05 secs] 
99.478: Total time for which application threads were stopped: 0.0553440 seconds, Stopping threads took: 0.0000680 seconds
99.567: Application time: 0.0890610 seconds
99.567: [GC [PSYoungGen: 269808K->38384K(269824K)] 580216K->401926K(885760K), 0.0551540 secs] [Times: user=0.44 sys=0.00, real=0.06 secs] 
99.622: Total time for which application threads were stopped: 0.0553070 seconds, Stopping threads took: 0.0000670 seconds
99.720: Application time: 0.0979770 seconds
99.720: [GC [PSYoungGen: 269808K->38368K(269824K)] 633350K->448419K(885760K), 0.0553440 secs] [Times: user=0.44 sys=0.00, real=0.06 secs] 
99.776: Total time for which application threads were stopped: 0.0555310 seconds, Stopping threads took: 0.0001000 seconds
99.882: Application time: 0.1065390 seconds
99.885: [GC [PSYoungGen: 269442K->38368K(269824K)] 679493K->483734K(885760K), 0.0507250 secs] [Times: user=0.40 sys=0.00, real=0.05 secs] 
99.936: Total time for which application threads were stopped: 0.0536410 seconds, Stopping threads took: 0.0028270 seconds
100.037: Application time: 0.1008490 seconds
100.037: [GC [PSYoungGen: 269792K->38384K(269824K)] 715158K->527795K(885760K), 0.0550660 secs] [Times: user=0.44 sys=0.00, real=0.05 secs] 
100.092: Total time for which application threads were stopped: 0.0552570 seconds, Stopping threads took: 0.0000920 seconds
100.176: Application time: 0.0839170 seconds
100.176: [GC [PSYoungGen: 269808K->38384K(269824K)] 759219K->583563K(885760K), 0.0574640 secs] [Times: user=0.45 sys=0.00, real=0.06 secs] 
100.233: Total time for which application threads were stopped: 0.0576360 seconds, Stopping threads took: 0.0000890 seconds
100.334: Application time: 0.1003720 seconds
100.334: [GC [PSYoungGen: 269808K->38384K(269824K)] 814987K->630167K(885760K), 0.0568140 secs] [Times: user=0.45 sys=0.00, real=0.05 secs] 
100.391: [Full GC [PSYoungGen: 38384K->0K(269824K)] [ParOldGen: 591783K->144903K(615936K)] 630167K->144903K(885760K) [PSPermGen: 9121K->9121K(21504K)], 0.1768170 secs] [Times: user=1.30 sys=0.00, real=0.18 secs] 
100.568: Total time for which application threads were stopped: 0.2338370 seconds, Stopping threads took: 0.0000610 seconds
100.674: Application time: 0.1067600 seconds
100.674: [GC [PSYoungGen: 231424K->36026K(269824K)] 376327K->180929K(885760K), 0.0235400 secs] [Times: user=0.18 sys=0.00, real=0.02 secs] 
100.698: Total time for which application threads were stopped: 0.0237380 seconds, Stopping threads took: 0.0000940 seconds
100.797: Application time: 0.0989190 seconds
100.797: [GC [PSYoungGen: 267450K->38384K(269824K)] 412353K->218763K(885760K), 0.0412680 secs] [Times: user=0.33 sys=0.00, real=0.04 secs] 
100.838: Total time for which application threads were stopped: 0.0414380 seconds, Stopping threads took: 0.0000850 seconds
100.923: Application time: 0.0843070 seconds
100.923: [GC [PSYoungGen: 269808K->38384K(269824K)] 450187K->270156K(885760K), 0.0509190 secs] [Times: user=0.40 sys=0.00, real=0.05 secs] 
100.974: Total time for which application threads were stopped: 0.0510950 seconds, Stopping threads took: 0.0000890 seconds
101.074: Application time: 0.1001000 seconds
101.074: [GC [PSYoungGen: 269808K->38384K(269824K)] 501580K->317412K(885760K), 0.0585510 secs] [Times: user=0.46 sys=0.00, real=0.05 secs] 
101.133: Total time for which application threads were stopped: 0.0587210 seconds, Stopping threads took: 0.0000830 seconds
101.245: Application time: 0.1122870 seconds
101.245: [GC [PSYoungGen: 269808K->38368K(269824K)] 548836K->351757K(885760K), 0.0534200 secs] [Times: user=0.42 sys=0.00, real=0.05 secs] 
101.299: Total time for which application threads were stopped: 0.0535880 seconds, Stopping threads took: 0.0000720 seconds
101.398: Application time: 0.0995650 seconds
101.401: [GC [PSYoungGen: 269792K->38384K(269824K)] 583181K->395351K(885760K), 0.0574260 secs] [Times: user=0.46 sys=0.00, real=0.05 secs] 
101.458: Total time for which application threads were stopped: 0.0603040 seconds, Stopping threads took: 0.0027830 seconds
101.544: Application time: 0.0853110 seconds
101.544: [GC [PSYoungGen: 269808K->38368K(269824K)] 626775K->447881K(885760K), 0.0601810 secs] [Times: user=0.48 sys=0.00, real=0.06 secs] 
101.604: Total time for which application threads were stopped: 0.0603700 seconds, Stopping threads took: 0.0001010 seconds
101.703: Application time: 0.0987490 seconds
101.703: [GC [PSYoungGen: 269792K->38368K(269824K)] 679305K->501275K(885760K), 0.0646750 secs] [Times: user=0.51 sys=0.00, real=0.06 secs] 
101.768: Total time for which application threads were stopped: 0.0648420 seconds, Stopping threads took: 0.0000820 seconds
101.879: Application time: 0.1113360 seconds
101.879: [GC [PSYoungGen: 269792K->38368K(269824K)] 732699K->535056K(885760K), 0.0562560 secs] [Times: user=0.44 sys=0.00, real=0.06 secs] 
101.935: Total time for which application threads were stopped: 0.0564510 seconds, Stopping threads took: 0.0000990 seconds
102.034: Application time: 0.0984540 seconds
102.034: [GC [PSYoungGen: 269792K->38384K(269824K)] 766480K->576351K(885760K), 0.0575390 secs] [Times: user=0.45 sys=0.00, real=0.05 secs] 
102.092: Total time for which application threads were stopped: 0.0577380 seconds, Stopping threads took: 0.0000890 seconds
102.182: Application time: 0.0908030 seconds
102.183: [GC [PSYoungGen: 269808K->38384K(269824K)] 807775K->628117K(885760K), 0.0612900 secs] [Times: user=0.48 sys=0.00, real=0.06 secs] 
102.244: [Full GC [PSYoungGen: 38384K->0K(269824K)] [ParOldGen: 589733K->126589K(615936K)] 628117K->126589K(885760K) [PSPermGen: 9122K->9122K(21504K)], 0.1412960 secs] [Times: user=1.04 sys=0.00, real=0.14 secs] 
102.385: Total time for which application threads were stopped: 0.2028420 seconds, Stopping threads took: 0.0001060 seconds
102.480: Application time: 0.0949410 seconds
102.480: [GC [PSYoungGen: 231424K->38368K(269824K)] 358013K->181816K(885760K), 0.0330320 secs] [Times: user=0.26 sys=0.00, real=0.04 secs] 
102.514: Total time for which application threads were stopped: 0.0332240 seconds, Stopping threads took: 0.0000890 seconds
102.625: Application time: 0.1119570 seconds
102.626: [GC [PSYoungGen: 269792K->38384K(269824K)] 413240K->208859K(885760K), 0.0404000 secs] [Times: user=0.32 sys=0.00, real=0.04 secs] 
102.666: Total time for which application threads were stopped: 0.0405910 seconds, Stopping threads took: 0.0001060 seconds
102.764: Application time: 0.0978030 seconds
102.764: [GC [PSYoungGen: 269808K->38368K(269824K)] 440283K->249316K(885760K), 0.0469290 secs] [Times: user=0.37 sys=0.00, real=0.04 secs] 
102.811: Total time for which application threads were stopped: 0.0471000 seconds, Stopping threads took: 0.0000830 seconds
102.901: Application time: 0.0902180 seconds
102.905: [GC [PSYoungGen: 269792K->38368K(269824K)] 480740K->294120K(885760K), 0.0496030 secs] [Times: user=0.39 sys=0.00, real=0.05 secs] 
102.955: Total time for which application threads were stopped: 0.0534000 seconds, Stopping threads took: 0.0037110 seconds
103.049: Application time: 0.0943480 seconds
103.049: [GC [PSYoungGen: 269792K->38384K(269824K)] 525544K->348864K(885760K), 0.0595290 secs] [Times: user=0.47 sys=0.00, real=0.06 secs] 
103.109: Total time for which application threads were stopped: 0.0597640 seconds, Stopping threads took: 0.0001310 seconds
103.221: Application time: 0.1119050 seconds
103.221: [GC [PSYoungGen: 269808K->38368K(269824K)] 580288K->381595K(885760K), 0.0526920 secs] [Times: user=0.41 sys=0.00, real=0.06 secs] 
103.273: Total time for which application threads were stopped: 0.0528680 seconds, Stopping threads took: 0.0000890 seconds
103.375: Application time: 0.1019250 seconds
103.377: [GC [PSYoungGen: 269792K->38384K(269824K)] 613019K->422318K(885760K), 0.0537120 secs] [Times: user=0.42 sys=0.00, real=0.05 secs] 
103.431: Total time for which application threads were stopped: 0.0553010 seconds, Stopping threads took: 0.0015010 seconds
103.517: Application time: 0.0865890 seconds
103.517: [GC [PSYoungGen: 269808K->38368K(269824K)] 653742K->477131K(885760K), 0.0586380 secs] [Times: user=0.47 sys=0.00, real=0.06 secs] 
103.576: Total time for which application threads were stopped: 0.0588560 seconds, Stopping threads took: 0.0001310 seconds
103.673: Application time: 0.0968470 seconds
103.673: [GC [PSYoungGen: 269792K->38368K(269824K)] 708555K->529559K(885760K), 0.0602580 secs] [Times: user=0.47 sys=0.00, real=0.06 secs] 
103.733: Total time for which application threads were stopped: 0.0604300 seconds, Stopping threads took: 0.0000740 seconds
103.844: Application time: 0.1101460 seconds
103.844: [GC [PSYoungGen: 269792K->38368K(269824K)] 760983K->566076K(885760K), 0.0537600 secs] [Times: user=0.43 sys=0.00, real=0.05 secs] 
103.898: Total time for which application threads were stopped: 0.0539510 seconds, Stopping threads took: 0.0001030 seconds
104.002: Application time: 0.1047640 seconds
104.002: [GC [PSYoungGen: 269792K->38368K(269824K)] 797500K->602478K(885760K), 0.0523090 secs] [Times: user=0.41 sys=0.00, real=0.05 secs] 
104.055: [Full GC [PSYoungGen: 38368K->0K(269824K)] [ParOldGen: 564110K->121281K(615936K)] 602478K->121281K(885760K) [PSPermGen: 9123K->9123K(21504K)], 0.1421270 secs] [Times: user=1.04 sys=0.00, real=0.14 secs] 
104.197: Total time for which application threads were stopped: 0.1946880 seconds, Stopping threads took: 0.0001020 seconds
104.278: Application time: 0.0813600 seconds
104.279: [GC [PSYoungGen: 231424K->38384K(269824K)] 352705K->180174K(885760K), 0.0297900 secs] [Times: user=0.24 sys=0.00, real=0.03 secs] 
104.308: Total time for which application threads were stopped: 0.0299790 seconds, Stopping threads took: 0.0000920 seconds
104.405: Application time: 0.0970210 seconds
104.405: [GC [PSYoungGen: 269808K->38368K(269824K)] 411598K->221114K(885760K), 0.0429260 secs] [Times: user=0.34 sys=0.00, real=0.04 secs] 
104.448: Total time for which application threads were stopped: 0.0430870 seconds, Stopping threads took: 0.0000760 seconds
104.559: Application time: 0.1102190 seconds
104.559: [GC [PSYoungGen: 269792K->38368K(269824K)] 452538K->252635K(885760K), 0.0455030 secs] [Times: user=0.36 sys=0.00, real=0.05 secs] 
104.604: Total time for which application threads were stopped: 0.0456790 seconds, Stopping threads took: 0.0000880 seconds
104.710: Application time: 0.1052890 seconds
104.710: [GC [PSYoungGen: 269792K->38384K(269824K)] 484059K->283303K(885760K), 0.0458630 secs] [Times: user=0.36 sys=0.00, real=0.05 secs] 
104.756: Total time for which application threads were stopped: 0.0460390 seconds, Stopping threads took: 0.0000900 seconds
104.835: Application time: 0.0793890 seconds
104.835: [GC [PSYoungGen: 269808K->38368K(269824K)] 514727K->346829K(885760K), 0.0605610 secs] [Times: user=0.48 sys=0.00, real=0.06 secs] 
104.896: Total time for which application threads were stopped: 0.0607500 seconds, Stopping threads took: 0.0000950 seconds
104.997: Application time: 0.1014200 seconds
104.997: [GC [PSYoungGen: 269792K->38368K(269824K)] 578253K->391212K(885760K), 0.0555840 secs] [Times: user=0.44 sys=0.00, real=0.06 secs] 
105.053: Total time for which application threads were stopped: 0.0557580 seconds, Stopping threads took: 0.0000910 seconds
105.161: Application time: 0.1078540 seconds
105.161: [GC [PSYoungGen: 269792K->38368K(269824K)] 622636K->429648K(885760K), 0.0542040 secs] [Times: user=0.43 sys=0.00, real=0.05 secs] 
105.215: Total time for which application threads were stopped: 0.0543660 seconds, Stopping threads took: 0.0000780 seconds
105.323: Application time: 0.1081890 seconds
105.324: [GC [PSYoungGen: 269792K->38368K(269824K)] 661072K->463516K(885760K), 0.0515630 secs] [Times: user=0.41 sys=0.00, real=0.05 secs] 
105.375: Total time for which application threads were stopped: 0.0517340 seconds, Stopping threads took: 0.0000870 seconds
105.452: Application time: 0.0772980 seconds
105.453: [GC [PSYoungGen: 269792K->38384K(269824K)] 694940K->530750K(885760K), 0.0630280 secs] [Times: user=0.49 sys=0.00, real=0.07 secs] 
105.516: Total time for which application threads were stopped: 0.0632250 seconds, Stopping threads took: 0.0000890 seconds
105.620: Application time: 0.1042880 seconds
105.620: [GC [PSYoungGen: 269808K->38384K(269824K)] 762174K->573510K(885760K), 0.0557290 secs] [Times: user=0.45 sys=0.00, real=0.06 secs] 
105.676: Total time for which application threads were stopped: 0.0559080 seconds, Stopping threads took: 0.0000920 seconds
105.783: Application time: 0.1067240 seconds
105.783: [GC [PSYoungGen: 269808K->38368K(269824K)] 804934K->611477K(885760K), 0.0545630 secs] [Times: user=0.43 sys=0.00, real=0.05 secs] 
105.837: [Full GC [PSYoungGen: 38368K->0K(269824K)] [ParOldGen: 573109K->138515K(615936K)] 611477K->138515K(885760K) [PSPermGen: 9124K->9124K(21504K)], 0.1721050 secs] [Times: user=1.26 sys=0.00, real=0.17 secs] 
106.010: Total time for which application threads were stopped: 0.2268940 seconds, Stopping threads took: 0.0000810 seconds
106.119: Application time: 0.1094130 seconds
106.119: [GC [PSYoungGen: 231424K->35459K(269824K)] 369939K->173974K(885760K), 0.0240400 secs] [Times: user=0.18 sys=0.00, real=0.03 secs] 
106.143: Total time for which application threads were stopped: 0.0242330 seconds, Stopping threads took: 0.0000920 seconds
106.226: Application time: 0.0828630 seconds
106.226: [GC [PSYoungGen: 266883K->38384K(269824K)] 405398K->237185K(885760K), 0.0507690 secs] [Times: user=0.39 sys=0.00, real=0.05 secs] 
106.277: Total time for which application threads were stopped: 0.0509350 seconds, Stopping threads took: 0.0000820 seconds
106.378: Application time: 0.1009990 seconds
106.378: [GC [PSYoungGen: 269808K->38368K(269824K)] 468609K->274494K(885760K), 0.0490280 secs] [Times: user=0.39 sys=0.00, real=0.05 secs] 
106.427: Total time for which application threads were stopped: 0.0491860 seconds, Stopping threads took: 0.0000690 seconds
106.532: Application time: 0.1047080 seconds
106.532: [GC [PSYoungGen: 269792K->38384K(269824K)] 505918K->313318K(885760K), 0.0565030 secs] [Times: user=0.45 sys=0.00, real=0.06 secs] 
106.589: Total time for which application threads were stopped: 0.0566790 seconds, Stopping threads took: 0.0000880 seconds
106.694: Application time: 0.1057700 seconds
106.697: [GC [PSYoungGen: 269808K->38368K(269824K)] 544742K->346707K(885760K), 0.0551190 secs] [Times: user=0.44 sys=0.00, real=0.05 secs] 
106.752: Total time for which application threads were stopped: 0.0577750 seconds, Stopping threads took: 0.0025580 seconds
106.834: Application time: 0.0814750 seconds
106.834: [GC [PSYoungGen: 269792K->38384K(269824K)] 578131K->411165K(885760K), 0.0711800 secs] [Times: user=0.56 sys=0.00, real=0.07 secs] 
106.905: Total time for which application threads were stopped: 0.0713410 seconds, Stopping threads took: 0.0000730 seconds
107.008: Application time: 0.1029590 seconds
107.008: [GC [PSYoungGen: 269797K->38368K(269824K)] 642578K->452947K(885760K), 0.0648610 secs] [Times: user=0.51 sys=0.00, real=0.07 secs] 
107.073: Total time for which application threads were stopped: 0.0650280 seconds, Stopping threads took: 0.0000810 seconds
107.175: Application time: 0.1019120 seconds
107.175: [GC [PSYoungGen: 269792K->38368K(269824K)] 684371K->494915K(885760K), 0.0670740 secs] [Times: user=0.51 sys=0.00, real=0.07 secs] 
107.242: Total time for which application threads were stopped: 0.0672570 seconds, Stopping threads took: 0.0000920 seconds
107.350: Application time: 0.1082720 seconds
107.350: [GC [PSYoungGen: 269792K->38384K(269824K)] 726339K->526184K(885760K), 0.0598310 secs] [Times: user=0.47 sys=0.00, real=0.06 secs] 
107.410: Total time for which application threads were stopped: 0.0599990 seconds, Stopping threads took: 0.0000730 seconds
107.487: Application time: 0.0765070 seconds
107.487: [GC [PSYoungGen: 269808K->38368K(269824K)] 757608K->589512K(885760K), 0.0694510 secs] [Times: user=0.55 sys=0.00, real=0.07 secs] 
107.557: [Full GC [PSYoungGen: 38368K->0K(269824K)] [ParOldGen: 551144K->142374K(615936K)] 589512K->142374K(885760K) [PSPermGen: 9124K->9124K(21504K)], 0.1666480 secs] [Times: user=1.22 sys=0.00, real=0.17 secs] 
107.723: Total time for which application threads were stopped: 0.2363580 seconds, Stopping threads took: 0.0000910 seconds
107.831: Application time: 0.1080340 seconds
107.831: [GC [PSYoungGen: 231424K->38381K(269824K)] 373798K->185489K(885760K), 0.0277870 secs] [Times: user=0.22 sys=0.00, real=0.03 secs] 
107.859: Total time for which application threads were stopped: 0.0280060 seconds, Stopping threads took: 0.0001310 seconds
107.958: Application time: 0.0989720 seconds
107.958: [GC [PSYoungGen: 269805K->38384K(269824K)] 416913K->225760K(885760K), 0.0452780 secs] [Times: user=0.36 sys=0.00, real=0.05 secs] 
108.004: Total time for which application threads were stopped: 0.0454600 seconds, Stopping threads took: 0.0000840 seconds
108.111: Application time: 0.1077310 seconds
108.112: [GC [PSYoungGen: 269808K->38384K(269824K)] 457184K->257819K(885760K), 0.0465550 secs] [Times: user=0.37 sys=0.00, real=0.05 secs] 
108.158: Total time for which application threads were stopped: 0.0467320 seconds, Stopping threads took: 0.0000910 seconds
108.238: Application time: 0.0793420 seconds
108.238: [GC [PSYoungGen: 269808K->38368K(269824K)] 489243K->321700K(885760K), 0.0590760 secs] [Times: user=0.47 sys=0.00, real=0.06 secs] 
108.297: Total time for which application threads were stopped: 0.0592530 seconds, Stopping threads took: 0.0000910 seconds
108.404: Application time: 0.1076830 seconds
108.405: [GC [PSYoungGen: 269792K->38384K(269824K)] 553124K->358457K(885760K), 0.0529190 secs] [Times: user=0.42 sys=0.00, real=0.05 secs] 
108.458: Total time for which application threads were stopped: 0.0530690 seconds, Stopping threads took: 0.0000670 seconds
108.553: Application time: 0.0959100 seconds
108.557: [GC [PSYoungGen: 269808K->38384K(269824K)] 589881K->406538K(885760K), 0.0570260 secs] [Times: user=0.46 sys=0.00, real=0.06 secs] 
108.614: Total time for which application threads were stopped: 0.0605730 seconds, Stopping threads took: 0.0034480 seconds
108.724: Application time: 0.1097530 seconds
108.724: [GC [PSYoungGen: 269808K->38368K(269824K)] 637962K->439443K(885760K), 0.0513130 secs] [Times: user=0.41 sys=0.00, real=0.05 secs] 
108.775: Total time for which application threads were stopped: 0.0515010 seconds, Stopping threads took: 0.0000990 seconds
108.859: Application time: 0.0836840 seconds
108.859: [GC [PSYoungGen: 269792K->38368K(269824K)] 670867K->502529K(885760K), 0.0620960 secs] [Times: user=0.50 sys=0.00, real=0.07 secs] 
108.921: Total time for which application threads were stopped: 0.0623030 seconds, Stopping threads took: 0.0001210 seconds
109.033: Application time: 0.1119170 seconds
109.033: [GC [PSYoungGen: 269792K->38384K(269824K)] 733953K->537195K(885760K), 0.0528230 secs] [Times: user=0.42 sys=0.00, real=0.05 secs] 
109.086: Total time for which application threads were stopped: 0.0529710 seconds, Stopping threads took: 0.0000630 seconds
109.177: Application time: 0.0905290 seconds
109.177: [GC [PSYoungGen: 269808K->38384K(269824K)] 768619K->590797K(885760K), 0.0581860 secs] [Times: user=0.46 sys=0.01, real=0.06 secs] 
109.235: [Full GC [PSYoungGen: 38384K->0K(269824K)] [ParOldGen: 552412K->145277K(615936K)] 590797K->145277K(885760K) [PSPermGen: 9124K->9124K(21504K)], 0.1805530 secs] [Times: user=1.33 sys=0.00, real=0.18 secs] 
109.416: Total time for which application threads were stopped: 0.2389800 seconds, Stopping threads took: 0.0000830 seconds
109.528: Application time: 0.1123510 seconds
109.528: [GC [PSYoungGen: 231424K->30416K(269824K)] 376701K->175693K(885760K), 0.0212250 secs] [Times: user=0.16 sys=0.00, real=0.02 secs] 
109.549: Total time for which application threads were stopped: 0.0214110 seconds, Stopping threads took: 0.0000970 seconds
109.633: Application time: 0.0833750 seconds
109.633: [GC [PSYoungGen: 261840K->38391K(269824K)] 407117K->234695K(885760K), 0.0473450 secs] [Times: user=0.38 sys=0.00, real=0.04 secs] 
109.680: Total time for which application threads were stopped: 0.0475180 seconds, Stopping threads took: 0.0000880 seconds
109.789: Application time: 0.1087960 seconds
109.793: [GC [PSYoungGen: 269815K->38368K(269824K)] 466119K->262835K(885760K), 0.0467300 secs] [Times: user=0.37 sys=0.00, real=0.04 secs] 
109.840: Total time for which application threads were stopped: 0.0505970 seconds, Stopping threads took: 0.0037720 seconds
109.929: Application time: 0.0889450 seconds
109.929: [GC [PSYoungGen: 269792K->38384K(269824K)] 494259K->314443K(885760K), 0.0579600 secs] [Times: user=0.45 sys=0.01, real=0.06 secs] 
109.987: Total time for which application threads were stopped: 0.0581540 seconds, Stopping threads took: 0.0001060 seconds
110.099: Application time: 0.1117850 seconds
110.099: [GC [PSYoungGen: 269808K->38368K(269824K)] 545867K->343910K(885760K), 0.0530780 secs] [Times: user=0.42 sys=0.00, real=0.05 secs] 
110.152: Total time for which application threads were stopped: 0.0532420 seconds, Stopping threads took: 0.0000780 seconds
110.231: Application time: 0.0791990 seconds
110.233: [GC [PSYoungGen: 269792K->38368K(269824K)] 575334K->406207K(885760K), 0.0673960 secs] [Times: user=0.54 sys=0.00, real=0.07 secs] 
110.300: Total time for which application threads were stopped: 0.0688870 seconds, Stopping threads took: 0.0014020 seconds
110.412: Application time: 0.1119750 seconds
110.412: [GC [PSYoungGen: 269792K->38368K(269824K)] 637631K->441752K(885760K), 0.0640460 secs] [Times: user=0.50 sys=0.00, real=0.07 secs] 
110.476: Total time for which application threads were stopped: 0.0642380 seconds, Stopping threads took: 0.0000990 seconds
110.566: Application time: 0.0895040 seconds
110.566: [GC [PSYoungGen: 269792K->38384K(269824K)] 673176K->495899K(885760K), 0.0659120 secs] [Times: user=0.52 sys=0.00, real=0.06 secs] 
110.632: Total time for which application threads were stopped: 0.0660920 seconds, Stopping threads took: 0.0000950 seconds
110.742: Application time: 0.1101330 seconds
110.745: [GC [PSYoungGen: 269808K->38384K(269824K)] 727323K->525422K(885760K), 0.0582190 secs] [Times: user=0.46 sys=0.00, real=0.06 secs] 
110.803: Total time for which application threads were stopped: 0.0612880 seconds, Stopping threads took: 0.0029820 seconds
110.882: Application time: 0.0785470 seconds
110.882: [GC [PSYoungGen: 269808K->38384K(269824K)] 756846K->588822K(885760K), 0.0697950 secs] [Times: user=0.56 sys=0.00, real=0.06 secs] 
110.952: [Full GC [PSYoungGen: 38384K->0K(269824K)] [ParOldGen: 550438K->142774K(615936K)] 588822K->142774K(885760K) [PSPermGen: 9124K->9124K(21504K)], 0.1699270 secs] [Times: user=1.26 sys=0.00, real=0.18 secs] 
111.122: Total time for which application threads were stopped: 0.2399470 seconds, Stopping threads took: 0.0000800 seconds
111.236: Application time: 0.1144080 seconds
111.236: [GC [PSYoungGen: 231424K->35338K(269824K)] 374198K->178112K(885760K), 0.0258480 secs] [Times: user=0.20 sys=0.00, real=0.03 secs] 
111.262: Total time for which application threads were stopped: 0.0260350 seconds, Stopping threads took: 0.0000890 seconds
111.352: Application time: 0.0901810 seconds
111.352: [GC [PSYoungGen: 266762K->38368K(269824K)] 409536K->226337K(885760K), 0.0454170 secs] [Times: user=0.36 sys=0.00, real=0.05 secs] 
111.398: Total time for which application threads were stopped: 0.0456130 seconds, Stopping threads took: 0.0001070 seconds
111.513: Application time: 0.1151000 seconds
111.513: [GC [PSYoungGen: 269792K->38368K(269824K)] 457761K->251304K(885760K), 0.0447910 secs] [Times: user=0.35 sys=0.00, real=0.04 secs] 
111.558: Total time for which application threads were stopped: 0.0449650 seconds, Stopping threads took: 0.0000890 seconds
111.634: Application time: 0.0758140 seconds
111.634: [GC [PSYoungGen: 269792K->38384K(269824K)] 482728K->312897K(885760K), 0.0565140 secs] [Times: user=0.45 sys=0.00, real=0.05 secs] 
111.691: Total time for which application threads were stopped: 0.0566700 seconds, Stopping threads took: 0.0000660 seconds
111.805: Application time: 0.1145830 seconds
111.805: [GC [PSYoungGen: 269808K->38368K(269824K)] 544321K->349693K(885760K), 0.0545830 secs] [Times: user=0.44 sys=0.00, real=0.05 secs] 
111.860: Total time for which application threads were stopped: 0.0547790 seconds, Stopping threads took: 0.0000880 seconds
111.955: Application time: 0.0951780 seconds
111.955: [GC [PSYoungGen: 269792K->38384K(269824K)] 581117K->399339K(885760K), 0.0553380 secs] [Times: user=0.44 sys=0.00, real=0.05 secs] 
112.011: Total time for which application threads were stopped: 0.0555120 seconds, Stopping threads took: 0.0000890 seconds
112.120: Application time: 0.1095140 seconds
112.120: [GC [PSYoungGen: 269808K->38384K(269824K)] 630763K->432452K(885760K), 0.0503820 secs] [Times: user=0.40 sys=0.00, real=0.05 secs] 
112.171: Total time for which application threads were stopped: 0.0505260 seconds, Stopping threads took: 0.0000620 seconds
112.249: Application time: 0.0781980 seconds
112.249: [GC [PSYoungGen: 269808K->38368K(269824K)] 663876K->493694K(885760K), 0.0586850 secs] [Times: user=0.46 sys=0.00, real=0.06 secs] 
112.308: Total time for which application threads were stopped: 0.0588800 seconds, Stopping threads took: 0.0001040 seconds
112.421: Application time: 0.1132320 seconds
112.421: [GC [PSYoungGen: 269792K->38368K(269824K)] 725118K->531128K(885760K), 0.0565020 secs] [Times: user=0.44 sys=0.00, real=0.05 secs] 
112.478: Total time for which application threads were stopped: 0.0566850 seconds, Stopping threads took: 0.0000850 seconds
112.574: Application time: 0.0959580 seconds
112.577: [GC [PSYoungGen: 269792K->38384K(269824K)] 762552K->577998K(885760K), 0.0554840 secs] [Times: user=0.44 sys=0.00, real=0.05 secs] 
112.632: Total time for which application threads were stopped: 0.0588770 seconds, Stopping threads took: 0.0033080 seconds
112.741: Application time: 0.1089690 seconds
112.742: [GC [PSYoungGen: 269808K->38384K(269824K)] 809422K->612059K(885760K), 0.0515830 secs] [Times: user=0.40 sys=0.00, real=0.05 secs] 
112.793: [Full GC [PSYoungGen: 38384K->0K(269824K)] [ParOldGen: 573675K->107565K(615936K)] 612059K->107565K(885760K) [PSPermGen: 9124K->9124K(21504K)], 0.1207660 secs] [Times: user=0.86 sys=0.00, real=0.12 secs] 
112.914: Total time for which application threads were stopped: 0.1726060 seconds, Stopping threads took: 0.0001070 seconds
112.992: Application time: 0.0780890 seconds
112.992: [GC [PSYoungGen: 231424K->38387K(269824K)] 338989K->169781K(885760K), 0.0309230 secs] [Times: user=0.24 sys=0.00, real=0.04 secs] 
113.023: Total time for which application threads were stopped: 0.0311200 seconds, Stopping threads took: 0.0000970 seconds
113.133: Application time: 0.1094030 seconds
113.133: [GC [PSYoungGen: 269811K->38384K(269824K)] 401205K->201124K(885760K), 0.0409350 secs] [Times: user=0.30 sys=0.01, real=0.05 secs] 
113.174: Total time for which application threads were stopped: 0.0411130 seconds, Stopping threads took: 0.0000890 seconds
113.273: Application time: 0.0989600 seconds
113.273: [GC [PSYoungGen: 269808K->38368K(269824K)] 432548K->240883K(885760K), 0.0436450 secs] [Times: user=0.35 sys=0.00, real=0.04 secs] 
113.317: Total time for which application threads were stopped: 0.0438230 seconds, Stopping threads took: 0.0000840 seconds
113.424: Application time: 0.1072250 seconds
113.424: [GC [PSYoungGen: 269792K->38368K(269824K)] 472307K->265529K(885760K), 0.0410020 secs] [Times: user=0.33 sys=0.00, real=0.04 secs] 
113.465: Total time for which application threads were stopped: 0.0411700 seconds, Stopping threads took: 0.0000850 seconds
113.545: Application time: 0.0802660 seconds
113.545: [GC [PSYoungGen: 269792K->38384K(269824K)] 496953K->326111K(885760K), 0.0559020 secs] [Times: user=0.44 sys=0.01, real=0.06 secs] 
113.601: Total time for which application threads were stopped: 0.0560900 seconds, Stopping threads took: 0.0000890 seconds
113.708: Application time: 0.1066590 seconds
113.708: [GC [PSYoungGen: 269808K->38384K(269824K)] 557535K->367557K(885760K), 0.0536170 secs] [Times: user=0.42 sys=0.00, real=0.06 secs] 
113.762: Total time for which application threads were stopped: 0.0538020 seconds, Stopping threads took: 0.0001030 seconds
113.860: Application time: 0.0986920 seconds
113.861: [GC [PSYoungGen: 269808K->38368K(269824K)] 598981K->414381K(885760K), 0.0531210 secs] [Times: user=0.42 sys=0.00, real=0.06 secs] 
113.914: Total time for which application threads were stopped: 0.0532940 seconds, Stopping threads took: 0.0000870 seconds
114.025: Application time: 0.1114240 seconds
114.025: [GC [PSYoungGen: 269792K->38368K(269824K)] 645805K->447571K(885760K), 0.0499870 secs] [Times: user=0.40 sys=0.00, real=0.05 secs] 
114.075: Total time for which application threads were stopped: 0.0501570 seconds, Stopping threads took: 0.0000820 seconds
114.159: Application time: 0.0833020 seconds
114.159: [GC [PSYoungGen: 269792K->38368K(269824K)] 678995K->506682K(885760K), 0.0572050 secs] [Times: user=0.45 sys=0.00, real=0.06 secs] 
114.216: Total time for which application threads were stopped: 0.0573820 seconds, Stopping threads took: 0.0000770 seconds
114.321: Application time: 0.1048210 seconds
114.321: [GC [PSYoungGen: 269792K->38368K(269824K)] 738106K->550772K(885760K), 0.0547900 secs] [Times: user=0.43 sys=0.00, real=0.05 secs] 
114.376: Total time for which application threads were stopped: 0.0549280 seconds, Stopping threads took: 0.0000560 seconds
114.472: Application time: 0.0958260 seconds
114.472: [GC [PSYoungGen: 269792K->38368K(269824K)] 782196K->595495K(885760K), 0.0524850 secs] [Times: user=0.41 sys=0.00, real=0.06 secs] 
114.524: [Full GC [PSYoungGen: 38368K->0K(269824K)] [ParOldGen: 557126K->137648K(615936K)] 595495K->137648K(885760K) [PSPermGen: 9124K->9124K(21504K)], 0.1666420 secs] [Times: user=1.23 sys=0.00, real=0.16 secs] 
114.691: Total time for which application threads were stopped: 0.2193610 seconds, Stopping threads took: 0.0000840 seconds
114.805: Application time: 0.1144660 seconds
114.806: [GC [PSYoungGen: 231424K->32629K(269824K)] 369072K->170277K(885760K), 0.0237210 secs] [Times: user=0.19 sys=0.00, real=0.02 secs] 
114.829: Total time for which application threads were stopped: 0.0239280 seconds, Stopping threads took: 0.0001080 seconds
114.912: Application time: 0.0821960 seconds
114.912: [GC [PSYoungGen: 264053K->38395K(269824K)] 401701K->227082K(885760K), 0.0467750 secs] [Times: user=0.37 sys=0.00, real=0.05 secs] 
114.959: Total time for which application threads were stopped: 0.0469650 seconds, Stopping threads took: 0.0001060 seconds
115.063: Application time: 0.1041620 seconds
115.063: [GC [PSYoungGen: 269819K->38395K(269824K)] 458506K->265958K(885760K), 0.0498720 secs] [Times: user=0.40 sys=0.00, real=0.04 secs] 
115.113: Total time for which application threads were stopped: 0.0500240 seconds, Stopping threads took: 0.0000670 seconds
115.209: Application time: 0.0965660 seconds
115.209: [GC [PSYoungGen: 269819K->38395K(269824K)] 497382K->311207K(885760K), 0.0551820 secs] [Times: user=0.43 sys=0.00, real=0.06 secs] 
115.265: Total time for which application threads were stopped: 0.0553610 seconds, Stopping threads took: 0.0000910 seconds
115.381: Application time: 0.1158080 seconds
115.381: [GC [PSYoungGen: 269819K->38380K(269824K)] 542631K->339376K(885760K), 0.0519270 secs] [Times: user=0.41 sys=0.00, real=0.05 secs] 
115.433: Total time for which application threads were stopped: 0.0521140 seconds, Stopping threads took: 0.0000950 seconds
115.514: Application time: 0.0811870 seconds
115.514: [GC [PSYoungGen: 269804K->38379K(269824K)] 570800K->398086K(885760K), 0.0624740 secs] [Times: user=0.49 sys=0.00, real=0.06 secs] 
115.576: Total time for which application threads were stopped: 0.0626400 seconds, Stopping threads took: 0.0000820 seconds
115.679: Application time: 0.1023260 seconds
115.679: [GC [PSYoungGen: 269803K->38396K(269824K)] 629510K->445341K(885760K), 0.0632690 secs] [Times: user=0.51 sys=0.00, real=0.07 secs] 
115.742: Total time for which application threads were stopped: 0.0634380 seconds, Stopping threads took: 0.0000830 seconds
115.837: Application time: 0.0951290 seconds
115.837: [GC [PSYoungGen: 269820K->38380K(269824K)] 676765K->494976K(885760K), 0.0614830 secs] [Times: user=0.49 sys=0.01, real=0.06 secs] 
115.899: Total time for which application threads were stopped: 0.0616620 seconds, Stopping threads took: 0.0000820 seconds
116.017: Application time: 0.1182190 seconds
116.017: [GC [PSYoungGen: 269804K->38395K(269824K)] 726400K->521006K(885760K), 0.0572010 secs] [Times: user=0.45 sys=0.00, real=0.06 secs] 
116.075: Total time for which application threads were stopped: 0.0573800 seconds, Stopping threads took: 0.0000840 seconds
116.156: Application time: 0.0816900 seconds
116.156: [GC [PSYoungGen: 269819K->38379K(269824K)] 752430K->579380K(885760K), 0.0627060 secs] [Times: user=0.50 sys=0.00, real=0.06 secs] 
116.219: Total time for which application threads were stopped: 0.0628790 seconds, Stopping threads took: 0.0000870 seconds
116.323: Application time: 0.1038560 seconds
116.323: [GC [PSYoungGen: 269803K->38395K(269824K)] 810804K->625634K(885760K), 0.0643400 secs] [Times: user=0.51 sys=0.00, real=0.06 secs] 
116.388: [Full GC [PSYoungGen: 38395K->0K(269824K)] [ParOldGen: 587238K->133664K(615936K)] 625634K->133664K(885760K) [PSPermGen: 9125K->9125K(21504K)], 0.1623290 secs] [Times: user=1.20 sys=0.00, real=0.16 secs] 
116.550: Total time for which application threads were stopped: 0.2269280 seconds, Stopping threads took: 0.0001040 seconds
116.640: Application time: 0.0905040 seconds
116.641: [GC [PSYoungGen: 231424K->38396K(269824K)] 365088K->183774K(885760K), 0.0268900 secs] [Times: user=0.21 sys=0.00, real=0.03 secs] 
116.668: Total time for which application threads were stopped: 0.0270760 seconds, Stopping threads took: 0.0000880 seconds
116.787: Application time: 0.1189780 seconds
116.787: [GC [PSYoungGen: 269820K->38368K(269824K)] 415198K->202065K(885760K), 0.0349420 secs] [Times: user=0.28 sys=0.00, real=0.04 secs] 
116.822: Total time for which application threads were stopped: 0.0351110 seconds, Stopping threads took: 0.0000850 seconds
116.904: Application time: 0.0822650 seconds
116.904: [GC [PSYoungGen: 269792K->38368K(269824K)] 433489K->254273K(885760K), 0.0497070 secs] [Times: user=0.39 sys=0.00, real=0.05 secs] 
116.954: Total time for which application threads were stopped: 0.0498890 seconds, Stopping threads took: 0.0000960 seconds
117.055: Application time: 0.1011210 seconds
117.055: [GC [PSYoungGen: 269792K->38384K(269824K)] 485697K->296269K(885760K), 0.0527120 secs] [Times: user=0.42 sys=0.00, real=0.05 secs] 
117.108: Total time for which application threads were stopped: 0.0528680 seconds, Stopping threads took: 0.0000710 seconds
117.198: Application time: 0.0900620 seconds
117.198: [GC [PSYoungGen: 269808K->38368K(269824K)] 527693K->345835K(885760K), 0.0547410 secs] [Times: user=0.43 sys=0.00, real=0.05 secs] 
117.253: Total time for which application threads were stopped: 0.0549040 seconds, Stopping threads took: 0.0000640 seconds
117.371: Application time: 0.1180240 seconds
117.373: [GC [PSYoungGen: 269792K->38384K(269824K)] 577259K->374742K(885760K), 0.0522160 secs] [Times: user=0.41 sys=0.01, real=0.05 secs] 
117.425: Total time for which application threads were stopped: 0.0543960 seconds, Stopping threads took: 0.0020960 seconds
117.509: Application time: 0.0836830 seconds
117.509: [GC [PSYoungGen: 269808K->38368K(269824K)] 606166K->432321K(885760K), 0.0579360 secs] [Times: user=0.46 sys=0.00, real=0.06 secs] 
117.567: Total time for which application threads were stopped: 0.0581370 seconds, Stopping threads took: 0.0001090 seconds
117.672: Application time: 0.1049810 seconds
117.672: [GC [PSYoungGen: 269792K->38384K(269824K)] 663745K->474414K(885760K), 0.0562300 secs] [Times: user=0.45 sys=0.00, real=0.06 secs] 
117.728: Total time for which application threads were stopped: 0.0564040 seconds, Stopping threads took: 0.0000880 seconds
117.819: Application time: 0.0909400 seconds
117.820: [GC [PSYoungGen: 269808K->38384K(269824K)] 705838K->525229K(885760K), 0.0561890 secs] [Times: user=0.45 sys=0.00, real=0.06 secs] 
117.876: Total time for which application threads were stopped: 0.0563760 seconds, Stopping threads took: 0.0000910 seconds
117.991: Application time: 0.1151810 seconds
117.991: [GC [PSYoungGen: 269808K->38368K(269824K)] 756653K->555893K(885760K), 0.0537930 secs] [Times: user=0.42 sys=0.01, real=0.06 secs] 
118.045: Total time for which application threads were stopped: 0.0539570 seconds, Stopping threads took: 0.0000780 seconds
118.127: Application time: 0.0817400 seconds
118.127: [GC [PSYoungGen: 269792K->38384K(269824K)] 787317K->614791K(885760K), 0.0580240 secs] [Times: user=0.46 sys=0.00, real=0.06 secs] 
118.185: [Full GC [PSYoungGen: 38384K->0K(269824K)] [ParOldGen: 576406K->139112K(615936K)] 614791K->139112K(885760K) [PSPermGen: 9125K->9125K(21504K)], 0.1640410 secs] [Times: user=1.22 sys=0.00, real=0.16 secs] 
118.349: Total time for which application threads were stopped: 0.2223040 seconds, Stopping threads took: 0.0000910 seconds
118.458: Application time: 0.1087320 seconds
118.461: [GC [PSYoungGen: 231424K->38393K(269824K)] 370536K->178778K(885760K), 0.0270550 secs] [Times: user=0.21 sys=0.00, real=0.02 secs] 
118.488: Total time for which application threads were stopped: 0.0303720 seconds, Stopping threads took: 0.0032220 seconds
118.581: Application time: 0.0934100 seconds
118.585: [GC [PSYoungGen: 269817K->38384K(269824K)] 410202K->224408K(885760K), 0.0453400 secs] [Times: user=0.36 sys=0.00, real=0.04 secs] 
118.630: Total time for which application threads were stopped: 0.0488560 seconds, Stopping threads took: 0.0034290 seconds
118.741: Application time: 0.1110470 seconds
118.741: [GC [PSYoungGen: 269808K->38384K(269824K)] 455832K->254915K(885760K), 0.0477340 secs] [Times: user=0.38 sys=0.00, real=0.04 secs] 
118.789: Total time for which application threads were stopped: 0.0478880 seconds, Stopping threads took: 0.0000700 seconds
118.872: Application time: 0.0829250 seconds
118.872: [GC [PSYoungGen: 269808K->38384K(269824K)] 486339K->312785K(885760K), 0.0561510 secs] [Times: user=0.42 sys=0.00, real=0.06 secs] 
118.929: Total time for which application threads were stopped: 0.0563230 seconds, Stopping threads took: 0.0000880 seconds
119.034: Application time: 0.1054810 seconds
119.034: [GC [PSYoungGen: 269808K->38368K(269824K)] 544209K->353157K(885760K), 0.0551200 secs] [Times: user=0.43 sys=0.00, real=0.05 secs] 
119.089: Total time for which application threads were stopped: 0.0552950 seconds, Stopping threads took: 0.0000840 seconds
119.186: Application time: 0.0965370 seconds
119.186: [GC [PSYoungGen: 269446K->38384K(269824K)] 584235K->399042K(885760K), 0.0551180 secs] [Times: user=0.44 sys=0.00, real=0.06 secs] 
119.241: Total time for which application threads were stopped: 0.0553090 seconds, Stopping threads took: 0.0001040 seconds
119.349: Application time: 0.1082110 seconds
119.349: [GC [PSYoungGen: 269808K->38368K(269824K)] 630466K->435398K(885760K), 0.0543370 secs] [Times: user=0.43 sys=0.00, real=0.06 secs] 
119.404: Total time for which application threads were stopped: 0.0545040 seconds, Stopping threads took: 0.0000830 seconds
119.491: Application time: 0.0870140 seconds
119.491: [GC [PSYoungGen: 269733K->38368K(269824K)] 666764K->491864K(885760K), 0.0586090 secs] [Times: user=0.46 sys=0.00, real=0.06 secs] 
119.550: Total time for which application threads were stopped: 0.0587900 seconds, Stopping threads took: 0.0000950 seconds
119.655: Application time: 0.1049340 seconds
119.655: [GC [PSYoungGen: 269792K->38384K(269824K)] 723288K->534664K(885760K), 0.0566740 secs] [Times: user=0.45 sys=0.00, real=0.05 secs] 
119.711: Total time for which application threads were stopped: 0.0568690 seconds, Stopping threads took: 0.0000960 seconds
119.811: Application time: 0.0993760 seconds
119.813: [GC [PSYoungGen: 269808K->38384K(269824K)] 766088K->579959K(885760K), 0.0551270 secs] [Times: user=0.44 sys=0.00, real=0.05 secs] 
119.868: Total time for which application threads were stopped: 0.0573610 seconds, Stopping threads took: 0.0021280 seconds
119.972: Application time: 0.1038130 seconds
119.972: [GC [PSYoungGen: 269808K->38384K(269824K)] 811383K->619298K(885760K), 0.0539390 secs] [Times: user=0.43 sys=0.00, real=0.06 secs] 
120.026: [Full GC [PSYoungGen: 38384K->0K(269824K)] [ParOldGen: 580914K->119197K(615936K)] 619298K->119197K(885760K) [PSPermGen: 9125K->9125K(21504K)], 0.1386030 secs] [Times: user=1.01 sys=0.00, real=0.14 secs] 
120.165: Total time for which application threads were stopped: 0.1927950 seconds, Stopping threads took: 0.0001090 seconds
120.256: Application time: 0.0912660 seconds
120.256: [GC [PSYoungGen: 231424K->38378K(269824K)] 350621K->174929K(885760K), 0.0298750 secs] [Times: user=0.23 sys=0.00, real=0.03 secs] 
120.286: Total time for which application threads were stopped: 0.0300690 seconds, Stopping threads took: 0.0000950 seconds
120.391: Application time: 0.1053370 seconds
120.393: [GC [PSYoungGen: 269802K->38384K(269824K)] 406353K->206886K(885760K), 0.0394630 secs] [Times: user=0.31 sys=0.00, real=0.03 secs] 
120.432: Total time for which application threads were stopped: 0.0409490 seconds, Stopping threads took: 0.0013980 seconds
120.528: Application time: 0.0951030 seconds
120.528: [GC [PSYoungGen: 269808K->38368K(269824K)] 438310K->247881K(885760K), 0.0469790 secs] [Times: user=0.37 sys=0.00, real=0.05 secs] 
120.575: Total time for which application threads were stopped: 0.0471560 seconds, Stopping threads took: 0.0000910 seconds
120.677: Application time: 0.1026910 seconds
120.678: [GC [PSYoungGen: 269792K->38394K(269824K)] 479305K->280305K(885760K), 0.0470860 secs] [Times: user=0.37 sys=0.00, real=0.05 secs] 
120.725: Total time for which application threads were stopped: 0.0472800 seconds, Stopping threads took: 0.0001060 seconds
120.817: Application time: 0.0923300 seconds
120.817: [GC [PSYoungGen: 269818K->38384K(269824K)] 511729K->334347K(885760K), 0.0579010 secs] [Times: user=0.45 sys=0.00, real=0.06 secs] 
120.875: Total time for which application threads were stopped: 0.0580760 seconds, Stopping threads took: 0.0000760 seconds
120.979: Application time: 0.1040520 seconds
120.979: [GC [PSYoungGen: 269808K->38368K(269824K)] 565771K->372025K(885760K), 0.0519630 secs] [Times: user=0.41 sys=0.00, real=0.05 secs] 
121.031: Total time for which application threads were stopped: 0.0521430 seconds, Stopping threads took: 0.0000960 seconds
121.126: Application time: 0.0950070 seconds
121.129: [GC [PSYoungGen: 269792K->38384K(269824K)] 603449K->417305K(885760K), 0.0542770 secs] [Times: user=0.43 sys=0.00, real=0.06 secs] 
121.183: Total time for which application threads were stopped: 0.0569490 seconds, Stopping threads took: 0.0025830 seconds
121.286: Application time: 0.1028820 seconds
121.286: [GC [PSYoungGen: 269808K->38384K(269824K)] 648729K->461257K(885760K), 0.0568460 secs] [Times: user=0.45 sys=0.00, real=0.06 secs] 
121.343: Total time for which application threads were stopped: 0.0570240 seconds, Stopping threads took: 0.0000900 seconds
121.434: Application time: 0.0906030 seconds
121.434: [GC [PSYoungGen: 269808K->38368K(269824K)] 692681K->515225K(885760K), 0.0580990 secs] [Times: user=0.46 sys=0.00, real=0.05 secs] 
121.492: Total time for which application threads were stopped: 0.0582980 seconds, Stopping threads took: 0.0000980 seconds
121.595: Application time: 0.1030900 seconds
121.595: [GC [PSYoungGen: 269792K->38368K(269824K)] 746649K->555175K(885760K), 0.0537210 secs] [Times: user=0.43 sys=0.00, real=0.05 secs] 
121.649: Total time for which application threads were stopped: 0.0538960 seconds, Stopping threads took: 0.0000910 seconds
121.748: Application time: 0.0993920 seconds
121.749: [GC [PSYoungGen: 269792K->38384K(269824K)] 786599K->598079K(885760K), 0.0544800 secs] [Times: user=0.43 sys=0.00, real=0.06 secs] 
121.803: [Full GC [PSYoungGen: 38384K->0K(269824K)] [ParOldGen: 559694K->131824K(615936K)] 598079K->131824K(885760K) [PSPermGen: 9125K->9125K(21504K)], 0.1584540 secs] [Times: user=1.16 sys=0.01, real=0.16 secs] 
121.962: Total time for which application threads were stopped: 0.2131680 seconds, Stopping threads took: 0.0000820 seconds
122.062: Application time: 0.1002420 seconds
122.062: [GC [PSYoungGen: 231424K->38383K(269824K)] 363248K->176567K(885760K), 0.0268220 secs] [Times: user=0.21 sys=0.00, real=0.02 secs] 
122.089: Total time for which application threads were stopped: 0.0270370 seconds, Stopping threads took: 0.0001100 seconds
122.179: Application time: 0.0900630 seconds
122.179: [GC [PSYoungGen: 269807K->38374K(269824K)] 407991K->225479K(885760K), 0.0467690 secs] [Times: user=0.37 sys=0.00, real=0.05 secs] 
122.226: Total time for which application threads were stopped: 0.0469460 seconds, Stopping threads took: 0.0000890 seconds
122.331: Application time: 0.1052960 seconds
122.331: [GC [PSYoungGen: 269798K->38390K(269824K)] 456903K->261104K(885760K), 0.0467540 secs] [Times: user=0.36 sys=0.00, real=0.05 secs] 
122.378: Total time for which application threads were stopped: 0.0469420 seconds, Stopping threads took: 0.0000810 seconds
122.479: Application time: 0.1005250 seconds
122.479: [GC [PSYoungGen: 269814K->38390K(269824K)] 492528K->301796K(885760K), 0.0502370 secs] [Times: user=0.40 sys=0.00, real=0.05 secs] 
122.529: Total time for which application threads were stopped: 0.0504250 seconds, Stopping threads took: 0.0000990 seconds
122.634: Application time: 0.1046630 seconds
122.634: [GC [PSYoungGen: 269814K->38390K(269824K)] 533220K->340703K(885760K), 0.0515610 secs] [Times: user=0.41 sys=0.00, real=0.05 secs] 
122.686: Total time for which application threads were stopped: 0.0517370 seconds, Stopping threads took: 0.0000760 seconds
122.773: Application time: 0.0876140 seconds
122.773: [GC [PSYoungGen: 269814K->38390K(269824K)] 572127K->400176K(885760K), 0.0589800 secs] [Times: user=0.46 sys=0.00, real=0.05 secs] 
122.832: Total time for which application threads were stopped: 0.0591510 seconds, Stopping threads took: 0.0000870 seconds
122.935: Application time: 0.1031910 seconds
122.937: [GC [PSYoungGen: 269814K->38374K(269824K)] 631600K->436220K(885760K), 0.0501670 secs] [Times: user=0.40 sys=0.00, real=0.05 secs] 
122.987: Total time for which application threads were stopped: 0.0516640 seconds, Stopping threads took: 0.0014090 seconds
123.087: Application time: 0.0995190 seconds
123.089: [GC [PSYoungGen: 269798K->38374K(269824K)] 667644K->481492K(885760K), 0.0549100 secs] [Times: user=0.44 sys=0.00, real=0.06 secs] 
123.144: Total time for which application threads were stopped: 0.0572100 seconds, Stopping threads took: 0.0022150 seconds
123.246: Application time: 0.1021010 seconds
123.246: [GC [PSYoungGen: 269798K->38374K(269824K)] 712916K->521637K(885760K), 0.0521820 secs] [Times: user=0.41 sys=0.00, real=0.05 secs] 
123.298: Total time for which application threads were stopped: 0.0523890 seconds, Stopping threads took: 0.0001060 seconds
123.386: Application time: 0.0874970 seconds
123.386: [GC [PSYoungGen: 269798K->38390K(269824K)] 753061K->583900K(885760K), 0.0613050 secs] [Times: user=0.49 sys=0.00, real=0.06 secs] 
123.447: Total time for which application threads were stopped: 0.0614950 seconds, Stopping threads took: 0.0001030 seconds
123.553: Application time: 0.1051640 seconds
123.556: [GC [PSYoungGen: 269814K->38374K(269824K)] 815324K->616642K(885760K), 0.0505980 secs] [Times: user=0.40 sys=0.00, real=0.05 secs] 
123.607: [Full GC [PSYoungGen: 38374K->0K(269824K)] [ParOldGen: 578267K->129215K(615936K)] 616642K->129215K(885760K) [PSPermGen: 9125K->9125K(21504K)], 0.1533770 secs] [Times: user=1.12 sys=0.00, real=0.15 secs] 
123.760: Total time for which application threads were stopped: 0.2077790 seconds, Stopping threads took: 0.0036610 seconds
123.863: Application time: 0.1028670 seconds
123.863: [GC [PSYoungGen: 231424K->38394K(269824K)] 360639K->175942K(885760K), 0.0292200 secs] [Times: user=0.23 sys=0.00, real=0.02 secs] 
123.893: Total time for which application threads were stopped: 0.0294260 seconds, Stopping threads took: 0.0001050 seconds
123.996: Application time: 0.1031040 seconds
123.996: [GC [PSYoungGen: 269758K->38368K(269824K)] 407306K->211687K(885760K), 0.0412140 secs] [Times: user=0.33 sys=0.00, real=0.04 secs] 
124.037: Total time for which application threads were stopped: 0.0414040 seconds, Stopping threads took: 0.0001030 seconds
124.125: Application time: 0.0877570 seconds
124.125: [GC [PSYoungGen: 269792K->38368K(269824K)] 443111K->271355K(885760K), 0.0558920 secs] [Times: user=0.44 sys=0.00, real=0.06 secs] 
124.181: Total time for which application threads were stopped: 0.0560560 seconds, Stopping threads took: 0.0000800 seconds
124.291: Application time: 0.1095870 seconds
124.291: [GC [PSYoungGen: 269792K->38384K(269824K)] 502779K->297963K(885760K), 0.0449040 secs] [Times: user=0.35 sys=0.00, real=0.05 secs] 
124.336: Total time for which application threads were stopped: 0.0450820 seconds, Stopping threads took: 0.0000880 seconds
124.436: Application time: 0.1002060 seconds
124.436: [GC [PSYoungGen: 269808K->38368K(269824K)] 529387K->345541K(885760K), 0.0553360 secs] [Times: user=0.44 sys=0.00, real=0.05 secs] 
124.491: Total time for which application threads were stopped: 0.0555120 seconds, Stopping threads took: 0.0000790 seconds
124.591: Application time: 0.0991840 seconds
124.591: [GC [PSYoungGen: 269792K->38368K(269824K)] 576965K->387517K(885760K), 0.0523720 secs] [Times: user=0.42 sys=0.00, real=0.06 secs] 
124.643: Total time for which application threads were stopped: 0.0525470 seconds, Stopping threads took: 0.0000890 seconds
124.729: Application time: 0.0861250 seconds
124.729: [GC [PSYoungGen: 269792K->38368K(269824K)] 618941K->447465K(885760K), 0.0589270 secs] [Times: user=0.46 sys=0.00, real=0.06 secs] 
124.788: Total time for which application threads were stopped: 0.0590880 seconds, Stopping threads took: 0.0000760 seconds
124.898: Application time: 0.1093990 seconds
124.898: [GC [PSYoungGen: 269635K->38384K(269824K)] 678733K->479113K(885760K), 0.0498930 secs] [Times: user=0.39 sys=0.00, real=0.05 secs] 
124.948: Total time for which application threads were stopped: 0.0500600 seconds, Stopping threads took: 0.0000790 seconds
125.045: Application time: 0.0975280 seconds
125.045: [GC [PSYoungGen: 269808K->38368K(269824K)] 710537K->529293K(885760K), 0.0570230 secs] [Times: user=0.44 sys=0.00, real=0.06 secs] 
125.103: Total time for which application threads were stopped: 0.0571930 seconds, Stopping threads took: 0.0000710 seconds
125.204: Application time: 0.1013050 seconds
125.204: [GC [PSYoungGen: 269697K->38368K(269824K)] 760622K->569380K(885760K), 0.0522810 secs] [Times: user=0.41 sys=0.00, real=0.05 secs] 
125.256: Total time for which application threads were stopped: 0.0524660 seconds, Stopping threads took: 0.0000990 seconds
125.341: Application time: 0.0842720 seconds
125.341: [GC [PSYoungGen: 269792K->38368K(269824K)] 800804K->629176K(885760K), 0.0597420 secs] [Times: user=0.48 sys=0.00, real=0.05 secs] 
125.401: [Full GC [PSYoungGen: 38368K->0K(269824K)] [ParOldGen: 590807K->150212K(615936K)] 629176K->150212K(885760K) [PSPermGen: 9125K->9125K(21504K)], 0.1872170 secs] [Times: user=1.39 sys=0.00, real=0.19 secs] 
125.588: Total time for which application threads were stopped: 0.2474400 seconds, Stopping threads took: 0.0003280 seconds
125.701: Application time: 0.1129630 seconds
125.701: [GC [PSYoungGen: 231424K->32586K(269824K)] 381636K->182799K(885760K), 0.0231280 secs] [Times: user=0.18 sys=0.00, real=0.02 secs] 
125.724: Total time for which application threads were stopped: 0.0233130 seconds, Stopping threads took: 0.0000880 seconds
125.819: Application time: 0.0951330 seconds
125.820: [GC [PSYoungGen: 264010K->38369K(269824K)] 414223K->228657K(885760K), 0.0444140 secs] [Times: user=0.35 sys=0.00, real=0.05 secs] 
125.864: Total time for which application threads were stopped: 0.0446220 seconds, Stopping threads took: 0.0001220 seconds
125.968: Application time: 0.1038350 seconds
125.968: [GC [PSYoungGen: 269793K->38384K(269824K)] 460081K->263706K(885760K), 0.0476900 secs] [Times: user=0.37 sys=0.00, real=0.05 secs] 
126.016: Total time for which application threads were stopped: 0.0478480 seconds, Stopping threads took: 0.0000770 seconds
126.099: Application time: 0.0829430 seconds
126.099: [GC [PSYoungGen: 269808K->38384K(269824K)] 495130K->322248K(885760K), 0.0605970 secs] [Times: user=0.47 sys=0.00, real=0.06 secs] 
126.159: Total time for which application threads were stopped: 0.0607660 seconds, Stopping threads took: 0.0000840 seconds
126.269: Application time: 0.1094850 seconds
126.269: [GC [PSYoungGen: 269808K->38384K(269824K)] 553672K->356177K(885760K), 0.0549980 secs] [Times: user=0.44 sys=0.00, real=0.06 secs] 
126.324: Total time for which application threads were stopped: 0.0552140 seconds, Stopping threads took: 0.0001180 seconds
126.417: Application time: 0.0928990 seconds
126.417: [GC [PSYoungGen: 269808K->38368K(269824K)] 587601K->406397K(885760K), 0.0628510 secs] [Times: user=0.50 sys=0.00, real=0.06 secs] 
126.480: Total time for which application threads were stopped: 0.0630140 seconds, Stopping threads took: 0.0000770 seconds
126.586: Application time: 0.1063440 seconds
126.587: [GC [PSYoungGen: 269792K->38384K(269824K)] 637821K->444731K(885760K), 0.0602790 secs] [Times: user=0.48 sys=0.00, real=0.06 secs] 
126.647: Total time for which application threads were stopped: 0.0604520 seconds, Stopping threads took: 0.0000870 seconds
126.729: Application time: 0.0825260 seconds
126.730: [GC [PSYoungGen: 269808K->38368K(269824K)] 676155K->501419K(885760K), 0.0662490 secs] [Times: user=0.52 sys=0.00, real=0.07 secs] 
126.796: Total time for which application threads were stopped: 0.0664140 seconds, Stopping threads took: 0.0000840 seconds
126.908: Application time: 0.1119920 seconds
126.909: [GC [PSYoungGen: 269792K->38384K(269824K)] 732843K->537036K(885760K), 0.0625050 secs] [Times: user=0.50 sys=0.00, real=0.06 secs] 
126.972: Total time for which application threads were stopped: 0.0637150 seconds, Stopping threads took: 0.0011070 seconds
127.066: Application time: 0.0947890 seconds
127.066: [GC [PSYoungGen: 269808K->38384K(269824K)] 768460K->587381K(885760K), 0.0662470 secs] [Times: user=0.52 sys=0.00, real=0.06 secs] 
127.133: [Full GC [PSYoungGen: 38384K->0K(269824K)] [ParOldGen: 548997K->133906K(615936K)] 587381K->133906K(885760K) [PSPermGen: 9125K->9125K(21504K)], 0.1599120 secs] [Times: user=1.18 sys=0.00, real=0.16 secs] 
127.293: Total time for which application threads were stopped: 0.2263960 seconds, Stopping threads took: 0.0000850 seconds
127.398: Application time: 0.1057730 seconds
127.399: [GC [PSYoungGen: 231424K->38368K(269824K)] 365330K->172922K(885760K), 0.0252580 secs] [Times: user=0.19 sys=0.00, real=0.03 secs] 
127.424: Total time for which application threads were stopped: 0.0254280 seconds, Stopping threads took: 0.0000860 seconds
127.505: Application time: 0.0811580 seconds
127.505: [GC [PSYoungGen: 269792K->38368K(269824K)] 404346K->227330K(885760K), 0.0475200 secs] [Times: user=0.38 sys=0.01, real=0.04 secs] 
127.553: Total time for which application threads were stopped: 0.0477090 seconds, Stopping threads took: 0.0000850 seconds
127.665: Application time: 0.1122110 seconds
127.665: [GC [PSYoungGen: 269792K->38368K(269824K)] 458754K->257255K(885760K), 0.0445440 secs] [Times: user=0.35 sys=0.00, real=0.04 secs] 
127.710: Total time for which application threads were stopped: 0.0447060 seconds, Stopping threads took: 0.0000770 seconds
127.807: Application time: 0.0974460 seconds
127.807: [GC [PSYoungGen: 269792K->38384K(269824K)] 488679K->301904K(885760K), 0.0516010 secs] [Times: user=0.41 sys=0.00, real=0.05 secs] 
127.859: Total time for which application threads were stopped: 0.0517780 seconds, Stopping threads took: 0.0000920 seconds
127.966: Application time: 0.1067240 seconds
127.966: [GC [PSYoungGen: 269808K->38368K(269824K)] 533328K->336779K(885760K), 0.0510040 secs] [Times: user=0.40 sys=0.00, real=0.05 secs] 
128.017: Total time for which application threads were stopped: 0.0511670 seconds, Stopping threads took: 0.0000800 seconds
128.096: Application time: 0.0789650 seconds
128.097: [GC [PSYoungGen: 269792K->38384K(269824K)] 568203K->401861K(885760K), 0.0604110 secs] [Times: user=0.48 sys=0.00, real=0.06 secs] 
128.157: Total time for which application threads were stopped: 0.0616440 seconds, Stopping threads took: 0.0011310 seconds
128.272: Application time: 0.1148900 seconds
128.272: [GC [PSYoungGen: 269757K->38384K(269824K)] 633234K->432386K(885760K), 0.0515490 secs] [Times: user=0.40 sys=0.00, real=0.06 secs] 
128.324: Total time for which application threads were stopped: 0.0517650 seconds, Stopping threads took: 0.0001040 seconds
128.421: Application time: 0.0965960 seconds
128.421: [GC [PSYoungGen: 269808K->38368K(269824K)] 663810K->479871K(885760K), 0.0565690 secs] [Times: user=0.45 sys=0.00, real=0.06 secs] 
128.477: Total time for which application threads were stopped: 0.0567550 seconds, Stopping threads took: 0.0000940 seconds
128.581: Application time: 0.1039920 seconds
128.582: [GC [PSYoungGen: 269792K->38368K(269824K)] 711295K->520759K(885760K), 0.0541370 secs] [Times: user=0.42 sys=0.00, real=0.05 secs] 
128.636: Total time for which application threads were stopped: 0.0542800 seconds, Stopping threads took: 0.0000590 seconds
128.715: Application time: 0.0791540 seconds
128.715: [GC [PSYoungGen: 269792K->38384K(269824K)] 752183K->584248K(885760K), 0.0609850 secs] [Times: user=0.48 sys=0.00, real=0.06 secs] 
128.776: [Full GC [PSYoungGen: 38384K->0K(269824K)] [ParOldGen: 545864K->152630K(615936K)] 584248K->152630K(885760K) [PSPermGen: 9125K->9125K(21504K)], 0.1907140 secs] [Times: user=1.41 sys=0.01, real=0.19 secs] 
128.967: Total time for which application threads were stopped: 0.2519680 seconds, Stopping threads took: 0.0001050 seconds
129.083: Application time: 0.1160410 seconds
129.083: [GC [PSYoungGen: 231424K->30667K(269824K)] 384054K->183297K(885760K), 0.0235050 secs] [Times: user=0.18 sys=0.00, real=0.02 secs] 
129.107: Total time for which application threads were stopped: 0.0236890 seconds, Stopping threads took: 0.0000950 seconds
129.205: Application time: 0.0980970 seconds
129.205: [GC [PSYoungGen: 262091K->38368K(269824K)] 414721K->224086K(885760K), 0.0421700 secs] [Times: user=0.32 sys=0.00, real=0.04 secs] 
129.247: Total time for which application threads were stopped: 0.0423450 seconds, Stopping threads took: 0.0000870 seconds
129.345: Application time: 0.0982460 seconds
129.345: [GC [PSYoungGen: 269792K->38384K(269824K)] 455510K->262672K(885760K), 0.0480010 secs] [Times: user=0.39 sys=0.00, real=0.05 secs] 
129.393: Total time for which application threads were stopped: 0.0481820 seconds, Stopping threads took: 0.0000840 seconds
129.472: Application time: 0.0784550 seconds
129.472: [GC [PSYoungGen: 269808K->38368K(269824K)] 494096K->328352K(885760K), 0.0615340 secs] [Times: user=0.49 sys=0.00, real=0.07 secs] 
129.534: Total time for which application threads were stopped: 0.0616900 seconds, Stopping threads took: 0.0000710 seconds
129.648: Application time: 0.1146020 seconds
129.648: [GC [PSYoungGen: 269792K->38384K(269824K)] 559776K->355760K(885760K), 0.0505150 secs] [Times: user=0.40 sys=0.00, real=0.05 secs] 
129.699: Total time for which application threads were stopped: 0.0506810 seconds, Stopping threads took: 0.0000830 seconds
129.794: Application time: 0.0951630 seconds
129.794: [GC [PSYoungGen: 269808K->38384K(269824K)] 587184K->402394K(885760K), 0.0572410 secs] [Times: user=0.46 sys=0.00, real=0.05 secs] 
129.851: Total time for which application threads were stopped: 0.0573940 seconds, Stopping threads took: 0.0000650 seconds
129.949: Application time: 0.0979380 seconds
129.950: [GC [PSYoungGen: 269808K->38384K(269824K)] 633818K->445447K(885760K), 0.0574680 secs] [Times: user=0.45 sys=0.00, real=0.06 secs] 
130.007: Total time for which application threads were stopped: 0.0576270 seconds, Stopping threads took: 0.0000600 seconds
130.086: Application time: 0.0786820 seconds
130.086: [GC [PSYoungGen: 269808K->38384K(269824K)] 676871K->509807K(885760K), 0.0643540 secs] [Times: user=0.51 sys=0.00, real=0.06 secs] 
130.150: Total time for which application threads were stopped: 0.0645080 seconds, Stopping threads took: 0.0000690 seconds
130.272: Application time: 0.1215440 seconds
130.272: [GC [PSYoungGen: 269808K->38384K(269824K)] 741231K->536380K(885760K), 0.0541140 secs] [Times: user=0.43 sys=0.00, real=0.06 secs] 
130.326: Total time for which application threads were stopped: 0.0542760 seconds, Stopping threads took: 0.0000800 seconds
130.418: Application time: 0.0918920 seconds
130.418: [GC [PSYoungGen: 269808K->38384K(269824K)] 767804K->585569K(885760K), 0.0595390 secs] [Times: user=0.46 sys=0.00, real=0.06 secs] 
130.478: [Full GC [PSYoungGen: 38384K->0K(269824K)] [ParOldGen: 547185K->134120K(615936K)] 585569K->134120K(885760K) [PSPermGen: 9125K->9125K(21504K)], 0.1612200 secs] [Times: user=1.20 sys=0.00, real=0.16 secs] 
130.639: Total time for which application threads were stopped: 0.2209840 seconds, Stopping threads took: 0.0000750 seconds
130.739: Application time: 0.0998490 seconds
130.739: [GC [PSYoungGen: 231424K->38381K(269824K)] 365544K->174162K(885760K), 0.0241870 secs] [Times: user=0.19 sys=0.00, real=0.03 secs] 
130.763: Total time for which application threads were stopped: 0.0243620 seconds, Stopping threads took: 0.0000810 seconds
130.853: Application time: 0.0896040 seconds
130.857: [GC [PSYoungGen: 269805K->38368K(269824K)] 405586K->231316K(885760K), 0.0486620 secs] [Times: user=0.39 sys=0.00, real=0.05 secs] 
130.906: Total time for which application threads were stopped: 0.0529130 seconds, Stopping threads took: 0.0041610 seconds
131.019: Application time: 0.1130050 seconds
131.019: [GC [PSYoungGen: 269792K->38384K(269824K)] 462740K->253903K(885760K), 0.0433160 secs] [Times: user=0.34 sys=0.00, real=0.05 secs] 
131.062: Total time for which application threads were stopped: 0.0435080 seconds, Stopping threads took: 0.0001070 seconds
131.156: Application time: 0.0938670 seconds
131.156: [GC [PSYoungGen: 269808K->38384K(269824K)] 485327K->299531K(885760K), 0.0535810 secs] [Times: user=0.42 sys=0.00, real=0.05 secs] 
131.210: Total time for which application threads were stopped: 0.0537450 seconds, Stopping threads took: 0.0000750 seconds
131.310: Application time: 0.0998640 seconds
131.310: [GC [PSYoungGen: 269808K->38384K(269824K)] 530955K->337315K(885760K), 0.0547190 secs] [Times: user=0.43 sys=0.00, real=0.06 secs] 
131.365: Total time for which application threads were stopped: 0.0549040 seconds, Stopping threads took: 0.0000840 seconds
131.455: Application time: 0.0902250 seconds
131.455: [GC [PSYoungGen: 269808K->38384K(269824K)] 568739K->398190K(885760K), 0.0664770 secs] [Times: user=0.52 sys=0.00, real=0.07 secs] 
131.521: Total time for which application threads were stopped: 0.0666700 seconds, Stopping threads took: 0.0001040 seconds
131.632: Application time: 0.1102180 seconds
131.632: [GC [PSYoungGen: 269808K->38368K(269824K)] 629614K->431126K(885760K), 0.0566360 secs] [Times: user=0.45 sys=0.00, real=0.06 secs] 
131.689: Total time for which application threads were stopped: 0.0568210 seconds, Stopping threads took: 0.0001000 seconds
131.782: Application time: 0.0935950 seconds
131.782: [GC [PSYoungGen: 269792K->38384K(269824K)] 662550K->479511K(885760K), 0.0607370 secs] [Times: user=0.47 sys=0.00, real=0.06 secs] 
131.843: Total time for which application threads were stopped: 0.0609160 seconds, Stopping threads took: 0.0000930 seconds
131.942: Application time: 0.0994310 seconds
131.943: [GC [PSYoungGen: 269808K->38384K(269824K)] 710935K->519282K(885760K), 0.0583030 secs] [Times: user=0.46 sys=0.00, real=0.06 secs] 
132.001: Total time for which application threads were stopped: 0.0585020 seconds, Stopping threads took: 0.0000960 seconds
132.090: Application time: 0.0889020 seconds
132.090: [GC [PSYoungGen: 269808K->38368K(269824K)] 750706K->579717K(885760K), 0.0687690 secs] [Times: user=0.55 sys=0.00, real=0.07 secs] 
132.159: [Full GC [PSYoungGen: 38368K->0K(269824K)] [ParOldGen: 541348K->142932K(615936K)] 579717K->142932K(885760K) [PSPermGen: 9126K->9126K(21504K)], 0.1763320 secs] [Times: user=1.31 sys=0.00, real=0.18 secs] 
132.335: Total time for which application threads were stopped: 0.2453350 seconds, Stopping threads took: 0.0000830 seconds
132.446: Application time: 0.1104150 seconds
132.446: [GC [PSYoungGen: 231424K->33546K(269824K)] 374356K->176479K(885760K), 0.0231980 secs] [Times: user=0.19 sys=0.00, real=0.02 secs] 
132.469: Total time for which application threads were stopped: 0.0233960 seconds, Stopping threads took: 0.0000980 seconds
132.567: Application time: 0.0979030 seconds
132.567: [GC [PSYoungGen: 264970K->38390K(269824K)] 407903K->217767K(885760K), 0.0420460 secs] [Times: user=0.33 sys=0.00, real=0.04 secs] 
132.609: Total time for which application threads were stopped: 0.0422420 seconds, Stopping threads took: 0.0001060 seconds
132.708: Application time: 0.0988300 seconds
132.708: [GC [PSYoungGen: 269680K->38384K(269824K)] 449057K->253374K(885760K), 0.0456910 secs] [Times: user=0.36 sys=0.00, real=0.05 secs] 
132.754: Total time for which application threads were stopped: 0.0458690 seconds, Stopping threads took: 0.0000890 seconds
132.843: Application time: 0.0894560 seconds
132.843: [GC [PSYoungGen: 269808K->38368K(269824K)] 484798K->307372K(885760K), 0.0589960 secs] [Times: user=0.46 sys=0.00, real=0.06 secs] 
132.903: Total time for which application threads were stopped: 0.0591820 seconds, Stopping threads took: 0.0000980 seconds
133.015: Application time: 0.1126750 seconds
133.015: [GC [PSYoungGen: 269792K->38384K(269824K)] 538796K->339916K(885760K), 0.0547190 secs] [Times: user=0.43 sys=0.00, real=0.05 secs] 
133.070: Total time for which application threads were stopped: 0.0548900 seconds, Stopping threads took: 0.0000800 seconds
133.166: Application time: 0.0959800 seconds
133.166: [GC [PSYoungGen: 269808K->38368K(269824K)] 571340K->384491K(885760K), 0.0574450 secs] [Times: user=0.45 sys=0.00, real=0.06 secs] 
133.224: Total time for which application threads were stopped: 0.0576330 seconds, Stopping threads took: 0.0001020 seconds
133.318: Application time: 0.0946600 seconds
133.318: [GC [PSYoungGen: 269792K->38368K(269824K)] 615915K->431096K(885760K), 0.0596060 secs] [Times: user=0.48 sys=0.00, real=0.06 secs] 
133.378: Total time for which application threads were stopped: 0.0597910 seconds, Stopping threads took: 0.0000810 seconds
133.466: Application time: 0.0880410 seconds
133.466: [GC [PSYoungGen: 269792K->38368K(269824K)] 662520K->484915K(885760K), 0.0624100 secs] [Times: user=0.49 sys=0.00, real=0.06 secs] 
133.529: Total time for which application threads were stopped: 0.0625960 seconds, Stopping threads took: 0.0001000 seconds
133.641: Application time: 0.1117580 seconds
133.641: [GC [PSYoungGen: 269792K->38384K(269824K)] 716339K->520122K(885760K), 0.0604530 secs] [Times: user=0.47 sys=0.00, real=0.07 secs] 
133.701: Total time for which application threads were stopped: 0.0606340 seconds, Stopping threads took: 0.0000860 seconds
133.802: Application time: 0.1008870 seconds
133.802: [GC [PSYoungGen: 269808K->38368K(269824K)] 751546K->563838K(885760K), 0.0603740 secs] [Times: user=0.47 sys=0.00, real=0.06 secs] 
133.863: Total time for which application threads were stopped: 0.0605460 seconds, Stopping threads took: 0.0000850 seconds
133.958: Application time: 0.0950360 seconds
133.958: [GC [PSYoungGen: 269792K->38368K(269824K)] 795262K->612519K(885760K), 0.0616020 secs] [Times: user=0.48 sys=0.00, real=0.06 secs] 
134.019: [Full GC [PSYoungGen: 38368K->0K(269824K)] [ParOldGen: 574150K->133892K(615936K)] 612519K->133892K(885760K) [PSPermGen: 9126K->9126K(21504K)], 0.1590620 secs] [Times: user=1.18 sys=0.00, real=0.16 secs] 
134.179: Total time for which application threads were stopped: 0.2208890 seconds, Stopping threads took: 0.0000760 seconds
134.269: Application time: 0.0909180 seconds
134.270: [GC [PSYoungGen: 231424K->38368K(269824K)] 365316K->183049K(885760K), 0.0269880 secs] [Times: user=0.21 sys=0.00, real=0.03 secs] 
134.297: Total time for which application threads were stopped: 0.0271750 seconds, Stopping threads took: 0.0000870 seconds
134.410: Application time: 0.1131960 seconds
134.410: [GC [PSYoungGen: 269792K->38384K(269824K)] 414473K->212694K(885760K), 0.0398470 secs] [Times: user=0.31 sys=0.00, real=0.04 secs] 
134.450: Total time for which application threads were stopped: 0.0400300 seconds, Stopping threads took: 0.0000970 seconds
134.548: Application time: 0.0978730 seconds
134.548: [GC [PSYoungGen: 269808K->38384K(269824K)] 444118K->252789K(885760K), 0.0474100 secs] [Times: user=0.37 sys=0.00, real=0.05 secs] 
134.595: Total time for which application threads were stopped: 0.0475740 seconds, Stopping threads took: 0.0000700 seconds
134.688: Application time: 0.0928000 seconds
134.688: [GC [PSYoungGen: 269808K->38384K(269824K)] 484213K->297429K(885760K), 0.0526510 secs] [Times: user=0.42 sys=0.00, real=0.06 secs] 
134.741: Total time for which application threads were stopped: 0.0528630 seconds, Stopping threads took: 0.0001230 seconds
134.834: Application time: 0.0925180 seconds
134.834: [GC [PSYoungGen: 269808K->38368K(269824K)] 528853K->345834K(885760K), 0.0570330 secs] [Times: user=0.45 sys=0.00, real=0.05 secs] 
134.891: Total time for which application threads were stopped: 0.0572120 seconds, Stopping threads took: 0.0000790 seconds
135.001: Application time: 0.1099050 seconds
135.001: [GC [PSYoungGen: 269792K->38368K(269824K)] 577258K->388456K(885760K), 0.0597100 secs] [Times: user=0.46 sys=0.00, real=0.06 secs] 
135.061: Total time for which application threads were stopped: 0.0598780 seconds, Stopping threads took: 0.0000880 seconds
135.161: Application time: 0.1009230 seconds
135.162: [GC [PSYoungGen: 269792K->38368K(269824K)] 619880K->429914K(885760K), 0.0555200 secs] [Times: user=0.44 sys=0.00, real=0.05 secs] 
135.217: Total time for which application threads were stopped: 0.0556970 seconds, Stopping threads took: 0.0000880 seconds
135.309: Application time: 0.0914320 seconds
135.317: [GC [PSYoungGen: 269792K->38368K(269824K)] 661338K->478730K(885760K), 0.0579030 secs] [Times: user=0.45 sys=0.00, real=0.06 secs] 
135.375: Total time for which application threads were stopped: 0.0660150 seconds, Stopping threads took: 0.0080260 seconds
135.470: Application time: 0.0949930 seconds
135.470: [GC [PSYoungGen: 269792K->38384K(269824K)] 710154K->528497K(885760K), 0.0601880 secs] [Times: user=0.48 sys=0.00, real=0.06 secs] 
135.530: Total time for which application threads were stopped: 0.0603580 seconds, Stopping threads took: 0.0000720 seconds
135.634: Application time: 0.1044170 seconds
135.635: [GC [PSYoungGen: 269808K->38368K(269824K)] 759921K->570906K(885760K), 0.0591950 secs] [Times: user=0.46 sys=0.01, real=0.06 secs] 
135.694: Total time for which application threads were stopped: 0.0593870 seconds, Stopping threads took: 0.0001060 seconds
135.794: Application time: 0.1002920 seconds
135.794: [GC [PSYoungGen: 269792K->38384K(269824K)] 802330K->610887K(885760K), 0.0558590 secs] [Times: user=0.44 sys=0.00, real=0.05 secs] 
135.850: [Full GC [PSYoungGen: 38384K->0K(269824K)] [ParOldGen: 572503K->131691K(615936K)] 610887K->131691K(885760K) [PSPermGen: 9126K->9126K(21504K)], 0.1605830 secs] [Times: user=1.19 sys=0.00, real=0.16 secs] 
136.011: Total time for which application threads were stopped: 0.2166530 seconds, Stopping threads took: 0.0000730 seconds
136.104: Application time: 0.0932410 seconds
136.104: [GC [PSYoungGen: 231424K->38379K(269824K)] 363115K->180819K(885760K), 0.0270390 secs] [Times: user=0.21 sys=0.00, real=0.02 secs] 
136.131: Total time for which application threads were stopped: 0.0272690 seconds, Stopping threads took: 0.0001250 seconds
136.230: Application time: 0.0983550 seconds
136.230: [GC [PSYoungGen: 269803K->38368K(269824K)] 412243K->219692K(885760K), 0.0424680 secs] [Times: user=0.32 sys=0.00, real=0.04 secs] 
136.272: Total time for which application threads were stopped: 0.0426650 seconds, Stopping threads took: 0.0001060 seconds
136.373: Application time: 0.1003860 seconds
136.373: [GC [PSYoungGen: 269792K->38384K(269824K)] 451116K->260138K(885760K), 0.0500320 secs] [Times: user=0.37 sys=0.00, real=0.06 secs] 
136.423: Total time for which application threads were stopped: 0.0502200 seconds, Stopping threads took: 0.0001020 seconds
136.528: Application time: 0.1046350 seconds
136.528: [GC [PSYoungGen: 269808K->38384K(269824K)] 491562K->292254K(885760K), 0.0468390 secs] [Times: user=0.38 sys=0.00, real=0.05 secs] 
136.575: Total time for which application threads were stopped: 0.0470410 seconds, Stopping threads took: 0.0001110 seconds
136.667: Application time: 0.0922730 seconds
136.667: [GC [PSYoungGen: 269808K->38368K(269824K)] 523678K->342720K(885760K), 0.0557490 secs] [Times: user=0.44 sys=0.00, real=0.06 secs] 
136.723: Total time for which application threads were stopped: 0.0559330 seconds, Stopping threads took: 0.0000850 seconds
136.824: Application time: 0.1011260 seconds
136.824: [GC [PSYoungGen: 269792K->38384K(269824K)] 574144K->385442K(885760K), 0.0550140 secs] [Times: user=0.43 sys=0.00, real=0.05 secs] 
136.879: Total time for which application threads were stopped: 0.0551940 seconds, Stopping threads took: 0.0000920 seconds
136.974: Application time: 0.0951430 seconds
136.974: [GC [PSYoungGen: 269808K->38368K(269824K)] 616866K->437816K(885760K), 0.0587110 secs] [Times: user=0.47 sys=0.00, real=0.06 secs] 
137.033: Total time for which application threads were stopped: 0.0588940 seconds, Stopping threads took: 0.0000940 seconds
137.139: Application time: 0.1056480 seconds
137.139: [GC [PSYoungGen: 269792K->38384K(269824K)] 669240K->472139K(885760K), 0.0510180 secs] [Times: user=0.41 sys=0.00, real=0.05 secs] 
137.190: Total time for which application threads were stopped: 0.0512000 seconds, Stopping threads took: 0.0000960 seconds
137.282: Application time: 0.0916550 seconds
137.282: [GC [PSYoungGen: 269808K->38368K(269824K)] 703563K->523703K(885760K), 0.0585160 secs] [Times: user=0.44 sys=0.00, real=0.05 secs] 
137.340: Total time for which application threads were stopped: 0.0586830 seconds, Stopping threads took: 0.0000670 seconds
137.442: Application time: 0.1019900 seconds
137.442: [GC [PSYoungGen: 269792K->38368K(269824K)] 755127K->564952K(885760K), 0.0559710 secs] [Times: user=0.44 sys=0.00, real=0.05 secs] 
137.498: Total time for which application threads were stopped: 0.0561420 seconds, Stopping threads took: 0.0000840 seconds
137.591: Application time: 0.0928340 seconds
137.591: [GC [PSYoungGen: 269792K->38384K(269824K)] 796376K->619722K(885760K), 0.0612770 secs] [Times: user=0.48 sys=0.00, real=0.06 secs] 
137.653: [Full GC [PSYoungGen: 38384K->0K(269824K)] [ParOldGen: 581338K->142786K(615936K)] 619722K->142786K(885760K) [PSPermGen: 9126K->9126K(21504K)], 0.1741340 secs] [Times: user=1.29 sys=0.01, real=0.18 secs] 
137.827: Total time for which application threads were stopped: 0.2356450 seconds, Stopping threads took: 0.0000880 seconds
137.939: Application time: 0.1118170 seconds
137.939: [GC [PSYoungGen: 231424K->32152K(269824K)] 374210K->174939K(885760K), 0.0232580 secs] [Times: user=0.18 sys=0.00, real=0.03 secs] 
137.962: Total time for which application threads were stopped: 0.0234690 seconds, Stopping threads took: 0.0001140 seconds
138.054: Application time: 0.0921790 seconds
138.055: [GC [PSYoungGen: 263576K->38384K(269824K)] 406363K->221607K(885760K), 0.0426060 secs] [Times: user=0.33 sys=0.00, real=0.04 secs] 
138.097: Total time for which application threads were stopped: 0.0427720 seconds, Stopping threads took: 0.0000800 seconds
138.155: Application time: 0.0574920 seconds
138.155: Total time for which application threads were stopped: 0.0007550 seconds, Stopping threads took: 0.0007340 seconds
138.191: Application time: 0.0352740 seconds
138.191: Total time for which application threads were stopped: 0.0001030 seconds, Stopping threads took: 0.0000780 seconds
138.201: Application time: 0.0101720 seconds
138.201: Total time for which application threads were stopped: 0.0000830 seconds, Stopping threads took: 0.0000580 seconds
138.219: Application time: 0.0175100 seconds
138.219: [GC [PSYoungGen: 269808K->38384K(269824K)] 453031K->246464K(885760K), 0.0455950 secs] [Times: user=0.36 sys=0.00, real=0.05 secs] 
138.264: Total time for which application threads were stopped: 0.0457370 seconds, Stopping threads took: 0.0000590 seconds
138.343: Application time: 0.0782280 seconds
138.343: Total time for which application threads were stopped: 0.0000690 seconds, Stopping threads took: 0.0000490 seconds
138.388: Application time: 0.0454360 seconds
138.388: Total time for which application threads were stopped: 0.0000400 seconds, Stopping threads took: 0.0000180 seconds
138.423: Application time: 0.0347270 seconds
138.423: Total time for which application threads were stopped: 0.0000500 seconds, Stopping threads took: 0.0000170 seconds
138.435: Application time: 0.0121240 seconds
138.435: [GC [PSYoungGen: 269808K->38368K(269824K)] 477888K->276663K(885760K), 0.0478200 secs] [Times: user=0.38 sys=0.00, real=0.05 secs] 
138.483: Total time for which application threads were stopped: 0.0480410 seconds, Stopping threads took: 0.0001340 seconds
138.536: Application time: 0.0525660 seconds
138.536: [GC [PSYoungGen: 269792K->38384K(269824K)] 508087K->350775K(885760K), 0.0654600 secs] [Times: user=0.52 sys=0.00, real=0.07 secs] 
138.601: Total time for which application threads were stopped: 0.0656320 seconds, Stopping threads took: 0.0000670 seconds
138.710: Application time: 0.1090010 seconds
138.710: [GC [PSYoungGen: 269808K->38384K(269824K)] 582199K->409805K(885760K), 0.0755320 secs] [Times: user=0.60 sys=0.00, real=0.08 secs] 
138.786: Total time for which application threads were stopped: 0.0756900 seconds, Stopping threads took: 0.0000740 seconds
138.913: Application time: 0.1265730 seconds
138.913: [GC [PSYoungGen: 269808K->38384K(269824K)] 641229K->426789K(885760K), 0.0565920 secs] [Times: user=0.44 sys=0.01, real=0.06 secs] 
138.969: Total time for which application threads were stopped: 0.0567660 seconds, Stopping threads took: 0.0000920 seconds
139.056: Application time: 0.0865840 seconds
139.056: Total time for which application threads were stopped: 0.0001290 seconds, Stopping threads took: 0.0000920 seconds
139.056: Application time: 0.0000790 seconds
139.056: Total time for which application threads were stopped: 0.0000650 seconds, Stopping threads took: 0.0000530 seconds
139.072: Application time: 0.0160980 seconds
139.072: [GC [PSYoungGen: 269808K->38384K(269824K)] 658213K->458366K(885760K), 0.0581120 secs] [Times: user=0.46 sys=0.00, real=0.06 secs] 
139.131: Total time for which application threads were stopped: 0.0582870 seconds, Stopping threads took: 0.0000890 seconds
139.185: Application time: 0.0543370 seconds
139.185: [GC [PSYoungGen: 269808K->38384K(269824K)] 689790K->532244K(885760K), 0.0693820 secs] [Times: user=0.55 sys=0.00, real=0.07 secs] 
139.254: Total time for which application threads were stopped: 0.0695480 seconds, Stopping threads took: 0.0000860 seconds
139.357: Application time: 0.1028670 seconds
139.357: [GC [PSYoungGen: 269808K->38384K(269824K)] 763668K->592150K(885760K), 0.0787380 secs] [Times: user=0.62 sys=0.00, real=0.08 secs] 
139.436: [Full GC [PSYoungGen: 38384K->0K(269824K)] [ParOldGen: 553766K->159618K(615936K)] 592150K->159618K(885760K) [PSPermGen: 9150K->9150K(21504K)], 0.2013460 secs] [Times: user=1.51 sys=0.00, real=0.20 secs] 
139.638: Total time for which application threads were stopped: 0.2803100 seconds, Stopping threads took: 0.0000780 seconds
139.766: Application time: 0.1285910 seconds
139.766: [GC [PSYoungGen: 231424K->17040K(269824K)] 391042K->176658K(885760K), 0.0190020 secs] [Times: user=0.14 sys=0.00, real=0.02 secs] 
139.785: Total time for which application threads were stopped: 0.0191690 seconds, Stopping threads took: 0.0000740 seconds
139.897: Application time: 0.1113080 seconds
139.897: [GC [PSYoungGen: 248464K->38388K(269824K)] 408082K->205353K(885760K), 0.0316760 secs] [Times: user=0.25 sys=0.00, real=0.03 secs] 
139.929: Total time for which application threads were stopped: 0.0318540 seconds, Stopping threads took: 0.0000910 seconds
139.983: Application time: 0.0548010 seconds
139.985: [GC [PSYoungGen: 269812K->38384K(269824K)] 436777K->279311K(885760K), 0.0557800 secs] [Times: user=0.44 sys=0.00, real=0.05 secs] 
140.041: Total time for which application threads were stopped: 0.0574200 seconds, Stopping threads took: 0.0015530 seconds
140.144: Application time: 0.1036140 seconds
140.145: [GC [PSYoungGen: 269808K->38384K(269824K)] 510735K->336417K(885760K), 0.0648610 secs] [Times: user=0.51 sys=0.00, real=0.06 secs] 
140.209: Total time for which application threads were stopped: 0.0650730 seconds, Stopping threads took: 0.0001180 seconds
140.334: Application time: 0.1242600 seconds
140.334: [GC [PSYoungGen: 269808K->38368K(269824K)] 567841K->352913K(885760K), 0.0510080 secs] [Times: user=0.40 sys=0.00, real=0.05 secs] 
140.385: Total time for which application threads were stopped: 0.0511770 seconds, Stopping threads took: 0.0000780 seconds
140.493: Application time: 0.1076450 seconds
140.493: [GC [PSYoungGen: 269792K->38384K(269824K)] 584337K->384233K(885760K), 0.0553490 secs] [Times: user=0.44 sys=0.00, real=0.06 secs] 
140.548: Total time for which application threads were stopped: 0.0555320 seconds, Stopping threads took: 0.0000980 seconds
140.607: Application time: 0.0593870 seconds
140.608: [GC [PSYoungGen: 269808K->38368K(269824K)] 615657K->459694K(885760K), 0.0715960 secs] [Times: user=0.56 sys=0.00, real=0.07 secs] 
140.679: Total time for which application threads were stopped: 0.0717780 seconds, Stopping threads took: 0.0000970 seconds
140.778: Application time: 0.0987650 seconds
140.778: [GC [PSYoungGen: 269792K->38384K(269824K)] 691118K->518086K(885760K), 0.0754410 secs] [Times: user=0.60 sys=0.00, real=0.08 secs] 
140.854: Total time for which application threads were stopped: 0.0756030 seconds, Stopping threads took: 0.0000820 seconds
140.979: Application time: 0.1255650 seconds
140.979: [GC [PSYoungGen: 269808K->38384K(269824K)] 749510K->534514K(885760K), 0.0589070 secs] [Times: user=0.46 sys=0.00, real=0.06 secs] 
141.038: Total time for which application threads were stopped: 0.0591080 seconds, Stopping threads took: 0.0001090 seconds
141.146: Application time: 0.1081780 seconds
141.147: [GC [PSYoungGen: 269808K->38384K(269824K)] 765938K->566859K(885760K), 0.0601380 secs] [Times: user=0.47 sys=0.00, real=0.06 secs] 
141.207: [Full GC [PSYoungGen: 38384K->0K(269824K)] [ParOldGen: 528475K->88307K(615936K)] 566859K->88307K(885760K) [PSPermGen: 9150K->9150K(21504K)], 0.0864280 secs] [Times: user=0.61 sys=0.00, real=0.09 secs] 
141.293: Total time for which application threads were stopped: 0.1468140 seconds, Stopping threads took: 0.0001000 seconds
141.362: Application time: 0.0682010 seconds
141.362: [GC [PSYoungGen: 231313K->38386K(269824K)] 319621K->161733K(885760K), 0.0348850 secs] [Times: user=0.28 sys=0.00, real=0.03 secs] 
141.397: Total time for which application threads were stopped: 0.0350800 seconds, Stopping threads took: 0.0001080 seconds
141.491: Application time: 0.0946920 seconds
141.493: [GC [PSYoungGen: 269810K->38384K(269824K)] 393157K->215938K(885760K), 0.0509740 secs] [Times: user=0.40 sys=0.00, real=0.05 secs] 
141.544: Total time for which application threads were stopped: 0.0526600 seconds, Stopping threads took: 0.0015870 seconds
141.668: Application time: 0.1241710 seconds
141.668: [GC [PSYoungGen: 269808K->38368K(269824K)] 447362K->224186K(885760K), 0.0394210 secs] [Times: user=0.31 sys=0.00, real=0.04 secs] 
141.708: Total time for which application threads were stopped: 0.0396240 seconds, Stopping threads took: 0.0001200 seconds
141.810: Application time: 0.1017950 seconds
141.810: [GC [PSYoungGen: 269792K->38368K(269824K)] 455610K->250693K(885760K), 0.0445320 secs] [Times: user=0.35 sys=0.00, real=0.05 secs] 
141.854: Total time for which application threads were stopped: 0.0447140 seconds, Stopping threads took: 0.0000940 seconds
141.938: Application time: 0.0833970 seconds
141.938: [GC [PSYoungGen: 269637K->38368K(269824K)] 481963K->316016K(885760K), 0.0641720 secs] [Times: user=0.51 sys=0.00, real=0.07 secs] 
142.002: Total time for which application threads were stopped: 0.0643420 seconds, Stopping threads took: 0.0000830 seconds
142.089: Application time: 0.0868790 seconds
142.089: [GC [PSYoungGen: 269792K->38368K(269824K)] 547440K->375841K(885760K), 0.0638870 secs] [Times: user=0.51 sys=0.00, real=0.07 secs] 
142.153: Total time for which application threads were stopped: 0.0640570 seconds, Stopping threads took: 0.0000770 seconds
142.276: Application time: 0.1227520 seconds
142.277: [GC [PSYoungGen: 269792K->38384K(269824K)] 607265K->395265K(885760K), 0.0516040 secs] [Times: user=0.40 sys=0.00, real=0.05 secs] 
142.329: Total time for which application threads were stopped: 0.0528480 seconds, Stopping threads took: 0.0011620 seconds
142.430: Application time: 0.1012220 seconds
142.430: [GC [PSYoungGen: 269808K->38384K(269824K)] 626689K->430117K(885760K), 0.0552040 secs] [Times: user=0.43 sys=0.00, real=0.06 secs] 
142.485: Total time for which application threads were stopped: 0.0553790 seconds, Stopping threads took: 0.0000870 seconds
142.566: Application time: 0.0812440 seconds
142.567: [GC [PSYoungGen: 269808K->38384K(269824K)] 661541K->497799K(885760K), 0.0687970 secs] [Times: user=0.54 sys=0.00, real=0.07 secs] 
142.635: Total time for which application threads were stopped: 0.0689830 seconds, Stopping threads took: 0.0001020 seconds
142.724: Application time: 0.0887480 seconds
142.724: [GC [PSYoungGen: 269808K->38368K(269824K)] 729223K->555723K(885760K), 0.0652360 secs] [Times: user=0.52 sys=0.00, real=0.06 secs] 
142.790: Total time for which application threads were stopped: 0.0654160 seconds, Stopping threads took: 0.0000820 seconds
142.913: Application time: 0.1232650 seconds
142.913: [GC [PSYoungGen: 269792K->38384K(269824K)] 787147K->577712K(885760K), 0.0537660 secs] [Times: user=0.42 sys=0.00, real=0.05 secs] 
142.967: [Full GC [PSYoungGen: 38384K->0K(269824K)] [ParOldGen: 539327K->132694K(615936K)] 577712K->132694K(885760K) [PSPermGen: 9150K->9150K(21504K)], 0.1658920 secs] [Times: user=1.22 sys=0.00, real=0.16 secs] 
143.133: Total time for which application threads were stopped: 0.2198970 seconds, Stopping threads took: 0.0000860 seconds
143.235: Application time: 0.1021410 seconds
143.235: [GC [PSYoungGen: 231424K->36305K(269824K)] 364118K->169000K(885760K), 0.0223440 secs] [Times: user=0.17 sys=0.01, real=0.02 secs] 
143.257: Total time for which application threads were stopped: 0.0225440 seconds, Stopping threads took: 0.0001010 seconds
143.343: Application time: 0.0858160 seconds
143.343: [GC [PSYoungGen: 267729K->38393K(269824K)] 400424K->227971K(885760K), 0.0485490 secs] [Times: user=0.38 sys=0.00, real=0.04 secs] 
143.392: Total time for which application threads were stopped: 0.0487240 seconds, Stopping threads took: 0.0000890 seconds
143.480: Application time: 0.0876920 seconds
143.480: [GC [PSYoungGen: 269817K->38368K(269824K)] 459395K->281291K(885760K), 0.0535240 secs] [Times: user=0.42 sys=0.01, real=0.06 secs] 
143.533: Total time for which application threads were stopped: 0.0537010 seconds, Stopping threads took: 0.0000900 seconds
143.653: Application time: 0.1198900 seconds
143.653: [GC [PSYoungGen: 269792K->38368K(269824K)] 512715K->301977K(885760K), 0.0482760 secs] [Times: user=0.38 sys=0.00, real=0.05 secs] 
143.702: Total time for which application threads were stopped: 0.0484260 seconds, Stopping threads took: 0.0000670 seconds
143.804: Application time: 0.1018910 seconds
143.804: [GC [PSYoungGen: 269792K->38368K(269824K)] 533401K->338204K(885760K), 0.0543820 secs] [Times: user=0.43 sys=0.00, real=0.05 secs] 
143.858: Total time for which application threads were stopped: 0.0545530 seconds, Stopping threads took: 0.0000750 seconds
143.945: Application time: 0.0869140 seconds
143.949: [GC [PSYoungGen: 269759K->38384K(269824K)] 569594K->398604K(885760K), 0.0714210 secs] [Times: user=0.57 sys=0.00, real=0.07 secs] 
144.020: Total time for which application threads were stopped: 0.0750400 seconds, Stopping threads took: 0.0035340 seconds
144.107: Application time: 0.0870490 seconds
144.109: [GC [PSYoungGen: 269808K->38368K(269824K)] 630028K->457263K(885760K), 0.0700380 secs] [Times: user=0.55 sys=0.00, real=0.07 secs] 
144.179: Total time for which application threads were stopped: 0.0719120 seconds, Stopping threads took: 0.0017820 seconds
144.301: Application time: 0.1221170 seconds
144.301: [GC [PSYoungGen: 269792K->38368K(269824K)] 688687K->482079K(885760K), 0.0611880 secs] [Times: user=0.48 sys=0.00, real=0.06 secs] 
144.363: Total time for which application threads were stopped: 0.0613740 seconds, Stopping threads took: 0.0001030 seconds
144.464: Application time: 0.1018730 seconds
144.465: [GC [PSYoungGen: 269792K->38368K(269824K)] 713503K->518924K(885760K), 0.0613000 secs] [Times: user=0.48 sys=0.01, real=0.06 secs] 
144.526: Total time for which application threads were stopped: 0.0614850 seconds, Stopping threads took: 0.0000870 seconds
144.617: Application time: 0.0910890 seconds
144.621: [GC [PSYoungGen: 269792K->38384K(269824K)] 750348K->577408K(885760K), 0.0708660 secs] [Times: user=0.56 sys=0.00, real=0.06 secs] 
144.692: [Full GC [PSYoungGen: 38384K->0K(269824K)] [ParOldGen: 539024K->119883K(615936K)] 577408K->119883K(885760K) [PSPermGen: 9150K->9150K(21504K)], 0.1346540 secs] [Times: user=0.98 sys=0.00, real=0.14 secs] 
144.827: Total time for which application threads were stopped: 0.2095770 seconds, Stopping threads took: 0.0039120 seconds
144.911: Application time: 0.0847130 seconds
144.911: [GC [PSYoungGen: 231424K->38368K(269824K)] 351307K->180671K(885760K), 0.0313580 secs] [Times: user=0.24 sys=0.00, real=0.04 secs] 
144.943: Total time for which application threads were stopped: 0.0315430 seconds, Stopping threads took: 0.0000960 seconds
145.059: Application time: 0.1162160 seconds
145.059: [GC [PSYoungGen: 269792K->38384K(269824K)] 412095K->199081K(885760K), 0.0358210 secs] [Times: user=0.29 sys=0.00, real=0.04 secs] 
145.095: Total time for which application threads were stopped: 0.0359840 seconds, Stopping threads took: 0.0000710 seconds
145.195: Application time: 0.0994800 seconds
145.195: [GC [PSYoungGen: 269808K->38384K(269824K)] 430505K->227009K(885760K), 0.0404300 secs] [Times: user=0.31 sys=0.00, real=0.04 secs] 
145.235: Total time for which application threads were stopped: 0.0405820 seconds, Stopping threads took: 0.0000700 seconds
145.326: Application time: 0.0904650 seconds
145.326: [GC [PSYoungGen: 269808K->38385K(269824K)] 458433K->276851K(885760K), 0.0538680 secs] [Times: user=0.43 sys=0.00, real=0.05 secs] 
145.380: Total time for which application threads were stopped: 0.0540400 seconds, Stopping threads took: 0.0000830 seconds
145.470: Application time: 0.0902340 seconds
145.470: [GC [PSYoungGen: 269809K->38385K(269824K)] 508275K->334033K(885760K), 0.0601570 secs] [Times: user=0.48 sys=0.00, real=0.06 secs] 
145.530: Total time for which application threads were stopped: 0.0603220 seconds, Stopping threads took: 0.0000790 seconds
145.644: Application time: 0.1135130 seconds
145.644: [GC [PSYoungGen: 269809K->38385K(269824K)] 565457K->364500K(885760K), 0.0516860 secs] [Times: user=0.41 sys=0.00, real=0.05 secs] 
145.696: Total time for which application threads were stopped: 0.0518550 seconds, Stopping threads took: 0.0000750 seconds
145.796: Application time: 0.1003840 seconds
145.796: [GC [PSYoungGen: 269809K->38369K(269824K)] 595924K->401259K(885760K), 0.0523170 secs] [Times: user=0.42 sys=0.00, real=0.05 secs] 
145.848: Total time for which application threads were stopped: 0.0525070 seconds, Stopping threads took: 0.0001030 seconds
145.941: Application time: 0.0929240 seconds
145.942: [GC [PSYoungGen: 269793K->38385K(269824K)] 632683K->457561K(885760K), 0.0630780 secs] [Times: user=0.50 sys=0.00, real=0.06 secs] 
146.005: Total time for which application threads were stopped: 0.0632440 seconds, Stopping threads took: 0.0000850 seconds
146.092: Application time: 0.0878550 seconds
146.093: [GC [PSYoungGen: 269809K->38369K(269824K)] 688985K->514354K(885760K), 0.0633030 secs] [Times: user=0.50 sys=0.00, real=0.07 secs] 
146.156: Total time for which application threads were stopped: 0.0634800 seconds, Stopping threads took: 0.0000870 seconds
146.269: Application time: 0.1126780 seconds
146.269: [GC [PSYoungGen: 269793K->38385K(269824K)] 745778K->547599K(885760K), 0.0563260 secs] [Times: user=0.45 sys=0.00, real=0.06 secs] 
146.325: Total time for which application threads were stopped: 0.0564940 seconds, Stopping threads took: 0.0000720 seconds
146.426: Application time: 0.1009870 seconds
146.426: [GC [PSYoungGen: 269809K->38385K(269824K)] 779023K->584153K(885760K), 0.0546650 secs] [Times: user=0.43 sys=0.00, real=0.06 secs] 
146.481: [Full GC [PSYoungGen: 38385K->0K(269824K)] [ParOldGen: 545768K->116762K(615936K)] 584153K->116762K(885760K) [PSPermGen: 9150K->9150K(21504K)], 0.1289150 secs] [Times: user=0.94 sys=0.00, real=0.12 secs] 
146.610: Total time for which application threads were stopped: 0.1838120 seconds, Stopping threads took: 0.0000790 seconds
146.706: Application time: 0.0960520 seconds
146.709: [GC [PSYoungGen: 231424K->38368K(269824K)] 348186K->171461K(885760K), 0.0328190 secs] [Times: user=0.26 sys=0.00, real=0.04 secs] 
146.742: Total time for which application threads were stopped: 0.0358060 seconds, Stopping threads took: 0.0029000 seconds
146.828: Application time: 0.0863510 seconds
146.828: [GC [PSYoungGen: 269792K->38368K(269824K)] 402885K->224890K(885760K), 0.0489240 secs] [Times: user=0.38 sys=0.00, real=0.05 secs] 
146.877: Total time for which application threads were stopped: 0.0491370 seconds, Stopping threads took: 0.0001150 seconds
146.988: Application time: 0.1111820 seconds
146.991: [GC [PSYoungGen: 269792K->38384K(269824K)] 456314K->254633K(885760K), 0.0467290 secs] [Times: user=0.37 sys=0.00, real=0.05 secs] 
147.038: Total time for which application threads were stopped: 0.0495300 seconds, Stopping threads took: 0.0027190 seconds
147.141: Application time: 0.1034120 seconds
147.142: [GC [PSYoungGen: 269808K->38368K(269824K)] 486057K->282609K(885760K), 0.0444550 secs] [Times: user=0.35 sys=0.00, real=0.04 secs] 
147.186: Total time for which application threads were stopped: 0.0446310 seconds, Stopping threads took: 0.0000910 seconds
147.282: Application time: 0.0960950 seconds
147.282: [GC [PSYoungGen: 269792K->38384K(269824K)] 514033K->339803K(885760K), 0.0621800 secs] [Times: user=0.49 sys=0.00, real=0.06 secs] 
147.345: Total time for which application threads were stopped: 0.0623320 seconds, Stopping threads took: 0.0000690 seconds
147.434: Application time: 0.0894400 seconds
147.434: [GC [PSYoungGen: 269808K->38368K(269824K)] 571227K->394423K(885760K), 0.0563540 secs] [Times: user=0.45 sys=0.00, real=0.05 secs] 
147.491: Total time for which application threads were stopped: 0.0565540 seconds, Stopping threads took: 0.0000990 seconds
147.599: Application time: 0.1088260 seconds
147.599: [GC [PSYoungGen: 269792K->38384K(269824K)] 625847K->429511K(885760K), 0.0530640 secs] [Times: user=0.42 sys=0.00, real=0.05 secs] 
147.653: Total time for which application threads were stopped: 0.0532630 seconds, Stopping threads took: 0.0001110 seconds
147.757: Application time: 0.1040820 seconds
147.757: [GC [PSYoungGen: 269808K->38384K(269824K)] 660935K->464056K(885760K), 0.0504680 secs] [Times: user=0.39 sys=0.00, real=0.05 secs] 
147.807: Total time for which application threads were stopped: 0.0506400 seconds, Stopping threads took: 0.0000840 seconds
147.898: Application time: 0.0907310 seconds
147.898: [GC [PSYoungGen: 269808K->38384K(269824K)] 695480K->522828K(885760K), 0.0622550 secs] [Times: user=0.49 sys=0.00, real=0.06 secs] 
147.960: Total time for which application threads were stopped: 0.0624280 seconds, Stopping threads took: 0.0000850 seconds
148.053: Application time: 0.0925950 seconds
148.053: [GC [PSYoungGen: 269808K->38368K(269824K)] 754252K->575317K(885760K), 0.0575600 secs] [Times: user=0.45 sys=0.00, real=0.05 secs] 
148.111: Total time for which application threads were stopped: 0.0577320 seconds, Stopping threads took: 0.0000740 seconds
148.218: Application time: 0.1073730 seconds
148.221: [GC [PSYoungGen: 269792K->38368K(269824K)] 806741K->611493K(885760K), 0.0545150 secs] [Times: user=0.42 sys=0.00, real=0.05 secs] 
148.276: [Full GC [PSYoungGen: 38368K->0K(269824K)] [ParOldGen: 573124K->139892K(615936K)] 611493K->139892K(885760K) [PSPermGen: 9150K->9150K(21504K)], 0.1767770 secs] [Times: user=1.32 sys=0.00, real=0.17 secs] 
148.452: Total time for which application threads were stopped: 0.2341800 seconds, Stopping threads took: 0.0027200 seconds
148.558: Application time: 0.1056660 seconds
148.561: [GC [PSYoungGen: 231424K->35195K(269824K)] 371316K->175087K(885760K), 0.0227600 secs] [Times: user=0.18 sys=0.00, real=0.02 secs] 
148.584: Total time for which application threads were stopped: 0.0257190 seconds, Stopping threads took: 0.0028580 seconds
148.672: Application time: 0.0879740 seconds
148.672: [GC [PSYoungGen: 266619K->38395K(269824K)] 406511K->229276K(885760K), 0.0461990 secs] [Times: user=0.36 sys=0.00, real=0.05 secs] 
148.718: Total time for which application threads were stopped: 0.0463760 seconds, Stopping threads took: 0.0000920 seconds
148.810: Application time: 0.0922270 seconds
148.810: [GC [PSYoungGen: 269819K->38368K(269824K)] 460700K->276115K(885760K), 0.0510170 secs] [Times: user=0.40 sys=0.00, real=0.06 secs] 
148.862: Total time for which application threads were stopped: 0.0511960 seconds, Stopping threads took: 0.0000920 seconds
148.968: Application time: 0.1065860 seconds
148.968: [GC [PSYoungGen: 269792K->38384K(269824K)] 507539K->309205K(885760K), 0.0502190 secs] [Times: user=0.40 sys=0.00, real=0.05 secs] 
149.019: Total time for which application threads were stopped: 0.0504040 seconds, Stopping threads took: 0.0000980 seconds
149.122: Application time: 0.1030100 seconds
149.122: [GC [PSYoungGen: 269808K->38368K(269824K)] 540629K->343871K(885760K), 0.0531230 secs] [Times: user=0.43 sys=0.00, real=0.05 secs] 
149.175: Total time for which application threads were stopped: 0.0532910 seconds, Stopping threads took: 0.0000710 seconds
149.263: Application time: 0.0881370 seconds
149.265: [GC [PSYoungGen: 269792K->38368K(269824K)] 575295K->403916K(885760K), 0.0668000 secs] [Times: user=0.53 sys=0.00, real=0.06 secs] 
149.332: Total time for which application threads were stopped: 0.0687820 seconds, Stopping threads took: 0.0018970 seconds
149.428: Application time: 0.0957800 seconds
149.428: [GC [PSYoungGen: 269792K->38384K(269824K)] 635340K->453048K(885760K), 0.0629250 secs] [Times: user=0.50 sys=0.00, real=0.06 secs] 
149.491: Total time for which application threads were stopped: 0.0631050 seconds, Stopping threads took: 0.0000940 seconds
149.599: Application time: 0.1080400 seconds
149.601: [GC [PSYoungGen: 269808K->38368K(269824K)] 684472K->488685K(885760K), 0.0573910 secs] [Times: user=0.45 sys=0.00, real=0.05 secs] 
149.658: Total time for which application threads were stopped: 0.0596760 seconds, Stopping threads took: 0.0021970 seconds
149.761: Application time: 0.1030910 seconds
149.762: [GC [PSYoungGen: 269792K->38368K(269824K)] 720109K->526384K(885760K), 0.0576850 secs] [Times: user=0.45 sys=0.00, real=0.05 secs] 
149.819: Total time for which application threads were stopped: 0.0578750 seconds, Stopping threads took: 0.0000960 seconds
149.910: Application time: 0.0911520 seconds
149.911: [GC [PSYoungGen: 269792K->38368K(269824K)] 757808K->585143K(885760K), 0.0672270 secs] [Times: user=0.54 sys=0.00, real=0.07 secs] 
149.978: [Full GC [PSYoungGen: 38368K->0K(269824K)] [ParOldGen: 546774K->138953K(615936K)] 585143K->138953K(885760K) [PSPermGen: 9150K->9150K(21504K)], 0.1697800 secs] [Times: user=1.26 sys=0.00, real=0.17 secs] 
150.148: Total time for which application threads were stopped: 0.2372360 seconds, Stopping threads took: 0.0000850 seconds
150.245: Application time: 0.0976530 seconds
150.246: [GC [PSYoungGen: 231424K->38391K(269824K)] 370377K->185641K(885760K), 0.0265130 secs] [Times: user=0.21 sys=0.00, real=0.02 secs] 
150.272: Total time for which application threads were stopped: 0.0267000 seconds, Stopping threads took: 0.0001000 seconds
150.376: Application time: 0.1036180 seconds
150.376: [GC [PSYoungGen: 269815K->38380K(269824K)] 417065K->216017K(885760K), 0.0396340 secs] [Times: user=0.31 sys=0.00, real=0.04 secs] 
150.416: Total time for which application threads were stopped: 0.0398120 seconds, Stopping threads took: 0.0000770 seconds
150.516: Application time: 0.1009270 seconds
150.517: [GC [PSYoungGen: 269804K->38368K(269824K)] 447441K->252233K(885760K), 0.0460290 secs] [Times: user=0.36 sys=0.00, real=0.05 secs] 
150.563: Total time for which application threads were stopped: 0.0462200 seconds, Stopping threads took: 0.0001030 seconds
150.657: Application time: 0.0946590 seconds
150.657: [GC [PSYoungGen: 269792K->38368K(269824K)] 483657K->302050K(885760K), 0.0550170 secs] [Times: user=0.43 sys=0.00, real=0.05 secs] 
150.713: Total time for which application threads were stopped: 0.0551910 seconds, Stopping threads took: 0.0000920 seconds
150.812: Application time: 0.0995710 seconds
150.812: [GC [PSYoungGen: 269792K->38368K(269824K)] 533474K->340717K(885760K), 0.0497450 secs] [Times: user=0.39 sys=0.00, real=0.06 secs] 
150.862: Total time for which application threads were stopped: 0.0499070 seconds, Stopping threads took: 0.0000720 seconds
150.965: Application time: 0.1028680 seconds
150.965: [GC [PSYoungGen: 269792K->38368K(269824K)] 572141K->382656K(885760K), 0.0539440 secs] [Times: user=0.42 sys=0.00, real=0.05 secs] 
151.019: Total time for which application threads were stopped: 0.0541140 seconds, Stopping threads took: 0.0000750 seconds
151.116: Application time: 0.0970890 seconds
151.116: [GC [PSYoungGen: 269792K->38384K(269824K)] 614080K->430237K(885760K), 0.0559210 secs] [Times: user=0.44 sys=0.00, real=0.05 secs] 
151.172: Total time for which application threads were stopped: 0.0561080 seconds, Stopping threads took: 0.0001000 seconds
151.270: Application time: 0.0980730 seconds
151.270: [GC [PSYoungGen: 269808K->38368K(269824K)] 661661K->481744K(885760K), 0.0579710 secs] [Times: user=0.46 sys=0.00, real=0.06 secs] 
151.328: Total time for which application threads were stopped: 0.0581260 seconds, Stopping threads took: 0.0000740 seconds
151.427: Application time: 0.0985740 seconds
151.427: [GC [PSYoungGen: 269792K->38384K(269824K)] 713168K->521214K(885760K), 0.0519230 secs] [Times: user=0.41 sys=0.00, real=0.05 secs] 
151.479: Total time for which application threads were stopped: 0.0520960 seconds, Stopping threads took: 0.0000860 seconds
151.581: Application time: 0.1017370 seconds
151.581: [GC [PSYoungGen: 269744K->38368K(269824K)] 752574K->564185K(885760K), 0.0565930 secs] [Times: user=0.45 sys=0.00, real=0.05 secs] 
151.638: Total time for which application threads were stopped: 0.0568090 seconds, Stopping threads took: 0.0001180 seconds
151.737: Application time: 0.0992870 seconds
151.741: [GC [PSYoungGen: 269582K->38384K(269824K)] 795399K->608609K(885760K), 0.0566250 secs] [Times: user=0.45 sys=0.00, real=0.05 secs] 
151.798: [Full GC [PSYoungGen: 38384K->0K(269824K)] [ParOldGen: 570224K->117991K(615936K)] 608609K->117991K(885760K) [PSPermGen: 9150K->9150K(21504K)], 0.1331610 secs] [Times: user=0.98 sys=0.00, real=0.13 secs] 
151.931: Total time for which application threads were stopped: 0.1939050 seconds, Stopping threads took: 0.0039720 seconds
152.027: Application time: 0.0963670 seconds
152.027: [GC [PSYoungGen: 231424K->38376K(269824K)] 349415K->172817K(885760K), 0.0316930 secs] [Times: user=0.25 sys=0.00, real=0.03 secs] 
152.059: Total time for which application threads were stopped: 0.0318920 seconds, Stopping threads took: 0.0001130 seconds
152.159: Application time: 0.0998350 seconds
152.161: [GC [PSYoungGen: 269800K->38392K(269824K)] 404241K->206616K(885760K), 0.0406700 secs] [Times: user=0.32 sys=0.00, real=0.04 secs] 
152.202: Total time for which application threads were stopped: 0.0427150 seconds, Stopping threads took: 0.0019480 seconds
152.305: Application time: 0.1028950 seconds
152.305: [GC [PSYoungGen: 269662K->38377K(269824K)] 437885K->244942K(885760K), 0.0470530 secs] [Times: user=0.37 sys=0.00, real=0.04 secs] 
152.352: Total time for which application threads were stopped: 0.0472180 seconds, Stopping threads took: 0.0000770 seconds
152.453: Application time: 0.1009560 seconds
152.453: [GC [PSYoungGen: 269694K->38377K(269824K)] 476260K->279673K(885760K), 0.0460540 secs] [Times: user=0.37 sys=0.00, real=0.04 secs] 
152.499: Total time for which application threads were stopped: 0.0462450 seconds, Stopping threads took: 0.0000910 seconds
152.593: Application time: 0.0940250 seconds
152.593: [GC [PSYoungGen: 269801K->38393K(269824K)] 511097K->334887K(885760K), 0.0584290 secs] [Times: user=0.46 sys=0.00, real=0.05 secs] 
152.652: Total time for which application threads were stopped: 0.0586100 seconds, Stopping threads took: 0.0000870 seconds
152.751: Application time: 0.0996510 seconds
152.751: [GC [PSYoungGen: 269817K->38393K(269824K)] 566311K->372570K(885760K), 0.0501200 secs] [Times: user=0.39 sys=0.00, real=0.06 secs] 
152.802: Total time for which application threads were stopped: 0.0502990 seconds, Stopping threads took: 0.0000830 seconds
152.905: Application time: 0.1029510 seconds
152.905: [GC [PSYoungGen: 269817K->38377K(269824K)] 603994K->416790K(885760K), 0.0546730 secs] [Times: user=0.44 sys=0.00, real=0.05 secs] 
152.959: Total time for which application threads were stopped: 0.0548460 seconds, Stopping threads took: 0.0000890 seconds
153.055: Application time: 0.0956630 seconds
153.055: [GC [PSYoungGen: 269801K->38377K(269824K)] 648214K->460953K(885760K), 0.0532810 secs] [Times: user=0.43 sys=0.00, real=0.05 secs] 
153.108: Total time for which application threads were stopped: 0.0534580 seconds, Stopping threads took: 0.0000920 seconds
153.201: Application time: 0.0928610 seconds
153.201: [GC [PSYoungGen: 269801K->38377K(269824K)] 692377K->517300K(885760K), 0.0612610 secs] [Times: user=0.48 sys=0.00, real=0.06 secs] 
153.263: Total time for which application threads were stopped: 0.0614400 seconds, Stopping threads took: 0.0000940 seconds
153.363: Application time: 0.1004010 seconds
153.363: [GC [PSYoungGen: 269801K->38393K(269824K)] 748724K->554817K(885760K), 0.0510290 secs] [Times: user=0.41 sys=0.00, real=0.05 secs] 
153.414: Total time for which application threads were stopped: 0.0512200 seconds, Stopping threads took: 0.0000910 seconds
153.521: Application time: 0.1064460 seconds
153.521: [GC [PSYoungGen: 269817K->38393K(269824K)] 786241K->597080K(885760K), 0.0562100 secs] [Times: user=0.44 sys=0.00, real=0.05 secs] 
153.577: [Full GC [PSYoungGen: 38393K->0K(269824K)] [ParOldGen: 558687K->129559K(615936K)] 597080K->129559K(885760K) [PSPermGen: 9150K->9150K(21504K)], 0.1581920 secs] [Times: user=1.17 sys=0.00, real=0.16 secs] 
153.736: Total time for which application threads were stopped: 0.2146220 seconds, Stopping threads took: 0.0000740 seconds
153.828: Application time: 0.0928890 seconds
153.829: [GC [PSYoungGen: 231424K->38384K(269824K)] 360983K->177867K(885760K), 0.0271850 secs] [Times: user=0.22 sys=0.00, real=0.03 secs] 
153.856: Total time for which application threads were stopped: 0.0273610 seconds, Stopping threads took: 0.0000890 seconds
153.950: Application time: 0.0940220 seconds
153.950: [GC [PSYoungGen: 269808K->38384K(269824K)] 409291K->225254K(885760K), 0.0456900 secs] [Times: user=0.36 sys=0.00, real=0.05 secs] 
153.996: Total time for which application threads were stopped: 0.0458970 seconds, Stopping threads took: 0.0001100 seconds
154.097: Application time: 0.1010830 seconds
154.097: [GC [PSYoungGen: 269808K->38384K(269824K)] 456678K->259596K(885760K), 0.0445230 secs] [Times: user=0.34 sys=0.00, real=0.05 secs] 
154.142: Total time for which application threads were stopped: 0.0447500 seconds, Stopping threads took: 0.0001350 seconds
154.250: Application time: 0.1085120 seconds
154.250: [GC [PSYoungGen: 269808K->38368K(269824K)] 491020K->290908K(885760K), 0.0472860 secs] [Times: user=0.37 sys=0.00, real=0.05 secs] 
154.298: Total time for which application threads were stopped: 0.0475060 seconds, Stopping threads took: 0.0001310 seconds
154.389: Application time: 0.0909800 seconds
154.389: [GC [PSYoungGen: 269792K->38368K(269824K)] 522332K->342572K(885760K), 0.0554890 secs] [Times: user=0.44 sys=0.00, real=0.06 secs] 
154.444: Total time for which application threads were stopped: 0.0556580 seconds, Stopping threads took: 0.0000840 seconds
154.541: Application time: 0.0969600 seconds
154.541: [GC [PSYoungGen: 269792K->38384K(269824K)] 573996K->390856K(885760K), 0.0569760 secs] [Times: user=0.45 sys=0.00, real=0.05 secs] 
154.598: Total time for which application threads were stopped: 0.0571620 seconds, Stopping threads took: 0.0000900 seconds
154.701: Application time: 0.1031630 seconds
154.702: [GC [PSYoungGen: 269808K->38368K(269824K)] 622280K->434734K(885760K), 0.0562350 secs] [Times: user=0.45 sys=0.00, real=0.05 secs] 
154.758: Total time for which application threads were stopped: 0.0564210 seconds, Stopping threads took: 0.0001000 seconds
154.867: Application time: 0.1089330 seconds
154.867: [GC [PSYoungGen: 269792K->38384K(269824K)] 666158K->471112K(885760K), 0.0536020 secs] [Times: user=0.43 sys=0.01, real=0.05 secs] 
154.921: Total time for which application threads were stopped: 0.0537540 seconds, Stopping threads took: 0.0000670 seconds
155.010: Application time: 0.0897320 seconds
155.010: [GC [PSYoungGen: 269808K->38368K(269824K)] 702536K->525742K(885760K), 0.0584450 secs] [Times: user=0.46 sys=0.00, real=0.06 secs] 
155.069: Total time for which application threads were stopped: 0.0586060 seconds, Stopping threads took: 0.0000730 seconds
155.167: Application time: 0.0983330 seconds
155.169: [GC [PSYoungGen: 269792K->38368K(269824K)] 757166K->570742K(885760K), 0.0552340 secs] [Times: user=0.44 sys=0.00, real=0.06 secs] 
155.224: Total time for which application threads were stopped: 0.0569570 seconds, Stopping threads took: 0.0016230 seconds
155.328: Application time: 0.1037020 seconds
155.328: [GC [PSYoungGen: 269792K->38368K(269824K)] 802166K->616226K(885760K), 0.0566300 secs] [Times: user=0.45 sys=0.00, real=0.06 secs] 
155.385: [Full GC [PSYoungGen: 38368K->0K(269824K)] [ParOldGen: 577857K->138433K(615936K)] 616226K->138433K(885760K) [PSPermGen: 9150K->9150K(21504K)], 0.1670130 secs] [Times: user=1.23 sys=0.00, real=0.16 secs] 
155.552: Total time for which application threads were stopped: 0.2238880 seconds, Stopping threads took: 0.0000970 seconds
155.655: Application time: 0.1036730 seconds
155.656: [GC [PSYoungGen: 231337K->37024K(269824K)] 369770K->175457K(885760K), 0.0236170 secs] [Times: user=0.18 sys=0.00, real=0.02 secs] 
155.679: Total time for which application threads were stopped: 0.0237970 seconds, Stopping threads took: 0.0000950 seconds
155.768: Application time: 0.0885060 seconds
155.769: [GC [PSYoungGen: 268448K->38384K(269824K)] 406881K->223296K(885760K), 0.0449980 secs] [Times: user=0.35 sys=0.00, real=0.05 secs] 
155.814: Total time for which application threads were stopped: 0.0462050 seconds, Stopping threads took: 0.0010910 seconds
155.915: Application time: 0.1009690 seconds
155.915: [GC [PSYoungGen: 269808K->38368K(269824K)] 454720K->267611K(885760K), 0.0511790 secs] [Times: user=0.39 sys=0.00, real=0.05 secs] 
155.966: Total time for which application threads were stopped: 0.0513470 seconds, Stopping threads took: 0.0000840 seconds
156.069: Application time: 0.1024200 seconds
156.069: [GC [PSYoungGen: 269792K->38384K(269824K)] 499035K->306086K(885760K), 0.0536280 secs] [Times: user=0.42 sys=0.00, real=0.06 secs] 
156.123: Total time for which application threads were stopped: 0.0538000 seconds, Stopping threads took: 0.0000800 seconds
156.224: Application time: 0.1019460 seconds
156.225: [GC [PSYoungGen: 269808K->38384K(269824K)] 537510K->346618K(885760K), 0.0571220 secs] [Times: user=0.45 sys=0.00, real=0.06 secs] 
156.282: Total time for which application threads were stopped: 0.0572980 seconds, Stopping threads took: 0.0000910 seconds
156.377: Application time: 0.0949990 seconds
156.377: [GC [PSYoungGen: 269808K->38368K(269824K)] 578042K->399055K(885760K), 0.0628550 secs] [Times: user=0.50 sys=0.00, real=0.06 secs] 
156.440: Total time for which application threads were stopped: 0.0630590 seconds, Stopping threads took: 0.0001080 seconds
156.539: Application time: 0.0990730 seconds
156.539: [GC [PSYoungGen: 269792K->38384K(269824K)] 630479K->444414K(885760K), 0.0614630 secs] [Times: user=0.49 sys=0.00, real=0.06 secs] 
156.601: Total time for which application threads were stopped: 0.0616440 seconds, Stopping threads took: 0.0000950 seconds
156.702: Application time: 0.1009300 seconds
156.702: [GC [PSYoungGen: 269808K->38368K(269824K)] 675838K->485753K(885760K), 0.0611550 secs] [Times: user=0.49 sys=0.00, real=0.06 secs] 
156.763: Total time for which application threads were stopped: 0.0613450 seconds, Stopping threads took: 0.0000970 seconds
156.863: Application time: 0.1005190 seconds
156.864: [GC [PSYoungGen: 269792K->38384K(269824K)] 717177K->525493K(885760K), 0.0592250 secs] [Times: user=0.46 sys=0.00, real=0.06 secs] 
156.923: Total time for which application threads were stopped: 0.0594120 seconds, Stopping threads took: 0.0001010 seconds
157.011: Application time: 0.0886470 seconds
157.012: [GC [PSYoungGen: 269808K->38368K(269824K)] 756917K->580278K(885760K), 0.0659910 secs] [Times: user=0.51 sys=0.00, real=0.07 secs] 
157.078: Total time for which application threads were stopped: 0.0661830 seconds, Stopping threads took: 0.0000910 seconds
157.178: Application time: 0.1004260 seconds
157.178: [GC [PSYoungGen: 269792K->38384K(269824K)] 811702K->625900K(885760K), 0.0630320 secs] [Times: user=0.50 sys=0.01, real=0.07 secs] 
157.241: [Full GC [PSYoungGen: 38384K->0K(269824K)] [ParOldGen: 587515K->131689K(615936K)] 625900K->131689K(885760K) [PSPermGen: 9150K->9150K(21504K)], 0.1528740 secs] [Times: user=1.12 sys=0.00, real=0.15 secs] 
157.394: Total time for which application threads were stopped: 0.2161390 seconds, Stopping threads took: 0.0000880 seconds
157.501: Application time: 0.1069740 seconds
157.501: [GC [PSYoungGen: 231424K->38368K(269824K)] 363113K->172262K(885760K), 0.0261950 secs] [Times: user=0.20 sys=0.00, real=0.02 secs] 
157.528: Total time for which application threads were stopped: 0.0263590 seconds, Stopping threads took: 0.0000810 seconds
157.629: Application time: 0.1016390 seconds
157.629: [GC [PSYoungGen: 269792K->38368K(269824K)] 403686K->206659K(885760K), 0.0411160 secs] [Times: user=0.33 sys=0.00, real=0.04 secs] 
157.670: Total time for which application threads were stopped: 0.0412940 seconds, Stopping threads took: 0.0000770 seconds
157.762: Application time: 0.0911190 seconds
157.762: [GC [PSYoungGen: 269792K->38368K(269824K)] 438083K->256972K(885760K), 0.0503640 secs] [Times: user=0.40 sys=0.00, real=0.04 secs] 
157.812: Total time for which application threads were stopped: 0.0505430 seconds, Stopping threads took: 0.0000910 seconds
157.913: Application time: 0.1011540 seconds
157.913: [GC [PSYoungGen: 269784K->38368K(269824K)] 488388K->294963K(885760K), 0.0489680 secs] [Times: user=0.38 sys=0.00, real=0.05 secs] 
157.962: Total time for which application threads were stopped: 0.0491450 seconds, Stopping threads took: 0.0000900 seconds
158.068: Application time: 0.1055730 seconds
158.068: [GC [PSYoungGen: 269792K->38384K(269824K)] 526387K->335658K(885760K), 0.0543430 secs] [Times: user=0.43 sys=0.00, real=0.06 secs] 
158.123: Total time for which application threads were stopped: 0.0545180 seconds, Stopping threads took: 0.0000870 seconds
158.221: Application time: 0.0982280 seconds
158.221: [GC [PSYoungGen: 269808K->38384K(269824K)] 567082K->377084K(885760K), 0.0525160 secs] [Times: user=0.41 sys=0.00, real=0.05 secs] 
158.273: Total time for which application threads were stopped: 0.0527130 seconds, Stopping threads took: 0.0000950 seconds
158.366: Application time: 0.0920640 seconds
158.366: [GC [PSYoungGen: 269808K->38368K(269824K)] 608508K->430715K(885760K), 0.0587610 secs] [Times: user=0.45 sys=0.00, real=0.06 secs] 
158.425: Total time for which application threads were stopped: 0.0589550 seconds, Stopping threads took: 0.0000830 seconds
158.529: Application time: 0.1040840 seconds
158.529: [GC [PSYoungGen: 269792K->38384K(269824K)] 662139K->474664K(885760K), 0.0562440 secs] [Times: user=0.44 sys=0.00, real=0.06 secs] 
158.585: Total time for which application threads were stopped: 0.0564250 seconds, Stopping threads took: 0.0000940 seconds
158.689: Application time: 0.1044640 seconds
158.690: [GC [PSYoungGen: 269808K->38368K(269824K)] 706088K->516440K(885760K), 0.0551860 secs] [Times: user=0.44 sys=0.00, real=0.06 secs] 
158.745: Total time for which application threads were stopped: 0.0553660 seconds, Stopping threads took: 0.0000770 seconds
158.844: Application time: 0.0987180 seconds
158.844: [GC [PSYoungGen: 269792K->38368K(269824K)] 747864K->556645K(885760K), 0.0525890 secs] [Times: user=0.42 sys=0.00, real=0.05 secs] 
158.896: Total time for which application threads were stopped: 0.0527900 seconds, Stopping threads took: 0.0001010 seconds
158.990: Application time: 0.0940110 seconds
158.993: [GC [PSYoungGen: 269792K->38384K(269824K)] 788069K->611977K(885760K), 0.0607420 secs] [Times: user=0.49 sys=0.00, real=0.06 secs] 
159.054: [Full GC [PSYoungGen: 38384K->0K(269824K)] [ParOldGen: 573593K->140902K(615936K)] 611977K->140902K(885760K) [PSPermGen: 9150K->9150K(21504K)], 0.1687700 secs] [Times: user=1.25 sys=0.00, real=0.17 secs] 
159.223: Total time for which application threads were stopped: 0.2321690 seconds, Stopping threads took: 0.0025050 seconds
159.322: Application time: 0.0995840 seconds
159.322: [GC [PSYoungGen: 231424K->38383K(269824K)] 372326K->184780K(885760K), 0.0265280 secs] [Times: user=0.21 sys=0.00, real=0.02 secs] 
159.349: Total time for which application threads were stopped: 0.0267200 seconds, Stopping threads took: 0.0000990 seconds
159.454: Application time: 0.1054530 seconds
159.454: [GC [PSYoungGen: 269807K->38384K(269824K)] 416204K->219176K(885760K), 0.0426180 secs] [Times: user=0.33 sys=0.00, real=0.04 secs] 
159.497: Total time for which application threads were stopped: 0.0428250 seconds, Stopping threads took: 0.0001050 seconds
159.595: Application time: 0.0977680 seconds
159.595: [GC [PSYoungGen: 269808K->38368K(269824K)] 450600K->259335K(885760K), 0.0485820 secs] [Times: user=0.39 sys=0.00, real=0.05 secs] 
159.644: Total time for which application threads were stopped: 0.0487420 seconds, Stopping threads took: 0.0000710 seconds
159.738: Application time: 0.0943680 seconds
159.738: [GC [PSYoungGen: 269792K->38384K(269824K)] 490759K->310254K(885760K), 0.0569230 secs] [Times: user=0.45 sys=0.00, real=0.06 secs] 
159.795: Total time for which application threads were stopped: 0.0570790 seconds, Stopping threads took: 0.0000710 seconds
159.888: Application time: 0.0925300 seconds
159.888: [GC [PSYoungGen: 269808K->38384K(269824K)] 541678K->358646K(885760K), 0.0573550 secs] [Times: user=0.46 sys=0.00, real=0.06 secs] 
159.945: Total time for which application threads were stopped: 0.0575390 seconds, Stopping threads took: 0.0000950 seconds
160.056: Application time: 0.1108950 seconds
160.056: [GC [PSYoungGen: 269808K->38368K(269824K)] 590070K->393926K(885760K), 0.0557700 secs] [Times: user=0.44 sys=0.00, real=0.05 secs] 
160.112: Total time for which application threads were stopped: 0.0559470 seconds, Stopping threads took: 0.0000800 seconds
160.212: Application time: 0.0997560 seconds
160.212: [GC [PSYoungGen: 269792K->38368K(269824K)] 625350K->440874K(885760K), 0.0596420 secs] [Times: user=0.47 sys=0.00, real=0.06 secs] 
160.272: Total time for which application threads were stopped: 0.0598020 seconds, Stopping threads took: 0.0000750 seconds
160.370: Application time: 0.0982400 seconds
160.371: [GC [PSYoungGen: 269792K->38384K(269824K)] 672298K->486881K(885760K), 0.0591840 secs] [Times: user=0.47 sys=0.00, real=0.06 secs] 
160.431: Total time for which application threads were stopped: 0.0607600 seconds, Stopping threads took: 0.0014910 seconds
160.517: Application time: 0.0863910 seconds
160.517: [GC [PSYoungGen: 269808K->38384K(269824K)] 718305K->544873K(885760K), 0.0624060 secs] [Times: user=0.49 sys=0.00, real=0.06 secs] 
160.580: Total time for which application threads were stopped: 0.0626040 seconds, Stopping threads took: 0.0001120 seconds
160.693: Application time: 0.1136290 seconds
160.693: [GC [PSYoungGen: 269808K->38384K(269824K)] 776297K->575067K(885760K), 0.0548550 secs] [Times: user=0.42 sys=0.00, real=0.05 secs] 
160.748: Total time for which application threads were stopped: 0.0550400 seconds, Stopping threads took: 0.0000880 seconds
160.844: Application time: 0.0959270 seconds
160.844: [GC [PSYoungGen: 269808K->38384K(269824K)] 806491K->621351K(885760K), 0.0577220 secs] [Times: user=0.45 sys=0.00, real=0.06 secs] 
160.902: [Full GC [PSYoungGen: 38384K->0K(269824K)] [ParOldGen: 582966K->127102K(615936K)] 621351K->127102K(885760K) [PSPermGen: 9150K->9150K(21504K)], 0.1494630 secs] [Times: user=1.10 sys=0.00, real=0.14 secs] 
161.052: Total time for which application threads were stopped: 0.2074350 seconds, Stopping threads took: 0.0000910 seconds
161.150: Application time: 0.0982810 seconds
161.150: [GC [PSYoungGen: 231424K->38368K(269824K)] 358526K->174337K(885760K), 0.0286500 secs] [Times: user=0.22 sys=0.00, real=0.03 secs] 
161.179: Total time for which application threads were stopped: 0.0288610 seconds, Stopping threads took: 0.0001240 seconds
161.269: Application time: 0.0903890 seconds
161.269: [GC [PSYoungGen: 269792K->38384K(269824K)] 405761K->226882K(885760K), 0.0491240 secs] [Times: user=0.39 sys=0.00, real=0.05 secs] 
161.318: Total time for which application threads were stopped: 0.0492970 seconds, Stopping threads took: 0.0000770 seconds
161.435: Application time: 0.1165680 seconds
161.435: [GC [PSYoungGen: 269808K->38368K(269824K)] 458306K->250128K(885760K), 0.0409210 secs] [Times: user=0.32 sys=0.00, real=0.04 secs] 
161.476: Total time for which application threads were stopped: 0.0410950 seconds, Stopping threads took: 0.0000850 seconds
161.570: Application time: 0.0940460 seconds
161.570: [GC [PSYoungGen: 269792K->38368K(269824K)] 481552K->293053K(885760K), 0.0493020 secs] [Times: user=0.39 sys=0.00, real=0.05 secs] 
161.620: Total time for which application threads were stopped: 0.0494900 seconds, Stopping threads took: 0.0001000 seconds
161.714: Application time: 0.0946310 seconds
161.714: [GC [PSYoungGen: 269792K->38384K(269824K)] 524477K->342418K(885760K), 0.0562560 secs] [Times: user=0.44 sys=0.00, real=0.05 secs] 
161.771: Total time for which application threads were stopped: 0.0564050 seconds, Stopping threads took: 0.0000610 seconds
161.858: Application time: 0.0877670 seconds
161.859: [GC [PSYoungGen: 269808K->38384K(269824K)] 573842K->396946K(885760K), 0.0567590 secs] [Times: user=0.45 sys=0.00, real=0.06 secs] 
161.915: Total time for which application threads were stopped: 0.0569420 seconds, Stopping threads took: 0.0000850 seconds
162.030: Application time: 0.1142470 seconds
162.030: [GC [PSYoungGen: 269808K->38368K(269824K)] 628370K->428331K(885760K), 0.0505870 secs] [Times: user=0.39 sys=0.00, real=0.05 secs] 
162.080: Total time for which application threads were stopped: 0.0507410 seconds, Stopping threads took: 0.0000680 seconds
162.176: Application time: 0.0958050 seconds
162.176: [GC [PSYoungGen: 269792K->38384K(269824K)] 659755K->476516K(885760K), 0.0562820 secs] [Times: user=0.44 sys=0.00, real=0.05 secs] 
162.233: Total time for which application threads were stopped: 0.0564450 seconds, Stopping threads took: 0.0000820 seconds
162.330: Application time: 0.0970930 seconds
162.330: [GC [PSYoungGen: 269808K->38368K(269824K)] 707940K->521745K(885760K), 0.0537710 secs] [Times: user=0.43 sys=0.00, real=0.06 secs] 
162.384: Total time for which application threads were stopped: 0.0539400 seconds, Stopping threads took: 0.0000840 seconds
162.471: Application time: 0.0873800 seconds
162.471: [GC [PSYoungGen: 269792K->38368K(269824K)] 753169K->576999K(885760K), 0.0576880 secs] [Times: user=0.45 sys=0.00, real=0.06 secs] 
162.529: Total time for which application threads were stopped: 0.0578560 seconds, Stopping threads took: 0.0000680 seconds
162.640: Application time: 0.1110820 seconds
162.640: [GC [PSYoungGen: 269792K->38368K(269824K)] 808423K->611264K(885760K), 0.0523950 secs] [Times: user=0.42 sys=0.00, real=0.05 secs] 
162.693: [Full GC [PSYoungGen: 38368K->0K(269824K)] [ParOldGen: 572896K->129984K(615936K)] 611264K->129984K(885760K) [PSPermGen: 9150K->9150K(21504K)], 0.1528890 secs] [Times: user=1.12 sys=0.00, real=0.16 secs] 
162.846: Total time for which application threads were stopped: 0.2055220 seconds, Stopping threads took: 0.0000880 seconds
162.941: Application time: 0.0953650 seconds
162.941: [GC [PSYoungGen: 231424K->38384K(269824K)] 361408K->176843K(885760K), 0.0261850 secs] [Times: user=0.21 sys=0.00, real=0.02 secs] 
162.967: Total time for which application threads were stopped: 0.0263400 seconds, Stopping threads took: 0.0000620 seconds
163.067: Application time: 0.0992430 seconds
163.067: [GC [PSYoungGen: 269808K->38368K(269824K)] 408267K->214352K(885760K), 0.0407370 secs] [Times: user=0.32 sys=0.00, real=0.04 secs] 
163.107: Total time for which application threads were stopped: 0.0409460 seconds, Stopping threads took: 0.0001090 seconds
163.198: Application time: 0.0900880 seconds
163.198: [GC [PSYoungGen: 269792K->38384K(269824K)] 445776K->264259K(885760K), 0.0514750 secs] [Times: user=0.40 sys=0.00, real=0.05 secs] 
163.249: Total time for which application threads were stopped: 0.0516810 seconds, Stopping threads took: 0.0001190 seconds
163.356: Application time: 0.1065270 seconds
163.356: [GC [PSYoungGen: 269808K->38368K(269824K)] 495683K->296827K(885760K), 0.0472790 secs] [Times: user=0.38 sys=0.00, real=0.05 secs] 
163.403: Total time for which application threads were stopped: 0.0474390 seconds, Stopping threads took: 0.0000730 seconds
163.497: Application time: 0.0938570 seconds
163.497: [GC [PSYoungGen: 269792K->38384K(269824K)] 528251K->342129K(885760K), 0.0534670 secs] [Times: user=0.41 sys=0.00, real=0.05 secs] 
163.551: Total time for which application threads were stopped: 0.0536430 seconds, Stopping threads took: 0.0000870 seconds
163.652: Application time: 0.1010900 seconds
163.652: [GC [PSYoungGen: 269808K->38368K(269824K)] 573553K->385156K(885760K), 0.0540560 secs] [Times: user=0.43 sys=0.00, real=0.06 secs] 
163.706: Total time for which application threads were stopped: 0.0542710 seconds, Stopping threads took: 0.0001090 seconds
163.803: Application time: 0.0968400 seconds
163.803: [GC [PSYoungGen: 269792K->38368K(269824K)] 616580K->433916K(885760K), 0.0556100 secs] [Times: user=0.44 sys=0.00, real=0.05 secs] 
163.859: Total time for which application threads were stopped: 0.0557630 seconds, Stopping threads took: 0.0000680 seconds
163.957: Application time: 0.0986000 seconds
163.957: [GC [PSYoungGen: 269792K->38384K(269824K)] 665340K->480086K(885760K), 0.0550090 secs] [Times: user=0.44 sys=0.00, real=0.05 secs] 
164.013: Total time for which application threads were stopped: 0.0552130 seconds, Stopping threads took: 0.0001180 seconds
164.110: Application time: 0.0971390 seconds
164.110: [GC [PSYoungGen: 269808K->38384K(269824K)] 711510K->525814K(885760K), 0.0556200 secs] [Times: user=0.42 sys=0.00, real=0.06 secs] 
164.165: Total time for which application threads were stopped: 0.0557920 seconds, Stopping threads took: 0.0000890 seconds
164.274: Application time: 0.1086720 seconds
164.274: [GC [PSYoungGen: 269632K->38368K(269824K)] 757062K->560859K(885760K), 0.0511380 secs] [Times: user=0.41 sys=0.00, real=0.05 secs] 
164.325: Total time for which application threads were stopped: 0.0513290 seconds, Stopping threads took: 0.0000920 seconds
164.420: Application time: 0.0948390 seconds
164.420: [GC [PSYoungGen: 269792K->38368K(269824K)] 792283K->608707K(885760K), 0.0541230 secs] [Times: user=0.43 sys=0.00, real=0.06 secs] 
164.475: [Full GC [PSYoungGen: 38368K->0K(269824K)] [ParOldGen: 570338K->124437K(615936K)] 608707K->124437K(885760K) [PSPermGen: 9150K->9150K(21504K)], 0.1465660 secs] [Times: user=1.07 sys=0.00, real=0.15 secs] 
164.621: Total time for which application threads were stopped: 0.2009190 seconds, Stopping threads took: 0.0000800 seconds
164.713: Application time: 0.0915950 seconds
164.713: [GC [PSYoungGen: 231424K->38378K(269824K)] 355861K->176878K(885760K), 0.0286210 secs] [Times: user=0.22 sys=0.00, real=0.03 secs] 
164.742: Total time for which application threads were stopped: 0.0288310 seconds, Stopping threads took: 0.0001240 seconds
164.843: Application time: 0.1016740 seconds
164.845: [GC [PSYoungGen: 269802K->38384K(269824K)] 408302K->214012K(885760K), 0.0421430 secs] [Times: user=0.33 sys=0.00, real=0.04 secs] 
164.887: Total time for which application threads were stopped: 0.0437920 seconds, Stopping threads took: 0.0015480 seconds
164.993: Application time: 0.1060050 seconds
164.997: [GC [PSYoungGen: 269808K->38368K(269824K)] 445436K->244969K(885760K), 0.0443090 secs] [Times: user=0.35 sys=0.00, real=0.05 secs] 
165.041: Total time for which application threads were stopped: 0.0481530 seconds, Stopping threads took: 0.0037550 seconds
165.137: Application time: 0.0961850 seconds
165.138: [GC [PSYoungGen: 269792K->38384K(269824K)] 476393K->281062K(885760K), 0.0467130 secs] [Times: user=0.37 sys=0.00, real=0.05 secs] 
165.184: Total time for which application threads were stopped: 0.0468690 seconds, Stopping threads took: 0.0000720 seconds
165.274: Application time: 0.0892230 seconds
165.274: [GC [PSYoungGen: 269705K->38368K(269824K)] 512384K->334689K(885760K), 0.0573210 secs] [Times: user=0.45 sys=0.00, real=0.05 secs] 
165.331: Total time for which application threads were stopped: 0.0575000 seconds, Stopping threads took: 0.0000920 seconds
165.433: Application time: 0.1015990 seconds
165.433: [GC [PSYoungGen: 269684K->38368K(269824K)] 566005K->378103K(885760K), 0.0560610 secs] [Times: user=0.42 sys=0.00, real=0.06 secs] 
165.489: Total time for which application threads were stopped: 0.0562360 seconds, Stopping threads took: 0.0000760 seconds
165.591: Application time: 0.1016000 seconds
165.591: [GC [PSYoungGen: 269792K->38368K(269824K)] 609527K->417161K(885760K), 0.0537280 secs] [Times: user=0.42 sys=0.00, real=0.06 secs] 
165.644: Total time for which application threads were stopped: 0.0539020 seconds, Stopping threads took: 0.0000890 seconds
165.743: Application time: 0.0983050 seconds
165.743: [GC [PSYoungGen: 269792K->38368K(269824K)] 648585K->460583K(885760K), 0.0553280 secs] [Times: user=0.44 sys=0.00, real=0.05 secs] 
165.798: Total time for which application threads were stopped: 0.0554990 seconds, Stopping threads took: 0.0000850 seconds
165.886: Application time: 0.0873080 seconds
165.886: [GC [PSYoungGen: 269792K->38384K(269824K)] 692007K->514834K(885760K), 0.0586620 secs] [Times: user=0.47 sys=0.00, real=0.06 secs] 
165.944: Total time for which application threads were stopped: 0.0588260 seconds, Stopping threads took: 0.0000780 seconds
166.048: Application time: 0.1036250 seconds
166.048: [GC [PSYoungGen: 269808K->38368K(269824K)] 746258K->557312K(885760K), 0.0568620 secs] [Times: user=0.45 sys=0.00, real=0.06 secs] 
166.105: Total time for which application threads were stopped: 0.0570600 seconds, Stopping threads took: 0.0001010 seconds
166.207: Application time: 0.1020540 seconds
166.207: [GC [PSYoungGen: 269792K->38384K(269824K)] 788736K->599280K(885760K), 0.0568400 secs] [Times: user=0.45 sys=0.00, real=0.06 secs] 
166.264: [Full GC [PSYoungGen: 38384K->0K(269824K)] [ParOldGen: 560896K->132852K(615936K)] 599280K->132852K(885760K) [PSPermGen: 9150K->9150K(21504K)], 0.1608720 secs] [Times: user=1.19 sys=0.00, real=0.16 secs] 
166.425: Total time for which application threads were stopped: 0.2179320 seconds, Stopping threads took: 0.0000740 seconds
166.524: Application time: 0.0990330 seconds
166.524: [GC [PSYoungGen: 231424K->38368K(269824K)] 364276K->175666K(885760K), 0.0254720 secs] [Times: user=0.20 sys=0.00, real=0.02 secs] 
166.550: Total time for which application threads were stopped: 0.0256510 seconds, Stopping threads took: 0.0000910 seconds
166.641: Application time: 0.0912780 seconds
166.641: [GC [PSYoungGen: 269792K->38368K(269824K)] 407090K->224071K(885760K), 0.0446810 secs] [Times: user=0.35 sys=0.00, real=0.04 secs] 
166.686: Total time for which application threads were stopped: 0.0448550 seconds, Stopping threads took: 0.0000790 seconds
166.790: Application time: 0.1037380 seconds
166.790: [GC [PSYoungGen: 269792K->38384K(269824K)] 455495K->258215K(885760K), 0.0464340 secs] [Times: user=0.37 sys=0.00, real=0.05 secs] 
166.836: Total time for which application threads were stopped: 0.0466120 seconds, Stopping threads took: 0.0000930 seconds
166.937: Application time: 0.1007580 seconds
166.937: [GC [PSYoungGen: 269808K->38384K(269824K)] 489639K->297562K(885760K), 0.0486110 secs] [Times: user=0.38 sys=0.00, real=0.05 secs] 
166.986: Total time for which application threads were stopped: 0.0487780 seconds, Stopping threads took: 0.0000740 seconds
167.085: Application time: 0.0996000 seconds
167.086: [GC [PSYoungGen: 269808K->38368K(269824K)] 528986K->341353K(885760K), 0.0538830 secs] [Times: user=0.42 sys=0.00, real=0.05 secs] 
167.139: Total time for which application threads were stopped: 0.0540750 seconds, Stopping threads took: 0.0001050 seconds
167.233: Application time: 0.0936750 seconds
167.233: [GC [PSYoungGen: 269792K->38384K(269824K)] 572777K->391545K(885760K), 0.0557110 secs] [Times: user=0.44 sys=0.00, real=0.05 secs] 
167.289: Total time for which application threads were stopped: 0.0558810 seconds, Stopping threads took: 0.0000690 seconds
167.391: Application time: 0.1023600 seconds
167.392: [GC [PSYoungGen: 269808K->38368K(269824K)] 622969K->435537K(885760K), 0.0551180 secs] [Times: user=0.44 sys=0.00, real=0.06 secs] 
167.447: Total time for which application threads were stopped: 0.0553140 seconds, Stopping threads took: 0.0001120 seconds
167.552: Application time: 0.1052080 seconds
167.552: [GC [PSYoungGen: 269792K->38368K(269824K)] 666961K->475713K(885760K), 0.0546110 secs] [Times: user=0.43 sys=0.00, real=0.06 secs] 
167.607: Total time for which application threads were stopped: 0.0547920 seconds, Stopping threads took: 0.0000950 seconds
167.705: Application time: 0.0985430 seconds
167.709: [GC [PSYoungGen: 269564K->38384K(269824K)] 706909K->521704K(885760K), 0.0555330 secs] [Times: user=0.44 sys=0.00, real=0.06 secs] 
167.765: Total time for which application threads were stopped: 0.0593010 seconds, Stopping threads took: 0.0036820 seconds
167.857: Application time: 0.0925200 seconds
167.857: [GC [PSYoungGen: 269808K->38384K(269824K)] 753128K->570808K(885760K), 0.0557710 secs] [Times: user=0.44 sys=0.00, real=0.06 secs] 
167.913: Total time for which application threads were stopped: 0.0559850 seconds, Stopping threads took: 0.0001150 seconds
168.013: Application time: 0.0996370 seconds
168.013: [GC [PSYoungGen: 269808K->38384K(269824K)] 802232K->616860K(885760K), 0.0573170 secs] [Times: user=0.45 sys=0.00, real=0.06 secs] 
168.070: [Full GC [PSYoungGen: 38384K->0K(269824K)] [ParOldGen: 578476K->137744K(615936K)] 616860K->137744K(885760K) [PSPermGen: 9150K->9150K(21504K)], 0.1655700 secs] [Times: user=1.23 sys=0.00, real=0.17 secs] 
168.236: Total time for which application threads were stopped: 0.2231460 seconds, Stopping threads took: 0.0001020 seconds
168.340: Application time: 0.1037660 seconds
168.340: [GC [PSYoungGen: 231424K->38378K(269824K)] 369168K->177547K(885760K), 0.0257540 secs] [Times: user=0.20 sys=0.00, real=0.03 secs] 
168.366: Total time for which application threads were stopped: 0.0259570 seconds, Stopping threads took: 0.0001140 seconds
168.463: Application time: 0.0973840 seconds
168.463: [GC [PSYoungGen: 269802K->38384K(269824K)] 408971K->218344K(885760K), 0.0427620 secs] [Times: user=0.34 sys=0.00, real=0.04 secs] 
168.506: Total time for which application threads were stopped: 0.0429370 seconds, Stopping threads took: 0.0000820 seconds
168.602: Application time: 0.0956210 seconds
168.602: [GC [PSYoungGen: 269808K->38368K(269824K)] 449768K->263546K(885760K), 0.0493420 secs] [Times: user=0.39 sys=0.00, real=0.04 secs] 
168.651: Total time for which application threads were stopped: 0.0495410 seconds, Stopping threads took: 0.0001110 seconds
168.750: Application time: 0.0990360 seconds
168.750: [GC [PSYoungGen: 269792K->38384K(269824K)] 494970K->305638K(885760K), 0.0508870 secs] [Times: user=0.40 sys=0.00, real=0.06 secs] 
168.801: Total time for which application threads were stopped: 0.0510480 seconds, Stopping threads took: 0.0000740 seconds
168.905: Application time: 0.1041570 seconds
168.905: [GC [PSYoungGen: 269808K->38384K(269824K)] 537062K->340781K(885760K), 0.0509240 secs] [Times: user=0.40 sys=0.00, real=0.05 secs] 
168.956: Total time for which application threads were stopped: 0.0511350 seconds, Stopping threads took: 0.0001250 seconds
169.055: Application time: 0.0985990 seconds
169.055: [GC [PSYoungGen: 269808K->38368K(269824K)] 572205K->388203K(885760K), 0.0566570 secs] [Times: user=0.45 sys=0.00, real=0.05 secs] 
169.112: Total time for which application threads were stopped: 0.0568340 seconds, Stopping threads took: 0.0000760 seconds
169.205: Application time: 0.0927690 seconds
169.205: [GC [PSYoungGen: 269792K->38384K(269824K)] 619627K->439625K(885760K), 0.0587430 secs] [Times: user=0.46 sys=0.00, real=0.06 secs] 
169.264: Total time for which application threads were stopped: 0.0589080 seconds, Stopping threads took: 0.0000790 seconds
169.364: Application time: 0.1007610 seconds
169.364: [GC [PSYoungGen: 269808K->38368K(269824K)] 671049K->486062K(885760K), 0.0588500 secs] [Times: user=0.47 sys=0.00, real=0.06 secs] 
169.423: Total time for which application threads were stopped: 0.0590190 seconds, Stopping threads took: 0.0000770 seconds
169.531: Application time: 0.1080590 seconds
169.532: [GC [PSYoungGen: 269792K->38384K(269824K)] 717486K->522815K(885760K), 0.0544060 secs] [Times: user=0.43 sys=0.00, real=0.06 secs] 
169.586: Total time for which application threads were stopped: 0.0545880 seconds, Stopping threads took: 0.0000910 seconds
169.683: Application time: 0.0973180 seconds
169.683: [GC [PSYoungGen: 269590K->38384K(269824K)] 754021K->569885K(885760K), 0.0573460 secs] [Times: user=0.45 sys=0.00, real=0.05 secs] 
169.741: Total time for which application threads were stopped: 0.0575420 seconds, Stopping threads took: 0.0000860 seconds
169.837: Application time: 0.0966440 seconds
169.841: [GC [PSYoungGen: 269808K->38368K(269824K)] 801309K->616742K(885760K), 0.0577130 secs] [Times: user=0.46 sys=0.00, real=0.05 secs] 
169.899: [Full GC [PSYoungGen: 38368K->0K(269824K)] [ParOldGen: 578373K->130998K(615936K)] 616742K->130998K(885760K) [PSPermGen: 9150K->9150K(21504K)], 0.1516190 secs] [Times: user=1.12 sys=0.00, real=0.15 secs] 
170.050: Total time for which application threads were stopped: 0.2129000 seconds, Stopping threads took: 0.0034160 seconds
170.143: Application time: 0.0925540 seconds
170.143: [GC [PSYoungGen: 231424K->38368K(269824K)] 362422K->183359K(885760K), 0.0294840 secs] [Times: user=0.23 sys=0.00, real=0.02 secs] 
170.173: Total time for which application threads were stopped: 0.0296720 seconds, Stopping threads took: 0.0000990 seconds
170.284: Application time: 0.1115730 seconds
170.284: [GC [PSYoungGen: 269735K->38384K(269824K)] 414726K->208973K(885760K), 0.0376700 secs] [Times: user=0.30 sys=0.00, real=0.04 secs] 
170.322: Total time for which application threads were stopped: 0.0378450 seconds, Stopping threads took: 0.0000760 seconds
170.416: Application time: 0.0943100 seconds
170.417: [GC [PSYoungGen: 269808K->38384K(269824K)] 440397K->256345K(885760K), 0.0519720 secs] [Times: user=0.41 sys=0.00, real=0.05 secs] 
170.469: Total time for which application threads were stopped: 0.0521510 seconds, Stopping threads took: 0.0000920 seconds
170.561: Application time: 0.0925950 seconds
170.561: [GC [PSYoungGen: 269808K->38368K(269824K)] 487769K->302560K(885760K), 0.0530870 secs] [Times: user=0.42 sys=0.00, real=0.05 secs] 
170.614: Total time for which application threads were stopped: 0.0532550 seconds, Stopping threads took: 0.0000820 seconds
170.707: Application time: 0.0927400 seconds
170.707: [GC [PSYoungGen: 269792K->38384K(269824K)] 533984K->352318K(885760K), 0.0580950 secs] [Times: user=0.44 sys=0.03, real=0.06 secs] 
170.765: Total time for which application threads were stopped: 0.0582790 seconds, Stopping threads took: 0.0000980 seconds
170.879: Application time: 0.1131530 seconds
170.881: [GC [PSYoungGen: 269808K->38384K(269824K)] 583742K->384033K(885760K), 0.0539910 secs] [Times: user=0.43 sys=0.00, real=0.05 secs] 
170.935: Total time for which application threads were stopped: 0.0564470 seconds, Stopping threads took: 0.0023590 seconds
171.031: Application time: 0.0961110 seconds
171.031: [GC [PSYoungGen: 269808K->38368K(269824K)] 615457K->433629K(885760K), 0.0591150 secs] [Times: user=0.47 sys=0.00, real=0.06 secs] 
171.090: Total time for which application threads were stopped: 0.0592830 seconds, Stopping threads took: 0.0000800 seconds
171.182: Application time: 0.0917240 seconds
171.182: [GC [PSYoungGen: 269792K->38368K(269824K)] 665053K->488309K(885760K), 0.0605860 secs] [Times: user=0.48 sys=0.00, real=0.06 secs] 
171.243: Total time for which application threads were stopped: 0.0607610 seconds, Stopping threads took: 0.0000880 seconds
171.342: Application time: 0.0992990 seconds
171.342: [GC [PSYoungGen: 269792K->38368K(269824K)] 719733K->531096K(885760K), 0.0561600 secs] [Times: user=0.45 sys=0.00, real=0.05 secs] 
171.399: Total time for which application threads were stopped: 0.0563270 seconds, Stopping threads took: 0.0000810 seconds
171.507: Application time: 0.1084240 seconds
171.507: [GC [PSYoungGen: 269792K->38384K(269824K)] 762520K->565726K(885760K), 0.0547680 secs] [Times: user=0.43 sys=0.00, real=0.06 secs] 
171.562: Total time for which application threads were stopped: 0.0549470 seconds, Stopping threads took: 0.0000850 seconds
171.656: Application time: 0.0942480 seconds
171.656: [GC [PSYoungGen: 269808K->38368K(269824K)] 797150K->613510K(885760K), 0.0578790 secs] [Times: user=0.46 sys=0.00, real=0.06 secs] 
171.714: [Full GC [PSYoungGen: 38368K->0K(269824K)] [ParOldGen: 575142K->128905K(615936K)] 613510K->128905K(885760K) [PSPermGen: 9150K->9150K(21504K)], 0.1510370 secs] [Times: user=1.11 sys=0.00, real=0.15 secs] 
171.865: Total time for which application threads were stopped: 0.2091640 seconds, Stopping threads took: 0.0001020 seconds
171.954: Application time: 0.0882800 seconds
171.954: [GC [PSYoungGen: 231424K->38369K(269824K)] 360329K->184872K(885760K), 0.0297480 secs] [Times: user=0.23 sys=0.00, real=0.03 secs] 
171.984: Total time for which application threads were stopped: 0.0299490 seconds, Stopping threads took: 0.0001120 seconds
172.089: Application time: 0.1050620 seconds
172.089: [GC [PSYoungGen: 269793K->38368K(269824K)] 416296K->216937K(885760K), 0.0398070 secs] [Times: user=0.31 sys=0.00, real=0.04 secs] 
172.129: Total time for which application threads were stopped: 0.0399970 seconds, Stopping threads took: 0.0000880 seconds
172.236: Application time: 0.1071100 seconds
172.236: [GC [PSYoungGen: 269792K->38384K(269824K)] 448361K->251010K(885760K), 0.0462320 secs] [Times: user=0.37 sys=0.00, real=0.05 secs] 
172.282: Total time for which application threads were stopped: 0.0464010 seconds, Stopping threads took: 0.0000810 seconds
172.376: Application time: 0.0939810 seconds
172.376: [GC [PSYoungGen: 269808K->38384K(269824K)] 482434K->293434K(885760K), 0.0508950 secs] [Times: user=0.41 sys=0.00, real=0.05 secs] 
172.427: Total time for which application threads were stopped: 0.0510450 seconds, Stopping threads took: 0.0000640 seconds
172.514: Application time: 0.0873240 seconds
172.515: [GC [PSYoungGen: 269808K->38384K(269824K)] 524858K->351587K(885760K), 0.0621560 secs] [Times: user=0.50 sys=0.00, real=0.06 secs] 
172.577: Total time for which application threads were stopped: 0.0623160 seconds, Stopping threads took: 0.0000730 seconds
172.688: Application time: 0.1115650 seconds
172.689: [GC [PSYoungGen: 269808K->38368K(269824K)] 583011K->387705K(885760K), 0.0563520 secs] [Times: user=0.44 sys=0.00, real=0.06 secs] 
172.745: Total time for which application threads were stopped: 0.0565490 seconds, Stopping threads took: 0.0000960 seconds
172.847: Application time: 0.1020350 seconds
172.847: [GC [PSYoungGen: 269792K->38368K(269824K)] 619129K->432367K(885760K), 0.0572760 secs] [Times: user=0.45 sys=0.00, real=0.06 secs] 
172.904: Total time for which application threads were stopped: 0.0574510 seconds, Stopping threads took: 0.0000890 seconds
173.002: Application time: 0.0971390 seconds
173.002: [GC [PSYoungGen: 269792K->38368K(269824K)] 663791K->473775K(885760K), 0.0554540 secs] [Times: user=0.44 sys=0.00, real=0.05 secs] 
173.057: Total time for which application threads were stopped: 0.0556350 seconds, Stopping threads took: 0.0000920 seconds
173.141: Application time: 0.0842800 seconds
173.142: [GC [PSYoungGen: 269792K->38384K(269824K)] 705199K->534697K(885760K), 0.0645100 secs] [Times: user=0.50 sys=0.00, real=0.06 secs] 
173.206: Total time for which application threads were stopped: 0.0646720 seconds, Stopping threads took: 0.0000690 seconds
173.317: Application time: 0.1109800 seconds
173.321: [GC [PSYoungGen: 269808K->38368K(269824K)] 766121K->569707K(885760K), 0.0551680 secs] [Times: user=0.43 sys=0.00, real=0.05 secs] 
173.376: Total time for which application threads were stopped: 0.0590270 seconds, Stopping threads took: 0.0037640 seconds
173.479: Application time: 0.1025610 seconds
173.479: [GC [PSYoungGen: 269792K->38368K(269824K)] 801131K->612339K(885760K), 0.0568770 secs] [Times: user=0.44 sys=0.00, real=0.06 secs] 
173.536: [Full GC [PSYoungGen: 38368K->0K(269824K)] [ParOldGen: 573971K->132786K(615936K)] 612339K->132786K(885760K) [PSPermGen: 9150K->9150K(21504K)], 0.1622940 secs] [Times: user=1.20 sys=0.00, real=0.16 secs] 
173.698: Total time for which application threads were stopped: 0.2194140 seconds, Stopping threads took: 0.0000770 seconds
173.799: Application time: 0.1008390 seconds
173.799: [GC [PSYoungGen: 231424K->38378K(269824K)] 364210K->175680K(885760K), 0.0261810 secs] [Times: user=0.20 sys=0.00, real=0.03 secs] 
173.825: Total time for which application threads were stopped: 0.0263930 seconds, Stopping threads took: 0.0001200 seconds
173.913: Application time: 0.0873020 seconds
173.913: [GC [PSYoungGen: 269802K->38368K(269824K)] 407104K->230697K(885760K), 0.0486260 secs] [Times: user=0.36 sys=0.00, real=0.05 secs] 
173.962: Total time for which application threads were stopped: 0.0488540 seconds, Stopping threads took: 0.0001170 seconds
174.074: Application time: 0.1122150 seconds
174.074: [GC [PSYoungGen: 269792K->38368K(269824K)] 462121K->258978K(885760K), 0.0447460 secs] [Times: user=0.36 sys=0.00, real=0.04 secs] 
174.119: Total time for which application threads were stopped: 0.0449300 seconds, Stopping threads took: 0.0000980 seconds
174.225: Application time: 0.1058790 seconds
174.225: [GC [PSYoungGen: 269792K->38368K(269824K)] 490402K->296510K(885760K), 0.0535260 secs] [Times: user=0.42 sys=0.00, real=0.05 secs] 
174.278: Total time for which application threads were stopped: 0.0536890 seconds, Stopping threads took: 0.0000790 seconds
174.373: Application time: 0.0945250 seconds
174.377: [GC [PSYoungGen: 269792K->38368K(269824K)] 527934K->342375K(885760K), 0.0575470 secs] [Times: user=0.46 sys=0.00, real=0.06 secs] 
174.435: Total time for which application threads were stopped: 0.0617230 seconds, Stopping threads took: 0.0040860 seconds
174.521: Application time: 0.0868280 seconds
174.521: [GC [PSYoungGen: 269792K->38384K(269824K)] 573799K->402255K(885760K), 0.0657560 secs] [Times: user=0.52 sys=0.00, real=0.06 secs] 
174.587: Total time for which application threads were stopped: 0.0659370 seconds, Stopping threads took: 0.0000810 seconds
174.699: Application time: 0.1120670 seconds
174.699: [GC [PSYoungGen: 269808K->38384K(269824K)] 633679K->434615K(885760K), 0.0574450 secs] [Times: user=0.45 sys=0.00, real=0.06 secs] 
174.757: Total time for which application threads were stopped: 0.0576200 seconds, Stopping threads took: 0.0000870 seconds
174.863: Application time: 0.1057560 seconds
174.863: [GC [PSYoungGen: 269808K->38368K(269824K)] 666039K->471998K(885760K), 0.0583600 secs] [Times: user=0.45 sys=0.01, real=0.06 secs] 
174.921: Total time for which application threads were stopped: 0.0585250 seconds, Stopping threads took: 0.0000780 seconds
175.012: Application time: 0.0905650 seconds
175.012: [GC [PSYoungGen: 269792K->38368K(269824K)] 703422K->522917K(885760K), 0.0616320 secs] [Times: user=0.48 sys=0.00, real=0.07 secs] 
175.074: Total time for which application threads were stopped: 0.0618180 seconds, Stopping threads took: 0.0000990 seconds
175.161: Application time: 0.0870000 seconds
175.161: [GC [PSYoungGen: 269792K->38368K(269824K)] 754341K->581852K(885760K), 0.0661860 secs] [Times: user=0.52 sys=0.00, real=0.07 secs] 
175.227: [Full GC [PSYoungGen: 38368K->0K(269824K)] [ParOldGen: 543483K->148757K(615936K)] 581852K->148757K(885760K) [PSPermGen: 9150K->9150K(21504K)], 0.1786130 secs] [Times: user=1.32 sys=0.01, real=0.18 secs] 
175.406: Total time for which application threads were stopped: 0.2450510 seconds, Stopping threads took: 0.0000810 seconds
175.515: Application time: 0.1093960 seconds
175.515: [GC [PSYoungGen: 231424K->33531K(269824K)] 380181K->182289K(885760K), 0.0232590 secs] [Times: user=0.19 sys=0.00, real=0.02 secs] 
175.539: Total time for which application threads were stopped: 0.0234460 seconds, Stopping threads took: 0.0001010 seconds
175.646: Application time: 0.1075010 seconds
175.649: [GC [PSYoungGen: 264955K->38368K(269824K)] 413713K->215077K(885760K), 0.0411230 secs] [Times: user=0.33 sys=0.00, real=0.04 secs] 
175.690: Total time for which application threads were stopped: 0.0440990 seconds, Stopping threads took: 0.0028840 seconds
175.787: Application time: 0.0964730 seconds
175.787: [GC [PSYoungGen: 269792K->38384K(269824K)] 446501K->259904K(885760K), 0.0496590 secs] [Times: user=0.39 sys=0.00, real=0.05 secs] 
175.836: Total time for which application threads were stopped: 0.0498360 seconds, Stopping threads took: 0.0000830 seconds
175.917: Application time: 0.0805440 seconds
175.921: [GC [PSYoungGen: 269808K->38368K(269824K)] 491328K->321831K(885760K), 0.0596930 secs] [Times: user=0.48 sys=0.00, real=0.05 secs] 
175.981: Total time for which application threads were stopped: 0.0636490 seconds, Stopping threads took: 0.0038710 seconds
176.094: Application time: 0.1130890 seconds
176.094: [GC [PSYoungGen: 269792K->38368K(269824K)] 553255K->355969K(885760K), 0.0534630 secs] [Times: user=0.42 sys=0.00, real=0.05 secs] 
176.147: Total time for which application threads were stopped: 0.0536280 seconds, Stopping threads took: 0.0000780 seconds
176.256: Application time: 0.1082660 seconds
176.256: [GC [PSYoungGen: 269792K->38368K(269824K)] 587393K->393731K(885760K), 0.0545090 secs] [Times: user=0.42 sys=0.00, real=0.05 secs] 
176.310: Total time for which application threads were stopped: 0.0546620 seconds, Stopping threads took: 0.0000680 seconds
176.402: Application time: 0.0916780 seconds
176.402: [GC [PSYoungGen: 269792K->38384K(269824K)] 625155K->438579K(885760K), 0.0539620 secs] [Times: user=0.43 sys=0.00, real=0.05 secs] 
176.456: Total time for which application threads were stopped: 0.0541360 seconds, Stopping threads took: 0.0000730 seconds
176.542: Application time: 0.0862040 seconds
176.542: [GC [PSYoungGen: 269808K->38368K(269824K)] 670003K->505278K(885760K), 0.0654980 secs] [Times: user=0.52 sys=0.00, real=0.06 secs] 
176.608: Total time for which application threads were stopped: 0.0656690 seconds, Stopping threads took: 0.0000810 seconds
176.719: Application time: 0.1114190 seconds
176.720: [GC [PSYoungGen: 269792K->38368K(269824K)] 736702K->540184K(885760K), 0.0545950 secs] [Times: user=0.43 sys=0.00, real=0.06 secs] 
176.774: Total time for which application threads were stopped: 0.0547850 seconds, Stopping threads took: 0.0001010 seconds
176.884: Application time: 0.1094840 seconds
176.884: [GC [PSYoungGen: 269792K->38384K(269824K)] 771608K->574890K(885760K), 0.0547280 secs] [Times: user=0.40 sys=0.01, real=0.05 secs] 
176.939: Total time for which application threads were stopped: 0.0548900 seconds, Stopping threads took: 0.0000810 seconds
177.030: Application time: 0.0911980 seconds
177.030: [GC [PSYoungGen: 269808K->38368K(269824K)] 806314K->620864K(885760K), 0.0560690 secs] [Times: user=0.44 sys=0.00, real=0.06 secs] 
177.086: [Full GC [PSYoungGen: 38368K->0K(269824K)] [ParOldGen: 582495K->116229K(615936K)] 620864K->116229K(885760K) [PSPermGen: 9150K->9150K(21504K)], 0.1229560 secs] [Times: user=0.88 sys=0.00, real=0.12 secs] 
177.209: Total time for which application threads were stopped: 0.1792430 seconds, Stopping threads took: 0.0000650 seconds
177.295: Application time: 0.0864130 seconds
177.296: [GC [PSYoungGen: 231424K->38383K(269824K)] 347653K->182139K(885760K), 0.0359020 secs] [Times: user=0.29 sys=0.00, real=0.03 secs] 
177.332: Total time for which application threads were stopped: 0.0360890 seconds, Stopping threads took: 0.0000960 seconds
177.440: Application time: 0.1086150 seconds
177.440: [GC [PSYoungGen: 269807K->38368K(269824K)] 413563K->213985K(885760K), 0.0416190 secs] [Times: user=0.32 sys=0.00, real=0.05 secs] 
177.482: Total time for which application threads were stopped: 0.0417910 seconds, Stopping threads took: 0.0000820 seconds
177.590: Application time: 0.1084650 seconds
177.593: [GC [PSYoungGen: 269792K->38384K(269824K)] 445409K->243741K(885760K), 0.0437230 secs] [Times: user=0.34 sys=0.00, real=0.04 secs] 
177.637: Total time for which application threads were stopped: 0.0462740 seconds, Stopping threads took: 0.0024500 seconds
177.731: Application time: 0.0940360 seconds
177.731: [GC [PSYoungGen: 269808K->38368K(269824K)] 475165K->282134K(885760K), 0.0475430 secs] [Times: user=0.38 sys=0.00, real=0.05 secs] 
177.778: Total time for which application threads were stopped: 0.0477240 seconds, Stopping threads took: 0.0000940 seconds
177.864: Application time: 0.0856420 seconds
177.864: [GC [PSYoungGen: 269792K->38368K(269824K)] 513558K->347518K(885760K), 0.0622200 secs] [Times: user=0.49 sys=0.00, real=0.06 secs] 
177.927: Total time for which application threads were stopped: 0.0623900 seconds, Stopping threads took: 0.0000840 seconds
178.036: Application time: 0.1094020 seconds
178.036: [GC [PSYoungGen: 269792K->38384K(269824K)] 578942K->383804K(885760K), 0.0529260 secs] [Times: user=0.41 sys=0.00, real=0.05 secs] 
178.089: Total time for which application threads were stopped: 0.0531230 seconds, Stopping threads took: 0.0001110 seconds
178.196: Application time: 0.1073520 seconds
178.197: [GC [PSYoungGen: 269808K->38384K(269824K)] 615228K->417905K(885760K), 0.0517380 secs] [Times: user=0.41 sys=0.00, real=0.05 secs] 
178.248: Total time for which application threads were stopped: 0.0519290 seconds, Stopping threads took: 0.0000950 seconds
178.343: Application time: 0.0948660 seconds
178.343: [GC [PSYoungGen: 269808K->38384K(269824K)] 649329K->463206K(885760K), 0.0550800 secs] [Times: user=0.44 sys=0.00, real=0.05 secs] 
178.398: Total time for which application threads were stopped: 0.0552410 seconds, Stopping threads took: 0.0000750 seconds
178.484: Application time: 0.0858120 seconds
178.484: [GC [PSYoungGen: 269808K->38368K(269824K)] 694630K->527540K(885760K), 0.0639450 secs] [Times: user=0.51 sys=0.00, real=0.06 secs] 
178.548: Total time for which application threads were stopped: 0.0641300 seconds, Stopping threads took: 0.0000970 seconds
178.658: Application time: 0.1097320 seconds
178.658: [GC [PSYoungGen: 269792K->38368K(269824K)] 758964K->564258K(885760K), 0.0537340 secs] [Times: user=0.43 sys=0.00, real=0.05 secs] 
178.712: Total time for which application threads were stopped: 0.0539130 seconds, Stopping threads took: 0.0000780 seconds
178.818: Application time: 0.1060330 seconds
178.818: [GC [PSYoungGen: 269792K->38368K(269824K)] 795682K->597765K(885760K), 0.0508370 secs] [Times: user=0.40 sys=0.00, real=0.05 secs] 
178.869: [Full GC [PSYoungGen: 38368K->0K(269824K)] [ParOldGen: 559396K->128896K(615936K)] 597765K->128896K(885760K) [PSPermGen: 9150K->9150K(21504K)], 0.1553800 secs] [Times: user=1.15 sys=0.00, real=0.16 secs] 
179.025: Total time for which application threads were stopped: 0.2064780 seconds, Stopping threads took: 0.0000970 seconds
179.118: Application time: 0.0932340 seconds
179.118: [GC [PSYoungGen: 231424K->38370K(269824K)] 360320K->176192K(885760K), 0.0265630 secs] [Times: user=0.21 sys=0.00, real=0.03 secs] 
179.145: Total time for which application threads were stopped: 0.0267300 seconds, Stopping threads took: 0.0000830 seconds
179.231: Application time: 0.0866220 seconds
179.231: [GC [PSYoungGen: 269794K->38384K(269824K)] 407616K->231536K(885760K), 0.0484050 secs] [Times: user=0.38 sys=0.00, real=0.05 secs] 
179.280: Total time for which application threads were stopped: 0.0486000 seconds, Stopping threads took: 0.0001060 seconds
179.390: Application time: 0.1098390 seconds
179.390: [GC [PSYoungGen: 269808K->38384K(269824K)] 462960K->261938K(885760K), 0.0451330 secs] [Times: user=0.36 sys=0.00, real=0.05 secs] 
179.435: Total time for which application threads were stopped: 0.0453210 seconds, Stopping threads took: 0.0000880 seconds
179.541: Application time: 0.1058600 seconds
179.541: [GC [PSYoungGen: 269808K->38384K(269824K)] 493362K->294030K(885760K), 0.0483500 secs] [Times: user=0.38 sys=0.01, real=0.04 secs] 
179.589: Total time for which application threads were stopped: 0.0485150 seconds, Stopping threads took: 0.0000790 seconds
179.681: Application time: 0.0919120 seconds
179.681: [GC [PSYoungGen: 269808K->38368K(269824K)] 525454K->343276K(885760K), 0.0574570 secs] [Times: user=0.45 sys=0.00, real=0.05 secs] 
179.739: Total time for which application threads were stopped: 0.0576170 seconds, Stopping threads took: 0.0000740 seconds
179.826: Application time: 0.0869310 seconds
179.826: [GC [PSYoungGen: 269792K->38384K(269824K)] 574700K->404148K(885760K), 0.0677910 secs] [Times: user=0.54 sys=0.00, real=0.07 secs] 
179.894: Total time for which application threads were stopped: 0.0679550 seconds, Stopping threads took: 0.0000770 seconds
180.005: Application time: 0.1109950 seconds
180.005: [GC [PSYoungGen: 269808K->38384K(269824K)] 635572K->437527K(885760K), 0.0575360 secs] [Times: user=0.46 sys=0.00, real=0.06 secs] 
180.062: Total time for which application threads were stopped: 0.0577310 seconds, Stopping threads took: 0.0000960 seconds
180.169: Application time: 0.1064470 seconds
180.169: [GC [PSYoungGen: 269808K->38384K(269824K)] 668951K->470959K(885760K), 0.0554360 secs] [Times: user=0.44 sys=0.00, real=0.06 secs] 
180.224: Total time for which application threads were stopped: 0.0555910 seconds, Stopping threads took: 0.0000670 seconds
180.314: Application time: 0.0897600 seconds
180.314: [GC [PSYoungGen: 269808K->38384K(269824K)] 702383K->524362K(885760K), 0.0628680 secs] [Times: user=0.50 sys=0.00, real=0.06 secs] 
180.377: Total time for which application threads were stopped: 0.0630440 seconds, Stopping threads took: 0.0000870 seconds
180.469: Application time: 0.0915290 seconds
180.469: [GC [PSYoungGen: 269808K->38368K(269824K)] 755786K->580677K(885760K), 0.0657700 secs] [Times: user=0.52 sys=0.00, real=0.07 secs] 
180.535: [Full GC [PSYoungGen: 38368K->0K(269824K)] [ParOldGen: 542308K->140417K(615936K)] 580677K->140417K(885760K) [PSPermGen: 9150K->9150K(21504K)], 0.1672390 secs] [Times: user=1.24 sys=0.00, real=0.17 secs] 
180.702: Total time for which application threads were stopped: 0.2332750 seconds, Stopping threads took: 0.0001160 seconds
180.810: Application time: 0.1081790 seconds
180.810: [GC [PSYoungGen: 231424K->36946K(269824K)] 371841K->177364K(885760K), 0.0242340 secs] [Times: user=0.19 sys=0.00, real=0.03 secs] 
180.835: Total time for which application threads were stopped: 0.0244190 seconds, Stopping threads took: 0.0000880 seconds
180.938: Application time: 0.1034100 seconds
180.938: [GC [PSYoungGen: 268370K->38392K(269824K)] 408788K->208207K(885760K), 0.0387930 secs] [Times: user=0.31 sys=0.00, real=0.04 secs] 
180.977: Total time for which application threads were stopped: 0.0389580 seconds, Stopping threads took: 0.0000830 seconds
181.067: Application time: 0.0895070 seconds
181.067: [GC [PSYoungGen: 269816K->38376K(269824K)] 439631K->256523K(885760K), 0.0511110 secs] [Times: user=0.41 sys=0.00, real=0.05 secs] 
181.118: Total time for which application threads were stopped: 0.0512860 seconds, Stopping threads took: 0.0000900 seconds
181.213: Application time: 0.0952100 seconds
181.213: [GC [PSYoungGen: 269800K->38392K(269824K)] 487947K->305879K(885760K), 0.0540350 secs] [Times: user=0.42 sys=0.00, real=0.05 secs] 
181.267: Total time for which application threads were stopped: 0.0541960 seconds, Stopping threads took: 0.0000760 seconds
181.374: Application time: 0.1069670 seconds
181.377: [GC [PSYoungGen: 269816K->38376K(269824K)] 537303K->343580K(885760K), 0.0541960 secs] [Times: user=0.43 sys=0.00, real=0.05 secs] 
181.431: Total time for which application threads were stopped: 0.0569430 seconds, Stopping threads took: 0.0026520 seconds
181.532: Application time: 0.1007670 seconds
181.532: [GC [PSYoungGen: 269800K->38376K(269824K)] 575004K->384374K(885760K), 0.0521060 secs] [Times: user=0.42 sys=0.00, real=0.06 secs] 
181.584: Total time for which application threads were stopped: 0.0522890 seconds, Stopping threads took: 0.0000960 seconds
181.682: Application time: 0.0974120 seconds
181.682: [GC [PSYoungGen: 269800K->38392K(269824K)] 615798K->432749K(885760K), 0.0591480 secs] [Times: user=0.47 sys=0.00, real=0.06 secs] 
181.741: Total time for which application threads were stopped: 0.0593240 seconds, Stopping threads took: 0.0000890 seconds
181.839: Application time: 0.0976450 seconds
181.839: [GC [PSYoungGen: 269816K->38376K(269824K)] 664173K->485267K(885760K), 0.0585620 secs] [Times: user=0.47 sys=0.00, real=0.06 secs] 
181.897: Total time for which application threads were stopped: 0.0587410 seconds, Stopping threads took: 0.0000900 seconds
181.999: Application time: 0.1018210 seconds
181.999: [GC [PSYoungGen: 269800K->38376K(269824K)] 716691K->525390K(885760K), 0.0551890 secs] [Times: user=0.44 sys=0.00, real=0.06 secs] 
182.055: Total time for which application threads were stopped: 0.0553700 seconds, Stopping threads took: 0.0000860 seconds
182.158: Application time: 0.1036700 seconds
182.158: [GC [PSYoungGen: 269800K->38392K(269824K)] 756814K->564288K(885760K), 0.0543260 secs] [Times: user=0.42 sys=0.00, real=0.05 secs] 
182.213: Total time for which application threads were stopped: 0.0544770 seconds, Stopping threads took: 0.0000650 seconds
182.308: Application time: 0.0949020 seconds
182.308: [GC [PSYoungGen: 269816K->38376K(269824K)] 795712K->613906K(885760K), 0.0579150 secs] [Times: user=0.44 sys=0.00, real=0.06 secs] 
182.366: [Full GC [PSYoungGen: 38376K->0K(269824K)] [ParOldGen: 575529K->133143K(615936K)] 613906K->133143K(885760K) [PSPermGen: 9151K->9151K(21504K)], 0.1580170 secs] [Times: user=1.17 sys=0.00, real=0.16 secs] 
182.524: Total time for which application threads were stopped: 0.2161850 seconds, Stopping threads took: 0.0001020 seconds
182.618: Application time: 0.0938190 seconds
182.618: [GC [PSYoungGen: 231424K->38397K(269824K)] 364567K->186175K(885760K), 0.0299290 secs] [Times: user=0.23 sys=0.00, real=0.03 secs] 
182.648: Total time for which application threads were stopped: 0.0301420 seconds, Stopping threads took: 0.0001060 seconds
182.752: Application time: 0.1042130 seconds
182.752: [GC [PSYoungGen: 269821K->38384K(269824K)] 417599K->217759K(885760K), 0.0401080 secs] [Times: user=0.32 sys=0.00, real=0.04 secs] 
182.792: Total time for which application threads were stopped: 0.0403180 seconds, Stopping threads took: 0.0001210 seconds
182.894: Application time: 0.1014630 seconds
182.894: [GC [PSYoungGen: 269709K->38368K(269824K)] 449084K->252882K(885760K), 0.0450590 secs] [Times: user=0.36 sys=0.00, real=0.04 secs] 
182.939: Total time for which application threads were stopped: 0.0452300 seconds, Stopping threads took: 0.0000830 seconds
183.032: Application time: 0.0927710 seconds
183.032: [GC [PSYoungGen: 269792K->38384K(269824K)] 484306K->296388K(885760K), 0.0501140 secs] [Times: user=0.40 sys=0.00, real=0.06 secs] 
183.082: Total time for which application threads were stopped: 0.0502820 seconds, Stopping threads took: 0.0000830 seconds
183.176: Application time: 0.0939860 seconds
183.176: [GC [PSYoungGen: 269803K->38368K(269824K)] 527807K->348498K(885760K), 0.0568360 secs] [Times: user=0.45 sys=0.00, real=0.06 secs] 
183.233: Total time for which application threads were stopped: 0.0570350 seconds, Stopping threads took: 0.0001050 seconds
183.333: Application time: 0.0996280 seconds
183.333: [GC [PSYoungGen: 269792K->38384K(269824K)] 579922K->391952K(885760K), 0.0536330 secs] [Times: user=0.42 sys=0.00, real=0.05 secs] 
183.387: Total time for which application threads were stopped: 0.0538150 seconds, Stopping threads took: 0.0000930 seconds
183.487: Application time: 0.1008540 seconds
183.488: [GC [PSYoungGen: 269808K->38368K(269824K)] 623376K->428727K(885760K), 0.0503860 secs] [Times: user=0.39 sys=0.00, real=0.05 secs] 
183.538: Total time for which application threads were stopped: 0.0505930 seconds, Stopping threads took: 0.0001100 seconds
183.636: Application time: 0.0980260 seconds
183.636: [GC [PSYoungGen: 269792K->38384K(269824K)] 660151K->478876K(885760K), 0.0568110 secs] [Times: user=0.45 sys=0.00, real=0.06 secs] 
183.693: Total time for which application threads were stopped: 0.0569900 seconds, Stopping threads took: 0.0000930 seconds
183.789: Application time: 0.0964550 seconds
183.790: [GC [PSYoungGen: 269808K->38384K(269824K)] 710300K->526873K(885760K), 0.0574780 secs] [Times: user=0.46 sys=0.00, real=0.06 secs] 
183.847: Total time for which application threads were stopped: 0.0577380 seconds, Stopping threads took: 0.0001550 seconds
183.949: Application time: 0.1018670 seconds
183.949: [GC [PSYoungGen: 269808K->38368K(269824K)] 758297K->572086K(885760K), 0.0566530 secs] [Times: user=0.45 sys=0.00, real=0.06 secs] 
184.006: Total time for which application threads were stopped: 0.0568320 seconds, Stopping threads took: 0.0000950 seconds
184.103: Application time: 0.0969780 seconds
184.103: [GC [PSYoungGen: 269792K->38384K(269824K)] 803510K->612240K(885760K), 0.0521730 secs] [Times: user=0.41 sys=0.00, real=0.05 secs] 
184.155: [Full GC [PSYoungGen: 38384K->0K(269824K)] [ParOldGen: 573855K->127972K(615936K)] 612240K->127972K(885760K) [PSPermGen: 9151K->9151K(21504K)], 0.1433890 secs] [Times: user=1.05 sys=0.00, real=0.14 secs] 
184.299: Total time for which application threads were stopped: 0.1957870 seconds, Stopping threads took: 0.0000750 seconds
184.402: Application time: 0.1030800 seconds
184.402: [GC [PSYoungGen: 231131K->38395K(269824K)] 359103K->175484K(885760K), 0.0296670 secs] [Times: user=0.23 sys=0.00, real=0.02 secs] 
184.432: Total time for which application threads were stopped: 0.0298510 seconds, Stopping threads took: 0.0000880 seconds
184.531: Application time: 0.0989200 seconds
184.531: [GC [PSYoungGen: 269819K->38368K(269824K)] 406908K->219636K(885760K), 0.0465130 secs] [Times: user=0.37 sys=0.00, real=0.05 secs] 
184.577: Total time for which application threads were stopped: 0.0466620 seconds, Stopping threads took: 0.0000650 seconds
184.674: Application time: 0.0969290 seconds
184.674: [GC [PSYoungGen: 269792K->38384K(269824K)] 451060K->263080K(885760K), 0.0492400 secs] [Times: user=0.38 sys=0.00, real=0.05 secs] 
184.724: Total time for which application threads were stopped: 0.0493980 seconds, Stopping threads took: 0.0000710 seconds
184.823: Application time: 0.0998220 seconds
184.824: [GC [PSYoungGen: 269808K->38368K(269824K)] 494504K->296296K(885760K), 0.0449800 secs] [Times: user=0.36 sys=0.00, real=0.04 secs] 
184.869: Total time for which application threads were stopped: 0.0451960 seconds, Stopping threads took: 0.0001250 seconds
184.966: Application time: 0.0971140 seconds
184.966: [GC [PSYoungGen: 269792K->38384K(269824K)] 527720K->344194K(885760K), 0.0544860 secs] [Times: user=0.44 sys=0.00, real=0.05 secs] 
185.020: Total time for which application threads were stopped: 0.0546760 seconds, Stopping threads took: 0.0000930 seconds
185.114: Application time: 0.0935160 seconds
185.114: [GC [PSYoungGen: 269808K->38368K(269824K)] 575618K->395186K(885760K), 0.0554210 secs] [Times: user=0.43 sys=0.00, real=0.05 secs] 
185.169: Total time for which application threads were stopped: 0.0555810 seconds, Stopping threads took: 0.0000760 seconds
185.267: Application time: 0.0971980 seconds
185.267: [GC [PSYoungGen: 269792K->38368K(269824K)] 626610K->441515K(885760K), 0.0542860 secs] [Times: user=0.43 sys=0.00, real=0.06 secs] 
185.321: Total time for which application threads were stopped: 0.0544730 seconds, Stopping threads took: 0.0000990 seconds
185.423: Application time: 0.1020890 seconds
185.425: [GC [PSYoungGen: 269765K->38384K(269824K)] 672912K->478230K(885760K), 0.0493460 secs] [Times: user=0.39 sys=0.00, real=0.05 secs] 
185.474: Total time for which application threads were stopped: 0.0510930 seconds, Stopping threads took: 0.0016600 seconds
185.573: Application time: 0.0987090 seconds
185.573: [GC [PSYoungGen: 269808K->38384K(269824K)] 709654K->526221K(885760K), 0.0556810 secs] [Times: user=0.44 sys=0.01, real=0.05 secs] 
185.629: Total time for which application threads were stopped: 0.0558710 seconds, Stopping threads took: 0.0000930 seconds
185.721: Application time: 0.0925210 seconds
185.722: [GC [PSYoungGen: 269808K->38368K(269824K)] 757645K->578750K(885760K), 0.0559850 secs] [Times: user=0.44 sys=0.00, real=0.05 secs] 
185.778: Total time for which application threads were stopped: 0.0561580 seconds, Stopping threads took: 0.0000870 seconds
185.874: Application time: 0.0968230 seconds
185.877: [GC [PSYoungGen: 269792K->38368K(269824K)] 810174K->622366K(885760K), 0.0524080 secs] [Times: user=0.39 sys=0.02, real=0.05 secs] 
185.929: [Full GC [PSYoungGen: 38368K->0K(269824K)] [ParOldGen: 583997K->143774K(615936K)] 622366K->143774K(885760K) [PSPermGen: 9151K->9151K(21504K)], 0.1775840 secs] [Times: user=1.32 sys=0.00, real=0.18 secs] 
186.107: Total time for which application threads were stopped: 0.2326200 seconds, Stopping threads took: 0.0024720 seconds
186.208: Application time: 0.1012270 seconds
186.208: [GC [PSYoungGen: 231424K->37936K(269824K)] 375198K->181710K(885760K), 0.0250030 secs] [Times: user=0.19 sys=0.00, real=0.03 secs] 
186.233: Total time for which application threads were stopped: 0.0252010 seconds, Stopping threads took: 0.0001000 seconds
186.337: Application time: 0.1039810 seconds
186.338: [GC [PSYoungGen: 269360K->38378K(269824K)] 413134K->222320K(885760K), 0.0436100 secs] [Times: user=0.34 sys=0.00, real=0.05 secs] 
186.381: Total time for which application threads were stopped: 0.0437760 seconds, Stopping threads took: 0.0000790 seconds
186.476: Application time: 0.0942670 seconds
186.477: [GC [PSYoungGen: 269802K->38368K(269824K)] 453744K->269027K(885760K), 0.0523720 secs] [Times: user=0.39 sys=0.00, real=0.05 secs] 
186.529: Total time for which application threads were stopped: 0.0538240 seconds, Stopping threads took: 0.0013660 seconds
186.628: Application time: 0.0985940 seconds
186.628: [GC [PSYoungGen: 269792K->38368K(269824K)] 500451K->311984K(885760K), 0.0548400 secs] [Times: user=0.43 sys=0.00, real=0.06 secs] 
186.683: Total time for which application threads were stopped: 0.0550270 seconds, Stopping threads took: 0.0000980 seconds
186.784: Application time: 0.1010390 seconds
186.785: [GC [PSYoungGen: 269792K->38384K(269824K)] 543408K->350230K(885760K), 0.0556630 secs] [Times: user=0.43 sys=0.00, real=0.05 secs] 
186.841: Total time for which application threads were stopped: 0.0566600 seconds, Stopping threads took: 0.0008900 seconds
186.942: Application time: 0.1012690 seconds
186.942: [GC [PSYoungGen: 269808K->38384K(269824K)] 581654K->395997K(885760K), 0.0620880 secs] [Times: user=0.49 sys=0.00, real=0.06 secs] 
187.004: Total time for which application threads were stopped: 0.0622730 seconds, Stopping threads took: 0.0000960 seconds
187.100: Application time: 0.0957490 seconds
187.100: [GC [PSYoungGen: 269808K->38384K(269824K)] 627421K->445642K(885760K), 0.0638070 secs] [Times: user=0.50 sys=0.00, real=0.07 secs] 
187.164: Total time for which application threads were stopped: 0.0639820 seconds, Stopping threads took: 0.0000890 seconds
187.266: Application time: 0.1018920 seconds
187.266: [GC [PSYoungGen: 269805K->38368K(269824K)] 677064K->489779K(885760K), 0.0625480 secs] [Times: user=0.49 sys=0.00, real=0.06 secs] 
187.329: Total time for which application threads were stopped: 0.0627450 seconds, Stopping threads took: 0.0001070 seconds
187.432: Application time: 0.1033380 seconds
187.432: [GC [PSYoungGen: 269792K->38384K(269824K)] 721203K->530429K(885760K), 0.0607110 secs] [Times: user=0.48 sys=0.00, real=0.06 secs] 
187.493: Total time for which application threads were stopped: 0.0608900 seconds, Stopping threads took: 0.0000800 seconds
187.591: Application time: 0.0978040 seconds
187.593: [GC [PSYoungGen: 269808K->38368K(269824K)] 761853K->575909K(885760K), 0.0628950 secs] [Times: user=0.50 sys=0.00, real=0.06 secs] 
187.656: Total time for which application threads were stopped: 0.0652790 seconds, Stopping threads took: 0.0022840 seconds
187.754: Application time: 0.0979720 seconds
187.754: [GC [PSYoungGen: 269792K->38384K(269824K)] 807333K->626476K(885760K), 0.0655610 secs] [Times: user=0.52 sys=0.00, real=0.06 secs] 
187.820: [Full GC [PSYoungGen: 38384K->0K(269824K)] [ParOldGen: 588092K->140198K(615936K)] 626476K->140198K(885760K) [PSPermGen: 9151K->9151K(21504K)], 0.1684250 secs] [Times: user=1.25 sys=0.00, real=0.17 secs] 
187.988: Total time for which application threads were stopped: 0.2342380 seconds, Stopping threads took: 0.0000930 seconds
188.091: Application time: 0.1032950 seconds
188.093: [GC [PSYoungGen: 231424K->38379K(269824K)] 371622K->182528K(885760K), 0.0258080 secs] [Times: user=0.20 sys=0.00, real=0.02 secs] 
188.119: Total time for which application threads were stopped: 0.0273740 seconds, Stopping threads took: 0.0014670 seconds
188.221: Application time: 0.1026000 seconds
188.222: [GC [PSYoungGen: 269803K->38384K(269824K)] 413952K->215490K(885760K), 0.0409140 secs] [Times: user=0.32 sys=0.00, real=0.04 secs] 
188.263: Total time for which application threads were stopped: 0.0411100 seconds, Stopping threads took: 0.0001060 seconds
188.360: Application time: 0.0978790 seconds
188.361: [GC [PSYoungGen: 269808K->38384K(269824K)] 446914K->255759K(885760K), 0.0477890 secs] [Times: user=0.38 sys=0.00, real=0.05 secs] 
188.408: Total time for which application threads were stopped: 0.0479550 seconds, Stopping threads took: 0.0000780 seconds
188.502: Application time: 0.0940790 seconds
188.503: [GC [PSYoungGen: 269808K->38384K(269824K)] 487183K->307184K(885760K), 0.0571980 secs] [Times: user=0.45 sys=0.01, real=0.05 secs] 
188.560: Total time for which application threads were stopped: 0.0573700 seconds, Stopping threads took: 0.0000840 seconds
188.658: Application time: 0.0984870 seconds
188.658: [GC [PSYoungGen: 269808K->38368K(269824K)] 538608K->352056K(885760K), 0.0558700 secs] [Times: user=0.44 sys=0.00, real=0.06 secs] 
188.714: Total time for which application threads were stopped: 0.0560620 seconds, Stopping threads took: 0.0000920 seconds
188.823: Application time: 0.1083740 seconds
188.823: [GC [PSYoungGen: 269792K->38384K(269824K)] 583480K->387329K(885760K), 0.0553210 secs] [Times: user=0.44 sys=0.00, real=0.05 secs] 
188.878: Total time for which application threads were stopped: 0.0554980 seconds, Stopping threads took: 0.0000690 seconds
188.977: Application time: 0.0985360 seconds
188.977: [GC [PSYoungGen: 269471K->38384K(269824K)] 618416K->430619K(885760K), 0.0573140 secs] [Times: user=0.46 sys=0.00, real=0.06 secs] 
189.034: Total time for which application threads were stopped: 0.0575290 seconds, Stopping threads took: 0.0001280 seconds
189.126: Application time: 0.0921390 seconds
189.127: [GC [PSYoungGen: 269455K->38384K(269824K)] 661690K->485430K(885760K), 0.0629570 secs] [Times: user=0.50 sys=0.00, real=0.06 secs] 
189.190: Total time for which application threads were stopped: 0.0631220 seconds, Stopping threads took: 0.0000810 seconds
189.285: Application time: 0.0955080 seconds
189.285: [GC [PSYoungGen: 269808K->38384K(269824K)] 716854K->534684K(885760K), 0.0604360 secs] [Times: user=0.48 sys=0.00, real=0.06 secs] 
189.346: Total time for which application threads were stopped: 0.0605950 seconds, Stopping threads took: 0.0000630 seconds
189.456: Application time: 0.1100520 seconds
189.457: [GC [PSYoungGen: 269808K->38384K(269824K)] 766108K->567474K(885760K), 0.0556150 secs] [Times: user=0.43 sys=0.00, real=0.05 secs] 
189.513: Total time for which application threads were stopped: 0.0568600 seconds, Stopping threads took: 0.0011570 seconds
189.611: Application time: 0.0981640 seconds
189.611: [GC [PSYoungGen: 269808K->38368K(269824K)] 798898K->606472K(885760K), 0.0555150 secs] [Times: user=0.44 sys=0.00, real=0.06 secs] 
189.666: [Full GC [PSYoungGen: 38368K->0K(269824K)] [ParOldGen: 568103K->118719K(615936K)] 606472K->118719K(885760K) [PSPermGen: 9151K->9151K(21504K)], 0.1337450 secs] [Times: user=0.97 sys=0.01, real=0.13 secs] 
189.800: Total time for which application threads were stopped: 0.1895070 seconds, Stopping threads took: 0.0000900 seconds
189.891: Application time: 0.0902880 seconds
189.891: [GC [PSYoungGen: 231424K->38384K(269824K)] 350143K->177873K(885760K), 0.0328360 secs] [Times: user=0.26 sys=0.00, real=0.04 secs] 
189.924: Total time for which application threads were stopped: 0.0330130 seconds, Stopping threads took: 0.0000820 seconds
190.018: Application time: 0.0942980 seconds
190.018: [GC [PSYoungGen: 269808K->38368K(269824K)] 409297K->223893K(885760K), 0.0460070 secs] [Times: user=0.36 sys=0.00, real=0.05 secs] 
190.064: Total time for which application threads were stopped: 0.0461780 seconds, Stopping threads took: 0.0000890 seconds
190.174: Application time: 0.1097010 seconds
190.174: [GC [PSYoungGen: 269792K->38368K(269824K)] 455317K->252378K(885760K), 0.0452600 secs] [Times: user=0.36 sys=0.00, real=0.04 secs] 
190.219: Total time for which application threads were stopped: 0.0454110 seconds, Stopping threads took: 0.0000700 seconds
190.321: Application time: 0.1018860 seconds
190.321: [GC [PSYoungGen: 269792K->38384K(269824K)] 483802K->284789K(885760K), 0.0455660 secs] [Times: user=0.36 sys=0.00, real=0.04 secs] 
190.367: Total time for which application threads were stopped: 0.0457260 seconds, Stopping threads took: 0.0000750 seconds
190.452: Application time: 0.0849280 seconds
190.452: [GC [PSYoungGen: 269808K->38368K(269824K)] 516213K->344398K(885760K), 0.0600010 secs] [Times: user=0.47 sys=0.00, real=0.06 secs] 
190.512: Total time for which application threads were stopped: 0.0601750 seconds, Stopping threads took: 0.0000780 seconds
190.609: Application time: 0.0967000 seconds
190.609: [GC [PSYoungGen: 269792K->38384K(269824K)] 575822K->396406K(885760K), 0.0588810 secs] [Times: user=0.46 sys=0.00, real=0.06 secs] 
190.668: Total time for which application threads were stopped: 0.0590570 seconds, Stopping threads took: 0.0000890 seconds
190.776: Application time: 0.1087770 seconds
190.777: [GC [PSYoungGen: 269808K->38368K(269824K)] 627830K->428884K(885760K), 0.0514160 secs] [Times: user=0.41 sys=0.00, real=0.05 secs] 
190.828: Total time for which application threads were stopped: 0.0515850 seconds, Stopping threads took: 0.0000830 seconds
190.929: Application time: 0.1011970 seconds
190.929: [GC [PSYoungGen: 269792K->38384K(269824K)] 660308K->465471K(885760K), 0.0529090 secs] [Times: user=0.41 sys=0.00, real=0.06 secs] 
190.982: Total time for which application threads were stopped: 0.0530750 seconds, Stopping threads took: 0.0000800 seconds
191.069: Application time: 0.0867330 seconds
191.069: [GC [PSYoungGen: 269808K->38368K(269824K)] 696895K->526411K(885760K), 0.0629490 secs] [Times: user=0.49 sys=0.00, real=0.06 secs] 
191.132: Total time for which application threads were stopped: 0.0631230 seconds, Stopping threads took: 0.0000790 seconds
191.229: Application time: 0.0964730 seconds
191.229: [GC [PSYoungGen: 269792K->38368K(269824K)] 757835K->577804K(885760K), 0.0597830 secs] [Times: user=0.47 sys=0.00, real=0.06 secs] 
191.289: Total time for which application threads were stopped: 0.0599640 seconds, Stopping threads took: 0.0000920 seconds
191.400: Application time: 0.1109320 seconds
191.400: [GC [PSYoungGen: 269792K->38384K(269824K)] 809228K->611384K(885760K), 0.0538300 secs] [Times: user=0.43 sys=0.00, real=0.06 secs] 
191.454: [Full GC [PSYoungGen: 38384K->0K(269824K)] [ParOldGen: 572999K->137998K(615936K)] 611384K->137998K(885760K) [PSPermGen: 9151K->9151K(21504K)], 0.1748080 secs] [Times: user=1.28 sys=0.00, real=0.17 secs] 
191.629: Total time for which application threads were stopped: 0.2292960 seconds, Stopping threads took: 0.0005130 seconds
191.733: Application time: 0.1044190 seconds
191.733: [GC [PSYoungGen: 231424K->36922K(269824K)] 369422K->174921K(885760K), 0.0233680 secs] [Times: user=0.19 sys=0.00, real=0.02 secs] 
191.757: Total time for which application threads were stopped: 0.0236000 seconds, Stopping threads took: 0.0001230 seconds
191.843: Application time: 0.0857190 seconds
191.843: [GC [PSYoungGen: 268346K->38388K(269824K)] 406345K->230021K(885760K), 0.0465270 secs] [Times: user=0.37 sys=0.00, real=0.04 secs] 
191.889: Total time for which application threads were stopped: 0.0466720 seconds, Stopping threads took: 0.0000590 seconds
191.988: Application time: 0.0985510 seconds
191.988: [GC [PSYoungGen: 269812K->38384K(269824K)] 461445K->275900K(885760K), 0.0524520 secs] [Times: user=0.41 sys=0.00, real=0.05 secs] 
192.040: Total time for which application threads were stopped: 0.0526520 seconds, Stopping threads took: 0.0001120 seconds
192.152: Application time: 0.1120250 seconds
192.153: [GC [PSYoungGen: 269808K->38384K(269824K)] 507324K->304097K(885760K), 0.0494310 secs] [Times: user=0.39 sys=0.00, real=0.06 secs] 
192.202: Total time for which application threads were stopped: 0.0496040 seconds, Stopping threads took: 0.0000880 seconds
192.312: Application time: 0.1096400 seconds
192.313: [GC [PSYoungGen: 269808K->38368K(269824K)] 535521K->340326K(885760K), 0.0551160 secs] [Times: user=0.43 sys=0.00, real=0.05 secs] 
192.368: Total time for which application threads were stopped: 0.0564190 seconds, Stopping threads took: 0.0012040 seconds
192.456: Application time: 0.0880170 seconds
192.456: [GC [PSYoungGen: 269792K->38368K(269824K)] 571750K->402881K(885760K), 0.0689140 secs] [Times: user=0.55 sys=0.00, real=0.07 secs] 
192.525: Total time for which application threads were stopped: 0.0691220 seconds, Stopping threads took: 0.0001180 seconds
192.622: Application time: 0.0970490 seconds
192.622: [GC [PSYoungGen: 269792K->38368K(269824K)] 634305K->451952K(885760K), 0.0651170 secs] [Times: user=0.51 sys=0.00, real=0.06 secs] 
192.688: Total time for which application threads were stopped: 0.0652820 seconds, Stopping threads took: 0.0000740 seconds
192.796: Application time: 0.1084670 seconds
192.797: [GC [PSYoungGen: 269792K->38384K(269824K)] 683376K->486925K(885760K), 0.0603210 secs] [Times: user=0.48 sys=0.00, real=0.06 secs] 
192.857: Total time for which application threads were stopped: 0.0611840 seconds, Stopping threads took: 0.0007750 seconds
192.959: Application time: 0.1015520 seconds
192.959: [GC [PSYoungGen: 269808K->38368K(269824K)] 718349K->524588K(885760K), 0.0603190 secs] [Times: user=0.48 sys=0.00, real=0.06 secs] 
193.019: Total time for which application threads were stopped: 0.0604940 seconds, Stopping threads took: 0.0000760 seconds
193.104: Application time: 0.0847710 seconds
193.104: [GC [PSYoungGen: 269792K->38368K(269824K)] 756012K->585709K(885760K), 0.0702380 secs] [Times: user=0.56 sys=0.00, real=0.07 secs] 
193.175: [Full GC [PSYoungGen: 38368K->0K(269824K)] [ParOldGen: 547341K->141435K(615936K)] 585709K->141435K(885760K) [PSPermGen: 9151K->9151K(21504K)], 0.1662920 secs] [Times: user=1.23 sys=0.00, real=0.16 secs] 
193.341: Total time for which application threads were stopped: 0.2367590 seconds, Stopping threads took: 0.0000750 seconds
193.449: Application time: 0.1078550 seconds
193.449: [GC [PSYoungGen: 231424K->38384K(269824K)] 372859K->187611K(885760K), 0.0281600 secs] [Times: user=0.23 sys=0.00, real=0.03 secs] 
193.477: Total time for which application threads were stopped: 0.0283500 seconds, Stopping threads took: 0.0000980 seconds
193.585: Application time: 0.1074670 seconds
193.585: [GC [PSYoungGen: 269808K->38384K(269824K)] 419035K->218663K(885760K), 0.0425750 secs] [Times: user=0.34 sys=0.00, real=0.04 secs] 
193.627: Total time for which application threads were stopped: 0.0427640 seconds, Stopping threads took: 0.0000890 seconds
193.730: Application time: 0.1025410 seconds
193.730: [GC [PSYoungGen: 269340K->38368K(269824K)] 449619K->256699K(885760K), 0.0497500 secs] [Times: user=0.39 sys=0.00, real=0.05 secs] 
193.780: Total time for which application threads were stopped: 0.0499310 seconds, Stopping threads took: 0.0000940 seconds
193.870: Application time: 0.0897960 seconds
193.870: [GC [PSYoungGen: 269792K->38384K(269824K)] 488123K->314029K(885760K), 0.0586700 secs] [Times: user=0.47 sys=0.00, real=0.06 secs] 
193.928: Total time for which application threads were stopped: 0.0588600 seconds, Stopping threads took: 0.0000720 seconds
194.028: Application time: 0.0998810 seconds
194.028: [GC [PSYoungGen: 269689K->38368K(269824K)] 545334K->360125K(885760K), 0.0566460 secs] [Times: user=0.45 sys=0.00, real=0.06 secs] 
194.085: Total time for which application threads were stopped: 0.0568410 seconds, Stopping threads took: 0.0001060 seconds
194.190: Application time: 0.1050790 seconds
194.190: [GC [PSYoungGen: 269792K->38368K(269824K)] 591549K->398473K(885760K), 0.0542610 secs] [Times: user=0.41 sys=0.00, real=0.06 secs] 
194.245: Total time for which application threads were stopped: 0.0544340 seconds, Stopping threads took: 0.0000730 seconds
194.344: Application time: 0.0995770 seconds
194.344: [GC [PSYoungGen: 269792K->38368K(269824K)] 629897K->438839K(885760K), 0.0532120 secs] [Times: user=0.43 sys=0.00, real=0.05 secs] 
194.398: Total time for which application threads were stopped: 0.0534280 seconds, Stopping threads took: 0.0001280 seconds
194.487: Application time: 0.0893120 seconds
194.487: [GC [PSYoungGen: 269792K->38368K(269824K)] 670263K->496083K(885760K), 0.0608180 secs] [Times: user=0.48 sys=0.00, real=0.06 secs] 
194.548: Total time for which application threads were stopped: 0.0609760 seconds, Stopping threads took: 0.0000740 seconds
194.650: Application time: 0.1019380 seconds
194.650: [GC [PSYoungGen: 269792K->38384K(269824K)] 727507K->541661K(885760K), 0.0585910 secs] [Times: user=0.46 sys=0.00, real=0.06 secs] 
194.709: Total time for which application threads were stopped: 0.0587610 seconds, Stopping threads took: 0.0000830 seconds
194.813: Application time: 0.1038790 seconds
194.817: [GC [PSYoungGen: 269808K->38368K(269824K)] 773085K->579270K(885760K), 0.0538770 secs] [Times: user=0.42 sys=0.00, real=0.05 secs] 
194.871: Total time for which application threads were stopped: 0.0582830 seconds, Stopping threads took: 0.0043050 seconds
194.975: Application time: 0.1039990 seconds
194.975: [GC [PSYoungGen: 269792K->38368K(269824K)] 810694K->618810K(885760K), 0.0548040 secs] [Times: user=0.43 sys=0.00, real=0.05 secs] 
195.030: [Full GC [PSYoungGen: 38368K->0K(269824K)] [ParOldGen: 580442K->118327K(615936K)] 618810K->118327K(885760K) [PSPermGen: 9151K->9151K(21504K)], 0.1358810 secs] [Times: user=0.99 sys=0.00, real=0.14 secs] 
195.166: Total time for which application threads were stopped: 0.1909740 seconds, Stopping threads took: 0.0001420 seconds
195.256: Application time: 0.0902400 seconds
195.256: [GC [PSYoungGen: 231424K->38383K(269824K)] 349751K->176875K(885760K), 0.0319300 secs] [Times: user=0.25 sys=0.00, real=0.03 secs] 
195.288: Total time for which application threads were stopped: 0.0321160 seconds, Stopping threads took: 0.0000970 seconds
195.389: Application time: 0.1009910 seconds
195.389: [GC [PSYoungGen: 269807K->38384K(269824K)] 408299K->217029K(885760K), 0.0439880 secs] [Times: user=0.35 sys=0.00, real=0.05 secs] 
195.433: Total time for which application threads were stopped: 0.0441850 seconds, Stopping threads took: 0.0000950 seconds
195.535: Application time: 0.1019500 seconds
195.535: [GC [PSYoungGen: 269808K->38384K(269824K)] 448453K->250193K(885760K), 0.0428060 secs] [Times: user=0.34 sys=0.00, real=0.04 secs] 
195.578: Total time for which application threads were stopped: 0.0429720 seconds, Stopping threads took: 0.0000800 seconds
195.681: Application time: 0.1028940 seconds
195.681: [GC [PSYoungGen: 269808K->38384K(269824K)] 481617K->282889K(885760K), 0.0454370 secs] [Times: user=0.35 sys=0.00, real=0.04 secs] 
195.727: Total time for which application threads were stopped: 0.0456010 seconds, Stopping threads took: 0.0000780 seconds
195.818: Application time: 0.0916300 seconds
195.819: [GC [PSYoungGen: 269808K->38384K(269824K)] 514313K->338907K(885760K), 0.0569320 secs] [Times: user=0.45 sys=0.00, real=0.06 secs] 
195.876: Total time for which application threads were stopped: 0.0571090 seconds, Stopping threads took: 0.0000890 seconds
195.977: Application time: 0.1012690 seconds
195.981: [GC [PSYoungGen: 269808K->38368K(269824K)] 570331K->385064K(885760K), 0.0552060 secs] [Times: user=0.44 sys=0.00, real=0.05 secs] 
196.036: Total time for which application threads were stopped: 0.0593380 seconds, Stopping threads took: 0.0040330 seconds
196.140: Application time: 0.1041140 seconds
196.140: [GC [PSYoungGen: 269792K->38368K(269824K)] 616488K->423848K(885760K), 0.0506940 secs] [Times: user=0.40 sys=0.00, real=0.05 secs] 
196.191: Total time for which application threads were stopped: 0.0508610 seconds, Stopping threads took: 0.0000810 seconds
196.287: Application time: 0.0962990 seconds
196.288: [GC [PSYoungGen: 269640K->38384K(269824K)] 655120K->466287K(885760K), 0.0510270 secs] [Times: user=0.40 sys=0.00, real=0.05 secs] 
196.339: Total time for which application threads were stopped: 0.0511940 seconds, Stopping threads took: 0.0000820 seconds
196.433: Application time: 0.0940210 seconds
196.433: [GC [PSYoungGen: 269808K->38368K(269824K)] 697711K->518048K(885760K), 0.0562070 secs] [Times: user=0.45 sys=0.00, real=0.06 secs] 
196.489: Total time for which application threads were stopped: 0.0563830 seconds, Stopping threads took: 0.0000930 seconds
196.585: Application time: 0.0959430 seconds
196.585: [GC [PSYoungGen: 269792K->38384K(269824K)] 749472K->566712K(885760K), 0.0548240 secs] [Times: user=0.44 sys=0.00, real=0.05 secs] 
196.640: Total time for which application threads were stopped: 0.0550020 seconds, Stopping threads took: 0.0000830 seconds
196.741: Application time: 0.1006010 seconds
196.741: [GC [PSYoungGen: 269808K->38384K(269824K)] 798136K->604863K(885760K), 0.0513860 secs] [Times: user=0.39 sys=0.00, real=0.05 secs] 
196.792: [Full GC [PSYoungGen: 38384K->0K(269824K)] [ParOldGen: 566479K->135610K(615936K)] 604863K->135610K(885760K) [PSPermGen: 9151K->9151K(21504K)], 0.1649070 secs] [Times: user=1.22 sys=0.00, real=0.17 secs] 
196.957: Total time for which application threads were stopped: 0.2165080 seconds, Stopping threads took: 0.0000680 seconds
197.056: Application time: 0.0987070 seconds
197.056: [GC [PSYoungGen: 231424K->38378K(269824K)] 367034K->176666K(885760K), 0.0244060 secs] [Times: user=0.19 sys=0.00, real=0.02 secs] 
197.080: Total time for which application threads were stopped: 0.0245830 seconds, Stopping threads took: 0.0000890 seconds
197.176: Application time: 0.0955070 seconds
197.176: [GC [PSYoungGen: 269802K->38371K(269824K)] 408090K->220560K(885760K), 0.0444040 secs] [Times: user=0.35 sys=0.00, real=0.04 secs] 
197.221: Total time for which application threads were stopped: 0.0445920 seconds, Stopping threads took: 0.0000920 seconds
197.319: Application time: 0.0980230 seconds
197.319: [GC [PSYoungGen: 269795K->38368K(269824K)] 451984K->263755K(885760K), 0.0501780 secs] [Times: user=0.40 sys=0.00, real=0.05 secs] 
197.369: Total time for which application threads were stopped: 0.0503420 seconds, Stopping threads took: 0.0000750 seconds
197.470: Application time: 0.1011310 seconds
197.470: [GC [PSYoungGen: 269792K->38368K(269824K)] 495179K->299593K(885760K), 0.0514010 secs] [Times: user=0.40 sys=0.00, real=0.06 secs] 
197.522: Total time for which application threads were stopped: 0.0515820 seconds, Stopping threads took: 0.0000940 seconds
197.625: Application time: 0.1033920 seconds
197.625: [GC [PSYoungGen: 269792K->38384K(269824K)] 531017K->339266K(885760K), 0.0563720 secs] [Times: user=0.44 sys=0.00, real=0.06 secs] 
197.682: Total time for which application threads were stopped: 0.0565440 seconds, Stopping threads took: 0.0000860 seconds
197.775: Application time: 0.0933410 seconds
197.775: [GC [PSYoungGen: 269808K->38368K(269824K)] 570690K->392504K(885760K), 0.0647160 secs] [Times: user=0.51 sys=0.00, real=0.06 secs] 
197.840: Total time for which application threads were stopped: 0.0649040 seconds, Stopping threads took: 0.0000900 seconds
197.939: Application time: 0.0991890 seconds
197.939: [GC [PSYoungGen: 269792K->38368K(269824K)] 623928K->440703K(885760K), 0.0641060 secs] [Times: user=0.51 sys=0.00, real=0.07 secs] 
198.003: Total time for which application threads were stopped: 0.0642830 seconds, Stopping threads took: 0.0000910 seconds
198.103: Application time: 0.1001140 seconds
198.104: [GC [PSYoungGen: 269792K->38384K(269824K)] 672127K->480066K(885760K), 0.0608290 secs] [Times: user=0.49 sys=0.00, real=0.06 secs] 
198.164: Total time for which application threads were stopped: 0.0609890 seconds, Stopping threads took: 0.0000720 seconds
198.271: Application time: 0.1063800 seconds
198.271: [GC [PSYoungGen: 269808K->38368K(269824K)] 711490K->521127K(885760K), 0.0621040 secs] [Times: user=0.48 sys=0.00, real=0.07 secs] 
198.333: Total time for which application threads were stopped: 0.0623270 seconds, Stopping threads took: 0.0001340 seconds
198.426: Application time: 0.0925180 seconds
198.429: [GC [PSYoungGen: 269792K->38368K(269824K)] 752551K->577147K(885760K), 0.0680520 secs] [Times: user=0.54 sys=0.00, real=0.07 secs] 
198.497: Total time for which application threads were stopped: 0.0714140 seconds, Stopping threads took: 0.0032650 seconds
198.597: Application time: 0.1001160 seconds
198.597: [GC [PSYoungGen: 269792K->38384K(269824K)] 808571K->617802K(885760K), 0.0604000 secs] [Times: user=0.48 sys=0.00, real=0.06 secs] 
198.658: [Full GC [PSYoungGen: 38384K->0K(269824K)] [ParOldGen: 579418K->136957K(615936K)] 617802K->136957K(885760K) [PSPermGen: 9151K->9151K(21504K)], 0.1618920 secs] [Times: user=1.19 sys=0.00, real=0.16 secs] 
198.820: Total time for which application threads were stopped: 0.2225410 seconds, Stopping threads took: 0.0001010 seconds
198.914: Application time: 0.0947630 seconds
198.915: [GC [PSYoungGen: 231424K->38384K(269824K)] 368381K->182851K(885760K), 0.0268120 secs] [Times: user=0.21 sys=0.00, real=0.03 secs] 
198.941: Total time for which application threads were stopped: 0.0270060 seconds, Stopping threads took: 0.0000890 seconds
199.048: Application time: 0.1064750 seconds
199.048: [GC [PSYoungGen: 269795K->38384K(269824K)] 414262K->214520K(885760K), 0.0395740 secs] [Times: user=0.32 sys=0.00, real=0.04 secs] 
199.088: Total time for which application threads were stopped: 0.0397580 seconds, Stopping threads took: 0.0000790 seconds
199.179: Application time: 0.0908310 seconds
199.179: [GC [PSYoungGen: 269808K->38384K(269824K)] 445944K->267307K(885760K), 0.0547690 secs] [Times: user=0.43 sys=0.00, real=0.06 secs] 
199.234: Total time for which application threads were stopped: 0.0549500 seconds, Stopping threads took: 0.0000980 seconds
199.332: Application time: 0.0988860 seconds
199.333: [GC [PSYoungGen: 269808K->38368K(269824K)] 498731K->306079K(885760K), 0.0480960 secs] [Times: user=0.39 sys=0.00, real=0.05 secs] 
199.381: Total time for which application threads were stopped: 0.0482660 seconds, Stopping threads took: 0.0000830 seconds
199.479: Application time: 0.0981920 seconds
199.479: [GC [PSYoungGen: 269792K->38384K(269824K)] 537503K->352748K(885760K), 0.0535110 secs] [Times: user=0.42 sys=0.00, real=0.05 secs] 
199.533: Total time for which application threads were stopped: 0.0537290 seconds, Stopping threads took: 0.0001310 seconds
199.638: Application time: 0.1058830 seconds
199.639: [GC [PSYoungGen: 269808K->38384K(269824K)] 584172K->391916K(885760K), 0.0522950 secs] [Times: user=0.41 sys=0.00, real=0.05 secs] 
199.691: Total time for which application threads were stopped: 0.0524700 seconds, Stopping threads took: 0.0000720 seconds
199.780: Application time: 0.0895400 seconds
199.781: [GC [PSYoungGen: 269808K->38384K(269824K)] 623340K->446467K(885760K), 0.0578850 secs] [Times: user=0.45 sys=0.00, real=0.06 secs] 
199.839: Total time for which application threads were stopped: 0.0580730 seconds, Stopping threads took: 0.0001010 seconds
199.937: Application time: 0.0983890 seconds
199.937: [GC [PSYoungGen: 269808K->38368K(269824K)] 677891K->491382K(885760K), 0.0548290 secs] [Times: user=0.43 sys=0.00, real=0.05 secs] 
199.992: Total time for which application threads were stopped: 0.0549820 seconds, Stopping threads took: 0.0000660 seconds
200.096: Application time: 0.1045500 seconds
200.097: [GC [PSYoungGen: 269792K->38368K(269824K)] 722806K->534507K(885760K), 0.0554960 secs] [Times: user=0.44 sys=0.00, real=0.05 secs] 
200.152: Total time for which application threads were stopped: 0.0556830 seconds, Stopping threads took: 0.0000880 seconds
200.257: Application time: 0.1043650 seconds
200.257: [GC [PSYoungGen: 269792K->38384K(269824K)] 765931K->573299K(885760K), 0.0545200 secs] [Times: user=0.41 sys=0.00, real=0.05 secs] 
200.311: Total time for which application threads were stopped: 0.0546910 seconds, Stopping threads took: 0.0000800 seconds
200.404: Application time: 0.0925000 seconds
200.404: [GC [PSYoungGen: 269808K->38384K(269824K)] 804723K->625198K(885760K), 0.0577600 secs] [Times: user=0.46 sys=0.00, real=0.06 secs] 
200.462: [Full GC [PSYoungGen: 38384K->0K(269824K)] [ParOldGen: 586814K->134830K(615936K)] 625198K->134830K(885760K) [PSPermGen: 9151K->9151K(21504K)], 0.1596280 secs] [Times: user=1.18 sys=0.00, real=0.16 secs] 
200.621: Total time for which application threads were stopped: 0.2176040 seconds, Stopping threads took: 0.0000630 seconds
200.718: Application time: 0.0966600 seconds
200.718: [GC [PSYoungGen: 231424K->38384K(269824K)] 366254K->185506K(885760K), 0.0294090 secs] [Times: user=0.23 sys=0.00, real=0.03 secs] 
200.748: Total time for which application threads were stopped: 0.0295720 seconds, Stopping threads took: 0.0000790 seconds
200.852: Application time: 0.1040160 seconds
200.852: [GC [PSYoungGen: 269808K->38384K(269824K)] 416930K->217413K(885760K), 0.0399410 secs] [Times: user=0.32 sys=0.00, real=0.04 secs] 
200.892: Total time for which application threads were stopped: 0.0401280 seconds, Stopping threads took: 0.0000850 seconds
200.995: Application time: 0.1037470 seconds
200.996: [GC [PSYoungGen: 269808K->38368K(269824K)] 448837K->254712K(885760K), 0.0487700 secs] [Times: user=0.39 sys=0.00, real=0.05 secs] 
201.044: Total time for which application threads were stopped: 0.0489420 seconds, Stopping threads took: 0.0000830 seconds
201.136: Application time: 0.0913750 seconds
201.136: [GC [PSYoungGen: 269792K->38368K(269824K)] 486136K->304867K(885760K), 0.0653840 secs] [Times: user=0.47 sys=0.00, real=0.07 secs] 
201.201: Total time for which application threads were stopped: 0.0655390 seconds, Stopping threads took: 0.0000720 seconds
201.299: Application time: 0.0981600 seconds
201.300: [GC [PSYoungGen: 269792K->38384K(269824K)] 536291K->352862K(885760K), 0.0582010 secs] [Times: user=0.46 sys=0.00, real=0.06 secs] 
201.358: Total time for which application threads were stopped: 0.0583640 seconds, Stopping threads took: 0.0000730 seconds
201.460: Application time: 0.1021110 seconds
201.460: [GC [PSYoungGen: 269793K->38384K(269824K)] 584271K->397323K(885760K), 0.0577590 secs] [Times: user=0.46 sys=0.00, real=0.06 secs] 
201.518: Total time for which application threads were stopped: 0.0579490 seconds, Stopping threads took: 0.0000910 seconds
201.624: Application time: 0.1059580 seconds
201.624: [GC [PSYoungGen: 269808K->38384K(269824K)] 628747K->438217K(885760K), 0.0561440 secs] [Times: user=0.44 sys=0.00, real=0.05 secs] 
201.680: Total time for which application threads were stopped: 0.0563020 seconds, Stopping threads took: 0.0000720 seconds
201.774: Application time: 0.0934080 seconds
201.774: [GC [PSYoungGen: 269808K->38368K(269824K)] 669641K->484264K(885760K), 0.0572240 secs] [Times: user=0.44 sys=0.00, real=0.05 secs] 
201.831: Total time for which application threads were stopped: 0.0574110 seconds, Stopping threads took: 0.0000980 seconds
201.929: Application time: 0.0975100 seconds
201.929: [GC [PSYoungGen: 269792K->38368K(269824K)] 715688K->535435K(885760K), 0.0598010 secs] [Times: user=0.47 sys=0.00, real=0.06 secs] 
201.989: Total time for which application threads were stopped: 0.0599670 seconds, Stopping threads took: 0.0000790 seconds
202.085: Application time: 0.0968550 seconds
202.085: [GC [PSYoungGen: 269792K->38368K(269824K)] 766859K->578381K(885760K), 0.0556550 secs] [Times: user=0.44 sys=0.00, real=0.06 secs] 
202.141: Total time for which application threads were stopped: 0.0558200 seconds, Stopping threads took: 0.0000660 seconds
202.248: Application time: 0.1066050 seconds
202.248: [GC [PSYoungGen: 269792K->38384K(269824K)] 809805K->620705K(885760K), 0.0575700 secs] [Times: user=0.45 sys=0.00, real=0.06 secs] 
202.306: [Full GC [PSYoungGen: 38384K->0K(269824K)] [ParOldGen: 582321K->137282K(615936K)] 620705K->137282K(885760K) [PSPermGen: 9151K->9151K(21504K)], 0.1697370 secs] [Times: user=1.26 sys=0.00, real=0.17 secs] 
202.475: Total time for which application threads were stopped: 0.2275320 seconds, Stopping threads took: 0.0000760 seconds
202.569: Application time: 0.0936160 seconds
202.569: [GC [PSYoungGen: 231176K->38389K(269824K)] 368458K->182938K(885760K), 0.0252500 secs] [Times: user=0.20 sys=0.00, real=0.03 secs] 
202.594: Total time for which application threads were stopped: 0.0254250 seconds, Stopping threads took: 0.0000880 seconds
202.693: Application time: 0.0987090 seconds
202.693: [GC [PSYoungGen: 269813K->38368K(269824K)] 414362K->222966K(885760K), 0.0417960 secs] [Times: user=0.33 sys=0.00, real=0.04 secs] 
202.735: Total time for which application threads were stopped: 0.0419960 seconds, Stopping threads took: 0.0001000 seconds
202.833: Application time: 0.0982180 seconds
202.833: [GC [PSYoungGen: 269792K->38384K(269824K)] 454390K->259782K(885760K), 0.0448780 secs] [Times: user=0.35 sys=0.00, real=0.04 secs] 
202.878: Total time for which application threads were stopped: 0.0450540 seconds, Stopping threads took: 0.0000890 seconds
202.981: Application time: 0.1030650 seconds
202.982: [GC [PSYoungGen: 269808K->38368K(269824K)] 491206K->297569K(885760K), 0.0502280 secs] [Times: user=0.40 sys=0.00, real=0.04 secs] 
203.032: Total time for which application threads were stopped: 0.0503860 seconds, Stopping threads took: 0.0000740 seconds
203.126: Application time: 0.0940110 seconds
203.126: [GC [PSYoungGen: 269792K->38368K(269824K)] 528993K->343115K(885760K), 0.0526370 secs] [Times: user=0.42 sys=0.00, real=0.05 secs] 
203.179: Total time for which application threads were stopped: 0.0528100 seconds, Stopping threads took: 0.0000880 seconds
203.284: Application time: 0.1055590 seconds
203.284: [GC [PSYoungGen: 269792K->38384K(269824K)] 574539K->386416K(885760K), 0.0583520 secs] [Times: user=0.46 sys=0.00, real=0.06 secs] 
203.343: Total time for which application threads were stopped: 0.0585620 seconds, Stopping threads took: 0.0001040 seconds
203.440: Application time: 0.0976970 seconds
203.441: [GC [PSYoungGen: 269808K->38368K(269824K)] 617840K->430612K(885760K), 0.0540080 secs] [Times: user=0.43 sys=0.00, real=0.06 secs] 
203.495: Total time for which application threads were stopped: 0.0541870 seconds, Stopping threads took: 0.0000940 seconds
203.595: Application time: 0.1005530 seconds
203.595: [GC [PSYoungGen: 269792K->38384K(269824K)] 662036K->476850K(885760K), 0.0572950 secs] [Times: user=0.46 sys=0.00, real=0.05 secs] 
203.653: Total time for which application threads were stopped: 0.0574650 seconds, Stopping threads took: 0.0000860 seconds
203.748: Application time: 0.0949070 seconds
203.748: [GC [PSYoungGen: 269808K->38384K(269824K)] 708274K->523066K(885760K), 0.0550030 secs] [Times: user=0.44 sys=0.00, real=0.06 secs] 
203.803: Total time for which application threads were stopped: 0.0551830 seconds, Stopping threads took: 0.0000920 seconds
203.908: Application time: 0.1048080 seconds
203.908: [GC [PSYoungGen: 269808K->38384K(269824K)] 754490K->566926K(885760K), 0.0569360 secs] [Times: user=0.46 sys=0.00, real=0.06 secs] 
203.965: Total time for which application threads were stopped: 0.0571670 seconds, Stopping threads took: 0.0001120 seconds
204.064: Application time: 0.0992930 seconds
204.064: [GC [PSYoungGen: 269808K->38368K(269824K)] 798350K->609669K(885760K), 0.0542830 secs] [Times: user=0.43 sys=0.00, real=0.05 secs] 
204.119: [Full GC [PSYoungGen: 38368K->0K(269824K)] [ParOldGen: 571300K->120239K(615936K)] 609669K->120239K(885760K) [PSPermGen: 9151K->9151K(21504K)], 0.1352460 secs] [Times: user=0.98 sys=0.00, real=0.14 secs] 
204.254: Total time for which application threads were stopped: 0.1897710 seconds, Stopping threads took: 0.0000940 seconds
204.352: Application time: 0.0980680 seconds
204.352: [GC [PSYoungGen: 231424K->38384K(269824K)] 351663K->170322K(885760K), 0.0305570 secs] [Times: user=0.24 sys=0.00, real=0.04 secs] 
204.383: Total time for which application threads were stopped: 0.0307380 seconds, Stopping threads took: 0.0000990 seconds
204.477: Application time: 0.0945760 seconds
204.477: [GC [PSYoungGen: 269808K->38384K(269824K)] 401746K->211761K(885760K), 0.0433380 secs] [Times: user=0.34 sys=0.00, real=0.04 secs] 
204.521: Total time for which application threads were stopped: 0.0435200 seconds, Stopping threads took: 0.0000870 seconds
204.624: Application time: 0.1037050 seconds
204.625: [GC [PSYoungGen: 269808K->38384K(269824K)] 443185K->248588K(885760K), 0.0483470 secs] [Times: user=0.38 sys=0.00, real=0.05 secs] 
204.673: Total time for which application threads were stopped: 0.0485310 seconds, Stopping threads took: 0.0000920 seconds
204.772: Application time: 0.0991360 seconds
204.772: [GC [PSYoungGen: 269808K->38368K(269824K)] 480012K->279446K(885760K), 0.0435580 secs] [Times: user=0.35 sys=0.00, real=0.05 secs] 
204.816: Total time for which application threads were stopped: 0.0437240 seconds, Stopping threads took: 0.0000800 seconds
204.913: Application time: 0.0975410 seconds
204.913: [GC [PSYoungGen: 269792K->38368K(269824K)] 510870K->330804K(885760K), 0.0587420 secs] [Times: user=0.47 sys=0.00, real=0.05 secs] 
204.972: Total time for which application threads were stopped: 0.0589030 seconds, Stopping threads took: 0.0000780 seconds
205.069: Application time: 0.0967060 seconds
205.069: [GC [PSYoungGen: 269792K->38384K(269824K)] 562228K->375333K(885760K), 0.0533880 secs] [Times: user=0.41 sys=0.00, real=0.06 secs] 
205.123: Total time for which application threads were stopped: 0.0535830 seconds, Stopping threads took: 0.0000950 seconds
205.226: Application time: 0.1034610 seconds
205.226: [GC [PSYoungGen: 269808K->38368K(269824K)] 606757K->421285K(885760K), 0.0583710 secs] [Times: user=0.45 sys=0.00, real=0.06 secs] 
205.285: Total time for which application threads were stopped: 0.0585410 seconds, Stopping threads took: 0.0000850 seconds
205.389: Application time: 0.1043980 seconds
205.389: [GC [PSYoungGen: 269792K->38384K(269824K)] 652709K->457842K(885760K), 0.0515450 secs] [Times: user=0.41 sys=0.00, real=0.05 secs] 
205.441: Total time for which application threads were stopped: 0.0517090 seconds, Stopping threads took: 0.0000750 seconds
205.540: Application time: 0.0992850 seconds
205.540: [GC [PSYoungGen: 269808K->38368K(269824K)] 689266K->510762K(885760K), 0.0616910 secs] [Times: user=0.49 sys=0.00, real=0.07 secs] 
205.602: Total time for which application threads were stopped: 0.0618560 seconds, Stopping threads took: 0.0000790 seconds
205.701: Application time: 0.0992450 seconds
205.701: [GC [PSYoungGen: 269792K->38384K(269824K)] 742186K->555296K(885760K), 0.0546280 secs] [Times: user=0.44 sys=0.00, real=0.05 secs] 
205.756: Total time for which application threads were stopped: 0.0547890 seconds, Stopping threads took: 0.0000590 seconds
205.859: Application time: 0.1030780 seconds
205.859: [GC [PSYoungGen: 269808K->38384K(269824K)] 786720K->600072K(885760K), 0.0600980 secs] [Times: user=0.47 sys=0.00, real=0.06 secs] 
205.919: [Full GC [PSYoungGen: 38384K->0K(269824K)] [ParOldGen: 561687K->143110K(615936K)] 600072K->143110K(885760K) [PSPermGen: 9151K->9151K(21504K)], 0.1805060 secs] [Times: user=1.34 sys=0.00, real=0.18 secs] 
206.100: Total time for which application threads were stopped: 0.2408390 seconds, Stopping threads took: 0.0000870 seconds
206.202: Application time: 0.1022740 seconds
206.202: [GC [PSYoungGen: 231424K->37642K(269824K)] 374534K->180752K(885760K), 0.0227520 secs] [Times: user=0.18 sys=0.00, real=0.02 secs] 
206.225: Total time for which application threads were stopped: 0.0229780 seconds, Stopping threads took: 0.0001270 seconds
206.320: Application time: 0.0949190 seconds
206.320: [GC [PSYoungGen: 269066K->38368K(269824K)] 412176K->226110K(885760K), 0.0444920 secs] [Times: user=0.35 sys=0.00, real=0.05 secs] 
206.365: Total time for which application threads were stopped: 0.0446530 seconds, Stopping threads took: 0.0000630 seconds
206.460: Application time: 0.0951350 seconds
206.460: [GC [PSYoungGen: 269792K->38368K(269824K)] 457534K->265344K(885760K), 0.0465250 secs] [Times: user=0.36 sys=0.00, real=0.05 secs] 
206.506: Total time for which application threads were stopped: 0.0466970 seconds, Stopping threads took: 0.0000870 seconds
206.607: Application time: 0.1009440 seconds
206.608: [GC [PSYoungGen: 269792K->38368K(269824K)] 496768K->308806K(885760K), 0.0568660 secs] [Times: user=0.45 sys=0.00, real=0.06 secs] 
206.664: Total time for which application threads were stopped: 0.0570200 seconds, Stopping threads took: 0.0000680 seconds
206.770: Application time: 0.1056170 seconds
206.770: [GC [PSYoungGen: 269792K->38384K(269824K)] 540230K->341674K(885760K), 0.0516720 secs] [Times: user=0.40 sys=0.00, real=0.06 secs] 
206.822: Total time for which application threads were stopped: 0.0518700 seconds, Stopping threads took: 0.0000990 seconds
206.915: Application time: 0.0928620 seconds
206.915: [GC [PSYoungGen: 269808K->38368K(269824K)] 573098K->396767K(885760K), 0.0643960 secs] [Times: user=0.51 sys=0.00, real=0.06 secs] 
206.979: Total time for which application threads were stopped: 0.0645510 seconds, Stopping threads took: 0.0000690 seconds
207.077: Application time: 0.0978220 seconds
207.077: [GC [PSYoungGen: 269792K->38368K(269824K)] 628191K->440218K(885760K), 0.0575430 secs] [Times: user=0.46 sys=0.00, real=0.06 secs] 
207.135: Total time for which application threads were stopped: 0.0577330 seconds, Stopping threads took: 0.0001030 seconds
207.234: Application time: 0.0995450 seconds
207.235: [GC [PSYoungGen: 269792K->38368K(269824K)] 671642K->487929K(885760K), 0.0622130 secs] [Times: user=0.50 sys=0.00, real=0.06 secs] 
207.297: Total time for which application threads were stopped: 0.0623770 seconds, Stopping threads took: 0.0000800 seconds
207.399: Application time: 0.1022710 seconds
207.399: [GC [PSYoungGen: 269792K->38368K(269824K)] 719353K->522426K(885760K), 0.0556590 secs] [Times: user=0.43 sys=0.00, real=0.06 secs] 
207.455: Total time for which application threads were stopped: 0.0558450 seconds, Stopping threads took: 0.0000870 seconds
207.548: Application time: 0.0925640 seconds
207.548: [GC [PSYoungGen: 269792K->38384K(269824K)] 753850K->577586K(885760K), 0.0665020 secs] [Times: user=0.52 sys=0.00, real=0.07 secs] 
207.614: Total time for which application threads were stopped: 0.0666790 seconds, Stopping threads took: 0.0000920 seconds
207.716: Application time: 0.1016220 seconds
207.716: [GC [PSYoungGen: 269808K->38368K(269824K)] 809010K->618803K(885760K), 0.0813730 secs] [Times: user=0.56 sys=0.00, real=0.08 secs] 
207.797: [Full GC [PSYoungGen: 38368K->0K(269824K)] [ParOldGen: 580435K->126415K(615936K)] 618803K->126415K(885760K) [PSPermGen: 9151K->9151K(21504K)], 0.1708040 secs] [Times: user=1.09 sys=0.00, real=0.17 secs] 
207.968: Total time for which application threads were stopped: 0.2523980 seconds, Stopping threads took: 0.0000770 seconds
208.068: Application time: 0.0997880 seconds
208.068: [GC [PSYoungGen: 231424K->38368K(269824K)] 357839K->175904K(885760K), 0.0313000 secs] [Times: user=0.21 sys=0.00, real=0.03 secs] 
208.100: Total time for which application threads were stopped: 0.0315660 seconds, Stopping threads took: 0.0001530 seconds
208.204: Application time: 0.1043190 seconds
208.204: [GC [PSYoungGen: 269792K->38384K(269824K)] 407328K->207993K(885760K), 0.0407440 secs] [Times: user=0.32 sys=0.00, real=0.04 secs] 
208.245: Total time for which application threads were stopped: 0.0409030 seconds, Stopping threads took: 0.0000690 seconds
208.338: Application time: 0.0935130 seconds
208.338: [GC [PSYoungGen: 269808K->38384K(269824K)] 439417K->253860K(885760K), 0.0498390 secs] [Times: user=0.40 sys=0.00, real=0.05 secs] 
208.388: Total time for which application threads were stopped: 0.0499950 seconds, Stopping threads took: 0.0000710 seconds
208.491: Application time: 0.1024950 seconds
208.491: [GC [PSYoungGen: 269808K->38368K(269824K)] 485284K->290378K(885760K), 0.0507190 secs] [Times: user=0.39 sys=0.00, real=0.06 secs] 
208.542: Total time for which application threads were stopped: 0.0508990 seconds, Stopping threads took: 0.0000950 seconds
208.638: Application time: 0.0965280 seconds
208.638: [GC [PSYoungGen: 269792K->38384K(269824K)] 521802K->340475K(885760K), 0.0571240 secs] [Times: user=0.45 sys=0.00, real=0.06 secs] 
208.696: Total time for which application threads were stopped: 0.0573180 seconds, Stopping threads took: 0.0000940 seconds
208.802: Application time: 0.1064280 seconds
208.802: [GC [PSYoungGen: 269808K->38368K(269824K)] 571899K->376818K(885760K), 0.0514380 secs] [Times: user=0.41 sys=0.00, real=0.05 secs] 
208.854: Total time for which application threads were stopped: 0.0516050 seconds, Stopping threads took: 0.0000830 seconds
208.945: Application time: 0.0910270 seconds
208.945: [GC [PSYoungGen: 269792K->38368K(269824K)] 608242K->432830K(885760K), 0.0585990 secs] [Times: user=0.47 sys=0.00, real=0.06 secs] 
209.003: Total time for which application threads were stopped: 0.0587760 seconds, Stopping threads took: 0.0000740 seconds
209.103: Application time: 0.0996920 seconds
209.103: [GC [PSYoungGen: 269792K->38368K(269824K)] 664254K->473730K(885760K), 0.0533880 secs] [Times: user=0.42 sys=0.00, real=0.05 secs] 
209.157: Total time for which application threads were stopped: 0.0535600 seconds, Stopping threads took: 0.0000800 seconds
209.253: Application time: 0.0967960 seconds
209.254: [GC [PSYoungGen: 269792K->38368K(269824K)] 705154K->521490K(885760K), 0.0570290 secs] [Times: user=0.45 sys=0.00, real=0.05 secs] 
209.311: Total time for which application threads were stopped: 0.0572150 seconds, Stopping threads took: 0.0000950 seconds
209.415: Application time: 0.1045060 seconds
209.417: [GC [PSYoungGen: 269792K->38368K(269824K)] 752914K->557036K(885760K), 0.0514530 secs] [Times: user=0.41 sys=0.00, real=0.05 secs] 
209.468: Total time for which application threads were stopped: 0.0532590 seconds, Stopping threads took: 0.0017210 seconds
209.557: Application time: 0.0884850 seconds
209.557: [GC [PSYoungGen: 269792K->38368K(269824K)] 788460K->615216K(885760K), 0.0599280 secs] [Times: user=0.48 sys=0.00, real=0.06 secs] 
209.617: [Full GC [PSYoungGen: 38368K->0K(269824K)] [ParOldGen: 576848K->145719K(615936K)] 615216K->145719K(885760K) [PSPermGen: 9151K->9151K(21504K)], 0.1792910 secs] [Times: user=1.32 sys=0.00, real=0.18 secs] 
209.796: Total time for which application threads were stopped: 0.2394440 seconds, Stopping threads took: 0.0000740 seconds
209.898: Application time: 0.1013040 seconds
209.898: [GC [PSYoungGen: 231424K->38393K(269824K)] 377143K->185350K(885760K), 0.0237930 secs] [Times: user=0.19 sys=0.00, real=0.03 secs] 
209.922: Total time for which application threads were stopped: 0.0239870 seconds, Stopping threads took: 0.0000930 seconds
210.017: Application time: 0.0954940 seconds
210.017: [GC [PSYoungGen: 269817K->38368K(269824K)] 416774K->223768K(885760K), 0.0410420 secs] [Times: user=0.33 sys=0.00, real=0.04 secs] 
210.058: Total time for which application threads were stopped: 0.0411930 seconds, Stopping threads took: 0.0000640 seconds
210.163: Application time: 0.1050030 seconds
210.163: [GC [PSYoungGen: 269792K->38368K(269824K)] 455192K->252625K(885760K), 0.0426780 secs] [Times: user=0.34 sys=0.00, real=0.04 secs] 
210.206: Total time for which application threads were stopped: 0.0428410 seconds, Stopping threads took: 0.0000770 seconds
210.296: Application time: 0.0893960 seconds
210.297: [GC [PSYoungGen: 269792K->38368K(269824K)] 484049K->311634K(885760K), 0.0607400 secs] [Times: user=0.49 sys=0.00, real=0.06 secs] 
210.358: Total time for which application threads were stopped: 0.0621190 seconds, Stopping threads took: 0.0012940 seconds
210.458: Application time: 0.1005050 seconds
210.458: [GC [PSYoungGen: 269792K->38368K(269824K)] 543058K->348772K(885760K), 0.0520050 secs] [Times: user=0.42 sys=0.00, real=0.05 secs] 
210.510: Total time for which application threads were stopped: 0.0521990 seconds, Stopping threads took: 0.0000830 seconds
210.609: Application time: 0.0983430 seconds
210.609: [GC [PSYoungGen: 269792K->38384K(269824K)] 580196K->395765K(885760K), 0.0625080 secs] [Times: user=0.49 sys=0.00, real=0.06 secs] 
210.671: Total time for which application threads were stopped: 0.0627070 seconds, Stopping threads took: 0.0001110 seconds
210.777: Application time: 0.1057560 seconds
210.777: [GC [PSYoungGen: 269808K->38384K(269824K)] 627189K->430935K(885760K), 0.0557410 secs] [Times: user=0.44 sys=0.00, real=0.06 secs] 
210.833: Total time for which application threads were stopped: 0.0559060 seconds, Stopping threads took: 0.0000780 seconds
210.920: Application time: 0.0869470 seconds
210.920: [GC [PSYoungGen: 269808K->38368K(269824K)] 662359K->492194K(885760K), 0.0650230 secs] [Times: user=0.51 sys=0.00, real=0.07 secs] 
210.985: Total time for which application threads were stopped: 0.0652020 seconds, Stopping threads took: 0.0000950 seconds
211.086: Application time: 0.1004860 seconds
211.086: [GC [PSYoungGen: 269792K->38368K(269824K)] 723618K->529270K(885760K), 0.0554700 secs] [Times: user=0.44 sys=0.00, real=0.06 secs] 
211.141: Total time for which application threads were stopped: 0.0556390 seconds, Stopping threads took: 0.0000730 seconds
211.238: Application time: 0.0970330 seconds
211.239: [GC [PSYoungGen: 269792K->38368K(269824K)] 760694K->578219K(885760K), 0.0623460 secs] [Times: user=0.49 sys=0.00, real=0.07 secs] 
211.301: Total time for which application threads were stopped: 0.0625340 seconds, Stopping threads took: 0.0000990 seconds
211.410: Application time: 0.1085120 seconds
211.410: [GC [PSYoungGen: 269792K->38368K(269824K)] 809643K->612660K(885760K), 0.0573150 secs] [Times: user=0.46 sys=0.00, real=0.06 secs] 
211.467: [Full GC [PSYoungGen: 38368K->0K(269824K)] [ParOldGen: 574291K->106339K(615936K)] 612660K->106339K(885760K) [PSPermGen: 9152K->9152K(21504K)], 0.1139810 secs] [Times: user=0.81 sys=0.00, real=0.12 secs] 
211.581: Total time for which application threads were stopped: 0.1715110 seconds, Stopping threads took: 0.0000640 seconds
211.668: Application time: 0.0872290 seconds
211.668: [GC [PSYoungGen: 231424K->38384K(269824K)] 337763K->168941K(885760K), 0.0334300 secs] [Times: user=0.26 sys=0.00, real=0.04 secs] 
211.702: Total time for which application threads were stopped: 0.0336250 seconds, Stopping threads took: 0.0001000 seconds
211.806: Application time: 0.1045830 seconds
211.807: [GC [PSYoungGen: 269808K->38368K(269824K)] 400365K->199730K(885760K), 0.0395800 secs] [Times: user=0.31 sys=0.00, real=0.04 secs] 
211.846: Total time for which application threads were stopped: 0.0397380 seconds, Stopping threads took: 0.0000710 seconds
211.946: Application time: 0.0999610 seconds
211.946: [GC [PSYoungGen: 269792K->38384K(269824K)] 431154K->239685K(885760K), 0.0492310 secs] [Times: user=0.39 sys=0.00, real=0.05 secs] 
211.996: Total time for which application threads were stopped: 0.0494350 seconds, Stopping threads took: 0.0001160 seconds
212.100: Application time: 0.1041120 seconds
212.101: [GC [PSYoungGen: 269486K->38368K(269824K)] 470787K->269030K(885760K), 0.0449940 secs] [Times: user=0.35 sys=0.00, real=0.04 secs] 
212.146: Total time for which application threads were stopped: 0.0462380 seconds, Stopping threads took: 0.0011550 seconds
212.237: Application time: 0.0906330 seconds
212.237: [GC [PSYoungGen: 269792K->38384K(269824K)] 500454K->328666K(885760K), 0.0604360 secs] [Times: user=0.48 sys=0.00, real=0.06 secs] 
212.297: Total time for which application threads were stopped: 0.0606020 seconds, Stopping threads took: 0.0000700 seconds
212.398: Application time: 0.1006940 seconds
212.398: [GC [PSYoungGen: 269808K->38384K(269824K)] 560090K->365073K(885760K), 0.0505100 secs] [Times: user=0.40 sys=0.00, real=0.05 secs] 
212.449: Total time for which application threads were stopped: 0.0506820 seconds, Stopping threads took: 0.0000840 seconds
212.550: Application time: 0.1015340 seconds
212.550: [GC [PSYoungGen: 269808K->38368K(269824K)] 596497K->409191K(885760K), 0.0568200 secs] [Times: user=0.45 sys=0.00, real=0.06 secs] 
212.607: Total time for which application threads were stopped: 0.0569760 seconds, Stopping threads took: 0.0000720 seconds
212.710: Application time: 0.1024210 seconds
212.710: [GC [PSYoungGen: 269792K->38384K(269824K)] 640615K->448424K(885760K), 0.0529470 secs] [Times: user=0.42 sys=0.00, real=0.06 secs] 
212.763: Total time for which application threads were stopped: 0.0531320 seconds, Stopping threads took: 0.0000980 seconds
212.849: Application time: 0.0861060 seconds
212.849: [GC [PSYoungGen: 269808K->38384K(269824K)] 679848K->510155K(885760K), 0.0652180 secs] [Times: user=0.48 sys=0.00, real=0.07 secs] 
212.914: Total time for which application threads were stopped: 0.0654240 seconds, Stopping threads took: 0.0001050 seconds
213.021: Application time: 0.1063130 seconds
213.021: [GC [PSYoungGen: 269808K->38368K(269824K)] 741579K->546552K(885760K), 0.0530100 secs] [Times: user=0.42 sys=0.00, real=0.06 secs] 
213.074: Total time for which application threads were stopped: 0.0531820 seconds, Stopping threads took: 0.0000830 seconds
213.177: Application time: 0.1033420 seconds
213.177: [GC [PSYoungGen: 269792K->38368K(269824K)] 777976K->590505K(885760K), 0.0594210 secs] [Times: user=0.46 sys=0.00, real=0.06 secs] 
213.237: [Full GC [PSYoungGen: 38368K->0K(269824K)] [ParOldGen: 552137K->133792K(615936K)] 590505K->133792K(885760K) [PSPermGen: 9152K->9152K(21504K)], 0.1631690 secs] [Times: user=1.20 sys=0.00, real=0.16 secs] 
213.400: Total time for which application threads were stopped: 0.2228210 seconds, Stopping threads took: 0.0000790 seconds
213.501: Application time: 0.1007620 seconds
213.501: [GC [PSYoungGen: 231424K->38378K(269824K)] 365216K->172883K(885760K), 0.0234340 secs] [Times: user=0.18 sys=0.00, real=0.03 secs] 
213.524: Total time for which application threads were stopped: 0.0236070 seconds, Stopping threads took: 0.0000720 seconds
213.609: Application time: 0.0843200 seconds
213.609: [GC [PSYoungGen: 269802K->38384K(269824K)] 404307K->230783K(885760K), 0.0497520 secs] [Times: user=0.39 sys=0.00, real=0.05 secs] 
213.658: Total time for which application threads were stopped: 0.0499070 seconds, Stopping threads took: 0.0000690 seconds
213.761: Application time: 0.1027450 seconds
213.761: [GC [PSYoungGen: 269808K->38368K(269824K)] 462207K->260444K(885760K), 0.0421500 secs] [Times: user=0.33 sys=0.00, real=0.04 secs] 
213.804: Total time for which application threads were stopped: 0.0423190 seconds, Stopping threads took: 0.0000810 seconds
213.904: Application time: 0.1007200 seconds
213.904: [GC [PSYoungGen: 269792K->38368K(269824K)] 491868K->297958K(885760K), 0.0512020 secs] [Times: user=0.40 sys=0.00, real=0.05 secs] 
213.956: Total time for which application threads were stopped: 0.0513780 seconds, Stopping threads took: 0.0000930 seconds
214.059: Application time: 0.1034120 seconds
214.059: [GC [PSYoungGen: 269792K->38368K(269824K)] 529382K->334957K(885760K), 0.0526480 secs] [Times: user=0.41 sys=0.00, real=0.05 secs] 
214.112: Total time for which application threads were stopped: 0.0528350 seconds, Stopping threads took: 0.0000880 seconds
214.198: Application time: 0.0861360 seconds
214.198: [GC [PSYoungGen: 269792K->38384K(269824K)] 566381K->393527K(885760K), 0.0661890 secs] [Times: user=0.50 sys=0.00, real=0.07 secs] 
214.264: Total time for which application threads were stopped: 0.0663450 seconds, Stopping threads took: 0.0000790 seconds
214.364: Application time: 0.0997690 seconds
214.364: [GC [PSYoungGen: 269808K->38368K(269824K)] 624951K->434604K(885760K), 0.0567380 secs] [Times: user=0.45 sys=0.00, real=0.06 secs] 
214.421: Total time for which application threads were stopped: 0.0568990 seconds, Stopping threads took: 0.0000720 seconds
214.525: Application time: 0.1036900 seconds
214.529: [GC [PSYoungGen: 269792K->38384K(269824K)] 666028K->477242K(885760K), 0.0586230 secs] [Times: user=0.46 sys=0.00, real=0.06 secs] 
214.588: Total time for which application threads were stopped: 0.0628360 seconds, Stopping threads took: 0.0041190 seconds
214.690: Application time: 0.1019820 seconds
214.690: [GC [PSYoungGen: 269808K->38368K(269824K)] 708666K->514530K(885760K), 0.0544930 secs] [Times: user=0.43 sys=0.00, real=0.06 secs] 
214.744: Total time for which application threads were stopped: 0.0547230 seconds, Stopping threads took: 0.0001330 seconds
214.827: Application time: 0.0828200 seconds
214.827: [GC [PSYoungGen: 269792K->38384K(269824K)] 745954K->573561K(885760K), 0.0617430 secs] [Times: user=0.49 sys=0.00, real=0.06 secs] 
214.889: Total time for which application threads were stopped: 0.0619090 seconds, Stopping threads took: 0.0000800 seconds
214.989: Application time: 0.0996350 seconds
214.989: [GC [PSYoungGen: 269808K->38384K(269824K)] 804985K->614530K(885760K), 0.0572070 secs] [Times: user=0.46 sys=0.00, real=0.06 secs] 
215.046: [Full GC [PSYoungGen: 38384K->0K(269824K)] [ParOldGen: 576146K->129139K(615936K)] 614530K->129139K(885760K) [PSPermGen: 9152K->9152K(21504K)], 0.1494280 secs] [Times: user=1.09 sys=0.00, real=0.15 secs] 
215.196: Total time for which application threads were stopped: 0.2068670 seconds, Stopping threads took: 0.0000830 seconds
215.300: Application time: 0.1045430 seconds
215.300: [GC [PSYoungGen: 231424K->38384K(269824K)] 360563K->172231K(885760K), 0.0282690 secs] [Times: user=0.23 sys=0.00, real=0.03 secs] 
215.329: Total time for which application threads were stopped: 0.0284640 seconds, Stopping threads took: 0.0001000 seconds
215.434: Application time: 0.1059600 seconds
215.435: [GC [PSYoungGen: 269808K->38384K(269824K)] 403655K->205725K(885760K), 0.0412390 secs] [Times: user=0.32 sys=0.00, real=0.04 secs] 
215.476: Total time for which application threads were stopped: 0.0414100 seconds, Stopping threads took: 0.0000830 seconds
215.561: Application time: 0.0851130 seconds
215.561: [GC [PSYoungGen: 269808K->38384K(269824K)] 437149K->260334K(885760K), 0.0530810 secs] [Times: user=0.42 sys=0.00, real=0.05 secs] 
215.614: Total time for which application threads were stopped: 0.0532880 seconds, Stopping threads took: 0.0001150 seconds
215.715: Application time: 0.1006590 seconds
215.715: [GC [PSYoungGen: 269808K->38368K(269824K)] 491758K->299165K(885760K), 0.0594560 secs] [Times: user=0.46 sys=0.00, real=0.06 secs] 
215.775: Total time for which application threads were stopped: 0.0596290 seconds, Stopping threads took: 0.0000920 seconds
215.882: Application time: 0.1074400 seconds
215.882: [GC [PSYoungGen: 269792K->38368K(269824K)] 530589K->340415K(885760K), 0.0558880 secs] [Times: user=0.44 sys=0.00, real=0.05 secs] 
215.938: Total time for which application threads were stopped: 0.0560640 seconds, Stopping threads took: 0.0000800 seconds
216.045: Application time: 0.1067750 seconds
216.047: [GC [PSYoungGen: 269792K->38368K(269824K)] 571839K->377532K(885760K), 0.0516250 secs] [Times: user=0.41 sys=0.00, real=0.05 secs] 
216.099: Total time for which application threads were stopped: 0.0539720 seconds, Stopping threads took: 0.0022600 seconds
216.182: Application time: 0.0836070 seconds
216.183: [GC [PSYoungGen: 269792K->38384K(269824K)] 608956K->431998K(885760K), 0.0573010 secs] [Times: user=0.45 sys=0.00, real=0.05 secs] 
216.240: Total time for which application threads were stopped: 0.0574990 seconds, Stopping threads took: 0.0001130 seconds
216.343: Application time: 0.1026420 seconds
216.343: [GC [PSYoungGen: 269808K->38368K(269824K)] 663422K->480487K(885760K), 0.0592570 secs] [Times: user=0.47 sys=0.00, real=0.06 secs] 
216.402: Total time for which application threads were stopped: 0.0594280 seconds, Stopping threads took: 0.0000830 seconds
216.508: Application time: 0.1060420 seconds
216.508: [GC [PSYoungGen: 269792K->38368K(269824K)] 711911K->521349K(885760K), 0.0554170 secs] [Times: user=0.44 sys=0.00, real=0.06 secs] 
216.564: Total time for which application threads were stopped: 0.0555850 seconds, Stopping threads took: 0.0000710 seconds
216.671: Application time: 0.1075960 seconds
216.671: [GC [PSYoungGen: 269792K->38368K(269824K)] 752773K->555893K(885760K), 0.0521760 secs] [Times: user=0.41 sys=0.00, real=0.06 secs] 
216.724: Total time for which application threads were stopped: 0.0523570 seconds, Stopping threads took: 0.0000900 seconds
216.807: Application time: 0.0832660 seconds
216.807: [GC [PSYoungGen: 269792K->38384K(269824K)] 787317K->615854K(885760K), 0.0598170 secs] [Times: user=0.48 sys=0.00, real=0.06 secs] 
216.867: [Full GC [PSYoungGen: 38384K->0K(269824K)] [ParOldGen: 577469K->138764K(615936K)] 615854K->138764K(885760K) [PSPermGen: 9152K->9152K(21504K)], 0.1620390 secs] [Times: user=1.19 sys=0.00, real=0.16 secs] 
217.029: Total time for which application threads were stopped: 0.2220870 seconds, Stopping threads took: 0.0000810 seconds
217.128: Application time: 0.0992160 seconds
217.128: [GC [PSYoungGen: 231424K->38370K(269824K)] 370188K->187775K(885760K), 0.0295200 secs] [Times: user=0.24 sys=0.00, real=0.03 secs] 
217.158: Total time for which application threads were stopped: 0.0297170 seconds, Stopping threads took: 0.0000960 seconds
217.264: Application time: 0.1060230 seconds
217.265: [GC [PSYoungGen: 269794K->38384K(269824K)] 419199K->218248K(885760K), 0.0413160 secs] [Times: user=0.32 sys=0.00, real=0.04 secs] 
217.306: Total time for which application threads were stopped: 0.0423750 seconds, Stopping threads took: 0.0009700 seconds
217.410: Application time: 0.1036400 seconds
217.410: [GC [PSYoungGen: 269680K->38368K(269824K)] 449544K->249503K(885760K), 0.0450500 secs] [Times: user=0.35 sys=0.00, real=0.05 secs] 
217.455: Total time for which application threads were stopped: 0.0452310 seconds, Stopping threads took: 0.0000940 seconds
217.540: Application time: 0.0848470 seconds
217.540: [GC [PSYoungGen: 269792K->38368K(269824K)] 480927K->308315K(885760K), 0.0593040 secs] [Times: user=0.47 sys=0.00, real=0.06 secs] 
217.600: Total time for which application threads were stopped: 0.0594880 seconds, Stopping threads took: 0.0000950 seconds
217.696: Application time: 0.0963710 seconds
217.696: [GC [PSYoungGen: 269792K->38368K(269824K)] 539739K->359968K(885760K), 0.0642130 secs] [Times: user=0.50 sys=0.00, real=0.06 secs] 
217.760: Total time for which application threads were stopped: 0.0643970 seconds, Stopping threads took: 0.0000920 seconds
217.867: Application time: 0.1061860 seconds
217.867: [GC [PSYoungGen: 269792K->38368K(269824K)] 591392K->393518K(885760K), 0.0540690 secs] [Times: user=0.43 sys=0.00, real=0.05 secs] 
217.921: Total time for which application threads were stopped: 0.0542340 seconds, Stopping threads took: 0.0000790 seconds
218.030: Application time: 0.1088780 seconds
218.030: [GC [PSYoungGen: 269792K->38368K(269824K)] 624942K->427079K(885760K), 0.0560990 secs] [Times: user=0.42 sys=0.00, real=0.06 secs] 
218.086: Total time for which application threads were stopped: 0.0562780 seconds, Stopping threads took: 0.0000940 seconds
218.168: Application time: 0.0825410 seconds
218.169: [GC [PSYoungGen: 269792K->38368K(269824K)] 658503K->490447K(885760K), 0.0651750 secs] [Times: user=0.51 sys=0.00, real=0.07 secs] 
218.234: Total time for which application threads were stopped: 0.0653490 seconds, Stopping threads took: 0.0000920 seconds
218.329: Application time: 0.0956100 seconds
218.330: [GC [PSYoungGen: 269792K->38368K(269824K)] 721871K->542859K(885760K), 0.0622000 secs] [Times: user=0.49 sys=0.00, real=0.06 secs] 
218.392: Total time for which application threads were stopped: 0.0623940 seconds, Stopping threads took: 0.0000920 seconds
218.503: Application time: 0.1106940 seconds
218.503: [GC [PSYoungGen: 269792K->38368K(269824K)] 774283K->572299K(885760K), 0.0533970 secs] [Times: user=0.42 sys=0.00, real=0.05 secs] 
218.556: Total time for which application threads were stopped: 0.0535600 seconds, Stopping threads took: 0.0000760 seconds
218.662: Application time: 0.1057720 seconds
218.662: [GC [PSYoungGen: 269792K->38368K(269824K)] 803723K->606435K(885760K), 0.0546290 secs] [Times: user=0.43 sys=0.00, real=0.05 secs] 
218.717: [Full GC [PSYoungGen: 38368K->0K(269824K)] [ParOldGen: 568066K->111990K(615936K)] 606435K->111990K(885760K) [PSPermGen: 9152K->9152K(21504K)], 0.1274450 secs] [Times: user=0.92 sys=0.00, real=0.13 secs] 
218.844: Total time for which application threads were stopped: 0.1823560 seconds, Stopping threads took: 0.0000770 seconds
218.923: Application time: 0.0787600 seconds
218.925: [GC [PSYoungGen: 231424K->38388K(269824K)] 343414K->175485K(885760K), 0.0314620 secs] [Times: user=0.25 sys=0.00, real=0.03 secs] 
218.956: Total time for which application threads were stopped: 0.0334900 seconds, Stopping threads took: 0.0019290 seconds
219.055: Application time: 0.0988270 seconds
219.055: [GC [PSYoungGen: 269812K->38379K(269824K)] 406909K->220915K(885760K), 0.0460350 secs] [Times: user=0.35 sys=0.00, real=0.05 secs] 
219.102: Total time for which application threads were stopped: 0.0462400 seconds, Stopping threads took: 0.0000940 seconds
219.217: Application time: 0.1151940 seconds
219.217: [GC [PSYoungGen: 269803K->38379K(269824K)] 452339K->246293K(885760K), 0.0428330 secs] [Times: user=0.33 sys=0.00, real=0.04 secs] 
219.260: Total time for which application threads were stopped: 0.0429850 seconds, Stopping threads took: 0.0000670 seconds
219.370: Application time: 0.1099170 seconds
219.370: [GC [PSYoungGen: 269803K->38395K(269824K)] 477717K->269770K(885760K), 0.0430590 secs] [Times: user=0.34 sys=0.00, real=0.05 secs] 
219.413: Total time for which application threads were stopped: 0.0432520 seconds, Stopping threads took: 0.0000890 seconds
219.489: Application time: 0.0756940 seconds
219.489: [GC [PSYoungGen: 269819K->38379K(269824K)] 501194K->336898K(885760K), 0.0618310 secs] [Times: user=0.49 sys=0.00, real=0.06 secs] 
219.551: Total time for which application threads were stopped: 0.0620170 seconds, Stopping threads took: 0.0000900 seconds
219.646: Application time: 0.0953740 seconds
219.649: [GC [PSYoungGen: 269803K->38395K(269824K)] 568322K->390108K(885760K), 0.0607810 secs] [Times: user=0.48 sys=0.00, real=0.06 secs] 
219.710: Total time for which application threads were stopped: 0.0637840 seconds, Stopping threads took: 0.0029160 seconds
219.828: Application time: 0.1179820 seconds
219.828: [GC [PSYoungGen: 269819K->38395K(269824K)] 621532K->415750K(885760K), 0.0543500 secs] [Times: user=0.42 sys=0.00, real=0.06 secs] 
219.882: Total time for which application threads were stopped: 0.0545650 seconds, Stopping threads took: 0.0001300 seconds
219.995: Application time: 0.1123090 seconds
219.995: [GC [PSYoungGen: 269819K->38368K(269824K)] 647174K->450803K(885760K), 0.0537220 secs] [Times: user=0.43 sys=0.00, real=0.05 secs] 
220.049: Total time for which application threads were stopped: 0.0539170 seconds, Stopping threads took: 0.0000980 seconds
220.126: Application time: 0.0777900 seconds
220.126: [GC [PSYoungGen: 269792K->38395K(269824K)] 682227K->518086K(885760K), 0.0640230 secs] [Times: user=0.50 sys=0.00, real=0.06 secs] 
220.191: Total time for which application threads were stopped: 0.0642150 seconds, Stopping threads took: 0.0001050 seconds
220.289: Application time: 0.0983280 seconds
220.289: [GC [PSYoungGen: 269819K->38368K(269824K)] 749510K->571620K(885760K), 0.0626560 secs] [Times: user=0.49 sys=0.00, real=0.06 secs] 
220.352: Total time for which application threads were stopped: 0.0628150 seconds, Stopping threads took: 0.0000740 seconds
220.468: Application time: 0.1158430 seconds
220.468: [GC [PSYoungGen: 269792K->38384K(269824K)] 803044K->598278K(885760K), 0.0521340 secs] [Times: user=0.41 sys=0.00, real=0.05 secs] 
220.520: [Full GC [PSYoungGen: 38384K->0K(269824K)] [ParOldGen: 559894K->127902K(615936K)] 598278K->127902K(885760K) [PSPermGen: 9152K->9152K(21504K)], 0.1547890 secs] [Times: user=1.14 sys=0.01, real=0.16 secs] 
220.675: Total time for which application threads were stopped: 0.2071440 seconds, Stopping threads took: 0.0000710 seconds
220.782: Application time: 0.1074090 seconds
220.782: [GC [PSYoungGen: 231424K->35526K(269824K)] 359326K->163429K(885760K), 0.0232790 secs] [Times: user=0.18 sys=0.00, real=0.02 secs] 
220.806: Total time for which application threads were stopped: 0.0234730 seconds, Stopping threads took: 0.0000880 seconds
220.885: Application time: 0.0796940 seconds
220.885: [GC [PSYoungGen: 266950K->38376K(269824K)] 394853K->226847K(885760K), 0.0496540 secs] [Times: user=0.39 sys=0.00, real=0.05 secs] 
220.935: Total time for which application threads were stopped: 0.0498410 seconds, Stopping threads took: 0.0001010 seconds
221.029: Application time: 0.0942520 seconds
221.030: [GC [PSYoungGen: 269800K->38384K(269824K)] 458271K->275115K(885760K), 0.0520890 secs] [Times: user=0.42 sys=0.00, real=0.06 secs] 
221.082: Total time for which application threads were stopped: 0.0522530 seconds, Stopping threads took: 0.0000780 seconds
221.196: Application time: 0.1142080 seconds
221.196: [GC [PSYoungGen: 269808K->38384K(269824K)] 506539K->296963K(885760K), 0.0467710 secs] [Times: user=0.36 sys=0.00, real=0.05 secs] 
221.243: Total time for which application threads were stopped: 0.0469490 seconds, Stopping threads took: 0.0000920 seconds
221.347: Application time: 0.1039940 seconds
221.347: [GC [PSYoungGen: 269808K->38384K(269824K)] 528387K->332454K(885760K), 0.0522190 secs] [Times: user=0.42 sys=0.00, real=0.05 secs] 
221.399: Total time for which application threads were stopped: 0.0524020 seconds, Stopping threads took: 0.0000870 seconds
221.477: Application time: 0.0773120 seconds
221.481: [GC [PSYoungGen: 269711K->38384K(269824K)] 563781K->397271K(885760K), 0.0658600 secs] [Times: user=0.52 sys=0.00, real=0.06 secs] 
221.547: Total time for which application threads were stopped: 0.0703150 seconds, Stopping threads took: 0.0043710 seconds
221.642: Application time: 0.0949530 seconds
221.642: [GC [PSYoungGen: 269808K->38368K(269824K)] 628695K->447755K(885760K), 0.0631850 secs] [Times: user=0.50 sys=0.00, real=0.06 secs] 
221.705: Total time for which application threads were stopped: 0.0633790 seconds, Stopping threads took: 0.0001100 seconds
221.818: Application time: 0.1129510 seconds
221.818: [GC [PSYoungGen: 269792K->38384K(269824K)] 679179K->479062K(885760K), 0.0574520 secs] [Times: user=0.45 sys=0.00, real=0.06 secs] 
221.876: Total time for which application threads were stopped: 0.0576010 seconds, Stopping threads took: 0.0000650 seconds
221.980: Application time: 0.1041890 seconds
221.980: [GC [PSYoungGen: 269481K->38368K(269824K)] 710159K->517365K(885760K), 0.0591660 secs] [Times: user=0.46 sys=0.00, real=0.06 secs] 
222.039: Total time for which application threads were stopped: 0.0593470 seconds, Stopping threads took: 0.0000830 seconds
222.118: Application time: 0.0783040 seconds
222.118: [GC [PSYoungGen: 269792K->38384K(269824K)] 748789K->581326K(885760K), 0.0662580 secs] [Times: user=0.53 sys=0.00, real=0.07 secs] 
222.184: [Full GC [PSYoungGen: 38384K->0K(269824K)] [ParOldGen: 542942K->141368K(615936K)] 581326K->141368K(885760K) [PSPermGen: 9152K->9152K(21504K)], 0.1693350 secs] [Times: user=1.26 sys=0.00, real=0.17 secs] 
222.353: Total time for which application threads were stopped: 0.2358380 seconds, Stopping threads took: 0.0000940 seconds
222.452: Application time: 0.0988230 seconds
222.452: [GC [PSYoungGen: 231029K->38394K(269824K)] 372397K->189574K(885760K), 0.0292820 secs] [Times: user=0.23 sys=0.00, real=0.04 secs] 
222.482: Total time for which application threads were stopped: 0.0294820 seconds, Stopping threads took: 0.0001150 seconds
222.594: Application time: 0.1118730 seconds
222.594: [GC [PSYoungGen: 269818K->38368K(269824K)] 420998K->215533K(885760K), 0.0391710 secs] [Times: user=0.31 sys=0.00, real=0.04 secs] 
222.633: Total time for which application threads were stopped: 0.0393680 seconds, Stopping threads took: 0.0000990 seconds
222.743: Application time: 0.1100150 seconds
222.743: [GC [PSYoungGen: 269792K->38368K(269824K)] 446957K->245000K(885760K), 0.0458490 secs] [Times: user=0.36 sys=0.00, real=0.04 secs] 
222.789: Total time for which application threads were stopped: 0.0460080 seconds, Stopping threads took: 0.0000720 seconds
222.870: Application time: 0.0806720 seconds
222.870: [GC [PSYoungGen: 269792K->38368K(269824K)] 476424K->303320K(885760K), 0.0562610 secs] [Times: user=0.45 sys=0.00, real=0.06 secs] 
222.926: Total time for which application threads were stopped: 0.0564350 seconds, Stopping threads took: 0.0000840 seconds
223.021: Application time: 0.0944820 seconds
223.021: [GC [PSYoungGen: 269792K->38368K(269824K)] 534744K->361034K(885760K), 0.0598080 secs] [Times: user=0.48 sys=0.00, real=0.06 secs] 
223.081: Total time for which application threads were stopped: 0.0599550 seconds, Stopping threads took: 0.0000620 seconds
223.193: Application time: 0.1128430 seconds
223.194: [GC [PSYoungGen: 269685K->38384K(269824K)] 592352K->392111K(885760K), 0.0519460 secs] [Times: user=0.40 sys=0.00, real=0.05 secs] 
223.246: Total time for which application threads were stopped: 0.0521150 seconds, Stopping threads took: 0.0000710 seconds
223.356: Application time: 0.1106060 seconds
223.356: [GC [PSYoungGen: 269808K->38384K(269824K)] 623535K->424993K(885760K), 0.0520600 secs] [Times: user=0.41 sys=0.00, real=0.05 secs] 
223.408: Total time for which application threads were stopped: 0.0522440 seconds, Stopping threads took: 0.0000950 seconds
223.492: Application time: 0.0838820 seconds
223.493: [GC [PSYoungGen: 269808K->38384K(269824K)] 656417K->482089K(885760K), 0.0575250 secs] [Times: user=0.45 sys=0.00, real=0.05 secs] 
223.551: Total time for which application threads were stopped: 0.0582590 seconds, Stopping threads took: 0.0006470 seconds
223.640: Application time: 0.0897140 seconds
223.640: [GC [PSYoungGen: 269808K->38384K(269824K)] 713513K->542908K(885760K), 0.0616380 secs] [Times: user=0.49 sys=0.00, real=0.07 secs] 
223.702: Total time for which application threads were stopped: 0.0618220 seconds, Stopping threads took: 0.0000990 seconds
223.812: Application time: 0.1101440 seconds
223.812: [GC [PSYoungGen: 269808K->38384K(269824K)] 774332K->575262K(885760K), 0.0527000 secs] [Times: user=0.41 sys=0.00, real=0.06 secs] 
223.865: [Full GC [PSYoungGen: 38384K->0K(269824K)] [ParOldGen: 536878K->132799K(615936K)] 575262K->132799K(885760K) [PSPermGen: 9152K->9152K(21504K)], 0.1615930 secs] [Times: user=1.19 sys=0.00, real=0.16 secs] 
224.027: Total time for which application threads were stopped: 0.2145190 seconds, Stopping threads took: 0.0000740 seconds
224.134: Application time: 0.1076380 seconds
224.134: [GC [PSYoungGen: 231424K->33653K(269824K)] 364223K->166453K(885760K), 0.0226190 secs] [Times: user=0.18 sys=0.00, real=0.02 secs] 
224.157: Total time for which application threads were stopped: 0.0227890 seconds, Stopping threads took: 0.0000830 seconds
224.245: Application time: 0.0874010 seconds
224.245: [GC [PSYoungGen: 265077K->38368K(269824K)] 397877K->218524K(885760K), 0.0444210 secs] [Times: user=0.35 sys=0.00, real=0.04 secs] 
224.289: Total time for which application threads were stopped: 0.0446270 seconds, Stopping threads took: 0.0001160 seconds
224.379: Application time: 0.0896380 seconds
224.379: [GC [PSYoungGen: 269792K->38384K(269824K)] 449948K->270375K(885760K), 0.0538060 secs] [Times: user=0.41 sys=0.00, real=0.05 secs] 
224.433: Total time for which application threads were stopped: 0.0539820 seconds, Stopping threads took: 0.0000780 seconds
224.545: Application time: 0.1121440 seconds
224.545: [GC [PSYoungGen: 269808K->38368K(269824K)] 501799K->299299K(885760K), 0.0494420 secs] [Times: user=0.39 sys=0.00, real=0.05 secs] 
224.595: Total time for which application threads were stopped: 0.0496040 seconds, Stopping threads took: 0.0000780 seconds
224.702: Application time: 0.1077480 seconds
224.705: [GC [PSYoungGen: 269792K->38368K(269824K)] 530723K->332075K(885760K), 0.0542250 secs] [Times: user=0.43 sys=0.01, real=0.05 secs] 
224.759: Total time for which application threads were stopped: 0.0569080 seconds, Stopping threads took: 0.0025930 seconds
224.847: Application time: 0.0877200 seconds
224.847: [GC [PSYoungGen: 269792K->38384K(269824K)] 563499K->383594K(885760K), 0.0617520 secs] [Times: user=0.49 sys=0.00, real=0.06 secs] 
224.909: Total time for which application threads were stopped: 0.0619470 seconds, Stopping threads took: 0.0000950 seconds
225.000: Application time: 0.0909280 seconds
225.000: [GC [PSYoungGen: 269808K->38368K(269824K)] 615018K->444187K(885760K), 0.0698270 secs] [Times: user=0.55 sys=0.00, real=0.07 secs] 
225.070: Total time for which application threads were stopped: 0.0700290 seconds, Stopping threads took: 0.0001040 seconds
225.179: Application time: 0.1091480 seconds
225.179: [GC [PSYoungGen: 269792K->38384K(269824K)] 675611K->475403K(885760K), 0.0579060 secs] [Times: user=0.45 sys=0.00, real=0.06 secs] 
225.237: Total time for which application threads were stopped: 0.0580990 seconds, Stopping threads took: 0.0001040 seconds
225.340: Application time: 0.1031240 seconds
225.341: [GC [PSYoungGen: 269808K->38384K(269824K)] 706827K->512063K(885760K), 0.0586630 secs] [Times: user=0.46 sys=0.00, real=0.05 secs] 
225.400: Total time for which application threads were stopped: 0.0594320 seconds, Stopping threads took: 0.0006830 seconds
225.487: Application time: 0.0878060 seconds
225.488: [GC [PSYoungGen: 269808K->38368K(269824K)] 743487K->562894K(885760K), 0.0631490 secs] [Times: user=0.51 sys=0.00, real=0.06 secs] 
225.551: Total time for which application threads were stopped: 0.0633390 seconds, Stopping threads took: 0.0001050 seconds
225.642: Application time: 0.0911800 seconds
225.642: [GC [PSYoungGen: 269792K->38384K(269824K)] 794318K->624777K(885760K), 0.0718100 secs] [Times: user=0.57 sys=0.00, real=0.07 secs] 
225.714: [Full GC [PSYoungGen: 38384K->0K(269824K)] [ParOldGen: 586392K->152216K(615936K)] 624777K->152216K(885760K) [PSPermGen: 9152K->9152K(21504K)], 0.1912440 secs] [Times: user=1.40 sys=0.00, real=0.19 secs] 
225.905: Total time for which application threads were stopped: 0.2633080 seconds, Stopping threads took: 0.0000930 seconds
226.015: Application time: 0.1100730 seconds
226.015: [GC [PSYoungGen: 231424K->32784K(269824K)] 383640K->185000K(885760K), 0.0219860 secs] [Times: user=0.17 sys=0.00, real=0.02 secs] 
226.038: Total time for which application threads were stopped: 0.0221520 seconds, Stopping threads took: 0.0000810 seconds
226.141: Application time: 0.1038790 seconds
226.142: [GC [PSYoungGen: 264208K->38368K(269824K)] 416424K->213766K(885760K), 0.0371730 secs] [Times: user=0.30 sys=0.00, real=0.03 secs] 
226.179: Total time for which application threads were stopped: 0.0373500 seconds, Stopping threads took: 0.0000920 seconds
226.269: Application time: 0.0903100 seconds
226.269: [GC [PSYoungGen: 269639K->38384K(269824K)] 445037K->259829K(885760K), 0.0489420 secs] [Times: user=0.39 sys=0.00, real=0.05 secs] 
226.318: Total time for which application threads were stopped: 0.0491210 seconds, Stopping threads took: 0.0000850 seconds
226.407: Application time: 0.0892190 seconds
226.408: [GC [PSYoungGen: 269808K->38384K(269824K)] 491253K->321848K(885760K), 0.0632400 secs] [Times: user=0.50 sys=0.00, real=0.06 secs] 
226.471: Total time for which application threads were stopped: 0.0633900 seconds, Stopping threads took: 0.0000660 seconds
226.581: Application time: 0.1096980 seconds
226.581: [GC [PSYoungGen: 269808K->38384K(269824K)] 553272K->351787K(885760K), 0.0503020 secs] [Times: user=0.40 sys=0.00, real=0.05 secs] 
226.631: Total time for which application threads were stopped: 0.0504660 seconds, Stopping threads took: 0.0000760 seconds
226.738: Application time: 0.1070130 seconds
226.738: [GC [PSYoungGen: 269808K->38368K(269824K)] 583211K->385482K(885760K), 0.0550090 secs] [Times: user=0.44 sys=0.00, real=0.06 secs] 
226.793: Total time for which application threads were stopped: 0.0551670 seconds, Stopping threads took: 0.0000740 seconds
226.879: Application time: 0.0861040 seconds
226.879: [GC [PSYoungGen: 269792K->38368K(269824K)] 616906K->437614K(885760K), 0.0604470 secs] [Times: user=0.48 sys=0.00, real=0.06 secs] 
226.940: Total time for which application threads were stopped: 0.0606230 seconds, Stopping threads took: 0.0000750 seconds
227.030: Application time: 0.0897670 seconds
227.030: [GC [PSYoungGen: 269792K->38368K(269824K)] 669038K->502917K(885760K), 0.0690010 secs] [Times: user=0.55 sys=0.00, real=0.07 secs] 
227.099: Total time for which application threads were stopped: 0.0691950 seconds, Stopping threads took: 0.0000930 seconds
227.210: Application time: 0.1108580 seconds
227.210: [GC [PSYoungGen: 269792K->38368K(269824K)] 734341K->532893K(885760K), 0.0572520 secs] [Times: user=0.44 sys=0.00, real=0.06 secs] 
227.267: Total time for which application threads were stopped: 0.0574200 seconds, Stopping threads took: 0.0000860 seconds
227.375: Application time: 0.1082720 seconds
227.377: [GC [PSYoungGen: 269792K->38368K(269824K)] 764317K->567527K(885760K), 0.0576560 secs] [Times: user=0.46 sys=0.00, real=0.06 secs] 
227.435: Total time for which application threads were stopped: 0.0592260 seconds, Stopping threads took: 0.0014820 seconds
227.521: Application time: 0.0863060 seconds
227.521: [GC [PSYoungGen: 269792K->38384K(269824K)] 798951K->620402K(885760K), 0.0627140 secs] [Times: user=0.49 sys=0.00, real=0.06 secs] 
227.584: [Full GC [PSYoungGen: 38384K->0K(269824K)] [ParOldGen: 582018K->119373K(615936K)] 620402K->119373K(885760K) [PSPermGen: 9152K->9152K(21504K)], 0.1274760 secs] [Times: user=0.92 sys=0.00, real=0.12 secs] 
227.711: Total time for which application threads were stopped: 0.1904410 seconds, Stopping threads took: 0.0000840 seconds
227.801: Application time: 0.0897920 seconds
227.801: [GC [PSYoungGen: 231424K->38368K(269824K)] 350797K->183064K(885760K), 0.0352000 secs] [Times: user=0.27 sys=0.00, real=0.03 secs] 
227.837: Total time for which application threads were stopped: 0.0353690 seconds, Stopping threads took: 0.0000820 seconds
227.951: Application time: 0.1142740 seconds
227.951: [GC [PSYoungGen: 269792K->38368K(269824K)] 414488K->206145K(885760K), 0.0381490 secs] [Times: user=0.30 sys=0.00, real=0.04 secs] 
227.989: Total time for which application threads were stopped: 0.0383530 seconds, Stopping threads took: 0.0001170 seconds
228.097: Application time: 0.1079590 seconds
228.100: [GC [PSYoungGen: 269792K->38368K(269824K)] 437569K->236055K(885760K), 0.0439900 secs] [Times: user=0.35 sys=0.00, real=0.05 secs] 
228.144: Total time for which application threads were stopped: 0.0468640 seconds, Stopping threads took: 0.0027770 seconds
228.228: Application time: 0.0837980 seconds
228.228: [GC [PSYoungGen: 269792K->38384K(269824K)] 467479K->284448K(885760K), 0.0503020 secs] [Times: user=0.40 sys=0.00, real=0.05 secs] 
228.278: Total time for which application threads were stopped: 0.0504730 seconds, Stopping threads took: 0.0000840 seconds
228.367: Application time: 0.0887980 seconds
228.369: [GC [PSYoungGen: 269808K->38368K(269824K)] 515872K->340954K(885760K), 0.0597590 secs] [Times: user=0.47 sys=0.00, real=0.06 secs] 
228.429: Total time for which application threads were stopped: 0.0616210 seconds, Stopping threads took: 0.0017740 seconds
228.542: Application time: 0.1136130 seconds
228.542: [GC [PSYoungGen: 269792K->38368K(269824K)] 572378K->371854K(885760K), 0.0507560 secs] [Times: user=0.40 sys=0.01, real=0.05 secs] 
228.593: Total time for which application threads were stopped: 0.0509310 seconds, Stopping threads took: 0.0000890 seconds
228.699: Application time: 0.1057680 seconds
228.699: [GC [PSYoungGen: 269792K->38384K(269824K)] 603278K->408754K(885760K), 0.0591940 secs] [Times: user=0.46 sys=0.00, real=0.06 secs] 
228.758: Total time for which application threads were stopped: 0.0593640 seconds, Stopping threads took: 0.0000780 seconds
228.844: Application time: 0.0855920 seconds
228.844: [GC [PSYoungGen: 269655K->38384K(269824K)] 640025K->462814K(885760K), 0.0567260 secs] [Times: user=0.45 sys=0.00, real=0.06 secs] 
228.901: Total time for which application threads were stopped: 0.0569060 seconds, Stopping threads took: 0.0000910 seconds
228.991: Application time: 0.0903460 seconds
228.991: [GC [PSYoungGen: 269804K->38384K(269824K)] 694233K->520429K(885760K), 0.0608580 secs] [Times: user=0.48 sys=0.00, real=0.06 secs] 
229.052: Total time for which application threads were stopped: 0.0610160 seconds, Stopping threads took: 0.0000740 seconds
229.171: Application time: 0.1187370 seconds
229.173: [GC [PSYoungGen: 269808K->38384K(269824K)] 751853K->548623K(885760K), 0.0507840 secs] [Times: user=0.40 sys=0.00, real=0.05 secs] 
229.224: Total time for which application threads were stopped: 0.0527600 seconds, Stopping threads took: 0.0018900 seconds
229.326: Application time: 0.1020290 seconds
229.326: [GC [PSYoungGen: 269808K->38368K(269824K)] 780047K->591732K(885760K), 0.0564800 secs] [Times: user=0.44 sys=0.00, real=0.06 secs] 
229.382: [Full GC [PSYoungGen: 38368K->0K(269824K)] [ParOldGen: 553364K->120867K(615936K)] 591732K->120867K(885760K) [PSPermGen: 9152K->9152K(21504K)], 0.1458600 secs] [Times: user=1.07 sys=0.00, real=0.14 secs] 
229.528: Total time for which application threads were stopped: 0.2026030 seconds, Stopping threads took: 0.0001110 seconds
229.614: Application time: 0.0855100 seconds
229.614: [GC [PSYoungGen: 231424K->38384K(269824K)] 352291K->176706K(885760K), 0.0289560 secs] [Times: user=0.23 sys=0.00, real=0.03 secs] 
229.643: Total time for which application threads were stopped: 0.0291440 seconds, Stopping threads took: 0.0001010 seconds
229.741: Application time: 0.0975550 seconds
229.741: [GC [PSYoungGen: 269808K->38384K(269824K)] 408130K->222078K(885760K), 0.0441870 secs] [Times: user=0.35 sys=0.00, real=0.05 secs] 
229.785: Total time for which application threads were stopped: 0.0443720 seconds, Stopping threads took: 0.0000970 seconds
229.902: Application time: 0.1174080 seconds
229.903: [GC [PSYoungGen: 269808K->38384K(269824K)] 453502K->240061K(885760K), 0.0398560 secs] [Times: user=0.32 sys=0.00, real=0.04 secs] 
229.942: Total time for which application threads were stopped: 0.0400510 seconds, Stopping threads took: 0.0001010 seconds
230.037: Application time: 0.0942100 seconds
230.037: [GC [PSYoungGen: 269808K->38368K(269824K)] 471485K->280256K(885760K), 0.0486760 secs] [Times: user=0.38 sys=0.01, real=0.05 secs] 
230.086: Total time for which application threads were stopped: 0.0488540 seconds, Stopping threads took: 0.0000900 seconds
230.170: Application time: 0.0848090 seconds
230.173: [GC [PSYoungGen: 269792K->38384K(269824K)] 511680K->336454K(885760K), 0.0614560 secs] [Times: user=0.48 sys=0.00, real=0.06 secs] 
230.234: Total time for which application threads were stopped: 0.0641030 seconds, Stopping threads took: 0.0025610 seconds
230.330: Application time: 0.0951070 seconds
230.333: [GC [PSYoungGen: 269808K->38368K(269824K)] 567878K->388375K(885760K), 0.0590770 secs] [Times: user=0.47 sys=0.00, real=0.05 secs] 
230.392: Total time for which application threads were stopped: 0.0627500 seconds, Stopping threads took: 0.0035890 seconds
230.507: Application time: 0.1144940 seconds
230.507: [GC [PSYoungGen: 269792K->38384K(269824K)] 619799K->415228K(885760K), 0.0506570 secs] [Times: user=0.40 sys=0.00, real=0.05 secs] 
230.558: Total time for which application threads were stopped: 0.0508430 seconds, Stopping threads took: 0.0000940 seconds
230.653: Application time: 0.0951740 seconds
230.653: [GC [PSYoungGen: 269808K->38368K(269824K)] 646652K->461292K(885760K), 0.0553130 secs] [Times: user=0.43 sys=0.00, real=0.05 secs] 
230.708: Total time for which application threads were stopped: 0.0554640 seconds, Stopping threads took: 0.0000610 seconds
230.794: Application time: 0.0861970 seconds
230.795: [GC [PSYoungGen: 269792K->38384K(269824K)] 692716K->515597K(885760K), 0.0581930 secs] [Times: user=0.46 sys=0.00, real=0.06 secs] 
230.853: Total time for which application threads were stopped: 0.0583850 seconds, Stopping threads took: 0.0000940 seconds
230.945: Application time: 0.0919950 seconds
230.945: [GC [PSYoungGen: 269808K->38368K(269824K)] 747021K->569520K(885760K), 0.0599270 secs] [Times: user=0.47 sys=0.00, real=0.06 secs] 
231.005: Total time for which application threads were stopped: 0.0600960 seconds, Stopping threads took: 0.0000800 seconds
231.122: Application time: 0.1168210 seconds
231.122: [GC [PSYoungGen: 269792K->38384K(269824K)] 800944K->597185K(885760K), 0.0529590 secs] [Times: user=0.40 sys=0.00, real=0.05 secs] 
231.175: [Full GC [PSYoungGen: 38384K->0K(269824K)] [ParOldGen: 558800K->128633K(615936K)] 597185K->128633K(885760K) [PSPermGen: 9152K->9152K(21504K)], 0.1590970 secs] [Times: user=1.17 sys=0.00, real=0.16 secs] 
231.334: Total time for which application threads were stopped: 0.2122970 seconds, Stopping threads took: 0.0000760 seconds
231.433: Application time: 0.0989790 seconds
231.433: [GC [PSYoungGen: 231424K->38368K(269824K)] 360057K->173798K(885760K), 0.0264520 secs] [Times: user=0.20 sys=0.00, real=0.02 secs] 
231.460: Total time for which application threads were stopped: 0.0266330 seconds, Stopping threads took: 0.0000920 seconds
231.548: Application time: 0.0886140 seconds
231.548: [GC [PSYoungGen: 269792K->38379K(269824K)] 405222K->220297K(885760K), 0.0427830 secs] [Times: user=0.34 sys=0.00, real=0.04 secs] 
231.591: Total time for which application threads were stopped: 0.0429440 seconds, Stopping threads took: 0.0000770 seconds
231.685: Application time: 0.0933230 seconds
231.685: [GC [PSYoungGen: 269803K->38384K(269824K)] 451721K->269264K(885760K), 0.0511470 secs] [Times: user=0.40 sys=0.00, real=0.05 secs] 
231.736: Total time for which application threads were stopped: 0.0513070 seconds, Stopping threads took: 0.0000620 seconds
231.852: Application time: 0.1164070 seconds
231.852: [GC [PSYoungGen: 269808K->38384K(269824K)] 500688K->290389K(885760K), 0.0462190 secs] [Times: user=0.36 sys=0.00, real=0.05 secs] 
231.899: Total time for which application threads were stopped: 0.0463890 seconds, Stopping threads took: 0.0000870 seconds
231.995: Application time: 0.0966410 seconds
231.995: [GC [PSYoungGen: 269808K->38368K(269824K)] 521813K->334241K(885760K), 0.0560840 secs] [Times: user=0.44 sys=0.00, real=0.05 secs] 
232.052: Total time for which application threads were stopped: 0.0562430 seconds, Stopping threads took: 0.0000750 seconds
232.140: Application time: 0.0885760 seconds
232.140: [GC [PSYoungGen: 269792K->38384K(269824K)] 565665K->386449K(885760K), 0.0614640 secs] [Times: user=0.49 sys=0.00, real=0.07 secs] 
232.202: Total time for which application threads were stopped: 0.0616510 seconds, Stopping threads took: 0.0001040 seconds
232.293: Application time: 0.0911810 seconds
232.293: [GC [PSYoungGen: 269808K->38368K(269824K)] 617873K->443256K(885760K), 0.0674520 secs] [Times: user=0.53 sys=0.00, real=0.06 secs] 
232.361: Total time for which application threads were stopped: 0.0676100 seconds, Stopping threads took: 0.0000610 seconds
232.476: Application time: 0.1152960 seconds
232.476: [GC [PSYoungGen: 269792K->38384K(269824K)] 674680K->471202K(885760K), 0.0564760 secs] [Times: user=0.45 sys=0.00, real=0.05 secs] 
232.533: Total time for which application threads were stopped: 0.0566470 seconds, Stopping threads took: 0.0000890 seconds
232.631: Application time: 0.0985520 seconds
232.633: [GC [PSYoungGen: 269808K->38384K(269824K)] 702626K->515199K(885760K), 0.0620090 secs] [Times: user=0.49 sys=0.00, real=0.06 secs] 
232.695: Total time for which application threads were stopped: 0.0638680 seconds, Stopping threads took: 0.0017750 seconds
232.785: Application time: 0.0904590 seconds
232.786: [GC [PSYoungGen: 269808K->38368K(269824K)] 746623K->568431K(885760K), 0.0658480 secs] [Times: user=0.52 sys=0.00, real=0.06 secs] 
232.851: Total time for which application threads were stopped: 0.0660010 seconds, Stopping threads took: 0.0000690 seconds
232.941: Application time: 0.0898990 seconds
232.942: [GC [PSYoungGen: 269792K->38384K(269824K)] 799855K->624887K(885760K), 0.0682220 secs] [Times: user=0.54 sys=0.00, real=0.06 secs] 
233.010: [Full GC [PSYoungGen: 38384K->0K(269824K)] [ParOldGen: 586502K->145718K(615936K)] 624887K->145718K(885760K) [PSPermGen: 9154K->9154K(21504K)], 0.1781410 secs] [Times: user=1.32 sys=0.00, real=0.18 secs] 
233.188: Total time for which application threads were stopped: 0.2466090 seconds, Stopping threads took: 0.0000840 seconds
233.307: Application time: 0.1185980 seconds
233.307: [GC [PSYoungGen: 231424K->29081K(269824K)] 377142K->174799K(885760K), 0.0220270 secs] [Times: user=0.18 sys=0.00, real=0.02 secs] 
233.329: Total time for which application threads were stopped: 0.0222160 seconds, Stopping threads took: 0.0000920 seconds
233.429: Application time: 0.0998190 seconds
233.429: [GC [PSYoungGen: 260505K->38393K(269824K)] 406223K->214612K(885760K), 0.0404790 secs] [Times: user=0.32 sys=0.00, real=0.04 secs] 
233.469: Total time for which application threads were stopped: 0.0406860 seconds, Stopping threads took: 0.0001180 seconds
233.563: Application time: 0.0938940 seconds
233.563: [GC [PSYoungGen: 269817K->38377K(269824K)] 446036K->258868K(885760K), 0.0505750 secs] [Times: user=0.37 sys=0.00, real=0.05 secs] 
233.614: Total time for which application threads were stopped: 0.0507680 seconds, Stopping threads took: 0.0000960 seconds
233.699: Application time: 0.0848570 seconds
233.699: [GC [PSYoungGen: 269801K->38377K(269824K)] 490292K->313858K(885760K), 0.0568880 secs] [Times: user=0.45 sys=0.00, real=0.06 secs] 
233.756: Total time for which application threads were stopped: 0.0570750 seconds, Stopping threads took: 0.0001010 seconds
233.871: Application time: 0.1147450 seconds
233.871: [GC [PSYoungGen: 269801K->38393K(269824K)] 545282K->345367K(885760K), 0.0541730 secs] [Times: user=0.42 sys=0.00, real=0.06 secs] 
233.925: Total time for which application threads were stopped: 0.0543450 seconds, Stopping threads took: 0.0000890 seconds
234.023: Application time: 0.0976970 seconds
234.023: [GC [PSYoungGen: 269817K->38377K(269824K)] 576791K->388915K(885760K), 0.0561240 secs] [Times: user=0.45 sys=0.00, real=0.05 secs] 
234.079: Total time for which application threads were stopped: 0.0562890 seconds, Stopping threads took: 0.0000770 seconds
234.171: Application time: 0.0921950 seconds
234.173: [GC [PSYoungGen: 269801K->38377K(269824K)] 620339K->437368K(885760K), 0.0602020 secs] [Times: user=0.47 sys=0.00, real=0.06 secs] 
234.233: Total time for which application threads were stopped: 0.0620250 seconds, Stopping threads took: 0.0017180 seconds
234.324: Application time: 0.0905020 seconds
234.324: [GC [PSYoungGen: 269801K->38393K(269824K)] 668792K->494528K(885760K), 0.0620100 secs] [Times: user=0.49 sys=0.00, real=0.06 secs] 
234.386: Total time for which application threads were stopped: 0.0621900 seconds, Stopping threads took: 0.0000960 seconds
234.502: Application time: 0.1162380 seconds
234.502: [GC [PSYoungGen: 269817K->38393K(269824K)] 725952K->526872K(885760K), 0.0569330 secs] [Times: user=0.44 sys=0.00, real=0.05 secs] 
234.559: Total time for which application threads were stopped: 0.0570880 seconds, Stopping threads took: 0.0000740 seconds
234.657: Application time: 0.0981270 seconds
234.657: [GC [PSYoungGen: 269817K->38393K(269824K)] 758296K->570015K(885760K), 0.0567630 secs] [Times: user=0.45 sys=0.00, real=0.06 secs] 
234.714: Total time for which application threads were stopped: 0.0569200 seconds, Stopping threads took: 0.0000720 seconds
234.809: Application time: 0.0951650 seconds
234.810: [GC [PSYoungGen: 269817K->38377K(269824K)] 801439K->618703K(885760K), 0.0599240 secs] [Times: user=0.48 sys=0.00, real=0.06 secs] 
234.870: [Full GC [PSYoungGen: 38377K->0K(269824K)] [ParOldGen: 580326K->131148K(615936K)] 618703K->131148K(885760K) [PSPermGen: 9154K->9154K(21504K)], 0.1558000 secs] [Times: user=1.15 sys=0.00, real=0.16 secs] 
235.025: Total time for which application threads were stopped: 0.2159750 seconds, Stopping threads took: 0.0000860 seconds
235.112: Application time: 0.0861320 seconds
235.112: [GC [PSYoungGen: 231424K->38385K(269824K)] 362572K->185626K(885760K), 0.0289010 secs] [Times: user=0.22 sys=0.00, real=0.03 secs] 
235.141: Total time for which application threads were stopped: 0.0290780 seconds, Stopping threads took: 0.0000900 seconds
235.254: Application time: 0.1134430 seconds
235.254: [GC [PSYoungGen: 269809K->38389K(269824K)] 417050K->210677K(885760K), 0.0380330 secs] [Times: user=0.29 sys=0.00, real=0.03 secs] 
235.292: Total time for which application threads were stopped: 0.0382000 seconds, Stopping threads took: 0.0000850 seconds
235.391: Application time: 0.0983350 seconds
235.391: [GC [PSYoungGen: 269813K->38389K(269824K)] 442101K->250759K(885760K), 0.0474330 secs] [Times: user=0.38 sys=0.00, real=0.05 secs] 
235.438: Total time for which application threads were stopped: 0.0476340 seconds, Stopping threads took: 0.0000990 seconds
235.538: Application time: 0.0995120 seconds
235.538: [GC [PSYoungGen: 269813K->38389K(269824K)] 482183K->291183K(885760K), 0.0511420 secs] [Times: user=0.41 sys=0.00, real=0.05 secs] 
235.589: Total time for which application threads were stopped: 0.0513090 seconds, Stopping threads took: 0.0000850 seconds
235.683: Application time: 0.0937060 seconds
235.683: [GC [PSYoungGen: 269813K->38389K(269824K)] 522607K->346595K(885760K), 0.0604550 secs] [Times: user=0.48 sys=0.00, real=0.06 secs] 
235.743: Total time for which application threads were stopped: 0.0606390 seconds, Stopping threads took: 0.0000940 seconds
235.853: Application time: 0.1098810 seconds
235.853: [GC [PSYoungGen: 269813K->38373K(269824K)] 578019K->385614K(885760K), 0.0576980 secs] [Times: user=0.46 sys=0.00, real=0.05 secs] 
235.911: Total time for which application threads were stopped: 0.0578620 seconds, Stopping threads took: 0.0000830 seconds
236.012: Application time: 0.1008470 seconds
236.012: [GC [PSYoungGen: 269797K->38373K(269824K)] 617038K->429258K(885760K), 0.0556580 secs] [Times: user=0.44 sys=0.00, real=0.06 secs] 
236.068: Total time for which application threads were stopped: 0.0558290 seconds, Stopping threads took: 0.0000700 seconds
236.171: Application time: 0.1032870 seconds
236.171: [GC [PSYoungGen: 269797K->38373K(269824K)] 660682K->468776K(885760K), 0.0548660 secs] [Times: user=0.43 sys=0.00, real=0.06 secs] 
236.226: Total time for which application threads were stopped: 0.0550430 seconds, Stopping threads took: 0.0000900 seconds
236.313: Application time: 0.0869920 seconds
236.313: [GC [PSYoungGen: 269797K->38389K(269824K)] 700200K->526907K(885760K), 0.0618330 secs] [Times: user=0.47 sys=0.00, real=0.06 secs] 
236.375: Total time for which application threads were stopped: 0.0620330 seconds, Stopping threads took: 0.0001120 seconds
236.478: Application time: 0.1031280 seconds
236.479: [GC [PSYoungGen: 269813K->38389K(269824K)] 758331K->569351K(885760K), 0.0581420 secs] [Times: user=0.46 sys=0.00, real=0.06 secs] 
236.537: Total time for which application threads were stopped: 0.0583200 seconds, Stopping threads took: 0.0000960 seconds
236.639: Application time: 0.1022630 seconds
236.639: [GC [PSYoungGen: 269813K->38373K(269824K)] 800775K->610602K(885760K), 0.0566110 secs] [Times: user=0.44 sys=0.00, real=0.06 secs] 
236.696: [Full GC [PSYoungGen: 38373K->0K(269824K)] [ParOldGen: 572228K->137535K(615936K)] 610602K->137535K(885760K) [PSPermGen: 9155K->9155K(21504K)], 0.1721650 secs] [Times: user=1.27 sys=0.00, real=0.17 secs] 
236.868: Total time for which application threads were stopped: 0.2290360 seconds, Stopping threads took: 0.0000970 seconds
236.971: Application time: 0.1027650 seconds
236.971: [GC [PSYoungGen: 231424K->37486K(269824K)] 368959K->175021K(885760K), 0.0229950 secs] [Times: user=0.18 sys=0.00, real=0.03 secs] 
236.994: Total time for which application threads were stopped: 0.0232110 seconds, Stopping threads took: 0.0001270 seconds
237.081: Application time: 0.0870190 seconds
237.081: [GC [PSYoungGen: 268910K->38395K(269824K)] 406445K->227662K(885760K), 0.0462410 secs] [Times: user=0.37 sys=0.00, real=0.04 secs] 
237.127: Total time for which application threads were stopped: 0.0464170 seconds, Stopping threads took: 0.0000860 seconds
237.227: Application time: 0.0998780 seconds
237.227: [GC [PSYoungGen: 269819K->38384K(269824K)] 459086K->264471K(885760K), 0.0475360 secs] [Times: user=0.38 sys=0.00, real=0.05 secs] 
237.275: Total time for which application threads were stopped: 0.0477210 seconds, Stopping threads took: 0.0000870 seconds
237.376: Application time: 0.1013530 seconds
237.381: [GC [PSYoungGen: 269808K->38384K(269824K)] 495895K->304119K(885760K), 0.0532460 secs] [Times: user=0.42 sys=0.00, real=0.05 secs] 
237.434: Total time for which application threads were stopped: 0.0578590 seconds, Stopping threads took: 0.0045190 seconds
237.537: Application time: 0.1031170 seconds
237.537: [GC [PSYoungGen: 269808K->38384K(269824K)] 535543K->336764K(885760K), 0.0532090 secs] [Times: user=0.42 sys=0.00, real=0.05 secs] 
237.591: Total time for which application threads were stopped: 0.0533830 seconds, Stopping threads took: 0.0000860 seconds
237.679: Application time: 0.0881110 seconds
237.679: [GC [PSYoungGen: 269808K->38368K(269824K)] 568188K->395386K(885760K), 0.0683930 secs] [Times: user=0.54 sys=0.00, real=0.07 secs] 
237.747: Total time for which application threads were stopped: 0.0685850 seconds, Stopping threads took: 0.0001040 seconds
237.849: Application time: 0.1010720 seconds
237.849: [GC [PSYoungGen: 269617K->38368K(269824K)] 626635K->442783K(885760K), 0.0658920 secs] [Times: user=0.50 sys=0.00, real=0.07 secs] 
237.915: Total time for which application threads were stopped: 0.0660810 seconds, Stopping threads took: 0.0000930 seconds
238.020: Application time: 0.1053860 seconds
238.020: [GC [PSYoungGen: 269792K->38384K(269824K)] 674207K->483796K(885760K), 0.0629630 secs] [Times: user=0.50 sys=0.00, real=0.07 secs] 
238.083: Total time for which application threads were stopped: 0.0631930 seconds, Stopping threads took: 0.0001450 seconds
238.189: Application time: 0.1059330 seconds
238.189: [GC [PSYoungGen: 269808K->38368K(269824K)] 715220K->518452K(885760K), 0.0603680 secs] [Times: user=0.47 sys=0.00, real=0.06 secs] 
238.250: Total time for which application threads were stopped: 0.0605620 seconds, Stopping threads took: 0.0001070 seconds
238.336: Application time: 0.0859780 seconds
238.336: [GC [PSYoungGen: 269792K->38384K(269824K)] 749876K->577271K(885760K), 0.0684020 secs] [Times: user=0.55 sys=0.00, real=0.07 secs] 
238.404: Total time for which application threads were stopped: 0.0685650 seconds, Stopping threads took: 0.0000730 seconds
238.504: Application time: 0.0999570 seconds
238.505: [GC [PSYoungGen: 269808K->38368K(269824K)] 808695K->624713K(885760K), 0.0655260 secs] [Times: user=0.52 sys=0.00, real=0.06 secs] 
238.571: [Full GC [PSYoungGen: 38368K->0K(269824K)] [ParOldGen: 586345K->139027K(615936K)] 624713K->139027K(885760K) [PSPermGen: 9157K->9157K(21504K)], 0.1673740 secs] [Times: user=1.25 sys=0.00, real=0.17 secs] 
238.738: Total time for which application threads were stopped: 0.2337450 seconds, Stopping threads took: 0.0006920 seconds
238.843: Application time: 0.1048180 seconds
238.845: [GC [PSYoungGen: 231424K->38368K(269824K)] 370451K->179489K(885760K), 0.0258870 secs] [Times: user=0.21 sys=0.00, real=0.02 secs] 
238.871: Total time for which application threads were stopped: 0.0281200 seconds, Stopping threads took: 0.0021460 seconds
238.976: Application time: 0.1053230 seconds
238.976: [GC [PSYoungGen: 269792K->38384K(269824K)] 410913K->207862K(885760K), 0.0380590 secs] [Times: user=0.30 sys=0.00, real=0.04 secs] 
239.014: Total time for which application threads were stopped: 0.0382400 seconds, Stopping threads took: 0.0000940 seconds
239.102: Application time: 0.0875520 seconds
239.102: [GC [PSYoungGen: 269808K->38384K(269824K)] 439286K->260655K(885760K), 0.0510820 secs] [Times: user=0.40 sys=0.00, real=0.05 secs] 
239.153: Total time for which application threads were stopped: 0.0512780 seconds, Stopping threads took: 0.0000950 seconds
239.253: Application time: 0.1001280 seconds
239.254: [GC [PSYoungGen: 269808K->38368K(269824K)] 492079K->306050K(885760K), 0.0527380 secs] [Times: user=0.41 sys=0.00, real=0.05 secs] 
239.306: Total time for which application threads were stopped: 0.0529140 seconds, Stopping threads took: 0.0000910 seconds
239.411: Application time: 0.1045800 seconds
239.411: [GC [PSYoungGen: 269792K->38368K(269824K)] 537474K->347337K(885760K), 0.0535590 secs] [Times: user=0.42 sys=0.00, real=0.06 secs] 
239.465: Total time for which application threads were stopped: 0.0537590 seconds, Stopping threads took: 0.0001140 seconds
239.570: Application time: 0.1053330 seconds
239.570: [GC [PSYoungGen: 269792K->38384K(269824K)] 578761K->382180K(885760K), 0.0499680 secs] [Times: user=0.40 sys=0.00, real=0.05 secs] 
239.620: Total time for which application threads were stopped: 0.0501310 seconds, Stopping threads took: 0.0000780 seconds
239.712: Application time: 0.0915280 seconds
239.712: [GC [PSYoungGen: 269808K->38384K(269824K)] 613604K->435726K(885760K), 0.0572770 secs] [Times: user=0.45 sys=0.00, real=0.06 secs] 
239.769: Total time for which application threads were stopped: 0.0574570 seconds, Stopping threads took: 0.0000800 seconds
239.865: Application time: 0.0956370 seconds
239.869: [GC [PSYoungGen: 269808K->38368K(269824K)] 667150K->489757K(885760K), 0.0595840 secs] [Times: user=0.48 sys=0.00, real=0.06 secs] 
239.929: Total time for which application threads were stopped: 0.0637860 seconds, Stopping threads took: 0.0041090 seconds
240.035: Application time: 0.1063770 seconds
240.035: [GC [PSYoungGen: 269792K->38384K(269824K)] 721181K->527907K(885760K), 0.0544680 secs] [Times: user=0.43 sys=0.00, real=0.05 secs] 
240.090: Total time for which application threads were stopped: 0.0546370 seconds, Stopping threads took: 0.0000810 seconds
240.193: Application time: 0.1037940 seconds
240.194: [GC [PSYoungGen: 269808K->38368K(269824K)] 759331K->563881K(885760K), 0.0523860 secs] [Times: user=0.41 sys=0.00, real=0.05 secs] 
240.246: Total time for which application threads were stopped: 0.0525680 seconds, Stopping threads took: 0.0000970 seconds
240.338: Application time: 0.0925310 seconds
240.339: [GC [PSYoungGen: 269792K->38368K(269824K)] 795305K->617519K(885760K), 0.0577530 secs] [Times: user=0.46 sys=0.00, real=0.06 secs] 
240.396: [Full GC [PSYoungGen: 38368K->0K(269824K)] [ParOldGen: 579151K->131943K(615936K)] 617519K->131943K(885760K) [PSPermGen: 9157K->9157K(21504K)], 0.1544520 secs] [Times: user=1.14 sys=0.00, real=0.15 secs] 
240.551: Total time for which application threads were stopped: 0.2124520 seconds, Stopping threads took: 0.0000870 seconds
240.648: Application time: 0.0967820 seconds
240.648: [GC [PSYoungGen: 231424K->38373K(269824K)] 363367K->183058K(885760K), 0.0303340 secs] [Times: user=0.24 sys=0.00, real=0.03 secs] 
240.678: Total time for which application threads were stopped: 0.0305700 seconds, Stopping threads took: 0.0001460 seconds
240.784: Application time: 0.1061310 seconds
240.785: [GC [PSYoungGen: 269797K->38368K(269824K)] 414482K->217985K(885760K), 0.0423760 secs] [Times: user=0.33 sys=0.00, real=0.04 secs] 
240.827: Total time for which application threads were stopped: 0.0425690 seconds, Stopping threads took: 0.0001030 seconds
240.931: Application time: 0.1039300 seconds
240.931: [GC [PSYoungGen: 269792K->38384K(269824K)] 449409K->252003K(885760K), 0.0456730 secs] [Times: user=0.36 sys=0.00, real=0.05 secs] 
240.977: Total time for which application threads were stopped: 0.0458640 seconds, Stopping threads took: 0.0000850 seconds
241.067: Application time: 0.0902780 seconds
241.067: [GC [PSYoungGen: 269808K->38384K(269824K)] 483427K->304800K(885760K), 0.0530600 secs] [Times: user=0.42 sys=0.00, real=0.05 secs] 
241.120: Total time for which application threads were stopped: 0.0532180 seconds, Stopping threads took: 0.0000710 seconds
241.216: Application time: 0.0957040 seconds
241.216: [GC [PSYoungGen: 269808K->38384K(269824K)] 536224K->353513K(885760K), 0.0549660 secs] [Times: user=0.43 sys=0.00, real=0.05 secs] 
241.271: Total time for which application threads were stopped: 0.0551660 seconds, Stopping threads took: 0.0001140 seconds
241.375: Application time: 0.1036790 seconds
241.377: [GC [PSYoungGen: 269808K->38384K(269824K)] 584937K->391124K(885760K), 0.0499540 secs] [Times: user=0.40 sys=0.00, real=0.05 secs] 
241.427: Total time for which application threads were stopped: 0.0520850 seconds, Stopping threads took: 0.0020440 seconds
241.527: Application time: 0.1003020 seconds
241.527: [GC [PSYoungGen: 269808K->38368K(269824K)] 622548K->430212K(885760K), 0.0502350 secs] [Times: user=0.40 sys=0.00, real=0.05 secs] 
241.578: Total time for which application threads were stopped: 0.0504270 seconds, Stopping threads took: 0.0000820 seconds
241.671: Application time: 0.0936850 seconds
241.671: [GC [PSYoungGen: 269792K->38368K(269824K)] 661636K->483831K(885760K), 0.0575360 secs] [Times: user=0.45 sys=0.00, real=0.06 secs] 
241.729: Total time for which application threads were stopped: 0.0576910 seconds, Stopping threads took: 0.0000710 seconds
241.826: Application time: 0.0965160 seconds
241.826: [GC [PSYoungGen: 269792K->38384K(269824K)] 715255K->534288K(885760K), 0.0560170 secs] [Times: user=0.45 sys=0.00, real=0.06 secs] 
241.882: Total time for which application threads were stopped: 0.0561990 seconds, Stopping threads took: 0.0000980 seconds
241.986: Application time: 0.1044050 seconds
241.986: [GC [PSYoungGen: 269622K->38368K(269824K)] 765527K->571493K(885760K), 0.0500190 secs] [Times: user=0.40 sys=0.00, real=0.05 secs] 
242.036: Total time for which application threads were stopped: 0.0501810 seconds, Stopping threads took: 0.0000780 seconds
242.133: Application time: 0.0966000 seconds
242.133: [GC [PSYoungGen: 269792K->38368K(269824K)] 802917K->612848K(885760K), 0.0508820 secs] [Times: user=0.41 sys=0.00, real=0.05 secs] 
242.184: [Full GC [PSYoungGen: 38368K->0K(269824K)] [ParOldGen: 574480K->127908K(615936K)] 612848K->127908K(885760K) [PSPermGen: 9159K->9159K(21504K)], 0.1459790 secs] [Times: user=1.07 sys=0.00, real=0.14 secs] 
242.330: Total time for which application threads were stopped: 0.1971180 seconds, Stopping threads took: 0.0000970 seconds
242.427: Application time: 0.0969080 seconds
242.429: [GC [PSYoungGen: 231424K->38397K(269824K)] 359332K->176619K(885760K), 0.0284390 secs] [Times: user=0.22 sys=0.00, real=0.03 secs] 
242.457: Total time for which application threads were stopped: 0.0304230 seconds, Stopping threads took: 0.0018910 seconds
242.552: Application time: 0.0949120 seconds
242.552: [GC [PSYoungGen: 269821K->38368K(269824K)] 408043K->222886K(885760K), 0.0453150 secs] [Times: user=0.35 sys=0.00, real=0.05 secs] 
242.598: Total time for which application threads were stopped: 0.0454890 seconds, Stopping threads took: 0.0000890 seconds
242.700: Application time: 0.1024400 seconds
242.700: [GC [PSYoungGen: 269792K->38368K(269824K)] 454310K->257951K(885760K), 0.0450260 secs] [Times: user=0.36 sys=0.00, real=0.05 secs] 
242.745: Total time for which application threads were stopped: 0.0452080 seconds, Stopping threads took: 0.0000870 seconds
242.843: Application time: 0.0970460 seconds
242.843: [GC [PSYoungGen: 269792K->38368K(269824K)] 489375K->296296K(885760K), 0.0486790 secs] [Times: user=0.38 sys=0.00, real=0.04 secs] 
242.891: Total time for which application threads were stopped: 0.0488490 seconds, Stopping threads took: 0.0000840 seconds
242.991: Application time: 0.0998430 seconds
242.991: [GC [PSYoungGen: 269792K->38368K(269824K)] 527720K->346110K(885760K), 0.0572060 secs] [Times: user=0.45 sys=0.00, real=0.06 secs] 
243.049: Total time for which application threads were stopped: 0.0573900 seconds, Stopping threads took: 0.0000980 seconds
243.141: Application time: 0.0919270 seconds
243.141: [GC [PSYoungGen: 269792K->38384K(269824K)] 577534K->400165K(885760K), 0.0583500 secs] [Times: user=0.46 sys=0.01, real=0.06 secs] 
243.199: Total time for which application threads were stopped: 0.0585080 seconds, Stopping threads took: 0.0000750 seconds
243.301: Application time: 0.1015070 seconds
243.301: [GC [PSYoungGen: 269808K->38368K(269824K)] 631589K->437993K(885760K), 0.0519970 secs] [Times: user=0.41 sys=0.00, real=0.05 secs] 
243.353: Total time for which application threads were stopped: 0.0524430 seconds, Stopping threads took: 0.0003500 seconds
243.453: Application time: 0.0995230 seconds
243.453: [GC [PSYoungGen: 269792K->38384K(269824K)] 669417K->477114K(885760K), 0.0533500 secs] [Times: user=0.42 sys=0.00, real=0.06 secs] 
243.506: Total time for which application threads were stopped: 0.0535350 seconds, Stopping threads took: 0.0000980 seconds
243.602: Application time: 0.0963440 seconds
243.603: [GC [PSYoungGen: 269707K->38384K(269824K)] 708438K->528550K(885760K), 0.0611830 secs] [Times: user=0.47 sys=0.00, real=0.06 secs] 
243.664: Total time for which application threads were stopped: 0.0613360 seconds, Stopping threads took: 0.0000690 seconds
243.755: Application time: 0.0915310 seconds
243.755: [GC [PSYoungGen: 269808K->38384K(269824K)] 759974K->583174K(885760K), 0.0592560 secs] [Times: user=0.47 sys=0.00, real=0.06 secs] 
243.815: Total time for which application threads were stopped: 0.0594270 seconds, Stopping threads took: 0.0000860 seconds
243.917: Application time: 0.1020590 seconds
243.917: [GC [PSYoungGen: 269808K->38384K(269824K)] 814598K->620630K(885760K), 0.0533770 secs] [Times: user=0.41 sys=0.00, real=0.05 secs] 
243.970: [Full GC [PSYoungGen: 38384K->0K(269824K)] [ParOldGen: 582246K->136714K(615936K)] 620630K->136714K(885760K) [PSPermGen: 9160K->9160K(21504K)], 0.1662910 secs] [Times: user=1.23 sys=0.00, real=0.17 secs] 
244.137: Total time for which application threads were stopped: 0.2199230 seconds, Stopping threads took: 0.0000910 seconds
244.239: Application time: 0.1019740 seconds
244.241: [GC [PSYoungGen: 231424K->38397K(269824K)] 368138K->175367K(885760K), 0.0241210 secs] [Times: user=0.19 sys=0.00, real=0.02 secs] 
244.265: Total time for which application threads were stopped: 0.0264470 seconds, Stopping threads took: 0.0022370 seconds
244.360: Application time: 0.0945910 seconds
244.360: [GC [PSYoungGen: 269821K->38368K(269824K)] 406791K->219555K(885760K), 0.0440040 secs] [Times: user=0.34 sys=0.00, real=0.05 secs] 
244.404: Total time for which application threads were stopped: 0.0441690 seconds, Stopping threads took: 0.0000780 seconds
244.496: Application time: 0.0919220 seconds
244.496: [GC [PSYoungGen: 269792K->38368K(269824K)] 450979K->269327K(885760K), 0.0516290 secs] [Times: user=0.41 sys=0.00, real=0.05 secs] 
244.548: Total time for which application threads were stopped: 0.0518270 seconds, Stopping threads took: 0.0000960 seconds
244.650: Application time: 0.1024270 seconds
244.650: [GC [PSYoungGen: 269792K->38368K(269824K)] 500751K->306235K(885760K), 0.0500860 secs] [Times: user=0.40 sys=0.00, real=0.05 secs] 
244.700: Total time for which application threads were stopped: 0.0502650 seconds, Stopping threads took: 0.0000920 seconds
244.807: Application time: 0.1070570 seconds
244.808: [GC [PSYoungGen: 269792K->38384K(269824K)] 537659K->343557K(885760K), 0.0556310 secs] [Times: user=0.43 sys=0.00, real=0.06 secs] 
244.863: Total time for which application threads were stopped: 0.0558130 seconds, Stopping threads took: 0.0000940 seconds
244.955: Application time: 0.0916500 seconds
244.955: [GC [PSYoungGen: 269808K->38368K(269824K)] 574981K->394866K(885760K), 0.0601830 secs] [Times: user=0.47 sys=0.00, real=0.06 secs] 
245.015: Total time for which application threads were stopped: 0.0603480 seconds, Stopping threads took: 0.0000800 seconds
245.110: Application time: 0.0950530 seconds
245.110: [GC [PSYoungGen: 269792K->38368K(269824K)] 626290K->443806K(885760K), 0.0626650 secs] [Times: user=0.50 sys=0.00, real=0.07 secs] 
245.173: Total time for which application threads were stopped: 0.0628720 seconds, Stopping threads took: 0.0001090 seconds
245.274: Application time: 0.1011260 seconds
245.274: [GC [PSYoungGen: 269792K->38368K(269824K)] 675230K->489999K(885760K), 0.0604820 secs] [Times: user=0.48 sys=0.00, real=0.06 secs] 
245.335: Total time for which application threads were stopped: 0.0606590 seconds, Stopping threads took: 0.0000900 seconds
245.445: Application time: 0.1098030 seconds
245.445: [GC [PSYoungGen: 269792K->38368K(269824K)] 721423K->527321K(885760K), 0.0598370 secs] [Times: user=0.47 sys=0.00, real=0.06 secs] 
245.505: Total time for which application threads were stopped: 0.0600290 seconds, Stopping threads took: 0.0000940 seconds
245.596: Application time: 0.0907820 seconds
245.596: [GC [PSYoungGen: 269792K->38384K(269824K)] 758745K->573967K(885760K), 0.0582400 secs] [Times: user=0.46 sys=0.00, real=0.06 secs] 
245.654: Total time for which application threads were stopped: 0.0584080 seconds, Stopping threads took: 0.0000830 seconds
245.750: Application time: 0.0960630 seconds
245.750: [GC [PSYoungGen: 269808K->38368K(269824K)] 805391K->624617K(885760K), 0.0646500 secs] [Times: user=0.49 sys=0.00, real=0.07 secs] 
245.815: [Full GC [PSYoungGen: 38368K->0K(269824K)] [ParOldGen: 586248K->137790K(615936K)] 624617K->137790K(885760K) [PSPermGen: 9160K->9160K(21504K)], 0.1628850 secs] [Times: user=1.20 sys=0.00, real=0.16 secs] 
245.978: Total time for which application threads were stopped: 0.2277850 seconds, Stopping threads took: 0.0000840 seconds
246.072: Application time: 0.0937680 seconds
246.072: [GC [PSYoungGen: 231424K->38384K(269824K)] 369214K->186303K(885760K), 0.0279800 secs] [Times: user=0.22 sys=0.00, real=0.03 secs] 
246.100: Total time for which application threads were stopped: 0.0281610 seconds, Stopping threads took: 0.0000940 seconds
246.209: Application time: 0.1095880 seconds
246.210: [GC [PSYoungGen: 269808K->38384K(269824K)] 417727K->216550K(885760K), 0.0414960 secs] [Times: user=0.32 sys=0.00, real=0.04 secs] 
246.251: Total time for which application threads were stopped: 0.0417230 seconds, Stopping threads took: 0.0001370 seconds
246.340: Application time: 0.0893340 seconds
246.341: [GC [PSYoungGen: 269808K->38384K(269824K)] 447974K->259806K(885760K), 0.0477630 secs] [Times: user=0.38 sys=0.00, real=0.05 secs] 
246.388: Total time for which application threads were stopped: 0.0479300 seconds, Stopping threads took: 0.0000700 seconds
246.487: Application time: 0.0983780 seconds
246.487: [GC [PSYoungGen: 269808K->38368K(269824K)] 491230K->307160K(885760K), 0.0562360 secs] [Times: user=0.44 sys=0.00, real=0.06 secs] 
246.543: Total time for which application threads were stopped: 0.0564170 seconds, Stopping threads took: 0.0000930 seconds
246.637: Application time: 0.0937240 seconds
246.637: [GC [PSYoungGen: 269792K->38384K(269824K)] 538584K->360631K(885760K), 0.0603660 secs] [Times: user=0.48 sys=0.00, real=0.06 secs] 
246.697: Total time for which application threads were stopped: 0.0605370 seconds, Stopping threads took: 0.0000820 seconds
246.808: Application time: 0.1107790 seconds
246.808: [GC [PSYoungGen: 269808K->38384K(269824K)] 592055K->396421K(885760K), 0.0542670 secs] [Times: user=0.43 sys=0.00, real=0.06 secs] 
246.863: Total time for which application threads were stopped: 0.0544460 seconds, Stopping threads took: 0.0000900 seconds
246.958: Application time: 0.0949650 seconds
246.961: [GC [PSYoungGen: 269808K->38384K(269824K)] 627845K->440844K(885760K), 0.0559340 secs] [Times: user=0.44 sys=0.00, real=0.05 secs] 
247.017: Total time for which application threads were stopped: 0.0593640 seconds, Stopping threads took: 0.0033310 seconds
247.117: Application time: 0.0999370 seconds
247.117: [GC [PSYoungGen: 269808K->38368K(269824K)] 672268K->485279K(885760K), 0.0588150 secs] [Times: user=0.47 sys=0.00, real=0.06 secs] 
247.176: Total time for which application threads were stopped: 0.0589890 seconds, Stopping threads took: 0.0000860 seconds
247.265: Application time: 0.0887300 seconds
247.265: [GC [PSYoungGen: 269792K->38368K(269824K)] 716703K->546343K(885760K), 0.0626760 secs] [Times: user=0.50 sys=0.00, real=0.06 secs] 
247.328: Total time for which application threads were stopped: 0.0630320 seconds, Stopping threads took: 0.0002700 seconds
247.438: Application time: 0.1107060 seconds
247.438: [GC [PSYoungGen: 269792K->38384K(269824K)] 777767K->578835K(885760K), 0.0531410 secs] [Times: user=0.42 sys=0.00, real=0.05 secs] 
247.492: Total time for which application threads were stopped: 0.0533080 seconds, Stopping threads took: 0.0000830 seconds
247.587: Application time: 0.0952520 seconds
247.587: [GC [PSYoungGen: 269808K->38368K(269824K)] 810259K->619435K(885760K), 0.0537600 secs] [Times: user=0.41 sys=0.01, real=0.06 secs] 
247.641: [Full GC [PSYoungGen: 38368K->0K(269824K)] [ParOldGen: 581067K->126827K(615936K)] 619435K->126827K(885760K) [PSPermGen: 9160K->9160K(21504K)], 0.1427450 secs] [Times: user=1.05 sys=0.00, real=0.14 secs] 
247.784: Total time for which application threads were stopped: 0.1967730 seconds, Stopping threads took: 0.0000880 seconds
247.881: Application time: 0.0974900 seconds
247.881: [GC [PSYoungGen: 231424K->38372K(269824K)] 358251K->177148K(885760K), 0.0298790 secs] [Times: user=0.23 sys=0.00, real=0.02 secs] 
247.911: Total time for which application threads were stopped: 0.0300330 seconds, Stopping threads took: 0.0000650 seconds
248.002: Application time: 0.0911140 seconds
248.005: [GC [PSYoungGen: 269796K->38384K(269824K)] 408572K->231007K(885760K), 0.0500510 secs] [Times: user=0.40 sys=0.00, real=0.05 secs] 
248.055: Total time for which application threads were stopped: 0.0526930 seconds, Stopping threads took: 0.0025580 seconds
248.165: Application time: 0.1099340 seconds
248.169: [GC [PSYoungGen: 269808K->38384K(269824K)] 462431K->260378K(885760K), 0.0455950 secs] [Times: user=0.37 sys=0.00, real=0.05 secs] 
248.215: Total time for which application threads were stopped: 0.0496470 seconds, Stopping threads took: 0.0039510 seconds
248.313: Application time: 0.0980100 seconds
248.313: [GC [PSYoungGen: 269750K->38368K(269824K)] 491744K->297022K(885760K), 0.0451100 secs] [Times: user=0.36 sys=0.01, real=0.05 secs] 
248.358: Total time for which application threads were stopped: 0.0452960 seconds, Stopping threads took: 0.0000980 seconds
248.452: Application time: 0.0941890 seconds
248.452: [GC [PSYoungGen: 269792K->38368K(269824K)] 528446K->350891K(885760K), 0.0567590 secs] [Times: user=0.45 sys=0.00, real=0.06 secs] 
248.509: Total time for which application threads were stopped: 0.0569270 seconds, Stopping threads took: 0.0000790 seconds
248.602: Application time: 0.0932380 seconds
248.602: [GC [PSYoungGen: 269792K->38384K(269824K)] 582315K->406713K(885760K), 0.0568770 secs] [Times: user=0.45 sys=0.00, real=0.05 secs] 
248.659: Total time for which application threads were stopped: 0.0570550 seconds, Stopping threads took: 0.0000910 seconds
248.768: Application time: 0.1086270 seconds
248.768: [GC [PSYoungGen: 269808K->38384K(269824K)] 638137K->437804K(885760K), 0.0480900 secs] [Times: user=0.38 sys=0.00, real=0.05 secs] 
248.816: Total time for which application threads were stopped: 0.0483020 seconds, Stopping threads took: 0.0001120 seconds
248.917: Application time: 0.1003670 seconds
248.917: [GC [PSYoungGen: 269808K->38384K(269824K)] 669228K->477354K(885760K), 0.0494140 secs] [Times: user=0.39 sys=0.00, real=0.05 secs] 
248.966: Total time for which application threads were stopped: 0.0495710 seconds, Stopping threads took: 0.0000690 seconds
249.059: Application time: 0.0927920 seconds
249.059: [GC [PSYoungGen: 269808K->38368K(269824K)] 708778K->533471K(885760K), 0.0584070 secs] [Times: user=0.46 sys=0.00, real=0.06 secs] 
249.118: Total time for which application threads were stopped: 0.0585950 seconds, Stopping threads took: 0.0001040 seconds
249.209: Application time: 0.0916940 seconds
249.209: [GC [PSYoungGen: 269792K->38368K(269824K)] 764895K->588410K(885760K), 0.0571660 secs] [Times: user=0.45 sys=0.00, real=0.06 secs] 
249.267: [Full GC [PSYoungGen: 38368K->0K(269824K)] [ParOldGen: 550042K->150720K(615936K)] 588410K->150720K(885760K) [PSPermGen: 9160K->9160K(21504K)], 0.1855990 secs] [Times: user=1.38 sys=0.00, real=0.18 secs] 
249.452: Total time for which application threads were stopped: 0.2429950 seconds, Stopping threads took: 0.0000790 seconds
249.563: Application time: 0.1109370 seconds
249.563: [GC [PSYoungGen: 231424K->30368K(269824K)] 382144K->181088K(885760K), 0.0217870 secs] [Times: user=0.17 sys=0.00, real=0.02 secs] 
249.585: Total time for which application threads were stopped: 0.0219730 seconds, Stopping threads took: 0.0000840 seconds
249.685: Application time: 0.0999290 seconds
249.685: [GC [PSYoungGen: 261792K->38381K(269824K)] 412512K->216596K(885760K), 0.0381580 secs] [Times: user=0.30 sys=0.00, real=0.04 secs] 
249.723: Total time for which application threads were stopped: 0.0383070 seconds, Stopping threads took: 0.0000630 seconds
249.818: Application time: 0.0947360 seconds
249.818: [GC [PSYoungGen: 269805K->38368K(269824K)] 448020K->265613K(885760K), 0.0523130 secs] [Times: user=0.42 sys=0.00, real=0.05 secs] 
249.871: Total time for which application threads were stopped: 0.0524880 seconds, Stopping threads took: 0.0000880 seconds
249.963: Application time: 0.0924650 seconds
249.963: [GC [PSYoungGen: 269792K->38368K(269824K)] 497037K->320318K(885760K), 0.0607030 secs] [Times: user=0.48 sys=0.00, real=0.06 secs] 
250.024: Total time for which application threads were stopped: 0.0608900 seconds, Stopping threads took: 0.0001000 seconds
250.135: Application time: 0.1111750 seconds
250.137: [GC [PSYoungGen: 269792K->38384K(269824K)] 551742K->354036K(885760K), 0.0554890 secs] [Times: user=0.44 sys=0.00, real=0.05 secs] 
250.192: Total time for which application threads were stopped: 0.0572320 seconds, Stopping threads took: 0.0016440 seconds
250.295: Application time: 0.1021170 seconds
250.295: [GC [PSYoungGen: 269808K->38384K(269824K)] 585460K->392451K(885760K), 0.0588530 secs] [Times: user=0.46 sys=0.00, real=0.06 secs] 
250.354: Total time for which application threads were stopped: 0.0590410 seconds, Stopping threads took: 0.0001030 seconds
250.450: Application time: 0.0967440 seconds
250.451: [GC [PSYoungGen: 269808K->38368K(269824K)] 623875K->444973K(885760K), 0.0660740 secs] [Times: user=0.53 sys=0.00, real=0.07 secs] 
250.517: Total time for which application threads were stopped: 0.0662450 seconds, Stopping threads took: 0.0000820 seconds
250.606: Application time: 0.0896620 seconds
250.606: [GC [PSYoungGen: 269792K->38368K(269824K)] 676397K->501384K(885760K), 0.0665330 secs] [Times: user=0.53 sys=0.00, real=0.07 secs] 
250.673: Total time for which application threads were stopped: 0.0667060 seconds, Stopping threads took: 0.0000840 seconds
250.778: Application time: 0.1054740 seconds
250.779: [GC [PSYoungGen: 269792K->38368K(269824K)] 732808K->536962K(885760K), 0.0592340 secs] [Times: user=0.46 sys=0.00, real=0.06 secs] 
250.838: Total time for which application threads were stopped: 0.0594250 seconds, Stopping threads took: 0.0000980 seconds
250.939: Application time: 0.1010160 seconds
250.939: [GC [PSYoungGen: 269792K->38368K(269824K)] 768386K->573877K(885760K), 0.0590930 secs] [Times: user=0.47 sys=0.00, real=0.06 secs] 
250.998: Total time for which application threads were stopped: 0.0592910 seconds, Stopping threads took: 0.0001110 seconds
251.094: Application time: 0.0960490 seconds
251.094: [GC [PSYoungGen: 269792K->38368K(269824K)] 805301K->627197K(885760K), 0.0672160 secs] [Times: user=0.53 sys=0.00, real=0.07 secs] 
251.162: [Full GC [PSYoungGen: 38368K->0K(269824K)] [ParOldGen: 588828K->123671K(615936K)] 627197K->123671K(885760K) [PSPermGen: 9160K->9160K(21504K)], 0.1408770 secs] [Times: user=1.03 sys=0.00, real=0.14 secs] 
251.303: Total time for which application threads were stopped: 0.2083270 seconds, Stopping threads took: 0.0000910 seconds
251.395: Application time: 0.0927960 seconds
251.396: [GC [PSYoungGen: 231424K->38384K(269824K)] 355095K->179673K(885760K), 0.0317190 secs] [Times: user=0.25 sys=0.00, real=0.03 secs] 
251.427: Total time for which application threads were stopped: 0.0319320 seconds, Stopping threads took: 0.0001140 seconds
251.535: Application time: 0.1078870 seconds
251.535: [GC [PSYoungGen: 269808K->38368K(269824K)] 411097K->210679K(885760K), 0.0407430 secs] [Times: user=0.32 sys=0.00, real=0.04 secs] 
251.576: Total time for which application threads were stopped: 0.0409240 seconds, Stopping threads took: 0.0000930 seconds
251.681: Application time: 0.1045740 seconds
251.681: [GC [PSYoungGen: 269792K->38384K(269824K)] 442103K->238393K(885760K), 0.0415520 secs] [Times: user=0.32 sys=0.00, real=0.04 secs] 
251.722: Total time for which application threads were stopped: 0.0417450 seconds, Stopping threads took: 0.0000960 seconds
251.814: Application time: 0.0916560 seconds
251.814: [GC [PSYoungGen: 269808K->38384K(269824K)] 469817K->285794K(885760K), 0.0515740 secs] [Times: user=0.40 sys=0.00, real=0.05 secs] 
251.866: Total time for which application threads were stopped: 0.0517460 seconds, Stopping threads took: 0.0000870 seconds
251.958: Application time: 0.0916270 seconds
251.958: [GC [PSYoungGen: 269808K->38384K(269824K)] 517218K->341939K(885760K), 0.0605130 secs] [Times: user=0.48 sys=0.00, real=0.06 secs] 
252.018: Total time for which application threads were stopped: 0.0607080 seconds, Stopping threads took: 0.0000950 seconds
252.127: Application time: 0.1091870 seconds
252.128: [GC [PSYoungGen: 269808K->38368K(269824K)] 573363K->373712K(885760K), 0.0517260 secs] [Times: user=0.40 sys=0.00, real=0.05 secs] 
252.179: Total time for which application threads were stopped: 0.0519140 seconds, Stopping threads took: 0.0001000 seconds
252.285: Application time: 0.1055480 seconds
252.289: [GC [PSYoungGen: 269792K->38384K(269824K)] 605136K->411831K(885760K), 0.0531560 secs] [Times: user=0.42 sys=0.00, real=0.06 secs] 
252.342: Total time for which application threads were stopped: 0.0572420 seconds, Stopping threads took: 0.0040010 seconds
252.430: Application time: 0.0874880 seconds
252.433: [GC [PSYoungGen: 269808K->38368K(269824K)] 643255K->467959K(885760K), 0.0608970 secs] [Times: user=0.48 sys=0.00, real=0.06 secs] 
252.494: Total time for which application threads were stopped: 0.0642590 seconds, Stopping threads took: 0.0032750 seconds
252.588: Application time: 0.0944770 seconds
252.588: [GC [PSYoungGen: 269792K->38384K(269824K)] 699383K->519605K(885760K), 0.0615720 secs] [Times: user=0.47 sys=0.00, real=0.06 secs] 
252.650: Total time for which application threads were stopped: 0.0617590 seconds, Stopping threads took: 0.0000890 seconds
252.761: Application time: 0.1110990 seconds
252.761: [GC [PSYoungGen: 269808K->38368K(269824K)] 751029K->552405K(885760K), 0.0542550 secs] [Times: user=0.42 sys=0.00, real=0.05 secs] 
252.816: Total time for which application threads were stopped: 0.0544210 seconds, Stopping threads took: 0.0000820 seconds
252.915: Application time: 0.0998050 seconds
252.916: [GC [PSYoungGen: 269792K->38368K(269824K)] 783829K->591430K(885760K), 0.0547560 secs] [Times: user=0.43 sys=0.00, real=0.05 secs] 
252.970: [Full GC [PSYoungGen: 38368K->0K(269824K)] [ParOldGen: 553061K->120432K(615936K)] 591430K->120432K(885760K) [PSPermGen: 9160K->9160K(21504K)], 0.1395170 secs] [Times: user=1.02 sys=0.00, real=0.14 secs] 
253.110: Total time for which application threads were stopped: 0.1945080 seconds, Stopping threads took: 0.0000900 seconds
253.196: Application time: 0.0864950 seconds
253.197: [GC [PSYoungGen: 231424K->38368K(269824K)] 351856K->179575K(885760K), 0.0318510 secs] [Times: user=0.25 sys=0.00, real=0.03 secs] 
253.229: Total time for which application threads were stopped: 0.0320540 seconds, Stopping threads took: 0.0001050 seconds
253.331: Application time: 0.1024670 seconds
253.331: [GC [PSYoungGen: 269792K->38384K(269824K)] 410999K->219312K(885760K), 0.0439050 secs] [Times: user=0.35 sys=0.00, real=0.05 secs] 
253.375: Total time for which application threads were stopped: 0.0440800 seconds, Stopping threads took: 0.0000880 seconds
253.482: Application time: 0.1067390 seconds
253.482: [GC [PSYoungGen: 269808K->38384K(269824K)] 450736K->253449K(885760K), 0.0473920 secs] [Times: user=0.35 sys=0.03, real=0.04 secs] 
253.529: Total time for which application threads were stopped: 0.0475580 seconds, Stopping threads took: 0.0000820 seconds
253.634: Application time: 0.1050510 seconds
253.635: [GC [PSYoungGen: 269808K->38384K(269824K)] 484873K->287424K(885760K), 0.0489630 secs] [Times: user=0.39 sys=0.00, real=0.05 secs] 
253.684: Total time for which application threads were stopped: 0.0491370 seconds, Stopping threads took: 0.0000890 seconds
253.768: Application time: 0.0840750 seconds
253.768: [GC [PSYoungGen: 269808K->38368K(269824K)] 518848K->346490K(885760K), 0.0599380 secs] [Times: user=0.47 sys=0.00, real=0.06 secs] 
253.828: Total time for which application threads were stopped: 0.0601290 seconds, Stopping threads took: 0.0000940 seconds
253.929: Application time: 0.1015640 seconds
253.929: [GC [PSYoungGen: 269792K->38368K(269824K)] 577914K->390856K(885760K), 0.0578150 secs] [Times: user=0.46 sys=0.00, real=0.06 secs] 
253.987: Total time for which application threads were stopped: 0.0579890 seconds, Stopping threads took: 0.0000800 seconds
254.095: Application time: 0.1076920 seconds
254.097: [GC [PSYoungGen: 269792K->38368K(269824K)] 622280K->428971K(885760K), 0.0577330 secs] [Times: user=0.44 sys=0.00, real=0.06 secs] 
254.155: Total time for which application threads were stopped: 0.0597220 seconds, Stopping threads took: 0.0018990 seconds
254.260: Application time: 0.1055440 seconds
254.260: [GC [PSYoungGen: 269792K->38368K(269824K)] 660395K->467587K(885760K), 0.0557440 secs] [Times: user=0.44 sys=0.00, real=0.06 secs] 
254.316: Total time for which application threads were stopped: 0.0559390 seconds, Stopping threads took: 0.0001060 seconds
254.402: Application time: 0.0854740 seconds
254.405: [GC [PSYoungGen: 269792K->38384K(269824K)] 699011K->526495K(885760K), 0.0625010 secs] [Times: user=0.49 sys=0.00, real=0.06 secs] 
254.468: Total time for which application threads were stopped: 0.0658110 seconds, Stopping threads took: 0.0032060 seconds
254.569: Application time: 0.1010880 seconds
254.569: [GC [PSYoungGen: 269808K->38384K(269824K)] 757919K->570212K(885760K), 0.0584700 secs] [Times: user=0.46 sys=0.00, real=0.06 secs] 
254.627: Total time for which application threads were stopped: 0.0586410 seconds, Stopping threads took: 0.0000840 seconds
254.731: Application time: 0.1038480 seconds
254.731: [GC [PSYoungGen: 269808K->38384K(269824K)] 801636K->609469K(885760K), 0.0562420 secs] [Times: user=0.45 sys=0.00, real=0.06 secs] 
254.788: [Full GC [PSYoungGen: 38384K->0K(269824K)] [ParOldGen: 571085K->132326K(615936K)] 609469K->132326K(885760K) [PSPermGen: 9160K->9160K(21504K)], 0.1619210 secs] [Times: user=1.19 sys=0.00, real=0.16 secs] 
254.950: Total time for which application threads were stopped: 0.2183940 seconds, Stopping threads took: 0.0000800 seconds
255.051: Application time: 0.1013620 seconds
255.051: [GC [PSYoungGen: 231424K->38394K(269824K)] 363750K->171273K(885760K), 0.0241690 secs] [Times: user=0.19 sys=0.00, real=0.03 secs] 
255.075: Total time for which application threads were stopped: 0.0243660 seconds, Stopping threads took: 0.0000950 seconds
255.158: Application time: 0.0831110 seconds
255.158: [GC [PSYoungGen: 269818K->38384K(269824K)] 402697K->227960K(885760K), 0.0480270 secs] [Times: user=0.38 sys=0.00, real=0.05 secs] 
255.207: Total time for which application threads were stopped: 0.0482130 seconds, Stopping threads took: 0.0000980 seconds
255.312: Application time: 0.1053900 seconds
255.312: [GC [PSYoungGen: 269808K->38368K(269824K)] 459384K->265570K(885760K), 0.0474010 secs] [Times: user=0.36 sys=0.00, real=0.05 secs] 
255.360: Total time for which application threads were stopped: 0.0475670 seconds, Stopping threads took: 0.0000820 seconds
255.469: Application time: 0.1092680 seconds
255.469: [GC [PSYoungGen: 269792K->38368K(269824K)] 496994K->294643K(885760K), 0.0464650 secs] [Times: user=0.36 sys=0.00, real=0.05 secs] 
255.515: Total time for which application threads were stopped: 0.0466420 seconds, Stopping threads took: 0.0000930 seconds
255.616: Application time: 0.1010440 seconds
255.617: [GC [PSYoungGen: 269792K->38384K(269824K)] 526067K->334736K(885760K), 0.0530720 secs] [Times: user=0.40 sys=0.00, real=0.05 secs] 
255.670: Total time for which application threads were stopped: 0.0532650 seconds, Stopping threads took: 0.0000910 seconds
255.751: Application time: 0.0810800 seconds
255.751: [GC [PSYoungGen: 269808K->38368K(269824K)] 566160K->395160K(885760K), 0.0606310 secs] [Times: user=0.49 sys=0.00, real=0.06 secs] 
255.812: Total time for which application threads were stopped: 0.0607960 seconds, Stopping threads took: 0.0000790 seconds
255.916: Application time: 0.1048240 seconds
255.917: [GC [PSYoungGen: 269792K->38368K(269824K)] 626584K->439276K(885760K), 0.0579140 secs] [Times: user=0.46 sys=0.00, real=0.06 secs] 
255.975: Total time for which application threads were stopped: 0.0580750 seconds, Stopping threads took: 0.0000740 seconds
256.082: Application time: 0.1074170 seconds
256.082: [GC [PSYoungGen: 269792K->38368K(269824K)] 670700K->473865K(885760K), 0.0530880 secs] [Times: user=0.42 sys=0.00, real=0.05 secs] 
256.135: Total time for which application threads were stopped: 0.0532640 seconds, Stopping threads took: 0.0000880 seconds
256.237: Application time: 0.1014890 seconds
256.237: [GC [PSYoungGen: 269792K->38384K(269824K)] 705289K->515595K(885760K), 0.0550910 secs] [Times: user=0.44 sys=0.00, real=0.05 secs] 
256.292: Total time for which application threads were stopped: 0.0552730 seconds, Stopping threads took: 0.0000830 seconds
256.373: Application time: 0.0812760 seconds
256.373: [GC [PSYoungGen: 269770K->38384K(269824K)] 746980K->576112K(885760K), 0.0618740 secs] [Times: user=0.49 sys=0.00, real=0.06 secs] 
256.435: Total time for which application threads were stopped: 0.0620280 seconds, Stopping threads took: 0.0000680 seconds
256.540: Application time: 0.1046720 seconds
256.540: [GC [PSYoungGen: 269808K->38384K(269824K)] 807536K->623002K(885760K), 0.0605840 secs] [Times: user=0.48 sys=0.00, real=0.06 secs] 
256.601: [Full GC [PSYoungGen: 38384K->0K(269824K)] [ParOldGen: 584617K->148272K(615936K)] 623002K->148272K(885760K) [PSPermGen: 9160K->9160K(21504K)], 0.1846550 secs] [Times: user=1.36 sys=0.00, real=0.19 secs] 
256.785: Total time for which application threads were stopped: 0.2454920 seconds, Stopping threads took: 0.0000970 seconds
256.896: Application time: 0.1105540 seconds
256.896: [GC [PSYoungGen: 231424K->29696K(269824K)] 379696K->177969K(885760K), 0.0210840 secs] [Times: user=0.17 sys=0.00, real=0.02 secs] 
256.917: Total time for which application threads were stopped: 0.0212770 seconds, Stopping threads took: 0.0000970 seconds
257.018: Application time: 0.1009120 seconds
257.018: [GC [PSYoungGen: 261120K->38387K(269824K)] 409393K->215322K(885760K), 0.0384620 secs] [Times: user=0.30 sys=0.00, real=0.04 secs] 
257.057: Total time for which application threads were stopped: 0.0386430 seconds, Stopping threads took: 0.0000870 seconds
257.136: Application time: 0.0792520 seconds
257.136: [GC [PSYoungGen: 269811K->38384K(269824K)] 446746K->275978K(885760K), 0.0565730 secs] [Times: user=0.43 sys=0.00, real=0.05 secs] 
257.193: Total time for which application threads were stopped: 0.0567620 seconds, Stopping threads took: 0.0000940 seconds
257.297: Application time: 0.1045590 seconds
257.298: [GC [PSYoungGen: 269808K->38384K(269824K)] 507402K->321926K(885760K), 0.0581190 secs] [Times: user=0.46 sys=0.00, real=0.06 secs] 
257.356: Total time for which application threads were stopped: 0.0583000 seconds, Stopping threads took: 0.0000910 seconds
257.469: Application time: 0.1135120 seconds
257.469: [GC [PSYoungGen: 269808K->38384K(269824K)] 553350K->347787K(885760K), 0.0515670 secs] [Times: user=0.41 sys=0.00, real=0.06 secs] 
257.521: Total time for which application threads were stopped: 0.0517430 seconds, Stopping threads took: 0.0000780 seconds
257.623: Application time: 0.1016540 seconds
257.625: [GC [PSYoungGen: 269808K->38384K(269824K)] 579211K->390432K(885760K), 0.0608030 secs] [Times: user=0.48 sys=0.00, real=0.06 secs] 
257.686: Total time for which application threads were stopped: 0.0631710 seconds, Stopping threads took: 0.0022830 seconds
257.763: Application time: 0.0775010 seconds
257.765: [GC [PSYoungGen: 269808K->38384K(269824K)] 621856K->458426K(885760K), 0.0706690 secs] [Times: user=0.57 sys=0.00, real=0.07 secs] 
257.836: Total time for which application threads were stopped: 0.0723280 seconds, Stopping threads took: 0.0015690 seconds
257.938: Application time: 0.1020610 seconds
257.938: [GC [PSYoungGen: 269808K->38384K(269824K)] 689850K->501633K(885760K), 0.0642920 secs] [Times: user=0.51 sys=0.00, real=0.07 secs] 
258.002: Total time for which application threads were stopped: 0.0644660 seconds, Stopping threads took: 0.0000860 seconds
258.114: Application time: 0.1118100 seconds
258.117: [GC [PSYoungGen: 269805K->38368K(269824K)] 733054K->530223K(885760K), 0.0565700 secs] [Times: user=0.45 sys=0.00, real=0.06 secs] 
258.174: Total time for which application threads were stopped: 0.0595640 seconds, Stopping threads took: 0.0028870 seconds
258.273: Application time: 0.0990150 seconds
258.273: [GC [PSYoungGen: 269792K->38384K(269824K)] 761647K->572821K(885760K), 0.0614930 secs] [Times: user=0.49 sys=0.01, real=0.07 secs] 
258.334: Total time for which application threads were stopped: 0.0616680 seconds, Stopping threads took: 0.0000890 seconds
258.410: Application time: 0.0759580 seconds
258.410: [GC [PSYoungGen: 269808K->38384K(269824K)] 804245K->639500K(885760K), 0.0690570 secs] [Times: user=0.55 sys=0.00, real=0.07 secs] 
258.479: [Full GC [PSYoungGen: 38384K->0K(269824K)] [ParOldGen: 601116K->145018K(615936K)] 639500K->145018K(885760K) [PSPermGen: 9160K->9160K(21504K)], 0.1678420 secs] [Times: user=1.25 sys=0.00, real=0.17 secs] 
258.647: Total time for which application threads were stopped: 0.2371270 seconds, Stopping threads took: 0.0000810 seconds
258.753: Application time: 0.1055580 seconds
258.753: [GC [PSYoungGen: 231424K->38395K(269824K)] 376442K->188508K(885760K), 0.0283250 secs] [Times: user=0.22 sys=0.00, real=0.03 secs] 
258.781: Total time for which application threads were stopped: 0.0285220 seconds, Stopping threads took: 0.0000980 seconds
258.897: Application time: 0.1158080 seconds
258.897: [GC [PSYoungGen: 269819K->38379K(269824K)] 419932K->213395K(885760K), 0.0410760 secs] [Times: user=0.32 sys=0.00, real=0.04 secs] 
258.938: Total time for which application threads were stopped: 0.0412320 seconds, Stopping threads took: 0.0000670 seconds
259.041: Application time: 0.1021280 seconds
259.045: [GC [PSYoungGen: 269803K->38379K(269824K)] 444819K->252101K(885760K), 0.0483230 secs] [Times: user=0.39 sys=0.00, real=0.05 secs] 
259.093: Total time for which application threads were stopped: 0.0527080 seconds, Stopping threads took: 0.0042960 seconds
259.172: Application time: 0.0791480 seconds
259.173: [GC [PSYoungGen: 269803K->38368K(269824K)] 483525K->316256K(885760K), 0.0605990 secs] [Times: user=0.48 sys=0.00, real=0.07 secs] 
259.233: Total time for which application threads were stopped: 0.0607680 seconds, Stopping threads took: 0.0000860 seconds
259.335: Application time: 0.1015960 seconds
259.335: [GC [PSYoungGen: 269792K->38395K(269824K)] 547680K->359571K(885760K), 0.0554780 secs] [Times: user=0.44 sys=0.00, real=0.05 secs] 
259.391: Total time for which application threads were stopped: 0.0556590 seconds, Stopping threads took: 0.0000840 seconds
259.500: Application time: 0.1096820 seconds
259.501: [GC [PSYoungGen: 269819K->38379K(269824K)] 590995K->390138K(885760K), 0.0495610 secs] [Times: user=0.39 sys=0.00, real=0.04 secs] 
259.551: Total time for which application threads were stopped: 0.0503720 seconds, Stopping threads took: 0.0007260 seconds
259.648: Application time: 0.0977530 seconds
259.649: [GC [PSYoungGen: 269803K->38395K(269824K)] 621562K->431471K(885760K), 0.0531630 secs] [Times: user=0.41 sys=0.00, real=0.06 secs] 
259.702: Total time for which application threads were stopped: 0.0538490 seconds, Stopping threads took: 0.0005970 seconds
259.781: Application time: 0.0788190 seconds
259.781: [GC [PSYoungGen: 269819K->38379K(269824K)] 662895K->497310K(885760K), 0.0614740 secs] [Times: user=0.48 sys=0.00, real=0.06 secs] 
259.843: Total time for which application threads were stopped: 0.0616290 seconds, Stopping threads took: 0.0000710 seconds
259.946: Application time: 0.1033030 seconds
259.946: [GC [PSYoungGen: 269803K->38395K(269824K)] 728734K->540702K(885760K), 0.0571430 secs] [Times: user=0.45 sys=0.00, real=0.06 secs] 
260.003: Total time for which application threads were stopped: 0.0573230 seconds, Stopping threads took: 0.0000860 seconds
260.115: Application time: 0.1115410 seconds
260.115: [GC [PSYoungGen: 269819K->38395K(269824K)] 772126K->569606K(885760K), 0.0492840 secs] [Times: user=0.39 sys=0.00, real=0.05 secs] 
260.164: Total time for which application threads were stopped: 0.0494680 seconds, Stopping threads took: 0.0000990 seconds
260.262: Application time: 0.0978030 seconds
260.262: [GC [PSYoungGen: 269819K->38395K(269824K)] 801030K->615138K(885760K), 0.0546740 secs] [Times: user=0.43 sys=0.00, real=0.05 secs] 
260.317: [Full GC [PSYoungGen: 38395K->0K(269824K)] [ParOldGen: 576743K->119354K(615936K)] 615138K->119354K(885760K) [PSPermGen: 9160K->9160K(21504K)], 0.1335800 secs] [Times: user=0.97 sys=0.00, real=0.13 secs] 
260.451: Total time for which application threads were stopped: 0.1885010 seconds, Stopping threads took: 0.0001000 seconds
260.534: Application time: 0.0835860 seconds
260.534: [GC [PSYoungGen: 231424K->38390K(269824K)] 350778K->182241K(885760K), 0.0330250 secs] [Times: user=0.26 sys=0.00, real=0.03 secs] 
260.567: Total time for which application threads were stopped: 0.0332210 seconds, Stopping threads took: 0.0000950 seconds
260.675: Application time: 0.1076320 seconds
260.675: [GC [PSYoungGen: 269814K->38384K(269824K)] 413665K->214871K(885760K), 0.0417800 secs] [Times: user=0.33 sys=0.00, real=0.04 secs] 
260.717: Total time for which application threads were stopped: 0.0419710 seconds, Stopping threads took: 0.0001070 seconds
260.830: Application time: 0.1134580 seconds
260.833: [GC [PSYoungGen: 269808K->38384K(269824K)] 446295K->237371K(885760K), 0.0428350 secs] [Times: user=0.33 sys=0.00, real=0.04 secs] 
260.876: Total time for which application threads were stopped: 0.0454090 seconds, Stopping threads took: 0.0024830 seconds
260.968: Application time: 0.0921910 seconds
260.968: [GC [PSYoungGen: 269808K->38368K(269824K)] 468795K->282811K(885760K), 0.0489220 secs] [Times: user=0.38 sys=0.01, real=0.05 secs] 
261.017: Total time for which application threads were stopped: 0.0490990 seconds, Stopping threads took: 0.0000910 seconds
261.103: Application time: 0.0854060 seconds
261.103: [GC [PSYoungGen: 269792K->38384K(269824K)] 514235K->343223K(885760K), 0.0567500 secs] [Times: user=0.45 sys=0.00, real=0.05 secs] 
261.160: Total time for which application threads were stopped: 0.0569330 seconds, Stopping threads took: 0.0000830 seconds
261.266: Application time: 0.1068650 seconds
261.269: [GC [PSYoungGen: 269808K->38368K(269824K)] 574647K->385858K(885760K), 0.0529180 secs] [Times: user=0.42 sys=0.00, real=0.06 secs] 
261.322: Total time for which application threads were stopped: 0.0555520 seconds, Stopping threads took: 0.0025450 seconds
261.438: Application time: 0.1160390 seconds
261.438: [GC [PSYoungGen: 269792K->38368K(269824K)] 617282K->411319K(885760K), 0.0460100 secs] [Times: user=0.37 sys=0.00, real=0.05 secs] 
261.484: Total time for which application threads were stopped: 0.0461660 seconds, Stopping threads took: 0.0000760 seconds
261.571: Application time: 0.0865770 seconds
261.571: [GC [PSYoungGen: 269792K->38368K(269824K)] 642743K->461995K(885760K), 0.0520920 secs] [Times: user=0.42 sys=0.00, real=0.06 secs] 
261.623: Total time for which application threads were stopped: 0.0522710 seconds, Stopping threads took: 0.0000890 seconds
261.711: Application time: 0.0881330 seconds
261.711: [GC [PSYoungGen: 269792K->38368K(269824K)] 693419K->523809K(885760K), 0.0611290 secs] [Times: user=0.48 sys=0.00, real=0.06 secs] 
261.773: Total time for which application threads were stopped: 0.0614870 seconds, Stopping threads took: 0.0002590 seconds
261.878: Application time: 0.1051560 seconds
261.878: [GC [PSYoungGen: 269792K->38384K(269824K)] 755233K->564620K(885760K), 0.0523500 secs] [Times: user=0.42 sys=0.00, real=0.05 secs] 
261.930: Total time for which application threads were stopped: 0.0525060 seconds, Stopping threads took: 0.0000750 seconds
262.042: Application time: 0.1117210 seconds
262.042: [GC [PSYoungGen: 269808K->38368K(269824K)] 796044K->592778K(885760K), 0.0467560 secs] [Times: user=0.37 sys=0.00, real=0.04 secs] 
262.089: [Full GC [PSYoungGen: 38368K->0K(269824K)] [ParOldGen: 554410K->125764K(615936K)] 592778K->125764K(885760K) [PSPermGen: 9160K->9160K(21504K)], 0.1573200 secs] [Times: user=1.15 sys=0.00, real=0.16 secs] 
262.246: Total time for which application threads were stopped: 0.2043180 seconds, Stopping threads took: 0.0000900 seconds
262.334: Application time: 0.0880160 seconds
262.334: [GC [PSYoungGen: 231424K->38395K(269824K)] 357188K->173804K(885760K), 0.0252220 secs] [Times: user=0.19 sys=0.00, real=0.02 secs] 
262.360: Total time for which application threads were stopped: 0.0254220 seconds, Stopping threads took: 0.0000990 seconds
262.445: Application time: 0.0851530 seconds
262.445: [GC [PSYoungGen: 269819K->38384K(269824K)] 405228K->228529K(885760K), 0.0458980 secs] [Times: user=0.37 sys=0.00, real=0.04 secs] 
262.491: Total time for which application threads were stopped: 0.0460730 seconds, Stopping threads took: 0.0000850 seconds
262.595: Application time: 0.1039780 seconds
262.595: [GC [PSYoungGen: 269808K->38384K(269824K)] 459953K->266220K(885760K), 0.0481010 secs] [Times: user=0.38 sys=0.00, real=0.05 secs] 
262.643: Total time for which application threads were stopped: 0.0482640 seconds, Stopping threads took: 0.0000810 seconds
262.758: Application time: 0.1149280 seconds
262.758: [GC [PSYoungGen: 269808K->38368K(269824K)] 497644K->287498K(885760K), 0.0437920 secs] [Times: user=0.35 sys=0.00, real=0.05 secs] 
262.802: Total time for which application threads were stopped: 0.0439680 seconds, Stopping threads took: 0.0000920 seconds
262.894: Application time: 0.0916850 seconds
262.894: [GC [PSYoungGen: 269792K->38384K(269824K)] 518922K->331006K(885760K), 0.0516970 secs] [Times: user=0.41 sys=0.00, real=0.05 secs] 
262.946: Total time for which application threads were stopped: 0.0518950 seconds, Stopping threads took: 0.0000980 seconds
263.035: Application time: 0.0896460 seconds
263.035: [GC [PSYoungGen: 269808K->38384K(269824K)] 562430K->392133K(885760K), 0.0638050 secs] [Times: user=0.50 sys=0.00, real=0.06 secs] 
263.099: Total time for which application threads were stopped: 0.0639570 seconds, Stopping threads took: 0.0000670 seconds
263.204: Application time: 0.1049310 seconds
263.205: [GC [PSYoungGen: 269808K->38384K(269824K)] 623557K->435721K(885760K), 0.0593760 secs] [Times: user=0.46 sys=0.00, real=0.06 secs] 
263.264: Total time for which application threads were stopped: 0.0600960 seconds, Stopping threads took: 0.0006330 seconds
263.384: Application time: 0.1196390 seconds
263.385: [GC [PSYoungGen: 269808K->38384K(269824K)] 667145K->464359K(885760K), 0.0536790 secs] [Times: user=0.42 sys=0.00, real=0.05 secs] 
263.439: Total time for which application threads were stopped: 0.0546570 seconds, Stopping threads took: 0.0008900 seconds
263.531: Application time: 0.0922350 seconds
263.531: [GC [PSYoungGen: 269808K->38384K(269824K)] 695783K->510466K(885760K), 0.0567620 secs] [Times: user=0.45 sys=0.00, real=0.06 secs] 
263.588: Total time for which application threads were stopped: 0.0569560 seconds, Stopping threads took: 0.0000930 seconds
263.676: Application time: 0.0879510 seconds
263.677: [GC [PSYoungGen: 269808K->38368K(269824K)] 741890K->570313K(885760K), 0.0641900 secs] [Times: user=0.50 sys=0.00, real=0.07 secs] 
263.741: Total time for which application threads were stopped: 0.0653850 seconds, Stopping threads took: 0.0011100 seconds
263.840: Application time: 0.0990480 seconds
263.840: [GC [PSYoungGen: 269730K->38384K(269824K)] 801675K->620020K(885760K), 0.0603040 secs] [Times: user=0.48 sys=0.00, real=0.06 secs] 
263.901: [Full GC [PSYoungGen: 38384K->0K(269824K)] [ParOldGen: 581635K->144294K(615936K)] 620020K->144294K(885760K) [PSPermGen: 9160K->9160K(21504K)], 0.1752550 secs] [Times: user=1.29 sys=0.00, real=0.18 secs] 
264.076: Total time for which application threads were stopped: 0.2357940 seconds, Stopping threads took: 0.0000850 seconds
264.196: Application time: 0.1202270 seconds
264.196: [GC [PSYoungGen: 231424K->26352K(269824K)] 375718K->170646K(885760K), 0.0202190 secs] [Times: user=0.16 sys=0.00, real=0.02 secs] 
264.217: Total time for which application threads were stopped: 0.0203960 seconds, Stopping threads took: 0.0000840 seconds
264.306: Application time: 0.0891990 seconds
264.306: [GC [PSYoungGen: 257776K->38384K(269824K)] 402070K->215223K(885760K), 0.0388260 secs] [Times: user=0.31 sys=0.00, real=0.04 secs] 
264.345: Total time for which application threads were stopped: 0.0390520 seconds, Stopping threads took: 0.0001250 seconds
264.434: Application time: 0.0890890 seconds
264.434: [GC [PSYoungGen: 269808K->38384K(269824K)] 446647K->269180K(885760K), 0.0530180 secs] [Times: user=0.42 sys=0.00, real=0.05 secs] 
264.487: Total time for which application threads were stopped: 0.0531910 seconds, Stopping threads took: 0.0000890 seconds
264.583: Application time: 0.0961010 seconds
264.583: [GC [PSYoungGen: 269808K->38368K(269824K)] 500604K->312845K(885760K), 0.0539100 secs] [Times: user=0.42 sys=0.00, real=0.05 secs] 
264.637: Total time for which application threads were stopped: 0.0540750 seconds, Stopping threads took: 0.0000770 seconds
264.755: Application time: 0.1171310 seconds
264.755: [GC [PSYoungGen: 269792K->38384K(269824K)] 544269K->342651K(885760K), 0.0540250 secs] [Times: user=0.43 sys=0.00, real=0.05 secs] 
264.809: Total time for which application threads were stopped: 0.0542310 seconds, Stopping threads took: 0.0001050 seconds
264.898: Application time: 0.0896420 seconds
264.899: [GC [PSYoungGen: 269808K->38368K(269824K)] 574075K->387300K(885760K), 0.0578430 secs] [Times: user=0.44 sys=0.00, real=0.06 secs] 
264.956: Total time for which application threads were stopped: 0.0580210 seconds, Stopping threads took: 0.0000910 seconds
265.047: Application time: 0.0910460 seconds
265.049: [GC [PSYoungGen: 269786K->38368K(269824K)] 618718K->447120K(885760K), 0.0668330 secs] [Times: user=0.53 sys=0.00, real=0.07 secs] 
265.116: Total time for which application threads were stopped: 0.0683590 seconds, Stopping threads took: 0.0014340 seconds
265.215: Application time: 0.0990140 seconds
265.215: [GC [PSYoungGen: 269792K->38384K(269824K)] 678544K->495197K(885760K), 0.0629190 secs] [Times: user=0.50 sys=0.00, real=0.06 secs] 
265.278: Total time for which application threads were stopped: 0.0630960 seconds, Stopping threads took: 0.0000880 seconds
265.392: Application time: 0.1136170 seconds
265.392: [GC [PSYoungGen: 269808K->38368K(269824K)] 726621K->524698K(885760K), 0.0573080 secs] [Times: user=0.45 sys=0.00, real=0.06 secs] 
265.449: Total time for which application threads were stopped: 0.0574820 seconds, Stopping threads took: 0.0000800 seconds
265.539: Application time: 0.0897440 seconds
265.539: [GC [PSYoungGen: 269792K->38384K(269824K)] 756122K->568856K(885760K), 0.0578880 secs] [Times: user=0.46 sys=0.00, real=0.06 secs] 
265.597: Total time for which application threads were stopped: 0.0580700 seconds, Stopping threads took: 0.0000840 seconds
265.685: Application time: 0.0883980 seconds
265.685: [GC [PSYoungGen: 269808K->38384K(269824K)] 800280K->627052K(885760K), 0.0662290 secs] [Times: user=0.53 sys=0.00, real=0.06 secs] 
265.752: [Full GC [PSYoungGen: 38384K->0K(269824K)] [ParOldGen: 588668K->138477K(615936K)] 627052K->138477K(885760K) [PSPermGen: 9160K->9160K(21504K)], 0.1605050 secs] [Times: user=1.19 sys=0.00, real=0.16 secs] 
265.912: Total time for which application threads were stopped: 0.2269620 seconds, Stopping threads took: 0.0000790 seconds
266.010: Application time: 0.0974750 seconds
266.013: [GC [PSYoungGen: 231424K->38381K(269824K)] 369901K->186593K(885760K), 0.0286310 secs] [Times: user=0.22 sys=0.00, real=0.03 secs] 
266.042: Total time for which application threads were stopped: 0.0319430 seconds, Stopping threads took: 0.0032090 seconds
266.154: Application time: 0.1123300 seconds
266.154: [GC [PSYoungGen: 269805K->38379K(269824K)] 418017K->210405K(885760K), 0.0394230 secs] [Times: user=0.31 sys=0.00, real=0.04 secs] 
266.194: Total time for which application threads were stopped: 0.0396340 seconds, Stopping threads took: 0.0001240 seconds
266.285: Application time: 0.0915190 seconds
266.285: [GC [PSYoungGen: 269803K->38395K(269824K)] 441829K->252571K(885760K), 0.0479400 secs] [Times: user=0.38 sys=0.00, real=0.05 secs] 
266.333: Total time for which application threads were stopped: 0.0480770 seconds, Stopping threads took: 0.0000480 seconds
266.431: Application time: 0.0977650 seconds
266.431: [GC [PSYoungGen: 269819K->38395K(269824K)] 483995K->303649K(885760K), 0.0561970 secs] [Times: user=0.44 sys=0.00, real=0.06 secs] 
266.487: Total time for which application threads were stopped: 0.0563560 seconds, Stopping threads took: 0.0000740 seconds
266.585: Application time: 0.0973960 seconds
266.589: [GC [PSYoungGen: 269819K->38379K(269824K)] 535073K->352106K(885760K), 0.0559350 secs] [Times: user=0.43 sys=0.00, real=0.06 secs] 
266.645: Total time for which application threads were stopped: 0.0601970 seconds, Stopping threads took: 0.0041580 seconds
266.756: Application time: 0.1108880 seconds
266.756: [GC [PSYoungGen: 269803K->38379K(269824K)] 583530K->385478K(885760K), 0.0508700 secs] [Times: user=0.40 sys=0.00, real=0.05 secs] 
266.807: Total time for which application threads were stopped: 0.0510800 seconds, Stopping threads took: 0.0001240 seconds
266.899: Application time: 0.0920140 seconds
266.899: [GC [PSYoungGen: 269803K->38379K(269824K)] 616902K->434825K(885760K), 0.0549430 secs] [Times: user=0.43 sys=0.00, real=0.06 secs] 
266.954: Total time for which application threads were stopped: 0.0551240 seconds, Stopping threads took: 0.0000970 seconds
267.055: Application time: 0.1009920 seconds
267.055: [GC [PSYoungGen: 269803K->38395K(269824K)] 666249K->480149K(885760K), 0.0553920 secs] [Times: user=0.44 sys=0.00, real=0.05 secs] 
267.111: Total time for which application threads were stopped: 0.0555510 seconds, Stopping threads took: 0.0000770 seconds
267.200: Application time: 0.0895480 seconds
267.200: [GC [PSYoungGen: 269819K->38379K(269824K)] 711573K->533906K(885760K), 0.0568060 secs] [Times: user=0.45 sys=0.00, real=0.06 secs] 
267.257: Total time for which application threads were stopped: 0.0569850 seconds, Stopping threads took: 0.0000830 seconds
267.365: Application time: 0.1077320 seconds
267.365: [GC [PSYoungGen: 269803K->38379K(269824K)] 765330K->567246K(885760K), 0.0504350 secs] [Times: user=0.40 sys=0.00, real=0.05 secs] 
267.415: Total time for which application threads were stopped: 0.0505880 seconds, Stopping threads took: 0.0000680 seconds
267.507: Application time: 0.0913480 seconds
267.507: [GC [PSYoungGen: 269588K->38379K(269824K)] 798455K->616713K(885760K), 0.0552490 secs] [Times: user=0.43 sys=0.00, real=0.06 secs] 
267.562: [Full GC [PSYoungGen: 38379K->0K(269824K)] [ParOldGen: 578333K->129644K(615936K)] 616713K->129644K(885760K) [PSPermGen: 9160K->9160K(21504K)], 0.1524140 secs] [Times: user=1.13 sys=0.00, real=0.15 secs] 
267.715: Total time for which application threads were stopped: 0.2079040 seconds, Stopping threads took: 0.0000890 seconds
267.820: Application time: 0.1053900 seconds
267.820: [GC [PSYoungGen: 231107K->38378K(269824K)] 360752K->173860K(885760K), 0.0289300 secs] [Times: user=0.23 sys=0.00, real=0.03 secs] 
267.849: Total time for which application threads were stopped: 0.0291170 seconds, Stopping threads took: 0.0000900 seconds
267.938: Application time: 0.0890920 seconds
267.941: [GC [PSYoungGen: 269802K->38368K(269824K)] 405284K->224210K(885760K), 0.0469380 secs] [Times: user=0.37 sys=0.00, real=0.04 secs] 
267.988: Total time for which application threads were stopped: 0.0495770 seconds, Stopping threads took: 0.0025560 seconds
268.096: Application time: 0.1084550 seconds
268.096: [GC [PSYoungGen: 269792K->38368K(269824K)] 455634K->251527K(885760K), 0.0417770 secs] [Times: user=0.33 sys=0.00, real=0.04 secs] 
268.138: Total time for which application threads were stopped: 0.0419490 seconds, Stopping threads took: 0.0000880 seconds
268.229: Application time: 0.0909070 seconds
268.229: [GC [PSYoungGen: 269719K->38384K(269824K)] 482878K->297036K(885760K), 0.0494800 secs] [Times: user=0.38 sys=0.00, real=0.05 secs] 
268.279: Total time for which application threads were stopped: 0.0497020 seconds, Stopping threads took: 0.0001290 seconds
268.386: Application time: 0.1073770 seconds
268.386: [GC [PSYoungGen: 269808K->38368K(269824K)] 528460K->336309K(885760K), 0.0527120 secs] [Times: user=0.42 sys=0.00, real=0.05 secs] 
268.439: Total time for which application threads were stopped: 0.0529300 seconds, Stopping threads took: 0.0001140 seconds
268.528: Application time: 0.0891290 seconds
268.529: [GC [PSYoungGen: 269792K->38368K(269824K)] 567733K->386424K(885760K), 0.0552260 secs] [Times: user=0.42 sys=0.00, real=0.06 secs] 
268.584: Total time for which application threads were stopped: 0.0554100 seconds, Stopping threads took: 0.0000940 seconds
268.690: Application time: 0.1059380 seconds
268.690: [GC [PSYoungGen: 269779K->38368K(269824K)] 617835K->427884K(885760K), 0.0554110 secs] [Times: user=0.44 sys=0.00, real=0.06 secs] 
268.745: Total time for which application threads were stopped: 0.0555820 seconds, Stopping threads took: 0.0000840 seconds
268.838: Application time: 0.0923850 seconds
268.841: [GC [PSYoungGen: 269647K->38384K(269824K)] 659164K->478763K(885760K), 0.0562340 secs] [Times: user=0.45 sys=0.00, real=0.05 secs] 
268.897: Total time for which application threads were stopped: 0.0594980 seconds, Stopping threads took: 0.0031760 seconds
269.003: Application time: 0.1055550 seconds
269.005: [GC [PSYoungGen: 269808K->38384K(269824K)] 710187K->519041K(885760K), 0.0544520 secs] [Times: user=0.44 sys=0.00, real=0.05 secs] 
269.059: Total time for which application threads were stopped: 0.0566910 seconds, Stopping threads took: 0.0021460 seconds
269.149: Application time: 0.0899760 seconds
269.150: [GC [PSYoungGen: 269808K->38368K(269824K)] 750465K->563728K(885760K), 0.0525290 secs] [Times: user=0.42 sys=0.00, real=0.06 secs] 
269.202: Total time for which application threads were stopped: 0.0527030 seconds, Stopping threads took: 0.0000890 seconds
269.306: Application time: 0.1034490 seconds
269.306: [GC [PSYoungGen: 269792K->38384K(269824K)] 795152K->611599K(885760K), 0.0578590 secs] [Times: user=0.46 sys=0.00, real=0.06 secs] 
269.364: [Full GC [PSYoungGen: 38384K->0K(269824K)] [ParOldGen: 573214K->126419K(615936K)] 611599K->126419K(885760K) [PSPermGen: 9160K->9160K(21504K)], 0.1487120 secs] [Times: user=1.09 sys=0.00, real=0.14 secs] 
269.512: Total time for which application threads were stopped: 0.2067940 seconds, Stopping threads took: 0.0000810 seconds
269.610: Application time: 0.0971440 seconds
269.610: [GC [PSYoungGen: 231424K->38373K(269824K)] 357843K->176916K(885760K), 0.0295380 secs] [Times: user=0.23 sys=0.00, real=0.03 secs] 
269.639: Total time for which application threads were stopped: 0.0297280 seconds, Stopping threads took: 0.0000920 seconds
269.745: Application time: 0.1061720 seconds
269.746: [GC [PSYoungGen: 269797K->38394K(269824K)] 408340K->208000K(885760K), 0.0401930 secs] [Times: user=0.31 sys=0.00, real=0.04 secs] 
269.786: Total time for which application threads were stopped: 0.0403860 seconds, Stopping threads took: 0.0001050 seconds
269.881: Application time: 0.0954210 seconds
269.881: [GC [PSYoungGen: 269818K->38394K(269824K)] 439424K->246485K(885760K), 0.0448320 secs] [Times: user=0.35 sys=0.00, real=0.04 secs] 
269.926: Total time for which application threads were stopped: 0.0450110 seconds, Stopping threads took: 0.0000880 seconds
270.023: Application time: 0.0963140 seconds
270.023: [GC [PSYoungGen: 269818K->38378K(269824K)] 477909K->290463K(885760K), 0.0521570 secs] [Times: user=0.41 sys=0.00, real=0.05 secs] 
270.075: Total time for which application threads were stopped: 0.0523320 seconds, Stopping threads took: 0.0000860 seconds
270.170: Application time: 0.0951940 seconds
270.170: [GC [PSYoungGen: 269802K->38378K(269824K)] 521887K->335884K(885760K), 0.0538400 secs] [Times: user=0.43 sys=0.00, real=0.06 secs] 
270.224: Total time for which application threads were stopped: 0.0540360 seconds, Stopping threads took: 0.0000990 seconds
270.331: Application time: 0.1065740 seconds
270.331: [GC [PSYoungGen: 269802K->38378K(269824K)] 567308K->374301K(885760K), 0.0524780 secs] [Times: user=0.42 sys=0.00, real=0.06 secs] 
270.383: Total time for which application threads were stopped: 0.0526510 seconds, Stopping threads took: 0.0000880 seconds
270.482: Application time: 0.0985210 seconds
270.482: [GC [PSYoungGen: 269802K->38378K(269824K)] 605725K->416092K(885760K), 0.0521420 secs] [Times: user=0.41 sys=0.00, real=0.05 secs] 
270.534: Total time for which application threads were stopped: 0.0523020 seconds, Stopping threads took: 0.0000760 seconds
270.626: Application time: 0.0917560 seconds
270.626: [GC [PSYoungGen: 269802K->38378K(269824K)] 647516K->472002K(885760K), 0.0602120 secs] [Times: user=0.48 sys=0.00, real=0.06 secs] 
270.686: Total time for which application threads were stopped: 0.0603710 seconds, Stopping threads took: 0.0000720 seconds
270.784: Application time: 0.0979110 seconds
270.784: [GC [PSYoungGen: 269591K->38378K(269824K)] 703215K->516460K(885760K), 0.0537790 secs] [Times: user=0.42 sys=0.00, real=0.05 secs] 
270.838: Total time for which application threads were stopped: 0.0539760 seconds, Stopping threads took: 0.0000890 seconds
270.942: Application time: 0.1041330 seconds
270.942: [GC [PSYoungGen: 269802K->38394K(269824K)] 747884K->555111K(885760K), 0.0533030 secs] [Times: user=0.43 sys=0.00, real=0.05 secs] 
270.996: Total time for which application threads were stopped: 0.0534570 seconds, Stopping threads took: 0.0000690 seconds
271.093: Application time: 0.0974940 seconds
271.093: [GC [PSYoungGen: 269818K->38378K(269824K)] 786535K->597171K(885760K), 0.0530810 secs] [Times: user=0.43 sys=0.00, real=0.05 secs] 
271.147: [Full GC [PSYoungGen: 38378K->0K(269824K)] [ParOldGen: 558792K->116349K(615936K)] 597171K->116349K(885760K) [PSPermGen: 9160K->9160K(21504K)], 0.1283570 secs] [Times: user=0.93 sys=0.00, real=0.13 secs] 
271.275: Total time for which application threads were stopped: 0.1816660 seconds, Stopping threads took: 0.0000790 seconds
271.368: Application time: 0.0929420 seconds
271.368: [GC [PSYoungGen: 231424K->38368K(269824K)] 347773K->172000K(885760K), 0.0319090 secs] [Times: user=0.25 sys=0.00, real=0.03 secs] 
271.400: Total time for which application threads were stopped: 0.0320870 seconds, Stopping threads took: 0.0000780 seconds
271.499: Application time: 0.0992400 seconds
271.499: [GC [PSYoungGen: 269792K->38384K(269824K)] 403424K->210646K(885760K), 0.0423880 secs] [Times: user=0.33 sys=0.00, real=0.05 secs] 
271.542: Total time for which application threads were stopped: 0.0425670 seconds, Stopping threads took: 0.0000910 seconds
271.648: Application time: 0.1059640 seconds
271.648: [GC [PSYoungGen: 269808K->38384K(269824K)] 442070K->241366K(885760K), 0.0438500 secs] [Times: user=0.34 sys=0.00, real=0.04 secs] 
271.692: Total time for which application threads were stopped: 0.0440220 seconds, Stopping threads took: 0.0000830 seconds
271.791: Application time: 0.0993400 seconds
271.793: [GC [PSYoungGen: 269666K->38368K(269824K)] 472648K->276927K(885760K), 0.0457070 secs] [Times: user=0.36 sys=0.00, real=0.04 secs] 
271.839: Total time for which application threads were stopped: 0.0475270 seconds, Stopping threads took: 0.0017330 seconds
271.934: Application time: 0.0948300 seconds
271.937: [GC [PSYoungGen: 269792K->38384K(269824K)] 508351K->329779K(885760K), 0.0585800 secs] [Times: user=0.47 sys=0.00, real=0.06 secs] 
271.996: Total time for which application threads were stopped: 0.0621160 seconds, Stopping threads took: 0.0034410 seconds
272.088: Application time: 0.0925210 seconds
272.088: [GC [PSYoungGen: 269808K->38384K(269824K)] 561203K->378625K(885760K), 0.0546920 secs] [Times: user=0.43 sys=0.00, real=0.06 secs] 
272.143: Total time for which application threads were stopped: 0.0548840 seconds, Stopping threads took: 0.0001050 seconds
272.254: Application time: 0.1108960 seconds
272.254: [GC [PSYoungGen: 269808K->38384K(269824K)] 610049K->412518K(885760K), 0.0537690 secs] [Times: user=0.42 sys=0.00, real=0.05 secs] 
272.308: Total time for which application threads were stopped: 0.0539240 seconds, Stopping threads took: 0.0000720 seconds
272.407: Application time: 0.0991460 seconds
272.407: [GC [PSYoungGen: 269808K->38368K(269824K)] 643942K->458169K(885760K), 0.0550000 secs] [Times: user=0.44 sys=0.00, real=0.06 secs] 
272.462: Total time for which application threads were stopped: 0.0551670 seconds, Stopping threads took: 0.0000810 seconds
272.555: Application time: 0.0932560 seconds
272.556: [GC [PSYoungGen: 269792K->38384K(269824K)] 689593K->509976K(885760K), 0.0575420 secs] [Times: user=0.46 sys=0.00, real=0.06 secs] 
272.613: Total time for which application threads were stopped: 0.0577300 seconds, Stopping threads took: 0.0000890 seconds
272.700: Application time: 0.0866630 seconds
272.700: [GC [PSYoungGen: 269808K->38368K(269824K)] 741400K->560474K(885760K), 0.0548140 secs] [Times: user=0.43 sys=0.00, real=0.06 secs] 
272.755: Total time for which application threads were stopped: 0.0550140 seconds, Stopping threads took: 0.0001120 seconds
272.868: Application time: 0.1128510 seconds
272.868: [GC [PSYoungGen: 269792K->38384K(269824K)] 791898K->593396K(885760K), 0.0524490 secs] [Times: user=0.42 sys=0.00, real=0.05 secs] 
272.920: [Full GC [PSYoungGen: 38384K->0K(269824K)] [ParOldGen: 555011K->127800K(615936K)] 593396K->127800K(885760K) [PSPermGen: 9160K->9160K(21504K)], 0.1519860 secs] [Times: user=1.12 sys=0.00, real=0.15 secs] 
273.072: Total time for which application threads were stopped: 0.2046800 seconds, Stopping threads took: 0.0000930 seconds
273.171: Application time: 0.0986280 seconds
273.171: [GC [PSYoungGen: 231424K->38368K(269824K)] 359224K->174403K(885760K), 0.0266910 secs] [Times: user=0.21 sys=0.00, real=0.03 secs] 
273.198: Total time for which application threads were stopped: 0.0268850 seconds, Stopping threads took: 0.0000940 seconds
273.293: Application time: 0.0953860 seconds
273.293: [GC [PSYoungGen: 269792K->38368K(269824K)] 405827K->217086K(885760K), 0.0426090 secs] [Times: user=0.34 sys=0.00, real=0.04 secs] 
273.336: Total time for which application threads were stopped: 0.0427820 seconds, Stopping threads took: 0.0000870 seconds
273.422: Application time: 0.0859640 seconds
273.422: [GC [PSYoungGen: 269792K->38384K(269824K)] 448510K->269912K(885760K), 0.0511120 secs] [Times: user=0.39 sys=0.00, real=0.05 secs] 
273.473: Total time for which application threads were stopped: 0.0512700 seconds, Stopping threads took: 0.0000700 seconds
273.588: Application time: 0.1142600 seconds
273.588: [GC [PSYoungGen: 269808K->38384K(269824K)] 501336K->292472K(885760K), 0.0429280 secs] [Times: user=0.33 sys=0.00, real=0.04 secs] 
273.631: Total time for which application threads were stopped: 0.0431170 seconds, Stopping threads took: 0.0001040 seconds
273.726: Application time: 0.0952930 seconds
273.726: [GC [PSYoungGen: 269808K->38384K(269824K)] 523896K->340856K(885760K), 0.0538360 secs] [Times: user=0.42 sys=0.00, real=0.05 secs] 
273.780: Total time for which application threads were stopped: 0.0540470 seconds, Stopping threads took: 0.0001090 seconds
273.877: Application time: 0.0966680 seconds
273.877: [GC [PSYoungGen: 269808K->38384K(269824K)] 572280K->387652K(885760K), 0.0549170 secs] [Times: user=0.43 sys=0.01, real=0.05 secs] 
273.932: Total time for which application threads were stopped: 0.0550860 seconds, Stopping threads took: 0.0000810 seconds
274.020: Application time: 0.0877020 seconds
274.020: [GC [PSYoungGen: 269808K->38384K(269824K)] 619076K->444310K(885760K), 0.0589230 secs] [Times: user=0.46 sys=0.00, real=0.06 secs] 
274.079: Total time for which application threads were stopped: 0.0590910 seconds, Stopping threads took: 0.0000820 seconds
274.198: Application time: 0.1194020 seconds
274.201: [GC [PSYoungGen: 269808K->38368K(269824K)] 675734K->473154K(885760K), 0.0516850 secs] [Times: user=0.41 sys=0.00, real=0.04 secs] 
274.253: Total time for which application threads were stopped: 0.0546690 seconds, Stopping threads took: 0.0028980 seconds
274.345: Application time: 0.0924580 seconds
274.345: [GC [PSYoungGen: 269792K->38368K(269824K)] 704578K->523681K(885760K), 0.0553900 secs] [Times: user=0.43 sys=0.01, real=0.05 secs] 
274.401: Total time for which application threads were stopped: 0.0555880 seconds, Stopping threads took: 0.0000970 seconds
274.504: Application time: 0.1029530 seconds
274.505: [GC [PSYoungGen: 269792K->38384K(269824K)] 755105K->567277K(885760K), 0.0563600 secs] [Times: user=0.44 sys=0.00, real=0.06 secs] 
274.561: Total time for which application threads were stopped: 0.0576290 seconds, Stopping threads took: 0.0011750 seconds
274.646: Application time: 0.0843030 seconds
274.646: [GC [PSYoungGen: 269808K->38368K(269824K)] 798701K->625882K(885760K), 0.0595460 secs] [Times: user=0.48 sys=0.00, real=0.06 secs] 
274.705: [Full GC [PSYoungGen: 38368K->0K(269824K)] [ParOldGen: 587514K->148031K(615936K)] 625882K->148031K(885760K) [PSPermGen: 9160K->9160K(21504K)], 0.1749720 secs] [Times: user=1.30 sys=0.00, real=0.17 secs] 
274.880: Total time for which application threads were stopped: 0.2347380 seconds, Stopping threads took: 0.0000690 seconds
274.997: Application time: 0.1163390 seconds
274.997: [GC [PSYoungGen: 231424K->32539K(269824K)] 379455K->180570K(885760K), 0.0253550 secs] [Times: user=0.19 sys=0.00, real=0.03 secs] 
275.022: Total time for which application threads were stopped: 0.0255600 seconds, Stopping threads took: 0.0000930 seconds
275.115: Application time: 0.0928270 seconds
275.115: [GC [PSYoungGen: 263963K->38368K(269824K)] 411994K->227274K(885760K), 0.0452300 secs] [Times: user=0.35 sys=0.00, real=0.04 secs] 
275.161: Total time for which application threads were stopped: 0.0454190 seconds, Stopping threads took: 0.0001000 seconds
275.268: Application time: 0.1075060 seconds
275.268: [GC [PSYoungGen: 269792K->38384K(269824K)] 458698K->260944K(885760K), 0.0498490 secs] [Times: user=0.38 sys=0.00, real=0.05 secs] 
275.318: Total time for which application threads were stopped: 0.0500050 seconds, Stopping threads took: 0.0000720 seconds
275.398: Application time: 0.0802640 seconds
275.398: [GC [PSYoungGen: 269808K->38384K(269824K)] 492368K->324370K(885760K), 0.0586690 secs] [Times: user=0.46 sys=0.00, real=0.06 secs] 
275.457: Total time for which application threads were stopped: 0.0588230 seconds, Stopping threads took: 0.0000680 seconds
275.569: Application time: 0.1119330 seconds
275.569: [GC [PSYoungGen: 269808K->38384K(269824K)] 555794K->358648K(885760K), 0.0517640 secs] [Times: user=0.40 sys=0.00, real=0.06 secs] 
275.621: Total time for which application threads were stopped: 0.0519470 seconds, Stopping threads took: 0.0000840 seconds
275.715: Application time: 0.0935070 seconds
275.715: [GC [PSYoungGen: 269808K->38368K(269824K)] 590072K->408405K(885760K), 0.0552990 secs] [Times: user=0.44 sys=0.00, real=0.05 secs] 
275.770: Total time for which application threads were stopped: 0.0554480 seconds, Stopping threads took: 0.0000650 seconds
275.878: Application time: 0.1079120 seconds
275.878: [GC [PSYoungGen: 269792K->38368K(269824K)] 639829K->442656K(885760K), 0.0500750 secs] [Times: user=0.40 sys=0.00, real=0.05 secs] 
275.928: Total time for which application threads were stopped: 0.0502330 seconds, Stopping threads took: 0.0000730 seconds
276.009: Application time: 0.0804890 seconds
276.009: [GC [PSYoungGen: 269792K->38368K(269824K)] 674080K->505537K(885760K), 0.0593480 secs] [Times: user=0.47 sys=0.00, real=0.06 secs] 
276.068: Total time for which application threads were stopped: 0.0595270 seconds, Stopping threads took: 0.0000940 seconds
276.177: Application time: 0.1093250 seconds
276.178: [GC [PSYoungGen: 269792K->38368K(269824K)] 736961K->541398K(885760K), 0.0543130 secs] [Times: user=0.43 sys=0.00, real=0.05 secs] 
276.232: Total time for which application threads were stopped: 0.0544960 seconds, Stopping threads took: 0.0000920 seconds
276.325: Application time: 0.0929360 seconds
276.325: [GC [PSYoungGen: 269792K->38384K(269824K)] 772822K->588202K(885760K), 0.0553870 secs] [Times: user=0.43 sys=0.00, real=0.05 secs] 
276.380: [Full GC [PSYoungGen: 38384K->0K(269824K)] [ParOldGen: 549817K->140163K(615936K)] 588202K->140163K(885760K) [PSPermGen: 9160K->9160K(21504K)], 0.1719280 secs] [Times: user=1.28 sys=0.00, real=0.17 secs] 
276.552: Total time for which application threads were stopped: 0.2275450 seconds, Stopping threads took: 0.0000780 seconds
276.661: Application time: 0.1082400 seconds
276.661: [GC [PSYoungGen: 231424K->35662K(269824K)] 371587K->175826K(885760K), 0.0243770 secs] [Times: user=0.18 sys=0.01, real=0.03 secs] 
276.685: Total time for which application threads were stopped: 0.0245630 seconds, Stopping threads took: 0.0001000 seconds
276.772: Application time: 0.0869120 seconds
276.772: [GC [PSYoungGen: 267086K->38384K(269824K)] 407250K->232493K(885760K), 0.0495060 secs] [Times: user=0.39 sys=0.00, real=0.06 secs] 
276.822: Total time for which application threads were stopped: 0.0497100 seconds, Stopping threads took: 0.0001040 seconds
276.929: Application time: 0.1072790 seconds
276.929: [GC [PSYoungGen: 269808K->38368K(269824K)] 463917K->266898K(885760K), 0.0479860 secs] [Times: user=0.38 sys=0.00, real=0.05 secs] 
276.977: Total time for which application threads were stopped: 0.0481790 seconds, Stopping threads took: 0.0001070 seconds
277.074: Application time: 0.0965840 seconds
277.074: [GC [PSYoungGen: 269792K->38384K(269824K)] 498322K->311923K(885760K), 0.0556270 secs] [Times: user=0.44 sys=0.00, real=0.05 secs] 
277.130: Total time for which application threads were stopped: 0.0557950 seconds, Stopping threads took: 0.0000790 seconds
277.235: Application time: 0.1048120 seconds
277.235: [GC [PSYoungGen: 269808K->38384K(269824K)] 543347K->347974K(885760K), 0.0545980 secs] [Times: user=0.43 sys=0.01, real=0.05 secs] 
277.289: Total time for which application threads were stopped: 0.0547570 seconds, Stopping threads took: 0.0000750 seconds
277.375: Application time: 0.0859230 seconds
277.375: [GC [PSYoungGen: 269674K->38384K(269824K)] 579264K->406792K(885760K), 0.0661620 secs] [Times: user=0.52 sys=0.00, real=0.07 secs] 
277.442: Total time for which application threads were stopped: 0.0663470 seconds, Stopping threads took: 0.0000830 seconds
277.547: Application time: 0.1054810 seconds
277.549: [GC [PSYoungGen: 269808K->38384K(269824K)] 638216K->447165K(885760K), 0.0667990 secs] [Times: user=0.52 sys=0.00, real=0.07 secs] 
277.616: Total time for which application threads were stopped: 0.0687330 seconds, Stopping threads took: 0.0018590 seconds
277.712: Application time: 0.0957690 seconds
277.712: [GC [PSYoungGen: 269808K->38384K(269824K)] 678589K->492836K(885760K), 0.0623640 secs] [Times: user=0.50 sys=0.00, real=0.07 secs] 
277.774: Total time for which application threads were stopped: 0.0625480 seconds, Stopping threads took: 0.0000980 seconds
277.880: Application time: 0.1055600 seconds
277.880: [GC [PSYoungGen: 269808K->38384K(269824K)] 724260K->531586K(885760K), 0.0611570 secs] [Times: user=0.49 sys=0.00, real=0.07 secs] 
277.941: Total time for which application threads were stopped: 0.0613110 seconds, Stopping threads took: 0.0000550 seconds
278.033: Application time: 0.0916620 seconds
278.033: [GC [PSYoungGen: 269808K->38384K(269824K)] 763010K->586250K(885760K), 0.0663390 secs] [Times: user=0.52 sys=0.00, real=0.07 secs] 
278.099: Total time for which application threads were stopped: 0.0664900 seconds, Stopping threads took: 0.0000630 seconds
278.203: Application time: 0.1035930 seconds
278.203: [GC [PSYoungGen: 269808K->38384K(269824K)] 817674K->626498K(885760K), 0.0630860 secs] [Times: user=0.49 sys=0.00, real=0.06 secs] 
278.266: [Full GC [PSYoungGen: 38384K->0K(269824K)] [ParOldGen: 588114K->130625K(615936K)] 626498K->130625K(885760K) [PSPermGen: 9160K->9160K(21504K)], 0.1558790 secs] [Times: user=1.15 sys=0.00, real=0.16 secs] 
278.422: Total time for which application threads were stopped: 0.2192160 seconds, Stopping threads took: 0.0001070 seconds
278.512: Application time: 0.0897430 seconds
278.512: [GC [PSYoungGen: 231424K->38368K(269824K)] 362049K->178552K(885760K), 0.0260880 secs] [Times: user=0.20 sys=0.00, real=0.03 secs] 
278.538: Total time for which application threads were stopped: 0.0262450 seconds, Stopping threads took: 0.0000590 seconds
278.640: Application time: 0.1024990 seconds
278.641: [GC [PSYoungGen: 269792K->38384K(269824K)] 409976K->209587K(885760K), 0.0376100 secs] [Times: user=0.29 sys=0.00, real=0.04 secs] 
278.678: Total time for which application threads were stopped: 0.0378210 seconds, Stopping threads took: 0.0001230 seconds
278.772: Application time: 0.0939630 seconds
278.772: [GC [PSYoungGen: 269808K->38368K(269824K)] 441011K->259285K(885760K), 0.0519870 secs] [Times: user=0.41 sys=0.00, real=0.06 secs] 
278.824: Total time for which application threads were stopped: 0.0521990 seconds, Stopping threads took: 0.0001240 seconds
278.930: Application time: 0.1051870 seconds
278.930: [GC [PSYoungGen: 269792K->38384K(269824K)] 490709K->293470K(885760K), 0.0479950 secs] [Times: user=0.38 sys=0.00, real=0.05 secs] 
278.978: Total time for which application threads were stopped: 0.0481880 seconds, Stopping threads took: 0.0001080 seconds
279.069: Application time: 0.0912420 seconds
279.073: [GC [PSYoungGen: 269808K->38368K(269824K)] 524894K->343530K(885760K), 0.0568020 secs] [Times: user=0.43 sys=0.00, real=0.05 secs] 
279.130: Total time for which application threads were stopped: 0.0607210 seconds, Stopping threads took: 0.0038280 seconds
279.236: Application time: 0.1057530 seconds
279.236: [GC [PSYoungGen: 269792K->38368K(269824K)] 574954K->383513K(885760K), 0.0535630 secs] [Times: user=0.42 sys=0.00, real=0.05 secs] 
279.289: Total time for which application threads were stopped: 0.0537290 seconds, Stopping threads took: 0.0000780 seconds
279.382: Application time: 0.0930740 seconds
279.382: [GC [PSYoungGen: 269792K->38368K(269824K)] 614937K->435842K(885760K), 0.0566450 secs] [Times: user=0.44 sys=0.00, real=0.05 secs] 
279.439: Total time for which application threads were stopped: 0.0568060 seconds, Stopping threads took: 0.0000730 seconds
279.547: Application time: 0.1075580 seconds
279.547: [GC [PSYoungGen: 269792K->38368K(269824K)] 667266K->472129K(885760K), 0.0517560 secs] [Times: user=0.41 sys=0.00, real=0.05 secs] 
279.599: Total time for which application threads were stopped: 0.0519260 seconds, Stopping threads took: 0.0000850 seconds
279.684: Application time: 0.0854400 seconds
279.684: [GC [PSYoungGen: 269792K->38368K(269824K)] 703553K->525625K(885760K), 0.0554850 secs] [Times: user=0.44 sys=0.00, real=0.05 secs] 
279.740: Total time for which application threads were stopped: 0.0556790 seconds, Stopping threads took: 0.0000960 seconds
279.846: Application time: 0.1058920 seconds
279.846: [GC [PSYoungGen: 269737K->38368K(269824K)] 756995K->565016K(885760K), 0.0544420 secs] [Times: user=0.43 sys=0.00, real=0.05 secs] 
279.900: Total time for which application threads were stopped: 0.0546080 seconds, Stopping threads took: 0.0000790 seconds
279.996: Application time: 0.0952740 seconds
279.996: [GC [PSYoungGen: 269792K->38368K(269824K)] 796440K->617533K(885760K), 0.0578430 secs] [Times: user=0.46 sys=0.00, real=0.06 secs] 
280.054: [Full GC [PSYoungGen: 38368K->0K(269824K)] [ParOldGen: 579164K->141349K(615936K)] 617533K->141349K(885760K) [PSPermGen: 9160K->9160K(21504K)], 0.1741120 secs] [Times: user=1.28 sys=0.00, real=0.17 secs] 
280.228: Total time for which application threads were stopped: 0.2322260 seconds, Stopping threads took: 0.0001100 seconds
280.335: Application time: 0.1070120 seconds
280.335: [GC [PSYoungGen: 231424K->37024K(269824K)] 372773K->178373K(885760K), 0.0245540 secs] [Times: user=0.19 sys=0.00, real=0.02 secs] 
280.360: Total time for which application threads were stopped: 0.0247460 seconds, Stopping threads took: 0.0000930 seconds
280.449: Application time: 0.0889830 seconds
280.449: [GC [PSYoungGen: 268448K->38388K(269824K)] 409797K->223791K(885760K), 0.0440610 secs] [Times: user=0.35 sys=0.00, real=0.04 secs] 
280.493: Total time for which application threads were stopped: 0.0442420 seconds, Stopping threads took: 0.0000910 seconds
280.599: Application time: 0.1064800 seconds
280.599: [GC [PSYoungGen: 269812K->38384K(269824K)] 455215K->258970K(885760K), 0.0503340 secs] [Times: user=0.38 sys=0.00, real=0.05 secs] 
280.650: Total time for which application threads were stopped: 0.0505200 seconds, Stopping threads took: 0.0000980 seconds
280.742: Application time: 0.0926250 seconds
280.745: [GC [PSYoungGen: 269808K->38368K(269824K)] 490394K->310450K(885760K), 0.0588570 secs] [Times: user=0.47 sys=0.00, real=0.06 secs] 
280.804: Total time for which application threads were stopped: 0.0614640 seconds, Stopping threads took: 0.0025200 seconds
280.910: Application time: 0.1059180 seconds
280.913: [GC [PSYoungGen: 269792K->38384K(269824K)] 541874K->349708K(885760K), 0.0567660 secs] [Times: user=0.45 sys=0.00, real=0.05 secs] 
280.970: Total time for which application threads were stopped: 0.0599980 seconds, Stopping threads took: 0.0031370 seconds
281.060: Application time: 0.0905390 seconds
281.060: [GC [PSYoungGen: 269808K->38384K(269824K)] 581132K->398043K(885760K), 0.0601330 secs] [Times: user=0.47 sys=0.00, real=0.06 secs] 
281.121: Total time for which application threads were stopped: 0.0603050 seconds, Stopping threads took: 0.0000850 seconds
281.224: Application time: 0.1035130 seconds
281.224: [GC [PSYoungGen: 269808K->38384K(269824K)] 629467K->438588K(885760K), 0.0622570 secs] [Times: user=0.49 sys=0.00, real=0.06 secs] 
281.287: Total time for which application threads were stopped: 0.0624240 seconds, Stopping threads took: 0.0000770 seconds
281.377: Application time: 0.0904510 seconds
281.377: [GC [PSYoungGen: 269808K->38368K(269824K)] 670012K->491568K(885760K), 0.0660780 secs] [Times: user=0.53 sys=0.00, real=0.07 secs] 
281.443: Total time for which application threads were stopped: 0.0662360 seconds, Stopping threads took: 0.0000710 seconds
281.553: Application time: 0.1098790 seconds
281.553: [GC [PSYoungGen: 269792K->38384K(269824K)] 722992K->531512K(885760K), 0.0645270 secs] [Times: user=0.52 sys=0.00, real=0.06 secs] 
281.618: Total time for which application threads were stopped: 0.0647480 seconds, Stopping threads took: 0.0001160 seconds
281.715: Application time: 0.0966750 seconds
281.715: [GC [PSYoungGen: 269808K->38368K(269824K)] 762936K->577921K(885760K), 0.0619300 secs] [Times: user=0.50 sys=0.00, real=0.06 secs] 
281.777: Total time for which application threads were stopped: 0.0621270 seconds, Stopping threads took: 0.0001060 seconds
281.882: Application time: 0.1052460 seconds
281.882: [GC [PSYoungGen: 269792K->38368K(269824K)] 809345K->618300K(885760K), 0.0612870 secs] [Times: user=0.48 sys=0.00, real=0.06 secs] 
281.943: [Full GC [PSYoungGen: 38368K->0K(269824K)] [ParOldGen: 579932K->121984K(615936K)] 618300K->121984K(885760K) [PSPermGen: 9160K->9160K(21504K)], 0.1409540 secs] [Times: user=1.03 sys=0.00, real=0.14 secs] 
282.084: Total time for which application threads were stopped: 0.2024770 seconds, Stopping threads took: 0.0000800 seconds
282.170: Application time: 0.0859330 seconds
282.171: [GC [PSYoungGen: 231424K->38384K(269824K)] 353408K->179708K(885760K), 0.0305010 secs] [Times: user=0.24 sys=0.01, real=0.04 secs] 
282.201: Total time for which application threads were stopped: 0.0306910 seconds, Stopping threads took: 0.0000910 seconds
282.309: Application time: 0.1083830 seconds
282.310: [GC [PSYoungGen: 269808K->38368K(269824K)] 411132K->207647K(885760K), 0.0391430 secs] [Times: user=0.31 sys=0.00, real=0.04 secs] 
282.349: Total time for which application threads were stopped: 0.0393140 seconds, Stopping threads took: 0.0000850 seconds
282.444: Application time: 0.0953970 seconds
282.444: [GC [PSYoungGen: 269792K->38384K(269824K)] 439071K->250074K(885760K), 0.0475950 secs] [Times: user=0.38 sys=0.00, real=0.04 secs] 
282.492: Total time for which application threads were stopped: 0.0477740 seconds, Stopping threads took: 0.0000930 seconds
282.593: Application time: 0.1012110 seconds
282.593: [GC [PSYoungGen: 269808K->38368K(269824K)] 481498K->286559K(885760K), 0.0494580 secs] [Times: user=0.39 sys=0.00, real=0.05 secs] 
282.643: Total time for which application threads were stopped: 0.0496070 seconds, Stopping threads took: 0.0000640 seconds
282.732: Application time: 0.0889050 seconds
282.732: [GC [PSYoungGen: 269792K->38368K(269824K)] 517983K->344343K(885760K), 0.0593980 secs] [Times: user=0.48 sys=0.00, real=0.06 secs] 
282.791: Total time for which application threads were stopped: 0.0595710 seconds, Stopping threads took: 0.0000750 seconds
282.899: Application time: 0.1078950 seconds
282.899: [GC [PSYoungGen: 269792K->38384K(269824K)] 575767K->378402K(885760K), 0.0516410 secs] [Times: user=0.41 sys=0.00, real=0.05 secs] 
282.951: Total time for which application threads were stopped: 0.0518150 seconds, Stopping threads took: 0.0000890 seconds
283.050: Application time: 0.0985870 seconds
283.053: [GC [PSYoungGen: 269808K->38368K(269824K)] 609826K->425171K(885760K), 0.0581630 secs] [Times: user=0.46 sys=0.00, real=0.06 secs] 
283.111: Total time for which application threads were stopped: 0.0612540 seconds, Stopping threads took: 0.0030040 seconds
283.210: Application time: 0.0995280 seconds
283.210: [GC [PSYoungGen: 269737K->38384K(269824K)] 656541K->469952K(885760K), 0.0579480 secs] [Times: user=0.45 sys=0.00, real=0.06 secs] 
283.268: Total time for which application threads were stopped: 0.0581590 seconds, Stopping threads took: 0.0001260 seconds
283.359: Application time: 0.0900640 seconds
283.359: [GC [PSYoungGen: 269808K->38368K(269824K)] 701376K->526628K(885760K), 0.0605110 secs] [Times: user=0.48 sys=0.00, real=0.06 secs] 
283.419: Total time for which application threads were stopped: 0.0606860 seconds, Stopping threads took: 0.0000770 seconds
283.528: Application time: 0.1091850 seconds
283.529: [GC [PSYoungGen: 269792K->38368K(269824K)] 758052K->559328K(885760K), 0.0522280 secs] [Times: user=0.41 sys=0.00, real=0.05 secs] 
283.581: Total time for which application threads were stopped: 0.0524330 seconds, Stopping threads took: 0.0001050 seconds
283.679: Application time: 0.0976610 seconds
283.679: [GC [PSYoungGen: 269792K->38384K(269824K)] 790752K->607959K(885760K), 0.0584730 secs] [Times: user=0.46 sys=0.00, real=0.06 secs] 
283.737: [Full GC [PSYoungGen: 38384K->0K(269824K)] [ParOldGen: 569574K->138943K(615936K)] 607959K->138943K(885760K) [PSPermGen: 9160K->9160K(21504K)], 0.1731600 secs] [Times: user=1.29 sys=0.00, real=0.17 secs] 
283.910: Total time for which application threads were stopped: 0.2318810 seconds, Stopping threads took: 0.0001020 seconds
284.009: Application time: 0.0990440 seconds
284.010: [GC [PSYoungGen: 231201K->38385K(269824K)] 370144K->180907K(885760K), 0.0244900 secs] [Times: user=0.20 sys=0.00, real=0.03 secs] 
284.034: Total time for which application threads were stopped: 0.0246910 seconds, Stopping threads took: 0.0001040 seconds
284.119: Application time: 0.0851310 seconds
284.119: [GC [PSYoungGen: 269809K->38368K(269824K)] 412331K->233336K(885760K), 0.0460960 secs] [Times: user=0.36 sys=0.00, real=0.05 secs] 
284.166: Total time for which application threads were stopped: 0.0462710 seconds, Stopping threads took: 0.0000870 seconds
284.278: Application time: 0.1119760 seconds
284.278: [GC [PSYoungGen: 269792K->38368K(269824K)] 464760K->259138K(885760K), 0.0415380 secs] [Times: user=0.32 sys=0.00, real=0.04 secs] 
284.319: Total time for which application threads were stopped: 0.0416970 seconds, Stopping threads took: 0.0000750 seconds
284.414: Application time: 0.0945650 seconds
284.414: [GC [PSYoungGen: 269792K->38368K(269824K)] 490562K->303392K(885760K), 0.0528130 secs] [Times: user=0.41 sys=0.00, real=0.05 secs] 
284.467: Total time for which application threads were stopped: 0.0530110 seconds, Stopping threads took: 0.0001090 seconds
284.568: Application time: 0.1014520 seconds
284.568: [GC [PSYoungGen: 269792K->38384K(269824K)] 534816K->342067K(885760K), 0.0527090 secs] [Times: user=0.41 sys=0.00, real=0.06 secs] 
284.621: Total time for which application threads were stopped: 0.0529270 seconds, Stopping threads took: 0.0001170 seconds
284.711: Application time: 0.0896550 seconds
284.711: [GC [PSYoungGen: 269808K->38384K(269824K)] 573491K->401252K(885760K), 0.0629520 secs] [Times: user=0.50 sys=0.00, real=0.07 secs] 
284.774: Total time for which application threads were stopped: 0.0631400 seconds, Stopping threads took: 0.0001010 seconds
284.888: Application time: 0.1135760 seconds
284.888: [GC [PSYoungGen: 269575K->38384K(269824K)] 632443K->432410K(885760K), 0.0547730 secs] [Times: user=0.43 sys=0.00, real=0.06 secs] 
284.943: Total time for which application threads were stopped: 0.0549710 seconds, Stopping threads took: 0.0001060 seconds
285.039: Application time: 0.0961000 seconds
285.039: [GC [PSYoungGen: 269808K->38384K(269824K)] 663834K->480780K(885760K), 0.0592220 secs] [Times: user=0.47 sys=0.00, real=0.06 secs] 
285.098: Total time for which application threads were stopped: 0.0594190 seconds, Stopping threads took: 0.0000880 seconds
285.197: Application time: 0.0989870 seconds
285.197: [GC [PSYoungGen: 269808K->38368K(269824K)] 712204K->527460K(885760K), 0.0602820 secs] [Times: user=0.46 sys=0.00, real=0.06 secs] 
285.258: Total time for which application threads were stopped: 0.0604560 seconds, Stopping threads took: 0.0000770 seconds
285.349: Application time: 0.0918770 seconds
285.350: [GC [PSYoungGen: 269792K->38368K(269824K)] 758884K->579610K(885760K), 0.0604530 secs] [Times: user=0.48 sys=0.00, real=0.06 secs] 
285.410: Total time for which application threads were stopped: 0.0606290 seconds, Stopping threads took: 0.0000890 seconds
285.519: Application time: 0.1092760 seconds
285.519: [GC [PSYoungGen: 269792K->38384K(269824K)] 811034K->614445K(885760K), 0.0558410 secs] [Times: user=0.44 sys=0.00, real=0.06 secs] 
285.575: [Full GC [PSYoungGen: 38384K->0K(269824K)] [ParOldGen: 576060K->123838K(615936K)] 614445K->123838K(885760K) [PSPermGen: 9160K->9160K(21504K)], 0.1456350 secs] [Times: user=1.07 sys=0.00, real=0.15 secs] 
285.721: Total time for which application threads were stopped: 0.2017150 seconds, Stopping threads took: 0.0000850 seconds
285.818: Application time: 0.0971280 seconds
285.818: [GC [PSYoungGen: 231424K->38377K(269824K)] 355262K->170743K(885760K), 0.0270080 secs] [Times: user=0.21 sys=0.01, real=0.03 secs] 
285.845: Total time for which application threads were stopped: 0.0271970 seconds, Stopping threads took: 0.0000900 seconds
285.940: Application time: 0.0949000 seconds
285.940: [GC [PSYoungGen: 269801K->38368K(269824K)] 402167K->212015K(885760K), 0.0432480 secs] [Times: user=0.34 sys=0.00, real=0.05 secs] 
285.984: Total time for which application threads were stopped: 0.0434060 seconds, Stopping threads took: 0.0000720 seconds
286.078: Application time: 0.0945990 seconds
286.078: [GC [PSYoungGen: 269792K->38384K(269824K)] 443439K->261385K(885760K), 0.0505700 secs] [Times: user=0.40 sys=0.00, real=0.05 secs] 
286.129: Total time for which application threads were stopped: 0.0507280 seconds, Stopping threads took: 0.0000710 seconds
286.239: Application time: 0.1099840 seconds
286.239: [GC [PSYoungGen: 269808K->38384K(269824K)] 492809K->285418K(885760K), 0.0439400 secs] [Times: user=0.34 sys=0.00, real=0.05 secs] 
286.283: Total time for which application threads were stopped: 0.0440980 seconds, Stopping threads took: 0.0000750 seconds
286.376: Application time: 0.0925350 seconds
286.376: [GC [PSYoungGen: 269808K->38384K(269824K)] 516842K->335549K(885760K), 0.0545600 secs] [Times: user=0.43 sys=0.00, real=0.05 secs] 
286.430: Total time for which application threads were stopped: 0.0547640 seconds, Stopping threads took: 0.0001110 seconds
286.524: Application time: 0.0933640 seconds
286.524: [GC [PSYoungGen: 269808K->38368K(269824K)] 566973K->381151K(885760K), 0.0544790 secs] [Times: user=0.43 sys=0.00, real=0.05 secs] 
286.578: Total time for which application threads were stopped: 0.0546580 seconds, Stopping threads took: 0.0000910 seconds
286.672: Application time: 0.0935490 seconds
286.672: [GC [PSYoungGen: 269792K->38384K(269824K)] 612575K->433848K(885760K), 0.0601360 secs] [Times: user=0.44 sys=0.00, real=0.06 secs] 
286.732: Total time for which application threads were stopped: 0.0603240 seconds, Stopping threads took: 0.0001010 seconds
286.842: Application time: 0.1097360 seconds
286.842: [GC [PSYoungGen: 269808K->38384K(269824K)] 665272K->466266K(885760K), 0.0533460 secs] [Times: user=0.42 sys=0.00, real=0.05 secs] 
286.896: Total time for which application threads were stopped: 0.0535120 seconds, Stopping threads took: 0.0000850 seconds
286.989: Application time: 0.0937850 seconds
286.989: [GC [PSYoungGen: 269808K->38384K(269824K)] 697690K->515142K(885760K), 0.0572640 secs] [Times: user=0.45 sys=0.00, real=0.06 secs] 
287.047: Total time for which application threads were stopped: 0.0574260 seconds, Stopping threads took: 0.0000660 seconds
287.139: Application time: 0.0926310 seconds
287.140: [GC [PSYoungGen: 269808K->38384K(269824K)] 746566K->560904K(885760K), 0.0573860 secs] [Times: user=0.45 sys=0.00, real=0.06 secs] 
287.197: Total time for which application threads were stopped: 0.0575550 seconds, Stopping threads took: 0.0000820 seconds
287.294: Application time: 0.0972940 seconds
287.297: [GC [PSYoungGen: 269808K->38368K(269824K)] 792328K->612542K(885760K), 0.0610450 secs] [Times: user=0.49 sys=0.00, real=0.06 secs] 
287.358: [Full GC [PSYoungGen: 38368K->0K(269824K)] [ParOldGen: 574173K->139265K(615936K)] 612542K->139265K(885760K) [PSPermGen: 9160K->9160K(21504K)], 0.1666220 secs] [Times: user=1.23 sys=0.00, real=0.17 secs] 
287.525: Total time for which application threads were stopped: 0.2304670 seconds, Stopping threads took: 0.0026450 seconds
287.633: Application time: 0.1078460 seconds
287.633: [GC [PSYoungGen: 231424K->36759K(269824K)] 370689K->176024K(885760K), 0.0248660 secs] [Times: user=0.20 sys=0.00, real=0.03 secs] 
287.658: Total time for which application threads were stopped: 0.0250330 seconds, Stopping threads took: 0.0000690 seconds
287.755: Application time: 0.0977040 seconds
287.755: [GC [PSYoungGen: 268183K->38368K(269824K)] 407448K->220512K(885760K), 0.0451590 secs] [Times: user=0.36 sys=0.00, real=0.04 secs] 
287.801: Total time for which application threads were stopped: 0.0453610 seconds, Stopping threads took: 0.0001120 seconds
287.902: Application time: 0.1015420 seconds
287.902: [GC [PSYoungGen: 269792K->38384K(269824K)] 451936K->257808K(885760K), 0.0478690 secs] [Times: user=0.38 sys=0.00, real=0.04 secs] 
287.950: Total time for which application threads were stopped: 0.0480210 seconds, Stopping threads took: 0.0000650 seconds
288.044: Application time: 0.0941360 seconds
288.044: [GC [PSYoungGen: 269808K->38384K(269824K)] 489232K->308768K(885760K), 0.0573190 secs] [Times: user=0.45 sys=0.00, real=0.06 secs] 
288.102: Total time for which application threads were stopped: 0.0574910 seconds, Stopping threads took: 0.0000850 seconds
288.208: Application time: 0.1063900 seconds
288.209: [GC [PSYoungGen: 269808K->38384K(269824K)] 540192K->347994K(885760K), 0.0565900 secs] [Times: user=0.44 sys=0.00, real=0.06 secs] 
288.266: Total time for which application threads were stopped: 0.0573520 seconds, Stopping threads took: 0.0006530 seconds
288.361: Application time: 0.0958300 seconds
288.365: [GC [PSYoungGen: 269808K->38368K(269824K)] 579418K->395089K(885760K), 0.0589060 secs] [Times: user=0.46 sys=0.01, real=0.06 secs] 
288.424: Total time for which application threads were stopped: 0.0624320 seconds, Stopping threads took: 0.0034400 seconds
288.531: Application time: 0.1068010 seconds
288.531: [GC [PSYoungGen: 269792K->38368K(269824K)] 626513K->431224K(885760K), 0.0549200 secs] [Times: user=0.43 sys=0.00, real=0.06 secs] 
288.586: Total time for which application threads were stopped: 0.0550940 seconds, Stopping threads took: 0.0000850 seconds
288.678: Application time: 0.0925650 seconds
288.678: [GC [PSYoungGen: 269792K->38384K(269824K)] 662648K->485782K(885760K), 0.0626420 secs] [Times: user=0.50 sys=0.00, real=0.07 secs] 
288.741: Total time for which application threads were stopped: 0.0628130 seconds, Stopping threads took: 0.0000870 seconds
288.842: Application time: 0.1006830 seconds
288.842: [GC [PSYoungGen: 269808K->38384K(269824K)] 717206K->532127K(885760K), 0.0603760 secs] [Times: user=0.48 sys=0.00, real=0.06 secs] 
288.902: Total time for which application threads were stopped: 0.0605560 seconds, Stopping threads took: 0.0000820 seconds
289.000: Application time: 0.0975610 seconds
289.000: [GC [PSYoungGen: 269808K->38384K(269824K)] 763551K->578102K(885760K), 0.0605400 secs] [Times: user=0.48 sys=0.00, real=0.06 secs] 
289.061: Total time for which application threads were stopped: 0.0607510 seconds, Stopping threads took: 0.0001130 seconds
289.173: Application time: 0.1120400 seconds
289.177: [GC [PSYoungGen: 269808K->38368K(269824K)] 809526K->609350K(885760K), 0.0574670 secs] [Times: user=0.45 sys=0.00, real=0.06 secs] 
289.234: [Full GC [PSYoungGen: 38368K->0K(269824K)] [ParOldGen: 570982K->112648K(615936K)] 609350K->112648K(885760K) [PSPermGen: 9160K->9160K(21504K)], 0.1263350 secs] [Times: user=0.91 sys=0.00, real=0.12 secs] 
289.361: Total time for which application threads were stopped: 0.1881230 seconds, Stopping threads took: 0.0041590 seconds
289.455: Application time: 0.0945910 seconds
289.457: [GC [PSYoungGen: 231424K->38368K(269824K)] 344072K->165368K(885760K), 0.0301980 secs] [Times: user=0.24 sys=0.00, real=0.03 secs] 
289.487: Total time for which application threads were stopped: 0.0317310 seconds, Stopping threads took: 0.0014380 seconds
289.576: Application time: 0.0891610 seconds
289.576: [GC [PSYoungGen: 269792K->38384K(269824K)] 396792K->213154K(885760K), 0.0460550 secs] [Times: user=0.37 sys=0.00, real=0.05 secs] 
289.623: Total time for which application threads were stopped: 0.0462130 seconds, Stopping threads took: 0.0000720 seconds
289.724: Application time: 0.1012840 seconds
289.725: [GC [PSYoungGen: 269808K->38368K(269824K)] 444578K->256981K(885760K), 0.0500110 secs] [Times: user=0.39 sys=0.00, real=0.05 secs] 
289.775: Total time for which application threads were stopped: 0.0511350 seconds, Stopping threads took: 0.0010310 seconds
289.890: Application time: 0.1153820 seconds
289.891: [GC [PSYoungGen: 269792K->38384K(269824K)] 488405K->274689K(885760K), 0.0403800 secs] [Times: user=0.32 sys=0.00, real=0.04 secs] 
289.931: Total time for which application threads were stopped: 0.0405840 seconds, Stopping threads took: 0.0001170 seconds
290.028: Application time: 0.0967570 seconds
290.028: [GC [PSYoungGen: 269808K->38384K(269824K)] 506113K->325899K(885760K), 0.0560090 secs] [Times: user=0.44 sys=0.00, real=0.06 secs] 
290.084: Total time for which application threads were stopped: 0.0561940 seconds, Stopping threads took: 0.0000860 seconds
290.170: Application time: 0.0858170 seconds
290.170: [GC [PSYoungGen: 269808K->38368K(269824K)] 557323K->380008K(885760K), 0.0557450 secs] [Times: user=0.45 sys=0.00, real=0.06 secs] 
290.226: Total time for which application threads were stopped: 0.0559280 seconds, Stopping threads took: 0.0000970 seconds
290.324: Application time: 0.0980640 seconds
290.324: [GC [PSYoungGen: 269792K->38368K(269824K)] 611432K->426874K(885760K), 0.0560590 secs] [Times: user=0.44 sys=0.00, real=0.05 secs] 
290.380: Total time for which application threads were stopped: 0.0562400 seconds, Stopping threads took: 0.0000950 seconds
290.494: Application time: 0.1136440 seconds
290.496: [GC [PSYoungGen: 269792K->38384K(269824K)] 658298K->455896K(885760K), 0.0504400 secs] [Times: user=0.40 sys=0.00, real=0.05 secs] 
290.546: Total time for which application threads were stopped: 0.0524000 seconds, Stopping threads took: 0.0018730 seconds
290.642: Application time: 0.0960320 seconds
290.642: [GC [PSYoungGen: 269808K->38384K(269824K)] 687320K->508286K(885760K), 0.0593570 secs] [Times: user=0.47 sys=0.00, real=0.06 secs] 
290.702: Total time for which application threads were stopped: 0.0595480 seconds, Stopping threads took: 0.0000910 seconds
290.789: Application time: 0.0874870 seconds
290.793: [GC [PSYoungGen: 269808K->38368K(269824K)] 739710K->561927K(885760K), 0.0571330 secs] [Times: user=0.45 sys=0.00, real=0.05 secs] 
290.850: Total time for which application threads were stopped: 0.0610430 seconds, Stopping threads took: 0.0038210 seconds
290.949: Application time: 0.0988680 seconds
290.949: [GC [PSYoungGen: 269792K->38368K(269824K)] 793351K->611254K(885760K), 0.0575920 secs] [Times: user=0.46 sys=0.00, real=0.06 secs] 
291.007: [Full GC [PSYoungGen: 38368K->0K(269824K)] [ParOldGen: 572885K->149541K(615936K)] 611254K->149541K(885760K) [PSPermGen: 9160K->9160K(21504K)], 0.1858910 secs] [Times: user=1.39 sys=0.00, real=0.18 secs] 
291.193: Total time for which application threads were stopped: 0.2437330 seconds, Stopping threads took: 0.0000870 seconds
291.309: Application time: 0.1161850 seconds
291.310: [GC [PSYoungGen: 231424K->27819K(269824K)] 380965K->177360K(885760K), 0.0205610 secs] [Times: user=0.16 sys=0.00, real=0.02 secs] 
291.331: Total time for which application threads were stopped: 0.0219930 seconds, Stopping threads took: 0.0013330 seconds
291.425: Application time: 0.0941650 seconds
291.425: [GC [PSYoungGen: 259243K->38384K(269824K)] 408784K->224591K(885760K), 0.0427300 secs] [Times: user=0.34 sys=0.00, real=0.04 secs] 
291.468: Total time for which application threads were stopped: 0.0429270 seconds, Stopping threads took: 0.0001100 seconds
291.556: Application time: 0.0878290 seconds
291.556: [GC [PSYoungGen: 269808K->38384K(269824K)] 456015K->274219K(885760K), 0.0525130 secs] [Times: user=0.42 sys=0.00, real=0.05 secs] 
291.609: Total time for which application threads were stopped: 0.0527150 seconds, Stopping threads took: 0.0001150 seconds
291.707: Application time: 0.0984200 seconds
291.709: [GC [PSYoungGen: 269808K->38384K(269824K)] 505643K->323985K(885760K), 0.0574860 secs] [Times: user=0.46 sys=0.00, real=0.06 secs] 
291.766: Total time for which application threads were stopped: 0.0594510 seconds, Stopping threads took: 0.0018770 seconds
291.881: Application time: 0.1143120 seconds
291.885: [GC [PSYoungGen: 269808K->38384K(269824K)] 555409K->350911K(885760K), 0.0503990 secs] [Times: user=0.40 sys=0.00, real=0.05 secs] 
291.935: Total time for which application threads were stopped: 0.0546270 seconds, Stopping threads took: 0.0041300 seconds
292.028: Application time: 0.0927790 seconds
292.028: [GC [PSYoungGen: 269808K->38368K(269824K)] 582335K->402167K(885760K), 0.0626910 secs] [Times: user=0.50 sys=0.00, real=0.06 secs] 
292.091: Total time for which application threads were stopped: 0.0628950 seconds, Stopping threads took: 0.0001140 seconds
292.178: Application time: 0.0865730 seconds
292.178: [GC [PSYoungGen: 269792K->38368K(269824K)] 633591K->455019K(885760K), 0.0612200 secs] [Times: user=0.49 sys=0.00, real=0.06 secs] 
292.239: Total time for which application threads were stopped: 0.0613720 seconds, Stopping threads took: 0.0000680 seconds
292.336: Application time: 0.0966070 seconds
292.337: [GC [PSYoungGen: 269792K->38368K(269824K)] 686443K->505647K(885760K), 0.0626190 secs] [Times: user=0.49 sys=0.00, real=0.06 secs] 
292.400: Total time for which application threads were stopped: 0.0639790 seconds, Stopping threads took: 0.0012720 seconds
292.515: Application time: 0.1154800 seconds
292.515: [GC [PSYoungGen: 269792K->38368K(269824K)] 737071K->533208K(885760K), 0.0564350 secs] [Times: user=0.45 sys=0.00, real=0.05 secs] 
292.572: Total time for which application threads were stopped: 0.0566030 seconds, Stopping threads took: 0.0000710 seconds
292.666: Application time: 0.0939780 seconds
292.669: [GC [PSYoungGen: 269792K->38368K(269824K)] 764632K->584616K(885760K), 0.0622490 secs] [Times: user=0.49 sys=0.00, real=0.06 secs] 
292.731: [Full GC [PSYoungGen: 38368K->0K(269824K)] [ParOldGen: 546247K->132921K(615936K)] 584616K->132921K(885760K) [PSPermGen: 9160K->9160K(21504K)], 0.1628820 secs] [Times: user=1.20 sys=0.00, real=0.17 secs] 
292.894: Total time for which application threads were stopped: 0.2284930 seconds, Stopping threads took: 0.0032190 seconds
292.981: Application time: 0.0864880 seconds
292.981: [GC [PSYoungGen: 231424K->38384K(269824K)] 364345K->186829K(885760K), 0.0284100 secs] [Times: user=0.22 sys=0.00, real=0.03 secs] 
293.009: Total time for which application threads were stopped: 0.0285740 seconds, Stopping threads took: 0.0000780 seconds
293.106: Application time: 0.0968010 seconds
293.106: [GC [PSYoungGen: 269808K->38384K(269824K)] 418253K->227219K(885760K), 0.0419170 secs] [Times: user=0.33 sys=0.00, real=0.04 secs] 
293.148: Total time for which application threads were stopped: 0.0421060 seconds, Stopping threads took: 0.0000900 seconds
293.266: Application time: 0.1176710 seconds
293.266: [GC [PSYoungGen: 269808K->38368K(269824K)] 458643K->248928K(885760K), 0.0415570 secs] [Times: user=0.33 sys=0.00, real=0.04 secs] 
293.308: Total time for which application threads were stopped: 0.0417340 seconds, Stopping threads took: 0.0000900 seconds
293.400: Application time: 0.0923250 seconds
293.400: [GC [PSYoungGen: 269792K->38368K(269824K)] 480352K->299374K(885760K), 0.0548540 secs] [Times: user=0.43 sys=0.00, real=0.06 secs] 
293.455: Total time for which application threads were stopped: 0.0550170 seconds, Stopping threads took: 0.0000740 seconds
293.545: Application time: 0.0896740 seconds
293.545: [GC [PSYoungGen: 269792K->38368K(269824K)] 530798K->350843K(885760K), 0.0561560 secs] [Times: user=0.45 sys=0.00, real=0.06 secs] 
293.601: Total time for which application threads were stopped: 0.0563350 seconds, Stopping threads took: 0.0000910 seconds
293.699: Application time: 0.0979210 seconds
293.699: [GC [PSYoungGen: 269792K->38384K(269824K)] 582267K->398297K(885760K), 0.0592990 secs] [Times: user=0.44 sys=0.00, real=0.06 secs] 
293.758: Total time for which application threads were stopped: 0.0595010 seconds, Stopping threads took: 0.0001010 seconds
293.872: Application time: 0.1137480 seconds
293.873: [GC [PSYoungGen: 269808K->38384K(269824K)] 629721K->427481K(885760K), 0.0514650 secs] [Times: user=0.40 sys=0.00, real=0.05 secs] 
293.924: Total time for which application threads were stopped: 0.0523220 seconds, Stopping threads took: 0.0007720 seconds
294.015: Application time: 0.0902270 seconds
294.015: [GC [PSYoungGen: 269808K->38384K(269824K)] 658905K->480908K(885760K), 0.0586280 secs] [Times: user=0.46 sys=0.00, real=0.06 secs] 
294.073: Total time for which application threads were stopped: 0.0587910 seconds, Stopping threads took: 0.0000790 seconds
294.161: Application time: 0.0873460 seconds
294.161: [GC [PSYoungGen: 269742K->38384K(269824K)] 712265K->532582K(885760K), 0.0574280 secs] [Times: user=0.45 sys=0.00, real=0.05 secs] 
294.218: Total time for which application threads were stopped: 0.0576150 seconds, Stopping threads took: 0.0001010 seconds
294.320: Application time: 0.1017440 seconds
294.320: [GC [PSYoungGen: 269808K->38368K(269824K)] 764006K->579674K(885760K), 0.0584610 secs] [Times: user=0.46 sys=0.00, real=0.06 secs] 
294.379: Total time for which application threads were stopped: 0.0586370 seconds, Stopping threads took: 0.0000760 seconds
294.489: Application time: 0.1103450 seconds
294.489: [GC [PSYoungGen: 269792K->38384K(269824K)] 811098K->610590K(885760K), 0.0524500 secs] [Times: user=0.42 sys=0.00, real=0.06 secs] 
294.542: [Full GC [PSYoungGen: 38384K->0K(269824K)] [ParOldGen: 572206K->117902K(615936K)] 610590K->117902K(885760K) [PSPermGen: 9160K->9160K(21504K)], 0.1377370 secs] [Times: user=1.00 sys=0.00, real=0.13 secs] 
294.680: Total time for which application threads were stopped: 0.1904020 seconds, Stopping threads took: 0.0000700 seconds
294.773: Application time: 0.0936570 seconds
294.773: [GC [PSYoungGen: 231424K->38368K(269824K)] 349326K->171634K(885760K), 0.0306630 secs] [Times: user=0.24 sys=0.00, real=0.03 secs] 
294.804: Total time for which application threads were stopped: 0.0308580 seconds, Stopping threads took: 0.0001100 seconds
294.897: Application time: 0.0933460 seconds
294.898: [GC [PSYoungGen: 269792K->38368K(269824K)] 403058K->215081K(885760K), 0.0441610 secs] [Times: user=0.35 sys=0.00, real=0.05 secs] 
294.942: Total time for which application threads were stopped: 0.0443550 seconds, Stopping threads took: 0.0000970 seconds
295.042: Application time: 0.1004540 seconds
295.042: [GC [PSYoungGen: 269792K->38368K(269824K)] 446505K->259183K(885760K), 0.0486470 secs] [Times: user=0.38 sys=0.00, real=0.04 secs] 
295.091: Total time for which application threads were stopped: 0.0488300 seconds, Stopping threads took: 0.0001010 seconds
295.201: Application time: 0.1103300 seconds
295.202: [GC [PSYoungGen: 269612K->38384K(269824K)] 490428K->279809K(885760K), 0.0415520 secs] [Times: user=0.32 sys=0.00, real=0.04 secs] 
295.243: Total time for which application threads were stopped: 0.0417410 seconds, Stopping threads took: 0.0000920 seconds
295.335: Application time: 0.0913770 seconds
295.337: [GC [PSYoungGen: 269808K->38384K(269824K)] 511233K->333000K(885760K), 0.0557760 secs] [Times: user=0.45 sys=0.00, real=0.05 secs] 
295.393: Total time for which application threads were stopped: 0.0582200 seconds, Stopping threads took: 0.0023590 seconds
295.486: Application time: 0.0928700 seconds
295.486: [GC [PSYoungGen: 269808K->38368K(269824K)] 564424K->379804K(885760K), 0.0527060 secs] [Times: user=0.41 sys=0.00, real=0.05 secs] 
295.539: Total time for which application threads were stopped: 0.0529080 seconds, Stopping threads took: 0.0001020 seconds
295.634: Application time: 0.0958410 seconds
295.634: [GC [PSYoungGen: 269695K->38384K(269824K)] 611131K->429083K(885760K), 0.0564700 secs] [Times: user=0.44 sys=0.00, real=0.05 secs] 
295.691: Total time for which application threads were stopped: 0.0566340 seconds, Stopping threads took: 0.0000780 seconds
295.804: Application time: 0.1133240 seconds
295.809: [GC [PSYoungGen: 269808K->38368K(269824K)] 660507K->460723K(885760K), 0.0511970 secs] [Times: user=0.40 sys=0.00, real=0.05 secs] 
295.860: Total time for which application threads were stopped: 0.0558340 seconds, Stopping threads took: 0.0045500 seconds
295.951: Application time: 0.0910990 seconds
295.951: [GC [PSYoungGen: 269792K->38368K(269824K)] 692147K->514024K(885760K), 0.0563020 secs] [Times: user=0.45 sys=0.00, real=0.06 secs] 
296.008: Total time for which application threads were stopped: 0.0564930 seconds, Stopping threads took: 0.0001040 seconds
296.104: Application time: 0.0959960 seconds
296.104: [GC [PSYoungGen: 269789K->38368K(269824K)] 745445K->560520K(885760K), 0.0549580 secs] [Times: user=0.43 sys=0.00, real=0.05 secs] 
296.159: Total time for which application threads were stopped: 0.0551610 seconds, Stopping threads took: 0.0001040 seconds
296.254: Application time: 0.0946320 seconds
296.254: [GC [PSYoungGen: 269792K->38368K(269824K)] 791944K->613094K(885760K), 0.0572870 secs] [Times: user=0.45 sys=0.00, real=0.05 secs] 
296.311: [Full GC [PSYoungGen: 38368K->0K(269824K)] [ParOldGen: 574725K->145288K(615936K)] 613094K->145288K(885760K) [PSPermGen: 9160K->9160K(21504K)], 0.1748040 secs] [Times: user=1.30 sys=0.00, real=0.18 secs] 
296.486: Total time for which application threads were stopped: 0.2323360 seconds, Stopping threads took: 0.0000950 seconds
296.604: Application time: 0.1176790 seconds
296.604: [GC [PSYoungGen: 231424K->28730K(269824K)] 376712K->174019K(885760K), 0.0234410 secs] [Times: user=0.19 sys=0.00, real=0.02 secs] 
296.627: Total time for which application threads were stopped: 0.0236280 seconds, Stopping threads took: 0.0001000 seconds
296.719: Application time: 0.0920840 seconds
296.719: [GC [PSYoungGen: 260154K->38368K(269824K)] 405443K->223088K(885760K), 0.0436530 secs] [Times: user=0.35 sys=0.00, real=0.05 secs] 
296.763: Total time for which application threads were stopped: 0.0438420 seconds, Stopping threads took: 0.0000930 seconds
296.860: Application time: 0.0970240 seconds
296.861: [GC [PSYoungGen: 269774K->38384K(269824K)] 454494K->267184K(885760K), 0.0508470 secs] [Times: user=0.40 sys=0.00, real=0.04 secs] 
296.912: Total time for which application threads were stopped: 0.0516860 seconds, Stopping threads took: 0.0007500 seconds
297.001: Application time: 0.0893860 seconds
297.001: [GC [PSYoungGen: 269808K->38384K(269824K)] 498608K->320115K(885760K), 0.0562910 secs] [Times: user=0.45 sys=0.00, real=0.05 secs] 
297.058: Total time for which application threads were stopped: 0.0564660 seconds, Stopping threads took: 0.0000890 seconds
297.174: Application time: 0.1162780 seconds
297.177: [GC [PSYoungGen: 269808K->38384K(269824K)] 551539K->349202K(885760K), 0.0517820 secs] [Times: user=0.41 sys=0.00, real=0.05 secs] 
297.229: Total time for which application threads were stopped: 0.0547550 seconds, Stopping threads took: 0.0028900 seconds
297.321: Application time: 0.0924710 seconds
297.324: [GC [PSYoungGen: 269808K->38368K(269824K)] 580626K->404926K(885760K), 0.0599330 secs] [Times: user=0.47 sys=0.00, real=0.06 secs] 
297.384: Total time for which application threads were stopped: 0.0627350 seconds, Stopping threads took: 0.0027050 seconds
297.486: Application time: 0.1018330 seconds
297.486: [GC [PSYoungGen: 269792K->38384K(269824K)] 636350K->444300K(885760K), 0.0535170 secs] [Times: user=0.42 sys=0.00, real=0.05 secs] 
297.539: Total time for which application threads were stopped: 0.0536860 seconds, Stopping threads took: 0.0000840 seconds
297.624: Application time: 0.0848570 seconds
297.624: [GC [PSYoungGen: 269808K->38368K(269824K)] 675724K->499851K(885760K), 0.0585110 secs] [Times: user=0.46 sys=0.00, real=0.06 secs] 
297.683: Total time for which application threads were stopped: 0.0586890 seconds, Stopping threads took: 0.0000930 seconds
297.797: Application time: 0.1135030 seconds
297.797: [GC [PSYoungGen: 269792K->38368K(269824K)] 731275K->531439K(885760K), 0.0535120 secs] [Times: user=0.42 sys=0.00, real=0.05 secs] 
297.850: Total time for which application threads were stopped: 0.0536870 seconds, Stopping threads took: 0.0000940 seconds
297.937: Application time: 0.0869900 seconds
297.937: [GC [PSYoungGen: 269792K->38384K(269824K)] 762863K->586846K(885760K), 0.0590680 secs] [Times: user=0.46 sys=0.00, real=0.06 secs] 
297.996: [Full GC [PSYoungGen: 38384K->0K(269824K)] [ParOldGen: 548461K->142670K(615936K)] 586846K->142670K(885760K) [PSPermGen: 9162K->9162K(21504K)], 0.1788520 secs] [Times: user=1.33 sys=0.00, real=0.18 secs] 
298.175: Total time for which application threads were stopped: 0.2381720 seconds, Stopping threads took: 0.0000940 seconds
298.281: Application time: 0.1053650 seconds
298.281: [GC [PSYoungGen: 231424K->38394K(269824K)] 374094K->181784K(885760K), 0.0252860 secs] [Times: user=0.19 sys=0.00, real=0.02 secs] 
298.306: Total time for which application threads were stopped: 0.0254890 seconds, Stopping threads took: 0.0001160 seconds
298.393: Application time: 0.0870150 seconds
298.393: [GC [PSYoungGen: 269818K->38374K(269824K)] 413208K->229310K(885760K), 0.0443410 secs] [Times: user=0.35 sys=0.00, real=0.04 secs] 
298.438: Total time for which application threads were stopped: 0.0445300 seconds, Stopping threads took: 0.0001030 seconds
298.549: Application time: 0.1110810 seconds
298.549: [GC [PSYoungGen: 269792K->38384K(269824K)] 460727K->257216K(885760K), 0.0461570 secs] [Times: user=0.37 sys=0.00, real=0.05 secs] 
298.595: Total time for which application threads were stopped: 0.0463180 seconds, Stopping threads took: 0.0000720 seconds
298.685: Application time: 0.0900860 seconds
298.689: [GC [PSYoungGen: 269808K->38368K(269824K)] 488640K->308360K(885760K), 0.0577790 secs] [Times: user=0.46 sys=0.00, real=0.06 secs] 
298.747: Total time for which application threads were stopped: 0.0615100 seconds, Stopping threads took: 0.0036420 seconds
298.849: Application time: 0.1023580 seconds
298.849: [GC [PSYoungGen: 269792K->38368K(269824K)] 539784K->345022K(885760K), 0.0543780 secs] [Times: user=0.42 sys=0.00, real=0.06 secs] 
298.904: Total time for which application threads were stopped: 0.0545430 seconds, Stopping threads took: 0.0000790 seconds
298.995: Application time: 0.0914010 seconds
298.995: [GC [PSYoungGen: 269792K->38384K(269824K)] 576446K->398589K(885760K), 0.0649870 secs] [Times: user=0.51 sys=0.01, real=0.06 secs] 
299.060: Total time for which application threads were stopped: 0.0651630 seconds, Stopping threads took: 0.0000880 seconds
299.170: Application time: 0.1094520 seconds
299.170: [GC [PSYoungGen: 269808K->38384K(269824K)] 630013K->436995K(885760K), 0.0628210 secs] [Times: user=0.48 sys=0.00, real=0.06 secs] 
299.233: Total time for which application threads were stopped: 0.0629950 seconds, Stopping threads took: 0.0000840 seconds
299.325: Application time: 0.0918470 seconds
299.325: [GC [PSYoungGen: 269808K->38384K(269824K)] 668419K->487850K(885760K), 0.0632780 secs] [Times: user=0.50 sys=0.00, real=0.06 secs] 
299.388: Total time for which application threads were stopped: 0.0634830 seconds, Stopping threads took: 0.0001080 seconds
299.494: Application time: 0.1060750 seconds
299.494: [GC [PSYoungGen: 269808K->38368K(269824K)] 719274K->525158K(885760K), 0.0605380 secs] [Times: user=0.48 sys=0.00, real=0.06 secs] 
299.555: Total time for which application threads were stopped: 0.0607100 seconds, Stopping threads took: 0.0000850 seconds
299.644: Application time: 0.0893540 seconds
299.644: [GC [PSYoungGen: 269792K->38384K(269824K)] 756582K->578823K(885760K), 0.0655690 secs] [Times: user=0.52 sys=0.00, real=0.06 secs] 
299.710: Total time for which application threads were stopped: 0.0657180 seconds, Stopping threads took: 0.0000640 seconds
299.814: Application time: 0.1043220 seconds
299.814: [GC [PSYoungGen: 269808K->38384K(269824K)] 810247K->621599K(885760K), 0.0648130 secs] [Times: user=0.51 sys=0.00, real=0.06 secs] 
299.879: [Full GC [PSYoungGen: 38384K->0K(269824K)] [ParOldGen: 583215K->126575K(615936K)] 621599K->126575K(885760K) [PSPermGen: 9162K->9162K(21504K)], 0.1457510 secs] [Times: user=1.06 sys=0.00, real=0.15 secs] 
300.025: Total time for which application threads were stopped: 0.2107970 seconds, Stopping threads took: 0.0000720 seconds
300.119: Application time: 0.0940280 seconds
300.119: [GC [PSYoungGen: 231424K->38384K(269824K)] 357999K->175866K(885760K), 0.0272630 secs] [Times: user=0.22 sys=0.00, real=0.03 secs] 
300.147: Total time for which application threads were stopped: 0.0274460 seconds, Stopping threads took: 0.0000930 seconds
300.255: Application time: 0.1079790 seconds
300.255: [GC [PSYoungGen: 269808K->38368K(269824K)] 407290K->204728K(885760K), 0.0385630 secs] [Times: user=0.30 sys=0.00, real=0.04 secs] 
300.293: Total time for which application threads were stopped: 0.0387620 seconds, Stopping threads took: 0.0001110 seconds
300.386: Application time: 0.0924860 seconds
300.386: [GC [PSYoungGen: 269792K->38384K(269824K)] 436152K->252815K(885760K), 0.0493200 secs] [Times: user=0.39 sys=0.00, real=0.05 secs] 
300.435: Total time for which application threads were stopped: 0.0494790 seconds, Stopping threads took: 0.0000590 seconds
300.533: Application time: 0.0973830 seconds
300.533: [GC [PSYoungGen: 269808K->38368K(269824K)] 484239K->295310K(885760K), 0.0513820 secs] [Times: user=0.39 sys=0.01, real=0.06 secs] 
300.584: Total time for which application threads were stopped: 0.0515880 seconds, Stopping threads took: 0.0001180 seconds
300.684: Application time: 0.0995460 seconds
300.685: [GC [PSYoungGen: 269792K->38368K(269824K)] 526734K->342699K(885760K), 0.0560790 secs] [Times: user=0.45 sys=0.00, real=0.06 secs] 
300.741: Total time for which application threads were stopped: 0.0572570 seconds, Stopping threads took: 0.0010910 seconds
300.851: Application time: 0.1100840 seconds
300.851: [GC [PSYoungGen: 269792K->38368K(269824K)] 574123K->371891K(885760K), 0.0481850 secs] [Times: user=0.38 sys=0.00, real=0.05 secs] 
300.899: Total time for which application threads were stopped: 0.0483580 seconds, Stopping threads took: 0.0000870 seconds
300.987: Application time: 0.0873940 seconds
300.989: [GC [PSYoungGen: 269792K->38384K(269824K)] 603315K->427327K(885760K), 0.0573410 secs] [Times: user=0.46 sys=0.00, real=0.06 secs] 
301.046: Total time for which application threads were stopped: 0.0594560 seconds, Stopping threads took: 0.0020170 seconds
301.142: Application time: 0.0959280 seconds
301.142: [GC [PSYoungGen: 269808K->38368K(269824K)] 658751K->476578K(885760K), 0.0569380 secs] [Times: user=0.46 sys=0.00, real=0.05 secs] 
301.199: Total time for which application threads were stopped: 0.0570910 seconds, Stopping threads took: 0.0000680 seconds
301.296: Application time: 0.0962380 seconds
301.296: [GC [PSYoungGen: 269792K->38384K(269824K)] 708002K->523434K(885760K), 0.0550590 secs] [Times: user=0.44 sys=0.00, real=0.05 secs] 
301.351: Total time for which application threads were stopped: 0.0552170 seconds, Stopping threads took: 0.0000710 seconds
301.461: Application time: 0.1098290 seconds
301.461: [GC [PSYoungGen: 269808K->38368K(269824K)] 754858K->553773K(885760K), 0.0495430 secs] [Times: user=0.40 sys=0.00, real=0.05 secs] 
301.510: Total time for which application threads were stopped: 0.0497040 seconds, Stopping threads took: 0.0000740 seconds
301.599: Application time: 0.0886300 seconds
301.599: [GC [PSYoungGen: 269792K->38384K(269824K)] 785197K->608697K(885760K), 0.0585230 secs] [Times: user=0.46 sys=0.00, real=0.06 secs] 
301.658: [Full GC [PSYoungGen: 38384K->0K(269824K)] [ParOldGen: 570312K->134468K(615936K)] 608697K->134468K(885760K) [PSPermGen: 9162K->9162K(21504K)], 0.1610900 secs] [Times: user=1.18 sys=0.00, real=0.16 secs] 
301.819: Total time for which application threads were stopped: 0.2198530 seconds, Stopping threads took: 0.0000750 seconds
301.916: Application time: 0.0966850 seconds
301.916: [GC [PSYoungGen: 231424K->38384K(269824K)] 365892K->183738K(885760K), 0.0286610 secs] [Times: user=0.22 sys=0.00, real=0.03 secs] 
301.944: Total time for which application threads were stopped: 0.0288840 seconds, Stopping threads took: 0.0001330 seconds
302.041: Application time: 0.0966900 seconds
302.041: [GC [PSYoungGen: 269808K->38384K(269824K)] 415162K->223643K(885760K), 0.0429570 secs] [Times: user=0.34 sys=0.00, real=0.04 secs] 
302.084: Total time for which application threads were stopped: 0.0431450 seconds, Stopping threads took: 0.0001010 seconds
302.192: Application time: 0.1082120 seconds
302.193: [GC [PSYoungGen: 269808K->38384K(269824K)] 455067K->254723K(885760K), 0.0466750 secs] [Times: user=0.37 sys=0.00, real=0.05 secs] 
302.239: Total time for which application threads were stopped: 0.0468690 seconds, Stopping threads took: 0.0000920 seconds
302.335: Application time: 0.0961230 seconds
302.336: [GC [PSYoungGen: 269808K->38384K(269824K)] 486147K->299342K(885760K), 0.0544180 secs] [Times: user=0.43 sys=0.00, real=0.05 secs] 
302.390: Total time for which application threads were stopped: 0.0545990 seconds, Stopping threads took: 0.0000940 seconds
302.484: Application time: 0.0940920 seconds
302.484: [GC [PSYoungGen: 269808K->38384K(269824K)] 530766K->354606K(885760K), 0.0619810 secs] [Times: user=0.49 sys=0.00, real=0.06 secs] 
302.546: Total time for which application threads were stopped: 0.0621540 seconds, Stopping threads took: 0.0000870 seconds
302.645: Application time: 0.0987650 seconds
302.645: [GC [PSYoungGen: 269808K->38384K(269824K)] 586030K->398972K(885760K), 0.0581000 secs] [Times: user=0.46 sys=0.00, real=0.06 secs] 
302.703: Total time for which application threads were stopped: 0.0582650 seconds, Stopping threads took: 0.0000800 seconds
302.809: Application time: 0.1053620 seconds
302.809: [GC [PSYoungGen: 269808K->38368K(269824K)] 630396K->434581K(885760K), 0.0549430 secs] [Times: user=0.43 sys=0.00, real=0.06 secs] 
302.864: Total time for which application threads were stopped: 0.0551350 seconds, Stopping threads took: 0.0000830 seconds
302.965: Application time: 0.1013470 seconds
302.965: [GC [PSYoungGen: 269792K->38384K(269824K)] 666005K->479460K(885760K), 0.0610850 secs] [Times: user=0.48 sys=0.00, real=0.06 secs] 
303.027: Total time for which application threads were stopped: 0.0613040 seconds, Stopping threads took: 0.0001300 seconds
303.120: Application time: 0.0932390 seconds
303.120: [GC [PSYoungGen: 269808K->38384K(269824K)] 710884K->535043K(885760K), 0.0630220 secs] [Times: user=0.50 sys=0.00, real=0.07 secs] 
303.183: Total time for which application threads were stopped: 0.0631920 seconds, Stopping threads took: 0.0000830 seconds
303.279: Application time: 0.0955810 seconds
303.281: [GC [PSYoungGen: 269808K->38368K(269824K)] 766467K->582460K(885760K), 0.0605220 secs] [Times: user=0.47 sys=0.00, real=0.06 secs] 
303.342: Total time for which application threads were stopped: 0.0629590 seconds, Stopping threads took: 0.0023560 seconds
303.448: Application time: 0.1064830 seconds
303.448: [GC [PSYoungGen: 269792K->38384K(269824K)] 813884K->617329K(885760K), 0.0566000 secs] [Times: user=0.45 sys=0.00, real=0.06 secs] 
303.505: [Full GC [PSYoungGen: 38384K->0K(269824K)] [ParOldGen: 578944K->129861K(615936K)] 617329K->129861K(885760K) [PSPermGen: 9162K->9162K(21504K)], 0.1550520 secs] [Times: user=1.14 sys=0.00, real=0.15 secs] 
303.660: Total time for which application threads were stopped: 0.2119920 seconds, Stopping threads took: 0.0001550 seconds
303.762: Application time: 0.1023360 seconds
303.762: [GC [PSYoungGen: 231424K->38372K(269824K)] 361285K->173785K(885760K), 0.0268860 secs] [Times: user=0.21 sys=0.01, real=0.02 secs] 
303.789: Total time for which application threads were stopped: 0.0270600 seconds, Stopping threads took: 0.0000890 seconds
303.880: Application time: 0.0909130 seconds
303.880: [GC [PSYoungGen: 269796K->38368K(269824K)] 405209K->224079K(885760K), 0.0476560 secs] [Times: user=0.37 sys=0.00, real=0.05 secs] 
303.928: Total time for which application threads were stopped: 0.0478720 seconds, Stopping threads took: 0.0001280 seconds
304.028: Application time: 0.1000440 seconds
304.028: [GC [PSYoungGen: 269792K->38384K(269824K)] 455503K->264421K(885760K), 0.0477610 secs] [Times: user=0.38 sys=0.00, real=0.05 secs] 
304.076: Total time for which application threads were stopped: 0.0479570 seconds, Stopping threads took: 0.0000960 seconds
304.176: Application time: 0.0995410 seconds
304.176: [GC [PSYoungGen: 269808K->38368K(269824K)] 495845K->300076K(885760K), 0.0473130 secs] [Times: user=0.37 sys=0.00, real=0.05 secs] 
304.223: Total time for which application threads were stopped: 0.0474830 seconds, Stopping threads took: 0.0000810 seconds
304.328: Application time: 0.1051950 seconds
304.329: [GC [PSYoungGen: 269792K->38368K(269824K)] 531500K->339695K(885760K), 0.0507580 secs] [Times: user=0.40 sys=0.00, real=0.05 secs] 
304.379: Total time for which application threads were stopped: 0.0509270 seconds, Stopping threads took: 0.0000850 seconds
304.465: Application time: 0.0857920 seconds
304.465: [GC [PSYoungGen: 269792K->38384K(269824K)] 571119K->395788K(885760K), 0.0562710 secs] [Times: user=0.45 sys=0.00, real=0.06 secs] 
304.522: Total time for which application threads were stopped: 0.0564690 seconds, Stopping threads took: 0.0001090 seconds
304.625: Application time: 0.1034600 seconds
304.625: [GC [PSYoungGen: 269808K->38368K(269824K)] 627212K->439370K(885760K), 0.0552650 secs] [Times: user=0.43 sys=0.00, real=0.05 secs] 
304.681: Total time for which application threads were stopped: 0.0554480 seconds, Stopping threads took: 0.0000870 seconds
304.777: Application time: 0.0962980 seconds
304.777: [GC [PSYoungGen: 269792K->38368K(269824K)] 670794K->483246K(885760K), 0.0529420 secs] [Times: user=0.42 sys=0.00, real=0.05 secs] 
304.830: Total time for which application threads were stopped: 0.0531150 seconds, Stopping threads took: 0.0000870 seconds
304.940: Application time: 0.1102300 seconds
304.940: [GC [PSYoungGen: 269792K->38384K(269824K)] 714670K->518833K(885760K), 0.0519270 secs] [Times: user=0.41 sys=0.00, real=0.05 secs] 
304.992: Total time for which application threads were stopped: 0.0520830 seconds, Stopping threads took: 0.0000700 seconds
305.078: Application time: 0.0861000 seconds
305.078: [GC [PSYoungGen: 269808K->38384K(269824K)] 750257K->575802K(885760K), 0.0579180 secs] [Times: user=0.45 sys=0.00, real=0.06 secs] 
305.136: Total time for which application threads were stopped: 0.0580960 seconds, Stopping threads took: 0.0000910 seconds
305.242: Application time: 0.1053000 seconds
305.245: [GC [PSYoungGen: 269808K->38384K(269824K)] 807226K->617609K(885760K), 0.0550020 secs] [Times: user=0.44 sys=0.00, real=0.05 secs] 
305.300: [Full GC [PSYoungGen: 38384K->0K(269824K)] [ParOldGen: 579224K->132261K(615936K)] 617609K->132261K(885760K) [PSPermGen: 9162K->9162K(21504K)], 0.1587600 secs] [Times: user=1.17 sys=0.00, real=0.16 secs] 
305.459: Total time for which application threads were stopped: 0.2170750 seconds, Stopping threads took: 0.0031350 seconds
305.554: Application time: 0.0955970 seconds
305.555: [GC [PSYoungGen: 231424K->38368K(269824K)] 363685K->179941K(885760K), 0.0267250 secs] [Times: user=0.21 sys=0.00, real=0.03 secs] 
305.581: Total time for which application threads were stopped: 0.0269020 seconds, Stopping threads took: 0.0000820 seconds
305.693: Application time: 0.1121060 seconds
305.694: [GC [PSYoungGen: 269792K->38368K(269824K)] 411365K->202144K(885760K), 0.0360120 secs] [Times: user=0.29 sys=0.00, real=0.03 secs] 
305.730: Total time for which application threads were stopped: 0.0361780 seconds, Stopping threads took: 0.0000810 seconds
305.813: Application time: 0.0835130 seconds
305.813: [GC [PSYoungGen: 269792K->38384K(269824K)] 433568K->254999K(885760K), 0.0505560 secs] [Times: user=0.39 sys=0.00, real=0.05 secs] 
305.864: Total time for which application threads were stopped: 0.0507220 seconds, Stopping threads took: 0.0000680 seconds
305.965: Application time: 0.1014070 seconds
305.965: [GC [PSYoungGen: 269808K->38384K(269824K)] 486423K->292582K(885760K), 0.0509510 secs] [Times: user=0.40 sys=0.00, real=0.05 secs] 
306.016: Total time for which application threads were stopped: 0.0511080 seconds, Stopping threads took: 0.0000740 seconds
306.112: Application time: 0.0958670 seconds
306.112: [GC [PSYoungGen: 269808K->38384K(269824K)] 524006K->339308K(885760K), 0.0532240 secs] [Times: user=0.42 sys=0.00, real=0.06 secs] 
306.166: Total time for which application threads were stopped: 0.0533980 seconds, Stopping threads took: 0.0000880 seconds
306.276: Application time: 0.1100710 seconds
306.276: [GC [PSYoungGen: 269808K->38368K(269824K)] 570732K->372583K(885760K), 0.0526660 secs] [Times: user=0.40 sys=0.00, real=0.05 secs] 
306.329: Total time for which application threads were stopped: 0.0528480 seconds, Stopping threads took: 0.0000970 seconds
306.417: Application time: 0.0879380 seconds
306.417: [GC [PSYoungGen: 269792K->38384K(269824K)] 604007K->428731K(885760K), 0.0586850 secs] [Times: user=0.46 sys=0.00, real=0.06 secs] 
306.475: Total time for which application threads were stopped: 0.0588760 seconds, Stopping threads took: 0.0000830 seconds
306.577: Application time: 0.1019980 seconds
306.578: [GC [PSYoungGen: 269808K->38384K(269824K)] 660155K->473550K(885760K), 0.0570910 secs] [Times: user=0.45 sys=0.00, real=0.06 secs] 
306.635: Total time for which application threads were stopped: 0.0572700 seconds, Stopping threads took: 0.0000910 seconds
306.730: Application time: 0.0955810 seconds
306.730: [GC [PSYoungGen: 269744K->38368K(269824K)] 704910K->519602K(885760K), 0.0560570 secs] [Times: user=0.45 sys=0.00, real=0.06 secs] 
306.786: Total time for which application threads were stopped: 0.0562370 seconds, Stopping threads took: 0.0000940 seconds
306.894: Application time: 0.1080130 seconds
306.895: [GC [PSYoungGen: 269792K->38384K(269824K)] 751026K->554132K(885760K), 0.0530730 secs] [Times: user=0.42 sys=0.00, real=0.05 secs] 
306.948: Total time for which application threads were stopped: 0.0532350 seconds, Stopping threads took: 0.0000800 seconds
307.033: Application time: 0.0851960 seconds
307.033: [GC [PSYoungGen: 269808K->38384K(269824K)] 785556K->609523K(885760K), 0.0576500 secs] [Times: user=0.45 sys=0.00, real=0.05 secs] 
307.091: [Full GC [PSYoungGen: 38384K->0K(269824K)] [ParOldGen: 571139K->134208K(615936K)] 609523K->134208K(885760K) [PSPermGen: 9162K->9162K(21504K)], 0.1570570 secs] [Times: user=1.16 sys=0.00, real=0.16 secs] 
307.248: Total time for which application threads were stopped: 0.2149270 seconds, Stopping threads took: 0.0000620 seconds
307.350: Application time: 0.1017940 seconds
307.350: [GC [PSYoungGen: 231424K->38384K(269824K)] 365632K->180928K(885760K), 0.0294280 secs] [Times: user=0.23 sys=0.00, real=0.03 secs] 
307.379: Total time for which application threads were stopped: 0.0296220 seconds, Stopping threads took: 0.0001080 seconds
307.476: Application time: 0.0963980 seconds
307.476: [GC [PSYoungGen: 269808K->38368K(269824K)] 412352K->224031K(885760K), 0.0447290 secs] [Times: user=0.35 sys=0.00, real=0.04 secs] 
307.521: Total time for which application threads were stopped: 0.0449070 seconds, Stopping threads took: 0.0000920 seconds
307.632: Application time: 0.1114340 seconds
307.632: [GC [PSYoungGen: 269792K->38368K(269824K)] 455455K->253602K(885760K), 0.0467560 secs] [Times: user=0.37 sys=0.00, real=0.05 secs] 
307.679: Total time for which application threads were stopped: 0.0469420 seconds, Stopping threads took: 0.0000870 seconds
307.764: Application time: 0.0850900 seconds
307.764: [GC [PSYoungGen: 269792K->38368K(269824K)] 485026K->306713K(885760K), 0.0518530 secs] [Times: user=0.41 sys=0.00, real=0.05 secs] 
307.816: Total time for which application threads were stopped: 0.0520340 seconds, Stopping threads took: 0.0000960 seconds
307.922: Application time: 0.1054990 seconds
307.922: [GC [PSYoungGen: 269792K->38368K(269824K)] 538137K->352880K(885760K), 0.0544880 secs] [Times: user=0.43 sys=0.00, real=0.05 secs] 
307.976: Total time for which application threads were stopped: 0.0546520 seconds, Stopping threads took: 0.0000790 seconds
308.073: Application time: 0.0970150 seconds
308.073: [GC [PSYoungGen: 269792K->38368K(269824K)] 584304K->397785K(885760K), 0.0537430 secs] [Times: user=0.41 sys=0.00, real=0.05 secs] 
308.127: Total time for which application threads were stopped: 0.0539080 seconds, Stopping threads took: 0.0000780 seconds
308.238: Application time: 0.1106040 seconds
308.238: [GC [PSYoungGen: 269792K->38368K(269824K)] 629209K->434435K(885760K), 0.0529780 secs] [Times: user=0.42 sys=0.00, real=0.05 secs] 
308.291: Total time for which application threads were stopped: 0.0531480 seconds, Stopping threads took: 0.0000760 seconds
308.378: Application time: 0.0873320 seconds
308.378: [GC [PSYoungGen: 269792K->38368K(269824K)] 665859K->489426K(885760K), 0.0546210 secs] [Times: user=0.43 sys=0.00, real=0.06 secs] 
308.433: Total time for which application threads were stopped: 0.0547900 seconds, Stopping threads took: 0.0000820 seconds
308.538: Application time: 0.1051360 seconds
308.538: [GC [PSYoungGen: 269792K->38368K(269824K)] 720850K->533869K(885760K), 0.0574990 secs] [Times: user=0.45 sys=0.00, real=0.06 secs] 
308.596: Total time for which application threads were stopped: 0.0576890 seconds, Stopping threads took: 0.0001000 seconds
308.694: Application time: 0.0977150 seconds
308.694: [GC [PSYoungGen: 269792K->38384K(269824K)] 765293K->577998K(885760K), 0.0538660 secs] [Times: user=0.43 sys=0.00, real=0.05 secs] 
308.748: Total time for which application threads were stopped: 0.0540320 seconds, Stopping threads took: 0.0000780 seconds
308.859: Application time: 0.1110240 seconds
308.859: [GC [PSYoungGen: 269808K->38384K(269824K)] 809422K->614472K(885760K), 0.0544410 secs] [Times: user=0.43 sys=0.01, real=0.06 secs] 
308.913: [Full GC [PSYoungGen: 38384K->0K(269824K)] [ParOldGen: 576088K->125029K(615936K)] 614472K->125029K(885760K) [PSPermGen: 9162K->9162K(21504K)], 0.1512970 secs] [Times: user=1.10 sys=0.00, real=0.15 secs] 
309.065: Total time for which application threads were stopped: 0.2059900 seconds, Stopping threads took: 0.0000890 seconds
309.144: Application time: 0.0789700 seconds
309.144: [GC [PSYoungGen: 231424K->38368K(269824K)] 356453K->179976K(885760K), 0.0265730 secs] [Times: user=0.21 sys=0.00, real=0.02 secs] 
309.170: Total time for which application threads were stopped: 0.0267640 seconds, Stopping threads took: 0.0001030 seconds
309.277: Application time: 0.1063540 seconds
309.277: [GC [PSYoungGen: 269792K->38384K(269824K)] 411400K->212238K(885760K), 0.0386490 secs] [Times: user=0.31 sys=0.00, real=0.04 secs] 
309.316: Total time for which application threads were stopped: 0.0388320 seconds, Stopping threads took: 0.0001000 seconds
309.413: Application time: 0.0974140 seconds
309.413: [GC [PSYoungGen: 269808K->38384K(269824K)] 443662K->251148K(885760K), 0.0462090 secs] [Times: user=0.36 sys=0.00, real=0.04 secs] 
309.459: Total time for which application threads were stopped: 0.0463850 seconds, Stopping threads took: 0.0000760 seconds
309.567: Application time: 0.1072820 seconds
309.567: [GC [PSYoungGen: 269808K->38384K(269824K)] 482572K->282459K(885760K), 0.0471850 secs] [Times: user=0.37 sys=0.00, real=0.05 secs] 
309.614: Total time for which application threads were stopped: 0.0473720 seconds, Stopping threads took: 0.0000970 seconds
309.696: Application time: 0.0818470 seconds
309.696: [GC [PSYoungGen: 269808K->38368K(269824K)] 513883K->335709K(885760K), 0.0555730 secs] [Times: user=0.44 sys=0.00, real=0.05 secs] 
309.752: Total time for which application threads were stopped: 0.0557490 seconds, Stopping threads took: 0.0000890 seconds
309.860: Application time: 0.1082510 seconds
309.860: [GC [PSYoungGen: 269792K->38384K(269824K)] 567133K->377943K(885760K), 0.0574160 secs] [Times: user=0.46 sys=0.00, real=0.06 secs] 
309.918: Total time for which application threads were stopped: 0.0575910 seconds, Stopping threads took: 0.0000890 seconds
310.012: Application time: 0.0942740 seconds
310.012: [GC [PSYoungGen: 269808K->38368K(269824K)] 609367K->424299K(885760K), 0.0566380 secs] [Times: user=0.43 sys=0.00, real=0.06 secs] 
310.069: Total time for which application threads were stopped: 0.0568370 seconds, Stopping threads took: 0.0000980 seconds
310.175: Application time: 0.1066110 seconds
310.175: [GC [PSYoungGen: 269792K->38368K(269824K)] 655723K->460921K(885760K), 0.0563350 secs] [Times: user=0.43 sys=0.00, real=0.05 secs] 
310.232: Total time for which application threads were stopped: 0.0564870 seconds, Stopping threads took: 0.0000700 seconds
310.314: Application time: 0.0819620 seconds
310.314: [GC [PSYoungGen: 269792K->38384K(269824K)] 692345K->514817K(885760K), 0.0569980 secs] [Times: user=0.45 sys=0.00, real=0.05 secs] 
310.371: Total time for which application threads were stopped: 0.0571910 seconds, Stopping threads took: 0.0001080 seconds
310.476: Application time: 0.1046790 seconds
310.476: [GC [PSYoungGen: 269808K->38384K(269824K)] 746241K->557321K(885760K), 0.0586480 secs] [Times: user=0.46 sys=0.00, real=0.06 secs] 
310.534: Total time for which application threads were stopped: 0.0588140 seconds, Stopping threads took: 0.0000840 seconds
310.630: Application time: 0.0957730 seconds
310.630: [GC [PSYoungGen: 269808K->38368K(269824K)] 788745K->605404K(885760K), 0.0586100 secs] [Times: user=0.47 sys=0.00, real=0.06 secs] 
310.689: [Full GC [PSYoungGen: 38368K->0K(269824K)] [ParOldGen: 567036K->139402K(615936K)] 605404K->139402K(885760K) [PSPermGen: 9162K->9162K(21504K)], 0.1685240 secs] [Times: user=1.25 sys=0.00, real=0.17 secs] 
310.858: Total time for which application threads were stopped: 0.2273950 seconds, Stopping threads took: 0.0000990 seconds
310.965: Application time: 0.1077680 seconds
310.965: [GC [PSYoungGen: 231424K->37728K(269824K)] 370826K->177131K(885760K), 0.0246420 secs] [Times: user=0.20 sys=0.00, real=0.02 secs] 
310.990: Total time for which application threads were stopped: 0.0248140 seconds, Stopping threads took: 0.0000860 seconds
311.072: Application time: 0.0820090 seconds
311.072: [GC [PSYoungGen: 269152K->38390K(269824K)] 408555K->225166K(885760K), 0.0437970 secs] [Times: user=0.35 sys=0.00, real=0.05 secs] 
311.116: Total time for which application threads were stopped: 0.0439800 seconds, Stopping threads took: 0.0000960 seconds
311.224: Application time: 0.1081800 seconds
311.224: [GC [PSYoungGen: 269814K->38368K(269824K)] 456590K->260425K(885760K), 0.0503390 secs] [Times: user=0.39 sys=0.00, real=0.05 secs] 
311.275: Total time for which application threads were stopped: 0.0504970 seconds, Stopping threads took: 0.0000570 seconds
311.369: Application time: 0.0944880 seconds
311.369: [GC [PSYoungGen: 269792K->38368K(269824K)] 491849K->307694K(885760K), 0.0559540 secs] [Times: user=0.44 sys=0.00, real=0.06 secs] 
311.425: Total time for which application threads were stopped: 0.0561330 seconds, Stopping threads took: 0.0000930 seconds
311.532: Application time: 0.1064940 seconds
311.532: [GC [PSYoungGen: 269792K->38384K(269824K)] 539118K->343207K(885760K), 0.0563340 secs] [Times: user=0.44 sys=0.00, real=0.06 secs] 
311.588: Total time for which application threads were stopped: 0.0564970 seconds, Stopping threads took: 0.0000710 seconds
311.681: Application time: 0.0921690 seconds
311.681: [GC [PSYoungGen: 269808K->38368K(269824K)] 574631K->398077K(885760K), 0.0652390 secs] [Times: user=0.52 sys=0.00, real=0.07 secs] 
311.746: Total time for which application threads were stopped: 0.0654280 seconds, Stopping threads took: 0.0000950 seconds
311.850: Application time: 0.1038010 seconds
311.850: [GC [PSYoungGen: 269792K->38368K(269824K)] 629501K->438496K(885760K), 0.0621710 secs] [Times: user=0.50 sys=0.00, real=0.06 secs] 
311.912: Total time for which application threads were stopped: 0.0623720 seconds, Stopping threads took: 0.0001060 seconds
312.005: Application time: 0.0926190 seconds
312.005: [GC [PSYoungGen: 269792K->38368K(269824K)] 669920K->489780K(885760K), 0.0659350 secs] [Times: user=0.52 sys=0.00, real=0.06 secs] 
312.071: Total time for which application threads were stopped: 0.0660920 seconds, Stopping threads took: 0.0000700 seconds
312.179: Application time: 0.1080840 seconds
312.179: [GC [PSYoungGen: 269792K->38368K(269824K)] 721204K->523613K(885760K), 0.0615580 secs] [Times: user=0.49 sys=0.00, real=0.06 secs] 
312.241: Total time for which application threads were stopped: 0.0617310 seconds, Stopping threads took: 0.0000840 seconds
312.331: Application time: 0.0901620 seconds
312.333: [GC [PSYoungGen: 269792K->38384K(269824K)] 755037K->579222K(885760K), 0.0683700 secs] [Times: user=0.52 sys=0.00, real=0.07 secs] 
312.401: Total time for which application threads were stopped: 0.0704270 seconds, Stopping threads took: 0.0019750 seconds
312.506: Application time: 0.1045050 seconds
312.509: [GC [PSYoungGen: 269808K->38384K(269824K)] 810646K->619858K(885760K), 0.0630570 secs] [Times: user=0.50 sys=0.00, real=0.06 secs] 
312.572: [Full GC [PSYoungGen: 38384K->0K(269824K)] [ParOldGen: 581473K->124259K(615936K)] 619858K->124259K(885760K) [PSPermGen: 9162K->9162K(21504K)], 0.1446350 secs] [Times: user=1.06 sys=0.00, real=0.15 secs] 
312.717: Total time for which application threads were stopped: 0.2108980 seconds, Stopping threads took: 0.0030410 seconds
312.809: Application time: 0.0921050 seconds
312.809: [GC [PSYoungGen: 231424K->38384K(269824K)] 355683K->175129K(885760K), 0.0280660 secs] [Times: user=0.22 sys=0.00, real=0.03 secs] 
312.837: Total time for which application threads were stopped: 0.0282440 seconds, Stopping threads took: 0.0000910 seconds
312.947: Application time: 0.1101830 seconds
312.947: [GC [PSYoungGen: 269808K->38368K(269824K)] 406553K->199744K(885760K), 0.0361450 secs] [Times: user=0.29 sys=0.00, real=0.04 secs] 
312.984: Total time for which application threads were stopped: 0.0363160 seconds, Stopping threads took: 0.0000810 seconds
313.068: Application time: 0.0844800 seconds
313.068: [GC [PSYoungGen: 269792K->38384K(269824K)] 431168K->253395K(885760K), 0.0523880 secs] [Times: user=0.41 sys=0.00, real=0.05 secs] 
313.121: Total time for which application threads were stopped: 0.0525860 seconds, Stopping threads took: 0.0000930 seconds
313.228: Application time: 0.1069720 seconds
313.228: [GC [PSYoungGen: 269808K->38384K(269824K)] 484819K->288989K(885760K), 0.0512510 secs] [Times: user=0.40 sys=0.00, real=0.05 secs] 
313.279: Total time for which application threads were stopped: 0.0514140 seconds, Stopping threads took: 0.0000810 seconds
313.374: Application time: 0.0953900 seconds
313.375: [GC [PSYoungGen: 269808K->38384K(269824K)] 520413K->337597K(885760K), 0.0562020 secs] [Times: user=0.44 sys=0.00, real=0.05 secs] 
313.431: Total time for which application threads were stopped: 0.0563910 seconds, Stopping threads took: 0.0000990 seconds
313.550: Application time: 0.1191270 seconds
313.550: [GC [PSYoungGen: 269808K->38368K(269824K)] 569021K->366145K(885760K), 0.0534590 secs] [Times: user=0.41 sys=0.00, real=0.06 secs] 
313.604: Total time for which application threads were stopped: 0.0536320 seconds, Stopping threads took: 0.0000850 seconds
313.687: Application time: 0.0836540 seconds
313.687: [GC [PSYoungGen: 269792K->38384K(269824K)] 597569K->425186K(885760K), 0.0601760 secs] [Times: user=0.47 sys=0.00, real=0.06 secs] 
313.748: Total time for which application threads were stopped: 0.0603950 seconds, Stopping threads took: 0.0001170 seconds
313.852: Application time: 0.1045100 seconds
313.852: [GC [PSYoungGen: 269808K->38384K(269824K)] 656610K->469651K(885760K), 0.0594490 secs] [Times: user=0.47 sys=0.00, real=0.06 secs] 
313.912: Total time for which application threads were stopped: 0.0596570 seconds, Stopping threads took: 0.0001250 seconds
314.010: Application time: 0.0980790 seconds
314.010: [GC [PSYoungGen: 269808K->38368K(269824K)] 701075K->517758K(885760K), 0.0593330 secs] [Times: user=0.47 sys=0.00, real=0.06 secs] 
314.069: Total time for which application threads were stopped: 0.0595060 seconds, Stopping threads took: 0.0000880 seconds
314.188: Application time: 0.1187500 seconds
314.188: [GC [PSYoungGen: 269792K->38368K(269824K)] 749182K->544974K(885760K), 0.0533820 secs] [Times: user=0.42 sys=0.00, real=0.06 secs] 
314.242: Total time for which application threads were stopped: 0.0535620 seconds, Stopping threads took: 0.0000870 seconds
314.322: Application time: 0.0798210 seconds
314.322: [GC [PSYoungGen: 269792K->38368K(269824K)] 776398K->604706K(885760K), 0.0594000 secs] [Times: user=0.48 sys=0.00, real=0.06 secs] 
314.381: [Full GC [PSYoungGen: 38368K->0K(269824K)] [ParOldGen: 566337K->130874K(615936K)] 604706K->130874K(885760K) [PSPermGen: 9162K->9162K(21504K)], 0.1461890 secs] [Times: user=1.07 sys=0.01, real=0.14 secs] 
314.527: Total time for which application threads were stopped: 0.2058240 seconds, Stopping threads took: 0.0000880 seconds
314.628: Application time: 0.1002810 seconds
314.628: [GC [PSYoungGen: 231424K->38384K(269824K)] 362298K->179540K(885760K), 0.0300460 secs] [Times: user=0.23 sys=0.00, real=0.03 secs] 
314.658: Total time for which application threads were stopped: 0.0302300 seconds, Stopping threads took: 0.0000960 seconds
314.755: Application time: 0.0971870 seconds
314.755: [GC [PSYoungGen: 269808K->38384K(269824K)] 410964K->220843K(885760K), 0.0444340 secs] [Times: user=0.35 sys=0.00, real=0.04 secs] 
314.800: Total time for which application threads were stopped: 0.0446100 seconds, Stopping threads took: 0.0000810 seconds
314.916: Application time: 0.1165450 seconds
314.916: [GC [PSYoungGen: 269808K->38384K(269824K)] 452267K->242986K(885760K), 0.0425390 secs] [Times: user=0.34 sys=0.00, real=0.04 secs] 
314.959: Total time for which application threads were stopped: 0.0426910 seconds, Stopping threads took: 0.0000710 seconds
315.038: Application time: 0.0791340 seconds
315.038: [GC [PSYoungGen: 269808K->38384K(269824K)] 474410K->300092K(885760K), 0.0539320 secs] [Times: user=0.42 sys=0.00, real=0.05 secs] 
315.092: Total time for which application threads were stopped: 0.0540830 seconds, Stopping threads took: 0.0000640 seconds
315.191: Application time: 0.0992590 seconds
315.192: [GC [PSYoungGen: 269808K->38384K(269824K)] 531516K->350244K(885760K), 0.0599000 secs] [Times: user=0.47 sys=0.00, real=0.06 secs] 
315.252: Total time for which application threads were stopped: 0.0600700 seconds, Stopping threads took: 0.0000850 seconds
315.351: Application time: 0.0998810 seconds
315.352: [GC [PSYoungGen: 269808K->38384K(269824K)] 581668K->394677K(885760K), 0.0546110 secs] [Times: user=0.43 sys=0.00, real=0.06 secs] 
315.406: Total time for which application threads were stopped: 0.0548210 seconds, Stopping threads took: 0.0001000 seconds
315.526: Application time: 0.1199480 seconds
315.526: [GC [PSYoungGen: 269808K->38384K(269824K)] 626101K->421097K(885760K), 0.0508650 secs] [Times: user=0.40 sys=0.00, real=0.05 secs] 
315.577: Total time for which application threads were stopped: 0.0510270 seconds, Stopping threads took: 0.0000800 seconds
315.657: Application time: 0.0800540 seconds
315.657: [GC [PSYoungGen: 269808K->38384K(269824K)] 652521K->479278K(885760K), 0.0562080 secs] [Times: user=0.44 sys=0.00, real=0.06 secs] 
315.714: Total time for which application threads were stopped: 0.0563660 seconds, Stopping threads took: 0.0000720 seconds
315.814: Application time: 0.1004650 seconds
315.814: [GC [PSYoungGen: 269808K->38368K(269824K)] 710702K->531792K(885760K), 0.0612150 secs] [Times: user=0.48 sys=0.00, real=0.06 secs] 
315.875: Total time for which application threads were stopped: 0.0613890 seconds, Stopping threads took: 0.0000790 seconds
315.976: Application time: 0.1000140 seconds
315.976: [GC [PSYoungGen: 269792K->38384K(269824K)] 763216K->574040K(885760K), 0.0534210 secs] [Times: user=0.43 sys=0.00, real=0.05 secs] 
316.029: Total time for which application threads were stopped: 0.0535950 seconds, Stopping threads took: 0.0000760 seconds
316.147: Application time: 0.1176250 seconds
316.147: [GC [PSYoungGen: 269808K->38368K(269824K)] 805464K->601968K(885760K), 0.0522050 secs] [Times: user=0.41 sys=0.00, real=0.05 secs] 
316.199: [Full GC [PSYoungGen: 38368K->0K(269824K)] [ParOldGen: 563600K->119369K(615936K)] 601968K->119369K(885760K) [PSPermGen: 9162K->9162K(21504K)], 0.1431380 secs] [Times: user=1.04 sys=0.00, real=0.15 secs] 
316.342: Total time for which application threads were stopped: 0.1955650 seconds, Stopping threads took: 0.0000770 seconds
316.425: Application time: 0.0826350 seconds
316.425: [GC [PSYoungGen: 231424K->38392K(269824K)] 350793K->174794K(885760K), 0.0279690 secs] [Times: user=0.22 sys=0.00, real=0.03 secs] 
316.453: Total time for which application threads were stopped: 0.0281890 seconds, Stopping threads took: 0.0001270 seconds
316.556: Application time: 0.1030720 seconds
316.556: [GC [PSYoungGen: 269816K->38368K(269824K)] 406218K->217268K(885760K), 0.0433000 secs] [Times: user=0.34 sys=0.00, real=0.04 secs] 
316.600: Total time for which application threads were stopped: 0.0434800 seconds, Stopping threads took: 0.0000820 seconds
316.697: Application time: 0.0971250 seconds
316.697: [GC [PSYoungGen: 269792K->38368K(269824K)] 448692K->255788K(885760K), 0.0459630 secs] [Times: user=0.37 sys=0.00, real=0.05 secs] 
316.743: Total time for which application threads were stopped: 0.0461520 seconds, Stopping threads took: 0.0001020 seconds
316.860: Application time: 0.1167650 seconds
316.860: [GC [PSYoungGen: 269792K->38384K(269824K)] 487212K->275550K(885760K), 0.0429330 secs] [Times: user=0.34 sys=0.00, real=0.05 secs] 
316.903: Total time for which application threads were stopped: 0.0430770 seconds, Stopping threads took: 0.0000640 seconds
316.988: Application time: 0.0853570 seconds
316.989: [GC [PSYoungGen: 269808K->38384K(269824K)] 506974K->331686K(885760K), 0.0567510 secs] [Times: user=0.43 sys=0.00, real=0.06 secs] 
317.046: Total time for which application threads were stopped: 0.0575620 seconds, Stopping threads took: 0.0007190 seconds
317.148: Application time: 0.1022910 seconds
317.148: [GC [PSYoungGen: 269808K->38368K(269824K)] 563110K->380364K(885760K), 0.0591240 secs] [Times: user=0.47 sys=0.00, real=0.06 secs] 
317.207: Total time for which application threads were stopped: 0.0593140 seconds, Stopping threads took: 0.0000850 seconds
317.301: Application time: 0.0936320 seconds
317.301: [GC [PSYoungGen: 269792K->38384K(269824K)] 611788K->432273K(885760K), 0.0574850 secs] [Times: user=0.45 sys=0.00, real=0.05 secs] 
317.359: Total time for which application threads were stopped: 0.0576590 seconds, Stopping threads took: 0.0000870 seconds
317.480: Application time: 0.1209240 seconds
317.480: [GC [PSYoungGen: 269808K->38368K(269824K)] 663697K->457273K(885760K), 0.0510680 secs] [Times: user=0.40 sys=0.00, real=0.05 secs] 
317.531: Total time for which application threads were stopped: 0.0512460 seconds, Stopping threads took: 0.0000940 seconds
317.616: Application time: 0.0848210 seconds
317.616: [GC [PSYoungGen: 269792K->38384K(269824K)] 688697K->513443K(885760K), 0.0568200 secs] [Times: user=0.45 sys=0.00, real=0.05 secs] 
317.673: Total time for which application threads were stopped: 0.0570150 seconds, Stopping threads took: 0.0001080 seconds
317.773: Application time: 0.1000910 seconds
317.773: [GC [PSYoungGen: 269808K->38384K(269824K)] 744867K->561709K(885760K), 0.0586980 secs] [Times: user=0.46 sys=0.00, real=0.05 secs] 
317.832: Total time for which application threads were stopped: 0.0588980 seconds, Stopping threads took: 0.0000990 seconds
317.925: Application time: 0.0930590 seconds
317.925: [GC [PSYoungGen: 269808K->38384K(269824K)] 793133K->612909K(885760K), 0.0573130 secs] [Times: user=0.45 sys=0.00, real=0.06 secs] 
317.982: [Full GC [PSYoungGen: 38384K->0K(269824K)] [ParOldGen: 574525K->145650K(615936K)] 612909K->145650K(885760K) [PSPermGen: 9162K->9162K(21504K)], 0.1765170 secs] [Times: user=1.31 sys=0.00, real=0.17 secs] 
318.159: Total time for which application threads were stopped: 0.2340590 seconds, Stopping threads took: 0.0000780 seconds
318.275: Application time: 0.1161100 seconds
318.275: [GC [PSYoungGen: 231424K->28479K(269824K)] 377074K->174130K(885760K), 0.0231650 secs] [Times: user=0.18 sys=0.00, real=0.02 secs] 
318.298: Total time for which application threads were stopped: 0.0233800 seconds, Stopping threads took: 0.0001180 seconds
318.387: Application time: 0.0884460 seconds
318.387: [GC [PSYoungGen: 259903K->38368K(269824K)] 405554K->226247K(885760K), 0.0439650 secs] [Times: user=0.35 sys=0.00, real=0.04 secs] 
318.431: Total time for which application threads were stopped: 0.0441160 seconds, Stopping threads took: 0.0000640 seconds
318.528: Application time: 0.0973260 seconds
318.528: [GC [PSYoungGen: 269792K->38384K(269824K)] 457671K->267336K(885760K), 0.0492170 secs] [Times: user=0.39 sys=0.00, real=0.05 secs] 
318.578: Total time for which application threads were stopped: 0.0493800 seconds, Stopping threads took: 0.0000800 seconds
318.670: Application time: 0.0921940 seconds
318.673: [GC [PSYoungGen: 269808K->38368K(269824K)] 498760K->318326K(885760K), 0.0591010 secs] [Times: user=0.47 sys=0.00, real=0.05 secs] 
318.732: Total time for which application threads were stopped: 0.0623650 seconds, Stopping threads took: 0.0031760 seconds
318.847: Application time: 0.1146600 seconds
318.847: [GC [PSYoungGen: 269709K->38368K(269824K)] 549668K->348150K(885760K), 0.0549700 secs] [Times: user=0.44 sys=0.00, real=0.06 secs] 
318.902: Total time for which application threads were stopped: 0.0551540 seconds, Stopping threads took: 0.0000920 seconds
318.997: Application time: 0.0946950 seconds
319.001: [GC [PSYoungGen: 269792K->38368K(269824K)] 579574K->399844K(885760K), 0.0629820 secs] [Times: user=0.50 sys=0.00, real=0.06 secs] 
319.064: Total time for which application threads were stopped: 0.0673220 seconds, Stopping threads took: 0.0042500 seconds
319.157: Application time: 0.0930800 seconds
319.161: [GC [PSYoungGen: 269792K->38384K(269824K)] 631268K->448709K(885760K), 0.0655740 secs] [Times: user=0.52 sys=0.00, real=0.06 secs] 
319.227: Total time for which application threads were stopped: 0.0695600 seconds, Stopping threads took: 0.0038990 seconds
319.319: Application time: 0.0927640 seconds
319.320: [GC [PSYoungGen: 269808K->38384K(269824K)] 680133K->501102K(885760K), 0.0666680 secs] [Times: user=0.53 sys=0.00, real=0.07 secs] 
319.386: Total time for which application threads were stopped: 0.0668620 seconds, Stopping threads took: 0.0001050 seconds
319.499: Application time: 0.1126030 seconds
319.499: [GC [PSYoungGen: 269808K->38384K(269824K)] 732526K->531187K(885760K), 0.0588390 secs] [Times: user=0.46 sys=0.00, real=0.06 secs] 
319.558: Total time for which application threads were stopped: 0.0590380 seconds, Stopping threads took: 0.0001070 seconds
319.651: Application time: 0.0928640 seconds
319.651: [GC [PSYoungGen: 269808K->38368K(269824K)] 762611K->582700K(885760K), 0.0663060 secs] [Times: user=0.52 sys=0.00, real=0.07 secs] 
319.717: Total time for which application threads were stopped: 0.0664910 seconds, Stopping threads took: 0.0001000 seconds
319.812: Application time: 0.0949120 seconds
319.812: [GC [PSYoungGen: 269792K->38384K(269824K)] 814124K->631296K(885760K), 0.0650240 secs] [Times: user=0.52 sys=0.00, real=0.07 secs] 
319.877: [Full GC [PSYoungGen: 38384K->0K(269824K)] [ParOldGen: 592912K->136713K(615936K)] 631296K->136713K(885760K) [PSPermGen: 9162K->9162K(21504K)], 0.1677070 secs] [Times: user=1.22 sys=0.00, real=0.17 secs] 
320.045: Total time for which application threads were stopped: 0.2329590 seconds, Stopping threads took: 0.0000850 seconds
320.141: Application time: 0.0954760 seconds
320.141: [GC [PSYoungGen: 231424K->38378K(269824K)] 368137K->186903K(885760K), 0.0278520 secs] [Times: user=0.22 sys=0.00, real=0.03 secs] 
320.169: Total time for which application threads were stopped: 0.0280510 seconds, Stopping threads took: 0.0000980 seconds
320.278: Application time: 0.1095680 seconds
320.278: [GC [PSYoungGen: 269802K->38368K(269824K)] 418327K->206650K(885760K), 0.0346660 secs] [Times: user=0.28 sys=0.00, real=0.04 secs] 
320.313: Total time for which application threads were stopped: 0.0348550 seconds, Stopping threads took: 0.0001020 seconds
320.402: Application time: 0.0889250 seconds
320.402: [GC [PSYoungGen: 269531K->38384K(269824K)] 437813K->256012K(885760K), 0.0498760 secs] [Times: user=0.39 sys=0.00, real=0.04 secs] 
320.452: Total time for which application threads were stopped: 0.0500730 seconds, Stopping threads took: 0.0000960 seconds
320.542: Application time: 0.0899270 seconds
320.542: [GC [PSYoungGen: 269808K->38368K(269824K)] 487436K->304018K(885760K), 0.0546890 secs] [Times: user=0.41 sys=0.00, real=0.05 secs] 
320.597: Total time for which application threads were stopped: 0.0548920 seconds, Stopping threads took: 0.0001030 seconds
320.696: Application time: 0.0995750 seconds
320.697: [GC [PSYoungGen: 269792K->38368K(269824K)] 535442K->352082K(885760K), 0.0583970 secs] [Times: user=0.46 sys=0.00, real=0.06 secs] 
320.755: Total time for which application threads were stopped: 0.0585850 seconds, Stopping threads took: 0.0000880 seconds
320.866: Application time: 0.1109210 seconds
320.866: [GC [PSYoungGen: 269792K->38368K(269824K)] 583506K->382557K(885760K), 0.0522420 secs] [Times: user=0.41 sys=0.00, real=0.05 secs] 
320.918: Total time for which application threads were stopped: 0.0524060 seconds, Stopping threads took: 0.0000760 seconds
321.008: Application time: 0.0893440 seconds
321.008: [GC [PSYoungGen: 269792K->38384K(269824K)] 613981K->434596K(885760K), 0.0585730 secs] [Times: user=0.47 sys=0.00, real=0.06 secs] 
321.067: Total time for which application threads were stopped: 0.0587630 seconds, Stopping threads took: 0.0001030 seconds
321.165: Application time: 0.0983090 seconds
321.165: [GC [PSYoungGen: 269808K->38368K(269824K)] 666020K->483205K(885760K), 0.0592340 secs] [Times: user=0.47 sys=0.00, real=0.06 secs] 
321.224: Total time for which application threads were stopped: 0.0594320 seconds, Stopping threads took: 0.0001110 seconds
321.322: Application time: 0.0979470 seconds
321.322: [GC [PSYoungGen: 269792K->38368K(269824K)] 714629K->532179K(885760K), 0.0593420 secs] [Times: user=0.47 sys=0.00, real=0.06 secs] 
321.382: Total time for which application threads were stopped: 0.0595310 seconds, Stopping threads took: 0.0000910 seconds
321.491: Application time: 0.1093280 seconds
321.491: [GC [PSYoungGen: 269792K->38368K(269824K)] 763603K->562916K(885760K), 0.0515840 secs] [Times: user=0.41 sys=0.00, real=0.06 secs] 
321.543: Total time for which application threads were stopped: 0.0517510 seconds, Stopping threads took: 0.0000770 seconds
321.627: Application time: 0.0846460 seconds
321.628: [GC [PSYoungGen: 269792K->38368K(269824K)] 794340K->615650K(885760K), 0.0580450 secs] [Times: user=0.46 sys=0.00, real=0.06 secs] 
321.686: [Full GC [PSYoungGen: 38368K->0K(269824K)] [ParOldGen: 577282K->131038K(615936K)] 615650K->131038K(885760K) [PSPermGen: 9162K->9162K(21504K)], 0.1493700 secs] [Times: user=1.10 sys=0.00, real=0.15 secs] 
321.835: Total time for which application threads were stopped: 0.2076770 seconds, Stopping threads took: 0.0001120 seconds
321.933: Application time: 0.0974660 seconds
321.937: [GC [PSYoungGen: 231398K->38371K(269824K)] 362436K->179895K(885760K), 0.0293870 secs] [Times: user=0.24 sys=0.00, real=0.03 secs] 
321.966: Total time for which application threads were stopped: 0.0337660 seconds, Stopping threads took: 0.0042820 seconds
322.066: Application time: 0.0996340 seconds
322.066: [GC [PSYoungGen: 269795K->38368K(269824K)] 411319K->223036K(885760K), 0.0461970 secs] [Times: user=0.37 sys=0.00, real=0.04 secs] 
322.112: Total time for which application threads were stopped: 0.0463860 seconds, Stopping threads took: 0.0000870 seconds
322.223: Application time: 0.1104990 seconds
322.223: [GC [PSYoungGen: 269792K->38368K(269824K)] 454460K->247532K(885760K), 0.0420780 secs] [Times: user=0.33 sys=0.00, real=0.04 secs] 
322.265: Total time for which application threads were stopped: 0.0422820 seconds, Stopping threads took: 0.0001170 seconds
322.355: Application time: 0.0901210 seconds
322.355: [GC [PSYoungGen: 269792K->38368K(269824K)] 478956K->301275K(885760K), 0.0535800 secs] [Times: user=0.43 sys=0.00, real=0.05 secs] 
322.409: Total time for which application threads were stopped: 0.0537850 seconds, Stopping threads took: 0.0001170 seconds
322.507: Application time: 0.0975760 seconds
322.507: [GC [PSYoungGen: 269792K->38384K(269824K)] 532699K->349822K(885760K), 0.0552260 secs] [Times: user=0.43 sys=0.00, real=0.06 secs] 
322.562: Total time for which application threads were stopped: 0.0554180 seconds, Stopping threads took: 0.0000950 seconds
322.663: Application time: 0.1011240 seconds
322.663: [GC [PSYoungGen: 269808K->38384K(269824K)] 581246K->392062K(885760K), 0.0532530 secs] [Times: user=0.42 sys=0.00, real=0.05 secs] 
322.717: Total time for which application threads were stopped: 0.0534480 seconds, Stopping threads took: 0.0001040 seconds
322.826: Application time: 0.1092930 seconds
322.826: [GC [PSYoungGen: 269808K->38368K(269824K)] 623486K->425423K(885760K), 0.0505440 secs] [Times: user=0.40 sys=0.00, real=0.05 secs] 
322.877: Total time for which application threads were stopped: 0.0507250 seconds, Stopping threads took: 0.0000940 seconds
322.963: Application time: 0.0861890 seconds
322.963: [GC [PSYoungGen: 269792K->38384K(269824K)] 656847K->482117K(885760K), 0.0578010 secs] [Times: user=0.43 sys=0.00, real=0.06 secs] 
323.021: Total time for which application threads were stopped: 0.0580070 seconds, Stopping threads took: 0.0000980 seconds
323.117: Application time: 0.0956210 seconds
323.125: [GC [PSYoungGen: 269808K->38368K(269824K)] 713541K->531896K(885760K), 0.0575740 secs] [Times: user=0.45 sys=0.00, real=0.06 secs] 
323.182: Total time for which application threads were stopped: 0.0656810 seconds, Stopping threads took: 0.0080090 seconds
323.287: Application time: 0.1050320 seconds
323.287: [GC [PSYoungGen: 269792K->38384K(269824K)] 763320K->572559K(885760K), 0.0533110 secs] [Times: user=0.42 sys=0.00, real=0.05 secs] 
323.341: Total time for which application threads were stopped: 0.0535000 seconds, Stopping threads took: 0.0001020 seconds
323.446: Application time: 0.1051070 seconds
323.446: [GC [PSYoungGen: 269808K->38384K(269824K)] 803983K->609163K(885760K), 0.0505840 secs] [Times: user=0.40 sys=0.00, real=0.05 secs] 
323.497: [Full GC [PSYoungGen: 38384K->0K(269824K)] [ParOldGen: 570779K->122378K(615936K)] 609163K->122378K(885760K) [PSPermGen: 9162K->9162K(21504K)], 0.1403940 secs] [Times: user=1.02 sys=0.00, real=0.14 secs] 
323.637: Total time for which application threads were stopped: 0.1912380 seconds, Stopping threads took: 0.0001130 seconds
323.724: Application time: 0.0868370 seconds
323.724: [GC [PSYoungGen: 231424K->38384K(269824K)] 353802K->176003K(885760K), 0.0287700 secs] [Times: user=0.23 sys=0.00, real=0.03 secs] 
323.753: Total time for which application threads were stopped: 0.0289780 seconds, Stopping threads took: 0.0001080 seconds
323.851: Application time: 0.0980720 seconds
323.853: [GC [PSYoungGen: 269808K->38368K(269824K)] 407427K->217946K(885760K), 0.0428130 secs] [Times: user=0.34 sys=0.00, real=0.04 secs] 
323.896: Total time for which application threads were stopped: 0.0448140 seconds, Stopping threads took: 0.0019120 seconds
324.001: Application time: 0.1052380 seconds
324.005: [GC [PSYoungGen: 269792K->38384K(269824K)] 449370K->253730K(885760K), 0.0466190 secs] [Times: user=0.36 sys=0.00, real=0.04 secs] 
324.052: Total time for which application threads were stopped: 0.0505930 seconds, Stopping threads took: 0.0038880 seconds
324.151: Application time: 0.0998480 seconds
324.152: [GC [PSYoungGen: 269808K->38384K(269824K)] 485154K->291262K(885760K), 0.0485460 secs] [Times: user=0.38 sys=0.00, real=0.05 secs] 
324.200: Total time for which application threads were stopped: 0.0487190 seconds, Stopping threads took: 0.0000870 seconds
324.297: Application time: 0.0963320 seconds
324.297: [GC [PSYoungGen: 269808K->38368K(269824K)] 522686K->343005K(885760K), 0.0564550 secs] [Times: user=0.45 sys=0.00, real=0.06 secs] 
324.353: Total time for which application threads were stopped: 0.0566190 seconds, Stopping threads took: 0.0000690 seconds
324.448: Application time: 0.0949730 seconds
324.448: [GC [PSYoungGen: 269792K->38368K(269824K)] 574429K->391735K(885760K), 0.0630440 secs] [Times: user=0.49 sys=0.00, real=0.06 secs] 
324.511: Total time for which application threads were stopped: 0.0632220 seconds, Stopping threads took: 0.0001010 seconds
324.618: Application time: 0.1064010 seconds
324.618: [GC [PSYoungGen: 269792K->38384K(269824K)] 623159K->429021K(885760K), 0.0522440 secs] [Times: user=0.41 sys=0.00, real=0.05 secs] 
324.670: Total time for which application threads were stopped: 0.0524040 seconds, Stopping threads took: 0.0000750 seconds
324.766: Application time: 0.0953780 seconds
324.766: [GC [PSYoungGen: 269808K->38368K(269824K)] 660445K->472632K(885760K), 0.0534440 secs] [Times: user=0.42 sys=0.00, real=0.05 secs] 
324.819: Total time for which application threads were stopped: 0.0536380 seconds, Stopping threads took: 0.0001090 seconds
324.912: Application time: 0.0930770 seconds
324.912: [GC [PSYoungGen: 269792K->38368K(269824K)] 704056K->524414K(885760K), 0.0572670 secs] [Times: user=0.45 sys=0.00, real=0.06 secs] 
324.970: Total time for which application threads were stopped: 0.0574460 seconds, Stopping threads took: 0.0000820 seconds
325.063: Application time: 0.0936080 seconds
325.063: [GC [PSYoungGen: 269792K->38368K(269824K)] 755838K->573974K(885760K), 0.0564470 secs] [Times: user=0.44 sys=0.00, real=0.05 secs] 
325.120: Total time for which application threads were stopped: 0.0566550 seconds, Stopping threads took: 0.0001190 seconds
325.227: Application time: 0.1070300 seconds
325.227: [GC [PSYoungGen: 269792K->38384K(269824K)] 805398K->610859K(885760K), 0.0535650 secs] [Times: user=0.42 sys=0.00, real=0.05 secs] 
325.281: [Full GC [PSYoungGen: 38384K->0K(269824K)] [ParOldGen: 572475K->131496K(615936K)] 610859K->131496K(885760K) [PSPermGen: 9162K->9162K(21504K)], 0.1600110 secs] [Times: user=1.17 sys=0.00, real=0.16 secs] 
325.441: Total time for which application threads were stopped: 0.2138400 seconds, Stopping threads took: 0.0001020 seconds
325.542: Application time: 0.1012450 seconds
325.542: [GC [PSYoungGen: 231424K->38391K(269824K)] 362920K->172175K(885760K), 0.0247610 secs] [Times: user=0.20 sys=0.00, real=0.02 secs] 
325.567: Total time for which application threads were stopped: 0.0249580 seconds, Stopping threads took: 0.0000940 seconds
325.659: Application time: 0.0916200 seconds
325.659: [GC [PSYoungGen: 269815K->38384K(269824K)] 403599K->220793K(885760K), 0.0454070 secs] [Times: user=0.36 sys=0.00, real=0.05 secs] 
325.704: Total time for which application threads were stopped: 0.0455910 seconds, Stopping threads took: 0.0000980 seconds
325.798: Application time: 0.0939790 seconds
325.798: [GC [PSYoungGen: 269808K->38368K(269824K)] 452217K->261704K(885760K), 0.0471260 secs] [Times: user=0.37 sys=0.00, real=0.05 secs] 
325.846: Total time for which application threads were stopped: 0.0473000 seconds, Stopping threads took: 0.0000850 seconds
325.954: Application time: 0.1080270 seconds
325.954: [GC [PSYoungGen: 269792K->38368K(269824K)] 493128K->295625K(885760K), 0.0482690 secs] [Times: user=0.37 sys=0.00, real=0.05 secs] 
326.002: Total time for which application threads were stopped: 0.0484390 seconds, Stopping threads took: 0.0000870 seconds
326.109: Application time: 0.1067340 seconds
326.113: [GC [PSYoungGen: 269755K->38368K(269824K)] 527012K->330471K(885760K), 0.0496040 secs] [Times: user=0.39 sys=0.00, real=0.05 secs] 
326.163: Total time for which application threads were stopped: 0.0538250 seconds, Stopping threads took: 0.0041120 seconds
326.250: Application time: 0.0868990 seconds
326.250: [GC [PSYoungGen: 269792K->38384K(269824K)] 561895K->390362K(885760K), 0.0620630 secs] [Times: user=0.46 sys=0.00, real=0.06 secs] 
326.312: Total time for which application threads were stopped: 0.0622350 seconds, Stopping threads took: 0.0000910 seconds
326.409: Application time: 0.0976490 seconds
326.410: [GC [PSYoungGen: 269808K->38368K(269824K)] 621786K->431335K(885760K), 0.0537730 secs] [Times: user=0.43 sys=0.00, real=0.06 secs] 
326.463: Total time for which application threads were stopped: 0.0539520 seconds, Stopping threads took: 0.0000910 seconds
326.564: Application time: 0.1008300 seconds
326.564: [GC [PSYoungGen: 269792K->38384K(269824K)] 662759K->477814K(885760K), 0.0575590 secs] [Times: user=0.46 sys=0.00, real=0.06 secs] 
326.622: Total time for which application threads were stopped: 0.0577300 seconds, Stopping threads took: 0.0000880 seconds
326.727: Application time: 0.1054780 seconds
326.728: [GC [PSYoungGen: 269808K->38368K(269824K)] 709238K->511889K(885760K), 0.0522370 secs] [Times: user=0.40 sys=0.00, real=0.05 secs] 
326.780: Total time for which application threads were stopped: 0.0524300 seconds, Stopping threads took: 0.0000900 seconds
326.864: Application time: 0.0842100 seconds
326.864: [GC [PSYoungGen: 269792K->38384K(269824K)] 743313K->572974K(885760K), 0.0614560 secs] [Times: user=0.49 sys=0.00, real=0.06 secs] 
326.926: Total time for which application threads were stopped: 0.0616200 seconds, Stopping threads took: 0.0000780 seconds
327.030: Application time: 0.1045560 seconds
327.033: [GC [PSYoungGen: 269808K->38368K(269824K)] 804398K->609870K(885760K), 0.0533240 secs] [Times: user=0.42 sys=0.00, real=0.05 secs] 
327.086: [Full GC [PSYoungGen: 38368K->0K(269824K)] [ParOldGen: 571502K->123990K(615936K)] 609870K->123990K(885760K) [PSPermGen: 9162K->9162K(21504K)], 0.1479060 secs] [Times: user=1.04 sys=0.00, real=0.15 secs] 
327.234: Total time for which application threads were stopped: 0.2040480 seconds, Stopping threads took: 0.0026710 seconds
327.334: Application time: 0.0997870 seconds
327.334: [GC [PSYoungGen: 231424K->38373K(269824K)] 355414K->174229K(885760K), 0.0304230 secs] [Times: user=0.23 sys=0.00, real=0.03 secs] 
327.365: Total time for which application threads were stopped: 0.0306990 seconds, Stopping threads took: 0.0001210 seconds
327.472: Application time: 0.1077290 seconds
327.473: [GC [PSYoungGen: 269796K->38368K(269824K)] 405652K->202876K(885760K), 0.0405330 secs] [Times: user=0.31 sys=0.00, real=0.05 secs] 
327.513: Total time for which application threads were stopped: 0.0407210 seconds, Stopping threads took: 0.0001010 seconds
327.601: Application time: 0.0882680 seconds
327.602: [GC [PSYoungGen: 269792K->38384K(269824K)] 434300K->257210K(885760K), 0.0529050 secs] [Times: user=0.41 sys=0.00, real=0.05 secs] 
327.655: Total time for which application threads were stopped: 0.0530830 seconds, Stopping threads took: 0.0000910 seconds
327.760: Application time: 0.1056220 seconds
327.760: [GC [PSYoungGen: 269808K->38368K(269824K)] 488634K->285754K(885760K), 0.0463340 secs] [Times: user=0.36 sys=0.00, real=0.05 secs] 
327.807: Total time for which application threads were stopped: 0.0465140 seconds, Stopping threads took: 0.0000900 seconds
327.898: Application time: 0.0915730 seconds
327.898: [GC [PSYoungGen: 269792K->38384K(269824K)] 517178K->339335K(885760K), 0.0578500 secs] [Times: user=0.45 sys=0.00, real=0.06 secs] 
327.956: Total time for which application threads were stopped: 0.0580220 seconds, Stopping threads took: 0.0000710 seconds
328.062: Application time: 0.1058570 seconds
328.062: [GC [PSYoungGen: 269808K->38384K(269824K)] 570759K->376568K(885760K), 0.0526030 secs] [Times: user=0.41 sys=0.00, real=0.05 secs] 
328.115: Total time for which application threads were stopped: 0.0527790 seconds, Stopping threads took: 0.0000890 seconds
328.207: Application time: 0.0917730 seconds
328.207: [GC [PSYoungGen: 269808K->38368K(269824K)] 607992K->428300K(885760K), 0.0589850 secs] [Times: user=0.46 sys=0.00, real=0.06 secs] 
328.266: Total time for which application threads were stopped: 0.0591780 seconds, Stopping threads took: 0.0001050 seconds
328.379: Application time: 0.1128640 seconds
328.379: [GC [PSYoungGen: 269792K->38368K(269824K)] 659724K->461467K(885760K), 0.0524890 secs] [Times: user=0.42 sys=0.00, real=0.05 secs] 
328.431: Total time for which application threads were stopped: 0.0526450 seconds, Stopping threads took: 0.0000700 seconds
328.514: Application time: 0.0828870 seconds
328.514: [GC [PSYoungGen: 269792K->38368K(269824K)] 692891K->518580K(885760K), 0.0582440 secs] [Times: user=0.46 sys=0.00, real=0.05 secs] 
328.573: Total time for which application threads were stopped: 0.0584080 seconds, Stopping threads took: 0.0000670 seconds
328.676: Application time: 0.1030930 seconds
328.676: [GC [PSYoungGen: 269792K->38384K(269824K)] 750004K->560183K(885760K), 0.0555100 secs] [Times: user=0.44 sys=0.00, real=0.05 secs] 
328.732: Total time for which application threads were stopped: 0.0557160 seconds, Stopping threads took: 0.0001200 seconds
328.825: Application time: 0.0929790 seconds
328.825: [GC [PSYoungGen: 269773K->38368K(269824K)] 791572K->610051K(885760K), 0.0579930 secs] [Times: user=0.46 sys=0.00, real=0.06 secs] 
328.883: [Full GC [PSYoungGen: 38368K->0K(269824K)] [ParOldGen: 571683K->140313K(615936K)] 610051K->140313K(885760K) [PSPermGen: 9162K->9162K(21504K)], 0.1717760 secs] [Times: user=1.26 sys=0.01, real=0.17 secs] 
329.055: Total time for which application threads were stopped: 0.2300040 seconds, Stopping threads took: 0.0000870 seconds
329.168: Application time: 0.1130420 seconds
329.168: [GC [PSYoungGen: 231276K->32644K(269824K)] 371590K->172958K(885760K), 0.0242320 secs] [Times: user=0.19 sys=0.00, real=0.02 secs] 
329.192: Total time for which application threads were stopped: 0.0244160 seconds, Stopping threads took: 0.0000890 seconds
329.275: Application time: 0.0831070 seconds
329.275: [GC [PSYoungGen: 264068K->38379K(269824K)] 404382K->229396K(885760K), 0.0463670 secs] [Times: user=0.37 sys=0.00, real=0.05 secs] 
329.322: Total time for which application threads were stopped: 0.0465380 seconds, Stopping threads took: 0.0000870 seconds
329.428: Application time: 0.1064060 seconds
329.428: [GC [PSYoungGen: 269803K->38395K(269824K)] 460820K->263175K(885760K), 0.0473900 secs] [Times: user=0.37 sys=0.00, real=0.05 secs] 
329.476: Total time for which application threads were stopped: 0.0475690 seconds, Stopping threads took: 0.0000940 seconds
329.566: Application time: 0.0901140 seconds
329.569: [GC [PSYoungGen: 269819K->38395K(269824K)] 494599K->311592K(885760K), 0.0553210 secs] [Times: user=0.43 sys=0.00, real=0.06 secs] 
329.624: Total time for which application threads were stopped: 0.0585790 seconds, Stopping threads took: 0.0031710 seconds
329.734: Application time: 0.1098220 seconds
329.737: [GC [PSYoungGen: 269819K->38379K(269824K)] 543016K->346252K(885760K), 0.0555340 secs] [Times: user=0.44 sys=0.00, real=0.05 secs] 
329.793: Total time for which application threads were stopped: 0.0584120 seconds, Stopping threads took: 0.0027790 seconds
329.876: Application time: 0.0832440 seconds
329.876: [GC [PSYoungGen: 269803K->38395K(269824K)] 577676K->404186K(885760K), 0.0624830 secs] [Times: user=0.49 sys=0.00, real=0.06 secs] 
329.938: Total time for which application threads were stopped: 0.0626620 seconds, Stopping threads took: 0.0000910 seconds
330.046: Application time: 0.1076940 seconds
330.046: [GC [PSYoungGen: 269621K->38395K(269824K)] 635412K->441441K(885760K), 0.0600600 secs] [Times: user=0.48 sys=0.00, real=0.06 secs] 
330.106: Total time for which application threads were stopped: 0.0602420 seconds, Stopping threads took: 0.0000940 seconds
330.204: Application time: 0.0974160 seconds
330.205: [GC [PSYoungGen: 269819K->38395K(269824K)] 672865K->490696K(885760K), 0.0633240 secs] [Times: user=0.50 sys=0.00, real=0.06 secs] 
330.268: Total time for which application threads were stopped: 0.0645020 seconds, Stopping threads took: 0.0010920 seconds
330.377: Application time: 0.1084480 seconds
330.377: [GC [PSYoungGen: 269819K->38379K(269824K)] 722120K->529225K(885760K), 0.0605610 secs] [Times: user=0.48 sys=0.00, real=0.06 secs] 
330.438: Total time for which application threads were stopped: 0.0607820 seconds, Stopping threads took: 0.0001230 seconds
330.525: Application time: 0.0875130 seconds
330.525: [GC [PSYoungGen: 269558K->38395K(269824K)] 760404K->584962K(885760K), 0.0657330 secs] [Times: user=0.51 sys=0.00, real=0.06 secs] 
330.591: Total time for which application threads were stopped: 0.0659290 seconds, Stopping threads took: 0.0000870 seconds
330.696: Application time: 0.1047810 seconds
330.696: [GC [PSYoungGen: 269819K->38379K(269824K)] 816386K->622691K(885760K), 0.0594760 secs] [Times: user=0.48 sys=0.00, real=0.06 secs] 
330.755: [Full GC [PSYoungGen: 38379K->0K(269824K)] [ParOldGen: 584311K->126894K(615936K)] 622691K->126894K(885760K) [PSPermGen: 9162K->9162K(21504K)], 0.1491100 secs] [Times: user=1.09 sys=0.00, real=0.15 secs] 
330.905: Total time for which application threads were stopped: 0.2088260 seconds, Stopping threads took: 0.0000930 seconds
330.998: Application time: 0.0936270 seconds
331.001: [GC [PSYoungGen: 231424K->38386K(269824K)] 358318K->175997K(885760K), 0.0273010 secs] [Times: user=0.21 sys=0.00, real=0.02 secs] 
331.028: Total time for which application threads were stopped: 0.0300390 seconds, Stopping threads took: 0.0026400 seconds
331.133: Application time: 0.1049400 seconds
331.136: [GC [PSYoungGen: 269810K->38391K(269824K)] 407421K->205048K(885760K), 0.0382550 secs] [Times: user=0.30 sys=0.00, real=0.04 secs] 
331.175: Total time for which application threads were stopped: 0.0415500 seconds, Stopping threads took: 0.0032100 seconds
331.260: Application time: 0.0854190 seconds
331.260: [GC [PSYoungGen: 269815K->38375K(269824K)] 436472K->258119K(885760K), 0.0518360 secs] [Times: user=0.41 sys=0.00, real=0.05 secs] 
331.312: Total time for which application threads were stopped: 0.0520240 seconds, Stopping threads took: 0.0000980 seconds
331.418: Application time: 0.1062530 seconds
331.419: [GC [PSYoungGen: 269799K->38391K(269824K)] 489543K->290268K(885760K), 0.0490180 secs] [Times: user=0.39 sys=0.00, real=0.05 secs] 
331.468: Total time for which application threads were stopped: 0.0492040 seconds, Stopping threads took: 0.0000970 seconds
331.571: Application time: 0.1032350 seconds
331.571: [GC [PSYoungGen: 269815K->38375K(269824K)] 521692K->334754K(885760K), 0.0565690 secs] [Times: user=0.45 sys=0.00, real=0.06 secs] 
331.628: Total time for which application threads were stopped: 0.0567810 seconds, Stopping threads took: 0.0001110 seconds
331.736: Application time: 0.1081130 seconds
331.736: [GC [PSYoungGen: 269722K->38375K(269824K)] 566101K->372361K(885760K), 0.0558830 secs] [Times: user=0.44 sys=0.00, real=0.05 secs] 
331.792: Total time for which application threads were stopped: 0.0560850 seconds, Stopping threads took: 0.0001150 seconds
331.876: Application time: 0.0837480 seconds
331.877: [GC [PSYoungGen: 269799K->38391K(269824K)] 603785K->427409K(885760K), 0.0580440 secs] [Times: user=0.46 sys=0.00, real=0.06 secs] 
331.935: Total time for which application threads were stopped: 0.0593940 seconds, Stopping threads took: 0.0012600 seconds
332.038: Application time: 0.1027200 seconds
332.038: [GC [PSYoungGen: 269815K->38391K(269824K)] 658833K->470973K(885760K), 0.0577650 secs] [Times: user=0.44 sys=0.00, real=0.06 secs] 
332.096: Total time for which application threads were stopped: 0.0579320 seconds, Stopping threads took: 0.0000790 seconds
332.196: Application time: 0.0998750 seconds
332.196: [GC [PSYoungGen: 269815K->38391K(269824K)] 702397K->514005K(885760K), 0.0562160 secs] [Times: user=0.44 sys=0.00, real=0.05 secs] 
332.252: Total time for which application threads were stopped: 0.0564270 seconds, Stopping threads took: 0.0001100 seconds
332.356: Application time: 0.1042810 seconds
332.356: [GC [PSYoungGen: 269815K->38375K(269824K)] 745429K->553124K(885760K), 0.0548150 secs] [Times: user=0.44 sys=0.00, real=0.05 secs] 
332.411: Total time for which application threads were stopped: 0.0550250 seconds, Stopping threads took: 0.0001130 seconds
332.495: Application time: 0.0834400 seconds
332.495: [GC [PSYoungGen: 269799K->38375K(269824K)] 784548K->607148K(885760K), 0.0577200 secs] [Times: user=0.46 sys=0.00, real=0.05 secs] 
332.553: [Full GC [PSYoungGen: 38375K->0K(269824K)] [ParOldGen: 568772K->136084K(615936K)] 607148K->136084K(885760K) [PSPermGen: 9162K->9162K(21504K)], 0.1580540 secs] [Times: user=1.16 sys=0.00, real=0.16 secs] 
332.711: Total time for which application threads were stopped: 0.2160050 seconds, Stopping threads took: 0.0000790 seconds
332.815: Application time: 0.1044260 seconds
332.815: [GC [PSYoungGen: 231424K->38398K(269824K)] 367508K->180530K(885760K), 0.0286430 secs] [Times: user=0.23 sys=0.00, real=0.03 secs] 
332.844: Total time for which application threads were stopped: 0.0288370 seconds, Stopping threads took: 0.0000970 seconds
332.945: Application time: 0.1006000 seconds
332.945: [GC [PSYoungGen: 269822K->38384K(269824K)] 411954K->217680K(885760K), 0.0428990 secs] [Times: user=0.34 sys=0.00, real=0.04 secs] 
332.988: Total time for which application threads were stopped: 0.0430680 seconds, Stopping threads took: 0.0000850 seconds
333.088: Application time: 0.1004580 seconds
333.088: [GC [PSYoungGen: 269808K->38384K(269824K)] 449104K->257217K(885760K), 0.0477060 secs] [Times: user=0.37 sys=0.00, real=0.05 secs] 
333.136: Total time for which application threads were stopped: 0.0478720 seconds, Stopping threads took: 0.0000810 seconds
333.224: Application time: 0.0879440 seconds
333.224: [GC [PSYoungGen: 269808K->38384K(269824K)] 488641K->307544K(885760K), 0.0529280 secs] [Times: user=0.41 sys=0.00, real=0.05 secs] 
333.277: Total time for which application threads were stopped: 0.0531060 seconds, Stopping threads took: 0.0000910 seconds
333.379: Application time: 0.1018200 seconds
333.379: [GC [PSYoungGen: 269687K->38384K(269824K)] 538847K->351318K(885760K), 0.0541510 secs] [Times: user=0.43 sys=0.00, real=0.06 secs] 
333.433: Total time for which application threads were stopped: 0.0543470 seconds, Stopping threads took: 0.0000970 seconds
333.534: Application time: 0.1004230 seconds
333.534: [GC [PSYoungGen: 269808K->38368K(269824K)] 582742K->393157K(885760K), 0.0598160 secs] [Times: user=0.46 sys=0.01, real=0.06 secs] 
333.594: Total time for which application threads were stopped: 0.0599570 seconds, Stopping threads took: 0.0000670 seconds
333.696: Application time: 0.1024250 seconds
333.696: [GC [PSYoungGen: 269792K->38384K(269824K)] 624581K->434968K(885760K), 0.0533510 secs] [Times: user=0.42 sys=0.00, real=0.05 secs] 
333.750: Total time for which application threads were stopped: 0.0535370 seconds, Stopping threads took: 0.0001000 seconds
333.838: Application time: 0.0881540 seconds
333.838: [GC [PSYoungGen: 269534K->38384K(269824K)] 666118K->487096K(885760K), 0.0556640 secs] [Times: user=0.44 sys=0.00, real=0.06 secs] 
333.894: Total time for which application threads were stopped: 0.0558230 seconds, Stopping threads took: 0.0000730 seconds
333.995: Application time: 0.1009970 seconds
333.995: [GC [PSYoungGen: 269808K->38384K(269824K)] 718520K->530813K(885760K), 0.0544080 secs] [Times: user=0.42 sys=0.00, real=0.05 secs] 
334.049: Total time for which application threads were stopped: 0.0545770 seconds, Stopping threads took: 0.0000730 seconds
334.149: Application time: 0.0997500 seconds
334.149: [GC [PSYoungGen: 269808K->38368K(269824K)] 762237K->573248K(885760K), 0.0531340 secs] [Times: user=0.42 sys=0.00, real=0.06 secs] 
334.202: Total time for which application threads were stopped: 0.0533260 seconds, Stopping threads took: 0.0001040 seconds
334.302: Application time: 0.1000520 seconds
334.302: [GC [PSYoungGen: 269792K->38384K(269824K)] 804672K->615119K(885760K), 0.0526770 secs] [Times: user=0.41 sys=0.00, real=0.05 secs] 
334.355: [Full GC [PSYoungGen: 38384K->0K(269824K)] [ParOldGen: 576734K->126298K(615936K)] 615119K->126298K(885760K) [PSPermGen: 9162K->9162K(21504K)], 0.1524880 secs] [Times: user=1.12 sys=0.00, real=0.15 secs] 
334.508: Total time for which application threads were stopped: 0.2054170 seconds, Stopping threads took: 0.0000860 seconds
334.597: Application time: 0.0895510 seconds
334.597: [GC [PSYoungGen: 231424K->38391K(269824K)] 357722K->177884K(885760K), 0.0277770 secs] [Times: user=0.22 sys=0.00, real=0.03 secs] 
334.625: Total time for which application threads were stopped: 0.0279550 seconds, Stopping threads took: 0.0000750 seconds
334.726: Application time: 0.1010240 seconds
334.726: [GC [PSYoungGen: 269815K->38368K(269824K)] 409308K->213623K(885760K), 0.0406290 secs] [Times: user=0.32 sys=0.00, real=0.04 secs] 
334.767: Total time for which application threads were stopped: 0.0408320 seconds, Stopping threads took: 0.0001140 seconds
334.867: Application time: 0.1002200 seconds
334.867: [GC [PSYoungGen: 269792K->38368K(269824K)] 445047K->249394K(885760K), 0.0438970 secs] [Times: user=0.35 sys=0.00, real=0.04 secs] 
334.911: Total time for which application threads were stopped: 0.0440760 seconds, Stopping threads took: 0.0000940 seconds
335.010: Application time: 0.0985600 seconds
335.013: [GC [PSYoungGen: 269792K->38384K(269824K)] 480818K->287698K(885760K), 0.0475460 secs] [Times: user=0.37 sys=0.00, real=0.04 secs] 
335.061: Total time for which application threads were stopped: 0.0505630 seconds, Stopping threads took: 0.0029280 seconds
335.157: Application time: 0.0961220 seconds
335.157: [GC [PSYoungGen: 269808K->38384K(269824K)] 519122K->334075K(885760K), 0.0522350 secs] [Times: user=0.41 sys=0.00, real=0.05 secs] 
335.209: Total time for which application threads were stopped: 0.0524610 seconds, Stopping threads took: 0.0001280 seconds
335.307: Application time: 0.0982940 seconds
335.308: [GC [PSYoungGen: 269808K->38384K(269824K)] 565499K->382866K(885760K), 0.0551500 secs] [Times: user=0.43 sys=0.00, real=0.06 secs] 
335.363: Total time for which application threads were stopped: 0.0553290 seconds, Stopping threads took: 0.0000950 seconds
335.475: Application time: 0.1125300 seconds
335.475: [GC [PSYoungGen: 269646K->38368K(269824K)] 614128K->422417K(885760K), 0.0537920 secs] [Times: user=0.39 sys=0.00, real=0.05 secs] 
335.529: Total time for which application threads were stopped: 0.0539760 seconds, Stopping threads took: 0.0001000 seconds
335.621: Application time: 0.0921490 seconds
335.622: [GC [PSYoungGen: 269792K->38384K(269824K)] 653841K->470599K(885760K), 0.0546110 secs] [Times: user=0.43 sys=0.00, real=0.05 secs] 
335.676: Total time for which application threads were stopped: 0.0547600 seconds, Stopping threads took: 0.0000630 seconds
335.771: Application time: 0.0948280 seconds
335.771: [GC [PSYoungGen: 269808K->38368K(269824K)] 702023K->519493K(885760K), 0.0567190 secs] [Times: user=0.45 sys=0.00, real=0.06 secs] 
335.828: Total time for which application threads were stopped: 0.0569030 seconds, Stopping threads took: 0.0000820 seconds
335.938: Application time: 0.1105600 seconds
335.939: [GC [PSYoungGen: 269792K->38368K(269824K)] 750917K->557755K(885760K), 0.0548480 secs] [Times: user=0.43 sys=0.00, real=0.06 secs] 
335.994: Total time for which application threads were stopped: 0.0550490 seconds, Stopping threads took: 0.0001150 seconds
336.092: Application time: 0.0987970 seconds
336.092: [GC [PSYoungGen: 269792K->38384K(269824K)] 789179K->601516K(885760K), 0.0543080 secs] [Times: user=0.43 sys=0.00, real=0.06 secs] 
336.147: [Full GC [PSYoungGen: 38384K->0K(269824K)] [ParOldGen: 563131K->127694K(615936K)] 601516K->127694K(885760K) [PSPermGen: 9162K->9162K(21504K)], 0.1531940 secs] [Times: user=1.12 sys=0.00, real=0.15 secs] 
336.300: Total time for which application threads were stopped: 0.2077610 seconds, Stopping threads took: 0.0001000 seconds
336.395: Application time: 0.0950460 seconds
336.395: [GC [PSYoungGen: 231424K->38390K(269824K)] 359118K->174354K(885760K), 0.0261940 secs] [Times: user=0.20 sys=0.00, real=0.03 secs] 
336.422: Total time for which application threads were stopped: 0.0264060 seconds, Stopping threads took: 0.0001150 seconds
336.516: Application time: 0.0948340 seconds
336.517: [GC [PSYoungGen: 269814K->38384K(269824K)] 405778K->220553K(885760K), 0.0449420 secs] [Times: user=0.35 sys=0.00, real=0.05 secs] 
336.561: Total time for which application threads were stopped: 0.0451170 seconds, Stopping threads took: 0.0000880 seconds
336.667: Application time: 0.1055310 seconds
336.667: [GC [PSYoungGen: 269808K->38384K(269824K)] 451977K->254606K(885760K), 0.0455790 secs] [Times: user=0.36 sys=0.00, real=0.04 secs] 
336.713: Total time for which application threads were stopped: 0.0457350 seconds, Stopping threads took: 0.0000680 seconds
336.811: Application time: 0.0984320 seconds
336.811: [GC [PSYoungGen: 269808K->38384K(269824K)] 486030K->290167K(885760K), 0.0460010 secs] [Times: user=0.36 sys=0.00, real=0.05 secs] 
336.857: Total time for which application threads were stopped: 0.0461600 seconds, Stopping threads took: 0.0000720 seconds
336.953: Application time: 0.0959740 seconds
336.953: [GC [PSYoungGen: 269808K->38384K(269824K)] 521591K->339107K(885760K), 0.0550800 secs] [Times: user=0.44 sys=0.00, real=0.05 secs] 
337.009: Total time for which application threads were stopped: 0.0552650 seconds, Stopping threads took: 0.0000850 seconds
337.105: Application time: 0.0967340 seconds
337.105: [GC [PSYoungGen: 269808K->38384K(269824K)] 570531K->385987K(885760K), 0.0562950 secs] [Times: user=0.43 sys=0.00, real=0.06 secs] 
337.162: Total time for which application threads were stopped: 0.0564880 seconds, Stopping threads took: 0.0001020 seconds
337.265: Application time: 0.1034190 seconds
337.265: [GC [PSYoungGen: 269808K->38384K(269824K)] 617411K->431288K(885760K), 0.0569110 secs] [Times: user=0.45 sys=0.00, real=0.06 secs] 
337.322: Total time for which application threads were stopped: 0.0570720 seconds, Stopping threads took: 0.0000750 seconds
337.425: Application time: 0.1031390 seconds
337.426: [GC [PSYoungGen: 269808K->38384K(269824K)] 662712K->469928K(885760K), 0.0524730 secs] [Times: user=0.42 sys=0.00, real=0.05 secs] 
337.478: Total time for which application threads were stopped: 0.0526530 seconds, Stopping threads took: 0.0000910 seconds
337.576: Application time: 0.0977410 seconds
337.576: [GC [PSYoungGen: 269808K->38384K(269824K)] 701352K->517620K(885760K), 0.0560510 secs] [Times: user=0.45 sys=0.00, real=0.05 secs] 
337.632: Total time for which application threads were stopped: 0.0562370 seconds, Stopping threads took: 0.0000860 seconds
337.728: Application time: 0.0961940 seconds
337.728: [GC [PSYoungGen: 269808K->38384K(269824K)] 749044K->564462K(885760K), 0.0568000 secs] [Times: user=0.45 sys=0.00, real=0.06 secs] 
337.785: Total time for which application threads were stopped: 0.0569650 seconds, Stopping threads took: 0.0000780 seconds
337.884: Application time: 0.0991220 seconds
337.885: [GC [PSYoungGen: 269808K->38368K(269824K)] 795886K->613403K(885760K), 0.0582940 secs] [Times: user=0.46 sys=0.00, real=0.06 secs] 
337.943: [Full GC [PSYoungGen: 38368K->0K(269824K)] [ParOldGen: 575035K->141762K(615936K)] 613403K->141762K(885760K) [PSPermGen: 9162K->9162K(21504K)], 0.1711830 secs] [Times: user=1.27 sys=0.00, real=0.17 secs] 
338.114: Total time for which application threads were stopped: 0.2297140 seconds, Stopping threads took: 0.0000810 seconds
338.221: Application time: 0.1065080 seconds
338.221: [GC [PSYoungGen: 231424K->35727K(269824K)] 373186K->177489K(885760K), 0.0242200 secs] [Times: user=0.18 sys=0.00, real=0.03 secs] 
338.245: Total time for which application threads were stopped: 0.0244290 seconds, Stopping threads took: 0.0001100 seconds
338.342: Application time: 0.0968330 seconds
338.342: [GC [PSYoungGen: 267138K->38372K(269824K)] 408900K->219771K(885760K), 0.0420080 secs] [Times: user=0.33 sys=0.00, real=0.04 secs] 
338.384: Total time for which application threads were stopped: 0.0421630 seconds, Stopping threads took: 0.0000760 seconds
338.482: Application time: 0.0982900 seconds
338.485: [GC [PSYoungGen: 269796K->38368K(269824K)] 451195K->260885K(885760K), 0.0496440 secs] [Times: user=0.39 sys=0.00, real=0.05 secs] 
338.535: Total time for which application threads were stopped: 0.0522940 seconds, Stopping threads took: 0.0025550 seconds
338.626: Application time: 0.0916180 seconds
338.626: [GC [PSYoungGen: 269792K->38368K(269824K)] 492309K->311006K(885760K), 0.0559990 secs] [Times: user=0.43 sys=0.00, real=0.06 secs] 
338.682: Total time for which application threads were stopped: 0.0561840 seconds, Stopping threads took: 0.0000980 seconds
338.789: Application time: 0.1070050 seconds
338.790: [GC [PSYoungGen: 269792K->38368K(269824K)] 542430K->347766K(885760K), 0.0564110 secs] [Times: user=0.44 sys=0.00, real=0.06 secs] 
338.846: Total time for which application threads were stopped: 0.0566140 seconds, Stopping threads took: 0.0001020 seconds
338.944: Application time: 0.0982840 seconds
338.952: [GC [PSYoungGen: 269792K->38368K(269824K)] 579190K->391526K(885760K), 0.0587550 secs] [Times: user=0.46 sys=0.00, real=0.06 secs] 
339.011: Total time for which application threads were stopped: 0.0668710 seconds, Stopping threads took: 0.0080260 seconds
339.109: Application time: 0.0974350 seconds
339.109: [GC [PSYoungGen: 269792K->38368K(269824K)] 622950K->442156K(885760K), 0.0637310 secs] [Times: user=0.51 sys=0.00, real=0.06 secs] 
339.173: Total time for which application threads were stopped: 0.0638930 seconds, Stopping threads took: 0.0000740 seconds
339.263: Application time: 0.0901160 seconds
339.263: [GC [PSYoungGen: 269792K->38368K(269824K)] 673580K->489643K(885760K), 0.0598060 secs] [Times: user=0.47 sys=0.00, real=0.06 secs] 
339.323: Total time for which application threads were stopped: 0.0599910 seconds, Stopping threads took: 0.0000990 seconds
339.430: Application time: 0.1071950 seconds
339.430: [GC [PSYoungGen: 269792K->38384K(269824K)] 721067K->531900K(885760K), 0.0632860 secs] [Times: user=0.50 sys=0.00, real=0.07 secs] 
339.493: Total time for which application threads were stopped: 0.0634830 seconds, Stopping threads took: 0.0000980 seconds
339.593: Application time: 0.0998980 seconds
339.593: [GC [PSYoungGen: 269808K->38384K(269824K)] 763324K->574089K(885760K), 0.0604000 secs] [Times: user=0.47 sys=0.00, real=0.06 secs] 
339.654: Total time for which application threads were stopped: 0.0605570 seconds, Stopping threads took: 0.0000720 seconds
339.752: Application time: 0.0978850 seconds
339.753: [GC [PSYoungGen: 269808K->38384K(269824K)] 805513K->624955K(885760K), 0.0657950 secs] [Times: user=0.52 sys=0.00, real=0.06 secs] 
339.819: [Full GC [PSYoungGen: 38384K->0K(269824K)] [ParOldGen: 586570K->141074K(615936K)] 624955K->141074K(885760K) [PSPermGen: 9162K->9162K(21504K)], 0.1739640 secs] [Times: user=1.29 sys=0.00, real=0.17 secs] 
339.993: Total time for which application threads were stopped: 0.2411230 seconds, Stopping threads took: 0.0012080 seconds
340.086: Application time: 0.0934400 seconds
340.086: [GC [PSYoungGen: 231424K->38379K(269824K)] 372498K->186826K(885760K), 0.0253900 secs] [Times: user=0.19 sys=0.00, real=0.02 secs] 
340.112: Total time for which application threads were stopped: 0.0255920 seconds, Stopping threads took: 0.0001020 seconds
340.217: Application time: 0.1050820 seconds
340.217: [GC [PSYoungGen: 269803K->38368K(269824K)] 418250K->221834K(885760K), 0.0433760 secs] [Times: user=0.33 sys=0.00, real=0.04 secs] 
340.261: Total time for which application threads were stopped: 0.0435500 seconds, Stopping threads took: 0.0000940 seconds
340.359: Application time: 0.0988030 seconds
340.359: [GC [PSYoungGen: 269792K->38384K(269824K)] 453258K->257189K(885760K), 0.0462140 secs] [Times: user=0.37 sys=0.00, real=0.05 secs] 
340.406: Total time for which application threads were stopped: 0.0463930 seconds, Stopping threads took: 0.0000900 seconds
340.501: Application time: 0.0957360 seconds
340.502: [GC [PSYoungGen: 269808K->38368K(269824K)] 488613K->304321K(885760K), 0.0524840 secs] [Times: user=0.42 sys=0.00, real=0.05 secs] 
340.554: Total time for which application threads were stopped: 0.0526460 seconds, Stopping threads took: 0.0000770 seconds
340.648: Application time: 0.0936040 seconds
340.648: [GC [PSYoungGen: 269792K->38384K(269824K)] 535745K->347130K(885760K), 0.0506440 secs] [Times: user=0.40 sys=0.00, real=0.05 secs] 
340.699: Total time for which application threads were stopped: 0.0508730 seconds, Stopping threads took: 0.0001090 seconds
340.803: Application time: 0.1041990 seconds
340.803: [GC [PSYoungGen: 269808K->38368K(269824K)] 578554K->393782K(885760K), 0.0564590 secs] [Times: user=0.45 sys=0.00, real=0.05 secs] 
340.859: Total time for which application threads were stopped: 0.0566650 seconds, Stopping threads took: 0.0001190 seconds
340.958: Application time: 0.0984650 seconds
340.958: [GC [PSYoungGen: 269792K->38368K(269824K)] 625206K->431082K(885760K), 0.0501440 secs] [Times: user=0.39 sys=0.00, real=0.05 secs] 
341.008: Total time for which application threads were stopped: 0.0503180 seconds, Stopping threads took: 0.0000880 seconds
341.104: Application time: 0.0959240 seconds
341.104: [GC [PSYoungGen: 269792K->38384K(269824K)] 662506K->482273K(885760K), 0.0587890 secs] [Times: user=0.45 sys=0.00, real=0.06 secs] 
341.163: Total time for which application threads were stopped: 0.0589680 seconds, Stopping threads took: 0.0000940 seconds
341.258: Application time: 0.0951910 seconds
341.258: [GC [PSYoungGen: 269808K->38384K(269824K)] 713697K->530538K(885760K), 0.0562150 secs] [Times: user=0.44 sys=0.00, real=0.06 secs] 
341.315: Total time for which application threads were stopped: 0.0563780 seconds, Stopping threads took: 0.0000660 seconds
341.419: Application time: 0.1038810 seconds
341.419: [GC [PSYoungGen: 269808K->38368K(269824K)] 761962K->575619K(885760K), 0.0566520 secs] [Times: user=0.45 sys=0.00, real=0.06 secs] 
341.475: Total time for which application threads were stopped: 0.0568150 seconds, Stopping threads took: 0.0000780 seconds
341.582: Application time: 0.1062110 seconds
341.582: [GC [PSYoungGen: 269792K->38368K(269824K)] 807043K->609567K(885760K), 0.0499250 secs] [Times: user=0.40 sys=0.00, real=0.04 secs] 
341.632: [Full GC [PSYoungGen: 38368K->0K(269824K)] [ParOldGen: 571198K->125288K(615936K)] 609567K->125288K(885760K) [PSPermGen: 9162K->9162K(21504K)], 0.1462670 secs] [Times: user=1.07 sys=0.00, real=0.15 secs] 
341.778: Total time for which application threads were stopped: 0.1964300 seconds, Stopping threads took: 0.0000900 seconds
341.872: Application time: 0.0944190 seconds
341.873: [GC [PSYoungGen: 231424K->38391K(269824K)] 356712K->173929K(885760K), 0.0283700 secs] [Times: user=0.22 sys=0.00, real=0.04 secs] 
341.901: Total time for which application threads were stopped: 0.0285340 seconds, Stopping threads took: 0.0000620 seconds
341.992: Application time: 0.0906040 seconds
341.992: [GC [PSYoungGen: 269815K->38375K(269824K)] 405353K->226614K(885760K), 0.0478060 secs] [Times: user=0.38 sys=0.00, real=0.05 secs] 
342.040: Total time for which application threads were stopped: 0.0479790 seconds, Stopping threads took: 0.0000860 seconds
342.147: Application time: 0.1070680 seconds
342.147: [GC [PSYoungGen: 269799K->38375K(269824K)] 458038K->264048K(885760K), 0.0513070 secs] [Times: user=0.40 sys=0.00, real=0.05 secs] 
342.198: Total time for which application threads were stopped: 0.0514860 seconds, Stopping threads took: 0.0000930 seconds
342.306: Application time: 0.1079930 seconds
342.306: [GC [PSYoungGen: 269799K->38375K(269824K)] 495472K->292495K(885760K), 0.0444760 secs] [Times: user=0.35 sys=0.00, real=0.04 secs] 
342.351: Total time for which application threads were stopped: 0.0446650 seconds, Stopping threads took: 0.0001030 seconds
342.443: Application time: 0.0917370 seconds
342.443: [GC [PSYoungGen: 269799K->38375K(269824K)] 523919K->345287K(885760K), 0.0571770 secs] [Times: user=0.46 sys=0.00, real=0.05 secs] 
342.500: Total time for which application threads were stopped: 0.0573670 seconds, Stopping threads took: 0.0000890 seconds
342.591: Application time: 0.0907370 seconds
342.591: [GC [PSYoungGen: 269799K->38391K(269824K)] 576711K->400835K(885760K), 0.0593780 secs] [Times: user=0.47 sys=0.00, real=0.06 secs] 
342.650: Total time for which application threads were stopped: 0.0595790 seconds, Stopping threads took: 0.0001040 seconds
342.756: Application time: 0.1057170 seconds
342.756: [GC [PSYoungGen: 269815K->38391K(269824K)] 632259K->443260K(885760K), 0.0561950 secs] [Times: user=0.44 sys=0.00, real=0.05 secs] 
342.812: Total time for which application threads were stopped: 0.0563550 seconds, Stopping threads took: 0.0000700 seconds
342.920: Application time: 0.1072440 seconds
342.920: [GC [PSYoungGen: 269815K->38375K(269824K)] 674684K->476347K(885760K), 0.0504910 secs] [Times: user=0.40 sys=0.00, real=0.05 secs] 
342.970: Total time for which application threads were stopped: 0.0506470 seconds, Stopping threads took: 0.0000700 seconds
343.065: Application time: 0.0947880 seconds
343.069: [GC [PSYoungGen: 269799K->38391K(269824K)] 707771K->523052K(885760K), 0.0576560 secs] [Times: user=0.45 sys=0.00, real=0.06 secs] 
343.127: Total time for which application threads were stopped: 0.0616520 seconds, Stopping threads took: 0.0038960 seconds
343.217: Application time: 0.0904020 seconds
343.220: [GC [PSYoungGen: 269815K->38375K(269824K)] 754476K->581305K(885760K), 0.0618790 secs] [Times: user=0.48 sys=0.00, real=0.07 secs] 
343.282: Total time for which application threads were stopped: 0.0646360 seconds, Stopping threads took: 0.0026720 seconds
343.383: Application time: 0.1008560 seconds
343.383: [GC [PSYoungGen: 269799K->38368K(269824K)] 812729K->623461K(885760K), 0.0550190 secs] [Times: user=0.44 sys=0.00, real=0.05 secs] 
343.438: [Full GC [PSYoungGen: 38368K->0K(269824K)] [ParOldGen: 585093K->144991K(615936K)] 623461K->144991K(885760K) [PSPermGen: 9162K->9162K(21504K)], 0.1793400 secs] [Times: user=1.33 sys=0.00, real=0.18 secs] 
343.617: Total time for which application threads were stopped: 0.2345930 seconds, Stopping threads took: 0.0000860 seconds
343.723: Application time: 0.1060000 seconds
343.723: [GC [PSYoungGen: 231424K->34674K(269824K)] 376415K->179665K(885760K), 0.0227200 secs] [Times: user=0.18 sys=0.00, real=0.02 secs] 
343.746: Total time for which application threads were stopped: 0.0229280 seconds, Stopping threads took: 0.0001080 seconds
343.844: Application time: 0.0983010 seconds
343.844: [GC [PSYoungGen: 266098K->38373K(269824K)] 411089K->219249K(885760K), 0.0417100 secs] [Times: user=0.32 sys=0.00, real=0.04 secs] 
343.886: Total time for which application threads were stopped: 0.0418770 seconds, Stopping threads took: 0.0000810 seconds
343.972: Application time: 0.0859830 seconds
343.972: [GC [PSYoungGen: 269797K->38368K(269824K)] 450673K->276168K(885760K), 0.0547970 secs] [Times: user=0.43 sys=0.00, real=0.06 secs] 
344.027: Total time for which application threads were stopped: 0.0549690 seconds, Stopping threads took: 0.0000870 seconds
344.128: Application time: 0.1006410 seconds
344.129: [GC [PSYoungGen: 269792K->38384K(269824K)] 507592K->315970K(885760K), 0.0558090 secs] [Times: user=0.43 sys=0.00, real=0.06 secs] 
344.185: Total time for which application threads were stopped: 0.0569240 seconds, Stopping threads took: 0.0010300 seconds
344.293: Application time: 0.1084580 seconds
344.293: [GC [PSYoungGen: 269808K->38384K(269824K)] 547394K->348718K(885760K), 0.0525020 secs] [Times: user=0.42 sys=0.00, real=0.05 secs] 
344.346: Total time for which application threads were stopped: 0.0527160 seconds, Stopping threads took: 0.0001150 seconds
344.441: Application time: 0.0951320 seconds
344.441: [GC [PSYoungGen: 269808K->38384K(269824K)] 580142K->393788K(885760K), 0.0600030 secs] [Times: user=0.47 sys=0.01, real=0.06 secs] 
344.501: Total time for which application threads were stopped: 0.0601750 seconds, Stopping threads took: 0.0000850 seconds
344.589: Application time: 0.0873430 seconds
344.589: [GC [PSYoungGen: 269808K->38368K(269824K)] 625212K->454536K(885760K), 0.0683160 secs] [Times: user=0.54 sys=0.00, real=0.07 secs] 
344.657: Total time for which application threads were stopped: 0.0684860 seconds, Stopping threads took: 0.0000860 seconds
344.760: Application time: 0.1026350 seconds
344.760: [GC [PSYoungGen: 269792K->38384K(269824K)] 685960K->494777K(885760K), 0.0611470 secs] [Times: user=0.48 sys=0.00, real=0.07 secs] 
344.821: Total time for which application threads were stopped: 0.0613220 seconds, Stopping threads took: 0.0000830 seconds
344.929: Application time: 0.1079680 seconds
344.929: [GC [PSYoungGen: 269808K->38368K(269824K)] 726201K->531900K(885760K), 0.0590530 secs] [Times: user=0.46 sys=0.00, real=0.06 secs] 
344.988: Total time for which application threads were stopped: 0.0592420 seconds, Stopping threads took: 0.0000920 seconds
345.088: Application time: 0.1000780 seconds
345.089: [GC [PSYoungGen: 269792K->38368K(269824K)] 763324K->575999K(885760K), 0.0623150 secs] [Times: user=0.50 sys=0.00, real=0.06 secs] 
345.151: Total time for which application threads were stopped: 0.0624990 seconds, Stopping threads took: 0.0000960 seconds
345.242: Application time: 0.0910250 seconds
345.242: [GC [PSYoungGen: 269792K->38384K(269824K)] 807423K->633273K(885760K), 0.0672880 secs] [Times: user=0.50 sys=0.03, real=0.06 secs] 
345.309: [Full GC [PSYoungGen: 38384K->0K(269824K)] [ParOldGen: 594889K->138721K(615936K)] 633273K->138721K(885760K) [PSPermGen: 9162K->9162K(21504K)], 0.1661580 secs] [Times: user=1.23 sys=0.00, real=0.17 secs] 
345.476: Total time for which application threads were stopped: 0.2336960 seconds, Stopping threads took: 0.0001000 seconds
345.574: Application time: 0.0988200 seconds
345.575: [GC [PSYoungGen: 231424K->38368K(269824K)] 370145K->181394K(885760K), 0.0264730 secs] [Times: user=0.21 sys=0.00, real=0.03 secs] 
345.601: Total time for which application threads were stopped: 0.0266680 seconds, Stopping threads took: 0.0000980 seconds
345.708: Application time: 0.1073000 seconds
345.709: [GC [PSYoungGen: 269762K->38368K(269824K)] 412788K->212572K(885760K), 0.0392060 secs] [Times: user=0.31 sys=0.00, real=0.04 secs] 
345.748: Total time for which application threads were stopped: 0.0393780 seconds, Stopping threads took: 0.0000840 seconds
345.848: Application time: 0.1002000 seconds
345.849: [GC [PSYoungGen: 269792K->38368K(269824K)] 443996K->253227K(885760K), 0.0489900 secs] [Times: user=0.38 sys=0.00, real=0.05 secs] 
345.898: Total time for which application threads were stopped: 0.0500070 seconds, Stopping threads took: 0.0009280 seconds
345.986: Application time: 0.0881730 seconds
345.986: [GC [PSYoungGen: 269792K->38368K(269824K)] 484651K->306824K(885760K), 0.0557980 secs] [Times: user=0.44 sys=0.00, real=0.06 secs] 
346.042: Total time for which application threads were stopped: 0.0559860 seconds, Stopping threads took: 0.0000990 seconds
346.141: Application time: 0.0989530 seconds
346.141: [GC [PSYoungGen: 269792K->38384K(269824K)] 538248K->345628K(885760K), 0.0521820 secs] [Times: user=0.41 sys=0.00, real=0.05 secs] 
346.193: Total time for which application threads were stopped: 0.0523540 seconds, Stopping threads took: 0.0000700 seconds
346.303: Application time: 0.1096230 seconds
346.303: [GC [PSYoungGen: 269808K->38384K(269824K)] 577052K->382930K(885760K), 0.0542620 secs] [Times: user=0.43 sys=0.00, real=0.05 secs] 
346.358: Total time for which application threads were stopped: 0.0544340 seconds, Stopping threads took: 0.0000860 seconds
346.456: Application time: 0.0983870 seconds
346.456: [GC [PSYoungGen: 269808K->38368K(269824K)] 614354K->433637K(885760K), 0.0593670 secs] [Times: user=0.47 sys=0.00, real=0.06 secs] 
346.515: Total time for which application threads were stopped: 0.0595500 seconds, Stopping threads took: 0.0000950 seconds
346.607: Application time: 0.0913270 seconds
346.607: [GC [PSYoungGen: 269792K->38384K(269824K)] 665061K->485768K(885760K), 0.0570180 secs] [Times: user=0.45 sys=0.00, real=0.06 secs] 
346.664: Total time for which application threads were stopped: 0.0572280 seconds, Stopping threads took: 0.0001230 seconds
346.766: Application time: 0.1016100 seconds
346.766: [GC [PSYoungGen: 269808K->38368K(269824K)] 717192K->528425K(885760K), 0.0561380 secs] [Times: user=0.45 sys=0.00, real=0.06 secs] 
346.822: Total time for which application threads were stopped: 0.0563360 seconds, Stopping threads took: 0.0000880 seconds
346.930: Application time: 0.1083560 seconds
346.933: [GC [PSYoungGen: 269792K->38384K(269824K)] 759849K->564618K(885760K), 0.0532680 secs] [Times: user=0.42 sys=0.00, real=0.05 secs] 
346.986: Total time for which application threads were stopped: 0.0559410 seconds, Stopping threads took: 0.0025850 seconds
347.081: Application time: 0.0950710 seconds
347.081: [GC [PSYoungGen: 269808K->38368K(269824K)] 796042K->616607K(885760K), 0.0598580 secs] [Times: user=0.48 sys=0.00, real=0.06 secs] 
347.141: [Full GC [PSYoungGen: 38368K->0K(269824K)] [ParOldGen: 578239K->129965K(615936K)] 616607K->129965K(885760K) [PSPermGen: 9162K->9162K(21504K)], 0.1584390 secs] [Times: user=1.15 sys=0.00, real=0.15 secs] 
347.300: Total time for which application threads were stopped: 0.2185470 seconds, Stopping threads took: 0.0000950 seconds
347.390: Application time: 0.0898620 seconds
347.390: [GC [PSYoungGen: 231424K->38370K(269824K)] 361389K->181564K(885760K), 0.0275760 secs] [Times: user=0.22 sys=0.00, real=0.03 secs] 
347.418: Total time for which application threads were stopped: 0.0277420 seconds, Stopping threads took: 0.0000680 seconds
347.520: Application time: 0.1023400 seconds
347.520: [GC [PSYoungGen: 269794K->38370K(269824K)] 412988K->217261K(885760K), 0.0406120 secs] [Times: user=0.32 sys=0.00, real=0.04 secs] 
347.561: Total time for which application threads were stopped: 0.0408080 seconds, Stopping threads took: 0.0001060 seconds
347.667: Application time: 0.1065120 seconds
347.667: [GC [PSYoungGen: 269794K->38370K(269824K)] 448685K->248362K(885760K), 0.0443510 secs] [Times: user=0.35 sys=0.00, real=0.04 secs] 
347.712: Total time for which application threads were stopped: 0.0445430 seconds, Stopping threads took: 0.0001040 seconds
347.807: Application time: 0.0957650 seconds
347.808: [GC [PSYoungGen: 269794K->38370K(269824K)] 479786K->294424K(885760K), 0.0534830 secs] [Times: user=0.42 sys=0.00, real=0.06 secs] 
347.861: Total time for which application threads were stopped: 0.0536780 seconds, Stopping threads took: 0.0001060 seconds
347.952: Application time: 0.0912770 seconds
347.953: [GC [PSYoungGen: 269794K->38386K(269824K)] 525848K->345284K(885760K), 0.0558600 secs] [Times: user=0.44 sys=0.00, real=0.06 secs] 
348.008: Total time for which application threads were stopped: 0.0560500 seconds, Stopping threads took: 0.0000930 seconds
348.114: Application time: 0.1057370 seconds
348.114: [GC [PSYoungGen: 269810K->38370K(269824K)] 576708K->387461K(885760K), 0.0571000 secs] [Times: user=0.44 sys=0.00, real=0.05 secs] 
348.171: Total time for which application threads were stopped: 0.0572640 seconds, Stopping threads took: 0.0000790 seconds
348.276: Application time: 0.1041300 seconds
348.276: [GC [PSYoungGen: 269794K->38370K(269824K)] 618885K->424376K(885760K), 0.0529050 secs] [Times: user=0.41 sys=0.00, real=0.05 secs] 
348.329: Total time for which application threads were stopped: 0.0530690 seconds, Stopping threads took: 0.0000750 seconds
348.422: Application time: 0.0928680 seconds
348.422: [GC [PSYoungGen: 269794K->38386K(269824K)] 655800K->475283K(885760K), 0.0572260 secs] [Times: user=0.45 sys=0.00, real=0.05 secs] 
348.479: Total time for which application threads were stopped: 0.0573980 seconds, Stopping threads took: 0.0000830 seconds
348.577: Application time: 0.0976620 seconds
348.577: [GC [PSYoungGen: 269810K->38370K(269824K)] 706707K->527021K(885760K), 0.0608520 secs] [Times: user=0.49 sys=0.00, real=0.06 secs] 
348.638: Total time for which application threads were stopped: 0.0610590 seconds, Stopping threads took: 0.0001040 seconds
348.742: Application time: 0.1044030 seconds
348.742: [GC [PSYoungGen: 269794K->38370K(269824K)] 758445K->569845K(885760K), 0.0559250 secs] [Times: user=0.44 sys=0.00, real=0.05 secs] 
348.798: Total time for which application threads were stopped: 0.0561040 seconds, Stopping threads took: 0.0000930 seconds
348.903: Application time: 0.1046650 seconds
348.903: [GC [PSYoungGen: 269794K->38370K(269824K)] 801269K->606214K(885760K), 0.0524180 secs] [Times: user=0.42 sys=0.00, real=0.05 secs] 
348.955: [Full GC [PSYoungGen: 38370K->0K(269824K)] [ParOldGen: 567843K->131122K(615936K)] 606214K->131122K(885760K) [PSPermGen: 9162K->9162K(21504K)], 0.1573150 secs] [Times: user=1.15 sys=0.00, real=0.15 secs] 
349.113: Total time for which application threads were stopped: 0.2099760 seconds, Stopping threads took: 0.0000800 seconds
349.202: Application time: 0.0896450 seconds
349.203: [GC [PSYoungGen: 231424K->38370K(269824K)] 362546K->179643K(885760K), 0.0265950 secs] [Times: user=0.21 sys=0.00, real=0.02 secs] 
349.229: Total time for which application threads were stopped: 0.0268050 seconds, Stopping threads took: 0.0001010 seconds
349.326: Application time: 0.0971300 seconds
349.327: [GC [PSYoungGen: 269794K->38384K(269824K)] 411067K->223635K(885760K), 0.0442430 secs] [Times: user=0.35 sys=0.00, real=0.04 secs] 
349.371: Total time for which application threads were stopped: 0.0444370 seconds, Stopping threads took: 0.0001070 seconds
349.474: Application time: 0.1034700 seconds
349.474: [GC [PSYoungGen: 269808K->38384K(269824K)] 455059K->264883K(885760K), 0.0500380 secs] [Times: user=0.39 sys=0.00, real=0.05 secs] 
349.525: Total time for which application threads were stopped: 0.0502050 seconds, Stopping threads took: 0.0000750 seconds
349.630: Application time: 0.1053410 seconds
349.630: [GC [PSYoungGen: 269808K->38368K(269824K)] 496307K->299145K(885760K), 0.0482610 secs] [Times: user=0.39 sys=0.00, real=0.05 secs] 
349.678: Total time for which application threads were stopped: 0.0484160 seconds, Stopping threads took: 0.0000710 seconds
349.773: Application time: 0.0942780 seconds
349.773: [GC [PSYoungGen: 269792K->38384K(269824K)] 530569K->346646K(885760K), 0.0554700 secs] [Times: user=0.44 sys=0.00, real=0.06 secs] 
349.828: Total time for which application threads were stopped: 0.0556490 seconds, Stopping threads took: 0.0000800 seconds
349.929: Application time: 0.1005100 seconds
349.933: [GC [PSYoungGen: 269808K->38368K(269824K)] 578070K->391887K(885760K), 0.0581720 secs] [Times: user=0.46 sys=0.00, real=0.05 secs] 
349.991: Total time for which application threads were stopped: 0.0624160 seconds, Stopping threads took: 0.0041600 seconds
350.089: Application time: 0.0976060 seconds
350.089: [GC [PSYoungGen: 269792K->38384K(269824K)] 623311K->443279K(885760K), 0.0584280 secs] [Times: user=0.46 sys=0.00, real=0.06 secs] 
350.147: Total time for which application threads were stopped: 0.0586150 seconds, Stopping threads took: 0.0001020 seconds
350.257: Application time: 0.1099410 seconds
350.257: [GC [PSYoungGen: 269808K->38368K(269824K)] 674703K->477669K(885760K), 0.0528710 secs] [Times: user=0.42 sys=0.00, real=0.05 secs] 
350.310: Total time for which application threads were stopped: 0.0530310 seconds, Stopping threads took: 0.0000730 seconds
350.403: Application time: 0.0924530 seconds
350.403: [GC [PSYoungGen: 269792K->38368K(269824K)] 709093K->527565K(885760K), 0.0567620 secs] [Times: user=0.45 sys=0.00, real=0.05 secs] 
350.460: Total time for which application threads were stopped: 0.0569360 seconds, Stopping threads took: 0.0000780 seconds
350.560: Application time: 0.1002660 seconds
350.561: [GC [PSYoungGen: 269792K->38368K(269824K)] 758989K->572014K(885760K), 0.0579560 secs] [Times: user=0.46 sys=0.00, real=0.05 secs] 
350.619: Total time for which application threads were stopped: 0.0589030 seconds, Stopping threads took: 0.0008590 seconds
350.720: Application time: 0.1007320 seconds
350.720: [GC [PSYoungGen: 269792K->38368K(269824K)] 803438K->619701K(885760K), 0.0593380 secs] [Times: user=0.47 sys=0.00, real=0.06 secs] 
350.779: [Full GC [PSYoungGen: 38368K->0K(269824K)] [ParOldGen: 581332K->134962K(615936K)] 619701K->134962K(885760K) [PSPermGen: 9162K->9162K(21504K)], 0.1638100 secs] [Times: user=1.21 sys=0.00, real=0.17 secs] 
350.943: Total time for which application threads were stopped: 0.2233960 seconds, Stopping threads took: 0.0000880 seconds
351.046: Application time: 0.1025610 seconds
351.046: [GC [PSYoungGen: 231424K->38382K(269824K)] 366386K->176830K(885760K), 0.0250550 secs] [Times: user=0.20 sys=0.00, real=0.02 secs] 
351.071: Total time for which application threads were stopped: 0.0252420 seconds, Stopping threads took: 0.0000850 seconds
351.165: Application time: 0.0940940 seconds
351.165: [GC [PSYoungGen: 269806K->38378K(269824K)] 408254K->219188K(885760K), 0.0429230 secs] [Times: user=0.34 sys=0.00, real=0.04 secs] 
351.208: Total time for which application threads were stopped: 0.0431180 seconds, Stopping threads took: 0.0001090 seconds
351.309: Application time: 0.1005210 seconds
351.309: [GC [PSYoungGen: 269802K->38395K(269824K)] 450612K->258935K(885760K), 0.0461080 secs] [Times: user=0.36 sys=0.00, real=0.05 secs] 
351.355: Total time for which application threads were stopped: 0.0462790 seconds, Stopping threads took: 0.0000840 seconds
351.455: Application time: 0.0999910 seconds
351.455: [GC [PSYoungGen: 269819K->38395K(269824K)] 490359K->295683K(885760K), 0.0479450 secs] [Times: user=0.38 sys=0.00, real=0.05 secs] 
351.503: Total time for which application threads were stopped: 0.0481270 seconds, Stopping threads took: 0.0000920 seconds
351.600: Application time: 0.0965020 seconds
351.601: [GC [PSYoungGen: 269819K->38395K(269824K)] 527107K->341347K(885760K), 0.0524490 secs] [Times: user=0.41 sys=0.00, real=0.05 secs] 
351.653: Total time for which application threads were stopped: 0.0539180 seconds, Stopping threads took: 0.0013660 seconds
351.756: Application time: 0.1021190 seconds
351.756: [GC [PSYoungGen: 269819K->38395K(269824K)] 572771K->386110K(885760K), 0.0538010 secs] [Times: user=0.43 sys=0.00, real=0.05 secs] 
351.810: Total time for which application threads were stopped: 0.0539810 seconds, Stopping threads took: 0.0000940 seconds
351.908: Application time: 0.0983450 seconds
351.908: [GC [PSYoungGen: 269819K->38379K(269824K)] 617534K->432623K(885760K), 0.0550180 secs] [Times: user=0.43 sys=0.00, real=0.06 secs] 
351.963: Total time for which application threads were stopped: 0.0551640 seconds, Stopping threads took: 0.0000600 seconds
352.066: Application time: 0.1028370 seconds
352.066: [GC [PSYoungGen: 269803K->38379K(269824K)] 664047K->475980K(885760K), 0.0550630 secs] [Times: user=0.44 sys=0.00, real=0.06 secs] 
352.121: Total time for which application threads were stopped: 0.0552450 seconds, Stopping threads took: 0.0000940 seconds
352.219: Application time: 0.0978390 seconds
352.219: [GC [PSYoungGen: 269803K->38395K(269824K)] 707404K->524625K(885760K), 0.0562370 secs] [Times: user=0.44 sys=0.00, real=0.06 secs] 
352.275: Total time for which application threads were stopped: 0.0564380 seconds, Stopping threads took: 0.0001030 seconds
352.374: Application time: 0.0985690 seconds
352.374: [GC [PSYoungGen: 269819K->38379K(269824K)] 756049K->568368K(885760K), 0.0533600 secs] [Times: user=0.42 sys=0.00, real=0.05 secs] 
352.428: Total time for which application threads were stopped: 0.0535660 seconds, Stopping threads took: 0.0001220 seconds
352.524: Application time: 0.0965820 seconds
352.524: [GC [PSYoungGen: 269803K->38395K(269824K)] 799792K->615087K(885760K), 0.0544840 secs] [Times: user=0.43 sys=0.00, real=0.05 secs] 
352.579: [Full GC [PSYoungGen: 38395K->0K(269824K)] [ParOldGen: 576692K->133089K(615936K)] 615087K->133089K(885760K) [PSPermGen: 9162K->9162K(21504K)], 0.1570820 secs] [Times: user=1.16 sys=0.00, real=0.16 secs] 
352.736: Total time for which application threads were stopped: 0.2118170 seconds, Stopping threads took: 0.0000960 seconds
352.833: Application time: 0.0973640 seconds
352.833: [GC [PSYoungGen: 231424K->38384K(269824K)] 364513K->176454K(885760K), 0.0260100 secs] [Times: user=0.20 sys=0.00, real=0.02 secs] 
352.860: Total time for which application threads were stopped: 0.0261820 seconds, Stopping threads took: 0.0000750 seconds
352.954: Application time: 0.0945490 seconds
352.954: [GC [PSYoungGen: 269808K->38368K(269824K)] 407878K->220528K(885760K), 0.0436220 secs] [Times: user=0.35 sys=0.00, real=0.04 secs] 
352.998: Total time for which application threads were stopped: 0.0437880 seconds, Stopping threads took: 0.0000660 seconds
353.099: Application time: 0.1009930 seconds
353.099: [GC [PSYoungGen: 269792K->38384K(269824K)] 451952K->258811K(885760K), 0.0476400 secs] [Times: user=0.38 sys=0.00, real=0.05 secs] 
353.147: Total time for which application threads were stopped: 0.0478150 seconds, Stopping threads took: 0.0000870 seconds
353.247: Application time: 0.1005790 seconds
353.249: [GC [PSYoungGen: 269779K->38368K(269824K)] 490206K->298534K(885760K), 0.0495050 secs] [Times: user=0.38 sys=0.00, real=0.05 secs] 
353.298: Total time for which application threads were stopped: 0.0512090 seconds, Stopping threads took: 0.0016170 seconds
353.397: Application time: 0.0984680 seconds
353.397: [GC [PSYoungGen: 269792K->38368K(269824K)] 529958K->343367K(885760K), 0.0546410 secs] [Times: user=0.43 sys=0.00, real=0.05 secs] 
353.452: Total time for which application threads were stopped: 0.0548170 seconds, Stopping threads took: 0.0000750 seconds
353.545: Application time: 0.0931140 seconds
353.545: [GC [PSYoungGen: 269792K->38368K(269824K)] 574791K->391914K(885760K), 0.0549970 secs] [Times: user=0.44 sys=0.00, real=0.05 secs] 
353.600: Total time for which application threads were stopped: 0.0552030 seconds, Stopping threads took: 0.0001160 seconds
353.704: Application time: 0.1042460 seconds
353.704: [GC [PSYoungGen: 269792K->38384K(269824K)] 623338K->433870K(885760K), 0.0560010 secs] [Times: user=0.44 sys=0.00, real=0.05 secs] 
353.761: Total time for which application threads were stopped: 0.0561720 seconds, Stopping threads took: 0.0000850 seconds
353.859: Application time: 0.0982060 seconds
353.859: [GC [PSYoungGen: 269808K->38368K(269824K)] 665294K->477391K(885760K), 0.0542820 secs] [Times: user=0.43 sys=0.00, real=0.06 secs] 
353.913: Total time for which application threads were stopped: 0.0544350 seconds, Stopping threads took: 0.0000670 seconds
354.010: Application time: 0.0969130 seconds
354.013: [GC [PSYoungGen: 269792K->38368K(269824K)] 708815K->525017K(885760K), 0.0579160 secs] [Times: user=0.46 sys=0.00, real=0.05 secs] 
354.071: Total time for which application threads were stopped: 0.0608060 seconds, Stopping threads took: 0.0027880 seconds
354.164: Application time: 0.0933920 seconds
354.164: [GC [PSYoungGen: 269792K->38384K(269824K)] 756441K->572152K(885760K), 0.0548950 secs] [Times: user=0.44 sys=0.00, real=0.05 secs] 
354.219: Total time for which application threads were stopped: 0.0550570 seconds, Stopping threads took: 0.0000750 seconds
354.327: Application time: 0.1071800 seconds
354.327: [GC [PSYoungGen: 269808K->38384K(269824K)] 803576K->613330K(885760K), 0.0563070 secs] [Times: user=0.44 sys=0.00, real=0.06 secs] 
354.383: [Full GC [PSYoungGen: 38384K->0K(269824K)] [ParOldGen: 574946K->134276K(615936K)] 613330K->134276K(885760K) [PSPermGen: 9162K->9162K(21504K)], 0.1615400 secs] [Times: user=1.20 sys=0.01, real=0.16 secs] 
354.545: Total time for which application threads were stopped: 0.2180910 seconds, Stopping threads took: 0.0000980 seconds
354.645: Application time: 0.1004880 seconds
354.645: [GC [PSYoungGen: 231424K->38396K(269824K)] 365700K->177431K(885760K), 0.0257790 secs] [Times: user=0.20 sys=0.00, real=0.02 secs] 
354.671: Total time for which application threads were stopped: 0.0259600 seconds, Stopping threads took: 0.0000880 seconds
354.768: Application time: 0.0964520 seconds
354.769: [GC [PSYoungGen: 269820K->38368K(269824K)] 408855K->222568K(885760K), 0.0465250 secs] [Times: user=0.37 sys=0.00, real=0.05 secs] 
354.816: Total time for which application threads were stopped: 0.0479680 seconds, Stopping threads took: 0.0013540 seconds
354.914: Application time: 0.0986270 seconds
354.914: [GC [PSYoungGen: 269792K->38368K(269824K)] 453992K->262202K(885760K), 0.0463160 secs] [Times: user=0.37 sys=0.00, real=0.04 secs] 
354.961: Total time for which application threads were stopped: 0.0465310 seconds, Stopping threads took: 0.0001240 seconds
355.070: Application time: 0.1095710 seconds
355.070: [GC [PSYoungGen: 269792K->38384K(269824K)] 493626K->297706K(885760K), 0.0510460 secs] [Times: user=0.40 sys=0.00, real=0.06 secs] 
355.121: Total time for which application threads were stopped: 0.0512100 seconds, Stopping threads took: 0.0000800 seconds
355.218: Application time: 0.0963170 seconds
355.218: [GC [PSYoungGen: 269808K->38368K(269824K)] 529130K->340749K(885760K), 0.0527280 secs] [Times: user=0.41 sys=0.00, real=0.05 secs] 
355.271: Total time for which application threads were stopped: 0.0529160 seconds, Stopping threads took: 0.0000890 seconds
355.364: Application time: 0.0934160 seconds
355.364: [GC [PSYoungGen: 269792K->38368K(269824K)] 572173K->397289K(885760K), 0.0596850 secs] [Times: user=0.46 sys=0.00, real=0.06 secs] 
355.424: Total time for which application threads were stopped: 0.0598840 seconds, Stopping threads took: 0.0001120 seconds
355.521: Application time: 0.0967280 seconds
355.521: [GC [PSYoungGen: 269792K->38368K(269824K)] 628713K->438956K(885760K), 0.0527570 secs] [Times: user=0.41 sys=0.00, real=0.06 secs] 
355.574: Total time for which application threads were stopped: 0.0529190 seconds, Stopping threads took: 0.0000750 seconds
355.683: Application time: 0.1095480 seconds
355.683: [GC [PSYoungGen: 269792K->38368K(269824K)] 670380K->478297K(885760K), 0.0558580 secs] [Times: user=0.44 sys=0.00, real=0.05 secs] 
355.739: Total time for which application threads were stopped: 0.0560220 seconds, Stopping threads took: 0.0000840 seconds
355.837: Application time: 0.0978780 seconds
355.837: [GC [PSYoungGen: 269792K->38384K(269824K)] 709721K->520169K(885760K), 0.0532650 secs] [Times: user=0.42 sys=0.00, real=0.05 secs] 
355.891: Total time for which application threads were stopped: 0.0534320 seconds, Stopping threads took: 0.0000690 seconds
355.979: Application time: 0.0885440 seconds
355.979: [GC [PSYoungGen: 269808K->38384K(269824K)] 751593K->580669K(885760K), 0.0614720 secs] [Times: user=0.49 sys=0.00, real=0.06 secs] 
356.041: Total time for which application threads were stopped: 0.0616700 seconds, Stopping threads took: 0.0001120 seconds
356.138: Application time: 0.0974030 seconds
356.138: [GC [PSYoungGen: 269808K->38368K(269824K)] 812093K->622661K(885760K), 0.0526110 secs] [Times: user=0.41 sys=0.00, real=0.05 secs] 
356.191: [Full GC [PSYoungGen: 38368K->0K(269824K)] [ParOldGen: 584293K->136392K(615936K)] 622661K->136392K(885760K) [PSPermGen: 9162K->9162K(21504K)], 0.1658820 secs] [Times: user=1.21 sys=0.01, real=0.17 secs] 
356.357: Total time for which application threads were stopped: 0.2187640 seconds, Stopping threads took: 0.0001010 seconds
356.464: Application time: 0.1072030 seconds
356.464: [GC [PSYoungGen: 231424K->37920K(269824K)] 367816K->174312K(885760K), 0.0262550 secs] [Times: user=0.20 sys=0.00, real=0.02 secs] 
356.491: Total time for which application threads were stopped: 0.0264810 seconds, Stopping threads took: 0.0001280 seconds
356.588: Application time: 0.0975430 seconds
356.588: [GC [PSYoungGen: 269344K->38379K(269824K)] 405736K->212647K(885760K), 0.0420860 secs] [Times: user=0.34 sys=0.00, real=0.04 secs] 
356.630: Total time for which application threads were stopped: 0.0422850 seconds, Stopping threads took: 0.0001110 seconds
356.718: Application time: 0.0879260 seconds
356.719: [GC [PSYoungGen: 269803K->38384K(269824K)] 444071K->266398K(885760K), 0.0540290 secs] [Times: user=0.43 sys=0.00, real=0.05 secs] 
356.773: Total time for which application threads were stopped: 0.0542360 seconds, Stopping threads took: 0.0001210 seconds
356.872: Application time: 0.0995950 seconds
356.872: [GC [PSYoungGen: 269808K->38384K(269824K)] 497822K->306694K(885760K), 0.0504500 secs] [Times: user=0.39 sys=0.01, real=0.06 secs] 
356.923: Total time for which application threads were stopped: 0.0506290 seconds, Stopping threads took: 0.0000920 seconds
357.033: Application time: 0.1106220 seconds
357.034: [GC [PSYoungGen: 269808K->38384K(269824K)] 538118K->340304K(885760K), 0.0511940 secs] [Times: user=0.40 sys=0.00, real=0.05 secs] 
357.085: Total time for which application threads were stopped: 0.0513460 seconds, Stopping threads took: 0.0000550 seconds
357.178: Application time: 0.0934070 seconds
357.178: [GC [PSYoungGen: 269808K->38368K(269824K)] 571728K->384271K(885760K), 0.0550410 secs] [Times: user=0.42 sys=0.00, real=0.06 secs] 
357.233: Total time for which application threads were stopped: 0.0552240 seconds, Stopping threads took: 0.0001010 seconds
357.323: Application time: 0.0899970 seconds
357.324: [GC [PSYoungGen: 269792K->38368K(269824K)] 615695K->441639K(885760K), 0.0626740 secs] [Times: user=0.50 sys=0.00, real=0.06 secs] 
357.386: Total time for which application threads were stopped: 0.0628510 seconds, Stopping threads took: 0.0000920 seconds
357.487: Application time: 0.1004630 seconds
357.487: [GC [PSYoungGen: 269792K->38368K(269824K)] 673063K->490718K(885760K), 0.0603340 secs] [Times: user=0.46 sys=0.00, real=0.06 secs] 
357.547: Total time for which application threads were stopped: 0.0605070 seconds, Stopping threads took: 0.0000890 seconds
357.657: Application time: 0.1093100 seconds
357.661: [GC [PSYoungGen: 269792K->38368K(269824K)] 722142K->522128K(885760K), 0.0520250 secs] [Times: user=0.41 sys=0.00, real=0.05 secs] 
357.713: Total time for which application threads were stopped: 0.0564740 seconds, Stopping threads took: 0.0043540 seconds
357.810: Application time: 0.0965950 seconds
357.813: [GC [PSYoungGen: 269792K->38368K(269824K)] 753552K->567183K(885760K), 0.0558580 secs] [Times: user=0.44 sys=0.00, real=0.05 secs] 
357.869: Total time for which application threads were stopped: 0.0592830 seconds, Stopping threads took: 0.0033180 seconds
357.959: Application time: 0.0901110 seconds
357.959: [GC [PSYoungGen: 269792K->38384K(269824K)] 798607K->625675K(885760K), 0.0640730 secs] [Times: user=0.51 sys=0.00, real=0.07 secs] 
358.023: [Full GC [PSYoungGen: 38384K->0K(269824K)] [ParOldGen: 587290K->143084K(615936K)] 625675K->143084K(885760K) [PSPermGen: 9162K->9162K(21504K)], 0.1717300 secs] [Times: user=1.27 sys=0.00, real=0.17 secs] 
358.195: Total time for which application threads were stopped: 0.2361230 seconds, Stopping threads took: 0.0001710 seconds
358.295: Application time: 0.0996330 seconds
358.297: [GC [PSYoungGen: 231424K->38368K(269824K)] 374508K->189511K(885760K), 0.0273690 secs] [Times: user=0.21 sys=0.00, real=0.03 secs] 
358.324: Total time for which application threads were stopped: 0.0295390 seconds, Stopping threads took: 0.0020740 seconds
358.435: Application time: 0.1104820 seconds
358.435: [GC [PSYoungGen: 269792K->38384K(269824K)] 420935K->210267K(885760K), 0.0354940 secs] [Times: user=0.28 sys=0.00, real=0.03 secs] 
358.471: Total time for which application threads were stopped: 0.0356760 seconds, Stopping threads took: 0.0000900 seconds
358.566: Application time: 0.0955910 seconds
358.566: [GC [PSYoungGen: 269808K->38368K(269824K)] 441691K->251816K(885760K), 0.0471900 secs] [Times: user=0.37 sys=0.00, real=0.05 secs] 
358.613: Total time for which application threads were stopped: 0.0473620 seconds, Stopping threads took: 0.0000870 seconds
358.703: Application time: 0.0896040 seconds
358.703: [GC [PSYoungGen: 269792K->38368K(269824K)] 483240K->310484K(885760K), 0.0603430 secs] [Times: user=0.48 sys=0.00, real=0.06 secs] 
358.764: Total time for which application threads were stopped: 0.0605160 seconds, Stopping threads took: 0.0000880 seconds
358.863: Application time: 0.0994570 seconds
358.863: [GC [PSYoungGen: 269792K->38368K(269824K)] 541908K->360295K(885760K), 0.0584860 secs] [Times: user=0.47 sys=0.00, real=0.06 secs] 
358.922: Total time for which application threads were stopped: 0.0586640 seconds, Stopping threads took: 0.0000830 seconds
359.037: Application time: 0.1154990 seconds
359.037: [GC [PSYoungGen: 269792K->38368K(269824K)] 591719K->385264K(885760K), 0.0486270 secs] [Times: user=0.39 sys=0.00, real=0.05 secs] 
359.086: Total time for which application threads were stopped: 0.0488090 seconds, Stopping threads took: 0.0000960 seconds
359.178: Application time: 0.0921910 seconds
359.178: [GC [PSYoungGen: 269792K->38368K(269824K)] 616688K->433488K(885760K), 0.0575890 secs] [Times: user=0.45 sys=0.00, real=0.06 secs] 
359.236: Total time for which application threads were stopped: 0.0577770 seconds, Stopping threads took: 0.0000930 seconds
359.330: Application time: 0.0943220 seconds
359.330: [GC [PSYoungGen: 269792K->38368K(269824K)] 664912K->488704K(885760K), 0.0617080 secs] [Times: user=0.48 sys=0.00, real=0.06 secs] 
359.392: Total time for which application threads were stopped: 0.0618940 seconds, Stopping threads took: 0.0000960 seconds
359.489: Application time: 0.0965210 seconds
359.489: [GC [PSYoungGen: 269792K->38384K(269824K)] 720128K->542976K(885760K), 0.0628620 secs] [Times: user=0.50 sys=0.00, real=0.06 secs] 
359.552: Total time for which application threads were stopped: 0.0630500 seconds, Stopping threads took: 0.0000860 seconds
359.669: Application time: 0.1175840 seconds
359.669: [GC [PSYoungGen: 269808K->38384K(269824K)] 774400K->565258K(885760K), 0.0483780 secs] [Times: user=0.38 sys=0.00, real=0.05 secs] 
359.718: Total time for which application threads were stopped: 0.0485250 seconds, Stopping threads took: 0.0000610 seconds
359.809: Application time: 0.0910690 seconds
359.809: [GC [PSYoungGen: 269808K->38368K(269824K)] 796682K->616545K(885760K), 0.0584050 secs] [Times: user=0.47 sys=0.00, real=0.06 secs] 
359.868: [Full GC [PSYoungGen: 38368K->0K(269824K)] [ParOldGen: 578176K->126153K(615936K)] 616545K->126153K(885760K) [PSPermGen: 9162K->9162K(21504K)], 0.1496220 secs] [Times: user=1.10 sys=0.00, real=0.15 secs] 
360.017: Total time for which application threads were stopped: 0.2082510 seconds, Stopping threads took: 0.0000770 seconds
360.109: Application time: 0.0914770 seconds
360.109: [GC [PSYoungGen: 231424K->38390K(269824K)] 357577K->179764K(885760K), 0.0300550 secs] [Times: user=0.23 sys=0.00, real=0.03 secs] 
360.139: Total time for which application threads were stopped: 0.0302430 seconds, Stopping threads took: 0.0000810 seconds
360.233: Application time: 0.0941630 seconds
360.233: [GC [PSYoungGen: 269814K->38368K(269824K)] 411188K->227075K(885760K), 0.0462810 secs] [Times: user=0.37 sys=0.00, real=0.04 secs] 
360.280: Total time for which application threads were stopped: 0.0464360 seconds, Stopping threads took: 0.0000690 seconds
360.398: Application time: 0.1185730 seconds
360.398: [GC [PSYoungGen: 269792K->38368K(269824K)] 458499K->243967K(885760K), 0.0390260 secs] [Times: user=0.31 sys=0.01, real=0.04 secs] 
360.437: Total time for which application threads were stopped: 0.0391890 seconds, Stopping threads took: 0.0000770 seconds
360.527: Application time: 0.0897490 seconds
360.527: [GC [PSYoungGen: 269792K->38368K(269824K)] 475391K->286569K(885760K), 0.0490650 secs] [Times: user=0.38 sys=0.00, real=0.05 secs] 
360.576: Total time for which application threads were stopped: 0.0492380 seconds, Stopping threads took: 0.0000870 seconds
360.667: Application time: 0.0907760 seconds
360.667: [GC [PSYoungGen: 269792K->38368K(269824K)] 517993K->341919K(885760K), 0.0582870 secs] [Times: user=0.46 sys=0.00, real=0.06 secs] 
360.726: Total time for which application threads were stopped: 0.0584680 seconds, Stopping threads took: 0.0000840 seconds
360.819: Application time: 0.0933950 seconds
360.819: [GC [PSYoungGen: 269792K->38384K(269824K)] 573343K->397922K(885760K), 0.0601370 secs] [Times: user=0.47 sys=0.00, real=0.06 secs] 
360.879: Total time for which application threads were stopped: 0.0603190 seconds, Stopping threads took: 0.0000810 seconds
360.999: Application time: 0.1199380 seconds
360.999: [GC [PSYoungGen: 269808K->38368K(269824K)] 629346K->420250K(885760K), 0.0475600 secs] [Times: user=0.38 sys=0.00, real=0.05 secs] 
361.047: Total time for which application threads were stopped: 0.0477140 seconds, Stopping threads took: 0.0000700 seconds
361.139: Application time: 0.0916180 seconds
361.139: [GC [PSYoungGen: 269792K->38384K(269824K)] 651674K->468533K(885760K), 0.0553810 secs] [Times: user=0.44 sys=0.00, real=0.06 secs] 
361.194: Total time for which application threads were stopped: 0.0555620 seconds, Stopping threads took: 0.0000950 seconds
361.287: Application time: 0.0933490 seconds
361.289: [GC [PSYoungGen: 269808K->38368K(269824K)] 699957K->522311K(885760K), 0.0605880 secs] [Times: user=0.48 sys=0.00, real=0.06 secs] 
361.350: Total time for which application threads were stopped: 0.0620800 seconds, Stopping threads took: 0.0013930 seconds
361.440: Application time: 0.0899930 seconds
361.440: [GC [PSYoungGen: 269792K->38384K(269824K)] 753735K->580392K(885760K), 0.0618970 secs] [Times: user=0.49 sys=0.00, real=0.07 secs] 
361.502: [Full GC [PSYoungGen: 38384K->0K(269824K)] [ParOldGen: 542007K->155626K(615936K)] 580392K->155626K(885760K) [PSPermGen: 9162K->9162K(21504K)], 0.1943940 secs] [Times: user=1.45 sys=0.00, real=0.19 secs] 
361.696: Total time for which application threads were stopped: 0.2565220 seconds, Stopping threads took: 0.0000810 seconds
361.820: Application time: 0.1243590 seconds
361.821: [GC [PSYoungGen: 231424K->19866K(269824K)] 387050K->175493K(885760K), 0.0191270 secs] [Times: user=0.15 sys=0.00, real=0.02 secs] 
361.840: Total time for which application threads were stopped: 0.0193250 seconds, Stopping threads took: 0.0001020 seconds
361.929: Application time: 0.0891250 seconds
361.929: [GC [PSYoungGen: 251290K->38368K(269824K)] 406917K->225599K(885760K), 0.0404710 secs] [Times: user=0.32 sys=0.00, real=0.04 secs] 
361.970: Total time for which application threads were stopped: 0.0406510 seconds, Stopping threads took: 0.0000930 seconds
362.065: Application time: 0.0951580 seconds
362.065: [GC [PSYoungGen: 269792K->38384K(269824K)] 457023K->274185K(885760K), 0.0527070 secs] [Times: user=0.42 sys=0.01, real=0.05 secs] 
362.118: Total time for which application threads were stopped: 0.0528770 seconds, Stopping threads took: 0.0000860 seconds
362.207: Application time: 0.0896520 seconds
362.207: [GC [PSYoungGen: 269808K->38384K(269824K)] 505609K->327948K(885760K), 0.0598480 secs] [Times: user=0.47 sys=0.00, real=0.06 secs] 
362.267: Total time for which application threads were stopped: 0.0600090 seconds, Stopping threads took: 0.0000730 seconds
362.391: Application time: 0.1236080 seconds
362.393: [GC [PSYoungGen: 269808K->38384K(269824K)] 559372K->347963K(885760K), 0.0506020 secs] [Times: user=0.40 sys=0.00, real=0.05 secs] 
362.444: Total time for which application threads were stopped: 0.0527070 seconds, Stopping threads took: 0.0020070 seconds
362.531: Application time: 0.0876620 seconds
362.531: [GC [PSYoungGen: 269808K->38384K(269824K)] 579387K->400149K(885760K), 0.0620130 secs] [Times: user=0.49 sys=0.00, real=0.07 secs] 
362.593: Total time for which application threads were stopped: 0.0622180 seconds, Stopping threads took: 0.0001180 seconds
362.692: Application time: 0.0986660 seconds
362.692: [GC [PSYoungGen: 269808K->38368K(269824K)] 631573K->452522K(885760K), 0.0675330 secs] [Times: user=0.53 sys=0.00, real=0.07 secs] 
362.760: Total time for which application threads were stopped: 0.0677100 seconds, Stopping threads took: 0.0000870 seconds
362.850: Application time: 0.0902690 seconds
362.850: [GC [PSYoungGen: 269792K->38368K(269824K)] 683946K->508058K(885760K), 0.0660900 secs] [Times: user=0.53 sys=0.00, real=0.07 secs] 
362.916: Total time for which application threads were stopped: 0.0662900 seconds, Stopping threads took: 0.0001110 seconds
363.038: Application time: 0.1218540 seconds
363.041: [GC [PSYoungGen: 269792K->38384K(269824K)] 739482K->530535K(885760K), 0.0555510 secs] [Times: user=0.44 sys=0.00, real=0.05 secs] 
363.097: Total time for which application threads were stopped: 0.0582890 seconds, Stopping threads took: 0.0026380 seconds
363.186: Application time: 0.0891940 seconds
363.186: [GC [PSYoungGen: 269808K->38368K(269824K)] 761959K->578526K(885760K), 0.0618160 secs] [Times: user=0.48 sys=0.00, real=0.06 secs] 
363.248: [Full GC [PSYoungGen: 38368K->0K(269824K)] [ParOldGen: 540157K->120456K(615936K)] 578526K->120456K(885760K) [PSPermGen: 9162K->9162K(21504K)], 0.1327810 secs] [Times: user=0.96 sys=0.01, real=0.13 secs] 
363.381: Total time for which application threads were stopped: 0.1948700 seconds, Stopping threads took: 0.0001240 seconds
363.477: Application time: 0.0959310 seconds
363.477: [GC [PSYoungGen: 231424K->38381K(269824K)] 351880K->178788K(885760K), 0.0342520 secs] [Times: user=0.27 sys=0.00, real=0.03 secs] 
363.511: Total time for which application threads were stopped: 0.0344300 seconds, Stopping threads took: 0.0000900 seconds
363.601: Application time: 0.0901140 seconds
363.601: [GC [PSYoungGen: 269805K->38390K(269824K)] 410212K->230533K(885760K), 0.0486820 secs] [Times: user=0.38 sys=0.00, real=0.04 secs] 
363.650: Total time for which application threads were stopped: 0.0488840 seconds, Stopping threads took: 0.0001050 seconds
363.772: Application time: 0.1218440 seconds
363.772: [GC [PSYoungGen: 269814K->38375K(269824K)] 461957K->248777K(885760K), 0.0410630 secs] [Times: user=0.33 sys=0.00, real=0.05 secs] 
363.813: Total time for which application threads were stopped: 0.0412660 seconds, Stopping threads took: 0.0001180 seconds
363.904: Application time: 0.0911860 seconds
363.904: [GC [PSYoungGen: 269799K->38375K(269824K)] 480201K->289344K(885760K), 0.0456590 secs] [Times: user=0.36 sys=0.00, real=0.04 secs] 
363.950: Total time for which application threads were stopped: 0.0458350 seconds, Stopping threads took: 0.0000890 seconds
364.043: Application time: 0.0927420 seconds
364.043: [GC [PSYoungGen: 269799K->38391K(269824K)] 520768K->349128K(885760K), 0.0611160 secs] [Times: user=0.48 sys=0.00, real=0.06 secs] 
364.104: Total time for which application threads were stopped: 0.0612830 seconds, Stopping threads took: 0.0000810 seconds
364.194: Application time: 0.0896780 seconds
364.194: [GC [PSYoungGen: 269815K->38375K(269824K)] 580552K->403755K(885760K), 0.0572550 secs] [Times: user=0.45 sys=0.00, real=0.05 secs] 
364.251: Total time for which application threads were stopped: 0.0574570 seconds, Stopping threads took: 0.0000990 seconds
364.373: Application time: 0.1218390 seconds
364.373: [GC [PSYoungGen: 269799K->38391K(269824K)] 635179K->426452K(885760K), 0.0475940 secs] [Times: user=0.37 sys=0.00, real=0.05 secs] 
364.421: Total time for which application threads were stopped: 0.0477470 seconds, Stopping threads took: 0.0000610 seconds
364.514: Application time: 0.0933660 seconds
364.514: [GC [PSYoungGen: 269815K->38375K(269824K)] 657876K->471483K(885760K), 0.0520820 secs] [Times: user=0.42 sys=0.00, real=0.05 secs] 
364.567: Total time for which application threads were stopped: 0.0522500 seconds, Stopping threads took: 0.0000800 seconds
364.660: Application time: 0.0931200 seconds
364.660: [GC [PSYoungGen: 269799K->38375K(269824K)] 702907K->532956K(885760K), 0.0626430 secs] [Times: user=0.50 sys=0.00, real=0.07 secs] 
364.722: Total time for which application threads were stopped: 0.0627980 seconds, Stopping threads took: 0.0000730 seconds
364.814: Application time: 0.0916580 seconds
364.814: [GC [PSYoungGen: 269799K->38391K(269824K)] 764380K->582338K(885760K), 0.0557890 secs] [Times: user=0.45 sys=0.00, real=0.05 secs] 
364.870: [Full GC [PSYoungGen: 38391K->0K(269824K)] [ParOldGen: 543946K->149180K(615936K)] 582338K->149180K(885760K) [PSPermGen: 9162K->9162K(21504K)], 0.1783120 secs] [Times: user=1.32 sys=0.00, real=0.18 secs] 
365.048: Total time for which application threads were stopped: 0.2343330 seconds, Stopping threads took: 0.0000730 seconds
365.172: Application time: 0.1232880 seconds
365.172: [GC [PSYoungGen: 231424K->27248K(269824K)] 380604K->176428K(885760K), 0.0234150 secs] [Times: user=0.18 sys=0.00, real=0.03 secs] 
365.195: Total time for which application threads were stopped: 0.0235950 seconds, Stopping threads took: 0.0000960 seconds
365.288: Application time: 0.0927070 seconds
365.288: [GC [PSYoungGen: 258672K->38390K(269824K)] 407852K->219061K(885760K), 0.0399810 secs] [Times: user=0.32 sys=0.00, real=0.04 secs] 
365.328: Total time for which application threads were stopped: 0.0401400 seconds, Stopping threads took: 0.0000730 seconds
365.421: Application time: 0.0931530 seconds
365.425: [GC [PSYoungGen: 269814K->38384K(269824K)] 450485K->277404K(885760K), 0.0580510 secs] [Times: user=0.46 sys=0.00, real=0.06 secs] 
365.483: Total time for which application threads were stopped: 0.0617430 seconds, Stopping threads took: 0.0035820 seconds
365.574: Application time: 0.0911010 seconds
365.574: [GC [PSYoungGen: 269808K->38384K(269824K)] 508828K->327127K(885760K), 0.0561310 secs] [Times: user=0.44 sys=0.00, real=0.05 secs] 
365.631: Total time for which application threads were stopped: 0.0563400 seconds, Stopping threads took: 0.0001200 seconds
365.751: Application time: 0.1207690 seconds
365.751: [GC [PSYoungGen: 269808K->38368K(269824K)] 558551K->354316K(885760K), 0.0504950 secs] [Times: user=0.40 sys=0.00, real=0.06 secs] 
365.802: Total time for which application threads were stopped: 0.0506530 seconds, Stopping threads took: 0.0000760 seconds
365.896: Application time: 0.0941220 seconds
365.896: [GC [PSYoungGen: 269792K->38384K(269824K)] 585740K->397252K(885760K), 0.0530870 secs] [Times: user=0.41 sys=0.00, real=0.05 secs] 
365.949: Total time for which application threads were stopped: 0.0532800 seconds, Stopping threads took: 0.0001020 seconds
366.041: Application time: 0.0914540 seconds
366.041: [GC [PSYoungGen: 269808K->38368K(269824K)] 628676K->459121K(885760K), 0.0633740 secs] [Times: user=0.50 sys=0.00, real=0.06 secs] 
366.104: Total time for which application threads were stopped: 0.0635700 seconds, Stopping threads took: 0.0000930 seconds
366.197: Application time: 0.0921860 seconds
366.197: [GC [PSYoungGen: 269792K->38384K(269824K)] 690545K->508486K(885760K), 0.0547690 secs] [Times: user=0.43 sys=0.00, real=0.05 secs] 
366.252: Total time for which application threads were stopped: 0.0549450 seconds, Stopping threads took: 0.0000920 seconds
366.370: Application time: 0.1184850 seconds
366.373: [GC [PSYoungGen: 269808K->38368K(269824K)] 739910K->536987K(885760K), 0.0519970 secs] [Times: user=0.41 sys=0.00, real=0.05 secs] 
366.425: Total time for which application threads were stopped: 0.0549580 seconds, Stopping threads took: 0.0028740 seconds
366.517: Application time: 0.0924810 seconds
366.518: [GC [PSYoungGen: 269792K->38368K(269824K)] 768411K->579615K(885760K), 0.0519860 secs] [Times: user=0.41 sys=0.00, real=0.05 secs] 
366.570: Total time for which application threads were stopped: 0.0521790 seconds, Stopping threads took: 0.0001080 seconds
366.660: Application time: 0.0907200 seconds
366.660: [GC [PSYoungGen: 269792K->38368K(269824K)] 811039K->640567K(885760K), 0.0629750 secs] [Times: user=0.50 sys=0.00, real=0.07 secs] 
366.724: [Full GC [PSYoungGen: 38368K->0K(269824K)] [ParOldGen: 602198K->143038K(615936K)] 640567K->143038K(885760K) [PSPermGen: 9162K->9162K(21504K)], 0.1752950 secs] [Times: user=1.29 sys=0.00, real=0.17 secs] 
366.899: Total time for which application threads were stopped: 0.2385170 seconds, Stopping threads took: 0.0000870 seconds
366.989: Application time: 0.0901650 seconds
366.993: [GC [PSYoungGen: 231424K->38368K(269824K)] 374462K->192417K(885760K), 0.0269230 secs] [Times: user=0.21 sys=0.00, real=0.02 secs] 
367.020: Total time for which application threads were stopped: 0.0308970 seconds, Stopping threads took: 0.0038880 seconds
367.140: Application time: 0.1197960 seconds
367.140: [GC [PSYoungGen: 269792K->38384K(269824K)] 423841K->210386K(885760K), 0.0360350 secs] [Times: user=0.28 sys=0.00, real=0.04 secs] 
367.176: Total time for which application threads were stopped: 0.0362170 seconds, Stopping threads took: 0.0000990 seconds
367.274: Application time: 0.0976480 seconds
367.274: [GC [PSYoungGen: 269808K->38368K(269824K)] 441810K->250114K(885760K), 0.0475030 secs] [Times: user=0.37 sys=0.00, real=0.05 secs] 
367.321: Total time for which application threads were stopped: 0.0476910 seconds, Stopping threads took: 0.0000910 seconds
367.410: Application time: 0.0885590 seconds
367.410: [GC [PSYoungGen: 269792K->38384K(269824K)] 481538K->303772K(885760K), 0.0582520 secs] [Times: user=0.46 sys=0.00, real=0.06 secs] 
367.468: Total time for which application threads were stopped: 0.0584400 seconds, Stopping threads took: 0.0001020 seconds
367.556: Application time: 0.0874330 seconds
367.556: [GC [PSYoungGen: 269808K->38368K(269824K)] 535196K->359718K(885760K), 0.0608960 secs] [Times: user=0.49 sys=0.00, real=0.06 secs] 
367.617: Total time for which application threads were stopped: 0.0611100 seconds, Stopping threads took: 0.0001270 seconds
367.738: Application time: 0.1208920 seconds
367.741: [GC [PSYoungGen: 269792K->38368K(269824K)] 591142K->388371K(885760K), 0.0571980 secs] [Times: user=0.44 sys=0.00, real=0.05 secs] 
367.798: Total time for which application threads were stopped: 0.0604280 seconds, Stopping threads took: 0.0031500 seconds
367.897: Application time: 0.0991000 seconds
367.897: [GC [PSYoungGen: 269792K->38384K(269824K)] 619795K->432890K(885760K), 0.0584060 secs] [Times: user=0.46 sys=0.00, real=0.06 secs] 
367.956: Total time for which application threads were stopped: 0.0586150 seconds, Stopping threads took: 0.0001110 seconds
368.049: Application time: 0.0932460 seconds
368.049: [GC [PSYoungGen: 269808K->38368K(269824K)] 664314K->482813K(885760K), 0.0593440 secs] [Times: user=0.46 sys=0.00, real=0.06 secs] 
368.109: Total time for which application threads were stopped: 0.0595190 seconds, Stopping threads took: 0.0000890 seconds
368.196: Application time: 0.0872830 seconds
368.197: [GC [PSYoungGen: 269792K->38384K(269824K)] 714237K->540439K(885760K), 0.0639300 secs] [Times: user=0.51 sys=0.00, real=0.07 secs] 
368.261: Total time for which application threads were stopped: 0.0650160 seconds, Stopping threads took: 0.0009960 seconds
368.381: Application time: 0.1198750 seconds
368.381: [GC [PSYoungGen: 269808K->38384K(269824K)] 771863K->570627K(885760K), 0.0574400 secs] [Times: user=0.46 sys=0.00, real=0.05 secs] 
368.438: Total time for which application threads were stopped: 0.0576210 seconds, Stopping threads took: 0.0000990 seconds
368.537: Application time: 0.0990210 seconds
368.538: [GC [PSYoungGen: 269808K->38368K(269824K)] 802051K->613135K(885760K), 0.0577420 secs] [Times: user=0.45 sys=0.00, real=0.06 secs] 
368.595: [Full GC [PSYoungGen: 38368K->0K(269824K)] [ParOldGen: 574767K->132643K(615936K)] 613135K->132643K(885760K) [PSPermGen: 9162K->9162K(21504K)], 0.1627380 secs] [Times: user=1.20 sys=0.00, real=0.16 secs] 
368.758: Total time for which application threads were stopped: 0.2207130 seconds, Stopping threads took: 0.0000760 seconds
368.853: Application time: 0.0944210 seconds
368.853: [GC [PSYoungGen: 231424K->38395K(269824K)] 364067K->178669K(885760K), 0.0252660 secs] [Times: user=0.20 sys=0.00, real=0.03 secs] 
368.878: Total time for which application threads were stopped: 0.0254330 seconds, Stopping threads took: 0.0000810 seconds
368.964: Application time: 0.0862810 seconds
368.964: [GC [PSYoungGen: 269819K->38384K(269824K)] 410093K->225248K(885760K), 0.0431670 secs] [Times: user=0.34 sys=0.00, real=0.04 secs] 
369.008: Total time for which application threads were stopped: 0.0433390 seconds, Stopping threads took: 0.0000840 seconds
369.117: Application time: 0.1097330 seconds
369.118: [GC [PSYoungGen: 269808K->38368K(269824K)] 456672K->258309K(885760K), 0.0462320 secs] [Times: user=0.37 sys=0.00, real=0.05 secs] 
369.164: Total time for which application threads were stopped: 0.0464270 seconds, Stopping threads took: 0.0000950 seconds
369.266: Application time: 0.1017010 seconds
369.266: [GC [PSYoungGen: 269792K->38384K(269824K)] 489733K->299157K(885760K), 0.0513230 secs] [Times: user=0.40 sys=0.00, real=0.05 secs] 
369.317: Total time for which application threads were stopped: 0.0514940 seconds, Stopping threads took: 0.0000850 seconds
369.415: Application time: 0.0979540 seconds
369.415: [GC [PSYoungGen: 269808K->38368K(269824K)] 530581K->339887K(885760K), 0.0515770 secs] [Times: user=0.40 sys=0.00, real=0.05 secs] 
369.467: Total time for which application threads were stopped: 0.0517410 seconds, Stopping threads took: 0.0000780 seconds
369.558: Application time: 0.0909340 seconds
369.558: [GC [PSYoungGen: 269792K->38368K(269824K)] 571311K->390417K(885760K), 0.0599870 secs] [Times: user=0.48 sys=0.00, real=0.06 secs] 
369.618: Total time for which application threads were stopped: 0.0601600 seconds, Stopping threads took: 0.0000770 seconds
369.720: Application time: 0.1021080 seconds
369.720: [GC [PSYoungGen: 269792K->38384K(269824K)] 621841K->437572K(885760K), 0.0599430 secs] [Times: user=0.48 sys=0.00, real=0.06 secs] 
369.780: Total time for which application threads were stopped: 0.0601230 seconds, Stopping threads took: 0.0000850 seconds
369.884: Application time: 0.1035290 seconds
369.884: [GC [PSYoungGen: 269808K->38384K(269824K)] 668996K->479713K(885760K), 0.0577960 secs] [Times: user=0.46 sys=0.00, real=0.06 secs] 
369.942: Total time for which application threads were stopped: 0.0579700 seconds, Stopping threads took: 0.0000880 seconds
370.048: Application time: 0.1060720 seconds
370.048: [GC [PSYoungGen: 269808K->38384K(269824K)] 711137K->517041K(885760K), 0.0556940 secs] [Times: user=0.45 sys=0.00, real=0.06 secs] 
370.104: Total time for which application threads were stopped: 0.0558700 seconds, Stopping threads took: 0.0000880 seconds
370.193: Application time: 0.0896790 seconds
370.193: [GC [PSYoungGen: 269808K->38384K(269824K)] 748465K->571760K(885760K), 0.0620280 secs] [Times: user=0.49 sys=0.00, real=0.06 secs] 
370.255: Total time for which application threads were stopped: 0.0621970 seconds, Stopping threads took: 0.0000820 seconds
370.352: Application time: 0.0965390 seconds
370.352: [GC [PSYoungGen: 269808K->38384K(269824K)] 803184K->620222K(885760K), 0.0599970 secs] [Times: user=0.47 sys=0.00, real=0.06 secs] 
370.412: [Full GC [PSYoungGen: 38384K->0K(269824K)] [ParOldGen: 581838K->134805K(615936K)] 620222K->134805K(885760K) [PSPermGen: 9162K->9162K(21504K)], 0.1577170 secs] [Times: user=1.17 sys=0.00, real=0.16 secs] 
370.570: Total time for which application threads were stopped: 0.2179820 seconds, Stopping threads took: 0.0001020 seconds
370.677: Application time: 0.1066280 seconds
370.677: [GC [PSYoungGen: 231424K->38376K(269824K)] 366229K->176336K(885760K), 0.0268780 secs] [Times: user=0.21 sys=0.00, real=0.03 secs] 
370.704: Total time for which application threads were stopped: 0.0270730 seconds, Stopping threads took: 0.0001070 seconds
370.815: Application time: 0.1113950 seconds
370.815: [GC [PSYoungGen: 269800K->38384K(269824K)] 407760K->203293K(885760K), 0.0395070 secs] [Times: user=0.31 sys=0.00, real=0.04 secs] 
370.855: Total time for which application threads were stopped: 0.0396850 seconds, Stopping threads took: 0.0000900 seconds
370.941: Application time: 0.0864450 seconds
370.941: [GC [PSYoungGen: 269808K->38384K(269824K)] 434717K->257441K(885760K), 0.0515060 secs] [Times: user=0.41 sys=0.00, real=0.04 secs] 
370.993: Total time for which application threads were stopped: 0.0517120 seconds, Stopping threads took: 0.0000750 seconds
371.088: Application time: 0.0952660 seconds
371.088: [GC [PSYoungGen: 269808K->38384K(269824K)] 488865K->298963K(885760K), 0.0495320 secs] [Times: user=0.40 sys=0.00, real=0.05 secs] 
371.138: Total time for which application threads were stopped: 0.0497130 seconds, Stopping threads took: 0.0000950 seconds
371.244: Application time: 0.1060960 seconds
371.244: [GC [PSYoungGen: 269808K->38384K(269824K)] 530387K->340735K(885760K), 0.0531060 secs] [Times: user=0.42 sys=0.00, real=0.05 secs] 
371.297: Total time for which application threads were stopped: 0.0532680 seconds, Stopping threads took: 0.0000750 seconds
371.413: Application time: 0.1156840 seconds
371.413: [GC [PSYoungGen: 269808K->38368K(269824K)] 572159K->368875K(885760K), 0.0483690 secs] [Times: user=0.37 sys=0.00, real=0.05 secs] 
371.461: Total time for which application threads were stopped: 0.0485150 seconds, Stopping threads took: 0.0000630 seconds
371.542: Application time: 0.0807540 seconds
371.542: [GC [PSYoungGen: 269792K->38384K(269824K)] 600299K->427460K(885760K), 0.0576030 secs] [Times: user=0.45 sys=0.00, real=0.05 secs] 
371.600: Total time for which application threads were stopped: 0.0578010 seconds, Stopping threads took: 0.0000980 seconds
371.699: Application time: 0.0986350 seconds
371.699: [GC [PSYoungGen: 269808K->38384K(269824K)] 658884K->477548K(885760K), 0.0584220 secs] [Times: user=0.46 sys=0.00, real=0.06 secs] 
371.757: Total time for which application threads were stopped: 0.0586160 seconds, Stopping threads took: 0.0001020 seconds
371.858: Application time: 0.1011520 seconds
371.859: [GC [PSYoungGen: 269808K->38368K(269824K)] 708972K->523229K(885760K), 0.0567020 secs] [Times: user=0.45 sys=0.00, real=0.06 secs] 
371.915: Total time for which application threads were stopped: 0.0568830 seconds, Stopping threads took: 0.0000970 seconds
372.030: Application time: 0.1147100 seconds
372.030: [GC [PSYoungGen: 269792K->38368K(269824K)] 754653K->551552K(885760K), 0.0492430 secs] [Times: user=0.39 sys=0.00, real=0.05 secs] 
372.079: Total time for which application threads were stopped: 0.0494130 seconds, Stopping threads took: 0.0000820 seconds
372.159: Application time: 0.0793550 seconds
372.159: [GC [PSYoungGen: 269792K->38368K(269824K)] 782976K->609507K(885760K), 0.0576630 secs] [Times: user=0.44 sys=0.00, real=0.06 secs] 
372.217: [Full GC [PSYoungGen: 38368K->0K(269824K)] [ParOldGen: 571138K->137475K(615936K)] 609507K->137475K(885760K) [PSPermGen: 9162K->9162K(21504K)], 0.1600070 secs] [Times: user=1.18 sys=0.00, real=0.16 secs] 
372.377: Total time for which application threads were stopped: 0.2179100 seconds, Stopping threads took: 0.0000770 seconds
372.475: Application time: 0.0986780 seconds
372.477: [GC [PSYoungGen: 231424K->38394K(269824K)] 368899K->185729K(885760K), 0.0295140 secs] [Times: user=0.23 sys=0.00, real=0.03 secs] 
372.507: Total time for which application threads were stopped: 0.0311420 seconds, Stopping threads took: 0.0015400 seconds
372.609: Application time: 0.1024130 seconds
372.609: [GC [PSYoungGen: 269818K->38376K(269824K)] 417153K->225258K(885760K), 0.0442990 secs] [Times: user=0.35 sys=0.00, real=0.05 secs] 
372.653: Total time for which application threads were stopped: 0.0444650 seconds, Stopping threads took: 0.0000800 seconds
372.765: Application time: 0.1112230 seconds
372.765: [GC [PSYoungGen: 269800K->38393K(269824K)] 456682K->253225K(885760K), 0.0462130 secs] [Times: user=0.36 sys=0.00, real=0.04 secs] 
372.811: Total time for which application threads were stopped: 0.0463830 seconds, Stopping threads took: 0.0000690 seconds
372.889: Application time: 0.0780540 seconds
372.889: [GC [PSYoungGen: 269817K->38396K(269824K)] 484649K->309562K(885760K), 0.0549940 secs] [Times: user=0.42 sys=0.00, real=0.06 secs] 
372.944: Total time for which application threads were stopped: 0.0551760 seconds, Stopping threads took: 0.0000950 seconds
373.041: Application time: 0.0972700 seconds
373.042: [GC [PSYoungGen: 269820K->38380K(269824K)] 540986K->359797K(885760K), 0.0573350 secs] [Times: user=0.45 sys=0.00, real=0.05 secs] 
373.099: Total time for which application threads were stopped: 0.0575310 seconds, Stopping threads took: 0.0001090 seconds
373.202: Application time: 0.1026090 seconds
373.202: [GC [PSYoungGen: 269804K->38396K(269824K)] 591221K->405399K(885760K), 0.0580610 secs] [Times: user=0.45 sys=0.00, real=0.05 secs] 
373.260: Total time for which application threads were stopped: 0.0582240 seconds, Stopping threads took: 0.0000780 seconds
373.374: Application time: 0.1141470 seconds
373.374: [GC [PSYoungGen: 269820K->38377K(269824K)] 636823K->434579K(885760K), 0.0505080 secs] [Times: user=0.39 sys=0.00, real=0.05 secs] 
373.425: Total time for which application threads were stopped: 0.0506720 seconds, Stopping threads took: 0.0000620 seconds
373.507: Application time: 0.0820300 seconds
373.507: [GC [PSYoungGen: 269801K->38380K(269824K)] 666003K->490081K(885760K), 0.0557140 secs] [Times: user=0.44 sys=0.00, real=0.06 secs] 
373.563: Total time for which application threads were stopped: 0.0558870 seconds, Stopping threads took: 0.0000860 seconds
373.657: Application time: 0.0940130 seconds
373.657: [GC [PSYoungGen: 269804K->38393K(269824K)] 721505K->542797K(885760K), 0.0588400 secs] [Times: user=0.47 sys=0.00, real=0.06 secs] 
373.716: Total time for which application threads were stopped: 0.0590250 seconds, Stopping threads took: 0.0000880 seconds
373.816: Application time: 0.1005130 seconds
373.816: [GC [PSYoungGen: 269817K->38380K(269824K)] 774221K->587886K(885760K), 0.0558230 secs] [Times: user=0.44 sys=0.00, real=0.05 secs] 
373.872: [Full GC [PSYoungGen: 38380K->0K(269824K)] [ParOldGen: 549506K->138836K(615936K)] 587886K->138836K(885760K) [PSPermGen: 9162K->9162K(21504K)], 0.1673240 secs] [Times: user=1.24 sys=0.00, real=0.17 secs] 
374.040: Total time for which application threads were stopped: 0.2233850 seconds, Stopping threads took: 0.0000880 seconds
374.153: Application time: 0.1131820 seconds
374.153: [GC [PSYoungGen: 231424K->29270K(269824K)] 370260K->168107K(885760K), 0.0213570 secs] [Times: user=0.17 sys=0.00, real=0.02 secs] 
374.174: Total time for which application threads were stopped: 0.0215630 seconds, Stopping threads took: 0.0001130 seconds
374.264: Application time: 0.0899060 seconds
374.264: [GC [PSYoungGen: 260694K->38399K(269824K)] 399531K->216965K(885760K), 0.0413140 secs] [Times: user=0.33 sys=0.00, real=0.04 secs] 
374.306: Total time for which application threads were stopped: 0.0414980 seconds, Stopping threads took: 0.0000990 seconds
374.396: Application time: 0.0904520 seconds
374.396: [GC [PSYoungGen: 269823K->38384K(269824K)] 448389K->268829K(885760K), 0.0534470 secs] [Times: user=0.41 sys=0.00, real=0.05 secs] 
374.450: Total time for which application threads were stopped: 0.0536160 seconds, Stopping threads took: 0.0000830 seconds
374.549: Application time: 0.0991380 seconds
374.549: [GC [PSYoungGen: 269808K->38384K(269824K)] 500253K->308393K(885760K), 0.0540020 secs] [Times: user=0.43 sys=0.00, real=0.06 secs] 
374.603: Total time for which application threads were stopped: 0.0541820 seconds, Stopping threads took: 0.0000930 seconds
374.716: Application time: 0.1124910 seconds
374.717: [GC [PSYoungGen: 269808K->38368K(269824K)] 539817K->336566K(885760K), 0.0533440 secs] [Times: user=0.42 sys=0.00, real=0.05 secs] 
374.770: Total time for which application threads were stopped: 0.0547510 seconds, Stopping threads took: 0.0013050 seconds
374.865: Application time: 0.0943670 seconds
374.865: [GC [PSYoungGen: 269792K->38384K(269824K)] 567990K->383053K(885760K), 0.0597700 secs] [Times: user=0.48 sys=0.00, real=0.06 secs] 
374.925: Total time for which application threads were stopped: 0.0599550 seconds, Stopping threads took: 0.0000870 seconds
375.010: Application time: 0.0853650 seconds
375.010: [GC [PSYoungGen: 269808K->38384K(269824K)] 614477K->446277K(885760K), 0.0694360 secs] [Times: user=0.54 sys=0.00, real=0.07 secs] 
375.080: Total time for which application threads were stopped: 0.0696110 seconds, Stopping threads took: 0.0000870 seconds
375.181: Application time: 0.1009300 seconds
375.181: [GC [PSYoungGen: 269808K->38384K(269824K)] 677701K->489950K(885760K), 0.0628180 secs] [Times: user=0.50 sys=0.00, real=0.07 secs] 
375.244: Total time for which application threads were stopped: 0.0629850 seconds, Stopping threads took: 0.0000800 seconds
375.358: Application time: 0.1140430 seconds
375.358: [GC [PSYoungGen: 269808K->38368K(269824K)] 721374K->517460K(885760K), 0.0573740 secs] [Times: user=0.45 sys=0.00, real=0.06 secs] 
375.415: Total time for which application threads were stopped: 0.0575420 seconds, Stopping threads took: 0.0000740 seconds
375.507: Application time: 0.0916040 seconds
375.507: [GC [PSYoungGen: 269788K->38368K(269824K)] 748880K->566378K(885760K), 0.0640270 secs] [Times: user=0.50 sys=0.00, real=0.06 secs] 
375.571: Total time for which application threads were stopped: 0.0642060 seconds, Stopping threads took: 0.0000940 seconds
375.659: Application time: 0.0878970 seconds
375.659: [GC [PSYoungGen: 269792K->38368K(269824K)] 797802K->624637K(885760K), 0.0678310 secs] [Times: user=0.53 sys=0.00, real=0.07 secs] 
375.727: [Full GC [PSYoungGen: 38368K->0K(269824K)] [ParOldGen: 586269K->140480K(615936K)] 624637K->140480K(885760K) [PSPermGen: 9162K->9162K(21504K)], 0.1665890 secs] [Times: user=1.23 sys=0.00, real=0.17 secs] 
375.894: Total time for which application threads were stopped: 0.2346790 seconds, Stopping threads took: 0.0000970 seconds
375.991: Application time: 0.0976060 seconds
375.993: [GC [PSYoungGen: 231424K->38390K(269824K)] 371904K->187652K(885760K), 0.0274720 secs] [Times: user=0.21 sys=0.00, real=0.02 secs] 
376.020: Total time for which application threads were stopped: 0.0292810 seconds, Stopping threads took: 0.0017120 seconds
376.134: Application time: 0.1133990 seconds
376.134: [GC [PSYoungGen: 269814K->38368K(269824K)] 419076K->208000K(885760K), 0.0364860 secs] [Times: user=0.29 sys=0.00, real=0.03 secs] 
376.171: Total time for which application threads were stopped: 0.0366650 seconds, Stopping threads took: 0.0000950 seconds
376.264: Application time: 0.0931520 seconds
376.264: [GC [PSYoungGen: 269792K->38384K(269824K)] 439424K->253278K(885760K), 0.0493850 secs] [Times: user=0.39 sys=0.00, real=0.05 secs] 
376.313: Total time for which application threads were stopped: 0.0495570 seconds, Stopping threads took: 0.0000860 seconds
376.402: Application time: 0.0887200 seconds
376.402: [GC [PSYoungGen: 269808K->38384K(269824K)] 484702K->306816K(885760K), 0.0571680 secs] [Times: user=0.45 sys=0.00, real=0.05 secs] 
376.459: Total time for which application threads were stopped: 0.0573500 seconds, Stopping threads took: 0.0000960 seconds
376.559: Application time: 0.0996900 seconds
376.559: [GC [PSYoungGen: 269808K->38368K(269824K)] 538240K->355224K(885760K), 0.0578480 secs] [Times: user=0.46 sys=0.00, real=0.06 secs] 
376.617: Total time for which application threads were stopped: 0.0580120 seconds, Stopping threads took: 0.0000650 seconds
376.729: Application time: 0.1116040 seconds
376.729: [GC [PSYoungGen: 269792K->38368K(269824K)] 586648K->386892K(885760K), 0.0528380 secs] [Times: user=0.42 sys=0.00, real=0.06 secs] 
376.782: Total time for which application threads were stopped: 0.0530200 seconds, Stopping threads took: 0.0000980 seconds
376.882: Application time: 0.1006330 seconds
376.882: [GC [PSYoungGen: 269792K->38384K(269824K)] 618316K->430159K(885760K), 0.0552280 secs] [Times: user=0.44 sys=0.00, real=0.05 secs] 
376.938: Total time for which application threads were stopped: 0.0553900 seconds, Stopping threads took: 0.0000780 seconds
377.025: Application time: 0.0868390 seconds
377.025: [GC [PSYoungGen: 269808K->38384K(269824K)] 661583K->487571K(885760K), 0.0599540 secs] [Times: user=0.47 sys=0.00, real=0.06 secs] 
377.085: Total time for which application threads were stopped: 0.0601170 seconds, Stopping threads took: 0.0000780 seconds
377.184: Application time: 0.0989090 seconds
377.184: [GC [PSYoungGen: 269808K->38384K(269824K)] 718995K->534834K(885760K), 0.0590990 secs] [Times: user=0.46 sys=0.00, real=0.06 secs] 
377.243: Total time for which application threads were stopped: 0.0592780 seconds, Stopping threads took: 0.0000830 seconds
377.352: Application time: 0.1087400 seconds
377.353: [GC [PSYoungGen: 269799K->38368K(269824K)] 766250K->567431K(885760K), 0.0526280 secs] [Times: user=0.41 sys=0.01, real=0.05 secs] 
377.406: Total time for which application threads were stopped: 0.0540260 seconds, Stopping threads took: 0.0013160 seconds
377.507: Application time: 0.1014710 seconds
377.507: [GC [PSYoungGen: 269792K->38368K(269824K)] 798855K->610426K(885760K), 0.0568760 secs] [Times: user=0.45 sys=0.00, real=0.06 secs] 
377.564: [Full GC [PSYoungGen: 38368K->0K(269824K)] [ParOldGen: 572058K->124649K(615936K)] 610426K->124649K(885760K) [PSPermGen: 9162K->9162K(21504K)], 0.1487360 secs] [Times: user=1.08 sys=0.00, real=0.15 secs] 
377.713: Total time for which application threads were stopped: 0.2058540 seconds, Stopping threads took: 0.0000870 seconds
377.797: Application time: 0.0842620 seconds
377.797: [GC [PSYoungGen: 231424K->38398K(269824K)] 356073K->181020K(885760K), 0.0292230 secs] [Times: user=0.23 sys=0.00, real=0.03 secs] 
377.827: Total time for which application threads were stopped: 0.0294270 seconds, Stopping threads took: 0.0001000 seconds
377.926: Application time: 0.0996220 seconds
377.926: [GC [PSYoungGen: 269822K->38384K(269824K)] 412444K->219521K(885760K), 0.0428280 secs] [Times: user=0.34 sys=0.00, real=0.04 secs] 
377.969: Total time for which application threads were stopped: 0.0430060 seconds, Stopping threads took: 0.0000920 seconds
378.079: Application time: 0.1100810 seconds
378.079: [GC [PSYoungGen: 269808K->38384K(269824K)] 450945K->246346K(885760K), 0.0408190 secs] [Times: user=0.32 sys=0.00, real=0.04 secs] 
378.120: Total time for which application threads were stopped: 0.0410020 seconds, Stopping threads took: 0.0000930 seconds
378.222: Application time: 0.1014930 seconds
378.222: [GC [PSYoungGen: 269808K->38368K(269824K)] 477770K->284952K(885760K), 0.0492210 secs] [Times: user=0.38 sys=0.00, real=0.04 secs] 
378.271: Total time for which application threads were stopped: 0.0493870 seconds, Stopping threads took: 0.0000790 seconds
378.353: Application time: 0.0816770 seconds
378.357: [GC [PSYoungGen: 269792K->38384K(269824K)] 516376K->335890K(885760K), 0.0520370 secs] [Times: user=0.41 sys=0.00, real=0.05 secs] 
378.409: Total time for which application threads were stopped: 0.0561380 seconds, Stopping threads took: 0.0039970 seconds
378.512: Application time: 0.1025060 seconds
378.513: [GC [PSYoungGen: 269808K->38368K(269824K)] 567314K->388712K(885760K), 0.0615730 secs] [Times: user=0.48 sys=0.00, real=0.06 secs] 
378.575: Total time for which application threads were stopped: 0.0630160 seconds, Stopping threads took: 0.0013580 seconds
378.683: Application time: 0.1086400 seconds
378.685: [GC [PSYoungGen: 269775K->38368K(269824K)] 620119K->421277K(885760K), 0.0497320 secs] [Times: user=0.39 sys=0.00, real=0.05 secs] 
378.735: Total time for which application threads were stopped: 0.0515040 seconds, Stopping threads took: 0.0016840 seconds
378.835: Application time: 0.1001150 seconds
378.835: [GC [PSYoungGen: 269792K->38368K(269824K)] 652701K->465987K(885760K), 0.0541910 secs] [Times: user=0.43 sys=0.00, real=0.05 secs] 
378.889: Total time for which application threads were stopped: 0.0543920 seconds, Stopping threads took: 0.0001100 seconds
378.968: Application time: 0.0786370 seconds
378.968: Total time for which application threads were stopped: 0.0001220 seconds, Stopping threads took: 0.0000870 seconds
378.979: Application time: 0.0108950 seconds
378.979: [GC [PSYoungGen: 269792K->38368K(269824K)] 697411K->520408K(885760K), 0.0558580 secs] [Times: user=0.43 sys=0.00, real=0.06 secs] 
379.035: Total time for which application threads were stopped: 0.0560200 seconds, Stopping threads took: 0.0000760 seconds
379.149: Application time: 0.1143360 seconds
379.149: [GC [PSYoungGen: 269792K->38384K(269824K)] 751832K->556713K(885760K), 0.0535430 secs] [Times: user=0.42 sys=0.00, real=0.06 secs] 
379.203: Total time for which application threads were stopped: 0.0537000 seconds, Stopping threads took: 0.0000750 seconds
379.204: Application time: 0.0011900 seconds
379.204: Total time for which application threads were stopped: 0.0000950 seconds, Stopping threads took: 0.0000770 seconds
379.270: Application time: 0.0655640 seconds
379.270: Total time for which application threads were stopped: 0.0000690 seconds, Stopping threads took: 0.0000470 seconds
379.304: Application time: 0.0340020 seconds
379.304: Total time for which application threads were stopped: 0.0000690 seconds, Stopping threads took: 0.0000480 seconds
379.329: Application time: 0.0247650 seconds
379.329: Total time for which application threads were stopped: 0.0000650 seconds, Stopping threads took: 0.0000430 seconds
379.362: Application time: 0.0330310 seconds
379.362: Total time for which application threads were stopped: 0.0000570 seconds, Stopping threads took: 0.0000350 seconds
379.372: Application time: 0.0103400 seconds
379.372: [GC [PSYoungGen: 269808K->38368K(269824K)] 788137K->574645K(885760K), 0.0449070 secs] [Times: user=0.35 sys=0.01, real=0.05 secs] 
379.417: Total time for which application threads were stopped: 0.0449980 seconds, Stopping threads took: 0.0000110 seconds
379.654: Application time: 0.2367140 seconds
379.654: Total time for which application threads were stopped: 0.0000650 seconds, Stopping threads took: 0.0000140 seconds
379.718: Application time: 0.0641340 seconds
379.718: Total time for which application threads were stopped: 0.0000410 seconds, Stopping threads took: 0.0000150 seconds
379.731: Application time: 0.0130670 seconds
379.731: Total time for which application threads were stopped: 0.0001780 seconds, Stopping threads took: 0.0000080 seconds
380.285: Application time: 0.5540360 seconds
380.286: Total time for which application threads were stopped: 0.0000780 seconds, Stopping threads took: 0.0000130 seconds
Heap
 PSYoungGen      total 269824K, used 106137K [0x00000000ed300000, 0x0000000100000000, 0x0000000100000000)
  eden space 231424K, 29% used [0x00000000ed300000,0x00000000f152e370,0x00000000fb500000)
  from space 38400K, 99% used [0x00000000fda80000,0x00000000ffff8180,0x0000000100000000)
  to   space 38400K, 0% used [0x00000000fb500000,0x00000000fb500000,0x00000000fda80000)
 ParOldGen       total 615936K, used 536277K [0x00000000c7980000, 0x00000000ed300000, 0x00000000ed300000)
  object space 615936K, 87% used [0x00000000c7980000,0x00000000e8535570,0x00000000ed300000)
 PSPermGen       total 21504K, used 16743K [0x00000000c2780000, 0x00000000c3c80000, 0x00000000c7980000)
  object space 21504K, 77% used [0x00000000c2780000,0x00000000c37d9d18,0x00000000c3c80000)
380.286: Application time: 0.0001780 seconds
