Java HotSpot(TM) 64-Bit Server VM (24.80-b11) for linux-amd64 JRE (1.7.0_80-b15), built on Apr 10 2015 19:53:14 by "java_re" with gcc 4.3.0 20080428 (Red Hat 4.3.0-8)
Memory: 4k page, physical 8000092k(6069964k free), swap 8218620k(8218620k free)
CommandLine flags: -XX:InitialHeapSize=375405568 -XX:MaxHeapSize=375405568 -XX:+PrintGC -XX:+PrintGCApplicationConcurrentTime -XX:+PrintGCApplicationStoppedTime -XX:+PrintGCDetails -XX:+PrintGCTimeStamps -XX:-UseAdaptiveSizePolicy -XX:+UseCompressedOops -XX:+UseParallelGC 
1.008: Application time: 0.9845280 seconds
1.008: Total time for which application threads were stopped: 0.0000430 seconds, Stopping threads took: 0.0000110 seconds
4.029: Application time: 3.0206260 seconds
4.029: Total time for which application threads were stopped: 0.0000640 seconds, Stopping threads took: 0.0000100 seconds
14.715: Application time: 10.6861590 seconds
14.715: Total time for which application threads were stopped: 0.0000220 seconds, Stopping threads took: 0.0000070 seconds
14.715: Application time: 0.0000270 seconds
14.715: Total time for which application threads were stopped: 0.0000070 seconds, Stopping threads took: 0.0000030 seconds
14.716: Application time: 0.0014430 seconds
14.716: Total time for which application threads were stopped: 0.0000100 seconds, Stopping threads took: 0.0000040 seconds
14.737: Application time: 0.0209610 seconds
14.737: Total time for which application threads were stopped: 0.0000400 seconds, Stopping threads took: 0.0000110 seconds
14.750: Application time: 0.0123450 seconds
14.750: [GC [PSYoungGen: 14864K->3341K(107520K)] 14864K->3349K(352256K), 0.0023210 secs] [Times: user=0.00 sys=0.00, real=0.00 secs] 
14.752: [Full GC [PSYoungGen: 3341K->0K(107520K)] [ParOldGen: 8K->3145K(244736K)] 3349K->3145K(352256K) [PSPermGen: 5076K->5074K(21504K)], 0.0111440 secs] [Times: user=0.04 sys=0.00, real=0.01 secs] 
14.763: Total time for which application threads were stopped: 0.0135950 seconds, Stopping threads took: 0.0000170 seconds
14.763: Application time: 0.0000340 seconds
14.763: [GC [PSYoungGen: 0K->0K(107520K)] 3145K->3145K(352256K), 0.0002950 secs] [Times: user=0.00 sys=0.00, real=0.00 secs] 
14.764: [Full GC [PSYoungGen: 0K->0K(107520K)] [ParOldGen: 3145K->3145K(244736K)] 3145K->3145K(352256K) [PSPermGen: 5074K->5074K(21504K)], 0.0041010 secs] [Times: user=0.01 sys=0.01, real=0.01 secs] 
14.768: Total time for which application threads were stopped: 0.0044860 seconds, Stopping threads took: 0.0000060 seconds
14.768: Application time: 0.0000820 seconds
14.768: Total time for which application threads were stopped: 0.0000260 seconds, Stopping threads took: 0.0000160 seconds
14.768: Application time: 0.0000230 seconds
14.768: Total time for which application threads were stopped: 0.0000150 seconds, Stopping threads took: 0.0000110 seconds
14.768: Application time: 0.0000210 seconds
14.768: Total time for which application threads were stopped: 0.0000160 seconds, Stopping threads took: 0.0000110 seconds
14.768: Application time: 0.0000400 seconds
14.768: Total time for which application threads were stopped: 0.0000200 seconds, Stopping threads took: 0.0000150 seconds
14.768: Application time: 0.0000610 seconds
14.768: Total time for which application threads were stopped: 0.0000170 seconds, Stopping threads took: 0.0000120 seconds
14.768: Application time: 0.0000130 seconds
14.768: Total time for which application threads were stopped: 0.0000180 seconds, Stopping threads took: 0.0000140 seconds
14.768: Application time: 0.0000120 seconds
14.768: Total time for which application threads were stopped: 0.0000150 seconds, Stopping threads took: 0.0000110 seconds
14.768: Application time: 0.0000110 seconds
14.768: Total time for which application threads were stopped: 0.0000210 seconds, Stopping threads took: 0.0000160 seconds
14.768: Application time: 0.0000400 seconds
14.768: Total time for which application threads were stopped: 0.0000160 seconds, Stopping threads took: 0.0000110 seconds
14.768: Application time: 0.0000110 seconds
14.768: Total time for which application threads were stopped: 0.0000150 seconds, Stopping threads took: 0.0000100 seconds
14.768: Application time: 0.0000110 seconds
14.768: Total time for which application threads were stopped: 0.0000150 seconds, Stopping threads took: 0.0000100 seconds
14.768: Application time: 0.0000110 seconds
14.768: Total time for which application threads were stopped: 0.0000180 seconds, Stopping threads took: 0.0000130 seconds
14.768: Application time: 0.0000110 seconds
14.768: Total time for which application threads were stopped: 0.0000140 seconds, Stopping threads took: 0.0000100 seconds
14.768: Application time: 0.0000100 seconds
14.768: Total time for which application threads were stopped: 0.0000080 seconds, Stopping threads took: 0.0000050 seconds
14.768: Application time: 0.0000100 seconds
14.769: Total time for which application threads were stopped: 0.0000140 seconds, Stopping threads took: 0.0000100 seconds
14.769: Application time: 0.0000110 seconds
14.769: Total time for which application threads were stopped: 0.0000140 seconds, Stopping threads took: 0.0000100 seconds
14.769: Application time: 0.0000110 seconds
14.769: Total time for which application threads were stopped: 0.0000140 seconds, Stopping threads took: 0.0000100 seconds
14.769: Application time: 0.0000100 seconds
14.769: Total time for which application threads were stopped: 0.0000140 seconds, Stopping threads took: 0.0000090 seconds
14.769: Application time: 0.0000110 seconds
14.769: Total time for which application threads were stopped: 0.0000140 seconds, Stopping threads took: 0.0000100 seconds
14.769: Application time: 0.0000100 seconds
14.769: Total time for which application threads were stopped: 0.0000210 seconds, Stopping threads took: 0.0000090 seconds
14.769: Application time: 0.0004660 seconds
14.769: Total time for which application threads were stopped: 0.0000250 seconds, Stopping threads took: 0.0000180 seconds
14.889: Application time: 0.1195310 seconds
14.889: Total time for which application threads were stopped: 0.0000510 seconds, Stopping threads took: 0.0000100 seconds
15.174: Application time: 0.2852460 seconds
15.174: [GC [PSYoungGen: 92672K->2642K(107520K)] 95817K->5859K(352256K), 0.0034250 secs] [Times: user=0.01 sys=0.01, real=0.00 secs] 
15.178: Total time for which application threads were stopped: 0.0035290 seconds, Stopping threads took: 0.0000140 seconds
15.178: Application time: 0.0000750 seconds
15.178: Total time for which application threads were stopped: 0.0000390 seconds, Stopping threads took: 0.0000260 seconds
15.178: Application time: 0.0000190 seconds
15.178: Total time for which application threads were stopped: 0.0000230 seconds, Stopping threads took: 0.0000130 seconds
15.178: Application time: 0.0000120 seconds
15.178: Total time for which application threads were stopped: 0.0000100 seconds, Stopping threads took: 0.0000050 seconds
15.178: Application time: 0.0000130 seconds
15.178: Total time for which application threads were stopped: 0.0000190 seconds, Stopping threads took: 0.0000150 seconds
15.178: Application time: 0.0000110 seconds
15.178: Total time for which application threads were stopped: 0.0000180 seconds, Stopping threads took: 0.0000130 seconds
15.178: Application time: 0.0000100 seconds
15.178: Total time for which application threads were stopped: 0.0000190 seconds, Stopping threads took: 0.0000140 seconds
15.178: Application time: 0.0000100 seconds
15.178: Total time for which application threads were stopped: 0.0000180 seconds, Stopping threads took: 0.0000130 seconds
15.178: Application time: 0.0000100 seconds
15.178: Total time for which application threads were stopped: 0.0000170 seconds, Stopping threads took: 0.0000130 seconds
15.178: Application time: 0.0000100 seconds
15.178: Total time for which application threads were stopped: 0.0000160 seconds, Stopping threads took: 0.0000110 seconds
15.178: Application time: 0.0000160 seconds
15.178: Total time for which application threads were stopped: 0.0000200 seconds, Stopping threads took: 0.0000160 seconds
15.178: Application time: 0.0000100 seconds
15.178: Total time for which application threads were stopped: 0.0000090 seconds, Stopping threads took: 0.0000050 seconds
15.178: Application time: 0.0000100 seconds
15.178: Total time for which application threads were stopped: 0.0000240 seconds, Stopping threads took: 0.0000200 seconds
15.178: Application time: 0.0000100 seconds
15.178: Total time for which application threads were stopped: 0.0000100 seconds, Stopping threads took: 0.0000050 seconds
15.178: Application time: 0.0000100 seconds
15.178: Total time for which application threads were stopped: 0.0000250 seconds, Stopping threads took: 0.0000170 seconds
15.178: Application time: 0.0000110 seconds
15.178: Total time for which application threads were stopped: 0.0000160 seconds, Stopping threads took: 0.0000120 seconds
15.178: Application time: 0.0000100 seconds
15.178: Total time for which application threads were stopped: 0.0000210 seconds, Stopping threads took: 0.0000140 seconds
15.178: Application time: 0.0000110 seconds
15.178: Total time for which application threads were stopped: 0.0000220 seconds, Stopping threads took: 0.0000180 seconds
15.178: Application time: 0.0000090 seconds
15.178: Total time for which application threads were stopped: 0.0000200 seconds, Stopping threads took: 0.0000070 seconds
15.178: Application time: 0.0000110 seconds
15.178: Total time for which application threads were stopped: 0.0000200 seconds, Stopping threads took: 0.0000160 seconds
15.178: Application time: 0.0000100 seconds
15.178: Total time for which application threads were stopped: 0.0000190 seconds, Stopping threads took: 0.0000110 seconds
15.178: Application time: 0.0000110 seconds
15.178: Total time for which application threads were stopped: 0.0000200 seconds, Stopping threads took: 0.0000150 seconds
15.178: Application time: 0.0000090 seconds
15.178: Total time for which application threads were stopped: 0.0000180 seconds, Stopping threads took: 0.0000110 seconds
15.178: Application time: 0.0000100 seconds
15.178: Total time for which application threads were stopped: 0.0000180 seconds, Stopping threads took: 0.0000140 seconds
15.178: Application time: 0.0000090 seconds
15.178: Total time for which application threads were stopped: 0.0000230 seconds, Stopping threads took: 0.0000120 seconds
15.178: Application time: 0.0000130 seconds
15.178: Total time for which application threads were stopped: 0.0000160 seconds, Stopping threads took: 0.0000110 seconds
15.178: Application time: 0.0000100 seconds
15.178: Total time for which application threads were stopped: 0.0000210 seconds, Stopping threads took: 0.0000100 seconds
15.178: Application time: 0.0000100 seconds
15.178: Total time for which application threads were stopped: 0.0000200 seconds, Stopping threads took: 0.0000150 seconds
15.178: Application time: 0.0000090 seconds
15.178: Total time for which application threads were stopped: 0.0000240 seconds, Stopping threads took: 0.0000150 seconds
15.178: Application time: 0.0000100 seconds
15.179: Total time for which application threads were stopped: 0.0000250 seconds, Stopping threads took: 0.0000150 seconds
15.179: Application time: 0.0000100 seconds
15.179: Total time for which application threads were stopped: 0.0000230 seconds, Stopping threads took: 0.0000160 seconds
15.179: Application time: 0.0000110 seconds
15.179: Total time for which application threads were stopped: 0.0000200 seconds, Stopping threads took: 0.0000130 seconds
15.179: Application time: 0.0000110 seconds
15.179: Total time for which application threads were stopped: 0.0000180 seconds, Stopping threads took: 0.0000110 seconds
15.179: Application time: 0.0000110 seconds
15.179: Total time for which application threads were stopped: 0.0000180 seconds, Stopping threads took: 0.0000100 seconds
15.179: Application time: 0.0000120 seconds
15.179: Total time for which application threads were stopped: 0.0000210 seconds, Stopping threads took: 0.0000130 seconds
15.179: Application time: 0.0000120 seconds
15.179: Total time for which application threads were stopped: 0.0000190 seconds, Stopping threads took: 0.0000110 seconds
15.179: Application time: 0.0000120 seconds
15.179: Total time for which application threads were stopped: 0.0000190 seconds, Stopping threads took: 0.0000100 seconds
15.179: Application time: 0.0000110 seconds
15.179: Total time for which application threads were stopped: 0.0000210 seconds, Stopping threads took: 0.0000130 seconds
15.179: Application time: 0.0000110 seconds
15.179: Total time for which application threads were stopped: 0.0000180 seconds, Stopping threads took: 0.0000100 seconds
15.179: Application time: 0.0000110 seconds
15.179: Total time for which application threads were stopped: 0.0000210 seconds, Stopping threads took: 0.0000110 seconds
16.179: Application time: 1.0000800 seconds
16.179: Total time for which application threads were stopped: 0.0000860 seconds, Stopping threads took: 0.0000240 seconds
16.578: Application time: 0.3991590 seconds
16.578: Total time for which application threads were stopped: 0.0000520 seconds, Stopping threads took: 0.0000100 seconds
16.582: Application time: 0.0034480 seconds
16.582: Total time for which application threads were stopped: 0.0000250 seconds, Stopping threads took: 0.0000090 seconds
17.582: Application time: 1.0000830 seconds
17.582: Total time for which application threads were stopped: 0.0001680 seconds, Stopping threads took: 0.0000190 seconds
18.582: Application time: 1.0000680 seconds
18.582: Total time for which application threads were stopped: 0.0001020 seconds, Stopping threads took: 0.0000150 seconds
18.629: Application time: 0.0465700 seconds
18.629: Total time for which application threads were stopped: 0.0000340 seconds, Stopping threads took: 0.0000110 seconds
18.918: Application time: 0.2888370 seconds
18.918: [GC [PSYoungGen: 95314K->5459K(107520K)] 98531K->8749K(352256K), 0.0033650 secs] [Times: user=0.02 sys=0.00, real=0.00 secs] 
18.921: Total time for which application threads were stopped: 0.0034760 seconds, Stopping threads took: 0.0000130 seconds
18.921: Application time: 0.0000910 seconds
18.921: Total time for which application threads were stopped: 0.0001040 seconds, Stopping threads took: 0.0000520 seconds
18.921: Application time: 0.0000370 seconds
18.921: Total time for which application threads were stopped: 0.0000550 seconds, Stopping threads took: 0.0000350 seconds
18.921: Application time: 0.0000730 seconds
18.921: Total time for which application threads were stopped: 0.0000340 seconds, Stopping threads took: 0.0000130 seconds
18.921: Application time: 0.0000240 seconds
18.921: Total time for which application threads were stopped: 0.0000330 seconds, Stopping threads took: 0.0000130 seconds
18.922: Application time: 0.0000730 seconds
18.922: Total time for which application threads were stopped: 0.0000390 seconds, Stopping threads took: 0.0000140 seconds
18.922: Application time: 0.0000810 seconds
18.922: Total time for which application threads were stopped: 0.0000350 seconds, Stopping threads took: 0.0000100 seconds
18.922: Application time: 0.0000160 seconds
18.922: Total time for which application threads were stopped: 0.0000310 seconds, Stopping threads took: 0.0000100 seconds
18.922: Application time: 0.0000140 seconds
18.922: Total time for which application threads were stopped: 0.0000300 seconds, Stopping threads took: 0.0000100 seconds
18.922: Application time: 0.0000550 seconds
18.922: Total time for which application threads were stopped: 0.0000310 seconds, Stopping threads took: 0.0000060 seconds
18.922: Application time: 0.0000130 seconds
18.922: Total time for which application threads were stopped: 0.0000250 seconds, Stopping threads took: 0.0000040 seconds
18.922: Application time: 0.0000120 seconds
18.922: Total time for which application threads were stopped: 0.0000240 seconds, Stopping threads took: 0.0000050 seconds
18.922: Application time: 0.0000120 seconds
18.922: Total time for which application threads were stopped: 0.0000280 seconds, Stopping threads took: 0.0000060 seconds
18.922: Application time: 0.0000110 seconds
18.922: Total time for which application threads were stopped: 0.0000240 seconds, Stopping threads took: 0.0000050 seconds
18.922: Application time: 0.0000110 seconds
18.922: Total time for which application threads were stopped: 0.0000250 seconds, Stopping threads took: 0.0000050 seconds
18.922: Application time: 0.0000110 seconds
18.922: Total time for which application threads were stopped: 0.0000240 seconds, Stopping threads took: 0.0000050 seconds
18.922: Application time: 0.0000120 seconds
18.922: Total time for which application threads were stopped: 0.0000250 seconds, Stopping threads took: 0.0000050 seconds
18.922: Application time: 0.0000120 seconds
18.922: Total time for which application threads were stopped: 0.0000250 seconds, Stopping threads took: 0.0000050 seconds
18.922: Application time: 0.0000120 seconds
18.922: Total time for which application threads were stopped: 0.0000250 seconds, Stopping threads took: 0.0000050 seconds
18.922: Application time: 0.0000120 seconds
18.922: Total time for which application threads were stopped: 0.0000240 seconds, Stopping threads took: 0.0000050 seconds
18.922: Application time: 0.0000110 seconds
18.922: Total time for which application threads were stopped: 0.0000270 seconds, Stopping threads took: 0.0000050 seconds
19.922: Application time: 1.0000760 seconds
19.922: Total time for which application threads were stopped: 0.0000650 seconds, Stopping threads took: 0.0000110 seconds
20.923: Application time: 1.0000850 seconds
20.923: Total time for which application threads were stopped: 0.0001390 seconds, Stopping threads took: 0.0000280 seconds
21.815: Application time: 0.8920040 seconds
21.815: [GC [PSYoungGen: 98131K->4674K(107520K)] 101421K->7971K(352256K), 0.0027280 secs] [Times: user=0.01 sys=0.01, real=0.00 secs] 
21.818: Total time for which application threads were stopped: 0.0028620 seconds, Stopping threads took: 0.0000100 seconds
22.818: Application time: 1.0000790 seconds
22.818: Total time for which application threads were stopped: 0.0000370 seconds, Stopping threads took: 0.0000110 seconds
24.760: Application time: 1.9418880 seconds
24.760: [GC [PSYoungGen: 97346K->6078K(107520K)] 100643K->9383K(352256K), 0.0030360 secs] [Times: user=0.02 sys=0.00, real=0.00 secs] 
24.763: Total time for which application threads were stopped: 0.0031650 seconds, Stopping threads took: 0.0000110 seconds
25.763: Application time: 1.0000800 seconds
25.763: Total time for which application threads were stopped: 0.0000490 seconds, Stopping threads took: 0.0000120 seconds
26.203: Application time: 0.4398750 seconds
26.203: Total time for which application threads were stopped: 0.0000410 seconds, Stopping threads took: 0.0000260 seconds
26.203: Application time: 0.0001230 seconds
26.203: Total time for which application threads were stopped: 0.0000390 seconds, Stopping threads took: 0.0000290 seconds
26.203: Application time: 0.0000170 seconds
26.203: Total time for which application threads were stopped: 0.0000300 seconds, Stopping threads took: 0.0000240 seconds
26.203: Application time: 0.0001220 seconds
26.203: Total time for which application threads were stopped: 0.0000520 seconds, Stopping threads took: 0.0000410 seconds
26.203: Application time: 0.0000310 seconds
26.203: Total time for which application threads were stopped: 0.0000420 seconds, Stopping threads took: 0.0000350 seconds
26.203: Application time: 0.0000270 seconds
26.203: Total time for which application threads were stopped: 0.0000260 seconds, Stopping threads took: 0.0000210 seconds
26.203: Application time: 0.0000410 seconds
26.206: Total time for which application threads were stopped: 0.0025580 seconds, Stopping threads took: 0.0025510 seconds
26.206: Application time: 0.0001180 seconds
26.206: Total time for which application threads were stopped: 0.0000390 seconds, Stopping threads took: 0.0000280 seconds
26.206: Application time: 0.0000390 seconds
26.206: Total time for which application threads were stopped: 0.0000420 seconds, Stopping threads took: 0.0000340 seconds
26.226: Application time: 0.0195810 seconds
26.230: Total time for which application threads were stopped: 0.0041800 seconds, Stopping threads took: 0.0041650 seconds
26.230: Application time: 0.0000260 seconds
26.230: Total time for which application threads were stopped: 0.0000510 seconds, Stopping threads took: 0.0000460 seconds
26.230: Application time: 0.0000560 seconds
26.230: Total time for which application threads were stopped: 0.0000460 seconds, Stopping threads took: 0.0000370 seconds
26.232: Application time: 0.0021990 seconds
26.233: Total time for which application threads were stopped: 0.0005170 seconds, Stopping threads took: 0.0005030 seconds
26.235: Application time: 0.0023000 seconds
26.235: Total time for which application threads were stopped: 0.0000820 seconds, Stopping threads took: 0.0000440 seconds
26.240: Application time: 0.0047790 seconds
26.240: Total time for which application threads were stopped: 0.0001000 seconds, Stopping threads took: 0.0000590 seconds
26.240: Application time: 0.0003630 seconds
26.241: Total time for which application threads were stopped: 0.0000570 seconds, Stopping threads took: 0.0000410 seconds
26.257: Application time: 0.0164270 seconds
26.257: [GC [PSYoungGen: 98750K->6421K(107520K)] 102055K->9727K(352256K), 0.0034190 secs] [Times: user=0.02 sys=0.00, real=0.00 secs] 
26.261: Total time for which application threads were stopped: 0.0035630 seconds, Stopping threads took: 0.0000590 seconds
26.272: Application time: 0.0111370 seconds
26.272: Total time for which application threads were stopped: 0.0001050 seconds, Stopping threads took: 0.0000660 seconds
26.275: Application time: 0.0034840 seconds
26.275: Total time for which application threads were stopped: 0.0000610 seconds, Stopping threads took: 0.0000440 seconds
26.290: Application time: 0.0146100 seconds
26.290: Total time for which application threads were stopped: 0.0000750 seconds, Stopping threads took: 0.0000530 seconds
26.290: Application time: 0.0003330 seconds
26.290: Total time for which application threads were stopped: 0.0001460 seconds, Stopping threads took: 0.0000340 seconds
26.403: Application time: 0.1123060 seconds
26.403: [GC [PSYoungGen: 99093K->6797K(107520K)] 102399K->10111K(352256K), 0.0044200 secs] [Times: user=0.03 sys=0.00, real=0.01 secs] 
26.407: Total time for which application threads were stopped: 0.0046120 seconds, Stopping threads took: 0.0000800 seconds
26.477: Application time: 0.0697260 seconds
26.477: Total time for which application threads were stopped: 0.0001790 seconds, Stopping threads took: 0.0001180 seconds
26.512: Application time: 0.0347790 seconds
26.512: [GC [PSYoungGen: 99469K->7211K(107520K)] 102783K->10524K(352256K), 0.0040270 secs] [Times: user=0.02 sys=0.00, real=0.01 secs] 
26.516: Total time for which application threads were stopped: 0.0042470 seconds, Stopping threads took: 0.0001290 seconds
26.654: Application time: 0.1373680 seconds
26.654: [GC [PSYoungGen: 99883K->11613K(107520K)] 103196K->14926K(352256K), 0.0056790 secs] [Times: user=0.04 sys=0.01, real=0.01 secs] 
26.660: Total time for which application threads were stopped: 0.0058660 seconds, Stopping threads took: 0.0000800 seconds
26.809: Application time: 0.1489840 seconds
26.809: Total time for which application threads were stopped: 0.0001200 seconds, Stopping threads took: 0.0000590 seconds
26.809: Application time: 0.0000140 seconds
26.809: Total time for which application threads were stopped: 0.0000320 seconds, Stopping threads took: 0.0000250 seconds
26.810: Application time: 0.0010600 seconds
26.810: [GC [PSYoungGen: 104285K->14823K(107520K)] 107598K->18862K(352256K), 0.0057750 secs] [Times: user=0.02 sys=0.01, real=0.01 secs] 
26.816: Total time for which application threads were stopped: 0.0059310 seconds, Stopping threads took: 0.0000590 seconds
26.851: Application time: 0.0348580 seconds
26.851: Total time for which application threads were stopped: 0.0000910 seconds, Stopping threads took: 0.0000640 seconds
26.922: Application time: 0.0715520 seconds
26.922: [GC [PSYoungGen: 107495K->14821K(107520K)] 111534K->18956K(352256K), 0.0058520 secs] [Times: user=0.04 sys=0.00, real=0.01 secs] 
26.928: Total time for which application threads were stopped: 0.0060790 seconds, Stopping threads took: 0.0000790 seconds
26.939: Application time: 0.0102430 seconds
26.939: Total time for which application threads were stopped: 0.0000820 seconds, Stopping threads took: 0.0000540 seconds
27.034: Application time: 0.0951850 seconds
27.034: [GC [PSYoungGen: 107493K->14827K(107520K)] 111628K->19235K(352256K), 0.0058590 secs] [Times: user=0.04 sys=0.01, real=0.00 secs] 
27.040: Total time for which application threads were stopped: 0.0060260 seconds, Stopping threads took: 0.0000650 seconds
27.135: Application time: 0.0951370 seconds
27.136: [GC [PSYoungGen: 107499K->14835K(107520K)] 111907K->19610K(352256K), 0.0060320 secs] [Times: user=0.05 sys=0.00, real=0.00 secs] 
27.142: Total time for which application threads were stopped: 0.0070230 seconds, Stopping threads took: 0.0008900 seconds
27.224: Application time: 0.0816810 seconds
27.224: [GC [PSYoungGen: 107507K->14816K(107520K)] 112282K->19920K(352256K), 0.0057080 secs] [Times: user=0.04 sys=0.00, real=0.01 secs] 
27.230: Total time for which application threads were stopped: 0.0058980 seconds, Stopping threads took: 0.0000770 seconds
27.298: Application time: 0.0684160 seconds
27.298: [GC [PSYoungGen: 107488K->14766K(107520K)] 112592K->19869K(352256K), 0.0056580 secs] [Times: user=0.03 sys=0.00, real=0.00 secs] 
27.304: Total time for which application threads were stopped: 0.0058100 seconds, Stopping threads took: 0.0000640 seconds
27.386: Application time: 0.0824610 seconds
27.386: [GC [PSYoungGen: 107438K->14833K(107520K)] 112541K->20167K(352256K), 0.0063500 secs] [Times: user=0.04 sys=0.01, real=0.00 secs] 
27.393: Total time for which application threads were stopped: 0.0065360 seconds, Stopping threads took: 0.0000670 seconds
27.480: Application time: 0.0875070 seconds
27.480: [GC [PSYoungGen: 107505K->14832K(107520K)] 112839K->23641K(352256K), 0.0074230 secs] [Times: user=0.05 sys=0.00, real=0.01 secs] 
27.488: Total time for which application threads were stopped: 0.0076380 seconds, Stopping threads took: 0.0001000 seconds
27.595: Application time: 0.1065970 seconds
27.595: [GC [PSYoungGen: 107504K->12848K(107520K)] 116313K->22499K(352256K), 0.0050170 secs] [Times: user=0.03 sys=0.00, real=0.00 secs] 
27.600: Total time for which application threads were stopped: 0.0052490 seconds, Stopping threads took: 0.0001250 seconds
27.681: Application time: 0.0807340 seconds
27.681: [GC [PSYoungGen: 105520K->12912K(107520K)] 115171K->22619K(352256K), 0.0046830 secs] [Times: user=0.03 sys=0.00, real=0.00 secs] 
27.685: Total time for which application threads were stopped: 0.0048450 seconds, Stopping threads took: 0.0000710 seconds
27.772: Application time: 0.0868130 seconds
27.773: [GC [PSYoungGen: 105584K->13120K(107520K)] 115291K->22843K(352256K), 0.0046890 secs] [Times: user=0.04 sys=0.00, real=0.01 secs] 
27.777: Total time for which application threads were stopped: 0.0050270 seconds, Stopping threads took: 0.0002470 seconds
27.847: Application time: 0.0693400 seconds
27.847: [GC [PSYoungGen: 105792K->12064K(107520K)] 115515K->22736K(352256K), 0.0051320 secs] [Times: user=0.04 sys=0.00, real=0.00 secs] 
27.852: Total time for which application threads were stopped: 0.0053400 seconds, Stopping threads took: 0.0000840 seconds
27.908: Application time: 0.0562710 seconds
27.908: [GC [PSYoungGen: 104736K->12208K(107520K)] 115408K->22991K(352256K), 0.0049840 secs] [Times: user=0.04 sys=0.00, real=0.00 secs] 
27.913: Total time for which application threads were stopped: 0.0052400 seconds, Stopping threads took: 0.0001050 seconds
27.970: Application time: 0.0567790 seconds
27.970: [GC [PSYoungGen: 104880K->13856K(107520K)] 115663K->24719K(352256K), 0.0047770 secs] [Times: user=0.03 sys=0.00, real=0.01 secs] 
27.975: Total time for which application threads were stopped: 0.0049530 seconds, Stopping threads took: 0.0000830 seconds
28.020: Application time: 0.0452360 seconds
28.021: [GC [PSYoungGen: 106528K->13568K(107520K)] 117391K->25548K(352256K), 0.0049270 secs] [Times: user=0.03 sys=0.00, real=0.00 secs] 
28.026: Total time for which application threads were stopped: 0.0051750 seconds, Stopping threads took: 0.0001030 seconds
28.096: Application time: 0.0705710 seconds
28.096: [GC [PSYoungGen: 106240K->9696K(107520K)] 118220K->24866K(352256K), 0.0045810 secs] [Times: user=0.04 sys=0.00, real=0.00 secs] 
28.101: Total time for which application threads were stopped: 0.0048510 seconds, Stopping threads took: 0.0001370 seconds
28.163: Application time: 0.0623570 seconds
28.163: [GC [PSYoungGen: 102368K->8128K(107520K)] 117538K->23586K(352256K), 0.0033790 secs] [Times: user=0.03 sys=0.00, real=0.01 secs] 
28.167: Total time for which application threads were stopped: 0.0035180 seconds, Stopping threads took: 0.0000520 seconds
28.235: Application time: 0.0677590 seconds
28.238: [GC [PSYoungGen: 100800K->8240K(107520K)] 116258K->23746K(352256K), 0.0036220 secs] [Times: user=0.02 sys=0.00, real=0.00 secs] 
28.242: Total time for which application threads were stopped: 0.0070110 seconds, Stopping threads took: 0.0032880 seconds
28.305: Application time: 0.0629980 seconds
28.305: [GC [PSYoungGen: 100912K->8240K(107520K)] 116418K->23803K(352256K), 0.0033180 secs] [Times: user=0.02 sys=0.00, real=0.01 secs] 
28.308: Total time for which application threads were stopped: 0.0035240 seconds, Stopping threads took: 0.0000850 seconds
28.366: Application time: 0.0573570 seconds
28.366: [GC [PSYoungGen: 100912K->8512K(107520K)] 116475K->24130K(352256K), 0.0035600 secs] [Times: user=0.02 sys=0.00, real=0.01 secs] 
28.369: Total time for which application threads were stopped: 0.0037660 seconds, Stopping threads took: 0.0000950 seconds
28.414: Application time: 0.0450980 seconds
28.415: [GC [PSYoungGen: 101184K->8464K(107520K)] 116802K->24115K(352256K), 0.0038860 secs] [Times: user=0.02 sys=0.00, real=0.00 secs] 
28.419: Total time for which application threads were stopped: 0.0041230 seconds, Stopping threads took: 0.0000890 seconds
28.469: Application time: 0.0503480 seconds
28.469: [GC [PSYoungGen: 101136K->10512K(107520K)] 116787K->26170K(352256K), 0.0042120 secs] [Times: user=0.03 sys=0.00, real=0.00 secs] 
28.473: Total time for which application threads were stopped: 0.0043850 seconds, Stopping threads took: 0.0000560 seconds
28.535: Application time: 0.0615010 seconds
28.535: [GC [PSYoungGen: 103184K->9936K(107520K)] 118842K->26163K(352256K), 0.0040030 secs] [Times: user=0.03 sys=0.00, real=0.00 secs] 
28.539: Total time for which application threads were stopped: 0.0042010 seconds, Stopping threads took: 0.0000820 seconds
28.598: Application time: 0.0588790 seconds
28.598: [GC [PSYoungGen: 102608K->7904K(107520K)] 118835K->24131K(352256K), 0.0033820 secs] [Times: user=0.01 sys=0.01, real=0.00 secs] 
28.601: Total time for which application threads were stopped: 0.0035620 seconds, Stopping threads took: 0.0000620 seconds
28.662: Application time: 0.0603600 seconds
28.666: [GC [PSYoungGen: 100576K->7888K(107520K)] 116803K->24115K(352256K), 0.0030770 secs] [Times: user=0.01 sys=0.00, real=0.00 secs] 
28.669: Total time for which application threads were stopped: 0.0073020 seconds, Stopping threads took: 0.0041300 seconds
28.711: Application time: 0.0421970 seconds
28.714: [GC [PSYoungGen: 100560K->7856K(107520K)] 116787K->24091K(352256K), 0.0032220 secs] [Times: user=0.02 sys=0.01, real=0.00 secs] 
28.717: Total time for which application threads were stopped: 0.0059320 seconds, Stopping threads took: 0.0025990 seconds
28.768: Application time: 0.0508370 seconds
28.768: [GC [PSYoungGen: 100528K->7888K(107520K)] 116763K->24131K(352256K), 0.0035630 secs] [Times: user=0.03 sys=0.00, real=0.00 secs] 
28.772: Total time for which application threads were stopped: 0.0037440 seconds, Stopping threads took: 0.0000670 seconds
28.816: Application time: 0.0437630 seconds
28.816: [GC [PSYoungGen: 100560K->7840K(107520K)] 116803K->24083K(352256K), 0.0029680 secs] [Times: user=0.03 sys=0.00, real=0.00 secs] 
28.819: Total time for which application threads were stopped: 0.0031660 seconds, Stopping threads took: 0.0001000 seconds
28.862: Application time: 0.0429270 seconds
28.862: [GC [PSYoungGen: 100512K->8736K(107520K)] 116755K->24986K(352256K), 0.0036160 secs] [Times: user=0.02 sys=0.00, real=0.00 secs] 
28.866: Total time for which application threads were stopped: 0.0038010 seconds, Stopping threads took: 0.0000870 seconds
28.920: Application time: 0.0545560 seconds
28.920: [GC [PSYoungGen: 101408K->11952K(107520K)] 117658K->28203K(352256K), 0.0047000 secs] [Times: user=0.04 sys=0.00, real=0.00 secs] 
28.925: Total time for which application threads were stopped: 0.0048830 seconds, Stopping threads took: 0.0000730 seconds
28.972: Application time: 0.0467980 seconds
28.973: [GC [PSYoungGen: 104624K->9456K(107520K)] 120875K->25707K(352256K), 0.0035790 secs] [Times: user=0.03 sys=0.00, real=0.01 secs] 
28.976: Total time for which application threads were stopped: 0.0045120 seconds, Stopping threads took: 0.0008370 seconds
29.026: Application time: 0.0501440 seconds
29.028: [GC [PSYoungGen: 102128K->8080K(107520K)] 118379K->24339K(352256K), 0.0030930 secs] [Times: user=0.02 sys=0.00, real=0.00 secs] 
29.032: Total time for which application threads were stopped: 0.0051130 seconds, Stopping threads took: 0.0019270 seconds
29.071: Application time: 0.0394970 seconds
29.071: [GC [PSYoungGen: 100752K->7904K(107520K)] 117011K->24171K(352256K), 0.0031540 secs] [Times: user=0.02 sys=0.00, real=0.01 secs] 
29.074: Total time for which application threads were stopped: 0.0033510 seconds, Stopping threads took: 0.0001070 seconds
29.118: Application time: 0.0436340 seconds
29.119: [GC [PSYoungGen: 100576K->7840K(107520K)] 116843K->24279K(352256K), 0.0028620 secs] [Times: user=0.02 sys=0.00, real=0.00 secs] 
29.122: Total time for which application threads were stopped: 0.0040850 seconds, Stopping threads took: 0.0011350 seconds
29.156: Application time: 0.0338130 seconds
29.158: [GC [PSYoungGen: 100512K->7552K(107520K)] 116951K->24159K(352256K), 0.0030540 secs] [Times: user=0.01 sys=0.00, real=0.00 secs] 
29.161: Total time for which application threads were stopped: 0.0051790 seconds, Stopping threads took: 0.0020210 seconds
29.201: Application time: 0.0399030 seconds
29.201: [GC [PSYoungGen: 100224K->9808K(107520K)] 116831K->26423K(352256K), 0.0037800 secs] [Times: user=0.02 sys=0.00, real=0.00 secs] 
29.205: Total time for which application threads were stopped: 0.0039710 seconds, Stopping threads took: 0.0000980 seconds
29.255: Application time: 0.0499360 seconds
29.255: [GC [PSYoungGen: 102480K->9120K(107520K)] 119095K->25735K(352256K), 0.0033410 secs] [Times: user=0.02 sys=0.00, real=0.00 secs] 
29.258: Total time for which application threads were stopped: 0.0035520 seconds, Stopping threads took: 0.0000740 seconds
29.295: Application time: 0.0362860 seconds
29.295: [GC [PSYoungGen: 101792K->9904K(107520K)] 118407K->26527K(352256K), 0.0036570 secs] [Times: user=0.03 sys=0.00, real=0.00 secs] 
29.299: Total time for which application threads were stopped: 0.0038430 seconds, Stopping threads took: 0.0000990 seconds
29.348: Application time: 0.0498690 seconds
29.349: [GC [PSYoungGen: 102576K->11056K(107520K)] 119199K->27687K(352256K), 0.0042640 secs] [Times: user=0.02 sys=0.00, real=0.00 secs] 
29.353: Total time for which application threads were stopped: 0.0044890 seconds, Stopping threads took: 0.0001310 seconds
29.401: Application time: 0.0477890 seconds
29.401: [GC [PSYoungGen: 103728K->7456K(107520K)] 120359K->24087K(352256K), 0.0032270 secs] [Times: user=0.03 sys=0.00, real=0.00 secs] 
29.404: Total time for which application threads were stopped: 0.0034660 seconds, Stopping threads took: 0.0001010 seconds
29.450: Application time: 0.0462680 seconds
29.451: [GC [PSYoungGen: 100128K->7824K(107520K)] 116759K->24463K(352256K), 0.0034060 secs] [Times: user=0.02 sys=0.00, real=0.01 secs] 
29.454: Total time for which application threads were stopped: 0.0036330 seconds, Stopping threads took: 0.0001040 seconds
29.492: Application time: 0.0382060 seconds
29.492: [GC [PSYoungGen: 100496K->8288K(107520K)] 117135K->24927K(352256K), 0.0035460 secs] [Times: user=0.03 sys=0.00, real=0.01 secs] 
29.496: Total time for which application threads were stopped: 0.0037040 seconds, Stopping threads took: 0.0000580 seconds
29.538: Application time: 0.0418150 seconds
29.542: [GC [PSYoungGen: 100960K->9504K(107520K)] 117599K->26143K(352256K), 0.0035140 secs] [Times: user=0.02 sys=0.00, real=0.00 secs] 
29.546: Total time for which application threads were stopped: 0.0077470 seconds, Stopping threads took: 0.0040960 seconds
29.583: Application time: 0.0373670 seconds
29.586: [GC [PSYoungGen: 102171K->7744K(107520K)] 118810K->24383K(352256K), 0.0033580 secs] [Times: user=0.02 sys=0.00, real=0.00 secs] 
29.589: Total time for which application threads were stopped: 0.0064140 seconds, Stopping threads took: 0.0029650 seconds
29.622: Application time: 0.0323200 seconds
29.622: [GC [PSYoungGen: 100416K->7776K(107520K)] 117055K->24415K(352256K), 0.0030810 secs] [Times: user=0.01 sys=0.00, real=0.00 secs] 
29.625: Total time for which application threads were stopped: 0.0032930 seconds, Stopping threads took: 0.0001190 seconds
29.671: Application time: 0.0462090 seconds
29.671: [GC [PSYoungGen: 100448K->10032K(107520K)] 117087K->26679K(352256K), 0.0037810 secs] [Times: user=0.03 sys=0.00, real=0.01 secs] 
29.675: Total time for which application threads were stopped: 0.0039650 seconds, Stopping threads took: 0.0000920 seconds
29.717: Application time: 0.0413370 seconds
29.717: [GC [PSYoungGen: 102704K->7776K(107520K)] 119351K->24423K(352256K), 0.0028500 secs] [Times: user=0.02 sys=0.00, real=0.00 secs] 
29.720: Total time for which application threads were stopped: 0.0031740 seconds, Stopping threads took: 0.0001870 seconds
29.767: Application time: 0.0476650 seconds
29.770: [GC [PSYoungGen: 100448K->7952K(107520K)] 117095K->24599K(352256K), 0.0032260 secs] [Times: user=0.02 sys=0.00, real=0.00 secs] 
29.773: Total time for which application threads were stopped: 0.0059060 seconds, Stopping threads took: 0.0025850 seconds
29.812: Application time: 0.0383330 seconds
29.812: [GC [PSYoungGen: 100624K->7856K(107520K)] 117271K->24503K(352256K), 0.0029390 secs] [Times: user=0.02 sys=0.00, real=0.01 secs] 
29.815: Total time for which application threads were stopped: 0.0037860 seconds, Stopping threads took: 0.0007640 seconds
29.848: Application time: 0.0329820 seconds
29.850: [GC [PSYoungGen: 100528K->9712K(107520K)] 117175K->26359K(352256K), 0.0036100 secs] [Times: user=0.03 sys=0.00, real=0.01 secs] 
29.854: Total time for which application threads were stopped: 0.0055710 seconds, Stopping threads took: 0.0018790 seconds
29.882: Application time: 0.0276070 seconds
29.882: [GC [PSYoungGen: 102384K->10032K(107520K)] 119031K->26679K(352256K), 0.0047130 secs] [Times: user=0.03 sys=0.00, real=0.01 secs] 
29.887: Total time for which application threads were stopped: 0.0051760 seconds, Stopping threads took: 0.0003580 seconds
29.929: Application time: 0.0421420 seconds
29.930: [GC [PSYoungGen: 102704K->8000K(107520K)] 119351K->24647K(352256K), 0.0030800 secs] [Times: user=0.02 sys=0.00, real=0.00 secs] 
29.933: Total time for which application threads were stopped: 0.0042120 seconds, Stopping threads took: 0.0010580 seconds
29.973: Application time: 0.0396450 seconds
29.974: [GC [PSYoungGen: 100672K->8112K(107520K)] 117319K->24767K(352256K), 0.0032060 secs] [Times: user=0.02 sys=0.01, real=0.00 secs] 
29.977: Total time for which application threads were stopped: 0.0045620 seconds, Stopping threads took: 0.0011890 seconds
30.019: Application time: 0.0412840 seconds
30.019: [GC [PSYoungGen: 100784K->8176K(107520K)] 117439K->24831K(352256K), 0.0029510 secs] [Times: user=0.01 sys=0.00, real=0.00 secs] 
30.022: Total time for which application threads were stopped: 0.0031160 seconds, Stopping threads took: 0.0000810 seconds
30.058: Application time: 0.0360080 seconds
30.058: [GC [PSYoungGen: 100848K->8144K(107520K)] 117503K->24911K(352256K), 0.0030940 secs] [Times: user=0.02 sys=0.01, real=0.00 secs] 
30.061: Total time for which application threads were stopped: 0.0032720 seconds, Stopping threads took: 0.0000910 seconds
30.091: Application time: 0.0302930 seconds
30.091: [GC [PSYoungGen: 100816K->7952K(107520K)] 117583K->24719K(352256K), 0.0030300 secs] [Times: user=0.02 sys=0.00, real=0.01 secs] 
30.095: Total time for which application threads were stopped: 0.0032060 seconds, Stopping threads took: 0.0000930 seconds
30.124: Application time: 0.0299950 seconds
30.126: [GC [PSYoungGen: 100624K->9888K(107520K)] 117391K->26655K(352256K), 0.0037220 secs] [Times: user=0.02 sys=0.00, real=0.00 secs] 
30.130: Total time for which application threads were stopped: 0.0052300 seconds, Stopping threads took: 0.0014190 seconds
30.165: Application time: 0.0357640 seconds
30.166: [GC [PSYoungGen: 102560K->8032K(107520K)] 119327K->24987K(352256K), 0.0033320 secs] [Times: user=0.02 sys=0.00, real=0.01 secs] 
30.169: Total time for which application threads were stopped: 0.0034930 seconds, Stopping threads took: 0.0000590 seconds
30.200: Application time: 0.0310990 seconds
30.200: [GC [PSYoungGen: 100704K->9504K(107520K)] 117659K->26475K(352256K), 0.0036900 secs] [Times: user=0.03 sys=0.00, real=0.00 secs] 
30.204: Total time for which application threads were stopped: 0.0038760 seconds, Stopping threads took: 0.0000970 seconds
30.240: Application time: 0.0358660 seconds
30.241: [GC [PSYoungGen: 102176K->10528K(107520K)] 119147K->27499K(352256K), 0.0039750 secs] [Times: user=0.02 sys=0.00, real=0.00 secs] 
30.245: Total time for which application threads were stopped: 0.0053150 seconds, Stopping threads took: 0.0012530 seconds
30.290: Application time: 0.0447440 seconds
30.290: [GC [PSYoungGen: 103200K->8416K(107520K)] 120171K->25387K(352256K), 0.0033070 secs] [Times: user=0.01 sys=0.00, real=0.00 secs] 
30.293: Total time for which application threads were stopped: 0.0034580 seconds, Stopping threads took: 0.0000480 seconds
30.334: Application time: 0.0410920 seconds
30.335: [GC [PSYoungGen: 101088K->9600K(107520K)] 118059K->26571K(352256K), 0.0039600 secs] [Times: user=0.02 sys=0.00, real=0.00 secs] 
30.339: Total time for which application threads were stopped: 0.0041640 seconds, Stopping threads took: 0.0000990 seconds
30.377: Application time: 0.0388430 seconds
30.378: [GC [PSYoungGen: 102272K->7488K(107520K)] 119243K->24459K(352256K), 0.0028510 secs] [Times: user=0.02 sys=0.00, real=0.00 secs] 
30.381: Total time for which application threads were stopped: 0.0030890 seconds, Stopping threads took: 0.0000930 seconds
30.411: Application time: 0.0301210 seconds
30.411: [GC [PSYoungGen: 100160K->8992K(107520K)] 117131K->25963K(352256K), 0.0033360 secs] [Times: user=0.02 sys=0.00, real=0.01 secs] 
30.414: Total time for which application threads were stopped: 0.0035120 seconds, Stopping threads took: 0.0000910 seconds
30.448: Application time: 0.0337420 seconds
30.448: [GC [PSYoungGen: 101664K->7984K(107520K)] 118635K->24955K(352256K), 0.0029790 secs] [Times: user=0.02 sys=0.00, real=0.00 secs] 
30.451: Total time for which application threads were stopped: 0.0031590 seconds, Stopping threads took: 0.0000940 seconds
30.479: Application time: 0.0276310 seconds
30.479: [GC [PSYoungGen: 100656K->9792K(107520K)] 117627K->26763K(352256K), 0.0037800 secs] [Times: user=0.02 sys=0.00, real=0.00 secs] 
30.483: Total time for which application threads were stopped: 0.0039680 seconds, Stopping threads took: 0.0000920 seconds
30.513: Application time: 0.0299140 seconds
30.513: [GC [PSYoungGen: 102464K->7904K(107520K)] 119435K->24875K(352256K), 0.0030200 secs] [Times: user=0.02 sys=0.00, real=0.01 secs] 
30.516: Total time for which application threads were stopped: 0.0031740 seconds, Stopping threads took: 0.0000750 seconds
30.550: Application time: 0.0343660 seconds
30.550: [GC [PSYoungGen: 100576K->11520K(107520K)] 117547K->28491K(352256K), 0.0044680 secs] [Times: user=0.03 sys=0.00, real=0.01 secs] 
30.555: Total time for which application threads were stopped: 0.0046390 seconds, Stopping threads took: 0.0000820 seconds
30.589: Application time: 0.0343780 seconds
30.589: [GC [PSYoungGen: 104192K->9088K(107520K)] 121163K->26059K(352256K), 0.0034780 secs] [Times: user=0.03 sys=0.00, real=0.00 secs] 
30.593: Total time for which application threads were stopped: 0.0036690 seconds, Stopping threads took: 0.0001050 seconds
30.629: Application time: 0.0356690 seconds
30.630: [GC [PSYoungGen: 101760K->7648K(107520K)] 118731K->24619K(352256K), 0.0029810 secs] [Times: user=0.02 sys=0.00, real=0.00 secs] 
30.633: Total time for which application threads were stopped: 0.0044510 seconds, Stopping threads took: 0.0013960 seconds
30.664: Application time: 0.0305640 seconds
30.664: [GC [PSYoungGen: 100320K->7920K(107520K)] 117291K->24891K(352256K), 0.0030890 secs] [Times: user=0.02 sys=0.00, real=0.01 secs] 
30.667: Total time for which application threads were stopped: 0.0032750 seconds, Stopping threads took: 0.0001060 seconds
30.698: Application time: 0.0311310 seconds
30.702: [GC [PSYoungGen: 100592K->10096K(107520K)] 117563K->27067K(352256K), 0.0038600 secs] [Times: user=0.03 sys=0.00, real=0.00 secs] 
30.706: Total time for which application threads were stopped: 0.0079090 seconds, Stopping threads took: 0.0039590 seconds
30.740: Application time: 0.0340100 seconds
30.740: [GC [PSYoungGen: 102768K->7840K(107520K)] 119739K->24811K(352256K), 0.0030280 secs] [Times: user=0.02 sys=0.00, real=0.00 secs] 
30.743: Total time for which application threads were stopped: 0.0032010 seconds, Stopping threads took: 0.0000880 seconds
30.769: Application time: 0.0257200 seconds
30.769: [GC [PSYoungGen: 100512K->9840K(107520K)] 117483K->26811K(352256K), 0.0038990 secs] [Times: user=0.03 sys=0.00, real=0.00 secs] 
30.773: Total time for which application threads were stopped: 0.0040690 seconds, Stopping threads took: 0.0000940 seconds
30.806: Application time: 0.0336090 seconds
30.807: [GC [PSYoungGen: 102512K->10560K(107520K)] 119483K->27531K(352256K), 0.0040320 secs] [Times: user=0.01 sys=0.00, real=0.00 secs] 
30.811: Total time for which application threads were stopped: 0.0042010 seconds, Stopping threads took: 0.0000860 seconds
30.845: Application time: 0.0340250 seconds
30.845: [GC [PSYoungGen: 103230K->8176K(107520K)] 120201K->25155K(352256K), 0.0031170 secs] [Times: user=0.02 sys=0.00, real=0.01 secs] 
30.848: Total time for which application threads were stopped: 0.0033000 seconds, Stopping threads took: 0.0000990 seconds
30.887: Application time: 0.0390410 seconds
30.887: [GC [PSYoungGen: 100848K->7776K(107520K)] 117827K->24851K(352256K), 0.0030810 secs] [Times: user=0.02 sys=0.00, real=0.00 secs] 
30.890: Total time for which application threads were stopped: 0.0032560 seconds, Stopping threads took: 0.0000910 seconds
30.919: Application time: 0.0291280 seconds
30.920: [GC [PSYoungGen: 100448K->7824K(107520K)] 117523K->24955K(352256K), 0.0031160 secs] [Times: user=0.01 sys=0.00, real=0.00 secs] 
30.923: Total time for which application threads were stopped: 0.0033000 seconds, Stopping threads took: 0.0001030 seconds
30.953: Application time: 0.0306830 seconds
30.954: [GC [PSYoungGen: 100496K->8704K(107520K)] 117627K->25891K(352256K), 0.0032860 secs] [Times: user=0.02 sys=0.00, real=0.01 secs] 
30.957: Total time for which application threads were stopped: 0.0034730 seconds, Stopping threads took: 0.0001030 seconds
30.991: Application time: 0.0344750 seconds
30.994: [GC [PSYoungGen: 101376K->8288K(107520K)] 118563K->25591K(352256K), 0.0032810 secs] [Times: user=0.02 sys=0.00, real=0.00 secs] 
30.997: Total time for which application threads were stopped: 0.0058800 seconds, Stopping threads took: 0.0024890 seconds
31.025: Application time: 0.0276560 seconds
31.026: [GC [PSYoungGen: 100960K->9024K(107520K)] 118263K->26391K(352256K), 0.0035040 secs] [Times: user=0.03 sys=0.00, real=0.00 secs] 
31.030: Total time for which application threads were stopped: 0.0045900 seconds, Stopping threads took: 0.0009520 seconds
31.059: Application time: 0.0293560 seconds
31.059: [GC [PSYoungGen: 101696K->8912K(107520K)] 119063K->26287K(352256K), 0.0033390 secs] [Times: user=0.02 sys=0.00, real=0.00 secs] 
31.062: Total time for which application threads were stopped: 0.0035190 seconds, Stopping threads took: 0.0000980 seconds
31.099: Application time: 0.0367020 seconds
31.099: [GC [PSYoungGen: 101584K->8192K(107520K)] 118959K->25567K(352256K), 0.0031230 secs] [Times: user=0.00 sys=0.03, real=0.00 secs] 
31.102: Total time for which application threads were stopped: 0.0032900 seconds, Stopping threads took: 0.0000880 seconds
31.136: Application time: 0.0339090 seconds
31.136: [GC [PSYoungGen: 100864K->8096K(107520K)] 118239K->25471K(352256K), 0.0031180 secs] [Times: user=0.02 sys=0.00, real=0.00 secs] 
31.140: Total time for which application threads were stopped: 0.0032740 seconds, Stopping threads took: 0.0000830 seconds
31.174: Application time: 0.0341770 seconds
31.174: [GC [PSYoungGen: 100768K->7600K(107520K)] 118143K->24975K(352256K), 0.0029530 secs] [Times: user=0.01 sys=0.00, real=0.00 secs] 
31.177: Total time for which application threads were stopped: 0.0031530 seconds, Stopping threads took: 0.0001250 seconds
31.206: Application time: 0.0293760 seconds
31.206: [GC [PSYoungGen: 100272K->8272K(107520K)] 117647K->25655K(352256K), 0.0030950 secs] [Times: user=0.02 sys=0.00, real=0.00 secs] 
31.210: Total time for which application threads were stopped: 0.0032320 seconds, Stopping threads took: 0.0000630 seconds
31.242: Application time: 0.0321960 seconds
31.242: [GC [PSYoungGen: 100944K->10048K(107520K)] 118327K->27431K(352256K), 0.0039840 secs] [Times: user=0.02 sys=0.01, real=0.01 secs] 
31.246: Total time for which application threads were stopped: 0.0041810 seconds, Stopping threads took: 0.0001090 seconds
31.275: Application time: 0.0285990 seconds
31.275: [GC [PSYoungGen: 102720K->7920K(107520K)] 120103K->25303K(352256K), 0.0030530 secs] [Times: user=0.01 sys=0.00, real=0.00 secs] 
31.278: Total time for which application threads were stopped: 0.0032220 seconds, Stopping threads took: 0.0000960 seconds
31.303: Application time: 0.0253800 seconds
31.306: [GC [PSYoungGen: 100592K->8528K(107520K)] 117975K->25911K(352256K), 0.0033800 secs] [Times: user=0.02 sys=0.01, real=0.00 secs] 
31.309: Total time for which application threads were stopped: 0.0062510 seconds, Stopping threads took: 0.0027900 seconds
31.346: Application time: 0.0370060 seconds
31.347: [GC [PSYoungGen: 101200K->10368K(107520K)] 118583K->27751K(352256K), 0.0039170 secs] [Times: user=0.03 sys=0.00, real=0.00 secs] 
31.350: Total time for which application threads were stopped: 0.0040840 seconds, Stopping threads took: 0.0000930 seconds
31.391: Application time: 0.0403140 seconds
31.391: [GC [PSYoungGen: 103040K->8736K(107520K)] 120423K->26119K(352256K), 0.0034140 secs] [Times: user=0.02 sys=0.00, real=0.01 secs] 
31.394: Total time for which application threads were stopped: 0.0035930 seconds, Stopping threads took: 0.0000900 seconds
31.432: Application time: 0.0381050 seconds
31.433: [GC [PSYoungGen: 101408K->7744K(107520K)] 118791K->25127K(352256K), 0.0029850 secs] [Times: user=0.02 sys=0.00, real=0.01 secs] 
31.436: Total time for which application threads were stopped: 0.0031680 seconds, Stopping threads took: 0.0000950 seconds
31.466: Application time: 0.0308260 seconds
31.467: [GC [PSYoungGen: 100416K->7840K(107520K)] 117799K->25223K(352256K), 0.0030580 secs] [Times: user=0.02 sys=0.00, real=0.00 secs] 
31.470: Total time for which application threads were stopped: 0.0032270 seconds, Stopping threads took: 0.0000910 seconds
31.503: Application time: 0.0329350 seconds
31.503: [GC [PSYoungGen: 100512K->10192K(107520K)] 117895K->27575K(352256K), 0.0039050 secs] [Times: user=0.03 sys=0.00, real=0.01 secs] 
31.507: Total time for which application threads were stopped: 0.0040640 seconds, Stopping threads took: 0.0000660 seconds
31.537: Application time: 0.0298560 seconds
31.537: [GC [PSYoungGen: 102864K->7888K(107520K)] 120247K->25271K(352256K), 0.0030410 secs] [Times: user=0.02 sys=0.00, real=0.00 secs] 
31.540: Total time for which application threads were stopped: 0.0032050 seconds, Stopping threads took: 0.0000840 seconds
31.572: Application time: 0.0323580 seconds
31.572: [GC [PSYoungGen: 100560K->7904K(107520K)] 117943K->25287K(352256K), 0.0029830 secs] [Times: user=0.01 sys=0.00, real=0.01 secs] 
31.575: Total time for which application threads were stopped: 0.0031430 seconds, Stopping threads took: 0.0000740 seconds
31.601: Application time: 0.0259100 seconds
31.602: [GC [PSYoungGen: 100576K->7968K(107520K)] 117959K->25351K(352256K), 0.0029170 secs] [Times: user=0.02 sys=0.00, real=0.00 secs] 
31.605: Total time for which application threads were stopped: 0.0037540 seconds, Stopping threads took: 0.0007510 seconds
31.644: Application time: 0.0390680 seconds
31.644: [GC [PSYoungGen: 100640K->11200K(107520K)] 118023K->28583K(352256K), 0.0042820 secs] [Times: user=0.03 sys=0.00, real=0.01 secs] 
31.648: Total time for which application threads were stopped: 0.0044480 seconds, Stopping threads took: 0.0000830 seconds
31.682: Application time: 0.0336530 seconds
31.682: [GC [PSYoungGen: 103872K->7792K(107520K)] 121255K->25271K(352256K), 0.0030120 secs] [Times: user=0.02 sys=0.00, real=0.00 secs] 
31.685: Total time for which application threads were stopped: 0.0031750 seconds, Stopping threads took: 0.0000780 seconds
31.717: Application time: 0.0316680 seconds
31.717: [GC [PSYoungGen: 100464K->7936K(107520K)] 117943K->25415K(352256K), 0.0031180 secs] [Times: user=0.02 sys=0.00, real=0.00 secs] 
31.720: Total time for which application threads were stopped: 0.0032890 seconds, Stopping threads took: 0.0000960 seconds
31.753: Application time: 0.0325940 seconds
31.753: [GC [PSYoungGen: 100608K->9424K(107520K)] 118087K->26951K(352256K), 0.0037260 secs] [Times: user=0.02 sys=0.00, real=0.01 secs] 
31.757: Total time for which application threads were stopped: 0.0038750 seconds, Stopping threads took: 0.0000710 seconds
31.786: Application time: 0.0291800 seconds
31.786: [GC [PSYoungGen: 102096K->7840K(107520K)] 119623K->25516K(352256K), 0.0029890 secs] [Times: user=0.02 sys=0.00, real=0.00 secs] 
31.789: Total time for which application threads were stopped: 0.0031560 seconds, Stopping threads took: 0.0000960 seconds
31.822: Application time: 0.0324350 seconds
31.822: [GC [PSYoungGen: 100512K->7984K(107520K)] 118188K->25716K(352256K), 0.0031580 secs] [Times: user=0.02 sys=0.00, real=0.00 secs] 
31.825: Total time for which application threads were stopped: 0.0033220 seconds, Stopping threads took: 0.0000880 seconds
31.850: Application time: 0.0255640 seconds
31.851: [GC [PSYoungGen: 100656K->7776K(107520K)] 118388K->25508K(352256K), 0.0029640 secs] [Times: user=0.02 sys=0.00, real=0.00 secs] 
31.854: Total time for which application threads were stopped: 0.0031350 seconds, Stopping threads took: 0.0000980 seconds
31.886: Application time: 0.0327920 seconds
31.886: [GC [PSYoungGen: 100448K->8208K(107520K)] 118180K->25940K(352256K), 0.0031920 secs] [Times: user=0.02 sys=0.00, real=0.00 secs] 
31.890: Total time for which application threads were stopped: 0.0033560 seconds, Stopping threads took: 0.0000910 seconds
31.925: Application time: 0.0356620 seconds
31.926: [GC [PSYoungGen: 100880K->8256K(107520K)] 118612K->25988K(352256K), 0.0032210 secs] [Times: user=0.02 sys=0.00, real=0.01 secs] 
31.929: Total time for which application threads were stopped: 0.0033760 seconds, Stopping threads took: 0.0000840 seconds
31.960: Application time: 0.0316610 seconds
31.961: [GC [PSYoungGen: 100928K->7776K(107520K)] 118660K->25508K(352256K), 0.0030120 secs] [Times: user=0.02 sys=0.00, real=0.00 secs] 
31.964: Total time for which application threads were stopped: 0.0031850 seconds, Stopping threads took: 0.0000980 seconds
31.996: Application time: 0.0327220 seconds
31.996: [GC [PSYoungGen: 100448K->7872K(107520K)] 118180K->25604K(352256K), 0.0031150 secs] [Times: user=0.01 sys=0.00, real=0.00 secs] 
32.000: Total time for which application threads were stopped: 0.0032750 seconds, Stopping threads took: 0.0000860 seconds
32.031: Application time: 0.0314340 seconds
32.031: [GC [PSYoungGen: 100544K->10240K(107520K)] 118276K->27972K(352256K), 0.0039790 secs] [Times: user=0.03 sys=0.00, real=0.01 secs] 
32.035: Total time for which application threads were stopped: 0.0041610 seconds, Stopping threads took: 0.0000770 seconds
32.067: Application time: 0.0315400 seconds
32.067: [GC [PSYoungGen: 102912K->9744K(107520K)] 120644K->27476K(352256K), 0.0039030 secs] [Times: user=0.02 sys=0.00, real=0.00 secs] 
32.071: Total time for which application threads were stopped: 0.0040400 seconds, Stopping threads took: 0.0000630 seconds
32.099: Application time: 0.0286940 seconds
32.100: [GC [PSYoungGen: 102416K->8064K(107520K)] 120148K->25796K(352256K), 0.0031250 secs] [Times: user=0.03 sys=0.00, real=0.00 secs] 
32.103: Total time for which application threads were stopped: 0.0032990 seconds, Stopping threads took: 0.0000980 seconds
32.130: Application time: 0.0275720 seconds
32.134: [GC [PSYoungGen: 100736K->11952K(107520K)] 118468K->29684K(352256K), 0.0046260 secs] [Times: user=0.03 sys=0.00, real=0.00 secs] 
32.139: Total time for which application threads were stopped: 0.0082580 seconds, Stopping threads took: 0.0035460 seconds
32.174: Application time: 0.0356320 seconds
32.174: [GC [PSYoungGen: 104624K->8864K(107520K)] 122356K->26596K(352256K), 0.0033860 secs] [Times: user=0.02 sys=0.00, real=0.00 secs] 
32.178: Total time for which application threads were stopped: 0.0035440 seconds, Stopping threads took: 0.0000730 seconds
32.211: Application time: 0.0335240 seconds
32.211: [GC [PSYoungGen: 101536K->7952K(107520K)] 119268K->25684K(352256K), 0.0030240 secs] [Times: user=0.02 sys=0.00, real=0.01 secs] 
32.215: Total time for which application threads were stopped: 0.0032070 seconds, Stopping threads took: 0.0001000 seconds
32.245: Application time: 0.0305090 seconds
32.245: [GC [PSYoungGen: 100624K->7760K(107520K)] 118356K->25492K(352256K), 0.0030000 secs] [Times: user=0.02 sys=0.00, real=0.01 secs] 
32.248: Total time for which application threads were stopped: 0.0032190 seconds, Stopping threads took: 0.0000940 seconds
32.281: Application time: 0.0327130 seconds
32.281: [GC [PSYoungGen: 100432K->10144K(107520K)] 118164K->27876K(352256K), 0.0039400 secs] [Times: user=0.03 sys=0.00, real=0.00 secs] 
32.285: Total time for which application threads were stopped: 0.0041020 seconds, Stopping threads took: 0.0000880 seconds
32.317: Application time: 0.0314670 seconds
32.317: [GC [PSYoungGen: 102816K->8032K(107520K)] 120548K->25764K(352256K), 0.0030110 secs] [Times: user=0.02 sys=0.00, real=0.00 secs] 
32.320: Total time for which application threads were stopped: 0.0031620 seconds, Stopping threads took: 0.0000740 seconds
32.348: Application time: 0.0286660 seconds
32.349: [GC [PSYoungGen: 100704K->8112K(107520K)] 118436K->25844K(352256K), 0.0030770 secs] [Times: user=0.02 sys=0.00, real=0.00 secs] 
32.352: Total time for which application threads were stopped: 0.0032710 seconds, Stopping threads took: 0.0001180 seconds
32.379: Application time: 0.0273550 seconds
32.379: [GC [PSYoungGen: 100784K->8336K(107520K)] 118516K->26068K(352256K), 0.0032000 secs] [Times: user=0.02 sys=0.00, real=0.00 secs] 
32.382: Total time for which application threads were stopped: 0.0033670 seconds, Stopping threads took: 0.0000800 seconds
32.415: Application time: 0.0326400 seconds
32.415: [GC [PSYoungGen: 101008K->11504K(107520K)] 118740K->29236K(352256K), 0.0045670 secs] [Times: user=0.03 sys=0.00, real=0.00 secs] 
32.420: Total time for which application threads were stopped: 0.0047190 seconds, Stopping threads took: 0.0000780 seconds
32.455: Application time: 0.0356620 seconds
32.456: [GC [PSYoungGen: 104176K->8480K(107520K)] 121908K->26300K(352256K), 0.0032910 secs] [Times: user=0.02 sys=0.00, real=0.00 secs] 
32.459: Total time for which application threads were stopped: 0.0034560 seconds, Stopping threads took: 0.0000910 seconds
32.490: Application time: 0.0307630 seconds
32.490: [GC [PSYoungGen: 101152K->7952K(107520K)] 118972K->25828K(352256K), 0.0030580 secs] [Times: user=0.02 sys=0.00, real=0.00 secs] 
32.493: Total time for which application threads were stopped: 0.0032420 seconds, Stopping threads took: 0.0001080 seconds
32.525: Application time: 0.0325300 seconds
32.526: [GC [PSYoungGen: 100624K->9648K(107520K)] 118500K->27524K(352256K), 0.0038560 secs] [Times: user=0.03 sys=0.00, real=0.01 secs] 
32.529: Total time for which application threads were stopped: 0.0040220 seconds, Stopping threads took: 0.0000880 seconds
32.561: Application time: 0.0313980 seconds
32.561: [GC [PSYoungGen: 102320K->8160K(107520K)] 120196K->26124K(352256K), 0.0030360 secs] [Times: user=0.02 sys=0.00, real=0.00 secs] 
32.564: Total time for which application threads were stopped: 0.0032270 seconds, Stopping threads took: 0.0000880 seconds
32.595: Application time: 0.0313450 seconds
32.596: [GC [PSYoungGen: 100832K->9648K(107520K)] 118796K->27736K(352256K), 0.0037040 secs] [Times: user=0.02 sys=0.00, real=0.00 secs] 
32.599: Total time for which application threads were stopped: 0.0039040 seconds, Stopping threads took: 0.0001120 seconds
32.625: Application time: 0.0256420 seconds
32.626: [GC [PSYoungGen: 102320K->7728K(107520K)] 120408K->25816K(352256K), 0.0029750 secs] [Times: user=0.02 sys=0.00, real=0.00 secs] 
32.629: Total time for which application threads were stopped: 0.0039960 seconds, Stopping threads took: 0.0009480 seconds
32.662: Application time: 0.0330100 seconds
32.662: [GC [PSYoungGen: 100400K->7936K(107520K)] 118488K->26024K(352256K), 0.0029990 secs] [Times: user=0.03 sys=0.00, real=0.00 secs] 
32.665: Total time for which application threads were stopped: 0.0031540 seconds, Stopping threads took: 0.0000820 seconds
32.698: Application time: 0.0333330 seconds
32.702: [GC [PSYoungGen: 100608K->9792K(107520K)] 118696K->27896K(352256K), 0.0037990 secs] [Times: user=0.02 sys=0.00, real=0.00 secs] 
32.706: Total time for which application threads were stopped: 0.0073180 seconds, Stopping threads took: 0.0034450 seconds
32.740: Application time: 0.0341180 seconds
32.740: [GC [PSYoungGen: 102464K->7632K(107520K)] 120568K->25736K(352256K), 0.0029770 secs] [Times: user=0.02 sys=0.00, real=0.00 secs] 
32.743: Total time for which application threads were stopped: 0.0031520 seconds, Stopping threads took: 0.0001000 seconds
32.775: Application time: 0.0317690 seconds
32.775: [GC [PSYoungGen: 100304K->7776K(107520K)] 118408K->25880K(352256K), 0.0031290 secs] [Times: user=0.02 sys=0.00, real=0.00 secs] 
32.778: Total time for which application threads were stopped: 0.0032880 seconds, Stopping threads took: 0.0000830 seconds
32.809: Application time: 0.0308030 seconds
32.809: [GC [PSYoungGen: 100448K->8352K(107520K)] 118552K->26456K(352256K), 0.0113190 secs] [Times: user=0.08 sys=0.00, real=0.01 secs] 
32.820: Total time for which application threads were stopped: 0.0114630 seconds, Stopping threads took: 0.0000670 seconds
32.852: Application time: 0.0315670 seconds
32.852: [GC [PSYoungGen: 101024K->8256K(107520K)] 119128K->26360K(352256K), 0.0033000 secs] [Times: user=0.02 sys=0.00, real=0.01 secs] 
32.855: Total time for which application threads were stopped: 0.0034870 seconds, Stopping threads took: 0.0001120 seconds
32.883: Application time: 0.0279140 seconds
32.883: [GC [PSYoungGen: 100928K->8128K(107520K)] 119032K->26232K(352256K), 0.0031080 secs] [Times: user=0.02 sys=0.00, real=0.01 secs] 
32.887: Total time for which application threads were stopped: 0.0032670 seconds, Stopping threads took: 0.0000820 seconds
32.915: Application time: 0.0279950 seconds
32.915: [GC [PSYoungGen: 100800K->11264K(107520K)] 118904K->29368K(352256K), 0.0043770 secs] [Times: user=0.03 sys=0.00, real=0.00 secs] 
32.919: Total time for which application threads were stopped: 0.0045480 seconds, Stopping threads took: 0.0000890 seconds
32.955: Application time: 0.0355530 seconds
32.955: [GC [PSYoungGen: 103936K->8784K(107520K)] 122040K->26888K(352256K), 0.0032350 secs] [Times: user=0.03 sys=0.00, real=0.00 secs] 
32.958: Total time for which application threads were stopped: 0.0033980 seconds, Stopping threads took: 0.0000790 seconds
32.993: Application time: 0.0352340 seconds
32.993: [GC [PSYoungGen: 101456K->8000K(107520K)] 119560K->26104K(352256K), 0.0030330 secs] [Times: user=0.02 sys=0.00, real=0.01 secs] 
32.997: Total time for which application threads were stopped: 0.0032050 seconds, Stopping threads took: 0.0000760 seconds
33.031: Application time: 0.0348680 seconds
33.032: [GC [PSYoungGen: 100672K->7792K(107520K)] 118776K->25896K(352256K), 0.0030190 secs] [Times: user=0.02 sys=0.00, real=0.01 secs] 
33.035: Total time for which application threads were stopped: 0.0031930 seconds, Stopping threads took: 0.0000960 seconds
33.065: Application time: 0.0308320 seconds
33.070: [GC [PSYoungGen: 100464K->8464K(107520K)] 118568K->26568K(352256K), 0.0032360 secs] [Times: user=0.02 sys=0.01, real=0.00 secs] 
33.073: Total time for which application threads were stopped: 0.0077540 seconds, Stopping threads took: 0.0044250 seconds
33.105: Application time: 0.0321090 seconds
33.106: [GC [PSYoungGen: 101136K->8368K(107520K)] 119240K->26472K(352256K), 0.0033150 secs] [Times: user=0.02 sys=0.00, real=0.00 secs] 
33.109: Total time for which application threads were stopped: 0.0039520 seconds, Stopping threads took: 0.0005440 seconds
33.138: Application time: 0.0290880 seconds
33.139: [GC [PSYoungGen: 101040K->9376K(107520K)] 119144K->27480K(352256K), 0.0035440 secs] [Times: user=0.03 sys=0.00, real=0.00 secs] 
33.142: Total time for which application threads were stopped: 0.0037350 seconds, Stopping threads took: 0.0001050 seconds
33.169: Application time: 0.0267880 seconds
33.169: [GC [PSYoungGen: 102047K->9744K(107520K)] 120152K->27848K(352256K), 0.0037710 secs] [Times: user=0.03 sys=0.00, real=0.00 secs] 
33.173: Total time for which application threads were stopped: 0.0039810 seconds, Stopping threads took: 0.0001350 seconds
33.208: Application time: 0.0347330 seconds
33.210: [GC [PSYoungGen: 102416K->12272K(107520K)] 120520K->30376K(352256K), 0.0046520 secs] [Times: user=0.03 sys=0.00, real=0.01 secs] 
33.215: Total time for which application threads were stopped: 0.0070270 seconds, Stopping threads took: 0.0022880 seconds
33.249: Application time: 0.0340060 seconds
33.250: [GC [PSYoungGen: 104944K->9760K(107520K)] 123048K->27912K(352256K), 0.0038450 secs] [Times: user=0.02 sys=0.00, real=0.00 secs] 
33.254: Total time for which application threads were stopped: 0.0052000 seconds, Stopping threads took: 0.0012700 seconds
33.288: Application time: 0.0340540 seconds
33.288: [GC [PSYoungGen: 102432K->7920K(107520K)] 120584K->26160K(352256K), 0.0031270 secs] [Times: user=0.02 sys=0.01, real=0.00 secs] 
33.291: Total time for which application threads were stopped: 0.0032930 seconds, Stopping threads took: 0.0000900 seconds
33.323: Application time: 0.0315110 seconds
33.323: [GC [PSYoungGen: 100592K->9664K(107520K)] 118832K->27904K(352256K), 0.0037500 secs] [Times: user=0.03 sys=0.00, real=0.01 secs] 
33.327: Total time for which application threads were stopped: 0.0039300 seconds, Stopping threads took: 0.0000970 seconds
33.357: Application time: 0.0306200 seconds
33.357: [GC [PSYoungGen: 102336K->9456K(107520K)] 120576K->27792K(352256K), 0.0036870 secs] [Times: user=0.03 sys=0.00, real=0.00 secs] 
33.361: Total time for which application threads were stopped: 0.0038810 seconds, Stopping threads took: 0.0001060 seconds
33.391: Application time: 0.0297430 seconds
33.391: [GC [PSYoungGen: 102128K->7616K(107520K)] 120464K->26052K(352256K), 0.0030030 secs] [Times: user=0.01 sys=0.00, real=0.01 secs] 
33.394: Total time for which application threads were stopped: 0.0031940 seconds, Stopping threads took: 0.0001040 seconds
33.420: Application time: 0.0260050 seconds
33.420: [GC [PSYoungGen: 100288K->8288K(107520K)] 118724K->26788K(352256K), 0.0031430 secs] [Times: user=0.02 sys=0.00, real=0.00 secs] 
33.423: Total time for which application threads were stopped: 0.0033120 seconds, Stopping threads took: 0.0000870 seconds
33.458: Application time: 0.0347800 seconds
33.458: [GC [PSYoungGen: 100960K->11376K(107520K)] 119460K->29876K(352256K), 0.0045750 secs] [Times: user=0.03 sys=0.00, real=0.00 secs] 
33.463: Total time for which application threads were stopped: 0.0047470 seconds, Stopping threads took: 0.0000860 seconds
33.495: Application time: 0.0318090 seconds
33.495: [GC [PSYoungGen: 104048K->7712K(107520K)] 122548K->26212K(352256K), 0.0030680 secs] [Times: user=0.02 sys=0.00, real=0.00 secs] 
33.498: Total time for which application threads were stopped: 0.0032200 seconds, Stopping threads took: 0.0000820 seconds
33.533: Application time: 0.0354350 seconds
33.534: [GC [PSYoungGen: 100384K->8160K(107520K)] 118884K->26660K(352256K), 0.0032090 secs] [Times: user=0.02 sys=0.00, real=0.01 secs] 
33.537: Total time for which application threads were stopped: 0.0033670 seconds, Stopping threads took: 0.0000830 seconds
33.569: Application time: 0.0317340 seconds
33.569: [GC [PSYoungGen: 100832K->7712K(107520K)] 119332K->26212K(352256K), 0.0030200 secs] [Times: user=0.02 sys=0.00, real=0.00 secs] 
33.572: Total time for which application threads were stopped: 0.0031670 seconds, Stopping threads took: 0.0000710 seconds
33.601: Application time: 0.0296570 seconds
33.602: [GC [PSYoungGen: 100384K->7792K(107520K)] 118884K->26292K(352256K), 0.0031010 secs] [Times: user=0.01 sys=0.00, real=0.00 secs] 
33.605: Total time for which application threads were stopped: 0.0032740 seconds, Stopping threads took: 0.0000820 seconds
33.637: Application time: 0.0320430 seconds
33.637: [GC [PSYoungGen: 100464K->7744K(107520K)] 118964K->26252K(352256K), 0.0030240 secs] [Times: user=0.02 sys=0.00, real=0.00 secs] 
33.640: Total time for which application threads were stopped: 0.0031620 seconds, Stopping threads took: 0.0000670 seconds
33.665: Application time: 0.0246730 seconds
33.665: [GC [PSYoungGen: 100416K->9904K(107520K)] 118924K->28412K(352256K), 0.0038850 secs] [Times: user=0.03 sys=0.00, real=0.01 secs] 
33.669: Total time for which application threads were stopped: 0.0040520 seconds, Stopping threads took: 0.0000930 seconds
33.701: Application time: 0.0327530 seconds
33.702: [GC [PSYoungGen: 102576K->10160K(107520K)] 121084K->28668K(352256K), 0.0039230 secs] [Times: user=0.03 sys=0.00, real=0.00 secs] 
33.705: Total time for which application threads were stopped: 0.0041290 seconds, Stopping threads took: 0.0001260 seconds
33.739: Application time: 0.0332900 seconds
33.739: [GC [PSYoungGen: 102832K->9952K(107520K)] 121340K->28460K(352256K), 0.0037930 secs] [Times: user=0.02 sys=0.00, real=0.00 secs] 
33.743: Total time for which application threads were stopped: 0.0039680 seconds, Stopping threads took: 0.0000920 seconds
33.776: Application time: 0.0333300 seconds
33.776: [GC [PSYoungGen: 102624K->9600K(107520K)] 121132K->28108K(352256K), 0.0037440 secs] [Times: user=0.03 sys=0.00, real=0.00 secs] 
33.780: Total time for which application threads were stopped: 0.0039060 seconds, Stopping threads took: 0.0000790 seconds
33.813: Application time: 0.0334880 seconds
33.814: [GC [PSYoungGen: 102272K->8032K(107520K)] 120780K->26540K(352256K), 0.0031080 secs] [Times: user=0.03 sys=0.00, real=0.01 secs] 
33.817: Total time for which application threads were stopped: 0.0033250 seconds, Stopping threads took: 0.0001390 seconds
33.847: Application time: 0.0304360 seconds
33.847: [GC [PSYoungGen: 100704K->10112K(107520K)] 119212K->28620K(352256K), 0.0039030 secs] [Times: user=0.02 sys=0.00, real=0.00 secs] 
33.851: Total time for which application threads were stopped: 0.0040750 seconds, Stopping threads took: 0.0000990 seconds
33.882: Application time: 0.0307200 seconds
33.882: [GC [PSYoungGen: 102784K->9952K(107520K)] 121292K->28460K(352256K), 0.0040690 secs] [Times: user=0.02 sys=0.00, real=0.01 secs] 
33.886: Total time for which application threads were stopped: 0.0042390 seconds, Stopping threads took: 0.0000950 seconds
33.916: Application time: 0.0297710 seconds
33.916: [GC [PSYoungGen: 102624K->8000K(107520K)] 121132K->26508K(352256K), 0.0030810 secs] [Times: user=0.02 sys=0.00, real=0.00 secs] 
33.919: Total time for which application threads were stopped: 0.0032380 seconds, Stopping threads took: 0.0000850 seconds
33.946: Application time: 0.0265580 seconds
33.946: [GC [PSYoungGen: 100672K->8128K(107520K)] 119180K->26636K(352256K), 0.0031410 secs] [Times: user=0.01 sys=0.00, real=0.00 secs] 
33.949: Total time for which application threads were stopped: 0.0033300 seconds, Stopping threads took: 0.0001040 seconds
33.985: Application time: 0.0362660 seconds
33.986: [GC [PSYoungGen: 100800K->10192K(107520K)] 119308K->28700K(352256K), 0.0038860 secs] [Times: user=0.03 sys=0.00, real=0.01 secs] 
33.990: Total time for which application threads were stopped: 0.0040930 seconds, Stopping threads took: 0.0001360 seconds
34.021: Application time: 0.0311910 seconds
34.021: [GC [PSYoungGen: 102864K->7856K(107520K)] 121372K->26412K(352256K), 0.0030580 secs] [Times: user=0.03 sys=0.00, real=0.00 secs] 
34.024: Total time for which application threads were stopped: 0.0032230 seconds, Stopping threads took: 0.0000880 seconds
34.059: Application time: 0.0354620 seconds
34.060: [GC [PSYoungGen: 100528K->8352K(107520K)] 119084K->26956K(352256K), 0.0031980 secs] [Times: user=0.02 sys=0.00, real=0.00 secs] 
34.063: Total time for which application threads were stopped: 0.0034170 seconds, Stopping threads took: 0.0000970 seconds
34.094: Application time: 0.0310570 seconds
34.098: [GC [PSYoungGen: 101024K->9632K(107520K)] 119628K->28276K(352256K), 0.0037770 secs] [Times: user=0.03 sys=0.00, real=0.00 secs] 
34.102: Total time for which application threads were stopped: 0.0078560 seconds, Stopping threads took: 0.0040060 seconds
34.137: Application time: 0.0355710 seconds
34.137: [GC [PSYoungGen: 102304K->9488K(107520K)] 120948K->28256K(352256K), 0.0036540 secs] [Times: user=0.03 sys=0.00, real=0.00 secs] 
34.141: Total time for which application threads were stopped: 0.0038420 seconds, Stopping threads took: 0.0000860 seconds
34.173: Application time: 0.0316880 seconds
34.173: [GC [PSYoungGen: 102160K->7888K(107520K)] 120928K->26712K(352256K), 0.0032060 secs] [Times: user=0.02 sys=0.00, real=0.01 secs] 
34.176: Total time for which application threads were stopped: 0.0033390 seconds, Stopping threads took: 0.0000380 seconds
34.213: Application time: 0.0372730 seconds
34.214: [GC [PSYoungGen: 100560K->7952K(107520K)] 119384K->26776K(352256K), 0.0028910 secs] [Times: user=0.03 sys=0.00, real=0.01 secs] 
34.217: Total time for which application threads were stopped: 0.0030380 seconds, Stopping threads took: 0.0000620 seconds
34.258: Application time: 0.0412060 seconds
34.258: [GC [PSYoungGen: 100624K->7888K(107520K)] 119448K->26768K(352256K), 0.0030320 secs] [Times: user=0.02 sys=0.00, real=0.00 secs] 
34.261: Total time for which application threads were stopped: 0.0032330 seconds, Stopping threads took: 0.0001050 seconds
34.290: Application time: 0.0294000 seconds
34.290: [GC [PSYoungGen: 100560K->9632K(107520K)] 119440K->28512K(352256K), 0.0036170 secs] [Times: user=0.03 sys=0.00, real=0.01 secs] 
34.294: Total time for which application threads were stopped: 0.0037710 seconds, Stopping threads took: 0.0000620 seconds
34.330: Application time: 0.0353620 seconds
34.334: [GC [PSYoungGen: 102304K->9264K(107520K)] 121184K->28144K(352256K), 0.0035470 secs] [Times: user=0.02 sys=0.00, real=0.00 secs] 
34.338: Total time for which application threads were stopped: 0.0080530 seconds, Stopping threads took: 0.0044220 seconds
34.371: Application time: 0.0334960 seconds
34.371: [GC [PSYoungGen: 101936K->7888K(107520K)] 120816K->26768K(352256K), 0.0029470 secs] [Times: user=0.02 sys=0.00, real=0.01 secs] 
34.374: Total time for which application threads were stopped: 0.0031050 seconds, Stopping threads took: 0.0000710 seconds
34.400: Application time: 0.0258790 seconds
34.400: [GC [PSYoungGen: 100560K->7648K(107520K)] 119440K->26528K(352256K), 0.0030480 secs] [Times: user=0.02 sys=0.00, real=0.00 secs] 
34.403: Total time for which application threads were stopped: 0.0032080 seconds, Stopping threads took: 0.0000820 seconds
34.439: Application time: 0.0357400 seconds
34.439: [GC [PSYoungGen: 100320K->8832K(107520K)] 119200K->27712K(352256K), 0.0033050 secs] [Times: user=0.02 sys=0.00, real=0.00 secs] 
34.442: Total time for which application threads were stopped: 0.0034700 seconds, Stopping threads took: 0.0000910 seconds
34.468: Application time: 0.0251880 seconds
34.468: [GC [PSYoungGen: 101504K->7776K(107520K)] 120384K->26656K(352256K), 0.0030110 secs] [Times: user=0.02 sys=0.00, real=0.00 secs] 
34.471: Total time for which application threads were stopped: 0.0031720 seconds, Stopping threads took: 0.0000860 seconds
34.501: Application time: 0.0298490 seconds
34.501: [GC [PSYoungGen: 100448K->11472K(107520K)] 119328K->30352K(352256K), 0.0045730 secs] [Times: user=0.03 sys=0.00, real=0.00 secs] 
34.505: Total time for which application threads were stopped: 0.0047450 seconds, Stopping threads took: 0.0000940 seconds
34.541: Application time: 0.0360540 seconds
34.542: [GC [PSYoungGen: 104144K->9712K(107520K)] 123024K->28592K(352256K), 0.0037390 secs] [Times: user=0.02 sys=0.00, real=0.00 secs] 
34.545: Total time for which application threads were stopped: 0.0039220 seconds, Stopping threads took: 0.0001090 seconds
34.578: Application time: 0.0322930 seconds
34.578: [GC [PSYoungGen: 102384K->8064K(107520K)] 121264K->26944K(352256K), 0.0030970 secs] [Times: user=0.02 sys=0.01, real=0.00 secs] 
34.581: Total time for which application threads were stopped: 0.0032590 seconds, Stopping threads took: 0.0000880 seconds
34.618: Application time: 0.0365350 seconds
34.618: [GC [PSYoungGen: 100736K->7936K(107520K)] 119616K->26817K(352256K), 0.0031180 secs] [Times: user=0.02 sys=0.00, real=0.00 secs] 
34.621: Total time for which application threads were stopped: 0.0032680 seconds, Stopping threads took: 0.0000780 seconds
34.646: Application time: 0.0255300 seconds
34.646: [GC [PSYoungGen: 100608K->7728K(107520K)] 119489K->26608K(352256K), 0.0030290 secs] [Times: user=0.01 sys=0.00, real=0.00 secs] 
34.650: Total time for which application threads were stopped: 0.0032070 seconds, Stopping threads took: 0.0000810 seconds
34.681: Application time: 0.0311730 seconds
34.681: [GC [PSYoungGen: 100400K->11376K(107520K)] 119280K->30256K(352256K), 0.0045260 secs] [Times: user=0.04 sys=0.00, real=0.00 secs] 
34.685: Total time for which application threads were stopped: 0.0046950 seconds, Stopping threads took: 0.0000860 seconds
34.718: Application time: 0.0321090 seconds
34.718: [GC [PSYoungGen: 104048K->8688K(107520K)] 122928K->27568K(352256K), 0.0031980 secs] [Times: user=0.02 sys=0.00, real=0.00 secs] 
34.721: Total time for which application threads were stopped: 0.0033600 seconds, Stopping threads took: 0.0000900 seconds
34.751: Application time: 0.0304940 seconds
34.752: [GC [PSYoungGen: 101360K->9024K(107520K)] 120240K->27904K(352256K), 0.0034320 secs] [Times: user=0.02 sys=0.00, real=0.01 secs] 
34.755: Total time for which application threads were stopped: 0.0036160 seconds, Stopping threads took: 0.0000900 seconds
34.797: Application time: 0.0420580 seconds
34.797: [GC [PSYoungGen: 101696K->8128K(107520K)] 120576K->27008K(352256K), 0.0030700 secs] [Times: user=0.02 sys=0.00, real=0.00 secs] 
34.800: Total time for which application threads were stopped: 0.0032440 seconds, Stopping threads took: 0.0000880 seconds
34.833: Application time: 0.0329670 seconds
34.833: [GC [PSYoungGen: 100800K->8336K(107520K)] 119680K->27216K(352256K), 0.0030780 secs] [Times: user=0.02 sys=0.00, real=0.01 secs] 
34.837: Total time for which application threads were stopped: 0.0032400 seconds, Stopping threads took: 0.0000740 seconds
34.869: Application time: 0.0329910 seconds
34.870: [GC [PSYoungGen: 101008K->7776K(107520K)] 119888K->26769K(352256K), 0.0030400 secs] [Times: user=0.02 sys=0.00, real=0.00 secs] 
34.873: Total time for which application threads were stopped: 0.0032010 seconds, Stopping threads took: 0.0000900 seconds
34.902: Application time: 0.0297890 seconds
34.903: [GC [PSYoungGen: 100448K->7856K(107520K)] 119441K->26849K(352256K), 0.0030000 secs] [Times: user=0.02 sys=0.00, real=0.00 secs] 
34.906: Total time for which application threads were stopped: 0.0031980 seconds, Stopping threads took: 0.0001040 seconds
34.931: Application time: 0.0255580 seconds
34.931: [GC [PSYoungGen: 100528K->7728K(107520K)] 119521K->26816K(352256K), 0.0029590 secs] [Times: user=0.00 sys=0.02, real=0.01 secs] 
34.934: Total time for which application threads were stopped: 0.0031450 seconds, Stopping threads took: 0.0000930 seconds
34.966: Application time: 0.0320630 seconds
34.967: [GC [PSYoungGen: 100400K->9056K(107520K)] 119488K->28233K(352256K), 0.0033440 secs] [Times: user=0.02 sys=0.01, real=0.00 secs] 
34.970: Total time for which application threads were stopped: 0.0035010 seconds, Stopping threads took: 0.0000750 seconds
34.998: Application time: 0.0277910 seconds
34.998: [GC [PSYoungGen: 101728K->8160K(107520K)] 120905K->27337K(352256K), 0.0030660 secs] [Times: user=0.02 sys=0.00, real=0.00 secs] 
35.001: Total time for which application threads were stopped: 0.0032300 seconds, Stopping threads took: 0.0000770 seconds
35.036: Application time: 0.0351250 seconds
35.036: [GC [PSYoungGen: 100832K->9744K(107520K)] 120009K->28977K(352256K), 0.0039090 secs] [Times: user=0.03 sys=0.00, real=0.00 secs] 
35.040: Total time for which application threads were stopped: 0.0040630 seconds, Stopping threads took: 0.0000740 seconds
35.076: Application time: 0.0354240 seconds
35.078: [GC [PSYoungGen: 102416K->9328K(107520K)] 121649K->28561K(352256K), 0.0036690 secs] [Times: user=0.02 sys=0.01, real=0.00 secs] 
35.082: Total time for which application threads were stopped: 0.0060520 seconds, Stopping threads took: 0.0023060 seconds
35.111: Application time: 0.0296340 seconds
35.111: [GC [PSYoungGen: 102000K->7872K(107520K)] 121233K->27105K(352256K), 0.0031380 secs] [Times: user=0.02 sys=0.00, real=0.01 secs] 
35.115: Total time for which application threads were stopped: 0.0032940 seconds, Stopping threads took: 0.0000820 seconds
35.150: Application time: 0.0354220 seconds
35.150: [GC [PSYoungGen: 100544K->7584K(107520K)] 119777K->26817K(352256K), 0.0029170 secs] [Times: user=0.02 sys=0.00, real=0.00 secs] 
35.153: Total time for which application threads were stopped: 0.0031000 seconds, Stopping threads took: 0.0000900 seconds
35.177: Application time: 0.0240770 seconds
35.177: [GC [PSYoungGen: 100256K->7920K(107520K)] 119489K->27153K(352256K), 0.0029930 secs] [Times: user=0.03 sys=0.00, real=0.00 secs] 
35.180: Total time for which application threads were stopped: 0.0031330 seconds, Stopping threads took: 0.0000560 seconds
35.212: Application time: 0.0314280 seconds
35.212: [GC [PSYoungGen: 100592K->12672K(107520K)] 119825K->31905K(352256K), 0.0048600 secs] [Times: user=0.03 sys=0.00, real=0.01 secs] 
35.217: Total time for which application threads were stopped: 0.0050420 seconds, Stopping threads took: 0.0000940 seconds
35.246: Application time: 0.0295150 seconds
35.246: [GC [PSYoungGen: 105344K->8288K(107520K)] 124577K->27521K(352256K), 0.0030740 secs] [Times: user=0.02 sys=0.00, real=0.00 secs] 
35.250: Total time for which application threads were stopped: 0.0032460 seconds, Stopping threads took: 0.0000890 seconds
35.282: Application time: 0.0326350 seconds
35.282: [GC [PSYoungGen: 100960K->9584K(107520K)] 120193K->28817K(352256K), 0.0035900 secs] [Times: user=0.02 sys=0.00, real=0.01 secs] 
35.286: Total time for which application threads were stopped: 0.0037380 seconds, Stopping threads took: 0.0000650 seconds
35.320: Application time: 0.0344610 seconds
35.321: [GC [PSYoungGen: 102256K->8352K(107520K)] 121489K->27585K(352256K), 0.0032560 secs] [Times: user=0.02 sys=0.00, real=0.00 secs] 
35.324: Total time for which application threads were stopped: 0.0034350 seconds, Stopping threads took: 0.0001010 seconds
35.355: Application time: 0.0315290 seconds
35.356: [GC [PSYoungGen: 101024K->7968K(107520K)] 120257K->27201K(352256K), 0.0029900 secs] [Times: user=0.02 sys=0.00, real=0.00 secs] 
35.359: Total time for which application threads were stopped: 0.0031460 seconds, Stopping threads took: 0.0000710 seconds
35.394: Application time: 0.0351930 seconds
35.394: [GC [PSYoungGen: 100640K->9728K(107520K)] 119873K->28961K(352256K), 0.0038050 secs] [Times: user=0.03 sys=0.00, real=0.00 secs] 
35.398: Total time for which application threads were stopped: 0.0039910 seconds, Stopping threads took: 0.0001000 seconds
35.425: Application time: 0.0269170 seconds
35.425: [GC [PSYoungGen: 102400K->7728K(107520K)] 121633K->26961K(352256K), 0.0030150 secs] [Times: user=0.02 sys=0.00, real=0.01 secs] 
35.428: Total time for which application threads were stopped: 0.0031940 seconds, Stopping threads took: 0.0000980 seconds
35.455: Application time: 0.0272770 seconds
35.455: [GC [PSYoungGen: 100400K->8016K(107520K)] 119633K->27249K(352256K), 0.0030040 secs] [Times: user=0.02 sys=0.00, real=0.00 secs] 
35.458: Total time for which application threads were stopped: 0.0031900 seconds, Stopping threads took: 0.0001010 seconds
35.490: Application time: 0.0319420 seconds
35.494: [GC [PSYoungGen: 100688K->9136K(107520K)] 119921K->28369K(352256K), 0.0032840 secs] [Times: user=0.01 sys=0.00, real=0.00 secs] 
35.497: Total time for which application threads were stopped: 0.0070340 seconds, Stopping threads took: 0.0036650 seconds
35.527: Application time: 0.0295530 seconds
35.527: [GC [PSYoungGen: 101808K->10480K(107520K)] 121041K->29713K(352256K), 0.0039290 secs] [Times: user=0.02 sys=0.00, real=0.00 secs] 
35.531: Total time for which application threads were stopped: 0.0041320 seconds, Stopping threads took: 0.0001150 seconds
35.564: Application time: 0.0333070 seconds
35.564: [GC [PSYoungGen: 103152K->9856K(107520K)] 122385K->29089K(352256K), 0.0037660 secs] [Times: user=0.03 sys=0.00, real=0.01 secs] 
35.568: Total time for which application threads were stopped: 0.0039430 seconds, Stopping threads took: 0.0000890 seconds
35.604: Application time: 0.0360480 seconds
35.604: [GC [PSYoungGen: 102528K->8528K(107520K)] 121761K->27761K(352256K), 0.0032400 secs] [Times: user=0.02 sys=0.00, real=0.01 secs] 
35.608: Total time for which application threads were stopped: 0.0033850 seconds, Stopping threads took: 0.0000680 seconds
35.638: Application time: 0.0302850 seconds
35.638: [GC [PSYoungGen: 101200K->7968K(107520K)] 120433K->27313K(352256K), 0.0030390 secs] [Times: user=0.02 sys=0.00, real=0.00 secs] 
35.641: Total time for which application threads were stopped: 0.0031990 seconds, Stopping threads took: 0.0000900 seconds
35.674: Application time: 0.0333210 seconds
35.675: [GC [PSYoungGen: 100640K->8032K(107520K)] 119985K->27417K(352256K), 0.0031650 secs] [Times: user=0.02 sys=0.00, real=0.00 secs] 
35.678: Total time for which application threads were stopped: 0.0033640 seconds, Stopping threads took: 0.0001070 seconds
35.702: Application time: 0.0246410 seconds
35.703: [GC [PSYoungGen: 100704K->7968K(107520K)] 120089K->27401K(352256K), 0.0030370 secs] [Times: user=0.02 sys=0.00, real=0.00 secs] 
35.706: Total time for which application threads were stopped: 0.0032010 seconds, Stopping threads took: 0.0000870 seconds
35.736: Application time: 0.0299530 seconds
35.736: [GC [PSYoungGen: 100640K->11952K(107520K)] 120073K->31441K(352256K), 0.0046830 secs] [Times: user=0.04 sys=0.00, real=0.00 secs] 
35.741: Total time for which application threads were stopped: 0.0048650 seconds, Stopping threads took: 0.0001050 seconds
35.771: Application time: 0.0306560 seconds
35.771: [GC [PSYoungGen: 104624K->9072K(107520K)] 124113K->28617K(352256K), 0.0033860 secs] [Times: user=0.02 sys=0.00, real=0.01 secs] 
35.775: Total time for which application threads were stopped: 0.0035580 seconds, Stopping threads took: 0.0000830 seconds
35.809: Application time: 0.0344480 seconds
35.810: [GC [PSYoungGen: 101744K->9312K(107520K)] 121289K->28913K(352256K), 0.0034850 secs] [Times: user=0.02 sys=0.00, real=0.00 secs] 
35.813: Total time for which application threads were stopped: 0.0042580 seconds, Stopping threads took: 0.0006890 seconds
35.855: Application time: 0.0413500 seconds
35.855: [GC [PSYoungGen: 101984K->8208K(107520K)] 121585K->27825K(352256K), 0.0034080 secs] [Times: user=0.03 sys=0.00, real=0.00 secs] 
35.858: Total time for which application threads were stopped: 0.0035700 seconds, Stopping threads took: 0.0000720 seconds
35.888: Application time: 0.0300040 seconds
35.890: [GC [PSYoungGen: 100880K->7776K(107520K)] 120497K->27393K(352256K), 0.0030030 secs] [Times: user=0.01 sys=0.00, real=0.00 secs] 
35.893: Total time for which application threads were stopped: 0.0046210 seconds, Stopping threads took: 0.0015290 seconds
35.927: Application time: 0.0338650 seconds
35.927: [GC [PSYoungGen: 100448K->9568K(107520K)] 120065K->29185K(352256K), 0.0038180 secs] [Times: user=0.03 sys=0.00, real=0.00 secs] 
35.931: Total time for which application threads were stopped: 0.0039800 seconds, Stopping threads took: 0.0000850 seconds
35.958: Application time: 0.0273420 seconds
35.958: [GC [PSYoungGen: 102240K->7888K(107520K)] 121857K->27505K(352256K), 0.0030670 secs] [Times: user=0.02 sys=0.00, real=0.00 secs] 
35.961: Total time for which application threads were stopped: 0.0032230 seconds, Stopping threads took: 0.0000810 seconds
35.991: Application time: 0.0296060 seconds
35.991: [GC [PSYoungGen: 100560K->11488K(107520K)] 120177K->31105K(352256K), 0.0043730 secs] [Times: user=0.04 sys=0.00, real=0.01 secs] 
35.996: Total time for which application threads were stopped: 0.0045350 seconds, Stopping threads took: 0.0000760 seconds
36.024: Application time: 0.0284320 seconds
36.024: [GC [PSYoungGen: 104160K->7920K(107520K)] 123777K->27537K(352256K), 0.0029990 secs] [Times: user=0.02 sys=0.00, real=0.01 secs] 
36.027: Total time for which application threads were stopped: 0.0031940 seconds, Stopping threads took: 0.0001100 seconds
36.058: Application time: 0.0308580 seconds
36.058: [GC [PSYoungGen: 100592K->10240K(107520K)] 120209K->29857K(352256K), 0.0039130 secs] [Times: user=0.03 sys=0.00, real=0.00 secs] 
36.062: Total time for which application threads were stopped: 0.0041010 seconds, Stopping threads took: 0.0001130 seconds
36.098: Application time: 0.0354420 seconds
36.098: [GC [PSYoungGen: 102912K->9360K(107520K)] 122529K->28977K(352256K), 0.0034770 secs] [Times: user=0.02 sys=0.00, real=0.00 secs] 
36.101: Total time for which application threads were stopped: 0.0036440 seconds, Stopping threads took: 0.0000890 seconds
36.133: Application time: 0.0318350 seconds
36.133: [GC [PSYoungGen: 102032K->7968K(107520K)] 121649K->27585K(352256K), 0.0031790 secs] [Times: user=0.02 sys=0.00, real=0.01 secs] 
36.136: Total time for which application threads were stopped: 0.0033490 seconds, Stopping threads took: 0.0000950 seconds
36.172: Application time: 0.0360570 seconds
36.173: [GC [PSYoungGen: 100640K->9216K(107520K)] 120257K->28833K(352256K), 0.0034690 secs] [Times: user=0.02 sys=0.00, real=0.01 secs] 
36.176: Total time for which application threads were stopped: 0.0036390 seconds, Stopping threads took: 0.0000930 seconds
36.203: Application time: 0.0272830 seconds
36.204: [GC [PSYoungGen: 101888K->7888K(107520K)] 121505K->27505K(352256K), 0.0030220 secs] [Times: user=0.02 sys=0.00, real=0.01 secs] 
36.207: Total time for which application threads were stopped: 0.0032080 seconds, Stopping threads took: 0.0000970 seconds
36.237: Application time: 0.0308330 seconds
36.238: [GC [PSYoungGen: 100560K->8848K(107520K)] 120177K->28465K(352256K), 0.0033830 secs] [Times: user=0.03 sys=0.00, real=0.00 secs] 
36.241: Total time for which application threads were stopped: 0.0035370 seconds, Stopping threads took: 0.0000750 seconds
36.268: Application time: 0.0271090 seconds
36.268: [GC [PSYoungGen: 101520K->8128K(107520K)] 121137K->27745K(352256K), 0.0031170 secs] [Times: user=0.02 sys=0.00, real=0.00 secs] 
36.271: Total time for which application threads were stopped: 0.0032740 seconds, Stopping threads took: 0.0000870 seconds
36.301: Application time: 0.0297810 seconds
36.301: [GC [PSYoungGen: 100800K->12080K(107520K)] 120417K->31697K(352256K), 0.0046280 secs] [Times: user=0.04 sys=0.00, real=0.01 secs] 
36.306: Total time for which application threads were stopped: 0.0048200 seconds, Stopping threads took: 0.0001140 seconds
36.338: Application time: 0.0320290 seconds
36.338: [GC [PSYoungGen: 104752K->9904K(107520K)] 124369K->29521K(352256K), 0.0036820 secs] [Times: user=0.03 sys=0.00, real=0.00 secs] 
36.342: Total time for which application threads were stopped: 0.0038420 seconds, Stopping threads took: 0.0000790 seconds
36.381: Application time: 0.0393190 seconds
36.381: [GC [PSYoungGen: 102576K->7840K(107520K)] 122193K->27457K(352256K), 0.0030940 secs] [Times: user=0.02 sys=0.00, real=0.00 secs] 
36.384: Total time for which application threads were stopped: 0.0032710 seconds, Stopping threads took: 0.0001010 seconds
36.415: Application time: 0.0305610 seconds
36.415: [GC [PSYoungGen: 100512K->7760K(107520K)] 120129K->27473K(352256K), 0.0030870 secs] [Times: user=0.01 sys=0.00, real=0.00 secs] 
36.418: Total time for which application threads were stopped: 0.0032590 seconds, Stopping threads took: 0.0000960 seconds
36.451: Application time: 0.0323660 seconds
36.451: [GC [PSYoungGen: 100432K->8208K(107520K)] 120145K->27969K(352256K), 0.0031710 secs] [Times: user=0.02 sys=0.01, real=0.01 secs] 
36.454: Total time for which application threads were stopped: 0.0033200 seconds, Stopping threads took: 0.0000740 seconds
36.482: Application time: 0.0281450 seconds
36.482: [GC [PSYoungGen: 100880K->7744K(107520K)] 120641K->27585K(352256K), 0.0030780 secs] [Times: user=0.02 sys=0.00, real=0.00 secs] 
36.485: Total time for which application threads were stopped: 0.0032390 seconds, Stopping threads took: 0.0000910 seconds
36.512: Application time: 0.0269920 seconds
36.514: [GC [PSYoungGen: 100415K->9776K(107520K)] 120257K->29705K(352256K), 0.0038550 secs] [Times: user=0.03 sys=0.00, real=0.00 secs] 
36.518: Total time for which application threads were stopped: 0.0055140 seconds, Stopping threads took: 0.0015690 seconds
36.548: Application time: 0.0302860 seconds
36.548: [GC [PSYoungGen: 102448K->8496K(107520K)] 122377K->28425K(352256K), 0.0031930 secs] [Times: user=0.03 sys=0.00, real=0.00 secs] 
36.552: Total time for which application threads were stopped: 0.0033530 seconds, Stopping threads took: 0.0000790 seconds
36.582: Application time: 0.0304460 seconds
36.582: [GC [PSYoungGen: 101168K->7856K(107520K)] 121097K->27785K(352256K), 0.0030790 secs] [Times: user=0.02 sys=0.00, real=0.00 secs] 
36.585: Total time for which application threads were stopped: 0.0032330 seconds, Stopping threads took: 0.0000790 seconds
36.622: Application time: 0.0367240 seconds
36.622: [GC [PSYoungGen: 100528K->9840K(107520K)] 120457K->29833K(352256K), 0.0038760 secs] [Times: user=0.03 sys=0.00, real=0.01 secs] 
36.626: Total time for which application threads were stopped: 0.0040230 seconds, Stopping threads took: 0.0000700 seconds
36.656: Application time: 0.0303750 seconds
36.658: [GC [PSYoungGen: 102512K->8000K(107520K)] 122505K->27993K(352256K), 0.0031070 secs] [Times: user=0.02 sys=0.00, real=0.00 secs] 
36.661: Total time for which application threads were stopped: 0.0047390 seconds, Stopping threads took: 0.0015600 seconds
36.695: Application time: 0.0341770 seconds
36.698: [GC [PSYoungGen: 100672K->9440K(107520K)] 120665K->29433K(352256K), 0.0037220 secs] [Times: user=0.02 sys=0.00, real=0.00 secs] 
36.702: Total time for which application threads were stopped: 0.0064640 seconds, Stopping threads took: 0.0026680 seconds
36.730: Application time: 0.0285780 seconds
36.730: [GC [PSYoungGen: 102112K->7696K(107520K)] 122105K->27689K(352256K), 0.0030260 secs] [Times: user=0.02 sys=0.00, real=0.00 secs] 
36.734: Total time for which application threads were stopped: 0.0032240 seconds, Stopping threads took: 0.0001060 seconds
36.762: Application time: 0.0288950 seconds
36.763: [GC [PSYoungGen: 100368K->10432K(107520K)] 120361K->30425K(352256K), 0.0040240 secs] [Times: user=0.03 sys=0.00, real=0.01 secs] 
36.767: Total time for which application threads were stopped: 0.0041980 seconds, Stopping threads took: 0.0000950 seconds
36.794: Application time: 0.0277940 seconds
36.795: [GC [PSYoungGen: 103104K->8416K(107520K)] 123097K->28409K(352256K), 0.0031490 secs] [Times: user=0.02 sys=0.00, real=0.00 secs] 
36.798: Total time for which application threads were stopped: 0.0033010 seconds, Stopping threads took: 0.0000790 seconds
36.830: Application time: 0.0323880 seconds
36.830: [GC [PSYoungGen: 101088K->10416K(107520K)] 121081K->30409K(352256K), 0.0040080 secs] [Times: user=0.03 sys=0.00, real=0.01 secs] 
36.834: Total time for which application threads were stopped: 0.0041630 seconds, Stopping threads took: 0.0000710 seconds
36.865: Application time: 0.0307060 seconds
36.866: [GC [PSYoungGen: 103088K->8016K(107520K)] 123081K->28009K(352256K), 0.0030290 secs] [Times: user=0.02 sys=0.01, real=0.00 secs] 
36.869: Total time for which application threads were stopped: 0.0040180 seconds, Stopping threads took: 0.0009190 seconds
36.904: Application time: 0.0351210 seconds
36.904: [GC [PSYoungGen: 100688K->8320K(107520K)] 120681K->28313K(352256K), 0.0031750 secs] [Times: user=0.02 sys=0.00, real=0.01 secs] 
36.908: Total time for which application threads were stopped: 0.0033610 seconds, Stopping threads took: 0.0001090 seconds
36.942: Application time: 0.0343860 seconds
36.942: [GC [PSYoungGen: 100992K->8256K(107520K)] 120985K->28249K(352256K), 0.0032190 secs] [Times: user=0.02 sys=0.00, real=0.00 secs] 
36.945: Total time for which application threads were stopped: 0.0033780 seconds, Stopping threads took: 0.0000870 seconds
36.974: Application time: 0.0287230 seconds
36.974: [GC [PSYoungGen: 100928K->7936K(107520K)] 120921K->27929K(352256K), 0.0030090 secs] [Times: user=0.02 sys=0.00, real=0.00 secs] 
36.977: Total time for which application threads were stopped: 0.0031640 seconds, Stopping threads took: 0.0000810 seconds
37.008: Application time: 0.0310800 seconds
37.008: [GC [PSYoungGen: 100608K->8208K(107520K)] 120601K->28201K(352256K), 0.0030540 secs] [Times: user=0.02 sys=0.00, real=0.00 secs] 
37.011: Total time for which application threads were stopped: 0.0031910 seconds, Stopping threads took: 0.0000480 seconds
37.037: Application time: 0.0255410 seconds
37.037: [GC [PSYoungGen: 100880K->9952K(107520K)] 120873K->29945K(352256K), 0.0038320 secs] [Times: user=0.02 sys=0.00, real=0.00 secs] 
37.041: Total time for which application threads were stopped: 0.0040130 seconds, Stopping threads took: 0.0001010 seconds
37.075: Application time: 0.0335730 seconds
37.075: [GC [PSYoungGen: 102624K->12688K(107520K)] 122617K->32681K(352256K), 0.0049260 secs] [Times: user=0.04 sys=0.00, real=0.00 secs] 
37.080: Total time for which application threads were stopped: 0.0050910 seconds, Stopping threads took: 0.0000870 seconds
37.110: Application time: 0.0302920 seconds
37.110: [GC [PSYoungGen: 105360K->8640K(107520K)] 125353K->28633K(352256K), 0.0032190 secs] [Times: user=0.02 sys=0.00, real=0.00 secs] 
37.113: Total time for which application threads were stopped: 0.0033880 seconds, Stopping threads took: 0.0000960 seconds
37.151: Application time: 0.0372890 seconds
37.151: [GC [PSYoungGen: 101312K->8480K(107520K)] 121305K->28473K(352256K), 0.0031930 secs] [Times: user=0.02 sys=0.00, real=0.01 secs] 
37.154: Total time for which application threads were stopped: 0.0033430 seconds, Stopping threads took: 0.0000760 seconds
37.184: Application time: 0.0300050 seconds
37.186: [GC [PSYoungGen: 101152K->7840K(107520K)] 121145K->27921K(352256K), 0.0030230 secs] [Times: user=0.02 sys=0.00, real=0.01 secs] 
37.189: Total time for which application threads were stopped: 0.0047630 seconds, Stopping threads took: 0.0016690 seconds
37.224: Application time: 0.0354770 seconds
37.224: [GC [PSYoungGen: 100512K->7968K(107520K)] 120593K->28049K(352256K), 0.0030470 secs] [Times: user=0.02 sys=0.00, real=0.01 secs] 
37.227: Total time for which application threads were stopped: 0.0032270 seconds, Stopping threads took: 0.0001040 seconds
37.255: Application time: 0.0272700 seconds
37.255: [GC [PSYoungGen: 100640K->7872K(107520K)] 120721K->28073K(352256K), 0.0030090 secs] [Times: user=0.02 sys=0.00, real=0.00 secs] 
37.258: Total time for which application threads were stopped: 0.0031990 seconds, Stopping threads took: 0.0000980 seconds
37.286: Application time: 0.0277360 seconds
37.290: [GC [PSYoungGen: 100544K->11440K(107520K)] 120745K->31697K(352256K), 0.0047080 secs] [Times: user=0.03 sys=0.00, real=0.01 secs] 
37.295: Total time for which application threads were stopped: 0.0090300 seconds, Stopping threads took: 0.0042440 seconds
37.326: Application time: 0.0311950 seconds
37.330: [GC [PSYoungGen: 104112K->7584K(107520K)] 124369K->27889K(352256K), 0.0029350 secs] [Times: user=0.02 sys=0.00, real=0.00 secs] 
37.333: Total time for which application threads were stopped: 0.0070180 seconds, Stopping threads took: 0.0040010 seconds
37.366: Application time: 0.0331250 seconds
37.366: [GC [PSYoungGen: 100256K->7936K(107520K)] 120561K->28241K(352256K), 0.0033270 secs] [Times: user=0.02 sys=0.00, real=0.00 secs] 
37.370: Total time for which application threads were stopped: 0.0035190 seconds, Stopping threads took: 0.0000830 seconds
37.407: Application time: 0.0372890 seconds
37.407: [GC [PSYoungGen: 100608K->9392K(107520K)] 120913K->29753K(352256K), 0.0037230 secs] [Times: user=0.03 sys=0.00, real=0.00 secs] 
37.411: Total time for which application threads were stopped: 0.0038820 seconds, Stopping threads took: 0.0000720 seconds
37.442: Application time: 0.0308780 seconds
37.442: [GC [PSYoungGen: 102064K->7728K(107520K)] 122425K->28089K(352256K), 0.0029410 secs] [Times: user=0.02 sys=0.00, real=0.00 secs] 
37.445: Total time for which application threads were stopped: 0.0031080 seconds, Stopping threads took: 0.0000760 seconds
37.479: Application time: 0.0342070 seconds
37.479: [GC [PSYoungGen: 100400K->9504K(107520K)] 120761K->29865K(352256K), 0.0037750 secs] [Times: user=0.02 sys=0.00, real=0.00 secs] 
37.483: Total time for which application threads were stopped: 0.0039340 seconds, Stopping threads took: 0.0000790 seconds
37.512: Application time: 0.0286830 seconds
37.514: [GC [PSYoungGen: 102176K->7824K(107520K)] 122537K->28185K(352256K), 0.0031100 secs] [Times: user=0.02 sys=0.00, real=0.00 secs] 
37.517: Total time for which application threads were stopped: 0.0055730 seconds, Stopping threads took: 0.0023870 seconds
37.547: Application time: 0.0298760 seconds
37.547: [GC [PSYoungGen: 100496K->10016K(107520K)] 120857K->30385K(352256K), 0.0038330 secs] [Times: user=0.02 sys=0.00, real=0.00 secs] 
37.551: Total time for which application threads were stopped: 0.0040040 seconds, Stopping threads took: 0.0000920 seconds
37.581: Application time: 0.0294920 seconds
37.581: [GC [PSYoungGen: 102688K->8064K(107520K)] 123057K->28433K(352256K), 0.0031450 secs] [Times: user=0.02 sys=0.00, real=0.00 secs] 
37.584: Total time for which application threads were stopped: 0.0033280 seconds, Stopping threads took: 0.0001000 seconds
37.615: Application time: 0.0307020 seconds
37.615: [GC [PSYoungGen: 100736K->8240K(107520K)] 121105K->28609K(352256K), 0.0030330 secs] [Times: user=0.02 sys=0.00, real=0.00 secs] 
37.618: Total time for which application threads were stopped: 0.0031880 seconds, Stopping threads took: 0.0000720 seconds
37.648: Application time: 0.0304370 seconds
37.648: [GC [PSYoungGen: 100912K->7840K(107520K)] 121281K->28209K(352256K), 0.0030690 secs] [Times: user=0.02 sys=0.00, real=0.00 secs] 
37.651: Total time for which application threads were stopped: 0.0032300 seconds, Stopping threads took: 0.0000760 seconds
37.687: Application time: 0.0353390 seconds
37.687: [GC [PSYoungGen: 100512K->8512K(107520K)] 120881K->28881K(352256K), 0.0031800 secs] [Times: user=0.02 sys=0.00, real=0.00 secs] 
37.690: Total time for which application threads were stopped: 0.0033520 seconds, Stopping threads took: 0.0000920 seconds
37.722: Application time: 0.0321740 seconds
37.722: [GC [PSYoungGen: 101184K->7840K(107520K)] 121553K->28209K(352256K), 0.0030750 secs] [Times: user=0.02 sys=0.00, real=0.00 secs] 
37.726: Total time for which application threads were stopped: 0.0032550 seconds, Stopping threads took: 0.0000980 seconds
37.757: Application time: 0.0314270 seconds
37.757: [GC [PSYoungGen: 100512K->7872K(107520K)] 120881K->28241K(352256K), 0.0030320 secs] [Times: user=0.02 sys=0.00, real=0.00 secs] 
37.760: Total time for which application threads were stopped: 0.0032300 seconds, Stopping threads took: 0.0000990 seconds
37.788: Application time: 0.0278240 seconds
37.788: [GC [PSYoungGen: 100544K->7920K(107520K)] 120913K->28289K(352256K), 0.0030040 secs] [Times: user=0.01 sys=0.00, real=0.00 secs] 
37.791: Total time for which application threads were stopped: 0.0032010 seconds, Stopping threads took: 0.0001010 seconds
37.820: Application time: 0.0287500 seconds
37.820: [GC [PSYoungGen: 100592K->8864K(107520K)] 120961K->29233K(352256K), 0.0032160 secs] [Times: user=0.03 sys=0.00, real=0.00 secs] 
37.823: Total time for which application threads were stopped: 0.0033870 seconds, Stopping threads took: 0.0000890 seconds
37.854: Application time: 0.0302220 seconds
37.854: [GC [PSYoungGen: 101536K->11920K(107520K)] 121905K->32289K(352256K), 0.0046960 secs] [Times: user=0.03 sys=0.00, real=0.01 secs] 
37.858: Total time for which application threads were stopped: 0.0048670 seconds, Stopping threads took: 0.0000910 seconds
37.888: Application time: 0.0291980 seconds
37.888: [GC [PSYoungGen: 104592K->10096K(107520K)] 124961K->30465K(352256K), 0.0039110 secs] [Times: user=0.02 sys=0.00, real=0.00 secs] 
37.892: Total time for which application threads were stopped: 0.0040820 seconds, Stopping threads took: 0.0000970 seconds
37.929: Application time: 0.0372530 seconds
37.929: [GC [PSYoungGen: 102768K->9840K(107520K)] 123137K->30209K(352256K), 0.0038090 secs] [Times: user=0.03 sys=0.00, real=0.00 secs] 
37.933: Total time for which application threads were stopped: 0.0039880 seconds, Stopping threads took: 0.0001010 seconds
37.963: Application time: 0.0303830 seconds
37.964: [GC [PSYoungGen: 102512K->7840K(107520K)] 122881K->28305K(352256K), 0.0030790 secs] [Times: user=0.02 sys=0.00, real=0.01 secs] 
37.967: Total time for which application threads were stopped: 0.0032480 seconds, Stopping threads took: 0.0000990 seconds
38.002: Application time: 0.0352350 seconds
38.002: [GC [PSYoungGen: 100512K->8208K(107520K)] 120977K->28674K(352256K), 0.0037910 secs] [Times: user=0.02 sys=0.00, real=0.00 secs] 
38.006: Total time for which application threads were stopped: 0.0039980 seconds, Stopping threads took: 0.0001000 seconds
38.033: Application time: 0.0275230 seconds
38.034: [GC [PSYoungGen: 100880K->7872K(107520K)] 121346K->28434K(352256K), 0.0030700 secs] [Times: user=0.02 sys=0.00, real=0.01 secs] 
38.037: Total time for which application threads were stopped: 0.0032350 seconds, Stopping threads took: 0.0000920 seconds
38.066: Application time: 0.0290450 seconds
38.070: [GC [PSYoungGen: 100544K->11248K(107520K)] 121106K->31858K(352256K), 0.0045940 secs] [Times: user=0.03 sys=0.00, real=0.01 secs] 
38.075: Total time for which application threads were stopped: 0.0089040 seconds, Stopping threads took: 0.0042340 seconds
38.104: Application time: 0.0293240 seconds
38.104: [GC [PSYoungGen: 103920K->7840K(107520K)] 124530K->28538K(352256K), 0.0030250 secs] [Times: user=0.02 sys=0.00, real=0.01 secs] 
38.107: Total time for which application threads were stopped: 0.0031890 seconds, Stopping threads took: 0.0000900 seconds
38.138: Application time: 0.0309590 seconds
38.138: [GC [PSYoungGen: 100512K->8592K(107520K)] 121210K->29290K(352256K), 0.0032110 secs] [Times: user=0.02 sys=0.00, real=0.00 secs] 
38.141: Total time for which application threads were stopped: 0.0033850 seconds, Stopping threads took: 0.0001000 seconds
38.174: Application time: 0.0327420 seconds
38.174: [GC [PSYoungGen: 101264K->9728K(107520K)] 121962K->30490K(352256K), 0.0037550 secs] [Times: user=0.03 sys=0.00, real=0.00 secs] 
38.178: Total time for which application threads were stopped: 0.0039200 seconds, Stopping threads took: 0.0000820 seconds
38.212: Application time: 0.0339340 seconds
38.212: [GC [PSYoungGen: 102400K->7840K(107520K)] 123162K->28602K(352256K), 0.0030370 secs] [Times: user=0.02 sys=0.00, real=0.01 secs] 
38.215: Total time for which application threads were stopped: 0.0032220 seconds, Stopping threads took: 0.0001010 seconds
38.250: Application time: 0.0349490 seconds
38.250: [GC [PSYoungGen: 100512K->9584K(107520K)] 121274K->30346K(352256K), 0.0037920 secs] [Times: user=0.03 sys=0.00, real=0.01 secs] 
38.254: Total time for which application threads were stopped: 0.0039590 seconds, Stopping threads took: 0.0000850 seconds
38.283: Application time: 0.0284410 seconds
38.283: [GC [PSYoungGen: 102256K->7680K(107520K)] 123018K->28442K(352256K), 0.0032180 secs] [Times: user=0.02 sys=0.00, real=0.01 secs] 
38.286: Total time for which application threads were stopped: 0.0034300 seconds, Stopping threads took: 0.0001190 seconds
38.316: Application time: 0.0302180 seconds
38.316: [GC [PSYoungGen: 100352K->7776K(107520K)] 121114K->28538K(352256K), 0.0030410 secs] [Times: user=0.02 sys=0.00, real=0.00 secs] 
38.320: Total time for which application threads were stopped: 0.0032200 seconds, Stopping threads took: 0.0001070 seconds
38.349: Application time: 0.0295910 seconds
38.350: [GC [PSYoungGen: 100448K->8128K(107520K)] 121210K->28890K(352256K), 0.0031160 secs] [Times: user=0.02 sys=0.00, real=0.00 secs] 
38.353: Total time for which application threads were stopped: 0.0036230 seconds, Stopping threads took: 0.0004260 seconds
38.384: Application time: 0.0313080 seconds
38.384: [GC [PSYoungGen: 100800K->10016K(107520K)] 121562K->30778K(352256K), 0.0039310 secs] [Times: user=0.02 sys=0.00, real=0.01 secs] 
38.388: Total time for which application threads were stopped: 0.0040950 seconds, Stopping threads took: 0.0000880 seconds
38.418: Application time: 0.0301760 seconds
38.418: [GC [PSYoungGen: 102688K->8176K(107520K)] 123450K->28938K(352256K), 0.0030720 secs] [Times: user=0.02 sys=0.00, real=0.00 secs] 
38.422: Total time for which application threads were stopped: 0.0032490 seconds, Stopping threads took: 0.0001020 seconds
38.458: Application time: 0.0364260 seconds
38.458: [GC [PSYoungGen: 100848K->9632K(107520K)] 121610K->30394K(352256K), 0.0036520 secs] [Times: user=0.02 sys=0.00, real=0.00 secs] 
38.462: Total time for which application threads were stopped: 0.0037790 seconds, Stopping threads took: 0.0000530 seconds
38.493: Application time: 0.0314930 seconds
38.493: [GC [PSYoungGen: 102304K->8752K(107520K)] 123066K->29514K(352256K), 0.0032980 secs] [Times: user=0.03 sys=0.00, real=0.01 secs] 
38.497: Total time for which application threads were stopped: 0.0034550 seconds, Stopping threads took: 0.0000820 seconds
38.529: Application time: 0.0321990 seconds
38.529: [GC [PSYoungGen: 101424K->7840K(107520K)] 122186K->28602K(352256K), 0.0030280 secs] [Times: user=0.02 sys=0.00, real=0.00 secs] 
38.532: Total time for which application threads were stopped: 0.0031820 seconds, Stopping threads took: 0.0000800 seconds
38.560: Application time: 0.0277350 seconds
38.560: [GC [PSYoungGen: 100512K->8096K(107520K)] 121274K->28858K(352256K), 0.0031220 secs] [Times: user=0.02 sys=0.00, real=0.00 secs] 
38.563: Total time for which application threads were stopped: 0.0032890 seconds, Stopping threads took: 0.0000920 seconds
38.591: Application time: 0.0279980 seconds
38.591: [GC [PSYoungGen: 100768K->10176K(107520K)] 121530K->30946K(352256K), 0.0038560 secs] [Times: user=0.03 sys=0.00, real=0.01 secs] 
38.595: Total time for which application threads were stopped: 0.0040460 seconds, Stopping threads took: 0.0001130 seconds
38.626: Application time: 0.0306450 seconds
38.626: [GC [PSYoungGen: 102848K->11024K(107520K)] 123618K->31794K(352256K), 0.0041280 secs] [Times: user=0.03 sys=0.00, real=0.00 secs] 
38.630: Total time for which application threads were stopped: 0.0042920 seconds, Stopping threads took: 0.0000870 seconds
38.662: Application time: 0.0320630 seconds
38.662: [GC [PSYoungGen: 103696K->8480K(107520K)] 124466K->29250K(352256K), 0.0032750 secs] [Times: user=0.02 sys=0.00, real=0.00 secs] 
38.666: Total time for which application threads were stopped: 0.0034390 seconds, Stopping threads took: 0.0000900 seconds
38.698: Application time: 0.0326110 seconds
38.698: [GC [PSYoungGen: 101152K->10272K(107520K)] 121922K->31042K(352256K), 0.0040340 secs] [Times: user=0.02 sys=0.00, real=0.00 secs] 
38.702: Total time for which application threads were stopped: 0.0041880 seconds, Stopping threads took: 0.0000750 seconds
38.735: Application time: 0.0329780 seconds
38.736: [GC [PSYoungGen: 102944K->8400K(107520K)] 123714K->29170K(352256K), 0.0031690 secs] [Times: user=0.01 sys=0.00, real=0.00 secs] 
38.739: Total time for which application threads were stopped: 0.0033580 seconds, Stopping threads took: 0.0001130 seconds
38.772: Application time: 0.0327520 seconds
38.772: [GC [PSYoungGen: 101072K->9584K(107520K)] 121842K->30442K(352256K), 0.0038700 secs] [Times: user=0.03 sys=0.00, real=0.01 secs] 
38.776: Total time for which application threads were stopped: 0.0040330 seconds, Stopping threads took: 0.0000880 seconds
38.805: Application time: 0.0291610 seconds
38.805: [GC [PSYoungGen: 102256K->7920K(107520K)] 123114K->28874K(352256K), 0.0030680 secs] [Times: user=0.02 sys=0.00, real=0.01 secs] 
38.808: Total time for which application threads were stopped: 0.0032460 seconds, Stopping threads took: 0.0000870 seconds
38.835: Application time: 0.0272350 seconds
38.835: [GC [PSYoungGen: 100592K->9344K(107520K)] 121546K->30346K(352256K), 0.0036980 secs] [Times: user=0.02 sys=0.00, real=0.00 secs] 
38.839: Total time for which application threads were stopped: 0.0038560 seconds, Stopping threads took: 0.0000810 seconds
38.873: Application time: 0.0336080 seconds
38.873: [GC [PSYoungGen: 102016K->8144K(107520K)] 123018K->29194K(352256K), 0.0031450 secs] [Times: user=0.02 sys=0.00, real=0.01 secs] 
38.876: Total time for which application threads were stopped: 0.0032940 seconds, Stopping threads took: 0.0000750 seconds
38.907: Application time: 0.0308660 seconds
38.907: [GC [PSYoungGen: 100816K->9952K(107520K)] 121866K->31050K(352256K), 0.0038790 secs] [Times: user=0.02 sys=0.00, real=0.00 secs] 
38.911: Total time for which application threads were stopped: 0.0040430 seconds, Stopping threads took: 0.0000870 seconds
38.945: Application time: 0.0338760 seconds
38.945: [GC [PSYoungGen: 102624K->7776K(107520K)] 123722K->28938K(352256K), 0.0030130 secs] [Times: user=0.02 sys=0.00, real=0.01 secs] 
38.948: Total time for which application threads were stopped: 0.0032100 seconds, Stopping threads took: 0.0001230 seconds
38.981: Application time: 0.0333740 seconds
38.982: [GC [PSYoungGen: 100448K->9824K(107520K)] 121610K->30986K(352256K), 0.0039040 secs] [Times: user=0.03 sys=0.00, real=0.00 secs] 
38.986: Total time for which application threads were stopped: 0.0043060 seconds, Stopping threads took: 0.0003240 seconds
39.019: Application time: 0.0332600 seconds
39.019: [GC [PSYoungGen: 102496K->9568K(107520K)] 123658K->30730K(352256K), 0.0036780 secs] [Times: user=0.02 sys=0.00, real=0.00 secs] 
39.023: Total time for which application threads were stopped: 0.0038730 seconds, Stopping threads took: 0.0001050 seconds
39.055: Application time: 0.0323880 seconds
39.055: [GC [PSYoungGen: 102240K->7856K(107520K)] 123402K->29018K(352256K), 0.0031030 secs] [Times: user=0.02 sys=0.00, real=0.00 secs] 
39.059: Total time for which application threads were stopped: 0.0032590 seconds, Stopping threads took: 0.0000830 seconds
39.088: Application time: 0.0293140 seconds
39.088: [GC [PSYoungGen: 100528K->9248K(107520K)] 121690K->30410K(352256K), 0.0035930 secs] [Times: user=0.02 sys=0.00, real=0.00 secs] 
39.092: Total time for which application threads were stopped: 0.0037620 seconds, Stopping threads took: 0.0000930 seconds
39.121: Application time: 0.0293210 seconds
39.121: [GC [PSYoungGen: 101920K->8288K(107520K)] 123082K->29450K(352256K), 0.0030890 secs] [Times: user=0.02 sys=0.00, real=0.00 secs] 
39.124: Total time for which application threads were stopped: 0.0032360 seconds, Stopping threads took: 0.0000750 seconds
39.156: Application time: 0.0318830 seconds
39.158: [GC [PSYoungGen: 100960K->9920K(107520K)] 122122K->31082K(352256K), 0.0038340 secs] [Times: user=0.02 sys=0.00, real=0.00 secs] 
39.162: Total time for which application threads were stopped: 0.0058280 seconds, Stopping threads took: 0.0019120 seconds
39.191: Application time: 0.0295740 seconds
39.192: [GC [PSYoungGen: 102592K->10032K(107520K)] 123754K->31194K(352256K), 0.0037860 secs] [Times: user=0.03 sys=0.00, real=0.01 secs] 
39.195: Total time for which application threads were stopped: 0.0039800 seconds, Stopping threads took: 0.0001060 seconds
39.234: Application time: 0.0384130 seconds
39.234: [GC [PSYoungGen: 102704K->10048K(107520K)] 123866K->31210K(352256K), 0.0038270 secs] [Times: user=0.03 sys=0.00, real=0.00 secs] 
39.238: Total time for which application threads were stopped: 0.0040030 seconds, Stopping threads took: 0.0000900 seconds
39.268: Application time: 0.0304960 seconds
39.268: [GC [PSYoungGen: 102720K->7904K(107520K)] 123882K->29066K(352256K), 0.0030460 secs] [Times: user=0.02 sys=0.00, real=0.00 secs] 
39.272: Total time for which application threads were stopped: 0.0032080 seconds, Stopping threads took: 0.0000880 seconds
39.303: Application time: 0.0310640 seconds
39.303: [GC [PSYoungGen: 100576K->7792K(107520K)] 121738K->28954K(352256K), 0.0031700 secs] [Times: user=0.02 sys=0.00, real=0.01 secs] 
39.306: Total time for which application threads were stopped: 0.0033110 seconds, Stopping threads took: 0.0000660 seconds
39.335: Application time: 0.0290150 seconds
39.338: [GC [PSYoungGen: 100464K->8304K(107520K)] 121626K->29466K(352256K), 0.0036480 secs] [Times: user=0.02 sys=0.00, real=0.00 secs] 
39.342: Total time for which application threads were stopped: 0.0068230 seconds, Stopping threads took: 0.0030610 seconds
39.369: Application time: 0.0276770 seconds
39.370: [GC [PSYoungGen: 100976K->9840K(107520K)] 122138K->31002K(352256K), 0.0039690 secs] [Times: user=0.03 sys=0.00, real=0.00 secs] 
39.374: Total time for which application threads were stopped: 0.0041750 seconds, Stopping threads took: 0.0001300 seconds
39.405: Application time: 0.0309930 seconds
39.405: [GC [PSYoungGen: 102512K->9984K(107520K)] 123674K->31146K(352256K), 0.0039020 secs] [Times: user=0.03 sys=0.00, real=0.01 secs] 
39.409: Total time for which application threads were stopped: 0.0040670 seconds, Stopping threads took: 0.0000880 seconds
39.440: Application time: 0.0315280 seconds
39.440: [GC [PSYoungGen: 102656K->9936K(107520K)] 123818K->31098K(352256K), 0.0038920 secs] [Times: user=0.02 sys=0.00, real=0.00 secs] 
39.444: Total time for which application threads were stopped: 0.0040740 seconds, Stopping threads took: 0.0001060 seconds
39.477: Application time: 0.0323560 seconds
39.477: [GC [PSYoungGen: 102608K->9696K(107520K)] 123770K->30858K(352256K), 0.0036760 secs] [Times: user=0.02 sys=0.00, real=0.00 secs] 
39.481: Total time for which application threads were stopped: 0.0038460 seconds, Stopping threads took: 0.0000850 seconds
39.516: Application time: 0.0352350 seconds
39.516: [GC [PSYoungGen: 102368K->7968K(107520K)] 123530K->29178K(352256K), 0.0030810 secs] [Times: user=0.01 sys=0.00, real=0.00 secs] 
39.519: Total time for which application threads were stopped: 0.0032590 seconds, Stopping threads took: 0.0001070 seconds
39.550: Application time: 0.0310430 seconds
39.550: [GC [PSYoungGen: 100640K->7824K(107520K)] 121850K->29090K(352256K), 0.0029870 secs] [Times: user=0.02 sys=0.00, real=0.00 secs] 
39.553: Total time for which application threads were stopped: 0.0031750 seconds, Stopping threads took: 0.0001040 seconds
39.581: Application time: 0.0281220 seconds
39.582: [GC [PSYoungGen: 100496K->9616K(107520K)] 121762K->30978K(352256K), 0.0037710 secs] [Times: user=0.02 sys=0.00, real=0.00 secs] 
39.585: Total time for which application threads were stopped: 0.0039830 seconds, Stopping threads took: 0.0001260 seconds
39.615: Application time: 0.0301430 seconds
39.616: [GC [PSYoungGen: 102288K->10960K(107520K)] 123650K->32362K(352256K), 0.0042900 secs] [Times: user=0.03 sys=0.00, real=0.00 secs] 
39.620: Total time for which application threads were stopped: 0.0044500 seconds, Stopping threads took: 0.0000730 seconds
39.649: Application time: 0.0295580 seconds
39.650: [GC [PSYoungGen: 103632K->8368K(107520K)] 125034K->29866K(352256K), 0.0030880 secs] [Times: user=0.02 sys=0.00, real=0.00 secs] 
39.653: Total time for which application threads were stopped: 0.0032500 seconds, Stopping threads took: 0.0000770 seconds
39.685: Application time: 0.0324950 seconds
39.686: [GC [PSYoungGen: 101040K->7920K(107520K)] 122538K->29418K(352256K), 0.0030320 secs] [Times: user=0.02 sys=0.00, real=0.00 secs] 
39.689: Total time for which application threads were stopped: 0.0038030 seconds, Stopping threads took: 0.0006970 seconds
39.718: Application time: 0.0291160 seconds
39.722: [GC [PSYoungGen: 100592K->8144K(107520K)] 122090K->29650K(352256K), 0.0031930 secs] [Times: user=0.02 sys=0.00, real=0.00 secs] 
39.725: Total time for which application threads were stopped: 0.0070240 seconds, Stopping threads took: 0.0037500 seconds
39.762: Application time: 0.0365860 seconds
39.766: [GC [PSYoungGen: 100816K->8064K(107520K)] 122322K->29626K(352256K), 0.0031980 secs] [Times: user=0.02 sys=0.00, real=0.01 secs] 
39.769: Total time for which application threads were stopped: 0.0070630 seconds, Stopping threads took: 0.0037880 seconds
39.799: Application time: 0.0305060 seconds
39.799: [GC [PSYoungGen: 100736K->7856K(107520K)] 122298K->29418K(352256K), 0.0030180 secs] [Times: user=0.02 sys=0.00, real=0.00 secs] 
39.803: Total time for which application threads were stopped: 0.0031740 seconds, Stopping threads took: 0.0000820 seconds
39.832: Application time: 0.0298020 seconds
39.832: [GC [PSYoungGen: 100528K->7888K(107520K)] 122090K->29450K(352256K), 0.0030880 secs] [Times: user=0.02 sys=0.00, real=0.01 secs] 
39.836: Total time for which application threads were stopped: 0.0032660 seconds, Stopping threads took: 0.0001000 seconds
39.866: Application time: 0.0300620 seconds
39.866: [GC [PSYoungGen: 100560K->7632K(107520K)] 122122K->29194K(352256K), 0.0029240 secs] [Times: user=0.02 sys=0.00, real=0.01 secs] 
39.869: Total time for which application threads were stopped: 0.0031050 seconds, Stopping threads took: 0.0000940 seconds
39.898: Application time: 0.0287390 seconds
39.898: [GC [PSYoungGen: 100304K->7792K(107520K)] 121866K->29354K(352256K), 0.0030150 secs] [Times: user=0.02 sys=0.00, real=0.00 secs] 
39.901: Total time for which application threads were stopped: 0.0031760 seconds, Stopping threads took: 0.0000850 seconds
39.931: Application time: 0.0306660 seconds
39.932: [GC [PSYoungGen: 100464K->10064K(107520K)] 122026K->31626K(352256K), 0.0038650 secs] [Times: user=0.03 sys=0.00, real=0.01 secs] 
39.935: Total time for which application threads were stopped: 0.0040500 seconds, Stopping threads took: 0.0001050 seconds
39.965: Application time: 0.0292530 seconds
39.965: [GC [PSYoungGen: 102736K->8432K(107520K)] 124298K->29994K(352256K), 0.0031950 secs] [Times: user=0.02 sys=0.00, real=0.01 secs] 
39.968: Total time for which application threads were stopped: 0.0033830 seconds, Stopping threads took: 0.0001130 seconds
40.005: Application time: 0.0372300 seconds
40.005: [GC [PSYoungGen: 101104K->10224K(107520K)] 122666K->31786K(352256K), 0.0036910 secs] [Times: user=0.02 sys=0.00, real=0.01 secs] 
40.009: Total time for which application threads were stopped: 0.0038650 seconds, Stopping threads took: 0.0000880 seconds
40.042: Application time: 0.0329550 seconds
40.042: [GC [PSYoungGen: 102896K->7760K(107520K)] 124458K->29322K(352256K), 0.0030540 secs] [Times: user=0.01 sys=0.00, real=0.00 secs] 
40.045: Total time for which application threads were stopped: 0.0032190 seconds, Stopping threads took: 0.0000920 seconds
40.074: Application time: 0.0288020 seconds
40.074: [GC [PSYoungGen: 100432K->8000K(107520K)] 121994K->29562K(352256K), 0.0031260 secs] [Times: user=0.02 sys=0.00, real=0.00 secs] 
40.077: Total time for which application threads were stopped: 0.0033000 seconds, Stopping threads took: 0.0001010 seconds
40.107: Application time: 0.0295400 seconds
40.107: [GC [PSYoungGen: 100672K->8544K(107520K)] 122234K->30106K(352256K), 0.0031680 secs] [Times: user=0.02 sys=0.00, real=0.00 secs] 
40.110: Total time for which application threads were stopped: 0.0033270 seconds, Stopping threads took: 0.0000750 seconds
40.138: Application time: 0.0280700 seconds
40.139: [GC [PSYoungGen: 101216K->11552K(107520K)] 122778K->33114K(352256K), 0.0045630 secs] [Times: user=0.03 sys=0.00, real=0.00 secs] 
40.143: Total time for which application threads were stopped: 0.0047420 seconds, Stopping threads took: 0.0000930 seconds
40.174: Application time: 0.0312320 seconds
40.175: [GC [PSYoungGen: 104224K->10016K(107520K)] 125786K->31578K(352256K), 0.0039240 secs] [Times: user=0.02 sys=0.00, real=0.00 secs] 
40.178: Total time for which application threads were stopped: 0.0041050 seconds, Stopping threads took: 0.0001050 seconds
40.210: Application time: 0.0319090 seconds
40.211: [GC [PSYoungGen: 102688K->7984K(107520K)] 124250K->29546K(352256K), 0.0030420 secs] [Times: user=0.02 sys=0.00, real=0.00 secs] 
40.214: Total time for which application threads were stopped: 0.0032200 seconds, Stopping threads took: 0.0000950 seconds
40.245: Application time: 0.0315410 seconds
40.245: [GC [PSYoungGen: 100656K->9824K(107520K)] 122218K->31386K(352256K), 0.0038580 secs] [Times: user=0.03 sys=0.00, real=0.01 secs] 
40.249: Total time for which application threads were stopped: 0.0040350 seconds, Stopping threads took: 0.0000890 seconds
40.284: Application time: 0.0352420 seconds
40.285: [GC [PSYoungGen: 102496K->8000K(107520K)] 124058K->29562K(352256K), 0.0031750 secs] [Times: user=0.02 sys=0.00, real=0.01 secs] 
40.288: Total time for which application threads were stopped: 0.0033290 seconds, Stopping threads took: 0.0000820 seconds
40.318: Application time: 0.0305610 seconds
40.318: [GC [PSYoungGen: 100672K->8032K(107520K)] 122234K->29674K(352256K), 0.0031050 secs] [Times: user=0.02 sys=0.00, real=0.00 secs] 
40.322: Total time for which application threads were stopped: 0.0032460 seconds, Stopping threads took: 0.0000680 seconds
40.350: Application time: 0.0281950 seconds
40.350: [GC [PSYoungGen: 100704K->9488K(107520K)] 122346K->31218K(352256K), 0.0035980 secs] [Times: user=0.02 sys=0.00, real=0.00 secs] 
40.354: Total time for which application threads were stopped: 0.0037680 seconds, Stopping threads took: 0.0000820 seconds
40.385: Application time: 0.0315930 seconds
40.385: [GC [PSYoungGen: 102160K->10144K(107520K)] 123890K->31930K(352256K), 0.0038210 secs] [Times: user=0.02 sys=0.00, real=0.01 secs] 
40.389: Total time for which application threads were stopped: 0.0040310 seconds, Stopping threads took: 0.0001030 seconds
40.418: Application time: 0.0292630 seconds
40.422: [GC [PSYoungGen: 102816K->7808K(107520K)] 124602K->29690K(352256K), 0.0029490 secs] [Times: user=0.02 sys=0.00, real=0.00 secs] 
40.425: Total time for which application threads were stopped: 0.0065070 seconds, Stopping threads took: 0.0034800 seconds
40.456: Application time: 0.0311320 seconds
40.456: [GC [PSYoungGen: 100480K->10368K(107520K)] 122362K->32250K(352256K), 0.0040310 secs] [Times: user=0.03 sys=0.00, real=0.00 secs] 
40.460: Total time for which application threads were stopped: 0.0042000 seconds, Stopping threads took: 0.0000880 seconds
40.492: Application time: 0.0312860 seconds
40.492: [GC [PSYoungGen: 103040K->8080K(107520K)] 124922K->29962K(352256K), 0.0030290 secs] [Times: user=0.02 sys=0.00, real=0.01 secs] 
40.495: Total time for which application threads were stopped: 0.0031970 seconds, Stopping threads took: 0.0000950 seconds
40.530: Application time: 0.0352010 seconds
40.534: [GC [PSYoungGen: 100752K->8000K(107520K)] 122634K->29930K(352256K), 0.0031310 secs] [Times: user=0.03 sys=0.00, real=0.00 secs] 
40.537: Total time for which application threads were stopped: 0.0071650 seconds, Stopping threads took: 0.0039550 seconds
40.572: Application time: 0.0346520 seconds
40.572: [GC [PSYoungGen: 100672K->7456K(107520K)] 122602K->29386K(352256K), 0.0029570 secs] [Times: user=0.02 sys=0.00, real=0.01 secs] 
40.575: Total time for which application threads were stopped: 0.0031170 seconds, Stopping threads took: 0.0000850 seconds
40.601: Application time: 0.0264840 seconds
40.602: [GC [PSYoungGen: 100128K->7824K(107520K)] 122058K->29754K(352256K), 0.0029850 secs] [Times: user=0.03 sys=0.00, real=0.00 secs] 
40.605: Total time for which application threads were stopped: 0.0031620 seconds, Stopping threads took: 0.0000980 seconds
40.642: Application time: 0.0370800 seconds
40.642: [GC [PSYoungGen: 100496K->8688K(107520K)] 122426K->30618K(352256K), 0.0036650 secs] [Times: user=0.02 sys=0.00, real=0.00 secs] 
40.646: Total time for which application threads were stopped: 0.0039930 seconds, Stopping threads took: 0.0002380 seconds
40.676: Application time: 0.0306720 seconds
40.677: [GC [PSYoungGen: 101360K->10032K(107520K)] 123290K->31962K(352256K), 0.0037250 secs] [Times: user=0.03 sys=0.00, real=0.00 secs] 
40.680: Total time for which application threads were stopped: 0.0039720 seconds, Stopping threads took: 0.0001460 seconds
40.715: Application time: 0.0345920 seconds
40.715: [GC [PSYoungGen: 102704K->9408K(107520K)] 124634K->31346K(352256K), 0.0034280 secs] [Times: user=0.03 sys=0.00, real=0.00 secs] 
40.718: Total time for which application threads were stopped: 0.0035970 seconds, Stopping threads took: 0.0000770 seconds
40.745: Application time: 0.0269790 seconds
40.746: [GC [PSYoungGen: 102080K->8080K(107520K)] 124018K->30018K(352256K), 0.0030500 secs] [Times: user=0.02 sys=0.00, real=0.01 secs] 
40.749: Total time for which application threads were stopped: 0.0032560 seconds, Stopping threads took: 0.0001200 seconds
40.784: Application time: 0.0347890 seconds
40.784: [GC [PSYoungGen: 100752K->10272K(107520K)] 122690K->32210K(352256K), 0.0038080 secs] [Times: user=0.02 sys=0.00, real=0.01 secs] 
40.788: Total time for which application threads were stopped: 0.0039860 seconds, Stopping threads took: 0.0000940 seconds
40.821: Application time: 0.0332350 seconds
40.821: [GC [PSYoungGen: 102944K->7776K(107520K)] 124882K->29714K(352256K), 0.0029700 secs] [Times: user=0.02 sys=0.00, real=0.00 secs] 
40.824: Total time for which application threads were stopped: 0.0031380 seconds, Stopping threads took: 0.0000880 seconds
40.853: Application time: 0.0293500 seconds
40.853: [GC [PSYoungGen: 100448K->8160K(107520K)] 122386K->30098K(352256K), 0.0031280 secs] [Times: user=0.02 sys=0.00, real=0.01 secs] 
40.857: Total time for which application threads were stopped: 0.0033120 seconds, Stopping threads took: 0.0001080 seconds
40.887: Application time: 0.0306500 seconds
40.890: [GC [PSYoungGen: 100832K->9968K(107520K)] 122770K->31906K(352256K), 0.0038820 secs] [Times: user=0.03 sys=0.00, real=0.01 secs] 
40.894: Total time for which application threads were stopped: 0.0067090 seconds, Stopping threads took: 0.0027120 seconds
40.923: Application time: 0.0286470 seconds
40.923: [GC [PSYoungGen: 102640K->9376K(107520K)] 124578K->31314K(352256K), 0.0034610 secs] [Times: user=0.02 sys=0.01, real=0.01 secs] 
40.926: Total time for which application threads were stopped: 0.0036300 seconds, Stopping threads took: 0.0000840 seconds
40.957: Application time: 0.0304930 seconds
40.957: [GC [PSYoungGen: 102048K->9328K(107520K)] 123986K->31266K(352256K), 0.0035500 secs] [Times: user=0.03 sys=0.00, real=0.00 secs] 
40.960: Total time for which application threads were stopped: 0.0037300 seconds, Stopping threads took: 0.0000970 seconds
40.991: Application time: 0.0303490 seconds
40.991: [GC [PSYoungGen: 102000K->8304K(107520K)] 123938K->30242K(352256K), 0.0031110 secs] [Times: user=0.02 sys=0.00, real=0.01 secs] 
40.994: Total time for which application threads were stopped: 0.0032760 seconds, Stopping threads took: 0.0000930 seconds
41.024: Application time: 0.0299930 seconds
41.024: [GC [PSYoungGen: 100976K->9152K(107520K)] 122914K->31090K(352256K), 0.0032860 secs] [Times: user=0.02 sys=0.00, real=0.01 secs] 
41.027: Total time for which application threads were stopped: 0.0034390 seconds, Stopping threads took: 0.0000690 seconds
41.065: Application time: 0.0376980 seconds
41.065: [GC [PSYoungGen: 101824K->7936K(107520K)] 123762K->29874K(352256K), 0.0029490 secs] [Times: user=0.02 sys=0.00, real=0.01 secs] 
41.068: Total time for which application threads were stopped: 0.0031280 seconds, Stopping threads took: 0.0000910 seconds
41.097: Application time: 0.0291090 seconds
41.098: [GC [PSYoungGen: 100608K->7616K(107520K)] 122546K->29642K(352256K), 0.0029650 secs] [Times: user=0.02 sys=0.00, real=0.00 secs] 
41.101: Total time for which application threads were stopped: 0.0031420 seconds, Stopping threads took: 0.0000820 seconds
41.131: Application time: 0.0308720 seconds
41.132: [GC [PSYoungGen: 100288K->9008K(107520K)] 122314K->31122K(352256K), 0.0034970 secs] [Times: user=0.02 sys=0.00, real=0.01 secs] 
41.135: Total time for which application threads were stopped: 0.0036660 seconds, Stopping threads took: 0.0000880 seconds
41.165: Application time: 0.0298350 seconds
41.165: [GC [PSYoungGen: 101680K->9648K(107520K)] 123794K->31763K(352256K), 0.0037710 secs] [Times: user=0.02 sys=0.00, real=0.01 secs] 
41.169: Total time for which application threads were stopped: 0.0039160 seconds, Stopping threads took: 0.0000650 seconds
41.197: Application time: 0.0277070 seconds
41.197: [GC [PSYoungGen: 102320K->9888K(107520K)] 124435K->32127K(352256K), 0.0038710 secs] [Times: user=0.02 sys=0.00, real=0.00 secs] 
41.201: Total time for which application threads were stopped: 0.0040350 seconds, Stopping threads took: 0.0000880 seconds
41.234: Application time: 0.0338200 seconds
41.235: [GC [PSYoungGen: 102560K->9600K(107520K)] 124799K->31839K(352256K), 0.0037800 secs] [Times: user=0.03 sys=0.00, real=0.00 secs] 
41.238: Total time for which application threads were stopped: 0.0039600 seconds, Stopping threads took: 0.0000960 seconds
41.266: Application time: 0.0276930 seconds
41.266: [GC [PSYoungGen: 102272K->8000K(107520K)] 124511K->30239K(352256K), 0.0029530 secs] [Times: user=0.02 sys=0.00, real=0.00 secs] 
41.269: Total time for which application threads were stopped: 0.0030990 seconds, Stopping threads took: 0.0000660 seconds
41.308: Application time: 0.0383200 seconds
41.308: [GC [PSYoungGen: 100672K->7936K(107520K)] 122911K->30231K(352256K), 0.0030570 secs] [Times: user=0.02 sys=0.00, real=0.00 secs] 
41.311: Total time for which application threads were stopped: 0.0032220 seconds, Stopping threads took: 0.0000800 seconds
41.341: Application time: 0.0297860 seconds
41.341: [GC [PSYoungGen: 100608K->7680K(107520K)] 122903K->29975K(352256K), 0.0030540 secs] [Times: user=0.02 sys=0.00, real=0.00 secs] 
41.344: Total time for which application threads were stopped: 0.0032330 seconds, Stopping threads took: 0.0000970 seconds
41.372: Application time: 0.0284250 seconds
41.372: [GC [PSYoungGen: 100352K->8336K(107520K)] 122647K->30631K(352256K), 0.0031910 secs] [Times: user=0.02 sys=0.00, real=0.01 secs] 
41.376: Total time for which application threads were stopped: 0.0033710 seconds, Stopping threads took: 0.0000950 seconds
41.409: Application time: 0.0337000 seconds
41.409: [GC [PSYoungGen: 101008K->9024K(107520K)] 123303K->31319K(352256K), 0.0034810 secs] [Times: user=0.02 sys=0.00, real=0.00 secs] 
41.413: Total time for which application threads were stopped: 0.0036650 seconds, Stopping threads took: 0.0000760 seconds
41.438: Application time: 0.0253560 seconds
41.438: [GC [PSYoungGen: 101696K->8864K(107520K)] 123991K->31159K(352256K), 0.0033770 secs] [Times: user=0.02 sys=0.00, real=0.00 secs] 
41.442: Total time for which application threads were stopped: 0.0035450 seconds, Stopping threads took: 0.0000950 seconds
41.477: Application time: 0.0355460 seconds
41.478: [GC [PSYoungGen: 101536K->9248K(107520K)] 123831K->31543K(352256K), 0.0035850 secs] [Times: user=0.02 sys=0.00, real=0.00 secs] 
41.481: Total time for which application threads were stopped: 0.0037530 seconds, Stopping threads took: 0.0000820 seconds
41.508: Application time: 0.0270670 seconds
41.508: [GC [PSYoungGen: 101920K->8032K(107520K)] 124215K->30327K(352256K), 0.0030610 secs] [Times: user=0.02 sys=0.00, real=0.00 secs] 
41.511: Total time for which application threads were stopped: 0.0032300 seconds, Stopping threads took: 0.0000880 seconds
41.544: Application time: 0.0324510 seconds
41.544: [GC [PSYoungGen: 100704K->11360K(107520K)] 122999K->33655K(352256K), 0.0043840 secs] [Times: user=0.03 sys=0.00, real=0.01 secs] 
41.548: Total time for which application threads were stopped: 0.0045620 seconds, Stopping threads took: 0.0000900 seconds
41.584: Application time: 0.0360120 seconds
41.585: [GC [PSYoungGen: 104032K->8336K(107520K)] 126327K->30631K(352256K), 0.0031920 secs] [Times: user=0.02 sys=0.00, real=0.01 secs] 
41.588: Total time for which application threads were stopped: 0.0033490 seconds, Stopping threads took: 0.0000680 seconds
41.617: Application time: 0.0287980 seconds
41.617: [GC [PSYoungGen: 101008K->7952K(107520K)] 123303K->30247K(352256K), 0.0029940 secs] [Times: user=0.02 sys=0.00, real=0.00 secs] 
41.620: Total time for which application threads were stopped: 0.0031510 seconds, Stopping threads took: 0.0000750 seconds
41.651: Application time: 0.0311990 seconds
41.651: [GC [PSYoungGen: 100624K->9520K(107520K)] 122919K->31815K(352256K), 0.0037760 secs] [Times: user=0.03 sys=0.00, real=0.01 secs] 
41.655: Total time for which application threads were stopped: 0.0039530 seconds, Stopping threads took: 0.0000960 seconds
41.686: Application time: 0.0311010 seconds
41.686: [GC [PSYoungGen: 102192K->8048K(107520K)] 124487K->30343K(352256K), 0.0030360 secs] [Times: user=0.02 sys=0.00, real=0.00 secs] 
41.689: Total time for which application threads were stopped: 0.0032010 seconds, Stopping threads took: 0.0000820 seconds
41.719: Application time: 0.0298800 seconds
41.719: [GC [PSYoungGen: 100720K->9840K(107520K)] 123015K->32135K(352256K), 0.0037680 secs] [Times: user=0.03 sys=0.00, real=0.00 secs] 
41.723: Total time for which application threads were stopped: 0.0039460 seconds, Stopping threads took: 0.0000920 seconds
41.754: Application time: 0.0312280 seconds
41.754: [GC [PSYoungGen: 102512K->9616K(107520K)] 124807K->31911K(352256K), 0.0037660 secs] [Times: user=0.02 sys=0.00, real=0.00 secs] 
41.758: Total time for which application threads were stopped: 0.0039370 seconds, Stopping threads took: 0.0000830 seconds
41.786: Application time: 0.0272660 seconds
41.786: [GC [PSYoungGen: 102288K->7776K(107520K)] 124583K->30071K(352256K), 0.0029930 secs] [Times: user=0.02 sys=0.00, real=0.01 secs] 
41.789: Total time for which application threads were stopped: 0.0031560 seconds, Stopping threads took: 0.0000820 seconds
41.828: Application time: 0.0390190 seconds
41.828: [GC [PSYoungGen: 100448K->7968K(107520K)] 122743K->30311K(352256K), 0.0030560 secs] [Times: user=0.03 sys=0.00, real=0.00 secs] 
41.831: Total time for which application threads were stopped: 0.0032170 seconds, Stopping threads took: 0.0000860 seconds
41.859: Application time: 0.0277400 seconds
41.859: [GC [PSYoungGen: 100640K->7632K(107520K)] 122983K->30031K(352256K), 0.0030180 secs] [Times: user=0.02 sys=0.00, real=0.00 secs] 
41.862: Total time for which application threads were stopped: 0.0031860 seconds, Stopping threads took: 0.0000930 seconds
41.893: Application time: 0.0315300 seconds
41.894: [GC [PSYoungGen: 100304K->8928K(107520K)] 122703K->31423K(352256K), 0.0034500 secs] [Times: user=0.02 sys=0.00, real=0.01 secs] 
41.897: Total time for which application threads were stopped: 0.0036190 seconds, Stopping threads took: 0.0000950 seconds
41.929: Application time: 0.0315670 seconds
41.929: [GC [PSYoungGen: 101600K->8416K(107520K)] 124095K->30911K(352256K), 0.0031600 secs] [Times: user=0.02 sys=0.00, real=0.00 secs] 
41.932: Total time for which application threads were stopped: 0.0033540 seconds, Stopping threads took: 0.0001040 seconds
41.959: Application time: 0.0270000 seconds
41.959: [GC [PSYoungGen: 101088K->9936K(107520K)] 123583K->32519K(352256K), 0.0039170 secs] [Times: user=0.03 sys=0.00, real=0.00 secs] 
41.963: Total time for which application threads were stopped: 0.0040840 seconds, Stopping threads took: 0.0000940 seconds
41.998: Application time: 0.0351180 seconds
41.998: [GC [PSYoungGen: 102608K->8080K(107520K)] 125191K->30719K(352256K), 0.0030900 secs] [Times: user=0.02 sys=0.00, real=0.00 secs] 
42.001: Total time for which application threads were stopped: 0.0032420 seconds, Stopping threads took: 0.0000770 seconds
42.028: Application time: 0.0267260 seconds
42.028: [GC [PSYoungGen: 100752K->7760K(107520K)] 123391K->30399K(352256K), 0.0029990 secs] [Times: user=0.02 sys=0.00, real=0.00 secs] 
42.031: Total time for which application threads were stopped: 0.0031870 seconds, Stopping threads took: 0.0001000 seconds
42.066: Application time: 0.0343110 seconds
42.066: [GC [PSYoungGen: 100432K->10832K(107520K)] 123071K->33519K(352256K), 0.0042070 secs] [Times: user=0.03 sys=0.00, real=0.01 secs] 
42.070: Total time for which application threads were stopped: 0.0043860 seconds, Stopping threads took: 0.0001030 seconds
42.103: Application time: 0.0327920 seconds
42.103: [GC [PSYoungGen: 103504K->7664K(107520K)] 126191K->30351K(352256K), 0.0029690 secs] [Times: user=0.02 sys=0.00, real=0.01 secs] 
42.106: Total time for which application threads were stopped: 0.0031300 seconds, Stopping threads took: 0.0000800 seconds
42.134: Application time: 0.0285640 seconds
42.135: [GC [PSYoungGen: 100336K->7920K(107520K)] 123023K->30607K(352256K), 0.0030670 secs] [Times: user=0.02 sys=0.00, real=0.00 secs] 
42.138: Total time for which application threads were stopped: 0.0032370 seconds, Stopping threads took: 0.0000910 seconds
42.170: Application time: 0.0326820 seconds
42.171: [GC [PSYoungGen: 100592K->9520K(107520K)] 123279K->32207K(352256K), 0.0037300 secs] [Times: user=0.02 sys=0.00, real=0.01 secs] 
42.174: Total time for which application threads were stopped: 0.0039180 seconds, Stopping threads took: 0.0001130 seconds
42.203: Application time: 0.0283410 seconds
42.203: [GC [PSYoungGen: 102192K->8544K(107520K)] 124879K->31231K(352256K), 0.0033090 secs] [Times: user=0.02 sys=0.00, real=0.01 secs] 
42.206: Total time for which application threads were stopped: 0.0034700 seconds, Stopping threads took: 0.0000840 seconds
42.238: Application time: 0.0321790 seconds
42.238: [GC [PSYoungGen: 101216K->10080K(107520K)] 123903K->32767K(352256K), 0.0039190 secs] [Times: user=0.02 sys=0.01, real=0.00 secs] 
42.242: Total time for which application threads were stopped: 0.0040410 seconds, Stopping threads took: 0.0000440 seconds
42.271: Application time: 0.0286830 seconds
42.271: [GC [PSYoungGen: 102752K->9968K(107520K)] 125439K->32655K(352256K), 0.0038970 secs] [Times: user=0.03 sys=0.00, real=0.01 secs] 
42.275: Total time for which application threads were stopped: 0.0040570 seconds, Stopping threads took: 0.0000840 seconds
42.305: Application time: 0.0295290 seconds
42.305: [GC [PSYoungGen: 102640K->9712K(107520K)] 125327K->32399K(352256K), 0.0038060 secs] [Times: user=0.02 sys=0.00, real=0.01 secs] 
42.309: Total time for which application threads were stopped: 0.0039720 seconds, Stopping threads took: 0.0000920 seconds
42.346: Application time: 0.0376710 seconds
42.346: [GC [PSYoungGen: 102384K->8368K(107520K)] 125071K->31055K(352256K), 0.0032860 secs] [Times: user=0.01 sys=0.00, real=0.00 secs] 
42.350: Total time for which application threads were stopped: 0.0034440 seconds, Stopping threads took: 0.0000800 seconds
42.378: Application time: 0.0280040 seconds
42.378: [GC [PSYoungGen: 101040K->7648K(107520K)] 123727K->30335K(352256K), 0.0029960 secs] [Times: user=0.02 sys=0.00, real=0.00 secs] 
42.381: Total time for which application threads were stopped: 0.0031770 seconds, Stopping threads took: 0.0000950 seconds
42.413: Application time: 0.0323720 seconds
42.413: [GC [PSYoungGen: 100320K->8176K(107520K)] 123007K->30863K(352256K), 0.0031240 secs] [Times: user=0.02 sys=0.00, real=0.01 secs] 
42.417: Total time for which application threads were stopped: 0.0033060 seconds, Stopping threads took: 0.0001070 seconds
42.445: Application time: 0.0284870 seconds
42.445: [GC [PSYoungGen: 100848K->8544K(107520K)] 123535K->31231K(352256K), 0.0032330 secs] [Times: user=0.02 sys=0.00, real=0.01 secs] 
42.449: Total time for which application threads were stopped: 0.0034220 seconds, Stopping threads took: 0.0000910 seconds
42.478: Application time: 0.0291450 seconds
42.478: [GC [PSYoungGen: 101216K->8288K(107520K)] 123903K->30975K(352256K), 0.0031280 secs] [Times: user=0.02 sys=0.00, real=0.00 secs] 
42.481: Total time for which application threads were stopped: 0.0033000 seconds, Stopping threads took: 0.0000960 seconds
42.513: Application time: 0.0319330 seconds
42.513: [GC [PSYoungGen: 100960K->9088K(107520K)] 123647K->31775K(352256K), 0.0033630 secs] [Times: user=0.02 sys=0.00, real=0.01 secs] 
42.516: Total time for which application threads were stopped: 0.0035330 seconds, Stopping threads took: 0.0000970 seconds
42.544: Application time: 0.0276470 seconds
42.544: [GC [PSYoungGen: 101760K->7872K(107520K)] 124447K->30559K(352256K), 0.0030240 secs] [Times: user=0.02 sys=0.00, real=0.01 secs] 
42.547: Total time for which application threads were stopped: 0.0031800 seconds, Stopping threads took: 0.0000730 seconds
42.585: Application time: 0.0374550 seconds
42.585: [GC [PSYoungGen: 100544K->8848K(107520K)] 123231K->31583K(352256K), 0.0032640 secs] [Times: user=0.02 sys=0.00, real=0.01 secs] 
42.588: Total time for which application threads were stopped: 0.0034130 seconds, Stopping threads took: 0.0000750 seconds
42.617: Application time: 0.0290310 seconds
42.617: [GC [PSYoungGen: 101520K->7808K(107520K)] 124255K->30591K(352256K), 0.0030850 secs] [Times: user=0.03 sys=0.00, real=0.00 secs] 
42.620: Total time for which application threads were stopped: 0.0032390 seconds, Stopping threads took: 0.0000770 seconds
42.652: Application time: 0.0313110 seconds
42.652: [GC [PSYoungGen: 100480K->8368K(107520K)] 123263K->31199K(352256K), 0.0032080 secs] [Times: user=0.02 sys=0.00, real=0.01 secs] 
42.655: Total time for which application threads were stopped: 0.0033950 seconds, Stopping threads took: 0.0001140 seconds
42.687: Application time: 0.0321130 seconds
42.687: [GC [PSYoungGen: 101040K->9744K(107520K)] 123871K->32631K(352256K), 0.0038260 secs] [Times: user=0.02 sys=0.00, real=0.00 secs] 
42.691: Total time for which application threads were stopped: 0.0039920 seconds, Stopping threads took: 0.0000890 seconds
42.718: Application time: 0.0263290 seconds
42.722: [GC [PSYoungGen: 102416K->7712K(107520K)] 125303K->30647K(352256K), 0.0030780 secs] [Times: user=0.02 sys=0.01, real=0.00 secs] 
42.725: Total time for which application threads were stopped: 0.0075070 seconds, Stopping threads took: 0.0043550 seconds
42.760: Application time: 0.0346790 seconds
42.760: [GC [PSYoungGen: 100384K->8016K(107520K)] 123319K->31051K(352256K), 0.0031490 secs] [Times: user=0.02 sys=0.00, real=0.00 secs] 
42.763: Total time for which application threads were stopped: 0.0032960 seconds, Stopping threads took: 0.0000720 seconds
42.789: Application time: 0.0256050 seconds
42.789: [GC [PSYoungGen: 100688K->8128K(107520K)] 123723K->31163K(352256K), 0.0030820 secs] [Times: user=0.03 sys=0.00, real=0.00 secs] 
42.792: Total time for which application threads were stopped: 0.0032250 seconds, Stopping threads took: 0.0000680 seconds
42.825: Application time: 0.0329620 seconds
42.825: [GC [PSYoungGen: 100800K->9824K(107520K)] 123835K->32923K(352256K), 0.0038550 secs] [Times: user=0.03 sys=0.00, real=0.01 secs] 
42.829: Total time for which application threads were stopped: 0.0040460 seconds, Stopping threads took: 0.0001160 seconds
42.864: Application time: 0.0349160 seconds
42.866: [GC [PSYoungGen: 102496K->7536K(107520K)] 125595K->30635K(352256K), 0.0029570 secs] [Times: user=0.02 sys=0.00, real=0.00 secs] 
42.869: Total time for which application threads were stopped: 0.0051140 seconds, Stopping threads took: 0.0020820 seconds
42.897: Application time: 0.0280030 seconds
42.897: [GC [PSYoungGen: 100208K->8096K(107520K)] 123307K->31195K(352256K), 0.0031840 secs] [Times: user=0.02 sys=0.00, real=0.00 secs] 
42.900: Total time for which application threads were stopped: 0.0033800 seconds, Stopping threads took: 0.0001210 seconds
42.936: Application time: 0.0356160 seconds
42.936: [GC [PSYoungGen: 100768K->8848K(107520K)] 123867K->31947K(352256K), 0.0033230 secs] [Times: user=0.02 sys=0.00, real=0.00 secs] 
42.939: Total time for which application threads were stopped: 0.0034930 seconds, Stopping threads took: 0.0000940 seconds
42.965: Application time: 0.0258730 seconds
42.965: [GC [PSYoungGen: 101520K->7872K(107520K)] 124619K->30971K(352256K), 0.0030140 secs] [Times: user=0.02 sys=0.00, real=0.01 secs] 
42.969: Total time for which application threads were stopped: 0.0032120 seconds, Stopping threads took: 0.0000910 seconds
42.999: Application time: 0.0304790 seconds
42.999: [GC [PSYoungGen: 100544K->10048K(107520K)] 123643K->33147K(352256K), 0.0060170 secs] [Times: user=0.04 sys=0.00, real=0.00 secs] 
43.005: Total time for which application threads were stopped: 0.0062010 seconds, Stopping threads took: 0.0001000 seconds
43.035: Application time: 0.0300490 seconds
43.035: [GC [PSYoungGen: 102720K->9600K(107520K)] 125819K->32699K(352256K), 0.0037760 secs] [Times: user=0.02 sys=0.00, real=0.00 secs] 
43.039: Total time for which application threads were stopped: 0.0039710 seconds, Stopping threads took: 0.0001150 seconds
43.069: Application time: 0.0301380 seconds
43.070: [GC [PSYoungGen: 102272K->7920K(107520K)] 125371K->31019K(352256K), 0.0030210 secs] [Times: user=0.02 sys=0.00, real=0.00 secs] 
43.073: Total time for which application threads were stopped: 0.0031780 seconds, Stopping threads took: 0.0000850 seconds
43.111: Application time: 0.0387270 seconds
43.114: [GC [PSYoungGen: 100592K->7952K(107520K)] 123691K->31051K(352256K), 0.0031200 secs] [Times: user=0.02 sys=0.00, real=0.00 secs] 
43.117: Total time for which application threads were stopped: 0.0058330 seconds, Stopping threads took: 0.0026370 seconds
43.145: Application time: 0.0276210 seconds
43.145: [GC [PSYoungGen: 100624K->7728K(107520K)] 123723K->30827K(352256K), 0.0030260 secs] [Times: user=0.02 sys=0.00, real=0.01 secs] 
43.148: Total time for which application threads were stopped: 0.0031860 seconds, Stopping threads took: 0.0000860 seconds
43.180: Application time: 0.0316370 seconds
43.180: [GC [PSYoungGen: 100400K->9584K(107520K)] 123499K->32683K(352256K), 0.0038060 secs] [Times: user=0.03 sys=0.00, real=0.00 secs] 
43.184: Total time for which application threads were stopped: 0.0040060 seconds, Stopping threads took: 0.0001230 seconds
43.214: Application time: 0.0304130 seconds
43.214: [GC [PSYoungGen: 102256K->8464K(107520K)] 125355K->31563K(352256K), 0.0031870 secs] [Times: user=0.02 sys=0.00, real=0.00 secs] 
43.217: Total time for which application threads were stopped: 0.0033400 seconds, Stopping threads took: 0.0000790 seconds
43.245: Application time: 0.0272530 seconds
43.245: [GC [PSYoungGen: 101136K->8096K(107520K)] 124235K->31195K(352256K), 0.0031540 secs] [Times: user=0.02 sys=0.00, real=0.01 secs] 
43.248: Total time for which application threads were stopped: 0.0033210 seconds, Stopping threads took: 0.0000930 seconds
43.283: Application time: 0.0350760 seconds
43.283: [GC [PSYoungGen: 100768K->8800K(107520K)] 123867K->31899K(352256K), 0.0032980 secs] [Times: user=0.02 sys=0.00, real=0.01 secs] 
43.286: Total time for which application threads were stopped: 0.0034540 seconds, Stopping threads took: 0.0000820 seconds
43.313: Application time: 0.0261550 seconds
43.313: [GC [PSYoungGen: 101472K->7904K(107520K)] 124571K->31003K(352256K), 0.0030580 secs] [Times: user=0.03 sys=0.00, real=0.01 secs] 
43.316: Total time for which application threads were stopped: 0.0032460 seconds, Stopping threads took: 0.0001090 seconds
43.352: Application time: 0.0362380 seconds
43.352: [GC [PSYoungGen: 100576K->10672K(107520K)] 123675K->33771K(352256K), 0.0040080 secs] [Times: user=0.02 sys=0.00, real=0.01 secs] 
43.356: Total time for which application threads were stopped: 0.0041680 seconds, Stopping threads took: 0.0000760 seconds
43.388: Application time: 0.0320090 seconds
43.388: [GC [PSYoungGen: 103344K->7808K(107520K)] 126443K->30955K(352256K), 0.0031880 secs] [Times: user=0.01 sys=0.00, real=0.00 secs] 
43.392: Total time for which application threads were stopped: 0.0033540 seconds, Stopping threads took: 0.0000870 seconds
43.421: Application time: 0.0296110 seconds
43.421: [GC [PSYoungGen: 100480K->7904K(107520K)] 123627K->31131K(352256K), 0.0030910 secs] [Times: user=0.02 sys=0.00, real=0.00 secs] 
43.424: Total time for which application threads were stopped: 0.0032340 seconds, Stopping threads took: 0.0000680 seconds
43.459: Application time: 0.0346210 seconds
43.462: [GC [PSYoungGen: 100576K->8672K(107520K)] 123803K->31955K(352256K), 0.0033170 secs] [Times: user=0.02 sys=0.00, real=0.00 secs] 
43.465: Total time for which application threads were stopped: 0.0062100 seconds, Stopping threads took: 0.0028210 seconds
43.490: Application time: 0.0246560 seconds
43.490: [GC [PSYoungGen: 101344K->7904K(107520K)] 124627K->31235K(352256K), 0.0030590 secs] [Times: user=0.01 sys=0.00, real=0.00 secs] 
43.493: Total time for which application threads were stopped: 0.0032310 seconds, Stopping threads took: 0.0000790 seconds
43.527: Application time: 0.0339690 seconds
43.527: [GC [PSYoungGen: 100576K->9728K(107520K)] 123907K->33143K(352256K), 0.0039120 secs] [Times: user=0.02 sys=0.00, real=0.00 secs] 
43.531: Total time for which application threads were stopped: 0.0040770 seconds, Stopping threads took: 0.0000900 seconds
43.558: Application time: 0.0266400 seconds
43.558: [GC [PSYoungGen: 102400K->8528K(107520K)] 125815K->31951K(352256K), 0.0032790 secs] [Times: user=0.03 sys=0.00, real=0.00 secs] 
43.561: Total time for which application threads were stopped: 0.0034680 seconds, Stopping threads took: 0.0001110 seconds
43.593: Application time: 0.0318670 seconds
43.593: [GC [PSYoungGen: 101200K->10976K(107520K)] 124623K->34399K(352256K), 0.0041820 secs] [Times: user=0.03 sys=0.00, real=0.01 secs] 
43.598: Total time for which application threads were stopped: 0.0043430 seconds, Stopping threads took: 0.0000820 seconds
43.636: Application time: 0.0380680 seconds
43.636: [GC [PSYoungGen: 103648K->7840K(107520K)] 127071K->31319K(352256K), 0.0030930 secs] [Times: user=0.02 sys=0.00, real=0.00 secs] 
43.639: Total time for which application threads were stopped: 0.0032930 seconds, Stopping threads took: 0.0001280 seconds
43.667: Application time: 0.0283690 seconds
43.667: [GC [PSYoungGen: 100512K->7600K(107520K)] 123991K->31079K(352256K), 0.0030100 secs] [Times: user=0.02 sys=0.00, real=0.00 secs] 
43.671: Total time for which application threads were stopped: 0.0032040 seconds, Stopping threads took: 0.0001190 seconds
43.703: Application time: 0.0322080 seconds
43.703: [GC [PSYoungGen: 100272K->8640K(107520K)] 123751K->32119K(352256K), 0.0032810 secs] [Times: user=0.02 sys=0.00, real=0.01 secs] 
43.706: Total time for which application threads were stopped: 0.0034330 seconds, Stopping threads took: 0.0000780 seconds
43.734: Application time: 0.0278470 seconds
43.734: [GC [PSYoungGen: 101312K->8112K(107520K)] 124791K->31591K(352256K), 0.0031070 secs] [Times: user=0.02 sys=0.00, real=0.00 secs] 
43.737: Total time for which application threads were stopped: 0.0032410 seconds, Stopping threads took: 0.0000610 seconds
43.766: Application time: 0.0289790 seconds
43.766: [GC [PSYoungGen: 100784K->9664K(107520K)] 124263K->33143K(352256K), 0.0038030 secs] [Times: user=0.02 sys=0.00, real=0.00 secs] 
43.770: Total time for which application threads were stopped: 0.0039680 seconds, Stopping threads took: 0.0000890 seconds
43.802: Application time: 0.0313490 seconds
43.802: [GC [PSYoungGen: 102336K->9600K(107520K)] 125815K->33079K(352256K), 0.0037860 secs] [Times: user=0.02 sys=0.00, real=0.00 secs] 
43.806: Total time for which application threads were stopped: 0.0039610 seconds, Stopping threads took: 0.0000980 seconds
43.834: Application time: 0.0288960 seconds
43.838: [GC [PSYoungGen: 102272K->8032K(107520K)] 125751K->31511K(352256K), 0.0031100 secs] [Times: user=0.02 sys=0.00, real=0.00 secs] 
43.841: Total time for which application threads were stopped: 0.0066610 seconds, Stopping threads took: 0.0034720 seconds
43.879: Application time: 0.0380190 seconds
43.879: [GC [PSYoungGen: 100704K->8096K(107520K)] 124183K->31575K(352256K), 0.0031660 secs] [Times: user=0.02 sys=0.00, real=0.00 secs] 
43.882: Total time for which application threads were stopped: 0.0033410 seconds, Stopping threads took: 0.0000910 seconds
43.913: Application time: 0.0307140 seconds
43.914: [GC [PSYoungGen: 100768K->8016K(107520K)] 124247K->31496K(352256K), 0.0031750 secs] [Times: user=0.02 sys=0.00, real=0.00 secs] 
43.917: Total time for which application threads were stopped: 0.0039930 seconds, Stopping threads took: 0.0007300 seconds
43.945: Application time: 0.0280870 seconds
43.945: [GC [PSYoungGen: 100688K->8032K(107520K)] 124168K->31511K(352256K), 0.0031000 secs] [Times: user=0.02 sys=0.00, real=0.01 secs] 
43.949: Total time for which application threads were stopped: 0.0032580 seconds, Stopping threads took: 0.0000830 seconds
43.980: Application time: 0.0317400 seconds
43.980: [GC [PSYoungGen: 100704K->10448K(107520K)] 124183K->33927K(352256K), 0.0040130 secs] [Times: user=0.03 sys=0.00, real=0.00 secs] 
43.984: Total time for which application threads were stopped: 0.0041730 seconds, Stopping threads took: 0.0000850 seconds
44.010: Application time: 0.0257780 seconds
44.010: [GC [PSYoungGen: 103120K->7856K(107520K)] 126599K->31336K(352256K), 0.0030080 secs] [Times: user=0.02 sys=0.00, real=0.00 secs] 
44.013: Total time for which application threads were stopped: 0.0032050 seconds, Stopping threads took: 0.0001040 seconds
44.048: Application time: 0.0349390 seconds
44.049: [GC [PSYoungGen: 100528K->8304K(107520K)] 124008K->31784K(352256K), 0.0031340 secs] [Times: user=0.02 sys=0.00, real=0.00 secs] 
44.052: Total time for which application threads were stopped: 0.0033020 seconds, Stopping threads took: 0.0000830 seconds
44.077: Application time: 0.0257340 seconds
44.078: [GC [PSYoungGen: 100976K->8128K(107520K)] 124456K->31607K(352256K), 0.0030990 secs] [Times: user=0.02 sys=0.00, real=0.00 secs] 
44.081: Total time for which application threads were stopped: 0.0032770 seconds, Stopping threads took: 0.0000960 seconds
44.116: Application time: 0.0351800 seconds
44.116: [GC [PSYoungGen: 100800K->10448K(107520K)] 124279K->33927K(352256K), 0.0040020 secs] [Times: user=0.02 sys=0.00, real=0.00 secs] 
44.120: Total time for which application threads were stopped: 0.0041710 seconds, Stopping threads took: 0.0000850 seconds
44.155: Application time: 0.0348300 seconds
44.155: [GC [PSYoungGen: 103120K->7888K(107520K)] 126599K->31415K(352256K), 0.0030210 secs] [Times: user=0.02 sys=0.00, real=0.00 secs] 
44.158: Total time for which application threads were stopped: 0.0032030 seconds, Stopping threads took: 0.0000970 seconds
44.186: Application time: 0.0275900 seconds
44.190: [GC [PSYoungGen: 100560K->7808K(107520K)] 124087K->31424K(352256K), 0.0031760 secs] [Times: user=0.02 sys=0.01, real=0.00 secs] 
44.193: Total time for which application threads were stopped: 0.0075070 seconds, Stopping threads took: 0.0042500 seconds
44.227: Application time: 0.0339760 seconds
44.227: [GC [PSYoungGen: 100480K->11600K(107520K)] 124096K->35272K(352256K), 0.0046350 secs] [Times: user=0.03 sys=0.00, real=0.00 secs] 
44.232: Total time for which application threads were stopped: 0.0048320 seconds, Stopping threads took: 0.0001160 seconds
44.257: Application time: 0.0253000 seconds
44.257: [GC [PSYoungGen: 104269K->7696K(107520K)] 127941K->31424K(352256K), 0.0029450 secs] [Times: user=0.02 sys=0.00, real=0.00 secs] 
44.260: Total time for which application threads were stopped: 0.0031420 seconds, Stopping threads took: 0.0001150 seconds
44.292: Application time: 0.0311150 seconds
44.292: [GC [PSYoungGen: 100368K->10288K(107520K)] 124096K->34100K(352256K), 0.0040070 secs] [Times: user=0.02 sys=0.00, real=0.01 secs] 
44.296: Total time for which application threads were stopped: 0.0041850 seconds, Stopping threads took: 0.0001010 seconds
44.324: Application time: 0.0278360 seconds
44.324: [GC [PSYoungGen: 102960K->9504K(107520K)] 126772K->33316K(352256K), 0.0036560 secs] [Times: user=0.02 sys=0.00, real=0.01 secs] 
44.327: Total time for which application threads were stopped: 0.0038190 seconds, Stopping threads took: 0.0000860 seconds
44.360: Application time: 0.0329420 seconds
44.361: [GC [PSYoungGen: 102176K->10768K(107520K)] 125988K->34580K(352256K), 0.0040240 secs] [Times: user=0.03 sys=0.00, real=0.00 secs] 
44.365: Total time for which application threads were stopped: 0.0042050 seconds, Stopping threads took: 0.0001000 seconds
44.401: Application time: 0.0368950 seconds
44.402: [GC [PSYoungGen: 103440K->7888K(107520K)] 127252K->31756K(352256K), 0.0030330 secs] [Times: user=0.02 sys=0.00, real=0.00 secs] 
44.405: Total time for which application threads were stopped: 0.0032150 seconds, Stopping threads took: 0.0001050 seconds
44.434: Application time: 0.0295870 seconds
44.434: [GC [PSYoungGen: 100560K->7616K(107520K)] 124428K->31484K(352256K), 0.0029980 secs] [Times: user=0.02 sys=0.00, real=0.00 secs] 
44.437: Total time for which application threads were stopped: 0.0031520 seconds, Stopping threads took: 0.0000820 seconds
44.468: Application time: 0.0309620 seconds
44.469: [GC [PSYoungGen: 100288K->8160K(107520K)] 124156K->32028K(352256K), 0.0033210 secs] [Times: user=0.02 sys=0.00, real=0.00 secs] 
44.472: Total time for which application threads were stopped: 0.0034990 seconds, Stopping threads took: 0.0001060 seconds
44.502: Application time: 0.0298520 seconds
44.502: [GC [PSYoungGen: 100832K->8336K(107520K)] 124700K->32204K(352256K), 0.0031690 secs] [Times: user=0.02 sys=0.00, real=0.00 secs] 
44.505: Total time for which application threads were stopped: 0.0033570 seconds, Stopping threads took: 0.0001040 seconds
44.532: Application time: 0.0264460 seconds
44.532: [GC [PSYoungGen: 101008K->7760K(107520K)] 124876K->31628K(352256K), 0.0029760 secs] [Times: user=0.02 sys=0.00, real=0.01 secs] 
44.535: Total time for which application threads were stopped: 0.0031560 seconds, Stopping threads took: 0.0000840 seconds
44.569: Application time: 0.0341960 seconds
44.570: [GC [PSYoungGen: 100432K->9728K(107520K)] 124300K->33596K(352256K), 0.0038010 secs] [Times: user=0.02 sys=0.00, real=0.00 secs] 
44.574: Total time for which application threads were stopped: 0.0048900 seconds, Stopping threads took: 0.0010140 seconds
44.601: Application time: 0.0270440 seconds
44.601: [GC [PSYoungGen: 102400K->7744K(107520K)] 126268K->31612K(352256K), 0.0029930 secs] [Times: user=0.02 sys=0.00, real=0.00 secs] 
44.604: Total time for which application threads were stopped: 0.0031750 seconds, Stopping threads took: 0.0001080 seconds
44.642: Application time: 0.0377460 seconds
44.646: [GC [PSYoungGen: 100416K->8928K(107520K)] 124284K->32796K(352256K), 0.0034000 secs] [Times: user=0.03 sys=0.01, real=0.00 secs] 
44.649: Total time for which application threads were stopped: 0.0075380 seconds, Stopping threads took: 0.0040600 seconds
44.681: Application time: 0.0316380 seconds
44.681: [GC [PSYoungGen: 101600K->7808K(107520K)] 125468K->31676K(352256K), 0.0030610 secs] [Times: user=0.02 sys=0.00, real=0.00 secs] 
44.684: Total time for which application threads were stopped: 0.0032260 seconds, Stopping threads took: 0.0000920 seconds
44.711: Application time: 0.0273000 seconds
44.712: [GC [PSYoungGen: 100480K->7904K(107520K)] 124348K->31772K(352256K), 0.0030820 secs] [Times: user=0.02 sys=0.00, real=0.01 secs] 
44.715: Total time for which application threads were stopped: 0.0032380 seconds, Stopping threads took: 0.0000820 seconds
44.750: Application time: 0.0356890 seconds
44.751: [GC [PSYoungGen: 100576K->8784K(107520K)] 124444K->32652K(352256K), 0.0032810 secs] [Times: user=0.02 sys=0.00, real=0.00 secs] 
44.754: Total time for which application threads were stopped: 0.0034310 seconds, Stopping threads took: 0.0000760 seconds
44.777: Application time: 0.0230270 seconds
44.777: [GC [PSYoungGen: 101456K->8032K(107520K)] 125324K->31900K(352256K), 0.0030230 secs] [Times: user=0.02 sys=0.00, real=0.00 secs] 
44.780: Total time for which application threads were stopped: 0.0031890 seconds, Stopping threads took: 0.0000900 seconds
44.816: Application time: 0.0358380 seconds
44.816: [GC [PSYoungGen: 100704K->10384K(107520K)] 124572K->34252K(352256K), 0.0039670 secs] [Times: user=0.03 sys=0.00, real=0.00 secs] 
44.820: Total time for which application threads were stopped: 0.0041270 seconds, Stopping threads took: 0.0000830 seconds
44.846: Application time: 0.0262180 seconds
44.846: [GC [PSYoungGen: 103056K->8272K(107520K)] 126924K->32140K(352256K), 0.0031630 secs] [Times: user=0.02 sys=0.00, real=0.00 secs] 
44.850: Total time for which application threads were stopped: 0.0033310 seconds, Stopping threads took: 0.0000860 seconds
44.882: Application time: 0.0322060 seconds
44.882: [GC [PSYoungGen: 100944K->10960K(107520K)] 124812K->34828K(352256K), 0.0040870 secs] [Times: user=0.03 sys=0.00, real=0.01 secs] 
44.886: Total time for which application threads were stopped: 0.0042890 seconds, Stopping threads took: 0.0001250 seconds
44.925: Application time: 0.0389210 seconds
44.925: [GC [PSYoungGen: 103632K->8160K(107520K)] 127500K->32084K(352256K), 0.0031430 secs] [Times: user=0.02 sys=0.00, real=0.01 secs] 
44.928: Total time for which application threads were stopped: 0.0033310 seconds, Stopping threads took: 0.0001100 seconds
44.954: Application time: 0.0260010 seconds
44.955: [GC [PSYoungGen: 100832K->7808K(107520K)] 124756K->31788K(352256K), 0.0030900 secs] [Times: user=0.02 sys=0.00, real=0.00 secs] 
44.958: Total time for which application threads were stopped: 0.0032670 seconds, Stopping threads took: 0.0001060 seconds
44.992: Application time: 0.0344670 seconds
44.992: [GC [PSYoungGen: 100480K->11280K(107520K)] 124460K->35348K(352256K), 0.0044250 secs] [Times: user=0.03 sys=0.00, real=0.01 secs] 
44.997: Total time for which application threads were stopped: 0.0046150 seconds, Stopping threads took: 0.0001040 seconds
45.025: Application time: 0.0277980 seconds
45.025: [GC [PSYoungGen: 103952K->7968K(107520K)] 128020K->32036K(352256K), 0.0030010 secs] [Times: user=0.02 sys=0.00, real=0.01 secs] 
45.028: Total time for which application threads were stopped: 0.0031790 seconds, Stopping threads took: 0.0000970 seconds
45.057: Application time: 0.0290810 seconds
45.057: [GC [PSYoungGen: 100640K->9520K(107520K)] 124708K->33704K(352256K), 0.0039140 secs] [Times: user=0.02 sys=0.00, real=0.00 secs] 
45.061: Total time for which application threads were stopped: 0.0040760 seconds, Stopping threads took: 0.0000660 seconds
45.093: Application time: 0.0325440 seconds
45.094: [GC [PSYoungGen: 102192K->8448K(107520K)] 126376K->32632K(352256K), 0.0031540 secs] [Times: user=0.03 sys=0.00, real=0.01 secs] 
45.097: Total time for which application threads were stopped: 0.0032880 seconds, Stopping threads took: 0.0000600 seconds
45.125: Application time: 0.0278870 seconds
45.125: [GC [PSYoungGen: 101120K->9776K(107520K)] 125304K->33960K(352256K), 0.0037170 secs] [Times: user=0.02 sys=0.00, real=0.01 secs] 
45.128: Total time for which application threads were stopped: 0.0038930 seconds, Stopping threads took: 0.0001020 seconds
45.167: Application time: 0.0382360 seconds
45.167: [GC [PSYoungGen: 102448K->8160K(107520K)] 126632K->32400K(352256K), 0.0031600 secs] [Times: user=0.02 sys=0.00, real=0.00 secs] 
45.170: Total time for which application threads were stopped: 0.0033340 seconds, Stopping threads took: 0.0001010 seconds
45.199: Application time: 0.0284780 seconds
45.199: [GC [PSYoungGen: 100832K->7776K(107520K)] 125072K->32016K(352256K), 0.0030570 secs] [Times: user=0.02 sys=0.00, real=0.00 secs] 
45.202: Total time for which application threads were stopped: 0.0032410 seconds, Stopping threads took: 0.0001090 seconds
45.233: Application time: 0.0308760 seconds
45.233: [GC [PSYoungGen: 100448K->7568K(107520K)] 124688K->31808K(352256K), 0.0029310 secs] [Times: user=0.02 sys=0.00, real=0.01 secs] 
45.236: Total time for which application threads were stopped: 0.0031120 seconds, Stopping threads took: 0.0001090 seconds
45.268: Application time: 0.0323020 seconds
45.268: [GC [PSYoungGen: 100240K->7952K(107520K)] 124480K->32192K(352256K), 0.0031170 secs] [Times: user=0.02 sys=0.00, real=0.00 secs] 
45.271: Total time for which application threads were stopped: 0.0032740 seconds, Stopping threads took: 0.0000830 seconds
45.296: Application time: 0.0247730 seconds
45.296: [GC [PSYoungGen: 100624K->7840K(107520K)] 124864K->32080K(352256K), 0.0029690 secs] [Times: user=0.02 sys=0.00, real=0.00 secs] 
45.299: Total time for which application threads were stopped: 0.0031320 seconds, Stopping threads took: 0.0000900 seconds
45.334: Application time: 0.0349390 seconds
45.334: [GC [PSYoungGen: 100512K->9472K(107520K)] 124752K->33712K(352256K), 0.0036030 secs] [Times: user=0.02 sys=0.00, real=0.00 secs] 
45.338: Total time for which application threads were stopped: 0.0037630 seconds, Stopping threads took: 0.0000830 seconds
45.366: Application time: 0.0276900 seconds
45.366: [GC [PSYoungGen: 102144K->7952K(107520K)] 126384K->32192K(352256K), 0.0030500 secs] [Times: user=0.02 sys=0.00, real=0.01 secs] 
45.369: Total time for which application threads were stopped: 0.0031930 seconds, Stopping threads took: 0.0000690 seconds
45.403: Application time: 0.0346330 seconds
45.404: [GC [PSYoungGen: 100624K->9616K(107520K)] 124864K->33856K(352256K), 0.0036070 secs] [Times: user=0.03 sys=0.00, real=0.01 secs] 
45.407: Total time for which application threads were stopped: 0.0037550 seconds, Stopping threads took: 0.0000730 seconds
45.442: Application time: 0.0352050 seconds
45.443: [GC [PSYoungGen: 102288K->8016K(107520K)] 126528K->32256K(352256K), 0.0031130 secs] [Times: user=0.02 sys=0.00, real=0.00 secs] 
45.446: Total time for which application threads were stopped: 0.0032870 seconds, Stopping threads took: 0.0001010 seconds
45.473: Application time: 0.0268940 seconds
45.473: [GC [PSYoungGen: 100688K->7824K(107520K)] 124928K->32064K(352256K), 0.0031130 secs] [Times: user=0.02 sys=0.00, real=0.01 secs] 
45.476: Total time for which application threads were stopped: 0.0032850 seconds, Stopping threads took: 0.0000960 seconds
45.512: Application time: 0.0357380 seconds
45.512: [GC [PSYoungGen: 100496K->8832K(107520K)] 124736K->33072K(352256K), 0.0033500 secs] [Times: user=0.03 sys=0.00, real=0.01 secs] 
45.515: Total time for which application threads were stopped: 0.0034990 seconds, Stopping threads took: 0.0000750 seconds
45.540: Application time: 0.0248530 seconds
45.540: [GC [PSYoungGen: 101504K->8224K(107520K)] 125744K->32464K(352256K), 0.0031360 secs] [Times: user=0.03 sys=0.00, real=0.00 secs] 
45.543: Total time for which application threads were stopped: 0.0033030 seconds, Stopping threads took: 0.0000910 seconds
45.574: Application time: 0.0307910 seconds
45.574: [GC [PSYoungGen: 100896K->11296K(107520K)] 125136K->35536K(352256K), 0.0044870 secs] [Times: user=0.03 sys=0.00, real=0.00 secs] 
45.579: Total time for which application threads were stopped: 0.0046800 seconds, Stopping threads took: 0.0001020 seconds
45.609: Application time: 0.0303620 seconds
45.609: [GC [PSYoungGen: 103968K->8544K(107520K)] 128208K->32784K(352256K), 0.0032770 secs] [Times: user=0.02 sys=0.00, real=0.00 secs] 
45.613: Total time for which application threads were stopped: 0.0034570 seconds, Stopping threads took: 0.0001000 seconds
45.643: Application time: 0.0299970 seconds
45.643: [GC [PSYoungGen: 101216K->8992K(107520K)] 125456K->33232K(352256K), 0.0033190 secs] [Times: user=0.02 sys=0.00, real=0.01 secs] 
45.646: Total time for which application threads were stopped: 0.0034700 seconds, Stopping threads took: 0.0000790 seconds
45.684: Application time: 0.0383160 seconds
45.685: [GC [PSYoungGen: 101664K->7824K(107520K)] 125904K->32112K(352256K), 0.0031370 secs] [Times: user=0.02 sys=0.00, real=0.01 secs] 
45.688: Total time for which application threads were stopped: 0.0033140 seconds, Stopping threads took: 0.0001020 seconds
45.714: Application time: 0.0263850 seconds
45.714: [GC [PSYoungGen: 100496K->7616K(107520K)] 124784K->31904K(352256K), 0.0029740 secs] [Times: user=0.02 sys=0.00, real=0.00 secs] 
45.717: Total time for which application threads were stopped: 0.0031280 seconds, Stopping threads took: 0.0000830 seconds
45.752: Application time: 0.0344710 seconds
45.752: [GC [PSYoungGen: 100288K->9152K(107520K)] 124576K->33568K(352256K), 0.0035870 secs] [Times: user=0.02 sys=0.00, real=0.01 secs] 
45.755: Total time for which application threads were stopped: 0.0037700 seconds, Stopping threads took: 0.0001080 seconds
45.784: Application time: 0.0284460 seconds
45.784: [GC [PSYoungGen: 101824K->7904K(107520K)] 126240K->32368K(352256K), 0.0030460 secs] [Times: user=0.02 sys=0.00, real=0.01 secs] 
45.787: Total time for which application threads were stopped: 0.0031800 seconds, Stopping threads took: 0.0000620 seconds
45.814: Application time: 0.0264910 seconds
45.814: [GC [PSYoungGen: 100576K->7808K(107520K)] 125040K->32328K(352256K), 0.0030490 secs] [Times: user=0.02 sys=0.00, real=0.01 secs] 
45.817: Total time for which application threads were stopped: 0.0032260 seconds, Stopping threads took: 0.0001020 seconds
45.850: Application time: 0.0331410 seconds
45.850: [GC [PSYoungGen: 100480K->9616K(107520K)] 125000K->34192K(352256K), 0.0038180 secs] [Times: user=0.03 sys=0.00, real=0.01 secs] 
45.854: Total time for which application threads were stopped: 0.0040080 seconds, Stopping threads took: 0.0001060 seconds
45.882: Application time: 0.0278360 seconds
45.882: [GC [PSYoungGen: 102288K->9584K(107520K)] 126864K->34168K(352256K), 0.0037590 secs] [Times: user=0.03 sys=0.00, real=0.00 secs] 
45.886: Total time for which application threads were stopped: 0.0039490 seconds, Stopping threads took: 0.0001090 seconds
45.922: Application time: 0.0365210 seconds
45.922: [GC [PSYoungGen: 102256K->9664K(107520K)] 126840K->34296K(352256K), 0.0039220 secs] [Times: user=0.02 sys=0.00, real=0.01 secs] 
45.926: Total time for which application threads were stopped: 0.0040970 seconds, Stopping threads took: 0.0000990 seconds
45.960: Application time: 0.0331410 seconds
45.960: [GC [PSYoungGen: 102336K->8032K(107520K)] 126968K->32664K(352256K), 0.0031050 secs] [Times: user=0.02 sys=0.00, real=0.00 secs] 
45.963: Total time for which application threads were stopped: 0.0033300 seconds, Stopping threads took: 0.0001490 seconds
45.990: Application time: 0.0275000 seconds
45.991: [GC [PSYoungGen: 100704K->7728K(107520K)] 125336K->32360K(352256K), 0.0030060 secs] [Times: user=0.02 sys=0.00, real=0.00 secs] 
45.994: Total time for which application threads were stopped: 0.0031670 seconds, Stopping threads took: 0.0000860 seconds
46.028: Application time: 0.0341830 seconds
46.028: [GC [PSYoungGen: 100400K->10384K(107520K)] 125032K->35016K(352256K), 0.0039570 secs] [Times: user=0.03 sys=0.00, real=0.00 secs] 
46.032: Total time for which application threads were stopped: 0.0041360 seconds, Stopping threads took: 0.0000990 seconds
46.056: Application time: 0.0245850 seconds
46.057: [GC [PSYoungGen: 103056K->7696K(107520K)] 127688K->32328K(352256K), 0.0030150 secs] [Times: user=0.02 sys=0.00, real=0.00 secs] 
46.060: Total time for which application threads were stopped: 0.0031860 seconds, Stopping threads took: 0.0000930 seconds
46.092: Application time: 0.0324910 seconds
46.092: [GC [PSYoungGen: 100368K->9968K(107520K)] 125000K->34600K(352256K), 0.0039280 secs] [Times: user=0.03 sys=0.00, real=0.01 secs] 
46.096: Total time for which application threads were stopped: 0.0040900 seconds, Stopping threads took: 0.0000670 seconds
46.125: Application time: 0.0283750 seconds
46.125: [GC [PSYoungGen: 102640K->8256K(107520K)] 127272K->32888K(352256K), 0.0031580 secs] [Times: user=0.02 sys=0.00, real=0.01 secs] 
46.128: Total time for which application threads were stopped: 0.0033160 seconds, Stopping threads took: 0.0000830 seconds
46.162: Application time: 0.0338410 seconds
46.162: [GC [PSYoungGen: 100928K->8608K(107520K)] 125560K->33240K(352256K), 0.0032810 secs] [Times: user=0.02 sys=0.00, real=0.00 secs] 
46.165: Total time for which application threads were stopped: 0.0034230 seconds, Stopping threads took: 0.0000520 seconds
46.202: Application time: 0.0363320 seconds
46.202: [GC [PSYoungGen: 101280K->7856K(107520K)] 125912K->32488K(352256K), 0.0029780 secs] [Times: user=0.02 sys=0.00, real=0.00 secs] 
46.205: Total time for which application threads were stopped: 0.0031230 seconds, Stopping threads took: 0.0000670 seconds
46.232: Application time: 0.0268690 seconds
46.232: [GC [PSYoungGen: 100528K->7904K(107520K)] 125160K->32536K(352256K), 0.0030830 secs] [Times: user=0.02 sys=0.00, real=0.01 secs] 
46.235: Total time for which application threads were stopped: 0.0032610 seconds, Stopping threads took: 0.0001010 seconds
46.269: Application time: 0.0342120 seconds
46.269: [GC [PSYoungGen: 100576K->11520K(107520K)] 125208K->36152K(352256K), 0.0045840 secs] [Times: user=0.04 sys=0.00, real=0.00 secs] 
46.274: Total time for which application threads were stopped: 0.0047520 seconds, Stopping threads took: 0.0000910 seconds
46.300: Application time: 0.0266190 seconds
46.301: [GC [PSYoungGen: 104192K->8160K(107520K)] 128824K->32792K(352256K), 0.0031360 secs] [Times: user=0.02 sys=0.00, real=0.00 secs] 
46.304: Total time for which application threads were stopped: 0.0033070 seconds, Stopping threads took: 0.0000950 seconds
46.333: Application time: 0.0290950 seconds
46.333: [GC [PSYoungGen: 100832K->9552K(107520K)] 125464K->34184K(352256K), 0.0037120 secs] [Times: user=0.03 sys=0.00, real=0.01 secs] 
46.337: Total time for which application threads were stopped: 0.0038760 seconds, Stopping threads took: 0.0000820 seconds
46.367: Application time: 0.0303050 seconds
46.367: [GC [PSYoungGen: 102224K->10320K(107520K)] 126856K->34952K(352256K), 0.0038860 secs] [Times: user=0.02 sys=0.00, real=0.00 secs] 
46.371: Total time for which application threads were stopped: 0.0040630 seconds, Stopping threads took: 0.0000950 seconds
46.402: Application time: 0.0306000 seconds
46.402: [GC [PSYoungGen: 102992K->10800K(107520K)] 127624K->35432K(352256K), 0.0040630 secs] [Times: user=0.02 sys=0.00, real=0.01 secs] 
46.406: Total time for which application threads were stopped: 0.0042630 seconds, Stopping threads took: 0.0001040 seconds
46.445: Application time: 0.0386200 seconds
46.445: [GC [PSYoungGen: 103472K->8192K(107520K)] 128104K->32872K(352256K), 0.0031080 secs] [Times: user=0.02 sys=0.00, real=0.01 secs] 
46.448: Total time for which application threads were stopped: 0.0032880 seconds, Stopping threads took: 0.0001010 seconds
46.477: Application time: 0.0288160 seconds
46.477: [GC [PSYoungGen: 100864K->7888K(107520K)] 125544K->32568K(352256K), 0.0030880 secs] [Times: user=0.02 sys=0.00, real=0.00 secs] 
46.480: Total time for which application threads were stopped: 0.0032640 seconds, Stopping threads took: 0.0001010 seconds
46.511: Application time: 0.0310220 seconds
46.514: [GC [PSYoungGen: 100560K->8256K(107520K)] 125240K->33016K(352256K), 0.0031820 secs] [Times: user=0.02 sys=0.00, real=0.00 secs] 
46.517: Total time for which application threads were stopped: 0.0062600 seconds, Stopping threads took: 0.0030040 seconds
46.548: Application time: 0.0312030 seconds
46.549: [GC [PSYoungGen: 100928K->7808K(107520K)] 125688K->32648K(352256K), 0.0030270 secs] [Times: user=0.02 sys=0.00, real=0.00 secs] 
46.552: Total time for which application threads were stopped: 0.0031870 seconds, Stopping threads took: 0.0000890 seconds
46.576: Application time: 0.0243370 seconds
46.576: [GC [PSYoungGen: 100480K->7824K(107520K)] 125320K->32704K(352256K), 0.0030520 secs] [Times: user=0.02 sys=0.00, real=0.00 secs] 
46.579: Total time for which application threads were stopped: 0.0032070 seconds, Stopping threads took: 0.0000780 seconds
46.614: Application time: 0.0348040 seconds
46.614: [GC [PSYoungGen: 100496K->8832K(107520K)] 125376K->33776K(352256K), 0.0033230 secs] [Times: user=0.03 sys=0.00, real=0.00 secs] 
46.617: Total time for which application threads were stopped: 0.0034780 seconds, Stopping threads took: 0.0000680 seconds
46.645: Application time: 0.0279740 seconds
46.646: [GC [PSYoungGen: 101504K->8784K(107520K)] 126448K->33728K(352256K), 0.0033060 secs] [Times: user=0.02 sys=0.00, real=0.01 secs] 
46.649: Total time for which application threads were stopped: 0.0034650 seconds, Stopping threads took: 0.0000830 seconds
46.684: Application time: 0.0348200 seconds
46.684: [GC [PSYoungGen: 101456K->9712K(107520K)] 126400K->34704K(352256K), 0.0038690 secs] [Times: user=0.03 sys=0.00, real=0.01 secs] 
46.688: Total time for which application threads were stopped: 0.0040260 seconds, Stopping threads took: 0.0000840 seconds
46.722: Application time: 0.0346910 seconds
46.723: [GC [PSYoungGen: 102384K->7712K(107520K)] 127376K->32704K(352256K), 0.0030900 secs] [Times: user=0.02 sys=0.01, real=0.00 secs] 
46.726: Total time for which application threads were stopped: 0.0032460 seconds, Stopping threads took: 0.0000820 seconds
46.753: Application time: 0.0274010 seconds
46.753: [GC [PSYoungGen: 100384K->7776K(107520K)] 125376K->32769K(352256K), 0.0030360 secs] [Times: user=0.02 sys=0.00, real=0.01 secs] 
46.756: Total time for which application threads were stopped: 0.0031830 seconds, Stopping threads took: 0.0000750 seconds
46.791: Application time: 0.0344720 seconds
46.791: [GC [PSYoungGen: 100448K->10304K(107520K)] 125441K->35296K(352256K), 0.0039750 secs] [Times: user=0.03 sys=0.00, real=0.01 secs] 
46.795: Total time for which application threads were stopped: 0.0041400 seconds, Stopping threads took: 0.0000890 seconds
46.820: Application time: 0.0247380 seconds
46.820: [GC [PSYoungGen: 102976K->7936K(107520K)] 127968K->32928K(352256K), 0.0030090 secs] [Times: user=0.03 sys=0.00, real=0.00 secs] 
46.823: Total time for which application threads were stopped: 0.0031990 seconds, Stopping threads took: 0.0001180 seconds
46.853: Application time: 0.0306070 seconds
46.854: [GC [PSYoungGen: 100608K->9888K(107520K)] 125600K->34880K(352256K), 0.0038810 secs] [Times: user=0.03 sys=0.00, real=0.01 secs] 
46.857: Total time for which application threads were stopped: 0.0040390 seconds, Stopping threads took: 0.0000750 seconds
46.886: Application time: 0.0288460 seconds
46.886: [GC [PSYoungGen: 102560K->8640K(107520K)] 127552K->33633K(352256K), 0.0032060 secs] [Times: user=0.02 sys=0.00, real=0.00 secs] 
46.890: Total time for which application threads were stopped: 0.0033640 seconds, Stopping threads took: 0.0000840 seconds
46.922: Application time: 0.0319600 seconds
46.922: [GC [PSYoungGen: 101312K->9424K(107520K)] 126305K->34416K(352256K), 0.0036770 secs] [Times: user=0.02 sys=0.00, real=0.00 secs] 
46.925: Total time for which application threads were stopped: 0.0038260 seconds, Stopping threads took: 0.0000740 seconds
46.963: Application time: 0.0375940 seconds
46.963: [GC [PSYoungGen: 102096K->7936K(107520K)] 127088K->32928K(352256K), 0.0031190 secs] [Times: user=0.02 sys=0.00, real=0.01 secs] 
46.966: Total time for which application threads were stopped: 0.0032700 seconds, Stopping threads took: 0.0000780 seconds
46.993: Application time: 0.0269090 seconds
46.993: [GC [PSYoungGen: 100608K->7776K(107520K)] 125600K->32769K(352256K), 0.0030610 secs] [Times: user=0.03 sys=0.00, real=0.01 secs] 
46.996: Total time for which application threads were stopped: 0.0032230 seconds, Stopping threads took: 0.0000900 seconds
47.031: Application time: 0.0345520 seconds
47.031: [GC [PSYoungGen: 100448K->9968K(107520K)] 125441K->34961K(352256K), 0.0039060 secs] [Times: user=0.03 sys=0.00, real=0.01 secs] 
47.035: Total time for which application threads were stopped: 0.0040520 seconds, Stopping threads took: 0.0000730 seconds
47.063: Application time: 0.0276670 seconds
47.063: [GC [PSYoungGen: 102640K->8224K(107520K)] 127633K->33216K(352256K), 0.0031440 secs] [Times: user=0.02 sys=0.00, real=0.01 secs] 
47.066: Total time for which application threads were stopped: 0.0033050 seconds, Stopping threads took: 0.0000860 seconds
47.094: Application time: 0.0279520 seconds
47.094: [GC [PSYoungGen: 100896K->7936K(107520K)] 125888K->32928K(352256K), 0.0030890 secs] [Times: user=0.02 sys=0.00, real=0.00 secs] 
47.097: Total time for which application threads were stopped: 0.0032510 seconds, Stopping threads took: 0.0000870 seconds
47.129: Application time: 0.0313360 seconds
47.129: [GC [PSYoungGen: 100608K->9552K(107520K)] 125600K->34544K(352256K), 0.0036220 secs] [Times: user=0.02 sys=0.00, real=0.00 secs] 
47.132: Total time for which application threads were stopped: 0.0038020 seconds, Stopping threads took: 0.0000870 seconds
47.162: Application time: 0.0300850 seconds
47.163: [GC [PSYoungGen: 102224K->9744K(107520K)] 127216K->34736K(352256K), 0.0037930 secs] [Times: user=0.03 sys=0.00, real=0.01 secs] 
47.166: Total time for which application threads were stopped: 0.0039770 seconds, Stopping threads took: 0.0001020 seconds
47.204: Application time: 0.0370710 seconds
47.204: [GC [PSYoungGen: 102416K->8128K(107520K)] 127408K->33169K(352256K), 0.0031530 secs] [Times: user=0.02 sys=0.00, real=0.01 secs] 
47.207: Total time for which application threads were stopped: 0.0033030 seconds, Stopping threads took: 0.0000770 seconds
47.240: Application time: 0.0332470 seconds
47.240: [GC [PSYoungGen: 100800K->7776K(107520K)] 125841K->32817K(352256K), 0.0030550 secs] [Times: user=0.02 sys=0.00, real=0.00 secs] 
47.243: Total time for which application threads were stopped: 0.0031970 seconds, Stopping threads took: 0.0000680 seconds
47.270: Application time: 0.0271520 seconds
47.271: [GC [PSYoungGen: 100448K->7840K(107520K)] 125489K->32961K(352256K), 0.0031770 secs] [Times: user=0.01 sys=0.00, real=0.00 secs] 
47.274: Total time for which application threads were stopped: 0.0033490 seconds, Stopping threads took: 0.0000970 seconds
47.308: Application time: 0.0344530 seconds
47.308: [GC [PSYoungGen: 100512K->8256K(107520K)] 125633K->33457K(352256K), 0.0031560 secs] [Times: user=0.02 sys=0.00, real=0.00 secs] 
47.312: Total time for which application threads were stopped: 0.0033120 seconds, Stopping threads took: 0.0000850 seconds
47.335: Application time: 0.0239130 seconds
47.336: [GC [PSYoungGen: 100928K->7680K(107520K)] 126129K->32929K(352256K), 0.0030150 secs] [Times: user=0.02 sys=0.00, real=0.00 secs] 
47.339: Total time for which application threads were stopped: 0.0031690 seconds, Stopping threads took: 0.0000780 seconds
47.369: Application time: 0.0302210 seconds
47.370: [GC [PSYoungGen: 100352K->10016K(107520K)] 125601K->35321K(352256K), 0.0038510 secs] [Times: user=0.02 sys=0.00, real=0.00 secs] 
47.374: Total time for which application threads were stopped: 0.0049540 seconds, Stopping threads took: 0.0010290 seconds
47.404: Application time: 0.0304630 seconds
47.404: [GC [PSYoungGen: 102688K->9600K(107520K)] 127993K->34905K(352256K), 0.0037140 secs] [Times: user=0.02 sys=0.00, real=0.01 secs] 
47.408: Total time for which application threads were stopped: 0.0038860 seconds, Stopping threads took: 0.0000880 seconds
47.441: Application time: 0.0331040 seconds
47.441: [GC [PSYoungGen: 102272K->9952K(107520K)] 127577K->35313K(352256K), 0.0037920 secs] [Times: user=0.02 sys=0.00, real=0.00 secs] 
47.445: Total time for which application threads were stopped: 0.0039770 seconds, Stopping threads took: 0.0000980 seconds
47.482: Application time: 0.0370990 seconds
47.483: [GC [PSYoungGen: 102624K->7712K(107520K)] 127985K->33073K(352256K), 0.0029380 secs] [Times: user=0.02 sys=0.00, real=0.00 secs] 
47.485: Total time for which application threads were stopped: 0.0031040 seconds, Stopping threads took: 0.0000850 seconds
47.512: Application time: 0.0269760 seconds
47.513: [GC [PSYoungGen: 100384K->7600K(107520K)] 125745K->32961K(352256K), 0.0029660 secs] [Times: user=0.02 sys=0.00, real=0.01 secs] 
47.516: Total time for which application threads were stopped: 0.0031380 seconds, Stopping threads took: 0.0000910 seconds
47.548: Application time: 0.0327740 seconds
47.549: [GC [PSYoungGen: 100272K->11328K(107520K)] 125633K->36689K(352256K), 0.0044500 secs] [Times: user=0.03 sys=0.00, real=0.00 secs] 
47.553: Total time for which application threads were stopped: 0.0046410 seconds, Stopping threads took: 0.0001090 seconds
47.580: Application time: 0.0273610 seconds
47.581: [GC [PSYoungGen: 104000K->8352K(107520K)] 129361K->33713K(352256K), 0.0030870 secs] [Times: user=0.02 sys=0.00, real=0.00 secs] 
47.584: Total time for which application threads were stopped: 0.0032420 seconds, Stopping threads took: 0.0000750 seconds
47.612: Application time: 0.0283510 seconds
47.612: [GC [PSYoungGen: 101024K->8128K(107520K)] 126385K->33489K(352256K), 0.0031320 secs] [Times: user=0.01 sys=0.00, real=0.01 secs] 
47.615: Total time for which application threads were stopped: 0.0033150 seconds, Stopping threads took: 0.0001030 seconds
47.647: Application time: 0.0312030 seconds
47.647: [GC [PSYoungGen: 100800K->8272K(107520K)] 126161K->33633K(352256K), 0.0030950 secs] [Times: user=0.03 sys=0.00, real=0.00 secs] 
47.650: Total time for which application threads were stopped: 0.0032820 seconds, Stopping threads took: 0.0000830 seconds
47.681: Application time: 0.0315920 seconds
47.682: [GC [PSYoungGen: 100944K->9936K(107520K)] 126305K->35297K(352256K), 0.0038250 secs] [Times: user=0.03 sys=0.00, real=0.00 secs] 
47.685: Total time for which application threads were stopped: 0.0039980 seconds, Stopping threads took: 0.0000890 seconds
47.722: Application time: 0.0370140 seconds
47.723: [GC [PSYoungGen: 102608K->8048K(107520K)] 127969K->33409K(352256K), 0.0031720 secs] [Times: user=0.02 sys=0.00, real=0.00 secs] 
47.726: Total time for which application threads were stopped: 0.0033390 seconds, Stopping threads took: 0.0000910 seconds
47.756: Application time: 0.0304560 seconds
47.756: [GC [PSYoungGen: 100720K->7760K(107520K)] 126081K->33121K(352256K), 0.0030830 secs] [Times: user=0.02 sys=0.00, real=0.00 secs] 
47.759: Total time for which application threads were stopped: 0.0032360 seconds, Stopping threads took: 0.0000740 seconds
47.789: Application time: 0.0297650 seconds
47.789: [GC [PSYoungGen: 100432K->8160K(107520K)] 125793K->33521K(352256K), 0.0031460 secs] [Times: user=0.02 sys=0.00, real=0.00 secs] 
47.793: Total time for which application threads were stopped: 0.0033210 seconds, Stopping threads took: 0.0000970 seconds
47.824: Application time: 0.0312910 seconds
47.824: [GC [PSYoungGen: 100832K->8240K(107520K)] 126193K->33601K(352256K), 0.0031350 secs] [Times: user=0.02 sys=0.00, real=0.01 secs] 
47.827: Total time for which application threads were stopped: 0.0032850 seconds, Stopping threads took: 0.0000720 seconds
47.851: Application time: 0.0239010 seconds
47.851: [GC [PSYoungGen: 100912K->7984K(107520K)] 126273K->33345K(352256K), 0.0030660 secs] [Times: user=0.02 sys=0.00, real=0.01 secs] 
47.854: Total time for which application threads were stopped: 0.0032380 seconds, Stopping threads took: 0.0000990 seconds
47.887: Application time: 0.0330760 seconds
47.887: [GC [PSYoungGen: 100656K->10304K(107520K)] 126017K->35665K(352256K), 0.0040720 secs] [Times: user=0.02 sys=0.00, real=0.00 secs] 
47.892: Total time for which application threads were stopped: 0.0042430 seconds, Stopping threads took: 0.0000950 seconds
47.921: Application time: 0.0295790 seconds
47.921: [GC [PSYoungGen: 102976K->10080K(107520K)] 128337K->35441K(352256K), 0.0038260 secs] [Times: user=0.02 sys=0.00, real=0.00 secs] 
47.925: Total time for which application threads were stopped: 0.0039950 seconds, Stopping threads took: 0.0000920 seconds
47.961: Application time: 0.0363030 seconds
47.962: [GC [PSYoungGen: 102752K->9664K(107520K)] 128113K->35081K(352256K), 0.0038950 secs] [Times: user=0.03 sys=0.00, real=0.00 secs] 
47.966: Total time for which application threads were stopped: 0.0040660 seconds, Stopping threads took: 0.0000860 seconds
48.002: Application time: 0.0368530 seconds
48.004: [GC [PSYoungGen: 102336K->7808K(107520K)] 127753K->33225K(352256K), 0.0030870 secs] [Times: user=0.02 sys=0.00, real=0.01 secs] 
48.007: Total time for which application threads were stopped: 0.0048590 seconds, Stopping threads took: 0.0016760 seconds
48.034: Application time: 0.0265540 seconds
48.034: [GC [PSYoungGen: 100480K->7792K(107520K)] 125897K->33281K(352256K), 0.0030500 secs] [Times: user=0.02 sys=0.00, real=0.00 secs] 
48.037: Total time for which application threads were stopped: 0.0032250 seconds, Stopping threads took: 0.0001010 seconds
48.068: Application time: 0.0312290 seconds
48.068: [GC [PSYoungGen: 100464K->9568K(107520K)] 125953K->35145K(352256K), 0.0037620 secs] [Times: user=0.03 sys=0.00, real=0.00 secs] 
48.072: Total time for which application threads were stopped: 0.0039580 seconds, Stopping threads took: 0.0001140 seconds
48.098: Application time: 0.0257250 seconds
48.098: [GC [PSYoungGen: 102240K->8192K(107520K)] 127817K->33817K(352256K), 0.0032070 secs] [Times: user=0.02 sys=0.00, real=0.00 secs] 
48.101: Total time for which application threads were stopped: 0.0033830 seconds, Stopping threads took: 0.0000880 seconds
48.129: Application time: 0.0281480 seconds
48.130: [GC [PSYoungGen: 100864K->11344K(107520K)] 126489K->37017K(352256K), 0.0044190 secs] [Times: user=0.03 sys=0.00, real=0.01 secs] 
48.134: Total time for which application threads were stopped: 0.0045880 seconds, Stopping threads took: 0.0000820 seconds
48.166: Application time: 0.0320260 seconds
48.166: [GC [PSYoungGen: 104016K->9360K(107520K)] 129689K->35033K(352256K), 0.0035490 secs] [Times: user=0.02 sys=0.00, real=0.00 secs] 
48.170: Total time for which application threads were stopped: 0.0037550 seconds, Stopping threads took: 0.0001070 seconds
48.206: Application time: 0.0356460 seconds
48.206: [GC [PSYoungGen: 102032K->8144K(107520K)] 127705K->33817K(352256K), 0.0030520 secs] [Times: user=0.03 sys=0.00, real=0.01 secs] 
48.209: Total time for which application threads were stopped: 0.0032240 seconds, Stopping threads took: 0.0000970 seconds
48.244: Application time: 0.0355890 seconds
48.244: [GC [PSYoungGen: 100816K->7808K(107520K)] 126489K->33529K(352256K), 0.0030840 secs] [Times: user=0.02 sys=0.00, real=0.01 secs] 
48.248: Total time for which application threads were stopped: 0.0032670 seconds, Stopping threads took: 0.0001110 seconds
48.277: Application time: 0.0294760 seconds
48.277: [GC [PSYoungGen: 100480K->7648K(107520K)] 126201K->33369K(352256K), 0.0030340 secs] [Times: user=0.01 sys=0.00, real=0.00 secs] 
48.280: Total time for which application threads were stopped: 0.0031910 seconds, Stopping threads took: 0.0000840 seconds
48.309: Application time: 0.0288150 seconds
48.309: [GC [PSYoungGen: 100320K->7696K(107520K)] 126041K->33417K(352256K), 0.0030300 secs] [Times: user=0.01 sys=0.00, real=0.00 secs] 
48.312: Total time for which application threads were stopped: 0.0031820 seconds, Stopping threads took: 0.0000740 seconds
48.341: Application time: 0.0289290 seconds
48.341: [GC [PSYoungGen: 100368K->8528K(107520K)] 126089K->34249K(352256K), 0.0031620 secs] [Times: user=0.03 sys=0.00, real=0.00 secs] 
48.345: Total time for which application threads were stopped: 0.0033230 seconds, Stopping threads took: 0.0000770 seconds
48.371: Application time: 0.0268220 seconds
48.371: [GC [PSYoungGen: 101200K->7776K(107520K)] 126921K->33497K(352256K), 0.0029810 secs] [Times: user=0.02 sys=0.00, real=0.01 secs] 
48.374: Total time for which application threads were stopped: 0.0031460 seconds, Stopping threads took: 0.0000790 seconds
48.405: Application time: 0.0309100 seconds
48.406: [GC [PSYoungGen: 100448K->9840K(107520K)] 126169K->35561K(352256K), 0.0038000 secs] [Times: user=0.03 sys=0.00, real=0.01 secs] 
48.409: Total time for which application threads were stopped: 0.0039790 seconds, Stopping threads took: 0.0000920 seconds
48.444: Application time: 0.0343490 seconds
48.444: [GC [PSYoungGen: 102512K->8144K(107520K)] 128233K->33865K(352256K), 0.0030980 secs] [Times: user=0.02 sys=0.00, real=0.01 secs] 
48.447: Total time for which application threads were stopped: 0.0032680 seconds, Stopping threads took: 0.0000880 seconds
48.481: Application time: 0.0336650 seconds
48.481: [GC [PSYoungGen: 100816K->8432K(107520K)] 126537K->34153K(352256K), 0.0031780 secs] [Times: user=0.02 sys=0.00, real=0.00 secs] 
48.484: Total time for which application threads were stopped: 0.0033450 seconds, Stopping threads took: 0.0000980 seconds
48.518: Application time: 0.0340040 seconds
48.518: [GC [PSYoungGen: 101104K->8064K(107520K)] 126825K->33785K(352256K), 0.0031390 secs] [Times: user=0.02 sys=0.00, real=0.00 secs] 
48.521: Total time for which application threads were stopped: 0.0032760 seconds, Stopping threads took: 0.0000600 seconds
48.549: Application time: 0.0280050 seconds
48.549: [GC [PSYoungGen: 100736K->8160K(107520K)] 126457K->33881K(352256K), 0.0031410 secs] [Times: user=0.02 sys=0.00, real=0.00 secs] 
48.553: Total time for which application threads were stopped: 0.0033060 seconds, Stopping threads took: 0.0000920 seconds
48.582: Application time: 0.0298060 seconds
48.583: [GC [PSYoungGen: 100832K->11392K(107520K)] 126553K->37113K(352256K), 0.0046150 secs] [Times: user=0.03 sys=0.00, real=0.01 secs] 
48.587: Total time for which application threads were stopped: 0.0047790 seconds, Stopping threads took: 0.0000860 seconds
48.614: Application time: 0.0263220 seconds
48.614: [GC [PSYoungGen: 104064K->8144K(107520K)] 129785K->33865K(352256K), 0.0030590 secs] [Times: user=0.03 sys=0.00, real=0.01 secs] 
48.617: Total time for which application threads were stopped: 0.0032150 seconds, Stopping threads took: 0.0000830 seconds
48.645: Application time: 0.0283650 seconds
48.645: [GC [PSYoungGen: 100816K->8640K(107520K)] 126537K->34361K(352256K), 0.0032540 secs] [Times: user=0.02 sys=0.00, real=0.01 secs] 
48.649: Total time for which application threads were stopped: 0.0034100 seconds, Stopping threads took: 0.0000770 seconds
48.682: Application time: 0.0329840 seconds
48.682: [GC [PSYoungGen: 101312K->11728K(107520K)] 127033K->37449K(352256K), 0.0044420 secs] [Times: user=0.03 sys=0.00, real=0.01 secs] 
48.686: Total time for which application threads were stopped: 0.0046460 seconds, Stopping threads took: 0.0000970 seconds
48.720: Application time: 0.0341090 seconds
48.720: [GC [PSYoungGen: 104400K->9776K(107520K)] 130121K->35497K(352256K), 0.0038110 secs] [Times: user=0.03 sys=0.00, real=0.00 secs] 
48.724: Total time for which application threads were stopped: 0.0039840 seconds, Stopping threads took: 0.0000880 seconds
48.763: Application time: 0.0386080 seconds
48.763: [GC [PSYoungGen: 102448K->7840K(107520K)] 128169K->33617K(352256K), 0.0031200 secs] [Times: user=0.02 sys=0.00, real=0.01 secs] 
48.766: Total time for which application threads were stopped: 0.0032860 seconds, Stopping threads took: 0.0000870 seconds
48.795: Application time: 0.0285920 seconds
48.795: [GC [PSYoungGen: 100504K->7664K(107520K)] 126281K->33521K(352256K), 0.0030890 secs] [Times: user=0.02 sys=0.00, real=0.00 secs] 
48.798: Total time for which application threads were stopped: 0.0032500 seconds, Stopping threads took: 0.0000890 seconds
48.826: Application time: 0.0276100 seconds
48.826: [GC [PSYoungGen: 100336K->7824K(107520K)] 126193K->33737K(352256K), 0.0030310 secs] [Times: user=0.02 sys=0.00, real=0.01 secs] 
48.829: Total time for which application threads were stopped: 0.0032040 seconds, Stopping threads took: 0.0000980 seconds
48.858: Application time: 0.0293000 seconds
48.858: [GC [PSYoungGen: 100496K->8352K(107520K)] 126409K->34357K(352256K), 0.0031680 secs] [Times: user=0.02 sys=0.00, real=0.00 secs] 
48.861: Total time for which application threads were stopped: 0.0033210 seconds, Stopping threads took: 0.0000780 seconds
48.886: Application time: 0.0243410 seconds
48.886: [GC [PSYoungGen: 101024K->9184K(107520K)] 127029K->35237K(352256K), 0.0033740 secs] [Times: user=0.03 sys=0.00, real=0.00 secs] 
48.889: Total time for which application threads were stopped: 0.0035460 seconds, Stopping threads took: 0.0000990 seconds
48.925: Application time: 0.0353780 seconds
48.925: [GC [PSYoungGen: 101856K->9680K(107520K)] 127909K->35733K(352256K), 0.0035040 secs] [Times: user=0.02 sys=0.00, real=0.01 secs] 
48.928: Total time for which application threads were stopped: 0.0036670 seconds, Stopping threads took: 0.0000830 seconds
48.962: Application time: 0.0331200 seconds
48.966: [GC [PSYoungGen: 102352K->7952K(107520K)] 128405K->34005K(352256K), 0.0030010 secs] [Times: user=0.02 sys=0.00, real=0.00 secs] 
48.969: Total time for which application threads were stopped: 0.0075030 seconds, Stopping threads took: 0.0044150 seconds
49.005: Application time: 0.0363650 seconds
49.006: [GC [PSYoungGen: 100624K->7616K(107520K)] 126677K->33725K(352256K), 0.0028300 secs] [Times: user=0.02 sys=0.00, real=0.01 secs] 
49.008: Total time for which application threads were stopped: 0.0029960 seconds, Stopping threads took: 0.0000820 seconds
49.040: Application time: 0.0320740 seconds
49.041: [GC [PSYoungGen: 100288K->7680K(107520K)] 126397K->33789K(352256K), 0.0030240 secs] [Times: user=0.02 sys=0.00, real=0.00 secs] 
49.044: Total time for which application threads were stopped: 0.0031790 seconds, Stopping threads took: 0.0000740 seconds
49.070: Application time: 0.0264670 seconds
49.070: [GC [PSYoungGen: 100352K->7680K(107520K)] 126461K->33789K(352256K), 0.0030760 secs] [Times: user=0.02 sys=0.00, real=0.00 secs] 
49.073: Total time for which application threads were stopped: 0.0032500 seconds, Stopping threads took: 0.0000970 seconds
49.102: Application time: 0.0286840 seconds
49.102: [GC [PSYoungGen: 100352K->11856K(107520K)] 126461K->37965K(352256K), 0.0047220 secs] [Times: user=0.03 sys=0.00, real=0.01 secs] 
49.107: Total time for which application threads were stopped: 0.0048910 seconds, Stopping threads took: 0.0000940 seconds
49.134: Application time: 0.0271150 seconds
49.134: [GC [PSYoungGen: 104528K->8336K(107520K)] 130637K->34445K(352256K), 0.0032260 secs] [Times: user=0.01 sys=0.00, real=0.00 secs] 
49.137: Total time for which application threads were stopped: 0.0033930 seconds, Stopping threads took: 0.0000930 seconds
49.168: Application time: 0.0302920 seconds
49.168: [GC [PSYoungGen: 101008K->9120K(107520K)] 127117K->35229K(352256K), 0.0033430 secs] [Times: user=0.02 sys=0.00, real=0.00 secs] 
49.171: Total time for which application threads were stopped: 0.0034890 seconds, Stopping threads took: 0.0000740 seconds
49.206: Application time: 0.0344490 seconds
49.206: [GC [PSYoungGen: 101792K->8464K(107520K)] 127901K->34573K(352256K), 0.0035100 secs] [Times: user=0.01 sys=0.00, real=0.01 secs] 
49.209: Total time for which application threads were stopped: 0.0037080 seconds, Stopping threads took: 0.0001060 seconds
49.242: Application time: 0.0325520 seconds
49.242: [GC [PSYoungGen: 101136K->9632K(107520K)] 127245K->35741K(352256K), 0.0038660 secs] [Times: user=0.02 sys=0.00, real=0.01 secs] 
49.246: Total time for which application threads were stopped: 0.0040180 seconds, Stopping threads took: 0.0000780 seconds
49.283: Application time: 0.0371250 seconds
49.283: [GC [PSYoungGen: 102304K->7616K(107520K)] 128413K->33725K(352256K), 0.0031660 secs] [Times: user=0.01 sys=0.00, real=0.01 secs] 
49.286: Total time for which application threads were stopped: 0.0033520 seconds, Stopping threads took: 0.0000950 seconds
49.315: Application time: 0.0280740 seconds
49.315: [GC [PSYoungGen: 100288K->7984K(107520K)] 126397K->34093K(352256K), 0.0030780 secs] [Times: user=0.02 sys=0.01, real=0.00 secs] 
49.318: Total time for which application threads were stopped: 0.0032470 seconds, Stopping threads took: 0.0000940 seconds
49.348: Application time: 0.0301140 seconds
49.348: [GC [PSYoungGen: 100656K->8592K(107520K)] 126765K->34701K(352256K), 0.0032090 secs] [Times: user=0.02 sys=0.00, real=0.00 secs] 
49.351: Total time for which application threads were stopped: 0.0033700 seconds, Stopping threads took: 0.0000840 seconds
49.378: Application time: 0.0271550 seconds
49.382: [GC [PSYoungGen: 101264K->7904K(107520K)] 127373K->34013K(352256K), 0.0030940 secs] [Times: user=0.02 sys=0.00, real=0.00 secs] 
49.385: Total time for which application threads were stopped: 0.0066520 seconds, Stopping threads took: 0.0034860 seconds
49.410: Application time: 0.0251760 seconds
49.410: [GC [PSYoungGen: 100576K->11472K(107520K)] 126685K->37581K(352256K), 0.0045540 secs] [Times: user=0.03 sys=0.00, real=0.01 secs] 
49.415: Total time for which application threads were stopped: 0.0047090 seconds, Stopping threads took: 0.0000750 seconds
49.450: Application time: 0.0350470 seconds
49.454: [GC [PSYoungGen: 104144K->12112K(107520K)] 130253K->38221K(352256K), 0.0047190 secs] [Times: user=0.03 sys=0.00, real=0.00 secs] 
49.459: Total time for which application threads were stopped: 0.0086870 seconds, Stopping threads took: 0.0038940 seconds
49.494: Application time: 0.0355780 seconds
49.494: [GC [PSYoungGen: 104784K->9520K(107520K)] 130893K->35629K(352256K), 0.0036580 secs] [Times: user=0.02 sys=0.00, real=0.00 secs] 
49.498: Total time for which application threads were stopped: 0.0038420 seconds, Stopping threads took: 0.0001040 seconds
49.534: Application time: 0.0363370 seconds
49.535: [GC [PSYoungGen: 102192K->8112K(107520K)] 128301K->34269K(352256K), 0.0031960 secs] [Times: user=0.02 sys=0.00, real=0.00 secs] 
49.538: Total time for which application threads were stopped: 0.0033500 seconds, Stopping threads took: 0.0000770 seconds
49.569: Application time: 0.0310410 seconds
49.569: [GC [PSYoungGen: 100784K->7824K(107520K)] 126941K->34069K(352256K), 0.0031100 secs] [Times: user=0.02 sys=0.00, real=0.00 secs] 
49.572: Total time for which application threads were stopped: 0.0033000 seconds, Stopping threads took: 0.0001150 seconds
49.598: Application time: 0.0258780 seconds
49.598: [GC [PSYoungGen: 100496K->7856K(107520K)] 126741K->34157K(352256K), 0.0030640 secs] [Times: user=0.02 sys=0.00, real=0.00 secs] 
49.601: Total time for which application threads were stopped: 0.0032040 seconds, Stopping threads took: 0.0000700 seconds
49.630: Application time: 0.0289440 seconds
49.630: [GC [PSYoungGen: 100528K->9056K(107520K)] 126829K->35441K(352256K), 0.0033760 secs] [Times: user=0.02 sys=0.00, real=0.00 secs] 
49.634: Total time for which application threads were stopped: 0.0035300 seconds, Stopping threads took: 0.0000810 seconds
49.659: Application time: 0.0257430 seconds
49.660: [GC [PSYoungGen: 101728K->7904K(107520K)] 128113K->34337K(352256K), 0.0029750 secs] [Times: user=0.02 sys=0.00, real=0.00 secs] 
49.663: Total time for which application threads were stopped: 0.0031660 seconds, Stopping threads took: 0.0001160 seconds
49.696: Application time: 0.0328700 seconds
49.696: [GC [PSYoungGen: 100576K->9776K(107520K)] 127009K->36209K(352256K), 0.0038840 secs] [Times: user=0.03 sys=0.00, real=0.00 secs] 
49.700: Total time for which application threads were stopped: 0.0040480 seconds, Stopping threads took: 0.0000900 seconds
49.733: Application time: 0.0338450 seconds
49.734: [GC [PSYoungGen: 102448K->7920K(107520K)] 128881K->34354K(352256K), 0.0030950 secs] [Times: user=0.03 sys=0.00, real=0.01 secs] 
49.737: Total time for which application threads were stopped: 0.0033020 seconds, Stopping threads took: 0.0001110 seconds
49.773: Application time: 0.0357880 seconds
49.774: [GC [PSYoungGen: 100592K->7744K(107520K)] 127026K->34225K(352256K), 0.0030410 secs] [Times: user=0.02 sys=0.00, real=0.00 secs] 
49.777: Total time for which application threads were stopped: 0.0045060 seconds, Stopping threads took: 0.0013900 seconds
49.810: Application time: 0.0332880 seconds
49.810: [GC [PSYoungGen: 100416K->7680K(107520K)] 126897K->34162K(352256K), 0.0030460 secs] [Times: user=0.02 sys=0.00, real=0.00 secs] 
49.814: Total time for which application threads were stopped: 0.0032100 seconds, Stopping threads took: 0.0000910 seconds
49.841: Application time: 0.0274500 seconds
49.841: [GC [PSYoungGen: 100352K->7856K(107520K)] 126834K->34338K(352256K), 0.0031000 secs] [Times: user=0.02 sys=0.00, real=0.00 secs] 
49.844: Total time for which application threads were stopped: 0.0032880 seconds, Stopping threads took: 0.0001120 seconds
49.872: Application time: 0.0276610 seconds
49.874: [GC [PSYoungGen: 100528K->9904K(107520K)] 127010K->36386K(352256K), 0.0038490 secs] [Times: user=0.02 sys=0.00, real=0.00 secs] 
49.878: Total time for which application threads were stopped: 0.0059320 seconds, Stopping threads took: 0.0020060 seconds
49.905: Application time: 0.0269930 seconds
49.905: [GC [PSYoungGen: 102576K->8576K(107520K)] 129058K->35057K(352256K), 0.0032190 secs] [Times: user=0.02 sys=0.00, real=0.01 secs] 
49.908: Total time for which application threads were stopped: 0.0034130 seconds, Stopping threads took: 0.0001190 seconds
49.938: Application time: 0.0292380 seconds
49.938: [GC [PSYoungGen: 101248K->8832K(107520K)] 127729K->35314K(352256K), 0.0032820 secs] [Times: user=0.02 sys=0.00, real=0.00 secs] 
49.941: Total time for which application threads were stopped: 0.0034450 seconds, Stopping threads took: 0.0000920 seconds
49.975: Application time: 0.0342620 seconds
49.978: [GC [PSYoungGen: 101504K->8576K(107520K)] 127986K->35058K(352256K), 0.0032900 secs] [Times: user=0.02 sys=0.00, real=0.00 secs] 
49.981: Total time for which application threads were stopped: 0.0060770 seconds, Stopping threads took: 0.0027040 seconds
50.016: Application time: 0.0349130 seconds
50.016: [GC [PSYoungGen: 101248K->9760K(107520K)] 127730K->36241K(352256K), 0.0036970 secs] [Times: user=0.03 sys=0.00, real=0.00 secs] 
50.020: Total time for which application threads were stopped: 0.0038880 seconds, Stopping threads took: 0.0001060 seconds
50.056: Application time: 0.0362000 seconds
50.056: [GC [PSYoungGen: 102432K->7824K(107520K)] 128913K->34306K(352256K), 0.0031160 secs] [Times: user=0.02 sys=0.00, real=0.00 secs] 
50.060: Total time for which application threads were stopped: 0.0032500 seconds, Stopping threads took: 0.0000580 seconds
50.089: Application time: 0.0289380 seconds
50.089: [GC [PSYoungGen: 100496K->7824K(107520K)] 126978K->34306K(352256K), 0.0030350 secs] [Times: user=0.02 sys=0.00, real=0.00 secs] 
50.092: Total time for which application threads were stopped: 0.0031860 seconds, Stopping threads took: 0.0000800 seconds
50.119: Application time: 0.0274040 seconds
50.119: [GC [PSYoungGen: 100496K->7792K(107520K)] 126978K->34274K(352256K), 0.0030350 secs] [Times: user=0.02 sys=0.00, real=0.00 secs] 
50.122: Total time for which application threads were stopped: 0.0032250 seconds, Stopping threads took: 0.0001170 seconds
50.150: Application time: 0.0273160 seconds
50.150: [GC [PSYoungGen: 100464K->10096K(107520K)] 126946K->36577K(352256K), 0.0039330 secs] [Times: user=0.03 sys=0.00, real=0.00 secs] 
50.154: Total time for which application threads were stopped: 0.0040920 seconds, Stopping threads took: 0.0000820 seconds
50.181: Application time: 0.0273660 seconds
50.181: [GC [PSYoungGen: 102768K->11376K(107520K)] 129249K->37857K(352256K), 0.0043430 secs] [Times: user=0.03 sys=0.00, real=0.00 secs] 
50.186: Total time for which application threads were stopped: 0.0045230 seconds, Stopping threads took: 0.0000910 seconds
50.216: Application time: 0.0305240 seconds
50.216: [GC [PSYoungGen: 104048K->10464K(107520K)] 130529K->36946K(352256K), 0.0039160 secs] [Times: user=0.03 sys=0.00, real=0.00 secs] 
50.220: Total time for which application threads were stopped: 0.0041100 seconds, Stopping threads took: 0.0001090 seconds
50.258: Application time: 0.0372450 seconds
50.258: [GC [PSYoungGen: 103136K->9936K(107520K)] 129618K->36418K(352256K), 0.0039040 secs] [Times: user=0.02 sys=0.00, real=0.00 secs] 
50.262: Total time for which application threads were stopped: 0.0041050 seconds, Stopping threads took: 0.0000980 seconds
50.297: Application time: 0.0350000 seconds
50.297: [GC [PSYoungGen: 102608K->7920K(107520K)] 129090K->34402K(352256K), 0.0030960 secs] [Times: user=0.02 sys=0.00, real=0.00 secs] 
50.300: Total time for which application threads were stopped: 0.0032520 seconds, Stopping threads took: 0.0000820 seconds
50.333: Application time: 0.0331900 seconds
50.333: [GC [PSYoungGen: 100592K->7872K(107520K)] 127074K->34474K(352256K), 0.0031790 secs] [Times: user=0.02 sys=0.00, real=0.01 secs] 
50.336: Total time for which application threads were stopped: 0.0033350 seconds, Stopping threads took: 0.0000810 seconds
50.363: Application time: 0.0262990 seconds
50.363: [GC [PSYoungGen: 100544K->8080K(107520K)] 127146K->34738K(352256K), 0.0031220 secs] [Times: user=0.02 sys=0.00, real=0.01 secs] 
50.366: Total time for which application threads were stopped: 0.0033030 seconds, Stopping threads took: 0.0001090 seconds
50.393: Application time: 0.0273600 seconds
50.394: [GC [PSYoungGen: 100752K->9648K(107520K)] 127410K->36394K(352256K), 0.0038020 secs] [Times: user=0.03 sys=0.00, real=0.01 secs] 
50.397: Total time for which application threads were stopped: 0.0039660 seconds, Stopping threads took: 0.0000890 seconds
50.426: Application time: 0.0286040 seconds
50.430: [GC [PSYoungGen: 102320K->8576K(107520K)] 129066K->35370K(352256K), 0.0032410 secs] [Times: user=0.02 sys=0.01, real=0.00 secs] 
50.433: Total time for which application threads were stopped: 0.0072740 seconds, Stopping threads took: 0.0039590 seconds
50.464: Application time: 0.0308010 seconds
50.464: [GC [PSYoungGen: 101248K->9392K(107520K)] 128042K->36186K(352256K), 0.0037460 secs] [Times: user=0.03 sys=0.00, real=0.01 secs] 
50.468: Total time for which application threads were stopped: 0.0039170 seconds, Stopping threads took: 0.0000960 seconds
50.501: Application time: 0.0327730 seconds
50.501: [GC [PSYoungGen: 102064K->9712K(107520K)] 128858K->36506K(352256K), 0.0037850 secs] [Times: user=0.03 sys=0.00, real=0.00 secs] 
50.505: Total time for which application threads were stopped: 0.0039600 seconds, Stopping threads took: 0.0000970 seconds
50.542: Application time: 0.0371820 seconds
50.542: [GC [PSYoungGen: 102384K->7984K(107520K)] 129178K->34778K(352256K), 0.0030910 secs] [Times: user=0.02 sys=0.00, real=0.00 secs] 
50.545: Total time for which application threads were stopped: 0.0032420 seconds, Stopping threads took: 0.0000780 seconds
50.578: Application time: 0.0326990 seconds
50.578: [GC [PSYoungGen: 100656K->7664K(107520K)] 127450K->34514K(352256K), 0.0032090 secs] [Times: user=0.01 sys=0.00, real=0.00 secs] 
50.581: Total time for which application threads were stopped: 0.0033600 seconds, Stopping threads took: 0.0000800 seconds
50.612: Application time: 0.0306710 seconds
50.612: [GC [PSYoungGen: 100336K->7776K(107520K)] 127186K->34626K(352256K), 0.0030760 secs] [Times: user=0.02 sys=0.00, real=0.01 secs] 
50.615: Total time for which application threads were stopped: 0.0032300 seconds, Stopping threads took: 0.0000800 seconds
50.640: Application time: 0.0252360 seconds
50.640: [GC [PSYoungGen: 100448K->7984K(107520K)] 127298K->34834K(352256K), 0.0029930 secs] [Times: user=0.02 sys=0.00, real=0.00 secs] 
50.643: Total time for which application threads were stopped: 0.0031560 seconds, Stopping threads took: 0.0000890 seconds
50.671: Application time: 0.0275610 seconds
50.671: [GC [PSYoungGen: 100656K->9808K(107520K)] 127506K->36658K(352256K), 0.0039040 secs] [Times: user=0.03 sys=0.00, real=0.01 secs] 
50.675: Total time for which application threads were stopped: 0.0040680 seconds, Stopping threads took: 0.0000880 seconds
50.704: Application time: 0.0291790 seconds
50.704: [GC [PSYoungGen: 102480K->8192K(107520K)] 129330K->35042K(352256K), 0.0030940 secs] [Times: user=0.02 sys=0.00, real=0.01 secs] 
50.708: Total time for which application threads were stopped: 0.0032530 seconds, Stopping threads took: 0.0000870 seconds
50.739: Application time: 0.0312880 seconds
50.739: [GC [PSYoungGen: 100864K->9680K(107520K)] 127714K->36530K(352256K), 0.0038120 secs] [Times: user=0.03 sys=0.00, real=0.00 secs] 
50.743: Total time for which application threads were stopped: 0.0039790 seconds, Stopping threads took: 0.0000860 seconds
50.780: Application time: 0.0375280 seconds
50.781: [GC [PSYoungGen: 102352K->9568K(107520K)] 129202K->36418K(352256K), 0.0037980 secs] [Times: user=0.02 sys=0.00, real=0.00 secs] 
50.784: Total time for which application threads were stopped: 0.0039750 seconds, Stopping threads took: 0.0000850 seconds
50.818: Application time: 0.0337980 seconds
50.818: [GC [PSYoungGen: 102240K->7968K(107520K)] 129090K->34818K(352256K), 0.0032420 secs] [Times: user=0.02 sys=0.00, real=0.00 secs] 
50.822: Total time for which application threads were stopped: 0.0034090 seconds, Stopping threads took: 0.0000940 seconds
50.853: Application time: 0.0318200 seconds
50.854: [GC [PSYoungGen: 100640K->7968K(107520K)] 127490K->34818K(352256K), 0.0030780 secs] [Times: user=0.02 sys=0.00, real=0.01 secs] 
50.857: Total time for which application threads were stopped: 0.0032690 seconds, Stopping threads took: 0.0001160 seconds
50.883: Application time: 0.0264920 seconds
50.883: [GC [PSYoungGen: 100640K->8112K(107520K)] 127490K->34962K(352256K), 0.0032310 secs] [Times: user=0.02 sys=0.00, real=0.01 secs] 
50.887: Total time for which application threads were stopped: 0.0034160 seconds, Stopping threads took: 0.0001080 seconds
50.914: Application time: 0.0273890 seconds
50.914: [GC [PSYoungGen: 100784K->8528K(107520K)] 127634K->35378K(352256K), 0.0031650 secs] [Times: user=0.02 sys=0.00, real=0.00 secs] 
50.917: Total time for which application threads were stopped: 0.0033440 seconds, Stopping threads took: 0.0000990 seconds
50.946: Application time: 0.0283470 seconds
50.946: [GC [PSYoungGen: 101200K->10256K(107520K)] 128050K->37106K(352256K), 0.0118660 secs] [Times: user=0.08 sys=0.00, real=0.02 secs] 
50.958: Total time for which application threads were stopped: 0.0120440 seconds, Stopping threads took: 0.0000980 seconds
50.987: Application time: 0.0290960 seconds
50.987: [GC [PSYoungGen: 102928K->9616K(107520K)] 129778K->36466K(352256K), 0.0037770 secs] [Times: user=0.03 sys=0.00, real=0.00 secs] 
50.991: Total time for which application threads were stopped: 0.0039450 seconds, Stopping threads took: 0.0000950 seconds
51.028: Application time: 0.0373760 seconds
51.028: [GC [PSYoungGen: 102288K->8096K(107520K)] 129138K->34946K(352256K), 0.0030350 secs] [Times: user=0.02 sys=0.00, real=0.00 secs] 
51.031: Total time for which application threads were stopped: 0.0031950 seconds, Stopping threads took: 0.0000770 seconds
51.066: Application time: 0.0344970 seconds
51.066: [GC [PSYoungGen: 100768K->7872K(107520K)] 127618K->34722K(352256K), 0.0030890 secs] [Times: user=0.02 sys=0.00, real=0.00 secs] 
51.069: Total time for which application threads were stopped: 0.0032890 seconds, Stopping threads took: 0.0001210 seconds
51.102: Application time: 0.0333090 seconds
51.103: [GC [PSYoungGen: 100544K->7808K(107520K)] 127394K->34762K(352256K), 0.0031220 secs] [Times: user=0.02 sys=0.00, real=0.00 secs] 
51.106: Total time for which application threads were stopped: 0.0032640 seconds, Stopping threads took: 0.0000680 seconds
51.134: Application time: 0.0285790 seconds
51.134: [GC [PSYoungGen: 100480K->7840K(107520K)] 127434K->34874K(352256K), 0.0030660 secs] [Times: user=0.02 sys=0.00, real=0.00 secs] 
51.137: Total time for which application threads were stopped: 0.0032030 seconds, Stopping threads took: 0.0000650 seconds
51.163: Application time: 0.0250640 seconds
51.166: [GC [PSYoungGen: 100512K->9504K(107520K)] 127546K->36634K(352256K), 0.0037810 secs] [Times: user=0.03 sys=0.00, real=0.00 secs] 
51.170: Total time for which application threads were stopped: 0.0072470 seconds, Stopping threads took: 0.0033890 seconds
51.199: Application time: 0.0296380 seconds
51.200: [GC [PSYoungGen: 102176K->9888K(107520K)] 129306K->37066K(352256K), 0.0038610 secs] [Times: user=0.02 sys=0.00, real=0.00 secs] 
51.203: Total time for which application threads were stopped: 0.0040510 seconds, Stopping threads took: 0.0001150 seconds
51.232: Application time: 0.0286270 seconds
51.232: [GC [PSYoungGen: 102560K->7776K(107520K)] 129738K->34962K(352256K), 0.0030400 secs] [Times: user=0.02 sys=0.00, real=0.01 secs] 
51.235: Total time for which application threads were stopped: 0.0032000 seconds, Stopping threads took: 0.0000850 seconds
51.267: Application time: 0.0321400 seconds
51.268: [GC [PSYoungGen: 100448K->9808K(107520K)] 127634K->36994K(352256K), 0.0037410 secs] [Times: user=0.02 sys=0.00, real=0.00 secs] 
51.271: Total time for which application threads were stopped: 0.0039330 seconds, Stopping threads took: 0.0001140 seconds
51.309: Application time: 0.0374650 seconds
51.309: [GC [PSYoungGen: 102480K->7584K(107520K)] 129666K->34770K(352256K), 0.0030150 secs] [Times: user=0.02 sys=0.00, real=0.00 secs] 
51.312: Total time for which application threads were stopped: 0.0031890 seconds, Stopping threads took: 0.0000780 seconds
51.346: Application time: 0.0334660 seconds
51.346: [GC [PSYoungGen: 100256K->7600K(107520K)] 127442K->34834K(352256K), 0.0030640 secs] [Times: user=0.02 sys=0.00, real=0.01 secs] 
51.349: Total time for which application threads were stopped: 0.0032230 seconds, Stopping threads took: 0.0000880 seconds
51.380: Application time: 0.0308710 seconds
51.380: [GC [PSYoungGen: 100272K->7600K(107520K)] 127506K->34834K(352256K), 0.0030040 secs] [Times: user=0.02 sys=0.00, real=0.00 secs] 
51.383: Total time for which application threads were stopped: 0.0031660 seconds, Stopping threads took: 0.0000840 seconds
51.408: Application time: 0.0255300 seconds
51.410: [GC [PSYoungGen: 100272K->8000K(107520K)] 127506K->35234K(352256K), 0.0031180 secs] [Times: user=0.02 sys=0.00, real=0.00 secs] 
51.413: Total time for which application threads were stopped: 0.0048090 seconds, Stopping threads took: 0.0016180 seconds
51.442: Application time: 0.0288370 seconds
51.442: [GC [PSYoungGen: 100672K->9664K(107520K)] 127906K->36898K(352256K), 0.0038120 secs] [Times: user=0.03 sys=0.00, real=0.01 secs] 
51.446: Total time for which application threads were stopped: 0.0039970 seconds, Stopping threads took: 0.0001030 seconds
51.474: Application time: 0.0284100 seconds
51.475: [GC [PSYoungGen: 102336K->9696K(107520K)] 129570K->36930K(352256K), 0.0038540 secs] [Times: user=0.02 sys=0.00, real=0.00 secs] 
51.478: Total time for which application threads were stopped: 0.0040400 seconds, Stopping threads took: 0.0001110 seconds
51.508: Application time: 0.0291000 seconds
51.508: [GC [PSYoungGen: 102368K->8288K(107520K)] 129602K->35522K(352256K), 0.0031980 secs] [Times: user=0.02 sys=0.00, real=0.00 secs] 
51.511: Total time for which application threads were stopped: 0.0033580 seconds, Stopping threads took: 0.0000850 seconds
51.550: Application time: 0.0386550 seconds
51.550: [GC [PSYoungGen: 100960K->9824K(107520K)] 128194K->37058K(352256K), 0.0036700 secs] [Times: user=0.02 sys=0.00, real=0.00 secs] 
51.553: Total time for which application threads were stopped: 0.0038280 seconds, Stopping threads took: 0.0000700 seconds
51.587: Application time: 0.0339980 seconds
51.588: [GC [PSYoungGen: 102496K->8000K(107520K)] 129730K->35234K(352256K), 0.0031590 secs] [Times: user=0.03 sys=0.00, real=0.00 secs] 
51.591: Total time for which application threads were stopped: 0.0033460 seconds, Stopping threads took: 0.0001100 seconds
51.623: Application time: 0.0320260 seconds
51.623: [GC [PSYoungGen: 100672K->7792K(107520K)] 127906K->35026K(352256K), 0.0030550 secs] [Times: user=0.02 sys=0.00, real=0.01 secs] 
51.626: Total time for which application threads were stopped: 0.0032250 seconds, Stopping threads took: 0.0000950 seconds
51.654: Application time: 0.0284720 seconds
51.655: [GC [PSYoungGen: 100464K->7920K(107520K)] 127698K->35154K(352256K), 0.0030620 secs] [Times: user=0.02 sys=0.00, real=0.00 secs] 
51.658: Total time for which application threads were stopped: 0.0032150 seconds, Stopping threads took: 0.0000800 seconds
51.682: Application time: 0.0243450 seconds
51.682: [GC [PSYoungGen: 100592K->8448K(107520K)] 127826K->35682K(352256K), 0.0031580 secs] [Times: user=0.02 sys=0.00, real=0.00 secs] 
51.685: Total time for which application threads were stopped: 0.0033160 seconds, Stopping threads took: 0.0000850 seconds
51.716: Application time: 0.0307540 seconds
51.716: [GC [PSYoungGen: 101120K->10704K(107520K)] 128354K->37938K(352256K), 0.0040400 secs] [Times: user=0.03 sys=0.00, real=0.00 secs] 
51.720: Total time for which application threads were stopped: 0.0041940 seconds, Stopping threads took: 0.0000800 seconds
51.748: Application time: 0.0278550 seconds
51.748: [GC [PSYoungGen: 103376K->9936K(107520K)] 130610K->37170K(352256K), 0.0038950 secs] [Times: user=0.02 sys=0.00, real=0.00 secs] 
51.752: Total time for which application threads were stopped: 0.0040500 seconds, Stopping threads took: 0.0000800 seconds
51.788: Application time: 0.0362250 seconds
51.789: [GC [PSYoungGen: 102608K->9984K(107520K)] 129842K->37218K(352256K), 0.0038190 secs] [Times: user=0.03 sys=0.00, real=0.00 secs] 
51.792: Total time for which application threads were stopped: 0.0040000 seconds, Stopping threads took: 0.0000970 seconds
51.828: Application time: 0.0356350 seconds
51.828: [GC [PSYoungGen: 102656K->8208K(107520K)] 129890K->35442K(352256K), 0.0031840 secs] [Times: user=0.02 sys=0.00, real=0.00 secs] 
51.831: Total time for which application threads were stopped: 0.0033700 seconds, Stopping threads took: 0.0000970 seconds
51.864: Application time: 0.0324970 seconds
51.864: [GC [PSYoungGen: 100880K->7888K(107520K)] 128114K->35202K(352256K), 0.0031320 secs] [Times: user=0.02 sys=0.00, real=0.01 secs] 
51.867: Total time for which application threads were stopped: 0.0033280 seconds, Stopping threads took: 0.0001130 seconds
51.898: Application time: 0.0307450 seconds
51.898: [GC [PSYoungGen: 100560K->8048K(107520K)] 127874K->35418K(352256K), 0.0032000 secs] [Times: user=0.02 sys=0.00, real=0.00 secs] 
51.901: Total time for which application threads were stopped: 0.0033860 seconds, Stopping threads took: 0.0001090 seconds
51.927: Application time: 0.0259260 seconds
51.927: [GC [PSYoungGen: 100720K->9392K(107520K)] 128090K->36858K(352256K), 0.0037870 secs] [Times: user=0.03 sys=0.00, real=0.00 secs] 
51.931: Total time for which application threads were stopped: 0.0039530 seconds, Stopping threads took: 0.0000900 seconds
51.959: Application time: 0.0276130 seconds
51.959: [GC [PSYoungGen: 102064K->10912K(107520K)] 129530K->38466K(352256K), 0.0041570 secs] [Times: user=0.02 sys=0.00, real=0.00 secs] 
51.963: Total time for which application threads were stopped: 0.0043260 seconds, Stopping threads took: 0.0000820 seconds
51.993: Application time: 0.0298690 seconds
51.994: [GC [PSYoungGen: 103584K->8224K(107520K)] 131138K->35778K(352256K), 0.0031620 secs] [Times: user=0.02 sys=0.00, real=0.00 secs] 
51.997: Total time for which application threads were stopped: 0.0040870 seconds, Stopping threads took: 0.0008410 seconds
52.028: Application time: 0.0312430 seconds
52.029: [GC [PSYoungGen: 100896K->9904K(107520K)] 128450K->37458K(352256K), 0.0037120 secs] [Times: user=0.03 sys=0.00, real=0.00 secs] 
52.032: Total time for which application threads were stopped: 0.0039100 seconds, Stopping threads took: 0.0001120 seconds
52.070: Application time: 0.0377710 seconds
52.070: [GC [PSYoungGen: 102576K->7520K(107520K)] 130130K->35074K(352256K), 0.0032700 secs] [Times: user=0.02 sys=0.00, real=0.00 secs] 
52.074: Total time for which application threads were stopped: 0.0034300 seconds, Stopping threads took: 0.0000890 seconds
52.106: Application time: 0.0329180 seconds
52.107: [GC [PSYoungGen: 100192K->7584K(107520K)] 127746K->35194K(352256K), 0.0030060 secs] [Times: user=0.02 sys=0.00, real=0.00 secs] 
52.110: Total time for which application threads were stopped: 0.0031610 seconds, Stopping threads took: 0.0000840 seconds
52.142: Application time: 0.0323940 seconds
52.142: [GC [PSYoungGen: 100256K->7824K(107520K)] 127866K->35434K(352256K), 0.0030820 secs] [Times: user=0.02 sys=0.00, real=0.00 secs] 
52.145: Total time for which application threads were stopped: 0.0032380 seconds, Stopping threads took: 0.0000830 seconds
52.171: Application time: 0.0258810 seconds
52.171: [GC [PSYoungGen: 100496K->7776K(107520K)] 128106K->35386K(352256K), 0.0030470 secs] [Times: user=0.02 sys=0.00, real=0.01 secs] 
52.174: Total time for which application threads were stopped: 0.0032120 seconds, Stopping threads took: 0.0000910 seconds
52.203: Application time: 0.0287360 seconds
52.203: [GC [PSYoungGen: 100448K->7872K(107520K)] 128058K->35482K(352256K), 0.0030740 secs] [Times: user=0.01 sys=0.00, real=0.01 secs] 
52.206: Total time for which application threads were stopped: 0.0032410 seconds, Stopping threads took: 0.0000920 seconds
52.235: Application time: 0.0289770 seconds
52.238: [GC [PSYoungGen: 100544K->9680K(107520K)] 128154K->37290K(352256K), 0.0038140 secs] [Times: user=0.03 sys=0.00, real=0.00 secs] 
52.242: Total time for which application threads were stopped: 0.0065350 seconds, Stopping threads took: 0.0026300 seconds
52.268: Application time: 0.0264060 seconds
52.268: [GC [PSYoungGen: 102352K->7712K(107520K)] 129962K->35322K(352256K), 0.0030010 secs] [Times: user=0.02 sys=0.00, real=0.00 secs] 
52.271: Total time for which application threads were stopped: 0.0032000 seconds, Stopping threads took: 0.0001250 seconds
52.312: Application time: 0.0406810 seconds
52.312: [GC [PSYoungGen: 100384K->8672K(107520K)] 127994K->36282K(352256K), 0.0032850 secs] [Times: user=0.02 sys=0.00, real=0.01 secs] 
52.316: Total time for which application threads were stopped: 0.0034390 seconds, Stopping threads took: 0.0000810 seconds
52.349: Application time: 0.0332340 seconds
52.349: [GC [PSYoungGen: 101344K->7808K(107520K)] 128954K->35418K(352256K), 0.0030690 secs] [Times: user=0.02 sys=0.00, real=0.00 secs] 
52.352: Total time for which application threads were stopped: 0.0032430 seconds, Stopping threads took: 0.0000800 seconds
52.384: Application time: 0.0322250 seconds
52.386: [GC [PSYoungGen: 100480K->7872K(107520K)] 128090K->35482K(352256K), 0.0030890 secs] [Times: user=0.02 sys=0.00, real=0.00 secs] 
52.389: Total time for which application threads were stopped: 0.0048560 seconds, Stopping threads took: 0.0016950 seconds
52.419: Application time: 0.0296200 seconds
52.419: [GC [PSYoungGen: 100544K->7856K(107520K)] 128154K->35466K(352256K), 0.0030690 secs] [Times: user=0.02 sys=0.00, real=0.00 secs] 
52.422: Total time for which application threads were stopped: 0.0032640 seconds, Stopping threads took: 0.0001200 seconds
52.446: Application time: 0.0241000 seconds
52.450: [GC [PSYoungGen: 100528K->8208K(107520K)] 128138K->35818K(352256K), 0.0031060 secs] [Times: user=0.02 sys=0.00, real=0.00 secs] 
52.453: Total time for which application threads were stopped: 0.0069650 seconds, Stopping threads took: 0.0037860 seconds
52.487: Application time: 0.0342600 seconds
52.488: [GC [PSYoungGen: 100880K->11520K(107520K)] 128490K->39130K(352256K), 0.0043200 secs] [Times: user=0.03 sys=0.00, real=0.00 secs] 
52.492: Total time for which application threads were stopped: 0.0044890 seconds, Stopping threads took: 0.0000870 seconds
52.516: Application time: 0.0245230 seconds
52.517: [GC [PSYoungGen: 104192K->8208K(107520K)] 131802K->35818K(352256K), 0.0031160 secs] [Times: user=0.02 sys=0.00, real=0.00 secs] 
52.520: Total time for which application threads were stopped: 0.0032790 seconds, Stopping threads took: 0.0000890 seconds
52.555: Application time: 0.0356100 seconds
52.555: [GC [PSYoungGen: 100880K->12848K(107520K)] 128490K->40458K(352256K), 0.0049660 secs] [Times: user=0.04 sys=0.00, real=0.00 secs] 
52.560: Total time for which application threads were stopped: 0.0051390 seconds, Stopping threads took: 0.0000930 seconds
52.596: Application time: 0.0355040 seconds
52.596: [GC [PSYoungGen: 105520K->8096K(107520K)] 133130K->35706K(352256K), 0.0031010 secs] [Times: user=0.02 sys=0.00, real=0.00 secs] 
52.599: Total time for which application threads were stopped: 0.0032700 seconds, Stopping threads took: 0.0000960 seconds
52.632: Application time: 0.0327550 seconds
52.632: [GC [PSYoungGen: 100768K->7776K(107520K)] 128378K->35466K(352256K), 0.0031150 secs] [Times: user=0.02 sys=0.00, real=0.01 secs] 
52.635: Total time for which application threads were stopped: 0.0032750 seconds, Stopping threads took: 0.0000850 seconds
52.668: Application time: 0.0323790 seconds
52.668: [GC [PSYoungGen: 100448K->7904K(107520K)] 128138K->35642K(352256K), 0.0030570 secs] [Times: user=0.02 sys=0.00, real=0.00 secs] 
52.671: Total time for which application threads were stopped: 0.0032080 seconds, Stopping threads took: 0.0000790 seconds
52.695: Application time: 0.0242130 seconds
52.695: [GC [PSYoungGen: 100576K->9472K(107520K)] 128314K->37298K(352256K), 0.0038050 secs] [Times: user=0.03 sys=0.00, real=0.00 secs] 
52.699: Total time for which application threads were stopped: 0.0039690 seconds, Stopping threads took: 0.0000870 seconds
52.729: Application time: 0.0299880 seconds
52.729: [GC [PSYoungGen: 102144K->10816K(107520K)] 129970K->38730K(352256K), 0.0041460 secs] [Times: user=0.03 sys=0.00, real=0.00 secs] 
52.733: Total time for which application threads were stopped: 0.0043030 seconds, Stopping threads took: 0.0000820 seconds
52.762: Application time: 0.0283100 seconds
52.762: [GC [PSYoungGen: 103488K->8464K(107520K)] 131402K->36378K(352256K), 0.0032510 secs] [Times: user=0.03 sys=0.00, real=0.00 secs] 
52.765: Total time for which application threads were stopped: 0.0034090 seconds, Stopping threads took: 0.0000760 seconds
52.792: Application time: 0.0274180 seconds
52.793: [GC [PSYoungGen: 101136K->9008K(107520K)] 129050K->36922K(352256K), 0.0034490 secs] [Times: user=0.02 sys=0.00, real=0.01 secs] 
52.796: Total time for which application threads were stopped: 0.0035810 seconds, Stopping threads took: 0.0000550 seconds
52.836: Application time: 0.0401630 seconds
52.836: [GC [PSYoungGen: 101680K->7920K(107520K)] 129594K->35834K(352256K), 0.0030650 secs] [Times: user=0.02 sys=0.00, real=0.00 secs] 
52.839: Total time for which application threads were stopped: 0.0032480 seconds, Stopping threads took: 0.0001070 seconds
52.872: Application time: 0.0325850 seconds
52.872: [GC [PSYoungGen: 100592K->7744K(107520K)] 128506K->35715K(352256K), 0.0030890 secs] [Times: user=0.02 sys=0.00, real=0.01 secs] 
52.875: Total time for which application threads were stopped: 0.0032880 seconds, Stopping threads took: 0.0001070 seconds
52.908: Application time: 0.0328350 seconds
52.908: [GC [PSYoungGen: 100416K->7808K(107520K)] 128387K->35779K(352256K), 0.0031750 secs] [Times: user=0.02 sys=0.00, real=0.00 secs] 
52.912: Total time for which application threads were stopped: 0.0033530 seconds, Stopping threads took: 0.0001030 seconds
52.940: Application time: 0.0280030 seconds
52.940: [GC [PSYoungGen: 100480K->7792K(107520K)] 128451K->35763K(352256K), 0.0029860 secs] [Times: user=0.02 sys=0.00, real=0.00 secs] 
52.943: Total time for which application threads were stopped: 0.0031740 seconds, Stopping threads took: 0.0001190 seconds
52.969: Application time: 0.0263590 seconds
52.969: [GC [PSYoungGen: 100464K->7760K(107520K)] 128435K->35731K(352256K), 0.0030160 secs] [Times: user=0.02 sys=0.00, real=0.00 secs] 
52.972: Total time for which application threads were stopped: 0.0031800 seconds, Stopping threads took: 0.0000830 seconds
53.004: Application time: 0.0318220 seconds
53.005: [GC [PSYoungGen: 100432K->10256K(107520K)] 128403K->38227K(352256K), 0.0037550 secs] [Times: user=0.02 sys=0.00, real=0.01 secs] 
53.008: Total time for which application threads were stopped: 0.0042850 seconds, Stopping threads took: 0.0004390 seconds
53.032: Application time: 0.0238310 seconds
53.032: [GC [PSYoungGen: 102928K->8272K(107520K)] 130899K->36243K(352256K), 0.0030540 secs] [Times: user=0.02 sys=0.00, real=0.01 secs] 
53.035: Total time for which application threads were stopped: 0.0032550 seconds, Stopping threads took: 0.0001150 seconds
53.075: Application time: 0.0398100 seconds
53.075: [GC [PSYoungGen: 100944K->8816K(107520K)] 128915K->36787K(352256K), 0.0032510 secs] [Times: user=0.02 sys=0.00, real=0.00 secs] 
53.079: Total time for which application threads were stopped: 0.0034300 seconds, Stopping threads took: 0.0001010 seconds
53.111: Application time: 0.0327380 seconds
53.114: [GC [PSYoungGen: 101488K->7824K(107520K)] 129459K->35794K(352256K), 0.0030530 secs] [Times: user=0.02 sys=0.00, real=0.00 secs] 
53.117: Total time for which application threads were stopped: 0.0056290 seconds, Stopping threads took: 0.0024990 seconds
53.150: Application time: 0.0328490 seconds
53.150: [GC [PSYoungGen: 100496K->7856K(107520K)] 128466K->35827K(352256K), 0.0030550 secs] [Times: user=0.02 sys=0.00, real=0.00 secs] 
53.153: Total time for which application threads were stopped: 0.0032180 seconds, Stopping threads took: 0.0000920 seconds
53.184: Application time: 0.0312240 seconds
53.184: [GC [PSYoungGen: 100528K->8080K(107520K)] 128499K->36051K(352256K), 0.0031030 secs] [Times: user=0.02 sys=0.00, real=0.01 secs] 
53.188: Total time for which application threads were stopped: 0.0032470 seconds, Stopping threads took: 0.0000690 seconds
53.212: Application time: 0.0242720 seconds
53.212: [GC [PSYoungGen: 100752K->8368K(107520K)] 128723K->36339K(352256K), 0.0031930 secs] [Times: user=0.02 sys=0.00, real=0.01 secs] 
53.215: Total time for which application threads were stopped: 0.0033730 seconds, Stopping threads took: 0.0001080 seconds
53.246: Application time: 0.0307930 seconds
53.246: [GC [PSYoungGen: 101040K->11968K(107520K)] 129011K->39939K(352256K), 0.0046120 secs] [Times: user=0.04 sys=0.00, real=0.00 secs] 
53.251: Total time for which application threads were stopped: 0.0047890 seconds, Stopping threads took: 0.0000980 seconds
53.276: Application time: 0.0254440 seconds
53.276: [GC [PSYoungGen: 104640K->8544K(107520K)] 132611K->36515K(352256K), 0.0032620 secs] [Times: user=0.02 sys=0.00, real=0.00 secs] 
53.280: Total time for which application threads were stopped: 0.0034280 seconds, Stopping threads took: 0.0000890 seconds
53.313: Application time: 0.0329960 seconds
53.313: [GC [PSYoungGen: 101216K->9888K(107520K)] 129187K->37859K(352256K), 0.0037670 secs] [Times: user=0.02 sys=0.00, real=0.01 secs] 
53.317: Total time for which application threads were stopped: 0.0039170 seconds, Stopping threads took: 0.0000720 seconds
53.354: Application time: 0.0371090 seconds
53.354: [GC [PSYoungGen: 102560K->8096K(107520K)] 130531K->36067K(352256K), 0.0032410 secs] [Times: user=0.02 sys=0.00, real=0.01 secs] 
53.357: Total time for which application threads were stopped: 0.0033920 seconds, Stopping threads took: 0.0000690 seconds
53.391: Application time: 0.0335330 seconds
53.391: [GC [PSYoungGen: 100768K->7824K(107520K)] 128739K->35851K(352256K), 0.0031000 secs] [Times: user=0.02 sys=0.00, real=0.01 secs] 
53.394: Total time for which application threads were stopped: 0.0032950 seconds, Stopping threads took: 0.0001010 seconds
53.427: Application time: 0.0325730 seconds
53.430: [GC [PSYoungGen: 100496K->7648K(107520K)] 128523K->35779K(352256K), 0.0030180 secs] [Times: user=0.01 sys=0.00, real=0.00 secs] 
53.433: Total time for which application threads were stopped: 0.0064630 seconds, Stopping threads took: 0.0033750 seconds
53.458: Application time: 0.0252880 seconds
53.458: [GC [PSYoungGen: 100320K->9840K(107520K)] 128451K->38011K(352256K), 0.0038770 secs] [Times: user=0.02 sys=0.00, real=0.00 secs] 
53.462: Total time for which application threads were stopped: 0.0040770 seconds, Stopping threads took: 0.0001150 seconds
53.491: Application time: 0.0284760 seconds
53.491: [GC [PSYoungGen: 102512K->8000K(107520K)] 130683K->36287K(352256K), 0.0031320 secs] [Times: user=0.02 sys=0.00, real=0.01 secs] 
53.494: Total time for which application threads were stopped: 0.0032990 seconds, Stopping threads took: 0.0000920 seconds
53.523: Application time: 0.0288620 seconds
53.523: [GC [PSYoungGen: 100672K->9872K(107520K)] 128959K->38159K(352256K), 0.0037790 secs] [Times: user=0.02 sys=0.00, real=0.01 secs] 
53.527: Total time for which application threads were stopped: 0.0039500 seconds, Stopping threads took: 0.0000860 seconds
53.553: Application time: 0.0263620 seconds
53.553: [GC [PSYoungGen: 102544K->7888K(107520K)] 130831K->36175K(352256K), 0.0029800 secs] [Times: user=0.02 sys=0.00, real=0.01 secs] 
53.557: Total time for which application threads were stopped: 0.0031550 seconds, Stopping threads took: 0.0001000 seconds
53.597: Application time: 0.0404760 seconds
53.597: [GC [PSYoungGen: 100560K->7888K(107520K)] 128847K->36175K(352256K), 0.0031250 secs] [Times: user=0.03 sys=0.00, real=0.00 secs] 
53.600: Total time for which application threads were stopped: 0.0032960 seconds, Stopping threads took: 0.0000960 seconds
53.634: Application time: 0.0334340 seconds
53.634: [GC [PSYoungGen: 100560K->7584K(107520K)] 128847K->35919K(352256K), 0.0029850 secs] [Times: user=0.02 sys=0.00, real=0.01 secs] 
53.637: Total time for which application threads were stopped: 0.0031640 seconds, Stopping threads took: 0.0001010 seconds
53.668: Application time: 0.0313820 seconds
53.670: [GC [PSYoungGen: 100256K->7760K(107520K)] 128591K->36095K(352256K), 0.0031670 secs] [Times: user=0.02 sys=0.00, real=0.00 secs] 
53.673: Total time for which application threads were stopped: 0.0049000 seconds, Stopping threads took: 0.0016610 seconds
53.703: Application time: 0.0300500 seconds
53.703: [GC [PSYoungGen: 100432K->7712K(107520K)] 128767K->36047K(352256K), 0.0030380 secs] [Times: user=0.02 sys=0.00, real=0.01 secs] 
53.706: Total time for which application threads were stopped: 0.0031950 seconds, Stopping threads took: 0.0000820 seconds
53.731: Application time: 0.0243520 seconds
53.731: [GC [PSYoungGen: 100384K->8496K(107520K)] 128719K->36831K(352256K), 0.0032710 secs] [Times: user=0.03 sys=0.00, real=0.01 secs] 
53.734: Total time for which application threads were stopped: 0.0034760 seconds, Stopping threads took: 0.0001280 seconds
53.765: Application time: 0.0306900 seconds
53.765: [GC [PSYoungGen: 101168K->10096K(107520K)] 129503K->38431K(352256K), 0.0039170 secs] [Times: user=0.03 sys=0.00, real=0.01 secs] 
53.769: Total time for which application threads were stopped: 0.0040750 seconds, Stopping threads took: 0.0000820 seconds
53.794: Application time: 0.0252890 seconds
53.794: [GC [PSYoungGen: 102768K->8160K(107520K)] 131103K->36495K(352256K), 0.0030720 secs] [Times: user=0.02 sys=0.00, real=0.00 secs] 
53.798: Total time for which application threads were stopped: 0.0032350 seconds, Stopping threads took: 0.0000860 seconds
53.836: Application time: 0.0384630 seconds
53.836: [GC [PSYoungGen: 100832K->11296K(107520K)] 129167K->39631K(352256K), 0.0042870 secs] [Times: user=0.03 sys=0.00, real=0.00 secs] 
53.840: Total time for which application threads were stopped: 0.0044520 seconds, Stopping threads took: 0.0000870 seconds
53.874: Application time: 0.0330880 seconds
53.874: [GC [PSYoungGen: 103968K->7840K(107520K)] 132303K->36175K(352256K), 0.0031150 secs] [Times: user=0.02 sys=0.00, real=0.01 secs] 
53.877: Total time for which application threads were stopped: 0.0032830 seconds, Stopping threads took: 0.0000920 seconds
53.911: Application time: 0.0342660 seconds
53.911: [GC [PSYoungGen: 100512K->7968K(107520K)] 128847K->36303K(352256K), 0.0031270 secs] [Times: user=0.02 sys=0.00, real=0.01 secs] 
53.914: Total time for which application threads were stopped: 0.0033180 seconds, Stopping threads took: 0.0001020 seconds
53.946: Application time: 0.0319750 seconds
53.947: [GC [PSYoungGen: 100640K->7856K(107520K)] 128975K->36191K(352256K), 0.0030790 secs] [Times: user=0.02 sys=0.00, real=0.00 secs] 
53.950: Total time for which application threads were stopped: 0.0032540 seconds, Stopping threads took: 0.0000990 seconds
53.974: Application time: 0.0245730 seconds
53.977: [GC [PSYoungGen: 100528K->9728K(107520K)] 128863K->38063K(352256K), 0.0038040 secs] [Times: user=0.03 sys=0.00, real=0.00 secs] 
53.981: Total time for which application threads were stopped: 0.0068760 seconds, Stopping threads took: 0.0030010 seconds
54.012: Application time: 0.0310430 seconds
54.012: [GC [PSYoungGen: 102400K->9808K(107520K)] 130735K->38143K(352256K), 0.0037450 secs] [Times: user=0.03 sys=0.00, real=0.01 secs] 
54.016: Total time for which application threads were stopped: 0.0039280 seconds, Stopping threads took: 0.0000960 seconds
54.041: Application time: 0.0249000 seconds
54.041: [GC [PSYoungGen: 102480K->9376K(107520K)] 130815K->37711K(352256K), 0.0034800 secs] [Times: user=0.02 sys=0.00, real=0.00 secs] 
54.045: Total time for which application threads were stopped: 0.0036310 seconds, Stopping threads took: 0.0000620 seconds
54.077: Application time: 0.0324220 seconds
54.077: [GC [PSYoungGen: 102048K->10608K(107520K)] 130383K->38943K(352256K), 0.0039910 secs] [Times: user=0.03 sys=0.00, real=0.00 secs] 
54.081: Total time for which application threads were stopped: 0.0041780 seconds, Stopping threads took: 0.0001020 seconds
54.119: Application time: 0.0372670 seconds
54.119: [GC [PSYoungGen: 103280K->8016K(107520K)] 131615K->36351K(352256K), 0.0030920 secs] [Times: user=0.02 sys=0.00, real=0.00 secs] 
54.122: Total time for which application threads were stopped: 0.0032550 seconds, Stopping threads took: 0.0000790 seconds
54.156: Application time: 0.0343580 seconds
54.156: [GC [PSYoungGen: 100688K->7824K(107520K)] 129023K->36159K(352256K), 0.0031080 secs] [Times: user=0.02 sys=0.00, real=0.00 secs] 
54.159: Total time for which application threads were stopped: 0.0032970 seconds, Stopping threads took: 0.0001140 seconds
54.192: Application time: 0.0325240 seconds
54.194: [GC [PSYoungGen: 100496K->7776K(107520K)] 128831K->36239K(352256K), 0.0030580 secs] [Times: user=0.02 sys=0.00, real=0.00 secs] 
54.197: Total time for which application threads were stopped: 0.0050900 seconds, Stopping threads took: 0.0019530 seconds
54.223: Application time: 0.0258030 seconds
54.223: [GC [PSYoungGen: 100448K->7552K(107520K)] 128911K->36055K(352256K), 0.0030290 secs] [Times: user=0.02 sys=0.00, real=0.01 secs] 
54.226: Total time for which application threads were stopped: 0.0032190 seconds, Stopping threads took: 0.0001120 seconds
54.255: Application time: 0.0285630 seconds
54.255: [GC [PSYoungGen: 100224K->7840K(107520K)] 128727K->36455K(352256K), 0.0030280 secs] [Times: user=0.02 sys=0.00, real=0.00 secs] 
54.258: Total time for which application threads were stopped: 0.0032030 seconds, Stopping threads took: 0.0000980 seconds
54.286: Application time: 0.0285140 seconds
54.286: [GC [PSYoungGen: 100512K->7904K(107520K)] 129127K->36519K(352256K), 0.0030380 secs] [Times: user=0.02 sys=0.00, real=0.00 secs] 
54.290: Total time for which application threads were stopped: 0.0031890 seconds, Stopping threads took: 0.0000760 seconds
54.315: Application time: 0.0252250 seconds
54.315: [GC [PSYoungGen: 100576K->8240K(107520K)] 129191K->36855K(352256K), 0.0031210 secs] [Times: user=0.02 sys=0.00, real=0.00 secs] 
54.318: Total time for which application threads were stopped: 0.0032910 seconds, Stopping threads took: 0.0000950 seconds
54.360: Application time: 0.0415550 seconds
54.360: [GC [PSYoungGen: 100912K->7856K(107520K)] 129527K->36471K(352256K), 0.0030530 secs] [Times: user=0.02 sys=0.00, real=0.00 secs] 
54.363: Total time for which application threads were stopped: 0.0032120 seconds, Stopping threads took: 0.0000840 seconds
54.396: Application time: 0.0333440 seconds
54.396: [GC [PSYoungGen: 100528K->7552K(107520K)] 129143K->36223K(352256K), 0.0030590 secs] [Times: user=0.02 sys=0.00, real=0.00 secs] 
54.399: Total time for which application threads were stopped: 0.0032040 seconds, Stopping threads took: 0.0000740 seconds
54.434: Application time: 0.0343080 seconds
54.434: [GC [PSYoungGen: 100224K->7952K(107520K)] 128895K->36623K(352256K), 0.0031390 secs] [Times: user=0.01 sys=0.01, real=0.01 secs] 
54.437: Total time for which application threads were stopped: 0.0032980 seconds, Stopping threads took: 0.0000610 seconds
54.466: Application time: 0.0285020 seconds
54.466: [GC [PSYoungGen: 100624K->7776K(107520K)] 129295K->36447K(352256K), 0.0030070 secs] [Times: user=0.02 sys=0.00, real=0.01 secs] 
54.469: Total time for which application threads were stopped: 0.0031600 seconds, Stopping threads took: 0.0000770 seconds
54.494: Application time: 0.0252410 seconds
54.494: [GC [PSYoungGen: 100448K->9728K(107520K)] 129119K->38399K(352256K), 0.0038790 secs] [Times: user=0.02 sys=0.00, real=0.00 secs] 
54.498: Total time for which application threads were stopped: 0.0040400 seconds, Stopping threads took: 0.0000850 seconds
54.528: Application time: 0.0296550 seconds
54.528: [GC [PSYoungGen: 102400K->11440K(107520K)] 131071K->40111K(352256K), 0.0045110 secs] [Times: user=0.03 sys=0.00, real=0.00 secs] 
54.532: Total time for which application threads were stopped: 0.0046930 seconds, Stopping threads took: 0.0001090 seconds
54.556: Application time: 0.0237400 seconds
54.558: [GC [PSYoungGen: 104107K->9936K(107520K)] 132778K->38607K(352256K), 0.0038880 secs] [Times: user=0.03 sys=0.00, real=0.00 secs] 
54.562: Total time for which application threads were stopped: 0.0058210 seconds, Stopping threads took: 0.0018510 seconds
54.598: Application time: 0.0364560 seconds
54.598: [GC [PSYoungGen: 102608K->13728K(107520K)] 131279K->42399K(352256K), 0.0054370 secs] [Times: user=0.04 sys=0.00, real=0.00 secs] 
54.604: Total time for which application threads were stopped: 0.0056000 seconds, Stopping threads took: 0.0000750 seconds
54.639: Application time: 0.0353140 seconds
54.639: [GC [PSYoungGen: 106400K->7920K(107520K)] 135071K->36591K(352256K), 0.0031240 secs] [Times: user=0.02 sys=0.00, real=0.00 secs] 
54.643: Total time for which application threads were stopped: 0.0033090 seconds, Stopping threads took: 0.0001020 seconds
54.678: Application time: 0.0355210 seconds
54.678: [GC [PSYoungGen: 100592K->7808K(107520K)] 129263K->36479K(352256K), 0.0030290 secs] [Times: user=0.02 sys=0.00, real=0.00 secs] 
54.681: Total time for which application threads were stopped: 0.0032150 seconds, Stopping threads took: 0.0001150 seconds
54.713: Application time: 0.0315060 seconds
54.713: [GC [PSYoungGen: 100480K->7968K(107520K)] 129151K->36639K(352256K), 0.0030900 secs] [Times: user=0.01 sys=0.00, real=0.01 secs] 
54.716: Total time for which application threads were stopped: 0.0032480 seconds, Stopping threads took: 0.0000800 seconds
54.739: Application time: 0.0232830 seconds
54.739: [GC [PSYoungGen: 100640K->7856K(107520K)] 129311K->36527K(352256K), 0.0030610 secs] [Times: user=0.02 sys=0.00, real=0.00 secs] 
54.743: Total time for which application threads were stopped: 0.0032220 seconds, Stopping threads took: 0.0000870 seconds
54.775: Application time: 0.0319780 seconds
54.775: [GC [PSYoungGen: 100528K->8608K(107520K)] 129199K->37279K(352256K), 0.0032500 secs] [Times: user=0.02 sys=0.00, real=0.00 secs] 
54.778: Total time for which application threads were stopped: 0.0034010 seconds, Stopping threads took: 0.0000780 seconds
54.803: Application time: 0.0248440 seconds
54.803: [GC [PSYoungGen: 101280K->8208K(107520K)] 129951K->36879K(352256K), 0.0031170 secs] [Times: user=0.02 sys=0.00, real=0.01 secs] 
54.806: Total time for which application threads were stopped: 0.0032710 seconds, Stopping threads took: 0.0000800 seconds
54.836: Application time: 0.0300260 seconds
54.836: [GC [PSYoungGen: 100880K->7584K(107520K)] 129551K->36255K(352256K), 0.0029090 secs] [Times: user=0.02 sys=0.00, real=0.00 secs] 
54.839: Total time for which application threads were stopped: 0.0030580 seconds, Stopping threads took: 0.0000780 seconds
54.879: Application time: 0.0398550 seconds
54.882: [GC [PSYoungGen: 100256K->7856K(107520K)] 128927K->36527K(352256K), 0.0030670 secs] [Times: user=0.02 sys=0.00, real=0.00 secs] 
54.885: Total time for which application threads were stopped: 0.0060710 seconds, Stopping threads took: 0.0029260 seconds
54.918: Application time: 0.0333410 seconds
54.919: [GC [PSYoungGen: 100528K->7904K(107520K)] 129199K->36575K(352256K), 0.0031060 secs] [Times: user=0.03 sys=0.00, real=0.00 secs] 
54.922: Total time for which application threads were stopped: 0.0032810 seconds, Stopping threads took: 0.0000970 seconds
54.955: Application time: 0.0336590 seconds
54.956: [GC [PSYoungGen: 100576K->7792K(107520K)] 129247K->36551K(352256K), 0.0030730 secs] [Times: user=0.02 sys=0.00, real=0.00 secs] 
54.959: Total time for which application threads were stopped: 0.0032660 seconds, Stopping threads took: 0.0000970 seconds
54.985: Application time: 0.0264250 seconds
54.985: [GC [PSYoungGen: 100464K->7920K(107520K)] 129223K->36727K(352256K), 0.0030940 secs] [Times: user=0.02 sys=0.01, real=0.01 secs] 
54.988: Total time for which application threads were stopped: 0.0032680 seconds, Stopping threads took: 0.0000940 seconds
55.017: Application time: 0.0284090 seconds
55.017: [GC [PSYoungGen: 100592K->8656K(107520K)] 129399K->37611K(352256K), 0.0032630 secs] [Times: user=0.02 sys=0.00, real=0.00 secs] 
55.020: Total time for which application threads were stopped: 0.0034450 seconds, Stopping threads took: 0.0001040 seconds
55.050: Application time: 0.0297760 seconds
55.050: [GC [PSYoungGen: 101328K->8960K(107520K)] 130283K->37915K(352256K), 0.0033100 secs] [Times: user=0.02 sys=0.00, real=0.00 secs] 
55.053: Total time for which application threads were stopped: 0.0034940 seconds, Stopping threads took: 0.0001070 seconds
55.077: Application time: 0.0238560 seconds
55.077: [GC [PSYoungGen: 101632K->8320K(107520K)] 130587K->37275K(352256K), 0.0031370 secs] [Times: user=0.02 sys=0.00, real=0.00 secs] 
55.081: Total time for which application threads were stopped: 0.0032930 seconds, Stopping threads took: 0.0000830 seconds
55.122: Application time: 0.0416410 seconds
55.122: [GC [PSYoungGen: 100992K->7840K(107520K)] 129947K->36795K(352256K), 0.0030780 secs] [Times: user=0.02 sys=0.00, real=0.00 secs] 
55.126: Total time for which application threads were stopped: 0.0032740 seconds, Stopping threads took: 0.0001110 seconds
55.158: Application time: 0.0319800 seconds
55.158: [GC [PSYoungGen: 100512K->7712K(107520K)] 129467K->36715K(352256K), 0.0030600 secs] [Times: user=0.02 sys=0.00, real=0.00 secs] 
55.161: Total time for which application threads were stopped: 0.0032290 seconds, Stopping threads took: 0.0000980 seconds
55.196: Application time: 0.0349120 seconds
55.198: [GC [PSYoungGen: 100384K->7472K(107520K)] 129387K->36475K(352256K), 0.0030050 secs] [Times: user=0.02 sys=0.00, real=0.00 secs] 
55.201: Total time for which application threads were stopped: 0.0053100 seconds, Stopping threads took: 0.0022340 seconds
55.232: Application time: 0.0306040 seconds
55.234: [GC [PSYoungGen: 100144K->7824K(107520K)] 129147K->36827K(352256K), 0.0029890 secs] [Times: user=0.02 sys=0.00, real=0.00 secs] 
55.237: Total time for which application threads were stopped: 0.0053730 seconds, Stopping threads took: 0.0023130 seconds
55.260: Application time: 0.0232650 seconds
55.262: [GC [PSYoungGen: 100496K->9472K(107520K)] 129499K->38475K(352256K), 0.0036390 secs] [Times: user=0.03 sys=0.00, real=0.00 secs] 
55.266: Total time for which application threads were stopped: 0.0053950 seconds, Stopping threads took: 0.0016690 seconds
55.296: Application time: 0.0308190 seconds
55.297: [GC [PSYoungGen: 102144K->11568K(107520K)] 131147K->40571K(352256K), 0.0044630 secs] [Times: user=0.04 sys=0.00, real=0.00 secs] 
55.301: Total time for which application threads were stopped: 0.0046260 seconds, Stopping threads took: 0.0000880 seconds
55.326: Application time: 0.0249710 seconds
55.326: [GC [PSYoungGen: 104240K->10128K(107520K)] 133243K->39131K(352256K), 0.0039510 secs] [Times: user=0.02 sys=0.00, real=0.00 secs] 
55.330: Total time for which application threads were stopped: 0.0040800 seconds, Stopping threads took: 0.0000510 seconds
55.362: Application time: 0.0319310 seconds
55.362: [GC [PSYoungGen: 102800K->12576K(107520K)] 131803K->41579K(352256K), 0.0048720 secs] [Times: user=0.03 sys=0.00, real=0.01 secs] 
55.367: Total time for which application threads were stopped: 0.0050400 seconds, Stopping threads took: 0.0000910 seconds
55.406: Application time: 0.0387520 seconds
55.406: [GC [PSYoungGen: 105248K->8080K(107520K)] 134251K->37083K(352256K), 0.0030690 secs] [Times: user=0.02 sys=0.00, real=0.00 secs] 
55.409: Total time for which application threads were stopped: 0.0032220 seconds, Stopping threads took: 0.0000750 seconds
55.443: Application time: 0.0334860 seconds
55.443: [GC [PSYoungGen: 100752K->7808K(107520K)] 129755K->36811K(352256K), 0.0030990 secs] [Times: user=0.02 sys=0.00, real=0.00 secs] 
55.446: Total time for which application threads were stopped: 0.0032500 seconds, Stopping threads took: 0.0000730 seconds
55.479: Application time: 0.0335070 seconds
55.480: [GC [PSYoungGen: 100480K->7824K(107520K)] 129483K->36827K(352256K), 0.0031780 secs] [Times: user=0.02 sys=0.00, real=0.00 secs] 
55.483: Total time for which application threads were stopped: 0.0033770 seconds, Stopping threads took: 0.0000990 seconds
55.509: Application time: 0.0262240 seconds
55.509: [GC [PSYoungGen: 100496K->7712K(107520K)] 129499K->36715K(352256K), 0.0030210 secs] [Times: user=0.02 sys=0.00, real=0.00 secs] 
55.512: Total time for which application threads were stopped: 0.0032130 seconds, Stopping threads took: 0.0001140 seconds
55.540: Application time: 0.0277670 seconds
55.540: [GC [PSYoungGen: 100384K->8496K(107520K)] 129387K->37499K(352256K), 0.0031890 secs] [Times: user=0.03 sys=0.00, real=0.00 secs] 
55.543: Total time for which application threads were stopped: 0.0033420 seconds, Stopping threads took: 0.0000750 seconds
55.571: Application time: 0.0274810 seconds
55.571: [GC [PSYoungGen: 101168K->10304K(107520K)] 130171K->39307K(352256K), 0.0038400 secs] [Times: user=0.02 sys=0.00, real=0.01 secs] 
55.575: Total time for which application threads were stopped: 0.0039990 seconds, Stopping threads took: 0.0000780 seconds
55.602: Application time: 0.0268530 seconds
55.602: [GC [PSYoungGen: 102976K->8064K(107520K)] 131979K->37067K(352256K), 0.0030610 secs] [Times: user=0.02 sys=0.00, real=0.00 secs] 
55.605: Total time for which application threads were stopped: 0.0032420 seconds, Stopping threads took: 0.0001050 seconds
55.646: Application time: 0.0413480 seconds
55.646: [GC [PSYoungGen: 100736K->8416K(107520K)] 129739K->37419K(352256K), 0.0031860 secs] [Times: user=0.02 sys=0.00, real=0.00 secs] 
55.650: Total time for which application threads were stopped: 0.0033290 seconds, Stopping threads took: 0.0000660 seconds
55.683: Application time: 0.0338900 seconds
55.684: [GC [PSYoungGen: 101088K->7776K(107520K)] 130091K->36779K(352256K), 0.0030680 secs] [Times: user=0.02 sys=0.00, real=0.01 secs] 
55.687: Total time for which application threads were stopped: 0.0032260 seconds, Stopping threads took: 0.0000830 seconds
55.720: Application time: 0.0334530 seconds
55.720: [GC [PSYoungGen: 100448K->7856K(107520K)] 129451K->36939K(352256K), 0.0031310 secs] [Times: user=0.02 sys=0.00, real=0.00 secs] 
55.723: Total time for which application threads were stopped: 0.0032840 seconds, Stopping threads took: 0.0000790 seconds
55.751: Application time: 0.0277850 seconds
55.751: [GC [PSYoungGen: 100528K->7824K(107520K)] 129611K->36963K(352256K), 0.0030360 secs] [Times: user=0.02 sys=0.00, real=0.01 secs] 
55.754: Total time for which application threads were stopped: 0.0031800 seconds, Stopping threads took: 0.0000720 seconds
55.779: Application time: 0.0244320 seconds
55.779: [GC [PSYoungGen: 100496K->9392K(107520K)] 129635K->38667K(352256K), 0.0037690 secs] [Times: user=0.02 sys=0.00, real=0.00 secs] 
55.783: Total time for which application threads were stopped: 0.0039230 seconds, Stopping threads took: 0.0000820 seconds
55.813: Application time: 0.0301610 seconds
55.813: [GC [PSYoungGen: 102064K->11200K(107520K)] 131339K->40475K(352256K), 0.0044990 secs] [Times: user=0.03 sys=0.00, real=0.01 secs] 
55.818: Total time for which application threads were stopped: 0.0046670 seconds, Stopping threads took: 0.0000910 seconds
55.843: Application time: 0.0253090 seconds
55.843: [GC [PSYoungGen: 103872K->8432K(107520K)] 133147K->37707K(352256K), 0.0031210 secs] [Times: user=0.03 sys=0.00, real=0.01 secs] 
55.846: Total time for which application threads were stopped: 0.0032490 seconds, Stopping threads took: 0.0000550 seconds
55.884: Application time: 0.0379620 seconds
55.884: [GC [PSYoungGen: 101104K->10416K(107520K)] 130379K->39692K(352256K), 0.0040610 secs] [Times: user=0.03 sys=0.00, real=0.01 secs] 
55.888: Total time for which application threads were stopped: 0.0042280 seconds, Stopping threads took: 0.0000900 seconds
55.922: Application time: 0.0334090 seconds
55.922: [GC [PSYoungGen: 103088K->7808K(107520K)] 132364K->37084K(352256K), 0.0030480 secs] [Times: user=0.02 sys=0.00, real=0.00 secs] 
55.925: Total time for which application threads were stopped: 0.0032080 seconds, Stopping threads took: 0.0000790 seconds
55.960: Application time: 0.0349520 seconds
55.960: [GC [PSYoungGen: 100480K->7600K(107520K)] 129756K->36924K(352256K), 0.0030730 secs] [Times: user=0.02 sys=0.00, real=0.00 secs] 
55.963: Total time for which application threads were stopped: 0.0032220 seconds, Stopping threads took: 0.0000750 seconds
55.995: Application time: 0.0320670 seconds
55.995: [GC [PSYoungGen: 100272K->7696K(107520K)] 129596K->37020K(352256K), 0.0029670 secs] [Times: user=0.01 sys=0.01, real=0.00 secs] 
55.998: Total time for which application threads were stopped: 0.0031600 seconds, Stopping threads took: 0.0000960 seconds
56.021: Application time: 0.0230260 seconds
56.022: [GC [PSYoungGen: 100368K->7696K(107520K)] 129692K->37020K(352256K), 0.0030490 secs] [Times: user=0.02 sys=0.00, real=0.00 secs] 
56.025: Total time for which application threads were stopped: 0.0031980 seconds, Stopping threads took: 0.0000740 seconds
56.056: Application time: 0.0309530 seconds
56.058: [GC [PSYoungGen: 100368K->7968K(107520K)] 129692K->37292K(352256K), 0.0029890 secs] [Times: user=0.01 sys=0.00, real=0.00 secs] 
56.061: Total time for which application threads were stopped: 0.0054320 seconds, Stopping threads took: 0.0023640 seconds
56.086: Application time: 0.0252180 seconds
56.086: [GC [PSYoungGen: 100640K->10288K(107520K)] 129964K->39612K(352256K), 0.0039730 secs] [Times: user=0.02 sys=0.01, real=0.00 secs] 
56.090: Total time for which application threads were stopped: 0.0041620 seconds, Stopping threads took: 0.0001120 seconds
56.120: Application time: 0.0296270 seconds
56.120: [GC [PSYoungGen: 102960K->10928K(107520K)] 132284K->40252K(352256K), 0.0040040 secs] [Times: user=0.03 sys=0.00, real=0.00 secs] 
56.124: Total time for which application threads were stopped: 0.0041480 seconds, Stopping threads took: 0.0000670 seconds
56.165: Application time: 0.0405260 seconds
56.165: [GC [PSYoungGen: 103600K->7984K(107520K)] 132924K->37308K(352256K), 0.0030850 secs] [Times: user=0.02 sys=0.00, real=0.01 secs] 
56.168: Total time for which application threads were stopped: 0.0032540 seconds, Stopping threads took: 0.0000910 seconds
56.202: Application time: 0.0344180 seconds
56.202: [GC [PSYoungGen: 100656K->7920K(107520K)] 129980K->37244K(352256K), 0.0031220 secs] [Times: user=0.02 sys=0.00, real=0.00 secs] 
56.206: Total time for which application threads were stopped: 0.0032750 seconds, Stopping threads took: 0.0000720 seconds
56.240: Application time: 0.0344600 seconds
56.240: [GC [PSYoungGen: 100592K->7968K(107520K)] 129916K->37292K(352256K), 0.0030480 secs] [Times: user=0.02 sys=0.00, real=0.00 secs] 
56.243: Total time for which application threads were stopped: 0.0032310 seconds, Stopping threads took: 0.0001070 seconds
56.268: Application time: 0.0251560 seconds
56.269: [GC [PSYoungGen: 100640K->7808K(107520K)] 129964K->37132K(352256K), 0.0030140 secs] [Times: user=0.02 sys=0.00, real=0.00 secs] 
56.272: Total time for which application threads were stopped: 0.0031780 seconds, Stopping threads took: 0.0000920 seconds
56.297: Application time: 0.0258190 seconds
56.298: [GC [PSYoungGen: 100480K->9584K(107520K)] 129804K->38908K(352256K), 0.0037910 secs] [Times: user=0.02 sys=0.00, real=0.00 secs] 
56.301: Total time for which application threads were stopped: 0.0039500 seconds, Stopping threads took: 0.0000830 seconds
56.331: Application time: 0.0292530 seconds
56.331: [GC [PSYoungGen: 102256K->13616K(107520K)] 131580K->42940K(352256K), 0.0052400 secs] [Times: user=0.04 sys=0.00, real=0.01 secs] 
56.336: Total time for which application threads were stopped: 0.0053980 seconds, Stopping threads took: 0.0000730 seconds
56.362: Application time: 0.0264050 seconds
56.363: [GC [PSYoungGen: 106288K->8032K(107520K)] 135612K->37356K(352256K), 0.0029800 secs] [Times: user=0.02 sys=0.00, real=0.00 secs] 
56.366: Total time for which application threads were stopped: 0.0031430 seconds, Stopping threads took: 0.0000730 seconds
56.406: Application time: 0.0408180 seconds
56.407: [GC [PSYoungGen: 100704K->8688K(107520K)] 130028K->38012K(352256K), 0.0032490 secs] [Times: user=0.02 sys=0.00, real=0.00 secs] 
56.410: Total time for which application threads were stopped: 0.0034110 seconds, Stopping threads took: 0.0000820 seconds
56.443: Application time: 0.0335210 seconds
56.444: [GC [PSYoungGen: 101360K->7808K(107520K)] 130684K->37132K(352256K), 0.0030480 secs] [Times: user=0.02 sys=0.00, real=0.01 secs] 
56.447: Total time for which application threads were stopped: 0.0032250 seconds, Stopping threads took: 0.0000990 seconds
56.481: Application time: 0.0338960 seconds
56.481: [GC [PSYoungGen: 100480K->7952K(107520K)] 129804K->37356K(352256K), 0.0031250 secs] [Times: user=0.02 sys=0.00, real=0.00 secs] 
56.484: Total time for which application threads were stopped: 0.0033070 seconds, Stopping threads took: 0.0001050 seconds
56.514: Application time: 0.0297500 seconds
56.518: [GC [PSYoungGen: 100624K->7984K(107520K)] 130028K->37436K(352256K), 0.0030980 secs] [Times: user=0.02 sys=0.00, real=0.00 secs] 
56.521: Total time for which application threads were stopped: 0.0075080 seconds, Stopping threads took: 0.0043070 seconds
56.544: Application time: 0.0231340 seconds
56.544: [GC [PSYoungGen: 100656K->7648K(107520K)] 130108K->37196K(352256K), 0.0030160 secs] [Times: user=0.01 sys=0.00, real=0.01 secs] 
56.548: Total time for which application threads were stopped: 0.0032960 seconds, Stopping threads took: 0.0002070 seconds
56.580: Application time: 0.0323250 seconds
56.580: [GC [PSYoungGen: 100320K->10112K(107520K)] 129868K->39716K(352256K), 0.0039310 secs] [Times: user=0.03 sys=0.00, real=0.00 secs] 
56.584: Total time for which application threads were stopped: 0.0041340 seconds, Stopping threads took: 0.0001240 seconds
56.609: Application time: 0.0252600 seconds
56.609: [GC [PSYoungGen: 102784K->7872K(107520K)] 132388K->37476K(352256K), 0.0030990 secs] [Times: user=0.01 sys=0.00, real=0.00 secs] 
56.613: Total time for which application threads were stopped: 0.0032490 seconds, Stopping threads took: 0.0000770 seconds
56.647: Application time: 0.0344490 seconds
56.647: [GC [PSYoungGen: 100544K->10288K(107520K)] 130148K->39892K(352256K), 0.0039550 secs] [Times: user=0.03 sys=0.00, real=0.00 secs] 
56.651: Total time for which application threads were stopped: 0.0041270 seconds, Stopping threads took: 0.0000970 seconds
56.688: Application time: 0.0364430 seconds
56.688: [GC [PSYoungGen: 102960K->7456K(107520K)] 132564K->37060K(352256K), 0.0030060 secs] [Times: user=0.02 sys=0.00, real=0.00 secs] 
56.691: Total time for which application threads were stopped: 0.0031780 seconds, Stopping threads took: 0.0000940 seconds
56.725: Application time: 0.0341400 seconds
56.725: [GC [PSYoungGen: 100128K->7680K(107520K)] 129732K->37340K(352256K), 0.0030950 secs] [Times: user=0.02 sys=0.00, real=0.01 secs] 
56.728: Total time for which application threads were stopped: 0.0032760 seconds, Stopping threads took: 0.0001050 seconds
56.761: Application time: 0.0331700 seconds
56.761: [GC [PSYoungGen: 100352K->7872K(107520K)] 130012K->37532K(352256K), 0.0030890 secs] [Times: user=0.02 sys=0.00, real=0.00 secs] 
56.765: Total time for which application threads were stopped: 0.0032240 seconds, Stopping threads took: 0.0000620 seconds
56.790: Application time: 0.0250670 seconds
56.790: [GC [PSYoungGen: 100544K->8128K(107520K)] 130204K->37788K(352256K), 0.0031470 secs] [Times: user=0.02 sys=0.01, real=0.00 secs] 
56.793: Total time for which application threads were stopped: 0.0033480 seconds, Stopping threads took: 0.0001230 seconds
56.821: Application time: 0.0275360 seconds
56.821: [GC [PSYoungGen: 100800K->8432K(107520K)] 130460K->38092K(352256K), 0.0032240 secs] [Times: user=0.02 sys=0.00, real=0.00 secs] 
56.824: Total time for which application threads were stopped: 0.0034210 seconds, Stopping threads took: 0.0001220 seconds
56.851: Application time: 0.0267810 seconds
56.851: [GC [PSYoungGen: 101104K->13696K(107520K)] 130764K->43356K(352256K), 0.0054260 secs] [Times: user=0.04 sys=0.00, real=0.01 secs] 
56.856: Total time for which application threads were stopped: 0.0055990 seconds, Stopping threads took: 0.0000930 seconds
56.886: Application time: 0.0297560 seconds
56.886: [GC [PSYoungGen: 106368K->9744K(107520K)] 136028K->39404K(352256K), 0.0038600 secs] [Times: user=0.03 sys=0.00, real=0.00 secs] 
56.890: Total time for which application threads were stopped: 0.0040020 seconds, Stopping threads took: 0.0000670 seconds
56.930: Application time: 0.0398720 seconds
56.930: [GC [PSYoungGen: 102416K->7952K(107520K)] 132076K->37612K(352256K), 0.0030800 secs] [Times: user=0.02 sys=0.00, real=0.00 secs] 
56.933: Total time for which application threads were stopped: 0.0032230 seconds, Stopping threads took: 0.0000710 seconds
56.968: Application time: 0.0350420 seconds
56.968: [GC [PSYoungGen: 100624K->7808K(107520K)] 130284K->37468K(352256K), 0.0031220 secs] [Times: user=0.01 sys=0.00, real=0.00 secs] 
56.972: Total time for which application threads were stopped: 0.0033050 seconds, Stopping threads took: 0.0001060 seconds
57.007: Application time: 0.0349810 seconds
57.007: [GC [PSYoungGen: 100480K->7776K(107520K)] 130140K->37436K(352256K), 0.0031560 secs] [Times: user=0.01 sys=0.00, real=0.00 secs] 
57.010: Total time for which application threads were stopped: 0.0036360 seconds, Stopping threads took: 0.0003830 seconds
57.037: Application time: 0.0267060 seconds
57.037: [GC [PSYoungGen: 100448K->7984K(107520K)] 130108K->37644K(352256K), 0.0029960 secs] [Times: user=0.02 sys=0.00, real=0.00 secs] 
57.040: Total time for which application threads were stopped: 0.0031740 seconds, Stopping threads took: 0.0000780 seconds
57.066: Application time: 0.0255100 seconds
57.066: [GC [PSYoungGen: 100656K->9648K(107520K)] 130316K->39308K(352256K), 0.0038400 secs] [Times: user=0.03 sys=0.00, real=0.01 secs] 
57.070: Total time for which application threads were stopped: 0.0040010 seconds, Stopping threads took: 0.0000780 seconds
57.097: Application time: 0.0271350 seconds
57.097: [GC [PSYoungGen: 102320K->11328K(107520K)] 131980K->40988K(352256K), 0.0043500 secs] [Times: user=0.03 sys=0.00, real=0.00 secs] 
57.101: Total time for which application threads were stopped: 0.0045250 seconds, Stopping threads took: 0.0000980 seconds
57.128: Application time: 0.0271360 seconds
57.128: [GC [PSYoungGen: 104000K->8672K(107520K)] 133660K->38332K(352256K), 0.0032200 secs] [Times: user=0.03 sys=0.00, real=0.00 secs] 
57.132: Total time for which application threads were stopped: 0.0034020 seconds, Stopping threads took: 0.0000990 seconds
57.170: Application time: 0.0385030 seconds
57.170: [GC [PSYoungGen: 101344K->9984K(107520K)] 131004K->39644K(352256K), 0.0039670 secs] [Times: user=0.01 sys=0.00, real=0.01 secs] 
57.174: Total time for which application threads were stopped: 0.0041320 seconds, Stopping threads took: 0.0000850 seconds
57.209: Application time: 0.0342730 seconds
57.209: [GC [PSYoungGen: 102652K->7728K(107520K)] 132313K->37388K(352256K), 0.0030230 secs] [Times: user=0.02 sys=0.00, real=0.00 secs] 
57.212: Total time for which application threads were stopped: 0.0032110 seconds, Stopping threads took: 0.0001100 seconds
57.247: Application time: 0.0353590 seconds
57.247: [GC [PSYoungGen: 100400K->7904K(107520K)] 130060K->37620K(352256K), 0.0031210 secs] [Times: user=0.02 sys=0.00, real=0.00 secs] 
57.251: Total time for which application threads were stopped: 0.0032810 seconds, Stopping threads took: 0.0000840 seconds
57.280: Application time: 0.0293240 seconds
57.280: [GC [PSYoungGen: 100567K->7952K(107520K)] 130283K->37748K(352256K), 0.0030340 secs] [Times: user=0.02 sys=0.00, real=0.00 secs] 
57.283: Total time for which application threads were stopped: 0.0032220 seconds, Stopping threads took: 0.0001090 seconds
57.308: Application time: 0.0249660 seconds
57.308: [GC [PSYoungGen: 100624K->7664K(107520K)] 130420K->37572K(352256K), 0.0029850 secs] [Times: user=0.02 sys=0.00, real=0.00 secs] 
57.311: Total time for which application threads were stopped: 0.0031560 seconds, Stopping threads took: 0.0001000 seconds
57.340: Application time: 0.0285850 seconds
57.340: [GC [PSYoungGen: 100336K->7648K(107520K)] 130244K->37604K(352256K), 0.0029460 secs] [Times: user=0.02 sys=0.00, real=0.00 secs] 
57.343: Total time for which application threads were stopped: 0.0031260 seconds, Stopping threads took: 0.0001060 seconds
57.368: Application time: 0.0253550 seconds
57.368: [GC [PSYoungGen: 100320K->9488K(107520K)] 130276K->39444K(352256K), 0.0034550 secs] [Times: user=0.02 sys=0.00, real=0.00 secs] 
57.372: Total time for which application threads were stopped: 0.0036050 seconds, Stopping threads took: 0.0000710 seconds
57.406: Application time: 0.0339130 seconds
57.406: [GC [PSYoungGen: 102160K->11632K(107520K)] 132116K->41596K(352256K), 0.0046110 secs] [Times: user=0.03 sys=0.00, real=0.00 secs] 
57.411: Total time for which application threads were stopped: 0.0047980 seconds, Stopping threads took: 0.0001000 seconds
57.447: Application time: 0.0368830 seconds
57.450: [GC [PSYoungGen: 104304K->7616K(107520K)] 134268K->37580K(352256K), 0.0030220 secs] [Times: user=0.01 sys=0.00, real=0.00 secs] 
57.453: Total time for which application threads were stopped: 0.0055410 seconds, Stopping threads took: 0.0024440 seconds
57.489: Application time: 0.0362580 seconds
57.489: [GC [PSYoungGen: 100288K->7584K(107520K)] 130252K->37596K(352256K), 0.0030560 secs] [Times: user=0.02 sys=0.00, real=0.00 secs] 
57.493: Total time for which application threads were stopped: 0.0032380 seconds, Stopping threads took: 0.0001060 seconds
57.525: Application time: 0.0326110 seconds
57.525: [GC [PSYoungGen: 100256K->7712K(107520K)] 130268K->37724K(352256K), 0.0030200 secs] [Times: user=0.02 sys=0.00, real=0.01 secs] 
57.528: Total time for which application threads were stopped: 0.0031620 seconds, Stopping threads took: 0.0000680 seconds
57.554: Application time: 0.0257450 seconds
57.554: [GC [PSYoungGen: 100384K->7840K(107520K)] 130396K->37852K(352256K), 0.0031720 secs] [Times: user=0.02 sys=0.00, real=0.00 secs] 
57.557: Total time for which application threads were stopped: 0.0033450 seconds, Stopping threads took: 0.0000840 seconds
57.583: Application time: 0.0254030 seconds
57.583: [GC [PSYoungGen: 100512K->9728K(107520K)] 130524K->39740K(352256K), 0.0037960 secs] [Times: user=0.03 sys=0.00, real=0.01 secs] 
57.587: Total time for which application threads were stopped: 0.0039580 seconds, Stopping threads took: 0.0000890 seconds
57.612: Application time: 0.0256410 seconds
57.613: [GC [PSYoungGen: 102400K->11888K(107520K)] 132412K->41900K(352256K), 0.0046130 secs] [Times: user=0.03 sys=0.00, real=0.01 secs] 
57.617: Total time for which application threads were stopped: 0.0047730 seconds, Stopping threads took: 0.0000820 seconds
57.648: Application time: 0.0310540 seconds
57.648: [GC [PSYoungGen: 104560K->9984K(107520K)] 134572K->39996K(352256K), 0.0038100 secs] [Times: user=0.03 sys=0.00, real=0.00 secs] 
57.652: Total time for which application threads were stopped: 0.0039770 seconds, Stopping threads took: 0.0000870 seconds
57.690: Application time: 0.0382120 seconds
57.691: [GC [PSYoungGen: 102656K->8432K(107520K)] 132668K->38444K(352256K), 0.0032530 secs] [Times: user=0.02 sys=0.00, real=0.00 secs] 
57.694: Total time for which application threads were stopped: 0.0034040 seconds, Stopping threads took: 0.0000780 seconds
57.730: Application time: 0.0361780 seconds
57.730: [GC [PSYoungGen: 101104K->7952K(107520K)] 131116K->37964K(352256K), 0.0031170 secs] [Times: user=0.02 sys=0.00, real=0.00 secs] 
57.733: Total time for which application threads were stopped: 0.0032910 seconds, Stopping threads took: 0.0001020 seconds
57.767: Application time: 0.0336060 seconds
57.767: [GC [PSYoungGen: 100624K->7968K(107520K)] 130636K->37980K(352256K), 0.0031440 secs] [Times: user=0.02 sys=0.00, real=0.00 secs] 
57.770: Total time for which application threads were stopped: 0.0033250 seconds, Stopping threads took: 0.0001060 seconds
57.798: Application time: 0.0274530 seconds
57.798: [GC [PSYoungGen: 100640K->7968K(107520K)] 130652K->37980K(352256K), 0.0031310 secs] [Times: user=0.01 sys=0.00, real=0.00 secs] 
57.801: Total time for which application threads were stopped: 0.0032850 seconds, Stopping threads took: 0.0000800 seconds
57.828: Application time: 0.0268050 seconds
57.828: [GC [PSYoungGen: 100640K->8320K(107520K)] 130652K->38332K(352256K), 0.0031680 secs] [Times: user=0.02 sys=0.00, real=0.00 secs] 
57.831: Total time for which application threads were stopped: 0.0033340 seconds, Stopping threads took: 0.0000880 seconds
57.856: Application time: 0.0246560 seconds
57.856: [GC [PSYoungGen: 100992K->9168K(107520K)] 131004K->39180K(352256K), 0.0033260 secs] [Times: user=0.02 sys=0.00, real=0.00 secs] 
57.859: Total time for which application threads were stopped: 0.0035120 seconds, Stopping threads took: 0.0001130 seconds
57.891: Application time: 0.0314190 seconds
57.891: [GC [PSYoungGen: 101840K->9888K(107520K)] 131852K->39900K(352256K), 0.0037270 secs] [Times: user=0.02 sys=0.00, real=0.01 secs] 
57.895: Total time for which application threads were stopped: 0.0039130 seconds, Stopping threads took: 0.0001010 seconds
57.929: Application time: 0.0338650 seconds
57.929: [GC [PSYoungGen: 102560K->8288K(107520K)] 132572K->38300K(352256K), 0.0031760 secs] [Times: user=0.02 sys=0.00, real=0.00 secs] 
57.932: Total time for which application threads were stopped: 0.0033270 seconds, Stopping threads took: 0.0000680 seconds
57.969: Application time: 0.0371370 seconds
57.969: [GC [PSYoungGen: 100960K->7904K(107520K)] 130972K->37916K(352256K), 0.0030510 secs] [Times: user=0.02 sys=0.00, real=0.00 secs] 
57.972: Total time for which application threads were stopped: 0.0032300 seconds, Stopping threads took: 0.0000960 seconds
58.007: Application time: 0.0351070 seconds
58.007: [GC [PSYoungGen: 100576K->7808K(107520K)] 130588K->37820K(352256K), 0.0030190 secs] [Times: user=0.02 sys=0.00, real=0.00 secs] 
58.011: Total time for which application threads were stopped: 0.0031760 seconds, Stopping threads took: 0.0000840 seconds
58.040: Application time: 0.0291700 seconds
58.042: [GC [PSYoungGen: 100480K->7680K(107520K)] 130492K->37820K(352256K), 0.0030660 secs] [Times: user=0.02 sys=0.00, real=0.00 secs] 
58.045: Total time for which application threads were stopped: 0.0053990 seconds, Stopping threads took: 0.0022570 seconds
58.073: Application time: 0.0279540 seconds
58.073: [GC [PSYoungGen: 100352K->7968K(107520K)] 130492K->38216K(352256K), 0.0031010 secs] [Times: user=0.02 sys=0.00, real=0.01 secs] 
58.076: Total time for which application threads were stopped: 0.0033090 seconds, Stopping threads took: 0.0001170 seconds
58.101: Application time: 0.0244880 seconds
58.101: [GC [PSYoungGen: 100640K->8336K(107520K)] 130888K->38632K(352256K), 0.0032450 secs] [Times: user=0.02 sys=0.00, real=0.00 secs] 
58.104: Total time for which application threads were stopped: 0.0034180 seconds, Stopping threads took: 0.0000980 seconds
58.130: Application time: 0.0260890 seconds
58.131: [GC [PSYoungGen: 101008K->9600K(107520K)] 131304K->39896K(352256K), 0.0035780 secs] [Times: user=0.03 sys=0.00, real=0.01 secs] 
58.134: Total time for which application threads were stopped: 0.0037700 seconds, Stopping threads took: 0.0001180 seconds
58.169: Application time: 0.0345710 seconds
58.169: [GC [PSYoungGen: 102272K->9968K(107520K)] 132568K->40264K(352256K), 0.0038480 secs] [Times: user=0.02 sys=0.00, real=0.00 secs] 
58.173: Total time for which application threads were stopped: 0.0040190 seconds, Stopping threads took: 0.0000830 seconds
58.209: Application time: 0.0358630 seconds
58.209: [GC [PSYoungGen: 102640K->8112K(107520K)] 132936K->38408K(352256K), 0.0030850 secs] [Times: user=0.02 sys=0.00, real=0.00 secs] 
58.212: Total time for which application threads were stopped: 0.0032560 seconds, Stopping threads took: 0.0000920 seconds
58.249: Application time: 0.0372520 seconds
58.249: [GC [PSYoungGen: 100784K->7680K(107520K)] 131080K->38032K(352256K), 0.0031680 secs] [Times: user=0.02 sys=0.00, real=0.00 secs] 
58.252: Total time for which application threads were stopped: 0.0033240 seconds, Stopping threads took: 0.0000750 seconds
58.283: Application time: 0.0310140 seconds
58.284: [GC [PSYoungGen: 100352K->7728K(107520K)] 130704K->38080K(352256K), 0.0030170 secs] [Times: user=0.03 sys=0.00, real=0.01 secs] 
58.287: Total time for which application threads were stopped: 0.0032020 seconds, Stopping threads took: 0.0001020 seconds
58.315: Application time: 0.0283070 seconds
58.315: [GC [PSYoungGen: 100400K->7856K(107520K)] 130752K->38208K(352256K), 0.0030460 secs] [Times: user=0.02 sys=0.00, real=0.00 secs] 
58.318: Total time for which application threads were stopped: 0.0032290 seconds, Stopping threads took: 0.0000980 seconds
58.342: Application time: 0.0240100 seconds
58.342: [GC [PSYoungGen: 100528K->9248K(107520K)] 130880K->39600K(352256K), 0.0035010 secs] [Times: user=0.03 sys=0.00, real=0.00 secs] 
58.346: Total time for which application threads were stopped: 0.0036620 seconds, Stopping threads took: 0.0000810 seconds
58.370: Application time: 0.0239500 seconds
58.370: [GC [PSYoungGen: 101920K->10016K(107520K)] 132272K->40368K(352256K), 0.0038740 secs] [Times: user=0.03 sys=0.00, real=0.00 secs] 
58.374: Total time for which application threads were stopped: 0.0040700 seconds, Stopping threads took: 0.0001160 seconds
58.409: Application time: 0.0354770 seconds
58.410: [GC [PSYoungGen: 102688K->13584K(107520K)] 133040K->43936K(352256K), 0.0054310 secs] [Times: user=0.03 sys=0.00, real=0.01 secs] 
58.415: Total time for which application threads were stopped: 0.0060770 seconds, Stopping threads took: 0.0005670 seconds
58.448: Application time: 0.0324760 seconds
58.448: [GC [PSYoungGen: 106256K->8016K(107520K)] 136608K->38368K(352256K), 0.0031860 secs] [Times: user=0.02 sys=0.00, real=0.00 secs] 
58.451: Total time for which application threads were stopped: 0.0033440 seconds, Stopping threads took: 0.0000740 seconds
58.490: Application time: 0.0385630 seconds
58.490: [GC [PSYoungGen: 100688K->7792K(107520K)] 131040K->38144K(352256K), 0.0031240 secs] [Times: user=0.01 sys=0.00, real=0.00 secs] 
58.493: Total time for which application threads were stopped: 0.0033000 seconds, Stopping threads took: 0.0001010 seconds
58.527: Application time: 0.0340970 seconds
58.527: [GC [PSYoungGen: 100464K->7872K(107520K)] 130816K->38224K(352256K), 0.0031290 secs] [Times: user=0.02 sys=0.00, real=0.00 secs] 
58.531: Total time for which application threads were stopped: 0.0032800 seconds, Stopping threads took: 0.0000750 seconds
58.559: Application time: 0.0282630 seconds
58.559: [GC [PSYoungGen: 100544K->7760K(107520K)] 130896K->38112K(352256K), 0.0030790 secs] [Times: user=0.02 sys=0.00, real=0.00 secs] 
58.562: Total time for which application threads were stopped: 0.0032550 seconds, Stopping threads took: 0.0000990 seconds
58.590: Application time: 0.0280780 seconds
58.590: [GC [PSYoungGen: 100432K->7856K(107520K)] 130784K->38208K(352256K), 0.0030120 secs] [Times: user=0.02 sys=0.00, real=0.00 secs] 
58.593: Total time for which application threads were stopped: 0.0031790 seconds, Stopping threads took: 0.0000710 seconds
58.616: Application time: 0.0228240 seconds
58.616: [GC [PSYoungGen: 100528K->8144K(107520K)] 130880K->38496K(352256K), 0.0031240 secs] [Times: user=0.02 sys=0.00, real=0.00 secs] 
58.619: Total time for which application threads were stopped: 0.0032820 seconds, Stopping threads took: 0.0000850 seconds
58.652: Application time: 0.0325920 seconds
58.652: [GC [PSYoungGen: 100816K->13056K(107520K)] 131168K->43408K(352256K), 0.0050780 secs] [Times: user=0.03 sys=0.00, real=0.01 secs] 
58.657: Total time for which application threads were stopped: 0.0052300 seconds, Stopping threads took: 0.0000720 seconds
58.689: Application time: 0.0319600 seconds
58.689: [GC [PSYoungGen: 105728K->10000K(107520K)] 136080K->40352K(352256K), 0.0038930 secs] [Times: user=0.02 sys=0.01, real=0.00 secs] 
58.693: Total time for which application threads were stopped: 0.0040630 seconds, Stopping threads took: 0.0000950 seconds
58.733: Application time: 0.0393680 seconds
58.733: [GC [PSYoungGen: 102672K->7760K(107520K)] 133024K->38112K(352256K), 0.0030990 secs] [Times: user=0.02 sys=0.00, real=0.01 secs] 
58.736: Total time for which application threads were stopped: 0.0032710 seconds, Stopping threads took: 0.0000900 seconds
58.770: Application time: 0.0336260 seconds
58.774: [GC [PSYoungGen: 100432K->7808K(107520K)] 130784K->38160K(352256K), 0.0032820 secs] [Times: user=0.02 sys=0.01, real=0.00 secs] 
58.777: Total time for which application threads were stopped: 0.0077780 seconds, Stopping threads took: 0.0044030 seconds
58.809: Application time: 0.0318530 seconds
58.809: [GC [PSYoungGen: 100480K->7920K(107520K)] 130832K->38384K(352256K), 0.0032160 secs] [Times: user=0.02 sys=0.00, real=0.00 secs] 
58.813: Total time for which application threads were stopped: 0.0034070 seconds, Stopping threads took: 0.0001040 seconds
58.839: Application time: 0.0268820 seconds
58.840: [GC [PSYoungGen: 100592K->7856K(107520K)] 131056K->38448K(352256K), 0.0031010 secs] [Times: user=0.02 sys=0.00, real=0.00 secs] 
58.843: Total time for which application threads were stopped: 0.0032540 seconds, Stopping threads took: 0.0000800 seconds
58.865: Application time: 0.0226790 seconds
58.866: [GC [PSYoungGen: 100528K->7872K(107520K)] 131120K->38520K(352256K), 0.0030720 secs] [Times: user=0.02 sys=0.00, real=0.01 secs] 
58.869: Total time for which application threads were stopped: 0.0032260 seconds, Stopping threads took: 0.0000720 seconds
58.896: Application time: 0.0278620 seconds
58.897: [GC [PSYoungGen: 100544K->10960K(107520K)] 131192K->41609K(352256K), 0.0041020 secs] [Times: user=0.03 sys=0.00, real=0.00 secs] 
58.901: Total time for which application threads were stopped: 0.0042350 seconds, Stopping threads took: 0.0000560 seconds
58.935: Application time: 0.0342580 seconds
58.935: [GC [PSYoungGen: 103632K->8304K(107520K)] 134281K->38953K(352256K), 0.0031240 secs] [Times: user=0.02 sys=0.00, real=0.00 secs] 
58.938: Total time for which application threads were stopped: 0.0032990 seconds, Stopping threads took: 0.0000980 seconds
58.973: Application time: 0.0348740 seconds
58.974: [GC [PSYoungGen: 100976K->9616K(107520K)] 131625K->40265K(352256K), 0.0038390 secs] [Times: user=0.02 sys=0.00, real=0.00 secs] 
58.978: Total time for which application threads were stopped: 0.0046630 seconds, Stopping threads took: 0.0007510 seconds
59.017: Application time: 0.0393860 seconds
59.017: [GC [PSYoungGen: 102288K->7776K(107520K)] 132937K->38424K(352256K), 0.0030240 secs] [Times: user=0.02 sys=0.00, real=0.00 secs] 
59.020: Total time for which application threads were stopped: 0.0031840 seconds, Stopping threads took: 0.0000750 seconds
59.050: Application time: 0.0298880 seconds
59.050: [GC [PSYoungGen: 100448K->7648K(107520K)] 131096K->38353K(352256K), 0.0029950 secs] [Times: user=0.02 sys=0.00, real=0.00 secs] 
59.053: Total time for which application threads were stopped: 0.0031470 seconds, Stopping threads took: 0.0000810 seconds
59.085: Application time: 0.0314700 seconds
59.085: [GC [PSYoungGen: 100320K->7920K(107520K)] 131025K->38625K(352256K), 0.0030770 secs] [Times: user=0.02 sys=0.00, real=0.01 secs] 
59.088: Total time for which application threads were stopped: 0.0032590 seconds, Stopping threads took: 0.0001090 seconds
59.111: Application time: 0.0227000 seconds
59.111: [GC [PSYoungGen: 100592K->7856K(107520K)] 131297K->38561K(352256K), 0.0030990 secs] [Times: user=0.03 sys=0.00, real=0.01 secs] 
59.114: Total time for which application threads were stopped: 0.0032690 seconds, Stopping threads took: 0.0000790 seconds
59.138: Application time: 0.0241160 seconds
59.138: [GC [PSYoungGen: 100528K->9824K(107520K)] 131233K->40529K(352256K), 0.0037170 secs] [Times: user=0.02 sys=0.00, real=0.00 secs] 
59.142: Total time for which application threads were stopped: 0.0038920 seconds, Stopping threads took: 0.0000910 seconds
59.176: Application time: 0.0335820 seconds
59.176: [GC [PSYoungGen: 102496K->14320K(107520K)] 133201K->45025K(352256K), 0.0053700 secs] [Times: user=0.03 sys=0.00, real=0.00 secs] 
59.181: Total time for which application threads were stopped: 0.0055440 seconds, Stopping threads took: 0.0000850 seconds
59.214: Application time: 0.0325990 seconds
59.214: [GC [PSYoungGen: 106992K->7968K(107520K)] 137697K->38673K(352256K), 0.0030840 secs] [Times: user=0.02 sys=0.00, real=0.00 secs] 
59.217: Total time for which application threads were stopped: 0.0032410 seconds, Stopping threads took: 0.0000770 seconds
59.257: Application time: 0.0399260 seconds
59.257: [GC [PSYoungGen: 100640K->7984K(107520K)] 131345K->38689K(352256K), 0.0031170 secs] [Times: user=0.02 sys=0.00, real=0.00 secs] 
59.260: Total time for which application threads were stopped: 0.0032820 seconds, Stopping threads took: 0.0000920 seconds
59.293: Application time: 0.0322030 seconds
59.293: [GC [PSYoungGen: 100656K->7904K(107520K)] 131361K->38609K(352256K), 0.0031000 secs] [Times: user=0.02 sys=0.00, real=0.01 secs] 
59.296: Total time for which application threads were stopped: 0.0032890 seconds, Stopping threads took: 0.0001130 seconds
59.327: Application time: 0.0316440 seconds
59.328: [GC [PSYoungGen: 100576K->7936K(107520K)] 131281K->38641K(352256K), 0.0031110 secs] [Times: user=0.02 sys=0.00, real=0.00 secs] 
59.331: Total time for which application threads were stopped: 0.0032900 seconds, Stopping threads took: 0.0001010 seconds
59.355: Application time: 0.0246580 seconds
59.356: [GC [PSYoungGen: 100608K->7760K(107520K)] 131313K->38465K(352256K), 0.0030620 secs] [Times: user=0.02 sys=0.00, real=0.00 secs] 
59.359: Total time for which application threads were stopped: 0.0032420 seconds, Stopping threads took: 0.0001020 seconds
59.381: Application time: 0.0219770 seconds
59.381: [GC [PSYoungGen: 100432K->7952K(107520K)] 131137K->38657K(352256K), 0.0030700 secs] [Times: user=0.02 sys=0.00, real=0.00 secs] 
59.384: Total time for which application threads were stopped: 0.0032380 seconds, Stopping threads took: 0.0000950 seconds
59.417: Application time: 0.0328020 seconds
59.417: [GC [PSYoungGen: 100624K->9488K(107520K)] 131329K->40192K(352256K), 0.0034270 secs] [Times: user=0.02 sys=0.00, real=0.00 secs] 
59.420: Total time for which application threads were stopped: 0.0035860 seconds, Stopping threads took: 0.0000820 seconds
59.451: Application time: 0.0306270 seconds
59.451: [GC [PSYoungGen: 102160K->9872K(107520K)] 132864K->40577K(352256K), 0.0038440 secs] [Times: user=0.02 sys=0.00, real=0.01 secs] 
59.455: Total time for which application threads were stopped: 0.0039930 seconds, Stopping threads took: 0.0000710 seconds
59.494: Application time: 0.0385800 seconds
59.494: [GC [PSYoungGen: 102544K->8240K(107520K)] 133249K->38945K(352256K), 0.0032280 secs] [Times: user=0.02 sys=0.00, real=0.01 secs] 
59.497: Total time for which application threads were stopped: 0.0033860 seconds, Stopping threads took: 0.0000820 seconds
59.532: Application time: 0.0352150 seconds
59.532: [GC [PSYoungGen: 100912K->7872K(107520K)] 131617K->38577K(352256K), 0.0031190 secs] [Times: user=0.02 sys=0.00, real=0.01 secs] 
59.535: Total time for which application threads were stopped: 0.0032810 seconds, Stopping threads took: 0.0000900 seconds
59.566: Application time: 0.0305550 seconds
59.566: [GC [PSYoungGen: 100544K->7696K(107520K)] 131249K->38489K(352256K), 0.0030470 secs] [Times: user=0.02 sys=0.00, real=0.00 secs] 
59.569: Total time for which application threads were stopped: 0.0032130 seconds, Stopping threads took: 0.0000920 seconds
59.598: Application time: 0.0290650 seconds
59.598: [GC [PSYoungGen: 100368K->7824K(107520K)] 131161K->38761K(352256K), 0.0031200 secs] [Times: user=0.02 sys=0.00, real=0.00 secs] 
59.602: Total time for which application threads were stopped: 0.0032890 seconds, Stopping threads took: 0.0000950 seconds
59.624: Application time: 0.0226300 seconds
59.624: [GC [PSYoungGen: 100496K->7840K(107520K)] 131433K->38777K(352256K), 0.0030770 secs] [Times: user=0.01 sys=0.00, real=0.01 secs] 
59.627: Total time for which application threads were stopped: 0.0032250 seconds, Stopping threads took: 0.0000590 seconds
59.654: Application time: 0.0262100 seconds
59.654: [GC [PSYoungGen: 100512K->10944K(107520K)] 131449K->41937K(352256K), 0.0041950 secs] [Times: user=0.03 sys=0.00, real=0.01 secs] 
59.658: Total time for which application threads were stopped: 0.0043670 seconds, Stopping threads took: 0.0000860 seconds
59.691: Application time: 0.0329680 seconds
59.691: [GC [PSYoungGen: 103616K->9120K(107520K)] 134609K->40113K(352256K), 0.0033560 secs] [Times: user=0.02 sys=0.00, real=0.01 secs] 
59.694: Total time for which application threads were stopped: 0.0035070 seconds, Stopping threads took: 0.0000660 seconds
59.728: Application time: 0.0339540 seconds
59.729: [GC [PSYoungGen: 101792K->9408K(107520K)] 132785K->40409K(352256K), 0.0037220 secs] [Times: user=0.03 sys=0.00, real=0.00 secs] 
59.732: Total time for which application threads were stopped: 0.0038760 seconds, Stopping threads took: 0.0000760 seconds
59.772: Application time: 0.0397860 seconds
59.774: [GC [PSYoungGen: 102080K->7792K(107520K)] 133081K->38793K(352256K), 0.0030330 secs] [Times: user=0.02 sys=0.00, real=0.00 secs] 
59.777: Total time for which application threads were stopped: 0.0049770 seconds, Stopping threads took: 0.0018690 seconds
59.809: Application time: 0.0316520 seconds
59.809: [GC [PSYoungGen: 100464K->7600K(107520K)] 131465K->38649K(352256K), 0.0030870 secs] [Times: user=0.02 sys=0.00, real=0.00 secs] 
59.812: Total time for which application threads were stopped: 0.0032830 seconds, Stopping threads took: 0.0001150 seconds
59.843: Application time: 0.0307920 seconds
59.846: [GC [PSYoungGen: 100272K->7888K(107520K)] 131321K->38937K(352256K), 0.0032570 secs] [Times: user=0.01 sys=0.00, real=0.00 secs] 
59.849: Total time for which application threads were stopped: 0.0064950 seconds, Stopping threads took: 0.0031640 seconds
59.872: Application time: 0.0229740 seconds
59.872: [GC [PSYoungGen: 100560K->7808K(107520K)] 131609K->38857K(352256K), 0.0030610 secs] [Times: user=0.02 sys=0.00, real=0.01 secs] 
59.876: Total time for which application threads were stopped: 0.0032610 seconds, Stopping threads took: 0.0001260 seconds
59.900: Application time: 0.0244330 seconds
59.900: [GC [PSYoungGen: 100480K->8512K(107520K)] 131529K->39561K(352256K), 0.0031960 secs] [Times: user=0.02 sys=0.00, real=0.00 secs] 
59.903: Total time for which application threads were stopped: 0.0033710 seconds, Stopping threads took: 0.0000970 seconds
59.937: Application time: 0.0332710 seconds
59.937: [GC [PSYoungGen: 101184K->13200K(107520K)] 132233K->44249K(352256K), 0.0053730 secs] [Times: user=0.04 sys=0.00, real=0.00 secs] 
59.942: Total time for which application threads were stopped: 0.0055190 seconds, Stopping threads took: 0.0000670 seconds
59.972: Application time: 0.0303330 seconds
59.973: [GC [PSYoungGen: 105872K->9648K(107520K)] 136921K->40697K(352256K), 0.0038020 secs] [Times: user=0.03 sys=0.00, real=0.01 secs] 
59.976: Total time for which application threads were stopped: 0.0039750 seconds, Stopping threads took: 0.0000930 seconds
60.018: Application time: 0.0416120 seconds
60.021: [GC [PSYoungGen: 102320K->7984K(107520K)] 133369K->39033K(352256K), 0.0029920 secs] [Times: user=0.02 sys=0.00, real=0.00 secs] 
60.024: Total time for which application threads were stopped: 0.0059480 seconds, Stopping threads took: 0.0028730 seconds
60.057: Application time: 0.0329520 seconds
60.057: [GC [PSYoungGen: 100656K->7840K(107520K)] 131705K->38889K(352256K), 0.0032380 secs] [Times: user=0.02 sys=0.00, real=0.00 secs] 
60.060: Total time for which application threads were stopped: 0.0034310 seconds, Stopping threads took: 0.0001050 seconds
60.092: Application time: 0.0320240 seconds
60.093: [GC [PSYoungGen: 100512K->7984K(107520K)] 131561K->39033K(352256K), 0.0031320 secs] [Times: user=0.03 sys=0.00, real=0.01 secs] 
60.096: Total time for which application threads were stopped: 0.0032950 seconds, Stopping threads took: 0.0000860 seconds
60.121: Application time: 0.0256830 seconds
60.122: [GC [PSYoungGen: 100656K->8048K(107520K)] 131705K->39097K(352256K), 0.0031900 secs] [Times: user=0.02 sys=0.00, real=0.00 secs] 
60.125: Total time for which application threads were stopped: 0.0033760 seconds, Stopping threads took: 0.0001110 seconds
60.147: Application time: 0.0225950 seconds
60.148: [GC [PSYoungGen: 100720K->7920K(107520K)] 131769K->38969K(352256K), 0.0030580 secs] [Times: user=0.02 sys=0.00, real=0.00 secs] 
60.151: Total time for which application threads were stopped: 0.0032590 seconds, Stopping threads took: 0.0001070 seconds
60.182: Application time: 0.0316730 seconds
60.182: [GC [PSYoungGen: 100592K->8960K(107520K)] 131641K->40009K(352256K), 0.0032780 secs] [Times: user=0.02 sys=0.00, real=0.00 secs] 
60.186: Total time for which application threads were stopped: 0.0034480 seconds, Stopping threads took: 0.0000960 seconds
60.216: Application time: 0.0304540 seconds
60.216: [GC [PSYoungGen: 101632K->7904K(107520K)] 132681K->38953K(352256K), 0.0030090 secs] [Times: user=0.02 sys=0.00, real=0.00 secs] 
60.219: Total time for which application threads were stopped: 0.0031500 seconds, Stopping threads took: 0.0000700 seconds
60.256: Application time: 0.0366890 seconds
60.256: [GC [PSYoungGen: 100576K->9600K(107520K)] 131625K->40649K(352256K), 0.0038480 secs] [Times: user=0.02 sys=0.00, real=0.00 secs] 
60.260: Total time for which application threads were stopped: 0.0040070 seconds, Stopping threads took: 0.0000810 seconds
60.296: Application time: 0.0361310 seconds
60.298: [GC [PSYoungGen: 102272K->7664K(107520K)] 133321K->38713K(352256K), 0.0030010 secs] [Times: user=0.02 sys=0.00, real=0.00 secs] 
60.301: Total time for which application threads were stopped: 0.0047820 seconds, Stopping threads took: 0.0017080 seconds
60.332: Application time: 0.0310410 seconds
60.332: [GC [PSYoungGen: 100336K->7840K(107520K)] 131385K->38977K(352256K), 0.0031490 secs] [Times: user=0.02 sys=0.00, real=0.01 secs] 
60.335: Total time for which application threads were stopped: 0.0033210 seconds, Stopping threads took: 0.0000990 seconds
60.365: Application time: 0.0301100 seconds
60.366: [GC [PSYoungGen: 100512K->7616K(107520K)] 131649K->38877K(352256K), 0.0030310 secs] [Times: user=0.02 sys=0.00, real=0.01 secs] 
60.369: Total time for which application threads were stopped: 0.0031660 seconds, Stopping threads took: 0.0000630 seconds
60.392: Application time: 0.0232600 seconds
60.392: [GC [PSYoungGen: 100288K->7664K(107520K)] 131549K->38973K(352256K), 0.0030390 secs] [Times: user=0.02 sys=0.00, real=0.01 secs] 
60.395: Total time for which application threads were stopped: 0.0031940 seconds, Stopping threads took: 0.0000800 seconds
60.421: Application time: 0.0257390 seconds
60.421: [GC [PSYoungGen: 100336K->12320K(107520K)] 131645K->43677K(352256K), 0.0048160 secs] [Times: user=0.03 sys=0.00, real=0.00 secs] 
60.426: Total time for which application threads were stopped: 0.0049820 seconds, Stopping threads took: 0.0000870 seconds
60.458: Application time: 0.0322130 seconds
60.458: [GC [PSYoungGen: 104992K->10640K(107520K)] 136349K->41997K(352256K), 0.0039530 secs] [Times: user=0.03 sys=0.00, real=0.00 secs] 
60.462: Total time for which application threads were stopped: 0.0041140 seconds, Stopping threads took: 0.0000800 seconds
60.495: Application time: 0.0329570 seconds
60.495: [GC [PSYoungGen: 103312K->7936K(107520K)] 134669K->39301K(352256K), 0.0030720 secs] [Times: user=0.02 sys=0.00, real=0.00 secs] 
60.498: Total time for which application threads were stopped: 0.0032340 seconds, Stopping threads took: 0.0000910 seconds
60.538: Application time: 0.0399270 seconds
60.538: [GC [PSYoungGen: 100608K->7584K(107520K)] 131973K->38949K(352256K), 0.0030200 secs] [Times: user=0.02 sys=0.00, real=0.00 secs] 
60.541: Total time for which application threads were stopped: 0.0031740 seconds, Stopping threads took: 0.0000780 seconds
60.574: Application time: 0.0323010 seconds
60.574: [GC [PSYoungGen: 100256K->7664K(107520K)] 131621K->39085K(352256K), 0.0029900 secs] [Times: user=0.02 sys=0.00, real=0.00 secs] 
60.577: Total time for which application threads were stopped: 0.0031830 seconds, Stopping threads took: 0.0001190 seconds
60.608: Application time: 0.0315270 seconds
60.609: [GC [PSYoungGen: 100336K->7840K(107520K)] 131757K->39261K(352256K), 0.0030980 secs] [Times: user=0.02 sys=0.00, real=0.00 secs] 
60.612: Total time for which application threads were stopped: 0.0032490 seconds, Stopping threads took: 0.0000760 seconds
60.635: Application time: 0.0234010 seconds
60.635: [GC [PSYoungGen: 100512K->7712K(107520K)] 131933K->39133K(352256K), 0.0030810 secs] [Times: user=0.01 sys=0.01, real=0.00 secs] 
60.638: Total time for which application threads were stopped: 0.0032290 seconds, Stopping threads took: 0.0000750 seconds
60.661: Application time: 0.0230420 seconds
60.666: [GC [PSYoungGen: 100384K->7728K(107520K)] 131805K->39149K(352256K), 0.0031210 secs] [Times: user=0.02 sys=0.00, real=0.00 secs] 
60.669: Total time for which application threads were stopped: 0.0077350 seconds, Stopping threads took: 0.0045240 seconds
60.702: Application time: 0.0325620 seconds
60.706: [GC [PSYoungGen: 100400K->11888K(107520K)] 131821K->43309K(352256K), 0.0046760 secs] [Times: user=0.03 sys=0.00, real=0.00 secs] 
60.711: Total time for which application threads were stopped: 0.0089680 seconds, Stopping threads took: 0.0042150 seconds
60.741: Application time: 0.0306740 seconds
60.741: [GC [PSYoungGen: 104560K->9344K(107520K)] 135981K->40765K(352256K), 0.0034640 secs] [Times: user=0.03 sys=0.00, real=0.00 secs] 
60.745: Total time for which application threads were stopped: 0.0036200 seconds, Stopping threads took: 0.0000790 seconds
60.784: Application time: 0.0394940 seconds
60.785: [GC [PSYoungGen: 102016K->8304K(107520K)] 133437K->39725K(352256K), 0.0032030 secs] [Times: user=0.03 sys=0.00, real=0.01 secs] 
60.788: Total time for which application threads were stopped: 0.0033910 seconds, Stopping threads took: 0.0001130 seconds
60.821: Application time: 0.0336360 seconds
60.822: [GC [PSYoungGen: 100976K->7664K(107520K)] 132397K->39085K(352256K), 0.0030310 secs] [Times: user=0.02 sys=0.00, real=0.00 secs] 
60.825: Total time for which application threads were stopped: 0.0032030 seconds, Stopping threads took: 0.0000990 seconds
60.856: Application time: 0.0317780 seconds
60.857: [GC [PSYoungGen: 100336K->8016K(107520K)] 131757K->39437K(352256K), 0.0031840 secs] [Times: user=0.02 sys=0.00, real=0.00 secs] 
60.860: Total time for which application threads were stopped: 0.0033470 seconds, Stopping threads took: 0.0000890 seconds
60.887: Application time: 0.0276290 seconds
60.890: [GC [PSYoungGen: 100688K->7888K(107520K)] 132109K->39309K(352256K), 0.0030170 secs] [Times: user=0.02 sys=0.00, real=0.00 secs] 
60.893: Total time for which application threads were stopped: 0.0055410 seconds, Stopping threads took: 0.0024470 seconds
60.915: Application time: 0.0221390 seconds
60.915: [GC [PSYoungGen: 100560K->8080K(107520K)] 131981K->39501K(352256K), 0.0030900 secs] [Times: user=0.01 sys=0.00, real=0.00 secs] 
60.918: Total time for which application threads were stopped: 0.0032570 seconds, Stopping threads took: 0.0000930 seconds
60.948: Application time: 0.0293030 seconds
60.948: [GC [PSYoungGen: 100752K->10336K(107520K)] 132173K->41757K(352256K), 0.0039380 secs] [Times: user=0.02 sys=0.00, real=0.00 secs] 
60.952: Total time for which application threads were stopped: 0.0040890 seconds, Stopping threads took: 0.0000740 seconds
60.983: Application time: 0.0312210 seconds
60.983: [GC [PSYoungGen: 103008K->8496K(107520K)] 134429K->39917K(352256K), 0.0032400 secs] [Times: user=0.02 sys=0.00, real=0.01 secs] 
60.986: Total time for which application threads were stopped: 0.0034020 seconds, Stopping threads took: 0.0000760 seconds
61.022: Application time: 0.0354190 seconds
61.022: [GC [PSYoungGen: 101168K->9888K(107520K)] 132589K->41309K(352256K), 0.0038110 secs] [Times: user=0.02 sys=0.00, real=0.00 secs] 
61.026: Total time for which application threads were stopped: 0.0040190 seconds, Stopping threads took: 0.0001130 seconds
61.065: Application time: 0.0390510 seconds
61.065: [GC [PSYoungGen: 102560K->7872K(107520K)] 133981K->39293K(352256K), 0.0029590 secs] [Times: user=0.02 sys=0.00, real=0.01 secs] 
61.068: Total time for which application threads were stopped: 0.0031580 seconds, Stopping threads took: 0.0001130 seconds
61.098: Application time: 0.0302960 seconds
61.098: [GC [PSYoungGen: 100544K->7728K(107520K)] 131965K->39237K(352256K), 0.0029890 secs] [Times: user=0.02 sys=0.00, real=0.00 secs] 
61.102: Total time for which application threads were stopped: 0.0031370 seconds, Stopping threads took: 0.0000640 seconds
61.134: Application time: 0.0321870 seconds
61.134: [GC [PSYoungGen: 100400K->7808K(107520K)] 131909K->39441K(352256K), 0.0030900 secs] [Times: user=0.02 sys=0.01, real=0.01 secs] 
61.137: Total time for which application threads were stopped: 0.0032370 seconds, Stopping threads took: 0.0000740 seconds
61.159: Application time: 0.0223870 seconds
61.159: [GC [PSYoungGen: 100480K->7552K(107520K)] 132113K->39241K(352256K), 0.0030530 secs] [Times: user=0.02 sys=0.00, real=0.00 secs] 
61.163: Total time for which application threads were stopped: 0.0032250 seconds, Stopping threads took: 0.0000970 seconds
61.187: Application time: 0.0242410 seconds
61.187: [GC [PSYoungGen: 100224K->9776K(107520K)] 131913K->41521K(352256K), 0.0037950 secs] [Times: user=0.03 sys=0.00, real=0.00 secs] 
61.191: Total time for which application threads were stopped: 0.0039600 seconds, Stopping threads took: 0.0000620 seconds
61.224: Application time: 0.0335440 seconds
61.224: [GC [PSYoungGen: 102448K->10496K(107520K)] 134193K->42241K(352256K), 0.0038270 secs] [Times: user=0.02 sys=0.00, real=0.01 secs] 
61.228: Total time for which application threads were stopped: 0.0040070 seconds, Stopping threads took: 0.0000920 seconds
61.259: Application time: 0.0305010 seconds
61.259: [GC [PSYoungGen: 103168K->9888K(107520K)] 134913K->41641K(352256K), 0.0038440 secs] [Times: user=0.03 sys=0.00, real=0.00 secs] 
61.263: Total time for which application threads were stopped: 0.0040180 seconds, Stopping threads took: 0.0000880 seconds
61.304: Application time: 0.0406580 seconds
61.304: [GC [PSYoungGen: 102560K->7632K(107520K)] 134313K->39385K(352256K), 0.0030510 secs] [Times: user=0.02 sys=0.00, real=0.01 secs] 
61.307: Total time for which application threads were stopped: 0.0032250 seconds, Stopping threads took: 0.0000930 seconds
61.339: Application time: 0.0321190 seconds
61.342: [GC [PSYoungGen: 100304K->7584K(107520K)] 132057K->39393K(352256K), 0.0030110 secs] [Times: user=0.02 sys=0.00, real=0.00 secs] 
61.345: Total time for which application threads were stopped: 0.0061490 seconds, Stopping threads took: 0.0030670 seconds
61.377: Application time: 0.0324860 seconds
61.378: [GC [PSYoungGen: 100256K->7792K(107520K)] 132065K->39601K(352256K), 0.0030680 secs] [Times: user=0.02 sys=0.00, real=0.00 secs] 
61.381: Total time for which application threads were stopped: 0.0032540 seconds, Stopping threads took: 0.0001090 seconds
61.406: Application time: 0.0247840 seconds
61.406: [GC [PSYoungGen: 100464K->7856K(107520K)] 132273K->39665K(352256K), 0.0030550 secs] [Times: user=0.02 sys=0.00, real=0.01 secs] 
61.409: Total time for which application threads were stopped: 0.0032130 seconds, Stopping threads took: 0.0000820 seconds
61.432: Application time: 0.0227570 seconds
61.432: [GC [PSYoungGen: 100528K->7856K(107520K)] 132337K->39665K(352256K), 0.0030030 secs] [Times: user=0.02 sys=0.00, real=0.01 secs] 
61.435: Total time for which application threads were stopped: 0.0031860 seconds, Stopping threads took: 0.0001080 seconds
61.466: Application time: 0.0315340 seconds
61.466: [GC [PSYoungGen: 100528K->11120K(107520K)] 132337K->42929K(352256K), 0.0040630 secs] [Times: user=0.02 sys=0.00, real=0.00 secs] 
61.470: Total time for which application threads were stopped: 0.0042290 seconds, Stopping threads took: 0.0000920 seconds
61.502: Application time: 0.0313290 seconds
61.502: [GC [PSYoungGen: 103792K->8192K(107520K)] 135601K->40001K(352256K), 0.0031500 secs] [Times: user=0.02 sys=0.00, real=0.00 secs] 
61.505: Total time for which application threads were stopped: 0.0033170 seconds, Stopping threads took: 0.0000920 seconds
61.544: Application time: 0.0386100 seconds
61.544: [GC [PSYoungGen: 100864K->8240K(107520K)] 132673K->40049K(352256K), 0.0032490 secs] [Times: user=0.02 sys=0.00, real=0.01 secs] 
61.547: Total time for which application threads were stopped: 0.0034250 seconds, Stopping threads took: 0.0000990 seconds
61.584: Application time: 0.0363630 seconds
61.584: [GC [PSYoungGen: 100912K->8128K(107520K)] 132721K->39937K(352256K), 0.0031590 secs] [Times: user=0.02 sys=0.00, real=0.01 secs] 
61.587: Total time for which application threads were stopped: 0.0033060 seconds, Stopping threads took: 0.0000700 seconds
61.618: Application time: 0.0307280 seconds
61.618: [GC [PSYoungGen: 100800K->7888K(107520K)] 132609K->39697K(352256K), 0.0030770 secs] [Times: user=0.02 sys=0.00, real=0.00 secs] 
61.621: Total time for which application threads were stopped: 0.0032440 seconds, Stopping threads took: 0.0000950 seconds
61.651: Application time: 0.0297350 seconds
61.651: [GC [PSYoungGen: 100560K->7984K(107520K)] 132369K->39793K(352256K), 0.0031650 secs] [Times: user=0.01 sys=0.00, real=0.00 secs] 
61.654: Total time for which application threads were stopped: 0.0033250 seconds, Stopping threads took: 0.0000750 seconds
61.676: Application time: 0.0217250 seconds
61.676: [GC [PSYoungGen: 100656K->8048K(107520K)] 132465K->39857K(352256K), 0.0030990 secs] [Times: user=0.02 sys=0.00, real=0.00 secs] 
61.679: Total time for which application threads were stopped: 0.0032710 seconds, Stopping threads took: 0.0001000 seconds
61.706: Application time: 0.0266560 seconds
61.706: [GC [PSYoungGen: 100720K->11760K(107520K)] 132529K->43569K(352256K), 0.0046280 secs] [Times: user=0.03 sys=0.01, real=0.01 secs] 
61.710: Total time for which application threads were stopped: 0.0048180 seconds, Stopping threads took: 0.0000890 seconds
61.744: Application time: 0.0337270 seconds
61.744: [GC [PSYoungGen: 104432K->10544K(107520K)] 136241K->42353K(352256K), 0.0039610 secs] [Times: user=0.03 sys=0.00, real=0.01 secs] 
61.748: Total time for which application threads were stopped: 0.0041090 seconds, Stopping threads took: 0.0000690 seconds
61.782: Application time: 0.0339860 seconds
61.782: [GC [PSYoungGen: 103216K->8224K(107520K)] 135025K->40033K(352256K), 0.0031640 secs] [Times: user=0.02 sys=0.00, real=0.00 secs] 
61.786: Total time for which application threads were stopped: 0.0033390 seconds, Stopping threads took: 0.0001010 seconds
61.825: Application time: 0.0393370 seconds
61.825: [GC [PSYoungGen: 100896K->7856K(107520K)] 132705K->39665K(352256K), 0.0030440 secs] [Times: user=0.02 sys=0.00, real=0.01 secs] 
61.828: Total time for which application threads were stopped: 0.0032240 seconds, Stopping threads took: 0.0001050 seconds
61.859: Application time: 0.0305980 seconds
61.859: [GC [PSYoungGen: 100528K->7840K(107520K)] 132337K->39697K(352256K), 0.0031450 secs] [Times: user=0.02 sys=0.00, real=0.00 secs] 
61.862: Total time for which application threads were stopped: 0.0033010 seconds, Stopping threads took: 0.0000840 seconds
61.895: Application time: 0.0329100 seconds
61.895: [GC [PSYoungGen: 100512K->7600K(107520K)] 132369K->39610K(352256K), 0.0030570 secs] [Times: user=0.02 sys=0.00, real=0.00 secs] 
61.898: Total time for which application threads were stopped: 0.0032210 seconds, Stopping threads took: 0.0000920 seconds
61.922: Application time: 0.0236410 seconds
61.922: [GC [PSYoungGen: 100272K->7664K(107520K)] 132282K->39722K(352256K), 0.0029870 secs] [Times: user=0.02 sys=0.00, real=0.00 secs] 
61.925: Total time for which application threads were stopped: 0.0031670 seconds, Stopping threads took: 0.0001040 seconds
61.947: Application time: 0.0223640 seconds
61.947: [GC [PSYoungGen: 100336K->7824K(107520K)] 132394K->39938K(352256K), 0.0029830 secs] [Times: user=0.02 sys=0.00, real=0.00 secs] 
61.950: Total time for which application threads were stopped: 0.0031400 seconds, Stopping threads took: 0.0000880 seconds
61.985: Application time: 0.0350190 seconds
61.986: [GC [PSYoungGen: 100496K->12128K(107520K)] 132610K->44242K(352256K), 0.0046270 secs] [Times: user=0.03 sys=0.00, real=0.01 secs] 
61.990: Total time for which application threads were stopped: 0.0047720 seconds, Stopping threads took: 0.0000680 seconds
62.021: Application time: 0.0305450 seconds
62.022: [GC [PSYoungGen: 104800K->9744K(107520K)] 136914K->41866K(352256K), 0.0038390 secs] [Times: user=0.03 sys=0.00, real=0.00 secs] 
62.026: Total time for which application threads were stopped: 0.0050290 seconds, Stopping threads took: 0.0011110 seconds
62.066: Application time: 0.0405400 seconds
62.067: [GC [PSYoungGen: 102416K->7696K(107520K)] 134538K->39818K(352256K), 0.0030970 secs] [Times: user=0.02 sys=0.00, real=0.00 secs] 
62.070: Total time for which application threads were stopped: 0.0032870 seconds, Stopping threads took: 0.0001160 seconds
62.103: Application time: 0.0335580 seconds
62.103: [GC [PSYoungGen: 100368K->7696K(107520K)] 132490K->39818K(352256K), 0.0029950 secs] [Times: user=0.02 sys=0.00, real=0.01 secs] 
62.106: Total time for which application threads were stopped: 0.0031750 seconds, Stopping threads took: 0.0001090 seconds
62.138: Application time: 0.0318510 seconds
62.138: [GC [PSYoungGen: 100368K->7744K(107520K)] 132490K->39914K(352256K), 0.0031010 secs] [Times: user=0.02 sys=0.00, real=0.00 secs] 
62.142: Total time for which application threads were stopped: 0.0032560 seconds, Stopping threads took: 0.0000760 seconds
62.169: Application time: 0.0270270 seconds
62.170: [GC [PSYoungGen: 100416K->7824K(107520K)] 132586K->39994K(352256K), 0.0030630 secs] [Times: user=0.02 sys=0.00, real=0.00 secs] 
62.173: Total time for which application threads were stopped: 0.0045660 seconds, Stopping threads took: 0.0014290 seconds
62.195: Application time: 0.0215210 seconds
62.195: [GC [PSYoungGen: 100496K->7936K(107520K)] 132666K->40106K(352256K), 0.0031360 secs] [Times: user=0.02 sys=0.00, real=0.00 secs] 
62.198: Total time for which application threads were stopped: 0.0033050 seconds, Stopping threads took: 0.0000930 seconds
62.226: Application time: 0.0283170 seconds
62.226: [GC [PSYoungGen: 100608K->13568K(107520K)] 132778K->45738K(352256K), 0.0053150 secs] [Times: user=0.03 sys=0.00, real=0.00 secs] 
62.232: Total time for which application threads were stopped: 0.0054790 seconds, Stopping threads took: 0.0000680 seconds
62.266: Application time: 0.0342090 seconds
62.266: [GC [PSYoungGen: 106240K->9296K(107520K)] 138410K->41466K(352256K), 0.0035380 secs] [Times: user=0.02 sys=0.00, real=0.00 secs] 
62.270: Total time for which application threads were stopped: 0.0037190 seconds, Stopping threads took: 0.0000960 seconds
62.304: Application time: 0.0346460 seconds
62.304: [GC [PSYoungGen: 101968K->9568K(107520K)] 134138K->41738K(352256K), 0.0037660 secs] [Times: user=0.02 sys=0.00, real=0.01 secs] 
62.308: Total time for which application threads were stopped: 0.0039430 seconds, Stopping threads took: 0.0000910 seconds
62.348: Application time: 0.0400230 seconds
62.348: [GC [PSYoungGen: 102240K->7776K(107520K)] 134410K->39946K(352256K), 0.0030740 secs] [Times: user=0.02 sys=0.00, real=0.00 secs] 
62.352: Total time for which application threads were stopped: 0.0032280 seconds, Stopping threads took: 0.0000690 seconds
62.380: Application time: 0.0287880 seconds
62.380: [GC [PSYoungGen: 100448K->7760K(107520K)] 132618K->39930K(352256K), 0.0030700 secs] [Times: user=0.02 sys=0.00, real=0.00 secs] 
62.384: Total time for which application threads were stopped: 0.0032390 seconds, Stopping threads took: 0.0000990 seconds
62.416: Application time: 0.0322930 seconds
62.416: [GC [PSYoungGen: 100432K->7872K(107520K)] 132602K->40042K(352256K), 0.0031520 secs] [Times: user=0.02 sys=0.00, real=0.00 secs] 
62.419: Total time for which application threads were stopped: 0.0033260 seconds, Stopping threads took: 0.0000990 seconds
62.441: Application time: 0.0218610 seconds
62.441: [GC [PSYoungGen: 100544K->7920K(107520K)] 132714K->40090K(352256K), 0.0030800 secs] [Times: user=0.02 sys=0.00, real=0.00 secs] 
62.444: Total time for which application threads were stopped: 0.0032390 seconds, Stopping threads took: 0.0000820 seconds
62.469: Application time: 0.0247660 seconds
62.469: [GC [PSYoungGen: 100592K->7840K(107520K)] 132762K->40010K(352256K), 0.0030020 secs] [Times: user=0.02 sys=0.00, real=0.00 secs] 
62.472: Total time for which application threads were stopped: 0.0031480 seconds, Stopping threads took: 0.0000710 seconds
62.508: Application time: 0.0359630 seconds
62.508: [GC [PSYoungGen: 100512K->9280K(107520K)] 132682K->41450K(352256K), 0.0033870 secs] [Times: user=0.02 sys=0.00, real=0.00 secs] 
62.512: Total time for which application threads were stopped: 0.0035430 seconds, Stopping threads took: 0.0000730 seconds
62.541: Application time: 0.0297630 seconds
62.542: [GC [PSYoungGen: 101952K->8080K(107520K)] 134122K->40250K(352256K), 0.0030870 secs] [Times: user=0.02 sys=0.00, real=0.00 secs] 
62.545: Total time for which application threads were stopped: 0.0032840 seconds, Stopping threads took: 0.0001120 seconds
62.586: Application time: 0.0416040 seconds
62.587: [GC [PSYoungGen: 100752K->7952K(107520K)] 132922K->40122K(352256K), 0.0030830 secs] [Times: user=0.02 sys=0.00, real=0.00 secs] 
62.590: Total time for which application threads were stopped: 0.0032590 seconds, Stopping threads took: 0.0000930 seconds
62.620: Application time: 0.0305150 seconds
62.620: [GC [PSYoungGen: 100624K->7824K(107520K)] 132794K->39994K(352256K), 0.0030920 secs] [Times: user=0.02 sys=0.00, real=0.00 secs] 
62.623: Total time for which application threads were stopped: 0.0032480 seconds, Stopping threads took: 0.0000760 seconds
62.656: Application time: 0.0327140 seconds
62.656: [GC [PSYoungGen: 100496K->7680K(107520K)] 132666K->40022K(352256K), 0.0030720 secs] [Times: user=0.02 sys=0.00, real=0.00 secs] 
62.659: Total time for which application threads were stopped: 0.0032210 seconds, Stopping threads took: 0.0000770 seconds
62.684: Application time: 0.0246620 seconds
62.684: [GC [PSYoungGen: 100352K->7904K(107520K)] 132694K->40294K(352256K), 0.0030680 secs] [Times: user=0.02 sys=0.00, real=0.01 secs] 
62.687: Total time for which application threads were stopped: 0.0032310 seconds, Stopping threads took: 0.0000880 seconds
62.709: Application time: 0.0215870 seconds
62.709: [GC [PSYoungGen: 100576K->7856K(107520K)] 132966K->40254K(352256K), 0.0030020 secs] [Times: user=0.02 sys=0.00, real=0.00 secs] 
62.712: Total time for which application threads were stopped: 0.0031840 seconds, Stopping threads took: 0.0001100 seconds
62.746: Application time: 0.0335110 seconds
62.746: [GC [PSYoungGen: 100528K->12608K(107520K)] 132926K->45054K(352256K), 0.0047080 secs] [Times: user=0.03 sys=0.01, real=0.01 secs] 
62.750: Total time for which application threads were stopped: 0.0048710 seconds, Stopping threads took: 0.0000660 seconds
62.782: Application time: 0.0314950 seconds
62.782: [GC [PSYoungGen: 105280K->8112K(107520K)] 137726K->40558K(352256K), 0.0030570 secs] [Times: user=0.01 sys=0.00, real=0.00 secs] 
62.785: Total time for which application threads were stopped: 0.0031930 seconds, Stopping threads took: 0.0000650 seconds
62.823: Application time: 0.0375140 seconds
62.823: [GC [PSYoungGen: 100784K->7872K(107520K)] 133230K->40318K(352256K), 0.0030740 secs] [Times: user=0.01 sys=0.00, real=0.00 secs] 
62.826: Total time for which application threads were stopped: 0.0032400 seconds, Stopping threads took: 0.0000900 seconds
62.863: Application time: 0.0372130 seconds
62.863: [GC [PSYoungGen: 100544K->7536K(107520K)] 132990K->39982K(352256K), 0.0030050 secs] [Times: user=0.02 sys=0.00, real=0.01 secs] 
62.866: Total time for which application threads were stopped: 0.0031730 seconds, Stopping threads took: 0.0000980 seconds
62.895: Application time: 0.0290840 seconds
62.895: [GC [PSYoungGen: 100208K->7904K(107520K)] 132654K->40398K(352256K), 0.0031240 secs] [Times: user=0.03 sys=0.00, real=0.00 secs] 
62.899: Total time for which application threads were stopped: 0.0032830 seconds, Stopping threads took: 0.0000850 seconds
62.930: Application time: 0.0311620 seconds
62.930: [GC [PSYoungGen: 100576K->7840K(107520K)] 133070K->40334K(352256K), 0.0030400 secs] [Times: user=0.02 sys=0.00, real=0.00 secs] 
62.933: Total time for which application threads were stopped: 0.0032010 seconds, Stopping threads took: 0.0000780 seconds
62.953: Application time: 0.0203730 seconds
62.953: [GC [PSYoungGen: 100512K->7808K(107520K)] 133006K->40302K(352256K), 0.0030560 secs] [Times: user=0.01 sys=0.00, real=0.01 secs] 
62.957: Total time for which application threads were stopped: 0.0032190 seconds, Stopping threads took: 0.0000860 seconds
62.982: Application time: 0.0254690 seconds
62.982: [GC [PSYoungGen: 100480K->9984K(107520K)] 132974K->42478K(352256K), 0.0035730 secs] [Times: user=0.03 sys=0.01, real=0.00 secs] 
62.986: Total time for which application threads were stopped: 0.0037290 seconds, Stopping threads took: 0.0000840 seconds
63.022: Application time: 0.0365970 seconds
63.022: [GC [PSYoungGen: 102656K->10432K(107520K)] 135150K->42926K(352256K), 0.0037930 secs] [Times: user=0.03 sys=0.00, real=0.01 secs] 
63.026: Total time for which application threads were stopped: 0.0039370 seconds, Stopping threads took: 0.0000570 seconds
63.060: Application time: 0.0338170 seconds
63.060: [GC [PSYoungGen: 103104K->7648K(107520K)] 135598K->40142K(352256K), 0.0029920 secs] [Times: user=0.01 sys=0.00, real=0.00 secs] 
63.063: Total time for which application threads were stopped: 0.0031760 seconds, Stopping threads took: 0.0000920 seconds
63.104: Application time: 0.0411400 seconds
63.105: [GC [PSYoungGen: 100320K->7936K(107520K)] 132814K->40430K(352256K), 0.0030270 secs] [Times: user=0.02 sys=0.00, real=0.01 secs] 
63.108: Total time for which application threads were stopped: 0.0031850 seconds, Stopping threads took: 0.0000730 seconds
63.136: Application time: 0.0284490 seconds
63.136: [GC [PSYoungGen: 100608K->7792K(107520K)] 133102K->40286K(352256K), 0.0030530 secs] [Times: user=0.03 sys=0.00, real=0.00 secs] 
63.139: Total time for which application threads were stopped: 0.0032100 seconds, Stopping threads took: 0.0000710 seconds
63.173: Application time: 0.0336450 seconds
63.173: [GC [PSYoungGen: 100464K->7920K(107520K)] 132958K->40414K(352256K), 0.0031570 secs] [Times: user=0.03 sys=0.00, real=0.01 secs] 
63.176: Total time for which application threads were stopped: 0.0033060 seconds, Stopping threads took: 0.0000710 seconds
63.199: Application time: 0.0230940 seconds
63.200: [GC [PSYoungGen: 100592K->7856K(107520K)] 133086K->40350K(352256K), 0.0030560 secs] [Times: user=0.02 sys=0.00, real=0.00 secs] 
63.203: Total time for which application threads were stopped: 0.0032270 seconds, Stopping threads took: 0.0000990 seconds
63.224: Application time: 0.0215820 seconds
63.224: [GC [PSYoungGen: 100528K->8016K(107520K)] 133022K->40510K(352256K), 0.0030430 secs] [Times: user=0.02 sys=0.00, real=0.01 secs] 
63.227: Total time for which application threads were stopped: 0.0032230 seconds, Stopping threads took: 0.0001070 seconds
63.266: Application time: 0.0380950 seconds
63.266: [GC [PSYoungGen: 100688K->9472K(107520K)] 133182K->41966K(352256K), 0.0034870 secs] [Times: user=0.02 sys=0.00, real=0.01 secs] 
63.269: Total time for which application threads were stopped: 0.0036630 seconds, Stopping threads took: 0.0000780 seconds
63.298: Application time: 0.0285870 seconds
63.298: [GC [PSYoungGen: 102144K->7904K(107520K)] 134638K->40398K(352256K), 0.0030240 secs] [Times: user=0.02 sys=0.00, real=0.00 secs] 
63.301: Total time for which application threads were stopped: 0.0032060 seconds, Stopping threads took: 0.0001070 seconds
63.342: Application time: 0.0408240 seconds
63.342: [GC [PSYoungGen: 100576K->7984K(107520K)] 133070K->40478K(352256K), 0.0031000 secs] [Times: user=0.02 sys=0.00, real=0.00 secs] 
63.345: Total time for which application threads were stopped: 0.0032990 seconds, Stopping threads took: 0.0001290 seconds
63.379: Application time: 0.0336710 seconds
63.379: [GC [PSYoungGen: 100656K->7840K(107520K)] 133150K->40334K(352256K), 0.0030660 secs] [Times: user=0.02 sys=0.00, real=0.00 secs] 
63.382: Total time for which application threads were stopped: 0.0032360 seconds, Stopping threads took: 0.0000960 seconds
63.412: Application time: 0.0302090 seconds
63.412: [GC [PSYoungGen: 100512K->7712K(107520K)] 133006K->40394K(352256K), 0.0030600 secs] [Times: user=0.02 sys=0.00, real=0.01 secs] 
63.415: Total time for which application threads were stopped: 0.0032240 seconds, Stopping threads took: 0.0000930 seconds
63.444: Application time: 0.0289590 seconds
63.445: [GC [PSYoungGen: 100384K->7776K(107520K)] 133066K->40506K(352256K), 0.0030630 secs] [Times: user=0.02 sys=0.00, real=0.01 secs] 
63.448: Total time for which application threads were stopped: 0.0032210 seconds, Stopping threads took: 0.0000830 seconds
63.467: Application time: 0.0193800 seconds
63.467: [GC [PSYoungGen: 100448K->7936K(107520K)] 133178K->40666K(352256K), 0.0030330 secs] [Times: user=0.02 sys=0.00, real=0.00 secs] 
63.470: Total time for which application threads were stopped: 0.0031940 seconds, Stopping threads took: 0.0000880 seconds
63.500: Application time: 0.0297870 seconds
63.500: [GC [PSYoungGen: 100608K->12816K(107520K)] 133338K->45594K(352256K), 0.0051260 secs] [Times: user=0.04 sys=0.00, real=0.00 secs] 
63.505: Total time for which application threads were stopped: 0.0052960 seconds, Stopping threads took: 0.0000900 seconds
63.541: Application time: 0.0354240 seconds
63.541: [GC [PSYoungGen: 105488K->8672K(107520K)] 138266K->41450K(352256K), 0.0032490 secs] [Times: user=0.03 sys=0.00, real=0.00 secs] 
63.544: Total time for which application threads were stopped: 0.0034240 seconds, Stopping threads took: 0.0001030 seconds
63.579: Application time: 0.0346580 seconds
63.579: [GC [PSYoungGen: 101344K->9296K(107520K)] 134122K->42074K(352256K), 0.0038040 secs] [Times: user=0.03 sys=0.00, real=0.00 secs] 
63.583: Total time for which application threads were stopped: 0.0039730 seconds, Stopping threads took: 0.0000940 seconds
63.622: Application time: 0.0396960 seconds
63.623: [GC [PSYoungGen: 101968K->7904K(107520K)] 134746K->40682K(352256K), 0.0030330 secs] [Times: user=0.02 sys=0.00, real=0.00 secs] 
63.626: Total time for which application threads were stopped: 0.0031850 seconds, Stopping threads took: 0.0000740 seconds
63.655: Application time: 0.0289100 seconds
63.655: [GC [PSYoungGen: 100576K->7664K(107520K)] 133354K->40490K(352256K), 0.0031270 secs] [Times: user=0.02 sys=0.00, real=0.00 secs] 
63.658: Total time for which application threads were stopped: 0.0033030 seconds, Stopping threads took: 0.0000980 seconds
63.690: Application time: 0.0321310 seconds
63.690: [GC [PSYoungGen: 100336K->7968K(107520K)] 133162K->40794K(352256K), 0.0030470 secs] [Times: user=0.02 sys=0.00, real=0.00 secs] 
63.693: Total time for which application threads were stopped: 0.0032180 seconds, Stopping threads took: 0.0000980 seconds
63.714: Application time: 0.0208540 seconds
63.714: [GC [PSYoungGen: 100640K->7648K(107520K)] 133466K->40474K(352256K), 0.0030240 secs] [Times: user=0.02 sys=0.00, real=0.00 secs] 
63.717: Total time for which application threads were stopped: 0.0031860 seconds, Stopping threads took: 0.0000880 seconds
63.740: Application time: 0.0230430 seconds
63.740: [GC [PSYoungGen: 100320K->8128K(107520K)] 133146K->40954K(352256K), 0.0030750 secs] [Times: user=0.02 sys=0.00, real=0.00 secs] 
63.744: Total time for which application threads were stopped: 0.0032460 seconds, Stopping threads took: 0.0000930 seconds
63.782: Application time: 0.0382340 seconds
63.782: [GC [PSYoungGen: 100800K->11856K(107520K)] 133626K->44682K(352256K), 0.0046680 secs] [Times: user=0.03 sys=0.00, real=0.01 secs] 
63.787: Total time for which application threads were stopped: 0.0048490 seconds, Stopping threads took: 0.0000870 seconds
63.818: Application time: 0.0310800 seconds
63.818: [GC [PSYoungGen: 104528K->8112K(107520K)] 137354K->40938K(352256K), 0.0031490 secs] [Times: user=0.02 sys=0.00, real=0.00 secs] 
63.821: Total time for which application threads were stopped: 0.0033420 seconds, Stopping threads took: 0.0001180 seconds
63.863: Application time: 0.0418610 seconds
63.863: [GC [PSYoungGen: 100784K->8000K(107520K)] 133610K->40826K(352256K), 0.0031230 secs] [Times: user=0.03 sys=0.00, real=0.01 secs] 
63.866: Total time for which application threads were stopped: 0.0032850 seconds, Stopping threads took: 0.0000860 seconds
63.897: Application time: 0.0307380 seconds
63.897: [GC [PSYoungGen: 100672K->7920K(107520K)] 133498K->40746K(352256K), 0.0030660 secs] [Times: user=0.02 sys=0.00, real=0.00 secs] 
63.900: Total time for which application threads were stopped: 0.0032300 seconds, Stopping threads took: 0.0000890 seconds
63.931: Application time: 0.0309640 seconds
63.931: [GC [PSYoungGen: 100592K->7984K(107520K)] 133418K->40810K(352256K), 0.0031140 secs] [Times: user=0.02 sys=0.00, real=0.01 secs] 
63.934: Total time for which application threads were stopped: 0.0032880 seconds, Stopping threads took: 0.0000990 seconds
63.959: Application time: 0.0249370 seconds
63.960: [GC [PSYoungGen: 100656K->8176K(107520K)] 133482K->41002K(352256K), 0.0031390 secs] [Times: user=0.02 sys=0.00, real=0.00 secs] 
63.963: Total time for which application threads were stopped: 0.0032810 seconds, Stopping threads took: 0.0000700 seconds
63.984: Application time: 0.0212900 seconds
63.984: [GC [PSYoungGen: 100848K->7776K(107520K)] 133674K->40602K(352256K), 0.0030400 secs] [Times: user=0.02 sys=0.00, real=0.01 secs] 
63.987: Total time for which application threads were stopped: 0.0031950 seconds, Stopping threads took: 0.0000720 seconds
64.024: Application time: 0.0371340 seconds
64.024: [GC [PSYoungGen: 100448K->12656K(107520K)] 133274K->45482K(352256K), 0.0047020 secs] [Times: user=0.03 sys=0.00, real=0.01 secs] 
64.029: Total time for which application threads were stopped: 0.0048410 seconds, Stopping threads took: 0.0000490 seconds
64.060: Application time: 0.0311150 seconds
64.060: [GC [PSYoungGen: 105328K->7856K(107520K)] 138154K->40682K(352256K), 0.0030540 secs] [Times: user=0.02 sys=0.00, real=0.00 secs] 
64.064: Total time for which application threads were stopped: 0.0032330 seconds, Stopping threads took: 0.0001020 seconds
64.102: Application time: 0.0380220 seconds
64.102: [GC [PSYoungGen: 100528K->9856K(107520K)] 133354K->42682K(352256K), 0.0039030 secs] [Times: user=0.03 sys=0.00, real=0.00 secs] 
64.106: Total time for which application threads were stopped: 0.0040900 seconds, Stopping threads took: 0.0001110 seconds
64.141: Application time: 0.0353370 seconds
64.141: [GC [PSYoungGen: 102528K->7664K(107520K)] 135354K->40490K(352256K), 0.0030830 secs] [Times: user=0.02 sys=0.00, real=0.00 secs] 
64.144: Total time for which application threads were stopped: 0.0032720 seconds, Stopping threads took: 0.0001090 seconds
64.173: Application time: 0.0290550 seconds
64.173: [GC [PSYoungGen: 100336K->7632K(107520K)] 133162K->40598K(352256K), 0.0030760 secs] [Times: user=0.02 sys=0.00, real=0.01 secs] 
64.177: Total time for which application threads were stopped: 0.0032520 seconds, Stopping threads took: 0.0000930 seconds
64.207: Application time: 0.0305630 seconds
64.207: [GC [PSYoungGen: 100304K->7584K(107520K)] 133270K->40622K(352256K), 0.0030580 secs] [Times: user=0.01 sys=0.01, real=0.00 secs] 
64.210: Total time for which application threads were stopped: 0.0032330 seconds, Stopping threads took: 0.0000990 seconds
64.232: Application time: 0.0218400 seconds
64.232: [GC [PSYoungGen: 100256K->7856K(107520K)] 133294K->40894K(352256K), 0.0030130 secs] [Times: user=0.02 sys=0.00, real=0.01 secs] 
64.235: Total time for which application threads were stopped: 0.0031910 seconds, Stopping threads took: 0.0001050 seconds
64.260: Application time: 0.0249860 seconds
64.261: [GC [PSYoungGen: 100528K->13024K(107520K)] 133566K->46110K(352256K), 0.0052180 secs] [Times: user=0.03 sys=0.00, real=0.00 secs] 
64.266: Total time for which application threads were stopped: 0.0053860 seconds, Stopping threads took: 0.0000870 seconds
64.303: Application time: 0.0371610 seconds
64.303: [GC [PSYoungGen: 105696K->9040K(107520K)] 138782K->42126K(352256K), 0.0033730 secs] [Times: user=0.02 sys=0.00, real=0.01 secs] 
64.306: Total time for which application threads were stopped: 0.0035380 seconds, Stopping threads took: 0.0000680 seconds
64.338: Application time: 0.0319990 seconds
64.339: [GC [PSYoungGen: 101712K->7472K(107520K)] 134798K->40558K(352256K), 0.0030710 secs] [Times: user=0.02 sys=0.00, real=0.00 secs] 
64.342: Total time for which application threads were stopped: 0.0032360 seconds, Stopping threads took: 0.0000910 seconds
64.383: Application time: 0.0411430 seconds
64.383: [GC [PSYoungGen: 100144K->7840K(107520K)] 133230K->40926K(352256K), 0.0030020 secs] [Times: user=0.02 sys=0.00, real=0.01 secs] 
64.386: Total time for which application threads were stopped: 0.0031840 seconds, Stopping threads took: 0.0001060 seconds
64.416: Application time: 0.0302520 seconds
64.416: [GC [PSYoungGen: 100512K->7712K(107520K)] 133598K->40854K(352256K), 0.0030670 secs] [Times: user=0.02 sys=0.00, real=0.00 secs] 
64.420: Total time for which application threads were stopped: 0.0032180 seconds, Stopping threads took: 0.0000750 seconds
64.451: Application time: 0.0313210 seconds
64.451: [GC [PSYoungGen: 100384K->7872K(107520K)] 133526K->41014K(352256K), 0.0031570 secs] [Times: user=0.02 sys=0.00, real=0.01 secs] 
64.454: Total time for which application threads were stopped: 0.0033520 seconds, Stopping threads took: 0.0001200 seconds
64.477: Application time: 0.0228070 seconds
64.477: [GC [PSYoungGen: 100544K->8128K(107520K)] 133686K->41271K(352256K), 0.0032070 secs] [Times: user=0.03 sys=0.00, real=0.00 secs] 
64.480: Total time for which application threads were stopped: 0.0033780 seconds, Stopping threads took: 0.0000950 seconds
64.502: Application time: 0.0216830 seconds
64.502: [GC [PSYoungGen: 100800K->8064K(107520K)] 133943K->41206K(352256K), 0.0031030 secs] [Times: user=0.02 sys=0.00, real=0.00 secs] 
64.505: Total time for which application threads were stopped: 0.0032580 seconds, Stopping threads took: 0.0000820 seconds
64.543: Application time: 0.0371920 seconds
64.543: [GC [PSYoungGen: 100736K->13856K(107520K)] 133878K->46998K(352256K), 0.0127450 secs] [Times: user=0.09 sys=0.00, real=0.02 secs] 
64.555: Total time for which application threads were stopped: 0.0129170 seconds, Stopping threads took: 0.0000940 seconds
64.586: Application time: 0.0308160 seconds
64.586: [GC [PSYoungGen: 106528K->7888K(107520K)] 139670K->41030K(352256K), 0.0030470 secs] [Times: user=0.02 sys=0.00, real=0.00 secs] 
64.589: Total time for which application threads were stopped: 0.0032110 seconds, Stopping threads took: 0.0000890 seconds
64.631: Application time: 0.0410890 seconds
64.631: [GC [PSYoungGen: 100560K->8192K(107520K)] 133702K->41335K(352256K), 0.0032140 secs] [Times: user=0.02 sys=0.00, real=0.01 secs] 
64.634: Total time for which application threads were stopped: 0.0033910 seconds, Stopping threads took: 0.0000950 seconds
64.666: Application time: 0.0318370 seconds
64.666: [GC [PSYoungGen: 100864K->7680K(107520K)] 134007K->40822K(352256K), 0.0029800 secs] [Times: user=0.02 sys=0.00, real=0.00 secs] 
64.669: Total time for which application threads were stopped: 0.0031620 seconds, Stopping threads took: 0.0001030 seconds
64.700: Application time: 0.0307500 seconds
64.700: [GC [PSYoungGen: 100352K->8000K(107520K)] 133494K->41142K(352256K), 0.0031430 secs] [Times: user=0.03 sys=0.00, real=0.00 secs] 
64.703: Total time for which application threads were stopped: 0.0033220 seconds, Stopping threads took: 0.0000990 seconds
64.730: Application time: 0.0265550 seconds
64.730: [GC [PSYoungGen: 100672K->7920K(107520K)] 133814K->41062K(352256K), 0.0030750 secs] [Times: user=0.02 sys=0.00, real=0.00 secs] 
64.733: Total time for which application threads were stopped: 0.0032510 seconds, Stopping threads took: 0.0000960 seconds
64.755: Application time: 0.0224160 seconds
64.755: [GC [PSYoungGen: 100592K->7792K(107520K)] 133734K->40934K(352256K), 0.0029780 secs] [Times: user=0.01 sys=0.00, real=0.00 secs] 
64.758: Total time for which application threads were stopped: 0.0031540 seconds, Stopping threads took: 0.0000970 seconds
64.788: Application time: 0.0291920 seconds
64.788: [GC [PSYoungGen: 100464K->12752K(107520K)] 133606K->45895K(352256K), 0.0048960 secs] [Times: user=0.03 sys=0.00, real=0.00 secs] 
64.793: Total time for which application threads were stopped: 0.0050760 seconds, Stopping threads took: 0.0001000 seconds
64.828: Application time: 0.0351710 seconds
64.828: [GC [PSYoungGen: 105424K->8128K(107520K)] 138567K->41270K(352256K), 0.0030700 secs] [Times: user=0.02 sys=0.00, real=0.00 secs] 
64.831: Total time for which application threads were stopped: 0.0032680 seconds, Stopping threads took: 0.0001020 seconds
64.866: Application time: 0.0344730 seconds
64.866: [GC [PSYoungGen: 100800K->9728K(107520K)] 133942K->42870K(352256K), 0.0038550 secs] [Times: user=0.02 sys=0.00, real=0.01 secs] 
64.870: Total time for which application threads were stopped: 0.0040480 seconds, Stopping threads took: 0.0001040 seconds
64.909: Application time: 0.0388700 seconds
64.909: [GC [PSYoungGen: 102400K->8048K(107520K)] 135542K->41191K(352256K), 0.0030450 secs] [Times: user=0.02 sys=0.00, real=0.00 secs] 
64.912: Total time for which application threads were stopped: 0.0032150 seconds, Stopping threads took: 0.0000800 seconds
64.941: Application time: 0.0291460 seconds
64.941: [GC [PSYoungGen: 100720K->7904K(107520K)] 133863K->41174K(352256K), 0.0031560 secs] [Times: user=0.02 sys=0.00, real=0.00 secs] 
64.944: Total time for which application threads were stopped: 0.0033320 seconds, Stopping threads took: 0.0000870 seconds
64.975: Application time: 0.0311520 seconds
64.976: [GC [PSYoungGen: 100576K->7776K(107520K)] 133846K->41163K(352256K), 0.0030880 secs] [Times: user=0.03 sys=0.00, real=0.00 secs] 
64.979: Total time for which application threads were stopped: 0.0032460 seconds, Stopping threads took: 0.0000790 seconds
65.001: Application time: 0.0219180 seconds
65.001: [GC [PSYoungGen: 100448K->7856K(107520K)] 133835K->41243K(352256K), 0.0043050 secs] [Times: user=0.03 sys=0.00, real=0.00 secs] 
65.005: Total time for which application threads were stopped: 0.0044650 seconds, Stopping threads took: 0.0000780 seconds
65.029: Application time: 0.0239930 seconds
65.029: [GC [PSYoungGen: 100528K->10896K(107520K)] 133915K->44331K(352256K), 0.0042240 secs] [Times: user=0.03 sys=0.00, real=0.00 secs] 
65.033: Total time for which application threads were stopped: 0.0044060 seconds, Stopping threads took: 0.0001010 seconds
65.072: Application time: 0.0383940 seconds
65.072: [GC [PSYoungGen: 103568K->12496K(107520K)] 137003K->45931K(352256K), 0.0047450 secs] [Times: user=0.03 sys=0.00, real=0.01 secs] 
65.077: Total time for which application threads were stopped: 0.0049120 seconds, Stopping threads took: 0.0000830 seconds
65.107: Application time: 0.0299030 seconds
65.107: [GC [PSYoungGen: 105168K->7744K(107520K)] 138603K->41179K(352256K), 0.0031150 secs] [Times: user=0.02 sys=0.00, real=0.00 secs] 
65.110: Total time for which application threads were stopped: 0.0032850 seconds, Stopping threads took: 0.0000800 seconds
65.152: Application time: 0.0419230 seconds
65.152: [GC [PSYoungGen: 100416K->7632K(107520K)] 133851K->41067K(352256K), 0.0030170 secs] [Times: user=0.02 sys=0.00, real=0.01 secs] 
65.155: Total time for which application threads were stopped: 0.0032020 seconds, Stopping threads took: 0.0001050 seconds
65.185: Application time: 0.0300950 seconds
65.185: [GC [PSYoungGen: 100304K->7904K(107520K)] 133739K->41339K(352256K), 0.0032080 secs] [Times: user=0.01 sys=0.00, real=0.01 secs] 
65.189: Total time for which application threads were stopped: 0.0033800 seconds, Stopping threads took: 0.0000930 seconds
65.220: Application time: 0.0315660 seconds
65.220: [GC [PSYoungGen: 100576K->7824K(107520K)] 134011K->41315K(352256K), 0.0031150 secs] [Times: user=0.02 sys=0.00, real=0.00 secs] 
65.223: Total time for which application threads were stopped: 0.0032950 seconds, Stopping threads took: 0.0001040 seconds
65.248: Application time: 0.0241300 seconds
65.248: [GC [PSYoungGen: 100496K->7856K(107520K)] 133987K->41347K(352256K), 0.0030670 secs] [Times: user=0.02 sys=0.00, real=0.00 secs] 
65.251: Total time for which application threads were stopped: 0.0032420 seconds, Stopping threads took: 0.0000930 seconds
65.272: Application time: 0.0214540 seconds
65.272: [GC [PSYoungGen: 100528K->8272K(107520K)] 134019K->41763K(352256K), 0.0031880 secs] [Times: user=0.02 sys=0.00, real=0.01 secs] 
65.276: Total time for which application threads were stopped: 0.0033280 seconds, Stopping threads took: 0.0000630 seconds
65.311: Application time: 0.0358540 seconds
65.312: [GC [PSYoungGen: 100944K->10752K(107520K)] 134435K->44243K(352256K), 0.0039770 secs] [Times: user=0.02 sys=0.00, real=0.01 secs] 
65.316: Total time for which application threads were stopped: 0.0041470 seconds, Stopping threads took: 0.0000900 seconds
65.347: Application time: 0.0315140 seconds
65.347: [GC [PSYoungGen: 103424K->7776K(107520K)] 136915K->41267K(352256K), 0.0031110 secs] [Times: user=0.02 sys=0.00, real=0.00 secs] 
65.350: Total time for which application threads were stopped: 0.0032950 seconds, Stopping threads took: 0.0000860 seconds
65.389: Application time: 0.0381610 seconds
65.390: [GC [PSYoungGen: 100448K->8240K(107520K)] 133939K->41731K(352256K), 0.0032490 secs] [Times: user=0.02 sys=0.00, real=0.00 secs] 
65.393: Total time for which application threads were stopped: 0.0046950 seconds, Stopping threads took: 0.0013650 seconds
65.427: Application time: 0.0342020 seconds
65.428: [GC [PSYoungGen: 100912K->7728K(107520K)] 134403K->41219K(352256K), 0.0031370 secs] [Times: user=0.02 sys=0.00, real=0.00 secs] 
65.431: Total time for which application threads were stopped: 0.0032780 seconds, Stopping threads took: 0.0000650 seconds
65.461: Application time: 0.0299880 seconds
65.461: [GC [PSYoungGen: 100400K->7952K(107520K)] 133891K->41443K(352256K), 0.0031980 secs] [Times: user=0.02 sys=0.00, real=0.00 secs] 
65.464: Total time for which application threads were stopped: 0.0033560 seconds, Stopping threads took: 0.0000800 seconds
65.493: Application time: 0.0288400 seconds
65.493: [GC [PSYoungGen: 100624K->7920K(107520K)] 134115K->41411K(352256K), 0.0030880 secs] [Times: user=0.02 sys=0.00, real=0.01 secs] 
65.496: Total time for which application threads were stopped: 0.0032660 seconds, Stopping threads took: 0.0000980 seconds
65.519: Application time: 0.0228900 seconds
65.519: [GC [PSYoungGen: 100592K->7920K(107520K)] 134083K->41411K(352256K), 0.0031100 secs] [Times: user=0.02 sys=0.00, real=0.00 secs] 
65.522: Total time for which application threads were stopped: 0.0032940 seconds, Stopping threads took: 0.0001060 seconds
65.549: Application time: 0.0268910 seconds
65.549: [GC [PSYoungGen: 100592K->12496K(107520K)] 134083K->45987K(352256K), 0.0048300 secs] [Times: user=0.03 sys=0.00, real=0.01 secs] 
65.554: Total time for which application threads were stopped: 0.0049810 seconds, Stopping threads took: 0.0000720 seconds
65.590: Application time: 0.0355210 seconds
65.590: [GC [PSYoungGen: 105168K->9072K(107520K)] 138659K->42563K(352256K), 0.0033930 secs] [Times: user=0.02 sys=0.00, real=0.00 secs] 
65.593: Total time for which application threads were stopped: 0.0035610 seconds, Stopping threads took: 0.0000900 seconds
65.627: Application time: 0.0332020 seconds
65.627: [GC [PSYoungGen: 101744K->7632K(107520K)] 135235K->41123K(352256K), 0.0030380 secs] [Times: user=0.02 sys=0.00, real=0.00 secs] 
65.630: Total time for which application threads were stopped: 0.0032380 seconds, Stopping threads took: 0.0001150 seconds
65.670: Application time: 0.0403970 seconds
65.670: [GC [PSYoungGen: 100304K->7968K(107520K)] 133795K->41459K(352256K), 0.0031790 secs] [Times: user=0.02 sys=0.00, real=0.00 secs] 
65.674: Total time for which application threads were stopped: 0.0033570 seconds, Stopping threads took: 0.0000980 seconds
65.703: Application time: 0.0296200 seconds
65.706: [GC [PSYoungGen: 100640K->7680K(107520K)] 134131K->41299K(352256K), 0.0031050 secs] [Times: user=0.02 sys=0.00, real=0.00 secs] 
65.709: Total time for which application threads were stopped: 0.0059120 seconds, Stopping threads took: 0.0027290 seconds
65.740: Application time: 0.0311940 seconds
65.740: [GC [PSYoungGen: 100352K->7776K(107520K)] 133971K->41523K(352256K), 0.0030690 secs] [Times: user=0.02 sys=0.00, real=0.00 secs] 
65.744: Total time for which application threads were stopped: 0.0032480 seconds, Stopping threads took: 0.0001000 seconds
65.766: Application time: 0.0226050 seconds
65.766: [GC [PSYoungGen: 100448K->7728K(107520K)] 134195K->41475K(352256K), 0.0030150 secs] [Times: user=0.02 sys=0.00, real=0.00 secs] 
65.769: Total time for which application threads were stopped: 0.0031770 seconds, Stopping threads took: 0.0000870 seconds
65.792: Application time: 0.0222590 seconds
65.792: [GC [PSYoungGen: 100400K->8752K(107520K)] 134147K->42555K(352256K), 0.0033230 secs] [Times: user=0.02 sys=0.00, real=0.01 secs] 
65.795: Total time for which application threads were stopped: 0.0034660 seconds, Stopping threads took: 0.0000680 seconds
65.832: Application time: 0.0374160 seconds
65.833: [GC [PSYoungGen: 101424K->13824K(107520K)] 135227K->47627K(352256K), 0.0053870 secs] [Times: user=0.04 sys=0.00, real=0.01 secs] 
65.838: Total time for which application threads were stopped: 0.0055680 seconds, Stopping threads took: 0.0000970 seconds
65.869: Application time: 0.0310560 seconds
65.869: [GC [PSYoungGen: 106496K->7408K(107520K)] 140299K->41219K(352256K), 0.0031320 secs] [Times: user=0.02 sys=0.00, real=0.00 secs] 
65.872: Total time for which application threads were stopped: 0.0033570 seconds, Stopping threads took: 0.0001210 seconds
65.913: Application time: 0.0408370 seconds
65.913: [GC [PSYoungGen: 100080K->7568K(107520K)] 133891K->41379K(352256K), 0.0030100 secs] [Times: user=0.02 sys=0.00, real=0.01 secs] 
65.917: Total time for which application threads were stopped: 0.0031870 seconds, Stopping threads took: 0.0000980 seconds
65.948: Application time: 0.0310890 seconds
65.948: [GC [PSYoungGen: 100240K->7808K(107520K)] 134051K->41619K(352256K), 0.0030800 secs] [Times: user=0.02 sys=0.00, real=0.00 secs] 
65.951: Total time for which application threads were stopped: 0.0032150 seconds, Stopping threads took: 0.0000520 seconds
65.982: Application time: 0.0308910 seconds
65.982: [GC [PSYoungGen: 100480K->7888K(107520K)] 134291K->41747K(352256K), 0.0032150 secs] [Times: user=0.01 sys=0.01, real=0.00 secs] 
65.985: Total time for which application threads were stopped: 0.0033990 seconds, Stopping threads took: 0.0001100 seconds
66.011: Application time: 0.0263730 seconds
66.012: [GC [PSYoungGen: 100560K->7792K(107520K)] 134419K->41651K(352256K), 0.0031100 secs] [Times: user=0.02 sys=0.00, real=0.01 secs] 
66.015: Total time for which application threads were stopped: 0.0032680 seconds, Stopping threads took: 0.0000770 seconds
66.038: Application time: 0.0230810 seconds
66.038: [GC [PSYoungGen: 100464K->7680K(107520K)] 134323K->41539K(352256K), 0.0028930 secs] [Times: user=0.02 sys=0.00, real=0.00 secs] 
66.041: Total time for which application threads were stopped: 0.0030670 seconds, Stopping threads took: 0.0001000 seconds
66.075: Application time: 0.0337870 seconds
66.075: [GC [PSYoungGen: 100352K->10096K(107520K)] 134211K->43955K(352256K), 0.0038300 secs] [Times: user=0.03 sys=0.00, real=0.00 secs] 
66.079: Total time for which application threads were stopped: 0.0039840 seconds, Stopping threads took: 0.0000740 seconds
66.112: Application time: 0.0329320 seconds
66.112: [GC [PSYoungGen: 102768K->8304K(107520K)] 136627K->42163K(352256K), 0.0033610 secs] [Times: user=0.02 sys=0.00, real=0.01 secs] 
66.115: Total time for which application threads were stopped: 0.0035310 seconds, Stopping threads took: 0.0000960 seconds
66.150: Application time: 0.0353380 seconds
66.151: [GC [PSYoungGen: 100976K->7888K(107520K)] 134835K->41747K(352256K), 0.0031640 secs] [Times: user=0.02 sys=0.00, real=0.01 secs] 
66.154: Total time for which application threads were stopped: 0.0034020 seconds, Stopping threads took: 0.0001440 seconds
66.190: Application time: 0.0360570 seconds
66.190: [GC [PSYoungGen: 100560K->7808K(107520K)] 134419K->41667K(352256K), 0.0030450 secs] [Times: user=0.02 sys=0.00, real=0.00 secs] 
66.193: Total time for which application threads were stopped: 0.0032120 seconds, Stopping threads took: 0.0000910 seconds
66.224: Application time: 0.0305830 seconds
66.224: [GC [PSYoungGen: 100480K->7936K(107520K)] 134339K->41795K(352256K), 0.0030850 secs] [Times: user=0.02 sys=0.00, real=0.01 secs] 
66.227: Total time for which application threads were stopped: 0.0032690 seconds, Stopping threads took: 0.0001030 seconds
66.255: Application time: 0.0284690 seconds
66.256: [GC [PSYoungGen: 100608K->8064K(107520K)] 134467K->41923K(352256K), 0.0031070 secs] [Times: user=0.02 sys=0.00, real=0.00 secs] 
66.259: Total time for which application threads were stopped: 0.0032400 seconds, Stopping threads took: 0.0000530 seconds
66.282: Application time: 0.0233030 seconds
66.282: [GC [PSYoungGen: 100736K->8112K(107520K)] 134595K->41971K(352256K), 0.0032390 secs] [Times: user=0.02 sys=0.00, real=0.00 secs] 
66.285: Total time for which application threads were stopped: 0.0034040 seconds, Stopping threads took: 0.0000870 seconds
66.311: Application time: 0.0251850 seconds
66.311: [GC [PSYoungGen: 100784K->13264K(107520K)] 134643K->47123K(352256K), 0.0052050 secs] [Times: user=0.03 sys=0.00, real=0.01 secs] 
66.316: Total time for which application threads were stopped: 0.0053920 seconds, Stopping threads took: 0.0000970 seconds
66.354: Application time: 0.0376000 seconds
66.354: [GC [PSYoungGen: 105936K->10816K(107520K)] 139795K->44675K(352256K), 0.0041090 secs] [Times: user=0.03 sys=0.00, real=0.01 secs] 
66.358: Total time for which application threads were stopped: 0.0042920 seconds, Stopping threads took: 0.0000990 seconds
66.389: Application time: 0.0311270 seconds
66.389: [GC [PSYoungGen: 103488K->8128K(107520K)] 137347K->41987K(352256K), 0.0031370 secs] [Times: user=0.02 sys=0.00, real=0.00 secs] 
66.392: Total time for which application threads were stopped: 0.0033030 seconds, Stopping threads took: 0.0000740 seconds
66.434: Application time: 0.0413040 seconds
66.434: [GC [PSYoungGen: 100800K->8144K(107520K)] 134659K->42003K(352256K), 0.0031390 secs] [Times: user=0.02 sys=0.01, real=0.01 secs] 
66.437: Total time for which application threads were stopped: 0.0033190 seconds, Stopping threads took: 0.0001000 seconds
66.466: Application time: 0.0293490 seconds
66.466: [GC [PSYoungGen: 100816K->7616K(107520K)] 134675K->41587K(352256K), 0.0030950 secs] [Times: user=0.02 sys=0.00, real=0.00 secs] 
66.470: Total time for which application threads were stopped: 0.0032540 seconds, Stopping threads took: 0.0000830 seconds
66.500: Application time: 0.0305600 seconds
66.500: [GC [PSYoungGen: 100288K->7696K(107520K)] 134259K->41771K(352256K), 0.0030800 secs] [Times: user=0.02 sys=0.00, real=0.00 secs] 
66.503: Total time for which application threads were stopped: 0.0032550 seconds, Stopping threads took: 0.0000960 seconds
66.527: Application time: 0.0233390 seconds
66.527: [GC [PSYoungGen: 100368K->7696K(107520K)] 134443K->41771K(352256K), 0.0030560 secs] [Times: user=0.01 sys=0.00, real=0.00 secs] 
66.530: Total time for which application threads were stopped: 0.0032230 seconds, Stopping threads took: 0.0000900 seconds
66.553: Application time: 0.0228160 seconds
66.553: [GC [PSYoungGen: 100368K->7696K(107520K)] 134443K->41819K(352256K), 0.0030550 secs] [Times: user=0.02 sys=0.00, real=0.01 secs] 
66.556: Total time for which application threads were stopped: 0.0032250 seconds, Stopping threads took: 0.0000890 seconds
66.593: Application time: 0.0373930 seconds
66.594: [GC [PSYoungGen: 100368K->11680K(107520K)] 134491K->45803K(352256K), 0.0044370 secs] [Times: user=0.03 sys=0.00, real=0.01 secs] 
66.598: Total time for which application threads were stopped: 0.0046040 seconds, Stopping threads took: 0.0000860 seconds
66.628: Application time: 0.0300570 seconds
66.628: [GC [PSYoungGen: 104352K->7680K(107520K)] 138475K->41803K(352256K), 0.0030540 secs] [Times: user=0.02 sys=0.00, real=0.00 secs] 
66.631: Total time for which application threads were stopped: 0.0032330 seconds, Stopping threads took: 0.0000950 seconds
66.670: Application time: 0.0384620 seconds
66.670: [GC [PSYoungGen: 100352K->9296K(107520K)] 134475K->43419K(352256K), 0.0037140 secs] [Times: user=0.02 sys=0.01, real=0.00 secs] 
66.674: Total time for which application threads were stopped: 0.0039120 seconds, Stopping threads took: 0.0001180 seconds
66.707: Application time: 0.0337520 seconds
66.708: [GC [PSYoungGen: 101968K->7680K(107520K)] 136091K->41803K(352256K), 0.0031870 secs] [Times: user=0.02 sys=0.00, real=0.00 secs] 
66.711: Total time for which application threads were stopped: 0.0033420 seconds, Stopping threads took: 0.0000730 seconds
66.741: Application time: 0.0299170 seconds
66.741: [GC [PSYoungGen: 100352K->7680K(107520K)] 134475K->41851K(352256K), 0.0030880 secs] [Times: user=0.02 sys=0.00, real=0.00 secs] 
66.744: Total time for which application threads were stopped: 0.0032690 seconds, Stopping threads took: 0.0001040 seconds
66.771: Application time: 0.0274310 seconds
66.772: [GC [PSYoungGen: 100352K->8000K(107520K)] 134523K->42171K(352256K), 0.0031600 secs] [Times: user=0.02 sys=0.00, real=0.01 secs] 
66.775: Total time for which application threads were stopped: 0.0033210 seconds, Stopping threads took: 0.0000840 seconds
66.797: Application time: 0.0222340 seconds
66.797: [GC [PSYoungGen: 100672K->7696K(107520K)] 134843K->41867K(352256K), 0.0030110 secs] [Times: user=0.02 sys=0.00, real=0.00 secs] 
66.800: Total time for which application threads were stopped: 0.0031580 seconds, Stopping threads took: 0.0000600 seconds
66.829: Application time: 0.0285440 seconds
66.829: [GC [PSYoungGen: 100368K->13232K(107520K)] 134539K->47403K(352256K), 0.0050220 secs] [Times: user=0.03 sys=0.00, real=0.01 secs] 
66.834: Total time for which application threads were stopped: 0.0052100 seconds, Stopping threads took: 0.0001000 seconds
66.871: Application time: 0.0375720 seconds
66.872: [GC [PSYoungGen: 105904K->8176K(107520K)] 140075K->42347K(352256K), 0.0031520 secs] [Times: user=0.02 sys=0.00, real=0.01 secs] 
66.875: Total time for which application threads were stopped: 0.0033180 seconds, Stopping threads took: 0.0000860 seconds
66.907: Application time: 0.0318980 seconds
66.907: [GC [PSYoungGen: 100848K->7872K(107520K)] 135019K->42043K(352256K), 0.0031290 secs] [Times: user=0.02 sys=0.00, real=0.00 secs] 
66.910: Total time for which application threads were stopped: 0.0033020 seconds, Stopping threads took: 0.0000760 seconds
66.950: Application time: 0.0399000 seconds
66.950: [GC [PSYoungGen: 100544K->7968K(107520K)] 134715K->42139K(352256K), 0.0032120 secs] [Times: user=0.02 sys=0.00, real=0.00 secs] 
66.953: Total time for which application threads were stopped: 0.0033750 seconds, Stopping threads took: 0.0000860 seconds
66.982: Application time: 0.0283650 seconds
66.982: [GC [PSYoungGen: 100640K->7824K(107520K)] 134811K->41995K(352256K), 0.0030140 secs] [Times: user=0.02 sys=0.00, real=0.00 secs] 
66.985: Total time for which application threads were stopped: 0.0031840 seconds, Stopping threads took: 0.0000940 seconds
67.016: Application time: 0.0315860 seconds
67.017: [GC [PSYoungGen: 100496K->8080K(107520K)] 134667K->42251K(352256K), 0.0031310 secs] [Times: user=0.02 sys=0.00, real=0.00 secs] 
67.020: Total time for which application threads were stopped: 0.0033470 seconds, Stopping threads took: 0.0001370 seconds
67.041: Application time: 0.0213730 seconds
67.041: [GC [PSYoungGen: 100752K->7856K(107520K)] 134923K->42027K(352256K), 0.0030520 secs] [Times: user=0.02 sys=0.00, real=0.00 secs] 
67.044: Total time for which application threads were stopped: 0.0032180 seconds, Stopping threads took: 0.0000860 seconds
67.068: Application time: 0.0235300 seconds
67.068: [GC [PSYoungGen: 100528K->10960K(107520K)] 134699K->45131K(352256K), 0.0040400 secs] [Times: user=0.03 sys=0.00, real=0.00 secs] 
67.072: Total time for which application threads were stopped: 0.0041930 seconds, Stopping threads took: 0.0000680 seconds
67.111: Application time: 0.0393150 seconds
67.112: [GC [PSYoungGen: 103632K->12256K(107520K)] 137803K->46427K(352256K), 0.0047590 secs] [Times: user=0.03 sys=0.00, real=0.01 secs] 
67.116: Total time for which application threads were stopped: 0.0049320 seconds, Stopping threads took: 0.0000900 seconds
67.147: Application time: 0.0304290 seconds
67.147: [GC [PSYoungGen: 104928K->8144K(107520K)] 139099K->42315K(352256K), 0.0030860 secs] [Times: user=0.02 sys=0.00, real=0.00 secs] 
67.150: Total time for which application threads were stopped: 0.0032570 seconds, Stopping threads took: 0.0000890 seconds
67.191: Application time: 0.0406310 seconds
67.191: [GC [PSYoungGen: 100816K->8368K(107520K)] 134987K->42539K(352256K), 0.0032820 secs] [Times: user=0.02 sys=0.00, real=0.01 secs] 
67.194: Total time for which application threads were stopped: 0.0034420 seconds, Stopping threads took: 0.0000730 seconds
67.224: Application time: 0.0294070 seconds
67.224: [GC [PSYoungGen: 101040K->7824K(107520K)] 135211K->42083K(352256K), 0.0030780 secs] [Times: user=0.02 sys=0.00, real=0.01 secs] 
67.227: Total time for which application threads were stopped: 0.0032570 seconds, Stopping threads took: 0.0000930 seconds
67.259: Application time: 0.0321630 seconds
67.259: [GC [PSYoungGen: 100496K->7760K(107520K)] 134755K->42151K(352256K), 0.0031800 secs] [Times: user=0.02 sys=0.00, real=0.00 secs] 
67.262: Total time for which application threads were stopped: 0.0033190 seconds, Stopping threads took: 0.0000610 seconds
67.287: Application time: 0.0243720 seconds
67.287: [GC [PSYoungGen: 100432K->7728K(107520K)] 134823K->42119K(352256K), 0.0031120 secs] [Times: user=0.01 sys=0.00, real=0.00 secs] 
67.290: Total time for which application threads were stopped: 0.0032950 seconds, Stopping threads took: 0.0001070 seconds
67.313: Application time: 0.0230610 seconds
67.313: [GC [PSYoungGen: 100400K->8016K(107520K)] 134791K->42407K(352256K), 0.0030640 secs] [Times: user=0.02 sys=0.00, real=0.01 secs] 
67.316: Total time for which application threads were stopped: 0.0032710 seconds, Stopping threads took: 0.0001310 seconds
67.352: Application time: 0.0355660 seconds
67.352: [GC [PSYoungGen: 100688K->10128K(107520K)] 135079K->44567K(352256K), 0.0038890 secs] [Times: user=0.03 sys=0.00, real=0.01 secs] 
67.356: Total time for which application threads were stopped: 0.0040390 seconds, Stopping threads took: 0.0000710 seconds
67.387: Application time: 0.0314180 seconds
67.387: [GC [PSYoungGen: 102800K->7984K(107520K)] 137239K->42423K(352256K), 0.0031590 secs] [Times: user=0.02 sys=0.00, real=0.00 secs] 
67.391: Total time for which application threads were stopped: 0.0033140 seconds, Stopping threads took: 0.0000780 seconds
67.427: Application time: 0.0361590 seconds
67.427: [GC [PSYoungGen: 100656K->7552K(107520K)] 135095K->41991K(352256K), 0.0030310 secs] [Times: user=0.02 sys=0.00, real=0.00 secs] 
67.430: Total time for which application threads were stopped: 0.0032210 seconds, Stopping threads took: 0.0000970 seconds
67.465: Application time: 0.0352100 seconds
67.465: [GC [PSYoungGen: 100224K->7824K(107520K)] 134663K->42263K(352256K), 0.0031010 secs] [Times: user=0.02 sys=0.00, real=0.01 secs] 
67.468: Total time for which application threads were stopped: 0.0032590 seconds, Stopping threads took: 0.0000810 seconds
67.498: Application time: 0.0297200 seconds
67.498: [GC [PSYoungGen: 100496K->7680K(107520K)] 134935K->42167K(352256K), 0.0030840 secs] [Times: user=0.02 sys=0.00, real=0.00 secs] 
67.501: Total time for which application threads were stopped: 0.0032430 seconds, Stopping threads took: 0.0000790 seconds
67.532: Application time: 0.0300980 seconds
67.532: [GC [PSYoungGen: 100352K->7744K(107520K)] 134839K->42231K(352256K), 0.0031000 secs] [Times: user=0.02 sys=0.00, real=0.01 secs] 
67.535: Total time for which application threads were stopped: 0.0032390 seconds, Stopping threads took: 0.0000610 seconds
67.556: Application time: 0.0208670 seconds
67.556: [GC [PSYoungGen: 100416K->8000K(107520K)] 134903K->42488K(352256K), 0.0030940 secs] [Times: user=0.02 sys=0.00, real=0.00 secs] 
67.559: Total time for which application threads were stopped: 0.0032600 seconds, Stopping threads took: 0.0000890 seconds
67.586: Application time: 0.0274780 seconds
67.587: [GC [PSYoungGen: 100672K->13760K(107520K)] 135160K->48247K(352256K), 0.0052980 secs] [Times: user=0.03 sys=0.00, real=0.00 secs] 
67.592: Total time for which application threads were stopped: 0.0054490 seconds, Stopping threads took: 0.0000640 seconds
67.631: Application time: 0.0391950 seconds
67.631: [GC [PSYoungGen: 106432K->8352K(107520K)] 140919K->42840K(352256K), 0.0031730 secs] [Times: user=0.01 sys=0.00, real=0.01 secs] 
67.634: Total time for which application threads were stopped: 0.0033300 seconds, Stopping threads took: 0.0000760 seconds
67.664: Application time: 0.0300840 seconds
67.665: [GC [PSYoungGen: 101024K->7680K(107520K)] 135512K->42167K(352256K), 0.0032360 secs] [Times: user=0.02 sys=0.00, real=0.01 secs] 
67.668: Total time for which application threads were stopped: 0.0034220 seconds, Stopping threads took: 0.0000980 seconds
67.710: Application time: 0.0416580 seconds
67.710: [GC [PSYoungGen: 100352K->8016K(107520K)] 134839K->42503K(352256K), 0.0031860 secs] [Times: user=0.03 sys=0.00, real=0.00 secs] 
67.713: Total time for which application threads were stopped: 0.0033820 seconds, Stopping threads took: 0.0001080 seconds
67.742: Application time: 0.0288600 seconds
67.742: [GC [PSYoungGen: 100688K->7968K(107520K)] 135175K->42455K(352256K), 0.0031640 secs] [Times: user=0.02 sys=0.00, real=0.00 secs] 
67.745: Total time for which application threads were stopped: 0.0033390 seconds, Stopping threads took: 0.0000960 seconds
67.777: Application time: 0.0313790 seconds
67.777: [GC [PSYoungGen: 100640K->8256K(107520K)] 135127K->42743K(352256K), 0.0031840 secs] [Times: user=0.02 sys=0.00, real=0.00 secs] 
67.780: Total time for which application threads were stopped: 0.0033460 seconds, Stopping threads took: 0.0000840 seconds
67.802: Application time: 0.0222110 seconds
67.802: [GC [PSYoungGen: 100928K->7952K(107520K)] 135415K->42439K(352256K), 0.0030060 secs] [Times: user=0.02 sys=0.00, real=0.00 secs] 
67.805: Total time for which application threads were stopped: 0.0031770 seconds, Stopping threads took: 0.0000930 seconds
67.827: Application time: 0.0222040 seconds
67.828: [GC [PSYoungGen: 100624K->8192K(107520K)] 135111K->42679K(352256K), 0.0030120 secs] [Times: user=0.02 sys=0.00, real=0.00 secs] 
67.831: Total time for which application threads were stopped: 0.0031890 seconds, Stopping threads took: 0.0000900 seconds
67.869: Application time: 0.0386180 seconds
67.869: [GC [PSYoungGen: 100864K->13568K(107520K)] 135351K->48055K(352256K), 0.0053440 secs] [Times: user=0.04 sys=0.00, real=0.01 secs] 
67.875: Total time for which application threads were stopped: 0.0055710 seconds, Stopping threads took: 0.0001360 seconds
67.905: Application time: 0.0303550 seconds
67.906: [GC [PSYoungGen: 106240K->8192K(107520K)] 140727K->42679K(352256K), 0.0031180 secs] [Times: user=0.02 sys=0.00, real=0.00 secs] 
67.909: Total time for which application threads were stopped: 0.0038860 seconds, Stopping threads took: 0.0006820 seconds
67.949: Application time: 0.0399710 seconds
67.949: [GC [PSYoungGen: 100864K->9664K(107520K)] 135351K->44151K(352256K), 0.0038710 secs] [Times: user=0.03 sys=0.00, real=0.00 secs] 
67.953: Total time for which application threads were stopped: 0.0040870 seconds, Stopping threads took: 0.0001050 seconds
67.985: Application time: 0.0317460 seconds
67.986: [GC [PSYoungGen: 102336K->7840K(107520K)] 136823K->42328K(352256K), 0.0029210 secs] [Times: user=0.02 sys=0.00, real=0.00 secs] 
67.989: Total time for which application threads were stopped: 0.0039870 seconds, Stopping threads took: 0.0009920 seconds
68.020: Application time: 0.0315400 seconds
68.021: [GC [PSYoungGen: 100512K->7648K(107520K)] 135000K->42316K(352256K), 0.0031170 secs] [Times: user=0.02 sys=0.00, real=0.00 secs] 
68.024: Total time for which application threads were stopped: 0.0032920 seconds, Stopping threads took: 0.0000890 seconds
68.051: Application time: 0.0271760 seconds
68.051: [GC [PSYoungGen: 100320K->7776K(107520K)] 134988K->42500K(352256K), 0.0030280 secs] [Times: user=0.02 sys=0.00, real=0.01 secs] 
68.054: Total time for which application threads were stopped: 0.0031970 seconds, Stopping threads took: 0.0000920 seconds
68.075: Application time: 0.0210840 seconds
68.075: [GC [PSYoungGen: 100448K->7728K(107520K)] 135172K->42452K(352256K), 0.0030650 secs] [Times: user=0.02 sys=0.00, real=0.00 secs] 
68.078: Total time for which application threads were stopped: 0.0032400 seconds, Stopping threads took: 0.0000990 seconds
68.110: Application time: 0.0318200 seconds
68.110: [GC [PSYoungGen: 100400K->11888K(107520K)] 135124K->46668K(352256K), 0.0045320 secs] [Times: user=0.04 sys=0.00, real=0.01 secs] 
68.115: Total time for which application threads were stopped: 0.0046960 seconds, Stopping threads took: 0.0000800 seconds
68.150: Application time: 0.0352490 seconds
68.150: [GC [PSYoungGen: 104560K->8032K(107520K)] 139340K->42812K(352256K), 0.0031180 secs] [Times: user=0.02 sys=0.00, real=0.00 secs] 
68.154: Total time for which application threads were stopped: 0.0032640 seconds, Stopping threads took: 0.0000660 seconds
68.187: Application time: 0.0336080 seconds
68.187: [GC [PSYoungGen: 100704K->7504K(107520K)] 135484K->42284K(352256K), 0.0030660 secs] [Times: user=0.01 sys=0.00, real=0.00 secs] 
68.190: Total time for which application threads were stopped: 0.0032310 seconds, Stopping threads took: 0.0000830 seconds
68.229: Application time: 0.0386950 seconds
68.229: [GC [PSYoungGen: 100176K->7648K(107520K)] 134956K->42428K(352256K), 0.0031130 secs] [Times: user=0.02 sys=0.00, real=0.00 secs] 
68.232: Total time for which application threads were stopped: 0.0033120 seconds, Stopping threads took: 0.0001200 seconds
68.261: Application time: 0.0281770 seconds
68.261: [GC [PSYoungGen: 100320K->7712K(107520K)] 135100K->42548K(352256K), 0.0030760 secs] [Times: user=0.02 sys=0.00, real=0.00 secs] 
68.264: Total time for which application threads were stopped: 0.0032300 seconds, Stopping threads took: 0.0000770 seconds
68.295: Application time: 0.0315940 seconds
68.295: [GC [PSYoungGen: 100384K->7728K(107520K)] 135220K->42564K(352256K), 0.0030960 secs] [Times: user=0.02 sys=0.00, real=0.00 secs] 
68.299: Total time for which application threads were stopped: 0.0032400 seconds, Stopping threads took: 0.0000660 seconds
68.320: Application time: 0.0217140 seconds
68.320: [GC [PSYoungGen: 100400K->8176K(107520K)] 135236K->43012K(352256K), 0.0031400 secs] [Times: user=0.02 sys=0.00, real=0.00 secs] 
68.324: Total time for which application threads were stopped: 0.0033240 seconds, Stopping threads took: 0.0001040 seconds
68.347: Application time: 0.0237630 seconds
68.348: [GC [PSYoungGen: 100848K->10608K(107520K)] 135684K->45444K(352256K), 0.0040410 secs] [Times: user=0.03 sys=0.00, real=0.00 secs] 
68.352: Total time for which application threads were stopped: 0.0042190 seconds, Stopping threads took: 0.0000970 seconds
68.391: Application time: 0.0391180 seconds
68.394: [GC [PSYoungGen: 103280K->9312K(107520K)] 138116K->44148K(352256K), 0.0034590 secs] [Times: user=0.02 sys=0.00, real=0.00 secs] 
68.397: Total time for which application threads were stopped: 0.0066770 seconds, Stopping threads took: 0.0031420 seconds
68.427: Application time: 0.0296840 seconds
68.427: [GC [PSYoungGen: 101984K->7776K(107520K)] 136820K->42612K(352256K), 0.0030710 secs] [Times: user=0.02 sys=0.00, real=0.00 secs] 
68.430: Total time for which application threads were stopped: 0.0032590 seconds, Stopping threads took: 0.0001070 seconds
68.473: Application time: 0.0423120 seconds
68.473: [GC [PSYoungGen: 100448K->8032K(107520K)] 135284K->42868K(352256K), 0.0031470 secs] [Times: user=0.02 sys=0.00, real=0.01 secs] 
68.476: Total time for which application threads were stopped: 0.0033150 seconds, Stopping threads took: 0.0000740 seconds
68.505: Application time: 0.0288090 seconds
68.505: [GC [PSYoungGen: 100704K->7776K(107520K)] 135540K->42612K(352256K), 0.0030830 secs] [Times: user=0.02 sys=0.00, real=0.01 secs] 
68.508: Total time for which application threads were stopped: 0.0032490 seconds, Stopping threads took: 0.0000860 seconds
68.540: Application time: 0.0319100 seconds
68.540: [GC [PSYoungGen: 100448K->7840K(107520K)] 135284K->42676K(352256K), 0.0030280 secs] [Times: user=0.02 sys=0.00, real=0.00 secs] 
68.543: Total time for which application threads were stopped: 0.0032180 seconds, Stopping threads took: 0.0001100 seconds
68.567: Application time: 0.0236520 seconds
68.567: [GC [PSYoungGen: 100512K->8016K(107520K)] 135348K->42852K(352256K), 0.0031190 secs] [Times: user=0.02 sys=0.00, real=0.00 secs] 
68.570: Total time for which application threads were stopped: 0.0033020 seconds, Stopping threads took: 0.0001040 seconds
68.591: Application time: 0.0210140 seconds
68.591: [GC [PSYoungGen: 100688K->8224K(107520K)] 135524K->43060K(352256K), 0.0031090 secs] [Times: user=0.02 sys=0.00, real=0.01 secs] 
68.594: Total time for which application threads were stopped: 0.0032780 seconds, Stopping threads took: 0.0000930 seconds
68.632: Application time: 0.0378740 seconds
68.632: [GC [PSYoungGen: 100896K->13376K(107520K)] 135732K->48212K(352256K), 0.0051960 secs] [Times: user=0.04 sys=0.00, real=0.01 secs] 
68.638: Total time for which application threads were stopped: 0.0053750 seconds, Stopping threads took: 0.0000920 seconds
68.668: Application time: 0.0305790 seconds
68.668: [GC [PSYoungGen: 106048K->8096K(107520K)] 140884K->42932K(352256K), 0.0031490 secs] [Times: user=0.02 sys=0.00, real=0.00 secs] 
68.672: Total time for which application threads were stopped: 0.0033290 seconds, Stopping threads took: 0.0000940 seconds
68.710: Application time: 0.0382880 seconds
68.710: [GC [PSYoungGen: 100768K->9776K(107520K)] 135604K->44612K(352256K), 0.0038020 secs] [Times: user=0.03 sys=0.00, real=0.01 secs] 
68.714: Total time for which application threads were stopped: 0.0040030 seconds, Stopping threads took: 0.0001120 seconds
68.749: Application time: 0.0347430 seconds
68.749: [GC [PSYoungGen: 102448K->8192K(107520K)] 137284K->43028K(352256K), 0.0031660 secs] [Times: user=0.02 sys=0.00, real=0.00 secs] 
68.752: Total time for which application threads were stopped: 0.0033330 seconds, Stopping threads took: 0.0000840 seconds
68.782: Application time: 0.0299260 seconds
68.782: [GC [PSYoungGen: 100864K->7568K(107520K)] 135700K->42524K(352256K), 0.0031360 secs] [Times: user=0.02 sys=0.00, real=0.00 secs] 
68.785: Total time for which application threads were stopped: 0.0033070 seconds, Stopping threads took: 0.0000920 seconds
68.814: Application time: 0.0286940 seconds
68.814: [GC [PSYoungGen: 100240K->7792K(107520K)] 135196K->42868K(352256K), 0.0031330 secs] [Times: user=0.02 sys=0.00, real=0.00 secs] 
68.817: Total time for which application threads were stopped: 0.0032920 seconds, Stopping threads took: 0.0000820 seconds
68.839: Application time: 0.0216450 seconds
68.839: [GC [PSYoungGen: 100464K->7792K(107520K)] 135540K->42868K(352256K), 0.0030410 secs] [Times: user=0.02 sys=0.00, real=0.00 secs] 
68.842: Total time for which application threads were stopped: 0.0032350 seconds, Stopping threads took: 0.0001100 seconds
68.869: Application time: 0.0270490 seconds
68.869: [GC [PSYoungGen: 100464K->13008K(107520K)] 135540K->48132K(352256K), 0.0052730 secs] [Times: user=0.04 sys=0.00, real=0.01 secs] 
68.875: Total time for which application threads were stopped: 0.0054560 seconds, Stopping threads took: 0.0000980 seconds
68.913: Application time: 0.0388270 seconds
68.914: [GC [PSYoungGen: 105680K->7760K(107520K)] 140804K->42884K(352256K), 0.0030220 secs] [Times: user=0.02 sys=0.00, real=0.01 secs] 
68.917: Total time for which application threads were stopped: 0.0031990 seconds, Stopping threads took: 0.0000960 seconds
68.948: Application time: 0.0311120 seconds
68.948: [GC [PSYoungGen: 100432K->7808K(107520K)] 135556K->42932K(352256K), 0.0031260 secs] [Times: user=0.01 sys=0.00, real=0.00 secs] 
68.951: Total time for which application threads were stopped: 0.0033040 seconds, Stopping threads took: 0.0000970 seconds
68.992: Application time: 0.0413530 seconds
68.993: [GC [PSYoungGen: 100480K->7936K(107520K)] 135604K->43060K(352256K), 0.0031030 secs] [Times: user=0.02 sys=0.00, real=0.01 secs] 
68.996: Total time for which application threads were stopped: 0.0032750 seconds, Stopping threads took: 0.0000690 seconds
69.024: Application time: 0.0285480 seconds
69.024: [GC [PSYoungGen: 100608K->7584K(107520K)] 135732K->42764K(352256K), 0.0029880 secs] [Times: user=0.02 sys=0.00, real=0.01 secs] 
69.027: Total time for which application threads were stopped: 0.0031580 seconds, Stopping threads took: 0.0000940 seconds
69.059: Application time: 0.0317220 seconds
69.062: [GC [PSYoungGen: 100256K->7776K(107520K)] 135436K->42956K(352256K), 0.0168740 secs] [Times: user=0.12 sys=0.00, real=0.02 secs] 
69.079: Total time for which application threads were stopped: 0.0197060 seconds, Stopping threads took: 0.0027530 seconds
69.104: Application time: 0.0246470 seconds
69.104: [GC [PSYoungGen: 100448K->7968K(107520K)] 135628K->43148K(352256K), 0.0030380 secs] [Times: user=0.02 sys=0.00, real=0.01 secs] 
69.107: Total time for which application threads were stopped: 0.0031840 seconds, Stopping threads took: 0.0000690 seconds
69.129: Application time: 0.0219880 seconds
69.129: [GC [PSYoungGen: 100640K->9008K(107520K)] 135820K->44188K(352256K), 0.0034070 secs] [Times: user=0.03 sys=0.00, real=0.00 secs] 
69.132: Total time for which application threads were stopped: 0.0035940 seconds, Stopping threads took: 0.0000970 seconds
69.172: Application time: 0.0395670 seconds
69.172: [GC [PSYoungGen: 101680K->10864K(107520K)] 136860K->46044K(352256K), 0.0040880 secs] [Times: user=0.03 sys=0.00, real=0.01 secs] 
69.176: Total time for which application threads were stopped: 0.0042980 seconds, Stopping threads took: 0.0001290 seconds
69.205: Application time: 0.0288200 seconds
69.205: [GC [PSYoungGen: 103536K->7856K(107520K)] 138716K->43036K(352256K), 0.0030670 secs] [Times: user=0.02 sys=0.00, real=0.01 secs] 
69.208: Total time for which application threads were stopped: 0.0032590 seconds, Stopping threads took: 0.0001050 seconds
69.249: Application time: 0.0411050 seconds
69.249: [GC [PSYoungGen: 100528K->8144K(107520K)] 135708K->43324K(352256K), 0.0031070 secs] [Times: user=0.02 sys=0.00, real=0.00 secs] 
69.253: Total time for which application threads were stopped: 0.0032920 seconds, Stopping threads took: 0.0001010 seconds
69.284: Application time: 0.0312330 seconds
69.284: [GC [PSYoungGen: 100816K->7952K(107520K)] 135996K->43132K(352256K), 0.0031350 secs] [Times: user=0.02 sys=0.00, real=0.01 secs] 
69.287: Total time for which application threads were stopped: 0.0032970 seconds, Stopping threads took: 0.0000790 seconds
69.318: Application time: 0.0306580 seconds
69.318: [GC [PSYoungGen: 100624K->7920K(107520K)] 135804K->43100K(352256K), 0.0031390 secs] [Times: user=0.02 sys=0.00, real=0.00 secs] 
69.321: Total time for which application threads were stopped: 0.0033200 seconds, Stopping threads took: 0.0001050 seconds
69.348: Application time: 0.0265900 seconds
69.348: [GC [PSYoungGen: 100592K->7984K(107520K)] 135772K->43164K(352256K), 0.0031410 secs] [Times: user=0.02 sys=0.00, real=0.00 secs] 
69.351: Total time for which application threads were stopped: 0.0032940 seconds, Stopping threads took: 0.0000760 seconds
69.373: Application time: 0.0215500 seconds
69.373: [GC [PSYoungGen: 100656K->7872K(107520K)] 135836K->43052K(352256K), 0.0029820 secs] [Times: user=0.02 sys=0.00, real=0.01 secs] 
69.376: Total time for which application threads were stopped: 0.0031450 seconds, Stopping threads took: 0.0000870 seconds
69.409: Application time: 0.0328890 seconds
69.409: [GC [PSYoungGen: 100544K->12384K(107520K)] 135724K->47564K(352256K), 0.0045830 secs] [Times: user=0.03 sys=0.00, real=0.00 secs] 
69.413: Total time for which application threads were stopped: 0.0047680 seconds, Stopping threads took: 0.0000940 seconds
69.447: Application time: 0.0337990 seconds
69.447: [GC [PSYoungGen: 105056K->8016K(107520K)] 140236K->43196K(352256K), 0.0030810 secs] [Times: user=0.02 sys=0.00, real=0.00 secs] 
69.450: Total time for which application threads were stopped: 0.0032590 seconds, Stopping threads took: 0.0001020 seconds
69.486: Application time: 0.0356190 seconds
69.486: [GC [PSYoungGen: 100688K->8384K(107520K)] 135868K->43564K(352256K), 0.0032540 secs] [Times: user=0.02 sys=0.00, real=0.00 secs] 
69.490: Total time for which application threads were stopped: 0.0034140 seconds, Stopping threads took: 0.0000790 seconds
69.526: Application time: 0.0366920 seconds
69.526: [GC [PSYoungGen: 101056K->7952K(107520K)] 136236K->43132K(352256K), 0.0031280 secs] [Times: user=0.02 sys=0.00, real=0.00 secs] 
69.530: Total time for which application threads were stopped: 0.0033010 seconds, Stopping threads took: 0.0000760 seconds
69.559: Application time: 0.0290630 seconds
69.559: [GC [PSYoungGen: 100624K->7760K(107520K)] 135804K->43052K(352256K), 0.0031870 secs] [Times: user=0.02 sys=0.00, real=0.00 secs] 
69.562: Total time for which application threads were stopped: 0.0033730 seconds, Stopping threads took: 0.0000790 seconds
69.592: Application time: 0.0301550 seconds
69.592: [GC [PSYoungGen: 100432K->7856K(107520K)] 135724K->43268K(352256K), 0.0032100 secs] [Times: user=0.02 sys=0.00, real=0.01 secs] 
69.596: Total time for which application threads were stopped: 0.0033890 seconds, Stopping threads took: 0.0001010 seconds
69.617: Application time: 0.0220030 seconds
69.618: [GC [PSYoungGen: 100528K->7744K(107520K)] 135940K->43156K(352256K), 0.0030630 secs] [Times: user=0.02 sys=0.00, real=0.00 secs] 
69.621: Total time for which application threads were stopped: 0.0032170 seconds, Stopping threads took: 0.0000770 seconds
69.645: Application time: 0.0245490 seconds
69.645: [GC [PSYoungGen: 100416K->11152K(107520K)] 135828K->46564K(352256K), 0.0045050 secs] [Times: user=0.04 sys=0.00, real=0.01 secs] 
69.650: Total time for which application threads were stopped: 0.0046660 seconds, Stopping threads took: 0.0000780 seconds
69.690: Application time: 0.0401490 seconds
69.690: [GC [PSYoungGen: 103824K->8896K(107520K)] 139236K->44356K(352256K), 0.0034250 secs] [Times: user=0.02 sys=0.00, real=0.00 secs] 
69.694: Total time for which application threads were stopped: 0.0036040 seconds, Stopping threads took: 0.0001030 seconds
69.723: Application time: 0.0295840 seconds
69.723: [GC [PSYoungGen: 101568K->7728K(107520K)] 137028K->43188K(352256K), 0.0030790 secs] [Times: user=0.02 sys=0.00, real=0.01 secs] 
69.727: Total time for which application threads were stopped: 0.0032540 seconds, Stopping threads took: 0.0000980 seconds
69.769: Application time: 0.0420480 seconds
69.769: [GC [PSYoungGen: 100400K->7600K(107520K)] 135860K->43060K(352256K), 0.0032260 secs] [Times: user=0.02 sys=0.00, real=0.00 secs] 
69.772: Total time for which application threads were stopped: 0.0034000 seconds, Stopping threads took: 0.0000930 seconds
69.802: Application time: 0.0298640 seconds
69.802: [GC [PSYoungGen: 100272K->7568K(107520K)] 135732K->43084K(352256K), 0.0029970 secs] [Times: user=0.02 sys=0.00, real=0.00 secs] 
69.805: Total time for which application threads were stopped: 0.0031600 seconds, Stopping threads took: 0.0000850 seconds
69.836: Application time: 0.0306630 seconds
69.836: [GC [PSYoungGen: 100240K->7936K(107520K)] 135756K->43452K(352256K), 0.0031300 secs] [Times: user=0.02 sys=0.00, real=0.00 secs] 
69.839: Total time for which application threads were stopped: 0.0032870 seconds, Stopping threads took: 0.0000760 seconds
69.863: Application time: 0.0239180 seconds
69.863: [GC [PSYoungGen: 100608K->7888K(107520K)] 136124K->43404K(352256K), 0.0030700 secs] [Times: user=0.02 sys=0.00, real=0.01 secs] 
69.866: Total time for which application threads were stopped: 0.0032590 seconds, Stopping threads took: 0.0001140 seconds
69.888: Application time: 0.0218720 seconds
69.890: [GC [PSYoungGen: 100560K->8000K(107520K)] 136076K->43516K(352256K), 0.0030840 secs] [Times: user=0.02 sys=0.00, real=0.00 secs] 
69.893: Total time for which application threads were stopped: 0.0050110 seconds, Stopping threads took: 0.0018520 seconds
69.931: Application time: 0.0379890 seconds
69.934: [GC [PSYoungGen: 100672K->13856K(107520K)] 136188K->49372K(352256K), 0.0059190 secs] [Times: user=0.02 sys=0.00, real=0.01 secs] 
69.940: Total time for which application threads were stopped: 0.0087630 seconds, Stopping threads took: 0.0027370 seconds
69.973: Application time: 0.0330220 seconds
69.973: [GC [PSYoungGen: 106528K->8096K(107520K)] 142044K->43612K(352256K), 0.0031260 secs] [Times: user=0.02 sys=0.00, real=0.01 secs] 
69.976: Total time for which application threads were stopped: 0.0033220 seconds, Stopping threads took: 0.0001160 seconds
70.016: Application time: 0.0396310 seconds
70.016: [GC [PSYoungGen: 100768K->9824K(107520K)] 136284K->45340K(352256K), 0.0038490 secs] [Times: user=0.03 sys=0.00, real=0.00 secs] 
70.020: Total time for which application threads were stopped: 0.0040230 seconds, Stopping threads took: 0.0000920 seconds
70.053: Application time: 0.0333660 seconds
70.053: [GC [PSYoungGen: 102496K->8080K(107520K)] 138012K->43596K(352256K), 0.0030950 secs] [Times: user=0.02 sys=0.00, real=0.01 secs] 
70.056: Total time for which application threads were stopped: 0.0032830 seconds, Stopping threads took: 0.0000880 seconds
70.087: Application time: 0.0300310 seconds
70.087: [GC [PSYoungGen: 100752K->7920K(107520K)] 136268K->43436K(352256K), 0.0030760 secs] [Times: user=0.02 sys=0.00, real=0.00 secs] 
70.090: Total time for which application threads were stopped: 0.0032380 seconds, Stopping threads took: 0.0000770 seconds
70.118: Application time: 0.0287170 seconds
70.119: [GC [PSYoungGen: 100592K->8048K(107520K)] 136108K->43564K(352256K), 0.0031770 secs] [Times: user=0.02 sys=0.00, real=0.00 secs] 
70.122: Total time for which application threads were stopped: 0.0033240 seconds, Stopping threads took: 0.0000670 seconds
70.142: Application time: 0.0204140 seconds
70.142: [GC [PSYoungGen: 100720K->8272K(107520K)] 136236K->43788K(352256K), 0.0030530 secs] [Times: user=0.02 sys=0.00, real=0.00 secs] 
70.145: Total time for which application threads were stopped: 0.0032110 seconds, Stopping threads took: 0.0000800 seconds
70.176: Application time: 0.0308750 seconds
70.176: [GC [PSYoungGen: 100944K->12224K(107520K)] 136460K->47740K(352256K), 0.0047270 secs] [Times: user=0.03 sys=0.00, real=0.00 secs] 
70.181: Total time for which application threads were stopped: 0.0049070 seconds, Stopping threads took: 0.0000950 seconds
70.216: Application time: 0.0352590 seconds
70.217: [GC [PSYoungGen: 104896K->8848K(107520K)] 140412K->44364K(352256K), 0.0033300 secs] [Times: user=0.03 sys=0.00, real=0.00 secs] 
70.220: Total time for which application threads were stopped: 0.0034680 seconds, Stopping threads took: 0.0000610 seconds
70.253: Application time: 0.0329130 seconds
70.253: [GC [PSYoungGen: 101520K->7744K(107520K)] 137036K->43260K(352256K), 0.0030690 secs] [Times: user=0.02 sys=0.00, real=0.01 secs] 
70.256: Total time for which application threads were stopped: 0.0032520 seconds, Stopping threads took: 0.0001020 seconds
70.296: Application time: 0.0397040 seconds
70.296: [GC [PSYoungGen: 100416K->7984K(107520K)] 135932K->43500K(352256K), 0.0030370 secs] [Times: user=0.02 sys=0.00, real=0.00 secs] 
70.299: Total time for which application threads were stopped: 0.0032230 seconds, Stopping threads took: 0.0000990 seconds
70.327: Application time: 0.0278590 seconds
70.327: [GC [PSYoungGen: 100656K->7840K(107520K)] 136172K->43444K(352256K), 0.0031260 secs] [Times: user=0.02 sys=0.00, real=0.00 secs] 
70.330: Total time for which application threads were stopped: 0.0033060 seconds, Stopping threads took: 0.0001000 seconds
70.362: Application time: 0.0319820 seconds
70.362: [GC [PSYoungGen: 100512K->7696K(107520K)] 136116K->43444K(352256K), 0.0031210 secs] [Times: user=0.02 sys=0.00, real=0.00 secs] 
70.365: Total time for which application threads were stopped: 0.0032820 seconds, Stopping threads took: 0.0000870 seconds
70.387: Application time: 0.0216750 seconds
70.387: [GC [PSYoungGen: 100368K->7840K(107520K)] 136116K->43588K(352256K), 0.0031040 secs] [Times: user=0.02 sys=0.00, real=0.00 secs] 
70.390: Total time for which application threads were stopped: 0.0032750 seconds, Stopping threads took: 0.0000940 seconds
70.413: Application time: 0.0226330 seconds
70.413: [GC [PSYoungGen: 100512K->8736K(107520K)] 136260K->44484K(352256K), 0.0032530 secs] [Times: user=0.03 sys=0.00, real=0.01 secs] 
70.416: Total time for which application threads were stopped: 0.0034030 seconds, Stopping threads took: 0.0000710 seconds
70.456: Application time: 0.0396770 seconds
70.456: [GC [PSYoungGen: 101408K->10528K(107520K)] 137156K->46324K(352256K), 0.0040190 secs] [Times: user=0.03 sys=0.00, real=0.00 secs] 
70.460: Total time for which application threads were stopped: 0.0042100 seconds, Stopping threads took: 0.0001090 seconds
70.490: Application time: 0.0294040 seconds
70.490: [GC [PSYoungGen: 103200K->7552K(107520K)] 138996K->43356K(352256K), 0.0030470 secs] [Times: user=0.02 sys=0.00, real=0.00 secs] 
70.493: Total time for which application threads were stopped: 0.0032300 seconds, Stopping threads took: 0.0001060 seconds
70.536: Application time: 0.0425830 seconds
70.536: [GC [PSYoungGen: 100224K->7792K(107520K)] 136028K->43596K(352256K), 0.0030870 secs] [Times: user=0.02 sys=0.00, real=0.00 secs] 
70.539: Total time for which application threads were stopped: 0.0032620 seconds, Stopping threads took: 0.0000930 seconds
70.568: Application time: 0.0293350 seconds
70.568: [GC [PSYoungGen: 100464K->7664K(107520K)] 136268K->43524K(352256K), 0.0030600 secs] [Times: user=0.02 sys=0.00, real=0.00 secs] 
70.571: Total time for which application threads were stopped: 0.0032380 seconds, Stopping threads took: 0.0000860 seconds
70.605: Application time: 0.0334360 seconds
70.605: [GC [PSYoungGen: 100336K->7872K(107520K)] 136196K->43733K(352256K), 0.0031170 secs] [Times: user=0.03 sys=0.00, real=0.01 secs] 
70.608: Total time for which application threads were stopped: 0.0032940 seconds, Stopping threads took: 0.0000940 seconds
70.633: Application time: 0.0250520 seconds
70.633: [GC [PSYoungGen: 100544K->7856K(107520K)] 136405K->43716K(352256K), 0.0030510 secs] [Times: user=0.02 sys=0.00, real=0.01 secs] 
70.636: Total time for which application threads were stopped: 0.0032280 seconds, Stopping threads took: 0.0000970 seconds
70.658: Application time: 0.0212370 seconds
70.658: [GC [PSYoungGen: 100528K->8048K(107520K)] 136388K->43908K(352256K), 0.0030770 secs] [Times: user=0.01 sys=0.00, real=0.00 secs] 
70.661: Total time for which application threads were stopped: 0.0032500 seconds, Stopping threads took: 0.0000960 seconds
70.697: Application time: 0.0364740 seconds
70.698: [GC [PSYoungGen: 100720K->10112K(107520K)] 136580K->45973K(352256K), 0.0035770 secs] [Times: user=0.02 sys=0.00, real=0.00 secs] 
70.701: Total time for which application threads were stopped: 0.0037390 seconds, Stopping threads took: 0.0000850 seconds
70.731: Application time: 0.0300940 seconds
70.731: [GC [PSYoungGen: 102784K->8176K(107520K)] 138645K->44037K(352256K), 0.0031410 secs] [Times: user=0.02 sys=0.00, real=0.01 secs] 
70.735: Total time for which application threads were stopped: 0.0032910 seconds, Stopping threads took: 0.0000720 seconds
70.772: Application time: 0.0379180 seconds
70.773: [GC [PSYoungGen: 100848K->9328K(107520K)] 136709K->45188K(352256K), 0.0035940 secs] [Times: user=0.02 sys=0.00, real=0.01 secs] 
70.776: Total time for which application threads were stopped: 0.0037580 seconds, Stopping threads took: 0.0000850 seconds
70.814: Application time: 0.0374790 seconds
70.814: [GC [PSYoungGen: 102000K->7728K(107520K)] 137860K->43589K(352256K), 0.0030130 secs] [Times: user=0.02 sys=0.01, real=0.01 secs] 
70.817: Total time for which application threads were stopped: 0.0031760 seconds, Stopping threads took: 0.0000850 seconds
70.846: Application time: 0.0288320 seconds
70.846: [GC [PSYoungGen: 100400K->7632K(107520K)] 136261K->43493K(352256K), 0.0030620 secs] [Times: user=0.01 sys=0.00, real=0.01 secs] 
70.849: Total time for which application threads were stopped: 0.0032180 seconds, Stopping threads took: 0.0000800 seconds
70.879: Application time: 0.0304440 seconds
70.880: [GC [PSYoungGen: 100304K->7792K(107520K)] 136165K->43653K(352256K), 0.0030790 secs] [Times: user=0.01 sys=0.00, real=0.00 secs] 
70.883: Total time for which application threads were stopped: 0.0032570 seconds, Stopping threads took: 0.0000990 seconds
70.904: Application time: 0.0209710 seconds
70.904: [GC [PSYoungGen: 100464K->8288K(107520K)] 136325K->44148K(352256K), 0.0031390 secs] [Times: user=0.02 sys=0.00, real=0.01 secs] 
70.907: Total time for which application threads were stopped: 0.0033510 seconds, Stopping threads took: 0.0001290 seconds
70.934: Application time: 0.0266490 seconds
70.934: [GC [PSYoungGen: 100960K->11264K(107520K)] 136820K->47125K(352256K), 0.0043390 secs] [Times: user=0.03 sys=0.00, real=0.01 secs] 
70.938: Total time for which application threads were stopped: 0.0044810 seconds, Stopping threads took: 0.0000530 seconds
70.978: Application time: 0.0394300 seconds
70.978: [GC [PSYoungGen: 103936K->8272K(107520K)] 139797K->44133K(352256K), 0.0031040 secs] [Times: user=0.02 sys=0.00, real=0.00 secs] 
70.981: Total time for which application threads were stopped: 0.0032630 seconds, Stopping threads took: 0.0000800 seconds
71.012: Application time: 0.0307250 seconds
71.014: [GC [PSYoungGen: 100944K->7904K(107520K)] 136805K->43764K(352256K), 0.0031450 secs] [Times: user=0.02 sys=0.00, real=0.00 secs] 
71.017: Total time for which application threads were stopped: 0.0056070 seconds, Stopping threads took: 0.0023660 seconds
71.059: Application time: 0.0418180 seconds
71.059: [GC [PSYoungGen: 100576K->8160K(107520K)] 136436K->44028K(352256K), 0.0030900 secs] [Times: user=0.02 sys=0.00, real=0.00 secs] 
71.062: Total time for which application threads were stopped: 0.0032860 seconds, Stopping threads took: 0.0001100 seconds
71.089: Application time: 0.0268200 seconds
71.089: [GC [PSYoungGen: 100832K->7600K(107520K)] 136700K->43557K(352256K), 0.0030450 secs] [Times: user=0.02 sys=0.00, real=0.00 secs] 
71.092: Total time for which application threads were stopped: 0.0032520 seconds, Stopping threads took: 0.0001050 seconds
71.126: Application time: 0.0331730 seconds
71.126: [GC [PSYoungGen: 100272K->7856K(107520K)] 136229K->43965K(352256K), 0.0031030 secs] [Times: user=0.02 sys=0.00, real=0.01 secs] 
71.129: Total time for which application threads were stopped: 0.0032870 seconds, Stopping threads took: 0.0001030 seconds
71.151: Application time: 0.0222030 seconds
71.151: [GC [PSYoungGen: 100528K->7696K(107520K)] 136637K->43805K(352256K), 0.0030120 secs] [Times: user=0.02 sys=0.00, real=0.01 secs] 
71.154: Total time for which application threads were stopped: 0.0031710 seconds, Stopping threads took: 0.0000840 seconds
71.176: Application time: 0.0218760 seconds
71.178: [GC [PSYoungGen: 100368K->7600K(107520K)] 136477K->43709K(352256K), 0.0029070 secs] [Times: user=0.02 sys=0.00, real=0.00 secs] 
71.181: Total time for which application threads were stopped: 0.0048330 seconds, Stopping threads took: 0.0018520 seconds
71.221: Application time: 0.0403190 seconds
71.221: [GC [PSYoungGen: 100272K->10512K(107520K)] 136381K->46669K(352256K), 0.0040330 secs] [Times: user=0.03 sys=0.00, real=0.00 secs] 
71.225: Total time for which application threads were stopped: 0.0041920 seconds, Stopping threads took: 0.0000810 seconds
71.253: Application time: 0.0280580 seconds
71.254: [GC [PSYoungGen: 103184K->7840K(107520K)] 139341K->43997K(352256K), 0.0030820 secs] [Times: user=0.02 sys=0.00, real=0.01 secs] 
71.257: Total time for which application threads were stopped: 0.0032310 seconds, Stopping threads took: 0.0000680 seconds
71.297: Application time: 0.0404970 seconds
71.297: [GC [PSYoungGen: 100512K->9392K(107520K)] 136669K->45549K(352256K), 0.0038270 secs] [Times: user=0.02 sys=0.00, real=0.00 secs] 
71.301: Total time for which application threads were stopped: 0.0040060 seconds, Stopping threads took: 0.0000990 seconds
71.334: Application time: 0.0323160 seconds
71.334: [GC [PSYoungGen: 102064K->7744K(107520K)] 138221K->43957K(352256K), 0.0029860 secs] [Times: user=0.02 sys=0.01, real=0.01 secs] 
71.337: Total time for which application threads were stopped: 0.0031640 seconds, Stopping threads took: 0.0001020 seconds
71.367: Application time: 0.0307080 seconds
71.368: [GC [PSYoungGen: 100416K->7984K(107520K)] 136629K->44197K(352256K), 0.0031560 secs] [Times: user=0.02 sys=0.00, real=0.00 secs] 
71.371: Total time for which application threads were stopped: 0.0033320 seconds, Stopping threads took: 0.0000840 seconds
71.398: Application time: 0.0269480 seconds
71.398: [GC [PSYoungGen: 100656K->7968K(107520K)] 136869K->44181K(352256K), 0.0032170 secs] [Times: user=0.01 sys=0.00, real=0.00 secs] 
71.401: Total time for which application threads were stopped: 0.0033810 seconds, Stopping threads took: 0.0000860 seconds
71.421: Application time: 0.0199210 seconds
71.421: [GC [PSYoungGen: 100640K->7808K(107520K)] 136853K->44021K(352256K), 0.0030930 secs] [Times: user=0.02 sys=0.00, real=0.00 secs] 
71.424: Total time for which application threads were stopped: 0.0032750 seconds, Stopping threads took: 0.0001000 seconds
71.456: Application time: 0.0319350 seconds
71.456: [GC [PSYoungGen: 100480K->13936K(107520K)] 136693K->50149K(352256K), 0.0052070 secs] [Times: user=0.04 sys=0.00, real=0.00 secs] 
71.462: Total time for which application threads were stopped: 0.0053840 seconds, Stopping threads took: 0.0000910 seconds
71.497: Application time: 0.0358550 seconds
71.498: [GC [PSYoungGen: 106608K->8192K(107520K)] 142821K->44405K(352256K), 0.0031140 secs] [Times: user=0.03 sys=0.00, real=0.00 secs] 
71.501: Total time for which application threads were stopped: 0.0032700 seconds, Stopping threads took: 0.0000780 seconds
71.534: Application time: 0.0335510 seconds
71.534: [GC [PSYoungGen: 100864K->7968K(107520K)] 137077K->44181K(352256K), 0.0030910 secs] [Times: user=0.03 sys=0.00, real=0.00 secs] 
71.538: Total time for which application threads were stopped: 0.0032680 seconds, Stopping threads took: 0.0001030 seconds
71.577: Application time: 0.0392670 seconds
71.577: [GC [PSYoungGen: 100640K->7984K(107520K)] 136853K->44197K(352256K), 0.0030830 secs] [Times: user=0.02 sys=0.00, real=0.00 secs] 
71.580: Total time for which application threads were stopped: 0.0032630 seconds, Stopping threads took: 0.0001020 seconds
71.607: Application time: 0.0266240 seconds
71.607: [GC [PSYoungGen: 100656K->7872K(107520K)] 136869K->44085K(352256K), 0.0030420 secs] [Times: user=0.02 sys=0.00, real=0.00 secs] 
71.610: Total time for which application threads were stopped: 0.0032270 seconds, Stopping threads took: 0.0000890 seconds
71.643: Application time: 0.0329260 seconds
71.643: [GC [PSYoungGen: 100544K->7984K(107520K)] 136757K->44197K(352256K), 0.0032820 secs] [Times: user=0.02 sys=0.00, real=0.01 secs] 
71.646: Total time for which application threads were stopped: 0.0034700 seconds, Stopping threads took: 0.0001060 seconds
71.667: Application time: 0.0211140 seconds
71.668: [GC [PSYoungGen: 100656K->7744K(107520K)] 136869K->43957K(352256K), 0.0030260 secs] [Times: user=0.02 sys=0.00, real=0.00 secs] 
71.671: Total time for which application threads were stopped: 0.0031800 seconds, Stopping threads took: 0.0000770 seconds
71.694: Application time: 0.0234710 seconds
71.694: [GC [PSYoungGen: 100416K->10000K(107520K)] 136629K->46213K(352256K), 0.0037840 secs] [Times: user=0.03 sys=0.00, real=0.00 secs] 
71.698: Total time for which application threads were stopped: 0.0039720 seconds, Stopping threads took: 0.0001060 seconds
71.739: Application time: 0.0409220 seconds
71.739: [GC [PSYoungGen: 102672K->8832K(107520K)] 138885K->45045K(352256K), 0.0032470 secs] [Times: user=0.02 sys=0.00, real=0.00 secs] 
71.742: Total time for which application threads were stopped: 0.0034000 seconds, Stopping threads took: 0.0000750 seconds
71.772: Application time: 0.0294230 seconds
71.772: [GC [PSYoungGen: 101504K->7808K(107520K)] 137717K->44021K(352256K), 0.0031080 secs] [Times: user=0.01 sys=0.00, real=0.01 secs] 
71.775: Total time for which application threads were stopped: 0.0033100 seconds, Stopping threads took: 0.0001210 seconds
71.817: Application time: 0.0422110 seconds
71.817: [GC [PSYoungGen: 100480K->8304K(107520K)] 136693K->44517K(352256K), 0.0031860 secs] [Times: user=0.02 sys=0.00, real=0.00 secs] 
71.821: Total time for which application threads were stopped: 0.0033380 seconds, Stopping threads took: 0.0000750 seconds
71.848: Application time: 0.0275230 seconds
71.848: [GC [PSYoungGen: 100976K->8032K(107520K)] 137189K->44301K(352256K), 0.0031400 secs] [Times: user=0.02 sys=0.00, real=0.00 secs] 
71.852: Total time for which application threads were stopped: 0.0032970 seconds, Stopping threads took: 0.0000780 seconds
71.885: Application time: 0.0338140 seconds
71.886: [GC [PSYoungGen: 100704K->7680K(107520K)] 136973K->44129K(352256K), 0.0030650 secs] [Times: user=0.02 sys=0.00, real=0.01 secs] 
71.889: Total time for which application threads were stopped: 0.0032580 seconds, Stopping threads took: 0.0001170 seconds
71.912: Application time: 0.0234570 seconds
71.914: [GC [PSYoungGen: 100352K->7856K(107520K)] 136801K->44305K(352256K), 0.0030920 secs] [Times: user=0.02 sys=0.00, real=0.00 secs] 
71.917: Total time for which application threads were stopped: 0.0050220 seconds, Stopping threads took: 0.0018510 seconds
71.938: Application time: 0.0204430 seconds
71.938: [GC [PSYoungGen: 100528K->7712K(107520K)] 136977K->44161K(352256K), 0.0030020 secs] [Times: user=0.02 sys=0.00, real=0.00 secs] 
71.941: Total time for which application threads were stopped: 0.0031890 seconds, Stopping threads took: 0.0001000 seconds
71.981: Application time: 0.0399920 seconds
71.981: [GC [PSYoungGen: 100384K->11216K(107520K)] 136833K->47721K(352256K), 0.0042800 secs] [Times: user=0.03 sys=0.00, real=0.00 secs] 
71.985: Total time for which application threads were stopped: 0.0044330 seconds, Stopping threads took: 0.0000730 seconds
72.015: Application time: 0.0299510 seconds
72.015: [GC [PSYoungGen: 103888K->7760K(107520K)] 140393K->44265K(352256K), 0.0030030 secs] [Times: user=0.02 sys=0.00, real=0.00 secs] 
72.018: Total time for which application threads were stopped: 0.0031580 seconds, Stopping threads took: 0.0000670 seconds
72.056: Application time: 0.0375140 seconds
72.056: [GC [PSYoungGen: 100432K->7520K(107520K)] 136937K->44025K(352256K), 0.0030200 secs] [Times: user=0.02 sys=0.00, real=0.00 secs] 
72.059: Total time for which application threads were stopped: 0.0031960 seconds, Stopping threads took: 0.0000930 seconds
72.094: Application time: 0.0347140 seconds
72.094: [GC [PSYoungGen: 100192K->7792K(107520K)] 136697K->44297K(352256K), 0.0030260 secs] [Times: user=0.02 sys=0.00, real=0.01 secs] 
72.097: Total time for which application threads were stopped: 0.0031960 seconds, Stopping threads took: 0.0000930 seconds
72.128: Application time: 0.0311590 seconds
72.128: [GC [PSYoungGen: 100464K->7824K(107520K)] 136969K->44385K(352256K), 0.0031110 secs] [Times: user=0.03 sys=0.00, real=0.00 secs] 
72.131: Total time for which application threads were stopped: 0.0033070 seconds, Stopping threads took: 0.0000950 seconds
72.159: Application time: 0.0278020 seconds
72.159: [GC [PSYoungGen: 100496K->7840K(107520K)] 137057K->44401K(352256K), 0.0033520 secs] [Times: user=0.02 sys=0.00, real=0.00 secs] 
72.163: Total time for which application threads were stopped: 0.0035440 seconds, Stopping threads took: 0.0001160 seconds
72.183: Application time: 0.0205410 seconds
72.183: [GC [PSYoungGen: 100512K->8048K(107520K)] 137073K->44609K(352256K), 0.0031020 secs] [Times: user=0.02 sys=0.00, real=0.01 secs] 
72.187: Total time for which application threads were stopped: 0.0032840 seconds, Stopping threads took: 0.0000980 seconds
72.216: Application time: 0.0289590 seconds
72.216: [GC [PSYoungGen: 100720K->14816K(107520K)] 137281K->52620K(352256K), 0.0063390 secs] [Times: user=0.04 sys=0.00, real=0.00 secs] 
72.222: Total time for which application threads were stopped: 0.0064980 seconds, Stopping threads took: 0.0000700 seconds
72.260: Application time: 0.0374870 seconds
72.260: [GC [PSYoungGen: 107488K->11664K(107520K)] 145292K->49468K(352256K), 0.0045870 secs] [Times: user=0.03 sys=0.00, real=0.00 secs] 
72.264: Total time for which application threads were stopped: 0.0047720 seconds, Stopping threads took: 0.0001040 seconds
72.297: Application time: 0.0327590 seconds
72.297: [GC [PSYoungGen: 104336K->10864K(107520K)] 142140K->48668K(352256K), 0.0043190 secs] [Times: user=0.03 sys=0.00, real=0.00 secs] 
72.302: Total time for which application threads were stopped: 0.0045020 seconds, Stopping threads took: 0.0001030 seconds
72.342: Application time: 0.0407040 seconds
72.346: [GC [PSYoungGen: 103536K->11184K(107520K)] 141340K->48988K(352256K), 0.0043810 secs] [Times: user=0.02 sys=0.00, real=0.00 secs] 
72.350: Total time for which application threads were stopped: 0.0081110 seconds, Stopping threads took: 0.0036470 seconds
72.377: Application time: 0.0266500 seconds
72.377: [GC [PSYoungGen: 103856K->10896K(107520K)] 141660K->48700K(352256K), 0.0042890 secs] [Times: user=0.03 sys=0.00, real=0.00 secs] 
72.381: Total time for which application threads were stopped: 0.0044540 seconds, Stopping threads took: 0.0000850 seconds
72.414: Application time: 0.0328520 seconds
72.414: [GC [PSYoungGen: 103568K->11088K(107520K)] 141372K->48892K(352256K), 0.0044440 secs] [Times: user=0.02 sys=0.00, real=0.00 secs] 
72.419: Total time for which application threads were stopped: 0.0046010 seconds, Stopping threads took: 0.0000700 seconds
72.440: Application time: 0.0209780 seconds
72.440: [GC [PSYoungGen: 103760K->10944K(107520K)] 141564K->48748K(352256K), 0.0043200 secs] [Times: user=0.03 sys=0.00, real=0.00 secs] 
72.444: Total time for which application threads were stopped: 0.0045020 seconds, Stopping threads took: 0.0001030 seconds
72.470: Application time: 0.0252830 seconds
72.470: [GC [PSYoungGen: 103616K->12112K(107520K)] 141420K->49916K(352256K), 0.0044780 secs] [Times: user=0.03 sys=0.01, real=0.01 secs] 
72.474: Total time for which application threads were stopped: 0.0046380 seconds, Stopping threads took: 0.0000680 seconds
72.513: Application time: 0.0382830 seconds
72.513: [GC [PSYoungGen: 104784K->11248K(107520K)] 142588K->49052K(352256K), 0.0042750 secs] [Times: user=0.03 sys=0.00, real=0.01 secs] 
72.517: Total time for which application threads were stopped: 0.0044420 seconds, Stopping threads took: 0.0000820 seconds
72.547: Application time: 0.0298510 seconds
72.547: [GC [PSYoungGen: 103920K->10880K(107520K)] 141724K->48684K(352256K), 0.0043650 secs] [Times: user=0.03 sys=0.00, real=0.00 secs] 
72.552: Total time for which application threads were stopped: 0.0045760 seconds, Stopping threads took: 0.0001240 seconds
72.592: Application time: 0.0404900 seconds
72.592: [GC [PSYoungGen: 103552K->11168K(107520K)] 141356K->48972K(352256K), 0.0044070 secs] [Times: user=0.02 sys=0.00, real=0.01 secs] 
72.597: Total time for which application threads were stopped: 0.0045760 seconds, Stopping threads took: 0.0000880 seconds
72.626: Application time: 0.0293880 seconds
72.626: [GC [PSYoungGen: 103840K->10912K(107520K)] 141644K->48716K(352256K), 0.0043440 secs] [Times: user=0.03 sys=0.00, real=0.00 secs] 
72.630: Total time for which application threads were stopped: 0.0044930 seconds, Stopping threads took: 0.0000650 seconds
72.664: Application time: 0.0332870 seconds
72.664: [GC [PSYoungGen: 103584K->10848K(107520K)] 141388K->48836K(352256K), 0.0044270 secs] [Times: user=0.03 sys=0.00, real=0.01 secs] 
72.668: Total time for which application threads were stopped: 0.0046340 seconds, Stopping threads took: 0.0001070 seconds
72.693: Application time: 0.0249660 seconds
72.694: [GC [PSYoungGen: 103520K->10688K(107520K)] 141508K->48732K(352256K), 0.0042910 secs] [Times: user=0.03 sys=0.00, real=0.01 secs] 
72.698: Total time for which application threads were stopped: 0.0044640 seconds, Stopping threads took: 0.0000930 seconds
72.720: Application time: 0.0223620 seconds
72.720: [GC [PSYoungGen: 103360K->11040K(107520K)] 141404K->49084K(352256K), 0.0042910 secs] [Times: user=0.03 sys=0.00, real=0.00 secs] 
72.725: Total time for which application threads were stopped: 0.0044690 seconds, Stopping threads took: 0.0000980 seconds
72.758: Application time: 0.0337590 seconds
72.759: [GC [PSYoungGen: 103712K->12512K(107520K)] 141756K->53684K(352256K), 0.0058820 secs] [Times: user=0.05 sys=0.00, real=0.00 secs] 
72.765: Total time for which application threads were stopped: 0.0060770 seconds, Stopping threads took: 0.0001050 seconds
72.798: Application time: 0.0335470 seconds
72.798: [GC [PSYoungGen: 105184K->8208K(107520K)] 146356K->49380K(352256K), 0.0031260 secs] [Times: user=0.02 sys=0.00, real=0.00 secs] 
72.801: Total time for which application threads were stopped: 0.0033160 seconds, Stopping threads took: 0.0001130 seconds
72.836: Application time: 0.0348080 seconds
72.836: [GC [PSYoungGen: 100880K->7584K(107520K)] 142052K->48756K(352256K), 0.0030440 secs] [Times: user=0.02 sys=0.00, real=0.00 secs] 
72.839: Total time for which application threads were stopped: 0.0032010 seconds, Stopping threads took: 0.0000820 seconds
72.876: Application time: 0.0369690 seconds
72.876: [GC [PSYoungGen: 100256K->7600K(107520K)] 141428K->48772K(352256K), 0.0030230 secs] [Times: user=0.01 sys=0.00, real=0.00 secs] 
72.880: Total time for which application threads were stopped: 0.0031810 seconds, Stopping threads took: 0.0000800 seconds
72.909: Application time: 0.0294720 seconds
72.909: [GC [PSYoungGen: 100272K->7760K(107520K)] 141444K->48980K(352256K), 0.0031190 secs] [Times: user=0.02 sys=0.00, real=0.00 secs] 
72.912: Total time for which application threads were stopped: 0.0033100 seconds, Stopping threads took: 0.0001040 seconds
72.941: Application time: 0.0287660 seconds
72.941: [GC [PSYoungGen: 100432K->7760K(107520K)] 141652K->48980K(352256K), 0.0030310 secs] [Times: user=0.02 sys=0.00, real=0.00 secs] 
72.944: Total time for which application threads were stopped: 0.0031830 seconds, Stopping threads took: 0.0000770 seconds
72.966: Application time: 0.0212910 seconds
72.966: [GC [PSYoungGen: 100432K->7872K(107520K)] 141652K->49092K(352256K), 0.0030420 secs] [Times: user=0.02 sys=0.00, real=0.01 secs] 
72.969: Total time for which application threads were stopped: 0.0032020 seconds, Stopping threads took: 0.0000800 seconds
72.996: Application time: 0.0269920 seconds
72.996: [GC [PSYoungGen: 100544K->10656K(107520K)] 141764K->51876K(352256K), 0.0039310 secs] [Times: user=0.03 sys=0.00, real=0.00 secs] 
73.000: Total time for which application threads were stopped: 0.0041010 seconds, Stopping threads took: 0.0000910 seconds
73.038: Application time: 0.0383100 seconds
73.038: [GC [PSYoungGen: 103328K->9232K(107520K)] 144548K->50452K(352256K), 0.0034840 secs] [Times: user=0.02 sys=0.00, real=0.00 secs] 
73.042: Total time for which application threads were stopped: 0.0036440 seconds, Stopping threads took: 0.0000790 seconds
73.074: Application time: 0.0323830 seconds
73.074: [GC [PSYoungGen: 101904K->7760K(107520K)] 143124K->48980K(352256K), 0.0031090 secs] [Times: user=0.02 sys=0.00, real=0.00 secs] 
73.077: Total time for which application threads were stopped: 0.0032590 seconds, Stopping threads took: 0.0000740 seconds
73.121: Application time: 0.0430490 seconds
73.121: [GC [PSYoungGen: 100432K->8160K(107520K)] 141652K->49380K(352256K), 0.0030880 secs] [Times: user=0.03 sys=0.00, real=0.00 secs] 
73.124: Total time for which application threads were stopped: 0.0032610 seconds, Stopping threads took: 0.0000910 seconds
73.150: Application time: 0.0266680 seconds
73.151: [GC [PSYoungGen: 100832K->7840K(107520K)] 142052K->49060K(352256K), 0.0030130 secs] [Times: user=0.02 sys=0.00, real=0.00 secs] 
73.154: Total time for which application threads were stopped: 0.0031780 seconds, Stopping threads took: 0.0000880 seconds
73.187: Application time: 0.0333070 seconds
73.187: [GC [PSYoungGen: 100512K->8112K(107520K)] 141732K->49332K(352256K), 0.0031460 secs] [Times: user=0.02 sys=0.00, real=0.00 secs] 
73.190: Total time for which application threads were stopped: 0.0033280 seconds, Stopping threads took: 0.0000750 seconds
73.212: Application time: 0.0221570 seconds
73.213: [GC [PSYoungGen: 100784K->7936K(107520K)] 142004K->49156K(352256K), 0.0031100 secs] [Times: user=0.02 sys=0.00, real=0.01 secs] 
73.216: Total time for which application threads were stopped: 0.0032810 seconds, Stopping threads took: 0.0000940 seconds
73.239: Application time: 0.0237540 seconds
73.240: [GC [PSYoungGen: 100608K->8256K(107520K)] 141828K->49476K(352256K), 0.0031350 secs] [Times: user=0.03 sys=0.00, real=0.00 secs] 
73.243: Total time for which application threads were stopped: 0.0032930 seconds, Stopping threads took: 0.0000800 seconds
73.282: Application time: 0.0390310 seconds
73.282: [GC [PSYoungGen: 100928K->8736K(107520K)] 142148K->49956K(352256K), 0.0032370 secs] [Times: user=0.02 sys=0.01, real=0.00 secs] 
73.285: Total time for which application threads were stopped: 0.0034120 seconds, Stopping threads took: 0.0000950 seconds
73.314: Application time: 0.0288930 seconds
73.314: [GC [PSYoungGen: 101408K->7824K(107520K)] 142628K->49044K(352256K), 0.0031260 secs] [Times: user=0.02 sys=0.00, real=0.00 secs] 
73.317: Total time for which application threads were stopped: 0.0033290 seconds, Stopping threads took: 0.0001220 seconds
73.357: Application time: 0.0395180 seconds
73.357: [GC [PSYoungGen: 100496K->9584K(107520K)] 141716K->50804K(352256K), 0.0038750 secs] [Times: user=0.02 sys=0.00, real=0.00 secs] 
73.361: Total time for which application threads were stopped: 0.0040530 seconds, Stopping threads took: 0.0000990 seconds
73.394: Application time: 0.0324980 seconds
73.394: [GC [PSYoungGen: 102256K->8320K(107520K)] 143476K->49596K(352256K), 0.0032570 secs] [Times: user=0.03 sys=0.00, real=0.01 secs] 
73.397: Total time for which application threads were stopped: 0.0034040 seconds, Stopping threads took: 0.0000680 seconds
73.429: Application time: 0.0316770 seconds
73.429: [GC [PSYoungGen: 100992K->7792K(107520K)] 142268K->49224K(352256K), 0.0031120 secs] [Times: user=0.02 sys=0.00, real=0.00 secs] 
73.432: Total time for which application threads were stopped: 0.0033060 seconds, Stopping threads took: 0.0001160 seconds
73.458: Application time: 0.0265480 seconds
73.459: [GC [PSYoungGen: 100464K->7952K(107520K)] 141896K->49440K(352256K), 0.0032100 secs] [Times: user=0.02 sys=0.00, real=0.00 secs] 
73.462: Total time for which application threads were stopped: 0.0033710 seconds, Stopping threads took: 0.0000860 seconds
73.482: Application time: 0.0205160 seconds
73.483: [GC [PSYoungGen: 100624K->7808K(107520K)] 142112K->49296K(352256K), 0.0030730 secs] [Times: user=0.02 sys=0.00, real=0.00 secs] 
73.486: Total time for which application threads were stopped: 0.0032330 seconds, Stopping threads took: 0.0000840 seconds
73.518: Application time: 0.0319300 seconds
73.518: [GC [PSYoungGen: 100480K->14832K(107520K)] 141968K->57363K(352256K), 0.0062340 secs] [Times: user=0.05 sys=0.00, real=0.00 secs] 
73.524: Total time for which application threads were stopped: 0.0064090 seconds, Stopping threads took: 0.0000880 seconds
73.558: Application time: 0.0342930 seconds
73.558: [GC [PSYoungGen: 107504K->11616K(107520K)] 150035K->54155K(352256K), 0.0045110 secs] [Times: user=0.03 sys=0.00, real=0.00 secs] 
73.563: Total time for which application threads were stopped: 0.0046790 seconds, Stopping threads took: 0.0000840 seconds
73.596: Application time: 0.0334810 seconds
73.598: [GC [PSYoungGen: 104288K->11072K(107520K)] 146827K->53611K(352256K), 0.0044030 secs] [Times: user=0.03 sys=0.00, real=0.00 secs] 
73.602: Total time for which application threads were stopped: 0.0059860 seconds, Stopping threads took: 0.0015020 seconds
73.643: Application time: 0.0406880 seconds
73.643: [GC [PSYoungGen: 103744K->11072K(107520K)] 146283K->53611K(352256K), 0.0043820 secs] [Times: user=0.02 sys=0.00, real=0.01 secs] 
73.648: Total time for which application threads were stopped: 0.0045500 seconds, Stopping threads took: 0.0000850 seconds
73.676: Application time: 0.0285580 seconds
73.676: [GC [PSYoungGen: 103744K->10960K(107520K)] 146283K->53539K(352256K), 0.0044500 secs] [Times: user=0.03 sys=0.00, real=0.00 secs] 
73.681: Total time for which application threads were stopped: 0.0046300 seconds, Stopping threads took: 0.0000950 seconds
73.712: Application time: 0.0315840 seconds
73.713: [GC [PSYoungGen: 103632K->10928K(107520K)] 146211K->53507K(352256K), 0.0043380 secs] [Times: user=0.03 sys=0.00, real=0.01 secs] 
73.717: Total time for which application threads were stopped: 0.0045260 seconds, Stopping threads took: 0.0000910 seconds
73.737: Application time: 0.0198220 seconds
73.737: [GC [PSYoungGen: 103600K->11024K(107520K)] 146179K->53603K(352256K), 0.0043710 secs] [Times: user=0.03 sys=0.00, real=0.00 secs] 
73.741: Total time for which application threads were stopped: 0.0045660 seconds, Stopping threads took: 0.0001090 seconds
73.769: Application time: 0.0278270 seconds
73.769: [GC [PSYoungGen: 103696K->13120K(107520K)] 146275K->55699K(352256K), 0.0050300 secs] [Times: user=0.03 sys=0.00, real=0.01 secs] 
73.774: Total time for which application threads were stopped: 0.0051980 seconds, Stopping threads took: 0.0000750 seconds
73.811: Application time: 0.0361400 seconds
73.811: [GC [PSYoungGen: 105792K->11360K(107520K)] 148371K->53939K(352256K), 0.0044760 secs] [Times: user=0.02 sys=0.00, real=0.01 secs] 
73.815: Total time for which application threads were stopped: 0.0046310 seconds, Stopping threads took: 0.0000710 seconds
73.846: Application time: 0.0312770 seconds
73.847: [GC [PSYoungGen: 104032K->11072K(107520K)] 146611K->53651K(352256K), 0.0043390 secs] [Times: user=0.02 sys=0.00, real=0.00 secs] 
73.851: Total time for which application threads were stopped: 0.0045180 seconds, Stopping threads took: 0.0000890 seconds
73.892: Application time: 0.0409700 seconds
73.892: [GC [PSYoungGen: 103744K->11504K(107520K)] 146323K->54083K(352256K), 0.0045440 secs] [Times: user=0.03 sys=0.00, real=0.01 secs] 
73.897: Total time for which application threads were stopped: 0.0047360 seconds, Stopping threads took: 0.0001010 seconds
73.924: Application time: 0.0272170 seconds
73.924: [GC [PSYoungGen: 104176K->10992K(107520K)] 146755K->53571K(352256K), 0.0043430 secs] [Times: user=0.03 sys=0.00, real=0.01 secs] 
73.928: Total time for which application threads were stopped: 0.0045030 seconds, Stopping threads took: 0.0000700 seconds
73.963: Application time: 0.0341700 seconds
73.966: [GC [PSYoungGen: 103664K->10992K(107520K)] 146243K->53571K(352256K), 0.0043770 secs] [Times: user=0.03 sys=0.00, real=0.00 secs] 
73.970: Total time for which application threads were stopped: 0.0078110 seconds, Stopping threads took: 0.0033500 seconds
73.993: Application time: 0.0226440 seconds
73.993: [GC [PSYoungGen: 103664K->11136K(107520K)] 146243K->53715K(352256K), 0.0044260 secs] [Times: user=0.03 sys=0.00, real=0.01 secs] 
73.998: Total time for which application threads were stopped: 0.0045920 seconds, Stopping threads took: 0.0000840 seconds
74.021: Application time: 0.0230500 seconds
74.021: [GC [PSYoungGen: 103808K->11520K(107520K)] 146387K->54099K(352256K), 0.0043820 secs] [Times: user=0.03 sys=0.00, real=0.00 secs] 
74.025: Total time for which application threads were stopped: 0.0045430 seconds, Stopping threads took: 0.0000680 seconds
74.063: Application time: 0.0381280 seconds
74.064: [GC [PSYoungGen: 104192K->9168K(107520K)] 146771K->55022K(352256K), 0.0045660 secs] [Times: user=0.03 sys=0.01, real=0.01 secs] 
74.068: Total time for which application threads were stopped: 0.0047800 seconds, Stopping threads took: 0.0001270 seconds
74.096: Application time: 0.0282460 seconds
74.096: [GC [PSYoungGen: 101840K->9744K(107520K)] 147694K->55598K(352256K), 0.0039130 secs] [Times: user=0.03 sys=0.00, real=0.00 secs] 
74.100: Total time for which application threads were stopped: 0.0040760 seconds, Stopping threads took: 0.0000840 seconds
74.139: Application time: 0.0384020 seconds
74.139: [GC [PSYoungGen: 102416K->9424K(107520K)] 148270K->55278K(352256K), 0.0037790 secs] [Times: user=0.02 sys=0.00, real=0.00 secs] 
74.143: Total time for which application threads were stopped: 0.0039500 seconds, Stopping threads took: 0.0000930 seconds
74.178: Application time: 0.0349490 seconds
74.178: [GC [PSYoungGen: 102096K->7744K(107520K)] 147950K->53598K(352256K), 0.0031150 secs] [Times: user=0.02 sys=0.00, real=0.00 secs] 
74.181: Total time for which application threads were stopped: 0.0032830 seconds, Stopping threads took: 0.0000810 seconds
74.213: Application time: 0.0318420 seconds
74.213: [GC [PSYoungGen: 100416K->7744K(107520K)] 146270K->53783K(352256K), 0.0031330 secs] [Times: user=0.03 sys=0.00, real=0.01 secs] 
74.216: Total time for which application threads were stopped: 0.0033170 seconds, Stopping threads took: 0.0000880 seconds
74.244: Application time: 0.0282540 seconds
74.245: [GC [PSYoungGen: 100416K->7680K(107520K)] 146455K->53767K(352256K), 0.0030680 secs] [Times: user=0.02 sys=0.00, real=0.01 secs] 
74.248: Total time for which application threads were stopped: 0.0032630 seconds, Stopping threads took: 0.0001180 seconds
74.268: Application time: 0.0198120 seconds
74.268: [GC [PSYoungGen: 100352K->8016K(107520K)] 146439K->54103K(352256K), 0.0030560 secs] [Times: user=0.01 sys=0.00, real=0.00 secs] 
74.271: Total time for which application threads were stopped: 0.0032060 seconds, Stopping threads took: 0.0000730 seconds
74.300: Application time: 0.0295870 seconds
74.300: [GC [PSYoungGen: 100688K->14816K(107520K)] 146775K->61055K(352256K), 0.0060240 secs] [Times: user=0.04 sys=0.00, real=0.01 secs] 
74.307: Total time for which application threads were stopped: 0.0062070 seconds, Stopping threads took: 0.0000890 seconds
74.342: Application time: 0.0354800 seconds
74.342: [GC [PSYoungGen: 107488K->11776K(107520K)] 153727K->58015K(352256K), 0.0044370 secs] [Times: user=0.03 sys=0.00, real=0.01 secs] 
74.347: Total time for which application threads were stopped: 0.0045750 seconds, Stopping threads took: 0.0000580 seconds
74.380: Application time: 0.0331800 seconds
74.380: [GC [PSYoungGen: 104448K->10528K(107520K)] 150687K->56775K(352256K), 0.0040460 secs] [Times: user=0.03 sys=0.00, real=0.00 secs] 
74.384: Total time for which application threads were stopped: 0.0042030 seconds, Stopping threads took: 0.0000730 seconds
74.425: Application time: 0.0407660 seconds
74.425: [GC [PSYoungGen: 103200K->10368K(107520K)] 149447K->56615K(352256K), 0.0039840 secs] [Times: user=0.03 sys=0.00, real=0.01 secs] 
74.429: Total time for which application threads were stopped: 0.0041650 seconds, Stopping threads took: 0.0000940 seconds
74.456: Application time: 0.0269550 seconds
74.456: [GC [PSYoungGen: 103040K->10384K(107520K)] 149287K->56687K(352256K), 0.0040090 secs] [Times: user=0.03 sys=0.00, real=0.00 secs] 
74.460: Total time for which application threads were stopped: 0.0041840 seconds, Stopping threads took: 0.0000860 seconds
74.493: Application time: 0.0331930 seconds
74.493: [GC [PSYoungGen: 103056K->10272K(107520K)] 149359K->56575K(352256K), 0.0039380 secs] [Times: user=0.02 sys=0.00, real=0.01 secs] 
74.497: Total time for which application threads were stopped: 0.0041070 seconds, Stopping threads took: 0.0000870 seconds
74.518: Application time: 0.0208920 seconds
74.518: [GC [PSYoungGen: 102944K->10528K(107520K)] 149247K->56831K(352256K), 0.0040870 secs] [Times: user=0.03 sys=0.00, real=0.00 secs] 
74.523: Total time for which application threads were stopped: 0.0042650 seconds, Stopping threads took: 0.0000960 seconds
74.547: Application time: 0.0244710 seconds
74.547: [GC [PSYoungGen: 103200K->11056K(107520K)] 149503K->57359K(352256K), 0.0040760 secs] [Times: user=0.02 sys=0.00, real=0.00 secs] 
74.551: Total time for which application threads were stopped: 0.0042470 seconds, Stopping threads took: 0.0000870 seconds
74.590: Application time: 0.0390250 seconds
74.590: [GC [PSYoungGen: 103728K->10800K(107520K)] 150031K->57103K(352256K), 0.0040300 secs] [Times: user=0.02 sys=0.00, real=0.01 secs] 
74.594: Total time for which application threads were stopped: 0.0042010 seconds, Stopping threads took: 0.0000880 seconds
74.624: Application time: 0.0296470 seconds
74.624: [GC [PSYoungGen: 103472K->10352K(107520K)] 149775K->56655K(352256K), 0.0039750 secs] [Times: user=0.03 sys=0.00, real=0.01 secs] 
74.628: Total time for which application threads were stopped: 0.0041400 seconds, Stopping threads took: 0.0000870 seconds
74.670: Application time: 0.0415180 seconds
74.670: [GC [PSYoungGen: 103024K->10832K(107520K)] 149327K->57135K(352256K), 0.0041750 secs] [Times: user=0.03 sys=0.00, real=0.01 secs] 
74.674: Total time for which application threads were stopped: 0.0043630 seconds, Stopping threads took: 0.0001090 seconds
74.704: Application time: 0.0295810 seconds
74.704: [GC [PSYoungGen: 103504K->10544K(107520K)] 149807K->56847K(352256K), 0.0040180 secs] [Times: user=0.03 sys=0.00, real=0.01 secs] 
74.708: Total time for which application threads were stopped: 0.0041720 seconds, Stopping threads took: 0.0000730 seconds
74.741: Application time: 0.0333950 seconds
74.741: [GC [PSYoungGen: 103216K->10560K(107520K)] 149519K->56863K(352256K), 0.0041130 secs] [Times: user=0.03 sys=0.00, real=0.00 secs] 
74.746: Total time for which application threads were stopped: 0.0043080 seconds, Stopping threads took: 0.0000980 seconds
74.771: Application time: 0.0257210 seconds
74.771: [GC [PSYoungGen: 103232K->10608K(107520K)] 149535K->56911K(352256K), 0.0040570 secs] [Times: user=0.03 sys=0.00, real=0.01 secs] 
74.776: Total time for which application threads were stopped: 0.0042210 seconds, Stopping threads took: 0.0000850 seconds
74.795: Application time: 0.0197610 seconds
74.795: [GC [PSYoungGen: 103280K->10656K(107520K)] 149583K->56959K(352256K), 0.0040730 secs] [Times: user=0.03 sys=0.00, real=0.00 secs] 
74.800: Total time for which application threads were stopped: 0.0042280 seconds, Stopping threads took: 0.0000650 seconds
74.833: Application time: 0.0336660 seconds
74.833: [GC [PSYoungGen: 103328K->14816K(107520K)] 149631K->64989K(352256K), 0.0071610 secs] [Times: user=0.05 sys=0.01, real=0.01 secs] 
74.841: Total time for which application threads were stopped: 0.0073240 seconds, Stopping threads took: 0.0000740 seconds
74.872: Application time: 0.0313920 seconds
74.872: [GC [PSYoungGen: 107488K->14016K(107520K)] 157661K->64189K(352256K), 0.0055270 secs] [Times: user=0.04 sys=0.00, real=0.01 secs] 
74.878: Total time for which application threads were stopped: 0.0057270 seconds, Stopping threads took: 0.0001110 seconds
74.915: Application time: 0.0369410 seconds
74.915: [GC [PSYoungGen: 106688K->14336K(107520K)] 156861K->64509K(352256K), 0.0057110 secs] [Times: user=0.04 sys=0.00, real=0.00 secs] 
74.921: Total time for which application threads were stopped: 0.0058850 seconds, Stopping threads took: 0.0000910 seconds
74.959: Application time: 0.0383420 seconds
74.959: [GC [PSYoungGen: 107008K->12544K(107520K)] 157181K->62717K(352256K), 0.0049770 secs] [Times: user=0.03 sys=0.00, real=0.00 secs] 
74.964: Total time for which application threads were stopped: 0.0051720 seconds, Stopping threads took: 0.0001040 seconds
74.993: Application time: 0.0288800 seconds
74.993: [GC [PSYoungGen: 105216K->12256K(107520K)] 155389K->62585K(352256K), 0.0049330 secs] [Times: user=0.03 sys=0.00, real=0.01 secs] 
74.998: Total time for which application threads were stopped: 0.0051000 seconds, Stopping threads took: 0.0000870 seconds
75.029: Application time: 0.0314730 seconds
75.030: [GC [PSYoungGen: 104928K->12032K(107520K)] 155257K->62465K(352256K), 0.0048120 secs] [Times: user=0.04 sys=0.00, real=0.01 secs] 
75.035: Total time for which application threads were stopped: 0.0050000 seconds, Stopping threads took: 0.0001050 seconds
75.054: Application time: 0.0196010 seconds
75.054: [GC [PSYoungGen: 104704K->12144K(107520K)] 155137K->62577K(352256K), 0.0047730 secs] [Times: user=0.03 sys=0.00, real=0.00 secs] 
75.059: Total time for which application threads were stopped: 0.0049400 seconds, Stopping threads took: 0.0000860 seconds
75.085: Application time: 0.0255200 seconds
75.085: [GC [PSYoungGen: 104816K->14000K(107520K)] 155249K->64441K(352256K), 0.0055040 secs] [Times: user=0.04 sys=0.00, real=0.01 secs] 
75.090: Total time for which application threads were stopped: 0.0057100 seconds, Stopping threads took: 0.0001210 seconds
75.130: Application time: 0.0395410 seconds
75.130: [GC [PSYoungGen: 106672K->14000K(107520K)] 157113K->64473K(352256K), 0.0056910 secs] [Times: user=0.03 sys=0.00, real=0.01 secs] 
75.136: Total time for which application threads were stopped: 0.0059000 seconds, Stopping threads took: 0.0001020 seconds
75.166: Application time: 0.0307570 seconds
75.167: [GC [PSYoungGen: 106672K->12080K(107520K)] 157145K->62561K(352256K), 0.0048450 secs] [Times: user=0.03 sys=0.00, real=0.00 secs] 
75.172: Total time for which application threads were stopped: 0.0050790 seconds, Stopping threads took: 0.0001470 seconds
75.213: Application time: 0.0418060 seconds
75.213: [GC [PSYoungGen: 104752K->12224K(107520K)] 155233K->62705K(352256K), 0.0048300 secs] [Times: user=0.03 sys=0.00, real=0.01 secs] 
75.218: Total time for which application threads were stopped: 0.0049880 seconds, Stopping threads took: 0.0000720 seconds
75.248: Application time: 0.0294330 seconds
75.248: [GC [PSYoungGen: 104896K->12080K(107520K)] 155377K->62617K(352256K), 0.0048270 secs] [Times: user=0.04 sys=0.00, real=0.00 secs] 
75.253: Total time for which application threads were stopped: 0.0050220 seconds, Stopping threads took: 0.0000880 seconds
75.286: Application time: 0.0328000 seconds
75.286: [GC [PSYoungGen: 104752K->12144K(107520K)] 155289K->62681K(352256K), 0.0048540 secs] [Times: user=0.03 sys=0.00, real=0.01 secs] 
75.291: Total time for which application threads were stopped: 0.0050400 seconds, Stopping threads took: 0.0000940 seconds
75.315: Application time: 0.0245320 seconds
75.315: [GC [PSYoungGen: 104816K->12256K(107520K)] 155353K->62793K(352256K), 0.0048270 secs] [Times: user=0.03 sys=0.00, real=0.00 secs] 
75.320: Total time for which application threads were stopped: 0.0050190 seconds, Stopping threads took: 0.0001080 seconds
75.341: Application time: 0.0210660 seconds
75.341: [GC [PSYoungGen: 104928K->12624K(107520K)] 155465K->63162K(352256K), 0.0048490 secs] [Times: user=0.04 sys=0.00, real=0.01 secs] 
75.346: Total time for which application threads were stopped: 0.0050110 seconds, Stopping threads took: 0.0000770 seconds
75.383: Application time: 0.0362340 seconds
75.383: [GC [PSYoungGen: 105296K->12800K(107520K)] 155834K->67843K(352256K), 0.0065540 secs] [Times: user=0.05 sys=0.00, real=0.01 secs] 
75.389: Total time for which application threads were stopped: 0.0067640 seconds, Stopping threads took: 0.0001180 seconds
75.420: Application time: 0.0305220 seconds
75.420: [GC [PSYoungGen: 105472K->8320K(107520K)] 160515K->63363K(352256K), 0.0031830 secs] [Times: user=0.02 sys=0.00, real=0.00 secs] 
75.423: Total time for which application threads were stopped: 0.0033580 seconds, Stopping threads took: 0.0000980 seconds
75.463: Application time: 0.0401860 seconds
75.464: [GC [PSYoungGen: 100992K->8208K(107520K)] 156035K->63251K(352256K), 0.0033670 secs] [Times: user=0.02 sys=0.00, real=0.01 secs] 
75.467: Total time for which application threads were stopped: 0.0035330 seconds, Stopping threads took: 0.0000900 seconds
75.501: Application time: 0.0336430 seconds
75.501: [GC [PSYoungGen: 100880K->7904K(107520K)] 155923K->62947K(352256K), 0.0030830 secs] [Times: user=0.02 sys=0.00, real=0.00 secs] 
75.504: Total time for which application threads were stopped: 0.0032920 seconds, Stopping threads took: 0.0001320 seconds
75.534: Application time: 0.0302140 seconds
75.534: [GC [PSYoungGen: 100576K->7856K(107520K)] 155619K->62899K(352256K), 0.0031080 secs] [Times: user=0.02 sys=0.00, real=0.00 secs] 
75.537: Total time for which application threads were stopped: 0.0032670 seconds, Stopping threads took: 0.0000820 seconds
75.566: Application time: 0.0284470 seconds
75.566: [GC [PSYoungGen: 100528K->7872K(107520K)] 155571K->62915K(352256K), 0.0030830 secs] [Times: user=0.01 sys=0.00, real=0.00 secs] 
75.569: Total time for which application threads were stopped: 0.0032570 seconds, Stopping threads took: 0.0000930 seconds
75.589: Application time: 0.0203440 seconds
75.590: [GC [PSYoungGen: 100544K->7936K(107520K)] 155587K->62979K(352256K), 0.0030740 secs] [Times: user=0.02 sys=0.00, real=0.00 secs] 
75.593: Total time for which application threads were stopped: 0.0032460 seconds, Stopping threads took: 0.0000960 seconds
75.623: Application time: 0.0302230 seconds
75.623: [GC [PSYoungGen: 100608K->12128K(107520K)] 155651K->67171K(352256K), 0.0045320 secs] [Times: user=0.03 sys=0.00, real=0.01 secs] 
75.628: Total time for which application threads were stopped: 0.0047130 seconds, Stopping threads took: 0.0000950 seconds
75.662: Application time: 0.0342990 seconds
75.662: [GC [PSYoungGen: 104800K->9232K(107520K)] 159843K->64275K(352256K), 0.0034270 secs] [Times: user=0.02 sys=0.00, real=0.00 secs] 
75.665: Total time for which application threads were stopped: 0.0035680 seconds, Stopping threads took: 0.0000600 seconds
75.699: Application time: 0.0339260 seconds
75.700: [GC [PSYoungGen: 101904K->9344K(107520K)] 156947K->64387K(352256K), 0.0036330 secs] [Times: user=0.03 sys=0.00, real=0.00 secs] 
75.703: Total time for which application threads were stopped: 0.0037990 seconds, Stopping threads took: 0.0000860 seconds
75.744: Application time: 0.0408720 seconds
75.744: [GC [PSYoungGen: 102016K->7904K(107520K)] 157059K->62947K(352256K), 0.0031720 secs] [Times: user=0.02 sys=0.00, real=0.01 secs] 
75.747: Total time for which application threads were stopped: 0.0033170 seconds, Stopping threads took: 0.0000680 seconds
75.776: Application time: 0.0284290 seconds
75.776: [GC [PSYoungGen: 100576K->7648K(107520K)] 155619K->62747K(352256K), 0.0030920 secs] [Times: user=0.02 sys=0.00, real=0.00 secs] 
75.779: Total time for which application threads were stopped: 0.0032920 seconds, Stopping threads took: 0.0001000 seconds
75.812: Application time: 0.0332940 seconds
75.813: [GC [PSYoungGen: 100320K->7936K(107520K)] 155419K->63203K(352256K), 0.0031520 secs] [Times: user=0.02 sys=0.01, real=0.01 secs] 
75.816: Total time for which application threads were stopped: 0.0033250 seconds, Stopping threads took: 0.0000940 seconds
75.837: Application time: 0.0209270 seconds
75.837: [GC [PSYoungGen: 100608K->7808K(107520K)] 155875K->63075K(352256K), 0.0030590 secs] [Times: user=0.03 sys=0.00, real=0.00 secs] 
75.840: Total time for which application threads were stopped: 0.0032420 seconds, Stopping threads took: 0.0001060 seconds
75.865: Application time: 0.0246730 seconds
75.865: [GC [PSYoungGen: 100480K->8080K(107520K)] 155747K->63395K(352256K), 0.0031370 secs] [Times: user=0.02 sys=0.00, real=0.01 secs] 
75.868: Total time for which application threads were stopped: 0.0032910 seconds, Stopping threads took: 0.0000750 seconds
75.905: Application time: 0.0374620 seconds
75.905: [GC [PSYoungGen: 100752K->9136K(107520K)] 156067K->64451K(352256K), 0.0033810 secs] [Times: user=0.03 sys=0.00, real=0.01 secs] 
75.909: Total time for which application threads were stopped: 0.0035620 seconds, Stopping threads took: 0.0001020 seconds
75.939: Application time: 0.0298800 seconds
75.939: [GC [PSYoungGen: 101808K->7616K(107520K)] 157123K->62931K(352256K), 0.0030060 secs] [Times: user=0.02 sys=0.00, real=0.00 secs] 
75.942: Total time for which application threads were stopped: 0.0031940 seconds, Stopping threads took: 0.0001070 seconds
75.984: Application time: 0.0417480 seconds
75.984: [GC [PSYoungGen: 100288K->7680K(107520K)] 155603K->62995K(352256K), 0.0030590 secs] [Times: user=0.02 sys=0.00, real=0.01 secs] 
75.987: Total time for which application threads were stopped: 0.0032180 seconds, Stopping threads took: 0.0000810 seconds
76.017: Application time: 0.0296480 seconds
76.017: [GC [PSYoungGen: 100352K->7488K(107520K)] 155667K->62859K(352256K), 0.0030960 secs] [Times: user=0.02 sys=0.00, real=0.00 secs] 
76.020: Total time for which application threads were stopped: 0.0032500 seconds, Stopping threads took: 0.0000690 seconds
76.053: Application time: 0.0329450 seconds
76.053: [GC [PSYoungGen: 100160K->7744K(107520K)] 155531K->63115K(352256K), 0.0030900 secs] [Times: user=0.02 sys=0.00, real=0.01 secs] 
76.056: Total time for which application threads were stopped: 0.0032730 seconds, Stopping threads took: 0.0001040 seconds
76.081: Application time: 0.0250390 seconds
76.081: [GC [PSYoungGen: 100416K->7952K(107520K)] 155787K->63323K(352256K), 0.0031230 secs] [Times: user=0.02 sys=0.00, real=0.00 secs] 
76.084: Total time for which application threads were stopped: 0.0032760 seconds, Stopping threads took: 0.0000760 seconds
76.105: Application time: 0.0207650 seconds
76.105: [GC [PSYoungGen: 100624K->8032K(107520K)] 155995K->63403K(352256K), 0.0031060 secs] [Times: user=0.02 sys=0.00, real=0.01 secs] 
76.108: Total time for which application threads were stopped: 0.0033020 seconds, Stopping threads took: 0.0001190 seconds
76.144: Application time: 0.0352090 seconds
76.146: [GC [PSYoungGen: 100704K->14512K(107520K)] 156075K->69883K(352256K), 0.0054760 secs] [Times: user=0.04 sys=0.00, real=0.00 secs] 
76.152: Total time for which application threads were stopped: 0.0078310 seconds, Stopping threads took: 0.0022680 seconds
76.182: Application time: 0.0305380 seconds
76.182: [GC [PSYoungGen: 107184K->8656K(107520K)] 162555K->64027K(352256K), 0.0032700 secs] [Times: user=0.02 sys=0.00, real=0.00 secs] 
76.185: Total time for which application threads were stopped: 0.0034260 seconds, Stopping threads took: 0.0000770 seconds
76.223: Application time: 0.0379170 seconds
76.224: [GC [PSYoungGen: 101325K->9456K(107520K)] 156697K->64827K(352256K), 0.0038720 secs] [Times: user=0.02 sys=0.00, real=0.01 secs] 
76.227: Total time for which application threads were stopped: 0.0040560 seconds, Stopping threads took: 0.0000940 seconds
76.264: Application time: 0.0364320 seconds
76.264: [GC [PSYoungGen: 102128K->8096K(107520K)] 157499K->63467K(352256K), 0.0030760 secs] [Times: user=0.03 sys=0.00, real=0.01 secs] 
76.267: Total time for which application threads were stopped: 0.0032540 seconds, Stopping threads took: 0.0000900 seconds
76.297: Application time: 0.0295190 seconds
76.298: [GC [PSYoungGen: 100768K->7840K(107520K)] 156139K->63211K(352256K), 0.0032140 secs] [Times: user=0.02 sys=0.00, real=0.00 secs] 
76.301: Total time for which application threads were stopped: 0.0045650 seconds, Stopping threads took: 0.0012520 seconds
76.331: Application time: 0.0298670 seconds
76.331: [GC [PSYoungGen: 100512K->7792K(107520K)] 155883K->63163K(352256K), 0.0031240 secs] [Times: user=0.02 sys=0.00, real=0.01 secs] 
76.334: Total time for which application threads were stopped: 0.0032900 seconds, Stopping threads took: 0.0000880 seconds
76.355: Application time: 0.0203710 seconds
76.355: [GC [PSYoungGen: 100464K->8032K(107520K)] 155835K->63403K(352256K), 0.0031180 secs] [Times: user=0.02 sys=0.00, real=0.00 secs] 
76.358: Total time for which application threads were stopped: 0.0033020 seconds, Stopping threads took: 0.0001060 seconds
76.385: Application time: 0.0265300 seconds
76.385: [GC [PSYoungGen: 100704K->10160K(107520K)] 156075K->65531K(352256K), 0.0038220 secs] [Times: user=0.03 sys=0.00, real=0.01 secs] 
76.389: Total time for which application threads were stopped: 0.0039800 seconds, Stopping threads took: 0.0000780 seconds
76.426: Application time: 0.0371900 seconds
76.426: [GC [PSYoungGen: 102832K->9856K(107520K)] 158203K->65227K(352256K), 0.0039060 secs] [Times: user=0.02 sys=0.00, real=0.00 secs] 
76.430: Total time for which application threads were stopped: 0.0040990 seconds, Stopping threads took: 0.0001010 seconds
76.462: Application time: 0.0318740 seconds
76.462: [GC [PSYoungGen: 102528K->7792K(107520K)] 157899K->63163K(352256K), 0.0030880 secs] [Times: user=0.02 sys=0.00, real=0.00 secs] 
76.465: Total time for which application threads were stopped: 0.0032720 seconds, Stopping threads took: 0.0001070 seconds
76.507: Application time: 0.0415380 seconds
76.507: [GC [PSYoungGen: 100464K->7904K(107520K)] 155835K->63275K(352256K), 0.0032170 secs] [Times: user=0.02 sys=0.00, real=0.00 secs] 
76.510: Total time for which application threads were stopped: 0.0034090 seconds, Stopping threads took: 0.0001080 seconds
76.538: Application time: 0.0275490 seconds
76.538: [GC [PSYoungGen: 100576K->7824K(107520K)] 155947K->63283K(352256K), 0.0031070 secs] [Times: user=0.02 sys=0.00, real=0.00 secs] 
76.541: Total time for which application threads were stopped: 0.0032760 seconds, Stopping threads took: 0.0000880 seconds
76.574: Application time: 0.0335870 seconds
76.575: [GC [PSYoungGen: 100496K->7680K(107520K)] 155955K->63291K(352256K), 0.0031170 secs] [Times: user=0.02 sys=0.00, real=0.00 secs] 
76.578: Total time for which application threads were stopped: 0.0032880 seconds, Stopping threads took: 0.0000900 seconds
76.600: Application time: 0.0221650 seconds
76.600: [GC [PSYoungGen: 100352K->7856K(107520K)] 155963K->63467K(352256K), 0.0030940 secs] [Times: user=0.03 sys=0.00, real=0.00 secs] 
76.603: Total time for which application threads were stopped: 0.0032550 seconds, Stopping threads took: 0.0000810 seconds
76.626: Application time: 0.0229820 seconds
76.626: [GC [PSYoungGen: 100528K->7936K(107520K)] 156139K->63595K(352256K), 0.0030750 secs] [Times: user=0.02 sys=0.00, real=0.00 secs] 
76.629: Total time for which application threads were stopped: 0.0032270 seconds, Stopping threads took: 0.0000680 seconds
76.668: Application time: 0.0391350 seconds
76.669: [GC [PSYoungGen: 100608K->8928K(107520K)] 156267K->64587K(352256K), 0.0032990 secs] [Times: user=0.02 sys=0.00, real=0.00 secs] 
76.672: Total time for which application threads were stopped: 0.0034520 seconds, Stopping threads took: 0.0000720 seconds
76.701: Application time: 0.0294560 seconds
76.702: [GC [PSYoungGen: 101600K->7904K(107520K)] 157259K->63571K(352256K), 0.0031270 secs] [Times: user=0.02 sys=0.00, real=0.00 secs] 
76.705: Total time for which application threads were stopped: 0.0033360 seconds, Stopping threads took: 0.0001240 seconds
76.746: Application time: 0.0409910 seconds
76.746: [GC [PSYoungGen: 100576K->7488K(107520K)] 156243K->63155K(352256K), 0.0030260 secs] [Times: user=0.02 sys=0.00, real=0.00 secs] 
76.749: Total time for which application threads were stopped: 0.0032230 seconds, Stopping threads took: 0.0001070 seconds
76.781: Application time: 0.0323970 seconds
76.782: [GC [PSYoungGen: 100160K->7584K(107520K)] 155827K->63251K(352256K), 0.0030610 secs] [Times: user=0.02 sys=0.00, real=0.00 secs] 
76.785: Total time for which application threads were stopped: 0.0032700 seconds, Stopping threads took: 0.0001270 seconds
76.817: Application time: 0.0322120 seconds
76.817: [GC [PSYoungGen: 100256K->7936K(107520K)] 155923K->63660K(352256K), 0.0031900 secs] [Times: user=0.02 sys=0.00, real=0.00 secs] 
76.820: Total time for which application threads were stopped: 0.0033630 seconds, Stopping threads took: 0.0000730 seconds
76.846: Application time: 0.0260600 seconds
76.846: [GC [PSYoungGen: 100608K->8016K(107520K)] 156332K->63740K(352256K), 0.0031360 secs] [Times: user=0.02 sys=0.00, real=0.00 secs] 
76.850: Total time for which application threads were stopped: 0.0033030 seconds, Stopping threads took: 0.0000870 seconds
76.870: Application time: 0.0202000 seconds
76.870: [GC [PSYoungGen: 100688K->8128K(107520K)] 156412K->63852K(352256K), 0.0031700 secs] [Times: user=0.02 sys=0.00, real=0.00 secs] 
76.873: Total time for which application threads were stopped: 0.0033320 seconds, Stopping threads took: 0.0000660 seconds
76.905: Application time: 0.0318870 seconds
76.905: [GC [PSYoungGen: 100800K->14352K(107520K)] 156524K->70076K(352256K), 0.0055240 secs] [Times: user=0.04 sys=0.00, real=0.01 secs] 
76.911: Total time for which application threads were stopped: 0.0057160 seconds, Stopping threads took: 0.0000960 seconds
76.943: Application time: 0.0325610 seconds
76.943: [GC [PSYoungGen: 107024K->9872K(107520K)] 162748K->65596K(352256K), 0.0037610 secs] [Times: user=0.02 sys=0.00, real=0.01 secs] 
76.947: Total time for which application threads were stopped: 0.0039350 seconds, Stopping threads took: 0.0000790 seconds
76.984: Application time: 0.0363220 seconds
76.984: [GC [PSYoungGen: 102544K->9680K(107520K)] 158268K->65404K(352256K), 0.0038840 secs] [Times: user=0.02 sys=0.00, real=0.01 secs] 
76.988: Total time for which application threads were stopped: 0.0040840 seconds, Stopping threads took: 0.0001060 seconds
77.027: Application time: 0.0395900 seconds
77.027: [GC [PSYoungGen: 102352K->7920K(107520K)] 158076K->63644K(352256K), 0.0030210 secs] [Times: user=0.02 sys=0.00, real=0.00 secs] 
77.030: Total time for which application threads were stopped: 0.0032100 seconds, Stopping threads took: 0.0000920 seconds
77.058: Application time: 0.0280340 seconds
77.062: [GC [PSYoungGen: 100592K->7808K(107520K)] 156316K->63532K(352256K), 0.0030920 secs] [Times: user=0.02 sys=0.00, real=0.00 secs] 
77.065: Total time for which application threads were stopped: 0.0066560 seconds, Stopping threads took: 0.0034720 seconds
77.097: Application time: 0.0320610 seconds
77.097: [GC [PSYoungGen: 100480K->7984K(107520K)] 156204K->63708K(352256K), 0.0031330 secs] [Times: user=0.02 sys=0.00, real=0.00 secs] 
77.100: Total time for which application threads were stopped: 0.0033120 seconds, Stopping threads took: 0.0000940 seconds
77.121: Application time: 0.0201030 seconds
77.121: [GC [PSYoungGen: 100656K->8080K(107520K)] 156380K->63804K(352256K), 0.0031260 secs] [Times: user=0.02 sys=0.00, real=0.00 secs] 
77.124: Total time for which application threads were stopped: 0.0032930 seconds, Stopping threads took: 0.0000840 seconds
77.149: Application time: 0.0246300 seconds
77.149: [GC [PSYoungGen: 100752K->8016K(107520K)] 156476K->63740K(352256K), 0.0031040 secs] [Times: user=0.02 sys=0.00, real=0.00 secs] 
77.152: Total time for which application threads were stopped: 0.0032860 seconds, Stopping threads took: 0.0000920 seconds
77.191: Application time: 0.0387140 seconds
77.191: [GC [PSYoungGen: 100688K->9536K(107520K)] 156412K->65260K(352256K), 0.0035690 secs] [Times: user=0.02 sys=0.00, real=0.01 secs] 
77.194: Total time for which application threads were stopped: 0.0037490 seconds, Stopping threads took: 0.0000930 seconds
77.224: Application time: 0.0298710 seconds
77.226: [GC [PSYoungGen: 102208K->8128K(107520K)] 157932K->63852K(352256K), 0.0032140 secs] [Times: user=0.02 sys=0.00, real=0.00 secs] 
77.229: Total time for which application threads were stopped: 0.0051130 seconds, Stopping threads took: 0.0018190 seconds
77.271: Application time: 0.0422200 seconds
77.272: [GC [PSYoungGen: 100800K->7968K(107520K)] 156524K->63692K(352256K), 0.0031500 secs] [Times: user=0.02 sys=0.00, real=0.01 secs] 
77.275: Total time for which application threads were stopped: 0.0033300 seconds, Stopping threads took: 0.0000880 seconds
77.303: Application time: 0.0283550 seconds
77.303: [GC [PSYoungGen: 100640K->7808K(107520K)] 156364K->63572K(352256K), 0.0031410 secs] [Times: user=0.03 sys=0.00, real=0.01 secs] 
77.306: Total time for which application threads were stopped: 0.0033140 seconds, Stopping threads took: 0.0000890 seconds
77.340: Application time: 0.0339380 seconds
77.341: [GC [PSYoungGen: 100480K->7760K(107520K)] 156244K->63664K(352256K), 0.0031600 secs] [Times: user=0.02 sys=0.00, real=0.00 secs] 
77.344: Total time for which application threads were stopped: 0.0033340 seconds, Stopping threads took: 0.0000720 seconds
77.368: Application time: 0.0241050 seconds
77.368: [GC [PSYoungGen: 100432K->7840K(107520K)] 156336K->63800K(352256K), 0.0030770 secs] [Times: user=0.02 sys=0.00, real=0.00 secs] 
77.371: Total time for which application threads were stopped: 0.0032620 seconds, Stopping threads took: 0.0001030 seconds
77.392: Application time: 0.0210380 seconds
77.392: [GC [PSYoungGen: 100512K->7792K(107520K)] 156472K->63752K(352256K), 0.0030410 secs] [Times: user=0.02 sys=0.00, real=0.01 secs] 
77.395: Total time for which application threads were stopped: 0.0031980 seconds, Stopping threads took: 0.0000740 seconds
77.432: Application time: 0.0370840 seconds
77.433: [GC [PSYoungGen: 100464K->9904K(107520K)] 156424K->65928K(352256K), 0.0035450 secs] [Times: user=0.02 sys=0.00, real=0.01 secs] 
77.436: Total time for which application threads were stopped: 0.0037060 seconds, Stopping threads took: 0.0000760 seconds
77.465: Application time: 0.0286900 seconds
77.465: [GC [PSYoungGen: 102576K->8240K(107520K)] 158600K->64264K(352256K), 0.0031770 secs] [Times: user=0.03 sys=0.00, real=0.01 secs] 
77.468: Total time for which application threads were stopped: 0.0033540 seconds, Stopping threads took: 0.0000890 seconds
77.508: Application time: 0.0394370 seconds
77.508: [GC [PSYoungGen: 100912K->7904K(107520K)] 156936K->63936K(352256K), 0.0032040 secs] [Times: user=0.02 sys=0.00, real=0.00 secs] 
77.511: Total time for which application threads were stopped: 0.0033840 seconds, Stopping threads took: 0.0001000 seconds
77.547: Application time: 0.0356410 seconds
77.547: [GC [PSYoungGen: 100576K->7792K(107520K)] 156608K->63824K(352256K), 0.0030050 secs] [Times: user=0.02 sys=0.00, real=0.00 secs] 
77.550: Total time for which application threads were stopped: 0.0031850 seconds, Stopping threads took: 0.0000890 seconds
77.581: Application time: 0.0307800 seconds
77.582: [GC [PSYoungGen: 100464K->7872K(107520K)] 156496K->63952K(352256K), 0.0031480 secs] [Times: user=0.02 sys=0.00, real=0.00 secs] 
77.585: Total time for which application threads were stopped: 0.0045110 seconds, Stopping threads took: 0.0012870 seconds
77.613: Application time: 0.0279650 seconds
77.613: [GC [PSYoungGen: 100544K->7984K(107520K)] 156624K->64064K(352256K), 0.0031360 secs] [Times: user=0.02 sys=0.00, real=0.01 secs] 
77.616: Total time for which application threads were stopped: 0.0033240 seconds, Stopping threads took: 0.0001040 seconds
77.636: Application time: 0.0198340 seconds
77.636: [GC [PSYoungGen: 100656K->7968K(107520K)] 156736K->64048K(352256K), 0.0030900 secs] [Times: user=0.02 sys=0.00, real=0.00 secs] 
77.640: Total time for which application threads were stopped: 0.0032710 seconds, Stopping threads took: 0.0001000 seconds
77.672: Application time: 0.0326680 seconds
77.672: [GC [PSYoungGen: 100640K->13648K(107520K)] 156720K->69728K(352256K), 0.0052400 secs] [Times: user=0.04 sys=0.00, real=0.01 secs] 
77.678: Total time for which application threads were stopped: 0.0054150 seconds, Stopping threads took: 0.0000900 seconds
77.709: Application time: 0.0317140 seconds
77.710: [GC [PSYoungGen: 106320K->8112K(107520K)] 162400K->64192K(352256K), 0.0031340 secs] [Times: user=0.02 sys=0.00, real=0.00 secs] 
77.713: Total time for which application threads were stopped: 0.0033110 seconds, Stopping threads took: 0.0000950 seconds
77.749: Application time: 0.0359250 seconds
77.749: [GC [PSYoungGen: 100784K->8176K(107520K)] 156864K->64256K(352256K), 0.0033670 secs] [Times: user=0.02 sys=0.00, real=0.00 secs] 
77.752: Total time for which application threads were stopped: 0.0035420 seconds, Stopping threads took: 0.0000840 seconds
77.790: Application time: 0.0383270 seconds
77.791: [GC [PSYoungGen: 100848K->7792K(107520K)] 156928K->63872K(352256K), 0.0031240 secs] [Times: user=0.02 sys=0.00, real=0.00 secs] 
77.794: Total time for which application threads were stopped: 0.0032800 seconds, Stopping threads took: 0.0000710 seconds
77.821: Application time: 0.0276890 seconds
77.822: [GC [PSYoungGen: 100464K->7872K(107520K)] 156544K->63952K(352256K), 0.0031260 secs] [Times: user=0.02 sys=0.00, real=0.00 secs] 
77.825: Total time for which application threads were stopped: 0.0033140 seconds, Stopping threads took: 0.0001010 seconds
77.858: Application time: 0.0331260 seconds
77.858: [GC [PSYoungGen: 100544K->7952K(107520K)] 156624K->64032K(352256K), 0.0031860 secs] [Times: user=0.02 sys=0.00, real=0.00 secs] 
77.861: Total time for which application threads were stopped: 0.0033480 seconds, Stopping threads took: 0.0000630 seconds
77.883: Application time: 0.0219040 seconds
77.883: [GC [PSYoungGen: 100624K->7920K(107520K)] 156704K->64000K(352256K), 0.0030840 secs] [Times: user=0.02 sys=0.00, real=0.01 secs] 
77.886: Total time for which application threads were stopped: 0.0032550 seconds, Stopping threads took: 0.0000910 seconds
77.911: Application time: 0.0243340 seconds
77.911: [GC [PSYoungGen: 100592K->9760K(107520K)] 156672K->65840K(352256K), 0.0038260 secs] [Times: user=0.03 sys=0.00, real=0.01 secs] 
77.915: Total time for which application threads were stopped: 0.0039840 seconds, Stopping threads took: 0.0000730 seconds
77.952: Application time: 0.0376410 seconds
77.953: [GC [PSYoungGen: 102432K->8592K(107520K)] 158512K->64672K(352256K), 0.0032320 secs] [Times: user=0.02 sys=0.00, real=0.01 secs] 
77.956: Total time for which application threads were stopped: 0.0034290 seconds, Stopping threads took: 0.0001160 seconds
77.985: Application time: 0.0289770 seconds
77.985: [GC [PSYoungGen: 101264K->8208K(107520K)] 157344K->64288K(352256K), 0.0032190 secs] [Times: user=0.02 sys=0.00, real=0.01 secs] 
77.988: Total time for which application threads were stopped: 0.0033860 seconds, Stopping threads took: 0.0000860 seconds
78.030: Application time: 0.0421110 seconds
78.030: [GC [PSYoungGen: 100880K->8080K(107520K)] 156960K->64160K(352256K), 0.0031870 secs] [Times: user=0.02 sys=0.00, real=0.00 secs] 
78.034: Total time for which application threads were stopped: 0.0033710 seconds, Stopping threads took: 0.0000970 seconds
78.064: Application time: 0.0302850 seconds
78.064: [GC [PSYoungGen: 100752K->7776K(107520K)] 156832K->63856K(352256K), 0.0031440 secs] [Times: user=0.02 sys=0.00, real=0.01 secs] 
78.067: Total time for which application threads were stopped: 0.0032980 seconds, Stopping threads took: 0.0000740 seconds
78.101: Application time: 0.0339240 seconds
78.101: [GC [PSYoungGen: 100448K->7696K(107520K)] 156528K->63964K(352256K), 0.0031830 secs] [Times: user=0.02 sys=0.00, real=0.00 secs] 
78.105: Total time for which application threads were stopped: 0.0033450 seconds, Stopping threads took: 0.0000740 seconds
78.129: Application time: 0.0241030 seconds
78.129: [GC [PSYoungGen: 100368K->7712K(107520K)] 156636K->64036K(352256K), 0.0031500 secs] [Times: user=0.02 sys=0.00, real=0.00 secs] 
78.132: Total time for which application threads were stopped: 0.0033540 seconds, Stopping threads took: 0.0001200 seconds
78.153: Application time: 0.0207340 seconds
78.154: [GC [PSYoungGen: 100384K->7728K(107520K)] 156708K->64052K(352256K), 0.0031310 secs] [Times: user=0.02 sys=0.00, real=0.00 secs] 
78.157: Total time for which application threads were stopped: 0.0044140 seconds, Stopping threads took: 0.0012040 seconds
78.194: Application time: 0.0370840 seconds
78.198: [GC [PSYoungGen: 100400K->10784K(107520K)] 156724K->67164K(352256K), 0.0041890 secs] [Times: user=0.02 sys=0.00, real=0.00 secs] 
78.202: Total time for which application threads were stopped: 0.0079690 seconds, Stopping threads took: 0.0036930 seconds
78.230: Application time: 0.0277710 seconds
78.234: [GC [PSYoungGen: 103456K->7776K(107520K)] 159836K->64164K(352256K), 0.0030840 secs] [Times: user=0.02 sys=0.00, real=0.00 secs] 
78.237: Total time for which application threads were stopped: 0.0071480 seconds, Stopping threads took: 0.0039790 seconds
78.277: Application time: 0.0394640 seconds
78.277: [GC [PSYoungGen: 100448K->9376K(107520K)] 156836K->65764K(352256K), 0.0038060 secs] [Times: user=0.03 sys=0.00, real=0.00 secs] 
78.281: Total time for which application threads were stopped: 0.0039810 seconds, Stopping threads took: 0.0000920 seconds
78.316: Application time: 0.0353780 seconds
78.318: [GC [PSYoungGen: 102048K->7824K(107520K)] 158436K->64212K(352256K), 0.0030840 secs] [Times: user=0.02 sys=0.00, real=0.00 secs] 
78.321: Total time for which application threads were stopped: 0.0051380 seconds, Stopping threads took: 0.0019690 seconds
78.352: Application time: 0.0305510 seconds
78.352: [GC [PSYoungGen: 100496K->7728K(107520K)] 156884K->64164K(352256K), 0.0030860 secs] [Times: user=0.02 sys=0.00, real=0.01 secs] 
78.355: Total time for which application threads were stopped: 0.0032710 seconds, Stopping threads took: 0.0001040 seconds
78.384: Application time: 0.0294910 seconds
78.385: [GC [PSYoungGen: 100400K->7824K(107520K)] 156836K->64260K(352256K), 0.0032230 secs] [Times: user=0.02 sys=0.00, real=0.01 secs] 
78.388: Total time for which application threads were stopped: 0.0034080 seconds, Stopping threads took: 0.0000780 seconds
78.408: Application time: 0.0198990 seconds
78.408: [GC [PSYoungGen: 100496K->7904K(107520K)] 156932K->64340K(352256K), 0.0030320 secs] [Times: user=0.03 sys=0.00, real=0.00 secs] 
78.411: Total time for which application threads were stopped: 0.0032120 seconds, Stopping threads took: 0.0001000 seconds
78.443: Application time: 0.0317000 seconds
78.443: [GC [PSYoungGen: 100576K->13968K(107520K)] 157012K->70404K(352256K), 0.0051840 secs] [Times: user=0.04 sys=0.00, real=0.01 secs] 
78.448: Total time for which application threads were stopped: 0.0053570 seconds, Stopping threads took: 0.0000820 seconds
78.481: Application time: 0.0329930 seconds
78.481: [GC [PSYoungGen: 106640K->8688K(107520K)] 163076K->65124K(352256K), 0.0032260 secs] [Times: user=0.02 sys=0.00, real=0.00 secs] 
78.484: Total time for which application threads were stopped: 0.0033980 seconds, Stopping threads took: 0.0000890 seconds
78.518: Application time: 0.0330970 seconds
78.518: [GC [PSYoungGen: 101360K->8544K(107520K)] 157796K->64980K(352256K), 0.0033640 secs] [Times: user=0.03 sys=0.00, real=0.00 secs] 
78.521: Total time for which application threads were stopped: 0.0035230 seconds, Stopping threads took: 0.0000780 seconds
78.561: Application time: 0.0401730 seconds
78.561: [GC [PSYoungGen: 101216K->8096K(107520K)] 157652K->64532K(352256K), 0.0031600 secs] [Times: user=0.02 sys=0.00, real=0.00 secs] 
78.565: Total time for which application threads were stopped: 0.0033560 seconds, Stopping threads took: 0.0001130 seconds
78.592: Application time: 0.0275750 seconds
78.592: [GC [PSYoungGen: 100768K->7760K(107520K)] 157204K->64196K(352256K), 0.0031410 secs] [Times: user=0.02 sys=0.00, real=0.01 secs] 
78.595: Total time for which application threads were stopped: 0.0033060 seconds, Stopping threads took: 0.0000820 seconds
78.630: Application time: 0.0348990 seconds
78.631: [GC [PSYoungGen: 100432K->7952K(107520K)] 156868K->64388K(352256K), 0.0031070 secs] [Times: user=0.02 sys=0.00, real=0.00 secs] 
78.634: Total time for which application threads were stopped: 0.0032870 seconds, Stopping threads took: 0.0001010 seconds
78.655: Application time: 0.0215430 seconds
78.655: [GC [PSYoungGen: 100624K->7968K(107520K)] 157060K->64404K(352256K), 0.0031470 secs] [Times: user=0.02 sys=0.00, real=0.00 secs] 
78.659: Total time for which application threads were stopped: 0.0033030 seconds, Stopping threads took: 0.0000720 seconds
78.682: Application time: 0.0234890 seconds
78.682: [GC [PSYoungGen: 100640K->7840K(107520K)] 157076K->64276K(352256K), 0.0030170 secs] [Times: user=0.03 sys=0.00, real=0.00 secs] 
78.685: Total time for which application threads were stopped: 0.0031900 seconds, Stopping threads took: 0.0000930 seconds
78.723: Application time: 0.0378360 seconds
78.723: [GC [PSYoungGen: 100512K->8480K(107520K)] 156948K->64916K(352256K), 0.0032140 secs] [Times: user=0.01 sys=0.01, real=0.01 secs] 
78.726: Total time for which application threads were stopped: 0.0033740 seconds, Stopping threads took: 0.0000760 seconds
78.754: Application time: 0.0273970 seconds
78.754: [GC [PSYoungGen: 101152K->9776K(107520K)] 157588K->66212K(352256K), 0.0038600 secs] [Times: user=0.03 sys=0.00, real=0.00 secs] 
78.758: Total time for which application threads were stopped: 0.0040630 seconds, Stopping threads took: 0.0001110 seconds
78.800: Application time: 0.0417190 seconds
78.800: [GC [PSYoungGen: 102448K->8192K(107520K)] 158884K->64628K(352256K), 0.0032540 secs] [Times: user=0.02 sys=0.00, real=0.00 secs] 
78.803: Total time for which application threads were stopped: 0.0034410 seconds, Stopping threads took: 0.0000950 seconds
78.835: Application time: 0.0317080 seconds
78.835: [GC [PSYoungGen: 100864K->7856K(107520K)] 157300K->64292K(352256K), 0.0030560 secs] [Times: user=0.02 sys=0.00, real=0.00 secs] 
78.838: Total time for which application threads were stopped: 0.0032390 seconds, Stopping threads took: 0.0001030 seconds
78.872: Application time: 0.0337180 seconds
78.872: [GC [PSYoungGen: 100528K->7936K(107520K)] 156964K->64552K(352256K), 0.0031880 secs] [Times: user=0.02 sys=0.00, real=0.01 secs] 
78.875: Total time for which application threads were stopped: 0.0033500 seconds, Stopping threads took: 0.0000790 seconds
78.900: Application time: 0.0252930 seconds
78.900: [GC [PSYoungGen: 100608K->7824K(107520K)] 157224K->64440K(352256K), 0.0031180 secs] [Times: user=0.02 sys=0.00, real=0.00 secs] 
78.904: Total time for which application threads were stopped: 0.0032980 seconds, Stopping threads took: 0.0000830 seconds
78.924: Application time: 0.0207420 seconds
78.925: [GC [PSYoungGen: 100496K->7808K(107520K)] 157112K->64480K(352256K), 0.0030760 secs] [Times: user=0.02 sys=0.00, real=0.01 secs] 
78.928: Total time for which application threads were stopped: 0.0032470 seconds, Stopping threads took: 0.0000890 seconds
78.961: Application time: 0.0329640 seconds
78.961: [GC [PSYoungGen: 100480K->14832K(107520K)] 157152K->72542K(352256K), 0.0062040 secs] [Times: user=0.05 sys=0.00, real=0.01 secs] 
78.967: Total time for which application threads were stopped: 0.0063780 seconds, Stopping threads took: 0.0000860 seconds
78.999: Application time: 0.0316820 seconds
78.999: [GC [PSYoungGen: 107504K->12368K(107520K)] 165214K->70078K(352256K), 0.0069080 secs] [Times: user=0.05 sys=0.00, real=0.00 secs] 
79.006: Total time for which application threads were stopped: 0.0071190 seconds, Stopping threads took: 0.0001110 seconds
79.043: Application time: 0.0369350 seconds
79.043: [GC [PSYoungGen: 105040K->12608K(107520K)] 162750K->70326K(352256K), 0.0049830 secs] [Times: user=0.03 sys=0.00, real=0.01 secs] 
79.048: Total time for which application threads were stopped: 0.0051570 seconds, Stopping threads took: 0.0000780 seconds
79.086: Application time: 0.0376700 seconds
79.086: [GC [PSYoungGen: 105280K->12352K(107520K)] 162998K->70070K(352256K), 0.0048920 secs] [Times: user=0.03 sys=0.00, real=0.01 secs] 
79.091: Total time for which application threads were stopped: 0.0050860 seconds, Stopping threads took: 0.0001000 seconds
79.119: Application time: 0.0284110 seconds
79.119: [GC [PSYoungGen: 105024K->12368K(107520K)] 162742K->70142K(352256K), 0.0049520 secs] [Times: user=0.04 sys=0.00, real=0.00 secs] 
79.124: Total time for which application threads were stopped: 0.0051320 seconds, Stopping threads took: 0.0000860 seconds
79.156: Application time: 0.0318220 seconds
79.156: [GC [PSYoungGen: 105040K->12624K(107520K)] 162814K->70398K(352256K), 0.0048560 secs] [Times: user=0.04 sys=0.00, real=0.00 secs] 
79.161: Total time for which application threads were stopped: 0.0050680 seconds, Stopping threads took: 0.0001160 seconds
79.181: Application time: 0.0198410 seconds
79.181: [GC [PSYoungGen: 105296K->12752K(107520K)] 163070K->70526K(352256K), 0.0049450 secs] [Times: user=0.04 sys=0.00, real=0.01 secs] 
79.186: Total time for which application threads were stopped: 0.0051140 seconds, Stopping threads took: 0.0000820 seconds
79.213: Application time: 0.0269650 seconds
79.213: [GC [PSYoungGen: 105424K->14816K(107520K)] 163198K->73318K(352256K), 0.0061480 secs] [Times: user=0.04 sys=0.00, real=0.01 secs] 
79.219: Total time for which application threads were stopped: 0.0063460 seconds, Stopping threads took: 0.0001040 seconds
79.256: Application time: 0.0367500 seconds
79.256: [GC [PSYoungGen: 107488K->14816K(107520K)] 165990K->73342K(352256K), 0.0058000 secs] [Times: user=0.05 sys=0.00, real=0.00 secs] 
79.262: Total time for which application threads were stopped: 0.0059980 seconds, Stopping threads took: 0.0001030 seconds
79.293: Application time: 0.0306270 seconds
79.293: [GC [PSYoungGen: 107488K->14816K(107520K)] 166014K->73382K(352256K), 0.0058700 secs] [Times: user=0.04 sys=0.00, real=0.01 secs] 
79.299: Total time for which application threads were stopped: 0.0060550 seconds, Stopping threads took: 0.0000860 seconds
79.340: Application time: 0.0414380 seconds
79.340: [GC [PSYoungGen: 107488K->14448K(107520K)] 166054K->73014K(352256K), 0.0057310 secs] [Times: user=0.04 sys=0.00, real=0.01 secs] 
79.346: Total time for which application threads were stopped: 0.0059320 seconds, Stopping threads took: 0.0001040 seconds
79.374: Application time: 0.0279080 seconds
79.374: [GC [PSYoungGen: 107120K->14480K(107520K)] 165686K->73046K(352256K), 0.0057190 secs] [Times: user=0.04 sys=0.00, real=0.00 secs] 
79.380: Total time for which application threads were stopped: 0.0059140 seconds, Stopping threads took: 0.0000930 seconds
79.415: Application time: 0.0351550 seconds
79.415: [GC [PSYoungGen: 107152K->14624K(107520K)] 165718K->73190K(352256K), 0.0057960 secs] [Times: user=0.04 sys=0.00, real=0.00 secs] 
79.421: Total time for which application threads were stopped: 0.0059940 seconds, Stopping threads took: 0.0000890 seconds
79.444: Application time: 0.0230380 seconds
79.444: [GC [PSYoungGen: 107296K->14688K(107520K)] 165862K->73254K(352256K), 0.0057690 secs] [Times: user=0.04 sys=0.00, real=0.01 secs] 
79.450: Total time for which application threads were stopped: 0.0059470 seconds, Stopping threads took: 0.0000870 seconds
79.472: Application time: 0.0218420 seconds
79.472: [GC [PSYoungGen: 107360K->14832K(107520K)] 165926K->73516K(352256K), 0.0058360 secs] [Times: user=0.04 sys=0.00, real=0.01 secs] 
79.478: Total time for which application threads were stopped: 0.0060250 seconds, Stopping threads took: 0.0000980 seconds
79.516: Application time: 0.0378710 seconds
79.516: [GC [PSYoungGen: 107504K->12016K(107520K)] 166188K->75248K(352256K), 0.0060520 secs] [Times: user=0.04 sys=0.01, real=0.00 secs] 
79.522: Total time for which application threads were stopped: 0.0062420 seconds, Stopping threads took: 0.0000910 seconds
79.549: Application time: 0.0272370 seconds
79.550: [GC [PSYoungGen: 104688K->11968K(107520K)] 167920K->75360K(352256K), 0.0047510 secs] [Times: user=0.03 sys=0.00, real=0.01 secs] 
79.554: Total time for which application threads were stopped: 0.0049150 seconds, Stopping threads took: 0.0000740 seconds
79.594: Application time: 0.0398670 seconds
79.594: [GC [PSYoungGen: 104640K->11712K(107520K)] 168032K->75104K(352256K), 0.0047470 secs] [Times: user=0.03 sys=0.00, real=0.00 secs] 
79.599: Total time for which application threads were stopped: 0.0048910 seconds, Stopping threads took: 0.0000540 seconds
79.634: Application time: 0.0347140 seconds
79.642: [GC [PSYoungGen: 104384K->10176K(107520K)] 167776K->73568K(352256K), 0.0040820 secs] [Times: user=0.03 sys=0.00, real=0.01 secs] 
79.646: Total time for which application threads were stopped: 0.0121880 seconds, Stopping threads took: 0.0080150 seconds
79.679: Application time: 0.0326860 seconds
79.679: [GC [PSYoungGen: 102848K->9936K(107520K)] 166240K->73508K(352256K), 0.0040970 secs] [Times: user=0.03 sys=0.00, real=0.00 secs] 
79.683: Total time for which application threads were stopped: 0.0042670 seconds, Stopping threads took: 0.0000820 seconds
79.711: Application time: 0.0277810 seconds
79.714: [GC [PSYoungGen: 102608K->9824K(107520K)] 166180K->73396K(352256K), 0.0039690 secs] [Times: user=0.03 sys=0.00, real=0.00 secs] 
79.718: Total time for which application threads were stopped: 0.0072670 seconds, Stopping threads took: 0.0032140 seconds
79.739: Application time: 0.0208860 seconds
79.739: [GC [PSYoungGen: 102496K->10048K(107520K)] 166068K->73668K(352256K), 0.0040120 secs] [Times: user=0.03 sys=0.00, real=0.00 secs] 
79.743: Total time for which application threads were stopped: 0.0041770 seconds, Stopping threads took: 0.0000730 seconds
79.773: Application time: 0.0300510 seconds
79.773: [GC [PSYoungGen: 102720K->14816K(107520K)] 166340K->81645K(352256K), 0.0070620 secs] [Times: user=0.04 sys=0.01, real=0.01 secs] 
79.780: Total time for which application threads were stopped: 0.0072550 seconds, Stopping threads took: 0.0000950 seconds
79.815: Application time: 0.0348640 seconds
79.815: [GC [PSYoungGen: 107488K->12000K(107520K)] 174317K->79305K(352256K), 0.0048900 secs] [Times: user=0.03 sys=0.00, real=0.00 secs] 
79.820: Total time for which application threads were stopped: 0.0050590 seconds, Stopping threads took: 0.0000770 seconds
79.854: Application time: 0.0333320 seconds
79.854: [GC [PSYoungGen: 104672K->11968K(107520K)] 171977K->79281K(352256K), 0.0048740 secs] [Times: user=0.03 sys=0.00, real=0.01 secs] 
79.859: Total time for which application threads were stopped: 0.0050630 seconds, Stopping threads took: 0.0000990 seconds
79.899: Application time: 0.0399750 seconds
79.899: [GC [PSYoungGen: 104640K->11808K(107520K)] 171953K->79121K(352256K), 0.0047660 secs] [Times: user=0.03 sys=0.00, real=0.00 secs] 
79.904: Total time for which application threads were stopped: 0.0049500 seconds, Stopping threads took: 0.0000920 seconds
79.931: Application time: 0.0277820 seconds
79.932: [GC [PSYoungGen: 104480K->11888K(107520K)] 171793K->79257K(352256K), 0.0048090 secs] [Times: user=0.03 sys=0.00, real=0.01 secs] 
79.936: Total time for which application threads were stopped: 0.0050130 seconds, Stopping threads took: 0.0001000 seconds
79.969: Application time: 0.0330520 seconds
79.970: [GC [PSYoungGen: 104560K->11872K(107520K)] 171929K->79241K(352256K), 0.0047300 secs] [Times: user=0.03 sys=0.01, real=0.01 secs] 
79.974: Total time for which application threads were stopped: 0.0049270 seconds, Stopping threads took: 0.0001050 seconds
79.996: Application time: 0.0215350 seconds
79.996: [GC [PSYoungGen: 104544K->11920K(107520K)] 171913K->79289K(352256K), 0.0047300 secs] [Times: user=0.04 sys=0.00, real=0.00 secs] 
80.001: Total time for which application threads were stopped: 0.0049260 seconds, Stopping threads took: 0.0001080 seconds
80.027: Application time: 0.0258230 seconds
80.027: [GC [PSYoungGen: 104592K->12288K(107520K)] 171961K->79721K(352256K), 0.0048240 secs] [Times: user=0.03 sys=0.00, real=0.00 secs] 
80.032: Total time for which application threads were stopped: 0.0050020 seconds, Stopping threads took: 0.0000790 seconds
80.070: Application time: 0.0381410 seconds
80.070: [GC [PSYoungGen: 104960K->12592K(107520K)] 172393K->80025K(352256K), 0.0049600 secs] [Times: user=0.04 sys=0.00, real=0.01 secs] 
80.075: Total time for which application threads were stopped: 0.0051550 seconds, Stopping threads took: 0.0001010 seconds
80.104: Application time: 0.0291290 seconds
80.104: [GC [PSYoungGen: 105264K->13968K(107520K)] 172697K->81401K(352256K), 0.0056090 secs] [Times: user=0.04 sys=0.01, real=0.01 secs] 
80.110: Total time for which application threads were stopped: 0.0057800 seconds, Stopping threads took: 0.0000670 seconds
80.152: Application time: 0.0416810 seconds
80.152: [GC [PSYoungGen: 106640K->11904K(107520K)] 174073K->79337K(352256K), 0.0048300 secs] [Times: user=0.03 sys=0.00, real=0.01 secs] 
80.157: Total time for which application threads were stopped: 0.0050180 seconds, Stopping threads took: 0.0000940 seconds
80.186: Application time: 0.0292390 seconds
80.186: [GC [PSYoungGen: 104576K->11696K(107520K)] 172009K->79129K(352256K), 0.0048170 secs] [Times: user=0.03 sys=0.00, real=0.00 secs] 
80.191: Total time for which application threads were stopped: 0.0050020 seconds, Stopping threads took: 0.0000910 seconds
80.226: Application time: 0.0352140 seconds
80.226: [GC [PSYoungGen: 104368K->11952K(107520K)] 171801K->79385K(352256K), 0.0047950 secs] [Times: user=0.03 sys=0.00, real=0.00 secs] 
80.231: Total time for which application threads were stopped: 0.0049890 seconds, Stopping threads took: 0.0001070 seconds
80.256: Application time: 0.0244960 seconds
80.256: [GC [PSYoungGen: 104624K->12080K(107520K)] 172057K->79513K(352256K), 0.0047760 secs] [Times: user=0.03 sys=0.00, real=0.00 secs] 
80.261: Total time for which application threads were stopped: 0.0049730 seconds, Stopping threads took: 0.0001060 seconds
80.282: Application time: 0.0210280 seconds
80.282: [GC [PSYoungGen: 104752K->12240K(107520K)] 172185K->79673K(352256K), 0.0048340 secs] [Times: user=0.03 sys=0.00, real=0.01 secs] 
80.287: Total time for which application threads were stopped: 0.0050020 seconds, Stopping threads took: 0.0000790 seconds
80.322: Application time: 0.0349770 seconds
80.322: [GC [PSYoungGen: 104912K->13104K(107520K)] 172345K->84675K(352256K), 0.0065350 secs] [Times: user=0.05 sys=0.00, real=0.01 secs] 
80.328: Total time for which application threads were stopped: 0.0067090 seconds, Stopping threads took: 0.0000770 seconds
80.358: Application time: 0.0299230 seconds
80.358: [GC [PSYoungGen: 105776K->8816K(107520K)] 177347K->80427K(352256K), 0.0033100 secs] [Times: user=0.02 sys=0.00, real=0.00 secs] 
80.362: Total time for which application threads were stopped: 0.0034610 seconds, Stopping threads took: 0.0000660 seconds
80.399: Application time: 0.0377960 seconds
80.400: [GC [PSYoungGen: 101488K->9680K(107520K)] 173099K->81291K(352256K), 0.0039750 secs] [Times: user=0.03 sys=0.00, real=0.00 secs] 
80.404: Total time for which application threads were stopped: 0.0041600 seconds, Stopping threads took: 0.0000940 seconds
80.443: Application time: 0.0390440 seconds
80.443: [GC [PSYoungGen: 102352K->7968K(107520K)] 173963K->79579K(352256K), 0.0031800 secs] [Times: user=0.02 sys=0.00, real=0.01 secs] 
80.446: Total time for which application threads were stopped: 0.0033890 seconds, Stopping threads took: 0.0001000 seconds
80.476: Application time: 0.0294640 seconds
80.476: [GC [PSYoungGen: 100640K->7792K(107520K)] 172251K->79543K(352256K), 0.0031670 secs] [Times: user=0.02 sys=0.00, real=0.00 secs] 
80.479: Total time for which application threads were stopped: 0.0033640 seconds, Stopping threads took: 0.0001100 seconds
80.510: Application time: 0.0306600 seconds
80.510: [GC [PSYoungGen: 100464K->7680K(107520K)] 172215K->79487K(352256K), 0.0031230 secs] [Times: user=0.02 sys=0.00, real=0.00 secs] 
80.513: Total time for which application threads were stopped: 0.0032790 seconds, Stopping threads took: 0.0000650 seconds
80.533: Application time: 0.0199780 seconds
80.533: [GC [PSYoungGen: 100352K->7808K(107520K)] 172159K->79663K(352256K), 0.0031340 secs] [Times: user=0.02 sys=0.00, real=0.01 secs] 
80.536: Total time for which application threads were stopped: 0.0033320 seconds, Stopping threads took: 0.0001100 seconds
80.564: Application time: 0.0277760 seconds
80.564: [GC [PSYoungGen: 100480K->11424K(107520K)] 172335K->83335K(352256K), 0.0044060 secs] [Times: user=0.03 sys=0.00, real=0.01 secs] 
80.569: Total time for which application threads were stopped: 0.0046130 seconds, Stopping threads took: 0.0001070 seconds
80.604: Application time: 0.0355250 seconds
80.604: [GC [PSYoungGen: 104096K->7824K(107520K)] 176007K->79735K(352256K), 0.0030890 secs] [Times: user=0.02 sys=0.00, real=0.01 secs] 
80.607: Total time for which application threads were stopped: 0.0032690 seconds, Stopping threads took: 0.0000830 seconds
80.639: Application time: 0.0313020 seconds
80.639: [GC [PSYoungGen: 100496K->7664K(107520K)] 172407K->79583K(352256K), 0.0030660 secs] [Times: user=0.02 sys=0.00, real=0.00 secs] 
80.642: Total time for which application threads were stopped: 0.0032510 seconds, Stopping threads took: 0.0000800 seconds
80.683: Application time: 0.0409560 seconds
80.683: [GC [PSYoungGen: 100336K->7728K(107520K)] 172255K->79647K(352256K), 0.0031700 secs] [Times: user=0.01 sys=0.00, real=0.01 secs] 
80.686: Total time for which application threads were stopped: 0.0033350 seconds, Stopping threads took: 0.0000740 seconds
80.714: Application time: 0.0280520 seconds
80.714: [GC [PSYoungGen: 100400K->7696K(107520K)] 172319K->79615K(352256K), 0.0031540 secs] [Times: user=0.02 sys=0.00, real=0.00 secs] 
80.718: Total time for which application threads were stopped: 0.0033490 seconds, Stopping threads took: 0.0001120 seconds
80.751: Application time: 0.0335110 seconds
80.751: [GC [PSYoungGen: 100368K->7968K(107520K)] 172287K->79943K(352256K), 0.0032390 secs] [Times: user=0.02 sys=0.00, real=0.01 secs] 
80.755: Total time for which application threads were stopped: 0.0034020 seconds, Stopping threads took: 0.0000770 seconds
80.778: Application time: 0.0229890 seconds
80.782: [GC [PSYoungGen: 100640K->7664K(107520K)] 172615K->79639K(352256K), 0.0031340 secs] [Times: user=0.02 sys=0.00, real=0.00 secs] 
80.785: Total time for which application threads were stopped: 0.0071610 seconds, Stopping threads took: 0.0039430 seconds
80.807: Application time: 0.0223140 seconds
80.807: [GC [PSYoungGen: 100336K->7936K(107520K)] 172311K->79911K(352256K), 0.0030760 secs] [Times: user=0.02 sys=0.00, real=0.00 secs] 
80.810: Total time for which application threads were stopped: 0.0032370 seconds, Stopping threads took: 0.0000730 seconds
80.848: Application time: 0.0375770 seconds
80.848: [GC [PSYoungGen: 100608K->10736K(107520K)] 172583K->82711K(352256K), 0.0041690 secs] [Times: user=0.03 sys=0.00, real=0.00 secs] 
80.852: Total time for which application threads were stopped: 0.0043330 seconds, Stopping threads took: 0.0000790 seconds
80.881: Application time: 0.0286900 seconds
80.881: [GC [PSYoungGen: 103408K->8512K(107520K)] 175383K->80487K(352256K), 0.0032970 secs] [Times: user=0.03 sys=0.00, real=0.00 secs] 
80.884: Total time for which application threads were stopped: 0.0034890 seconds, Stopping threads took: 0.0001060 seconds
80.924: Application time: 0.0397790 seconds
80.924: [GC [PSYoungGen: 101184K->9712K(107520K)] 173159K->81687K(352256K), 0.0039420 secs] [Times: user=0.02 sys=0.00, real=0.01 secs] 
80.928: Total time for which application threads were stopped: 0.0041370 seconds, Stopping threads took: 0.0001050 seconds
80.962: Application time: 0.0336710 seconds
80.962: [GC [PSYoungGen: 102384K->7936K(107520K)] 174359K->79911K(352256K), 0.0031140 secs] [Times: user=0.02 sys=0.00, real=0.00 secs] 
80.965: Total time for which application threads were stopped: 0.0033070 seconds, Stopping threads took: 0.0000850 seconds
80.997: Application time: 0.0319050 seconds
80.997: [GC [PSYoungGen: 100608K->7952K(107520K)] 172583K->79927K(352256K), 0.0031830 secs] [Times: user=0.03 sys=0.00, real=0.00 secs] 
81.001: Total time for which application threads were stopped: 0.0033790 seconds, Stopping threads took: 0.0001150 seconds
81.027: Application time: 0.0266940 seconds
81.027: [GC [PSYoungGen: 100624K->7712K(107520K)] 172599K->79687K(352256K), 0.0031910 secs] [Times: user=0.02 sys=0.00, real=0.00 secs] 
81.031: Total time for which application threads were stopped: 0.0033560 seconds, Stopping threads took: 0.0000780 seconds
81.052: Application time: 0.0210260 seconds
81.052: [GC [PSYoungGen: 100384K->8048K(107520K)] 172359K->80023K(352256K), 0.0031040 secs] [Times: user=0.02 sys=0.00, real=0.01 secs] 
81.055: Total time for which application threads were stopped: 0.0032620 seconds, Stopping threads took: 0.0000750 seconds
81.086: Application time: 0.0309560 seconds
81.086: [GC [PSYoungGen: 100720K->13168K(107520K)] 172695K->85143K(352256K), 0.0050320 secs] [Times: user=0.03 sys=0.00, real=0.00 secs] 
81.091: Total time for which application threads were stopped: 0.0051890 seconds, Stopping threads took: 0.0000640 seconds
81.125: Application time: 0.0341610 seconds
81.125: [GC [PSYoungGen: 105840K->9728K(107520K)] 177815K->81703K(352256K), 0.0038280 secs] [Times: user=0.03 sys=0.00, real=0.01 secs] 
81.129: Total time for which application threads were stopped: 0.0040100 seconds, Stopping threads took: 0.0000900 seconds
81.164: Application time: 0.0343040 seconds
81.164: [GC [PSYoungGen: 102400K->7648K(107520K)] 174375K->79623K(352256K), 0.0031250 secs] [Times: user=0.02 sys=0.00, real=0.01 secs] 
81.167: Total time for which application threads were stopped: 0.0032840 seconds, Stopping threads took: 0.0000740 seconds
81.207: Application time: 0.0399030 seconds
81.207: [GC [PSYoungGen: 100320K->8224K(107520K)] 172295K->80199K(352256K), 0.0032280 secs] [Times: user=0.02 sys=0.00, real=0.00 secs] 
81.210: Total time for which application threads were stopped: 0.0034100 seconds, Stopping threads took: 0.0000940 seconds
81.239: Application time: 0.0292420 seconds
81.240: [GC [PSYoungGen: 100896K->7872K(107520K)] 172871K->79963K(352256K), 0.0032190 secs] [Times: user=0.02 sys=0.00, real=0.00 secs] 
81.243: Total time for which application threads were stopped: 0.0033890 seconds, Stopping threads took: 0.0000790 seconds
81.273: Application time: 0.0307140 seconds
81.274: [GC [PSYoungGen: 100544K->7904K(107520K)] 172635K->80091K(352256K), 0.0031530 secs] [Times: user=0.02 sys=0.00, real=0.01 secs] 
81.277: Total time for which application threads were stopped: 0.0033460 seconds, Stopping threads took: 0.0001110 seconds
81.298: Application time: 0.0216310 seconds
81.299: [GC [PSYoungGen: 100576K->7920K(107520K)] 172763K->80155K(352256K), 0.0031700 secs] [Times: user=0.02 sys=0.00, real=0.00 secs] 
81.302: Total time for which application threads were stopped: 0.0033740 seconds, Stopping threads took: 0.0001180 seconds
81.327: Application time: 0.0254140 seconds
81.327: [GC [PSYoungGen: 100592K->11504K(107520K)] 172827K->83779K(352256K), 0.0045390 secs] [Times: user=0.02 sys=0.00, real=0.00 secs] 
81.332: Total time for which application threads were stopped: 0.0047250 seconds, Stopping threads took: 0.0000960 seconds
81.368: Application time: 0.0364230 seconds
81.369: [GC [PSYoungGen: 104176K->8656K(107520K)] 176451K->80931K(352256K), 0.0032840 secs] [Times: user=0.03 sys=0.00, real=0.00 secs] 
81.372: Total time for which application threads were stopped: 0.0034640 seconds, Stopping threads took: 0.0000950 seconds
81.403: Application time: 0.0313130 seconds
81.403: [GC [PSYoungGen: 101328K->7984K(107520K)] 173603K->80267K(352256K), 0.0032140 secs] [Times: user=0.02 sys=0.00, real=0.01 secs] 
81.407: Total time for which application threads were stopped: 0.0033880 seconds, Stopping threads took: 0.0000860 seconds
81.447: Application time: 0.0407310 seconds
81.450: [GC [PSYoungGen: 100656K->7600K(107520K)] 172939K->79883K(352256K), 0.0031970 secs] [Times: user=0.02 sys=0.00, real=0.00 secs] 
81.453: Total time for which application threads were stopped: 0.0059060 seconds, Stopping threads took: 0.0026140 seconds
81.482: Application time: 0.0292760 seconds
81.483: [GC [PSYoungGen: 100272K->7856K(107520K)] 172555K->80187K(352256K), 0.0031180 secs] [Times: user=0.02 sys=0.00, real=0.00 secs] 
81.486: Total time for which application threads were stopped: 0.0033040 seconds, Stopping threads took: 0.0000790 seconds
81.519: Application time: 0.0330050 seconds
81.519: [GC [PSYoungGen: 100528K->7696K(107520K)] 172859K->80027K(352256K), 0.0030950 secs] [Times: user=0.02 sys=0.00, real=0.00 secs] 
81.522: Total time for which application threads were stopped: 0.0032500 seconds, Stopping threads took: 0.0000690 seconds
81.546: Application time: 0.0242710 seconds
81.546: [GC [PSYoungGen: 100368K->7968K(107520K)] 172699K->80299K(352256K), 0.0031070 secs] [Times: user=0.02 sys=0.00, real=0.00 secs] 
81.550: Total time for which application threads were stopped: 0.0032750 seconds, Stopping threads took: 0.0000850 seconds
81.572: Application time: 0.0219020 seconds
81.572: [GC [PSYoungGen: 100640K->7920K(107520K)] 172971K->80251K(352256K), 0.0030940 secs] [Times: user=0.02 sys=0.00, real=0.01 secs] 
81.575: Total time for which application threads were stopped: 0.0032700 seconds, Stopping threads took: 0.0000900 seconds
81.610: Application time: 0.0348970 seconds
81.610: [GC [PSYoungGen: 100592K->12144K(107520K)] 172923K->84475K(352256K), 0.0046090 secs] [Times: user=0.03 sys=0.00, real=0.01 secs] 
81.614: Total time for which application threads were stopped: 0.0047890 seconds, Stopping threads took: 0.0000830 seconds
81.644: Application time: 0.0297050 seconds
81.646: [GC [PSYoungGen: 104816K->9936K(107520K)] 177147K->82267K(352256K), 0.0037750 secs] [Times: user=0.03 sys=0.01, real=0.00 secs] 
81.650: Total time for which application threads were stopped: 0.0055890 seconds, Stopping threads took: 0.0017190 seconds
81.688: Application time: 0.0380500 seconds
81.688: [GC [PSYoungGen: 102608K->9568K(107520K)] 174939K->81899K(352256K), 0.0038550 secs] [Times: user=0.03 sys=0.00, real=0.00 secs] 
81.692: Total time for which application threads were stopped: 0.0040470 seconds, Stopping threads took: 0.0001050 seconds
81.728: Application time: 0.0357070 seconds
81.730: [GC [PSYoungGen: 102240K->8128K(107520K)] 174571K->80459K(352256K), 0.0032100 secs] [Times: user=0.02 sys=0.00, real=0.00 secs] 
81.733: Total time for which application threads were stopped: 0.0056380 seconds, Stopping threads took: 0.0023380 seconds
81.764: Application time: 0.0309960 seconds
81.764: [GC [PSYoungGen: 100800K->7760K(107520K)] 173131K->80091K(352256K), 0.0031190 secs] [Times: user=0.02 sys=0.00, real=0.01 secs] 
81.768: Total time for which application threads were stopped: 0.0032860 seconds, Stopping threads took: 0.0000820 seconds
81.796: Application time: 0.0283400 seconds
81.796: [GC [PSYoungGen: 100432K->7936K(107520K)] 172763K->80267K(352256K), 0.0032300 secs] [Times: user=0.03 sys=0.00, real=0.00 secs] 
81.799: Total time for which application threads were stopped: 0.0034140 seconds, Stopping threads took: 0.0000930 seconds
81.820: Application time: 0.0208650 seconds
81.820: [GC [PSYoungGen: 100608K->7824K(107520K)] 172939K->80155K(352256K), 0.0031080 secs] [Times: user=0.02 sys=0.00, real=0.00 secs] 
81.823: Total time for which application threads were stopped: 0.0032840 seconds, Stopping threads took: 0.0000930 seconds
81.853: Application time: 0.0291130 seconds
81.853: [GC [PSYoungGen: 100496K->13056K(107520K)] 172827K->85387K(352256K), 0.0052430 secs] [Times: user=0.04 sys=0.00, real=0.01 secs] 
81.858: Total time for which application threads were stopped: 0.0054250 seconds, Stopping threads took: 0.0000930 seconds
81.893: Application time: 0.0347690 seconds
81.893: [GC [PSYoungGen: 105728K->7904K(107520K)] 178059K->80235K(352256K), 0.0031140 secs] [Times: user=0.02 sys=0.00, real=0.01 secs] 
81.896: Total time for which application threads were stopped: 0.0033220 seconds, Stopping threads took: 0.0001130 seconds
81.928: Application time: 0.0323840 seconds
81.929: [GC [PSYoungGen: 100576K->8000K(107520K)] 172907K->80331K(352256K), 0.0032320 secs] [Times: user=0.02 sys=0.00, real=0.00 secs] 
81.932: Total time for which application threads were stopped: 0.0034000 seconds, Stopping threads took: 0.0000840 seconds
81.972: Application time: 0.0405040 seconds
81.973: [GC [PSYoungGen: 100672K->7920K(107520K)] 173003K->80251K(352256K), 0.0031080 secs] [Times: user=0.02 sys=0.00, real=0.01 secs] 
81.976: Total time for which application threads were stopped: 0.0033020 seconds, Stopping threads took: 0.0001090 seconds
82.003: Application time: 0.0271320 seconds
82.004: [GC [PSYoungGen: 100592K->7904K(107520K)] 172923K->80283K(352256K), 0.0031560 secs] [Times: user=0.02 sys=0.00, real=0.01 secs] 
82.007: Total time for which application threads were stopped: 0.0043570 seconds, Stopping threads took: 0.0010690 seconds
82.040: Application time: 0.0333110 seconds
82.041: [GC [PSYoungGen: 100576K->7680K(107520K)] 172955K->80199K(352256K), 0.0030900 secs] [Times: user=0.02 sys=0.00, real=0.00 secs] 
82.044: Total time for which application threads were stopped: 0.0032760 seconds, Stopping threads took: 0.0000930 seconds
82.067: Application time: 0.0231530 seconds
82.067: [GC [PSYoungGen: 100352K->7760K(107520K)] 172871K->80336K(352256K), 0.0031080 secs] [Times: user=0.02 sys=0.00, real=0.00 secs] 
82.070: Total time for which application threads were stopped: 0.0032710 seconds, Stopping threads took: 0.0000720 seconds
82.094: Application time: 0.0233770 seconds
82.094: [GC [PSYoungGen: 100432K->7776K(107520K)] 173008K->80352K(352256K), 0.0030530 secs] [Times: user=0.03 sys=0.00, real=0.01 secs] 
82.097: Total time for which application threads were stopped: 0.0031990 seconds, Stopping threads took: 0.0000620 seconds
82.133: Application time: 0.0364040 seconds
82.133: [GC [PSYoungGen: 100448K->10512K(107520K)] 173024K->83144K(352256K), 0.0041170 secs] [Times: user=0.03 sys=0.00, real=0.01 secs] 
82.137: Total time for which application threads were stopped: 0.0042810 seconds, Stopping threads took: 0.0000710 seconds
82.168: Application time: 0.0302050 seconds
82.168: [GC [PSYoungGen: 103184K->7552K(107520K)] 175816K->80192K(352256K), 0.0030540 secs] [Times: user=0.01 sys=0.00, real=0.00 secs] 
82.171: Total time for which application threads were stopped: 0.0032330 seconds, Stopping threads took: 0.0000960 seconds
82.210: Application time: 0.0391960 seconds
82.210: [GC [PSYoungGen: 100224K->9392K(107520K)] 172864K->82032K(352256K), 0.0038770 secs] [Times: user=0.02 sys=0.00, real=0.01 secs] 
82.214: Total time for which application threads were stopped: 0.0040580 seconds, Stopping threads took: 0.0000940 seconds
82.246: Application time: 0.0319120 seconds
82.246: [GC [PSYoungGen: 102064K->7744K(107520K)] 174704K->80384K(352256K), 0.0031710 secs] [Times: user=0.02 sys=0.00, real=0.00 secs] 
82.249: Total time for which application threads were stopped: 0.0033610 seconds, Stopping threads took: 0.0001060 seconds
82.281: Application time: 0.0315680 seconds
82.281: [GC [PSYoungGen: 100416K->7808K(107520K)] 173056K->80504K(352256K), 0.0032390 secs] [Times: user=0.02 sys=0.00, real=0.00 secs] 
82.284: Total time for which application threads were stopped: 0.0034070 seconds, Stopping threads took: 0.0000770 seconds
82.310: Application time: 0.0258700 seconds
82.310: [GC [PSYoungGen: 100480K->8016K(107520K)] 173176K->80712K(352256K), 0.0031930 secs] [Times: user=0.02 sys=0.00, real=0.00 secs] 
82.314: Total time for which application threads were stopped: 0.0033520 seconds, Stopping threads took: 0.0000720 seconds
82.336: Application time: 0.0223180 seconds
82.336: [GC [PSYoungGen: 100688K->8000K(107520K)] 173384K->80696K(352256K), 0.0031040 secs] [Times: user=0.02 sys=0.00, real=0.00 secs] 
82.339: Total time for which application threads were stopped: 0.0032710 seconds, Stopping threads took: 0.0000720 seconds
82.371: Application time: 0.0314820 seconds
82.371: [GC [PSYoungGen: 100672K->11456K(107520K)] 173368K->84152K(352256K), 0.0042470 secs] [Times: user=0.02 sys=0.00, real=0.01 secs] 
82.375: Total time for which application threads were stopped: 0.0044180 seconds, Stopping threads took: 0.0000750 seconds
82.410: Application time: 0.0344960 seconds
82.410: [GC [PSYoungGen: 104128K->8240K(107520K)] 176824K->80936K(352256K), 0.0033320 secs] [Times: user=0.02 sys=0.00, real=0.00 secs] 
82.413: Total time for which application threads were stopped: 0.0034990 seconds, Stopping threads took: 0.0000710 seconds
82.446: Application time: 0.0326790 seconds
82.446: [GC [PSYoungGen: 100912K->7728K(107520K)] 173608K->80424K(352256K), 0.0030710 secs] [Times: user=0.02 sys=0.00, real=0.00 secs] 
82.449: Total time for which application threads were stopped: 0.0032810 seconds, Stopping threads took: 0.0001140 seconds
82.488: Application time: 0.0391130 seconds
82.488: [GC [PSYoungGen: 100400K->8112K(107520K)] 173096K->80808K(352256K), 0.0032710 secs] [Times: user=0.02 sys=0.00, real=0.00 secs] 
82.492: Total time for which application threads were stopped: 0.0034260 seconds, Stopping threads took: 0.0000600 seconds
82.521: Application time: 0.0289710 seconds
82.521: [GC [PSYoungGen: 100784K->7904K(107520K)] 173480K->80600K(352256K), 0.0031470 secs] [Times: user=0.02 sys=0.00, real=0.00 secs] 
82.524: Total time for which application threads were stopped: 0.0033360 seconds, Stopping threads took: 0.0000810 seconds
82.554: Application time: 0.0301070 seconds
82.554: [GC [PSYoungGen: 100576K->7984K(107520K)] 173272K->80680K(352256K), 0.0032680 secs] [Times: user=0.01 sys=0.00, real=0.00 secs] 
82.557: Total time for which application threads were stopped: 0.0034120 seconds, Stopping threads took: 0.0000570 seconds
82.580: Application time: 0.0227230 seconds
82.580: [GC [PSYoungGen: 100656K->8192K(107520K)] 173352K->80888K(352256K), 0.0032590 secs] [Times: user=0.02 sys=0.00, real=0.00 secs] 
82.584: Total time for which application threads were stopped: 0.0034580 seconds, Stopping threads took: 0.0001120 seconds
82.611: Application time: 0.0269500 seconds
82.611: [GC [PSYoungGen: 100864K->11408K(107520K)] 173560K->84104K(352256K), 0.0045510 secs] [Times: user=0.03 sys=0.00, real=0.01 secs] 
82.615: Total time for which application threads were stopped: 0.0047100 seconds, Stopping threads took: 0.0000710 seconds
82.650: Application time: 0.0348990 seconds
82.650: [GC [PSYoungGen: 104080K->8704K(107520K)] 176776K->81400K(352256K), 0.0033050 secs] [Times: user=0.02 sys=0.00, real=0.00 secs] 
82.654: Total time for which application threads were stopped: 0.0034930 seconds, Stopping threads took: 0.0000910 seconds
82.685: Application time: 0.0311020 seconds
82.685: [GC [PSYoungGen: 101376K->7968K(107520K)] 174072K->80664K(352256K), 0.0110500 secs] [Times: user=0.07 sys=0.00, real=0.02 secs] 
82.696: Total time for which application threads were stopped: 0.0112420 seconds, Stopping threads took: 0.0001000 seconds
82.737: Application time: 0.0406780 seconds
82.737: [GC [PSYoungGen: 100640K->8064K(107520K)] 173336K->80760K(352256K), 0.0031510 secs] [Times: user=0.02 sys=0.00, real=0.00 secs] 
82.740: Total time for which application threads were stopped: 0.0033180 seconds, Stopping threads took: 0.0000680 seconds
82.770: Application time: 0.0295570 seconds
82.770: [GC [PSYoungGen: 100736K->7680K(107520K)] 173432K->80464K(352256K), 0.0032050 secs] [Times: user=0.02 sys=0.00, real=0.00 secs] 
82.773: Total time for which application threads were stopped: 0.0034010 seconds, Stopping threads took: 0.0001020 seconds
82.806: Application time: 0.0326220 seconds
82.806: [GC [PSYoungGen: 100352K->7616K(107520K)] 173136K->80512K(352256K), 0.0030890 secs] [Times: user=0.01 sys=0.00, real=0.01 secs] 
82.809: Total time for which application threads were stopped: 0.0033010 seconds, Stopping threads took: 0.0001240 seconds
82.833: Application time: 0.0240070 seconds
82.833: [GC [PSYoungGen: 100288K->7808K(107520K)] 173184K->80752K(352256K), 0.0031640 secs] [Times: user=0.02 sys=0.00, real=0.01 secs] 
82.836: Total time for which application threads were stopped: 0.0033280 seconds, Stopping threads took: 0.0000760 seconds
82.859: Application time: 0.0222390 seconds
82.859: [GC [PSYoungGen: 100480K->7680K(107520K)] 173424K->80624K(352256K), 0.0030390 secs] [Times: user=0.02 sys=0.00, real=0.00 secs] 
82.862: Total time for which application threads were stopped: 0.0032060 seconds, Stopping threads took: 0.0000840 seconds
82.896: Application time: 0.0347300 seconds
82.897: [GC [PSYoungGen: 100352K->11824K(107520K)] 173296K->84824K(352256K), 0.0044630 secs] [Times: user=0.03 sys=0.00, real=0.00 secs] 
82.901: Total time for which application threads were stopped: 0.0046450 seconds, Stopping threads took: 0.0000930 seconds
82.931: Application time: 0.0301250 seconds
82.931: [GC [PSYoungGen: 104496K->10128K(107520K)] 177496K->83136K(352256K), 0.0040340 secs] [Times: user=0.02 sys=0.00, real=0.01 secs] 
82.935: Total time for which application threads were stopped: 0.0042110 seconds, Stopping threads took: 0.0000900 seconds
82.977: Application time: 0.0412950 seconds
82.977: [GC [PSYoungGen: 102800K->7856K(107520K)] 175808K->80864K(352256K), 0.0031680 secs] [Times: user=0.02 sys=0.00, real=0.00 secs] 
82.980: Total time for which application threads were stopped: 0.0033390 seconds, Stopping threads took: 0.0000890 seconds
83.019: Application time: 0.0388400 seconds
83.020: [GC [PSYoungGen: 100528K->7552K(107520K)] 173536K->80560K(352256K), 0.0028910 secs] [Times: user=0.02 sys=0.00, real=0.00 secs] 
83.023: Total time for which application threads were stopped: 0.0043700 seconds, Stopping threads took: 0.0013760 seconds
83.055: Application time: 0.0320600 seconds
83.056: [GC [PSYoungGen: 100224K->7712K(107520K)] 173232K->80776K(352256K), 0.0030240 secs] [Times: user=0.02 sys=0.01, real=0.00 secs] 
83.059: Total time for which application threads were stopped: 0.0036010 seconds, Stopping threads took: 0.0004540 seconds
83.088: Application time: 0.0293650 seconds
83.090: [GC [PSYoungGen: 100384K->7664K(107520K)] 173448K->80728K(352256K), 0.0030880 secs] [Times: user=0.01 sys=0.00, real=0.00 secs] 
83.093: Total time for which application threads were stopped: 0.0048000 seconds, Stopping threads took: 0.0016060 seconds
83.118: Application time: 0.0252030 seconds
83.119: [GC [PSYoungGen: 100336K->9216K(107520K)] 173400K->82280K(352256K), 0.0039250 secs] [Times: user=0.03 sys=0.00, real=0.00 secs] 
83.122: Total time for which application threads were stopped: 0.0041490 seconds, Stopping threads took: 0.0001070 seconds
83.155: Application time: 0.0321430 seconds
83.155: [GC [PSYoungGen: 101888K->12736K(107520K)] 174952K->85800K(352256K), 0.0048590 secs] [Times: user=0.04 sys=0.00, real=0.00 secs] 
83.160: Total time for which application threads were stopped: 0.0050180 seconds, Stopping threads took: 0.0000670 seconds
83.189: Application time: 0.0294590 seconds
83.190: [GC [PSYoungGen: 105408K->10016K(107520K)] 178472K->83080K(352256K), 0.0039340 secs] [Times: user=0.03 sys=0.00, real=0.01 secs] 
83.194: Total time for which application threads were stopped: 0.0048300 seconds, Stopping threads took: 0.0008080 seconds
83.232: Application time: 0.0384750 seconds
83.233: [GC [PSYoungGen: 102688K->8176K(107520K)] 175752K->81240K(352256K), 0.0032180 secs] [Times: user=0.03 sys=0.00, real=0.01 secs] 
83.236: Total time for which application threads were stopped: 0.0033910 seconds, Stopping threads took: 0.0000830 seconds
83.273: Application time: 0.0375770 seconds
83.274: [GC [PSYoungGen: 100848K->7984K(107520K)] 173912K->81048K(352256K), 0.0031350 secs] [Times: user=0.02 sys=0.00, real=0.01 secs] 
83.277: Total time for which application threads were stopped: 0.0033140 seconds, Stopping threads took: 0.0000910 seconds
83.306: Application time: 0.0297560 seconds
83.307: [GC [PSYoungGen: 100656K->7760K(107520K)] 173720K->80824K(352256K), 0.0031190 secs] [Times: user=0.02 sys=0.00, real=0.00 secs] 
83.310: Total time for which application threads were stopped: 0.0032870 seconds, Stopping threads took: 0.0000790 seconds
83.342: Application time: 0.0320510 seconds
83.342: [GC [PSYoungGen: 100432K->7936K(107520K)] 173496K->81000K(352256K), 0.0031320 secs] [Times: user=0.02 sys=0.00, real=0.00 secs] 
83.345: Total time for which application threads were stopped: 0.0033360 seconds, Stopping threads took: 0.0001110 seconds
83.366: Application time: 0.0212820 seconds
83.367: [GC [PSYoungGen: 100608K->7952K(107520K)] 173672K->81016K(352256K), 0.0031040 secs] [Times: user=0.02 sys=0.00, real=0.00 secs] 
83.370: Total time for which application threads were stopped: 0.0032720 seconds, Stopping threads took: 0.0000820 seconds
83.395: Application time: 0.0250450 seconds
83.395: [GC [PSYoungGen: 100624K->9568K(107520K)] 173688K->82632K(352256K), 0.0037150 secs] [Times: user=0.02 sys=0.00, real=0.00 secs] 
83.399: Total time for which application threads were stopped: 0.0038920 seconds, Stopping threads took: 0.0000880 seconds
83.431: Application time: 0.0326830 seconds
83.431: [GC [PSYoungGen: 102240K->9776K(107520K)] 175304K->82840K(352256K), 0.0036440 secs] [Times: user=0.02 sys=0.00, real=0.01 secs] 
83.435: Total time for which application threads were stopped: 0.0038170 seconds, Stopping threads took: 0.0000890 seconds
83.468: Application time: 0.0326750 seconds
83.468: [GC [PSYoungGen: 102448K->10752K(107520K)] 175512K->83816K(352256K), 0.0042280 secs] [Times: user=0.03 sys=0.00, real=0.00 secs] 
83.472: Total time for which application threads were stopped: 0.0044130 seconds, Stopping threads took: 0.0000950 seconds
83.512: Application time: 0.0395830 seconds
83.512: [GC [PSYoungGen: 103424K->7744K(107520K)] 176488K->80808K(352256K), 0.0031220 secs] [Times: user=0.02 sys=0.00, real=0.01 secs] 
83.515: Total time for which application threads were stopped: 0.0033220 seconds, Stopping threads took: 0.0001090 seconds
83.547: Application time: 0.0322810 seconds
83.548: [GC [PSYoungGen: 100416K->7936K(107520K)] 173480K->81056K(352256K), 0.0032670 secs] [Times: user=0.02 sys=0.00, real=0.00 secs] 
83.551: Total time for which application threads were stopped: 0.0034420 seconds, Stopping threads took: 0.0000880 seconds
83.584: Application time: 0.0326470 seconds
83.584: [GC [PSYoungGen: 100608K->7936K(107520K)] 173728K->81204K(352256K), 0.0032250 secs] [Times: user=0.02 sys=0.00, real=0.01 secs] 
83.587: Total time for which application threads were stopped: 0.0034330 seconds, Stopping threads took: 0.0001010 seconds
83.611: Application time: 0.0240610 seconds
83.614: [GC [PSYoungGen: 100608K->7808K(107520K)] 173876K->81132K(352256K), 0.0031400 secs] [Times: user=0.02 sys=0.00, real=0.00 secs] 
83.617: Total time for which application threads were stopped: 0.0061230 seconds, Stopping threads took: 0.0028970 seconds
83.640: Application time: 0.0232490 seconds
83.641: [GC [PSYoungGen: 100480K->7968K(107520K)] 173804K->81340K(352256K), 0.0030980 secs] [Times: user=0.02 sys=0.00, real=0.00 secs] 
83.644: Total time for which application threads were stopped: 0.0032970 seconds, Stopping threads took: 0.0001160 seconds
83.674: Application time: 0.0307200 seconds
83.675: [GC [PSYoungGen: 100640K->13984K(107520K)] 174012K->87356K(352256K), 0.0055800 secs] [Times: user=0.04 sys=0.00, real=0.00 secs] 
83.680: Total time for which application threads were stopped: 0.0057380 seconds, Stopping threads took: 0.0000690 seconds
83.711: Application time: 0.0312160 seconds
83.712: [GC [PSYoungGen: 106656K->8240K(107520K)] 180028K->81612K(352256K), 0.0031990 secs] [Times: user=0.01 sys=0.00, real=0.01 secs] 
83.715: Total time for which application threads were stopped: 0.0033710 seconds, Stopping threads took: 0.0000850 seconds
83.754: Application time: 0.0388750 seconds
83.754: [GC [PSYoungGen: 100912K->7920K(107520K)] 174284K->81292K(352256K), 0.0031640 secs] [Times: user=0.02 sys=0.01, real=0.01 secs] 
83.757: Total time for which application threads were stopped: 0.0033390 seconds, Stopping threads took: 0.0000890 seconds
83.792: Application time: 0.0353540 seconds
83.792: [GC [PSYoungGen: 100592K->7776K(107520K)] 173964K->81148K(352256K), 0.0031940 secs] [Times: user=0.02 sys=0.00, real=0.01 secs] 
83.796: Total time for which application threads were stopped: 0.0033610 seconds, Stopping threads took: 0.0000780 seconds
83.827: Application time: 0.0315250 seconds
83.827: [GC [PSYoungGen: 100448K->7824K(107520K)] 173820K->81252K(352256K), 0.0032300 secs] [Times: user=0.01 sys=0.00, real=0.00 secs] 
83.831: Total time for which application threads were stopped: 0.0034070 seconds, Stopping threads took: 0.0000820 seconds
83.859: Application time: 0.0284620 seconds
83.859: [GC [PSYoungGen: 100496K->7936K(107520K)] 173924K->81364K(352256K), 0.0032300 secs] [Times: user=0.02 sys=0.00, real=0.00 secs] 
83.863: Total time for which application threads were stopped: 0.0033910 seconds, Stopping threads took: 0.0000690 seconds
83.884: Application time: 0.0210770 seconds
83.884: [GC [PSYoungGen: 100608K->7904K(107520K)] 174036K->81332K(352256K), 0.0031530 secs] [Times: user=0.02 sys=0.00, real=0.01 secs] 
83.887: Total time for which application threads were stopped: 0.0033150 seconds, Stopping threads took: 0.0000710 seconds
83.915: Application time: 0.0285880 seconds
83.916: [GC [PSYoungGen: 100576K->12496K(107520K)] 174004K->85924K(352256K), 0.0048320 secs] [Times: user=0.03 sys=0.00, real=0.00 secs] 
83.921: Total time for which application threads were stopped: 0.0050160 seconds, Stopping threads took: 0.0000960 seconds
83.952: Application time: 0.0314900 seconds
83.952: [GC [PSYoungGen: 105168K->9904K(107520K)] 178596K->83332K(352256K), 0.0039130 secs] [Times: user=0.03 sys=0.00, real=0.01 secs] 
83.956: Total time for which application threads were stopped: 0.0041020 seconds, Stopping threads took: 0.0001010 seconds
83.992: Application time: 0.0356170 seconds
83.992: [GC [PSYoungGen: 102576K->10016K(107520K)] 176004K->83444K(352256K), 0.0039310 secs] [Times: user=0.03 sys=0.00, real=0.01 secs] 
83.996: Total time for which application threads were stopped: 0.0041020 seconds, Stopping threads took: 0.0000830 seconds
84.035: Application time: 0.0388250 seconds
84.035: [GC [PSYoungGen: 102688K->7728K(107520K)] 176116K->81156K(352256K), 0.0031670 secs] [Times: user=0.02 sys=0.00, real=0.00 secs] 
84.038: Total time for which application threads were stopped: 0.0033390 seconds, Stopping threads took: 0.0000720 seconds
84.068: Application time: 0.0304510 seconds
84.069: [GC [PSYoungGen: 100400K->7904K(107520K)] 173828K->81332K(352256K), 0.0030910 secs] [Times: user=0.02 sys=0.00, real=0.00 secs] 
84.072: Total time for which application threads were stopped: 0.0032780 seconds, Stopping threads took: 0.0000900 seconds
84.105: Application time: 0.0327960 seconds
84.105: [GC [PSYoungGen: 100576K->8080K(107520K)] 174004K->81508K(352256K), 0.0031720 secs] [Times: user=0.02 sys=0.00, real=0.01 secs] 
84.108: Total time for which application threads were stopped: 0.0033790 seconds, Stopping threads took: 0.0000990 seconds
84.131: Application time: 0.0228390 seconds
84.131: [GC [PSYoungGen: 100752K->7696K(107520K)] 174180K->81124K(352256K), 0.0030480 secs] [Times: user=0.03 sys=0.00, real=0.01 secs] 
84.134: Total time for which application threads were stopped: 0.0032210 seconds, Stopping threads took: 0.0000900 seconds
84.157: Application time: 0.0235260 seconds
84.158: [GC [PSYoungGen: 100368K->8032K(107520K)] 173796K->81460K(352256K), 0.0031240 secs] [Times: user=0.02 sys=0.00, real=0.00 secs] 
84.161: Total time for which application threads were stopped: 0.0033000 seconds, Stopping threads took: 0.0000840 seconds
84.192: Application time: 0.0316520 seconds
84.193: [GC [PSYoungGen: 100704K->12464K(107520K)] 174132K->85892K(352256K), 0.0097760 secs] [Times: user=0.06 sys=0.00, real=0.01 secs] 
84.202: Total time for which application threads were stopped: 0.0099640 seconds, Stopping threads took: 0.0000940 seconds
84.235: Application time: 0.0330100 seconds
84.236: [GC [PSYoungGen: 105136K->9888K(107520K)] 178564K->83316K(352256K), 0.0039010 secs] [Times: user=0.03 sys=0.00, real=0.00 secs] 
84.240: Total time for which application threads were stopped: 0.0040720 seconds, Stopping threads took: 0.0000790 seconds
84.279: Application time: 0.0390370 seconds
84.279: [GC [PSYoungGen: 102560K->7840K(107520K)] 175988K->81268K(352256K), 0.0031550 secs] [Times: user=0.02 sys=0.00, real=0.00 secs] 
84.282: Total time for which application threads were stopped: 0.0033650 seconds, Stopping threads took: 0.0001030 seconds
84.317: Application time: 0.0348530 seconds
84.317: [GC [PSYoungGen: 100512K->7952K(107520K)] 173940K->81380K(352256K), 0.0031630 secs] [Times: user=0.02 sys=0.00, real=0.00 secs] 
84.320: Total time for which application threads were stopped: 0.0033300 seconds, Stopping threads took: 0.0000790 seconds
84.352: Application time: 0.0314740 seconds
84.352: [GC [PSYoungGen: 100624K->7664K(107520K)] 174052K->81244K(352256K), 0.0031480 secs] [Times: user=0.02 sys=0.00, real=0.01 secs] 
84.355: Total time for which application threads were stopped: 0.0033340 seconds, Stopping threads took: 0.0000980 seconds
84.380: Application time: 0.0255510 seconds
84.381: [GC [PSYoungGen: 100336K->7792K(107520K)] 173916K->81476K(352256K), 0.0031720 secs] [Times: user=0.02 sys=0.00, real=0.00 secs] 
84.384: Total time for which application threads were stopped: 0.0033360 seconds, Stopping threads took: 0.0000800 seconds
84.407: Application time: 0.0227050 seconds
84.407: [GC [PSYoungGen: 100464K->8240K(107520K)] 174148K->81980K(352256K), 0.0032160 secs] [Times: user=0.02 sys=0.00, real=0.00 secs] 
84.410: Total time for which application threads were stopped: 0.0033930 seconds, Stopping threads took: 0.0000790 seconds
84.440: Application time: 0.0297700 seconds
84.440: [GC [PSYoungGen: 100912K->10176K(107520K)] 174652K->83916K(352256K), 0.0037830 secs] [Times: user=0.03 sys=0.00, real=0.00 secs] 
84.444: Total time for which application threads were stopped: 0.0039420 seconds, Stopping threads took: 0.0000720 seconds
84.475: Application time: 0.0316800 seconds
84.475: [GC [PSYoungGen: 102848K->8272K(107520K)] 176588K->82012K(352256K), 0.0033100 secs] [Times: user=0.02 sys=0.00, real=0.00 secs] 
84.479: Total time for which application threads were stopped: 0.0034970 seconds, Stopping threads took: 0.0000950 seconds
84.516: Application time: 0.0375690 seconds
84.517: [GC [PSYoungGen: 100944K->7536K(107520K)] 174684K->81284K(352256K), 0.0030010 secs] [Times: user=0.02 sys=0.00, real=0.00 secs] 
84.520: Total time for which application threads were stopped: 0.0031700 seconds, Stopping threads took: 0.0000740 seconds
84.557: Application time: 0.0369630 seconds
84.558: [GC [PSYoungGen: 100208K->7744K(107520K)] 173956K->81492K(352256K), 0.0031450 secs] [Times: user=0.02 sys=0.00, real=0.00 secs] 
84.561: Total time for which application threads were stopped: 0.0046500 seconds, Stopping threads took: 0.0014090 seconds
84.591: Application time: 0.0302960 seconds
84.592: [GC [PSYoungGen: 100416K->7696K(107520K)] 174164K->81492K(352256K), 0.0031120 secs] [Times: user=0.02 sys=0.00, real=0.01 secs] 
84.595: Total time for which application threads were stopped: 0.0032960 seconds, Stopping threads took: 0.0000870 seconds
84.625: Application time: 0.0306800 seconds
84.626: [GC [PSYoungGen: 100368K->8000K(107520K)] 174164K->81796K(352256K), 0.0031610 secs] [Times: user=0.02 sys=0.00, real=0.01 secs] 
84.629: Total time for which application threads were stopped: 0.0033430 seconds, Stopping threads took: 0.0000690 seconds
84.651: Application time: 0.0224310 seconds
84.651: [GC [PSYoungGen: 100672K->8080K(107520K)] 174468K->81876K(352256K), 0.0032240 secs] [Times: user=0.02 sys=0.00, real=0.01 secs] 
84.655: Total time for which application threads were stopped: 0.0033830 seconds, Stopping threads took: 0.0000720 seconds
84.680: Application time: 0.0249590 seconds
84.680: [GC [PSYoungGen: 100752K->10880K(107520K)] 174548K->84676K(352256K), 0.0041790 secs] [Times: user=0.03 sys=0.00, real=0.00 secs] 
84.684: Total time for which application threads were stopped: 0.0043580 seconds, Stopping threads took: 0.0000910 seconds
84.717: Application time: 0.0326300 seconds
84.717: [GC [PSYoungGen: 103552K->10992K(107520K)] 177348K->84788K(352256K), 0.0042030 secs] [Times: user=0.03 sys=0.00, real=0.00 secs] 
84.721: Total time for which application threads were stopped: 0.0044270 seconds, Stopping threads took: 0.0000830 seconds
84.755: Application time: 0.0343910 seconds
84.756: [GC [PSYoungGen: 103664K->9840K(107520K)] 177460K->83636K(352256K), 0.0038350 secs] [Times: user=0.03 sys=0.00, real=0.00 secs] 
84.759: Total time for which application threads were stopped: 0.0040400 seconds, Stopping threads took: 0.0001040 seconds
84.799: Application time: 0.0393450 seconds
84.799: [GC [PSYoungGen: 102512K->7872K(107520K)] 176308K->81668K(352256K), 0.0031360 secs] [Times: user=0.02 sys=0.00, real=0.00 secs] 
84.802: Total time for which application threads were stopped: 0.0033210 seconds, Stopping threads took: 0.0000870 seconds
84.835: Application time: 0.0326850 seconds
84.835: [GC [PSYoungGen: 100544K->7888K(107520K)] 174340K->81684K(352256K), 0.0031120 secs] [Times: user=0.02 sys=0.00, real=0.00 secs] 
84.838: Total time for which application threads were stopped: 0.0033070 seconds, Stopping threads took: 0.0000990 seconds
84.870: Application time: 0.0322900 seconds
84.871: [GC [PSYoungGen: 100560K->8128K(107520K)] 174356K->81924K(352256K), 0.0032150 secs] [Times: user=0.02 sys=0.00, real=0.00 secs] 
84.874: Total time for which application threads were stopped: 0.0034050 seconds, Stopping threads took: 0.0000960 seconds
84.898: Application time: 0.0240580 seconds
84.898: [GC [PSYoungGen: 100800K->7920K(107520K)] 174596K->81716K(352256K), 0.0031090 secs] [Times: user=0.02 sys=0.00, real=0.00 secs] 
84.901: Total time for which application threads were stopped: 0.0032960 seconds, Stopping threads took: 0.0001030 seconds
84.924: Application time: 0.0225940 seconds
84.924: [GC [PSYoungGen: 100592K->7632K(107520K)] 174388K->81428K(352256K), 0.0030670 secs] [Times: user=0.02 sys=0.00, real=0.01 secs] 
84.927: Total time for which application threads were stopped: 0.0032420 seconds, Stopping threads took: 0.0000870 seconds
84.959: Application time: 0.0316760 seconds
84.959: [GC [PSYoungGen: 100304K->13152K(107520K)] 174100K->86948K(352256K), 0.0053600 secs] [Times: user=0.03 sys=0.00, real=0.00 secs] 
84.964: Total time for which application threads were stopped: 0.0055670 seconds, Stopping threads took: 0.0001150 seconds
84.996: Application time: 0.0320600 seconds
84.996: [GC [PSYoungGen: 105824K->8336K(107520K)] 179620K->82132K(352256K), 0.0031640 secs] [Times: user=0.02 sys=0.00, real=0.00 secs] 
85.000: Total time for which application threads were stopped: 0.0033210 seconds, Stopping threads took: 0.0000680 seconds
85.039: Application time: 0.0390740 seconds
85.039: [GC [PSYoungGen: 101008K->8208K(107520K)] 174804K->82004K(352256K), 0.0032230 secs] [Times: user=0.02 sys=0.00, real=0.00 secs] 
85.042: Total time for which application threads were stopped: 0.0033880 seconds, Stopping threads took: 0.0000750 seconds
85.077: Application time: 0.0351390 seconds
85.077: [GC [PSYoungGen: 100880K->7856K(107520K)] 174676K->81652K(352256K), 0.0032210 secs] [Times: user=0.03 sys=0.00, real=0.00 secs] 
85.081: Total time for which application threads were stopped: 0.0033980 seconds, Stopping threads took: 0.0000890 seconds
85.112: Application time: 0.0314520 seconds
85.112: [GC [PSYoungGen: 100528K->7664K(107520K)] 174324K->81616K(352256K), 0.0031390 secs] [Times: user=0.02 sys=0.00, real=0.01 secs] 
85.115: Total time for which application threads were stopped: 0.0033240 seconds, Stopping threads took: 0.0001000 seconds
85.143: Application time: 0.0277780 seconds
85.143: [GC [PSYoungGen: 100336K->7568K(107520K)] 174288K->81617K(352256K), 0.0031180 secs] [Times: user=0.02 sys=0.00, real=0.01 secs] 
85.147: Total time for which application threads were stopped: 0.0033250 seconds, Stopping threads took: 0.0001020 seconds
85.168: Application time: 0.0218670 seconds
85.169: [GC [PSYoungGen: 100240K->8112K(107520K)] 174289K->82217K(352256K), 0.0031990 secs] [Times: user=0.03 sys=0.00, real=0.00 secs] 
85.172: Total time for which application threads were stopped: 0.0033640 seconds, Stopping threads took: 0.0000820 seconds
85.203: Application time: 0.0311720 seconds
85.203: [GC [PSYoungGen: 100784K->10512K(107520K)] 174889K->84617K(352256K), 0.0040380 secs] [Times: user=0.03 sys=0.00, real=0.01 secs] 
85.207: Total time for which application threads were stopped: 0.0042230 seconds, Stopping threads took: 0.0000900 seconds
85.238: Application time: 0.0306120 seconds
85.238: [GC [PSYoungGen: 103184K->8208K(107520K)] 177289K->82313K(352256K), 0.0031920 secs] [Times: user=0.02 sys=0.00, real=0.00 secs] 
85.241: Total time for which application threads were stopped: 0.0033900 seconds, Stopping threads took: 0.0001000 seconds
85.277: Application time: 0.0357750 seconds
85.277: [GC [PSYoungGen: 100880K->9728K(107520K)] 174985K->83833K(352256K), 0.0038900 secs] [Times: user=0.03 sys=0.00, real=0.00 secs] 
85.281: Total time for which application threads were stopped: 0.0040890 seconds, Stopping threads took: 0.0001050 seconds
85.318: Application time: 0.0369990 seconds
85.318: [GC [PSYoungGen: 102400K->7856K(107520K)] 176505K->81961K(352256K), 0.0031620 secs] [Times: user=0.02 sys=0.00, real=0.00 secs] 
85.321: Total time for which application threads were stopped: 0.0033310 seconds, Stopping threads took: 0.0000860 seconds
85.353: Application time: 0.0316490 seconds
85.353: [GC [PSYoungGen: 100528K->7904K(107520K)] 174633K->82065K(352256K), 0.0032070 secs] [Times: user=0.02 sys=0.00, real=0.01 secs] 
85.356: Total time for which application threads were stopped: 0.0033810 seconds, Stopping threads took: 0.0000890 seconds
85.387: Application time: 0.0306330 seconds
85.390: [GC [PSYoungGen: 100576K->7968K(107520K)] 174737K->82129K(352256K), 0.0031900 secs] [Times: user=0.02 sys=0.01, real=0.00 secs] 
85.393: Total time for which application threads were stopped: 0.0061930 seconds, Stopping threads took: 0.0029180 seconds
85.416: Application time: 0.0231480 seconds
85.417: [GC [PSYoungGen: 100640K->8096K(107520K)] 174801K->82257K(352256K), 0.0032170 secs] [Times: user=0.02 sys=0.00, real=0.00 secs] 
85.420: Total time for which application threads were stopped: 0.0034120 seconds, Stopping threads took: 0.0001080 seconds
85.445: Application time: 0.0252410 seconds
85.445: [GC [PSYoungGen: 100768K->11056K(107520K)] 174929K->85217K(352256K), 0.0043330 secs] [Times: user=0.03 sys=0.00, real=0.01 secs] 
85.450: Total time for which application threads were stopped: 0.0045060 seconds, Stopping threads took: 0.0000830 seconds
85.482: Application time: 0.0324960 seconds
85.486: [GC [PSYoungGen: 103728K->11856K(107520K)] 177889K->86017K(352256K), 0.0045830 secs] [Times: user=0.04 sys=0.00, real=0.00 secs] 
85.491: Total time for which application threads were stopped: 0.0085440 seconds, Stopping threads took: 0.0038710 seconds
85.521: Application time: 0.0308410 seconds
85.522: [GC [PSYoungGen: 104528K->9840K(107520K)] 178689K->84001K(352256K), 0.0038310 secs] [Times: user=0.03 sys=0.00, real=0.00 secs] 
85.525: Total time for which application threads were stopped: 0.0040090 seconds, Stopping threads took: 0.0000770 seconds
85.566: Application time: 0.0403460 seconds
85.566: [GC [PSYoungGen: 102512K->7744K(107520K)] 176673K->81905K(352256K), 0.0031600 secs] [Times: user=0.02 sys=0.00, real=0.00 secs] 
85.569: Total time for which application threads were stopped: 0.0033990 seconds, Stopping threads took: 0.0001450 seconds
85.602: Application time: 0.0327630 seconds
85.602: [GC [PSYoungGen: 100416K->8080K(107520K)] 174577K->82241K(352256K), 0.0031730 secs] [Times: user=0.02 sys=0.00, real=0.00 secs] 
85.605: Total time for which application threads were stopped: 0.0033470 seconds, Stopping threads took: 0.0000800 seconds
85.637: Application time: 0.0316930 seconds
85.637: [GC [PSYoungGen: 100752K->7984K(107520K)] 174913K->82145K(352256K), 0.0032170 secs] [Times: user=0.02 sys=0.00, real=0.00 secs] 
85.640: Total time for which application threads were stopped: 0.0034030 seconds, Stopping threads took: 0.0000980 seconds
85.666: Application time: 0.0253550 seconds
85.670: [GC [PSYoungGen: 100656K->8064K(107520K)] 174817K->82225K(352256K), 0.0032110 secs] [Times: user=0.02 sys=0.00, real=0.00 secs] 
85.673: Total time for which application threads were stopped: 0.0074960 seconds, Stopping threads took: 0.0041800 seconds
85.696: Application time: 0.0227980 seconds
85.696: [GC [PSYoungGen: 100736K->9744K(107520K)] 174897K->83905K(352256K), 0.0037760 secs] [Times: user=0.03 sys=0.00, real=0.00 secs] 
85.700: Total time for which application threads were stopped: 0.0039570 seconds, Stopping threads took: 0.0000910 seconds
85.734: Application time: 0.0339830 seconds
85.734: [GC [PSYoungGen: 102416K->12336K(107520K)] 176577K->86497K(352256K), 0.0047230 secs] [Times: user=0.03 sys=0.00, real=0.00 secs] 
85.739: Total time for which application threads were stopped: 0.0048990 seconds, Stopping threads took: 0.0000780 seconds
85.768: Application time: 0.0291130 seconds
85.768: [GC [PSYoungGen: 105008K->8368K(107520K)] 179169K->82529K(352256K), 0.0032760 secs] [Times: user=0.02 sys=0.00, real=0.00 secs] 
85.772: Total time for which application threads were stopped: 0.0034770 seconds, Stopping threads took: 0.0001130 seconds
85.811: Application time: 0.0393260 seconds
85.811: [GC [PSYoungGen: 101040K->8240K(107520K)] 175201K->82401K(352256K), 0.0032450 secs] [Times: user=0.02 sys=0.00, real=0.01 secs] 
85.814: Total time for which application threads were stopped: 0.0034320 seconds, Stopping threads took: 0.0001010 seconds
85.848: Application time: 0.0337320 seconds
85.848: [GC [PSYoungGen: 100912K->7840K(107520K)] 175073K->82001K(352256K), 0.0031980 secs] [Times: user=0.02 sys=0.00, real=0.00 secs] 
85.851: Total time for which application threads were stopped: 0.0033740 seconds, Stopping threads took: 0.0000840 seconds
85.883: Application time: 0.0312740 seconds
85.883: [GC [PSYoungGen: 100512K->7904K(107520K)] 174673K->82153K(352256K), 0.0031820 secs] [Times: user=0.02 sys=0.00, real=0.01 secs] 
85.886: Total time for which application threads were stopped: 0.0033450 seconds, Stopping threads took: 0.0000760 seconds
85.916: Application time: 0.0297440 seconds
85.916: [GC [PSYoungGen: 100576K->7936K(107520K)] 174825K->82297K(352256K), 0.0032110 secs] [Times: user=0.02 sys=0.00, real=0.00 secs] 
85.919: Total time for which application threads were stopped: 0.0033780 seconds, Stopping threads took: 0.0000810 seconds
85.941: Application time: 0.0222950 seconds
85.942: [GC [PSYoungGen: 100608K->7632K(107520K)] 174969K->82049K(352256K), 0.0030860 secs] [Times: user=0.02 sys=0.01, real=0.00 secs] 
85.945: Total time for which application threads were stopped: 0.0032810 seconds, Stopping threads took: 0.0001100 seconds
85.973: Application time: 0.0287900 seconds
85.974: [GC [PSYoungGen: 100304K->10480K(107520K)] 174721K->84953K(352256K), 0.0041010 secs] [Times: user=0.02 sys=0.00, real=0.01 secs] 
85.978: Total time for which application threads were stopped: 0.0042830 seconds, Stopping threads took: 0.0000950 seconds
86.009: Application time: 0.0313220 seconds
86.009: [GC [PSYoungGen: 103152K->10224K(107520K)] 177625K->84697K(352256K), 0.0039130 secs] [Times: user=0.03 sys=0.00, real=0.00 secs] 
86.013: Total time for which application threads were stopped: 0.0040970 seconds, Stopping threads took: 0.0000860 seconds
86.046: Application time: 0.0329230 seconds
86.046: [GC [PSYoungGen: 102896K->10720K(107520K)] 177369K->85193K(352256K), 0.0042030 secs] [Times: user=0.03 sys=0.00, real=0.00 secs] 
86.051: Total time for which application threads were stopped: 0.0043850 seconds, Stopping threads took: 0.0000840 seconds
86.090: Application time: 0.0394470 seconds
86.090: [GC [PSYoungGen: 103392K->7952K(107520K)] 177865K->82425K(352256K), 0.0031700 secs] [Times: user=0.02 sys=0.00, real=0.00 secs] 
86.093: Total time for which application threads were stopped: 0.0033500 seconds, Stopping threads took: 0.0000910 seconds
86.125: Application time: 0.0317130 seconds
86.125: [GC [PSYoungGen: 100624K->7824K(107520K)] 175097K->82345K(352256K), 0.0031400 secs] [Times: user=0.03 sys=0.00, real=0.01 secs] 
86.128: Total time for which application threads were stopped: 0.0033140 seconds, Stopping threads took: 0.0000880 seconds
86.160: Application time: 0.0318490 seconds
86.160: [GC [PSYoungGen: 100496K->7920K(107520K)] 175017K->82441K(352256K), 0.0031750 secs] [Times: user=0.02 sys=0.00, real=0.00 secs] 
86.164: Total time for which application threads were stopped: 0.0033220 seconds, Stopping threads took: 0.0000610 seconds
86.187: Application time: 0.0231230 seconds
86.187: [GC [PSYoungGen: 100592K->7840K(107520K)] 175113K->82361K(352256K), 0.0031890 secs] [Times: user=0.01 sys=0.00, real=0.00 secs] 
86.190: Total time for which application threads were stopped: 0.0033710 seconds, Stopping threads took: 0.0000820 seconds
86.214: Application time: 0.0235960 seconds
86.214: [GC [PSYoungGen: 100512K->9808K(107520K)] 175033K->84329K(352256K), 0.0038010 secs] [Times: user=0.03 sys=0.00, real=0.01 secs] 
86.218: Total time for which application threads were stopped: 0.0039760 seconds, Stopping threads took: 0.0000900 seconds
86.252: Application time: 0.0341940 seconds
86.252: [GC [PSYoungGen: 102480K->11184K(107520K)] 177001K->85705K(352256K), 0.0042820 secs] [Times: user=0.03 sys=0.00, real=0.01 secs] 
86.256: Total time for which application threads were stopped: 0.0044470 seconds, Stopping threads took: 0.0000640 seconds
86.285: Application time: 0.0288380 seconds
86.285: [GC [PSYoungGen: 103856K->7936K(107520K)] 178377K->82457K(352256K), 0.0030890 secs] [Times: user=0.02 sys=0.00, real=0.01 secs] 
86.288: Total time for which application threads were stopped: 0.0032880 seconds, Stopping threads took: 0.0001070 seconds
86.329: Application time: 0.0405190 seconds
86.329: [GC [PSYoungGen: 100608K->7968K(107520K)] 175129K->82489K(352256K), 0.0030930 secs] [Times: user=0.02 sys=0.00, real=0.00 secs] 
86.332: Total time for which application threads were stopped: 0.0032830 seconds, Stopping threads took: 0.0000940 seconds
86.365: Application time: 0.0329330 seconds
86.365: [GC [PSYoungGen: 100640K->7952K(107520K)] 175161K->82473K(352256K), 0.0032040 secs] [Times: user=0.02 sys=0.00, real=0.01 secs] 
86.369: Total time for which application threads were stopped: 0.0033870 seconds, Stopping threads took: 0.0000840 seconds
86.400: Application time: 0.0316310 seconds
86.400: [GC [PSYoungGen: 100624K->7872K(107520K)] 175145K->82393K(352256K), 0.0031820 secs] [Times: user=0.02 sys=0.00, real=0.00 secs] 
86.404: Total time for which application threads were stopped: 0.0033730 seconds, Stopping threads took: 0.0001010 seconds
86.431: Application time: 0.0274070 seconds
86.431: [GC [PSYoungGen: 100544K->8064K(107520K)] 175065K->82585K(352256K), 0.0031460 secs] [Times: user=0.02 sys=0.00, real=0.01 secs] 
86.434: Total time for which application threads were stopped: 0.0032970 seconds, Stopping threads took: 0.0000700 seconds
86.456: Application time: 0.0217910 seconds
86.456: [GC [PSYoungGen: 100736K->7968K(107520K)] 175257K->82489K(352256K), 0.0031810 secs] [Times: user=0.02 sys=0.00, real=0.00 secs] 
86.459: Total time for which application threads were stopped: 0.0033840 seconds, Stopping threads took: 0.0001150 seconds
86.490: Application time: 0.0308860 seconds
86.490: [GC [PSYoungGen: 100640K->12160K(107520K)] 175161K->86681K(352256K), 0.0046350 secs] [Times: user=0.04 sys=0.00, real=0.01 secs] 
86.495: Total time for which application threads were stopped: 0.0048220 seconds, Stopping threads took: 0.0000920 seconds
86.526: Application time: 0.0306400 seconds
86.526: [GC [PSYoungGen: 104832K->8064K(107520K)] 179353K->82585K(352256K), 0.0031630 secs] [Times: user=0.02 sys=0.00, real=0.00 secs] 
86.529: Total time for which application threads were stopped: 0.0033320 seconds, Stopping threads took: 0.0000640 seconds
86.566: Application time: 0.0366840 seconds
86.566: [GC [PSYoungGen: 100736K->10000K(107520K)] 175257K->84521K(352256K), 0.0038770 secs] [Times: user=0.02 sys=0.00, real=0.00 secs] 
86.570: Total time for which application threads were stopped: 0.0040770 seconds, Stopping threads took: 0.0001020 seconds
86.606: Application time: 0.0362090 seconds
86.610: [GC [PSYoungGen: 102672K->7792K(107520K)] 177193K->82313K(352256K), 0.0031110 secs] [Times: user=0.03 sys=0.01, real=0.00 secs] 
86.613: Total time for which application threads were stopped: 0.0070600 seconds, Stopping threads took: 0.0038540 seconds
86.644: Application time: 0.0311180 seconds
86.644: [GC [PSYoungGen: 100464K->7712K(107520K)] 174985K->82321K(352256K), 0.0031700 secs] [Times: user=0.02 sys=0.00, real=0.01 secs] 
86.648: Total time for which application threads were stopped: 0.0033490 seconds, Stopping threads took: 0.0000960 seconds
86.678: Application time: 0.0305480 seconds
86.678: [GC [PSYoungGen: 100384K->7824K(107520K)] 174993K->82553K(352256K), 0.0032590 secs] [Times: user=0.02 sys=0.00, real=0.00 secs] 
86.682: Total time for which application threads were stopped: 0.0034260 seconds, Stopping threads took: 0.0000810 seconds
86.704: Application time: 0.0221640 seconds
86.704: [GC [PSYoungGen: 100496K->7824K(107520K)] 175225K->82609K(352256K), 0.0031520 secs] [Times: user=0.02 sys=0.00, real=0.01 secs] 
86.707: Total time for which application threads were stopped: 0.0033590 seconds, Stopping threads took: 0.0000970 seconds
86.733: Application time: 0.0258340 seconds
86.733: [GC [PSYoungGen: 100496K->11664K(107520K)] 175281K->86497K(352256K), 0.0045820 secs] [Times: user=0.03 sys=0.00, real=0.01 secs] 
86.738: Total time for which application threads were stopped: 0.0047620 seconds, Stopping threads took: 0.0000900 seconds
86.771: Application time: 0.0329770 seconds
86.771: [GC [PSYoungGen: 104336K->11968K(107520K)] 179169K->86801K(352256K), 0.0048310 secs] [Times: user=0.04 sys=0.00, real=0.01 secs] 
86.776: Total time for which application threads were stopped: 0.0050050 seconds, Stopping threads took: 0.0000880 seconds
86.807: Application time: 0.0309900 seconds
86.807: [GC [PSYoungGen: 104640K->9648K(107520K)] 179473K->84481K(352256K), 0.0038350 secs] [Times: user=0.02 sys=0.00, real=0.00 secs] 
86.811: Total time for which application threads were stopped: 0.0040100 seconds, Stopping threads took: 0.0000780 seconds
86.851: Application time: 0.0407510 seconds
86.852: [GC [PSYoungGen: 102320K->7552K(107520K)] 177153K->82385K(352256K), 0.0030430 secs] [Times: user=0.02 sys=0.00, real=0.01 secs] 
86.855: Total time for which application threads were stopped: 0.0032500 seconds, Stopping threads took: 0.0001110 seconds
86.886: Application time: 0.0315510 seconds
86.886: [GC [PSYoungGen: 100224K->7696K(107520K)] 175057K->82529K(352256K), 0.0031330 secs] [Times: user=0.02 sys=0.00, real=0.00 secs] 
86.890: Total time for which application threads were stopped: 0.0033250 seconds, Stopping threads took: 0.0000990 seconds
86.922: Application time: 0.0323130 seconds
86.922: [GC [PSYoungGen: 100368K->7856K(107520K)] 175201K->82737K(352256K), 0.0031210 secs] [Times: user=0.02 sys=0.01, real=0.00 secs] 
86.925: Total time for which application threads were stopped: 0.0032990 seconds, Stopping threads took: 0.0000960 seconds
86.949: Application time: 0.0242800 seconds
86.950: [GC [PSYoungGen: 100528K->8000K(107520K)] 175409K->82881K(352256K), 0.0030430 secs] [Times: user=0.02 sys=0.00, real=0.00 secs] 
86.953: Total time for which application threads were stopped: 0.0032140 seconds, Stopping threads took: 0.0000830 seconds
86.975: Application time: 0.0222800 seconds
86.975: [GC [PSYoungGen: 100672K->8096K(107520K)] 175553K->82977K(352256K), 0.0031060 secs] [Times: user=0.02 sys=0.00, real=0.00 secs] 
86.978: Total time for which application threads were stopped: 0.0032760 seconds, Stopping threads took: 0.0000740 seconds
87.013: Application time: 0.0348400 seconds
87.013: [GC [PSYoungGen: 100768K->12016K(107520K)] 175649K->86897K(352256K), 0.0045750 secs] [Times: user=0.03 sys=0.00, real=0.01 secs] 
87.018: Total time for which application threads were stopped: 0.0047470 seconds, Stopping threads took: 0.0000650 seconds
87.047: Application time: 0.0290530 seconds
87.047: [GC [PSYoungGen: 104688K->8336K(107520K)] 179569K->83217K(352256K), 0.0032160 secs] [Times: user=0.02 sys=0.00, real=0.00 secs] 
87.050: Total time for which application threads were stopped: 0.0033930 seconds, Stopping threads took: 0.0000810 seconds
87.089: Application time: 0.0389990 seconds
87.089: [GC [PSYoungGen: 101008K->8224K(107520K)] 175889K->83105K(352256K), 0.0031900 secs] [Times: user=0.02 sys=0.00, real=0.00 secs] 
87.093: Total time for which application threads were stopped: 0.0033640 seconds, Stopping threads took: 0.0000770 seconds
87.127: Application time: 0.0343840 seconds
87.130: [GC [PSYoungGen: 100896K->7664K(107520K)] 175777K->82545K(352256K), 0.0030570 secs] [Times: user=0.02 sys=0.00, real=0.00 secs] 
87.133: Total time for which application threads were stopped: 0.0059930 seconds, Stopping threads took: 0.0028400 seconds
87.164: Application time: 0.0306580 seconds
87.164: [GC [PSYoungGen: 100336K->7776K(107520K)] 175217K->82657K(352256K), 0.0031430 secs] [Times: user=0.02 sys=0.00, real=0.01 secs] 
87.167: Total time for which application threads were stopped: 0.0033280 seconds, Stopping threads took: 0.0000900 seconds
87.196: Application time: 0.0291400 seconds
87.196: [GC [PSYoungGen: 100448K->7872K(107520K)] 175329K->82753K(352256K), 0.0031290 secs] [Times: user=0.02 sys=0.00, real=0.00 secs] 
87.200: Total time for which application threads were stopped: 0.0033130 seconds, Stopping threads took: 0.0000980 seconds
87.222: Application time: 0.0222460 seconds
87.222: [GC [PSYoungGen: 100544K->8160K(107520K)] 175425K->83041K(352256K), 0.0032900 secs] [Times: user=0.02 sys=0.00, real=0.00 secs] 
87.225: Total time for which application threads were stopped: 0.0035540 seconds, Stopping threads took: 0.0001490 seconds
87.257: Application time: 0.0319130 seconds
87.257: [GC [PSYoungGen: 100832K->9472K(107520K)] 175713K->84353K(352256K), 0.0035360 secs] [Times: user=0.02 sys=0.00, real=0.00 secs] 
87.261: Total time for which application threads were stopped: 0.0037200 seconds, Stopping threads took: 0.0001020 seconds
87.292: Application time: 0.0305790 seconds
87.292: [GC [PSYoungGen: 102144K->10240K(107520K)] 177025K->85121K(352256K), 0.0039490 secs] [Times: user=0.03 sys=0.00, real=0.01 secs] 
87.296: Total time for which application threads were stopped: 0.0041140 seconds, Stopping threads took: 0.0000720 seconds
87.330: Application time: 0.0344020 seconds
87.330: [GC [PSYoungGen: 102912K->8944K(107520K)] 177793K->83825K(352256K), 0.0035150 secs] [Times: user=0.01 sys=0.00, real=0.00 secs] 
87.334: Total time for which application threads were stopped: 0.0036930 seconds, Stopping threads took: 0.0000860 seconds
87.372: Application time: 0.0384860 seconds
87.372: [GC [PSYoungGen: 101616K->8080K(107520K)] 176497K->82961K(352256K), 0.0031810 secs] [Times: user=0.02 sys=0.00, real=0.01 secs] 
87.376: Total time for which application threads were stopped: 0.0033900 seconds, Stopping threads took: 0.0001100 seconds
87.406: Application time: 0.0307560 seconds
87.407: [GC [PSYoungGen: 100752K->7776K(107520K)] 175633K->82737K(352256K), 0.0031030 secs] [Times: user=0.02 sys=0.00, real=0.00 secs] 
87.410: Total time for which application threads were stopped: 0.0033190 seconds, Stopping threads took: 0.0001200 seconds
87.442: Application time: 0.0321410 seconds
87.442: [GC [PSYoungGen: 100448K->7808K(107520K)] 175409K->82889K(352256K), 0.0030800 secs] [Times: user=0.02 sys=0.01, real=0.00 secs] 
87.445: Total time for which application threads were stopped: 0.0032410 seconds, Stopping threads took: 0.0000660 seconds
87.468: Application time: 0.0226090 seconds
87.468: [GC [PSYoungGen: 100480K->7920K(107520K)] 175561K->83057K(352256K), 0.0031050 secs] [Times: user=0.03 sys=0.00, real=0.00 secs] 
87.471: Total time for which application threads were stopped: 0.0032630 seconds, Stopping threads took: 0.0000710 seconds
87.495: Application time: 0.0241600 seconds
87.495: [GC [PSYoungGen: 100592K->9936K(107520K)] 175729K->85129K(352256K), 0.0039260 secs] [Times: user=0.03 sys=0.00, real=0.00 secs] 
87.499: Total time for which application threads were stopped: 0.0041120 seconds, Stopping threads took: 0.0000980 seconds
87.533: Application time: 0.0337510 seconds
87.533: [GC [PSYoungGen: 102608K->11744K(107520K)] 177801K->86937K(352256K), 0.0045510 secs] [Times: user=0.03 sys=0.00, real=0.01 secs] 
87.538: Total time for which application threads were stopped: 0.0047300 seconds, Stopping threads took: 0.0000800 seconds
87.568: Application time: 0.0299960 seconds
87.568: [GC [PSYoungGen: 104416K->8576K(107520K)] 179609K->83777K(352256K), 0.0033680 secs] [Times: user=0.03 sys=0.00, real=0.00 secs] 
87.571: Total time for which application threads were stopped: 0.0035590 seconds, Stopping threads took: 0.0001020 seconds
87.612: Application time: 0.0404750 seconds
87.612: [GC [PSYoungGen: 101248K->7968K(107520K)] 176449K->83169K(352256K), 0.0030880 secs] [Times: user=0.02 sys=0.00, real=0.01 secs] 
87.615: Total time for which application threads were stopped: 0.0032710 seconds, Stopping threads took: 0.0000900 seconds
87.648: Application time: 0.0325790 seconds
87.648: [GC [PSYoungGen: 100640K->7792K(107520K)] 175841K->82993K(352256K), 0.0031780 secs] [Times: user=0.02 sys=0.00, real=0.00 secs] 
87.651: Total time for which application threads were stopped: 0.0033460 seconds, Stopping threads took: 0.0000810 seconds
87.683: Application time: 0.0321220 seconds
87.683: [GC [PSYoungGen: 100464K->7872K(107520K)] 175665K->83121K(352256K), 0.0031180 secs] [Times: user=0.01 sys=0.00, real=0.01 secs] 
87.686: Total time for which application threads were stopped: 0.0032750 seconds, Stopping threads took: 0.0000720 seconds
87.712: Application time: 0.0257230 seconds
87.712: [GC [PSYoungGen: 100544K->7968K(107520K)] 175793K->83217K(352256K), 0.0031670 secs] [Times: user=0.03 sys=0.00, real=0.01 secs] 
87.715: Total time for which application threads were stopped: 0.0033460 seconds, Stopping threads took: 0.0000920 seconds
87.739: Application time: 0.0230730 seconds
87.739: [GC [PSYoungGen: 100640K->7776K(107520K)] 175889K->83025K(352256K), 0.0031220 secs] [Times: user=0.02 sys=0.00, real=0.00 secs] 
87.742: Total time for which application threads were stopped: 0.0033090 seconds, Stopping threads took: 0.0000870 seconds
87.774: Application time: 0.0317960 seconds
87.774: [GC [PSYoungGen: 100448K->11328K(107520K)] 175697K->86577K(352256K), 0.0045130 secs] [Times: user=0.03 sys=0.00, real=0.01 secs] 
87.778: Total time for which application threads were stopped: 0.0046910 seconds, Stopping threads took: 0.0000890 seconds
87.809: Application time: 0.0303310 seconds
87.809: [GC [PSYoungGen: 104000K->8592K(107520K)] 179249K->83841K(352256K), 0.0033280 secs] [Times: user=0.03 sys=0.00, real=0.00 secs] 
87.812: Total time for which application threads were stopped: 0.0034870 seconds, Stopping threads took: 0.0000760 seconds
87.849: Application time: 0.0367560 seconds
87.849: [GC [PSYoungGen: 101264K->9856K(107520K)] 176513K->85105K(352256K), 0.0039560 secs] [Times: user=0.03 sys=0.00, real=0.00 secs] 
87.853: Total time for which application threads were stopped: 0.0041600 seconds, Stopping threads took: 0.0001050 seconds
87.888: Application time: 0.0352400 seconds
87.888: [GC [PSYoungGen: 102528K->7744K(107520K)] 177777K->82993K(352256K), 0.0031250 secs] [Times: user=0.02 sys=0.00, real=0.00 secs] 
87.892: Total time for which application threads were stopped: 0.0032890 seconds, Stopping threads took: 0.0000720 seconds
87.924: Application time: 0.0321340 seconds
87.924: [GC [PSYoungGen: 100416K->7904K(107520K)] 175665K->83153K(352256K), 0.0031870 secs] [Times: user=0.02 sys=0.00, real=0.01 secs] 
87.927: Total time for which application threads were stopped: 0.0033560 seconds, Stopping threads took: 0.0000830 seconds
87.956: Application time: 0.0284840 seconds
87.956: [GC [PSYoungGen: 100576K->7920K(107520K)] 175825K->83169K(352256K), 0.0031540 secs] [Times: user=0.02 sys=0.00, real=0.00 secs] 
87.959: Total time for which application threads were stopped: 0.0033510 seconds, Stopping threads took: 0.0001110 seconds
87.983: Application time: 0.0236990 seconds
87.983: [GC [PSYoungGen: 100592K->7936K(107520K)] 175841K->83185K(352256K), 0.0031290 secs] [Times: user=0.03 sys=0.00, real=0.01 secs] 
87.986: Total time for which application threads were stopped: 0.0033080 seconds, Stopping threads took: 0.0000900 seconds
88.013: Application time: 0.0274800 seconds
88.014: [GC [PSYoungGen: 100608K->11360K(107520K)] 175857K->86609K(352256K), 0.0045700 secs] [Times: user=0.03 sys=0.00, real=0.01 secs] 
88.018: Total time for which application threads were stopped: 0.0047500 seconds, Stopping threads took: 0.0000920 seconds
88.052: Application time: 0.0336180 seconds
88.052: [GC [PSYoungGen: 104032K->10896K(107520K)] 179281K->86145K(352256K), 0.0041650 secs] [Times: user=0.03 sys=0.00, real=0.01 secs] 
88.056: Total time for which application threads were stopped: 0.0043380 seconds, Stopping threads took: 0.0000830 seconds
88.087: Application time: 0.0308470 seconds
88.087: [GC [PSYoungGen: 103568K->10592K(107520K)] 178817K->85841K(352256K), 0.0040460 secs] [Times: user=0.02 sys=0.00, real=0.00 secs] 
88.091: Total time for which application threads were stopped: 0.0042230 seconds, Stopping threads took: 0.0000880 seconds
88.132: Application time: 0.0406480 seconds
88.132: [GC [PSYoungGen: 103264K->8080K(107520K)] 178513K->83329K(352256K), 0.0031550 secs] [Times: user=0.02 sys=0.00, real=0.01 secs] 
88.135: Total time for which application threads were stopped: 0.0033190 seconds, Stopping threads took: 0.0000720 seconds
88.166: Application time: 0.0312200 seconds
88.167: [GC [PSYoungGen: 100752K->7984K(107520K)] 176001K->83290K(352256K), 0.0031870 secs] [Times: user=0.02 sys=0.00, real=0.00 secs] 
88.170: Total time for which application threads were stopped: 0.0033360 seconds, Stopping threads took: 0.0000650 seconds
88.202: Application time: 0.0326810 seconds
88.203: [GC [PSYoungGen: 100656K->7728K(107520K)] 175962K->83182K(352256K), 0.0031680 secs] [Times: user=0.02 sys=0.00, real=0.00 secs] 
88.206: Total time for which application threads were stopped: 0.0033550 seconds, Stopping threads took: 0.0001020 seconds
88.230: Application time: 0.0242260 seconds
88.230: [GC [PSYoungGen: 100400K->7776K(107520K)] 175854K->83230K(352256K), 0.0030710 secs] [Times: user=0.02 sys=0.00, real=0.00 secs] 
88.233: Total time for which application threads were stopped: 0.0032020 seconds, Stopping threads took: 0.0000500 seconds
88.256: Application time: 0.0226660 seconds
88.256: [GC [PSYoungGen: 100448K->7744K(107520K)] 175902K->83286K(352256K), 0.0032100 secs] [Times: user=0.02 sys=0.00, real=0.00 secs] 
88.259: Total time for which application threads were stopped: 0.0033860 seconds, Stopping threads took: 0.0000710 seconds
88.292: Application time: 0.0331970 seconds
88.293: [GC [PSYoungGen: 100416K->13040K(107520K)] 175958K->88582K(352256K), 0.0050330 secs] [Times: user=0.03 sys=0.00, real=0.01 secs] 
88.298: Total time for which application threads were stopped: 0.0052320 seconds, Stopping threads took: 0.0001020 seconds
88.328: Application time: 0.0304590 seconds
88.328: [GC [PSYoungGen: 105712K->8768K(107520K)] 181254K->84318K(352256K), 0.0033900 secs] [Times: user=0.02 sys=0.00, real=0.00 secs] 
88.332: Total time for which application threads were stopped: 0.0035900 seconds, Stopping threads took: 0.0001040 seconds
88.371: Application time: 0.0395910 seconds
88.372: [GC [PSYoungGen: 101440K->7952K(107520K)] 176990K->83502K(352256K), 0.0032110 secs] [Times: user=0.02 sys=0.00, real=0.01 secs] 
88.375: Total time for which application threads were stopped: 0.0034000 seconds, Stopping threads took: 0.0001040 seconds
88.408: Application time: 0.0334840 seconds
88.408: [GC [PSYoungGen: 100624K->7664K(107520K)] 176174K->83214K(352256K), 0.0031010 secs] [Times: user=0.02 sys=0.00, real=0.00 secs] 
88.412: Total time for which application threads were stopped: 0.0032830 seconds, Stopping threads took: 0.0000960 seconds
88.443: Application time: 0.0315980 seconds
88.443: [GC [PSYoungGen: 100336K->7696K(107520K)] 175886K->83294K(352256K), 0.0031550 secs] [Times: user=0.02 sys=0.00, real=0.01 secs] 
88.447: Total time for which application threads were stopped: 0.0033680 seconds, Stopping threads took: 0.0001310 seconds
88.474: Application time: 0.0272740 seconds
88.474: [GC [PSYoungGen: 100368K->7936K(107520K)] 175966K->83534K(352256K), 0.0031370 secs] [Times: user=0.03 sys=0.00, real=0.00 secs] 
88.477: Total time for which application threads were stopped: 0.0033260 seconds, Stopping threads took: 0.0000920 seconds
88.499: Application time: 0.0220960 seconds
88.499: [GC [PSYoungGen: 100608K->7632K(107520K)] 176206K->83230K(352256K), 0.0030000 secs] [Times: user=0.02 sys=0.00, real=0.00 secs] 
88.502: Total time for which application threads were stopped: 0.0031570 seconds, Stopping threads took: 0.0000690 seconds
88.534: Application time: 0.0318290 seconds
88.534: [GC [PSYoungGen: 100304K->10400K(107520K)] 175902K->85998K(352256K), 0.0040320 secs] [Times: user=0.02 sys=0.01, real=0.00 secs] 
88.538: Total time for which application threads were stopped: 0.0041890 seconds, Stopping threads took: 0.0000680 seconds
88.568: Application time: 0.0300340 seconds
88.569: [GC [PSYoungGen: 103072K->8080K(107520K)] 178670K->83678K(352256K), 0.0031500 secs] [Times: user=0.02 sys=0.00, real=0.00 secs] 
88.572: Total time for which application threads were stopped: 0.0033250 seconds, Stopping threads took: 0.0000930 seconds
88.607: Application time: 0.0354650 seconds
88.607: [GC [PSYoungGen: 100752K->9136K(107520K)] 176350K->84734K(352256K), 0.0036110 secs] [Times: user=0.02 sys=0.00, real=0.00 secs] 
88.611: Total time for which application threads were stopped: 0.0037950 seconds, Stopping threads took: 0.0000960 seconds
88.649: Application time: 0.0383150 seconds
88.649: [GC [PSYoungGen: 101808K->8064K(107520K)] 177406K->83662K(352256K), 0.0032110 secs] [Times: user=0.02 sys=0.00, real=0.00 secs] 
88.653: Total time for which application threads were stopped: 0.0033900 seconds, Stopping threads took: 0.0000890 seconds
88.682: Application time: 0.0293180 seconds
88.686: [GC [PSYoungGen: 100736K->7920K(107520K)] 176334K->83518K(352256K), 0.0032250 secs] [Times: user=0.02 sys=0.00, real=0.00 secs] 
88.689: Total time for which application threads were stopped: 0.0071690 seconds, Stopping threads took: 0.0038580 seconds
88.722: Application time: 0.0325620 seconds
88.722: [GC [PSYoungGen: 100592K->7968K(107520K)] 176190K->83566K(352256K), 0.0031620 secs] [Times: user=0.02 sys=0.00, real=0.00 secs] 
88.725: Total time for which application threads were stopped: 0.0033500 seconds, Stopping threads took: 0.0001050 seconds
88.748: Application time: 0.0233270 seconds
88.749: [GC [PSYoungGen: 100640K->8048K(107520K)] 176238K->83646K(352256K), 0.0031880 secs] [Times: user=0.02 sys=0.00, real=0.00 secs] 
88.752: Total time for which application threads were stopped: 0.0033870 seconds, Stopping threads took: 0.0001130 seconds
88.776: Application time: 0.0237860 seconds
88.776: [GC [PSYoungGen: 100720K->9536K(107520K)] 176318K->85134K(352256K), 0.0037520 secs] [Times: user=0.03 sys=0.00, real=0.00 secs] 
88.780: Total time for which application threads were stopped: 0.0039460 seconds, Stopping threads took: 0.0000860 seconds
88.816: Application time: 0.0359960 seconds
88.816: [GC [PSYoungGen: 102208K->11264K(107520K)] 177806K->86862K(352256K), 0.0043280 secs] [Times: user=0.02 sys=0.00, real=0.00 secs] 
88.820: Total time for which application threads were stopped: 0.0045120 seconds, Stopping threads took: 0.0000920 seconds
88.850: Application time: 0.0295880 seconds
88.850: [GC [PSYoungGen: 103936K->9712K(107520K)] 179534K->85310K(352256K), 0.0038870 secs] [Times: user=0.03 sys=0.01, real=0.00 secs] 
88.854: Total time for which application threads were stopped: 0.0040680 seconds, Stopping threads took: 0.0000940 seconds
88.895: Application time: 0.0413240 seconds
88.895: [GC [PSYoungGen: 102384K->7856K(107520K)] 177982K->83454K(352256K), 0.0031870 secs] [Times: user=0.01 sys=0.00, real=0.00 secs] 
88.898: Total time for which application threads were stopped: 0.0033820 seconds, Stopping threads took: 0.0001070 seconds
88.930: Application time: 0.0315000 seconds
88.930: [GC [PSYoungGen: 100528K->7712K(107520K)] 176126K->83358K(352256K), 0.0030890 secs] [Times: user=0.02 sys=0.00, real=0.00 secs] 
88.933: Total time for which application threads were stopped: 0.0032330 seconds, Stopping threads took: 0.0000580 seconds
88.966: Application time: 0.0325230 seconds
88.966: [GC [PSYoungGen: 100384K->7712K(107520K)] 176030K->83510K(352256K), 0.0031800 secs] [Times: user=0.03 sys=0.00, real=0.00 secs] 
88.969: Total time for which application threads were stopped: 0.0033690 seconds, Stopping threads took: 0.0000960 seconds
88.993: Application time: 0.0243590 seconds
88.994: [GC [PSYoungGen: 100384K->7936K(107520K)] 176182K->83742K(352256K), 0.0031210 secs] [Times: user=0.02 sys=0.00, real=0.01 secs] 
88.997: Total time for which application threads were stopped: 0.0032620 seconds, Stopping threads took: 0.0000520 seconds
89.019: Application time: 0.0223610 seconds
89.019: [GC [PSYoungGen: 100608K->7664K(107520K)] 176414K->83518K(352256K), 0.0031520 secs] [Times: user=0.01 sys=0.00, real=0.00 secs] 
89.022: Total time for which application threads were stopped: 0.0033060 seconds, Stopping threads took: 0.0000650 seconds
89.056: Application time: 0.0335860 seconds
89.056: [GC [PSYoungGen: 100336K->12640K(107520K)] 176190K->88542K(352256K), 0.0048790 secs] [Times: user=0.04 sys=0.00, real=0.00 secs] 
89.061: Total time for which application threads were stopped: 0.0050650 seconds, Stopping threads took: 0.0000980 seconds
89.092: Application time: 0.0309220 seconds
89.092: [GC [PSYoungGen: 105312K->7936K(107520K)] 181214K->83846K(352256K), 0.0031400 secs] [Times: user=0.02 sys=0.00, real=0.01 secs] 
89.095: Total time for which application threads were stopped: 0.0033310 seconds, Stopping threads took: 0.0001040 seconds
89.132: Application time: 0.0369090 seconds
89.132: [GC [PSYoungGen: 100608K->9456K(107520K)] 176518K->85366K(352256K), 0.0038220 secs] [Times: user=0.03 sys=0.00, real=0.01 secs] 
89.136: Total time for which application threads were stopped: 0.0040180 seconds, Stopping threads took: 0.0001090 seconds
89.173: Application time: 0.0365010 seconds
89.174: [GC [PSYoungGen: 102128K->7584K(107520K)] 178038K->83494K(352256K), 0.0030470 secs] [Times: user=0.02 sys=0.00, real=0.00 secs] 
89.177: Total time for which application threads were stopped: 0.0043230 seconds, Stopping threads took: 0.0011870 seconds
89.208: Application time: 0.0307030 seconds
89.208: [GC [PSYoungGen: 100256K->7664K(107520K)] 176166K->83622K(352256K), 0.0031730 secs] [Times: user=0.02 sys=0.00, real=0.00 secs] 
89.211: Total time for which application threads were stopped: 0.0034020 seconds, Stopping threads took: 0.0001420 seconds
89.240: Application time: 0.0287210 seconds
89.240: [GC [PSYoungGen: 100336K->7904K(107520K)] 176294K->83862K(352256K), 0.0030900 secs] [Times: user=0.02 sys=0.00, real=0.00 secs] 
89.243: Total time for which application threads were stopped: 0.0032830 seconds, Stopping threads took: 0.0001030 seconds
89.265: Application time: 0.0223010 seconds
89.266: [GC [PSYoungGen: 100576K->7952K(107520K)] 176534K->83910K(352256K), 0.0031620 secs] [Times: user=0.02 sys=0.00, real=0.01 secs] 
89.269: Total time for which application threads were stopped: 0.0033340 seconds, Stopping threads took: 0.0000860 seconds
89.298: Application time: 0.0287810 seconds
89.298: [GC [PSYoungGen: 100624K->9808K(107520K)] 176582K->85766K(352256K), 0.0038860 secs] [Times: user=0.03 sys=0.00, real=0.00 secs] 
89.302: Total time for which application threads were stopped: 0.0040740 seconds, Stopping threads took: 0.0000800 seconds
89.335: Application time: 0.0329720 seconds
89.335: [GC [PSYoungGen: 102480K->10288K(107520K)] 178438K->86246K(352256K), 0.0039730 secs] [Times: user=0.03 sys=0.00, real=0.00 secs] 
89.339: Total time for which application threads were stopped: 0.0041500 seconds, Stopping threads took: 0.0000890 seconds
89.371: Application time: 0.0323160 seconds
89.371: [GC [PSYoungGen: 102960K->8240K(107520K)] 178918K->84198K(352256K), 0.0032600 secs] [Times: user=0.02 sys=0.00, real=0.01 secs] 
89.375: Total time for which application threads were stopped: 0.0034300 seconds, Stopping threads took: 0.0000790 seconds
89.414: Application time: 0.0392330 seconds
89.414: [GC [PSYoungGen: 100912K->7824K(107520K)] 176870K->83782K(352256K), 0.0030800 secs] [Times: user=0.02 sys=0.00, real=0.00 secs] 
89.417: Total time for which application threads were stopped: 0.0032750 seconds, Stopping threads took: 0.0000940 seconds
89.447: Application time: 0.0301210 seconds
89.447: [GC [PSYoungGen: 100496K->8080K(107520K)] 176454K->84038K(352256K), 0.0032500 secs] [Times: user=0.02 sys=0.00, real=0.00 secs] 
89.451: Total time for which application threads were stopped: 0.0034190 seconds, Stopping threads took: 0.0000810 seconds
89.482: Application time: 0.0318290 seconds
89.483: [GC [PSYoungGen: 100752K->8000K(107520K)] 176710K->83958K(352256K), 0.0031680 secs] [Times: user=0.03 sys=0.00, real=0.00 secs] 
89.486: Total time for which application threads were stopped: 0.0033530 seconds, Stopping threads took: 0.0000960 seconds
89.511: Application time: 0.0248670 seconds
89.511: [GC [PSYoungGen: 100672K->8016K(107520K)] 176630K->83974K(352256K), 0.0031560 secs] [Times: user=0.02 sys=0.00, real=0.01 secs] 
89.514: Total time for which application threads were stopped: 0.0033070 seconds, Stopping threads took: 0.0000660 seconds
89.537: Application time: 0.0227240 seconds
89.537: [GC [PSYoungGen: 100688K->9760K(107520K)] 176646K->85718K(352256K), 0.0038790 secs] [Times: user=0.03 sys=0.00, real=0.00 secs] 
89.541: Total time for which application threads were stopped: 0.0040670 seconds, Stopping threads took: 0.0001010 seconds
89.576: Application time: 0.0352910 seconds
89.576: [GC [PSYoungGen: 102432K->10144K(107520K)] 178390K->86102K(352256K), 0.0038030 secs] [Times: user=0.02 sys=0.00, real=0.00 secs] 
89.580: Total time for which application threads were stopped: 0.0039850 seconds, Stopping threads took: 0.0000960 seconds
89.610: Application time: 0.0298190 seconds
89.610: [GC [PSYoungGen: 102816K->9760K(107520K)] 178774K->85718K(352256K), 0.0038540 secs] [Times: user=0.02 sys=0.01, real=0.01 secs] 
89.614: Total time for which application threads were stopped: 0.0040260 seconds, Stopping threads took: 0.0000690 seconds
89.653: Application time: 0.0391960 seconds
89.653: [GC [PSYoungGen: 102432K->8208K(107520K)] 178390K->84166K(352256K), 0.0032900 secs] [Times: user=0.02 sys=0.00, real=0.01 secs] 
89.657: Total time for which application threads were stopped: 0.0034740 seconds, Stopping threads took: 0.0000990 seconds
89.691: Application time: 0.0347760 seconds
89.692: [GC [PSYoungGen: 100880K->7664K(107520K)] 176838K->83622K(352256K), 0.0030940 secs] [Times: user=0.02 sys=0.00, real=0.01 secs] 
89.695: Total time for which application threads were stopped: 0.0032810 seconds, Stopping threads took: 0.0001020 seconds
89.725: Application time: 0.0300500 seconds
89.725: [GC [PSYoungGen: 100336K->7904K(107520K)] 176294K->84010K(352256K), 0.0032120 secs] [Times: user=0.02 sys=0.00, real=0.01 secs] 
89.728: Total time for which application threads were stopped: 0.0033930 seconds, Stopping threads took: 0.0000960 seconds
89.756: Application time: 0.0282640 seconds
89.757: [GC [PSYoungGen: 100576K->7664K(107520K)] 176682K->83866K(352256K), 0.0030170 secs] [Times: user=0.02 sys=0.00, real=0.00 secs] 
89.760: Total time for which application threads were stopped: 0.0031820 seconds, Stopping threads took: 0.0000860 seconds
89.781: Application time: 0.0216330 seconds
89.781: [GC [PSYoungGen: 100336K->8752K(107520K)] 176538K->84954K(352256K), 0.0033630 secs] [Times: user=0.02 sys=0.00, real=0.00 secs] 
89.785: Total time for which application threads were stopped: 0.0035640 seconds, Stopping threads took: 0.0001150 seconds
89.813: Application time: 0.0283590 seconds
89.813: [GC [PSYoungGen: 101424K->10816K(107520K)] 177626K->87082K(352256K), 0.0042420 secs] [Times: user=0.03 sys=0.00, real=0.01 secs] 
89.818: Total time for which application threads were stopped: 0.0044520 seconds, Stopping threads took: 0.0001040 seconds
89.852: Application time: 0.0344390 seconds
89.852: [GC [PSYoungGen: 103488K->8768K(107520K)] 179754K->85042K(352256K), 0.0033550 secs] [Times: user=0.02 sys=0.00, real=0.01 secs] 
89.856: Total time for which application threads were stopped: 0.0035020 seconds, Stopping threads took: 0.0000540 seconds
89.890: Application time: 0.0346780 seconds
89.890: [GC [PSYoungGen: 101440K->8816K(107520K)] 177714K->85090K(352256K), 0.0035650 secs] [Times: user=0.02 sys=0.00, real=0.01 secs] 
89.894: Total time for which application threads were stopped: 0.0037360 seconds, Stopping threads took: 0.0000830 seconds
89.932: Application time: 0.0383100 seconds
89.932: [GC [PSYoungGen: 101488K->7872K(107520K)] 177762K->84146K(352256K), 0.0032180 secs] [Times: user=0.02 sys=0.00, real=0.01 secs] 
89.936: Total time for which application threads were stopped: 0.0033830 seconds, Stopping threads took: 0.0000770 seconds
89.965: Application time: 0.0295590 seconds
89.965: [GC [PSYoungGen: 100544K->7648K(107520K)] 176818K->83978K(352256K), 0.0030910 secs] [Times: user=0.02 sys=0.00, real=0.01 secs] 
89.968: Total time for which application threads were stopped: 0.0032900 seconds, Stopping threads took: 0.0001140 seconds
89.999: Application time: 0.0304400 seconds
89.999: [GC [PSYoungGen: 100320K->8048K(107520K)] 176650K->84378K(352256K), 0.0033560 secs] [Times: user=0.02 sys=0.00, real=0.00 secs] 
90.002: Total time for which application threads were stopped: 0.0035570 seconds, Stopping threads took: 0.0001080 seconds
90.026: Application time: 0.0239900 seconds
90.027: [GC [PSYoungGen: 100720K->7904K(107520K)] 177050K->84234K(352256K), 0.0030990 secs] [Times: user=0.02 sys=0.00, real=0.00 secs] 
90.030: Total time for which application threads were stopped: 0.0032780 seconds, Stopping threads took: 0.0000870 seconds
90.054: Application time: 0.0243610 seconds
90.054: [GC [PSYoungGen: 100576K->8288K(107520K)] 176906K->84618K(352256K), 0.0031990 secs] [Times: user=0.02 sys=0.00, real=0.00 secs] 
90.058: Total time for which application threads were stopped: 0.0033750 seconds, Stopping threads took: 0.0000890 seconds
90.093: Application time: 0.0359400 seconds
90.094: [GC [PSYoungGen: 100960K->8976K(107520K)] 177290K->85306K(352256K), 0.0033830 secs] [Times: user=0.02 sys=0.00, real=0.01 secs] 
90.097: Total time for which application threads were stopped: 0.0035630 seconds, Stopping threads took: 0.0000940 seconds
90.128: Application time: 0.0306730 seconds
90.128: [GC [PSYoungGen: 101648K->7728K(107520K)] 177978K->84058K(352256K), 0.0031590 secs] [Times: user=0.01 sys=0.00, real=0.00 secs] 
90.131: Total time for which application threads were stopped: 0.0033700 seconds, Stopping threads took: 0.0001220 seconds
90.171: Application time: 0.0403130 seconds
90.171: [GC [PSYoungGen: 100400K->7792K(107520K)] 176730K->84122K(352256K), 0.0031430 secs] [Times: user=0.02 sys=0.00, real=0.01 secs] 
90.175: Total time for which application threads were stopped: 0.0032970 seconds, Stopping threads took: 0.0000700 seconds
90.207: Application time: 0.0322640 seconds
90.207: [GC [PSYoungGen: 100464K->7984K(107520K)] 176794K->84314K(352256K), 0.0032720 secs] [Times: user=0.02 sys=0.00, real=0.00 secs] 
90.210: Total time for which application threads were stopped: 0.0034150 seconds, Stopping threads took: 0.0000550 seconds
90.241: Application time: 0.0308880 seconds
90.241: [GC [PSYoungGen: 100656K->7936K(107520K)] 176986K->84266K(352256K), 0.0111130 secs] [Times: user=0.08 sys=0.00, real=0.01 secs] 
90.253: Total time for which application threads were stopped: 0.0112760 seconds, Stopping threads took: 0.0000780 seconds
90.279: Application time: 0.0261810 seconds
90.279: [GC [PSYoungGen: 100608K->8160K(107520K)] 176938K->84490K(352256K), 0.0033040 secs] [Times: user=0.02 sys=0.00, real=0.00 secs] 
90.282: Total time for which application threads were stopped: 0.0034850 seconds, Stopping threads took: 0.0000910 seconds
90.303: Application time: 0.0210040 seconds
90.303: [GC [PSYoungGen: 100832K->9680K(107520K)] 177162K->86010K(352256K), 0.0037860 secs] [Times: user=0.03 sys=0.00, real=0.01 secs] 
90.307: Total time for which application threads were stopped: 0.0039610 seconds, Stopping threads took: 0.0000850 seconds
90.339: Application time: 0.0323010 seconds
90.340: [GC [PSYoungGen: 102352K->13312K(107520K)] 178682K->89642K(352256K), 0.0051270 secs] [Times: user=0.03 sys=0.00, real=0.00 secs] 
90.345: Total time for which application threads were stopped: 0.0053220 seconds, Stopping threads took: 0.0000670 seconds
90.377: Application time: 0.0321550 seconds
90.377: [GC [PSYoungGen: 105984K->9600K(107520K)] 182314K->85930K(352256K), 0.0037640 secs] [Times: user=0.02 sys=0.00, real=0.00 secs] 
90.381: Total time for which application threads were stopped: 0.0039840 seconds, Stopping threads took: 0.0001210 seconds
90.418: Application time: 0.0375130 seconds
90.419: [GC [PSYoungGen: 102272K->10064K(107520K)] 178602K->86394K(352256K), 0.0039220 secs] [Times: user=0.03 sys=0.00, real=0.00 secs] 
90.423: Total time for which application threads were stopped: 0.0040890 seconds, Stopping threads took: 0.0000690 seconds
90.459: Application time: 0.0363770 seconds
90.459: [GC [PSYoungGen: 102736K->7904K(107520K)] 179066K->84234K(352256K), 0.0031090 secs] [Times: user=0.02 sys=0.00, real=0.00 secs] 
90.462: Total time for which application threads were stopped: 0.0032990 seconds, Stopping threads took: 0.0000980 seconds
90.492: Application time: 0.0295390 seconds
90.492: [GC [PSYoungGen: 100576K->7696K(107520K)] 176906K->84182K(352256K), 0.0031780 secs] [Times: user=0.02 sys=0.00, real=0.01 secs] 
90.495: Total time for which application threads were stopped: 0.0033750 seconds, Stopping threads took: 0.0001120 seconds
90.525: Application time: 0.0295010 seconds
90.525: [GC [PSYoungGen: 100368K->7872K(107520K)] 176854K->84446K(352256K), 0.0031970 secs] [Times: user=0.02 sys=0.00, real=0.01 secs] 
90.528: Total time for which application threads were stopped: 0.0033590 seconds, Stopping threads took: 0.0000760 seconds
90.550: Application time: 0.0220930 seconds
90.550: [GC [PSYoungGen: 100544K->7696K(107520K)] 177118K->84270K(352256K), 0.0031040 secs] [Times: user=0.02 sys=0.00, real=0.00 secs] 
90.553: Total time for which application threads were stopped: 0.0032730 seconds, Stopping threads took: 0.0000850 seconds
90.580: Application time: 0.0262720 seconds
90.580: [GC [PSYoungGen: 100368K->9520K(107520K)] 176942K->86150K(352256K), 0.0037010 secs] [Times: user=0.02 sys=0.00, real=0.00 secs] 
90.584: Total time for which application threads were stopped: 0.0038650 seconds, Stopping threads took: 0.0000790 seconds
90.619: Application time: 0.0358600 seconds
90.620: [GC [PSYoungGen: 102192K->8528K(107520K)] 178822K->85158K(352256K), 0.0032990 secs] [Times: user=0.02 sys=0.00, real=0.00 secs] 
90.623: Total time for which application threads were stopped: 0.0034920 seconds, Stopping threads took: 0.0001040 seconds
90.656: Application time: 0.0328690 seconds
90.656: [GC [PSYoungGen: 101200K->7568K(107520K)] 177830K->84198K(352256K), 0.0030550 secs] [Times: user=0.02 sys=0.00, real=0.00 secs] 
90.659: Total time for which application threads were stopped: 0.0032250 seconds, Stopping threads took: 0.0000880 seconds
90.698: Application time: 0.0388510 seconds
90.698: [GC [PSYoungGen: 100240K->7504K(107520K)] 176870K->84134K(352256K), 0.0030780 secs] [Times: user=0.02 sys=0.00, real=0.00 secs] 
90.701: Total time for which application threads were stopped: 0.0032780 seconds, Stopping threads took: 0.0001120 seconds
90.732: Application time: 0.0307720 seconds
90.732: [GC [PSYoungGen: 100176K->7664K(107520K)] 176806K->84350K(352256K), 0.0030490 secs] [Times: user=0.02 sys=0.01, real=0.01 secs] 
90.735: Total time for which application threads were stopped: 0.0032500 seconds, Stopping threads took: 0.0001140 seconds
90.765: Application time: 0.0297280 seconds
90.765: [GC [PSYoungGen: 100336K->7936K(107520K)] 177022K->84622K(352256K), 0.0031920 secs] [Times: user=0.02 sys=0.00, real=0.01 secs] 
90.768: Total time for which application threads were stopped: 0.0033940 seconds, Stopping threads took: 0.0001150 seconds
90.793: Application time: 0.0247720 seconds
90.793: [GC [PSYoungGen: 100608K->8032K(107520K)] 177294K->84718K(352256K), 0.0032510 secs] [Times: user=0.02 sys=0.00, real=0.01 secs] 
90.797: Total time for which application threads were stopped: 0.0034630 seconds, Stopping threads took: 0.0001250 seconds
90.820: Application time: 0.0232860 seconds
90.820: [GC [PSYoungGen: 100704K->10368K(107520K)] 177390K->87054K(352256K), 0.0040220 secs] [Times: user=0.03 sys=0.00, real=0.00 secs] 
90.824: Total time for which application threads were stopped: 0.0042100 seconds, Stopping threads took: 0.0000980 seconds
90.859: Application time: 0.0351050 seconds
90.859: [GC [PSYoungGen: 103028K->9984K(107520K)] 179714K->86670K(352256K), 0.0038800 secs] [Times: user=0.03 sys=0.00, real=0.00 secs] 
90.863: Total time for which application threads were stopped: 0.0040720 seconds, Stopping threads took: 0.0000880 seconds
90.895: Application time: 0.0316540 seconds
90.895: [GC [PSYoungGen: 102656K->8448K(107520K)] 179342K->85134K(352256K), 0.0033140 secs] [Times: user=0.02 sys=0.00, real=0.00 secs] 
90.898: Total time for which application threads were stopped: 0.0034940 seconds, Stopping threads took: 0.0000950 seconds
90.938: Application time: 0.0393710 seconds
90.938: [GC [PSYoungGen: 101120K->8048K(107520K)] 177806K->84735K(352256K), 0.0031660 secs] [Times: user=0.02 sys=0.00, real=0.00 secs] 
90.941: Total time for which application threads were stopped: 0.0033370 seconds, Stopping threads took: 0.0000880 seconds
90.973: Application time: 0.0317500 seconds
90.973: [GC [PSYoungGen: 100720K->7840K(107520K)] 177407K->84526K(352256K), 0.0031430 secs] [Times: user=0.02 sys=0.00, real=0.01 secs] 
90.976: Total time for which application threads were stopped: 0.0033010 seconds, Stopping threads took: 0.0000720 seconds
91.009: Application time: 0.0332570 seconds
91.010: [GC [PSYoungGen: 100512K->7904K(107520K)] 177198K->84590K(352256K), 0.0031420 secs] [Times: user=0.02 sys=0.00, real=0.00 secs] 
91.013: Total time for which application threads were stopped: 0.0033280 seconds, Stopping threads took: 0.0000920 seconds
91.038: Application time: 0.0255440 seconds
91.038: [GC [PSYoungGen: 100576K->7920K(107520K)] 177262K->84606K(352256K), 0.0031640 secs] [Times: user=0.02 sys=0.00, real=0.00 secs] 
91.042: Total time for which application threads were stopped: 0.0033550 seconds, Stopping threads took: 0.0001040 seconds
91.064: Application time: 0.0226200 seconds
91.064: [GC [PSYoungGen: 100592K->9200K(107520K)] 177278K->85886K(352256K), 0.0035370 secs] [Times: user=0.02 sys=0.00, real=0.01 secs] 
91.068: Total time for which application threads were stopped: 0.0036870 seconds, Stopping threads took: 0.0000570 seconds
91.098: Application time: 0.0301300 seconds
91.098: [GC [PSYoungGen: 101872K->10512K(107520K)] 178558K->87198K(352256K), 0.0041120 secs] [Times: user=0.03 sys=0.00, real=0.00 secs] 
91.102: Total time for which application threads were stopped: 0.0042770 seconds, Stopping threads took: 0.0000750 seconds
91.134: Application time: 0.0319230 seconds
91.134: [GC [PSYoungGen: 103184K->8864K(107520K)] 179870K->85550K(352256K), 0.0033270 secs] [Times: user=0.02 sys=0.00, real=0.00 secs] 
91.138: Total time for which application threads were stopped: 0.0034980 seconds, Stopping threads took: 0.0000860 seconds
91.174: Application time: 0.0367040 seconds
91.175: [GC [PSYoungGen: 101536K->9520K(107520K)] 178222K->86206K(352256K), 0.0039500 secs] [Times: user=0.03 sys=0.00, real=0.00 secs] 
91.179: Total time for which application threads were stopped: 0.0041090 seconds, Stopping threads took: 0.0000710 seconds
91.215: Application time: 0.0365840 seconds
91.218: [GC [PSYoungGen: 102192K->7728K(107520K)] 178878K->84414K(352256K), 0.0030380 secs] [Times: user=0.02 sys=0.00, real=0.00 secs] 
91.221: Total time for which application threads were stopped: 0.0058910 seconds, Stopping threads took: 0.0027580 seconds
91.252: Application time: 0.0310920 seconds
91.252: [GC [PSYoungGen: 100400K->7792K(107520K)] 177086K->84615K(352256K), 0.0031900 secs] [Times: user=0.02 sys=0.00, real=0.01 secs] 
91.256: Total time for which application threads were stopped: 0.0033910 seconds, Stopping threads took: 0.0001130 seconds
91.284: Application time: 0.0283130 seconds
91.284: [GC [PSYoungGen: 100464K->7696K(107520K)] 177287K->84639K(352256K), 0.0031310 secs] [Times: user=0.02 sys=0.00, real=0.01 secs] 
91.287: Total time for which application threads were stopped: 0.0033090 seconds, Stopping threads took: 0.0000810 seconds
91.310: Application time: 0.0231080 seconds
91.310: [GC [PSYoungGen: 100368K->7776K(107520K)] 177311K->84719K(352256K), 0.0030980 secs] [Times: user=0.02 sys=0.00, real=0.00 secs] 
91.314: Total time for which application threads were stopped: 0.0032670 seconds, Stopping threads took: 0.0000830 seconds
91.341: Application time: 0.0275730 seconds
91.341: [GC [PSYoungGen: 100448K->10624K(107520K)] 177391K->87623K(352256K), 0.0040190 secs] [Times: user=0.02 sys=0.00, real=0.00 secs] 
91.345: Total time for which application threads were stopped: 0.0042120 seconds, Stopping threads took: 0.0001060 seconds
91.377: Application time: 0.0321570 seconds
91.378: [GC [PSYoungGen: 103296K->10432K(107520K)] 180295K->87431K(352256K), 0.0041000 secs] [Times: user=0.03 sys=0.00, real=0.00 secs] 
91.382: Total time for which application threads were stopped: 0.0043100 seconds, Stopping threads took: 0.0000970 seconds
91.415: Application time: 0.0331950 seconds
91.415: [GC [PSYoungGen: 103104K->7568K(107520K)] 180103K->84575K(352256K), 0.0030440 secs] [Times: user=0.02 sys=0.00, real=0.00 secs] 
91.418: Total time for which application threads were stopped: 0.0032240 seconds, Stopping threads took: 0.0000960 seconds
91.457: Application time: 0.0388920 seconds
91.457: [GC [PSYoungGen: 100240K->7664K(107520K)] 177247K->84671K(352256K), 0.0031040 secs] [Times: user=0.02 sys=0.00, real=0.00 secs] 
91.460: Total time for which application threads were stopped: 0.0032990 seconds, Stopping threads took: 0.0001070 seconds
91.491: Application time: 0.0307130 seconds
91.491: [GC [PSYoungGen: 100336K->7696K(107520K)] 177343K->84759K(352256K), 0.0030960 secs] [Times: user=0.02 sys=0.01, real=0.01 secs] 
91.494: Total time for which application threads were stopped: 0.0032610 seconds, Stopping threads took: 0.0000780 seconds
91.526: Application time: 0.0316290 seconds
91.526: [GC [PSYoungGen: 100368K->8000K(107520K)] 177431K->85063K(352256K), 0.0031790 secs] [Times: user=0.03 sys=0.00, real=0.00 secs] 
91.529: Total time for which application threads were stopped: 0.0033740 seconds, Stopping threads took: 0.0001100 seconds
91.553: Application time: 0.0238710 seconds
91.553: [GC [PSYoungGen: 100672K->7968K(107520K)] 177735K->85031K(352256K), 0.0031970 secs] [Times: user=0.02 sys=0.00, real=0.01 secs] 
91.557: Total time for which application threads were stopped: 0.0033600 seconds, Stopping threads took: 0.0000790 seconds
91.581: Application time: 0.0240190 seconds
91.581: [GC [PSYoungGen: 100640K->9936K(107520K)] 177703K->86999K(352256K), 0.0040150 secs] [Times: user=0.03 sys=0.00, real=0.00 secs] 
91.585: Total time for which application threads were stopped: 0.0042030 seconds, Stopping threads took: 0.0001000 seconds
91.618: Application time: 0.0329410 seconds
91.618: [GC [PSYoungGen: 102608K->11152K(107520K)] 179671K->88215K(352256K), 0.0042370 secs] [Times: user=0.03 sys=0.00, real=0.00 secs] 
91.622: Total time for which application threads were stopped: 0.0044410 seconds, Stopping threads took: 0.0001140 seconds
91.652: Application time: 0.0302300 seconds
91.653: [GC [PSYoungGen: 103824K->9568K(107520K)] 180887K->86631K(352256K), 0.0038850 secs] [Times: user=0.03 sys=0.00, real=0.01 secs] 
91.657: Total time for which application threads were stopped: 0.0040610 seconds, Stopping threads took: 0.0000820 seconds
91.696: Application time: 0.0391840 seconds
91.698: [GC [PSYoungGen: 102240K->8304K(107520K)] 179303K->85367K(352256K), 0.0032590 secs] [Times: user=0.02 sys=0.00, real=0.00 secs] 
91.701: Total time for which application threads were stopped: 0.0055330 seconds, Stopping threads took: 0.0021840 seconds
91.736: Application time: 0.0342800 seconds
91.736: [GC [PSYoungGen: 100976K->7712K(107520K)] 178039K->84775K(352256K), 0.0030980 secs] [Times: user=0.02 sys=0.00, real=0.00 secs] 
91.739: Total time for which application threads were stopped: 0.0032670 seconds, Stopping threads took: 0.0000740 seconds
91.771: Application time: 0.0317450 seconds
91.771: [GC [PSYoungGen: 100384K->7984K(107520K)] 177447K->85047K(352256K), 0.0031880 secs] [Times: user=0.03 sys=0.00, real=0.01 secs] 
91.774: Total time for which application threads were stopped: 0.0033610 seconds, Stopping threads took: 0.0000890 seconds
91.802: Application time: 0.0284090 seconds
91.802: [GC [PSYoungGen: 100656K->7904K(107520K)] 177719K->84967K(352256K), 0.0031420 secs] [Times: user=0.02 sys=0.00, real=0.00 secs] 
91.806: Total time for which application threads were stopped: 0.0033150 seconds, Stopping threads took: 0.0000840 seconds
91.827: Application time: 0.0216870 seconds
91.827: [GC [PSYoungGen: 100576K->8048K(107520K)] 177639K->85111K(352256K), 0.0030460 secs] [Times: user=0.02 sys=0.00, real=0.00 secs] 
91.831: Total time for which application threads were stopped: 0.0032270 seconds, Stopping threads took: 0.0000940 seconds
91.859: Application time: 0.0280460 seconds
91.859: [GC [PSYoungGen: 100720K->11408K(107520K)] 177783K->88471K(352256K), 0.0044200 secs] [Times: user=0.03 sys=0.00, real=0.00 secs] 
91.863: Total time for which application threads were stopped: 0.0046180 seconds, Stopping threads took: 0.0001000 seconds
91.896: Application time: 0.0330870 seconds
91.896: [GC [PSYoungGen: 104080K->8656K(107520K)] 181143K->85719K(352256K), 0.0032870 secs] [Times: user=0.02 sys=0.00, real=0.00 secs] 
91.900: Total time for which application threads were stopped: 0.0034940 seconds, Stopping threads took: 0.0000900 seconds
91.934: Application time: 0.0346400 seconds
91.935: [GC [PSYoungGen: 101328K->9680K(107520K)] 178391K->86743K(352256K), 0.0038610 secs] [Times: user=0.02 sys=0.00, real=0.00 secs] 
91.939: Total time for which application threads were stopped: 0.0040910 seconds, Stopping threads took: 0.0001350 seconds
91.977: Application time: 0.0380210 seconds
91.977: [GC [PSYoungGen: 102352K->7696K(107520K)] 179415K->84759K(352256K), 0.0031120 secs] [Times: user=0.02 sys=0.00, real=0.00 secs] 
91.980: Total time for which application threads were stopped: 0.0032950 seconds, Stopping threads took: 0.0000860 seconds
92.011: Application time: 0.0313990 seconds
92.011: [GC [PSYoungGen: 100368K->7616K(107520K)] 177431K->84783K(352256K), 0.0030310 secs] [Times: user=0.03 sys=0.00, real=0.01 secs] 
92.014: Total time for which application threads were stopped: 0.0032050 seconds, Stopping threads took: 0.0000780 seconds
92.044: Application time: 0.0299540 seconds
92.045: [GC [PSYoungGen: 100288K->7664K(107520K)] 177455K->84927K(352256K), 0.0030980 secs] [Times: user=0.02 sys=0.00, real=0.01 secs] 
92.048: Total time for which application threads were stopped: 0.0032990 seconds, Stopping threads took: 0.0001050 seconds
92.072: Application time: 0.0239020 seconds
92.072: [GC [PSYoungGen: 100336K->8352K(107520K)] 177599K->85671K(352256K), 0.0032000 secs] [Times: user=0.02 sys=0.00, real=0.01 secs] 
92.075: Total time for which application threads were stopped: 0.0033740 seconds, Stopping threads took: 0.0000830 seconds
92.099: Application time: 0.0243250 seconds
92.100: [GC [PSYoungGen: 101024K->8272K(107520K)] 178343K->85647K(352256K), 0.0031530 secs] [Times: user=0.02 sys=0.00, real=0.00 secs] 
92.103: Total time for which application threads were stopped: 0.0033420 seconds, Stopping threads took: 0.0001010 seconds
92.137: Application time: 0.0342480 seconds
92.137: [GC [PSYoungGen: 100944K->10800K(107520K)] 178319K->88175K(352256K), 0.0041110 secs] [Times: user=0.03 sys=0.00, real=0.00 secs] 
92.141: Total time for which application threads were stopped: 0.0043260 seconds, Stopping threads took: 0.0001200 seconds
92.172: Application time: 0.0309080 seconds
92.172: [GC [PSYoungGen: 103472K->8240K(107520K)] 180847K->85615K(352256K), 0.0032360 secs] [Times: user=0.02 sys=0.00, real=0.01 secs] 
92.176: Total time for which application threads were stopped: 0.0034160 seconds, Stopping threads took: 0.0000950 seconds
92.216: Application time: 0.0401350 seconds
92.216: [GC [PSYoungGen: 100912K->7920K(107520K)] 178287K->85295K(352256K), 0.0032300 secs] [Times: user=0.02 sys=0.00, real=0.00 secs] 
92.219: Total time for which application threads were stopped: 0.0033900 seconds, Stopping threads took: 0.0000720 seconds
92.251: Application time: 0.0320760 seconds
92.251: [GC [PSYoungGen: 100592K->7680K(107520K)] 177967K->85111K(352256K), 0.0031330 secs] [Times: user=0.02 sys=0.00, real=0.01 secs] 
92.255: Total time for which application threads were stopped: 0.0033190 seconds, Stopping threads took: 0.0001000 seconds
92.286: Application time: 0.0318150 seconds
92.287: [GC [PSYoungGen: 100352K->7888K(107520K)] 177783K->85319K(352256K), 0.0032090 secs] [Times: user=0.02 sys=0.00, real=0.00 secs] 
92.290: Total time for which application threads were stopped: 0.0033960 seconds, Stopping threads took: 0.0001020 seconds
92.315: Application time: 0.0254710 seconds
92.315: [GC [PSYoungGen: 100560K->7856K(107520K)] 177991K->85287K(352256K), 0.0031340 secs] [Times: user=0.02 sys=0.00, real=0.00 secs] 
92.319: Total time for which application threads were stopped: 0.0033150 seconds, Stopping threads took: 0.0000920 seconds
92.341: Application time: 0.0225880 seconds
92.341: [GC [PSYoungGen: 100528K->10032K(107520K)] 177959K->87463K(352256K), 0.0039560 secs] [Times: user=0.02 sys=0.00, real=0.00 secs] 
92.345: Total time for which application threads were stopped: 0.0041130 seconds, Stopping threads took: 0.0000660 seconds
92.375: Application time: 0.0301070 seconds
92.375: [GC [PSYoungGen: 102704K->13472K(107520K)] 180135K->90903K(352256K), 0.0052150 secs] [Times: user=0.04 sys=0.00, real=0.00 secs] 
92.381: Total time for which application threads were stopped: 0.0053830 seconds, Stopping threads took: 0.0000700 seconds
92.414: Application time: 0.0332010 seconds
92.414: [GC [PSYoungGen: 106144K->10000K(107520K)] 183575K->87431K(352256K), 0.0038480 secs] [Times: user=0.03 sys=0.00, real=0.00 secs] 
92.418: Total time for which application threads were stopped: 0.0040560 seconds, Stopping threads took: 0.0000900 seconds
92.455: Application time: 0.0370670 seconds
92.455: [GC [PSYoungGen: 102672K->10080K(107520K)] 180103K->87511K(352256K), 0.0040770 secs] [Times: user=0.03 sys=0.00, real=0.00 secs] 
92.459: Total time for which application threads were stopped: 0.0042680 seconds, Stopping threads took: 0.0001060 seconds
92.496: Application time: 0.0365220 seconds
92.496: [GC [PSYoungGen: 102752K->7968K(107520K)] 180183K->85399K(352256K), 0.0032140 secs] [Times: user=0.02 sys=0.00, real=0.00 secs] 
92.499: Total time for which application threads were stopped: 0.0033800 seconds, Stopping threads took: 0.0000800 seconds
92.529: Application time: 0.0301890 seconds
92.530: [GC [PSYoungGen: 100640K->7968K(107520K)] 178071K->85399K(352256K), 0.0031720 secs] [Times: user=0.02 sys=0.00, real=0.00 secs] 
92.533: Total time for which application threads were stopped: 0.0033600 seconds, Stopping threads took: 0.0001020 seconds
92.562: Application time: 0.0292240 seconds
92.562: [GC [PSYoungGen: 100640K->8144K(107520K)] 178071K->85575K(352256K), 0.0032390 secs] [Times: user=0.02 sys=0.00, real=0.00 secs] 
92.565: Total time for which application threads were stopped: 0.0034170 seconds, Stopping threads took: 0.0000920 seconds
92.588: Application time: 0.0221620 seconds
92.588: [GC [PSYoungGen: 100816K->8000K(107520K)] 178247K->85431K(352256K), 0.0031110 secs] [Times: user=0.03 sys=0.00, real=0.00 secs] 
92.591: Total time for which application threads were stopped: 0.0032740 seconds, Stopping threads took: 0.0000790 seconds
92.620: Application time: 0.0287790 seconds
92.620: [GC [PSYoungGen: 100672K->11536K(107520K)] 178103K->88967K(352256K), 0.0045700 secs] [Times: user=0.04 sys=0.00, real=0.00 secs] 
92.624: Total time for which application threads were stopped: 0.0047570 seconds, Stopping threads took: 0.0000910 seconds
92.655: Application time: 0.0307490 seconds
92.655: [GC [PSYoungGen: 104208K->11808K(107520K)] 181639K->89239K(352256K), 0.0047150 secs] [Times: user=0.04 sys=0.00, real=0.00 secs] 
92.660: Total time for which application threads were stopped: 0.0049040 seconds, Stopping threads took: 0.0001010 seconds
92.696: Application time: 0.0356080 seconds
92.696: [GC [PSYoungGen: 104480K->9696K(107520K)] 181911K->87127K(352256K), 0.0040280 secs] [Times: user=0.03 sys=0.00, real=0.00 secs] 
92.700: Total time for which application threads were stopped: 0.0042140 seconds, Stopping threads took: 0.0000980 seconds
92.738: Application time: 0.0378380 seconds
92.738: [GC [PSYoungGen: 102368K->7952K(107520K)] 179799K->85383K(352256K), 0.0031700 secs] [Times: user=0.02 sys=0.00, real=0.00 secs] 
92.741: Total time for which application threads were stopped: 0.0033600 seconds, Stopping threads took: 0.0000860 seconds
92.774: Application time: 0.0324310 seconds
92.774: [GC [PSYoungGen: 100624K->8112K(107520K)] 178055K->85543K(352256K), 0.0033520 secs] [Times: user=0.02 sys=0.00, real=0.01 secs] 
92.777: Total time for which application threads were stopped: 0.0035280 seconds, Stopping threads took: 0.0000850 seconds
92.807: Application time: 0.0302340 seconds
92.807: [GC [PSYoungGen: 100784K->7984K(107520K)] 178215K->85583K(352256K), 0.0031750 secs] [Times: user=0.02 sys=0.00, real=0.00 secs] 
92.811: Total time for which application threads were stopped: 0.0033320 seconds, Stopping threads took: 0.0000680 seconds
92.834: Application time: 0.0236600 seconds
92.834: [GC [PSYoungGen: 100656K->7744K(107520K)] 178255K->85391K(352256K), 0.0031920 secs] [Times: user=0.02 sys=0.00, real=0.00 secs] 
92.838: Total time for which application threads were stopped: 0.0033740 seconds, Stopping threads took: 0.0000940 seconds
92.862: Application time: 0.0241410 seconds
92.862: [GC [PSYoungGen: 100416K->9824K(107520K)] 178063K->87527K(352256K), 0.0039860 secs] [Times: user=0.02 sys=0.00, real=0.01 secs] 
92.866: Total time for which application threads were stopped: 0.0041630 seconds, Stopping threads took: 0.0000890 seconds
92.899: Application time: 0.0325910 seconds
92.902: [GC [PSYoungGen: 102496K->11056K(107520K)] 180199K->88759K(352256K), 0.0042460 secs] [Times: user=0.03 sys=0.00, real=0.01 secs] 
92.906: Total time for which application threads were stopped: 0.0076550 seconds, Stopping threads took: 0.0033200 seconds
92.938: Application time: 0.0319070 seconds
92.938: [GC [PSYoungGen: 103728K->9456K(107520K)] 181431K->87167K(352256K), 0.0037710 secs] [Times: user=0.02 sys=0.00, real=0.00 secs] 
92.942: Total time for which application threads were stopped: 0.0039730 seconds, Stopping threads took: 0.0000950 seconds
92.981: Application time: 0.0387310 seconds
92.981: [GC [PSYoungGen: 102128K->7856K(107520K)] 179839K->85567K(352256K), 0.0031730 secs] [Times: user=0.02 sys=0.00, real=0.00 secs] 
92.984: Total time for which application threads were stopped: 0.0033690 seconds, Stopping threads took: 0.0001090 seconds
93.018: Application time: 0.0341970 seconds
93.019: [GC [PSYoungGen: 100528K->7568K(107520K)] 178239K->85343K(352256K), 0.0030750 secs] [Times: user=0.03 sys=0.00, real=0.00 secs] 
93.022: Total time for which application threads were stopped: 0.0032460 seconds, Stopping threads took: 0.0000850 seconds
93.053: Application time: 0.0315280 seconds
93.053: [GC [PSYoungGen: 100240K->7712K(107520K)] 178015K->85487K(352256K), 0.0031580 secs] [Times: user=0.02 sys=0.00, real=0.01 secs] 
93.057: Total time for which application threads were stopped: 0.0033390 seconds, Stopping threads took: 0.0000930 seconds
93.083: Application time: 0.0263330 seconds
93.083: [GC [PSYoungGen: 100384K->7808K(107520K)] 178159K->85583K(352256K), 0.0031950 secs] [Times: user=0.02 sys=0.00, real=0.01 secs] 
93.086: Total time for which application threads were stopped: 0.0033790 seconds, Stopping threads took: 0.0000970 seconds
93.110: Application time: 0.0237630 seconds
93.110: [GC [PSYoungGen: 100480K->8176K(107520K)] 178255K->85951K(352256K), 0.0031730 secs] [Times: user=0.02 sys=0.00, real=0.00 secs] 
93.113: Total time for which application threads were stopped: 0.0033430 seconds, Stopping threads took: 0.0000860 seconds
93.141: Application time: 0.0281160 seconds
93.142: [GC [PSYoungGen: 100848K->12352K(107520K)] 178623K->90127K(352256K), 0.0048600 secs] [Times: user=0.04 sys=0.00, real=0.01 secs] 
93.147: Total time for which application threads were stopped: 0.0050220 seconds, Stopping threads took: 0.0000720 seconds
93.178: Application time: 0.0318990 seconds
93.179: [GC [PSYoungGen: 105024K->8992K(107520K)] 182799K->86767K(352256K), 0.0034000 secs] [Times: user=0.03 sys=0.00, real=0.00 secs] 
93.182: Total time for which application threads were stopped: 0.0035790 seconds, Stopping threads took: 0.0000910 seconds
93.219: Application time: 0.0374220 seconds
93.220: [GC [PSYoungGen: 101664K->8224K(107520K)] 179439K->85999K(352256K), 0.0032480 secs] [Times: user=0.02 sys=0.00, real=0.00 secs] 
93.223: Total time for which application threads were stopped: 0.0034290 seconds, Stopping threads took: 0.0000940 seconds
93.259: Application time: 0.0357550 seconds
93.259: [GC [PSYoungGen: 100896K->7888K(107520K)] 178671K->85663K(352256K), 0.0032450 secs] [Times: user=0.02 sys=0.00, real=0.00 secs] 
93.262: Total time for which application threads were stopped: 0.0034310 seconds, Stopping threads took: 0.0000940 seconds
93.295: Application time: 0.0330250 seconds
93.295: [GC [PSYoungGen: 100560K->7744K(107520K)] 178335K->85519K(352256K), 0.0030840 secs] [Times: user=0.02 sys=0.01, real=0.00 secs] 
93.298: Total time for which application threads were stopped: 0.0032400 seconds, Stopping threads took: 0.0000720 seconds
93.328: Application time: 0.0293790 seconds
93.328: [GC [PSYoungGen: 100416K->8096K(107520K)] 178191K->85871K(352256K), 0.0031970 secs] [Times: user=0.03 sys=0.00, real=0.00 secs] 
93.331: Total time for which application threads were stopped: 0.0033840 seconds, Stopping threads took: 0.0000980 seconds
93.354: Application time: 0.0226670 seconds
93.354: [GC [PSYoungGen: 100768K->8160K(107520K)] 178543K->85935K(352256K), 0.0032270 secs] [Times: user=0.02 sys=0.00, real=0.00 secs] 
93.357: Total time for which application threads were stopped: 0.0034260 seconds, Stopping threads took: 0.0000980 seconds
93.384: Application time: 0.0270410 seconds
93.384: [GC [PSYoungGen: 100832K->11408K(107520K)] 178607K->89183K(352256K), 0.0042380 secs] [Times: user=0.03 sys=0.00, real=0.01 secs] 
93.389: Total time for which application threads were stopped: 0.0044440 seconds, Stopping threads took: 0.0001110 seconds
93.420: Application time: 0.0315660 seconds
93.420: [GC [PSYoungGen: 104080K->12256K(107520K)] 181855K->90031K(352256K), 0.0047440 secs] [Times: user=0.04 sys=0.00, real=0.00 secs] 
93.425: Total time for which application threads were stopped: 0.0049160 seconds, Stopping threads took: 0.0000810 seconds
93.458: Application time: 0.0326210 seconds
93.458: [GC [PSYoungGen: 104928K->11344K(107520K)] 182703K->89119K(352256K), 0.0045950 secs] [Times: user=0.03 sys=0.00, real=0.00 secs] 
93.463: Total time for which application threads were stopped: 0.0047800 seconds, Stopping threads took: 0.0000570 seconds
93.503: Application time: 0.0400280 seconds
93.503: [GC [PSYoungGen: 104016K->7824K(107520K)] 181791K->85599K(352256K), 0.0032340 secs] [Times: user=0.02 sys=0.00, real=0.01 secs] 
93.506: Total time for which application threads were stopped: 0.0034010 seconds, Stopping threads took: 0.0000790 seconds
93.538: Application time: 0.0321910 seconds
93.538: [GC [PSYoungGen: 100496K->7904K(107520K)] 178271K->85679K(352256K), 0.0031960 secs] [Times: user=0.02 sys=0.00, real=0.00 secs] 
93.542: Total time for which application threads were stopped: 0.0033740 seconds, Stopping threads took: 0.0000900 seconds
93.574: Application time: 0.0326360 seconds
93.574: [GC [PSYoungGen: 100576K->7552K(107520K)] 178351K->85503K(352256K), 0.0030910 secs] [Times: user=0.02 sys=0.00, real=0.00 secs] 
93.577: Total time for which application threads were stopped: 0.0032610 seconds, Stopping threads took: 0.0000790 seconds
93.601: Application time: 0.0233230 seconds
93.601: [GC [PSYoungGen: 100224K->7664K(107520K)] 178175K->85671K(352256K), 0.0030900 secs] [Times: user=0.03 sys=0.00, real=0.00 secs] 
93.604: Total time for which application threads were stopped: 0.0032670 seconds, Stopping threads took: 0.0000830 seconds
93.627: Application time: 0.0228910 seconds
93.627: [GC [PSYoungGen: 100336K->7776K(107520K)] 178343K->85839K(352256K), 0.0031100 secs] [Times: user=0.02 sys=0.00, real=0.00 secs] 
93.630: Total time for which application threads were stopped: 0.0032560 seconds, Stopping threads took: 0.0000600 seconds
93.664: Application time: 0.0333590 seconds
93.664: [GC [PSYoungGen: 100448K->11024K(107520K)] 178511K->89087K(352256K), 0.0042830 secs] [Times: user=0.02 sys=0.00, real=0.01 secs] 
93.668: Total time for which application threads were stopped: 0.0044640 seconds, Stopping threads took: 0.0000910 seconds
93.698: Application time: 0.0297170 seconds
93.698: [GC [PSYoungGen: 103696K->7680K(107520K)] 181759K->85751K(352256K), 0.0030380 secs] [Times: user=0.02 sys=0.00, real=0.00 secs] 
93.701: Total time for which application threads were stopped: 0.0032120 seconds, Stopping threads took: 0.0000720 seconds
93.741: Application time: 0.0395810 seconds
93.741: [GC [PSYoungGen: 100352K->7568K(107520K)] 178423K->85639K(352256K), 0.0031100 secs] [Times: user=0.02 sys=0.00, real=0.00 secs] 
93.744: Total time for which application threads were stopped: 0.0033040 seconds, Stopping threads took: 0.0001020 seconds
93.779: Application time: 0.0350200 seconds
93.779: [GC [PSYoungGen: 100240K->7552K(107520K)] 178311K->85623K(352256K), 0.0030430 secs] [Times: user=0.02 sys=0.00, real=0.00 secs] 
93.782: Total time for which application threads were stopped: 0.0032180 seconds, Stopping threads took: 0.0000910 seconds
93.812: Application time: 0.0303800 seconds
93.813: [GC [PSYoungGen: 100224K->7824K(107520K)] 178295K->85952K(352256K), 0.0032430 secs] [Times: user=0.02 sys=0.00, real=0.01 secs] 
93.816: Total time for which application threads were stopped: 0.0034170 seconds, Stopping threads took: 0.0000870 seconds
93.845: Application time: 0.0290530 seconds
93.845: [GC [PSYoungGen: 100496K->7680K(107520K)] 178624K->85807K(352256K), 0.0030700 secs] [Times: user=0.02 sys=0.00, real=0.01 secs] 
93.848: Total time for which application threads were stopped: 0.0032520 seconds, Stopping threads took: 0.0000960 seconds
93.870: Application time: 0.0222780 seconds
93.871: [GC [PSYoungGen: 100352K->8176K(107520K)] 178479K->86303K(352256K), 0.0031950 secs] [Times: user=0.03 sys=0.00, real=0.00 secs] 
93.874: Total time for which application threads were stopped: 0.0033440 seconds, Stopping threads took: 0.0000640 seconds
93.902: Application time: 0.0281360 seconds
93.902: [GC [PSYoungGen: 100848K->11840K(107520K)] 178975K->89967K(352256K), 0.0047150 secs] [Times: user=0.03 sys=0.00, real=0.01 secs] 
93.907: Total time for which application threads were stopped: 0.0048750 seconds, Stopping threads took: 0.0000670 seconds
93.938: Application time: 0.0308840 seconds
93.938: [GC [PSYoungGen: 104512K->9104K(107520K)] 182639K->87231K(352256K), 0.0034490 secs] [Times: user=0.02 sys=0.00, real=0.00 secs] 
93.941: Total time for which application threads were stopped: 0.0036510 seconds, Stopping threads took: 0.0000980 seconds
93.977: Application time: 0.0355730 seconds
93.977: [GC [PSYoungGen: 101776K->9456K(107520K)] 179903K->87583K(352256K), 0.0039010 secs] [Times: user=0.02 sys=0.00, real=0.00 secs] 
93.981: Total time for which application threads were stopped: 0.0041040 seconds, Stopping threads took: 0.0000850 seconds
94.020: Application time: 0.0387210 seconds
94.022: [GC [PSYoungGen: 102128K->7888K(107520K)] 180255K->86015K(352256K), 0.0031010 secs] [Times: user=0.02 sys=0.00, real=0.00 secs] 
94.025: Total time for which application threads were stopped: 0.0053550 seconds, Stopping threads took: 0.0021560 seconds
94.056: Application time: 0.0308170 seconds
94.056: [GC [PSYoungGen: 100560K->7920K(107520K)] 178687K->86047K(352256K), 0.0031310 secs] [Times: user=0.02 sys=0.00, real=0.00 secs] 
94.059: Total time for which application threads were stopped: 0.0033100 seconds, Stopping threads took: 0.0000840 seconds
94.091: Application time: 0.0316880 seconds
94.091: [GC [PSYoungGen: 100592K->8064K(107520K)] 178719K->86191K(352256K), 0.0031830 secs] [Times: user=0.03 sys=0.00, real=0.01 secs] 
94.094: Total time for which application threads were stopped: 0.0033420 seconds, Stopping threads took: 0.0000650 seconds
94.117: Application time: 0.0222790 seconds
94.117: [GC [PSYoungGen: 100736K->8080K(107520K)] 178863K->86207K(352256K), 0.0031480 secs] [Times: user=0.03 sys=0.00, real=0.00 secs] 
94.120: Total time for which application threads were stopped: 0.0032960 seconds, Stopping threads took: 0.0000640 seconds
94.144: Application time: 0.0239610 seconds
94.144: [GC [PSYoungGen: 100752K->9760K(107520K)] 178879K->87887K(352256K), 0.0038380 secs] [Times: user=0.02 sys=0.00, real=0.01 secs] 
94.148: Total time for which application threads were stopped: 0.0040160 seconds, Stopping threads took: 0.0000890 seconds
94.182: Application time: 0.0337160 seconds
94.182: [GC [PSYoungGen: 102432K->11840K(107520K)] 180559K->89967K(352256K), 0.0045780 secs] [Times: user=0.04 sys=0.00, real=0.01 secs] 
94.186: Total time for which application threads were stopped: 0.0047610 seconds, Stopping threads took: 0.0000880 seconds
94.217: Application time: 0.0306550 seconds
94.217: [GC [PSYoungGen: 104512K->9984K(107520K)] 182639K->88111K(352256K), 0.0038830 secs] [Times: user=0.02 sys=0.00, real=0.00 secs] 
94.221: Total time for which application threads were stopped: 0.0040680 seconds, Stopping threads took: 0.0000850 seconds
94.261: Application time: 0.0401310 seconds
94.261: [GC [PSYoungGen: 102656K->7936K(107520K)] 180783K->86063K(352256K), 0.0032480 secs] [Times: user=0.02 sys=0.00, real=0.00 secs] 
94.265: Total time for which application threads were stopped: 0.0034420 seconds, Stopping threads took: 0.0001090 seconds
94.298: Application time: 0.0329590 seconds
94.298: [GC [PSYoungGen: 100608K->7904K(107520K)] 178735K->86032K(352256K), 0.0032720 secs] [Times: user=0.02 sys=0.00, real=0.00 secs] 
94.301: Total time for which application threads were stopped: 0.0034830 seconds, Stopping threads took: 0.0001210 seconds
94.333: Application time: 0.0322130 seconds
94.333: [GC [PSYoungGen: 100576K->7728K(107520K)] 178704K->86040K(352256K), 0.0031770 secs] [Times: user=0.02 sys=0.00, real=0.01 secs] 
94.337: Total time for which application threads were stopped: 0.0033670 seconds, Stopping threads took: 0.0001010 seconds
94.362: Application time: 0.0251480 seconds
94.362: [GC [PSYoungGen: 100400K->7728K(107520K)] 178712K->86040K(352256K), 0.0031440 secs] [Times: user=0.02 sys=0.01, real=0.00 secs] 
94.365: Total time for which application threads were stopped: 0.0033270 seconds, Stopping threads took: 0.0000960 seconds
94.388: Application time: 0.0224520 seconds
94.388: [GC [PSYoungGen: 100400K->7712K(107520K)] 178712K->86104K(352256K), 0.0031060 secs] [Times: user=0.02 sys=0.00, real=0.00 secs] 
94.391: Total time for which application threads were stopped: 0.0032740 seconds, Stopping threads took: 0.0000850 seconds
94.422: Application time: 0.0308520 seconds
94.426: [GC [PSYoungGen: 100384K->11408K(107520K)] 178776K->89800K(352256K), 0.0044560 secs] [Times: user=0.03 sys=0.00, real=0.00 secs] 
94.430: Total time for which application threads were stopped: 0.0086800 seconds, Stopping threads took: 0.0041290 seconds
94.462: Application time: 0.0310730 seconds
94.462: [GC [PSYoungGen: 104080K->7984K(107520K)] 182472K->86376K(352256K), 0.0030500 secs] [Times: user=0.02 sys=0.00, real=0.00 secs] 
94.465: Total time for which application threads were stopped: 0.0032350 seconds, Stopping threads took: 0.0000880 seconds
94.503: Application time: 0.0381080 seconds
94.503: [GC [PSYoungGen: 100656K->7728K(107520K)] 179048K->86120K(352256K), 0.0031800 secs] [Times: user=0.01 sys=0.00, real=0.01 secs] 
94.506: Total time for which application threads were stopped: 0.0033860 seconds, Stopping threads took: 0.0000890 seconds
94.542: Application time: 0.0358830 seconds
94.542: [GC [PSYoungGen: 100400K->7632K(107520K)] 178792K->86024K(352256K), 0.0030730 secs] [Times: user=0.02 sys=0.00, real=0.00 secs] 
94.545: Total time for which application threads were stopped: 0.0032560 seconds, Stopping threads took: 0.0000920 seconds
94.576: Application time: 0.0308710 seconds
94.576: [GC [PSYoungGen: 100304K->7696K(107520K)] 178696K->86144K(352256K), 0.0030950 secs] [Times: user=0.02 sys=0.00, real=0.00 secs] 
94.580: Total time for which application threads were stopped: 0.0032750 seconds, Stopping threads took: 0.0000920 seconds
94.610: Application time: 0.0300120 seconds
94.610: [GC [PSYoungGen: 100368K->8032K(107520K)] 178816K->86480K(352256K), 0.0031580 secs] [Times: user=0.02 sys=0.00, real=0.00 secs] 
94.613: Total time for which application threads were stopped: 0.0033140 seconds, Stopping threads took: 0.0000710 seconds
94.635: Application time: 0.0224080 seconds
94.635: [GC [PSYoungGen: 100704K->7760K(107520K)] 179152K->86208K(352256K), 0.0031010 secs] [Times: user=0.02 sys=0.00, real=0.00 secs] 
94.639: Total time for which application threads were stopped: 0.0032760 seconds, Stopping threads took: 0.0000880 seconds
94.665: Application time: 0.0262810 seconds
94.665: [GC [PSYoungGen: 100432K->11824K(107520K)] 178880K->90272K(352256K), 0.0047220 secs] [Times: user=0.03 sys=0.00, real=0.01 secs] 
94.670: Total time for which application threads were stopped: 0.0048740 seconds, Stopping threads took: 0.0000680 seconds
94.701: Application time: 0.0312500 seconds
94.701: [GC [PSYoungGen: 104496K->10896K(107520K)] 182944K->89344K(352256K), 0.0040780 secs] [Times: user=0.03 sys=0.00, real=0.00 secs] 
94.705: Total time for which application threads were stopped: 0.0042520 seconds, Stopping threads took: 0.0000770 seconds
94.739: Application time: 0.0341510 seconds
94.742: [GC [PSYoungGen: 103568K->9936K(107520K)] 182016K->88384K(352256K), 0.0039050 secs] [Times: user=0.03 sys=0.00, real=0.01 secs] 
94.746: Total time for which application threads were stopped: 0.0065170 seconds, Stopping threads took: 0.0025120 seconds
94.788: Application time: 0.0423160 seconds
94.788: [GC [PSYoungGen: 102608K->7776K(107520K)] 181056K->86224K(352256K), 0.0031030 secs] [Times: user=0.02 sys=0.00, real=0.00 secs] 
94.792: Total time for which application threads were stopped: 0.0033000 seconds, Stopping threads took: 0.0001030 seconds
94.823: Application time: 0.0313650 seconds
94.823: [GC [PSYoungGen: 100448K->7760K(107520K)] 178896K->86208K(352256K), 0.0030790 secs] [Times: user=0.02 sys=0.00, real=0.01 secs] 
94.826: Total time for which application threads were stopped: 0.0032920 seconds, Stopping threads took: 0.0001150 seconds
94.858: Application time: 0.0322550 seconds
94.859: [GC [PSYoungGen: 100432K->7808K(107520K)] 178880K->86256K(352256K), 0.0030860 secs] [Times: user=0.02 sys=0.01, real=0.00 secs] 
94.862: Total time for which application threads were stopped: 0.0032890 seconds, Stopping threads took: 0.0001120 seconds
94.885: Application time: 0.0230880 seconds
94.885: [GC [PSYoungGen: 100480K->7824K(107520K)] 178928K->86272K(352256K), 0.0030930 secs] [Times: user=0.03 sys=0.00, real=0.01 secs] 
94.888: Total time for which application threads were stopped: 0.0032740 seconds, Stopping threads took: 0.0000920 seconds
94.911: Application time: 0.0229490 seconds
94.911: [GC [PSYoungGen: 100496K->8624K(107520K)] 178944K->87072K(352256K), 0.0033440 secs] [Times: user=0.02 sys=0.00, real=0.01 secs] 
94.915: Total time for which application threads were stopped: 0.0035360 seconds, Stopping threads took: 0.0001040 seconds
94.948: Application time: 0.0334040 seconds
94.948: [GC [PSYoungGen: 101296K->12416K(107520K)] 179744K->90864K(352256K), 0.0047870 secs] [Times: user=0.03 sys=0.00, real=0.00 secs] 
94.953: Total time for which application threads were stopped: 0.0049800 seconds, Stopping threads took: 0.0000950 seconds
94.983: Application time: 0.0302360 seconds
94.983: [GC [PSYoungGen: 105088K->9984K(107520K)] 183536K->88432K(352256K), 0.0040200 secs] [Times: user=0.03 sys=0.00, real=0.01 secs] 
94.987: Total time for which application threads were stopped: 0.0041940 seconds, Stopping threads took: 0.0000760 seconds
95.028: Application time: 0.0401870 seconds
95.028: [GC [PSYoungGen: 102656K->7808K(107520K)] 181104K->86256K(352256K), 0.0031150 secs] [Times: user=0.02 sys=0.00, real=0.00 secs] 
95.031: Total time for which application threads were stopped: 0.0032890 seconds, Stopping threads took: 0.0000630 seconds
95.065: Application time: 0.0342350 seconds
95.065: [GC [PSYoungGen: 100480K->7936K(107520K)] 178928K->86384K(352256K), 0.0031350 secs] [Times: user=0.02 sys=0.00, real=0.01 secs] 
95.068: Total time for which application threads were stopped: 0.0033250 seconds, Stopping threads took: 0.0000930 seconds
95.099: Application time: 0.0310110 seconds
95.100: [GC [PSYoungGen: 100608K->7680K(107520K)] 179056K->86276K(352256K), 0.0030320 secs] [Times: user=0.02 sys=0.00, real=0.00 secs] 
95.103: Total time for which application threads were stopped: 0.0031950 seconds, Stopping threads took: 0.0000670 seconds
95.130: Application time: 0.0271010 seconds
95.130: [GC [PSYoungGen: 100352K->7872K(107520K)] 178948K->86524K(352256K), 0.0032430 secs] [Times: user=0.02 sys=0.00, real=0.00 secs] 
95.133: Total time for which application threads were stopped: 0.0034450 seconds, Stopping threads took: 0.0001150 seconds
95.156: Application time: 0.0223750 seconds
95.156: [GC [PSYoungGen: 100544K->7456K(107520K)] 179196K->86196K(352256K), 0.0030030 secs] [Times: user=0.02 sys=0.00, real=0.00 secs] 
95.159: Total time for which application threads were stopped: 0.0031570 seconds, Stopping threads took: 0.0000700 seconds
95.188: Application time: 0.0288150 seconds
95.188: [GC [PSYoungGen: 100128K->11664K(107520K)] 178868K->90404K(352256K), 0.0044810 secs] [Times: user=0.03 sys=0.00, real=0.00 secs] 
95.192: Total time for which application threads were stopped: 0.0046280 seconds, Stopping threads took: 0.0000580 seconds
95.225: Application time: 0.0323550 seconds
95.225: [GC [PSYoungGen: 104336K->8496K(107520K)] 183076K->87236K(352256K), 0.0032670 secs] [Times: user=0.03 sys=0.00, real=0.01 secs] 
95.228: Total time for which application threads were stopped: 0.0034450 seconds, Stopping threads took: 0.0000890 seconds
95.264: Application time: 0.0356840 seconds
95.264: [GC [PSYoungGen: 101168K->9264K(107520K)] 179908K->88004K(352256K), 0.0038560 secs] [Times: user=0.03 sys=0.00, real=0.01 secs] 
95.268: Total time for which application threads were stopped: 0.0040580 seconds, Stopping threads took: 0.0001120 seconds
95.306: Application time: 0.0379220 seconds
95.306: [GC [PSYoungGen: 101936K->7648K(107520K)] 180676K->86388K(352256K), 0.0031520 secs] [Times: user=0.02 sys=0.00, real=0.01 secs] 
95.309: Total time for which application threads were stopped: 0.0033330 seconds, Stopping threads took: 0.0000880 seconds
95.340: Application time: 0.0305720 seconds
95.340: [GC [PSYoungGen: 100320K->7664K(107520K)] 179060K->86460K(352256K), 0.0031630 secs] [Times: user=0.02 sys=0.00, real=0.00 secs] 
95.343: Total time for which application threads were stopped: 0.0033340 seconds, Stopping threads took: 0.0000880 seconds
95.374: Application time: 0.0311540 seconds
95.374: [GC [PSYoungGen: 100336K->7920K(107520K)] 179132K->86716K(352256K), 0.0031290 secs] [Times: user=0.03 sys=0.00, real=0.00 secs] 
95.377: Total time for which application threads were stopped: 0.0033330 seconds, Stopping threads took: 0.0001210 seconds
95.399: Application time: 0.0215360 seconds
95.399: [GC [PSYoungGen: 100592K->7920K(107520K)] 179388K->86716K(352256K), 0.0032010 secs] [Times: user=0.02 sys=0.01, real=0.00 secs] 
95.402: Total time for which application threads were stopped: 0.0034000 seconds, Stopping threads took: 0.0001130 seconds
95.428: Application time: 0.0252500 seconds
95.430: [GC [PSYoungGen: 100592K->10000K(107520K)] 179388K->88796K(352256K), 0.0039650 secs] [Times: user=0.02 sys=0.00, real=0.01 secs] 
95.434: Total time for which application threads were stopped: 0.0063380 seconds, Stopping threads took: 0.0022850 seconds
95.467: Application time: 0.0331480 seconds
95.467: [GC [PSYoungGen: 102672K->10016K(107520K)] 181468K->88812K(352256K), 0.0039260 secs] [Times: user=0.03 sys=0.00, real=0.00 secs] 
95.471: Total time for which application threads were stopped: 0.0041310 seconds, Stopping threads took: 0.0001000 seconds
95.504: Application time: 0.0324260 seconds
95.504: [GC [PSYoungGen: 102688K->9984K(107520K)] 181484K->88780K(352256K), 0.0039420 secs] [Times: user=0.02 sys=0.00, real=0.01 secs] 
95.508: Total time for which application threads were stopped: 0.0041330 seconds, Stopping threads took: 0.0001050 seconds
95.547: Application time: 0.0395740 seconds
95.548: [GC [PSYoungGen: 102656K->7936K(107520K)] 181452K->86732K(352256K), 0.0031850 secs] [Times: user=0.02 sys=0.00, real=0.00 secs] 
95.551: Total time for which application threads were stopped: 0.0034220 seconds, Stopping threads took: 0.0001290 seconds
95.583: Application time: 0.0322430 seconds
95.583: [GC [PSYoungGen: 100608K->7760K(107520K)] 179404K->86556K(352256K), 0.0031000 secs] [Times: user=0.02 sys=0.01, real=0.01 secs] 
95.586: Total time for which application threads were stopped: 0.0032820 seconds, Stopping threads took: 0.0000960 seconds
95.619: Application time: 0.0324490 seconds
95.619: [GC [PSYoungGen: 100432K->7984K(107520K)] 179228K->86780K(352256K), 0.0031690 secs] [Times: user=0.02 sys=0.00, real=0.00 secs] 
95.622: Total time for which application threads were stopped: 0.0033610 seconds, Stopping threads took: 0.0000970 seconds
95.647: Application time: 0.0243950 seconds
95.647: [GC [PSYoungGen: 100656K->7888K(107520K)] 179452K->86684K(352256K), 0.0031080 secs] [Times: user=0.02 sys=0.00, real=0.00 secs] 
95.650: Total time for which application threads were stopped: 0.0032860 seconds, Stopping threads took: 0.0000940 seconds
95.673: Application time: 0.0229240 seconds
95.673: [GC [PSYoungGen: 100560K->8064K(107520K)] 179356K->86860K(352256K), 0.0031790 secs] [Times: user=0.03 sys=0.00, real=0.01 secs] 
95.676: Total time for which application threads were stopped: 0.0033490 seconds, Stopping threads took: 0.0000830 seconds
95.707: Application time: 0.0313000 seconds
95.710: [GC [PSYoungGen: 100736K->14176K(107520K)] 179532K->92972K(352256K), 0.0056100 secs] [Times: user=0.04 sys=0.00, real=0.01 secs] 
95.716: Total time for which application threads were stopped: 0.0081930 seconds, Stopping threads took: 0.0024910 seconds
95.747: Application time: 0.0314000 seconds
95.747: [GC [PSYoungGen: 106848K->8224K(107520K)] 185644K->87020K(352256K), 0.0031430 secs] [Times: user=0.01 sys=0.01, real=0.00 secs] 
95.750: Total time for which application threads were stopped: 0.0033400 seconds, Stopping threads took: 0.0001110 seconds
95.789: Application time: 0.0387280 seconds
95.790: [GC [PSYoungGen: 100896K->8000K(107520K)] 179692K->86796K(352256K), 0.0031850 secs] [Times: user=0.02 sys=0.00, real=0.00 secs] 
95.793: Total time for which application threads were stopped: 0.0040790 seconds, Stopping threads took: 0.0008140 seconds
95.829: Application time: 0.0360950 seconds
95.829: [GC [PSYoungGen: 100672K->7904K(107520K)] 179468K->86700K(352256K), 0.0031770 secs] [Times: user=0.02 sys=0.00, real=0.00 secs] 
95.833: Total time for which application threads were stopped: 0.0034090 seconds, Stopping threads took: 0.0001460 seconds
95.863: Application time: 0.0305690 seconds
95.863: [GC [PSYoungGen: 100576K->7808K(107520K)] 179372K->86716K(352256K), 0.0031730 secs] [Times: user=0.02 sys=0.00, real=0.01 secs] 
95.867: Total time for which application threads were stopped: 0.0033540 seconds, Stopping threads took: 0.0000940 seconds
95.896: Application time: 0.0298590 seconds
95.897: [GC [PSYoungGen: 100480K->7472K(107520K)] 179388K->86460K(352256K), 0.0030990 secs] [Times: user=0.02 sys=0.00, real=0.00 secs] 
95.900: Total time for which application threads were stopped: 0.0032640 seconds, Stopping threads took: 0.0000790 seconds
95.920: Application time: 0.0201180 seconds
95.920: [GC [PSYoungGen: 100144K->7888K(107520K)] 179132K->86956K(352256K), 0.0032410 secs] [Times: user=0.02 sys=0.00, real=0.00 secs] 
95.923: Total time for which application threads were stopped: 0.0033840 seconds, Stopping threads took: 0.0000570 seconds
95.952: Application time: 0.0285860 seconds
95.952: [GC [PSYoungGen: 100560K->11088K(107520K)] 179628K->90156K(352256K), 0.0045000 secs] [Times: user=0.02 sys=0.00, real=0.01 secs] 
95.957: Total time for which application threads were stopped: 0.0046870 seconds, Stopping threads took: 0.0000910 seconds
95.989: Application time: 0.0320740 seconds
95.989: [GC [PSYoungGen: 103760K->10064K(107520K)] 182828K->89132K(352256K), 0.0039160 secs] [Times: user=0.03 sys=0.00, real=0.00 secs] 
95.993: Total time for which application threads were stopped: 0.0040880 seconds, Stopping threads took: 0.0000740 seconds
96.029: Application time: 0.0358200 seconds
96.029: [GC [PSYoungGen: 102736K->9664K(107520K)] 181804K->88732K(352256K), 0.0038080 secs] [Times: user=0.02 sys=0.00, real=0.00 secs] 
96.033: Total time for which application threads were stopped: 0.0039850 seconds, Stopping threads took: 0.0000810 seconds
96.072: Application time: 0.0395830 seconds
96.072: [GC [PSYoungGen: 102336K->7440K(107520K)] 181404K->86508K(352256K), 0.0031480 secs] [Times: user=0.02 sys=0.01, real=0.01 secs] 
96.075: Total time for which application threads were stopped: 0.0033610 seconds, Stopping threads took: 0.0001000 seconds
96.107: Application time: 0.0312310 seconds
96.107: [GC [PSYoungGen: 100112K->7648K(107520K)] 179180K->86764K(352256K), 0.0032020 secs] [Times: user=0.02 sys=0.00, real=0.00 secs] 
96.110: Total time for which application threads were stopped: 0.0033860 seconds, Stopping threads took: 0.0000950 seconds
96.141: Application time: 0.0313840 seconds
96.142: [GC [PSYoungGen: 100320K->7840K(107520K)] 179436K->86956K(352256K), 0.0031870 secs] [Times: user=0.02 sys=0.00, real=0.00 secs] 
96.145: Total time for which application threads were stopped: 0.0033810 seconds, Stopping threads took: 0.0001090 seconds
96.167: Application time: 0.0225910 seconds
96.168: [GC [PSYoungGen: 100512K->7600K(107520K)] 179628K->86716K(352256K), 0.0030980 secs] [Times: user=0.03 sys=0.00, real=0.00 secs] 
96.171: Total time for which application threads were stopped: 0.0032830 seconds, Stopping threads took: 0.0000990 seconds
96.194: Application time: 0.0233560 seconds
96.194: [GC [PSYoungGen: 100272K->9728K(107520K)] 179388K->88844K(352256K), 0.0036310 secs] [Times: user=0.03 sys=0.00, real=0.00 secs] 
96.198: Total time for which application threads were stopped: 0.0037760 seconds, Stopping threads took: 0.0000590 seconds
96.230: Application time: 0.0318400 seconds
96.230: [GC [PSYoungGen: 102400K->12000K(107520K)] 181516K->91116K(352256K), 0.0045590 secs] [Times: user=0.03 sys=0.00, real=0.01 secs] 
96.234: Total time for which application threads were stopped: 0.0047750 seconds, Stopping threads took: 0.0001170 seconds
96.268: Application time: 0.0330790 seconds
96.268: [GC [PSYoungGen: 104672K->9904K(107520K)] 183788K->89020K(352256K), 0.0039570 secs] [Times: user=0.03 sys=0.00, real=0.00 secs] 
96.272: Total time for which application threads were stopped: 0.0041360 seconds, Stopping threads took: 0.0000960 seconds
96.312: Application time: 0.0400170 seconds
96.312: [GC [PSYoungGen: 102576K->7680K(107520K)] 181692K->86796K(352256K), 0.0031660 secs] [Times: user=0.02 sys=0.00, real=0.01 secs] 
96.315: Total time for which application threads were stopped: 0.0033280 seconds, Stopping threads took: 0.0000770 seconds
96.350: Application time: 0.0350060 seconds
96.350: [GC [PSYoungGen: 100352K->7920K(107520K)] 179468K->87036K(352256K), 0.0031730 secs] [Times: user=0.02 sys=0.00, real=0.00 secs] 
96.353: Total time for which application threads were stopped: 0.0034060 seconds, Stopping threads took: 0.0001410 seconds
96.384: Application time: 0.0308150 seconds
96.384: [GC [PSYoungGen: 100592K->7696K(107520K)] 179708K->86812K(352256K), 0.0031970 secs] [Times: user=0.01 sys=0.00, real=0.01 secs] 
96.388: Total time for which application threads were stopped: 0.0033630 seconds, Stopping threads took: 0.0000790 seconds
96.414: Application time: 0.0265660 seconds
96.414: [GC [PSYoungGen: 100368K->7888K(107520K)] 179484K->87004K(352256K), 0.0031330 secs] [Times: user=0.02 sys=0.00, real=0.00 secs] 
96.418: Total time for which application threads were stopped: 0.0033110 seconds, Stopping threads took: 0.0000850 seconds
96.440: Application time: 0.0220420 seconds
96.440: [GC [PSYoungGen: 100554K->7680K(107520K)] 179671K->86796K(352256K), 0.0031660 secs] [Times: user=0.02 sys=0.00, real=0.00 secs] 
96.443: Total time for which application threads were stopped: 0.0033440 seconds, Stopping threads took: 0.0000900 seconds
96.471: Application time: 0.0277640 seconds
96.471: [GC [PSYoungGen: 100352K->12368K(107520K)] 179468K->91484K(352256K), 0.0047610 secs] [Times: user=0.03 sys=0.00, real=0.01 secs] 
96.476: Total time for which application threads were stopped: 0.0049460 seconds, Stopping threads took: 0.0000910 seconds
96.509: Application time: 0.0332990 seconds
96.509: [GC [PSYoungGen: 105040K->8832K(107520K)] 184156K->87948K(352256K), 0.0034310 secs] [Times: user=0.02 sys=0.00, real=0.00 secs] 
96.513: Total time for which application threads were stopped: 0.0036100 seconds, Stopping threads took: 0.0000840 seconds
96.549: Application time: 0.0368490 seconds
96.550: [GC [PSYoungGen: 101504K->7872K(107520K)] 180620K->86988K(352256K), 0.0031000 secs] [Times: user=0.02 sys=0.00, real=0.00 secs] 
96.553: Total time for which application threads were stopped: 0.0032720 seconds, Stopping threads took: 0.0000900 seconds
96.590: Application time: 0.0370030 seconds
96.590: [GC [PSYoungGen: 100544K->8064K(107520K)] 179660K->87180K(352256K), 0.0032210 secs] [Times: user=0.02 sys=0.00, real=0.00 secs] 
96.593: Total time for which application threads were stopped: 0.0034310 seconds, Stopping threads took: 0.0001050 seconds
96.624: Application time: 0.0306190 seconds
96.624: [GC [PSYoungGen: 100736K->7776K(107520K)] 179852K->87004K(352256K), 0.0032240 secs] [Times: user=0.02 sys=0.00, real=0.01 secs] 
96.627: Total time for which application threads were stopped: 0.0034010 seconds, Stopping threads took: 0.0000880 seconds
96.657: Application time: 0.0299760 seconds
96.657: [GC [PSYoungGen: 100448K->7760K(107520K)] 179676K->87084K(352256K), 0.0032480 secs] [Times: user=0.02 sys=0.00, real=0.00 secs] 
96.661: Total time for which application threads were stopped: 0.0034220 seconds, Stopping threads took: 0.0000890 seconds
96.683: Application time: 0.0222100 seconds
96.683: [GC [PSYoungGen: 100432K->7888K(107520K)] 179756K->87292K(352256K), 0.0031430 secs] [Times: user=0.03 sys=0.00, real=0.01 secs] 
96.686: Total time for which application threads were stopped: 0.0032990 seconds, Stopping threads took: 0.0000700 seconds
96.711: Application time: 0.0252040 seconds
96.711: [GC [PSYoungGen: 100560K->9536K(107520K)] 179964K->88940K(352256K), 0.0037650 secs] [Times: user=0.02 sys=0.00, real=0.01 secs] 
96.715: Total time for which application threads were stopped: 0.0039380 seconds, Stopping threads took: 0.0000770 seconds
96.747: Application time: 0.0317700 seconds
96.747: [GC [PSYoungGen: 102208K->12320K(107520K)] 181612K->91724K(352256K), 0.0046720 secs] [Times: user=0.03 sys=0.00, real=0.00 secs] 
96.752: Total time for which application threads were stopped: 0.0048440 seconds, Stopping threads took: 0.0000740 seconds
96.786: Application time: 0.0343270 seconds
96.786: [GC [PSYoungGen: 104992K->9424K(107520K)] 184396K->88828K(352256K), 0.0038430 secs] [Times: user=0.03 sys=0.00, real=0.00 secs] 
96.790: Total time for which application threads were stopped: 0.0040360 seconds, Stopping threads took: 0.0000920 seconds
96.829: Application time: 0.0390260 seconds
96.829: [GC [PSYoungGen: 102096K->7664K(107520K)] 181500K->87068K(352256K), 0.0030970 secs] [Times: user=0.02 sys=0.00, real=0.00 secs] 
96.833: Total time for which application threads were stopped: 0.0033070 seconds, Stopping threads took: 0.0001210 seconds
96.864: Application time: 0.0316920 seconds
96.864: [GC [PSYoungGen: 100336K->7744K(107520K)] 179740K->87148K(352256K), 0.0031380 secs] [Times: user=0.02 sys=0.00, real=0.01 secs] 
96.868: Total time for which application threads were stopped: 0.0033340 seconds, Stopping threads took: 0.0001030 seconds
96.900: Application time: 0.0323210 seconds
96.900: [GC [PSYoungGen: 100416K->7792K(107520K)] 179820K->87244K(352256K), 0.0030820 secs] [Times: user=0.02 sys=0.00, real=0.00 secs] 
96.903: Total time for which application threads were stopped: 0.0032710 seconds, Stopping threads took: 0.0000940 seconds
96.927: Application time: 0.0236580 seconds
96.927: [GC [PSYoungGen: 100464K->7904K(107520K)] 179916K->87356K(352256K), 0.0031540 secs] [Times: user=0.02 sys=0.00, real=0.00 secs] 
96.930: Total time for which application threads were stopped: 0.0033360 seconds, Stopping threads took: 0.0000900 seconds
96.953: Application time: 0.0233430 seconds
96.954: [GC [PSYoungGen: 100576K->7808K(107520K)] 180028K->87260K(352256K), 0.0030880 secs] [Times: user=0.02 sys=0.00, real=0.01 secs] 
96.957: Total time for which application threads were stopped: 0.0032630 seconds, Stopping threads took: 0.0000920 seconds
96.987: Application time: 0.0304400 seconds
96.987: [GC [PSYoungGen: 100480K->12032K(107520K)] 179932K->91484K(352256K), 0.0045930 secs] [Times: user=0.03 sys=0.00, real=0.00 secs] 
96.992: Total time for which application threads were stopped: 0.0047760 seconds, Stopping threads took: 0.0000820 seconds
97.024: Application time: 0.0321560 seconds
97.024: [GC [PSYoungGen: 104704K->10176K(107520K)] 184156K->89629K(352256K), 0.0039380 secs] [Times: user=0.03 sys=0.00, real=0.01 secs] 
97.028: Total time for which application threads were stopped: 0.0041140 seconds, Stopping threads took: 0.0000790 seconds
97.066: Application time: 0.0381390 seconds
97.067: [GC [PSYoungGen: 102848K->8048K(107520K)] 182301K->87500K(352256K), 0.0031560 secs] [Times: user=0.02 sys=0.00, real=0.00 secs] 
97.070: Total time for which application threads were stopped: 0.0033410 seconds, Stopping threads took: 0.0000890 seconds
97.106: Application time: 0.0363560 seconds
97.106: [GC [PSYoungGen: 100720K->7776K(107520K)] 180172K->87228K(352256K), 0.0030640 secs] [Times: user=0.03 sys=0.00, real=0.00 secs] 
97.109: Total time for which application threads were stopped: 0.0032750 seconds, Stopping threads took: 0.0000980 seconds
97.140: Application time: 0.0307240 seconds
97.140: [GC [PSYoungGen: 100448K->7824K(107520K)] 179900K->87276K(352256K), 0.0032160 secs] [Times: user=0.02 sys=0.00, real=0.00 secs] 
97.144: Total time for which application threads were stopped: 0.0034060 seconds, Stopping threads took: 0.0000950 seconds
97.171: Application time: 0.0279060 seconds
97.172: [GC [PSYoungGen: 100496K->7952K(107520K)] 179948K->87405K(352256K), 0.0031760 secs] [Times: user=0.02 sys=0.00, real=0.01 secs] 
97.175: Total time for which application threads were stopped: 0.0033750 seconds, Stopping threads took: 0.0001130 seconds
97.197: Application time: 0.0223560 seconds
97.197: [GC [PSYoungGen: 100624K->7808K(107520K)] 180077K->87261K(352256K), 0.0030930 secs] [Times: user=0.02 sys=0.00, real=0.00 secs] 
97.200: Total time for which application threads were stopped: 0.0032600 seconds, Stopping threads took: 0.0000820 seconds
97.226: Application time: 0.0258680 seconds
97.226: [GC [PSYoungGen: 100480K->11712K(107520K)] 179933K->91164K(352256K), 0.0045600 secs] [Times: user=0.03 sys=0.00, real=0.00 secs] 
97.231: Total time for which application threads were stopped: 0.0047340 seconds, Stopping threads took: 0.0000850 seconds
97.264: Application time: 0.0329010 seconds
97.264: [GC [PSYoungGen: 104384K->10480K(107520K)] 183836K->89932K(352256K), 0.0040610 secs] [Times: user=0.03 sys=0.00, real=0.01 secs] 
97.268: Total time for which application threads were stopped: 0.0042310 seconds, Stopping threads took: 0.0000740 seconds
97.304: Application time: 0.0357120 seconds
97.306: [GC [PSYoungGen: 103152K->8288K(107520K)] 182604K->87740K(352256K), 0.0033170 secs] [Times: user=0.02 sys=0.00, real=0.00 secs] 
97.309: Total time for which application threads were stopped: 0.0054510 seconds, Stopping threads took: 0.0020470 seconds
97.348: Application time: 0.0388910 seconds
97.348: [GC [PSYoungGen: 100960K->7888K(107520K)] 180412K->87340K(352256K), 0.0031560 secs] [Times: user=0.02 sys=0.00, real=0.00 secs] 
97.352: Total time for which application threads were stopped: 0.0033560 seconds, Stopping threads took: 0.0001030 seconds
97.382: Application time: 0.0307120 seconds
97.382: [GC [PSYoungGen: 100560K->7776K(107520K)] 180012K->87325K(352256K), 0.0031830 secs] [Times: user=0.03 sys=0.00, real=0.00 secs] 
97.386: Total time for which application threads were stopped: 0.0033530 seconds, Stopping threads took: 0.0000850 seconds
97.417: Application time: 0.0309740 seconds
97.417: [GC [PSYoungGen: 100448K->7712K(107520K)] 179997K->87381K(352256K), 0.0030800 secs] [Times: user=0.03 sys=0.00, real=0.00 secs] 
97.420: Total time for which application threads were stopped: 0.0032740 seconds, Stopping threads took: 0.0001080 seconds
97.442: Application time: 0.0225260 seconds
97.443: [GC [PSYoungGen: 100384K->7792K(107520K)] 180053K->87517K(352256K), 0.0031490 secs] [Times: user=0.01 sys=0.00, real=0.00 secs] 
97.446: Total time for which application threads were stopped: 0.0033040 seconds, Stopping threads took: 0.0000680 seconds
97.470: Application time: 0.0237890 seconds
97.470: [GC [PSYoungGen: 100464K->8624K(107520K)] 180189K->88397K(352256K), 0.0033030 secs] [Times: user=0.03 sys=0.00, real=0.00 secs] 
97.473: Total time for which application threads were stopped: 0.0034630 seconds, Stopping threads took: 0.0000650 seconds
97.504: Application time: 0.0314770 seconds
97.505: [GC [PSYoungGen: 101296K->10384K(107520K)] 181069K->90157K(352256K), 0.0040310 secs] [Times: user=0.03 sys=0.00, real=0.01 secs] 
97.509: Total time for which application threads were stopped: 0.0042190 seconds, Stopping threads took: 0.0001000 seconds
97.543: Application time: 0.0338840 seconds
97.543: [GC [PSYoungGen: 103056K->9552K(107520K)] 182829K->89333K(352256K), 0.0038060 secs] [Times: user=0.02 sys=0.00, real=0.01 secs] 
97.547: Total time for which application threads were stopped: 0.0039910 seconds, Stopping threads took: 0.0000960 seconds
97.585: Application time: 0.0385920 seconds
97.585: [GC [PSYoungGen: 102224K->7648K(107520K)] 182005K->87429K(352256K), 0.0030800 secs] [Times: user=0.02 sys=0.00, real=0.01 secs] 
97.588: Total time for which application threads were stopped: 0.0032680 seconds, Stopping threads took: 0.0001050 seconds
97.622: Application time: 0.0339600 seconds
97.623: [GC [PSYoungGen: 100320K->7616K(107520K)] 180101K->87397K(352256K), 0.0032250 secs] [Times: user=0.02 sys=0.00, real=0.00 secs] 
97.626: Total time for which application threads were stopped: 0.0034340 seconds, Stopping threads took: 0.0001070 seconds
97.658: Application time: 0.0316900 seconds
97.658: [GC [PSYoungGen: 100288K->7808K(107520K)] 180069K->87645K(352256K), 0.0031630 secs] [Times: user=0.02 sys=0.00, real=0.00 secs] 
97.661: Total time for which application threads were stopped: 0.0033560 seconds, Stopping threads took: 0.0001070 seconds
97.687: Application time: 0.0264000 seconds
97.687: [GC [PSYoungGen: 100480K->7824K(107520K)] 180317K->87661K(352256K), 0.0030910 secs] [Times: user=0.03 sys=0.00, real=0.00 secs] 
97.691: Total time for which application threads were stopped: 0.0032600 seconds, Stopping threads took: 0.0000810 seconds
97.712: Application time: 0.0219320 seconds
97.713: [GC [PSYoungGen: 100496K->8096K(107520K)] 180333K->87933K(352256K), 0.0031990 secs] [Times: user=0.02 sys=0.00, real=0.01 secs] 
97.716: Total time for which application threads were stopped: 0.0033450 seconds, Stopping threads took: 0.0000600 seconds
97.743: Application time: 0.0267510 seconds
97.743: [GC [PSYoungGen: 100768K->12848K(107520K)] 180605K->92685K(352256K), 0.0048120 secs] [Times: user=0.04 sys=0.00, real=0.01 secs] 
97.748: Total time for which application threads were stopped: 0.0049890 seconds, Stopping threads took: 0.0000770 seconds
97.782: Application time: 0.0348510 seconds
97.783: [GC [PSYoungGen: 105520K->10048K(107520K)] 185357K->89885K(352256K), 0.0038530 secs] [Times: user=0.03 sys=0.00, real=0.01 secs] 
97.786: Total time for which application threads were stopped: 0.0040350 seconds, Stopping threads took: 0.0000850 seconds
97.825: Application time: 0.0380850 seconds
97.825: [GC [PSYoungGen: 102720K->7872K(107520K)] 182557K->87709K(352256K), 0.0031080 secs] [Times: user=0.02 sys=0.00, real=0.01 secs] 
97.828: Total time for which application threads were stopped: 0.0032900 seconds, Stopping threads took: 0.0000860 seconds
97.866: Application time: 0.0377100 seconds
97.866: [GC [PSYoungGen: 100544K->7872K(107520K)] 180381K->87709K(352256K), 0.0031480 secs] [Times: user=0.02 sys=0.00, real=0.01 secs] 
97.869: Total time for which application threads were stopped: 0.0033590 seconds, Stopping threads took: 0.0001120 seconds
97.898: Application time: 0.0289980 seconds
97.898: [GC [PSYoungGen: 100544K->7856K(107520K)] 180381K->87693K(352256K), 0.0031790 secs] [Times: user=0.02 sys=0.00, real=0.00 secs] 
97.901: Total time for which application threads were stopped: 0.0033600 seconds, Stopping threads took: 0.0000870 seconds
97.933: Application time: 0.0312670 seconds
97.933: [GC [PSYoungGen: 100528K->7808K(107520K)] 180365K->87645K(352256K), 0.0031460 secs] [Times: user=0.02 sys=0.00, real=0.01 secs] 
97.936: Total time for which application threads were stopped: 0.0032910 seconds, Stopping threads took: 0.0000630 seconds
97.958: Application time: 0.0223180 seconds
97.958: [GC [PSYoungGen: 100480K->7840K(107520K)] 180317K->87677K(352256K), 0.0031020 secs] [Times: user=0.02 sys=0.00, real=0.00 secs] 
97.961: Total time for which application threads were stopped: 0.0032690 seconds, Stopping threads took: 0.0000820 seconds
97.987: Application time: 0.0250650 seconds
97.987: [GC [PSYoungGen: 100512K->9648K(107520K)] 180349K->89485K(352256K), 0.0037900 secs] [Times: user=0.03 sys=0.00, real=0.00 secs] 
97.990: Total time for which application threads were stopped: 0.0039650 seconds, Stopping threads took: 0.0000910 seconds
98.024: Application time: 0.0337960 seconds
98.024: [GC [PSYoungGen: 102320K->9248K(107520K)] 182157K->89085K(352256K), 0.0034420 secs] [Times: user=0.02 sys=0.00, real=0.01 secs] 
98.028: Total time for which application threads were stopped: 0.0036020 seconds, Stopping threads took: 0.0000630 seconds
98.061: Application time: 0.0328330 seconds
98.061: [GC [PSYoungGen: 101920K->9696K(107520K)] 181757K->89533K(352256K), 0.0038600 secs] [Times: user=0.02 sys=0.00, real=0.00 secs] 
98.065: Total time for which application threads were stopped: 0.0040640 seconds, Stopping threads took: 0.0001050 seconds
98.105: Application time: 0.0397430 seconds
98.105: [GC [PSYoungGen: 102368K->7888K(107520K)] 182205K->87725K(352256K), 0.0031640 secs] [Times: user=0.02 sys=0.00, real=0.01 secs] 
98.108: Total time for which application threads were stopped: 0.0033470 seconds, Stopping threads took: 0.0000850 seconds
98.140: Application time: 0.0319720 seconds
98.140: [GC [PSYoungGen: 100560K->7808K(107520K)] 180397K->87725K(352256K), 0.0031920 secs] [Times: user=0.03 sys=0.00, real=0.00 secs] 
98.143: Total time for which application threads were stopped: 0.0033870 seconds, Stopping threads took: 0.0000860 seconds
98.175: Application time: 0.0315610 seconds
98.178: [GC [PSYoungGen: 100480K->7904K(107520K)] 180397K->87941K(352256K), 0.0032710 secs] [Times: user=0.02 sys=0.00, real=0.00 secs] 
98.181: Total time for which application threads were stopped: 0.0064740 seconds, Stopping threads took: 0.0031170 seconds
98.206: Application time: 0.0243650 seconds
98.206: [GC [PSYoungGen: 100576K->7776K(107520K)] 180613K->87901K(352256K), 0.0031640 secs] [Times: user=0.02 sys=0.01, real=0.01 secs] 
98.209: Total time for which application threads were stopped: 0.0033610 seconds, Stopping threads took: 0.0001110 seconds
98.231: Application time: 0.0218270 seconds
98.231: [GC [PSYoungGen: 100448K->7760K(107520K)] 180573K->87885K(352256K), 0.0031290 secs] [Times: user=0.02 sys=0.00, real=0.01 secs] 
98.234: Total time for which application threads were stopped: 0.0033110 seconds, Stopping threads took: 0.0000930 seconds
98.265: Application time: 0.0312210 seconds
98.266: [GC [PSYoungGen: 100432K->13648K(107520K)] 180557K->93773K(352256K), 0.0052400 secs] [Times: user=0.04 sys=0.00, real=0.01 secs] 
98.271: Total time for which application threads were stopped: 0.0054330 seconds, Stopping threads took: 0.0000860 seconds
98.304: Application time: 0.0328340 seconds
98.304: [GC [PSYoungGen: 106320K->9984K(107520K)] 186445K->90109K(352256K), 0.0037900 secs] [Times: user=0.02 sys=0.00, real=0.01 secs] 
98.308: Total time for which application threads were stopped: 0.0039740 seconds, Stopping threads took: 0.0000820 seconds
98.346: Application time: 0.0386340 seconds
98.346: [GC [PSYoungGen: 102656K->7632K(107520K)] 182781K->87757K(352256K), 0.0031230 secs] [Times: user=0.02 sys=0.00, real=0.00 secs] 
98.350: Total time for which application threads were stopped: 0.0033290 seconds, Stopping threads took: 0.0001090 seconds
98.386: Application time: 0.0360350 seconds
98.386: [GC [PSYoungGen: 100304K->7696K(107520K)] 180429K->87821K(352256K), 0.0030490 secs] [Times: user=0.02 sys=0.00, real=0.01 secs] 
98.389: Total time for which application threads were stopped: 0.0032260 seconds, Stopping threads took: 0.0000800 seconds
98.419: Application time: 0.0300210 seconds
98.419: [GC [PSYoungGen: 100368K->7824K(107520K)] 180493K->87989K(352256K), 0.0033230 secs] [Times: user=0.01 sys=0.00, real=0.00 secs] 
98.422: Total time for which application threads were stopped: 0.0035160 seconds, Stopping threads took: 0.0001040 seconds
98.450: Application time: 0.0280010 seconds
98.451: [GC [PSYoungGen: 100496K->7776K(107520K)] 180661K->87941K(352256K), 0.0032010 secs] [Times: user=0.02 sys=0.00, real=0.00 secs] 
98.454: Total time for which application threads were stopped: 0.0033910 seconds, Stopping threads took: 0.0001030 seconds
98.475: Application time: 0.0215860 seconds
98.476: [GC [PSYoungGen: 100448K->7904K(107520K)] 180613K->88069K(352256K), 0.0031490 secs] [Times: user=0.02 sys=0.00, real=0.00 secs] 
98.479: Total time for which application threads were stopped: 0.0033300 seconds, Stopping threads took: 0.0000960 seconds
98.505: Application time: 0.0261710 seconds
98.506: [GC [PSYoungGen: 100576K->11504K(107520K)] 180741K->91669K(352256K), 0.0043200 secs] [Times: user=0.03 sys=0.01, real=0.00 secs] 
98.510: Total time for which application threads were stopped: 0.0054570 seconds, Stopping threads took: 0.0010430 seconds
98.545: Application time: 0.0346590 seconds
98.545: [GC [PSYoungGen: 104176K->9728K(107520K)] 184341K->89893K(352256K), 0.0035720 secs] [Times: user=0.02 sys=0.00, real=0.01 secs] 
98.549: Total time for which application threads were stopped: 0.0037710 seconds, Stopping threads took: 0.0001100 seconds
98.584: Application time: 0.0356780 seconds
98.585: [GC [PSYoungGen: 102400K->8112K(107520K)] 182565K->88277K(352256K), 0.0032980 secs] [Times: user=0.02 sys=0.00, real=0.01 secs] 
98.588: Total time for which application threads were stopped: 0.0034940 seconds, Stopping threads took: 0.0001070 seconds
98.627: Application time: 0.0388240 seconds
98.627: [GC [PSYoungGen: 100784K->7968K(107520K)] 180949K->88133K(352256K), 0.0032010 secs] [Times: user=0.02 sys=0.00, real=0.00 secs] 
98.630: Total time for which application threads were stopped: 0.0033770 seconds, Stopping threads took: 0.0000910 seconds
98.660: Application time: 0.0298970 seconds
98.660: [GC [PSYoungGen: 100640K->7824K(107520K)] 180805K->87989K(352256K), 0.0031640 secs] [Times: user=0.02 sys=0.00, real=0.00 secs] 
98.663: Total time for which application threads were stopped: 0.0033710 seconds, Stopping threads took: 0.0000940 seconds
98.695: Application time: 0.0317480 seconds
98.695: [GC [PSYoungGen: 100496K->7872K(107520K)] 180661K->88037K(352256K), 0.0031690 secs] [Times: user=0.02 sys=0.00, real=0.00 secs] 
98.699: Total time for which application threads were stopped: 0.0033670 seconds, Stopping threads took: 0.0001110 seconds
98.721: Application time: 0.0220120 seconds
98.722: [GC [PSYoungGen: 100544K->8064K(107520K)] 180709K->88229K(352256K), 0.0032440 secs] [Times: user=0.02 sys=0.00, real=0.00 secs] 
98.725: Total time for which application threads were stopped: 0.0046730 seconds, Stopping threads took: 0.0013430 seconds
98.749: Application time: 0.0236360 seconds
98.749: [GC [PSYoungGen: 100736K->9008K(107520K)] 180901K->89173K(352256K), 0.0034990 secs] [Times: user=0.02 sys=0.00, real=0.00 secs] 
98.753: Total time for which application threads were stopped: 0.0037050 seconds, Stopping threads took: 0.0001160 seconds
98.785: Application time: 0.0327790 seconds
98.786: [GC [PSYoungGen: 101680K->12320K(107520K)] 181845K->92485K(352256K), 0.0046290 secs] [Times: user=0.04 sys=0.00, real=0.01 secs] 
98.790: Total time for which application threads were stopped: 0.0048160 seconds, Stopping threads took: 0.0000880 seconds
98.824: Application time: 0.0334320 seconds
98.824: [GC [PSYoungGen: 104992K->9824K(107520K)] 185157K->89989K(352256K), 0.0038660 secs] [Times: user=0.03 sys=0.00, real=0.01 secs] 
98.828: Total time for which application threads were stopped: 0.0040610 seconds, Stopping threads took: 0.0001060 seconds
98.867: Application time: 0.0394330 seconds
98.867: [GC [PSYoungGen: 102496K->7824K(107520K)] 182661K->87989K(352256K), 0.0032210 secs] [Times: user=0.02 sys=0.00, real=0.00 secs] 
98.871: Total time for which application threads were stopped: 0.0033930 seconds, Stopping threads took: 0.0000840 seconds
98.904: Application time: 0.0333490 seconds
98.904: [GC [PSYoungGen: 100496K->7952K(107520K)] 180661K->88165K(352256K), 0.0031970 secs] [Times: user=0.02 sys=0.00, real=0.01 secs] 
98.907: Total time for which application threads were stopped: 0.0033920 seconds, Stopping threads took: 0.0001090 seconds
98.939: Application time: 0.0315120 seconds
98.939: [GC [PSYoungGen: 100624K->7776K(107520K)] 180837K->88145K(352256K), 0.0032260 secs] [Times: user=0.02 sys=0.00, real=0.00 secs] 
98.942: Total time for which application threads were stopped: 0.0033960 seconds, Stopping threads took: 0.0000840 seconds
98.968: Application time: 0.0255310 seconds
98.968: [GC [PSYoungGen: 100448K->7856K(107520K)] 180817K->88273K(352256K), 0.0031230 secs] [Times: user=0.02 sys=0.00, real=0.00 secs] 
98.971: Total time for which application threads were stopped: 0.0033190 seconds, Stopping threads took: 0.0001100 seconds
98.992: Application time: 0.0211670 seconds
98.992: [GC [PSYoungGen: 100528K->8096K(107520K)] 180945K->88561K(352256K), 0.0032000 secs] [Times: user=0.02 sys=0.00, real=0.01 secs] 
98.996: Total time for which application threads were stopped: 0.0033910 seconds, Stopping threads took: 0.0001040 seconds
99.026: Application time: 0.0304410 seconds
99.026: [GC [PSYoungGen: 100768K->14080K(107520K)] 181233K->94545K(352256K), 0.0053910 secs] [Times: user=0.04 sys=0.00, real=0.00 secs] 
99.032: Total time for which application threads were stopped: 0.0055790 seconds, Stopping threads took: 0.0000970 seconds
99.065: Application time: 0.0331010 seconds
99.065: [GC [PSYoungGen: 106752K->9568K(107520K)] 187217K->90033K(352256K), 0.0038900 secs] [Times: user=0.03 sys=0.00, real=0.01 secs] 
99.069: Total time for which application threads were stopped: 0.0040840 seconds, Stopping threads took: 0.0001090 seconds
99.106: Application time: 0.0374740 seconds
99.106: [GC [PSYoungGen: 102240K->7584K(107520K)] 182705K->88057K(352256K), 0.0031250 secs] [Times: user=0.01 sys=0.00, real=0.00 secs] 
99.110: Total time for which application threads were stopped: 0.0033000 seconds, Stopping threads took: 0.0000900 seconds
99.147: Application time: 0.0374050 seconds
99.147: [GC [PSYoungGen: 100256K->7648K(107520K)] 180729K->88121K(352256K), 0.0031270 secs] [Times: user=0.02 sys=0.00, real=0.00 secs] 
99.150: Total time for which application threads were stopped: 0.0033460 seconds, Stopping threads took: 0.0001290 seconds
99.180: Application time: 0.0293000 seconds
99.181: [GC [PSYoungGen: 100320K->7888K(107520K)] 180793K->88417K(352256K), 0.0032660 secs] [Times: user=0.02 sys=0.00, real=0.00 secs] 
99.185: Total time for which application threads were stopped: 0.0051060 seconds, Stopping threads took: 0.0017360 seconds
99.215: Application time: 0.0303460 seconds
99.215: [GC [PSYoungGen: 100560K->7856K(107520K)] 181089K->88385K(352256K), 0.0031610 secs] [Times: user=0.03 sys=0.00, real=0.00 secs] 
99.218: Total time for which application threads were stopped: 0.0033520 seconds, Stopping threads took: 0.0001020 seconds
99.239: Application time: 0.0209900 seconds
99.240: [GC [PSYoungGen: 100528K->7968K(107520K)] 181057K->88497K(352256K), 0.0031620 secs] [Times: user=0.03 sys=0.00, real=0.00 secs] 
99.243: Total time for which application threads were stopped: 0.0033950 seconds, Stopping threads took: 0.0001480 seconds
99.267: Application time: 0.0246230 seconds
99.268: [GC [PSYoungGen: 100640K->10048K(107520K)] 181169K->90577K(352256K), 0.0039880 secs] [Times: user=0.03 sys=0.00, real=0.00 secs] 
99.272: Total time for which application threads were stopped: 0.0041530 seconds, Stopping threads took: 0.0000790 seconds
99.307: Application time: 0.0352550 seconds
99.307: [GC [PSYoungGen: 102720K->8896K(107520K)] 183249K->89425K(352256K), 0.0117200 secs] [Times: user=0.08 sys=0.00, real=0.01 secs] 
99.319: Total time for which application threads were stopped: 0.0119030 seconds, Stopping threads took: 0.0000990 seconds
99.352: Application time: 0.0334180 seconds
99.354: [GC [PSYoungGen: 101568K->9776K(107520K)] 182097K->90305K(352256K), 0.0039690 secs] [Times: user=0.03 sys=0.00, real=0.00 secs] 
99.358: Total time for which application threads were stopped: 0.0058070 seconds, Stopping threads took: 0.0017500 seconds
99.398: Application time: 0.0399620 seconds
99.398: [GC [PSYoungGen: 102448K->7792K(107520K)] 182977K->88321K(352256K), 0.0032020 secs] [Times: user=0.01 sys=0.00, real=0.00 secs] 
99.401: Total time for which application threads were stopped: 0.0033810 seconds, Stopping threads took: 0.0000930 seconds
99.432: Application time: 0.0309290 seconds
99.432: [GC [PSYoungGen: 100464K->7728K(107520K)] 180993K->88257K(352256K), 0.0031920 secs] [Times: user=0.02 sys=0.00, real=0.01 secs] 
99.436: Total time for which application threads were stopped: 0.0033530 seconds, Stopping threads took: 0.0000760 seconds
99.467: Application time: 0.0317790 seconds
99.468: [GC [PSYoungGen: 100400K->7744K(107520K)] 180929K->88273K(352256K), 0.0031750 secs] [Times: user=0.01 sys=0.00, real=0.00 secs] 
99.471: Total time for which application threads were stopped: 0.0033530 seconds, Stopping threads took: 0.0000920 seconds
99.495: Application time: 0.0241930 seconds
99.495: [GC [PSYoungGen: 100416K->7984K(107520K)] 180945K->88513K(352256K), 0.0031240 secs] [Times: user=0.02 sys=0.00, real=0.00 secs] 
99.498: Total time for which application threads were stopped: 0.0032810 seconds, Stopping threads took: 0.0000710 seconds
99.520: Application time: 0.0217870 seconds
99.520: [GC [PSYoungGen: 100656K->7968K(107520K)] 181185K->88497K(352256K), 0.0031130 secs] [Times: user=0.02 sys=0.00, real=0.00 secs] 
99.523: Total time for which application threads were stopped: 0.0032710 seconds, Stopping threads took: 0.0000700 seconds
99.555: Application time: 0.0319960 seconds
99.555: [GC [PSYoungGen: 100640K->13184K(107520K)] 181169K->93713K(352256K), 0.0051200 secs] [Times: user=0.04 sys=0.00, real=0.00 secs] 
99.561: Total time for which application threads were stopped: 0.0052720 seconds, Stopping threads took: 0.0000610 seconds
99.594: Application time: 0.0337630 seconds
99.595: [GC [PSYoungGen: 105856K->8400K(107520K)] 186385K->88929K(352256K), 0.0032990 secs] [Times: user=0.02 sys=0.00, real=0.00 secs] 
99.598: Total time for which application threads were stopped: 0.0034680 seconds, Stopping threads took: 0.0000840 seconds
99.636: Application time: 0.0383070 seconds
99.636: [GC [PSYoungGen: 101072K->7872K(107520K)] 181601K->88401K(352256K), 0.0031670 secs] [Times: user=0.02 sys=0.00, real=0.00 secs] 
99.640: Total time for which application threads were stopped: 0.0033570 seconds, Stopping threads took: 0.0001020 seconds
99.674: Application time: 0.0349970 seconds
99.678: [GC [PSYoungGen: 100544K->7888K(107520K)] 181073K->88417K(352256K), 0.0031450 secs] [Times: user=0.02 sys=0.00, real=0.00 secs] 
99.681: Total time for which application threads were stopped: 0.0066730 seconds, Stopping threads took: 0.0034420 seconds
99.712: Application time: 0.0307710 seconds
99.712: [GC [PSYoungGen: 100560K->7696K(107520K)] 181089K->88365K(352256K), 0.0031570 secs] [Times: user=0.02 sys=0.00, real=0.01 secs] 
99.715: Total time for which application threads were stopped: 0.0033720 seconds, Stopping threads took: 0.0001030 seconds
99.743: Application time: 0.0272700 seconds
99.743: [GC [PSYoungGen: 100368K->7776K(107520K)] 181037K->88533K(352256K), 0.0031650 secs] [Times: user=0.02 sys=0.00, real=0.01 secs] 
99.746: Total time for which application threads were stopped: 0.0033400 seconds, Stopping threads took: 0.0000890 seconds
99.767: Application time: 0.0210740 seconds
99.767: [GC [PSYoungGen: 100448K->7712K(107520K)] 181205K->88525K(352256K), 0.0030970 secs] [Times: user=0.02 sys=0.00, real=0.00 secs] 
99.770: Total time for which application threads were stopped: 0.0032690 seconds, Stopping threads took: 0.0000840 seconds
99.798: Application time: 0.0277780 seconds
99.798: [GC [PSYoungGen: 100384K->11632K(107520K)] 181197K->92445K(352256K), 0.0045230 secs] [Times: user=0.04 sys=0.00, real=0.00 secs] 
99.803: Total time for which application threads were stopped: 0.0047010 seconds, Stopping threads took: 0.0000850 seconds
99.837: Application time: 0.0347060 seconds
99.838: [GC [PSYoungGen: 104304K->9888K(107520K)] 185117K->90701K(352256K), 0.0040410 secs] [Times: user=0.03 sys=0.00, real=0.00 secs] 
99.842: Total time for which application threads were stopped: 0.0042180 seconds, Stopping threads took: 0.0000870 seconds
99.878: Application time: 0.0363110 seconds
99.878: [GC [PSYoungGen: 102560K->7632K(107520K)] 183373K->88445K(352256K), 0.0031350 secs] [Times: user=0.02 sys=0.00, real=0.00 secs] 
99.881: Total time for which application threads were stopped: 0.0033220 seconds, Stopping threads took: 0.0001010 seconds
99.920: Application time: 0.0390730 seconds
99.921: [GC [PSYoungGen: 100304K->7792K(107520K)] 181117K->88605K(352256K), 0.0032410 secs] [Times: user=0.02 sys=0.00, real=0.00 secs] 
99.924: Total time for which application threads were stopped: 0.0034300 seconds, Stopping threads took: 0.0000990 seconds
99.952: Application time: 0.0282190 seconds
99.952: [GC [PSYoungGen: 100464K->7616K(107520K)] 181277K->88469K(352256K), 0.0031470 secs] [Times: user=0.02 sys=0.00, real=0.01 secs] 
99.955: Total time for which application threads were stopped: 0.0033290 seconds, Stopping threads took: 0.0000950 seconds
99.988: Application time: 0.0326110 seconds
99.988: [GC [PSYoungGen: 100288K->7744K(107520K)] 181141K->88614K(352256K), 0.0031390 secs] [Times: user=0.02 sys=0.00, real=0.00 secs] 
99.991: Total time for which application threads were stopped: 0.0033180 seconds, Stopping threads took: 0.0000890 seconds
100.013: Application time: 0.0218940 seconds
100.013: [GC [PSYoungGen: 100416K->7840K(107520K)] 181286K->88709K(352256K), 0.0031390 secs] [Times: user=0.02 sys=0.00, real=0.01 secs] 
100.017: Total time for which application threads were stopped: 0.0033020 seconds, Stopping threads took: 0.0000720 seconds
100.038: Application time: 0.0219280 seconds
100.039: [GC [PSYoungGen: 100512K->7936K(107520K)] 181381K->88806K(352256K), 0.0031250 secs] [Times: user=0.02 sys=0.00, real=0.00 secs] 
100.042: Total time for which application threads were stopped: 0.0033020 seconds, Stopping threads took: 0.0000890 seconds
100.078: Application time: 0.0362320 seconds
100.078: [GC [PSYoungGen: 100608K->12224K(107520K)] 181478K->93094K(352256K), 0.0046110 secs] [Times: user=0.04 sys=0.00, real=0.00 secs] 
100.083: Total time for which application threads were stopped: 0.0047900 seconds, Stopping threads took: 0.0000890 seconds
100.114: Application time: 0.0316120 seconds
100.115: [GC [PSYoungGen: 104896K->9600K(107520K)] 185766K->90470K(352256K), 0.0038210 secs] [Times: user=0.02 sys=0.00, real=0.00 secs] 
100.118: Total time for which application threads were stopped: 0.0040030 seconds, Stopping threads took: 0.0000830 seconds
100.159: Application time: 0.0402030 seconds
100.159: [GC [PSYoungGen: 102272K->7920K(107520K)] 183142K->88789K(352256K), 0.0030770 secs] [Times: user=0.03 sys=0.00, real=0.00 secs] 
100.162: Total time for which application threads were stopped: 0.0032640 seconds, Stopping threads took: 0.0000790 seconds
100.195: Application time: 0.0330130 seconds
100.195: [GC [PSYoungGen: 100592K->8000K(107520K)] 181461K->88870K(352256K), 0.0031810 secs] [Times: user=0.02 sys=0.00, real=0.00 secs] 
100.198: Total time for which application threads were stopped: 0.0033750 seconds, Stopping threads took: 0.0000970 seconds
100.229: Application time: 0.0310150 seconds
100.229: [GC [PSYoungGen: 100672K->7936K(107520K)] 181542K->88806K(352256K), 0.0032470 secs] [Times: user=0.02 sys=0.00, real=0.00 secs] 
100.233: Total time for which application threads were stopped: 0.0034650 seconds, Stopping threads took: 0.0001080 seconds
100.259: Application time: 0.0264130 seconds
100.259: [GC [PSYoungGen: 100608K->7952K(107520K)] 181478K->88822K(352256K), 0.0032440 secs] [Times: user=0.02 sys=0.00, real=0.00 secs] 
100.263: Total time for which application threads were stopped: 0.0034000 seconds, Stopping threads took: 0.0000700 seconds
100.284: Application time: 0.0210950 seconds
100.284: [GC [PSYoungGen: 100624K->7792K(107520K)] 181494K->88661K(352256K), 0.0031300 secs] [Times: user=0.02 sys=0.00, real=0.01 secs] 
100.287: Total time for which application threads were stopped: 0.0032980 seconds, Stopping threads took: 0.0000840 seconds
100.316: Application time: 0.0285530 seconds
100.316: [GC [PSYoungGen: 100464K->13696K(107520K)] 181333K->94565K(352256K), 0.0052800 secs] [Times: user=0.04 sys=0.00, real=0.00 secs] 
100.321: Total time for which application threads were stopped: 0.0054570 seconds, Stopping threads took: 0.0000830 seconds
100.358: Application time: 0.0367930 seconds
100.358: [GC [PSYoungGen: 106368K->8672K(107520K)] 187237K->89542K(352256K), 0.0032720 secs] [Times: user=0.02 sys=0.00, real=0.00 secs] 
100.361: Total time for which application threads were stopped: 0.0034400 seconds, Stopping threads took: 0.0000680 seconds
100.397: Application time: 0.0361730 seconds
100.398: [GC [PSYoungGen: 101344K->7984K(107520K)] 182214K->88853K(352256K), 0.0032260 secs] [Times: user=0.03 sys=0.00, real=0.00 secs] 
100.401: Total time for which application threads were stopped: 0.0034100 seconds, Stopping threads took: 0.0000950 seconds
100.439: Application time: 0.0382960 seconds
100.439: [GC [PSYoungGen: 100656K->7920K(107520K)] 181525K->88790K(352256K), 0.0032500 secs] [Times: user=0.02 sys=0.00, real=0.00 secs] 
100.443: Total time for which application threads were stopped: 0.0034470 seconds, Stopping threads took: 0.0001060 seconds
100.471: Application time: 0.0282350 seconds
100.471: [GC [PSYoungGen: 100592K->7792K(107520K)] 181462K->88806K(352256K), 0.0031770 secs] [Times: user=0.02 sys=0.00, real=0.01 secs] 
100.474: Total time for which application threads were stopped: 0.0033710 seconds, Stopping threads took: 0.0001030 seconds
100.504: Application time: 0.0296970 seconds
100.504: [GC [PSYoungGen: 100464K->7680K(107520K)] 181478K->88786K(352256K), 0.0031420 secs] [Times: user=0.02 sys=0.00, real=0.01 secs] 
100.507: Total time for which application threads were stopped: 0.0033110 seconds, Stopping threads took: 0.0000830 seconds
100.529: Application time: 0.0214280 seconds
100.529: [GC [PSYoungGen: 100352K->7888K(107520K)] 181458K->89042K(352256K), 0.0031490 secs] [Times: user=0.02 sys=0.00, real=0.00 secs] 
100.532: Total time for which application threads were stopped: 0.0033260 seconds, Stopping threads took: 0.0000910 seconds
100.556: Application time: 0.0240510 seconds
100.556: [GC [PSYoungGen: 100560K->9712K(107520K)] 181714K->90866K(352256K), 0.0038300 secs] [Times: user=0.03 sys=0.00, real=0.00 secs] 
100.560: Total time for which application threads were stopped: 0.0040050 seconds, Stopping threads took: 0.0000890 seconds
100.596: Application time: 0.0363860 seconds
100.597: [GC [PSYoungGen: 102384K->10512K(107520K)] 183538K->91666K(352256K), 0.0040690 secs] [Times: user=0.03 sys=0.00, real=0.00 secs] 
100.601: Total time for which application threads were stopped: 0.0042490 seconds, Stopping threads took: 0.0000830 seconds
100.635: Application time: 0.0347570 seconds
100.636: [GC [PSYoungGen: 103184K->7808K(107520K)] 184338K->88962K(352256K), 0.0032140 secs] [Times: user=0.02 sys=0.00, real=0.00 secs] 
100.639: Total time for which application threads were stopped: 0.0033800 seconds, Stopping threads took: 0.0000830 seconds
100.679: Application time: 0.0399170 seconds
100.679: [GC [PSYoungGen: 100480K->7616K(107520K)] 181634K->88770K(352256K), 0.0031160 secs] [Times: user=0.01 sys=0.00, real=0.00 secs] 
100.682: Total time for which application threads were stopped: 0.0032880 seconds, Stopping threads took: 0.0000790 seconds
100.712: Application time: 0.0299610 seconds
100.714: [GC [PSYoungGen: 100288K->7712K(107520K)] 181442K->88866K(352256K), 0.0031890 secs] [Times: user=0.02 sys=0.00, real=0.00 secs] 
100.717: Total time for which application threads were stopped: 0.0052460 seconds, Stopping threads took: 0.0019710 seconds
100.749: Application time: 0.0321070 seconds
100.749: [GC [PSYoungGen: 100384K->7712K(107520K)] 181538K->88914K(352256K), 0.0031950 secs] [Times: user=0.02 sys=0.00, real=0.00 secs] 
100.753: Total time for which application threads were stopped: 0.0034200 seconds, Stopping threads took: 0.0001200 seconds
100.777: Application time: 0.0238170 seconds
100.777: [GC [PSYoungGen: 100384K->7808K(107520K)] 181586K->89010K(352256K), 0.0031130 secs] [Times: user=0.02 sys=0.00, real=0.00 secs] 
100.780: Total time for which application threads were stopped: 0.0033120 seconds, Stopping threads took: 0.0001160 seconds
100.801: Application time: 0.0211590 seconds
100.801: [GC [PSYoungGen: 100480K->8032K(107520K)] 181682K->89234K(352256K), 0.0031510 secs] [Times: user=0.02 sys=0.00, real=0.00 secs] 
100.804: Total time for which application threads were stopped: 0.0033110 seconds, Stopping threads took: 0.0000720 seconds
100.837: Application time: 0.0329240 seconds
100.837: [GC [PSYoungGen: 100704K->13872K(107520K)] 181906K->95074K(352256K), 0.0054420 secs] [Times: user=0.04 sys=0.00, real=0.00 secs] 
100.843: Total time for which application threads were stopped: 0.0056010 seconds, Stopping threads took: 0.0000630 seconds
100.878: Application time: 0.0354610 seconds
100.878: [GC [PSYoungGen: 106544K->9824K(107520K)] 187746K->91026K(352256K), 0.0039700 secs] [Times: user=0.02 sys=0.00, real=0.00 secs] 
100.882: Total time for which application threads were stopped: 0.0041470 seconds, Stopping threads took: 0.0000720 seconds
100.921: Application time: 0.0381720 seconds
100.921: [GC [PSYoungGen: 102496K->7744K(107520K)] 183698K->88946K(352256K), 0.0031080 secs] [Times: user=0.02 sys=0.00, real=0.00 secs] 
100.924: Total time for which application threads were stopped: 0.0032950 seconds, Stopping threads took: 0.0001010 seconds
100.960: Application time: 0.0359140 seconds
100.960: [GC [PSYoungGen: 100416K->7824K(107520K)] 181618K->89026K(352256K), 0.0031830 secs] [Times: user=0.02 sys=0.00, real=0.00 secs] 
100.963: Total time for which application threads were stopped: 0.0033610 seconds, Stopping threads took: 0.0000900 seconds
100.993: Application time: 0.0294280 seconds
100.993: [GC [PSYoungGen: 100496K->7872K(107520K)] 181698K->89074K(352256K), 0.0031660 secs] [Times: user=0.02 sys=0.00, real=0.01 secs] 
100.996: Total time for which application threads were stopped: 0.0033590 seconds, Stopping threads took: 0.0001070 seconds
101.024: Application time: 0.0283630 seconds
101.025: [GC [PSYoungGen: 100544K->7824K(107520K)] 181746K->89026K(352256K), 0.0031300 secs] [Times: user=0.02 sys=0.00, real=0.01 secs] 
101.028: Total time for which application threads were stopped: 0.0033290 seconds, Stopping threads took: 0.0001120 seconds
101.049: Application time: 0.0215860 seconds
101.049: [GC [PSYoungGen: 100496K->7888K(107520K)] 181698K->89090K(352256K), 0.0030770 secs] [Times: user=0.02 sys=0.00, real=0.00 secs] 
101.053: Total time for which application threads were stopped: 0.0032560 seconds, Stopping threads took: 0.0000970 seconds
101.078: Application time: 0.0254330 seconds
101.078: [GC [PSYoungGen: 100560K->11440K(107520K)] 181762K->92642K(352256K), 0.0046050 secs] [Times: user=0.03 sys=0.00, real=0.00 secs] 
101.083: Total time for which application threads were stopped: 0.0047680 seconds, Stopping threads took: 0.0000750 seconds
101.119: Application time: 0.0366280 seconds
101.120: [GC [PSYoungGen: 104112K->11200K(107520K)] 185314K->92402K(352256K), 0.0042140 secs] [Times: user=0.03 sys=0.00, real=0.00 secs] 
101.124: Total time for which application threads were stopped: 0.0044030 seconds, Stopping threads took: 0.0001000 seconds
101.159: Application time: 0.0351750 seconds
101.159: [GC [PSYoungGen: 103872K->7872K(107520K)] 185074K->89074K(352256K), 0.0032040 secs] [Times: user=0.02 sys=0.00, real=0.00 secs] 
101.162: Total time for which application threads were stopped: 0.0033810 seconds, Stopping threads took: 0.0000930 seconds
101.202: Application time: 0.0401000 seconds
101.203: [GC [PSYoungGen: 100544K->7888K(107520K)] 181746K->89090K(352256K), 0.0032040 secs] [Times: user=0.02 sys=0.00, real=0.00 secs] 
101.206: Total time for which application threads were stopped: 0.0034080 seconds, Stopping threads took: 0.0001050 seconds
101.235: Application time: 0.0289960 seconds
101.235: [GC [PSYoungGen: 100560K->7728K(107520K)] 181762K->89026K(352256K), 0.0031760 secs] [Times: user=0.02 sys=0.00, real=0.00 secs] 
101.238: Total time for which application threads were stopped: 0.0033490 seconds, Stopping threads took: 0.0000800 seconds
101.269: Application time: 0.0308040 seconds
101.269: [GC [PSYoungGen: 100400K->7808K(107520K)] 181698K->89258K(352256K), 0.0032420 secs] [Times: user=0.02 sys=0.00, real=0.00 secs] 
101.272: Total time for which application threads were stopped: 0.0034320 seconds, Stopping threads took: 0.0000850 seconds
101.294: Application time: 0.0219940 seconds
101.295: [GC [PSYoungGen: 100480K->7872K(107520K)] 181930K->89378K(352256K), 0.0032060 secs] [Times: user=0.02 sys=0.00, real=0.00 secs] 
101.298: Total time for which application threads were stopped: 0.0033640 seconds, Stopping threads took: 0.0000710 seconds
101.321: Application time: 0.0228830 seconds
101.321: [GC [PSYoungGen: 100544K->7952K(107520K)] 182050K->89458K(352256K), 0.0031490 secs] [Times: user=0.03 sys=0.00, real=0.00 secs] 
101.324: Total time for which application threads were stopped: 0.0033570 seconds, Stopping threads took: 0.0001160 seconds
101.360: Application time: 0.0356330 seconds
101.360: [GC [PSYoungGen: 100624K->12640K(107520K)] 182130K->94146K(352256K), 0.0048840 secs] [Times: user=0.03 sys=0.00, real=0.00 secs] 
101.365: Total time for which application threads were stopped: 0.0050700 seconds, Stopping threads took: 0.0000920 seconds
101.398: Application time: 0.0335460 seconds
101.398: [GC [PSYoungGen: 105312K->10288K(107520K)] 186818K->91794K(352256K), 0.0040540 secs] [Times: user=0.03 sys=0.00, real=0.00 secs] 
101.403: Total time for which application threads were stopped: 0.0042410 seconds, Stopping threads took: 0.0000920 seconds
101.443: Application time: 0.0408230 seconds
101.444: [GC [PSYoungGen: 102960K->7488K(107520K)] 184466K->88994K(352256K), 0.0031490 secs] [Times: user=0.02 sys=0.00, real=0.01 secs] 
101.447: Total time for which application threads were stopped: 0.0033010 seconds, Stopping threads took: 0.0000610 seconds
101.478: Application time: 0.0316590 seconds
101.479: [GC [PSYoungGen: 100160K->7648K(107520K)] 181666K->89154K(352256K), 0.0030730 secs] [Times: user=0.02 sys=0.00, real=0.00 secs] 
101.482: Total time for which application threads were stopped: 0.0032720 seconds, Stopping threads took: 0.0001100 seconds
101.513: Application time: 0.0315800 seconds
101.513: [GC [PSYoungGen: 100320K->7792K(107520K)] 181826K->89354K(352256K), 0.0030870 secs] [Times: user=0.03 sys=0.00, real=0.01 secs] 
101.517: Total time for which application threads were stopped: 0.0032770 seconds, Stopping threads took: 0.0000950 seconds
101.541: Application time: 0.0246270 seconds
101.541: [GC [PSYoungGen: 100464K->7904K(107520K)] 182026K->89466K(352256K), 0.0031820 secs] [Times: user=0.02 sys=0.00, real=0.00 secs] 
101.544: Total time for which application threads were stopped: 0.0033230 seconds, Stopping threads took: 0.0000570 seconds
101.566: Application time: 0.0211810 seconds
101.566: [GC [PSYoungGen: 100576K->7824K(107520K)] 182138K->89386K(352256K), 0.0030960 secs] [Times: user=0.02 sys=0.00, real=0.01 secs] 
101.569: Total time for which application threads were stopped: 0.0032580 seconds, Stopping threads took: 0.0000750 seconds
101.598: Application time: 0.0293190 seconds
101.598: [GC [PSYoungGen: 100496K->12288K(107520K)] 182058K->93850K(352256K), 0.0048920 secs] [Times: user=0.03 sys=0.00, real=0.00 secs] 
101.603: Total time for which application threads were stopped: 0.0050710 seconds, Stopping threads took: 0.0000880 seconds
101.640: Application time: 0.0365410 seconds
101.640: [GC [PSYoungGen: 104960K->9424K(107520K)] 186522K->90986K(352256K), 0.0036200 secs] [Times: user=0.02 sys=0.00, real=0.00 secs] 
101.644: Total time for which application threads were stopped: 0.0037860 seconds, Stopping threads took: 0.0000790 seconds
101.681: Application time: 0.0374300 seconds
101.681: [GC [PSYoungGen: 102096K->7824K(107520K)] 183658K->89386K(352256K), 0.0031260 secs] [Times: user=0.02 sys=0.00, real=0.00 secs] 
101.684: Total time for which application threads were stopped: 0.0032930 seconds, Stopping threads took: 0.0000800 seconds
101.721: Application time: 0.0367800 seconds
101.721: [GC [PSYoungGen: 100496K->8064K(107520K)] 182058K->89626K(352256K), 0.0032130 secs] [Times: user=0.02 sys=0.00, real=0.00 secs] 
101.725: Total time for which application threads were stopped: 0.0034060 seconds, Stopping threads took: 0.0001060 seconds
101.753: Application time: 0.0285560 seconds
101.753: [GC [PSYoungGen: 100736K->7968K(107520K)] 182298K->89530K(352256K), 0.0032150 secs] [Times: user=0.02 sys=0.00, real=0.01 secs] 
101.757: Total time for which application threads were stopped: 0.0034420 seconds, Stopping threads took: 0.0001340 seconds
101.786: Application time: 0.0296830 seconds
101.786: [GC [PSYoungGen: 100640K->7760K(107520K)] 182202K->89322K(352256K), 0.0044750 secs] [Times: user=0.03 sys=0.00, real=0.00 secs] 
101.791: Total time for which application threads were stopped: 0.0046670 seconds, Stopping threads took: 0.0000860 seconds
101.812: Application time: 0.0215510 seconds
101.813: [GC [PSYoungGen: 100432K->7856K(107520K)] 181994K->89418K(352256K), 0.0031890 secs] [Times: user=0.02 sys=0.00, real=0.01 secs] 
101.816: Total time for which application threads were stopped: 0.0033860 seconds, Stopping threads took: 0.0001120 seconds
101.840: Application time: 0.0236840 seconds
101.840: [GC [PSYoungGen: 100528K->11392K(107520K)] 182090K->92954K(352256K), 0.0045660 secs] [Times: user=0.03 sys=0.00, real=0.00 secs] 
101.844: Total time for which application threads were stopped: 0.0047540 seconds, Stopping threads took: 0.0000900 seconds
101.882: Application time: 0.0375420 seconds
101.882: [GC [PSYoungGen: 104064K->9008K(107520K)] 185626K->90570K(352256K), 0.0033010 secs] [Times: user=0.02 sys=0.00, real=0.00 secs] 
101.885: Total time for which application threads were stopped: 0.0034720 seconds, Stopping threads took: 0.0000790 seconds
101.919: Application time: 0.0341330 seconds
101.920: [GC [PSYoungGen: 101680K->7840K(107520K)] 183242K->89402K(352256K), 0.0031870 secs] [Times: user=0.03 sys=0.00, real=0.00 secs] 
101.923: Total time for which application threads were stopped: 0.0033430 seconds, Stopping threads took: 0.0000650 seconds
101.963: Application time: 0.0401850 seconds
101.963: [GC [PSYoungGen: 100512K->7840K(107520K)] 182074K->89402K(352256K), 0.0031180 secs] [Times: user=0.02 sys=0.00, real=0.01 secs] 
101.966: Total time for which application threads were stopped: 0.0033150 seconds, Stopping threads took: 0.0001070 seconds
101.996: Application time: 0.0295920 seconds
101.996: [GC [PSYoungGen: 100512K->7824K(107520K)] 182074K->89474K(352256K), 0.0032120 secs] [Times: user=0.02 sys=0.00, real=0.00 secs] 
101.999: Total time for which application threads were stopped: 0.0034020 seconds, Stopping threads took: 0.0000880 seconds
102.031: Application time: 0.0315210 seconds
102.031: [GC [PSYoungGen: 100496K->7920K(107520K)] 182146K->89722K(352256K), 0.0032300 secs] [Times: user=0.02 sys=0.00, real=0.01 secs] 
102.034: Total time for which application threads were stopped: 0.0033980 seconds, Stopping threads took: 0.0000840 seconds
102.057: Application time: 0.0231750 seconds
102.058: [GC [PSYoungGen: 100592K->7648K(107520K)] 182394K->89498K(352256K), 0.0031190 secs] [Times: user=0.02 sys=0.00, real=0.00 secs] 
102.061: Total time for which application threads were stopped: 0.0033000 seconds, Stopping threads took: 0.0000920 seconds
102.081: Application time: 0.0207030 seconds
102.082: [GC [PSYoungGen: 100320K->7680K(107520K)] 182170K->89530K(352256K), 0.0030080 secs] [Times: user=0.02 sys=0.00, real=0.00 secs] 
102.085: Total time for which application threads were stopped: 0.0031890 seconds, Stopping threads took: 0.0000980 seconds
102.118: Application time: 0.0337980 seconds
102.119: [GC [PSYoungGen: 100352K->14080K(107520K)] 182202K->95930K(352256K), 0.0055270 secs] [Times: user=0.04 sys=0.00, real=0.00 secs] 
102.124: Total time for which application threads were stopped: 0.0056980 seconds, Stopping threads took: 0.0000770 seconds
102.159: Application time: 0.0345140 seconds
102.159: [GC [PSYoungGen: 106752K->10032K(107520K)] 188602K->91890K(352256K), 0.0039670 secs] [Times: user=0.02 sys=0.00, real=0.00 secs] 
102.163: Total time for which application threads were stopped: 0.0041330 seconds, Stopping threads took: 0.0000790 seconds
102.202: Application time: 0.0390580 seconds
102.202: [GC [PSYoungGen: 102704K->7680K(107520K)] 184562K->89538K(352256K), 0.0031480 secs] [Times: user=0.02 sys=0.00, real=0.00 secs] 
102.205: Total time for which application threads were stopped: 0.0033390 seconds, Stopping threads took: 0.0001040 seconds
102.240: Application time: 0.0344570 seconds
102.240: [GC [PSYoungGen: 100352K->7584K(107520K)] 182210K->89442K(352256K), 0.0030230 secs] [Times: user=0.02 sys=0.00, real=0.00 secs] 
102.243: Total time for which application threads were stopped: 0.0032010 seconds, Stopping threads took: 0.0000920 seconds
102.273: Application time: 0.0297260 seconds
102.273: [GC [PSYoungGen: 100256K->7808K(107520K)] 182114K->89722K(352256K), 0.0031990 secs] [Times: user=0.02 sys=0.00, real=0.01 secs] 
102.276: Total time for which application threads were stopped: 0.0033800 seconds, Stopping threads took: 0.0000890 seconds
102.303: Application time: 0.0267230 seconds
102.303: [GC [PSYoungGen: 100480K->7776K(107520K)] 182394K->89690K(352256K), 0.0030700 secs] [Times: user=0.02 sys=0.00, real=0.00 secs] 
102.306: Total time for which application threads were stopped: 0.0032560 seconds, Stopping threads took: 0.0000740 seconds
102.327: Application time: 0.0207920 seconds
102.327: [GC [PSYoungGen: 100448K->8080K(107520K)] 182362K->89994K(352256K), 0.0032060 secs] [Times: user=0.02 sys=0.01, real=0.00 secs] 
102.330: Total time for which application threads were stopped: 0.0033640 seconds, Stopping threads took: 0.0000650 seconds
102.361: Application time: 0.0310400 seconds
102.361: [GC [PSYoungGen: 100752K->13072K(107520K)] 182666K->94986K(352256K), 0.0052230 secs] [Times: user=0.03 sys=0.00, real=0.01 secs] 
102.366: Total time for which application threads were stopped: 0.0053860 seconds, Stopping threads took: 0.0000700 seconds
102.401: Application time: 0.0341560 seconds
102.401: [GC [PSYoungGen: 105744K->8400K(107520K)] 187658K->90314K(352256K), 0.0032340 secs] [Times: user=0.03 sys=0.00, real=0.00 secs] 
102.404: Total time for which application threads were stopped: 0.0034280 seconds, Stopping threads took: 0.0001040 seconds
102.442: Application time: 0.0374680 seconds
102.442: [GC [PSYoungGen: 101072K->7888K(107520K)] 182986K->89802K(352256K), 0.0031840 secs] [Times: user=0.02 sys=0.00, real=0.00 secs] 
102.445: Total time for which application threads were stopped: 0.0033540 seconds, Stopping threads took: 0.0000880 seconds
102.483: Application time: 0.0377350 seconds
102.483: [GC [PSYoungGen: 100560K->7760K(107520K)] 182474K->89674K(352256K), 0.0032740 secs] [Times: user=0.01 sys=0.00, real=0.01 secs] 
102.486: Total time for which application threads were stopped: 0.0034550 seconds, Stopping threads took: 0.0000910 seconds
102.514: Application time: 0.0275100 seconds
102.514: [GC [PSYoungGen: 100432K->7792K(107520K)] 182346K->89706K(352256K), 0.0031230 secs] [Times: user=0.02 sys=0.00, real=0.01 secs] 
102.517: Total time for which application threads were stopped: 0.0032720 seconds, Stopping threads took: 0.0000640 seconds
102.550: Application time: 0.0329870 seconds
102.550: [GC [PSYoungGen: 100464K->8160K(107520K)] 182378K->90074K(352256K), 0.0032220 secs] [Times: user=0.02 sys=0.00, real=0.00 secs] 
102.553: Total time for which application threads were stopped: 0.0034050 seconds, Stopping threads took: 0.0000980 seconds
102.574: Application time: 0.0204220 seconds
102.574: [GC [PSYoungGen: 100832K->8080K(107520K)] 182746K->89994K(352256K), 0.0032270 secs] [Times: user=0.02 sys=0.00, real=0.01 secs] 
102.577: Total time for which application threads were stopped: 0.0033930 seconds, Stopping threads took: 0.0000810 seconds
102.601: Application time: 0.0240470 seconds
102.601: [GC [PSYoungGen: 100752K->8560K(107520K)] 182666K->90474K(352256K), 0.0032220 secs] [Times: user=0.03 sys=0.00, real=0.00 secs] 
102.605: Total time for which application threads were stopped: 0.0034020 seconds, Stopping threads took: 0.0000880 seconds
102.642: Application time: 0.0373630 seconds
102.642: [GC [PSYoungGen: 101232K->8960K(107520K)] 183146K->90874K(352256K), 0.0034290 secs] [Times: user=0.02 sys=0.00, real=0.00 secs] 
102.646: Total time for which application threads were stopped: 0.0036040 seconds, Stopping threads took: 0.0000890 seconds
102.677: Application time: 0.0310400 seconds
102.677: [GC [PSYoungGen: 101632K->9472K(107520K)] 183546K->91386K(352256K), 0.0037540 secs] [Times: user=0.03 sys=0.00, real=0.00 secs] 
102.681: Total time for which application threads were stopped: 0.0039580 seconds, Stopping threads took: 0.0001060 seconds
102.722: Application time: 0.0414880 seconds
102.722: [GC [PSYoungGen: 102144K->8112K(107520K)] 184058K->90026K(352256K), 0.0031740 secs] [Times: user=0.02 sys=0.00, real=0.00 secs] 
102.725: Total time for which application threads were stopped: 0.0033810 seconds, Stopping threads took: 0.0001110 seconds
102.756: Application time: 0.0302370 seconds
102.756: [GC [PSYoungGen: 100784K->7920K(107520K)] 182698K->89938K(352256K), 0.0031570 secs] [Times: user=0.01 sys=0.00, real=0.00 secs] 
102.759: Total time for which application threads were stopped: 0.0033530 seconds, Stopping threads took: 0.0001000 seconds
102.791: Application time: 0.0318940 seconds
102.791: [GC [PSYoungGen: 100592K->7744K(107520K)] 182610K->89918K(352256K), 0.0031860 secs] [Times: user=0.02 sys=0.00, real=0.01 secs] 
102.794: Total time for which application threads were stopped: 0.0033520 seconds, Stopping threads took: 0.0000700 seconds
102.817: Application time: 0.0230570 seconds
102.817: [GC [PSYoungGen: 100416K->7760K(107520K)] 182590K->89983K(352256K), 0.0030830 secs] [Times: user=0.02 sys=0.00, real=0.00 secs] 
102.821: Total time for which application threads were stopped: 0.0032620 seconds, Stopping threads took: 0.0000610 seconds
102.841: Application time: 0.0209410 seconds
102.842: [GC [PSYoungGen: 100432K->7568K(107520K)] 182655K->89790K(352256K), 0.0029710 secs] [Times: user=0.02 sys=0.00, real=0.00 secs] 
102.845: Total time for which application threads were stopped: 0.0031450 seconds, Stopping threads took: 0.0000840 seconds
102.879: Application time: 0.0343510 seconds
102.879: [GC [PSYoungGen: 100240K->13968K(107520K)] 182462K->96190K(352256K), 0.0054170 secs] [Times: user=0.04 sys=0.00, real=0.00 secs] 
102.885: Total time for which application threads were stopped: 0.0056000 seconds, Stopping threads took: 0.0000830 seconds
102.917: Application time: 0.0320410 seconds
102.917: [GC [PSYoungGen: 106640K->7584K(107520K)] 188862K->89806K(352256K), 0.0030120 secs] [Times: user=0.02 sys=0.00, real=0.00 secs] 
102.920: Total time for which application threads were stopped: 0.0032010 seconds, Stopping threads took: 0.0000990 seconds
102.959: Application time: 0.0392340 seconds
102.959: [GC [PSYoungGen: 100256K->7888K(107520K)] 182478K->90110K(352256K), 0.0032690 secs] [Times: user=0.02 sys=0.00, real=0.00 secs] 
102.963: Total time for which application threads were stopped: 0.0034720 seconds, Stopping threads took: 0.0001140 seconds
102.998: Application time: 0.0350460 seconds
102.998: [GC [PSYoungGen: 100560K->7600K(107520K)] 182782K->89822K(352256K), 0.0030340 secs] [Times: user=0.03 sys=0.00, real=0.00 secs] 
103.001: Total time for which application threads were stopped: 0.0031920 seconds, Stopping threads took: 0.0000720 seconds
103.031: Application time: 0.0297830 seconds
103.031: [GC [PSYoungGen: 100272K->7792K(107520K)] 182494K->90063K(352256K), 0.0031900 secs] [Times: user=0.02 sys=0.00, real=0.01 secs] 
103.034: Total time for which application threads were stopped: 0.0033550 seconds, Stopping threads took: 0.0000730 seconds
103.063: Application time: 0.0292980 seconds
103.063: [GC [PSYoungGen: 100464K->7680K(107520K)] 182735K->89951K(352256K), 0.0031030 secs] [Times: user=0.02 sys=0.00, real=0.01 secs] 
103.067: Total time for which application threads were stopped: 0.0032690 seconds, Stopping threads took: 0.0000830 seconds
103.087: Application time: 0.0205390 seconds
103.087: [GC [PSYoungGen: 100352K->7904K(107520K)] 182623K->90175K(352256K), 0.0031360 secs] [Times: user=0.02 sys=0.00, real=0.00 secs] 
103.090: Total time for which application threads were stopped: 0.0032920 seconds, Stopping threads took: 0.0000680 seconds
103.116: Application time: 0.0257340 seconds
103.116: [GC [PSYoungGen: 100576K->13280K(107520K)] 182847K->95551K(352256K), 0.0051430 secs] [Times: user=0.04 sys=0.00, real=0.00 secs] 
103.121: Total time for which application threads were stopped: 0.0053280 seconds, Stopping threads took: 0.0000890 seconds
103.159: Application time: 0.0377460 seconds
103.159: [GC [PSYoungGen: 105952K->8688K(107520K)] 188223K->90959K(352256K), 0.0033670 secs] [Times: user=0.02 sys=0.00, real=0.00 secs] 
103.163: Total time for which application threads were stopped: 0.0035160 seconds, Stopping threads took: 0.0000620 seconds
103.197: Application time: 0.0346090 seconds
103.197: [GC [PSYoungGen: 101360K->8192K(107520K)] 183631K->90462K(352256K), 0.0032480 secs] [Times: user=0.02 sys=0.00, real=0.00 secs] 
103.201: Total time for which application threads were stopped: 0.0034240 seconds, Stopping threads took: 0.0000850 seconds
103.240: Application time: 0.0397420 seconds
103.241: [GC [PSYoungGen: 100864K->7808K(107520K)] 183134K->90079K(352256K), 0.0031830 secs] [Times: user=0.02 sys=0.00, real=0.00 secs] 
103.244: Total time for which application threads were stopped: 0.0033760 seconds, Stopping threads took: 0.0001060 seconds
103.272: Application time: 0.0284290 seconds
103.272: [GC [PSYoungGen: 100480K->7744K(107520K)] 182751K->90015K(352256K), 0.0031200 secs] [Times: user=0.02 sys=0.00, real=0.01 secs] 
103.276: Total time for which application threads were stopped: 0.0032780 seconds, Stopping threads took: 0.0000720 seconds
103.308: Application time: 0.0323390 seconds
103.308: [GC [PSYoungGen: 100416K->8016K(107520K)] 182687K->90287K(352256K), 0.0033130 secs] [Times: user=0.02 sys=0.00, real=0.00 secs] 
103.311: Total time for which application threads were stopped: 0.0034970 seconds, Stopping threads took: 0.0000940 seconds
103.334: Application time: 0.0221350 seconds
103.334: [GC [PSYoungGen: 100688K->7984K(107520K)] 182959K->90255K(352256K), 0.0031640 secs] [Times: user=0.02 sys=0.00, real=0.01 secs] 
103.337: Total time for which application threads were stopped: 0.0033450 seconds, Stopping threads took: 0.0000730 seconds
103.359: Application time: 0.0217620 seconds
103.359: [GC [PSYoungGen: 100656K->8032K(107520K)] 182927K->90303K(352256K), 0.0031810 secs] [Times: user=0.02 sys=0.00, real=0.00 secs] 
103.362: Total time for which application threads were stopped: 0.0033570 seconds, Stopping threads took: 0.0000820 seconds
103.398: Application time: 0.0362280 seconds
103.398: [GC [PSYoungGen: 100704K->12496K(107520K)] 182975K->94767K(352256K), 0.0047060 secs] [Times: user=0.03 sys=0.00, real=0.00 secs] 
103.403: Total time for which application threads were stopped: 0.0048890 seconds, Stopping threads took: 0.0000830 seconds
103.435: Application time: 0.0318240 seconds
103.435: [GC [PSYoungGen: 105168K->8336K(107520K)] 187439K->90606K(352256K), 0.0031960 secs] [Times: user=0.02 sys=0.00, real=0.00 secs] 
103.438: Total time for which application threads were stopped: 0.0033840 seconds, Stopping threads took: 0.0000910 seconds
103.479: Application time: 0.0407790 seconds
103.479: [GC [PSYoungGen: 101008K->7824K(107520K)] 183278K->90095K(352256K), 0.0030960 secs] [Times: user=0.01 sys=0.00, real=0.00 secs] 
103.482: Total time for which application threads were stopped: 0.0032730 seconds, Stopping threads took: 0.0000790 seconds
103.514: Application time: 0.0318320 seconds
103.514: [GC [PSYoungGen: 100496K->7728K(107520K)] 182767K->89999K(352256K), 0.0030880 secs] [Times: user=0.02 sys=0.00, real=0.00 secs] 
103.517: Total time for which application threads were stopped: 0.0032540 seconds, Stopping threads took: 0.0000820 seconds
103.549: Application time: 0.0317330 seconds
103.549: [GC [PSYoungGen: 100400K->7456K(107520K)] 182671K->89939K(352256K), 0.0030740 secs] [Times: user=0.02 sys=0.00, real=0.00 secs] 
103.552: Total time for which application threads were stopped: 0.0032790 seconds, Stopping threads took: 0.0001220 seconds
103.578: Application time: 0.0253780 seconds
103.578: [GC [PSYoungGen: 100128K->7840K(107520K)] 182611K->90323K(352256K), 0.0030900 secs] [Times: user=0.02 sys=0.00, real=0.00 secs] 
103.581: Total time for which application threads were stopped: 0.0032500 seconds, Stopping threads took: 0.0000730 seconds
103.601: Application time: 0.0203410 seconds
103.602: [GC [PSYoungGen: 100512K->7664K(107520K)] 182995K->90203K(352256K), 0.0030640 secs] [Times: user=0.02 sys=0.00, real=0.00 secs] 
103.605: Total time for which application threads were stopped: 0.0032530 seconds, Stopping threads took: 0.0000990 seconds
103.637: Application time: 0.0320770 seconds
103.637: [GC [PSYoungGen: 100336K->14832K(107520K)] 182875K->98059K(352256K), 0.0060950 secs] [Times: user=0.04 sys=0.00, real=0.00 secs] 
103.643: Total time for which application threads were stopped: 0.0062620 seconds, Stopping threads took: 0.0000760 seconds
103.676: Application time: 0.0331650 seconds
103.676: [GC [PSYoungGen: 107504K->11584K(107520K)] 190731K->94811K(352256K), 0.0045120 secs] [Times: user=0.04 sys=0.00, real=0.00 secs] 
103.681: Total time for which application threads were stopped: 0.0046780 seconds, Stopping threads took: 0.0000750 seconds
103.720: Application time: 0.0392450 seconds
103.720: [GC [PSYoungGen: 104256K->11152K(107520K)] 187483K->94379K(352256K), 0.0044670 secs] [Times: user=0.03 sys=0.00, real=0.00 secs] 
103.725: Total time for which application threads were stopped: 0.0046710 seconds, Stopping threads took: 0.0001120 seconds
103.762: Application time: 0.0366790 seconds
103.762: [GC [PSYoungGen: 103824K->11360K(107520K)] 187051K->94587K(352256K), 0.0045470 secs] [Times: user=0.03 sys=0.00, real=0.01 secs] 
103.766: Total time for which application threads were stopped: 0.0047360 seconds, Stopping threads took: 0.0001030 seconds
103.794: Application time: 0.0275430 seconds
103.794: [GC [PSYoungGen: 104032K->11280K(107520K)] 187259K->94563K(352256K), 0.0045810 secs] [Times: user=0.03 sys=0.00, real=0.00 secs] 
103.799: Total time for which application threads were stopped: 0.0047790 seconds, Stopping threads took: 0.0001030 seconds
103.831: Application time: 0.0322850 seconds
103.831: [GC [PSYoungGen: 103952K->11424K(107520K)] 187235K->94707K(352256K), 0.0045140 secs] [Times: user=0.03 sys=0.00, real=0.01 secs] 
103.836: Total time for which application threads were stopped: 0.0046950 seconds, Stopping threads took: 0.0000900 seconds
103.856: Application time: 0.0205280 seconds
103.856: [GC [PSYoungGen: 104096K->11568K(107520K)] 187379K->94851K(352256K), 0.0045630 secs] [Times: user=0.04 sys=0.00, real=0.00 secs] 
103.861: Total time for which application threads were stopped: 0.0048720 seconds, Stopping threads took: 0.0001880 seconds
103.887: Application time: 0.0265130 seconds
103.888: [GC [PSYoungGen: 104240K->13632K(107520K)] 187523K->96915K(352256K), 0.0051700 secs] [Times: user=0.04 sys=0.00, real=0.00 secs] 
103.893: Total time for which application threads were stopped: 0.0053450 seconds, Stopping threads took: 0.0000830 seconds
103.929: Application time: 0.0361470 seconds
103.929: [GC [PSYoungGen: 106304K->13888K(107520K)] 189587K->97171K(352256K), 0.0054650 secs] [Times: user=0.04 sys=0.00, real=0.01 secs] 
103.935: Total time for which application threads were stopped: 0.0056430 seconds, Stopping threads took: 0.0000890 seconds
103.968: Application time: 0.0330330 seconds
103.968: [GC [PSYoungGen: 106560K->13008K(107520K)] 189843K->96291K(352256K), 0.0052620 secs] [Times: user=0.03 sys=0.00, real=0.00 secs] 
103.973: Total time for which application threads were stopped: 0.0054490 seconds, Stopping threads took: 0.0000920 seconds
104.014: Application time: 0.0413000 seconds
104.015: [GC [PSYoungGen: 105680K->11088K(107520K)] 188963K->94371K(352256K), 0.0043280 secs] [Times: user=0.03 sys=0.00, real=0.00 secs] 
104.019: Total time for which application threads were stopped: 0.0045770 seconds, Stopping threads took: 0.0001490 seconds
104.048: Application time: 0.0290540 seconds
104.048: [GC [PSYoungGen: 103760K->11312K(107520K)] 187043K->94595K(352256K), 0.0044120 secs] [Times: user=0.03 sys=0.00, real=0.00 secs] 
104.053: Total time for which application threads were stopped: 0.0046140 seconds, Stopping threads took: 0.0000990 seconds
104.086: Application time: 0.0328850 seconds
104.086: [GC [PSYoungGen: 103984K->11296K(107520K)] 187267K->94579K(352256K), 0.0045300 secs] [Times: user=0.03 sys=0.00, real=0.01 secs] 
104.090: Total time for which application threads were stopped: 0.0047000 seconds, Stopping threads took: 0.0000810 seconds
104.113: Application time: 0.0225860 seconds
104.113: [GC [PSYoungGen: 103968K->11504K(107520K)] 187251K->94787K(352256K), 0.0045510 secs] [Times: user=0.03 sys=0.00, real=0.01 secs] 
104.118: Total time for which application threads were stopped: 0.0047210 seconds, Stopping threads took: 0.0000790 seconds
104.139: Application time: 0.0216440 seconds
104.139: [GC [PSYoungGen: 104176K->11984K(107520K)] 187459K->95267K(352256K), 0.0046130 secs] [Times: user=0.04 sys=0.00, real=0.00 secs] 
104.144: Total time for which application threads were stopped: 0.0047900 seconds, Stopping threads took: 0.0000870 seconds
104.181: Application time: 0.0365950 seconds
104.181: [GC [PSYoungGen: 104656K->13808K(107520K)] 187939K->100481K(352256K), 0.0064860 secs] [Times: user=0.04 sys=0.00, real=0.01 secs] 
104.187: Total time for which application threads were stopped: 0.0066620 seconds, Stopping threads took: 0.0000800 seconds
104.218: Application time: 0.0309600 seconds
104.218: [GC [PSYoungGen: 106480K->8208K(107520K)] 193153K->95049K(352256K), 0.0032680 secs] [Times: user=0.02 sys=0.00, real=0.00 secs] 
104.222: Total time for which application threads were stopped: 0.0034520 seconds, Stopping threads took: 0.0000940 seconds
104.262: Application time: 0.0403720 seconds
104.262: [GC [PSYoungGen: 100880K->7968K(107520K)] 187721K->94809K(352256K), 0.0031990 secs] [Times: user=0.02 sys=0.00, real=0.00 secs] 
104.265: Total time for which application threads were stopped: 0.0033790 seconds, Stopping threads took: 0.0000980 seconds
104.299: Application time: 0.0334120 seconds
104.299: [GC [PSYoungGen: 100640K->8064K(107520K)] 187481K->94905K(352256K), 0.0032700 secs] [Times: user=0.01 sys=0.00, real=0.00 secs] 
104.302: Total time for which application threads were stopped: 0.0034340 seconds, Stopping threads took: 0.0000740 seconds
104.333: Application time: 0.0308630 seconds
104.333: [GC [PSYoungGen: 100736K->7760K(107520K)] 187577K->94781K(352256K), 0.0032110 secs] [Times: user=0.03 sys=0.00, real=0.01 secs] 
104.337: Total time for which application threads were stopped: 0.0033960 seconds, Stopping threads took: 0.0000980 seconds
104.364: Application time: 0.0272610 seconds
104.364: [GC [PSYoungGen: 100432K->7680K(107520K)] 187453K->94749K(352256K), 0.0031220 secs] [Times: user=0.03 sys=0.00, real=0.01 secs] 
104.367: Total time for which application threads were stopped: 0.0033030 seconds, Stopping threads took: 0.0000750 seconds
104.388: Application time: 0.0204180 seconds
104.388: [GC [PSYoungGen: 100352K->7792K(107520K)] 187421K->94909K(352256K), 0.0031050 secs] [Times: user=0.02 sys=0.00, real=0.00 secs] 
104.391: Total time for which application threads were stopped: 0.0032910 seconds, Stopping threads took: 0.0000990 seconds
104.420: Application time: 0.0293820 seconds
104.420: [GC [PSYoungGen: 100464K->14448K(107520K)] 187581K->101565K(352256K), 0.0055590 secs] [Times: user=0.04 sys=0.00, real=0.01 secs] 
104.426: Total time for which application threads were stopped: 0.0057540 seconds, Stopping threads took: 0.0000950 seconds
104.460: Application time: 0.0345010 seconds
104.461: [GC [PSYoungGen: 107120K->8576K(107520K)] 194237K->95693K(352256K), 0.0032490 secs] [Times: user=0.02 sys=0.00, real=0.00 secs] 
104.464: Total time for which application threads were stopped: 0.0034180 seconds, Stopping threads took: 0.0000830 seconds
104.500: Application time: 0.0362510 seconds
104.500: [GC [PSYoungGen: 101248K->8080K(107520K)] 188365K->95205K(352256K), 0.0032460 secs] [Times: user=0.03 sys=0.00, real=0.00 secs] 
104.504: Total time for which application threads were stopped: 0.0034140 seconds, Stopping threads took: 0.0000780 seconds
104.542: Application time: 0.0385730 seconds
104.542: [GC [PSYoungGen: 100752K->7552K(107520K)] 187877K->94677K(352256K), 0.0030840 secs] [Times: user=0.01 sys=0.00, real=0.00 secs] 
104.545: Total time for which application threads were stopped: 0.0032600 seconds, Stopping threads took: 0.0000910 seconds
104.573: Application time: 0.0277750 seconds
104.573: [GC [PSYoungGen: 100224K->7552K(107520K)] 187349K->94677K(352256K), 0.0031240 secs] [Times: user=0.02 sys=0.00, real=0.01 secs] 
104.577: Total time for which application threads were stopped: 0.0033110 seconds, Stopping threads took: 0.0000910 seconds
104.609: Application time: 0.0324570 seconds
104.609: [GC [PSYoungGen: 100224K->7792K(107520K)] 187349K->94965K(352256K), 0.0031370 secs] [Times: user=0.02 sys=0.00, real=0.00 secs] 
104.612: Total time for which application threads were stopped: 0.0033570 seconds, Stopping threads took: 0.0001260 seconds
104.633: Application time: 0.0202660 seconds
104.633: [GC [PSYoungGen: 100464K->7728K(107520K)] 187637K->94901K(352256K), 0.0031280 secs] [Times: user=0.02 sys=0.00, real=0.01 secs] 
104.636: Total time for which application threads were stopped: 0.0032880 seconds, Stopping threads took: 0.0000720 seconds
104.659: Application time: 0.0235260 seconds
104.660: [GC [PSYoungGen: 100400K->7728K(107520K)] 187573K->94901K(352256K), 0.0030460 secs] [Times: user=0.02 sys=0.00, real=0.00 secs] 
104.663: Total time for which application threads were stopped: 0.0032120 seconds, Stopping threads took: 0.0000810 seconds
104.700: Application time: 0.0376010 seconds
104.700: [GC [PSYoungGen: 100400K->10960K(107520K)] 187573K->98133K(352256K), 0.0041990 secs] [Times: user=0.03 sys=0.00, real=0.00 secs] 
104.705: Total time for which application threads were stopped: 0.0043800 seconds, Stopping threads took: 0.0000910 seconds
104.736: Application time: 0.0310820 seconds
104.738: [GC [PSYoungGen: 103632K->7472K(107520K)] 190805K->94645K(352256K), 0.0030770 secs] [Times: user=0.02 sys=0.00, real=0.00 secs] 
104.741: Total time for which application threads were stopped: 0.0054560 seconds, Stopping threads took: 0.0022850 seconds
104.783: Application time: 0.0421750 seconds
104.784: [GC [PSYoungGen: 100144K->7968K(107520K)] 187317K->95141K(352256K), 0.0032070 secs] [Times: user=0.03 sys=0.00, real=0.01 secs] 
104.787: Total time for which application threads were stopped: 0.0034250 seconds, Stopping threads took: 0.0001190 seconds
104.817: Application time: 0.0301560 seconds
104.817: [GC [PSYoungGen: 100640K->7888K(107520K)] 187813K->95061K(352256K), 0.0032450 secs] [Times: user=0.02 sys=0.00, real=0.00 secs] 
104.820: Total time for which application threads were stopped: 0.0034300 seconds, Stopping threads took: 0.0000970 seconds
104.852: Application time: 0.0319870 seconds
104.852: [GC [PSYoungGen: 100560K->7840K(107520K)] 187733K->95013K(352256K), 0.0032090 secs] [Times: user=0.03 sys=0.00, real=0.01 secs] 
104.856: Total time for which application threads were stopped: 0.0033970 seconds, Stopping threads took: 0.0001020 seconds
104.881: Application time: 0.0250100 seconds
104.881: [GC [PSYoungGen: 100512K->7920K(107520K)] 187685K->95093K(352256K), 0.0031130 secs] [Times: user=0.03 sys=0.00, real=0.00 secs] 
104.884: Total time for which application threads were stopped: 0.0032870 seconds, Stopping threads took: 0.0000710 seconds
104.904: Application time: 0.0197970 seconds
104.904: [GC [PSYoungGen: 100592K->8240K(107520K)] 187765K->95413K(352256K), 0.0033010 secs] [Times: user=0.02 sys=0.00, real=0.01 secs] 
104.907: Total time for which application threads were stopped: 0.0034760 seconds, Stopping threads took: 0.0000800 seconds
104.944: Application time: 0.0367560 seconds
104.946: [GC [PSYoungGen: 100912K->14816K(107520K)] 188085K->103293K(352256K), 0.0062870 secs] [Times: user=0.04 sys=0.00, real=0.00 secs] 
104.952: Total time for which application threads were stopped: 0.0082360 seconds, Stopping threads took: 0.0018480 seconds
104.983: Application time: 0.0302200 seconds
104.983: [GC [PSYoungGen: 107488K->11040K(107520K)] 195965K->99517K(352256K), 0.0043840 secs] [Times: user=0.03 sys=0.00, real=0.01 secs] 
104.987: Total time for which application threads were stopped: 0.0045570 seconds, Stopping threads took: 0.0000760 seconds
105.027: Application time: 0.0400930 seconds
105.027: [GC [PSYoungGen: 103712K->10800K(107520K)] 192189K->99277K(352256K), 0.0042920 secs] [Times: user=0.03 sys=0.00, real=0.00 secs] 
105.032: Total time for which application threads were stopped: 0.0044880 seconds, Stopping threads took: 0.0000980 seconds
105.066: Application time: 0.0346950 seconds
105.067: [GC [PSYoungGen: 103472K->10960K(107520K)] 191949K->99437K(352256K), 0.0043960 secs] [Times: user=0.04 sys=0.00, real=0.00 secs] 
105.071: Total time for which application threads were stopped: 0.0045750 seconds, Stopping threads took: 0.0000800 seconds
105.100: Application time: 0.0289080 seconds
105.100: [GC [PSYoungGen: 103632K->10656K(107520K)] 192109K->99277K(352256K), 0.0042660 secs] [Times: user=0.03 sys=0.00, real=0.00 secs] 
105.104: Total time for which application threads were stopped: 0.0044300 seconds, Stopping threads took: 0.0000640 seconds
105.134: Application time: 0.0301860 seconds
105.135: [GC [PSYoungGen: 103328K->10448K(107520K)] 191949K->99157K(352256K), 0.0043730 secs] [Times: user=0.03 sys=0.00, real=0.00 secs] 
105.139: Total time for which application threads were stopped: 0.0045550 seconds, Stopping threads took: 0.0000860 seconds
105.159: Application time: 0.0196120 seconds
105.159: [GC [PSYoungGen: 103120K->10912K(107520K)] 191829K->99629K(352256K), 0.0043370 secs] [Times: user=0.03 sys=0.00, real=0.00 secs] 
105.163: Total time for which application threads were stopped: 0.0044950 seconds, Stopping threads took: 0.0000710 seconds
105.190: Application time: 0.0271770 seconds
105.190: [GC [PSYoungGen: 103584K->13952K(107520K)] 192301K->102709K(352256K), 0.0055620 secs] [Times: user=0.04 sys=0.00, real=0.01 secs] 
105.196: Total time for which application threads were stopped: 0.0057340 seconds, Stopping threads took: 0.0000760 seconds
105.234: Application time: 0.0376300 seconds
105.234: [GC [PSYoungGen: 106624K->11760K(107520K)] 195381K->100517K(352256K), 0.0045490 secs] [Times: user=0.02 sys=0.00, real=0.01 secs] 
105.238: Total time for which application threads were stopped: 0.0047410 seconds, Stopping threads took: 0.0000920 seconds
105.272: Application time: 0.0337710 seconds
105.272: [GC [PSYoungGen: 104432K->12496K(107520K)] 193189K->101261K(352256K), 0.0050860 secs] [Times: user=0.04 sys=0.00, real=0.01 secs] 
105.278: Total time for which application threads were stopped: 0.0053090 seconds, Stopping threads took: 0.0001250 seconds
105.318: Application time: 0.0405610 seconds
105.318: [GC [PSYoungGen: 105168K->10544K(107520K)] 193933K->99309K(352256K), 0.0043040 secs] [Times: user=0.03 sys=0.00, real=0.00 secs] 
105.323: Total time for which application threads were stopped: 0.0044800 seconds, Stopping threads took: 0.0000840 seconds
105.350: Application time: 0.0277980 seconds
105.351: [GC [PSYoungGen: 103216K->10480K(107520K)] 191981K->99245K(352256K), 0.0042490 secs] [Times: user=0.03 sys=0.00, real=0.01 secs] 
105.355: Total time for which application threads were stopped: 0.0044270 seconds, Stopping threads took: 0.0000900 seconds
105.389: Application time: 0.0341970 seconds
105.389: [GC [PSYoungGen: 103152K->10960K(107520K)] 191917K->99781K(352256K), 0.0043670 secs] [Times: user=0.03 sys=0.00, real=0.00 secs] 
105.394: Total time for which application threads were stopped: 0.0045590 seconds, Stopping threads took: 0.0000880 seconds
105.416: Application time: 0.0219780 seconds
105.416: [GC [PSYoungGen: 103632K->10864K(107520K)] 192453K->99685K(352256K), 0.0043450 secs] [Times: user=0.03 sys=0.00, real=0.00 secs] 
105.420: Total time for which application threads were stopped: 0.0045600 seconds, Stopping threads took: 0.0001010 seconds
105.443: Application time: 0.0230320 seconds
105.443: [GC [PSYoungGen: 103536K->10880K(107520K)] 192357K->99701K(352256K), 0.0044300 secs] [Times: user=0.03 sys=0.00, real=0.01 secs] 
105.448: Total time for which application threads were stopped: 0.0046130 seconds, Stopping threads took: 0.0000920 seconds
105.484: Application time: 0.0357880 seconds
105.486: [GC [PSYoungGen: 103552K->11552K(107520K)] 192373K->103415K(352256K), 0.0055400 secs] [Times: user=0.05 sys=0.00, real=0.00 secs] 
105.492: Total time for which application threads were stopped: 0.0080300 seconds, Stopping threads took: 0.0023950 seconds
105.523: Application time: 0.0315060 seconds
105.523: [GC [PSYoungGen: 104224K->8048K(107520K)] 196087K->99911K(352256K), 0.0031970 secs] [Times: user=0.01 sys=0.00, real=0.01 secs] 
105.526: Total time for which application threads were stopped: 0.0033640 seconds, Stopping threads took: 0.0000830 seconds
105.567: Application time: 0.0406720 seconds
105.567: [GC [PSYoungGen: 100720K->7792K(107520K)] 192583K->99655K(352256K), 0.0031930 secs] [Times: user=0.02 sys=0.00, real=0.00 secs] 
105.571: Total time for which application threads were stopped: 0.0033760 seconds, Stopping threads took: 0.0000960 seconds
105.602: Application time: 0.0319900 seconds
105.603: [GC [PSYoungGen: 100464K->7776K(107520K)] 192327K->99639K(352256K), 0.0032170 secs] [Times: user=0.01 sys=0.01, real=0.01 secs] 
105.606: Total time for which application threads were stopped: 0.0034160 seconds, Stopping threads took: 0.0000970 seconds
105.637: Application time: 0.0312900 seconds
105.637: [GC [PSYoungGen: 100448K->7968K(107520K)] 192311K->99831K(352256K), 0.0031820 secs] [Times: user=0.02 sys=0.00, real=0.00 secs] 
105.641: Total time for which application threads were stopped: 0.0033530 seconds, Stopping threads took: 0.0000760 seconds
105.666: Application time: 0.0258850 seconds
105.667: [GC [PSYoungGen: 100640K->7984K(107520K)] 192503K->99847K(352256K), 0.0033120 secs] [Times: user=0.01 sys=0.00, real=0.00 secs] 
105.670: Total time for which application threads were stopped: 0.0034860 seconds, Stopping threads took: 0.0000880 seconds
105.690: Application time: 0.0203960 seconds
105.690: [GC [PSYoungGen: 100656K->8496K(107520K)] 192519K->100359K(352256K), 0.0033640 secs] [Times: user=0.02 sys=0.00, real=0.00 secs] 
105.694: Total time for which application threads were stopped: 0.0035370 seconds, Stopping threads took: 0.0000810 seconds
105.726: Application time: 0.0322390 seconds
105.726: [GC [PSYoungGen: 101168K->14832K(107520K)] 193031K->107343K(352256K), 0.0063030 secs] [Times: user=0.05 sys=0.00, real=0.00 secs] 
105.733: Total time for which application threads were stopped: 0.0064820 seconds, Stopping threads took: 0.0000880 seconds
105.765: Application time: 0.0327380 seconds
105.765: [GC [PSYoungGen: 107504K->12096K(107520K)] 200015K->104607K(352256K), 0.0046760 secs] [Times: user=0.03 sys=0.00, real=0.01 secs] 
105.770: Total time for which application threads were stopped: 0.0048550 seconds, Stopping threads took: 0.0000860 seconds
105.808: Application time: 0.0376170 seconds
105.808: [GC [PSYoungGen: 104768K->11808K(107520K)] 197279K->104319K(352256K), 0.0046030 secs] [Times: user=0.04 sys=0.00, real=0.00 secs] 
105.813: Total time for which application threads were stopped: 0.0047940 seconds, Stopping threads took: 0.0000930 seconds
105.849: Application time: 0.0367830 seconds
105.850: [GC [PSYoungGen: 104480K->11280K(107520K)] 196991K->103791K(352256K), 0.0043060 secs] [Times: user=0.03 sys=0.00, real=0.01 secs] 
105.854: Total time for which application threads were stopped: 0.0045270 seconds, Stopping threads took: 0.0001090 seconds
105.883: Application time: 0.0291600 seconds
105.883: [GC [PSYoungGen: 103952K->11200K(107520K)] 196463K->103827K(352256K), 0.0043960 secs] [Times: user=0.03 sys=0.00, real=0.01 secs] 
105.888: Total time for which application threads were stopped: 0.0045910 seconds, Stopping threads took: 0.0000940 seconds
105.918: Application time: 0.0302130 seconds
105.918: [GC [PSYoungGen: 103872K->11488K(107520K)] 196499K->104231K(352256K), 0.0045170 secs] [Times: user=0.03 sys=0.00, real=0.00 secs] 
105.923: Total time for which application threads were stopped: 0.0047140 seconds, Stopping threads took: 0.0000760 seconds
105.943: Application time: 0.0203460 seconds
105.943: [GC [PSYoungGen: 104160K->11216K(107520K)] 196903K->104015K(352256K), 0.0044250 secs] [Times: user=0.03 sys=0.00, real=0.01 secs] 
105.948: Total time for which application threads were stopped: 0.0045920 seconds, Stopping threads took: 0.0000760 seconds
105.973: Application time: 0.0255780 seconds
105.973: [GC [PSYoungGen: 103888K->13168K(107520K)] 196687K->105967K(352256K), 0.0051720 secs] [Times: user=0.04 sys=0.00, real=0.01 secs] 
105.978: Total time for which application threads were stopped: 0.0053400 seconds, Stopping threads took: 0.0000690 seconds
106.016: Application time: 0.0373470 seconds
106.016: [GC [PSYoungGen: 105840K->13568K(107520K)] 198639K->106367K(352256K), 0.0052410 secs] [Times: user=0.03 sys=0.00, real=0.00 secs] 
106.021: Total time for which application threads were stopped: 0.0054340 seconds, Stopping threads took: 0.0000940 seconds
106.054: Application time: 0.0326270 seconds
106.054: [GC [PSYoungGen: 106240K->11664K(107520K)] 199039K->104471K(352256K), 0.0046520 secs] [Times: user=0.03 sys=0.00, real=0.00 secs] 
106.059: Total time for which application threads were stopped: 0.0048200 seconds, Stopping threads took: 0.0000760 seconds
106.100: Application time: 0.0408850 seconds
106.100: [GC [PSYoungGen: 104336K->11184K(107520K)] 197143K->103991K(352256K), 0.0044040 secs] [Times: user=0.03 sys=0.00, real=0.00 secs] 
106.104: Total time for which application threads were stopped: 0.0045810 seconds, Stopping threads took: 0.0000810 seconds
106.133: Application time: 0.0291650 seconds
106.133: [GC [PSYoungGen: 103856K->11296K(107520K)] 196663K->104103K(352256K), 0.0044770 secs] [Times: user=0.03 sys=0.00, real=0.01 secs] 
106.138: Total time for which application threads were stopped: 0.0046560 seconds, Stopping threads took: 0.0000840 seconds
106.171: Application time: 0.0328570 seconds
106.171: [GC [PSYoungGen: 103968K->11392K(107520K)] 196775K->104247K(352256K), 0.0044250 secs] [Times: user=0.03 sys=0.00, real=0.01 secs] 
106.175: Total time for which application threads were stopped: 0.0046040 seconds, Stopping threads took: 0.0000770 seconds
106.198: Application time: 0.0230000 seconds
106.199: [GC [PSYoungGen: 104064K->11328K(107520K)] 196919K->104183K(352256K), 0.0044870 secs] [Times: user=0.03 sys=0.00, real=0.00 secs] 
106.203: Total time for which application threads were stopped: 0.0047030 seconds, Stopping threads took: 0.0001110 seconds
106.225: Application time: 0.0220800 seconds
106.225: [GC [PSYoungGen: 104000K->11312K(107520K)] 196855K->104167K(352256K), 0.0043240 secs] [Times: user=0.03 sys=0.00, real=0.01 secs] 
106.230: Total time for which application threads were stopped: 0.0045360 seconds, Stopping threads took: 0.0001140 seconds
106.266: Application time: 0.0358330 seconds
106.266: [GC [PSYoungGen: 103984K->12896K(107520K)] 196839K->109321K(352256K), 0.0061970 secs] [Times: user=0.04 sys=0.00, real=0.01 secs] 
106.272: Total time for which application threads were stopped: 0.0063850 seconds, Stopping threads took: 0.0000860 seconds
106.302: Application time: 0.0300550 seconds
106.302: [GC [PSYoungGen: 105568K->8080K(107520K)] 201993K->104505K(352256K), 0.0032000 secs] [Times: user=0.02 sys=0.00, real=0.00 secs] 
106.305: Total time for which application threads were stopped: 0.0033840 seconds, Stopping threads took: 0.0001000 seconds
106.346: Application time: 0.0404210 seconds
106.346: [GC [PSYoungGen: 100752K->7712K(107520K)] 197177K->104137K(352256K), 0.0031300 secs] [Times: user=0.02 sys=0.00, real=0.00 secs] 
106.349: Total time for which application threads were stopped: 0.0033110 seconds, Stopping threads took: 0.0000950 seconds
106.382: Application time: 0.0332840 seconds
106.383: [GC [PSYoungGen: 100384K->8080K(107520K)] 196809K->104505K(352256K), 0.0032290 secs] [Times: user=0.02 sys=0.00, real=0.00 secs] 
106.386: Total time for which application threads were stopped: 0.0033970 seconds, Stopping threads took: 0.0000760 seconds
106.416: Application time: 0.0300480 seconds
106.416: [GC [PSYoungGen: 100752K->7840K(107520K)] 197177K->104265K(352256K), 0.0032600 secs] [Times: user=0.02 sys=0.00, real=0.00 secs] 
106.419: Total time for which application threads were stopped: 0.0034480 seconds, Stopping threads took: 0.0001010 seconds
106.448: Application time: 0.0287260 seconds
106.448: [GC [PSYoungGen: 100512K->7840K(107520K)] 196937K->104265K(352256K), 0.0031580 secs] [Times: user=0.02 sys=0.00, real=0.00 secs] 
106.451: Total time for which application threads were stopped: 0.0033410 seconds, Stopping threads took: 0.0000760 seconds
106.472: Application time: 0.0202680 seconds
106.472: [GC [PSYoungGen: 100512K->8064K(107520K)] 196937K->104489K(352256K), 0.0031560 secs] [Times: user=0.03 sys=0.00, real=0.01 secs] 
106.475: Total time for which application threads were stopped: 0.0033270 seconds, Stopping threads took: 0.0000870 seconds
106.504: Application time: 0.0292570 seconds
106.504: [GC [PSYoungGen: 100736K->11776K(107520K)] 197161K->108201K(352256K), 0.0045770 secs] [Times: user=0.03 sys=0.00, real=0.01 secs] 
106.509: Total time for which application threads were stopped: 0.0047820 seconds, Stopping threads took: 0.0001080 seconds
106.543: Application time: 0.0343560 seconds
106.544: [GC [PSYoungGen: 104448K->8816K(107520K)] 200873K->105241K(352256K), 0.0035250 secs] [Times: user=0.02 sys=0.00, real=0.01 secs] 
106.547: Total time for which application threads were stopped: 0.0037210 seconds, Stopping threads took: 0.0001020 seconds
106.582: Application time: 0.0343990 seconds
106.582: [GC [PSYoungGen: 101488K->9568K(107520K)] 197913K->105993K(352256K), 0.0038540 secs] [Times: user=0.02 sys=0.00, real=0.00 secs] 
106.586: Total time for which application threads were stopped: 0.0040550 seconds, Stopping threads took: 0.0001030 seconds
106.625: Application time: 0.0390490 seconds
106.625: [GC [PSYoungGen: 102240K->8016K(107520K)] 198665K->104441K(352256K), 0.0030970 secs] [Times: user=0.02 sys=0.00, real=0.01 secs] 
106.628: Total time for which application threads were stopped: 0.0032580 seconds, Stopping threads took: 0.0000640 seconds
106.657: Application time: 0.0293640 seconds
106.657: [GC [PSYoungGen: 100688K->7664K(107520K)] 197113K->104205K(352256K), 0.0031370 secs] [Times: user=0.02 sys=0.00, real=0.00 secs] 
106.661: Total time for which application threads were stopped: 0.0033140 seconds, Stopping threads took: 0.0000760 seconds
106.692: Application time: 0.0312390 seconds
106.692: [GC [PSYoungGen: 100336K->7984K(107520K)] 196877K->104637K(352256K), 0.0031970 secs] [Times: user=0.02 sys=0.00, real=0.01 secs] 
106.695: Total time for which application threads were stopped: 0.0033660 seconds, Stopping threads took: 0.0000770 seconds
106.717: Application time: 0.0215690 seconds
106.717: [GC [PSYoungGen: 100656K->7904K(107520K)] 197309K->104557K(352256K), 0.0031690 secs] [Times: user=0.02 sys=0.00, real=0.00 secs] 
106.720: Total time for which application threads were stopped: 0.0033480 seconds, Stopping threads took: 0.0000940 seconds
106.743: Application time: 0.0225190 seconds
106.743: [GC [PSYoungGen: 100576K->9328K(107520K)] 197229K->106029K(352256K), 0.0037160 secs] [Times: user=0.02 sys=0.00, real=0.01 secs] 
106.747: Total time for which application threads were stopped: 0.0038760 seconds, Stopping threads took: 0.0000750 seconds
106.785: Application time: 0.0379610 seconds
106.785: [GC [PSYoungGen: 102000K->10656K(107520K)] 198701K->107357K(352256K), 0.0040510 secs] [Times: user=0.03 sys=0.00, real=0.01 secs] 
106.789: Total time for which application threads were stopped: 0.0042340 seconds, Stopping threads took: 0.0001000 seconds
106.819: Application time: 0.0299250 seconds
106.819: [GC [PSYoungGen: 103328K->7808K(107520K)] 200029K->104517K(352256K), 0.0031700 secs] [Times: user=0.02 sys=0.00, real=0.00 secs] 
106.822: Total time for which application threads were stopped: 0.0033560 seconds, Stopping threads took: 0.0000950 seconds
106.864: Application time: 0.0415870 seconds
106.864: [GC [PSYoungGen: 100480K->7712K(107520K)] 197189K->104421K(352256K), 0.0031420 secs] [Times: user=0.02 sys=0.00, real=0.01 secs] 
106.867: Total time for which application threads were stopped: 0.0033100 seconds, Stopping threads took: 0.0000890 seconds
106.899: Application time: 0.0319490 seconds
106.899: [GC [PSYoungGen: 100384K->7616K(107520K)] 197093K->104325K(352256K), 0.0031250 secs] [Times: user=0.02 sys=0.00, real=0.00 secs] 
106.902: Total time for which application threads were stopped: 0.0032930 seconds, Stopping threads took: 0.0000790 seconds
106.935: Application time: 0.0323750 seconds
106.935: [GC [PSYoungGen: 100288K->7872K(107520K)] 196997K->104637K(352256K), 0.0031190 secs] [Times: user=0.02 sys=0.00, real=0.00 secs] 
106.938: Total time for which application threads were stopped: 0.0033050 seconds, Stopping threads took: 0.0000890 seconds
106.963: Application time: 0.0253160 seconds
106.963: [GC [PSYoungGen: 100544K->7968K(107520K)] 197309K->104733K(352256K), 0.0032230 secs] [Times: user=0.02 sys=0.00, real=0.01 secs] 
106.967: Total time for which application threads were stopped: 0.0034270 seconds, Stopping threads took: 0.0001030 seconds
106.987: Application time: 0.0198710 seconds
106.987: [GC [PSYoungGen: 100640K->7904K(107520K)] 197405K->104669K(352256K), 0.0030930 secs] [Times: user=0.02 sys=0.00, real=0.00 secs] 
106.990: Total time for which application threads were stopped: 0.0032610 seconds, Stopping threads took: 0.0000800 seconds
107.026: Application time: 0.0358600 seconds
107.026: [GC [PSYoungGen: 100576K->10912K(107520K)] 197341K->107677K(352256K), 0.0040510 secs] [Times: user=0.03 sys=0.00, real=0.01 secs] 
107.030: Total time for which application threads were stopped: 0.0042520 seconds, Stopping threads took: 0.0000930 seconds
107.061: Application time: 0.0310160 seconds
107.061: [GC [PSYoungGen: 103584K->8000K(107520K)] 200349K->104765K(352256K), 0.0030980 secs] [Times: user=0.02 sys=0.00, real=0.00 secs] 
107.064: Total time for which application threads were stopped: 0.0032770 seconds, Stopping threads took: 0.0000780 seconds
107.102: Application time: 0.0375920 seconds
107.102: [GC [PSYoungGen: 100672K->8304K(107520K)] 197437K->105069K(352256K), 0.0033490 secs] [Times: user=0.02 sys=0.00, real=0.00 secs] 
107.105: Total time for which application threads were stopped: 0.0035600 seconds, Stopping threads took: 0.0001170 seconds
107.142: Application time: 0.0362630 seconds
107.142: [GC [PSYoungGen: 100976K->7680K(107520K)] 197741K->104445K(352256K), 0.0030890 secs] [Times: user=0.02 sys=0.01, real=0.00 secs] 
107.145: Total time for which application threads were stopped: 0.0032490 seconds, Stopping threads took: 0.0000760 seconds
107.173: Application time: 0.0282190 seconds
107.173: [GC [PSYoungGen: 100352K->8176K(107520K)] 197117K->104941K(352256K), 0.0033590 secs] [Times: user=0.03 sys=0.00, real=0.01 secs] 
107.177: Total time for which application threads were stopped: 0.0035560 seconds, Stopping threads took: 0.0001080 seconds
107.208: Application time: 0.0312280 seconds
107.208: [GC [PSYoungGen: 100848K->7952K(107520K)] 197613K->104717K(352256K), 0.0031810 secs] [Times: user=0.02 sys=0.00, real=0.00 secs] 
107.211: Total time for which application threads were stopped: 0.0033570 seconds, Stopping threads took: 0.0000910 seconds
107.231: Application time: 0.0200470 seconds
107.231: [GC [PSYoungGen: 100624K->8096K(107520K)] 197389K->104861K(352256K), 0.0032410 secs] [Times: user=0.02 sys=0.00, real=0.01 secs] 
107.235: Total time for which application threads were stopped: 0.0034300 seconds, Stopping threads took: 0.0001010 seconds
107.260: Application time: 0.0251770 seconds
107.260: [GC [PSYoungGen: 100768K->11024K(107520K)] 197533K->107789K(352256K), 0.0042710 secs] [Times: user=0.03 sys=0.00, real=0.00 secs] 
107.264: Total time for which application threads were stopped: 0.0044560 seconds, Stopping threads took: 0.0000810 seconds
107.303: Application time: 0.0389080 seconds
107.303: [GC [PSYoungGen: 103696K->8784K(107520K)] 200461K->105549K(352256K), 0.0033390 secs] [Times: user=0.03 sys=0.00, real=0.01 secs] 
107.307: Total time for which application threads were stopped: 0.0035300 seconds, Stopping threads took: 0.0000940 seconds
107.338: Application time: 0.0314150 seconds
107.338: [GC [PSYoungGen: 101456K->7808K(107520K)] 198221K->104573K(352256K), 0.0030820 secs] [Times: user=0.02 sys=0.00, real=0.00 secs] 
107.341: Total time for which application threads were stopped: 0.0032640 seconds, Stopping threads took: 0.0000850 seconds
107.383: Application time: 0.0413950 seconds
107.383: [GC [PSYoungGen: 100480K->7920K(107520K)] 197245K->104685K(352256K), 0.0031960 secs] [Times: user=0.02 sys=0.00, real=0.01 secs] 
107.386: Total time for which application threads were stopped: 0.0033870 seconds, Stopping threads took: 0.0000990 seconds
107.415: Application time: 0.0286340 seconds
107.415: [GC [PSYoungGen: 100592K->7824K(107520K)] 197357K->104709K(352256K), 0.0032250 secs] [Times: user=0.02 sys=0.00, real=0.00 secs] 
107.418: Total time for which application threads were stopped: 0.0033670 seconds, Stopping threads took: 0.0000560 seconds
107.451: Application time: 0.0328590 seconds
107.451: [GC [PSYoungGen: 100496K->7472K(107520K)] 197381K->104469K(352256K), 0.0031180 secs] [Times: user=0.02 sys=0.00, real=0.01 secs] 
107.454: Total time for which application threads were stopped: 0.0033160 seconds, Stopping threads took: 0.0001090 seconds
107.477: Application time: 0.0230110 seconds
107.478: [GC [PSYoungGen: 100144K->7840K(107520K)] 197141K->104837K(352256K), 0.0031300 secs] [Times: user=0.02 sys=0.00, real=0.00 secs] 
107.481: Total time for which application threads were stopped: 0.0033300 seconds, Stopping threads took: 0.0000950 seconds
107.501: Application time: 0.0203400 seconds
107.501: [GC [PSYoungGen: 100512K->7872K(107520K)] 197509K->104925K(352256K), 0.0031200 secs] [Times: user=0.02 sys=0.00, real=0.00 secs] 
107.504: Total time for which application threads were stopped: 0.0033100 seconds, Stopping threads took: 0.0001050 seconds
107.543: Application time: 0.0387990 seconds
107.543: [GC [PSYoungGen: 100544K->12832K(107520K)] 197597K->109885K(352256K), 0.0051310 secs] [Times: user=0.04 sys=0.00, real=0.01 secs] 
107.549: Total time for which application threads were stopped: 0.0053060 seconds, Stopping threads took: 0.0000790 seconds
107.578: Application time: 0.0293810 seconds
107.578: [GC [PSYoungGen: 105504K->7632K(107520K)] 202557K->104693K(352256K), 0.0031980 secs] [Times: user=0.02 sys=0.00, real=0.00 secs] 
107.581: Total time for which application threads were stopped: 0.0033490 seconds, Stopping threads took: 0.0000630 seconds
107.623: Application time: 0.0415350 seconds
107.623: [GC [PSYoungGen: 100304K->7744K(107520K)] 197365K->104805K(352256K), 0.0031260 secs] [Times: user=0.02 sys=0.00, real=0.01 secs] 
107.626: Total time for which application threads were stopped: 0.0033020 seconds, Stopping threads took: 0.0000910 seconds
107.658: Application time: 0.0321030 seconds
107.658: [GC [PSYoungGen: 100416K->7552K(107520K)] 197477K->104613K(352256K), 0.0030370 secs] [Times: user=0.02 sys=0.00, real=0.00 secs] 
107.661: Total time for which application threads were stopped: 0.0032150 seconds, Stopping threads took: 0.0000930 seconds
107.692: Application time: 0.0310170 seconds
107.693: [GC [PSYoungGen: 100224K->7792K(107520K)] 197285K->104909K(352256K), 0.0031780 secs] [Times: user=0.02 sys=0.00, real=0.01 secs] 
107.696: Total time for which application threads were stopped: 0.0033310 seconds, Stopping threads took: 0.0000710 seconds
107.723: Application time: 0.0271150 seconds
107.723: [GC [PSYoungGen: 100464K->8032K(107520K)] 197581K->105150K(352256K), 0.0031940 secs] [Times: user=0.02 sys=0.00, real=0.01 secs] 
107.726: Total time for which application threads were stopped: 0.0032980 seconds, Stopping threads took: 0.0000170 seconds
107.746: Application time: 0.0200000 seconds
107.746: [GC [PSYoungGen: 100704K->7904K(107520K)] 197822K->105021K(352256K), 0.0031900 secs] [Times: user=0.02 sys=0.00, real=0.00 secs] 
107.750: Total time for which application threads were stopped: 0.0033640 seconds, Stopping threads took: 0.0000820 seconds
107.783: Application time: 0.0330240 seconds
107.783: [GC [PSYoungGen: 100576K->11952K(107520K)] 197693K->109069K(352256K), 0.0044820 secs] [Times: user=0.03 sys=0.00, real=0.01 secs] 
107.787: Total time for which application threads were stopped: 0.0046490 seconds, Stopping threads took: 0.0000700 seconds
107.820: Application time: 0.0331180 seconds
107.821: [GC [PSYoungGen: 104624K->8608K(107520K)] 201741K->105726K(352256K), 0.0033300 secs] [Times: user=0.02 sys=0.00, real=0.00 secs] 
107.824: Total time for which application threads were stopped: 0.0035220 seconds, Stopping threads took: 0.0000930 seconds
107.859: Application time: 0.0350750 seconds
107.859: [GC [PSYoungGen: 101280K->9472K(107520K)] 198398K->106590K(352256K), 0.0038110 secs] [Times: user=0.03 sys=0.00, real=0.00 secs] 
107.863: Total time for which application threads were stopped: 0.0039930 seconds, Stopping threads took: 0.0000830 seconds
107.902: Application time: 0.0392540 seconds
107.902: [GC [PSYoungGen: 102144K->7840K(107520K)] 199262K->104958K(352256K), 0.0032120 secs] [Times: user=0.02 sys=0.00, real=0.00 secs] 
107.906: Total time for which application threads were stopped: 0.0033890 seconds, Stopping threads took: 0.0000830 seconds
107.932: Application time: 0.0266200 seconds
107.932: [GC [PSYoungGen: 100512K->7680K(107520K)] 197630K->104798K(352256K), 0.0031650 secs] [Times: user=0.02 sys=0.00, real=0.01 secs] 
107.936: Total time for which application threads were stopped: 0.0033230 seconds, Stopping threads took: 0.0000600 seconds
107.969: Application time: 0.0336040 seconds
107.970: [GC [PSYoungGen: 100352K->7856K(107520K)] 197470K->104974K(352256K), 0.0031330 secs] [Times: user=0.03 sys=0.00, real=0.00 secs] 
107.973: Total time for which application threads were stopped: 0.0039570 seconds, Stopping threads took: 0.0007400 seconds
107.994: Application time: 0.0209010 seconds
107.994: [GC [PSYoungGen: 100528K->7904K(107520K)] 197646K->105021K(352256K), 0.0031760 secs] [Times: user=0.03 sys=0.00, real=0.00 secs] 
107.997: Total time for which application threads were stopped: 0.0033760 seconds, Stopping threads took: 0.0000930 seconds
108.021: Application time: 0.0235750 seconds
108.021: [GC [PSYoungGen: 100576K->9312K(107520K)] 197693K->106430K(352256K), 0.0035030 secs] [Times: user=0.02 sys=0.00, real=0.00 secs] 
108.025: Total time for which application threads were stopped: 0.0036720 seconds, Stopping threads took: 0.0000620 seconds
108.066: Application time: 0.0409310 seconds
108.066: [GC [PSYoungGen: 101984K->8336K(107520K)] 199102K->105454K(352256K), 0.0031980 secs] [Times: user=0.02 sys=0.00, real=0.01 secs] 
108.069: Total time for which application threads were stopped: 0.0033830 seconds, Stopping threads took: 0.0000880 seconds
108.097: Application time: 0.0279120 seconds
108.098: [GC [PSYoungGen: 101008K->7632K(107520K)] 198126K->104749K(352256K), 0.0031170 secs] [Times: user=0.02 sys=0.00, real=0.00 secs] 
108.101: Total time for which application threads were stopped: 0.0042360 seconds, Stopping threads took: 0.0010290 seconds
108.144: Application time: 0.0428630 seconds
108.144: [GC [PSYoungGen: 100304K->8032K(107520K)] 197421K->105149K(352256K), 0.0031520 secs] [Times: user=0.02 sys=0.00, real=0.01 secs] 
108.147: Total time for which application threads were stopped: 0.0033450 seconds, Stopping threads took: 0.0000960 seconds
108.177: Application time: 0.0292790 seconds
108.177: [GC [PSYoungGen: 100704K->7968K(107520K)] 197821K->105166K(352256K), 0.0032070 secs] [Times: user=0.03 sys=0.00, real=0.00 secs] 
108.180: Total time for which application threads were stopped: 0.0033670 seconds, Stopping threads took: 0.0000700 seconds
108.212: Application time: 0.0323280 seconds
108.212: [GC [PSYoungGen: 100640K->7952K(107520K)] 197838K->105298K(352256K), 0.0033070 secs] [Times: user=0.03 sys=0.00, real=0.01 secs] 
108.216: Total time for which application threads were stopped: 0.0034890 seconds, Stopping threads took: 0.0000960 seconds
108.240: Application time: 0.0243220 seconds
108.240: [GC [PSYoungGen: 100624K->7728K(107520K)] 197970K->105074K(352256K), 0.0031540 secs] [Times: user=0.02 sys=0.00, real=0.00 secs] 
108.243: Total time for which application threads were stopped: 0.0033190 seconds, Stopping threads took: 0.0000810 seconds
108.263: Application time: 0.0197590 seconds
108.263: [GC [PSYoungGen: 100400K->7728K(107520K)] 197746K->105074K(352256K), 0.0031820 secs] [Times: user=0.02 sys=0.00, real=0.01 secs] 
108.267: Total time for which application threads were stopped: 0.0033490 seconds, Stopping threads took: 0.0000790 seconds
108.306: Application time: 0.0390670 seconds
108.306: [GC [PSYoungGen: 100400K->14832K(107520K)] 197746K->113436K(352256K), 0.0063550 secs] [Times: user=0.05 sys=0.00, real=0.01 secs] 
108.312: Total time for which application threads were stopped: 0.0065350 seconds, Stopping threads took: 0.0000860 seconds
108.341: Application time: 0.0292160 seconds
108.342: [GC [PSYoungGen: 107504K->12240K(107520K)] 206108K->110852K(352256K), 0.0048760 secs] [Times: user=0.04 sys=0.00, real=0.01 secs] 
108.346: Total time for which application threads were stopped: 0.0050610 seconds, Stopping threads took: 0.0000910 seconds
108.387: Application time: 0.0400550 seconds
108.389: [GC [PSYoungGen: 104912K->13792K(107520K)] 203524K->112404K(352256K), 0.0055660 secs] [Times: user=0.04 sys=0.00, real=0.01 secs] 
108.395: Total time for which application threads were stopped: 0.0080810 seconds, Stopping threads took: 0.0024170 seconds
108.430: Application time: 0.0351820 seconds
108.430: [GC [PSYoungGen: 106464K->12144K(107520K)] 205076K->110756K(352256K), 0.0048050 secs] [Times: user=0.03 sys=0.00, real=0.01 secs] 
108.435: Total time for which application threads were stopped: 0.0049710 seconds, Stopping threads took: 0.0000530 seconds
108.464: Application time: 0.0293740 seconds
108.464: [GC [PSYoungGen: 104816K->12112K(107520K)] 203428K->110724K(352256K), 0.0048540 secs] [Times: user=0.03 sys=0.00, real=0.01 secs] 
108.469: Total time for which application threads were stopped: 0.0050340 seconds, Stopping threads took: 0.0000810 seconds
108.498: Application time: 0.0290560 seconds
108.498: [GC [PSYoungGen: 104784K->12112K(107520K)] 203396K->110780K(352256K), 0.0047800 secs] [Times: user=0.03 sys=0.00, real=0.00 secs] 
108.503: Total time for which application threads were stopped: 0.0049710 seconds, Stopping threads took: 0.0000690 seconds
108.525: Application time: 0.0221030 seconds
108.525: [GC [PSYoungGen: 104784K->12144K(107520K)] 203452K->110812K(352256K), 0.0048570 secs] [Times: user=0.03 sys=0.00, real=0.01 secs] 
108.530: Total time for which application threads were stopped: 0.0050600 seconds, Stopping threads took: 0.0001070 seconds
108.559: Application time: 0.0283190 seconds
108.559: [GC [PSYoungGen: 104816K->14816K(107520K)] 203484K->114443K(352256K), 0.0063600 secs] [Times: user=0.04 sys=0.00, real=0.00 secs] 
108.565: Total time for which application threads were stopped: 0.0065550 seconds, Stopping threads took: 0.0000950 seconds
108.602: Application time: 0.0364660 seconds
108.602: [GC [PSYoungGen: 107488K->14736K(107520K)] 207115K->114363K(352256K), 0.0058670 secs] [Times: user=0.04 sys=0.00, real=0.01 secs] 
108.608: Total time for which application threads were stopped: 0.0060540 seconds, Stopping threads took: 0.0000910 seconds
108.639: Application time: 0.0312920 seconds
108.639: [GC [PSYoungGen: 107408K->14432K(107520K)] 207035K->114059K(352256K), 0.0058300 secs] [Times: user=0.04 sys=0.00, real=0.00 secs] 
108.645: Total time for which application threads were stopped: 0.0060230 seconds, Stopping threads took: 0.0000930 seconds
108.685: Application time: 0.0400960 seconds
108.686: [GC [PSYoungGen: 107104K->14384K(107520K)] 206731K->114011K(352256K), 0.0056680 secs] [Times: user=0.04 sys=0.00, real=0.00 secs] 
108.692: Total time for which application threads were stopped: 0.0064950 seconds, Stopping threads took: 0.0007280 seconds
108.721: Application time: 0.0290060 seconds
108.721: [GC [PSYoungGen: 107056K->14208K(107520K)] 206683K->113835K(352256K), 0.0056890 secs] [Times: user=0.04 sys=0.00, real=0.01 secs] 
108.727: Total time for which application threads were stopped: 0.0058720 seconds, Stopping threads took: 0.0000840 seconds
108.757: Application time: 0.0305290 seconds
108.757: [GC [PSYoungGen: 106880K->14224K(107520K)] 206507K->113851K(352256K), 0.0057460 secs] [Times: user=0.04 sys=0.00, real=0.00 secs] 
108.763: Total time for which application threads were stopped: 0.0059050 seconds, Stopping threads took: 0.0000650 seconds
108.786: Application time: 0.0231830 seconds
108.790: [GC [PSYoungGen: 106896K->14208K(107520K)] 206523K->113835K(352256K), 0.0056100 secs] [Times: user=0.04 sys=0.00, real=0.01 secs] 
108.796: Total time for which application threads were stopped: 0.0094170 seconds, Stopping threads took: 0.0037120 seconds
108.818: Application time: 0.0227070 seconds
108.818: [GC [PSYoungGen: 106880K->14816K(107520K)] 206507K->115894K(352256K), 0.0063900 secs] [Times: user=0.05 sys=0.00, real=0.00 secs] 
108.825: Total time for which application threads were stopped: 0.0065950 seconds, Stopping threads took: 0.0001120 seconds
108.864: Application time: 0.0388830 seconds
108.864: [GC [PSYoungGen: 107488K->14832K(107520K)] 208566K->120391K(352256K), 0.0077320 secs] [Times: user=0.05 sys=0.01, real=0.01 secs] 
108.872: Total time for which application threads were stopped: 0.0079000 seconds, Stopping threads took: 0.0000680 seconds
108.902: Application time: 0.0302020 seconds
108.902: [GC [PSYoungGen: 107504K->13280K(107520K)] 213063K->118839K(352256K), 0.0053180 secs] [Times: user=0.04 sys=0.00, real=0.01 secs] 
108.907: Total time for which application threads were stopped: 0.0054920 seconds, Stopping threads took: 0.0000760 seconds
108.949: Application time: 0.0411100 seconds
108.949: [GC [PSYoungGen: 105952K->13744K(107520K)] 211511K->119303K(352256K), 0.0056050 secs] [Times: user=0.04 sys=0.00, real=0.01 secs] 
108.954: Total time for which application threads were stopped: 0.0057780 seconds, Stopping threads took: 0.0000780 seconds
108.985: Application time: 0.0302690 seconds
108.985: [GC [PSYoungGen: 106416K->13248K(107520K)] 211975K->118807K(352256K), 0.0053760 secs] [Times: user=0.03 sys=0.00, real=0.01 secs] 
108.990: Total time for which application threads were stopped: 0.0055740 seconds, Stopping threads took: 0.0000990 seconds
109.022: Application time: 0.0316480 seconds
109.022: [GC [PSYoungGen: 105920K->13408K(107520K)] 211479K->119139K(352256K), 0.0054120 secs] [Times: user=0.03 sys=0.01, real=0.01 secs] 
109.027: Total time for which application threads were stopped: 0.0056190 seconds, Stopping threads took: 0.0000890 seconds
109.053: Application time: 0.0257790 seconds
109.053: [GC [PSYoungGen: 106080K->13504K(107520K)] 211811K->119236K(352256K), 0.0053840 secs] [Times: user=0.04 sys=0.00, real=0.01 secs] 
109.059: Total time for which application threads were stopped: 0.0055620 seconds, Stopping threads took: 0.0000780 seconds
109.081: Application time: 0.0223330 seconds
109.081: [GC [PSYoungGen: 106176K->13872K(107520K)] 211908K->119603K(352256K), 0.0055060 secs] [Times: user=0.04 sys=0.00, real=0.01 secs] 
109.087: Total time for which application threads were stopped: 0.0056740 seconds, Stopping threads took: 0.0000760 seconds
109.120: Application time: 0.0328220 seconds
109.120: [GC [PSYoungGen: 106544K->14816K(107520K)] 212275K->123703K(352256K), 0.0068840 secs] [Times: user=0.04 sys=0.00, real=0.01 secs] 
109.127: Total time for which application threads were stopped: 0.0070740 seconds, Stopping threads took: 0.0000910 seconds
109.160: Application time: 0.0334460 seconds
109.160: [GC [PSYoungGen: 107488K->13584K(107520K)] 216375K->122479K(352256K), 0.0052510 secs] [Times: user=0.03 sys=0.00, real=0.00 secs] 
109.166: Total time for which application threads were stopped: 0.0054480 seconds, Stopping threads took: 0.0000920 seconds
109.201: Application time: 0.0358040 seconds
109.202: [GC [PSYoungGen: 106256K->14368K(107520K)] 215151K->123263K(352256K), 0.0056850 secs] [Times: user=0.04 sys=0.00, real=0.01 secs] 
109.207: Total time for which application threads were stopped: 0.0058800 seconds, Stopping threads took: 0.0000950 seconds
109.244: Application time: 0.0366550 seconds
109.244: [GC [PSYoungGen: 107040K->13584K(107520K)] 215935K->122479K(352256K), 0.0053780 secs] [Times: user=0.04 sys=0.00, real=0.01 secs] 
109.249: Total time for which application threads were stopped: 0.0055610 seconds, Stopping threads took: 0.0000830 seconds
109.280: Application time: 0.0302840 seconds
109.282: [GC [PSYoungGen: 106256K->13376K(107520K)] 215151K->122271K(352256K), 0.0053540 secs] [Times: user=0.04 sys=0.00, real=0.01 secs] 
109.287: Total time for which application threads were stopped: 0.0076040 seconds, Stopping threads took: 0.0021470 seconds
109.316: Application time: 0.0284500 seconds
109.318: [GC [PSYoungGen: 106048K->13776K(107520K)] 214943K->122703K(352256K), 0.0056060 secs] [Times: user=0.04 sys=0.00, real=0.00 secs] 
109.324: Total time for which application threads were stopped: 0.0078140 seconds, Stopping threads took: 0.0021140 seconds
109.345: Application time: 0.0216090 seconds
109.345: [GC [PSYoungGen: 106448K->14032K(107520K)] 215375K->122975K(352256K), 0.0055000 secs] [Times: user=0.04 sys=0.00, real=0.01 secs] 
109.351: Total time for which application threads were stopped: 0.0057040 seconds, Stopping threads took: 0.0001050 seconds
109.379: Application time: 0.0277240 seconds
109.382: [GC [PSYoungGen: 106704K->14832K(107520K)] 215647K->125356K(352256K), 0.0064320 secs] [Times: user=0.04 sys=0.00, real=0.01 secs] 
109.388: Total time for which application threads were stopped: 0.0097800 seconds, Stopping threads took: 0.0032500 seconds
109.424: Application time: 0.0355070 seconds
109.424: [GC [PSYoungGen: 107504K->14432K(107520K)] 218028K->127688K(352256K), 0.0067540 secs] [Times: user=0.04 sys=0.01, real=0.01 secs] 
109.431: Total time for which application threads were stopped: 0.0069280 seconds, Stopping threads took: 0.0000740 seconds
109.463: Application time: 0.0324630 seconds
109.464: [GC [PSYoungGen: 107104K->10832K(107520K)] 220360K->124088K(352256K), 0.0043710 secs] [Times: user=0.03 sys=0.00, real=0.01 secs] 
109.468: Total time for which application threads were stopped: 0.0045610 seconds, Stopping threads took: 0.0000870 seconds
109.508: Application time: 0.0401150 seconds
109.508: [GC [PSYoungGen: 103504K->10928K(107520K)] 216760K->124184K(352256K), 0.0045170 secs] [Times: user=0.03 sys=0.00, real=0.00 secs] 
109.513: Total time for which application threads were stopped: 0.0047170 seconds, Stopping threads took: 0.0001060 seconds
109.542: Application time: 0.0290160 seconds
109.542: [GC [PSYoungGen: 103600K->10992K(107520K)] 216856K->124248K(352256K), 0.0045490 secs] [Times: user=0.03 sys=0.00, real=0.01 secs] 
109.547: Total time for which application threads were stopped: 0.0047720 seconds, Stopping threads took: 0.0001150 seconds
109.578: Application time: 0.0315750 seconds
109.578: [GC [PSYoungGen: 103664K->10912K(107520K)] 216920K->124168K(352256K), 0.0045150 secs] [Times: user=0.03 sys=0.00, real=0.00 secs] 
109.583: Total time for which application threads were stopped: 0.0046830 seconds, Stopping threads took: 0.0000740 seconds
109.605: Application time: 0.0226360 seconds
109.610: [GC [PSYoungGen: 103584K->11136K(107520K)] 216840K->124392K(352256K), 0.0046550 secs] [Times: user=0.03 sys=0.00, real=0.01 secs] 
109.615: Total time for which application threads were stopped: 0.0092260 seconds, Stopping threads took: 0.0044780 seconds
109.639: Application time: 0.0241320 seconds
109.639: [GC [PSYoungGen: 103808K->13104K(107520K)] 217064K->126360K(352256K), 0.0052140 secs] [Times: user=0.04 sys=0.00, real=0.00 secs] 
109.644: Total time for which application threads were stopped: 0.0054180 seconds, Stopping threads took: 0.0001060 seconds
109.681: Application time: 0.0363200 seconds
109.681: [GC [PSYoungGen: 105776K->10080K(107520K)] 219032K->125684K(352256K), 0.0046870 secs] [Times: user=0.03 sys=0.00, real=0.00 secs] 
109.685: Total time for which application threads were stopped: 0.0048920 seconds, Stopping threads took: 0.0001060 seconds
109.717: Application time: 0.0320160 seconds
109.718: [GC [PSYoungGen: 102752K->8592K(107520K)] 218356K->124196K(352256K), 0.0035760 secs] [Times: user=0.03 sys=0.00, real=0.00 secs] 
109.721: Total time for which application threads were stopped: 0.0037330 seconds, Stopping threads took: 0.0000730 seconds
109.758: Application time: 0.0372320 seconds
109.759: [GC [PSYoungGen: 101264K->10128K(107520K)] 216868K->125732K(352256K), 0.0041720 secs] [Times: user=0.02 sys=0.00, real=0.00 secs] 
109.763: Total time for which application threads were stopped: 0.0043610 seconds, Stopping threads took: 0.0000890 seconds
109.795: Application time: 0.0324220 seconds
109.795: [GC [PSYoungGen: 102800K->8672K(107520K)] 218404K->124308K(352256K), 0.0036170 secs] [Times: user=0.03 sys=0.00, real=0.00 secs] 
109.799: Total time for which application threads were stopped: 0.0038190 seconds, Stopping threads took: 0.0001050 seconds
109.830: Application time: 0.0313650 seconds
109.831: [GC [PSYoungGen: 101344K->8720K(107520K)] 216980K->124500K(352256K), 0.0035320 secs] [Times: user=0.02 sys=0.00, real=0.01 secs] 
109.834: Total time for which application threads were stopped: 0.0037340 seconds, Stopping threads took: 0.0001040 seconds
109.859: Application time: 0.0243770 seconds
109.859: [GC [PSYoungGen: 101392K->8480K(107520K)] 217172K->124316K(352256K), 0.0035250 secs] [Times: user=0.02 sys=0.00, real=0.00 secs] 
109.862: Total time for which application threads were stopped: 0.0037110 seconds, Stopping threads took: 0.0000920 seconds
109.887: Application time: 0.0250580 seconds
109.887: [GC [PSYoungGen: 101152K->8432K(107520K)] 216988K->124268K(352256K), 0.0115810 secs] [Times: user=0.08 sys=0.00, real=0.01 secs] 
109.899: Total time for which application threads were stopped: 0.0117610 seconds, Stopping threads took: 0.0000890 seconds
109.930: Application time: 0.0306890 seconds
109.930: [GC [PSYoungGen: 101104K->9904K(107520K)] 216940K->126660K(352256K), 0.0041170 secs] [Times: user=0.03 sys=0.00, real=0.01 secs] 
109.934: Total time for which application threads were stopped: 0.0043440 seconds, Stopping threads took: 0.0001320 seconds
109.968: Application time: 0.0341770 seconds
109.968: [GC [PSYoungGen: 102576K->9648K(107520K)] 219332K->126412K(352256K), 0.0038910 secs] [Times: user=0.02 sys=0.00, real=0.00 secs] 
109.972: Total time for which application threads were stopped: 0.0040900 seconds, Stopping threads took: 0.0000930 seconds
110.007: Application time: 0.0342770 seconds
110.007: [GC [PSYoungGen: 102320K->7728K(107520K)] 219084K->124492K(352256K), 0.0031220 secs] [Times: user=0.02 sys=0.00, real=0.00 secs] 
110.010: Total time for which application threads were stopped: 0.0032970 seconds, Stopping threads took: 0.0000820 seconds
110.045: Application time: 0.0353620 seconds
110.046: [GC [PSYoungGen: 100400K->7984K(107520K)] 217164K->124748K(352256K), 0.0032350 secs] [Times: user=0.02 sys=0.00, real=0.01 secs] 
110.049: Total time for which application threads were stopped: 0.0034490 seconds, Stopping threads took: 0.0000970 seconds
110.079: Application time: 0.0305760 seconds
110.080: [GC [PSYoungGen: 100656K->7824K(107520K)] 217420K->124588K(352256K), 0.0031440 secs] [Times: user=0.02 sys=0.00, real=0.00 secs] 
110.083: Total time for which application threads were stopped: 0.0033280 seconds, Stopping threads took: 0.0000870 seconds
110.112: Application time: 0.0294180 seconds
110.112: [GC [PSYoungGen: 100496K->8000K(107520K)] 217260K->124820K(352256K), 0.0033010 secs] [Times: user=0.02 sys=0.00, real=0.01 secs] 
110.116: Total time for which application threads were stopped: 0.0034980 seconds, Stopping threads took: 0.0001020 seconds
110.138: Application time: 0.0227000 seconds
110.138: [GC [PSYoungGen: 100672K->7968K(107520K)] 217492K->124788K(352256K), 0.0032110 secs] [Times: user=0.02 sys=0.00, real=0.00 secs] 
110.142: Total time for which application threads were stopped: 0.0033740 seconds, Stopping threads took: 0.0000740 seconds
110.170: Application time: 0.0278940 seconds
110.170: [GC [PSYoungGen: 100640K->14816K(107520K)] 217460K->132004K(352256K), 0.0061960 secs] [Times: user=0.04 sys=0.00, real=0.01 secs] 
110.176: Total time for which application threads were stopped: 0.0063850 seconds, Stopping threads took: 0.0000890 seconds
110.210: Application time: 0.0345150 seconds
110.211: [GC [PSYoungGen: 107488K->11712K(107520K)] 224676K->128900K(352256K), 0.0045040 secs] [Times: user=0.03 sys=0.00, real=0.01 secs] 
110.215: Total time for which application threads were stopped: 0.0046750 seconds, Stopping threads took: 0.0000800 seconds
110.248: Application time: 0.0328140 seconds
110.248: [GC [PSYoungGen: 104384K->10560K(107520K)] 221572K->127748K(352256K), 0.0041380 secs] [Times: user=0.03 sys=0.00, real=0.00 secs] 
110.252: Total time for which application threads were stopped: 0.0043490 seconds, Stopping threads took: 0.0001140 seconds
110.290: Application time: 0.0375100 seconds
110.290: [GC [PSYoungGen: 103232K->11984K(107520K)] 220420K->129172K(352256K), 0.0047170 secs] [Times: user=0.03 sys=0.00, real=0.01 secs] 
110.295: Total time for which application threads were stopped: 0.0049240 seconds, Stopping threads took: 0.0001080 seconds
110.326: Application time: 0.0310430 seconds
110.330: [GC [PSYoungGen: 104656K->10288K(107520K)] 221844K->127476K(352256K), 0.0041870 secs] [Times: user=0.03 sys=0.00, real=0.01 secs] 
110.334: Total time for which application threads were stopped: 0.0084140 seconds, Stopping threads took: 0.0041320 seconds
110.366: Application time: 0.0316900 seconds
110.370: [GC [PSYoungGen: 102960K->10528K(107520K)] 220148K->127716K(352256K), 0.0041830 secs] [Times: user=0.03 sys=0.00, real=0.01 secs] 
110.374: Total time for which application threads were stopped: 0.0082490 seconds, Stopping threads took: 0.0039810 seconds
110.396: Application time: 0.0215940 seconds
110.396: [GC [PSYoungGen: 103200K->10496K(107520K)] 220388K->127684K(352256K), 0.0042330 secs] [Times: user=0.03 sys=0.00, real=0.00 secs] 
110.400: Total time for which application threads were stopped: 0.0044550 seconds, Stopping threads took: 0.0001280 seconds
110.427: Application time: 0.0269640 seconds
110.430: [GC [PSYoungGen: 103168K->10784K(107520K)] 220356K->127972K(352256K), 0.0042170 secs] [Times: user=0.03 sys=0.00, real=0.01 secs] 
110.434: Total time for which application threads were stopped: 0.0070580 seconds, Stopping threads took: 0.0027500 seconds
110.468: Application time: 0.0337500 seconds
110.468: [GC [PSYoungGen: 103456K->12688K(107520K)] 220644K->129876K(352256K), 0.0050940 secs] [Times: user=0.04 sys=0.00, real=0.00 secs] 
110.473: Total time for which application threads were stopped: 0.0052630 seconds, Stopping threads took: 0.0000780 seconds
110.505: Application time: 0.0319410 seconds
110.505: [GC [PSYoungGen: 105360K->12256K(107520K)] 222548K->129444K(352256K), 0.0048630 secs] [Times: user=0.03 sys=0.00, real=0.01 secs] 
110.510: Total time for which application threads were stopped: 0.0050210 seconds, Stopping threads took: 0.0000670 seconds
110.547: Application time: 0.0363370 seconds
110.547: [GC [PSYoungGen: 104928K->10320K(107520K)] 222116K->127508K(352256K), 0.0041390 secs] [Times: user=0.02 sys=0.00, real=0.00 secs] 
110.551: Total time for which application threads were stopped: 0.0043250 seconds, Stopping threads took: 0.0000710 seconds
110.583: Application time: 0.0325370 seconds
110.584: [GC [PSYoungGen: 102992K->10176K(107520K)] 220180K->127364K(352256K), 0.0041080 secs] [Times: user=0.03 sys=0.00, real=0.01 secs] 
110.588: Total time for which application threads were stopped: 0.0042880 seconds, Stopping threads took: 0.0000800 seconds
110.620: Application time: 0.0324460 seconds
110.620: [GC [PSYoungGen: 102848K->10080K(107520K)] 220036K->127448K(352256K), 0.0040610 secs] [Times: user=0.03 sys=0.00, real=0.00 secs] 
110.624: Total time for which application threads were stopped: 0.0042470 seconds, Stopping threads took: 0.0000880 seconds
110.650: Application time: 0.0252280 seconds
110.650: [GC [PSYoungGen: 102752K->10208K(107520K)] 220120K->127576K(352256K), 0.0039230 secs] [Times: user=0.02 sys=0.00, real=0.00 secs] 
110.654: Total time for which application threads were stopped: 0.0040960 seconds, Stopping threads took: 0.0000790 seconds
110.676: Application time: 0.0227280 seconds
110.677: [GC [PSYoungGen: 102880K->10032K(107520K)] 220248K->127456K(352256K), 0.0039150 secs] [Times: user=0.02 sys=0.00, real=0.00 secs] 
110.681: Total time for which application threads were stopped: 0.0041020 seconds, Stopping threads took: 0.0000890 seconds
110.716: Application time: 0.0351090 seconds
110.716: [GC [PSYoungGen: 102704K->9696K(107520K)] 220128K->129614K(352256K), 0.0045010 secs] [Times: user=0.03 sys=0.00, real=0.00 secs] 
110.720: Total time for which application threads were stopped: 0.0046830 seconds, Stopping threads took: 0.0000830 seconds
110.750: Application time: 0.0300200 seconds
110.751: [GC [PSYoungGen: 102368K->8272K(107520K)] 222286K->128246K(352256K), 0.0032600 secs] [Times: user=0.02 sys=0.00, real=0.00 secs] 
110.754: Total time for which application threads were stopped: 0.0034600 seconds, Stopping threads took: 0.0000950 seconds
110.789: Application time: 0.0347910 seconds
110.789: [GC [PSYoungGen: 100944K->7744K(107520K)] 220918K->127726K(352256K), 0.0032610 secs] [Times: user=0.02 sys=0.00, real=0.00 secs] 
110.792: Total time for which application threads were stopped: 0.0034590 seconds, Stopping threads took: 0.0001010 seconds
110.829: Application time: 0.0372430 seconds
110.830: [GC [PSYoungGen: 100416K->8288K(107520K)] 220398K->128270K(352256K), 0.0033910 secs] [Times: user=0.03 sys=0.00, real=0.00 secs] 
110.833: Total time for which application threads were stopped: 0.0035770 seconds, Stopping threads took: 0.0000980 seconds
110.862: Application time: 0.0289650 seconds
110.862: [GC [PSYoungGen: 100960K->7808K(107520K)] 220942K->127790K(352256K), 0.0033090 secs] [Times: user=0.02 sys=0.00, real=0.00 secs] 
110.865: Total time for which application threads were stopped: 0.0034940 seconds, Stopping threads took: 0.0000990 seconds
110.897: Application time: 0.0317440 seconds
110.897: [GC [PSYoungGen: 100480K->7888K(107520K)] 220462K->127926K(352256K), 0.0032960 secs] [Times: user=0.02 sys=0.00, real=0.00 secs] 
110.901: Total time for which application threads were stopped: 0.0034560 seconds, Stopping threads took: 0.0000740 seconds
110.922: Application time: 0.0215360 seconds
110.922: [GC [PSYoungGen: 100560K->8096K(107520K)] 220598K->128134K(352256K), 0.0032070 secs] [Times: user=0.03 sys=0.00, real=0.00 secs] 
110.926: Total time for which application threads were stopped: 0.0034020 seconds, Stopping threads took: 0.0001060 seconds
110.953: Application time: 0.0274410 seconds
110.953: [GC [PSYoungGen: 100768K->12832K(107520K)] 220806K->132870K(352256K), 0.0050550 secs] [Times: user=0.03 sys=0.00, real=0.01 secs] 
110.958: Total time for which application threads were stopped: 0.0052080 seconds, Stopping threads took: 0.0000520 seconds
110.993: Application time: 0.0343640 seconds
110.993: [GC [PSYoungGen: 105504K->9168K(107520K)] 225542K->129206K(352256K), 0.0035380 secs] [Times: user=0.02 sys=0.00, real=0.01 secs] 
110.996: Total time for which application threads were stopped: 0.0037190 seconds, Stopping threads took: 0.0000940 seconds
111.028: Application time: 0.0317030 seconds
111.028: [GC [PSYoungGen: 101840K->9536K(107520K)] 221878K->129574K(352256K), 0.0037920 secs] [Times: user=0.03 sys=0.00, real=0.00 secs] 
111.032: Total time for which application threads were stopped: 0.0039870 seconds, Stopping threads took: 0.0000970 seconds
111.070: Application time: 0.0381040 seconds
111.070: [GC [PSYoungGen: 102208K->9616K(107520K)] 222246K->129654K(352256K), 0.0037890 secs] [Times: user=0.03 sys=0.00, real=0.01 secs] 
111.074: Total time for which application threads were stopped: 0.0040110 seconds, Stopping threads took: 0.0001030 seconds
111.105: Application time: 0.0307050 seconds
111.105: [GC [PSYoungGen: 102288K->8064K(107520K)] 222326K->128102K(352256K), 0.0033120 secs] [Times: user=0.02 sys=0.00, real=0.01 secs] 
111.108: Total time for which application threads were stopped: 0.0035200 seconds, Stopping threads took: 0.0001090 seconds
111.141: Application time: 0.0326160 seconds
111.141: [GC [PSYoungGen: 100736K->8048K(107520K)] 220774K->128086K(352256K), 0.0031800 secs] [Times: user=0.02 sys=0.00, real=0.00 secs] 
111.144: Total time for which application threads were stopped: 0.0033830 seconds, Stopping threads took: 0.0001040 seconds
111.167: Application time: 0.0228680 seconds
111.167: [GC [PSYoungGen: 100720K->8080K(107520K)] 220758K->128118K(352256K), 0.0033450 secs] [Times: user=0.02 sys=0.00, real=0.00 secs] 
111.171: Total time for which application threads were stopped: 0.0035080 seconds, Stopping threads took: 0.0000750 seconds
111.195: Application time: 0.0238800 seconds
111.195: [GC [PSYoungGen: 100752K->7968K(107520K)] 220790K->128006K(352256K), 0.0032550 secs] [Times: user=0.02 sys=0.00, real=0.00 secs] 
111.198: Total time for which application threads were stopped: 0.0034310 seconds, Stopping threads took: 0.0000830 seconds
111.233: Application time: 0.0350710 seconds
111.233: [GC [PSYoungGen: 100640K->12272K(107520K)] 220678K->132310K(352256K), 0.0048960 secs] [Times: user=0.03 sys=0.00, real=0.01 secs] 
111.238: Total time for which application threads were stopped: 0.0050950 seconds, Stopping threads took: 0.0001000 seconds
111.270: Application time: 0.0319660 seconds
111.270: [GC [PSYoungGen: 104944K->8096K(107520K)] 224982K->128134K(352256K), 0.0032180 secs] [Times: user=0.02 sys=0.00, real=0.00 secs] 
111.274: Total time for which application threads were stopped: 0.0034010 seconds, Stopping threads took: 0.0001020 seconds
111.309: Application time: 0.0351730 seconds
111.309: [GC [PSYoungGen: 100768K->8128K(107520K)] 220806K->128166K(352256K), 0.0032670 secs] [Times: user=0.03 sys=0.00, real=0.00 secs] 
111.312: Total time for which application threads were stopped: 0.0034430 seconds, Stopping threads took: 0.0000890 seconds
111.348: Application time: 0.0356660 seconds
111.348: [GC [PSYoungGen: 100800K->8032K(107520K)] 220838K->128070K(352256K), 0.0032530 secs] [Times: user=0.02 sys=0.00, real=0.00 secs] 
111.351: Total time for which application threads were stopped: 0.0034100 seconds, Stopping threads took: 0.0000730 seconds
111.382: Application time: 0.0303740 seconds
111.382: [GC [PSYoungGen: 100704K->7728K(107520K)] 220742K->127926K(352256K), 0.0033530 secs] [Times: user=0.01 sys=0.00, real=0.00 secs] 
111.385: Total time for which application threads were stopped: 0.0035500 seconds, Stopping threads took: 0.0000960 seconds
111.413: Application time: 0.0281990 seconds
111.414: [GC [PSYoungGen: 100400K->7872K(107520K)] 220598K->128126K(352256K), 0.0031800 secs] [Times: user=0.02 sys=0.00, real=0.01 secs] 
111.417: Total time for which application threads were stopped: 0.0033950 seconds, Stopping threads took: 0.0001310 seconds
111.441: Application time: 0.0239320 seconds
111.441: [GC [PSYoungGen: 100544K->7552K(107520K)] 220798K->127862K(352256K), 0.0031650 secs] [Times: user=0.02 sys=0.00, real=0.00 secs] 
111.444: Total time for which application threads were stopped: 0.0033560 seconds, Stopping threads took: 0.0000980 seconds
111.476: Application time: 0.0315280 seconds
111.478: [GC [PSYoungGen: 100224K->11536K(107520K)] 220534K->131846K(352256K), 0.0047040 secs] [Times: user=0.03 sys=0.00, real=0.00 secs] 
111.483: Total time for which application threads were stopped: 0.0070970 seconds, Stopping threads took: 0.0023020 seconds
111.515: Application time: 0.0317920 seconds
111.515: [GC [PSYoungGen: 104208K->8336K(107520K)] 224518K->128702K(352256K), 0.0033620 secs] [Times: user=0.02 sys=0.00, real=0.00 secs] 
111.518: Total time for which application threads were stopped: 0.0035640 seconds, Stopping threads took: 0.0001160 seconds
111.552: Application time: 0.0341500 seconds
111.552: [GC [PSYoungGen: 101008K->7696K(107520K)] 221374K->128070K(352256K), 0.0031380 secs] [Times: user=0.02 sys=0.00, real=0.01 secs] 
111.556: Total time for which application threads were stopped: 0.0033080 seconds, Stopping threads took: 0.0000820 seconds
111.591: Application time: 0.0356950 seconds
111.591: [GC [PSYoungGen: 100368K->9392K(107520K)] 220742K->129766K(352256K), 0.0038880 secs] [Times: user=0.02 sys=0.00, real=0.01 secs] 
111.595: Total time for which application threads were stopped: 0.0040830 seconds, Stopping threads took: 0.0000860 seconds
111.627: Application time: 0.0317730 seconds
111.627: [GC [PSYoungGen: 102064K->7776K(107520K)] 222438K->128150K(352256K), 0.0032640 secs] [Times: user=0.02 sys=0.00, real=0.00 secs] 
111.631: Total time for which application threads were stopped: 0.0034350 seconds, Stopping threads took: 0.0000810 seconds
111.661: Application time: 0.0299480 seconds
111.662: [GC [PSYoungGen: 100448K->7744K(107520K)] 220822K->128167K(352256K), 0.0032800 secs] [Times: user=0.02 sys=0.01, real=0.00 secs] 
111.665: Total time for which application threads were stopped: 0.0048120 seconds, Stopping threads took: 0.0014420 seconds
111.688: Application time: 0.0222910 seconds
111.688: [GC [PSYoungGen: 100416K->7792K(107520K)] 220839K->128214K(352256K), 0.0032730 secs] [Times: user=0.02 sys=0.00, real=0.00 secs] 
111.691: Total time for which application threads were stopped: 0.0034260 seconds, Stopping threads took: 0.0000650 seconds
111.719: Application time: 0.0279690 seconds
111.719: [GC [PSYoungGen: 100464K->11328K(107520K)] 220886K->131751K(352256K), 0.0045780 secs] [Times: user=0.04 sys=0.00, real=0.00 secs] 
111.724: Total time for which application threads were stopped: 0.0047630 seconds, Stopping threads took: 0.0000890 seconds
111.756: Application time: 0.0320630 seconds
111.756: [GC [PSYoungGen: 104000K->12128K(107520K)] 224423K->132551K(352256K), 0.0046710 secs] [Times: user=0.04 sys=0.00, real=0.00 secs] 
111.761: Total time for which application threads were stopped: 0.0048520 seconds, Stopping threads took: 0.0000840 seconds
111.795: Application time: 0.0344530 seconds
111.795: [GC [PSYoungGen: 104800K->9600K(107520K)] 225223K->130023K(352256K), 0.0040170 secs] [Times: user=0.03 sys=0.00, real=0.00 secs] 
111.799: Total time for which application threads were stopped: 0.0041800 seconds, Stopping threads took: 0.0000720 seconds
111.834: Application time: 0.0346840 seconds
111.834: [GC [PSYoungGen: 102272K->8336K(107520K)] 222695K->128759K(352256K), 0.0033000 secs] [Times: user=0.02 sys=0.00, real=0.00 secs] 
111.838: Total time for which application threads were stopped: 0.0034830 seconds, Stopping threads took: 0.0000890 seconds
111.871: Application time: 0.0331070 seconds
111.871: [GC [PSYoungGen: 101008K->7904K(107520K)] 221431K->128327K(352256K), 0.0032690 secs] [Times: user=0.02 sys=0.00, real=0.01 secs] 
111.874: Total time for which application threads were stopped: 0.0034590 seconds, Stopping threads took: 0.0001020 seconds
111.906: Application time: 0.0316510 seconds
111.906: [GC [PSYoungGen: 100576K->7856K(107520K)] 220999K->128279K(352256K), 0.0031810 secs] [Times: user=0.02 sys=0.00, real=0.00 secs] 
111.909: Total time for which application threads were stopped: 0.0033750 seconds, Stopping threads took: 0.0001000 seconds
111.934: Application time: 0.0244720 seconds
111.934: [GC [PSYoungGen: 100528K->7936K(107520K)] 220951K->128359K(352256K), 0.0032940 secs] [Times: user=0.02 sys=0.00, real=0.01 secs] 
111.937: Total time for which application threads were stopped: 0.0034680 seconds, Stopping threads took: 0.0000840 seconds
111.962: Application time: 0.0253810 seconds
111.963: [GC [PSYoungGen: 100608K->7856K(107520K)] 221031K->128279K(352256K), 0.0031150 secs] [Times: user=0.03 sys=0.00, real=0.00 secs] 
111.966: Total time for which application threads were stopped: 0.0032920 seconds, Stopping threads took: 0.0000820 seconds
111.997: Application time: 0.0312950 seconds
111.997: [GC [PSYoungGen: 100528K->10144K(107520K)] 220951K->130567K(352256K), 0.0038330 secs] [Times: user=0.02 sys=0.00, real=0.00 secs] 
112.001: Total time for which application threads were stopped: 0.0039930 seconds, Stopping threads took: 0.0000690 seconds
112.035: Application time: 0.0339000 seconds
112.035: [GC [PSYoungGen: 102816K->8848K(107520K)] 223239K->129271K(352256K), 0.0035340 secs] [Times: user=0.02 sys=0.00, real=0.00 secs] 
112.039: Total time for which application threads were stopped: 0.0037080 seconds, Stopping threads took: 0.0000750 seconds
112.073: Application time: 0.0345000 seconds
112.073: [GC [PSYoungGen: 101520K->7920K(107520K)] 221943K->128343K(352256K), 0.0033180 secs] [Times: user=0.02 sys=0.00, real=0.01 secs] 
112.077: Total time for which application threads were stopped: 0.0035420 seconds, Stopping threads took: 0.0001270 seconds
112.110: Application time: 0.0336000 seconds
112.110: [GC [PSYoungGen: 100592K->9728K(107520K)] 221015K->130151K(352256K), 0.0038370 secs] [Times: user=0.02 sys=0.00, real=0.01 secs] 
112.114: Total time for which application threads were stopped: 0.0040370 seconds, Stopping threads took: 0.0000790 seconds
112.147: Application time: 0.0325440 seconds
112.147: [GC [PSYoungGen: 102400K->7936K(107520K)] 222823K->128515K(352256K), 0.0031850 secs] [Times: user=0.02 sys=0.00, real=0.00 secs] 
112.150: Total time for which application threads were stopped: 0.0033840 seconds, Stopping threads took: 0.0001030 seconds
112.177: Application time: 0.0262730 seconds
112.177: [GC [PSYoungGen: 100608K->7920K(107520K)] 221187K->128547K(352256K), 0.0032940 secs] [Times: user=0.03 sys=0.00, real=0.00 secs] 
112.180: Total time for which application threads were stopped: 0.0034830 seconds, Stopping threads took: 0.0000930 seconds
112.204: Application time: 0.0237470 seconds
112.204: [GC [PSYoungGen: 100592K->7776K(107520K)] 221219K->128451K(352256K), 0.0032170 secs] [Times: user=0.02 sys=0.00, real=0.01 secs] 
112.207: Total time for which application threads were stopped: 0.0033810 seconds, Stopping threads took: 0.0000700 seconds
112.237: Application time: 0.0298020 seconds
112.237: [GC [PSYoungGen: 100448K->12336K(107520K)] 221123K->133011K(352256K), 0.0046450 secs] [Times: user=0.03 sys=0.00, real=0.00 secs] 
112.242: Total time for which application threads were stopped: 0.0048420 seconds, Stopping threads took: 0.0000970 seconds
112.273: Application time: 0.0314060 seconds
112.273: [GC [PSYoungGen: 105008K->9632K(107520K)] 225683K->130355K(352256K), 0.0038950 secs] [Times: user=0.03 sys=0.00, real=0.01 secs] 
112.277: Total time for which application threads were stopped: 0.0040590 seconds, Stopping threads took: 0.0000730 seconds
112.314: Application time: 0.0367500 seconds
112.314: [GC [PSYoungGen: 102304K->7888K(107520K)] 223027K->128611K(352256K), 0.0032090 secs] [Times: user=0.02 sys=0.00, real=0.00 secs] 
112.317: Total time for which application threads were stopped: 0.0033880 seconds, Stopping threads took: 0.0000930 seconds
112.351: Application time: 0.0336360 seconds
112.351: [GC [PSYoungGen: 100560K->7600K(107520K)] 221283K->128323K(352256K), 0.0031850 secs] [Times: user=0.02 sys=0.00, real=0.01 secs] 
112.354: Total time for which application threads were stopped: 0.0033560 seconds, Stopping threads took: 0.0000820 seconds
112.387: Application time: 0.0321730 seconds
112.387: [GC [PSYoungGen: 100272K->7872K(107520K)] 220995K->128595K(352256K), 0.0031930 secs] [Times: user=0.02 sys=0.00, real=0.00 secs] 
112.390: Total time for which application threads were stopped: 0.0033640 seconds, Stopping threads took: 0.0000880 seconds
112.420: Application time: 0.0304970 seconds
112.421: [GC [PSYoungGen: 100544K->8016K(107520K)] 221267K->128795K(352256K), 0.0032820 secs] [Times: user=0.02 sys=0.00, real=0.00 secs] 
112.424: Total time for which application threads were stopped: 0.0034590 seconds, Stopping threads took: 0.0000840 seconds
112.446: Application time: 0.0222510 seconds
112.446: [GC [PSYoungGen: 100688K->7776K(107520K)] 221467K->128555K(352256K), 0.0031770 secs] [Times: user=0.02 sys=0.00, real=0.00 secs] 
112.450: Total time for which application threads were stopped: 0.0033560 seconds, Stopping threads took: 0.0000890 seconds
112.477: Application time: 0.0278060 seconds
112.477: [GC [PSYoungGen: 100448K->11328K(107520K)] 221227K->132107K(352256K), 0.0045530 secs] [Times: user=0.04 sys=0.00, real=0.00 secs] 
112.482: Total time for which application threads were stopped: 0.0047340 seconds, Stopping threads took: 0.0000820 seconds
112.513: Application time: 0.0309920 seconds
112.513: [GC [PSYoungGen: 104000K->9888K(107520K)] 224779K->130667K(352256K), 0.0039310 secs] [Times: user=0.02 sys=0.00, real=0.01 secs] 
112.517: Total time for which application threads were stopped: 0.0041140 seconds, Stopping threads took: 0.0000860 seconds
112.553: Application time: 0.0361240 seconds
112.553: [GC [PSYoungGen: 102560K->8496K(107520K)] 223339K->129275K(352256K), 0.0034500 secs] [Times: user=0.02 sys=0.00, real=0.01 secs] 
112.557: Total time for which application threads were stopped: 0.0036690 seconds, Stopping threads took: 0.0001200 seconds
112.590: Application time: 0.0334890 seconds
112.591: [GC [PSYoungGen: 101168K->7776K(107520K)] 221947K->128555K(352256K), 0.0031390 secs] [Times: user=0.02 sys=0.00, real=0.00 secs] 
112.594: Total time for which application threads were stopped: 0.0033220 seconds, Stopping threads took: 0.0000890 seconds
112.625: Application time: 0.0314670 seconds
112.625: [GC [PSYoungGen: 100448K->9680K(107520K)] 221227K->130459K(352256K), 0.0039040 secs] [Times: user=0.03 sys=0.00, real=0.01 secs] 
112.629: Total time for which application threads were stopped: 0.0041260 seconds, Stopping threads took: 0.0001060 seconds
112.663: Application time: 0.0336670 seconds
112.663: [GC [PSYoungGen: 102352K->7824K(107520K)] 223131K->128603K(352256K), 0.0031860 secs] [Times: user=0.02 sys=0.01, real=0.01 secs] 
112.666: Total time for which application threads were stopped: 0.0033680 seconds, Stopping threads took: 0.0000960 seconds
112.691: Application time: 0.0242590 seconds
112.691: [GC [PSYoungGen: 100496K->8048K(107520K)] 221275K->128827K(352256K), 0.0033190 secs] [Times: user=0.03 sys=0.00, real=0.01 secs] 
112.694: Total time for which application threads were stopped: 0.0034990 seconds, Stopping threads took: 0.0000910 seconds
112.720: Application time: 0.0253920 seconds
112.720: [GC [PSYoungGen: 100720K->8144K(107520K)] 221499K->128923K(352256K), 0.0032460 secs] [Times: user=0.02 sys=0.00, real=0.00 secs] 
112.723: Total time for which application threads were stopped: 0.0034410 seconds, Stopping threads took: 0.0001010 seconds
112.754: Application time: 0.0306560 seconds
112.754: [GC [PSYoungGen: 100816K->9008K(107520K)] 221595K->129787K(352256K), 0.0034560 secs] [Times: user=0.02 sys=0.00, real=0.01 secs] 
112.757: Total time for which application threads were stopped: 0.0036450 seconds, Stopping threads took: 0.0000970 seconds
112.790: Application time: 0.0325330 seconds
112.790: [GC [PSYoungGen: 101680K->9168K(107520K)] 222459K->129947K(352256K), 0.0035440 secs] [Times: user=0.03 sys=0.00, real=0.00 secs] 
112.794: Total time for which application threads were stopped: 0.0037370 seconds, Stopping threads took: 0.0001070 seconds
112.830: Application time: 0.0366550 seconds
112.834: [GC [PSYoungGen: 101840K->7824K(107520K)] 222619K->128603K(352256K), 0.0032330 secs] [Times: user=0.03 sys=0.00, real=0.00 secs] 
112.837: Total time for which application threads were stopped: 0.0070140 seconds, Stopping threads took: 0.0036910 seconds
112.870: Application time: 0.0322440 seconds
112.870: [GC [PSYoungGen: 100496K->8064K(107520K)] 221275K->128843K(352256K), 0.0031800 secs] [Times: user=0.03 sys=0.00, real=0.00 secs] 
112.873: Total time for which application threads were stopped: 0.0033260 seconds, Stopping threads took: 0.0000580 seconds
112.906: Application time: 0.0334140 seconds
112.906: [GC [PSYoungGen: 100736K->7792K(107520K)] 221515K->128719K(352256K), 0.0032770 secs] [Times: user=0.03 sys=0.00, real=0.00 secs] 
112.910: Total time for which application threads were stopped: 0.0034600 seconds, Stopping threads took: 0.0000980 seconds
112.937: Application time: 0.0276380 seconds
112.937: [GC [PSYoungGen: 100464K->7776K(107520K)] 221391K->128751K(352256K), 0.0031680 secs] [Times: user=0.02 sys=0.00, real=0.00 secs] 
112.941: Total time for which application threads were stopped: 0.0033260 seconds, Stopping threads took: 0.0000740 seconds
112.964: Application time: 0.0233180 seconds
112.964: [GC [PSYoungGen: 100448K->7904K(107520K)] 221423K->128935K(352256K), 0.0033420 secs] [Times: user=0.03 sys=0.00, real=0.01 secs] 
112.968: Total time for which application threads were stopped: 0.0035390 seconds, Stopping threads took: 0.0001030 seconds
112.997: Application time: 0.0294110 seconds
112.997: [GC [PSYoungGen: 100576K->13152K(107520K)] 221607K->134183K(352256K), 0.0051280 secs] [Times: user=0.04 sys=0.00, real=0.00 secs] 
113.002: Total time for which application threads were stopped: 0.0053170 seconds, Stopping threads took: 0.0000880 seconds
113.034: Application time: 0.0313300 seconds
113.034: [GC [PSYoungGen: 105824K->10176K(107520K)] 226855K->131207K(352256K), 0.0040100 secs] [Times: user=0.03 sys=0.00, real=0.01 secs] 
113.038: Total time for which application threads were stopped: 0.0041940 seconds, Stopping threads took: 0.0000840 seconds
113.075: Application time: 0.0375990 seconds
113.076: [GC [PSYoungGen: 102848K->7488K(107520K)] 223879K->128567K(352256K), 0.0030340 secs] [Times: user=0.02 sys=0.00, real=0.00 secs] 
113.079: Total time for which application threads were stopped: 0.0032140 seconds, Stopping threads took: 0.0000810 seconds
113.112: Application time: 0.0335310 seconds
113.112: [GC [PSYoungGen: 100160K->7680K(107520K)] 221239K->128759K(352256K), 0.0031640 secs] [Times: user=0.02 sys=0.00, real=0.01 secs] 
113.116: Total time for which application threads were stopped: 0.0033780 seconds, Stopping threads took: 0.0001150 seconds
113.146: Application time: 0.0307010 seconds
113.146: [GC [PSYoungGen: 100352K->8784K(107520K)] 221431K->129863K(352256K), 0.0035370 secs] [Times: user=0.01 sys=0.00, real=0.00 secs] 
113.150: Total time for which application threads were stopped: 0.0037360 seconds, Stopping threads took: 0.0000850 seconds
113.182: Application time: 0.0316390 seconds
113.182: [GC [PSYoungGen: 101456K->7776K(107520K)] 222535K->128855K(352256K), 0.0031980 secs] [Times: user=0.02 sys=0.00, real=0.00 secs] 
113.185: Total time for which application threads were stopped: 0.0034090 seconds, Stopping threads took: 0.0001180 seconds
113.208: Application time: 0.0231760 seconds
113.208: [GC [PSYoungGen: 100448K->7888K(107520K)] 221527K->129015K(352256K), 0.0032410 secs] [Times: user=0.02 sys=0.00, real=0.00 secs] 
113.212: Total time for which application threads were stopped: 0.0034240 seconds, Stopping threads took: 0.0000890 seconds
113.238: Application time: 0.0263980 seconds
113.242: [GC [PSYoungGen: 100560K->9888K(107520K)] 221687K->131015K(352256K), 0.0042660 secs] [Times: user=0.03 sys=0.01, real=0.01 secs] 
113.246: Total time for which application threads were stopped: 0.0082820 seconds, Stopping threads took: 0.0039240 seconds
113.279: Application time: 0.0324540 seconds
113.279: [GC [PSYoungGen: 102560K->10048K(107520K)] 223687K->131175K(352256K), 0.0040960 secs] [Times: user=0.03 sys=0.00, real=0.00 secs] 
113.283: Total time for which application threads were stopped: 0.0042900 seconds, Stopping threads took: 0.0001040 seconds
113.318: Application time: 0.0344470 seconds
113.318: [GC [PSYoungGen: 102720K->9712K(107520K)] 223847K->130839K(352256K), 0.0039560 secs] [Times: user=0.03 sys=0.00, real=0.00 secs] 
113.322: Total time for which application threads were stopped: 0.0041400 seconds, Stopping threads took: 0.0000870 seconds
113.358: Application time: 0.0358930 seconds
113.358: [GC [PSYoungGen: 102384K->7904K(107520K)] 223511K->129031K(352256K), 0.0032890 secs] [Times: user=0.02 sys=0.00, real=0.00 secs] 
113.361: Total time for which application threads were stopped: 0.0034700 seconds, Stopping threads took: 0.0000860 seconds
113.393: Application time: 0.0317340 seconds
113.393: [GC [PSYoungGen: 100576K->8016K(107520K)] 221703K->129143K(352256K), 0.0032510 secs] [Times: user=0.02 sys=0.00, real=0.01 secs] 
113.396: Total time for which application threads were stopped: 0.0034430 seconds, Stopping threads took: 0.0000990 seconds
113.428: Application time: 0.0322550 seconds
113.429: [GC [PSYoungGen: 100688K->8064K(107520K)] 221815K->129191K(352256K), 0.0032960 secs] [Times: user=0.02 sys=0.00, real=0.00 secs] 
113.432: Total time for which application threads were stopped: 0.0034710 seconds, Stopping threads took: 0.0000830 seconds
113.458: Application time: 0.0264600 seconds
113.459: [GC [PSYoungGen: 100736K->7904K(107520K)] 221863K->129031K(352256K), 0.0032510 secs] [Times: user=0.02 sys=0.00, real=0.00 secs] 
113.462: Total time for which application threads were stopped: 0.0034100 seconds, Stopping threads took: 0.0000710 seconds
113.485: Application time: 0.0232030 seconds
113.485: [GC [PSYoungGen: 100576K->8064K(107520K)] 221703K->129191K(352256K), 0.0032920 secs] [Times: user=0.03 sys=0.00, real=0.01 secs] 
113.488: Total time for which application threads were stopped: 0.0034610 seconds, Stopping threads took: 0.0000830 seconds
113.519: Application time: 0.0300980 seconds
113.519: [GC [PSYoungGen: 100736K->10272K(107520K)] 221863K->131399K(352256K), 0.0040820 secs] [Times: user=0.03 sys=0.00, real=0.00 secs] 
113.523: Total time for which application threads were stopped: 0.0042850 seconds, Stopping threads took: 0.0001130 seconds
113.556: Application time: 0.0331690 seconds
113.556: [GC [PSYoungGen: 102944K->8560K(107520K)] 224071K->129687K(352256K), 0.0034050 secs] [Times: user=0.03 sys=0.00, real=0.00 secs] 
113.560: Total time for which application threads were stopped: 0.0036040 seconds, Stopping threads took: 0.0001100 seconds
113.596: Application time: 0.0362080 seconds
113.596: [GC [PSYoungGen: 101232K->7744K(107520K)] 222359K->128871K(352256K), 0.0032100 secs] [Times: user=0.02 sys=0.00, real=0.00 secs] 
113.599: Total time for which application threads were stopped: 0.0033980 seconds, Stopping threads took: 0.0000940 seconds
113.633: Application time: 0.0335620 seconds
113.633: [GC [PSYoungGen: 100416K->7808K(107520K)] 221543K->128935K(352256K), 0.0032640 secs] [Times: user=0.02 sys=0.00, real=0.01 secs] 
113.636: Total time for which application threads were stopped: 0.0034840 seconds, Stopping threads took: 0.0001260 seconds
113.667: Application time: 0.0310030 seconds
113.667: [GC [PSYoungGen: 100480K->9808K(107520K)] 221607K->131099K(352256K), 0.0040620 secs] [Times: user=0.03 sys=0.00, real=0.00 secs] 
113.672: Total time for which application threads were stopped: 0.0042750 seconds, Stopping threads took: 0.0000980 seconds
113.702: Application time: 0.0303940 seconds
113.702: [GC [PSYoungGen: 102480K->7632K(107520K)] 223771K->128979K(352256K), 0.0030850 secs] [Times: user=0.02 sys=0.00, real=0.00 secs] 
113.705: Total time for which application threads were stopped: 0.0032590 seconds, Stopping threads took: 0.0000920 seconds
113.728: Application time: 0.0232340 seconds
113.729: [GC [PSYoungGen: 100304K->7664K(107520K)] 221651K->129067K(352256K), 0.0031940 secs] [Times: user=0.02 sys=0.00, real=0.00 secs] 
113.732: Total time for which application threads were stopped: 0.0033720 seconds, Stopping threads took: 0.0000920 seconds
113.757: Application time: 0.0255370 seconds
113.758: [GC [PSYoungGen: 100336K->10720K(107520K)] 221739K->132123K(352256K), 0.0042240 secs] [Times: user=0.03 sys=0.00, real=0.00 secs] 
113.762: Total time for which application threads were stopped: 0.0043860 seconds, Stopping threads took: 0.0000620 seconds
113.796: Application time: 0.0340010 seconds
113.796: [GC [PSYoungGen: 103392K->10352K(107520K)] 224795K->131755K(352256K), 0.0041140 secs] [Times: user=0.03 sys=0.00, real=0.00 secs] 
113.800: Total time for which application threads were stopped: 0.0042990 seconds, Stopping threads took: 0.0000850 seconds
113.835: Application time: 0.0346550 seconds
113.835: [GC [PSYoungGen: 103024K->8000K(107520K)] 224427K->129459K(352256K), 0.0033260 secs] [Times: user=0.02 sys=0.00, real=0.00 secs] 
113.838: Total time for which application threads were stopped: 0.0035290 seconds, Stopping threads took: 0.0001040 seconds
113.873: Application time: 0.0348490 seconds
113.873: [GC [PSYoungGen: 100672K->7776K(107520K)] 222131K->129235K(352256K), 0.0032050 secs] [Times: user=0.02 sys=0.00, real=0.01 secs] 
113.877: Total time for which application threads were stopped: 0.0033840 seconds, Stopping threads took: 0.0000850 seconds
113.909: Application time: 0.0320660 seconds
113.909: [GC [PSYoungGen: 100448K->7744K(107520K)] 221907K->129203K(352256K), 0.0031120 secs] [Times: user=0.02 sys=0.00, real=0.00 secs] 
113.912: Total time for which application threads were stopped: 0.0032980 seconds, Stopping threads took: 0.0000940 seconds
113.944: Application time: 0.0318380 seconds
113.944: [GC [PSYoungGen: 100416K->7968K(107520K)] 221875K->129475K(352256K), 0.0033980 secs] [Times: user=0.02 sys=0.00, real=0.01 secs] 
113.947: Total time for which application threads were stopped: 0.0035810 seconds, Stopping threads took: 0.0000980 seconds
113.972: Application time: 0.0248150 seconds
113.972: [GC [PSYoungGen: 100640K->7792K(107520K)] 222147K->129299K(352256K), 0.0032550 secs] [Times: user=0.02 sys=0.00, real=0.01 secs] 
113.976: Total time for which application threads were stopped: 0.0034080 seconds, Stopping threads took: 0.0000680 seconds
113.999: Application time: 0.0236850 seconds
114.002: [GC [PSYoungGen: 100464K->7920K(107520K)] 221971K->129427K(352256K), 0.0052150 secs] [Times: user=0.04 sys=0.00, real=0.01 secs] 
114.007: Total time for which application threads were stopped: 0.0079970 seconds, Stopping threads took: 0.0026880 seconds
114.038: Application time: 0.0312810 seconds
114.039: [GC [PSYoungGen: 100592K->12064K(107520K)] 222099K->133571K(352256K), 0.0046580 secs] [Times: user=0.03 sys=0.00, real=0.00 secs] 
114.043: Total time for which application threads were stopped: 0.0048270 seconds, Stopping threads took: 0.0000740 seconds
114.077: Application time: 0.0336690 seconds
114.077: [GC [PSYoungGen: 104736K->9840K(107520K)] 226243K->131347K(352256K), 0.0039900 secs] [Times: user=0.02 sys=0.00, real=0.00 secs] 
114.081: Total time for which application threads were stopped: 0.0041860 seconds, Stopping threads took: 0.0000950 seconds
114.118: Application time: 0.0368210 seconds
114.118: [GC [PSYoungGen: 102512K->7984K(107520K)] 224019K->129491K(352256K), 0.0033470 secs] [Times: user=0.02 sys=0.00, real=0.00 secs] 
114.122: Total time for which application threads were stopped: 0.0035190 seconds, Stopping threads took: 0.0000760 seconds
114.154: Application time: 0.0325800 seconds
114.154: [GC [PSYoungGen: 100656K->7872K(107520K)] 222163K->129379K(352256K), 0.0032410 secs] [Times: user=0.02 sys=0.00, real=0.00 secs] 
114.158: Total time for which application threads were stopped: 0.0034240 seconds, Stopping threads took: 0.0000910 seconds
114.189: Application time: 0.0316720 seconds
114.189: [GC [PSYoungGen: 100544K->8352K(107520K)] 222051K->129859K(352256K), 0.0033650 secs] [Times: user=0.03 sys=0.00, real=0.00 secs] 
114.193: Total time for which application threads were stopped: 0.0035620 seconds, Stopping threads took: 0.0000950 seconds
114.221: Application time: 0.0281520 seconds
114.221: [GC [PSYoungGen: 101024K->8064K(107520K)] 222531K->129571K(352256K), 0.0033070 secs] [Times: user=0.02 sys=0.00, real=0.00 secs] 
114.224: Total time for which application threads were stopped: 0.0034890 seconds, Stopping threads took: 0.0000950 seconds
114.247: Application time: 0.0223660 seconds
114.247: [GC [PSYoungGen: 100736K->8000K(107520K)] 222243K->129507K(352256K), 0.0031980 secs] [Times: user=0.02 sys=0.00, real=0.00 secs] 
114.250: Total time for which application threads were stopped: 0.0033620 seconds, Stopping threads took: 0.0000780 seconds
114.277: Application time: 0.0270220 seconds
114.277: [GC [PSYoungGen: 100672K->11728K(107520K)] 222179K->133235K(352256K), 0.0046710 secs] [Times: user=0.04 sys=0.00, real=0.00 secs] 
114.282: Total time for which application threads were stopped: 0.0048710 seconds, Stopping threads took: 0.0001000 seconds
114.318: Application time: 0.0357130 seconds
114.318: [GC [PSYoungGen: 104400K->9872K(107520K)] 225907K->131379K(352256K), 0.0040680 secs] [Times: user=0.03 sys=0.00, real=0.00 secs] 
114.322: Total time for which application threads were stopped: 0.0042350 seconds, Stopping threads took: 0.0000710 seconds
114.357: Application time: 0.0351730 seconds
114.357: [GC [PSYoungGen: 102544K->8240K(107520K)] 224051K->129747K(352256K), 0.0034580 secs] [Times: user=0.02 sys=0.00, real=0.00 secs] 
114.361: Total time for which application threads were stopped: 0.0036190 seconds, Stopping threads took: 0.0000770 seconds
114.396: Application time: 0.0352900 seconds
114.396: [GC [PSYoungGen: 100912K->7936K(107520K)] 222419K->129443K(352256K), 0.0032030 secs] [Times: user=0.02 sys=0.00, real=0.00 secs] 
114.399: Total time for which application threads were stopped: 0.0033960 seconds, Stopping threads took: 0.0001050 seconds
114.430: Application time: 0.0300150 seconds
114.430: [GC [PSYoungGen: 100608K->9504K(107520K)] 222115K->131091K(352256K), 0.0042490 secs] [Times: user=0.03 sys=0.00, real=0.01 secs] 
114.434: Total time for which application threads were stopped: 0.0047750 seconds, Stopping threads took: 0.0004300 seconds
114.467: Application time: 0.0322300 seconds
114.470: [GC [PSYoungGen: 102176K->7872K(107520K)] 223763K->129575K(352256K), 0.0032510 secs] [Times: user=0.03 sys=0.00, real=0.00 secs] 
114.473: Total time for which application threads were stopped: 0.0067830 seconds, Stopping threads took: 0.0034460 seconds
114.497: Application time: 0.0241860 seconds
114.498: [GC [PSYoungGen: 100544K->7872K(107520K)] 222247K->129624K(352256K), 0.0032870 secs] [Times: user=0.02 sys=0.00, real=0.00 secs] 
114.501: Total time for which application threads were stopped: 0.0034910 seconds, Stopping threads took: 0.0001120 seconds
114.525: Application time: 0.0238330 seconds
114.525: [GC [PSYoungGen: 100544K->7696K(107520K)] 222296K->129447K(352256K), 0.0031580 secs] [Times: user=0.02 sys=0.00, real=0.01 secs] 
114.528: Total time for which application threads were stopped: 0.0033220 seconds, Stopping threads took: 0.0000750 seconds
114.563: Application time: 0.0346810 seconds
114.563: [GC [PSYoungGen: 100368K->10592K(107520K)] 222119K->132344K(352256K), 0.0041990 secs] [Times: user=0.03 sys=0.00, real=0.01 secs] 
114.567: Total time for which application threads were stopped: 0.0043840 seconds, Stopping threads took: 0.0000950 seconds
114.601: Application time: 0.0333670 seconds
114.601: [GC [PSYoungGen: 103264K->7872K(107520K)] 225016K->129680K(352256K), 0.0033270 secs] [Times: user=0.02 sys=0.00, real=0.00 secs] 
114.604: Total time for which application threads were stopped: 0.0034960 seconds, Stopping threads took: 0.0000730 seconds
114.640: Application time: 0.0358860 seconds
114.640: [GC [PSYoungGen: 100544K->7456K(107520K)] 222352K->129263K(352256K), 0.0031480 secs] [Times: user=0.02 sys=0.00, real=0.00 secs] 
114.643: Total time for which application threads were stopped: 0.0033390 seconds, Stopping threads took: 0.0001010 seconds
114.675: Application time: 0.0320010 seconds
114.675: [GC [PSYoungGen: 100128K->7568K(107520K)] 221935K->129376K(352256K), 0.0031510 secs] [Times: user=0.02 sys=0.00, real=0.00 secs] 
114.679: Total time for which application threads were stopped: 0.0033420 seconds, Stopping threads took: 0.0000940 seconds
114.710: Application time: 0.0318110 seconds
114.711: [GC [PSYoungGen: 100240K->7840K(107520K)] 222048K->129704K(352256K), 0.0031900 secs] [Times: user=0.02 sys=0.00, real=0.01 secs] 
114.714: Total time for which application threads were stopped: 0.0034380 seconds, Stopping threads took: 0.0001180 seconds
114.740: Application time: 0.0264670 seconds
114.740: [GC [PSYoungGen: 100512K->7792K(107520K)] 222376K->129656K(352256K), 0.0031780 secs] [Times: user=0.02 sys=0.00, real=0.00 secs] 
114.744: Total time for which application threads were stopped: 0.0033380 seconds, Stopping threads took: 0.0000710 seconds
114.766: Application time: 0.0220910 seconds
114.766: [GC [PSYoungGen: 100457K->7984K(107520K)] 222321K->129848K(352256K), 0.0032460 secs] [Times: user=0.02 sys=0.00, real=0.00 secs] 
114.769: Total time for which application threads were stopped: 0.0034530 seconds, Stopping threads took: 0.0001170 seconds
114.798: Application time: 0.0284600 seconds
114.798: [GC [PSYoungGen: 100656K->13824K(107520K)] 222520K->135688K(352256K), 0.0053540 secs] [Times: user=0.04 sys=0.01, real=0.00 secs] 
114.803: Total time for which application threads were stopped: 0.0055290 seconds, Stopping threads took: 0.0000780 seconds
114.840: Application time: 0.0362740 seconds
114.840: [GC [PSYoungGen: 106496K->10240K(107520K)] 228360K->132104K(352256K), 0.0040120 secs] [Times: user=0.03 sys=0.00, real=0.00 secs] 
114.844: Total time for which application threads were stopped: 0.0042220 seconds, Stopping threads took: 0.0001080 seconds
114.879: Application time: 0.0356580 seconds
114.880: [GC [PSYoungGen: 102912K->7888K(107520K)] 224776K->129752K(352256K), 0.0031970 secs] [Times: user=0.02 sys=0.00, real=0.00 secs] 
114.883: Total time for which application threads were stopped: 0.0033650 seconds, Stopping threads took: 0.0000730 seconds
114.918: Application time: 0.0349570 seconds
114.918: [GC [PSYoungGen: 100560K->7824K(107520K)] 222424K->129688K(352256K), 0.0031710 secs] [Times: user=0.02 sys=0.00, real=0.00 secs] 
114.921: Total time for which application threads were stopped: 0.0033420 seconds, Stopping threads took: 0.0000750 seconds
114.951: Application time: 0.0299780 seconds
114.951: [GC [PSYoungGen: 100496K->9808K(107520K)] 222360K->131672K(352256K), 0.0038620 secs] [Times: user=0.03 sys=0.00, real=0.01 secs] 
114.955: Total time for which application threads were stopped: 0.0040660 seconds, Stopping threads took: 0.0001030 seconds
114.986: Application time: 0.0306930 seconds
114.986: [GC [PSYoungGen: 102480K->7744K(107520K)] 224344K->129608K(352256K), 0.0031300 secs] [Times: user=0.02 sys=0.00, real=0.00 secs] 
114.989: Total time for which application threads were stopped: 0.0033400 seconds, Stopping threads took: 0.0001110 seconds
115.012: Application time: 0.0227160 seconds
115.012: [GC [PSYoungGen: 100416K->7920K(107520K)] 222280K->129784K(352256K), 0.0031070 secs] [Times: user=0.02 sys=0.00, real=0.01 secs] 
115.015: Total time for which application threads were stopped: 0.0032860 seconds, Stopping threads took: 0.0000800 seconds
115.043: Application time: 0.0275300 seconds
115.043: [GC [PSYoungGen: 100592K->9888K(107520K)] 222456K->131752K(352256K), 0.0037960 secs] [Times: user=0.02 sys=0.00, real=0.01 secs] 
115.047: Total time for which application threads were stopped: 0.0039720 seconds, Stopping threads took: 0.0000790 seconds
115.079: Application time: 0.0324040 seconds
115.079: [GC [PSYoungGen: 102560K->12064K(107520K)] 224424K->133928K(352256K), 0.0047310 secs] [Times: user=0.03 sys=0.00, real=0.00 secs] 
115.084: Total time for which application threads were stopped: 0.0049240 seconds, Stopping threads took: 0.0000950 seconds
115.121: Application time: 0.0365610 seconds
115.121: [GC [PSYoungGen: 104736K->7632K(107520K)] 226600K->129496K(352256K), 0.0030650 secs] [Times: user=0.03 sys=0.00, real=0.00 secs] 
115.124: Total time for which application threads were stopped: 0.0032650 seconds, Stopping threads took: 0.0001010 seconds
115.158: Application time: 0.0342830 seconds
115.158: [GC [PSYoungGen: 100304K->7872K(107520K)] 222168K->129736K(352256K), 0.0032340 secs] [Times: user=0.02 sys=0.00, real=0.00 secs] 
115.162: Total time for which application threads were stopped: 0.0034220 seconds, Stopping threads took: 0.0000910 seconds
115.192: Application time: 0.0309400 seconds
115.193: [GC [PSYoungGen: 100544K->8208K(107520K)] 222408K->130128K(352256K), 0.0033040 secs] [Times: user=0.02 sys=0.00, real=0.01 secs] 
115.196: Total time for which application threads were stopped: 0.0034890 seconds, Stopping threads took: 0.0000830 seconds
115.228: Application time: 0.0317690 seconds
115.228: [GC [PSYoungGen: 100880K->7696K(107520K)] 222800K->129760K(352256K), 0.0031980 secs] [Times: user=0.01 sys=0.00, real=0.00 secs] 
115.231: Total time for which application threads were stopped: 0.0033950 seconds, Stopping threads took: 0.0000830 seconds
115.255: Application time: 0.0240330 seconds
115.255: [GC [PSYoungGen: 100368K->7856K(107520K)] 222432K->129976K(352256K), 0.0033240 secs] [Times: user=0.02 sys=0.00, real=0.00 secs] 
115.259: Total time for which application threads were stopped: 0.0035120 seconds, Stopping threads took: 0.0001020 seconds
115.283: Application time: 0.0247910 seconds
115.284: [GC [PSYoungGen: 100528K->9296K(107520K)] 222648K->131416K(352256K), 0.0036440 secs] [Times: user=0.03 sys=0.00, real=0.01 secs] 
115.287: Total time for which application threads were stopped: 0.0038170 seconds, Stopping threads took: 0.0000740 seconds
115.320: Application time: 0.0328480 seconds
115.320: [GC [PSYoungGen: 101968K->8608K(107520K)] 224088K->130728K(352256K), 0.0032960 secs] [Times: user=0.03 sys=0.00, real=0.00 secs] 
115.324: Total time for which application threads were stopped: 0.0034720 seconds, Stopping threads took: 0.0000900 seconds
115.357: Application time: 0.0335830 seconds
115.357: [GC [PSYoungGen: 101280K->9696K(107520K)] 223400K->131872K(352256K), 0.0038980 secs] [Times: user=0.03 sys=0.00, real=0.00 secs] 
115.361: Total time for which application threads were stopped: 0.0041050 seconds, Stopping threads took: 0.0001100 seconds
115.398: Application time: 0.0366910 seconds
115.398: [GC [PSYoungGen: 102368K->7504K(107520K)] 224544K->129680K(352256K), 0.0030840 secs] [Times: user=0.02 sys=0.00, real=0.00 secs] 
115.401: Total time for which application threads were stopped: 0.0032710 seconds, Stopping threads took: 0.0000910 seconds
115.433: Application time: 0.0315980 seconds
115.433: [GC [PSYoungGen: 100176K->7872K(107520K)] 222352K->130048K(352256K), 0.0032230 secs] [Times: user=0.03 sys=0.00, real=0.01 secs] 
115.436: Total time for which application threads were stopped: 0.0034220 seconds, Stopping threads took: 0.0001010 seconds
115.468: Application time: 0.0321020 seconds
115.469: [GC [PSYoungGen: 100544K->8048K(107520K)] 222720K->130272K(352256K), 0.0032700 secs] [Times: user=0.03 sys=0.00, real=0.00 secs] 
115.472: Total time for which application threads were stopped: 0.0034740 seconds, Stopping threads took: 0.0001080 seconds
115.499: Application time: 0.0273240 seconds
115.499: [GC [PSYoungGen: 100720K->7968K(107520K)] 222944K->130192K(352256K), 0.0032560 secs] [Times: user=0.02 sys=0.00, real=0.00 secs] 
115.503: Total time for which application threads were stopped: 0.0034130 seconds, Stopping threads took: 0.0000650 seconds
115.526: Application time: 0.0234440 seconds
115.526: [GC [PSYoungGen: 100640K->7920K(107520K)] 222864K->130144K(352256K), 0.0033530 secs] [Times: user=0.02 sys=0.00, real=0.00 secs] 
115.530: Total time for which application threads were stopped: 0.0035090 seconds, Stopping threads took: 0.0000680 seconds
115.557: Application time: 0.0275950 seconds
115.557: [GC [PSYoungGen: 100592K->12224K(107520K)] 222816K->134448K(352256K), 0.0048010 secs] [Times: user=0.03 sys=0.00, real=0.00 secs] 
115.562: Total time for which application threads were stopped: 0.0050040 seconds, Stopping threads took: 0.0001020 seconds
115.597: Application time: 0.0346720 seconds
115.597: [GC [PSYoungGen: 104896K->8656K(107520K)] 227120K->130880K(352256K), 0.0033680 secs] [Times: user=0.02 sys=0.00, real=0.00 secs] 
115.600: Total time for which application threads were stopped: 0.0035670 seconds, Stopping threads took: 0.0001000 seconds
115.636: Application time: 0.0356150 seconds
115.636: [GC [PSYoungGen: 101328K->7872K(107520K)] 223552K->130096K(352256K), 0.0031650 secs] [Times: user=0.03 sys=0.00, real=0.00 secs] 
115.639: Total time for which application threads were stopped: 0.0033500 seconds, Stopping threads took: 0.0000870 seconds
115.674: Application time: 0.0346080 seconds
115.674: [GC [PSYoungGen: 100544K->7904K(107520K)] 222768K->130128K(352256K), 0.0031760 secs] [Times: user=0.02 sys=0.00, real=0.00 secs] 
115.677: Total time for which application threads were stopped: 0.0033450 seconds, Stopping threads took: 0.0000720 seconds
115.709: Application time: 0.0311360 seconds
115.709: [GC [PSYoungGen: 100576K->9632K(107520K)] 222800K->131856K(352256K), 0.0039500 secs] [Times: user=0.03 sys=0.00, real=0.00 secs] 
115.713: Total time for which application threads were stopped: 0.0041160 seconds, Stopping threads took: 0.0000690 seconds
115.743: Application time: 0.0299480 seconds
115.743: [GC [PSYoungGen: 102304K->7808K(107520K)] 224528K->130032K(352256K), 0.0031950 secs] [Times: user=0.02 sys=0.00, real=0.01 secs] 
115.746: Total time for which application threads were stopped: 0.0033990 seconds, Stopping threads took: 0.0000840 seconds
115.769: Application time: 0.0229060 seconds
115.770: [GC [PSYoungGen: 100480K->8064K(107520K)] 222704K->130288K(352256K), 0.0032530 secs] [Times: user=0.02 sys=0.00, real=0.00 secs] 
115.773: Total time for which application threads were stopped: 0.0043710 seconds, Stopping threads took: 0.0010250 seconds
115.798: Application time: 0.0249160 seconds
115.798: [GC [PSYoungGen: 100736K->9664K(107520K)] 222960K->131888K(352256K), 0.0038450 secs] [Times: user=0.03 sys=0.00, real=0.00 secs] 
115.802: Total time for which application threads were stopped: 0.0040430 seconds, Stopping threads took: 0.0000970 seconds
115.837: Application time: 0.0350570 seconds
115.838: [GC [PSYoungGen: 102336K->11904K(107520K)] 224560K->134128K(352256K), 0.0047800 secs] [Times: user=0.03 sys=0.00, real=0.00 secs] 
115.843: Total time for which application threads were stopped: 0.0055240 seconds, Stopping threads took: 0.0006470 seconds
115.877: Application time: 0.0346630 seconds
115.878: [GC [PSYoungGen: 104576K->8592K(107520K)] 226800K->130816K(352256K), 0.0034420 secs] [Times: user=0.02 sys=0.00, real=0.00 secs] 
115.881: Total time for which application threads were stopped: 0.0036160 seconds, Stopping threads took: 0.0000880 seconds
115.918: Application time: 0.0370050 seconds
115.918: [GC [PSYoungGen: 101264K->7888K(107520K)] 223488K->130112K(352256K), 0.0032190 secs] [Times: user=0.02 sys=0.00, real=0.00 secs] 
115.921: Total time for which application threads were stopped: 0.0033820 seconds, Stopping threads took: 0.0000820 seconds
115.951: Application time: 0.0299420 seconds
115.954: [GC [PSYoungGen: 100560K->8272K(107520K)] 222784K->130544K(352256K), 0.0034120 secs] [Times: user=0.02 sys=0.00, real=0.00 secs] 
115.957: Total time for which application threads were stopped: 0.0060180 seconds, Stopping threads took: 0.0025210 seconds
115.991: Application time: 0.0337230 seconds
115.994: [GC [PSYoungGen: 100944K->7856K(107520K)] 223216K->130244K(352256K), 0.0033300 secs] [Times: user=0.02 sys=0.00, real=0.00 secs] 
115.998: Total time for which application threads were stopped: 0.0064670 seconds, Stopping threads took: 0.0030420 seconds
116.023: Application time: 0.0249320 seconds
116.023: [GC [PSYoungGen: 100528K->7728K(107520K)] 222916K->130204K(352256K), 0.0031370 secs] [Times: user=0.02 sys=0.00, real=0.00 secs] 
116.026: Total time for which application threads were stopped: 0.0033200 seconds, Stopping threads took: 0.0000810 seconds
116.051: Application time: 0.0250660 seconds
116.051: [GC [PSYoungGen: 100400K->8496K(107520K)] 222876K->130972K(352256K), 0.0033540 secs] [Times: user=0.03 sys=0.00, real=0.01 secs] 
116.054: Total time for which application threads were stopped: 0.0035210 seconds, Stopping threads took: 0.0000760 seconds
116.084: Application time: 0.0298050 seconds
116.086: [GC [PSYoungGen: 101168K->10416K(107520K)] 223644K->132892K(352256K), 0.0042510 secs] [Times: user=0.03 sys=0.00, real=0.00 secs] 
116.090: Total time for which application threads were stopped: 0.0060220 seconds, Stopping threads took: 0.0016740 seconds
116.125: Application time: 0.0345310 seconds
116.125: [GC [PSYoungGen: 103088K->9440K(107520K)] 225564K->131964K(352256K), 0.0039350 secs] [Times: user=0.02 sys=0.00, real=0.01 secs] 
116.129: Total time for which application threads were stopped: 0.0040960 seconds, Stopping threads took: 0.0000730 seconds
116.166: Application time: 0.0371830 seconds
116.166: [GC [PSYoungGen: 102112K->7600K(107520K)] 224636K->130124K(352256K), 0.0032090 secs] [Times: user=0.02 sys=0.00, real=0.00 secs] 
116.170: Total time for which application threads were stopped: 0.0034070 seconds, Stopping threads took: 0.0001090 seconds
116.202: Application time: 0.0325330 seconds
116.202: [GC [PSYoungGen: 100272K->7808K(107520K)] 222796K->130332K(352256K), 0.0032150 secs] [Times: user=0.02 sys=0.00, real=0.00 secs] 
116.205: Total time for which application threads were stopped: 0.0033820 seconds, Stopping threads took: 0.0000800 seconds
116.237: Application time: 0.0312010 seconds
116.238: [GC [PSYoungGen: 100480K->9504K(107520K)] 223004K->132084K(352256K), 0.0039870 secs] [Times: user=0.02 sys=0.00, real=0.00 secs] 
116.242: Total time for which application threads were stopped: 0.0053530 seconds, Stopping threads took: 0.0012760 seconds
116.270: Application time: 0.0280700 seconds
116.270: [GC [PSYoungGen: 102176K->7952K(107520K)] 224756K->130532K(352256K), 0.0032120 secs] [Times: user=0.02 sys=0.00, real=0.00 secs] 
116.273: Total time for which application threads were stopped: 0.0033900 seconds, Stopping threads took: 0.0000710 seconds
116.297: Application time: 0.0235370 seconds
116.297: [GC [PSYoungGen: 100624K->8288K(107520K)] 223204K->130868K(352256K), 0.0033510 secs] [Times: user=0.02 sys=0.00, real=0.00 secs] 
116.301: Total time for which application threads were stopped: 0.0035260 seconds, Stopping threads took: 0.0000810 seconds
116.328: Application time: 0.0279230 seconds
116.330: [GC [PSYoungGen: 100960K->10848K(107520K)] 223540K->133428K(352256K), 0.0042100 secs] [Times: user=0.03 sys=0.00, real=0.01 secs] 
116.334: Total time for which application threads were stopped: 0.0057270 seconds, Stopping threads took: 0.0014240 seconds
116.369: Application time: 0.0343790 seconds
116.369: [GC [PSYoungGen: 103520K->9984K(107520K)] 226100K->132564K(352256K), 0.0040180 secs] [Times: user=0.02 sys=0.00, real=0.00 secs] 
116.373: Total time for which application threads were stopped: 0.0041750 seconds, Stopping threads took: 0.0000700 seconds
116.407: Application time: 0.0347100 seconds
116.408: [GC [PSYoungGen: 102656K->7824K(107520K)] 225236K->130404K(352256K), 0.0031560 secs] [Times: user=0.02 sys=0.00, real=0.00 secs] 
116.411: Total time for which application threads were stopped: 0.0033370 seconds, Stopping threads took: 0.0000850 seconds
116.446: Application time: 0.0350030 seconds
116.446: [GC [PSYoungGen: 100496K->7696K(107520K)] 223076K->130276K(352256K), 0.0031510 secs] [Times: user=0.02 sys=0.00, real=0.00 secs] 
116.449: Total time for which application threads were stopped: 0.0033360 seconds, Stopping threads took: 0.0000820 seconds
116.479: Application time: 0.0301650 seconds
116.479: [GC [PSYoungGen: 100368K->7920K(107520K)] 222948K->130500K(352256K), 0.0032740 secs] [Times: user=0.02 sys=0.00, real=0.00 secs] 
116.483: Total time for which application threads were stopped: 0.0034550 seconds, Stopping threads took: 0.0000830 seconds
116.515: Application time: 0.0320570 seconds
116.515: [GC [PSYoungGen: 100592K->8032K(107520K)] 223172K->130612K(352256K), 0.0033310 secs] [Times: user=0.01 sys=0.00, real=0.00 secs] 
116.518: Total time for which application threads were stopped: 0.0034890 seconds, Stopping threads took: 0.0000730 seconds
116.542: Application time: 0.0232380 seconds
116.542: [GC [PSYoungGen: 100704K->7984K(107520K)] 223284K->130564K(352256K), 0.0032670 secs] [Times: user=0.02 sys=0.00, real=0.00 secs] 
116.545: Total time for which application threads were stopped: 0.0034570 seconds, Stopping threads took: 0.0000980 seconds
116.569: Application time: 0.0241310 seconds
116.569: [GC [PSYoungGen: 100656K->10304K(107520K)] 223236K->132884K(352256K), 0.0039980 secs] [Times: user=0.03 sys=0.00, real=0.00 secs] 
116.573: Total time for which application threads were stopped: 0.0041660 seconds, Stopping threads took: 0.0000700 seconds
116.608: Application time: 0.0350500 seconds
116.609: [GC [PSYoungGen: 102976K->10256K(107520K)] 225556K->132836K(352256K), 0.0040590 secs] [Times: user=0.03 sys=0.00, real=0.00 secs] 
116.613: Total time for which application threads were stopped: 0.0042500 seconds, Stopping threads took: 0.0000900 seconds
116.646: Application time: 0.0331680 seconds
116.646: [GC [PSYoungGen: 102928K->8128K(107520K)] 225508K->130708K(352256K), 0.0033500 secs] [Times: user=0.02 sys=0.00, real=0.00 secs] 
116.649: Total time for which application threads were stopped: 0.0035690 seconds, Stopping threads took: 0.0001310 seconds
116.687: Application time: 0.0374750 seconds
116.687: [GC [PSYoungGen: 100800K->7824K(107520K)] 223380K->130404K(352256K), 0.0032390 secs] [Times: user=0.02 sys=0.00, real=0.00 secs] 
116.690: Total time for which application threads were stopped: 0.0034060 seconds, Stopping threads took: 0.0000740 seconds
116.721: Application time: 0.0305190 seconds
116.721: [GC [PSYoungGen: 100496K->7952K(107520K)] 223076K->130588K(352256K), 0.0032630 secs] [Times: user=0.02 sys=0.00, real=0.00 secs] 
116.724: Total time for which application threads were stopped: 0.0034530 seconds, Stopping threads took: 0.0001030 seconds
116.756: Application time: 0.0315890 seconds
116.756: [GC [PSYoungGen: 100624K->8480K(107520K)] 223260K->131216K(352256K), 0.0035440 secs] [Times: user=0.02 sys=0.00, real=0.00 secs] 
116.760: Total time for which application threads were stopped: 0.0037080 seconds, Stopping threads took: 0.0000730 seconds
116.787: Application time: 0.0273340 seconds
116.787: [GC [PSYoungGen: 101151K->7776K(107520K)] 223887K->130624K(352256K), 0.0032940 secs] [Times: user=0.02 sys=0.00, real=0.00 secs] 
116.790: Total time for which application threads were stopped: 0.0034920 seconds, Stopping threads took: 0.0000930 seconds
116.813: Application time: 0.0227480 seconds
116.813: [GC [PSYoungGen: 100448K->7616K(107520K)] 223296K->130464K(352256K), 0.0030800 secs] [Times: user=0.02 sys=0.00, real=0.01 secs] 
116.816: Total time for which application threads were stopped: 0.0032750 seconds, Stopping threads took: 0.0000970 seconds
116.845: Application time: 0.0283210 seconds
116.845: [GC [PSYoungGen: 100288K->13152K(107520K)] 223136K->136000K(352256K), 0.0051120 secs] [Times: user=0.03 sys=0.00, real=0.01 secs] 
116.850: Total time for which application threads were stopped: 0.0052810 seconds, Stopping threads took: 0.0000690 seconds
116.886: Application time: 0.0357400 seconds
116.886: [GC [PSYoungGen: 105824K->9376K(107520K)] 228672K->132224K(352256K), 0.0036660 secs] [Times: user=0.02 sys=0.00, real=0.00 secs] 
116.890: Total time for which application threads were stopped: 0.0038500 seconds, Stopping threads took: 0.0000900 seconds
116.926: Application time: 0.0366920 seconds
116.926: [GC [PSYoungGen: 102048K->7744K(107520K)] 224896K->130648K(352256K), 0.0031950 secs] [Times: user=0.02 sys=0.00, real=0.00 secs] 
116.930: Total time for which application threads were stopped: 0.0033860 seconds, Stopping threads took: 0.0000950 seconds
116.962: Application time: 0.0327090 seconds
116.963: [GC [PSYoungGen: 100416K->7760K(107520K)] 223320K->130664K(352256K), 0.0031370 secs] [Times: user=0.03 sys=0.00, real=0.00 secs] 
116.966: Total time for which application threads were stopped: 0.0033160 seconds, Stopping threads took: 0.0000830 seconds
116.996: Application time: 0.0304060 seconds
116.998: [GC [PSYoungGen: 100432K->9584K(107520K)] 223336K->132488K(352256K), 0.0038610 secs] [Times: user=0.03 sys=0.00, real=0.00 secs] 
117.002: Total time for which application threads were stopped: 0.0057840 seconds, Stopping threads took: 0.0018120 seconds
117.033: Application time: 0.0312580 seconds
117.033: [GC [PSYoungGen: 102256K->8096K(107520K)] 225160K->131056K(352256K), 0.0032040 secs] [Times: user=0.03 sys=0.00, real=0.01 secs] 
117.037: Total time for which application threads were stopped: 0.0033980 seconds, Stopping threads took: 0.0000990 seconds
117.060: Application time: 0.0234150 seconds
117.060: [GC [PSYoungGen: 100768K->7680K(107520K)] 223728K->130640K(352256K), 0.0031820 secs] [Times: user=0.03 sys=0.00, real=0.00 secs] 
117.063: Total time for which application threads were stopped: 0.0033530 seconds, Stopping threads took: 0.0000830 seconds
117.090: Application time: 0.0263360 seconds
117.090: [GC [PSYoungGen: 100352K->8592K(107520K)] 223312K->131552K(352256K), 0.0032870 secs] [Times: user=0.02 sys=0.00, real=0.00 secs] 
117.093: Total time for which application threads were stopped: 0.0034870 seconds, Stopping threads took: 0.0001060 seconds
117.129: Application time: 0.0356870 seconds
117.129: [GC [PSYoungGen: 101264K->8800K(107520K)] 224224K->131760K(352256K), 0.0033720 secs] [Times: user=0.02 sys=0.00, real=0.00 secs] 
117.132: Total time for which application threads were stopped: 0.0035660 seconds, Stopping threads took: 0.0001060 seconds
117.165: Application time: 0.0327330 seconds
117.165: [GC [PSYoungGen: 101472K->8192K(107520K)] 224432K->131152K(352256K), 0.0033070 secs] [Times: user=0.03 sys=0.00, real=0.01 secs] 
117.169: Total time for which application threads were stopped: 0.0035180 seconds, Stopping threads took: 0.0001220 seconds
117.207: Application time: 0.0380360 seconds
117.210: [GC [PSYoungGen: 100864K->7808K(107520K)] 223824K->130768K(352256K), 0.0032570 secs] [Times: user=0.02 sys=0.00, real=0.00 secs] 
117.213: Total time for which application threads were stopped: 0.0065990 seconds, Stopping threads took: 0.0032500 seconds
117.242: Application time: 0.0289340 seconds
117.242: [GC [PSYoungGen: 100480K->7824K(107520K)] 223440K->130784K(352256K), 0.0031880 secs] [Times: user=0.02 sys=0.00, real=0.00 secs] 
117.246: Total time for which application threads were stopped: 0.0033580 seconds, Stopping threads took: 0.0000760 seconds
117.278: Application time: 0.0319550 seconds
117.278: [GC [PSYoungGen: 100496K->8400K(107520K)] 223456K->131360K(352256K), 0.0033680 secs] [Times: user=0.03 sys=0.00, real=0.00 secs] 
117.281: Total time for which application threads were stopped: 0.0035290 seconds, Stopping threads took: 0.0000730 seconds
117.306: Application time: 0.0249890 seconds
117.306: [GC [PSYoungGen: 101072K->8048K(107520K)] 224032K->131008K(352256K), 0.0032660 secs] [Times: user=0.02 sys=0.00, real=0.00 secs] 
117.310: Total time for which application threads were stopped: 0.0034560 seconds, Stopping threads took: 0.0000710 seconds
117.332: Application time: 0.0221680 seconds
117.332: [GC [PSYoungGen: 100720K->9920K(107520K)] 223680K->132880K(352256K), 0.0040410 secs] [Times: user=0.03 sys=0.00, real=0.01 secs] 
117.336: Total time for which application threads were stopped: 0.0041980 seconds, Stopping threads took: 0.0000670 seconds
117.370: Application time: 0.0345550 seconds
117.371: [GC [PSYoungGen: 102592K->12768K(107520K)] 225552K->135728K(352256K), 0.0051070 secs] [Times: user=0.04 sys=0.00, real=0.01 secs] 
117.376: Total time for which application threads were stopped: 0.0053200 seconds, Stopping threads took: 0.0001230 seconds
117.409: Application time: 0.0327150 seconds
117.409: [GC [PSYoungGen: 105440K->9536K(107520K)] 228400K->132496K(352256K), 0.0036390 secs] [Times: user=0.02 sys=0.00, real=0.00 secs] 
117.412: Total time for which application threads were stopped: 0.0037990 seconds, Stopping threads took: 0.0000680 seconds
117.451: Application time: 0.0385190 seconds
117.454: [GC [PSYoungGen: 102208K->7808K(107520K)] 225168K->130768K(352256K), 0.0033070 secs] [Times: user=0.02 sys=0.00, real=0.00 secs] 
117.457: Total time for which application threads were stopped: 0.0064970 seconds, Stopping threads took: 0.0030850 seconds
117.490: Application time: 0.0325050 seconds
117.490: [GC [PSYoungGen: 100480K->8016K(107520K)] 223440K->130976K(352256K), 0.0032720 secs] [Times: user=0.02 sys=0.00, real=0.00 secs] 
117.493: Total time for which application threads were stopped: 0.0034700 seconds, Stopping threads took: 0.0001050 seconds
117.522: Application time: 0.0284890 seconds
117.522: [GC [PSYoungGen: 100688K->9152K(107520K)] 223648K->132273K(352256K), 0.0037750 secs] [Times: user=0.03 sys=0.00, real=0.00 secs] 
117.526: Total time for which application threads were stopped: 0.0039670 seconds, Stopping threads took: 0.0001010 seconds
117.556: Application time: 0.0297380 seconds
117.556: [GC [PSYoungGen: 101824K->7680K(107520K)] 224945K->130849K(352256K), 0.0032160 secs] [Times: user=0.03 sys=0.00, real=0.00 secs] 
117.559: Total time for which application threads were stopped: 0.0034080 seconds, Stopping threads took: 0.0001020 seconds
117.581: Application time: 0.0221680 seconds
117.582: [GC [PSYoungGen: 100352K->7760K(107520K)] 223521K->130985K(352256K), 0.0032400 secs] [Times: user=0.03 sys=0.00, real=0.00 secs] 
117.585: Total time for which application threads were stopped: 0.0041740 seconds, Stopping threads took: 0.0008440 seconds
117.616: Application time: 0.0306510 seconds
117.616: [GC [PSYoungGen: 100432K->7440K(107520K)] 223657K->130665K(352256K), 0.0031120 secs] [Times: user=0.02 sys=0.00, real=0.00 secs] 
117.619: Total time for which application threads were stopped: 0.0033050 seconds, Stopping threads took: 0.0001000 seconds
117.656: Application time: 0.0367340 seconds
117.656: [GC [PSYoungGen: 100112K->8784K(107520K)] 223337K->132009K(352256K), 0.0033650 secs] [Times: user=0.02 sys=0.00, real=0.00 secs] 
117.660: Total time for which application threads were stopped: 0.0035230 seconds, Stopping threads took: 0.0000750 seconds
117.694: Application time: 0.0340470 seconds
117.694: [GC [PSYoungGen: 101456K->7696K(107520K)] 224681K->130969K(352256K), 0.0031380 secs] [Times: user=0.02 sys=0.00, real=0.01 secs] 
117.697: Total time for which application threads were stopped: 0.0033230 seconds, Stopping threads took: 0.0000870 seconds
117.732: Application time: 0.0351050 seconds
117.732: [GC [PSYoungGen: 100368K->7456K(107520K)] 223641K->130729K(352256K), 0.0030470 secs] [Times: user=0.02 sys=0.00, real=0.01 secs] 
117.735: Total time for which application threads were stopped: 0.0032620 seconds, Stopping threads took: 0.0001190 seconds
117.764: Application time: 0.0286490 seconds
117.764: [GC [PSYoungGen: 100128K->7632K(107520K)] 223401K->130905K(352256K), 0.0030570 secs] [Times: user=0.02 sys=0.00, real=0.01 secs] 
117.767: Total time for which application threads were stopped: 0.0032250 seconds, Stopping threads took: 0.0000680 seconds
117.799: Application time: 0.0313930 seconds
117.799: [GC [PSYoungGen: 100304K->7712K(107520K)] 223577K->131041K(352256K), 0.0030800 secs] [Times: user=0.02 sys=0.00, real=0.00 secs] 
117.802: Total time for which application threads were stopped: 0.0032670 seconds, Stopping threads took: 0.0000870 seconds
117.827: Application time: 0.0252310 seconds
117.827: [GC [PSYoungGen: 100384K->7968K(107520K)] 223713K->131297K(352256K), 0.0032480 secs] [Times: user=0.02 sys=0.00, real=0.00 secs] 
117.831: Total time for which application threads were stopped: 0.0034820 seconds, Stopping threads took: 0.0001060 seconds
117.854: Application time: 0.0232440 seconds
117.854: [GC [PSYoungGen: 100640K->8448K(107520K)] 223969K->131777K(352256K), 0.0032960 secs] [Times: user=0.02 sys=0.00, real=0.00 secs] 
117.857: Total time for which application threads were stopped: 0.0034790 seconds, Stopping threads took: 0.0000850 seconds
117.893: Application time: 0.0353340 seconds
117.893: [GC [PSYoungGen: 101120K->12560K(107520K)] 224449K->135889K(352256K), 0.0048880 secs] [Times: user=0.04 sys=0.00, real=0.01 secs] 
117.898: Total time for which application threads were stopped: 0.0050920 seconds, Stopping threads took: 0.0001050 seconds
117.931: Application time: 0.0329840 seconds
117.931: [GC [PSYoungGen: 105232K->8096K(107520K)] 228561K->131425K(352256K), 0.0033710 secs] [Times: user=0.02 sys=0.00, real=0.01 secs] 
117.934: Total time for which application threads were stopped: 0.0035470 seconds, Stopping threads took: 0.0000880 seconds
117.972: Application time: 0.0379410 seconds
117.972: [GC [PSYoungGen: 100768K->7840K(107520K)] 224097K->131169K(352256K), 0.0032430 secs] [Times: user=0.02 sys=0.00, real=0.01 secs] 
117.976: Total time for which application threads were stopped: 0.0034500 seconds, Stopping threads took: 0.0001190 seconds
118.008: Application time: 0.0321990 seconds
118.008: [GC [PSYoungGen: 100512K->8032K(107520K)] 223841K->131361K(352256K), 0.0032410 secs] [Times: user=0.02 sys=0.00, real=0.00 secs] 
118.011: Total time for which application threads were stopped: 0.0036500 seconds, Stopping threads took: 0.0003150 seconds
118.041: Application time: 0.0297110 seconds
118.041: [GC [PSYoungGen: 100704K->10096K(107520K)] 224033K->133425K(352256K), 0.0040090 secs] [Times: user=0.02 sys=0.00, real=0.00 secs] 
118.045: Total time for which application threads were stopped: 0.0041910 seconds, Stopping threads took: 0.0000820 seconds
118.073: Application time: 0.0278220 seconds
118.073: [GC [PSYoungGen: 102768K->7808K(107520K)] 226097K->131137K(352256K), 0.0031310 secs] [Times: user=0.02 sys=0.00, real=0.01 secs] 
118.077: Total time for which application threads were stopped: 0.0033480 seconds, Stopping threads took: 0.0001270 seconds
118.098: Application time: 0.0218660 seconds
118.099: [GC [PSYoungGen: 100480K->9968K(107520K)] 223809K->133297K(352256K), 0.0041750 secs] [Times: user=0.03 sys=0.00, real=0.00 secs] 
118.103: Total time for which application threads were stopped: 0.0043290 seconds, Stopping threads took: 0.0000640 seconds
118.132: Application time: 0.0291150 seconds
118.132: [GC [PSYoungGen: 102633K->11264K(107520K)] 225962K->134593K(352256K), 0.0044580 secs] [Times: user=0.03 sys=0.00, real=0.01 secs] 
118.136: Total time for which application threads were stopped: 0.0046440 seconds, Stopping threads took: 0.0000930 seconds
118.174: Application time: 0.0371500 seconds
118.174: [GC [PSYoungGen: 103936K->10048K(107520K)] 227265K->133377K(352256K), 0.0041080 secs] [Times: user=0.02 sys=0.00, real=0.01 secs] 
118.178: Total time for which application threads were stopped: 0.0042900 seconds, Stopping threads took: 0.0000910 seconds
118.214: Application time: 0.0362010 seconds
118.214: [GC [PSYoungGen: 102720K->7744K(107520K)] 226049K->131073K(352256K), 0.0032660 secs] [Times: user=0.03 sys=0.00, real=0.00 secs] 
118.218: Total time for which application threads were stopped: 0.0034380 seconds, Stopping threads took: 0.0000890 seconds
118.251: Application time: 0.0335490 seconds
118.251: [GC [PSYoungGen: 100416K->7808K(107520K)] 223745K->131193K(352256K), 0.0034010 secs] [Times: user=0.03 sys=0.00, real=0.01 secs] 
118.255: Total time for which application threads were stopped: 0.0035880 seconds, Stopping threads took: 0.0000980 seconds
118.283: Application time: 0.0284940 seconds
118.283: [GC [PSYoungGen: 100480K->7744K(107520K)] 223865K->131129K(352256K), 0.0031470 secs] [Times: user=0.03 sys=0.00, real=0.01 secs] 
118.287: Total time for which application threads were stopped: 0.0033400 seconds, Stopping threads took: 0.0000970 seconds
118.317: Application time: 0.0305330 seconds
118.317: [GC [PSYoungGen: 100416K->7664K(107520K)] 223801K->131197K(352256K), 0.0033080 secs] [Times: user=0.02 sys=0.00, real=0.00 secs] 
118.321: Total time for which application threads were stopped: 0.0034770 seconds, Stopping threads took: 0.0000780 seconds
118.345: Application time: 0.0242220 seconds
118.345: [GC [PSYoungGen: 100336K->7600K(107520K)] 223869K->131189K(352256K), 0.0032710 secs] [Times: user=0.01 sys=0.00, real=0.01 secs] 
118.348: Total time for which application threads were stopped: 0.0034750 seconds, Stopping threads took: 0.0000940 seconds
118.374: Application time: 0.0255490 seconds
118.374: [GC [PSYoungGen: 100272K->8352K(107520K)] 223861K->131941K(352256K), 0.0032800 secs] [Times: user=0.02 sys=0.01, real=0.00 secs] 
118.377: Total time for which application threads were stopped: 0.0034710 seconds, Stopping threads took: 0.0000980 seconds
118.415: Application time: 0.0375920 seconds
118.418: [GC [PSYoungGen: 101024K->8256K(107520K)] 224613K->131845K(352256K), 0.0032820 secs] [Times: user=0.02 sys=0.00, real=0.00 secs] 
118.421: Total time for which application threads were stopped: 0.0064260 seconds, Stopping threads took: 0.0030550 seconds
118.454: Application time: 0.0323100 seconds
118.454: [GC [PSYoungGen: 100928K->7648K(107520K)] 224517K->131285K(352256K), 0.0031940 secs] [Times: user=0.02 sys=0.00, real=0.01 secs] 
118.457: Total time for which application threads were stopped: 0.0033660 seconds, Stopping threads took: 0.0000880 seconds
118.494: Application time: 0.0369300 seconds
118.494: [GC [PSYoungGen: 100320K->7616K(107520K)] 223957K->131253K(352256K), 0.0031940 secs] [Times: user=0.02 sys=0.00, real=0.00 secs] 
118.497: Total time for which application threads were stopped: 0.0033780 seconds, Stopping threads took: 0.0000990 seconds
118.527: Application time: 0.0299150 seconds
118.527: [GC [PSYoungGen: 100288K->7648K(107520K)] 223925K->131285K(352256K), 0.0032010 secs] [Times: user=0.02 sys=0.00, real=0.00 secs] 
118.531: Total time for which application threads were stopped: 0.0033870 seconds, Stopping threads took: 0.0000950 seconds
118.561: Application time: 0.0299410 seconds
118.561: [GC [PSYoungGen: 100320K->8224K(107520K)] 223957K->131909K(352256K), 0.0033660 secs] [Times: user=0.02 sys=0.00, real=0.00 secs] 
118.564: Total time for which application threads were stopped: 0.0035670 seconds, Stopping threads took: 0.0001140 seconds
118.591: Application time: 0.0267880 seconds
118.591: [GC [PSYoungGen: 100896K->8144K(107520K)] 224581K->131829K(352256K), 0.0032630 secs] [Times: user=0.02 sys=0.00, real=0.01 secs] 
118.594: Total time for which application threads were stopped: 0.0034540 seconds, Stopping threads took: 0.0000980 seconds
118.617: Application time: 0.0230330 seconds
118.618: [GC [PSYoungGen: 100816K->10192K(107520K)] 224501K->133877K(352256K), 0.0039650 secs] [Times: user=0.03 sys=0.00, real=0.00 secs] 
118.622: Total time for which application threads were stopped: 0.0041450 seconds, Stopping threads took: 0.0000810 seconds
118.654: Application time: 0.0323590 seconds
118.654: [GC [PSYoungGen: 102864K->13952K(107520K)] 226549K->137637K(352256K), 0.0053890 secs] [Times: user=0.04 sys=0.00, real=0.00 secs] 
118.659: Total time for which application threads were stopped: 0.0055540 seconds, Stopping threads took: 0.0000680 seconds
118.694: Application time: 0.0347570 seconds
118.694: [GC [PSYoungGen: 106624K->8416K(107520K)] 230309K->132101K(352256K), 0.0033470 secs] [Times: user=0.02 sys=0.00, real=0.00 secs] 
118.698: Total time for which application threads were stopped: 0.0035280 seconds, Stopping threads took: 0.0000850 seconds
118.735: Application time: 0.0374320 seconds
118.735: [GC [PSYoungGen: 101088K->7712K(107520K)] 224773K->131397K(352256K), 0.0032720 secs] [Times: user=0.02 sys=0.00, real=0.00 secs] 
118.739: Total time for which application threads were stopped: 0.0034510 seconds, Stopping threads took: 0.0000850 seconds
118.772: Application time: 0.0328720 seconds
118.772: [GC [PSYoungGen: 100384K->7760K(107520K)] 224069K->131445K(352256K), 0.0031530 secs] [Times: user=0.02 sys=0.00, real=0.01 secs] 
118.775: Total time for which application threads were stopped: 0.0033390 seconds, Stopping threads took: 0.0000900 seconds
118.803: Application time: 0.0282570 seconds
118.803: [GC [PSYoungGen: 100432K->9616K(107520K)] 224117K->133301K(352256K), 0.0038820 secs] [Times: user=0.03 sys=0.00, real=0.01 secs] 
118.807: Total time for which application threads were stopped: 0.0040490 seconds, Stopping threads took: 0.0000710 seconds
118.837: Application time: 0.0297580 seconds
118.837: [GC [PSYoungGen: 102288K->8064K(107520K)] 225973K->131749K(352256K), 0.0032220 secs] [Times: user=0.03 sys=0.00, real=0.00 secs] 
118.840: Total time for which application threads were stopped: 0.0033920 seconds, Stopping threads took: 0.0000730 seconds
118.863: Application time: 0.0226690 seconds
118.863: [GC [PSYoungGen: 100736K->9552K(107520K)] 224421K->133237K(352256K), 0.0037760 secs] [Times: user=0.02 sys=0.00, real=0.01 secs] 
118.867: Total time for which application threads were stopped: 0.0039540 seconds, Stopping threads took: 0.0000650 seconds
118.893: Application time: 0.0259840 seconds
118.893: [GC [PSYoungGen: 102224K->9712K(107520K)] 225909K->133397K(352256K), 0.0038010 secs] [Times: user=0.03 sys=0.00, real=0.01 secs] 
118.897: Total time for which application threads were stopped: 0.0040130 seconds, Stopping threads took: 0.0001100 seconds
118.935: Application time: 0.0384740 seconds
118.936: [GC [PSYoungGen: 102384K->10016K(107520K)] 226069K->133701K(352256K), 0.0039510 secs] [Times: user=0.03 sys=0.00, real=0.00 secs] 
118.940: Total time for which application threads were stopped: 0.0041480 seconds, Stopping threads took: 0.0000970 seconds
118.975: Application time: 0.0352930 seconds
118.975: [GC [PSYoungGen: 102688K->7856K(107520K)] 226373K->131541K(352256K), 0.0033400 secs] [Times: user=0.02 sys=0.00, real=0.00 secs] 
118.978: Total time for which application threads were stopped: 0.0035390 seconds, Stopping threads took: 0.0001020 seconds
119.013: Application time: 0.0350220 seconds
119.018: [GC [PSYoungGen: 100528K->7808K(107520K)] 224213K->131493K(352256K), 0.0031410 secs] [Times: user=0.02 sys=0.00, real=0.00 secs] 
119.021: Total time for which application threads were stopped: 0.0077380 seconds, Stopping threads took: 0.0044990 seconds
119.052: Application time: 0.0304230 seconds
119.054: [GC [PSYoungGen: 100480K->7712K(107520K)] 224165K->131453K(352256K), 0.0030920 secs] [Times: user=0.03 sys=0.00, real=0.00 secs] 
119.057: Total time for which application threads were stopped: 0.0055010 seconds, Stopping threads took: 0.0023090 seconds
119.086: Application time: 0.0292560 seconds
119.087: [GC [PSYoungGen: 100384K->7728K(107520K)] 224125K->131617K(352256K), 0.0032470 secs] [Times: user=0.02 sys=0.00, real=0.00 secs] 
119.090: Total time for which application threads were stopped: 0.0034620 seconds, Stopping threads took: 0.0001170 seconds
119.114: Application time: 0.0244940 seconds
119.114: [GC [PSYoungGen: 100400K->7776K(107520K)] 224289K->131721K(352256K), 0.0031640 secs] [Times: user=0.02 sys=0.00, real=0.00 secs] 
119.118: Total time for which application threads were stopped: 0.0033540 seconds, Stopping threads took: 0.0001000 seconds
119.142: Application time: 0.0245350 seconds
119.142: [GC [PSYoungGen: 100448K->8080K(107520K)] 224393K->132025K(352256K), 0.0032910 secs] [Times: user=0.01 sys=0.00, real=0.00 secs] 
119.146: Total time for which application threads were stopped: 0.0034720 seconds, Stopping threads took: 0.0000910 seconds
119.182: Application time: 0.0358820 seconds
119.182: [GC [PSYoungGen: 100752K->11392K(107520K)] 224697K->135337K(352256K), 0.0046000 secs] [Times: user=0.03 sys=0.00, real=0.01 secs] 
119.186: Total time for which application threads were stopped: 0.0047720 seconds, Stopping threads took: 0.0000750 seconds
119.220: Application time: 0.0333690 seconds
119.220: [GC [PSYoungGen: 104064K->7776K(107520K)] 228009K->131777K(352256K), 0.0032440 secs] [Times: user=0.03 sys=0.00, real=0.00 secs] 
119.223: Total time for which application threads were stopped: 0.0034200 seconds, Stopping threads took: 0.0000770 seconds
119.261: Application time: 0.0383040 seconds
119.262: [GC [PSYoungGen: 100448K->7600K(107520K)] 224449K->131601K(352256K), 0.0031790 secs] [Times: user=0.02 sys=0.00, real=0.00 secs] 
119.265: Total time for which application threads were stopped: 0.0033890 seconds, Stopping threads took: 0.0001180 seconds
119.294: Application time: 0.0296500 seconds
119.295: [GC [PSYoungGen: 100272K->7728K(107520K)] 224273K->131729K(352256K), 0.0033020 secs] [Times: user=0.02 sys=0.00, real=0.00 secs] 
119.298: Total time for which application threads were stopped: 0.0034930 seconds, Stopping threads took: 0.0000960 seconds
119.328: Application time: 0.0302590 seconds
119.328: [GC [PSYoungGen: 100400K->9776K(107520K)] 224401K->133833K(352256K), 0.0040640 secs] [Times: user=0.02 sys=0.00, real=0.00 secs] 
119.333: Total time for which application threads were stopped: 0.0042770 seconds, Stopping threads took: 0.0001150 seconds
119.360: Application time: 0.0273690 seconds
119.360: [GC [PSYoungGen: 102448K->7888K(107520K)] 226505K->131945K(352256K), 0.0031630 secs] [Times: user=0.02 sys=0.00, real=0.00 secs] 
119.363: Total time for which application threads were stopped: 0.0033640 seconds, Stopping threads took: 0.0001080 seconds
119.386: Application time: 0.0223840 seconds
119.386: [GC [PSYoungGen: 100560K->9408K(107520K)] 224617K->133465K(352256K), 0.0038200 secs] [Times: user=0.03 sys=0.00, real=0.01 secs] 
119.390: Total time for which application threads were stopped: 0.0040280 seconds, Stopping threads took: 0.0000910 seconds
119.419: Application time: 0.0289820 seconds
119.419: [GC [PSYoungGen: 102080K->13568K(107520K)] 226137K->137625K(352256K), 0.0053120 secs] [Times: user=0.04 sys=0.00, real=0.00 secs] 
119.424: Total time for which application threads were stopped: 0.0054920 seconds, Stopping threads took: 0.0000800 seconds
119.463: Application time: 0.0385590 seconds
119.463: [GC [PSYoungGen: 106240K->8576K(107520K)] 230297K->132633K(352256K), 0.0033920 secs] [Times: user=0.03 sys=0.00, real=0.01 secs] 
119.466: Total time for which application threads were stopped: 0.0035790 seconds, Stopping threads took: 0.0001020 seconds
119.502: Application time: 0.0356600 seconds
119.502: [GC [PSYoungGen: 101248K->7840K(107520K)] 225305K->131897K(352256K), 0.0032500 secs] [Times: user=0.02 sys=0.00, real=0.00 secs] 
119.505: Total time for which application threads were stopped: 0.0034230 seconds, Stopping threads took: 0.0000880 seconds
119.539: Application time: 0.0340080 seconds
119.540: [GC [PSYoungGen: 100512K->7952K(107520K)] 224569K->132009K(352256K), 0.0032400 secs] [Times: user=0.02 sys=0.00, real=0.00 secs] 
119.543: Total time for which application threads were stopped: 0.0034310 seconds, Stopping threads took: 0.0001040 seconds
119.570: Application time: 0.0273910 seconds
119.570: [GC [PSYoungGen: 100624K->8320K(107520K)] 224681K->132377K(352256K), 0.0033350 secs] [Times: user=0.03 sys=0.00, real=0.00 secs] 
119.574: Total time for which application threads were stopped: 0.0035060 seconds, Stopping threads took: 0.0000830 seconds
119.604: Application time: 0.0305810 seconds
119.604: [GC [PSYoungGen: 100992K->8032K(107520K)] 225049K->132089K(352256K), 0.0032580 secs] [Times: user=0.02 sys=0.00, real=0.01 secs] 
119.608: Total time for which application threads were stopped: 0.0034150 seconds, Stopping threads took: 0.0000660 seconds
119.630: Application time: 0.0225810 seconds
119.630: [GC [PSYoungGen: 100704K->8064K(107520K)] 224761K->132121K(352256K), 0.0031870 secs] [Times: user=0.02 sys=0.00, real=0.00 secs] 
119.634: Total time for which application threads were stopped: 0.0033660 seconds, Stopping threads took: 0.0000850 seconds
119.659: Application time: 0.0250650 seconds
119.659: [GC [PSYoungGen: 100736K->8480K(107520K)] 224793K->132537K(352256K), 0.0032390 secs] [Times: user=0.01 sys=0.00, real=0.00 secs] 
119.662: Total time for which application threads were stopped: 0.0034360 seconds, Stopping threads took: 0.0000910 seconds
119.701: Application time: 0.0386220 seconds
119.701: [GC [PSYoungGen: 101152K->10512K(107520K)] 225209K->134569K(352256K), 0.0040690 secs] [Times: user=0.03 sys=0.00, real=0.00 secs] 
119.705: Total time for which application threads were stopped: 0.0042720 seconds, Stopping threads took: 0.0001030 seconds
119.738: Application time: 0.0327380 seconds
119.738: [GC [PSYoungGen: 103184K->7888K(107520K)] 227241K->131945K(352256K), 0.0032240 secs] [Times: user=0.02 sys=0.00, real=0.00 secs] 
119.741: Total time for which application threads were stopped: 0.0034400 seconds, Stopping threads took: 0.0001230 seconds
119.780: Application time: 0.0386810 seconds
119.780: [GC [PSYoungGen: 100560K->8192K(107520K)] 224617K->132249K(352256K), 0.0033680 secs] [Times: user=0.02 sys=0.00, real=0.00 secs] 
119.784: Total time for which application threads were stopped: 0.0035360 seconds, Stopping threads took: 0.0000730 seconds
119.811: Application time: 0.0279890 seconds
119.812: [GC [PSYoungGen: 100864K->8160K(107520K)] 224921K->132273K(352256K), 0.0033110 secs] [Times: user=0.02 sys=0.00, real=0.01 secs] 
119.815: Total time for which application threads were stopped: 0.0034850 seconds, Stopping threads took: 0.0000850 seconds
119.845: Application time: 0.0301100 seconds
119.845: [GC [PSYoungGen: 100832K->9712K(107520K)] 224945K->133969K(352256K), 0.0040670 secs] [Times: user=0.03 sys=0.00, real=0.01 secs] 
119.849: Total time for which application threads were stopped: 0.0042570 seconds, Stopping threads took: 0.0000990 seconds
119.875: Application time: 0.0257530 seconds
119.875: [GC [PSYoungGen: 102384K->7920K(107520K)] 226641K->132225K(352256K), 0.0033430 secs] [Times: user=0.02 sys=0.00, real=0.00 secs] 
119.879: Total time for which application threads were stopped: 0.0035150 seconds, Stopping threads took: 0.0000820 seconds
119.901: Application time: 0.0218930 seconds
119.901: [GC [PSYoungGen: 100592K->9616K(107520K)] 224897K->133921K(352256K), 0.0039670 secs] [Times: user=0.02 sys=0.00, real=0.00 secs] 
119.905: Total time for which application threads were stopped: 0.0041640 seconds, Stopping threads took: 0.0000910 seconds
119.940: Application time: 0.0355680 seconds
119.940: [GC [PSYoungGen: 102288K->13888K(107520K)] 226593K->138193K(352256K), 0.0054700 secs] [Times: user=0.04 sys=0.00, real=0.01 secs] 
119.946: Total time for which application threads were stopped: 0.0056790 seconds, Stopping threads took: 0.0001120 seconds
119.980: Application time: 0.0344820 seconds
119.981: [GC [PSYoungGen: 106560K->7840K(107520K)] 230865K->132145K(352256K), 0.0031470 secs] [Times: user=0.02 sys=0.00, real=0.00 secs] 
119.984: Total time for which application threads were stopped: 0.0033200 seconds, Stopping threads took: 0.0000760 seconds
120.022: Application time: 0.0384050 seconds
120.022: [GC [PSYoungGen: 100512K->7664K(107520K)] 224817K->132017K(352256K), 0.0031560 secs] [Times: user=0.02 sys=0.00, real=0.00 secs] 
120.025: Total time for which application threads were stopped: 0.0033420 seconds, Stopping threads took: 0.0000880 seconds
120.056: Application time: 0.0309350 seconds
120.057: [GC [PSYoungGen: 100336K->7792K(107520K)] 224689K->132145K(352256K), 0.0031460 secs] [Times: user=0.02 sys=0.00, real=0.00 secs] 
120.060: Total time for which application threads were stopped: 0.0033190 seconds, Stopping threads took: 0.0000750 seconds
120.088: Application time: 0.0280510 seconds
120.088: [GC [PSYoungGen: 100464K->7792K(107520K)] 224817K->132201K(352256K), 0.0031700 secs] [Times: user=0.03 sys=0.00, real=0.00 secs] 
120.091: Total time for which application threads were stopped: 0.0033480 seconds, Stopping threads took: 0.0000820 seconds
120.121: Application time: 0.0294720 seconds
120.121: [GC [PSYoungGen: 100464K->8016K(107520K)] 224873K->132425K(352256K), 0.0033090 secs] [Times: user=0.02 sys=0.00, real=0.00 secs] 
120.124: Total time for which application threads were stopped: 0.0034920 seconds, Stopping threads took: 0.0000850 seconds
120.146: Application time: 0.0215420 seconds
120.146: [GC [PSYoungGen: 100688K->8256K(107520K)] 225097K->132665K(352256K), 0.0033090 secs] [Times: user=0.02 sys=0.00, real=0.01 secs] 
120.149: Total time for which application threads were stopped: 0.0034790 seconds, Stopping threads took: 0.0000710 seconds
120.177: Application time: 0.0280640 seconds
120.177: [GC [PSYoungGen: 100928K->11536K(107520K)] 225337K->135945K(352256K), 0.0045610 secs] [Times: user=0.04 sys=0.00, real=0.00 secs] 
120.182: Total time for which application threads were stopped: 0.0047440 seconds, Stopping threads took: 0.0000820 seconds
120.221: Application time: 0.0389870 seconds
120.221: [GC [PSYoungGen: 104208K->8784K(107520K)] 228617K->133194K(352256K), 0.0035630 secs] [Times: user=0.03 sys=0.00, real=0.00 secs] 
120.225: Total time for which application threads were stopped: 0.0037450 seconds, Stopping threads took: 0.0000840 seconds
120.259: Application time: 0.0340860 seconds
120.259: [GC [PSYoungGen: 101456K->7600K(107520K)] 225866K->132009K(352256K), 0.0031310 secs] [Times: user=0.02 sys=0.00, real=0.00 secs] 
120.262: Total time for which application threads were stopped: 0.0033190 seconds, Stopping threads took: 0.0000940 seconds
120.299: Application time: 0.0370900 seconds
120.299: [GC [PSYoungGen: 100272K->7840K(107520K)] 224681K->132249K(352256K), 0.0032320 secs] [Times: user=0.02 sys=0.00, real=0.00 secs] 
120.303: Total time for which application threads were stopped: 0.0033770 seconds, Stopping threads took: 0.0000580 seconds
120.329: Application time: 0.0268160 seconds
120.330: [GC [PSYoungGen: 100512K->7888K(107520K)] 224921K->132297K(352256K), 0.0032400 secs] [Times: user=0.03 sys=0.00, real=0.00 secs] 
120.333: Total time for which application threads were stopped: 0.0034230 seconds, Stopping threads took: 0.0000920 seconds
120.362: Application time: 0.0294130 seconds
120.366: [GC [PSYoungGen: 100560K->10000K(107520K)] 224969K->134409K(352256K), 0.0040260 secs] [Times: user=0.03 sys=0.00, real=0.00 secs] 
120.370: Total time for which application threads were stopped: 0.0078330 seconds, Stopping threads took: 0.0037160 seconds
120.395: Application time: 0.0250600 seconds
120.395: [GC [PSYoungGen: 102672K->7872K(107520K)] 227081K->132281K(352256K), 0.0030830 secs] [Times: user=0.03 sys=0.00, real=0.00 secs] 
120.398: Total time for which application threads were stopped: 0.0033110 seconds, Stopping threads took: 0.0001280 seconds
120.421: Application time: 0.0229220 seconds
120.422: [GC [PSYoungGen: 100544K->8192K(107520K)] 224953K->132601K(352256K), 0.0033410 secs] [Times: user=0.02 sys=0.00, real=0.00 secs] 
120.425: Total time for which application threads were stopped: 0.0035470 seconds, Stopping threads took: 0.0000890 seconds
120.462: Application time: 0.0373770 seconds
120.462: [GC [PSYoungGen: 100864K->12384K(107520K)] 225273K->136793K(352256K), 0.0049140 secs] [Times: user=0.04 sys=0.00, real=0.01 secs] 
120.467: Total time for which application threads were stopped: 0.0050890 seconds, Stopping threads took: 0.0000770 seconds
120.502: Application time: 0.0346910 seconds
120.502: [GC [PSYoungGen: 105056K->7632K(107520K)] 229465K->132042K(352256K), 0.0030700 secs] [Times: user=0.02 sys=0.00, real=0.00 secs] 
120.505: Total time for which application threads were stopped: 0.0032580 seconds, Stopping threads took: 0.0000900 seconds
120.545: Application time: 0.0398130 seconds
120.545: [GC [PSYoungGen: 100304K->7936K(107520K)] 224714K->132345K(352256K), 0.0031370 secs] [Times: user=0.03 sys=0.00, real=0.01 secs] 
120.548: Total time for which application threads were stopped: 0.0033210 seconds, Stopping threads took: 0.0000850 seconds
120.577: Application time: 0.0285440 seconds
120.577: [GC [PSYoungGen: 100608K->7872K(107520K)] 225017K->132330K(352256K), 0.0031480 secs] [Times: user=0.03 sys=0.00, real=0.00 secs] 
120.580: Total time for which application threads were stopped: 0.0033360 seconds, Stopping threads took: 0.0000920 seconds
120.609: Application time: 0.0290980 seconds
120.610: [GC [PSYoungGen: 100544K->9136K(107520K)] 225002K->133750K(352256K), 0.0037530 secs] [Times: user=0.02 sys=0.00, real=0.00 secs] 
120.613: Total time for which application threads were stopped: 0.0039430 seconds, Stopping threads took: 0.0000930 seconds
120.640: Application time: 0.0261420 seconds
120.642: [GC [PSYoungGen: 101808K->7776K(107520K)] 226422K->132446K(352256K), 0.0031950 secs] [Times: user=0.02 sys=0.01, real=0.00 secs] 
120.645: Total time for which application threads were stopped: 0.0056400 seconds, Stopping threads took: 0.0023570 seconds
120.668: Application time: 0.0228220 seconds
120.668: [GC [PSYoungGen: 100448K->7936K(107520K)] 225118K->132606K(352256K), 0.0031860 secs] [Times: user=0.02 sys=0.00, real=0.00 secs] 
120.671: Total time for which application threads were stopped: 0.0033620 seconds, Stopping threads took: 0.0000800 seconds
120.705: Application time: 0.0335600 seconds
120.705: [GC [PSYoungGen: 100608K->10144K(107520K)] 225278K->134814K(352256K), 0.0038710 secs] [Times: user=0.03 sys=0.00, real=0.01 secs] 
120.709: Total time for which application threads were stopped: 0.0040460 seconds, Stopping threads took: 0.0000780 seconds
120.745: Application time: 0.0357830 seconds
120.745: [GC [PSYoungGen: 102816K->8144K(107520K)] 227486K->132814K(352256K), 0.0032270 secs] [Times: user=0.02 sys=0.00, real=0.01 secs] 
120.748: Total time for which application threads were stopped: 0.0033970 seconds, Stopping threads took: 0.0000780 seconds
120.785: Application time: 0.0366020 seconds
120.785: [GC [PSYoungGen: 100816K->7616K(107520K)] 225486K->132342K(352256K), 0.0032560 secs] [Times: user=0.02 sys=0.00, real=0.01 secs] 
120.788: Total time for which application threads were stopped: 0.0034480 seconds, Stopping threads took: 0.0000970 seconds
120.821: Application time: 0.0332230 seconds
120.822: [GC [PSYoungGen: 100288K->7568K(107520K)] 225014K->132294K(352256K), 0.0031870 secs] [Times: user=0.02 sys=0.00, real=0.00 secs] 
120.825: Total time for which application threads were stopped: 0.0033750 seconds, Stopping threads took: 0.0000990 seconds
120.852: Application time: 0.0269890 seconds
120.852: [GC [PSYoungGen: 100240K->7840K(107520K)] 224966K->132622K(352256K), 0.0033630 secs] [Times: user=0.02 sys=0.00, real=0.01 secs] 
120.855: Total time for which application threads were stopped: 0.0035350 seconds, Stopping threads took: 0.0000870 seconds
120.886: Application time: 0.0306370 seconds
120.886: [GC [PSYoungGen: 100512K->8240K(107520K)] 225294K->133022K(352256K), 0.0033530 secs] [Times: user=0.02 sys=0.00, real=0.00 secs] 
120.890: Total time for which application threads were stopped: 0.0035420 seconds, Stopping threads took: 0.0001020 seconds
120.912: Application time: 0.0223020 seconds
120.912: [GC [PSYoungGen: 100912K->7968K(107520K)] 225694K->132750K(352256K), 0.0032060 secs] [Times: user=0.02 sys=0.00, real=0.01 secs] 
120.915: Total time for which application threads were stopped: 0.0033750 seconds, Stopping threads took: 0.0000800 seconds
120.940: Application time: 0.0249940 seconds
120.940: [GC [PSYoungGen: 100640K->13840K(107520K)] 225422K->138622K(352256K), 0.0054690 secs] [Times: user=0.03 sys=0.00, real=0.01 secs] 
120.946: Total time for which application threads were stopped: 0.0056890 seconds, Stopping threads took: 0.0000980 seconds
120.987: Application time: 0.0406420 seconds
120.990: [GC [PSYoungGen: 106512K->8944K(107520K)] 231294K->133726K(352256K), 0.0035210 secs] [Times: user=0.02 sys=0.00, real=0.00 secs] 
120.994: Total time for which application threads were stopped: 0.0069840 seconds, Stopping threads took: 0.0033670 seconds
121.026: Application time: 0.0326980 seconds
121.026: [GC [PSYoungGen: 101616K->7696K(107520K)] 226398K->132478K(352256K), 0.0031320 secs] [Times: user=0.02 sys=0.00, real=0.00 secs] 
121.030: Total time for which application threads were stopped: 0.0033150 seconds, Stopping threads took: 0.0000840 seconds
121.069: Application time: 0.0390310 seconds
121.069: [GC [PSYoungGen: 100368K->7856K(107520K)] 225150K->132638K(352256K), 0.0032380 secs] [Times: user=0.02 sys=0.00, real=0.00 secs] 
121.072: Total time for which application threads were stopped: 0.0034440 seconds, Stopping threads took: 0.0001030 seconds
121.099: Application time: 0.0274210 seconds
121.100: [GC [PSYoungGen: 100528K->7952K(107520K)] 225310K->132734K(352256K), 0.0032500 secs] [Times: user=0.02 sys=0.00, real=0.00 secs] 
121.103: Total time for which application threads were stopped: 0.0034460 seconds, Stopping threads took: 0.0001080 seconds
121.133: Application time: 0.0298270 seconds
121.133: [GC [PSYoungGen: 100624K->9712K(107520K)] 225406K->134494K(352256K), 0.0038080 secs] [Times: user=0.03 sys=0.00, real=0.01 secs] 
121.137: Total time for which application threads were stopped: 0.0039900 seconds, Stopping threads took: 0.0000820 seconds
121.161: Application time: 0.0242800 seconds
121.161: [GC [PSYoungGen: 102384K->8320K(107520K)] 227166K->133102K(352256K), 0.0033480 secs] [Times: user=0.03 sys=0.00, real=0.00 secs] 
121.165: Total time for which application threads were stopped: 0.0035200 seconds, Stopping threads took: 0.0000760 seconds
121.186: Application time: 0.0219200 seconds
121.187: [GC [PSYoungGen: 100992K->9488K(107520K)] 225774K->134270K(352256K), 0.0037730 secs] [Times: user=0.02 sys=0.00, real=0.00 secs] 
121.190: Total time for which application threads were stopped: 0.0039600 seconds, Stopping threads took: 0.0000860 seconds
121.227: Application time: 0.0368040 seconds
121.227: [GC [PSYoungGen: 102160K->12192K(107520K)] 226942K->136974K(352256K), 0.0047460 secs] [Times: user=0.03 sys=0.00, real=0.00 secs] 
121.232: Total time for which application threads were stopped: 0.0049510 seconds, Stopping threads took: 0.0001060 seconds
121.267: Application time: 0.0351870 seconds
121.268: [GC [PSYoungGen: 104864K->8208K(107520K)] 229646K->132990K(352256K), 0.0033610 secs] [Times: user=0.02 sys=0.00, real=0.00 secs] 
121.271: Total time for which application threads were stopped: 0.0035620 seconds, Stopping threads took: 0.0001030 seconds
121.309: Application time: 0.0383030 seconds
121.309: [GC [PSYoungGen: 100880K->7776K(107520K)] 225662K->132558K(352256K), 0.0032390 secs] [Times: user=0.02 sys=0.00, real=0.00 secs] 
121.313: Total time for which application threads were stopped: 0.0034240 seconds, Stopping threads took: 0.0000940 seconds
121.343: Application time: 0.0300300 seconds
121.343: [GC [PSYoungGen: 100448K->7824K(107520K)] 225230K->132654K(352256K), 0.0032700 secs] [Times: user=0.02 sys=0.00, real=0.01 secs] 
121.346: Total time for which application threads were stopped: 0.0034420 seconds, Stopping threads took: 0.0000760 seconds
121.374: Application time: 0.0280550 seconds
121.378: [GC [PSYoungGen: 100496K->7680K(107520K)] 225326K->132638K(352256K), 0.0032350 secs] [Times: user=0.02 sys=0.00, real=0.00 secs] 
121.381: Total time for which application threads were stopped: 0.0070400 seconds, Stopping threads took: 0.0037200 seconds
121.409: Application time: 0.0274020 seconds
121.409: [GC [PSYoungGen: 100352K->8192K(107520K)] 225310K->133238K(352256K), 0.0033360 secs] [Times: user=0.03 sys=0.00, real=0.00 secs] 
121.412: Total time for which application threads were stopped: 0.0035340 seconds, Stopping threads took: 0.0001120 seconds
121.435: Application time: 0.0230850 seconds
121.435: [GC [PSYoungGen: 100864K->7904K(107520K)] 225910K->132950K(352256K), 0.0032370 secs] [Times: user=0.02 sys=0.00, real=0.00 secs] 
121.439: Total time for which application threads were stopped: 0.0033850 seconds, Stopping threads took: 0.0000600 seconds
121.468: Application time: 0.0295400 seconds
121.468: [GC [PSYoungGen: 100576K->10224K(107520K)] 225622K->135270K(352256K), 0.0040990 secs] [Times: user=0.03 sys=0.00, real=0.00 secs] 
121.473: Total time for which application threads were stopped: 0.0042990 seconds, Stopping threads took: 0.0000830 seconds
121.511: Application time: 0.0385900 seconds
121.511: [GC [PSYoungGen: 102896K->7808K(107520K)] 227942K->132854K(352256K), 0.0032440 secs] [Times: user=0.03 sys=0.00, real=0.01 secs] 
121.515: Total time for which application threads were stopped: 0.0034330 seconds, Stopping threads took: 0.0000950 seconds
121.550: Application time: 0.0350220 seconds
121.550: [GC [PSYoungGen: 100480K->7632K(107520K)] 225526K->132726K(352256K), 0.0032110 secs] [Times: user=0.03 sys=0.00, real=0.00 secs] 
121.553: Total time for which application threads were stopped: 0.0033860 seconds, Stopping threads took: 0.0000880 seconds
121.589: Application time: 0.0358660 seconds
121.589: [GC [PSYoungGen: 100304K->7552K(107520K)] 225398K->132646K(352256K), 0.0031740 secs] [Times: user=0.02 sys=0.00, real=0.00 secs] 
121.592: Total time for which application threads were stopped: 0.0033640 seconds, Stopping threads took: 0.0001040 seconds
121.619: Application time: 0.0267090 seconds
121.619: [GC [PSYoungGen: 100224K->7664K(107520K)] 225318K->132814K(352256K), 0.0032040 secs] [Times: user=0.02 sys=0.00, real=0.00 secs] 
121.622: Total time for which application threads were stopped: 0.0034220 seconds, Stopping threads took: 0.0001310 seconds
121.652: Application time: 0.0297600 seconds
121.652: [GC [PSYoungGen: 100336K->9488K(107520K)] 225486K->134638K(352256K), 0.0040070 secs] [Times: user=0.02 sys=0.00, real=0.01 secs] 
121.656: Total time for which application threads were stopped: 0.0041970 seconds, Stopping threads took: 0.0000950 seconds
121.679: Application time: 0.0230710 seconds
121.680: [GC [PSYoungGen: 102160K->7856K(107520K)] 227310K->133006K(352256K), 0.0032480 secs] [Times: user=0.03 sys=0.00, real=0.00 secs] 
121.683: Total time for which application threads were stopped: 0.0034480 seconds, Stopping threads took: 0.0001080 seconds
121.707: Application time: 0.0243960 seconds
121.707: [GC [PSYoungGen: 100528K->9424K(107520K)] 225678K->134574K(352256K), 0.0039250 secs] [Times: user=0.03 sys=0.00, real=0.00 secs] 
121.711: Total time for which application threads were stopped: 0.0040850 seconds, Stopping threads took: 0.0000650 seconds
121.751: Application time: 0.0393100 seconds
121.751: [GC [PSYoungGen: 102096K->10928K(107520K)] 227246K->136078K(352256K), 0.0043220 secs] [Times: user=0.03 sys=0.00, real=0.01 secs] 
121.755: Total time for which application threads were stopped: 0.0044980 seconds, Stopping threads took: 0.0000870 seconds
121.787: Application time: 0.0323370 seconds
121.788: [GC [PSYoungGen: 103600K->7808K(107520K)] 228750K->132958K(352256K), 0.0032160 secs] [Times: user=0.02 sys=0.00, real=0.00 secs] 
121.791: Total time for which application threads were stopped: 0.0033820 seconds, Stopping threads took: 0.0000750 seconds
121.831: Application time: 0.0400300 seconds
121.831: [GC [PSYoungGen: 100480K->7648K(107520K)] 225630K->132798K(352256K), 0.0030690 secs] [Times: user=0.02 sys=0.00, real=0.01 secs] 
121.834: Total time for which application threads were stopped: 0.0032810 seconds, Stopping threads took: 0.0001300 seconds
121.862: Application time: 0.0274550 seconds
121.862: [GC [PSYoungGen: 100320K->7920K(107520K)] 225470K->133070K(352256K), 0.0032590 secs] [Times: user=0.03 sys=0.00, real=0.00 secs] 
121.865: Total time for which application threads were stopped: 0.0034420 seconds, Stopping threads took: 0.0000860 seconds
121.895: Application time: 0.0297930 seconds
121.895: [GC [PSYoungGen: 100592K->8432K(107520K)] 225742K->133582K(352256K), 0.0033290 secs] [Times: user=0.02 sys=0.00, real=0.00 secs] 
121.898: Total time for which application threads were stopped: 0.0035260 seconds, Stopping threads took: 0.0001090 seconds
121.923: Application time: 0.0245710 seconds
121.923: [GC [PSYoungGen: 101104K->7984K(107520K)] 226254K->133134K(352256K), 0.0033520 secs] [Times: user=0.02 sys=0.00, real=0.01 secs] 
121.926: Total time for which application threads were stopped: 0.0035190 seconds, Stopping threads took: 0.0000830 seconds
121.951: Application time: 0.0247310 seconds
121.951: [GC [PSYoungGen: 100656K->8928K(107520K)] 225806K->134078K(352256K), 0.0033490 secs] [Times: user=0.02 sys=0.00, real=0.01 secs] 
121.955: Total time for which application threads were stopped: 0.0035350 seconds, Stopping threads took: 0.0000940 seconds
121.990: Application time: 0.0355380 seconds
121.992: [GC [PSYoungGen: 101600K->8672K(107520K)] 226750K->133822K(352256K), 0.0032780 secs] [Times: user=0.03 sys=0.00, real=0.01 secs] 
121.996: Total time for which application threads were stopped: 0.0055250 seconds, Stopping threads took: 0.0021280 seconds
122.031: Application time: 0.0351950 seconds
122.031: [GC [PSYoungGen: 101344K->8160K(107520K)] 226494K->133310K(352256K), 0.0035170 secs] [Times: user=0.02 sys=0.00, real=0.01 secs] 
122.035: Total time for which application threads were stopped: 0.0037070 seconds, Stopping threads took: 0.0000950 seconds
122.072: Application time: 0.0372310 seconds
122.072: [GC [PSYoungGen: 100832K->7840K(107520K)] 225982K->132990K(352256K), 0.0032320 secs] [Times: user=0.02 sys=0.00, real=0.01 secs] 
122.075: Total time for which application threads were stopped: 0.0034240 seconds, Stopping threads took: 0.0000910 seconds
122.107: Application time: 0.0315490 seconds
122.107: [GC [PSYoungGen: 100512K->7760K(107520K)] 225662K->132958K(352256K), 0.0032730 secs] [Times: user=0.02 sys=0.00, real=0.00 secs] 
122.110: Total time for which application threads were stopped: 0.0034600 seconds, Stopping threads took: 0.0000900 seconds
122.138: Application time: 0.0273960 seconds
122.138: [GC [PSYoungGen: 100432K->8048K(107520K)] 225630K->133326K(352256K), 0.0032000 secs] [Times: user=0.02 sys=0.00, real=0.00 secs] 
122.141: Total time for which application threads were stopped: 0.0033940 seconds, Stopping threads took: 0.0000890 seconds
122.171: Application time: 0.0298790 seconds
122.171: [GC [PSYoungGen: 100720K->8128K(107520K)] 225998K->133526K(352256K), 0.0032790 secs] [Times: user=0.02 sys=0.00, real=0.01 secs] 
122.175: Total time for which application threads were stopped: 0.0034630 seconds, Stopping threads took: 0.0000920 seconds
122.197: Application time: 0.0228990 seconds
122.198: [GC [PSYoungGen: 100800K->7664K(107520K)] 226198K->133062K(352256K), 0.0030590 secs] [Times: user=0.02 sys=0.00, real=0.00 secs] 
122.201: Total time for which application threads were stopped: 0.0032550 seconds, Stopping threads took: 0.0001000 seconds
122.228: Application time: 0.0270000 seconds
122.228: [GC [PSYoungGen: 100336K->12240K(107520K)] 225734K->137638K(352256K), 0.0047690 secs] [Times: user=0.04 sys=0.00, real=0.00 secs] 
122.233: Total time for which application threads were stopped: 0.0049420 seconds, Stopping threads took: 0.0000750 seconds
122.272: Application time: 0.0389800 seconds
122.272: [GC [PSYoungGen: 104912K->8656K(107520K)] 230310K->134054K(352256K), 0.0035210 secs] [Times: user=0.02 sys=0.00, real=0.01 secs] 
122.275: Total time for which application threads were stopped: 0.0036990 seconds, Stopping threads took: 0.0000920 seconds
122.308: Application time: 0.0330250 seconds
122.308: [GC [PSYoungGen: 101328K->7696K(107520K)] 226726K->133094K(352256K), 0.0031990 secs] [Times: user=0.02 sys=0.00, real=0.00 secs] 
122.312: Total time for which application threads were stopped: 0.0033900 seconds, Stopping threads took: 0.0000950 seconds
122.349: Application time: 0.0377950 seconds
122.350: [GC [PSYoungGen: 100368K->7808K(107520K)] 225766K->133254K(352256K), 0.0032040 secs] [Times: user=0.02 sys=0.00, real=0.00 secs] 
122.353: Total time for which application threads were stopped: 0.0033990 seconds, Stopping threads took: 0.0001010 seconds
122.381: Application time: 0.0278020 seconds
122.381: [GC [PSYoungGen: 100480K->7824K(107520K)] 225926K->133326K(352256K), 0.0031740 secs] [Times: user=0.02 sys=0.00, real=0.00 secs] 
122.384: Total time for which application threads were stopped: 0.0033810 seconds, Stopping threads took: 0.0001100 seconds
122.414: Application time: 0.0294710 seconds
122.414: [GC [PSYoungGen: 100496K->9568K(107520K)] 225998K->135070K(352256K), 0.0039610 secs] [Times: user=0.03 sys=0.00, real=0.01 secs] 
122.418: Total time for which application threads were stopped: 0.0041590 seconds, Stopping threads took: 0.0001070 seconds
122.441: Application time: 0.0234450 seconds
122.441: [GC [PSYoungGen: 102240K->7664K(107520K)] 227742K->133166K(352256K), 0.0030980 secs] [Times: user=0.02 sys=0.00, real=0.00 secs] 
122.444: Total time for which application threads were stopped: 0.0032980 seconds, Stopping threads took: 0.0001060 seconds
122.467: Application time: 0.0227580 seconds
122.467: [GC [PSYoungGen: 100336K->9456K(107520K)] 225838K->134958K(352256K), 0.0038580 secs] [Times: user=0.03 sys=0.00, real=0.00 secs] 
122.471: Total time for which application threads were stopped: 0.0040720 seconds, Stopping threads took: 0.0001190 seconds
122.509: Application time: 0.0379020 seconds
122.509: [GC [PSYoungGen: 102128K->13552K(107520K)] 227630K->139054K(352256K), 0.0053700 secs] [Times: user=0.04 sys=0.00, real=0.01 secs] 
122.515: Total time for which application threads were stopped: 0.0055760 seconds, Stopping threads took: 0.0000860 seconds
122.550: Application time: 0.0349510 seconds
122.550: [GC [PSYoungGen: 106224K->7888K(107520K)] 231726K->133390K(352256K), 0.0032100 secs] [Times: user=0.02 sys=0.00, real=0.00 secs] 
122.553: Total time for which application threads were stopped: 0.0034030 seconds, Stopping threads took: 0.0000840 seconds
122.592: Application time: 0.0392110 seconds
122.593: [GC [PSYoungGen: 100560K->7664K(107520K)] 226062K->133166K(352256K), 0.0032560 secs] [Times: user=0.02 sys=0.00, real=0.01 secs] 
122.596: Total time for which application threads were stopped: 0.0034470 seconds, Stopping threads took: 0.0000950 seconds
122.624: Application time: 0.0278930 seconds
122.624: [GC [PSYoungGen: 100336K->7840K(107520K)] 225838K->133342K(352256K), 0.0032320 secs] [Times: user=0.02 sys=0.00, real=0.01 secs] 
122.627: Total time for which application threads were stopped: 0.0034300 seconds, Stopping threads took: 0.0001030 seconds
122.657: Application time: 0.0297230 seconds
122.657: [GC [PSYoungGen: 100512K->7776K(107520K)] 226014K->133278K(352256K), 0.0031680 secs] [Times: user=0.02 sys=0.00, real=0.00 secs] 
122.660: Total time for which application threads were stopped: 0.0033470 seconds, Stopping threads took: 0.0000820 seconds
122.687: Application time: 0.0266600 seconds
122.687: [GC [PSYoungGen: 100448K->7872K(107520K)] 225950K->133374K(352256K), 0.0031930 secs] [Times: user=0.02 sys=0.00, real=0.00 secs] 
122.690: Total time for which application threads were stopped: 0.0033580 seconds, Stopping threads took: 0.0000750 seconds
122.713: Application time: 0.0226750 seconds
122.713: [GC [PSYoungGen: 100544K->8208K(107520K)] 226046K->133710K(352256K), 0.0032020 secs] [Times: user=0.02 sys=0.00, real=0.01 secs] 
122.716: Total time for which application threads were stopped: 0.0033790 seconds, Stopping threads took: 0.0000790 seconds
122.748: Application time: 0.0318630 seconds
122.748: [GC [PSYoungGen: 100880K->12496K(107520K)] 226382K->137998K(352256K), 0.0048120 secs] [Times: user=0.04 sys=0.00, real=0.00 secs] 
122.753: Total time for which application threads were stopped: 0.0050140 seconds, Stopping threads took: 0.0001020 seconds
122.790: Application time: 0.0367660 seconds
122.790: [GC [PSYoungGen: 105168K->8032K(107520K)] 230670K->133534K(352256K), 0.0032610 secs] [Times: user=0.02 sys=0.00, real=0.00 secs] 
122.793: Total time for which application threads were stopped: 0.0034470 seconds, Stopping threads took: 0.0000970 seconds
122.830: Application time: 0.0361410 seconds
122.830: [GC [PSYoungGen: 100704K->7776K(107520K)] 226206K->133278K(352256K), 0.0032930 secs] [Times: user=0.02 sys=0.00, real=0.00 secs] 
122.833: Total time for which application threads were stopped: 0.0034760 seconds, Stopping threads took: 0.0000920 seconds
122.868: Application time: 0.0351460 seconds
122.868: [GC [PSYoungGen: 100448K->7856K(107520K)] 225950K->133358K(352256K), 0.0031780 secs] [Times: user=0.02 sys=0.00, real=0.00 secs] 
122.872: Total time for which application threads were stopped: 0.0033790 seconds, Stopping threads took: 0.0001070 seconds
122.898: Application time: 0.0264380 seconds
122.898: [GC [PSYoungGen: 100528K->7904K(107520K)] 226030K->133534K(352256K), 0.0032040 secs] [Times: user=0.03 sys=0.00, real=0.00 secs] 
122.901: Total time for which application threads were stopped: 0.0033800 seconds, Stopping threads took: 0.0000810 seconds
122.932: Application time: 0.0302390 seconds
122.932: [GC [PSYoungGen: 100576K->8240K(107520K)] 226206K->133978K(352256K), 0.0033150 secs] [Times: user=0.02 sys=0.00, real=0.01 secs] 
122.935: Total time for which application threads were stopped: 0.0035080 seconds, Stopping threads took: 0.0001020 seconds
122.958: Application time: 0.0224220 seconds
122.958: [GC [PSYoungGen: 100912K->7840K(107520K)] 226650K->133578K(352256K), 0.0031730 secs] [Times: user=0.02 sys=0.00, real=0.00 secs] 
122.961: Total time for which application threads were stopped: 0.0033500 seconds, Stopping threads took: 0.0000830 seconds
122.986: Application time: 0.0248830 seconds
122.986: [GC [PSYoungGen: 100512K->11136K(107520K)] 226250K->136874K(352256K), 0.0045780 secs] [Times: user=0.03 sys=0.00, real=0.00 secs] 
122.991: Total time for which application threads were stopped: 0.0047540 seconds, Stopping threads took: 0.0000690 seconds
123.031: Application time: 0.0400180 seconds
123.031: [GC [PSYoungGen: 103808K->9168K(107520K)] 229546K->134906K(352256K), 0.0036090 secs] [Times: user=0.02 sys=0.00, real=0.01 secs] 
123.034: Total time for which application threads were stopped: 0.0038140 seconds, Stopping threads took: 0.0000850 seconds
123.067: Application time: 0.0330370 seconds
123.068: [GC [PSYoungGen: 101840K->7536K(107520K)] 227578K->133274K(352256K), 0.0031100 secs] [Times: user=0.02 sys=0.00, real=0.00 secs] 
123.071: Total time for which application threads were stopped: 0.0033080 seconds, Stopping threads took: 0.0001010 seconds
123.110: Application time: 0.0396190 seconds
123.110: [GC [PSYoungGen: 100208K->7712K(107520K)] 225946K->133498K(352256K), 0.0031890 secs] [Times: user=0.03 sys=0.00, real=0.00 secs] 
123.114: Total time for which application threads were stopped: 0.0033520 seconds, Stopping threads took: 0.0000740 seconds
123.141: Application time: 0.0272200 seconds
123.141: [GC [PSYoungGen: 100384K->7696K(107520K)] 226170K->133482K(352256K), 0.0031450 secs] [Times: user=0.03 sys=0.00, real=0.00 secs] 
123.144: Total time for which application threads were stopped: 0.0033320 seconds, Stopping threads took: 0.0000970 seconds
123.174: Application time: 0.0293920 seconds
123.174: [GC [PSYoungGen: 100368K->7776K(107520K)] 226154K->133619K(352256K), 0.0031790 secs] [Times: user=0.02 sys=0.00, real=0.01 secs] 
123.177: Total time for which application threads were stopped: 0.0033690 seconds, Stopping threads took: 0.0000990 seconds
123.201: Application time: 0.0238300 seconds
123.201: [GC [PSYoungGen: 100448K->8224K(107520K)] 226291K->134066K(352256K), 0.0033150 secs] [Times: user=0.02 sys=0.00, real=0.00 secs] 
123.204: Total time for which application threads were stopped: 0.0034700 seconds, Stopping threads took: 0.0000640 seconds
123.227: Application time: 0.0231040 seconds
123.228: [GC [PSYoungGen: 100896K->7904K(107520K)] 226738K->133746K(352256K), 0.0032110 secs] [Times: user=0.02 sys=0.00, real=0.00 secs] 
123.231: Total time for which application threads were stopped: 0.0033910 seconds, Stopping threads took: 0.0000880 seconds
123.267: Application time: 0.0364910 seconds
123.267: [GC [PSYoungGen: 100576K->11568K(107520K)] 226418K->137411K(352256K), 0.0046820 secs] [Times: user=0.03 sys=0.00, real=0.00 secs] 
123.272: Total time for which application threads were stopped: 0.0048650 seconds, Stopping threads took: 0.0000930 seconds
123.308: Application time: 0.0355170 seconds
123.308: [GC [PSYoungGen: 104240K->7872K(107520K)] 230083K->133715K(352256K), 0.0032920 secs] [Times: user=0.03 sys=0.00, real=0.00 secs] 
123.311: Total time for which application threads were stopped: 0.0034640 seconds, Stopping threads took: 0.0000790 seconds
123.349: Application time: 0.0378430 seconds
123.349: [GC [PSYoungGen: 100544K->7968K(107520K)] 226387K->133810K(352256K), 0.0032660 secs] [Times: user=0.02 sys=0.00, real=0.00 secs] 
123.352: Total time for which application threads were stopped: 0.0034390 seconds, Stopping threads took: 0.0000890 seconds
123.384: Application time: 0.0312870 seconds
123.386: [GC [PSYoungGen: 100640K->7968K(107520K)] 226482K->133811K(352256K), 0.0033510 secs] [Times: user=0.02 sys=0.00, real=0.00 secs] 
123.389: Total time for which application threads were stopped: 0.0056160 seconds, Stopping threads took: 0.0021760 seconds
123.417: Application time: 0.0271610 seconds
123.417: [GC [PSYoungGen: 100640K->7872K(107520K)] 226483K->133714K(352256K), 0.0032310 secs] [Times: user=0.02 sys=0.00, real=0.00 secs] 
123.420: Total time for which application threads were stopped: 0.0033930 seconds, Stopping threads took: 0.0000770 seconds
123.448: Application time: 0.0277480 seconds
123.448: [GC [PSYoungGen: 100544K->9920K(107520K)] 226386K->135763K(352256K), 0.0039480 secs] [Times: user=0.03 sys=0.00, real=0.00 secs] 
123.452: Total time for which application threads were stopped: 0.0040950 seconds, Stopping threads took: 0.0000490 seconds
123.475: Application time: 0.0234850 seconds
123.475: [GC [PSYoungGen: 102592K->7984K(107520K)] 228435K->133827K(352256K), 0.0031900 secs] [Times: user=0.02 sys=0.00, real=0.00 secs] 
123.479: Total time for which application threads were stopped: 0.0033430 seconds, Stopping threads took: 0.0000610 seconds
123.507: Application time: 0.0280500 seconds
123.507: [GC [PSYoungGen: 100656K->13616K(107520K)] 226499K->139458K(352256K), 0.0053470 secs] [Times: user=0.03 sys=0.00, real=0.00 secs] 
123.512: Total time for which application threads were stopped: 0.0055150 seconds, Stopping threads took: 0.0000690 seconds
123.552: Application time: 0.0393770 seconds
123.552: [GC [PSYoungGen: 106276K->8016K(107520K)] 232119K->133859K(352256K), 0.0031930 secs] [Times: user=0.02 sys=0.00, real=0.01 secs] 
123.555: Total time for which application threads were stopped: 0.0033890 seconds, Stopping threads took: 0.0000910 seconds
123.589: Application time: 0.0345340 seconds
123.590: [GC [PSYoungGen: 100688K->7744K(107520K)] 226531K->133586K(352256K), 0.0032600 secs] [Times: user=0.03 sys=0.00, real=0.00 secs] 
123.593: Total time for which application threads were stopped: 0.0034710 seconds, Stopping threads took: 0.0001220 seconds
123.630: Application time: 0.0373360 seconds
123.630: [GC [PSYoungGen: 100416K->7920K(107520K)] 226258K->133763K(352256K), 0.0033590 secs] [Times: user=0.02 sys=0.00, real=0.00 secs] 
123.634: Total time for which application threads were stopped: 0.0035380 seconds, Stopping threads took: 0.0000940 seconds
123.661: Application time: 0.0268840 seconds
123.661: [GC [PSYoungGen: 100592K->7808K(107520K)] 226435K->133759K(352256K), 0.0032580 secs] [Times: user=0.03 sys=0.00, real=0.00 secs] 
123.664: Total time for which application threads were stopped: 0.0034210 seconds, Stopping threads took: 0.0000760 seconds
123.693: Application time: 0.0285980 seconds
123.693: [GC [PSYoungGen: 100480K->8352K(107520K)] 226431K->134407K(352256K), 0.0034030 secs] [Times: user=0.02 sys=0.00, real=0.01 secs] 
123.696: Total time for which application threads were stopped: 0.0036140 seconds, Stopping threads took: 0.0001180 seconds
123.720: Application time: 0.0233390 seconds
123.720: [GC [PSYoungGen: 101024K->8256K(107520K)] 227079K->134311K(352256K), 0.0034290 secs] [Times: user=0.02 sys=0.00, real=0.00 secs] 
123.723: Total time for which application threads were stopped: 0.0036030 seconds, Stopping threads took: 0.0000840 seconds
123.747: Application time: 0.0241700 seconds
123.748: [GC [PSYoungGen: 100928K->9344K(107520K)] 226983K->135399K(352256K), 0.0037940 secs] [Times: user=0.03 sys=0.00, real=0.00 secs] 
123.751: Total time for which application threads were stopped: 0.0039700 seconds, Stopping threads took: 0.0000900 seconds
123.790: Application time: 0.0383780 seconds
123.790: [GC [PSYoungGen: 102016K->11936K(107520K)] 228071K->137991K(352256K), 0.0048330 secs] [Times: user=0.03 sys=0.00, real=0.01 secs] 
123.795: Total time for which application threads were stopped: 0.0050180 seconds, Stopping threads took: 0.0000980 seconds
123.829: Application time: 0.0346570 seconds
123.830: [GC [PSYoungGen: 104608K->7664K(107520K)] 230663K->133719K(352256K), 0.0031640 secs] [Times: user=0.02 sys=0.00, real=0.00 secs] 
123.833: Total time for which application threads were stopped: 0.0033520 seconds, Stopping threads took: 0.0000840 seconds
123.872: Application time: 0.0390340 seconds
123.872: [GC [PSYoungGen: 100336K->7504K(107520K)] 226391K->133607K(352256K), 0.0032080 secs] [Times: user=0.02 sys=0.00, real=0.01 secs] 
123.875: Total time for which application threads were stopped: 0.0034010 seconds, Stopping threads took: 0.0001030 seconds
123.905: Application time: 0.0293250 seconds
123.905: [GC [PSYoungGen: 100176K->7984K(107520K)] 226279K->134087K(352256K), 0.0032480 secs] [Times: user=0.02 sys=0.00, real=0.01 secs] 
123.908: Total time for which application threads were stopped: 0.0034160 seconds, Stopping threads took: 0.0000730 seconds
123.936: Application time: 0.0276650 seconds
123.938: [GC [PSYoungGen: 100656K->7824K(107520K)] 226759K->133983K(352256K), 0.0032600 secs] [Times: user=0.03 sys=0.00, real=0.00 secs] 
123.941: Total time for which application threads were stopped: 0.0055540 seconds, Stopping threads took: 0.0022010 seconds
123.966: Application time: 0.0248470 seconds
123.966: [GC [PSYoungGen: 100496K->9744K(107520K)] 226655K->135903K(352256K), 0.0038230 secs] [Times: user=0.03 sys=0.00, real=0.00 secs] 
123.970: Total time for which application threads were stopped: 0.0040320 seconds, Stopping threads took: 0.0001130 seconds
123.993: Application time: 0.0227340 seconds
123.993: [GC [PSYoungGen: 102416K->8080K(107520K)] 228575K->134239K(352256K), 0.0033460 secs] [Times: user=0.03 sys=0.00, real=0.01 secs] 
123.996: Total time for which application threads were stopped: 0.0035300 seconds, Stopping threads took: 0.0000870 seconds
124.031: Application time: 0.0346920 seconds
124.031: [GC [PSYoungGen: 100752K->10160K(107520K)] 226911K->136319K(352256K), 0.0039960 secs] [Times: user=0.03 sys=0.00, real=0.01 secs] 
124.035: Total time for which application threads were stopped: 0.0041870 seconds, Stopping threads took: 0.0000930 seconds
124.070: Application time: 0.0348610 seconds
124.070: [GC [PSYoungGen: 102832K->7712K(107520K)] 228991K->133871K(352256K), 0.0031060 secs] [Times: user=0.02 sys=0.00, real=0.00 secs] 
124.073: Total time for which application threads were stopped: 0.0033020 seconds, Stopping threads took: 0.0000800 seconds
124.111: Application time: 0.0371700 seconds
124.111: [GC [PSYoungGen: 100384K->7792K(107520K)] 226543K->133951K(352256K), 0.0031370 secs] [Times: user=0.02 sys=0.00, real=0.01 secs] 
124.114: Total time for which application threads were stopped: 0.0032970 seconds, Stopping threads took: 0.0000650 seconds
124.148: Application time: 0.0336540 seconds
124.148: [GC [PSYoungGen: 100464K->7904K(107520K)] 226623K->134063K(352256K), 0.0031940 secs] [Times: user=0.02 sys=0.00, real=0.00 secs] 
124.151: Total time for which application threads were stopped: 0.0034120 seconds, Stopping threads took: 0.0001180 seconds
124.178: Application time: 0.0265530 seconds
124.178: [GC [PSYoungGen: 100576K->7920K(107520K)] 226735K->134079K(352256K), 0.0031850 secs] [Times: user=0.03 sys=0.00, real=0.00 secs] 
124.181: Total time for which application threads were stopped: 0.0033620 seconds, Stopping threads took: 0.0000810 seconds
124.209: Application time: 0.0282230 seconds
124.209: [GC [PSYoungGen: 100592K->7936K(107520K)] 226751K->134095K(352256K), 0.0032560 secs] [Times: user=0.02 sys=0.00, real=0.00 secs] 
124.213: Total time for which application threads were stopped: 0.0034450 seconds, Stopping threads took: 0.0000990 seconds
124.235: Application time: 0.0227660 seconds
124.236: [GC [PSYoungGen: 100608K->8416K(107520K)] 226767K->134575K(352256K), 0.0034000 secs] [Times: user=0.02 sys=0.00, real=0.00 secs] 
124.239: Total time for which application threads were stopped: 0.0036000 seconds, Stopping threads took: 0.0001020 seconds
124.265: Application time: 0.0261380 seconds
124.265: [GC [PSYoungGen: 101088K->12000K(107520K)] 227247K->138159K(352256K), 0.0046050 secs] [Times: user=0.03 sys=0.00, real=0.01 secs] 
124.270: Total time for which application threads were stopped: 0.0047890 seconds, Stopping threads took: 0.0000720 seconds
124.309: Application time: 0.0391820 seconds
124.309: [GC [PSYoungGen: 104672K->8832K(107520K)] 230831K->134991K(352256K), 0.0034510 secs] [Times: user=0.02 sys=0.00, real=0.00 secs] 
124.313: Total time for which application threads were stopped: 0.0036360 seconds, Stopping threads took: 0.0000860 seconds
124.348: Application time: 0.0355640 seconds
124.348: [GC [PSYoungGen: 101504K->7680K(107520K)] 227663K->133839K(352256K), 0.0031630 secs] [Times: user=0.02 sys=0.00, real=0.00 secs] 
124.352: Total time for which application threads were stopped: 0.0033530 seconds, Stopping threads took: 0.0000900 seconds
124.389: Application time: 0.0369840 seconds
124.389: [GC [PSYoungGen: 100352K->7872K(107520K)] 226511K->134031K(352256K), 0.0031510 secs] [Times: user=0.03 sys=0.00, real=0.00 secs] 
124.392: Total time for which application threads were stopped: 0.0033530 seconds, Stopping threads took: 0.0001060 seconds
124.421: Application time: 0.0289290 seconds
124.421: [GC [PSYoungGen: 100544K->7872K(107520K)] 226703K->134151K(352256K), 0.0032910 secs] [Times: user=0.02 sys=0.00, real=0.00 secs] 
124.424: Total time for which application threads were stopped: 0.0034870 seconds, Stopping threads took: 0.0001010 seconds
124.452: Application time: 0.0273440 seconds
124.452: [GC [PSYoungGen: 100544K->7744K(107520K)] 226823K->134139K(352256K), 0.0032460 secs] [Times: user=0.02 sys=0.00, real=0.01 secs] 
124.455: Total time for which application threads were stopped: 0.0034210 seconds, Stopping threads took: 0.0000880 seconds
124.478: Application time: 0.0227160 seconds
124.478: [GC [PSYoungGen: 100416K->9680K(107520K)] 226811K->136075K(352256K), 0.0039200 secs] [Times: user=0.03 sys=0.00, real=0.00 secs] 
124.482: Total time for which application threads were stopped: 0.0040810 seconds, Stopping threads took: 0.0000670 seconds
124.506: Application time: 0.0238760 seconds
124.506: [GC [PSYoungGen: 102352K->9488K(107520K)] 228747K->135883K(352256K), 0.0036920 secs] [Times: user=0.02 sys=0.00, real=0.00 secs] 
124.510: Total time for which application threads were stopped: 0.0038800 seconds, Stopping threads took: 0.0001020 seconds
124.547: Application time: 0.0376420 seconds
124.548: [GC [PSYoungGen: 102160K->13536K(107520K)] 228555K->139931K(352256K), 0.0053310 secs] [Times: user=0.03 sys=0.00, real=0.00 secs] 
124.553: Total time for which application threads were stopped: 0.0055210 seconds, Stopping threads took: 0.0000920 seconds
124.588: Application time: 0.0349020 seconds
124.588: [GC [PSYoungGen: 106208K->7888K(107520K)] 232603K->134283K(352256K), 0.0031700 secs] [Times: user=0.03 sys=0.00, real=0.00 secs] 
124.591: Total time for which application threads were stopped: 0.0033510 seconds, Stopping threads took: 0.0000730 seconds
124.630: Application time: 0.0387710 seconds
124.630: [GC [PSYoungGen: 100560K->7616K(107520K)] 226955K->134059K(352256K), 0.0032750 secs] [Times: user=0.01 sys=0.00, real=0.00 secs] 
124.633: Total time for which application threads were stopped: 0.0034500 seconds, Stopping threads took: 0.0000870 seconds
124.664: Application time: 0.0306030 seconds
124.664: [GC [PSYoungGen: 100288K->7664K(107520K)] 226731K->134107K(352256K), 0.0031570 secs] [Times: user=0.02 sys=0.00, real=0.01 secs] 
124.667: Total time for which application threads were stopped: 0.0033640 seconds, Stopping threads took: 0.0001220 seconds
124.695: Application time: 0.0279490 seconds
124.695: [GC [PSYoungGen: 100336K->7744K(107520K)] 226779K->134235K(352256K), 0.0032260 secs] [Times: user=0.03 sys=0.00, real=0.00 secs] 
124.699: Total time for which application threads were stopped: 0.0034110 seconds, Stopping threads took: 0.0000970 seconds
124.725: Application time: 0.0259860 seconds
124.725: [GC [PSYoungGen: 100416K->7632K(107520K)] 226907K->134123K(352256K), 0.0031650 secs] [Times: user=0.02 sys=0.00, real=0.01 secs] 
124.728: Total time for which application threads were stopped: 0.0033050 seconds, Stopping threads took: 0.0000580 seconds
124.751: Application time: 0.0228300 seconds
124.751: [GC [PSYoungGen: 100304K->8048K(107520K)] 226795K->134539K(352256K), 0.0032690 secs] [Times: user=0.01 sys=0.01, real=0.01 secs] 
124.754: Total time for which application threads were stopped: 0.0034540 seconds, Stopping threads took: 0.0001000 seconds
124.786: Application time: 0.0313830 seconds
124.786: [GC [PSYoungGen: 100720K->12720K(107520K)] 227211K->139211K(352256K), 0.0049840 secs] [Times: user=0.03 sys=0.00, real=0.00 secs] 
124.791: Total time for which application threads were stopped: 0.0051780 seconds, Stopping threads took: 0.0000960 seconds
124.828: Application time: 0.0366210 seconds
124.828: [GC [PSYoungGen: 105392K->7728K(107520K)] 231883K->134219K(352256K), 0.0031930 secs] [Times: user=0.02 sys=0.00, real=0.00 secs] 
124.831: Total time for which application threads were stopped: 0.0033840 seconds, Stopping threads took: 0.0000960 seconds
124.869: Application time: 0.0376530 seconds
124.869: [GC [PSYoungGen: 100400K->7728K(107520K)] 226891K->134219K(352256K), 0.0032010 secs] [Times: user=0.03 sys=0.00, real=0.00 secs] 
124.872: Total time for which application threads were stopped: 0.0033790 seconds, Stopping threads took: 0.0000940 seconds
124.906: Application time: 0.0344150 seconds
124.906: [GC [PSYoungGen: 100400K->7840K(107520K)] 226891K->134331K(352256K), 0.0033170 secs] [Times: user=0.02 sys=0.00, real=0.00 secs] 
124.910: Total time for which application threads were stopped: 0.0034830 seconds, Stopping threads took: 0.0000760 seconds
124.938: Application time: 0.0281030 seconds
124.938: [GC [PSYoungGen: 100512K->7808K(107520K)] 227003K->134299K(352256K), 0.0031900 secs] [Times: user=0.02 sys=0.00, real=0.00 secs] 
124.941: Total time for which application threads were stopped: 0.0033760 seconds, Stopping threads took: 0.0000980 seconds
124.969: Application time: 0.0273210 seconds
124.969: [GC [PSYoungGen: 100480K->8048K(107520K)] 226971K->134539K(352256K), 0.0032390 secs] [Times: user=0.02 sys=0.00, real=0.00 secs] 
124.972: Total time for which application threads were stopped: 0.0034110 seconds, Stopping threads took: 0.0000820 seconds
124.994: Application time: 0.0221940 seconds
124.998: [GC [PSYoungGen: 100720K->9488K(107520K)] 227211K->135979K(352256K), 0.0037830 secs] [Times: user=0.03 sys=0.00, real=0.00 secs] 
125.002: Total time for which application threads were stopped: 0.0075190 seconds, Stopping threads took: 0.0036400 seconds
125.030: Application time: 0.0278270 seconds
125.032: [GC [PSYoungGen: 102160K->12352K(107520K)] 228651K->138843K(352256K), 0.0049860 secs] [Times: user=0.04 sys=0.00, real=0.01 secs] 
125.037: Total time for which application threads were stopped: 0.0078590 seconds, Stopping threads took: 0.0027730 seconds
125.075: Application time: 0.0371290 seconds
125.075: [GC [PSYoungGen: 105024K->10096K(107520K)] 231515K->136587K(352256K), 0.0040160 secs] [Times: user=0.02 sys=0.00, real=0.00 secs] 
125.079: Total time for which application threads were stopped: 0.0041950 seconds, Stopping threads took: 0.0000820 seconds
125.115: Application time: 0.0362540 seconds
125.115: [GC [PSYoungGen: 102768K->7952K(107520K)] 229259K->134443K(352256K), 0.0032610 secs] [Times: user=0.02 sys=0.00, real=0.00 secs] 
125.119: Total time for which application threads were stopped: 0.0035010 seconds, Stopping threads took: 0.0001210 seconds
125.157: Application time: 0.0380130 seconds
125.157: [GC [PSYoungGen: 100624K->8128K(107520K)] 227115K->134619K(352256K), 0.0032100 secs] [Times: user=0.02 sys=0.00, real=0.00 secs] 
125.160: Total time for which application threads were stopped: 0.0033980 seconds, Stopping threads took: 0.0000910 seconds
125.189: Application time: 0.0293890 seconds
125.190: [GC [PSYoungGen: 100800K->7824K(107520K)] 227291K->134443K(352256K), 0.0032450 secs] [Times: user=0.03 sys=0.00, real=0.00 secs] 
125.193: Total time for which application threads were stopped: 0.0034280 seconds, Stopping threads took: 0.0000870 seconds
125.220: Application time: 0.0275120 seconds
125.220: [GC [PSYoungGen: 100496K->7904K(107520K)] 227115K->134635K(352256K), 0.0032010 secs] [Times: user=0.02 sys=0.00, real=0.00 secs] 
125.224: Total time for which application threads were stopped: 0.0033760 seconds, Stopping threads took: 0.0000780 seconds
125.247: Application time: 0.0232290 seconds
125.247: [GC [PSYoungGen: 100576K->7792K(107520K)] 227307K->134523K(352256K), 0.0032600 secs] [Times: user=0.01 sys=0.00, real=0.00 secs] 
125.250: Total time for which application threads were stopped: 0.0034220 seconds, Stopping threads took: 0.0000650 seconds
125.275: Application time: 0.0246160 seconds
125.275: [GC [PSYoungGen: 100464K->8096K(107520K)] 227195K->134827K(352256K), 0.0031740 secs] [Times: user=0.02 sys=0.01, real=0.00 secs] 
125.278: Total time for which application threads were stopped: 0.0033690 seconds, Stopping threads took: 0.0000970 seconds
125.313: Application time: 0.0348210 seconds
125.314: [GC [PSYoungGen: 100768K->11808K(107520K)] 227499K->138539K(352256K), 0.0049000 secs] [Times: user=0.03 sys=0.00, real=0.00 secs] 
125.319: Total time for which application threads were stopped: 0.0057670 seconds, Stopping threads took: 0.0007700 seconds
125.354: Application time: 0.0352260 seconds
125.354: [GC [PSYoungGen: 104480K->7664K(107520K)] 231211K->134395K(352256K), 0.0031510 secs] [Times: user=0.02 sys=0.00, real=0.00 secs] 
125.358: Total time for which application threads were stopped: 0.0033440 seconds, Stopping threads took: 0.0001070 seconds
125.395: Application time: 0.0380000 seconds
125.396: [GC [PSYoungGen: 100336K->7808K(107520K)] 227067K->134539K(352256K), 0.0032520 secs] [Times: user=0.02 sys=0.00, real=0.00 secs] 
125.399: Total time for which application threads were stopped: 0.0034370 seconds, Stopping threads took: 0.0000930 seconds
125.431: Application time: 0.0321040 seconds
125.431: [GC [PSYoungGen: 100480K->7680K(107520K)] 227211K->134467K(352256K), 0.0032210 secs] [Times: user=0.02 sys=0.00, real=0.01 secs] 
125.434: Total time for which application threads were stopped: 0.0034180 seconds, Stopping threads took: 0.0001110 seconds
125.463: Application time: 0.0280500 seconds
125.463: [GC [PSYoungGen: 100352K->7936K(107520K)] 227139K->134771K(352256K), 0.0032690 secs] [Times: user=0.02 sys=0.00, real=0.01 secs] 
125.466: Total time for which application threads were stopped: 0.0034640 seconds, Stopping threads took: 0.0001070 seconds
125.493: Application time: 0.0267720 seconds
125.493: [GC [PSYoungGen: 100608K->7696K(107520K)] 227443K->134531K(352256K), 0.0031200 secs] [Times: user=0.02 sys=0.00, real=0.01 secs] 
125.496: Total time for which application threads were stopped: 0.0032660 seconds, Stopping threads took: 0.0000600 seconds
125.518: Application time: 0.0219110 seconds
125.518: [GC [PSYoungGen: 100368K->10096K(107520K)] 227203K->136931K(352256K), 0.0041030 secs] [Times: user=0.03 sys=0.00, real=0.00 secs] 
125.522: Total time for which application threads were stopped: 0.0042830 seconds, Stopping threads took: 0.0000890 seconds
125.552: Application time: 0.0298930 seconds
125.552: [GC [PSYoungGen: 102768K->12464K(107520K)] 229603K->139299K(352256K), 0.0049200 secs] [Times: user=0.03 sys=0.00, real=0.01 secs] 
125.557: Total time for which application threads were stopped: 0.0050900 seconds, Stopping threads took: 0.0000800 seconds
125.594: Application time: 0.0369820 seconds
125.598: [GC [PSYoungGen: 105136K->9936K(107520K)] 231971K->136771K(352256K), 0.0039820 secs] [Times: user=0.03 sys=0.00, real=0.00 secs] 
125.602: Total time for which application threads were stopped: 0.0077890 seconds, Stopping threads took: 0.0037210 seconds
125.639: Application time: 0.0371260 seconds
125.639: [GC [PSYoungGen: 102608K->7856K(107520K)] 229443K->134691K(352256K), 0.0033980 secs] [Times: user=0.02 sys=0.00, real=0.00 secs] 
125.643: Total time for which application threads were stopped: 0.0036090 seconds, Stopping threads took: 0.0001060 seconds
125.679: Application time: 0.0358400 seconds
125.679: [GC [PSYoungGen: 100528K->7904K(107520K)] 227363K->134739K(352256K), 0.0032400 secs] [Times: user=0.02 sys=0.00, real=0.00 secs] 
125.682: Total time for which application threads were stopped: 0.0034130 seconds, Stopping threads took: 0.0000760 seconds
125.711: Application time: 0.0292620 seconds
125.711: [GC [PSYoungGen: 100576K->8096K(107520K)] 227411K->134931K(352256K), 0.0033160 secs] [Times: user=0.02 sys=0.00, real=0.01 secs] 
125.715: Total time for which application threads were stopped: 0.0035050 seconds, Stopping threads took: 0.0001000 seconds
125.742: Application time: 0.0269050 seconds
125.750: [GC [PSYoungGen: 100768K->7824K(107520K)] 227603K->134659K(352256K), 0.0032150 secs] [Times: user=0.02 sys=0.00, real=0.00 secs] 
125.753: Total time for which application threads were stopped: 0.0113050 seconds, Stopping threads took: 0.0080050 seconds
125.776: Application time: 0.0225840 seconds
125.776: [GC [PSYoungGen: 100496K->9808K(107520K)] 227331K->136643K(352256K), 0.0039300 secs] [Times: user=0.03 sys=0.00, real=0.00 secs] 
125.780: Total time for which application threads were stopped: 0.0040850 seconds, Stopping threads took: 0.0000680 seconds
125.804: Application time: 0.0248180 seconds
125.805: [GC [PSYoungGen: 102480K->10336K(107520K)] 229315K->137171K(352256K), 0.0040110 secs] [Times: user=0.03 sys=0.00, real=0.01 secs] 
125.809: Total time for which application threads were stopped: 0.0041750 seconds, Stopping threads took: 0.0000640 seconds
125.845: Application time: 0.0366810 seconds
125.845: [GC [PSYoungGen: 103008K->12016K(107520K)] 229843K->138851K(352256K), 0.0049300 secs] [Times: user=0.03 sys=0.00, real=0.01 secs] 
125.850: Total time for which application threads were stopped: 0.0050880 seconds, Stopping threads took: 0.0000600 seconds
125.886: Application time: 0.0355410 seconds
125.886: [GC [PSYoungGen: 104688K->7968K(107520K)] 231523K->134803K(352256K), 0.0032910 secs] [Times: user=0.02 sys=0.00, real=0.00 secs] 
125.889: Total time for which application threads were stopped: 0.0035030 seconds, Stopping threads took: 0.0001120 seconds
125.928: Application time: 0.0388460 seconds
125.930: [GC [PSYoungGen: 100640K->7792K(107520K)] 227475K->134627K(352256K), 0.0032490 secs] [Times: user=0.02 sys=0.00, real=0.00 secs] 
125.933: Total time for which application threads were stopped: 0.0049890 seconds, Stopping threads took: 0.0016420 seconds
125.963: Application time: 0.0301960 seconds
125.964: [GC [PSYoungGen: 100464K->7712K(107520K)] 227299K->134623K(352256K), 0.0032400 secs] [Times: user=0.02 sys=0.00, real=0.01 secs] 
125.967: Total time for which application threads were stopped: 0.0034290 seconds, Stopping threads took: 0.0000960 seconds
125.994: Application time: 0.0275470 seconds
125.995: [GC [PSYoungGen: 100384K->7904K(107520K)] 227295K->134943K(352256K), 0.0031900 secs] [Times: user=0.03 sys=0.00, real=0.00 secs] 
125.998: Total time for which application threads were stopped: 0.0033920 seconds, Stopping threads took: 0.0001100 seconds
126.023: Application time: 0.0252300 seconds
126.023: [GC [PSYoungGen: 100576K->7744K(107520K)] 227615K->134831K(352256K), 0.0032730 secs] [Times: user=0.03 sys=0.00, real=0.01 secs] 
126.027: Total time for which application threads were stopped: 0.0034480 seconds, Stopping threads took: 0.0000840 seconds
126.050: Application time: 0.0230440 seconds
126.050: [GC [PSYoungGen: 100412K->8080K(107520K)] 227500K->135168K(352256K), 0.0032270 secs] [Times: user=0.02 sys=0.00, real=0.00 secs] 
126.053: Total time for which application threads were stopped: 0.0034140 seconds, Stopping threads took: 0.0000940 seconds
126.087: Application time: 0.0343780 seconds
126.088: [GC [PSYoungGen: 100752K->10416K(107520K)] 227840K->137503K(352256K), 0.0040860 secs] [Times: user=0.03 sys=0.00, real=0.00 secs] 
126.092: Total time for which application threads were stopped: 0.0042760 seconds, Stopping threads took: 0.0000920 seconds
126.126: Application time: 0.0347230 seconds
126.127: [GC [PSYoungGen: 103088K->7840K(107520K)] 230175K->134927K(352256K), 0.0032020 secs] [Times: user=0.02 sys=0.00, real=0.00 secs] 
126.130: Total time for which application threads were stopped: 0.0033910 seconds, Stopping threads took: 0.0000900 seconds
126.168: Application time: 0.0380600 seconds
126.168: [GC [PSYoungGen: 100512K->7792K(107520K)] 227599K->134879K(352256K), 0.0047010 secs] [Times: user=0.02 sys=0.00, real=0.00 secs] 
126.173: Total time for which application threads were stopped: 0.0049040 seconds, Stopping threads took: 0.0000900 seconds
126.207: Application time: 0.0339270 seconds
126.207: [GC [PSYoungGen: 100464K->7696K(107520K)] 227551K->134839K(352256K), 0.0032530 secs] [Times: user=0.02 sys=0.00, real=0.00 secs] 
126.210: Total time for which application threads were stopped: 0.0034220 seconds, Stopping threads took: 0.0000810 seconds
126.238: Application time: 0.0278150 seconds
126.238: [GC [PSYoungGen: 100368K->7888K(107520K)] 227511K->135088K(352256K), 0.0033550 secs] [Times: user=0.02 sys=0.00, real=0.00 secs] 
126.241: Total time for which application threads were stopped: 0.0035190 seconds, Stopping threads took: 0.0000760 seconds
126.270: Application time: 0.0281700 seconds
126.270: [GC [PSYoungGen: 100560K->8080K(107520K)] 227760K->135280K(352256K), 0.0033370 secs] [Times: user=0.02 sys=0.00, real=0.00 secs] 
126.273: Total time for which application threads were stopped: 0.0035100 seconds, Stopping threads took: 0.0000890 seconds
126.295: Application time: 0.0217730 seconds
126.295: [GC [PSYoungGen: 100752K->9808K(107520K)] 227952K->137008K(352256K), 0.0039710 secs] [Times: user=0.02 sys=0.00, real=0.00 secs] 
126.299: Total time for which application threads were stopped: 0.0041950 seconds, Stopping threads took: 0.0001260 seconds
126.325: Application time: 0.0261270 seconds
126.325: [GC [PSYoungGen: 102480K->11984K(107520K)] 229680K->139184K(352256K), 0.0046340 secs] [Times: user=0.03 sys=0.00, real=0.01 secs] 
126.330: Total time for which application threads were stopped: 0.0048120 seconds, Stopping threads took: 0.0000870 seconds
126.369: Application time: 0.0393610 seconds
126.370: [GC [PSYoungGen: 104656K->8800K(107520K)] 231856K->136000K(352256K), 0.0033970 secs] [Times: user=0.02 sys=0.00, real=0.00 secs] 
126.373: Total time for which application threads were stopped: 0.0035870 seconds, Stopping threads took: 0.0000980 seconds
126.409: Application time: 0.0355050 seconds
126.409: [GC [PSYoungGen: 101472K->7696K(107520K)] 228672K->134896K(352256K), 0.0032780 secs] [Times: user=0.02 sys=0.00, real=0.00 secs] 
126.412: Total time for which application threads were stopped: 0.0034650 seconds, Stopping threads took: 0.0000980 seconds
126.450: Application time: 0.0380660 seconds
126.450: [GC [PSYoungGen: 100368K->7808K(107520K)] 227568K->135008K(352256K), 0.0031380 secs] [Times: user=0.02 sys=0.00, real=0.00 secs] 
126.453: Total time for which application threads were stopped: 0.0033200 seconds, Stopping threads took: 0.0000910 seconds
126.481: Application time: 0.0279000 seconds
126.481: [GC [PSYoungGen: 100480K->8016K(107520K)] 227680K->135216K(352256K), 0.0032860 secs] [Times: user=0.03 sys=0.00, real=0.00 secs] 
126.485: Total time for which application threads were stopped: 0.0034710 seconds, Stopping threads took: 0.0000980 seconds
126.513: Application time: 0.0286260 seconds
126.514: [GC [PSYoungGen: 100688K->8032K(107520K)] 227888K->135232K(352256K), 0.0032840 secs] [Times: user=0.02 sys=0.00, real=0.01 secs] 
126.517: Total time for which application threads were stopped: 0.0034900 seconds, Stopping threads took: 0.0001160 seconds
126.540: Application time: 0.0234410 seconds
126.540: [GC [PSYoungGen: 100704K->9360K(107520K)] 227904K->136560K(352256K), 0.0036470 secs] [Times: user=0.02 sys=0.00, real=0.00 secs] 
126.544: Total time for which application threads were stopped: 0.0038380 seconds, Stopping threads took: 0.0001010 seconds
126.569: Application time: 0.0252500 seconds
126.574: [GC [PSYoungGen: 102032K->8032K(107520K)] 229232K->135232K(352256K), 0.0032820 secs] [Times: user=0.02 sys=0.00, real=0.00 secs] 
126.577: Total time for which application threads were stopped: 0.0078940 seconds, Stopping threads took: 0.0045280 seconds
126.614: Application time: 0.0364730 seconds
126.614: [GC [PSYoungGen: 100704K->10736K(107520K)] 227904K->137936K(352256K), 0.0042700 secs] [Times: user=0.02 sys=0.00, real=0.00 secs] 
126.618: Total time for which application threads were stopped: 0.0044960 seconds, Stopping threads took: 0.0001110 seconds
126.653: Application time: 0.0344820 seconds
126.653: [GC [PSYoungGen: 103408K->8128K(107520K)] 230608K->135328K(352256K), 0.0033490 secs] [Times: user=0.02 sys=0.00, real=0.01 secs] 
126.656: Total time for which application threads were stopped: 0.0035240 seconds, Stopping threads took: 0.0000770 seconds
126.695: Application time: 0.0387810 seconds
126.695: [GC [PSYoungGen: 100800K->7792K(107520K)] 228000K->134992K(352256K), 0.0031880 secs] [Times: user=0.02 sys=0.00, real=0.00 secs] 
126.698: Total time for which application threads were stopped: 0.0034020 seconds, Stopping threads took: 0.0000990 seconds
126.729: Application time: 0.0307260 seconds
126.729: [GC [PSYoungGen: 100464K->7968K(107520K)] 227664K->135168K(352256K), 0.0033140 secs] [Times: user=0.02 sys=0.00, real=0.00 secs] 
126.733: Total time for which application threads were stopped: 0.0034900 seconds, Stopping threads took: 0.0000860 seconds
126.762: Application time: 0.0290440 seconds
126.762: [GC [PSYoungGen: 100640K->7744K(107520K)] 227840K->135124K(352256K), 0.0031890 secs] [Times: user=0.03 sys=0.00, real=0.00 secs] 
126.765: Total time for which application threads were stopped: 0.0033810 seconds, Stopping threads took: 0.0000840 seconds
126.790: Application time: 0.0251390 seconds
126.790: [GC [PSYoungGen: 100416K->7648K(107520K)] 227796K->135076K(352256K), 0.0031050 secs] [Times: user=0.02 sys=0.00, real=0.00 secs] 
126.794: Total time for which application threads were stopped: 0.0032780 seconds, Stopping threads took: 0.0000780 seconds
126.815: Application time: 0.0214340 seconds
126.815: [GC [PSYoungGen: 100320K->8192K(107520K)] 227748K->135620K(352256K), 0.0031900 secs] [Times: user=0.02 sys=0.00, real=0.00 secs] 
126.818: Total time for which application threads were stopped: 0.0033630 seconds, Stopping threads took: 0.0000880 seconds
126.852: Application time: 0.0332570 seconds
126.852: [GC [PSYoungGen: 100864K->12192K(107520K)] 228292K->139620K(352256K), 0.0045790 secs] [Times: user=0.03 sys=0.00, real=0.01 secs] 
126.856: Total time for which application threads were stopped: 0.0047360 seconds, Stopping threads took: 0.0000620 seconds
126.891: Application time: 0.0351140 seconds
126.892: [GC [PSYoungGen: 104864K->8080K(107520K)] 232292K->135508K(352256K), 0.0032040 secs] [Times: user=0.02 sys=0.00, real=0.01 secs] 
126.895: Total time for which application threads were stopped: 0.0033810 seconds, Stopping threads took: 0.0000890 seconds
126.934: Application time: 0.0388000 seconds
126.934: [GC [PSYoungGen: 100752K->7552K(107520K)] 228180K->134980K(352256K), 0.0030940 secs] [Times: user=0.02 sys=0.00, real=0.01 secs] 
126.937: Total time for which application threads were stopped: 0.0032930 seconds, Stopping threads took: 0.0001010 seconds
126.972: Application time: 0.0354520 seconds
126.973: [GC [PSYoungGen: 100224K->7792K(107520K)] 227652K->135276K(352256K), 0.0032390 secs] [Times: user=0.02 sys=0.00, real=0.01 secs] 
126.976: Total time for which application threads were stopped: 0.0034050 seconds, Stopping threads took: 0.0000810 seconds
127.004: Application time: 0.0284080 seconds
127.005: [GC [PSYoungGen: 100464K->7840K(107520K)] 227948K->135372K(352256K), 0.0030730 secs] [Times: user=0.02 sys=0.00, real=0.01 secs] 
127.008: Total time for which application threads were stopped: 0.0037460 seconds, Stopping threads took: 0.0005620 seconds
127.036: Application time: 0.0276670 seconds
127.036: [GC [PSYoungGen: 100512K->7920K(107520K)] 228044K->135452K(352256K), 0.0031930 secs] [Times: user=0.03 sys=0.00, real=0.00 secs] 
127.039: Total time for which application threads were stopped: 0.0033850 seconds, Stopping threads took: 0.0001000 seconds
127.061: Application time: 0.0215240 seconds
127.061: [GC [PSYoungGen: 100592K->9696K(107520K)] 228124K->137228K(352256K), 0.0039380 secs] [Times: user=0.03 sys=0.00, real=0.00 secs] 
127.065: Total time for which application threads were stopped: 0.0041010 seconds, Stopping threads took: 0.0000550 seconds
127.091: Application time: 0.0264870 seconds
127.091: [GC [PSYoungGen: 102368K->9568K(107520K)] 229900K->137100K(352256K), 0.0036560 secs] [Times: user=0.02 sys=0.00, real=0.01 secs] 
127.095: Total time for which application threads were stopped: 0.0038100 seconds, Stopping threads took: 0.0000650 seconds
127.133: Application time: 0.0378730 seconds
127.133: [GC [PSYoungGen: 102240K->11376K(107520K)] 229772K->138908K(352256K), 0.0044860 secs] [Times: user=0.04 sys=0.00, real=0.01 secs] 
127.137: Total time for which application threads were stopped: 0.0046690 seconds, Stopping threads took: 0.0000960 seconds
127.173: Application time: 0.0357260 seconds
127.173: [GC [PSYoungGen: 104048K->8176K(107520K)] 231580K->135708K(352256K), 0.0032750 secs] [Times: user=0.02 sys=0.00, real=0.01 secs] 
127.177: Total time for which application threads were stopped: 0.0034650 seconds, Stopping threads took: 0.0000960 seconds
127.215: Application time: 0.0385080 seconds
127.215: [GC [PSYoungGen: 100848K->7984K(107520K)] 228380K->135516K(352256K), 0.0033330 secs] [Times: user=0.02 sys=0.00, real=0.00 secs] 
127.219: Total time for which application threads were stopped: 0.0035280 seconds, Stopping threads took: 0.0000890 seconds
127.248: Application time: 0.0289980 seconds
127.248: [GC [PSYoungGen: 100656K->7936K(107520K)] 228188K->135468K(352256K), 0.0033170 secs] [Times: user=0.01 sys=0.00, real=0.00 secs] 
127.251: Total time for which application threads were stopped: 0.0034880 seconds, Stopping threads took: 0.0000850 seconds
127.279: Application time: 0.0280490 seconds
127.279: [GC [PSYoungGen: 100608K->8016K(107520K)] 228140K->135548K(352256K), 0.0031990 secs] [Times: user=0.02 sys=0.00, real=0.00 secs] 
127.283: Total time for which application threads were stopped: 0.0034160 seconds, Stopping threads took: 0.0001190 seconds
127.306: Application time: 0.0238150 seconds
127.307: [GC [PSYoungGen: 100688K->10032K(107520K)] 228220K->137564K(352256K), 0.0040870 secs] [Times: user=0.03 sys=0.00, real=0.00 secs] 
127.311: Total time for which application threads were stopped: 0.0042460 seconds, Stopping threads took: 0.0000680 seconds
127.335: Application time: 0.0243630 seconds
127.335: [GC [PSYoungGen: 102704K->7840K(107520K)] 230236K->135372K(352256K), 0.0031640 secs] [Times: user=0.02 sys=0.00, real=0.00 secs] 
127.338: Total time for which application threads were stopped: 0.0033700 seconds, Stopping threads took: 0.0001110 seconds
127.374: Application time: 0.0354070 seconds
127.374: [GC [PSYoungGen: 100512K->11040K(107520K)] 228044K->138572K(352256K), 0.0043580 secs] [Times: user=0.03 sys=0.01, real=0.00 secs] 
127.378: Total time for which application threads were stopped: 0.0045420 seconds, Stopping threads took: 0.0000880 seconds
127.413: Application time: 0.0349040 seconds
127.413: [GC [PSYoungGen: 103712K->8032K(107520K)] 231244K->135564K(352256K), 0.0033100 secs] [Times: user=0.02 sys=0.00, real=0.01 secs] 
127.417: Total time for which application threads were stopped: 0.0035020 seconds, Stopping threads took: 0.0001000 seconds
127.454: Application time: 0.0373200 seconds
127.454: [GC [PSYoungGen: 100704K->7840K(107520K)] 228236K->135372K(352256K), 0.0032690 secs] [Times: user=0.02 sys=0.00, real=0.00 secs] 
127.458: Total time for which application threads were stopped: 0.0034610 seconds, Stopping threads took: 0.0001020 seconds
127.490: Application time: 0.0327230 seconds
127.490: [GC [PSYoungGen: 100512K->7952K(107520K)] 228044K->135484K(352256K), 0.0033130 secs] [Times: user=0.03 sys=0.00, real=0.00 secs] 
127.494: Total time for which application threads were stopped: 0.0034840 seconds, Stopping threads took: 0.0000820 seconds
127.522: Application time: 0.0285110 seconds
127.526: [GC [PSYoungGen: 100624K->7600K(107520K)] 228156K->135316K(352256K), 0.0031870 secs] [Times: user=0.02 sys=0.00, real=0.00 secs] 
127.529: Total time for which application threads were stopped: 0.0068340 seconds, Stopping threads took: 0.0035530 seconds
127.557: Application time: 0.0277570 seconds
127.557: [GC [PSYoungGen: 100272K->7488K(107520K)] 227988K->135260K(352256K), 0.0031700 secs] [Times: user=0.02 sys=0.00, real=0.00 secs] 
127.560: Total time for which application threads were stopped: 0.0033560 seconds, Stopping threads took: 0.0001010 seconds
127.582: Application time: 0.0215790 seconds
127.582: [GC [PSYoungGen: 100160K->8192K(107520K)] 227932K->135964K(352256K), 0.0033160 secs] [Times: user=0.02 sys=0.00, real=0.00 secs] 
127.585: Total time for which application threads were stopped: 0.0034630 seconds, Stopping threads took: 0.0000650 seconds
127.612: Application time: 0.0269460 seconds
127.612: [GC [PSYoungGen: 100864K->14816K(107520K)] 228636K->142708K(352256K), 0.0059390 secs] [Times: user=0.04 sys=0.00, real=0.01 secs] 
127.618: Total time for which application threads were stopped: 0.0061480 seconds, Stopping threads took: 0.0001070 seconds
127.657: Application time: 0.0387560 seconds
127.657: [GC [PSYoungGen: 107488K->12576K(107520K)] 235380K->140468K(352256K), 0.0047760 secs] [Times: user=0.04 sys=0.00, real=0.00 secs] 
127.662: Total time for which application threads were stopped: 0.0049970 seconds, Stopping threads took: 0.0001260 seconds
127.699: Application time: 0.0367600 seconds
127.699: [GC [PSYoungGen: 105248K->11360K(107520K)] 233140K->139252K(352256K), 0.0044950 secs] [Times: user=0.03 sys=0.00, real=0.00 secs] 
127.704: Total time for which application threads were stopped: 0.0047080 seconds, Stopping threads took: 0.0001180 seconds
127.741: Application time: 0.0373580 seconds
127.741: [GC [PSYoungGen: 104032K->11568K(107520K)] 231924K->139516K(352256K), 0.0044860 secs] [Times: user=0.03 sys=0.00, real=0.00 secs] 
127.746: Total time for which application threads were stopped: 0.0046850 seconds, Stopping threads took: 0.0000790 seconds
127.774: Application time: 0.0280120 seconds
127.774: [GC [PSYoungGen: 104240K->11536K(107520K)] 232188K->139540K(352256K), 0.0045130 secs] [Times: user=0.03 sys=0.00, real=0.00 secs] 
127.778: Total time for which application threads were stopped: 0.0046970 seconds, Stopping threads took: 0.0000830 seconds
127.806: Application time: 0.0278940 seconds
127.806: [GC [PSYoungGen: 104208K->11712K(107520K)] 232212K->139716K(352256K), 0.0045690 secs] [Times: user=0.02 sys=0.00, real=0.00 secs] 
127.811: Total time for which application threads were stopped: 0.0047560 seconds, Stopping threads took: 0.0000890 seconds
127.833: Application time: 0.0221210 seconds
127.833: [GC [PSYoungGen: 104384K->13744K(107520K)] 232388K->141748K(352256K), 0.0053660 secs] [Times: user=0.04 sys=0.00, real=0.01 secs] 
127.839: Total time for which application threads were stopped: 0.0055610 seconds, Stopping threads took: 0.0000960 seconds
127.863: Application time: 0.0246040 seconds
127.864: [GC [PSYoungGen: 106416K->11600K(107520K)] 234420K->139604K(352256K), 0.0044760 secs] [Times: user=0.03 sys=0.00, real=0.01 secs] 
127.868: Total time for which application threads were stopped: 0.0046720 seconds, Stopping threads took: 0.0000990 seconds
127.906: Application time: 0.0377780 seconds
127.906: [GC [PSYoungGen: 104272K->14816K(107520K)] 232276K->142860K(352256K), 0.0058330 secs] [Times: user=0.04 sys=0.00, real=0.00 secs] 
127.912: Total time for which application threads were stopped: 0.0060360 seconds, Stopping threads took: 0.0001110 seconds
127.946: Application time: 0.0344830 seconds
127.947: [GC [PSYoungGen: 107488K->13120K(107520K)] 235532K->141164K(352256K), 0.0051490 secs] [Times: user=0.04 sys=0.00, real=0.00 secs] 
127.952: Total time for which application threads were stopped: 0.0053300 seconds, Stopping threads took: 0.0000840 seconds
127.991: Application time: 0.0389380 seconds
127.991: [GC [PSYoungGen: 105792K->13120K(107520K)] 233836K->141164K(352256K), 0.0052010 secs] [Times: user=0.04 sys=0.00, real=0.01 secs] 
127.996: Total time for which application threads were stopped: 0.0053760 seconds, Stopping threads took: 0.0000850 seconds
128.026: Application time: 0.0302540 seconds
128.026: [GC [PSYoungGen: 105792K->13232K(107520K)] 233836K->141276K(352256K), 0.0131530 secs] [Times: user=0.09 sys=0.00, real=0.01 secs] 
128.040: Total time for which application threads were stopped: 0.0133370 seconds, Stopping threads took: 0.0000880 seconds
128.069: Application time: 0.0289380 seconds
128.069: [GC [PSYoungGen: 105904K->13008K(107520K)] 233948K->141052K(352256K), 0.0050320 secs] [Times: user=0.03 sys=0.00, real=0.00 secs] 
128.074: Total time for which application threads were stopped: 0.0052120 seconds, Stopping threads took: 0.0000780 seconds
128.099: Application time: 0.0251800 seconds
128.099: [GC [PSYoungGen: 105680K->13008K(107520K)] 233724K->141052K(352256K), 0.0050730 secs] [Times: user=0.03 sys=0.00, real=0.00 secs] 
128.104: Total time for which application threads were stopped: 0.0052360 seconds, Stopping threads took: 0.0000750 seconds
128.127: Application time: 0.0226520 seconds
128.127: [GC [PSYoungGen: 105680K->13808K(107520K)] 233724K->141852K(352256K), 0.0051070 secs] [Times: user=0.04 sys=0.00, real=0.00 secs] 
128.132: Total time for which application threads were stopped: 0.0053180 seconds, Stopping threads took: 0.0001070 seconds
128.165: Application time: 0.0328150 seconds
128.165: [GC [PSYoungGen: 106480K->12656K(107520K)] 234524K->144710K(352256K), 0.0058420 secs] [Times: user=0.05 sys=0.00, real=0.01 secs] 
128.171: Total time for which application threads were stopped: 0.0060270 seconds, Stopping threads took: 0.0000840 seconds
128.207: Application time: 0.0356160 seconds
128.207: [GC [PSYoungGen: 105328K->9200K(107520K)] 237382K->141254K(352256K), 0.0037740 secs] [Times: user=0.03 sys=0.00, real=0.00 secs] 
128.211: Total time for which application threads were stopped: 0.0039720 seconds, Stopping threads took: 0.0001090 seconds
128.249: Application time: 0.0382030 seconds
128.249: [GC [PSYoungGen: 101872K->9152K(107520K)] 233926K->141206K(352256K), 0.0036740 secs] [Times: user=0.03 sys=0.00, real=0.00 secs] 
128.253: Total time for which application threads were stopped: 0.0038540 seconds, Stopping threads took: 0.0000740 seconds
128.287: Application time: 0.0344520 seconds
128.287: [GC [PSYoungGen: 101824K->9184K(107520K)] 233878K->141238K(352256K), 0.0038430 secs] [Times: user=0.02 sys=0.00, real=0.00 secs] 
128.291: Total time for which application threads were stopped: 0.0040120 seconds, Stopping threads took: 0.0000770 seconds
128.319: Application time: 0.0281940 seconds
128.320: [GC [PSYoungGen: 101856K->9216K(107520K)] 233910K->141426K(352256K), 0.0037320 secs] [Times: user=0.02 sys=0.00, real=0.00 secs] 
128.323: Total time for which application threads were stopped: 0.0039430 seconds, Stopping threads took: 0.0001220 seconds
128.351: Application time: 0.0279370 seconds
128.351: [GC [PSYoungGen: 101888K->9136K(107520K)] 234098K->141430K(352256K), 0.0036900 secs] [Times: user=0.03 sys=0.00, real=0.01 secs] 
128.355: Total time for which application threads were stopped: 0.0038570 seconds, Stopping threads took: 0.0000810 seconds
128.376: Application time: 0.0208710 seconds
128.376: [GC [PSYoungGen: 101808K->10976K(107520K)] 234102K->143270K(352256K), 0.0043770 secs] [Times: user=0.03 sys=0.00, real=0.00 secs] 
128.381: Total time for which application threads were stopped: 0.0045790 seconds, Stopping threads took: 0.0001120 seconds
128.408: Application time: 0.0271000 seconds
128.408: [GC [PSYoungGen: 103648K->12640K(107520K)] 235942K->144934K(352256K), 0.0047090 secs] [Times: user=0.04 sys=0.00, real=0.00 secs] 
128.413: Total time for which application threads were stopped: 0.0049000 seconds, Stopping threads took: 0.0000850 seconds
128.451: Application time: 0.0380390 seconds
128.451: [GC [PSYoungGen: 105312K->10112K(107520K)] 237606K->143764K(352256K), 0.0043160 secs] [Times: user=0.03 sys=0.00, real=0.01 secs] 
128.455: Total time for which application threads were stopped: 0.0045230 seconds, Stopping threads took: 0.0001050 seconds
128.491: Application time: 0.0357390 seconds
128.491: [GC [PSYoungGen: 102784K->7824K(107520K)] 236436K->141476K(352256K), 0.0032450 secs] [Times: user=0.02 sys=0.00, real=0.01 secs] 
128.494: Total time for which application threads were stopped: 0.0034240 seconds, Stopping threads took: 0.0000870 seconds
128.533: Application time: 0.0385350 seconds
128.533: [GC [PSYoungGen: 100496K->7872K(107520K)] 234148K->141580K(352256K), 0.0032500 secs] [Times: user=0.03 sys=0.00, real=0.01 secs] 
128.536: Total time for which application threads were stopped: 0.0033930 seconds, Stopping threads took: 0.0000500 seconds
128.564: Application time: 0.0282300 seconds
128.565: [GC [PSYoungGen: 100544K->7696K(107520K)] 234252K->141460K(352256K), 0.0032010 secs] [Times: user=0.02 sys=0.00, real=0.01 secs] 
128.568: Total time for which application threads were stopped: 0.0033950 seconds, Stopping threads took: 0.0001050 seconds
128.596: Application time: 0.0286340 seconds
128.597: [GC [PSYoungGen: 100368K->8032K(107520K)] 234132K->141796K(352256K), 0.0032760 secs] [Times: user=0.02 sys=0.00, real=0.00 secs] 
128.600: Total time for which application threads were stopped: 0.0034570 seconds, Stopping threads took: 0.0000880 seconds
128.623: Application time: 0.0229260 seconds
128.623: [GC [PSYoungGen: 100704K->7856K(107520K)] 234468K->141620K(352256K), 0.0032090 secs] [Times: user=0.02 sys=0.00, real=0.01 secs] 
128.626: Total time for which application threads were stopped: 0.0034090 seconds, Stopping threads took: 0.0001120 seconds
128.650: Application time: 0.0236550 seconds
128.650: [GC [PSYoungGen: 100528K->7968K(107520K)] 234292K->141732K(352256K), 0.0031440 secs] [Times: user=0.02 sys=0.00, real=0.00 secs] 
128.653: Total time for which application threads were stopped: 0.0033350 seconds, Stopping threads took: 0.0001050 seconds
128.691: Application time: 0.0374400 seconds
128.691: [GC [PSYoungGen: 100640K->9824K(107520K)] 234404K->143588K(352256K), 0.0039070 secs] [Times: user=0.03 sys=0.00, real=0.01 secs] 
128.695: Total time for which application threads were stopped: 0.0040910 seconds, Stopping threads took: 0.0000850 seconds
128.728: Application time: 0.0332600 seconds
128.728: [GC [PSYoungGen: 102496K->7760K(107520K)] 236260K->141524K(352256K), 0.0032850 secs] [Times: user=0.02 sys=0.00, real=0.00 secs] 
128.732: Total time for which application threads were stopped: 0.0034810 seconds, Stopping threads took: 0.0001010 seconds
128.770: Application time: 0.0385040 seconds
128.770: [GC [PSYoungGen: 100432K->8000K(107520K)] 234196K->141764K(352256K), 0.0033200 secs] [Times: user=0.03 sys=0.00, real=0.00 secs] 
128.774: Total time for which application threads were stopped: 0.0035400 seconds, Stopping threads took: 0.0001120 seconds
128.805: Application time: 0.0316960 seconds
128.805: [GC [PSYoungGen: 100672K->7680K(107520K)] 234436K->141444K(352256K), 0.0031890 secs] [Times: user=0.02 sys=0.00, real=0.01 secs] 
128.809: Total time for which application threads were stopped: 0.0033130 seconds, Stopping threads took: 0.0000350 seconds
128.837: Application time: 0.0282680 seconds
128.837: [GC [PSYoungGen: 100352K->8048K(107520K)] 234116K->141812K(352256K), 0.0033960 secs] [Times: user=0.02 sys=0.00, real=0.00 secs] 
128.840: Total time for which application threads were stopped: 0.0035710 seconds, Stopping threads took: 0.0000840 seconds
128.867: Application time: 0.0267790 seconds
128.867: [GC [PSYoungGen: 100720K->8336K(107520K)] 234484K->142100K(352256K), 0.0033540 secs] [Times: user=0.03 sys=0.00, real=0.00 secs] 
128.871: Total time for which application threads were stopped: 0.0035060 seconds, Stopping threads took: 0.0000680 seconds
128.892: Application time: 0.0215760 seconds
128.892: [GC [PSYoungGen: 101008K->9904K(107520K)] 234772K->143668K(352256K), 0.0039240 secs] [Times: user=0.03 sys=0.00, real=0.01 secs] 
128.896: Total time for which application threads were stopped: 0.0040940 seconds, Stopping threads took: 0.0000750 seconds
128.925: Application time: 0.0289220 seconds
128.925: [GC [PSYoungGen: 102576K->14816K(107520K)] 236340K->149340K(352256K), 0.0060380 secs] [Times: user=0.04 sys=0.00, real=0.01 secs] 
128.932: Total time for which application threads were stopped: 0.0062360 seconds, Stopping threads took: 0.0000940 seconds
128.969: Application time: 0.0378960 seconds
128.970: [GC [PSYoungGen: 107488K->11920K(107520K)] 242012K->146444K(352256K), 0.0045750 secs] [Times: user=0.03 sys=0.00, real=0.01 secs] 
128.974: Total time for which application threads were stopped: 0.0047580 seconds, Stopping threads took: 0.0000840 seconds
129.012: Application time: 0.0379700 seconds
129.012: [GC [PSYoungGen: 104592K->11104K(107520K)] 239116K->145628K(352256K), 0.0043830 secs] [Times: user=0.03 sys=0.00, real=0.01 secs] 
129.017: Total time for which application threads were stopped: 0.0045640 seconds, Stopping threads took: 0.0000830 seconds
129.053: Application time: 0.0360730 seconds
129.053: [GC [PSYoungGen: 103776K->11472K(107520K)] 238300K->145996K(352256K), 0.0045030 secs] [Times: user=0.03 sys=0.00, real=0.01 secs] 
129.058: Total time for which application threads were stopped: 0.0046950 seconds, Stopping threads took: 0.0000920 seconds
129.086: Application time: 0.0284240 seconds
129.086: [GC [PSYoungGen: 104144K->11136K(107520K)] 238668K->145800K(352256K), 0.0045800 secs] [Times: user=0.03 sys=0.00, real=0.00 secs] 
129.091: Total time for which application threads were stopped: 0.0047510 seconds, Stopping threads took: 0.0000730 seconds
129.118: Application time: 0.0273590 seconds
129.118: [GC [PSYoungGen: 103808K->11280K(107520K)] 238472K->146024K(352256K), 0.0046030 secs] [Times: user=0.03 sys=0.00, real=0.00 secs] 
129.123: Total time for which application threads were stopped: 0.0048030 seconds, Stopping threads took: 0.0001020 seconds
129.144: Application time: 0.0207340 seconds
129.144: [GC [PSYoungGen: 103952K->12336K(107520K)] 238696K->147080K(352256K), 0.0049120 secs] [Times: user=0.03 sys=0.00, real=0.01 secs] 
129.149: Total time for which application threads were stopped: 0.0051040 seconds, Stopping threads took: 0.0000950 seconds
129.174: Application time: 0.0257200 seconds
129.175: [GC [PSYoungGen: 105008K->12128K(107520K)] 239752K->146872K(352256K), 0.0046240 secs] [Times: user=0.03 sys=0.00, real=0.00 secs] 
129.179: Total time for which application threads were stopped: 0.0047860 seconds, Stopping threads took: 0.0000640 seconds
129.218: Application time: 0.0387970 seconds
129.218: [GC [PSYoungGen: 104800K->14832K(107520K)] 239544K->150152K(352256K), 0.0061430 secs] [Times: user=0.04 sys=0.00, real=0.00 secs] 
129.224: Total time for which application threads were stopped: 0.0063430 seconds, Stopping threads took: 0.0001020 seconds
129.260: Application time: 0.0352420 seconds
129.262: [GC [PSYoungGen: 107504K->13248K(107520K)] 242824K->148568K(352256K), 0.0052690 secs] [Times: user=0.04 sys=0.00, real=0.01 secs] 
129.267: Total time for which application threads were stopped: 0.0076550 seconds, Stopping threads took: 0.0022830 seconds
129.306: Application time: 0.0390540 seconds
129.307: [GC [PSYoungGen: 105920K->13360K(107520K)] 241240K->148680K(352256K), 0.0053400 secs] [Times: user=0.03 sys=0.00, real=0.00 secs] 
129.312: Total time for which application threads were stopped: 0.0055630 seconds, Stopping threads took: 0.0000940 seconds
129.340: Application time: 0.0283000 seconds
129.342: [GC [PSYoungGen: 106032K->13360K(107520K)] 241352K->148728K(352256K), 0.0053180 secs] [Times: user=0.04 sys=0.00, real=0.01 secs] 
129.347: Total time for which application threads were stopped: 0.0071740 seconds, Stopping threads took: 0.0017540 seconds
129.377: Application time: 0.0295220 seconds
129.377: [GC [PSYoungGen: 106032K->13424K(107520K)] 241400K->148840K(352256K), 0.0053400 secs] [Times: user=0.03 sys=0.00, real=0.00 secs] 
129.382: Total time for which application threads were stopped: 0.0055360 seconds, Stopping threads took: 0.0000960 seconds
129.406: Application time: 0.0236780 seconds
129.406: [GC [PSYoungGen: 106096K->13488K(107520K)] 241512K->148904K(352256K), 0.0054000 secs] [Times: user=0.04 sys=0.00, real=0.00 secs] 
129.412: Total time for which application threads were stopped: 0.0055460 seconds, Stopping threads took: 0.0000550 seconds
129.436: Application time: 0.0243220 seconds
129.436: [GC [PSYoungGen: 106160K->13984K(107520K)] 241576K->149400K(352256K), 0.0054660 secs] [Times: user=0.04 sys=0.00, real=0.00 secs] 
129.442: Total time for which application threads were stopped: 0.0056570 seconds, Stopping threads took: 0.0000930 seconds
129.476: Application time: 0.0343060 seconds
129.476: [GC [PSYoungGen: 106656K->11840K(107520K)] 242072K->150770K(352256K), 0.0056860 secs] [Times: user=0.04 sys=0.01, real=0.00 secs] 
129.482: Total time for which application threads were stopped: 0.0058870 seconds, Stopping threads took: 0.0001010 seconds
129.516: Application time: 0.0344960 seconds
129.516: [GC [PSYoungGen: 104512K->10144K(107520K)] 243442K->149074K(352256K), 0.0040220 secs] [Times: user=0.03 sys=0.00, real=0.00 secs] 
129.521: Total time for which application threads were stopped: 0.0042100 seconds, Stopping threads took: 0.0000910 seconds
129.560: Application time: 0.0391160 seconds
129.560: [GC [PSYoungGen: 102816K->9968K(107520K)] 241746K->148898K(352256K), 0.0040050 secs] [Times: user=0.03 sys=0.00, real=0.00 secs] 
129.564: Total time for which application threads were stopped: 0.0041900 seconds, Stopping threads took: 0.0000870 seconds
129.597: Application time: 0.0328220 seconds
129.597: [GC [PSYoungGen: 102640K->10080K(107520K)] 241570K->149010K(352256K), 0.0041260 secs] [Times: user=0.03 sys=0.00, real=0.00 secs] 
129.601: Total time for which application threads were stopped: 0.0042950 seconds, Stopping threads took: 0.0000690 seconds
129.630: Application time: 0.0292260 seconds
129.630: [GC [PSYoungGen: 102752K->10224K(107520K)] 241682K->149154K(352256K), 0.0041220 secs] [Times: user=0.02 sys=0.00, real=0.01 secs] 
129.635: Total time for which application threads were stopped: 0.0043180 seconds, Stopping threads took: 0.0000990 seconds
129.661: Application time: 0.0261450 seconds
129.661: [GC [PSYoungGen: 102896K->10288K(107520K)] 241826K->149218K(352256K), 0.0041850 secs] [Times: user=0.03 sys=0.00, real=0.00 secs] 
129.665: Total time for which application threads were stopped: 0.0043690 seconds, Stopping threads took: 0.0000950 seconds
129.687: Application time: 0.0217160 seconds
129.687: [GC [PSYoungGen: 102960K->12000K(107520K)] 241890K->150930K(352256K), 0.0048780 secs] [Times: user=0.03 sys=0.00, real=0.00 secs] 
129.692: Total time for which application threads were stopped: 0.0050730 seconds, Stopping threads took: 0.0000950 seconds
129.720: Application time: 0.0282830 seconds
129.720: [GC [PSYoungGen: 104672K->14816K(107520K)] 243602K->155529K(352256K), 0.0065400 secs] [Times: user=0.03 sys=0.01, real=0.01 secs] 
129.727: Total time for which application threads were stopped: 0.0067290 seconds, Stopping threads took: 0.0000920 seconds
129.764: Application time: 0.0375510 seconds
129.765: [GC [PSYoungGen: 107488K->14688K(107520K)] 248201K->157709K(352256K), 0.0068750 secs] [Times: user=0.05 sys=0.00, real=0.01 secs] 
129.772: Total time for which application threads were stopped: 0.0070720 seconds, Stopping threads took: 0.0000950 seconds
129.808: Application time: 0.0368140 seconds
129.809: [GC [PSYoungGen: 107360K->12128K(107520K)] 250381K->155149K(352256K), 0.0049060 secs] [Times: user=0.03 sys=0.00, real=0.00 secs] 
129.813: Total time for which application threads were stopped: 0.0051380 seconds, Stopping threads took: 0.0001160 seconds
129.851: Application time: 0.0374100 seconds
129.851: [GC [PSYoungGen: 104800K->12240K(107520K)] 247821K->155261K(352256K), 0.0048900 secs] [Times: user=0.04 sys=0.00, real=0.01 secs] 
129.856: Total time for which application threads were stopped: 0.0050900 seconds, Stopping threads took: 0.0001020 seconds
129.885: Application time: 0.0290250 seconds
129.885: [GC [PSYoungGen: 104912K->12080K(107520K)] 247933K->155253K(352256K), 0.0049710 secs] [Times: user=0.04 sys=0.00, real=0.01 secs] 
129.890: Total time for which application threads were stopped: 0.0051850 seconds, Stopping threads took: 0.0001170 seconds
129.918: Application time: 0.0277850 seconds
129.918: [GC [PSYoungGen: 104752K->12272K(107520K)] 247925K->155521K(352256K), 0.0049660 secs] [Times: user=0.04 sys=0.00, real=0.00 secs] 
129.923: Total time for which application threads were stopped: 0.0051930 seconds, Stopping threads took: 0.0001280 seconds
129.945: Application time: 0.0217300 seconds
129.945: [GC [PSYoungGen: 104944K->12304K(107520K)] 248193K->155553K(352256K), 0.0049250 secs] [Times: user=0.03 sys=0.00, real=0.01 secs] 
129.950: Total time for which application threads were stopped: 0.0051010 seconds, Stopping threads took: 0.0000770 seconds
129.975: Application time: 0.0253230 seconds
129.975: [GC [PSYoungGen: 104976K->13088K(107520K)] 248225K->156337K(352256K), 0.0050900 secs] [Times: user=0.04 sys=0.00, real=0.00 secs] 
129.981: Total time for which application threads were stopped: 0.0052650 seconds, Stopping threads took: 0.0000780 seconds
130.018: Application time: 0.0372660 seconds
130.018: [GC [PSYoungGen: 105760K->14512K(107520K)] 249009K->157761K(352256K), 0.0057830 secs] [Times: user=0.05 sys=0.00, real=0.00 secs] 
130.024: Total time for which application threads were stopped: 0.0059790 seconds, Stopping threads took: 0.0000950 seconds
130.059: Application time: 0.0349440 seconds
130.059: [GC [PSYoungGen: 107184K->11920K(107520K)] 250433K->155169K(352256K), 0.0048280 secs] [Times: user=0.03 sys=0.00, real=0.00 secs] 
130.064: Total time for which application threads were stopped: 0.0050250 seconds, Stopping threads took: 0.0001000 seconds
130.103: Application time: 0.0396700 seconds
130.104: [GC [PSYoungGen: 104592K->11840K(107520K)] 247841K->155089K(352256K), 0.0048010 secs] [Times: user=0.03 sys=0.00, real=0.01 secs] 
130.108: Total time for which application threads were stopped: 0.0050080 seconds, Stopping threads took: 0.0001070 seconds
130.137: Application time: 0.0286300 seconds
130.137: [GC [PSYoungGen: 104512K->12000K(107520K)] 247761K->155345K(352256K), 0.0049830 secs] [Times: user=0.03 sys=0.00, real=0.00 secs] 
130.142: Total time for which application threads were stopped: 0.0051630 seconds, Stopping threads took: 0.0000820 seconds
130.174: Application time: 0.0312830 seconds
130.174: [GC [PSYoungGen: 104672K->12048K(107520K)] 248017K->155393K(352256K), 0.0047960 secs] [Times: user=0.04 sys=0.00, real=0.01 secs] 
130.179: Total time for which application threads were stopped: 0.0049730 seconds, Stopping threads took: 0.0000710 seconds
130.202: Application time: 0.0229690 seconds
130.202: [GC [PSYoungGen: 104720K->12080K(107520K)] 248065K->155425K(352256K), 0.0048480 secs] [Times: user=0.04 sys=0.00, real=0.01 secs] 
130.207: Total time for which application threads were stopped: 0.0050340 seconds, Stopping threads took: 0.0000850 seconds
130.228: Application time: 0.0219320 seconds
130.229: [GC [PSYoungGen: 104752K->13472K(107520K)] 248097K->156817K(352256K), 0.0053920 secs] [Times: user=0.04 sys=0.00, real=0.01 secs] 
130.234: Total time for which application threads were stopped: 0.0055560 seconds, Stopping threads took: 0.0000620 seconds
130.267: Application time: 0.0329580 seconds
130.267: [GC [PSYoungGen: 106144K->14640K(107520K)] 249489K->161959K(352256K), 0.0072750 secs] [Times: user=0.04 sys=0.01, real=0.01 secs] 
130.274: Total time for which application threads were stopped: 0.0074730 seconds, Stopping threads took: 0.0001010 seconds
130.310: Application time: 0.0351690 seconds
130.310: [GC [PSYoungGen: 107312K->8048K(107520K)] 254631K->155925K(352256K), 0.0035640 secs] [Times: user=0.02 sys=0.00, real=0.00 secs] 
130.313: Total time for which application threads were stopped: 0.0037660 seconds, Stopping threads took: 0.0000970 seconds
130.352: Application time: 0.0389840 seconds
130.353: [GC [PSYoungGen: 100720K->7824K(107520K)] 248597K->155701K(352256K), 0.0033250 secs] [Times: user=0.02 sys=0.00, real=0.01 secs] 
130.356: Total time for which application threads were stopped: 0.0035150 seconds, Stopping threads took: 0.0001000 seconds
130.390: Application time: 0.0345040 seconds
130.391: [GC [PSYoungGen: 100496K->7952K(107520K)] 248373K->155829K(352256K), 0.0032840 secs] [Times: user=0.02 sys=0.00, real=0.00 secs] 
130.394: Total time for which application threads were stopped: 0.0034500 seconds, Stopping threads took: 0.0000730 seconds
130.422: Application time: 0.0283820 seconds
130.422: [GC [PSYoungGen: 100624K->7968K(107520K)] 248501K->155845K(352256K), 0.0032770 secs] [Times: user=0.02 sys=0.00, real=0.00 secs] 
130.426: Total time for which application threads were stopped: 0.0034630 seconds, Stopping threads took: 0.0000960 seconds
130.453: Application time: 0.0277190 seconds
130.458: [GC [PSYoungGen: 100640K->7872K(107520K)] 248517K->155749K(352256K), 0.0032070 secs] [Times: user=0.03 sys=0.00, real=0.00 secs] 
130.461: Total time for which application threads were stopped: 0.0077550 seconds, Stopping threads took: 0.0044610 seconds
130.483: Application time: 0.0213770 seconds
130.483: [GC [PSYoungGen: 100544K->9072K(107520K)] 248421K->156949K(352256K), 0.0035760 secs] [Times: user=0.02 sys=0.01, real=0.01 secs] 
130.486: Total time for which application threads were stopped: 0.0037850 seconds, Stopping threads took: 0.0001200 seconds
130.512: Application time: 0.0257340 seconds
130.512: [GC [PSYoungGen: 101744K->11232K(107520K)] 249621K->159109K(352256K), 0.0043670 secs] [Times: user=0.04 sys=0.00, real=0.01 secs] 
130.517: Total time for which application threads were stopped: 0.0045340 seconds, Stopping threads took: 0.0000680 seconds
130.555: Application time: 0.0385540 seconds
130.555: [GC [PSYoungGen: 103904K->10576K(107520K)] 251781K->158453K(352256K), 0.0040170 secs] [Times: user=0.03 sys=0.00, real=0.00 secs] 
130.559: Total time for which application threads were stopped: 0.0041910 seconds, Stopping threads took: 0.0000720 seconds
130.594: Application time: 0.0348530 seconds
130.594: [GC [PSYoungGen: 103248K->7984K(107520K)] 251125K->155861K(352256K), 0.0031940 secs] [Times: user=0.02 sys=0.00, real=0.00 secs] 
130.598: Total time for which application threads were stopped: 0.0033710 seconds, Stopping threads took: 0.0000770 seconds
130.637: Application time: 0.0389580 seconds
130.637: [GC [PSYoungGen: 100656K->7712K(107520K)] 248533K->155589K(352256K), 0.0033120 secs] [Times: user=0.02 sys=0.00, real=0.00 secs] 
130.640: Total time for which application threads were stopped: 0.0034930 seconds, Stopping threads took: 0.0000850 seconds
130.669: Application time: 0.0290310 seconds
130.669: [GC [PSYoungGen: 100384K->8032K(107520K)] 248261K->155965K(352256K), 0.0032670 secs] [Times: user=0.02 sys=0.00, real=0.00 secs] 
130.673: Total time for which application threads were stopped: 0.0034360 seconds, Stopping threads took: 0.0000750 seconds
130.701: Application time: 0.0283250 seconds
130.702: [GC [PSYoungGen: 100704K->7904K(107520K)] 248637K->156009K(352256K), 0.0033670 secs] [Times: user=0.01 sys=0.00, real=0.00 secs] 
130.705: Total time for which application threads were stopped: 0.0045160 seconds, Stopping threads took: 0.0010550 seconds
130.728: Application time: 0.0230040 seconds
130.729: [GC [PSYoungGen: 100576K->7792K(107520K)] 248681K->155897K(352256K), 0.0031970 secs] [Times: user=0.02 sys=0.00, real=0.00 secs] 
130.732: Total time for which application threads were stopped: 0.0033830 seconds, Stopping threads took: 0.0001030 seconds
130.754: Application time: 0.0224130 seconds
130.754: [GC [PSYoungGen: 100464K->8384K(107520K)] 248569K->156489K(352256K), 0.0033510 secs] [Times: user=0.02 sys=0.00, real=0.00 secs] 
130.758: Total time for which application threads were stopped: 0.0035210 seconds, Stopping threads took: 0.0000810 seconds
130.795: Application time: 0.0375420 seconds
130.795: [GC [PSYoungGen: 101056K->13136K(107520K)] 249161K->161241K(352256K), 0.0051470 secs] [Times: user=0.04 sys=0.00, real=0.00 secs] 
130.801: Total time for which application threads were stopped: 0.0053380 seconds, Stopping threads took: 0.0001020 seconds
130.834: Application time: 0.0337910 seconds
130.835: [GC [PSYoungGen: 105808K->7536K(107520K)] 253913K->155641K(352256K), 0.0032150 secs] [Times: user=0.02 sys=0.00, real=0.00 secs] 
130.838: Total time for which application threads were stopped: 0.0034300 seconds, Stopping threads took: 0.0001010 seconds
130.878: Application time: 0.0399580 seconds
130.878: [GC [PSYoungGen: 100208K->7552K(107520K)] 248313K->155657K(352256K), 0.0032730 secs] [Times: user=0.02 sys=0.00, real=0.00 secs] 
130.881: Total time for which application threads were stopped: 0.0034620 seconds, Stopping threads took: 0.0001040 seconds
130.912: Application time: 0.0308050 seconds
130.912: [GC [PSYoungGen: 100224K->7776K(107520K)] 248329K->155937K(352256K), 0.0033140 secs] [Times: user=0.02 sys=0.00, real=0.01 secs] 
130.916: Total time for which application threads were stopped: 0.0035170 seconds, Stopping threads took: 0.0001120 seconds
130.946: Application time: 0.0301990 seconds
130.946: [GC [PSYoungGen: 100448K->7760K(107520K)] 248609K->155970K(352256K), 0.0033410 secs] [Times: user=0.02 sys=0.00, real=0.00 secs] 
130.949: Total time for which application threads were stopped: 0.0035050 seconds, Stopping threads took: 0.0000790 seconds
130.974: Application time: 0.0247580 seconds
130.974: [GC [PSYoungGen: 100432K->8000K(107520K)] 248642K->156210K(352256K), 0.0033200 secs] [Times: user=0.02 sys=0.00, real=0.00 secs] 
130.978: Total time for which application threads were stopped: 0.0034960 seconds, Stopping threads took: 0.0000850 seconds
131.000: Application time: 0.0220550 seconds
131.000: [GC [PSYoungGen: 100672K->9744K(107520K)] 248882K->157954K(352256K), 0.0058240 secs] [Times: user=0.04 sys=0.00, real=0.00 secs] 
131.006: Total time for which application threads were stopped: 0.0059850 seconds, Stopping threads took: 0.0000610 seconds
131.035: Application time: 0.0298670 seconds
131.038: [GC [PSYoungGen: 102416K->13712K(107520K)] 250626K->161922K(352256K), 0.0054990 secs] [Times: user=0.03 sys=0.00, real=0.00 secs] 
131.044: Total time for which application threads were stopped: 0.0080560 seconds, Stopping threads took: 0.0024570 seconds
131.082: Application time: 0.0384880 seconds
131.086: [GC [PSYoungGen: 106384K->8160K(107520K)] 254594K->156370K(352256K), 0.0032260 secs] [Times: user=0.02 sys=0.00, real=0.00 secs] 
131.089: Total time for which application threads were stopped: 0.0072830 seconds, Stopping threads took: 0.0039600 seconds
131.127: Application time: 0.0373160 seconds
131.127: [GC [PSYoungGen: 100832K->7696K(107520K)] 249042K->155906K(352256K), 0.0032830 secs] [Times: user=0.02 sys=0.00, real=0.00 secs] 
131.130: Total time for which application threads were stopped: 0.0034530 seconds, Stopping threads took: 0.0000700 seconds
131.166: Application time: 0.0361600 seconds
131.166: [GC [PSYoungGen: 100368K->7904K(107520K)] 248578K->156114K(352256K), 0.0032580 secs] [Times: user=0.02 sys=0.00, real=0.00 secs] 
131.170: Total time for which application threads were stopped: 0.0034130 seconds, Stopping threads took: 0.0000590 seconds
131.198: Application time: 0.0283690 seconds
131.198: [GC [PSYoungGen: 100576K->7952K(107520K)] 248786K->156162K(352256K), 0.0033400 secs] [Times: user=0.02 sys=0.00, real=0.00 secs] 
131.202: Total time for which application threads were stopped: 0.0035190 seconds, Stopping threads took: 0.0000820 seconds
131.230: Application time: 0.0281660 seconds
131.230: [GC [PSYoungGen: 100624K->8000K(107520K)] 248834K->156209K(352256K), 0.0032250 secs] [Times: user=0.02 sys=0.00, real=0.00 secs] 
131.233: Total time for which application threads were stopped: 0.0034180 seconds, Stopping threads took: 0.0000970 seconds
131.255: Application time: 0.0221690 seconds
131.255: [GC [PSYoungGen: 100672K->8112K(107520K)] 248881K->156322K(352256K), 0.0032010 secs] [Times: user=0.03 sys=0.00, real=0.00 secs] 
131.259: Total time for which application threads were stopped: 0.0033940 seconds, Stopping threads took: 0.0000970 seconds
131.283: Application time: 0.0241730 seconds
131.283: [GC [PSYoungGen: 100784K->10112K(107520K)] 248994K->158322K(352256K), 0.0039140 secs] [Times: user=0.03 sys=0.00, real=0.01 secs] 
131.287: Total time for which application threads were stopped: 0.0040870 seconds, Stopping threads took: 0.0000860 seconds
131.325: Application time: 0.0380060 seconds
131.325: [GC [PSYoungGen: 102784K->11920K(107520K)] 250994K->160130K(352256K), 0.0048060 secs] [Times: user=0.03 sys=0.00, real=0.01 secs] 
131.330: Total time for which application threads were stopped: 0.0049790 seconds, Stopping threads took: 0.0000800 seconds
131.365: Application time: 0.0353660 seconds
131.365: [GC [PSYoungGen: 104592K->7952K(107520K)] 252802K->156162K(352256K), 0.0033250 secs] [Times: user=0.03 sys=0.00, real=0.01 secs] 
131.369: Total time for which application threads were stopped: 0.0035150 seconds, Stopping threads took: 0.0000790 seconds
131.407: Application time: 0.0381570 seconds
131.407: [GC [PSYoungGen: 100624K->7904K(107520K)] 248834K->156114K(352256K), 0.0034370 secs] [Times: user=0.02 sys=0.00, real=0.00 secs] 
131.411: Total time for which application threads were stopped: 0.0036220 seconds, Stopping threads took: 0.0000910 seconds
131.442: Application time: 0.0310090 seconds
131.442: [GC [PSYoungGen: 100576K->7840K(107520K)] 248786K->156146K(352256K), 0.0032490 secs] [Times: user=0.03 sys=0.00, real=0.00 secs] 
131.445: Total time for which application threads were stopped: 0.0034300 seconds, Stopping threads took: 0.0000840 seconds
131.472: Application time: 0.0271150 seconds
131.472: [GC [PSYoungGen: 100512K->7856K(107520K)] 248818K->156286K(352256K), 0.0033590 secs] [Times: user=0.02 sys=0.00, real=0.01 secs] 
131.476: Total time for which application threads were stopped: 0.0035090 seconds, Stopping threads took: 0.0000620 seconds
131.500: Application time: 0.0247990 seconds
131.501: [GC [PSYoungGen: 100528K->7744K(107520K)] 248958K->156230K(352256K), 0.0032240 secs] [Times: user=0.02 sys=0.00, real=0.00 secs] 
131.504: Total time for which application threads were stopped: 0.0033830 seconds, Stopping threads took: 0.0000740 seconds
131.528: Application time: 0.0243940 seconds
131.530: [GC [PSYoungGen: 100416K->8816K(107520K)] 248902K->157302K(352256K), 0.0035200 secs] [Times: user=0.02 sys=0.00, real=0.00 secs] 
131.534: Total time for which application threads were stopped: 0.0052780 seconds, Stopping threads took: 0.0016660 seconds
131.565: Application time: 0.0316580 seconds
131.565: [GC [PSYoungGen: 101488K->11248K(107520K)] 249974K->159734K(352256K), 0.0045950 secs] [Times: user=0.03 sys=0.00, real=0.01 secs] 
131.570: Total time for which application threads were stopped: 0.0047960 seconds, Stopping threads took: 0.0001010 seconds
131.607: Application time: 0.0365430 seconds
131.607: [GC [PSYoungGen: 103920K->7888K(107520K)] 252406K->156374K(352256K), 0.0032540 secs] [Times: user=0.02 sys=0.00, real=0.00 secs] 
131.610: Total time for which application threads were stopped: 0.0034360 seconds, Stopping threads took: 0.0000870 seconds
131.648: Application time: 0.0378460 seconds
131.648: [GC [PSYoungGen: 100560K->7648K(107520K)] 249046K->156134K(352256K), 0.0031480 secs] [Times: user=0.02 sys=0.00, real=0.00 secs] 
131.651: Total time for which application threads were stopped: 0.0033420 seconds, Stopping threads took: 0.0000960 seconds
131.684: Application time: 0.0329140 seconds
131.684: [GC [PSYoungGen: 100320K->7712K(107520K)] 248806K->156254K(352256K), 0.0032240 secs] [Times: user=0.02 sys=0.00, real=0.01 secs] 
131.688: Total time for which application threads were stopped: 0.0033950 seconds, Stopping threads took: 0.0000770 seconds
131.717: Application time: 0.0292730 seconds
131.717: [GC [PSYoungGen: 100384K->7584K(107520K)] 248926K->156174K(352256K), 0.0031640 secs] [Times: user=0.02 sys=0.00, real=0.00 secs] 
131.720: Total time for which application threads were stopped: 0.0033540 seconds, Stopping threads took: 0.0000960 seconds
131.747: Application time: 0.0265600 seconds
131.747: [GC [PSYoungGen: 100256K->8016K(107520K)] 248846K->156606K(352256K), 0.0033100 secs] [Times: user=0.03 sys=0.00, real=0.00 secs] 
131.750: Total time for which application threads were stopped: 0.0034980 seconds, Stopping threads took: 0.0000970 seconds
131.772: Application time: 0.0221920 seconds
131.773: [GC [PSYoungGen: 100688K->9504K(107520K)] 249278K->158094K(352256K), 0.0039800 secs] [Times: user=0.03 sys=0.00, real=0.01 secs] 
131.777: Total time for which application threads were stopped: 0.0041640 seconds, Stopping threads took: 0.0000950 seconds
131.802: Application time: 0.0257240 seconds
131.802: [GC [PSYoungGen: 102176K->13760K(107520K)] 250766K->162350K(352256K), 0.0055750 secs] [Times: user=0.04 sys=0.00, real=0.01 secs] 
131.808: Total time for which application threads were stopped: 0.0057460 seconds, Stopping threads took: 0.0000780 seconds
131.847: Application time: 0.0392170 seconds
131.847: [GC [PSYoungGen: 106432K->8976K(107520K)] 255022K->157566K(352256K), 0.0035770 secs] [Times: user=0.02 sys=0.00, real=0.00 secs] 
131.851: Total time for which application threads were stopped: 0.0037650 seconds, Stopping threads took: 0.0000880 seconds
131.887: Application time: 0.0360780 seconds
131.887: [GC [PSYoungGen: 101648K->7664K(107520K)] 250238K->156254K(352256K), 0.0032680 secs] [Times: user=0.02 sys=0.00, real=0.00 secs] 
131.891: Total time for which application threads were stopped: 0.0034780 seconds, Stopping threads took: 0.0000980 seconds
131.929: Application time: 0.0384230 seconds
131.930: [GC [PSYoungGen: 100336K->7696K(107520K)] 248926K->156286K(352256K), 0.0032040 secs] [Times: user=0.02 sys=0.00, real=0.00 secs] 
131.933: Total time for which application threads were stopped: 0.0042550 seconds, Stopping threads took: 0.0009580 seconds
131.962: Application time: 0.0282700 seconds
131.962: [GC [PSYoungGen: 100368K->7920K(107520K)] 248958K->156510K(352256K), 0.0032540 secs] [Times: user=0.02 sys=0.00, real=0.00 secs] 
131.965: Total time for which application threads were stopped: 0.0034460 seconds, Stopping threads took: 0.0000930 seconds
131.993: Application time: 0.0280970 seconds
131.993: [GC [PSYoungGen: 100592K->7824K(107520K)] 249182K->156414K(352256K), 0.0032720 secs] [Times: user=0.01 sys=0.00, real=0.01 secs] 
131.997: Total time for which application threads were stopped: 0.0034670 seconds, Stopping threads took: 0.0000960 seconds
132.020: Application time: 0.0235640 seconds
132.020: [GC [PSYoungGen: 100496K->7888K(107520K)] 249086K->156478K(352256K), 0.0033250 secs] [Times: user=0.02 sys=0.00, real=0.00 secs] 
132.024: Total time for which application threads were stopped: 0.0034980 seconds, Stopping threads took: 0.0000750 seconds
132.047: Application time: 0.0231570 seconds
132.047: [GC [PSYoungGen: 100560K->8288K(107520K)] 249150K->156878K(352256K), 0.0032990 secs] [Times: user=0.02 sys=0.00, real=0.00 secs] 
132.050: Total time for which application threads were stopped: 0.0034610 seconds, Stopping threads took: 0.0000620 seconds
132.089: Application time: 0.0387760 seconds
132.089: [GC [PSYoungGen: 100960K->13936K(107520K)] 249550K->162526K(352256K), 0.0056220 secs] [Times: user=0.04 sys=0.00, real=0.01 secs] 
132.095: Total time for which application threads were stopped: 0.0057980 seconds, Stopping threads took: 0.0000830 seconds
132.129: Application time: 0.0344270 seconds
132.129: [GC [PSYoungGen: 106608K->7792K(107520K)] 255198K->156382K(352256K), 0.0032060 secs] [Times: user=0.03 sys=0.00, real=0.00 secs] 
132.133: Total time for which application threads were stopped: 0.0034060 seconds, Stopping threads took: 0.0001120 seconds
132.172: Application time: 0.0389290 seconds
132.172: [GC [PSYoungGen: 100464K->8048K(107520K)] 249054K->156638K(352256K), 0.0033350 secs] [Times: user=0.02 sys=0.00, real=0.01 secs] 
132.175: Total time for which application threads were stopped: 0.0035170 seconds, Stopping threads took: 0.0000950 seconds
132.207: Application time: 0.0321140 seconds
132.207: [GC [PSYoungGen: 100720K->7792K(107520K)] 249310K->156438K(352256K), 0.0033530 secs] [Times: user=0.02 sys=0.00, real=0.00 secs] 
132.211: Total time for which application threads were stopped: 0.0035350 seconds, Stopping threads took: 0.0000970 seconds
132.240: Application time: 0.0293400 seconds
132.240: [GC [PSYoungGen: 100464K->7776K(107520K)] 249110K->156550K(352256K), 0.0033390 secs] [Times: user=0.02 sys=0.00, real=0.00 secs] 
132.244: Total time for which application threads were stopped: 0.0035240 seconds, Stopping threads took: 0.0000900 seconds
132.268: Application time: 0.0241180 seconds
132.268: [GC [PSYoungGen: 100448K->7744K(107520K)] 249222K->156606K(352256K), 0.0031730 secs] [Times: user=0.02 sys=0.00, real=0.00 secs] 
132.271: Total time for which application threads were stopped: 0.0033800 seconds, Stopping threads took: 0.0001160 seconds
132.292: Application time: 0.0211720 seconds
132.292: [GC [PSYoungGen: 100416K->8608K(107520K)] 249278K->157470K(352256K), 0.0034620 secs] [Times: user=0.03 sys=0.00, real=0.01 secs] 
132.296: Total time for which application threads were stopped: 0.0036400 seconds, Stopping threads took: 0.0000820 seconds
132.329: Application time: 0.0325680 seconds
132.329: [GC [PSYoungGen: 101280K->12096K(107520K)] 250142K->160958K(352256K), 0.0046280 secs] [Times: user=0.03 sys=0.00, real=0.00 secs] 
132.333: Total time for which application threads were stopped: 0.0047910 seconds, Stopping threads took: 0.0000650 seconds
132.370: Application time: 0.0364970 seconds
132.370: [GC [PSYoungGen: 104768K->8176K(107520K)] 253630K->157038K(352256K), 0.0032050 secs] [Times: user=0.02 sys=0.00, real=0.00 secs] 
132.373: Total time for which application threads were stopped: 0.0034280 seconds, Stopping threads took: 0.0001220 seconds
132.412: Application time: 0.0385340 seconds
132.412: [GC [PSYoungGen: 100848K->7616K(107520K)] 249710K->156478K(352256K), 0.0032600 secs] [Times: user=0.02 sys=0.00, real=0.01 secs] 
132.415: Total time for which application threads were stopped: 0.0034560 seconds, Stopping threads took: 0.0000830 seconds
132.449: Application time: 0.0342490 seconds
132.450: [GC [PSYoungGen: 100288K->7696K(107520K)] 249150K->156614K(352256K), 0.0032310 secs] [Times: user=0.02 sys=0.00, real=0.00 secs] 
132.453: Total time for which application threads were stopped: 0.0034100 seconds, Stopping threads took: 0.0000800 seconds
132.481: Application time: 0.0285670 seconds
132.482: [GC [PSYoungGen: 100368K->7872K(107520K)] 249286K->156846K(352256K), 0.0031550 secs] [Times: user=0.02 sys=0.00, real=0.00 secs] 
132.485: Total time for which application threads were stopped: 0.0033650 seconds, Stopping threads took: 0.0001140 seconds
132.513: Application time: 0.0286480 seconds
132.514: [GC [PSYoungGen: 100544K->7888K(107520K)] 249518K->156862K(352256K), 0.0033420 secs] [Times: user=0.02 sys=0.00, real=0.01 secs] 
132.517: Total time for which application threads were stopped: 0.0035300 seconds, Stopping threads took: 0.0000980 seconds
132.538: Application time: 0.0210180 seconds
132.538: [GC [PSYoungGen: 100560K->8000K(107520K)] 249534K->156974K(352256K), 0.0033390 secs] [Times: user=0.03 sys=0.00, real=0.00 secs] 
132.542: Total time for which application threads were stopped: 0.0035130 seconds, Stopping threads took: 0.0000840 seconds
132.568: Application time: 0.0261380 seconds
132.570: [GC [PSYoungGen: 100672K->10320K(107520K)] 249646K->159294K(352256K), 0.0041490 secs] [Times: user=0.02 sys=0.00, real=0.01 secs] 
132.574: Total time for which application threads were stopped: 0.0064740 seconds, Stopping threads took: 0.0022360 seconds
132.614: Application time: 0.0398630 seconds
132.614: [GC [PSYoungGen: 102992K->8864K(107520K)] 251966K->157838K(352256K), 0.0034630 secs] [Times: user=0.02 sys=0.00, real=0.00 secs] 
132.618: Total time for which application threads were stopped: 0.0038720 seconds, Stopping threads took: 0.0003130 seconds
132.652: Application time: 0.0341150 seconds
132.652: [GC [PSYoungGen: 101536K->7728K(107520K)] 250510K->156702K(352256K), 0.0032760 secs] [Times: user=0.03 sys=0.00, real=0.01 secs] 
132.655: Total time for which application threads were stopped: 0.0034580 seconds, Stopping threads took: 0.0000930 seconds
132.695: Application time: 0.0396600 seconds
132.698: [GC [PSYoungGen: 100400K->7584K(107520K)] 249374K->156558K(352256K), 0.0032510 secs] [Times: user=0.02 sys=0.00, real=0.00 secs] 
132.701: Total time for which application threads were stopped: 0.0061250 seconds, Stopping threads took: 0.0027710 seconds
132.731: Application time: 0.0297280 seconds
132.731: [GC [PSYoungGen: 100256K->7760K(107520K)] 249230K->156734K(352256K), 0.0032650 secs] [Times: user=0.02 sys=0.00, real=0.01 secs] 
132.734: Total time for which application threads were stopped: 0.0034160 seconds, Stopping threads took: 0.0000630 seconds
132.764: Application time: 0.0293250 seconds
132.764: [GC [PSYoungGen: 100432K->7792K(107520K)] 249406K->156766K(352256K), 0.0032690 secs] [Times: user=0.02 sys=0.00, real=0.01 secs] 
132.767: Total time for which application threads were stopped: 0.0034410 seconds, Stopping threads took: 0.0000820 seconds
132.790: Application time: 0.0228310 seconds
132.790: [GC [PSYoungGen: 100464K->8160K(107520K)] 249438K->157134K(352256K), 0.0033410 secs] [Times: user=0.02 sys=0.00, real=0.00 secs] 
132.794: Total time for which application threads were stopped: 0.0035020 seconds, Stopping threads took: 0.0000760 seconds
132.816: Application time: 0.0227430 seconds
132.816: [GC [PSYoungGen: 100832K->10320K(107520K)] 249806K->159294K(352256K), 0.0040670 secs] [Times: user=0.03 sys=0.00, real=0.00 secs] 
132.821: Total time for which application threads were stopped: 0.0042520 seconds, Stopping threads took: 0.0000930 seconds
132.855: Application time: 0.0349070 seconds
132.856: [GC [PSYoungGen: 102992K->12896K(107520K)] 251966K->161870K(352256K), 0.0049900 secs] [Times: user=0.03 sys=0.00, real=0.00 secs] 
132.861: Total time for which application threads were stopped: 0.0051860 seconds, Stopping threads took: 0.0001060 seconds
132.896: Application time: 0.0349570 seconds
132.896: [GC [PSYoungGen: 105568K->7696K(107520K)] 254542K->156670K(352256K), 0.0031870 secs] [Times: user=0.03 sys=0.00, real=0.00 secs] 
132.899: Total time for which application threads were stopped: 0.0033670 seconds, Stopping threads took: 0.0000950 seconds
132.943: Application time: 0.0436520 seconds
132.946: [GC [PSYoungGen: 100368K->7984K(107520K)] 249342K->156958K(352256K), 0.0043380 secs] [Times: user=0.00 sys=0.00, real=0.00 secs] 
132.950: Total time for which application threads were stopped: 0.0078040 seconds, Stopping threads took: 0.0033310 seconds
132.982: Application time: 0.0320790 seconds
132.983: [GC [PSYoungGen: 100656K->7808K(107520K)] 249630K->156782K(352256K), 0.0032560 secs] [Times: user=0.02 sys=0.00, real=0.01 secs] 
132.986: Total time for which application threads were stopped: 0.0034270 seconds, Stopping threads took: 0.0000810 seconds
133.018: Application time: 0.0322360 seconds
133.018: [GC [PSYoungGen: 100480K->7680K(107520K)] 249454K->156834K(352256K), 0.0033060 secs] [Times: user=0.02 sys=0.00, real=0.00 secs] 
133.022: Total time for which application threads were stopped: 0.0034810 seconds, Stopping threads took: 0.0000820 seconds
133.045: Application time: 0.0234450 seconds
133.045: [GC [PSYoungGen: 100352K->7808K(107520K)] 249506K->157018K(352256K), 0.0032380 secs] [Times: user=0.02 sys=0.00, real=0.01 secs] 
133.048: Total time for which application threads were stopped: 0.0033980 seconds, Stopping threads took: 0.0000660 seconds
133.070: Application time: 0.0215480 seconds
133.070: [GC [PSYoungGen: 100480K->7632K(107520K)] 249690K->156842K(352256K), 0.0031730 secs] [Times: user=0.02 sys=0.00, real=0.00 secs] 
133.073: Total time for which application threads were stopped: 0.0033520 seconds, Stopping threads took: 0.0000910 seconds
133.109: Application time: 0.0359680 seconds
133.110: [GC [PSYoungGen: 100304K->12496K(107520K)] 249514K->161706K(352256K), 0.0049710 secs] [Times: user=0.04 sys=0.00, real=0.01 secs] 
133.115: Total time for which application threads were stopped: 0.0051680 seconds, Stopping threads took: 0.0001030 seconds
133.145: Application time: 0.0301700 seconds
133.145: [GC [PSYoungGen: 105168K->7728K(107520K)] 254378K->156938K(352256K), 0.0031080 secs] [Times: user=0.03 sys=0.00, real=0.01 secs] 
133.148: Total time for which application threads were stopped: 0.0033010 seconds, Stopping threads took: 0.0000970 seconds
133.188: Application time: 0.0399520 seconds
133.188: [GC [PSYoungGen: 100400K->7568K(107520K)] 249610K->156778K(352256K), 0.0032380 secs] [Times: user=0.03 sys=0.00, real=0.00 secs] 
133.191: Total time for which application threads were stopped: 0.0034610 seconds, Stopping threads took: 0.0001250 seconds
133.225: Application time: 0.0337260 seconds
133.226: [GC [PSYoungGen: 100240K->7632K(107520K)] 249450K->156842K(352256K), 0.0031800 secs] [Times: user=0.03 sys=0.00, real=0.00 secs] 
133.229: Total time for which application threads were stopped: 0.0040650 seconds, Stopping threads took: 0.0007900 seconds
133.259: Application time: 0.0294800 seconds
133.259: [GC [PSYoungGen: 100304K->7728K(107520K)] 249514K->156986K(352256K), 0.0031710 secs] [Times: user=0.02 sys=0.00, real=0.00 secs] 
133.262: Total time for which application threads were stopped: 0.0033550 seconds, Stopping threads took: 0.0000870 seconds
133.291: Application time: 0.0287960 seconds
133.291: [GC [PSYoungGen: 100400K->7840K(107520K)] 249658K->157154K(352256K), 0.0033530 secs] [Times: user=0.02 sys=0.00, real=0.01 secs] 
133.294: Total time for which application threads were stopped: 0.0035620 seconds, Stopping threads took: 0.0001210 seconds
133.315: Application time: 0.0203280 seconds
133.315: [GC [PSYoungGen: 100512K->8032K(107520K)] 249826K->157346K(352256K), 0.0032340 secs] [Times: user=0.02 sys=0.00, real=0.00 secs] 
133.318: Total time for which application threads were stopped: 0.0033970 seconds, Stopping threads took: 0.0000660 seconds
133.347: Application time: 0.0286940 seconds
133.347: [GC [PSYoungGen: 100704K->11920K(107520K)] 250018K->161234K(352256K), 0.0045590 secs] [Times: user=0.03 sys=0.00, real=0.00 secs] 
133.352: Total time for which application threads were stopped: 0.0047400 seconds, Stopping threads took: 0.0000840 seconds
133.387: Application time: 0.0350800 seconds
133.387: [GC [PSYoungGen: 104592K->8464K(107520K)] 253906K->157778K(352256K), 0.0032830 secs] [Times: user=0.02 sys=0.01, real=0.00 secs] 
133.390: Total time for which application threads were stopped: 0.0034640 seconds, Stopping threads took: 0.0000810 seconds
133.425: Application time: 0.0345700 seconds
133.425: [GC [PSYoungGen: 101136K->9680K(107520K)] 250450K->158994K(352256K), 0.0040040 secs] [Times: user=0.03 sys=0.00, real=0.01 secs] 
133.429: Total time for which application threads were stopped: 0.0042150 seconds, Stopping threads took: 0.0001110 seconds
133.467: Application time: 0.0384060 seconds
133.467: [GC [PSYoungGen: 102352K->7696K(107520K)] 251666K->157010K(352256K), 0.0032330 secs] [Times: user=0.03 sys=0.00, real=0.00 secs] 
133.471: Total time for which application threads were stopped: 0.0034310 seconds, Stopping threads took: 0.0000850 seconds
133.500: Application time: 0.0293130 seconds
133.500: [GC [PSYoungGen: 100368K->7840K(107520K)] 249682K->157154K(352256K), 0.0033820 secs] [Times: user=0.02 sys=0.00, real=0.00 secs] 
133.504: Total time for which application threads were stopped: 0.0035550 seconds, Stopping threads took: 0.0000840 seconds
133.535: Application time: 0.0311280 seconds
133.535: [GC [PSYoungGen: 100512K->7712K(107520K)] 249826K->157026K(352256K), 0.0032450 secs] [Times: user=0.02 sys=0.00, real=0.00 secs] 
133.538: Total time for which application threads were stopped: 0.0034320 seconds, Stopping threads took: 0.0000990 seconds
133.561: Application time: 0.0225350 seconds
133.561: [GC [PSYoungGen: 100384K->7776K(107520K)] 249698K->157090K(352256K), 0.0031520 secs] [Times: user=0.03 sys=0.00, real=0.00 secs] 
133.564: Total time for which application threads were stopped: 0.0033450 seconds, Stopping threads took: 0.0000940 seconds
133.586: Application time: 0.0218960 seconds
133.586: [GC [PSYoungGen: 100448K->9520K(107520K)] 249762K->158834K(352256K), 0.0038150 secs] [Times: user=0.03 sys=0.00, real=0.00 secs] 
133.590: Total time for which application threads were stopped: 0.0039980 seconds, Stopping threads took: 0.0000830 seconds
133.628: Application time: 0.0375430 seconds
133.628: [GC [PSYoungGen: 102192K->10336K(107520K)] 251506K->159650K(352256K), 0.0040620 secs] [Times: user=0.02 sys=0.00, real=0.00 secs] 
133.632: Total time for which application threads were stopped: 0.0042500 seconds, Stopping threads took: 0.0000910 seconds
133.663: Application time: 0.0310470 seconds
133.663: [GC [PSYoungGen: 103008K->7904K(107520K)] 252322K->157218K(352256K), 0.0032580 secs] [Times: user=0.02 sys=0.00, real=0.01 secs] 
133.666: Total time for which application threads were stopped: 0.0034300 seconds, Stopping threads took: 0.0000750 seconds
133.708: Application time: 0.0412920 seconds
133.708: [GC [PSYoungGen: 100576K->7872K(107520K)] 249890K->157186K(352256K), 0.0032200 secs] [Times: user=0.02 sys=0.00, real=0.00 secs] 
133.711: Total time for which application threads were stopped: 0.0034170 seconds, Stopping threads took: 0.0001000 seconds
133.742: Application time: 0.0305550 seconds
133.742: [GC [PSYoungGen: 100544K->7744K(107520K)] 249858K->157058K(352256K), 0.0031820 secs] [Times: user=0.02 sys=0.00, real=0.00 secs] 
133.745: Total time for which application threads were stopped: 0.0033880 seconds, Stopping threads took: 0.0001080 seconds
133.777: Application time: 0.0320150 seconds
133.777: [GC [PSYoungGen: 100416K->7808K(107520K)] 249730K->157302K(352256K), 0.0033410 secs] [Times: user=0.02 sys=0.00, real=0.00 secs] 
133.780: Total time for which application threads were stopped: 0.0035370 seconds, Stopping threads took: 0.0001020 seconds
133.805: Application time: 0.0245310 seconds
133.805: [GC [PSYoungGen: 100480K->7856K(107520K)] 249974K->157350K(352256K), 0.0032360 secs] [Times: user=0.02 sys=0.00, real=0.01 secs] 
133.808: Total time for which application threads were stopped: 0.0034170 seconds, Stopping threads took: 0.0000920 seconds
133.830: Application time: 0.0211560 seconds
133.830: [GC [PSYoungGen: 100528K->7904K(107520K)] 250022K->157446K(352256K), 0.0032160 secs] [Times: user=0.02 sys=0.00, real=0.00 secs] 
133.833: Total time for which application threads were stopped: 0.0034120 seconds, Stopping threads took: 0.0001070 seconds
133.866: Application time: 0.0333420 seconds
133.866: [GC [PSYoungGen: 100576K->13152K(107520K)] 250118K->162695K(352256K), 0.0051380 secs] [Times: user=0.03 sys=0.00, real=0.00 secs] 
133.872: Total time for which application threads were stopped: 0.0053160 seconds, Stopping threads took: 0.0000680 seconds
133.904: Application time: 0.0322990 seconds
133.904: [GC [PSYoungGen: 105824K->7920K(107520K)] 255367K->157462K(352256K), 0.0032180 secs] [Times: user=0.03 sys=0.00, real=0.01 secs] 
133.907: Total time for which application threads were stopped: 0.0034300 seconds, Stopping threads took: 0.0001170 seconds
133.946: Application time: 0.0386890 seconds
133.946: [GC [PSYoungGen: 100592K->7504K(107520K)] 250134K->157047K(352256K), 0.0031290 secs] [Times: user=0.02 sys=0.00, real=0.00 secs] 
133.949: Total time for which application threads were stopped: 0.0033030 seconds, Stopping threads took: 0.0000730 seconds
133.985: Application time: 0.0358110 seconds
133.985: [GC [PSYoungGen: 100176K->7728K(107520K)] 249719K->157270K(352256K), 0.0032610 secs] [Times: user=0.02 sys=0.00, real=0.01 secs] 
133.989: Total time for which application threads were stopped: 0.0034850 seconds, Stopping threads took: 0.0001100 seconds
134.018: Application time: 0.0290480 seconds
134.018: [GC [PSYoungGen: 100400K->7792K(107520K)] 249942K->157383K(352256K), 0.0032700 secs] [Times: user=0.02 sys=0.00, real=0.00 secs] 
134.021: Total time for which application threads were stopped: 0.0034610 seconds, Stopping threads took: 0.0000860 seconds
134.053: Application time: 0.0314850 seconds
134.053: [GC [PSYoungGen: 100464K->7920K(107520K)] 250055K->157567K(352256K), 0.0031640 secs] [Times: user=0.03 sys=0.00, real=0.01 secs] 
134.056: Total time for which application threads were stopped: 0.0033340 seconds, Stopping threads took: 0.0000730 seconds
134.078: Application time: 0.0218160 seconds
134.081: [GC [PSYoungGen: 100592K->7744K(107520K)] 250239K->157391K(352256K), 0.0029880 secs] [Times: user=0.02 sys=0.00, real=0.00 secs] 
134.084: Total time for which application threads were stopped: 0.0060790 seconds, Stopping threads took: 0.0029900 seconds
134.108: Application time: 0.0241790 seconds
134.108: [GC [PSYoungGen: 100416K->12144K(107520K)] 250063K->161791K(352256K), 0.0047510 secs] [Times: user=0.04 sys=0.00, real=0.00 secs] 
134.113: Total time for which application threads were stopped: 0.0049420 seconds, Stopping threads took: 0.0000900 seconds
134.150: Application time: 0.0371590 seconds
134.150: [GC [PSYoungGen: 104816K->9504K(107520K)] 254463K->159151K(352256K), 0.0036580 secs] [Times: user=0.03 sys=0.00, real=0.01 secs] 
134.154: Total time for which application threads were stopped: 0.0038210 seconds, Stopping threads took: 0.0000690 seconds
134.186: Application time: 0.0320840 seconds
134.186: [GC [PSYoungGen: 102176K->9312K(107520K)] 251823K->158959K(352256K), 0.0039230 secs] [Times: user=0.02 sys=0.00, real=0.00 secs] 
134.190: Total time for which application threads were stopped: 0.0041340 seconds, Stopping threads took: 0.0001100 seconds
134.231: Application time: 0.0407840 seconds
134.231: [GC [PSYoungGen: 101984K->7808K(107520K)] 251631K->157455K(352256K), 0.0031910 secs] [Times: user=0.02 sys=0.00, real=0.01 secs] 
134.234: Total time for which application threads were stopped: 0.0033690 seconds, Stopping threads took: 0.0000800 seconds
134.265: Application time: 0.0307320 seconds
134.265: [GC [PSYoungGen: 100480K->7936K(107520K)] 250127K->157583K(352256K), 0.0032710 secs] [Times: user=0.02 sys=0.00, real=0.01 secs] 
134.269: Total time for which application threads were stopped: 0.0034730 seconds, Stopping threads took: 0.0001050 seconds
134.299: Application time: 0.0308260 seconds
134.300: [GC [PSYoungGen: 100608K->7904K(107520K)] 250255K->157551K(352256K), 0.0032960 secs] [Times: user=0.02 sys=0.00, real=0.00 secs] 
134.303: Total time for which application threads were stopped: 0.0034690 seconds, Stopping threads took: 0.0000770 seconds
134.326: Application time: 0.0227530 seconds
134.326: [GC [PSYoungGen: 100576K->8176K(107520K)] 250223K->157823K(352256K), 0.0032330 secs] [Times: user=0.02 sys=0.01, real=0.01 secs] 
134.329: Total time for which application threads were stopped: 0.0034030 seconds, Stopping threads took: 0.0000680 seconds
134.351: Application time: 0.0214670 seconds
134.351: [GC [PSYoungGen: 100848K->8128K(107520K)] 250495K->157775K(352256K), 0.0031790 secs] [Times: user=0.02 sys=0.00, real=0.01 secs] 
134.354: Total time for which application threads were stopped: 0.0033530 seconds, Stopping threads took: 0.0000780 seconds
134.390: Application time: 0.0355760 seconds
134.390: [GC [PSYoungGen: 100800K->14816K(107520K)] 250447K->164943K(352256K), 0.0063180 secs] [Times: user=0.04 sys=0.00, real=0.01 secs] 
134.396: Total time for which application threads were stopped: 0.0064940 seconds, Stopping threads took: 0.0000810 seconds
134.428: Application time: 0.0319320 seconds
134.430: [GC [PSYoungGen: 107488K->11856K(107520K)] 257615K->161983K(352256K), 0.0047150 secs] [Times: user=0.03 sys=0.00, real=0.01 secs] 
134.435: Total time for which application threads were stopped: 0.0068200 seconds, Stopping threads took: 0.0020120 seconds
134.475: Application time: 0.0403870 seconds
134.478: [GC [PSYoungGen: 104528K->11536K(107520K)] 254655K->161663K(352256K), 0.0048040 secs] [Times: user=0.04 sys=0.00, real=0.00 secs] 
134.483: Total time for which application threads were stopped: 0.0076840 seconds, Stopping threads took: 0.0027780 seconds
134.515: Application time: 0.0324260 seconds
134.515: [GC [PSYoungGen: 104208K->11456K(107520K)] 254335K->161583K(352256K), 0.0046080 secs] [Times: user=0.03 sys=0.00, real=0.00 secs] 
134.520: Total time for which application threads were stopped: 0.0048160 seconds, Stopping threads took: 0.0000870 seconds
134.551: Application time: 0.0310250 seconds
134.551: [GC [PSYoungGen: 104128K->11424K(107520K)] 254255K->161727K(352256K), 0.0046650 secs] [Times: user=0.03 sys=0.00, real=0.01 secs] 
134.556: Total time for which application threads were stopped: 0.0048680 seconds, Stopping threads took: 0.0001010 seconds
134.582: Application time: 0.0265140 seconds
134.583: [GC [PSYoungGen: 104096K->11488K(107520K)] 254399K->161791K(352256K), 0.0045780 secs] [Times: user=0.04 sys=0.00, real=0.01 secs] 
134.587: Total time for which application threads were stopped: 0.0047820 seconds, Stopping threads took: 0.0001060 seconds
134.609: Application time: 0.0216620 seconds
134.609: [GC [PSYoungGen: 104160K->11504K(107520K)] 254463K->161863K(352256K), 0.0046350 secs] [Times: user=0.03 sys=0.00, real=0.00 secs] 
134.614: Total time for which application threads were stopped: 0.0047910 seconds, Stopping threads took: 0.0000560 seconds
134.643: Application time: 0.0289300 seconds
134.643: [GC [PSYoungGen: 104176K->14816K(107520K)] 254535K->165335K(352256K), 0.0056880 secs] [Times: user=0.03 sys=0.00, real=0.01 secs] 
134.649: Total time for which application threads were stopped: 0.0058670 seconds, Stopping threads took: 0.0000780 seconds
134.684: Application time: 0.0355350 seconds
134.684: [GC [PSYoungGen: 107488K->12688K(107520K)] 258007K->163207K(352256K), 0.0048770 secs] [Times: user=0.03 sys=0.00, real=0.01 secs] 
134.689: Total time for which application threads were stopped: 0.0050420 seconds, Stopping threads took: 0.0000620 seconds
134.725: Application time: 0.0360170 seconds
134.725: [GC [PSYoungGen: 105360K->12800K(107520K)] 255879K->163319K(352256K), 0.0050920 secs] [Times: user=0.03 sys=0.00, real=0.01 secs] 
134.730: Total time for which application threads were stopped: 0.0052730 seconds, Stopping threads took: 0.0000800 seconds
134.768: Application time: 0.0377640 seconds
134.768: [GC [PSYoungGen: 105472K->12288K(107520K)] 255991K->162807K(352256K), 0.0049240 secs] [Times: user=0.04 sys=0.00, real=0.00 secs] 
134.773: Total time for which application threads were stopped: 0.0051000 seconds, Stopping threads took: 0.0000780 seconds
134.802: Application time: 0.0282600 seconds
134.802: [GC [PSYoungGen: 104960K->12640K(107520K)] 255479K->163207K(352256K), 0.0049490 secs] [Times: user=0.03 sys=0.00, real=0.01 secs] 
134.807: Total time for which application threads were stopped: 0.0051470 seconds, Stopping threads took: 0.0000980 seconds
134.839: Application time: 0.0322700 seconds
134.839: [GC [PSYoungGen: 105312K->13008K(107520K)] 255879K->163623K(352256K), 0.0050820 secs] [Times: user=0.04 sys=0.00, real=0.00 secs] 
134.844: Total time for which application threads were stopped: 0.0052570 seconds, Stopping threads took: 0.0000750 seconds
134.866: Application time: 0.0212860 seconds
134.866: [GC [PSYoungGen: 105680K->12736K(107520K)] 256295K->163351K(352256K), 0.0050750 secs] [Times: user=0.03 sys=0.00, real=0.01 secs] 
134.871: Total time for which application threads were stopped: 0.0052710 seconds, Stopping threads took: 0.0000970 seconds
134.895: Application time: 0.0237370 seconds
134.895: [GC [PSYoungGen: 105408K->14816K(107520K)] 256023K->166127K(352256K), 0.0061680 secs] [Times: user=0.05 sys=0.00, real=0.00 secs] 
134.901: Total time for which application threads were stopped: 0.0063780 seconds, Stopping threads took: 0.0001110 seconds
134.937: Application time: 0.0356290 seconds
134.937: [GC [PSYoungGen: 107488K->14304K(107520K)] 258799K->169355K(352256K), 0.0066230 secs] [Times: user=0.05 sys=0.00, real=0.00 secs] 
134.943: Total time for which application threads were stopped: 0.0067950 seconds, Stopping threads took: 0.0000740 seconds
134.976: Application time: 0.0329420 seconds
134.976: [GC [PSYoungGen: 106976K->11632K(107520K)] 262027K->166683K(352256K), 0.0046710 secs] [Times: user=0.03 sys=0.00, real=0.00 secs] 
134.981: Total time for which application threads were stopped: 0.0048220 seconds, Stopping threads took: 0.0000470 seconds
135.022: Application time: 0.0408250 seconds
135.022: [GC [PSYoungGen: 104304K->11456K(107520K)] 259355K->166507K(352256K), 0.0044820 secs] [Times: user=0.03 sys=0.00, real=0.01 secs] 
135.027: Total time for which application threads were stopped: 0.0046890 seconds, Stopping threads took: 0.0000870 seconds
135.058: Application time: 0.0311920 seconds
135.058: [GC [PSYoungGen: 104128K->11520K(107520K)] 259179K->166571K(352256K), 0.0045420 secs] [Times: user=0.04 sys=0.00, real=0.00 secs] 
135.063: Total time for which application threads were stopped: 0.0047200 seconds, Stopping threads took: 0.0000780 seconds
135.094: Application time: 0.0312480 seconds
135.094: [GC [PSYoungGen: 104192K->11296K(107520K)] 259243K->166355K(352256K), 0.0045510 secs] [Times: user=0.04 sys=0.00, real=0.00 secs] 
135.099: Total time for which application threads were stopped: 0.0047580 seconds, Stopping threads took: 0.0001080 seconds
135.122: Application time: 0.0238510 seconds
135.123: [GC [PSYoungGen: 103968K->11312K(107520K)] 259027K->166371K(352256K), 0.0046930 secs] [Times: user=0.03 sys=0.00, real=0.01 secs] 
135.127: Total time for which application threads were stopped: 0.0048570 seconds, Stopping threads took: 0.0000650 seconds
135.149: Application time: 0.0212480 seconds
135.149: [GC [PSYoungGen: 103984K->11632K(107520K)] 259043K->166691K(352256K), 0.0045270 secs] [Times: user=0.03 sys=0.00, real=0.00 secs] 
135.153: Total time for which application threads were stopped: 0.0047160 seconds, Stopping threads took: 0.0000900 seconds
135.189: Application time: 0.0353490 seconds
135.189: [GC [PSYoungGen: 104304K->14816K(107520K)] 259363K->171505K(352256K), 0.0067720 secs] [Times: user=0.05 sys=0.00, real=0.01 secs] 
135.196: Total time for which application threads were stopped: 0.0069480 seconds, Stopping threads took: 0.0000760 seconds
135.226: Application time: 0.0307040 seconds
135.226: [GC [PSYoungGen: 107488K->13936K(107520K)] 264177K->170625K(352256K), 0.0055400 secs] [Times: user=0.04 sys=0.00, real=0.00 secs] 
135.232: Total time for which application threads were stopped: 0.0057250 seconds, Stopping threads took: 0.0000870 seconds
135.271: Application time: 0.0393860 seconds
135.271: [GC [PSYoungGen: 106608K->14048K(107520K)] 263297K->170737K(352256K), 0.0056880 secs] [Times: user=0.04 sys=0.00, real=0.01 secs] 
135.277: Total time for which application threads were stopped: 0.0058650 seconds, Stopping threads took: 0.0000750 seconds
135.312: Application time: 0.0345350 seconds
135.312: [GC [PSYoungGen: 106720K->14096K(107520K)] 263409K->170785K(352256K), 0.0055480 secs] [Times: user=0.04 sys=0.00, real=0.01 secs] 
135.318: Total time for which application threads were stopped: 0.0057380 seconds, Stopping threads took: 0.0000890 seconds
135.348: Application time: 0.0302710 seconds
135.348: [GC [PSYoungGen: 106768K->13728K(107520K)] 263457K->170517K(352256K), 0.0055050 secs] [Times: user=0.04 sys=0.00, real=0.00 secs] 
135.353: Total time for which application threads were stopped: 0.0056730 seconds, Stopping threads took: 0.0000690 seconds
135.383: Application time: 0.0295550 seconds
135.383: [GC [PSYoungGen: 106400K->13504K(107520K)] 263189K->170373K(352256K), 0.0054520 secs] [Times: user=0.04 sys=0.00, real=0.01 secs] 
135.389: Total time for which application threads were stopped: 0.0056490 seconds, Stopping threads took: 0.0001020 seconds
135.409: Application time: 0.0204930 seconds
135.409: [GC [PSYoungGen: 106176K->13648K(107520K)] 263045K->170565K(352256K), 0.0055880 secs] [Times: user=0.04 sys=0.00, real=0.01 secs] 
135.415: Total time for which application threads were stopped: 0.0057520 seconds, Stopping threads took: 0.0000610 seconds
135.442: Application time: 0.0267260 seconds
135.442: [GC [PSYoungGen: 106320K->14816K(107520K)] 263237K->175864K(352256K), 0.0072790 secs] [Times: user=0.06 sys=0.00, real=0.01 secs] 
135.449: Total time for which application threads were stopped: 0.0074700 seconds, Stopping threads took: 0.0000950 seconds
135.486: Application time: 0.0368160 seconds
135.486: [GC [PSYoungGen: 107488K->14128K(107520K)] 268536K->175701K(352256K), 0.0058600 secs] [Times: user=0.05 sys=0.00, real=0.00 secs] 
135.492: Total time for which application threads were stopped: 0.0060450 seconds, Stopping threads took: 0.0000900 seconds
135.526: Application time: 0.0341560 seconds
135.526: [GC [PSYoungGen: 106800K->14832K(107520K)] 268373K->176605K(352256K), 0.0063980 secs] [Times: user=0.03 sys=0.00, real=0.00 secs] 
135.533: Total time for which application threads were stopped: 0.0066040 seconds, Stopping threads took: 0.0000840 seconds
135.573: Application time: 0.0404890 seconds
135.573: [GC [PSYoungGen: 107504K->14576K(107520K)] 269277K->176350K(352256K), 0.0059690 secs] [Times: user=0.05 sys=0.00, real=0.01 secs] 
135.579: Total time for which application threads were stopped: 0.0061630 seconds, Stopping threads took: 0.0000940 seconds
135.609: Application time: 0.0291330 seconds
135.609: [GC [PSYoungGen: 107248K->14752K(107520K)] 269022K->176574K(352256K), 0.0058860 secs] [Times: user=0.04 sys=0.00, real=0.01 secs] 
135.615: Total time for which application threads were stopped: 0.0060670 seconds, Stopping threads took: 0.0000810 seconds
135.648: Application time: 0.0332860 seconds
135.650: [GC [PSYoungGen: 107424K->14512K(107520K)] 269246K->176390K(352256K), 0.0058990 secs] [Times: user=0.04 sys=0.00, real=0.01 secs] 
135.656: Total time for which application threads were stopped: 0.0081040 seconds, Stopping threads took: 0.0021070 seconds
135.678: Application time: 0.0220890 seconds
135.678: [GC [PSYoungGen: 107184K->14816K(107520K)] 269062K->176694K(352256K), 0.0059200 secs] [Times: user=0.04 sys=0.00, real=0.00 secs] 
135.684: Total time for which application threads were stopped: 0.0061170 seconds, Stopping threads took: 0.0000990 seconds
135.705: Application time: 0.0212990 seconds
135.706: [GC [PSYoungGen: 107488K->14816K(107520K)] 269366K->176702K(352256K), 0.0058160 secs] [Times: user=0.05 sys=0.00, real=0.01 secs] 
135.712: Total time for which application threads were stopped: 0.0059930 seconds, Stopping threads took: 0.0000770 seconds
135.747: Application time: 0.0352760 seconds
135.747: [GC [PSYoungGen: 107488K->14816K(107520K)] 269374K->183887K(352256K), 0.0081470 secs] [Times: user=0.05 sys=0.00, real=0.01 secs] 
135.755: Total time for which application threads were stopped: 0.0083260 seconds, Stopping threads took: 0.0000830 seconds
135.788: Application time: 0.0325880 seconds
135.788: [GC [PSYoungGen: 107488K->14816K(107520K)] 276559K->184031K(352256K), 0.0061040 secs] [Times: user=0.04 sys=0.00, real=0.01 secs] 
135.794: Total time for which application threads were stopped: 0.0062920 seconds, Stopping threads took: 0.0000870 seconds
135.835: Application time: 0.0406990 seconds
135.835: [GC [PSYoungGen: 107488K->14832K(107520K)] 276703K->184431K(352256K), 0.0062430 secs] [Times: user=0.05 sys=0.00, real=0.00 secs] 
135.841: Total time for which application threads were stopped: 0.0064280 seconds, Stopping threads took: 0.0000880 seconds
135.874: Application time: 0.0333340 seconds
135.875: [GC [PSYoungGen: 107504K->14832K(107520K)] 277103K->184792K(352256K), 0.0062170 secs] [Times: user=0.05 sys=0.00, real=0.00 secs] 
135.881: Total time for which application threads were stopped: 0.0064170 seconds, Stopping threads took: 0.0001010 seconds
135.911: Application time: 0.0302480 seconds
135.911: [GC [PSYoungGen: 107504K->14832K(107520K)] 277464K->185086K(352256K), 0.0061820 secs] [Times: user=0.05 sys=0.00, real=0.01 secs] 
135.917: Total time for which application threads were stopped: 0.0063620 seconds, Stopping threads took: 0.0000790 seconds
135.944: Application time: 0.0260650 seconds
135.944: [GC [PSYoungGen: 107504K->14832K(107520K)] 277758K->185478K(352256K), 0.0060610 secs] [Times: user=0.05 sys=0.00, real=0.01 secs] 
135.950: Total time for which application threads were stopped: 0.0062880 seconds, Stopping threads took: 0.0001270 seconds
135.970: Application time: 0.0199770 seconds
135.974: [GC [PSYoungGen: 107504K->14816K(107520K)] 278150K->185834K(352256K), 0.0063510 secs] [Times: user=0.04 sys=0.00, real=0.00 secs] 
135.980: Total time for which application threads were stopped: 0.0105560 seconds, Stopping threads took: 0.0041050 seconds
136.013: Application time: 0.0321220 seconds
136.013: [GC [PSYoungGen: 107488K->14832K(107520K)] 278506K->194072K(352256K), 0.0086560 secs] [Times: user=0.07 sys=0.00, real=0.01 secs] 
136.021: Total time for which application threads were stopped: 0.0088420 seconds, Stopping threads took: 0.0000820 seconds
136.056: Application time: 0.0344040 seconds
136.056: [GC [PSYoungGen: 107504K->14832K(107520K)] 286744K->198923K(352256K), 0.0069120 secs] [Times: user=0.05 sys=0.01, real=0.00 secs] 
136.063: Total time for which application threads were stopped: 0.0070940 seconds, Stopping threads took: 0.0000670 seconds
136.101: Application time: 0.0377310 seconds
136.101: [GC [PSYoungGen: 107504K->14816K(107520K)] 291595K->200361K(352256K), 0.0063150 secs] [Times: user=0.05 sys=0.00, real=0.01 secs] 
136.107: Total time for which application threads were stopped: 0.0065080 seconds, Stopping threads took: 0.0000940 seconds
136.146: Application time: 0.0387950 seconds
136.146: [GC [PSYoungGen: 107488K->14816K(107520K)] 293033K->200911K(352256K), 0.0060860 secs] [Times: user=0.04 sys=0.00, real=0.00 secs] 
136.152: Total time for which application threads were stopped: 0.0062630 seconds, Stopping threads took: 0.0000780 seconds
136.178: Application time: 0.0261920 seconds
136.179: [GC [PSYoungGen: 107488K->14816K(107520K)] 293583K->201330K(352256K), 0.0060570 secs] [Times: user=0.03 sys=0.00, real=0.00 secs] 
136.185: Total time for which application threads were stopped: 0.0062630 seconds, Stopping threads took: 0.0001050 seconds
136.218: Application time: 0.0330250 seconds
136.218: [GC [PSYoungGen: 107488K->14816K(107520K)] 294002K->202066K(352256K), 0.0060590 secs] [Times: user=0.04 sys=0.00, real=0.00 secs] 
136.224: Total time for which application threads were stopped: 0.0062550 seconds, Stopping threads took: 0.0000940 seconds
136.243: Application time: 0.0194320 seconds
136.246: [GC [PSYoungGen: 107488K->14816K(107520K)] 294738K->202578K(352256K), 0.0060800 secs] [Times: user=0.04 sys=0.00, real=0.00 secs] 
136.252: Total time for which application threads were stopped: 0.0087540 seconds, Stopping threads took: 0.0025740 seconds
136.275: Application time: 0.0230590 seconds
136.275: [GC [PSYoungGen: 107488K->14816K(107520K)] 295250K->204219K(352256K), 0.0061790 secs] [Times: user=0.05 sys=0.00, real=0.00 secs] 
136.282: Total time for which application threads were stopped: 0.0063880 seconds, Stopping threads took: 0.0001080 seconds
136.320: Application time: 0.0388040 seconds
136.320: [GC [PSYoungGen: 107488K->14816K(107520K)] 296891K->209730K(352256K), 0.0071500 secs] [Times: user=0.05 sys=0.01, real=0.01 secs] 
136.328: Total time for which application threads were stopped: 0.0073220 seconds, Stopping threads took: 0.0000720 seconds
136.359: Application time: 0.0308990 seconds
136.359: [GC [PSYoungGen: 107488K->14816K(107520K)] 302402K->212210K(352256K), 0.0062720 secs] [Times: user=0.05 sys=0.00, real=0.00 secs] 
136.365: Total time for which application threads were stopped: 0.0064900 seconds, Stopping threads took: 0.0001180 seconds
136.407: Application time: 0.0414660 seconds
136.407: [GC [PSYoungGen: 107488K->14832K(107520K)] 304882K->213504K(352256K), 0.0062260 secs] [Times: user=0.04 sys=0.00, real=0.00 secs] 
136.413: Total time for which application threads were stopped: 0.0064090 seconds, Stopping threads took: 0.0000870 seconds
136.442: Application time: 0.0292140 seconds
136.442: [GC [PSYoungGen: 107504K->14816K(107520K)] 306176K->214118K(352256K), 0.0062360 secs] [Times: user=0.05 sys=0.00, real=0.01 secs] 
136.449: Total time for which application threads were stopped: 0.0064210 seconds, Stopping threads took: 0.0000840 seconds
136.482: Application time: 0.0331500 seconds
136.482: [GC [PSYoungGen: 107488K->14832K(107520K)] 306790K->214617K(352256K), 0.0059480 secs] [Times: user=0.05 sys=0.00, real=0.01 secs] 
136.488: Total time for which application threads were stopped: 0.0061370 seconds, Stopping threads took: 0.0000790 seconds
136.511: Application time: 0.0232390 seconds
136.511: [GC [PSYoungGen: 107504K->14832K(107520K)] 307289K->215177K(352256K), 0.0060880 secs] [Times: user=0.04 sys=0.00, real=0.01 secs] 
136.517: Total time for which application threads were stopped: 0.0063060 seconds, Stopping threads took: 0.0001190 seconds
136.537: Application time: 0.0197520 seconds
136.537: [GC [PSYoungGen: 107504K->14832K(107520K)] 307849K->215821K(352256K), 0.0059940 secs] [Times: user=0.04 sys=0.00, real=0.00 secs] 
136.543: Total time for which application threads were stopped: 0.0061830 seconds, Stopping threads took: 0.0000930 seconds
136.578: Application time: 0.0346710 seconds
136.578: [GC [PSYoungGen: 107504K->14816K(107520K)] 308493K->225408K(352256K), 0.0089750 secs] [Times: user=0.06 sys=0.01, real=0.01 secs] 
136.587: Total time for which application threads were stopped: 0.0091710 seconds, Stopping threads took: 0.0000780 seconds
136.619: Application time: 0.0320460 seconds
136.619: [GC [PSYoungGen: 107488K->12880K(107520K)] 318080K->223768K(352256K), 0.0056100 secs] [Times: user=0.04 sys=0.00, real=0.00 secs] 
136.625: Total time for which application threads were stopped: 0.0057850 seconds, Stopping threads took: 0.0000770 seconds
136.665: Application time: 0.0400470 seconds
136.665: [GC [PSYoungGen: 105552K->13040K(107520K)] 316440K->224392K(352256K), 0.0054050 secs] [Times: user=0.04 sys=0.00, real=0.01 secs] 
136.671: Total time for which application threads were stopped: 0.0056130 seconds, Stopping threads took: 0.0001070 seconds
136.707: Application time: 0.0360050 seconds
136.707: [GC [PSYoungGen: 105712K->13200K(107520K)] 317064K->224568K(352256K), 0.0053800 secs] [Times: user=0.04 sys=0.00, real=0.00 secs] 
136.712: Total time for which application threads were stopped: 0.0055570 seconds, Stopping threads took: 0.0000780 seconds
136.741: Application time: 0.0283310 seconds
136.741: [GC [PSYoungGen: 105872K->13424K(107520K)] 317240K->224800K(352256K), 0.0055120 secs] [Times: user=0.04 sys=0.00, real=0.01 secs] 
136.746: Total time for which application threads were stopped: 0.0057060 seconds, Stopping threads took: 0.0000920 seconds
136.776: Application time: 0.0299510 seconds
136.776: [GC [PSYoungGen: 106096K->13376K(107520K)] 317472K->224888K(352256K), 0.0057630 secs] [Times: user=0.03 sys=0.00, real=0.00 secs] 
136.782: Total time for which application threads were stopped: 0.0059510 seconds, Stopping threads took: 0.0000910 seconds
136.801: Application time: 0.0186880 seconds
136.801: [GC [PSYoungGen: 106048K->13632K(107520K)] 317560K->225208K(352256K), 0.0056200 secs] [Times: user=0.04 sys=0.00, real=0.01 secs] 
136.807: Total time for which application threads were stopped: 0.0058090 seconds, Stopping threads took: 0.0000870 seconds
136.834: Application time: 0.0274350 seconds
136.834: [GC [PSYoungGen: 106304K->14496K(107520K)] 317880K->226680K(352256K), 0.0060690 secs] [Times: user=0.04 sys=0.00, real=0.00 secs] 
136.840: Total time for which application threads were stopped: 0.0062490 seconds, Stopping threads took: 0.0000800 seconds
136.878: Application time: 0.0373010 seconds
136.886: [GC [PSYoungGen: 107168K->13664K(107520K)] 319352K->225888K(352256K), 0.0059600 secs] [Times: user=0.04 sys=0.00, real=0.01 secs] 
136.892: Total time for which application threads were stopped: 0.0140970 seconds, Stopping threads took: 0.0080370 seconds
136.927: Application time: 0.0352960 seconds
136.927: [GC [PSYoungGen: 106336K->12128K(107520K)] 318560K->225182K(352256K), 0.0052970 secs] [Times: user=0.04 sys=0.00, real=0.00 secs] 
136.933: Total time for which application threads were stopped: 0.0055100 seconds, Stopping threads took: 0.0001120 seconds
136.973: Application time: 0.0399640 seconds
136.973: [GC [PSYoungGen: 104800K->12080K(107520K)] 317854K->225150K(352256K), 0.0049960 secs] [Times: user=0.04 sys=0.00, real=0.01 secs] 
136.978: Total time for which application threads were stopped: 0.0051960 seconds, Stopping threads took: 0.0001010 seconds
137.005: Application time: 0.0270940 seconds
137.005: [GC [PSYoungGen: 104752K->12272K(107520K)] 317822K->225382K(352256K), 0.0049280 secs] [Times: user=0.03 sys=0.00, real=0.01 secs] 
137.010: Total time for which application threads were stopped: 0.0053190 seconds, Stopping threads took: 0.0002760 seconds
137.044: Application time: 0.0338640 seconds
137.044: [GC [PSYoungGen: 104944K->12160K(107520K)] 318054K->225486K(352256K), 0.0048990 secs] [Times: user=0.03 sys=0.00, real=0.01 secs] 
137.049: Total time for which application threads were stopped: 0.0051010 seconds, Stopping threads took: 0.0001010 seconds
137.070: Application time: 0.0203700 seconds
137.070: [GC [PSYoungGen: 104832K->12256K(107520K)] 318158K->225654K(352256K), 0.0049930 secs] [Times: user=0.04 sys=0.00, real=0.01 secs] 
137.075: Total time for which application threads were stopped: 0.0051830 seconds, Stopping threads took: 0.0000880 seconds
137.096: Application time: 0.0214060 seconds
137.098: [GC [PSYoungGen: 104928K->12144K(107520K)] 318326K->225670K(352256K), 0.0051890 secs] [Times: user=0.03 sys=0.00, real=0.00 secs] 
137.103: Total time for which application threads were stopped: 0.0070980 seconds, Stopping threads took: 0.0017890 seconds
137.142: Application time: 0.0387480 seconds
137.142: [GC [PSYoungGen: 104816K->9888K(107520K)] 318342K->227523K(352256K), 0.0054470 secs] [Times: user=0.03 sys=0.00, real=0.01 secs] 
137.148: Total time for which application threads were stopped: 0.0056150 seconds, Stopping threads took: 0.0000690 seconds
137.177: Application time: 0.0298780 seconds
137.178: [GC [PSYoungGen: 102560K->9520K(107520K)] 320195K->227435K(352256K), 0.0040180 secs] [Times: user=0.03 sys=0.00, real=0.00 secs] 
137.182: Total time for which application threads were stopped: 0.0042100 seconds, Stopping threads took: 0.0000930 seconds
137.223: Application time: 0.0414690 seconds
137.226: [GC [PSYoungGen: 102192K->7680K(107520K)] 320107K->225595K(352256K), 0.0034430 secs] [Times: user=0.02 sys=0.00, real=0.00 secs] 
137.229: Total time for which application threads were stopped: 0.0062990 seconds, Stopping threads took: 0.0027570 seconds
137.262: Application time: 0.0327870 seconds
137.262: [GC [PSYoungGen: 100352K->7792K(107520K)] 318267K->225707K(352256K), 0.0032680 secs] [Times: user=0.02 sys=0.00, real=0.00 secs] 
137.266: Total time for which application threads were stopped: 0.0034770 seconds, Stopping threads took: 0.0001090 seconds
137.297: Application time: 0.0308550 seconds
137.297: [GC [PSYoungGen: 100464K->7760K(107520K)] 318379K->225755K(352256K), 0.0033480 secs] [Times: user=0.02 sys=0.00, real=0.00 secs] 
137.300: Total time for which application threads were stopped: 0.0035440 seconds, Stopping threads took: 0.0000960 seconds
137.326: Application time: 0.0257940 seconds
137.326: [GC [PSYoungGen: 100432K->7952K(107520K)] 318427K->225947K(352256K), 0.0033730 secs] [Times: user=0.02 sys=0.00, real=0.00 secs] 
137.329: Total time for which application threads were stopped: 0.0035130 seconds, Stopping threads took: 0.0000510 seconds
137.348: Application time: 0.0189420 seconds
137.349: [GC [PSYoungGen: 100624K->7952K(107520K)] 318619K->225947K(352256K), 0.0035480 secs] [Times: user=0.02 sys=0.00, real=0.00 secs] 
137.352: Total time for which application threads were stopped: 0.0037170 seconds, Stopping threads took: 0.0000730 seconds
137.386: Application time: 0.0341580 seconds
137.386: [GC [PSYoungGen: 100624K->14832K(107520K)] 318619K->232923K(352256K), 0.0058800 secs] [Times: user=0.04 sys=0.00, real=0.00 secs] 
137.392: Total time for which application threads were stopped: 0.0060620 seconds, Stopping threads took: 0.0000830 seconds
137.424: Application time: 0.0314830 seconds
137.424: [GC [PSYoungGen: 107504K->12080K(107520K)] 325595K->230171K(352256K), 0.0047920 secs] [Times: user=0.04 sys=0.00, real=0.01 secs] 
137.429: Total time for which application threads were stopped: 0.0049980 seconds, Stopping threads took: 0.0001030 seconds
137.468: Application time: 0.0389580 seconds
137.468: [GC [PSYoungGen: 104752K->11744K(107520K)] 322843K->229835K(352256K), 0.0046240 secs] [Times: user=0.03 sys=0.00, real=0.00 secs] 
137.473: Total time for which application threads were stopped: 0.0048420 seconds, Stopping threads took: 0.0001140 seconds
137.509: Application time: 0.0367800 seconds
137.514: [GC [PSYoungGen: 104416K->11824K(107520K)] 322507K->229915K(352256K), 0.0046360 secs] [Times: user=0.04 sys=0.00, real=0.00 secs] 
137.519: Total time for which application threads were stopped: 0.0092900 seconds, Stopping threads took: 0.0045460 seconds
137.546: Application time: 0.0275460 seconds
137.546: [GC [PSYoungGen: 104496K->11696K(107520K)] 322587K->229787K(352256K), 0.0047800 secs] [Times: user=0.03 sys=0.00, real=0.00 secs] 
137.551: Total time for which application threads were stopped: 0.0049920 seconds, Stopping threads took: 0.0001090 seconds
137.583: Application time: 0.0321080 seconds
137.584: [GC [PSYoungGen: 104368K->12000K(107520K)] 322459K->230091K(352256K), 0.0047280 secs] [Times: user=0.03 sys=0.00, real=0.01 secs] 
137.588: Total time for which application threads were stopped: 0.0049220 seconds, Stopping threads took: 0.0000950 seconds
137.608: Application time: 0.0194970 seconds
137.608: [GC [PSYoungGen: 104672K->12032K(107520K)] 322763K->230123K(352256K), 0.0046660 secs] [Times: user=0.03 sys=0.00, real=0.00 secs] 
137.613: Total time for which application threads were stopped: 0.0048690 seconds, Stopping threads took: 0.0000860 seconds
137.638: Application time: 0.0254390 seconds
137.638: [GC [PSYoungGen: 104704K->12816K(107520K)] 322795K->230907K(352256K), 0.0049810 secs] [Times: user=0.03 sys=0.00, real=0.00 secs] 
137.643: Total time for which application threads were stopped: 0.0051460 seconds, Stopping threads took: 0.0000650 seconds
137.681: Application time: 0.0379280 seconds
137.681: [GC [PSYoungGen: 105488K->11840K(107520K)] 323579K->229931K(352256K), 0.0046580 secs] [Times: user=0.03 sys=0.00, real=0.01 secs] 
137.686: Total time for which application threads were stopped: 0.0048410 seconds, Stopping threads took: 0.0000840 seconds
137.718: Application time: 0.0323860 seconds
137.719: [GC [PSYoungGen: 104512K->13440K(107520K)] 322603K->231531K(352256K), 0.0054550 secs] [Times: user=0.04 sys=0.00, real=0.00 secs] 
137.724: Total time for which application threads were stopped: 0.0056520 seconds, Stopping threads took: 0.0000980 seconds
137.765: Application time: 0.0411350 seconds
137.765: [GC [PSYoungGen: 106112K->11840K(107520K)] 324203K->229931K(352256K), 0.0046880 secs] [Times: user=0.03 sys=0.00, real=0.01 secs] 
137.770: Total time for which application threads were stopped: 0.0048990 seconds, Stopping threads took: 0.0001100 seconds
137.799: Application time: 0.0284800 seconds
137.799: [GC [PSYoungGen: 104512K->11728K(107520K)] 322603K->229875K(352256K), 0.0047150 secs] [Times: user=0.03 sys=0.00, real=0.00 secs] 
137.803: Total time for which application threads were stopped: 0.0049090 seconds, Stopping threads took: 0.0000970 seconds
137.837: Application time: 0.0337680 seconds
137.837: [GC [PSYoungGen: 104400K->11712K(107520K)] 322547K->230011K(352256K), 0.0047610 secs] [Times: user=0.04 sys=0.00, real=0.00 secs] 
137.842: Total time for which application threads were stopped: 0.0049470 seconds, Stopping threads took: 0.0000860 seconds
137.865: Application time: 0.0226180 seconds
137.865: [GC [PSYoungGen: 104384K->11456K(107520K)] 322683K->229811K(352256K), 0.0045520 secs] [Times: user=0.03 sys=0.00, real=0.01 secs] 
137.870: Total time for which application threads were stopped: 0.0047500 seconds, Stopping threads took: 0.0000980 seconds
137.890: Application time: 0.0205770 seconds
137.890: [GC [PSYoungGen: 104128K->11712K(107520K)] 322483K->230067K(352256K), 0.0047090 secs] [Times: user=0.04 sys=0.00, real=0.01 secs] 
137.895: Total time for which application threads were stopped: 0.0048860 seconds, Stopping threads took: 0.0000840 seconds
137.931: Application time: 0.0363030 seconds
137.931: [GC [PSYoungGen: 104384K->14112K(107520K)] 322739K->236343K(352256K), 0.0068060 secs] [Times: user=0.05 sys=0.00, real=0.01 secs] 
137.938: Total time for which application threads were stopped: 0.0069780 seconds, Stopping threads took: 0.0000730 seconds
137.970: Application time: 0.0315850 seconds
137.970: [GC [PSYoungGen: 106784K->7792K(107520K)] 329015K->230183K(352256K), 0.0032110 secs] [Times: user=0.02 sys=0.00, real=0.00 secs] 
137.973: Total time for which application threads were stopped: 0.0033950 seconds, Stopping threads took: 0.0000790 seconds
138.014: Application time: 0.0408130 seconds
138.014: [GC [PSYoungGen: 100464K->7696K(107520K)] 322855K->230087K(352256K), 0.0032160 secs] [Times: user=0.02 sys=0.00, real=0.00 secs] 
138.018: Total time for which application threads were stopped: 0.0034020 seconds, Stopping threads took: 0.0000890 seconds
138.052: Application time: 0.0340940 seconds
138.054: [GC [PSYoungGen: 100368K->7632K(107520K)] 322759K->230023K(352256K), 0.0032090 secs] [Times: user=0.02 sys=0.00, real=0.00 secs] 
138.057: Total time for which application threads were stopped: 0.0056100 seconds, Stopping threads took: 0.0023030 seconds
138.087: Application time: 0.0298650 seconds
138.087: [GC [PSYoungGen: 100304K->7792K(107520K)] 322695K->230263K(352256K), 0.0032760 secs] [Times: user=0.02 sys=0.00, real=0.00 secs] 
138.091: Total time for which application threads were stopped: 0.0034680 seconds, Stopping threads took: 0.0000950 seconds
138.118: Application time: 0.0274540 seconds
138.118: [GC [PSYoungGen: 100464K->7824K(107520K)] 322935K->230295K(352256K), 0.0032740 secs] [Times: user=0.02 sys=0.00, real=0.00 secs] 
138.121: Total time for which application threads were stopped: 0.0034590 seconds, Stopping threads took: 0.0000710 seconds
138.140: Application time: 0.0183680 seconds
138.140: [GC [PSYoungGen: 100496K->7728K(107520K)] 322967K->230199K(352256K), 0.0033970 secs] [Times: user=0.02 sys=0.00, real=0.00 secs] 
138.143: Total time for which application threads were stopped: 0.0035840 seconds, Stopping threads took: 0.0000900 seconds
138.173: Application time: 0.0295520 seconds
138.173: [GC [PSYoungGen: 100400K->12800K(107520K)] 322871K->235271K(352256K), 0.0052620 secs] [Times: user=0.03 sys=0.00, real=0.01 secs] 
138.178: Total time for which application threads were stopped: 0.0054510 seconds, Stopping threads took: 0.0000890 seconds
138.214: Application time: 0.0357180 seconds
138.214: [GC [PSYoungGen: 105472K->8752K(107520K)] 327943K->231223K(352256K), 0.0034540 secs] [Times: user=0.03 sys=0.00, real=0.00 secs] 
138.218: Total time for which application threads were stopped: 0.0036930 seconds, Stopping threads took: 0.0001330 seconds
138.254: Application time: 0.0365010 seconds
138.255: [GC [PSYoungGen: 101424K->7776K(107520K)] 323895K->230247K(352256K), 0.0033260 secs] [Times: user=0.01 sys=0.01, real=0.00 secs] 
138.258: Total time for which application threads were stopped: 0.0035250 seconds, Stopping threads took: 0.0000940 seconds
138.297: Application time: 0.0391350 seconds
138.297: [GC [PSYoungGen: 100448K->7856K(107520K)] 322919K->230327K(352256K), 0.0034160 secs] [Times: user=0.03 sys=0.00, real=0.00 secs] 
138.301: Total time for which application threads were stopped: 0.0035970 seconds, Stopping threads took: 0.0000830 seconds
138.327: Application time: 0.0266430 seconds
138.327: [GC [PSYoungGen: 100528K->7776K(107520K)] 322999K->230247K(352256K), 0.0035540 secs] [Times: user=0.02 sys=0.00, real=0.00 secs] 
138.331: Total time for which application threads were stopped: 0.0037420 seconds, Stopping threads took: 0.0000870 seconds
138.364: Application time: 0.0333630 seconds
138.365: [GC [PSYoungGen: 100448K->7872K(107520K)] 322919K->230343K(352256K), 0.0034250 secs] [Times: user=0.02 sys=0.00, real=0.01 secs] 
138.368: Total time for which application threads were stopped: 0.0036180 seconds, Stopping threads took: 0.0000900 seconds
138.388: Application time: 0.0201780 seconds
138.388: [GC [PSYoungGen: 100544K->7728K(107520K)] 323015K->230199K(352256K), 0.0033640 secs] [Times: user=0.02 sys=0.00, real=0.00 secs] 
138.392: Total time for which application threads were stopped: 0.0035650 seconds, Stopping threads took: 0.0001060 seconds
138.414: Application time: 0.0225460 seconds
138.414: [GC [PSYoungGen: 100400K->7888K(107520K)] 322871K->230359K(352256K), 0.0032380 secs] [Times: user=0.02 sys=0.00, real=0.00 secs] 
138.418: Total time for which application threads were stopped: 0.0033970 seconds, Stopping threads took: 0.0000630 seconds
138.456: Application time: 0.0385630 seconds
138.456: [GC [PSYoungGen: 100560K->9776K(107520K)] 323031K->232247K(352256K), 0.0039120 secs] [Times: user=0.03 sys=0.00, real=0.00 secs] 
138.460: Total time for which application threads were stopped: 0.0041100 seconds, Stopping threads took: 0.0001020 seconds
138.491: Application time: 0.0305830 seconds
138.491: [GC [PSYoungGen: 102448K->9728K(107520K)] 324919K->232199K(352256K), 0.0039810 secs] [Times: user=0.03 sys=0.00, real=0.01 secs] 
138.495: Total time for which application threads were stopped: 0.0041450 seconds, Stopping threads took: 0.0000670 seconds
138.537: Application time: 0.0416920 seconds
138.537: [GC [PSYoungGen: 102400K->7872K(107520K)] 324871K->230343K(352256K), 0.0033010 secs] [Times: user=0.03 sys=0.00, real=0.00 secs] 
138.540: Total time for which application threads were stopped: 0.0034710 seconds, Stopping threads took: 0.0000720 seconds
138.571: Application time: 0.0307240 seconds
138.571: [GC [PSYoungGen: 100544K->7680K(107520K)] 323015K->230207K(352256K), 0.0032280 secs] [Times: user=0.03 sys=0.00, real=0.01 secs] 
138.574: Total time for which application threads were stopped: 0.0033980 seconds, Stopping threads took: 0.0000730 seconds
138.607: Application time: 0.0324110 seconds
138.610: [GC [PSYoungGen: 100352K->7808K(107520K)] 322879K->230479K(352256K), 0.0034550 secs] [Times: user=0.02 sys=0.00, real=0.00 secs] 
138.613: Total time for which application threads were stopped: 0.0066640 seconds, Stopping threads took: 0.0031100 seconds
138.638: Application time: 0.0241530 seconds
138.638: [GC [PSYoungGen: 100480K->7872K(107520K)] 323151K->230543K(352256K), 0.0033560 secs] [Times: user=0.02 sys=0.00, real=0.00 secs] 
138.641: Total time for which application threads were stopped: 0.0035560 seconds, Stopping threads took: 0.0000890 seconds
138.661: Application time: 0.0194430 seconds
138.662: [GC [PSYoungGen: 100544K->7792K(107520K)] 323215K->230511K(352256K), 0.0032580 secs] [Times: user=0.02 sys=0.00, real=0.00 secs] 
138.665: Total time for which application threads were stopped: 0.0046160 seconds, Stopping threads took: 0.0012650 seconds
138.699: Application time: 0.0334090 seconds
138.699: [GC [PSYoungGen: 100464K->14832K(107520K)] 323183K->238434K(352256K), 0.0065190 secs] [Times: user=0.05 sys=0.00, real=0.00 secs] 
138.705: Total time for which application threads were stopped: 0.0067070 seconds, Stopping threads took: 0.0000900 seconds
138.739: Application time: 0.0334480 seconds
138.739: [GC [PSYoungGen: 107504K->12432K(107520K)] 331106K->236034K(352256K), 0.0050140 secs] [Times: user=0.04 sys=0.00, real=0.00 secs] 
138.744: Total time for which application threads were stopped: 0.0052060 seconds, Stopping threads took: 0.0000920 seconds
138.783: Application time: 0.0389650 seconds
138.783: [GC [PSYoungGen: 105104K->12496K(107520K)] 328706K->236098K(352256K), 0.0050730 secs] [Times: user=0.04 sys=0.00, real=0.01 secs] 
138.788: Total time for which application threads were stopped: 0.0052700 seconds, Stopping threads took: 0.0000960 seconds
138.825: Application time: 0.0364200 seconds
138.825: [GC [PSYoungGen: 105168K->12528K(107520K)] 328770K->236130K(352256K), 0.0049530 secs] [Times: user=0.03 sys=0.00, real=0.01 secs] 
138.830: Total time for which application threads were stopped: 0.0051480 seconds, Stopping threads took: 0.0000940 seconds
138.858: Application time: 0.0282900 seconds
138.858: [GC [PSYoungGen: 105200K->12480K(107520K)] 328802K->236162K(352256K), 0.0055350 secs] [Times: user=0.03 sys=0.00, real=0.00 secs] 
138.864: Total time for which application threads were stopped: 0.0057190 seconds, Stopping threads took: 0.0000830 seconds
138.894: Application time: 0.0305640 seconds
138.895: [GC [PSYoungGen: 105152K->12544K(107520K)] 328834K->236226K(352256K), 0.0049600 secs] [Times: user=0.04 sys=0.00, real=0.00 secs] 
138.900: Total time for which application threads were stopped: 0.0051690 seconds, Stopping threads took: 0.0001090 seconds
138.919: Application time: 0.0190620 seconds
138.919: [GC [PSYoungGen: 105216K->12352K(107520K)] 328898K->236034K(352256K), 0.0052350 secs] [Times: user=0.03 sys=0.00, real=0.00 secs] 
138.924: Total time for which application threads were stopped: 0.0054000 seconds, Stopping threads took: 0.0000650 seconds
138.950: Application time: 0.0258310 seconds
138.950: [GC [PSYoungGen: 105024K->13216K(107520K)] 328706K->236898K(352256K), 0.0052260 secs] [Times: user=0.04 sys=0.00, real=0.01 secs] 
138.955: Total time for which application threads were stopped: 0.0053940 seconds, Stopping threads took: 0.0000730 seconds
138.993: Application time: 0.0375980 seconds
138.993: [GC [PSYoungGen: 105888K->12784K(107520K)] 329570K->236466K(352256K), 0.0050370 secs] [Times: user=0.03 sys=0.00, real=0.01 secs] 
138.998: Total time for which application threads were stopped: 0.0052090 seconds, Stopping threads took: 0.0000740 seconds
139.033: Application time: 0.0349380 seconds
139.033: [GC [PSYoungGen: 105456K->12528K(107520K)] 329138K->236210K(352256K), 0.0049690 secs] [Times: user=0.04 sys=0.00, real=0.01 secs] 
139.038: Total time for which application threads were stopped: 0.0051660 seconds, Stopping threads took: 0.0000960 seconds
139.079: Application time: 0.0403150 seconds
139.079: [GC [PSYoungGen: 105200K->12432K(107520K)] 328882K->236114K(352256K), 0.0051010 secs] [Times: user=0.04 sys=0.00, real=0.00 secs] 
139.084: Total time for which application threads were stopped: 0.0052910 seconds, Stopping threads took: 0.0000900 seconds
139.110: Application time: 0.0266390 seconds
139.111: [GC [PSYoungGen: 105104K->12640K(107520K)] 328786K->236322K(352256K), 0.0050690 secs] [Times: user=0.03 sys=0.00, real=0.01 secs] 
139.116: Total time for which application threads were stopped: 0.0052840 seconds, Stopping threads took: 0.0001150 seconds
139.150: Application time: 0.0340690 seconds
139.150: [GC [PSYoungGen: 105312K->12736K(107520K)] 328994K->236418K(352256K), 0.0051450 secs] [Times: user=0.03 sys=0.00, real=0.01 secs] 
139.155: Total time for which application threads were stopped: 0.0053780 seconds, Stopping threads took: 0.0001170 seconds
139.177: Application time: 0.0217300 seconds
139.177: [GC [PSYoungGen: 105408K->12464K(107520K)] 329090K->236146K(352256K), 0.0051080 secs] [Times: user=0.03 sys=0.00, real=0.00 secs] 
139.182: Total time for which application threads were stopped: 0.0052770 seconds, Stopping threads took: 0.0000760 seconds
139.203: Application time: 0.0208400 seconds
139.203: [GC [PSYoungGen: 105136K->12992K(107520K)] 328818K->236674K(352256K), 0.0052890 secs] [Times: user=0.04 sys=0.00, real=0.01 secs] 
139.209: Total time for which application threads were stopped: 0.0054710 seconds, Stopping threads took: 0.0000900 seconds
139.246: Application time: 0.0377520 seconds
139.246: [GC [PSYoungGen: 105664K->11568K(107520K)] 329346K->240038K(352256K), 0.0062840 secs] [Times: user=0.04 sys=0.00, real=0.00 secs] 
139.253: Total time for which application threads were stopped: 0.0064880 seconds, Stopping threads took: 0.0001070 seconds
139.283: Application time: 0.0302960 seconds
139.286: [GC [PSYoungGen: 104240K->9744K(107520K)] 332710K->238214K(352256K), 0.0040580 secs] [Times: user=0.03 sys=0.00, real=0.00 secs] 
139.290: Total time for which application threads were stopped: 0.0069750 seconds, Stopping threads took: 0.0028250 seconds
139.331: Application time: 0.0409850 seconds
139.331: [GC [PSYoungGen: 102416K->7904K(107520K)] 330886K->236374K(352256K), 0.0034280 secs] [Times: user=0.02 sys=0.00, real=0.01 secs] 
139.335: Total time for which application threads were stopped: 0.0036020 seconds, Stopping threads took: 0.0000730 seconds
139.368: Application time: 0.0333670 seconds
139.368: [GC [PSYoungGen: 100576K->8016K(107520K)] 329046K->236486K(352256K), 0.0033820 secs] [Times: user=0.02 sys=0.00, real=0.00 secs] 
139.372: Total time for which application threads were stopped: 0.0035850 seconds, Stopping threads took: 0.0001050 seconds
139.402: Application time: 0.0305450 seconds
139.402: [GC [PSYoungGen: 100688K->7840K(107520K)] 329158K->236482K(352256K), 0.0033390 secs] [Times: user=0.02 sys=0.00, real=0.00 secs] 
139.406: Total time for which application threads were stopped: 0.0035290 seconds, Stopping threads took: 0.0000890 seconds
139.432: Application time: 0.0265350 seconds
139.432: [GC [PSYoungGen: 100512K->7808K(107520K)] 329154K->236450K(352256K), 0.0033040 secs] [Times: user=0.02 sys=0.00, real=0.01 secs] 
139.436: Total time for which application threads were stopped: 0.0035020 seconds, Stopping threads took: 0.0000990 seconds
139.454: Application time: 0.0186590 seconds
139.455: [GC [PSYoungGen: 100480K->7840K(107520K)] 329122K->236530K(352256K), 0.0034840 secs] [Times: user=0.02 sys=0.00, real=0.00 secs] 
139.458: Total time for which application threads were stopped: 0.0036520 seconds, Stopping threads took: 0.0000820 seconds
139.489: Application time: 0.0313070 seconds
139.489: [GC [PSYoungGen: 100512K->13168K(107520K)] 329202K->241858K(352256K), 0.0053120 secs] [Times: user=0.03 sys=0.00, real=0.01 secs] 
139.495: Total time for which application threads were stopped: 0.0054980 seconds, Stopping threads took: 0.0000850 seconds
139.530: Application time: 0.0353720 seconds
139.530: [GC [PSYoungGen: 105840K->7888K(107520K)] 334530K->236578K(352256K), 0.0032370 secs] [Times: user=0.03 sys=0.00, real=0.00 secs] 
139.534: Total time for which application threads were stopped: 0.0034030 seconds, Stopping threads took: 0.0000790 seconds
139.571: Application time: 0.0373630 seconds
139.571: [GC [PSYoungGen: 100560K->7584K(107520K)] 329250K->236274K(352256K), 0.0033790 secs] [Times: user=0.02 sys=0.00, real=0.01 secs] 
139.575: Total time for which application threads were stopped: 0.0035750 seconds, Stopping threads took: 0.0001020 seconds
139.613: Application time: 0.0388670 seconds
139.614: [GC [PSYoungGen: 100256K->7920K(107520K)] 328946K->236610K(352256K), 0.0033770 secs] [Times: user=0.02 sys=0.00, real=0.01 secs] 
139.617: Total time for which application threads were stopped: 0.0035340 seconds, Stopping threads took: 0.0000630 seconds
139.643: Application time: 0.0261200 seconds
139.643: [GC [PSYoungGen: 100592K->7760K(107520K)] 329282K->236538K(352256K), 0.0034640 secs] [Times: user=0.03 sys=0.00, real=0.01 secs] 
139.647: Total time for which application threads were stopped: 0.0036270 seconds, Stopping threads took: 0.0000740 seconds
139.680: Application time: 0.0329750 seconds
139.680: [GC [PSYoungGen: 100432K->8112K(107520K)] 329210K->236890K(352256K), 0.0033460 secs] [Times: user=0.02 sys=0.00, real=0.00 secs] 
139.683: Total time for which application threads were stopped: 0.0035510 seconds, Stopping threads took: 0.0000970 seconds
139.704: Application time: 0.0203470 seconds
139.704: [GC [PSYoungGen: 100784K->7952K(107520K)] 329562K->236730K(352256K), 0.0034650 secs] [Times: user=0.02 sys=0.00, real=0.01 secs] 
139.707: Total time for which application threads were stopped: 0.0036270 seconds, Stopping threads took: 0.0000790 seconds
139.730: Application time: 0.0227770 seconds
139.730: [GC [PSYoungGen: 100624K->8112K(107520K)] 329402K->236890K(352256K), 0.0033980 secs] [Times: user=0.03 sys=0.00, real=0.00 secs] 
139.734: Total time for which application threads were stopped: 0.0035820 seconds, Stopping threads took: 0.0000880 seconds
139.773: Application time: 0.0397020 seconds
139.774: [GC [PSYoungGen: 100784K->8496K(107520K)] 329562K->237274K(352256K), 0.0035640 secs] [Times: user=0.03 sys=0.00, real=0.00 secs] 
139.778: Total time for which application threads were stopped: 0.0043000 seconds, Stopping threads took: 0.0006460 seconds
139.809: Application time: 0.0314150 seconds
139.809: [GC [PSYoungGen: 101168K->8224K(107520K)] 329946K->237002K(352256K), 0.0034450 secs] [Times: user=0.02 sys=0.00, real=0.00 secs] 
139.813: Total time for which application threads were stopped: 0.0036250 seconds, Stopping threads took: 0.0000920 seconds
139.854: Application time: 0.0415500 seconds
139.854: [GC [PSYoungGen: 100896K->7888K(107520K)] 329674K->236666K(352256K), 0.0035560 secs] [Times: user=0.01 sys=0.00, real=0.00 secs] 
139.858: Total time for which application threads were stopped: 0.0037390 seconds, Stopping threads took: 0.0000900 seconds
139.887: Application time: 0.0288340 seconds
139.887: [GC [PSYoungGen: 100560K->7856K(107520K)] 329338K->236634K(352256K), 0.0033610 secs] [Times: user=0.02 sys=0.01, real=0.00 secs] 
139.890: Total time for which application threads were stopped: 0.0035530 seconds, Stopping threads took: 0.0000970 seconds
139.924: Application time: 0.0337170 seconds
139.924: [GC [PSYoungGen: 100528K->7968K(107520K)] 329306K->236746K(352256K), 0.0034330 secs] [Times: user=0.02 sys=0.00, real=0.01 secs] 
139.928: Total time for which application threads were stopped: 0.0036190 seconds, Stopping threads took: 0.0000870 seconds
139.951: Application time: 0.0233050 seconds
139.951: [GC [PSYoungGen: 100640K->7872K(107520K)] 329418K->236650K(352256K), 0.0034300 secs] [Times: user=0.01 sys=0.00, real=0.01 secs] 
139.955: Total time for which application threads were stopped: 0.0036150 seconds, Stopping threads took: 0.0000880 seconds
139.974: Application time: 0.0195440 seconds
139.978: [GC [PSYoungGen: 100544K->8064K(107520K)] 329322K->236842K(352256K), 0.0034870 secs] [Times: user=0.02 sys=0.00, real=0.00 secs] 
139.982: Total time for which application threads were stopped: 0.0074010 seconds, Stopping threads took: 0.0038190 seconds
140.015: Application time: 0.0331920 seconds
140.015: [GC [PSYoungGen: 100736K->14816K(107520K)] 329514K->248174K(352256K), 0.0076570 secs] [Times: user=0.06 sys=0.00, real=0.00 secs] 
140.023: Total time for which application threads were stopped: 0.0078660 seconds, Stopping threads took: 0.0001090 seconds
140.057: Application time: 0.0341280 seconds
140.057: [GC [PSYoungGen: 107488K->14480K(107520K)] 340846K->247838K(352256K), 0.0058840 secs] [Times: user=0.04 sys=0.00, real=0.00 secs] 
140.063: Total time for which application threads were stopped: 0.0060660 seconds, Stopping threads took: 0.0000840 seconds
140.102: Application time: 0.0396740 seconds
140.103: [GC [PSYoungGen: 107152K->12864K(107520K)] 340510K->246222K(352256K), 0.0053840 secs] [Times: user=0.04 sys=0.00, real=0.01 secs] 
140.108: Total time for which application threads were stopped: 0.0055550 seconds, Stopping threads took: 0.0000700 seconds
140.145: Application time: 0.0368100 seconds
140.146: [GC [PSYoungGen: 105536K->13040K(107520K)] 338894K->246398K(352256K), 0.0054930 secs] [Times: user=0.04 sys=0.00, real=0.00 secs] 
140.152: Total time for which application threads were stopped: 0.0066470 seconds, Stopping threads took: 0.0010530 seconds
140.180: Application time: 0.0288970 seconds
140.181: [GC [PSYoungGen: 105712K->13008K(107520K)] 339070K->246498K(352256K), 0.0056750 secs] [Times: user=0.05 sys=0.00, real=0.01 secs] 
140.186: Total time for which application threads were stopped: 0.0058950 seconds, Stopping threads took: 0.0001030 seconds
140.216: Application time: 0.0294220 seconds
140.216: [GC [PSYoungGen: 105680K->13392K(107520K)] 339170K->246882K(352256K), 0.0056800 secs] [Times: user=0.04 sys=0.00, real=0.00 secs] 
140.222: Total time for which application threads were stopped: 0.0058790 seconds, Stopping threads took: 0.0001010 seconds
140.240: Application time: 0.0180270 seconds
140.240: [GC [PSYoungGen: 106064K->13024K(107520K)] 339554K->246562K(352256K), 0.0054440 secs] [Times: user=0.03 sys=0.00, real=0.00 secs] 
140.245: Total time for which application threads were stopped: 0.0056300 seconds, Stopping threads took: 0.0000850 seconds
140.275: Application time: 0.0299280 seconds
140.275: [GC [PSYoungGen: 105696K->14816K(107520K)] 339234K->248706K(352256K), 0.0065350 secs] [Times: user=0.04 sys=0.00, real=0.00 secs] 
140.282: Total time for which application threads were stopped: 0.0067090 seconds, Stopping threads took: 0.0000640 seconds
140.317: Application time: 0.0353200 seconds
140.317: [GC [PSYoungGen: 107488K->14832K(107520K)] 341378K->250456K(352256K), 0.0065500 secs] [Times: user=0.04 sys=0.00, real=0.00 secs] 
140.324: Total time for which application threads were stopped: 0.0067440 seconds, Stopping threads took: 0.0000900 seconds
140.360: Application time: 0.0358670 seconds
140.360: [GC [PSYoungGen: 107504K->14816K(107520K)] 343128K->251064K(352256K), 0.0062030 secs] [Times: user=0.05 sys=0.00, real=0.01 secs] 
140.366: Total time for which application threads were stopped: 0.0064000 seconds, Stopping threads took: 0.0000960 seconds
140.406: Application time: 0.0397170 seconds
140.410: [GC [PSYoungGen: 107488K->14816K(107520K)] 343736K->251320K(352256K), 0.0061930 secs] [Times: user=0.04 sys=0.00, real=0.01 secs] 
140.416: Total time for which application threads were stopped: 0.0102340 seconds, Stopping threads took: 0.0039410 seconds
140.442: Application time: 0.0258050 seconds
140.442: [GC [PSYoungGen: 107488K->14784K(107520K)] 343992K->251296K(352256K), 0.0059930 secs] [Times: user=0.05 sys=0.00, real=0.01 secs] 
140.448: Total time for which application threads were stopped: 0.0061740 seconds, Stopping threads took: 0.0000740 seconds
140.483: Application time: 0.0351770 seconds
140.484: [GC [PSYoungGen: 107456K->14816K(107520K)] 343968K->251942K(352256K), 0.0063250 secs] [Times: user=0.03 sys=0.01, real=0.01 secs] 
140.490: Total time for which application threads were stopped: 0.0065510 seconds, Stopping threads took: 0.0001150 seconds
140.511: Application time: 0.0210130 seconds
140.511: [GC [PSYoungGen: 107488K->14752K(107520K)] 344614K->251878K(352256K), 0.0061590 secs] [Times: user=0.04 sys=0.00, real=0.01 secs] 
140.517: Total time for which application threads were stopped: 0.0063450 seconds, Stopping threads took: 0.0000810 seconds
140.539: Application time: 0.0212580 seconds
140.539: [GC [PSYoungGen: 107424K->14832K(107520K)] 344550K->252046K(352256K), 0.0061670 secs] [Times: user=0.05 sys=0.00, real=0.00 secs] 
140.545: Total time for which application threads were stopped: 0.0063550 seconds, Stopping threads took: 0.0000860 seconds
140.584: Application time: 0.0394120 seconds
140.584: [GC [PSYoungGen: 107504K->11408K(107520K)] 344718K->254152K(352256K), 0.0069240 secs] [Times: user=0.04 sys=0.01, real=0.01 secs] 
140.591: [Full GC [PSYoungGen: 11408K->0K(107520K)] [ParOldGen: 242744K->19540K(244736K)] 254152K->19540K(352256K) [PSPermGen: 12607K->12596K(23040K)], 0.0390450 secs] [Times: user=0.17 sys=0.00, real=0.04 secs] 
140.631: Total time for which application threads were stopped: 0.0462070 seconds, Stopping threads took: 0.0000740 seconds
140.659: Application time: 0.0280980 seconds
140.659: [GC [PSYoungGen: 92672K->4160K(107520K)] 112212K->23700K(352256K), 0.0018810 secs] [Times: user=0.01 sys=0.00, real=0.00 secs] 
140.661: Total time for which application threads were stopped: 0.0020660 seconds, Stopping threads took: 0.0000890 seconds
140.703: Application time: 0.0423090 seconds
140.703: [GC [PSYoungGen: 96832K->2560K(107520K)] 116372K->22100K(352256K), 0.0014200 secs] [Times: user=0.01 sys=0.00, real=0.00 secs] 
140.705: Total time for which application threads were stopped: 0.0016120 seconds, Stopping threads took: 0.0000860 seconds
140.736: Application time: 0.0317060 seconds
140.736: [GC [PSYoungGen: 95232K->3168K(107520K)] 114772K->22708K(352256K), 0.0016000 secs] [Times: user=0.01 sys=0.00, real=0.00 secs] 
140.738: Total time for which application threads were stopped: 0.0017750 seconds, Stopping threads took: 0.0000840 seconds
140.770: Application time: 0.0319050 seconds
140.770: [GC [PSYoungGen: 95840K->3936K(107520K)] 115380K->23476K(352256K), 0.0017860 secs] [Times: user=0.01 sys=0.00, real=0.00 secs] 
140.772: Total time for which application threads were stopped: 0.0019750 seconds, Stopping threads took: 0.0001020 seconds
140.797: Application time: 0.0249320 seconds
140.797: [GC [PSYoungGen: 96608K->4016K(107520K)] 116148K->23556K(352256K), 0.0018630 secs] [Times: user=0.01 sys=0.00, real=0.00 secs] 
140.799: Total time for which application threads were stopped: 0.0020280 seconds, Stopping threads took: 0.0000780 seconds
140.817: Application time: 0.0184530 seconds
140.818: [GC [PSYoungGen: 96688K->4592K(107520K)] 116228K->24132K(352256K), 0.0019680 secs] [Times: user=0.02 sys=0.00, real=0.00 secs] 
140.820: Total time for which application threads were stopped: 0.0021620 seconds, Stopping threads took: 0.0000950 seconds
140.852: Application time: 0.0328820 seconds
140.853: [GC [PSYoungGen: 97264K->14816K(107520K)] 116804K->37239K(352256K), 0.0067900 secs] [Times: user=0.05 sys=0.00, real=0.01 secs] 
140.859: Total time for which application threads were stopped: 0.0069640 seconds, Stopping threads took: 0.0000720 seconds
140.893: Application time: 0.0331950 seconds
140.893: [GC [PSYoungGen: 107488K->11888K(107520K)] 129911K->34311K(352256K), 0.0044350 secs] [Times: user=0.04 sys=0.00, real=0.01 secs] 
140.897: Total time for which application threads were stopped: 0.0046310 seconds, Stopping threads took: 0.0000920 seconds
140.936: Application time: 0.0391030 seconds
140.937: [GC [PSYoungGen: 104560K->11712K(107520K)] 126983K->34135K(352256K), 0.0045100 secs] [Times: user=0.03 sys=0.00, real=0.00 secs] 
140.941: Total time for which application threads were stopped: 0.0047110 seconds, Stopping threads took: 0.0000980 seconds
140.978: Application time: 0.0373280 seconds
140.979: [GC [PSYoungGen: 104384K->11632K(107520K)] 126807K->34055K(352256K), 0.0044660 secs] [Times: user=0.03 sys=0.00, real=0.00 secs] 
140.983: Total time for which application threads were stopped: 0.0046430 seconds, Stopping threads took: 0.0000700 seconds
141.010: Application time: 0.0272620 seconds
141.010: [GC [PSYoungGen: 104304K->11888K(107520K)] 126727K->34311K(352256K), 0.0045590 secs] [Times: user=0.03 sys=0.00, real=0.01 secs] 
141.015: Total time for which application threads were stopped: 0.0047610 seconds, Stopping threads took: 0.0001010 seconds
141.047: Application time: 0.0319370 seconds
141.047: [GC [PSYoungGen: 104560K->12080K(107520K)] 126983K->34503K(352256K), 0.0045880 secs] [Times: user=0.03 sys=0.00, real=0.00 secs] 
141.052: Total time for which application threads were stopped: 0.0047820 seconds, Stopping threads took: 0.0000930 seconds
141.071: Application time: 0.0190730 seconds
141.071: [GC [PSYoungGen: 104752K->11792K(107520K)] 127175K->34215K(352256K), 0.0045050 secs] [Times: user=0.03 sys=0.00, real=0.01 secs] 
141.076: Total time for which application threads were stopped: 0.0046980 seconds, Stopping threads took: 0.0000910 seconds
141.100: Application time: 0.0246850 seconds
141.100: [GC [PSYoungGen: 104464K->11856K(107520K)] 126887K->34279K(352256K), 0.0045650 secs] [Times: user=0.03 sys=0.00, real=0.00 secs] 
141.105: Total time for which application threads were stopped: 0.0047570 seconds, Stopping threads took: 0.0000940 seconds
141.144: Application time: 0.0393260 seconds
141.144: [GC [PSYoungGen: 104528K->12688K(107520K)] 126951K->35111K(352256K), 0.0047020 secs] [Times: user=0.03 sys=0.00, real=0.01 secs] 
141.149: Total time for which application threads were stopped: 0.0048650 seconds, Stopping threads took: 0.0000600 seconds
141.182: Application time: 0.0324660 seconds
141.182: [GC [PSYoungGen: 105360K->12304K(107520K)] 127783K->34783K(352256K), 0.0047640 secs] [Times: user=0.04 sys=0.00, real=0.01 secs] 
141.188: Total time for which application threads were stopped: 0.0064990 seconds, Stopping threads took: 0.0001110 seconds
141.229: Application time: 0.0413040 seconds
141.230: [GC [PSYoungGen: 104976K->11888K(107520K)] 127455K->34367K(352256K), 0.0045710 secs] [Times: user=0.03 sys=0.00, real=0.01 secs] 
141.234: Total time for which application threads were stopped: 0.0047850 seconds, Stopping threads took: 0.0000940 seconds
141.262: Application time: 0.0280640 seconds
141.262: [GC [PSYoungGen: 104560K->12048K(107520K)] 127039K->34527K(352256K), 0.0046420 secs] [Times: user=0.03 sys=0.00, real=0.01 secs] 
141.267: Total time for which application threads were stopped: 0.0048570 seconds, Stopping threads took: 0.0001100 seconds
141.301: Application time: 0.0338030 seconds
141.302: [GC [PSYoungGen: 104720K->11920K(107520K)] 127199K->34479K(352256K), 0.0045810 secs] [Times: user=0.03 sys=0.00, real=0.01 secs] 
141.307: Total time for which application threads were stopped: 0.0055860 seconds, Stopping threads took: 0.0009110 seconds
141.329: Application time: 0.0220290 seconds
141.329: [GC [PSYoungGen: 104592K->12032K(107520K)] 127151K->34591K(352256K), 0.0047100 secs] [Times: user=0.03 sys=0.00, real=0.00 secs] 
141.334: Total time for which application threads were stopped: 0.0049070 seconds, Stopping threads took: 0.0001020 seconds
141.354: Application time: 0.0203630 seconds
141.354: [GC [PSYoungGen: 104704K->12160K(107520K)] 127263K->34735K(352256K), 0.0046450 secs] [Times: user=0.03 sys=0.00, real=0.00 secs] 
141.359: Total time for which application threads were stopped: 0.0048180 seconds, Stopping threads took: 0.0000780 seconds
141.395: Application time: 0.0365520 seconds
141.395: [GC [PSYoungGen: 104832K->12944K(107520K)] 127407K->40118K(352256K), 0.0063800 secs] [Times: user=0.05 sys=0.00, real=0.00 secs] 
141.402: Total time for which application threads were stopped: 0.0065800 seconds, Stopping threads took: 0.0000980 seconds
141.433: Application time: 0.0309200 seconds
141.433: [GC [PSYoungGen: 105616K->8176K(107520K)] 132790K->35350K(352256K), 0.0030260 secs] [Times: user=0.02 sys=0.00, real=0.01 secs] 
141.436: Total time for which application threads were stopped: 0.0032130 seconds, Stopping threads took: 0.0000840 seconds
141.476: Application time: 0.0403100 seconds
141.476: [GC [PSYoungGen: 100848K->7792K(107520K)] 128022K->34965K(352256K), 0.0030650 secs] [Times: user=0.02 sys=0.00, real=0.00 secs] 
141.480: Total time for which application threads were stopped: 0.0032700 seconds, Stopping threads took: 0.0001020 seconds
141.514: Application time: 0.0341710 seconds
141.514: [GC [PSYoungGen: 100464K->7856K(107520K)] 127637K->35030K(352256K), 0.0029450 secs] [Times: user=0.02 sys=0.00, real=0.00 secs] 
141.517: Total time for which application threads were stopped: 0.0031550 seconds, Stopping threads took: 0.0000990 seconds
141.547: Application time: 0.0300620 seconds
141.547: [GC [PSYoungGen: 100528K->7856K(107520K)] 127702K->35030K(352256K), 0.0031120 secs] [Times: user=0.02 sys=0.00, real=0.00 secs] 
141.550: Total time for which application threads were stopped: 0.0032980 seconds, Stopping threads took: 0.0000870 seconds
141.578: Application time: 0.0276570 seconds
141.578: [GC [PSYoungGen: 100528K->8112K(107520K)] 127702K->35286K(352256K), 0.0030930 secs] [Times: user=0.02 sys=0.00, real=0.00 secs] 
141.581: Total time for which application threads were stopped: 0.0032910 seconds, Stopping threads took: 0.0001070 seconds
141.600: Application time: 0.0189550 seconds
141.600: [GC [PSYoungGen: 100784K->7840K(107520K)] 127958K->35014K(352256K), 0.0030300 secs] [Times: user=0.02 sys=0.00, real=0.00 secs] 
141.603: Total time for which application threads were stopped: 0.0031980 seconds, Stopping threads took: 0.0000780 seconds
141.634: Application time: 0.0308950 seconds
141.636: [GC [PSYoungGen: 100512K->11728K(107520K)] 127686K->38902K(352256K), 0.0042900 secs] [Times: user=0.03 sys=0.00, real=0.00 secs] 
141.640: Total time for which application threads were stopped: 0.0057850 seconds, Stopping threads took: 0.0013980 seconds
141.675: Application time: 0.0348820 seconds
141.678: [GC [PSYoungGen: 104400K->8176K(107520K)] 131574K->35350K(352256K), 0.0029490 secs] [Times: user=0.02 sys=0.00, real=0.00 secs] 
141.681: Total time for which application threads were stopped: 0.0060040 seconds, Stopping threads took: 0.0029510 seconds
141.718: Application time: 0.0367420 seconds
141.718: [GC [PSYoungGen: 100848K->7696K(107520K)] 128022K->34869K(352256K), 0.0030210 secs] [Times: user=0.02 sys=0.00, real=0.00 secs] 
141.721: Total time for which application threads were stopped: 0.0031890 seconds, Stopping threads took: 0.0000700 seconds
141.760: Application time: 0.0387850 seconds
141.760: [GC [PSYoungGen: 100368K->7744K(107520K)] 127541K->34918K(352256K), 0.0029710 secs] [Times: user=0.02 sys=0.00, real=0.00 secs] 
141.763: Total time for which application threads were stopped: 0.0031950 seconds, Stopping threads took: 0.0001040 seconds
141.789: Application time: 0.0260410 seconds
141.789: [GC [PSYoungGen: 100416K->7680K(107520K)] 127590K->34938K(352256K), 0.0029960 secs] [Times: user=0.02 sys=0.00, real=0.00 secs] 
141.792: Total time for which application threads were stopped: 0.0032110 seconds, Stopping threads took: 0.0001080 seconds
141.826: Application time: 0.0334590 seconds
141.826: [GC [PSYoungGen: 100352K->7824K(107520K)] 127610K->35202K(352256K), 0.0030210 secs] [Times: user=0.02 sys=0.00, real=0.01 secs] 
141.829: Total time for which application threads were stopped: 0.0032200 seconds, Stopping threads took: 0.0001010 seconds
141.849: Application time: 0.0202820 seconds
141.849: [GC [PSYoungGen: 100496K->7776K(107520K)] 127874K->35210K(352256K), 0.0030280 secs] [Times: user=0.02 sys=0.00, real=0.00 secs] 
141.852: Total time for which application threads were stopped: 0.0031970 seconds, Stopping threads took: 0.0000760 seconds
141.875: Application time: 0.0224790 seconds
141.875: [GC [PSYoungGen: 100448K->7968K(107520K)] 127882K->35402K(352256K), 0.0030280 secs] [Times: user=0.02 sys=0.00, real=0.00 secs] 
141.878: Total time for which application threads were stopped: 0.0031940 seconds, Stopping threads took: 0.0000740 seconds
141.917: Application time: 0.0391350 seconds
141.917: [GC [PSYoungGen: 100640K->8736K(107520K)] 128074K->36170K(352256K), 0.0031290 secs] [Times: user=0.03 sys=0.00, real=0.00 secs] 
141.920: Total time for which application threads were stopped: 0.0033130 seconds, Stopping threads took: 0.0000890 seconds
141.951: Application time: 0.0304910 seconds
141.951: [GC [PSYoungGen: 101408K->9312K(107520K)] 128842K->36746K(352256K), 0.0037630 secs] [Times: user=0.02 sys=0.00, real=0.01 secs] 
141.955: Total time for which application threads were stopped: 0.0039460 seconds, Stopping threads took: 0.0000890 seconds
141.996: Application time: 0.0413330 seconds
141.996: [GC [PSYoungGen: 101984K->7792K(107520K)] 129418K->35226K(352256K), 0.0030350 secs] [Times: user=0.02 sys=0.00, real=0.00 secs] 
141.999: Total time for which application threads were stopped: 0.0032250 seconds, Stopping threads took: 0.0001010 seconds
142.031: Application time: 0.0311880 seconds
142.031: [GC [PSYoungGen: 100464K->7776K(107520K)] 127898K->35210K(352256K), 0.0030630 secs] [Times: user=0.02 sys=0.00, real=0.00 secs] 
142.034: Total time for which application threads were stopped: 0.0032660 seconds, Stopping threads took: 0.0001030 seconds
142.066: Application time: 0.0321310 seconds
142.066: [GC [PSYoungGen: 100448K->7664K(107520K)] 127882K->35178K(352256K), 0.0030440 secs] [Times: user=0.02 sys=0.00, real=0.00 secs] 
142.069: Total time for which application threads were stopped: 0.0032100 seconds, Stopping threads took: 0.0000780 seconds
142.094: Application time: 0.0246210 seconds
142.094: [GC [PSYoungGen: 100336K->7808K(107520K)] 127850K->35322K(352256K), 0.0030300 secs] [Times: user=0.02 sys=0.00, real=0.00 secs] 
142.097: Total time for which application threads were stopped: 0.0032260 seconds, Stopping threads took: 0.0001040 seconds
142.116: Application time: 0.0191390 seconds
142.116: [GC [PSYoungGen: 100480K->7872K(107520K)] 127994K->35386K(352256K), 0.0030260 secs] [Times: user=0.02 sys=0.00, real=0.00 secs] 
142.119: Total time for which application threads were stopped: 0.0032200 seconds, Stopping threads took: 0.0001020 seconds
142.152: Application time: 0.0320870 seconds
142.152: [GC [PSYoungGen: 100544K->14816K(107520K)] 128058K->44095K(352256K), 0.0063540 secs] [Times: user=0.05 sys=0.00, real=0.01 secs] 
142.158: Total time for which application threads were stopped: 0.0065520 seconds, Stopping threads took: 0.0000950 seconds
142.193: Application time: 0.0345470 seconds
142.193: [GC [PSYoungGen: 107488K->12144K(107520K)] 136767K->41423K(352256K), 0.0046770 secs] [Times: user=0.03 sys=0.00, real=0.01 secs] 
142.198: Total time for which application threads were stopped: 0.0049250 seconds, Stopping threads took: 0.0001460 seconds
142.236: Application time: 0.0384200 seconds
142.236: [GC [PSYoungGen: 104816K->11632K(107520K)] 134095K->40911K(352256K), 0.0045280 secs] [Times: user=0.04 sys=0.00, real=0.00 secs] 
142.241: Total time for which application threads were stopped: 0.0047260 seconds, Stopping threads took: 0.0000860 seconds
142.278: Application time: 0.0369280 seconds
142.282: [GC [PSYoungGen: 104304K->11840K(107520K)] 133583K->41119K(352256K), 0.0046610 secs] [Times: user=0.03 sys=0.00, real=0.01 secs] 
142.287: Total time for which application threads were stopped: 0.0090230 seconds, Stopping threads took: 0.0042430 seconds
142.315: Application time: 0.0281220 seconds
142.315: [GC [PSYoungGen: 104512K->11744K(107520K)] 133791K->41023K(352256K), 0.0046610 secs] [Times: user=0.03 sys=0.00, real=0.00 secs] 
142.320: Total time for which application threads were stopped: 0.0049120 seconds, Stopping threads took: 0.0001500 seconds
142.350: Application time: 0.0299950 seconds
142.350: [GC [PSYoungGen: 104416K->11856K(107520K)] 133695K->41135K(352256K), 0.0045590 secs] [Times: user=0.03 sys=0.00, real=0.01 secs] 
142.355: Total time for which application threads were stopped: 0.0047740 seconds, Stopping threads took: 0.0001070 seconds
142.374: Application time: 0.0195950 seconds
142.374: [GC [PSYoungGen: 104528K->11632K(107520K)] 133807K->40911K(352256K), 0.0045160 secs] [Times: user=0.03 sys=0.00, real=0.00 secs] 
142.379: Total time for which application threads were stopped: 0.0046980 seconds, Stopping threads took: 0.0000810 seconds
142.404: Application time: 0.0251680 seconds
142.404: [GC [PSYoungGen: 104304K->13600K(107520K)] 133583K->42879K(352256K), 0.0051890 secs] [Times: user=0.04 sys=0.00, real=0.01 secs] 
142.409: Total time for which application threads were stopped: 0.0053720 seconds, Stopping threads took: 0.0000820 seconds
142.448: Application time: 0.0383230 seconds
142.448: [GC [PSYoungGen: 106272K->13408K(107520K)] 135551K->42687K(352256K), 0.0049900 secs] [Times: user=0.03 sys=0.00, real=0.00 secs] 
142.453: Total time for which application threads were stopped: 0.0051780 seconds, Stopping threads took: 0.0000850 seconds
142.487: Application time: 0.0341130 seconds
142.487: [GC [PSYoungGen: 106080K->11728K(107520K)] 135359K->41007K(352256K), 0.0046690 secs] [Times: user=0.04 sys=0.00, real=0.00 secs] 
142.492: Total time for which application threads were stopped: 0.0048650 seconds, Stopping threads took: 0.0000940 seconds
142.532: Application time: 0.0404670 seconds
142.532: [GC [PSYoungGen: 104400K->11552K(107520K)] 133679K->40831K(352256K), 0.0045650 secs] [Times: user=0.03 sys=0.00, real=0.01 secs] 
142.537: Total time for which application threads were stopped: 0.0047730 seconds, Stopping threads took: 0.0001040 seconds
142.564: Application time: 0.0273480 seconds
142.565: [GC [PSYoungGen: 104224K->11584K(107520K)] 133503K->40911K(352256K), 0.0045660 secs] [Times: user=0.03 sys=0.00, real=0.01 secs] 
142.569: Total time for which application threads were stopped: 0.0047400 seconds, Stopping threads took: 0.0000720 seconds
142.602: Application time: 0.0331900 seconds
142.603: [GC [PSYoungGen: 104256K->11664K(107520K)] 133583K->41135K(352256K), 0.0046980 secs] [Times: user=0.03 sys=0.00, real=0.01 secs] 
142.607: Total time for which application threads were stopped: 0.0048920 seconds, Stopping threads took: 0.0000980 seconds
142.630: Application time: 0.0225080 seconds
142.630: [GC [PSYoungGen: 104336K->11600K(107520K)] 133807K->41119K(352256K), 0.0046620 secs] [Times: user=0.04 sys=0.00, real=0.01 secs] 
142.635: Total time for which application threads were stopped: 0.0048480 seconds, Stopping threads took: 0.0000720 seconds
142.655: Application time: 0.0205200 seconds
142.655: [GC [PSYoungGen: 104272K->11760K(107520K)] 133791K->41279K(352256K), 0.0045530 secs] [Times: user=0.03 sys=0.00, real=0.00 secs] 
142.660: Total time for which application threads were stopped: 0.0047200 seconds, Stopping threads took: 0.0000730 seconds
142.696: Application time: 0.0364380 seconds
142.696: [GC [PSYoungGen: 104432K->12848K(107520K)] 133951K->46333K(352256K), 0.0065450 secs] [Times: user=0.05 sys=0.00, real=0.00 secs] 
142.703: Total time for which application threads were stopped: 0.0067430 seconds, Stopping threads took: 0.0000950 seconds
142.735: Application time: 0.0317000 seconds
142.735: [GC [PSYoungGen: 105520K->9680K(107520K)] 139005K->43165K(352256K), 0.0038660 secs] [Times: user=0.03 sys=0.00, real=0.00 secs] 
142.739: Total time for which application threads were stopped: 0.0040680 seconds, Stopping threads took: 0.0000990 seconds
142.780: Application time: 0.0409220 seconds
142.780: [GC [PSYoungGen: 102352K->7456K(107520K)] 135837K->40941K(352256K), 0.0029480 secs] [Times: user=0.02 sys=0.00, real=0.00 secs] 
142.783: Total time for which application threads were stopped: 0.0031360 seconds, Stopping threads took: 0.0001000 seconds
142.817: Application time: 0.0339990 seconds
142.817: [GC [PSYoungGen: 100128K->7552K(107520K)] 133613K->41037K(352256K), 0.0030450 secs] [Times: user=0.02 sys=0.00, real=0.00 secs] 
142.820: Total time for which application threads were stopped: 0.0032680 seconds, Stopping threads took: 0.0001140 seconds
142.850: Application time: 0.0302040 seconds
142.851: [GC [PSYoungGen: 100224K->7696K(107520K)] 133709K->41277K(352256K), 0.0030910 secs] [Times: user=0.02 sys=0.00, real=0.00 secs] 
142.854: Total time for which application threads were stopped: 0.0032670 seconds, Stopping threads took: 0.0000880 seconds
142.880: Application time: 0.0265960 seconds
142.880: [GC [PSYoungGen: 100368K->7872K(107520K)] 133949K->41453K(352256K), 0.0031850 secs] [Times: user=0.02 sys=0.00, real=0.00 secs] 
142.884: Total time for which application threads were stopped: 0.0033550 seconds, Stopping threads took: 0.0000770 seconds
142.902: Application time: 0.0188850 seconds
142.903: [GC [PSYoungGen: 100544K->8032K(107520K)] 134125K->41613K(352256K), 0.0030920 secs] [Times: user=0.02 sys=0.00, real=0.00 secs] 
142.906: Total time for which application threads were stopped: 0.0032680 seconds, Stopping threads took: 0.0000860 seconds
142.936: Application time: 0.0302230 seconds
142.936: [GC [PSYoungGen: 100704K->11920K(107520K)] 134285K->45501K(352256K), 0.0045280 secs] [Times: user=0.04 sys=0.00, real=0.00 secs] 
142.941: Total time for which application threads were stopped: 0.0047210 seconds, Stopping threads took: 0.0000910 seconds
142.977: Application time: 0.0360100 seconds
142.977: [GC [PSYoungGen: 104592K->8448K(107520K)] 138173K->42029K(352256K), 0.0031990 secs] [Times: user=0.02 sys=0.00, real=0.00 secs] 
142.980: Total time for which application threads were stopped: 0.0034050 seconds, Stopping threads took: 0.0001060 seconds
143.017: Application time: 0.0369650 seconds
143.017: [GC [PSYoungGen: 101120K->7536K(107520K)] 134701K->41117K(352256K), 0.0030460 secs] [Times: user=0.01 sys=0.00, real=0.00 secs] 
143.020: Total time for which application threads were stopped: 0.0032230 seconds, Stopping threads took: 0.0000730 seconds
143.059: Application time: 0.0389810 seconds
143.059: [GC [PSYoungGen: 100208K->7712K(107520K)] 133789K->41293K(352256K), 0.0030340 secs] [Times: user=0.02 sys=0.00, real=0.00 secs] 
143.063: Total time for which application threads were stopped: 0.0032170 seconds, Stopping threads took: 0.0000870 seconds
143.089: Application time: 0.0268500 seconds
143.090: [GC [PSYoungGen: 100384K->7776K(107520K)] 133965K->41357K(352256K), 0.0030890 secs] [Times: user=0.02 sys=0.01, real=0.00 secs] 
143.093: Total time for which application threads were stopped: 0.0032750 seconds, Stopping threads took: 0.0000910 seconds
143.125: Application time: 0.0323660 seconds
143.125: [GC [PSYoungGen: 100448K->7856K(107520K)] 134029K->41437K(352256K), 0.0030350 secs] [Times: user=0.02 sys=0.00, real=0.01 secs] 
143.128: Total time for which application threads were stopped: 0.0032350 seconds, Stopping threads took: 0.0001110 seconds
143.150: Application time: 0.0222480 seconds
143.151: [GC [PSYoungGen: 100528K->7936K(107520K)] 134109K->41517K(352256K), 0.0030540 secs] [Times: user=0.02 sys=0.00, real=0.00 secs] 
143.154: Total time for which application threads were stopped: 0.0032210 seconds, Stopping threads took: 0.0000820 seconds
143.176: Application time: 0.0227410 seconds
143.177: [GC [PSYoungGen: 100608K->8512K(107520K)] 134189K->42093K(352256K), 0.0031650 secs] [Times: user=0.02 sys=0.00, real=0.00 secs] 
143.180: Total time for which application threads were stopped: 0.0033600 seconds, Stopping threads took: 0.0000940 seconds
143.219: Application time: 0.0386940 seconds
143.222: [GC [PSYoungGen: 101184K->11088K(107520K)] 134765K->44669K(352256K), 0.0041010 secs] [Times: user=0.03 sys=0.00, real=0.01 secs] 
143.226: Total time for which application threads were stopped: 0.0076120 seconds, Stopping threads took: 0.0034200 seconds
143.259: Application time: 0.0327540 seconds
143.259: [GC [PSYoungGen: 103760K->7952K(107520K)] 137341K->41533K(352256K), 0.0030660 secs] [Times: user=0.02 sys=0.00, real=0.00 secs] 
143.262: Total time for which application threads were stopped: 0.0032680 seconds, Stopping threads took: 0.0001120 seconds
143.303: Application time: 0.0408200 seconds
143.303: [GC [PSYoungGen: 100624K->7856K(107520K)] 134205K->41437K(352256K), 0.0031640 secs] [Times: user=0.02 sys=0.00, real=0.01 secs] 
143.306: Total time for which application threads were stopped: 0.0033630 seconds, Stopping threads took: 0.0001080 seconds
143.336: Application time: 0.0300490 seconds
143.337: [GC [PSYoungGen: 100528K->7968K(107520K)] 134109K->41597K(352256K), 0.0031190 secs] [Times: user=0.02 sys=0.00, real=0.00 secs] 
143.340: Total time for which application threads were stopped: 0.0033000 seconds, Stopping threads took: 0.0000720 seconds
143.372: Application time: 0.0320010 seconds
143.372: [GC [PSYoungGen: 100640K->7680K(107520K)] 134269K->41453K(352256K), 0.0030740 secs] [Times: user=0.02 sys=0.00, real=0.01 secs] 
143.375: Total time for which application threads were stopped: 0.0032500 seconds, Stopping threads took: 0.0000850 seconds
143.400: Application time: 0.0246480 seconds
143.400: [GC [PSYoungGen: 100352K->7616K(107520K)] 134125K->41438K(352256K), 0.0030340 secs] [Times: user=0.02 sys=0.00, real=0.00 secs] 
143.403: Total time for which application threads were stopped: 0.0031870 seconds, Stopping threads took: 0.0000550 seconds
143.422: Application time: 0.0195210 seconds
143.422: [GC [PSYoungGen: 100288K->7744K(107520K)] 134110K->41566K(352256K), 0.0029970 secs] [Times: user=0.02 sys=0.00, real=0.00 secs] 
143.425: Total time for which application threads were stopped: 0.0031810 seconds, Stopping threads took: 0.0000940 seconds
143.457: Application time: 0.0319330 seconds
143.458: [GC [PSYoungGen: 100416K->14832K(107520K)] 134238K->49142K(352256K), 0.0058940 secs] [Times: user=0.04 sys=0.00, real=0.00 secs] 
143.464: Total time for which application threads were stopped: 0.0060750 seconds, Stopping threads took: 0.0000830 seconds
143.498: Application time: 0.0349700 seconds
143.499: [GC [PSYoungGen: 107504K->12176K(107520K)] 141814K->46486K(352256K), 0.0047410 secs] [Times: user=0.03 sys=0.00, real=0.00 secs] 
143.503: Total time for which application threads were stopped: 0.0049170 seconds, Stopping threads took: 0.0000700 seconds
143.542: Application time: 0.0383830 seconds
143.546: [GC [PSYoungGen: 104848K->9888K(107520K)] 139158K->44197K(352256K), 0.0037660 secs] [Times: user=0.03 sys=0.00, real=0.00 secs] 
143.550: Total time for which application threads were stopped: 0.0080560 seconds, Stopping threads took: 0.0041930 seconds
143.587: Application time: 0.0369440 seconds
143.590: [GC [PSYoungGen: 102560K->9888K(107520K)] 136869K->44198K(352256K), 0.0038840 secs] [Times: user=0.02 sys=0.00, real=0.01 secs] 
143.594: Total time for which application threads were stopped: 0.0071560 seconds, Stopping threads took: 0.0031710 seconds
143.622: Application time: 0.0283480 seconds
143.622: [GC [PSYoungGen: 102560K->10096K(107520K)] 136870K->44478K(352256K), 0.0039570 secs] [Times: user=0.03 sys=0.00, real=0.01 secs] 
143.626: Total time for which application threads were stopped: 0.0041480 seconds, Stopping threads took: 0.0000810 seconds
143.657: Application time: 0.0303270 seconds
143.657: [GC [PSYoungGen: 102768K->10160K(107520K)] 137150K->44542K(352256K), 0.0038520 secs] [Times: user=0.03 sys=0.00, real=0.00 secs] 
143.661: Total time for which application threads were stopped: 0.0040610 seconds, Stopping threads took: 0.0000970 seconds
143.681: Application time: 0.0203840 seconds
143.681: [GC [PSYoungGen: 102832K->10224K(107520K)] 137214K->44606K(352256K), 0.0039440 secs] [Times: user=0.03 sys=0.00, real=0.00 secs] 
143.685: Total time for which application threads were stopped: 0.0040950 seconds, Stopping threads took: 0.0000520 seconds
143.710: Application time: 0.0249960 seconds
143.710: [GC [PSYoungGen: 102896K->11792K(107520K)] 137278K->46174K(352256K), 0.0045520 secs] [Times: user=0.03 sys=0.00, real=0.01 secs] 
143.715: Total time for which application threads were stopped: 0.0047420 seconds, Stopping threads took: 0.0000910 seconds
143.754: Application time: 0.0385120 seconds
143.758: [GC [PSYoungGen: 104464K->11600K(107520K)] 138846K->45982K(352256K), 0.0043550 secs] [Times: user=0.03 sys=0.00, real=0.00 secs] 
143.762: Total time for which application threads were stopped: 0.0088040 seconds, Stopping threads took: 0.0043470 seconds
143.796: Application time: 0.0335480 seconds
143.796: [GC [PSYoungGen: 104272K->10256K(107520K)] 138654K->44638K(352256K), 0.0039220 secs] [Times: user=0.02 sys=0.00, real=0.00 secs] 
143.800: Total time for which application threads were stopped: 0.0041280 seconds, Stopping threads took: 0.0001050 seconds
143.841: Application time: 0.0404660 seconds
143.841: [GC [PSYoungGen: 102928K->10288K(107520K)] 137310K->44670K(352256K), 0.0040210 secs] [Times: user=0.03 sys=0.00, real=0.00 secs] 
143.845: Total time for which application threads were stopped: 0.0042380 seconds, Stopping threads took: 0.0000970 seconds
143.874: Application time: 0.0293820 seconds
143.874: [GC [PSYoungGen: 102960K->10080K(107520K)] 137342K->44462K(352256K), 0.0039540 secs] [Times: user=0.02 sys=0.00, real=0.00 secs] 
143.878: Total time for which application threads were stopped: 0.0041570 seconds, Stopping threads took: 0.0001130 seconds
143.913: Application time: 0.0348660 seconds
143.914: [GC [PSYoungGen: 102752K->10224K(107520K)] 137134K->44606K(352256K), 0.0040530 secs] [Times: user=0.02 sys=0.00, real=0.00 secs] 
143.918: Total time for which application threads were stopped: 0.0049190 seconds, Stopping threads took: 0.0007610 seconds
143.944: Application time: 0.0255450 seconds
143.944: [GC [PSYoungGen: 102896K->10208K(107520K)] 137278K->44590K(352256K), 0.0039460 secs] [Times: user=0.02 sys=0.00, real=0.01 secs] 
143.948: Total time for which application threads were stopped: 0.0041460 seconds, Stopping threads took: 0.0000930 seconds
143.972: Application time: 0.0239690 seconds
143.972: [GC [PSYoungGen: 102880K->12336K(107520K)] 137262K->46718K(352256K), 0.0049320 secs] [Times: user=0.04 sys=0.00, real=0.01 secs] 
143.977: Total time for which application threads were stopped: 0.0051360 seconds, Stopping threads took: 0.0000880 seconds
144.014: Application time: 0.0373100 seconds
144.014: [GC [PSYoungGen: 105008K->10432K(107520K)] 139390K->47182K(352256K), 0.0047590 secs] [Times: user=0.02 sys=0.00, real=0.00 secs] 
144.019: Total time for which application threads were stopped: 0.0049430 seconds, Stopping threads took: 0.0000830 seconds
144.052: Application time: 0.0331390 seconds
144.052: [GC [PSYoungGen: 103104K->9824K(107520K)] 139854K->46574K(352256K), 0.0037150 secs] [Times: user=0.02 sys=0.00, real=0.01 secs] 
144.056: Total time for which application threads were stopped: 0.0039010 seconds, Stopping threads took: 0.0000840 seconds
144.096: Application time: 0.0394880 seconds
144.096: [GC [PSYoungGen: 102496K->7856K(107520K)] 139246K->44606K(352256K), 0.0030120 secs] [Times: user=0.02 sys=0.00, real=0.00 secs] 
144.099: Total time for which application threads were stopped: 0.0032060 seconds, Stopping threads took: 0.0000920 seconds
144.131: Application time: 0.0321990 seconds
144.131: [GC [PSYoungGen: 100528K->7936K(107520K)] 137278K->44686K(352256K), 0.0030410 secs] [Times: user=0.02 sys=0.01, real=0.01 secs] 
144.134: Total time for which application threads were stopped: 0.0032130 seconds, Stopping threads took: 0.0000760 seconds
144.165: Application time: 0.0310750 seconds
144.166: [GC [PSYoungGen: 100608K->8096K(107520K)] 137358K->45022K(352256K), 0.0032370 secs] [Times: user=0.02 sys=0.00, real=0.01 secs] 
144.169: Total time for which application threads were stopped: 0.0034370 seconds, Stopping threads took: 0.0001090 seconds
144.193: Application time: 0.0245500 seconds
144.194: [GC [PSYoungGen: 100768K->7744K(107520K)] 137694K->44718K(352256K), 0.0030480 secs] [Times: user=0.02 sys=0.00, real=0.01 secs] 
144.197: Total time for which application threads were stopped: 0.0032130 seconds, Stopping threads took: 0.0000790 seconds
144.219: Application time: 0.0224660 seconds
144.219: [GC [PSYoungGen: 100416K->7776K(107520K)] 137390K->44750K(352256K), 0.0030130 secs] [Times: user=0.02 sys=0.00, real=0.00 secs] 
144.222: Total time for which application threads were stopped: 0.0032060 seconds, Stopping threads took: 0.0001050 seconds
144.253: Application time: 0.0304190 seconds
144.254: [GC [PSYoungGen: 100441K->12320K(107520K)] 137415K->49294K(352256K), 0.0047680 secs] [Times: user=0.04 sys=0.00, real=0.00 secs] 
144.259: Total time for which application threads were stopped: 0.0060790 seconds, Stopping threads took: 0.0012190 seconds
144.293: Application time: 0.0337500 seconds
144.293: [GC [PSYoungGen: 104992K->8512K(107520K)] 141966K->45486K(352256K), 0.0032970 secs] [Times: user=0.02 sys=0.00, real=0.01 secs] 
144.296: Total time for which application threads were stopped: 0.0034810 seconds, Stopping threads took: 0.0000870 seconds
144.333: Application time: 0.0373570 seconds
144.334: [GC [PSYoungGen: 101184K->7680K(107520K)] 138158K->44654K(352256K), 0.0030080 secs] [Times: user=0.02 sys=0.00, real=0.01 secs] 
144.337: Total time for which application threads were stopped: 0.0031990 seconds, Stopping threads took: 0.0001000 seconds
144.373: Application time: 0.0361360 seconds
144.373: [GC [PSYoungGen: 100352K->7696K(107520K)] 137326K->44670K(352256K), 0.0029970 secs] [Times: user=0.02 sys=0.00, real=0.01 secs] 
144.376: Total time for which application threads were stopped: 0.0032010 seconds, Stopping threads took: 0.0000840 seconds
144.407: Application time: 0.0306410 seconds
144.407: [GC [PSYoungGen: 100368K->7664K(107520K)] 137342K->44686K(352256K), 0.0029990 secs] [Times: user=0.02 sys=0.00, real=0.00 secs] 
144.410: Total time for which application threads were stopped: 0.0031970 seconds, Stopping threads took: 0.0000990 seconds
144.438: Application time: 0.0279020 seconds
144.438: [GC [PSYoungGen: 100336K->7872K(107520K)] 137358K->44934K(352256K), 0.0030970 secs] [Times: user=0.01 sys=0.01, real=0.00 secs] 
144.441: Total time for which application threads were stopped: 0.0032910 seconds, Stopping threads took: 0.0000930 seconds
144.463: Application time: 0.0217100 seconds
144.463: [GC [PSYoungGen: 100544K->7824K(107520K)] 137606K->44886K(352256K), 0.0029740 secs] [Times: user=0.02 sys=0.00, real=0.00 secs] 
144.466: Total time for which application threads were stopped: 0.0031570 seconds, Stopping threads took: 0.0000850 seconds
144.491: Application time: 0.0251320 seconds
144.491: [GC [PSYoungGen: 100496K->11296K(107520K)] 137558K->48358K(352256K), 0.0043290 secs] [Times: user=0.03 sys=0.00, real=0.01 secs] 
144.495: Total time for which application threads were stopped: 0.0045140 seconds, Stopping threads took: 0.0000800 seconds
144.531: Application time: 0.0358790 seconds
144.532: [GC [PSYoungGen: 103968K->10352K(107520K)] 141030K->47414K(352256K), 0.0039740 secs] [Times: user=0.02 sys=0.00, real=0.01 secs] 
144.536: Total time for which application threads were stopped: 0.0041870 seconds, Stopping threads took: 0.0001140 seconds
144.571: Application time: 0.0351230 seconds
144.571: [GC [PSYoungGen: 103024K->8096K(107520K)] 140086K->45158K(352256K), 0.0031880 secs] [Times: user=0.01 sys=0.00, real=0.01 secs] 
144.574: Total time for which application threads were stopped: 0.0033680 seconds, Stopping threads took: 0.0000800 seconds
144.613: Application time: 0.0386210 seconds
144.613: [GC [PSYoungGen: 100768K->7744K(107520K)] 137830K->44806K(352256K), 0.0030800 secs] [Times: user=0.02 sys=0.00, real=0.01 secs] 
144.616: Total time for which application threads were stopped: 0.0032880 seconds, Stopping threads took: 0.0001110 seconds
144.647: Application time: 0.0314170 seconds
144.648: [GC [PSYoungGen: 100416K->7728K(107520K)] 137478K->44790K(352256K), 0.0111530 secs] [Times: user=0.08 sys=0.00, real=0.01 secs] 
144.659: Total time for which application threads were stopped: 0.0113280 seconds, Stopping threads took: 0.0000820 seconds
144.689: Application time: 0.0303100 seconds
144.689: [GC [PSYoungGen: 100400K->8080K(107520K)] 137462K->45142K(352256K), 0.0032170 secs] [Times: user=0.02 sys=0.00, real=0.00 secs] 
144.692: Total time for which application threads were stopped: 0.0034220 seconds, Stopping threads took: 0.0001150 seconds
144.716: Application time: 0.0232360 seconds
144.716: [GC [PSYoungGen: 100752K->7968K(107520K)] 137814K->45030K(352256K), 0.0031160 secs] [Times: user=0.02 sys=0.00, real=0.00 secs] 
144.719: Total time for which application threads were stopped: 0.0033150 seconds, Stopping threads took: 0.0001080 seconds
144.742: Application time: 0.0231040 seconds
144.742: [GC [PSYoungGen: 100640K->9552K(107520K)] 137702K->46614K(352256K), 0.0037070 secs] [Times: user=0.02 sys=0.00, real=0.01 secs] 
144.746: Total time for which application threads were stopped: 0.0039010 seconds, Stopping threads took: 0.0000970 seconds
144.776: Application time: 0.0302830 seconds
144.776: [GC [PSYoungGen: 102224K->13792K(107520K)] 139286K->50854K(352256K), 0.0052870 secs] [Times: user=0.04 sys=0.00, real=0.00 secs] 
144.782: Total time for which application threads were stopped: 0.0054590 seconds, Stopping threads took: 0.0000750 seconds
144.817: Application time: 0.0356460 seconds
144.818: [GC [PSYoungGen: 106464K->9744K(107520K)] 143526K->46806K(352256K), 0.0037620 secs] [Times: user=0.02 sys=0.00, real=0.00 secs] 
144.821: Total time for which application threads were stopped: 0.0039560 seconds, Stopping threads took: 0.0001050 seconds
144.860: Application time: 0.0388350 seconds
144.860: [GC [PSYoungGen: 102416K->7840K(107520K)] 139478K->44902K(352256K), 0.0030880 secs] [Times: user=0.02 sys=0.00, real=0.00 secs] 
144.863: Total time for which application threads were stopped: 0.0032740 seconds, Stopping threads took: 0.0000970 seconds
144.898: Application time: 0.0341480 seconds
144.898: [GC [PSYoungGen: 100512K->7840K(107520K)] 137574K->44902K(352256K), 0.0031150 secs] [Times: user=0.02 sys=0.01, real=0.00 secs] 
144.901: Total time for which application threads were stopped: 0.0033220 seconds, Stopping threads took: 0.0000990 seconds
144.931: Application time: 0.0298570 seconds
144.931: [GC [PSYoungGen: 100512K->7776K(107520K)] 137574K->44982K(352256K), 0.0032290 secs] [Times: user=0.02 sys=0.00, real=0.01 secs] 
144.934: Total time for which application threads were stopped: 0.0034250 seconds, Stopping threads took: 0.0001050 seconds
144.960: Application time: 0.0260620 seconds
144.960: [GC [PSYoungGen: 100448K->7632K(107520K)] 137654K->44894K(352256K), 0.0030280 secs] [Times: user=0.02 sys=0.00, real=0.00 secs] 
144.964: Total time for which application threads were stopped: 0.0032110 seconds, Stopping threads took: 0.0000950 seconds
144.986: Application time: 0.0220030 seconds
144.986: [GC [PSYoungGen: 100304K->7904K(107520K)] 137566K->45222K(352256K), 0.0030640 secs] [Times: user=0.02 sys=0.00, real=0.01 secs] 
144.989: Total time for which application threads were stopped: 0.0032440 seconds, Stopping threads took: 0.0000870 seconds
145.018: Application time: 0.0293410 seconds
145.018: [GC [PSYoungGen: 100576K->10240K(107520K)] 137894K->47558K(352256K), 0.0036800 secs] [Times: user=0.03 sys=0.00, real=0.00 secs] 
145.022: Total time for which application threads were stopped: 0.0038730 seconds, Stopping threads took: 0.0000910 seconds
145.055: Application time: 0.0334020 seconds
145.056: [GC [PSYoungGen: 102912K->9696K(107520K)] 140230K->47014K(352256K), 0.0037170 secs] [Times: user=0.02 sys=0.00, real=0.00 secs] 
145.059: Total time for which application threads were stopped: 0.0039210 seconds, Stopping threads took: 0.0000890 seconds
145.096: Application time: 0.0369780 seconds
145.096: [GC [PSYoungGen: 102368K->7952K(107520K)] 139686K->45270K(352256K), 0.0030630 secs] [Times: user=0.02 sys=0.00, real=0.00 secs] 
145.100: Total time for which application threads were stopped: 0.0032670 seconds, Stopping threads took: 0.0001030 seconds
145.137: Application time: 0.0369570 seconds
145.138: [GC [PSYoungGen: 100624K->7488K(107520K)] 137942K->44806K(352256K), 0.0030030 secs] [Times: user=0.02 sys=0.00, real=0.00 secs] 
145.141: Total time for which application threads were stopped: 0.0045350 seconds, Stopping threads took: 0.0014340 seconds
145.171: Application time: 0.0296960 seconds
145.171: [GC [PSYoungGen: 100160K->7600K(107520K)] 137478K->44966K(352256K), 0.0030820 secs] [Times: user=0.02 sys=0.00, real=0.01 secs] 
145.174: Total time for which application threads were stopped: 0.0032430 seconds, Stopping threads took: 0.0000670 seconds
145.204: Application time: 0.0299450 seconds
145.204: [GC [PSYoungGen: 100272K->7680K(107520K)] 137638K->45086K(352256K), 0.0030950 secs] [Times: user=0.02 sys=0.00, real=0.01 secs] 
145.207: Total time for which application threads were stopped: 0.0033110 seconds, Stopping threads took: 0.0001190 seconds
145.230: Application time: 0.0224540 seconds
145.230: [GC [PSYoungGen: 100352K->7952K(107520K)] 137758K->45358K(352256K), 0.0030460 secs] [Times: user=0.01 sys=0.01, real=0.00 secs] 
145.233: Total time for which application threads were stopped: 0.0032360 seconds, Stopping threads took: 0.0000890 seconds
145.257: Application time: 0.0245070 seconds
145.258: [GC [PSYoungGen: 100624K->10144K(107520K)] 138030K->47550K(352256K), 0.0038280 secs] [Times: user=0.03 sys=0.00, real=0.00 secs] 
145.261: Total time for which application threads were stopped: 0.0040130 seconds, Stopping threads took: 0.0000840 seconds
145.295: Application time: 0.0337500 seconds
145.298: [GC [PSYoungGen: 102816K->8976K(107520K)] 140222K->46382K(352256K), 0.0032430 secs] [Times: user=0.02 sys=0.00, real=0.00 secs] 
145.301: Total time for which application threads were stopped: 0.0060430 seconds, Stopping threads took: 0.0027000 seconds
145.335: Application time: 0.0335120 seconds
145.338: [GC [PSYoungGen: 101648K->9680K(107520K)] 139054K->47086K(352256K), 0.0038930 secs] [Times: user=0.03 sys=0.00, real=0.00 secs] 
145.342: Total time for which application threads were stopped: 0.0071830 seconds, Stopping threads took: 0.0031930 seconds
145.382: Application time: 0.0397190 seconds
145.382: [GC [PSYoungGen: 102352K->7728K(107520K)] 139758K->45134K(352256K), 0.0030550 secs] [Times: user=0.01 sys=0.00, real=0.00 secs] 
145.385: Total time for which application threads were stopped: 0.0032490 seconds, Stopping threads took: 0.0001040 seconds
145.417: Application time: 0.0319380 seconds
145.417: [GC [PSYoungGen: 100400K->7712K(107520K)] 137806K->45118K(352256K), 0.0030760 secs] [Times: user=0.02 sys=0.00, real=0.00 secs] 
145.420: Total time for which application threads were stopped: 0.0033040 seconds, Stopping threads took: 0.0001120 seconds
145.451: Application time: 0.0306320 seconds
145.454: [GC [PSYoungGen: 100384K->7824K(107520K)] 137790K->45230K(352256K), 0.0031040 secs] [Times: user=0.02 sys=0.00, real=0.00 secs] 
145.457: Total time for which application threads were stopped: 0.0063090 seconds, Stopping threads took: 0.0031130 seconds
145.481: Application time: 0.0237160 seconds
145.481: [GC [PSYoungGen: 100496K->7888K(107520K)] 137902K->45294K(352256K), 0.0030850 secs] [Times: user=0.02 sys=0.00, real=0.00 secs] 
145.484: Total time for which application threads were stopped: 0.0032890 seconds, Stopping threads took: 0.0001050 seconds
145.507: Application time: 0.0225200 seconds
145.507: [GC [PSYoungGen: 100560K->7968K(107520K)] 137966K->45374K(352256K), 0.0031360 secs] [Times: user=0.02 sys=0.00, real=0.00 secs] 
145.510: Total time for which application threads were stopped: 0.0032870 seconds, Stopping threads took: 0.0000620 seconds
145.542: Application time: 0.0317420 seconds
145.542: [GC [PSYoungGen: 100640K->13200K(107520K)] 138046K->50606K(352256K), 0.0049190 secs] [Times: user=0.03 sys=0.01, real=0.01 secs] 
145.547: Total time for which application threads were stopped: 0.0051240 seconds, Stopping threads took: 0.0001040 seconds
145.580: Application time: 0.0330210 seconds
145.580: [GC [PSYoungGen: 105872K->8112K(107520K)] 143278K->45518K(352256K), 0.0030820 secs] [Times: user=0.02 sys=0.00, real=0.00 secs] 
145.583: Total time for which application threads were stopped: 0.0032750 seconds, Stopping threads took: 0.0000940 seconds
145.621: Application time: 0.0383730 seconds
145.622: [GC [PSYoungGen: 100784K->7744K(107520K)] 138190K->45150K(352256K), 0.0029590 secs] [Times: user=0.02 sys=0.00, real=0.00 secs] 
145.625: Total time for which application threads were stopped: 0.0031640 seconds, Stopping threads took: 0.0001020 seconds
145.660: Application time: 0.0355220 seconds
145.660: [GC [PSYoungGen: 100416K->7920K(107520K)] 137822K->45326K(352256K), 0.0031200 secs] [Times: user=0.02 sys=0.00, real=0.00 secs] 
145.663: Total time for which application threads were stopped: 0.0032980 seconds, Stopping threads took: 0.0000860 seconds
145.694: Application time: 0.0305810 seconds
145.694: [GC [PSYoungGen: 100592K->7840K(107520K)] 137998K->45326K(352256K), 0.0032140 secs] [Times: user=0.02 sys=0.00, real=0.00 secs] 
145.697: Total time for which application threads were stopped: 0.0034080 seconds, Stopping threads took: 0.0001050 seconds
145.725: Application time: 0.0274710 seconds
145.725: [GC [PSYoungGen: 100512K->7840K(107520K)] 137998K->45438K(352256K), 0.0030370 secs] [Times: user=0.03 sys=0.00, real=0.01 secs] 
145.728: Total time for which application threads were stopped: 0.0032290 seconds, Stopping threads took: 0.0001030 seconds
145.750: Application time: 0.0215010 seconds
145.750: [GC [PSYoungGen: 100512K->7616K(107520K)] 138110K->45270K(352256K), 0.0029950 secs] [Times: user=0.01 sys=0.00, real=0.00 secs] 
145.753: Total time for which application threads were stopped: 0.0031720 seconds, Stopping threads took: 0.0000870 seconds
145.779: Application time: 0.0265620 seconds
145.782: [GC [PSYoungGen: 100288K->12480K(107520K)] 137942K->50134K(352256K), 0.0047280 secs] [Times: user=0.03 sys=0.00, real=0.01 secs] 
145.787: Total time for which application threads were stopped: 0.0073300 seconds, Stopping threads took: 0.0025060 seconds
145.822: Application time: 0.0348430 seconds
145.822: [GC [PSYoungGen: 105152K->10288K(107520K)] 142806K->47942K(352256K), 0.0039290 secs] [Times: user=0.03 sys=0.00, real=0.00 secs] 
145.826: Total time for which application threads were stopped: 0.0041070 seconds, Stopping threads took: 0.0000790 seconds
145.862: Application time: 0.0363920 seconds
145.862: [GC [PSYoungGen: 102960K->7744K(107520K)] 140614K->45398K(352256K), 0.0030230 secs] [Times: user=0.02 sys=0.00, real=0.00 secs] 
145.865: Total time for which application threads were stopped: 0.0032070 seconds, Stopping threads took: 0.0000970 seconds
145.904: Application time: 0.0383910 seconds
145.904: [GC [PSYoungGen: 100416K->7712K(107520K)] 138070K->45366K(352256K), 0.0030990 secs] [Times: user=0.02 sys=0.00, real=0.01 secs] 
145.907: Total time for which application threads were stopped: 0.0032760 seconds, Stopping threads took: 0.0000820 seconds
145.936: Application time: 0.0293800 seconds
145.937: [GC [PSYoungGen: 100384K->7616K(107520K)] 138038K->45318K(352256K), 0.0030470 secs] [Times: user=0.02 sys=0.00, real=0.00 secs] 
145.940: Total time for which application threads were stopped: 0.0032560 seconds, Stopping threads took: 0.0001030 seconds
145.971: Application time: 0.0315310 seconds
145.971: [GC [PSYoungGen: 100288K->7664K(107520K)] 137990K->45422K(352256K), 0.0030410 secs] [Times: user=0.02 sys=0.01, real=0.01 secs] 
145.974: Total time for which application threads were stopped: 0.0032390 seconds, Stopping threads took: 0.0001060 seconds
145.996: Application time: 0.0217840 seconds
145.996: [GC [PSYoungGen: 100336K->7904K(107520K)] 138094K->45662K(352256K), 0.0029670 secs] [Times: user=0.02 sys=0.00, real=0.00 secs] 
145.999: Total time for which application threads were stopped: 0.0031180 seconds, Stopping threads took: 0.0000550 seconds
146.023: Application time: 0.0239600 seconds
146.023: [GC [PSYoungGen: 100576K->9008K(107520K)] 138334K->46767K(352256K), 0.0033730 secs] [Times: user=0.02 sys=0.00, real=0.01 secs] 
146.027: Total time for which application threads were stopped: 0.0035670 seconds, Stopping threads took: 0.0000920 seconds
146.060: Application time: 0.0334330 seconds
146.060: [GC [PSYoungGen: 101680K->12128K(107520K)] 139439K->49887K(352256K), 0.0045360 secs] [Times: user=0.03 sys=0.00, real=0.00 secs] 
146.065: Total time for which application threads were stopped: 0.0047160 seconds, Stopping threads took: 0.0000780 seconds
146.098: Application time: 0.0330600 seconds
146.098: [GC [PSYoungGen: 104800K->9120K(107520K)] 142559K->46878K(352256K), 0.0033720 secs] [Times: user=0.03 sys=0.00, real=0.00 secs] 
146.102: Total time for which application threads were stopped: 0.0035520 seconds, Stopping threads took: 0.0000740 seconds
146.142: Application time: 0.0400100 seconds
146.142: [GC [PSYoungGen: 101792K->7728K(107520K)] 139550K->45486K(352256K), 0.0030140 secs] [Times: user=0.02 sys=0.00, real=0.00 secs] 
146.145: Total time for which application threads were stopped: 0.0032040 seconds, Stopping threads took: 0.0000930 seconds
146.178: Application time: 0.0331110 seconds
146.178: [GC [PSYoungGen: 100400K->7680K(107520K)] 138158K->45438K(352256K), 0.0030540 secs] [Times: user=0.02 sys=0.00, real=0.00 secs] 
146.181: Total time for which application threads were stopped: 0.0032670 seconds, Stopping threads took: 0.0001140 seconds
146.212: Application time: 0.0312680 seconds
146.213: [GC [PSYoungGen: 100352K->7776K(107520K)] 138110K->45535K(352256K), 0.0030250 secs] [Times: user=0.02 sys=0.00, real=0.01 secs] 
146.216: Total time for which application threads were stopped: 0.0032370 seconds, Stopping threads took: 0.0001130 seconds
146.241: Application time: 0.0255650 seconds
146.241: [GC [PSYoungGen: 100448K->7840K(107520K)] 138207K->45599K(352256K), 0.0030790 secs] [Times: user=0.02 sys=0.00, real=0.00 secs] 
146.245: Total time for which application threads were stopped: 0.0032660 seconds, Stopping threads took: 0.0000880 seconds
146.266: Application time: 0.0216220 seconds
146.266: [GC [PSYoungGen: 100512K->8160K(107520K)] 138271K->45919K(352256K), 0.0031270 secs] [Times: user=0.02 sys=0.00, real=0.00 secs] 
146.269: Total time for which application threads were stopped: 0.0033170 seconds, Stopping threads took: 0.0000900 seconds
146.302: Application time: 0.0326170 seconds
146.302: [GC [PSYoungGen: 100832K->11264K(107520K)] 138591K->49023K(352256K), 0.0039740 secs] [Times: user=0.03 sys=0.00, real=0.01 secs] 
146.306: Total time for which application threads were stopped: 0.0041550 seconds, Stopping threads took: 0.0000790 seconds
146.338: Application time: 0.0315030 seconds
146.338: [GC [PSYoungGen: 103936K->8336K(107520K)] 141695K->46095K(352256K), 0.0032570 secs] [Times: user=0.02 sys=0.00, real=0.00 secs] 
146.341: Total time for which application threads were stopped: 0.0034380 seconds, Stopping threads took: 0.0000750 seconds
146.379: Application time: 0.0379070 seconds
146.379: [GC [PSYoungGen: 101008K->7968K(107520K)] 138767K->45727K(352256K), 0.0030910 secs] [Times: user=0.02 sys=0.00, real=0.00 secs] 
146.382: Total time for which application threads were stopped: 0.0032880 seconds, Stopping threads took: 0.0000990 seconds
146.418: Application time: 0.0353530 seconds
146.418: [GC [PSYoungGen: 100640K->7856K(107520K)] 138399K->45614K(352256K), 0.0031570 secs] [Times: user=0.01 sys=0.00, real=0.00 secs] 
146.421: Total time for which application threads were stopped: 0.0033600 seconds, Stopping threads took: 0.0001060 seconds
146.452: Application time: 0.0310090 seconds
146.452: [GC [PSYoungGen: 100528K->7808K(107520K)] 138286K->45655K(352256K), 0.0031390 secs] [Times: user=0.02 sys=0.00, real=0.01 secs] 
146.455: Total time for which application threads were stopped: 0.0033380 seconds, Stopping threads took: 0.0000810 seconds
146.484: Application time: 0.0283370 seconds
146.484: [GC [PSYoungGen: 100480K->7744K(107520K)] 138327K->45703K(352256K), 0.0031030 secs] [Times: user=0.02 sys=0.00, real=0.01 secs] 
146.487: Total time for which application threads were stopped: 0.0033050 seconds, Stopping threads took: 0.0001140 seconds
146.509: Application time: 0.0219420 seconds
146.509: [GC [PSYoungGen: 100416K->8032K(107520K)] 138375K->46039K(352256K), 0.0031540 secs] [Times: user=0.01 sys=0.00, real=0.00 secs] 
146.512: Total time for which application threads were stopped: 0.0033240 seconds, Stopping threads took: 0.0000780 seconds
146.538: Application time: 0.0257500 seconds
146.538: [GC [PSYoungGen: 100704K->12336K(107520K)] 138711K->50343K(352256K), 0.0048160 secs] [Times: user=0.04 sys=0.00, real=0.00 secs] 
146.543: Total time for which application threads were stopped: 0.0049860 seconds, Stopping threads took: 0.0000780 seconds
146.576: Application time: 0.0333240 seconds
146.577: [GC [PSYoungGen: 105008K->12208K(107520K)] 143015K->50215K(352256K), 0.0047140 secs] [Times: user=0.04 sys=0.00, real=0.00 secs] 
146.581: Total time for which application threads were stopped: 0.0048900 seconds, Stopping threads took: 0.0000810 seconds
146.616: Application time: 0.0347300 seconds
146.616: [GC [PSYoungGen: 104880K->9632K(107520K)] 142887K->47639K(352256K), 0.0037800 secs] [Times: user=0.03 sys=0.00, real=0.00 secs] 
146.620: Total time for which application threads were stopped: 0.0039840 seconds, Stopping threads took: 0.0000940 seconds
146.660: Application time: 0.0403720 seconds
146.661: [GC [PSYoungGen: 102304K->7696K(107520K)] 140311K->45703K(352256K), 0.0030890 secs] [Times: user=0.02 sys=0.00, real=0.00 secs] 
146.664: Total time for which application threads were stopped: 0.0033350 seconds, Stopping threads took: 0.0001480 seconds
146.695: Application time: 0.0307350 seconds
146.695: [GC [PSYoungGen: 100368K->7648K(107520K)] 138375K->45711K(352256K), 0.0030230 secs] [Times: user=0.02 sys=0.00, real=0.00 secs] 
146.698: Total time for which application threads were stopped: 0.0032270 seconds, Stopping threads took: 0.0001060 seconds
146.729: Application time: 0.0307720 seconds
146.729: [GC [PSYoungGen: 100320K->7792K(107520K)] 138383K->45895K(352256K), 0.0030830 secs] [Times: user=0.01 sys=0.00, real=0.00 secs] 
146.732: Total time for which application threads were stopped: 0.0032670 seconds, Stopping threads took: 0.0000870 seconds
146.754: Application time: 0.0222620 seconds
146.754: [GC [PSYoungGen: 100464K->8128K(107520K)] 138567K->46231K(352256K), 0.0030600 secs] [Times: user=0.02 sys=0.00, real=0.00 secs] 
146.757: Total time for which application threads were stopped: 0.0032430 seconds, Stopping threads took: 0.0000820 seconds
146.780: Application time: 0.0225390 seconds
146.780: [GC [PSYoungGen: 100800K->8288K(107520K)] 138903K->46391K(352256K), 0.0030770 secs] [Times: user=0.02 sys=0.00, real=0.00 secs] 
146.783: Total time for which application threads were stopped: 0.0032800 seconds, Stopping threads took: 0.0001040 seconds
146.819: Application time: 0.0359150 seconds
146.819: [GC [PSYoungGen: 100960K->11312K(107520K)] 139063K->49415K(352256K), 0.0041500 secs] [Times: user=0.03 sys=0.00, real=0.00 secs] 
146.823: Total time for which application threads were stopped: 0.0043350 seconds, Stopping threads took: 0.0000840 seconds
146.854: Application time: 0.0310060 seconds
146.855: [GC [PSYoungGen: 103984K->7856K(107520K)] 142087K->45959K(352256K), 0.0029840 secs] [Times: user=0.02 sys=0.00, real=0.00 secs] 
146.858: Total time for which application threads were stopped: 0.0031680 seconds, Stopping threads took: 0.0000820 seconds
146.897: Application time: 0.0397340 seconds
146.897: [GC [PSYoungGen: 100528K->7840K(107520K)] 138631K->45943K(352256K), 0.0030600 secs] [Times: user=0.02 sys=0.00, real=0.00 secs] 
146.901: Total time for which application threads were stopped: 0.0032690 seconds, Stopping threads took: 0.0001090 seconds
146.933: Application time: 0.0327800 seconds
146.933: [GC [PSYoungGen: 100512K->7680K(107520K)] 138615K->45783K(352256K), 0.0030950 secs] [Times: user=0.02 sys=0.00, real=0.01 secs] 
146.937: Total time for which application threads were stopped: 0.0032610 seconds, Stopping threads took: 0.0000640 seconds
146.943: Application time: 0.0067810 seconds
146.944: Total time for which application threads were stopped: 0.0001230 seconds, Stopping threads took: 0.0000820 seconds
146.967: Application time: 0.0236240 seconds
146.967: [GC [PSYoungGen: 100352K->7712K(107520K)] 138455K->45815K(352256K), 0.0029540 secs] [Times: user=0.02 sys=0.00, real=0.00 secs] 
146.970: Total time for which application threads were stopped: 0.0031520 seconds, Stopping threads took: 0.0000850 seconds
146.999: Application time: 0.0286030 seconds
146.999: [GC [PSYoungGen: 100384K->9616K(107520K)] 138487K->47719K(352256K), 0.0055940 secs] [Times: user=0.04 sys=0.00, real=0.00 secs] 
147.005: Total time for which application threads were stopped: 0.0057650 seconds, Stopping threads took: 0.0000690 seconds
147.029: Application time: 0.0239650 seconds
147.029: [GC [PSYoungGen: 102288K->7840K(107520K)] 140391K->45943K(352256K), 0.0029980 secs] [Times: user=0.02 sys=0.00, real=0.00 secs] 
147.032: Total time for which application threads were stopped: 0.0031620 seconds, Stopping threads took: 0.0000590 seconds
147.066: Application time: 0.0337140 seconds
147.066: [GC [PSYoungGen: 100512K->9168K(107520K)] 138615K->47271K(352256K), 0.0033020 secs] [Times: user=0.02 sys=0.00, real=0.01 secs] 
147.069: Total time for which application threads were stopped: 0.0034770 seconds, Stopping threads took: 0.0000720 seconds
147.101: Application time: 0.0316140 seconds
147.101: [GC [PSYoungGen: 101840K->7952K(107520K)] 139943K->46055K(352256K), 0.0031360 secs] [Times: user=0.02 sys=0.00, real=0.00 secs] 
147.104: Total time for which application threads were stopped: 0.0033160 seconds, Stopping threads took: 0.0000760 seconds
147.137: Application time: 0.0330480 seconds
147.137: [GC [PSYoungGen: 100624K->8272K(107520K)] 138727K->46375K(352256K), 0.0031810 secs] [Times: user=0.02 sys=0.00, real=0.00 secs] 
147.140: Total time for which application threads were stopped: 0.0033680 seconds, Stopping threads took: 0.0000900 seconds
147.179: Application time: 0.0391550 seconds
147.180: [GC [PSYoungGen: 100944K->7696K(107520K)] 139047K->45799K(352256K), 0.0030570 secs] [Times: user=0.02 sys=0.00, real=0.00 secs] 
147.183: Total time for which application threads were stopped: 0.0032220 seconds, Stopping threads took: 0.0000730 seconds
147.214: Application time: 0.0313830 seconds
147.214: [GC [PSYoungGen: 100368K->7760K(107520K)] 138471K->45943K(352256K), 0.0030690 secs] [Times: user=0.02 sys=0.00, real=0.00 secs] 
147.217: Total time for which application threads were stopped: 0.0032480 seconds, Stopping threads took: 0.0000840 seconds
147.234: Application time: 0.0164820 seconds
147.234: Total time for which application threads were stopped: 0.0001450 seconds, Stopping threads took: 0.0001020 seconds
147.249: Application time: 0.0149030 seconds
147.249: [GC [PSYoungGen: 100432K->7632K(107520K)] 138615K->45967K(352256K), 0.0030890 secs] [Times: user=0.02 sys=0.00, real=0.00 secs] 
147.252: Total time for which application threads were stopped: 0.0032290 seconds, Stopping threads took: 0.0000490 seconds
147.273: Application time: 0.0213020 seconds
147.274: [GC [PSYoungGen: 100304K->7600K(107520K)] 138639K->45991K(352256K), 0.0029970 secs] [Times: user=0.02 sys=0.00, real=0.01 secs] 
147.277: Total time for which application threads were stopped: 0.0031750 seconds, Stopping threads took: 0.0000840 seconds
147.315: Application time: 0.0379280 seconds
147.315: [GC [PSYoungGen: 100272K->9568K(107520K)] 138663K->48055K(352256K), 0.0036320 secs] [Times: user=0.02 sys=0.00, real=0.00 secs] 
147.318: Total time for which application threads were stopped: 0.0037840 seconds, Stopping threads took: 0.0000560 seconds
147.353: Application time: 0.0344810 seconds
147.353: [GC [PSYoungGen: 102240K->7296K(107520K)] 140727K->46421K(352256K), 0.0031330 secs] [Times: user=0.02 sys=0.00, real=0.01 secs] 
147.356: Total time for which application threads were stopped: 0.0033000 seconds, Stopping threads took: 0.0000710 seconds
147.363: Application time: 0.0066020 seconds
147.363: Total time for which application threads were stopped: 0.0001100 seconds, Stopping threads took: 0.0000680 seconds
147.370: Application time: 0.0071820 seconds
147.370: Total time for which application threads were stopped: 0.0000900 seconds, Stopping threads took: 0.0000490 seconds
147.407: Application time: 0.0369460 seconds
147.407: [GC [PSYoungGen: 99968K->6672K(107520K)] 139093K->45957K(352256K), 0.0027710 secs] [Times: user=0.02 sys=0.00, real=0.00 secs] 
147.410: Total time for which application threads were stopped: 0.0029020 seconds, Stopping threads took: 0.0000460 seconds
147.415: Application time: 0.0053380 seconds
147.415: Total time for which application threads were stopped: 0.0000950 seconds, Stopping threads took: 0.0000520 seconds
147.449: Application time: 0.0336520 seconds
147.449: Total time for which application threads were stopped: 0.0000880 seconds, Stopping threads took: 0.0000430 seconds
147.465: Application time: 0.0163320 seconds
147.466: [GC [PSYoungGen: 99344K->6512K(107520K)] 138629K->45805K(352256K), 0.0027030 secs] [Times: user=0.02 sys=0.00, real=0.01 secs] 
147.468: Total time for which application threads were stopped: 0.0028320 seconds, Stopping threads took: 0.0000420 seconds
147.477: Application time: 0.0082400 seconds
147.477: Total time for which application threads were stopped: 0.0000910 seconds, Stopping threads took: 0.0000330 seconds
147.545: Application time: 0.0684630 seconds
147.545: Total time for which application threads were stopped: 0.0002000 seconds, Stopping threads took: 0.0000120 seconds
147.566: Application time: 0.0206040 seconds
147.566: Total time for which application threads were stopped: 0.0000470 seconds, Stopping threads took: 0.0000200 seconds
147.566: Application time: 0.0000670 seconds
147.566: Total time for which application threads were stopped: 0.0000590 seconds, Stopping threads took: 0.0000490 seconds
147.566: Application time: 0.0001510 seconds
147.566: Total time for which application threads were stopped: 0.0000620 seconds, Stopping threads took: 0.0000380 seconds
147.566: Application time: 0.0000450 seconds
147.566: Total time for which application threads were stopped: 0.0000420 seconds, Stopping threads took: 0.0000290 seconds
147.566: Application time: 0.0000300 seconds
147.567: Total time for which application threads were stopped: 0.0001010 seconds, Stopping threads took: 0.0000390 seconds
147.572: Application time: 0.0054840 seconds
147.572: Total time for which application threads were stopped: 0.0000750 seconds, Stopping threads took: 0.0000140 seconds
147.582: Application time: 0.0103260 seconds
147.583: [GC [PSYoungGen: 99184K->7984K(107520K)] 138477K->47389K(352256K), 0.0032320 secs] [Times: user=0.03 sys=0.00, real=0.00 secs] 
147.586: Total time for which application threads were stopped: 0.0033840 seconds, Stopping threads took: 0.0000550 seconds
147.599: Application time: 0.0129970 seconds
147.599: Total time for which application threads were stopped: 0.0001600 seconds, Stopping threads took: 0.0000910 seconds
147.602: Application time: 0.0027580 seconds
147.602: Total time for which application threads were stopped: 0.0001090 seconds, Stopping threads took: 0.0000770 seconds
147.603: Application time: 0.0012670 seconds
147.603: Total time for which application threads were stopped: 0.0001010 seconds, Stopping threads took: 0.0000780 seconds
147.603: Application time: 0.0000530 seconds
147.603: Total time for which application threads were stopped: 0.0000670 seconds, Stopping threads took: 0.0000550 seconds
147.604: Application time: 0.0005720 seconds
147.606: Total time for which application threads were stopped: 0.0023490 seconds, Stopping threads took: 0.0020200 seconds
147.621: Application time: 0.0146440 seconds
147.621: [GC [PSYoungGen: 100656K->8192K(107520K)] 140061K->47701K(352256K), 0.0032490 secs] [Times: user=0.02 sys=0.00, real=0.00 secs] 
147.624: Total time for which application threads were stopped: 0.0034400 seconds, Stopping threads took: 0.0000930 seconds
147.649: Application time: 0.0251050 seconds
147.650: [GC [PSYoungGen: 100863K->8224K(107520K)] 140372K->47733K(352256K), 0.0032400 secs] [Times: user=0.02 sys=0.00, real=0.00 secs] 
147.653: Total time for which application threads were stopped: 0.0034680 seconds, Stopping threads took: 0.0001280 seconds
147.690: Application time: 0.0372780 seconds
147.694: [GC [PSYoungGen: 100896K->10944K(107520K)] 140405K->50453K(352256K), 0.0039020 secs] [Times: user=0.03 sys=0.00, real=0.00 secs] 
147.698: Total time for which application threads were stopped: 0.0078140 seconds, Stopping threads took: 0.0038090 seconds
147.736: Application time: 0.0375220 seconds
147.736: Total time for which application threads were stopped: 0.0001500 seconds, Stopping threads took: 0.0001140 seconds
147.736: Application time: 0.0000360 seconds
147.736: Total time for which application threads were stopped: 0.0000450 seconds, Stopping threads took: 0.0000350 seconds
147.738: Application time: 0.0023860 seconds
147.738: Total time for which application threads were stopped: 0.0001000 seconds, Stopping threads took: 0.0000530 seconds
147.738: Application time: 0.0000380 seconds
147.738: Total time for which application threads were stopped: 0.0000590 seconds, Stopping threads took: 0.0000350 seconds
147.746: Application time: 0.0075770 seconds
147.746: Total time for which application threads were stopped: 0.0001480 seconds, Stopping threads took: 0.0000630 seconds
147.749: Application time: 0.0028700 seconds
147.749: Total time for which application threads were stopped: 0.0001350 seconds, Stopping threads took: 0.0000730 seconds
147.750: Application time: 0.0005850 seconds
147.754: [GC [PSYoungGen: 103616K->10864K(107520K)] 143125K->50373K(352256K), 0.0040270 secs] [Times: user=0.03 sys=0.00, real=0.00 secs] 
147.758: Total time for which application threads were stopped: 0.0083510 seconds, Stopping threads took: 0.0042270 seconds
147.770: Application time: 0.0119110 seconds
147.770: Total time for which application threads were stopped: 0.0001220 seconds, Stopping threads took: 0.0000660 seconds
147.770: Application time: 0.0000400 seconds
147.770: Total time for which application threads were stopped: 0.0000820 seconds, Stopping threads took: 0.0000600 seconds
147.778: Application time: 0.0075530 seconds
147.778: Total time for which application threads were stopped: 0.0001530 seconds, Stopping threads took: 0.0000810 seconds
147.794: Application time: 0.0160130 seconds
147.798: Total time for which application threads were stopped: 0.0040900 seconds, Stopping threads took: 0.0040500 seconds
147.806: Application time: 0.0075770 seconds
147.806: [GC [PSYoungGen: 103536K->9008K(107520K)] 143045K->48517K(352256K), 0.0035810 secs] [Times: user=0.03 sys=0.00, real=0.01 secs] 
147.809: Total time for which application threads were stopped: 0.0037580 seconds, Stopping threads took: 0.0000750 seconds
147.855: Application time: 0.0460790 seconds
147.858: [GC [PSYoungGen: 101680K->9408K(107520K)] 141189K->48917K(352256K), 0.0035410 secs] [Times: user=0.02 sys=0.00, real=0.00 secs] 
147.862: Total time for which application threads were stopped: 0.0061300 seconds, Stopping threads took: 0.0024870 seconds
147.896: Application time: 0.0341570 seconds
147.896: [GC [PSYoungGen: 102080K->9552K(107520K)] 141589K->49061K(352256K), 0.0037520 secs] [Times: user=0.02 sys=0.00, real=0.00 secs] 
147.900: Total time for which application threads were stopped: 0.0040090 seconds, Stopping threads took: 0.0001580 seconds
147.930: Application time: 0.0301510 seconds
147.930: [GC [PSYoungGen: 102224K->9696K(107520K)] 141733K->49237K(352256K), 0.0038140 secs] [Times: user=0.02 sys=0.00, real=0.00 secs] 
147.934: Total time for which application threads were stopped: 0.0039880 seconds, Stopping threads took: 0.0000710 seconds
147.958: Application time: 0.0244680 seconds
147.958: [GC [PSYoungGen: 102368K->9584K(107520K)] 141909K->49245K(352256K), 0.0035730 secs] [Times: user=0.02 sys=0.00, real=0.00 secs] 
147.962: Total time for which application threads were stopped: 0.0037330 seconds, Stopping threads took: 0.0000590 seconds
147.989: Application time: 0.0265220 seconds
147.989: [GC [PSYoungGen: 102256K->11664K(107520K)] 141917K->51325K(352256K), 0.0044600 secs] [Times: user=0.03 sys=0.00, real=0.00 secs] 
147.994: Total time for which application threads were stopped: 0.0050370 seconds, Stopping threads took: 0.0004460 seconds
148.031: Application time: 0.0374410 seconds
148.031: [GC [PSYoungGen: 104336K->9888K(107520K)] 143997K->49549K(352256K), 0.0035500 secs] [Times: user=0.02 sys=0.00, real=0.01 secs] 
148.035: Total time for which application threads were stopped: 0.0037290 seconds, Stopping threads took: 0.0000800 seconds
148.072: Application time: 0.0370480 seconds
148.072: [GC [PSYoungGen: 102560K->9376K(107520K)] 142221K->49077K(352256K), 0.0034270 secs] [Times: user=0.02 sys=0.00, real=0.01 secs] 
148.075: Total time for which application threads were stopped: 0.0036030 seconds, Stopping threads took: 0.0000740 seconds
148.114: Application time: 0.0384890 seconds
148.114: [GC [PSYoungGen: 102048K->9088K(107520K)] 141749K->48981K(352256K), 0.0034700 secs] [Times: user=0.03 sys=0.00, real=0.00 secs] 
148.118: Total time for which application threads were stopped: 0.0036420 seconds, Stopping threads took: 0.0000720 seconds
148.149: Application time: 0.0317440 seconds
148.149: [GC [PSYoungGen: 101760K->8960K(107520K)] 141653K->49069K(352256K), 0.0034470 secs] [Times: user=0.02 sys=0.00, real=0.00 secs] 
148.153: Total time for which application threads were stopped: 0.0036280 seconds, Stopping threads took: 0.0000790 seconds
148.185: Application time: 0.0315390 seconds
148.186: [GC [PSYoungGen: 101632K->8128K(107520K)] 141741K->49281K(352256K), 0.0034290 secs] [Times: user=0.02 sys=0.00, real=0.00 secs] 
148.189: Total time for which application threads were stopped: 0.0049600 seconds, Stopping threads took: 0.0014480 seconds
148.214: Application time: 0.0241470 seconds
148.214: [GC [PSYoungGen: 100800K->8016K(107520K)] 141953K->49290K(352256K), 0.0031470 secs] [Times: user=0.02 sys=0.00, real=0.01 secs] 
148.217: Total time for which application threads were stopped: 0.0033270 seconds, Stopping threads took: 0.0000890 seconds
148.242: Application time: 0.0249910 seconds
148.242: [GC [PSYoungGen: 100688K->8000K(107520K)] 141962K->49338K(352256K), 0.0032110 secs] [Times: user=0.02 sys=0.00, real=0.00 secs] 
148.245: Total time for which application threads were stopped: 0.0034100 seconds, Stopping threads took: 0.0001080 seconds
148.276: Application time: 0.0305060 seconds
148.276: [GC [PSYoungGen: 100672K->11120K(107520K)] 142010K->52594K(352256K), 0.0041410 secs] [Times: user=0.03 sys=0.00, real=0.00 secs] 
148.280: Total time for which application threads were stopped: 0.0043200 seconds, Stopping threads took: 0.0000880 seconds
148.316: Application time: 0.0357750 seconds
148.316: [GC [PSYoungGen: 103792K->9984K(107520K)] 145266K->51650K(352256K), 0.0040250 secs] [Times: user=0.03 sys=0.00, real=0.00 secs] 
148.320: Total time for which application threads were stopped: 0.0042640 seconds, Stopping threads took: 0.0000960 seconds
148.359: Application time: 0.0384820 seconds
148.359: [GC [PSYoungGen: 102656K->7648K(107520K)] 144322K->49370K(352256K), 0.0029960 secs] [Times: user=0.02 sys=0.00, real=0.00 secs] 
148.362: Total time for which application threads were stopped: 0.0031610 seconds, Stopping threads took: 0.0000680 seconds
148.398: Application time: 0.0362400 seconds
148.398: [GC [PSYoungGen: 100320K->7664K(107520K)] 142042K->49442K(352256K), 0.0030840 secs] [Times: user=0.02 sys=0.00, real=0.00 secs] 
148.401: Total time for which application threads were stopped: 0.0032810 seconds, Stopping threads took: 0.0001080 seconds
148.436: Application time: 0.0344420 seconds
148.436: [GC [PSYoungGen: 100336K->7968K(107520K)] 142114K->49810K(352256K), 0.0029600 secs] [Times: user=0.02 sys=0.00, real=0.00 secs] 
148.439: Total time for which application threads were stopped: 0.0035450 seconds, Stopping threads took: 0.0004770 seconds
148.471: Application time: 0.0315930 seconds
148.471: [GC [PSYoungGen: 100640K->8016K(107520K)] 142482K->49898K(352256K), 0.0029920 secs] [Times: user=0.02 sys=0.00, real=0.01 secs] 
148.474: Total time for which application threads were stopped: 0.0031930 seconds, Stopping threads took: 0.0000970 seconds
148.501: Application time: 0.0265210 seconds
148.501: [GC [PSYoungGen: 100688K->8496K(107520K)] 142570K->50378K(352256K), 0.0034240 secs] [Times: user=0.02 sys=0.00, real=0.00 secs] 
148.504: Total time for which application threads were stopped: 0.0036860 seconds, Stopping threads took: 0.0000780 seconds
148.536: Application time: 0.0313210 seconds
148.536: [GC [PSYoungGen: 101168K->11488K(107520K)] 143050K->53370K(352256K), 0.0041810 secs] [Times: user=0.03 sys=0.00, real=0.00 secs] 
148.540: Total time for which application threads were stopped: 0.0043980 seconds, Stopping threads took: 0.0001140 seconds
148.572: Application time: 0.0317890 seconds
148.572: [GC [PSYoungGen: 104160K->8352K(107520K)] 146042K->50234K(352256K), 0.0031060 secs] [Times: user=0.02 sys=0.00, real=0.01 secs] 
148.575: Total time for which application threads were stopped: 0.0032880 seconds, Stopping threads took: 0.0000820 seconds
148.614: Application time: 0.0386050 seconds
148.614: [GC [PSYoungGen: 101024K->7968K(107520K)] 142906K->49850K(352256K), 0.0030990 secs] [Times: user=0.02 sys=0.00, real=0.00 secs] 
148.617: Total time for which application threads were stopped: 0.0033200 seconds, Stopping threads took: 0.0001180 seconds
148.654: Application time: 0.0371820 seconds
148.655: [GC [PSYoungGen: 100640K->7776K(107520K)] 142522K->49658K(352256K), 0.0030590 secs] [Times: user=0.02 sys=0.00, real=0.00 secs] 
148.658: Total time for which application threads were stopped: 0.0032710 seconds, Stopping threads took: 0.0001130 seconds
148.689: Application time: 0.0309870 seconds
148.689: [GC [PSYoungGen: 100448K->7888K(107520K)] 142330K->49770K(352256K), 0.0030880 secs] [Times: user=0.02 sys=0.00, real=0.00 secs] 
148.692: Total time for which application threads were stopped: 0.0032560 seconds, Stopping threads took: 0.0000690 seconds
148.721: Application time: 0.0293150 seconds
148.721: [GC [PSYoungGen: 100560K->7728K(107520K)] 142442K->49610K(352256K), 0.0029360 secs] [Times: user=0.02 sys=0.00, real=0.00 secs] 
148.724: Total time for which application threads were stopped: 0.0031140 seconds, Stopping threads took: 0.0000790 seconds
148.750: Application time: 0.0262030 seconds
148.751: [GC [PSYoungGen: 100400K->8064K(107520K)] 142282K->49946K(352256K), 0.0031910 secs] [Times: user=0.02 sys=0.00, real=0.00 secs] 
148.754: Total time for which application threads were stopped: 0.0033840 seconds, Stopping threads took: 0.0000960 seconds
148.778: Application time: 0.0238610 seconds
148.778: [GC [PSYoungGen: 100736K->8384K(107520K)] 142618K->50266K(352256K), 0.0031750 secs] [Times: user=0.02 sys=0.00, real=0.00 secs] 
148.781: Total time for which application threads were stopped: 0.0033300 seconds, Stopping threads took: 0.0000690 seconds
148.811: Application time: 0.0299240 seconds
148.811: [GC [PSYoungGen: 101056K->14832K(107520K)] 142938K->57311K(352256K), 0.0060130 secs] [Times: user=0.04 sys=0.00, real=0.01 secs] 
148.817: Total time for which application threads were stopped: 0.0062030 seconds, Stopping threads took: 0.0000850 seconds
148.853: Application time: 0.0361640 seconds
148.858: [GC [PSYoungGen: 107504K->11024K(107520K)] 149983K->53503K(352256K), 0.0041490 secs] [Times: user=0.03 sys=0.00, real=0.00 secs] 
148.862: Total time for which application threads were stopped: 0.0088360 seconds, Stopping threads took: 0.0045820 seconds
148.901: Application time: 0.0383650 seconds
148.901: [GC [PSYoungGen: 103696K->9968K(107520K)] 146175K->52447K(352256K), 0.0039310 secs] [Times: user=0.03 sys=0.00, real=0.00 secs] 
148.905: Total time for which application threads were stopped: 0.0041540 seconds, Stopping threads took: 0.0001130 seconds
148.940: Application time: 0.0353390 seconds
148.940: [GC [PSYoungGen: 102640K->10112K(107520K)] 145119K->52631K(352256K), 0.0039490 secs] [Times: user=0.03 sys=0.00, real=0.00 secs] 
148.944: Total time for which application threads were stopped: 0.0041660 seconds, Stopping threads took: 0.0001180 seconds
148.974: Application time: 0.0297680 seconds
148.974: [GC [PSYoungGen: 102784K->9808K(107520K)] 145303K->52468K(352256K), 0.0039700 secs] [Times: user=0.02 sys=0.00, real=0.00 secs] 
148.978: Total time for which application threads were stopped: 0.0041180 seconds, Stopping threads took: 0.0000510 seconds
149.003: Application time: 0.0251830 seconds
149.004: [GC [PSYoungGen: 102480K->9904K(107520K)] 145140K->52656K(352256K), 0.0040160 secs] [Times: user=0.03 sys=0.00, real=0.01 secs] 
149.008: Total time for which application threads were stopped: 0.0049680 seconds, Stopping threads took: 0.0008260 seconds
149.031: Application time: 0.0228310 seconds
149.031: [GC [PSYoungGen: 102576K->11776K(107520K)] 145328K->54568K(352256K), 0.0046550 secs] [Times: user=0.03 sys=0.00, real=0.01 secs] 
149.036: Total time for which application threads were stopped: 0.0048510 seconds, Stopping threads took: 0.0000980 seconds
149.065: Application time: 0.0288000 seconds
149.065: [GC [PSYoungGen: 104448K->10528K(107520K)] 147240K->53320K(352256K), 0.0039440 secs] [Times: user=0.03 sys=0.00, real=0.01 secs] 
149.069: Total time for which application threads were stopped: 0.0041440 seconds, Stopping threads took: 0.0001020 seconds
149.104: Application time: 0.0350850 seconds
149.104: [GC [PSYoungGen: 103200K->13824K(107520K)] 145992K->56616K(352256K), 0.0053310 secs] [Times: user=0.04 sys=0.00, real=0.01 secs] 
149.110: Total time for which application threads were stopped: 0.0055080 seconds, Stopping threads took: 0.0000730 seconds
149.147: Application time: 0.0378200 seconds
149.147: [GC [PSYoungGen: 106496K->9712K(107520K)] 149288K->52504K(352256K), 0.0038980 secs] [Times: user=0.03 sys=0.00, real=0.00 secs] 
149.151: Total time for which application threads were stopped: 0.0040760 seconds, Stopping threads took: 0.0000830 seconds
149.190: Application time: 0.0381540 seconds
149.190: [GC [PSYoungGen: 102384K->9872K(107520K)] 145176K->52664K(352256K), 0.0042000 secs] [Times: user=0.03 sys=0.00, real=0.01 secs] 
149.194: Total time for which application threads were stopped: 0.0046620 seconds, Stopping threads took: 0.0003670 seconds
149.224: Application time: 0.0297090 seconds
149.224: [GC [PSYoungGen: 102544K->10144K(107520K)] 145336K->52936K(352256K), 0.0039980 secs] [Times: user=0.02 sys=0.00, real=0.01 secs] 
149.228: Total time for which application threads were stopped: 0.0041550 seconds, Stopping threads took: 0.0000680 seconds
149.256: Application time: 0.0283500 seconds
149.257: [GC [PSYoungGen: 102816K->9840K(107520K)] 145608K->52632K(352256K), 0.0038910 secs] [Times: user=0.03 sys=0.00, real=0.00 secs] 
149.261: Total time for which application threads were stopped: 0.0040740 seconds, Stopping threads took: 0.0000820 seconds
149.284: Application time: 0.0236870 seconds
149.284: [GC [PSYoungGen: 102512K->10304K(107520K)] 145304K->53096K(352256K), 0.0040420 secs] [Times: user=0.02 sys=0.01, real=0.01 secs] 
149.288: Total time for which application threads were stopped: 0.0041930 seconds, Stopping threads took: 0.0000600 seconds
149.314: Application time: 0.0255170 seconds
149.314: [GC [PSYoungGen: 102976K->12272K(107520K)] 145768K->55064K(352256K), 0.0046190 secs] [Times: user=0.03 sys=0.00, real=0.00 secs] 
149.319: Total time for which application threads were stopped: 0.0048250 seconds, Stopping threads took: 0.0001030 seconds
149.353: Application time: 0.0340290 seconds
149.353: [GC [PSYoungGen: 104944K->8416K(107520K)] 147736K->53518K(352256K), 0.0039390 secs] [Times: user=0.03 sys=0.00, real=0.01 secs] 
149.357: Total time for which application threads were stopped: 0.0041400 seconds, Stopping threads took: 0.0000980 seconds
149.392: Application time: 0.0352710 seconds
149.392: [GC [PSYoungGen: 101088K->7936K(107520K)] 146190K->53038K(352256K), 0.0030330 secs] [Times: user=0.02 sys=0.00, real=0.01 secs] 
149.395: Total time for which application threads were stopped: 0.0032230 seconds, Stopping threads took: 0.0000900 seconds
149.433: Application time: 0.0374430 seconds
149.433: [GC [PSYoungGen: 100608K->8000K(107520K)] 145710K->53102K(352256K), 0.0031180 secs] [Times: user=0.02 sys=0.00, real=0.01 secs] 
149.436: Total time for which application threads were stopped: 0.0033120 seconds, Stopping threads took: 0.0000950 seconds
149.469: Application time: 0.0328050 seconds
149.469: [GC [PSYoungGen: 100672K->7760K(107520K)] 145774K->52862K(352256K), 0.0031240 secs] [Times: user=0.02 sys=0.00, real=0.00 secs] 
149.472: Total time for which application threads were stopped: 0.0033020 seconds, Stopping threads took: 0.0000790 seconds
149.501: Application time: 0.0285680 seconds
149.501: [GC [PSYoungGen: 100432K->7904K(107520K)] 145534K->53006K(352256K), 0.0031990 secs] [Times: user=0.02 sys=0.00, real=0.00 secs] 
149.504: Total time for which application threads were stopped: 0.0033870 seconds, Stopping threads took: 0.0000890 seconds
149.531: Application time: 0.0263610 seconds
149.531: [GC [PSYoungGen: 100576K->7840K(107520K)] 145678K->52942K(352256K), 0.0030520 secs] [Times: user=0.03 sys=0.00, real=0.00 secs] 
149.534: Total time for which application threads were stopped: 0.0032550 seconds, Stopping threads took: 0.0000850 seconds
149.556: Application time: 0.0224550 seconds
149.556: [GC [PSYoungGen: 100512K->8480K(107520K)] 145614K->53582K(352256K), 0.0032110 secs] [Times: user=0.03 sys=0.00, real=0.00 secs] 
149.560: Total time for which application threads were stopped: 0.0033830 seconds, Stopping threads took: 0.0000810 seconds
149.589: Application time: 0.0291990 seconds
149.589: [GC [PSYoungGen: 101152K->13792K(107520K)] 146254K->58894K(352256K), 0.0052440 secs] [Times: user=0.03 sys=0.00, real=0.01 secs] 
149.594: Total time for which application threads were stopped: 0.0054440 seconds, Stopping threads took: 0.0000970 seconds
149.631: Application time: 0.0362280 seconds
149.631: [GC [PSYoungGen: 106464K->9024K(107520K)] 151566K->54126K(352256K), 0.0033160 secs] [Times: user=0.03 sys=0.00, real=0.01 secs] 
149.634: Total time for which application threads were stopped: 0.0034920 seconds, Stopping threads took: 0.0000770 seconds
149.672: Application time: 0.0377510 seconds
149.672: [GC [PSYoungGen: 101696K->7712K(107520K)] 146798K->52814K(352256K), 0.0029780 secs] [Times: user=0.02 sys=0.00, real=0.01 secs] 
149.675: Total time for which application threads were stopped: 0.0031850 seconds, Stopping threads took: 0.0001060 seconds
149.711: Application time: 0.0360220 seconds
149.711: [GC [PSYoungGen: 100384K->7648K(107520K)] 145486K->52798K(352256K), 0.0030010 secs] [Times: user=0.02 sys=0.00, real=0.01 secs] 
149.714: Total time for which application threads were stopped: 0.0031840 seconds, Stopping threads took: 0.0000870 seconds
149.746: Application time: 0.0313170 seconds
149.746: [GC [PSYoungGen: 100320K->7696K(107520K)] 145470K->52998K(352256K), 0.0033490 secs] [Times: user=0.02 sys=0.00, real=0.01 secs] 
149.749: Total time for which application threads were stopped: 0.0035270 seconds, Stopping threads took: 0.0000750 seconds
149.777: Application time: 0.0277500 seconds
149.778: [GC [PSYoungGen: 100368K->7760K(107520K)] 145670K->53182K(352256K), 0.0029900 secs] [Times: user=0.02 sys=0.00, real=0.00 secs] 
149.781: Total time for which application threads were stopped: 0.0041670 seconds, Stopping threads took: 0.0010730 seconds
149.803: Application time: 0.0220290 seconds
149.803: [GC [PSYoungGen: 100432K->9520K(107520K)] 145854K->54942K(352256K), 0.0037970 secs] [Times: user=0.03 sys=0.00, real=0.01 secs] 
149.807: Total time for which application threads were stopped: 0.0039880 seconds, Stopping threads took: 0.0001000 seconds
149.841: Application time: 0.0335280 seconds
149.841: [GC [PSYoungGen: 102192K->13040K(107520K)] 147614K->58462K(352256K), 0.0049540 secs] [Times: user=0.04 sys=0.00, real=0.00 secs] 
149.846: Total time for which application threads were stopped: 0.0051460 seconds, Stopping threads took: 0.0000900 seconds
149.875: Application time: 0.0297430 seconds
149.876: [GC [PSYoungGen: 105712K->8256K(107520K)] 151134K->53686K(352256K), 0.0031550 secs] [Times: user=0.02 sys=0.00, real=0.00 secs] 
149.879: Total time for which application threads were stopped: 0.0033520 seconds, Stopping threads took: 0.0001050 seconds
149.918: Application time: 0.0391840 seconds
149.919: [GC [PSYoungGen: 100928K->8208K(107520K)] 146358K->53638K(352256K), 0.0031890 secs] [Times: user=0.02 sys=0.00, real=0.00 secs] 
149.922: Total time for which application threads were stopped: 0.0039070 seconds, Stopping threads took: 0.0006120 seconds
149.959: Application time: 0.0372150 seconds
149.959: [GC [PSYoungGen: 100880K->7744K(107520K)] 146310K->53174K(352256K), 0.0030990 secs] [Times: user=0.02 sys=0.00, real=0.00 secs] 
149.962: Total time for which application threads were stopped: 0.0032940 seconds, Stopping threads took: 0.0000900 seconds
149.992: Application time: 0.0294140 seconds
149.992: [GC [PSYoungGen: 100416K->7776K(107520K)] 145846K->53206K(352256K), 0.0030860 secs] [Times: user=0.02 sys=0.00, real=0.01 secs] 
149.995: Total time for which application threads were stopped: 0.0032960 seconds, Stopping threads took: 0.0001200 seconds
150.025: Application time: 0.0300420 seconds
150.025: [GC [PSYoungGen: 100448K->7936K(107520K)] 145878K->53366K(352256K), 0.0030700 secs] [Times: user=0.02 sys=0.00, real=0.01 secs] 
150.028: Total time for which application threads were stopped: 0.0032650 seconds, Stopping threads took: 0.0000950 seconds
150.051: Application time: 0.0230180 seconds
150.052: [GC [PSYoungGen: 100608K->9440K(107520K)] 146038K->54870K(352256K), 0.0036010 secs] [Times: user=0.02 sys=0.00, real=0.01 secs] 
150.055: Total time for which application threads were stopped: 0.0038230 seconds, Stopping threads took: 0.0001100 seconds
150.082: Application time: 0.0265520 seconds
150.082: [GC [PSYoungGen: 102112K->7600K(107520K)] 147542K->53030K(352256K), 0.0028930 secs] [Times: user=0.02 sys=0.00, real=0.00 secs] 
150.085: Total time for which application threads were stopped: 0.0031020 seconds, Stopping threads took: 0.0001180 seconds
150.117: Application time: 0.0324380 seconds
150.122: [GC [PSYoungGen: 100272K->10352K(107520K)] 145702K->55782K(352256K), 0.0039370 secs] [Times: user=0.02 sys=0.00, real=0.01 secs] 
150.126: Total time for which application threads were stopped: 0.0085590 seconds, Stopping threads took: 0.0045230 seconds
150.160: Application time: 0.0339080 seconds
150.160: [GC [PSYoungGen: 103024K->10112K(107520K)] 148454K->55542K(352256K), 0.0039830 secs] [Times: user=0.02 sys=0.00, real=0.00 secs] 
150.164: Total time for which application threads were stopped: 0.0041700 seconds, Stopping threads took: 0.0000890 seconds
150.202: Application time: 0.0375510 seconds
150.202: [GC [PSYoungGen: 102784K->7872K(107520K)] 148214K->53302K(352256K), 0.0030520 secs] [Times: user=0.02 sys=0.00, real=0.00 secs] 
150.205: Total time for which application threads were stopped: 0.0032260 seconds, Stopping threads took: 0.0000800 seconds
150.238: Application time: 0.0332700 seconds
150.238: [GC [PSYoungGen: 100544K->7856K(107520K)] 145974K->53286K(352256K), 0.0031480 secs] [Times: user=0.02 sys=0.00, real=0.00 secs] 
150.241: Total time for which application threads were stopped: 0.0033370 seconds, Stopping threads took: 0.0001000 seconds
150.272: Application time: 0.0302750 seconds
150.272: [GC [PSYoungGen: 100528K->7872K(107520K)] 145958K->53302K(352256K), 0.0030890 secs] [Times: user=0.02 sys=0.00, real=0.01 secs] 
150.275: Total time for which application threads were stopped: 0.0032880 seconds, Stopping threads took: 0.0001080 seconds
150.301: Application time: 0.0262520 seconds
150.301: [GC [PSYoungGen: 100544K->7696K(107520K)] 145974K->53126K(352256K), 0.0030120 secs] [Times: user=0.02 sys=0.00, real=0.00 secs] 
150.304: Total time for which application threads were stopped: 0.0031920 seconds, Stopping threads took: 0.0000800 seconds
150.327: Application time: 0.0222240 seconds
150.327: [GC [PSYoungGen: 100368K->8480K(107520K)] 145798K->53910K(352256K), 0.0032630 secs] [Times: user=0.02 sys=0.00, real=0.00 secs] 
150.330: Total time for which application threads were stopped: 0.0034330 seconds, Stopping threads took: 0.0000810 seconds
150.362: Application time: 0.0318080 seconds
150.362: [GC [PSYoungGen: 101152K->13968K(107520K)] 146582K->59398K(352256K), 0.0053600 secs] [Times: user=0.04 sys=0.00, real=0.01 secs] 
150.367: Total time for which application threads were stopped: 0.0055550 seconds, Stopping threads took: 0.0000930 seconds
150.399: Application time: 0.0319700 seconds
150.400: [GC [PSYoungGen: 106640K->10400K(107520K)] 152070K->55830K(352256K), 0.0038780 secs] [Times: user=0.02 sys=0.00, real=0.00 secs] 
150.404: Total time for which application threads were stopped: 0.0040990 seconds, Stopping threads took: 0.0001180 seconds
150.442: Application time: 0.0388930 seconds
150.443: [GC [PSYoungGen: 103072K->7968K(107520K)] 148502K->53398K(352256K), 0.0030310 secs] [Times: user=0.02 sys=0.00, real=0.00 secs] 
150.446: Total time for which application threads were stopped: 0.0032120 seconds, Stopping threads took: 0.0000800 seconds
150.482: Application time: 0.0367010 seconds
150.483: [GC [PSYoungGen: 100640K->8080K(107520K)] 146070K->53550K(352256K), 0.0031870 secs] [Times: user=0.02 sys=0.00, real=0.00 secs] 
150.486: Total time for which application threads were stopped: 0.0033810 seconds, Stopping threads took: 0.0000900 seconds
150.515: Application time: 0.0290470 seconds
150.515: [GC [PSYoungGen: 100752K->7744K(107520K)] 146222K->53366K(352256K), 0.0031890 secs] [Times: user=0.02 sys=0.00, real=0.00 secs] 
150.518: Total time for which application threads were stopped: 0.0033870 seconds, Stopping threads took: 0.0001070 seconds
150.547: Application time: 0.0285110 seconds
150.547: [GC [PSYoungGen: 100416K->8080K(107520K)] 146038K->53758K(352256K), 0.0031000 secs] [Times: user=0.02 sys=0.00, real=0.00 secs] 
150.550: Total time for which application threads were stopped: 0.0032630 seconds, Stopping threads took: 0.0000760 seconds
150.573: Application time: 0.0227930 seconds
150.573: [GC [PSYoungGen: 100752K->9984K(107520K)] 146430K->55758K(352256K), 0.0038950 secs] [Times: user=0.03 sys=0.00, real=0.01 secs] 
150.577: Total time for which application threads were stopped: 0.0040930 seconds, Stopping threads took: 0.0000880 seconds
150.604: Application time: 0.0271060 seconds
150.604: [GC [PSYoungGen: 102656K->7792K(107520K)] 148430K->53566K(352256K), 0.0029830 secs] [Times: user=0.02 sys=0.00, real=0.01 secs] 
150.607: Total time for which application threads were stopped: 0.0031570 seconds, Stopping threads took: 0.0000790 seconds
150.640: Application time: 0.0332920 seconds
150.641: [GC [PSYoungGen: 100464K->11760K(107520K)] 146238K->57542K(352256K), 0.0045010 secs] [Times: user=0.04 sys=0.00, real=0.00 secs] 
150.645: Total time for which application threads were stopped: 0.0046710 seconds, Stopping threads took: 0.0000690 seconds
150.682: Application time: 0.0366200 seconds
150.682: [GC [PSYoungGen: 104432K->8128K(107520K)] 150214K->53910K(352256K), 0.0031450 secs] [Times: user=0.02 sys=0.00, real=0.00 secs] 
150.685: Total time for which application threads were stopped: 0.0033750 seconds, Stopping threads took: 0.0001240 seconds
150.724: Application time: 0.0385550 seconds
150.724: [GC [PSYoungGen: 100800K->7536K(107520K)] 146582K->53318K(352256K), 0.0030470 secs] [Times: user=0.02 sys=0.00, real=0.01 secs] 
150.727: Total time for which application threads were stopped: 0.0032730 seconds, Stopping threads took: 0.0001290 seconds
150.758: Application time: 0.0306070 seconds
150.758: [GC [PSYoungGen: 100208K->7808K(107520K)] 145990K->53590K(352256K), 0.0030340 secs] [Times: user=0.02 sys=0.00, real=0.00 secs] 
150.761: Total time for which application threads were stopped: 0.0032430 seconds, Stopping threads took: 0.0001130 seconds
150.791: Application time: 0.0299660 seconds
150.791: [GC [PSYoungGen: 100480K->7936K(107520K)] 146262K->53718K(352256K), 0.0030980 secs] [Times: user=0.03 sys=0.00, real=0.01 secs] 
150.794: Total time for which application threads were stopped: 0.0032890 seconds, Stopping threads took: 0.0000980 seconds
150.818: Application time: 0.0243060 seconds
150.818: [GC [PSYoungGen: 100608K->9616K(107520K)] 146390K->55398K(352256K), 0.0038040 secs] [Times: user=0.02 sys=0.00, real=0.00 secs] 
150.822: Total time for which application threads were stopped: 0.0039800 seconds, Stopping threads took: 0.0000750 seconds
150.848: Application time: 0.0257230 seconds
150.848: [GC [PSYoungGen: 102288K->8848K(107520K)] 148070K->54630K(352256K), 0.0032990 secs] [Times: user=0.02 sys=0.00, real=0.00 secs] 
150.852: Total time for which application threads were stopped: 0.0034670 seconds, Stopping threads took: 0.0000780 seconds
150.883: Application time: 0.0318030 seconds
150.883: [GC [PSYoungGen: 101520K->8960K(107520K)] 147302K->54742K(352256K), 0.0032910 secs] [Times: user=0.02 sys=0.00, real=0.01 secs] 
150.887: Total time for which application threads were stopped: 0.0034550 seconds, Stopping threads took: 0.0000670 seconds
150.921: Application time: 0.0339560 seconds
150.921: [GC [PSYoungGen: 101632K->9568K(107520K)] 147414K->55350K(352256K), 0.0035430 secs] [Times: user=0.03 sys=0.00, real=0.00 secs] 
150.924: Total time for which application threads were stopped: 0.0037320 seconds, Stopping threads took: 0.0000900 seconds
150.961: Application time: 0.0363000 seconds
150.961: [GC [PSYoungGen: 102240K->7552K(107520K)] 148022K->53334K(352256K), 0.0030560 secs] [Times: user=0.02 sys=0.00, real=0.00 secs] 
150.964: Total time for which application threads were stopped: 0.0032510 seconds, Stopping threads took: 0.0001000 seconds
151.000: Application time: 0.0356830 seconds
151.000: [GC [PSYoungGen: 100224K->7808K(107520K)] 146006K->53590K(352256K), 0.0052610 secs] [Times: user=0.04 sys=0.00, real=0.00 secs] 
151.005: Total time for which application threads were stopped: 0.0054340 seconds, Stopping threads took: 0.0000800 seconds
151.034: Application time: 0.0288570 seconds
151.034: [GC [PSYoungGen: 100480K->7952K(107520K)] 146262K->53734K(352256K), 0.0031330 secs] [Times: user=0.02 sys=0.00, real=0.00 secs] 
151.037: Total time for which application threads were stopped: 0.0033000 seconds, Stopping threads took: 0.0000730 seconds
151.066: Application time: 0.0284490 seconds
151.066: [GC [PSYoungGen: 100624K->7696K(107520K)] 146406K->53478K(352256K), 0.0029430 secs] [Times: user=0.02 sys=0.00, real=0.00 secs] 
151.069: Total time for which application threads were stopped: 0.0031420 seconds, Stopping threads took: 0.0000870 seconds
151.092: Application time: 0.0228860 seconds
151.092: [GC [PSYoungGen: 100368K->8432K(107520K)] 146150K->54214K(352256K), 0.0031290 secs] [Times: user=0.02 sys=0.00, real=0.01 secs] 
151.095: Total time for which application threads were stopped: 0.0033560 seconds, Stopping threads took: 0.0001050 seconds
151.122: Application time: 0.0272170 seconds
151.123: [GC [PSYoungGen: 101104K->13824K(107520K)] 146886K->59606K(352256K), 0.0054150 secs] [Times: user=0.04 sys=0.00, real=0.01 secs] 
151.128: Total time for which application threads were stopped: 0.0056180 seconds, Stopping threads took: 0.0000990 seconds
151.162: Application time: 0.0339290 seconds
151.162: [GC [PSYoungGen: 106496K->10192K(107520K)] 152278K->55974K(352256K), 0.0038420 secs] [Times: user=0.03 sys=0.00, real=0.01 secs] 
151.166: Total time for which application threads were stopped: 0.0040160 seconds, Stopping threads took: 0.0000710 seconds
151.204: Application time: 0.0379130 seconds
151.204: [GC [PSYoungGen: 102864K->8176K(107520K)] 148646K->53958K(352256K), 0.0030610 secs] [Times: user=0.02 sys=0.00, real=0.01 secs] 
151.207: Total time for which application threads were stopped: 0.0032450 seconds, Stopping threads took: 0.0000810 seconds
151.244: Application time: 0.0368600 seconds
151.244: [GC [PSYoungGen: 100848K->7872K(107520K)] 146630K->53710K(352256K), 0.0032410 secs] [Times: user=0.02 sys=0.00, real=0.01 secs] 
151.247: Total time for which application threads were stopped: 0.0034340 seconds, Stopping threads took: 0.0000960 seconds
151.278: Application time: 0.0301960 seconds
151.278: [GC [PSYoungGen: 100544K->7632K(107520K)] 146382K->53614K(352256K), 0.0031250 secs] [Times: user=0.02 sys=0.00, real=0.00 secs] 
151.281: Total time for which application threads were stopped: 0.0033000 seconds, Stopping threads took: 0.0000820 seconds
151.309: Application time: 0.0279840 seconds
151.310: [GC [PSYoungGen: 100304K->7728K(107520K)] 146286K->53766K(352256K), 0.0030370 secs] [Times: user=0.02 sys=0.00, real=0.00 secs] 
151.313: Total time for which application threads were stopped: 0.0041540 seconds, Stopping threads took: 0.0010290 seconds
151.337: Application time: 0.0238900 seconds
151.337: [GC [PSYoungGen: 100400K->9568K(107520K)] 146438K->55702K(352256K), 0.0036820 secs] [Times: user=0.03 sys=0.00, real=0.00 secs] 
151.341: Total time for which application threads were stopped: 0.0038670 seconds, Stopping threads took: 0.0000820 seconds
151.367: Application time: 0.0261780 seconds
151.367: [GC [PSYoungGen: 102240K->8512K(107520K)] 148374K->54646K(352256K), 0.0032440 secs] [Times: user=0.01 sys=0.00, real=0.00 secs] 
151.370: Total time for which application threads were stopped: 0.0034050 seconds, Stopping threads took: 0.0000690 seconds
151.402: Application time: 0.0317200 seconds
151.402: [GC [PSYoungGen: 101184K->10016K(107520K)] 147318K->56158K(352256K), 0.0037040 secs] [Times: user=0.03 sys=0.00, real=0.01 secs] 
151.406: Total time for which application threads were stopped: 0.0038740 seconds, Stopping threads took: 0.0000660 seconds
151.442: Application time: 0.0360930 seconds
151.446: [GC [PSYoungGen: 102688K->7888K(107520K)] 148830K->54030K(352256K), 0.0029690 secs] [Times: user=0.02 sys=0.00, real=0.00 secs] 
151.449: Total time for which application threads were stopped: 0.0068960 seconds, Stopping threads took: 0.0038260 seconds
151.485: Application time: 0.0364110 seconds
151.486: [GC [PSYoungGen: 100560K->7600K(107520K)] 146702K->53742K(352256K), 0.0030970 secs] [Times: user=0.02 sys=0.00, real=0.01 secs] 
151.489: Total time for which application threads were stopped: 0.0032780 seconds, Stopping threads took: 0.0000830 seconds
151.521: Application time: 0.0327450 seconds
151.522: [GC [PSYoungGen: 100272K->7680K(107520K)] 146414K->53822K(352256K), 0.0030560 secs] [Times: user=0.02 sys=0.00, real=0.00 secs] 
151.525: Total time for which application threads were stopped: 0.0032280 seconds, Stopping threads took: 0.0000790 seconds
151.554: Application time: 0.0293910 seconds
151.554: [GC [PSYoungGen: 100352K->7792K(107520K)] 146494K->53934K(352256K), 0.0030850 secs] [Times: user=0.02 sys=0.00, real=0.00 secs] 
151.557: Total time for which application threads were stopped: 0.0032890 seconds, Stopping threads took: 0.0001120 seconds
151.584: Application time: 0.0265250 seconds
151.584: [GC [PSYoungGen: 100464K->8192K(107520K)] 146606K->54334K(352256K), 0.0031770 secs] [Times: user=0.02 sys=0.00, real=0.01 secs] 
151.587: Total time for which application threads were stopped: 0.0033370 seconds, Stopping threads took: 0.0000730 seconds
151.613: Application time: 0.0253490 seconds
151.613: [GC [PSYoungGen: 100864K->8688K(107520K)] 147006K->54830K(352256K), 0.0031580 secs] [Times: user=0.02 sys=0.00, real=0.01 secs] 
151.616: Total time for which application threads were stopped: 0.0033820 seconds, Stopping threads took: 0.0001130 seconds
151.643: Application time: 0.0266710 seconds
151.643: [GC [PSYoungGen: 101360K->13072K(107520K)] 147502K->59214K(352256K), 0.0050010 secs] [Times: user=0.04 sys=0.00, real=0.01 secs] 
151.648: Total time for which application threads were stopped: 0.0051820 seconds, Stopping threads took: 0.0000790 seconds
151.685: Application time: 0.0370550 seconds
151.685: [GC [PSYoungGen: 105744K->9888K(107520K)] 151886K->56030K(352256K), 0.0037650 secs] [Times: user=0.03 sys=0.00, real=0.01 secs] 
151.689: Total time for which application threads were stopped: 0.0039730 seconds, Stopping threads took: 0.0000940 seconds
151.725: Application time: 0.0359340 seconds
151.725: [GC [PSYoungGen: 102560K->8048K(107520K)] 148702K->54191K(352256K), 0.0030760 secs] [Times: user=0.02 sys=0.00, real=0.01 secs] 
151.728: Total time for which application threads were stopped: 0.0032820 seconds, Stopping threads took: 0.0001010 seconds
151.766: Application time: 0.0377880 seconds
151.766: [GC [PSYoungGen: 100720K->8144K(107520K)] 146863K->54286K(352256K), 0.0031340 secs] [Times: user=0.02 sys=0.00, real=0.00 secs] 
151.769: Total time for which application threads were stopped: 0.0033400 seconds, Stopping threads took: 0.0001140 seconds
151.797: Application time: 0.0275200 seconds
151.797: [GC [PSYoungGen: 100802K->7808K(107520K)] 146944K->53951K(352256K), 0.0030790 secs] [Times: user=0.02 sys=0.00, real=0.00 secs] 
151.800: Total time for which application threads were stopped: 0.0032690 seconds, Stopping threads took: 0.0000950 seconds
151.830: Application time: 0.0295330 seconds
151.830: [GC [PSYoungGen: 100480K->7936K(107520K)] 146623K->54078K(352256K), 0.0031510 secs] [Times: user=0.02 sys=0.00, real=0.00 secs] 
151.833: Total time for which application threads were stopped: 0.0033350 seconds, Stopping threads took: 0.0000930 seconds
151.856: Application time: 0.0231660 seconds
151.856: [GC [PSYoungGen: 100608K->8592K(107520K)] 146750K->54734K(352256K), 0.0032820 secs] [Times: user=0.02 sys=0.00, real=0.00 secs] 
151.860: Total time for which application threads were stopped: 0.0034660 seconds, Stopping threads took: 0.0000960 seconds
151.884: Application time: 0.0249690 seconds
151.885: [GC [PSYoungGen: 101264K->9872K(107520K)] 147406K->56014K(352256K), 0.0037060 secs] [Times: user=0.02 sys=0.00, real=0.01 secs] 
151.888: Total time for which application threads were stopped: 0.0038920 seconds, Stopping threads took: 0.0000920 seconds
151.924: Application time: 0.0351480 seconds
151.926: [GC [PSYoungGen: 102544K->11952K(107520K)] 148686K->58094K(352256K), 0.0046570 secs] [Times: user=0.03 sys=0.00, real=0.00 secs] 
151.931: Total time for which application threads were stopped: 0.0071660 seconds, Stopping threads took: 0.0024080 seconds
151.968: Application time: 0.0370020 seconds
151.968: [GC [PSYoungGen: 104624K->7920K(107520K)] 150766K->54062K(352256K), 0.0031500 secs] [Times: user=0.02 sys=0.00, real=0.00 secs] 
151.971: Total time for which application threads were stopped: 0.0033650 seconds, Stopping threads took: 0.0001170 seconds
152.009: Application time: 0.0379910 seconds
152.009: [GC [PSYoungGen: 100592K->7760K(107520K)] 146734K->53943K(352256K), 0.0031600 secs] [Times: user=0.01 sys=0.00, real=0.00 secs] 
152.012: Total time for which application threads were stopped: 0.0033500 seconds, Stopping threads took: 0.0000900 seconds
152.043: Application time: 0.0309130 seconds
152.043: [GC [PSYoungGen: 100432K->7744K(107520K)] 146615K->53999K(352256K), 0.0031040 secs] [Times: user=0.02 sys=0.00, real=0.01 secs] 
152.047: Total time for which application threads were stopped: 0.0032980 seconds, Stopping threads took: 0.0001030 seconds
152.076: Application time: 0.0293360 seconds
152.076: [GC [PSYoungGen: 100416K->7728K(107520K)] 146671K->54127K(352256K), 0.0030240 secs] [Times: user=0.02 sys=0.00, real=0.00 secs] 
152.079: Total time for which application threads were stopped: 0.0032030 seconds, Stopping threads took: 0.0000870 seconds
152.104: Application time: 0.0243620 seconds
152.104: [GC [PSYoungGen: 100400K->9344K(107520K)] 146799K->55831K(352256K), 0.0037220 secs] [Times: user=0.02 sys=0.00, real=0.01 secs] 
152.107: Total time for which application threads were stopped: 0.0038930 seconds, Stopping threads took: 0.0000710 seconds
152.133: Application time: 0.0255960 seconds
152.134: [GC [PSYoungGen: 102016K->9744K(107520K)] 148503K->56231K(352256K), 0.0037070 secs] [Times: user=0.03 sys=0.00, real=0.00 secs] 
152.138: Total time for which application threads were stopped: 0.0047510 seconds, Stopping threads took: 0.0009250 seconds
152.168: Application time: 0.0298900 seconds
152.168: [GC [PSYoungGen: 102416K->10352K(107520K)] 148903K->56847K(352256K), 0.0038360 secs] [Times: user=0.02 sys=0.00, real=0.00 secs] 
152.172: Total time for which application threads were stopped: 0.0040470 seconds, Stopping threads took: 0.0001070 seconds
152.206: Application time: 0.0345900 seconds
152.210: [GC [PSYoungGen: 103024K->10064K(107520K)] 149519K->56559K(352256K), 0.0039060 secs] [Times: user=0.02 sys=0.00, real=0.01 secs] 
152.214: Total time for which application threads were stopped: 0.0076630 seconds, Stopping threads took: 0.0036550 seconds
152.252: Application time: 0.0379360 seconds
152.252: [GC [PSYoungGen: 102736K->7520K(107520K)] 149231K->54015K(352256K), 0.0030100 secs] [Times: user=0.02 sys=0.00, real=0.01 secs] 
152.255: Total time for which application threads were stopped: 0.0032230 seconds, Stopping threads took: 0.0001120 seconds
152.290: Application time: 0.0344990 seconds
152.290: [GC [PSYoungGen: 100192K->7680K(107520K)] 146687K->54175K(352256K), 0.0031610 secs] [Times: user=0.01 sys=0.00, real=0.00 secs] 
152.293: Total time for which application threads were stopped: 0.0033490 seconds, Stopping threads took: 0.0000950 seconds
152.322: Application time: 0.0293830 seconds
152.323: [GC [PSYoungGen: 100352K->7696K(107520K)] 146847K->54191K(352256K), 0.0031460 secs] [Times: user=0.02 sys=0.00, real=0.00 secs] 
152.326: Total time for which application threads were stopped: 0.0033180 seconds, Stopping threads took: 0.0000810 seconds
152.351: Application time: 0.0253020 seconds
152.351: [GC [PSYoungGen: 100368K->7728K(107520K)] 146863K->54223K(352256K), 0.0030440 secs] [Times: user=0.02 sys=0.00, real=0.01 secs] 
152.354: Total time for which application threads were stopped: 0.0032380 seconds, Stopping threads took: 0.0001060 seconds
152.379: Application time: 0.0243960 seconds
152.379: [GC [PSYoungGen: 100400K->8352K(107520K)] 146895K->54847K(352256K), 0.0032000 secs] [Times: user=0.02 sys=0.00, real=0.00 secs] 
152.382: Total time for which application threads were stopped: 0.0033900 seconds, Stopping threads took: 0.0000980 seconds
152.414: Application time: 0.0322860 seconds
152.414: [GC [PSYoungGen: 101024K->12080K(107520K)] 147519K->58575K(352256K), 0.0046180 secs] [Times: user=0.03 sys=0.00, real=0.00 secs] 
152.419: Total time for which application threads were stopped: 0.0048300 seconds, Stopping threads took: 0.0001080 seconds
152.449: Application time: 0.0297720 seconds
152.449: [GC [PSYoungGen: 104752K->8448K(107520K)] 151247K->54943K(352256K), 0.0031470 secs] [Times: user=0.02 sys=0.00, real=0.00 secs] 
152.452: Total time for which application threads were stopped: 0.0033240 seconds, Stopping threads took: 0.0000780 seconds
152.492: Application time: 0.0401490 seconds
152.493: [GC [PSYoungGen: 101120K->7840K(107520K)] 147615K->54335K(352256K), 0.0031110 secs] [Times: user=0.03 sys=0.00, real=0.01 secs] 
152.496: Total time for which application threads were stopped: 0.0032920 seconds, Stopping threads took: 0.0000870 seconds
152.531: Application time: 0.0348910 seconds
152.534: [GC [PSYoungGen: 100512K->7808K(107520K)] 147007K->54303K(352256K), 0.0031760 secs] [Times: user=0.02 sys=0.00, real=0.00 secs] 
152.537: Total time for which application threads were stopped: 0.0066400 seconds, Stopping threads took: 0.0033720 seconds
152.567: Application time: 0.0298820 seconds
152.567: [GC [PSYoungGen: 100480K->7936K(107520K)] 146975K->54431K(352256K), 0.0031120 secs] [Times: user=0.02 sys=0.00, real=0.00 secs] 
152.570: Total time for which application threads were stopped: 0.0032840 seconds, Stopping threads took: 0.0000790 seconds
152.600: Application time: 0.0299750 seconds
152.601: [GC [PSYoungGen: 100608K->7936K(107520K)] 147103K->54431K(352256K), 0.0030160 secs] [Times: user=0.02 sys=0.00, real=0.00 secs] 
152.604: Total time for which application threads were stopped: 0.0032090 seconds, Stopping threads took: 0.0000940 seconds
152.630: Application time: 0.0267150 seconds
152.630: [GC [PSYoungGen: 100608K->8144K(107520K)] 147103K->54639K(352256K), 0.0030370 secs] [Times: user=0.02 sys=0.00, real=0.00 secs] 
152.634: Total time for which application threads were stopped: 0.0032190 seconds, Stopping threads took: 0.0000710 seconds
152.661: Application time: 0.0278790 seconds
152.662: [GC [PSYoungGen: 100816K->10272K(107520K)] 147311K->56767K(352256K), 0.0038090 secs] [Times: user=0.03 sys=0.00, real=0.00 secs] 
152.665: Total time for which application threads were stopped: 0.0040110 seconds, Stopping threads took: 0.0000800 seconds
152.696: Application time: 0.0305030 seconds
152.696: [GC [PSYoungGen: 102944K->10256K(107520K)] 149439K->56751K(352256K), 0.0039450 secs] [Times: user=0.03 sys=0.00, real=0.00 secs] 
152.700: Total time for which application threads were stopped: 0.0041380 seconds, Stopping threads took: 0.0000910 seconds
152.737: Application time: 0.0374350 seconds
152.738: [GC [PSYoungGen: 102928K->10608K(107520K)] 149423K->57103K(352256K), 0.0039120 secs] [Times: user=0.03 sys=0.00, real=0.00 secs] 
152.742: Total time for which application threads were stopped: 0.0041230 seconds, Stopping threads took: 0.0001100 seconds
152.777: Application time: 0.0353760 seconds
152.777: [GC [PSYoungGen: 103280K->7824K(107520K)] 149775K->54319K(352256K), 0.0031110 secs] [Times: user=0.02 sys=0.00, real=0.00 secs] 
152.780: Total time for which application threads were stopped: 0.0033440 seconds, Stopping threads took: 0.0001350 seconds
152.813: Application time: 0.0325870 seconds
152.813: [GC [PSYoungGen: 100496K->7712K(107520K)] 146991K->54323K(352256K), 0.0030910 secs] [Times: user=0.02 sys=0.00, real=0.01 secs] 
152.816: Total time for which application threads were stopped: 0.0032580 seconds, Stopping threads took: 0.0000760 seconds
152.845: Application time: 0.0290750 seconds
152.845: [GC [PSYoungGen: 100384K->7696K(107520K)] 146995K->54427K(352256K), 0.0031080 secs] [Times: user=0.02 sys=0.00, real=0.01 secs] 
152.849: Total time for which application threads were stopped: 0.0032770 seconds, Stopping threads took: 0.0000780 seconds
152.874: Application time: 0.0253770 seconds
152.874: [GC [PSYoungGen: 100368K->9664K(107520K)] 147099K->56443K(352256K), 0.0039000 secs] [Times: user=0.02 sys=0.00, real=0.00 secs] 
152.878: Total time for which application threads were stopped: 0.0040770 seconds, Stopping threads took: 0.0000860 seconds
152.905: Application time: 0.0268870 seconds
152.905: [GC [PSYoungGen: 102336K->9536K(107520K)] 149115K->56371K(352256K), 0.0037290 secs] [Times: user=0.02 sys=0.00, real=0.01 secs] 
152.909: Total time for which application threads were stopped: 0.0039070 seconds, Stopping threads took: 0.0000820 seconds
152.937: Application time: 0.0285920 seconds
152.938: [GC [PSYoungGen: 102208K->11776K(107520K)] 149043K->58611K(352256K), 0.0046830 secs] [Times: user=0.03 sys=0.00, real=0.00 secs] 
152.942: Total time for which application threads were stopped: 0.0048740 seconds, Stopping threads took: 0.0000890 seconds
152.977: Application time: 0.0351490 seconds
152.978: [GC [PSYoungGen: 104448K->9088K(107520K)] 151283K->55923K(352256K), 0.0034880 secs] [Times: user=0.02 sys=0.00, real=0.00 secs] 
152.981: Total time for which application threads were stopped: 0.0036640 seconds, Stopping threads took: 0.0000790 seconds
153.019: Application time: 0.0374300 seconds
153.019: [GC [PSYoungGen: 101760K->7872K(107520K)] 148595K->54707K(352256K), 0.0030300 secs] [Times: user=0.02 sys=0.00, real=0.00 secs] 
153.022: Total time for which application threads were stopped: 0.0032390 seconds, Stopping threads took: 0.0001080 seconds
153.055: Application time: 0.0334860 seconds
153.055: [GC [PSYoungGen: 100544K->7792K(107520K)] 147379K->54627K(352256K), 0.0030540 secs] [Times: user=0.01 sys=0.00, real=0.00 secs] 
153.059: Total time for which application threads were stopped: 0.0032540 seconds, Stopping threads took: 0.0001040 seconds
153.088: Application time: 0.0297310 seconds
153.088: [GC [PSYoungGen: 100464K->7904K(107520K)] 147299K->54739K(352256K), 0.0031080 secs] [Times: user=0.02 sys=0.00, real=0.00 secs] 
153.092: Total time for which application threads were stopped: 0.0033070 seconds, Stopping threads took: 0.0000920 seconds
153.119: Application time: 0.0271140 seconds
153.119: [GC [PSYoungGen: 100576K->8864K(107520K)] 147411K->55699K(352256K), 0.0033600 secs] [Times: user=0.02 sys=0.00, real=0.00 secs] 
153.122: Total time for which application threads were stopped: 0.0035400 seconds, Stopping threads took: 0.0000870 seconds
153.148: Application time: 0.0262560 seconds
153.149: [GC [PSYoungGen: 101536K->7824K(107520K)] 148371K->54659K(352256K), 0.0030970 secs] [Times: user=0.01 sys=0.00, real=0.00 secs] 
153.152: Total time for which application threads were stopped: 0.0032910 seconds, Stopping threads took: 0.0001010 seconds
153.181: Application time: 0.0297260 seconds
153.182: [GC [PSYoungGen: 100496K->8608K(107520K)] 147331K->55443K(352256K), 0.0032250 secs] [Times: user=0.02 sys=0.00, real=0.00 secs] 
153.185: Total time for which application threads were stopped: 0.0034180 seconds, Stopping threads took: 0.0000740 seconds
153.215: Application time: 0.0297010 seconds
153.215: [GC [PSYoungGen: 101280K->10208K(107520K)] 148115K->57043K(352256K), 0.0039060 secs] [Times: user=0.03 sys=0.00, real=0.00 secs] 
153.219: Total time for which application threads were stopped: 0.0041130 seconds, Stopping threads took: 0.0001060 seconds
153.257: Application time: 0.0381520 seconds
153.257: [GC [PSYoungGen: 102880K->7760K(107520K)] 149715K->54595K(352256K), 0.0030350 secs] [Times: user=0.02 sys=0.00, real=0.00 secs] 
153.260: Total time for which application threads were stopped: 0.0032210 seconds, Stopping threads took: 0.0000950 seconds
153.294: Application time: 0.0335940 seconds
153.294: [GC [PSYoungGen: 100432K->7840K(107520K)] 147267K->54675K(352256K), 0.0031190 secs] [Times: user=0.02 sys=0.01, real=0.01 secs] 
153.297: Total time for which application threads were stopped: 0.0032910 seconds, Stopping threads took: 0.0000790 seconds
153.329: Application time: 0.0317330 seconds
153.329: [GC [PSYoungGen: 100512K->7968K(107520K)] 147347K->54803K(352256K), 0.0031340 secs] [Times: user=0.02 sys=0.00, real=0.00 secs] 
153.332: Total time for which application threads were stopped: 0.0033220 seconds, Stopping threads took: 0.0000920 seconds
153.360: Application time: 0.0281350 seconds
153.360: [GC [PSYoungGen: 100640K->8336K(107520K)] 147475K->55171K(352256K), 0.0031980 secs] [Times: user=0.02 sys=0.00, real=0.00 secs] 
153.364: Total time for which application threads were stopped: 0.0033800 seconds, Stopping threads took: 0.0000900 seconds
153.389: Application time: 0.0258580 seconds
153.390: [GC [PSYoungGen: 101008K->8576K(107520K)] 147843K->55411K(352256K), 0.0032610 secs] [Times: user=0.02 sys=0.00, real=0.00 secs] 
153.393: Total time for which application threads were stopped: 0.0034540 seconds, Stopping threads took: 0.0001040 seconds
153.420: Application time: 0.0266200 seconds
153.420: [GC [PSYoungGen: 101248K->10304K(107520K)] 148083K->57139K(352256K), 0.0040120 secs] [Times: user=0.03 sys=0.00, real=0.00 secs] 
153.424: Total time for which application threads were stopped: 0.0041940 seconds, Stopping threads took: 0.0000790 seconds
153.453: Application time: 0.0296330 seconds
153.453: [GC [PSYoungGen: 102976K->11216K(107520K)] 149811K->58051K(352256K), 0.0042730 secs] [Times: user=0.03 sys=0.00, real=0.01 secs] 
153.458: Total time for which application threads were stopped: 0.0044340 seconds, Stopping threads took: 0.0000680 seconds
153.492: Application time: 0.0345520 seconds
153.492: [GC [PSYoungGen: 103888K->11296K(107520K)] 150723K->58131K(352256K), 0.0043970 secs] [Times: user=0.03 sys=0.00, real=0.01 secs] 
153.497: Total time for which application threads were stopped: 0.0045680 seconds, Stopping threads took: 0.0000820 seconds
153.534: Application time: 0.0373460 seconds
153.534: [GC [PSYoungGen: 103968K->7824K(107520K)] 150803K->54707K(352256K), 0.0030700 secs] [Times: user=0.02 sys=0.00, real=0.00 secs] 
153.538: Total time for which application threads were stopped: 0.0032580 seconds, Stopping threads took: 0.0000930 seconds
153.571: Application time: 0.0337270 seconds
153.571: [GC [PSYoungGen: 100496K->7792K(107520K)] 147379K->54755K(352256K), 0.0032680 secs] [Times: user=0.02 sys=0.00, real=0.01 secs] 
153.575: Total time for which application threads were stopped: 0.0034530 seconds, Stopping threads took: 0.0000910 seconds
153.603: Application time: 0.0285470 seconds
153.603: [GC [PSYoungGen: 100464K->7696K(107520K)] 147427K->54739K(352256K), 0.0031270 secs] [Times: user=0.02 sys=0.00, real=0.01 secs] 
153.607: Total time for which application threads were stopped: 0.0032950 seconds, Stopping threads took: 0.0000730 seconds
153.633: Application time: 0.0260000 seconds
153.633: [GC [PSYoungGen: 100368K->9632K(107520K)] 147411K->56723K(352256K), 0.0037960 secs] [Times: user=0.02 sys=0.00, real=0.01 secs] 
153.637: Total time for which application threads were stopped: 0.0040050 seconds, Stopping threads took: 0.0001150 seconds
153.664: Application time: 0.0269920 seconds
153.664: [GC [PSYoungGen: 102304K->9584K(107520K)] 149395K->56763K(352256K), 0.0037960 secs] [Times: user=0.02 sys=0.00, real=0.01 secs] 
153.668: Total time for which application threads were stopped: 0.0039830 seconds, Stopping threads took: 0.0000880 seconds
153.698: Application time: 0.0301950 seconds
153.698: [GC [PSYoungGen: 102256K->8544K(107520K)] 149435K->55739K(352256K), 0.0032740 secs] [Times: user=0.02 sys=0.00, real=0.00 secs] 
153.701: Total time for which application threads were stopped: 0.0034840 seconds, Stopping threads took: 0.0000840 seconds
153.734: Application time: 0.0324820 seconds
153.734: [GC [PSYoungGen: 101216K->7616K(107520K)] 148411K->54811K(352256K), 0.0028910 secs] [Times: user=0.02 sys=0.00, real=0.01 secs] 
153.737: Total time for which application threads were stopped: 0.0030550 seconds, Stopping threads took: 0.0000620 seconds
153.774: Application time: 0.0372090 seconds
153.778: [GC [PSYoungGen: 100288K->8032K(107520K)] 147483K->55227K(352256K), 0.0031230 secs] [Times: user=0.02 sys=0.00, real=0.00 secs] 
153.781: Total time for which application threads were stopped: 0.0071820 seconds, Stopping threads took: 0.0039710 seconds
153.815: Application time: 0.0339910 seconds
153.815: [GC [PSYoungGen: 100704K->7632K(107520K)] 147899K->54827K(352256K), 0.0031080 secs] [Times: user=0.02 sys=0.00, real=0.00 secs] 
153.818: Total time for which application threads were stopped: 0.0032770 seconds, Stopping threads took: 0.0000770 seconds
153.849: Application time: 0.0302500 seconds
153.849: [GC [PSYoungGen: 100304K->7632K(107520K)] 147499K->54827K(352256K), 0.0030500 secs] [Times: user=0.03 sys=0.00, real=0.00 secs] 
153.852: Total time for which application threads were stopped: 0.0032200 seconds, Stopping threads took: 0.0000760 seconds
153.879: Application time: 0.0272310 seconds
153.879: [GC [PSYoungGen: 100304K->7744K(107520K)] 147499K->54939K(352256K), 0.0031130 secs] [Times: user=0.02 sys=0.00, real=0.00 secs] 
153.882: Total time for which application threads were stopped: 0.0032890 seconds, Stopping threads took: 0.0000860 seconds
153.910: Application time: 0.0279090 seconds
153.910: [GC [PSYoungGen: 100416K->7856K(107520K)] 147611K->55051K(352256K), 0.0031150 secs] [Times: user=0.01 sys=0.00, real=0.00 secs] 
153.914: Total time for which application threads were stopped: 0.0032790 seconds, Stopping threads took: 0.0000710 seconds
153.940: Application time: 0.0266660 seconds
153.940: [GC [PSYoungGen: 100528K->8704K(107520K)] 147723K->55899K(352256K), 0.0031990 secs] [Times: user=0.02 sys=0.00, real=0.00 secs] 
153.944: Total time for which application threads were stopped: 0.0033860 seconds, Stopping threads took: 0.0000870 seconds
153.973: Application time: 0.0296890 seconds
153.973: [GC [PSYoungGen: 101376K->10560K(107520K)] 148571K->57755K(352256K), 0.0039810 secs] [Times: user=0.02 sys=0.00, real=0.01 secs] 
153.978: Total time for which application threads were stopped: 0.0041690 seconds, Stopping threads took: 0.0000850 seconds
154.016: Application time: 0.0380680 seconds
154.016: [GC [PSYoungGen: 103232K->8320K(107520K)] 150427K->55515K(352256K), 0.0031520 secs] [Times: user=0.03 sys=0.00, real=0.00 secs] 
154.019: Total time for which application threads were stopped: 0.0033350 seconds, Stopping threads took: 0.0000710 seconds
154.054: Application time: 0.0353020 seconds
154.054: [GC [PSYoungGen: 100992K->7664K(107520K)] 148187K->54859K(352256K), 0.0030550 secs] [Times: user=0.01 sys=0.00, real=0.00 secs] 
154.057: Total time for which application threads were stopped: 0.0032370 seconds, Stopping threads took: 0.0000810 seconds
154.091: Application time: 0.0333050 seconds
154.094: [GC [PSYoungGen: 100336K->7920K(107520K)] 147531K->55115K(352256K), 0.0030610 secs] [Times: user=0.02 sys=0.00, real=0.00 secs] 
154.097: Total time for which application threads were stopped: 0.0063160 seconds, Stopping threads took: 0.0031560 seconds
154.125: Application time: 0.0276840 seconds
154.125: [GC [PSYoungGen: 100592K->7968K(107520K)] 147787K->55163K(352256K), 0.0031240 secs] [Times: user=0.02 sys=0.00, real=0.01 secs] 
154.128: Total time for which application threads were stopped: 0.0033130 seconds, Stopping threads took: 0.0000870 seconds
154.153: Application time: 0.0246240 seconds
154.153: [GC [PSYoungGen: 100640K->9504K(107520K)] 147835K->56699K(352256K), 0.0037070 secs] [Times: user=0.02 sys=0.00, real=0.01 secs] 
154.157: Total time for which application threads were stopped: 0.0038980 seconds, Stopping threads took: 0.0000900 seconds
154.183: Application time: 0.0263820 seconds
154.183: [GC [PSYoungGen: 102176K->11568K(107520K)] 149371K->58763K(352256K), 0.0044390 secs] [Times: user=0.03 sys=0.00, real=0.01 secs] 
154.188: Total time for which application threads were stopped: 0.0045900 seconds, Stopping threads took: 0.0000480 seconds
154.217: Application time: 0.0289530 seconds
154.217: [GC [PSYoungGen: 104240K->11600K(107520K)] 151435K->58795K(352256K), 0.0044590 secs] [Times: user=0.03 sys=0.00, real=0.00 secs] 
154.221: Total time for which application threads were stopped: 0.0046670 seconds, Stopping threads took: 0.0000870 seconds
154.257: Application time: 0.0355740 seconds
154.257: [GC [PSYoungGen: 104272K->10176K(107520K)] 151467K->57371K(352256K), 0.0039070 secs] [Times: user=0.02 sys=0.00, real=0.00 secs] 
154.261: Total time for which application threads were stopped: 0.0041100 seconds, Stopping threads took: 0.0000980 seconds
154.297: Application time: 0.0362600 seconds
154.297: [GC [PSYoungGen: 102848K->7936K(107520K)] 150043K->55131K(352256K), 0.0030810 secs] [Times: user=0.02 sys=0.00, real=0.00 secs] 
154.300: Total time for which application threads were stopped: 0.0032820 seconds, Stopping threads took: 0.0001040 seconds
154.335: Application time: 0.0350090 seconds
154.336: [GC [PSYoungGen: 100608K->7808K(107520K)] 147803K->55083K(352256K), 0.0031770 secs] [Times: user=0.02 sys=0.00, real=0.00 secs] 
154.339: Total time for which application threads were stopped: 0.0033660 seconds, Stopping threads took: 0.0000970 seconds
154.368: Application time: 0.0287170 seconds
154.368: [GC [PSYoungGen: 100480K->7744K(107520K)] 147755K->55107K(352256K), 0.0030980 secs] [Times: user=0.02 sys=0.00, real=0.00 secs] 
154.371: Total time for which application threads were stopped: 0.0033030 seconds, Stopping threads took: 0.0001090 seconds
154.397: Application time: 0.0261760 seconds
154.397: [GC [PSYoungGen: 100400K->7696K(107520K)] 147763K->55147K(352256K), 0.0031180 secs] [Times: user=0.02 sys=0.00, real=0.00 secs] 
154.400: Total time for which application threads were stopped: 0.0033120 seconds, Stopping threads took: 0.0001030 seconds
154.428: Application time: 0.0273060 seconds
154.428: [GC [PSYoungGen: 100368K->7712K(107520K)] 147819K->55251K(352256K), 0.0030130 secs] [Times: user=0.02 sys=0.00, real=0.00 secs] 
154.431: Total time for which application threads were stopped: 0.0031980 seconds, Stopping threads took: 0.0000960 seconds
154.458: Application time: 0.0275520 seconds
154.459: [GC [PSYoungGen: 100384K->8048K(107520K)] 147923K->55595K(352256K), 0.0030450 secs] [Times: user=0.02 sys=0.00, real=0.00 secs] 
154.462: Total time for which application threads were stopped: 0.0032400 seconds, Stopping threads took: 0.0000960 seconds
154.495: Application time: 0.0330900 seconds
154.495: [GC [PSYoungGen: 100720K->8160K(107520K)] 148267K->55707K(352256K), 0.0031520 secs] [Times: user=0.02 sys=0.00, real=0.00 secs] 
154.498: Total time for which application threads were stopped: 0.0033280 seconds, Stopping threads took: 0.0000750 seconds
154.535: Application time: 0.0373000 seconds
154.536: [GC [PSYoungGen: 100832K->7840K(107520K)] 148379K->55387K(352256K), 0.0030610 secs] [Times: user=0.02 sys=0.00, real=0.00 secs] 
154.539: Total time for which application threads were stopped: 0.0032410 seconds, Stopping threads took: 0.0000880 seconds
154.573: Application time: 0.0343110 seconds
154.573: [GC [PSYoungGen: 100512K->7664K(107520K)] 148059K->55211K(352256K), 0.0030560 secs] [Times: user=0.02 sys=0.00, real=0.01 secs] 
154.576: Total time for which application threads were stopped: 0.0032440 seconds, Stopping threads took: 0.0000990 seconds
154.609: Application time: 0.0323240 seconds
154.609: [GC [PSYoungGen: 100336K->7760K(107520K)] 147883K->55307K(352256K), 0.0031370 secs] [Times: user=0.02 sys=0.00, real=0.00 secs] 
154.612: Total time for which application threads were stopped: 0.0033210 seconds, Stopping threads took: 0.0000920 seconds
154.639: Application time: 0.0268650 seconds
154.639: [GC [PSYoungGen: 100432K->7920K(107520K)] 147979K->55467K(352256K), 0.0031460 secs] [Times: user=0.02 sys=0.00, real=0.00 secs] 
154.642: Total time for which application threads were stopped: 0.0033160 seconds, Stopping threads took: 0.0000830 seconds
154.669: Application time: 0.0267510 seconds
154.669: [GC [PSYoungGen: 100592K->9744K(107520K)] 148139K->57291K(352256K), 0.0038870 secs] [Times: user=0.02 sys=0.00, real=0.00 secs] 
154.673: Total time for which application threads were stopped: 0.0040700 seconds, Stopping threads took: 0.0000900 seconds
154.699: Application time: 0.0265300 seconds
154.700: [GC [PSYoungGen: 102416K->10064K(107520K)] 149963K->57611K(352256K), 0.0037860 secs] [Times: user=0.02 sys=0.00, real=0.00 secs] 
154.703: Total time for which application threads were stopped: 0.0039620 seconds, Stopping threads took: 0.0000750 seconds
154.732: Application time: 0.0289850 seconds
154.732: [GC [PSYoungGen: 102736K->13920K(107520K)] 150283K->61467K(352256K), 0.0053290 secs] [Times: user=0.04 sys=0.00, real=0.01 secs] 
154.738: Total time for which application threads were stopped: 0.0055370 seconds, Stopping threads took: 0.0000840 seconds
154.775: Application time: 0.0372450 seconds
154.775: [GC [PSYoungGen: 106592K->10160K(107520K)] 154139K->57708K(352256K), 0.0039440 secs] [Times: user=0.03 sys=0.00, real=0.00 secs] 
154.779: Total time for which application threads were stopped: 0.0041080 seconds, Stopping threads took: 0.0000700 seconds
154.815: Application time: 0.0360340 seconds
154.815: [GC [PSYoungGen: 102832K->8048K(107520K)] 150380K->55595K(352256K), 0.0031590 secs] [Times: user=0.02 sys=0.00, real=0.00 secs] 
154.819: Total time for which application threads were stopped: 0.0033520 seconds, Stopping threads took: 0.0001010 seconds
154.853: Application time: 0.0348280 seconds
154.854: [GC [PSYoungGen: 100720K->7760K(107520K)] 148267K->55307K(352256K), 0.0031240 secs] [Times: user=0.02 sys=0.00, real=0.01 secs] 
154.857: Total time for which application threads were stopped: 0.0032860 seconds, Stopping threads took: 0.0000720 seconds
154.885: Application time: 0.0279990 seconds
154.885: [GC [PSYoungGen: 100432K->8080K(107520K)] 147979K->55628K(352256K), 0.0030900 secs] [Times: user=0.03 sys=0.00, real=0.01 secs] 
154.888: Total time for which application threads were stopped: 0.0032620 seconds, Stopping threads took: 0.0000770 seconds
154.913: Application time: 0.0248150 seconds
154.913: [GC [PSYoungGen: 100752K->8000K(107520K)] 148300K->55547K(352256K), 0.0030850 secs] [Times: user=0.02 sys=0.00, real=0.01 secs] 
154.916: Total time for which application threads were stopped: 0.0032890 seconds, Stopping threads took: 0.0001070 seconds
154.942: Application time: 0.0262330 seconds
154.942: [GC [PSYoungGen: 100672K->9360K(107520K)] 148219K->56907K(352256K), 0.0036450 secs] [Times: user=0.02 sys=0.00, real=0.01 secs] 
154.946: Total time for which application threads were stopped: 0.0038150 seconds, Stopping threads took: 0.0000730 seconds
154.975: Application time: 0.0292440 seconds
154.976: [GC [PSYoungGen: 102032K->11456K(107520K)] 149579K->59003K(352256K), 0.0042570 secs] [Times: user=0.03 sys=0.00, real=0.00 secs] 
154.980: Total time for which application threads were stopped: 0.0044490 seconds, Stopping threads took: 0.0000900 seconds
155.014: Application time: 0.0340790 seconds
155.014: [GC [PSYoungGen: 104128K->9648K(107520K)] 151675K->57195K(352256K), 0.0035640 secs] [Times: user=0.02 sys=0.00, real=0.00 secs] 
155.018: Total time for which application threads were stopped: 0.0037310 seconds, Stopping threads took: 0.0000670 seconds
155.056: Application time: 0.0379670 seconds
155.056: [GC [PSYoungGen: 102320K->8224K(107520K)] 149867K->55771K(352256K), 0.0030730 secs] [Times: user=0.02 sys=0.00, real=0.00 secs] 
155.059: Total time for which application threads were stopped: 0.0032830 seconds, Stopping threads took: 0.0001050 seconds
155.093: Application time: 0.0335930 seconds
155.093: [GC [PSYoungGen: 100896K->8064K(107520K)] 148443K->55668K(352256K), 0.0032580 secs] [Times: user=0.02 sys=0.00, real=0.01 secs] 
155.096: Total time for which application threads were stopped: 0.0034430 seconds, Stopping threads took: 0.0000830 seconds
155.127: Application time: 0.0313660 seconds
155.127: [GC [PSYoungGen: 100736K->7904K(107520K)] 148340K->55596K(352256K), 0.0031040 secs] [Times: user=0.02 sys=0.00, real=0.00 secs] 
155.131: Total time for which application threads were stopped: 0.0033070 seconds, Stopping threads took: 0.0001070 seconds
155.156: Application time: 0.0254650 seconds
155.158: [GC [PSYoungGen: 100576K->7680K(107520K)] 148268K->55500K(352256K), 0.0031750 secs] [Times: user=0.02 sys=0.00, real=0.00 secs] 
155.161: Total time for which application threads were stopped: 0.0051380 seconds, Stopping threads took: 0.0018610 seconds
155.187: Application time: 0.0253670 seconds
155.187: [GC [PSYoungGen: 100352K->9344K(107520K)] 148172K->57260K(352256K), 0.0036650 secs] [Times: user=0.03 sys=0.00, real=0.00 secs] 
155.190: Total time for which application threads were stopped: 0.0038240 seconds, Stopping threads took: 0.0000580 seconds
155.218: Application time: 0.0278960 seconds
155.218: [GC [PSYoungGen: 102016K->8560K(107520K)] 149932K->56476K(352256K), 0.0030350 secs] [Times: user=0.02 sys=0.00, real=0.00 secs] 
155.222: Total time for which application threads were stopped: 0.0032190 seconds, Stopping threads took: 0.0000850 seconds
155.254: Application time: 0.0325620 seconds
155.254: [GC [PSYoungGen: 101232K->8576K(107520K)] 149148K->56492K(352256K), 0.0032330 secs] [Times: user=0.02 sys=0.00, real=0.00 secs] 
155.258: Total time for which application threads were stopped: 0.0034480 seconds, Stopping threads took: 0.0000940 seconds
155.295: Application time: 0.0378500 seconds
155.296: [GC [PSYoungGen: 101248K->7888K(107520K)] 149164K->55804K(352256K), 0.0030870 secs] [Times: user=0.01 sys=0.00, real=0.00 secs] 
155.299: Total time for which application threads were stopped: 0.0032600 seconds, Stopping threads took: 0.0000680 seconds
155.334: Application time: 0.0349520 seconds
155.334: [GC [PSYoungGen: 100560K->7696K(107520K)] 148476K->55612K(352256K), 0.0030890 secs] [Times: user=0.02 sys=0.00, real=0.01 secs] 
155.337: Total time for which application threads were stopped: 0.0033180 seconds, Stopping threads took: 0.0001340 seconds
155.371: Application time: 0.0336240 seconds
155.371: [GC [PSYoungGen: 100368K->7760K(107520K)] 148284K->55676K(352256K), 0.0030750 secs] [Times: user=0.02 sys=0.00, real=0.00 secs] 
155.374: Total time for which application threads were stopped: 0.0032540 seconds, Stopping threads took: 0.0000850 seconds
155.401: Application time: 0.0271160 seconds
155.401: [GC [PSYoungGen: 100432K->7712K(107520K)] 148348K->55628K(352256K), 0.0030210 secs] [Times: user=0.02 sys=0.00, real=0.00 secs] 
155.404: Total time for which application threads were stopped: 0.0032190 seconds, Stopping threads took: 0.0000960 seconds
155.430: Application time: 0.0256690 seconds
155.430: [GC [PSYoungGen: 100384K->9568K(107520K)] 148300K->57484K(352256K), 0.0037490 secs] [Times: user=0.02 sys=0.00, real=0.00 secs] 
155.434: Total time for which application threads were stopped: 0.0039520 seconds, Stopping threads took: 0.0001060 seconds
155.460: Application time: 0.0260400 seconds
155.460: [GC [PSYoungGen: 102240K->11728K(107520K)] 150156K->59644K(352256K), 0.0045490 secs] [Times: user=0.03 sys=0.00, real=0.00 secs] 
155.465: Total time for which application threads were stopped: 0.0047340 seconds, Stopping threads took: 0.0000900 seconds
155.493: Application time: 0.0280600 seconds
155.493: [GC [PSYoungGen: 104400K->11232K(107520K)] 152316K->59148K(352256K), 0.0042230 secs] [Times: user=0.03 sys=0.00, real=0.01 secs] 
155.497: Total time for which application threads were stopped: 0.0044330 seconds, Stopping threads took: 0.0001050 seconds
155.535: Application time: 0.0375870 seconds
155.535: [GC [PSYoungGen: 103904K->10224K(107520K)] 151820K->58140K(352256K), 0.0040430 secs] [Times: user=0.02 sys=0.00, real=0.00 secs] 
155.539: Total time for which application threads were stopped: 0.0042230 seconds, Stopping threads took: 0.0000910 seconds
155.574: Application time: 0.0349360 seconds
155.574: [GC [PSYoungGen: 102896K->7792K(107520K)] 150812K->55708K(352256K), 0.0030750 secs] [Times: user=0.02 sys=0.00, real=0.00 secs] 
155.577: Total time for which application threads were stopped: 0.0032710 seconds, Stopping threads took: 0.0001030 seconds
155.613: Application time: 0.0356030 seconds
155.613: [GC [PSYoungGen: 100464K->7728K(107520K)] 148380K->55644K(352256K), 0.0030870 secs] [Times: user=0.02 sys=0.00, real=0.01 secs] 
155.616: Total time for which application threads were stopped: 0.0032610 seconds, Stopping threads took: 0.0000870 seconds
155.644: Application time: 0.0278910 seconds
155.644: [GC [PSYoungGen: 100400K->7904K(107520K)] 148316K->55820K(352256K), 0.0031230 secs] [Times: user=0.01 sys=0.00, real=0.01 secs] 
155.647: Total time for which application threads were stopped: 0.0032980 seconds, Stopping threads took: 0.0000870 seconds
155.672: Application time: 0.0249860 seconds
155.672: [GC [PSYoungGen: 100576K->8048K(107520K)] 148492K->55964K(352256K), 0.0032480 secs] [Times: user=0.02 sys=0.00, real=0.01 secs] 
155.676: Total time for which application threads were stopped: 0.0034240 seconds, Stopping threads took: 0.0000850 seconds
155.704: Application time: 0.0280900 seconds
155.704: [GC [PSYoungGen: 100720K->8656K(107520K)] 148636K->56572K(352256K), 0.0033010 secs] [Times: user=0.02 sys=0.00, real=0.01 secs] 
155.707: Total time for which application threads were stopped: 0.0034700 seconds, Stopping threads took: 0.0000690 seconds
155.733: Application time: 0.0261400 seconds
155.733: [GC [PSYoungGen: 101328K->7968K(107520K)] 149244K->55884K(352256K), 0.0030970 secs] [Times: user=0.02 sys=0.00, real=0.01 secs] 
155.737: Total time for which application threads were stopped: 0.0032850 seconds, Stopping threads took: 0.0000980 seconds
155.771: Application time: 0.0348500 seconds
155.772: [GC [PSYoungGen: 100640K->10432K(107520K)] 148556K->58348K(352256K), 0.0039540 secs] [Times: user=0.03 sys=0.00, real=0.01 secs] 
155.776: Total time for which application threads were stopped: 0.0041610 seconds, Stopping threads took: 0.0000880 seconds
155.812: Application time: 0.0365380 seconds
155.812: [GC [PSYoungGen: 103104K->7872K(107520K)] 151020K->55788K(352256K), 0.0031090 secs] [Times: user=0.02 sys=0.00, real=0.01 secs] 
155.815: Total time for which application threads were stopped: 0.0033000 seconds, Stopping threads took: 0.0000940 seconds
155.849: Application time: 0.0339110 seconds
155.849: [GC [PSYoungGen: 100544K->7776K(107520K)] 148460K->55732K(352256K), 0.0031700 secs] [Times: user=0.02 sys=0.00, real=0.00 secs] 
155.853: Total time for which application threads were stopped: 0.0033570 seconds, Stopping threads took: 0.0000810 seconds
155.886: Application time: 0.0332980 seconds
155.886: [GC [PSYoungGen: 100448K->7776K(107520K)] 148404K->55860K(352256K), 0.0032090 secs] [Times: user=0.02 sys=0.00, real=0.00 secs] 
155.889: Total time for which application threads were stopped: 0.0033830 seconds, Stopping threads took: 0.0000830 seconds
155.914: Application time: 0.0248040 seconds
155.914: [GC [PSYoungGen: 100448K->7472K(107520K)] 148532K->55660K(352256K), 0.0030450 secs] [Times: user=0.02 sys=0.00, real=0.00 secs] 
155.917: Total time for which application threads were stopped: 0.0032410 seconds, Stopping threads took: 0.0001050 seconds
155.946: Application time: 0.0280840 seconds
155.946: [GC [PSYoungGen: 100144K->9664K(107520K)] 148332K->57932K(352256K), 0.0038680 secs] [Times: user=0.03 sys=0.00, real=0.01 secs] 
155.950: Total time for which application threads were stopped: 0.0040590 seconds, Stopping threads took: 0.0000990 seconds
155.975: Application time: 0.0252090 seconds
155.975: [GC [PSYoungGen: 102336K->9904K(107520K)] 150604K->58172K(352256K), 0.0037130 secs] [Times: user=0.03 sys=0.00, real=0.00 secs] 
155.979: Total time for which application threads were stopped: 0.0038860 seconds, Stopping threads took: 0.0000670 seconds
156.009: Application time: 0.0304030 seconds
156.009: [GC [PSYoungGen: 102576K->13232K(107520K)] 150844K->61508K(352256K), 0.0050100 secs] [Times: user=0.03 sys=0.00, real=0.01 secs] 
156.014: Total time for which application threads were stopped: 0.0051960 seconds, Stopping threads took: 0.0000820 seconds
156.053: Application time: 0.0387310 seconds
156.053: [GC [PSYoungGen: 105904K->7808K(107520K)] 154180K->56084K(352256K), 0.0030420 secs] [Times: user=0.02 sys=0.00, real=0.01 secs] 
156.056: Total time for which application threads were stopped: 0.0032340 seconds, Stopping threads took: 0.0000950 seconds
156.092: Application time: 0.0359750 seconds
156.092: [GC [PSYoungGen: 100480K->7488K(107520K)] 148756K->55764K(352256K), 0.0029550 secs] [Times: user=0.02 sys=0.00, real=0.01 secs] 
156.095: Total time for which application threads were stopped: 0.0031460 seconds, Stopping threads took: 0.0000910 seconds
156.130: Application time: 0.0349700 seconds
156.130: [GC [PSYoungGen: 100160K->7696K(107520K)] 148436K->55972K(352256K), 0.0030140 secs] [Times: user=0.02 sys=0.00, real=0.00 secs] 
156.134: Total time for which application threads were stopped: 0.0031960 seconds, Stopping threads took: 0.0000820 seconds
156.160: Application time: 0.0265560 seconds
156.162: [GC [PSYoungGen: 100368K->7888K(107520K)] 148644K->56164K(352256K), 0.0031150 secs] [Times: user=0.02 sys=0.00, real=0.00 secs] 
156.165: Total time for which application threads were stopped: 0.0050200 seconds, Stopping threads took: 0.0018190 seconds
156.190: Application time: 0.0252670 seconds
156.191: [GC [PSYoungGen: 100560K->7904K(107520K)] 148836K->56180K(352256K), 0.0030890 secs] [Times: user=0.02 sys=0.00, real=0.00 secs] 
156.194: Total time for which application threads were stopped: 0.0033080 seconds, Stopping threads took: 0.0001200 seconds
156.219: Application time: 0.0253640 seconds
156.219: [GC [PSYoungGen: 100576K->9952K(107520K)] 148852K->58228K(352256K), 0.0037870 secs] [Times: user=0.03 sys=0.00, real=0.00 secs] 
156.223: Total time for which application threads were stopped: 0.0039830 seconds, Stopping threads took: 0.0000990 seconds
156.251: Application time: 0.0282000 seconds
156.251: [GC [PSYoungGen: 102624K->8320K(107520K)] 150900K->56596K(352256K), 0.0031460 secs] [Times: user=0.01 sys=0.00, real=0.01 secs] 
156.255: Total time for which application threads were stopped: 0.0033290 seconds, Stopping threads took: 0.0000830 seconds
156.291: Application time: 0.0368840 seconds
156.292: [GC [PSYoungGen: 100992K->10080K(107520K)] 149268K->58356K(352256K), 0.0038260 secs] [Times: user=0.03 sys=0.00, real=0.01 secs] 
156.296: Total time for which application threads were stopped: 0.0040260 seconds, Stopping threads took: 0.0000830 seconds
156.332: Application time: 0.0360640 seconds
156.332: [GC [PSYoungGen: 102752K->7728K(107520K)] 151028K->56004K(352256K), 0.0030170 secs] [Times: user=0.02 sys=0.00, real=0.01 secs] 
156.335: Total time for which application threads were stopped: 0.0032020 seconds, Stopping threads took: 0.0000840 seconds
156.371: Application time: 0.0358580 seconds
156.371: [GC [PSYoungGen: 100400K->7824K(107520K)] 148676K->56100K(352256K), 0.0031670 secs] [Times: user=0.02 sys=0.00, real=0.01 secs] 
156.374: Total time for which application threads were stopped: 0.0033400 seconds, Stopping threads took: 0.0000750 seconds
156.403: Application time: 0.0290830 seconds
156.403: [GC [PSYoungGen: 100496K->7888K(107520K)] 148772K->56164K(352256K), 0.0031680 secs] [Times: user=0.02 sys=0.00, real=0.01 secs] 
156.406: Total time for which application threads were stopped: 0.0033490 seconds, Stopping threads took: 0.0000920 seconds
156.433: Application time: 0.0261550 seconds
156.433: [GC [PSYoungGen: 100560K->7840K(107520K)] 148836K->56116K(352256K), 0.0030430 secs] [Times: user=0.02 sys=0.00, real=0.01 secs] 
156.436: Total time for which application threads were stopped: 0.0032230 seconds, Stopping threads took: 0.0000910 seconds
156.464: Application time: 0.0279070 seconds
156.464: [GC [PSYoungGen: 100512K->8448K(107520K)] 148788K->56724K(352256K), 0.0032800 secs] [Times: user=0.02 sys=0.00, real=0.01 secs] 
156.467: Total time for which application threads were stopped: 0.0034610 seconds, Stopping threads took: 0.0000870 seconds
156.490: Application time: 0.0232340 seconds
156.491: [GC [PSYoungGen: 101120K->9840K(107520K)] 149396K->58116K(352256K), 0.0038440 secs] [Times: user=0.03 sys=0.00, real=0.01 secs] 
156.494: Total time for which application threads were stopped: 0.0040350 seconds, Stopping threads took: 0.0000920 seconds
156.532: Application time: 0.0370520 seconds
156.534: [GC [PSYoungGen: 102512K->10608K(107520K)] 150788K->58884K(352256K), 0.0039920 secs] [Times: user=0.03 sys=0.00, real=0.00 secs] 
156.538: Total time for which application threads were stopped: 0.0065080 seconds, Stopping threads took: 0.0024100 seconds
156.573: Application time: 0.0350840 seconds
156.573: [GC [PSYoungGen: 103280K->8224K(107520K)] 151556K->56500K(352256K), 0.0031970 secs] [Times: user=0.02 sys=0.00, real=0.01 secs] 
156.576: Total time for which application threads were stopped: 0.0033800 seconds, Stopping threads took: 0.0000880 seconds
156.613: Application time: 0.0362280 seconds
156.613: [GC [PSYoungGen: 100896K->7808K(107520K)] 149172K->56140K(352256K), 0.0030720 secs] [Times: user=0.02 sys=0.00, real=0.01 secs] 
156.616: Total time for which application threads were stopped: 0.0032470 seconds, Stopping threads took: 0.0000810 seconds
156.649: Application time: 0.0333470 seconds
156.649: [GC [PSYoungGen: 100480K->7936K(107520K)] 148812K->56356K(352256K), 0.0031610 secs] [Times: user=0.02 sys=0.00, real=0.00 secs] 
156.653: Total time for which application threads were stopped: 0.0033360 seconds, Stopping threads took: 0.0000850 seconds
156.678: Application time: 0.0251810 seconds
156.678: [GC [PSYoungGen: 100608K->7632K(107520K)] 149028K->56172K(352256K), 0.0031300 secs] [Times: user=0.01 sys=0.01, real=0.00 secs] 
156.681: Total time for which application threads were stopped: 0.0033140 seconds, Stopping threads took: 0.0000890 seconds
156.709: Application time: 0.0273550 seconds
156.709: [GC [PSYoungGen: 100304K->9744K(107520K)] 148844K->58368K(352256K), 0.0037450 secs] [Times: user=0.03 sys=0.00, real=0.00 secs] 
156.712: Total time for which application threads were stopped: 0.0039300 seconds, Stopping threads took: 0.0000830 seconds
156.738: Application time: 0.0260050 seconds
156.742: [GC [PSYoungGen: 102416K->8016K(107520K)] 151040K->56640K(352256K), 0.0029720 secs] [Times: user=0.02 sys=0.00, real=0.00 secs] 
156.745: Total time for which application threads were stopped: 0.0065320 seconds, Stopping threads took: 0.0034600 seconds
156.772: Application time: 0.0275160 seconds
156.773: [GC [PSYoungGen: 100688K->11232K(107520K)] 149312K->59856K(352256K), 0.0042080 secs] [Times: user=0.03 sys=0.00, real=0.01 secs] 
156.777: Total time for which application threads were stopped: 0.0044260 seconds, Stopping threads took: 0.0001070 seconds
156.816: Application time: 0.0395230 seconds
156.817: [GC [PSYoungGen: 103904K->7856K(107520K)] 152528K->56488K(352256K), 0.0030210 secs] [Times: user=0.02 sys=0.00, real=0.00 secs] 
156.820: Total time for which application threads were stopped: 0.0032210 seconds, Stopping threads took: 0.0000830 seconds
156.855: Application time: 0.0352790 seconds
156.855: [GC [PSYoungGen: 100528K->7552K(107520K)] 149160K->56184K(352256K), 0.0029900 secs] [Times: user=0.02 sys=0.00, real=0.00 secs] 
156.858: Total time for which application threads were stopped: 0.0031830 seconds, Stopping threads took: 0.0001010 seconds
156.894: Application time: 0.0356580 seconds
156.898: [GC [PSYoungGen: 100224K->7808K(107520K)] 148856K->56440K(352256K), 0.0031240 secs] [Times: user=0.02 sys=0.00, real=0.00 secs] 
156.901: Total time for which application threads were stopped: 0.0073150 seconds, Stopping threads took: 0.0040940 seconds
156.928: Application time: 0.0269320 seconds
156.928: [GC [PSYoungGen: 100480K->7968K(107520K)] 149112K->56600K(352256K), 0.0030790 secs] [Times: user=0.03 sys=0.00, real=0.00 secs] 
156.931: Total time for which application threads were stopped: 0.0032640 seconds, Stopping threads took: 0.0000830 seconds
156.957: Application time: 0.0259700 seconds
156.957: [GC [PSYoungGen: 100640K->7792K(107520K)] 149272K->56424K(352256K), 0.0030190 secs] [Times: user=0.02 sys=0.00, real=0.00 secs] 
156.960: Total time for which application threads were stopped: 0.0031930 seconds, Stopping threads took: 0.0000720 seconds
156.986: Application time: 0.0254130 seconds
156.986: [GC [PSYoungGen: 100464K->10112K(107520K)] 149096K->58744K(352256K), 0.0037290 secs] [Times: user=0.03 sys=0.00, real=0.00 secs] 
156.990: Total time for which application threads were stopped: 0.0038930 seconds, Stopping threads took: 0.0000600 seconds
157.016: Application time: 0.0257520 seconds
157.016: [GC [PSYoungGen: 102784K->8272K(107520K)] 151416K->56904K(352256K), 0.0029840 secs] [Times: user=0.02 sys=0.00, real=0.00 secs] 
157.019: Total time for which application threads were stopped: 0.0031640 seconds, Stopping threads took: 0.0000780 seconds
157.057: Application time: 0.0384500 seconds
157.057: [GC [PSYoungGen: 100944K->10352K(107520K)] 149576K->58984K(352256K), 0.0038620 secs] [Times: user=0.03 sys=0.00, real=0.00 secs] 
157.061: Total time for which application threads were stopped: 0.0040430 seconds, Stopping threads took: 0.0000770 seconds
157.096: Application time: 0.0350550 seconds
157.096: [GC [PSYoungGen: 103024K->7792K(107520K)] 151656K->56424K(352256K), 0.0030500 secs] [Times: user=0.02 sys=0.00, real=0.00 secs] 
157.100: Total time for which application threads were stopped: 0.0032570 seconds, Stopping threads took: 0.0001060 seconds
157.136: Application time: 0.0360220 seconds
157.136: [GC [PSYoungGen: 100464K->7792K(107520K)] 149096K->56424K(352256K), 0.0030540 secs] [Times: user=0.02 sys=0.00, real=0.00 secs] 
157.139: Total time for which application threads were stopped: 0.0032390 seconds, Stopping threads took: 0.0000860 seconds
157.169: Application time: 0.0304680 seconds
157.169: [GC [PSYoungGen: 100464K->7888K(107520K)] 149096K->56520K(352256K), 0.0030240 secs] [Times: user=0.02 sys=0.00, real=0.00 secs] 
157.172: Total time for which application threads were stopped: 0.0032120 seconds, Stopping threads took: 0.0000910 seconds
157.198: Application time: 0.0251330 seconds
157.198: [GC [PSYoungGen: 100560K->8064K(107520K)] 149192K->56696K(352256K), 0.0031420 secs] [Times: user=0.02 sys=0.00, real=0.00 secs] 
157.201: Total time for which application threads were stopped: 0.0033410 seconds, Stopping threads took: 0.0001000 seconds
157.228: Application time: 0.0272080 seconds
157.228: [GC [PSYoungGen: 100736K->9920K(107520K)] 149368K->58552K(352256K), 0.0038050 secs] [Times: user=0.03 sys=0.00, real=0.00 secs] 
157.232: Total time for which application threads were stopped: 0.0040050 seconds, Stopping threads took: 0.0000930 seconds
157.256: Application time: 0.0235340 seconds
157.256: [GC [PSYoungGen: 102592K->10080K(107520K)] 151224K->58712K(352256K), 0.0038500 secs] [Times: user=0.03 sys=0.00, real=0.00 secs] 
157.260: Total time for which application threads were stopped: 0.0040230 seconds, Stopping threads took: 0.0000710 seconds
157.293: Application time: 0.0333620 seconds
157.293: [GC [PSYoungGen: 102752K->10352K(107520K)] 151384K->58984K(352256K), 0.0038720 secs] [Times: user=0.02 sys=0.00, real=0.01 secs] 
157.297: Total time for which application threads were stopped: 0.0040480 seconds, Stopping threads took: 0.0000730 seconds
157.333: Application time: 0.0363350 seconds
157.338: [GC [PSYoungGen: 103024K->8080K(107520K)] 151656K->56712K(352256K), 0.0030580 secs] [Times: user=0.03 sys=0.00, real=0.00 secs] 
157.341: Total time for which application threads were stopped: 0.0075870 seconds, Stopping threads took: 0.0044100 seconds
157.378: Application time: 0.0370270 seconds
157.378: [GC [PSYoungGen: 100752K->7824K(107520K)] 149384K->56456K(352256K), 0.0032020 secs] [Times: user=0.02 sys=0.00, real=0.00 secs] 
157.382: Total time for which application threads were stopped: 0.0034050 seconds, Stopping threads took: 0.0001030 seconds
157.416: Application time: 0.0344200 seconds
157.416: [GC [PSYoungGen: 100496K->7920K(107520K)] 149128K->56684K(352256K), 0.0032180 secs] [Times: user=0.03 sys=0.00, real=0.00 secs] 
157.419: Total time for which application threads were stopped: 0.0033960 seconds, Stopping threads took: 0.0000850 seconds
157.445: Application time: 0.0260510 seconds
157.446: [GC [PSYoungGen: 100592K->7680K(107520K)] 149356K->56572K(352256K), 0.0030330 secs] [Times: user=0.03 sys=0.00, real=0.01 secs] 
157.449: Total time for which application threads were stopped: 0.0032310 seconds, Stopping threads took: 0.0001040 seconds
157.475: Application time: 0.0259480 seconds
157.475: [GC [PSYoungGen: 100352K->7648K(107520K)] 149244K->56628K(352256K), 0.0030760 secs] [Times: user=0.02 sys=0.00, real=0.00 secs] 
157.478: Total time for which application threads were stopped: 0.0032580 seconds, Stopping threads took: 0.0000910 seconds
157.505: Application time: 0.0268640 seconds
157.505: [GC [PSYoungGen: 100320K->9360K(107520K)] 149300K->58340K(352256K), 0.0037390 secs] [Times: user=0.03 sys=0.00, real=0.01 secs] 
157.509: Total time for which application threads were stopped: 0.0039160 seconds, Stopping threads took: 0.0000860 seconds
157.535: Application time: 0.0267740 seconds
157.536: [GC [PSYoungGen: 102032K->11040K(107520K)] 151012K->60020K(352256K), 0.0041740 secs] [Times: user=0.03 sys=0.00, real=0.00 secs] 
157.540: Total time for which application threads were stopped: 0.0043490 seconds, Stopping threads took: 0.0000840 seconds
157.578: Application time: 0.0384460 seconds
157.582: [GC [PSYoungGen: 103712K->9600K(107520K)] 152692K->58588K(352256K), 0.0039250 secs] [Times: user=0.02 sys=0.00, real=0.01 secs] 
157.586: Total time for which application threads were stopped: 0.0077410 seconds, Stopping threads took: 0.0037260 seconds
157.621: Application time: 0.0345750 seconds
157.621: [GC [PSYoungGen: 102272K->7920K(107520K)] 151260K->56908K(352256K), 0.0031460 secs] [Times: user=0.02 sys=0.00, real=0.00 secs] 
157.624: Total time for which application threads were stopped: 0.0033230 seconds, Stopping threads took: 0.0000860 seconds
157.661: Application time: 0.0371340 seconds
157.662: [GC [PSYoungGen: 100592K->7600K(107520K)] 149580K->56588K(352256K), 0.0030230 secs] [Times: user=0.02 sys=0.00, real=0.00 secs] 
157.665: Total time for which application threads were stopped: 0.0040860 seconds, Stopping threads took: 0.0009760 seconds
157.694: Application time: 0.0285850 seconds
157.694: [GC [PSYoungGen: 100272K->7776K(107520K)] 149260K->56765K(352256K), 0.0030440 secs] [Times: user=0.02 sys=0.01, real=0.01 secs] 
157.697: Total time for which application threads were stopped: 0.0032310 seconds, Stopping threads took: 0.0000630 seconds
157.724: Application time: 0.0272850 seconds
157.724: [GC [PSYoungGen: 100448K->8000K(107520K)] 149437K->56989K(352256K), 0.0031100 secs] [Times: user=0.03 sys=0.00, real=0.01 secs] 
157.727: Total time for which application threads were stopped: 0.0032810 seconds, Stopping threads took: 0.0000730 seconds
157.754: Application time: 0.0268210 seconds
157.754: [GC [PSYoungGen: 100672K->8720K(107520K)] 149661K->57709K(352256K), 0.0032610 secs] [Times: user=0.02 sys=0.00, real=0.00 secs] 
157.758: Total time for which application threads were stopped: 0.0034370 seconds, Stopping threads took: 0.0000880 seconds
157.782: Application time: 0.0241940 seconds
157.782: [GC [PSYoungGen: 101392K->9920K(107520K)] 150381K->58908K(352256K), 0.0037490 secs] [Times: user=0.03 sys=0.00, real=0.00 secs] 
157.786: Total time for which application threads were stopped: 0.0039520 seconds, Stopping threads took: 0.0000890 seconds
157.822: Application time: 0.0363580 seconds
157.822: [GC [PSYoungGen: 102592K->10880K(107520K)] 151580K->59868K(352256K), 0.0040900 secs] [Times: user=0.02 sys=0.00, real=0.01 secs] 
157.827: Total time for which application threads were stopped: 0.0042960 seconds, Stopping threads took: 0.0001130 seconds
157.862: Application time: 0.0352440 seconds
157.862: [GC [PSYoungGen: 103552K->8080K(107520K)] 152540K->57069K(352256K), 0.0031600 secs] [Times: user=0.02 sys=0.00, real=0.00 secs] 
157.865: Total time for which application threads were stopped: 0.0033910 seconds, Stopping threads took: 0.0001120 seconds
157.901: Application time: 0.0362030 seconds
157.902: [GC [PSYoungGen: 100752K->7808K(107520K)] 149741K->56797K(352256K), 0.0030900 secs] [Times: user=0.02 sys=0.00, real=0.00 secs] 
157.905: Total time for which application threads were stopped: 0.0032870 seconds, Stopping threads took: 0.0001050 seconds
157.937: Application time: 0.0323560 seconds
157.937: [GC [PSYoungGen: 100480K->7904K(107520K)] 149469K->56901K(352256K), 0.0031240 secs] [Times: user=0.02 sys=0.00, real=0.00 secs] 
157.940: Total time for which application threads were stopped: 0.0033020 seconds, Stopping threads took: 0.0000860 seconds
157.966: Application time: 0.0252530 seconds
157.966: [GC [PSYoungGen: 100576K->7872K(107520K)] 149573K->56869K(352256K), 0.0030680 secs] [Times: user=0.02 sys=0.00, real=0.01 secs] 
157.969: Total time for which application threads were stopped: 0.0032430 seconds, Stopping threads took: 0.0000840 seconds
157.996: Application time: 0.0275920 seconds
157.997: [GC [PSYoungGen: 100544K->9968K(107520K)] 149541K->58965K(352256K), 0.0038880 secs] [Times: user=0.03 sys=0.00, real=0.00 secs] 
158.000: Total time for which application threads were stopped: 0.0040700 seconds, Stopping threads took: 0.0000910 seconds
158.025: Application time: 0.0243890 seconds
158.025: [GC [PSYoungGen: 102640K->11120K(107520K)] 151637K->60116K(352256K), 0.0041590 secs] [Times: user=0.03 sys=0.00, real=0.01 secs] 
158.029: Total time for which application threads were stopped: 0.0043280 seconds, Stopping threads took: 0.0000800 seconds
158.060: Application time: 0.0306790 seconds
158.060: [GC [PSYoungGen: 103792K->10032K(107520K)] 152788K->59029K(352256K), 0.0038110 secs] [Times: user=0.02 sys=0.00, real=0.00 secs] 
158.064: Total time for which application threads were stopped: 0.0039910 seconds, Stopping threads took: 0.0000790 seconds
158.102: Application time: 0.0384850 seconds
158.106: [GC [PSYoungGen: 102704K->7888K(107520K)] 151701K->56885K(352256K), 0.0031330 secs] [Times: user=0.02 sys=0.00, real=0.00 secs] 
158.109: Total time for which application threads were stopped: 0.0067970 seconds, Stopping threads took: 0.0035700 seconds
158.145: Application time: 0.0354960 seconds
158.145: [GC [PSYoungGen: 100560K->7840K(107520K)] 149557K->56836K(352256K), 0.0031910 secs] [Times: user=0.02 sys=0.00, real=0.01 secs] 
158.148: Total time for which application threads were stopped: 0.0033930 seconds, Stopping threads took: 0.0001060 seconds
158.183: Application time: 0.0348990 seconds
158.183: [GC [PSYoungGen: 100512K->8016K(107520K)] 149508K->57093K(352256K), 0.0031910 secs] [Times: user=0.02 sys=0.00, real=0.01 secs] 
158.186: Total time for which application threads were stopped: 0.0034070 seconds, Stopping threads took: 0.0001170 seconds
158.213: Application time: 0.0261700 seconds
158.213: [GC [PSYoungGen: 100688K->7744K(107520K)] 149765K->56921K(352256K), 0.0031650 secs] [Times: user=0.01 sys=0.00, real=0.01 secs] 
158.216: Total time for which application threads were stopped: 0.0033460 seconds, Stopping threads took: 0.0000900 seconds
158.242: Application time: 0.0264050 seconds
158.242: [GC [PSYoungGen: 100416K->7712K(107520K)] 149593K->57009K(352256K), 0.0030530 secs] [Times: user=0.02 sys=0.00, real=0.00 secs] 
158.246: Total time for which application threads were stopped: 0.0032320 seconds, Stopping threads took: 0.0000900 seconds
158.273: Application time: 0.0274630 seconds
158.273: [GC [PSYoungGen: 100384K->7616K(107520K)] 149681K->56913K(352256K), 0.0029950 secs] [Times: user=0.02 sys=0.00, real=0.01 secs] 
158.276: Total time for which application threads were stopped: 0.0031800 seconds, Stopping threads took: 0.0000950 seconds
158.302: Application time: 0.0260000 seconds
158.302: [GC [PSYoungGen: 100288K->9696K(107520K)] 149585K->58993K(352256K), 0.0036240 secs] [Times: user=0.01 sys=0.00, real=0.01 secs] 
158.306: Total time for which application threads were stopped: 0.0038050 seconds, Stopping threads took: 0.0000890 seconds
158.345: Application time: 0.0387210 seconds
158.345: [GC [PSYoungGen: 102368K->9600K(107520K)] 151665K->58905K(352256K), 0.0038670 secs] [Times: user=0.03 sys=0.00, real=0.01 secs] 
158.349: Total time for which application threads were stopped: 0.0040410 seconds, Stopping threads took: 0.0000810 seconds
158.384: Application time: 0.0349250 seconds
158.384: [GC [PSYoungGen: 102272K->7824K(107520K)] 151577K->57129K(352256K), 0.0031320 secs] [Times: user=0.02 sys=0.00, real=0.01 secs] 
158.387: Total time for which application threads were stopped: 0.0033210 seconds, Stopping threads took: 0.0000840 seconds
158.422: Application time: 0.0351310 seconds
158.422: [GC [PSYoungGen: 100496K->7664K(107520K)] 149801K->56969K(352256K), 0.0030270 secs] [Times: user=0.02 sys=0.00, real=0.00 secs] 
158.425: Total time for which application threads were stopped: 0.0032120 seconds, Stopping threads took: 0.0000940 seconds
158.457: Application time: 0.0311600 seconds
158.457: [GC [PSYoungGen: 100336K->7840K(107520K)] 149641K->57145K(352256K), 0.0030460 secs] [Times: user=0.02 sys=0.00, real=0.00 secs] 
158.460: Total time for which application threads were stopped: 0.0032190 seconds, Stopping threads took: 0.0000850 seconds
158.485: Application time: 0.0250650 seconds
158.485: [GC [PSYoungGen: 100512K->7808K(107520K)] 149817K->57113K(352256K), 0.0030550 secs] [Times: user=0.02 sys=0.00, real=0.01 secs] 
158.488: Total time for which application threads were stopped: 0.0032240 seconds, Stopping threads took: 0.0000700 seconds
158.514: Application time: 0.0259400 seconds
158.514: [GC [PSYoungGen: 100480K->9712K(107520K)] 149785K->59017K(352256K), 0.0038710 secs] [Times: user=0.02 sys=0.00, real=0.00 secs] 
158.518: Total time for which application threads were stopped: 0.0040460 seconds, Stopping threads took: 0.0000750 seconds
158.543: Application time: 0.0253020 seconds
158.543: [GC [PSYoungGen: 102384K->12720K(107520K)] 151689K->62025K(352256K), 0.0047590 secs] [Times: user=0.03 sys=0.00, real=0.01 secs] 
158.548: Total time for which application threads were stopped: 0.0049420 seconds, Stopping threads took: 0.0000850 seconds
158.582: Application time: 0.0332340 seconds
158.582: [GC [PSYoungGen: 105392K->13680K(107520K)] 154697K->62985K(352256K), 0.0052920 secs] [Times: user=0.04 sys=0.00, real=0.01 secs] 
158.587: Total time for which application threads were stopped: 0.0054790 seconds, Stopping threads took: 0.0000880 seconds
158.624: Application time: 0.0373070 seconds
158.624: [GC [PSYoungGen: 106352K->8032K(107520K)] 155657K->57337K(352256K), 0.0030800 secs] [Times: user=0.02 sys=0.00, real=0.01 secs] 
158.628: Total time for which application threads were stopped: 0.0032830 seconds, Stopping threads took: 0.0001010 seconds
158.665: Application time: 0.0371560 seconds
158.665: [GC [PSYoungGen: 100704K->7904K(107520K)] 150009K->57209K(352256K), 0.0031180 secs] [Times: user=0.02 sys=0.00, real=0.01 secs] 
158.668: Total time for which application threads were stopped: 0.0033200 seconds, Stopping threads took: 0.0001100 seconds
158.702: Application time: 0.0335660 seconds
158.702: [GC [PSYoungGen: 100576K->7888K(107520K)] 149881K->57193K(352256K), 0.0031150 secs] [Times: user=0.02 sys=0.00, real=0.00 secs] 
158.705: Total time for which application threads were stopped: 0.0033050 seconds, Stopping threads took: 0.0000990 seconds
158.731: Application time: 0.0256410 seconds
158.731: [GC [PSYoungGen: 100560K->7952K(107520K)] 149865K->57257K(352256K), 0.0032080 secs] [Times: user=0.02 sys=0.00, real=0.01 secs] 
158.734: Total time for which application threads were stopped: 0.0033880 seconds, Stopping threads took: 0.0000850 seconds
158.761: Application time: 0.0268480 seconds
158.761: [GC [PSYoungGen: 100624K->9520K(107520K)] 149929K->58825K(352256K), 0.0036800 secs] [Times: user=0.03 sys=0.00, real=0.00 secs] 
158.765: Total time for which application threads were stopped: 0.0038460 seconds, Stopping threads took: 0.0000740 seconds
158.789: Application time: 0.0241380 seconds
158.789: [GC [PSYoungGen: 102192K->9792K(107520K)] 151497K->59097K(352256K), 0.0038300 secs] [Times: user=0.03 sys=0.00, real=0.00 secs] 
158.793: Total time for which application threads were stopped: 0.0040020 seconds, Stopping threads took: 0.0000820 seconds
158.821: Application time: 0.0285810 seconds
158.822: [GC [PSYoungGen: 102464K->9712K(107520K)] 151769K->59017K(352256K), 0.0037650 secs] [Times: user=0.03 sys=0.00, real=0.00 secs] 
158.825: Total time for which application threads were stopped: 0.0039650 seconds, Stopping threads took: 0.0000990 seconds
158.865: Application time: 0.0391930 seconds
158.865: [GC [PSYoungGen: 102384K->8208K(107520K)] 151689K->57513K(352256K), 0.0031460 secs] [Times: user=0.03 sys=0.00, real=0.01 secs] 
158.868: Total time for which application threads were stopped: 0.0033390 seconds, Stopping threads took: 0.0000930 seconds
158.903: Application time: 0.0351440 seconds
158.903: [GC [PSYoungGen: 100880K->7792K(107520K)] 150185K->57097K(352256K), 0.0031580 secs] [Times: user=0.01 sys=0.01, real=0.01 secs] 
158.906: Total time for which application threads were stopped: 0.0033500 seconds, Stopping threads took: 0.0000810 seconds
158.942: Application time: 0.0356630 seconds
158.942: [GC [PSYoungGen: 100464K->7680K(107520K)] 149769K->57073K(352256K), 0.0030880 secs] [Times: user=0.02 sys=0.00, real=0.00 secs] 
158.945: Total time for which application threads were stopped: 0.0032850 seconds, Stopping threads took: 0.0001060 seconds
158.972: Application time: 0.0266490 seconds
158.972: [GC [PSYoungGen: 100352K->7840K(107520K)] 149745K->57329K(352256K), 0.0031170 secs] [Times: user=0.02 sys=0.00, real=0.01 secs] 
158.975: Total time for which application threads were stopped: 0.0033200 seconds, Stopping threads took: 0.0001080 seconds
159.001: Application time: 0.0257120 seconds
159.001: [GC [PSYoungGen: 100512K->8000K(107520K)] 150001K->57645K(352256K), 0.0033630 secs] [Times: user=0.02 sys=0.00, real=0.00 secs] 
159.005: Total time for which application threads were stopped: 0.0035710 seconds, Stopping threads took: 0.0001050 seconds
159.032: Application time: 0.0274750 seconds
159.032: [GC [PSYoungGen: 100672K->8912K(107520K)] 150317K->58557K(352256K), 0.0033240 secs] [Times: user=0.02 sys=0.00, real=0.01 secs] 
159.036: Total time for which application threads were stopped: 0.0034980 seconds, Stopping threads took: 0.0000790 seconds
159.059: Application time: 0.0238460 seconds
159.060: [GC [PSYoungGen: 101584K->10032K(107520K)] 151229K->59677K(352256K), 0.0036420 secs] [Times: user=0.03 sys=0.00, real=0.00 secs] 
159.063: Total time for which application threads were stopped: 0.0038460 seconds, Stopping threads took: 0.0001030 seconds
159.102: Application time: 0.0387960 seconds
159.102: [GC [PSYoungGen: 102704K->9936K(107520K)] 152349K->59581K(352256K), 0.0038870 secs] [Times: user=0.02 sys=0.00, real=0.01 secs] 
159.106: Total time for which application threads were stopped: 0.0040720 seconds, Stopping threads took: 0.0000820 seconds
159.141: Application time: 0.0343770 seconds
159.141: [GC [PSYoungGen: 102608K->7728K(107520K)] 152253K->57373K(352256K), 0.0029950 secs] [Times: user=0.02 sys=0.00, real=0.00 secs] 
159.144: Total time for which application threads were stopped: 0.0031700 seconds, Stopping threads took: 0.0000760 seconds
159.180: Application time: 0.0362050 seconds
159.180: [GC [PSYoungGen: 100400K->7680K(107520K)] 150045K->57333K(352256K), 0.0030690 secs] [Times: user=0.02 sys=0.00, real=0.00 secs] 
159.183: Total time for which application threads were stopped: 0.0032670 seconds, Stopping threads took: 0.0001020 seconds
159.215: Application time: 0.0318460 seconds
159.218: [GC [PSYoungGen: 100352K->7936K(107520K)] 150005K->57589K(352256K), 0.0031430 secs] [Times: user=0.02 sys=0.00, real=0.00 secs] 
159.221: Total time for which application threads were stopped: 0.0061290 seconds, Stopping threads took: 0.0028960 seconds
159.246: Application time: 0.0246110 seconds
159.246: [GC [PSYoungGen: 100608K->7792K(107520K)] 150261K->57445K(352256K), 0.0031050 secs] [Times: user=0.02 sys=0.00, real=0.00 secs] 
159.249: Total time for which application threads were stopped: 0.0033150 seconds, Stopping threads took: 0.0001140 seconds
159.277: Application time: 0.0280740 seconds
159.277: [GC [PSYoungGen: 100464K->9808K(107520K)] 150117K->59461K(352256K), 0.0038230 secs] [Times: user=0.03 sys=0.00, real=0.00 secs] 
159.281: Total time for which application threads were stopped: 0.0040150 seconds, Stopping threads took: 0.0000910 seconds
159.305: Application time: 0.0234080 seconds
159.305: [GC [PSYoungGen: 102480K->10592K(107520K)] 152133K->60245K(352256K), 0.0039760 secs] [Times: user=0.02 sys=0.00, real=0.01 secs] 
159.309: Total time for which application threads were stopped: 0.0041520 seconds, Stopping threads took: 0.0000760 seconds
159.339: Application time: 0.0307500 seconds
159.340: [GC [PSYoungGen: 103264K->13904K(107520K)] 152917K->63557K(352256K), 0.0052620 secs] [Times: user=0.04 sys=0.00, real=0.00 secs] 
159.345: Total time for which application threads were stopped: 0.0054430 seconds, Stopping threads took: 0.0000810 seconds
159.384: Application time: 0.0387060 seconds
159.384: [GC [PSYoungGen: 106576K->8016K(107520K)] 156229K->57669K(352256K), 0.0031400 secs] [Times: user=0.02 sys=0.00, real=0.01 secs] 
159.387: Total time for which application threads were stopped: 0.0033200 seconds, Stopping threads took: 0.0000880 seconds
159.423: Application time: 0.0363840 seconds
159.424: [GC [PSYoungGen: 100688K->7904K(107520K)] 150341K->57557K(352256K), 0.0031040 secs] [Times: user=0.02 sys=0.00, real=0.01 secs] 
159.427: Total time for which application threads were stopped: 0.0033090 seconds, Stopping threads took: 0.0000930 seconds
159.462: Application time: 0.0351910 seconds
159.462: [GC [PSYoungGen: 100576K->7952K(107520K)] 150229K->57605K(352256K), 0.0031910 secs] [Times: user=0.02 sys=0.00, real=0.00 secs] 
159.465: Total time for which application threads were stopped: 0.0033490 seconds, Stopping threads took: 0.0000710 seconds
159.490: Application time: 0.0251750 seconds
159.491: [GC [PSYoungGen: 100624K->7744K(107520K)] 150277K->57397K(352256K), 0.0030580 secs] [Times: user=0.02 sys=0.00, real=0.00 secs] 
159.494: Total time for which application threads were stopped: 0.0032280 seconds, Stopping threads took: 0.0000800 seconds
159.520: Application time: 0.0265930 seconds
159.520: [GC [PSYoungGen: 100416K->7872K(107520K)] 150069K->57525K(352256K), 0.0030870 secs] [Times: user=0.02 sys=0.00, real=0.00 secs] 
159.524: Total time for which application threads were stopped: 0.0032870 seconds, Stopping threads took: 0.0001060 seconds
159.549: Application time: 0.0249970 seconds
159.549: [GC [PSYoungGen: 100544K->12672K(107520K)] 150197K->62325K(352256K), 0.0048800 secs] [Times: user=0.04 sys=0.00, real=0.00 secs] 
159.554: Total time for which application threads were stopped: 0.0050760 seconds, Stopping threads took: 0.0000910 seconds
159.581: Application time: 0.0277280 seconds
159.581: [GC [PSYoungGen: 105344K->8144K(107520K)] 154997K->57797K(352256K), 0.0030490 secs] [Times: user=0.02 sys=0.00, real=0.00 secs] 
159.585: Total time for which application threads were stopped: 0.0032350 seconds, Stopping threads took: 0.0000880 seconds
159.624: Application time: 0.0392700 seconds
159.624: [GC [PSYoungGen: 100816K->8384K(107520K)] 150469K->58037K(352256K), 0.0031850 secs] [Times: user=0.02 sys=0.00, real=0.01 secs] 
159.627: Total time for which application threads were stopped: 0.0033900 seconds, Stopping threads took: 0.0001120 seconds
159.663: Application time: 0.0359370 seconds
159.663: [GC [PSYoungGen: 101056K->7600K(107520K)] 150709K->57253K(352256K), 0.0030790 secs] [Times: user=0.02 sys=0.00, real=0.01 secs] 
159.666: Total time for which application threads were stopped: 0.0032770 seconds, Stopping threads took: 0.0001000 seconds
159.701: Application time: 0.0345700 seconds
159.701: [GC [PSYoungGen: 100272K->7856K(107520K)] 149925K->57605K(352256K), 0.0031460 secs] [Times: user=0.02 sys=0.00, real=0.00 secs] 
159.704: Total time for which application threads were stopped: 0.0033270 seconds, Stopping threads took: 0.0000930 seconds
159.734: Application time: 0.0296420 seconds
159.734: [GC [PSYoungGen: 100528K->7632K(107520K)] 150277K->57469K(352256K), 0.0031190 secs] [Times: user=0.02 sys=0.00, real=0.00 secs] 
159.737: Total time for which application threads were stopped: 0.0033070 seconds, Stopping threads took: 0.0000990 seconds
159.762: Application time: 0.0244590 seconds
159.762: [GC [PSYoungGen: 100304K->7728K(107520K)] 150141K->57705K(352256K), 0.0032310 secs] [Times: user=0.02 sys=0.00, real=0.00 secs] 
159.765: Total time for which application threads were stopped: 0.0034710 seconds, Stopping threads took: 0.0001450 seconds
159.793: Application time: 0.0276710 seconds
159.793: [GC [PSYoungGen: 100400K->7680K(107520K)] 150377K->57657K(352256K), 0.0030300 secs] [Times: user=0.03 sys=0.00, real=0.01 secs] 
159.796: Total time for which application threads were stopped: 0.0032050 seconds, Stopping threads took: 0.0000850 seconds
159.820: Application time: 0.0243520 seconds
159.821: [GC [PSYoungGen: 100343K->10896K(107520K)] 150321K->60873K(352256K), 0.0041030 secs] [Times: user=0.03 sys=0.00, real=0.00 secs] 
159.825: Total time for which application threads were stopped: 0.0043050 seconds, Stopping threads took: 0.0001060 seconds
159.862: Application time: 0.0373670 seconds
159.862: [GC [PSYoungGen: 103568K->9776K(107520K)] 153545K->59769K(352256K), 0.0037270 secs] [Times: user=0.02 sys=0.00, real=0.01 secs] 
159.866: Total time for which application threads were stopped: 0.0039020 seconds, Stopping threads took: 0.0000760 seconds
159.901: Application time: 0.0350940 seconds
159.901: [GC [PSYoungGen: 102448K->7616K(107520K)] 152441K->57609K(352256K), 0.0030250 secs] [Times: user=0.02 sys=0.00, real=0.00 secs] 
159.904: Total time for which application threads were stopped: 0.0032200 seconds, Stopping threads took: 0.0000980 seconds
159.941: Application time: 0.0367110 seconds
159.941: [GC [PSYoungGen: 100288K->7696K(107520K)] 150281K->57689K(352256K), 0.0031080 secs] [Times: user=0.02 sys=0.00, real=0.00 secs] 
159.944: Total time for which application threads were stopped: 0.0033080 seconds, Stopping threads took: 0.0000850 seconds
159.978: Application time: 0.0336770 seconds
159.978: [GC [PSYoungGen: 100368K->7824K(107520K)] 150361K->57817K(352256K), 0.0031010 secs] [Times: user=0.02 sys=0.00, real=0.00 secs] 
159.981: Total time for which application threads were stopped: 0.0032580 seconds, Stopping threads took: 0.0000690 seconds
160.007: Application time: 0.0261510 seconds
160.010: [GC [PSYoungGen: 100496K->7936K(107520K)] 150489K->57929K(352256K), 0.0031190 secs] [Times: user=0.02 sys=0.00, real=0.00 secs] 
160.013: Total time for which application threads were stopped: 0.0056810 seconds, Stopping threads took: 0.0024580 seconds
160.039: Application time: 0.0259470 seconds
160.039: [GC [PSYoungGen: 100608K->7872K(107520K)] 150601K->57865K(352256K), 0.0030150 secs] [Times: user=0.02 sys=0.00, real=0.00 secs] 
160.042: Total time for which application threads were stopped: 0.0031860 seconds, Stopping threads took: 0.0000740 seconds
160.066: Application time: 0.0235880 seconds
160.066: [GC [PSYoungGen: 100544K->11968K(107520K)] 150537K->61961K(352256K), 0.0046220 secs] [Times: user=0.04 sys=0.00, real=0.00 secs] 
160.071: Total time for which application threads were stopped: 0.0047980 seconds, Stopping threads took: 0.0000750 seconds
160.101: Application time: 0.0304370 seconds
160.101: [GC [PSYoungGen: 104640K->11696K(107520K)] 154633K->61689K(352256K), 0.0043740 secs] [Times: user=0.03 sys=0.00, real=0.00 secs] 
160.106: Total time for which application threads were stopped: 0.0045600 seconds, Stopping threads took: 0.0000850 seconds
160.144: Application time: 0.0382590 seconds
160.144: [GC [PSYoungGen: 104368K->8480K(107520K)] 154361K->58473K(352256K), 0.0031980 secs] [Times: user=0.02 sys=0.00, real=0.01 secs] 
160.147: Total time for which application threads were stopped: 0.0033800 seconds, Stopping threads took: 0.0000830 seconds
160.185: Application time: 0.0381390 seconds
160.190: [GC [PSYoungGen: 101152K->7856K(107520K)] 151145K->57849K(352256K), 0.0030410 secs] [Times: user=0.02 sys=0.00, real=0.00 secs] 
160.193: Total time for which application threads were stopped: 0.0076060 seconds, Stopping threads took: 0.0044650 seconds
160.227: Application time: 0.0339020 seconds
160.230: [GC [PSYoungGen: 100528K->7968K(107520K)] 150521K->57961K(352256K), 0.0032260 secs] [Times: user=0.02 sys=0.00, real=0.00 secs] 
160.233: Total time for which application threads were stopped: 0.0063140 seconds, Stopping threads took: 0.0029860 seconds
160.261: Application time: 0.0278550 seconds
160.261: [GC [PSYoungGen: 100640K->7968K(107520K)] 150633K->57961K(352256K), 0.0031140 secs] [Times: user=0.02 sys=0.00, real=0.00 secs] 
160.265: Total time for which application threads were stopped: 0.0033260 seconds, Stopping threads took: 0.0001180 seconds
160.290: Application time: 0.0250300 seconds
160.290: [GC [PSYoungGen: 100640K->7744K(107520K)] 150633K->57737K(352256K), 0.0030590 secs] [Times: user=0.02 sys=0.00, real=0.00 secs] 
160.293: Total time for which application threads were stopped: 0.0032350 seconds, Stopping threads took: 0.0000780 seconds
160.317: Application time: 0.0245140 seconds
160.317: [GC [PSYoungGen: 100416K->10560K(107520K)] 150409K->60553K(352256K), 0.0040620 secs] [Times: user=0.03 sys=0.00, real=0.00 secs] 
160.322: Total time for which application threads were stopped: 0.0042430 seconds, Stopping threads took: 0.0000770 seconds
160.348: Application time: 0.0269600 seconds
160.349: [GC [PSYoungGen: 103232K->8368K(107520K)] 153225K->58361K(352256K), 0.0031400 secs] [Times: user=0.03 sys=0.00, real=0.00 secs] 
160.352: Total time for which application threads were stopped: 0.0033190 seconds, Stopping threads took: 0.0000760 seconds
160.391: Application time: 0.0388600 seconds
160.391: [GC [PSYoungGen: 101040K->10192K(107520K)] 151033K->60185K(352256K), 0.0037860 secs] [Times: user=0.02 sys=0.00, real=0.01 secs] 
160.395: Total time for which application threads were stopped: 0.0039790 seconds, Stopping threads took: 0.0000910 seconds
160.430: Application time: 0.0351860 seconds
160.430: [GC [PSYoungGen: 102864K->7904K(107520K)] 152857K->57897K(352256K), 0.0031220 secs] [Times: user=0.01 sys=0.00, real=0.00 secs] 
160.433: Total time for which application threads were stopped: 0.0032990 seconds, Stopping threads took: 0.0000800 seconds
160.470: Application time: 0.0364410 seconds
160.470: [GC [PSYoungGen: 100576K->7744K(107520K)] 150569K->57793K(352256K), 0.0031080 secs] [Times: user=0.03 sys=0.00, real=0.00 secs] 
160.473: Total time for which application threads were stopped: 0.0033060 seconds, Stopping threads took: 0.0000870 seconds
160.503: Application time: 0.0297690 seconds
160.503: [GC [PSYoungGen: 100416K->7952K(107520K)] 150465K->58081K(352256K), 0.0031500 secs] [Times: user=0.02 sys=0.00, real=0.01 secs] 
160.506: Total time for which application threads were stopped: 0.0033260 seconds, Stopping threads took: 0.0000790 seconds
160.534: Application time: 0.0278140 seconds
160.534: [GC [PSYoungGen: 100624K->7648K(107520K)] 150753K->57950K(352256K), 0.0031370 secs] [Times: user=0.02 sys=0.00, real=0.00 secs] 
160.537: Total time for which application threads were stopped: 0.0033600 seconds, Stopping threads took: 0.0001210 seconds
160.562: Application time: 0.0247660 seconds
160.562: [GC [PSYoungGen: 100320K->9456K(107520K)] 150622K->59758K(352256K), 0.0036390 secs] [Times: user=0.02 sys=0.00, real=0.00 secs] 
160.566: Total time for which application threads were stopped: 0.0037970 seconds, Stopping threads took: 0.0000580 seconds
160.589: Application time: 0.0228650 seconds
160.589: [GC [PSYoungGen: 102128K->11328K(107520K)] 152430K->61630K(352256K), 0.0042880 secs] [Times: user=0.03 sys=0.00, real=0.00 secs] 
160.593: Total time for which application threads were stopped: 0.0044840 seconds, Stopping threads took: 0.0000910 seconds
160.629: Application time: 0.0360550 seconds
160.629: [GC [PSYoungGen: 104000K->10624K(107520K)] 154302K->60926K(352256K), 0.0038410 secs] [Times: user=0.03 sys=0.00, real=0.00 secs] 
160.633: Total time for which application threads were stopped: 0.0040260 seconds, Stopping threads took: 0.0000830 seconds
160.668: Application time: 0.0345110 seconds
160.668: [GC [PSYoungGen: 103296K->7744K(107520K)] 153598K->58053K(352256K), 0.0030190 secs] [Times: user=0.02 sys=0.00, real=0.00 secs] 
160.671: Total time for which application threads were stopped: 0.0031930 seconds, Stopping threads took: 0.0000730 seconds
160.709: Application time: 0.0382090 seconds
160.709: [GC [PSYoungGen: 100416K->7392K(107520K)] 150725K->57702K(352256K), 0.0030130 secs] [Times: user=0.02 sys=0.00, real=0.00 secs] 
160.712: Total time for which application threads were stopped: 0.0032050 seconds, Stopping threads took: 0.0000900 seconds
160.745: Application time: 0.0329410 seconds
160.745: [GC [PSYoungGen: 100064K->7888K(107520K)] 150374K->58198K(352256K), 0.0030110 secs] [Times: user=0.02 sys=0.00, real=0.01 secs] 
160.748: Total time for which application threads were stopped: 0.0031950 seconds, Stopping threads took: 0.0000850 seconds
160.775: Application time: 0.0264080 seconds
160.775: [GC [PSYoungGen: 100560K->7888K(107520K)] 150870K->58198K(352256K), 0.0031360 secs] [Times: user=0.02 sys=0.00, real=0.00 secs] 
160.778: Total time for which application threads were stopped: 0.0033160 seconds, Stopping threads took: 0.0000860 seconds
160.804: Application time: 0.0258830 seconds
160.804: [GC [PSYoungGen: 100560K->8144K(107520K)] 150870K->58454K(352256K), 0.0030590 secs] [Times: user=0.02 sys=0.00, real=0.01 secs] 
160.807: Total time for which application threads were stopped: 0.0032340 seconds, Stopping threads took: 0.0000810 seconds
160.830: Application time: 0.0225230 seconds
160.830: [GC [PSYoungGen: 100816K->8464K(107520K)] 151126K->58774K(352256K), 0.0031380 secs] [Times: user=0.02 sys=0.00, real=0.00 secs] 
160.833: Total time for which application threads were stopped: 0.0033360 seconds, Stopping threads took: 0.0000960 seconds
160.865: Application time: 0.0315920 seconds
160.865: [GC [PSYoungGen: 101136K->10208K(107520K)] 151446K->60518K(352256K), 0.0038120 secs] [Times: user=0.02 sys=0.00, real=0.01 secs] 
160.869: Total time for which application threads were stopped: 0.0039990 seconds, Stopping threads took: 0.0000930 seconds
160.906: Application time: 0.0371740 seconds
160.906: [GC [PSYoungGen: 102880K->8592K(107520K)] 153190K->58902K(352256K), 0.0032750 secs] [Times: user=0.02 sys=0.00, real=0.00 secs] 
160.909: Total time for which application threads were stopped: 0.0034480 seconds, Stopping threads took: 0.0000760 seconds
160.946: Application time: 0.0369910 seconds
160.947: [GC [PSYoungGen: 101264K->7872K(107520K)] 151574K->58182K(352256K), 0.0031170 secs] [Times: user=0.02 sys=0.00, real=0.00 secs] 
160.950: Total time for which application threads were stopped: 0.0033290 seconds, Stopping threads took: 0.0000970 seconds
160.984: Application time: 0.0343530 seconds
160.984: [GC [PSYoungGen: 100544K->7872K(107520K)] 150854K->58182K(352256K), 0.0031800 secs] [Times: user=0.02 sys=0.00, real=0.01 secs] 
160.987: Total time for which application threads were stopped: 0.0033870 seconds, Stopping threads took: 0.0000930 seconds
161.017: Application time: 0.0300060 seconds
161.018: [GC [PSYoungGen: 100544K->7952K(107520K)] 150854K->58262K(352256K), 0.0031030 secs] [Times: user=0.02 sys=0.00, real=0.00 secs] 
161.021: Total time for which application threads were stopped: 0.0033140 seconds, Stopping threads took: 0.0001180 seconds
161.048: Application time: 0.0268060 seconds
161.048: [GC [PSYoungGen: 100624K->7952K(107520K)] 150934K->58262K(352256K), 0.0030150 secs] [Times: user=0.01 sys=0.00, real=0.00 secs] 
161.051: Total time for which application threads were stopped: 0.0031660 seconds, Stopping threads took: 0.0000620 seconds
161.073: Application time: 0.0219950 seconds
161.073: [GC [PSYoungGen: 100624K->9824K(107520K)] 150934K->60134K(352256K), 0.0038630 secs] [Times: user=0.02 sys=0.00, real=0.01 secs] 
161.077: Total time for which application threads were stopped: 0.0040590 seconds, Stopping threads took: 0.0001020 seconds
161.102: Application time: 0.0253500 seconds
161.102: [GC [PSYoungGen: 102496K->11872K(107520K)] 152806K->62182K(352256K), 0.0045580 secs] [Times: user=0.03 sys=0.00, real=0.01 secs] 
161.107: Total time for which application threads were stopped: 0.0047430 seconds, Stopping threads took: 0.0000840 seconds
161.146: Application time: 0.0387220 seconds
161.146: [GC [PSYoungGen: 104544K->10080K(107520K)] 154854K->60390K(352256K), 0.0037580 secs] [Times: user=0.02 sys=0.00, real=0.01 secs] 
161.150: Total time for which application threads were stopped: 0.0039720 seconds, Stopping threads took: 0.0001110 seconds
161.186: Application time: 0.0360210 seconds
161.186: [GC [PSYoungGen: 102752K->7632K(107520K)] 153062K->57942K(352256K), 0.0030560 secs] [Times: user=0.02 sys=0.00, real=0.01 secs] 
161.189: Total time for which application threads were stopped: 0.0032730 seconds, Stopping threads took: 0.0001160 seconds
161.227: Application time: 0.0379990 seconds
161.227: [GC [PSYoungGen: 100304K->7712K(107520K)] 150614K->58070K(352256K), 0.0031450 secs] [Times: user=0.02 sys=0.00, real=0.00 secs] 
161.230: Total time for which application threads were stopped: 0.0033290 seconds, Stopping threads took: 0.0000870 seconds
161.259: Application time: 0.0290150 seconds
161.259: [GC [PSYoungGen: 100384K->7744K(107520K)] 150742K->58198K(352256K), 0.0031040 secs] [Times: user=0.02 sys=0.00, real=0.00 secs] 
161.263: Total time for which application threads were stopped: 0.0033020 seconds, Stopping threads took: 0.0001070 seconds
161.292: Application time: 0.0294210 seconds
161.292: [GC [PSYoungGen: 100416K->7648K(107520K)] 150870K->58242K(352256K), 0.0030860 secs] [Times: user=0.02 sys=0.00, real=0.01 secs] 
161.295: Total time for which application threads were stopped: 0.0032620 seconds, Stopping threads took: 0.0000840 seconds
161.320: Application time: 0.0248190 seconds
161.320: [GC [PSYoungGen: 100320K->8224K(107520K)] 150914K->58866K(352256K), 0.0032860 secs] [Times: user=0.02 sys=0.00, real=0.00 secs] 
161.324: Total time for which application threads were stopped: 0.0034620 seconds, Stopping threads took: 0.0000830 seconds
161.347: Application time: 0.0238970 seconds
161.348: [GC [PSYoungGen: 100896K->8992K(107520K)] 151538K->59634K(352256K), 0.0032810 secs] [Times: user=0.02 sys=0.00, real=0.00 secs] 
161.351: Total time for which application threads were stopped: 0.0034820 seconds, Stopping threads took: 0.0001090 seconds
161.384: Application time: 0.0333000 seconds
161.384: [GC [PSYoungGen: 101664K->10496K(107520K)] 152306K->61138K(352256K), 0.0039490 secs] [Times: user=0.02 sys=0.00, real=0.01 secs] 
161.388: Total time for which application threads were stopped: 0.0041600 seconds, Stopping threads took: 0.0001020 seconds
161.425: Application time: 0.0364010 seconds
161.425: [GC [PSYoungGen: 103168K->7408K(107520K)] 153810K->58058K(352256K), 0.0029640 secs] [Times: user=0.02 sys=0.00, real=0.01 secs] 
161.428: Total time for which application threads were stopped: 0.0031790 seconds, Stopping threads took: 0.0001190 seconds
161.465: Application time: 0.0372550 seconds
161.465: [GC [PSYoungGen: 100080K->7536K(107520K)] 150730K->58186K(352256K), 0.0029780 secs] [Times: user=0.02 sys=0.00, real=0.01 secs] 
161.468: Total time for which application threads were stopped: 0.0031740 seconds, Stopping threads took: 0.0000990 seconds
161.502: Application time: 0.0333880 seconds
161.502: [GC [PSYoungGen: 100208K->7696K(107520K)] 150858K->58346K(352256K), 0.0030520 secs] [Times: user=0.02 sys=0.00, real=0.00 secs] 
161.505: Total time for which application threads were stopped: 0.0032810 seconds, Stopping threads took: 0.0001160 seconds
161.534: Application time: 0.0286580 seconds
161.534: [GC [PSYoungGen: 100368K->7792K(107520K)] 151018K->58442K(352256K), 0.0030650 secs] [Times: user=0.02 sys=0.00, real=0.00 secs] 
161.537: Total time for which application threads were stopped: 0.0032610 seconds, Stopping threads took: 0.0000960 seconds
161.562: Application time: 0.0249080 seconds
161.562: [GC [PSYoungGen: 100464K->7792K(107520K)] 151114K->58442K(352256K), 0.0030280 secs] [Times: user=0.02 sys=0.00, real=0.00 secs] 
161.565: Total time for which application threads were stopped: 0.0031800 seconds, Stopping threads took: 0.0000630 seconds
161.588: Application time: 0.0233910 seconds
161.589: [GC [PSYoungGen: 100464K->10160K(107520K)] 151114K->60810K(352256K), 0.0037610 secs] [Times: user=0.03 sys=0.00, real=0.00 secs] 
161.592: Total time for which application threads were stopped: 0.0039650 seconds, Stopping threads took: 0.0001020 seconds
161.621: Application time: 0.0282720 seconds
161.621: [GC [PSYoungGen: 102832K->11680K(107520K)] 153482K->62330K(352256K), 0.0043120 secs] [Times: user=0.03 sys=0.00, real=0.00 secs] 
161.625: Total time for which application threads were stopped: 0.0045020 seconds, Stopping threads took: 0.0000880 seconds
161.664: Application time: 0.0391840 seconds
161.665: [GC [PSYoungGen: 104352K->8416K(107520K)] 155002K->59066K(352256K), 0.0031260 secs] [Times: user=0.02 sys=0.00, real=0.01 secs] 
161.668: Total time for which application threads were stopped: 0.0032900 seconds, Stopping threads took: 0.0000630 seconds
161.703: Application time: 0.0356680 seconds
161.704: [GC [PSYoungGen: 101088K->7952K(107520K)] 151738K->58602K(352256K), 0.0031970 secs] [Times: user=0.02 sys=0.00, real=0.01 secs] 
161.707: Total time for which application threads were stopped: 0.0033830 seconds, Stopping threads took: 0.0000840 seconds
161.741: Application time: 0.0347460 seconds
161.742: [GC [PSYoungGen: 100624K->7920K(107520K)] 151274K->58570K(352256K), 0.0032000 secs] [Times: user=0.02 sys=0.00, real=0.00 secs] 
161.745: Total time for which application threads were stopped: 0.0033800 seconds, Stopping threads took: 0.0000820 seconds
161.776: Application time: 0.0313790 seconds
161.778: [GC [PSYoungGen: 100592K->7696K(107520K)] 151242K->58346K(352256K), 0.0030410 secs] [Times: user=0.03 sys=0.00, real=0.00 secs] 
161.781: Total time for which application threads were stopped: 0.0047950 seconds, Stopping threads took: 0.0016570 seconds
161.807: Application time: 0.0262350 seconds
161.807: [GC [PSYoungGen: 100368K->7904K(107520K)] 151018K->58554K(352256K), 0.0031080 secs] [Times: user=0.02 sys=0.00, real=0.00 secs] 
161.811: Total time for which application threads were stopped: 0.0033020 seconds, Stopping threads took: 0.0001010 seconds
161.833: Application time: 0.0226480 seconds
161.833: [GC [PSYoungGen: 100576K->7760K(107520K)] 151226K->58410K(352256K), 0.0030200 secs] [Times: user=0.02 sys=0.00, real=0.01 secs] 
161.836: Total time for which application threads were stopped: 0.0031940 seconds, Stopping threads took: 0.0000840 seconds
161.860: Application time: 0.0239950 seconds
161.861: [GC [PSYoungGen: 100432K->12016K(107520K)] 151082K->62666K(352256K), 0.0045740 secs] [Times: user=0.03 sys=0.00, real=0.00 secs] 
161.865: Total time for which application threads were stopped: 0.0047390 seconds, Stopping threads took: 0.0000560 seconds
161.903: Application time: 0.0374650 seconds
161.903: [GC [PSYoungGen: 104688K->13584K(107520K)] 155338K->64234K(352256K), 0.0052880 secs] [Times: user=0.04 sys=0.00, real=0.01 secs] 
161.908: Total time for which application threads were stopped: 0.0054910 seconds, Stopping threads took: 0.0001010 seconds
161.944: Application time: 0.0354430 seconds
161.944: [GC [PSYoungGen: 106256K->8016K(107520K)] 156906K->58666K(352256K), 0.0031230 secs] [Times: user=0.02 sys=0.00, real=0.01 secs] 
161.947: Total time for which application threads were stopped: 0.0033230 seconds, Stopping threads took: 0.0001030 seconds
161.986: Application time: 0.0389910 seconds
161.986: [GC [PSYoungGen: 100688K->7792K(107520K)] 151338K->58442K(352256K), 0.0030310 secs] [Times: user=0.02 sys=0.00, real=0.00 secs] 
161.989: Total time for which application threads were stopped: 0.0032150 seconds, Stopping threads took: 0.0000940 seconds
162.021: Application time: 0.0313790 seconds
162.021: [GC [PSYoungGen: 100464K->7600K(107520K)] 151114K->58378K(352256K), 0.0030500 secs] [Times: user=0.02 sys=0.00, real=0.00 secs] 
162.024: Total time for which application threads were stopped: 0.0032460 seconds, Stopping threads took: 0.0000820 seconds
162.052: Application time: 0.0280580 seconds
162.052: [GC [PSYoungGen: 100272K->7824K(107520K)] 151050K->58758K(352256K), 0.0031380 secs] [Times: user=0.02 sys=0.00, real=0.01 secs] 
162.055: Total time for which application threads were stopped: 0.0033110 seconds, Stopping threads took: 0.0000790 seconds
162.080: Application time: 0.0245430 seconds
162.080: [GC [PSYoungGen: 100496K->7920K(107520K)] 151430K->58902K(352256K), 0.0031450 secs] [Times: user=0.02 sys=0.00, real=0.00 secs] 
162.083: Total time for which application threads were stopped: 0.0033300 seconds, Stopping threads took: 0.0000920 seconds
162.106: Application time: 0.0233440 seconds
162.106: [GC [PSYoungGen: 100592K->10064K(107520K)] 151574K->61046K(352256K), 0.0039170 secs] [Times: user=0.03 sys=0.00, real=0.00 secs] 
162.110: Total time for which application threads were stopped: 0.0040760 seconds, Stopping threads took: 0.0000670 seconds
162.142: Application time: 0.0317790 seconds
162.142: [GC [PSYoungGen: 102736K->9808K(107520K)] 153718K->60790K(352256K), 0.0035670 secs] [Times: user=0.03 sys=0.00, real=0.01 secs] 
162.146: Total time for which application threads were stopped: 0.0037350 seconds, Stopping threads took: 0.0000740 seconds
162.184: Application time: 0.0381310 seconds
162.184: [GC [PSYoungGen: 102480K->7920K(107520K)] 153462K->58918K(352256K), 0.0031430 secs] [Times: user=0.02 sys=0.00, real=0.01 secs] 
162.187: Total time for which application threads were stopped: 0.0033310 seconds, Stopping threads took: 0.0000900 seconds
162.225: Application time: 0.0379910 seconds
162.226: [GC [PSYoungGen: 100592K->7536K(107520K)] 151590K->58534K(352256K), 0.0030460 secs] [Times: user=0.02 sys=0.00, real=0.01 secs] 
162.229: Total time for which application threads were stopped: 0.0032460 seconds, Stopping threads took: 0.0001030 seconds
162.262: Application time: 0.0329780 seconds
162.262: [GC [PSYoungGen: 100208K->7696K(107520K)] 151206K->58694K(352256K), 0.0031040 secs] [Times: user=0.01 sys=0.01, real=0.00 secs] 
162.265: Total time for which application threads were stopped: 0.0032780 seconds, Stopping threads took: 0.0000840 seconds
162.294: Application time: 0.0287640 seconds
162.294: [GC [PSYoungGen: 100368K->8000K(107520K)] 151366K->58998K(352256K), 0.0031630 secs] [Times: user=0.02 sys=0.00, real=0.01 secs] 
162.297: Total time for which application threads were stopped: 0.0033320 seconds, Stopping threads took: 0.0000770 seconds
162.322: Application time: 0.0250340 seconds
162.322: [GC [PSYoungGen: 100672K->7968K(107520K)] 151670K->58966K(352256K), 0.0030820 secs] [Times: user=0.02 sys=0.00, real=0.00 secs] 
162.325: Total time for which application threads were stopped: 0.0032570 seconds, Stopping threads took: 0.0000750 seconds
162.350: Application time: 0.0250120 seconds
162.350: [GC [PSYoungGen: 100640K->8528K(107520K)] 151638K->59526K(352256K), 0.0031460 secs] [Times: user=0.03 sys=0.00, real=0.00 secs] 
162.354: Total time for which application threads were stopped: 0.0033430 seconds, Stopping threads took: 0.0001030 seconds
162.380: Application time: 0.0263670 seconds
162.380: [GC [PSYoungGen: 101200K->10544K(107520K)] 152198K->61542K(352256K), 0.0039000 secs] [Times: user=0.02 sys=0.00, real=0.00 secs] 
162.384: Total time for which application threads were stopped: 0.0040890 seconds, Stopping threads took: 0.0000860 seconds
162.422: Application time: 0.0381320 seconds
162.422: [GC [PSYoungGen: 103216K->9376K(107520K)] 154214K->60374K(352256K), 0.0034320 secs] [Times: user=0.02 sys=0.00, real=0.01 secs] 
162.426: Total time for which application threads were stopped: 0.0036280 seconds, Stopping threads took: 0.0000860 seconds
162.461: Application time: 0.0349270 seconds
162.461: [GC [PSYoungGen: 102048K->7680K(107520K)] 153046K->58678K(352256K), 0.0030340 secs] [Times: user=0.02 sys=0.00, real=0.00 secs] 
162.464: Total time for which application threads were stopped: 0.0031990 seconds, Stopping threads took: 0.0000650 seconds
162.500: Application time: 0.0364130 seconds
162.501: [GC [PSYoungGen: 100352K->7824K(107520K)] 151350K->58822K(352256K), 0.0031290 secs] [Times: user=0.02 sys=0.00, real=0.00 secs] 
162.504: Total time for which application threads were stopped: 0.0033070 seconds, Stopping threads took: 0.0000790 seconds
162.536: Application time: 0.0317620 seconds
162.536: [GC [PSYoungGen: 100496K->7696K(107520K)] 151494K->58694K(352256K), 0.0029950 secs] [Times: user=0.02 sys=0.00, real=0.00 secs] 
162.539: Total time for which application threads were stopped: 0.0032150 seconds, Stopping threads took: 0.0001070 seconds
162.565: Application time: 0.0259800 seconds
162.565: [GC [PSYoungGen: 100368K->7920K(107520K)] 151366K->58918K(352256K), 0.0031380 secs] [Times: user=0.02 sys=0.00, real=0.01 secs] 
162.568: Total time for which application threads were stopped: 0.0033340 seconds, Stopping threads took: 0.0000930 seconds
162.591: Application time: 0.0231360 seconds
162.591: [GC [PSYoungGen: 100592K->8208K(107520K)] 151590K->59206K(352256K), 0.0030680 secs] [Times: user=0.03 sys=0.00, real=0.01 secs] 
162.594: Total time for which application threads were stopped: 0.0032560 seconds, Stopping threads took: 0.0000870 seconds
162.617: Application time: 0.0229940 seconds
162.618: [GC [PSYoungGen: 100880K->13056K(107520K)] 151878K->64054K(352256K), 0.0050020 secs] [Times: user=0.04 sys=0.00, real=0.00 secs] 
162.623: Total time for which application threads were stopped: 0.0051920 seconds, Stopping threads took: 0.0000850 seconds
162.657: Application time: 0.0344850 seconds
162.657: [GC [PSYoungGen: 105728K->14288K(107520K)] 156726K->65286K(352256K), 0.0054850 secs] [Times: user=0.04 sys=0.00, real=0.00 secs] 
162.663: Total time for which application threads were stopped: 0.0056640 seconds, Stopping threads took: 0.0000740 seconds
162.700: Application time: 0.0371060 seconds
162.700: [GC [PSYoungGen: 106960K->7840K(107520K)] 157958K->58838K(352256K), 0.0031040 secs] [Times: user=0.02 sys=0.00, real=0.00 secs] 
162.703: Total time for which application threads were stopped: 0.0032900 seconds, Stopping threads took: 0.0000840 seconds
162.742: Application time: 0.0391790 seconds
162.746: [GC [PSYoungGen: 100512K->7856K(107520K)] 151510K->58854K(352256K), 0.0031380 secs] [Times: user=0.02 sys=0.00, real=0.00 secs] 
162.749: Total time for which application threads were stopped: 0.0067960 seconds, Stopping threads took: 0.0035620 seconds
162.781: Application time: 0.0316640 seconds
162.781: [GC [PSYoungGen: 100528K->7792K(107520K)] 151526K->58918K(352256K), 0.0031300 secs] [Times: user=0.02 sys=0.00, real=0.00 secs] 
162.784: Total time for which application threads were stopped: 0.0033280 seconds, Stopping threads took: 0.0000960 seconds
162.813: Application time: 0.0292030 seconds
162.814: [GC [PSYoungGen: 100464K->7920K(107520K)] 151590K->59142K(352256K), 0.0030800 secs] [Times: user=0.02 sys=0.00, real=0.01 secs] 
162.817: Total time for which application threads were stopped: 0.0032770 seconds, Stopping threads took: 0.0001020 seconds
162.840: Application time: 0.0236240 seconds
162.840: [GC [PSYoungGen: 100592K->7888K(107520K)] 151814K->59230K(352256K), 0.0031330 secs] [Times: user=0.02 sys=0.00, real=0.00 secs] 
162.844: Total time for which application threads were stopped: 0.0033000 seconds, Stopping threads took: 0.0000730 seconds
162.869: Application time: 0.0254830 seconds
162.869: [GC [PSYoungGen: 100560K->9280K(107520K)] 151902K->60622K(352256K), 0.0036810 secs] [Times: user=0.03 sys=0.00, real=0.00 secs] 
162.873: Total time for which application threads were stopped: 0.0038710 seconds, Stopping threads took: 0.0000970 seconds
162.902: Application time: 0.0287720 seconds
162.902: [GC [PSYoungGen: 101952K->9152K(107520K)] 153294K->60494K(352256K), 0.0032290 secs] [Times: user=0.02 sys=0.00, real=0.00 secs] 
162.905: Total time for which application threads were stopped: 0.0034220 seconds, Stopping threads took: 0.0000930 seconds
162.943: Application time: 0.0381550 seconds
162.943: [GC [PSYoungGen: 101824K->7648K(107520K)] 153166K->58998K(352256K), 0.0030810 secs] [Times: user=0.02 sys=0.00, real=0.01 secs] 
162.947: Total time for which application threads were stopped: 0.0032900 seconds, Stopping threads took: 0.0001070 seconds
162.983: Application time: 0.0367120 seconds
162.983: [GC [PSYoungGen: 100320K->7536K(107520K)] 151670K->58886K(352256K), 0.0029840 secs] [Times: user=0.02 sys=0.00, real=0.01 secs] 
162.986: Total time for which application threads were stopped: 0.0031680 seconds, Stopping threads took: 0.0000810 seconds
163.020: Application time: 0.0334160 seconds
163.020: [GC [PSYoungGen: 100208K->7680K(107520K)] 151558K->59030K(352256K), 0.0030570 secs] [Times: user=0.02 sys=0.00, real=0.00 secs] 
163.023: Total time for which application threads were stopped: 0.0032470 seconds, Stopping threads took: 0.0000910 seconds
163.054: Application time: 0.0306340 seconds
163.054: [GC [PSYoungGen: 100352K->7664K(107520K)] 151702K->59014K(352256K), 0.0030350 secs] [Times: user=0.02 sys=0.00, real=0.00 secs] 
163.057: Total time for which application threads were stopped: 0.0032430 seconds, Stopping threads took: 0.0000790 seconds
163.082: Application time: 0.0253250 seconds
163.082: [GC [PSYoungGen: 100336K->8224K(107520K)] 151686K->59574K(352256K), 0.0031800 secs] [Times: user=0.02 sys=0.00, real=0.00 secs] 
163.086: Total time for which application threads were stopped: 0.0033740 seconds, Stopping threads took: 0.0000770 seconds
163.111: Application time: 0.0248720 seconds
163.111: [GC [PSYoungGen: 100896K->7840K(107520K)] 152246K->59190K(352256K), 0.0030580 secs] [Times: user=0.02 sys=0.00, real=0.00 secs] 
163.114: Total time for which application threads were stopped: 0.0032450 seconds, Stopping threads took: 0.0000900 seconds
163.139: Application time: 0.0254150 seconds
163.139: [GC [PSYoungGen: 100512K->14112K(107520K)] 151862K->65462K(352256K), 0.0053700 secs] [Times: user=0.04 sys=0.00, real=0.00 secs] 
163.145: Total time for which application threads were stopped: 0.0055460 seconds, Stopping threads took: 0.0000730 seconds
163.180: Application time: 0.0352290 seconds
163.180: [GC [PSYoungGen: 106784K->14560K(107520K)] 158134K->65910K(352256K), 0.0056040 secs] [Times: user=0.04 sys=0.00, real=0.00 secs] 
163.186: Total time for which application threads were stopped: 0.0057900 seconds, Stopping threads took: 0.0000850 seconds
163.222: Application time: 0.0366150 seconds
163.223: [GC [PSYoungGen: 107232K->7616K(107520K)] 158582K->58966K(352256K), 0.0030160 secs] [Times: user=0.02 sys=0.00, real=0.00 secs] 
163.226: Total time for which application threads were stopped: 0.0032010 seconds, Stopping threads took: 0.0000850 seconds
163.264: Application time: 0.0383120 seconds
163.266: [GC [PSYoungGen: 100288K->7760K(107520K)] 151638K->59110K(352256K), 0.0030630 secs] [Times: user=0.02 sys=0.00, real=0.00 secs] 
163.269: Total time for which application threads were stopped: 0.0052160 seconds, Stopping threads took: 0.0020490 seconds
163.301: Application time: 0.0322000 seconds
163.302: [GC [PSYoungGen: 100432K->7968K(107520K)] 151782K->59318K(352256K), 0.0031410 secs] [Times: user=0.02 sys=0.00, real=0.00 secs] 
163.305: Total time for which application threads were stopped: 0.0033540 seconds, Stopping threads took: 0.0001180 seconds
163.331: Application time: 0.0260390 seconds
163.331: [GC [PSYoungGen: 100640K->7888K(107520K)] 151990K->59238K(352256K), 0.0031530 secs] [Times: user=0.02 sys=0.00, real=0.01 secs] 
163.334: Total time for which application threads were stopped: 0.0033240 seconds, Stopping threads took: 0.0000750 seconds
163.357: Application time: 0.0231180 seconds
163.357: [GC [PSYoungGen: 100560K->8208K(107520K)] 151910K->59558K(352256K), 0.0031760 secs] [Times: user=0.02 sys=0.00, real=0.00 secs] 
163.361: Total time for which application threads were stopped: 0.0033310 seconds, Stopping threads took: 0.0000670 seconds
163.385: Application time: 0.0241510 seconds
163.385: [GC [PSYoungGen: 100880K->10704K(107520K)] 152230K->62054K(352256K), 0.0040670 secs] [Times: user=0.03 sys=0.00, real=0.01 secs] 
163.389: Total time for which application threads were stopped: 0.0042490 seconds, Stopping threads took: 0.0000840 seconds
163.422: Application time: 0.0332600 seconds
163.422: [GC [PSYoungGen: 103376K->10656K(107520K)] 154726K->62006K(352256K), 0.0039130 secs] [Times: user=0.02 sys=0.00, real=0.01 secs] 
163.426: Total time for which application threads were stopped: 0.0040750 seconds, Stopping threads took: 0.0000700 seconds
163.463: Application time: 0.0366400 seconds
163.463: [GC [PSYoungGen: 103328K->7840K(107520K)] 154678K->59190K(352256K), 0.0030620 secs] [Times: user=0.02 sys=0.00, real=0.01 secs] 
163.466: Total time for which application threads were stopped: 0.0032670 seconds, Stopping threads took: 0.0001090 seconds
163.505: Application time: 0.0385140 seconds
163.506: [GC [PSYoungGen: 100512K->7952K(107520K)] 151862K->59302K(352256K), 0.0030760 secs] [Times: user=0.02 sys=0.00, real=0.00 secs] 
163.509: Total time for which application threads were stopped: 0.0043690 seconds, Stopping threads took: 0.0011940 seconds
163.541: Application time: 0.0317600 seconds
163.541: [GC [PSYoungGen: 100624K->7680K(107520K)] 151974K->59118K(352256K), 0.0030930 secs] [Times: user=0.02 sys=0.00, real=0.00 secs] 
163.544: Total time for which application threads were stopped: 0.0033000 seconds, Stopping threads took: 0.0001110 seconds
163.573: Application time: 0.0286780 seconds
163.573: [GC [PSYoungGen: 100352K->7568K(107520K)] 151790K->59094K(352256K), 0.0030220 secs] [Times: user=0.02 sys=0.00, real=0.01 secs] 
163.576: Total time for which application threads were stopped: 0.0032410 seconds, Stopping threads took: 0.0001110 seconds
163.600: Application time: 0.0241420 seconds
163.600: [GC [PSYoungGen: 100240K->7648K(107520K)] 151766K->59323K(352256K), 0.0031000 secs] [Times: user=0.02 sys=0.00, real=0.00 secs] 
163.604: Total time for which application threads were stopped: 0.0032890 seconds, Stopping threads took: 0.0001010 seconds
163.629: Application time: 0.0252490 seconds
163.629: [GC [PSYoungGen: 100320K->8096K(107520K)] 151995K->59771K(352256K), 0.0030140 secs] [Times: user=0.02 sys=0.00, real=0.00 secs] 
163.632: Total time for which application threads were stopped: 0.0031890 seconds, Stopping threads took: 0.0000800 seconds
163.659: Application time: 0.0275150 seconds
163.660: [GC [PSYoungGen: 100768K->8896K(107520K)] 152443K->60571K(352256K), 0.0032140 secs] [Times: user=0.02 sys=0.00, real=0.00 secs] 
163.663: Total time for which application threads were stopped: 0.0033950 seconds, Stopping threads took: 0.0000830 seconds
163.700: Application time: 0.0372940 seconds
163.700: [GC [PSYoungGen: 101568K->8304K(107520K)] 153243K->59995K(352256K), 0.0031330 secs] [Times: user=0.03 sys=0.00, real=0.00 secs] 
163.703: Total time for which application threads were stopped: 0.0033210 seconds, Stopping threads took: 0.0000750 seconds
163.739: Application time: 0.0357990 seconds
163.739: [GC [PSYoungGen: 100976K->7552K(107520K)] 152667K->59243K(352256K), 0.0029800 secs] [Times: user=0.02 sys=0.00, real=0.00 secs] 
163.742: Total time for which application threads were stopped: 0.0031720 seconds, Stopping threads took: 0.0000930 seconds
163.777: Application time: 0.0345690 seconds
163.777: [GC [PSYoungGen: 100223K->7776K(107520K)] 151914K->59467K(352256K), 0.0031040 secs] [Times: user=0.02 sys=0.00, real=0.00 secs] 
163.780: Total time for which application threads were stopped: 0.0033060 seconds, Stopping threads took: 0.0001060 seconds
163.812: Application time: 0.0317380 seconds
163.812: [GC [PSYoungGen: 100448K->7680K(107520K)] 152139K->59371K(352256K), 0.0030180 secs] [Times: user=0.03 sys=0.00, real=0.01 secs] 
163.815: Total time for which application threads were stopped: 0.0032050 seconds, Stopping threads took: 0.0000900 seconds
163.841: Application time: 0.0258770 seconds
163.841: [GC [PSYoungGen: 100352K->7952K(107520K)] 152043K->59643K(352256K), 0.0031780 secs] [Times: user=0.02 sys=0.00, real=0.00 secs] 
163.845: Total time for which application threads were stopped: 0.0033540 seconds, Stopping threads took: 0.0000830 seconds
163.868: Application time: 0.0234310 seconds
163.868: [GC [PSYoungGen: 100624K->8000K(107520K)] 152315K->59691K(352256K), 0.0031070 secs] [Times: user=0.02 sys=0.00, real=0.00 secs] 
163.871: Total time for which application threads were stopped: 0.0032900 seconds, Stopping threads took: 0.0000860 seconds
163.896: Application time: 0.0243800 seconds
163.896: [GC [PSYoungGen: 100672K->14128K(107520K)] 152363K->65819K(352256K), 0.0054770 secs] [Times: user=0.04 sys=0.00, real=0.00 secs] 
163.901: Total time for which application threads were stopped: 0.0056430 seconds, Stopping threads took: 0.0000580 seconds
163.936: Application time: 0.0346570 seconds
163.936: [GC [PSYoungGen: 106800K->13520K(107520K)] 158491K->65211K(352256K), 0.0051500 secs] [Times: user=0.04 sys=0.00, real=0.00 secs] 
163.941: Total time for which application threads were stopped: 0.0053360 seconds, Stopping threads took: 0.0000820 seconds
163.978: Application time: 0.0362320 seconds
163.978: [GC [PSYoungGen: 106192K->7920K(107520K)] 157883K->59611K(352256K), 0.0030800 secs] [Times: user=0.02 sys=0.00, real=0.00 secs] 
163.981: Total time for which application threads were stopped: 0.0032590 seconds, Stopping threads took: 0.0000810 seconds
164.021: Application time: 0.0398110 seconds
164.021: [GC [PSYoungGen: 100592K->8032K(107520K)] 152283K->59723K(352256K), 0.0031400 secs] [Times: user=0.02 sys=0.00, real=0.00 secs] 
164.024: Total time for which application threads were stopped: 0.0033340 seconds, Stopping threads took: 0.0000980 seconds
164.055: Application time: 0.0314310 seconds
164.056: [GC [PSYoungGen: 100704K->7840K(107520K)] 152395K->59531K(352256K), 0.0030820 secs] [Times: user=0.02 sys=0.00, real=0.00 secs] 
164.059: Total time for which application threads were stopped: 0.0032760 seconds, Stopping threads took: 0.0001010 seconds
164.087: Application time: 0.0279630 seconds
164.087: [GC [PSYoungGen: 100512K->7904K(107520K)] 152203K->59595K(352256K), 0.0031580 secs] [Times: user=0.02 sys=0.00, real=0.00 secs] 
164.090: Total time for which application threads were stopped: 0.0033560 seconds, Stopping threads took: 0.0000850 seconds
164.113: Application time: 0.0229350 seconds
164.113: [GC [PSYoungGen: 100576K->8080K(107520K)] 152267K->59771K(352256K), 0.0030960 secs] [Times: user=0.03 sys=0.00, real=0.01 secs] 
164.116: Total time for which application threads were stopped: 0.0032810 seconds, Stopping threads took: 0.0000960 seconds
164.140: Application time: 0.0238400 seconds
164.140: [GC [PSYoungGen: 100752K->8144K(107520K)] 152443K->59835K(352256K), 0.0030460 secs] [Times: user=0.02 sys=0.00, real=0.00 secs] 
164.143: Total time for which application threads were stopped: 0.0032360 seconds, Stopping threads took: 0.0000810 seconds
164.175: Application time: 0.0322270 seconds
164.176: [GC [PSYoungGen: 100816K->8688K(107520K)] 152507K->60379K(352256K), 0.0032170 secs] [Times: user=0.02 sys=0.00, real=0.00 secs] 
164.179: Total time for which application threads were stopped: 0.0033970 seconds, Stopping threads took: 0.0000810 seconds
164.215: Application time: 0.0360310 seconds
164.215: [GC [PSYoungGen: 101360K->8368K(107520K)] 153051K->60059K(352256K), 0.0032270 secs] [Times: user=0.02 sys=0.00, real=0.00 secs] 
164.218: Total time for which application threads were stopped: 0.0033900 seconds, Stopping threads took: 0.0000660 seconds
164.256: Application time: 0.0379520 seconds
164.256: [GC [PSYoungGen: 101040K->7792K(107520K)] 152731K->59483K(352256K), 0.0031440 secs] [Times: user=0.02 sys=0.00, real=0.00 secs] 
164.260: Total time for which application threads were stopped: 0.0033390 seconds, Stopping threads took: 0.0000940 seconds
164.292: Application time: 0.0321520 seconds
164.292: [GC [PSYoungGen: 100464K->7856K(107520K)] 152155K->59603K(352256K), 0.0030960 secs] [Times: user=0.02 sys=0.00, real=0.01 secs] 
164.295: Total time for which application threads were stopped: 0.0032960 seconds, Stopping threads took: 0.0000990 seconds
164.326: Application time: 0.0313380 seconds
164.327: [GC [PSYoungGen: 100528K->7776K(107520K)] 152275K->59639K(352256K), 0.0030590 secs] [Times: user=0.02 sys=0.00, real=0.00 secs] 
164.330: Total time for which application threads were stopped: 0.0032400 seconds, Stopping threads took: 0.0000830 seconds
164.356: Application time: 0.0259950 seconds
164.356: [GC [PSYoungGen: 100448K->7616K(107520K)] 152311K->59623K(352256K), 0.0031750 secs] [Times: user=0.02 sys=0.00, real=0.00 secs] 
164.359: Total time for which application threads were stopped: 0.0033720 seconds, Stopping threads took: 0.0001010 seconds
164.382: Application time: 0.0233930 seconds
164.383: [GC [PSYoungGen: 100288K->7760K(107520K)] 152295K->59767K(352256K), 0.0028990 secs] [Times: user=0.02 sys=0.00, real=0.00 secs] 
164.386: Total time for which application threads were stopped: 0.0030810 seconds, Stopping threads took: 0.0000830 seconds
164.411: Application time: 0.0253710 seconds
164.411: [GC [PSYoungGen: 100432K->14832K(107520K)] 152439K->67503K(352256K), 0.0059650 secs] [Times: user=0.05 sys=0.00, real=0.01 secs] 
164.417: Total time for which application threads were stopped: 0.0061340 seconds, Stopping threads took: 0.0000660 seconds
164.456: Application time: 0.0391340 seconds
164.456: [GC [PSYoungGen: 107504K->11984K(107520K)] 160175K->64655K(352256K), 0.0045700 secs] [Times: user=0.03 sys=0.00, real=0.00 secs] 
164.461: Total time for which application threads were stopped: 0.0047520 seconds, Stopping threads took: 0.0000800 seconds
164.496: Application time: 0.0347520 seconds
164.496: [GC [PSYoungGen: 104656K->11104K(107520K)] 157327K->63783K(352256K), 0.0043770 secs] [Times: user=0.03 sys=0.00, real=0.00 secs] 
164.500: Total time for which application threads were stopped: 0.0045680 seconds, Stopping threads took: 0.0000880 seconds
164.539: Application time: 0.0388790 seconds
164.539: [GC [PSYoungGen: 103776K->11296K(107520K)] 156455K->63975K(352256K), 0.0044230 secs] [Times: user=0.03 sys=0.00, real=0.00 secs] 
164.544: Total time for which application threads were stopped: 0.0045860 seconds, Stopping threads took: 0.0000600 seconds
164.573: Application time: 0.0293510 seconds
164.573: [GC [PSYoungGen: 103968K->11328K(107520K)] 156647K->64007K(352256K), 0.0044610 secs] [Times: user=0.03 sys=0.00, real=0.01 secs] 
164.578: Total time for which application threads were stopped: 0.0046430 seconds, Stopping threads took: 0.0000810 seconds
164.607: Application time: 0.0295450 seconds
164.607: [GC [PSYoungGen: 104000K->11744K(107520K)] 156679K->64423K(352256K), 0.0046010 secs] [Times: user=0.03 sys=0.00, real=0.00 secs] 
164.612: Total time for which application threads were stopped: 0.0048030 seconds, Stopping threads took: 0.0000830 seconds
164.635: Application time: 0.0224840 seconds
164.635: [GC [PSYoungGen: 104416K->11584K(107520K)] 157095K->64263K(352256K), 0.0045180 secs] [Times: user=0.02 sys=0.00, real=0.00 secs] 
164.639: Total time for which application threads were stopped: 0.0046850 seconds, Stopping threads took: 0.0000670 seconds
164.661: Application time: 0.0220210 seconds
164.661: [GC [PSYoungGen: 104256K->14400K(107520K)] 156935K->67079K(352256K), 0.0056280 secs] [Times: user=0.04 sys=0.00, real=0.01 secs] 
164.667: Total time for which application threads were stopped: 0.0057960 seconds, Stopping threads took: 0.0000690 seconds
164.703: Application time: 0.0360380 seconds
164.703: [GC [PSYoungGen: 107072K->14816K(107520K)] 159751K->70258K(352256K), 0.0067620 secs] [Times: user=0.05 sys=0.00, real=0.01 secs] 
164.710: Total time for which application threads were stopped: 0.0069580 seconds, Stopping threads took: 0.0000920 seconds
164.745: Application time: 0.0345060 seconds
164.745: [GC [PSYoungGen: 107488K->13344K(107520K)] 162930K->68786K(352256K), 0.0053670 secs] [Times: user=0.04 sys=0.00, real=0.01 secs] 
164.750: Total time for which application threads were stopped: 0.0055700 seconds, Stopping threads took: 0.0000970 seconds
164.790: Application time: 0.0402570 seconds
164.791: [GC [PSYoungGen: 106016K->13056K(107520K)] 161458K->68498K(352256K), 0.0052700 secs] [Times: user=0.04 sys=0.00, real=0.01 secs] 
164.796: Total time for which application threads were stopped: 0.0054700 seconds, Stopping threads took: 0.0000990 seconds
164.828: Application time: 0.0319850 seconds
164.828: [GC [PSYoungGen: 105728K->12896K(107520K)] 161170K->68338K(352256K), 0.0052530 secs] [Times: user=0.04 sys=0.00, real=0.00 secs] 
164.833: Total time for which application threads were stopped: 0.0054240 seconds, Stopping threads took: 0.0000690 seconds
164.862: Application time: 0.0284680 seconds
164.862: [GC [PSYoungGen: 105568K->12960K(107520K)] 161010K->68402K(352256K), 0.0053080 secs] [Times: user=0.04 sys=0.00, real=0.01 secs] 
164.867: Total time for which application threads were stopped: 0.0055350 seconds, Stopping threads took: 0.0001150 seconds
164.892: Application time: 0.0248570 seconds
164.892: [GC [PSYoungGen: 105632K->12928K(107520K)] 161074K->68370K(352256K), 0.0052490 secs] [Times: user=0.04 sys=0.00, real=0.01 secs] 
164.898: Total time for which application threads were stopped: 0.0054330 seconds, Stopping threads took: 0.0000820 seconds
164.919: Application time: 0.0218240 seconds
164.920: [GC [PSYoungGen: 105600K->13088K(107520K)] 161042K->68530K(352256K), 0.0053980 secs] [Times: user=0.03 sys=0.00, real=0.00 secs] 
164.925: Total time for which application threads were stopped: 0.0056120 seconds, Stopping threads took: 0.0001070 seconds
164.956: Application time: 0.0307500 seconds
164.956: [GC [PSYoungGen: 105760K->11808K(107520K)] 161202K->70749K(352256K), 0.0060220 secs] [Times: user=0.04 sys=0.00, real=0.00 secs] 
164.962: Total time for which application threads were stopped: 0.0062180 seconds, Stopping threads took: 0.0000930 seconds
164.999: Application time: 0.0368250 seconds
164.999: [GC [PSYoungGen: 104480K->9872K(107520K)] 163421K->68982K(352256K), 0.0059270 secs] [Times: user=0.04 sys=0.00, real=0.00 secs] 
165.005: Total time for which application threads were stopped: 0.0061150 seconds, Stopping threads took: 0.0000860 seconds
165.042: Application time: 0.0368010 seconds
165.046: [GC [PSYoungGen: 102544K->9392K(107520K)] 161654K->68502K(352256K), 0.0041440 secs] [Times: user=0.02 sys=0.00, real=0.00 secs] 
165.050: Total time for which application threads were stopped: 0.0084720 seconds, Stopping threads took: 0.0042270 seconds
165.085: Application time: 0.0352620 seconds
165.086: [GC [PSYoungGen: 102064K->9568K(107520K)] 161174K->68677K(352256K), 0.0040250 secs] [Times: user=0.03 sys=0.00, real=0.01 secs] 
165.090: Total time for which application threads were stopped: 0.0042000 seconds, Stopping threads took: 0.0000740 seconds
165.118: Application time: 0.0287230 seconds
165.119: [GC [PSYoungGen: 102240K->9392K(107520K)] 161349K->68662K(352256K), 0.0039600 secs] [Times: user=0.03 sys=0.00, real=0.00 secs] 
165.123: Total time for which application threads were stopped: 0.0042080 seconds, Stopping threads took: 0.0001140 seconds
165.151: Application time: 0.0279390 seconds
165.151: [GC [PSYoungGen: 102064K->9280K(107520K)] 161334K->68694K(352256K), 0.0038470 secs] [Times: user=0.03 sys=0.00, real=0.01 secs] 
165.155: Total time for which application threads were stopped: 0.0040230 seconds, Stopping threads took: 0.0000790 seconds
165.178: Application time: 0.0230320 seconds
165.178: [GC [PSYoungGen: 101952K->9344K(107520K)] 161366K->68758K(352256K), 0.0038570 secs] [Times: user=0.03 sys=0.00, real=0.00 secs] 
165.182: Total time for which application threads were stopped: 0.0040240 seconds, Stopping threads took: 0.0000720 seconds
165.205: Application time: 0.0228740 seconds
165.205: [GC [PSYoungGen: 102016K->14832K(107520K)] 161430K->74342K(352256K), 0.0060640 secs] [Times: user=0.04 sys=0.00, real=0.01 secs] 
165.211: Total time for which application threads were stopped: 0.0062560 seconds, Stopping threads took: 0.0000900 seconds
165.250: Application time: 0.0395260 seconds
165.254: [GC [PSYoungGen: 107504K->13392K(107520K)] 167014K->74518K(352256K), 0.0056600 secs] [Times: user=0.04 sys=0.00, real=0.00 secs] 
165.260: Total time for which application threads were stopped: 0.0094130 seconds, Stopping threads took: 0.0036490 seconds
165.293: Application time: 0.0334850 seconds
165.293: [GC [PSYoungGen: 106064K->10176K(107520K)] 167190K->71310K(352256K), 0.0039940 secs] [Times: user=0.03 sys=0.00, real=0.01 secs] 
165.297: Total time for which application threads were stopped: 0.0042050 seconds, Stopping threads took: 0.0001050 seconds
165.337: Application time: 0.0399800 seconds
165.338: [GC [PSYoungGen: 102848K->10240K(107520K)] 163982K->71374K(352256K), 0.0038480 secs] [Times: user=0.03 sys=0.00, real=0.00 secs] 
165.341: Total time for which application threads were stopped: 0.0040380 seconds, Stopping threads took: 0.0000880 seconds
165.372: Application time: 0.0305360 seconds
165.372: [GC [PSYoungGen: 102912K->10400K(107520K)] 164046K->71534K(352256K), 0.0040780 secs] [Times: user=0.03 sys=0.00, real=0.01 secs] 
165.376: Total time for which application threads were stopped: 0.0042830 seconds, Stopping threads took: 0.0001050 seconds
165.405: Application time: 0.0288940 seconds
165.405: [GC [PSYoungGen: 103072K->10432K(107520K)] 164206K->71566K(352256K), 0.0040340 secs] [Times: user=0.02 sys=0.00, real=0.01 secs] 
165.409: Total time for which application threads were stopped: 0.0042280 seconds, Stopping threads took: 0.0001030 seconds
165.433: Application time: 0.0234800 seconds
165.433: [GC [PSYoungGen: 103104K->10496K(107520K)] 164238K->71630K(352256K), 0.0040290 secs] [Times: user=0.03 sys=0.00, real=0.01 secs] 
165.437: Total time for which application threads were stopped: 0.0042180 seconds, Stopping threads took: 0.0000970 seconds
165.459: Application time: 0.0220440 seconds
165.459: [GC [PSYoungGen: 103168K->12112K(107520K)] 164302K->73246K(352256K), 0.0045470 secs] [Times: user=0.03 sys=0.00, real=0.00 secs] 
165.464: Total time for which application threads were stopped: 0.0047390 seconds, Stopping threads took: 0.0000880 seconds
165.496: Application time: 0.0324710 seconds
165.496: [GC [PSYoungGen: 104784K->14832K(107520K)] 165918K->78288K(352256K), 0.0064380 secs] [Times: user=0.05 sys=0.00, real=0.00 secs] 
165.503: Total time for which application threads were stopped: 0.0066220 seconds, Stopping threads took: 0.0000840 seconds
165.540: Application time: 0.0367620 seconds
165.540: [GC [PSYoungGen: 107504K->12768K(107520K)] 170960K->76224K(352256K), 0.0051790 secs] [Times: user=0.04 sys=0.00, real=0.00 secs] 
165.545: Total time for which application threads were stopped: 0.0053680 seconds, Stopping threads took: 0.0000860 seconds
165.584: Application time: 0.0390850 seconds
165.584: [GC [PSYoungGen: 105440K->12528K(107520K)] 168896K->75984K(352256K), 0.0049360 secs] [Times: user=0.04 sys=0.00, real=0.01 secs] 
165.589: Total time for which application threads were stopped: 0.0051620 seconds, Stopping threads took: 0.0001140 seconds
165.622: Application time: 0.0330400 seconds
165.623: [GC [PSYoungGen: 105200K->12576K(107520K)] 168656K->76032K(352256K), 0.0050440 secs] [Times: user=0.04 sys=0.00, real=0.01 secs] 
165.628: Total time for which application threads were stopped: 0.0052440 seconds, Stopping threads took: 0.0000740 seconds
165.656: Application time: 0.0285570 seconds
165.656: [GC [PSYoungGen: 105248K->12560K(107520K)] 168704K->76016K(352256K), 0.0049770 secs] [Times: user=0.04 sys=0.00, real=0.00 secs] 
165.661: Total time for which application threads were stopped: 0.0051980 seconds, Stopping threads took: 0.0001150 seconds
165.687: Application time: 0.0254070 seconds
165.687: [GC [PSYoungGen: 105232K->12528K(107520K)] 168688K->75984K(352256K), 0.0050160 secs] [Times: user=0.03 sys=0.00, real=0.00 secs] 
165.692: Total time for which application threads were stopped: 0.0052330 seconds, Stopping threads took: 0.0001100 seconds
165.715: Application time: 0.0224950 seconds
165.715: [GC [PSYoungGen: 105200K->12688K(107520K)] 168656K->76144K(352256K), 0.0051500 secs] [Times: user=0.04 sys=0.00, real=0.00 secs] 
165.720: Total time for which application threads were stopped: 0.0053190 seconds, Stopping threads took: 0.0000710 seconds
165.747: Application time: 0.0269620 seconds
165.747: [GC [PSYoungGen: 105360K->12480K(107520K)] 168816K->78420K(352256K), 0.0056730 secs] [Times: user=0.04 sys=0.00, real=0.00 secs] 
165.753: Total time for which application threads were stopped: 0.0058390 seconds, Stopping threads took: 0.0000640 seconds
165.792: Application time: 0.0390380 seconds
165.792: [GC [PSYoungGen: 105152K->10480K(107520K)] 171092K->76420K(352256K), 0.0040590 secs] [Times: user=0.02 sys=0.00, real=0.01 secs] 
165.796: Total time for which application threads were stopped: 0.0042440 seconds, Stopping threads took: 0.0000820 seconds
165.833: Application time: 0.0366620 seconds
165.833: [GC [PSYoungGen: 103152K->9824K(107520K)] 169092K->75764K(352256K), 0.0039420 secs] [Times: user=0.03 sys=0.00, real=0.01 secs] 
165.837: Total time for which application threads were stopped: 0.0041640 seconds, Stopping threads took: 0.0001170 seconds
165.875: Application time: 0.0379530 seconds
165.875: [GC [PSYoungGen: 102496K->9888K(107520K)] 168436K->75828K(352256K), 0.0040610 secs] [Times: user=0.02 sys=0.00, real=0.00 secs] 
165.879: Total time for which application threads were stopped: 0.0042540 seconds, Stopping threads took: 0.0000850 seconds
165.907: Application time: 0.0279040 seconds
165.907: [GC [PSYoungGen: 102560K->10112K(107520K)] 168500K->76176K(352256K), 0.0041440 secs] [Times: user=0.02 sys=0.00, real=0.00 secs] 
165.911: Total time for which application threads were stopped: 0.0043340 seconds, Stopping threads took: 0.0000900 seconds
165.942: Application time: 0.0309160 seconds
165.942: [GC [PSYoungGen: 102784K->9728K(107520K)] 168848K->75972K(352256K), 0.0040840 secs] [Times: user=0.03 sys=0.00, real=0.01 secs] 
165.946: Total time for which application threads were stopped: 0.0042870 seconds, Stopping threads took: 0.0001060 seconds
165.968: Application time: 0.0220010 seconds
165.969: [GC [PSYoungGen: 102400K->9904K(107520K)] 168644K->76148K(352256K), 0.0042560 secs] [Times: user=0.02 sys=0.00, real=0.00 secs] 
165.973: Total time for which application threads were stopped: 0.0044370 seconds, Stopping threads took: 0.0000870 seconds
165.995: Application time: 0.0220550 seconds
165.995: [GC [PSYoungGen: 102576K->11408K(107520K)] 168820K->77652K(352256K), 0.0045360 secs] [Times: user=0.03 sys=0.00, real=0.00 secs] 
166.000: Total time for which application threads were stopped: 0.0047090 seconds, Stopping threads took: 0.0000790 seconds
166.039: Application time: 0.0392620 seconds
166.039: [GC [PSYoungGen: 104080K->11312K(107520K)] 170324K->79804K(352256K), 0.0052440 secs] [Times: user=0.04 sys=0.00, real=0.00 secs] 
166.044: Total time for which application threads were stopped: 0.0054190 seconds, Stopping threads took: 0.0000720 seconds
166.077: Application time: 0.0327720 seconds
166.077: [GC [PSYoungGen: 103984K->7264K(107520K)] 172476K->75756K(352256K), 0.0028520 secs] [Times: user=0.02 sys=0.00, real=0.00 secs] 
166.080: Total time for which application threads were stopped: 0.0030400 seconds, Stopping threads took: 0.0000870 seconds
166.123: Application time: 0.0424440 seconds
166.123: [GC [PSYoungGen: 99936K->7680K(107520K)] 168428K->76172K(352256K), 0.0031420 secs] [Times: user=0.02 sys=0.00, real=0.01 secs] 
166.126: Total time for which application threads were stopped: 0.0033220 seconds, Stopping threads took: 0.0000790 seconds
166.157: Application time: 0.0306090 seconds
166.157: [GC [PSYoungGen: 100352K->7568K(107520K)] 168844K->76060K(352256K), 0.0030310 secs] [Times: user=0.02 sys=0.00, real=0.00 secs] 
166.160: Total time for which application threads were stopped: 0.0032400 seconds, Stopping threads took: 0.0000940 seconds
166.189: Application time: 0.0295730 seconds
166.190: [GC [PSYoungGen: 100240K->7936K(107520K)] 168732K->76428K(352256K), 0.0031730 secs] [Times: user=0.02 sys=0.00, real=0.00 secs] 
166.193: Total time for which application threads were stopped: 0.0033540 seconds, Stopping threads took: 0.0000870 seconds
166.217: Application time: 0.0244550 seconds
166.217: [GC [PSYoungGen: 100608K->8208K(107520K)] 169100K->76700K(352256K), 0.0031940 secs] [Times: user=0.02 sys=0.00, real=0.00 secs] 
166.221: Total time for which application threads were stopped: 0.0033720 seconds, Stopping threads took: 0.0000830 seconds
166.241: Application time: 0.0207510 seconds
166.241: [GC [PSYoungGen: 100880K->8336K(107520K)] 169372K->76828K(352256K), 0.0031170 secs] [Times: user=0.02 sys=0.00, real=0.00 secs] 
166.245: Total time for which application threads were stopped: 0.0033140 seconds, Stopping threads took: 0.0000980 seconds
166.278: Application time: 0.0331240 seconds
166.278: [GC [PSYoungGen: 101008K->11664K(107520K)] 169500K->80156K(352256K), 0.0043040 secs] [Times: user=0.03 sys=0.00, real=0.00 secs] 
166.282: Total time for which application threads were stopped: 0.0044930 seconds, Stopping threads took: 0.0000760 seconds
166.318: Application time: 0.0359590 seconds
166.318: [GC [PSYoungGen: 104336K->8368K(107520K)] 172828K->76860K(352256K), 0.0031650 secs] [Times: user=0.03 sys=0.00, real=0.00 secs] 
166.322: Total time for which application threads were stopped: 0.0033610 seconds, Stopping threads took: 0.0000950 seconds
166.360: Application time: 0.0381000 seconds
166.360: [GC [PSYoungGen: 101040K->7952K(107520K)] 169532K->76444K(352256K), 0.0031900 secs] [Times: user=0.02 sys=0.00, real=0.00 secs] 
166.363: Total time for which application threads were stopped: 0.0033770 seconds, Stopping threads took: 0.0000850 seconds
166.398: Application time: 0.0350410 seconds
166.398: [GC [PSYoungGen: 100624K->7872K(107520K)] 169116K->76364K(352256K), 0.0031460 secs] [Times: user=0.02 sys=0.00, real=0.00 secs] 
166.401: Total time for which application threads were stopped: 0.0033340 seconds, Stopping threads took: 0.0000920 seconds
166.429: Application time: 0.0279480 seconds
166.430: [GC [PSYoungGen: 100544K->8016K(107520K)] 169036K->76508K(352256K), 0.0032330 secs] [Times: user=0.02 sys=0.00, real=0.00 secs] 
166.433: Total time for which application threads were stopped: 0.0034380 seconds, Stopping threads took: 0.0001110 seconds
166.461: Application time: 0.0283470 seconds
166.462: [GC [PSYoungGen: 100688K->7952K(107520K)] 169180K->76444K(352256K), 0.0031050 secs] [Times: user=0.02 sys=0.00, real=0.00 secs] 
166.465: Total time for which application threads were stopped: 0.0039380 seconds, Stopping threads took: 0.0007440 seconds
166.488: Application time: 0.0231670 seconds
166.488: [GC [PSYoungGen: 100624K->7840K(107520K)] 169116K->76332K(352256K), 0.0030820 secs] [Times: user=0.02 sys=0.00, real=0.00 secs] 
166.492: Total time for which application threads were stopped: 0.0032880 seconds, Stopping threads took: 0.0001140 seconds
166.515: Application time: 0.0238830 seconds
166.516: [GC [PSYoungGen: 100512K->10352K(107520K)] 169004K->78844K(352256K), 0.0039730 secs] [Times: user=0.03 sys=0.00, real=0.00 secs] 
166.520: Total time for which application threads were stopped: 0.0041460 seconds, Stopping threads took: 0.0000690 seconds
166.561: Application time: 0.0413430 seconds
166.561: [GC [PSYoungGen: 103024K->8800K(107520K)] 171516K->77292K(352256K), 0.0033250 secs] [Times: user=0.02 sys=0.00, real=0.00 secs] 
166.564: Total time for which application threads were stopped: 0.0035050 seconds, Stopping threads took: 0.0000820 seconds
166.597: Application time: 0.0326780 seconds
166.598: [GC [PSYoungGen: 101472K->7808K(107520K)] 169964K->76300K(352256K), 0.0030800 secs] [Times: user=0.02 sys=0.00, real=0.00 secs] 
166.601: Total time for which application threads were stopped: 0.0039770 seconds, Stopping threads took: 0.0007960 seconds
166.641: Application time: 0.0395410 seconds
166.641: [GC [PSYoungGen: 100480K->7952K(107520K)] 168972K->76444K(352256K), 0.0032490 secs] [Times: user=0.02 sys=0.00, real=0.00 secs] 
166.644: Total time for which application threads were stopped: 0.0034510 seconds, Stopping threads took: 0.0001030 seconds
166.674: Application time: 0.0296050 seconds
166.674: [GC [PSYoungGen: 100624K->7792K(107520K)] 169116K->76396K(352256K), 0.0029980 secs] [Times: user=0.02 sys=0.00, real=0.00 secs] 
166.677: Total time for which application threads were stopped: 0.0032190 seconds, Stopping threads took: 0.0000940 seconds
166.705: Application time: 0.0284800 seconds
166.706: [GC [PSYoungGen: 100464K->7840K(107520K)] 169068K->76624K(352256K), 0.0032050 secs] [Times: user=0.02 sys=0.00, real=0.01 secs] 
166.709: Total time for which application threads were stopped: 0.0033940 seconds, Stopping threads took: 0.0000950 seconds
166.734: Application time: 0.0249030 seconds
166.734: [GC [PSYoungGen: 100512K->8000K(107520K)] 169296K->76784K(352256K), 0.0031430 secs] [Times: user=0.02 sys=0.00, real=0.00 secs] 
166.737: Total time for which application threads were stopped: 0.0033460 seconds, Stopping threads took: 0.0001030 seconds
166.758: Application time: 0.0207330 seconds
166.758: [GC [PSYoungGen: 100672K->9408K(107520K)] 169456K->78192K(352256K), 0.0037550 secs] [Times: user=0.03 sys=0.00, real=0.00 secs] 
166.762: Total time for which application threads were stopped: 0.0039270 seconds, Stopping threads took: 0.0000720 seconds
166.797: Application time: 0.0350480 seconds
166.797: [GC [PSYoungGen: 102080K->14816K(107520K)] 170864K->85874K(352256K), 0.0068710 secs] [Times: user=0.05 sys=0.00, real=0.00 secs] 
166.804: Total time for which application threads were stopped: 0.0070600 seconds, Stopping threads took: 0.0000850 seconds
166.839: Application time: 0.0354530 seconds
166.839: [GC [PSYoungGen: 107488K->13232K(107520K)] 178546K->84298K(352256K), 0.0052330 secs] [Times: user=0.04 sys=0.00, real=0.00 secs] 
166.845: Total time for which application threads were stopped: 0.0054140 seconds, Stopping threads took: 0.0000780 seconds
166.885: Application time: 0.0405660 seconds
166.885: [GC [PSYoungGen: 105904K->12816K(107520K)] 176970K->83882K(352256K), 0.0052300 secs] [Times: user=0.03 sys=0.00, real=0.01 secs] 
166.891: Total time for which application threads were stopped: 0.0054240 seconds, Stopping threads took: 0.0000890 seconds
166.924: Application time: 0.0331740 seconds
166.924: [GC [PSYoungGen: 105488K->13120K(107520K)] 176554K->84186K(352256K), 0.0052850 secs] [Times: user=0.04 sys=0.00, real=0.01 secs] 
166.929: Total time for which application threads were stopped: 0.0054870 seconds, Stopping threads took: 0.0001060 seconds
166.957: Application time: 0.0275590 seconds
166.957: [GC [PSYoungGen: 105792K->13216K(107520K)] 176858K->84282K(352256K), 0.0053090 secs] [Times: user=0.04 sys=0.00, real=0.00 secs] 
166.962: Total time for which application threads were stopped: 0.0055150 seconds, Stopping threads took: 0.0001070 seconds
166.989: Application time: 0.0267130 seconds
166.989: [GC [PSYoungGen: 105888K->13520K(107520K)] 176954K->84586K(352256K), 0.0052820 secs] [Times: user=0.04 sys=0.00, real=0.01 secs] 
166.995: Total time for which application threads were stopped: 0.0054850 seconds, Stopping threads took: 0.0000920 seconds
167.016: Application time: 0.0212950 seconds
167.016: [GC [PSYoungGen: 106192K->13904K(107520K)] 177258K->84970K(352256K), 0.0051950 secs] [Times: user=0.03 sys=0.00, real=0.00 secs] 
167.021: Total time for which application threads were stopped: 0.0053670 seconds, Stopping threads took: 0.0000670 seconds
167.048: Application time: 0.0269890 seconds
167.048: [GC [PSYoungGen: 106576K->14832K(107520K)] 177642K->86721K(352256K), 0.0057780 secs] [Times: user=0.04 sys=0.00, real=0.01 secs] 
167.054: Total time for which application threads were stopped: 0.0059550 seconds, Stopping threads took: 0.0000750 seconds
167.095: Application time: 0.0404270 seconds
167.095: [GC [PSYoungGen: 107504K->14416K(107520K)] 179393K->86305K(352256K), 0.0055190 secs] [Times: user=0.04 sys=0.00, real=0.00 secs] 
167.100: Total time for which application threads were stopped: 0.0056900 seconds, Stopping threads took: 0.0000690 seconds
167.136: Application time: 0.0359010 seconds
167.136: [GC [PSYoungGen: 107088K->13808K(107520K)] 178977K->85697K(352256K), 0.0053480 secs] [Times: user=0.04 sys=0.00, real=0.00 secs] 
167.142: Total time for which application threads were stopped: 0.0055570 seconds, Stopping threads took: 0.0001050 seconds
167.179: Application time: 0.0373140 seconds
167.179: [GC [PSYoungGen: 106480K->13904K(107520K)] 178369K->85793K(352256K), 0.0054840 secs] [Times: user=0.04 sys=0.00, real=0.00 secs] 
167.185: Total time for which application threads were stopped: 0.0056860 seconds, Stopping threads took: 0.0000850 seconds
167.211: Application time: 0.0265460 seconds
167.212: [GC [PSYoungGen: 106576K->13856K(107520K)] 178465K->85745K(352256K), 0.0054740 secs] [Times: user=0.04 sys=0.00, real=0.01 secs] 
167.217: Total time for which application threads were stopped: 0.0056720 seconds, Stopping threads took: 0.0000940 seconds
167.247: Application time: 0.0304290 seconds
167.248: [GC [PSYoungGen: 106528K->14064K(107520K)] 178417K->85953K(352256K), 0.0056310 secs] [Times: user=0.04 sys=0.00, real=0.00 secs] 
167.253: Total time for which application threads were stopped: 0.0058050 seconds, Stopping threads took: 0.0000710 seconds
167.276: Application time: 0.0227890 seconds
167.276: [GC [PSYoungGen: 106736K->14144K(107520K)] 178625K->86033K(352256K), 0.0054660 secs] [Times: user=0.04 sys=0.00, real=0.00 secs] 
167.282: Total time for which application threads were stopped: 0.0056640 seconds, Stopping threads took: 0.0000950 seconds
167.303: Application time: 0.0212650 seconds
167.303: [GC [PSYoungGen: 106816K->14832K(107520K)] 178705K->89627K(352256K), 0.0066940 secs] [Times: user=0.05 sys=0.00, real=0.01 secs] 
167.310: Total time for which application threads were stopped: 0.0068810 seconds, Stopping threads took: 0.0000730 seconds
167.352: Application time: 0.0424790 seconds
167.354: [GC [PSYoungGen: 107504K->9952K(107520K)] 182299K->90235K(352256K), 0.0059630 secs] [Times: user=0.04 sys=0.00, real=0.00 secs] 
167.360: Total time for which application threads were stopped: 0.0075720 seconds, Stopping threads took: 0.0015060 seconds
167.391: Application time: 0.0311980 seconds
167.391: [GC [PSYoungGen: 102624K->9088K(107520K)] 182907K->89371K(352256K), 0.0036980 secs] [Times: user=0.03 sys=0.00, real=0.01 secs] 
167.395: Total time for which application threads were stopped: 0.0039000 seconds, Stopping threads took: 0.0000980 seconds
167.437: Application time: 0.0417330 seconds
167.437: [GC [PSYoungGen: 101760K->9216K(107520K)] 182043K->89499K(352256K), 0.0038380 secs] [Times: user=0.03 sys=0.00, real=0.00 secs] 
167.441: Total time for which application threads were stopped: 0.0040170 seconds, Stopping threads took: 0.0000740 seconds
167.470: Application time: 0.0295000 seconds
167.470: [GC [PSYoungGen: 101888K->9072K(107520K)] 182171K->89411K(352256K), 0.0036950 secs] [Times: user=0.02 sys=0.00, real=0.01 secs] 
167.474: Total time for which application threads were stopped: 0.0038930 seconds, Stopping threads took: 0.0000930 seconds
167.505: Application time: 0.0303640 seconds
167.505: [GC [PSYoungGen: 101744K->9328K(107520K)] 182083K->89815K(352256K), 0.0039110 secs] [Times: user=0.02 sys=0.00, real=0.01 secs] 
167.509: Total time for which application threads were stopped: 0.0040960 seconds, Stopping threads took: 0.0000800 seconds
167.533: Application time: 0.0245000 seconds
167.533: [GC [PSYoungGen: 102000K->9200K(107520K)] 182487K->89687K(352256K), 0.0037610 secs] [Times: user=0.03 sys=0.00, real=0.01 secs] 
167.537: Total time for which application threads were stopped: 0.0039300 seconds, Stopping threads took: 0.0000730 seconds
167.557: Application time: 0.0195510 seconds
167.557: [GC [PSYoungGen: 101872K->9296K(107520K)] 182359K->89783K(352256K), 0.0038890 secs] [Times: user=0.02 sys=0.00, real=0.00 secs] 
167.561: Total time for which application threads were stopped: 0.0040740 seconds, Stopping threads took: 0.0000860 seconds
167.594: Application time: 0.0334640 seconds
167.598: [GC [PSYoungGen: 101968K->14832K(107520K)] 182455K->98462K(352256K), 0.0073300 secs] [Times: user=0.06 sys=0.00, real=0.00 secs] 
167.605: Total time for which application threads were stopped: 0.0111170 seconds, Stopping threads took: 0.0036830 seconds
167.641: Application time: 0.0360110 seconds
167.642: [GC [PSYoungGen: 107504K->12784K(107520K)] 191134K->96891K(352256K), 0.0054100 secs] [Times: user=0.03 sys=0.00, real=0.01 secs] 
167.647: Total time for which application threads were stopped: 0.0056180 seconds, Stopping threads took: 0.0001050 seconds
167.687: Application time: 0.0395420 seconds
167.687: [GC [PSYoungGen: 105456K->12336K(107520K)] 189563K->96443K(352256K), 0.0051650 secs] [Times: user=0.04 sys=0.00, real=0.00 secs] 
167.692: Total time for which application threads were stopped: 0.0053900 seconds, Stopping threads took: 0.0001010 seconds
167.726: Application time: 0.0344530 seconds
167.727: [GC [PSYoungGen: 105008K->12496K(107520K)] 189115K->96603K(352256K), 0.0051430 secs] [Times: user=0.04 sys=0.00, real=0.00 secs] 
167.732: Total time for which application threads were stopped: 0.0053280 seconds, Stopping threads took: 0.0000850 seconds
167.759: Application time: 0.0271530 seconds
167.759: [GC [PSYoungGen: 105168K->12544K(107520K)] 189275K->96651K(352256K), 0.0051000 secs] [Times: user=0.04 sys=0.00, real=0.00 secs] 
167.764: Total time for which application threads were stopped: 0.0052910 seconds, Stopping threads took: 0.0000890 seconds
167.792: Application time: 0.0278360 seconds
167.792: [GC [PSYoungGen: 105216K->12560K(107520K)] 189323K->96715K(352256K), 0.0051540 secs] [Times: user=0.04 sys=0.00, real=0.01 secs] 
167.797: Total time for which application threads were stopped: 0.0053550 seconds, Stopping threads took: 0.0000960 seconds
167.819: Application time: 0.0213550 seconds
167.819: [GC [PSYoungGen: 105232K->12768K(107520K)] 189387K->96923K(352256K), 0.0051350 secs] [Times: user=0.04 sys=0.00, real=0.00 secs] 
167.824: Total time for which application threads were stopped: 0.0053130 seconds, Stopping threads took: 0.0000740 seconds
167.849: Application time: 0.0247910 seconds
167.849: [GC [PSYoungGen: 105440K->14832K(107520K)] 189595K->100747K(352256K), 0.0065570 secs] [Times: user=0.05 sys=0.00, real=0.01 secs] 
167.856: Total time for which application threads were stopped: 0.0067340 seconds, Stopping threads took: 0.0000710 seconds
167.897: Application time: 0.0414750 seconds
167.898: [GC [PSYoungGen: 107504K->14080K(107520K)] 193419K->100339K(352256K), 0.0057110 secs] [Times: user=0.04 sys=0.00, real=0.00 secs] 
167.904: Total time for which application threads were stopped: 0.0067050 seconds, Stopping threads took: 0.0008890 seconds
167.937: Application time: 0.0336670 seconds
167.938: [GC [PSYoungGen: 106752K->13344K(107520K)] 193011K->99603K(352256K), 0.0053710 secs] [Times: user=0.04 sys=0.00, real=0.00 secs] 
167.943: Total time for which application threads were stopped: 0.0055640 seconds, Stopping threads took: 0.0000910 seconds
167.982: Application time: 0.0393460 seconds
167.982: [GC [PSYoungGen: 106016K->13408K(107520K)] 192275K->99667K(352256K), 0.0053420 secs] [Times: user=0.04 sys=0.00, real=0.01 secs] 
167.988: Total time for which application threads were stopped: 0.0055370 seconds, Stopping threads took: 0.0000910 seconds
168.016: Application time: 0.0277210 seconds
168.016: [GC [PSYoungGen: 106080K->13664K(107520K)] 192339K->99923K(352256K), 0.0057840 secs] [Times: user=0.04 sys=0.00, real=0.00 secs] 
168.022: Total time for which application threads were stopped: 0.0059890 seconds, Stopping threads took: 0.0001050 seconds
168.053: Application time: 0.0318580 seconds
168.054: [GC [PSYoungGen: 106336K->13728K(107520K)] 192595K->99987K(352256K), 0.0055310 secs] [Times: user=0.04 sys=0.00, real=0.01 secs] 
168.059: Total time for which application threads were stopped: 0.0057020 seconds, Stopping threads took: 0.0000690 seconds
168.081: Application time: 0.0220520 seconds
168.081: [GC [PSYoungGen: 106400K->13616K(107520K)] 192659K->99875K(352256K), 0.0054270 secs] [Times: user=0.04 sys=0.00, real=0.01 secs] 
168.087: Total time for which application threads were stopped: 0.0056280 seconds, Stopping threads took: 0.0000940 seconds
168.108: Application time: 0.0207850 seconds
168.108: [GC [PSYoungGen: 106288K->14336K(107520K)] 192547K->100595K(352256K), 0.0057210 secs] [Times: user=0.04 sys=0.00, real=0.00 secs] 
168.114: Total time for which application threads were stopped: 0.0059250 seconds, Stopping threads took: 0.0001010 seconds
168.154: Application time: 0.0401050 seconds
168.154: [GC [PSYoungGen: 107008K->13696K(107520K)] 193267K->104069K(352256K), 0.0066630 secs] [Times: user=0.05 sys=0.00, real=0.01 secs] 
168.160: Total time for which application threads were stopped: 0.0068580 seconds, Stopping threads took: 0.0000940 seconds
168.191: Application time: 0.0304880 seconds
168.191: [GC [PSYoungGen: 106368K->9456K(107520K)] 196741K->99829K(352256K), 0.0037650 secs] [Times: user=0.02 sys=0.00, real=0.01 secs] 
168.195: Total time for which application threads were stopped: 0.0039690 seconds, Stopping threads took: 0.0000870 seconds
168.237: Application time: 0.0421600 seconds
168.237: [GC [PSYoungGen: 102128K->9632K(107520K)] 192501K->100005K(352256K), 0.0038360 secs] [Times: user=0.03 sys=0.00, real=0.00 secs] 
168.241: Total time for which application threads were stopped: 0.0040470 seconds, Stopping threads took: 0.0000960 seconds
168.273: Application time: 0.0315050 seconds
168.273: [GC [PSYoungGen: 102304K->9680K(107520K)] 192677K->100133K(352256K), 0.0039600 secs] [Times: user=0.02 sys=0.00, real=0.01 secs] 
168.277: Total time for which application threads were stopped: 0.0041290 seconds, Stopping threads took: 0.0000670 seconds
168.306: Application time: 0.0293010 seconds
168.306: [GC [PSYoungGen: 102352K->9504K(107520K)] 192805K->100169K(352256K), 0.0038830 secs] [Times: user=0.03 sys=0.00, real=0.00 secs] 
168.310: Total time for which application threads were stopped: 0.0040840 seconds, Stopping threads took: 0.0000960 seconds
168.336: Application time: 0.0254150 seconds
168.336: [GC [PSYoungGen: 102176K->9472K(107520K)] 192841K->100137K(352256K), 0.0038330 secs] [Times: user=0.02 sys=0.00, real=0.00 secs] 
168.340: Total time for which application threads were stopped: 0.0040210 seconds, Stopping threads took: 0.0000870 seconds
168.359: Application time: 0.0189700 seconds
168.359: [GC [PSYoungGen: 102144K->9712K(107520K)] 192809K->100377K(352256K), 0.0038270 secs] [Times: user=0.02 sys=0.00, real=0.00 secs] 
168.363: Total time for which application threads were stopped: 0.0040030 seconds, Stopping threads took: 0.0000760 seconds
168.395: Application time: 0.0326300 seconds
168.395: [GC [PSYoungGen: 102384K->12736K(107520K)] 193049K->105239K(352256K), 0.0055560 secs] [Times: user=0.04 sys=0.00, real=0.00 secs] 
168.401: Total time for which application threads were stopped: 0.0057410 seconds, Stopping threads took: 0.0000800 seconds
168.438: Application time: 0.0367980 seconds
168.438: [GC [PSYoungGen: 105408K->7872K(107520K)] 197911K->100391K(352256K), 0.0031780 secs] [Times: user=0.02 sys=0.00, real=0.00 secs] 
168.441: Total time for which application threads were stopped: 0.0033990 seconds, Stopping threads took: 0.0001140 seconds
168.479: Application time: 0.0377180 seconds
168.479: [GC [PSYoungGen: 100544K->7808K(107520K)] 193063K->100327K(352256K), 0.0031260 secs] [Times: user=0.03 sys=0.00, real=0.00 secs] 
168.482: Total time for which application threads were stopped: 0.0033120 seconds, Stopping threads took: 0.0000820 seconds
168.518: Application time: 0.0361680 seconds
168.522: [GC [PSYoungGen: 100480K->7760K(107520K)] 192999K->100279K(352256K), 0.0031820 secs] [Times: user=0.02 sys=0.00, real=0.00 secs] 
168.525: Total time for which application threads were stopped: 0.0068220 seconds, Stopping threads took: 0.0035480 seconds
168.552: Application time: 0.0269320 seconds
168.552: [GC [PSYoungGen: 100432K->7984K(107520K)] 192951K->100503K(352256K), 0.0032300 secs] [Times: user=0.02 sys=0.00, real=0.01 secs] 
168.556: Total time for which application threads were stopped: 0.0034300 seconds, Stopping threads took: 0.0001020 seconds
168.586: Application time: 0.0301880 seconds
168.590: [GC [PSYoungGen: 100656K->7728K(107520K)] 193175K->100247K(352256K), 0.0031260 secs] [Times: user=0.02 sys=0.00, real=0.00 secs] 
168.593: Total time for which application threads were stopped: 0.0073760 seconds, Stopping threads took: 0.0041540 seconds
168.614: Application time: 0.0213220 seconds
168.615: [GC [PSYoungGen: 100400K->8112K(107520K)] 192919K->100631K(352256K), 0.0031530 secs] [Times: user=0.02 sys=0.00, real=0.00 secs] 
168.618: Total time for which application threads were stopped: 0.0033610 seconds, Stopping threads took: 0.0001150 seconds
168.640: Application time: 0.0225380 seconds
168.641: [GC [PSYoungGen: 100784K->11296K(107520K)] 193303K->103815K(352256K), 0.0042940 secs] [Times: user=0.03 sys=0.00, real=0.00 secs] 
168.645: Total time for which application threads were stopped: 0.0044690 seconds, Stopping threads took: 0.0000750 seconds
168.687: Application time: 0.0422490 seconds
168.687: [GC [PSYoungGen: 103968K->9152K(107520K)] 196487K->101671K(352256K), 0.0033150 secs] [Times: user=0.02 sys=0.00, real=0.00 secs] 
168.691: Total time for which application threads were stopped: 0.0034910 seconds, Stopping threads took: 0.0000730 seconds
168.723: Application time: 0.0322870 seconds
168.723: [GC [PSYoungGen: 101824K->7856K(107520K)] 194343K->100375K(352256K), 0.0031910 secs] [Times: user=0.02 sys=0.00, real=0.01 secs] 
168.726: Total time for which application threads were stopped: 0.0033990 seconds, Stopping threads took: 0.0000850 seconds
168.768: Application time: 0.0417760 seconds
168.768: [GC [PSYoungGen: 100528K->8064K(107520K)] 193047K->100583K(352256K), 0.0031570 secs] [Times: user=0.02 sys=0.00, real=0.00 secs] 
168.771: Total time for which application threads were stopped: 0.0033350 seconds, Stopping threads took: 0.0000750 seconds
168.799: Application time: 0.0279220 seconds
168.799: [GC [PSYoungGen: 100736K->7824K(107520K)] 193255K->100343K(352256K), 0.0031460 secs] [Times: user=0.02 sys=0.00, real=0.00 secs] 
168.803: Total time for which application threads were stopped: 0.0033170 seconds, Stopping threads took: 0.0000700 seconds
168.834: Application time: 0.0318240 seconds
168.838: [GC [PSYoungGen: 100496K->8064K(107520K)] 193015K->100583K(352256K), 0.0034320 secs] [Times: user=0.01 sys=0.00, real=0.00 secs] 
168.841: Total time for which application threads were stopped: 0.0069770 seconds, Stopping threads took: 0.0034480 seconds
168.865: Application time: 0.0231730 seconds
168.865: [GC [PSYoungGen: 100736K->7856K(107520K)] 193255K->100375K(352256K), 0.0031540 secs] [Times: user=0.02 sys=0.00, real=0.01 secs] 
168.868: Total time for which application threads were stopped: 0.0033350 seconds, Stopping threads took: 0.0000860 seconds
168.888: Application time: 0.0196970 seconds
168.888: [GC [PSYoungGen: 100528K->7952K(107520K)] 193047K->100471K(352256K), 0.0031760 secs] [Times: user=0.02 sys=0.00, real=0.00 secs] 
168.891: Total time for which application threads were stopped: 0.0033690 seconds, Stopping threads took: 0.0000950 seconds
168.927: Application time: 0.0362290 seconds
168.927: [GC [PSYoungGen: 100624K->14832K(107520K)] 193143K->110305K(352256K), 0.0070250 secs] [Times: user=0.05 sys=0.00, real=0.01 secs] 
168.934: Total time for which application threads were stopped: 0.0071940 seconds, Stopping threads took: 0.0000680 seconds
168.969: Application time: 0.0343950 seconds
168.969: [GC [PSYoungGen: 107504K->14160K(107520K)] 202977K->109633K(352256K), 0.0055530 secs] [Times: user=0.04 sys=0.00, real=0.01 secs] 
168.975: Total time for which application threads were stopped: 0.0057500 seconds, Stopping threads took: 0.0000940 seconds
169.016: Application time: 0.0408980 seconds
169.018: [GC [PSYoungGen: 106832K->13840K(107520K)] 202305K->109313K(352256K), 0.0056190 secs] [Times: user=0.04 sys=0.00, real=0.00 secs] 
169.024: Total time for which application threads were stopped: 0.0081320 seconds, Stopping threads took: 0.0024080 seconds
169.056: Application time: 0.0327600 seconds
169.057: [GC [PSYoungGen: 106512K->13968K(107520K)] 201985K->109497K(352256K), 0.0055100 secs] [Times: user=0.04 sys=0.00, real=0.00 secs] 
169.062: Total time for which application threads were stopped: 0.0056810 seconds, Stopping threads took: 0.0000690 seconds
169.091: Application time: 0.0284250 seconds
169.091: [GC [PSYoungGen: 106640K->13648K(107520K)] 202169K->109353K(352256K), 0.0054720 secs] [Times: user=0.04 sys=0.00, real=0.01 secs] 
169.096: Total time for which application threads were stopped: 0.0056520 seconds, Stopping threads took: 0.0000780 seconds
169.123: Application time: 0.0270330 seconds
169.123: [GC [PSYoungGen: 106320K->13552K(107520K)] 202025K->109305K(352256K), 0.0053790 secs] [Times: user=0.03 sys=0.00, real=0.01 secs] 
169.129: Total time for which application threads were stopped: 0.0055500 seconds, Stopping threads took: 0.0000700 seconds
169.149: Application time: 0.0202890 seconds
169.149: [GC [PSYoungGen: 106224K->14016K(107520K)] 201977K->109769K(352256K), 0.0055410 secs] [Times: user=0.04 sys=0.00, real=0.01 secs] 
169.155: Total time for which application threads were stopped: 0.0056950 seconds, Stopping threads took: 0.0000550 seconds
169.181: Application time: 0.0265950 seconds
169.182: [GC [PSYoungGen: 106688K->14816K(107520K)] 202441K->114190K(352256K), 0.0071850 secs] [Times: user=0.05 sys=0.00, real=0.01 secs] 
169.189: Total time for which application threads were stopped: 0.0074140 seconds, Stopping threads took: 0.0001270 seconds
169.230: Application time: 0.0409960 seconds
169.230: [GC [PSYoungGen: 107488K->14224K(107520K)] 206862K->113598K(352256K), 0.0058010 secs] [Times: user=0.04 sys=0.00, real=0.01 secs] 
169.236: Total time for which application threads were stopped: 0.0059950 seconds, Stopping threads took: 0.0000710 seconds
169.271: Application time: 0.0356550 seconds
169.272: [GC [PSYoungGen: 106896K->13616K(107520K)] 206270K->113006K(352256K), 0.0057770 secs] [Times: user=0.04 sys=0.00, real=0.01 secs] 
169.277: Total time for which application threads were stopped: 0.0059750 seconds, Stopping threads took: 0.0000960 seconds
169.316: Application time: 0.0382970 seconds
169.316: [GC [PSYoungGen: 106288K->13856K(107520K)] 205678K->113246K(352256K), 0.0055750 secs] [Times: user=0.04 sys=0.00, real=0.00 secs] 
169.321: Total time for which application threads were stopped: 0.0057670 seconds, Stopping threads took: 0.0000900 seconds
169.348: Application time: 0.0261310 seconds
169.348: [GC [PSYoungGen: 106528K->14128K(107520K)] 205918K->113518K(352256K), 0.0056620 secs] [Times: user=0.04 sys=0.00, real=0.00 secs] 
169.353: Total time for which application threads were stopped: 0.0058530 seconds, Stopping threads took: 0.0000880 seconds
169.385: Application time: 0.0320040 seconds
169.386: [GC [PSYoungGen: 106800K->14112K(107520K)] 206190K->113502K(352256K), 0.0059890 secs] [Times: user=0.04 sys=0.00, real=0.01 secs] 
169.392: Total time for which application threads were stopped: 0.0061600 seconds, Stopping threads took: 0.0000690 seconds
169.413: Application time: 0.0216150 seconds
169.414: [GC [PSYoungGen: 106784K->13984K(107520K)] 206174K->113374K(352256K), 0.0056240 secs] [Times: user=0.04 sys=0.00, real=0.00 secs] 
169.420: Total time for which application threads were stopped: 0.0064060 seconds, Stopping threads took: 0.0006790 seconds
169.441: Application time: 0.0209930 seconds
169.441: [GC [PSYoungGen: 106656K->14816K(107520K)] 206046K->114834K(352256K), 0.0062010 secs] [Times: user=0.04 sys=0.00, real=0.01 secs] 
169.447: Total time for which application threads were stopped: 0.0063960 seconds, Stopping threads took: 0.0000910 seconds
169.488: Application time: 0.0411260 seconds
169.488: [GC [PSYoungGen: 107488K->10960K(107520K)] 207506K->117446K(352256K), 0.0065420 secs] [Times: user=0.05 sys=0.00, real=0.01 secs] 
169.495: Total time for which application threads were stopped: 0.0067350 seconds, Stopping threads took: 0.0000890 seconds
169.526: Application time: 0.0306210 seconds
169.526: [GC [PSYoungGen: 103632K->9008K(107520K)] 210118K->115502K(352256K), 0.0037140 secs] [Times: user=0.03 sys=0.00, real=0.01 secs] 
169.529: Total time for which application threads were stopped: 0.0039190 seconds, Stopping threads took: 0.0001020 seconds
169.572: Application time: 0.0422180 seconds
169.572: [GC [PSYoungGen: 101680K->8864K(107520K)] 208174K->115358K(352256K), 0.0036750 secs] [Times: user=0.02 sys=0.00, real=0.01 secs] 
169.576: Total time for which application threads were stopped: 0.0038760 seconds, Stopping threads took: 0.0000960 seconds
169.606: Application time: 0.0305360 seconds
169.606: [GC [PSYoungGen: 101536K->8992K(107520K)] 208030K->115487K(352256K), 0.0036360 secs] [Times: user=0.02 sys=0.00, real=0.00 secs] 
169.610: Total time for which application threads were stopped: 0.0038210 seconds, Stopping threads took: 0.0000710 seconds
169.639: Application time: 0.0295250 seconds
169.640: [GC [PSYoungGen: 101664K->9152K(107520K)] 208159K->115646K(352256K), 0.0037610 secs] [Times: user=0.02 sys=0.00, real=0.00 secs] 
169.643: Total time for which application threads were stopped: 0.0039490 seconds, Stopping threads took: 0.0000870 seconds
169.668: Application time: 0.0242630 seconds
169.668: [GC [PSYoungGen: 101824K->9120K(107520K)] 208318K->115622K(352256K), 0.0037680 secs] [Times: user=0.03 sys=0.00, real=0.00 secs] 
169.672: Total time for which application threads were stopped: 0.0039400 seconds, Stopping threads took: 0.0000700 seconds
169.691: Application time: 0.0189380 seconds
169.691: [GC [PSYoungGen: 101792K->10032K(107520K)] 208294K->116535K(352256K), 0.0039860 secs] [Times: user=0.02 sys=0.00, real=0.01 secs] 
169.695: Total time for which application threads were stopped: 0.0041530 seconds, Stopping threads took: 0.0000640 seconds
169.730: Application time: 0.0352560 seconds
169.730: [GC [PSYoungGen: 102704K->13216K(107520K)] 209207K->119926K(352256K), 0.0051790 secs] [Times: user=0.03 sys=0.00, real=0.01 secs] 
169.735: Total time for which application threads were stopped: 0.0053440 seconds, Stopping threads took: 0.0000610 seconds
169.770: Application time: 0.0352130 seconds
169.771: [GC [PSYoungGen: 105888K->9392K(107520K)] 212598K->116103K(352256K), 0.0037470 secs] [Times: user=0.02 sys=0.00, real=0.01 secs] 
169.774: Total time for which application threads were stopped: 0.0039260 seconds, Stopping threads took: 0.0000580 seconds
169.813: Application time: 0.0387310 seconds
169.813: [GC [PSYoungGen: 102064K->8720K(107520K)] 208775K->115438K(352256K), 0.0036200 secs] [Times: user=0.02 sys=0.00, real=0.01 secs] 
169.817: Total time for which application threads were stopped: 0.0038100 seconds, Stopping threads took: 0.0000860 seconds
169.852: Application time: 0.0350090 seconds
169.852: [GC [PSYoungGen: 101392K->8864K(107520K)] 208110K->115582K(352256K), 0.0034630 secs] [Times: user=0.03 sys=0.00, real=0.01 secs] 
169.856: Total time for which application threads were stopped: 0.0036690 seconds, Stopping threads took: 0.0001070 seconds
169.884: Application time: 0.0281010 seconds
169.886: [GC [PSYoungGen: 101536K->8672K(107520K)] 208254K->115567K(352256K), 0.0035990 secs] [Times: user=0.02 sys=0.00, real=0.00 secs] 
169.890: Total time for which application threads were stopped: 0.0059020 seconds, Stopping threads took: 0.0021890 seconds
169.918: Application time: 0.0283860 seconds
169.918: [GC [PSYoungGen: 101344K->8592K(107520K)] 208239K->115631K(352256K), 0.0035430 secs] [Times: user=0.02 sys=0.00, real=0.00 secs] 
169.922: Total time for which application threads were stopped: 0.0037200 seconds, Stopping threads took: 0.0000860 seconds
169.944: Application time: 0.0221620 seconds
169.944: [GC [PSYoungGen: 101264K->8704K(107520K)] 208303K->115743K(352256K), 0.0034620 secs] [Times: user=0.02 sys=0.00, real=0.01 secs] 
169.948: Total time for which application threads were stopped: 0.0036140 seconds, Stopping threads took: 0.0000580 seconds
169.971: Application time: 0.0237110 seconds
169.971: [GC [PSYoungGen: 101376K->11728K(107520K)] 208415K->119415K(352256K), 0.0048190 secs] [Times: user=0.04 sys=0.00, real=0.01 secs] 
169.976: Total time for which application threads were stopped: 0.0050110 seconds, Stopping threads took: 0.0000890 seconds
170.018: Application time: 0.0420010 seconds
170.018: [GC [PSYoungGen: 104400K->7936K(107520K)] 212087K->116055K(352256K), 0.0032180 secs] [Times: user=0.02 sys=0.00, real=0.00 secs] 
170.022: Total time for which application threads were stopped: 0.0033990 seconds, Stopping threads took: 0.0000790 seconds
170.055: Application time: 0.0331920 seconds
170.055: [GC [PSYoungGen: 100608K->7568K(107520K)] 208727K->115687K(352256K), 0.0031240 secs] [Times: user=0.02 sys=0.00, real=0.00 secs] 
170.058: Total time for which application threads were stopped: 0.0033020 seconds, Stopping threads took: 0.0000770 seconds
170.099: Application time: 0.0404660 seconds
170.099: [GC [PSYoungGen: 100240K->7616K(107520K)] 208359K->115735K(352256K), 0.0031500 secs] [Times: user=0.03 sys=0.00, real=0.00 secs] 
170.102: Total time for which application threads were stopped: 0.0033350 seconds, Stopping threads took: 0.0000850 seconds
170.130: Application time: 0.0279430 seconds
170.130: [GC [PSYoungGen: 100288K->7632K(107520K)] 208407K->115751K(352256K), 0.0031120 secs] [Times: user=0.02 sys=0.00, real=0.00 secs] 
170.133: Total time for which application threads were stopped: 0.0032860 seconds, Stopping threads took: 0.0000730 seconds
170.165: Application time: 0.0313870 seconds
170.165: [GC [PSYoungGen: 100304K->7984K(107520K)] 208423K->116103K(352256K), 0.0031920 secs] [Times: user=0.02 sys=0.00, real=0.01 secs] 
170.168: Total time for which application threads were stopped: 0.0033750 seconds, Stopping threads took: 0.0000830 seconds
170.190: Application time: 0.0216230 seconds
170.190: [GC [PSYoungGen: 100656K->8032K(107520K)] 208775K->116151K(352256K), 0.0031720 secs] [Times: user=0.02 sys=0.00, real=0.00 secs] 
170.193: Total time for which application threads were stopped: 0.0033980 seconds, Stopping threads took: 0.0001320 seconds
170.214: Application time: 0.0205310 seconds
170.214: [GC [PSYoungGen: 100704K->7872K(107520K)] 208823K->115991K(352256K), 0.0030550 secs] [Times: user=0.03 sys=0.00, real=0.01 secs] 
170.217: Total time for which application threads were stopped: 0.0032450 seconds, Stopping threads took: 0.0000890 seconds
170.255: Application time: 0.0381730 seconds
170.255: [GC [PSYoungGen: 100544K->14480K(107520K)] 208663K->122599K(352256K), 0.0056340 secs] [Times: user=0.04 sys=0.00, real=0.00 secs] 
170.261: Total time for which application threads were stopped: 0.0058110 seconds, Stopping threads took: 0.0000740 seconds
170.294: Application time: 0.0331500 seconds
170.294: [GC [PSYoungGen: 107152K->7760K(107520K)] 215271K->115879K(352256K), 0.0030030 secs] [Times: user=0.02 sys=0.00, real=0.00 secs] 
170.297: Total time for which application threads were stopped: 0.0032170 seconds, Stopping threads took: 0.0000930 seconds
170.338: Application time: 0.0412640 seconds
170.339: [GC [PSYoungGen: 100432K->7872K(107520K)] 208551K->115991K(352256K), 0.0032290 secs] [Times: user=0.02 sys=0.00, real=0.00 secs] 
170.342: Total time for which application threads were stopped: 0.0034720 seconds, Stopping threads took: 0.0001130 seconds
170.374: Application time: 0.0321900 seconds
170.378: [GC [PSYoungGen: 100544K->7792K(107520K)] 208663K->115911K(352256K), 0.0032000 secs] [Times: user=0.02 sys=0.00, real=0.00 secs] 
170.381: Total time for which application threads were stopped: 0.0071360 seconds, Stopping threads took: 0.0038320 seconds
170.411: Application time: 0.0300130 seconds
170.411: [GC [PSYoungGen: 100464K->8128K(107520K)] 208583K->116247K(352256K), 0.0032610 secs] [Times: user=0.02 sys=0.00, real=0.01 secs] 
170.415: Total time for which application threads were stopped: 0.0034650 seconds, Stopping threads took: 0.0001020 seconds
170.439: Application time: 0.0244790 seconds
170.439: [GC [PSYoungGen: 100800K->8000K(107520K)] 208919K->116119K(352256K), 0.0031260 secs] [Times: user=0.02 sys=0.00, real=0.00 secs] 
170.442: Total time for which application threads were stopped: 0.0032920 seconds, Stopping threads took: 0.0000640 seconds
170.463: Application time: 0.0206330 seconds
170.463: [GC [PSYoungGen: 100672K->8352K(107520K)] 208791K->116471K(352256K), 0.0031210 secs] [Times: user=0.02 sys=0.00, real=0.01 secs] 
170.466: Total time for which application threads were stopped: 0.0032770 seconds, Stopping threads took: 0.0000550 seconds
170.498: Application time: 0.0316720 seconds
170.498: [GC [PSYoungGen: 101024K->11088K(107520K)] 209143K->119207K(352256K), 0.0041850 secs] [Times: user=0.01 sys=0.03, real=0.00 secs] 
170.502: Total time for which application threads were stopped: 0.0043610 seconds, Stopping threads took: 0.0000740 seconds
170.538: Application time: 0.0355720 seconds
170.538: [GC [PSYoungGen: 103760K->8416K(107520K)] 211879K->116535K(352256K), 0.0032610 secs] [Times: user=0.02 sys=0.00, real=0.00 secs] 
170.541: Total time for which application threads were stopped: 0.0034330 seconds, Stopping threads took: 0.0000700 seconds
170.579: Application time: 0.0371400 seconds
170.579: [GC [PSYoungGen: 101088K->7840K(107520K)] 209207K->115959K(352256K), 0.0031690 secs] [Times: user=0.02 sys=0.00, real=0.00 secs] 
170.582: Total time for which application threads were stopped: 0.0033660 seconds, Stopping threads took: 0.0000960 seconds
170.618: Application time: 0.0364450 seconds
170.619: [GC [PSYoungGen: 100512K->7744K(107520K)] 208631K->115863K(352256K), 0.0031110 secs] [Times: user=0.03 sys=0.00, real=0.00 secs] 
170.622: Total time for which application threads were stopped: 0.0032810 seconds, Stopping threads took: 0.0000700 seconds
170.651: Application time: 0.0289030 seconds
170.651: [GC [PSYoungGen: 100416K->7648K(107520K)] 208535K->115919K(352256K), 0.0031970 secs] [Times: user=0.02 sys=0.00, real=0.01 secs] 
170.654: Total time for which application threads were stopped: 0.0033870 seconds, Stopping threads took: 0.0000920 seconds
170.683: Application time: 0.0288510 seconds
170.683: [GC [PSYoungGen: 100320K->7568K(107520K)] 208591K->115979K(352256K), 0.0031430 secs] [Times: user=0.02 sys=0.00, real=0.01 secs] 
170.686: Total time for which application threads were stopped: 0.0033400 seconds, Stopping threads took: 0.0001070 seconds
170.709: Application time: 0.0223760 seconds
170.709: [GC [PSYoungGen: 100240K->7584K(107520K)] 208651K->115995K(352256K), 0.0032000 secs] [Times: user=0.02 sys=0.00, real=0.00 secs] 
170.712: Total time for which application threads were stopped: 0.0033650 seconds, Stopping threads took: 0.0000720 seconds
170.735: Application time: 0.0233880 seconds
170.735: [GC [PSYoungGen: 100256K->9568K(107520K)] 208667K->117979K(352256K), 0.0037470 secs] [Times: user=0.02 sys=0.00, real=0.00 secs] 
170.739: Total time for which application threads were stopped: 0.0039300 seconds, Stopping threads took: 0.0000890 seconds
170.779: Application time: 0.0395530 seconds
170.779: [GC [PSYoungGen: 102240K->9984K(107520K)] 210651K->118395K(352256K), 0.0039780 secs] [Times: user=0.03 sys=0.00, real=0.00 secs] 
170.783: Total time for which application threads were stopped: 0.0041630 seconds, Stopping threads took: 0.0000860 seconds
170.816: Application time: 0.0330850 seconds
170.816: [GC [PSYoungGen: 102656K->7504K(107520K)] 211067K->115931K(352256K), 0.0030180 secs] [Times: user=0.02 sys=0.00, real=0.00 secs] 
170.819: Total time for which application threads were stopped: 0.0032330 seconds, Stopping threads took: 0.0000940 seconds
170.861: Application time: 0.0412760 seconds
170.861: [GC [PSYoungGen: 100176K->7760K(107520K)] 208603K->116187K(352256K), 0.0031980 secs] [Times: user=0.03 sys=0.00, real=0.00 secs] 
170.864: Total time for which application threads were stopped: 0.0033980 seconds, Stopping threads took: 0.0001050 seconds
170.892: Application time: 0.0285040 seconds
170.893: [GC [PSYoungGen: 100432K->7696K(107520K)] 208859K->116123K(352256K), 0.0031660 secs] [Times: user=0.02 sys=0.00, real=0.01 secs] 
170.896: Total time for which application threads were stopped: 0.0033530 seconds, Stopping threads took: 0.0000960 seconds
170.927: Application time: 0.0312200 seconds
170.927: [GC [PSYoungGen: 100368K->8048K(107520K)] 208795K->116475K(352256K), 0.0032960 secs] [Times: user=0.02 sys=0.00, real=0.00 secs] 
170.931: Total time for which application threads were stopped: 0.0034770 seconds, Stopping threads took: 0.0000840 seconds
170.954: Application time: 0.0231260 seconds
170.954: [GC [PSYoungGen: 100720K->8096K(107520K)] 209147K->116523K(352256K), 0.0032400 secs] [Times: user=0.02 sys=0.00, real=0.01 secs] 
170.957: Total time for which application threads were stopped: 0.0033960 seconds, Stopping threads took: 0.0000660 seconds
170.977: Application time: 0.0201710 seconds
170.978: [GC [PSYoungGen: 100768K->7792K(107520K)] 209195K->116219K(352256K), 0.0031060 secs] [Times: user=0.01 sys=0.00, real=0.00 secs] 
170.981: Total time for which application threads were stopped: 0.0039030 seconds, Stopping threads took: 0.0006950 seconds
171.017: Application time: 0.0361080 seconds
171.017: [GC [PSYoungGen: 100464K->14832K(107520K)] 208891K->124453K(352256K), 0.0061020 secs] [Times: user=0.05 sys=0.00, real=0.00 secs] 
171.024: Total time for which application threads were stopped: 0.0063020 seconds, Stopping threads took: 0.0000970 seconds
171.058: Application time: 0.0339720 seconds
171.058: [GC [PSYoungGen: 107504K->11008K(107520K)] 217125K->120629K(352256K), 0.0043710 secs] [Times: user=0.03 sys=0.00, real=0.00 secs] 
171.062: Total time for which application threads were stopped: 0.0045740 seconds, Stopping threads took: 0.0000980 seconds
171.102: Application time: 0.0399920 seconds
171.102: [GC [PSYoungGen: 103680K->10864K(107520K)] 213301K->120485K(352256K), 0.0044970 secs] [Times: user=0.02 sys=0.00, real=0.01 secs] 
171.107: Total time for which application threads were stopped: 0.0047010 seconds, Stopping threads took: 0.0001010 seconds
171.140: Application time: 0.0334020 seconds
171.140: [GC [PSYoungGen: 103536K->10864K(107520K)] 213157K->120485K(352256K), 0.0044590 secs] [Times: user=0.03 sys=0.00, real=0.00 secs] 
171.145: Total time for which application threads were stopped: 0.0046760 seconds, Stopping threads took: 0.0001150 seconds
171.174: Application time: 0.0293960 seconds
171.174: [GC [PSYoungGen: 103536K->10880K(107520K)] 213157K->120501K(352256K), 0.0045640 secs] [Times: user=0.03 sys=0.00, real=0.00 secs] 
171.179: Total time for which application threads were stopped: 0.0047280 seconds, Stopping threads took: 0.0000660 seconds
171.206: Application time: 0.0274730 seconds
171.207: [GC [PSYoungGen: 103552K->10912K(107520K)] 213173K->120533K(352256K), 0.0044170 secs] [Times: user=0.03 sys=0.00, real=0.00 secs] 
171.211: Total time for which application threads were stopped: 0.0046230 seconds, Stopping threads took: 0.0001040 seconds
171.230: Application time: 0.0192940 seconds
171.231: [GC [PSYoungGen: 103584K->11072K(107520K)] 213205K->120693K(352256K), 0.0043070 secs] [Times: user=0.04 sys=0.00, real=0.01 secs] 
171.235: Total time for which application threads were stopped: 0.0045020 seconds, Stopping threads took: 0.0000920 seconds
171.261: Application time: 0.0259590 seconds
171.261: [GC [PSYoungGen: 103744K->14832K(107520K)] 213365K->125301K(352256K), 0.0060920 secs] [Times: user=0.05 sys=0.00, real=0.01 secs] 
171.267: Total time for which application threads were stopped: 0.0062880 seconds, Stopping threads took: 0.0000930 seconds
171.308: Application time: 0.0404080 seconds
171.308: [GC [PSYoungGen: 107504K->13408K(107520K)] 217973K->123877K(352256K), 0.0052200 secs] [Times: user=0.04 sys=0.00, real=0.00 secs] 
171.313: Total time for which application threads were stopped: 0.0054240 seconds, Stopping threads took: 0.0000970 seconds
171.349: Application time: 0.0355690 seconds
171.349: [GC [PSYoungGen: 106080K->12848K(107520K)] 216549K->123317K(352256K), 0.0051190 secs] [Times: user=0.04 sys=0.00, real=0.00 secs] 
171.354: Total time for which application threads were stopped: 0.0053140 seconds, Stopping threads took: 0.0000630 seconds
171.394: Application time: 0.0397750 seconds
171.394: [GC [PSYoungGen: 105520K->12944K(107520K)] 215989K->123413K(352256K), 0.0053940 secs] [Times: user=0.03 sys=0.00, real=0.01 secs] 
171.399: Total time for which application threads were stopped: 0.0056070 seconds, Stopping threads took: 0.0001090 seconds
171.426: Application time: 0.0264950 seconds
171.426: [GC [PSYoungGen: 105616K->12560K(107520K)] 216085K->123177K(352256K), 0.0050850 secs] [Times: user=0.04 sys=0.00, real=0.00 secs] 
171.431: Total time for which application threads were stopped: 0.0052930 seconds, Stopping threads took: 0.0000940 seconds
171.463: Application time: 0.0321820 seconds
171.463: [GC [PSYoungGen: 105232K->12592K(107520K)] 215849K->123357K(352256K), 0.0050670 secs] [Times: user=0.04 sys=0.00, real=0.01 secs] 
171.468: Total time for which application threads were stopped: 0.0052490 seconds, Stopping threads took: 0.0000800 seconds
171.489: Application time: 0.0207080 seconds
171.489: [GC [PSYoungGen: 105264K->12800K(107520K)] 216029K->123565K(352256K), 0.0051450 secs] [Times: user=0.04 sys=0.00, real=0.01 secs] 
171.495: Total time for which application threads were stopped: 0.0053170 seconds, Stopping threads took: 0.0000640 seconds
171.517: Application time: 0.0226650 seconds
171.517: [GC [PSYoungGen: 105472K->13008K(107520K)] 216237K->123773K(352256K), 0.0051140 secs] [Times: user=0.04 sys=0.00, real=0.00 secs] 
171.522: Total time for which application threads were stopped: 0.0052920 seconds, Stopping threads took: 0.0000770 seconds
171.562: Application time: 0.0395630 seconds
171.562: [GC [PSYoungGen: 105680K->11424K(107520K)] 216445K->125321K(352256K), 0.0058460 secs] [Times: user=0.04 sys=0.00, real=0.01 secs] 
171.568: Total time for which application threads were stopped: 0.0060320 seconds, Stopping threads took: 0.0000890 seconds
171.601: Application time: 0.0328560 seconds
171.601: [GC [PSYoungGen: 104096K->9520K(107520K)] 217993K->123417K(352256K), 0.0037860 secs] [Times: user=0.02 sys=0.00, real=0.00 secs] 
171.605: Total time for which application threads were stopped: 0.0039920 seconds, Stopping threads took: 0.0001030 seconds
171.646: Application time: 0.0405790 seconds
171.646: [GC [PSYoungGen: 102192K->9744K(107520K)] 216089K->123641K(352256K), 0.0038270 secs] [Times: user=0.03 sys=0.00, real=0.01 secs] 
171.650: Total time for which application threads were stopped: 0.0040170 seconds, Stopping threads took: 0.0000880 seconds
171.679: Application time: 0.0291100 seconds
171.679: [GC [PSYoungGen: 102416K->9648K(107520K)] 216313K->123545K(352256K), 0.0038450 secs] [Times: user=0.02 sys=0.00, real=0.00 secs] 
171.683: Total time for which application threads were stopped: 0.0040190 seconds, Stopping threads took: 0.0000740 seconds
171.715: Application time: 0.0319170 seconds
171.715: [GC [PSYoungGen: 102320K->10016K(107520K)] 216217K->123913K(352256K), 0.0041750 secs] [Times: user=0.02 sys=0.00, real=0.00 secs] 
171.719: Total time for which application threads were stopped: 0.0043320 seconds, Stopping threads took: 0.0000540 seconds
171.741: Application time: 0.0223930 seconds
171.741: [GC [PSYoungGen: 102688K->9968K(107520K)] 216585K->123865K(352256K), 0.0039490 secs] [Times: user=0.03 sys=0.00, real=0.00 secs] 
171.745: Total time for which application threads were stopped: 0.0041320 seconds, Stopping threads took: 0.0000710 seconds
171.766: Application time: 0.0205770 seconds
171.766: [GC [PSYoungGen: 102640K->9984K(107520K)] 216537K->123881K(352256K), 0.0038230 secs] [Times: user=0.02 sys=0.00, real=0.00 secs] 
171.770: Total time for which application threads were stopped: 0.0040220 seconds, Stopping threads took: 0.0000940 seconds
171.805: Application time: 0.0345190 seconds
171.805: [GC [PSYoungGen: 102656K->14832K(107520K)] 216553K->130791K(352256K), 0.0064140 secs] [Times: user=0.05 sys=0.00, real=0.01 secs] 
171.811: Total time for which application threads were stopped: 0.0066110 seconds, Stopping threads took: 0.0000940 seconds
171.844: Application time: 0.0329500 seconds
171.844: [GC [PSYoungGen: 107504K->11040K(107520K)] 223463K->126999K(352256K), 0.0041520 secs] [Times: user=0.03 sys=0.00, real=0.01 secs] 
171.849: Total time for which application threads were stopped: 0.0043560 seconds, Stopping threads took: 0.0000990 seconds
171.889: Application time: 0.0407710 seconds
171.889: [GC [PSYoungGen: 103712K->9136K(107520K)] 219671K->125095K(352256K), 0.0036720 secs] [Times: user=0.02 sys=0.00, real=0.00 secs] 
171.893: Total time for which application threads were stopped: 0.0038700 seconds, Stopping threads took: 0.0000770 seconds
171.928: Application time: 0.0350300 seconds
171.928: [GC [PSYoungGen: 101808K->9264K(107520K)] 217767K->125223K(352256K), 0.0035680 secs] [Times: user=0.03 sys=0.00, real=0.00 secs] 
171.932: Total time for which application threads were stopped: 0.0037530 seconds, Stopping threads took: 0.0000800 seconds
171.961: Application time: 0.0294390 seconds
171.962: [GC [PSYoungGen: 101936K->9328K(107520K)] 217895K->125287K(352256K), 0.0036770 secs] [Times: user=0.03 sys=0.00, real=0.00 secs] 
171.965: Total time for which application threads were stopped: 0.0038800 seconds, Stopping threads took: 0.0000960 seconds
171.994: Application time: 0.0284960 seconds
171.994: [GC [PSYoungGen: 102000K->9152K(107520K)] 217959K->125111K(352256K), 0.0034660 secs] [Times: user=0.02 sys=0.00, real=0.00 secs] 
171.997: Total time for which application threads were stopped: 0.0036340 seconds, Stopping threads took: 0.0000590 seconds
172.016: Application time: 0.0190740 seconds
172.017: [GC [PSYoungGen: 101824K->9200K(107520K)] 217783K->125159K(352256K), 0.0036020 secs] [Times: user=0.02 sys=0.00, real=0.00 secs] 
172.020: Total time for which application threads were stopped: 0.0037730 seconds, Stopping threads took: 0.0000690 seconds
172.048: Application time: 0.0273710 seconds
172.048: [GC [PSYoungGen: 101872K->13328K(107520K)] 217831K->129287K(352256K), 0.0049950 secs] [Times: user=0.03 sys=0.00, real=0.00 secs] 
172.053: Total time for which application threads were stopped: 0.0051870 seconds, Stopping threads took: 0.0000910 seconds
172.090: Application time: 0.0376750 seconds
172.091: [GC [PSYoungGen: 106000K->10112K(107520K)] 221959K->126071K(352256K), 0.0036910 secs] [Times: user=0.03 sys=0.01, real=0.01 secs] 
172.094: Total time for which application threads were stopped: 0.0038650 seconds, Stopping threads took: 0.0000680 seconds
172.130: Application time: 0.0352680 seconds
172.130: [GC [PSYoungGen: 102784K->9168K(107520K)] 218743K->125127K(352256K), 0.0036420 secs] [Times: user=0.02 sys=0.00, real=0.00 secs] 
172.133: Total time for which application threads were stopped: 0.0038340 seconds, Stopping threads took: 0.0000900 seconds
172.173: Application time: 0.0399170 seconds
172.174: [GC [PSYoungGen: 101840K->9472K(107520K)] 217799K->125431K(352256K), 0.0035900 secs] [Times: user=0.03 sys=0.00, real=0.01 secs] 
172.177: Total time for which application threads were stopped: 0.0037930 seconds, Stopping threads took: 0.0000950 seconds
172.204: Application time: 0.0268620 seconds
172.204: [GC [PSYoungGen: 102144K->9024K(107520K)] 218103K->125131K(352256K), 0.0037140 secs] [Times: user=0.02 sys=0.00, real=0.01 secs] 
172.208: Total time for which application threads were stopped: 0.0039350 seconds, Stopping threads took: 0.0001190 seconds
172.240: Application time: 0.0315800 seconds
172.240: [GC [PSYoungGen: 101696K->8960K(107520K)] 217803K->125187K(352256K), 0.0035820 secs] [Times: user=0.03 sys=0.00, real=0.00 secs] 
172.243: Total time for which application threads were stopped: 0.0037630 seconds, Stopping threads took: 0.0000800 seconds
172.264: Application time: 0.0206950 seconds
172.264: [GC [PSYoungGen: 101632K->9136K(107520K)] 217859K->125411K(352256K), 0.0036670 secs] [Times: user=0.03 sys=0.00, real=0.01 secs] 
172.268: Total time for which application threads were stopped: 0.0038870 seconds, Stopping threads took: 0.0001160 seconds
172.291: Application time: 0.0227770 seconds
172.291: [GC [PSYoungGen: 101808K->9568K(107520K)] 218083K->125843K(352256K), 0.0036080 secs] [Times: user=0.02 sys=0.00, real=0.01 secs] 
172.295: Total time for which application threads were stopped: 0.0038170 seconds, Stopping threads took: 0.0001070 seconds
172.333: Application time: 0.0389600 seconds
172.334: [GC [PSYoungGen: 102240K->10384K(107520K)] 218515K->128017K(352256K), 0.0043920 secs] [Times: user=0.03 sys=0.00, real=0.01 secs] 
172.338: Total time for which application threads were stopped: 0.0045770 seconds, Stopping threads took: 0.0000820 seconds
172.370: Application time: 0.0320840 seconds
172.370: [GC [PSYoungGen: 103056K->7552K(107520K)] 220689K->125193K(352256K), 0.0029830 secs] [Times: user=0.02 sys=0.00, real=0.00 secs] 
172.373: Total time for which application threads were stopped: 0.0031740 seconds, Stopping threads took: 0.0000910 seconds
172.414: Application time: 0.0407870 seconds
172.414: [GC [PSYoungGen: 100224K->7632K(107520K)] 217865K->125273K(352256K), 0.0030980 secs] [Times: user=0.02 sys=0.00, real=0.00 secs] 
172.417: Total time for which application threads were stopped: 0.0033130 seconds, Stopping threads took: 0.0000930 seconds
172.448: Application time: 0.0304110 seconds
172.448: [GC [PSYoungGen: 100304K->7504K(107520K)] 217945K->125145K(352256K), 0.0029810 secs] [Times: user=0.02 sys=0.00, real=0.00 secs] 
172.451: Total time for which application threads were stopped: 0.0031730 seconds, Stopping threads took: 0.0000870 seconds
172.483: Application time: 0.0315660 seconds
172.483: [GC [PSYoungGen: 100176K->7792K(107520K)] 217817K->125433K(352256K), 0.0030540 secs] [Times: user=0.02 sys=0.00, real=0.00 secs] 
172.486: Total time for which application threads were stopped: 0.0032700 seconds, Stopping threads took: 0.0001120 seconds
172.511: Application time: 0.0249550 seconds
172.511: [GC [PSYoungGen: 100464K->7856K(107520K)] 218105K->125497K(352256K), 0.0030330 secs] [Times: user=0.02 sys=0.00, real=0.01 secs] 
172.514: Total time for which application threads were stopped: 0.0031950 seconds, Stopping threads took: 0.0000580 seconds
172.533: Application time: 0.0188910 seconds
172.533: [GC [PSYoungGen: 100528K->8096K(107520K)] 218169K->125737K(352256K), 0.0032280 secs] [Times: user=0.02 sys=0.00, real=0.01 secs] 
172.536: Total time for which application threads were stopped: 0.0034140 seconds, Stopping threads took: 0.0000830 seconds
172.566: Application time: 0.0293120 seconds
172.566: [GC [PSYoungGen: 100768K->14816K(107520K)] 218409K->134622K(352256K), 0.0065730 secs] [Times: user=0.04 sys=0.00, real=0.01 secs] 
172.572: Total time for which application threads were stopped: 0.0067660 seconds, Stopping threads took: 0.0000910 seconds
172.609: Application time: 0.0367220 seconds
172.609: [GC [PSYoungGen: 107488K->14208K(107520K)] 227294K->134014K(352256K), 0.0055580 secs] [Times: user=0.04 sys=0.00, real=0.01 secs] 
172.615: Total time for which application threads were stopped: 0.0057430 seconds, Stopping threads took: 0.0000830 seconds
172.653: Application time: 0.0382520 seconds
172.653: [GC [PSYoungGen: 106880K->11744K(107520K)] 226686K->131550K(352256K), 0.0047990 secs] [Times: user=0.03 sys=0.00, real=0.01 secs] 
172.658: Total time for which application threads were stopped: 0.0050160 seconds, Stopping threads took: 0.0001190 seconds
172.696: Application time: 0.0381660 seconds
172.696: [GC [PSYoungGen: 104416K->11792K(107520K)] 224222K->131598K(352256K), 0.0048620 secs] [Times: user=0.03 sys=0.00, real=0.00 secs] 
172.701: Total time for which application threads were stopped: 0.0050520 seconds, Stopping threads took: 0.0000960 seconds
172.729: Application time: 0.0273860 seconds
172.729: [GC [PSYoungGen: 104464K->11808K(107520K)] 224270K->131614K(352256K), 0.0047880 secs] [Times: user=0.03 sys=0.00, real=0.00 secs] 
172.734: Total time for which application threads were stopped: 0.0049720 seconds, Stopping threads took: 0.0000880 seconds
172.764: Application time: 0.0306890 seconds
172.765: [GC [PSYoungGen: 104480K->12336K(107520K)] 224286K->132142K(352256K), 0.0049650 secs] [Times: user=0.03 sys=0.00, real=0.01 secs] 
172.770: Total time for which application threads were stopped: 0.0051860 seconds, Stopping threads took: 0.0001170 seconds
172.789: Application time: 0.0192080 seconds
172.789: [GC [PSYoungGen: 105008K->11872K(107520K)] 224814K->131678K(352256K), 0.0047620 secs] [Times: user=0.03 sys=0.00, real=0.00 secs] 
172.794: Total time for which application threads were stopped: 0.0049220 seconds, Stopping threads took: 0.0000600 seconds
172.819: Application time: 0.0249420 seconds
172.819: [GC [PSYoungGen: 104544K->12176K(107520K)] 224350K->131982K(352256K), 0.0046690 secs] [Times: user=0.04 sys=0.00, real=0.00 secs] 
172.824: Total time for which application threads were stopped: 0.0048550 seconds, Stopping threads took: 0.0000830 seconds
172.863: Application time: 0.0390890 seconds
172.863: [GC [PSYoungGen: 104848K->12640K(107520K)] 224654K->132446K(352256K), 0.0048800 secs] [Times: user=0.03 sys=0.00, real=0.01 secs] 
172.868: Total time for which application threads were stopped: 0.0050710 seconds, Stopping threads took: 0.0000890 seconds
172.901: Application time: 0.0330660 seconds
172.901: [GC [PSYoungGen: 105312K->11744K(107520K)] 225118K->131550K(352256K), 0.0046810 secs] [Times: user=0.03 sys=0.00, real=0.00 secs] 
172.906: Total time for which application threads were stopped: 0.0048770 seconds, Stopping threads took: 0.0000930 seconds
172.947: Application time: 0.0410210 seconds
172.947: [GC [PSYoungGen: 104416K->11936K(107520K)] 224222K->131742K(352256K), 0.0047370 secs] [Times: user=0.03 sys=0.00, real=0.00 secs] 
172.952: Total time for which application threads were stopped: 0.0049480 seconds, Stopping threads took: 0.0000900 seconds
172.979: Application time: 0.0273120 seconds
172.979: [GC [PSYoungGen: 104608K->11696K(107520K)] 224414K->131590K(352256K), 0.0049410 secs] [Times: user=0.03 sys=0.00, real=0.00 secs] 
172.984: Total time for which application threads were stopped: 0.0051410 seconds, Stopping threads took: 0.0000970 seconds
173.017: Application time: 0.0325890 seconds
173.017: [GC [PSYoungGen: 104368K->11664K(107520K)] 224262K->131746K(352256K), 0.0047150 secs] [Times: user=0.04 sys=0.00, real=0.00 secs] 
173.022: Total time for which application threads were stopped: 0.0049010 seconds, Stopping threads took: 0.0000820 seconds
173.044: Application time: 0.0224460 seconds
173.044: [GC [PSYoungGen: 104336K->11664K(107520K)] 224418K->131794K(352256K), 0.0049360 secs] [Times: user=0.04 sys=0.00, real=0.01 secs] 
173.049: Total time for which application threads were stopped: 0.0051440 seconds, Stopping threads took: 0.0001040 seconds
173.070: Application time: 0.0209170 seconds
173.070: [GC [PSYoungGen: 104336K->11840K(107520K)] 224466K->131970K(352256K), 0.0049170 secs] [Times: user=0.03 sys=0.00, real=0.01 secs] 
173.075: Total time for which application threads were stopped: 0.0051190 seconds, Stopping threads took: 0.0001000 seconds
173.112: Application time: 0.0367990 seconds
173.112: [GC [PSYoungGen: 104512K->12592K(107520K)] 224642K->136886K(352256K), 0.0064010 secs] [Times: user=0.05 sys=0.00, real=0.01 secs] 
173.119: Total time for which application threads were stopped: 0.0065920 seconds, Stopping threads took: 0.0000860 seconds
173.151: Application time: 0.0319450 seconds
173.154: [GC [PSYoungGen: 105264K->8272K(107520K)] 229558K->132574K(352256K), 0.0033470 secs] [Times: user=0.02 sys=0.00, real=0.00 secs] 
173.157: Total time for which application threads were stopped: 0.0068990 seconds, Stopping threads took: 0.0034480 seconds
173.197: Application time: 0.0396800 seconds
173.197: [GC [PSYoungGen: 100944K->7632K(107520K)] 225246K->131934K(352256K), 0.0031890 secs] [Times: user=0.02 sys=0.00, real=0.00 secs] 
173.201: Total time for which application threads were stopped: 0.0033950 seconds, Stopping threads took: 0.0001030 seconds
173.234: Application time: 0.0335300 seconds
173.234: [GC [PSYoungGen: 100304K->7552K(107520K)] 224606K->131854K(352256K), 0.0030880 secs] [Times: user=0.02 sys=0.00, real=0.00 secs] 
173.237: Total time for which application threads were stopped: 0.0032710 seconds, Stopping threads took: 0.0000820 seconds
173.268: Application time: 0.0304160 seconds
173.268: [GC [PSYoungGen: 100224K->7936K(107520K)] 224526K->132238K(352256K), 0.0032390 secs] [Times: user=0.02 sys=0.00, real=0.00 secs] 
173.271: Total time for which application threads were stopped: 0.0034080 seconds, Stopping threads took: 0.0000700 seconds
173.298: Application time: 0.0273410 seconds
173.299: [GC [PSYoungGen: 100608K->7904K(107520K)] 224910K->132206K(352256K), 0.0031230 secs] [Times: user=0.02 sys=0.00, real=0.00 secs] 
173.302: Total time for which application threads were stopped: 0.0032890 seconds, Stopping threads took: 0.0000680 seconds
173.321: Application time: 0.0191660 seconds
173.321: [GC [PSYoungGen: 100576K->8016K(107520K)] 224878K->132318K(352256K), 0.0031130 secs] [Times: user=0.03 sys=0.00, real=0.00 secs] 
173.324: Total time for which application threads were stopped: 0.0033050 seconds, Stopping threads took: 0.0000910 seconds
173.351: Application time: 0.0272110 seconds
173.352: [GC [PSYoungGen: 100688K->12912K(107520K)] 224990K->137214K(352256K), 0.0049690 secs] [Times: user=0.04 sys=0.00, real=0.01 secs] 
173.357: Total time for which application threads were stopped: 0.0051580 seconds, Stopping threads took: 0.0000860 seconds
173.395: Application time: 0.0383700 seconds
173.395: [GC [PSYoungGen: 105584K->8624K(107520K)] 229886K->132926K(352256K), 0.0035510 secs] [Times: user=0.02 sys=0.00, real=0.00 secs] 
173.399: Total time for which application threads were stopped: 0.0037450 seconds, Stopping threads took: 0.0000940 seconds
173.436: Application time: 0.0369000 seconds
173.436: [GC [PSYoungGen: 101296K->8160K(107520K)] 225598K->132462K(352256K), 0.0032910 secs] [Times: user=0.02 sys=0.00, real=0.00 secs] 
173.439: Total time for which application threads were stopped: 0.0034810 seconds, Stopping threads took: 0.0000910 seconds
173.478: Application time: 0.0387840 seconds
173.478: [GC [PSYoungGen: 100832K->8032K(107520K)] 225134K->132334K(352256K), 0.0032560 secs] [Times: user=0.02 sys=0.00, real=0.00 secs] 
173.481: Total time for which application threads were stopped: 0.0034690 seconds, Stopping threads took: 0.0000930 seconds
173.509: Application time: 0.0277020 seconds
173.509: [GC [PSYoungGen: 100704K->7824K(107520K)] 225006K->132126K(352256K), 0.0032720 secs] [Times: user=0.02 sys=0.00, real=0.00 secs] 
173.513: Total time for which application threads were stopped: 0.0034660 seconds, Stopping threads took: 0.0000960 seconds
173.543: Application time: 0.0308000 seconds
173.546: [GC [PSYoungGen: 100496K->8096K(107520K)] 224798K->132398K(352256K), 0.0032650 secs] [Times: user=0.03 sys=0.00, real=0.00 secs] 
173.549: Total time for which application threads were stopped: 0.0059120 seconds, Stopping threads took: 0.0025460 seconds
173.569: Application time: 0.0198230 seconds
173.569: [GC [PSYoungGen: 100768K->7952K(107520K)] 225070K->132254K(352256K), 0.0032010 secs] [Times: user=0.03 sys=0.00, real=0.00 secs] 
173.573: Total time for which application threads were stopped: 0.0034100 seconds, Stopping threads took: 0.0001100 seconds
173.597: Application time: 0.0241410 seconds
173.597: [GC [PSYoungGen: 100624K->7936K(107520K)] 224926K->132238K(352256K), 0.0031210 secs] [Times: user=0.02 sys=0.00, real=0.00 secs] 
173.600: Total time for which application threads were stopped: 0.0033090 seconds, Stopping threads took: 0.0000810 seconds
173.639: Application time: 0.0385870 seconds
173.639: [GC [PSYoungGen: 100608K->10528K(107520K)] 224910K->134830K(352256K), 0.0039860 secs] [Times: user=0.03 sys=0.00, real=0.00 secs] 
173.643: Total time for which application threads were stopped: 0.0041560 seconds, Stopping threads took: 0.0000700 seconds
173.676: Application time: 0.0334450 seconds
173.676: [GC [PSYoungGen: 103200K->8352K(107520K)] 227502K->132654K(352256K), 0.0033200 secs] [Times: user=0.02 sys=0.00, real=0.00 secs] 
173.680: Total time for which application threads were stopped: 0.0035140 seconds, Stopping threads took: 0.0000900 seconds
173.720: Application time: 0.0404910 seconds
173.720: [GC [PSYoungGen: 101024K->7712K(107520K)] 225326K->132014K(352256K), 0.0030930 secs] [Times: user=0.02 sys=0.00, real=0.00 secs] 
173.723: Total time for which application threads were stopped: 0.0032720 seconds, Stopping threads took: 0.0000780 seconds
173.752: Application time: 0.0284530 seconds
173.752: [GC [PSYoungGen: 100384K->7712K(107520K)] 224686K->132014K(352256K), 0.0031250 secs] [Times: user=0.03 sys=0.00, real=0.01 secs] 
173.755: Total time for which application threads were stopped: 0.0033110 seconds, Stopping threads took: 0.0000860 seconds
173.789: Application time: 0.0337300 seconds
173.789: [GC [PSYoungGen: 100384K->7680K(107520K)] 224686K->132206K(352256K), 0.0032880 secs] [Times: user=0.02 sys=0.00, real=0.00 secs] 
173.792: Total time for which application threads were stopped: 0.0034860 seconds, Stopping threads took: 0.0000870 seconds
173.816: Application time: 0.0234050 seconds
173.816: [GC [PSYoungGen: 100352K->7648K(107520K)] 224878K->132222K(352256K), 0.0032120 secs] [Times: user=0.02 sys=0.00, real=0.00 secs] 
173.819: Total time for which application threads were stopped: 0.0033490 seconds, Stopping threads took: 0.0000370 seconds
173.839: Application time: 0.0201570 seconds
173.839: [GC [PSYoungGen: 100320K->7952K(107520K)] 224894K->132526K(352256K), 0.0030980 secs] [Times: user=0.03 sys=0.00, real=0.00 secs] 
173.843: Total time for which application threads were stopped: 0.0032550 seconds, Stopping threads took: 0.0000570 seconds
173.876: Application time: 0.0337770 seconds
173.877: [GC [PSYoungGen: 100624K->14592K(107520K)] 225198K->139166K(352256K), 0.0055830 secs] [Times: user=0.04 sys=0.00, real=0.00 secs] 
173.882: Total time for which application threads were stopped: 0.0057670 seconds, Stopping threads took: 0.0000810 seconds
173.915: Application time: 0.0325230 seconds
173.915: [GC [PSYoungGen: 107264K->9440K(107520K)] 231838K->134014K(352256K), 0.0036940 secs] [Times: user=0.02 sys=0.00, real=0.00 secs] 
173.919: Total time for which application threads were stopped: 0.0038790 seconds, Stopping threads took: 0.0000840 seconds
173.959: Application time: 0.0403550 seconds
173.962: [GC [PSYoungGen: 102112K->7616K(107520K)] 226686K->132198K(352256K), 0.0032220 secs] [Times: user=0.02 sys=0.00, real=0.00 secs] 
173.965: Total time for which application threads were stopped: 0.0063220 seconds, Stopping threads took: 0.0029980 seconds
174.001: Application time: 0.0355690 seconds
174.001: [GC [PSYoungGen: 100288K->7664K(107520K)] 224870K->132246K(352256K), 0.0047340 secs] [Times: user=0.03 sys=0.00, real=0.00 secs] 
174.006: Total time for which application threads were stopped: 0.0049320 seconds, Stopping threads took: 0.0000770 seconds
174.035: Application time: 0.0290550 seconds
174.035: [GC [PSYoungGen: 100336K->7888K(107520K)] 224918K->132470K(352256K), 0.0031590 secs] [Times: user=0.02 sys=0.00, real=0.00 secs] 
174.038: Total time for which application threads were stopped: 0.0033380 seconds, Stopping threads took: 0.0000760 seconds
174.067: Application time: 0.0289620 seconds
174.067: [GC [PSYoungGen: 100560K->7744K(107520K)] 225142K->132326K(352256K), 0.0032290 secs] [Times: user=0.02 sys=0.00, real=0.00 secs] 
174.071: Total time for which application threads were stopped: 0.0034230 seconds, Stopping threads took: 0.0000960 seconds
174.089: Application time: 0.0184800 seconds
174.089: [GC [PSYoungGen: 100416K->7952K(107520K)] 224998K->132534K(352256K), 0.0031240 secs] [Times: user=0.02 sys=0.00, real=0.00 secs] 
174.092: Total time for which application threads were stopped: 0.0033150 seconds, Stopping threads took: 0.0000880 seconds
174.120: Application time: 0.0280400 seconds
174.121: [GC [PSYoungGen: 100624K->10704K(107520K)] 225206K->135286K(352256K), 0.0040910 secs] [Times: user=0.03 sys=0.00, real=0.00 secs] 
174.125: Total time for which application threads were stopped: 0.0042590 seconds, Stopping threads took: 0.0000640 seconds
174.161: Application time: 0.0360850 seconds
174.161: [GC [PSYoungGen: 103376K->8544K(107520K)] 227958K->133126K(352256K), 0.0033790 secs] [Times: user=0.03 sys=0.00, real=0.00 secs] 
174.164: Total time for which application threads were stopped: 0.0035700 seconds, Stopping threads took: 0.0000900 seconds
174.200: Application time: 0.0357030 seconds
174.200: [GC [PSYoungGen: 101216K->7776K(107520K)] 225798K->132358K(352256K), 0.0031930 secs] [Times: user=0.02 sys=0.00, real=0.00 secs] 
174.203: Total time for which application threads were stopped: 0.0033890 seconds, Stopping threads took: 0.0000940 seconds
174.243: Application time: 0.0395940 seconds
174.243: [GC [PSYoungGen: 100448K->7904K(107520K)] 225030K->132486K(352256K), 0.0031120 secs] [Times: user=0.02 sys=0.00, real=0.01 secs] 
174.246: Total time for which application threads were stopped: 0.0032920 seconds, Stopping threads took: 0.0000750 seconds
174.273: Application time: 0.0266730 seconds
174.273: [GC [PSYoungGen: 100576K->7872K(107520K)] 225158K->132454K(352256K), 0.0031830 secs] [Times: user=0.03 sys=0.00, real=0.01 secs] 
174.276: Total time for which application threads were stopped: 0.0033750 seconds, Stopping threads took: 0.0000920 seconds
174.309: Application time: 0.0329010 seconds
174.309: [GC [PSYoungGen: 100544K->7728K(107520K)] 225126K->132310K(352256K), 0.0031370 secs] [Times: user=0.02 sys=0.00, real=0.00 secs] 
174.313: Total time for which application threads were stopped: 0.0033630 seconds, Stopping threads took: 0.0001240 seconds
174.333: Application time: 0.0203130 seconds
174.333: [GC [PSYoungGen: 100400K->7904K(107520K)] 224982K->132486K(352256K), 0.0031160 secs] [Times: user=0.02 sys=0.00, real=0.01 secs] 
174.336: Total time for which application threads were stopped: 0.0032800 seconds, Stopping threads took: 0.0000640 seconds
174.358: Application time: 0.0219680 seconds
174.358: [GC [PSYoungGen: 100576K->8096K(107520K)] 225158K->132678K(352256K), 0.0032110 secs] [Times: user=0.02 sys=0.00, real=0.00 secs] 
174.362: Total time for which application threads were stopped: 0.0034260 seconds, Stopping threads took: 0.0001130 seconds
174.400: Application time: 0.0384780 seconds
174.400: [GC [PSYoungGen: 100768K->9536K(107520K)] 225350K->134118K(352256K), 0.0036510 secs] [Times: user=0.02 sys=0.00, real=0.00 secs] 
174.404: Total time for which application threads were stopped: 0.0038250 seconds, Stopping threads took: 0.0000710 seconds
174.434: Application time: 0.0302910 seconds
174.434: [GC [PSYoungGen: 102208K->9696K(107520K)] 226790K->134278K(352256K), 0.0037760 secs] [Times: user=0.03 sys=0.00, real=0.00 secs] 
174.438: Total time for which application threads were stopped: 0.0039680 seconds, Stopping threads took: 0.0000840 seconds
174.480: Application time: 0.0417950 seconds
174.480: [GC [PSYoungGen: 102368K->7744K(107520K)] 226950K->132326K(352256K), 0.0031760 secs] [Times: user=0.02 sys=0.00, real=0.00 secs] 
174.483: Total time for which application threads were stopped: 0.0033600 seconds, Stopping threads took: 0.0000850 seconds
174.514: Application time: 0.0310670 seconds
174.515: [GC [PSYoungGen: 100416K->7968K(107520K)] 224998K->132550K(352256K), 0.0031500 secs] [Times: user=0.02 sys=0.00, real=0.00 secs] 
174.518: Total time for which application threads were stopped: 0.0033620 seconds, Stopping threads took: 0.0000930 seconds
174.550: Application time: 0.0322960 seconds
174.554: [GC [PSYoungGen: 100640K->7616K(107520K)] 225222K->132426K(352256K), 0.0032180 secs] [Times: user=0.02 sys=0.00, real=0.00 secs] 
174.557: Total time for which application threads were stopped: 0.0072000 seconds, Stopping threads took: 0.0038800 seconds
174.582: Application time: 0.0244730 seconds
174.586: [GC [PSYoungGen: 100288K->7536K(107520K)] 225098K->132402K(352256K), 0.0032190 secs] [Times: user=0.03 sys=0.00, real=0.00 secs] 
174.589: Total time for which application threads were stopped: 0.0075410 seconds, Stopping threads took: 0.0042270 seconds
174.610: Application time: 0.0203460 seconds
174.610: [GC [PSYoungGen: 100208K->8096K(107520K)] 225074K->132963K(352256K), 0.0032570 secs] [Times: user=0.02 sys=0.00, real=0.00 secs] 
174.613: Total time for which application threads were stopped: 0.0034200 seconds, Stopping threads took: 0.0000680 seconds
174.645: Application time: 0.0314770 seconds
174.645: [GC [PSYoungGen: 100768K->13712K(107520K)] 225635K->138579K(352256K), 0.0054730 secs] [Times: user=0.04 sys=0.00, real=0.01 secs] 
174.650: Total time for which application threads were stopped: 0.0056620 seconds, Stopping threads took: 0.0000890 seconds
174.684: Application time: 0.0339980 seconds
174.684: [GC [PSYoungGen: 106384K->7840K(107520K)] 231251K->132707K(352256K), 0.0030610 secs] [Times: user=0.03 sys=0.00, real=0.01 secs] 
174.687: Total time for which application threads were stopped: 0.0032480 seconds, Stopping threads took: 0.0000850 seconds
174.725: Application time: 0.0380230 seconds
174.726: [GC [PSYoungGen: 100512K->7696K(107520K)] 225379K->132570K(352256K), 0.0032130 secs] [Times: user=0.02 sys=0.00, real=0.01 secs] 
174.729: Total time for which application threads were stopped: 0.0034210 seconds, Stopping threads took: 0.0001050 seconds
174.766: Application time: 0.0368310 seconds
174.766: [GC [PSYoungGen: 100368K->7808K(107520K)] 225242K->132683K(352256K), 0.0031410 secs] [Times: user=0.02 sys=0.00, real=0.01 secs] 
174.769: Total time for which application threads were stopped: 0.0033210 seconds, Stopping threads took: 0.0000800 seconds
174.797: Application time: 0.0282390 seconds
174.797: [GC [PSYoungGen: 100480K->7776K(107520K)] 225355K->132650K(352256K), 0.0033000 secs] [Times: user=0.02 sys=0.00, real=0.00 secs] 
174.801: Total time for which application threads were stopped: 0.0034780 seconds, Stopping threads took: 0.0000820 seconds
174.831: Application time: 0.0303820 seconds
174.831: [GC [PSYoungGen: 100448K->7792K(107520K)] 225322K->132667K(352256K), 0.0032670 secs] [Times: user=0.02 sys=0.00, real=0.01 secs] 
174.835: Total time for which application threads were stopped: 0.0034610 seconds, Stopping threads took: 0.0000990 seconds
174.854: Application time: 0.0198180 seconds
174.855: [GC [PSYoungGen: 100464K->7760K(107520K)] 225339K->132635K(352256K), 0.0030650 secs] [Times: user=0.02 sys=0.00, real=0.00 secs] 
174.858: Total time for which application threads were stopped: 0.0032510 seconds, Stopping threads took: 0.0000930 seconds
174.884: Application time: 0.0259940 seconds
174.884: [GC [PSYoungGen: 100432K->11376K(107520K)] 225307K->136251K(352256K), 0.0044550 secs] [Times: user=0.03 sys=0.00, real=0.01 secs] 
174.889: Total time for which application threads were stopped: 0.0051410 seconds, Stopping threads took: 0.0005830 seconds
174.926: Application time: 0.0367700 seconds
174.926: [GC [PSYoungGen: 104048K->10816K(107520K)] 228923K->135691K(352256K), 0.0041440 secs] [Times: user=0.03 sys=0.00, real=0.01 secs] 
174.930: Total time for which application threads were stopped: 0.0043340 seconds, Stopping threads took: 0.0000850 seconds
174.965: Application time: 0.0345890 seconds
174.965: [GC [PSYoungGen: 103488K->8448K(107520K)] 228363K->133323K(352256K), 0.0032820 secs] [Times: user=0.02 sys=0.00, real=0.01 secs] 
174.968: Total time for which application threads were stopped: 0.0034750 seconds, Stopping threads took: 0.0000970 seconds
175.008: Application time: 0.0401650 seconds
175.008: [GC [PSYoungGen: 101120K->7808K(107520K)] 225995K->132683K(352256K), 0.0031010 secs] [Times: user=0.02 sys=0.00, real=0.00 secs] 
175.011: Total time for which application threads were stopped: 0.0032960 seconds, Stopping threads took: 0.0000860 seconds
175.041: Application time: 0.0294810 seconds
175.041: [GC [PSYoungGen: 100480K->7936K(107520K)] 225355K->132811K(352256K), 0.0031950 secs] [Times: user=0.02 sys=0.00, real=0.00 secs] 
175.044: Total time for which application threads were stopped: 0.0033860 seconds, Stopping threads took: 0.0000640 seconds
175.077: Application time: 0.0322340 seconds
175.077: [GC [PSYoungGen: 100608K->7888K(107520K)] 225483K->132763K(352256K), 0.0031820 secs] [Times: user=0.03 sys=0.00, real=0.00 secs] 
175.080: Total time for which application threads were stopped: 0.0034000 seconds, Stopping threads took: 0.0001180 seconds
175.102: Application time: 0.0224340 seconds
175.103: [GC [PSYoungGen: 100560K->8016K(107520K)] 225435K->132891K(352256K), 0.0032320 secs] [Times: user=0.02 sys=0.00, real=0.00 secs] 
175.106: Total time for which application threads were stopped: 0.0033980 seconds, Stopping threads took: 0.0000660 seconds
175.127: Application time: 0.0207100 seconds
175.127: [GC [PSYoungGen: 100688K->7776K(107520K)] 225563K->132651K(352256K), 0.0031360 secs] [Times: user=0.01 sys=0.00, real=0.00 secs] 
175.130: Total time for which application threads were stopped: 0.0033560 seconds, Stopping threads took: 0.0001080 seconds
175.164: Application time: 0.0343170 seconds
175.164: [GC [PSYoungGen: 100448K->14816K(107520K)] 225323K->139779K(352256K), 0.0058640 secs] [Times: user=0.04 sys=0.00, real=0.01 secs] 
175.170: Total time for which application threads were stopped: 0.0060510 seconds, Stopping threads took: 0.0000850 seconds
175.203: Application time: 0.0330650 seconds
175.203: [GC [PSYoungGen: 107488K->12640K(107520K)] 232451K->137603K(352256K), 0.0049020 secs] [Times: user=0.04 sys=0.00, real=0.01 secs] 
175.208: Total time for which application threads were stopped: 0.0050800 seconds, Stopping threads took: 0.0000740 seconds
175.248: Application time: 0.0392420 seconds
175.248: [GC [PSYoungGen: 105312K->10464K(107520K)] 230275K->135427K(352256K), 0.0041290 secs] [Times: user=0.03 sys=0.00, real=0.00 secs] 
175.252: Total time for which application threads were stopped: 0.0043210 seconds, Stopping threads took: 0.0000880 seconds
175.287: Application time: 0.0347100 seconds
175.287: [GC [PSYoungGen: 103136K->10496K(107520K)] 228099K->135459K(352256K), 0.0040490 secs] [Times: user=0.03 sys=0.00, real=0.00 secs] 
175.291: Total time for which application threads were stopped: 0.0042220 seconds, Stopping threads took: 0.0000670 seconds
175.321: Application time: 0.0296890 seconds
175.321: [GC [PSYoungGen: 103168K->10512K(107520K)] 228131K->135671K(352256K), 0.0041610 secs] [Times: user=0.02 sys=0.00, real=0.00 secs] 
175.325: Total time for which application threads were stopped: 0.0043420 seconds, Stopping threads took: 0.0000780 seconds
175.352: Application time: 0.0272960 seconds
175.352: [GC [PSYoungGen: 103184K->10336K(107520K)] 228343K->135543K(352256K), 0.0039380 secs] [Times: user=0.03 sys=0.00, real=0.01 secs] 
175.356: Total time for which application threads were stopped: 0.0041230 seconds, Stopping threads took: 0.0000810 seconds
175.376: Application time: 0.0198580 seconds
175.376: [GC [PSYoungGen: 103008K->10400K(107520K)] 228215K->135663K(352256K), 0.0040420 secs] [Times: user=0.03 sys=0.00, real=0.00 secs] 
175.380: Total time for which application threads were stopped: 0.0042090 seconds, Stopping threads took: 0.0000640 seconds
175.408: Application time: 0.0272720 seconds
175.408: [GC [PSYoungGen: 103072K->14832K(107520K)] 228335K->140775K(352256K), 0.0059910 secs] [Times: user=0.04 sys=0.00, real=0.01 secs] 
175.414: Total time for which application threads were stopped: 0.0061970 seconds, Stopping threads took: 0.0000950 seconds
175.451: Application time: 0.0375710 seconds
175.452: [GC [PSYoungGen: 107504K->11136K(107520K)] 233447K->137079K(352256K), 0.0043820 secs] [Times: user=0.03 sys=0.00, real=0.01 secs] 
175.456: Total time for which application threads were stopped: 0.0045740 seconds, Stopping threads took: 0.0000910 seconds
175.492: Application time: 0.0354980 seconds
175.492: [GC [PSYoungGen: 103808K->11120K(107520K)] 229751K->137079K(352256K), 0.0046120 secs] [Times: user=0.03 sys=0.00, real=0.01 secs] 
175.496: Total time for which application threads were stopped: 0.0048120 seconds, Stopping threads took: 0.0000950 seconds
175.536: Application time: 0.0398360 seconds
175.536: [GC [PSYoungGen: 103792K->10880K(107520K)] 229751K->136839K(352256K), 0.0043820 secs] [Times: user=0.03 sys=0.00, real=0.00 secs] 
175.541: Total time for which application threads were stopped: 0.0045870 seconds, Stopping threads took: 0.0001010 seconds
175.568: Application time: 0.0272040 seconds
175.568: [GC [PSYoungGen: 103552K->10976K(107520K)] 229511K->136935K(352256K), 0.0044720 secs] [Times: user=0.04 sys=0.00, real=0.00 secs] 
175.573: Total time for which application threads were stopped: 0.0046770 seconds, Stopping threads took: 0.0000890 seconds
175.604: Application time: 0.0315520 seconds
175.604: [GC [PSYoungGen: 103648K->11088K(107520K)] 229607K->137047K(352256K), 0.0043000 secs] [Times: user=0.03 sys=0.00, real=0.01 secs] 
175.609: Total time for which application threads were stopped: 0.0044820 seconds, Stopping threads took: 0.0000780 seconds
175.630: Application time: 0.0215660 seconds
175.630: [GC [PSYoungGen: 103760K->11216K(107520K)] 229719K->137175K(352256K), 0.0043540 secs] [Times: user=0.03 sys=0.00, real=0.01 secs] 
175.635: Total time for which application threads were stopped: 0.0045700 seconds, Stopping threads took: 0.0001130 seconds
175.657: Application time: 0.0218800 seconds
175.657: [GC [PSYoungGen: 103888K->11248K(107520K)] 229847K->137207K(352256K), 0.0042730 secs] [Times: user=0.03 sys=0.00, real=0.00 secs] 
175.661: Total time for which application threads were stopped: 0.0044770 seconds, Stopping threads took: 0.0000980 seconds
175.698: Application time: 0.0364790 seconds
175.698: [GC [PSYoungGen: 103920K->14240K(107520K)] 229879K->142379K(352256K), 0.0061960 secs] [Times: user=0.04 sys=0.00, real=0.00 secs] 
175.704: Total time for which application threads were stopped: 0.0063810 seconds, Stopping threads took: 0.0000820 seconds
175.737: Application time: 0.0330880 seconds
175.737: [GC [PSYoungGen: 106912K->9136K(107520K)] 235051K->137275K(352256K), 0.0036190 secs] [Times: user=0.02 sys=0.00, real=0.00 secs] 
175.741: Total time for which application threads were stopped: 0.0038240 seconds, Stopping threads took: 0.0001010 seconds
175.781: Application time: 0.0402820 seconds
175.781: [GC [PSYoungGen: 101808K->8992K(107520K)] 229947K->137131K(352256K), 0.0036040 secs] [Times: user=0.03 sys=0.00, real=0.00 secs] 
175.785: Total time for which application threads were stopped: 0.0038010 seconds, Stopping threads took: 0.0000940 seconds
175.817: Application time: 0.0317380 seconds
175.817: [GC [PSYoungGen: 101664K->8912K(107520K)] 229803K->137051K(352256K), 0.0035730 secs] [Times: user=0.03 sys=0.00, real=0.00 secs] 
175.821: Total time for which application threads were stopped: 0.0037690 seconds, Stopping threads took: 0.0000940 seconds
175.850: Application time: 0.0297750 seconds
175.851: [GC [PSYoungGen: 101584K->9152K(107520K)] 229723K->137291K(352256K), 0.0039170 secs] [Times: user=0.02 sys=0.00, real=0.01 secs] 
175.854: Total time for which application threads were stopped: 0.0040810 seconds, Stopping threads took: 0.0000640 seconds
175.880: Application time: 0.0256830 seconds
175.880: [GC [PSYoungGen: 101824K->9280K(107520K)] 229963K->137419K(352256K), 0.0037430 secs] [Times: user=0.02 sys=0.00, real=0.00 secs] 
175.884: Total time for which application threads were stopped: 0.0038980 seconds, Stopping threads took: 0.0000590 seconds
175.905: Application time: 0.0208520 seconds
175.905: [GC [PSYoungGen: 101952K->8960K(107520K)] 230091K->137099K(352256K), 0.0035710 secs] [Times: user=0.03 sys=0.00, real=0.01 secs] 
175.909: Total time for which application threads were stopped: 0.0037510 seconds, Stopping threads took: 0.0000770 seconds
175.938: Application time: 0.0290130 seconds
175.938: [GC [PSYoungGen: 101632K->14416K(107520K)] 229771K->143841K(352256K), 0.0059570 secs] [Times: user=0.04 sys=0.00, real=0.00 secs] 
175.944: Total time for which application threads were stopped: 0.0061500 seconds, Stopping threads took: 0.0000880 seconds
175.981: Application time: 0.0376180 seconds
175.982: [GC [PSYoungGen: 107088K->8720K(107520K)] 236513K->138145K(352256K), 0.0033280 secs] [Times: user=0.02 sys=0.00, real=0.00 secs] 
175.985: Total time for which application threads were stopped: 0.0035200 seconds, Stopping threads took: 0.0000910 seconds
176.022: Application time: 0.0368070 seconds
176.022: [GC [PSYoungGen: 101392K->7760K(107520K)] 230817K->137184K(352256K), 0.0031650 secs] [Times: user=0.03 sys=0.00, real=0.00 secs] 
176.025: Total time for which application threads were stopped: 0.0033630 seconds, Stopping threads took: 0.0000840 seconds
176.063: Application time: 0.0374040 seconds
176.063: [GC [PSYoungGen: 100432K->7904K(107520K)] 229856K->137329K(352256K), 0.0032150 secs] [Times: user=0.03 sys=0.00, real=0.01 secs] 
176.066: Total time for which application threads were stopped: 0.0033960 seconds, Stopping threads took: 0.0000760 seconds
176.094: Application time: 0.0285000 seconds
176.095: [GC [PSYoungGen: 100576K->7616K(107520K)] 230001K->137217K(352256K), 0.0032320 secs] [Times: user=0.02 sys=0.01, real=0.00 secs] 
176.098: Total time for which application threads were stopped: 0.0034620 seconds, Stopping threads took: 0.0000970 seconds
176.127: Application time: 0.0291520 seconds
176.127: [GC [PSYoungGen: 100288K->7728K(107520K)] 229889K->137449K(352256K), 0.0031280 secs] [Times: user=0.02 sys=0.00, real=0.00 secs] 
176.130: Total time for which application threads were stopped: 0.0033380 seconds, Stopping threads took: 0.0001070 seconds
176.151: Application time: 0.0209520 seconds
176.154: [GC [PSYoungGen: 100400K->7808K(107520K)] 230121K->137529K(352256K), 0.0032870 secs] [Times: user=0.02 sys=0.00, real=0.00 secs] 
176.157: Total time for which application threads were stopped: 0.0059590 seconds, Stopping threads took: 0.0025600 seconds
176.179: Application time: 0.0220960 seconds
176.180: [GC [PSYoungGen: 100480K->9328K(107520K)] 230201K->139049K(352256K), 0.0037430 secs] [Times: user=0.02 sys=0.00, real=0.00 secs] 
176.183: Total time for which application threads were stopped: 0.0039490 seconds, Stopping threads took: 0.0001030 seconds
176.223: Application time: 0.0399720 seconds
176.223: [GC [PSYoungGen: 102000K->12032K(107520K)] 231721K->141753K(352256K), 0.0046430 secs] [Times: user=0.04 sys=0.00, real=0.01 secs] 
176.228: Total time for which application threads were stopped: 0.0048340 seconds, Stopping threads took: 0.0000890 seconds
176.261: Application time: 0.0331570 seconds
176.261: [GC [PSYoungGen: 104704K->7584K(107520K)] 234425K->137313K(352256K), 0.0031460 secs] [Times: user=0.02 sys=0.00, real=0.00 secs] 
176.265: Total time for which application threads were stopped: 0.0033250 seconds, Stopping threads took: 0.0000770 seconds
176.306: Application time: 0.0413400 seconds
176.310: [GC [PSYoungGen: 100256K->7824K(107520K)] 229985K->137553K(352256K), 0.0031660 secs] [Times: user=0.02 sys=0.00, real=0.00 secs] 
176.313: Total time for which application threads were stopped: 0.0071630 seconds, Stopping threads took: 0.0038940 seconds
176.343: Application time: 0.0296710 seconds
176.343: [GC [PSYoungGen: 100496K->7696K(107520K)] 230225K->137425K(352256K), 0.0031270 secs] [Times: user=0.02 sys=0.00, real=0.01 secs] 
176.346: Total time for which application threads were stopped: 0.0033520 seconds, Stopping threads took: 0.0001210 seconds
176.376: Application time: 0.0297880 seconds
176.376: [GC [PSYoungGen: 100368K->7904K(107520K)] 230097K->137633K(352256K), 0.0032140 secs] [Times: user=0.02 sys=0.00, real=0.00 secs] 
176.379: Total time for which application threads were stopped: 0.0034280 seconds, Stopping threads took: 0.0001110 seconds
176.404: Application time: 0.0248160 seconds
176.404: [GC [PSYoungGen: 100576K->8160K(107520K)] 230305K->137889K(352256K), 0.0032390 secs] [Times: user=0.02 sys=0.00, real=0.01 secs] 
176.408: Total time for which application threads were stopped: 0.0034280 seconds, Stopping threads took: 0.0000780 seconds
176.428: Application time: 0.0203640 seconds
176.428: [GC [PSYoungGen: 100832K->7840K(107520K)] 230561K->137569K(352256K), 0.0030620 secs] [Times: user=0.02 sys=0.00, real=0.00 secs] 
176.431: Total time for which application threads were stopped: 0.0032220 seconds, Stopping threads took: 0.0000610 seconds
176.469: Application time: 0.0373670 seconds
176.469: [GC [PSYoungGen: 100512K->13568K(107520K)] 230241K->143297K(352256K), 0.0052740 secs] [Times: user=0.04 sys=0.00, real=0.01 secs] 
176.474: Total time for which application threads were stopped: 0.0054570 seconds, Stopping threads took: 0.0000780 seconds
176.506: Application time: 0.0320490 seconds
176.506: [GC [PSYoungGen: 106240K->7952K(107520K)] 235969K->137681K(352256K), 0.0031170 secs] [Times: user=0.02 sys=0.00, real=0.00 secs] 
176.509: Total time for which application threads were stopped: 0.0033060 seconds, Stopping threads took: 0.0000880 seconds
176.549: Application time: 0.0394960 seconds
176.549: [GC [PSYoungGen: 100624K->7856K(107520K)] 230353K->137585K(352256K), 0.0032550 secs] [Times: user=0.02 sys=0.00, real=0.00 secs] 
176.552: Total time for which application threads were stopped: 0.0034630 seconds, Stopping threads took: 0.0001060 seconds
176.587: Application time: 0.0346460 seconds
176.587: [GC [PSYoungGen: 100528K->7856K(107520K)] 230257K->137585K(352256K), 0.0032760 secs] [Times: user=0.02 sys=0.00, real=0.00 secs] 
176.591: Total time for which application threads were stopped: 0.0034520 seconds, Stopping threads took: 0.0000770 seconds
176.618: Application time: 0.0278140 seconds
176.618: [GC [PSYoungGen: 100528K->8080K(107520K)] 230257K->137809K(352256K), 0.0033330 secs] [Times: user=0.02 sys=0.00, real=0.00 secs] 
176.622: Total time for which application threads were stopped: 0.0035450 seconds, Stopping threads took: 0.0000810 seconds
176.652: Application time: 0.0302220 seconds
176.652: [GC [PSYoungGen: 100752K->7840K(107520K)] 230481K->137569K(352256K), 0.0031150 secs] [Times: user=0.03 sys=0.00, real=0.01 secs] 
176.655: Total time for which application threads were stopped: 0.0032750 seconds, Stopping threads took: 0.0000530 seconds
176.674: Application time: 0.0182160 seconds
176.674: [GC [PSYoungGen: 100512K->8064K(107520K)] 230241K->137793K(352256K), 0.0031850 secs] [Times: user=0.02 sys=0.00, real=0.01 secs] 
176.677: Total time for which application threads were stopped: 0.0033730 seconds, Stopping threads took: 0.0000830 seconds
176.703: Application time: 0.0256600 seconds
176.703: [GC [PSYoungGen: 100736K->9232K(107520K)] 230465K->138961K(352256K), 0.0034460 secs] [Times: user=0.02 sys=0.00, real=0.01 secs] 
176.706: Total time for which application threads were stopped: 0.0036310 seconds, Stopping threads took: 0.0000870 seconds
176.747: Application time: 0.0404380 seconds
176.747: [GC [PSYoungGen: 101904K->8816K(107520K)] 231633K->138545K(352256K), 0.0034690 secs] [Times: user=0.03 sys=0.00, real=0.00 secs] 
176.750: Total time for which application threads were stopped: 0.0036800 seconds, Stopping threads took: 0.0001080 seconds
176.784: Application time: 0.0339430 seconds
176.784: [GC [PSYoungGen: 101488K->7920K(107520K)] 231217K->137649K(352256K), 0.0032960 secs] [Times: user=0.02 sys=0.00, real=0.01 secs] 
176.788: Total time for which application threads were stopped: 0.0035010 seconds, Stopping threads took: 0.0001040 seconds
176.829: Application time: 0.0410510 seconds
176.829: [GC [PSYoungGen: 100592K->7840K(107520K)] 230321K->137569K(352256K), 0.0032230 secs] [Times: user=0.02 sys=0.00, real=0.00 secs] 
176.832: Total time for which application threads were stopped: 0.0034100 seconds, Stopping threads took: 0.0000850 seconds
176.858: Application time: 0.0258690 seconds
176.858: [GC [PSYoungGen: 100512K->7904K(107520K)] 230241K->137753K(352256K), 0.0032320 secs] [Times: user=0.03 sys=0.00, real=0.00 secs] 
176.862: Total time for which application threads were stopped: 0.0034310 seconds, Stopping threads took: 0.0000910 seconds
176.894: Application time: 0.0326970 seconds
176.894: [GC [PSYoungGen: 100576K->7696K(107520K)] 230425K->137725K(352256K), 0.0031050 secs] [Times: user=0.02 sys=0.00, real=0.00 secs] 
176.898: Total time for which application threads were stopped: 0.0032760 seconds, Stopping threads took: 0.0000690 seconds
176.918: Application time: 0.0207520 seconds
176.918: [GC [PSYoungGen: 100368K->7664K(107520K)] 230397K->137693K(352256K), 0.0031550 secs] [Times: user=0.01 sys=0.00, real=0.00 secs] 
176.922: Total time for which application threads were stopped: 0.0033520 seconds, Stopping threads took: 0.0001050 seconds
176.942: Application time: 0.0201200 seconds
176.942: [GC [PSYoungGen: 100336K->7600K(107520K)] 230365K->137629K(352256K), 0.0045840 secs] [Times: user=0.03 sys=0.00, real=0.01 secs] 
176.947: Total time for which application threads were stopped: 0.0047800 seconds, Stopping threads took: 0.0000970 seconds
176.989: Application time: 0.0421870 seconds
176.989: [GC [PSYoungGen: 100272K->10752K(107520K)] 230301K->140781K(352256K), 0.0041360 secs] [Times: user=0.03 sys=0.00, real=0.00 secs] 
176.993: Total time for which application threads were stopped: 0.0043390 seconds, Stopping threads took: 0.0000980 seconds
177.024: Application time: 0.0306740 seconds
177.024: [GC [PSYoungGen: 103424K->7504K(107520K)] 233453K->137549K(352256K), 0.0030450 secs] [Times: user=0.02 sys=0.00, real=0.01 secs] 
177.027: Total time for which application threads were stopped: 0.0032480 seconds, Stopping threads took: 0.0001010 seconds
177.070: Application time: 0.0428940 seconds
177.070: [GC [PSYoungGen: 100176K->7392K(107520K)] 230221K->137437K(352256K), 0.0030710 secs] [Times: user=0.02 sys=0.00, real=0.00 secs] 
177.073: Total time for which application threads were stopped: 0.0032560 seconds, Stopping threads took: 0.0000810 seconds
177.103: Application time: 0.0302140 seconds
177.104: [GC [PSYoungGen: 100064K->7808K(107520K)] 230109K->137853K(352256K), 0.0031250 secs] [Times: user=0.02 sys=0.00, real=0.01 secs] 
177.107: Total time for which application threads were stopped: 0.0033190 seconds, Stopping threads took: 0.0000930 seconds
177.137: Application time: 0.0303250 seconds
177.137: [GC [PSYoungGen: 100480K->7888K(107520K)] 230525K->137933K(352256K), 0.0031390 secs] [Times: user=0.02 sys=0.00, real=0.00 secs] 
177.140: Total time for which application threads were stopped: 0.0033460 seconds, Stopping threads took: 0.0000870 seconds
177.165: Application time: 0.0248890 seconds
177.165: [GC [PSYoungGen: 100560K->8064K(107520K)] 230605K->138109K(352256K), 0.0032710 secs] [Times: user=0.02 sys=0.00, real=0.01 secs] 
177.169: Total time for which application threads were stopped: 0.0034360 seconds, Stopping threads took: 0.0000620 seconds
177.189: Application time: 0.0206870 seconds
177.194: [GC [PSYoungGen: 100736K->7984K(107520K)] 230781K->138029K(352256K), 0.0030830 secs] [Times: user=0.02 sys=0.00, real=0.00 secs] 
177.197: Total time for which application threads were stopped: 0.0076600 seconds, Stopping threads took: 0.0044750 seconds
177.226: Application time: 0.0293780 seconds
177.227: [GC [PSYoungGen: 100656K->13872K(107520K)] 230701K->143917K(352256K), 0.0052650 secs] [Times: user=0.04 sys=0.00, real=0.00 secs] 
177.232: Total time for which application threads were stopped: 0.0054490 seconds, Stopping threads took: 0.0000800 seconds
177.270: Application time: 0.0379970 seconds
177.270: [GC [PSYoungGen: 106544K->8640K(107520K)] 236589K->138685K(352256K), 0.0033170 secs] [Times: user=0.02 sys=0.00, real=0.00 secs] 
177.273: Total time for which application threads were stopped: 0.0035040 seconds, Stopping threads took: 0.0000880 seconds
177.311: Application time: 0.0375160 seconds
177.311: [GC [PSYoungGen: 101312K->7728K(107520K)] 231357K->137773K(352256K), 0.0031610 secs] [Times: user=0.02 sys=0.00, real=0.01 secs] 
177.314: Total time for which application threads were stopped: 0.0033530 seconds, Stopping threads took: 0.0000940 seconds
177.350: Application time: 0.0361320 seconds
177.351: [GC [PSYoungGen: 100400K->7584K(107520K)] 230445K->137629K(352256K), 0.0031770 secs] [Times: user=0.02 sys=0.00, real=0.00 secs] 
177.354: Total time for which application threads were stopped: 0.0033700 seconds, Stopping threads took: 0.0000890 seconds
177.383: Application time: 0.0294400 seconds
177.383: [GC [PSYoungGen: 100256K->7872K(107520K)] 230301K->137917K(352256K), 0.0032820 secs] [Times: user=0.02 sys=0.00, real=0.01 secs] 
177.387: Total time for which application threads were stopped: 0.0034740 seconds, Stopping threads took: 0.0000900 seconds
177.415: Application time: 0.0278740 seconds
177.415: [GC [PSYoungGen: 100544K->7904K(107520K)] 230589K->137949K(352256K), 0.0032360 secs] [Times: user=0.02 sys=0.00, real=0.00 secs] 
177.418: Total time for which application threads were stopped: 0.0033960 seconds, Stopping threads took: 0.0000570 seconds
177.440: Application time: 0.0224190 seconds
177.441: [GC [PSYoungGen: 100576K->8368K(107520K)] 230621K->138413K(352256K), 0.0032940 secs] [Times: user=0.03 sys=0.00, real=0.00 secs] 
177.444: Total time for which application threads were stopped: 0.0034980 seconds, Stopping threads took: 0.0000990 seconds
177.467: Application time: 0.0228880 seconds
177.467: [GC [PSYoungGen: 101040K->11664K(107520K)] 231085K->141709K(352256K), 0.0045430 secs] [Times: user=0.03 sys=0.00, real=0.00 secs] 
177.472: Total time for which application threads were stopped: 0.0047300 seconds, Stopping threads took: 0.0000840 seconds
177.513: Application time: 0.0415050 seconds
177.513: [GC [PSYoungGen: 104336K->8928K(107520K)] 234381K->138973K(352256K), 0.0034220 secs] [Times: user=0.03 sys=0.00, real=0.01 secs] 
177.517: Total time for which application threads were stopped: 0.0036200 seconds, Stopping threads took: 0.0000940 seconds
177.548: Application time: 0.0315970 seconds
177.548: [GC [PSYoungGen: 101600K->7696K(107520K)] 231645K->137741K(352256K), 0.0030930 secs] [Times: user=0.02 sys=0.00, real=0.00 secs] 
177.552: Total time for which application threads were stopped: 0.0032830 seconds, Stopping threads took: 0.0000890 seconds
177.591: Application time: 0.0396020 seconds
177.591: [GC [PSYoungGen: 100368K->7920K(107520K)] 230413K->137965K(352256K), 0.0032820 secs] [Times: user=0.02 sys=0.00, real=0.01 secs] 
177.595: Total time for which application threads were stopped: 0.0034660 seconds, Stopping threads took: 0.0000830 seconds
177.627: Application time: 0.0319350 seconds
177.627: [GC [PSYoungGen: 100592K->7888K(107520K)] 230637K->138089K(352256K), 0.0032350 secs] [Times: user=0.03 sys=0.00, real=0.00 secs] 
177.630: Total time for which application threads were stopped: 0.0034140 seconds, Stopping threads took: 0.0000820 seconds
177.658: Application time: 0.0278370 seconds
177.658: [GC [PSYoungGen: 100560K->7504K(107520K)] 230761K->137849K(352256K), 0.0032590 secs] [Times: user=0.02 sys=0.00, real=0.00 secs] 
177.661: Total time for which application threads were stopped: 0.0034880 seconds, Stopping threads took: 0.0001100 seconds
177.687: Application time: 0.0254080 seconds
177.687: [GC [PSYoungGen: 100176K->7920K(107520K)] 230521K->138265K(352256K), 0.0031110 secs] [Times: user=0.02 sys=0.00, real=0.00 secs] 
177.690: Total time for which application threads were stopped: 0.0033120 seconds, Stopping threads took: 0.0001000 seconds
177.710: Application time: 0.0195680 seconds
177.710: [GC [PSYoungGen: 100592K->9952K(107520K)] 230937K->140297K(352256K), 0.0038580 secs] [Times: user=0.02 sys=0.00, real=0.00 secs] 
177.714: Total time for which application threads were stopped: 0.0040200 seconds, Stopping threads took: 0.0000580 seconds
177.747: Application time: 0.0336190 seconds
177.747: [GC [PSYoungGen: 102624K->14816K(107520K)] 232969K->146284K(352256K), 0.0062280 secs] [Times: user=0.05 sys=0.00, real=0.00 secs] 
177.754: Total time for which application threads were stopped: 0.0063990 seconds, Stopping threads took: 0.0000670 seconds
177.790: Application time: 0.0363460 seconds
177.790: [GC [PSYoungGen: 107488K->12064K(107520K)] 238956K->143548K(352256K), 0.0048430 secs] [Times: user=0.03 sys=0.00, real=0.01 secs] 
177.795: Total time for which application threads were stopped: 0.0050200 seconds, Stopping threads took: 0.0000740 seconds
177.835: Application time: 0.0395010 seconds
177.835: [GC [PSYoungGen: 104736K->12384K(107520K)] 236220K->143868K(352256K), 0.0051640 secs] [Times: user=0.03 sys=0.00, real=0.00 secs] 
177.840: Total time for which application threads were stopped: 0.0053560 seconds, Stopping threads took: 0.0000860 seconds
177.874: Application time: 0.0344450 seconds
177.874: [GC [PSYoungGen: 105056K->12128K(107520K)] 236540K->143612K(352256K), 0.0049660 secs] [Times: user=0.03 sys=0.00, real=0.00 secs] 
177.880: Total time for which application threads were stopped: 0.0051620 seconds, Stopping threads took: 0.0000930 seconds
177.908: Application time: 0.0281280 seconds
177.908: [GC [PSYoungGen: 104800K->12384K(107520K)] 236284K->143868K(352256K), 0.0048400 secs] [Times: user=0.03 sys=0.00, real=0.00 secs] 
177.913: Total time for which application threads were stopped: 0.0051210 seconds, Stopping threads took: 0.0001730 seconds
177.940: Application time: 0.0274080 seconds
177.940: [GC [PSYoungGen: 105056K->12592K(107520K)] 236540K->144076K(352256K), 0.0049640 secs] [Times: user=0.04 sys=0.00, real=0.00 secs] 
177.945: Total time for which application threads were stopped: 0.0051630 seconds, Stopping threads took: 0.0000950 seconds
177.966: Application time: 0.0206960 seconds
177.966: [GC [PSYoungGen: 105264K->12544K(107520K)] 236748K->144028K(352256K), 0.0048080 secs] [Times: user=0.04 sys=0.00, real=0.00 secs] 
177.971: Total time for which application threads were stopped: 0.0049930 seconds, Stopping threads took: 0.0000840 seconds
177.997: Application time: 0.0254970 seconds
177.997: [GC [PSYoungGen: 105216K->14560K(107520K)] 236700K->146044K(352256K), 0.0083550 secs] [Times: user=0.06 sys=0.00, real=0.00 secs] 
178.005: Total time for which application threads were stopped: 0.0085510 seconds, Stopping threads took: 0.0000970 seconds
178.046: Application time: 0.0407370 seconds
178.046: [GC [PSYoungGen: 107232K->12752K(107520K)] 238716K->144236K(352256K), 0.0051400 secs] [Times: user=0.04 sys=0.00, real=0.00 secs] 
178.051: Total time for which application threads were stopped: 0.0053310 seconds, Stopping threads took: 0.0000900 seconds
178.086: Application time: 0.0346850 seconds
178.086: [GC [PSYoungGen: 105424K->12272K(107520K)] 236908K->143756K(352256K), 0.0048590 secs] [Times: user=0.03 sys=0.00, real=0.00 secs] 
178.091: Total time for which application threads were stopped: 0.0051060 seconds, Stopping threads took: 0.0001360 seconds
178.130: Application time: 0.0389700 seconds
178.130: [GC [PSYoungGen: 104944K->12224K(107520K)] 236428K->143708K(352256K), 0.0048900 secs] [Times: user=0.04 sys=0.00, real=0.01 secs] 
178.135: Total time for which application threads were stopped: 0.0050750 seconds, Stopping threads took: 0.0000800 seconds
178.162: Application time: 0.0266920 seconds
178.162: [GC [PSYoungGen: 104896K->12416K(107520K)] 236380K->143900K(352256K), 0.0047970 secs] [Times: user=0.03 sys=0.00, real=0.01 secs] 
178.167: Total time for which application threads were stopped: 0.0049850 seconds, Stopping threads took: 0.0000710 seconds
178.197: Application time: 0.0306680 seconds
178.198: [GC [PSYoungGen: 105088K->12480K(107520K)] 236572K->143964K(352256K), 0.0049390 secs] [Times: user=0.03 sys=0.00, real=0.00 secs] 
178.202: Total time for which application threads were stopped: 0.0051550 seconds, Stopping threads took: 0.0001130 seconds
178.225: Application time: 0.0222680 seconds
178.225: [GC [PSYoungGen: 105152K->12240K(107520K)] 236636K->143724K(352256K), 0.0047540 secs] [Times: user=0.04 sys=0.00, real=0.01 secs] 
178.230: Total time for which application threads were stopped: 0.0049380 seconds, Stopping threads took: 0.0000800 seconds
178.250: Application time: 0.0206770 seconds
178.251: [GC [PSYoungGen: 104912K->14160K(107520K)] 236396K->145644K(352256K), 0.0055250 secs] [Times: user=0.04 sys=0.00, real=0.01 secs] 
178.256: Total time for which application threads were stopped: 0.0057350 seconds, Stopping threads took: 0.0001000 seconds
178.297: Application time: 0.0404730 seconds
178.297: [GC [PSYoungGen: 106832K->11392K(107520K)] 238316K->147328K(352256K), 0.0060000 secs] [Times: user=0.04 sys=0.00, real=0.00 secs] 
178.303: Total time for which application threads were stopped: 0.0061850 seconds, Stopping threads took: 0.0000860 seconds
178.334: Application time: 0.0316150 seconds
178.335: [GC [PSYoungGen: 104064K->7696K(107520K)] 240000K->143838K(352256K), 0.0030890 secs] [Times: user=0.02 sys=0.00, real=0.00 secs] 
178.338: Total time for which application threads were stopped: 0.0032710 seconds, Stopping threads took: 0.0000780 seconds
178.378: Application time: 0.0407220 seconds
178.379: [GC [PSYoungGen: 100368K->8016K(107520K)] 236510K->144158K(352256K), 0.0031970 secs] [Times: user=0.02 sys=0.00, real=0.00 secs] 
178.382: Total time for which application threads were stopped: 0.0033980 seconds, Stopping threads took: 0.0000990 seconds
178.413: Application time: 0.0311360 seconds
178.413: [GC [PSYoungGen: 100688K->7968K(107520K)] 236830K->144190K(352256K), 0.0032170 secs] [Times: user=0.02 sys=0.00, real=0.01 secs] 
178.416: Total time for which application threads were stopped: 0.0033980 seconds, Stopping threads took: 0.0000810 seconds
178.445: Application time: 0.0290100 seconds
178.446: [GC [PSYoungGen: 100640K->7680K(107520K)] 236862K->144102K(352256K), 0.0031660 secs] [Times: user=0.02 sys=0.00, real=0.01 secs] 
178.449: Total time for which application threads were stopped: 0.0033630 seconds, Stopping threads took: 0.0000920 seconds
178.474: Application time: 0.0253340 seconds
178.474: [GC [PSYoungGen: 100352K->7712K(107520K)] 236774K->144134K(352256K), 0.0031330 secs] [Times: user=0.02 sys=0.00, real=0.00 secs] 
178.477: Total time for which application threads were stopped: 0.0033330 seconds, Stopping threads took: 0.0000990 seconds
178.497: Application time: 0.0197270 seconds
178.497: [GC [PSYoungGen: 100384K->8688K(107520K)] 236806K->145110K(352256K), 0.0033060 secs] [Times: user=0.02 sys=0.00, real=0.00 secs] 
178.501: Total time for which application threads were stopped: 0.0034640 seconds, Stopping threads took: 0.0000550 seconds
178.531: Application time: 0.0302650 seconds
178.531: [GC [PSYoungGen: 101360K->13568K(107520K)] 237782K->149990K(352256K), 0.0050900 secs] [Times: user=0.03 sys=0.00, real=0.01 secs] 
178.536: Total time for which application threads were stopped: 0.0052520 seconds, Stopping threads took: 0.0000600 seconds
178.577: Application time: 0.0406100 seconds
178.577: [GC [PSYoungGen: 106240K->8288K(107520K)] 242662K->144718K(352256K), 0.0032240 secs] [Times: user=0.02 sys=0.00, real=0.00 secs] 
178.580: Total time for which application threads were stopped: 0.0034390 seconds, Stopping threads took: 0.0001110 seconds
178.618: Application time: 0.0378310 seconds
178.618: [GC [PSYoungGen: 100960K->7568K(107520K)] 237390K->143998K(352256K), 0.0032090 secs] [Times: user=0.03 sys=0.00, real=0.00 secs] 
178.621: Total time for which application threads were stopped: 0.0033910 seconds, Stopping threads took: 0.0000790 seconds
178.657: Application time: 0.0354960 seconds
178.658: [GC [PSYoungGen: 100240K->7776K(107520K)] 236670K->144206K(352256K), 0.0032920 secs] [Times: user=0.02 sys=0.00, real=0.00 secs] 
178.661: Total time for which application threads were stopped: 0.0044190 seconds, Stopping threads took: 0.0010250 seconds
178.690: Application time: 0.0286430 seconds
178.690: [GC [PSYoungGen: 100448K->7856K(107520K)] 236878K->144286K(352256K), 0.0031850 secs] [Times: user=0.02 sys=0.00, real=0.00 secs] 
178.693: Total time for which application threads were stopped: 0.0033950 seconds, Stopping threads took: 0.0000840 seconds
178.721: Application time: 0.0274870 seconds
178.721: [GC [PSYoungGen: 100528K->7952K(107520K)] 236958K->144382K(352256K), 0.0033190 secs] [Times: user=0.03 sys=0.00, real=0.00 secs] 
178.724: Total time for which application threads were stopped: 0.0035300 seconds, Stopping threads took: 0.0001090 seconds
178.745: Application time: 0.0207480 seconds
178.745: [GC [PSYoungGen: 100624K->7888K(107520K)] 237054K->144318K(352256K), 0.0032260 secs] [Times: user=0.03 sys=0.00, real=0.01 secs] 
178.749: Total time for which application threads were stopped: 0.0034220 seconds, Stopping threads took: 0.0000960 seconds
178.774: Application time: 0.0256080 seconds
178.778: [GC [PSYoungGen: 100560K->9152K(107520K)] 236990K->145582K(352256K), 0.0035360 secs] [Times: user=0.03 sys=0.00, real=0.00 secs] 
178.782: Total time for which application threads were stopped: 0.0073990 seconds, Stopping threads took: 0.0037620 seconds
178.819: Application time: 0.0374770 seconds
178.819: [GC [PSYoungGen: 101824K->11984K(107520K)] 238254K->148414K(352256K), 0.0046650 secs] [Times: user=0.03 sys=0.00, real=0.00 secs] 
178.824: Total time for which application threads were stopped: 0.0048730 seconds, Stopping threads took: 0.0001070 seconds
178.859: Application time: 0.0350880 seconds
178.859: [GC [PSYoungGen: 104656K->7744K(107520K)] 241086K->144174K(352256K), 0.0031680 secs] [Times: user=0.02 sys=0.00, real=0.00 secs] 
178.862: Total time for which application threads were stopped: 0.0033630 seconds, Stopping threads took: 0.0000870 seconds
178.901: Application time: 0.0389310 seconds
178.901: [GC [PSYoungGen: 100416K->7696K(107520K)] 236846K->144126K(352256K), 0.0031680 secs] [Times: user=0.03 sys=0.00, real=0.00 secs] 
178.905: Total time for which application threads were stopped: 0.0033710 seconds, Stopping threads took: 0.0001020 seconds
178.934: Application time: 0.0291150 seconds
178.934: [GC [PSYoungGen: 100368K->7904K(107520K)] 236798K->144334K(352256K), 0.0032160 secs] [Times: user=0.02 sys=0.00, real=0.00 secs] 
178.937: Total time for which application threads were stopped: 0.0034370 seconds, Stopping threads took: 0.0001220 seconds
178.966: Application time: 0.0291200 seconds
178.966: [GC [PSYoungGen: 100576K->7984K(107520K)] 237006K->144414K(352256K), 0.0032350 secs] [Times: user=0.03 sys=0.00, real=0.00 secs] 
178.970: Total time for which application threads were stopped: 0.0034150 seconds, Stopping threads took: 0.0000840 seconds
178.993: Application time: 0.0235360 seconds
178.993: [GC [PSYoungGen: 100656K->7904K(107520K)] 237086K->144334K(352256K), 0.0033250 secs] [Times: user=0.02 sys=0.00, real=0.01 secs] 
178.997: Total time for which application threads were stopped: 0.0035000 seconds, Stopping threads took: 0.0000770 seconds
179.021: Application time: 0.0240180 seconds
179.021: [GC [PSYoungGen: 100576K->10128K(107520K)] 237006K->146558K(352256K), 0.0039880 secs] [Times: user=0.02 sys=0.00, real=0.00 secs] 
179.025: Total time for which application threads were stopped: 0.0041830 seconds, Stopping threads took: 0.0000930 seconds
179.059: Application time: 0.0342090 seconds
179.059: [GC [PSYoungGen: 102800K->10288K(107520K)] 239230K->146718K(352256K), 0.0039830 secs] [Times: user=0.03 sys=0.00, real=0.00 secs] 
179.063: Total time for which application threads were stopped: 0.0041860 seconds, Stopping threads took: 0.0001000 seconds
179.099: Application time: 0.0359700 seconds
179.100: [GC [PSYoungGen: 102960K->8016K(107520K)] 239390K->144446K(352256K), 0.0032030 secs] [Times: user=0.02 sys=0.00, real=0.00 secs] 
179.103: Total time for which application threads were stopped: 0.0033800 seconds, Stopping threads took: 0.0000760 seconds
179.142: Application time: 0.0387380 seconds
179.142: [GC [PSYoungGen: 100688K->7680K(107520K)] 237118K->144110K(352256K), 0.0032120 secs] [Times: user=0.02 sys=0.00, real=0.00 secs] 
179.145: Total time for which application threads were stopped: 0.0034140 seconds, Stopping threads took: 0.0001000 seconds
179.176: Application time: 0.0308880 seconds
179.176: [GC [PSYoungGen: 100352K->7936K(107520K)] 236782K->144414K(352256K), 0.0034030 secs] [Times: user=0.02 sys=0.00, real=0.00 secs] 
179.179: Total time for which application threads were stopped: 0.0035750 seconds, Stopping threads took: 0.0000740 seconds
179.211: Application time: 0.0313010 seconds
179.211: [GC [PSYoungGen: 100608K->7680K(107520K)] 237086K->144346K(352256K), 0.0031960 secs] [Times: user=0.03 sys=0.00, real=0.01 secs] 
179.214: Total time for which application threads were stopped: 0.0034140 seconds, Stopping threads took: 0.0000950 seconds
179.239: Application time: 0.0244220 seconds
179.239: [GC [PSYoungGen: 100352K->7648K(107520K)] 237018K->144394K(352256K), 0.0031080 secs] [Times: user=0.02 sys=0.00, real=0.00 secs] 
179.242: Total time for which application threads were stopped: 0.0032660 seconds, Stopping threads took: 0.0000600 seconds
179.264: Application time: 0.0219670 seconds
179.264: [GC [PSYoungGen: 100320K->8400K(107520K)] 237066K->145146K(352256K), 0.0033070 secs] [Times: user=0.02 sys=0.00, real=0.01 secs] 
179.267: Total time for which application threads were stopped: 0.0034830 seconds, Stopping threads took: 0.0000740 seconds
179.296: Application time: 0.0286860 seconds
179.296: [GC [PSYoungGen: 101072K->14832K(107520K)] 237818K->151802K(352256K), 0.0059480 secs] [Times: user=0.04 sys=0.00, real=0.00 secs] 
179.302: Total time for which application threads were stopped: 0.0061320 seconds, Stopping threads took: 0.0000810 seconds
179.338: Application time: 0.0357070 seconds
179.342: [GC [PSYoungGen: 107504K->14208K(107520K)] 244474K->151186K(352256K), 0.0055720 secs] [Times: user=0.04 sys=0.00, real=0.01 secs] 
179.348: Total time for which application threads were stopped: 0.0098220 seconds, Stopping threads took: 0.0041460 seconds
179.385: Application time: 0.0373970 seconds
179.385: [GC [PSYoungGen: 106880K->9968K(107520K)] 243858K->146946K(352256K), 0.0039960 secs] [Times: user=0.03 sys=0.00, real=0.01 secs] 
179.389: Total time for which application threads were stopped: 0.0041970 seconds, Stopping threads took: 0.0000960 seconds
179.427: Application time: 0.0377170 seconds
179.427: [GC [PSYoungGen: 102640K->10240K(107520K)] 239618K->147218K(352256K), 0.0040920 secs] [Times: user=0.03 sys=0.00, real=0.00 secs] 
179.431: Total time for which application threads were stopped: 0.0042770 seconds, Stopping threads took: 0.0000810 seconds
179.462: Application time: 0.0304380 seconds
179.462: [GC [PSYoungGen: 102912K->10400K(107520K)] 239890K->147378K(352256K), 0.0041360 secs] [Times: user=0.02 sys=0.00, real=0.01 secs] 
179.466: Total time for which application threads were stopped: 0.0043190 seconds, Stopping threads took: 0.0000790 seconds
179.493: Application time: 0.0270010 seconds
179.493: [GC [PSYoungGen: 103072K->10368K(107520K)] 240050K->147346K(352256K), 0.0042210 secs] [Times: user=0.03 sys=0.00, real=0.01 secs] 
179.497: Total time for which application threads were stopped: 0.0043930 seconds, Stopping threads took: 0.0000700 seconds
179.520: Application time: 0.0224460 seconds
179.520: [GC [PSYoungGen: 103040K->10464K(107520K)] 240018K->147442K(352256K), 0.0041860 secs] [Times: user=0.02 sys=0.00, real=0.00 secs] 
179.524: Total time for which application threads were stopped: 0.0043950 seconds, Stopping threads took: 0.0001040 seconds
179.551: Application time: 0.0263620 seconds
179.551: [GC [PSYoungGen: 103136K->14080K(107520K)] 240114K->151058K(352256K), 0.0054180 secs] [Times: user=0.04 sys=0.00, real=0.01 secs] 
179.556: Total time for which application threads were stopped: 0.0055640 seconds, Stopping threads took: 0.0000430 seconds
179.590: Application time: 0.0339120 seconds
179.590: [GC [PSYoungGen: 106752K->11472K(107520K)] 243730K->148450K(352256K), 0.0044750 secs] [Times: user=0.03 sys=0.00, real=0.01 secs] 
179.595: Total time for which application threads were stopped: 0.0046730 seconds, Stopping threads took: 0.0000960 seconds
179.631: Application time: 0.0363720 seconds
179.634: [GC [PSYoungGen: 104144K->10240K(107520K)] 241122K->147218K(352256K), 0.0040800 secs] [Times: user=0.03 sys=0.00, real=0.00 secs] 
179.638: Total time for which application threads were stopped: 0.0069910 seconds, Stopping threads took: 0.0028030 seconds
179.676: Application time: 0.0379300 seconds
179.676: [GC [PSYoungGen: 102912K->10512K(107520K)] 239890K->147490K(352256K), 0.0042020 secs] [Times: user=0.03 sys=0.00, real=0.00 secs] 
179.680: Total time for which application threads were stopped: 0.0043980 seconds, Stopping threads took: 0.0000910 seconds
179.711: Application time: 0.0304420 seconds
179.711: [GC [PSYoungGen: 103184K->10432K(107520K)] 240162K->147410K(352256K), 0.0041850 secs] [Times: user=0.02 sys=0.00, real=0.01 secs] 
179.715: Total time for which application threads were stopped: 0.0044170 seconds, Stopping threads took: 0.0001050 seconds
179.745: Application time: 0.0298270 seconds
179.745: [GC [PSYoungGen: 103104K->10560K(107520K)] 240082K->147538K(352256K), 0.0042170 secs] [Times: user=0.03 sys=0.00, real=0.01 secs] 
179.750: Total time for which application threads were stopped: 0.0044050 seconds, Stopping threads took: 0.0000830 seconds
179.772: Application time: 0.0225170 seconds
179.772: [GC [PSYoungGen: 103232K->10528K(107520K)] 240210K->147506K(352256K), 0.0043120 secs] [Times: user=0.03 sys=0.00, real=0.01 secs] 
179.777: Total time for which application threads were stopped: 0.0044980 seconds, Stopping threads took: 0.0000800 seconds
179.801: Application time: 0.0244460 seconds
179.801: [GC [PSYoungGen: 103200K->12944K(107520K)] 240178K->149922K(352256K), 0.0048860 secs] [Times: user=0.03 sys=0.00, real=0.01 secs] 
179.806: Total time for which application threads were stopped: 0.0050850 seconds, Stopping threads took: 0.0000940 seconds
179.839: Application time: 0.0331160 seconds
179.842: [GC [PSYoungGen: 105616K->11808K(107520K)] 242594K->151400K(352256K), 0.0055800 secs] [Times: user=0.03 sys=0.00, real=0.01 secs] 
179.848: Total time for which application threads were stopped: 0.0083930 seconds, Stopping threads took: 0.0027090 seconds
179.882: Application time: 0.0342430 seconds
179.882: [GC [PSYoungGen: 104480K->8912K(107520K)] 244072K->148504K(352256K), 0.0034490 secs] [Times: user=0.02 sys=0.00, real=0.00 secs] 
179.886: Total time for which application threads were stopped: 0.0036890 seconds, Stopping threads took: 0.0001370 seconds
179.924: Application time: 0.0388630 seconds
179.925: [GC [PSYoungGen: 101584K->7920K(107520K)] 241176K->147512K(352256K), 0.0032270 secs] [Times: user=0.02 sys=0.00, real=0.01 secs] 
179.928: Total time for which application threads were stopped: 0.0034290 seconds, Stopping threads took: 0.0000980 seconds
179.961: Application time: 0.0327860 seconds
179.961: [GC [PSYoungGen: 100592K->7728K(107520K)] 240184K->147376K(352256K), 0.0033440 secs] [Times: user=0.02 sys=0.00, real=0.00 secs] 
179.964: Total time for which application threads were stopped: 0.0035340 seconds, Stopping threads took: 0.0000890 seconds
179.996: Application time: 0.0319710 seconds
179.996: [GC [PSYoungGen: 100400K->7632K(107520K)] 240048K->147448K(352256K), 0.0031930 secs] [Times: user=0.02 sys=0.00, real=0.00 secs] 
180.000: Total time for which application threads were stopped: 0.0034130 seconds, Stopping threads took: 0.0001190 seconds
180.025: Application time: 0.0253330 seconds
180.025: [GC [PSYoungGen: 100304K->7504K(107520K)] 240120K->147408K(352256K), 0.0032630 secs] [Times: user=0.03 sys=0.00, real=0.01 secs] 
180.028: Total time for which application threads were stopped: 0.0034420 seconds, Stopping threads took: 0.0000780 seconds
180.049: Application time: 0.0211670 seconds
180.050: [GC [PSYoungGen: 100176K->7552K(107520K)] 240080K->147456K(352256K), 0.0030510 secs] [Times: user=0.02 sys=0.00, real=0.00 secs] 
180.053: Total time for which application threads were stopped: 0.0032140 seconds, Stopping threads took: 0.0000610 seconds
180.081: Application time: 0.0280840 seconds
180.081: [GC [PSYoungGen: 100224K->14288K(107520K)] 240128K->154192K(352256K), 0.0055110 secs] [Times: user=0.04 sys=0.00, real=0.01 secs] 
180.087: Total time for which application threads were stopped: 0.0056990 seconds, Stopping threads took: 0.0000830 seconds
180.122: Application time: 0.0352390 seconds
180.122: [GC [PSYoungGen: 106960K->11728K(107520K)] 246864K->151648K(352256K), 0.0045340 secs] [Times: user=0.03 sys=0.00, real=0.01 secs] 
180.126: Total time for which application threads were stopped: 0.0047490 seconds, Stopping threads took: 0.0000980 seconds
180.164: Application time: 0.0374600 seconds
180.164: [GC [PSYoungGen: 104400K->7616K(107520K)] 244320K->147536K(352256K), 0.0030280 secs] [Times: user=0.02 sys=0.00, real=0.01 secs] 
180.167: Total time for which application threads were stopped: 0.0032150 seconds, Stopping threads took: 0.0000850 seconds
180.205: Application time: 0.0377900 seconds
180.205: [GC [PSYoungGen: 100288K->7664K(107520K)] 240208K->147584K(352256K), 0.0030500 secs] [Times: user=0.02 sys=0.00, real=0.01 secs] 
180.208: Total time for which application threads were stopped: 0.0032310 seconds, Stopping threads took: 0.0000770 seconds
180.237: Application time: 0.0292980 seconds
180.238: [GC [PSYoungGen: 100336K->7760K(107520K)] 240256K->147680K(352256K), 0.0030760 secs] [Times: user=0.02 sys=0.00, real=0.00 secs] 
180.241: Total time for which application threads were stopped: 0.0032870 seconds, Stopping threads took: 0.0000880 seconds
180.269: Application time: 0.0285810 seconds
180.270: [GC [PSYoungGen: 100432K->7872K(107520K)] 240352K->147792K(352256K), 0.0031250 secs] [Times: user=0.02 sys=0.00, real=0.00 secs] 
180.273: Total time for which application threads were stopped: 0.0033440 seconds, Stopping threads took: 0.0001160 seconds
180.295: Application time: 0.0218790 seconds
180.295: [GC [PSYoungGen: 100544K->7904K(107520K)] 240464K->147824K(352256K), 0.0032560 secs] [Times: user=0.02 sys=0.00, real=0.00 secs] 
180.298: Total time for which application threads were stopped: 0.0034440 seconds, Stopping threads took: 0.0000850 seconds
180.324: Application time: 0.0256430 seconds
180.326: [GC [PSYoungGen: 100576K->8480K(107520K)] 240496K->148400K(352256K), 0.0033120 secs] [Times: user=0.02 sys=0.00, real=0.00 secs] 
180.329: Total time for which application threads were stopped: 0.0056500 seconds, Stopping threads took: 0.0022350 seconds
180.364: Application time: 0.0343120 seconds
180.364: [GC [PSYoungGen: 101152K->8368K(107520K)] 241072K->148288K(352256K), 0.0033110 secs] [Times: user=0.03 sys=0.00, real=0.01 secs] 
180.367: Total time for which application threads were stopped: 0.0035160 seconds, Stopping threads took: 0.0001050 seconds
180.402: Application time: 0.0345580 seconds
180.402: [GC [PSYoungGen: 101040K->7904K(107520K)] 240960K->147824K(352256K), 0.0033720 secs] [Times: user=0.02 sys=0.00, real=0.00 secs] 
180.405: Total time for which application threads were stopped: 0.0035840 seconds, Stopping threads took: 0.0000950 seconds
180.445: Application time: 0.0398480 seconds
180.445: [GC [PSYoungGen: 100571K->7744K(107520K)] 240492K->147664K(352256K), 0.0031610 secs] [Times: user=0.02 sys=0.00, real=0.01 secs] 
180.449: Total time for which application threads were stopped: 0.0033570 seconds, Stopping threads took: 0.0000970 seconds
180.478: Application time: 0.0290910 seconds
180.478: [GC [PSYoungGen: 100416K->7680K(107520K)] 240336K->147600K(352256K), 0.0032810 secs] [Times: user=0.01 sys=0.00, real=0.00 secs] 
180.481: Total time for which application threads were stopped: 0.0034730 seconds, Stopping threads took: 0.0000920 seconds
180.513: Application time: 0.0316580 seconds
180.514: [GC [PSYoungGen: 100352K->8112K(107520K)] 240272K->148032K(352256K), 0.0032480 secs] [Times: user=0.02 sys=0.00, real=0.00 secs] 
180.517: Total time for which application threads were stopped: 0.0044980 seconds, Stopping threads took: 0.0011520 seconds
180.541: Application time: 0.0236540 seconds
180.541: [GC [PSYoungGen: 100784K->7952K(107520K)] 240704K->147872K(352256K), 0.0032970 secs] [Times: user=0.02 sys=0.00, real=0.00 secs] 
180.544: Total time for which application threads were stopped: 0.0034930 seconds, Stopping threads took: 0.0000930 seconds
180.566: Application time: 0.0215870 seconds
180.566: [GC [PSYoungGen: 100624K->7984K(107520K)] 240544K->147904K(352256K), 0.0031870 secs] [Times: user=0.02 sys=0.00, real=0.00 secs] 
180.569: Total time for which application threads were stopped: 0.0033630 seconds, Stopping threads took: 0.0000730 seconds
180.601: Application time: 0.0316380 seconds
180.602: [GC [PSYoungGen: 100656K->14832K(107520K)] 240576K->154928K(352256K), 0.0057470 secs] [Times: user=0.04 sys=0.00, real=0.01 secs] 
180.608: Total time for which application threads were stopped: 0.0067580 seconds, Stopping threads took: 0.0009070 seconds
180.643: Application time: 0.0348850 seconds
180.643: [GC [PSYoungGen: 107504K->9968K(107520K)] 247600K->150064K(352256K), 0.0039320 secs] [Times: user=0.03 sys=0.00, real=0.01 secs] 
180.647: Total time for which application threads were stopped: 0.0041130 seconds, Stopping threads took: 0.0000790 seconds
180.685: Application time: 0.0382870 seconds
180.685: [GC [PSYoungGen: 102640K->9040K(107520K)] 242736K->149136K(352256K), 0.0037570 secs] [Times: user=0.03 sys=0.00, real=0.01 secs] 
180.689: Total time for which application threads were stopped: 0.0039640 seconds, Stopping threads took: 0.0001030 seconds
180.725: Application time: 0.0360880 seconds
180.725: [GC [PSYoungGen: 101712K->9024K(107520K)] 241808K->149120K(352256K), 0.0037410 secs] [Times: user=0.03 sys=0.00, real=0.01 secs] 
180.729: Total time for which application threads were stopped: 0.0039490 seconds, Stopping threads took: 0.0001030 seconds
180.759: Application time: 0.0299670 seconds
180.759: [GC [PSYoungGen: 101696K->9040K(107520K)] 241792K->149341K(352256K), 0.0037170 secs] [Times: user=0.03 sys=0.00, real=0.00 secs] 
180.763: Total time for which application threads were stopped: 0.0039140 seconds, Stopping threads took: 0.0000760 seconds
180.791: Application time: 0.0281690 seconds
180.791: [GC [PSYoungGen: 101712K->8960K(107520K)] 242013K->149357K(352256K), 0.0036430 secs] [Times: user=0.03 sys=0.00, real=0.01 secs] 
180.795: Total time for which application threads were stopped: 0.0038200 seconds, Stopping threads took: 0.0000740 seconds
180.814: Application time: 0.0186300 seconds
180.814: [GC [PSYoungGen: 101632K->8960K(107520K)] 242029K->149357K(352256K), 0.0034750 secs] [Times: user=0.02 sys=0.00, real=0.01 secs] 
180.817: Total time for which application threads were stopped: 0.0036550 seconds, Stopping threads took: 0.0000780 seconds
180.843: Application time: 0.0256220 seconds
180.843: [GC [PSYoungGen: 101632K->10656K(107520K)] 242029K->151053K(352256K), 0.0039260 secs] [Times: user=0.03 sys=0.00, real=0.01 secs] 
180.847: Total time for which application threads were stopped: 0.0041030 seconds, Stopping threads took: 0.0000750 seconds
180.885: Application time: 0.0376260 seconds
180.885: [GC [PSYoungGen: 103328K->12688K(107520K)] 243725K->153085K(352256K), 0.0049690 secs] [Times: user=0.04 sys=0.00, real=0.01 secs] 
180.890: Total time for which application threads were stopped: 0.0051450 seconds, Stopping threads took: 0.0000740 seconds
180.926: Application time: 0.0358300 seconds
180.930: [GC [PSYoungGen: 105360K->8624K(107520K)] 245757K->149021K(352256K), 0.0033920 secs] [Times: user=0.02 sys=0.01, real=0.00 secs] 
180.933: Total time for which application threads were stopped: 0.0078250 seconds, Stopping threads took: 0.0043390 seconds
180.974: Application time: 0.0407560 seconds
180.974: [GC [PSYoungGen: 101296K->8800K(107520K)] 241693K->149197K(352256K), 0.0036860 secs] [Times: user=0.02 sys=0.00, real=0.00 secs] 
180.978: Total time for which application threads were stopped: 0.0039140 seconds, Stopping threads took: 0.0001230 seconds
181.006: Application time: 0.0277500 seconds
181.009: [GC [PSYoungGen: 101472K->9024K(107520K)] 241869K->149421K(352256K), 0.0034410 secs] [Times: user=0.03 sys=0.00, real=0.00 secs] 
181.013: Total time for which application threads were stopped: 0.0068150 seconds, Stopping threads took: 0.0032740 seconds
181.044: Application time: 0.0313130 seconds
181.044: [GC [PSYoungGen: 101696K->9232K(107520K)] 242093K->149629K(352256K), 0.0036960 secs] [Times: user=0.02 sys=0.00, real=0.01 secs] 
181.048: Total time for which application threads were stopped: 0.0038860 seconds, Stopping threads took: 0.0000850 seconds
181.069: Application time: 0.0211260 seconds
181.069: [GC [PSYoungGen: 101904K->9024K(107520K)] 242301K->149421K(352256K), 0.0035600 secs] [Times: user=0.03 sys=0.00, real=0.00 secs] 
181.073: Total time for which application threads were stopped: 0.0037520 seconds, Stopping threads took: 0.0000880 seconds
181.096: Application time: 0.0231300 seconds
181.096: [GC [PSYoungGen: 101696K->9952K(107520K)] 242093K->150349K(352256K), 0.0037350 secs] [Times: user=0.03 sys=0.00, real=0.00 secs] 
181.100: Total time for which application threads were stopped: 0.0039060 seconds, Stopping threads took: 0.0000670 seconds
181.136: Application time: 0.0364700 seconds
181.136: [GC [PSYoungGen: 102624K->8832K(107520K)] 243021K->150477K(352256K), 0.0038830 secs] [Times: user=0.03 sys=0.00, real=0.00 secs] 
181.140: Total time for which application threads were stopped: 0.0040510 seconds, Stopping threads took: 0.0000670 seconds
181.173: Application time: 0.0329680 seconds
181.173: [GC [PSYoungGen: 101504K->8032K(107520K)] 243149K->149677K(352256K), 0.0033410 secs] [Times: user=0.02 sys=0.00, real=0.01 secs] 
181.177: Total time for which application threads were stopped: 0.0035170 seconds, Stopping threads took: 0.0000740 seconds
181.216: Application time: 0.0393990 seconds
181.216: [GC [PSYoungGen: 100704K->7936K(107520K)] 242349K->149581K(352256K), 0.0032860 secs] [Times: user=0.02 sys=0.00, real=0.00 secs] 
181.220: Total time for which application threads were stopped: 0.0034810 seconds, Stopping threads took: 0.0000940 seconds
181.251: Application time: 0.0310710 seconds
181.251: [GC [PSYoungGen: 100608K->7872K(107520K)] 242253K->149517K(352256K), 0.0031380 secs] [Times: user=0.02 sys=0.00, real=0.01 secs] 
181.254: Total time for which application threads were stopped: 0.0033290 seconds, Stopping threads took: 0.0000890 seconds
181.286: Application time: 0.0321500 seconds
181.286: [GC [PSYoungGen: 100544K->7904K(107520K)] 242189K->149549K(352256K), 0.0032920 secs] [Times: user=0.02 sys=0.00, real=0.00 secs] 
181.290: Total time for which application threads were stopped: 0.0034810 seconds, Stopping threads took: 0.0000670 seconds
181.316: Application time: 0.0258890 seconds
181.316: [GC [PSYoungGen: 100576K->7888K(107520K)] 242221K->149533K(352256K), 0.0032460 secs] [Times: user=0.02 sys=0.00, real=0.00 secs] 
181.319: Total time for which application threads were stopped: 0.0034200 seconds, Stopping threads took: 0.0000700 seconds
181.339: Application time: 0.0198060 seconds
181.342: [GC [PSYoungGen: 100560K->8032K(107520K)] 242205K->149677K(352256K), 0.0031320 secs] [Times: user=0.02 sys=0.00, real=0.00 secs] 
181.345: Total time for which application threads were stopped: 0.0063560 seconds, Stopping threads took: 0.0031260 seconds
181.373: Application time: 0.0281240 seconds
181.373: [GC [PSYoungGen: 100704K->14816K(107520K)] 242349K->158396K(352256K), 0.0066960 secs] [Times: user=0.05 sys=0.00, real=0.01 secs] 
181.380: Total time for which application threads were stopped: 0.0068770 seconds, Stopping threads took: 0.0000760 seconds
181.417: Application time: 0.0367430 seconds
181.417: [GC [PSYoungGen: 107488K->14832K(107520K)] 251068K->160879K(352256K), 0.0068430 secs] [Times: user=0.04 sys=0.00, real=0.00 secs] 
181.424: Total time for which application threads were stopped: 0.0070310 seconds, Stopping threads took: 0.0000860 seconds
181.461: Application time: 0.0375360 seconds
181.462: [GC [PSYoungGen: 107504K->14608K(107520K)] 253551K->160655K(352256K), 0.0059580 secs] [Times: user=0.05 sys=0.00, real=0.01 secs] 
181.468: Total time for which application threads were stopped: 0.0061450 seconds, Stopping threads took: 0.0000810 seconds
181.507: Application time: 0.0390110 seconds
181.507: [GC [PSYoungGen: 107280K->14832K(107520K)] 253327K->160879K(352256K), 0.0058660 secs] [Times: user=0.04 sys=0.00, real=0.00 secs] 
181.513: Total time for which application threads were stopped: 0.0060940 seconds, Stopping threads took: 0.0001230 seconds
181.541: Application time: 0.0282090 seconds
181.542: [GC [PSYoungGen: 107504K->14528K(107520K)] 253551K->160723K(352256K), 0.0060550 secs] [Times: user=0.04 sys=0.00, real=0.01 secs] 
181.548: Total time for which application threads were stopped: 0.0071280 seconds, Stopping threads took: 0.0009600 seconds
181.578: Application time: 0.0297520 seconds
181.578: [GC [PSYoungGen: 107200K->14816K(107520K)] 253395K->161075K(352256K), 0.0060170 secs] [Times: user=0.04 sys=0.00, real=0.00 secs] 
181.584: Total time for which application threads were stopped: 0.0062010 seconds, Stopping threads took: 0.0000820 seconds
181.604: Application time: 0.0197280 seconds
181.604: [GC [PSYoungGen: 107488K->14624K(107520K)] 253747K->160883K(352256K), 0.0061390 secs] [Times: user=0.04 sys=0.00, real=0.01 secs] 
181.610: Total time for which application threads were stopped: 0.0063490 seconds, Stopping threads took: 0.0001060 seconds
181.634: Application time: 0.0233970 seconds
181.634: [GC [PSYoungGen: 107296K->14816K(107520K)] 253555K->161459K(352256K), 0.0061680 secs] [Times: user=0.05 sys=0.00, real=0.01 secs] 
181.640: Total time for which application threads were stopped: 0.0063670 seconds, Stopping threads took: 0.0000970 seconds
181.678: Application time: 0.0382080 seconds
181.678: [GC [PSYoungGen: 107488K->14832K(107520K)] 254131K->165557K(352256K), 0.0073280 secs] [Times: user=0.06 sys=0.00, real=0.00 secs] 
181.686: Total time for which application threads were stopped: 0.0075000 seconds, Stopping threads took: 0.0000710 seconds
181.720: Application time: 0.0340070 seconds
181.720: [GC [PSYoungGen: 107504K->14816K(107520K)] 258229K->166537K(352256K), 0.0065240 secs] [Times: user=0.05 sys=0.01, real=0.01 secs] 
181.726: Total time for which application threads were stopped: 0.0066990 seconds, Stopping threads took: 0.0000740 seconds
181.767: Application time: 0.0410590 seconds
181.768: [GC [PSYoungGen: 107488K->14832K(107520K)] 259209K->166968K(352256K), 0.0063640 secs] [Times: user=0.05 sys=0.00, real=0.01 secs] 
181.774: Total time for which application threads were stopped: 0.0065400 seconds, Stopping threads took: 0.0000740 seconds
181.803: Application time: 0.0287340 seconds
181.803: [GC [PSYoungGen: 107504K->14832K(107520K)] 259640K->167448K(352256K), 0.0063650 secs] [Times: user=0.05 sys=0.00, real=0.01 secs] 
181.809: Total time for which application threads were stopped: 0.0065570 seconds, Stopping threads took: 0.0000670 seconds
181.840: Application time: 0.0310150 seconds
181.840: [GC [PSYoungGen: 107504K->14832K(107520K)] 260120K->168072K(352256K), 0.0063640 secs] [Times: user=0.04 sys=0.00, real=0.01 secs] 
181.847: Total time for which application threads were stopped: 0.0065620 seconds, Stopping threads took: 0.0000960 seconds
181.870: Application time: 0.0230520 seconds
181.870: [GC [PSYoungGen: 107504K->14832K(107520K)] 260744K->168256K(352256K), 0.0062770 secs] [Times: user=0.05 sys=0.00, real=0.01 secs] 
181.876: Total time for which application threads were stopped: 0.0064700 seconds, Stopping threads took: 0.0000920 seconds
181.898: Application time: 0.0218340 seconds
181.898: [GC [PSYoungGen: 107504K->14832K(107520K)] 260928K->168886K(352256K), 0.0063980 secs] [Times: user=0.04 sys=0.00, real=0.00 secs] 
181.905: Total time for which application threads were stopped: 0.0065740 seconds, Stopping threads took: 0.0000740 seconds
181.938: Application time: 0.0333450 seconds
181.942: [GC [PSYoungGen: 107504K->14832K(107520K)] 261558K->175998K(352256K), 0.0082920 secs] [Times: user=0.06 sys=0.01, real=0.01 secs] 
181.950: Total time for which application threads were stopped: 0.0122220 seconds, Stopping threads took: 0.0038260 seconds
181.985: Application time: 0.0347690 seconds
181.985: [GC [PSYoungGen: 107504K->11424K(107520K)] 268670K->175656K(352256K), 0.0057540 secs] [Times: user=0.04 sys=0.00, real=0.01 secs] 
181.991: Total time for which application threads were stopped: 0.0059450 seconds, Stopping threads took: 0.0000880 seconds
182.030: Application time: 0.0388810 seconds
182.030: [GC [PSYoungGen: 104096K->11264K(107520K)] 268328K->175504K(352256K), 0.0046030 secs] [Times: user=0.04 sys=0.00, real=0.01 secs] 
182.035: Total time for which application threads were stopped: 0.0048100 seconds, Stopping threads took: 0.0000960 seconds
182.069: Application time: 0.0344400 seconds
182.069: [GC [PSYoungGen: 103936K->11344K(107520K)] 268176K->175592K(352256K), 0.0050920 secs] [Times: user=0.04 sys=0.00, real=0.01 secs] 
182.074: Total time for which application threads were stopped: 0.0052770 seconds, Stopping threads took: 0.0000810 seconds
182.104: Application time: 0.0290530 seconds
182.104: [GC [PSYoungGen: 104016K->11584K(107520K)] 268264K->175832K(352256K), 0.0049670 secs] [Times: user=0.03 sys=0.00, real=0.01 secs] 
182.109: Total time for which application threads were stopped: 0.0051570 seconds, Stopping threads took: 0.0000890 seconds
182.137: Application time: 0.0283620 seconds
182.137: [GC [PSYoungGen: 104256K->11584K(107520K)] 268504K->175856K(352256K), 0.0047760 secs] [Times: user=0.03 sys=0.00, real=0.00 secs] 
182.142: Total time for which application threads were stopped: 0.0049740 seconds, Stopping threads took: 0.0000930 seconds
182.162: Application time: 0.0199050 seconds
182.162: [GC [PSYoungGen: 104256K->11968K(107520K)] 268528K->176272K(352256K), 0.0048100 secs] [Times: user=0.04 sys=0.00, real=0.01 secs] 
182.167: Total time for which application threads were stopped: 0.0049820 seconds, Stopping threads took: 0.0000710 seconds
182.192: Application time: 0.0253660 seconds
182.192: [GC [PSYoungGen: 104640K->14816K(107520K)] 268944K->179536K(352256K), 0.0061520 secs] [Times: user=0.05 sys=0.00, real=0.01 secs] 
182.199: Total time for which application threads were stopped: 0.0063680 seconds, Stopping threads took: 0.0001140 seconds
182.237: Application time: 0.0386870 seconds
182.237: [GC [PSYoungGen: 107488K->14832K(107520K)] 272208K->181789K(352256K), 0.0065220 secs] [Times: user=0.04 sys=0.00, real=0.00 secs] 
182.244: Total time for which application threads were stopped: 0.0067160 seconds, Stopping threads took: 0.0000900 seconds
182.280: Application time: 0.0356730 seconds
182.280: [GC [PSYoungGen: 107504K->12880K(107520K)] 274461K->180469K(352256K), 0.0052940 secs] [Times: user=0.04 sys=0.00, real=0.00 secs] 
182.285: Total time for which application threads were stopped: 0.0054960 seconds, Stopping threads took: 0.0000960 seconds
182.326: Application time: 0.0408130 seconds
182.330: [GC [PSYoungGen: 105552K->12816K(107520K)] 273141K->180437K(352256K), 0.0052340 secs] [Times: user=0.04 sys=0.00, real=0.01 secs] 
182.335: Total time for which application threads were stopped: 0.0094360 seconds, Stopping threads took: 0.0040850 seconds
182.363: Application time: 0.0273850 seconds
182.363: [GC [PSYoungGen: 105488K->12960K(107520K)] 273109K->180813K(352256K), 0.0052350 secs] [Times: user=0.04 sys=0.00, real=0.01 secs] 
182.368: Total time for which application threads were stopped: 0.0054390 seconds, Stopping threads took: 0.0001000 seconds
182.399: Application time: 0.0310900 seconds
182.400: [GC [PSYoungGen: 105632K->12688K(107520K)] 273485K->180673K(352256K), 0.0051840 secs] [Times: user=0.04 sys=0.00, real=0.00 secs] 
182.405: Total time for which application threads were stopped: 0.0053680 seconds, Stopping threads took: 0.0000760 seconds
182.425: Application time: 0.0205180 seconds
182.425: [GC [PSYoungGen: 105360K->12608K(107520K)] 273345K->180633K(352256K), 0.0134540 secs] [Times: user=0.10 sys=0.00, real=0.02 secs] 
182.439: Total time for which application threads were stopped: 0.0136240 seconds, Stopping threads took: 0.0000720 seconds
182.461: Application time: 0.0220010 seconds
182.461: [GC [PSYoungGen: 105280K->12304K(107520K)] 273305K->180449K(352256K), 0.0049410 secs] [Times: user=0.03 sys=0.00, real=0.01 secs] 
182.466: Total time for which application threads were stopped: 0.0051350 seconds, Stopping threads took: 0.0000900 seconds
182.505: Application time: 0.0385520 seconds
182.505: [GC [PSYoungGen: 104976K->14144K(107520K)] 273121K->183409K(352256K), 0.0060280 secs] [Times: user=0.04 sys=0.01, real=0.01 secs] 
182.511: Total time for which application threads were stopped: 0.0062100 seconds, Stopping threads took: 0.0000770 seconds
182.543: Application time: 0.0322570 seconds
182.543: [GC [PSYoungGen: 106816K->11280K(107520K)] 276081K->180679K(352256K), 0.0045450 secs] [Times: user=0.03 sys=0.00, real=0.01 secs] 
182.548: Total time for which application threads were stopped: 0.0047430 seconds, Stopping threads took: 0.0000910 seconds
182.589: Application time: 0.0409890 seconds
182.589: [GC [PSYoungGen: 103952K->11216K(107520K)] 273351K->180615K(352256K), 0.0044820 secs] [Times: user=0.03 sys=0.00, real=0.00 secs] 
182.594: Total time for which application threads were stopped: 0.0046840 seconds, Stopping threads took: 0.0000980 seconds
182.623: Application time: 0.0298610 seconds
182.623: [GC [PSYoungGen: 103888K->11360K(107520K)] 273287K->180759K(352256K), 0.0044050 secs] [Times: user=0.03 sys=0.00, real=0.01 secs] 
182.628: Total time for which application threads were stopped: 0.0045770 seconds, Stopping threads took: 0.0000680 seconds
182.659: Application time: 0.0312130 seconds
182.659: [GC [PSYoungGen: 104032K->11376K(107520K)] 273431K->180775K(352256K), 0.0046990 secs] [Times: user=0.03 sys=0.00, real=0.00 secs] 
182.664: Total time for which application threads were stopped: 0.0049120 seconds, Stopping threads took: 0.0001040 seconds
182.689: Application time: 0.0252320 seconds
182.689: [GC [PSYoungGen: 104048K->11440K(107520K)] 273447K->180839K(352256K), 0.0045120 secs] [Times: user=0.04 sys=0.00, real=0.01 secs] 
182.694: Total time for which application threads were stopped: 0.0046920 seconds, Stopping threads took: 0.0000790 seconds
182.714: Application time: 0.0202980 seconds
182.714: [GC [PSYoungGen: 104112K->11664K(107520K)] 273511K->181063K(352256K), 0.0044090 secs] [Times: user=0.03 sys=0.00, real=0.00 secs] 
182.719: Total time for which application threads were stopped: 0.0045690 seconds, Stopping threads took: 0.0000490 seconds
182.748: Application time: 0.0292640 seconds
182.750: [GC [PSYoungGen: 104336K->14832K(107520K)] 273735K->188542K(352256K), 0.0075010 secs] [Times: user=0.05 sys=0.00, real=0.01 secs] 
182.758: Total time for which application threads were stopped: 0.0093900 seconds, Stopping threads took: 0.0017840 seconds
182.794: Application time: 0.0369490 seconds
182.795: [GC [PSYoungGen: 107504K->12448K(107520K)] 281214K->187748K(352256K), 0.0056350 secs] [Times: user=0.04 sys=0.00, real=0.00 secs] 
182.800: Total time for which application threads were stopped: 0.0058280 seconds, Stopping threads took: 0.0000900 seconds
182.838: Application time: 0.0375460 seconds
182.838: [GC [PSYoungGen: 105120K->11792K(107520K)] 280420K->187092K(352256K), 0.0051350 secs] [Times: user=0.03 sys=0.00, real=0.00 secs] 
182.843: Total time for which application threads were stopped: 0.0053490 seconds, Stopping threads took: 0.0000890 seconds
182.880: Application time: 0.0372910 seconds
182.881: [GC [PSYoungGen: 104464K->12224K(107520K)] 279764K->187524K(352256K), 0.0053810 secs] [Times: user=0.03 sys=0.00, real=0.01 secs] 
182.886: Total time for which application threads were stopped: 0.0055760 seconds, Stopping threads took: 0.0000910 seconds
182.915: Application time: 0.0285120 seconds
182.915: [GC [PSYoungGen: 104896K->11904K(107520K)] 280196K->187204K(352256K), 0.0048510 secs] [Times: user=0.03 sys=0.00, real=0.00 secs] 
182.920: Total time for which application threads were stopped: 0.0050470 seconds, Stopping threads took: 0.0000940 seconds
182.949: Application time: 0.0292800 seconds
182.949: [GC [PSYoungGen: 104576K->12048K(107520K)] 279876K->187348K(352256K), 0.0048790 secs] [Times: user=0.03 sys=0.00, real=0.01 secs] 
182.954: Total time for which application threads were stopped: 0.0050500 seconds, Stopping threads took: 0.0000690 seconds
182.973: Application time: 0.0191210 seconds
182.973: [GC [PSYoungGen: 104720K->12176K(107520K)] 280020K->187476K(352256K), 0.0048210 secs] [Times: user=0.03 sys=0.00, real=0.01 secs] 
182.978: Total time for which application threads were stopped: 0.0050080 seconds, Stopping threads took: 0.0000860 seconds
183.002: Application time: 0.0235610 seconds
183.002: [GC [PSYoungGen: 104848K->13056K(107520K)] 280148K->188356K(352256K), 0.0059120 secs] [Times: user=0.03 sys=0.00, real=0.01 secs] 
183.008: Total time for which application threads were stopped: 0.0060960 seconds, Stopping threads took: 0.0000830 seconds
183.046: Application time: 0.0387240 seconds
183.047: [GC [PSYoungGen: 105728K->14832K(107520K)] 281028K->191188K(352256K), 0.0063800 secs] [Times: user=0.04 sys=0.00, real=0.00 secs] 
183.053: Total time for which application threads were stopped: 0.0065380 seconds, Stopping threads took: 0.0000550 seconds
183.087: Application time: 0.0340810 seconds
183.087: [GC [PSYoungGen: 107504K->14048K(107520K)] 283860K->190404K(352256K), 0.0061080 secs] [Times: user=0.04 sys=0.00, real=0.00 secs] 
183.093: Total time for which application threads were stopped: 0.0062890 seconds, Stopping threads took: 0.0000750 seconds
183.134: Application time: 0.0409320 seconds
183.135: [GC [PSYoungGen: 106720K->14080K(107520K)] 283076K->190436K(352256K), 0.0060520 secs] [Times: user=0.04 sys=0.00, real=0.00 secs] 
183.141: Total time for which application threads were stopped: 0.0062550 seconds, Stopping threads took: 0.0000980 seconds
183.169: Application time: 0.0279210 seconds
183.169: [GC [PSYoungGen: 106752K->14112K(107520K)] 283108K->190516K(352256K), 0.0056290 secs] [Times: user=0.04 sys=0.00, real=0.01 secs] 
183.174: Total time for which application threads were stopped: 0.0058110 seconds, Stopping threads took: 0.0000810 seconds
183.205: Application time: 0.0311310 seconds
183.206: [GC [PSYoungGen: 106784K->14192K(107520K)] 283188K->190832K(352256K), 0.0057520 secs] [Times: user=0.04 sys=0.00, real=0.01 secs] 
183.211: Total time for which application threads were stopped: 0.0059520 seconds, Stopping threads took: 0.0000950 seconds
183.233: Application time: 0.0216640 seconds
183.234: [GC [PSYoungGen: 106864K->14336K(107520K)] 283504K->190976K(352256K), 0.0056920 secs] [Times: user=0.04 sys=0.00, real=0.00 secs] 
183.240: Total time for which application threads were stopped: 0.0066110 seconds, Stopping threads took: 0.0008130 seconds
183.261: Application time: 0.0216720 seconds
183.262: [GC [PSYoungGen: 107008K->14192K(107520K)] 283648K->190832K(352256K), 0.0060350 secs] [Times: user=0.04 sys=0.00, real=0.01 secs] 
183.268: Total time for which application threads were stopped: 0.0062390 seconds, Stopping threads took: 0.0001000 seconds
183.304: Application time: 0.0360390 seconds
183.306: [GC [PSYoungGen: 106864K->12224K(107520K)] 283504K->193082K(352256K), 0.0064440 secs] [Times: user=0.04 sys=0.01, real=0.00 secs] 
183.312: Total time for which application threads were stopped: 0.0087850 seconds, Stopping threads took: 0.0022400 seconds
183.345: Application time: 0.0324790 seconds
183.345: [GC [PSYoungGen: 104896K->9840K(107520K)] 285754K->190714K(352256K), 0.0039290 secs] [Times: user=0.03 sys=0.00, real=0.01 secs] 
183.349: Total time for which application threads were stopped: 0.0041520 seconds, Stopping threads took: 0.0001000 seconds
183.389: Application time: 0.0396670 seconds
183.389: [GC [PSYoungGen: 102512K->10000K(107520K)] 283386K->190874K(352256K), 0.0040340 secs] [Times: user=0.03 sys=0.00, real=0.00 secs] 
183.393: Total time for which application threads were stopped: 0.0042350 seconds, Stopping threads took: 0.0000970 seconds
183.425: Application time: 0.0324160 seconds
183.426: [GC [PSYoungGen: 102672K->10144K(107520K)] 283546K->191018K(352256K), 0.0041060 secs] [Times: user=0.03 sys=0.00, real=0.01 secs] 
183.430: Total time for which application threads were stopped: 0.0042930 seconds, Stopping threads took: 0.0000870 seconds
183.460: Application time: 0.0298700 seconds
183.460: [GC [PSYoungGen: 102816K->10224K(107520K)] 283690K->191098K(352256K), 0.0040650 secs] [Times: user=0.02 sys=0.00, real=0.00 secs] 
183.464: Total time for which application threads were stopped: 0.0042650 seconds, Stopping threads took: 0.0000990 seconds
183.491: Application time: 0.0268450 seconds
183.491: [GC [PSYoungGen: 102896K->10480K(107520K)] 283770K->191354K(352256K), 0.0044240 secs] [Times: user=0.02 sys=0.00, real=0.01 secs] 
183.495: Total time for which application threads were stopped: 0.0045990 seconds, Stopping threads took: 0.0000640 seconds
183.515: Application time: 0.0198370 seconds
183.515: [GC [PSYoungGen: 103152K->10240K(107520K)] 284026K->191114K(352256K), 0.0040440 secs] [Times: user=0.03 sys=0.00, real=0.00 secs] 
183.519: Total time for which application threads were stopped: 0.0042540 seconds, Stopping threads took: 0.0001070 seconds
183.546: Application time: 0.0262470 seconds
183.546: [GC [PSYoungGen: 102912K->14816K(107520K)] 283786K->198239K(352256K), 0.0067590 secs] [Times: user=0.05 sys=0.00, real=0.01 secs] 
183.553: Total time for which application threads were stopped: 0.0069460 seconds, Stopping threads took: 0.0000800 seconds
183.591: Application time: 0.0384790 seconds
183.591: [GC [PSYoungGen: 107488K->12160K(107520K)] 290911K->198083K(352256K), 0.0056240 secs] [Times: user=0.04 sys=0.00, real=0.01 secs] 
183.597: Total time for which application threads were stopped: 0.0058350 seconds, Stopping threads took: 0.0001070 seconds
183.633: Application time: 0.0359450 seconds
183.633: [GC [PSYoungGen: 104832K->10896K(107520K)] 290755K->196819K(352256K), 0.0045680 secs] [Times: user=0.03 sys=0.00, real=0.01 secs] 
183.638: Total time for which application threads were stopped: 0.0047620 seconds, Stopping threads took: 0.0000840 seconds
183.677: Application time: 0.0393370 seconds
183.677: [GC [PSYoungGen: 103568K->11072K(107520K)] 289491K->196995K(352256K), 0.0049050 secs] [Times: user=0.03 sys=0.00, real=0.00 secs] 
183.682: Total time for which application threads were stopped: 0.0050930 seconds, Stopping threads took: 0.0000830 seconds
183.710: Application time: 0.0277640 seconds
183.710: [GC [PSYoungGen: 103744K->10960K(107520K)] 289667K->196883K(352256K), 0.0045330 secs] [Times: user=0.03 sys=0.00, real=0.01 secs] 
183.715: Total time for which application threads were stopped: 0.0047310 seconds, Stopping threads took: 0.0000940 seconds
183.744: Application time: 0.0299200 seconds
183.745: [GC [PSYoungGen: 103632K->11248K(107520K)] 289555K->197172K(352256K), 0.0046890 secs] [Times: user=0.04 sys=0.00, real=0.01 secs] 
183.749: Total time for which application threads were stopped: 0.0048760 seconds, Stopping threads took: 0.0000840 seconds
183.769: Application time: 0.0198000 seconds
183.769: [GC [PSYoungGen: 103920K->10992K(107520K)] 289844K->196915K(352256K), 0.0044370 secs] [Times: user=0.03 sys=0.00, real=0.00 secs] 
183.774: Total time for which application threads were stopped: 0.0046270 seconds, Stopping threads took: 0.0000860 seconds
183.796: Application time: 0.0226240 seconds
183.797: [GC [PSYoungGen: 103662K->10944K(107520K)] 289585K->196867K(352256K), 0.0044470 secs] [Times: user=0.03 sys=0.00, real=0.00 secs] 
183.801: Total time for which application threads were stopped: 0.0046350 seconds, Stopping threads took: 0.0000860 seconds
183.839: Application time: 0.0378400 seconds
183.839: [GC [PSYoungGen: 103616K->14784K(107520K)] 289539K->200707K(352256K), 0.0057910 secs] [Times: user=0.04 sys=0.00, real=0.00 secs] 
183.845: Total time for which application threads were stopped: 0.0059520 seconds, Stopping threads took: 0.0000580 seconds
183.878: Application time: 0.0335530 seconds
183.879: [GC [PSYoungGen: 107456K->11232K(107520K)] 293379K->197155K(352256K), 0.0046420 secs] [Times: user=0.03 sys=0.00, real=0.00 secs] 
183.883: Total time for which application threads were stopped: 0.0048750 seconds, Stopping threads took: 0.0001160 seconds
183.924: Application time: 0.0407610 seconds
183.926: [GC [PSYoungGen: 103904K->11120K(107520K)] 289827K->197043K(352256K), 0.0045780 secs] [Times: user=0.03 sys=0.00, real=0.00 secs] 
183.931: Total time for which application threads were stopped: 0.0065800 seconds, Stopping threads took: 0.0019000 seconds
183.960: Application time: 0.0297800 seconds
183.961: [GC [PSYoungGen: 103792K->10992K(107520K)] 289715K->196972K(352256K), 0.0045590 secs] [Times: user=0.03 sys=0.00, real=0.00 secs] 
183.965: Total time for which application threads were stopped: 0.0047400 seconds, Stopping threads took: 0.0000780 seconds
183.997: Application time: 0.0316970 seconds
183.997: [GC [PSYoungGen: 103664K->10816K(107520K)] 289644K->197000K(352256K), 0.0045340 secs] [Times: user=0.03 sys=0.00, real=0.00 secs] 
184.002: Total time for which application threads were stopped: 0.0047330 seconds, Stopping threads took: 0.0000960 seconds
184.025: Application time: 0.0232170 seconds
184.025: [GC [PSYoungGen: 103488K->10768K(107520K)] 289672K->197000K(352256K), 0.0044330 secs] [Times: user=0.03 sys=0.00, real=0.01 secs] 
184.029: Total time for which application threads were stopped: 0.0046050 seconds, Stopping threads took: 0.0000680 seconds
184.051: Application time: 0.0215480 seconds
184.051: [GC [PSYoungGen: 103440K->11040K(107520K)] 289672K->197272K(352256K), 0.0044740 secs] [Times: user=0.03 sys=0.00, real=0.01 secs] 
184.056: Total time for which application threads were stopped: 0.0046480 seconds, Stopping threads took: 0.0000710 seconds
184.089: Application time: 0.0329840 seconds
184.089: [GC [PSYoungGen: 103712K->12864K(107520K)] 289944K->202192K(352256K), 0.0063010 secs] [Times: user=0.04 sys=0.00, real=0.01 secs] 
184.095: Total time for which application threads were stopped: 0.0065220 seconds, Stopping threads took: 0.0001190 seconds
184.128: Application time: 0.0332890 seconds
184.129: [GC [PSYoungGen: 105536K->9792K(107520K)] 294864K->199328K(352256K), 0.0039490 secs] [Times: user=0.03 sys=0.00, real=0.00 secs] 
184.133: Total time for which application threads were stopped: 0.0041480 seconds, Stopping threads took: 0.0000980 seconds
184.171: Application time: 0.0388910 seconds
184.172: [GC [PSYoungGen: 102464K->7616K(107520K)] 292000K->197152K(352256K), 0.0033300 secs] [Times: user=0.02 sys=0.00, real=0.01 secs] 
184.175: Total time for which application threads were stopped: 0.0035210 seconds, Stopping threads took: 0.0000880 seconds
184.210: Application time: 0.0346230 seconds
184.210: [GC [PSYoungGen: 100288K->7472K(107520K)] 289824K->197008K(352256K), 0.0032330 secs] [Times: user=0.02 sys=0.00, real=0.00 secs] 
184.213: Total time for which application threads were stopped: 0.0034310 seconds, Stopping threads took: 0.0000960 seconds
184.243: Application time: 0.0299440 seconds
184.243: [GC [PSYoungGen: 100144K->7744K(107520K)] 289680K->197280K(352256K), 0.0031990 secs] [Times: user=0.02 sys=0.00, real=0.01 secs] 
184.246: Total time for which application threads were stopped: 0.0033730 seconds, Stopping threads took: 0.0000660 seconds
184.274: Application time: 0.0272640 seconds
184.274: [GC [PSYoungGen: 100416K->7888K(107520K)] 289952K->197424K(352256K), 0.0034400 secs] [Times: user=0.02 sys=0.01, real=0.01 secs] 
184.277: Total time for which application threads were stopped: 0.0036680 seconds, Stopping threads took: 0.0001210 seconds
184.297: Application time: 0.0196990 seconds
184.297: [GC [PSYoungGen: 100560K->7984K(107520K)] 290096K->197520K(352256K), 0.0035540 secs] [Times: user=0.02 sys=0.00, real=0.00 secs] 
184.301: Total time for which application threads were stopped: 0.0037730 seconds, Stopping threads took: 0.0001160 seconds
184.327: Application time: 0.0266710 seconds
184.328: [GC [PSYoungGen: 100656K->12272K(107520K)] 290192K->201808K(352256K), 0.0047840 secs] [Times: user=0.04 sys=0.00, real=0.00 secs] 
184.332: Total time for which application threads were stopped: 0.0049910 seconds, Stopping threads took: 0.0001020 seconds
184.370: Application time: 0.0371460 seconds
184.370: [GC [PSYoungGen: 104944K->9008K(107520K)] 294480K->198544K(352256K), 0.0034900 secs] [Times: user=0.03 sys=0.00, real=0.00 secs] 
184.373: Total time for which application threads were stopped: 0.0036700 seconds, Stopping threads took: 0.0000760 seconds
184.409: Application time: 0.0354220 seconds
184.409: [GC [PSYoungGen: 101680K->7760K(107520K)] 291216K->197296K(352256K), 0.0032210 secs] [Times: user=0.02 sys=0.00, real=0.00 secs] 
184.412: Total time for which application threads were stopped: 0.0034550 seconds, Stopping threads took: 0.0001110 seconds
184.451: Application time: 0.0393100 seconds
184.452: [GC [PSYoungGen: 100432K->7680K(107520K)] 289968K->197216K(352256K), 0.0034540 secs] [Times: user=0.02 sys=0.00, real=0.01 secs] 
184.455: Total time for which application threads were stopped: 0.0036420 seconds, Stopping threads took: 0.0000850 seconds
184.484: Application time: 0.0285530 seconds
184.484: [GC [PSYoungGen: 100352K->7776K(107520K)] 289888K->197312K(352256K), 0.0036490 secs] [Times: user=0.02 sys=0.00, real=0.01 secs] 
184.487: Total time for which application threads were stopped: 0.0038350 seconds, Stopping threads took: 0.0000860 seconds
184.518: Application time: 0.0305380 seconds
184.518: [GC [PSYoungGen: 100448K->7952K(107520K)] 289984K->197488K(352256K), 0.0033970 secs] [Times: user=0.03 sys=0.00, real=0.00 secs] 
184.522: Total time for which application threads were stopped: 0.0036470 seconds, Stopping threads took: 0.0001500 seconds
184.544: Application time: 0.0224610 seconds
184.544: [GC [PSYoungGen: 100624K->7968K(107520K)] 290160K->197504K(352256K), 0.0032120 secs] [Times: user=0.02 sys=0.00, real=0.01 secs] 
184.548: Total time for which application threads were stopped: 0.0034110 seconds, Stopping threads took: 0.0001000 seconds
184.569: Application time: 0.0217590 seconds
184.569: [GC [PSYoungGen: 100640K->9504K(107520K)] 290176K->199040K(352256K), 0.0037720 secs] [Times: user=0.02 sys=0.00, real=0.00 secs] 
184.573: Total time for which application threads were stopped: 0.0039590 seconds, Stopping threads took: 0.0000860 seconds
184.609: Application time: 0.0353680 seconds
184.609: [GC [PSYoungGen: 102176K->12640K(107520K)] 291712K->202176K(352256K), 0.0048370 secs] [Times: user=0.03 sys=0.00, real=0.00 secs] 
184.614: Total time for which application threads were stopped: 0.0050510 seconds, Stopping threads took: 0.0001110 seconds
184.648: Application time: 0.0344560 seconds
184.648: [GC [PSYoungGen: 105312K->7760K(107520K)] 294848K->197296K(352256K), 0.0032690 secs] [Times: user=0.02 sys=0.00, real=0.00 secs] 
184.652: Total time for which application threads were stopped: 0.0034540 seconds, Stopping threads took: 0.0000840 seconds
184.691: Application time: 0.0397140 seconds
184.691: [GC [PSYoungGen: 100432K->7712K(107520K)] 289968K->197248K(352256K), 0.0034160 secs] [Times: user=0.03 sys=0.00, real=0.01 secs] 
184.695: Total time for which application threads were stopped: 0.0036040 seconds, Stopping threads took: 0.0000820 seconds
184.727: Application time: 0.0316920 seconds
184.727: [GC [PSYoungGen: 100384K->7680K(107520K)] 289920K->197264K(352256K), 0.0034930 secs] [Times: user=0.02 sys=0.00, real=0.00 secs] 
184.730: Total time for which application threads were stopped: 0.0036850 seconds, Stopping threads took: 0.0000890 seconds
184.761: Application time: 0.0304330 seconds
184.761: [GC [PSYoungGen: 100352K->7744K(107520K)] 289936K->197500K(352256K), 0.0032550 secs] [Times: user=0.02 sys=0.00, real=0.00 secs] 
184.764: Total time for which application threads were stopped: 0.0034580 seconds, Stopping threads took: 0.0001000 seconds
184.789: Application time: 0.0245700 seconds
184.789: [GC [PSYoungGen: 100416K->7584K(107520K)] 290172K->197420K(352256K), 0.0033400 secs] [Times: user=0.02 sys=0.00, real=0.00 secs] 
184.792: Total time for which application threads were stopped: 0.0035350 seconds, Stopping threads took: 0.0000950 seconds
184.813: Application time: 0.0209900 seconds
184.813: [GC [PSYoungGen: 100256K->7680K(107520K)] 290092K->197516K(352256K), 0.0031330 secs] [Times: user=0.02 sys=0.00, real=0.01 secs] 
184.817: Total time for which application threads were stopped: 0.0033190 seconds, Stopping threads took: 0.0000840 seconds
184.846: Application time: 0.0297140 seconds
184.846: [GC [PSYoungGen: 100352K->11616K(107520K)] 290188K->201452K(352256K), 0.0045710 secs] [Times: user=0.04 sys=0.00, real=0.00 secs] 
184.851: Total time for which application threads were stopped: 0.0047520 seconds, Stopping threads took: 0.0000820 seconds
184.887: Application time: 0.0359490 seconds
184.887: [GC [PSYoungGen: 104288K->9728K(107520K)] 294124K->199564K(352256K), 0.0039610 secs] [Times: user=0.03 sys=0.00, real=0.00 secs] 
184.891: Total time for which application threads were stopped: 0.0041590 seconds, Stopping threads took: 0.0000970 seconds
184.928: Application time: 0.0368740 seconds
184.928: [GC [PSYoungGen: 102400K->7600K(107520K)] 292236K->197436K(352256K), 0.0032590 secs] [Times: user=0.02 sys=0.00, real=0.00 secs] 
184.932: Total time for which application threads were stopped: 0.0034480 seconds, Stopping threads took: 0.0000700 seconds
184.968: Application time: 0.0369420 seconds
184.970: [GC [PSYoungGen: 100272K->7680K(107520K)] 290108K->197524K(352256K), 0.0031840 secs] [Times: user=0.03 sys=0.00, real=0.00 secs] 
184.973: Total time for which application threads were stopped: 0.0046960 seconds, Stopping threads took: 0.0014130 seconds
185.002: Application time: 0.0291660 seconds
185.004: [GC [PSYoungGen: 100352K->7696K(107520K)] 290196K->197540K(352256K), 0.0033140 secs] [Times: user=0.02 sys=0.00, real=0.01 secs] 
185.007: Total time for which application threads were stopped: 0.0048680 seconds, Stopping threads took: 0.0014470 seconds
185.036: Application time: 0.0286260 seconds
185.036: [GC [PSYoungGen: 100368K->7936K(107520K)] 290212K->197780K(352256K), 0.0033190 secs] [Times: user=0.02 sys=0.00, real=0.00 secs] 
185.039: Total time for which application threads were stopped: 0.0034970 seconds, Stopping threads took: 0.0000760 seconds
185.061: Application time: 0.0218600 seconds
185.061: [GC [PSYoungGen: 100608K->7856K(107520K)] 290452K->197700K(352256K), 0.0032140 secs] [Times: user=0.03 sys=0.00, real=0.00 secs] 
185.065: Total time for which application threads were stopped: 0.0034070 seconds, Stopping threads took: 0.0000870 seconds
185.088: Application time: 0.0237060 seconds
185.089: [GC [PSYoungGen: 100528K->11344K(107520K)] 290372K->201188K(352256K), 0.0046160 secs] [Times: user=0.03 sys=0.00, real=0.00 secs] 
185.093: Total time for which application threads were stopped: 0.0048200 seconds, Stopping threads took: 0.0001000 seconds
185.130: Application time: 0.0371980 seconds
185.131: [GC [PSYoungGen: 104016K->11120K(107520K)] 293860K->200964K(352256K), 0.0044340 secs] [Times: user=0.02 sys=0.00, real=0.01 secs] 
185.135: Total time for which application threads were stopped: 0.0046170 seconds, Stopping threads took: 0.0000800 seconds
185.169: Application time: 0.0341450 seconds
185.169: [GC [PSYoungGen: 103792K->7808K(107520K)] 293636K->197652K(352256K), 0.0031790 secs] [Times: user=0.02 sys=0.00, real=0.00 secs] 
185.173: Total time for which application threads were stopped: 0.0033750 seconds, Stopping threads took: 0.0000930 seconds
185.213: Application time: 0.0401740 seconds
185.213: [GC [PSYoungGen: 100480K->8128K(107520K)] 290324K->197972K(352256K), 0.0033420 secs] [Times: user=0.02 sys=0.00, real=0.01 secs] 
185.216: Total time for which application threads were stopped: 0.0035320 seconds, Stopping threads took: 0.0000870 seconds
185.246: Application time: 0.0299590 seconds
185.246: [GC [PSYoungGen: 100800K->7872K(107520K)] 290644K->197716K(352256K), 0.0035320 secs] [Times: user=0.02 sys=0.00, real=0.00 secs] 
185.250: Total time for which application threads were stopped: 0.0037370 seconds, Stopping threads took: 0.0000910 seconds
185.280: Application time: 0.0296080 seconds
185.280: [GC [PSYoungGen: 100544K->7888K(107520K)] 290388K->197732K(352256K), 0.0034440 secs] [Times: user=0.03 sys=0.00, real=0.00 secs] 
185.283: Total time for which application threads were stopped: 0.0036660 seconds, Stopping threads took: 0.0001200 seconds
185.307: Application time: 0.0233390 seconds
185.307: [GC [PSYoungGen: 100560K->8016K(107520K)] 290404K->197860K(352256K), 0.0033380 secs] [Times: user=0.03 sys=0.00, real=0.00 secs] 
185.310: Total time for which application threads were stopped: 0.0035210 seconds, Stopping threads took: 0.0000850 seconds
185.333: Application time: 0.0232230 seconds
185.333: [GC [PSYoungGen: 100688K->8240K(107520K)] 290532K->198084K(352256K), 0.0033020 secs] [Times: user=0.02 sys=0.00, real=0.01 secs] 
185.337: Total time for which application threads were stopped: 0.0034870 seconds, Stopping threads took: 0.0000700 seconds
185.368: Application time: 0.0313160 seconds
185.368: [GC [PSYoungGen: 100912K->10624K(107520K)] 290756K->200468K(352256K), 0.0042020 secs] [Times: user=0.03 sys=0.00, real=0.00 secs] 
185.372: Total time for which application threads were stopped: 0.0043920 seconds, Stopping threads took: 0.0000860 seconds
185.409: Application time: 0.0365390 seconds
185.409: [GC [PSYoungGen: 103296K->8208K(107520K)] 293140K->198052K(352256K), 0.0032220 secs] [Times: user=0.02 sys=0.00, real=0.00 secs] 
185.412: Total time for which application threads were stopped: 0.0034250 seconds, Stopping threads took: 0.0001000 seconds
185.450: Application time: 0.0376410 seconds
185.450: [GC [PSYoungGen: 100880K->7856K(107520K)] 290724K->197700K(352256K), 0.0113330 secs] [Times: user=0.08 sys=0.00, real=0.01 secs] 
185.462: Total time for which application threads were stopped: 0.0115380 seconds, Stopping threads took: 0.0000880 seconds
185.495: Application time: 0.0334570 seconds
185.495: [GC [PSYoungGen: 100528K->8000K(107520K)] 290372K->197892K(352256K), 0.0034120 secs] [Times: user=0.02 sys=0.00, real=0.00 secs] 
185.499: Total time for which application threads were stopped: 0.0035940 seconds, Stopping threads took: 0.0000800 seconds
185.528: Application time: 0.0295610 seconds
185.528: [GC [PSYoungGen: 100672K->7696K(107520K)] 290564K->197768K(352256K), 0.0031610 secs] [Times: user=0.02 sys=0.00, real=0.00 secs] 
185.532: Total time for which application threads were stopped: 0.0033830 seconds, Stopping threads took: 0.0001180 seconds
185.558: Application time: 0.0261430 seconds
185.558: [GC [PSYoungGen: 100368K->7696K(107520K)] 290440K->197864K(352256K), 0.0031520 secs] [Times: user=0.02 sys=0.00, real=0.00 secs] 
185.561: Total time for which application threads were stopped: 0.0033720 seconds, Stopping threads took: 0.0001190 seconds
185.584: Application time: 0.0224330 seconds
185.584: [GC [PSYoungGen: 100368K->7584K(107520K)] 290536K->197752K(352256K), 0.0030070 secs] [Times: user=0.02 sys=0.00, real=0.01 secs] 
185.587: Total time for which application threads were stopped: 0.0031580 seconds, Stopping threads took: 0.0000500 seconds
185.611: Application time: 0.0244970 seconds
185.611: [GC [PSYoungGen: 100256K->11904K(107520K)] 290424K->202072K(352256K), 0.0044920 secs] [Times: user=0.03 sys=0.00, real=0.01 secs] 
185.616: Total time for which application threads were stopped: 0.0046870 seconds, Stopping threads took: 0.0000920 seconds
185.654: Application time: 0.0383500 seconds
185.654: [GC [PSYoungGen: 104576K->10160K(107520K)] 294744K->200328K(352256K), 0.0040410 secs] [Times: user=0.03 sys=0.00, real=0.00 secs] 
185.659: Total time for which application threads were stopped: 0.0042070 seconds, Stopping threads took: 0.0000660 seconds
185.693: Application time: 0.0346670 seconds
185.693: [GC [PSYoungGen: 102832K->7584K(107520K)] 293000K->197768K(352256K), 0.0031340 secs] [Times: user=0.03 sys=0.00, real=0.01 secs] 
185.696: Total time for which application threads were stopped: 0.0033130 seconds, Stopping threads took: 0.0000730 seconds
185.735: Application time: 0.0382760 seconds
185.735: [GC [PSYoungGen: 100256K->7584K(107520K)] 290440K->197768K(352256K), 0.0033830 secs] [Times: user=0.02 sys=0.00, real=0.00 secs] 
185.738: Total time for which application threads were stopped: 0.0035740 seconds, Stopping threads took: 0.0000880 seconds
185.769: Application time: 0.0303680 seconds
185.769: [GC [PSYoungGen: 100256K->7808K(107520K)] 290440K->197992K(352256K), 0.0034200 secs] [Times: user=0.02 sys=0.00, real=0.00 secs] 
185.772: Total time for which application threads were stopped: 0.0036410 seconds, Stopping threads took: 0.0001160 seconds
185.800: Application time: 0.0281140 seconds
185.801: [GC [PSYoungGen: 100480K->7840K(107520K)] 290664K->198024K(352256K), 0.0034570 secs] [Times: user=0.02 sys=0.00, real=0.00 secs] 
185.804: Total time for which application threads were stopped: 0.0036580 seconds, Stopping threads took: 0.0000980 seconds
185.826: Application time: 0.0219390 seconds
185.826: [GC [PSYoungGen: 100512K->8240K(107520K)] 290696K->198424K(352256K), 0.0033210 secs] [Times: user=0.02 sys=0.00, real=0.00 secs] 
185.830: Total time for which application threads were stopped: 0.0035270 seconds, Stopping threads took: 0.0001050 seconds
185.853: Application time: 0.0228990 seconds
185.853: [GC [PSYoungGen: 100912K->11456K(107520K)] 291096K->201640K(352256K), 0.0044110 secs] [Times: user=0.03 sys=0.00, real=0.01 secs] 
185.857: Total time for which application threads were stopped: 0.0046060 seconds, Stopping threads took: 0.0000920 seconds
185.891: Application time: 0.0338760 seconds
185.891: [GC [PSYoungGen: 104128K->13680K(107520K)] 294312K->203864K(352256K), 0.0052830 secs] [Times: user=0.04 sys=0.00, real=0.01 secs] 
185.896: Total time for which application threads were stopped: 0.0054530 seconds, Stopping threads took: 0.0000660 seconds
185.932: Application time: 0.0359810 seconds
185.933: [GC [PSYoungGen: 106352K->8128K(107520K)] 296536K->198312K(352256K), 0.0031950 secs] [Times: user=0.03 sys=0.00, real=0.01 secs] 
185.936: Total time for which application threads were stopped: 0.0033800 seconds, Stopping threads took: 0.0000840 seconds
185.975: Application time: 0.0394380 seconds
185.975: [GC [PSYoungGen: 100800K->7856K(107520K)] 290984K->198040K(352256K), 0.0034550 secs] [Times: user=0.02 sys=0.00, real=0.00 secs] 
185.979: Total time for which application threads were stopped: 0.0036670 seconds, Stopping threads took: 0.0000900 seconds
186.011: Application time: 0.0316930 seconds
186.011: [GC [PSYoungGen: 100528K->7936K(107520K)] 290712K->198120K(352256K), 0.0032200 secs] [Times: user=0.03 sys=0.00, real=0.01 secs] 
186.014: Total time for which application threads were stopped: 0.0034170 seconds, Stopping threads took: 0.0000950 seconds
186.044: Application time: 0.0296360 seconds
186.044: [GC [PSYoungGen: 100608K->7856K(107520K)] 290792K->198040K(352256K), 0.0032470 secs] [Times: user=0.02 sys=0.00, real=0.01 secs] 
186.047: Total time for which application threads were stopped: 0.0034490 seconds, Stopping threads took: 0.0001000 seconds
186.071: Application time: 0.0243440 seconds
186.072: [GC [PSYoungGen: 100528K->8144K(107520K)] 290712K->198328K(352256K), 0.0031770 secs] [Times: user=0.02 sys=0.00, real=0.01 secs] 
186.075: Total time for which application threads were stopped: 0.0033730 seconds, Stopping threads took: 0.0000960 seconds
186.097: Application time: 0.0226040 seconds
186.098: [GC [PSYoungGen: 100816K->7824K(107520K)] 291000K->198008K(352256K), 0.0031610 secs] [Times: user=0.02 sys=0.00, real=0.00 secs] 
186.101: Total time for which application threads were stopped: 0.0033400 seconds, Stopping threads took: 0.0000770 seconds
186.130: Application time: 0.0288850 seconds
186.130: [GC [PSYoungGen: 100496K->12464K(107520K)] 290680K->202648K(352256K), 0.0047860 secs] [Times: user=0.03 sys=0.00, real=0.01 secs] 
186.135: Total time for which application threads were stopped: 0.0049650 seconds, Stopping threads took: 0.0000790 seconds
186.172: Application time: 0.0370290 seconds
186.172: [GC [PSYoungGen: 105134K->9568K(107520K)] 295319K->199752K(352256K), 0.0038510 secs] [Times: user=0.03 sys=0.00, real=0.01 secs] 
186.176: Total time for which application threads were stopped: 0.0040700 seconds, Stopping threads took: 0.0001150 seconds
186.213: Application time: 0.0370850 seconds
186.213: [GC [PSYoungGen: 102240K->7744K(107520K)] 292424K->197928K(352256K), 0.0034270 secs] [Times: user=0.02 sys=0.00, real=0.01 secs] 
186.216: Total time for which application threads were stopped: 0.0036460 seconds, Stopping threads took: 0.0001140 seconds
186.252: Application time: 0.0352480 seconds
186.252: [GC [PSYoungGen: 100416K->7824K(107520K)] 290600K->198008K(352256K), 0.0032790 secs] [Times: user=0.02 sys=0.00, real=0.01 secs] 
186.255: Total time for which application threads were stopped: 0.0034570 seconds, Stopping threads took: 0.0000780 seconds
186.285: Application time: 0.0301470 seconds
186.285: [GC [PSYoungGen: 100496K->7712K(107520K)] 290680K->198056K(352256K), 0.0031920 secs] [Times: user=0.02 sys=0.00, real=0.01 secs] 
186.289: Total time for which application threads were stopped: 0.0033900 seconds, Stopping threads took: 0.0000930 seconds
186.314: Application time: 0.0256020 seconds
186.314: [GC [PSYoungGen: 100384K->7808K(107520K)] 290728K->198309K(352256K), 0.0031200 secs] [Times: user=0.02 sys=0.00, real=0.00 secs] 
186.318: Total time for which application threads were stopped: 0.0033060 seconds, Stopping threads took: 0.0000830 seconds
186.342: Application time: 0.0244340 seconds
186.342: [GC [PSYoungGen: 100480K->7920K(107520K)] 290981K->198421K(352256K), 0.0031580 secs] [Times: user=0.02 sys=0.00, real=0.00 secs] 
186.345: Total time for which application threads were stopped: 0.0033300 seconds, Stopping threads took: 0.0000710 seconds
186.371: Application time: 0.0260770 seconds
186.372: [GC [PSYoungGen: 100592K->11216K(107520K)] 291093K->201717K(352256K), 0.0042290 secs] [Times: user=0.03 sys=0.00, real=0.01 secs] 
186.376: Total time for which application threads were stopped: 0.0043950 seconds, Stopping threads took: 0.0000640 seconds
186.409: Application time: 0.0332630 seconds
186.409: [GC [PSYoungGen: 103888K->11968K(107520K)] 294389K->202469K(352256K), 0.0045510 secs] [Times: user=0.03 sys=0.00, real=0.00 secs] 
186.414: Total time for which application threads were stopped: 0.0047350 seconds, Stopping threads took: 0.0000720 seconds
186.450: Application time: 0.0363430 seconds
186.450: [GC [PSYoungGen: 104640K->7408K(107520K)] 295141K->197909K(352256K), 0.0030260 secs] [Times: user=0.02 sys=0.00, real=0.00 secs] 
186.453: Total time for which application threads were stopped: 0.0032260 seconds, Stopping threads took: 0.0000990 seconds
186.491: Application time: 0.0377710 seconds
186.491: [GC [PSYoungGen: 100080K->7488K(107520K)] 290581K->197989K(352256K), 0.0031110 secs] [Times: user=0.02 sys=0.00, real=0.01 secs] 
186.495: Total time for which application threads were stopped: 0.0033090 seconds, Stopping threads took: 0.0000730 seconds
186.527: Application time: 0.0328000 seconds
186.527: [GC [PSYoungGen: 100160K->7792K(107520K)] 290661K->198293K(352256K), 0.0034380 secs] [Times: user=0.02 sys=0.00, real=0.00 secs] 
186.531: Total time for which application threads were stopped: 0.0036110 seconds, Stopping threads took: 0.0000690 seconds
186.558: Application time: 0.0274810 seconds
186.559: [GC [PSYoungGen: 100464K->7952K(107520K)] 290965K->198453K(352256K), 0.0032340 secs] [Times: user=0.03 sys=0.00, real=0.00 secs] 
186.562: Total time for which application threads were stopped: 0.0034490 seconds, Stopping threads took: 0.0001010 seconds
186.584: Application time: 0.0220490 seconds
186.584: [GC [PSYoungGen: 100624K->7840K(107520K)] 291125K->198341K(352256K), 0.0031770 secs] [Times: user=0.02 sys=0.00, real=0.01 secs] 
186.587: Total time for which application threads were stopped: 0.0033630 seconds, Stopping threads took: 0.0000830 seconds
186.611: Application time: 0.0237240 seconds
186.611: [GC [PSYoungGen: 100512K->11200K(107520K)] 291013K->201701K(352256K), 0.0045100 secs] [Times: user=0.03 sys=0.00, real=0.01 secs] 
186.616: Total time for which application threads were stopped: 0.0046900 seconds, Stopping threads took: 0.0000780 seconds
186.649: Application time: 0.0328270 seconds
186.649: [GC [PSYoungGen: 103872K->9776K(107520K)] 294373K->200277K(352256K), 0.0039000 secs] [Times: user=0.03 sys=0.00, real=0.00 secs] 
186.653: Total time for which application threads were stopped: 0.0040980 seconds, Stopping threads took: 0.0000930 seconds
186.689: Application time: 0.0360180 seconds
186.689: [GC [PSYoungGen: 102448K->8368K(107520K)] 292949K->198869K(352256K), 0.0034880 secs] [Times: user=0.02 sys=0.00, real=0.00 secs] 
186.692: Total time for which application threads were stopped: 0.0036890 seconds, Stopping threads took: 0.0000930 seconds
186.730: Application time: 0.0379590 seconds
186.730: [GC [PSYoungGen: 101040K->8016K(107520K)] 291541K->198517K(352256K), 0.0032460 secs] [Times: user=0.02 sys=0.00, real=0.00 secs] 
186.734: Total time for which application threads were stopped: 0.0034500 seconds, Stopping threads took: 0.0000930 seconds
186.766: Application time: 0.0324150 seconds
186.766: [GC [PSYoungGen: 100688K->7664K(107520K)] 291189K->198165K(352256K), 0.0034220 secs] [Times: user=0.02 sys=0.00, real=0.00 secs] 
186.770: Total time for which application threads were stopped: 0.0035950 seconds, Stopping threads took: 0.0000720 seconds
186.800: Application time: 0.0301820 seconds
186.800: [GC [PSYoungGen: 100336K->7808K(107520K)] 290837K->198309K(352256K), 0.0032270 secs] [Times: user=0.02 sys=0.00, real=0.00 secs] 
186.803: Total time for which application threads were stopped: 0.0034310 seconds, Stopping threads took: 0.0000990 seconds
186.827: Application time: 0.0239280 seconds
186.828: [GC [PSYoungGen: 100480K->8000K(107520K)] 290981K->198501K(352256K), 0.0032840 secs] [Times: user=0.02 sys=0.00, real=0.00 secs] 
186.831: Total time for which application threads were stopped: 0.0034770 seconds, Stopping threads took: 0.0000900 seconds
186.856: Application time: 0.0249820 seconds
186.856: [GC [PSYoungGen: 100672K->8080K(107520K)] 291173K->198581K(352256K), 0.0032190 secs] [Times: user=0.03 sys=0.00, real=0.00 secs] 
186.859: Total time for which application threads were stopped: 0.0033730 seconds, Stopping threads took: 0.0000520 seconds
186.886: Application time: 0.0268380 seconds
186.890: [GC [PSYoungGen: 100752K->10144K(107520K)] 291253K->200645K(352256K), 0.0039780 secs] [Times: user=0.03 sys=0.00, real=0.01 secs] 
186.894: Total time for which application threads were stopped: 0.0079750 seconds, Stopping threads took: 0.0038920 seconds
186.931: Application time: 0.0366550 seconds
186.931: [GC [PSYoungGen: 102816K->9168K(107520K)] 293317K->199669K(352256K), 0.0037000 secs] [Times: user=0.03 sys=0.00, real=0.01 secs] 
186.935: Total time for which application threads were stopped: 0.0038990 seconds, Stopping threads took: 0.0000980 seconds
186.972: Application time: 0.0371150 seconds
186.972: [GC [PSYoungGen: 101840K->7792K(107520K)] 292341K->198293K(352256K), 0.0032500 secs] [Times: user=0.02 sys=0.00, real=0.01 secs] 
186.975: Total time for which application threads were stopped: 0.0034370 seconds, Stopping threads took: 0.0000860 seconds
187.010: Application time: 0.0350070 seconds
187.010: [GC [PSYoungGen: 100464K->7984K(107520K)] 290965K->198485K(352256K), 0.0033580 secs] [Times: user=0.03 sys=0.00, real=0.00 secs] 
187.014: Total time for which application threads were stopped: 0.0035620 seconds, Stopping threads took: 0.0000840 seconds
187.047: Application time: 0.0333160 seconds
187.047: [GC [PSYoungGen: 100656K->7824K(107520K)] 291157K->198489K(352256K), 0.0031950 secs] [Times: user=0.01 sys=0.00, real=0.00 secs] 
187.050: Total time for which application threads were stopped: 0.0033890 seconds, Stopping threads took: 0.0000900 seconds
187.075: Application time: 0.0250730 seconds
187.076: [GC [PSYoungGen: 100496K->7824K(107520K)] 291161K->198601K(352256K), 0.0032820 secs] [Times: user=0.03 sys=0.00, real=0.00 secs] 
187.079: Total time for which application threads were stopped: 0.0034450 seconds, Stopping threads took: 0.0000610 seconds
187.103: Application time: 0.0242150 seconds
187.106: [GC [PSYoungGen: 100496K->7744K(107520K)] 291273K->198569K(352256K), 0.0031420 secs] [Times: user=0.02 sys=0.00, real=0.00 secs] 
187.109: Total time for which application threads were stopped: 0.0060430 seconds, Stopping threads took: 0.0028010 seconds
187.137: Application time: 0.0278670 seconds
187.137: [GC [PSYoungGen: 100416K->11600K(107520K)] 291241K->202425K(352256K), 0.0046320 secs] [Times: user=0.03 sys=0.00, real=0.00 secs] 
187.142: Total time for which application threads were stopped: 0.0048320 seconds, Stopping threads took: 0.0000860 seconds
187.171: Application time: 0.0292310 seconds
187.171: [GC [PSYoungGen: 104272K->11168K(107520K)] 295097K->201993K(352256K), 0.0045900 secs] [Times: user=0.04 sys=0.00, real=0.01 secs] 
187.176: Total time for which application threads were stopped: 0.0047590 seconds, Stopping threads took: 0.0000670 seconds
187.215: Application time: 0.0388520 seconds
187.215: [GC [PSYoungGen: 103840K->7952K(107520K)] 294665K->198785K(352256K), 0.0031910 secs] [Times: user=0.02 sys=0.00, real=0.00 secs] 
187.218: Total time for which application threads were stopped: 0.0033730 seconds, Stopping threads took: 0.0000820 seconds
187.255: Application time: 0.0364440 seconds
187.255: [GC [PSYoungGen: 100624K->7552K(107520K)] 291457K->198385K(352256K), 0.0031220 secs] [Times: user=0.02 sys=0.00, real=0.00 secs] 
187.258: Total time for which application threads were stopped: 0.0033260 seconds, Stopping threads took: 0.0000950 seconds
187.289: Application time: 0.0315670 seconds
187.290: [GC [PSYoungGen: 100224K->7664K(107520K)] 291057K->198497K(352256K), 0.0031170 secs] [Times: user=0.02 sys=0.00, real=0.00 secs] 
187.293: Total time for which application threads were stopped: 0.0033020 seconds, Stopping threads took: 0.0000770 seconds
187.324: Application time: 0.0314600 seconds
187.324: [GC [PSYoungGen: 100336K->7712K(107520K)] 291169K->198545K(352256K), 0.0031080 secs] [Times: user=0.02 sys=0.00, real=0.01 secs] 
187.328: Total time for which application threads were stopped: 0.0032960 seconds, Stopping threads took: 0.0000820 seconds
187.349: Application time: 0.0213810 seconds
187.349: [GC [PSYoungGen: 100384K->7952K(107520K)] 291217K->198785K(352256K), 0.0031920 secs] [Times: user=0.03 sys=0.00, real=0.00 secs] 
187.352: Total time for which application threads were stopped: 0.0033850 seconds, Stopping threads took: 0.0000870 seconds
187.377: Application time: 0.0242910 seconds
187.377: [GC [PSYoungGen: 100624K->8688K(107520K)] 291457K->199521K(352256K), 0.0034350 secs] [Times: user=0.02 sys=0.00, real=0.00 secs] 
187.380: Total time for which application threads were stopped: 0.0035900 seconds, Stopping threads took: 0.0000550 seconds
187.413: Application time: 0.0329970 seconds
187.414: [GC [PSYoungGen: 101360K->9952K(107520K)] 292193K->200785K(352256K), 0.0037390 secs] [Times: user=0.02 sys=0.00, real=0.00 secs] 
187.418: Total time for which application threads were stopped: 0.0046240 seconds, Stopping threads took: 0.0007820 seconds
187.451: Application time: 0.0327010 seconds
187.451: [GC [PSYoungGen: 102624K->8720K(107520K)] 293457K->199553K(352256K), 0.0034580 secs] [Times: user=0.03 sys=0.00, real=0.01 secs] 
187.454: Total time for which application threads were stopped: 0.0036590 seconds, Stopping threads took: 0.0000980 seconds
187.493: Application time: 0.0392220 seconds
187.494: [GC [PSYoungGen: 101392K->7840K(107520K)] 292225K->198673K(352256K), 0.0032160 secs] [Times: user=0.02 sys=0.00, real=0.01 secs] 
187.497: Total time for which application threads were stopped: 0.0033940 seconds, Stopping threads took: 0.0000760 seconds
187.529: Application time: 0.0326460 seconds
187.534: [GC [PSYoungGen: 100512K->7936K(107520K)] 291345K->198769K(352256K), 0.0032750 secs] [Times: user=0.02 sys=0.00, real=0.00 secs] 
187.537: Total time for which application threads were stopped: 0.0078980 seconds, Stopping threads took: 0.0045050 seconds
187.570: Application time: 0.0322840 seconds
187.570: [GC [PSYoungGen: 100608K->7984K(107520K)] 291441K->198817K(352256K), 0.0033250 secs] [Times: user=0.02 sys=0.00, real=0.00 secs] 
187.573: Total time for which application threads were stopped: 0.0035280 seconds, Stopping threads took: 0.0001020 seconds
187.598: Application time: 0.0244020 seconds
187.598: [GC [PSYoungGen: 100656K->7920K(107520K)] 291489K->198753K(352256K), 0.0032200 secs] [Times: user=0.02 sys=0.00, real=0.00 secs] 
187.601: Total time for which application threads were stopped: 0.0034000 seconds, Stopping threads took: 0.0000780 seconds
187.623: Application time: 0.0222680 seconds
187.623: [GC [PSYoungGen: 100592K->7808K(107520K)] 291425K->198641K(352256K), 0.0034160 secs] [Times: user=0.02 sys=0.00, real=0.01 secs] 
187.627: Total time for which application threads were stopped: 0.0036040 seconds, Stopping threads took: 0.0000880 seconds
187.656: Application time: 0.0294860 seconds
187.656: [GC [PSYoungGen: 100480K->13776K(107520K)] 291313K->204609K(352256K), 0.0053880 secs] [Times: user=0.03 sys=0.01, real=0.00 secs] 
187.662: Total time for which application threads were stopped: 0.0055860 seconds, Stopping threads took: 0.0000890 seconds
187.694: Application time: 0.0316240 seconds
187.694: [GC [PSYoungGen: 106448K->10496K(107520K)] 297281K->201329K(352256K), 0.0041140 secs] [Times: user=0.03 sys=0.00, real=0.01 secs] 
187.698: Total time for which application threads were stopped: 0.0042940 seconds, Stopping threads took: 0.0000760 seconds
187.737: Application time: 0.0388170 seconds
187.737: [GC [PSYoungGen: 103168K->8144K(107520K)] 294001K->198977K(352256K), 0.0036340 secs] [Times: user=0.02 sys=0.00, real=0.00 secs] 
187.740: Total time for which application threads were stopped: 0.0038220 seconds, Stopping threads took: 0.0000860 seconds
187.777: Application time: 0.0362730 seconds
187.777: [GC [PSYoungGen: 100816K->7936K(107520K)] 291649K->198769K(352256K), 0.0032770 secs] [Times: user=0.03 sys=0.00, real=0.00 secs] 
187.780: Total time for which application threads were stopped: 0.0034730 seconds, Stopping threads took: 0.0000970 seconds
187.811: Application time: 0.0303720 seconds
187.811: [GC [PSYoungGen: 100608K->7728K(107520K)] 291441K->198749K(352256K), 0.0033510 secs] [Times: user=0.02 sys=0.00, real=0.01 secs] 
187.814: Total time for which application threads were stopped: 0.0035500 seconds, Stopping threads took: 0.0000950 seconds
187.843: Application time: 0.0288520 seconds
187.846: [GC [PSYoungGen: 100400K->7616K(107520K)] 291421K->198733K(352256K), 0.0032140 secs] [Times: user=0.02 sys=0.00, real=0.00 secs] 
187.849: Total time for which application threads were stopped: 0.0062160 seconds, Stopping threads took: 0.0029010 seconds
187.870: Application time: 0.0208840 seconds
187.870: [GC [PSYoungGen: 100288K->7888K(107520K)] 291405K->199053K(352256K), 0.0031920 secs] [Times: user=0.02 sys=0.00, real=0.00 secs] 
187.873: Total time for which application threads were stopped: 0.0033700 seconds, Stopping threads took: 0.0000760 seconds
187.900: Application time: 0.0268520 seconds
187.900: [GC [PSYoungGen: 100560K->11184K(107520K)] 291725K->202349K(352256K), 0.0043780 secs] [Times: user=0.03 sys=0.00, real=0.00 secs] 
187.905: Total time for which application threads were stopped: 0.0045700 seconds, Stopping threads took: 0.0000900 seconds
187.938: Application time: 0.0328090 seconds
187.942: [GC [PSYoungGen: 103856K->10192K(107520K)] 295021K->201357K(352256K), 0.0039890 secs] [Times: user=0.03 sys=0.00, real=0.01 secs] 
187.946: Total time for which application threads were stopped: 0.0082770 seconds, Stopping threads took: 0.0041850 seconds
187.981: Application time: 0.0347900 seconds
187.981: [GC [PSYoungGen: 102864K->10048K(107520K)] 294029K->201213K(352256K), 0.0040700 secs] [Times: user=0.03 sys=0.00, real=0.00 secs] 
187.985: Total time for which application threads were stopped: 0.0042540 seconds, Stopping threads took: 0.0000800 seconds
188.024: Application time: 0.0389950 seconds
188.024: [GC [PSYoungGen: 102720K->7664K(107520K)] 293885K->198829K(352256K), 0.0034360 secs] [Times: user=0.02 sys=0.00, real=0.01 secs] 
188.028: Total time for which application threads were stopped: 0.0036290 seconds, Stopping threads took: 0.0000920 seconds
188.058: Application time: 0.0304210 seconds
188.058: [GC [PSYoungGen: 100336K->7664K(107520K)] 291501K->198829K(352256K), 0.0033730 secs] [Times: user=0.02 sys=0.00, real=0.00 secs] 
188.062: Total time for which application threads were stopped: 0.0035810 seconds, Stopping threads took: 0.0000920 seconds
188.095: Application time: 0.0328670 seconds
188.096: [GC [PSYoungGen: 100336K->7776K(107520K)] 291501K->198941K(352256K), 0.0032110 secs] [Times: user=0.02 sys=0.00, real=0.00 secs] 
188.099: Total time for which application threads were stopped: 0.0045330 seconds, Stopping threads took: 0.0012240 seconds
188.122: Application time: 0.0229130 seconds
188.122: [GC [PSYoungGen: 100448K->7776K(107520K)] 291613K->198941K(352256K), 0.0031200 secs] [Times: user=0.02 sys=0.00, real=0.00 secs] 
188.125: Total time for which application threads were stopped: 0.0033180 seconds, Stopping threads took: 0.0000880 seconds
188.147: Application time: 0.0220870 seconds
188.150: [GC [PSYoungGen: 100448K->7904K(107520K)] 291613K->199069K(352256K), 0.0031180 secs] [Times: user=0.02 sys=0.00, real=0.00 secs] 
188.153: Total time for which application threads were stopped: 0.0057180 seconds, Stopping threads took: 0.0024990 seconds
188.185: Application time: 0.0317600 seconds
188.185: [GC [PSYoungGen: 100576K->14816K(107520K)] 291741K->206491K(352256K), 0.0059980 secs] [Times: user=0.05 sys=0.00, real=0.01 secs] 
188.191: Total time for which application threads were stopped: 0.0061680 seconds, Stopping threads took: 0.0000680 seconds
188.223: Application time: 0.0316540 seconds
188.223: [GC [PSYoungGen: 107488K->10800K(107520K)] 299163K->202475K(352256K), 0.0043410 secs] [Times: user=0.03 sys=0.00, real=0.01 secs] 
188.227: Total time for which application threads were stopped: 0.0045120 seconds, Stopping threads took: 0.0000710 seconds
188.267: Application time: 0.0397720 seconds
188.267: [GC [PSYoungGen: 103472K->8832K(107520K)] 295147K->200507K(352256K), 0.0036260 secs] [Times: user=0.02 sys=0.00, real=0.00 secs] 
188.271: Total time for which application threads were stopped: 0.0038120 seconds, Stopping threads took: 0.0000820 seconds
188.305: Application time: 0.0344510 seconds
188.305: [GC [PSYoungGen: 101504K->8832K(107520K)] 293179K->200507K(352256K), 0.0036370 secs] [Times: user=0.02 sys=0.00, real=0.01 secs] 
188.309: Total time for which application threads were stopped: 0.0038520 seconds, Stopping threads took: 0.0001120 seconds
188.341: Application time: 0.0313940 seconds
188.341: [GC [PSYoungGen: 101504K->8752K(107520K)] 293179K->200427K(352256K), 0.0037290 secs] [Times: user=0.02 sys=0.00, real=0.00 secs] 
188.344: Total time for which application threads were stopped: 0.0039270 seconds, Stopping threads took: 0.0000940 seconds
188.371: Application time: 0.0263880 seconds
188.371: [GC [PSYoungGen: 101424K->9056K(107520K)] 293099K->200731K(352256K), 0.0037140 secs] [Times: user=0.02 sys=0.00, real=0.01 secs] 
188.375: Total time for which application threads were stopped: 0.0039100 seconds, Stopping threads took: 0.0000960 seconds
188.396: Application time: 0.0213560 seconds
188.396: [GC [PSYoungGen: 101728K->8880K(107520K)] 293403K->200555K(352256K), 0.0038560 secs] [Times: user=0.03 sys=0.00, real=0.00 secs] 
188.400: Total time for which application threads were stopped: 0.0040460 seconds, Stopping threads took: 0.0000880 seconds
188.431: Application time: 0.0306600 seconds
188.431: [GC [PSYoungGen: 101552K->11216K(107520K)] 293227K->202891K(352256K), 0.0043930 secs] [Times: user=0.03 sys=0.00, real=0.01 secs] 
188.435: Total time for which application threads were stopped: 0.0046050 seconds, Stopping threads took: 0.0001080 seconds
188.467: Application time: 0.0312950 seconds
188.467: [GC [PSYoungGen: 103888K->8864K(107520K)] 295563K->200539K(352256K), 0.0035830 secs] [Times: user=0.03 sys=0.00, real=0.00 secs] 
188.471: Total time for which application threads were stopped: 0.0037760 seconds, Stopping threads took: 0.0000920 seconds
188.509: Application time: 0.0380670 seconds
188.509: [GC [PSYoungGen: 101536K->8896K(107520K)] 293211K->200571K(352256K), 0.0036480 secs] [Times: user=0.03 sys=0.00, real=0.00 secs] 
188.512: Total time for which application threads were stopped: 0.0038660 seconds, Stopping threads took: 0.0001050 seconds
188.550: Application time: 0.0374160 seconds
188.550: [GC [PSYoungGen: 101568K->8912K(107520K)] 293243K->200587K(352256K), 0.0035580 secs] [Times: user=0.02 sys=0.00, real=0.00 secs] 
188.554: Total time for which application threads were stopped: 0.0037670 seconds, Stopping threads took: 0.0001040 seconds
188.583: Application time: 0.0297550 seconds
188.586: [GC [PSYoungGen: 101584K->8768K(107520K)] 293259K->200523K(352256K), 0.0036790 secs] [Times: user=0.03 sys=0.00, real=0.00 secs] 
188.590: Total time for which application threads were stopped: 0.0063490 seconds, Stopping threads took: 0.0025400 seconds
188.620: Application time: 0.0302130 seconds
188.620: [GC [PSYoungGen: 101440K->8672K(107520K)] 293195K->200579K(352256K), 0.0038480 secs] [Times: user=0.03 sys=0.00, real=0.00 secs] 
188.624: Total time for which application threads were stopped: 0.0040250 seconds, Stopping threads took: 0.0000730 seconds
188.646: Application time: 0.0223910 seconds
188.647: [GC [PSYoungGen: 101344K->8496K(107520K)] 293251K->200499K(352256K), 0.0040790 secs] [Times: user=0.02 sys=0.00, real=0.00 secs] 
188.651: Total time for which application threads were stopped: 0.0042670 seconds, Stopping threads took: 0.0000830 seconds
188.674: Application time: 0.0238580 seconds
188.675: [GC [PSYoungGen: 101168K->10432K(107520K)] 293171K->202435K(352256K), 0.0043860 secs] [Times: user=0.03 sys=0.00, real=0.00 secs] 
188.679: Total time for which application threads were stopped: 0.0046150 seconds, Stopping threads took: 0.0001250 seconds
188.711: Application time: 0.0317350 seconds
188.711: [GC [PSYoungGen: 103104K->12448K(107520K)] 295107K->205443K(352256K), 0.0052290 secs] [Times: user=0.04 sys=0.00, real=0.01 secs] 
188.716: Total time for which application threads were stopped: 0.0054230 seconds, Stopping threads took: 0.0000910 seconds
188.751: Application time: 0.0343230 seconds
188.751: [GC [PSYoungGen: 105120K->10064K(107520K)] 298115K->203067K(352256K), 0.0040600 secs] [Times: user=0.03 sys=0.00, real=0.01 secs] 
188.755: Total time for which application threads were stopped: 0.0042520 seconds, Stopping threads took: 0.0000900 seconds
188.793: Application time: 0.0384850 seconds
188.793: [GC [PSYoungGen: 102736K->7456K(107520K)] 295739K->200459K(352256K), 0.0031640 secs] [Times: user=0.03 sys=0.00, real=0.01 secs] 
188.797: Total time for which application threads were stopped: 0.0033560 seconds, Stopping threads took: 0.0000900 seconds
188.830: Application time: 0.0333940 seconds
188.830: [GC [PSYoungGen: 100128K->7680K(107520K)] 293131K->200683K(352256K), 0.0032560 secs] [Times: user=0.03 sys=0.00, real=0.00 secs] 
188.834: Total time for which application threads were stopped: 0.0034570 seconds, Stopping threads took: 0.0001000 seconds
188.865: Application time: 0.0312920 seconds
188.865: [GC [PSYoungGen: 100352K->7888K(107520K)] 293355K->200891K(352256K), 0.0032800 secs] [Times: user=0.02 sys=0.00, real=0.01 secs] 
188.868: Total time for which application threads were stopped: 0.0034960 seconds, Stopping threads took: 0.0001130 seconds
188.893: Application time: 0.0242440 seconds
188.893: [GC [PSYoungGen: 100560K->7984K(107520K)] 293563K->200987K(352256K), 0.0032180 secs] [Times: user=0.02 sys=0.00, real=0.01 secs] 
188.896: Total time for which application threads were stopped: 0.0034260 seconds, Stopping threads took: 0.0001060 seconds
188.917: Application time: 0.0213750 seconds
188.918: [GC [PSYoungGen: 100656K->7888K(107520K)] 293659K->200891K(352256K), 0.0032040 secs] [Times: user=0.02 sys=0.00, real=0.00 secs] 
188.921: Total time for which application threads were stopped: 0.0033820 seconds, Stopping threads took: 0.0000770 seconds
188.949: Application time: 0.0283360 seconds
188.949: [GC [PSYoungGen: 100560K->13696K(107520K)] 293563K->206699K(352256K), 0.0053080 secs] [Times: user=0.03 sys=0.00, real=0.01 secs] 
188.955: Total time for which application threads were stopped: 0.0054920 seconds, Stopping threads took: 0.0000820 seconds
188.989: Application time: 0.0348220 seconds
188.990: [GC [PSYoungGen: 106368K->10128K(107520K)] 299371K->203131K(352256K), 0.0039560 secs] [Times: user=0.03 sys=0.00, real=0.00 secs] 
188.994: Total time for which application threads were stopped: 0.0041240 seconds, Stopping threads took: 0.0000660 seconds
189.032: Application time: 0.0379950 seconds
189.032: [GC [PSYoungGen: 102800K->7936K(107520K)] 295803K->200939K(352256K), 0.0031810 secs] [Times: user=0.02 sys=0.00, real=0.01 secs] 
189.035: Total time for which application threads were stopped: 0.0033580 seconds, Stopping threads took: 0.0000750 seconds
189.072: Application time: 0.0369170 seconds
189.072: [GC [PSYoungGen: 100608K->7776K(107520K)] 293611K->200779K(352256K), 0.0031360 secs] [Times: user=0.02 sys=0.00, real=0.01 secs] 
189.075: Total time for which application threads were stopped: 0.0033210 seconds, Stopping threads took: 0.0000810 seconds
189.105: Application time: 0.0300950 seconds
189.105: [GC [PSYoungGen: 100448K->7776K(107520K)] 293451K->200779K(352256K), 0.0031700 secs] [Times: user=0.02 sys=0.00, real=0.01 secs] 
189.109: Total time for which application threads were stopped: 0.0033830 seconds, Stopping threads took: 0.0000910 seconds
189.137: Application time: 0.0287530 seconds
189.138: [GC [PSYoungGen: 100448K->7984K(107520K)] 293451K->200987K(352256K), 0.0031880 secs] [Times: user=0.02 sys=0.00, real=0.00 secs] 
189.141: Total time for which application threads were stopped: 0.0033590 seconds, Stopping threads took: 0.0000670 seconds
189.162: Application time: 0.0207620 seconds
189.162: [GC [PSYoungGen: 100656K->8032K(107520K)] 293659K->201035K(352256K), 0.0032480 secs] [Times: user=0.02 sys=0.00, real=0.00 secs] 
189.165: Total time for which application threads were stopped: 0.0034610 seconds, Stopping threads took: 0.0000990 seconds
189.192: Application time: 0.0266430 seconds
189.194: [GC [PSYoungGen: 100704K->11744K(107520K)] 293707K->204747K(352256K), 0.0045570 secs] [Times: user=0.04 sys=0.00, real=0.00 secs] 
189.199: Total time for which application threads were stopped: 0.0069250 seconds, Stopping threads took: 0.0022660 seconds
189.232: Application time: 0.0335960 seconds
189.232: [GC [PSYoungGen: 104416K->9104K(107520K)] 297419K->202107K(352256K), 0.0036460 secs] [Times: user=0.02 sys=0.00, real=0.01 secs] 
189.236: Total time for which application threads were stopped: 0.0038540 seconds, Stopping threads took: 0.0001050 seconds
189.272: Application time: 0.0359650 seconds
189.272: [GC [PSYoungGen: 101776K->7856K(107520K)] 294779K->200859K(352256K), 0.0032310 secs] [Times: user=0.02 sys=0.00, real=0.01 secs] 
189.275: Total time for which application threads were stopped: 0.0034290 seconds, Stopping threads took: 0.0000930 seconds
189.314: Application time: 0.0387050 seconds
189.314: [GC [PSYoungGen: 100528K->7856K(107520K)] 293531K->200859K(352256K), 0.0034470 secs] [Times: user=0.01 sys=0.00, real=0.00 secs] 
189.318: Total time for which application threads were stopped: 0.0036510 seconds, Stopping threads took: 0.0001000 seconds
189.347: Application time: 0.0291660 seconds
189.347: [GC [PSYoungGen: 100528K->7760K(107520K)] 293531K->200835K(352256K), 0.0034250 secs] [Times: user=0.02 sys=0.00, real=0.00 secs] 
189.351: Total time for which application threads were stopped: 0.0036290 seconds, Stopping threads took: 0.0001000 seconds
189.383: Application time: 0.0325280 seconds
189.386: [GC [PSYoungGen: 100432K->7552K(107520K)] 293507K->200784K(352256K), 0.0032700 secs] [Times: user=0.02 sys=0.00, real=0.00 secs] 
189.389: Total time for which application threads were stopped: 0.0061670 seconds, Stopping threads took: 0.0027980 seconds
189.412: Application time: 0.0225060 seconds
189.412: [GC [PSYoungGen: 100224K->7808K(107520K)] 293456K->201135K(352256K), 0.0032560 secs] [Times: user=0.02 sys=0.00, real=0.01 secs] 
189.415: Total time for which application threads were stopped: 0.0034100 seconds, Stopping threads took: 0.0000490 seconds
189.437: Application time: 0.0222090 seconds
189.438: [GC [PSYoungGen: 100480K->8016K(107520K)] 293807K->201344K(352256K), 0.0031190 secs] [Times: user=0.02 sys=0.00, real=0.00 secs] 
189.441: Total time for which application threads were stopped: 0.0032810 seconds, Stopping threads took: 0.0000590 seconds
189.473: Application time: 0.0324470 seconds
189.473: [GC [PSYoungGen: 100688K->11008K(107520K)] 294016K->204336K(352256K), 0.0043180 secs] [Times: user=0.03 sys=0.00, real=0.01 secs] 
189.478: Total time for which application threads were stopped: 0.0044960 seconds, Stopping threads took: 0.0000740 seconds
189.510: Application time: 0.0323670 seconds
189.510: [GC [PSYoungGen: 103680K->11584K(107520K)] 297008K->204920K(352256K), 0.0047640 secs] [Times: user=0.03 sys=0.00, real=0.01 secs] 
189.515: Total time for which application threads were stopped: 0.0049500 seconds, Stopping threads took: 0.0000860 seconds
189.554: Application time: 0.0391860 seconds
189.554: [GC [PSYoungGen: 104256K->7568K(107520K)] 297592K->200904K(352256K), 0.0032430 secs] [Times: user=0.03 sys=0.00, real=0.00 secs] 
189.558: Total time for which application threads were stopped: 0.0034250 seconds, Stopping threads took: 0.0000790 seconds
189.592: Application time: 0.0348910 seconds
189.593: [GC [PSYoungGen: 100240K->7808K(107520K)] 293576K->201144K(352256K), 0.0031480 secs] [Times: user=0.02 sys=0.00, real=0.01 secs] 
189.596: Total time for which application threads were stopped: 0.0033470 seconds, Stopping threads took: 0.0000980 seconds
189.627: Application time: 0.0314250 seconds
189.627: [GC [PSYoungGen: 100480K->7904K(107520K)] 293816K->201240K(352256K), 0.0033160 secs] [Times: user=0.02 sys=0.00, real=0.00 secs] 
189.631: Total time for which application threads were stopped: 0.0035180 seconds, Stopping threads took: 0.0000850 seconds
189.656: Application time: 0.0257060 seconds
189.658: [GC [PSYoungGen: 100576K->8112K(107520K)] 293912K->201448K(352256K), 0.0033210 secs] [Times: user=0.02 sys=0.00, real=0.00 secs] 
189.661: Total time for which application threads were stopped: 0.0048890 seconds, Stopping threads took: 0.0014670 seconds
189.682: Application time: 0.0205710 seconds
189.682: [GC [PSYoungGen: 100784K->8096K(107520K)] 294120K->201432K(352256K), 0.0032910 secs] [Times: user=0.03 sys=0.00, real=0.00 secs] 
189.685: Total time for which application threads were stopped: 0.0034830 seconds, Stopping threads took: 0.0000920 seconds
189.714: Application time: 0.0286190 seconds
189.714: [GC [PSYoungGen: 100768K->14816K(107520K)] 294104K->208576K(352256K), 0.0060260 secs] [Times: user=0.05 sys=0.00, real=0.00 secs] 
189.720: Total time for which application threads were stopped: 0.0061980 seconds, Stopping threads took: 0.0000700 seconds
189.754: Application time: 0.0336910 seconds
189.754: [GC [PSYoungGen: 107488K->10448K(107520K)] 301248K->204208K(352256K), 0.0041770 secs] [Times: user=0.02 sys=0.01, real=0.00 secs] 
189.758: Total time for which application threads were stopped: 0.0043660 seconds, Stopping threads took: 0.0000870 seconds
189.795: Application time: 0.0371000 seconds
189.796: [GC [PSYoungGen: 103120K->10304K(107520K)] 296880K->204064K(352256K), 0.0043840 secs] [Times: user=0.03 sys=0.00, real=0.00 secs] 
189.800: Total time for which application threads were stopped: 0.0045830 seconds, Stopping threads took: 0.0000960 seconds
189.839: Application time: 0.0388540 seconds
189.839: [GC [PSYoungGen: 102976K->10240K(107520K)] 296736K->204000K(352256K), 0.0041620 secs] [Times: user=0.03 sys=0.00, real=0.00 secs] 
189.843: Total time for which application threads were stopped: 0.0043650 seconds, Stopping threads took: 0.0001000 seconds
189.871: Application time: 0.0281890 seconds
189.872: [GC [PSYoungGen: 102912K->10080K(107520K)] 296672K->203840K(352256K), 0.0041210 secs] [Times: user=0.03 sys=0.00, real=0.01 secs] 
189.876: Total time for which application threads were stopped: 0.0043110 seconds, Stopping threads took: 0.0000860 seconds
189.907: Application time: 0.0308710 seconds
189.907: [GC [PSYoungGen: 102752K->10224K(107520K)] 296512K->203984K(352256K), 0.0041600 secs] [Times: user=0.03 sys=0.00, real=0.00 secs] 
189.911: Total time for which application threads were stopped: 0.0043480 seconds, Stopping threads took: 0.0000840 seconds
189.932: Application time: 0.0212240 seconds
189.932: [GC [PSYoungGen: 102896K->10432K(107520K)] 296656K->204192K(352256K), 0.0041920 secs] [Times: user=0.03 sys=0.00, real=0.01 secs] 
189.937: Total time for which application threads were stopped: 0.0043860 seconds, Stopping threads took: 0.0000910 seconds
189.961: Application time: 0.0246450 seconds
189.961: [GC [PSYoungGen: 103104K->10144K(107520K)] 296864K->203904K(352256K), 0.0040350 secs] [Times: user=0.03 sys=0.00, real=0.00 secs] 
189.965: Total time for which application threads were stopped: 0.0042310 seconds, Stopping threads took: 0.0000860 seconds
190.001: Application time: 0.0358010 seconds
190.001: [GC [PSYoungGen: 102816K->11248K(107520K)] 296576K->205008K(352256K), 0.0049300 secs] [Times: user=0.04 sys=0.00, real=0.01 secs] 
190.006: Total time for which application threads were stopped: 0.0051230 seconds, Stopping threads took: 0.0000840 seconds
190.042: Application time: 0.0356580 seconds
190.042: [GC [PSYoungGen: 103920K->12480K(107520K)] 297680K->206240K(352256K), 0.0049770 secs] [Times: user=0.03 sys=0.00, real=0.01 secs] 
190.047: Total time for which application threads were stopped: 0.0051800 seconds, Stopping threads took: 0.0000980 seconds
190.087: Application time: 0.0397690 seconds
190.087: [GC [PSYoungGen: 105152K->10272K(107520K)] 298912K->204032K(352256K), 0.0043620 secs] [Times: user=0.03 sys=0.00, real=0.00 secs] 
190.092: Total time for which application threads were stopped: 0.0045770 seconds, Stopping threads took: 0.0001070 seconds
190.122: Application time: 0.0307010 seconds
190.122: [GC [PSYoungGen: 102944K->10352K(107520K)] 296704K->204168K(352256K), 0.0042030 secs] [Times: user=0.03 sys=0.00, real=0.01 secs] 
190.127: Total time for which application threads were stopped: 0.0043830 seconds, Stopping threads took: 0.0000780 seconds
190.160: Application time: 0.0329640 seconds
190.160: [GC [PSYoungGen: 103024K->10224K(107520K)] 296840K->204212K(352256K), 0.0042630 secs] [Times: user=0.03 sys=0.00, real=0.00 secs] 
190.164: Total time for which application threads were stopped: 0.0044780 seconds, Stopping threads took: 0.0000920 seconds
190.188: Application time: 0.0239890 seconds
190.188: [GC [PSYoungGen: 102896K->9968K(107520K)] 296884K->204040K(352256K), 0.0041110 secs] [Times: user=0.03 sys=0.00, real=0.00 secs] 
190.192: Total time for which application threads were stopped: 0.0042890 seconds, Stopping threads took: 0.0000780 seconds
190.213: Application time: 0.0209450 seconds
190.213: [GC [PSYoungGen: 102640K->10240K(107520K)] 296712K->204312K(352256K), 0.0040790 secs] [Times: user=0.03 sys=0.00, real=0.01 secs] 
190.218: Total time for which application threads were stopped: 0.0042840 seconds, Stopping threads took: 0.0001010 seconds
190.247: Application time: 0.0295730 seconds
190.247: [GC [PSYoungGen: 102912K->14832K(107520K)] 296984K->211606K(352256K), 0.0071360 secs] [Times: user=0.04 sys=0.00, real=0.01 secs] 
190.255: Total time for which application threads were stopped: 0.0073120 seconds, Stopping threads took: 0.0000730 seconds
190.289: Application time: 0.0347460 seconds
190.289: [GC [PSYoungGen: 107504K->14704K(107520K)] 304278K->211478K(352256K), 0.0057680 secs] [Times: user=0.04 sys=0.00, real=0.01 secs] 
190.295: Total time for which application threads were stopped: 0.0059510 seconds, Stopping threads took: 0.0000790 seconds
190.334: Application time: 0.0385560 seconds
190.334: [GC [PSYoungGen: 107376K->11200K(107520K)] 304150K->207982K(352256K), 0.0044960 secs] [Times: user=0.03 sys=0.00, real=0.00 secs] 
190.338: Total time for which application threads were stopped: 0.0047130 seconds, Stopping threads took: 0.0001040 seconds
190.376: Application time: 0.0374220 seconds
190.376: [GC [PSYoungGen: 103872K->11360K(107520K)] 300654K->208142K(352256K), 0.0045370 secs] [Times: user=0.03 sys=0.00, real=0.00 secs] 
190.381: Total time for which application threads were stopped: 0.0047360 seconds, Stopping threads took: 0.0000920 seconds
190.410: Application time: 0.0293000 seconds
190.410: [GC [PSYoungGen: 104032K->11664K(107520K)] 300814K->208446K(352256K), 0.0045840 secs] [Times: user=0.02 sys=0.00, real=0.01 secs] 
190.415: Total time for which application threads were stopped: 0.0047560 seconds, Stopping threads took: 0.0000690 seconds
190.444: Application time: 0.0290100 seconds
190.444: [GC [PSYoungGen: 104336K->11600K(107520K)] 301118K->208382K(352256K), 0.0045790 secs] [Times: user=0.03 sys=0.00, real=0.01 secs] 
190.448: Total time for which application threads were stopped: 0.0047780 seconds, Stopping threads took: 0.0000960 seconds
190.468: Application time: 0.0195430 seconds
190.468: [GC [PSYoungGen: 104272K->11776K(107520K)] 301054K->208558K(352256K), 0.0045810 secs] [Times: user=0.04 sys=0.00, real=0.00 secs] 
190.473: Total time for which application threads were stopped: 0.0047590 seconds, Stopping threads took: 0.0000740 seconds
190.499: Application time: 0.0258220 seconds
190.499: [GC [PSYoungGen: 104448K->12960K(107520K)] 301230K->209742K(352256K), 0.0050180 secs] [Times: user=0.04 sys=0.00, real=0.00 secs] 
190.504: Total time for which application threads were stopped: 0.0052000 seconds, Stopping threads took: 0.0000790 seconds
190.540: Application time: 0.0358350 seconds
190.540: [GC [PSYoungGen: 105632K->14096K(107520K)] 302414K->210878K(352256K), 0.0055840 secs] [Times: user=0.03 sys=0.00, real=0.00 secs] 
190.545: Total time for which application threads were stopped: 0.0057780 seconds, Stopping threads took: 0.0000940 seconds
190.580: Application time: 0.0349240 seconds
190.580: [GC [PSYoungGen: 106768K->11632K(107520K)] 303550K->208414K(352256K), 0.0045110 secs] [Times: user=0.03 sys=0.00, real=0.00 secs] 
190.585: Total time for which application threads were stopped: 0.0046840 seconds, Stopping threads took: 0.0000710 seconds
190.625: Application time: 0.0400990 seconds
190.625: [GC [PSYoungGen: 104304K->11712K(107520K)] 301086K->208494K(352256K), 0.0045150 secs] [Times: user=0.03 sys=0.00, real=0.01 secs] 
190.630: Total time for which application threads were stopped: 0.0046990 seconds, Stopping threads took: 0.0000820 seconds
190.658: Application time: 0.0284570 seconds
190.658: [GC [PSYoungGen: 104384K->11632K(107520K)] 301166K->208414K(352256K), 0.0045560 secs] [Times: user=0.03 sys=0.00, real=0.00 secs] 
190.663: Total time for which application threads were stopped: 0.0047530 seconds, Stopping threads took: 0.0000920 seconds
190.695: Application time: 0.0316050 seconds
190.695: [GC [PSYoungGen: 104304K->11744K(107520K)] 301086K->208526K(352256K), 0.0046680 secs] [Times: user=0.03 sys=0.00, real=0.00 secs] 
190.700: Total time for which application threads were stopped: 0.0048630 seconds, Stopping threads took: 0.0000680 seconds
190.722: Application time: 0.0228690 seconds
190.723: [GC [PSYoungGen: 104416K->11664K(107520K)] 301198K->208446K(352256K), 0.0045870 secs] [Times: user=0.03 sys=0.00, real=0.01 secs] 
190.727: Total time for which application threads were stopped: 0.0047680 seconds, Stopping threads took: 0.0000790 seconds
190.749: Application time: 0.0222600 seconds
190.750: [GC [PSYoungGen: 104336K->11696K(107520K)] 301118K->208478K(352256K), 0.0044400 secs] [Times: user=0.03 sys=0.00, real=0.01 secs] 
190.754: Total time for which application threads were stopped: 0.0045990 seconds, Stopping threads took: 0.0000530 seconds
190.788: Application time: 0.0335320 seconds
190.788: [GC [PSYoungGen: 104368K->13376K(107520K)] 301150K->214015K(352256K), 0.0065030 secs] [Times: user=0.04 sys=0.00, real=0.01 secs] 
190.794: Total time for which application threads were stopped: 0.0066940 seconds, Stopping threads took: 0.0000850 seconds
190.828: Application time: 0.0339140 seconds
190.828: [GC [PSYoungGen: 106048K->8448K(107520K)] 306687K->209087K(352256K), 0.0036220 secs] [Times: user=0.02 sys=0.00, real=0.00 secs] 
190.832: Total time for which application threads were stopped: 0.0038020 seconds, Stopping threads took: 0.0000790 seconds
190.871: Application time: 0.0386660 seconds
190.871: [GC [PSYoungGen: 101120K->7792K(107520K)] 301759K->208432K(352256K), 0.0034880 secs] [Times: user=0.03 sys=0.00, real=0.01 secs] 
190.874: Total time for which application threads were stopped: 0.0036800 seconds, Stopping threads took: 0.0000880 seconds
190.908: Application time: 0.0337770 seconds
190.908: [GC [PSYoungGen: 100464K->7760K(107520K)] 301104K->208399K(352256K), 0.0033480 secs] [Times: user=0.02 sys=0.00, real=0.00 secs] 
190.912: Total time for which application threads were stopped: 0.0035350 seconds, Stopping threads took: 0.0000880 seconds
190.943: Application time: 0.0317240 seconds
190.944: [GC [PSYoungGen: 100432K->7920K(107520K)] 301071K->208764K(352256K), 0.0035840 secs] [Times: user=0.03 sys=0.00, real=0.01 secs] 
190.947: Total time for which application threads were stopped: 0.0037850 seconds, Stopping threads took: 0.0000970 seconds
190.973: Application time: 0.0258900 seconds
190.973: [GC [PSYoungGen: 100592K->7648K(107520K)] 301436K->208572K(352256K), 0.0034260 secs] [Times: user=0.03 sys=0.00, real=0.01 secs] 
190.977: Total time for which application threads were stopped: 0.0036090 seconds, Stopping threads took: 0.0000810 seconds
190.997: Application time: 0.0200380 seconds
190.997: [GC [PSYoungGen: 100320K->7808K(107520K)] 301244K->208732K(352256K), 0.0033850 secs] [Times: user=0.02 sys=0.00, real=0.00 secs] 
191.000: Total time for which application threads were stopped: 0.0035560 seconds, Stopping threads took: 0.0000720 seconds
191.028: Application time: 0.0275980 seconds
191.028: [GC [PSYoungGen: 100480K->13408K(107520K)] 301404K->214332K(352256K), 0.0051550 secs] [Times: user=0.03 sys=0.00, real=0.00 secs] 
191.033: Total time for which application threads were stopped: 0.0053280 seconds, Stopping threads took: 0.0000710 seconds
191.069: Application time: 0.0359940 seconds
191.069: [GC [PSYoungGen: 106080K->10656K(107520K)] 307004K->211580K(352256K), 0.0041830 secs] [Times: user=0.03 sys=0.00, real=0.00 secs] 
191.074: Total time for which application threads were stopped: 0.0043740 seconds, Stopping threads took: 0.0000890 seconds
191.110: Application time: 0.0366790 seconds
191.110: [GC [PSYoungGen: 103328K->7664K(107520K)] 304252K->208596K(352256K), 0.0032360 secs] [Times: user=0.02 sys=0.00, real=0.00 secs] 
191.114: Total time for which application threads were stopped: 0.0034230 seconds, Stopping threads took: 0.0000860 seconds
191.153: Application time: 0.0393010 seconds
191.153: [GC [PSYoungGen: 100336K->7600K(107520K)] 301268K->208532K(352256K), 0.0035410 secs] [Times: user=0.02 sys=0.00, real=0.01 secs] 
191.157: Total time for which application threads were stopped: 0.0037360 seconds, Stopping threads took: 0.0000930 seconds
191.185: Application time: 0.0284110 seconds
191.185: [GC [PSYoungGen: 100272K->7760K(107520K)] 301204K->208692K(352256K), 0.0031820 secs] [Times: user=0.02 sys=0.00, real=0.01 secs] 
191.189: Total time for which application threads were stopped: 0.0033700 seconds, Stopping threads took: 0.0000840 seconds
191.219: Application time: 0.0303090 seconds
191.219: [GC [PSYoungGen: 100432K->8112K(107520K)] 301364K->209044K(352256K), 0.0033510 secs] [Times: user=0.02 sys=0.00, real=0.00 secs] 
191.222: Total time for which application threads were stopped: 0.0035670 seconds, Stopping threads took: 0.0000950 seconds
191.243: Application time: 0.0206540 seconds
191.243: [GC [PSYoungGen: 100784K->7888K(107520K)] 301716K->208820K(352256K), 0.0032910 secs] [Times: user=0.02 sys=0.00, real=0.01 secs] 
191.247: Total time for which application threads were stopped: 0.0034810 seconds, Stopping threads took: 0.0000890 seconds
191.272: Application time: 0.0253460 seconds
191.272: [GC [PSYoungGen: 100560K->7936K(107520K)] 301492K->208868K(352256K), 0.0031830 secs] [Times: user=0.03 sys=0.00, real=0.01 secs] 
191.275: Total time for which application threads were stopped: 0.0033870 seconds, Stopping threads took: 0.0001020 seconds
191.310: Application time: 0.0348080 seconds
191.310: [GC [PSYoungGen: 100608K->9008K(107520K)] 301540K->209940K(352256K), 0.0036000 secs] [Times: user=0.03 sys=0.00, real=0.00 secs] 
191.314: Total time for which application threads were stopped: 0.0037890 seconds, Stopping threads took: 0.0000890 seconds
191.348: Application time: 0.0342510 seconds
191.348: [GC [PSYoungGen: 101680K->8048K(107520K)] 302612K->208980K(352256K), 0.0034200 secs] [Times: user=0.02 sys=0.00, real=0.00 secs] 
191.352: Total time for which application threads were stopped: 0.0036390 seconds, Stopping threads took: 0.0001180 seconds
191.391: Application time: 0.0397300 seconds
191.392: [GC [PSYoungGen: 100720K->7952K(107520K)] 301652K->208884K(352256K), 0.0035950 secs] [Times: user=0.03 sys=0.00, real=0.01 secs] 
191.395: Total time for which application threads were stopped: 0.0037800 seconds, Stopping threads took: 0.0000850 seconds
191.426: Application time: 0.0305440 seconds
191.426: [GC [PSYoungGen: 100624K->7968K(107520K)] 301556K->208900K(352256K), 0.0033240 secs] [Times: user=0.02 sys=0.00, real=0.00 secs] 
191.429: Total time for which application threads were stopped: 0.0035280 seconds, Stopping threads took: 0.0001030 seconds
191.461: Application time: 0.0313540 seconds
191.461: [GC [PSYoungGen: 100640K->7888K(107520K)] 301572K->208820K(352256K), 0.0032490 secs] [Times: user=0.03 sys=0.00, real=0.00 secs] 
191.464: Total time for which application threads were stopped: 0.0034450 seconds, Stopping threads took: 0.0000930 seconds
191.487: Application time: 0.0233270 seconds
191.488: [GC [PSYoungGen: 100560K->7776K(107520K)] 301492K->208708K(352256K), 0.0032230 secs] [Times: user=0.03 sys=0.00, real=0.00 secs] 
191.491: Total time for which application threads were stopped: 0.0033970 seconds, Stopping threads took: 0.0000730 seconds
191.514: Application time: 0.0228580 seconds
191.514: [GC [PSYoungGen: 100448K->8208K(107520K)] 301380K->209140K(352256K), 0.0032060 secs] [Times: user=0.02 sys=0.00, real=0.01 secs] 
191.517: Total time for which application threads were stopped: 0.0033760 seconds, Stopping threads took: 0.0000720 seconds
191.547: Application time: 0.0303530 seconds
191.548: [GC [PSYoungGen: 100880K->14832K(107520K)] 301812K->215820K(352256K), 0.0057540 secs] [Times: user=0.04 sys=0.00, real=0.00 secs] 
191.553: Total time for which application threads were stopped: 0.0059140 seconds, Stopping threads took: 0.0000510 seconds
191.589: Application time: 0.0353340 seconds
191.590: [GC [PSYoungGen: 107504K->12976K(107520K)] 308492K->213964K(352256K), 0.0050940 secs] [Times: user=0.03 sys=0.00, real=0.01 secs] 
191.595: Total time for which application threads were stopped: 0.0064220 seconds, Stopping threads took: 0.0012210 seconds
191.632: Application time: 0.0371490 seconds
191.632: [GC [PSYoungGen: 105648K->10752K(107520K)] 306636K->211740K(352256K), 0.0042000 secs] [Times: user=0.03 sys=0.00, real=0.01 secs] 
191.637: Total time for which application threads were stopped: 0.0044120 seconds, Stopping threads took: 0.0001080 seconds
191.673: Application time: 0.0362150 seconds
191.673: [GC [PSYoungGen: 103424K->10560K(107520K)] 304412K->211548K(352256K), 0.0042550 secs] [Times: user=0.03 sys=0.00, real=0.01 secs] 
191.677: Total time for which application threads were stopped: 0.0044450 seconds, Stopping threads took: 0.0000850 seconds
191.707: Application time: 0.0298910 seconds
191.707: [GC [PSYoungGen: 103232K->10288K(107520K)] 304220K->211472K(352256K), 0.0041520 secs] [Times: user=0.03 sys=0.00, real=0.00 secs] 
191.712: Total time for which application threads were stopped: 0.0043780 seconds, Stopping threads took: 0.0001220 seconds
191.739: Application time: 0.0273920 seconds
191.739: [GC [PSYoungGen: 102960K->10256K(107520K)] 304144K->211520K(352256K), 0.0040850 secs] [Times: user=0.02 sys=0.00, real=0.00 secs] 
191.743: Total time for which application threads were stopped: 0.0042920 seconds, Stopping threads took: 0.0000880 seconds
191.764: Application time: 0.0210200 seconds
191.765: [GC [PSYoungGen: 102928K->10352K(107520K)] 304192K->211616K(352256K), 0.0040720 secs] [Times: user=0.03 sys=0.00, real=0.01 secs] 
191.769: Total time for which application threads were stopped: 0.0042810 seconds, Stopping threads took: 0.0001020 seconds
191.793: Application time: 0.0240480 seconds
191.794: [GC [PSYoungGen: 103024K->14240K(107520K)] 304288K->215504K(352256K), 0.0055970 secs] [Times: user=0.04 sys=0.00, real=0.00 secs] 
191.800: Total time for which application threads were stopped: 0.0069420 seconds, Stopping threads took: 0.0012400 seconds
191.838: Application time: 0.0382470 seconds
191.838: [GC [PSYoungGen: 106912K->13168K(107520K)] 308176K->214432K(352256K), 0.0050390 secs] [Times: user=0.04 sys=0.00, real=0.00 secs] 
191.843: Total time for which application threads were stopped: 0.0052370 seconds, Stopping threads took: 0.0000870 seconds
191.878: Application time: 0.0349740 seconds
191.878: [GC [PSYoungGen: 105840K->10208K(107520K)] 307104K->211480K(352256K), 0.0040590 secs] [Times: user=0.02 sys=0.00, real=0.00 secs] 
191.882: Total time for which application threads were stopped: 0.0042620 seconds, Stopping threads took: 0.0000990 seconds
191.923: Application time: 0.0404800 seconds
191.923: [GC [PSYoungGen: 102880K->10176K(107520K)] 304152K->211448K(352256K), 0.0040810 secs] [Times: user=0.02 sys=0.00, real=0.01 secs] 
191.927: Total time for which application threads were stopped: 0.0042720 seconds, Stopping threads took: 0.0000880 seconds
191.954: Application time: 0.0273160 seconds
191.955: [GC [PSYoungGen: 102848K->10240K(107520K)] 304120K->211512K(352256K), 0.0040380 secs] [Times: user=0.03 sys=0.00, real=0.00 secs] 
191.959: Total time for which application threads were stopped: 0.0042200 seconds, Stopping threads took: 0.0000790 seconds
191.990: Application time: 0.0317250 seconds
191.991: [GC [PSYoungGen: 102912K->10592K(107520K)] 304184K->211864K(352256K), 0.0041070 secs] [Times: user=0.03 sys=0.00, real=0.01 secs] 
191.995: Total time for which application threads were stopped: 0.0043150 seconds, Stopping threads took: 0.0001040 seconds
192.018: Application time: 0.0232850 seconds
192.018: [GC [PSYoungGen: 103264K->10656K(107520K)] 304536K->211928K(352256K), 0.0040690 secs] [Times: user=0.03 sys=0.00, real=0.00 secs] 
192.022: Total time for which application threads were stopped: 0.0042610 seconds, Stopping threads took: 0.0000870 seconds
192.043: Application time: 0.0209260 seconds
192.046: [GC [PSYoungGen: 103328K->10320K(107520K)] 304600K->211592K(352256K), 0.0039210 secs] [Times: user=0.03 sys=0.00, real=0.00 secs] 
192.050: Total time for which application threads were stopped: 0.0067560 seconds, Stopping threads took: 0.0027300 seconds
192.085: Application time: 0.0353380 seconds
192.085: [GC [PSYoungGen: 102992K->12160K(107520K)] 304264K->216076K(352256K), 0.0053940 secs] [Times: user=0.04 sys=0.00, real=0.01 secs] 
192.091: Total time for which application threads were stopped: 0.0056050 seconds, Stopping threads took: 0.0001080 seconds
192.124: Application time: 0.0329600 seconds
192.124: [GC [PSYoungGen: 104832K->8528K(107520K)] 308748K->212508K(352256K), 0.0034490 secs] [Times: user=0.02 sys=0.00, real=0.01 secs] 
192.128: Total time for which application threads were stopped: 0.0036580 seconds, Stopping threads took: 0.0001070 seconds
192.167: Application time: 0.0398220 seconds
192.167: [GC [PSYoungGen: 101200K->7680K(107520K)] 305180K->211660K(352256K), 0.0034820 secs] [Times: user=0.02 sys=0.00, real=0.00 secs] 
192.171: Total time for which application threads were stopped: 0.0036650 seconds, Stopping threads took: 0.0000830 seconds
192.204: Application time: 0.0334120 seconds
192.205: [GC [PSYoungGen: 100352K->7760K(107520K)] 304332K->211740K(352256K), 0.0032700 secs] [Times: user=0.03 sys=0.00, real=0.01 secs] 
192.208: Total time for which application threads were stopped: 0.0034660 seconds, Stopping threads took: 0.0000950 seconds
192.238: Application time: 0.0296250 seconds
192.238: [GC [PSYoungGen: 100432K->7968K(107520K)] 304412K->211948K(352256K), 0.0033250 secs] [Times: user=0.02 sys=0.00, real=0.00 secs] 
192.241: Total time for which application threads were stopped: 0.0035620 seconds, Stopping threads took: 0.0001350 seconds
192.268: Application time: 0.0269780 seconds
192.268: [GC [PSYoungGen: 100640K->7904K(107520K)] 304620K->211884K(352256K), 0.0032530 secs] [Times: user=0.02 sys=0.00, real=0.00 secs] 
192.272: Total time for which application threads were stopped: 0.0034660 seconds, Stopping threads took: 0.0000930 seconds
192.291: Application time: 0.0192020 seconds
192.294: [GC [PSYoungGen: 100576K->7840K(107520K)] 304556K->211820K(352256K), 0.0031550 secs] [Times: user=0.02 sys=0.00, real=0.00 secs] 
192.297: Total time for which application threads were stopped: 0.0064440 seconds, Stopping threads took: 0.0031890 seconds
192.323: Application time: 0.0260900 seconds
192.323: [GC [PSYoungGen: 100512K->12576K(107520K)] 304492K->216556K(352256K), 0.0049150 secs] [Times: user=0.04 sys=0.00, real=0.01 secs] 
192.328: Total time for which application threads were stopped: 0.0050990 seconds, Stopping threads took: 0.0000830 seconds
192.367: Application time: 0.0387910 seconds
192.367: [GC [PSYoungGen: 105248K->10384K(107520K)] 309228K->214364K(352256K), 0.0041170 secs] [Times: user=0.03 sys=0.00, real=0.00 secs] 
192.371: Total time for which application threads were stopped: 0.0043230 seconds, Stopping threads took: 0.0001050 seconds
192.407: Application time: 0.0356950 seconds
192.407: [GC [PSYoungGen: 103056K->8016K(107520K)] 307036K->211996K(352256K), 0.0033950 secs] [Times: user=0.02 sys=0.00, real=0.00 secs] 
192.411: Total time for which application threads were stopped: 0.0035680 seconds, Stopping threads took: 0.0000700 seconds
192.451: Application time: 0.0401410 seconds
192.451: [GC [PSYoungGen: 100688K->7904K(107520K)] 304668K->211884K(352256K), 0.0034140 secs] [Times: user=0.02 sys=0.00, real=0.01 secs] 
192.455: Total time for which application threads were stopped: 0.0036290 seconds, Stopping threads took: 0.0001090 seconds
192.481: Application time: 0.0267060 seconds
192.481: [GC [PSYoungGen: 100576K->7840K(107520K)] 304556K->211968K(352256K), 0.0033300 secs] [Times: user=0.02 sys=0.00, real=0.00 secs] 
192.485: Total time for which application threads were stopped: 0.0035120 seconds, Stopping threads took: 0.0000830 seconds
192.516: Application time: 0.0314530 seconds
192.516: [GC [PSYoungGen: 100512K->7776K(107520K)] 304640K->212056K(352256K), 0.0034520 secs] [Times: user=0.02 sys=0.00, real=0.00 secs] 
192.520: Total time for which application threads were stopped: 0.0036470 seconds, Stopping threads took: 0.0000930 seconds
192.540: Application time: 0.0199900 seconds
192.540: [GC [PSYoungGen: 100448K->7904K(107520K)] 304728K->212184K(352256K), 0.0032910 secs] [Times: user=0.02 sys=0.00, real=0.00 secs] 
192.543: Total time for which application threads were stopped: 0.0034770 seconds, Stopping threads took: 0.0000740 seconds
192.565: Application time: 0.0221200 seconds
192.566: [GC [PSYoungGen: 100576K->7648K(107520K)] 304856K->211928K(352256K), 0.0031170 secs] [Times: user=0.02 sys=0.00, real=0.01 secs] 
192.569: Total time for which application threads were stopped: 0.0033080 seconds, Stopping threads took: 0.0000880 seconds
192.609: Application time: 0.0399690 seconds
192.609: [GC [PSYoungGen: 100320K->9344K(107520K)] 304600K->213624K(352256K), 0.0037910 secs] [Times: user=0.03 sys=0.00, real=0.00 secs] 
192.613: Total time for which application threads were stopped: 0.0039710 seconds, Stopping threads took: 0.0000770 seconds
192.644: Application time: 0.0315550 seconds
192.644: [GC [PSYoungGen: 102016K->7840K(107520K)] 306296K->212120K(352256K), 0.0032010 secs] [Times: user=0.02 sys=0.00, real=0.01 secs] 
192.648: Total time for which application threads were stopped: 0.0033900 seconds, Stopping threads took: 0.0000880 seconds
192.690: Application time: 0.0419030 seconds
192.690: [GC [PSYoungGen: 100512K->7504K(107520K)] 304792K->211784K(352256K), 0.0032380 secs] [Times: user=0.02 sys=0.00, real=0.00 secs] 
192.693: Total time for which application threads were stopped: 0.0034490 seconds, Stopping threads took: 0.0001070 seconds
192.722: Application time: 0.0290480 seconds
192.722: [GC [PSYoungGen: 100176K->7664K(107520K)] 304456K->211944K(352256K), 0.0032620 secs] [Times: user=0.02 sys=0.00, real=0.00 secs] 
192.726: Total time for which application threads were stopped: 0.0034550 seconds, Stopping threads took: 0.0000920 seconds
192.758: Application time: 0.0320570 seconds
192.758: [GC [PSYoungGen: 100336K->7744K(107520K)] 304616K->212024K(352256K), 0.0032070 secs] [Times: user=0.02 sys=0.00, real=0.00 secs] 
192.761: Total time for which application threads were stopped: 0.0034230 seconds, Stopping threads took: 0.0001140 seconds
192.786: Application time: 0.0246350 seconds
192.786: [GC [PSYoungGen: 100416K->7840K(107520K)] 304696K->212120K(352256K), 0.0031760 secs] [Times: user=0.02 sys=0.00, real=0.01 secs] 
192.789: Total time for which application threads were stopped: 0.0033760 seconds, Stopping threads took: 0.0000800 seconds
192.808: Application time: 0.0189380 seconds
192.808: [GC [PSYoungGen: 100512K->8240K(107520K)] 304792K->212520K(352256K), 0.0033210 secs] [Times: user=0.02 sys=0.00, real=0.00 secs] 
192.811: Total time for which application threads were stopped: 0.0034850 seconds, Stopping threads took: 0.0000640 seconds
192.844: Application time: 0.0325560 seconds
192.844: [GC [PSYoungGen: 100912K->14832K(107520K)] 305192K->222744K(352256K), 0.0073530 secs] [Times: user=0.05 sys=0.00, real=0.01 secs] 
192.852: Total time for which application threads were stopped: 0.0075230 seconds, Stopping threads took: 0.0000690 seconds
192.887: Application time: 0.0351970 seconds
192.887: [GC [PSYoungGen: 107504K->13792K(107520K)] 315416K->221704K(352256K), 0.0055270 secs] [Times: user=0.04 sys=0.00, real=0.00 secs] 
192.892: Total time for which application threads were stopped: 0.0057030 seconds, Stopping threads took: 0.0000720 seconds
192.931: Application time: 0.0386030 seconds
192.931: [GC [PSYoungGen: 106464K->13056K(107520K)] 314376K->220968K(352256K), 0.0053350 secs] [Times: user=0.04 sys=0.00, real=0.01 secs] 
192.937: Total time for which application threads were stopped: 0.0055330 seconds, Stopping threads took: 0.0000960 seconds
192.974: Application time: 0.0371030 seconds
192.974: [GC [PSYoungGen: 105728K->13392K(107520K)] 313640K->221304K(352256K), 0.0058560 secs] [Times: user=0.03 sys=0.00, real=0.01 secs] 
192.980: Total time for which application threads were stopped: 0.0060420 seconds, Stopping threads took: 0.0000820 seconds
193.007: Application time: 0.0277730 seconds
193.008: [GC [PSYoungGen: 106064K->13136K(107520K)] 313976K->221048K(352256K), 0.0125510 secs] [Times: user=0.08 sys=0.00, real=0.01 secs] 
193.020: Total time for which application threads were stopped: 0.0127350 seconds, Stopping threads took: 0.0000900 seconds
193.050: Application time: 0.0299200 seconds
193.050: [GC [PSYoungGen: 105808K->13600K(107520K)] 313720K->221512K(352256K), 0.0059380 secs] [Times: user=0.04 sys=0.00, real=0.01 secs] 
193.056: Total time for which application threads were stopped: 0.0061290 seconds, Stopping threads took: 0.0000870 seconds
193.075: Application time: 0.0183920 seconds
193.075: [GC [PSYoungGen: 106272K->13312K(107520K)] 314184K->221224K(352256K), 0.0053450 secs] [Times: user=0.03 sys=0.00, real=0.00 secs] 
193.080: Total time for which application threads were stopped: 0.0055540 seconds, Stopping threads took: 0.0001060 seconds
193.106: Application time: 0.0258500 seconds
193.106: [GC [PSYoungGen: 105984K->13456K(107520K)] 313896K->221368K(352256K), 0.0052920 secs] [Times: user=0.04 sys=0.00, real=0.00 secs] 
193.112: Total time for which application threads were stopped: 0.0054780 seconds, Stopping threads took: 0.0000830 seconds
193.151: Application time: 0.0390900 seconds
193.151: [GC [PSYoungGen: 106128K->14832K(107520K)] 314040K->222976K(352256K), 0.0060290 secs] [Times: user=0.05 sys=0.00, real=0.01 secs] 
193.157: Total time for which application threads were stopped: 0.0062090 seconds, Stopping threads took: 0.0000740 seconds
193.191: Application time: 0.0343740 seconds
193.191: [GC [PSYoungGen: 107504K->14480K(107520K)] 315648K->222624K(352256K), 0.0061750 secs] [Times: user=0.04 sys=0.00, real=0.01 secs] 
193.198: Total time for which application threads were stopped: 0.0063560 seconds, Stopping threads took: 0.0000790 seconds
193.239: Application time: 0.0409850 seconds
193.239: [GC [PSYoungGen: 107152K->14368K(107520K)] 315296K->222512K(352256K), 0.0057310 secs] [Times: user=0.04 sys=0.00, real=0.00 secs] 
193.244: Total time for which application threads were stopped: 0.0059010 seconds, Stopping threads took: 0.0000670 seconds
193.271: Application time: 0.0264420 seconds
193.271: [GC [PSYoungGen: 107040K->14400K(107520K)] 315184K->222632K(352256K), 0.0063720 secs] [Times: user=0.05 sys=0.00, real=0.01 secs] 
193.277: Total time for which application threads were stopped: 0.0065550 seconds, Stopping threads took: 0.0000710 seconds
193.310: Application time: 0.0329690 seconds
193.311: [GC [PSYoungGen: 107072K->14368K(107520K)] 315304K->222788K(352256K), 0.0058360 secs] [Times: user=0.04 sys=0.00, real=0.01 secs] 
193.317: Total time for which application threads were stopped: 0.0060410 seconds, Stopping threads took: 0.0000810 seconds
193.338: Application time: 0.0214320 seconds
193.338: [GC [PSYoungGen: 107040K->14432K(107520K)] 315460K->222852K(352256K), 0.0062840 secs] [Times: user=0.04 sys=0.00, real=0.00 secs] 
193.344: Total time for which application threads were stopped: 0.0064770 seconds, Stopping threads took: 0.0000920 seconds
193.365: Application time: 0.0207680 seconds
193.366: [GC [PSYoungGen: 107104K->14560K(107520K)] 315524K->223020K(352256K), 0.0062340 secs] [Times: user=0.04 sys=0.00, real=0.00 secs] 
193.372: Total time for which application threads were stopped: 0.0070620 seconds, Stopping threads took: 0.0007240 seconds
193.411: Application time: 0.0390780 seconds
193.411: [GC [PSYoungGen: 107232K->10320K(107520K)] 315692K->224672K(352256K), 0.0061850 secs] [Times: user=0.04 sys=0.00, real=0.01 secs] 
193.418: Total time for which application threads were stopped: 0.0063650 seconds, Stopping threads took: 0.0000760 seconds
193.449: Application time: 0.0311280 seconds
193.449: [GC [PSYoungGen: 102992K->8784K(107520K)] 317344K->223144K(352256K), 0.0036360 secs] [Times: user=0.03 sys=0.00, real=0.00 secs] 
193.453: Total time for which application threads were stopped: 0.0038480 seconds, Stopping threads took: 0.0001090 seconds
193.493: Application time: 0.0406910 seconds
193.494: [GC [PSYoungGen: 101456K->8752K(107520K)] 315816K->223112K(352256K), 0.0037540 secs] [Times: user=0.03 sys=0.00, real=0.01 secs] 
193.497: Total time for which application threads were stopped: 0.0039410 seconds, Stopping threads took: 0.0000810 seconds
193.529: Application time: 0.0316160 seconds
193.529: [GC [PSYoungGen: 101424K->8912K(107520K)] 315784K->223272K(352256K), 0.0036440 secs] [Times: user=0.03 sys=0.00, real=0.00 secs] 
193.533: Total time for which application threads were stopped: 0.0038060 seconds, Stopping threads took: 0.0000590 seconds
193.564: Application time: 0.0309710 seconds
193.564: [GC [PSYoungGen: 101584K->9136K(107520K)] 315944K->223496K(352256K), 0.0037710 secs] [Times: user=0.03 sys=0.00, real=0.01 secs] 
193.568: Total time for which application threads were stopped: 0.0039480 seconds, Stopping threads took: 0.0000730 seconds
193.594: Application time: 0.0258790 seconds
193.594: [GC [PSYoungGen: 101808K->8896K(107520K)] 316168K->223256K(352256K), 0.0036510 secs] [Times: user=0.02 sys=0.00, real=0.01 secs] 
193.597: Total time for which application threads were stopped: 0.0038540 seconds, Stopping threads took: 0.0001020 seconds
193.616: Application time: 0.0184440 seconds
193.616: [GC [PSYoungGen: 101568K->9328K(107520K)] 315928K->223688K(352256K), 0.0037250 secs] [Times: user=0.03 sys=0.00, real=0.00 secs] 
193.620: Total time for which application threads were stopped: 0.0039330 seconds, Stopping threads took: 0.0001080 seconds
193.649: Application time: 0.0290140 seconds
193.649: [GC [PSYoungGen: 102000K->14816K(107520K)] 316360K->230710K(352256K), 0.0065360 secs] [Times: user=0.04 sys=0.00, real=0.01 secs] 
193.656: Total time for which application threads were stopped: 0.0067230 seconds, Stopping threads took: 0.0000830 seconds
193.693: Application time: 0.0372870 seconds
193.693: [GC [PSYoungGen: 107488K->13360K(107520K)] 323382K->230142K(352256K), 0.0056960 secs] [Times: user=0.04 sys=0.00, real=0.01 secs] 
193.699: Total time for which application threads were stopped: 0.0059150 seconds, Stopping threads took: 0.0001140 seconds
193.736: Application time: 0.0375400 seconds
193.736: [GC [PSYoungGen: 106032K->11184K(107520K)] 322814K->228302K(352256K), 0.0047030 secs] [Times: user=0.03 sys=0.00, real=0.00 secs] 
193.741: Total time for which application threads were stopped: 0.0048920 seconds, Stopping threads took: 0.0000780 seconds
193.780: Application time: 0.0387560 seconds
193.780: [GC [PSYoungGen: 103856K->11024K(107520K)] 320974K->228142K(352256K), 0.0045850 secs] [Times: user=0.04 sys=0.00, real=0.00 secs] 
193.785: Total time for which application threads were stopped: 0.0047740 seconds, Stopping threads took: 0.0000850 seconds
193.811: Application time: 0.0266270 seconds
193.811: [GC [PSYoungGen: 103696K->10928K(107520K)] 320814K->228046K(352256K), 0.0044520 secs] [Times: user=0.03 sys=0.00, real=0.01 secs] 
193.816: Total time for which application threads were stopped: 0.0046590 seconds, Stopping threads took: 0.0000830 seconds
193.847: Application time: 0.0311780 seconds
193.847: [GC [PSYoungGen: 103600K->10944K(107520K)] 320718K->228062K(352256K), 0.0044890 secs] [Times: user=0.03 sys=0.00, real=0.00 secs] 
193.852: Total time for which application threads were stopped: 0.0046720 seconds, Stopping threads took: 0.0000810 seconds
193.871: Application time: 0.0194080 seconds
193.874: [GC [PSYoungGen: 103616K->11120K(107520K)] 320734K->228238K(352256K), 0.0044980 secs] [Times: user=0.03 sys=0.00, real=0.00 secs] 
193.879: Total time for which application threads were stopped: 0.0072790 seconds, Stopping threads took: 0.0026720 seconds
193.902: Application time: 0.0237850 seconds
193.902: [GC [PSYoungGen: 103792K->11760K(107520K)] 320910K->228878K(352256K), 0.0046660 secs] [Times: user=0.03 sys=0.00, real=0.01 secs] 
193.907: Total time for which application threads were stopped: 0.0048670 seconds, Stopping threads took: 0.0000940 seconds
193.947: Application time: 0.0393940 seconds
193.947: [GC [PSYoungGen: 104432K->12144K(107520K)] 321550K->229262K(352256K), 0.0050960 secs] [Times: user=0.03 sys=0.00, real=0.00 secs] 
193.952: Total time for which application threads were stopped: 0.0052800 seconds, Stopping threads took: 0.0000810 seconds
193.985: Application time: 0.0326870 seconds
193.985: [GC [PSYoungGen: 104816K->11136K(107520K)] 321934K->228254K(352256K), 0.0046110 secs] [Times: user=0.04 sys=0.00, real=0.01 secs] 
193.989: Total time for which application threads were stopped: 0.0048040 seconds, Stopping threads took: 0.0000890 seconds
194.031: Application time: 0.0415630 seconds
194.031: [GC [PSYoungGen: 103808K->11040K(107520K)] 320926K->228158K(352256K), 0.0045030 secs] [Times: user=0.03 sys=0.00, real=0.01 secs] 
194.036: Total time for which application threads were stopped: 0.0046930 seconds, Stopping threads took: 0.0000880 seconds
194.063: Application time: 0.0277680 seconds
194.064: [GC [PSYoungGen: 103712K->10880K(107520K)] 320830K->228086K(352256K), 0.0044850 secs] [Times: user=0.03 sys=0.00, real=0.01 secs] 
194.068: Total time for which application threads were stopped: 0.0046710 seconds, Stopping threads took: 0.0000820 seconds
194.100: Application time: 0.0323420 seconds
194.101: [GC [PSYoungGen: 103552K->10928K(107520K)] 320758K->228310K(352256K), 0.0044770 secs] [Times: user=0.03 sys=0.00, real=0.00 secs] 
194.105: Total time for which application threads were stopped: 0.0046740 seconds, Stopping threads took: 0.0000960 seconds
194.128: Application time: 0.0228210 seconds
194.128: [GC [PSYoungGen: 103600K->11040K(107520K)] 320982K->228470K(352256K), 0.0044690 secs] [Times: user=0.03 sys=0.00, real=0.00 secs] 
194.133: Total time for which application threads were stopped: 0.0047060 seconds, Stopping threads took: 0.0001290 seconds
194.153: Application time: 0.0199400 seconds
194.153: [GC [PSYoungGen: 103712K->11008K(107520K)] 321142K->228438K(352256K), 0.0043960 secs] [Times: user=0.03 sys=0.00, real=0.01 secs] 
194.157: Total time for which application threads were stopped: 0.0045910 seconds, Stopping threads took: 0.0000930 seconds
194.193: Application time: 0.0356200 seconds
194.193: [GC [PSYoungGen: 103680K->14176K(107520K)] 321110K->234820K(352256K), 0.0066490 secs] [Times: user=0.05 sys=0.00, real=0.01 secs] 
194.200: Total time for which application threads were stopped: 0.0068320 seconds, Stopping threads took: 0.0000830 seconds
194.232: Application time: 0.0324150 seconds
194.232: [GC [PSYoungGen: 106848K->8048K(107520K)] 327492K->228818K(352256K), 0.0036860 secs] [Times: user=0.02 sys=0.00, real=0.01 secs] 
194.236: Total time for which application threads were stopped: 0.0038850 seconds, Stopping threads took: 0.0000970 seconds
194.276: Application time: 0.0399190 seconds
194.276: [GC [PSYoungGen: 100720K->7504K(107520K)] 321490K->228282K(352256K), 0.0034830 secs] [Times: user=0.02 sys=0.00, real=0.00 secs] 
194.280: Total time for which application threads were stopped: 0.0036760 seconds, Stopping threads took: 0.0000910 seconds
194.314: Application time: 0.0341820 seconds
194.314: [GC [PSYoungGen: 100176K->7664K(107520K)] 320954K->228442K(352256K), 0.0032790 secs] [Times: user=0.03 sys=0.00, real=0.01 secs] 
194.317: Total time for which application threads were stopped: 0.0034660 seconds, Stopping threads took: 0.0000660 seconds
194.347: Application time: 0.0299150 seconds
194.347: [GC [PSYoungGen: 100336K->7760K(107520K)] 321114K->228538K(352256K), 0.0032570 secs] [Times: user=0.02 sys=0.00, real=0.00 secs] 
194.351: Total time for which application threads were stopped: 0.0034490 seconds, Stopping threads took: 0.0000900 seconds
194.378: Application time: 0.0270290 seconds
194.378: [GC [PSYoungGen: 100432K->8016K(107520K)] 321210K->228794K(352256K), 0.0032700 secs] [Times: user=0.02 sys=0.00, real=0.00 secs] 
194.381: Total time for which application threads were stopped: 0.0034740 seconds, Stopping threads took: 0.0001020 seconds
194.400: Application time: 0.0190400 seconds
194.400: [GC [PSYoungGen: 100688K->7856K(107520K)] 321466K->228634K(352256K), 0.0034850 secs] [Times: user=0.02 sys=0.00, real=0.00 secs] 
194.404: Total time for which application threads were stopped: 0.0036950 seconds, Stopping threads took: 0.0001090 seconds
194.430: Application time: 0.0266120 seconds
194.431: [GC [PSYoungGen: 100528K->12096K(107520K)] 321306K->232874K(352256K), 0.0048290 secs] [Times: user=0.03 sys=0.00, real=0.01 secs] 
194.435: Total time for which application threads were stopped: 0.0050370 seconds, Stopping threads took: 0.0001050 seconds
194.474: Application time: 0.0383380 seconds
194.474: [GC [PSYoungGen: 104768K->9408K(107520K)] 325546K->230186K(352256K), 0.0038150 secs] [Times: user=0.02 sys=0.00, real=0.00 secs] 
194.478: Total time for which application threads were stopped: 0.0039970 seconds, Stopping threads took: 0.0000660 seconds
194.513: Application time: 0.0356990 seconds
194.514: [GC [PSYoungGen: 102080K->7872K(107520K)] 322858K->228650K(352256K), 0.0032900 secs] [Times: user=0.02 sys=0.00, real=0.01 secs] 
194.517: Total time for which application threads were stopped: 0.0034990 seconds, Stopping threads took: 0.0001050 seconds
194.558: Application time: 0.0409870 seconds
194.558: [GC [PSYoungGen: 100544K->7952K(107520K)] 321322K->228730K(352256K), 0.0032860 secs] [Times: user=0.02 sys=0.00, real=0.00 secs] 
194.561: Total time for which application threads were stopped: 0.0034680 seconds, Stopping threads took: 0.0000830 seconds
194.588: Application time: 0.0265950 seconds
194.588: [GC [PSYoungGen: 100624K->7728K(107520K)] 321402K->228506K(352256K), 0.0033480 secs] [Times: user=0.03 sys=0.00, real=0.00 secs] 
194.592: Total time for which application threads were stopped: 0.0035170 seconds, Stopping threads took: 0.0000610 seconds
194.623: Application time: 0.0319400 seconds
194.624: [GC [PSYoungGen: 100400K->7968K(107520K)] 321178K->228746K(352256K), 0.0033130 secs] [Times: user=0.02 sys=0.00, real=0.01 secs] 
194.627: Total time for which application threads were stopped: 0.0035080 seconds, Stopping threads took: 0.0000920 seconds
194.649: Application time: 0.0220690 seconds
194.649: [GC [PSYoungGen: 100640K->7760K(107520K)] 321418K->228538K(352256K), 0.0031980 secs] [Times: user=0.03 sys=0.00, real=0.00 secs] 
194.652: Total time for which application threads were stopped: 0.0033930 seconds, Stopping threads took: 0.0000930 seconds
194.675: Application time: 0.0222800 seconds
194.675: [GC [PSYoungGen: 100432K->7872K(107520K)] 321210K->228650K(352256K), 0.0031700 secs] [Times: user=0.02 sys=0.00, real=0.00 secs] 
194.678: Total time for which application threads were stopped: 0.0033520 seconds, Stopping threads took: 0.0000780 seconds
194.713: Application time: 0.0352470 seconds
194.714: [GC [PSYoungGen: 100544K->13232K(107520K)] 321322K->234010K(352256K), 0.0050590 secs] [Times: user=0.04 sys=0.00, real=0.01 secs] 
194.719: Total time for which application threads were stopped: 0.0052520 seconds, Stopping threads took: 0.0000900 seconds
194.753: Application time: 0.0345690 seconds
194.753: [GC [PSYoungGen: 105904K->8000K(107520K)] 326682K->228778K(352256K), 0.0033590 secs] [Times: user=0.02 sys=0.00, real=0.01 secs] 
194.757: Total time for which application threads were stopped: 0.0035550 seconds, Stopping threads took: 0.0000920 seconds
194.797: Application time: 0.0402490 seconds
194.797: [GC [PSYoungGen: 100672K->7824K(107520K)] 321450K->228602K(352256K), 0.0032360 secs] [Times: user=0.03 sys=0.00, real=0.00 secs] 
194.800: Total time for which application threads were stopped: 0.0034290 seconds, Stopping threads took: 0.0000900 seconds
194.832: Application time: 0.0320380 seconds
194.834: [GC [PSYoungGen: 100496K->7936K(107520K)] 321274K->228714K(352256K), 0.0034230 secs] [Times: user=0.02 sys=0.00, real=0.00 secs] 
194.837: Total time for which application threads were stopped: 0.0050030 seconds, Stopping threads took: 0.0014650 seconds
194.867: Application time: 0.0292900 seconds
194.867: [GC [PSYoungGen: 100608K->7744K(107520K)] 321386K->228754K(352256K), 0.0033280 secs] [Times: user=0.03 sys=0.00, real=0.00 secs] 
194.870: Total time for which application threads were stopped: 0.0035080 seconds, Stopping threads took: 0.0000770 seconds
194.895: Application time: 0.0242810 seconds
194.895: [GC [PSYoungGen: 100416K->7680K(107520K)] 321426K->228746K(352256K), 0.0035100 secs] [Times: user=0.02 sys=0.00, real=0.00 secs] 
194.898: Total time for which application threads were stopped: 0.0037120 seconds, Stopping threads took: 0.0000970 seconds
194.920: Application time: 0.0212450 seconds
194.920: [GC [PSYoungGen: 100352K->7744K(107520K)] 321418K->228810K(352256K), 0.0030930 secs] [Times: user=0.02 sys=0.00, real=0.00 secs] 
194.923: Total time for which application threads were stopped: 0.0032500 seconds, Stopping threads took: 0.0000570 seconds
194.954: Application time: 0.0315970 seconds
194.954: [GC [PSYoungGen: 100416K->10240K(107520K)] 321482K->231306K(352256K), 0.0040580 secs] [Times: user=0.02 sys=0.00, real=0.00 secs] 
194.959: Total time for which application threads were stopped: 0.0042230 seconds, Stopping threads took: 0.0000650 seconds
194.994: Application time: 0.0354090 seconds
194.994: [GC [PSYoungGen: 102912K->9744K(107520K)] 323978K->230810K(352256K), 0.0039010 secs] [Times: user=0.02 sys=0.00, real=0.00 secs] 
194.998: Total time for which application threads were stopped: 0.0040730 seconds, Stopping threads took: 0.0000740 seconds
195.036: Application time: 0.0377520 seconds
195.036: [GC [PSYoungGen: 102416K->7808K(107520K)] 323482K->228874K(352256K), 0.0035010 secs] [Times: user=0.03 sys=0.00, real=0.00 secs] 
195.040: Total time for which application threads were stopped: 0.0037210 seconds, Stopping threads took: 0.0001180 seconds
195.076: Application time: 0.0365120 seconds
195.078: [GC [PSYoungGen: 100480K->7536K(107520K)] 321546K->228602K(352256K), 0.0035220 secs] [Times: user=0.01 sys=0.00, real=0.00 secs] 
195.082: Total time for which application threads were stopped: 0.0055410 seconds, Stopping threads took: 0.0018730 seconds
195.113: Application time: 0.0311930 seconds
195.113: [GC [PSYoungGen: 100208K->8048K(107520K)] 321274K->229114K(352256K), 0.0033130 secs] [Times: user=0.02 sys=0.00, real=0.01 secs] 
195.116: Total time for which application threads were stopped: 0.0035710 seconds, Stopping threads took: 0.0001560 seconds
195.142: Application time: 0.0256680 seconds
195.142: [GC [PSYoungGen: 100720K->8016K(107520K)] 321786K->229082K(352256K), 0.0033900 secs] [Times: user=0.02 sys=0.00, real=0.00 secs] 
195.146: Total time for which application threads were stopped: 0.0036050 seconds, Stopping threads took: 0.0001050 seconds
195.169: Application time: 0.0231690 seconds
195.169: [GC [PSYoungGen: 100688K->7792K(107520K)] 321754K->228858K(352256K), 0.0031610 secs] [Times: user=0.02 sys=0.00, real=0.00 secs] 
195.172: Total time for which application threads were stopped: 0.0033390 seconds, Stopping threads took: 0.0000770 seconds
195.197: Application time: 0.0247830 seconds
195.197: [GC [PSYoungGen: 100464K->12176K(107520K)] 321530K->233242K(352256K), 0.0048280 secs] [Times: user=0.03 sys=0.00, real=0.00 secs] 
195.202: Total time for which application threads were stopped: 0.0050250 seconds, Stopping threads took: 0.0000940 seconds
195.239: Application time: 0.0372780 seconds
195.239: [GC [PSYoungGen: 104848K->10496K(107520K)] 325914K->231562K(352256K), 0.0042920 secs] [Times: user=0.03 sys=0.00, real=0.00 secs] 
195.244: Total time for which application threads were stopped: 0.0044680 seconds, Stopping threads took: 0.0000730 seconds
195.279: Application time: 0.0355420 seconds
195.279: [GC [PSYoungGen: 103168K->7920K(107520K)] 324234K->228986K(352256K), 0.0039010 secs] [Times: user=0.02 sys=0.00, real=0.00 secs] 
195.283: Total time for which application threads were stopped: 0.0040890 seconds, Stopping threads took: 0.0000850 seconds
195.324: Application time: 0.0402460 seconds
195.324: [GC [PSYoungGen: 100592K->7744K(107520K)] 321658K->228810K(352256K), 0.0035910 secs] [Times: user=0.02 sys=0.00, real=0.01 secs] 
195.327: Total time for which application threads were stopped: 0.0037680 seconds, Stopping threads took: 0.0000740 seconds
195.355: Application time: 0.0273550 seconds
195.355: [GC [PSYoungGen: 100416K->7824K(107520K)] 321482K->228890K(352256K), 0.0032910 secs] [Times: user=0.02 sys=0.00, real=0.00 secs] 
195.358: Total time for which application threads were stopped: 0.0035140 seconds, Stopping threads took: 0.0001010 seconds
195.390: Application time: 0.0319770 seconds
195.390: [GC [PSYoungGen: 100496K->7760K(107520K)] 321562K->228826K(352256K), 0.0035800 secs] [Times: user=0.02 sys=0.00, real=0.01 secs] 
195.394: Total time for which application threads were stopped: 0.0037880 seconds, Stopping threads took: 0.0001090 seconds
195.416: Application time: 0.0224660 seconds
195.417: [GC [PSYoungGen: 100432K->8032K(107520K)] 321498K->229098K(352256K), 0.0034760 secs] [Times: user=0.02 sys=0.00, real=0.00 secs] 
195.420: Total time for which application threads were stopped: 0.0036730 seconds, Stopping threads took: 0.0000960 seconds
195.442: Application time: 0.0213310 seconds
195.442: [GC [PSYoungGen: 100704K->8384K(107520K)] 321770K->229450K(352256K), 0.0033600 secs] [Times: user=0.02 sys=0.00, real=0.00 secs] 
195.445: Total time for which application threads were stopped: 0.0035560 seconds, Stopping threads took: 0.0000960 seconds
195.482: Application time: 0.0365400 seconds
195.482: [GC [PSYoungGen: 101056K->10000K(107520K)] 322122K->231066K(352256K), 0.0039160 secs] [Times: user=0.03 sys=0.00, real=0.00 secs] 
195.486: Total time for which application threads were stopped: 0.0040950 seconds, Stopping threads took: 0.0000730 seconds
195.519: Application time: 0.0327960 seconds
195.519: [GC [PSYoungGen: 102672K->8336K(107520K)] 323738K->229402K(352256K), 0.0036330 secs] [Times: user=0.01 sys=0.00, real=0.00 secs] 
195.522: Total time for which application threads were stopped: 0.0038250 seconds, Stopping threads took: 0.0000950 seconds
195.562: Application time: 0.0400930 seconds
195.563: [GC [PSYoungGen: 101008K->7696K(107520K)] 322074K->228762K(352256K), 0.0032680 secs] [Times: user=0.02 sys=0.00, real=0.00 secs] 
195.566: Total time for which application threads were stopped: 0.0034500 seconds, Stopping threads took: 0.0000710 seconds
195.598: Application time: 0.0323790 seconds
195.598: [GC [PSYoungGen: 100368K->7776K(107520K)] 321434K->228890K(352256K), 0.0032560 secs] [Times: user=0.02 sys=0.00, real=0.00 secs] 
195.602: Total time for which application threads were stopped: 0.0034150 seconds, Stopping threads took: 0.0000580 seconds
195.633: Application time: 0.0312470 seconds
195.633: [GC [PSYoungGen: 100448K->7712K(107520K)] 321562K->229014K(352256K), 0.0032950 secs] [Times: user=0.03 sys=0.00, real=0.01 secs] 
195.636: Total time for which application threads were stopped: 0.0035090 seconds, Stopping threads took: 0.0001110 seconds
195.662: Application time: 0.0251080 seconds
195.662: [GC [PSYoungGen: 100384K->7712K(107520K)] 321686K->229103K(352256K), 0.0032870 secs] [Times: user=0.02 sys=0.00, real=0.00 secs] 
195.665: Total time for which application threads were stopped: 0.0034670 seconds, Stopping threads took: 0.0000820 seconds
195.686: Application time: 0.0206670 seconds
195.686: [GC [PSYoungGen: 100384K->7616K(107520K)] 321775K->229007K(352256K), 0.0034550 secs] [Times: user=0.02 sys=0.00, real=0.01 secs] 
195.689: Total time for which application threads were stopped: 0.0036150 seconds, Stopping threads took: 0.0000620 seconds
195.718: Application time: 0.0287140 seconds
195.718: [GC [PSYoungGen: 100288K->14816K(107520K)] 321679K->236844K(352256K), 0.0059970 secs] [Times: user=0.05 sys=0.00, real=0.00 secs] 
195.724: Total time for which application threads were stopped: 0.0061590 seconds, Stopping threads took: 0.0000610 seconds
195.760: Application time: 0.0359080 seconds
195.760: [GC [PSYoungGen: 107488K->12352K(107520K)] 329516K->234380K(352256K), 0.0049000 secs] [Times: user=0.03 sys=0.00, real=0.00 secs] 
195.765: Total time for which application threads were stopped: 0.0050990 seconds, Stopping threads took: 0.0000950 seconds
195.802: Application time: 0.0372340 seconds
195.803: [GC [PSYoungGen: 105024K->9856K(107520K)] 327052K->231892K(352256K), 0.0043140 secs] [Times: user=0.03 sys=0.00, real=0.01 secs] 
195.807: Total time for which application threads were stopped: 0.0048670 seconds, Stopping threads took: 0.0004480 seconds
195.846: Application time: 0.0384850 seconds
195.846: [GC [PSYoungGen: 102528K->9824K(107520K)] 324564K->231860K(352256K), 0.0039470 secs] [Times: user=0.03 sys=0.00, real=0.00 secs] 
195.850: Total time for which application threads were stopped: 0.0041780 seconds, Stopping threads took: 0.0001140 seconds
195.878: Application time: 0.0280620 seconds
195.878: [GC [PSYoungGen: 102496K->10096K(107520K)] 324532K->232132K(352256K), 0.0041280 secs] [Times: user=0.03 sys=0.00, real=0.00 secs] 
195.882: Total time for which application threads were stopped: 0.0043200 seconds, Stopping threads took: 0.0000670 seconds
195.913: Application time: 0.0302760 seconds
195.913: [GC [PSYoungGen: 102768K->10208K(107520K)] 324804K->232244K(352256K), 0.0044580 secs] [Times: user=0.04 sys=0.00, real=0.01 secs] 
195.917: Total time for which application threads were stopped: 0.0046240 seconds, Stopping threads took: 0.0000630 seconds
195.937: Application time: 0.0200620 seconds
195.938: [GC [PSYoungGen: 102880K->10176K(107520K)] 324916K->232212K(352256K), 0.0049040 secs] [Times: user=0.02 sys=0.00, real=0.00 secs] 
195.943: Total time for which application threads were stopped: 0.0056250 seconds, Stopping threads took: 0.0006160 seconds
195.971: Application time: 0.0276610 seconds
195.971: [GC [PSYoungGen: 102848K->11632K(107520K)] 324884K->233668K(352256K), 0.0045610 secs] [Times: user=0.03 sys=0.00, real=0.01 secs] 
195.975: Total time for which application threads were stopped: 0.0047470 seconds, Stopping threads took: 0.0000840 seconds
196.013: Application time: 0.0377910 seconds
196.013: [GC [PSYoungGen: 104304K->12928K(107520K)] 326340K->234965K(352256K), 0.0049890 secs] [Times: user=0.03 sys=0.00, real=0.01 secs] 
196.018: Total time for which application threads were stopped: 0.0051720 seconds, Stopping threads took: 0.0000790 seconds
196.053: Application time: 0.0351220 seconds
196.054: [GC [PSYoungGen: 105600K->9856K(107520K)] 327637K->231892K(352256K), 0.0041110 secs] [Times: user=0.03 sys=0.00, real=0.01 secs] 
196.058: Total time for which application threads were stopped: 0.0043220 seconds, Stopping threads took: 0.0001100 seconds
196.098: Application time: 0.0402990 seconds
196.098: [GC [PSYoungGen: 102528K->9808K(107520K)] 324564K->231844K(352256K), 0.0042100 secs] [Times: user=0.03 sys=0.00, real=0.00 secs] 
196.102: Total time for which application threads were stopped: 0.0043860 seconds, Stopping threads took: 0.0000740 seconds
196.132: Application time: 0.0292250 seconds
196.132: [GC [PSYoungGen: 102480K->10080K(107520K)] 324516K->232116K(352256K), 0.0042670 secs] [Times: user=0.03 sys=0.00, real=0.01 secs] 
196.136: Total time for which application threads were stopped: 0.0044570 seconds, Stopping threads took: 0.0000900 seconds
196.168: Application time: 0.0322120 seconds
196.169: [GC [PSYoungGen: 102752K->10032K(107520K)] 324788K->232069K(352256K), 0.0041090 secs] [Times: user=0.03 sys=0.00, real=0.00 secs] 
196.173: Total time for which application threads were stopped: 0.0042950 seconds, Stopping threads took: 0.0000830 seconds
196.195: Application time: 0.0225730 seconds
196.195: [GC [PSYoungGen: 102704K->10048K(107520K)] 324741K->232084K(352256K), 0.0040880 secs] [Times: user=0.03 sys=0.00, real=0.00 secs] 
196.200: Total time for which application threads were stopped: 0.0042740 seconds, Stopping threads took: 0.0000850 seconds
196.221: Application time: 0.0210120 seconds
196.221: [GC [PSYoungGen: 102720K->10304K(107520K)] 324756K->232340K(352256K), 0.0041730 secs] [Times: user=0.03 sys=0.00, real=0.00 secs] 
196.225: Total time for which application threads were stopped: 0.0043570 seconds, Stopping threads took: 0.0000810 seconds
196.259: Application time: 0.0344790 seconds
196.260: [GC [PSYoungGen: 102976K->10816K(107520K)] 325012K->235090K(352256K), 0.0050050 secs] [Times: user=0.03 sys=0.00, real=0.00 secs] 
196.265: Total time for which application threads were stopped: 0.0051920 seconds, Stopping threads took: 0.0000860 seconds
196.297: Application time: 0.0328470 seconds
196.298: [GC [PSYoungGen: 103488K->10096K(107520K)] 327762K->234370K(352256K), 0.0041540 secs] [Times: user=0.03 sys=0.00, real=0.00 secs] 
196.302: Total time for which application threads were stopped: 0.0043260 seconds, Stopping threads took: 0.0000670 seconds
196.341: Application time: 0.0395000 seconds
196.341: [GC [PSYoungGen: 102768K->7776K(107520K)] 327042K->232050K(352256K), 0.0033470 secs] [Times: user=0.02 sys=0.00, real=0.00 secs] 
196.345: Total time for which application threads were stopped: 0.0035550 seconds, Stopping threads took: 0.0001060 seconds
196.379: Application time: 0.0342220 seconds
196.379: [GC [PSYoungGen: 100448K->7856K(107520K)] 324722K->232130K(352256K), 0.0036200 secs] [Times: user=0.02 sys=0.00, real=0.00 secs] 
196.383: Total time for which application threads were stopped: 0.0038570 seconds, Stopping threads took: 0.0001150 seconds
196.413: Application time: 0.0299100 seconds
196.413: [GC [PSYoungGen: 100528K->7728K(107520K)] 324802K->232215K(352256K), 0.0033380 secs] [Times: user=0.02 sys=0.00, real=0.01 secs] 
196.416: Total time for which application threads were stopped: 0.0035600 seconds, Stopping threads took: 0.0001200 seconds
196.443: Application time: 0.0267500 seconds
196.443: [GC [PSYoungGen: 100400K->7584K(107520K)] 324887K->232159K(352256K), 0.0035460 secs] [Times: user=0.02 sys=0.00, real=0.01 secs] 
196.447: Total time for which application threads were stopped: 0.0037260 seconds, Stopping threads took: 0.0000820 seconds
196.468: Application time: 0.0214140 seconds
196.468: [GC [PSYoungGen: 100256K->7808K(107520K)] 324831K->232383K(352256K), 0.0032230 secs] [Times: user=0.03 sys=0.00, real=0.00 secs] 
196.472: Total time for which application threads were stopped: 0.0034220 seconds, Stopping threads took: 0.0000990 seconds
196.500: Application time: 0.0282350 seconds
196.502: [GC [PSYoungGen: 100480K->12096K(107520K)] 325055K->236671K(352256K), 0.0048270 secs] [Times: user=0.04 sys=0.00, real=0.01 secs] 
196.507: Total time for which application threads were stopped: 0.0069560 seconds, Stopping threads took: 0.0020260 seconds
196.541: Application time: 0.0345960 seconds
196.542: [GC [PSYoungGen: 104768K->8496K(107520K)] 329343K->233071K(352256K), 0.0037200 secs] [Times: user=0.03 sys=0.00, real=0.00 secs] 
196.545: Total time for which application threads were stopped: 0.0039300 seconds, Stopping threads took: 0.0000990 seconds
196.582: Application time: 0.0362750 seconds
196.582: [GC [PSYoungGen: 101168K->7504K(107520K)] 325743K->232087K(352256K), 0.0032180 secs] [Times: user=0.02 sys=0.01, real=0.00 secs] 
196.585: Total time for which application threads were stopped: 0.0034160 seconds, Stopping threads took: 0.0000960 seconds
196.624: Application time: 0.0384390 seconds
196.624: [GC [PSYoungGen: 100176K->7840K(107520K)] 324759K->232423K(352256K), 0.0034580 secs] [Times: user=0.03 sys=0.00, real=0.01 secs] 
196.627: Total time for which application threads were stopped: 0.0036740 seconds, Stopping threads took: 0.0001180 seconds
196.657: Application time: 0.0293010 seconds
196.658: [GC [PSYoungGen: 100512K->7824K(107520K)] 325095K->232407K(352256K), 0.0034030 secs] [Times: user=0.02 sys=0.00, real=0.00 secs] 
196.661: Total time for which application threads were stopped: 0.0049430 seconds, Stopping threads took: 0.0014350 seconds
196.692: Application time: 0.0304940 seconds
196.692: [GC [PSYoungGen: 100496K->7984K(107520K)] 325079K->232567K(352256K), 0.0036090 secs] [Times: user=0.02 sys=0.00, real=0.01 secs] 
196.696: Total time for which application threads were stopped: 0.0038250 seconds, Stopping threads took: 0.0001140 seconds
196.717: Application time: 0.0210620 seconds
196.717: [GC [PSYoungGen: 100656K->7984K(107520K)] 325239K->232567K(352256K), 0.0033850 secs] [Times: user=0.02 sys=0.00, real=0.00 secs] 
196.720: Total time for which application threads were stopped: 0.0036030 seconds, Stopping threads took: 0.0001180 seconds
196.744: Application time: 0.0234390 seconds
196.744: [GC [PSYoungGen: 100656K->8912K(107520K)] 325239K->233495K(352256K), 0.0036210 secs] [Times: user=0.03 sys=0.00, real=0.01 secs] 
196.748: Total time for which application threads were stopped: 0.0038250 seconds, Stopping threads took: 0.0001020 seconds
196.783: Application time: 0.0356440 seconds
196.784: [GC [PSYoungGen: 101584K->12304K(107520K)] 326167K->236887K(352256K), 0.0047730 secs] [Times: user=0.03 sys=0.00, real=0.01 secs] 
196.788: Total time for which application threads were stopped: 0.0049690 seconds, Stopping threads took: 0.0000950 seconds
196.821: Application time: 0.0330460 seconds
196.822: [GC [PSYoungGen: 104976K->9680K(107520K)] 329559K->234263K(352256K), 0.0038820 secs] [Times: user=0.02 sys=0.00, real=0.00 secs] 
196.825: Total time for which application threads were stopped: 0.0040670 seconds, Stopping threads took: 0.0000820 seconds
196.866: Application time: 0.0403170 seconds
196.866: [GC [PSYoungGen: 102352K->7936K(107520K)] 326935K->232519K(352256K), 0.0033450 secs] [Times: user=0.02 sys=0.00, real=0.00 secs] 
196.869: Total time for which application threads were stopped: 0.0035450 seconds, Stopping threads took: 0.0000960 seconds
196.900: Application time: 0.0309720 seconds
196.900: [GC [PSYoungGen: 100608K->7856K(107520K)] 325191K->232439K(352256K), 0.0035710 secs] [Times: user=0.03 sys=0.00, real=0.00 secs] 
196.904: Total time for which application threads were stopped: 0.0037550 seconds, Stopping threads took: 0.0000610 seconds
196.935: Application time: 0.0313830 seconds
196.936: [GC [PSYoungGen: 100528K->8160K(107520K)] 325111K->232743K(352256K), 0.0033430 secs] [Times: user=0.02 sys=0.00, real=0.00 secs] 
196.939: Total time for which application threads were stopped: 0.0035300 seconds, Stopping threads took: 0.0000850 seconds
196.963: Application time: 0.0236270 seconds
196.963: [GC [PSYoungGen: 100832K->7824K(107520K)] 325415K->232407K(352256K), 0.0032870 secs] [Times: user=0.02 sys=0.00, real=0.01 secs] 
196.966: Total time for which application threads were stopped: 0.0034950 seconds, Stopping threads took: 0.0001070 seconds
196.988: Application time: 0.0217170 seconds
196.988: [GC [PSYoungGen: 100496K->8192K(107520K)] 325079K->232775K(352256K), 0.0033270 secs] [Times: user=0.02 sys=0.00, real=0.00 secs] 
196.991: Total time for which application threads were stopped: 0.0035390 seconds, Stopping threads took: 0.0001060 seconds
197.024: Application time: 0.0325550 seconds
197.024: [GC [PSYoungGen: 100864K->13856K(107520K)] 325447K->238439K(352256K), 0.0053680 secs] [Times: user=0.04 sys=0.00, real=0.01 secs] 
197.029: Total time for which application threads were stopped: 0.0055580 seconds, Stopping threads took: 0.0000840 seconds
197.063: Application time: 0.0335050 seconds
197.063: [GC [PSYoungGen: 106528K->7984K(107520K)] 331111K->232567K(352256K), 0.0036180 secs] [Times: user=0.02 sys=0.00, real=0.01 secs] 
197.067: Total time for which application threads were stopped: 0.0037950 seconds, Stopping threads took: 0.0000780 seconds
197.105: Application time: 0.0384570 seconds
197.105: [GC [PSYoungGen: 100656K->7744K(107520K)] 325239K->232327K(352256K), 0.0032980 secs] [Times: user=0.02 sys=0.00, real=0.01 secs] 
197.109: Total time for which application threads were stopped: 0.0034830 seconds, Stopping threads took: 0.0000860 seconds
197.144: Application time: 0.0353110 seconds
197.144: [GC [PSYoungGen: 100416K->7984K(107520K)] 324999K->232567K(352256K), 0.0034380 secs] [Times: user=0.03 sys=0.00, real=0.01 secs] 
197.148: Total time for which application threads were stopped: 0.0036240 seconds, Stopping threads took: 0.0000850 seconds
197.177: Application time: 0.0295630 seconds
197.177: [GC [PSYoungGen: 100656K->7584K(107520K)] 325239K->232343K(352256K), 0.0033890 secs] [Times: user=0.03 sys=0.00, real=0.00 secs] 
197.181: Total time for which application threads were stopped: 0.0035720 seconds, Stopping threads took: 0.0000830 seconds
197.210: Application time: 0.0287480 seconds
197.210: [GC [PSYoungGen: 100256K->7664K(107520K)] 325015K->232511K(352256K), 0.0033040 secs] [Times: user=0.02 sys=0.00, real=0.00 secs] 
197.213: Total time for which application threads were stopped: 0.0034940 seconds, Stopping threads took: 0.0000900 seconds
197.235: Application time: 0.0219030 seconds
197.235: [GC [PSYoungGen: 100336K->7792K(107520K)] 325183K->232671K(352256K), 0.0035200 secs] [Times: user=0.02 sys=0.00, real=0.00 secs] 
197.239: Total time for which application threads were stopped: 0.0037220 seconds, Stopping threads took: 0.0001000 seconds
197.263: Application time: 0.0243410 seconds
197.263: [GC [PSYoungGen: 100464K->11952K(107520K)] 325343K->236831K(352256K), 0.0047920 secs] [Times: user=0.02 sys=0.00, real=0.01 secs] 
197.268: Total time for which application threads were stopped: 0.0049910 seconds, Stopping threads took: 0.0000960 seconds
197.304: Application time: 0.0361260 seconds
197.304: [GC [PSYoungGen: 104624K->9104K(107520K)] 329503K->233983K(352256K), 0.0034580 secs] [Times: user=0.03 sys=0.00, real=0.01 secs] 
197.308: Total time for which application threads were stopped: 0.0036500 seconds, Stopping threads took: 0.0000900 seconds
197.342: Application time: 0.0346510 seconds
197.343: [GC [PSYoungGen: 101776K->7600K(107520K)] 326655K->232495K(352256K), 0.0031590 secs] [Times: user=0.03 sys=0.00, real=0.00 secs] 
197.346: Total time for which application threads were stopped: 0.0033390 seconds, Stopping threads took: 0.0000790 seconds
197.386: Application time: 0.0400410 seconds
197.386: [GC [PSYoungGen: 100272K->7584K(107520K)] 325167K->232479K(352256K), 0.0031500 secs] [Times: user=0.02 sys=0.00, real=0.00 secs] 
197.389: Total time for which application threads were stopped: 0.0033400 seconds, Stopping threads took: 0.0000860 seconds
197.419: Application time: 0.0296120 seconds
197.419: [GC [PSYoungGen: 100256K->7760K(107520K)] 325151K->232655K(352256K), 0.0032530 secs] [Times: user=0.02 sys=0.00, real=0.00 secs] 
197.422: Total time for which application threads were stopped: 0.0034700 seconds, Stopping threads took: 0.0001000 seconds
197.453: Application time: 0.0306320 seconds
197.453: [GC [PSYoungGen: 100432K->8000K(107520K)] 325327K->232895K(352256K), 0.0033100 secs] [Times: user=0.02 sys=0.00, real=0.01 secs] 
197.456: Total time for which application threads were stopped: 0.0034980 seconds, Stopping threads took: 0.0000850 seconds
197.479: Application time: 0.0223810 seconds
197.479: [GC [PSYoungGen: 100672K->7872K(107520K)] 325567K->232767K(352256K), 0.0032580 secs] [Times: user=0.02 sys=0.00, real=0.00 secs] 
197.482: Total time for which application threads were stopped: 0.0034470 seconds, Stopping threads took: 0.0000890 seconds
197.504: Application time: 0.0215430 seconds
197.504: [GC [PSYoungGen: 100544K->8112K(107520K)] 325439K->233007K(352256K), 0.0032360 secs] [Times: user=0.02 sys=0.00, real=0.01 secs] 
197.507: Total time for which application threads were stopped: 0.0034100 seconds, Stopping threads took: 0.0000730 seconds
197.542: Application time: 0.0348770 seconds
197.542: [GC [PSYoungGen: 100784K->13696K(107520K)] 325679K->238591K(352256K), 0.0057530 secs] [Times: user=0.04 sys=0.00, real=0.01 secs] 
197.548: Total time for which application threads were stopped: 0.0059520 seconds, Stopping threads took: 0.0000920 seconds
197.583: Application time: 0.0354200 seconds
197.584: [GC [PSYoungGen: 106368K->8384K(107520K)] 331263K->233279K(352256K), 0.0033350 secs] [Times: user=0.02 sys=0.00, real=0.01 secs] 
197.587: Total time for which application threads were stopped: 0.0035150 seconds, Stopping threads took: 0.0000810 seconds
197.626: Application time: 0.0387440 seconds
197.626: [GC [PSYoungGen: 101056K->7744K(107520K)] 325951K->232639K(352256K), 0.0032560 secs] [Times: user=0.02 sys=0.00, real=0.00 secs] 
197.629: Total time for which application threads were stopped: 0.0034870 seconds, Stopping threads took: 0.0001220 seconds
197.662: Application time: 0.0329240 seconds
197.662: [GC [PSYoungGen: 100416K->7936K(107520K)] 325311K->232831K(352256K), 0.0034650 secs] [Times: user=0.02 sys=0.00, real=0.00 secs] 
197.666: Total time for which application threads were stopped: 0.0036480 seconds, Stopping threads took: 0.0000850 seconds
197.697: Application time: 0.0310870 seconds
197.697: [GC [PSYoungGen: 100608K->7808K(107520K)] 325503K->232703K(352256K), 0.0032930 secs] [Times: user=0.02 sys=0.00, real=0.00 secs] 
197.700: Total time for which application threads were stopped: 0.0035030 seconds, Stopping threads took: 0.0001070 seconds
197.726: Application time: 0.0253390 seconds
197.726: [GC [PSYoungGen: 100480K->7904K(107520K)] 325375K->232799K(352256K), 0.0032510 secs] [Times: user=0.03 sys=0.00, real=0.00 secs] 
197.729: Total time for which application threads were stopped: 0.0034700 seconds, Stopping threads took: 0.0001080 seconds
197.751: Application time: 0.0220920 seconds
197.751: [GC [PSYoungGen: 100576K->8016K(107520K)] 325471K->232911K(352256K), 0.0032640 secs] [Times: user=0.02 sys=0.00, real=0.01 secs] 
197.755: Total time for which application threads were stopped: 0.0034520 seconds, Stopping threads took: 0.0000890 seconds
197.781: Application time: 0.0263740 seconds
197.781: [GC [PSYoungGen: 100688K->13840K(107520K)] 325583K->238735K(352256K), 0.0053610 secs] [Times: user=0.04 sys=0.00, real=0.01 secs] 
197.787: Total time for which application threads were stopped: 0.0055580 seconds, Stopping threads took: 0.0000950 seconds
197.823: Application time: 0.0367420 seconds
197.824: [GC [PSYoungGen: 106512K->9312K(107520K)] 331407K->234207K(352256K), 0.0035750 secs] [Times: user=0.02 sys=0.00, real=0.01 secs] 
197.827: Total time for which application threads were stopped: 0.0037540 seconds, Stopping threads took: 0.0000780 seconds
197.864: Application time: 0.0363750 seconds
197.864: [GC [PSYoungGen: 101984K->7936K(107520K)] 326879K->232831K(352256K), 0.0033350 secs] [Times: user=0.03 sys=0.00, real=0.01 secs] 
197.867: Total time for which application threads were stopped: 0.0035160 seconds, Stopping threads took: 0.0000810 seconds
197.905: Application time: 0.0382440 seconds
197.905: [GC [PSYoungGen: 100608K->8000K(107520K)] 325503K->232895K(352256K), 0.0033160 secs] [Times: user=0.02 sys=0.00, real=0.01 secs] 
197.909: Total time for which application threads were stopped: 0.0034760 seconds, Stopping threads took: 0.0000500 seconds
197.938: Application time: 0.0294970 seconds
197.938: [GC [PSYoungGen: 100672K->7808K(107520K)] 325567K->232859K(352256K), 0.0032490 secs] [Times: user=0.02 sys=0.00, real=0.00 secs] 
197.942: Total time for which application threads were stopped: 0.0034360 seconds, Stopping threads took: 0.0000690 seconds
197.971: Application time: 0.0291470 seconds
197.971: [GC [PSYoungGen: 100480K->7600K(107520K)] 325531K->232755K(352256K), 0.0033420 secs] [Times: user=0.00 sys=0.01, real=0.01 secs] 
197.974: Total time for which application threads were stopped: 0.0035140 seconds, Stopping threads took: 0.0000700 seconds
197.996: Application time: 0.0216880 seconds
197.996: [GC [PSYoungGen: 100272K->7776K(107520K)] 325427K->232979K(352256K), 0.0031700 secs] [Times: user=0.02 sys=0.00, real=0.00 secs] 
197.999: Total time for which application threads were stopped: 0.0033830 seconds, Stopping threads took: 0.0001090 seconds
198.027: Application time: 0.0273930 seconds
198.027: [GC [PSYoungGen: 100448K->13376K(107520K)] 325651K->238579K(352256K), 0.0054150 secs] [Times: user=0.03 sys=0.00, real=0.00 secs] 
198.032: Total time for which application threads were stopped: 0.0056160 seconds, Stopping threads took: 0.0000980 seconds
198.063: Application time: 0.0306590 seconds
198.063: [GC [PSYoungGen: 106048K->11776K(107520K)] 331251K->236979K(352256K), 0.0048680 secs] [Times: user=0.03 sys=0.00, real=0.01 secs] 
198.068: Total time for which application threads were stopped: 0.0050860 seconds, Stopping threads took: 0.0001130 seconds
198.106: Application time: 0.0376150 seconds
198.106: [GC [PSYoungGen: 104448K->7712K(107520K)] 329651K->232923K(352256K), 0.0032130 secs] [Times: user=0.02 sys=0.00, real=0.00 secs] 
198.109: Total time for which application threads were stopped: 0.0033930 seconds, Stopping threads took: 0.0000760 seconds
198.148: Application time: 0.0382850 seconds
198.148: [GC [PSYoungGen: 100384K->7472K(107520K)] 325595K->232683K(352256K), 0.0035050 secs] [Times: user=0.03 sys=0.00, real=0.00 secs] 
198.151: Total time for which application threads were stopped: 0.0037060 seconds, Stopping threads took: 0.0001010 seconds
198.183: Application time: 0.0313880 seconds
198.183: [GC [PSYoungGen: 100144K->7760K(107520K)] 325355K->232971K(352256K), 0.0033010 secs] [Times: user=0.02 sys=0.00, real=0.01 secs] 
198.186: Total time for which application threads were stopped: 0.0034930 seconds, Stopping threads took: 0.0000920 seconds
198.216: Application time: 0.0303730 seconds
198.217: [GC [PSYoungGen: 100432K->7792K(107520K)] 325643K->233003K(352256K), 0.0035220 secs] [Times: user=0.02 sys=0.00, real=0.00 secs] 
198.220: Total time for which application threads were stopped: 0.0037320 seconds, Stopping threads took: 0.0001080 seconds
198.242: Application time: 0.0213160 seconds
198.242: [GC [PSYoungGen: 100464K->7856K(107520K)] 325675K->233067K(352256K), 0.0033170 secs] [Times: user=0.02 sys=0.00, real=0.00 secs] 
198.245: Total time for which application threads were stopped: 0.0035000 seconds, Stopping threads took: 0.0000810 seconds
198.270: Application time: 0.0251650 seconds
198.270: [GC [PSYoungGen: 100528K->7936K(107520K)] 325739K->233147K(352256K), 0.0032460 secs] [Times: user=0.03 sys=0.00, real=0.00 secs] 
198.274: Total time for which application threads were stopped: 0.0034110 seconds, Stopping threads took: 0.0000650 seconds
198.305: Application time: 0.0312640 seconds
198.305: [GC [PSYoungGen: 100608K->9776K(107520K)] 325819K->234987K(352256K), 0.0039250 secs] [Times: user=0.02 sys=0.00, real=0.01 secs] 
198.309: Total time for which application threads were stopped: 0.0041050 seconds, Stopping threads took: 0.0000740 seconds
198.342: Application time: 0.0332710 seconds
198.342: [GC [PSYoungGen: 102448K->11392K(107520K)] 327659K->236603K(352256K), 0.0046840 secs] [Times: user=0.03 sys=0.00, real=0.01 secs] 
198.347: Total time for which application threads were stopped: 0.0048640 seconds, Stopping threads took: 0.0000770 seconds
198.385: Application time: 0.0380060 seconds
198.385: [GC [PSYoungGen: 104064K->7872K(107520K)] 329275K->233083K(352256K), 0.0033130 secs] [Times: user=0.02 sys=0.00, real=0.01 secs] 
198.389: Total time for which application threads were stopped: 0.0035270 seconds, Stopping threads took: 0.0001020 seconds
198.422: Application time: 0.0334590 seconds
198.422: [GC [PSYoungGen: 100544K->7712K(107520K)] 325755K->232923K(352256K), 0.0032130 secs] [Times: user=0.02 sys=0.00, real=0.00 secs] 
198.426: Total time for which application threads were stopped: 0.0033950 seconds, Stopping threads took: 0.0000820 seconds
198.458: Application time: 0.0326450 seconds
198.458: [GC [PSYoungGen: 100384K->7872K(107520K)] 325595K->233083K(352256K), 0.0032910 secs] [Times: user=0.02 sys=0.00, real=0.00 secs] 
198.462: Total time for which application threads were stopped: 0.0034930 seconds, Stopping threads took: 0.0000840 seconds
198.486: Application time: 0.0242810 seconds
198.486: [GC [PSYoungGen: 100544K->7920K(107520K)] 325755K->233131K(352256K), 0.0032960 secs] [Times: user=0.02 sys=0.00, real=0.00 secs] 
198.489: Total time for which application threads were stopped: 0.0034610 seconds, Stopping threads took: 0.0000670 seconds
198.513: Application time: 0.0238500 seconds
198.513: [GC [PSYoungGen: 100592K->7904K(107520K)] 325803K->233115K(352256K), 0.0032670 secs] [Times: user=0.02 sys=0.00, real=0.01 secs] 
198.517: Total time for which application threads were stopped: 0.0034710 seconds, Stopping threads took: 0.0001000 seconds
198.543: Application time: 0.0265980 seconds
198.543: [GC [PSYoungGen: 100576K->12496K(107520K)] 325787K->237707K(352256K), 0.0049060 secs] [Times: user=0.03 sys=0.00, real=0.01 secs] 
198.548: Total time for which application threads were stopped: 0.0050810 seconds, Stopping threads took: 0.0000700 seconds
198.581: Application time: 0.0329940 seconds
198.582: [GC [PSYoungGen: 105168K->8656K(107520K)] 330379K->233867K(352256K), 0.0034270 secs] [Times: user=0.03 sys=0.00, real=0.00 secs] 
198.585: Total time for which application threads were stopped: 0.0036190 seconds, Stopping threads took: 0.0000920 seconds
198.622: Application time: 0.0374390 seconds
198.623: [GC [PSYoungGen: 101328K->8112K(107520K)] 326539K->233323K(352256K), 0.0032750 secs] [Times: user=0.02 sys=0.00, real=0.01 secs] 
198.626: Total time for which application threads were stopped: 0.0034630 seconds, Stopping threads took: 0.0000840 seconds
198.663: Application time: 0.0374530 seconds
198.664: [GC [PSYoungGen: 100784K->7760K(107520K)] 325995K->232971K(352256K), 0.0032980 secs] [Times: user=0.02 sys=0.00, real=0.01 secs] 
198.667: Total time for which application threads were stopped: 0.0035160 seconds, Stopping threads took: 0.0001140 seconds
198.698: Application time: 0.0314780 seconds
198.699: [GC [PSYoungGen: 100432K->7696K(107520K)] 325643K->233059K(352256K), 0.0035190 secs] [Times: user=0.02 sys=0.00, real=0.00 secs] 
198.702: Total time for which application threads were stopped: 0.0037210 seconds, Stopping threads took: 0.0001020 seconds
198.731: Application time: 0.0289260 seconds
198.731: [GC [PSYoungGen: 100368K->7744K(107520K)] 325731K->233203K(352256K), 0.0033230 secs] [Times: user=0.03 sys=0.00, real=0.01 secs] 
198.736: Total time for which application threads were stopped: 0.0045240 seconds, Stopping threads took: 0.0000890 seconds
198.758: Application time: 0.0220090 seconds
198.758: [GC [PSYoungGen: 100416K->7648K(107520K)] 325875K->233195K(352256K), 0.0032510 secs] [Times: user=0.03 sys=0.00, real=0.00 secs] 
198.761: Total time for which application threads were stopped: 0.0034360 seconds, Stopping threads took: 0.0000870 seconds
198.787: Application time: 0.0263420 seconds
198.788: [GC [PSYoungGen: 100320K->9568K(107520K)] 325867K->235115K(352256K), 0.0038210 secs] [Times: user=0.02 sys=0.00, real=0.00 secs] 
198.791: Total time for which application threads were stopped: 0.0040190 seconds, Stopping threads took: 0.0000940 seconds
198.822: Application time: 0.0301270 seconds
198.822: [GC [PSYoungGen: 102240K->11536K(107520K)] 327787K->237083K(352256K), 0.0046480 secs] [Times: user=0.03 sys=0.01, real=0.01 secs] 
198.826: Total time for which application threads were stopped: 0.0048130 seconds, Stopping threads took: 0.0000620 seconds
198.863: Application time: 0.0370930 seconds
198.864: [GC [PSYoungGen: 104208K->8320K(107520K)] 329755K->233867K(352256K), 0.0036570 secs] [Times: user=0.02 sys=0.00, real=0.01 secs] 
198.867: Total time for which application threads were stopped: 0.0038430 seconds, Stopping threads took: 0.0000830 seconds
198.905: Application time: 0.0381450 seconds
198.906: [GC [PSYoungGen: 100992K->7712K(107520K)] 326539K->233259K(352256K), 0.0034900 secs] [Times: user=0.02 sys=0.00, real=0.01 secs] 
198.909: Total time for which application threads were stopped: 0.0037190 seconds, Stopping threads took: 0.0001250 seconds
198.940: Application time: 0.0311980 seconds
198.941: [GC [PSYoungGen: 100384K->7712K(107520K)] 325931K->233260K(352256K), 0.0032760 secs] [Times: user=0.03 sys=0.00, real=0.00 secs] 
198.944: Total time for which application threads were stopped: 0.0034740 seconds, Stopping threads took: 0.0000970 seconds
198.975: Application time: 0.0313130 seconds
198.975: [GC [PSYoungGen: 100384K->7888K(107520K)] 325932K->233436K(352256K), 0.0033810 secs] [Times: user=0.02 sys=0.00, real=0.00 secs] 
198.979: Total time for which application threads were stopped: 0.0035930 seconds, Stopping threads took: 0.0000950 seconds
199.002: Application time: 0.0234280 seconds
199.006: [GC [PSYoungGen: 100560K->7936K(107520K)] 326108K->233484K(352256K), 0.0031560 secs] [Times: user=0.02 sys=0.00, real=0.00 secs] 
199.009: Total time for which application threads were stopped: 0.0070510 seconds, Stopping threads took: 0.0037920 seconds
199.033: Application time: 0.0239220 seconds
199.033: [GC [PSYoungGen: 100608K->7824K(107520K)] 326156K->233372K(352256K), 0.0032580 secs] [Times: user=0.02 sys=0.00, real=0.01 secs] 
199.037: Total time for which application threads were stopped: 0.0034220 seconds, Stopping threads took: 0.0000630 seconds
199.070: Application time: 0.0329380 seconds
199.070: [GC [PSYoungGen: 100496K->8976K(107520K)] 326044K->234524K(352256K), 0.0036350 secs] [Times: user=0.03 sys=0.00, real=0.00 secs] 
199.073: Total time for which application threads were stopped: 0.0038140 seconds, Stopping threads took: 0.0000790 seconds
199.105: Application time: 0.0314030 seconds
199.105: [GC [PSYoungGen: 101648K->8448K(107520K)] 327196K->233996K(352256K), 0.0037410 secs] [Times: user=0.02 sys=0.00, real=0.01 secs] 
199.109: Total time for which application threads were stopped: 0.0039180 seconds, Stopping threads took: 0.0000740 seconds
199.147: Application time: 0.0381910 seconds
199.147: [GC [PSYoungGen: 101120K->7680K(107520K)] 326668K->233227K(352256K), 0.0033010 secs] [Times: user=0.02 sys=0.00, real=0.00 secs] 
199.150: Total time for which application threads were stopped: 0.0034920 seconds, Stopping threads took: 0.0000900 seconds
199.185: Application time: 0.0349970 seconds
199.186: [GC [PSYoungGen: 100352K->7648K(107520K)] 325899K->233195K(352256K), 0.0032050 secs] [Times: user=0.02 sys=0.00, real=0.01 secs] 
199.189: Total time for which application threads were stopped: 0.0034170 seconds, Stopping threads took: 0.0001080 seconds
199.220: Application time: 0.0312660 seconds
199.220: [GC [PSYoungGen: 100320K->8064K(107520K)] 325867K->233612K(352256K), 0.0034880 secs] [Times: user=0.02 sys=0.00, real=0.00 secs] 
199.224: Total time for which application threads were stopped: 0.0036680 seconds, Stopping threads took: 0.0000770 seconds
199.251: Application time: 0.0273600 seconds
199.251: [GC [PSYoungGen: 100736K->7952K(107520K)] 326284K->233500K(352256K), 0.0032450 secs] [Times: user=0.02 sys=0.00, real=0.01 secs] 
199.254: Total time for which application threads were stopped: 0.0034120 seconds, Stopping threads took: 0.0000630 seconds
199.277: Application time: 0.0221920 seconds
199.278: [GC [PSYoungGen: 100624K->8096K(107520K)] 326172K->233643K(352256K), 0.0034590 secs] [Times: user=0.02 sys=0.00, real=0.00 secs] 
199.282: Total time for which application threads were stopped: 0.0048530 seconds, Stopping threads took: 0.0012890 seconds
199.307: Application time: 0.0256170 seconds
199.307: [GC [PSYoungGen: 100768K->14576K(107520K)] 326315K->240124K(352256K), 0.0056590 secs] [Times: user=0.04 sys=0.00, real=0.00 secs] 
199.313: Total time for which application threads were stopped: 0.0058640 seconds, Stopping threads took: 0.0001030 seconds
199.346: Application time: 0.0326990 seconds
199.346: [GC [PSYoungGen: 107248K->13616K(107520K)] 332796K->239164K(352256K), 0.0055550 secs] [Times: user=0.02 sys=0.01, real=0.01 secs] 
199.351: Total time for which application threads were stopped: 0.0057320 seconds, Stopping threads took: 0.0000750 seconds
199.388: Application time: 0.0361770 seconds
199.388: [GC [PSYoungGen: 106288K->8352K(107520K)] 331836K->233900K(352256K), 0.0033920 secs] [Times: user=0.03 sys=0.00, real=0.00 secs] 
199.391: Total time for which application threads were stopped: 0.0035870 seconds, Stopping threads took: 0.0000900 seconds
199.430: Application time: 0.0388780 seconds
199.430: [GC [PSYoungGen: 101024K->7744K(107520K)] 326572K->233292K(352256K), 0.0032160 secs] [Times: user=0.02 sys=0.00, real=0.00 secs] 
199.433: Total time for which application threads were stopped: 0.0034020 seconds, Stopping threads took: 0.0000830 seconds
199.465: Application time: 0.0312900 seconds
199.465: [GC [PSYoungGen: 100416K->7760K(107520K)] 325964K->233456K(352256K), 0.0032430 secs] [Times: user=0.02 sys=0.00, real=0.01 secs] 
199.468: Total time for which application threads were stopped: 0.0034310 seconds, Stopping threads took: 0.0000860 seconds
199.498: Application time: 0.0295480 seconds
199.498: [GC [PSYoungGen: 100432K->7888K(107520K)] 326128K->233680K(352256K), 0.0031900 secs] [Times: user=0.02 sys=0.00, real=0.00 secs] 
199.501: Total time for which application threads were stopped: 0.0034090 seconds, Stopping threads took: 0.0000900 seconds
199.523: Application time: 0.0214600 seconds
199.523: [GC [PSYoungGen: 100560K->7600K(107520K)] 326352K->233480K(352256K), 0.0031390 secs] [Times: user=0.02 sys=0.00, real=0.01 secs] 
199.526: Total time for which application threads were stopped: 0.0033280 seconds, Stopping threads took: 0.0000870 seconds
199.551: Application time: 0.0246720 seconds
199.551: [GC [PSYoungGen: 100272K->9152K(107520K)] 326152K->235032K(352256K), 0.0037450 secs] [Times: user=0.02 sys=0.00, real=0.01 secs] 
199.555: Total time for which application threads were stopped: 0.0039400 seconds, Stopping threads took: 0.0000880 seconds
199.587: Application time: 0.0320400 seconds
199.587: [GC [PSYoungGen: 101824K->9824K(107520K)] 327704K->235704K(352256K), 0.0039340 secs] [Times: user=0.03 sys=0.00, real=0.00 secs] 
199.591: Total time for which application threads were stopped: 0.0041280 seconds, Stopping threads took: 0.0000920 seconds
199.625: Application time: 0.0342820 seconds
199.625: [GC [PSYoungGen: 102496K->8000K(107520K)] 328376K->233896K(352256K), 0.0032390 secs] [Times: user=0.03 sys=0.00, real=0.01 secs] 
199.628: Total time for which application threads were stopped: 0.0034240 seconds, Stopping threads took: 0.0000830 seconds
199.667: Application time: 0.0382180 seconds
199.667: [GC [PSYoungGen: 100672K->7616K(107520K)] 326568K->233512K(352256K), 0.0034800 secs] [Times: user=0.03 sys=0.00, real=0.00 secs] 
199.670: Total time for which application threads were stopped: 0.0036650 seconds, Stopping threads took: 0.0000840 seconds
199.702: Application time: 0.0321200 seconds
199.703: [GC [PSYoungGen: 100288K->7776K(107520K)] 326184K->233672K(352256K), 0.0034770 secs] [Times: user=0.02 sys=0.00, real=0.01 secs] 
199.706: Total time for which application threads were stopped: 0.0036610 seconds, Stopping threads took: 0.0000840 seconds
199.738: Application time: 0.0315400 seconds
199.738: [GC [PSYoungGen: 100448K->7632K(107520K)] 326344K->233528K(352256K), 0.0032210 secs] [Times: user=0.02 sys=0.00, real=0.00 secs] 
199.741: Total time for which application threads were stopped: 0.0034560 seconds, Stopping threads took: 0.0001270 seconds
199.767: Application time: 0.0257660 seconds
199.767: [GC [PSYoungGen: 100304K->7888K(107520K)] 326200K->233784K(352256K), 0.0033050 secs] [Times: user=0.02 sys=0.00, real=0.00 secs] 
199.770: Total time for which application threads were stopped: 0.0034900 seconds, Stopping threads took: 0.0000740 seconds
199.794: Application time: 0.0232610 seconds
199.794: [GC [PSYoungGen: 100560K->7968K(107520K)] 326456K->233864K(352256K), 0.0033860 secs] [Times: user=0.01 sys=0.00, real=0.01 secs] 
199.797: Total time for which application threads were stopped: 0.0035840 seconds, Stopping threads took: 0.0000980 seconds
199.825: Application time: 0.0279230 seconds
199.825: [GC [PSYoungGen: 100640K->14592K(107520K)] 326536K->240488K(352256K), 0.0056920 secs] [Times: user=0.04 sys=0.00, real=0.01 secs] 
199.831: Total time for which application threads were stopped: 0.0058760 seconds, Stopping threads took: 0.0000800 seconds
199.864: Application time: 0.0333900 seconds
199.865: [GC [PSYoungGen: 107264K->8928K(107520K)] 333160K->234824K(352256K), 0.0037590 secs] [Times: user=0.02 sys=0.00, real=0.01 secs] 
199.868: Total time for which application threads were stopped: 0.0039420 seconds, Stopping threads took: 0.0000830 seconds
199.906: Application time: 0.0371890 seconds
199.906: [GC [PSYoungGen: 101600K->7856K(107520K)] 327496K->233752K(352256K), 0.0033040 secs] [Times: user=0.03 sys=0.00, real=0.01 secs] 
199.909: Total time for which application threads were stopped: 0.0035220 seconds, Stopping threads took: 0.0001160 seconds
199.946: Application time: 0.0372800 seconds
199.947: [GC [PSYoungGen: 100528K->7824K(107520K)] 326424K->233720K(352256K), 0.0034720 secs] [Times: user=0.02 sys=0.00, real=0.00 secs] 
199.950: Total time for which application threads were stopped: 0.0036510 seconds, Stopping threads took: 0.0000790 seconds
199.980: Application time: 0.0301110 seconds
199.980: [GC [PSYoungGen: 100496K->8112K(107520K)] 326392K->234008K(352256K), 0.0034160 secs] [Times: user=0.02 sys=0.00, real=0.00 secs] 
199.984: Total time for which application threads were stopped: 0.0036080 seconds, Stopping threads took: 0.0000920 seconds
200.014: Application time: 0.0300900 seconds
200.014: [GC [PSYoungGen: 100784K->8064K(107520K)] 326680K->233960K(352256K), 0.0035660 secs] [Times: user=0.01 sys=0.00, real=0.00 secs] 
200.018: Total time for which application threads were stopped: 0.0037970 seconds, Stopping threads took: 0.0001160 seconds
200.038: Application time: 0.0207670 seconds
200.039: [GC [PSYoungGen: 100736K->7888K(107520K)] 326632K->233784K(352256K), 0.0032740 secs] [Times: user=0.02 sys=0.01, real=0.00 secs] 
200.042: Total time for which application threads were stopped: 0.0034830 seconds, Stopping threads took: 0.0000950 seconds
200.067: Application time: 0.0249490 seconds
200.067: [GC [PSYoungGen: 100560K->11952K(107520K)] 326456K->237848K(352256K), 0.0047300 secs] [Times: user=0.03 sys=0.00, real=0.00 secs] 
200.072: Total time for which application threads were stopped: 0.0049140 seconds, Stopping threads took: 0.0000830 seconds
200.105: Application time: 0.0337000 seconds
200.106: [GC [PSYoungGen: 104624K->11632K(107520K)] 330520K->237528K(352256K), 0.0047800 secs] [Times: user=0.03 sys=0.00, real=0.01 secs] 
200.110: Total time for which application threads were stopped: 0.0049520 seconds, Stopping threads took: 0.0000690 seconds
200.145: Application time: 0.0347120 seconds
200.145: [GC [PSYoungGen: 104304K->9024K(107520K)] 330200K->234920K(352256K), 0.0036490 secs] [Times: user=0.03 sys=0.00, real=0.01 secs] 
200.149: Total time for which application threads were stopped: 0.0038250 seconds, Stopping threads took: 0.0000700 seconds
200.189: Application time: 0.0397960 seconds
200.189: [GC [PSYoungGen: 101696K->7728K(107520K)] 327592K->233624K(352256K), 0.0036080 secs] [Times: user=0.02 sys=0.00, real=0.00 secs] 
200.193: Total time for which application threads were stopped: 0.0037690 seconds, Stopping threads took: 0.0000540 seconds
200.224: Application time: 0.0309630 seconds
200.224: [GC [PSYoungGen: 100400K->7696K(107520K)] 326296K->233680K(352256K), 0.0034160 secs] [Times: user=0.02 sys=0.00, real=0.01 secs] 
200.227: Total time for which application threads were stopped: 0.0036170 seconds, Stopping threads took: 0.0000930 seconds
200.258: Application time: 0.0308240 seconds
200.262: [GC [PSYoungGen: 100368K->7616K(107520K)] 326352K->233736K(352256K), 0.0034760 secs] [Times: user=0.02 sys=0.00, real=0.00 secs] 
200.265: Total time for which application threads were stopped: 0.0075310 seconds, Stopping threads took: 0.0039550 seconds
200.289: Application time: 0.0231010 seconds
200.289: [GC [PSYoungGen: 100288K->7792K(107520K)] 326408K->233960K(352256K), 0.0032470 secs] [Times: user=0.02 sys=0.00, real=0.00 secs] 
200.292: Total time for which application threads were stopped: 0.0034520 seconds, Stopping threads took: 0.0001040 seconds
200.315: Application time: 0.0231670 seconds
200.315: [GC [PSYoungGen: 100464K->8064K(107520K)] 326632K->234288K(352256K), 0.0032210 secs] [Times: user=0.02 sys=0.00, real=0.00 secs] 
200.319: Total time for which application threads were stopped: 0.0033980 seconds, Stopping threads took: 0.0000760 seconds
200.353: Application time: 0.0346700 seconds
200.353: [GC [PSYoungGen: 100736K->10432K(107520K)] 326960K->236656K(352256K), 0.0041770 secs] [Times: user=0.03 sys=0.00, real=0.01 secs] 
200.358: Total time for which application threads were stopped: 0.0043570 seconds, Stopping threads took: 0.0000750 seconds
200.388: Application time: 0.0307310 seconds
200.388: [GC [PSYoungGen: 103104K->8208K(107520K)] 329328K->234440K(352256K), 0.0034090 secs] [Times: user=0.02 sys=0.00, real=0.00 secs] 
200.392: Total time for which application threads were stopped: 0.0035740 seconds, Stopping threads took: 0.0000650 seconds
200.431: Application time: 0.0392170 seconds
200.431: [GC [PSYoungGen: 100880K->7808K(107520K)] 327112K->234040K(352256K), 0.0035570 secs] [Times: user=0.02 sys=0.00, real=0.01 secs] 
200.435: Total time for which application threads were stopped: 0.0037660 seconds, Stopping threads took: 0.0001060 seconds
200.468: Application time: 0.0328590 seconds
200.468: [GC [PSYoungGen: 100480K->7648K(107520K)] 326712K->233880K(352256K), 0.0032120 secs] [Times: user=0.02 sys=0.00, real=0.00 secs] 
200.471: Total time for which application threads were stopped: 0.0033980 seconds, Stopping threads took: 0.0000820 seconds
200.503: Application time: 0.0322290 seconds
200.504: [GC [PSYoungGen: 100320K->7712K(107520K)] 326552K->233944K(352256K), 0.0033920 secs] [Times: user=0.03 sys=0.00, real=0.01 secs] 
200.507: Total time for which application threads were stopped: 0.0036030 seconds, Stopping threads took: 0.0001120 seconds
200.534: Application time: 0.0267540 seconds
200.534: [GC [PSYoungGen: 100384K->8000K(107520K)] 326616K->234232K(352256K), 0.0034260 secs] [Times: user=0.02 sys=0.00, real=0.00 secs] 
200.537: Total time for which application threads were stopped: 0.0036250 seconds, Stopping threads took: 0.0000830 seconds
200.560: Application time: 0.0221790 seconds
200.560: [GC [PSYoungGen: 100672K->8144K(107520K)] 326904K->234376K(352256K), 0.0035840 secs] [Times: user=0.02 sys=0.00, real=0.00 secs] 
200.563: Total time for which application threads were stopped: 0.0037630 seconds, Stopping threads took: 0.0000870 seconds
200.592: Application time: 0.0286930 seconds
200.592: [GC [PSYoungGen: 100816K->10000K(107520K)] 327048K->236232K(352256K), 0.0038940 secs] [Times: user=0.03 sys=0.00, real=0.01 secs] 
200.596: Total time for which application threads were stopped: 0.0040710 seconds, Stopping threads took: 0.0000780 seconds
200.630: Application time: 0.0342970 seconds
200.631: [GC [PSYoungGen: 102672K->9808K(107520K)] 328904K->236040K(352256K), 0.0039780 secs] [Times: user=0.03 sys=0.00, real=0.01 secs] 
200.635: Total time for which application threads were stopped: 0.0041370 seconds, Stopping threads took: 0.0000570 seconds
200.670: Application time: 0.0352350 seconds
200.670: [GC [PSYoungGen: 102480K->9520K(107520K)] 328712K->235752K(352256K), 0.0041030 secs] [Times: user=0.03 sys=0.00, real=0.01 secs] 
200.674: Total time for which application threads were stopped: 0.0043070 seconds, Stopping threads took: 0.0001040 seconds
200.713: Application time: 0.0384570 seconds
200.713: [GC [PSYoungGen: 102192K->7952K(107520K)] 328424K->234184K(352256K), 0.0036110 secs] [Times: user=0.03 sys=0.00, real=0.01 secs] 
200.716: Total time for which application threads were stopped: 0.0037960 seconds, Stopping threads took: 0.0000800 seconds
200.747: Application time: 0.0301330 seconds
200.747: [GC [PSYoungGen: 100624K->7888K(107520K)] 326856K->234120K(352256K), 0.0035600 secs] [Times: user=0.02 sys=0.00, real=0.00 secs] 
200.750: Total time for which application threads were stopped: 0.0037390 seconds, Stopping threads took: 0.0000760 seconds
200.781: Application time: 0.0307990 seconds
200.781: [GC [PSYoungGen: 100560K->8000K(107520K)] 326792K->234232K(352256K), 0.0033550 secs] [Times: user=0.02 sys=0.00, real=0.00 secs] 
200.785: Total time for which application threads were stopped: 0.0035590 seconds, Stopping threads took: 0.0001050 seconds
200.807: Application time: 0.0223160 seconds
200.807: [GC [PSYoungGen: 100672K->7840K(107520K)] 326904K->234072K(352256K), 0.0033940 secs] [Times: user=0.02 sys=0.00, real=0.00 secs] 
200.811: Total time for which application threads were stopped: 0.0035790 seconds, Stopping threads took: 0.0000870 seconds
200.834: Application time: 0.0236470 seconds
200.834: [GC [PSYoungGen: 100512K->10576K(107520K)] 326744K->236808K(352256K), 0.0041980 secs] [Times: user=0.03 sys=0.00, real=0.00 secs] 
200.839: Total time for which application threads were stopped: 0.0043810 seconds, Stopping threads took: 0.0000820 seconds
200.873: Application time: 0.0342380 seconds
200.873: [GC [PSYoungGen: 103248K->12144K(107520K)] 329480K->238376K(352256K), 0.0047750 secs] [Times: user=0.04 sys=0.00, real=0.01 secs] 
200.878: Total time for which application threads were stopped: 0.0049770 seconds, Stopping threads took: 0.0000990 seconds
200.910: Application time: 0.0321460 seconds
200.910: [GC [PSYoungGen: 104816K->8192K(107520K)] 331048K->234424K(352256K), 0.0033700 secs] [Times: user=0.03 sys=0.00, real=0.00 secs] 
200.913: Total time for which application threads were stopped: 0.0035400 seconds, Stopping threads took: 0.0000700 seconds
200.953: Application time: 0.0399840 seconds
200.954: [GC [PSYoungGen: 100864K->8016K(107520K)] 327096K->234248K(352256K), 0.0034650 secs] [Times: user=0.02 sys=0.00, real=0.01 secs] 
200.957: Total time for which application threads were stopped: 0.0036670 seconds, Stopping threads took: 0.0001000 seconds
200.990: Application time: 0.0324680 seconds
200.990: [GC [PSYoungGen: 100688K->7952K(107520K)] 326920K->234184K(352256K), 0.0033560 secs] [Times: user=0.02 sys=0.00, real=0.00 secs] 
200.993: Total time for which application threads were stopped: 0.0035310 seconds, Stopping threads took: 0.0000720 seconds
201.024: Application time: 0.0306270 seconds
201.024: [GC [PSYoungGen: 100624K->7728K(107520K)] 326856K->234172K(352256K), 0.0033660 secs] [Times: user=0.03 sys=0.00, real=0.01 secs] 
201.027: Total time for which application threads were stopped: 0.0035520 seconds, Stopping threads took: 0.0000830 seconds
201.053: Application time: 0.0258830 seconds
201.053: [GC [PSYoungGen: 100400K->7696K(107520K)] 326844K->234188K(352256K), 0.0032260 secs] [Times: user=0.03 sys=0.00, real=0.01 secs] 
201.057: Total time for which application threads were stopped: 0.0034450 seconds, Stopping threads took: 0.0000940 seconds
201.077: Application time: 0.0206500 seconds
201.077: [GC [PSYoungGen: 100368K->7664K(107520K)] 326860K->234212K(352256K), 0.0031840 secs] [Times: user=0.02 sys=0.00, real=0.00 secs] 
201.081: Total time for which application threads were stopped: 0.0033540 seconds, Stopping threads took: 0.0000670 seconds
201.113: Application time: 0.0327000 seconds
201.113: [GC [PSYoungGen: 100336K->11616K(107520K)] 326884K->238164K(352256K), 0.0045670 secs] [Times: user=0.04 sys=0.00, real=0.01 secs] 
201.118: Total time for which application threads were stopped: 0.0047710 seconds, Stopping threads took: 0.0001020 seconds
201.150: Application time: 0.0321590 seconds
201.150: [GC [PSYoungGen: 104288K->8032K(107520K)] 330836K->234588K(352256K), 0.0033180 secs] [Times: user=0.02 sys=0.00, real=0.00 secs] 
201.154: Total time for which application threads were stopped: 0.0035070 seconds, Stopping threads took: 0.0000880 seconds
201.192: Application time: 0.0377250 seconds
201.192: [GC [PSYoungGen: 100704K->8160K(107520K)] 327260K->234716K(352256K), 0.0036470 secs] [Times: user=0.02 sys=0.00, real=0.01 secs] 
201.195: Total time for which application threads were stopped: 0.0038410 seconds, Stopping threads took: 0.0000890 seconds
201.231: Application time: 0.0357510 seconds
201.234: [GC [PSYoungGen: 100832K->7456K(107520K)] 327388K->234012K(352256K), 0.0033280 secs] [Times: user=0.02 sys=0.00, real=0.00 secs] 
201.237: Total time for which application threads were stopped: 0.0063660 seconds, Stopping threads took: 0.0029380 seconds
201.267: Application time: 0.0298420 seconds
201.267: [GC [PSYoungGen: 100128K->7856K(107520K)] 326684K->234412K(352256K), 0.0035380 secs] [Times: user=0.02 sys=0.00, real=0.00 secs] 
201.271: Total time for which application threads were stopped: 0.0037450 seconds, Stopping threads took: 0.0001060 seconds
201.300: Application time: 0.0294310 seconds
201.301: [GC [PSYoungGen: 100528K->7776K(107520K)] 327084K->234332K(352256K), 0.0035480 secs] [Times: user=0.02 sys=0.00, real=0.00 secs] 
201.304: Total time for which application threads were stopped: 0.0037580 seconds, Stopping threads took: 0.0001080 seconds
201.326: Application time: 0.0214520 seconds
201.326: [GC [PSYoungGen: 100448K->8144K(107520K)] 327004K->234700K(352256K), 0.0032910 secs] [Times: user=0.01 sys=0.00, real=0.01 secs] 
201.329: Total time for which application threads were stopped: 0.0034830 seconds, Stopping threads took: 0.0000900 seconds
201.354: Application time: 0.0248110 seconds
201.354: [GC [PSYoungGen: 100816K->10704K(107520K)] 327372K->237260K(352256K), 0.0042710 secs] [Times: user=0.03 sys=0.00, real=0.00 secs] 
201.358: Total time for which application threads were stopped: 0.0044660 seconds, Stopping threads took: 0.0000900 seconds
201.394: Application time: 0.0356330 seconds
201.394: [GC [PSYoungGen: 103376K->12048K(107520K)] 329932K->238604K(352256K), 0.0047350 secs] [Times: user=0.03 sys=0.00, real=0.00 secs] 
201.399: Total time for which application threads were stopped: 0.0049290 seconds, Stopping threads took: 0.0000920 seconds
201.433: Application time: 0.0338540 seconds
201.433: [GC [PSYoungGen: 104720K->9664K(107520K)] 331276K->236220K(352256K), 0.0039860 secs] [Times: user=0.03 sys=0.00, real=0.01 secs] 
201.437: Total time for which application threads were stopped: 0.0041470 seconds, Stopping threads took: 0.0000550 seconds
201.476: Application time: 0.0394180 seconds
201.477: [GC [PSYoungGen: 102336K->7904K(107520K)] 328892K->234460K(352256K), 0.0032740 secs] [Times: user=0.02 sys=0.00, real=0.00 secs] 
201.480: Total time for which application threads were stopped: 0.0034770 seconds, Stopping threads took: 0.0000990 seconds
201.511: Application time: 0.0310310 seconds
201.511: [GC [PSYoungGen: 100576K->7792K(107520K)] 327132K->234348K(352256K), 0.0033330 secs] [Times: user=0.02 sys=0.00, real=0.01 secs] 
201.514: Total time for which application threads were stopped: 0.0035120 seconds, Stopping threads took: 0.0000730 seconds
201.546: Application time: 0.0314450 seconds
201.546: [GC [PSYoungGen: 100464K->7840K(107520K)] 327020K->234396K(352256K), 0.0033310 secs] [Times: user=0.02 sys=0.00, real=0.00 secs] 
201.549: Total time for which application threads were stopped: 0.0035040 seconds, Stopping threads took: 0.0000700 seconds
201.573: Application time: 0.0233260 seconds
201.573: [GC [PSYoungGen: 100512K->7984K(107520K)] 327068K->234540K(352256K), 0.0033490 secs] [Times: user=0.02 sys=0.00, real=0.01 secs] 
201.576: Total time for which application threads were stopped: 0.0035500 seconds, Stopping threads took: 0.0000810 seconds
201.599: Application time: 0.0226300 seconds
201.599: [GC [PSYoungGen: 100656K->8768K(107520K)] 327212K->235324K(352256K), 0.0037280 secs] [Times: user=0.03 sys=0.00, real=0.00 secs] 
201.603: Total time for which application threads were stopped: 0.0039250 seconds, Stopping threads took: 0.0000860 seconds
201.635: Application time: 0.0319780 seconds
201.635: [GC [PSYoungGen: 101440K->10736K(107520K)] 327996K->237292K(352256K), 0.0041600 secs] [Times: user=0.03 sys=0.00, real=0.00 secs] 
201.639: Total time for which application threads were stopped: 0.0043460 seconds, Stopping threads took: 0.0000850 seconds
201.673: Application time: 0.0335170 seconds
201.673: [GC [PSYoungGen: 103408K->8032K(107520K)] 329964K->234588K(352256K), 0.0032630 secs] [Times: user=0.03 sys=0.00, real=0.01 secs] 
201.676: Total time for which application threads were stopped: 0.0034520 seconds, Stopping threads took: 0.0000870 seconds
201.715: Application time: 0.0389330 seconds
201.715: [GC [PSYoungGen: 100704K->7680K(107520K)] 327260K->234236K(352256K), 0.0033720 secs] [Times: user=0.02 sys=0.00, real=0.00 secs] 
201.719: Total time for which application threads were stopped: 0.0035670 seconds, Stopping threads took: 0.0000940 seconds
201.753: Application time: 0.0341980 seconds
201.753: [GC [PSYoungGen: 100352K->7888K(107520K)] 326908K->234500K(352256K), 0.0033550 secs] [Times: user=0.03 sys=0.00, real=0.01 secs] 
201.756: Total time for which application threads were stopped: 0.0035250 seconds, Stopping threads took: 0.0000700 seconds
201.786: Application time: 0.0296570 seconds
201.786: [GC [PSYoungGen: 100560K->7568K(107520K)] 327172K->234336K(352256K), 0.0032870 secs] [Times: user=0.03 sys=0.00, real=0.00 secs] 
201.790: Total time for which application threads were stopped: 0.0034500 seconds, Stopping threads took: 0.0000590 seconds
201.816: Application time: 0.0263370 seconds
201.816: [GC [PSYoungGen: 100240K->7728K(107520K)] 327008K->234584K(352256K), 0.0032270 secs] [Times: user=0.02 sys=0.00, real=0.00 secs] 
201.819: Total time for which application threads were stopped: 0.0034350 seconds, Stopping threads took: 0.0001040 seconds
201.841: Application time: 0.0216720 seconds
201.841: [GC [PSYoungGen: 100400K->8320K(107520K)] 327256K->235232K(352256K), 0.0033370 secs] [Times: user=0.03 sys=0.00, real=0.00 secs] 
201.845: Total time for which application threads were stopped: 0.0035440 seconds, Stopping threads took: 0.0001050 seconds
201.873: Application time: 0.0288280 seconds
201.874: [GC [PSYoungGen: 100992K->11600K(107520K)] 327904K->238513K(352256K), 0.0045630 secs] [Times: user=0.03 sys=0.00, real=0.01 secs] 
201.878: Total time for which application threads were stopped: 0.0047550 seconds, Stopping threads took: 0.0000910 seconds
201.912: Application time: 0.0337750 seconds
201.912: [GC [PSYoungGen: 104272K->8736K(107520K)] 331185K->235657K(352256K), 0.0034530 secs] [Times: user=0.02 sys=0.00, real=0.01 secs] 
201.916: Total time for which application threads were stopped: 0.0036460 seconds, Stopping threads took: 0.0000920 seconds
201.952: Application time: 0.0361560 seconds
201.952: [GC [PSYoungGen: 101408K->7872K(107520K)] 328329K->234793K(352256K), 0.0035230 secs] [Times: user=0.02 sys=0.00, real=0.01 secs] 
201.955: Total time for which application threads were stopped: 0.0037090 seconds, Stopping threads took: 0.0000820 seconds
201.993: Application time: 0.0372830 seconds
201.993: [GC [PSYoungGen: 100544K->7824K(107520K)] 327465K->234745K(352256K), 0.0034830 secs] [Times: user=0.03 sys=0.00, real=0.01 secs] 
201.996: Total time for which application threads were stopped: 0.0036750 seconds, Stopping threads took: 0.0000860 seconds
202.027: Application time: 0.0304260 seconds
202.027: [GC [PSYoungGen: 100496K->7888K(107520K)] 327417K->234809K(352256K), 0.0035200 secs] [Times: user=0.02 sys=0.00, real=0.00 secs] 
202.030: Total time for which application threads were stopped: 0.0036870 seconds, Stopping threads took: 0.0000650 seconds
202.061: Application time: 0.0302630 seconds
202.061: [GC [PSYoungGen: 100560K->8032K(107520K)] 327481K->234953K(352256K), 0.0036070 secs] [Times: user=0.03 sys=0.00, real=0.00 secs] 
202.065: Total time for which application threads were stopped: 0.0038260 seconds, Stopping threads took: 0.0001130 seconds
202.086: Application time: 0.0216560 seconds
202.090: [GC [PSYoungGen: 100704K->8000K(107520K)] 327625K->234921K(352256K), 0.0032410 secs] [Times: user=0.02 sys=0.00, real=0.00 secs] 
202.093: Total time for which application threads were stopped: 0.0066650 seconds, Stopping threads took: 0.0032910 seconds
202.116: Application time: 0.0232950 seconds
202.116: [GC [PSYoungGen: 100672K->11088K(107520K)] 327593K->238009K(352256K), 0.0043200 secs] [Times: user=0.03 sys=0.00, real=0.00 secs] 
202.121: Total time for which application threads were stopped: 0.0044940 seconds, Stopping threads took: 0.0000710 seconds
202.156: Application time: 0.0352140 seconds
202.156: [GC [PSYoungGen: 103760K->10832K(107520K)] 330681K->237753K(352256K), 0.0041660 secs] [Times: user=0.03 sys=0.00, real=0.00 secs] 
202.160: Total time for which application threads were stopped: 0.0043560 seconds, Stopping threads took: 0.0000880 seconds
202.193: Application time: 0.0331540 seconds
202.194: [GC [PSYoungGen: 103504K->10032K(107520K)] 330425K->236953K(352256K), 0.0041160 secs] [Times: user=0.03 sys=0.00, real=0.01 secs] 
202.198: Total time for which application threads were stopped: 0.0042830 seconds, Stopping threads took: 0.0000630 seconds
202.238: Application time: 0.0400400 seconds
202.238: [GC [PSYoungGen: 102704K->7888K(107520K)] 329625K->234809K(352256K), 0.0032830 secs] [Times: user=0.02 sys=0.00, real=0.00 secs] 
202.241: Total time for which application threads were stopped: 0.0034980 seconds, Stopping threads took: 0.0000990 seconds
202.273: Application time: 0.0314500 seconds
202.273: [GC [PSYoungGen: 100560K->8032K(107520K)] 327481K->234953K(352256K), 0.0034420 secs] [Times: user=0.02 sys=0.00, real=0.01 secs] 
202.276: Total time for which application threads were stopped: 0.0036510 seconds, Stopping threads took: 0.0001050 seconds
202.308: Application time: 0.0317060 seconds
202.308: [GC [PSYoungGen: 100704K->7936K(107520K)] 327625K->234857K(352256K), 0.0035410 secs] [Times: user=0.02 sys=0.00, real=0.00 secs] 
202.312: Total time for which application threads were stopped: 0.0037510 seconds, Stopping threads took: 0.0001080 seconds
202.336: Application time: 0.0240730 seconds
202.336: [GC [PSYoungGen: 100608K->8064K(107520K)] 327529K->234985K(352256K), 0.0034260 secs] [Times: user=0.02 sys=0.00, real=0.00 secs] 
202.340: Total time for which application threads were stopped: 0.0036620 seconds, Stopping threads took: 0.0001320 seconds
202.362: Application time: 0.0227980 seconds
202.363: [GC [PSYoungGen: 100736K->7920K(107520K)] 327657K->234841K(352256K), 0.0031840 secs] [Times: user=0.02 sys=0.00, real=0.00 secs] 
202.366: Total time for which application threads were stopped: 0.0033800 seconds, Stopping threads took: 0.0000960 seconds
202.397: Application time: 0.0313930 seconds
202.397: [GC [PSYoungGen: 100592K->12448K(107520K)] 327513K->239369K(352256K), 0.0047640 secs] [Times: user=0.03 sys=0.00, real=0.00 secs] 
202.402: Total time for which application threads were stopped: 0.0049420 seconds, Stopping threads took: 0.0000770 seconds
202.435: Application time: 0.0326410 seconds
202.435: [GC [PSYoungGen: 105120K->9056K(107520K)] 332041K->235977K(352256K), 0.0035460 secs] [Times: user=0.02 sys=0.00, real=0.00 secs] 
202.438: Total time for which application threads were stopped: 0.0037340 seconds, Stopping threads took: 0.0000870 seconds
202.476: Application time: 0.0379890 seconds
202.477: [GC [PSYoungGen: 101728K->8048K(107520K)] 328649K->234969K(352256K), 0.0034470 secs] [Times: user=0.03 sys=0.00, real=0.00 secs] 
202.480: Total time for which application threads were stopped: 0.0036620 seconds, Stopping threads took: 0.0001110 seconds
202.516: Application time: 0.0356840 seconds
202.516: [GC [PSYoungGen: 100720K->7744K(107520K)] 327641K->234665K(352256K), 0.0033310 secs] [Times: user=0.03 sys=0.00, real=0.00 secs] 
202.519: Total time for which application threads were stopped: 0.0035330 seconds, Stopping threads took: 0.0000990 seconds
202.550: Application time: 0.0303460 seconds
202.550: [GC [PSYoungGen: 100416K->7712K(107520K)] 327337K->234805K(352256K), 0.0036350 secs] [Times: user=0.02 sys=0.01, real=0.00 secs] 
202.554: Total time for which application threads were stopped: 0.0038320 seconds, Stopping threads took: 0.0000930 seconds
202.582: Application time: 0.0283890 seconds
202.582: [GC [PSYoungGen: 100384K->7728K(107520K)] 327477K->234909K(352256K), 0.0032660 secs] [Times: user=0.03 sys=0.00, real=0.00 secs] 
202.585: Total time for which application threads were stopped: 0.0034520 seconds, Stopping threads took: 0.0000860 seconds
202.606: Application time: 0.0204920 seconds
202.606: [GC [PSYoungGen: 100400K->7824K(107520K)] 327581K->235053K(352256K), 0.0032290 secs] [Times: user=0.02 sys=0.00, real=0.00 secs] 
202.609: Total time for which application threads were stopped: 0.0034260 seconds, Stopping threads took: 0.0000790 seconds
202.636: Application time: 0.0266940 seconds
202.636: [GC [PSYoungGen: 100496K->11120K(107520K)] 327725K->238349K(352256K), 0.0045480 secs] [Times: user=0.03 sys=0.00, real=0.00 secs] 
202.641: Total time for which application threads were stopped: 0.0047510 seconds, Stopping threads took: 0.0000980 seconds
202.675: Application time: 0.0345860 seconds
202.675: [GC [PSYoungGen: 103792K->11648K(107520K)] 331021K->238877K(352256K), 0.0046390 secs] [Times: user=0.03 sys=0.00, real=0.00 secs] 
202.680: Total time for which application threads were stopped: 0.0048290 seconds, Stopping threads took: 0.0000870 seconds
202.716: Application time: 0.0353740 seconds
202.716: [GC [PSYoungGen: 104320K->8112K(107520K)] 331549K->235341K(352256K), 0.0035510 secs] [Times: user=0.03 sys=0.00, real=0.00 secs] 
202.719: Total time for which application threads were stopped: 0.0037500 seconds, Stopping threads took: 0.0000970 seconds
202.759: Application time: 0.0396390 seconds
202.759: [GC [PSYoungGen: 100784K->7696K(107520K)] 328013K->234933K(352256K), 0.0032350 secs] [Times: user=0.02 sys=0.00, real=0.00 secs] 
202.762: Total time for which application threads were stopped: 0.0034100 seconds, Stopping threads took: 0.0000720 seconds
202.792: Application time: 0.0291880 seconds
202.792: [GC [PSYoungGen: 100368K->7776K(107520K)] 327605K->235013K(352256K), 0.0032830 secs] [Times: user=0.02 sys=0.00, real=0.01 secs] 
202.795: Total time for which application threads were stopped: 0.0034720 seconds, Stopping threads took: 0.0000860 seconds
202.827: Application time: 0.0315860 seconds
202.827: [GC [PSYoungGen: 100448K->7824K(107520K)] 327685K->235061K(352256K), 0.0032300 secs] [Times: user=0.02 sys=0.00, real=0.00 secs] 
202.830: Total time for which application threads were stopped: 0.0034290 seconds, Stopping threads took: 0.0000950 seconds
202.853: Application time: 0.0226110 seconds
202.853: [GC [PSYoungGen: 100496K->8096K(107520K)] 327733K->235333K(352256K), 0.0033780 secs] [Times: user=0.02 sys=0.00, real=0.01 secs] 
202.856: Total time for which application threads were stopped: 0.0035750 seconds, Stopping threads took: 0.0000980 seconds
202.878: Application time: 0.0222050 seconds
202.879: [GC [PSYoungGen: 100768K->7776K(107520K)] 328005K->235013K(352256K), 0.0031810 secs] [Times: user=0.02 sys=0.00, real=0.00 secs] 
202.882: Total time for which application threads were stopped: 0.0033480 seconds, Stopping threads took: 0.0000590 seconds
202.915: Application time: 0.0333620 seconds
202.915: [GC [PSYoungGen: 100448K->11824K(107520K)] 327685K->239061K(352256K), 0.0046450 secs] [Times: user=0.03 sys=0.00, real=0.00 secs] 
202.920: Total time for which application threads were stopped: 0.0048480 seconds, Stopping threads took: 0.0001010 seconds
202.953: Application time: 0.0327970 seconds
202.953: [GC [PSYoungGen: 104496K->10016K(107520K)] 331733K->237253K(352256K), 0.0041790 secs] [Times: user=0.03 sys=0.00, real=0.01 secs] 
202.957: Total time for which application threads were stopped: 0.0043680 seconds, Stopping threads took: 0.0000870 seconds
202.997: Application time: 0.0396020 seconds
202.997: [GC [PSYoungGen: 102688K->7728K(107520K)] 329925K->234965K(352256K), 0.0032280 secs] [Times: user=0.02 sys=0.00, real=0.00 secs] 
203.000: Total time for which application threads were stopped: 0.0034470 seconds, Stopping threads took: 0.0001040 seconds
203.034: Application time: 0.0342300 seconds
203.035: [GC [PSYoungGen: 100400K->7952K(107520K)] 327637K->235189K(352256K), 0.0036200 secs] [Times: user=0.02 sys=0.00, real=0.00 secs] 
203.038: Total time for which application threads were stopped: 0.0037920 seconds, Stopping threads took: 0.0000720 seconds
203.069: Application time: 0.0303260 seconds
203.069: [GC [PSYoungGen: 100624K->7888K(107520K)] 327861K->235125K(352256K), 0.0033010 secs] [Times: user=0.03 sys=0.00, real=0.00 secs] 
203.072: Total time for which application threads were stopped: 0.0035060 seconds, Stopping threads took: 0.0001010 seconds
203.098: Application time: 0.0260470 seconds
203.098: [GC [PSYoungGen: 100560K->7920K(107520K)] 327797K->235157K(352256K), 0.0035040 secs] [Times: user=0.02 sys=0.00, real=0.00 secs] 
203.102: Total time for which application threads were stopped: 0.0037130 seconds, Stopping threads took: 0.0001110 seconds
203.123: Application time: 0.0214410 seconds
203.123: [GC [PSYoungGen: 100592K->8000K(107520K)] 327829K->235237K(352256K), 0.0032450 secs] [Times: user=0.02 sys=0.00, real=0.01 secs] 
203.127: Total time for which application threads were stopped: 0.0034550 seconds, Stopping threads took: 0.0000930 seconds
203.155: Application time: 0.0286950 seconds
203.156: [GC [PSYoungGen: 100672K->12944K(107520K)] 327909K->240181K(352256K), 0.0050700 secs] [Times: user=0.04 sys=0.00, real=0.00 secs] 
203.161: Total time for which application threads were stopped: 0.0052660 seconds, Stopping threads took: 0.0000940 seconds
203.196: Application time: 0.0353430 seconds
203.196: [GC [PSYoungGen: 105616K->8320K(107520K)] 332853K->235557K(352256K), 0.0036140 secs] [Times: user=0.03 sys=0.00, real=0.00 secs] 
203.200: Total time for which application threads were stopped: 0.0038370 seconds, Stopping threads took: 0.0001250 seconds
203.236: Application time: 0.0359780 seconds
203.236: [GC [PSYoungGen: 100992K->8016K(107520K)] 328229K->235253K(352256K), 0.0033840 secs] [Times: user=0.02 sys=0.00, real=0.00 secs] 
203.239: Total time for which application threads were stopped: 0.0035500 seconds, Stopping threads took: 0.0000630 seconds
203.277: Application time: 0.0379010 seconds
203.277: [GC [PSYoungGen: 100688K->7872K(107520K)] 327925K->235109K(352256K), 0.0033790 secs] [Times: user=0.03 sys=0.00, real=0.00 secs] 
203.281: Total time for which application threads were stopped: 0.0035700 seconds, Stopping threads took: 0.0000920 seconds
203.310: Application time: 0.0289660 seconds
203.310: [GC [PSYoungGen: 100544K->7968K(107520K)] 327781K->235361K(352256K), 0.0035110 secs] [Times: user=0.02 sys=0.00, real=0.00 secs] 
203.314: Total time for which application threads were stopped: 0.0037000 seconds, Stopping threads took: 0.0000890 seconds
203.344: Application time: 0.0302720 seconds
203.344: [GC [PSYoungGen: 100640K->7872K(107520K)] 328033K->235393K(352256K), 0.0032780 secs] [Times: user=0.03 sys=0.00, real=0.01 secs] 
203.347: Total time for which application threads were stopped: 0.0034670 seconds, Stopping threads took: 0.0000890 seconds
203.369: Application time: 0.0218600 seconds
203.369: [GC [PSYoungGen: 100544K->7712K(107520K)] 328065K->235289K(352256K), 0.0033400 secs] [Times: user=0.02 sys=0.00, real=0.00 secs] 
203.373: Total time for which application threads were stopped: 0.0035120 seconds, Stopping threads took: 0.0000720 seconds
203.396: Application time: 0.0231330 seconds
203.396: [GC [PSYoungGen: 100384K->9488K(107520K)] 327961K->237065K(352256K), 0.0039210 secs] [Times: user=0.02 sys=0.00, real=0.00 secs] 
203.400: Total time for which application threads were stopped: 0.0041230 seconds, Stopping threads took: 0.0001000 seconds
203.436: Application time: 0.0358000 seconds
203.436: [GC [PSYoungGen: 102160K->12384K(107520K)] 329737K->239961K(352256K), 0.0049980 secs] [Times: user=0.03 sys=0.00, real=0.00 secs] 
203.441: Total time for which application threads were stopped: 0.0051720 seconds, Stopping threads took: 0.0000640 seconds
203.474: Application time: 0.0334210 seconds
203.475: [GC [PSYoungGen: 105056K->8176K(107520K)] 332633K->235761K(352256K), 0.0032880 secs] [Times: user=0.02 sys=0.00, real=0.00 secs] 
203.478: Total time for which application threads were stopped: 0.0034940 seconds, Stopping threads took: 0.0001040 seconds
203.518: Application time: 0.0399690 seconds
203.518: [GC [PSYoungGen: 100848K->7728K(107520K)] 328433K->235313K(352256K), 0.0033540 secs] [Times: user=0.01 sys=0.00, real=0.00 secs] 
203.521: Total time for which application threads were stopped: 0.0035710 seconds, Stopping threads took: 0.0001110 seconds
203.553: Application time: 0.0316580 seconds
203.553: [GC [PSYoungGen: 100400K->7728K(107520K)] 327985K->235313K(352256K), 0.0033950 secs] [Times: user=0.02 sys=0.00, real=0.01 secs] 
203.557: Total time for which application threads were stopped: 0.0035800 seconds, Stopping threads took: 0.0000790 seconds
203.587: Application time: 0.0302890 seconds
203.587: [GC [PSYoungGen: 100400K->7904K(107520K)] 327985K->235489K(352256K), 0.0032350 secs] [Times: user=0.03 sys=0.00, real=0.00 secs] 
203.590: Total time for which application threads were stopped: 0.0034530 seconds, Stopping threads took: 0.0001170 seconds
203.615: Application time: 0.0250500 seconds
203.616: [GC [PSYoungGen: 100576K->7856K(107520K)] 328161K->235441K(352256K), 0.0031990 secs] [Times: user=0.02 sys=0.00, real=0.00 secs] 
203.619: Total time for which application threads were stopped: 0.0033970 seconds, Stopping threads took: 0.0000940 seconds
203.641: Application time: 0.0217600 seconds
203.641: [GC [PSYoungGen: 100528K->7904K(107520K)] 328113K->235489K(352256K), 0.0031830 secs] [Times: user=0.02 sys=0.00, real=0.00 secs] 
203.644: Total time for which application threads were stopped: 0.0034140 seconds, Stopping threads took: 0.0001120 seconds
203.674: Application time: 0.0299290 seconds
203.674: [GC [PSYoungGen: 100576K->12128K(107520K)] 328161K->239713K(352256K), 0.0047910 secs] [Times: user=0.03 sys=0.00, real=0.00 secs] 
203.679: Total time for which application threads were stopped: 0.0049620 seconds, Stopping threads took: 0.0000720 seconds
203.714: Application time: 0.0350470 seconds
203.714: [GC [PSYoungGen: 104800K->10432K(107520K)] 332385K->238017K(352256K), 0.0042040 secs] [Times: user=0.03 sys=0.00, real=0.00 secs] 
203.718: Total time for which application threads were stopped: 0.0043850 seconds, Stopping threads took: 0.0000790 seconds
203.756: Application time: 0.0377890 seconds
203.756: [GC [PSYoungGen: 103104K->7904K(107520K)] 330689K->235489K(352256K), 0.0034860 secs] [Times: user=0.02 sys=0.00, real=0.00 secs] 
203.760: Total time for which application threads were stopped: 0.0036700 seconds, Stopping threads took: 0.0000820 seconds
203.798: Application time: 0.0381560 seconds
203.798: [GC [PSYoungGen: 100576K->7856K(107520K)] 328161K->235441K(352256K), 0.0033330 secs] [Times: user=0.02 sys=0.00, real=0.00 secs] 
203.801: Total time for which application threads were stopped: 0.0035330 seconds, Stopping threads took: 0.0001000 seconds
203.829: Application time: 0.0272260 seconds
203.829: [GC [PSYoungGen: 100528K->7824K(107520K)] 328113K->235409K(352256K), 0.0032430 secs] [Times: user=0.02 sys=0.00, real=0.00 secs] 
203.832: Total time for which application threads were stopped: 0.0034410 seconds, Stopping threads took: 0.0000930 seconds
203.861: Application time: 0.0293120 seconds
203.866: [GC [PSYoungGen: 100496K->7984K(107520K)] 328081K->235569K(352256K), 0.0033400 secs] [Times: user=0.03 sys=0.00, real=0.00 secs] 
203.869: Total time for which application threads were stopped: 0.0078830 seconds, Stopping threads took: 0.0044410 seconds
203.891: Application time: 0.0215260 seconds
203.891: [GC [PSYoungGen: 100656K->8400K(107520K)] 328241K->235985K(352256K), 0.0033570 secs] [Times: user=0.02 sys=0.00, real=0.01 secs] 
203.894: Total time for which application threads were stopped: 0.0035520 seconds, Stopping threads took: 0.0000980 seconds
203.916: Application time: 0.0220080 seconds
203.917: [GC [PSYoungGen: 101072K->10400K(107520K)] 328657K->237985K(352256K), 0.0040460 secs] [Times: user=0.03 sys=0.00, real=0.00 secs] 
203.921: Total time for which application threads were stopped: 0.0042410 seconds, Stopping threads took: 0.0000910 seconds
203.961: Application time: 0.0404480 seconds
203.961: [GC [PSYoungGen: 103072K->12144K(107520K)] 330657K->239729K(352256K), 0.0048500 secs] [Times: user=0.04 sys=0.00, real=0.01 secs] 
203.966: Total time for which application threads were stopped: 0.0050410 seconds, Stopping threads took: 0.0000860 seconds
203.999: Application time: 0.0326300 seconds
203.999: [GC [PSYoungGen: 104816K->7856K(107520K)] 332401K->235441K(352256K), 0.0035020 secs] [Times: user=0.03 sys=0.00, real=0.00 secs] 
204.003: Total time for which application threads were stopped: 0.0036910 seconds, Stopping threads took: 0.0000780 seconds
204.044: Application time: 0.0413040 seconds
204.044: [GC [PSYoungGen: 100528K->7760K(107520K)] 328113K->235345K(352256K), 0.0033320 secs] [Times: user=0.03 sys=0.00, real=0.01 secs] 
204.047: Total time for which application threads were stopped: 0.0035130 seconds, Stopping threads took: 0.0000790 seconds
204.077: Application time: 0.0295390 seconds
204.077: [GC [PSYoungGen: 100432K->7872K(107520K)] 328017K->235545K(352256K), 0.0035220 secs] [Times: user=0.03 sys=0.00, real=0.00 secs] 
204.081: Total time for which application threads were stopped: 0.0036790 seconds, Stopping threads took: 0.0000500 seconds
204.111: Application time: 0.0303460 seconds
204.111: [GC [PSYoungGen: 100544K->7808K(107520K)] 328217K->235657K(352256K), 0.0033180 secs] [Times: user=0.02 sys=0.00, real=0.01 secs] 
204.114: Total time for which application threads were stopped: 0.0035290 seconds, Stopping threads took: 0.0001090 seconds
204.138: Application time: 0.0235260 seconds
204.138: [GC [PSYoungGen: 100480K->7664K(107520K)] 328329K->235561K(352256K), 0.0032880 secs] [Times: user=0.02 sys=0.00, real=0.00 secs] 
204.141: Total time for which application threads were stopped: 0.0034580 seconds, Stopping threads took: 0.0000700 seconds
204.162: Application time: 0.0204810 seconds
204.162: [GC [PSYoungGen: 100336K->8000K(107520K)] 328233K->235897K(352256K), 0.0032540 secs] [Times: user=0.02 sys=0.00, real=0.00 secs] 
204.165: Total time for which application threads were stopped: 0.0034880 seconds, Stopping threads took: 0.0001130 seconds
204.200: Application time: 0.0348950 seconds
204.200: [GC [PSYoungGen: 100672K->13392K(107520K)] 328569K->241289K(352256K), 0.0054860 secs] [Times: user=0.03 sys=0.00, real=0.01 secs] 
204.206: Total time for which application threads were stopped: 0.0056620 seconds, Stopping threads took: 0.0000750 seconds
204.243: Application time: 0.0367950 seconds
204.243: [GC [PSYoungGen: 106064K->7792K(107520K)] 333961K->235697K(352256K), 0.0032630 secs] [Times: user=0.02 sys=0.00, real=0.01 secs] 
204.246: Total time for which application threads were stopped: 0.0034360 seconds, Stopping threads took: 0.0000720 seconds
204.285: Application time: 0.0389700 seconds
204.285: [GC [PSYoungGen: 100464K->7600K(107520K)] 328369K->235505K(352256K), 0.0032910 secs] [Times: user=0.02 sys=0.00, real=0.01 secs] 
204.289: Total time for which application threads were stopped: 0.0034770 seconds, Stopping threads took: 0.0000830 seconds
204.323: Application time: 0.0339190 seconds
204.323: [GC [PSYoungGen: 100272K->7648K(107520K)] 328177K->235553K(352256K), 0.0032840 secs] [Times: user=0.03 sys=0.00, real=0.01 secs] 
204.326: Total time for which application threads were stopped: 0.0034660 seconds, Stopping threads took: 0.0000810 seconds
204.354: Application time: 0.0282520 seconds
204.354: [GC [PSYoungGen: 100320K->7856K(107520K)] 328225K->235761K(352256K), 0.0032960 secs] [Times: user=0.02 sys=0.00, real=0.00 secs] 
204.358: Total time for which application threads were stopped: 0.0034920 seconds, Stopping threads took: 0.0000950 seconds
204.386: Application time: 0.0279640 seconds
204.386: [GC [PSYoungGen: 100528K->8064K(107520K)] 328433K->235969K(352256K), 0.0033300 secs] [Times: user=0.02 sys=0.00, real=0.00 secs] 
204.389: Total time for which application threads were stopped: 0.0035450 seconds, Stopping threads took: 0.0000960 seconds
204.410: Application time: 0.0206010 seconds
204.410: [GC [PSYoungGen: 100736K->7744K(107520K)] 328641K->235649K(352256K), 0.0031830 secs] [Times: user=0.02 sys=0.00, real=0.00 secs] 
204.413: Total time for which application threads were stopped: 0.0033970 seconds, Stopping threads took: 0.0001120 seconds
204.438: Application time: 0.0246060 seconds
204.438: [GC [PSYoungGen: 100416K->11008K(107520K)] 328321K->238913K(352256K), 0.0041790 secs] [Times: user=0.03 sys=0.00, real=0.00 secs] 
204.442: Total time for which application threads were stopped: 0.0043560 seconds, Stopping threads took: 0.0000730 seconds
204.482: Application time: 0.0402060 seconds
204.483: [GC [PSYoungGen: 103680K->8848K(107520K)] 331585K->236753K(352256K), 0.0033880 secs] [Times: user=0.03 sys=0.00, real=0.01 secs] 
204.486: Total time for which application threads were stopped: 0.0035480 seconds, Stopping threads took: 0.0000570 seconds
204.520: Application time: 0.0342760 seconds
204.520: [GC [PSYoungGen: 101520K->7760K(107520K)] 329425K->235665K(352256K), 0.0032370 secs] [Times: user=0.02 sys=0.00, real=0.00 secs] 
204.524: Total time for which application threads were stopped: 0.0034380 seconds, Stopping threads took: 0.0001000 seconds
204.563: Application time: 0.0392980 seconds
204.563: [GC [PSYoungGen: 100432K->7808K(107520K)] 328337K->235713K(352256K), 0.0032060 secs] [Times: user=0.02 sys=0.00, real=0.01 secs] 
204.566: Total time for which application threads were stopped: 0.0033960 seconds, Stopping threads took: 0.0000880 seconds
204.594: Application time: 0.0278330 seconds
204.594: [GC [PSYoungGen: 100480K->7808K(107520K)] 328385K->235713K(352256K), 0.0031930 secs] [Times: user=0.02 sys=0.00, real=0.00 secs] 
204.598: Total time for which application threads were stopped: 0.0033870 seconds, Stopping threads took: 0.0000850 seconds
204.628: Application time: 0.0299350 seconds
204.628: [GC [PSYoungGen: 100480K->7888K(107520K)] 328385K->235793K(352256K), 0.0032920 secs] [Times: user=0.03 sys=0.00, real=0.00 secs] 
204.631: Total time for which application threads were stopped: 0.0034790 seconds, Stopping threads took: 0.0000830 seconds
204.653: Application time: 0.0220590 seconds
204.653: [GC [PSYoungGen: 100560K->8176K(107520K)] 328465K->236081K(352256K), 0.0033590 secs] [Times: user=0.03 sys=0.00, real=0.01 secs] 
204.657: Total time for which application threads were stopped: 0.0035400 seconds, Stopping threads took: 0.0000760 seconds
204.677: Application time: 0.0203070 seconds
204.677: [GC [PSYoungGen: 100848K->9312K(107520K)] 328753K->237217K(352256K), 0.0036970 secs] [Times: user=0.02 sys=0.00, real=0.00 secs] 
204.681: Total time for which application threads were stopped: 0.0038950 seconds, Stopping threads took: 0.0000790 seconds
204.720: Application time: 0.0390660 seconds
204.720: [GC [PSYoungGen: 101984K->14720K(107520K)] 329889K->242625K(352256K), 0.0056200 secs] [Times: user=0.04 sys=0.00, real=0.00 secs] 
204.726: Total time for which application threads were stopped: 0.0057970 seconds, Stopping threads took: 0.0000760 seconds
204.758: Application time: 0.0325060 seconds
204.758: [GC [PSYoungGen: 107392K->7984K(107520K)] 335297K->235889K(352256K), 0.0033150 secs] [Times: user=0.03 sys=0.00, real=0.00 secs] 
204.762: Total time for which application threads were stopped: 0.0035060 seconds, Stopping threads took: 0.0000880 seconds
204.803: Application time: 0.0413870 seconds
204.803: [GC [PSYoungGen: 100656K->7904K(107520K)] 328561K->235809K(352256K), 0.0032820 secs] [Times: user=0.02 sys=0.00, real=0.01 secs] 
204.807: Total time for which application threads were stopped: 0.0034770 seconds, Stopping threads took: 0.0000940 seconds
204.837: Application time: 0.0304120 seconds
204.837: [GC [PSYoungGen: 100576K->7648K(107520K)] 328481K->235633K(352256K), 0.0034790 secs] [Times: user=0.02 sys=0.00, real=0.00 secs] 
204.841: Total time for which application threads were stopped: 0.0036840 seconds, Stopping threads took: 0.0000930 seconds
204.870: Application time: 0.0296590 seconds
204.871: [GC [PSYoungGen: 100320K->7792K(107520K)] 328305K->235966K(352256K), 0.0032780 secs] [Times: user=0.02 sys=0.00, real=0.00 secs] 
204.874: Total time for which application threads were stopped: 0.0034530 seconds, Stopping threads took: 0.0000740 seconds
204.898: Application time: 0.0245550 seconds
204.899: [GC [PSYoungGen: 100464K->7664K(107520K)] 328638K->235886K(352256K), 0.0031390 secs] [Times: user=0.02 sys=0.00, real=0.00 secs] 
204.902: Total time for which application threads were stopped: 0.0032910 seconds, Stopping threads took: 0.0000490 seconds
204.923: Application time: 0.0209940 seconds
204.923: [GC [PSYoungGen: 100336K->7616K(107520K)] 328558K->235838K(352256K), 0.0033690 secs] [Times: user=0.03 sys=0.00, real=0.01 secs] 
204.926: Total time for which application threads were stopped: 0.0035670 seconds, Stopping threads took: 0.0000960 seconds
204.957: Application time: 0.0307220 seconds
204.957: [GC [PSYoungGen: 100288K->11104K(107520K)] 328510K->239326K(352256K), 0.0044100 secs] [Times: user=0.03 sys=0.00, real=0.00 secs] 
204.962: Total time for which application threads were stopped: 0.0045940 seconds, Stopping threads took: 0.0000820 seconds
204.998: Application time: 0.0367310 seconds
204.998: [GC [PSYoungGen: 103776K->7808K(107520K)] 331998K->236046K(352256K), 0.0034980 secs] [Times: user=0.03 sys=0.00, real=0.00 secs] 
205.002: Total time for which application threads were stopped: 0.0036750 seconds, Stopping threads took: 0.0000690 seconds
205.040: Application time: 0.0375060 seconds
205.040: [GC [PSYoungGen: 100480K->7568K(107520K)] 328718K->235806K(352256K), 0.0032910 secs] [Times: user=0.03 sys=0.00, real=0.00 secs] 
205.043: Total time for which application threads were stopped: 0.0035130 seconds, Stopping threads took: 0.0001180 seconds
205.078: Application time: 0.0354660 seconds
205.079: [GC [PSYoungGen: 100240K->7568K(107520K)] 328478K->235806K(352256K), 0.0031540 secs] [Times: user=0.02 sys=0.00, real=0.00 secs] 
205.082: Total time for which application threads were stopped: 0.0033490 seconds, Stopping threads took: 0.0000940 seconds
205.112: Application time: 0.0300240 seconds
205.112: [GC [PSYoungGen: 100240K->8048K(107520K)] 328478K->236286K(352256K), 0.0035180 secs] [Times: user=0.02 sys=0.00, real=0.01 secs] 
205.116: Total time for which application threads were stopped: 0.0036840 seconds, Stopping threads took: 0.0000670 seconds
205.144: Application time: 0.0282430 seconds
205.144: [GC [PSYoungGen: 100720K->8000K(107520K)] 328958K->236238K(352256K), 0.0032600 secs] [Times: user=0.02 sys=0.00, real=0.01 secs] 
205.147: Total time for which application threads were stopped: 0.0034620 seconds, Stopping threads took: 0.0001010 seconds
205.168: Application time: 0.0209180 seconds
205.168: [GC [PSYoungGen: 100672K->7840K(107520K)] 328910K->236078K(352256K), 0.0032210 secs] [Times: user=0.02 sys=0.00, real=0.00 secs] 
205.172: Total time for which application threads were stopped: 0.0034190 seconds, Stopping threads took: 0.0000980 seconds
205.195: Application time: 0.0234200 seconds
205.195: [GC [PSYoungGen: 100507K->11392K(107520K)] 328745K->239630K(352256K), 0.0046270 secs] [Times: user=0.03 sys=0.00, real=0.00 secs] 
205.200: Total time for which application threads were stopped: 0.0048340 seconds, Stopping threads took: 0.0000830 seconds
205.239: Application time: 0.0395620 seconds
205.240: [GC [PSYoungGen: 104064K->11952K(107520K)] 332302K->240190K(352256K), 0.0046770 secs] [Times: user=0.04 sys=0.00, real=0.00 secs] 
205.244: Total time for which application threads were stopped: 0.0049030 seconds, Stopping threads took: 0.0001230 seconds
205.278: Application time: 0.0338160 seconds
205.278: [GC [PSYoungGen: 104624K->7856K(107520K)] 332862K->236094K(352256K), 0.0033500 secs] [Times: user=0.02 sys=0.00, real=0.00 secs] 
205.282: Total time for which application threads were stopped: 0.0035440 seconds, Stopping threads took: 0.0000920 seconds
205.322: Application time: 0.0404160 seconds
205.322: [GC [PSYoungGen: 100528K->7936K(107520K)] 328766K->236174K(352256K), 0.0033090 secs] [Times: user=0.03 sys=0.00, real=0.00 secs] 
205.326: Total time for which application threads were stopped: 0.0034860 seconds, Stopping threads took: 0.0000740 seconds
205.355: Application time: 0.0289070 seconds
205.355: [GC [PSYoungGen: 100608K->7776K(107520K)] 328846K->236014K(352256K), 0.0031850 secs] [Times: user=0.02 sys=0.00, real=0.00 secs] 
205.358: Total time for which application threads were stopped: 0.0033900 seconds, Stopping threads took: 0.0000930 seconds
205.388: Application time: 0.0303230 seconds
205.388: [GC [PSYoungGen: 100448K->7792K(107520K)] 328686K->236030K(352256K), 0.0032470 secs] [Times: user=0.02 sys=0.00, real=0.00 secs] 
205.392: Total time for which application threads were stopped: 0.0034430 seconds, Stopping threads took: 0.0000960 seconds
205.415: Application time: 0.0229160 seconds
205.415: [GC [PSYoungGen: 100464K->7808K(107520K)] 328702K->236046K(352256K), 0.0035940 secs] [Times: user=0.03 sys=0.00, real=0.00 secs] 
205.418: Total time for which application threads were stopped: 0.0037720 seconds, Stopping threads took: 0.0000790 seconds
205.440: Application time: 0.0219480 seconds
205.440: [GC [PSYoungGen: 100480K->9200K(107520K)] 328718K->237438K(352256K), 0.0036440 secs] [Times: user=0.03 sys=0.00, real=0.00 secs] 
205.444: Total time for which application threads were stopped: 0.0038270 seconds, Stopping threads took: 0.0000810 seconds
205.479: Application time: 0.0350970 seconds
205.479: [GC [PSYoungGen: 101872K->12288K(107520K)] 330110K->240526K(352256K), 0.0047190 secs] [Times: user=0.03 sys=0.00, real=0.00 secs] 
205.484: Total time for which application threads were stopped: 0.0048960 seconds, Stopping threads took: 0.0000730 seconds
205.518: Application time: 0.0341640 seconds
205.522: [GC [PSYoungGen: 104960K->8288K(107520K)] 333198K->236526K(352256K), 0.0033220 secs] [Times: user=0.02 sys=0.00, real=0.00 secs] 
205.525: Total time for which application threads were stopped: 0.0070480 seconds, Stopping threads took: 0.0036210 seconds
205.565: Application time: 0.0396660 seconds
205.565: [GC [PSYoungGen: 100960K->7888K(107520K)] 329198K->236126K(352256K), 0.0033110 secs] [Times: user=0.02 sys=0.00, real=0.01 secs] 
205.569: Total time for which application threads were stopped: 0.0035370 seconds, Stopping threads took: 0.0001240 seconds
205.602: Application time: 0.0331050 seconds
205.602: [GC [PSYoungGen: 100560K->7776K(107520K)] 328798K->236070K(352256K), 0.0033200 secs] [Times: user=0.02 sys=0.00, real=0.00 secs] 
205.605: Total time for which application threads were stopped: 0.0035250 seconds, Stopping threads took: 0.0000990 seconds
205.633: Application time: 0.0282780 seconds
205.634: [GC [PSYoungGen: 100448K->7632K(107520K)] 328742K->236106K(352256K), 0.0033790 secs] [Times: user=0.03 sys=0.00, real=0.01 secs] 
205.637: Total time for which application threads were stopped: 0.0035460 seconds, Stopping threads took: 0.0000720 seconds
205.664: Application time: 0.0268940 seconds
205.666: [GC [PSYoungGen: 100304K->7568K(107520K)] 328778K->236130K(352256K), 0.0032300 secs] [Times: user=0.02 sys=0.00, real=0.00 secs] 
205.669: Total time for which application threads were stopped: 0.0053410 seconds, Stopping threads took: 0.0020110 seconds
205.690: Application time: 0.0204160 seconds
205.690: [GC [PSYoungGen: 100240K->7680K(107520K)] 328802K->236242K(352256K), 0.0031560 secs] [Times: user=0.01 sys=0.00, real=0.00 secs] 
205.693: Total time for which application threads were stopped: 0.0033650 seconds, Stopping threads took: 0.0001070 seconds
205.721: Application time: 0.0278120 seconds
205.721: [GC [PSYoungGen: 100352K->10112K(107520K)] 328914K->238674K(352256K), 0.0038920 secs] [Times: user=0.02 sys=0.00, real=0.00 secs] 
205.725: Total time for which application threads were stopped: 0.0041000 seconds, Stopping threads took: 0.0000840 seconds
205.764: Application time: 0.0386920 seconds
205.764: [GC [PSYoungGen: 102784K->8832K(107520K)] 331346K->237402K(352256K), 0.0034860 secs] [Times: user=0.03 sys=0.00, real=0.01 secs] 
205.767: Total time for which application threads were stopped: 0.0036760 seconds, Stopping threads took: 0.0000900 seconds
205.802: Application time: 0.0351050 seconds
205.803: [GC [PSYoungGen: 101504K->7488K(107520K)] 330074K->236058K(352256K), 0.0034070 secs] [Times: user=0.02 sys=0.00, real=0.01 secs] 
205.806: Total time for which application threads were stopped: 0.0035750 seconds, Stopping threads took: 0.0000680 seconds
205.844: Application time: 0.0380050 seconds
205.844: [GC [PSYoungGen: 100160K->7616K(107520K)] 328730K->236186K(352256K), 0.0032400 secs] [Times: user=0.02 sys=0.00, real=0.01 secs] 
205.847: Total time for which application threads were stopped: 0.0034270 seconds, Stopping threads took: 0.0000830 seconds
205.876: Application time: 0.0287730 seconds
205.876: [GC [PSYoungGen: 100288K->7760K(107520K)] 328858K->236330K(352256K), 0.0031460 secs] [Times: user=0.02 sys=0.00, real=0.00 secs] 
205.880: Total time for which application threads were stopped: 0.0033670 seconds, Stopping threads took: 0.0001190 seconds
205.909: Application time: 0.0290360 seconds
205.909: [GC [PSYoungGen: 100432K->7936K(107520K)] 329002K->236506K(352256K), 0.0033230 secs] [Times: user=0.03 sys=0.00, real=0.00 secs] 
205.912: Total time for which application threads were stopped: 0.0035210 seconds, Stopping threads took: 0.0000940 seconds
205.935: Application time: 0.0224530 seconds
205.938: [GC [PSYoungGen: 100608K->7936K(107520K)] 329178K->236506K(352256K), 0.0032040 secs] [Times: user=0.02 sys=0.00, real=0.00 secs] 
205.941: Total time for which application threads were stopped: 0.0065670 seconds, Stopping threads took: 0.0032580 seconds
205.962: Application time: 0.0209080 seconds
205.962: [GC [PSYoungGen: 100608K->11040K(107520K)] 329178K->239610K(352256K), 0.0043440 secs] [Times: user=0.03 sys=0.00, real=0.01 secs] 
205.967: Total time for which application threads were stopped: 0.0045230 seconds, Stopping threads took: 0.0000790 seconds
206.006: Application time: 0.0394860 seconds
206.006: [GC [PSYoungGen: 103712K->12304K(107520K)] 332282K->240874K(352256K), 0.0047540 secs] [Times: user=0.04 sys=0.00, real=0.00 secs] 
206.011: Total time for which application threads were stopped: 0.0049250 seconds, Stopping threads took: 0.0000710 seconds
206.044: Application time: 0.0325830 seconds
206.044: [GC [PSYoungGen: 104976K->8160K(107520K)] 333546K->236730K(352256K), 0.0033750 secs] [Times: user=0.03 sys=0.00, real=0.01 secs] 
206.047: Total time for which application threads were stopped: 0.0035670 seconds, Stopping threads took: 0.0000890 seconds
206.089: Application time: 0.0413360 seconds
206.089: [GC [PSYoungGen: 100832K->7968K(107520K)] 329402K->236538K(352256K), 0.0033750 secs] [Times: user=0.02 sys=0.00, real=0.00 secs] 
206.092: Total time for which application threads were stopped: 0.0035630 seconds, Stopping threads took: 0.0000840 seconds
206.123: Application time: 0.0306110 seconds
206.123: [GC [PSYoungGen: 100640K->7712K(107520K)] 329210K->236282K(352256K), 0.0032360 secs] [Times: user=0.02 sys=0.00, real=0.01 secs] 
206.126: Total time for which application threads were stopped: 0.0034460 seconds, Stopping threads took: 0.0001090 seconds
206.155: Application time: 0.0291720 seconds
206.156: [GC [PSYoungGen: 100384K->7904K(107520K)] 328954K->236474K(352256K), 0.0035710 secs] [Times: user=0.03 sys=0.00, real=0.00 secs] 
206.159: Total time for which application threads were stopped: 0.0037610 seconds, Stopping threads took: 0.0000860 seconds
206.184: Application time: 0.0244240 seconds
206.184: [GC [PSYoungGen: 100576K->7984K(107520K)] 329146K->236554K(352256K), 0.0033240 secs] [Times: user=0.02 sys=0.00, real=0.01 secs] 
206.187: Total time for which application threads were stopped: 0.0035310 seconds, Stopping threads took: 0.0001050 seconds
206.207: Application time: 0.0199970 seconds
206.207: [GC [PSYoungGen: 100656K->8256K(107520K)] 329226K->236826K(352256K), 0.0036270 secs] [Times: user=0.03 sys=0.00, real=0.00 secs] 
206.211: Total time for which application threads were stopped: 0.0038150 seconds, Stopping threads took: 0.0000740 seconds
206.243: Application time: 0.0323690 seconds
206.243: [GC [PSYoungGen: 100928K->11104K(107520K)] 329498K->239674K(352256K), 0.0043030 secs] [Times: user=0.03 sys=0.00, real=0.01 secs] 
206.248: Total time for which application threads were stopped: 0.0044830 seconds, Stopping threads took: 0.0000620 seconds
206.283: Application time: 0.0357070 seconds
206.284: [GC [PSYoungGen: 103776K->7888K(107520K)] 332346K->236458K(352256K), 0.0035270 secs] [Times: user=0.03 sys=0.00, real=0.01 secs] 
206.287: Total time for which application threads were stopped: 0.0037200 seconds, Stopping threads took: 0.0000930 seconds
206.325: Application time: 0.0379620 seconds
206.325: [GC [PSYoungGen: 100560K->7872K(107520K)] 329130K->236442K(352256K), 0.0033850 secs] [Times: user=0.02 sys=0.00, real=0.01 secs] 
206.329: Total time for which application threads were stopped: 0.0036250 seconds, Stopping threads took: 0.0001370 seconds
206.364: Application time: 0.0353060 seconds
206.364: [GC [PSYoungGen: 100544K->7648K(107520K)] 329114K->236218K(352256K), 0.0032860 secs] [Times: user=0.03 sys=0.00, real=0.01 secs] 
206.368: Total time for which application threads were stopped: 0.0034720 seconds, Stopping threads took: 0.0000840 seconds
206.395: Application time: 0.0274620 seconds
206.395: [GC [PSYoungGen: 100320K->7488K(107520K)] 328890K->236266K(352256K), 0.0035350 secs] [Times: user=0.02 sys=0.00, real=0.00 secs] 
206.399: Total time for which application threads were stopped: 0.0037030 seconds, Stopping threads took: 0.0000690 seconds
206.428: Application time: 0.0288030 seconds
206.428: [GC [PSYoungGen: 100160K->7600K(107520K)] 328938K->236466K(352256K), 0.0032920 secs] [Times: user=0.03 sys=0.00, real=0.00 secs] 
206.431: Total time for which application threads were stopped: 0.0034550 seconds, Stopping threads took: 0.0000620 seconds
206.453: Application time: 0.0215760 seconds
206.453: [GC [PSYoungGen: 100272K->7968K(107520K)] 329138K->236834K(352256K), 0.0032180 secs] [Times: user=0.02 sys=0.00, real=0.01 secs] 
206.456: Total time for which application threads were stopped: 0.0033870 seconds, Stopping threads took: 0.0000660 seconds
206.479: Application time: 0.0233680 seconds
206.479: [GC [PSYoungGen: 100640K->11504K(107520K)] 329506K->240370K(352256K), 0.0046220 secs] [Times: user=0.03 sys=0.00, real=0.00 secs] 
206.484: Total time for which application threads were stopped: 0.0048260 seconds, Stopping threads took: 0.0001000 seconds
206.525: Application time: 0.0413280 seconds
206.526: [GC [PSYoungGen: 104176K->7696K(107520K)] 333042K->236562K(352256K), 0.0031300 secs] [Times: user=0.02 sys=0.00, real=0.01 secs] 
206.529: Total time for which application threads were stopped: 0.0033140 seconds, Stopping threads took: 0.0000840 seconds
206.561: Application time: 0.0326110 seconds
206.562: [GC [PSYoungGen: 100368K->7472K(107520K)] 329234K->236346K(352256K), 0.0034970 secs] [Times: user=0.03 sys=0.00, real=0.00 secs] 
206.565: Total time for which application threads were stopped: 0.0036920 seconds, Stopping threads took: 0.0000960 seconds
206.605: Application time: 0.0403060 seconds
206.610: [GC [PSYoungGen: 100144K->7712K(107520K)] 329018K->236586K(352256K), 0.0113110 secs] [Times: user=0.08 sys=0.00, real=0.01 secs] 
206.621: Total time for which application threads were stopped: 0.0159570 seconds, Stopping threads took: 0.0045530 seconds
206.650: Application time: 0.0283170 seconds
206.650: [GC [PSYoungGen: 100384K->7680K(107520K)] 329258K->236554K(352256K), 0.0033020 secs] [Times: user=0.02 sys=0.01, real=0.00 secs] 
206.653: Total time for which application threads were stopped: 0.0034640 seconds, Stopping threads took: 0.0000620 seconds
206.684: Application time: 0.0306630 seconds
206.684: [GC [PSYoungGen: 100352K->8176K(107520K)] 329226K->237050K(352256K), 0.0034670 secs] [Times: user=0.02 sys=0.00, real=0.01 secs] 
206.687: Total time for which application threads were stopped: 0.0036680 seconds, Stopping threads took: 0.0000960 seconds
206.709: Application time: 0.0218130 seconds
206.709: [GC [PSYoungGen: 100848K->8160K(107520K)] 329722K->237034K(352256K), 0.0032900 secs] [Times: user=0.02 sys=0.00, real=0.00 secs] 
206.713: Total time for which application threads were stopped: 0.0034860 seconds, Stopping threads took: 0.0000940 seconds
206.733: Application time: 0.0204770 seconds
206.733: [GC [PSYoungGen: 100832K->7856K(107520K)] 329706K->236730K(352256K), 0.0034510 secs] [Times: user=0.02 sys=0.00, real=0.01 secs] 
206.737: Total time for which application threads were stopped: 0.0036210 seconds, Stopping threads took: 0.0000670 seconds
206.774: Application time: 0.0367670 seconds
206.774: [GC [PSYoungGen: 100528K->14720K(107520K)] 329402K->243594K(352256K), 0.0056830 secs] [Times: user=0.03 sys=0.00, real=0.01 secs] 
206.780: Total time for which application threads were stopped: 0.0059060 seconds, Stopping threads took: 0.0001030 seconds
206.814: Application time: 0.0339680 seconds
206.814: [GC [PSYoungGen: 107392K->8272K(107520K)] 336266K->237146K(352256K), 0.0034080 secs] [Times: user=0.03 sys=0.00, real=0.01 secs] 
206.817: Total time for which application threads were stopped: 0.0035990 seconds, Stopping threads took: 0.0000890 seconds
206.857: Application time: 0.0401270 seconds
206.857: [GC [PSYoungGen: 100944K->7856K(107520K)] 329818K->236730K(352256K), 0.0033720 secs] [Times: user=0.02 sys=0.00, real=0.00 secs] 
206.861: Total time for which application threads were stopped: 0.0036030 seconds, Stopping threads took: 0.0001320 seconds
206.893: Application time: 0.0319030 seconds
206.893: [GC [PSYoungGen: 100528K->7696K(107520K)] 329402K->236570K(352256K), 0.0034710 secs] [Times: user=0.02 sys=0.00, real=0.01 secs] 
206.896: Total time for which application threads were stopped: 0.0036740 seconds, Stopping threads took: 0.0001020 seconds
206.926: Application time: 0.0291820 seconds
206.926: [GC [PSYoungGen: 100368K->7840K(107520K)] 329242K->236714K(352256K), 0.0033600 secs] [Times: user=0.03 sys=0.00, real=0.01 secs] 
206.929: Total time for which application threads were stopped: 0.0035440 seconds, Stopping threads took: 0.0000790 seconds
206.955: Application time: 0.0260170 seconds
206.955: [GC [PSYoungGen: 100512K->7920K(107520K)] 329386K->236794K(352256K), 0.0032430 secs] [Times: user=0.03 sys=0.00, real=0.00 secs] 
206.959: Total time for which application threads were stopped: 0.0034350 seconds, Stopping threads took: 0.0000910 seconds
206.979: Application time: 0.0204330 seconds
206.979: [GC [PSYoungGen: 100592K->8240K(107520K)] 329466K->237114K(352256K), 0.0032790 secs] [Times: user=0.02 sys=0.00, real=0.00 secs] 
206.983: Total time for which application threads were stopped: 0.0034630 seconds, Stopping threads took: 0.0000810 seconds
207.012: Application time: 0.0290320 seconds
207.012: [GC [PSYoungGen: 100912K->11728K(107520K)] 329786K->240602K(352256K), 0.0044880 secs] [Times: user=0.03 sys=0.00, real=0.01 secs] 
207.016: Total time for which application threads were stopped: 0.0046890 seconds, Stopping threads took: 0.0000960 seconds
207.054: Application time: 0.0380240 seconds
207.054: [GC [PSYoungGen: 104400K->8608K(107520K)] 333274K->237482K(352256K), 0.0033610 secs] [Times: user=0.02 sys=0.00, real=0.00 secs] 
207.058: Total time for which application threads were stopped: 0.0035460 seconds, Stopping threads took: 0.0000820 seconds
207.094: Application time: 0.0359220 seconds
207.094: [GC [PSYoungGen: 101280K->7824K(107520K)] 330154K->236698K(352256K), 0.0032950 secs] [Times: user=0.02 sys=0.00, real=0.00 secs] 
207.097: Total time for which application threads were stopped: 0.0034780 seconds, Stopping threads took: 0.0000760 seconds
207.135: Application time: 0.0373240 seconds
207.135: [GC [PSYoungGen: 100496K->7760K(107520K)] 329370K->236634K(352256K), 0.0033080 secs] [Times: user=0.02 sys=0.00, real=0.00 secs] 
207.138: Total time for which application threads were stopped: 0.0034890 seconds, Stopping threads took: 0.0000740 seconds
207.166: Application time: 0.0278330 seconds
207.166: [GC [PSYoungGen: 100432K->7984K(107520K)] 329306K->237006K(352256K), 0.0036380 secs] [Times: user=0.02 sys=0.00, real=0.00 secs] 
207.170: Total time for which application threads were stopped: 0.0038110 seconds, Stopping threads took: 0.0000680 seconds
207.200: Application time: 0.0299430 seconds
207.200: [GC [PSYoungGen: 100656K->7440K(107520K)] 329678K->236618K(352256K), 0.0032820 secs] [Times: user=0.03 sys=0.00, real=0.00 secs] 
207.203: Total time for which application threads were stopped: 0.0034840 seconds, Stopping threads took: 0.0001010 seconds
207.224: Application time: 0.0208950 seconds
207.224: [GC [PSYoungGen: 100112K->7472K(107520K)] 329290K->236650K(352256K), 0.0030740 secs] [Times: user=0.02 sys=0.00, real=0.01 secs] 
207.227: Total time for which application threads were stopped: 0.0032600 seconds, Stopping threads took: 0.0000840 seconds
207.249: Application time: 0.0217440 seconds
207.249: [GC [PSYoungGen: 100144K->10432K(107520K)] 329322K->239610K(352256K), 0.0040900 secs] [Times: user=0.03 sys=0.00, real=0.00 secs] 
207.253: Total time for which application threads were stopped: 0.0042760 seconds, Stopping threads took: 0.0000840 seconds
207.294: Application time: 0.0411400 seconds
207.295: [GC [PSYoungGen: 103104K->10384K(107520K)] 332282K->239562K(352256K), 0.0039840 secs] [Times: user=0.03 sys=0.00, real=0.00 secs] 
207.299: Total time for which application threads were stopped: 0.0041790 seconds, Stopping threads took: 0.0000770 seconds
207.331: Application time: 0.0319480 seconds
207.331: [GC [PSYoungGen: 103056K->7664K(107520K)] 332234K->236850K(352256K), 0.0035280 secs] [Times: user=0.02 sys=0.00, real=0.01 secs] 
207.334: Total time for which application threads were stopped: 0.0037280 seconds, Stopping threads took: 0.0000940 seconds
207.376: Application time: 0.0416780 seconds
207.376: [GC [PSYoungGen: 100336K->7664K(107520K)] 329522K->236850K(352256K), 0.0031750 secs] [Times: user=0.02 sys=0.00, real=0.00 secs] 
207.379: Total time for which application threads were stopped: 0.0033730 seconds, Stopping threads took: 0.0000930 seconds
207.408: Application time: 0.0282830 seconds
207.408: [GC [PSYoungGen: 100336K->7744K(107520K)] 329522K->236930K(352256K), 0.0032310 secs] [Times: user=0.02 sys=0.00, real=0.00 secs] 
207.411: Total time for which application threads were stopped: 0.0034190 seconds, Stopping threads took: 0.0000890 seconds
207.443: Application time: 0.0315750 seconds
207.443: [GC [PSYoungGen: 100416K->7776K(107520K)] 329602K->236962K(352256K), 0.0034850 secs] [Times: user=0.02 sys=0.00, real=0.01 secs] 
207.446: Total time for which application threads were stopped: 0.0036570 seconds, Stopping threads took: 0.0000670 seconds
207.470: Application time: 0.0237630 seconds
207.470: [GC [PSYoungGen: 100448K->7920K(107520K)] 329634K->237106K(352256K), 0.0035720 secs] [Times: user=0.02 sys=0.00, real=0.00 secs] 
207.474: Total time for which application threads were stopped: 0.0037570 seconds, Stopping threads took: 0.0000860 seconds
207.493: Application time: 0.0194620 seconds
207.493: [GC [PSYoungGen: 100592K->9040K(107520K)] 329778K->238226K(352256K), 0.0034930 secs] [Times: user=0.03 sys=0.00, real=0.01 secs] 
207.497: Total time for which application threads were stopped: 0.0037030 seconds, Stopping threads took: 0.0001110 seconds
207.533: Application time: 0.0357450 seconds
207.533: [GC [PSYoungGen: 101712K->14832K(107520K)] 330898K->244602K(352256K), 0.0059610 secs] [Times: user=0.05 sys=0.00, real=0.01 secs] 
207.539: Total time for which application threads were stopped: 0.0061380 seconds, Stopping threads took: 0.0000740 seconds
207.573: Application time: 0.0344940 seconds
207.574: [GC [PSYoungGen: 107504K->10400K(107520K)] 337274K->240171K(352256K), 0.0042330 secs] [Times: user=0.03 sys=0.00, real=0.01 secs] 
207.578: Total time for which application threads were stopped: 0.0044260 seconds, Stopping threads took: 0.0000900 seconds
207.618: Application time: 0.0399780 seconds
207.618: [GC [PSYoungGen: 103072K->9888K(107520K)] 332843K->239658K(352256K), 0.0040970 secs] [Times: user=0.03 sys=0.00, real=0.00 secs] 
207.622: Total time for which application threads were stopped: 0.0043220 seconds, Stopping threads took: 0.0001140 seconds
207.656: Application time: 0.0340480 seconds
207.656: [GC [PSYoungGen: 102560K->10000K(107520K)] 332330K->239771K(352256K), 0.0041620 secs] [Times: user=0.03 sys=0.00, real=0.00 secs] 
207.661: Total time for which application threads were stopped: 0.0043560 seconds, Stopping threads took: 0.0000910 seconds
207.690: Application time: 0.0292240 seconds
207.690: [GC [PSYoungGen: 102672K->10000K(107520K)] 332443K->239771K(352256K), 0.0042040 secs] [Times: user=0.03 sys=0.00, real=0.01 secs] 
207.694: Total time for which application threads were stopped: 0.0044100 seconds, Stopping threads took: 0.0001050 seconds
207.721: Application time: 0.0271600 seconds
207.721: [GC [PSYoungGen: 102672K->10192K(107520K)] 332443K->239962K(352256K), 0.0045240 secs] [Times: user=0.03 sys=0.00, real=0.01 secs] 
207.726: Total time for which application threads were stopped: 0.0047100 seconds, Stopping threads took: 0.0000880 seconds
207.746: Application time: 0.0197830 seconds
207.746: [GC [PSYoungGen: 102864K->10400K(107520K)] 332634K->240170K(352256K), 0.0043970 secs] [Times: user=0.03 sys=0.00, real=0.00 secs] 
207.751: Total time for which application threads were stopped: 0.0046640 seconds, Stopping threads took: 0.0001680 seconds
207.777: Application time: 0.0265030 seconds
207.777: [GC [PSYoungGen: 103072K->13536K(107520K)] 332842K->243306K(352256K), 0.0055830 secs] [Times: user=0.04 sys=0.00, real=0.00 secs] 
207.783: Total time for which application threads were stopped: 0.0057640 seconds, Stopping threads took: 0.0000840 seconds
207.822: Application time: 0.0393170 seconds
207.826: [GC [PSYoungGen: 106208K->12704K(107520K)] 335978K->242474K(352256K), 0.0049820 secs] [Times: user=0.03 sys=0.00, real=0.00 secs] 
207.831: Total time for which application threads were stopped: 0.0089460 seconds, Stopping threads took: 0.0038400 seconds
207.867: Application time: 0.0354770 seconds
207.867: [GC [PSYoungGen: 105376K->10064K(107520K)] 335146K->239834K(352256K), 0.0041800 secs] [Times: user=0.03 sys=0.00, real=0.00 secs] 
207.871: Total time for which application threads were stopped: 0.0043910 seconds, Stopping threads took: 0.0001100 seconds
207.911: Application time: 0.0400640 seconds
207.911: [GC [PSYoungGen: 102736K->10224K(107520K)] 332506K->239994K(352256K), 0.0041020 secs] [Times: user=0.03 sys=0.00, real=0.01 secs] 
207.915: Total time for which application threads were stopped: 0.0043060 seconds, Stopping threads took: 0.0001010 seconds
207.942: Application time: 0.0270670 seconds
207.942: [GC [PSYoungGen: 102896K->9936K(107520K)] 332666K->239787K(352256K), 0.0043230 secs] [Times: user=0.03 sys=0.00, real=0.01 secs] 
207.947: Total time for which application threads were stopped: 0.0045030 seconds, Stopping threads took: 0.0000750 seconds
207.978: Application time: 0.0315600 seconds
207.979: [GC [PSYoungGen: 102608K->9936K(107520K)] 332459K->239995K(352256K), 0.0043970 secs] [Times: user=0.03 sys=0.00, real=0.00 secs] 
207.983: Total time for which application threads were stopped: 0.0045630 seconds, Stopping threads took: 0.0000640 seconds
208.004: Application time: 0.0211940 seconds
208.005: [GC [PSYoungGen: 102608K->9904K(107520K)] 332667K->239963K(352256K), 0.0038680 secs] [Times: user=0.02 sys=0.00, real=0.01 secs] 
208.009: Total time for which application threads were stopped: 0.0045420 seconds, Stopping threads took: 0.0005620 seconds
208.031: Application time: 0.0219420 seconds
208.031: [GC [PSYoungGen: 102576K->9760K(107520K)] 332635K->239819K(352256K), 0.0041740 secs] [Times: user=0.03 sys=0.00, real=0.01 secs] 
208.035: Total time for which application threads were stopped: 0.0043570 seconds, Stopping threads took: 0.0000810 seconds
208.074: Application time: 0.0390020 seconds
208.074: [GC [PSYoungGen: 102432K->11328K(107520K)] 332491K->243654K(352256K), 0.0051500 secs] [Times: user=0.04 sys=0.00, real=0.00 secs] 
208.079: Total time for which application threads were stopped: 0.0053400 seconds, Stopping threads took: 0.0000810 seconds
208.111: Application time: 0.0318950 seconds
208.111: [GC [PSYoungGen: 104000K->7568K(107520K)] 336326K->239902K(352256K), 0.0032430 secs] [Times: user=0.02 sys=0.00, real=0.01 secs] 
208.115: Total time for which application threads were stopped: 0.0034370 seconds, Stopping threads took: 0.0000930 seconds
208.157: Application time: 0.0427410 seconds
208.158: [GC [PSYoungGen: 100240K->7680K(107520K)] 332574K->240014K(352256K), 0.0033460 secs] [Times: user=0.03 sys=0.00, real=0.00 secs] 
208.161: Total time for which application threads were stopped: 0.0035490 seconds, Stopping threads took: 0.0001000 seconds
208.191: Application time: 0.0298260 seconds
208.191: [GC [PSYoungGen: 100352K->7696K(107520K)] 332686K->240030K(352256K), 0.0032510 secs] [Times: user=0.03 sys=0.00, real=0.01 secs] 
208.194: Total time for which application threads were stopped: 0.0034540 seconds, Stopping threads took: 0.0001000 seconds
208.225: Application time: 0.0309640 seconds
208.225: [GC [PSYoungGen: 100368K->7952K(107520K)] 332702K->240287K(352256K), 0.0034380 secs] [Times: user=0.03 sys=0.00, real=0.01 secs] 
208.229: Total time for which application threads were stopped: 0.0036450 seconds, Stopping threads took: 0.0001130 seconds
208.254: Application time: 0.0249080 seconds
208.254: [GC [PSYoungGen: 100624K->8000K(107520K)] 332959K->240335K(352256K), 0.0035830 secs] [Times: user=0.03 sys=0.00, real=0.00 secs] 
208.258: Total time for which application threads were stopped: 0.0037860 seconds, Stopping threads took: 0.0001080 seconds
208.277: Application time: 0.0192450 seconds
208.277: [GC [PSYoungGen: 100672K->7984K(107520K)] 333007K->240318K(352256K), 0.0033150 secs] [Times: user=0.02 sys=0.00, real=0.00 secs] 
208.280: Total time for which application threads were stopped: 0.0035140 seconds, Stopping threads took: 0.0001000 seconds
208.312: Application time: 0.0312620 seconds
208.312: [GC [PSYoungGen: 100656K->14816K(107520K)] 332990K->249004K(352256K), 0.0068660 secs] [Times: user=0.05 sys=0.00, real=0.01 secs] 
208.319: Total time for which application threads were stopped: 0.0070360 seconds, Stopping threads took: 0.0000690 seconds
208.356: Application time: 0.0376500 seconds
208.356: [GC [PSYoungGen: 107488K->12176K(107520K)] 341676K->246364K(352256K), 0.0049560 secs] [Times: user=0.04 sys=0.00, real=0.00 secs] 
208.362: Total time for which application threads were stopped: 0.0051670 seconds, Stopping threads took: 0.0000850 seconds
208.399: Application time: 0.0377120 seconds
208.399: [GC [PSYoungGen: 104848K->11648K(107520K)] 339036K->245836K(352256K), 0.0052740 secs] [Times: user=0.04 sys=0.00, real=0.00 secs] 
208.405: Total time for which application threads were stopped: 0.0054970 seconds, Stopping threads took: 0.0001180 seconds
208.441: Application time: 0.0364740 seconds
208.441: [GC [PSYoungGen: 104320K->11936K(107520K)] 338508K->246124K(352256K), 0.0049560 secs] [Times: user=0.03 sys=0.00, real=0.01 secs] 
208.446: Total time for which application threads were stopped: 0.0051510 seconds, Stopping threads took: 0.0000910 seconds
208.474: Application time: 0.0276780 seconds
208.474: [GC [PSYoungGen: 104608K->11744K(107520K)] 338796K->245932K(352256K), 0.0048500 secs] [Times: user=0.04 sys=0.00, real=0.00 secs] 
208.479: Total time for which application threads were stopped: 0.0050260 seconds, Stopping threads took: 0.0000730 seconds
208.509: Application time: 0.0296400 seconds
208.509: [GC [PSYoungGen: 104416K->11840K(107520K)] 338604K->246028K(352256K), 0.0048670 secs] [Times: user=0.03 sys=0.00, real=0.00 secs] 
208.514: Total time for which application threads were stopped: 0.0050400 seconds, Stopping threads took: 0.0000700 seconds
208.534: Application time: 0.0204620 seconds
208.534: [GC [PSYoungGen: 104512K->11712K(107520K)] 338700K->245900K(352256K), 0.0048380 secs] [Times: user=0.03 sys=0.00, real=0.00 secs] 
208.539: Total time for which application threads were stopped: 0.0049980 seconds, Stopping threads took: 0.0000570 seconds
208.561: Application time: 0.0221590 seconds
208.566: [GC [PSYoungGen: 104384K->14688K(107520K)] 338572K->248876K(352256K), 0.0058540 secs] [Times: user=0.04 sys=0.00, real=0.00 secs] 
208.572: Total time for which application threads were stopped: 0.0105070 seconds, Stopping threads took: 0.0045530 seconds
208.614: Application time: 0.0417340 seconds
208.614: [GC [PSYoungGen: 107360K->12432K(107520K)] 341548K->246620K(352256K), 0.0050160 secs] [Times: user=0.04 sys=0.00, real=0.01 secs] 
208.619: Total time for which application threads were stopped: 0.0051900 seconds, Stopping threads took: 0.0000710 seconds
208.652: Application time: 0.0329360 seconds
208.652: [GC [PSYoungGen: 105104K->11872K(107520K)] 339292K->246060K(352256K), 0.0049230 secs] [Times: user=0.04 sys=0.00, real=0.01 secs] 
208.657: Total time for which application threads were stopped: 0.0051260 seconds, Stopping threads took: 0.0001020 seconds
208.698: Application time: 0.0414480 seconds
208.698: [GC [PSYoungGen: 104544K->11648K(107520K)] 338732K->245836K(352256K), 0.0051220 secs] [Times: user=0.03 sys=0.00, real=0.00 secs] 
208.704: Total time for which application threads were stopped: 0.0053180 seconds, Stopping threads took: 0.0000930 seconds
208.731: Application time: 0.0277790 seconds
208.732: [GC [PSYoungGen: 104320K->11632K(107520K)] 338508K->245940K(352256K), 0.0051730 secs] [Times: user=0.03 sys=0.00, real=0.01 secs] 
208.737: Total time for which application threads were stopped: 0.0053660 seconds, Stopping threads took: 0.0000930 seconds
208.768: Application time: 0.0310010 seconds
208.768: [GC [PSYoungGen: 104304K->11696K(107520K)] 338612K->246188K(352256K), 0.0049400 secs] [Times: user=0.04 sys=0.00, real=0.00 secs] 
208.773: Total time for which application threads were stopped: 0.0051230 seconds, Stopping threads took: 0.0000760 seconds
208.795: Application time: 0.0219840 seconds
208.795: [GC [PSYoungGen: 104368K->11504K(107520K)] 338860K->245996K(352256K), 0.0051210 secs] [Times: user=0.04 sys=0.00, real=0.00 secs] 
208.800: Total time for which application threads were stopped: 0.0052740 seconds, Stopping threads took: 0.0000480 seconds
208.821: Application time: 0.0204760 seconds
208.821: [GC [PSYoungGen: 104176K->11520K(107520K)] 338668K->246012K(352256K), 0.0047190 secs] [Times: user=0.03 sys=0.00, real=0.00 secs] 
208.826: Total time for which application threads were stopped: 0.0049140 seconds, Stopping threads took: 0.0000910 seconds
208.863: Application time: 0.0375840 seconds
208.863: [GC [PSYoungGen: 104192K->13792K(107520K)] 338684K->252192K(352256K), 0.0068460 secs] [Times: user=0.05 sys=0.00, real=0.01 secs] 
208.870: Total time for which application threads were stopped: 0.0070440 seconds, Stopping threads took: 0.0000790 seconds
208.903: Application time: 0.0328040 seconds
208.903: [GC [PSYoungGen: 106464K->7632K(107520K)] 344864K->246040K(352256K), 0.0031640 secs] [Times: user=0.02 sys=0.01, real=0.01 secs] 
208.906: Total time for which application threads were stopped: 0.0033550 seconds, Stopping threads took: 0.0000910 seconds
208.947: Application time: 0.0407190 seconds
208.947: [GC [PSYoungGen: 100304K->7440K(107520K)] 338712K->245848K(352256K), 0.0032570 secs] [Times: user=0.03 sys=0.00, real=0.00 secs] 
208.951: Total time for which application threads were stopped: 0.0034400 seconds, Stopping threads took: 0.0000850 seconds
208.983: Application time: 0.0322680 seconds
208.983: [GC [PSYoungGen: 100112K->7616K(107520K)] 338520K->246024K(352256K), 0.0034410 secs] [Times: user=0.03 sys=0.00, real=0.01 secs] 
208.986: Total time for which application threads were stopped: 0.0036240 seconds, Stopping threads took: 0.0000820 seconds
209.016: Application time: 0.0294120 seconds
209.016: [GC [PSYoungGen: 100288K->8096K(107520K)] 338696K->246504K(352256K), 0.0035330 secs] [Times: user=0.02 sys=0.00, real=0.00 secs] 
209.020: Total time for which application threads were stopped: 0.0036960 seconds, Stopping threads took: 0.0000580 seconds
209.046: Application time: 0.0263000 seconds
209.050: [GC [PSYoungGen: 100768K->8016K(107520K)] 339176K->246424K(352256K), 0.0033620 secs] [Times: user=0.02 sys=0.00, real=0.00 secs] 
209.053: Total time for which application threads were stopped: 0.0075410 seconds, Stopping threads took: 0.0040780 seconds
209.073: Application time: 0.0197310 seconds
209.073: [GC [PSYoungGen: 100688K->8064K(107520K)] 339096K->246472K(352256K), 0.0032910 secs] [Times: user=0.02 sys=0.00, real=0.01 secs] 
209.077: Total time for which application threads were stopped: 0.0034980 seconds, Stopping threads took: 0.0001020 seconds
209.104: Application time: 0.0278730 seconds
209.105: [GC [PSYoungGen: 100736K->13136K(107520K)] 339144K->251544K(352256K), 0.0051350 secs] [Times: user=0.03 sys=0.00, real=0.01 secs] 
209.110: Total time for which application threads were stopped: 0.0053270 seconds, Stopping threads took: 0.0000880 seconds
209.149: Application time: 0.0387940 seconds
209.149: [GC [PSYoungGen: 105808K->8464K(107520K)] 344216K->246872K(352256K), 0.0033780 secs] [Times: user=0.03 sys=0.00, real=0.00 secs] 
209.152: Total time for which application threads were stopped: 0.0035790 seconds, Stopping threads took: 0.0001010 seconds
209.188: Application time: 0.0361330 seconds
209.188: [GC [PSYoungGen: 101136K->7744K(107520K)] 339544K->246152K(352256K), 0.0035540 secs] [Times: user=0.02 sys=0.00, real=0.00 secs] 
209.192: Total time for which application threads were stopped: 0.0037520 seconds, Stopping threads took: 0.0000950 seconds
209.230: Application time: 0.0378190 seconds
209.230: [GC [PSYoungGen: 100416K->7840K(107520K)] 338824K->246248K(352256K), 0.0034180 secs] [Times: user=0.02 sys=0.00, real=0.00 secs] 
209.234: Total time for which application threads were stopped: 0.0036160 seconds, Stopping threads took: 0.0000940 seconds
209.261: Application time: 0.0274110 seconds
209.261: [GC [PSYoungGen: 100512K->7776K(107520K)] 338920K->246184K(352256K), 0.0032650 secs] [Times: user=0.02 sys=0.00, real=0.00 secs] 
209.264: Total time for which application threads were stopped: 0.0034520 seconds, Stopping threads took: 0.0000850 seconds
209.295: Application time: 0.0304690 seconds
209.295: [GC [PSYoungGen: 100448K->7856K(107520K)] 338856K->246264K(352256K), 0.0033610 secs] [Times: user=0.02 sys=0.01, real=0.00 secs] 
209.298: Total time for which application threads were stopped: 0.0035610 seconds, Stopping threads took: 0.0000990 seconds
209.319: Application time: 0.0210430 seconds
209.320: [GC [PSYoungGen: 100528K->7792K(107520K)] 338936K->246200K(352256K), 0.0032590 secs] [Times: user=0.02 sys=0.00, real=0.00 secs] 
209.323: Total time for which application threads were stopped: 0.0034790 seconds, Stopping threads took: 0.0001180 seconds
209.345: Application time: 0.0218780 seconds
209.345: [GC [PSYoungGen: 100464K->10704K(107520K)] 338872K->249112K(352256K), 0.0043470 secs] [Times: user=0.03 sys=0.00, real=0.01 secs] 
209.349: Total time for which application threads were stopped: 0.0045200 seconds, Stopping threads took: 0.0000710 seconds
209.388: Application time: 0.0389630 seconds
209.388: [GC [PSYoungGen: 103376K->10992K(107520K)] 341784K->249400K(352256K), 0.0042800 secs] [Times: user=0.03 sys=0.00, real=0.00 secs] 
209.393: Total time for which application threads were stopped: 0.0044750 seconds, Stopping threads took: 0.0000680 seconds
209.426: Application time: 0.0329580 seconds
209.426: [GC [PSYoungGen: 103664K->7760K(107520K)] 342072K->246168K(352256K), 0.0032450 secs] [Times: user=0.02 sys=0.00, real=0.00 secs] 
209.429: Total time for which application threads were stopped: 0.0034570 seconds, Stopping threads took: 0.0001090 seconds
209.470: Application time: 0.0411950 seconds
209.471: [GC [PSYoungGen: 100432K->7872K(107520K)] 338840K->246280K(352256K), 0.0034520 secs] [Times: user=0.02 sys=0.00, real=0.01 secs] 
209.474: Total time for which application threads were stopped: 0.0036440 seconds, Stopping threads took: 0.0000830 seconds
209.504: Application time: 0.0295010 seconds
209.504: [GC [PSYoungGen: 100544K->7712K(107520K)] 338952K->246192K(352256K), 0.0033760 secs] [Times: user=0.01 sys=0.00, real=0.01 secs] 
209.507: Total time for which application threads were stopped: 0.0035460 seconds, Stopping threads took: 0.0000550 seconds
209.537: Application time: 0.0299950 seconds
209.537: [GC [PSYoungGen: 100384K->7760K(107520K)] 338864K->246424K(352256K), 0.0033530 secs] [Times: user=0.02 sys=0.00, real=0.00 secs] 
209.541: Total time for which application threads were stopped: 0.0035420 seconds, Stopping threads took: 0.0000860 seconds
209.564: Application time: 0.0236500 seconds
209.564: [GC [PSYoungGen: 100422K->7776K(107520K)] 339087K->246496K(352256K), 0.0032590 secs] [Times: user=0.02 sys=0.00, real=0.01 secs] 
209.568: Total time for which application threads were stopped: 0.0034690 seconds, Stopping threads took: 0.0001070 seconds
209.588: Application time: 0.0203110 seconds
209.588: [GC [PSYoungGen: 100448K->8064K(107520K)] 339168K->246784K(352256K), 0.0033050 secs] [Times: user=0.03 sys=0.00, real=0.00 secs] 
209.592: Total time for which application threads were stopped: 0.0034940 seconds, Stopping threads took: 0.0000840 seconds
209.625: Application time: 0.0329280 seconds
209.626: [GC [PSYoungGen: 100736K->13680K(107520K)] 339456K->252400K(352256K), 0.0054300 secs] [Times: user=0.04 sys=0.00, real=0.00 secs] 
209.631: Total time for which application threads were stopped: 0.0069480 seconds, Stopping threads took: 0.0014150 seconds
209.669: Application time: 0.0371080 seconds
209.669: [GC [PSYoungGen: 106352K->7856K(107520K)] 345072K->246584K(352256K), 0.0033340 secs] [Times: user=0.03 sys=0.00, real=0.00 secs] 
209.672: Total time for which application threads were stopped: 0.0035350 seconds, Stopping threads took: 0.0000950 seconds
209.711: Application time: 0.0383990 seconds
209.711: [GC [PSYoungGen: 100528K->7680K(107520K)] 339256K->246408K(352256K), 0.0032250 secs] [Times: user=0.03 sys=0.00, real=0.01 secs] 
209.714: Total time for which application threads were stopped: 0.0034240 seconds, Stopping threads took: 0.0000960 seconds
209.748: Application time: 0.0340790 seconds
209.748: [GC [PSYoungGen: 100352K->7728K(107520K)] 339080K->246456K(352256K), 0.0032010 secs] [Times: user=0.03 sys=0.00, real=0.00 secs] 
209.751: Total time for which application threads were stopped: 0.0034140 seconds, Stopping threads took: 0.0001100 seconds
209.780: Application time: 0.0290600 seconds
209.781: [GC [PSYoungGen: 100400K->7904K(107520K)] 339128K->246632K(352256K), 0.0032970 secs] [Times: user=0.02 sys=0.00, real=0.00 secs] 
209.784: Total time for which application threads were stopped: 0.0034990 seconds, Stopping threads took: 0.0001020 seconds
209.812: Application time: 0.0278720 seconds
209.812: [GC [PSYoungGen: 100576K->7792K(107520K)] 339304K->246520K(352256K), 0.0035270 secs] [Times: user=0.03 sys=0.00, real=0.01 secs] 
209.816: Total time for which application threads were stopped: 0.0037250 seconds, Stopping threads took: 0.0000960 seconds
209.836: Application time: 0.0204520 seconds
209.838: [GC [PSYoungGen: 100464K->7904K(107520K)] 339192K->246632K(352256K), 0.0032970 secs] [Times: user=0.03 sys=0.00, real=0.00 secs] 
209.841: Total time for which application threads were stopped: 0.0052410 seconds, Stopping threads took: 0.0018400 seconds
209.866: Application time: 0.0247280 seconds
209.866: [GC [PSYoungGen: 100576K->12656K(107520K)] 339304K->251384K(352256K), 0.0048980 secs] [Times: user=0.04 sys=0.00, real=0.00 secs] 
209.871: Total time for which application threads were stopped: 0.0050590 seconds, Stopping threads took: 0.0000590 seconds
209.910: Application time: 0.0391770 seconds
209.910: [GC [PSYoungGen: 105328K->10656K(107520K)] 344056K->249384K(352256K), 0.0042690 secs] [Times: user=0.03 sys=0.00, real=0.01 secs] 
209.915: Total time for which application threads were stopped: 0.0044760 seconds, Stopping threads took: 0.0000850 seconds
209.949: Application time: 0.0347130 seconds
209.950: [GC [PSYoungGen: 103328K->8080K(107520K)] 342056K->246808K(352256K), 0.0034230 secs] [Times: user=0.02 sys=0.00, real=0.00 secs] 
209.953: Total time for which application threads were stopped: 0.0036290 seconds, Stopping threads took: 0.0000940 seconds
209.993: Application time: 0.0403530 seconds
209.994: [GC [PSYoungGen: 100752K->7888K(107520K)] 339480K->246616K(352256K), 0.0032650 secs] [Times: user=0.03 sys=0.00, real=0.01 secs] 
209.997: Total time for which application threads were stopped: 0.0034470 seconds, Stopping threads took: 0.0000790 seconds
210.025: Application time: 0.0283070 seconds
210.026: [GC [PSYoungGen: 100560K->7776K(107520K)] 339288K->246504K(352256K), 0.0033420 secs] [Times: user=0.02 sys=0.00, real=0.00 secs] 
210.029: Total time for which application threads were stopped: 0.0041870 seconds, Stopping threads took: 0.0007420 seconds
210.060: Application time: 0.0306660 seconds
210.062: [GC [PSYoungGen: 100448K->7968K(107520K)] 339176K->246696K(352256K), 0.0033490 secs] [Times: user=0.02 sys=0.00, real=0.00 secs] 
210.065: Total time for which application threads were stopped: 0.0053550 seconds, Stopping threads took: 0.0019000 seconds
210.087: Application time: 0.0211870 seconds
210.087: [GC [PSYoungGen: 100640K->8256K(107520K)] 339368K->246984K(352256K), 0.0034790 secs] [Times: user=0.02 sys=0.00, real=0.00 secs] 
210.090: Total time for which application threads were stopped: 0.0037340 seconds, Stopping threads took: 0.0001500 seconds
210.112: Application time: 0.0219920 seconds
210.113: [GC [PSYoungGen: 100928K->8720K(107520K)] 339656K->247448K(352256K), 0.0034070 secs] [Times: user=0.02 sys=0.00, real=0.01 secs] 
210.116: Total time for which application threads were stopped: 0.0036050 seconds, Stopping threads took: 0.0000970 seconds
210.153: Application time: 0.0372180 seconds
210.153: [GC [PSYoungGen: 101392K->12384K(107520K)] 340120K->251112K(352256K), 0.0048140 secs] [Times: user=0.03 sys=0.00, real=0.01 secs] 
210.158: Total time for which application threads were stopped: 0.0050320 seconds, Stopping threads took: 0.0001140 seconds
210.192: Application time: 0.0334230 seconds
210.192: [GC [PSYoungGen: 105056K->7968K(107520K)] 343784K->246696K(352256K), 0.0034960 secs] [Times: user=0.02 sys=0.00, real=0.01 secs] 
210.195: Total time for which application threads were stopped: 0.0036900 seconds, Stopping threads took: 0.0000940 seconds
210.236: Application time: 0.0409210 seconds
210.236: [GC [PSYoungGen: 100640K->7712K(107520K)] 339368K->246440K(352256K), 0.0033150 secs] [Times: user=0.02 sys=0.00, real=0.00 secs] 
210.240: Total time for which application threads were stopped: 0.0035180 seconds, Stopping threads took: 0.0001010 seconds
210.270: Application time: 0.0306780 seconds
210.271: [GC [PSYoungGen: 100384K->7712K(107520K)] 339112K->246496K(352256K), 0.0034250 secs] [Times: user=0.02 sys=0.00, real=0.01 secs] 
210.274: Total time for which application threads were stopped: 0.0036180 seconds, Stopping threads took: 0.0000870 seconds
210.304: Application time: 0.0299830 seconds
210.304: [GC [PSYoungGen: 100384K->7696K(107520K)] 339168K->246684K(352256K), 0.0035700 secs] [Times: user=0.02 sys=0.00, real=0.01 secs] 
210.308: Total time for which application threads were stopped: 0.0037620 seconds, Stopping threads took: 0.0000930 seconds
210.332: Application time: 0.0243640 seconds
210.332: [GC [PSYoungGen: 100368K->7664K(107520K)] 339356K->246700K(352256K), 0.0032070 secs] [Times: user=0.02 sys=0.00, real=0.01 secs] 
210.336: Total time for which application threads were stopped: 0.0033980 seconds, Stopping threads took: 0.0000910 seconds
210.357: Application time: 0.0212260 seconds
210.357: [GC [PSYoungGen: 100336K->7728K(107520K)] 339372K->246764K(352256K), 0.0035280 secs] [Times: user=0.02 sys=0.00, real=0.00 secs] 
210.360: Total time for which application threads were stopped: 0.0036800 seconds, Stopping threads took: 0.0000490 seconds
210.391: Application time: 0.0304090 seconds
210.391: [GC [PSYoungGen: 100400K->12224K(107520K)] 339436K->251260K(352256K), 0.0049520 secs] [Times: user=0.03 sys=0.00, real=0.01 secs] 
210.396: Total time for which application threads were stopped: 0.0051550 seconds, Stopping threads took: 0.0001030 seconds
210.432: Application time: 0.0363770 seconds
210.433: [GC [PSYoungGen: 104896K->8416K(107520K)] 343932K->247460K(352256K), 0.0036760 secs] [Times: user=0.03 sys=0.00, real=0.01 secs] 
210.436: Total time for which application threads were stopped: 0.0039150 seconds, Stopping threads took: 0.0001090 seconds
210.473: Application time: 0.0370870 seconds
210.474: [GC [PSYoungGen: 101088K->7504K(107520K)] 340132K->246556K(352256K), 0.0032810 secs] [Times: user=0.03 sys=0.00, real=0.01 secs] 
210.477: Total time for which application threads were stopped: 0.0034950 seconds, Stopping threads took: 0.0001050 seconds
210.513: Application time: 0.0362730 seconds
210.513: [GC [PSYoungGen: 100176K->7664K(107520K)] 339228K->246716K(352256K), 0.0032280 secs] [Times: user=0.02 sys=0.00, real=0.01 secs] 
210.517: Total time for which application threads were stopped: 0.0034250 seconds, Stopping threads took: 0.0000940 seconds
210.545: Application time: 0.0287850 seconds
210.546: [GC [PSYoungGen: 100336K->7808K(107520K)] 339388K->246860K(352256K), 0.0033180 secs] [Times: user=0.02 sys=0.00, real=0.01 secs] 
210.549: Total time for which application threads were stopped: 0.0035150 seconds, Stopping threads took: 0.0000960 seconds
210.577: Application time: 0.0284930 seconds
210.578: [GC [PSYoungGen: 100480K->8224K(107520K)] 339532K->247276K(352256K), 0.0034970 secs] [Times: user=0.02 sys=0.00, real=0.00 secs] 
210.581: Total time for which application threads were stopped: 0.0036990 seconds, Stopping threads took: 0.0001010 seconds
210.603: Application time: 0.0214050 seconds
210.603: [GC [PSYoungGen: 100896K->7872K(107520K)] 339948K->246924K(352256K), 0.0033020 secs] [Times: user=0.03 sys=0.00, real=0.01 secs] 
210.606: Total time for which application threads were stopped: 0.0034760 seconds, Stopping threads took: 0.0000720 seconds
210.629: Application time: 0.0233740 seconds
210.630: [GC [PSYoungGen: 100544K->10480K(107520K)] 339596K->249532K(352256K), 0.0042530 secs] [Times: user=0.03 sys=0.00, real=0.00 secs] 
210.634: Total time for which application threads were stopped: 0.0044660 seconds, Stopping threads took: 0.0001030 seconds
210.673: Application time: 0.0388870 seconds
210.673: [GC [PSYoungGen: 103152K->11984K(107520K)] 342204K->251036K(352256K), 0.0049100 secs] [Times: user=0.03 sys=0.00, real=0.01 secs] 
210.678: Total time for which application threads were stopped: 0.0051190 seconds, Stopping threads took: 0.0000960 seconds
210.712: Application time: 0.0337770 seconds
210.712: [GC [PSYoungGen: 104656K->7872K(107520K)] 343708K->246924K(352256K), 0.0037510 secs] [Times: user=0.02 sys=0.00, real=0.01 secs] 
210.716: Total time for which application threads were stopped: 0.0039360 seconds, Stopping threads took: 0.0000860 seconds
210.756: Application time: 0.0408810 seconds
210.757: [GC [PSYoungGen: 100544K->7888K(107520K)] 339596K->246940K(352256K), 0.0034010 secs] [Times: user=0.03 sys=0.00, real=0.00 secs] 
210.760: Total time for which application threads were stopped: 0.0035860 seconds, Stopping threads took: 0.0000860 seconds
210.789: Application time: 0.0288340 seconds
210.789: [GC [PSYoungGen: 100560K->7840K(107520K)] 339612K->246892K(352256K), 0.0035910 secs] [Times: user=0.02 sys=0.00, real=0.00 secs] 
210.793: Total time for which application threads were stopped: 0.0037760 seconds, Stopping threads took: 0.0000860 seconds
210.823: Application time: 0.0302160 seconds
210.823: [GC [PSYoungGen: 100512K->7968K(107520K)] 339564K->247020K(352256K), 0.0036020 secs] [Times: user=0.02 sys=0.00, real=0.01 secs] 
210.827: Total time for which application threads were stopped: 0.0037810 seconds, Stopping threads took: 0.0000790 seconds
210.849: Application time: 0.0221650 seconds
210.849: [GC [PSYoungGen: 100640K->7856K(107520K)] 339692K->246908K(352256K), 0.0032940 secs] [Times: user=0.02 sys=0.00, real=0.00 secs] 
210.852: Total time for which application threads were stopped: 0.0035000 seconds, Stopping threads took: 0.0001050 seconds
210.875: Application time: 0.0222310 seconds
210.875: [GC [PSYoungGen: 100528K->7808K(107520K)] 339580K->246860K(352256K), 0.0034240 secs] [Times: user=0.01 sys=0.00, real=0.00 secs] 
210.878: Total time for which application threads were stopped: 0.0036310 seconds, Stopping threads took: 0.0001050 seconds
210.913: Application time: 0.0346890 seconds
210.913: [GC [PSYoungGen: 100480K->12352K(107520K)] 339532K->251404K(352256K), 0.0050580 secs] [Times: user=0.04 sys=0.00, real=0.01 secs] 
210.918: Total time for which application threads were stopped: 0.0052160 seconds, Stopping threads took: 0.0000520 seconds
210.952: Application time: 0.0342380 seconds
210.953: [GC [PSYoungGen: 105024K->8032K(107520K)] 344076K->247084K(352256K), 0.0035440 secs] [Times: user=0.03 sys=0.00, real=0.01 secs] 
210.956: Total time for which application threads were stopped: 0.0037750 seconds, Stopping threads took: 0.0001110 seconds
210.995: Application time: 0.0392250 seconds
210.996: [GC [PSYoungGen: 100704K->7840K(107520K)] 339756K->246892K(352256K), 0.0037470 secs] [Times: user=0.02 sys=0.00, real=0.00 secs] 
210.999: Total time for which application threads were stopped: 0.0039410 seconds, Stopping threads took: 0.0000950 seconds
211.032: Application time: 0.0330760 seconds
211.033: [GC [PSYoungGen: 100512K->7664K(107520K)] 339564K->246756K(352256K), 0.0035050 secs] [Times: user=0.02 sys=0.00, real=0.01 secs] 
211.036: Total time for which application threads were stopped: 0.0037060 seconds, Stopping threads took: 0.0001010 seconds
211.066: Application time: 0.0294700 seconds
211.066: [GC [PSYoungGen: 100336K->7776K(107520K)] 339428K->247045K(352256K), 0.0033450 secs] [Times: user=0.03 sys=0.00, real=0.01 secs] 
211.069: Total time for which application threads were stopped: 0.0035450 seconds, Stopping threads took: 0.0000940 seconds
211.096: Application time: 0.0271890 seconds
211.096: [GC [PSYoungGen: 100448K->7824K(107520K)] 339717K->247177K(352256K), 0.0036120 secs] [Times: user=0.02 sys=0.00, real=0.00 secs] 
211.100: Total time for which application threads were stopped: 0.0038240 seconds, Stopping threads took: 0.0001100 seconds
211.120: Application time: 0.0194380 seconds
211.122: [GC [PSYoungGen: 100496K->7680K(107520K)] 339849K->247033K(352256K), 0.0031620 secs] [Times: user=0.02 sys=0.00, real=0.00 secs] 
211.125: Total time for which application threads were stopped: 0.0055990 seconds, Stopping threads took: 0.0023390 seconds
211.153: Application time: 0.0280600 seconds
211.154: [GC [PSYoungGen: 100352K->13456K(107520K)] 339705K->252809K(352256K), 0.0054990 secs] [Times: user=0.04 sys=0.00, real=0.01 secs] 
211.159: Total time for which application threads were stopped: 0.0059290 seconds, Stopping threads took: 0.0003200 seconds
211.197: Application time: 0.0377490 seconds
211.197: [GC [PSYoungGen: 106124K->9968K(107520K)] 345477K->249321K(352256K), 0.0040440 secs] [Times: user=0.03 sys=0.00, real=0.00 secs] 
211.201: Total time for which application threads were stopped: 0.0042470 seconds, Stopping threads took: 0.0000990 seconds
211.238: Application time: 0.0366580 seconds
211.238: [GC [PSYoungGen: 102640K->7648K(107520K)] 341993K->247009K(352256K), 0.0032080 secs] [Times: user=0.02 sys=0.00, real=0.00 secs] 
211.241: Total time for which application threads were stopped: 0.0034110 seconds, Stopping threads took: 0.0001010 seconds
211.280: Application time: 0.0385300 seconds
211.280: [GC [PSYoungGen: 100320K->7728K(107520K)] 339681K->247089K(352256K), 0.0032480 secs] [Times: user=0.03 sys=0.00, real=0.00 secs] 
211.283: Total time for which application threads were stopped: 0.0034610 seconds, Stopping threads took: 0.0001120 seconds
211.311: Application time: 0.0281050 seconds
211.311: [GC [PSYoungGen: 100400K->7696K(107520K)] 339761K->247057K(352256K), 0.0035950 secs] [Times: user=0.02 sys=0.01, real=0.01 secs] 
211.315: Total time for which application threads were stopped: 0.0037810 seconds, Stopping threads took: 0.0000860 seconds
211.345: Application time: 0.0300320 seconds
211.345: [GC [PSYoungGen: 100368K->7792K(107520K)] 339729K->247153K(352256K), 0.0033870 secs] [Times: user=0.02 sys=0.00, real=0.01 secs] 
211.349: Total time for which application threads were stopped: 0.0036000 seconds, Stopping threads took: 0.0001050 seconds
211.370: Application time: 0.0208000 seconds
211.370: [GC [PSYoungGen: 100464K->7920K(107520K)] 339825K->247281K(352256K), 0.0034370 secs] [Times: user=0.02 sys=0.00, real=0.00 secs] 
211.373: Total time for which application threads were stopped: 0.0036100 seconds, Stopping threads took: 0.0000730 seconds
211.397: Application time: 0.0233990 seconds
211.397: [GC [PSYoungGen: 100592K->9216K(107520K)] 339953K->248577K(352256K), 0.0037350 secs] [Times: user=0.03 sys=0.00, real=0.00 secs] 
211.400: Total time for which application threads were stopped: 0.0039090 seconds, Stopping threads took: 0.0000720 seconds
211.438: Application time: 0.0375800 seconds
211.438: [GC [PSYoungGen: 101888K->10512K(107520K)] 341249K->249873K(352256K), 0.0040360 secs] [Times: user=0.03 sys=0.00, real=0.00 secs] 
211.442: Total time for which application threads were stopped: 0.0042100 seconds, Stopping threads took: 0.0000720 seconds
211.476: Application time: 0.0332500 seconds
211.476: [GC [PSYoungGen: 103184K->7984K(107520K)] 342545K->247345K(352256K), 0.0033650 secs] [Times: user=0.02 sys=0.00, real=0.00 secs] 
211.479: Total time for which application threads were stopped: 0.0035890 seconds, Stopping threads took: 0.0001040 seconds
211.520: Application time: 0.0406940 seconds
211.520: [GC [PSYoungGen: 100656K->7936K(107520K)] 340017K->247297K(352256K), 0.0033380 secs] [Times: user=0.02 sys=0.00, real=0.00 secs] 
211.523: Total time for which application threads were stopped: 0.0035250 seconds, Stopping threads took: 0.0000860 seconds
211.553: Application time: 0.0294850 seconds
211.553: [GC [PSYoungGen: 100608K->7872K(107520K)] 339969K->247233K(352256K), 0.0032980 secs] [Times: user=0.02 sys=0.00, real=0.01 secs] 
211.556: Total time for which application threads were stopped: 0.0034930 seconds, Stopping threads took: 0.0000950 seconds
211.587: Application time: 0.0308380 seconds
211.587: [GC [PSYoungGen: 100544K->7952K(107520K)] 339905K->247313K(352256K), 0.0033840 secs] [Times: user=0.02 sys=0.00, real=0.00 secs] 
211.591: Total time for which application threads were stopped: 0.0035670 seconds, Stopping threads took: 0.0000830 seconds
211.615: Application time: 0.0243460 seconds
211.615: [GC [PSYoungGen: 100624K->8096K(107520K)] 339985K->247457K(352256K), 0.0034750 secs] [Times: user=0.03 sys=0.00, real=0.00 secs] 
211.619: Total time for which application threads were stopped: 0.0036590 seconds, Stopping threads took: 0.0000850 seconds
211.640: Application time: 0.0210600 seconds
211.640: [GC [PSYoungGen: 100768K->8624K(107520K)] 340129K->247985K(352256K), 0.0037390 secs] [Times: user=0.02 sys=0.00, real=0.00 secs] 
211.644: Total time for which application threads were stopped: 0.0039060 seconds, Stopping threads took: 0.0000680 seconds
211.676: Application time: 0.0321230 seconds
211.678: [GC [PSYoungGen: 101296K->14192K(107520K)] 340657K->253553K(352256K), 0.0056320 secs] [Times: user=0.04 sys=0.00, real=0.00 secs] 
211.684: Total time for which application threads were stopped: 0.0078500 seconds, Stopping threads took: 0.0021150 seconds
211.719: Application time: 0.0355480 seconds
211.719: [GC [PSYoungGen: 106864K->8768K(107520K)] 346225K->248129K(352256K), 0.0035870 secs] [Times: user=0.02 sys=0.00, real=0.00 secs] 
211.723: Total time for which application threads were stopped: 0.0038150 seconds, Stopping threads took: 0.0001270 seconds
211.761: Application time: 0.0381670 seconds
211.761: [GC [PSYoungGen: 101440K->7904K(107520K)] 340801K->247265K(352256K), 0.0033460 secs] [Times: user=0.02 sys=0.00, real=0.00 secs] 
211.765: Total time for which application threads were stopped: 0.0035370 seconds, Stopping threads took: 0.0000900 seconds
211.800: Application time: 0.0352630 seconds
211.800: [GC [PSYoungGen: 100576K->7632K(107520K)] 339937K->246993K(352256K), 0.0035660 secs] [Times: user=0.03 sys=0.00, real=0.00 secs] 
211.804: Total time for which application threads were stopped: 0.0037400 seconds, Stopping threads took: 0.0000730 seconds
211.834: Application time: 0.0297250 seconds
211.834: [GC [PSYoungGen: 100304K->7824K(107520K)] 339665K->247397K(352256K), 0.0034340 secs] [Times: user=0.02 sys=0.00, real=0.01 secs] 
211.837: Total time for which application threads were stopped: 0.0036600 seconds, Stopping threads took: 0.0001240 seconds
211.864: Application time: 0.0265250 seconds
211.864: [GC [PSYoungGen: 100496K->7728K(107520K)] 340069K->247389K(352256K), 0.0033800 secs] [Times: user=0.02 sys=0.00, real=0.01 secs] 
211.867: Total time for which application threads were stopped: 0.0035730 seconds, Stopping threads took: 0.0000940 seconds
211.890: Application time: 0.0222950 seconds
211.890: [GC [PSYoungGen: 100400K->7696K(107520K)] 340061K->247357K(352256K), 0.0032680 secs] [Times: user=0.02 sys=0.00, real=0.00 secs] 
211.893: Total time for which application threads were stopped: 0.0034770 seconds, Stopping threads took: 0.0001080 seconds
211.918: Application time: 0.0249540 seconds
211.918: [GC [PSYoungGen: 100368K->13232K(107520K)] 340029K->252893K(352256K), 0.0053470 secs] [Times: user=0.04 sys=0.00, real=0.00 secs] 
211.924: Total time for which application threads were stopped: 0.0055400 seconds, Stopping threads took: 0.0000870 seconds
211.961: Application time: 0.0372420 seconds
211.961: [GC [PSYoungGen: 105904K->8384K(107520K)] 345565K->248045K(352256K), 0.0034500 secs] [Times: user=0.02 sys=0.00, real=0.00 secs] 
211.964: Total time for which application threads were stopped: 0.0036560 seconds, Stopping threads took: 0.0001010 seconds
212.001: Application time: 0.0367890 seconds
212.002: [GC [PSYoungGen: 101056K->7664K(107520K)] 340717K->247333K(352256K), 0.0050420 secs] [Times: user=0.04 sys=0.00, real=0.01 secs] 
212.007: Total time for which application threads were stopped: 0.0058530 seconds, Stopping threads took: 0.0006940 seconds
212.046: Application time: 0.0388910 seconds
212.046: [GC [PSYoungGen: 100336K->7632K(107520K)] 340005K->247301K(352256K), 0.0032650 secs] [Times: user=0.02 sys=0.00, real=0.00 secs] 
212.049: Total time for which application threads were stopped: 0.0034920 seconds, Stopping threads took: 0.0001250 seconds
212.078: Application time: 0.0283460 seconds
212.078: [GC [PSYoungGen: 100304K->7760K(107520K)] 339973K->247429K(352256K), 0.0036890 secs] [Times: user=0.02 sys=0.00, real=0.00 secs] 
212.082: Total time for which application threads were stopped: 0.0038790 seconds, Stopping threads took: 0.0000870 seconds
212.112: Application time: 0.0307280 seconds
212.113: [GC [PSYoungGen: 100432K->7872K(107520K)] 340101K->247541K(352256K), 0.0033050 secs] [Times: user=0.03 sys=0.00, real=0.01 secs] 
212.116: Total time for which application threads were stopped: 0.0034860 seconds, Stopping threads took: 0.0000770 seconds
212.136: Application time: 0.0204010 seconds
212.137: [GC [PSYoungGen: 100544K->7664K(107520K)] 340213K->247333K(352256K), 0.0032470 secs] [Times: user=0.02 sys=0.00, real=0.00 secs] 
212.140: Total time for which application threads were stopped: 0.0034570 seconds, Stopping threads took: 0.0001030 seconds
212.163: Application time: 0.0233460 seconds
212.163: [GC [PSYoungGen: 100336K->7840K(107520K)] 340005K->247509K(352256K), 0.0031480 secs] [Times: user=0.02 sys=0.00, real=0.01 secs] 
212.166: Total time for which application threads were stopped: 0.0033330 seconds, Stopping threads took: 0.0000840 seconds
212.203: Application time: 0.0365340 seconds
212.203: [GC [PSYoungGen: 100512K->12000K(107520K)] 340181K->251669K(352256K), 0.0051110 secs] [Times: user=0.03 sys=0.00, real=0.01 secs] 
212.208: Total time for which application threads were stopped: 0.0052940 seconds, Stopping threads took: 0.0000800 seconds
212.241: Application time: 0.0330930 seconds
212.242: [GC [PSYoungGen: 104672K->10128K(107520K)] 344341K->249797K(352256K), 0.0041740 secs] [Times: user=0.03 sys=0.00, real=0.00 secs] 
212.246: Total time for which application threads were stopped: 0.0043660 seconds, Stopping threads took: 0.0000900 seconds
212.286: Application time: 0.0405470 seconds
212.286: [GC [PSYoungGen: 102800K->7840K(107520K)] 342469K->247509K(352256K), 0.0036670 secs] [Times: user=0.03 sys=0.00, real=0.00 secs] 
212.290: Total time for which application threads were stopped: 0.0038500 seconds, Stopping threads took: 0.0000830 seconds
212.321: Application time: 0.0308830 seconds
212.321: [GC [PSYoungGen: 100512K->7776K(107520K)] 340181K->247445K(352256K), 0.0032610 secs] [Times: user=0.02 sys=0.00, real=0.00 secs] 
212.325: Total time for which application threads were stopped: 0.0034340 seconds, Stopping threads took: 0.0000690 seconds
212.358: Application time: 0.0330860 seconds
212.358: [GC [PSYoungGen: 100448K->8064K(107520K)] 340117K->247733K(352256K), 0.0034620 secs] [Times: user=0.03 sys=0.00, real=0.00 secs] 
212.361: Total time for which application threads were stopped: 0.0036530 seconds, Stopping threads took: 0.0000940 seconds
212.385: Application time: 0.0239800 seconds
212.385: [GC [PSYoungGen: 100736K->7888K(107520K)] 340405K->247557K(352256K), 0.0034070 secs] [Times: user=0.03 sys=0.00, real=0.01 secs] 
212.389: Total time for which application threads were stopped: 0.0035970 seconds, Stopping threads took: 0.0000900 seconds
212.410: Application time: 0.0207060 seconds
212.410: [GC [PSYoungGen: 100560K->8064K(107520K)] 340229K->247733K(352256K), 0.0033010 secs] [Times: user=0.02 sys=0.00, real=0.00 secs] 
212.413: Total time for which application threads were stopped: 0.0034930 seconds, Stopping threads took: 0.0000910 seconds
212.444: Application time: 0.0309710 seconds
212.444: [GC [PSYoungGen: 100736K->14816K(107520K)] 340405K->254701K(352256K), 0.0058960 secs] [Times: user=0.05 sys=0.00, real=0.01 secs] 
212.450: Total time for which application threads were stopped: 0.0060660 seconds, Stopping threads took: 0.0000670 seconds
212.485: Application time: 0.0347950 seconds
212.485: [GC [PSYoungGen: 107488K->12272K(107520K)] 347373K->252157K(352256K), 0.0048760 secs] [Times: user=0.04 sys=0.00, real=0.01 secs] 
212.490: Total time for which application threads were stopped: 0.0050650 seconds, Stopping threads took: 0.0000880 seconds
212.528: Application time: 0.0384700 seconds
212.529: [GC [PSYoungGen: 104944K->11600K(107520K)] 344829K->251485K(352256K), 0.0047430 secs] [Times: user=0.02 sys=0.00, real=0.00 secs] 
212.533: Total time for which application threads were stopped: 0.0049510 seconds, Stopping threads took: 0.0000830 seconds
212.570: Application time: 0.0364020 seconds
212.570: [GC [PSYoungGen: 104272K->11888K(107520K)] 344157K->251773K(352256K), 0.0046430 secs] [Times: user=0.04 sys=0.00, real=0.01 secs] 
212.575: Total time for which application threads were stopped: 0.0048590 seconds, Stopping threads took: 0.0001130 seconds
212.603: Application time: 0.0286810 seconds
212.603: [GC [PSYoungGen: 104560K->11552K(107520K)] 344445K->251613K(352256K), 0.0047140 secs] [Times: user=0.04 sys=0.00, real=0.01 secs] 
212.608: Total time for which application threads were stopped: 0.0049060 seconds, Stopping threads took: 0.0000870 seconds
212.638: Application time: 0.0297870 seconds
212.638: [GC [PSYoungGen: 104224K->11520K(107520K)] 344285K->251661K(352256K), 0.0048260 secs] [Times: user=0.03 sys=0.00, real=0.00 secs] 
212.643: Total time for which application threads were stopped: 0.0050080 seconds, Stopping threads took: 0.0000830 seconds
212.663: Application time: 0.0204020 seconds
212.664: [GC [PSYoungGen: 104192K->11440K(107520K)] 344333K->251629K(352256K), 0.0044400 secs] [Times: user=0.03 sys=0.00, real=0.01 secs] 
212.669: Total time for which application threads were stopped: 0.0054350 seconds, Stopping threads took: 0.0008820 seconds
212.696: Application time: 0.0266620 seconds
212.696: [GC [PSYoungGen: 104112K->13920K(107520K)] 344301K->254109K(352256K), 0.0053110 secs] [Times: user=0.04 sys=0.00, real=0.00 secs] 
212.701: Total time for which application threads were stopped: 0.0055190 seconds, Stopping threads took: 0.0001040 seconds
212.737: Application time: 0.0359970 seconds
212.737: [GC [PSYoungGen: 106592K->12576K(107520K)] 346781K->252765K(352256K), 0.0047060 secs] [Times: user=0.03 sys=0.00, real=0.00 secs] 
212.742: Total time for which application threads were stopped: 0.0048960 seconds, Stopping threads took: 0.0000810 seconds
212.777: Application time: 0.0345860 seconds
212.777: [GC [PSYoungGen: 105248K->11472K(107520K)] 345437K->251669K(352256K), 0.0047430 secs] [Times: user=0.03 sys=0.00, real=0.00 secs] 
212.781: Total time for which application threads were stopped: 0.0049310 seconds, Stopping threads took: 0.0000860 seconds
212.822: Application time: 0.0400950 seconds
212.822: [GC [PSYoungGen: 104144K->11360K(107520K)] 344341K->251557K(352256K), 0.0046540 secs] [Times: user=0.03 sys=0.00, real=0.01 secs] 
212.826: Total time for which application threads were stopped: 0.0048450 seconds, Stopping threads took: 0.0000890 seconds
212.855: Application time: 0.0283740 seconds
212.855: [GC [PSYoungGen: 104032K->11728K(107520K)] 344229K->251925K(352256K), 0.0045490 secs] [Times: user=0.03 sys=0.00, real=0.00 secs] 
212.860: Total time for which application threads were stopped: 0.0047220 seconds, Stopping threads took: 0.0000700 seconds
212.891: Application time: 0.0317780 seconds
212.891: [GC [PSYoungGen: 104400K->11968K(107520K)] 344597K->252165K(352256K), 0.0046070 secs] [Times: user=0.04 sys=0.00, real=0.01 secs] 
212.896: Total time for which application threads were stopped: 0.0047840 seconds, Stopping threads took: 0.0000740 seconds
212.918: Application time: 0.0215250 seconds
212.918: [GC [PSYoungGen: 104640K->11776K(107520K)] 344837K->251973K(352256K), 0.0046010 secs] [Times: user=0.03 sys=0.00, real=0.00 secs] 
212.922: Total time for which application threads were stopped: 0.0047750 seconds, Stopping threads took: 0.0000720 seconds
212.944: Application time: 0.0213660 seconds
212.944: [GC [PSYoungGen: 104448K->11648K(107520K)] 344645K->251845K(352256K), 0.0045030 secs] [Times: user=0.04 sys=0.00, real=0.01 secs] 
212.948: Total time for which application threads were stopped: 0.0046620 seconds, Stopping threads took: 0.0000560 seconds
212.985: Application time: 0.0362270 seconds
212.985: [GC [PSYoungGen: 104320K->12832K(107520K)] 344517K->256819K(352256K), 0.0062660 secs] [Times: user=0.04 sys=0.00, real=0.01 secs] 
212.991: [Full GC [PSYoungGen: 12832K->0K(107520K)] [ParOldGen: 243987K->24034K(244736K)] 256819K->24034K(352256K) [PSPermGen: 12619K->12619K(22528K)], 0.0209500 secs] [Times: user=0.10 sys=0.00, real=0.02 secs] 
213.012: Total time for which application threads were stopped: 0.0274680 seconds, Stopping threads took: 0.0000910 seconds
213.044: Application time: 0.0321260 seconds
213.044: [GC [PSYoungGen: 92672K->5200K(107520K)] 116706K->29235K(352256K), 0.0022640 secs] [Times: user=0.02 sys=0.00, real=0.01 secs] 
213.047: Total time for which application threads were stopped: 0.0024550 seconds, Stopping threads took: 0.0000770 seconds
213.087: Application time: 0.0400800 seconds
213.087: [GC [PSYoungGen: 97872K->3712K(107520K)] 121907K->27746K(352256K), 0.0017430 secs] [Times: user=0.01 sys=0.00, real=0.00 secs] 
213.089: Total time for which application threads were stopped: 0.0019030 seconds, Stopping threads took: 0.0000730 seconds
213.122: Application time: 0.0330800 seconds
213.122: [GC [PSYoungGen: 96384K->3984K(107520K)] 120418K->28018K(352256K), 0.0018080 secs] [Times: user=0.02 sys=0.00, real=0.00 secs] 
213.124: Total time for which application threads were stopped: 0.0020610 seconds, Stopping threads took: 0.0001660 seconds
213.155: Application time: 0.0313520 seconds
213.155: [GC [PSYoungGen: 96656K->4432K(107520K)] 120690K->28466K(352256K), 0.0020640 secs] [Times: user=0.01 sys=0.00, real=0.00 secs] 
213.157: Total time for which application threads were stopped: 0.0022330 seconds, Stopping threads took: 0.0000850 seconds
213.184: Application time: 0.0264870 seconds
213.184: [GC [PSYoungGen: 97104K->4992K(107520K)] 121138K->29026K(352256K), 0.0021820 secs] [Times: user=0.01 sys=0.00, real=0.01 secs] 
213.186: Total time for which application threads were stopped: 0.0023430 seconds, Stopping threads took: 0.0000700 seconds
213.207: Application time: 0.0207080 seconds
213.207: [GC [PSYoungGen: 97664K->5344K(107520K)] 121698K->29378K(352256K), 0.0022460 secs] [Times: user=0.01 sys=0.00, real=0.00 secs] 
213.209: Total time for which application threads were stopped: 0.0024430 seconds, Stopping threads took: 0.0001070 seconds
213.237: Application time: 0.0275750 seconds
213.237: [GC [PSYoungGen: 98016K->14816K(107520K)] 122050K->39432K(352256K), 0.0062010 secs] [Times: user=0.05 sys=0.00, real=0.00 secs] 
213.243: Total time for which application threads were stopped: 0.0063770 seconds, Stopping threads took: 0.0000720 seconds
213.281: Application time: 0.0374530 seconds
213.282: [GC [PSYoungGen: 107488K->13504K(107520K)] 132104K->38120K(352256K), 0.0051230 secs] [Times: user=0.04 sys=0.00, real=0.01 secs] 
213.287: Total time for which application threads were stopped: 0.0063360 seconds, Stopping threads took: 0.0011130 seconds
213.324: Application time: 0.0369670 seconds
213.324: [GC [PSYoungGen: 106176K->12576K(107520K)] 130792K->37192K(352256K), 0.0048330 secs] [Times: user=0.03 sys=0.00, real=0.01 secs] 
213.329: Total time for which application threads were stopped: 0.0050190 seconds, Stopping threads took: 0.0000800 seconds
213.368: Application time: 0.0386230 seconds
213.368: [GC [PSYoungGen: 105248K->12576K(107520K)] 129864K->37192K(352256K), 0.0048370 secs] [Times: user=0.04 sys=0.00, real=0.00 secs] 
213.373: Total time for which application threads were stopped: 0.0050370 seconds, Stopping threads took: 0.0000970 seconds
213.401: Application time: 0.0278630 seconds
213.401: [GC [PSYoungGen: 105248K->12480K(107520K)] 129864K->37096K(352256K), 0.0047950 secs] [Times: user=0.04 sys=0.00, real=0.00 secs] 
213.406: Total time for which application threads were stopped: 0.0049920 seconds, Stopping threads took: 0.0000940 seconds
213.436: Application time: 0.0305810 seconds
213.436: [GC [PSYoungGen: 105152K->12592K(107520K)] 129768K->37208K(352256K), 0.0048250 secs] [Times: user=0.03 sys=0.00, real=0.00 secs] 
213.441: Total time for which application threads were stopped: 0.0050230 seconds, Stopping threads took: 0.0000940 seconds
213.462: Application time: 0.0203690 seconds
213.462: [GC [PSYoungGen: 105264K->12608K(107520K)] 129880K->37224K(352256K), 0.0048740 secs] [Times: user=0.02 sys=0.00, real=0.01 secs] 
213.467: Total time for which application threads were stopped: 0.0050970 seconds, Stopping threads took: 0.0001270 seconds
213.492: Application time: 0.0253010 seconds
213.492: [GC [PSYoungGen: 105280K->13280K(107520K)] 129896K->37896K(352256K), 0.0048860 secs] [Times: user=0.04 sys=0.00, real=0.01 secs] 
213.497: Total time for which application threads were stopped: 0.0050430 seconds, Stopping threads took: 0.0000630 seconds
213.533: Application time: 0.0357380 seconds
213.533: [GC [PSYoungGen: 105952K->14816K(107520K)] 130568K->41544K(352256K), 0.0064440 secs] [Times: user=0.05 sys=0.00, real=0.01 secs] 
213.539: Total time for which application threads were stopped: 0.0066180 seconds, Stopping threads took: 0.0000720 seconds
213.574: Application time: 0.0347640 seconds
213.574: [GC [PSYoungGen: 107488K->14016K(107520K)] 134216K->40816K(352256K), 0.0055940 secs] [Times: user=0.04 sys=0.00, real=0.00 secs] 
213.580: Total time for which application threads were stopped: 0.0058230 seconds, Stopping threads took: 0.0001020 seconds
213.620: Application time: 0.0401240 seconds
213.620: [GC [PSYoungGen: 106688K->13632K(107520K)] 133488K->40432K(352256K), 0.0053580 secs] [Times: user=0.04 sys=0.00, real=0.00 secs] 
213.626: Total time for which application threads were stopped: 0.0055710 seconds, Stopping threads took: 0.0001080 seconds
213.655: Application time: 0.0289260 seconds
213.655: [GC [PSYoungGen: 106304K->13824K(107520K)] 133104K->40624K(352256K), 0.0055750 secs] [Times: user=0.04 sys=0.00, real=0.00 secs] 
213.660: Total time for which application threads were stopped: 0.0057610 seconds, Stopping threads took: 0.0000830 seconds
213.692: Application time: 0.0320610 seconds
213.693: [GC [PSYoungGen: 106496K->13792K(107520K)] 133296K->40592K(352256K), 0.0053870 secs] [Times: user=0.04 sys=0.00, real=0.01 secs] 
213.698: Total time for which application threads were stopped: 0.0055910 seconds, Stopping threads took: 0.0000900 seconds
213.721: Application time: 0.0231390 seconds
213.721: [GC [PSYoungGen: 106464K->14416K(107520K)] 133264K->41216K(352256K), 0.0055460 secs] [Times: user=0.04 sys=0.00, real=0.01 secs] 
213.727: Total time for which application threads were stopped: 0.0057340 seconds, Stopping threads took: 0.0000850 seconds
213.748: Application time: 0.0213700 seconds
213.748: [GC [PSYoungGen: 107088K->14304K(107520K)] 133888K->41104K(352256K), 0.0054120 secs] [Times: user=0.04 sys=0.00, real=0.01 secs] 
213.754: Total time for which application threads were stopped: 0.0056060 seconds, Stopping threads took: 0.0000870 seconds
213.788: Application time: 0.0341800 seconds
213.788: [GC [PSYoungGen: 106976K->13184K(107520K)] 133776K->44794K(352256K), 0.0066970 secs] [Times: user=0.04 sys=0.00, real=0.01 secs] 
213.795: Total time for which application threads were stopped: 0.0068730 seconds, Stopping threads took: 0.0000740 seconds
213.827: Application time: 0.0322940 seconds
213.827: [GC [PSYoungGen: 105856K->11024K(107520K)] 137466K->42634K(352256K), 0.0044790 secs] [Times: user=0.03 sys=0.00, real=0.00 secs] 
213.832: Total time for which application threads were stopped: 0.0046650 seconds, Stopping threads took: 0.0000820 seconds
213.871: Application time: 0.0388410 seconds
213.871: [GC [PSYoungGen: 103696K->9232K(107520K)] 135306K->40842K(352256K), 0.0036380 secs] [Times: user=0.03 sys=0.00, real=0.01 secs] 
213.875: Total time for which application threads were stopped: 0.0038330 seconds, Stopping threads took: 0.0000930 seconds
213.910: Application time: 0.0350000 seconds
213.910: [GC [PSYoungGen: 101904K->9264K(107520K)] 133514K->40874K(352256K), 0.0037060 secs] [Times: user=0.02 sys=0.00, real=0.00 secs] 
213.914: Total time for which application threads were stopped: 0.0038980 seconds, Stopping threads took: 0.0000880 seconds
213.943: Application time: 0.0296210 seconds
213.943: [GC [PSYoungGen: 101936K->9344K(107520K)] 133546K->40954K(352256K), 0.0038070 secs] [Times: user=0.02 sys=0.00, real=0.01 secs] 
213.947: Total time for which application threads were stopped: 0.0039880 seconds, Stopping threads took: 0.0000800 seconds
213.975: Application time: 0.0280790 seconds
213.975: [GC [PSYoungGen: 102016K->9536K(107520K)] 133626K->41146K(352256K), 0.0038500 secs] [Times: user=0.03 sys=0.00, real=0.00 secs] 
213.979: Total time for which application threads were stopped: 0.0040190 seconds, Stopping threads took: 0.0000690 seconds
214.000: Application time: 0.0209210 seconds
214.000: [GC [PSYoungGen: 102208K->9376K(107520K)] 133818K->40986K(352256K), 0.0039740 secs] [Times: user=0.03 sys=0.00, real=0.00 secs] 
214.004: Total time for which application threads were stopped: 0.0041850 seconds, Stopping threads took: 0.0000990 seconds
214.032: Application time: 0.0271990 seconds
214.032: [GC [PSYoungGen: 102048K->13840K(107520K)] 133658K->45450K(352256K), 0.0051760 secs] [Times: user=0.03 sys=0.00, real=0.01 secs] 
214.037: Total time for which application threads were stopped: 0.0053550 seconds, Stopping threads took: 0.0000760 seconds
214.073: Application time: 0.0364050 seconds
214.073: [GC [PSYoungGen: 106512K->8720K(107520K)] 138122K->41966K(352256K), 0.0038570 secs] [Times: user=0.03 sys=0.00, real=0.01 secs] 
214.077: Total time for which application threads were stopped: 0.0040220 seconds, Stopping threads took: 0.0000600 seconds
214.112: Application time: 0.0349950 seconds
214.113: [GC [PSYoungGen: 101392K->7936K(107520K)] 134638K->41182K(352256K), 0.0030130 secs] [Times: user=0.02 sys=0.00, real=0.01 secs] 
214.116: Total time for which application threads were stopped: 0.0032300 seconds, Stopping threads took: 0.0000950 seconds
214.155: Application time: 0.0396910 seconds
214.158: [GC [PSYoungGen: 100608K->7968K(107520K)] 133854K->41214K(352256K), 0.0030980 secs] [Times: user=0.02 sys=0.00, real=0.00 secs] 
214.161: Total time for which application threads were stopped: 0.0058840 seconds, Stopping threads took: 0.0026750 seconds
214.191: Application time: 0.0295780 seconds
214.191: [GC [PSYoungGen: 100640K->7632K(107520K)] 133886K->41030K(352256K), 0.0029900 secs] [Times: user=0.01 sys=0.00, real=0.01 secs] 
214.194: Total time for which application threads were stopped: 0.0031790 seconds, Stopping threads took: 0.0000780 seconds
214.224: Application time: 0.0304130 seconds
214.224: [GC [PSYoungGen: 100304K->7824K(107520K)] 133702K->41354K(352256K), 0.0029790 secs] [Times: user=0.02 sys=0.00, real=0.01 secs] 
214.228: Total time for which application threads were stopped: 0.0031770 seconds, Stopping threads took: 0.0000970 seconds
214.249: Application time: 0.0211150 seconds
214.249: [GC [PSYoungGen: 100496K->7840K(107520K)] 134026K->41418K(352256K), 0.0030370 secs] [Times: user=0.02 sys=0.00, real=0.00 secs] 
214.252: Total time for which application threads were stopped: 0.0032020 seconds, Stopping threads took: 0.0000640 seconds
214.275: Application time: 0.0233500 seconds
214.275: [GC [PSYoungGen: 100512K->7616K(107520K)] 134090K->41194K(352256K), 0.0028880 secs] [Times: user=0.02 sys=0.00, real=0.00 secs] 
214.278: Total time for which application threads were stopped: 0.0030970 seconds, Stopping threads took: 0.0001120 seconds
214.314: Application time: 0.0358440 seconds
214.314: [GC [PSYoungGen: 100288K->11536K(107520K)] 133866K->45114K(352256K), 0.0043400 secs] [Times: user=0.03 sys=0.00, real=0.00 secs] 
214.319: Total time for which application threads were stopped: 0.0045340 seconds, Stopping threads took: 0.0000910 seconds
214.352: Application time: 0.0336050 seconds
214.352: [GC [PSYoungGen: 104208K->8272K(107520K)] 137786K->41866K(352256K), 0.0031440 secs] [Times: user=0.02 sys=0.00, real=0.01 secs] 
214.356: Total time for which application threads were stopped: 0.0033380 seconds, Stopping threads took: 0.0000930 seconds
214.395: Application time: 0.0397560 seconds
214.396: [GC [PSYoungGen: 100944K->7632K(107520K)] 134538K->41226K(352256K), 0.0030270 secs] [Times: user=0.02 sys=0.00, real=0.00 secs] 
214.399: Total time for which application threads were stopped: 0.0032110 seconds, Stopping threads took: 0.0000860 seconds
214.430: Application time: 0.0314610 seconds
214.434: [GC [PSYoungGen: 100304K->7680K(107520K)] 133898K->41274K(352256K), 0.0030860 secs] [Times: user=0.02 sys=0.00, real=0.00 secs] 
214.437: Total time for which application threads were stopped: 0.0071150 seconds, Stopping threads took: 0.0039350 seconds
214.468: Application time: 0.0313130 seconds
214.469: [GC [PSYoungGen: 100352K->8000K(107520K)] 133946K->41594K(352256K), 0.0031590 secs] [Times: user=0.02 sys=0.00, real=0.00 secs] 
214.472: Total time for which application threads were stopped: 0.0033110 seconds, Stopping threads took: 0.0000580 seconds
214.496: Application time: 0.0246760 seconds
214.497: [GC [PSYoungGen: 100672K->7936K(107520K)] 134266K->41530K(352256K), 0.0030360 secs] [Times: user=0.02 sys=0.00, real=0.00 secs] 
214.500: Total time for which application threads were stopped: 0.0032600 seconds, Stopping threads took: 0.0001210 seconds
214.521: Application time: 0.0217550 seconds
214.522: [GC [PSYoungGen: 100608K->8000K(107520K)] 134202K->41594K(352256K), 0.0030590 secs] [Times: user=0.02 sys=0.00, real=0.00 secs] 
214.525: Total time for which application threads were stopped: 0.0032360 seconds, Stopping threads took: 0.0000790 seconds
214.553: Application time: 0.0278650 seconds
214.553: [GC [PSYoungGen: 100672K->12672K(107520K)] 134266K->46266K(352256K), 0.0046250 secs] [Times: user=0.04 sys=0.00, real=0.01 secs] 
214.557: Total time for which application threads were stopped: 0.0048210 seconds, Stopping threads took: 0.0000900 seconds
214.594: Application time: 0.0367430 seconds
214.594: [GC [PSYoungGen: 105344K->10032K(107520K)] 138938K->43626K(352256K), 0.0037040 secs] [Times: user=0.02 sys=0.00, real=0.00 secs] 
214.598: Total time for which application threads were stopped: 0.0038920 seconds, Stopping threads took: 0.0000840 seconds
214.635: Application time: 0.0370680 seconds
214.635: [GC [PSYoungGen: 102704K->7968K(107520K)] 136298K->41562K(352256K), 0.0032120 secs] [Times: user=0.02 sys=0.00, real=0.00 secs] 
214.639: Total time for which application threads were stopped: 0.0034300 seconds, Stopping threads took: 0.0000970 seconds
214.676: Application time: 0.0369740 seconds
214.676: [GC [PSYoungGen: 100640K->7920K(107520K)] 134234K->41514K(352256K), 0.0031240 secs] [Times: user=0.02 sys=0.00, real=0.00 secs] 
214.679: Total time for which application threads were stopped: 0.0033060 seconds, Stopping threads took: 0.0000830 seconds
214.709: Application time: 0.0296900 seconds
214.709: [GC [PSYoungGen: 100592K->8000K(107520K)] 134186K->41594K(352256K), 0.0030420 secs] [Times: user=0.02 sys=0.00, real=0.00 secs] 
214.712: Total time for which application threads were stopped: 0.0032140 seconds, Stopping threads took: 0.0000750 seconds
214.741: Application time: 0.0288290 seconds
214.741: [GC [PSYoungGen: 100672K->7984K(107520K)] 134266K->41578K(352256K), 0.0030420 secs] [Times: user=0.02 sys=0.00, real=0.00 secs] 
214.744: Total time for which application threads were stopped: 0.0032280 seconds, Stopping threads took: 0.0000920 seconds
214.765: Application time: 0.0214570 seconds
214.765: [GC [PSYoungGen: 100656K->8048K(107520K)] 134250K->41642K(352256K), 0.0031660 secs] [Times: user=0.02 sys=0.00, real=0.01 secs] 
214.769: Total time for which application threads were stopped: 0.0033210 seconds, Stopping threads took: 0.0000630 seconds
214.793: Application time: 0.0240630 seconds
214.793: [GC [PSYoungGen: 100720K->9824K(107520K)] 134314K->43418K(352256K), 0.0036980 secs] [Times: user=0.03 sys=0.00, real=0.01 secs] 
214.797: Total time for which application threads were stopped: 0.0038810 seconds, Stopping threads took: 0.0000830 seconds
214.834: Application time: 0.0374990 seconds
214.834: [GC [PSYoungGen: 102496K->10432K(107520K)] 136090K->44026K(352256K), 0.0037860 secs] [Times: user=0.02 sys=0.00, real=0.00 secs] 
214.838: Total time for which application threads were stopped: 0.0039720 seconds, Stopping threads took: 0.0000820 seconds
214.872: Application time: 0.0336260 seconds
214.872: [GC [PSYoungGen: 103104K->7824K(107520K)] 136698K->41418K(352256K), 0.0030650 secs] [Times: user=0.02 sys=0.00, real=0.01 secs] 
214.875: Total time for which application threads were stopped: 0.0032520 seconds, Stopping threads took: 0.0000890 seconds
214.916: Application time: 0.0408880 seconds
214.916: [GC [PSYoungGen: 100496K->7776K(107520K)] 134090K->41370K(352256K), 0.0030040 secs] [Times: user=0.02 sys=0.00, real=0.00 secs] 
214.919: Total time for which application threads were stopped: 0.0031640 seconds, Stopping threads took: 0.0000720 seconds
214.948: Application time: 0.0291410 seconds
214.948: [GC [PSYoungGen: 100448K->7840K(107520K)] 134042K->41506K(352256K), 0.0031830 secs] [Times: user=0.02 sys=0.00, real=0.00 secs] 
214.951: Total time for which application threads were stopped: 0.0033740 seconds, Stopping threads took: 0.0000990 seconds
214.983: Application time: 0.0313840 seconds
214.983: [GC [PSYoungGen: 100512K->7680K(107520K)] 134178K->41534K(352256K), 0.0030310 secs] [Times: user=0.02 sys=0.00, real=0.01 secs] 
214.986: Total time for which application threads were stopped: 0.0032090 seconds, Stopping threads took: 0.0000890 seconds
215.010: Application time: 0.0242800 seconds
215.010: [GC [PSYoungGen: 100352K->7712K(107520K)] 134206K->41614K(352256K), 0.0029970 secs] [Times: user=0.02 sys=0.00, real=0.00 secs] 
215.014: Total time for which application threads were stopped: 0.0031750 seconds, Stopping threads took: 0.0000780 seconds
215.034: Application time: 0.0200470 seconds
215.034: [GC [PSYoungGen: 100384K->7632K(107520K)] 134286K->41534K(352256K), 0.0029770 secs] [Times: user=0.02 sys=0.00, real=0.01 secs] 
215.037: Total time for which application threads were stopped: 0.0031630 seconds, Stopping threads took: 0.0000920 seconds
215.071: Application time: 0.0347110 seconds
215.072: [GC [PSYoungGen: 100304K->13296K(107520K)] 134206K->47198K(352256K), 0.0047020 secs] [Times: user=0.03 sys=0.00, real=0.01 secs] 
215.076: Total time for which application threads were stopped: 0.0048960 seconds, Stopping threads took: 0.0000820 seconds
215.111: Application time: 0.0343220 seconds
215.111: [GC [PSYoungGen: 105968K->7680K(107520K)] 139870K->41582K(352256K), 0.0029540 secs] [Times: user=0.02 sys=0.00, real=0.00 secs] 
215.114: Total time for which application threads were stopped: 0.0031290 seconds, Stopping threads took: 0.0000850 seconds
215.153: Application time: 0.0390700 seconds
215.153: [GC [PSYoungGen: 100352K->7648K(107520K)] 134254K->41566K(352256K), 0.0030320 secs] [Times: user=0.02 sys=0.00, real=0.01 secs] 
215.156: Total time for which application threads were stopped: 0.0032380 seconds, Stopping threads took: 0.0000880 seconds
215.191: Application time: 0.0348350 seconds
215.191: [GC [PSYoungGen: 100320K->7840K(107520K)] 134238K->41758K(352256K), 0.0030590 secs] [Times: user=0.02 sys=0.00, real=0.01 secs] 
215.194: Total time for which application threads were stopped: 0.0032580 seconds, Stopping threads took: 0.0001070 seconds
215.224: Application time: 0.0294950 seconds
215.224: [GC [PSYoungGen: 100512K->8016K(107520K)] 134430K->41934K(352256K), 0.0031450 secs] [Times: user=0.02 sys=0.00, real=0.01 secs] 
215.227: Total time for which application threads were stopped: 0.0033080 seconds, Stopping threads took: 0.0000680 seconds
215.257: Application time: 0.0296660 seconds
215.257: [GC [PSYoungGen: 100688K->8160K(107520K)] 134606K->42078K(352256K), 0.0031180 secs] [Times: user=0.02 sys=0.00, real=0.00 secs] 
215.260: Total time for which application threads were stopped: 0.0032650 seconds, Stopping threads took: 0.0000580 seconds
215.279: Application time: 0.0191820 seconds
215.279: [GC [PSYoungGen: 100832K->7936K(107520K)] 134750K->41854K(352256K), 0.0030010 secs] [Times: user=0.02 sys=0.01, real=0.00 secs] 
215.282: Total time for which application threads were stopped: 0.0031750 seconds, Stopping threads took: 0.0000810 seconds
215.307: Application time: 0.0250680 seconds
215.308: [GC [PSYoungGen: 100608K->9776K(107520K)] 134526K->43694K(352256K), 0.0034990 secs] [Times: user=0.03 sys=0.00, real=0.00 secs] 
215.311: Total time for which application threads were stopped: 0.0036810 seconds, Stopping threads took: 0.0000860 seconds
215.351: Application time: 0.0398260 seconds
215.351: [GC [PSYoungGen: 102448K->10336K(107520K)] 136366K->44254K(352256K), 0.0038280 secs] [Times: user=0.02 sys=0.00, real=0.01 secs] 
215.355: Total time for which application threads were stopped: 0.0040290 seconds, Stopping threads took: 0.0000950 seconds
215.389: Application time: 0.0343920 seconds
215.389: [GC [PSYoungGen: 103008K->7968K(107520K)] 136926K->41886K(352256K), 0.0031030 secs] [Times: user=0.02 sys=0.00, real=0.00 secs] 
215.393: Total time for which application threads were stopped: 0.0032760 seconds, Stopping threads took: 0.0000770 seconds
215.434: Application time: 0.0409630 seconds
215.434: [GC [PSYoungGen: 100640K->7776K(107520K)] 134558K->41694K(352256K), 0.0030500 secs] [Times: user=0.02 sys=0.00, real=0.01 secs] 
215.437: Total time for which application threads were stopped: 0.0032380 seconds, Stopping threads took: 0.0000910 seconds
215.464: Application time: 0.0267100 seconds
215.464: [GC [PSYoungGen: 100448K->8064K(107520K)] 134366K->41982K(352256K), 0.0030730 secs] [Times: user=0.02 sys=0.00, real=0.01 secs] 
215.467: Total time for which application threads were stopped: 0.0032640 seconds, Stopping threads took: 0.0000960 seconds
215.499: Application time: 0.0317900 seconds
215.499: [GC [PSYoungGen: 100736K->8000K(107520K)] 134654K->41918K(352256K), 0.0031620 secs] [Times: user=0.02 sys=0.00, real=0.00 secs] 
215.502: Total time for which application threads were stopped: 0.0033500 seconds, Stopping threads took: 0.0000940 seconds
215.523: Application time: 0.0208680 seconds
215.526: [GC [PSYoungGen: 100672K->8032K(107520K)] 134590K->41950K(352256K), 0.0030320 secs] [Times: user=0.02 sys=0.00, real=0.00 secs] 
215.529: Total time for which application threads were stopped: 0.0062430 seconds, Stopping threads took: 0.0031020 seconds
215.550: Application time: 0.0213800 seconds
215.551: [GC [PSYoungGen: 100704K->8256K(107520K)] 134622K->42174K(352256K), 0.0029750 secs] [Times: user=0.02 sys=0.00, real=0.00 secs] 
215.554: Total time for which application threads were stopped: 0.0031450 seconds, Stopping threads took: 0.0000720 seconds
215.593: Application time: 0.0393440 seconds
215.594: [GC [PSYoungGen: 100928K->10848K(107520K)] 134846K->44766K(352256K), 0.0039570 secs] [Times: user=0.03 sys=0.00, real=0.00 secs] 
215.598: Total time for which application threads were stopped: 0.0050750 seconds, Stopping threads took: 0.0010150 seconds
215.630: Application time: 0.0315610 seconds
215.630: [GC [PSYoungGen: 103520K->8192K(107520K)] 137438K->42110K(352256K), 0.0031330 secs] [Times: user=0.03 sys=0.00, real=0.00 secs] 
215.633: Total time for which application threads were stopped: 0.0033330 seconds, Stopping threads took: 0.0001000 seconds
215.674: Application time: 0.0412190 seconds
215.674: [GC [PSYoungGen: 100864K->7808K(107520K)] 134782K->41726K(352256K), 0.0031470 secs] [Times: user=0.01 sys=0.00, real=0.00 secs] 
215.678: Total time for which application threads were stopped: 0.0033610 seconds, Stopping threads took: 0.0001050 seconds
215.709: Application time: 0.0317390 seconds
215.710: [GC [PSYoungGen: 100480K->7808K(107520K)] 134398K->41726K(352256K), 0.0034570 secs] [Times: user=0.02 sys=0.00, real=0.00 secs] 
215.714: Total time for which application threads were stopped: 0.0044950 seconds, Stopping threads took: 0.0009470 seconds
215.745: Application time: 0.0311550 seconds
215.745: [GC [PSYoungGen: 100480K->7760K(107520K)] 134398K->41906K(352256K), 0.0031870 secs] [Times: user=0.02 sys=0.00, real=0.01 secs] 
215.748: Total time for which application threads were stopped: 0.0034190 seconds, Stopping threads took: 0.0001430 seconds
215.774: Application time: 0.0255150 seconds
215.774: [GC [PSYoungGen: 100432K->7744K(107520K)] 134578K->41947K(352256K), 0.0031250 secs] [Times: user=0.02 sys=0.00, real=0.00 secs] 
215.777: Total time for which application threads were stopped: 0.0033370 seconds, Stopping threads took: 0.0001210 seconds
215.798: Application time: 0.0205140 seconds
215.798: [GC [PSYoungGen: 100416K->7776K(107520K)] 134619K->41978K(352256K), 0.0029340 secs] [Times: user=0.02 sys=0.00, real=0.00 secs] 
215.801: Total time for which application threads were stopped: 0.0031070 seconds, Stopping threads took: 0.0000810 seconds
215.830: Application time: 0.0293640 seconds
215.830: [GC [PSYoungGen: 100448K->14816K(107520K)] 134650K->50550K(352256K), 0.0063950 secs] [Times: user=0.05 sys=0.00, real=0.01 secs] 
215.837: Total time for which application threads were stopped: 0.0065760 seconds, Stopping threads took: 0.0000800 seconds
215.875: Application time: 0.0383700 seconds
215.875: [GC [PSYoungGen: 107488K->13792K(107520K)] 143222K->49526K(352256K), 0.0050630 secs] [Times: user=0.04 sys=0.00, real=0.00 secs] 
215.880: Total time for which application threads were stopped: 0.0052350 seconds, Stopping threads took: 0.0000670 seconds
215.917: Application time: 0.0370540 seconds
215.918: [GC [PSYoungGen: 106464K->13440K(107520K)] 142198K->49182K(352256K), 0.0052430 secs] [Times: user=0.04 sys=0.00, real=0.00 secs] 
215.923: Total time for which application threads were stopped: 0.0054300 seconds, Stopping threads took: 0.0000850 seconds
215.961: Application time: 0.0376890 seconds
215.961: [GC [PSYoungGen: 106112K->13696K(107520K)] 141854K->49438K(352256K), 0.0053330 secs] [Times: user=0.03 sys=0.00, real=0.01 secs] 
215.966: Total time for which application threads were stopped: 0.0055070 seconds, Stopping threads took: 0.0000700 seconds
215.994: Application time: 0.0280410 seconds
215.994: [GC [PSYoungGen: 106368K->13904K(107520K)] 142110K->49646K(352256K), 0.0053110 secs] [Times: user=0.04 sys=0.00, real=0.00 secs] 
216.001: Total time for which application threads were stopped: 0.0070260 seconds, Stopping threads took: 0.0000740 seconds
216.031: Application time: 0.0302590 seconds
216.032: [GC [PSYoungGen: 106576K->13920K(107520K)] 142318K->49662K(352256K), 0.0052260 secs] [Times: user=0.03 sys=0.00, real=0.01 secs] 
216.037: Total time for which application threads were stopped: 0.0054160 seconds, Stopping threads took: 0.0000850 seconds
216.057: Application time: 0.0200970 seconds
216.057: [GC [PSYoungGen: 106592K->13824K(107520K)] 142334K->49566K(352256K), 0.0052290 secs] [Times: user=0.03 sys=0.00, real=0.00 secs] 
216.062: Total time for which application threads were stopped: 0.0054290 seconds, Stopping threads took: 0.0000980 seconds
216.085: Application time: 0.0229660 seconds
216.085: [GC [PSYoungGen: 106496K->14816K(107520K)] 142238K->50958K(352256K), 0.0055880 secs] [Times: user=0.04 sys=0.00, real=0.01 secs] 
216.091: Total time for which application threads were stopped: 0.0057710 seconds, Stopping threads took: 0.0000810 seconds
216.131: Application time: 0.0396050 seconds
216.131: [GC [PSYoungGen: 107488K->14832K(107520K)] 143630K->55465K(352256K), 0.0073060 secs] [Times: user=0.06 sys=0.00, real=0.01 secs] 
216.138: Total time for which application threads were stopped: 0.0075150 seconds, Stopping threads took: 0.0001070 seconds
216.172: Application time: 0.0338930 seconds
216.172: [GC [PSYoungGen: 107504K->14832K(107520K)] 148137K->56096K(352256K), 0.0059950 secs] [Times: user=0.04 sys=0.00, real=0.01 secs] 
216.178: Total time for which application threads were stopped: 0.0061910 seconds, Stopping threads took: 0.0000910 seconds
216.220: Application time: 0.0412360 seconds
216.220: [GC [PSYoungGen: 107504K->14816K(107520K)] 148768K->56432K(352256K), 0.0060840 secs] [Times: user=0.04 sys=0.00, real=0.00 secs] 
216.226: Total time for which application threads were stopped: 0.0062880 seconds, Stopping threads took: 0.0000820 seconds
216.255: Application time: 0.0295460 seconds
216.255: [GC [PSYoungGen: 107488K->14816K(107520K)] 149104K->56902K(352256K), 0.0059730 secs] [Times: user=0.04 sys=0.00, real=0.00 secs] 
216.262: Total time for which application threads were stopped: 0.0061580 seconds, Stopping threads took: 0.0000820 seconds
216.292: Application time: 0.0306000 seconds
216.292: [GC [PSYoungGen: 107488K->14816K(107520K)] 149574K->56926K(352256K), 0.0058360 secs] [Times: user=0.04 sys=0.00, real=0.01 secs] 
216.298: Total time for which application threads were stopped: 0.0060330 seconds, Stopping threads took: 0.0000960 seconds
216.321: Application time: 0.0224380 seconds
216.322: [GC [PSYoungGen: 107488K->14816K(107520K)] 149598K->57366K(352256K), 0.0059980 secs] [Times: user=0.04 sys=0.00, real=0.01 secs] 
216.328: Total time for which application threads were stopped: 0.0074340 seconds, Stopping threads took: 0.0013330 seconds
216.350: Application time: 0.0223540 seconds
216.351: [GC [PSYoungGen: 107488K->14832K(107520K)] 150038K->57814K(352256K), 0.0059040 secs] [Times: user=0.04 sys=0.00, real=0.01 secs] 
216.356: Total time for which application threads were stopped: 0.0060790 seconds, Stopping threads took: 0.0000760 seconds
216.390: Application time: 0.0338990 seconds
216.390: [GC [PSYoungGen: 107504K->13488K(107520K)] 150486K->62991K(352256K), 0.0074490 secs] [Times: user=0.06 sys=0.00, real=0.01 secs] 
216.398: Total time for which application threads were stopped: 0.0076250 seconds, Stopping threads took: 0.0000720 seconds
216.433: Application time: 0.0346540 seconds
216.433: [GC [PSYoungGen: 106160K->11456K(107520K)] 155663K->60959K(352256K), 0.0045700 secs] [Times: user=0.03 sys=0.00, real=0.01 secs] 
216.437: Total time for which application threads were stopped: 0.0047630 seconds, Stopping threads took: 0.0000890 seconds
216.476: Application time: 0.0390000 seconds
216.477: [GC [PSYoungGen: 104128K->11248K(107520K)] 153631K->60759K(352256K), 0.0044910 secs] [Times: user=0.03 sys=0.00, real=0.00 secs] 
216.481: Total time for which application threads were stopped: 0.0047010 seconds, Stopping threads took: 0.0001090 seconds
216.514: Application time: 0.0330870 seconds
216.514: [GC [PSYoungGen: 103920K->11248K(107520K)] 153431K->60767K(352256K), 0.0043400 secs] [Times: user=0.03 sys=0.00, real=0.00 secs] 
216.519: Total time for which application threads were stopped: 0.0045330 seconds, Stopping threads took: 0.0000820 seconds
216.549: Application time: 0.0298180 seconds
216.549: [GC [PSYoungGen: 103920K->11104K(107520K)] 153439K->60779K(352256K), 0.0043630 secs] [Times: user=0.03 sys=0.00, real=0.00 secs] 
216.553: Total time for which application threads were stopped: 0.0045280 seconds, Stopping threads took: 0.0000630 seconds
216.580: Application time: 0.0269620 seconds
216.582: [GC [PSYoungGen: 103776K->11232K(107520K)] 153451K->61011K(352256K), 0.0044560 secs] [Times: user=0.03 sys=0.01, real=0.01 secs] 
216.586: Total time for which application threads were stopped: 0.0064210 seconds, Stopping threads took: 0.0018640 seconds
216.607: Application time: 0.0206350 seconds
216.607: [GC [PSYoungGen: 103904K->11344K(107520K)] 153683K->61179K(352256K), 0.0045040 secs] [Times: user=0.02 sys=0.00, real=0.00 secs] 
216.612: Total time for which application threads were stopped: 0.0046680 seconds, Stopping threads took: 0.0000620 seconds
216.638: Application time: 0.0259670 seconds
216.638: [GC [PSYoungGen: 104016K->14832K(107520K)] 153851K->66491K(352256K), 0.0064570 secs] [Times: user=0.05 sys=0.00, real=0.00 secs] 
216.644: Total time for which application threads were stopped: 0.0066760 seconds, Stopping threads took: 0.0001070 seconds
216.683: Application time: 0.0384680 seconds
216.683: [GC [PSYoungGen: 107504K->12160K(107520K)] 159163K->66666K(352256K), 0.0058670 secs] [Times: user=0.04 sys=0.00, real=0.01 secs] 
216.689: Total time for which application threads were stopped: 0.0060510 seconds, Stopping threads took: 0.0000810 seconds
216.725: Application time: 0.0356350 seconds
216.725: [GC [PSYoungGen: 104832K->10928K(107520K)] 159338K->65634K(352256K), 0.0043820 secs] [Times: user=0.03 sys=0.00, real=0.01 secs] 
216.729: Total time for which application threads were stopped: 0.0046060 seconds, Stopping threads took: 0.0000990 seconds
216.768: Application time: 0.0389620 seconds
216.768: [GC [PSYoungGen: 103600K->10992K(107520K)] 158306K->65778K(352256K), 0.0044750 secs] [Times: user=0.03 sys=0.00, real=0.00 secs] 
216.773: Total time for which application threads were stopped: 0.0046730 seconds, Stopping threads took: 0.0000940 seconds
216.802: Application time: 0.0289770 seconds
216.802: [GC [PSYoungGen: 103664K->11120K(107520K)] 158450K->65914K(352256K), 0.0044120 secs] [Times: user=0.02 sys=0.00, real=0.01 secs] 
216.806: Total time for which application threads were stopped: 0.0046450 seconds, Stopping threads took: 0.0001290 seconds
216.836: Application time: 0.0291370 seconds
216.836: [GC [PSYoungGen: 103792K->11072K(107520K)] 158586K->65866K(352256K), 0.0043780 secs] [Times: user=0.03 sys=0.00, real=0.00 secs] 
216.840: Total time for which application threads were stopped: 0.0045370 seconds, Stopping threads took: 0.0000560 seconds
216.862: Application time: 0.0214940 seconds
216.862: [GC [PSYoungGen: 103744K->11312K(107520K)] 158538K->66226K(352256K), 0.0043450 secs] [Times: user=0.03 sys=0.00, real=0.01 secs] 
216.866: Total time for which application threads were stopped: 0.0045440 seconds, Stopping threads took: 0.0000970 seconds
216.889: Application time: 0.0232650 seconds
216.890: [GC [PSYoungGen: 103984K->12560K(107520K)] 158898K->67530K(352256K), 0.0049330 secs] [Times: user=0.04 sys=0.00, real=0.01 secs] 
216.895: Total time for which application threads were stopped: 0.0051040 seconds, Stopping threads took: 0.0000650 seconds
216.931: Application time: 0.0368670 seconds
216.934: [GC [PSYoungGen: 105232K->14672K(107520K)] 160202K->69642K(352256K), 0.0054640 secs] [Times: user=0.04 sys=0.00, real=0.00 secs] 
216.939: Total time for which application threads were stopped: 0.0080510 seconds, Stopping threads took: 0.0024860 seconds
216.974: Application time: 0.0342060 seconds
216.974: [GC [PSYoungGen: 107344K->11216K(107520K)] 162314K->66186K(352256K), 0.0043750 secs] [Times: user=0.02 sys=0.01, real=0.01 secs] 
216.978: Total time for which application threads were stopped: 0.0046010 seconds, Stopping threads took: 0.0001130 seconds
217.019: Application time: 0.0404560 seconds
217.019: [GC [PSYoungGen: 103888K->11008K(107520K)] 158858K->65978K(352256K), 0.0042310 secs] [Times: user=0.03 sys=0.00, real=0.00 secs] 
217.023: Total time for which application threads were stopped: 0.0044360 seconds, Stopping threads took: 0.0001040 seconds
217.054: Application time: 0.0309400 seconds
217.054: [GC [PSYoungGen: 103680K->10992K(107520K)] 158650K->65962K(352256K), 0.0044290 secs] [Times: user=0.03 sys=0.00, real=0.00 secs] 
217.059: Total time for which application threads were stopped: 0.0046260 seconds, Stopping threads took: 0.0000940 seconds
217.088: Application time: 0.0295930 seconds
217.089: [GC [PSYoungGen: 103664K->11040K(107520K)] 158634K->66010K(352256K), 0.0043200 secs] [Times: user=0.03 sys=0.00, real=0.00 secs] 
217.093: Total time for which application threads were stopped: 0.0045300 seconds, Stopping threads took: 0.0001080 seconds
217.117: Application time: 0.0243980 seconds
217.117: [GC [PSYoungGen: 103712K->11088K(107520K)] 158682K->66058K(352256K), 0.0044620 secs] [Times: user=0.03 sys=0.00, real=0.00 secs] 
217.122: Total time for which application threads were stopped: 0.0046440 seconds, Stopping threads took: 0.0000760 seconds
217.144: Application time: 0.0216780 seconds
217.144: [GC [PSYoungGen: 103760K->10848K(107520K)] 158730K->65818K(352256K), 0.0041720 secs] [Times: user=0.03 sys=0.00, real=0.01 secs] 
217.148: Total time for which application threads were stopped: 0.0043270 seconds, Stopping threads took: 0.0000510 seconds
217.178: Application time: 0.0299970 seconds
217.178: [GC [PSYoungGen: 103520K->10848K(107520K)] 158490K->68864K(352256K), 0.0051730 secs] [Times: user=0.03 sys=0.00, real=0.00 secs] 
217.183: Total time for which application threads were stopped: 0.0053400 seconds, Stopping threads took: 0.0000660 seconds
217.221: Application time: 0.0381750 seconds
217.222: [GC [PSYoungGen: 103520K->8208K(107520K)] 161536K->66464K(352256K), 0.0033360 secs] [Times: user=0.02 sys=0.00, real=0.00 secs] 
217.225: Total time for which application threads were stopped: 0.0035300 seconds, Stopping threads took: 0.0000940 seconds
217.262: Application time: 0.0373460 seconds
217.263: [GC [PSYoungGen: 100880K->7728K(107520K)] 159136K->65984K(352256K), 0.0030790 secs] [Times: user=0.02 sys=0.00, real=0.00 secs] 
217.266: Total time for which application threads were stopped: 0.0032840 seconds, Stopping threads took: 0.0000870 seconds
217.301: Application time: 0.0353200 seconds
217.302: [GC [PSYoungGen: 100400K->7728K(107520K)] 158656K->65984K(352256K), 0.0030500 secs] [Times: user=0.02 sys=0.00, real=0.00 secs] 
217.305: Total time for which application threads were stopped: 0.0041290 seconds, Stopping threads took: 0.0009740 seconds
217.334: Application time: 0.0284930 seconds
217.334: [GC [PSYoungGen: 100400K->7728K(107520K)] 158656K->66168K(352256K), 0.0030720 secs] [Times: user=0.02 sys=0.00, real=0.01 secs] 
217.337: Total time for which application threads were stopped: 0.0032810 seconds, Stopping threads took: 0.0001110 seconds
217.366: Application time: 0.0295360 seconds
217.367: [GC [PSYoungGen: 100400K->7776K(107520K)] 158840K->66344K(352256K), 0.0030460 secs] [Times: user=0.02 sys=0.00, real=0.00 secs] 
217.370: Total time for which application threads were stopped: 0.0032150 seconds, Stopping threads took: 0.0000720 seconds
217.391: Application time: 0.0209060 seconds
217.391: [GC [PSYoungGen: 100448K->7520K(107520K)] 159016K->66088K(352256K), 0.0028680 secs] [Times: user=0.02 sys=0.00, real=0.00 secs] 
217.394: Total time for which application threads were stopped: 0.0030520 seconds, Stopping threads took: 0.0000850 seconds
217.416: Application time: 0.0226540 seconds
217.416: [GC [PSYoungGen: 100192K->12320K(107520K)] 158760K->70888K(352256K), 0.0047640 secs] [Times: user=0.03 sys=0.00, real=0.00 secs] 
217.421: Total time for which application threads were stopped: 0.0049270 seconds, Stopping threads took: 0.0000620 seconds
217.462: Application time: 0.0408570 seconds
217.462: [GC [PSYoungGen: 104992K->9328K(107520K)] 163560K->67896K(352256K), 0.0034090 secs] [Times: user=0.02 sys=0.00, real=0.00 secs] 
217.466: Total time for which application threads were stopped: 0.0035740 seconds, Stopping threads took: 0.0000640 seconds
217.498: Application time: 0.0327150 seconds
217.498: [GC [PSYoungGen: 102000K->7440K(107520K)] 160568K->66016K(352256K), 0.0029910 secs] [Times: user=0.02 sys=0.00, real=0.00 secs] 
217.502: Total time for which application threads were stopped: 0.0031870 seconds, Stopping threads took: 0.0000970 seconds
217.543: Application time: 0.0415700 seconds
217.543: [GC [PSYoungGen: 100112K->7792K(107520K)] 158688K->66368K(352256K), 0.0029710 secs] [Times: user=0.02 sys=0.00, real=0.01 secs] 
217.546: Total time for which application threads were stopped: 0.0031590 seconds, Stopping threads took: 0.0000870 seconds
217.575: Application time: 0.0286980 seconds
217.575: [GC [PSYoungGen: 100464K->7904K(107520K)] 159040K->66480K(352256K), 0.0032330 secs] [Times: user=0.01 sys=0.00, real=0.00 secs] 
217.578: Total time for which application threads were stopped: 0.0034280 seconds, Stopping threads took: 0.0001000 seconds
217.609: Application time: 0.0304920 seconds
217.609: [GC [PSYoungGen: 100576K->7808K(107520K)] 159152K->66384K(352256K), 0.0031230 secs] [Times: user=0.02 sys=0.00, real=0.00 secs] 
217.612: Total time for which application threads were stopped: 0.0033270 seconds, Stopping threads took: 0.0001030 seconds
217.634: Application time: 0.0221270 seconds
217.634: [GC [PSYoungGen: 100480K->8208K(107520K)] 159056K->66784K(352256K), 0.0031380 secs] [Times: user=0.02 sys=0.00, real=0.00 secs] 
217.638: Total time for which application threads were stopped: 0.0032950 seconds, Stopping threads took: 0.0000570 seconds
217.658: Application time: 0.0205730 seconds
217.658: [GC [PSYoungGen: 100880K->8640K(107520K)] 159456K->67216K(352256K), 0.0031400 secs] [Times: user=0.02 sys=0.00, real=0.00 secs] 
217.662: Total time for which application threads were stopped: 0.0033130 seconds, Stopping threads took: 0.0000750 seconds
217.699: Application time: 0.0378790 seconds
217.700: [GC [PSYoungGen: 101312K->12624K(107520K)] 159888K->71200K(352256K), 0.0048050 secs] [Times: user=0.04 sys=0.00, real=0.00 secs] 
217.704: Total time for which application threads were stopped: 0.0049910 seconds, Stopping threads took: 0.0000830 seconds
217.737: Application time: 0.0330770 seconds
217.738: [GC [PSYoungGen: 105296K->8224K(107520K)] 163872K->66800K(352256K), 0.0031310 secs] [Times: user=0.02 sys=0.00, real=0.00 secs] 
217.741: Total time for which application threads were stopped: 0.0033320 seconds, Stopping threads took: 0.0000980 seconds
217.781: Application time: 0.0406910 seconds
217.782: [GC [PSYoungGen: 100896K->7904K(107520K)] 159472K->66480K(352256K), 0.0031270 secs] [Times: user=0.02 sys=0.00, real=0.00 secs] 
217.785: Total time for which application threads were stopped: 0.0033820 seconds, Stopping threads took: 0.0001320 seconds
217.817: Application time: 0.0317770 seconds
217.817: [GC [PSYoungGen: 100576K->7664K(107520K)] 159152K->66240K(352256K), 0.0030040 secs] [Times: user=0.02 sys=0.00, real=0.00 secs] 
217.820: Total time for which application threads were stopped: 0.0032040 seconds, Stopping threads took: 0.0001020 seconds
217.850: Application time: 0.0300090 seconds
217.850: [GC [PSYoungGen: 100336K->7808K(107520K)] 158912K->66384K(352256K), 0.0030740 secs] [Times: user=0.03 sys=0.00, real=0.00 secs] 
217.853: Total time for which application threads were stopped: 0.0032570 seconds, Stopping threads took: 0.0000830 seconds
217.880: Application time: 0.0272890 seconds
217.881: [GC [PSYoungGen: 100480K->7840K(107520K)] 159056K->66416K(352256K), 0.0031200 secs] [Times: user=0.02 sys=0.00, real=0.00 secs] 
217.884: Total time for which application threads were stopped: 0.0033100 seconds, Stopping threads took: 0.0000940 seconds
217.903: Application time: 0.0197540 seconds
217.904: [GC [PSYoungGen: 100512K->8016K(107520K)] 159088K->66592K(352256K), 0.0030460 secs] [Times: user=0.02 sys=0.00, real=0.01 secs] 
217.907: Total time for which application threads were stopped: 0.0032270 seconds, Stopping threads took: 0.0000880 seconds
217.933: Application time: 0.0260970 seconds
217.933: [GC [PSYoungGen: 100688K->14624K(107520K)] 159264K->73200K(352256K), 0.0055770 secs] [Times: user=0.04 sys=0.00, real=0.01 secs] 
217.939: Total time for which application threads were stopped: 0.0057680 seconds, Stopping threads took: 0.0000890 seconds
217.979: Application time: 0.0404210 seconds
217.979: [GC [PSYoungGen: 107296K->8336K(107520K)] 165872K->66912K(352256K), 0.0031630 secs] [Times: user=0.02 sys=0.00, real=0.00 secs] 
217.982: Total time for which application threads were stopped: 0.0033500 seconds, Stopping threads took: 0.0000850 seconds
218.019: Application time: 0.0362240 seconds
218.019: [GC [PSYoungGen: 101008K->7824K(107520K)] 159584K->66400K(352256K), 0.0030350 secs] [Times: user=0.02 sys=0.00, real=0.00 secs] 
218.022: Total time for which application threads were stopped: 0.0032180 seconds, Stopping threads took: 0.0000810 seconds
218.061: Application time: 0.0391790 seconds
218.061: [GC [PSYoungGen: 100496K->8192K(107520K)] 159072K->66768K(352256K), 0.0031430 secs] [Times: user=0.02 sys=0.00, real=0.00 secs] 
218.064: Total time for which application threads were stopped: 0.0033380 seconds, Stopping threads took: 0.0000920 seconds
218.091: Application time: 0.0267300 seconds
218.091: [GC [PSYoungGen: 100864K->7584K(107520K)] 159440K->66308K(352256K), 0.0030930 secs] [Times: user=0.00 sys=0.02, real=0.01 secs] 
218.094: Total time for which application threads were stopped: 0.0033040 seconds, Stopping threads took: 0.0001100 seconds
218.126: Application time: 0.0311910 seconds
218.126: [GC [PSYoungGen: 100256K->7648K(107520K)] 158980K->66528K(352256K), 0.0031240 secs] [Times: user=0.02 sys=0.00, real=0.01 secs] 
218.129: Total time for which application threads were stopped: 0.0033350 seconds, Stopping threads took: 0.0001140 seconds
218.149: Application time: 0.0203090 seconds
218.149: [GC [PSYoungGen: 100320K->7552K(107520K)] 159200K->66432K(352256K), 0.0029190 secs] [Times: user=0.02 sys=0.00, real=0.00 secs] 
218.152: Total time for which application threads were stopped: 0.0030780 seconds, Stopping threads took: 0.0000610 seconds
218.175: Application time: 0.0229850 seconds
218.175: [GC [PSYoungGen: 100224K->7616K(107520K)] 159104K->66496K(352256K), 0.0029670 secs] [Times: user=0.02 sys=0.00, real=0.00 secs] 
218.178: Total time for which application threads were stopped: 0.0031560 seconds, Stopping threads took: 0.0000970 seconds
218.218: Application time: 0.0396640 seconds
218.218: [GC [PSYoungGen: 100288K->11664K(107520K)] 159168K->70544K(352256K), 0.0043930 secs] [Times: user=0.03 sys=0.00, real=0.00 secs] 
218.223: Total time for which application threads were stopped: 0.0045640 seconds, Stopping threads took: 0.0000670 seconds
218.256: Application time: 0.0335740 seconds
218.256: [GC [PSYoungGen: 104336K->7520K(107520K)] 163216K->66400K(352256K), 0.0030160 secs] [Times: user=0.02 sys=0.00, real=0.00 secs] 
218.259: Total time for which application threads were stopped: 0.0032380 seconds, Stopping threads took: 0.0001250 seconds
218.301: Application time: 0.0411370 seconds
218.301: [GC [PSYoungGen: 100192K->7552K(107520K)] 159072K->66440K(352256K), 0.0029820 secs] [Times: user=0.02 sys=0.00, real=0.00 secs] 
218.304: Total time for which application threads were stopped: 0.0031940 seconds, Stopping threads took: 0.0000970 seconds
218.332: Application time: 0.0283230 seconds
218.334: [GC [PSYoungGen: 100224K->7696K(107520K)] 159112K->66584K(352256K), 0.0030930 secs] [Times: user=0.02 sys=0.00, real=0.00 secs] 
218.337: Total time for which application threads were stopped: 0.0049780 seconds, Stopping threads took: 0.0017860 seconds
218.368: Application time: 0.0312020 seconds
218.369: [GC [PSYoungGen: 100368K->7904K(107520K)] 159256K->66792K(352256K), 0.0030750 secs] [Times: user=0.02 sys=0.00, real=0.00 secs] 
218.372: Total time for which application threads were stopped: 0.0032870 seconds, Stopping threads took: 0.0001040 seconds
218.394: Application time: 0.0228760 seconds
218.395: [GC [PSYoungGen: 100576K->7952K(107520K)] 159464K->66840K(352256K), 0.0030610 secs] [Times: user=0.01 sys=0.00, real=0.00 secs] 
218.398: Total time for which application threads were stopped: 0.0032550 seconds, Stopping threads took: 0.0001000 seconds
218.419: Application time: 0.0212090 seconds
218.419: [GC [PSYoungGen: 100624K->7856K(107520K)] 159512K->66744K(352256K), 0.0030150 secs] [Times: user=0.02 sys=0.00, real=0.00 secs] 
218.422: Total time for which application threads were stopped: 0.0031860 seconds, Stopping threads took: 0.0000720 seconds
218.457: Application time: 0.0343840 seconds
218.457: [GC [PSYoungGen: 100528K->10944K(107520K)] 159416K->69832K(352256K), 0.0039760 secs] [Times: user=0.03 sys=0.00, real=0.00 secs] 
218.461: Total time for which application threads were stopped: 0.0041470 seconds, Stopping threads took: 0.0000700 seconds
218.495: Application time: 0.0338470 seconds
218.495: [GC [PSYoungGen: 103616K->7776K(107520K)] 162504K->66664K(352256K), 0.0029620 secs] [Times: user=0.02 sys=0.00, real=0.00 secs] 
218.498: Total time for which application threads were stopped: 0.0031390 seconds, Stopping threads took: 0.0000790 seconds
218.537: Application time: 0.0388530 seconds
218.537: [GC [PSYoungGen: 100448K->7872K(107520K)] 159336K->66760K(352256K), 0.0031070 secs] [Times: user=0.02 sys=0.00, real=0.00 secs] 
218.540: Total time for which application threads were stopped: 0.0032980 seconds, Stopping threads took: 0.0000920 seconds
218.574: Application time: 0.0341270 seconds
218.574: [GC [PSYoungGen: 100544K->7904K(107520K)] 159432K->66792K(352256K), 0.0030750 secs] [Times: user=0.03 sys=0.00, real=0.00 secs] 
218.577: Total time for which application threads were stopped: 0.0032450 seconds, Stopping threads took: 0.0000680 seconds
218.607: Application time: 0.0296670 seconds
218.607: [GC [PSYoungGen: 100576K->7808K(107520K)] 159464K->66696K(352256K), 0.0030500 secs] [Times: user=0.02 sys=0.00, real=0.00 secs] 
218.610: Total time for which application threads were stopped: 0.0032180 seconds, Stopping threads took: 0.0000650 seconds
218.638: Application time: 0.0279670 seconds
218.638: [GC [PSYoungGen: 100480K->7808K(107520K)] 159368K->66696K(352256K), 0.0030650 secs] [Times: user=0.02 sys=0.00, real=0.00 secs] 
218.641: Total time for which application threads were stopped: 0.0032470 seconds, Stopping threads took: 0.0000860 seconds
218.661: Application time: 0.0197240 seconds
218.661: [GC [PSYoungGen: 100480K->7984K(107520K)] 159368K->66872K(352256K), 0.0031070 secs] [Times: user=0.02 sys=0.00, real=0.00 secs] 
218.664: Total time for which application threads were stopped: 0.0032890 seconds, Stopping threads took: 0.0000910 seconds
218.690: Application time: 0.0256100 seconds
218.690: [GC [PSYoungGen: 100656K->12672K(107520K)] 159544K->71560K(352256K), 0.0048140 secs] [Times: user=0.04 sys=0.00, real=0.01 secs] 
218.695: Total time for which application threads were stopped: 0.0049850 seconds, Stopping threads took: 0.0000700 seconds
218.735: Application time: 0.0405030 seconds
218.736: [GC [PSYoungGen: 105344K->10304K(107520K)] 164232K->69192K(352256K), 0.0040070 secs] [Times: user=0.03 sys=0.00, real=0.00 secs] 
218.740: Total time for which application threads were stopped: 0.0042010 seconds, Stopping threads took: 0.0000940 seconds
218.774: Application time: 0.0348030 seconds
218.775: [GC [PSYoungGen: 102976K->7904K(107520K)] 161864K->66792K(352256K), 0.0030840 secs] [Times: user=0.02 sys=0.00, real=0.00 secs] 
218.778: Total time for which application threads were stopped: 0.0032680 seconds, Stopping threads took: 0.0000920 seconds
218.818: Application time: 0.0406000 seconds
218.818: [GC [PSYoungGen: 100576K->7856K(107520K)] 159464K->66744K(352256K), 0.0030970 secs] [Times: user=0.02 sys=0.00, real=0.00 secs] 
218.822: Total time for which application threads were stopped: 0.0032800 seconds, Stopping threads took: 0.0000750 seconds
218.849: Application time: 0.0274360 seconds
218.850: [GC [PSYoungGen: 100528K->7552K(107520K)] 159416K->66592K(352256K), 0.0030410 secs] [Times: user=0.02 sys=0.00, real=0.00 secs] 
218.853: Total time for which application threads were stopped: 0.0040190 seconds, Stopping threads took: 0.0008860 seconds
218.884: Application time: 0.0312430 seconds
218.884: [GC [PSYoungGen: 100224K->7792K(107520K)] 159264K->66972K(352256K), 0.0031340 secs] [Times: user=0.02 sys=0.00, real=0.01 secs] 
218.888: Total time for which application threads were stopped: 0.0033200 seconds, Stopping threads took: 0.0000820 seconds
218.909: Application time: 0.0214200 seconds
218.909: [GC [PSYoungGen: 100455K->7552K(107520K)] 159636K->66732K(352256K), 0.0028700 secs] [Times: user=0.02 sys=0.00, real=0.00 secs] 
218.912: Total time for which application threads were stopped: 0.0030880 seconds, Stopping threads took: 0.0001160 seconds
218.933: Application time: 0.0209870 seconds
218.933: [GC [PSYoungGen: 100224K->7728K(107520K)] 159404K->66908K(352256K), 0.0029470 secs] [Times: user=0.02 sys=0.00, real=0.01 secs] 
218.936: Total time for which application threads were stopped: 0.0031410 seconds, Stopping threads took: 0.0000920 seconds
218.975: Application time: 0.0388840 seconds
218.975: [GC [PSYoungGen: 100400K->11040K(107520K)] 159580K->70220K(352256K), 0.0041090 secs] [Times: user=0.03 sys=0.00, real=0.00 secs] 
218.979: Total time for which application threads were stopped: 0.0042980 seconds, Stopping threads took: 0.0000870 seconds
219.012: Application time: 0.0328230 seconds
219.012: [GC [PSYoungGen: 103712K->7552K(107520K)] 162892K->66732K(352256K), 0.0029880 secs] [Times: user=0.02 sys=0.00, real=0.01 secs] 
219.015: Total time for which application threads were stopped: 0.0031610 seconds, Stopping threads took: 0.0000710 seconds
219.057: Application time: 0.0413650 seconds
219.057: [GC [PSYoungGen: 100224K->7584K(107520K)] 159404K->66764K(352256K), 0.0030470 secs] [Times: user=0.02 sys=0.00, real=0.00 secs] 
219.060: Total time for which application threads were stopped: 0.0032440 seconds, Stopping threads took: 0.0001000 seconds
219.090: Application time: 0.0303920 seconds
219.091: [GC [PSYoungGen: 100256K->7504K(107520K)] 159436K->66684K(352256K), 0.0030090 secs] [Times: user=0.02 sys=0.00, real=0.00 secs] 
219.094: Total time for which application threads were stopped: 0.0031820 seconds, Stopping threads took: 0.0000740 seconds
219.124: Application time: 0.0305580 seconds
219.124: [GC [PSYoungGen: 100176K->7696K(107520K)] 159356K->66876K(352256K), 0.0030060 secs] [Times: user=0.02 sys=0.00, real=0.01 secs] 
219.127: Total time for which application threads were stopped: 0.0031810 seconds, Stopping threads took: 0.0000750 seconds
219.152: Application time: 0.0250950 seconds
219.153: [GC [PSYoungGen: 100368K->7904K(107520K)] 159548K->67084K(352256K), 0.0030980 secs] [Times: user=0.02 sys=0.00, real=0.01 secs] 
219.156: Total time for which application threads were stopped: 0.0032590 seconds, Stopping threads took: 0.0000650 seconds
219.176: Application time: 0.0205470 seconds
219.176: [GC [PSYoungGen: 100576K->8112K(107520K)] 159756K->67292K(352256K), 0.0030380 secs] [Times: user=0.02 sys=0.00, real=0.00 secs] 
219.180: Total time for which application threads were stopped: 0.0032460 seconds, Stopping threads took: 0.0001070 seconds
219.210: Application time: 0.0300610 seconds
219.210: [GC [PSYoungGen: 100784K->14816K(107520K)] 159964K->75816K(352256K), 0.0065010 secs] [Times: user=0.05 sys=0.00, real=0.01 secs] 
219.216: Total time for which application threads were stopped: 0.0066770 seconds, Stopping threads took: 0.0000790 seconds
219.254: Application time: 0.0372470 seconds
219.254: [GC [PSYoungGen: 107488K->10992K(107520K)] 168488K->71992K(352256K), 0.0042640 secs] [Times: user=0.03 sys=0.00, real=0.01 secs] 
219.258: Total time for which application threads were stopped: 0.0044500 seconds, Stopping threads took: 0.0000840 seconds
219.295: Application time: 0.0372000 seconds
219.295: [GC [PSYoungGen: 103664K->10672K(107520K)] 164664K->71672K(352256K), 0.0042760 secs] [Times: user=0.03 sys=0.00, real=0.00 secs] 
219.300: Total time for which application threads were stopped: 0.0044800 seconds, Stopping threads took: 0.0000990 seconds
219.337: Application time: 0.0376560 seconds
219.337: [GC [PSYoungGen: 103344K->10816K(107520K)] 164344K->71816K(352256K), 0.0042870 secs] [Times: user=0.03 sys=0.00, real=0.00 secs] 
219.342: Total time for which application threads were stopped: 0.0044950 seconds, Stopping threads took: 0.0000810 seconds
219.370: Application time: 0.0278390 seconds
219.370: [GC [PSYoungGen: 103488K->10768K(107520K)] 164488K->71768K(352256K), 0.0044030 secs] [Times: user=0.02 sys=0.01, real=0.01 secs] 
219.374: Total time for which application threads were stopped: 0.0046360 seconds, Stopping threads took: 0.0001330 seconds
219.405: Application time: 0.0307710 seconds
219.405: [GC [PSYoungGen: 103440K->10800K(107520K)] 164440K->71800K(352256K), 0.0043330 secs] [Times: user=0.03 sys=0.00, real=0.01 secs] 
219.410: Total time for which application threads were stopped: 0.0045110 seconds, Stopping threads took: 0.0000750 seconds
219.429: Application time: 0.0194300 seconds
219.429: [GC [PSYoungGen: 103472K->10848K(107520K)] 164472K->71848K(352256K), 0.0042800 secs] [Times: user=0.03 sys=0.00, real=0.00 secs] 
219.433: Total time for which application threads were stopped: 0.0044570 seconds, Stopping threads took: 0.0000730 seconds
219.457: Application time: 0.0234250 seconds
219.457: [GC [PSYoungGen: 103520K->10656K(107520K)] 164520K->71656K(352256K), 0.0041330 secs] [Times: user=0.02 sys=0.00, real=0.00 secs] 
219.461: Total time for which application threads were stopped: 0.0043130 seconds, Stopping threads took: 0.0000820 seconds
219.501: Application time: 0.0396970 seconds
219.501: [GC [PSYoungGen: 103328K->13216K(107520K)] 164328K->74216K(352256K), 0.0050280 secs] [Times: user=0.04 sys=0.00, real=0.01 secs] 
219.506: Total time for which application threads were stopped: 0.0052350 seconds, Stopping threads took: 0.0001030 seconds
219.539: Application time: 0.0331500 seconds
219.542: [GC [PSYoungGen: 105888K->10880K(107520K)] 166888K->71880K(352256K), 0.0043580 secs] [Times: user=0.03 sys=0.00, real=0.01 secs] 
219.546: Total time for which application threads were stopped: 0.0071060 seconds, Stopping threads took: 0.0026450 seconds
219.588: Application time: 0.0415720 seconds
219.588: [GC [PSYoungGen: 103552K->10736K(107520K)] 164552K->71736K(352256K), 0.0042240 secs] [Times: user=0.03 sys=0.00, real=0.00 secs] 
219.592: Total time for which application threads were stopped: 0.0044140 seconds, Stopping threads took: 0.0000870 seconds
219.620: Application time: 0.0277600 seconds
219.620: [GC [PSYoungGen: 103408K->10720K(107520K)] 164408K->71832K(352256K), 0.0045130 secs] [Times: user=0.03 sys=0.00, real=0.00 secs] 
219.625: Total time for which application threads were stopped: 0.0047010 seconds, Stopping threads took: 0.0000870 seconds
219.656: Application time: 0.0315220 seconds
219.657: [GC [PSYoungGen: 103392K->10640K(107520K)] 164504K->71900K(352256K), 0.0042070 secs] [Times: user=0.03 sys=0.00, real=0.00 secs] 
219.661: Total time for which application threads were stopped: 0.0044150 seconds, Stopping threads took: 0.0001040 seconds
219.683: Application time: 0.0224340 seconds
219.683: [GC [PSYoungGen: 103312K->10720K(107520K)] 164572K->71980K(352256K), 0.0042000 secs] [Times: user=0.03 sys=0.00, real=0.01 secs] 
219.688: Total time for which application threads were stopped: 0.0043640 seconds, Stopping threads took: 0.0000640 seconds
219.708: Application time: 0.0208630 seconds
219.709: [GC [PSYoungGen: 103392K->10896K(107520K)] 164652K->72156K(352256K), 0.0042630 secs] [Times: user=0.03 sys=0.00, real=0.00 secs] 
219.713: Total time for which application threads were stopped: 0.0044830 seconds, Stopping threads took: 0.0001180 seconds
219.751: Application time: 0.0375370 seconds
219.751: [GC [PSYoungGen: 103568K->11184K(107520K)] 164828K->75546K(352256K), 0.0052510 secs] [Times: user=0.04 sys=0.00, real=0.01 secs] 
219.756: Total time for which application threads were stopped: 0.0054270 seconds, Stopping threads took: 0.0000670 seconds
219.788: Application time: 0.0316950 seconds
219.788: [GC [PSYoungGen: 103856K->8000K(107520K)] 168218K->72362K(352256K), 0.0031080 secs] [Times: user=0.02 sys=0.00, real=0.00 secs] 
219.791: Total time for which application threads were stopped: 0.0033050 seconds, Stopping threads took: 0.0000940 seconds
219.831: Application time: 0.0401340 seconds
219.831: [GC [PSYoungGen: 100672K->7600K(107520K)] 165034K->71962K(352256K), 0.0030500 secs] [Times: user=0.02 sys=0.00, real=0.01 secs] 
219.834: Total time for which application threads were stopped: 0.0032320 seconds, Stopping threads took: 0.0000840 seconds
219.867: Application time: 0.0330160 seconds
219.868: [GC [PSYoungGen: 100272K->7712K(107520K)] 164634K->72074K(352256K), 0.0031240 secs] [Times: user=0.02 sys=0.00, real=0.00 secs] 
219.871: Total time for which application threads were stopped: 0.0033390 seconds, Stopping threads took: 0.0001000 seconds
219.901: Application time: 0.0298520 seconds
219.901: [GC [PSYoungGen: 100384K->7888K(107520K)] 164746K->72250K(352256K), 0.0030550 secs] [Times: user=0.02 sys=0.00, real=0.00 secs] 
219.904: Total time for which application threads were stopped: 0.0032390 seconds, Stopping threads took: 0.0000840 seconds
219.930: Application time: 0.0262700 seconds
219.930: [GC [PSYoungGen: 100560K->8096K(107520K)] 164922K->72458K(352256K), 0.0031410 secs] [Times: user=0.02 sys=0.00, real=0.00 secs] 
219.933: Total time for which application threads were stopped: 0.0033100 seconds, Stopping threads took: 0.0000760 seconds
219.953: Application time: 0.0201280 seconds
219.954: [GC [PSYoungGen: 100768K->8272K(107520K)] 165130K->72634K(352256K), 0.0031200 secs] [Times: user=0.02 sys=0.00, real=0.01 secs] 
219.957: Total time for which application threads were stopped: 0.0033390 seconds, Stopping threads took: 0.0001180 seconds
219.985: Application time: 0.0283630 seconds
219.985: [GC [PSYoungGen: 100944K->13504K(107520K)] 165306K->77866K(352256K), 0.0050380 secs] [Times: user=0.03 sys=0.00, real=0.01 secs] 
219.990: Total time for which application threads were stopped: 0.0052350 seconds, Stopping threads took: 0.0000950 seconds
220.028: Application time: 0.0378860 seconds
220.028: [GC [PSYoungGen: 106176K->10368K(107520K)] 170538K->74730K(352256K), 0.0037610 secs] [Times: user=0.03 sys=0.00, real=0.00 secs] 
220.032: Total time for which application threads were stopped: 0.0039480 seconds, Stopping threads took: 0.0000860 seconds
220.068: Application time: 0.0355670 seconds
220.068: [GC [PSYoungGen: 103040K->7856K(107520K)] 167402K->72218K(352256K), 0.0030100 secs] [Times: user=0.03 sys=0.00, real=0.00 secs] 
220.071: Total time for which application threads were stopped: 0.0031990 seconds, Stopping threads took: 0.0000840 seconds
220.111: Application time: 0.0398470 seconds
220.111: [GC [PSYoungGen: 100528K->8064K(107520K)] 164890K->72426K(352256K), 0.0031940 secs] [Times: user=0.02 sys=0.00, real=0.01 secs] 
220.114: Total time for which application threads were stopped: 0.0033770 seconds, Stopping threads took: 0.0000810 seconds
220.143: Application time: 0.0283130 seconds
220.143: [GC [PSYoungGen: 100736K->7888K(107520K)] 165098K->72250K(352256K), 0.0031060 secs] [Times: user=0.03 sys=0.00, real=0.00 secs] 
220.146: Total time for which application threads were stopped: 0.0033110 seconds, Stopping threads took: 0.0001030 seconds
220.176: Application time: 0.0302940 seconds
220.176: [GC [PSYoungGen: 100560K->7984K(107520K)] 164922K->72346K(352256K), 0.0031160 secs] [Times: user=0.02 sys=0.00, real=0.00 secs] 
220.179: Total time for which application threads were stopped: 0.0032870 seconds, Stopping threads took: 0.0000810 seconds
220.200: Application time: 0.0205170 seconds
220.200: [GC [PSYoungGen: 100656K->7888K(107520K)] 165018K->72250K(352256K), 0.0031020 secs] [Times: user=0.03 sys=0.00, real=0.00 secs] 
220.203: Total time for which application threads were stopped: 0.0032670 seconds, Stopping threads took: 0.0000750 seconds
220.227: Application time: 0.0238280 seconds
220.227: [GC [PSYoungGen: 100560K->8576K(107520K)] 164922K->72938K(352256K), 0.0032370 secs] [Times: user=0.02 sys=0.00, real=0.00 secs] 
220.231: Total time for which application threads were stopped: 0.0034260 seconds, Stopping threads took: 0.0000900 seconds
220.269: Application time: 0.0385780 seconds
220.269: [GC [PSYoungGen: 101248K->12144K(107520K)] 165610K->76506K(352256K), 0.0046360 secs] [Times: user=0.04 sys=0.00, real=0.01 secs] 
220.274: Total time for which application threads were stopped: 0.0048250 seconds, Stopping threads took: 0.0000900 seconds
220.309: Application time: 0.0350620 seconds
220.309: [GC [PSYoungGen: 104816K->8176K(107520K)] 169178K->72538K(352256K), 0.0032570 secs] [Times: user=0.02 sys=0.00, real=0.00 secs] 
220.312: Total time for which application threads were stopped: 0.0034350 seconds, Stopping threads took: 0.0000860 seconds
220.352: Application time: 0.0399480 seconds
220.353: [GC [PSYoungGen: 100848K->8000K(107520K)] 165210K->72362K(352256K), 0.0031680 secs] [Times: user=0.02 sys=0.00, real=0.01 secs] 
220.356: Total time for which application threads were stopped: 0.0034110 seconds, Stopping threads took: 0.0001470 seconds
220.387: Application time: 0.0312050 seconds
220.387: [GC [PSYoungGen: 100672K->7760K(107520K)] 165034K->72210K(352256K), 0.0030870 secs] [Times: user=0.02 sys=0.00, real=0.00 secs] 
220.390: Total time for which application threads were stopped: 0.0032800 seconds, Stopping threads took: 0.0000760 seconds
220.419: Application time: 0.0287980 seconds
220.419: [GC [PSYoungGen: 100432K->7552K(107520K)] 164882K->72190K(352256K), 0.0030700 secs] [Times: user=0.02 sys=0.00, real=0.00 secs] 
220.422: Total time for which application threads were stopped: 0.0032650 seconds, Stopping threads took: 0.0000960 seconds
220.446: Application time: 0.0241000 seconds
220.447: [GC [PSYoungGen: 100224K->7648K(107520K)] 164862K->72334K(352256K), 0.0030460 secs] [Times: user=0.02 sys=0.00, real=0.00 secs] 
220.450: Total time for which application threads were stopped: 0.0032270 seconds, Stopping threads took: 0.0000870 seconds
220.473: Application time: 0.0229290 seconds
220.473: [GC [PSYoungGen: 100320K->7488K(107520K)] 165006K->72174K(352256K), 0.0029180 secs] [Times: user=0.02 sys=0.00, real=0.01 secs] 
220.476: Total time for which application threads were stopped: 0.0031150 seconds, Stopping threads took: 0.0001020 seconds
220.506: Application time: 0.0306990 seconds
220.507: [GC [PSYoungGen: 100160K->8720K(107520K)] 164846K->73406K(352256K), 0.0031970 secs] [Times: user=0.02 sys=0.00, real=0.00 secs] 
220.510: Total time for which application threads were stopped: 0.0033710 seconds, Stopping threads took: 0.0000820 seconds
220.547: Application time: 0.0369800 seconds
220.547: [GC [PSYoungGen: 101392K->7744K(107520K)] 166078K->72438K(352256K), 0.0030270 secs] [Times: user=0.02 sys=0.00, real=0.00 secs] 
220.550: Total time for which application threads were stopped: 0.0032180 seconds, Stopping threads took: 0.0001010 seconds
220.587: Application time: 0.0370400 seconds
220.587: [GC [PSYoungGen: 100416K->7600K(107520K)] 165110K->72294K(352256K), 0.0030780 secs] [Times: user=0.02 sys=0.00, real=0.00 secs] 
220.590: Total time for which application threads were stopped: 0.0032740 seconds, Stopping threads took: 0.0001050 seconds
220.625: Application time: 0.0343100 seconds
220.625: [GC [PSYoungGen: 100272K->7632K(107520K)] 164966K->72326K(352256K), 0.0031060 secs] [Times: user=0.02 sys=0.00, real=0.01 secs] 
220.628: Total time for which application threads were stopped: 0.0033190 seconds, Stopping threads took: 0.0001200 seconds
220.658: Application time: 0.0298460 seconds
220.658: [GC [PSYoungGen: 100304K->7552K(107520K)] 164998K->72246K(352256K), 0.0031590 secs] [Times: user=0.01 sys=0.00, real=0.00 secs] 
220.661: Total time for which application threads were stopped: 0.0033720 seconds, Stopping threads took: 0.0001230 seconds
220.688: Application time: 0.0270500 seconds
220.688: [GC [PSYoungGen: 100224K->8016K(107520K)] 164918K->72710K(352256K), 0.0030990 secs] [Times: user=0.02 sys=0.00, real=0.00 secs] 
220.692: Total time for which application threads were stopped: 0.0032670 seconds, Stopping threads took: 0.0000680 seconds
220.714: Application time: 0.0229030 seconds
220.715: [GC [PSYoungGen: 100688K->8064K(107520K)] 165382K->72758K(352256K), 0.0030220 secs] [Times: user=0.02 sys=0.00, real=0.00 secs] 
220.718: Total time for which application threads were stopped: 0.0032090 seconds, Stopping threads took: 0.0000880 seconds
220.742: Application time: 0.0242220 seconds
220.742: [GC [PSYoungGen: 100736K->11904K(107520K)] 165430K->76599K(352256K), 0.0045480 secs] [Times: user=0.03 sys=0.00, real=0.01 secs] 
220.747: Total time for which application threads were stopped: 0.0047290 seconds, Stopping threads took: 0.0000750 seconds
220.785: Application time: 0.0380920 seconds
220.785: [GC [PSYoungGen: 104576K->11008K(107520K)] 169271K->75702K(352256K), 0.0041540 secs] [Times: user=0.03 sys=0.00, real=0.01 secs] 
220.789: Total time for which application threads were stopped: 0.0043470 seconds, Stopping threads took: 0.0001020 seconds
220.824: Application time: 0.0345270 seconds
220.824: [GC [PSYoungGen: 103680K->7952K(107520K)] 168374K->72646K(352256K), 0.0031260 secs] [Times: user=0.03 sys=0.00, real=0.01 secs] 
220.827: Total time for which application threads were stopped: 0.0033410 seconds, Stopping threads took: 0.0001150 seconds
220.867: Application time: 0.0401880 seconds
220.867: [GC [PSYoungGen: 100624K->7920K(107520K)] 165318K->72614K(352256K), 0.0032020 secs] [Times: user=0.02 sys=0.00, real=0.00 secs] 
220.870: Total time for which application threads were stopped: 0.0033940 seconds, Stopping threads took: 0.0000960 seconds
220.900: Application time: 0.0295270 seconds
220.900: [GC [PSYoungGen: 100592K->7920K(107520K)] 165286K->72614K(352256K), 0.0031200 secs] [Times: user=0.02 sys=0.00, real=0.00 secs] 
220.903: Total time for which application threads were stopped: 0.0033370 seconds, Stopping threads took: 0.0001070 seconds
220.933: Application time: 0.0298710 seconds
220.933: [GC [PSYoungGen: 100592K->7936K(107520K)] 165286K->72630K(352256K), 0.0031600 secs] [Times: user=0.02 sys=0.00, real=0.01 secs] 
220.937: Total time for which application threads were stopped: 0.0033520 seconds, Stopping threads took: 0.0000950 seconds
220.958: Application time: 0.0218440 seconds
220.959: [GC [PSYoungGen: 100608K->8064K(107520K)] 165302K->72758K(352256K), 0.0031990 secs] [Times: user=0.02 sys=0.00, real=0.00 secs] 
220.962: Total time for which application threads were stopped: 0.0033860 seconds, Stopping threads took: 0.0000920 seconds
220.984: Application time: 0.0222470 seconds
220.984: [GC [PSYoungGen: 100736K->8736K(107520K)] 165430K->73431K(352256K), 0.0032930 secs] [Times: user=0.02 sys=0.00, real=0.01 secs] 
220.988: Total time for which application threads were stopped: 0.0034540 seconds, Stopping threads took: 0.0000630 seconds
221.024: Application time: 0.0368710 seconds
221.025: [GC [PSYoungGen: 101408K->9232K(107520K)] 166103K->73926K(352256K), 0.0033430 secs] [Times: user=0.03 sys=0.00, real=0.01 secs] 
221.028: Total time for which application threads were stopped: 0.0035180 seconds, Stopping threads took: 0.0000710 seconds
221.062: Application time: 0.0339030 seconds
221.062: [GC [PSYoungGen: 101904K->7648K(107520K)] 166598K->72343K(352256K), 0.0029650 secs] [Times: user=0.02 sys=0.00, real=0.00 secs] 
221.065: Total time for which application threads were stopped: 0.0031640 seconds, Stopping threads took: 0.0001000 seconds
221.104: Application time: 0.0394060 seconds
221.105: [GC [PSYoungGen: 100320K->7920K(107520K)] 165015K->72614K(352256K), 0.0031980 secs] [Times: user=0.02 sys=0.00, real=0.01 secs] 
221.108: Total time for which application threads were stopped: 0.0033800 seconds, Stopping threads took: 0.0000830 seconds
221.140: Application time: 0.0321960 seconds
221.140: [GC [PSYoungGen: 100592K->7888K(107520K)] 165286K->72630K(352256K), 0.0031810 secs] [Times: user=0.02 sys=0.00, real=0.00 secs] 
221.143: Total time for which application threads were stopped: 0.0033700 seconds, Stopping threads took: 0.0000940 seconds
221.172: Application time: 0.0291230 seconds
221.173: [GC [PSYoungGen: 100560K->7696K(107520K)] 165302K->72587K(352256K), 0.0030640 secs] [Times: user=0.03 sys=0.00, real=0.01 secs] 
221.176: Total time for which application threads were stopped: 0.0032390 seconds, Stopping threads took: 0.0000780 seconds
221.202: Application time: 0.0263570 seconds
221.202: [GC [PSYoungGen: 100368K->7472K(107520K)] 165259K->72487K(352256K), 0.0029960 secs] [Times: user=0.01 sys=0.00, real=0.00 secs] 
221.205: Total time for which application threads were stopped: 0.0031860 seconds, Stopping threads took: 0.0000910 seconds
221.227: Application time: 0.0220870 seconds
221.227: [GC [PSYoungGen: 100144K->7744K(107520K)] 165159K->72759K(352256K), 0.0029130 secs] [Times: user=0.02 sys=0.00, real=0.00 secs] 
221.230: Total time for which application threads were stopped: 0.0031080 seconds, Stopping threads took: 0.0000900 seconds
221.259: Application time: 0.0281690 seconds
221.259: [GC [PSYoungGen: 100401K->12336K(107520K)] 165416K->77351K(352256K), 0.0047090 secs] [Times: user=0.04 sys=0.00, real=0.00 secs] 
221.264: Total time for which application threads were stopped: 0.0048860 seconds, Stopping threads took: 0.0000730 seconds
221.302: Application time: 0.0385170 seconds
221.302: [GC [PSYoungGen: 105008K->8064K(107520K)] 170023K->73087K(352256K), 0.0031170 secs] [Times: user=0.03 sys=0.00, real=0.00 secs] 
221.305: Total time for which application threads were stopped: 0.0033120 seconds, Stopping threads took: 0.0000960 seconds
221.340: Application time: 0.0351360 seconds
221.341: [GC [PSYoungGen: 100736K->7744K(107520K)] 165759K->72767K(352256K), 0.0031390 secs] [Times: user=0.03 sys=0.00, real=0.00 secs] 
221.344: Total time for which application threads were stopped: 0.0033430 seconds, Stopping threads took: 0.0001060 seconds
221.381: Application time: 0.0369560 seconds
221.381: [GC [PSYoungGen: 100416K->7792K(107520K)] 165439K->72815K(352256K), 0.0031040 secs] [Times: user=0.02 sys=0.00, real=0.00 secs] 
221.384: Total time for which application threads were stopped: 0.0032930 seconds, Stopping threads took: 0.0000930 seconds
221.414: Application time: 0.0301520 seconds
221.414: [GC [PSYoungGen: 100464K->8000K(107520K)] 165487K->73023K(352256K), 0.0031360 secs] [Times: user=0.02 sys=0.00, real=0.00 secs] 
221.418: Total time for which application threads were stopped: 0.0033130 seconds, Stopping threads took: 0.0000630 seconds
221.445: Application time: 0.0277330 seconds
221.445: [GC [PSYoungGen: 100672K->7872K(107520K)] 165695K->72895K(352256K), 0.0031320 secs] [Times: user=0.02 sys=0.00, real=0.01 secs] 
221.449: Total time for which application threads were stopped: 0.0033080 seconds, Stopping threads took: 0.0000820 seconds
221.470: Application time: 0.0215150 seconds
221.470: [GC [PSYoungGen: 100544K->7872K(107520K)] 165567K->72895K(352256K), 0.0031080 secs] [Times: user=0.03 sys=0.00, real=0.00 secs] 
221.473: Total time for which application threads were stopped: 0.0033160 seconds, Stopping threads took: 0.0001160 seconds
221.496: Application time: 0.0230240 seconds
221.497: [GC [PSYoungGen: 100544K->10960K(107520K)] 165567K->75983K(352256K), 0.0041940 secs] [Times: user=0.03 sys=0.00, real=0.00 secs] 
221.501: Total time for which application threads were stopped: 0.0043720 seconds, Stopping threads took: 0.0000830 seconds
221.539: Application time: 0.0382060 seconds
221.539: [GC [PSYoungGen: 103632K->13456K(107520K)] 168655K->78479K(352256K), 0.0053800 secs] [Times: user=0.03 sys=0.00, real=0.00 secs] 
221.545: Total time for which application threads were stopped: 0.0055700 seconds, Stopping threads took: 0.0001000 seconds
221.579: Application time: 0.0347940 seconds
221.580: [GC [PSYoungGen: 106128K->7936K(107520K)] 171151K->72959K(352256K), 0.0031470 secs] [Times: user=0.02 sys=0.00, real=0.00 secs] 
221.583: Total time for which application threads were stopped: 0.0033300 seconds, Stopping threads took: 0.0000910 seconds
221.623: Application time: 0.0406070 seconds
221.624: [GC [PSYoungGen: 100608K->7904K(107520K)] 165631K->72927K(352256K), 0.0031290 secs] [Times: user=0.02 sys=0.00, real=0.01 secs] 
221.627: Total time for which application threads were stopped: 0.0033070 seconds, Stopping threads took: 0.0000890 seconds
221.656: Application time: 0.0296300 seconds
221.656: [GC [PSYoungGen: 100576K->7776K(107520K)] 165599K->72799K(352256K), 0.0031900 secs] [Times: user=0.02 sys=0.00, real=0.00 secs] 
221.660: Total time for which application threads were stopped: 0.0033590 seconds, Stopping threads took: 0.0000770 seconds
221.690: Application time: 0.0299990 seconds
221.690: [GC [PSYoungGen: 100448K->7984K(107520K)] 165471K->73007K(352256K), 0.0031690 secs] [Times: user=0.02 sys=0.00, real=0.00 secs] 
221.693: Total time for which application threads were stopped: 0.0033730 seconds, Stopping threads took: 0.0001060 seconds
221.716: Application time: 0.0233170 seconds
221.717: [GC [PSYoungGen: 100656K->7744K(107520K)] 165679K->72767K(352256K), 0.0030260 secs] [Times: user=0.02 sys=0.00, real=0.00 secs] 
221.720: Total time for which application threads were stopped: 0.0032360 seconds, Stopping threads took: 0.0001140 seconds
221.743: Application time: 0.0238560 seconds
221.744: [GC [PSYoungGen: 100416K->8048K(107520K)] 165439K->73071K(352256K), 0.0031180 secs] [Times: user=0.02 sys=0.00, real=0.01 secs] 
221.747: Total time for which application threads were stopped: 0.0033060 seconds, Stopping threads took: 0.0000940 seconds
221.779: Application time: 0.0323570 seconds
221.779: [GC [PSYoungGen: 100720K->10320K(107520K)] 165743K->75343K(352256K), 0.0038790 secs] [Times: user=0.03 sys=0.00, real=0.00 secs] 
221.783: Total time for which application threads were stopped: 0.0040520 seconds, Stopping threads took: 0.0000750 seconds
221.819: Application time: 0.0361980 seconds
221.820: [GC [PSYoungGen: 102992K->8240K(107520K)] 168015K->73263K(352256K), 0.0032100 secs] [Times: user=0.03 sys=0.00, real=0.00 secs] 
221.823: Total time for which application threads were stopped: 0.0033860 seconds, Stopping threads took: 0.0000820 seconds
221.861: Application time: 0.0383720 seconds
221.861: [GC [PSYoungGen: 100912K->7792K(107520K)] 165935K->72815K(352256K), 0.0031170 secs] [Times: user=0.02 sys=0.00, real=0.00 secs] 
221.864: Total time for which application threads were stopped: 0.0032990 seconds, Stopping threads took: 0.0000890 seconds
221.898: Application time: 0.0336000 seconds
221.898: [GC [PSYoungGen: 100464K->7856K(107520K)] 165487K->72935K(352256K), 0.0031670 secs] [Times: user=0.02 sys=0.00, real=0.00 secs] 
221.901: Total time for which application threads were stopped: 0.0033460 seconds, Stopping threads took: 0.0000910 seconds
221.932: Application time: 0.0304240 seconds
221.932: [GC [PSYoungGen: 100528K->7616K(107520K)] 165607K->72851K(352256K), 0.0030670 secs] [Times: user=0.02 sys=0.00, real=0.01 secs] 
221.935: Total time for which application threads were stopped: 0.0032580 seconds, Stopping threads took: 0.0000790 seconds
221.961: Application time: 0.0263110 seconds
221.962: [GC [PSYoungGen: 100288K->7696K(107520K)] 165523K->73051K(352256K), 0.0031260 secs] [Times: user=0.02 sys=0.00, real=0.00 secs] 
221.965: Total time for which application threads were stopped: 0.0033050 seconds, Stopping threads took: 0.0000870 seconds
221.986: Application time: 0.0211700 seconds
221.986: [GC [PSYoungGen: 100368K->7856K(107520K)] 165723K->73211K(352256K), 0.0029550 secs] [Times: user=0.02 sys=0.00, real=0.00 secs] 
221.989: Total time for which application threads were stopped: 0.0031240 seconds, Stopping threads took: 0.0000680 seconds
222.015: Application time: 0.0260920 seconds
222.015: [GC [PSYoungGen: 100528K->13328K(107520K)] 165883K->78683K(352256K), 0.0049450 secs] [Times: user=0.03 sys=0.00, real=0.00 secs] 
222.020: Total time for which application threads were stopped: 0.0051190 seconds, Stopping threads took: 0.0000720 seconds
222.059: Application time: 0.0383250 seconds
222.062: [GC [PSYoungGen: 106000K->10144K(107520K)] 171355K->75499K(352256K), 0.0037240 secs] [Times: user=0.03 sys=0.00, real=0.00 secs] 
222.066: Total time for which application threads were stopped: 0.0072020 seconds, Stopping threads took: 0.0033760 seconds
222.102: Application time: 0.0358640 seconds
222.102: [GC [PSYoungGen: 102816K->7520K(107520K)] 168171K->72875K(352256K), 0.0029190 secs] [Times: user=0.02 sys=0.00, real=0.00 secs] 
222.105: Total time for which application threads were stopped: 0.0031430 seconds, Stopping threads took: 0.0001220 seconds
222.144: Application time: 0.0395610 seconds
222.144: [GC [PSYoungGen: 100192K->7664K(107520K)] 165547K->73027K(352256K), 0.0029400 secs] [Times: user=0.02 sys=0.00, real=0.01 secs] 
222.147: Total time for which application threads were stopped: 0.0031060 seconds, Stopping threads took: 0.0000640 seconds
222.175: Application time: 0.0278690 seconds
222.175: [GC [PSYoungGen: 100336K->7744K(107520K)] 165699K->73107K(352256K), 0.0029660 secs] [Times: user=0.02 sys=0.00, real=0.00 secs] 
222.178: Total time for which application threads were stopped: 0.0031560 seconds, Stopping threads took: 0.0000880 seconds
222.209: Application time: 0.0305680 seconds
222.210: [GC [PSYoungGen: 100416K->7872K(107520K)] 165779K->73235K(352256K), 0.0030540 secs] [Times: user=0.02 sys=0.00, real=0.00 secs] 
222.213: Total time for which application threads were stopped: 0.0040660 seconds, Stopping threads took: 0.0009130 seconds
222.234: Application time: 0.0213630 seconds
222.235: [GC [PSYoungGen: 100544K->7888K(107520K)] 165907K->73251K(352256K), 0.0031300 secs] [Times: user=0.02 sys=0.00, real=0.00 secs] 
222.238: Total time for which application threads were stopped: 0.0033140 seconds, Stopping threads took: 0.0000860 seconds
222.261: Application time: 0.0228140 seconds
222.261: [GC [PSYoungGen: 100560K->7856K(107520K)] 165923K->73219K(352256K), 0.0029870 secs] [Times: user=0.02 sys=0.00, real=0.00 secs] 
222.264: Total time for which application threads were stopped: 0.0031670 seconds, Stopping threads took: 0.0000800 seconds
222.301: Application time: 0.0371470 seconds
222.301: [GC [PSYoungGen: 100528K->10672K(107520K)] 165891K->76035K(352256K), 0.0038840 secs] [Times: user=0.02 sys=0.00, real=0.00 secs] 
222.305: Total time for which application threads were stopped: 0.0040620 seconds, Stopping threads took: 0.0000760 seconds
222.338: Application time: 0.0328650 seconds
222.338: [GC [PSYoungGen: 103344K->7872K(107520K)] 168707K->73235K(352256K), 0.0030910 secs] [Times: user=0.02 sys=0.00, real=0.00 secs] 
222.341: Total time for which application threads were stopped: 0.0033260 seconds, Stopping threads took: 0.0001320 seconds
222.382: Application time: 0.0409380 seconds
222.382: [GC [PSYoungGen: 100544K->7872K(107520K)] 165907K->73235K(352256K), 0.0030520 secs] [Times: user=0.02 sys=0.00, real=0.00 secs] 
222.385: Total time for which application threads were stopped: 0.0032440 seconds, Stopping threads took: 0.0000860 seconds
222.416: Application time: 0.0305180 seconds
222.416: [GC [PSYoungGen: 100544K->7728K(107520K)] 165907K->73091K(352256K), 0.0030290 secs] [Times: user=0.02 sys=0.00, real=0.00 secs] 
222.419: Total time for which application threads were stopped: 0.0032260 seconds, Stopping threads took: 0.0000930 seconds
222.449: Application time: 0.0300980 seconds
222.449: [GC [PSYoungGen: 100400K->7872K(107520K)] 165763K->73235K(352256K), 0.0032110 secs] [Times: user=0.02 sys=0.00, real=0.00 secs] 
222.453: Total time for which application threads were stopped: 0.0034560 seconds, Stopping threads took: 0.0001320 seconds
222.478: Application time: 0.0251050 seconds
222.478: [GC [PSYoungGen: 100544K->8048K(107520K)] 165907K->73411K(352256K), 0.0031150 secs] [Times: user=0.02 sys=0.00, real=0.00 secs] 
222.481: Total time for which application threads were stopped: 0.0032950 seconds, Stopping threads took: 0.0000660 seconds
222.502: Application time: 0.0205900 seconds
222.502: [GC [PSYoungGen: 100720K->7888K(107520K)] 166083K->73251K(352256K), 0.0030470 secs] [Times: user=0.02 sys=0.01, real=0.00 secs] 
222.505: Total time for which application threads were stopped: 0.0032400 seconds, Stopping threads took: 0.0000800 seconds
222.535: Application time: 0.0304290 seconds
222.535: [GC [PSYoungGen: 100560K->14768K(107520K)] 165923K->80131K(352256K), 0.0055500 secs] [Times: user=0.04 sys=0.00, real=0.00 secs] 
222.541: Total time for which application threads were stopped: 0.0057160 seconds, Stopping threads took: 0.0000630 seconds
222.578: Application time: 0.0369800 seconds
222.578: [GC [PSYoungGen: 107440K->8416K(107520K)] 172803K->73779K(352256K), 0.0031740 secs] [Times: user=0.02 sys=0.00, real=0.00 secs] 
222.581: Total time for which application threads were stopped: 0.0033420 seconds, Stopping threads took: 0.0000670 seconds
222.619: Application time: 0.0374460 seconds
222.619: [GC [PSYoungGen: 101088K->7760K(107520K)] 166451K->73123K(352256K), 0.0030570 secs] [Times: user=0.02 sys=0.00, real=0.00 secs] 
222.622: Total time for which application threads were stopped: 0.0032590 seconds, Stopping threads took: 0.0001100 seconds
222.659: Application time: 0.0366730 seconds
222.659: [GC [PSYoungGen: 100432K->7984K(107520K)] 165795K->73347K(352256K), 0.0031630 secs] [Times: user=0.02 sys=0.00, real=0.00 secs] 
222.662: Total time for which application threads were stopped: 0.0033560 seconds, Stopping threads took: 0.0000980 seconds
222.690: Application time: 0.0283290 seconds
222.694: [GC [PSYoungGen: 100656K->7712K(107520K)] 166019K->73291K(352256K), 0.0031720 secs] [Times: user=0.02 sys=0.00, real=0.00 secs] 
222.697: Total time for which application threads were stopped: 0.0067280 seconds, Stopping threads took: 0.0034630 seconds
222.727: Application time: 0.0297640 seconds
222.727: [GC [PSYoungGen: 100384K->7632K(107520K)] 165963K->73283K(352256K), 0.0029640 secs] [Times: user=0.02 sys=0.00, real=0.00 secs] 
222.730: Total time for which application threads were stopped: 0.0031510 seconds, Stopping threads took: 0.0000870 seconds
222.750: Application time: 0.0194890 seconds
222.750: [GC [PSYoungGen: 100304K->7728K(107520K)] 165955K->73379K(352256K), 0.0029450 secs] [Times: user=0.02 sys=0.00, real=0.00 secs] 
222.753: Total time for which application threads were stopped: 0.0031180 seconds, Stopping threads took: 0.0000750 seconds
222.777: Application time: 0.0237870 seconds
222.777: [GC [PSYoungGen: 100400K->9632K(107520K)] 166051K->75283K(352256K), 0.0035740 secs] [Times: user=0.02 sys=0.00, real=0.00 secs] 
222.780: Total time for which application threads were stopped: 0.0037860 seconds, Stopping threads took: 0.0001120 seconds
222.820: Application time: 0.0401850 seconds
222.821: [GC [PSYoungGen: 102304K->9984K(107520K)] 167955K->75635K(352256K), 0.0038450 secs] [Times: user=0.03 sys=0.00, real=0.00 secs] 
222.825: Total time for which application threads were stopped: 0.0040630 seconds, Stopping threads took: 0.0001110 seconds
222.858: Application time: 0.0333630 seconds
222.858: [GC [PSYoungGen: 102656K->7536K(107520K)] 168307K->73203K(352256K), 0.0030040 secs] [Times: user=0.02 sys=0.00, real=0.00 secs] 
222.861: Total time for which application threads were stopped: 0.0031870 seconds, Stopping threads took: 0.0000940 seconds
222.903: Application time: 0.0414770 seconds
222.906: [GC [PSYoungGen: 100208K->7376K(107520K)] 165875K->73043K(352256K), 0.0029430 secs] [Times: user=0.02 sys=0.00, real=0.00 secs] 
222.909: Total time for which application threads were stopped: 0.0063850 seconds, Stopping threads took: 0.0033460 seconds
222.937: Application time: 0.0275450 seconds
222.937: [GC [PSYoungGen: 100048K->7808K(107520K)] 165715K->73475K(352256K), 0.0031490 secs] [Times: user=0.01 sys=0.00, real=0.00 secs] 
222.940: Total time for which application threads were stopped: 0.0033280 seconds, Stopping threads took: 0.0000830 seconds
222.971: Application time: 0.0315500 seconds
222.972: [GC [PSYoungGen: 100480K->7936K(107520K)] 166147K->73603K(352256K), 0.0031410 secs] [Times: user=0.02 sys=0.00, real=0.01 secs] 
222.975: Total time for which application threads were stopped: 0.0033590 seconds, Stopping threads took: 0.0000970 seconds
222.997: Application time: 0.0225350 seconds
222.997: [GC [PSYoungGen: 100608K->8016K(107520K)] 166275K->73683K(352256K), 0.0031340 secs] [Times: user=0.02 sys=0.00, real=0.00 secs] 
223.001: Total time for which application threads were stopped: 0.0033370 seconds, Stopping threads took: 0.0001060 seconds
223.023: Application time: 0.0219310 seconds
223.023: [GC [PSYoungGen: 100688K->9120K(107520K)] 166355K->74787K(352256K), 0.0035620 secs] [Times: user=0.02 sys=0.00, real=0.01 secs] 
223.026: Total time for which application threads were stopped: 0.0037170 seconds, Stopping threads took: 0.0000510 seconds
223.062: Application time: 0.0356130 seconds
223.062: [GC [PSYoungGen: 101792K->11072K(107520K)] 167459K->76739K(352256K), 0.0040090 secs] [Times: user=0.03 sys=0.00, real=0.01 secs] 
223.066: Total time for which application threads were stopped: 0.0041890 seconds, Stopping threads took: 0.0000780 seconds
223.100: Application time: 0.0337100 seconds
223.102: [GC [PSYoungGen: 103744K->7808K(107520K)] 169411K->73475K(352256K), 0.0030600 secs] [Times: user=0.02 sys=0.00, real=0.00 secs] 
223.105: Total time for which application threads were stopped: 0.0052790 seconds, Stopping threads took: 0.0021220 seconds
223.145: Application time: 0.0399160 seconds
223.145: [GC [PSYoungGen: 100480K->7760K(107520K)] 166147K->73427K(352256K), 0.0031300 secs] [Times: user=0.02 sys=0.00, real=0.01 secs] 
223.148: Total time for which application threads were stopped: 0.0033120 seconds, Stopping threads took: 0.0000800 seconds
223.181: Application time: 0.0331730 seconds
223.182: [GC [PSYoungGen: 100432K->7792K(107520K)] 166099K->73459K(352256K), 0.0030250 secs] [Times: user=0.02 sys=0.00, real=0.00 secs] 
223.185: Total time for which application threads were stopped: 0.0031950 seconds, Stopping threads took: 0.0000700 seconds
223.213: Application time: 0.0283940 seconds
223.213: [GC [PSYoungGen: 100464K->7808K(107520K)] 166131K->73475K(352256K), 0.0031460 secs] [Times: user=0.02 sys=0.00, real=0.01 secs] 
223.216: Total time for which application threads were stopped: 0.0033380 seconds, Stopping threads took: 0.0000950 seconds
223.244: Application time: 0.0273500 seconds
223.246: [GC [PSYoungGen: 100480K->7824K(107520K)] 166147K->73491K(352256K), 0.0031500 secs] [Times: user=0.01 sys=0.01, real=0.00 secs] 
223.249: Total time for which application threads were stopped: 0.0053960 seconds, Stopping threads took: 0.0021510 seconds
223.270: Application time: 0.0206550 seconds
223.270: [GC [PSYoungGen: 100496K->8032K(107520K)] 166163K->73699K(352256K), 0.0030650 secs] [Times: user=0.02 sys=0.00, real=0.00 secs] 
223.273: Total time for which application threads were stopped: 0.0032870 seconds, Stopping threads took: 0.0001230 seconds
223.301: Application time: 0.0281750 seconds
223.301: [GC [PSYoungGen: 100704K->13744K(107520K)] 166371K->79411K(352256K), 0.0051380 secs] [Times: user=0.04 sys=0.00, real=0.01 secs] 
223.307: Total time for which application threads were stopped: 0.0053270 seconds, Stopping threads took: 0.0000870 seconds
223.344: Application time: 0.0369300 seconds
223.344: [GC [PSYoungGen: 106416K->10576K(107520K)] 172083K->76243K(352256K), 0.0038020 secs] [Times: user=0.03 sys=0.00, real=0.01 secs] 
223.348: Total time for which application threads were stopped: 0.0040030 seconds, Stopping threads took: 0.0000990 seconds
223.384: Application time: 0.0363730 seconds
223.384: [GC [PSYoungGen: 103248K->7632K(107520K)] 168915K->73299K(352256K), 0.0030150 secs] [Times: user=0.02 sys=0.00, real=0.01 secs] 
223.387: Total time for which application threads were stopped: 0.0032050 seconds, Stopping threads took: 0.0000850 seconds
223.426: Application time: 0.0386070 seconds
223.426: [GC [PSYoungGen: 100304K->7968K(107520K)] 165971K->73635K(352256K), 0.0031360 secs] [Times: user=0.02 sys=0.00, real=0.00 secs] 
223.429: Total time for which application threads were stopped: 0.0033100 seconds, Stopping threads took: 0.0000700 seconds
223.458: Application time: 0.0287370 seconds
223.458: [GC [PSYoungGen: 100640K->7760K(107520K)] 166307K->73583K(352256K), 0.0031420 secs] [Times: user=0.02 sys=0.00, real=0.00 secs] 
223.461: Total time for which application threads were stopped: 0.0033160 seconds, Stopping threads took: 0.0000830 seconds
223.491: Application time: 0.0297390 seconds
223.491: [GC [PSYoungGen: 100432K->7760K(107520K)] 166255K->73740K(352256K), 0.0031770 secs] [Times: user=0.02 sys=0.00, real=0.01 secs] 
223.494: Total time for which application threads were stopped: 0.0033810 seconds, Stopping threads took: 0.0000900 seconds
223.515: Application time: 0.0202970 seconds
223.515: [GC [PSYoungGen: 100432K->7568K(107520K)] 166412K->73547K(352256K), 0.0030890 secs] [Times: user=0.02 sys=0.00, real=0.00 secs] 
223.518: Total time for which application threads were stopped: 0.0032620 seconds, Stopping threads took: 0.0000790 seconds
223.541: Application time: 0.0231470 seconds
223.541: [GC [PSYoungGen: 100240K->8176K(107520K)] 166219K->74155K(352256K), 0.0031500 secs] [Times: user=0.02 sys=0.00, real=0.00 secs] 
223.544: Total time for which application threads were stopped: 0.0033100 seconds, Stopping threads took: 0.0000720 seconds
223.582: Application time: 0.0378620 seconds
223.582: [GC [PSYoungGen: 100848K->10944K(107520K)] 166827K->76923K(352256K), 0.0040560 secs] [Times: user=0.02 sys=0.01, real=0.01 secs] 
223.586: Total time for which application threads were stopped: 0.0042510 seconds, Stopping threads took: 0.0000940 seconds
223.620: Application time: 0.0337640 seconds
223.622: [GC [PSYoungGen: 103616K->7616K(107520K)] 169595K->73595K(352256K), 0.0030300 secs] [Times: user=0.02 sys=0.00, real=0.00 secs] 
223.625: Total time for which application threads were stopped: 0.0048880 seconds, Stopping threads took: 0.0017620 seconds
223.666: Application time: 0.0409600 seconds
223.666: [GC [PSYoungGen: 100288K->7600K(107520K)] 166267K->73587K(352256K), 0.0030420 secs] [Times: user=0.02 sys=0.00, real=0.00 secs] 
223.669: Total time for which application threads were stopped: 0.0032150 seconds, Stopping threads took: 0.0000780 seconds
223.698: Application time: 0.0292100 seconds
223.699: [GC [PSYoungGen: 100272K->7776K(107520K)] 166259K->73764K(352256K), 0.0030840 secs] [Times: user=0.02 sys=0.00, real=0.00 secs] 
223.702: Total time for which application threads were stopped: 0.0032710 seconds, Stopping threads took: 0.0000990 seconds
223.732: Application time: 0.0305890 seconds
223.732: [GC [PSYoungGen: 100448K->7904K(107520K)] 166436K->73892K(352256K), 0.0031510 secs] [Times: user=0.02 sys=0.00, real=0.01 secs] 
223.736: Total time for which application threads were stopped: 0.0033430 seconds, Stopping threads took: 0.0000930 seconds
223.759: Application time: 0.0234680 seconds
223.759: [GC [PSYoungGen: 100576K->7936K(107520K)] 166564K->73924K(352256K), 0.0030180 secs] [Times: user=0.02 sys=0.00, real=0.00 secs] 
223.762: Total time for which application threads were stopped: 0.0032000 seconds, Stopping threads took: 0.0000840 seconds
223.784: Application time: 0.0214900 seconds
223.784: [GC [PSYoungGen: 100608K->8144K(107520K)] 166596K->74132K(352256K), 0.0031030 secs] [Times: user=0.03 sys=0.00, real=0.01 secs] 
223.787: Total time for which application threads were stopped: 0.0032760 seconds, Stopping threads took: 0.0000820 seconds
223.820: Application time: 0.0331450 seconds
223.820: [GC [PSYoungGen: 100816K->12752K(107520K)] 166804K->78740K(352256K), 0.0046050 secs] [Times: user=0.03 sys=0.00, real=0.00 secs] 
223.825: Total time for which application threads were stopped: 0.0048020 seconds, Stopping threads took: 0.0000960 seconds
223.860: Application time: 0.0351980 seconds
223.860: [GC [PSYoungGen: 105424K->8288K(107520K)] 171412K->74276K(352256K), 0.0030940 secs] [Times: user=0.02 sys=0.00, real=0.00 secs] 
223.864: Total time for which application threads were stopped: 0.0032660 seconds, Stopping threads took: 0.0000720 seconds
223.902: Application time: 0.0386650 seconds
223.902: [GC [PSYoungGen: 100960K->7792K(107520K)] 166948K->73779K(352256K), 0.0031350 secs] [Times: user=0.03 sys=0.00, real=0.00 secs] 
223.906: Total time for which application threads were stopped: 0.0033310 seconds, Stopping threads took: 0.0000870 seconds
223.940: Application time: 0.0342950 seconds
223.942: [GC [PSYoungGen: 100464K->8048K(107520K)] 166451K->74036K(352256K), 0.0031960 secs] [Times: user=0.02 sys=0.00, real=0.00 secs] 
223.945: Total time for which application threads were stopped: 0.0054050 seconds, Stopping threads took: 0.0021140 seconds
223.976: Application time: 0.0305480 seconds
223.976: [GC [PSYoungGen: 100720K->8096K(107520K)] 166708K->74084K(352256K), 0.0031510 secs] [Times: user=0.02 sys=0.00, real=0.00 secs] 
223.979: Total time for which application threads were stopped: 0.0033410 seconds, Stopping threads took: 0.0001020 seconds
224.005: Application time: 0.0262830 seconds
224.006: [GC [PSYoungGen: 100768K->7824K(107520K)] 166756K->73812K(352256K), 0.0030350 secs] [Times: user=0.02 sys=0.00, real=0.00 secs] 
224.009: Total time for which application threads were stopped: 0.0037090 seconds, Stopping threads took: 0.0005540 seconds
224.030: Application time: 0.0212780 seconds
224.031: [GC [PSYoungGen: 100496K->7920K(107520K)] 166484K->73908K(352256K), 0.0031210 secs] [Times: user=0.02 sys=0.00, real=0.00 secs] 
224.034: Total time for which application threads were stopped: 0.0033190 seconds, Stopping threads took: 0.0000970 seconds
224.060: Application time: 0.0262910 seconds
224.060: [GC [PSYoungGen: 100592K->12400K(107520K)] 166580K->78388K(352256K), 0.0044680 secs] [Times: user=0.03 sys=0.00, real=0.00 secs] 
224.065: Total time for which application threads were stopped: 0.0046400 seconds, Stopping threads took: 0.0000720 seconds
224.101: Application time: 0.0364210 seconds
224.101: [GC [PSYoungGen: 105072K->11392K(107520K)] 171060K->77380K(352256K), 0.0043200 secs] [Times: user=0.03 sys=0.00, real=0.00 secs] 
224.106: Total time for which application threads were stopped: 0.0044820 seconds, Stopping threads took: 0.0000550 seconds
224.142: Application time: 0.0361290 seconds
224.142: [GC [PSYoungGen: 104064K->7712K(107520K)] 170052K->73700K(352256K), 0.0029990 secs] [Times: user=0.02 sys=0.00, real=0.00 secs] 
224.145: Total time for which application threads were stopped: 0.0031650 seconds, Stopping threads took: 0.0000610 seconds
224.184: Application time: 0.0389330 seconds
224.184: [GC [PSYoungGen: 100384K->7936K(107520K)] 166372K->73924K(352256K), 0.0030650 secs] [Times: user=0.02 sys=0.00, real=0.01 secs] 
224.187: Total time for which application threads were stopped: 0.0032680 seconds, Stopping threads took: 0.0001010 seconds
224.216: Application time: 0.0288730 seconds
224.216: [GC [PSYoungGen: 100608K->7888K(107520K)] 166596K->74028K(352256K), 0.0030840 secs] [Times: user=0.02 sys=0.00, real=0.00 secs] 
224.219: Total time for which application threads were stopped: 0.0032600 seconds, Stopping threads took: 0.0000750 seconds
224.249: Application time: 0.0301490 seconds
224.254: [GC [PSYoungGen: 100560K->7600K(107520K)] 166700K->73876K(352256K), 0.0030150 secs] [Times: user=0.02 sys=0.00, real=0.00 secs] 
224.257: Total time for which application threads were stopped: 0.0077040 seconds, Stopping threads took: 0.0045860 seconds
224.278: Application time: 0.0214040 seconds
224.279: [GC [PSYoungGen: 100272K->7648K(107520K)] 166548K->73924K(352256K), 0.0030230 secs] [Times: user=0.02 sys=0.00, real=0.00 secs] 
224.282: Total time for which application threads were stopped: 0.0032170 seconds, Stopping threads took: 0.0000930 seconds
224.306: Application time: 0.0238680 seconds
224.306: [GC [PSYoungGen: 100320K->8960K(107520K)] 166596K->75236K(352256K), 0.0034770 secs] [Times: user=0.02 sys=0.00, real=0.01 secs] 
224.309: Total time for which application threads were stopped: 0.0036320 seconds, Stopping threads took: 0.0000610 seconds
224.345: Application time: 0.0358790 seconds
224.345: [GC [PSYoungGen: 101632K->10480K(107520K)] 167908K->76756K(352256K), 0.0039010 secs] [Times: user=0.02 sys=0.00, real=0.01 secs] 
224.349: Total time for which application threads were stopped: 0.0040900 seconds, Stopping threads took: 0.0001000 seconds
224.383: Application time: 0.0340250 seconds
224.383: [GC [PSYoungGen: 103152K->7904K(107520K)] 169428K->74188K(352256K), 0.0031310 secs] [Times: user=0.02 sys=0.00, real=0.01 secs] 
224.387: Total time for which application threads were stopped: 0.0033180 seconds, Stopping threads took: 0.0000920 seconds
224.426: Application time: 0.0398120 seconds
224.426: [GC [PSYoungGen: 100576K->7632K(107520K)] 166860K->73916K(352256K), 0.0030760 secs] [Times: user=0.02 sys=0.00, real=0.00 secs] 
224.430: Total time for which application threads were stopped: 0.0032640 seconds, Stopping threads took: 0.0000990 seconds
224.460: Application time: 0.0307920 seconds
224.461: [GC [PSYoungGen: 100304K->7760K(107520K)] 166588K->74044K(352256K), 0.0031440 secs] [Times: user=0.02 sys=0.00, real=0.00 secs] 
224.464: Total time for which application threads were stopped: 0.0033260 seconds, Stopping threads took: 0.0000890 seconds
224.494: Application time: 0.0305600 seconds
224.494: [GC [PSYoungGen: 100432K->7792K(107520K)] 166716K->74076K(352256K), 0.0031930 secs] [Times: user=0.02 sys=0.00, real=0.00 secs] 
224.498: Total time for which application threads were stopped: 0.0033820 seconds, Stopping threads took: 0.0000930 seconds
224.523: Application time: 0.0249640 seconds
224.523: [GC [PSYoungGen: 100464K->7888K(107520K)] 166748K->74172K(352256K), 0.0030770 secs] [Times: user=0.01 sys=0.01, real=0.01 secs] 
224.526: Total time for which application threads were stopped: 0.0032850 seconds, Stopping threads took: 0.0000810 seconds
224.547: Application time: 0.0209870 seconds
224.547: [GC [PSYoungGen: 100560K->8064K(107520K)] 166844K->74348K(352256K), 0.0031190 secs] [Times: user=0.03 sys=0.00, real=0.00 secs] 
224.550: Total time for which application threads were stopped: 0.0032960 seconds, Stopping threads took: 0.0000830 seconds
224.581: Application time: 0.0306020 seconds
224.581: [GC [PSYoungGen: 100736K->12416K(107520K)] 167020K->78700K(352256K), 0.0045440 secs] [Times: user=0.03 sys=0.00, real=0.00 secs] 
224.586: Total time for which application threads were stopped: 0.0047400 seconds, Stopping threads took: 0.0000950 seconds
224.621: Application time: 0.0357030 seconds
224.621: [GC [PSYoungGen: 105088K->10608K(107520K)] 171372K->76892K(352256K), 0.0041580 secs] [Times: user=0.03 sys=0.00, real=0.00 secs] 
224.626: Total time for which application threads were stopped: 0.0043450 seconds, Stopping threads took: 0.0000840 seconds
224.663: Application time: 0.0369310 seconds
224.663: [GC [PSYoungGen: 103280K->7872K(107520K)] 169564K->74156K(352256K), 0.0031570 secs] [Times: user=0.01 sys=0.00, real=0.01 secs] 
224.666: Total time for which application threads were stopped: 0.0033950 seconds, Stopping threads took: 0.0001460 seconds
224.702: Application time: 0.0364110 seconds
224.706: [GC [PSYoungGen: 100544K->7952K(107520K)] 166828K->74236K(352256K), 0.0033190 secs] [Times: user=0.02 sys=0.00, real=0.00 secs] 
224.709: Total time for which application threads were stopped: 0.0070160 seconds, Stopping threads took: 0.0035970 seconds
224.739: Application time: 0.0297540 seconds
224.739: [GC [PSYoungGen: 100624K->7776K(107520K)] 166908K->74060K(352256K), 0.0030900 secs] [Times: user=0.01 sys=0.00, real=0.00 secs] 
224.742: Total time for which application threads were stopped: 0.0032570 seconds, Stopping threads took: 0.0000640 seconds
224.770: Application time: 0.0280180 seconds
224.771: [GC [PSYoungGen: 100448K->7744K(107520K)] 166732K->74028K(352256K), 0.0030120 secs] [Times: user=0.02 sys=0.00, real=0.00 secs] 
224.774: Total time for which application threads were stopped: 0.0032010 seconds, Stopping threads took: 0.0000890 seconds
224.796: Application time: 0.0226960 seconds
224.796: [GC [PSYoungGen: 100416K->8240K(107520K)] 166700K->74524K(352256K), 0.0030670 secs] [Times: user=0.02 sys=0.00, real=0.00 secs] 
224.800: Total time for which application threads were stopped: 0.0032090 seconds, Stopping threads took: 0.0000390 seconds
224.824: Application time: 0.0249540 seconds
224.825: [GC [PSYoungGen: 100912K->11392K(107520K)] 167196K->77676K(352256K), 0.0045320 secs] [Times: user=0.03 sys=0.00, real=0.01 secs] 
224.829: Total time for which application threads were stopped: 0.0046890 seconds, Stopping threads took: 0.0000610 seconds
224.865: Application time: 0.0363360 seconds
224.866: [GC [PSYoungGen: 104064K->10384K(107520K)] 170348K->76668K(352256K), 0.0037940 secs] [Times: user=0.02 sys=0.00, real=0.01 secs] 
224.869: Total time for which application threads were stopped: 0.0039650 seconds, Stopping threads took: 0.0000660 seconds
224.905: Application time: 0.0357300 seconds
224.906: [GC [PSYoungGen: 103056K->7840K(107520K)] 169340K->74124K(352256K), 0.0032260 secs] [Times: user=0.01 sys=0.00, real=0.00 secs] 
224.909: Total time for which application threads were stopped: 0.0040620 seconds, Stopping threads took: 0.0007380 seconds
224.949: Application time: 0.0393240 seconds
224.949: [GC [PSYoungGen: 100512K->7824K(107520K)] 166796K->74108K(352256K), 0.0031180 secs] [Times: user=0.02 sys=0.00, real=0.00 secs] 
224.952: Total time for which application threads were stopped: 0.0033050 seconds, Stopping threads took: 0.0000970 seconds
224.982: Application time: 0.0299130 seconds
224.982: [GC [PSYoungGen: 100496K->8048K(107520K)] 166780K->74412K(352256K), 0.0032570 secs] [Times: user=0.02 sys=0.00, real=0.00 secs] 
224.985: Total time for which application threads were stopped: 0.0034390 seconds, Stopping threads took: 0.0000850 seconds
225.015: Application time: 0.0298760 seconds
225.015: [GC [PSYoungGen: 100720K->7728K(107520K)] 167084K->74272K(352256K), 0.0030030 secs] [Times: user=0.02 sys=0.00, real=0.00 secs] 
225.018: Total time for which application threads were stopped: 0.0031930 seconds, Stopping threads took: 0.0000870 seconds
225.041: Application time: 0.0226520 seconds
225.041: [GC [PSYoungGen: 100400K->7696K(107520K)] 166944K->74280K(352256K), 0.0030450 secs] [Times: user=0.02 sys=0.00, real=0.00 secs] 
225.044: Total time for which application threads were stopped: 0.0032540 seconds, Stopping threads took: 0.0000890 seconds
225.068: Application time: 0.0240560 seconds
225.068: [GC [PSYoungGen: 100368K->10048K(107520K)] 166952K->76632K(352256K), 0.0038220 secs] [Times: user=0.03 sys=0.00, real=0.00 secs] 
225.072: Total time for which application threads were stopped: 0.0040010 seconds, Stopping threads took: 0.0000770 seconds
225.104: Application time: 0.0316660 seconds
225.104: [GC [PSYoungGen: 102720K->11712K(107520K)] 169304K->78296K(352256K), 0.0044260 secs] [Times: user=0.03 sys=0.00, real=0.01 secs] 
225.109: Total time for which application threads were stopped: 0.0045860 seconds, Stopping threads took: 0.0000580 seconds
225.145: Application time: 0.0366290 seconds
225.145: [GC [PSYoungGen: 104384K->7888K(107520K)] 170968K->74488K(352256K), 0.0031330 secs] [Times: user=0.02 sys=0.00, real=0.01 secs] 
225.149: Total time for which application threads were stopped: 0.0033460 seconds, Stopping threads took: 0.0001200 seconds
225.187: Application time: 0.0381120 seconds
225.187: [GC [PSYoungGen: 100560K->7792K(107520K)] 167160K->74392K(352256K), 0.0031230 secs] [Times: user=0.02 sys=0.00, real=0.00 secs] 
225.190: Total time for which application threads were stopped: 0.0033180 seconds, Stopping threads took: 0.0000990 seconds
225.223: Application time: 0.0327950 seconds
225.223: [GC [PSYoungGen: 100464K->7776K(107520K)] 167064K->74376K(352256K), 0.0031920 secs] [Times: user=0.02 sys=0.00, real=0.01 secs] 
225.226: Total time for which application threads were stopped: 0.0033750 seconds, Stopping threads took: 0.0000900 seconds
225.257: Application time: 0.0309860 seconds
225.257: [GC [PSYoungGen: 100448K->7872K(107520K)] 167048K->74472K(352256K), 0.0032500 secs] [Times: user=0.02 sys=0.00, real=0.00 secs] 
225.261: Total time for which application threads were stopped: 0.0034480 seconds, Stopping threads took: 0.0001050 seconds
225.286: Application time: 0.0256450 seconds
225.290: [GC [PSYoungGen: 100544K->7952K(107520K)] 167144K->74552K(352256K), 0.0031740 secs] [Times: user=0.02 sys=0.00, real=0.00 secs] 
225.293: Total time for which application threads were stopped: 0.0069730 seconds, Stopping threads took: 0.0036980 seconds
225.315: Application time: 0.0220350 seconds
225.315: [GC [PSYoungGen: 100624K->7760K(107520K)] 167224K->74360K(352256K), 0.0030880 secs] [Times: user=0.03 sys=0.00, real=0.00 secs] 
225.319: Total time for which application threads were stopped: 0.0033530 seconds, Stopping threads took: 0.0001450 seconds
225.345: Application time: 0.0267080 seconds
225.345: [GC [PSYoungGen: 100432K->12416K(107520K)] 167032K->79016K(352256K), 0.0047060 secs] [Times: user=0.03 sys=0.00, real=0.01 secs] 
225.350: Total time for which application threads were stopped: 0.0048830 seconds, Stopping threads took: 0.0000760 seconds
225.387: Application time: 0.0373070 seconds
225.388: [GC [PSYoungGen: 105088K->11936K(107520K)] 171688K->78536K(352256K), 0.0046920 secs] [Times: user=0.03 sys=0.00, real=0.00 secs] 
225.392: Total time for which application threads were stopped: 0.0048610 seconds, Stopping threads took: 0.0000750 seconds
225.428: Application time: 0.0359240 seconds
225.428: [GC [PSYoungGen: 104608K->7824K(107520K)] 171208K->74424K(352256K), 0.0031320 secs] [Times: user=0.02 sys=0.00, real=0.00 secs] 
225.432: Total time for which application threads were stopped: 0.0033130 seconds, Stopping threads took: 0.0000920 seconds
225.469: Application time: 0.0377000 seconds
225.469: [GC [PSYoungGen: 100496K->7760K(107520K)] 167096K->74360K(352256K), 0.0031360 secs] [Times: user=0.02 sys=0.00, real=0.00 secs] 
225.473: Total time for which application threads were stopped: 0.0033370 seconds, Stopping threads took: 0.0001080 seconds
225.503: Application time: 0.0301970 seconds
225.503: [GC [PSYoungGen: 100432K->7888K(107520K)] 167032K->74488K(352256K), 0.0030710 secs] [Times: user=0.02 sys=0.00, real=0.01 secs] 
225.506: Total time for which application threads were stopped: 0.0032470 seconds, Stopping threads took: 0.0000900 seconds
225.534: Application time: 0.0283520 seconds
225.535: [GC [PSYoungGen: 100560K->7888K(107520K)] 167160K->74488K(352256K), 0.0030660 secs] [Times: user=0.02 sys=0.00, real=0.00 secs] 
225.538: Total time for which application threads were stopped: 0.0032350 seconds, Stopping threads took: 0.0000790 seconds
225.560: Application time: 0.0224280 seconds
225.560: [GC [PSYoungGen: 100560K->8144K(107520K)] 167160K->74744K(352256K), 0.0029970 secs] [Times: user=0.02 sys=0.00, real=0.00 secs] 
225.563: Total time for which application threads were stopped: 0.0031920 seconds, Stopping threads took: 0.0000790 seconds
225.587: Application time: 0.0233740 seconds
225.590: [GC [PSYoungGen: 100816K->11408K(107520K)] 167416K->78008K(352256K), 0.0044170 secs] [Times: user=0.04 sys=0.00, real=0.01 secs] 
225.594: Total time for which application threads were stopped: 0.0077680 seconds, Stopping threads took: 0.0032470 seconds
225.631: Application time: 0.0366240 seconds
225.631: [GC [PSYoungGen: 104080K->10912K(107520K)] 170680K->77512K(352256K), 0.0039170 secs] [Times: user=0.02 sys=0.00, real=0.01 secs] 
225.635: Total time for which application threads were stopped: 0.0040900 seconds, Stopping threads took: 0.0000730 seconds
225.669: Application time: 0.0342930 seconds
225.674: [GC [PSYoungGen: 103584K->7920K(107520K)] 170184K->74520K(352256K), 0.0031370 secs] [Times: user=0.02 sys=0.00, real=0.00 secs] 
225.677: Total time for which application threads were stopped: 0.0076870 seconds, Stopping threads took: 0.0044520 seconds
225.717: Application time: 0.0397550 seconds
225.717: [GC [PSYoungGen: 100592K->7840K(107520K)] 167192K->74440K(352256K), 0.0031690 secs] [Times: user=0.02 sys=0.00, real=0.00 secs] 
225.720: Total time for which application threads were stopped: 0.0033390 seconds, Stopping threads took: 0.0000740 seconds
225.751: Application time: 0.0305780 seconds
225.751: [GC [PSYoungGen: 100512K->7680K(107520K)] 167112K->74352K(352256K), 0.0031820 secs] [Times: user=0.02 sys=0.00, real=0.01 secs] 
225.754: Total time for which application threads were stopped: 0.0033690 seconds, Stopping threads took: 0.0000930 seconds
225.784: Application time: 0.0295450 seconds
225.784: [GC [PSYoungGen: 100352K->7600K(107520K)] 167024K->74428K(352256K), 0.0031490 secs] [Times: user=0.02 sys=0.00, real=0.01 secs] 
225.787: Total time for which application threads were stopped: 0.0033580 seconds, Stopping threads took: 0.0001120 seconds
225.812: Application time: 0.0249080 seconds
225.812: [GC [PSYoungGen: 100272K->7536K(107520K)] 167100K->74444K(352256K), 0.0030790 secs] [Times: user=0.02 sys=0.00, real=0.01 secs] 
225.815: Total time for which application threads were stopped: 0.0032560 seconds, Stopping threads took: 0.0000840 seconds
225.837: Application time: 0.0220110 seconds
225.837: [GC [PSYoungGen: 100207K->7504K(107520K)] 167116K->74412K(352256K), 0.0030000 secs] [Times: user=0.02 sys=0.00, real=0.00 secs] 
225.840: Total time for which application threads were stopped: 0.0031980 seconds, Stopping threads took: 0.0001040 seconds
225.872: Application time: 0.0314670 seconds
225.872: [GC [PSYoungGen: 100176K->11872K(107520K)] 167084K->78780K(352256K), 0.0045850 secs] [Times: user=0.03 sys=0.00, real=0.01 secs] 
225.877: Total time for which application threads were stopped: 0.0047620 seconds, Stopping threads took: 0.0000760 seconds
225.912: Application time: 0.0352260 seconds
225.912: [GC [PSYoungGen: 104544K->8144K(107520K)] 171452K->75052K(352256K), 0.0031080 secs] [Times: user=0.02 sys=0.00, real=0.01 secs] 
225.915: Total time for which application threads were stopped: 0.0033060 seconds, Stopping threads took: 0.0000980 seconds
225.953: Application time: 0.0376830 seconds
225.953: [GC [PSYoungGen: 100816K->7584K(107520K)] 167724K->74492K(352256K), 0.0031310 secs] [Times: user=0.02 sys=0.00, real=0.01 secs] 
225.956: Total time for which application threads were stopped: 0.0033390 seconds, Stopping threads took: 0.0001100 seconds
225.991: Application time: 0.0349810 seconds
225.991: [GC [PSYoungGen: 100256K->7728K(107520K)] 167164K->74636K(352256K), 0.0030400 secs] [Times: user=0.02 sys=0.00, real=0.01 secs] 
225.994: Total time for which application threads were stopped: 0.0032160 seconds, Stopping threads took: 0.0000770 seconds
226.025: Application time: 0.0309120 seconds
226.026: [GC [PSYoungGen: 100400K->7872K(107520K)] 167308K->74780K(352256K), 0.0030960 secs] [Times: user=0.02 sys=0.00, real=0.01 secs] 
226.029: Total time for which application threads were stopped: 0.0032980 seconds, Stopping threads took: 0.0000870 seconds
226.055: Application time: 0.0262100 seconds
226.055: [GC [PSYoungGen: 100544K->7792K(107520K)] 167452K->74700K(352256K), 0.0029880 secs] [Times: user=0.02 sys=0.00, real=0.00 secs] 
226.058: Total time for which application threads were stopped: 0.0031650 seconds, Stopping threads took: 0.0000800 seconds
226.079: Application time: 0.0214140 seconds
226.080: [GC [PSYoungGen: 100464K->8096K(107520K)] 167372K->75004K(352256K), 0.0031910 secs] [Times: user=0.02 sys=0.00, real=0.00 secs] 
226.083: Total time for which application threads were stopped: 0.0033750 seconds, Stopping threads took: 0.0000640 seconds
226.109: Application time: 0.0260360 seconds
226.109: [GC [PSYoungGen: 100768K->11392K(107520K)] 167676K->78300K(352256K), 0.0044050 secs] [Times: user=0.03 sys=0.00, real=0.00 secs] 
226.113: Total time for which application threads were stopped: 0.0045910 seconds, Stopping threads took: 0.0000850 seconds
226.150: Application time: 0.0365310 seconds
226.150: [GC [PSYoungGen: 104064K->11232K(107520K)] 170972K->78140K(352256K), 0.0041930 secs] [Times: user=0.03 sys=0.00, real=0.01 secs] 
226.154: Total time for which application threads were stopped: 0.0043660 seconds, Stopping threads took: 0.0000770 seconds
226.190: Application time: 0.0359000 seconds
226.190: [GC [PSYoungGen: 103904K->7728K(107520K)] 170812K->74636K(352256K), 0.0030710 secs] [Times: user=0.02 sys=0.00, real=0.00 secs] 
226.194: Total time for which application threads were stopped: 0.0032370 seconds, Stopping threads took: 0.0000730 seconds
226.233: Application time: 0.0395810 seconds
226.233: [GC [PSYoungGen: 100400K->7984K(107520K)] 167308K->74892K(352256K), 0.0032190 secs] [Times: user=0.02 sys=0.00, real=0.01 secs] 
226.237: Total time for which application threads were stopped: 0.0034030 seconds, Stopping threads took: 0.0000920 seconds
226.265: Application time: 0.0289350 seconds
226.270: [GC [PSYoungGen: 100656K->7744K(107520K)] 167564K->74652K(352256K), 0.0031830 secs] [Times: user=0.02 sys=0.00, real=0.00 secs] 
226.273: Total time for which application threads were stopped: 0.0072790 seconds, Stopping threads took: 0.0040100 seconds
226.304: Application time: 0.0311260 seconds
226.304: [GC [PSYoungGen: 100416K->7904K(107520K)] 167324K->74812K(352256K), 0.0031120 secs] [Times: user=0.02 sys=0.00, real=0.01 secs] 
226.307: Total time for which application threads were stopped: 0.0033010 seconds, Stopping threads took: 0.0000890 seconds
226.329: Application time: 0.0217890 seconds
226.329: [GC [PSYoungGen: 100576K->8080K(107520K)] 167484K->74988K(352256K), 0.0030840 secs] [Times: user=0.02 sys=0.00, real=0.00 secs] 
226.332: Total time for which application threads were stopped: 0.0032430 seconds, Stopping threads took: 0.0000570 seconds
226.355: Application time: 0.0227830 seconds
226.355: [GC [PSYoungGen: 100752K->7792K(107520K)] 167660K->74700K(352256K), 0.0030900 secs] [Times: user=0.01 sys=0.00, real=0.00 secs] 
226.358: Total time for which application threads were stopped: 0.0032900 seconds, Stopping threads took: 0.0000960 seconds
226.392: Application time: 0.0338160 seconds
226.392: [GC [PSYoungGen: 100464K->12864K(107520K)] 167372K->79772K(352256K), 0.0048440 secs] [Times: user=0.03 sys=0.00, real=0.01 secs] 
226.397: Total time for which application threads were stopped: 0.0050120 seconds, Stopping threads took: 0.0000660 seconds
226.434: Application time: 0.0369350 seconds
226.434: [GC [PSYoungGen: 105536K->7904K(107520K)] 172444K->74812K(352256K), 0.0031490 secs] [Times: user=0.02 sys=0.00, real=0.00 secs] 
226.437: Total time for which application threads were stopped: 0.0033220 seconds, Stopping threads took: 0.0000730 seconds
226.475: Application time: 0.0380080 seconds
226.476: [GC [PSYoungGen: 100576K->7840K(107520K)] 167484K->74748K(352256K), 0.0031840 secs] [Times: user=0.02 sys=0.00, real=0.00 secs] 
226.479: Total time for which application threads were stopped: 0.0033480 seconds, Stopping threads took: 0.0000750 seconds
226.512: Application time: 0.0333790 seconds
226.512: [GC [PSYoungGen: 100512K->7952K(107520K)] 167420K->74948K(352256K), 0.0032810 secs] [Times: user=0.02 sys=0.00, real=0.01 secs] 
226.516: Total time for which application threads were stopped: 0.0034560 seconds, Stopping threads took: 0.0000850 seconds
226.545: Application time: 0.0292700 seconds
226.545: [GC [PSYoungGen: 100624K->7680K(107520K)] 167620K->74833K(352256K), 0.0030030 secs] [Times: user=0.02 sys=0.00, real=0.01 secs] 
226.548: Total time for which application threads were stopped: 0.0031960 seconds, Stopping threads took: 0.0000940 seconds
226.574: Application time: 0.0255480 seconds
226.574: [GC [PSYoungGen: 100352K->7552K(107520K)] 167505K->74785K(352256K), 0.0029890 secs] [Times: user=0.02 sys=0.00, real=0.01 secs] 
226.577: Total time for which application threads were stopped: 0.0031690 seconds, Stopping threads took: 0.0000780 seconds
226.599: Application time: 0.0225600 seconds
226.599: [GC [PSYoungGen: 100224K->9328K(107520K)] 167457K->76561K(352256K), 0.0036920 secs] [Times: user=0.03 sys=0.00, real=0.00 secs] 
226.603: Total time for which application threads were stopped: 0.0038890 seconds, Stopping threads took: 0.0000730 seconds
226.631: Application time: 0.0275550 seconds
226.631: [GC [PSYoungGen: 102000K->11472K(107520K)] 169233K->78705K(352256K), 0.0043520 secs] [Times: user=0.03 sys=0.00, real=0.01 secs] 
226.635: Total time for which application threads were stopped: 0.0045330 seconds, Stopping threads took: 0.0000800 seconds
226.672: Application time: 0.0369370 seconds
226.674: [GC [PSYoungGen: 104144K->11088K(107520K)] 171377K->78321K(352256K), 0.0043190 secs] [Times: user=0.02 sys=0.01, real=0.00 secs] 
226.678: Total time for which application threads were stopped: 0.0061060 seconds, Stopping threads took: 0.0016760 seconds
226.715: Application time: 0.0366640 seconds
226.715: [GC [PSYoungGen: 103760K->7536K(107520K)] 170993K->74785K(352256K), 0.0029730 secs] [Times: user=0.02 sys=0.00, real=0.00 secs] 
226.718: Total time for which application threads were stopped: 0.0031820 seconds, Stopping threads took: 0.0001150 seconds
226.755: Application time: 0.0371680 seconds
226.756: [GC [PSYoungGen: 100208K->7680K(107520K)] 167457K->74929K(352256K), 0.0030990 secs] [Times: user=0.02 sys=0.00, real=0.00 secs] 
226.759: Total time for which application threads were stopped: 0.0032870 seconds, Stopping threads took: 0.0000980 seconds
226.788: Application time: 0.0291770 seconds
226.788: [GC [PSYoungGen: 100352K->7920K(107520K)] 167601K->75169K(352256K), 0.0030670 secs] [Times: user=0.01 sys=0.00, real=0.00 secs] 
226.791: Total time for which application threads were stopped: 0.0032440 seconds, Stopping threads took: 0.0000710 seconds
226.819: Application time: 0.0277150 seconds
226.819: [GC [PSYoungGen: 100592K->8000K(107520K)] 167841K->75249K(352256K), 0.0031370 secs] [Times: user=0.02 sys=0.00, real=0.00 secs] 
226.822: Total time for which application threads were stopped: 0.0033460 seconds, Stopping threads took: 0.0001080 seconds
226.846: Application time: 0.0240210 seconds
226.846: [GC [PSYoungGen: 100672K->8672K(107520K)] 167921K->75921K(352256K), 0.0032390 secs] [Times: user=0.02 sys=0.00, real=0.00 secs] 
226.850: Total time for which application threads were stopped: 0.0034260 seconds, Stopping threads took: 0.0000840 seconds
226.873: Application time: 0.0235680 seconds
226.873: [GC [PSYoungGen: 101344K->9712K(107520K)] 168593K->76961K(352256K), 0.0037110 secs] [Times: user=0.03 sys=0.00, real=0.01 secs] 
226.877: Total time for which application threads were stopped: 0.0039110 seconds, Stopping threads took: 0.0000980 seconds
226.912: Application time: 0.0354000 seconds
226.913: [GC [PSYoungGen: 102384K->10544K(107520K)] 169633K->77793K(352256K), 0.0039040 secs] [Times: user=0.03 sys=0.00, real=0.01 secs] 
226.917: Total time for which application threads were stopped: 0.0040590 seconds, Stopping threads took: 0.0000640 seconds
226.952: Application time: 0.0351640 seconds
226.952: [GC [PSYoungGen: 103216K->7952K(107520K)] 170465K->75201K(352256K), 0.0030820 secs] [Times: user=0.02 sys=0.00, real=0.01 secs] 
226.955: Total time for which application threads were stopped: 0.0032570 seconds, Stopping threads took: 0.0000870 seconds
226.993: Application time: 0.0380800 seconds
226.993: [GC [PSYoungGen: 100624K->7760K(107520K)] 167873K->75009K(352256K), 0.0031180 secs] [Times: user=0.03 sys=0.00, real=0.01 secs] 
226.996: Total time for which application threads were stopped: 0.0033280 seconds, Stopping threads took: 0.0001160 seconds
227.030: Application time: 0.0331490 seconds
227.030: [GC [PSYoungGen: 100432K->7616K(107520K)] 167681K->74865K(352256K), 0.0030880 secs] [Times: user=0.02 sys=0.00, real=0.00 secs] 
227.033: Total time for which application threads were stopped: 0.0032820 seconds, Stopping threads took: 0.0000990 seconds
227.060: Application time: 0.0270810 seconds
227.060: [GC [PSYoungGen: 100288K->7824K(107520K)] 167537K->75073K(352256K), 0.0031300 secs] [Times: user=0.03 sys=0.00, real=0.00 secs] 
227.063: Total time for which application threads were stopped: 0.0033020 seconds, Stopping threads took: 0.0000780 seconds
227.090: Application time: 0.0263850 seconds
227.090: [GC [PSYoungGen: 100496K->8112K(107520K)] 167745K->75361K(352256K), 0.0031300 secs] [Times: user=0.02 sys=0.00, real=0.00 secs] 
227.093: Total time for which application threads were stopped: 0.0033000 seconds, Stopping threads took: 0.0000710 seconds
227.115: Application time: 0.0225250 seconds
227.116: [GC [PSYoungGen: 100784K->9648K(107520K)] 168033K->76897K(352256K), 0.0036970 secs] [Times: user=0.02 sys=0.00, real=0.00 secs] 
227.119: Total time for which application threads were stopped: 0.0039380 seconds, Stopping threads took: 0.0001150 seconds
227.149: Application time: 0.0292740 seconds
227.149: [GC [PSYoungGen: 102320K->12960K(107520K)] 169569K->80209K(352256K), 0.0048490 secs] [Times: user=0.03 sys=0.00, real=0.00 secs] 
227.154: Total time for which application threads were stopped: 0.0050250 seconds, Stopping threads took: 0.0000730 seconds
227.191: Application time: 0.0377450 seconds
227.192: [GC [PSYoungGen: 105632K->8160K(107520K)] 172881K->75409K(352256K), 0.0031410 secs] [Times: user=0.02 sys=0.00, real=0.01 secs] 
227.195: Total time for which application threads were stopped: 0.0033260 seconds, Stopping threads took: 0.0000910 seconds
227.232: Application time: 0.0371430 seconds
227.232: [GC [PSYoungGen: 100832K->7840K(107520K)] 168081K->75089K(352256K), 0.0031300 secs] [Times: user=0.03 sys=0.00, real=0.01 secs] 
227.235: Total time for which application threads were stopped: 0.0033220 seconds, Stopping threads took: 0.0000960 seconds
227.271: Application time: 0.0354730 seconds
227.271: [GC [PSYoungGen: 100512K->7952K(107520K)] 167761K->75257K(352256K), 0.0031660 secs] [Times: user=0.02 sys=0.00, real=0.01 secs] 
227.274: Total time for which application threads were stopped: 0.0033390 seconds, Stopping threads took: 0.0000770 seconds
227.302: Application time: 0.0279270 seconds
227.302: [GC [PSYoungGen: 100624K->7808K(107520K)] 167929K->75289K(352256K), 0.0032220 secs] [Times: user=0.02 sys=0.00, real=0.00 secs] 
227.305: Total time for which application threads were stopped: 0.0034400 seconds, Stopping threads took: 0.0001210 seconds
227.333: Application time: 0.0272570 seconds
227.333: [GC [PSYoungGen: 100480K->7648K(107520K)] 167961K->75217K(352256K), 0.0030130 secs] [Times: user=0.02 sys=0.00, real=0.01 secs] 
227.336: Total time for which application threads were stopped: 0.0032030 seconds, Stopping threads took: 0.0000950 seconds
227.359: Application time: 0.0232600 seconds
227.359: [GC [PSYoungGen: 100320K->9248K(107520K)] 167889K->76817K(352256K), 0.0037130 secs] [Times: user=0.02 sys=0.00, real=0.00 secs] 
227.363: Total time for which application threads were stopped: 0.0038940 seconds, Stopping threads took: 0.0000840 seconds
227.387: Application time: 0.0240100 seconds
227.387: [GC [PSYoungGen: 101920K->9712K(107520K)] 169489K->77281K(352256K), 0.0036680 secs] [Times: user=0.03 sys=0.00, real=0.00 secs] 
227.391: Total time for which application threads were stopped: 0.0038610 seconds, Stopping threads took: 0.0000910 seconds
227.431: Application time: 0.0399970 seconds
227.431: [GC [PSYoungGen: 102384K->10288K(107520K)] 169953K->77865K(352256K), 0.0039620 secs] [Times: user=0.03 sys=0.00, real=0.01 secs] 
227.435: Total time for which application threads were stopped: 0.0041390 seconds, Stopping threads took: 0.0000830 seconds
227.469: Application time: 0.0338350 seconds
227.469: [GC [PSYoungGen: 102960K->7568K(107520K)] 170537K->75145K(352256K), 0.0031270 secs] [Times: user=0.02 sys=0.00, real=0.00 secs] 
227.472: Total time for which application threads were stopped: 0.0032940 seconds, Stopping threads took: 0.0000770 seconds
227.511: Application time: 0.0385770 seconds
227.511: [GC [PSYoungGen: 100240K->7504K(107520K)] 167817K->75081K(352256K), 0.0030000 secs] [Times: user=0.02 sys=0.00, real=0.01 secs] 
227.514: Total time for which application threads were stopped: 0.0031710 seconds, Stopping threads took: 0.0000800 seconds
227.544: Application time: 0.0297450 seconds
227.544: [GC [PSYoungGen: 100176K->7776K(107520K)] 167753K->75353K(352256K), 0.0031130 secs] [Times: user=0.02 sys=0.00, real=0.01 secs] 
227.547: Total time for which application threads were stopped: 0.0032800 seconds, Stopping threads took: 0.0000730 seconds
227.575: Application time: 0.0282960 seconds
227.575: [GC [PSYoungGen: 100448K->8000K(107520K)] 168025K->75577K(352256K), 0.0032250 secs] [Times: user=0.02 sys=0.00, real=0.00 secs] 
227.579: Total time for which application threads were stopped: 0.0034010 seconds, Stopping threads took: 0.0000860 seconds
227.604: Application time: 0.0258000 seconds
227.605: [GC [PSYoungGen: 100672K->8416K(107520K)] 168249K->75993K(352256K), 0.0032240 secs] [Times: user=0.02 sys=0.00, real=0.01 secs] 
227.608: Total time for which application threads were stopped: 0.0033930 seconds, Stopping threads took: 0.0000700 seconds
227.629: Application time: 0.0214420 seconds
227.629: [GC [PSYoungGen: 101088K->9696K(107520K)] 168665K->77273K(352256K), 0.0037020 secs] [Times: user=0.03 sys=0.00, real=0.00 secs] 
227.633: Total time for which application threads were stopped: 0.0039040 seconds, Stopping threads took: 0.0000900 seconds
227.668: Application time: 0.0345470 seconds
227.668: [GC [PSYoungGen: 102368K->12944K(107520K)] 169945K->80521K(352256K), 0.0048240 secs] [Times: user=0.03 sys=0.00, real=0.00 secs] 
227.673: Total time for which application threads were stopped: 0.0050150 seconds, Stopping threads took: 0.0000830 seconds
227.708: Application time: 0.0348690 seconds
227.708: [GC [PSYoungGen: 105616K->7760K(107520K)] 173193K->75337K(352256K), 0.0029800 secs] [Times: user=0.02 sys=0.00, real=0.00 secs] 
227.711: Total time for which application threads were stopped: 0.0031720 seconds, Stopping threads took: 0.0000900 seconds
227.749: Application time: 0.0380880 seconds
227.750: [GC [PSYoungGen: 100432K->7856K(107520K)] 168009K->75433K(352256K), 0.0031530 secs] [Times: user=0.02 sys=0.00, real=0.00 secs] 
227.753: Total time for which application threads were stopped: 0.0042800 seconds, Stopping threads took: 0.0010320 seconds
227.789: Application time: 0.0357430 seconds
227.789: [GC [PSYoungGen: 100528K->7856K(107520K)] 168105K->75433K(352256K), 0.0030780 secs] [Times: user=0.02 sys=0.00, real=0.00 secs] 
227.792: Total time for which application threads were stopped: 0.0032680 seconds, Stopping threads took: 0.0000970 seconds
227.819: Application time: 0.0265360 seconds
227.819: [GC [PSYoungGen: 100528K->7904K(107520K)] 168105K->75481K(352256K), 0.0032040 secs] [Times: user=0.02 sys=0.00, real=0.00 secs] 
227.822: Total time for which application threads were stopped: 0.0033740 seconds, Stopping threads took: 0.0000710 seconds
227.849: Application time: 0.0272660 seconds
227.850: [GC [PSYoungGen: 100576K->7952K(107520K)] 168153K->75529K(352256K), 0.0031550 secs] [Times: user=0.02 sys=0.00, real=0.00 secs] 
227.853: Total time for which application threads were stopped: 0.0033490 seconds, Stopping threads took: 0.0000990 seconds
227.876: Application time: 0.0235390 seconds
227.876: [GC [PSYoungGen: 100624K->9808K(107520K)] 168201K->77385K(352256K), 0.0037740 secs] [Times: user=0.03 sys=0.00, real=0.00 secs] 
227.880: Total time for which application threads were stopped: 0.0039410 seconds, Stopping threads took: 0.0000690 seconds
227.907: Application time: 0.0267000 seconds
227.910: [GC [PSYoungGen: 102480K->10064K(107520K)] 170057K->77641K(352256K), 0.0038190 secs] [Times: user=0.03 sys=0.00, real=0.00 secs] 
227.914: Total time for which application threads were stopped: 0.0069140 seconds, Stopping threads took: 0.0030030 seconds
227.953: Application time: 0.0393940 seconds
227.953: [GC [PSYoungGen: 102736K->8368K(107520K)] 170313K->75945K(352256K), 0.0032640 secs] [Times: user=0.02 sys=0.00, real=0.01 secs] 
227.957: Total time for which application threads were stopped: 0.0034370 seconds, Stopping threads took: 0.0000830 seconds
227.992: Application time: 0.0351290 seconds
227.992: [GC [PSYoungGen: 101040K->7888K(107520K)] 168617K->75465K(352256K), 0.0031450 secs] [Times: user=0.02 sys=0.00, real=0.01 secs] 
227.995: Total time for which application threads were stopped: 0.0033420 seconds, Stopping threads took: 0.0001040 seconds
228.032: Application time: 0.0369600 seconds
228.032: [GC [PSYoungGen: 100560K->8080K(107520K)] 168137K->75713K(352256K), 0.0031470 secs] [Times: user=0.02 sys=0.00, real=0.01 secs] 
228.035: Total time for which application threads were stopped: 0.0033310 seconds, Stopping threads took: 0.0000850 seconds
228.065: Application time: 0.0291040 seconds
228.065: [GC [PSYoungGen: 100752K->8032K(107520K)] 168385K->75761K(352256K), 0.0032320 secs] [Times: user=0.02 sys=0.00, real=0.01 secs] 
228.068: Total time for which application threads were stopped: 0.0034210 seconds, Stopping threads took: 0.0000800 seconds
228.094: Application time: 0.0261470 seconds
228.094: [GC [PSYoungGen: 100704K->7760K(107520K)] 168433K->75669K(352256K), 0.0030960 secs] [Times: user=0.02 sys=0.00, real=0.00 secs] 
228.097: Total time for which application threads were stopped: 0.0032610 seconds, Stopping threads took: 0.0000640 seconds
228.122: Application time: 0.0241780 seconds
228.122: [GC [PSYoungGen: 100432K->8720K(107520K)] 168341K->76629K(352256K), 0.0032150 secs] [Times: user=0.02 sys=0.00, real=0.00 secs] 
228.125: Total time for which application threads were stopped: 0.0034200 seconds, Stopping threads took: 0.0001010 seconds
228.148: Application time: 0.0231990 seconds
228.148: [GC [PSYoungGen: 101392K->9968K(107520K)] 169301K->77877K(352256K), 0.0037000 secs] [Times: user=0.03 sys=0.00, real=0.00 secs] 
228.152: Total time for which application threads were stopped: 0.0039220 seconds, Stopping threads took: 0.0001050 seconds
228.189: Application time: 0.0371150 seconds
228.189: [GC [PSYoungGen: 102640K->13264K(107520K)] 170549K->81173K(352256K), 0.0051320 secs] [Times: user=0.04 sys=0.00, real=0.01 secs] 
228.195: Total time for which application threads were stopped: 0.0053180 seconds, Stopping threads took: 0.0000840 seconds
228.229: Application time: 0.0344280 seconds
228.229: [GC [PSYoungGen: 105936K->7728K(107520K)] 173845K->75637K(352256K), 0.0031110 secs] [Times: user=0.02 sys=0.00, real=0.00 secs] 
228.232: Total time for which application threads were stopped: 0.0033060 seconds, Stopping threads took: 0.0000960 seconds
228.271: Application time: 0.0384000 seconds
228.271: [GC [PSYoungGen: 100400K->7504K(107520K)] 168309K->75413K(352256K), 0.0031020 secs] [Times: user=0.01 sys=0.00, real=0.01 secs] 
228.274: Total time for which application threads were stopped: 0.0033110 seconds, Stopping threads took: 0.0001120 seconds
228.306: Application time: 0.0319420 seconds
228.306: [GC [PSYoungGen: 100176K->7776K(107520K)] 168085K->75685K(352256K), 0.0031250 secs] [Times: user=0.02 sys=0.00, real=0.00 secs] 
228.309: Total time for which application threads were stopped: 0.0033130 seconds, Stopping threads took: 0.0000990 seconds
228.336: Application time: 0.0265960 seconds
228.336: [GC [PSYoungGen: 100448K->7888K(107520K)] 168357K->75797K(352256K), 0.0031800 secs] [Times: user=0.02 sys=0.00, real=0.00 secs] 
228.339: Total time for which application threads were stopped: 0.0033670 seconds, Stopping threads took: 0.0000940 seconds
228.366: Application time: 0.0272520 seconds
228.367: [GC [PSYoungGen: 100560K->7696K(107520K)] 168469K->75605K(352256K), 0.0029480 secs] [Times: user=0.02 sys=0.00, real=0.00 secs] 
228.370: Total time for which application threads were stopped: 0.0031210 seconds, Stopping threads took: 0.0000730 seconds
228.392: Application time: 0.0219670 seconds
228.392: [GC [PSYoungGen: 100368K->11856K(107520K)] 168277K->79765K(352256K), 0.0044850 secs] [Times: user=0.04 sys=0.00, real=0.01 secs] 
228.396: Total time for which application threads were stopped: 0.0046720 seconds, Stopping threads took: 0.0000830 seconds
228.425: Application time: 0.0284400 seconds
228.425: [GC [PSYoungGen: 104528K->13360K(107520K)] 172437K->81269K(352256K), 0.0052080 secs] [Times: user=0.04 sys=0.00, real=0.01 secs] 
228.430: Total time for which application threads were stopped: 0.0053900 seconds, Stopping threads took: 0.0000800 seconds
228.470: Application time: 0.0394250 seconds
228.470: [GC [PSYoungGen: 106032K->8080K(107520K)] 173941K->75989K(352256K), 0.0032120 secs] [Times: user=0.02 sys=0.00, real=0.00 secs] 
228.473: Total time for which application threads were stopped: 0.0034010 seconds, Stopping threads took: 0.0001020 seconds
228.510: Application time: 0.0372720 seconds
228.510: [GC [PSYoungGen: 100752K->7696K(107520K)] 168661K->75605K(352256K), 0.0030830 secs] [Times: user=0.02 sys=0.00, real=0.00 secs] 
228.513: Total time for which application threads were stopped: 0.0032680 seconds, Stopping threads took: 0.0000960 seconds
228.549: Application time: 0.0350600 seconds
228.549: [GC [PSYoungGen: 100368K->7856K(107520K)] 168277K->75765K(352256K), 0.0032160 secs] [Times: user=0.02 sys=0.00, real=0.00 secs] 
228.552: Total time for which application threads were stopped: 0.0034050 seconds, Stopping threads took: 0.0000990 seconds
228.580: Application time: 0.0281380 seconds
228.580: [GC [PSYoungGen: 100528K->7776K(107520K)] 168437K->75685K(352256K), 0.0031810 secs] [Times: user=0.03 sys=0.00, real=0.00 secs] 
228.583: Total time for which application threads were stopped: 0.0033630 seconds, Stopping threads took: 0.0000900 seconds
228.610: Application time: 0.0264980 seconds
228.610: [GC [PSYoungGen: 100448K->8240K(107520K)] 168357K->76149K(352256K), 0.0033000 secs] [Times: user=0.02 sys=0.00, real=0.00 secs] 
228.613: Total time for which application threads were stopped: 0.0034480 seconds, Stopping threads took: 0.0000590 seconds
228.637: Application time: 0.0237430 seconds
228.637: [GC [PSYoungGen: 100912K->7872K(107520K)] 168821K->75781K(352256K), 0.0030270 secs] [Times: user=0.02 sys=0.00, real=0.00 secs] 
228.640: Total time for which application threads were stopped: 0.0032190 seconds, Stopping threads took: 0.0000980 seconds
228.667: Application time: 0.0267430 seconds
228.667: [GC [PSYoungGen: 100544K->9440K(107520K)] 168453K->77349K(352256K), 0.0035680 secs] [Times: user=0.02 sys=0.00, real=0.00 secs] 
228.671: Total time for which application threads were stopped: 0.0037590 seconds, Stopping threads took: 0.0000770 seconds
228.708: Application time: 0.0374050 seconds
228.708: [GC [PSYoungGen: 102112K->10672K(107520K)] 170021K->78581K(352256K), 0.0041300 secs] [Times: user=0.03 sys=0.00, real=0.00 secs] 
228.713: Total time for which application threads were stopped: 0.0043150 seconds, Stopping threads took: 0.0000880 seconds
228.747: Application time: 0.0348510 seconds
228.748: [GC [PSYoungGen: 103344K->7840K(107520K)] 171253K->75749K(352256K), 0.0031460 secs] [Times: user=0.02 sys=0.00, real=0.00 secs] 
228.751: Total time for which application threads were stopped: 0.0033470 seconds, Stopping threads took: 0.0001130 seconds
228.788: Application time: 0.0371870 seconds
228.788: [GC [PSYoungGen: 100512K->7936K(107520K)] 168421K->75893K(352256K), 0.0031700 secs] [Times: user=0.03 sys=0.00, real=0.00 secs] 
228.791: Total time for which application threads were stopped: 0.0033470 seconds, Stopping threads took: 0.0000810 seconds
228.822: Application time: 0.0310700 seconds
228.823: [GC [PSYoungGen: 100608K->7872K(107520K)] 168565K->75925K(352256K), 0.0031780 secs] [Times: user=0.02 sys=0.00, real=0.00 secs] 
228.826: Total time for which application threads were stopped: 0.0033310 seconds, Stopping threads took: 0.0000570 seconds
228.853: Application time: 0.0271700 seconds
228.853: [GC [PSYoungGen: 100544K->7632K(107520K)] 168597K->75853K(352256K), 0.0030930 secs] [Times: user=0.02 sys=0.00, real=0.01 secs] 
228.856: Total time for which application threads were stopped: 0.0032650 seconds, Stopping threads took: 0.0000840 seconds
228.880: Application time: 0.0234960 seconds
228.880: [GC [PSYoungGen: 100304K->7760K(107520K)] 168525K->75981K(352256K), 0.0030290 secs] [Times: user=0.02 sys=0.00, real=0.00 secs] 
228.883: Total time for which application threads were stopped: 0.0032110 seconds, Stopping threads took: 0.0000880 seconds
228.905: Application time: 0.0225420 seconds
228.906: [GC [PSYoungGen: 100432K->11184K(107520K)] 168653K->79405K(352256K), 0.0044000 secs] [Times: user=0.03 sys=0.00, real=0.01 secs] 
228.910: Total time for which application threads were stopped: 0.0046040 seconds, Stopping threads took: 0.0000980 seconds
228.948: Application time: 0.0378720 seconds
228.948: [GC [PSYoungGen: 103856K->12192K(107520K)] 172077K->80413K(352256K), 0.0046240 secs] [Times: user=0.03 sys=0.00, real=0.00 secs] 
228.953: Total time for which application threads were stopped: 0.0047980 seconds, Stopping threads took: 0.0000720 seconds
228.986: Application time: 0.0336510 seconds
228.987: [GC [PSYoungGen: 104864K->8144K(107520K)] 173085K->76381K(352256K), 0.0032110 secs] [Times: user=0.02 sys=0.00, real=0.00 secs] 
228.990: Total time for which application threads were stopped: 0.0034030 seconds, Stopping threads took: 0.0000980 seconds
229.030: Application time: 0.0407020 seconds
229.031: [GC [PSYoungGen: 100816K->7712K(107520K)] 169053K->75949K(352256K), 0.0031210 secs] [Times: user=0.02 sys=0.00, real=0.00 secs] 
229.034: Total time for which application threads were stopped: 0.0033110 seconds, Stopping threads took: 0.0000920 seconds
229.065: Application time: 0.0308730 seconds
229.065: [GC [PSYoungGen: 100384K->7600K(107520K)] 168621K->75837K(352256K), 0.0031020 secs] [Times: user=0.02 sys=0.00, real=0.01 secs] 
229.068: Total time for which application threads were stopped: 0.0032750 seconds, Stopping threads took: 0.0000790 seconds
229.097: Application time: 0.0291370 seconds
229.097: [GC [PSYoungGen: 100272K->8096K(107520K)] 168509K->76333K(352256K), 0.0032020 secs] [Times: user=0.02 sys=0.00, real=0.00 secs] 
229.100: Total time for which application threads were stopped: 0.0033950 seconds, Stopping threads took: 0.0001060 seconds
229.126: Application time: 0.0258650 seconds
229.126: [GC [PSYoungGen: 100768K->8000K(107520K)] 169005K->76237K(352256K), 0.0030170 secs] [Times: user=0.02 sys=0.00, real=0.00 secs] 
229.130: Total time for which application threads were stopped: 0.0032150 seconds, Stopping threads took: 0.0000970 seconds
229.151: Application time: 0.0210590 seconds
229.151: [GC [PSYoungGen: 100672K->7648K(107520K)] 168909K->75885K(352256K), 0.0030080 secs] [Times: user=0.02 sys=0.00, real=0.00 secs] 
229.154: Total time for which application threads were stopped: 0.0031670 seconds, Stopping threads took: 0.0000710 seconds
229.184: Application time: 0.0300090 seconds
229.184: [GC [PSYoungGen: 100320K->13216K(107520K)] 168557K->81453K(352256K), 0.0051340 secs] [Times: user=0.03 sys=0.00, real=0.01 secs] 
229.189: Total time for which application threads were stopped: 0.0053270 seconds, Stopping threads took: 0.0000750 seconds
229.227: Application time: 0.0377980 seconds
229.227: [GC [PSYoungGen: 105888K->8512K(107520K)] 174125K->76749K(352256K), 0.0032110 secs] [Times: user=0.01 sys=0.00, real=0.00 secs] 
229.230: Total time for which application threads were stopped: 0.0034150 seconds, Stopping threads took: 0.0001090 seconds
229.268: Application time: 0.0374110 seconds
229.268: [GC [PSYoungGen: 101184K->7696K(107520K)] 169421K->75933K(352256K), 0.0032090 secs] [Times: user=0.02 sys=0.00, real=0.00 secs] 
229.271: Total time for which application threads were stopped: 0.0033860 seconds, Stopping threads took: 0.0000850 seconds
229.308: Application time: 0.0370270 seconds
229.308: [GC [PSYoungGen: 100368K->8080K(107520K)] 168605K->76318K(352256K), 0.0032250 secs] [Times: user=0.02 sys=0.00, real=0.00 secs] 
229.312: Total time for which application threads were stopped: 0.0033870 seconds, Stopping threads took: 0.0000720 seconds
229.340: Application time: 0.0281020 seconds
229.340: [GC [PSYoungGen: 100752K->7696K(107520K)] 168990K->75933K(352256K), 0.0030610 secs] [Times: user=0.02 sys=0.00, real=0.00 secs] 
229.343: Total time for which application threads were stopped: 0.0032470 seconds, Stopping threads took: 0.0000900 seconds
229.370: Application time: 0.0273840 seconds
229.370: [GC [PSYoungGen: 100368K->7856K(107520K)] 168605K->76093K(352256K), 0.0032080 secs] [Times: user=0.01 sys=0.00, real=0.00 secs] 
229.374: Total time for which application threads were stopped: 0.0033940 seconds, Stopping threads took: 0.0000990 seconds
229.397: Application time: 0.0229790 seconds
229.397: [GC [PSYoungGen: 100528K->8432K(107520K)] 168765K->76669K(352256K), 0.0032730 secs] [Times: user=0.02 sys=0.00, real=0.00 secs] 
229.400: Total time for which application threads were stopped: 0.0034630 seconds, Stopping threads took: 0.0000900 seconds
229.424: Application time: 0.0235000 seconds
229.424: [GC [PSYoungGen: 101104K->12096K(107520K)] 169341K->80333K(352256K), 0.0045980 secs] [Times: user=0.03 sys=0.00, real=0.01 secs] 
229.428: Total time for which application threads were stopped: 0.0047950 seconds, Stopping threads took: 0.0000880 seconds
229.469: Application time: 0.0403670 seconds
229.469: [GC [PSYoungGen: 104768K->10464K(107520K)] 173005K->78701K(352256K), 0.0040220 secs] [Times: user=0.02 sys=0.00, real=0.00 secs] 
229.473: Total time for which application threads were stopped: 0.0041950 seconds, Stopping threads took: 0.0000710 seconds
229.506: Application time: 0.0330860 seconds
229.506: [GC [PSYoungGen: 103136K->7824K(107520K)] 171373K->76061K(352256K), 0.0031480 secs] [Times: user=0.02 sys=0.00, real=0.00 secs] 
229.509: Total time for which application threads were stopped: 0.0033400 seconds, Stopping threads took: 0.0000870 seconds
229.549: Application time: 0.0397570 seconds
229.549: [GC [PSYoungGen: 100496K->8032K(107520K)] 168733K->76269K(352256K), 0.0031560 secs] [Times: user=0.03 sys=0.00, real=0.00 secs] 
229.553: Total time for which application threads were stopped: 0.0033470 seconds, Stopping threads took: 0.0000950 seconds
229.582: Application time: 0.0298750 seconds
229.583: [GC [PSYoungGen: 100704K->7808K(107520K)] 168941K->76133K(352256K), 0.0030890 secs] [Times: user=0.02 sys=0.00, real=0.00 secs] 
229.586: Total time for which application threads were stopped: 0.0032890 seconds, Stopping threads took: 0.0001050 seconds
229.615: Application time: 0.0293840 seconds
229.615: [GC [PSYoungGen: 100480K->7664K(107520K)] 168805K->76206K(352256K), 0.0031310 secs] [Times: user=0.02 sys=0.00, real=0.00 secs] 
229.618: Total time for which application threads were stopped: 0.0033360 seconds, Stopping threads took: 0.0001070 seconds
229.642: Application time: 0.0231050 seconds
229.642: [GC [PSYoungGen: 100336K->7760K(107520K)] 168878K->76302K(352256K), 0.0030280 secs] [Times: user=0.02 sys=0.00, real=0.00 secs] 
229.645: Total time for which application threads were stopped: 0.0032420 seconds, Stopping threads took: 0.0001100 seconds
229.666: Application time: 0.0212970 seconds
229.666: [GC [PSYoungGen: 100432K->10608K(107520K)] 168974K->79150K(352256K), 0.0041460 secs] [Times: user=0.03 sys=0.00, real=0.00 secs] 
229.670: Total time for which application threads were stopped: 0.0043280 seconds, Stopping threads took: 0.0000780 seconds
229.704: Application time: 0.0330950 seconds
229.704: [GC [PSYoungGen: 103280K->14128K(107520K)] 171822K->82670K(352256K), 0.0053300 secs] [Times: user=0.04 sys=0.00, real=0.01 secs] 
229.709: Total time for which application threads were stopped: 0.0055480 seconds, Stopping threads took: 0.0000940 seconds
229.745: Application time: 0.0362710 seconds
229.746: [GC [PSYoungGen: 106800K->7632K(107520K)] 175342K->76190K(352256K), 0.0030540 secs] [Times: user=0.02 sys=0.00, real=0.01 secs] 
229.749: Total time for which application threads were stopped: 0.0032780 seconds, Stopping threads took: 0.0001210 seconds
229.788: Application time: 0.0395910 seconds
229.788: [GC [PSYoungGen: 100304K->7552K(107520K)] 168862K->76110K(352256K), 0.0031120 secs] [Times: user=0.02 sys=0.00, real=0.00 secs] 
229.792: Total time for which application threads were stopped: 0.0032970 seconds, Stopping threads took: 0.0000900 seconds
229.825: Application time: 0.0333840 seconds
229.825: [GC [PSYoungGen: 100224K->7712K(107520K)] 168782K->76270K(352256K), 0.0030830 secs] [Times: user=0.02 sys=0.00, real=0.01 secs] 
229.828: Total time for which application threads were stopped: 0.0032430 seconds, Stopping threads took: 0.0000620 seconds
229.856: Application time: 0.0274810 seconds
229.856: [GC [PSYoungGen: 100384K->8048K(107520K)] 168942K->76606K(352256K), 0.0031730 secs] [Times: user=0.03 sys=0.00, real=0.00 secs] 
229.859: Total time for which application threads were stopped: 0.0033770 seconds, Stopping threads took: 0.0001020 seconds
229.886: Application time: 0.0268930 seconds
229.886: [GC [PSYoungGen: 100720K->7904K(107520K)] 169278K->76462K(352256K), 0.0032250 secs] [Times: user=0.02 sys=0.00, real=0.00 secs] 
229.889: Total time for which application threads were stopped: 0.0033940 seconds, Stopping threads took: 0.0000680 seconds
229.910: Application time: 0.0204930 seconds
229.910: [GC [PSYoungGen: 100576K->7840K(107520K)] 169134K->76398K(352256K), 0.0029940 secs] [Times: user=0.02 sys=0.00, real=0.00 secs] 
229.913: Total time for which application threads were stopped: 0.0031690 seconds, Stopping threads took: 0.0000790 seconds
229.941: Application time: 0.0281600 seconds
229.941: [GC [PSYoungGen: 100512K->10736K(107520K)] 169070K->79294K(352256K), 0.0038110 secs] [Times: user=0.03 sys=0.00, real=0.00 secs] 
229.945: Total time for which application threads were stopped: 0.0039930 seconds, Stopping threads took: 0.0000810 seconds
229.984: Application time: 0.0387590 seconds
229.984: [GC [PSYoungGen: 103408K->8512K(107520K)] 171966K->77070K(352256K), 0.0031250 secs] [Times: user=0.03 sys=0.00, real=0.01 secs] 
229.987: Total time for which application threads were stopped: 0.0033140 seconds, Stopping threads took: 0.0000870 seconds
230.023: Application time: 0.0356390 seconds
230.026: [GC [PSYoungGen: 101184K->7904K(107520K)] 169742K->76462K(352256K), 0.0030290 secs] [Times: user=0.02 sys=0.00, real=0.00 secs] 
230.029: Total time for which application threads were stopped: 0.0061990 seconds, Stopping threads took: 0.0030690 seconds
230.066: Application time: 0.0372840 seconds
230.066: [GC [PSYoungGen: 100576K->7856K(107520K)] 169134K->76414K(352256K), 0.0030450 secs] [Times: user=0.02 sys=0.00, real=0.00 secs] 
230.070: Total time for which application threads were stopped: 0.0032210 seconds, Stopping threads took: 0.0000720 seconds
230.097: Application time: 0.0278910 seconds
230.098: [GC [PSYoungGen: 100528K->7920K(107520K)] 169086K->76478K(352256K), 0.0030990 secs] [Times: user=0.02 sys=0.00, real=0.00 secs] 
230.101: Total time for which application threads were stopped: 0.0033000 seconds, Stopping threads took: 0.0000990 seconds
230.131: Application time: 0.0298490 seconds
230.131: [GC [PSYoungGen: 100592K->7776K(107520K)] 169150K->76334K(352256K), 0.0030980 secs] [Times: user=0.02 sys=0.00, real=0.00 secs] 
230.134: Total time for which application threads were stopped: 0.0032810 seconds, Stopping threads took: 0.0000760 seconds
230.156: Application time: 0.0223940 seconds
230.156: [GC [PSYoungGen: 100448K->8064K(107520K)] 169006K->76622K(352256K), 0.0030020 secs] [Times: user=0.02 sys=0.00, real=0.00 secs] 
230.159: Total time for which application threads were stopped: 0.0032010 seconds, Stopping threads took: 0.0001000 seconds
230.181: Application time: 0.0211820 seconds
230.181: [GC [PSYoungGen: 100736K->11568K(107520K)] 169294K->80126K(352256K), 0.0043710 secs] [Times: user=0.03 sys=0.00, real=0.00 secs] 
230.185: Total time for which application threads were stopped: 0.0045640 seconds, Stopping threads took: 0.0000920 seconds
230.226: Application time: 0.0406250 seconds
230.226: [GC [PSYoungGen: 104240K->11168K(107520K)] 172798K->79726K(352256K), 0.0041220 secs] [Times: user=0.03 sys=0.00, real=0.00 secs] 
230.230: Total time for which application threads were stopped: 0.0043320 seconds, Stopping threads took: 0.0000960 seconds
230.262: Application time: 0.0320330 seconds
230.262: [GC [PSYoungGen: 103840K->7888K(107520K)] 172398K->76446K(352256K), 0.0031040 secs] [Times: user=0.02 sys=0.00, real=0.00 secs] 
230.266: Total time for which application threads were stopped: 0.0033020 seconds, Stopping threads took: 0.0000970 seconds
230.307: Application time: 0.0413640 seconds
230.307: [GC [PSYoungGen: 100560K->7872K(107520K)] 169118K->76430K(352256K), 0.0030240 secs] [Times: user=0.02 sys=0.00, real=0.00 secs] 
230.310: Total time for which application threads were stopped: 0.0032240 seconds, Stopping threads took: 0.0000980 seconds
230.340: Application time: 0.0298640 seconds
230.340: [GC [PSYoungGen: 100544K->7824K(107520K)] 169102K->76478K(352256K), 0.0030740 secs] [Times: user=0.03 sys=0.00, real=0.00 secs] 
230.343: Total time for which application threads were stopped: 0.0032670 seconds, Stopping threads took: 0.0000910 seconds
230.373: Application time: 0.0300260 seconds
230.373: [GC [PSYoungGen: 100496K->7632K(107520K)] 169150K->76466K(352256K), 0.0030500 secs] [Times: user=0.02 sys=0.00, real=0.01 secs] 
230.377: Total time for which application threads were stopped: 0.0032550 seconds, Stopping threads took: 0.0001000 seconds
230.401: Application time: 0.0241540 seconds
230.401: [GC [PSYoungGen: 100304K->7488K(107520K)] 169138K->76370K(352256K), 0.0030820 secs] [Times: user=0.02 sys=0.00, real=0.00 secs] 
230.404: Total time for which application threads were stopped: 0.0032570 seconds, Stopping threads took: 0.0000830 seconds
230.424: Application time: 0.0204460 seconds
230.425: [GC [PSYoungGen: 100160K->7648K(107520K)] 169042K->76530K(352256K), 0.0030110 secs] [Times: user=0.02 sys=0.00, real=0.01 secs] 
230.428: Total time for which application threads were stopped: 0.0032090 seconds, Stopping threads took: 0.0000950 seconds
230.461: Application time: 0.0329240 seconds
230.461: [GC [PSYoungGen: 100320K->14832K(107520K)] 169202K->84573K(352256K), 0.0062530 secs] [Times: user=0.05 sys=0.00, real=0.01 secs] 
230.467: Total time for which application threads were stopped: 0.0064260 seconds, Stopping threads took: 0.0000710 seconds
230.503: Application time: 0.0361990 seconds
230.503: [GC [PSYoungGen: 107504K->11296K(107520K)] 177245K->81037K(352256K), 0.0043130 secs] [Times: user=0.03 sys=0.00, real=0.01 secs] 
230.508: Total time for which application threads were stopped: 0.0044810 seconds, Stopping threads took: 0.0000660 seconds
230.547: Application time: 0.0389990 seconds
230.550: [GC [PSYoungGen: 103968K->10928K(107520K)] 173709K->80669K(352256K), 0.0043040 secs] [Times: user=0.04 sys=0.00, real=0.01 secs] 
230.554: Total time for which application threads were stopped: 0.0076850 seconds, Stopping threads took: 0.0032750 seconds
230.589: Application time: 0.0344010 seconds
230.589: [GC [PSYoungGen: 103600K->11008K(107520K)] 173341K->80757K(352256K), 0.0043120 secs] [Times: user=0.03 sys=0.00, real=0.00 secs] 
230.593: Total time for which application threads were stopped: 0.0045240 seconds, Stopping threads took: 0.0001150 seconds
230.622: Application time: 0.0286810 seconds
230.622: [GC [PSYoungGen: 103680K->11168K(107520K)] 173429K->80917K(352256K), 0.0044090 secs] [Times: user=0.03 sys=0.00, real=0.01 secs] 
230.627: Total time for which application threads were stopped: 0.0045800 seconds, Stopping threads took: 0.0000750 seconds
230.653: Application time: 0.0268640 seconds
230.654: [GC [PSYoungGen: 103840K->11136K(107520K)] 173589K->80885K(352256K), 0.0044960 secs] [Times: user=0.03 sys=0.00, real=0.01 secs] 
230.658: Total time for which application threads were stopped: 0.0046950 seconds, Stopping threads took: 0.0000990 seconds
230.680: Application time: 0.0215010 seconds
230.680: [GC [PSYoungGen: 103808K->11392K(107520K)] 173557K->81141K(352256K), 0.0044320 secs] [Times: user=0.03 sys=0.00, real=0.00 secs] 
230.684: Total time for which application threads were stopped: 0.0046390 seconds, Stopping threads took: 0.0001030 seconds
230.710: Application time: 0.0253170 seconds
230.710: [GC [PSYoungGen: 104064K->14624K(107520K)] 173813K->84373K(352256K), 0.0059970 secs] [Times: user=0.04 sys=0.01, real=0.01 secs] 
230.716: Total time for which application threads were stopped: 0.0062020 seconds, Stopping threads took: 0.0001060 seconds
230.755: Application time: 0.0396860 seconds
230.756: [GC [PSYoungGen: 107296K->13264K(107520K)] 177045K->83013K(352256K), 0.0050980 secs] [Times: user=0.03 sys=0.00, real=0.00 secs] 
230.761: Total time for which application threads were stopped: 0.0053070 seconds, Stopping threads took: 0.0000900 seconds
230.796: Application time: 0.0348020 seconds
230.798: [GC [PSYoungGen: 105936K->11248K(107520K)] 175685K->80997K(352256K), 0.0047710 secs] [Times: user=0.03 sys=0.00, real=0.00 secs] 
230.803: Total time for which application threads were stopped: 0.0072360 seconds, Stopping threads took: 0.0023730 seconds
230.843: Application time: 0.0402640 seconds
230.843: [GC [PSYoungGen: 103920K->11152K(107520K)] 173669K->80901K(352256K), 0.0046110 secs] [Times: user=0.03 sys=0.00, real=0.01 secs] 
230.848: Total time for which application threads were stopped: 0.0048230 seconds, Stopping threads took: 0.0001070 seconds
230.876: Application time: 0.0278110 seconds
230.876: [GC [PSYoungGen: 103824K->11168K(107520K)] 173573K->80917K(352256K), 0.0044810 secs] [Times: user=0.03 sys=0.00, real=0.00 secs] 
230.880: Total time for which application threads were stopped: 0.0046810 seconds, Stopping threads took: 0.0001050 seconds
230.912: Application time: 0.0312520 seconds
230.912: [GC [PSYoungGen: 103840K->11216K(107520K)] 173589K->80965K(352256K), 0.0045090 secs] [Times: user=0.03 sys=0.00, real=0.01 secs] 
230.916: Total time for which application threads were stopped: 0.0046930 seconds, Stopping threads took: 0.0000920 seconds
230.938: Application time: 0.0211750 seconds
230.938: [GC [PSYoungGen: 103888K->11360K(107520K)] 173637K->81109K(352256K), 0.0043820 secs] [Times: user=0.03 sys=0.00, real=0.00 secs] 
230.942: Total time for which application threads were stopped: 0.0045740 seconds, Stopping threads took: 0.0000920 seconds
230.964: Application time: 0.0222100 seconds
230.964: [GC [PSYoungGen: 104032K->11024K(107520K)] 173781K->80773K(352256K), 0.0043200 secs] [Times: user=0.03 sys=0.00, real=0.01 secs] 
230.969: Total time for which application threads were stopped: 0.0045010 seconds, Stopping threads took: 0.0000800 seconds
231.007: Application time: 0.0383040 seconds
231.007: [GC [PSYoungGen: 103696K->13312K(107520K)] 173445K->86379K(352256K), 0.0061050 secs] [Times: user=0.05 sys=0.00, real=0.00 secs] 
231.013: Total time for which application threads were stopped: 0.0062800 seconds, Stopping threads took: 0.0000760 seconds
231.046: Application time: 0.0325330 seconds
231.046: [GC [PSYoungGen: 105984K->7968K(107520K)] 179051K->81120K(352256K), 0.0030880 secs] [Times: user=0.02 sys=0.00, real=0.00 secs] 
231.049: Total time for which application threads were stopped: 0.0032770 seconds, Stopping threads took: 0.0000880 seconds
231.091: Application time: 0.0413380 seconds
231.091: [GC [PSYoungGen: 100640K->7744K(107520K)] 173792K->80896K(352256K), 0.0031900 secs] [Times: user=0.01 sys=0.00, real=0.01 secs] 
231.094: Total time for which application threads were stopped: 0.0033780 seconds, Stopping threads took: 0.0000900 seconds
231.125: Application time: 0.0308940 seconds
231.125: [GC [PSYoungGen: 100416K->7648K(107520K)] 173568K->80880K(352256K), 0.0031850 secs] [Times: user=0.01 sys=0.00, real=0.01 secs] 
231.128: Total time for which application threads were stopped: 0.0033710 seconds, Stopping threads took: 0.0000940 seconds
231.158: Application time: 0.0299240 seconds
231.158: [GC [PSYoungGen: 100320K->7552K(107520K)] 173552K->80969K(352256K), 0.0031210 secs] [Times: user=0.02 sys=0.00, real=0.00 secs] 
231.161: Total time for which application threads were stopped: 0.0033090 seconds, Stopping threads took: 0.0000970 seconds
231.187: Application time: 0.0250780 seconds
231.187: [GC [PSYoungGen: 100224K->7712K(107520K)] 173641K->81185K(352256K), 0.0030670 secs] [Times: user=0.03 sys=0.00, real=0.00 secs] 
231.190: Total time for which application threads were stopped: 0.0032280 seconds, Stopping threads took: 0.0000710 seconds
231.210: Application time: 0.0205940 seconds
231.210: [GC [PSYoungGen: 100384K->7808K(107520K)] 173857K->81281K(352256K), 0.0030140 secs] [Times: user=0.02 sys=0.00, real=0.00 secs] 
231.214: Total time for which application threads were stopped: 0.0032050 seconds, Stopping threads took: 0.0000920 seconds
231.244: Application time: 0.0301270 seconds
231.244: [GC [PSYoungGen: 100480K->12672K(107520K)] 173953K->86145K(352256K), 0.0046300 secs] [Times: user=0.04 sys=0.00, real=0.01 secs] 
231.249: Total time for which application threads were stopped: 0.0048210 seconds, Stopping threads took: 0.0000890 seconds
231.286: Application time: 0.0371430 seconds
231.286: [GC [PSYoungGen: 105344K->7728K(107520K)] 178817K->81209K(352256K), 0.0030690 secs] [Times: user=0.02 sys=0.00, real=0.01 secs] 
231.289: Total time for which application threads were stopped: 0.0032710 seconds, Stopping threads took: 0.0000870 seconds
231.326: Application time: 0.0368650 seconds
231.326: [GC [PSYoungGen: 100400K->7488K(107520K)] 173881K->80969K(352256K), 0.0030010 secs] [Times: user=0.02 sys=0.00, real=0.00 secs] 
231.329: Total time for which application threads were stopped: 0.0032230 seconds, Stopping threads took: 0.0001210 seconds
231.366: Application time: 0.0366040 seconds
231.366: [GC [PSYoungGen: 100160K->7536K(107520K)] 173641K->81017K(352256K), 0.0030140 secs] [Times: user=0.02 sys=0.00, real=0.01 secs] 
231.369: Total time for which application threads were stopped: 0.0032080 seconds, Stopping threads took: 0.0000950 seconds
231.397: Application time: 0.0279940 seconds
231.397: [GC [PSYoungGen: 100208K->7872K(107520K)] 173689K->81353K(352256K), 0.0031460 secs] [Times: user=0.02 sys=0.00, real=0.00 secs] 
231.400: Total time for which application threads were stopped: 0.0033500 seconds, Stopping threads took: 0.0001020 seconds
231.430: Application time: 0.0297490 seconds
231.434: [GC [PSYoungGen: 100544K->8064K(107520K)] 174025K->81545K(352256K), 0.0032080 secs] [Times: user=0.02 sys=0.00, real=0.00 secs] 
231.437: Total time for which application threads were stopped: 0.0073140 seconds, Stopping threads took: 0.0040040 seconds
231.458: Application time: 0.0208140 seconds
231.458: [GC [PSYoungGen: 100736K->7920K(107520K)] 174217K->81401K(352256K), 0.0031410 secs] [Times: user=0.02 sys=0.00, real=0.00 secs] 
231.461: Total time for which application threads were stopped: 0.0033030 seconds, Stopping threads took: 0.0000620 seconds
231.484: Application time: 0.0228090 seconds
231.484: [GC [PSYoungGen: 100592K->10528K(107520K)] 174073K->84009K(352256K), 0.0039630 secs] [Times: user=0.03 sys=0.00, real=0.01 secs] 
231.488: Total time for which application threads were stopped: 0.0041640 seconds, Stopping threads took: 0.0001010 seconds
231.528: Application time: 0.0400250 seconds
231.529: [GC [PSYoungGen: 103200K->10912K(107520K)] 176681K->84393K(352256K), 0.0040830 secs] [Times: user=0.03 sys=0.00, real=0.00 secs] 
231.533: Total time for which application threads were stopped: 0.0042760 seconds, Stopping threads took: 0.0000920 seconds
231.565: Application time: 0.0328250 seconds
231.566: [GC [PSYoungGen: 103584K->7712K(107520K)] 177065K->81193K(352256K), 0.0030850 secs] [Times: user=0.02 sys=0.00, real=0.01 secs] 
231.569: Total time for which application threads were stopped: 0.0032660 seconds, Stopping threads took: 0.0000820 seconds
231.610: Application time: 0.0414050 seconds
231.610: [GC [PSYoungGen: 100384K->7840K(107520K)] 173865K->81321K(352256K), 0.0031890 secs] [Times: user=0.02 sys=0.00, real=0.00 secs] 
231.614: Total time for which application threads were stopped: 0.0033780 seconds, Stopping threads took: 0.0000940 seconds
231.642: Application time: 0.0286710 seconds
231.642: [GC [PSYoungGen: 100512K->7744K(107520K)] 173993K->81225K(352256K), 0.0031310 secs] [Times: user=0.03 sys=0.00, real=0.00 secs] 
231.646: Total time for which application threads were stopped: 0.0033250 seconds, Stopping threads took: 0.0001020 seconds
231.676: Application time: 0.0303260 seconds
231.676: [GC [PSYoungGen: 100416K->7856K(107520K)] 173897K->81337K(352256K), 0.0031960 secs] [Times: user=0.02 sys=0.00, real=0.00 secs] 
231.679: Total time for which application threads were stopped: 0.0033900 seconds, Stopping threads took: 0.0001060 seconds
231.702: Application time: 0.0227930 seconds
231.702: [GC [PSYoungGen: 100528K->7984K(107520K)] 174009K->81465K(352256K), 0.0031200 secs] [Times: user=0.02 sys=0.00, real=0.00 secs] 
231.705: Total time for which application threads were stopped: 0.0032940 seconds, Stopping threads took: 0.0000820 seconds
231.726: Application time: 0.0202280 seconds
231.726: [GC [PSYoungGen: 100656K->8096K(107520K)] 174137K->81577K(352256K), 0.0030210 secs] [Times: user=0.03 sys=0.00, real=0.01 secs] 
231.729: Total time for which application threads were stopped: 0.0032090 seconds, Stopping threads took: 0.0000880 seconds
231.765: Application time: 0.0357590 seconds
231.765: [GC [PSYoungGen: 100768K->13376K(107520K)] 174249K->86857K(352256K), 0.0050950 secs] [Times: user=0.04 sys=0.00, real=0.01 secs] 
231.770: Total time for which application threads were stopped: 0.0052910 seconds, Stopping threads took: 0.0000950 seconds
231.804: Application time: 0.0337140 seconds
231.806: [GC [PSYoungGen: 106048K->7920K(107520K)] 179529K->81401K(352256K), 0.0030080 secs] [Times: user=0.02 sys=0.00, real=0.00 secs] 
231.809: Total time for which application threads were stopped: 0.0054980 seconds, Stopping threads took: 0.0023690 seconds
231.849: Application time: 0.0400410 seconds
231.849: [GC [PSYoungGen: 100592K->7792K(107520K)] 174073K->81273K(352256K), 0.0031360 secs] [Times: user=0.03 sys=0.00, real=0.00 secs] 
231.852: Total time for which application threads were stopped: 0.0033480 seconds, Stopping threads took: 0.0001100 seconds
231.885: Application time: 0.0328300 seconds
231.885: [GC [PSYoungGen: 100464K->7648K(107520K)] 173945K->81129K(352256K), 0.0029950 secs] [Times: user=0.02 sys=0.00, real=0.01 secs] 
231.888: Total time for which application threads were stopped: 0.0031990 seconds, Stopping threads took: 0.0001010 seconds
231.917: Application time: 0.0286470 seconds
231.917: [GC [PSYoungGen: 100320K->7616K(107520K)] 173801K->81309K(352256K), 0.0030740 secs] [Times: user=0.02 sys=0.00, real=0.00 secs] 
231.920: Total time for which application threads were stopped: 0.0032670 seconds, Stopping threads took: 0.0000910 seconds
231.948: Application time: 0.0278040 seconds
231.948: [GC [PSYoungGen: 100288K->7696K(107520K)] 173981K->81477K(352256K), 0.0030950 secs] [Times: user=0.02 sys=0.00, real=0.00 secs] 
231.952: Total time for which application threads were stopped: 0.0033030 seconds, Stopping threads took: 0.0001100 seconds
231.972: Application time: 0.0208980 seconds
231.973: [GC [PSYoungGen: 100368K->7856K(107520K)] 174149K->81637K(352256K), 0.0029620 secs] [Times: user=0.02 sys=0.00, real=0.01 secs] 
231.976: Total time for which application threads were stopped: 0.0031380 seconds, Stopping threads took: 0.0000730 seconds
232.002: Application time: 0.0266110 seconds
232.002: [GC [PSYoungGen: 100528K->13728K(107520K)] 174309K->87509K(352256K), 0.0060590 secs] [Times: user=0.03 sys=0.00, real=0.01 secs] 
232.008: Total time for which application threads were stopped: 0.0063080 seconds, Stopping threads took: 0.0001370 seconds
232.048: Application time: 0.0393330 seconds
232.048: [GC [PSYoungGen: 106400K->8400K(107520K)] 180181K->82181K(352256K), 0.0032840 secs] [Times: user=0.02 sys=0.00, real=0.00 secs] 
232.051: Total time for which application threads were stopped: 0.0034780 seconds, Stopping threads took: 0.0001090 seconds
232.087: Application time: 0.0352460 seconds
232.087: [GC [PSYoungGen: 101072K->7360K(107520K)] 174853K->81149K(352256K), 0.0030030 secs] [Times: user=0.02 sys=0.00, real=0.00 secs] 
232.090: Total time for which application threads were stopped: 0.0032120 seconds, Stopping threads took: 0.0001140 seconds
232.129: Application time: 0.0388860 seconds
232.129: [GC [PSYoungGen: 100032K->7744K(107520K)] 173821K->81533K(352256K), 0.0031780 secs] [Times: user=0.02 sys=0.00, real=0.00 secs] 
232.132: Total time for which application threads were stopped: 0.0033610 seconds, Stopping threads took: 0.0000850 seconds
232.160: Application time: 0.0278010 seconds
232.160: [GC [PSYoungGen: 100416K->7840K(107520K)] 174205K->81629K(352256K), 0.0030950 secs] [Times: user=0.02 sys=0.00, real=0.00 secs] 
232.163: Total time for which application threads were stopped: 0.0033100 seconds, Stopping threads took: 0.0001020 seconds
232.194: Application time: 0.0308510 seconds
232.198: [GC [PSYoungGen: 100512K->7824K(107520K)] 174301K->81613K(352256K), 0.0031120 secs] [Times: user=0.02 sys=0.00, real=0.00 secs] 
232.201: Total time for which application threads were stopped: 0.0071500 seconds, Stopping threads took: 0.0039410 seconds
232.223: Application time: 0.0216690 seconds
232.223: [GC [PSYoungGen: 100496K->7984K(107520K)] 174285K->81773K(352256K), 0.0030290 secs] [Times: user=0.02 sys=0.00, real=0.01 secs] 
232.226: Total time for which application threads were stopped: 0.0032290 seconds, Stopping threads took: 0.0000890 seconds
232.248: Application time: 0.0216930 seconds
232.248: [GC [PSYoungGen: 100656K->8992K(107520K)] 174445K->82781K(352256K), 0.0033670 secs] [Times: user=0.02 sys=0.00, real=0.00 secs] 
232.251: Total time for which application threads were stopped: 0.0035790 seconds, Stopping threads took: 0.0001070 seconds
232.289: Application time: 0.0380170 seconds
232.289: [GC [PSYoungGen: 101664K->12192K(107520K)] 175453K->85981K(352256K), 0.0045790 secs] [Times: user=0.04 sys=0.00, real=0.01 secs] 
232.294: Total time for which application threads were stopped: 0.0047660 seconds, Stopping threads took: 0.0000850 seconds
232.329: Application time: 0.0345620 seconds
232.329: [GC [PSYoungGen: 104864K->7696K(107520K)] 178653K->81485K(352256K), 0.0030800 secs] [Times: user=0.02 sys=0.00, real=0.00 secs] 
232.332: Total time for which application threads were stopped: 0.0032980 seconds, Stopping threads took: 0.0000960 seconds
232.372: Application time: 0.0401690 seconds
232.372: [GC [PSYoungGen: 100368K->7840K(107520K)] 174157K->81629K(352256K), 0.0030350 secs] [Times: user=0.02 sys=0.00, real=0.01 secs] 
232.375: Total time for which application threads were stopped: 0.0032220 seconds, Stopping threads took: 0.0000860 seconds
232.406: Application time: 0.0302770 seconds
232.406: [GC [PSYoungGen: 100512K->7904K(107520K)] 174301K->81693K(352256K), 0.0031250 secs] [Times: user=0.02 sys=0.00, real=0.01 secs] 
232.409: Total time for which application threads were stopped: 0.0033220 seconds, Stopping threads took: 0.0000930 seconds
232.439: Application time: 0.0303230 seconds
232.439: [GC [PSYoungGen: 100576K->7984K(107520K)] 174365K->81773K(352256K), 0.0032180 secs] [Times: user=0.02 sys=0.00, real=0.00 secs] 
232.443: Total time for which application threads were stopped: 0.0033890 seconds, Stopping threads took: 0.0000720 seconds
232.466: Application time: 0.0236200 seconds
232.466: [GC [PSYoungGen: 100656K->8144K(107520K)] 174445K->81933K(352256K), 0.0030380 secs] [Times: user=0.02 sys=0.00, real=0.00 secs] 
232.470: Total time for which application threads were stopped: 0.0032130 seconds, Stopping threads took: 0.0000740 seconds
232.491: Application time: 0.0211710 seconds
232.491: [GC [PSYoungGen: 100816K->7808K(107520K)] 174605K->81597K(352256K), 0.0028940 secs] [Times: user=0.02 sys=0.00, real=0.00 secs] 
232.494: Total time for which application threads were stopped: 0.0030890 seconds, Stopping threads took: 0.0000940 seconds
232.525: Application time: 0.0316420 seconds
232.526: [GC [PSYoungGen: 100480K->13856K(107520K)] 174269K->87645K(352256K), 0.0051990 secs] [Times: user=0.04 sys=0.00, real=0.01 secs] 
232.531: Total time for which application threads were stopped: 0.0053870 seconds, Stopping threads took: 0.0000870 seconds
232.567: Application time: 0.0358800 seconds
232.567: [GC [PSYoungGen: 106528K->8496K(107520K)] 180317K->82285K(352256K), 0.0031700 secs] [Times: user=0.02 sys=0.00, real=0.00 secs] 
232.570: Total time for which application threads were stopped: 0.0033640 seconds, Stopping threads took: 0.0000930 seconds
232.608: Application time: 0.0381490 seconds
232.608: [GC [PSYoungGen: 101168K->7856K(107520K)] 174957K->81645K(352256K), 0.0031640 secs] [Times: user=0.02 sys=0.00, real=0.00 secs] 
232.612: Total time for which application threads were stopped: 0.0033530 seconds, Stopping threads took: 0.0000870 seconds
232.646: Application time: 0.0345800 seconds
232.646: [GC [PSYoungGen: 100528K->7920K(107520K)] 174317K->81709K(352256K), 0.0030190 secs] [Times: user=0.02 sys=0.00, real=0.00 secs] 
232.649: Total time for which application threads were stopped: 0.0032030 seconds, Stopping threads took: 0.0000830 seconds
232.679: Application time: 0.0295660 seconds
232.679: [GC [PSYoungGen: 100592K->7568K(107520K)] 174381K->81561K(352256K), 0.0029950 secs] [Times: user=0.02 sys=0.00, real=0.00 secs] 
232.682: Total time for which application threads were stopped: 0.0031880 seconds, Stopping threads took: 0.0000930 seconds
232.709: Application time: 0.0266860 seconds
232.709: [GC [PSYoungGen: 100240K->7792K(107520K)] 174233K->81881K(352256K), 0.0030700 secs] [Times: user=0.02 sys=0.00, real=0.00 secs] 
232.712: Total time for which application threads were stopped: 0.0032280 seconds, Stopping threads took: 0.0000590 seconds
232.734: Application time: 0.0214960 seconds
232.734: [GC [PSYoungGen: 100464K->7568K(107520K)] 174553K->81657K(352256K), 0.0029180 secs] [Times: user=0.02 sys=0.00, real=0.01 secs] 
232.737: Total time for which application threads were stopped: 0.0030790 seconds, Stopping threads took: 0.0000580 seconds
232.762: Application time: 0.0257130 seconds
232.762: [GC [PSYoungGen: 100240K->13392K(107520K)] 174329K->87481K(352256K), 0.0049580 secs] [Times: user=0.03 sys=0.00, real=0.01 secs] 
232.767: Total time for which application threads were stopped: 0.0051370 seconds, Stopping threads took: 0.0000770 seconds
232.806: Application time: 0.0381240 seconds
232.806: [GC [PSYoungGen: 106064K->9056K(107520K)] 180153K->83145K(352256K), 0.0033000 secs] [Times: user=0.02 sys=0.00, real=0.01 secs] 
232.809: Total time for which application threads were stopped: 0.0034810 seconds, Stopping threads took: 0.0000810 seconds
232.844: Application time: 0.0347440 seconds
232.844: [GC [PSYoungGen: 101728K->7664K(107520K)] 175817K->81769K(352256K), 0.0032040 secs] [Times: user=0.02 sys=0.00, real=0.01 secs] 
232.847: Total time for which application threads were stopped: 0.0034210 seconds, Stopping threads took: 0.0001000 seconds
232.886: Application time: 0.0388140 seconds
232.886: [GC [PSYoungGen: 100336K->7584K(107520K)] 174441K->81689K(352256K), 0.0031300 secs] [Times: user=0.02 sys=0.00, real=0.00 secs] 
232.889: Total time for which application threads were stopped: 0.0033090 seconds, Stopping threads took: 0.0000880 seconds
232.919: Application time: 0.0292560 seconds
232.919: [GC [PSYoungGen: 100256K->7952K(107520K)] 174361K->82057K(352256K), 0.0032250 secs] [Times: user=0.02 sys=0.00, real=0.00 secs] 
232.922: Total time for which application threads were stopped: 0.0034060 seconds, Stopping threads took: 0.0000760 seconds
232.952: Application time: 0.0300900 seconds
232.952: [GC [PSYoungGen: 100624K->7712K(107520K)] 174729K->81817K(352256K), 0.0029910 secs] [Times: user=0.02 sys=0.00, real=0.01 secs] 
232.955: Total time for which application threads were stopped: 0.0031810 seconds, Stopping threads took: 0.0000900 seconds
232.978: Application time: 0.0226310 seconds
232.982: [GC [PSYoungGen: 100384K->7984K(107520K)] 174489K->82089K(352256K), 0.0030780 secs] [Times: user=0.02 sys=0.00, real=0.00 secs] 
232.985: Total time for which application threads were stopped: 0.0071910 seconds, Stopping threads took: 0.0040130 seconds
233.007: Application time: 0.0222230 seconds
233.007: [GC [PSYoungGen: 100656K->10016K(107520K)] 174761K->84121K(352256K), 0.0036410 secs] [Times: user=0.02 sys=0.00, real=0.00 secs] 
233.011: Total time for which application threads were stopped: 0.0038240 seconds, Stopping threads took: 0.0000810 seconds
233.045: Application time: 0.0340570 seconds
233.045: [GC [PSYoungGen: 102688K->13984K(107520K)] 176793K->88089K(352256K), 0.0052790 secs] [Times: user=0.03 sys=0.00, real=0.01 secs] 
233.051: Total time for which application threads were stopped: 0.0054720 seconds, Stopping threads took: 0.0000930 seconds
233.086: Application time: 0.0352880 seconds
233.086: [GC [PSYoungGen: 106656K->7936K(107520K)] 180761K->82041K(352256K), 0.0030480 secs] [Times: user=0.02 sys=0.00, real=0.00 secs] 
233.089: Total time for which application threads were stopped: 0.0032480 seconds, Stopping threads took: 0.0001010 seconds
233.129: Application time: 0.0395020 seconds
233.129: [GC [PSYoungGen: 100608K->7824K(107520K)] 174713K->81929K(352256K), 0.0032500 secs] [Times: user=0.02 sys=0.00, real=0.00 secs] 
233.132: Total time for which application threads were stopped: 0.0034430 seconds, Stopping threads took: 0.0001010 seconds
233.165: Application time: 0.0329800 seconds
233.165: [GC [PSYoungGen: 100496K->8080K(107520K)] 174601K->82185K(352256K), 0.0032600 secs] [Times: user=0.02 sys=0.00, real=0.01 secs] 
233.169: Total time for which application threads were stopped: 0.0034570 seconds, Stopping threads took: 0.0001020 seconds
233.199: Application time: 0.0300540 seconds
233.199: [GC [PSYoungGen: 100752K->7760K(107520K)] 174857K->81865K(352256K), 0.0031540 secs] [Times: user=0.02 sys=0.00, real=0.00 secs] 
233.202: Total time for which application threads were stopped: 0.0033520 seconds, Stopping threads took: 0.0001090 seconds
233.227: Application time: 0.0250850 seconds
233.227: [GC [PSYoungGen: 100432K->7952K(107520K)] 174537K->82057K(352256K), 0.0032380 secs] [Times: user=0.02 sys=0.00, real=0.00 secs] 
233.231: Total time for which application threads were stopped: 0.0034530 seconds, Stopping threads took: 0.0001220 seconds
233.251: Application time: 0.0204310 seconds
233.251: [GC [PSYoungGen: 100624K->8096K(107520K)] 174729K->82201K(352256K), 0.0030750 secs] [Times: user=0.02 sys=0.00, real=0.01 secs] 
233.254: Total time for which application threads were stopped: 0.0032550 seconds, Stopping threads took: 0.0000820 seconds
233.285: Application time: 0.0304650 seconds
233.285: [GC [PSYoungGen: 100759K->10944K(107520K)] 174864K->85049K(352256K), 0.0039800 secs] [Times: user=0.03 sys=0.00, real=0.01 secs] 
233.289: Total time for which application threads were stopped: 0.0041560 seconds, Stopping threads took: 0.0000720 seconds
233.325: Application time: 0.0359700 seconds
233.325: [GC [PSYoungGen: 103616K->9920K(107520K)] 177721K->84025K(352256K), 0.0038000 secs] [Times: user=0.02 sys=0.00, real=0.01 secs] 
233.329: Total time for which application threads were stopped: 0.0039750 seconds, Stopping threads took: 0.0000720 seconds
233.366: Application time: 0.0367080 seconds
233.366: [GC [PSYoungGen: 102592K->7744K(107520K)] 176697K->81849K(352256K), 0.0030730 secs] [Times: user=0.02 sys=0.00, real=0.01 secs] 
233.369: Total time for which application threads were stopped: 0.0032840 seconds, Stopping threads took: 0.0000900 seconds
233.407: Application time: 0.0377500 seconds
233.407: [GC [PSYoungGen: 100416K->7904K(107520K)] 174521K->82009K(352256K), 0.0030660 secs] [Times: user=0.02 sys=0.00, real=0.00 secs] 
233.410: Total time for which application threads were stopped: 0.0032460 seconds, Stopping threads took: 0.0000820 seconds
233.438: Application time: 0.0281070 seconds
233.438: [GC [PSYoungGen: 100576K->7776K(107520K)] 174681K->82045K(352256K), 0.0030880 secs] [Times: user=0.02 sys=0.00, real=0.00 secs] 
233.441: Total time for which application threads were stopped: 0.0032640 seconds, Stopping threads took: 0.0000740 seconds
233.471: Application time: 0.0301970 seconds
233.472: [GC [PSYoungGen: 100448K->7536K(107520K)] 174717K->81949K(352256K), 0.0031240 secs] [Times: user=0.02 sys=0.00, real=0.01 secs] 
233.475: Total time for which application threads were stopped: 0.0032950 seconds, Stopping threads took: 0.0000710 seconds
233.496: Application time: 0.0210650 seconds
233.496: [GC [PSYoungGen: 100208K->7824K(107520K)] 174621K->82237K(352256K), 0.0029540 secs] [Times: user=0.02 sys=0.00, real=0.00 secs] 
233.499: Total time for which application threads were stopped: 0.0031520 seconds, Stopping threads took: 0.0000920 seconds
233.521: Application time: 0.0216320 seconds
233.521: [GC [PSYoungGen: 100496K->9344K(107520K)] 174909K->83757K(352256K), 0.0036330 secs] [Times: user=0.02 sys=0.00, real=0.00 secs] 
233.524: Total time for which application threads were stopped: 0.0038370 seconds, Stopping threads took: 0.0001050 seconds
233.563: Application time: 0.0387840 seconds
233.563: [GC [PSYoungGen: 102016K->11104K(107520K)] 176429K->85518K(352256K), 0.0041870 secs] [Times: user=0.03 sys=0.00, real=0.01 secs] 
233.568: Total time for which application threads were stopped: 0.0043670 seconds, Stopping threads took: 0.0000750 seconds
233.601: Application time: 0.0329440 seconds
233.601: [GC [PSYoungGen: 103776K->7680K(107520K)] 178190K->82109K(352256K), 0.0030990 secs] [Times: user=0.02 sys=0.00, real=0.00 secs] 
233.604: Total time for which application threads were stopped: 0.0033050 seconds, Stopping threads took: 0.0000930 seconds
233.645: Application time: 0.0416000 seconds
233.646: [GC [PSYoungGen: 100352K->7584K(107520K)] 174781K->82013K(352256K), 0.0030230 secs] [Times: user=0.02 sys=0.00, real=0.01 secs] 
233.649: Total time for which application threads were stopped: 0.0032050 seconds, Stopping threads took: 0.0000880 seconds
233.678: Application time: 0.0295100 seconds
233.678: [GC [PSYoungGen: 100256K->7856K(107520K)] 174685K->82285K(352256K), 0.0031080 secs] [Times: user=0.02 sys=0.00, real=0.00 secs] 
233.681: Total time for which application threads were stopped: 0.0032920 seconds, Stopping threads took: 0.0000860 seconds
233.712: Application time: 0.0302150 seconds
233.712: [GC [PSYoungGen: 100528K->7808K(107520K)] 174957K->82238K(352256K), 0.0032070 secs] [Times: user=0.02 sys=0.00, real=0.01 secs] 
233.715: Total time for which application threads were stopped: 0.0033790 seconds, Stopping threads took: 0.0000780 seconds
233.739: Application time: 0.0242500 seconds
233.742: [GC [PSYoungGen: 100480K->8032K(107520K)] 174910K->82461K(352256K), 0.0031710 secs] [Times: user=0.02 sys=0.00, real=0.00 secs] 
233.745: Total time for which application threads were stopped: 0.0058540 seconds, Stopping threads took: 0.0025920 seconds
233.767: Application time: 0.0214780 seconds
233.767: [GC [PSYoungGen: 100704K->8224K(107520K)] 175133K->82654K(352256K), 0.0030110 secs] [Times: user=0.03 sys=0.00, real=0.00 secs] 
233.770: Total time for which application threads were stopped: 0.0031890 seconds, Stopping threads took: 0.0000770 seconds
233.803: Application time: 0.0330600 seconds
233.803: [GC [PSYoungGen: 100896K->10880K(107520K)] 175326K->85309K(352256K), 0.0039730 secs] [Times: user=0.03 sys=0.00, real=0.01 secs] 
233.807: Total time for which application threads were stopped: 0.0041570 seconds, Stopping threads took: 0.0000810 seconds
233.844: Application time: 0.0371450 seconds
233.844: [GC [PSYoungGen: 103552K->8096K(107520K)] 177981K->82526K(352256K), 0.0031360 secs] [Times: user=0.02 sys=0.00, real=0.01 secs] 
233.848: Total time for which application threads were stopped: 0.0033320 seconds, Stopping threads took: 0.0000920 seconds
233.886: Application time: 0.0381360 seconds
233.886: [GC [PSYoungGen: 100768K->7760K(107520K)] 175198K->82189K(352256K), 0.0031220 secs] [Times: user=0.02 sys=0.00, real=0.01 secs] 
233.889: Total time for which application threads were stopped: 0.0033290 seconds, Stopping threads took: 0.0000900 seconds
233.923: Application time: 0.0339220 seconds
233.923: [GC [PSYoungGen: 100432K->7664K(107520K)] 174861K->82094K(352256K), 0.0030900 secs] [Times: user=0.02 sys=0.00, real=0.01 secs] 
233.926: Total time for which application threads were stopped: 0.0032790 seconds, Stopping threads took: 0.0000920 seconds
233.955: Application time: 0.0291560 seconds
233.958: [GC [PSYoungGen: 100336K->7696K(107520K)] 174766K->82126K(352256K), 0.0030300 secs] [Times: user=0.02 sys=0.00, real=0.00 secs] 
233.961: Total time for which application threads were stopped: 0.0056690 seconds, Stopping threads took: 0.0025410 seconds
233.988: Application time: 0.0267980 seconds
233.988: [GC [PSYoungGen: 100368K->7984K(107520K)] 174798K->82414K(352256K), 0.0031120 secs] [Times: user=0.02 sys=0.00, real=0.00 secs] 
233.991: Total time for which application threads were stopped: 0.0032840 seconds, Stopping threads took: 0.0000710 seconds
234.013: Application time: 0.0222780 seconds
234.014: [GC [PSYoungGen: 100656K->7952K(107520K)] 175086K->82381K(352256K), 0.0029570 secs] [Times: user=0.01 sys=0.00, real=0.01 secs] 
234.017: Total time for which application threads were stopped: 0.0031370 seconds, Stopping threads took: 0.0000780 seconds
234.041: Application time: 0.0244790 seconds
234.041: [GC [PSYoungGen: 100624K->13600K(107520K)] 175053K->88030K(352256K), 0.0052360 secs] [Times: user=0.04 sys=0.00, real=0.01 secs] 
234.046: Total time for which application threads were stopped: 0.0054140 seconds, Stopping threads took: 0.0000770 seconds
234.086: Application time: 0.0397190 seconds
234.086: [GC [PSYoungGen: 106272K->9024K(107520K)] 180702K->83454K(352256K), 0.0034530 secs] [Times: user=0.03 sys=0.00, real=0.00 secs] 
234.090: Total time for which application threads were stopped: 0.0036400 seconds, Stopping threads took: 0.0000920 seconds
234.124: Application time: 0.0345570 seconds
234.125: [GC [PSYoungGen: 101696K->7696K(107520K)] 176126K->82125K(352256K), 0.0031500 secs] [Times: user=0.02 sys=0.00, real=0.01 secs] 
234.128: Total time for which application threads were stopped: 0.0033520 seconds, Stopping threads took: 0.0001000 seconds
234.168: Application time: 0.0402260 seconds
234.168: [GC [PSYoungGen: 100368K->8048K(107520K)] 174797K->82477K(352256K), 0.0031570 secs] [Times: user=0.02 sys=0.00, real=0.00 secs] 
234.171: Total time for which application threads were stopped: 0.0033290 seconds, Stopping threads took: 0.0000710 seconds
234.200: Application time: 0.0284840 seconds
234.200: [GC [PSYoungGen: 100720K->7760K(107520K)] 175149K->82314K(352256K), 0.0031160 secs] [Times: user=0.02 sys=0.00, real=0.00 secs] 
234.203: Total time for which application threads were stopped: 0.0032940 seconds, Stopping threads took: 0.0000770 seconds
234.233: Application time: 0.0303600 seconds
234.241: [GC [PSYoungGen: 100432K->7696K(107520K)] 174986K->82438K(352256K), 0.0031840 secs] [Times: user=0.02 sys=0.00, real=0.00 secs] 
234.245: Total time for which application threads were stopped: 0.0113050 seconds, Stopping threads took: 0.0080190 seconds
234.266: Application time: 0.0216330 seconds
234.267: [GC [PSYoungGen: 100368K->7776K(107520K)] 175110K->82518K(352256K), 0.0030140 secs] [Times: user=0.02 sys=0.00, real=0.00 secs] 
234.270: Total time for which application threads were stopped: 0.0032410 seconds, Stopping threads took: 0.0001280 seconds
234.290: Application time: 0.0207020 seconds
234.290: [GC [PSYoungGen: 100448K->7408K(107520K)] 175190K->82150K(352256K), 0.0028790 secs] [Times: user=0.02 sys=0.00, real=0.00 secs] 
234.293: Total time for which application threads were stopped: 0.0030360 seconds, Stopping threads took: 0.0000760 seconds
234.331: Application time: 0.0372740 seconds
234.331: [GC [PSYoungGen: 100080K->13792K(107520K)] 174822K->88534K(352256K), 0.0053850 secs] [Times: user=0.04 sys=0.00, real=0.01 secs] 
234.336: Total time for which application threads were stopped: 0.0055460 seconds, Stopping threads took: 0.0000610 seconds
234.370: Application time: 0.0336060 seconds
234.374: [GC [PSYoungGen: 106464K->7648K(107520K)] 181206K->82390K(352256K), 0.0030260 secs] [Times: user=0.02 sys=0.00, real=0.00 secs] 
234.377: Total time for which application threads were stopped: 0.0072500 seconds, Stopping threads took: 0.0041230 seconds
234.418: Application time: 0.0410440 seconds
234.418: [GC [PSYoungGen: 100320K->7584K(107520K)] 175062K->82326K(352256K), 0.0031430 secs] [Times: user=0.02 sys=0.00, real=0.00 secs] 
234.421: Total time for which application threads were stopped: 0.0033560 seconds, Stopping threads took: 0.0001040 seconds
234.453: Application time: 0.0313230 seconds
234.453: [GC [PSYoungGen: 100256K->7696K(107520K)] 174998K->82438K(352256K), 0.0030900 secs] [Times: user=0.02 sys=0.00, real=0.01 secs] 
234.456: Total time for which application threads were stopped: 0.0032700 seconds, Stopping threads took: 0.0000930 seconds
234.485: Application time: 0.0290750 seconds
234.485: [GC [PSYoungGen: 100368K->7920K(107520K)] 175110K->82662K(352256K), 0.0031880 secs] [Times: user=0.02 sys=0.00, real=0.01 secs] 
234.488: Total time for which application threads were stopped: 0.0033650 seconds, Stopping threads took: 0.0000870 seconds
234.513: Application time: 0.0249660 seconds
234.514: [GC [PSYoungGen: 100592K->7872K(107520K)] 175334K->82614K(352256K), 0.0031210 secs] [Times: user=0.02 sys=0.00, real=0.01 secs] 
234.517: Total time for which application threads were stopped: 0.0033030 seconds, Stopping threads took: 0.0000900 seconds
234.538: Application time: 0.0213560 seconds
234.538: [GC [PSYoungGen: 100544K->8112K(107520K)] 175286K->82854K(352256K), 0.0030340 secs] [Times: user=0.02 sys=0.00, real=0.00 secs] 
234.541: Total time for which application threads were stopped: 0.0032300 seconds, Stopping threads took: 0.0000920 seconds
234.571: Application time: 0.0300370 seconds
234.572: [GC [PSYoungGen: 100784K->10176K(107520K)] 175526K->84918K(352256K), 0.0036650 secs] [Times: user=0.02 sys=0.00, real=0.01 secs] 
234.575: Total time for which application threads were stopped: 0.0038490 seconds, Stopping threads took: 0.0000830 seconds
234.613: Application time: 0.0374150 seconds
234.613: [GC [PSYoungGen: 102848K->8064K(107520K)] 177590K->82806K(352256K), 0.0030740 secs] [Times: user=0.02 sys=0.00, real=0.01 secs] 
234.616: Total time for which application threads were stopped: 0.0032530 seconds, Stopping threads took: 0.0000790 seconds
234.653: Application time: 0.0367600 seconds
234.653: [GC [PSYoungGen: 100736K->7824K(107520K)] 175478K->82566K(352256K), 0.0030330 secs] [Times: user=0.02 sys=0.00, real=0.01 secs] 
234.656: Total time for which application threads were stopped: 0.0032250 seconds, Stopping threads took: 0.0000900 seconds
234.693: Application time: 0.0367930 seconds
234.693: [GC [PSYoungGen: 100496K->7760K(107520K)] 175238K->82502K(352256K), 0.0031790 secs] [Times: user=0.02 sys=0.00, real=0.01 secs] 
234.696: Total time for which application threads were stopped: 0.0033590 seconds, Stopping threads took: 0.0000870 seconds
234.724: Application time: 0.0276840 seconds
234.724: [GC [PSYoungGen: 100432K->8064K(107520K)] 175174K->82806K(352256K), 0.0032330 secs] [Times: user=0.02 sys=0.00, real=0.01 secs] 
234.727: Total time for which application threads were stopped: 0.0033850 seconds, Stopping threads took: 0.0000570 seconds
234.757: Application time: 0.0294330 seconds
234.757: [GC [PSYoungGen: 100736K->8032K(107520K)] 175478K->82774K(352256K), 0.0031730 secs] [Times: user=0.03 sys=0.00, real=0.00 secs] 
234.760: Total time for which application threads were stopped: 0.0033500 seconds, Stopping threads took: 0.0000860 seconds
234.782: Application time: 0.0223080 seconds
234.782: [GC [PSYoungGen: 100704K->8096K(107520K)] 175446K->82838K(352256K), 0.0030920 secs] [Times: user=0.03 sys=0.00, real=0.00 secs] 
234.786: Total time for which application threads were stopped: 0.0032860 seconds, Stopping threads took: 0.0001050 seconds
234.808: Application time: 0.0225040 seconds
234.808: [GC [PSYoungGen: 100768K->12000K(107520K)] 175510K->86742K(352256K), 0.0046400 secs] [Times: user=0.03 sys=0.00, real=0.00 secs] 
234.813: Total time for which application threads were stopped: 0.0048460 seconds, Stopping threads took: 0.0001000 seconds
234.852: Application time: 0.0393890 seconds
234.852: [GC [PSYoungGen: 104672K->9984K(107520K)] 179414K->84726K(352256K), 0.0035130 secs] [Times: user=0.03 sys=0.00, real=0.01 secs] 
234.856: Total time for which application threads were stopped: 0.0036880 seconds, Stopping threads took: 0.0000720 seconds
234.890: Application time: 0.0335610 seconds
234.890: [GC [PSYoungGen: 102656K->7856K(107520K)] 177398K->82598K(352256K), 0.0030150 secs] [Times: user=0.02 sys=0.00, real=0.00 secs] 
234.893: Total time for which application threads were stopped: 0.0031920 seconds, Stopping threads took: 0.0000740 seconds
234.934: Application time: 0.0414440 seconds
234.934: [GC [PSYoungGen: 100528K->7664K(107520K)] 175270K->82406K(352256K), 0.0031960 secs] [Times: user=0.02 sys=0.00, real=0.00 secs] 
234.938: Total time for which application threads were stopped: 0.0033880 seconds, Stopping threads took: 0.0000750 seconds
234.967: Application time: 0.0298150 seconds
234.967: [GC [PSYoungGen: 100336K->7616K(107520K)] 175078K->82470K(352256K), 0.0031140 secs] [Times: user=0.01 sys=0.00, real=0.00 secs] 
234.971: Total time for which application threads were stopped: 0.0032730 seconds, Stopping threads took: 0.0000680 seconds
235.000: Application time: 0.0296750 seconds
235.000: [GC [PSYoungGen: 100288K->7536K(107520K)] 175142K->82570K(352256K), 0.0052110 secs] [Times: user=0.03 sys=0.00, real=0.00 secs] 
235.006: Total time for which application threads were stopped: 0.0054090 seconds, Stopping threads took: 0.0000970 seconds
235.029: Application time: 0.0232930 seconds
235.030: [GC [PSYoungGen: 100208K->7808K(107520K)] 175242K->82842K(352256K), 0.0030530 secs] [Times: user=0.02 sys=0.00, real=0.00 secs] 
235.033: Total time for which application threads were stopped: 0.0040750 seconds, Stopping threads took: 0.0009250 seconds
235.054: Application time: 0.0206250 seconds
235.054: [GC [PSYoungGen: 100480K->8000K(107520K)] 175514K->83034K(352256K), 0.0030740 secs] [Times: user=0.02 sys=0.00, real=0.00 secs] 
235.057: Total time for which application threads were stopped: 0.0032740 seconds, Stopping threads took: 0.0000970 seconds
235.093: Application time: 0.0357300 seconds
235.093: [GC [PSYoungGen: 100672K->11408K(107520K)] 175706K->86442K(352256K), 0.0042180 secs] [Times: user=0.03 sys=0.00, real=0.01 secs] 
235.097: Total time for which application threads were stopped: 0.0044000 seconds, Stopping threads took: 0.0000800 seconds
235.132: Application time: 0.0344210 seconds
235.132: [GC [PSYoungGen: 104080K->7728K(107520K)] 179114K->82762K(352256K), 0.0029430 secs] [Times: user=0.02 sys=0.00, real=0.01 secs] 
235.135: Total time for which application threads were stopped: 0.0031470 seconds, Stopping threads took: 0.0001010 seconds
235.174: Application time: 0.0393030 seconds
235.174: [GC [PSYoungGen: 100400K->7632K(107520K)] 175434K->82666K(352256K), 0.0029880 secs] [Times: user=0.02 sys=0.00, real=0.00 secs] 
235.177: Total time for which application threads were stopped: 0.0031720 seconds, Stopping threads took: 0.0000860 seconds
235.210: Application time: 0.0328220 seconds
235.214: [GC [PSYoungGen: 100304K->7808K(107520K)] 175338K->82842K(352256K), 0.0031130 secs] [Times: user=0.02 sys=0.00, real=0.00 secs] 
235.217: Total time for which application threads were stopped: 0.0071440 seconds, Stopping threads took: 0.0039300 seconds
235.246: Application time: 0.0288010 seconds
235.246: [GC [PSYoungGen: 100480K->7744K(107520K)] 175514K->82778K(352256K), 0.0031330 secs] [Times: user=0.03 sys=0.00, real=0.00 secs] 
235.249: Total time for which application threads were stopped: 0.0032870 seconds, Stopping threads took: 0.0000670 seconds
235.276: Application time: 0.0269660 seconds
235.276: [GC [PSYoungGen: 100416K->8048K(107520K)] 175450K->83082K(352256K), 0.0031570 secs] [Times: user=0.02 sys=0.00, real=0.00 secs] 
235.280: Total time for which application threads were stopped: 0.0033220 seconds, Stopping threads took: 0.0000740 seconds
235.302: Application time: 0.0221280 seconds
235.302: [GC [PSYoungGen: 100720K->8144K(107520K)] 175754K->83178K(352256K), 0.0031720 secs] [Times: user=0.02 sys=0.01, real=0.00 secs] 
235.305: Total time for which application threads were stopped: 0.0033560 seconds, Stopping threads took: 0.0000920 seconds
235.331: Application time: 0.0264370 seconds
235.334: [GC [PSYoungGen: 100816K->11200K(107520K)] 175850K->86234K(352256K), 0.0042730 secs] [Times: user=0.03 sys=0.00, real=0.00 secs] 
235.338: Total time for which application threads were stopped: 0.0068500 seconds, Stopping threads took: 0.0024850 seconds
235.378: Application time: 0.0396390 seconds
235.382: [GC [PSYoungGen: 103872K->8432K(107520K)] 178906K->83466K(352256K), 0.0034830 secs] [Times: user=0.02 sys=0.00, real=0.00 secs] 
235.386: Total time for which application threads were stopped: 0.0078170 seconds, Stopping threads took: 0.0042190 seconds
235.421: Application time: 0.0348130 seconds
235.421: [GC [PSYoungGen: 101104K->7872K(107520K)] 176138K->82906K(352256K), 0.0031730 secs] [Times: user=0.02 sys=0.00, real=0.00 secs] 
235.424: Total time for which application threads were stopped: 0.0033520 seconds, Stopping threads took: 0.0000810 seconds
235.462: Application time: 0.0383200 seconds
235.462: [GC [PSYoungGen: 100544K->8048K(107520K)] 175578K->83082K(352256K), 0.0032280 secs] [Times: user=0.02 sys=0.00, real=0.00 secs] 
235.466: Total time for which application threads were stopped: 0.0034420 seconds, Stopping threads took: 0.0001010 seconds
235.495: Application time: 0.0290650 seconds
235.495: [GC [PSYoungGen: 100720K->8048K(107520K)] 175754K->83082K(352256K), 0.0033040 secs] [Times: user=0.02 sys=0.00, real=0.00 secs] 
235.498: Total time for which application threads were stopped: 0.0034700 seconds, Stopping threads took: 0.0000710 seconds
235.528: Application time: 0.0293090 seconds
235.528: [GC [PSYoungGen: 100720K->7936K(107520K)] 175754K->82970K(352256K), 0.0032630 secs] [Times: user=0.02 sys=0.00, real=0.00 secs] 
235.531: Total time for which application threads were stopped: 0.0034630 seconds, Stopping threads took: 0.0001100 seconds
235.552: Application time: 0.0213160 seconds
235.552: [GC [PSYoungGen: 100608K->8000K(107520K)] 175642K->83034K(352256K), 0.0031210 secs] [Times: user=0.02 sys=0.00, real=0.01 secs] 
235.556: Total time for which application threads were stopped: 0.0033040 seconds, Stopping threads took: 0.0000930 seconds
235.578: Application time: 0.0224170 seconds
235.578: [GC [PSYoungGen: 100672K->9744K(107520K)] 175706K->84778K(352256K), 0.0035330 secs] [Times: user=0.03 sys=0.00, real=0.00 secs] 
235.582: Total time for which application threads were stopped: 0.0036960 seconds, Stopping threads took: 0.0000610 seconds
235.618: Application time: 0.0366790 seconds
235.619: [GC [PSYoungGen: 102416K->14832K(107520K)] 177450K->90514K(352256K), 0.0059370 secs] [Times: user=0.04 sys=0.00, real=0.00 secs] 
235.625: Total time for which application threads were stopped: 0.0061160 seconds, Stopping threads took: 0.0000760 seconds
235.659: Application time: 0.0348140 seconds
235.660: [GC [PSYoungGen: 107504K->12928K(107520K)] 183186K->88610K(352256K), 0.0048570 secs] [Times: user=0.04 sys=0.00, real=0.00 secs] 
235.664: Total time for which application threads were stopped: 0.0050400 seconds, Stopping threads took: 0.0000800 seconds
235.705: Application time: 0.0405300 seconds
235.705: [GC [PSYoungGen: 105600K->12800K(107520K)] 181282K->88482K(352256K), 0.0049100 secs] [Times: user=0.04 sys=0.00, real=0.01 secs] 
235.710: Total time for which application threads were stopped: 0.0051220 seconds, Stopping threads took: 0.0001090 seconds
235.741: Application time: 0.0306810 seconds
235.741: [GC [PSYoungGen: 105472K->12752K(107520K)] 181154K->88550K(352256K), 0.0050440 secs] [Times: user=0.04 sys=0.00, real=0.01 secs] 
235.746: Total time for which application threads were stopped: 0.0052020 seconds, Stopping threads took: 0.0000530 seconds
235.775: Application time: 0.0292910 seconds
235.775: [GC [PSYoungGen: 105424K->12624K(107520K)] 181222K->88606K(352256K), 0.0048450 secs] [Times: user=0.04 sys=0.00, real=0.00 secs] 
235.780: Total time for which application threads were stopped: 0.0050320 seconds, Stopping threads took: 0.0000840 seconds
235.804: Application time: 0.0236280 seconds
235.804: [GC [PSYoungGen: 105296K->12672K(107520K)] 181278K->88654K(352256K), 0.0048160 secs] [Times: user=0.03 sys=0.00, real=0.01 secs] 
235.809: Total time for which application threads were stopped: 0.0049950 seconds, Stopping threads took: 0.0000770 seconds
235.831: Application time: 0.0220150 seconds
235.831: [GC [PSYoungGen: 105344K->12384K(107520K)] 181326K->88366K(352256K), 0.0046790 secs] [Times: user=0.03 sys=0.00, real=0.01 secs] 
235.836: Total time for which application threads were stopped: 0.0048540 seconds, Stopping threads took: 0.0000740 seconds
235.869: Application time: 0.0327490 seconds
235.869: [GC [PSYoungGen: 105056K->13600K(107520K)] 181038K->89582K(352256K), 0.0050810 secs] [Times: user=0.04 sys=0.00, real=0.00 secs] 
235.874: Total time for which application threads were stopped: 0.0052650 seconds, Stopping threads took: 0.0000790 seconds
235.910: Application time: 0.0357160 seconds
235.910: [GC [PSYoungGen: 106272K->12704K(107520K)] 182254K->88694K(352256K), 0.0049280 secs] [Times: user=0.03 sys=0.00, real=0.01 secs] 
235.915: Total time for which application threads were stopped: 0.0051610 seconds, Stopping threads took: 0.0001310 seconds
235.952: Application time: 0.0373400 seconds
235.952: [GC [PSYoungGen: 105376K->12480K(107520K)] 181366K->88478K(352256K), 0.0048510 secs] [Times: user=0.04 sys=0.00, real=0.01 secs] 
235.957: Total time for which application threads were stopped: 0.0050530 seconds, Stopping threads took: 0.0001000 seconds
235.991: Application time: 0.0342560 seconds
235.994: [GC [PSYoungGen: 105152K->12400K(107520K)] 181150K->88398K(352256K), 0.0048980 secs] [Times: user=0.04 sys=0.00, real=0.00 secs] 
235.999: Total time for which application threads were stopped: 0.0076240 seconds, Stopping threads took: 0.0026130 seconds
236.029: Application time: 0.0295610 seconds
236.029: [GC [PSYoungGen: 105072K->12528K(107520K)] 181070K->88526K(352256K), 0.0047510 secs] [Times: user=0.03 sys=0.00, real=0.00 secs] 
236.033: Total time for which application threads were stopped: 0.0049350 seconds, Stopping threads took: 0.0000780 seconds
236.062: Application time: 0.0281870 seconds
236.062: [GC [PSYoungGen: 105200K->12720K(107520K)] 181198K->88718K(352256K), 0.0049320 secs] [Times: user=0.03 sys=0.01, real=0.01 secs] 
236.067: Total time for which application threads were stopped: 0.0051220 seconds, Stopping threads took: 0.0000840 seconds
236.089: Application time: 0.0224180 seconds
236.089: [GC [PSYoungGen: 105392K->12976K(107520K)] 181390K->88974K(352256K), 0.0048440 secs] [Times: user=0.03 sys=0.00, real=0.01 secs] 
236.094: Total time for which application threads were stopped: 0.0050020 seconds, Stopping threads took: 0.0000510 seconds
236.117: Application time: 0.0231960 seconds
236.118: [GC [PSYoungGen: 105648K->14832K(107520K)] 181646K->94129K(352256K), 0.0071120 secs] [Times: user=0.05 sys=0.00, real=0.00 secs] 
236.125: Total time for which application threads were stopped: 0.0073300 seconds, Stopping threads took: 0.0001110 seconds
236.164: Application time: 0.0394530 seconds
236.164: [GC [PSYoungGen: 107504K->12416K(107520K)] 186801K->96658K(352256K), 0.0065320 secs] [Times: user=0.05 sys=0.00, real=0.01 secs] 
236.171: Total time for which application threads were stopped: 0.0067280 seconds, Stopping threads took: 0.0000940 seconds
236.205: Application time: 0.0338850 seconds
236.205: [GC [PSYoungGen: 105088K->8880K(107520K)] 189330K->93122K(352256K), 0.0038320 secs] [Times: user=0.02 sys=0.00, real=0.01 secs] 
236.209: Total time for which application threads were stopped: 0.0040240 seconds, Stopping threads took: 0.0000870 seconds
236.250: Application time: 0.0409250 seconds
236.250: [GC [PSYoungGen: 101552K->9072K(107520K)] 185794K->93314K(352256K), 0.0039030 secs] [Times: user=0.03 sys=0.00, real=0.00 secs] 
236.254: Total time for which application threads were stopped: 0.0041310 seconds, Stopping threads took: 0.0001210 seconds
236.283: Application time: 0.0292550 seconds
236.283: [GC [PSYoungGen: 101744K->8928K(107520K)] 185986K->93170K(352256K), 0.0040020 secs] [Times: user=0.03 sys=0.00, real=0.01 secs] 
236.287: Total time for which application threads were stopped: 0.0041910 seconds, Stopping threads took: 0.0000930 seconds
236.317: Application time: 0.0292420 seconds
236.317: [GC [PSYoungGen: 101600K->8928K(107520K)] 185842K->93170K(352256K), 0.0038260 secs] [Times: user=0.03 sys=0.00, real=0.00 secs] 
236.321: Total time for which application threads were stopped: 0.0040290 seconds, Stopping threads took: 0.0001030 seconds
236.343: Application time: 0.0224180 seconds
236.343: [GC [PSYoungGen: 101600K->9232K(107520K)] 185842K->93474K(352256K), 0.0038570 secs] [Times: user=0.03 sys=0.00, real=0.01 secs] 
236.347: Total time for which application threads were stopped: 0.0040380 seconds, Stopping threads took: 0.0000800 seconds
236.369: Application time: 0.0214320 seconds
236.369: [GC [PSYoungGen: 101904K->10048K(107520K)] 186146K->94290K(352256K), 0.0039920 secs] [Times: user=0.03 sys=0.00, real=0.00 secs] 
236.373: Total time for which application threads were stopped: 0.0041950 seconds, Stopping threads took: 0.0001010 seconds
236.410: Application time: 0.0375010 seconds
236.410: [GC [PSYoungGen: 102720K->14832K(107520K)] 186962K->99586K(352256K), 0.0061670 secs] [Times: user=0.04 sys=0.00, real=0.01 secs] 
236.417: Total time for which application threads were stopped: 0.0063300 seconds, Stopping threads took: 0.0000530 seconds
236.451: Application time: 0.0341450 seconds
236.451: [GC [PSYoungGen: 107504K->11296K(107520K)] 192258K->96050K(352256K), 0.0045220 secs] [Times: user=0.04 sys=0.00, real=0.01 secs] 
236.455: Total time for which application threads were stopped: 0.0047280 seconds, Stopping threads took: 0.0001020 seconds
236.496: Application time: 0.0404780 seconds
236.496: [GC [PSYoungGen: 103968K->11136K(107520K)] 188722K->95890K(352256K), 0.0045650 secs] [Times: user=0.03 sys=0.00, real=0.00 secs] 
236.501: Total time for which application threads were stopped: 0.0047590 seconds, Stopping threads took: 0.0000750 seconds
236.532: Application time: 0.0309470 seconds
236.532: [GC [PSYoungGen: 103808K->11264K(107520K)] 188562K->96066K(352256K), 0.0046080 secs] [Times: user=0.03 sys=0.00, real=0.01 secs] 
236.536: Total time for which application threads were stopped: 0.0048180 seconds, Stopping threads took: 0.0001060 seconds
236.567: Application time: 0.0304700 seconds
236.567: [GC [PSYoungGen: 103936K->10960K(107520K)] 188738K->95947K(352256K), 0.0045930 secs] [Times: user=0.04 sys=0.00, real=0.00 secs] 
236.572: Total time for which application threads were stopped: 0.0047740 seconds, Stopping threads took: 0.0000790 seconds
236.597: Application time: 0.0257080 seconds
236.597: [GC [PSYoungGen: 103632K->10992K(107520K)] 188619K->96058K(352256K), 0.0045040 secs] [Times: user=0.04 sys=0.00, real=0.00 secs] 
236.602: Total time for which application threads were stopped: 0.0046640 seconds, Stopping threads took: 0.0000580 seconds
236.624: Application time: 0.0215780 seconds
236.624: [GC [PSYoungGen: 103664K->11072K(107520K)] 188730K->96139K(352256K), 0.0045480 secs] [Times: user=0.04 sys=0.00, real=0.01 secs] 
236.628: Total time for which application threads were stopped: 0.0047250 seconds, Stopping threads took: 0.0000730 seconds
236.655: Application time: 0.0267770 seconds
236.655: [GC [PSYoungGen: 103744K->14816K(107520K)] 188811K->103718K(352256K), 0.0073920 secs] [Times: user=0.06 sys=0.00, real=0.00 secs] 
236.663: Total time for which application threads were stopped: 0.0075990 seconds, Stopping threads took: 0.0001000 seconds
236.703: Application time: 0.0402470 seconds
236.703: [GC [PSYoungGen: 107488K->12160K(107520K)] 196390K->101062K(352256K), 0.0047910 secs] [Times: user=0.03 sys=0.00, real=0.01 secs] 
236.708: Total time for which application threads were stopped: 0.0049480 seconds, Stopping threads took: 0.0000530 seconds
236.744: Application time: 0.0361680 seconds
236.744: [GC [PSYoungGen: 104832K->11408K(107520K)] 193734K->100310K(352256K), 0.0046410 secs] [Times: user=0.04 sys=0.00, real=0.01 secs] 
236.749: Total time for which application threads were stopped: 0.0048230 seconds, Stopping threads took: 0.0000780 seconds
236.787: Application time: 0.0383240 seconds
236.787: [GC [PSYoungGen: 104080K->11472K(107520K)] 192982K->100382K(352256K), 0.0048370 secs] [Times: user=0.03 sys=0.00, real=0.00 secs] 
236.792: Total time for which application threads were stopped: 0.0050350 seconds, Stopping threads took: 0.0000960 seconds
236.818: Application time: 0.0258770 seconds
236.818: [GC [PSYoungGen: 104144K->11632K(107520K)] 193054K->100542K(352256K), 0.0050370 secs] [Times: user=0.03 sys=0.00, real=0.00 secs] 
236.823: Total time for which application threads were stopped: 0.0052220 seconds, Stopping threads took: 0.0000800 seconds
236.857: Application time: 0.0332060 seconds
236.857: [GC [PSYoungGen: 104304K->11872K(107520K)] 193214K->100782K(352256K), 0.0048080 secs] [Times: user=0.03 sys=0.00, real=0.00 secs] 
236.862: Total time for which application threads were stopped: 0.0049950 seconds, Stopping threads took: 0.0000810 seconds
236.882: Application time: 0.0206130 seconds
236.882: [GC [PSYoungGen: 104544K->11920K(107520K)] 193454K->100830K(352256K), 0.0047600 secs] [Times: user=0.03 sys=0.00, real=0.01 secs] 
236.887: Total time for which application threads were stopped: 0.0049380 seconds, Stopping threads took: 0.0000750 seconds
236.909: Application time: 0.0216760 seconds
236.909: [GC [PSYoungGen: 104592K->12816K(107520K)] 193502K->101726K(352256K), 0.0049590 secs] [Times: user=0.04 sys=0.00, real=0.01 secs] 
236.914: Total time for which application threads were stopped: 0.0051380 seconds, Stopping threads took: 0.0000750 seconds
236.954: Application time: 0.0405290 seconds
236.955: [GC [PSYoungGen: 105488K->11088K(107520K)] 194398K->102402K(352256K), 0.0053220 secs] [Times: user=0.04 sys=0.00, real=0.00 secs] 
236.960: Total time for which application threads were stopped: 0.0054880 seconds, Stopping threads took: 0.0000660 seconds
236.991: Application time: 0.0314700 seconds
236.992: [GC [PSYoungGen: 103760K->9408K(107520K)] 195074K->100721K(352256K), 0.0038560 secs] [Times: user=0.03 sys=0.00, real=0.01 secs] 
236.996: Total time for which application threads were stopped: 0.0040560 seconds, Stopping threads took: 0.0000980 seconds
237.038: Application time: 0.0427060 seconds
237.038: [GC [PSYoungGen: 102080K->9696K(107520K)] 193393K->101010K(352256K), 0.0040230 secs] [Times: user=0.03 sys=0.00, real=0.00 secs] 
237.042: Total time for which application threads were stopped: 0.0042560 seconds, Stopping threads took: 0.0001100 seconds
237.072: Application time: 0.0292470 seconds
237.072: [GC [PSYoungGen: 102368K->9504K(107520K)] 193682K->100818K(352256K), 0.0039440 secs] [Times: user=0.03 sys=0.00, real=0.01 secs] 
237.076: Total time for which application threads were stopped: 0.0041400 seconds, Stopping threads took: 0.0000880 seconds
237.107: Application time: 0.0306580 seconds
237.107: [GC [PSYoungGen: 102176K->9600K(107520K)] 193490K->100913K(352256K), 0.0041140 secs] [Times: user=0.03 sys=0.00, real=0.00 secs] 
237.111: Total time for which application threads were stopped: 0.0043010 seconds, Stopping threads took: 0.0000800 seconds
237.134: Application time: 0.0233930 seconds
237.134: [GC [PSYoungGen: 102272K->9408K(107520K)] 193585K->100722K(352256K), 0.0038500 secs] [Times: user=0.03 sys=0.00, real=0.00 secs] 
237.138: Total time for which application threads were stopped: 0.0040490 seconds, Stopping threads took: 0.0000930 seconds
237.158: Application time: 0.0194900 seconds
237.158: [GC [PSYoungGen: 102080K->9680K(107520K)] 193394K->100993K(352256K), 0.0040130 secs] [Times: user=0.02 sys=0.00, real=0.00 secs] 
237.162: Total time for which application threads were stopped: 0.0042170 seconds, Stopping threads took: 0.0000990 seconds
237.197: Application time: 0.0345680 seconds
237.197: [GC [PSYoungGen: 102352K->14832K(107520K)] 193665K->109458K(352256K), 0.0071760 secs] [Times: user=0.05 sys=0.00, real=0.00 secs] 
237.204: Total time for which application threads were stopped: 0.0073650 seconds, Stopping threads took: 0.0000890 seconds
237.239: Application time: 0.0346410 seconds
237.239: [GC [PSYoungGen: 107504K->11936K(107520K)] 202130K->106562K(352256K), 0.0046640 secs] [Times: user=0.03 sys=0.00, real=0.00 secs] 
237.243: Total time for which application threads were stopped: 0.0048740 seconds, Stopping threads took: 0.0001050 seconds
237.283: Application time: 0.0394500 seconds
237.283: [GC [PSYoungGen: 104608K->11920K(107520K)] 199234K->106546K(352256K), 0.0048790 secs] [Times: user=0.03 sys=0.00, real=0.01 secs] 
237.288: Total time for which application threads were stopped: 0.0050760 seconds, Stopping threads took: 0.0000930 seconds
237.323: Application time: 0.0350490 seconds
237.323: [GC [PSYoungGen: 104592K->11936K(107520K)] 199218K->106562K(352256K), 0.0046520 secs] [Times: user=0.03 sys=0.00, real=0.01 secs] 
237.328: Total time for which application threads were stopped: 0.0048310 seconds, Stopping threads took: 0.0000770 seconds
237.356: Application time: 0.0278270 seconds
237.356: [GC [PSYoungGen: 104608K->11744K(107520K)] 199234K->106578K(352256K), 0.0047080 secs] [Times: user=0.03 sys=0.00, real=0.00 secs] 
237.361: Total time for which application threads were stopped: 0.0048990 seconds, Stopping threads took: 0.0000900 seconds
237.390: Application time: 0.0297330 seconds
237.390: [GC [PSYoungGen: 104416K->11600K(107520K)] 199250K->106522K(352256K), 0.0046860 secs] [Times: user=0.03 sys=0.00, real=0.01 secs] 
237.395: Total time for which application threads were stopped: 0.0048880 seconds, Stopping threads took: 0.0000990 seconds
237.414: Application time: 0.0187410 seconds
237.414: [GC [PSYoungGen: 104264K->11744K(107520K)] 199187K->106666K(352256K), 0.0046250 secs] [Times: user=0.03 sys=0.00, real=0.00 secs] 
237.419: Total time for which application threads were stopped: 0.0047950 seconds, Stopping threads took: 0.0000670 seconds
237.443: Application time: 0.0246980 seconds
237.444: [GC [PSYoungGen: 104416K->12992K(107520K)] 199338K->107914K(352256K), 0.0050150 secs] [Times: user=0.03 sys=0.00, real=0.01 secs] 
237.449: Total time for which application threads were stopped: 0.0052020 seconds, Stopping threads took: 0.0000860 seconds
237.490: Application time: 0.0409890 seconds
237.490: [GC [PSYoungGen: 105664K->12640K(107520K)] 200586K->107562K(352256K), 0.0047770 secs] [Times: user=0.04 sys=0.00, real=0.01 secs] 
237.495: Total time for which application threads were stopped: 0.0049330 seconds, Stopping threads took: 0.0000510 seconds
237.528: Application time: 0.0337630 seconds
237.528: [GC [PSYoungGen: 105312K->11440K(107520K)] 200234K->106378K(352256K), 0.0046120 secs] [Times: user=0.03 sys=0.00, real=0.00 secs] 
237.533: Total time for which application threads were stopped: 0.0047880 seconds, Stopping threads took: 0.0000720 seconds
237.574: Application time: 0.0413360 seconds
237.575: [GC [PSYoungGen: 104112K->11520K(107520K)] 199050K->106458K(352256K), 0.0045440 secs] [Times: user=0.03 sys=0.00, real=0.00 secs] 
237.579: Total time for which application threads were stopped: 0.0047450 seconds, Stopping threads took: 0.0000800 seconds
237.605: Application time: 0.0256920 seconds
237.605: [GC [PSYoungGen: 104192K->11760K(107520K)] 199130K->106698K(352256K), 0.0046780 secs] [Times: user=0.03 sys=0.00, real=0.01 secs] 
237.610: Total time for which application threads were stopped: 0.0048810 seconds, Stopping threads took: 0.0000990 seconds
237.643: Application time: 0.0327000 seconds
237.643: [GC [PSYoungGen: 104432K->11952K(107520K)] 199370K->106890K(352256K), 0.0048490 secs] [Times: user=0.03 sys=0.00, real=0.01 secs] 
237.648: Total time for which application threads were stopped: 0.0050360 seconds, Stopping threads took: 0.0000840 seconds
237.668: Application time: 0.0207820 seconds
237.668: [GC [PSYoungGen: 104624K->11776K(107520K)] 199562K->106714K(352256K), 0.0045670 secs] [Times: user=0.03 sys=0.00, real=0.00 secs] 
237.673: Total time for which application threads were stopped: 0.0047680 seconds, Stopping threads took: 0.0000980 seconds
237.693: Application time: 0.0196320 seconds
237.693: [GC [PSYoungGen: 104448K->12272K(107520K)] 199386K->107210K(352256K), 0.0048470 secs] [Times: user=0.03 sys=0.00, real=0.01 secs] 
237.698: Total time for which application threads were stopped: 0.0050220 seconds, Stopping threads took: 0.0000720 seconds
237.739: Application time: 0.0413890 seconds
237.739: [GC [PSYoungGen: 104944K->11088K(107520K)] 199882K->110086K(352256K), 0.0058810 secs] [Times: user=0.05 sys=0.00, real=0.00 secs] 
237.745: Total time for which application threads were stopped: 0.0060610 seconds, Stopping threads took: 0.0000750 seconds
237.775: Application time: 0.0302050 seconds
237.776: [GC [PSYoungGen: 103760K->8160K(107520K)] 202758K->107158K(352256K), 0.0031650 secs] [Times: user=0.02 sys=0.00, real=0.00 secs] 
237.779: Total time for which application threads were stopped: 0.0033600 seconds, Stopping threads took: 0.0000930 seconds
237.821: Application time: 0.0425240 seconds
237.821: [GC [PSYoungGen: 100832K->7728K(107520K)] 199830K->106726K(352256K), 0.0032230 secs] [Times: user=0.02 sys=0.00, real=0.00 secs] 
237.825: Total time for which application threads were stopped: 0.0034140 seconds, Stopping threads took: 0.0000970 seconds
237.855: Application time: 0.0307130 seconds
237.856: [GC [PSYoungGen: 100400K->7840K(107520K)] 199398K->106838K(352256K), 0.0031600 secs] [Times: user=0.03 sys=0.00, real=0.00 secs] 
237.859: Total time for which application threads were stopped: 0.0033660 seconds, Stopping threads took: 0.0001070 seconds
237.890: Application time: 0.0307160 seconds
237.890: [GC [PSYoungGen: 100512K->7872K(107520K)] 199510K->106870K(352256K), 0.0032040 secs] [Times: user=0.02 sys=0.00, real=0.00 secs] 
237.893: Total time for which application threads were stopped: 0.0033650 seconds, Stopping threads took: 0.0000700 seconds
237.919: Application time: 0.0258690 seconds
237.919: [GC [PSYoungGen: 100544K->8048K(107520K)] 199542K->107046K(352256K), 0.0031730 secs] [Times: user=0.02 sys=0.00, real=0.00 secs] 
237.922: Total time for which application threads were stopped: 0.0033490 seconds, Stopping threads took: 0.0000860 seconds
237.941: Application time: 0.0187220 seconds
237.941: [GC [PSYoungGen: 100720K->8128K(107520K)] 199718K->107126K(352256K), 0.0031400 secs] [Times: user=0.02 sys=0.00, real=0.00 secs] 
237.944: Total time for which application threads were stopped: 0.0033160 seconds, Stopping threads took: 0.0000810 seconds
237.974: Application time: 0.0293910 seconds
237.974: [GC [PSYoungGen: 100800K->14816K(107520K)] 199798K->113814K(352256K), 0.0060180 secs] [Times: user=0.04 sys=0.00, real=0.01 secs] 
237.980: Total time for which application threads were stopped: 0.0062010 seconds, Stopping threads took: 0.0000810 seconds
238.019: Application time: 0.0395430 seconds
238.019: [GC [PSYoungGen: 107488K->8992K(107520K)] 206486K->107990K(352256K), 0.0032460 secs] [Times: user=0.02 sys=0.00, real=0.00 secs] 
238.023: Total time for which application threads were stopped: 0.0034320 seconds, Stopping threads took: 0.0000810 seconds
238.060: Application time: 0.0377230 seconds
238.061: [GC [PSYoungGen: 101664K->7728K(107520K)] 200662K->106726K(352256K), 0.0031350 secs] [Times: user=0.02 sys=0.00, real=0.00 secs] 
238.064: Total time for which application threads were stopped: 0.0033310 seconds, Stopping threads took: 0.0000930 seconds
238.102: Application time: 0.0382550 seconds
238.102: [GC [PSYoungGen: 100400K->7696K(107520K)] 199398K->106694K(352256K), 0.0030570 secs] [Times: user=0.02 sys=0.00, real=0.00 secs] 
238.105: Total time for which application threads were stopped: 0.0032600 seconds, Stopping threads took: 0.0000850 seconds
238.131: Application time: 0.0260310 seconds
238.131: [GC [PSYoungGen: 100368K->7616K(107520K)] 199366K->106778K(352256K), 0.0031160 secs] [Times: user=0.02 sys=0.00, real=0.01 secs] 
238.135: Total time for which application threads were stopped: 0.0033070 seconds, Stopping threads took: 0.0000920 seconds
238.166: Application time: 0.0315400 seconds
238.166: [GC [PSYoungGen: 100288K->7648K(107520K)] 199450K->106930K(352256K), 0.0030380 secs] [Times: user=0.02 sys=0.00, real=0.00 secs] 
238.169: Total time for which application threads were stopped: 0.0032370 seconds, Stopping threads took: 0.0000990 seconds
238.189: Application time: 0.0191370 seconds
238.189: [GC [PSYoungGen: 100320K->7552K(107520K)] 199602K->106834K(352256K), 0.0030020 secs] [Times: user=0.02 sys=0.00, real=0.00 secs] 
238.192: Total time for which application threads were stopped: 0.0031940 seconds, Stopping threads took: 0.0000920 seconds
238.214: Application time: 0.0217950 seconds
238.214: [GC [PSYoungGen: 100224K->7472K(107520K)] 199506K->106754K(352256K), 0.0028240 secs] [Times: user=0.02 sys=0.00, real=0.01 secs] 
238.217: Total time for which application threads were stopped: 0.0030100 seconds, Stopping threads took: 0.0000850 seconds
238.259: Application time: 0.0426830 seconds
238.259: [GC [PSYoungGen: 100144K->8448K(107520K)] 199426K->107730K(352256K), 0.0032640 secs] [Times: user=0.02 sys=0.00, real=0.00 secs] 
238.263: Total time for which application threads were stopped: 0.0034750 seconds, Stopping threads took: 0.0001100 seconds
238.295: Application time: 0.0317750 seconds
238.295: [GC [PSYoungGen: 101120K->7504K(107520K)] 200402K->106794K(352256K), 0.0030100 secs] [Times: user=0.02 sys=0.00, real=0.00 secs] 
238.298: Total time for which application threads were stopped: 0.0031950 seconds, Stopping threads took: 0.0000730 seconds
238.340: Application time: 0.0425780 seconds
238.340: [GC [PSYoungGen: 100176K->7584K(107520K)] 199466K->106874K(352256K), 0.0031090 secs] [Times: user=0.02 sys=0.00, real=0.00 secs] 
238.344: Total time for which application threads were stopped: 0.0033150 seconds, Stopping threads took: 0.0001050 seconds
238.372: Application time: 0.0280850 seconds
238.372: [GC [PSYoungGen: 100256K->7696K(107520K)] 199546K->106986K(352256K), 0.0030370 secs] [Times: user=0.02 sys=0.00, real=0.01 secs] 
238.375: Total time for which application threads were stopped: 0.0032090 seconds, Stopping threads took: 0.0000700 seconds
238.407: Application time: 0.0322410 seconds
238.407: [GC [PSYoungGen: 100368K->7840K(107520K)] 199658K->107130K(352256K), 0.0031730 secs] [Times: user=0.01 sys=0.00, real=0.00 secs] 
238.411: Total time for which application threads were stopped: 0.0033710 seconds, Stopping threads took: 0.0000970 seconds
238.433: Application time: 0.0226690 seconds
238.433: [GC [PSYoungGen: 100512K->7920K(107520K)] 199802K->107210K(352256K), 0.0031860 secs] [Times: user=0.03 sys=0.00, real=0.01 secs] 
238.437: Total time for which application threads were stopped: 0.0033800 seconds, Stopping threads took: 0.0000980 seconds
238.457: Application time: 0.0199710 seconds
238.457: [GC [PSYoungGen: 100592K->8576K(107520K)] 199882K->107866K(352256K), 0.0034170 secs] [Times: user=0.02 sys=0.00, real=0.00 secs] 
238.460: Total time for which application threads were stopped: 0.0036030 seconds, Stopping threads took: 0.0000950 seconds
238.498: Application time: 0.0376520 seconds
238.498: [GC [PSYoungGen: 101248K->12768K(107520K)] 200538K->112058K(352256K), 0.0046340 secs] [Times: user=0.03 sys=0.00, real=0.00 secs] 
238.503: Total time for which application threads were stopped: 0.0048390 seconds, Stopping threads took: 0.0001020 seconds
238.535: Application time: 0.0325670 seconds
238.535: [GC [PSYoungGen: 105440K->8016K(107520K)] 204730K->107306K(352256K), 0.0030910 secs] [Times: user=0.02 sys=0.00, real=0.00 secs] 
238.538: Total time for which application threads were stopped: 0.0032710 seconds, Stopping threads took: 0.0000780 seconds
238.579: Application time: 0.0400420 seconds
238.579: [GC [PSYoungGen: 100688K->7904K(107520K)] 199978K->107194K(352256K), 0.0032350 secs] [Times: user=0.01 sys=0.00, real=0.00 secs] 
238.582: Total time for which application threads were stopped: 0.0034140 seconds, Stopping threads took: 0.0000770 seconds
238.615: Application time: 0.0332910 seconds
238.615: [GC [PSYoungGen: 100576K->8224K(107520K)] 199866K->107515K(352256K), 0.0030960 secs] [Times: user=0.02 sys=0.00, real=0.00 secs] 
238.619: Total time for which application threads were stopped: 0.0033050 seconds, Stopping threads took: 0.0000860 seconds
238.648: Application time: 0.0294070 seconds
238.648: [GC [PSYoungGen: 100896K->7872K(107520K)] 200187K->107162K(352256K), 0.0031270 secs] [Times: user=0.02 sys=0.00, real=0.00 secs] 
238.651: Total time for which application threads were stopped: 0.0033340 seconds, Stopping threads took: 0.0001050 seconds
238.679: Application time: 0.0275060 seconds
238.679: [GC [PSYoungGen: 100544K->8096K(107520K)] 199834K->107386K(352256K), 0.0030880 secs] [Times: user=0.02 sys=0.00, real=0.00 secs] 
238.682: Total time for which application threads were stopped: 0.0032850 seconds, Stopping threads took: 0.0000930 seconds
238.703: Application time: 0.0208690 seconds
238.703: [GC [PSYoungGen: 100768K->8096K(107520K)] 200058K->107386K(352256K), 0.0031490 secs] [Times: user=0.02 sys=0.01, real=0.01 secs] 
238.706: Total time for which application threads were stopped: 0.0033660 seconds, Stopping threads took: 0.0001160 seconds
238.732: Application time: 0.0260300 seconds
238.732: [GC [PSYoungGen: 100768K->12944K(107520K)] 200058K->112234K(352256K), 0.0047790 secs] [Times: user=0.03 sys=0.00, real=0.01 secs] 
238.737: Total time for which application threads were stopped: 0.0049330 seconds, Stopping threads took: 0.0000500 seconds
238.777: Application time: 0.0395440 seconds
238.777: [GC [PSYoungGen: 105616K->8336K(107520K)] 204906K->107626K(352256K), 0.0032250 secs] [Times: user=0.02 sys=0.00, real=0.00 secs] 
238.780: Total time for which application threads were stopped: 0.0034290 seconds, Stopping threads took: 0.0001030 seconds
238.815: Application time: 0.0348120 seconds
238.815: [GC [PSYoungGen: 101008K->7872K(107520K)] 200298K->107162K(352256K), 0.0031490 secs] [Times: user=0.02 sys=0.00, real=0.00 secs] 
238.818: Total time for which application threads were stopped: 0.0033220 seconds, Stopping threads took: 0.0000690 seconds
238.857: Application time: 0.0390810 seconds
238.858: [GC [PSYoungGen: 100544K->8080K(107520K)] 199834K->107370K(352256K), 0.0031830 secs] [Times: user=0.02 sys=0.00, real=0.00 secs] 
238.861: Total time for which application threads were stopped: 0.0034110 seconds, Stopping threads took: 0.0001240 seconds
238.889: Application time: 0.0280360 seconds
238.889: [GC [PSYoungGen: 100752K->7808K(107520K)] 200042K->107247K(352256K), 0.0032840 secs] [Times: user=0.02 sys=0.00, real=0.00 secs] 
238.892: Total time for which application threads were stopped: 0.0034980 seconds, Stopping threads took: 0.0001100 seconds
238.923: Application time: 0.0303150 seconds
238.923: [GC [PSYoungGen: 100480K->8000K(107520K)] 199919K->107591K(352256K), 0.0032430 secs] [Times: user=0.03 sys=0.00, real=0.01 secs] 
238.926: Total time for which application threads were stopped: 0.0034440 seconds, Stopping threads took: 0.0001000 seconds
238.947: Application time: 0.0207610 seconds
238.947: [GC [PSYoungGen: 100672K->7664K(107520K)] 200263K->107255K(352256K), 0.0030750 secs] [Times: user=0.02 sys=0.00, real=0.00 secs] 
238.950: Total time for which application threads were stopped: 0.0032750 seconds, Stopping threads took: 0.0001080 seconds
238.972: Application time: 0.0221080 seconds
238.972: [GC [PSYoungGen: 100336K->8704K(107520K)] 199927K->108295K(352256K), 0.0034790 secs] [Times: user=0.03 sys=0.00, real=0.01 secs] 
238.976: Total time for which application threads were stopped: 0.0036320 seconds, Stopping threads took: 0.0000480 seconds
239.016: Application time: 0.0401770 seconds
239.016: [GC [PSYoungGen: 101376K->13024K(107520K)] 200967K->112615K(352256K), 0.0051010 secs] [Times: user=0.04 sys=0.00, real=0.00 secs] 
239.021: Total time for which application threads were stopped: 0.0052710 seconds, Stopping threads took: 0.0000630 seconds
239.054: Application time: 0.0326960 seconds
239.054: [GC [PSYoungGen: 105696K->7600K(107520K)] 205287K->107207K(352256K), 0.0029740 secs] [Times: user=0.02 sys=0.00, real=0.00 secs] 
239.057: Total time for which application threads were stopped: 0.0031640 seconds, Stopping threads took: 0.0000890 seconds
239.099: Application time: 0.0415300 seconds
239.099: [GC [PSYoungGen: 100272K->7392K(107520K)] 199879K->106999K(352256K), 0.0030820 secs] [Times: user=0.02 sys=0.00, real=0.00 secs] 
239.102: Total time for which application threads were stopped: 0.0032880 seconds, Stopping threads took: 0.0001000 seconds
239.132: Application time: 0.0295560 seconds
239.132: [GC [PSYoungGen: 100064K->7776K(107520K)] 199671K->107383K(352256K), 0.0031870 secs] [Times: user=0.02 sys=0.00, real=0.01 secs] 
239.135: Total time for which application threads were stopped: 0.0033750 seconds, Stopping threads took: 0.0000660 seconds
239.166: Application time: 0.0307530 seconds
239.166: [GC [PSYoungGen: 100448K->7808K(107520K)] 200055K->107415K(352256K), 0.0030820 secs] [Times: user=0.02 sys=0.00, real=0.00 secs] 
239.169: Total time for which application threads were stopped: 0.0032690 seconds, Stopping threads took: 0.0000900 seconds
239.194: Application time: 0.0245430 seconds
239.194: [GC [PSYoungGen: 100480K->7792K(107520K)] 200087K->107399K(352256K), 0.0031190 secs] [Times: user=0.02 sys=0.00, real=0.01 secs] 
239.197: Total time for which application threads were stopped: 0.0033100 seconds, Stopping threads took: 0.0000920 seconds
239.218: Application time: 0.0206560 seconds
239.218: [GC [PSYoungGen: 100464K->8128K(107520K)] 200071K->107735K(352256K), 0.0031600 secs] [Times: user=0.03 sys=0.00, real=0.00 secs] 
239.221: Total time for which application threads were stopped: 0.0033270 seconds, Stopping threads took: 0.0000720 seconds
239.252: Application time: 0.0313270 seconds
239.252: [GC [PSYoungGen: 100800K->13808K(107520K)] 200407K->113415K(352256K), 0.0052850 secs] [Times: user=0.03 sys=0.00, real=0.01 secs] 
239.258: Total time for which application threads were stopped: 0.0054880 seconds, Stopping threads took: 0.0001000 seconds
239.294: Application time: 0.0363810 seconds
239.294: [GC [PSYoungGen: 106480K->8208K(107520K)] 206087K->107815K(352256K), 0.0031020 secs] [Times: user=0.02 sys=0.00, real=0.00 secs] 
239.297: Total time for which application threads were stopped: 0.0032820 seconds, Stopping threads took: 0.0000810 seconds
239.336: Application time: 0.0382940 seconds
239.336: [GC [PSYoungGen: 100880K->7632K(107520K)] 200487K->107239K(352256K), 0.0032660 secs] [Times: user=0.02 sys=0.00, real=0.00 secs] 
239.339: Total time for which application threads were stopped: 0.0034480 seconds, Stopping threads took: 0.0000790 seconds
239.375: Application time: 0.0360810 seconds
239.375: [GC [PSYoungGen: 100304K->7568K(107520K)] 199911K->107175K(352256K), 0.0031590 secs] [Times: user=0.02 sys=0.00, real=0.00 secs] 
239.379: Total time for which application threads were stopped: 0.0033310 seconds, Stopping threads took: 0.0000700 seconds
239.406: Application time: 0.0271570 seconds
239.406: [GC [PSYoungGen: 100240K->7680K(107520K)] 199847K->107287K(352256K), 0.0031700 secs] [Times: user=0.01 sys=0.00, real=0.00 secs] 
239.409: Total time for which application threads were stopped: 0.0033810 seconds, Stopping threads took: 0.0001010 seconds
239.438: Application time: 0.0293440 seconds
239.439: [GC [PSYoungGen: 100352K->7952K(107520K)] 199959K->107559K(352256K), 0.0031330 secs] [Times: user=0.02 sys=0.00, real=0.00 secs] 
239.442: Total time for which application threads were stopped: 0.0033170 seconds, Stopping threads took: 0.0000850 seconds
239.464: Application time: 0.0222900 seconds
239.464: [GC [PSYoungGen: 100624K->8144K(107520K)] 200231K->107751K(352256K), 0.0031320 secs] [Times: user=0.02 sys=0.00, real=0.01 secs] 
239.467: Total time for which application threads were stopped: 0.0033040 seconds, Stopping threads took: 0.0000780 seconds
239.493: Application time: 0.0254820 seconds
239.493: [GC [PSYoungGen: 100816K->9952K(107520K)] 200423K->109559K(352256K), 0.0038940 secs] [Times: user=0.02 sys=0.00, real=0.01 secs] 
239.497: Total time for which application threads were stopped: 0.0040900 seconds, Stopping threads took: 0.0001030 seconds
239.535: Application time: 0.0379060 seconds
239.535: [GC [PSYoungGen: 102624K->10688K(107520K)] 202231K->110295K(352256K), 0.0040890 secs] [Times: user=0.03 sys=0.00, real=0.00 secs] 
239.539: Total time for which application threads were stopped: 0.0043190 seconds, Stopping threads took: 0.0001260 seconds
239.574: Application time: 0.0345520 seconds
239.574: [GC [PSYoungGen: 103360K->7600K(107520K)] 202967K->107207K(352256K), 0.0030140 secs] [Times: user=0.02 sys=0.00, real=0.00 secs] 
239.577: Total time for which application threads were stopped: 0.0032340 seconds, Stopping threads took: 0.0001140 seconds
239.617: Application time: 0.0398460 seconds
239.617: [GC [PSYoungGen: 100272K->7920K(107520K)] 199879K->107527K(352256K), 0.0032400 secs] [Times: user=0.02 sys=0.00, real=0.00 secs] 
239.620: Total time for which application threads were stopped: 0.0034080 seconds, Stopping threads took: 0.0000720 seconds
239.650: Application time: 0.0297540 seconds
239.650: [GC [PSYoungGen: 100592K->7952K(107520K)] 200199K->107687K(352256K), 0.0032420 secs] [Times: user=0.02 sys=0.00, real=0.00 secs] 
239.653: Total time for which application threads were stopped: 0.0034170 seconds, Stopping threads took: 0.0000640 seconds
239.683: Application time: 0.0293380 seconds
239.683: [GC [PSYoungGen: 100624K->7712K(107520K)] 200359K->107627K(352256K), 0.0031130 secs] [Times: user=0.02 sys=0.00, real=0.01 secs] 
239.686: Total time for which application threads were stopped: 0.0033270 seconds, Stopping threads took: 0.0001110 seconds
239.708: Application time: 0.0220910 seconds
239.708: [GC [PSYoungGen: 100384K->7728K(107520K)] 200299K->107643K(352256K), 0.0031030 secs] [Times: user=0.02 sys=0.00, real=0.00 secs] 
239.711: Total time for which application threads were stopped: 0.0032540 seconds, Stopping threads took: 0.0000590 seconds
239.734: Application time: 0.0228890 seconds
239.734: [GC [PSYoungGen: 100400K->9744K(107520K)] 200315K->109659K(352256K), 0.0038800 secs] [Times: user=0.02 sys=0.00, real=0.00 secs] 
239.738: Total time for which application threads were stopped: 0.0040640 seconds, Stopping threads took: 0.0000810 seconds
239.775: Application time: 0.0366510 seconds
239.775: [GC [PSYoungGen: 102416K->9904K(107520K)] 202331K->109819K(352256K), 0.0036640 secs] [Times: user=0.02 sys=0.00, real=0.00 secs] 
239.779: Total time for which application threads were stopped: 0.0038320 seconds, Stopping threads took: 0.0000670 seconds
239.812: Application time: 0.0330230 seconds
239.812: [GC [PSYoungGen: 102576K->7584K(107520K)] 202491K->107507K(352256K), 0.0030940 secs] [Times: user=0.02 sys=0.00, real=0.01 secs] 
239.815: Total time for which application threads were stopped: 0.0032730 seconds, Stopping threads took: 0.0000760 seconds
239.856: Application time: 0.0406750 seconds
239.856: [GC [PSYoungGen: 100256K->7744K(107520K)] 200179K->107667K(352256K), 0.0030890 secs] [Times: user=0.02 sys=0.00, real=0.00 secs] 
239.859: Total time for which application threads were stopped: 0.0033200 seconds, Stopping threads took: 0.0001260 seconds
239.891: Application time: 0.0320300 seconds
239.891: [GC [PSYoungGen: 100416K->7824K(107520K)] 200339K->107747K(352256K), 0.0032330 secs] [Times: user=0.02 sys=0.00, real=0.01 secs] 
239.895: Total time for which application threads were stopped: 0.0034170 seconds, Stopping threads took: 0.0000870 seconds
239.925: Application time: 0.0305650 seconds
239.925: [GC [PSYoungGen: 100496K->7952K(107520K)] 200419K->107875K(352256K), 0.0033050 secs] [Times: user=0.02 sys=0.00, real=0.01 secs] 
239.929: Total time for which application threads were stopped: 0.0035010 seconds, Stopping threads took: 0.0001030 seconds
239.954: Application time: 0.0251960 seconds
239.954: [GC [PSYoungGen: 100624K->7936K(107520K)] 200547K->107859K(352256K), 0.0032650 secs] [Times: user=0.02 sys=0.00, real=0.00 secs] 
239.957: Total time for which application threads were stopped: 0.0034160 seconds, Stopping threads took: 0.0000600 seconds
239.978: Application time: 0.0209360 seconds
239.978: [GC [PSYoungGen: 100608K->8096K(107520K)] 200531K->108019K(352256K), 0.0031670 secs] [Times: user=0.02 sys=0.00, real=0.00 secs] 
239.982: Total time for which application threads were stopped: 0.0033410 seconds, Stopping threads took: 0.0000800 seconds
240.010: Application time: 0.0288150 seconds
240.011: [GC [PSYoungGen: 100768K->13728K(107520K)] 200691K->113651K(352256K), 0.0052370 secs] [Times: user=0.03 sys=0.00, real=0.01 secs] 
240.016: Total time for which application threads were stopped: 0.0054100 seconds, Stopping threads took: 0.0000720 seconds
240.053: Application time: 0.0374750 seconds
240.053: [GC [PSYoungGen: 106400K->8800K(107520K)] 206323K->108723K(352256K), 0.0032800 secs] [Times: user=0.02 sys=0.00, real=0.01 secs] 
240.057: Total time for which application threads were stopped: 0.0034740 seconds, Stopping threads took: 0.0000940 seconds
240.094: Application time: 0.0369190 seconds
240.094: [GC [PSYoungGen: 101472K->7744K(107520K)] 201395K->107667K(352256K), 0.0030870 secs] [Times: user=0.03 sys=0.00, real=0.01 secs] 
240.097: Total time for which application threads were stopped: 0.0032630 seconds, Stopping threads took: 0.0000720 seconds
240.134: Application time: 0.0372030 seconds
240.134: [GC [PSYoungGen: 100416K->8000K(107520K)] 200339K->107923K(352256K), 0.0031840 secs] [Times: user=0.03 sys=0.00, real=0.00 secs] 
240.138: Total time for which application threads were stopped: 0.0033610 seconds, Stopping threads took: 0.0000740 seconds
240.166: Application time: 0.0284130 seconds
240.166: [GC [PSYoungGen: 100672K->7808K(107520K)] 200595K->107731K(352256K), 0.0031610 secs] [Times: user=0.03 sys=0.00, real=0.00 secs] 
240.169: Total time for which application threads were stopped: 0.0033770 seconds, Stopping threads took: 0.0000990 seconds
240.199: Application time: 0.0294710 seconds
240.199: [GC [PSYoungGen: 100480K->8112K(107520K)] 200403K->108035K(352256K), 0.0033230 secs] [Times: user=0.02 sys=0.00, real=0.00 secs] 
240.202: Total time for which application threads were stopped: 0.0035210 seconds, Stopping threads took: 0.0001010 seconds
240.223: Application time: 0.0203420 seconds
240.223: [GC [PSYoungGen: 100784K->8032K(107520K)] 200707K->107955K(352256K), 0.0032440 secs] [Times: user=0.02 sys=0.00, real=0.01 secs] 
240.226: Total time for which application threads were stopped: 0.0034290 seconds, Stopping threads took: 0.0000820 seconds
240.250: Application time: 0.0236270 seconds
240.250: [GC [PSYoungGen: 100704K->10464K(107520K)] 200627K->110387K(352256K), 0.0040360 secs] [Times: user=0.03 sys=0.00, real=0.01 secs] 
240.254: Total time for which application threads were stopped: 0.0042850 seconds, Stopping threads took: 0.0001450 seconds
240.293: Application time: 0.0389700 seconds
240.293: [GC [PSYoungGen: 103136K->10816K(107520K)] 203059K->110739K(352256K), 0.0040640 secs] [Times: user=0.03 sys=0.00, real=0.01 secs] 
240.297: Total time for which application threads were stopped: 0.0042350 seconds, Stopping threads took: 0.0000690 seconds
240.331: Application time: 0.0337640 seconds
240.331: [GC [PSYoungGen: 103488K->7744K(107520K)] 203411K->107667K(352256K), 0.0031000 secs] [Times: user=0.01 sys=0.00, real=0.01 secs] 
240.334: Total time for which application threads were stopped: 0.0032950 seconds, Stopping threads took: 0.0000920 seconds
240.376: Application time: 0.0412730 seconds
240.376: [GC [PSYoungGen: 100416K->7776K(107520K)] 200339K->107699K(352256K), 0.0031440 secs] [Times: user=0.02 sys=0.00, real=0.00 secs] 
240.379: Total time for which application threads were stopped: 0.0033260 seconds, Stopping threads took: 0.0000880 seconds
240.407: Application time: 0.0284200 seconds
240.407: [GC [PSYoungGen: 100448K->7696K(107520K)] 200371K->107699K(352256K), 0.0030430 secs] [Times: user=0.02 sys=0.00, real=0.00 secs] 
240.411: Total time for which application threads were stopped: 0.0032040 seconds, Stopping threads took: 0.0000650 seconds
240.442: Application time: 0.0310460 seconds
240.442: [GC [PSYoungGen: 100368K->7648K(107520K)] 200371K->107827K(352256K), 0.0031550 secs] [Times: user=0.02 sys=0.00, real=0.00 secs] 
240.445: Total time for which application threads were stopped: 0.0033700 seconds, Stopping threads took: 0.0001180 seconds
240.468: Application time: 0.0230470 seconds
240.470: [GC [PSYoungGen: 100320K->7728K(107520K)] 200499K->107963K(352256K), 0.0031130 secs] [Times: user=0.02 sys=0.00, real=0.00 secs] 
240.473: Total time for which application threads were stopped: 0.0051050 seconds, Stopping threads took: 0.0019030 seconds
240.494: Application time: 0.0204940 seconds
240.494: [GC [PSYoungGen: 100400K->8304K(107520K)] 200635K->108539K(352256K), 0.0031670 secs] [Times: user=0.02 sys=0.00, real=0.01 secs] 
240.497: Total time for which application threads were stopped: 0.0033820 seconds, Stopping threads took: 0.0001170 seconds
240.533: Application time: 0.0358650 seconds
240.533: [GC [PSYoungGen: 100976K->11440K(107520K)] 201211K->111675K(352256K), 0.0042200 secs] [Times: user=0.03 sys=0.00, real=0.01 secs] 
240.537: Total time for which application threads were stopped: 0.0044220 seconds, Stopping threads took: 0.0001040 seconds
240.571: Application time: 0.0336520 seconds
240.571: [GC [PSYoungGen: 104112K->7968K(107520K)] 204347K->108211K(352256K), 0.0030580 secs] [Times: user=0.02 sys=0.00, real=0.01 secs] 
240.574: Total time for which application threads were stopped: 0.0032330 seconds, Stopping threads took: 0.0000730 seconds
240.614: Application time: 0.0397090 seconds
240.614: [GC [PSYoungGen: 100640K->7424K(107520K)] 200883K->107667K(352256K), 0.0030920 secs] [Times: user=0.02 sys=0.00, real=0.00 secs] 
240.617: Total time for which application threads were stopped: 0.0032720 seconds, Stopping threads took: 0.0000840 seconds
240.650: Application time: 0.0332840 seconds
240.651: [GC [PSYoungGen: 100089K->7712K(107520K)] 200332K->107955K(352256K), 0.0031000 secs] [Times: user=0.02 sys=0.00, real=0.00 secs] 
240.654: Total time for which application threads were stopped: 0.0032820 seconds, Stopping threads took: 0.0000940 seconds
240.683: Application time: 0.0295130 seconds
240.683: [GC [PSYoungGen: 100384K->7744K(107520K)] 200627K->107987K(352256K), 0.0032890 secs] [Times: user=0.02 sys=0.00, real=0.01 secs] 
240.687: Total time for which application threads were stopped: 0.0034930 seconds, Stopping threads took: 0.0000930 seconds
240.714: Application time: 0.0273180 seconds
240.714: [GC [PSYoungGen: 100416K->8080K(107520K)] 200659K->108323K(352256K), 0.0032330 secs] [Times: user=0.02 sys=0.00, real=0.00 secs] 
240.717: Total time for which application threads were stopped: 0.0033820 seconds, Stopping threads took: 0.0000590 seconds
240.738: Application time: 0.0207440 seconds
240.742: [GC [PSYoungGen: 100752K->8208K(107520K)] 200995K->108451K(352256K), 0.0031840 secs] [Times: user=0.02 sys=0.00, real=0.00 secs] 
240.745: Total time for which application threads were stopped: 0.0069940 seconds, Stopping threads took: 0.0037090 seconds
240.771: Application time: 0.0257650 seconds
240.771: [GC [PSYoungGen: 100880K->13008K(107520K)] 201123K->113251K(352256K), 0.0050450 secs] [Times: user=0.03 sys=0.00, real=0.01 secs] 
240.776: Total time for which application threads were stopped: 0.0052260 seconds, Stopping threads took: 0.0000790 seconds
240.816: Application time: 0.0395770 seconds
240.816: [GC [PSYoungGen: 105680K->8736K(107520K)] 205923K->108979K(352256K), 0.0033180 secs] [Times: user=0.02 sys=0.00, real=0.00 secs] 
240.819: Total time for which application threads were stopped: 0.0035240 seconds, Stopping threads took: 0.0001040 seconds
240.855: Application time: 0.0352360 seconds
240.855: [GC [PSYoungGen: 101408K->7696K(107520K)] 201651K->107939K(352256K), 0.0031060 secs] [Times: user=0.02 sys=0.00, real=0.00 secs] 
240.858: Total time for which application threads were stopped: 0.0032920 seconds, Stopping threads took: 0.0000860 seconds
240.898: Application time: 0.0400710 seconds
240.898: [GC [PSYoungGen: 100368K->7920K(107520K)] 200611K->108163K(352256K), 0.0032160 secs] [Times: user=0.02 sys=0.00, real=0.00 secs] 
240.901: Total time for which application threads were stopped: 0.0034070 seconds, Stopping threads took: 0.0000920 seconds
240.929: Application time: 0.0272410 seconds
240.929: [GC [PSYoungGen: 100592K->7968K(107520K)] 200835K->108211K(352256K), 0.0032050 secs] [Times: user=0.02 sys=0.00, real=0.00 secs] 
240.932: Total time for which application threads were stopped: 0.0033840 seconds, Stopping threads took: 0.0000850 seconds
240.963: Application time: 0.0309980 seconds
240.963: [GC [PSYoungGen: 100640K->7984K(107520K)] 200883K->108227K(352256K), 0.0031990 secs] [Times: user=0.02 sys=0.00, real=0.01 secs] 
240.966: Total time for which application threads were stopped: 0.0033960 seconds, Stopping threads took: 0.0001040 seconds
240.987: Application time: 0.0210740 seconds
240.988: [GC [PSYoungGen: 100656K->8160K(107520K)] 200899K->108403K(352256K), 0.0032390 secs] [Times: user=0.02 sys=0.00, real=0.00 secs] 
240.991: Total time for which application threads were stopped: 0.0034190 seconds, Stopping threads took: 0.0000890 seconds
241.013: Application time: 0.0224710 seconds
241.013: [GC [PSYoungGen: 100832K->7968K(107520K)] 201075K->108211K(352256K), 0.0030550 secs] [Times: user=0.02 sys=0.00, real=0.01 secs] 
241.017: Total time for which application threads were stopped: 0.0032130 seconds, Stopping threads took: 0.0000620 seconds
241.055: Application time: 0.0387070 seconds
241.055: [GC [PSYoungGen: 100640K->12688K(107520K)] 200883K->112931K(352256K), 0.0048770 secs] [Times: user=0.03 sys=0.00, real=0.00 secs] 
241.060: Total time for which application threads were stopped: 0.0050720 seconds, Stopping threads took: 0.0000820 seconds
241.093: Application time: 0.0323980 seconds
241.093: [GC [PSYoungGen: 105360K->8000K(107520K)] 205603K->108243K(352256K), 0.0032070 secs] [Times: user=0.02 sys=0.00, real=0.01 secs] 
241.096: Total time for which application threads were stopped: 0.0034030 seconds, Stopping threads took: 0.0000920 seconds
241.138: Application time: 0.0416000 seconds
241.138: [GC [PSYoungGen: 100672K->7840K(107520K)] 200915K->108083K(352256K), 0.0031570 secs] [Times: user=0.02 sys=0.00, real=0.00 secs] 
241.141: Total time for which application threads were stopped: 0.0033470 seconds, Stopping threads took: 0.0000840 seconds
241.172: Application time: 0.0305240 seconds
241.172: [GC [PSYoungGen: 100512K->7856K(107520K)] 200755K->108195K(352256K), 0.0030460 secs] [Times: user=0.03 sys=0.00, real=0.01 secs] 
241.175: Total time for which application threads were stopped: 0.0032320 seconds, Stopping threads took: 0.0000830 seconds
241.205: Application time: 0.0300850 seconds
241.205: [GC [PSYoungGen: 100528K->7568K(107520K)] 200867K->108087K(352256K), 0.0029730 secs] [Times: user=0.02 sys=0.00, real=0.01 secs] 
241.208: Total time for which application threads were stopped: 0.0032050 seconds, Stopping threads took: 0.0001010 seconds
241.233: Application time: 0.0251110 seconds
241.233: [GC [PSYoungGen: 100240K->7728K(107520K)] 200759K->108287K(352256K), 0.0029860 secs] [Times: user=0.02 sys=0.00, real=0.01 secs] 
241.236: Total time for which application threads were stopped: 0.0031510 seconds, Stopping threads took: 0.0000590 seconds
241.256: Application time: 0.0192470 seconds
241.256: [GC [PSYoungGen: 100400K->8032K(107520K)] 200959K->108591K(352256K), 0.0030910 secs] [Times: user=0.01 sys=0.00, real=0.00 secs] 
241.259: Total time for which application threads were stopped: 0.0032690 seconds, Stopping threads took: 0.0000770 seconds
241.291: Application time: 0.0321490 seconds
241.291: [GC [PSYoungGen: 100704K->13872K(107520K)] 201263K->114431K(352256K), 0.0051260 secs] [Times: user=0.04 sys=0.00, real=0.01 secs] 
241.296: Total time for which application threads were stopped: 0.0053200 seconds, Stopping threads took: 0.0000910 seconds
241.332: Application time: 0.0360950 seconds
241.333: [GC [PSYoungGen: 106544K->7904K(107520K)] 207103K->108463K(352256K), 0.0031750 secs] [Times: user=0.02 sys=0.00, real=0.01 secs] 
241.336: Total time for which application threads were stopped: 0.0033510 seconds, Stopping threads took: 0.0000730 seconds
241.374: Application time: 0.0380730 seconds
241.378: [GC [PSYoungGen: 100576K->7552K(107520K)] 201135K->108111K(352256K), 0.0030880 secs] [Times: user=0.02 sys=0.00, real=0.00 secs] 
241.381: Total time for which application threads were stopped: 0.0072310 seconds, Stopping threads took: 0.0040330 seconds
241.417: Application time: 0.0359650 seconds
241.417: [GC [PSYoungGen: 100224K->7488K(107520K)] 200783K->108055K(352256K), 0.0029540 secs] [Times: user=0.02 sys=0.00, real=0.00 secs] 
241.420: Total time for which application threads were stopped: 0.0031550 seconds, Stopping threads took: 0.0000980 seconds
241.447: Application time: 0.0268230 seconds
241.447: [GC [PSYoungGen: 100160K->7808K(107520K)] 200727K->108375K(352256K), 0.0032290 secs] [Times: user=0.01 sys=0.00, real=0.00 secs] 
241.450: Total time for which application threads were stopped: 0.0034070 seconds, Stopping threads took: 0.0000750 seconds
241.481: Application time: 0.0304900 seconds
241.481: [GC [PSYoungGen: 100480K->8112K(107520K)] 201047K->108680K(352256K), 0.0031440 secs] [Times: user=0.02 sys=0.00, real=0.00 secs] 
241.484: Total time for which application threads were stopped: 0.0033110 seconds, Stopping threads took: 0.0000650 seconds
241.504: Application time: 0.0198700 seconds
241.504: [GC [PSYoungGen: 100784K->8032K(107520K)] 201352K->108599K(352256K), 0.0030800 secs] [Times: user=0.02 sys=0.00, real=0.01 secs] 
241.507: Total time for which application threads were stopped: 0.0032680 seconds, Stopping threads took: 0.0000770 seconds
241.530: Application time: 0.0227580 seconds
241.530: [GC [PSYoungGen: 100704K->9952K(107520K)] 201271K->110519K(352256K), 0.0037980 secs] [Times: user=0.03 sys=0.00, real=0.01 secs] 
241.534: Total time for which application threads were stopped: 0.0039970 seconds, Stopping threads took: 0.0000950 seconds
241.576: Application time: 0.0413750 seconds
241.576: [GC [PSYoungGen: 102624K->9376K(107520K)] 203191K->109944K(352256K), 0.0036040 secs] [Times: user=0.02 sys=0.00, real=0.00 secs] 
241.579: Total time for which application threads were stopped: 0.0037780 seconds, Stopping threads took: 0.0000720 seconds
241.612: Application time: 0.0326710 seconds
241.612: [GC [PSYoungGen: 102048K->7568K(107520K)] 202616K->108135K(352256K), 0.0030510 secs] [Times: user=0.02 sys=0.00, real=0.01 secs] 
241.615: Total time for which application threads were stopped: 0.0032290 seconds, Stopping threads took: 0.0000710 seconds
241.656: Application time: 0.0410200 seconds
241.656: [GC [PSYoungGen: 100240K->7840K(107520K)] 200807K->108407K(352256K), 0.0032170 secs] [Times: user=0.02 sys=0.00, real=0.00 secs] 
241.660: Total time for which application threads were stopped: 0.0034350 seconds, Stopping threads took: 0.0001130 seconds
241.689: Application time: 0.0289840 seconds
241.689: [GC [PSYoungGen: 100512K->8048K(107520K)] 201079K->108616K(352256K), 0.0033680 secs] [Times: user=0.03 sys=0.00, real=0.00 secs] 
241.692: Total time for which application threads were stopped: 0.0035530 seconds, Stopping threads took: 0.0000850 seconds
241.723: Application time: 0.0305080 seconds
241.723: [GC [PSYoungGen: 100720K->7888K(107520K)] 201288K->108456K(352256K), 0.0032300 secs] [Times: user=0.02 sys=0.00, real=0.01 secs] 
241.726: Total time for which application threads were stopped: 0.0034110 seconds, Stopping threads took: 0.0000730 seconds
241.749: Application time: 0.0228650 seconds
241.749: [GC [PSYoungGen: 100560K->7984K(107520K)] 201128K->108551K(352256K), 0.0031890 secs] [Times: user=0.03 sys=0.00, real=0.00 secs] 
241.752: Total time for which application threads were stopped: 0.0033770 seconds, Stopping threads took: 0.0000910 seconds
241.772: Application time: 0.0199200 seconds
241.772: [GC [PSYoungGen: 100656K->8560K(107520K)] 201223K->109128K(352256K), 0.0032660 secs] [Times: user=0.02 sys=0.00, real=0.01 secs] 
241.776: Total time for which application threads were stopped: 0.0034570 seconds, Stopping threads took: 0.0000990 seconds
241.812: Application time: 0.0364090 seconds
241.812: [GC [PSYoungGen: 101232K->14112K(107520K)] 201800K->114679K(352256K), 0.0053450 secs] [Times: user=0.04 sys=0.00, real=0.01 secs] 
241.818: Total time for which application threads were stopped: 0.0055180 seconds, Stopping threads took: 0.0000720 seconds
241.852: Application time: 0.0344960 seconds
241.852: [GC [PSYoungGen: 106784K->7952K(107520K)] 207351K->108519K(352256K), 0.0031650 secs] [Times: user=0.02 sys=0.00, real=0.01 secs] 
241.856: Total time for which application threads were stopped: 0.0033660 seconds, Stopping threads took: 0.0000980 seconds
241.896: Application time: 0.0406200 seconds
241.896: [GC [PSYoungGen: 100624K->8064K(107520K)] 201191K->108632K(352256K), 0.0032590 secs] [Times: user=0.02 sys=0.00, real=0.00 secs] 
241.900: Total time for which application threads were stopped: 0.0034510 seconds, Stopping threads took: 0.0000940 seconds
241.932: Application time: 0.0326880 seconds
241.933: [GC [PSYoungGen: 100736K->7904K(107520K)] 201304K->108528K(352256K), 0.0032850 secs] [Times: user=0.02 sys=0.00, real=0.01 secs] 
241.936: Total time for which application threads were stopped: 0.0034840 seconds, Stopping threads took: 0.0001030 seconds
241.965: Application time: 0.0290830 seconds
241.965: [GC [PSYoungGen: 100576K->7920K(107520K)] 201200K->108712K(352256K), 0.0033190 secs] [Times: user=0.02 sys=0.00, real=0.01 secs] 
241.968: Total time for which application threads were stopped: 0.0035000 seconds, Stopping threads took: 0.0000880 seconds
241.997: Application time: 0.0281220 seconds
241.997: [GC [PSYoungGen: 100592K->7872K(107520K)] 201384K->108760K(352256K), 0.0032100 secs] [Times: user=0.02 sys=0.00, real=0.00 secs] 
242.000: Total time for which application threads were stopped: 0.0033730 seconds, Stopping threads took: 0.0000700 seconds
242.020: Application time: 0.0204040 seconds
242.020: [GC [PSYoungGen: 100544K->7840K(107520K)] 201432K->108728K(352256K), 0.0031480 secs] [Times: user=0.02 sys=0.00, real=0.00 secs] 
242.024: Total time for which application threads were stopped: 0.0033120 seconds, Stopping threads took: 0.0000650 seconds
242.050: Application time: 0.0265790 seconds
242.050: [GC [PSYoungGen: 100512K->13248K(107520K)] 201400K->114136K(352256K), 0.0051770 secs] [Times: user=0.03 sys=0.00, real=0.01 secs] 
242.056: Total time for which application threads were stopped: 0.0053660 seconds, Stopping threads took: 0.0000880 seconds
242.096: Application time: 0.0402140 seconds
242.096: [GC [PSYoungGen: 105920K->8400K(107520K)] 206808K->109288K(352256K), 0.0031330 secs] [Times: user=0.03 sys=0.00, real=0.00 secs] 
242.099: Total time for which application threads were stopped: 0.0033220 seconds, Stopping threads took: 0.0000890 seconds
242.135: Application time: 0.0356780 seconds
242.135: [GC [PSYoungGen: 101072K->7792K(107520K)] 201960K->108680K(352256K), 0.0030850 secs] [Times: user=0.02 sys=0.00, real=0.00 secs] 
242.138: Total time for which application threads were stopped: 0.0032710 seconds, Stopping threads took: 0.0000840 seconds
242.177: Application time: 0.0386970 seconds
242.177: [GC [PSYoungGen: 100464K->7520K(107520K)] 201352K->108408K(352256K), 0.0031800 secs] [Times: user=0.02 sys=0.00, real=0.00 secs] 
242.180: Total time for which application threads were stopped: 0.0033940 seconds, Stopping threads took: 0.0001130 seconds
242.207: Application time: 0.0269940 seconds
242.207: [GC [PSYoungGen: 100192K->7840K(107520K)] 201080K->108728K(352256K), 0.0032740 secs] [Times: user=0.02 sys=0.00, real=0.00 secs] 
242.211: Total time for which application threads were stopped: 0.0034690 seconds, Stopping threads took: 0.0001050 seconds
242.242: Application time: 0.0308980 seconds
242.242: [GC [PSYoungGen: 100512K->7920K(107520K)] 201400K->108808K(352256K), 0.0032100 secs] [Times: user=0.02 sys=0.00, real=0.00 secs] 
242.245: Total time for which application threads were stopped: 0.0033920 seconds, Stopping threads took: 0.0000710 seconds
242.265: Application time: 0.0203720 seconds
242.265: [GC [PSYoungGen: 100592K->7840K(107520K)] 201480K->108728K(352256K), 0.0031150 secs] [Times: user=0.02 sys=0.00, real=0.01 secs] 
242.269: Total time for which application threads were stopped: 0.0033160 seconds, Stopping threads took: 0.0001040 seconds
242.291: Application time: 0.0219420 seconds
242.291: [GC [PSYoungGen: 100512K->8352K(107520K)] 201400K->109240K(352256K), 0.0031660 secs] [Times: user=0.02 sys=0.00, real=0.01 secs] 
242.294: Total time for which application threads were stopped: 0.0033630 seconds, Stopping threads took: 0.0000950 seconds
242.335: Application time: 0.0412140 seconds
242.338: [GC [PSYoungGen: 101024K->10896K(107520K)] 201912K->111784K(352256K), 0.0041600 secs] [Times: user=0.03 sys=0.00, real=0.00 secs] 
242.342: Total time for which application threads were stopped: 0.0070140 seconds, Stopping threads took: 0.0027510 seconds
242.375: Application time: 0.0324120 seconds
242.375: [GC [PSYoungGen: 103568K->7856K(107520K)] 204456K->108744K(352256K), 0.0031410 secs] [Times: user=0.02 sys=0.00, real=0.00 secs] 
242.378: Total time for which application threads were stopped: 0.0033320 seconds, Stopping threads took: 0.0000930 seconds
242.420: Application time: 0.0421260 seconds
242.420: [GC [PSYoungGen: 100528K->7616K(107520K)] 201416K->108504K(352256K), 0.0031230 secs] [Times: user=0.02 sys=0.00, real=0.00 secs] 
242.423: Total time for which application threads were stopped: 0.0033080 seconds, Stopping threads took: 0.0000980 seconds
242.452: Application time: 0.0285330 seconds
242.452: [GC [PSYoungGen: 100288K->7744K(107520K)] 201176K->108632K(352256K), 0.0032180 secs] [Times: user=0.02 sys=0.00, real=0.01 secs] 
242.455: Total time for which application threads were stopped: 0.0034130 seconds, Stopping threads took: 0.0001030 seconds
242.487: Application time: 0.0316050 seconds
242.487: [GC [PSYoungGen: 100416K->7824K(107520K)] 201304K->108712K(352256K), 0.0031720 secs] [Times: user=0.03 sys=0.00, real=0.00 secs] 
242.490: Total time for which application threads were stopped: 0.0033370 seconds, Stopping threads took: 0.0000740 seconds
242.514: Application time: 0.0235360 seconds
242.514: [GC [PSYoungGen: 100496K->7824K(107520K)] 201384K->108712K(352256K), 0.0031420 secs] [Times: user=0.02 sys=0.00, real=0.00 secs] 
242.517: Total time for which application threads were stopped: 0.0033310 seconds, Stopping threads took: 0.0000940 seconds
242.537: Application time: 0.0203300 seconds
242.538: [GC [PSYoungGen: 100496K->7872K(107520K)] 201384K->108760K(352256K), 0.0030550 secs] [Times: user=0.02 sys=0.00, real=0.00 secs] 
242.541: Total time for which application threads were stopped: 0.0032450 seconds, Stopping threads took: 0.0000880 seconds
242.576: Application time: 0.0348740 seconds
242.576: [GC [PSYoungGen: 100544K->13312K(107520K)] 201432K->114200K(352256K), 0.0048640 secs] [Times: user=0.03 sys=0.00, real=0.00 secs] 
242.581: Total time for which application threads were stopped: 0.0050400 seconds, Stopping threads took: 0.0000740 seconds
242.615: Application time: 0.0342240 seconds
242.615: [GC [PSYoungGen: 105984K->8000K(107520K)] 206872K->108888K(352256K), 0.0030350 secs] [Times: user=0.02 sys=0.00, real=0.00 secs] 
242.618: Total time for which application threads were stopped: 0.0032060 seconds, Stopping threads took: 0.0000700 seconds
242.658: Application time: 0.0399500 seconds
242.658: [GC [PSYoungGen: 100672K->7808K(107520K)] 201560K->108696K(352256K), 0.0031300 secs] [Times: user=0.03 sys=0.00, real=0.00 secs] 
242.661: Total time for which application threads were stopped: 0.0033360 seconds, Stopping threads took: 0.0001070 seconds
242.696: Application time: 0.0347110 seconds
242.696: [GC [PSYoungGen: 100480K->7888K(107520K)] 201368K->108776K(352256K), 0.0031720 secs] [Times: user=0.02 sys=0.00, real=0.00 secs] 
242.699: Total time for which application threads were stopped: 0.0033590 seconds, Stopping threads took: 0.0000850 seconds
242.727: Application time: 0.0280090 seconds
242.728: [GC [PSYoungGen: 100560K->7680K(107520K)] 201448K->108732K(352256K), 0.0032460 secs] [Times: user=0.02 sys=0.00, real=0.00 secs] 
242.731: Total time for which application threads were stopped: 0.0034370 seconds, Stopping threads took: 0.0000930 seconds
242.760: Application time: 0.0289490 seconds
242.760: [GC [PSYoungGen: 100352K->7632K(107520K)] 201404K->108812K(352256K), 0.0031420 secs] [Times: user=0.02 sys=0.00, real=0.00 secs] 
242.763: Total time for which application threads were stopped: 0.0033640 seconds, Stopping threads took: 0.0001070 seconds
242.783: Application time: 0.0193230 seconds
242.783: [GC [PSYoungGen: 100304K->7600K(107520K)] 201484K->108780K(352256K), 0.0029070 secs] [Times: user=0.02 sys=0.00, real=0.00 secs] 
242.786: Total time for which application threads were stopped: 0.0031080 seconds, Stopping threads took: 0.0000980 seconds
242.811: Application time: 0.0253610 seconds
242.811: [GC [PSYoungGen: 100272K->10176K(107520K)] 201452K->111356K(352256K), 0.0038150 secs] [Times: user=0.03 sys=0.00, real=0.01 secs] 
242.815: Total time for which application threads were stopped: 0.0039940 seconds, Stopping threads took: 0.0000780 seconds
242.856: Application time: 0.0407260 seconds
242.856: [GC [PSYoungGen: 102848K->8432K(107520K)] 204028K->109612K(352256K), 0.0032280 secs] [Times: user=0.02 sys=0.00, real=0.00 secs] 
242.859: Total time for which application threads were stopped: 0.0033990 seconds, Stopping threads took: 0.0000700 seconds
242.895: Application time: 0.0358850 seconds
242.895: [GC [PSYoungGen: 101104K->7408K(107520K)] 202284K->108604K(352256K), 0.0030770 secs] [Times: user=0.02 sys=0.00, real=0.00 secs] 
242.898: Total time for which application threads were stopped: 0.0032720 seconds, Stopping threads took: 0.0000910 seconds
242.939: Application time: 0.0402840 seconds
242.939: [GC [PSYoungGen: 100080K->7600K(107520K)] 201276K->108796K(352256K), 0.0030780 secs] [Times: user=0.02 sys=0.00, real=0.00 secs] 
242.942: Total time for which application threads were stopped: 0.0032550 seconds, Stopping threads took: 0.0000810 seconds
242.970: Application time: 0.0276930 seconds
242.970: [GC [PSYoungGen: 100272K->7744K(107520K)] 201468K->108940K(352256K), 0.0031840 secs] [Times: user=0.03 sys=0.00, real=0.00 secs] 
242.973: Total time for which application threads were stopped: 0.0033780 seconds, Stopping threads took: 0.0000950 seconds
243.004: Application time: 0.0313700 seconds
243.006: [GC [PSYoungGen: 100416K->7792K(107520K)] 201612K->108988K(352256K), 0.0029630 secs] [Times: user=0.02 sys=0.00, real=0.00 secs] 
243.009: Total time for which application threads were stopped: 0.0047290 seconds, Stopping threads took: 0.0016670 seconds
243.029: Application time: 0.0202850 seconds
243.029: [GC [PSYoungGen: 100464K->8064K(107520K)] 201660K->109260K(352256K), 0.0030730 secs] [Times: user=0.02 sys=0.00, real=0.00 secs] 
243.033: Total time for which application threads were stopped: 0.0032780 seconds, Stopping threads took: 0.0001010 seconds
243.054: Application time: 0.0216220 seconds
243.054: [GC [PSYoungGen: 100736K->8192K(107520K)] 201932K->109388K(352256K), 0.0032130 secs] [Times: user=0.02 sys=0.00, real=0.00 secs] 
243.058: Total time for which application threads were stopped: 0.0034120 seconds, Stopping threads took: 0.0001040 seconds
243.097: Application time: 0.0390560 seconds
243.098: [GC [PSYoungGen: 100864K->12240K(107520K)] 202060K->113436K(352256K), 0.0046890 secs] [Times: user=0.03 sys=0.00, real=0.00 secs] 
243.103: Total time for which application threads were stopped: 0.0060290 seconds, Stopping threads took: 0.0012390 seconds
243.136: Application time: 0.0329590 seconds
243.136: [GC [PSYoungGen: 104912K->8176K(107520K)] 206108K->109372K(352256K), 0.0031270 secs] [Times: user=0.02 sys=0.00, real=0.00 secs] 
243.139: Total time for which application threads were stopped: 0.0033200 seconds, Stopping threads took: 0.0000920 seconds
243.181: Application time: 0.0415790 seconds
243.181: [GC [PSYoungGen: 100848K->7760K(107520K)] 202044K->108956K(352256K), 0.0031030 secs] [Times: user=0.02 sys=0.00, real=0.00 secs] 
243.184: Total time for which application threads were stopped: 0.0032990 seconds, Stopping threads took: 0.0000950 seconds
243.214: Application time: 0.0299240 seconds
243.214: [GC [PSYoungGen: 100432K->7872K(107520K)] 201628K->109068K(352256K), 0.0031790 secs] [Times: user=0.02 sys=0.00, real=0.00 secs] 
243.217: Total time for which application threads were stopped: 0.0034000 seconds, Stopping threads took: 0.0001200 seconds
243.248: Application time: 0.0309200 seconds
243.248: [GC [PSYoungGen: 100544K->7856K(107520K)] 201740K->109052K(352256K), 0.0031070 secs] [Times: user=0.02 sys=0.00, real=0.00 secs] 
243.251: Total time for which application threads were stopped: 0.0032920 seconds, Stopping threads took: 0.0000840 seconds
243.276: Application time: 0.0249170 seconds
243.276: [GC [PSYoungGen: 100528K->7744K(107520K)] 201724K->108940K(352256K), 0.0030690 secs] [Times: user=0.02 sys=0.00, real=0.00 secs] 
243.280: Total time for which application threads were stopped: 0.0032510 seconds, Stopping threads took: 0.0000650 seconds
243.300: Application time: 0.0203180 seconds
243.300: [GC [PSYoungGen: 100416K->8048K(107520K)] 201612K->109244K(352256K), 0.0030520 secs] [Times: user=0.02 sys=0.00, real=0.00 secs] 
243.303: Total time for which application threads were stopped: 0.0032540 seconds, Stopping threads took: 0.0000970 seconds
243.332: Application time: 0.0287980 seconds
243.334: [GC [PSYoungGen: 100720K->14832K(107520K)] 201916K->116900K(352256K), 0.0060630 secs] [Times: user=0.04 sys=0.00, real=0.00 secs] 
243.340: Total time for which application threads were stopped: 0.0081360 seconds, Stopping threads took: 0.0019690 seconds
243.378: Application time: 0.0382460 seconds
243.378: [GC [PSYoungGen: 107504K->11280K(107520K)] 209572K->113348K(352256K), 0.0042900 secs] [Times: user=0.03 sys=0.00, real=0.00 secs] 
243.383: Total time for which application threads were stopped: 0.0044520 seconds, Stopping threads took: 0.0000600 seconds
243.420: Application time: 0.0374670 seconds
243.420: [GC [PSYoungGen: 103952K->10960K(107520K)] 206020K->113028K(352256K), 0.0043660 secs] [Times: user=0.03 sys=0.00, real=0.00 secs] 
243.425: Total time for which application threads were stopped: 0.0045790 seconds, Stopping threads took: 0.0001050 seconds
243.462: Application time: 0.0370330 seconds
243.466: [GC [PSYoungGen: 103632K->11248K(107520K)] 205700K->113316K(352256K), 0.0043400 secs] [Times: user=0.03 sys=0.00, real=0.00 secs] 
243.470: Total time for which application threads were stopped: 0.0084800 seconds, Stopping threads took: 0.0040360 seconds
243.498: Application time: 0.0273220 seconds
243.498: [GC [PSYoungGen: 103920K->11008K(107520K)] 205988K->113256K(352256K), 0.0044650 secs] [Times: user=0.03 sys=0.01, real=0.00 secs] 
243.502: Total time for which application threads were stopped: 0.0046520 seconds, Stopping threads took: 0.0000850 seconds
243.533: Application time: 0.0307940 seconds
243.533: [GC [PSYoungGen: 103680K->11120K(107520K)] 205928K->113496K(352256K), 0.0043980 secs] [Times: user=0.03 sys=0.00, real=0.01 secs] 
243.538: Total time for which application threads were stopped: 0.0046170 seconds, Stopping threads took: 0.0001160 seconds
243.557: Application time: 0.0189600 seconds
243.557: [GC [PSYoungGen: 103792K->10960K(107520K)] 206168K->113336K(352256K), 0.0043310 secs] [Times: user=0.03 sys=0.00, real=0.00 secs] 
243.561: Total time for which application threads were stopped: 0.0045140 seconds, Stopping threads took: 0.0000780 seconds
243.584: Application time: 0.0232460 seconds
243.585: [GC [PSYoungGen: 103632K->11920K(107520K)] 206008K->114296K(352256K), 0.0046040 secs] [Times: user=0.03 sys=0.00, real=0.01 secs] 
243.589: Total time for which application threads were stopped: 0.0048030 seconds, Stopping threads took: 0.0000970 seconds
243.630: Application time: 0.0408230 seconds
243.630: [GC [PSYoungGen: 104592K->12384K(107520K)] 206968K->114760K(352256K), 0.0046270 secs] [Times: user=0.03 sys=0.00, real=0.01 secs] 
243.635: Total time for which application threads were stopped: 0.0048130 seconds, Stopping threads took: 0.0000830 seconds
243.668: Application time: 0.0326870 seconds
243.668: [GC [PSYoungGen: 105056K->11168K(107520K)] 207432K->113552K(352256K), 0.0043290 secs] [Times: user=0.03 sys=0.00, real=0.00 secs] 
243.672: Total time for which application threads were stopped: 0.0045440 seconds, Stopping threads took: 0.0001120 seconds
243.714: Application time: 0.0419430 seconds
243.714: [GC [PSYoungGen: 103840K->10896K(107520K)] 206224K->113280K(352256K), 0.0042680 secs] [Times: user=0.03 sys=0.00, real=0.00 secs] 
243.719: Total time for which application threads were stopped: 0.0044620 seconds, Stopping threads took: 0.0000920 seconds
243.746: Application time: 0.0272730 seconds
243.750: [GC [PSYoungGen: 103568K->11040K(107520K)] 205952K->113424K(352256K), 0.0043050 secs] [Times: user=0.03 sys=0.00, real=0.01 secs] 
243.754: Total time for which application threads were stopped: 0.0084530 seconds, Stopping threads took: 0.0040440 seconds
243.786: Application time: 0.0316220 seconds
243.786: [GC [PSYoungGen: 103712K->11248K(107520K)] 206096K->113632K(352256K), 0.0043770 secs] [Times: user=0.03 sys=0.00, real=0.00 secs] 
243.791: Total time for which application threads were stopped: 0.0045860 seconds, Stopping threads took: 0.0000850 seconds
243.813: Application time: 0.0220750 seconds
243.813: [GC [PSYoungGen: 103920K->11264K(107520K)] 206304K->113648K(352256K), 0.0043390 secs] [Times: user=0.03 sys=0.00, real=0.01 secs] 
243.817: Total time for which application threads were stopped: 0.0045280 seconds, Stopping threads took: 0.0000860 seconds
243.837: Application time: 0.0201390 seconds
243.837: [GC [PSYoungGen: 103936K->12032K(107520K)] 206320K->114416K(352256K), 0.0045740 secs] [Times: user=0.03 sys=0.00, real=0.00 secs] 
243.842: Total time for which application threads were stopped: 0.0047780 seconds, Stopping threads took: 0.0001010 seconds
243.880: Application time: 0.0379860 seconds
243.880: [GC [PSYoungGen: 104704K->12880K(107520K)] 207088K->118666K(352256K), 0.0059790 secs] [Times: user=0.05 sys=0.00, real=0.01 secs] 
243.886: Total time for which application threads were stopped: 0.0061570 seconds, Stopping threads took: 0.0000770 seconds
243.918: Application time: 0.0319450 seconds
243.918: [GC [PSYoungGen: 105552K->7776K(107520K)] 211338K->113562K(352256K), 0.0030560 secs] [Times: user=0.02 sys=0.00, real=0.00 secs] 
243.921: Total time for which application threads were stopped: 0.0032530 seconds, Stopping threads took: 0.0000970 seconds
243.962: Application time: 0.0404280 seconds
243.962: [GC [PSYoungGen: 100448K->7936K(107520K)] 206234K->113722K(352256K), 0.0032430 secs] [Times: user=0.02 sys=0.00, real=0.00 secs] 
243.965: Total time for which application threads were stopped: 0.0034300 seconds, Stopping threads took: 0.0000820 seconds
243.998: Application time: 0.0328270 seconds
243.998: [GC [PSYoungGen: 100608K->7904K(107520K)] 206394K->113690K(352256K), 0.0032110 secs] [Times: user=0.02 sys=0.00, real=0.00 secs] 
244.002: Total time for which application threads were stopped: 0.0033890 seconds, Stopping threads took: 0.0000780 seconds
244.031: Application time: 0.0297980 seconds
244.031: [GC [PSYoungGen: 100576K->7776K(107520K)] 206362K->113562K(352256K), 0.0031090 secs] [Times: user=0.02 sys=0.00, real=0.01 secs] 
244.035: Total time for which application threads were stopped: 0.0033400 seconds, Stopping threads took: 0.0001250 seconds
244.062: Application time: 0.0276790 seconds
244.062: [GC [PSYoungGen: 100448K->8016K(107520K)] 206234K->113802K(352256K), 0.0030870 secs] [Times: user=0.02 sys=0.00, real=0.00 secs] 
244.066: Total time for which application threads were stopped: 0.0032680 seconds, Stopping threads took: 0.0000760 seconds
244.085: Application time: 0.0192030 seconds
244.085: [GC [PSYoungGen: 100688K->8016K(107520K)] 206474K->113802K(352256K), 0.0031170 secs] [Times: user=0.02 sys=0.00, real=0.01 secs] 
244.088: Total time for which application threads were stopped: 0.0033010 seconds, Stopping threads took: 0.0000920 seconds
244.115: Application time: 0.0267300 seconds
244.115: [GC [PSYoungGen: 100688K->14096K(107520K)] 206474K->119882K(352256K), 0.0056140 secs] [Times: user=0.04 sys=0.00, real=0.00 secs] 
244.121: Total time for which application threads were stopped: 0.0058140 seconds, Stopping threads took: 0.0000980 seconds
244.161: Application time: 0.0402940 seconds
244.161: [GC [PSYoungGen: 106768K->8448K(107520K)] 212554K->114234K(352256K), 0.0031500 secs] [Times: user=0.02 sys=0.00, real=0.00 secs] 
244.164: Total time for which application threads were stopped: 0.0033120 seconds, Stopping threads took: 0.0000600 seconds
244.200: Application time: 0.0356460 seconds
244.200: [GC [PSYoungGen: 101120K->7904K(107520K)] 206906K->113690K(352256K), 0.0033340 secs] [Times: user=0.01 sys=0.00, real=0.00 secs] 
244.203: Total time for which application threads were stopped: 0.0035650 seconds, Stopping threads took: 0.0001310 seconds
244.243: Application time: 0.0394840 seconds
244.243: [GC [PSYoungGen: 100576K->7744K(107520K)] 206362K->113530K(352256K), 0.0031370 secs] [Times: user=0.02 sys=0.00, real=0.01 secs] 
244.246: Total time for which application threads were stopped: 0.0033140 seconds, Stopping threads took: 0.0000800 seconds
244.273: Application time: 0.0270230 seconds
244.273: [GC [PSYoungGen: 100416K->7808K(107520K)] 206202K->113766K(352256K), 0.0031960 secs] [Times: user=0.02 sys=0.00, real=0.01 secs] 
244.277: Total time for which application threads were stopped: 0.0033840 seconds, Stopping threads took: 0.0000860 seconds
244.308: Application time: 0.0312120 seconds
244.308: [GC [PSYoungGen: 100480K->7632K(107520K)] 206438K->113702K(352256K), 0.0031740 secs] [Times: user=0.02 sys=0.00, real=0.00 secs] 
244.311: Total time for which application threads were stopped: 0.0033930 seconds, Stopping threads took: 0.0000910 seconds
244.332: Application time: 0.0203070 seconds
244.332: [GC [PSYoungGen: 100304K->7776K(107520K)] 206374K->113846K(352256K), 0.0031280 secs] [Times: user=0.02 sys=0.00, real=0.01 secs] 
244.335: Total time for which application threads were stopped: 0.0033240 seconds, Stopping threads took: 0.0000940 seconds
244.356: Application time: 0.0213520 seconds
244.356: [GC [PSYoungGen: 100448K->8352K(107520K)] 206518K->114422K(352256K), 0.0030600 secs] [Times: user=0.02 sys=0.00, real=0.00 secs] 
244.360: Total time for which application threads were stopped: 0.0032510 seconds, Stopping threads took: 0.0000900 seconds
244.401: Application time: 0.0418590 seconds
244.402: [GC [PSYoungGen: 101024K->8880K(107520K)] 207094K->114950K(352256K), 0.0035730 secs] [Times: user=0.01 sys=0.00, real=0.00 secs] 
244.406: Total time for which application threads were stopped: 0.0041860 seconds, Stopping threads took: 0.0005100 seconds
244.438: Application time: 0.0324760 seconds
244.438: [GC [PSYoungGen: 101552K->7520K(107520K)] 207622K->113590K(352256K), 0.0029830 secs] [Times: user=0.02 sys=0.00, real=0.00 secs] 
244.441: Total time for which application threads were stopped: 0.0032750 seconds, Stopping threads took: 0.0001890 seconds
244.483: Application time: 0.0414910 seconds
244.483: [GC [PSYoungGen: 100192K->7488K(107520K)] 206262K->113558K(352256K), 0.0032220 secs] [Times: user=0.02 sys=0.00, real=0.01 secs] 
244.486: Total time for which application threads were stopped: 0.0034240 seconds, Stopping threads took: 0.0001040 seconds
244.515: Application time: 0.0289840 seconds
244.515: [GC [PSYoungGen: 100160K->7536K(107520K)] 206230K->113606K(352256K), 0.0030490 secs] [Times: user=0.02 sys=0.00, real=0.00 secs] 
244.518: Total time for which application threads were stopped: 0.0032360 seconds, Stopping threads took: 0.0000850 seconds
244.550: Application time: 0.0314390 seconds
244.550: [GC [PSYoungGen: 100208K->7744K(107520K)] 206278K->113814K(352256K), 0.0030800 secs] [Times: user=0.02 sys=0.00, real=0.00 secs] 
244.553: Total time for which application threads were stopped: 0.0032940 seconds, Stopping threads took: 0.0001130 seconds
244.577: Application time: 0.0237470 seconds
244.577: [GC [PSYoungGen: 100416K->7840K(107520K)] 206486K->113910K(352256K), 0.0031740 secs] [Times: user=0.02 sys=0.00, real=0.00 secs] 
244.580: Total time for which application threads were stopped: 0.0033300 seconds, Stopping threads took: 0.0000540 seconds
244.601: Application time: 0.0205290 seconds
244.601: [GC [PSYoungGen: 100512K->7744K(107520K)] 206582K->113814K(352256K), 0.0029480 secs] [Times: user=0.02 sys=0.00, real=0.00 secs] 
244.604: Total time for which application threads were stopped: 0.0031400 seconds, Stopping threads took: 0.0000910 seconds
244.637: Application time: 0.0325840 seconds
244.637: [GC [PSYoungGen: 100416K->12704K(107520K)] 206486K->118774K(352256K), 0.0047880 secs] [Times: user=0.03 sys=0.00, real=0.00 secs] 
244.642: Total time for which application threads were stopped: 0.0049690 seconds, Stopping threads took: 0.0000760 seconds
244.677: Application time: 0.0356170 seconds
244.677: [GC [PSYoungGen: 105376K->8160K(107520K)] 211446K->114230K(352256K), 0.0031720 secs] [Times: user=0.02 sys=0.00, real=0.00 secs] 
244.681: Total time for which application threads were stopped: 0.0033880 seconds, Stopping threads took: 0.0001130 seconds
244.720: Application time: 0.0390700 seconds
244.720: [GC [PSYoungGen: 100832K->7824K(107520K)] 206902K->113894K(352256K), 0.0032670 secs] [Times: user=0.03 sys=0.00, real=0.00 secs] 
244.723: Total time for which application threads were stopped: 0.0034710 seconds, Stopping threads took: 0.0001050 seconds
244.758: Application time: 0.0352280 seconds
244.758: [GC [PSYoungGen: 100496K->7952K(107520K)] 206566K->114022K(352256K), 0.0032400 secs] [Times: user=0.02 sys=0.00, real=0.00 secs] 
244.762: Total time for which application threads were stopped: 0.0034410 seconds, Stopping threads took: 0.0000910 seconds
244.790: Application time: 0.0282470 seconds
244.790: [GC [PSYoungGen: 100624K->7840K(107520K)] 206694K->113910K(352256K), 0.0031740 secs] [Times: user=0.02 sys=0.00, real=0.00 secs] 
244.793: Total time for which application threads were stopped: 0.0033760 seconds, Stopping threads took: 0.0001030 seconds
244.823: Application time: 0.0293000 seconds
244.823: [GC [PSYoungGen: 100512K->8016K(107520K)] 206582K->114086K(352256K), 0.0032730 secs] [Times: user=0.02 sys=0.00, real=0.01 secs] 
244.826: Total time for which application threads were stopped: 0.0034450 seconds, Stopping threads took: 0.0000590 seconds
244.846: Application time: 0.0201710 seconds
244.846: [GC [PSYoungGen: 100688K->8224K(107520K)] 206758K->114294K(352256K), 0.0031910 secs] [Times: user=0.02 sys=0.00, real=0.00 secs] 
244.850: Total time for which application threads were stopped: 0.0033600 seconds, Stopping threads took: 0.0000710 seconds
244.874: Application time: 0.0245470 seconds
244.874: [GC [PSYoungGen: 100896K->11280K(107520K)] 206966K->117350K(352256K), 0.0044080 secs] [Times: user=0.03 sys=0.00, real=0.00 secs] 
244.879: Total time for which application threads were stopped: 0.0046010 seconds, Stopping threads took: 0.0000930 seconds
244.919: Application time: 0.0398180 seconds
244.919: [GC [PSYoungGen: 103952K->9296K(107520K)] 210022K->115366K(352256K), 0.0036830 secs] [Times: user=0.02 sys=0.00, real=0.00 secs] 
244.923: Total time for which application threads were stopped: 0.0038550 seconds, Stopping threads took: 0.0000700 seconds
244.957: Application time: 0.0341600 seconds
244.957: [GC [PSYoungGen: 101968K->7728K(107520K)] 208038K->113798K(352256K), 0.0032190 secs] [Times: user=0.02 sys=0.00, real=0.00 secs] 
244.960: Total time for which application threads were stopped: 0.0034100 seconds, Stopping threads took: 0.0000890 seconds
245.001: Application time: 0.0409880 seconds
245.001: [GC [PSYoungGen: 100400K->7904K(107520K)] 206470K->113974K(352256K), 0.0047900 secs] [Times: user=0.03 sys=0.00, real=0.01 secs] 
245.006: Total time for which application threads were stopped: 0.0049860 seconds, Stopping threads took: 0.0000980 seconds
245.034: Application time: 0.0278390 seconds
245.034: [GC [PSYoungGen: 100576K->7888K(107520K)] 206646K->114094K(352256K), 0.0032250 secs] [Times: user=0.02 sys=0.00, real=0.00 secs] 
245.037: Total time for which application threads were stopped: 0.0034170 seconds, Stopping threads took: 0.0000900 seconds
245.068: Application time: 0.0306890 seconds
245.068: [GC [PSYoungGen: 100560K->7824K(107520K)] 206766K->114178K(352256K), 0.0032230 secs] [Times: user=0.02 sys=0.00, real=0.00 secs] 
245.071: Total time for which application threads were stopped: 0.0033930 seconds, Stopping threads took: 0.0000720 seconds
245.093: Application time: 0.0211540 seconds
245.093: [GC [PSYoungGen: 100496K->7712K(107520K)] 206850K->114066K(352256K), 0.0031790 secs] [Times: user=0.02 sys=0.00, real=0.01 secs] 
245.096: Total time for which application threads were stopped: 0.0033340 seconds, Stopping threads took: 0.0000570 seconds
245.117: Application time: 0.0211170 seconds
245.117: [GC [PSYoungGen: 100384K->8208K(107520K)] 206738K->114562K(352256K), 0.0031510 secs] [Times: user=0.02 sys=0.00, real=0.00 secs] 
245.120: Total time for which application threads were stopped: 0.0033350 seconds, Stopping threads took: 0.0000860 seconds
245.160: Application time: 0.0394950 seconds
245.160: [GC [PSYoungGen: 100880K->13264K(107520K)] 207234K->119618K(352256K), 0.0053090 secs] [Times: user=0.03 sys=0.00, real=0.00 secs] 
245.165: Total time for which application threads were stopped: 0.0054960 seconds, Stopping threads took: 0.0000820 seconds
245.198: Application time: 0.0326600 seconds
245.202: [GC [PSYoungGen: 105936K->7776K(107520K)] 212290K->114130K(352256K), 0.0031380 secs] [Times: user=0.02 sys=0.00, real=0.00 secs] 
245.205: Total time for which application threads were stopped: 0.0071350 seconds, Stopping threads took: 0.0039060 seconds
245.247: Application time: 0.0413650 seconds
245.247: [GC [PSYoungGen: 100448K->7552K(107520K)] 206802K->113914K(352256K), 0.0031560 secs] [Times: user=0.02 sys=0.00, real=0.00 secs] 
245.250: Total time for which application threads were stopped: 0.0033310 seconds, Stopping threads took: 0.0000820 seconds
245.280: Application time: 0.0301960 seconds
245.280: [GC [PSYoungGen: 100224K->7552K(107520K)] 206586K->113914K(352256K), 0.0030850 secs] [Times: user=0.02 sys=0.00, real=0.00 secs] 
245.283: Total time for which application threads were stopped: 0.0032580 seconds, Stopping threads took: 0.0000820 seconds
245.314: Application time: 0.0311740 seconds
245.315: [GC [PSYoungGen: 100224K->7984K(107520K)] 206586K->114346K(352256K), 0.0033020 secs] [Times: user=0.03 sys=0.00, real=0.00 secs] 
245.318: Total time for which application threads were stopped: 0.0034700 seconds, Stopping threads took: 0.0000760 seconds
245.344: Application time: 0.0258980 seconds
245.344: [GC [PSYoungGen: 100656K->7984K(107520K)] 207018K->114346K(352256K), 0.0031790 secs] [Times: user=0.03 sys=0.00, real=0.01 secs] 
245.347: Total time for which application threads were stopped: 0.0033670 seconds, Stopping threads took: 0.0000830 seconds
245.368: Application time: 0.0203670 seconds
245.368: [GC [PSYoungGen: 100656K->8128K(107520K)] 207018K->114490K(352256K), 0.0032020 secs] [Times: user=0.02 sys=0.00, real=0.00 secs] 
245.371: Total time for which application threads were stopped: 0.0033780 seconds, Stopping threads took: 0.0000840 seconds
245.399: Application time: 0.0275540 seconds
245.399: [GC [PSYoungGen: 100800K->14816K(107520K)] 207162K->123066K(352256K), 0.0067830 secs] [Times: user=0.05 sys=0.00, real=0.00 secs] 
245.406: Total time for which application threads were stopped: 0.0069890 seconds, Stopping threads took: 0.0001050 seconds
245.445: Application time: 0.0394980 seconds
245.445: [GC [PSYoungGen: 107488K->13584K(107520K)] 215738K->121834K(352256K), 0.0052440 secs] [Times: user=0.04 sys=0.00, real=0.01 secs] 
245.450: Total time for which application threads were stopped: 0.0054450 seconds, Stopping threads took: 0.0000950 seconds
245.488: Application time: 0.0373440 seconds
245.488: [GC [PSYoungGen: 106256K->12912K(107520K)] 214506K->121162K(352256K), 0.0052710 secs] [Times: user=0.03 sys=0.00, real=0.00 secs] 
245.493: Total time for which application threads were stopped: 0.0054580 seconds, Stopping threads took: 0.0000840 seconds
245.531: Application time: 0.0381770 seconds
245.532: [GC [PSYoungGen: 105584K->13008K(107520K)] 213834K->121258K(352256K), 0.0051040 secs] [Times: user=0.04 sys=0.00, real=0.01 secs] 
245.537: Total time for which application threads were stopped: 0.0052950 seconds, Stopping threads took: 0.0000860 seconds
245.564: Application time: 0.0269620 seconds
245.564: [GC [PSYoungGen: 105680K->12976K(107520K)] 213930K->121226K(352256K), 0.0053060 secs] [Times: user=0.04 sys=0.00, real=0.01 secs] 
245.569: Total time for which application threads were stopped: 0.0054830 seconds, Stopping threads took: 0.0000710 seconds
245.600: Application time: 0.0312640 seconds
245.601: [GC [PSYoungGen: 105648K->12944K(107520K)] 213898K->121194K(352256K), 0.0051530 secs] [Times: user=0.04 sys=0.00, real=0.00 secs] 
245.606: Total time for which application threads were stopped: 0.0053490 seconds, Stopping threads took: 0.0000920 seconds
245.625: Application time: 0.0196380 seconds
245.626: [GC [PSYoungGen: 105616K->13136K(107520K)] 213866K->121386K(352256K), 0.0051510 secs] [Times: user=0.03 sys=0.00, real=0.01 secs] 
245.631: Total time for which application threads were stopped: 0.0053370 seconds, Stopping threads took: 0.0000810 seconds
245.653: Application time: 0.0224300 seconds
245.653: [GC [PSYoungGen: 105808K->13808K(107520K)] 214058K->122058K(352256K), 0.0052820 secs] [Times: user=0.04 sys=0.00, real=0.01 secs] 
245.659: Total time for which application threads were stopped: 0.0054940 seconds, Stopping threads took: 0.0001100 seconds
245.700: Application time: 0.0413780 seconds
245.700: [GC [PSYoungGen: 106480K->14304K(107520K)] 214730K->122554K(352256K), 0.0054890 secs] [Times: user=0.04 sys=0.00, real=0.00 secs] 
245.706: Total time for which application threads were stopped: 0.0056690 seconds, Stopping threads took: 0.0000760 seconds
245.738: Application time: 0.0323530 seconds
245.738: [GC [PSYoungGen: 106976K->13056K(107520K)] 215226K->121306K(352256K), 0.0051100 secs] [Times: user=0.04 sys=0.00, real=0.00 secs] 
245.743: Total time for which application threads were stopped: 0.0053040 seconds, Stopping threads took: 0.0000910 seconds
245.786: Application time: 0.0421160 seconds
245.786: [GC [PSYoungGen: 105728K->13072K(107520K)] 213978K->121322K(352256K), 0.0051610 secs] [Times: user=0.04 sys=0.00, real=0.01 secs] 
245.791: Total time for which application threads were stopped: 0.0053440 seconds, Stopping threads took: 0.0000800 seconds
245.819: Application time: 0.0279700 seconds
245.819: [GC [PSYoungGen: 105744K->12800K(107520K)] 213994K->121138K(352256K), 0.0054000 secs] [Times: user=0.04 sys=0.00, real=0.00 secs] 
245.824: Total time for which application threads were stopped: 0.0055630 seconds, Stopping threads took: 0.0000600 seconds
245.856: Application time: 0.0315130 seconds
245.856: [GC [PSYoungGen: 105472K->12864K(107520K)] 213810K->121418K(352256K), 0.0052080 secs] [Times: user=0.04 sys=0.00, real=0.00 secs] 
245.861: Total time for which application threads were stopped: 0.0054230 seconds, Stopping threads took: 0.0000900 seconds
245.884: Application time: 0.0226430 seconds
245.884: [GC [PSYoungGen: 105536K->12784K(107520K)] 214090K->121338K(352256K), 0.0051500 secs] [Times: user=0.04 sys=0.00, real=0.01 secs] 
245.889: Total time for which application threads were stopped: 0.0053720 seconds, Stopping threads took: 0.0001160 seconds
245.911: Application time: 0.0215910 seconds
245.914: [GC [PSYoungGen: 105456K->12912K(107520K)] 214010K->121466K(352256K), 0.0050280 secs] [Times: user=0.03 sys=0.01, real=0.01 secs] 
245.919: Total time for which application threads were stopped: 0.0078870 seconds, Stopping threads took: 0.0027600 seconds
245.956: Application time: 0.0372170 seconds
245.956: [GC [PSYoungGen: 105584K->11920K(107520K)] 214138K->125708K(352256K), 0.0063810 secs] [Times: user=0.05 sys=0.00, real=0.00 secs] 
245.963: Total time for which application threads were stopped: 0.0065370 seconds, Stopping threads took: 0.0000580 seconds
245.995: Application time: 0.0322240 seconds
245.995: [GC [PSYoungGen: 104592K->7392K(107520K)] 218380K->121228K(352256K), 0.0029430 secs] [Times: user=0.02 sys=0.00, real=0.00 secs] 
245.998: Total time for which application threads were stopped: 0.0031320 seconds, Stopping threads took: 0.0000870 seconds
246.038: Application time: 0.0401710 seconds
246.038: [GC [PSYoungGen: 100064K->7552K(107520K)] 213900K->121388K(352256K), 0.0029960 secs] [Times: user=0.02 sys=0.00, real=0.00 secs] 
246.041: Total time for which application threads were stopped: 0.0031820 seconds, Stopping threads took: 0.0000850 seconds
246.074: Application time: 0.0329900 seconds
246.074: [GC [PSYoungGen: 100224K->7664K(107520K)] 214060K->121500K(352256K), 0.0029700 secs] [Times: user=0.02 sys=0.00, real=0.00 secs] 
246.078: Total time for which application threads were stopped: 0.0031590 seconds, Stopping threads took: 0.0000860 seconds
246.106: Application time: 0.0285500 seconds
246.106: [GC [PSYoungGen: 100336K->7824K(107520K)] 214172K->121660K(352256K), 0.0031920 secs] [Times: user=0.01 sys=0.00, real=0.00 secs] 
246.109: Total time for which application threads were stopped: 0.0033730 seconds, Stopping threads took: 0.0000780 seconds
246.137: Application time: 0.0274170 seconds
246.137: [GC [PSYoungGen: 100496K->8000K(107520K)] 214332K->121836K(352256K), 0.0031340 secs] [Times: user=0.02 sys=0.00, real=0.00 secs] 
246.140: Total time for which application threads were stopped: 0.0033400 seconds, Stopping threads took: 0.0001040 seconds
246.159: Application time: 0.0192850 seconds
246.160: [GC [PSYoungGen: 100672K->7936K(107520K)] 214508K->121772K(352256K), 0.0032400 secs] [Times: user=0.02 sys=0.00, real=0.00 secs] 
246.163: Total time for which application threads were stopped: 0.0034550 seconds, Stopping threads took: 0.0001030 seconds
246.190: Application time: 0.0270470 seconds
246.190: [GC [PSYoungGen: 100608K->11632K(107520K)] 214444K->125468K(352256K), 0.0043550 secs] [Times: user=0.03 sys=0.00, real=0.01 secs] 
246.195: Total time for which application threads were stopped: 0.0045370 seconds, Stopping threads took: 0.0000790 seconds
246.234: Application time: 0.0398140 seconds
246.234: [GC [PSYoungGen: 104304K->8080K(107520K)] 218140K->121916K(352256K), 0.0030680 secs] [Times: user=0.02 sys=0.00, real=0.00 secs] 
246.238: Total time for which application threads were stopped: 0.0032570 seconds, Stopping threads took: 0.0000850 seconds
246.272: Application time: 0.0345000 seconds
246.274: [GC [PSYoungGen: 100752K->7696K(107520K)] 214588K->121532K(352256K), 0.0031440 secs] [Times: user=0.02 sys=0.00, real=0.00 secs] 
246.277: Total time for which application threads were stopped: 0.0050750 seconds, Stopping threads took: 0.0018300 seconds
246.317: Application time: 0.0395430 seconds
246.317: [GC [PSYoungGen: 100368K->7936K(107520K)] 214204K->121772K(352256K), 0.0030860 secs] [Times: user=0.02 sys=0.00, real=0.00 secs] 
246.320: Total time for which application threads were stopped: 0.0033010 seconds, Stopping threads took: 0.0001110 seconds
246.347: Application time: 0.0268390 seconds
246.347: [GC [PSYoungGen: 100608K->7840K(107520K)] 214444K->121676K(352256K), 0.0030560 secs] [Times: user=0.02 sys=0.00, real=0.00 secs] 
246.350: Total time for which application threads were stopped: 0.0032410 seconds, Stopping threads took: 0.0000840 seconds
246.381: Application time: 0.0313680 seconds
246.382: [GC [PSYoungGen: 100512K->8016K(107520K)] 214348K->121852K(352256K), 0.0031490 secs] [Times: user=0.02 sys=0.00, real=0.00 secs] 
246.385: Total time for which application threads were stopped: 0.0033670 seconds, Stopping threads took: 0.0000940 seconds
246.406: Application time: 0.0207220 seconds
246.406: [GC [PSYoungGen: 100688K->7984K(107520K)] 214524K->121820K(352256K), 0.0031810 secs] [Times: user=0.03 sys=0.00, real=0.01 secs] 
246.409: Total time for which application threads were stopped: 0.0033460 seconds, Stopping threads took: 0.0000630 seconds
246.430: Application time: 0.0210100 seconds
246.430: [GC [PSYoungGen: 100656K->7936K(107520K)] 214492K->121772K(352256K), 0.0032650 secs] [Times: user=0.03 sys=0.00, real=0.00 secs] 
246.433: Total time for which application threads were stopped: 0.0034670 seconds, Stopping threads took: 0.0001020 seconds
246.475: Application time: 0.0417200 seconds
246.475: [GC [PSYoungGen: 100608K->11984K(107520K)] 214444K->125820K(352256K), 0.0046250 secs] [Times: user=0.03 sys=0.00, real=0.00 secs] 
246.480: Total time for which application threads were stopped: 0.0048070 seconds, Stopping threads took: 0.0000810 seconds
246.511: Application time: 0.0306430 seconds
246.511: [GC [PSYoungGen: 104656K->7952K(107520K)] 218492K->121788K(352256K), 0.0033440 secs] [Times: user=0.02 sys=0.00, real=0.01 secs] 
246.514: Total time for which application threads were stopped: 0.0035360 seconds, Stopping threads took: 0.0000900 seconds
246.556: Application time: 0.0421920 seconds
246.556: [GC [PSYoungGen: 100624K->7968K(107520K)] 214460K->121804K(352256K), 0.0032510 secs] [Times: user=0.02 sys=0.00, real=0.00 secs] 
246.560: Total time for which application threads were stopped: 0.0034550 seconds, Stopping threads took: 0.0001030 seconds
246.589: Application time: 0.0297090 seconds
246.590: [GC [PSYoungGen: 100640K->7904K(107520K)] 214476K->121788K(352256K), 0.0031760 secs] [Times: user=0.02 sys=0.00, real=0.00 secs] 
246.593: Total time for which application threads were stopped: 0.0033810 seconds, Stopping threads took: 0.0001080 seconds
246.624: Application time: 0.0307230 seconds
246.626: [GC [PSYoungGen: 100576K->7984K(107520K)] 214460K->122072K(352256K), 0.0032790 secs] [Times: user=0.02 sys=0.00, real=0.00 secs] 
246.629: Total time for which application threads were stopped: 0.0057070 seconds, Stopping threads took: 0.0023290 seconds
246.654: Application time: 0.0247120 seconds
246.658: [GC [PSYoungGen: 100656K->7744K(107520K)] 214744K->121880K(352256K), 0.0031790 secs] [Times: user=0.02 sys=0.00, real=0.00 secs] 
246.661: Total time for which application threads were stopped: 0.0072080 seconds, Stopping threads took: 0.0039320 seconds
246.681: Application time: 0.0195690 seconds
246.681: [GC [PSYoungGen: 100416K->8032K(107520K)] 214552K->122168K(352256K), 0.0031130 secs] [Times: user=0.02 sys=0.00, real=0.00 secs] 
246.684: Total time for which application threads were stopped: 0.0033310 seconds, Stopping threads took: 0.0001140 seconds
246.715: Application time: 0.0304140 seconds
246.715: [GC [PSYoungGen: 100704K->14832K(107520K)] 214840K->130653K(352256K), 0.0064900 secs] [Times: user=0.04 sys=0.00, real=0.00 secs] 
246.721: Total time for which application threads were stopped: 0.0066900 seconds, Stopping threads took: 0.0000830 seconds
246.758: Application time: 0.0372010 seconds
246.759: [GC [PSYoungGen: 107504K->12624K(107520K)] 223325K->128445K(352256K), 0.0049250 secs] [Times: user=0.04 sys=0.00, real=0.00 secs] 
246.764: Total time for which application threads were stopped: 0.0051240 seconds, Stopping threads took: 0.0000950 seconds
246.802: Application time: 0.0384540 seconds
246.802: [GC [PSYoungGen: 105296K->12096K(107520K)] 221117K->127917K(352256K), 0.0049710 secs] [Times: user=0.03 sys=0.00, real=0.01 secs] 
246.807: Total time for which application threads were stopped: 0.0051410 seconds, Stopping threads took: 0.0000680 seconds
246.844: Application time: 0.0364110 seconds
246.844: [GC [PSYoungGen: 104768K->12160K(107520K)] 220589K->127989K(352256K), 0.0048950 secs] [Times: user=0.04 sys=0.00, real=0.01 secs] 
246.849: Total time for which application threads were stopped: 0.0050840 seconds, Stopping threads took: 0.0000810 seconds
246.875: Application time: 0.0263350 seconds
246.875: [GC [PSYoungGen: 104832K->12304K(107520K)] 220661K->128134K(352256K), 0.0048000 secs] [Times: user=0.03 sys=0.00, real=0.00 secs] 
246.880: Total time for which application threads were stopped: 0.0049800 seconds, Stopping threads took: 0.0000790 seconds
246.911: Application time: 0.0309900 seconds
246.911: [GC [PSYoungGen: 104976K->12240K(107520K)] 220806K->128070K(352256K), 0.0049440 secs] [Times: user=0.03 sys=0.00, real=0.01 secs] 
246.916: Total time for which application threads were stopped: 0.0051530 seconds, Stopping threads took: 0.0000880 seconds
246.935: Application time: 0.0190290 seconds
246.935: [GC [PSYoungGen: 104912K->12528K(107520K)] 220742K->128358K(352256K), 0.0050870 secs] [Times: user=0.04 sys=0.00, real=0.00 secs] 
246.940: Total time for which application threads were stopped: 0.0053120 seconds, Stopping threads took: 0.0001170 seconds
246.963: Application time: 0.0228360 seconds
246.963: [GC [PSYoungGen: 105200K->13376K(107520K)] 221030K->129206K(352256K), 0.0051720 secs] [Times: user=0.04 sys=0.00, real=0.01 secs] 
246.969: Total time for which application threads were stopped: 0.0053740 seconds, Stopping threads took: 0.0000990 seconds
247.011: Application time: 0.0427600 seconds
247.012: [GC [PSYoungGen: 106048K->13152K(107520K)] 221878K->128982K(352256K), 0.0049200 secs] [Times: user=0.04 sys=0.00, real=0.01 secs] 
247.017: Total time for which application threads were stopped: 0.0050890 seconds, Stopping threads took: 0.0000670 seconds
247.049: Application time: 0.0321670 seconds
247.049: [GC [PSYoungGen: 105824K->12096K(107520K)] 221654K->127925K(352256K), 0.0047360 secs] [Times: user=0.03 sys=0.00, real=0.00 secs] 
247.054: Total time for which application threads were stopped: 0.0049160 seconds, Stopping threads took: 0.0000770 seconds
247.096: Application time: 0.0419230 seconds
247.096: [GC [PSYoungGen: 104768K->12256K(107520K)] 220597K->128085K(352256K), 0.0047740 secs] [Times: user=0.03 sys=0.00, real=0.00 secs] 
247.101: Total time for which application threads were stopped: 0.0049810 seconds, Stopping threads took: 0.0001050 seconds
247.127: Application time: 0.0263020 seconds
247.127: [GC [PSYoungGen: 104928K->12464K(107520K)] 220757K->128293K(352256K), 0.0048030 secs] [Times: user=0.04 sys=0.00, real=0.00 secs] 
247.132: Total time for which application threads were stopped: 0.0049940 seconds, Stopping threads took: 0.0000880 seconds
247.165: Application time: 0.0328110 seconds
247.165: [GC [PSYoungGen: 105136K->12448K(107520K)] 220965K->128278K(352256K), 0.0049280 secs] [Times: user=0.04 sys=0.00, real=0.01 secs] 
247.170: Total time for which application threads were stopped: 0.0051320 seconds, Stopping threads took: 0.0001000 seconds
247.192: Application time: 0.0219630 seconds
247.192: [GC [PSYoungGen: 105120K->12336K(107520K)] 220950K->128166K(352256K), 0.0049340 secs] [Times: user=0.04 sys=0.00, real=0.01 secs] 
247.197: Total time for which application threads were stopped: 0.0051100 seconds, Stopping threads took: 0.0000710 seconds
247.216: Application time: 0.0189210 seconds
247.216: [GC [PSYoungGen: 105008K->12544K(107520K)] 220838K->128374K(352256K), 0.0048920 secs] [Times: user=0.03 sys=0.00, real=0.00 secs] 
247.221: Total time for which application threads were stopped: 0.0050910 seconds, Stopping threads took: 0.0000960 seconds
247.261: Application time: 0.0400620 seconds
247.261: [GC [PSYoungGen: 105216K->13296K(107520K)] 221046K->133617K(352256K), 0.0067810 secs] [Times: user=0.04 sys=0.00, real=0.01 secs] 
247.268: Total time for which application threads were stopped: 0.0069670 seconds, Stopping threads took: 0.0000840 seconds
247.299: Application time: 0.0306060 seconds
247.299: [GC [PSYoungGen: 105968K->7856K(107520K)] 226289K->128282K(352256K), 0.0031650 secs] [Times: user=0.02 sys=0.00, real=0.00 secs] 
247.302: Total time for which application threads were stopped: 0.0033570 seconds, Stopping threads took: 0.0000810 seconds
247.344: Application time: 0.0418860 seconds
247.344: [GC [PSYoungGen: 100528K->7840K(107520K)] 220954K->128266K(352256K), 0.0032770 secs] [Times: user=0.02 sys=0.00, real=0.01 secs] 
247.347: Total time for which application threads were stopped: 0.0035040 seconds, Stopping threads took: 0.0001230 seconds
247.380: Application time: 0.0327760 seconds
247.380: [GC [PSYoungGen: 100512K->7856K(107520K)] 220938K->128290K(352256K), 0.0031450 secs] [Times: user=0.02 sys=0.00, real=0.00 secs] 
247.383: Total time for which application threads were stopped: 0.0033170 seconds, Stopping threads took: 0.0000670 seconds
247.412: Application time: 0.0288780 seconds
247.412: [GC [PSYoungGen: 100528K->7776K(107520K)] 220962K->128442K(352256K), 0.0113100 secs] [Times: user=0.08 sys=0.00, real=0.01 secs] 
247.424: Total time for which application threads were stopped: 0.0115070 seconds, Stopping threads took: 0.0000850 seconds
247.452: Application time: 0.0277770 seconds
247.452: [GC [PSYoungGen: 100448K->7824K(107520K)] 221114K->128538K(352256K), 0.0032790 secs] [Times: user=0.02 sys=0.00, real=0.01 secs] 
247.455: Total time for which application threads were stopped: 0.0035030 seconds, Stopping threads took: 0.0001240 seconds
247.474: Application time: 0.0184970 seconds
247.474: [GC [PSYoungGen: 100496K->7840K(107520K)] 221210K->128554K(352256K), 0.0030920 secs] [Times: user=0.02 sys=0.00, real=0.01 secs] 
247.477: Total time for which application threads were stopped: 0.0032890 seconds, Stopping threads took: 0.0000980 seconds
247.506: Application time: 0.0286980 seconds
247.506: [GC [PSYoungGen: 100512K->11568K(107520K)] 221226K->132282K(352256K), 0.0042510 secs] [Times: user=0.03 sys=0.00, real=0.01 secs] 
247.510: Total time for which application threads were stopped: 0.0044290 seconds, Stopping threads took: 0.0000770 seconds
247.549: Application time: 0.0393340 seconds
247.549: [GC [PSYoungGen: 104240K->8192K(107520K)] 224954K->128906K(352256K), 0.0032380 secs] [Times: user=0.03 sys=0.00, real=0.00 secs] 
247.553: Total time for which application threads were stopped: 0.0034390 seconds, Stopping threads took: 0.0001000 seconds
247.589: Application time: 0.0364490 seconds
247.589: [GC [PSYoungGen: 100864K->7568K(107520K)] 221578K->128290K(352256K), 0.0031840 secs] [Times: user=0.02 sys=0.00, real=0.00 secs] 
247.593: Total time for which application threads were stopped: 0.0033790 seconds, Stopping threads took: 0.0000870 seconds
247.632: Application time: 0.0392690 seconds
247.632: [GC [PSYoungGen: 100240K->7824K(107520K)] 220962K->128546K(352256K), 0.0031540 secs] [Times: user=0.03 sys=0.00, real=0.01 secs] 
247.635: Total time for which application threads were stopped: 0.0033560 seconds, Stopping threads took: 0.0001020 seconds
247.661: Application time: 0.0253080 seconds
247.662: [GC [PSYoungGen: 100496K->7920K(107520K)] 221218K->128642K(352256K), 0.0032340 secs] [Times: user=0.02 sys=0.00, real=0.00 secs] 
247.665: Total time for which application threads were stopped: 0.0047370 seconds, Stopping threads took: 0.0014050 seconds
247.698: Application time: 0.0330970 seconds
247.698: [GC [PSYoungGen: 100592K->7984K(107520K)] 221314K->128706K(352256K), 0.0032200 secs] [Times: user=0.02 sys=0.00, real=0.00 secs] 
247.702: Total time for which application threads were stopped: 0.0033750 seconds, Stopping threads took: 0.0000580 seconds
247.722: Application time: 0.0204110 seconds
247.722: [GC [PSYoungGen: 100656K->8064K(107520K)] 221378K->128786K(352256K), 0.0032580 secs] [Times: user=0.02 sys=0.00, real=0.00 secs] 
247.726: Total time for which application threads were stopped: 0.0034150 seconds, Stopping threads took: 0.0000660 seconds
247.747: Application time: 0.0215240 seconds
247.747: [GC [PSYoungGen: 100736K->8064K(107520K)] 221458K->128786K(352256K), 0.0032530 secs] [Times: user=0.02 sys=0.00, real=0.00 secs] 
247.751: Total time for which application threads were stopped: 0.0034110 seconds, Stopping threads took: 0.0000640 seconds
247.794: Application time: 0.0432600 seconds
247.794: [GC [PSYoungGen: 100736K->9040K(107520K)] 221458K->129762K(352256K), 0.0033700 secs] [Times: user=0.03 sys=0.00, real=0.00 secs] 
247.797: Total time for which application threads were stopped: 0.0035600 seconds, Stopping threads took: 0.0000750 seconds
247.827: Application time: 0.0298420 seconds
247.827: [GC [PSYoungGen: 101712K->7792K(107520K)] 222434K->128514K(352256K), 0.0030470 secs] [Times: user=0.02 sys=0.00, real=0.00 secs] 
247.830: Total time for which application threads were stopped: 0.0032240 seconds, Stopping threads took: 0.0000760 seconds
247.873: Application time: 0.0429710 seconds
247.874: [GC [PSYoungGen: 100464K->7744K(107520K)] 221186K->128466K(352256K), 0.0032040 secs] [Times: user=0.02 sys=0.00, real=0.01 secs] 
247.877: Total time for which application threads were stopped: 0.0034130 seconds, Stopping threads took: 0.0001050 seconds
247.905: Application time: 0.0284770 seconds
247.905: [GC [PSYoungGen: 100416K->8048K(107520K)] 221138K->128770K(352256K), 0.0031960 secs] [Times: user=0.03 sys=0.00, real=0.01 secs] 
247.909: Total time for which application threads were stopped: 0.0033680 seconds, Stopping threads took: 0.0000680 seconds
247.941: Application time: 0.0322300 seconds
247.941: [GC [PSYoungGen: 100720K->8064K(107520K)] 221442K->128786K(352256K), 0.0031960 secs] [Times: user=0.03 sys=0.00, real=0.00 secs] 
247.944: Total time for which application threads were stopped: 0.0033850 seconds, Stopping threads took: 0.0000630 seconds
247.968: Application time: 0.0241240 seconds
247.969: [GC [PSYoungGen: 100736K->8000K(107520K)] 221458K->128722K(352256K), 0.0031060 secs] [Times: user=0.02 sys=0.00, real=0.00 secs] 
247.972: Total time for which application threads were stopped: 0.0032690 seconds, Stopping threads took: 0.0000580 seconds
247.989: Application time: 0.0176290 seconds
247.989: [GC [PSYoungGen: 100672K->8160K(107520K)] 221394K->128882K(352256K), 0.0032610 secs] [Times: user=0.02 sys=0.00, real=0.00 secs] 
247.993: Total time for which application threads were stopped: 0.0034620 seconds, Stopping threads took: 0.0000990 seconds
248.029: Application time: 0.0358190 seconds
248.029: [GC [PSYoungGen: 100832K->14832K(107520K)] 221554K->141138K(352256K), 0.0079090 secs] [Times: user=0.06 sys=0.00, real=0.01 secs] 
248.037: Total time for which application threads were stopped: 0.0081010 seconds, Stopping threads took: 0.0000800 seconds
248.071: Application time: 0.0347100 seconds
248.074: [GC [PSYoungGen: 107504K->14320K(107520K)] 233810K->140626K(352256K), 0.0060330 secs] [Times: user=0.04 sys=0.00, real=0.00 secs] 
248.080: Total time for which application threads were stopped: 0.0087550 seconds, Stopping threads took: 0.0026160 seconds
248.121: Application time: 0.0403710 seconds
248.121: [GC [PSYoungGen: 106992K->14208K(107520K)] 233298K->140514K(352256K), 0.0060510 secs] [Times: user=0.05 sys=0.00, real=0.01 secs] 
248.127: Total time for which application threads were stopped: 0.0062660 seconds, Stopping threads took: 0.0001150 seconds
248.163: Application time: 0.0357770 seconds
248.163: [GC [PSYoungGen: 106880K->14288K(107520K)] 233186K->140594K(352256K), 0.0062240 secs] [Times: user=0.04 sys=0.00, real=0.01 secs] 
248.169: Total time for which application threads were stopped: 0.0064260 seconds, Stopping threads took: 0.0001020 seconds
248.196: Application time: 0.0271150 seconds
248.196: [GC [PSYoungGen: 106960K->14016K(107520K)] 233266K->140478K(352256K), 0.0058330 secs] [Times: user=0.04 sys=0.00, real=0.00 secs] 
248.202: Total time for which application threads were stopped: 0.0060660 seconds, Stopping threads took: 0.0001290 seconds
248.232: Application time: 0.0298270 seconds
248.232: [GC [PSYoungGen: 106688K->14304K(107520K)] 233150K->140822K(352256K), 0.0057920 secs] [Times: user=0.04 sys=0.00, real=0.01 secs] 
248.238: Total time for which application threads were stopped: 0.0059580 seconds, Stopping threads took: 0.0000640 seconds
248.257: Application time: 0.0188140 seconds
248.257: [GC [PSYoungGen: 106976K->14400K(107520K)] 233494K->140918K(352256K), 0.0056990 secs] [Times: user=0.04 sys=0.00, real=0.00 secs] 
248.263: Total time for which application threads were stopped: 0.0059270 seconds, Stopping threads took: 0.0001220 seconds
248.287: Application time: 0.0241230 seconds
248.287: [GC [PSYoungGen: 107072K->14816K(107520K)] 233590K->142452K(352256K), 0.0063230 secs] [Times: user=0.05 sys=0.00, real=0.00 secs] 
248.293: Total time for which application threads were stopped: 0.0065210 seconds, Stopping threads took: 0.0000940 seconds
248.336: Application time: 0.0426670 seconds
248.336: [GC [PSYoungGen: 107488K->14816K(107520K)] 235124K->142492K(352256K), 0.0059640 secs] [Times: user=0.04 sys=0.00, real=0.00 secs] 
248.342: Total time for which application threads were stopped: 0.0061560 seconds, Stopping threads took: 0.0000860 seconds
248.377: Application time: 0.0344250 seconds
248.377: [GC [PSYoungGen: 107488K->14256K(107520K)] 235164K->141932K(352256K), 0.0058910 secs] [Times: user=0.04 sys=0.00, real=0.00 secs] 
248.383: Total time for which application threads were stopped: 0.0060730 seconds, Stopping threads took: 0.0000790 seconds
248.424: Application time: 0.0409690 seconds
248.424: [GC [PSYoungGen: 106928K->14720K(107520K)] 234604K->142396K(352256K), 0.0059860 secs] [Times: user=0.05 sys=0.00, real=0.01 secs] 
248.430: Total time for which application threads were stopped: 0.0061600 seconds, Stopping threads took: 0.0000740 seconds
248.455: Application time: 0.0251550 seconds
248.455: [GC [PSYoungGen: 107392K->14384K(107520K)] 235068K->142060K(352256K), 0.0059210 secs] [Times: user=0.04 sys=0.00, real=0.00 secs] 
248.461: Total time for which application threads were stopped: 0.0061240 seconds, Stopping threads took: 0.0000790 seconds
248.495: Application time: 0.0343840 seconds
248.496: [GC [PSYoungGen: 107056K->14624K(107520K)] 234732K->142300K(352256K), 0.0060080 secs] [Times: user=0.05 sys=0.00, real=0.00 secs] 
248.502: Total time for which application threads were stopped: 0.0061840 seconds, Stopping threads took: 0.0000730 seconds
248.523: Application time: 0.0209450 seconds
248.523: [GC [PSYoungGen: 107296K->14688K(107520K)] 234972K->142364K(352256K), 0.0060570 secs] [Times: user=0.05 sys=0.00, real=0.01 secs] 
248.529: Total time for which application threads were stopped: 0.0062510 seconds, Stopping threads took: 0.0000920 seconds
248.549: Application time: 0.0199970 seconds
248.549: [GC [PSYoungGen: 107360K->14832K(107520K)] 235036K->143060K(352256K), 0.0061620 secs] [Times: user=0.04 sys=0.00, real=0.01 secs] 
248.555: Total time for which application threads were stopped: 0.0063650 seconds, Stopping threads took: 0.0000980 seconds
248.599: Application time: 0.0436960 seconds
248.599: [GC [PSYoungGen: 107504K->9008K(107520K)] 235732K->144439K(352256K), 0.0060800 secs] [Times: user=0.05 sys=0.00, real=0.00 secs] 
248.605: Total time for which application threads were stopped: 0.0062840 seconds, Stopping threads took: 0.0001010 seconds
248.634: Application time: 0.0288050 seconds
248.634: [GC [PSYoungGen: 101680K->7840K(107520K)] 237111K->143271K(352256K), 0.0033410 secs] [Times: user=0.02 sys=0.00, real=0.00 secs] 
248.638: Total time for which application threads were stopped: 0.0035310 seconds, Stopping threads took: 0.0000900 seconds
248.680: Application time: 0.0428830 seconds
248.681: [GC [PSYoungGen: 100512K->8368K(107520K)] 235943K->143799K(352256K), 0.0037790 secs] [Times: user=0.03 sys=0.00, real=0.00 secs] 
248.684: Total time for which application threads were stopped: 0.0039640 seconds, Stopping threads took: 0.0000870 seconds
248.715: Application time: 0.0304810 seconds
248.715: [GC [PSYoungGen: 101040K->8112K(107520K)] 236471K->143543K(352256K), 0.0034980 secs] [Times: user=0.02 sys=0.00, real=0.00 secs] 
248.719: Total time for which application threads were stopped: 0.0036810 seconds, Stopping threads took: 0.0000830 seconds
248.749: Application time: 0.0308370 seconds
248.750: [GC [PSYoungGen: 100784K->8448K(107520K)] 236215K->143879K(352256K), 0.0036500 secs] [Times: user=0.03 sys=0.00, real=0.00 secs] 
248.753: Total time for which application threads were stopped: 0.0038600 seconds, Stopping threads took: 0.0001120 seconds
248.779: Application time: 0.0259590 seconds
248.779: [GC [PSYoungGen: 101120K->8272K(107520K)] 236551K->143703K(352256K), 0.0034120 secs] [Times: user=0.02 sys=0.00, real=0.00 secs] 
248.783: Total time for which application threads were stopped: 0.0036190 seconds, Stopping threads took: 0.0001090 seconds
248.801: Application time: 0.0180620 seconds
248.801: [GC [PSYoungGen: 100944K->8432K(107520K)] 236375K->143863K(352256K), 0.0034800 secs] [Times: user=0.02 sys=0.00, real=0.00 secs] 
248.805: Total time for which application threads were stopped: 0.0036420 seconds, Stopping threads took: 0.0000620 seconds
248.836: Application time: 0.0318310 seconds
248.837: [GC [PSYoungGen: 101104K->14832K(107520K)] 236535K->151918K(352256K), 0.0064640 secs] [Times: user=0.04 sys=0.00, real=0.00 secs] 
248.843: Total time for which application threads were stopped: 0.0066420 seconds, Stopping threads took: 0.0000750 seconds
248.881: Application time: 0.0377160 seconds
248.881: [GC [PSYoungGen: 107504K->11744K(107520K)] 244590K->148830K(352256K), 0.0047190 secs] [Times: user=0.04 sys=0.00, real=0.00 secs] 
248.886: Total time for which application threads were stopped: 0.0049240 seconds, Stopping threads took: 0.0000990 seconds
248.924: Application time: 0.0383360 seconds
248.924: [GC [PSYoungGen: 104416K->11232K(107520K)] 241502K->148318K(352256K), 0.0115750 secs] [Times: user=0.08 sys=0.00, real=0.02 secs] 
248.936: Total time for which application threads were stopped: 0.0117590 seconds, Stopping threads took: 0.0000890 seconds
248.973: Application time: 0.0375380 seconds
248.974: [GC [PSYoungGen: 103904K->11136K(107520K)] 240990K->148222K(352256K), 0.0044470 secs] [Times: user=0.03 sys=0.00, real=0.01 secs] 
248.978: Total time for which application threads were stopped: 0.0046630 seconds, Stopping threads took: 0.0000960 seconds
249.004: Application time: 0.0255090 seconds
249.004: [GC [PSYoungGen: 103808K->11152K(107520K)] 240894K->148386K(352256K), 0.0045530 secs] [Times: user=0.02 sys=0.00, real=0.01 secs] 
249.009: Total time for which application threads were stopped: 0.0054490 seconds, Stopping threads took: 0.0007880 seconds
249.041: Application time: 0.0317230 seconds
249.041: [GC [PSYoungGen: 103824K->11136K(107520K)] 241058K->148487K(352256K), 0.0043920 secs] [Times: user=0.03 sys=0.00, real=0.00 secs] 
249.045: Total time for which application threads were stopped: 0.0045690 seconds, Stopping threads took: 0.0000730 seconds
249.064: Application time: 0.0186960 seconds
249.064: [GC [PSYoungGen: 103808K->11216K(107520K)] 241159K->148567K(352256K), 0.0043770 secs] [Times: user=0.03 sys=0.00, real=0.01 secs] 
249.069: Total time for which application threads were stopped: 0.0045550 seconds, Stopping threads took: 0.0000750 seconds
249.091: Application time: 0.0222230 seconds
249.091: [GC [PSYoungGen: 103888K->11024K(107520K)] 241239K->148415K(352256K), 0.0043850 secs] [Times: user=0.02 sys=0.00, real=0.01 secs] 
249.095: Total time for which application threads were stopped: 0.0045710 seconds, Stopping threads took: 0.0000840 seconds
249.139: Application time: 0.0434330 seconds
249.139: [GC [PSYoungGen: 103696K->11168K(107520K)] 241087K->148558K(352256K), 0.0043550 secs] [Times: user=0.03 sys=0.00, real=0.00 secs] 
249.143: Total time for which application threads were stopped: 0.0045460 seconds, Stopping threads took: 0.0000880 seconds
249.175: Application time: 0.0318680 seconds
249.175: [GC [PSYoungGen: 103840K->10944K(107520K)] 241230K->148351K(352256K), 0.0043090 secs] [Times: user=0.03 sys=0.00, real=0.00 secs] 
249.180: Total time for which application threads were stopped: 0.0044810 seconds, Stopping threads took: 0.0000670 seconds
249.222: Application time: 0.0426260 seconds
249.222: [GC [PSYoungGen: 103616K->10784K(107520K)] 241023K->148191K(352256K), 0.0043600 secs] [Times: user=0.03 sys=0.00, real=0.01 secs] 
249.227: Total time for which application threads were stopped: 0.0045690 seconds, Stopping threads took: 0.0001070 seconds
249.252: Application time: 0.0254750 seconds
249.252: [GC [PSYoungGen: 103456K->10832K(107520K)] 240863K->148239K(352256K), 0.0041660 secs] [Times: user=0.03 sys=0.00, real=0.01 secs] 
249.257: Total time for which application threads were stopped: 0.0043540 seconds, Stopping threads took: 0.0000870 seconds
249.290: Application time: 0.0337370 seconds
249.291: [GC [PSYoungGen: 103504K->11056K(107520K)] 240911K->148463K(352256K), 0.0044430 secs] [Times: user=0.02 sys=0.00, real=0.01 secs] 
249.295: Total time for which application threads were stopped: 0.0046630 seconds, Stopping threads took: 0.0001160 seconds
249.317: Application time: 0.0223290 seconds
249.318: [GC [PSYoungGen: 103728K->11392K(107520K)] 241135K->148799K(352256K), 0.0043880 secs] [Times: user=0.03 sys=0.00, real=0.00 secs] 
249.322: Total time for which application threads were stopped: 0.0045610 seconds, Stopping threads took: 0.0000610 seconds
249.340: Application time: 0.0181190 seconds
249.342: [GC [PSYoungGen: 104064K->11552K(107520K)] 241471K->148959K(352256K), 0.0044560 secs] [Times: user=0.04 sys=0.00, real=0.01 secs] 
249.347: Total time for which application threads were stopped: 0.0063730 seconds, Stopping threads took: 0.0018120 seconds
249.386: Application time: 0.0393810 seconds
249.386: [GC [PSYoungGen: 104224K->14816K(107520K)] 241631K->155628K(352256K), 0.0068730 secs] [Times: user=0.05 sys=0.00, real=0.00 secs] 
249.393: Total time for which application threads were stopped: 0.0070560 seconds, Stopping threads took: 0.0000820 seconds
249.424: Application time: 0.0314340 seconds
249.425: [GC [PSYoungGen: 107488K->8944K(107520K)] 248300K->150148K(352256K), 0.0038900 secs] [Times: user=0.02 sys=0.00, real=0.01 secs] 
249.428: Total time for which application threads were stopped: 0.0040680 seconds, Stopping threads took: 0.0000750 seconds
249.470: Application time: 0.0415670 seconds
249.470: [GC [PSYoungGen: 101616K->8800K(107520K)] 242820K->150005K(352256K), 0.0036090 secs] [Times: user=0.03 sys=0.00, real=0.00 secs] 
249.474: Total time for which application threads were stopped: 0.0037880 seconds, Stopping threads took: 0.0000790 seconds
249.506: Application time: 0.0326320 seconds
249.507: [GC [PSYoungGen: 101472K->9040K(107520K)] 242677K->150245K(352256K), 0.0035800 secs] [Times: user=0.03 sys=0.00, real=0.00 secs] 
249.510: Total time for which application threads were stopped: 0.0037840 seconds, Stopping threads took: 0.0000720 seconds
249.539: Application time: 0.0290950 seconds
249.540: [GC [PSYoungGen: 101712K->8848K(107520K)] 242917K->150053K(352256K), 0.0036350 secs] [Times: user=0.03 sys=0.00, real=0.00 secs] 
249.543: Total time for which application threads were stopped: 0.0038930 seconds, Stopping threads took: 0.0001550 seconds
249.571: Application time: 0.0273080 seconds
249.574: [GC [PSYoungGen: 101520K->8896K(107520K)] 242725K->150101K(352256K), 0.0035860 secs] [Times: user=0.02 sys=0.00, real=0.00 secs] 
249.578: Total time for which application threads were stopped: 0.0070480 seconds, Stopping threads took: 0.0033630 seconds
249.597: Application time: 0.0189380 seconds
249.597: [GC [PSYoungGen: 101568K->9120K(107520K)] 242773K->150324K(352256K), 0.0035540 secs] [Times: user=0.03 sys=0.00, real=0.00 secs] 
249.600: Total time for which application threads were stopped: 0.0037210 seconds, Stopping threads took: 0.0000670 seconds
249.626: Application time: 0.0261760 seconds
249.627: [GC [PSYoungGen: 101792K->14512K(107520K)] 242996K->155716K(352256K), 0.0056450 secs] [Times: user=0.04 sys=0.00, real=0.00 secs] 
249.632: Total time for which application threads were stopped: 0.0058430 seconds, Stopping threads took: 0.0000950 seconds
249.673: Application time: 0.0406260 seconds
249.673: [GC [PSYoungGen: 107184K->9456K(107520K)] 248388K->150661K(352256K), 0.0037030 secs] [Times: user=0.03 sys=0.00, real=0.01 secs] 
249.677: Total time for which application threads were stopped: 0.0038810 seconds, Stopping threads took: 0.0000750 seconds
249.713: Application time: 0.0360370 seconds
249.713: [GC [PSYoungGen: 102128K->8640K(107520K)] 243333K->149845K(352256K), 0.0038110 secs] [Times: user=0.03 sys=0.00, real=0.01 secs] 
249.717: Total time for which application threads were stopped: 0.0040040 seconds, Stopping threads took: 0.0000920 seconds
249.756: Application time: 0.0393760 seconds
249.756: [GC [PSYoungGen: 101312K->8864K(107520K)] 242517K->150069K(352256K), 0.0038620 secs] [Times: user=0.03 sys=0.00, real=0.00 secs] 
249.760: Total time for which application threads were stopped: 0.0040850 seconds, Stopping threads took: 0.0001220 seconds
249.786: Application time: 0.0256610 seconds
249.786: [GC [PSYoungGen: 101536K->8672K(107520K)] 242741K->150005K(352256K), 0.0039290 secs] [Times: user=0.02 sys=0.00, real=0.00 secs] 
249.790: Total time for which application threads were stopped: 0.0041070 seconds, Stopping threads took: 0.0000820 seconds
249.822: Application time: 0.0324190 seconds
249.823: [GC [PSYoungGen: 101344K->8784K(107520K)] 242677K->150297K(352256K), 0.0038660 secs] [Times: user=0.02 sys=0.00, real=0.01 secs] 
249.827: Total time for which application threads were stopped: 0.0040600 seconds, Stopping threads took: 0.0000980 seconds
249.847: Application time: 0.0203950 seconds
249.847: [GC [PSYoungGen: 101456K->8624K(107520K)] 242969K->150137K(352256K), 0.0037690 secs] [Times: user=0.02 sys=0.00, real=0.00 secs] 
249.851: Total time for which application threads were stopped: 0.0039510 seconds, Stopping threads took: 0.0000920 seconds
249.872: Application time: 0.0210480 seconds
249.872: [GC [PSYoungGen: 101296K->9088K(107520K)] 242809K->150601K(352256K), 0.0037310 secs] [Times: user=0.02 sys=0.00, real=0.01 secs] 
249.876: Total time for which application threads were stopped: 0.0039250 seconds, Stopping threads took: 0.0000930 seconds
249.918: Application time: 0.0416760 seconds
249.918: [GC [PSYoungGen: 101760K->9728K(107520K)] 243273K->152321K(352256K), 0.0040490 secs] [Times: user=0.03 sys=0.00, real=0.00 secs] 
249.922: Total time for which application threads were stopped: 0.0042610 seconds, Stopping threads took: 0.0001080 seconds
249.953: Application time: 0.0310180 seconds
249.953: [GC [PSYoungGen: 102400K->7744K(107520K)] 244993K->150337K(352256K), 0.0031220 secs] [Times: user=0.02 sys=0.00, real=0.01 secs] 
249.956: Total time for which application threads were stopped: 0.0033370 seconds, Stopping threads took: 0.0001020 seconds
249.999: Application time: 0.0423270 seconds
249.999: [GC [PSYoungGen: 100416K->7792K(107520K)] 243009K->150385K(352256K), 0.0031380 secs] [Times: user=0.02 sys=0.00, real=0.00 secs] 
250.002: Total time for which application threads were stopped: 0.0033450 seconds, Stopping threads took: 0.0001040 seconds
250.032: Application time: 0.0297960 seconds
250.032: [GC [PSYoungGen: 100464K->7696K(107520K)] 243057K->150289K(352256K), 0.0031560 secs] [Times: user=0.02 sys=0.00, real=0.01 secs] 
250.035: Total time for which application threads were stopped: 0.0033310 seconds, Stopping threads took: 0.0000510 seconds
250.066: Application time: 0.0305290 seconds
250.066: [GC [PSYoungGen: 100368K->8000K(107520K)] 242961K->150593K(352256K), 0.0031750 secs] [Times: user=0.02 sys=0.00, real=0.01 secs] 
250.069: Total time for which application threads were stopped: 0.0033690 seconds, Stopping threads took: 0.0000920 seconds
250.093: Application time: 0.0237170 seconds
250.093: [GC [PSYoungGen: 100672K->7888K(107520K)] 243265K->150481K(352256K), 0.0032880 secs] [Times: user=0.02 sys=0.00, real=0.01 secs] 
250.096: Total time for which application threads were stopped: 0.0034710 seconds, Stopping threads took: 0.0000830 seconds
250.115: Application time: 0.0188950 seconds
250.115: [GC [PSYoungGen: 100560K->8112K(107520K)] 243153K->150705K(352256K), 0.0031960 secs] [Times: user=0.01 sys=0.02, real=0.00 secs] 
250.118: Total time for which application threads were stopped: 0.0033690 seconds, Stopping threads took: 0.0000750 seconds
250.154: Application time: 0.0352960 seconds
250.154: [GC [PSYoungGen: 100784K->14560K(107520K)] 243377K->157153K(352256K), 0.0056280 secs] [Times: user=0.04 sys=0.00, real=0.01 secs] 
250.159: Total time for which application threads were stopped: 0.0058240 seconds, Stopping threads took: 0.0000950 seconds
250.194: Application time: 0.0347510 seconds
250.194: [GC [PSYoungGen: 107232K->8064K(107520K)] 249825K->150657K(352256K), 0.0032590 secs] [Times: user=0.02 sys=0.00, real=0.00 secs] 
250.198: Total time for which application threads were stopped: 0.0034610 seconds, Stopping threads took: 0.0000990 seconds
250.236: Application time: 0.0386650 seconds
250.236: [GC [PSYoungGen: 100736K->7728K(107520K)] 243329K->150321K(352256K), 0.0032790 secs] [Times: user=0.01 sys=0.00, real=0.00 secs] 
250.240: Total time for which application threads were stopped: 0.0034620 seconds, Stopping threads took: 0.0000820 seconds
250.275: Application time: 0.0347190 seconds
250.275: [GC [PSYoungGen: 100400K->8032K(107520K)] 242993K->150625K(352256K), 0.0033110 secs] [Times: user=0.02 sys=0.00, real=0.00 secs] 
250.278: Total time for which application threads were stopped: 0.0035170 seconds, Stopping threads took: 0.0001060 seconds
250.307: Application time: 0.0287070 seconds
250.307: [GC [PSYoungGen: 100704K->7888K(107520K)] 243297K->150481K(352256K), 0.0032050 secs] [Times: user=0.03 sys=0.00, real=0.00 secs] 
250.310: Total time for which application threads were stopped: 0.0033600 seconds, Stopping threads took: 0.0000520 seconds
250.338: Application time: 0.0279540 seconds
250.338: [GC [PSYoungGen: 100560K->7904K(107520K)] 243153K->150497K(352256K), 0.0032060 secs] [Times: user=0.02 sys=0.00, real=0.00 secs] 
250.341: Total time for which application threads were stopped: 0.0034070 seconds, Stopping threads took: 0.0001020 seconds
250.361: Application time: 0.0196140 seconds
250.361: [GC [PSYoungGen: 100576K->8048K(107520K)] 243169K->150641K(352256K), 0.0031170 secs] [Times: user=0.03 sys=0.00, real=0.00 secs] 
250.364: Total time for which application threads were stopped: 0.0033300 seconds, Stopping threads took: 0.0001090 seconds
250.389: Application time: 0.0249560 seconds
250.390: [GC [PSYoungGen: 100720K->12080K(107520K)] 243313K->154673K(352256K), 0.0045280 secs] [Times: user=0.03 sys=0.00, real=0.01 secs] 
250.394: Total time for which application threads were stopped: 0.0046980 seconds, Stopping threads took: 0.0000660 seconds
250.434: Application time: 0.0400580 seconds
250.434: [GC [PSYoungGen: 104752K->10192K(107520K)] 247345K->152785K(352256K), 0.0116220 secs] [Times: user=0.08 sys=0.00, real=0.01 secs] 
250.446: Total time for which application threads were stopped: 0.0117920 seconds, Stopping threads took: 0.0000770 seconds
250.481: Application time: 0.0346440 seconds
250.481: [GC [PSYoungGen: 102864K->7840K(107520K)] 245457K->150433K(352256K), 0.0031810 secs] [Times: user=0.02 sys=0.00, real=0.00 secs] 
250.484: Total time for which application threads were stopped: 0.0033880 seconds, Stopping threads took: 0.0001040 seconds
250.524: Application time: 0.0397820 seconds
250.524: [GC [PSYoungGen: 100512K->7904K(107520K)] 243105K->150497K(352256K), 0.0032190 secs] [Times: user=0.03 sys=0.00, real=0.01 secs] 
250.527: Total time for which application threads were stopped: 0.0034030 seconds, Stopping threads took: 0.0000820 seconds
250.555: Application time: 0.0273650 seconds
250.558: [GC [PSYoungGen: 100576K->7680K(107520K)] 243169K->150397K(352256K), 0.0032160 secs] [Times: user=0.02 sys=0.00, real=0.00 secs] 
250.561: Total time for which application threads were stopped: 0.0067280 seconds, Stopping threads took: 0.0033960 seconds
250.593: Application time: 0.0313980 seconds
250.593: [GC [PSYoungGen: 100352K->7680K(107520K)] 243069K->150577K(352256K), 0.0032660 secs] [Times: user=0.02 sys=0.00, real=0.01 secs] 
250.596: Total time for which application threads were stopped: 0.0034550 seconds, Stopping threads took: 0.0000890 seconds
250.618: Application time: 0.0220560 seconds
250.618: [GC [PSYoungGen: 100352K->7632K(107520K)] 243249K->150529K(352256K), 0.0031420 secs] [Times: user=0.02 sys=0.00, real=0.00 secs] 
250.622: Total time for which application threads were stopped: 0.0033390 seconds, Stopping threads took: 0.0001050 seconds
250.643: Application time: 0.0216020 seconds
250.643: [GC [PSYoungGen: 100304K->8512K(107520K)] 243201K->151409K(352256K), 0.0032480 secs] [Times: user=0.02 sys=0.00, real=0.01 secs] 
250.647: Total time for which application threads were stopped: 0.0034230 seconds, Stopping threads took: 0.0000740 seconds
250.684: Application time: 0.0378850 seconds
250.685: [GC [PSYoungGen: 101184K->10832K(107520K)] 244081K->153729K(352256K), 0.0041250 secs] [Times: user=0.03 sys=0.00, real=0.01 secs] 
250.689: Total time for which application threads were stopped: 0.0042980 seconds, Stopping threads took: 0.0000680 seconds
250.721: Application time: 0.0323360 seconds
250.721: [GC [PSYoungGen: 103504K->7664K(107520K)] 246401K->150569K(352256K), 0.0032590 secs] [Times: user=0.02 sys=0.00, real=0.00 secs] 
250.725: Total time for which application threads were stopped: 0.0034290 seconds, Stopping threads took: 0.0000660 seconds
250.766: Application time: 0.0411810 seconds
250.766: [GC [PSYoungGen: 100336K->7504K(107520K)] 243241K->150409K(352256K), 0.0031410 secs] [Times: user=0.02 sys=0.00, real=0.01 secs] 
250.769: Total time for which application threads were stopped: 0.0033400 seconds, Stopping threads took: 0.0000920 seconds
250.800: Application time: 0.0312900 seconds
250.800: [GC [PSYoungGen: 100176K->7648K(107520K)] 243081K->150553K(352256K), 0.0032540 secs] [Times: user=0.02 sys=0.00, real=0.00 secs] 
250.804: Total time for which application threads were stopped: 0.0034220 seconds, Stopping threads took: 0.0000630 seconds
250.834: Application time: 0.0299110 seconds
250.834: [GC [PSYoungGen: 100320K->7664K(107520K)] 243225K->150569K(352256K), 0.0032840 secs] [Times: user=0.03 sys=0.01, real=0.01 secs] 
250.837: Total time for which application threads were stopped: 0.0034950 seconds, Stopping threads took: 0.0001080 seconds
250.863: Application time: 0.0255990 seconds
250.863: [GC [PSYoungGen: 100336K->7808K(107520K)] 243241K->150713K(352256K), 0.0032160 secs] [Times: user=0.02 sys=0.00, real=0.01 secs] 
250.866: Total time for which application threads were stopped: 0.0033870 seconds, Stopping threads took: 0.0000750 seconds
250.886: Application time: 0.0198220 seconds
250.886: [GC [PSYoungGen: 100480K->8432K(107520K)] 243385K->151337K(352256K), 0.0033630 secs] [Times: user=0.02 sys=0.00, real=0.00 secs] 
250.890: Total time for which application threads were stopped: 0.0035840 seconds, Stopping threads took: 0.0001120 seconds
250.921: Application time: 0.0316300 seconds
250.921: [GC [PSYoungGen: 101104K->13952K(107520K)] 244009K->156857K(352256K), 0.0052250 secs] [Times: user=0.03 sys=0.00, real=0.01 secs] 
250.927: Total time for which application threads were stopped: 0.0054080 seconds, Stopping threads took: 0.0000790 seconds
250.963: Application time: 0.0364920 seconds
250.963: [GC [PSYoungGen: 106624K->8736K(107520K)] 249529K->151641K(352256K), 0.0034070 secs] [Times: user=0.02 sys=0.00, real=0.01 secs] 
250.967: Total time for which application threads were stopped: 0.0035960 seconds, Stopping threads took: 0.0000850 seconds
251.004: Application time: 0.0376060 seconds
251.004: [GC [PSYoungGen: 101408K->7952K(107520K)] 244313K->150857K(352256K), 0.0031800 secs] [Times: user=0.02 sys=0.00, real=0.01 secs] 
251.008: Total time for which application threads were stopped: 0.0033520 seconds, Stopping threads took: 0.0000720 seconds
251.045: Application time: 0.0373290 seconds
251.045: [GC [PSYoungGen: 100624K->8112K(107520K)] 243529K->151017K(352256K), 0.0031520 secs] [Times: user=0.02 sys=0.00, real=0.01 secs] 
251.048: Total time for which application threads were stopped: 0.0033670 seconds, Stopping threads took: 0.0001110 seconds
251.076: Application time: 0.0275630 seconds
251.076: [GC [PSYoungGen: 100784K->7776K(107520K)] 243689K->150681K(352256K), 0.0032520 secs] [Times: user=0.02 sys=0.00, real=0.00 secs] 
251.079: Total time for which application threads were stopped: 0.0034440 seconds, Stopping threads took: 0.0000730 seconds
251.109: Application time: 0.0293020 seconds
251.109: [GC [PSYoungGen: 100448K->7856K(107520K)] 243353K->150761K(352256K), 0.0031230 secs] [Times: user=0.02 sys=0.00, real=0.00 secs] 
251.112: Total time for which application threads were stopped: 0.0033310 seconds, Stopping threads took: 0.0001040 seconds
251.133: Application time: 0.0211680 seconds
251.133: [GC [PSYoungGen: 100528K->8048K(107520K)] 243433K->150953K(352256K), 0.0031320 secs] [Times: user=0.02 sys=0.00, real=0.01 secs] 
251.136: Total time for which application threads were stopped: 0.0032970 seconds, Stopping threads took: 0.0000600 seconds
251.159: Application time: 0.0227490 seconds
251.159: [GC [PSYoungGen: 100720K->9936K(107520K)] 243625K->152841K(352256K), 0.0038440 secs] [Times: user=0.02 sys=0.00, real=0.00 secs] 
251.163: Total time for which application threads were stopped: 0.0040060 seconds, Stopping threads took: 0.0000610 seconds
251.204: Application time: 0.0409830 seconds
251.204: [GC [PSYoungGen: 102608K->10176K(107520K)] 245513K->153081K(352256K), 0.0039480 secs] [Times: user=0.03 sys=0.00, real=0.01 secs] 
251.208: Total time for which application threads were stopped: 0.0041350 seconds, Stopping threads took: 0.0000840 seconds
251.241: Application time: 0.0325490 seconds
251.241: [GC [PSYoungGen: 102848K->7744K(107520K)] 245753K->150649K(352256K), 0.0031290 secs] [Times: user=0.02 sys=0.00, real=0.00 secs] 
251.244: Total time for which application threads were stopped: 0.0033240 seconds, Stopping threads took: 0.0000950 seconds
251.285: Application time: 0.0411080 seconds
251.286: [GC [PSYoungGen: 100416K->8160K(107520K)] 243321K->151065K(352256K), 0.0033810 secs] [Times: user=0.02 sys=0.00, real=0.01 secs] 
251.289: Total time for which application threads were stopped: 0.0035680 seconds, Stopping threads took: 0.0000870 seconds
251.318: Application time: 0.0294190 seconds
251.318: [GC [PSYoungGen: 100832K->7808K(107520K)] 243737K->150825K(352256K), 0.0032630 secs] [Times: user=0.02 sys=0.00, real=0.00 secs] 
251.322: Total time for which application threads were stopped: 0.0034460 seconds, Stopping threads took: 0.0000840 seconds
251.352: Application time: 0.0304140 seconds
251.352: [GC [PSYoungGen: 100480K->7776K(107520K)] 243497K->150961K(352256K), 0.0033020 secs] [Times: user=0.02 sys=0.00, real=0.01 secs] 
251.356: Total time for which application threads were stopped: 0.0034880 seconds, Stopping threads took: 0.0000810 seconds
251.379: Application time: 0.0232900 seconds
251.379: [GC [PSYoungGen: 100448K->7792K(107520K)] 243633K->150977K(352256K), 0.0032720 secs] [Times: user=0.02 sys=0.00, real=0.00 secs] 
251.382: Total time for which application threads were stopped: 0.0034820 seconds, Stopping threads took: 0.0001130 seconds
251.404: Application time: 0.0210480 seconds
251.404: [GC [PSYoungGen: 100464K->8448K(107520K)] 243649K->151633K(352256K), 0.0033240 secs] [Times: user=0.02 sys=0.00, real=0.01 secs] 
251.407: Total time for which application threads were stopped: 0.0034880 seconds, Stopping threads took: 0.0000670 seconds
251.442: Application time: 0.0349990 seconds
251.442: [GC [PSYoungGen: 101120K->14832K(107520K)] 244305K->158089K(352256K), 0.0060780 secs] [Times: user=0.05 sys=0.00, real=0.01 secs] 
251.448: Total time for which application threads were stopped: 0.0062620 seconds, Stopping threads took: 0.0000800 seconds
251.483: Application time: 0.0349100 seconds
251.483: [GC [PSYoungGen: 107504K->12096K(107520K)] 250761K->155353K(352256K), 0.0045740 secs] [Times: user=0.03 sys=0.00, real=0.01 secs] 
251.488: Total time for which application threads were stopped: 0.0047390 seconds, Stopping threads took: 0.0000620 seconds
251.528: Application time: 0.0399210 seconds
251.528: [GC [PSYoungGen: 104768K->11552K(107520K)] 248025K->154809K(352256K), 0.0044080 secs] [Times: user=0.03 sys=0.00, real=0.00 secs] 
251.532: Total time for which application threads were stopped: 0.0046240 seconds, Stopping threads took: 0.0001130 seconds
251.566: Application time: 0.0333440 seconds
251.570: [GC [PSYoungGen: 104224K->11488K(107520K)] 247481K->154745K(352256K), 0.0043800 secs] [Times: user=0.03 sys=0.00, real=0.01 secs] 
251.574: Total time for which application threads were stopped: 0.0085630 seconds, Stopping threads took: 0.0040750 seconds
251.603: Application time: 0.0283220 seconds
251.603: [GC [PSYoungGen: 104160K->11632K(107520K)] 247417K->154889K(352256K), 0.0044000 secs] [Times: user=0.03 sys=0.00, real=0.01 secs] 
251.607: Total time for which application threads were stopped: 0.0046040 seconds, Stopping threads took: 0.0000840 seconds
251.636: Application time: 0.0282910 seconds
251.636: [GC [PSYoungGen: 104304K->12000K(107520K)] 247561K->155257K(352256K), 0.0045910 secs] [Times: user=0.03 sys=0.00, real=0.00 secs] 
251.640: Total time for which application threads were stopped: 0.0047740 seconds, Stopping threads took: 0.0000800 seconds
251.661: Application time: 0.0204790 seconds
251.661: [GC [PSYoungGen: 104672K->11760K(107520K)] 247929K->155017K(352256K), 0.0044610 secs] [Times: user=0.03 sys=0.00, real=0.00 secs] 
251.666: Total time for which application threads were stopped: 0.0046350 seconds, Stopping threads took: 0.0000660 seconds
251.691: Application time: 0.0249880 seconds
251.694: [GC [PSYoungGen: 104432K->14816K(107520K)] 247689K->159542K(352256K), 0.0059830 secs] [Times: user=0.04 sys=0.00, real=0.00 secs] 
251.700: Total time for which application threads were stopped: 0.0095190 seconds, Stopping threads took: 0.0034300 seconds
251.741: Application time: 0.0412140 seconds
251.741: [GC [PSYoungGen: 107488K->14736K(107520K)] 252214K->159462K(352256K), 0.0054700 secs] [Times: user=0.04 sys=0.00, real=0.01 secs] 
251.747: Total time for which application threads were stopped: 0.0056550 seconds, Stopping threads took: 0.0000810 seconds
251.781: Application time: 0.0343750 seconds
251.781: [GC [PSYoungGen: 107408K->13648K(107520K)] 252134K->158374K(352256K), 0.0053100 secs] [Times: user=0.04 sys=0.00, real=0.01 secs] 
251.787: Total time for which application threads were stopped: 0.0054900 seconds, Stopping threads took: 0.0000740 seconds
251.826: Application time: 0.0389650 seconds
251.826: [GC [PSYoungGen: 106320K->13472K(107520K)] 251046K->158198K(352256K), 0.0052690 secs] [Times: user=0.04 sys=0.00, real=0.00 secs] 
251.831: Total time for which application threads were stopped: 0.0054820 seconds, Stopping threads took: 0.0000990 seconds
251.859: Application time: 0.0273070 seconds
251.862: [GC [PSYoungGen: 106144K->13472K(107520K)] 250870K->158198K(352256K), 0.0053480 secs] [Times: user=0.04 sys=0.00, real=0.01 secs] 
251.867: Total time for which application threads were stopped: 0.0088680 seconds, Stopping threads took: 0.0034160 seconds
251.897: Application time: 0.0299960 seconds
251.898: [GC [PSYoungGen: 106144K->13696K(107520K)] 250870K->158422K(352256K), 0.0053030 secs] [Times: user=0.04 sys=0.00, real=0.00 secs] 
251.903: Total time for which application threads were stopped: 0.0055330 seconds, Stopping threads took: 0.0001270 seconds
251.926: Application time: 0.0233350 seconds
251.930: [GC [PSYoungGen: 106368K->14240K(107520K)] 251094K->158966K(352256K), 0.0054340 secs] [Times: user=0.04 sys=0.00, real=0.01 secs] 
251.935: Total time for which application threads were stopped: 0.0091950 seconds, Stopping threads took: 0.0036560 seconds
251.958: Application time: 0.0221180 seconds
251.958: [GC [PSYoungGen: 106912K->14832K(107520K)] 251638K->160438K(352256K), 0.0059810 secs] [Times: user=0.05 sys=0.00, real=0.00 secs] 
251.964: Total time for which application threads were stopped: 0.0061640 seconds, Stopping threads took: 0.0000820 seconds
252.001: Application time: 0.0377330 seconds
252.002: [GC [PSYoungGen: 107504K->14832K(107520K)] 253110K->164712K(352256K), 0.0080320 secs] [Times: user=0.05 sys=0.01, real=0.01 secs] 
252.010: Total time for which application threads were stopped: 0.0082090 seconds, Stopping threads took: 0.0000790 seconds
252.043: Application time: 0.0336080 seconds
252.043: [GC [PSYoungGen: 107504K->12896K(107520K)] 257384K->162776K(352256K), 0.0053420 secs] [Times: user=0.03 sys=0.01, real=0.01 secs] 
252.049: Total time for which application threads were stopped: 0.0055330 seconds, Stopping threads took: 0.0000880 seconds
252.090: Application time: 0.0406980 seconds
252.090: [GC [PSYoungGen: 105568K->12848K(107520K)] 255448K->162728K(352256K), 0.0050730 secs] [Times: user=0.04 sys=0.00, real=0.01 secs] 
252.095: Total time for which application threads were stopped: 0.0052810 seconds, Stopping threads took: 0.0001040 seconds
252.127: Application time: 0.0317030 seconds
252.127: [GC [PSYoungGen: 105520K->12928K(107520K)] 255400K->162856K(352256K), 0.0051770 secs] [Times: user=0.03 sys=0.00, real=0.00 secs] 
252.132: Total time for which application threads were stopped: 0.0054080 seconds, Stopping threads took: 0.0001130 seconds
252.161: Application time: 0.0287010 seconds
252.161: [GC [PSYoungGen: 105600K->12832K(107520K)] 255528K->162956K(352256K), 0.0053560 secs] [Times: user=0.04 sys=0.00, real=0.01 secs] 
252.166: Total time for which application threads were stopped: 0.0055440 seconds, Stopping threads took: 0.0000820 seconds
252.191: Application time: 0.0250940 seconds
252.194: [GC [PSYoungGen: 105504K->12896K(107520K)] 255628K->163020K(352256K), 0.0053940 secs] [Times: user=0.04 sys=0.00, real=0.00 secs] 
252.199: Total time for which application threads were stopped: 0.0081610 seconds, Stopping threads took: 0.0026660 seconds
252.220: Application time: 0.0209420 seconds
252.221: [GC [PSYoungGen: 105568K->12912K(107520K)] 255692K->163036K(352256K), 0.0051570 secs] [Times: user=0.04 sys=0.00, real=0.00 secs] 
252.226: Total time for which application threads were stopped: 0.0053570 seconds, Stopping threads took: 0.0000920 seconds
252.258: Application time: 0.0317940 seconds
252.258: [GC [PSYoungGen: 105584K->13056K(107520K)] 255708K->165306K(352256K), 0.0059150 secs] [Times: user=0.04 sys=0.00, real=0.00 secs] 
252.264: Total time for which application threads were stopped: 0.0060970 seconds, Stopping threads took: 0.0000750 seconds
252.300: Application time: 0.0366900 seconds
252.300: [GC [PSYoungGen: 105728K->10880K(107520K)] 257978K->163162K(352256K), 0.0043410 secs] [Times: user=0.03 sys=0.00, real=0.00 secs] 
252.305: Total time for which application threads were stopped: 0.0045250 seconds, Stopping threads took: 0.0000770 seconds
252.343: Application time: 0.0377920 seconds
252.343: [GC [PSYoungGen: 103552K->10624K(107520K)] 255834K->162906K(352256K), 0.0043470 secs] [Times: user=0.03 sys=0.00, real=0.01 secs] 
252.347: Total time for which application threads were stopped: 0.0045290 seconds, Stopping threads took: 0.0000780 seconds
252.383: Application time: 0.0358860 seconds
252.386: [GC [PSYoungGen: 103296K->10528K(107520K)] 255578K->162810K(352256K), 0.0043710 secs] [Times: user=0.02 sys=0.00, real=0.00 secs] 
252.390: Total time for which application threads were stopped: 0.0073210 seconds, Stopping threads took: 0.0028450 seconds
252.417: Application time: 0.0269570 seconds
252.418: [GC [PSYoungGen: 103200K->10928K(107520K)] 255482K->163218K(352256K), 0.0044480 secs] [Times: user=0.03 sys=0.00, real=0.00 secs] 
252.422: Total time for which application threads were stopped: 0.0046680 seconds, Stopping threads took: 0.0001170 seconds
252.452: Application time: 0.0300160 seconds
252.452: [GC [PSYoungGen: 103600K->10896K(107520K)] 255890K->163186K(352256K), 0.0043670 secs] [Times: user=0.03 sys=0.00, real=0.01 secs] 
252.457: Total time for which application threads were stopped: 0.0045720 seconds, Stopping threads took: 0.0001020 seconds
252.478: Application time: 0.0214660 seconds
252.478: [GC [PSYoungGen: 103568K->10944K(107520K)] 255858K->163234K(352256K), 0.0043240 secs] [Times: user=0.03 sys=0.00, real=0.00 secs] 
252.483: Total time for which application threads were stopped: 0.0045390 seconds, Stopping threads took: 0.0001130 seconds
252.506: Application time: 0.0235420 seconds
252.506: [GC [PSYoungGen: 103616K->11696K(107520K)] 255906K->164968K(352256K), 0.0049310 secs] [Times: user=0.04 sys=0.00, real=0.00 secs] 
252.511: Total time for which application threads were stopped: 0.0051310 seconds, Stopping threads took: 0.0000970 seconds
252.551: Application time: 0.0399900 seconds
252.551: [GC [PSYoungGen: 104368K->9280K(107520K)] 257640K->164702K(352256K), 0.0044790 secs] [Times: user=0.03 sys=0.00, real=0.01 secs] 
252.556: Total time for which application threads were stopped: 0.0046580 seconds, Stopping threads took: 0.0000700 seconds
252.589: Application time: 0.0333700 seconds
252.589: [GC [PSYoungGen: 101952K->7920K(107520K)] 257374K->163342K(352256K), 0.0032800 secs] [Times: user=0.02 sys=0.00, real=0.00 secs] 
252.593: Total time for which application threads were stopped: 0.0034680 seconds, Stopping threads took: 0.0000940 seconds
252.633: Application time: 0.0400380 seconds
252.633: [GC [PSYoungGen: 100592K->7920K(107520K)] 256014K->163342K(352256K), 0.0033620 secs] [Times: user=0.02 sys=0.00, real=0.01 secs] 
252.636: Total time for which application threads were stopped: 0.0035580 seconds, Stopping threads took: 0.0000820 seconds
252.667: Application time: 0.0306230 seconds
252.667: [GC [PSYoungGen: 100592K->7856K(107520K)] 256014K->163278K(352256K), 0.0034440 secs] [Times: user=0.03 sys=0.00, real=0.00 secs] 
252.671: Total time for which application threads were stopped: 0.0036330 seconds, Stopping threads took: 0.0000960 seconds
252.699: Application time: 0.0280340 seconds
252.699: [GC [PSYoungGen: 100528K->7792K(107520K)] 255950K->163214K(352256K), 0.0032410 secs] [Times: user=0.02 sys=0.00, real=0.00 secs] 
252.702: Total time for which application threads were stopped: 0.0034460 seconds, Stopping threads took: 0.0001090 seconds
252.726: Application time: 0.0233680 seconds
252.726: [GC [PSYoungGen: 100464K->7952K(107520K)] 255886K->163374K(352256K), 0.0032080 secs] [Times: user=0.02 sys=0.00, real=0.01 secs] 
252.729: Total time for which application threads were stopped: 0.0033810 seconds, Stopping threads took: 0.0000730 seconds
252.750: Application time: 0.0208910 seconds
252.750: [GC [PSYoungGen: 100624K->9952K(107520K)] 256046K->165374K(352256K), 0.0039390 secs] [Times: user=0.03 sys=0.00, real=0.01 secs] 
252.754: Total time for which application threads were stopped: 0.0041410 seconds, Stopping threads took: 0.0000980 seconds
252.790: Application time: 0.0358740 seconds
252.790: [GC [PSYoungGen: 102624K->12992K(107520K)] 258046K->168414K(352256K), 0.0049590 secs] [Times: user=0.03 sys=0.00, real=0.01 secs] 
252.795: Total time for which application threads were stopped: 0.0051440 seconds, Stopping threads took: 0.0000760 seconds
252.830: Application time: 0.0348220 seconds
252.830: [GC [PSYoungGen: 105664K->8128K(107520K)] 261086K->163550K(352256K), 0.0031760 secs] [Times: user=0.03 sys=0.00, real=0.00 secs] 
252.833: Total time for which application threads were stopped: 0.0033600 seconds, Stopping threads took: 0.0000740 seconds
252.873: Application time: 0.0398230 seconds
252.873: [GC [PSYoungGen: 100800K->7760K(107520K)] 256222K->163182K(352256K), 0.0030930 secs] [Times: user=0.02 sys=0.00, real=0.01 secs] 
252.876: Total time for which application threads were stopped: 0.0033000 seconds, Stopping threads took: 0.0001020 seconds
252.909: Application time: 0.0322940 seconds
252.910: [GC [PSYoungGen: 100432K->7680K(107520K)] 255854K->163150K(352256K), 0.0030810 secs] [Times: user=0.02 sys=0.00, real=0.00 secs] 
252.913: Total time for which application threads were stopped: 0.0045410 seconds, Stopping threads took: 0.0013570 seconds
252.942: Application time: 0.0286030 seconds
252.942: [GC [PSYoungGen: 100352K->7600K(107520K)] 255822K->163250K(352256K), 0.0030850 secs] [Times: user=0.02 sys=0.01, real=0.00 secs] 
252.945: Total time for which application threads were stopped: 0.0032790 seconds, Stopping threads took: 0.0000890 seconds
252.971: Application time: 0.0263250 seconds
252.971: [GC [PSYoungGen: 100272K->7520K(107520K)] 255922K->163250K(352256K), 0.0029880 secs] [Times: user=0.02 sys=0.00, real=0.01 secs] 
252.974: Total time for which application threads were stopped: 0.0031680 seconds, Stopping threads took: 0.0000750 seconds
252.995: Application time: 0.0206560 seconds
252.995: [GC [PSYoungGen: 100192K->7440K(107520K)] 255922K->163170K(352256K), 0.0029270 secs] [Times: user=0.02 sys=0.00, real=0.00 secs] 
252.998: Total time for which application threads were stopped: 0.0031280 seconds, Stopping threads took: 0.0000950 seconds
253.026: Application time: 0.0277450 seconds
253.026: [GC [PSYoungGen: 100112K->12512K(107520K)] 255842K->168242K(352256K), 0.0047400 secs] [Times: user=0.04 sys=0.00, real=0.00 secs] 
253.031: Total time for which application threads were stopped: 0.0049120 seconds, Stopping threads took: 0.0000700 seconds
253.071: Application time: 0.0396450 seconds
253.071: [GC [PSYoungGen: 105184K->7856K(107520K)] 260914K->163594K(352256K), 0.0032190 secs] [Times: user=0.02 sys=0.00, real=0.01 secs] 
253.074: Total time for which application threads were stopped: 0.0034190 seconds, Stopping threads took: 0.0001020 seconds
253.109: Application time: 0.0353280 seconds
253.109: [GC [PSYoungGen: 100528K->7696K(107520K)] 256266K->163434K(352256K), 0.0032680 secs] [Times: user=0.02 sys=0.00, real=0.00 secs] 
253.113: Total time for which application threads were stopped: 0.0034560 seconds, Stopping threads took: 0.0000890 seconds
253.150: Application time: 0.0375050 seconds
253.150: [GC [PSYoungGen: 100368K->7664K(107520K)] 256106K->163402K(352256K), 0.0031900 secs] [Times: user=0.02 sys=0.00, real=0.00 secs] 
253.154: Total time for which application threads were stopped: 0.0033890 seconds, Stopping threads took: 0.0000830 seconds
253.182: Application time: 0.0284470 seconds
253.182: [GC [PSYoungGen: 100336K->7616K(107520K)] 256074K->163354K(352256K), 0.0032410 secs] [Times: user=0.02 sys=0.00, real=0.00 secs] 
253.186: Total time for which application threads were stopped: 0.0034410 seconds, Stopping threads took: 0.0001020 seconds
253.214: Application time: 0.0286790 seconds
253.214: [GC [PSYoungGen: 100288K->8032K(107520K)] 256026K->163770K(352256K), 0.0033670 secs] [Times: user=0.02 sys=0.00, real=0.00 secs] 
253.218: Total time for which application threads were stopped: 0.0035490 seconds, Stopping threads took: 0.0000810 seconds
253.240: Application time: 0.0219170 seconds
253.240: [GC [PSYoungGen: 100704K->8032K(107520K)] 256442K->163770K(352256K), 0.0031410 secs] [Times: user=0.02 sys=0.00, real=0.00 secs] 
253.243: Total time for which application threads were stopped: 0.0033440 seconds, Stopping threads took: 0.0000990 seconds
253.266: Application time: 0.0228390 seconds
253.266: [GC [PSYoungGen: 100704K->9616K(107520K)] 256442K->165354K(352256K), 0.0039090 secs] [Times: user=0.03 sys=0.00, real=0.00 secs] 
253.270: Total time for which application threads were stopped: 0.0041020 seconds, Stopping threads took: 0.0000910 seconds
253.307: Application time: 0.0373600 seconds
253.308: [GC [PSYoungGen: 102288K->14032K(107520K)] 258026K->169770K(352256K), 0.0055100 secs] [Times: user=0.04 sys=0.00, real=0.00 secs] 
253.313: Total time for which application threads were stopped: 0.0057050 seconds, Stopping threads took: 0.0000930 seconds
253.347: Application time: 0.0341250 seconds
253.347: [GC [PSYoungGen: 106704K->7744K(107520K)] 262442K->163482K(352256K), 0.0031390 secs] [Times: user=0.02 sys=0.00, real=0.00 secs] 
253.351: Total time for which application threads were stopped: 0.0033560 seconds, Stopping threads took: 0.0001130 seconds
253.392: Application time: 0.0409670 seconds
